06-03 16:15:30.602 11640 11640 W View    : requestLayout() improperly called by helium314.keyboard.latin.panels.BrowserPanelView{27dc891 V.E...... ........ 0,0-1440,2040} during second layout pass: posting in next frame
06-03 16:15:30.593 11640 11640 W com.vibekey.keyboard: type=1400 audit(0.0:93662): avc: denied { nlmsg_readpriv } for comm=536F636B657420546872656164 scontext=u:r:untrusted_app:s0:c78,c271,c512,c768 tcontext=u:r:untrusted_app:s0:c78,c271,c512,c768 tclass=netlink_route_socket permissive=0 bug=b/155595000 app=com.vibekey.keyboard
06-03 16:15:30.615 11640 11640 W View    : requestLayout() improperly called by helium314.keyboard.latin.panels.BrowserPanelView{27dc891 V.E...... ......I. 0,0-1440,2040} during layout: running second layout pass
06-03 16:15:30.619 11640 11640 W View    : requestLayout() improperly called by helium314.keyboard.latin.panels.BrowserPanelView{27dc891 V.E...... ........ 0,0-1440,2040} during second layout pass: posting in next frame
06-03 16:15:30.633 11640 11640 W View    : requestLayout() improperly called by helium314.keyboard.latin.panels.BrowserPanelView{27dc891 V.E...... ......I. 0,0-1440,2040} during layout: running second layout pass
06-03 16:15:30.636 11640 11640 W View    : requestLayout() improperly called by helium314.keyboard.latin.panels.BrowserPanelView{27dc891 V.E...... ........ 0,0-1440,2040} during second layout pass: posting in next frame
06-03 16:15:30.649 11640 11640 W View    : requestLayout() improperly called by helium314.keyboard.latin.panels.BrowserPanelView{27dc891 V.E...... ......I. 0,0-1440,2040} during layout: running second layout pass
06-03 16:15:30.653 11640 11640 W View    : requestLayout() improperly called by helium314.keyboard.latin.panels.BrowserPanelView{27dc891 V.E...... ........ 0,0-1440,2040} during second layout pass: posting in next frame
06-03 16:15:30.668 11640 11640 W View    : requestLayout() improperly called by helium314.keyboard.latin.panels.BrowserPanelView{27dc891 V.E...... ......I. 0,0-1440,2040} during layout: running second layout pass
06-03 16:15:30.671 11640 11640 W View    : requestLayout() improperly called by helium314.keyboard.latin.panels.BrowserPanelView{27dc891 V.E...... ........ 0,0-1440,2040} during second layout pass: posting in next frame
06-03 16:15:30.683 11640 11640 W View    : requestLayout() improperly called by helium314.keyboard.latin.panels.BrowserPanelView{27dc891 V.E...... ......I. 0,0-1440,2040} during layout: running second layout pass
06-03 16:15:30.686 11640 11640 W View    : requestLayout() improperly called by helium314.keyboard.latin.panels.BrowserPanelView{27dc891 V.E...... ........ 0,0-1440,2040} during second layout pass: posting in next frame
06-03 16:15:30.699 11640 11640 W View    : requestLayout() improperly called by helium314.keyboard.latin.panels.BrowserPanelView{27dc891 V.E...... ......I. 0,0-1440,2040} during layout: running second layout pass
06-03 16:15:30.702 11640 11640 W View    : requestLayout() improperly called by helium314.keyboard.latin.panels.BrowserPanelView{27dc891 V.E...... ........ 0,0-1440,2040} during second layout pass: posting in next frame
06-03 16:15:30.716 11640 11640 W View    : requestLayout() improperly called by helium314.keyboard.latin.panels.BrowserPanelView{27dc891 V.E...... ......I. 0,0-1440,2040} during layout: running second layout pass
06-03 16:15:30.719 11640 11640 W View    : requestLayout() improperly called by helium314.keyboard.latin.panels.BrowserPanelView{27dc891 V.E...... ........ 0,0-1440,2040} during second layout pass: posting in next frame
06-03 16:15:30.733 11640 11640 W View    : requestLayout() improperly called by helium314.keyboard.latin.panels.BrowserPanelView{27dc891 V.E...... ......I. 0,0-1440,2040} during layout: running second layout pass
06-03 16:15:30.736 11640 11640 W View    : requestLayout() improperly called by helium314.keyboard.latin.panels.BrowserPanelView{27dc891 V.E...... ........ 0,0-1440,2040} during second layout pass: posting in next frame
06-03 16:15:30.749 11640 11640 W View    : requestLayout() improperly called by helium314.keyboard.latin.panels.BrowserPanelView{27dc891 V.E...... ......I. 0,0-1440,2040} during layout: running second layout pass
06-03 16:15:30.753 11640 11640 W View    : requestLayout() improperly called by helium314.keyboard.latin.panels.BrowserPanelView{27dc891 V.E...... ........ 0,0-1440,2040} during second layout pass: posting in next frame
06-03 16:15:30.766 11640 11640 W View    : requestLayout() improperly called by helium314.keyboard.latin.panels.BrowserPanelView{27dc891 V.E...... ......I. 0,0-1440,2040} during layout: running second layout pass
06-03 16:15:30.771 11640 11640 W View    : requestLayout() improperly called by helium314.keyboard.latin.panels.BrowserPanelView{27dc891 V.E...... ........ 0,0-1440,2040} during second layout pass: posting in next frame
06-03 16:15:30.783 11640 11640 W View    : requestLayout() improperly called by helium314.keyboard.latin.panels.BrowserPanelView{27dc891 V.E...... ......I. 0,0-1440,2040} during layout: running second layout pass
06-03 16:15:30.786 11640 11640 W View    : requestLayout() improperly called by helium314.keyboard.latin.panels.BrowserPanelView{27dc891 V.E...... ........ 0,0-1440,2040} during second layout pass: posting in next frame
06-03 16:15:30.801 11640 11640 W View    : requestLayout() improperly called by helium314.keyboard.latin.panels.BrowserPanelView{27dc891 V.E...... ......I. 0,0-1440,2040} during layout: running second layout pass
06-03 16:15:30.805 11640 11640 W View    : requestLayout() improperly called by helium314.keyboard.latin.panels.BrowserPanelView{27dc891 V.E...... .......D 0,0-1440,2040} during second layout pass: posting in next frame
06-03 16:15:30.818 11640 11640 W View    : requestLayout() improperly called by helium314.keyboard.latin.panels.BrowserPanelView{27dc891 V.E...... ......ID 0,0-1440,2040} during layout: running second layout pass
06-03 16:15:30.822 11640 11640 W View    : requestLayout() improperly called by helium314.keyboard.latin.panels.BrowserPanelView{27dc891 V.E...... ........ 0,0-1440,2040} during second layout pass: posting in next frame
06-03 16:15:30.834 11640 11640 W View    : requestLayout() improperly called by helium314.keyboard.latin.panels.BrowserPanelView{27dc891 V.E...... ......I. 0,0-1440,2040} during layout: running second layout pass
06-03 16:15:30.837 11640 11640 W View    : requestLayout() improperly called by helium314.keyboard.latin.panels.BrowserPanelView{27dc891 V.E...... ........ 0,0-1440,2040} during second layout pass: posting in next frame
06-03 16:15:30.851 11640 11640 W View    : requestLayout() improperly called by helium314.keyboard.latin.panels.BrowserPanelView{27dc891 V.E...... ......I. 0,0-1440,2040} during layout: running second layout pass
06-03 16:15:30.855 11640 11640 W View    : requestLayout() improperly called by helium314.keyboard.latin.panels.BrowserPanelView{27dc891 V.E...... ........ 0,0-1440,2040} during second layout pass: posting in next frame
06-03 16:15:30.867 11640 11640 W View    : requestLayout() improperly called by helium314.keyboard.latin.panels.BrowserPanelView{27dc891 V.E...... ......I. 0,0-1440,2040} during layout: running second layout pass
06-03 16:15:30.870 11640 11640 W View    : requestLayout() improperly called by helium314.keyboard.latin.panels.BrowserPanelView{27dc891 V.E...... ........ 0,0-1440,2040} during second layout pass: posting in next frame
06-03 16:15:30.883 11640 11640 W View    : requestLayout() improperly called by helium314.keyboard.latin.panels.BrowserPanelView{27dc891 V.E...... ......I. 0,0-1440,2040} during layout: running second layout pass
06-03 16:15:30.887 11640 11640 W View    : requestLayout() improperly called by helium314.keyboard.latin.panels.BrowserPanelView{27dc891 V.E...... ........ 0,0-1440,2040} during second layout pass: posting in next frame
06-03 16:15:30.900 11640 11640 W View    : requestLayout() improperly called by helium314.keyboard.latin.panels.BrowserPanelView{27dc891 V.E...... ......I. 0,0-1440,2040} during layout: running second layout pass
06-03 16:15:30.904 11640 11640 W View    : requestLayout() improperly called by helium314.keyboard.latin.panels.BrowserPanelView{27dc891 V.E...... ........ 0,0-1440,2040} during second layout pass: posting in next frame
06-03 16:15:30.918 11640 11640 W View    : requestLayout() improperly called by helium314.keyboard.latin.panels.BrowserPanelView{27dc891 V.E...... ......I. 0,0-1440,2040} during layout: running second layout pass
06-03 16:15:30.923 11640 11640 W View    : requestLayout() improperly called by helium314.keyboard.latin.panels.BrowserPanelView{27dc891 V.E...... ........ 0,0-1440,2040} during second layout pass: posting in next frame
06-03 16:15:30.934 11640 11640 W View    : requestLayout() improperly called by helium314.keyboard.latin.panels.BrowserPanelView{27dc891 V.E...... ......I. 0,0-1440,2040} during layout: running second layout pass
06-03 16:15:30.938 11640 11640 W View    : requestLayout() improperly called by helium314.keyboard.latin.panels.BrowserPanelView{27dc891 V.E...... ........ 0,0-1440,2040} during second layout pass: posting in next frame
06-03 16:15:30.951 11640 11640 W View    : requestLayout() improperly called by helium314.keyboard.latin.panels.BrowserPanelView{27dc891 V.E...... ......I. 0,0-1440,2040} during layout: running second layout pass
06-03 16:15:30.956 11640 11640 W View    : requestLayout() improperly called by helium314.keyboard.latin.panels.BrowserPanelView{27dc891 V.E...... ........ 0,0-1440,2040} during second layout pass: posting in next frame
06-03 16:15:30.967 11640 11640 W View    : requestLayout() improperly called by helium314.keyboard.latin.panels.BrowserPanelView{27dc891 V.E...... ......I. 0,0-1440,2040} during layout: running second layout pass
06-03 16:15:30.977 11640 11640 W View    : requestLayout() improperly called by helium314.keyboard.latin.panels.BrowserPanelView{27dc891 V.E...... ........ 0,0-1440,2040} during second layout pass: posting in next frame
06-03 16:15:30.983 11640 11640 W View    : requestLayout() improperly called by helium314.keyboard.latin.panels.BrowserPanelView{27dc891 V.E...... ......I. 0,0-1440,2040} during layout: running second layout pass
06-03 16:15:30.986 11640 11640 W View    : requestLayout() improperly called by helium314.keyboard.latin.panels.BrowserPanelView{27dc891 V.E...... ........ 0,0-1440,2040} during second layout pass: posting in next frame
06-03 16:15:31.000 11640 11640 W View    : requestLayout() improperly called by helium314.keyboard.latin.panels.BrowserPanelView{27dc891 V.E...... ......ID 0,0-1440,2040} during layout: running second layout pass
06-03 16:15:31.004 11640 11640 W View    : requestLayout() improperly called by helium314.keyboard.latin.panels.BrowserPanelView{27dc891 V.E...... ........ 0,0-1440,2040} during second layout pass: posting in next frame
06-03 16:15:31.017 11640 11640 W View    : requestLayout() improperly called by helium314.keyboard.latin.panels.BrowserPanelView{27dc891 V.E...... ......ID 0,0-1440,2040} during layout: running second layout pass
06-03 16:15:31.021 11640 11640 W View    : requestLayout() improperly called by helium314.keyboard.latin.panels.BrowserPanelView{27dc891 V.E...... ........ 0,0-1440,2040} during second layout pass: posting in next frame
06-03 16:15:31.030  9241  9256 W libc    : Access denied finding property "vendor.oplus.media.vpp.stutter"
06-03 16:15:31.030  9241  9256 E MULTIMEDIAConfig: [getInt32:L80] Not find config, Returning default
06-03 16:15:31.030  9241  9256 E MULTIMEDIAConfig: [getInt32:L80] Not find config, Returning default
06-03 16:15:31.030  9241  9256 E OplusACodec: [OplusACodec:204] mSrOsieMMListCheckResult:0x0 mOsieVersion:1
06-03 16:15:31.033 11640 11640 W View    : requestLayout() improperly called by helium314.keyboard.latin.panels.BrowserPanelView{27dc891 V.E...... ......ID 0,0-1440,2040} during layout: running second layout pass
06-03 16:15:31.039 11640 11640 W View    : requestLayout() improperly called by helium314.keyboard.latin.panels.BrowserPanelView{27dc891 V.E...... ........ 0,0-1440,2040} during second layout pass: posting in next frame
06-03 16:15:31.047  9241 12490 E OplusACodec: [GetVideoCodingTypeFromMime:L1162] mime:video/avc
06-03 16:15:31.050 11640 11640 W View    : requestLayout() improperly called by helium314.keyboard.latin.panels.BrowserPanelView{27dc891 V.E...... ......ID 0,0-1440,2040} during layout: running second layout pass
06-03 16:15:31.051 12203 12221 E Isolated Web Content: [JavaScript Error: "The Notification permission may only be requested from inside a short running user-generated event handler." {file: "https://www.foxnews.com/" line: 0}]
06-03 16:15:31.055 11640 11640 W View    : requestLayout() improperly called by helium314.keyboard.latin.panels.BrowserPanelView{27dc891 V.E...... ........ 0,0-1440,2040} during second layout pass: posting in next frame
06-03 16:15:31.067 11640 11640 W View    : requestLayout() improperly called by helium314.keyboard.latin.panels.BrowserPanelView{27dc891 V.E...... ......ID 0,0-1440,2040} during layout: running second layout pass
06-03 16:15:31.073 11640 11640 W View    : requestLayout() improperly called by helium314.keyboard.latin.panels.BrowserPanelView{27dc891 V.E...... ........ 0,0-1440,2040} during second layout pass: posting in next frame
06-03 16:15:31.076 11640 11640 W GeckoEventDispatcher: No listener for GeckoView:DismissClipboardPermissionRequest
06-03 16:15:31.078 11640 11654 E BLASTBufferQueue: BLASTBufferItemConsumer::onDisconnect()
06-03 16:15:31.078 11640 12022 E GeckoConsole: [JavaScript Error: "TypeError: can't access property "WindowEventDispatcher", win is null" {file: "resource://gre/modules/GeckoViewSessionStore.sys.mjs" line: 149}]
06-03 16:15:31.078 11640 12022 E GeckoConsole: onTabStateUpdate@resource://gre/modules/GeckoViewSessionStore.sys.mjs:149:5
06-03 16:15:31.078 11640 12022 E GeckoConsole: updateSessionStoreFromTabListener@resource://gre/modules/GeckoViewSessionStore.sys.mjs:243:10
06-03 16:15:31.078 11640 12022 E GeckoConsole: SSF_updateSessionStore@resource://gre/modules/SessionStoreFunctions.sys.mjs:46:27
06-03 16:15:31.078 11640 12022 E GeckoConsole: UpdateSessionStore@resource://gre/modules/SessionStoreFunctions.sys.mjs:16:46
06-03 16:15:31.079 11640 12022 E GeckoConsole: [JavaScript Error: "TypeError: can't access property "WindowEventDispatcher", win is null" {file: "resource://gre/modules/GeckoViewSessionStore.sys.mjs" line: 149}]
06-03 16:15:31.079 11640 12022 E GeckoConsole: onTabStateUpdate@resource://gre/modules/GeckoViewSessionStore.sys.mjs:149:5
06-03 16:15:31.079 11640 12022 E GeckoConsole: updateSessionStoreFromTabListener@resource://gre/modules/GeckoViewSessionStore.sys.mjs:243:10
06-03 16:15:31.079 11640 12022 E GeckoConsole: SSF_updateSessionStore@resource://gre/modules/SessionStoreFunctions.sys.mjs:46:27
06-03 16:15:31.079 11640 12022 E GeckoConsole: UpdateSessionStore@resource://gre/modules/SessionStoreFunctions.sys.mjs:16:46
06-03 16:15:31.080 11640 11640 E GeckoView: Failed to detach WindowInsetsListener: 
06-03 16:15:31.080 11640 11640 E GeckoView: java.lang.NullPointerException: Attempt to invoke virtual method 'android.view.Window android.app.Activity.getWindow()' on a null object reference
06-03 16:15:31.080 11640 11640 E GeckoView: 	at org.mozilla.geckoview.GeckoView.detachWindowInsetsListener(r8-map-id-3800f6d44951a68f54bc813a0279d11c7e7041cfdaf5bff3c89ff9a9d4838a62:1)
06-03 16:15:31.080 11640 11640 E GeckoView: 	at org.mozilla.geckoview.GeckoView.onDetachedFromWindow(r8-map-id-3800f6d44951a68f54bc813a0279d11c7e7041cfdaf5bff3c89ff9a9d4838a62:25)
06-03 16:15:31.080 11640 11640 E GeckoView: 	at android.view.View.dispatchDetachedFromWindow(View.java:20955)
06-03 16:15:31.080 11640 11640 E GeckoView: 	at android.view.ViewGroup.dispatchDetachedFromWindow(ViewGroup.java:4014)
06-03 16:15:31.080 11640 11640 E GeckoView: 	at android.view.ViewGroup.removeViewInternal(ViewGroup.java:5660)
06-03 16:15:31.080 11640 11640 E GeckoView: 	at android.view.ViewGroup.removeViewInternal(ViewGroup.java:5631)
06-03 16:15:31.080 11640 11640 E GeckoView: 	at android.view.ViewGroup.removeView(ViewGroup.java:5562)
06-03 16:15:31.080 11640 11640 E GeckoView: 	at helium314.keyboard.latin.panels.BrowserPanelView.F(r8-map-id-3800f6d44951a68f54bc813a0279d11c7e7041cfdaf5bff3c89ff9a9d4838a62:75)
06-03 16:15:31.080 11640 11640 E GeckoView: 	at helium314.keyboard.latin.panels.BrowserPanelView.H0(r8-map-id-3800f6d44951a68f54bc813a0279d11c7e7041cfdaf5bff3c89ff9a9d4838a62:83)
06-03 16:15:31.080 11640 11640 E GeckoView: 	at g7.b0.r(r8-map-id-3800f6d44951a68f54bc813a0279d11c7e7041cfdaf5bff3c89ff9a9d4838a62:149)
06-03 16:15:31.080 11640 11640 E GeckoView: 	at g7.b0.P(r8-map-id-3800f6d44951a68f54bc813a0279d11c7e7041cfdaf5bff3c89ff9a9d4838a62:17)
06-03 16:15:31.080 11640 11640 E GeckoView: 	at y7.q3.a(r8-map-id-3800f6d44951a68f54bc813a0279d11c7e7041cfdaf5bff3c89ff9a9d4838a62:3)
06-03 16:15:31.080 11640 11640 E GeckoView: 	at y7.c2.onClick(r8-map-id-3800f6d44951a68f54bc813a0279d11c7e7041cfdaf5bff3c89ff9a9d4838a62:209)
06-03 16:15:31.080 11640 11640 E GeckoView: 	at android.view.View.performClick(View.java:7488)
06-03 16:15:31.080 11640 11640 E GeckoView: 	at android.view.View.performClickInternal(View.java:7464)
06-03 16:15:31.080 11640 11640 E GeckoView: 	at android.view.View.access$3700(View.java:841)
06-03 16:15:31.080 11640 11640 E GeckoView: 	at android.view.View$PerformClick.run(View.java:28911)
06-03 16:15:31.080 11640 11640 E GeckoView: 	at android.os.Handler.handleCallback(Handler.java:938)
06-03 16:15:31.080 11640 11640 E GeckoView: 	at android.os.Handler.dispatchMessage(Handler.java:99)
06-03 16:15:31.080 11640 11640 E GeckoView: 	at android.os.Looper.loopOnce(Looper.java:233)
06-03 16:15:31.080 11640 11640 E GeckoView: 	at android.os.Looper.loop(Looper.java:344)
06-03 16:15:31.080 11640 11640 E GeckoView: 	at android.app.ActivityThread.main(ActivityThread.java:8212)
06-03 16:15:31.080 11640 11640 E GeckoView: 	at java.lang.reflect.Method.invoke(Native Method)
06-03 16:15:31.080 11640 11640 E GeckoView: 	at com.android.internal.os.RuntimeInit$MethodAndArgsCaller.run(RuntimeInit.java:584)
06-03 16:15:31.080 11640 11640 E GeckoView: 	at com.android.internal.os.ZygoteInit.main(ZygoteInit.java:1034)
06-03 16:15:31.107 12203 12221 W Isolated Web Content: [JavaScript Warning: "Loading failed for the <script> with source “https://cdn.segment.com/analytics.js/v1/null/analytics.min.js”." {file: "https://www.foxnews.com/" line: 1}]
06-03 16:15:31.123 11640 11640 W View    : requestLayout() improperly called by helium314.keyboard.latin.panels.BrowserPanelView{27dc891 G.E...... ......ID 0,0-1440,2040} during second layout pass: posting in next frame
06-03 16:15:31.135 11640 11640 W GeckoSession: No history entries found.
06-03 16:15:31.170 12203 12221 E Isolated Web Content: [JavaScript Error: "TypeError: can't convert undefined to object" {file: "https://cdn.taboola.com/libtrc/foxnews-foxnews/loader.js" line: 1}]
06-03 16:15:31.170 12203 12221 E Isolated Web Content: r@https://cdn.taboola.com/libtrc/foxnews-foxnews/loader.js:1:246702
06-03 16:15:31.170 12203 12221 E Isolated Web Content: Me/<@https://cdn.taboola.com/libtrc/foxnews-foxnews/loader.js:1:390844
06-03 16:15:31.170 12203 12221 E Isolated Web Content: Me@https://cdn.taboola.com/libtrc/foxnews-foxnews/loader.js:1:390944
06-03 16:15:31.170 12203 12221 E Isolated Web Content: Qe/<@https://cdn.taboola.com/libtrc/foxnews-foxnews/loader.js:1:398252
06-03 16:15:31.170 12203 12221 E Isolated Web Content: et/<@https://cdn.taboola.com/libtrc/foxnews-foxnews/loader.js:1:398542
06-03 16:15:31.190  9241  9241 W GeckoMediaManager: unbound while client still active.
06-03 16:15:31.304 12203 12221 W Isolated Web Content: [JavaScript Warning: "The script from “https://wave.outbrain.com/mtWavesBundler/handler/006c2868b0f82265422cd54b22bee6ac2e” was loaded even though its MIME type (“text/html”) is not a valid JavaScript MIME type." {file: "https://www.foxnews.com/" line: 0}]
06-03 16:15:31.377 12504 12504 E .keyboard:tab3: Unknown bits set in runtime_flags: 0x40000000
06-03 16:15:31.439 12203 12221 E Isolated Web Content: [JavaScript Error: "Cookie “_lr_env” has been rejected for invalid domain." {file: "https://www.foxnews.com/" line: 0}]
06-03 16:15:31.453 11640 11640 W com.vibekey.keyboard: type=1400 audit(0.0:93663): avc: denied { nlmsg_readpriv } for comm=536F636B657420546872656164 scontext=u:r:untrusted_app:s0:c78,c271,c512,c768 tcontext=u:r:untrusted_app:s0:c78,c271,c512,c768 tclass=netlink_route_socket permissive=0 bug=b/155595000 app=com.vibekey.keyboard
06-03 16:15:31.471 12523 12523 E .keyboard:tab1: Unknown bits set in runtime_flags: 0x40000000
06-03 16:15:31.484 12504 12533 E GeckoLibLoad: Load sqlite start
06-03 16:15:31.485 12504 12533 E GeckoLibLoad: Load sqlite done
06-03 16:15:31.486 12504 12533 E GeckoLibLoad: Load nss start
06-03 16:15:31.486 12504 12533 E GeckoLibLoad: Load nss done
06-03 16:15:31.496 12504 12533 E GeckoLibLoad: Loaded libs in 10.271094ms total, 5ms(9ms) user, 0ms(0ms) system, 0(0) faults
06-03 16:15:31.496 12504 12533 W GeckoThread: zerdatime 194574357 - runGecko
06-03 16:15:31.483 11640 11640 W com.vibekey.keyboard: type=1400 audit(0.0:93664): avc: denied { nlmsg_readpriv } for comm=536F636B657420546872656164 scontext=u:r:untrusted_app:s0:c78,c271,c512,c768 tcontext=u:r:untrusted_app:s0:c78,c271,c512,c768 tclass=netlink_route_socket permissive=0 bug=b/155595000 app=com.vibekey.keyboard
06-03 16:15:31.503 11640 11640 W com.vibekey.keyboard: type=1400 audit(0.0:93665): avc: denied { nlmsg_readpriv } for comm=536F636B657420546872656164 scontext=u:r:untrusted_app:s0:c78,c271,c512,c768 tcontext=u:r:untrusted_app:s0:c78,c271,c512,c768 tclass=netlink_route_socket permissive=0 bug=b/155595000 app=com.vibekey.keyboard
06-03 16:15:31.556 12523 12550 E GeckoLibLoad: Load sqlite start
06-03 16:15:31.558 12523 12550 E GeckoLibLoad: Load sqlite done
06-03 16:15:31.559 12523 12550 E GeckoLibLoad: Load nss start
06-03 16:15:31.559 12523 12550 E GeckoLibLoad: Load nss done
06-03 16:15:31.598 12523 12550 E GeckoLibLoad: Loaded libs in 39.170834ms total, 3ms(5ms) user, 8ms(6ms) system, 3(3) faults
06-03 16:15:31.598 12523 12550 W GeckoThread: zerdatime 194574459 - runGecko
06-03 16:15:31.617 12504 12533 W Isolated Web Content: [JavaScript Warning: "This page is in Quirks Mode. Page layout may be impacted. For Standards Mode use “<!DOCTYPE html>”." {file: "https://a5728063363743744.cdn.optimizely.com/client_storage/a5728063363743744.html" line: 0}]
06-03 16:15:31.740 11640 11640 W GeckoEventDispatcher: No listener for GeckoView:DismissClipboardPermissionRequest
06-03 16:15:31.741 11640 12022 E GeckoConsole: [JavaScript Error: "TypeError: can't access property "WindowEventDispatcher", win is null" {file: "resource://gre/modules/GeckoViewSessionStore.sys.mjs" line: 149}]
06-03 16:15:31.741 11640 12022 E GeckoConsole: onTabStateUpdate@resource://gre/modules/GeckoViewSessionStore.sys.mjs:149:5
06-03 16:15:31.741 11640 12022 E GeckoConsole: updateSessionStoreFromTabListener@resource://gre/modules/GeckoViewSessionStore.sys.mjs:243:10
06-03 16:15:31.741 11640 12022 E GeckoConsole: SSF_updateSessionStore@resource://gre/modules/SessionStoreFunctions.sys.mjs:46:27
06-03 16:15:31.741 11640 12022 E GeckoConsole: UpdateSessionStore@resource://gre/modules/SessionStoreFunctions.sys.mjs:16:46
06-03 16:15:31.741 11640 12022 E GeckoConsole: [JavaScript Error: "TypeError: can't access property "WindowEventDispatcher", win is null" {file: "resource://gre/modules/GeckoViewSessionStore.sys.mjs" line: 149}]
06-03 16:15:31.741 11640 12022 E GeckoConsole: onTabStateUpdate@resource://gre/modules/GeckoViewSessionStore.sys.mjs:149:5
06-03 16:15:31.741 11640 12022 E GeckoConsole: updateSessionStoreFromTabListener@resource://gre/modules/GeckoViewSessionStore.sys.mjs:243:10
06-03 16:15:31.741 11640 12022 E GeckoConsole: SSF_updateSessionStore@resource://gre/modules/SessionStoreFunctions.sys.mjs:46:27
06-03 16:15:31.741 11640 12022 E GeckoConsole: UpdateSessionStore@resource://gre/modules/SessionStoreFunctions.sys.mjs:16:46
06-03 16:15:31.741 11640 12022 E GeckoConsole: [JavaScript Error: "TypeError: can't access property "WindowEventDispatcher", win is null" {file: "resource://gre/modules/GeckoViewSessionStore.sys.mjs" line: 149}]
06-03 16:15:31.741 11640 12022 E GeckoConsole: onTabStateUpdate@resource://gre/modules/GeckoViewSessionStore.sys.mjs:149:5
06-03 16:15:31.741 11640 12022 E GeckoConsole: updateSessionStoreFromTabListener@resource://gre/modules/GeckoViewSessionStore.sys.mjs:243:10
06-03 16:15:31.741 11640 12022 E GeckoConsole: SSF_updateSessionStore@resource://gre/modules/SessionStoreFunctions.sys.mjs:46:27
06-03 16:15:31.741 11640 12022 E GeckoConsole: UpdateSessionStore@resource://gre/modules/SessionStoreFunctions.sys.mjs:16:46
06-03 16:15:32.377 11640 11640 W GeckoEventDispatcher: No listener for GeckoView:DismissClipboardPermissionRequest
06-03 16:15:32.380 11640 12022 E GeckoConsole: [JavaScript Error: "TypeError: can't access property "WindowEventDispatcher", win is null" {file: "resource://gre/modules/GeckoViewSessionStore.sys.mjs" line: 149}]
06-03 16:15:32.380 11640 12022 E GeckoConsole: onTabStateUpdate@resource://gre/modules/GeckoViewSessionStore.sys.mjs:149:5
06-03 16:15:32.380 11640 12022 E GeckoConsole: updateSessionStoreFromTabListener@resource://gre/modules/GeckoViewSessionStore.sys.mjs:243:10
06-03 16:15:32.380 11640 12022 E GeckoConsole: SSF_updateSessionStore@resource://gre/modules/SessionStoreFunctions.sys.mjs:46:27
06-03 16:15:32.380 11640 12022 E GeckoConsole: UpdateSessionStore@resource://gre/modules/SessionStoreFunctions.sys.mjs:16:46
06-03 16:15:32.380 11640 12022 E GeckoConsole: [JavaScript Error: "TypeError: can't access property "WindowEventDispatcher", win is null" {file: "resource://gre/modules/GeckoViewSessionStore.sys.mjs" line: 149}]
06-03 16:15:32.380 11640 12022 E GeckoConsole: onTabStateUpdate@resource://gre/modules/GeckoViewSessionStore.sys.mjs:149:5
06-03 16:15:32.380 11640 12022 E GeckoConsole: updateSessionStoreFromTabListener@resource://gre/modules/GeckoViewSessionStore.sys.mjs:243:10
06-03 16:15:32.380 11640 12022 E GeckoConsole: SSF_updateSessionStore@resource://gre/modules/SessionStoreFunctions.sys.mjs:46:27
06-03 16:15:32.380 11640 12022 E GeckoConsole: UpdateSessionStore@resource://gre/modules/SessionStoreFunctions.sys.mjs:16:46
06-03 16:15:32.381 11640 12022 E GeckoConsole: [JavaScript Error: "TypeError: can't access property "WindowEventDispatcher", win is null" {file: "resource://gre/modules/GeckoViewSessionStore.sys.mjs" line: 149}]
06-03 16:15:32.381 11640 12022 E GeckoConsole: onTabStateUpdate@resource://gre/modules/GeckoViewSessionStore.sys.mjs:149:5
06-03 16:15:32.381 11640 12022 E GeckoConsole: updateSessionStoreFromTabListener@resource://gre/modules/GeckoViewSessionStore.sys.mjs:243:10
06-03 16:15:32.381 11640 12022 E GeckoConsole: SSF_updateSessionStore@resource://gre/modules/SessionStoreFunctions.sys.mjs:46:27
06-03 16:15:32.381 11640 12022 E GeckoConsole: UpdateSessionStore@resource://gre/modules/SessionStoreFunctions.sys.mjs:16:46
06-03 16:15:32.423 11640 11640 W com.vibekey.keyboard: type=1400 audit(0.0:93666): avc: denied { nlmsg_readpriv } for comm=536F636B657420546872656164 scontext=u:r:untrusted_app:s0:c78,c271,c512,c768 tcontext=u:r:untrusted_app:s0:c78,c271,c512,c768 tclass=netlink_route_socket permissive=0 bug=b/155595000 app=com.vibekey.keyboard
06-03 16:15:32.453 11640 11640 W com.vibekey.keyboard: type=1400 audit(0.0:93667): avc: denied { nlmsg_readpriv } for comm=536F636B657420546872656164 scontext=u:r:untrusted_app:s0:c78,c271,c512,c768 tcontext=u:r:untrusted_app:s0:c78,c271,c512,c768 tclass=netlink_route_socket permissive=0 bug=b/155595000 app=com.vibekey.keyboard
06-03 16:15:32.463 11640 11640 W com.vibekey.keyboard: type=1400 audit(0.0:93668): avc: denied { nlmsg_readpriv } for comm=536F636B657420546872656164 scontext=u:r:untrusted_app:s0:c78,c271,c512,c768 tcontext=u:r:untrusted_app:s0:c78,c271,c512,c768 tclass=netlink_route_socket permissive=0 bug=b/155595000 app=com.vibekey.keyboard
06-03 16:15:32.523 11640 11640 W com.vibekey.keyboard: type=1400 audit(0.0:93670): avc: denied { nlmsg_readpriv } for comm=536F636B657420546872656164 scontext=u:r:untrusted_app:s0:c78,c271,c512,c768 tcontext=u:r:untrusted_app:s0:c78,c271,c512,c768 tclass=netlink_route_socket permissive=0 bug=b/155595000 app=com.vibekey.keyboard
06-03 16:15:32.649 12677 12677 E .keyboard:tab2: Unknown bits set in runtime_flags: 0x40000000
06-03 16:15:32.668 11640 11640 W Settings: Setting transition_animation_scale has moved from android.provider.Settings.System to android.provider.Settings.Global, returning read-only value.
06-03 16:15:32.747 12677 12697 E GeckoLibLoad: Load sqlite start
06-03 16:15:32.748 12677 12697 E GeckoLibLoad: Load sqlite done
06-03 16:15:32.748 12677 12697 E GeckoLibLoad: Load nss start
06-03 16:15:32.748 12677 12697 E GeckoLibLoad: Load nss done
06-03 16:15:32.762 12677 12697 E GeckoLibLoad: Loaded libs in 13.881459ms total, 8ms(9ms) user, 0ms(0ms) system, 0(0) faults
06-03 16:15:32.763 12677 12697 W GeckoThread: zerdatime 194575624 - runGecko
06-03 16:15:32.919 11640 11684 F libc    : Pointer tag for 0xffffffffffffffff was truncated, see 'https://source.android.com/devices/tech/debug/tagged-pointers'.
06-03 16:15:33.064 12726 12726 E libcrashpad_handler_trampoline.so: createInstance(64bit) : createExtendedFactory
06-03 16:15:33.065 12726 12726 E libcrashpad_handler_trampoline.so: createInstance(64bit) : createExtendedFactory
06-03 16:15:33.066 12726 12726 E libcrashpad_handler_trampoline.so: Opened libinputextensionsimpl.so
06-03 16:15:33.066 12726 12726 E libcrashpad_handler_trampoline.so: Opened libinputextensionsimpl.so
06-03 16:15:33.067 12726 12726 E libcrashpad_handler_trampoline.so: createInstance(64bit) : createExtendedFactory
06-03 16:15:33.067 12726 12726 E libcrashpad_handler_trampoline.so: createInstance(64bit) : createExtendedFactory
06-03 16:15:33.067 12726 12726 E libcrashpad_handler_trampoline.so: Opened libsensorextimpl.so
06-03 16:15:33.068 12726 12726 E libcrashpad_handler_trampoline.so: Opened libsensorextimpl.so
06-03 16:15:33.126 12726 12726 E chromium: [0603/161533.125778:ERROR:third_party/crashpad/crashpad/util/process/process_memory_range.cc:75] read out of range
06-03 16:15:37.554 12735 12735 E ibekey.keyboar: Unknown bits set in runtime_flags: 0x40000000
06-03 16:15:37.909 12735 12735 W i0      : Could not load system glide typing library jni_latinimegoogle: dlopen failed: library "libjni_latinimegoogle.so" not found
06-03 16:15:38.166 12735 12735 W v       : No editor info for this field. Bug?
06-03 16:15:38.302 12735 12735 W ibekey.keyboar: ClassLoaderContext classpath size mismatch. expected=1, found=0 (DLC[];PCL[base.apk*4009363210]{PCL[/system/framework/org.apache.http.legacy.jar*3034548894]#PCL[/apex/com.android.extservices/javalib/android.ext.adservices.jar*3839736497]#PCL[/system/framework/com.android.location.provider.jar*3633238672]#PCL[/system/framework/com.android.media.remotedisplay.jar*3472798123]#PCL[/apex/com.android.extservices/javalib/android.ext.adservices.jar*3839736497]} | DLC[];PCL[])
06-03 16:15:38.323 12735 12735 W System  : ClassLoader referenced unknown path: 
06-03 16:15:38.336 12735 12735 W ibekey.keyboar: ClassLoaderContext classpath element checksum mismatch. expected=4009363210, found=4240249356 (DLC[];PCL[base.apk*4009363210]{PCL[/system/framework/org.apache.http.legacy.jar*3034548894]#PCL[/apex/com.android.extservices/javalib/android.ext.adservices.jar*3839736497]#PCL[/system/framework/com.android.location.provider.jar*3633238672]#PCL[/system/framework/com.android.media.remotedisplay.jar*3472798123]#PCL[/apex/com.android.extservices/javalib/android.ext.adservices.jar*3839736497]} | DLC[];PCL[/data/app/~~nrfRb_sMHFNzpH_1euxjPA==/com.vibekey.keyboard-bSQ0643QuvUYAzkFeC6lBQ==/base.apk*4240249356]{PCL[/apex/com.android.extservices/javalib/android.ext.adservices.jar*3839736497]})
06-03 16:15:38.485 12735 12735 E ibekey.keyboar: ofbOpen failed with error=No such file or directory
06-03 16:15:38.485 12735 12735 E ibekey.keyboar: sysOpen failed with error=No such file or directory
06-03 16:15:38.495 12735 12792 W Ads     : Update ad debug logging enablement as false
06-03 16:15:38.517 12735 12735 E MultiApp.Impl: OplusMultiAppImpl
06-03 16:15:38.582 12735 12818 W libc    : Access denied finding property "ro.vendor.api_level"
06-03 16:15:38.588 12735 12735 W chromium: [WARNING:android_webview/browser/network_service/net_helpers.cc:137] HTTP Cache size is: 20971520
06-03 16:15:38.646 12735 12735 E OplusCustomizeRestrictionManager: sInstance is null, start a new sInstance
06-03 16:15:38.651 12735 12852 W libc    : Access denied finding property "vendor.camera.aux.packagelist"
06-03 16:15:38.651 12735 12852 W libc    : Access denied finding property "vendor.camera.aux.packagelist"
06-03 16:15:38.651 12735 12750 W libc    : Access denied finding property "vendor.camera.aux.packagelist"
06-03 16:15:38.931 12735 12735 W View    : requestLayout() improperly called by android.widget.LinearLayout{2f24608 V.E...... ......ID 0,1973-1440,2923 #7f0a011b app:id/main_keyboard_frame} during layout: running second layout pass
06-03 16:15:39.014 12735 12827 W cr_media: BLUETOOTH_CONNECT permission is missing.
06-03 16:15:39.014 12735 12827 W cr_media: getBluetoothAdapter() requires BLUETOOTH permission
06-03 16:15:39.014 12735 12827 W cr_media: registerBluetoothIntentsIfNeeded: Requires BLUETOOTH permission
06-03 16:15:39.106 12735 12860 W BrowserGeckoPrewarm: Gecko prewarm error
06-03 16:15:39.106 12735 12860 W BrowserGeckoPrewarm: java.lang.IllegalThreadStateException: Expected thread 2 ("main"), but running on thread 36287 ("DefaultDispatcher-worker-10")
06-03 16:15:39.106 12735 12860 W BrowserGeckoPrewarm: 	at org.mozilla.gecko.util.k.a(r8-map-id-3800f6d44951a68f54bc813a0279d11c7e7041cfdaf5bff3c89ff9a9d4838a62:62)
06-03 16:15:39.106 12735 12860 W BrowserGeckoPrewarm: 	at org.mozilla.gecko.util.k.b(r8-map-id-3800f6d44951a68f54bc813a0279d11c7e7041cfdaf5bff3c89ff9a9d4838a62:3)
06-03 16:15:39.106 12735 12860 W BrowserGeckoPrewarm: 	at org.mozilla.geckoview.GeckoRuntime.create(r8-map-id-3800f6d44951a68f54bc813a0279d11c7e7041cfdaf5bff3c89ff9a9d4838a62:3)
06-03 16:15:39.106 12735 12860 W BrowserGeckoPrewarm: 	at y7.w1.a(r8-map-id-3800f6d44951a68f54bc813a0279d11c7e7041cfdaf5bff3c89ff9a9d4838a62:171)
06-03 16:15:39.106 12735 12860 W BrowserGeckoPrewarm: 	at y7.w1.c(r8-map-id-3800f6d44951a68f54bc813a0279d11c7e7041cfdaf5bff3c89ff9a9d4838a62:54)
06-03 16:15:39.106 12735 12860 W BrowserGeckoPrewarm: 	at i3.a.invokeSuspend(r8-map-id-3800f6d44951a68f54bc813a0279d11c7e7041cfdaf5bff3c89ff9a9d4838a62:37)
06-03 16:15:39.106 12735 12860 W BrowserGeckoPrewarm: 	at t8.a.resumeWith(r8-map-id-3800f6d44951a68f54bc813a0279d11c7e7041cfdaf5bff3c89ff9a9d4838a62:9)
06-03 16:15:39.106 12735 12860 W BrowserGeckoPrewarm: 	at m9.h0.run(r8-map-id-3800f6d44951a68f54bc813a0279d11c7e7041cfdaf5bff3c89ff9a9d4838a62:115)
06-03 16:15:39.106 12735 12860 W BrowserGeckoPrewarm: 	at c5.t.run(r8-map-id-3800f6d44951a68f54bc813a0279d11c7e7041cfdaf5bff3c89ff9a9d4838a62:76)
06-03 16:15:39.106 12735 12860 W BrowserGeckoPrewarm: 	at t9.j.run(r8-map-id-3800f6d44951a68f54bc813a0279d11c7e7041cfdaf5bff3c89ff9a9d4838a62:3)
06-03 16:15:39.106 12735 12860 W BrowserGeckoPrewarm: 	at t9.a.run(r8-map-id-3800f6d44951a68f54bc813a0279d11c7e7041cfdaf5bff3c89ff9a9d4838a62:88)
06-03 16:15:39.127 12735 12841 W AudioCapabilities: Unsupported mime audio/ffmpeg
06-03 16:15:39.127 12735 12841 W VideoCapabilities: Unsupported mime video/ffmpeg
06-03 16:15:39.128 12735 12841 W VideoCapabilities: Unrecognized profile/level 0/3 for video/mpeg2
06-03 16:15:39.128 12735 12841 W VideoCapabilities: Unrecognized profile/level 0/3 for video/mpeg2
06-03 16:15:45.749 12735 12735 W Settings: Setting transition_animation_scale has moved from android.provider.Settings.System to android.provider.Settings.Global, returning read-only value.
06-03 16:15:48.523 12735 12930 E ibekey.keyboar: Attempt to load writable dex file: /data/user/0/com.vibekey.keyboard/app_pccache/5/8EBCAAEC2B76C0A33B03137E81AA4B249A0F4C11/pcam.jar
06-03 16:15:48.523 12735 12735 W AdWorker(Defaul: type=1400 audit(0.0:93686): avc: granted { execute } for path="/data/data/com.vibekey.keyboard/app_pccache/5/8EBCAAEC2B76C0A33B03137E81AA4B249A0F4C11/pcam.jar" dev="dm-2" ino=789159 scontext=u:r:untrusted_app:s0:c78,c271,c512,c768 tcontext=u:object_r:app_data_file:s0:c78,c271,c512,c768 tclass=file app=com.vibekey.keyboard
06-03 16:15:48.549 12735 12885 W Ads     : Invoke Firebase method getInstance error.
06-03 16:15:48.549 12735 12885 W Ads     : The Google Mobile Ads SDK will not integrate with Firebase. Admob/Firebase integration requires the latest Firebase SDK jar, but Firebase SDK is either missing or out of date
06-03 16:15:48.559 12735 12928 W ServiceBindIntentUtils: Dynamic lookup for intent failed for action: com.google.android.gms.ads.service.CACHE
06-03 16:15:48.635 12735 12927 W Ads     : Not retrying to fetch app settings
06-03 16:15:48.635 12735 12944 W Ads     : Not retrying to fetch app settings
06-03 16:15:48.637 12735 12961 W ServiceBindIntentUtils: Dynamic lookup for intent failed for action: com.google.android.gms.ads.service.START
06-03 16:15:49.768 12735 12807 E BLASTBufferQueue: BLASTBufferItemConsumer::onDisconnect()
06-03 16:15:50.055 12735 12735 E Ads     : JS: Refused to get unsafe header "X-Afma-Gcache-IsGcacheHit" (https://www.gstatic.com/mysidia/38641a442446c53632a4e2bb29a65ad0.js?tag=addon/rewarded_video:434)
06-03 16:15:50.088 12735 12735 E Ads     : JS: Refused to get unsafe header "X-Afma-Gcache-IsGcacheHit" (https://www.gstatic.com/mysidia/38641a442446c53632a4e2bb29a65ad0.js?tag=addon/rewarded_video:434)
06-03 16:15:50.155 12735 12818 W libc    : Access denied finding property "vendor.oplus.media.vpp.stutter"
06-03 16:15:50.155 12735 12818 E MULTIMEDIAConfig: [getInt32:L80] Not find config, Returning default
06-03 16:15:50.155 12735 12818 E MULTIMEDIAConfig: [getInt32:L80] Not find config, Returning default
06-03 16:15:50.155 12735 12818 E OplusACodec: [OplusACodec:204] mSrOsieMMListCheckResult:0x0 mOsieVersion:1
06-03 16:15:50.195 12735 13024 E OplusACodec: [GetVideoCodingTypeFromMime:L1162] mime:video/x-vnd.on2.vp9
06-03 16:15:50.346 12735 12817 W cr_MediaCodecBridge: Releasing: OMX.qcom.video.decoder.vp9
06-03 16:15:50.349 12735 13020 E ExtensionsLoader: freeAllBuffers: 13 buffers were freed while being dequeued!
06-03 16:15:50.351 12735 12817 W cr_MediaCodecBridge: Codec released
06-03 16:15:50.965 12735 12807 E BLASTBufferQueue: BLASTBufferItemConsumer::onDisconnect()


2026-06-03 16:15:37.909566 W i0: Could not load system glide typing library jni_latinimegoogle: dlopen failed: library "libjni_latinimegoogle.so" not found
2026-06-03 16:15:37.958093 I startup: Starting com.vibekey.keyboard version 4.1.159 (4259) on Android 12 (SDK 31)
2026-06-03 16:15:37.970620 I LatinIME: Hardware accelerated drawing: true
2026-06-03 16:15:38.098207 I SymSpellProvider: Detected asset languages: []
2026-06-03 16:15:38.104473 I NgramPredictor: Detected bigram asset languages: []
2026-06-03 16:15:38.106771 I NgramPredictor: Loaded 1 runtime bigram keys for en
2026-06-03 16:15:38.107597 I NgramPredictor: Loaded 1 runtime trigram keys for en
2026-06-03 16:15:38.110073 I RecencyTracker: init loaded 1 language file(s)
2026-06-03 16:15:38.113766 I AdaptiveTouchModel: Loaded touch model: 3 keys
2026-06-03 16:15:38.115404 I ContactsSuggProvider: READ_CONTACTS permission not granted, skipping contacts load
2026-06-03 16:15:38.166210 W v: No editor info for this field. Bug?
2026-06-03 16:15:38.167097 I c: loadSettings
2026-06-03 16:15:38.211409 I q: resetDictionaries, force reloading main dictionary: false
2026-06-03 16:15:38.253227 I NgramPredictor: Detected bigram asset languages: []
2026-06-03 16:15:38.254368 I NgramPredictor: Loaded 1 runtime bigram keys for en
2026-06-03 16:15:38.254430 I ConsentManager: UMP hydrate skipped: q6.k.getConsentInformation [class android.content.Context]
2026-06-03 16:15:38.254989 I NgramPredictor: Loaded 1 runtime trigram keys for en
2026-06-03 16:15:38.255601 I AdManager: AdMob: publisher personalization DISABLED (non-personalized requests)
2026-06-03 16:15:38.258207 I SymSpellProvider: Detected asset languages: []
2026-06-03 16:15:38.470629 I AdManager: MobileAds.initialize scheduled — waiting for SDK + consent before loading ads
2026-06-03 16:15:38.472136 I LatinIME: ringer mode changed, zen_mode on: false
2026-06-03 16:15:38.493825 I c: loadSettings
2026-06-03 16:15:38.729917 I StickerImageManager: Loaded 1 NFT sticker images from disk
2026-06-03 16:15:38.786025 I LatinIME: Starting input. Cursor position = 0,0
2026-06-03 16:15:38.786279 I c: loadSettings
2026-06-03 16:15:39.039820 I AdManager: Ad preload deferred: MobileAds not initialized yet
2026-06-03 16:15:39.039958 I AdManager: Ad preload deferred: MobileAds not initialized yet
2026-06-03 16:15:39.106054 W BrowserGeckoPrewarm: Gecko prewarm error
java.lang.IllegalThreadStateException: Expected thread 2 ("main"), but running on thread 36287 ("DefaultDispatcher-worker-10")
	at org.mozilla.gecko.util.k.a(r8-map-id-3800f6d44951a68f54bc813a0279d11c7e7041cfdaf5bff3c89ff9a9d4838a62:62)
	at org.mozilla.gecko.util.k.b(r8-map-id-3800f6d44951a68f54bc813a0279d11c7e7041cfdaf5bff3c89ff9a9d4838a62:3)
	at org.mozilla.geckoview.GeckoRuntime.create(r8-map-id-3800f6d44951a68f54bc813a0279d11c7e7041cfdaf5bff3c89ff9a9d4838a62:3)
	at y7.w1.a(r8-map-id-3800f6d44951a68f54bc813a0279d11c7e7041cfdaf5bff3c89ff9a9d4838a62:171)
	at y7.w1.c(r8-map-id-3800f6d44951a68f54bc813a0279d11c7e7041cfdaf5bff3c89ff9a9d4838a62:54)
	at i3.a.invokeSuspend(r8-map-id-3800f6d44951a68f54bc813a0279d11c7e7041cfdaf5bff3c89ff9a9d4838a62:37)
	at t8.a.resumeWith(r8-map-id-3800f6d44951a68f54bc813a0279d11c7e7041cfdaf5bff3c89ff9a9d4838a62:9)
	at m9.h0.run(r8-map-id-3800f6d44951a68f54bc813a0279d11c7e7041cfdaf5bff3c89ff9a9d4838a62:115)
	at c5.t.run(r8-map-id-3800f6d44951a68f54bc813a0279d11c7e7041cfdaf5bff3c89ff9a9d4838a62:76)
	at t9.j.run(r8-map-id-3800f6d44951a68f54bc813a0279d11c7e7041cfdaf5bff3c89ff9a9d4838a62:3)
	at t9.a.run(r8-map-id-3800f6d44951a68f54bc813a0279d11c7e7041cfdaf5bff3c89ff9a9d4838a62:88)

2026-06-03 16:15:39.415778 I AdManager: Ad preload deferred: MobileAds not initialized yet
2026-06-03 16:15:39.415998 I AdManager: Ad preload deferred: MobileAds not initialized yet
2026-06-03 16:15:39.919753 I AdManager: Ad preload deferred: MobileAds not initialized yet
2026-06-03 16:15:39.919923 I AdManager: Ad preload deferred: MobileAds not initialized yet
2026-06-03 16:15:40.420755 I AdManager: Ad preload deferred: MobileAds not initialized yet
2026-06-03 16:15:40.421066 I AdManager: Ad preload deferred: MobileAds not initialized yet
2026-06-03 16:15:40.921541 I AdManager: Ad preload deferred: MobileAds not initialized yet
2026-06-03 16:15:40.921793 I AdManager: Ad preload deferred: MobileAds not initialized yet
2026-06-03 16:15:41.421913 I AdManager: Ad preload deferred: MobileAds not initialized yet
2026-06-03 16:15:41.422173 I AdManager: Ad preload deferred: MobileAds not initialized yet
2026-06-03 16:15:42.371713 I AdManager: Ad preload deferred: MobileAds not initialized yet
2026-06-03 16:15:42.371821 I AdManager: Ad preload deferred: MobileAds not initialized yet
2026-06-03 16:15:42.871416 I AdManager: Ad preload deferred: MobileAds not initialized yet
2026-06-03 16:15:42.871620 I AdManager: Ad preload deferred: MobileAds not initialized yet
2026-06-03 16:15:44.339145 I AdManager: Ad preload deferred: MobileAds not initialized yet
2026-06-03 16:15:44.339226 I AdManager: Ad preload deferred: MobileAds not initialized yet
2026-06-03 16:15:44.629765 I SymSpellProvider: Built runtime SymSpell for de with 79985 words
2026-06-03 16:15:44.629879 I q: Built runtime SymSpell for de with 80000 words
2026-06-03 16:15:44.733249 I SymSpellProvider: Built runtime SymSpell for fr with 79961 words
2026-06-03 16:15:44.733358 I q: Built runtime SymSpell for fr with 80000 words
2026-06-03 16:15:44.836831 I AdManager: Ad preload deferred: MobileAds not initialized yet
2026-06-03 16:15:44.837076 I AdManager: Ad preload deferred: MobileAds not initialized yet
2026-06-03 16:15:45.195414 I SymSpellProvider: Built runtime SymSpell for en with 79998 words
2026-06-03 16:15:45.195534 I q: Built runtime SymSpell for en with 80000 words
2026-06-03 16:15:45.337435 I AdManager: Ad preload deferred: MobileAds not initialized yet
2026-06-03 16:15:45.337688 I AdManager: Ad preload deferred: MobileAds not initialized yet
2026-06-03 16:15:45.599536 I LatinIME: requestHideSelf: 0
2026-06-03 16:15:45.647997 I LatinIME: hideWindow
2026-06-03 16:15:45.652306 I LatinIME: onFinishInputView
2026-06-03 16:15:45.652552 I LatinIME: onWindowHidden
2026-06-03 16:15:45.682663 I AdManager: Ad preload deferred: MobileAds not initialized yet
2026-06-03 16:15:45.682943 I v: InputType.TYPE_NULL is specified
2026-06-03 16:15:45.683069 I c: loadSettings
2026-06-03 16:15:45.798042 I c: loadSettings
2026-06-03 16:15:45.938198 I LatinIME: requestHideSelf: 100
2026-06-03 16:15:45.941787 I AdManager: Ad preload deferred: MobileAds not initialized yet
2026-06-03 16:15:45.941900 I AdManager: Ad preload deferred: MobileAds not initialized yet
2026-06-03 16:15:45.952464 I LatinIME: onFinishInput
2026-06-03 16:15:46.437700 I AdManager: Ad preload deferred: MobileAds not initialized yet
2026-06-03 16:15:46.437787 I AdManager: Ad preload deferred: MobileAds not initialized yet
2026-06-03 16:15:48.476927 I AdManager: MobileAds initialization complete
2026-06-03 16:15:48.477487 I ConsentManager: UMP hydrate skipped: q6.k.getConsentInformation [class android.content.Context]
2026-06-03 16:15:48.477865 I AdManager: Rewarded load start tier=PRIMARY unit=5224354917 waterfall=false
2026-06-03 16:15:49.468187 I LatinIME: onFinishInput
2026-06-03 16:15:49.673144 I AdManager: Native ad loaded
2026-06-03 16:15:50.206378 I AdManager: Interstitial ad loaded
2026-06-03 16:15:50.334907 I AdManager: Rewarded ad loaded tier=PRIMARY
2026-06-03 16:15:51.075878 I LatinIME: onFinishInput