06-05 14:39:29.413 13034 13034 W View    : requestLayout() improperly called by helium314.keyboard.latin.panels.BrowserPanelView{78c2709 V.E...... ......I. 0,0-1440,1988} during layout: running second layout pass
06-05 14:39:29.424 13034 13034 W View    : requestLayout() improperly called by helium314.keyboard.latin.panels.BrowserPanelView{78c2709 V.E...... ........ 0,0-1440,1988} during second layout pass: posting in next frame
06-05 14:39:29.431 13034 13034 W View    : requestLayout() improperly called by helium314.keyboard.latin.panels.BrowserPanelView{78c2709 V.E...... ......I. 0,0-1440,1988} during layout: running second layout pass
06-05 14:39:29.441 13034 13034 W View    : requestLayout() improperly called by helium314.keyboard.latin.panels.BrowserPanelView{78c2709 V.E...... .......D 0,0-1440,1988} during second layout pass: posting in next frame
06-05 14:39:29.448 13034 13095 E BLASTBufferQueue: BLASTBufferItemConsumer::onDisconnect()
06-05 14:39:29.458 13034 13034 W View    : requestLayout() improperly called by helium314.keyboard.latin.panels.BrowserPanelView{78c2709 V.E...... ......ID 0,0-1440,1988} during layout: running second layout pass
06-05 14:39:29.479 13034 13034 W View    : requestLayout() improperly called by helium314.keyboard.latin.panels.BrowserPanelView{78c2709 V.E...... ........ 0,0-1440,1988} during second layout pass: posting in next frame
06-05 14:39:29.482 13034 13034 W View    : requestLayout() improperly called by helium314.keyboard.latin.panels.BrowserPanelView{78c2709 V.E...... ......I. 0,0-1440,1988} during layout: running second layout pass
06-05 14:39:29.489 13034 13034 W View    : requestLayout() improperly called by helium314.keyboard.latin.panels.BrowserPanelView{78c2709 V.E...... ........ 0,0-1440,1988} during second layout pass: posting in next frame
06-05 14:39:29.497 13034 13034 W View    : requestLayout() improperly called by helium314.keyboard.latin.panels.BrowserPanelView{78c2709 V.E...... ......I. 0,0-1440,1988} during layout: running second layout pass
06-05 14:39:29.528 13034 13034 W View    : requestLayout() improperly called by helium314.keyboard.latin.panels.BrowserPanelView{78c2709 V.E...... ........ 0,0-1440,1988} during second layout pass: posting in next frame
06-05 14:39:29.530 13034 13034 W View    : requestLayout() improperly called by helium314.keyboard.latin.panels.BrowserPanelView{78c2709 V.E...... ......I. 0,0-1440,1988} during layout: running second layout pass
06-05 14:39:29.526 13034 13034 W com.vibekey.keyboard: type=1400 audit(0.0:164266): avc: denied { nlmsg_readpriv } for comm=536F636B657420546872656164 scontext=u:r:untrusted_app:s0:c99,c271,c512,c768 tcontext=u:r:untrusted_app:s0:c99,c271,c512,c768 tclass=netlink_route_socket permissive=0 bug=b/155595000 app=com.vibekey.keyboard
06-05 14:39:29.544 13034 13034 W View    : requestLayout() improperly called by helium314.keyboard.latin.panels.BrowserPanelView{78c2709 V.E...... ........ 0,0-1440,1988} during second layout pass: posting in next frame
06-05 14:39:29.547 13034 13034 W View    : requestLayout() improperly called by helium314.keyboard.latin.panels.BrowserPanelView{78c2709 V.E...... ......I. 0,0-1440,1988} during layout: running second layout pass
06-05 14:39:29.556 13034 13034 W View    : requestLayout() improperly called by helium314.keyboard.latin.panels.BrowserPanelView{78c2709 V.E...... ........ 0,0-1440,1988} during second layout pass: posting in next frame
06-05 14:39:29.562 13034 13034 W View    : requestLayout() improperly called by helium314.keyboard.latin.panels.BrowserPanelView{78c2709 V.E...... ......I. 0,0-1440,1988} during layout: running second layout pass
06-05 14:39:29.566 13034 13034 W com.vibekey.keyboard: type=1400 audit(0.0:164267): avc: denied { nlmsg_readpriv } for comm=536F636B657420546872656164 scontext=u:r:untrusted_app:s0:c99,c271,c512,c768 tcontext=u:r:untrusted_app:s0:c99,c271,c512,c768 tclass=netlink_route_socket permissive=0 bug=b/155595000 app=com.vibekey.keyboard
06-05 14:39:29.591 21635 21635 E .keyboard:tab3: Unknown bits set in runtime_flags: 0x40000000
06-05 14:39:29.601 13034 13034 W View    : requestLayout() improperly called by helium314.keyboard.latin.panels.BrowserPanelView{78c2709 V.E...... ........ 0,0-1440,1988} during second layout pass: posting in next frame
06-05 14:39:29.614 13034 13034 W View    : requestLayout() improperly called by helium314.keyboard.latin.panels.BrowserPanelView{78c2709 V.E...... ......I. 0,0-1440,1988} during layout: running second layout pass
06-05 14:39:29.621 21653 21653 E .keyboard:medi: Unknown bits set in runtime_flags: 0x40000000
06-05 14:39:29.632 13034 13034 W View    : requestLayout() improperly called by helium314.keyboard.latin.panels.BrowserPanelView{78c2709 V.E...... ........ 0,0-1440,1988} during second layout pass: posting in next frame
06-05 14:39:29.633 13034 13034 W View    : requestLayout() improperly called by helium314.keyboard.latin.panels.BrowserPanelView{78c2709 V.E...... ......I. 0,0-1440,1988} during layout: running second layout pass
06-05 14:39:29.649 13034 13034 W View    : requestLayout() improperly called by helium314.keyboard.latin.panels.BrowserPanelView{78c2709 V.E...... ........ 0,0-1440,1988} during second layout pass: posting in next frame
06-05 14:39:29.651 13034 13034 W View    : requestLayout() improperly called by helium314.keyboard.latin.panels.BrowserPanelView{78c2709 V.E...... ......I. 0,0-1440,1988} during layout: running second layout pass
06-05 14:39:29.677 13034 13034 W View    : requestLayout() improperly called by helium314.keyboard.latin.panels.BrowserPanelView{78c2709 V.E...... ........ 0,0-1440,1988} during second layout pass: posting in next frame
06-05 14:39:29.678 13034 13034 W View    : requestLayout() improperly called by helium314.keyboard.latin.panels.BrowserPanelView{78c2709 V.E...... ......I. 0,0-1440,1988} during layout: running second layout pass
06-05 14:39:29.682 21635 21674 E GeckoLibLoad: Load sqlite start
06-05 14:39:29.683 21635 21674 E GeckoLibLoad: Load sqlite done
06-05 14:39:29.683 21635 21674 E GeckoLibLoad: Load nss start
06-05 14:39:29.683 21635 21674 E GeckoLibLoad: Load nss done
06-05 14:39:29.691 21653 21672 E .keyboard:medi: ofbOpen failed with error=No such file or directory
06-05 14:39:29.691 21653 21672 E .keyboard:medi: sysOpen failed with error=No such file or directory
06-05 14:39:29.693 21635 21674 E GeckoLibLoad: Loaded libs in 10.401355ms total, 0ms(0ms) user, 2ms(9ms) system, 0(0) faults
06-05 14:39:29.694 21635 21674 W GeckoThread: zerdatime 361612555 - runGecko
06-05 14:39:29.702 13034 13034 W GeckoEventDispatcher: No listener for GeckoView:DismissClipboardPermissionRequest
06-05 14:39:29.708 13034 13034 W View    : requestLayout() improperly called by helium314.keyboard.latin.panels.BrowserPanelView{78c2709 V.E...... .......D 0,0-1440,1988} during second layout pass: posting in next frame
06-05 14:39:29.711 21653 21672 W AudioCapabilities: Unsupported mime audio/ffmpeg
06-05 14:39:29.712 21653 21672 W VideoCapabilities: Unsupported mime video/ffmpeg
06-05 14:39:29.712 21653 21672 W VideoCapabilities: Unrecognized profile/level 0/3 for video/mpeg2
06-05 14:39:29.712 21653 21672 W VideoCapabilities: Unrecognized profile/level 0/3 for video/mpeg2
06-05 14:39:29.713 13034 13034 W View    : requestLayout() improperly called by helium314.keyboard.latin.panels.BrowserPanelView{78c2709 V.E...... ......ID 0,0-1440,1988} during layout: running second layout pass
06-05 14:39:29.719 21653 21672 W libc    : Access denied finding property "vendor.oplus.media.vpp.stutter"
06-05 14:39:29.721 21653 21672 E MULTIMEDIAConfig: [getInt32:L80] Not find config, Returning default
06-05 14:39:29.721 21653 21672 E MULTIMEDIAConfig: [getInt32:L80] Not find config, Returning default
06-05 14:39:29.721 21653 21672 E OplusACodec: [OplusACodec:204] mSrOsieMMListCheckResult:0x0 mOsieVersion:1
06-05 14:39:29.734 13034 13034 W View    : requestLayout() improperly called by helium314.keyboard.latin.panels.BrowserPanelView{78c2709 V.E...... .......D 0,0-1440,1988} during second layout pass: posting in next frame
06-05 14:39:29.736 13034 13034 W View    : requestLayout() improperly called by helium314.keyboard.latin.panels.BrowserPanelView{78c2709 V.E...... ......ID 0,0-1440,1988} during layout: running second layout pass
06-05 14:39:29.748 21653 21686 E OplusACodec: [GetVideoCodingTypeFromMime:L1162] mime:video/avc
06-05 14:39:29.783 13034 13095 E BLASTBufferQueue: BLASTBufferItemConsumer::onDisconnect()
06-05 14:39:29.789 13034 13034 W View    : requestLayout() improperly called by helium314.keyboard.latin.panels.BrowserPanelView{78c2709 V.E...... ........ 0,0-1440,1988} during second layout pass: posting in next frame
06-05 14:39:29.794 13034 13034 W View    : requestLayout() improperly called by helium314.keyboard.latin.panels.BrowserPanelView{78c2709 V.E...... ......I. 0,0-1440,1988} during layout: running second layout pass
06-05 14:39:29.807 13034 13034 W View    : requestLayout() improperly called by helium314.keyboard.latin.panels.BrowserPanelView{78c2709 V.E...... ........ 0,0-1440,1988} during second layout pass: posting in next frame
06-05 14:39:29.818 13034 13034 W View    : requestLayout() improperly called by helium314.keyboard.latin.panels.BrowserPanelView{78c2709 V.E...... ......I. 0,0-1440,1988} during layout: running second layout pass
06-05 14:39:29.820 21635 21674 W Isolated Web Content: [JavaScript Warning: "This page is in Quirks Mode. Page layout may be impacted. For Standards Mode use “<!DOCTYPE html>”." {file: "https://a5728063363743744.cdn.optimizely.com/client_storage/a5728063363743744.html" line: 0}]
06-05 14:39:29.844 13034 13034 W View    : requestLayout() improperly called by helium314.keyboard.latin.panels.BrowserPanelView{78c2709 V.E...... ........ 0,0-1440,1988} during second layout pass: posting in next frame
06-05 14:39:29.853 13034 13034 W View    : requestLayout() improperly called by helium314.keyboard.latin.panels.BrowserPanelView{78c2709 V.E...... ......I. 0,0-1440,1988} during layout: running second layout pass
06-05 14:39:29.867 13034 13034 W View    : requestLayout() improperly called by helium314.keyboard.latin.panels.BrowserPanelView{78c2709 V.E...... ........ 0,0-1440,1988} during second layout pass: posting in next frame
06-05 14:39:29.880 13034 13034 W View    : requestLayout() improperly called by helium314.keyboard.latin.panels.BrowserPanelView{78c2709 V.E...... ......I. 0,0-1440,1988} during layout: running second layout pass
06-05 14:39:29.883 20543 20560 W Isolated Web Content: [JavaScript Warning: "Loading failed for the <script> with source “https://cdn.segment.com/analytics.js/v1/null/analytics.min.js”." {file: "https://www.foxnews.com/" line: 1}]
06-05 14:39:29.897 13034 13034 W View    : requestLayout() improperly called by helium314.keyboard.latin.panels.BrowserPanelView{78c2709 V.E...... ........ 0,0-1440,1988} during second layout pass: posting in next frame
06-05 14:39:29.913 13034 13034 W View    : requestLayout() improperly called by helium314.keyboard.latin.panels.BrowserPanelView{78c2709 V.E...... ......I. 0,0-1440,1988} during layout: running second layout pass
06-05 14:39:29.931 13034 13034 W View    : requestLayout() improperly called by helium314.keyboard.latin.panels.BrowserPanelView{78c2709 V.E...... ........ 0,0-1440,1988} during second layout pass: posting in next frame
06-05 14:39:29.947 13034 13034 W View    : requestLayout() improperly called by helium314.keyboard.latin.panels.BrowserPanelView{78c2709 V.E...... ......I. 0,0-1440,1988} during layout: running second layout pass
06-05 14:39:29.964 13034 13034 W View    : requestLayout() improperly called by helium314.keyboard.latin.panels.BrowserPanelView{78c2709 V.E...... ........ 0,0-1440,1988} during second layout pass: posting in next frame
06-05 14:39:29.981 13034 13034 W View    : requestLayout() improperly called by helium314.keyboard.latin.panels.BrowserPanelView{78c2709 V.E...... ......I. 0,0-1440,1988} during layout: running second layout pass
06-05 14:39:29.998 13034 13034 W View    : requestLayout() improperly called by helium314.keyboard.latin.panels.BrowserPanelView{78c2709 V.E...... ........ 0,0-1440,1988} during second layout pass: posting in next frame
06-05 14:39:30.009 20543 20560 W Isolated Web Content: [JavaScript Warning: "The script from “https://wave.outbrain.com/mtWavesBundler/handler/006c2868b0f82265422cd54b22bee6ac2e” was loaded even though its MIME type (“text/html”) is not a valid JavaScript MIME type." {file: "https://www.foxnews.com/" line: 0}]
06-05 14:39:30.013 13034 13034 W View    : requestLayout() improperly called by helium314.keyboard.latin.panels.BrowserPanelView{78c2709 V.E...... ......I. 0,0-1440,1988} during layout: running second layout pass
06-05 14:39:30.018 20543 20560 E Isolated Web Content: [JavaScript Error: "Cookie “_lr_env” has been rejected for invalid domain." {file: "https://www.foxnews.com/" line: 0}]
06-05 14:39:30.006 13034 13034 W com.vibekey.keyboard: type=1400 audit(0.0:164268): avc: denied { nlmsg_readpriv } for comm=536F636B657420546872656164 scontext=u:r:untrusted_app:s0:c99,c271,c512,c768 tcontext=u:r:untrusted_app:s0:c99,c271,c512,c768 tclass=netlink_route_socket permissive=0 bug=b/155595000 app=com.vibekey.keyboard
06-05 14:39:30.032 13034 13034 W View    : requestLayout() improperly called by helium314.keyboard.latin.panels.BrowserPanelView{78c2709 V.E...... ........ 0,0-1440,1988} during second layout pass: posting in next frame
06-05 14:39:30.016 13034 13034 W com.vibekey.keyboard: type=1400 audit(0.0:164269): avc: denied { nlmsg_readpriv } for comm=536F636B657420546872656164 scontext=u:r:untrusted_app:s0:c99,c271,c512,c768 tcontext=u:r:untrusted_app:s0:c99,c271,c512,c768 tclass=netlink_route_socket permissive=0 bug=b/155595000 app=com.vibekey.keyboard
06-05 14:39:30.047 13034 13034 W View    : requestLayout() improperly called by helium314.keyboard.latin.panels.BrowserPanelView{78c2709 V.E...... ......I. 0,0-1440,1988} during layout: running second layout pass
06-05 14:39:30.064 13034 13034 W View    : requestLayout() improperly called by helium314.keyboard.latin.panels.BrowserPanelView{78c2709 V.E...... ........ 0,0-1440,1988} during second layout pass: posting in next frame
06-05 14:39:30.066 13034 13034 W com.vibekey.keyboard: type=1400 audit(0.0:164270): avc: denied { nlmsg_readpriv } for comm=536F636B657420546872656164 scontext=u:r:untrusted_app:s0:c99,c271,c512,c768 tcontext=u:r:untrusted_app:s0:c99,c271,c512,c768 tclass=netlink_route_socket permissive=0 bug=b/155595000 app=com.vibekey.keyboard
06-05 14:39:30.081 13034 13034 W View    : requestLayout() improperly called by helium314.keyboard.latin.panels.BrowserPanelView{78c2709 V.E...... ......I. 0,0-1440,1988} during layout: running second layout pass
06-05 14:39:30.076 13034 13034 W com.vibekey.keyboard: type=1400 audit(0.0:164271): avc: denied { nlmsg_readpriv } for comm=536F636B657420546872656164 scontext=u:r:untrusted_app:s0:c99,c271,c512,c768 tcontext=u:r:untrusted_app:s0:c99,c271,c512,c768 tclass=netlink_route_socket permissive=0 bug=b/155595000 app=com.vibekey.keyboard
06-05 14:39:30.101 13034 13034 W View    : requestLayout() improperly called by helium314.keyboard.latin.panels.BrowserPanelView{78c2709 V.E...... ........ 0,0-1440,1988} during second layout pass: posting in next frame
06-05 14:39:30.114 13034 13034 W View    : requestLayout() improperly called by helium314.keyboard.latin.panels.BrowserPanelView{78c2709 V.E...... ......I. 0,0-1440,1988} during layout: running second layout pass
06-05 14:39:30.131 13034 13034 W View    : requestLayout() improperly called by helium314.keyboard.latin.panels.BrowserPanelView{78c2709 V.E...... ........ 0,0-1440,1988} during second layout pass: posting in next frame
06-05 14:39:30.147 13034 13034 W View    : requestLayout() improperly called by helium314.keyboard.latin.panels.BrowserPanelView{78c2709 V.E...... ......I. 0,0-1440,1988} during layout: running second layout pass
06-05 14:39:30.165 13034 13034 W View    : requestLayout() improperly called by helium314.keyboard.latin.panels.BrowserPanelView{78c2709 V.E...... ........ 0,0-1440,1988} during second layout pass: posting in next frame
06-05 14:39:30.182 13034 13034 W View    : requestLayout() improperly called by helium314.keyboard.latin.panels.BrowserPanelView{78c2709 V.E...... ......I. 0,0-1440,1988} during layout: running second layout pass
06-05 14:39:30.199 13034 13034 W View    : requestLayout() improperly called by helium314.keyboard.latin.panels.BrowserPanelView{78c2709 V.E...... ........ 0,0-1440,1988} during second layout pass: posting in next frame
06-05 14:39:30.216 13034 13034 W View    : requestLayout() improperly called by helium314.keyboard.latin.panels.BrowserPanelView{78c2709 V.E...... ......I. 0,0-1440,1988} during layout: running second layout pass
06-05 14:39:30.231 13034 13034 W View    : requestLayout() improperly called by helium314.keyboard.latin.panels.BrowserPanelView{78c2709 V.E...... ........ 0,0-1440,1988} during second layout pass: posting in next frame
06-05 14:39:30.247 13034 13034 W View    : requestLayout() improperly called by helium314.keyboard.latin.panels.BrowserPanelView{78c2709 V.E...... ......I. 0,0-1440,1988} during layout: running second layout pass
06-05 14:39:30.265 13034 13034 W View    : requestLayout() improperly called by helium314.keyboard.latin.panels.BrowserPanelView{78c2709 V.E...... ........ 0,0-1440,1988} during second layout pass: posting in next frame
06-05 14:39:30.281 13034 13034 W View    : requestLayout() improperly called by helium314.keyboard.latin.panels.BrowserPanelView{78c2709 V.E...... ......I. 0,0-1440,1988} during layout: running second layout pass
06-05 14:39:30.302 13034 13034 W View    : requestLayout() improperly called by helium314.keyboard.latin.panels.BrowserPanelView{78c2709 V.E...... .......D 0,0-1440,1988} during second layout pass: posting in next frame
06-05 14:39:30.314 13034 13034 W View    : requestLayout() improperly called by helium314.keyboard.latin.panels.BrowserPanelView{78c2709 V.E...... ......ID 0,0-1440,1988} during layout: running second layout pass
06-05 14:39:30.319 13034 13034 I VkBrowser: ✓ page host=www.foxnews.com title=Fox News - Breaking News Updates | Lates…
06-05 14:39:30.359 13034 14174 E BLASTBufferQueue: BLASTBufferItemConsumer::onDisconnect()
06-05 14:39:30.360 13034 13034 W View    : requestLayout() improperly called by helium314.keyboard.latin.panels.BrowserPanelView{78c2709 V.E...... ......ID 0,0-1440,1988} during layout: running second layout pass
06-05 14:39:30.364 13034 13034 W View    : requestLayout() improperly called by helium314.keyboard.latin.panels.BrowserPanelView{78c2709 V.E...... ......ID 0,0-1440,1988} during second layout pass: posting in next frame
06-05 14:39:30.367 13034 13034 W View    : requestLayout() improperly called by helium314.keyboard.latin.panels.BrowserPanelView{78c2709 V.E...... ......ID 0,0-1440,1988} during layout: running second layout pass
06-05 14:39:30.372 13034 13034 W View    : requestLayout() improperly called by helium314.keyboard.latin.panels.BrowserPanelView{78c2709 V.E...... ........ 0,0-1440,1988} during second layout pass: posting in next frame
06-05 14:39:30.381 13034 13034 W View    : requestLayout() improperly called by helium314.keyboard.latin.panels.BrowserPanelView{78c2709 V.E...... ......I. 0,0-1440,1988} during layout: running second layout pass
06-05 14:39:30.388 13034 13034 W View    : requestLayout() improperly called by helium314.keyboard.latin.panels.BrowserPanelView{78c2709 V.E...... ........ 0,0-1440,1988} during second layout pass: posting in next frame
06-05 14:39:30.398 13034 13034 W View    : requestLayout() improperly called by helium314.keyboard.latin.panels.BrowserPanelView{78c2709 V.E...... ......I. 0,0-1440,1988} during layout: running second layout pass
06-05 14:39:30.405 13034 13034 W View    : requestLayout() improperly called by helium314.keyboard.latin.panels.BrowserPanelView{78c2709 V.E...... ........ 0,0-1440,1988} during second layout pass: posting in next frame
06-05 14:39:30.415 13034 13034 W View    : requestLayout() improperly called by helium314.keyboard.latin.panels.BrowserPanelView{78c2709 V.E...... ......I. 0,0-1440,1988} during layout: running second layout pass
06-05 14:39:30.422 13034 13034 W View    : requestLayout() improperly called by helium314.keyboard.latin.panels.BrowserPanelView{78c2709 V.E...... ........ 0,0-1440,1988} during second layout pass: posting in next frame
06-05 14:39:30.432 13034 13034 W View    : requestLayout() improperly called by helium314.keyboard.latin.panels.BrowserPanelView{78c2709 V.E...... ......I. 0,0-1440,1988} during layout: running second layout pass
06-05 14:39:30.440 13034 13034 W View    : requestLayout() improperly called by helium314.keyboard.latin.panels.BrowserPanelView{78c2709 V.E...... ........ 0,0-1440,1988} during second layout pass: posting in next frame
06-05 14:39:30.448 13034 13034 W View    : requestLayout() improperly called by helium314.keyboard.latin.panels.BrowserPanelView{78c2709 V.E...... ......I. 0,0-1440,1988} during layout: running second layout pass
06-05 14:39:30.455 13034 13034 W View    : requestLayout() improperly called by helium314.keyboard.latin.panels.BrowserPanelView{78c2709 V.E...... ........ 0,0-1440,1988} during second layout pass: posting in next frame
06-05 14:39:30.465 13034 13034 W View    : requestLayout() improperly called by helium314.keyboard.latin.panels.BrowserPanelView{78c2709 V.E...... ......I. 0,0-1440,1988} during layout: running second layout pass
06-05 14:39:30.472 13034 13034 W View    : requestLayout() improperly called by helium314.keyboard.latin.panels.BrowserPanelView{78c2709 V.E...... .......D 0,0-1440,1988} during second layout pass: posting in next frame
06-05 14:39:30.482 13034 13034 W View    : requestLayout() improperly called by helium314.keyboard.latin.panels.BrowserPanelView{78c2709 V.E...... ......ID 0,0-1440,1988} during layout: running second layout pass
06-05 14:39:30.489 13034 13034 W View    : requestLayout() improperly called by helium314.keyboard.latin.panels.BrowserPanelView{78c2709 V.E...... ........ 0,0-1440,1988} during second layout pass: posting in next frame
06-05 14:39:30.498 13034 13034 W View    : requestLayout() improperly called by helium314.keyboard.latin.panels.BrowserPanelView{78c2709 V.E...... ......I. 0,0-1440,1988} during layout: running second layout pass
06-05 14:39:30.505 13034 13034 W View    : requestLayout() improperly called by helium314.keyboard.latin.panels.BrowserPanelView{78c2709 V.E...... ........ 0,0-1440,1988} during second layout pass: posting in next frame
06-05 14:39:30.515 13034 13034 W View    : requestLayout() improperly called by helium314.keyboard.latin.panels.BrowserPanelView{78c2709 V.E...... ......I. 0,0-1440,1988} during layout: running second layout pass
06-05 14:39:30.522 13034 13034 W View    : requestLayout() improperly called by helium314.keyboard.latin.panels.BrowserPanelView{78c2709 V.E...... ........ 0,0-1440,1988} during second layout pass: posting in next frame
06-05 14:39:30.532 13034 13034 W View    : requestLayout() improperly called by helium314.keyboard.latin.panels.BrowserPanelView{78c2709 V.E...... ......I. 0,0-1440,1988} during layout: running second layout pass
06-05 14:39:30.539 13034 13034 W View    : requestLayout() improperly called by helium314.keyboard.latin.panels.BrowserPanelView{78c2709 V.E...... ........ 0,0-1440,1988} during second layout pass: posting in next frame
06-05 14:39:30.549 13034 13034 W View    : requestLayout() improperly called by helium314.keyboard.latin.panels.BrowserPanelView{78c2709 V.E...... ......I. 0,0-1440,1988} during layout: running second layout pass
06-05 14:39:30.553 13034 13034 W View    : requestLayout() improperly called by helium314.keyboard.latin.panels.BrowserPanelView{78c2709 V.E...... ........ 0,0-1440,1988} during second layout pass: posting in next frame
06-05 14:39:30.555 21775 21775 E .keyboard:tab2: Unknown bits set in runtime_flags: 0x40000000
06-05 14:39:30.565 13034 13034 W View    : requestLayout() improperly called by helium314.keyboard.latin.panels.BrowserPanelView{78c2709 V.E...... ......I. 0,0-1440,1988} during layout: running second layout pass
06-05 14:39:30.574 13034 13034 W View    : requestLayout() improperly called by helium314.keyboard.latin.panels.BrowserPanelView{78c2709 V.E...... ........ 0,0-1440,1988} during second layout pass: posting in next frame
06-05 14:39:30.582 13034 13034 W View    : requestLayout() improperly called by helium314.keyboard.latin.panels.BrowserPanelView{78c2709 V.E...... ......I. 0,0-1440,1988} during layout: running second layout pass
06-05 14:39:30.592 13034 13034 W View    : requestLayout() improperly called by helium314.keyboard.latin.panels.BrowserPanelView{78c2709 V.E...... ........ 0,0-1440,1988} during second layout pass: posting in next frame
06-05 14:39:30.599 13034 13034 W View    : requestLayout() improperly called by helium314.keyboard.latin.panels.BrowserPanelView{78c2709 V.E...... ......I. 0,0-1440,1988} during layout: running second layout pass
06-05 14:39:30.607 13034 13034 W View    : requestLayout() improperly called by helium314.keyboard.latin.panels.BrowserPanelView{78c2709 V.E...... ........ 0,0-1440,1988} during second layout pass: posting in next frame
06-05 14:39:30.616 13034 13034 W View    : requestLayout() improperly called by helium314.keyboard.latin.panels.BrowserPanelView{78c2709 V.E...... ......I. 0,0-1440,1988} during layout: running second layout pass
06-05 14:39:30.622 13034 13034 W View    : requestLayout() improperly called by helium314.keyboard.latin.panels.BrowserPanelView{78c2709 V.E...... ........ 0,0-1440,1988} during second layout pass: posting in next frame
06-05 14:39:30.632 13034 13034 W View    : requestLayout() improperly called by helium314.keyboard.latin.panels.BrowserPanelView{78c2709 V.E...... ......I. 0,0-1440,1988} during layout: running second layout pass
06-05 14:39:30.645 21775 21820 E GeckoLibLoad: Load sqlite start
06-05 14:39:30.650 21775 21820 E GeckoLibLoad: Load sqlite done
06-05 14:39:30.652 21775 21820 E GeckoLibLoad: Load nss start
06-05 14:39:30.652 21775 21820 E GeckoLibLoad: Load nss done
06-05 14:39:30.656 13034 13034 W View    : requestLayout() improperly called by helium314.keyboard.latin.panels.BrowserPanelView{78c2709 V.E...... ........ 0,0-1440,1988} during second layout pass: posting in next frame
06-05 14:39:30.660 13034 13034 W View    : requestLayout() improperly called by helium314.keyboard.latin.panels.BrowserPanelView{78c2709 V.E...... ......I. 0,0-1440,1988} during layout: running second layout pass
06-05 14:39:30.669 21775 21820 E GeckoLibLoad: Loaded libs in 16.721042ms total, 12ms(12ms) user, 0ms(2ms) system, 0(0) faults
06-05 14:39:30.670 21775 21820 W GeckoThread: zerdatime 361613531 - runGecko
06-05 14:39:30.656 13034 13034 W com.vibekey.keyboard: type=1400 audit(0.0:164273): avc: denied { nlmsg_readpriv } for comm=536F636B657420546872656164 scontext=u:r:untrusted_app:s0:c99,c271,c512,c768 tcontext=u:r:untrusted_app:s0:c99,c271,c512,c768 tclass=netlink_route_socket permissive=0 bug=b/155595000 app=com.vibekey.keyboard
06-05 14:39:30.675 13034 13034 W View    : requestLayout() improperly called by helium314.keyboard.latin.panels.BrowserPanelView{78c2709 V.E...... ........ 0,0-1440,1988} during second layout pass: posting in next frame
06-05 14:39:30.677 13034 13034 W View    : requestLayout() improperly called by helium314.keyboard.latin.panels.BrowserPanelView{78c2709 V.E...... ......I. 0,0-1440,1988} during layout: running second layout pass
06-05 14:39:30.681 13034 13034 W View    : requestLayout() improperly called by helium314.keyboard.latin.panels.BrowserPanelView{78c2709 V.E...... ........ 0,0-1440,1988} during second layout pass: posting in next frame
06-05 14:39:30.684 13034 13034 W View    : requestLayout() improperly called by helium314.keyboard.latin.panels.BrowserPanelView{78c2709 V.E...... ......I. 0,0-1440,1988} during layout: running second layout pass
06-05 14:39:30.688 13034 13034 W View    : requestLayout() improperly called by helium314.keyboard.latin.panels.BrowserPanelView{78c2709 V.E...... ........ 0,0-1440,1988} during second layout pass: posting in next frame
06-05 14:39:30.700 13034 13034 W View    : requestLayout() improperly called by helium314.keyboard.latin.panels.BrowserPanelView{78c2709 V.E...... ......I. 0,0-1440,1988} during layout: running second layout pass
06-05 14:39:30.704 13034 13034 W View    : requestLayout() improperly called by helium314.keyboard.latin.panels.BrowserPanelView{78c2709 V.E...... ........ 0,0-1440,1988} during second layout pass: posting in next frame
06-05 14:39:30.710 21828 21828 E .keyboard:tab3: Unknown bits set in runtime_flags: 0x40000000
06-05 14:39:30.717 13034 13034 W View    : requestLayout() improperly called by helium314.keyboard.latin.panels.BrowserPanelView{78c2709 V.E...... ......I. 0,0-1440,1988} during layout: running second layout pass
06-05 14:39:30.721 13034 13034 W View    : requestLayout() improperly called by helium314.keyboard.latin.panels.BrowserPanelView{78c2709 V.E...... ........ 0,0-1440,1988} during second layout pass: posting in next frame
06-05 14:39:30.733 13034 13034 W View    : requestLayout() improperly called by helium314.keyboard.latin.panels.BrowserPanelView{78c2709 V.E...... ......I. 0,0-1440,1988} during layout: running second layout pass
06-05 14:39:30.743 13034 13034 W View    : requestLayout() improperly called by helium314.keyboard.latin.panels.BrowserPanelView{78c2709 V.E...... ........ 0,0-1440,1988} during second layout pass: posting in next frame
06-05 14:39:30.749 13034 13034 W View    : requestLayout() improperly called by helium314.keyboard.latin.panels.BrowserPanelView{78c2709 V.E...... ......I. 0,0-1440,1988} during layout: running second layout pass
06-05 14:39:30.757 13034 13034 W View    : requestLayout() improperly called by helium314.keyboard.latin.panels.BrowserPanelView{78c2709 V.E...... ........ 0,0-1440,1988} during second layout pass: posting in next frame
06-05 14:39:30.766 13034 13034 W View    : requestLayout() improperly called by helium314.keyboard.latin.panels.BrowserPanelView{78c2709 V.E...... ......I. 0,0-1440,1988} during layout: running second layout pass
06-05 14:39:30.778 13034 13034 W View    : requestLayout() improperly called by helium314.keyboard.latin.panels.BrowserPanelView{78c2709 V.E...... ........ 0,0-1440,1988} during second layout pass: posting in next frame
06-05 14:39:30.783 13034 13034 W View    : requestLayout() improperly called by helium314.keyboard.latin.panels.BrowserPanelView{78c2709 V.E...... ......I. 0,0-1440,1988} during layout: running second layout pass
06-05 14:39:30.792 13034 13034 W View    : requestLayout() improperly called by helium314.keyboard.latin.panels.BrowserPanelView{78c2709 V.E...... ........ 0,0-1440,1988} during second layout pass: posting in next frame
06-05 14:39:30.799 13034 13034 W View    : requestLayout() improperly called by helium314.keyboard.latin.panels.BrowserPanelView{78c2709 V.E...... ......I. 0,0-1440,1988} during layout: running second layout pass
06-05 14:39:30.804 21828 21901 E GeckoLibLoad: Load sqlite start
06-05 14:39:30.805 21828 21901 E GeckoLibLoad: Load sqlite done
06-05 14:39:30.805 21828 21901 E GeckoLibLoad: Load nss start
06-05 14:39:30.805 21828 21901 E GeckoLibLoad: Load nss done
06-05 14:39:30.807 13034 13034 W View    : requestLayout() improperly called by helium314.keyboard.latin.panels.BrowserPanelView{78c2709 V.E...... ........ 0,0-1440,1988} during second layout pass: posting in next frame
06-05 14:39:30.814 21828 21901 E GeckoLibLoad: Loaded libs in 9.076927ms total, 2ms(0ms) user, 7ms(8ms) system, 0(0) faults
06-05 14:39:30.814 21828 21901 W GeckoThread: zerdatime 361613675 - runGecko
06-05 14:39:30.817 13034 13034 W View    : requestLayout() improperly called by helium314.keyboard.latin.panels.BrowserPanelView{78c2709 V.E...... ......I. 0,0-1440,1988} during layout: running second layout pass
06-05 14:39:30.823 13034 13034 W View    : requestLayout() improperly called by helium314.keyboard.latin.panels.BrowserPanelView{78c2709 V.E...... ........ 0,0-1440,1988} during second layout pass: posting in next frame
06-05 14:39:30.837 13034 13034 W View    : requestLayout() improperly called by helium314.keyboard.latin.panels.BrowserPanelView{78c2709 V.E...... ......I. 0,0-1440,1988} during layout: running second layout pass
06-05 14:39:30.841 13034 13034 W View    : requestLayout() improperly called by helium314.keyboard.latin.panels.BrowserPanelView{78c2709 V.E...... ........ 0,0-1440,1988} during second layout pass: posting in next frame
06-05 14:39:30.849 13034 13034 W View    : requestLayout() improperly called by helium314.keyboard.latin.panels.BrowserPanelView{78c2709 V.E...... ......I. 0,0-1440,1988} during layout: running second layout pass
06-05 14:39:30.852 13034 13034 W View    : requestLayout() improperly called by helium314.keyboard.latin.panels.BrowserPanelView{78c2709 V.E...... ........ 0,0-1440,1988} during second layout pass: posting in next frame
06-05 14:39:30.866 13034 13034 W View    : requestLayout() improperly called by helium314.keyboard.latin.panels.BrowserPanelView{78c2709 V.E...... ......I. 0,0-1440,1988} during layout: running second layout pass
06-05 14:39:30.871 13034 13034 W View    : requestLayout() improperly called by helium314.keyboard.latin.panels.BrowserPanelView{78c2709 V.E...... ........ 0,0-1440,1988} during second layout pass: posting in next frame
06-05 14:39:30.883 13034 13034 W View    : requestLayout() improperly called by helium314.keyboard.latin.panels.BrowserPanelView{78c2709 V.E...... ......I. 0,0-1440,1988} during layout: running second layout pass
06-05 14:39:30.895 13034 13034 W View    : requestLayout() improperly called by helium314.keyboard.latin.panels.BrowserPanelView{78c2709 V.E...... ........ 0,0-1440,1988} during second layout pass: posting in next frame
06-05 14:39:30.899 13034 13034 W View    : requestLayout() improperly called by helium314.keyboard.latin.panels.BrowserPanelView{78c2709 V.E...... ......I. 0,0-1440,1988} during layout: running second layout pass
06-05 14:39:30.906 13034 13034 W View    : requestLayout() improperly called by helium314.keyboard.latin.panels.BrowserPanelView{78c2709 V.E...... ........ 0,0-1440,1988} during second layout pass: posting in next frame
06-05 14:39:30.916 13034 13034 W View    : requestLayout() improperly called by helium314.keyboard.latin.panels.BrowserPanelView{78c2709 V.E...... ......I. 0,0-1440,1988} during layout: running second layout pass
06-05 14:39:30.922 13034 13034 W View    : requestLayout() improperly called by helium314.keyboard.latin.panels.BrowserPanelView{78c2709 V.E...... ........ 0,0-1440,1988} during second layout pass: posting in next frame
06-05 14:39:30.933 13034 13034 W View    : requestLayout() improperly called by helium314.keyboard.latin.panels.BrowserPanelView{78c2709 V.E...... ......I. 0,0-1440,1988} during layout: running second layout pass
06-05 14:39:30.936 13034 13034 W View    : requestLayout() improperly called by helium314.keyboard.latin.panels.BrowserPanelView{78c2709 V.E...... ........ 0,0-1440,1988} during second layout pass: posting in next frame
06-05 14:39:30.949 13034 13034 W View    : requestLayout() improperly called by helium314.keyboard.latin.panels.BrowserPanelView{78c2709 V.E...... ......I. 0,0-1440,1988} during layout: running second layout pass
06-05 14:39:30.955 13034 13034 W View    : requestLayout() improperly called by helium314.keyboard.latin.panels.BrowserPanelView{78c2709 V.E...... ........ 0,0-1440,1988} during second layout pass: posting in next frame
06-05 14:39:30.966 13034 13034 W View    : requestLayout() improperly called by helium314.keyboard.latin.panels.BrowserPanelView{78c2709 V.E...... ......I. 0,0-1440,1988} during layout: running second layout pass
06-05 14:39:30.973 13034 13034 W View    : requestLayout() improperly called by helium314.keyboard.latin.panels.BrowserPanelView{78c2709 V.E...... ........ 0,0-1440,1988} during second layout pass: posting in next frame
06-05 14:39:30.983 13034 13034 W View    : requestLayout() improperly called by helium314.keyboard.latin.panels.BrowserPanelView{78c2709 V.E...... ......I. 0,0-1440,1988} during layout: running second layout pass
06-05 14:39:30.990 13034 13034 W View    : requestLayout() improperly called by helium314.keyboard.latin.panels.BrowserPanelView{78c2709 V.E...... ........ 0,0-1440,1988} during second layout pass: posting in next frame
06-05 14:39:30.999 13034 13034 W View    : requestLayout() improperly called by helium314.keyboard.latin.panels.BrowserPanelView{78c2709 V.E...... ......I. 0,0-1440,1988} during layout: running second layout pass
06-05 14:39:31.006 13034 13034 W View    : requestLayout() improperly called by helium314.keyboard.latin.panels.BrowserPanelView{78c2709 V.E...... ........ 0,0-1440,1988} during second layout pass: posting in next frame
06-05 14:39:31.016 13034 13034 W View    : requestLayout() improperly called by helium314.keyboard.latin.panels.BrowserPanelView{78c2709 V.E...... ......I. 0,0-1440,1988} during layout: running second layout pass
06-05 14:39:31.021 20543 20560 E Isolated Web Content: [JavaScript Error: "Cookie “cto_bundle” has been rejected for invalid domain." {file: "https://www.foxnews.com/" line: 0}]
06-05 14:39:31.025 13034 13034 W View    : requestLayout() improperly called by helium314.keyboard.latin.panels.BrowserPanelView{78c2709 V.E...... ........ 0,0-1440,1988} during second layout pass: posting in next frame
06-05 14:39:31.033 13034 13034 W View    : requestLayout() improperly called by helium314.keyboard.latin.panels.BrowserPanelView{78c2709 V.E...... ......I. 0,0-1440,1988} during layout: running second layout pass
06-05 14:39:31.047 13034 13034 W View    : requestLayout() improperly called by helium314.keyboard.latin.panels.BrowserPanelView{78c2709 V.E...... ........ 0,0-1440,1988} during second layout pass: posting in next frame
06-05 14:39:31.049 13034 13034 W View    : requestLayout() improperly called by helium314.keyboard.latin.panels.BrowserPanelView{78c2709 V.E...... ......I. 0,0-1440,1988} during layout: running second layout pass
06-05 14:39:31.053 13034 13034 W View    : requestLayout() improperly called by helium314.keyboard.latin.panels.BrowserPanelView{78c2709 V.E...... ........ 0,0-1440,1988} during second layout pass: posting in next frame
06-05 14:39:31.066 13034 13034 W View    : requestLayout() improperly called by helium314.keyboard.latin.panels.BrowserPanelView{78c2709 V.E...... ......I. 0,0-1440,1988} during layout: running second layout pass
06-05 14:39:31.073 13034 13034 W View    : requestLayout() improperly called by helium314.keyboard.latin.panels.BrowserPanelView{78c2709 V.E...... ........ 0,0-1440,1988} during second layout pass: posting in next frame
06-05 14:39:31.083 13034 13034 W View    : requestLayout() improperly called by helium314.keyboard.latin.panels.BrowserPanelView{78c2709 V.E...... ......I. 0,0-1440,1988} during layout: running second layout pass
06-05 14:39:31.087 13034 13034 W View    : requestLayout() improperly called by helium314.keyboard.latin.panels.BrowserPanelView{78c2709 V.E...... ........ 0,0-1440,1988} during second layout pass: posting in next frame
06-05 14:39:31.100 13034 13034 W View    : requestLayout() improperly called by helium314.keyboard.latin.panels.BrowserPanelView{78c2709 V.E...... ......I. 0,0-1440,1988} during layout: running second layout pass
06-05 14:39:31.105 13034 13034 W View    : requestLayout() improperly called by helium314.keyboard.latin.panels.BrowserPanelView{78c2709 V.E...... ........ 0,0-1440,1988} during second layout pass: posting in next frame
06-05 14:39:31.117 13034 13034 W View    : requestLayout() improperly called by helium314.keyboard.latin.panels.BrowserPanelView{78c2709 V.E...... ......I. 0,0-1440,1988} during layout: running second layout pass
06-05 14:39:31.129 13034 13034 W View    : requestLayout() improperly called by helium314.keyboard.latin.panels.BrowserPanelView{78c2709 V.E...... ........ 0,0-1440,1988} during second layout pass: posting in next frame
06-05 14:39:31.134 13034 13034 W View    : requestLayout() improperly called by helium314.keyboard.latin.panels.BrowserPanelView{78c2709 V.E...... ......I. 0,0-1440,1988} during layout: running second layout pass
06-05 14:39:31.141 13034 13034 W View    : requestLayout() improperly called by helium314.keyboard.latin.panels.BrowserPanelView{78c2709 V.E...... ........ 0,0-1440,1988} during second layout pass: posting in next frame
06-05 14:39:31.150 13034 13034 W View    : requestLayout() improperly called by helium314.keyboard.latin.panels.BrowserPanelView{78c2709 V.E...... ......I. 0,0-1440,1988} during layout: running second layout pass
06-05 14:39:31.165 13034 13034 W View    : requestLayout() improperly called by helium314.keyboard.latin.panels.BrowserPanelView{78c2709 V.E...... ........ 0,0-1440,1988} during second layout pass: posting in next frame
06-05 14:39:31.170 13034 13034 W View    : requestLayout() improperly called by helium314.keyboard.latin.panels.BrowserPanelView{78c2709 V.E...... ......I. 0,0-1440,1988} during layout: running second layout pass
06-05 14:39:31.178 13034 13034 W View    : requestLayout() improperly called by helium314.keyboard.latin.panels.BrowserPanelView{78c2709 V.E...... ........ 0,0-1440,1988} during second layout pass: posting in next frame
06-05 14:39:31.183 13034 13034 W View    : requestLayout() improperly called by helium314.keyboard.latin.panels.BrowserPanelView{78c2709 V.E...... ......I. 0,0-1440,1988} during layout: running second layout pass
06-05 14:39:31.190 13034 13034 W View    : requestLayout() improperly called by helium314.keyboard.latin.panels.BrowserPanelView{78c2709 V.E...... ........ 0,0-1440,1988} during second layout pass: posting in next frame
06-05 14:39:31.200 13034 13034 W View    : requestLayout() improperly called by helium314.keyboard.latin.panels.BrowserPanelView{78c2709 V.E...... ......I. 0,0-1440,1988} during layout: running second layout pass
06-05 14:39:31.215 13034 13034 W View    : requestLayout() improperly called by helium314.keyboard.latin.panels.BrowserPanelView{78c2709 V.E...... ........ 0,0-1440,1988} during second layout pass: posting in next frame
06-05 14:39:31.217 13034 13034 W View    : requestLayout() improperly called by helium314.keyboard.latin.panels.BrowserPanelView{78c2709 V.E...... ......I. 0,0-1440,1988} during layout: running second layout pass
06-05 14:39:31.224 13034 13034 W View    : requestLayout() improperly called by helium314.keyboard.latin.panels.BrowserPanelView{78c2709 V.E...... ........ 0,0-1440,1988} during second layout pass: posting in next frame
06-05 14:39:31.234 13034 13034 W View    : requestLayout() improperly called by helium314.keyboard.latin.panels.BrowserPanelView{78c2709 V.E...... ......ID 0,0-1440,1988} during layout: running second layout pass
06-05 14:39:31.252 13034 13034 W View    : requestLayout() improperly called by helium314.keyboard.latin.panels.BrowserPanelView{78c2709 V.E...... ........ 0,0-1440,1988} during second layout pass: posting in next frame
06-05 14:39:31.255 13034 13034 W View    : requestLayout() improperly called by helium314.keyboard.latin.panels.BrowserPanelView{78c2709 V.E...... ......ID 0,0-1440,1988} during layout: running second layout pass
06-05 14:39:31.259 13034 13034 W View    : requestLayout() improperly called by helium314.keyboard.latin.panels.BrowserPanelView{78c2709 V.E...... ........ 0,0-1440,1988} during second layout pass: posting in next frame
06-05 14:39:31.267 13034 13034 W View    : requestLayout() improperly called by helium314.keyboard.latin.panels.BrowserPanelView{78c2709 V.E...... ......ID 0,0-1440,1988} during layout: running second layout pass
06-05 14:39:31.274 13034 13034 W View    : requestLayout() improperly called by helium314.keyboard.latin.panels.BrowserPanelView{78c2709 V.E...... ........ 0,0-1440,1988} during second layout pass: posting in next frame
06-05 14:39:31.283 13034 13034 W View    : requestLayout() improperly called by helium314.keyboard.latin.panels.BrowserPanelView{78c2709 V.E...... ......ID 0,0-1440,1988} during layout: running second layout pass
06-05 14:39:31.292 13034 13034 W View    : requestLayout() improperly called by helium314.keyboard.latin.panels.BrowserPanelView{78c2709 V.E...... ........ 0,0-1440,1988} during second layout pass: posting in next frame
06-05 14:39:31.300 13034 13034 W View    : requestLayout() improperly called by helium314.keyboard.latin.panels.BrowserPanelView{78c2709 V.E...... ......ID 0,0-1440,1988} during layout: running second layout pass
06-05 14:39:31.303 13034 13034 W View    : requestLayout() improperly called by helium314.keyboard.latin.panels.BrowserPanelView{78c2709 V.E...... ........ 0,0-1440,1988} during second layout pass: posting in next frame
06-05 14:39:31.317 13034 13034 W View    : requestLayout() improperly called by helium314.keyboard.latin.panels.BrowserPanelView{78c2709 V.E...... ......ID 0,0-1440,1988} during layout: running second layout pass
06-05 14:39:31.322 13034 13034 W View    : requestLayout() improperly called by helium314.keyboard.latin.panels.BrowserPanelView{78c2709 V.E...... ........ 0,0-1440,1988} during second layout pass: posting in next frame
06-05 14:39:31.334 13034 13034 W View    : requestLayout() improperly called by helium314.keyboard.latin.panels.BrowserPanelView{78c2709 V.E...... ......ID 0,0-1440,1988} during layout: running second layout pass
06-05 14:39:31.360 13034 13034 W GeckoEventDispatcher: No listener for GeckoView:DismissClipboardPermissionRequest
06-05 14:39:31.361 13034 13034 W View    : requestLayout() improperly called by helium314.keyboard.latin.panels.BrowserPanelView{78c2709 V.E...... ......ID 0,0-1440,1988} during second layout pass: posting in next frame
06-05 14:39:31.365 13034 13386 E GeckoConsole: [JavaScript Error: "TypeError: can't access property "WindowEventDispatcher", win is null" {file: "resource://gre/modules/GeckoViewSessionStore.sys.mjs" line: 149}]
06-05 14:39:31.365 13034 13386 E GeckoConsole: onTabStateUpdate@resource://gre/modules/GeckoViewSessionStore.sys.mjs:149:5
06-05 14:39:31.365 13034 13386 E GeckoConsole: updateSessionStoreFromTabListener@resource://gre/modules/GeckoViewSessionStore.sys.mjs:243:10
06-05 14:39:31.365 13034 13386 E GeckoConsole: SSF_updateSessionStore@resource://gre/modules/SessionStoreFunctions.sys.mjs:46:27
06-05 14:39:31.365 13034 13386 E GeckoConsole: UpdateSessionStore@resource://gre/modules/SessionStoreFunctions.sys.mjs:16:46
06-05 14:39:31.369 13034 13034 W View    : requestLayout() improperly called by helium314.keyboard.latin.panels.BrowserPanelView{78c2709 V.E...... ......ID 0,0-1440,1988} during layout: running second layout pass
06-05 14:39:31.371 13034 13386 E GeckoConsole: [JavaScript Error: "TypeError: can't access property "WindowEventDispatcher", win is null" {file: "resource://gre/modules/GeckoViewSessionStore.sys.mjs" line: 149}]
06-05 14:39:31.371 13034 13386 E GeckoConsole: onTabStateUpdate@resource://gre/modules/GeckoViewSessionStore.sys.mjs:149:5
06-05 14:39:31.371 13034 13386 E GeckoConsole: updateSessionStoreFromTabListener@resource://gre/modules/GeckoViewSessionStore.sys.mjs:243:10
06-05 14:39:31.371 13034 13386 E GeckoConsole: SSF_updateSessionStore@resource://gre/modules/SessionStoreFunctions.sys.mjs:46:27
06-05 14:39:31.371 13034 13386 E GeckoConsole: UpdateSessionStore@resource://gre/modules/SessionStoreFunctions.sys.mjs:16:46
06-05 14:39:31.373 13034 13386 E GeckoConsole: [JavaScript Error: "TypeError: can't access property "WindowEventDispatcher", win is null" {file: "resource://gre/modules/GeckoViewSessionStore.sys.mjs" line: 149}]
06-05 14:39:31.373 13034 13386 E GeckoConsole: onTabStateUpdate@resource://gre/modules/GeckoViewSessionStore.sys.mjs:149:5
06-05 14:39:31.373 13034 13386 E GeckoConsole: updateSessionStoreFromTabListener@resource://gre/modules/GeckoViewSessionStore.sys.mjs:243:10
06-05 14:39:31.373 13034 13386 E GeckoConsole: SSF_updateSessionStore@resource://gre/modules/SessionStoreFunctions.sys.mjs:46:27
06-05 14:39:31.373 13034 13386 E GeckoConsole: UpdateSessionStore@resource://gre/modules/SessionStoreFunctions.sys.mjs:16:46
06-05 14:39:31.376 13034 13034 W View    : requestLayout() improperly called by helium314.keyboard.latin.panels.BrowserPanelView{78c2709 V.E...... ......ID 0,0-1440,1988} during second layout pass: posting in next frame
06-05 14:39:31.377 13034 13034 W View    : requestLayout() improperly called by helium314.keyboard.latin.panels.BrowserPanelView{78c2709 V.E...... ......ID 0,0-1440,1988} during layout: running second layout pass
06-05 14:39:31.377 13034 13386 E GeckoConsole: [JavaScript Error: "TypeError: can't access property "WindowEventDispatcher", win is null" {file: "resource://gre/modules/GeckoViewSessionStore.sys.mjs" line: 149}]
06-05 14:39:31.377 13034 13386 E GeckoConsole: onTabStateUpdate@resource://gre/modules/GeckoViewSessionStore.sys.mjs:149:5
06-05 14:39:31.377 13034 13386 E GeckoConsole: updateSessionStoreFromTabListener@resource://gre/modules/GeckoViewSessionStore.sys.mjs:243:10
06-05 14:39:31.377 13034 13386 E GeckoConsole: SSF_updateSessionStore@resource://gre/modules/SessionStoreFunctions.sys.mjs:46:27
06-05 14:39:31.377 13034 13386 E GeckoConsole: UpdateSessionStore@resource://gre/modules/SessionStoreFunctions.sys.mjs:16:46
06-05 14:39:31.381 13034 13034 W View    : requestLayout() improperly called by helium314.keyboard.latin.panels.BrowserPanelView{78c2709 V.E...... ........ 0,0-1440,1988} during second layout pass: posting in next frame
