06-04 11:44:24.886 32704 32704 W View    : requestLayout() improperly called by helium314.keyboard.latin.panels.BrowserPanelView{fed1016 V.E...... ........ 0,0-1440,2040} during second layout pass: posting in next frame
06-04 11:44:24.887 32704 32704 W View    : requestLayout() improperly called by helium314.keyboard.latin.panels.BrowserPanelView{fed1016 V.E...... ......ID 0,0-1440,2040} during layout: running second layout pass
06-04 11:44:24.899  1104  1121 W Isolated Web Content: [JavaScript Warning: "An iframe which has both allow-scripts and allow-same-origin for its sandbox attribute can remove its sandboxing." {file: "https://www.cnn.com/" line: 0}]
06-04 11:44:24.902 32704 32704 W View    : requestLayout() improperly called by helium314.keyboard.latin.panels.BrowserPanelView{fed1016 V.E...... ........ 0,0-1440,2040} during second layout pass: posting in next frame
06-04 11:44:24.904 32704 32704 W View    : requestLayout() improperly called by helium314.keyboard.latin.panels.BrowserPanelView{fed1016 V.E...... ......ID 0,0-1440,2040} during layout: running second layout pass
06-04 11:44:24.908 32704 32704 W View    : requestLayout() improperly called by helium314.keyboard.latin.panels.BrowserPanelView{fed1016 V.E...... ........ 0,0-1440,2040} during second layout pass: posting in next frame
06-04 11:44:24.912  3060  3097 W Isolated Web Content: [JavaScript Warning: "Content-Security-Policy: Ignoring “'unsafe-inline'” within script-src: ‘strict-dynamic’ specified" {file: "https://www.google.com/recaptcha/api2/aframe" line: 0}]
06-04 11:44:24.912  3060  3097 W Isolated Web Content: [JavaScript Warning: "Content-Security-Policy: Ignoring “https:” within script-src: ‘strict-dynamic’ specified" {file: "https://www.google.com/recaptcha/api2/aframe" line: 0}]
06-04 11:44:24.912  3060  3097 W Isolated Web Content: [JavaScript Warning: "Content-Security-Policy: Ignoring “http:” within script-src: ‘strict-dynamic’ specified" {file: "https://www.google.com/recaptcha/api2/aframe" line: 0}]
06-04 11:44:24.912  3060  3097 W Isolated Web Content: [JavaScript Warning: "Content-Security-Policy: Ignoring “'unsafe-inline'” within script-src: nonce-source or hash-source specified" {file: "https://www.google.com/recaptcha/api2/aframe" line: 0}]
06-04 11:44:24.920 32704 32704 W View    : requestLayout() improperly called by helium314.keyboard.latin.panels.BrowserPanelView{fed1016 V.E...... ......ID 0,0-1440,2040} during layout: running second layout pass
06-04 11:44:24.927 32704 32704 W GeckoEventDispatcher: No listener for GeckoView:DismissClipboardPermissionRequest
06-04 11:44:24.964 32704 32740 E BLASTBufferQueue: BLASTBufferItemConsumer::onDisconnect()
06-04 11:44:24.975 32704 32704 E GeckoView: Failed to detach WindowInsetsListener: 
06-04 11:44:24.975 32704 32704 E GeckoView: java.lang.NullPointerException: Attempt to invoke virtual method 'android.view.Window android.app.Activity.getWindow()' on a null object reference
06-04 11:44:24.975 32704 32704 E GeckoView: 	at org.mozilla.geckoview.GeckoView.detachWindowInsetsListener(r8-map-id-29a537fd8c91205b39e5cd9de72f172c9f46eb7ce7298e810a86de0abb43ac70:1)
06-04 11:44:24.975 32704 32704 E GeckoView: 	at org.mozilla.geckoview.GeckoView.onDetachedFromWindow(r8-map-id-29a537fd8c91205b39e5cd9de72f172c9f46eb7ce7298e810a86de0abb43ac70:25)
06-04 11:44:24.975 32704 32704 E GeckoView: 	at android.view.View.dispatchDetachedFromWindow(View.java:20955)
06-04 11:44:24.975 32704 32704 E GeckoView: 	at android.view.ViewGroup.dispatchDetachedFromWindow(ViewGroup.java:4014)
06-04 11:44:24.975 32704 32704 E GeckoView: 	at android.view.ViewGroup.removeViewInternal(ViewGroup.java:5660)
06-04 11:44:24.975 32704 32704 E GeckoView: 	at android.view.ViewGroup.removeViewInternal(ViewGroup.java:5631)
06-04 11:44:24.975 32704 32704 E GeckoView: 	at android.view.ViewGroup.removeView(ViewGroup.java:5562)
06-04 11:44:24.975 32704 32704 E GeckoView: 	at helium314.keyboard.latin.panels.BrowserPanelView.D(r8-map-id-29a537fd8c91205b39e5cd9de72f172c9f46eb7ce7298e810a86de0abb43ac70:99)
06-04 11:44:24.975 32704 32704 E GeckoView: 	at helium314.keyboard.latin.panels.BrowserPanelView.P(r8-map-id-29a537fd8c91205b39e5cd9de72f172c9f46eb7ce7298e810a86de0abb43ac70:10)
06-04 11:44:24.975 32704 32704 E GeckoView: 	at helium314.keyboard.latin.panels.BrowserPanelView.F0(r8-map-id-29a537fd8c91205b39e5cd9de72f172c9f46eb7ce7298e810a86de0abb43ac70:73)
06-04 11:44:24.975 32704 32704 E GeckoView: 	at g7.b0.r(r8-map-id-29a537fd8c91205b39e5cd9de72f172c9f46eb7ce7298e810a86de0abb43ac70:149)
06-04 11:44:24.975 32704 32704 E GeckoView: 	at g7.b0.P(r8-map-id-29a537fd8c91205b39e5cd9de72f172c9f46eb7ce7298e810a86de0abb43ac70:17)
06-04 11:44:24.975 32704 32704 E GeckoView: 	at y7.s3.a(r8-map-id-29a537fd8c91205b39e5cd9de72f172c9f46eb7ce7298e810a86de0abb43ac70:3)
06-04 11:44:24.975 32704 32704 E GeckoView: 	at y7.e2.onClick(r8-map-id-29a537fd8c91205b39e5cd9de72f172c9f46eb7ce7298e810a86de0abb43ac70:209)
06-04 11:44:24.975 32704 32704 E GeckoView: 	at android.view.View.performClick(View.java:7488)
06-04 11:44:24.975 32704 32704 E GeckoView: 	at android.view.View.performClickInternal(View.java:7464)
06-04 11:44:24.975 32704 32704 E GeckoView: 	at android.view.View.access$3700(View.java:841)
06-04 11:44:24.975 32704 32704 E GeckoView: 	at android.view.View$PerformClick.run(View.java:28911)
06-04 11:44:24.975 32704 32704 E GeckoView: 	at android.os.Handler.handleCallback(Handler.java:938)
06-04 11:44:24.975 32704 32704 E GeckoView: 	at android.os.Handler.dispatchMessage(Handler.java:99)
06-04 11:44:24.975 32704 32704 E GeckoView: 	at android.os.Looper.loopOnce(Looper.java:233)
06-04 11:44:24.975 32704 32704 E GeckoView: 	at android.os.Looper.loop(Looper.java:344)
06-04 11:44:24.975 32704 32704 E GeckoView: 	at android.app.ActivityThread.main(ActivityThread.java:8212)
06-04 11:44:24.975 32704 32704 E GeckoView: 	at java.lang.reflect.Method.invoke(Native Method)
06-04 11:44:24.975 32704 32704 E GeckoView: 	at com.android.internal.os.RuntimeInit$MethodAndArgsCaller.run(RuntimeInit.java:584)
06-04 11:44:24.975 32704 32704 E GeckoView: 	at com.android.internal.os.ZygoteInit.main(ZygoteInit.java:1034)
06-04 11:44:25.003  2607  2671 W Isolated Web Content: [JavaScript Warning: "Script terminated by timeout at:
06-04 11:44:25.003  2607  2671 W Isolated Web Content: N@https://ads.pubmatic.com/AdServer/js/user_sync.html?p=156512:1:14961
06-04 11:44:25.003  2607  2671 W Isolated Web Content: t@https://ads.pubmatic.com/AdServer/js/user_sync.html?p=156512:1:15069
06-04 11:44:25.003  2607  2671 W Isolated Web Content: R@https://ads.pubmatic.com/AdServer/js/user_sync.html?p=156512:1:19545
06-04 11:44:25.003  2607  2671 W Isolated Web Content: F@https://ads.pubmatic.com/AdServer/js/user_sync.html?p=156512:1:16301
06-04 11:44:25.003  2607  2671 W Isolated Web Content: j/<@https://ads.pubmatic.com/AdServer/js/user_sync.html?p=156512:1:21478
06-04 11:44:25.003  2607  2671 W Isolated Web Content: " {file: "https://ads.pubmatic.com/AdServer/js/user_sync.html?p=156512" line: 1}]
06-04 11:44:25.007 32704   743 E GeckoConsole: [JavaScript Error: "TypeError: can't access property "WindowEventDispatcher", win is null" {file: "resource://gre/modules/GeckoViewSessionStore.sys.mjs" line: 149}]
06-04 11:44:25.007 32704   743 E GeckoConsole: onTabStateUpdate@resource://gre/modules/GeckoViewSessionStore.sys.mjs:149:5
06-04 11:44:25.007 32704   743 E GeckoConsole: updateSessionStoreFromTabListener@resource://gre/modules/GeckoViewSessionStore.sys.mjs:243:10
06-04 11:44:25.007 32704   743 E GeckoConsole: SSF_updateSessionStore@resource://gre/modules/SessionStoreFunctions.sys.mjs:46:27
06-04 11:44:25.007 32704   743 E GeckoConsole: UpdateSessionStore@resource://gre/modules/SessionStoreFunctions.sys.mjs:16:46
06-04 11:44:25.008 32704   743 E GeckoConsole: [JavaScript Error: "TypeError: can't access property "WindowEventDispatcher", win is null" {file: "resource://gre/modules/GeckoViewSessionStore.sys.mjs" line: 149}]
06-04 11:44:25.008 32704   743 E GeckoConsole: onTabStateUpdate@resource://gre/modules/GeckoViewSessionStore.sys.mjs:149:5
06-04 11:44:25.008 32704   743 E GeckoConsole: updateSessionStoreFromTabListener@resource://gre/modules/GeckoViewSessionStore.sys.mjs:243:10
06-04 11:44:25.008 32704   743 E GeckoConsole: SSF_updateSessionStore@resource://gre/modules/SessionStoreFunctions.sys.mjs:46:27
06-04 11:44:25.008 32704   743 E GeckoConsole: UpdateSessionStore@resource://gre/modules/SessionStoreFunctions.sys.mjs:16:46
06-04 11:44:25.009 32704   743 E GeckoConsole: [JavaScript Error: "TypeError: can't access property "WindowEventDispatcher", win is null" {file: "resource://gre/modules/GeckoViewSessionStore.sys.mjs" line: 149}]
06-04 11:44:25.009 32704   743 E GeckoConsole: onTabStateUpdate@resource://gre/modules/GeckoViewSessionStore.sys.mjs:149:5
06-04 11:44:25.009 32704   743 E GeckoConsole: updateSessionStoreFromTabListener@resource://gre/modules/GeckoViewSessionStore.sys.mjs:243:10
06-04 11:44:25.009 32704   743 E GeckoConsole: SSF_updateSessionStore@resource://gre/modules/SessionStoreFunctions.sys.mjs:46:27
06-04 11:44:25.009 32704   743 E GeckoConsole: UpdateSessionStore@resource://gre/modules/SessionStoreFunctions.sys.mjs:16:46
06-04 11:44:25.011  1104  1121 W Isolated Web Content: [JavaScript Warning: "Script terminated by timeout at:
06-04 11:44:25.011  1104  1121 W Isolated Web Content: scrollTop@https://cdn.tinypass.com/api/tinypass.min.js:1:32323
06-04 11:44:25.011  1104  1121 W Isolated Web Content: i@https://cdn.tinypass.com/api/tinypass.min.js:1:329144
06-04 11:44:25.011  1104  1121 W Isolated Web Content: ft@https://cadmus.script.ac/d2uap9jskdzp2/script.js:1:107976
06-04 11:44:25.011  1104  1121 W Isolated Web Content: " {file: "https://cdn.tinypass.com/api/tinypass.min.js" line: 1}]
06-04 11:44:25.014 32704 32704 W View    : requestLayout() improperly called by helium314.keyboard.latin.panels.BrowserPanelView{fed1016 G.E...... ......ID 0,0-1440,2040} during second layout pass: posting in next frame
06-04 11:44:25.016 32704 32704 W com.vibekey.keyboard: type=1400 audit(0.0:113183): avc: denied { nlmsg_readpriv } for comm=536F636B657420546872656164 scontext=u:r:untrusted_app:s0:c82,c271,c512,c768 tcontext=u:r:untrusted_app:s0:c82,c271,c512,c768 tclass=netlink_route_socket permissive=0 bug=b/155595000 app=com.vibekey.keyboard
06-04 11:44:25.026  3021  3091 W Isolated Web Content: [JavaScript Warning: "Script terminated by timeout at:
06-04 11:44:25.026  3021  3091 W Isolated Web Content: ba@https://ep2.adtrafficquality.google/sodar/sodar2/254/runner.html:4:262
06-04 11:44:25.026  3021  3091 W Isolated Web Content: @https://ep2.adtrafficquality.google/sodar/sodar2/254/runner.html:4:271
06-04 11:44:25.026  3021  3091 W Isolated Web Content: @https://ep2.adtrafficquality.google/sodar/sodar2/254/runner.html:38:412
06-04 11:44:25.026  3021  3091 W Isolated Web Content: " {file: "https://ep2.adtrafficquality.google/sodar/sodar2/254/runner.html" line: 4}]
06-04 11:44:25.077 32704 32704 W View    : requestLayout() improperly called by helium314.keyboard.latin.panels.BrowserPanelView{fed1016 G.E...... ......ID 0,0-1440,2040} during second layout pass: posting in next frame
06-04 11:44:25.108 32704   743 E GeckoConsole: [JavaScript Error: "TypeError: can't access property "WindowEventDispatcher", win is null" {file: "resource://gre/modules/GeckoViewSessionStore.sys.mjs" line: 149}]
06-04 11:44:25.108 32704   743 E GeckoConsole: onTabStateUpdate@resource://gre/modules/GeckoViewSessionStore.sys.mjs:149:5
06-04 11:44:25.108 32704   743 E GeckoConsole: updateSessionStoreFromTabListener@resource://gre/modules/GeckoViewSessionStore.sys.mjs:243:10
06-04 11:44:25.108 32704   743 E GeckoConsole: SSF_updateSessionStore@resource://gre/modules/SessionStoreFunctions.sys.mjs:46:27
06-04 11:44:25.108 32704   743 E GeckoConsole: UpdateSessionStore@resource://gre/modules/SessionStoreFunctions.sys.mjs:16:46
06-04 11:44:25.109 32704   743 E GeckoConsole: [JavaScript Error: "TypeError: can't access property "WindowEventDispatcher", win is null" {file: "resource://gre/modules/GeckoViewSessionStore.sys.mjs" line: 149}]
06-04 11:44:25.109 32704   743 E GeckoConsole: onTabStateUpdate@resource://gre/modules/GeckoViewSessionStore.sys.mjs:149:5
06-04 11:44:25.109 32704   743 E GeckoConsole: updateSessionStoreFromTabListener@resource://gre/modules/GeckoViewSessionStore.sys.mjs:243:10
06-04 11:44:25.109 32704   743 E GeckoConsole: SSF_updateSessionStore@resource://gre/modules/SessionStoreFunctions.sys.mjs:46:27
06-04 11:44:25.109 32704   743 E GeckoConsole: UpdateSessionStore@resource://gre/modules/SessionStoreFunctions.sys.mjs:16:46
06-04 11:44:25.110 32704   743 E GeckoConsole: [JavaScript Error: "TypeError: can't access property "WindowEventDispatcher", win is null" {file: "resource://gre/modules/GeckoViewSessionStore.sys.mjs" line: 149}]
06-04 11:44:25.110 32704   743 E GeckoConsole: onTabStateUpdate@resource://gre/modules/GeckoViewSessionStore.sys.mjs:149:5
06-04 11:44:25.110 32704   743 E GeckoConsole: updateSessionStoreFromTabListener@resource://gre/modules/GeckoViewSessionStore.sys.mjs:243:10
06-04 11:44:25.110 32704   743 E GeckoConsole: SSF_updateSessionStore@resource://gre/modules/SessionStoreFunctions.sys.mjs:46:27
06-04 11:44:25.110 32704   743 E GeckoConsole: UpdateSessionStore@resource://gre/modules/SessionStoreFunctions.sys.mjs:16:46
06-04 11:44:25.111 32704   743 E GeckoConsole: [JavaScript Error: "TypeError: can't access property "WindowEventDispatcher", win is null" {file: "resource://gre/modules/GeckoViewSessionStore.sys.mjs" line: 149}]
06-04 11:44:25.111 32704   743 E GeckoConsole: onTabStateUpdate@resource://gre/modules/GeckoViewSessionStore.sys.mjs:149:5
06-04 11:44:25.111 32704   743 E GeckoConsole: updateSessionStoreFromTabListener@resource://gre/modules/GeckoViewSessionStore.sys.mjs:243:10
06-04 11:44:25.111 32704   743 E GeckoConsole: SSF_updateSessionStore@resource://gre/modules/SessionStoreFunctions.sys.mjs:46:27
06-04 11:44:25.111 32704   743 E GeckoConsole: UpdateSessionStore@resource://gre/modules/SessionStoreFunctions.sys.mjs:16:46
06-04 11:44:25.111 32704   743 E GeckoConsole: [JavaScript Error: "TypeError: can't access property "WindowEventDispatcher", win is null" {file: "resource://gre/modules/GeckoViewSessionStore.sys.mjs" line: 149}]
06-04 11:44:25.111 32704   743 E GeckoConsole: onTabStateUpdate@resource://gre/modules/GeckoViewSessionStore.sys.mjs:149:5
06-04 11:44:25.111 32704   743 E GeckoConsole: updateSessionStoreFromTabListener@resource://gre/modules/GeckoViewSessionStore.sys.mjs:243:10
06-04 11:44:25.111 32704   743 E GeckoConsole: SSF_updateSessionStore@resource://gre/modules/SessionStoreFunctions.sys.mjs:46:27
06-04 11:44:25.111 32704   743 E GeckoConsole: UpdateSessionStore@resource://gre/modules/SessionStoreFunctions.sys.mjs:16:46
06-04 11:44:25.111 32704   743 E GeckoConsole: [JavaScript Error: "TypeError: can't access property "WindowEventDispatcher", win is null" {file: "resource://gre/modules/GeckoViewSessionStore.sys.mjs" line: 149}]
06-04 11:44:25.111 32704   743 E GeckoConsole: onTabStateUpdate@resource://gre/modules/GeckoViewSessionStore.sys.mjs:149:5
06-04 11:44:25.111 32704   743 E GeckoConsole: updateSessionStoreFromTabListener@resource://gre/modules/GeckoViewSessionStore.sys.mjs:243:10
06-04 11:44:25.111 32704   743 E GeckoConsole: SSF_updateSessionStore@resource://gre/modules/SessionStoreFunctions.sys.mjs:46:27
06-04 11:44:25.111 32704   743 E GeckoConsole: UpdateSessionStore@resource://gre/modules/SessionStoreFunctions.sys.mjs:16:46
06-04 11:44:25.115  2607  2671 W Isolated Web Content: [JavaScript Warning: "The script from “https://image6.pubmatic.com/AdServer/PugMaster?sec=1&async=1&kdntuid=1&rnd=1887436&p=156512&s=0&a=0&ptask=ALL&np=0&fp=0&rp=0&mpc=0&spug=1&coppa=0&gdpr=0&gdpr_consent=&us_privacy=&gpp=&gpp_sid=” was loaded even though its MIME type (“text/html”) is not a valid JavaScript MIME type." {file: "https://ads.pubmatic.com/AdServer/js/user_sync.html?p=156512" line: 0}]
06-04 11:44:25.122 32704   743 E GeckoConsole: [JavaScript Error: "TypeError: can't access property "WindowEventDispatcher", win is null" {file: "resource://gre/modules/GeckoViewSessionStore.sys.mjs" line: 149}]
06-04 11:44:25.122 32704   743 E GeckoConsole: onTabStateUpdate@resource://gre/modules/GeckoViewSessionStore.sys.mjs:149:5
06-04 11:44:25.122 32704   743 E GeckoConsole: updateSessionStoreFromTabListener@resource://gre/modules/GeckoViewSessionStore.sys.mjs:243:10
06-04 11:44:25.122 32704   743 E GeckoConsole: SSF_updateSessionStore@resource://gre/modules/SessionStoreFunctions.sys.mjs:46:27
06-04 11:44:25.122 32704   743 E GeckoConsole: UpdateSessionStore@resource://gre/modules/SessionStoreFunctions.sys.mjs:16:46
06-04 11:44:25.122 32704   743 E GeckoConsole: [JavaScript Error: "TypeError: can't access property "WindowEventDispatcher", win is null" {file: "resource://gre/modules/GeckoViewSessionStore.sys.mjs" line: 149}]
06-04 11:44:25.122 32704   743 E GeckoConsole: onTabStateUpdate@resource://gre/modules/GeckoViewSessionStore.sys.mjs:149:5
06-04 11:44:25.122 32704   743 E GeckoConsole: updateSessionStoreFromTabListener@resource://gre/modules/GeckoViewSessionStore.sys.mjs:243:10
06-04 11:44:25.122 32704   743 E GeckoConsole: SSF_updateSessionStore@resource://gre/modules/SessionStoreFunctions.sys.mjs:46:27
06-04 11:44:25.122 32704   743 E GeckoConsole: UpdateSessionStore@resource://gre/modules/SessionStoreFunctions.sys.mjs:16:46
06-04 11:44:25.123 32704   743 E GeckoConsole: [JavaScript Error: "TypeError: can't access property "WindowEventDispatcher", win is null" {file: "resource://gre/modules/GeckoViewSessionStore.sys.mjs" line: 149}]
06-04 11:44:25.123 32704   743 E GeckoConsole: onTabStateUpdate@resource://gre/modules/GeckoViewSessionStore.sys.mjs:149:5
06-04 11:44:25.123 32704   743 E GeckoConsole: updateSessionStoreFromTabListener@resource://gre/modules/GeckoViewSessionStore.sys.mjs:243:10
06-04 11:44:25.123 32704   743 E GeckoConsole: SSF_updateSessionStore@resource://gre/modules/SessionStoreFunctions.sys.mjs:46:27
06-04 11:44:25.123 32704   743 E GeckoConsole: UpdateSessionStore@resource://gre/modules/SessionStoreFunctions.sys.mjs:16:46
06-04 11:44:25.123 32704   743 E GeckoConsole: [JavaScript Error: "TypeError: can't access property "WindowEventDispatcher", win is null" {file: "resource://gre/modules/GeckoViewSessionStore.sys.mjs" line: 149}]
06-04 11:44:25.123 32704   743 E GeckoConsole: onTabStateUpdate@resource://gre/modules/GeckoViewSessionStore.sys.mjs:149:5
06-04 11:44:25.123 32704   743 E GeckoConsole: updateSessionStoreFromTabListener@resource://gre/modules/GeckoViewSessionStore.sys.mjs:243:10
06-04 11:44:25.123 32704   743 E GeckoConsole: SSF_updateSessionStore@resource://gre/modules/SessionStoreFunctions.sys.mjs:46:27
06-04 11:44:25.123 32704   743 E GeckoConsole: UpdateSessionStore@resource://gre/modules/SessionStoreFunctions.sys.mjs:16:46
06-04 11:44:25.123 32704   743 E GeckoConsole: [JavaScript Error: "TypeError: can't access property "WindowEventDispatcher", win is null" {file: "resource://gre/modules/GeckoViewSessionStore.sys.mjs" line: 149}]
06-04 11:44:25.123 32704   743 E GeckoConsole: onTabStateUpdate@resource://gre/modules/GeckoViewSessionStore.sys.mjs:149:5
06-04 11:44:25.123 32704   743 E GeckoConsole: updateSessionStoreFromTabListener@resource://gre/modules/GeckoViewSessionStore.sys.mjs:243:10
06-04 11:44:25.123 32704   743 E GeckoConsole: SSF_updateSessionStore@resource://gre/modules/SessionStoreFunctions.sys.mjs:46:27
06-04 11:44:25.123 32704   743 E GeckoConsole: UpdateSessionStore@resource://gre/modules/SessionStoreFunctions.sys.mjs:16:46
06-04 11:44:25.123 32704   743 E GeckoConsole: [JavaScript Error: "TypeError: can't access property "WindowEventDispatcher", win is null" {file: "resource://gre/modules/GeckoViewSessionStore.sys.mjs" line: 149}]
06-04 11:44:25.123 32704   743 E GeckoConsole: onTabStateUpdate@resource://gre/modules/GeckoViewSessionStore.sys.mjs:149:5
06-04 11:44:25.123 32704   743 E GeckoConsole: updateSessionStoreFromTabListener@resource://gre/modules/GeckoViewSessionStore.sys.mjs:243:10
06-04 11:44:25.123 32704   743 E GeckoConsole: SSF_updateSessionStore@resource://gre/modules/SessionStoreFunctions.sys.mjs:46:27
06-04 11:44:25.123 32704   743 E GeckoConsole: UpdateSessionStore@resource://gre/modules/SessionStoreFunctions.sys.mjs:16:46
06-04 11:44:25.123 32704   743 E GeckoConsole: [JavaScript Error: "TypeError: can't access property "WindowEventDispatcher", win is null" {file: "resource://gre/modules/GeckoViewSessionStore.sys.mjs" line: 149}]
06-04 11:44:25.123 32704   743 E GeckoConsole: onTabStateUpdate@resource://gre/modules/GeckoViewSessionStore.sys.mjs:149:5
06-04 11:44:25.123 32704   743 E GeckoConsole: updateSessionStoreFromTabListener@resource://gre/modules/GeckoViewSessionStore.sys.mjs:243:10
06-04 11:44:25.123 32704   743 E GeckoConsole: SSF_updateSessionStore@resource://gre/modules/SessionStoreFunctions.sys.mjs:46:27
06-04 11:44:25.123 32704   743 E GeckoConsole: UpdateSessionStore@resource://gre/modules/SessionStoreFunctions.sys.mjs:16:46
06-04 11:44:25.123 32704   743 E GeckoConsole: [JavaScript Error: "TypeError: can't access property "WindowEventDispatcher", win is null" {file: "resource://gre/modules/GeckoViewSessionStore.sys.mjs" line: 149}]
06-04 11:44:25.123 32704   743 E GeckoConsole: onTabStateUpdate@resource://gre/modules/GeckoViewSessionStore.sys.mjs:149:5
06-04 11:44:25.123 32704   743 E GeckoConsole: updateSessionStoreFromTabListener@resource://gre/modules/GeckoViewSessionStore.sys.mjs:243:10
06-04 11:44:25.123 32704   743 E GeckoConsole: SSF_updateSessionStore@resource://gre/modules/SessionStoreFunctions.sys.mjs:46:27
06-04 11:44:25.123 32704   743 E GeckoConsole: UpdateSessionStore@resource://gre/modules/SessionStoreFunctions.sys.mjs:16:46
06-04 11:44:25.124 32704   743 E GeckoConsole: [JavaScript Error: "TypeError: can't access property "WindowEventDispatcher", win is null" {file: "resource://gre/modules/GeckoViewSessionStore.sys.mjs" line: 149}]
06-04 11:44:25.124 32704   743 E GeckoConsole: onTabStateUpdate@resource://gre/modules/GeckoViewSessionStore.sys.mjs:149:5
06-04 11:44:25.124 32704   743 E GeckoConsole: updateSessionStoreFromTabListener@resource://gre/modules/GeckoViewSessionStore.sys.mjs:243:10
06-04 11:44:25.124 32704   743 E GeckoConsole: SSF_updateSessionStore@resource://gre/modules/SessionStoreFunctions.sys.mjs:46:27
06-04 11:44:25.124 32704   743 E GeckoConsole: UpdateSessionStore@resource://gre/modules/SessionStoreFunctions.sys.mjs:16:46
06-04 11:44:25.126 32704   743 E GeckoConsole: [JavaScript Error: "TypeError: can't access property "WindowEventDispatcher", win is null" {file: "resource://gre/modules/GeckoViewSessionStore.sys.mjs" line: 149}]
06-04 11:44:25.126 32704   743 E GeckoConsole: onTabStateUpdate@resource://gre/modules/GeckoViewSessionStore.sys.mjs:149:5
06-04 11:44:25.126 32704   743 E GeckoConsole: updateSessionStoreFromTabListener@resource://gre/modules/GeckoViewSessionStore.sys.mjs:243:10
06-04 11:44:25.126 32704   743 E GeckoConsole: SSF_updateSessionStore@resource://gre/modules/SessionStoreFunctions.sys.mjs:46:27
06-04 11:44:25.126 32704   743 E GeckoConsole: UpdateSessionStore@resource://gre/modules/SessionStoreFunctions.sys.mjs:16:46
06-04 11:44:25.127 32704   743 E GeckoConsole: [JavaScript Error: "TypeError: can't access property "WindowEventDispatcher", win is null" {file: "resource://gre/modules/GeckoViewSessionStore.sys.mjs" line: 149}]
06-04 11:44:25.127 32704   743 E GeckoConsole: onTabStateUpdate@resource://gre/modules/GeckoViewSessionStore.sys.mjs:149:5
06-04 11:44:25.127 32704   743 E GeckoConsole: updateSessionStoreFromTabListener@resource://gre/modules/GeckoViewSessionStore.sys.mjs:243:10
06-04 11:44:25.127 32704   743 E GeckoConsole: SSF_updateSessionStore@resource://gre/modules/SessionStoreFunctions.sys.mjs:46:27
06-04 11:44:25.127 32704   743 E GeckoConsole: UpdateSessionStore@resource://gre/modules/SessionStoreFunctions.sys.mjs:16:46
06-04 11:44:25.140 32704   743 E GeckoConsole: [JavaScript Error: "TypeError: can't access property "WindowEventDispatcher", win is null" {file: "resource://gre/modules/GeckoViewSessionStore.sys.mjs" line: 149}]
06-04 11:44:25.140 32704   743 E GeckoConsole: onTabStateUpdate@resource://gre/modules/GeckoViewSessionStore.sys.mjs:149:5
06-04 11:44:25.140 32704   743 E GeckoConsole: updateSessionStoreFromTabListener@resource://gre/modules/GeckoViewSessionStore.sys.mjs:243:10
06-04 11:44:25.140 32704   743 E GeckoConsole: SSF_updateSessionStore@resource://gre/modules/SessionStoreFunctions.sys.mjs:46:27
06-04 11:44:25.140 32704   743 E GeckoConsole: UpdateSessionStore@resource://gre/modules/SessionStoreFunctions.sys.mjs:16:46
06-04 11:44:25.141 32704   743 E GeckoConsole: [JavaScript Error: "TypeError: can't access property "WindowEventDispatcher", win is null" {file: "resource://gre/modules/GeckoViewSessionStore.sys.mjs" line: 149}]
06-04 11:44:25.141 32704   743 E GeckoConsole: onTabStateUpdate@resource://gre/modules/GeckoViewSessionStore.sys.mjs:149:5
06-04 11:44:25.141 32704   743 E GeckoConsole: updateSessionStoreFromTabListener@resource://gre/modules/GeckoViewSessionStore.sys.mjs:243:10
06-04 11:44:25.141 32704   743 E GeckoConsole: SSF_updateSessionStore@resource://gre/modules/SessionStoreFunctions.sys.mjs:46:27
06-04 11:44:25.141 32704   743 E GeckoConsole: UpdateSessionStore@resource://gre/modules/SessionStoreFunctions.sys.mjs:16:46
06-04 11:44:25.619   988  1023 W libEGL  : EGLNativeWindowType 0xb4000075cba23010 disconnect failed
06-04 11:44:25.619   988  1023 W libEGL  : EGLNativeWindowType 0xb4000075cb7f4010 disconnect failed
06-04 11:44:25.620   988  1023 W libEGL  : EGLNativeWindowType 0xb4000075cb80f810 disconnect failed
06-04 11:44:25.621   988  1023 W libEGL  : EGLNativeWindowType 0xb4000075c0a31010 disconnect failed
06-04 11:44:31.190  3308  3308 E ibekey.keyboar: Unknown bits set in runtime_flags: 0x40000000
06-04 11:44:31.322  3308  3308 W i0      : Could not load system glide typing library jni_latinimegoogle: dlopen failed: library "libjni_latinimegoogle.so" not found
06-04 11:44:31.408  3308  3308 W t       : No editor info for this field. Bug?
06-04 11:44:31.449  3308  3308 W ibekey.keyboar: ClassLoaderContext classpath size mismatch. expected=1, found=0 (DLC[];PCL[base.apk*4009363210]{PCL[/system/framework/org.apache.http.legacy.jar*3034548894]#PCL[/apex/com.android.extservices/javalib/android.ext.adservices.jar*3839736497]#PCL[/system/framework/com.android.location.provider.jar*3633238672]#PCL[/system/framework/com.android.media.remotedisplay.jar*3472798123]#PCL[/apex/com.android.extservices/javalib/android.ext.adservices.jar*3839736497]} | DLC[];PCL[])
06-04 11:44:31.457  3308  3308 W System  : ClassLoader referenced unknown path: 
06-04 11:44:31.460  3308  3308 W ibekey.keyboar: ClassLoaderContext classpath element checksum mismatch. expected=4009363210, found=1457852724 (DLC[];PCL[base.apk*4009363210]{PCL[/system/framework/org.apache.http.legacy.jar*3034548894]#PCL[/apex/com.android.extservices/javalib/android.ext.adservices.jar*3839736497]#PCL[/system/framework/com.android.location.provider.jar*3633238672]#PCL[/system/framework/com.android.media.remotedisplay.jar*3472798123]#PCL[/apex/com.android.extservices/javalib/android.ext.adservices.jar*3839736497]} | DLC[];PCL[/data/app/~~eCzCyZhEnnvXVtXGagrAuQ==/com.vibekey.keyboard-u4n2yxC8IIcGU8l5tKhr2w==/base.apk*1457852724]{PCL[/apex/com.android.extservices/javalib/android.ext.adservices.jar*3839736497]})
06-04 11:44:31.515  3308  3308 E ibekey.keyboar: ofbOpen failed with error=No such file or directory
06-04 11:44:31.515  3308  3308 E ibekey.keyboar: sysOpen failed with error=No such file or directory
06-04 11:44:31.532  3308  3367 W Ads     : Update ad debug logging enablement as false
06-04 11:44:31.549  3308  3308 E MultiApp.Impl: OplusMultiAppImpl
06-04 11:44:31.610  3308  3402 W libc    : Access denied finding property "ro.vendor.api_level"
06-04 11:44:31.614  3308  3308 W chromium: [WARNING:android_webview/browser/network_service/net_helpers.cc:137] HTTP Cache size is: 20971520
06-04 11:44:31.662  3308  3479 W libc    : Access denied finding property "vendor.camera.aux.packagelist"
06-04 11:44:31.662  3308  3479 W libc    : Access denied finding property "vendor.camera.aux.packagelist"
06-04 11:44:31.662  3308  3324 W libc    : Access denied finding property "vendor.camera.aux.packagelist"
06-04 11:44:31.667  3308  3308 E OplusCustomizeRestrictionManager: sInstance is null, start a new sInstance
06-04 11:44:31.999  3308  3308 W View    : requestLayout() improperly called by android.widget.LinearLayout{fa92884 V.E...... ......ID 0,1973-1440,2923 #7f0a011b app:id/main_keyboard_frame} during layout: running second layout pass
06-04 11:44:32.053  3308  3414 W cr_media: BLUETOOTH_CONNECT permission is missing.
06-04 11:44:32.054  3308  3414 W cr_media: getBluetoothAdapter() requires BLUETOOTH permission
06-04 11:44:32.054  3308  3414 W cr_media: registerBluetoothIntentsIfNeeded: Requires BLUETOOTH permission
06-04 11:44:32.163  3308  3437 W AudioCapabilities: Unsupported mime audio/ffmpeg
06-04 11:44:32.163  3308  3437 W VideoCapabilities: Unsupported mime video/ffmpeg
06-04 11:44:32.164  3308  3437 W VideoCapabilities: Unrecognized profile/level 0/3 for video/mpeg2
06-04 11:44:32.164  3308  3437 W VideoCapabilities: Unrecognized profile/level 0/3 for video/mpeg2
06-04 11:44:32.197  3308  3524 W BrowserGeckoPrewarm: Gecko prewarm error
06-04 11:44:32.197  3308  3524 W BrowserGeckoPrewarm: java.lang.IllegalThreadStateException: Expected thread 2 ("main"), but running on thread 42663 ("DefaultDispatcher-worker-6")
06-04 11:44:32.197  3308  3524 W BrowserGeckoPrewarm: 	at org.mozilla.gecko.util.k.a(r8-map-id-29a537fd8c91205b39e5cd9de72f172c9f46eb7ce7298e810a86de0abb43ac70:62)
06-04 11:44:32.197  3308  3524 W BrowserGeckoPrewarm: 	at org.mozilla.gecko.util.k.b(r8-map-id-29a537fd8c91205b39e5cd9de72f172c9f46eb7ce7298e810a86de0abb43ac70:3)
06-04 11:44:32.197  3308  3524 W BrowserGeckoPrewarm: 	at org.mozilla.geckoview.GeckoRuntime.create(r8-map-id-29a537fd8c91205b39e5cd9de72f172c9f46eb7ce7298e810a86de0abb43ac70:3)
06-04 11:44:32.197  3308  3524 W BrowserGeckoPrewarm: 	at y7.y1.a(r8-map-id-29a537fd8c91205b39e5cd9de72f172c9f46eb7ce7298e810a86de0abb43ac70:114)
06-04 11:44:32.197  3308  3524 W BrowserGeckoPrewarm: 	at i3.a.invokeSuspend(r8-map-id-29a537fd8c91205b39e5cd9de72f172c9f46eb7ce7298e810a86de0abb43ac70:58)
06-04 11:44:32.197  3308  3524 W BrowserGeckoPrewarm: 	at t8.a.resumeWith(r8-map-id-29a537fd8c91205b39e5cd9de72f172c9f46eb7ce7298e810a86de0abb43ac70:9)
06-04 11:44:32.197  3308  3524 W BrowserGeckoPrewarm: 	at m9.h0.run(r8-map-id-29a537fd8c91205b39e5cd9de72f172c9f46eb7ce7298e810a86de0abb43ac70:115)
06-04 11:44:32.197  3308  3524 W BrowserGeckoPrewarm: 	at c5.t.run(r8-map-id-29a537fd8c91205b39e5cd9de72f172c9f46eb7ce7298e810a86de0abb43ac70:76)
06-04 11:44:32.197  3308  3524 W BrowserGeckoPrewarm: 	at t9.j.run(r8-map-id-29a537fd8c91205b39e5cd9de72f172c9f46eb7ce7298e810a86de0abb43ac70:3)
06-04 11:44:32.197  3308  3524 W BrowserGeckoPrewarm: 	at t9.a.run(r8-map-id-29a537fd8c91205b39e5cd9de72f172c9f46eb7ce7298e810a86de0abb43ac70:88)
06-04 11:44:33.143  3308  3308 W View    : requestLayout() improperly called by android.widget.FrameLayout{1420cc3 V.E...... ......ID 0,1677-1440,1857 #7f0a0087 app:id/browser_nav_footer_float} during layout: running second layout pass
06-04 11:44:33.166  3308  3541 W Settings: Setting animator_duration_scale has moved from android.provider.Settings.System to android.provider.Settings.Global, returning read-only global URI.
06-04 11:44:33.170  3308  3308 E GeckoView: Failed to attach WindowInsetsListener: 
06-04 11:44:33.170  3308  3308 E GeckoView: java.lang.NullPointerException: Attempt to invoke virtual method 'android.view.Window android.app.Activity.getWindow()' on a null object reference
06-04 11:44:33.170  3308  3308 E GeckoView: 	at org.mozilla.geckoview.GeckoView.attachWindowInsetsListener(r8-map-id-29a537fd8c91205b39e5cd9de72f172c9f46eb7ce7298e810a86de0abb43ac70:1)
06-04 11:44:33.170  3308  3308 E GeckoView: 	at org.mozilla.geckoview.GeckoView.onAttachedToWindow(r8-map-id-29a537fd8c91205b39e5cd9de72f172c9f46eb7ce7298e810a86de0abb43ac70:49)
06-04 11:44:33.170  3308  3308 E GeckoView: 	at android.view.View.dispatchAttachedToWindow(View.java:20900)
06-04 11:44:33.170  3308  3308 E GeckoView: 	at android.view.ViewGroup.dispatchAttachedToWindow(ViewGroup.java:3539)
06-04 11:44:33.170  3308  3308 E GeckoView: 	at android.view.ViewGroup.addViewInner(ViewGroup.java:5378)
06-04 11:44:33.170  3308  3308 E GeckoView: 	at android.view.ViewGroup.addView(ViewGroup.java:5156)
06-04 11:44:33.170  3308  3308 E GeckoView: 	at android.view.ViewGroup.addView(ViewGroup.java:5096)
06-04 11:44:33.170  3308  3308 E GeckoView: 	at helium314.keyboard.latin.panels.BrowserPanelView.X(r8-map-id-29a537fd8c91205b39e5cd9de72f172c9f46eb7ce7298e810a86de0abb43ac70:363)
06-04 11:44:33.170  3308  3308 E GeckoView: 	at helium314.keyboard.latin.panels.BrowserPanelView.E0(r8-map-id-29a537fd8c91205b39e5cd9de72f172c9f46eb7ce7298e810a86de0abb43ac70:98)
06-04 11:44:33.170  3308  3308 E GeckoView: 	at c5.t.run(r8-map-id-29a537fd8c91205b39e5cd9de72f172c9f46eb7ce7298e810a86de0abb43ac70:622)
06-04 11:44:33.170  3308  3308 E GeckoView: 	at g7.y.onGlobalLayout(r8-map-id-29a537fd8c91205b39e5cd9de72f172c9f46eb7ce7298e810a86de0abb43ac70:8)
06-04 11:44:33.170  3308  3308 E GeckoView: 	at android.view.ViewTreeObserver.dispatchOnGlobalLayout(ViewTreeObserver.java:1061)
06-04 11:44:33.170  3308  3308 E GeckoView: 	at android.view.ViewRootImpl.performTraversals(ViewRootImpl.java:3407)
06-04 11:44:33.170  3308  3308 E GeckoView: 	at android.view.ViewRootImpl.doTraversal(ViewRootImpl.java:2305)
06-04 11:44:33.170  3308  3308 E GeckoView: 	at android.view.ViewRootImpl$TraversalRunnable.run(ViewRootImpl.java:9133)
06-04 11:44:33.170  3308  3308 E GeckoView: 	at android.view.Choreographer$CallbackRecord.run(Choreographer.java:1232)
06-04 11:44:33.170  3308  3308 E GeckoView: 	at android.view.Choreographer.doCallbacks(Choreographer.java:1029)
06-04 11:44:33.170  3308  3308 E GeckoView: 	at android.view.Choreographer.doFrame(Choreographer.java:934)
06-04 11:44:33.170  3308  3308 E GeckoView: 	at android.view.Choreographer$FrameDisplayEventReceiver.run(Choreographer.java:1217)
06-04 11:44:33.170  3308  3308 E GeckoView: 	at android.os.Handler.handleCallback(Handler.java:938)
06-04 11:44:33.170  3308  3308 E GeckoView: 	at android.os.Handler.dispatchMessage(Handler.java:99)
06-04 11:44:33.170  3308  3308 E GeckoView: 	at android.os.Looper.loopOnce(Looper.java:233)
06-04 11:44:33.170  3308  3308 E GeckoView: 	at android.os.Looper.loop(Looper.java:344)
06-04 11:44:33.170  3308  3308 E GeckoView: 	at android.app.ActivityThread.main(ActivityThread.java:8212)
06-04 11:44:33.170  3308  3308 E GeckoView: 	at java.lang.reflect.Method.invoke(Native Method)
06-04 11:44:33.170  3308  3308 E GeckoView: 	at com.android.internal.os.RuntimeInit$MethodAndArgsCaller.run(RuntimeInit.java:584)
06-04 11:44:33.170  3308  3308 E GeckoView: 	at com.android.internal.os.ZygoteInit.main(ZygoteInit.java:1034)
06-04 11:44:33.170  3308  3541 E GeckoLibLoad: Load sqlite start
06-04 11:44:33.171  3308  3541 E GeckoLibLoad: Load sqlite done
06-04 11:44:33.171  3308  3541 E GeckoLibLoad: Load nss start
06-04 11:44:33.171  3308  3541 E GeckoLibLoad: Load nss done
06-04 11:44:33.181  3308  3541 E GeckoLibLoad: Loaded libs in 9.488854ms total, 0ms(21ms) user, 8ms(10ms) system, 0(0) faults
06-04 11:44:33.182  3308  3541 W GeckoThread: zerdatime 264716043 - runGecko
06-04 11:44:33.207  3308  3308 W View    : requestLayout() improperly called by helium314.keyboard.latin.panels.BrowserPanelView{d09bc1d V.E...... ......ID 0,0-1440,2040} during layout: running second layout pass
06-04 11:44:33.240  3308  3308 W View    : requestLayout() improperly called by helium314.keyboard.latin.panels.BrowserPanelView{d09bc1d V.E...... ......ID 0,0-1440,2040} during layout: running second layout pass
06-04 11:44:33.246  3308  3308 W View    : requestLayout() improperly called by helium314.keyboard.latin.panels.BrowserPanelView{d09bc1d V.E...... ......I. 0,0-1440,2040} during second layout pass: posting in next frame
06-04 11:44:33.247  3308  3308 W View    : requestLayout() improperly called by helium314.keyboard.latin.panels.BrowserPanelView{d09bc1d V.E...... ......ID 0,0-1440,2040} during layout: running second layout pass
06-04 11:44:33.236  3308  3308 W com.vibekey.keyboard: type=1400 audit(0.0:113184): avc: denied { bind } for comm=4E65746C696E6B204D6F6E69746F72 scontext=u:r:untrusted_app:s0:c82,c271,c512,c768 tcontext=u:r:untrusted_app:s0:c82,c271,c512,c768 tclass=netlink_route_socket permissive=0 bug=b/155595000 app=com.vibekey.keyboard
06-04 11:44:33.252  3308  3308 W View    : requestLayout() improperly called by helium314.keyboard.latin.panels.BrowserPanelView{d09bc1d V.E...... ........ 0,0-1440,2040} during second layout pass: posting in next frame
06-04 11:44:33.258  3308  3308 W View    : requestLayout() improperly called by helium314.keyboard.latin.panels.BrowserPanelView{d09bc1d V.E...... ......ID 0,0-1440,2040} during layout: running second layout pass
06-04 11:44:33.268  3308  3308 W View    : requestLayout() improperly called by helium314.keyboard.latin.panels.BrowserPanelView{d09bc1d V.E...... ........ 0,0-1440,2040} during second layout pass: posting in next frame
06-04 11:44:33.271  3308  3308 W View    : requestLayout() improperly called by helium314.keyboard.latin.panels.BrowserPanelView{d09bc1d V.E...... ......I. 0,0-1440,2040} during layout: running second layout pass
06-04 11:44:33.272  3308  3541 E ibekey.keyboar: hiddenapi: Accessing hidden field Ljava/lang/Boolean;->value:Z (runtime_flags=0, domain=core-platform, api=max-target-p) from Lorg/mozilla/gecko/GeckoThread; (domain=app, TargetSdkVersion=35) using JNI: denied
06-04 11:44:33.272  3308  3541 E ibekey.keyboar: hiddenapi: Accessing hidden field Ljava/lang/Integer;->value:I (runtime_flags=0, domain=core-platform, api=max-target-p) from Lorg/mozilla/gecko/GeckoThread; (domain=app, TargetSdkVersion=35) using JNI: denied
06-04 11:44:33.272  3308  3541 E ibekey.keyboar: hiddenapi: Accessing hidden field Ljava/lang/Long;->value:J (runtime_flags=0, domain=core-platform, api=max-target-p) from Lorg/mozilla/gecko/GeckoThread; (domain=app, TargetSdkVersion=35) using JNI: denied
06-04 11:44:33.272  3308  3541 E ibekey.keyboar: hiddenapi: Accessing hidden field Ljava/lang/Double;->value:D (runtime_flags=0, domain=core-platform, api=max-target-p) from Lorg/mozilla/gecko/GeckoThread; (domain=app, TargetSdkVersion=35) using JNI: denied
06-04 11:44:33.283  3308  3308 W View    : requestLayout() improperly called by helium314.keyboard.latin.panels.BrowserPanelView{d09bc1d V.E...... ........ 0,0-1440,2040} during second layout pass: posting in next frame
06-04 11:44:33.293  3308  3308 W View    : requestLayout() improperly called by helium314.keyboard.latin.panels.BrowserPanelView{d09bc1d V.E...... ......I. 0,0-1440,2040} during layout: running second layout pass
06-04 11:44:33.302  3308  3308 W View    : requestLayout() improperly called by helium314.keyboard.latin.panels.BrowserPanelView{d09bc1d V.E...... ........ 0,0-1440,2040} during second layout pass: posting in next frame
06-04 11:44:33.304  3308  3308 W View    : requestLayout() improperly called by helium314.keyboard.latin.panels.BrowserPanelView{d09bc1d V.E...... ......I. 0,0-1440,2040} during layout: running second layout pass
06-04 11:44:33.313  3586  3586 E y.keyboard:tab: Unknown bits set in runtime_flags: 0x40000000
06-04 11:44:33.317  3308  3308 W View    : requestLayout() improperly called by helium314.keyboard.latin.panels.BrowserPanelView{d09bc1d V.E...... ........ 0,0-1440,2040} during second layout pass: posting in next frame
06-04 11:44:33.321  3308  3308 W View    : requestLayout() improperly called by helium314.keyboard.latin.panels.BrowserPanelView{d09bc1d V.E...... ......ID 0,0-1440,2040} during layout: running second layout pass
06-04 11:44:33.334  3308  3308 W View    : requestLayout() improperly called by helium314.keyboard.latin.panels.BrowserPanelView{d09bc1d V.E...... ........ 0,0-1440,2040} during second layout pass: posting in next frame
06-04 11:44:33.339  3308  3308 W View    : requestLayout() improperly called by helium314.keyboard.latin.panels.BrowserPanelView{d09bc1d V.E...... ......I. 0,0-1440,2040} during layout: running second layout pass
06-04 11:44:33.352  3308  3308 W View    : requestLayout() improperly called by helium314.keyboard.latin.panels.BrowserPanelView{d09bc1d V.E...... ........ 0,0-1440,2040} during second layout pass: posting in next frame
06-04 11:44:33.355  3308  3308 W View    : requestLayout() improperly called by helium314.keyboard.latin.panels.BrowserPanelView{d09bc1d V.E...... ......I. 0,0-1440,2040} during layout: running second layout pass
06-04 11:44:33.363  3308  3308 W View    : requestLayout() improperly called by helium314.keyboard.latin.panels.BrowserPanelView{d09bc1d V.E...... ........ 0,0-1440,2040} during second layout pass: posting in next frame
06-04 11:44:33.370  3308  3308 W View    : requestLayout() improperly called by helium314.keyboard.latin.panels.BrowserPanelView{d09bc1d V.E...... ......I. 0,0-1440,2040} during layout: running second layout pass
06-04 11:44:33.375  3308  3308 W View    : requestLayout() improperly called by helium314.keyboard.latin.panels.BrowserPanelView{d09bc1d V.E...... ........ 0,0-1440,2040} during second layout pass: posting in next frame
06-04 11:44:33.391  3308  3308 W View    : requestLayout() improperly called by helium314.keyboard.latin.panels.BrowserPanelView{d09bc1d V.E...... ......I. 0,0-1440,2040} during layout: running second layout pass
06-04 11:44:33.395  3308  3308 W View    : requestLayout() improperly called by helium314.keyboard.latin.panels.BrowserPanelView{d09bc1d V.E...... ......I. 0,0-1440,2040} during second layout pass: posting in next frame
06-04 11:44:33.404  3308  3308 W View    : requestLayout() improperly called by helium314.keyboard.latin.panels.BrowserPanelView{d09bc1d V.E...... ......I. 0,0-1440,2040} during layout: running second layout pass
06-04 11:44:33.409  3308  3308 W View    : requestLayout() improperly called by helium314.keyboard.latin.panels.BrowserPanelView{d09bc1d V.E...... ........ 0,0-1440,2040} during second layout pass: posting in next frame
06-04 11:44:33.413  3625  3625 E ey.keyboard:gp: Unknown bits set in runtime_flags: 0x40000000
06-04 11:44:33.421  3308  3308 W View    : requestLayout() improperly called by helium314.keyboard.latin.panels.BrowserPanelView{d09bc1d V.E...... ......I. 0,0-1440,2040} during layout: running second layout pass
06-04 11:44:33.427  3308  3308 W View    : requestLayout() improperly called by helium314.keyboard.latin.panels.BrowserPanelView{d09bc1d V.E...... ........ 0,0-1440,2040} during second layout pass: posting in next frame
06-04 11:44:33.438  3308  3308 W View    : requestLayout() improperly called by helium314.keyboard.latin.panels.BrowserPanelView{d09bc1d V.E...... ......I. 0,0-1440,2040} during layout: running second layout pass
06-04 11:44:33.442  3308  3308 W View    : requestLayout() improperly called by helium314.keyboard.latin.panels.BrowserPanelView{d09bc1d V.E...... ........ 0,0-1440,2040} during second layout pass: posting in next frame
06-04 11:44:33.453  3308  3308 W View    : requestLayout() improperly called by helium314.keyboard.latin.panels.BrowserPanelView{d09bc1d V.E...... ......I. 0,0-1440,2040} during layout: running second layout pass
06-04 11:44:33.456  3586  3635 E GeckoLibLoad: Load sqlite start
06-04 11:44:33.457  3586  3635 E GeckoLibLoad: Load sqlite done
06-04 11:44:33.458  3586  3635 E GeckoLibLoad: Load nss start
06-04 11:44:33.458  3586  3635 E GeckoLibLoad: Load nss done
06-04 11:44:33.465  3308  3308 W View    : requestLayout() improperly called by helium314.keyboard.latin.panels.BrowserPanelView{d09bc1d V.E...... ........ 0,0-1440,2040} during second layout pass: posting in next frame
06-04 11:44:33.469  3586  3635 E GeckoLibLoad: Loaded libs in 11.023907ms total, 0ms(1ms) user, 7ms(9ms) system, 0(0) faults
06-04 11:44:33.469  3586  3635 W GeckoThread: zerdatime 264716330 - runGecko
06-04 11:44:33.471  3625  3664 E GeckoLibLoad: Load sqlite start
06-04 11:44:33.471  3308  3308 W View    : requestLayout() improperly called by helium314.keyboard.latin.panels.BrowserPanelView{d09bc1d V.E...... ......I. 0,0-1440,2040} during layout: running second layout pass
06-04 11:44:33.473  3625  3664 E GeckoLibLoad: Load sqlite done
06-04 11:44:33.474  3625  3664 E GeckoLibLoad: Load nss start
06-04 11:44:33.474  3625  3664 E GeckoLibLoad: Load nss done
06-04 11:44:33.476  3308  3308 W View    : requestLayout() improperly called by helium314.keyboard.latin.panels.BrowserPanelView{d09bc1d V.E...... ........ 0,0-1440,2040} during second layout pass: posting in next frame
06-04 11:44:33.489  3308  3308 W View    : requestLayout() improperly called by helium314.keyboard.latin.panels.BrowserPanelView{d09bc1d V.E...... ......I. 0,0-1440,2040} during layout: running second layout pass
06-04 11:44:33.493  3308  3308 W View    : requestLayout() improperly called by helium314.keyboard.latin.panels.BrowserPanelView{d09bc1d V.E...... ........ 0,0-1440,2040} during second layout pass: posting in next frame
06-04 11:44:33.493  3625  3664 E GeckoLibLoad: Loaded libs in 19.492969ms total, 9ms(12ms) user, 7ms(4ms) system, 0(0) faults
06-04 11:44:33.494  3625  3664 W GeckoThread: zerdatime 264716355 - runGecko
06-04 11:44:33.504  3308  3308 W View    : requestLayout() improperly called by helium314.keyboard.latin.panels.BrowserPanelView{d09bc1d V.E...... ......I. 0,0-1440,2040} during layout: running second layout pass
06-04 11:44:33.509  3308  3308 W View    : requestLayout() improperly called by helium314.keyboard.latin.panels.BrowserPanelView{d09bc1d V.E...... ........ 0,0-1440,2040} during second layout pass: posting in next frame
06-04 11:44:33.521  3308  3308 W View    : requestLayout() improperly called by helium314.keyboard.latin.panels.BrowserPanelView{d09bc1d V.E...... ......I. 0,0-1440,2040} during layout: running second layout pass
06-04 11:44:33.527  3308  3308 W View    : requestLayout() improperly called by helium314.keyboard.latin.panels.BrowserPanelView{d09bc1d V.E...... ........ 0,0-1440,2040} during second layout pass: posting in next frame
06-04 11:44:33.537  3308  3308 W View    : requestLayout() improperly called by helium314.keyboard.latin.panels.BrowserPanelView{d09bc1d V.E...... ......I. 0,0-1440,2040} during layout: running second layout pass
06-04 11:44:33.541  3308  3308 W View    : requestLayout() improperly called by helium314.keyboard.latin.panels.BrowserPanelView{d09bc1d V.E...... ........ 0,0-1440,2040} during second layout pass: posting in next frame
06-04 11:44:33.545  3625  3691 W AudioCapabilities: Unsupported mime audio/ffmpeg
06-04 11:44:33.546  3625  3691 W VideoCapabilities: Unsupported mime video/ffmpeg
06-04 11:44:33.546  3625  3691 W VideoCapabilities: Unrecognized profile/level 0/3 for video/mpeg2
06-04 11:44:33.546  3625  3691 W VideoCapabilities: Unrecognized profile/level 0/3 for video/mpeg2
06-04 11:44:33.554  3308  3308 W View    : requestLayout() improperly called by helium314.keyboard.latin.panels.BrowserPanelView{d09bc1d V.E...... ......I. 0,0-1440,2040} during layout: running second layout pass
06-04 11:44:33.563  3625  3660 E ey.keyboard:gp: ofbOpen failed with error=No such file or directory
06-04 11:44:33.563  3625  3660 E ey.keyboard:gp: sysOpen failed with error=No such file or directory
06-04 11:44:33.565  3308  3308 W View    : requestLayout() improperly called by helium314.keyboard.latin.panels.BrowserPanelView{d09bc1d V.E...... ........ 0,0-1440,2040} during second layout pass: posting in next frame
06-04 11:44:33.570  3308  3308 W View    : requestLayout() improperly called by helium314.keyboard.latin.panels.BrowserPanelView{d09bc1d V.E...... ......I. 0,0-1440,2040} during layout: running second layout pass
06-04 11:44:33.577  3308  3308 W View    : requestLayout() improperly called by helium314.keyboard.latin.panels.BrowserPanelView{d09bc1d V.E...... ......ID 0,0-1440,2040} during second layout pass: posting in next frame
06-04 11:44:33.590  3308  3308 W View    : requestLayout() improperly called by helium314.keyboard.latin.panels.BrowserPanelView{d09bc1d V.E...... ......ID 0,0-1440,2040} during layout: running second layout pass
06-04 11:44:33.596  3308  3308 W View    : requestLayout() improperly called by helium314.keyboard.latin.panels.BrowserPanelView{d09bc1d V.E...... ........ 0,0-1440,2040} during second layout pass: posting in next frame
06-04 11:44:33.586  3308  3308 W com.vibekey.keyboard: type=1400 audit(0.0:113185): avc: denied { nlmsg_readpriv } for comm=536F636B657420546872656164 scontext=u:r:untrusted_app:s0:c82,c271,c512,c768 tcontext=u:r:untrusted_app:s0:c82,c271,c512,c768 tclass=netlink_route_socket permissive=0 bug=b/155595000 app=com.vibekey.keyboard
06-04 11:44:33.616  3308  3308 W View    : requestLayout() improperly called by helium314.keyboard.latin.panels.BrowserPanelView{d09bc1d V.E...... ......I. 0,0-1440,2040} during layout: running second layout pass
06-04 11:44:33.624  3308  3308 W View    : requestLayout() improperly called by helium314.keyboard.latin.panels.BrowserPanelView{d09bc1d V.E...... ......ID 0,0-1440,2040} during second layout pass: posting in next frame
06-04 11:44:33.634  3308  3386 E BLASTBufferQueue: BLASTBufferItemConsumer::onDisconnect()
