06-15 13:19:44.723 30376 30376 F DEBUG   :       #25 pc 00000000005b5390  /data/app/~~FXSxSzxa0pgReaTfSMynTQ==/com.vibekey.keyboard-DPcily4mNnM5ab6d82hhaw==/oat/arm64/base.vdex (p7.o.h+392)
06-15 13:19:44.723 30376 30376 F DEBUG   :       #26 pc 0000000000669a28  /apex/com.android.art/lib64/libart.so (nterp_helper+5720) (BuildId: 7087b2f2160bfbf3335d54ba9779e325)
06-15 13:19:44.723 30376 30376 F DEBUG   :       #27 pc 00000000005b51c0  /data/app/~~FXSxSzxa0pgReaTfSMynTQ==/com.vibekey.keyboard-DPcily4mNnM5ab6d82hhaw==/oat/arm64/base.vdex (p7.o.g+112)
06-15 13:19:44.723 30376 30376 F DEBUG   :       #28 pc 0000000000669a28  /apex/com.android.art/lib64/libart.so (nterp_helper+5720) (BuildId: 7087b2f2160bfbf3335d54ba9779e325)
06-15 13:19:44.723 30376 30376 F DEBUG   :       #29 pc 00000000005bd982  /data/app/~~FXSxSzxa0pgReaTfSMynTQ==/com.vibekey.keyboard-DPcily4mNnM5ab6d82hhaw==/oat/arm64/base.vdex (p7.i1.c+266)
06-15 13:19:44.723 30376 30376 F DEBUG   :       #30 pc 0000000000669a28  /apex/com.android.art/lib64/libart.so (nterp_helper+5720) (BuildId: 7087b2f2160bfbf3335d54ba9779e325)
06-15 13:19:44.723 30376 30376 F DEBUG   :       #31 pc 00000000005bd800  /data/app/~~FXSxSzxa0pgReaTfSMynTQ==/com.vibekey.keyboard-DPcily4mNnM5ab6d82hhaw==/oat/arm64/base.vdex (p7.i1.b+2656)
06-15 13:19:44.723 30376 30376 F DEBUG   :       #32 pc 0000000000669a28  /apex/com.android.art/lib64/libart.so (nterp_helper+5720) (BuildId: 7087b2f2160bfbf3335d54ba9779e325)
06-15 13:19:44.723 30376 30376 F DEBUG   :       #33 pc 0000000000af285a  /data/app/~~FXSxSzxa0pgReaTfSMynTQ==/com.vibekey.keyboard-DPcily4mNnM5ab6d82hhaw==/oat/arm64/base.vdex (x7.b.m+1458)
06-15 13:19:44.724 30376 30376 F DEBUG   :       #34 pc 0000000000669324  /apex/com.android.art/lib64/libart.so (nterp_helper+3924) (BuildId: 7087b2f2160bfbf3335d54ba9779e325)
06-15 13:19:44.724 30376 30376 F DEBUG   :       #35 pc 00000000001a3d46  /data/app/~~FXSxSzxa0pgReaTfSMynTQ==/com.vibekey.keyboard-DPcily4mNnM5ab6d82hhaw==/oat/arm64/base.vdex (a5.a.run+102)
06-15 13:19:44.724 30376 30376 F DEBUG   :       #36 pc 000000000066a144  /apex/com.android.art/lib64/libart.so (nterp_helper+7540) (BuildId: 7087b2f2160bfbf3335d54ba9779e325)
06-15 13:19:44.724 30376 30376 F DEBUG   :       #37 pc 0000000000aef71a  /data/app/~~FXSxSzxa0pgReaTfSMynTQ==/com.vibekey.keyboard-DPcily4mNnM5ab6d82hhaw==/oat/arm64/base.vdex (x7.d.handleMessage+18)
06-15 13:19:44.724 30376 30376 F DEBUG   :       #38 pc 000000000205b2d4  /memfd:jit-zygote-cache (deleted)
06-15 13:19:46.545 30393 30393 E OplusCustomizeRestrictionManager: sInstance is null, start a new sInstance
06-15 13:19:50.777 30393 30441 F libc    : Fatal signal 7 (SIGBUS), code 2 (BUS_ADRERR), fault addr 0x76665f4162 in tid 30441 (d), pid 30393 (AndroidUI)
06-15 13:19:52.054 30647 30647 F DEBUG   : Process name is com.vibekey.keyboard, not key_process
06-15 13:19:52.054 30647 30647 F DEBUG   : keyProcess: 0
06-15 13:19:52.054 30647 30647 F DEBUG   : *** *** *** *** *** *** *** *** *** *** *** *** *** *** *** ***
06-15 13:19:52.054 30647 30647 F DEBUG   : Build fingerprint: 'OnePlus/OnePlus7Pro/OnePlus7Pro:12/SKQ1.211113.001/P.202303230244:user/release-keys'
06-15 13:19:52.054 30647 30647 F DEBUG   : Revision: '0'
06-15 13:19:52.054 30647 30647 F DEBUG   : ABI: 'arm64'
06-15 13:19:52.054 30647 30647 F DEBUG   : Timestamp: 2026-06-15 13:19:51.146696067-0400
06-15 13:19:52.054 30647 30647 F DEBUG   : Process uptime: 0s
06-15 13:19:52.054 30647 30647 F DEBUG   : Cmdline: com.vibekey.keyboard
06-15 13:19:52.054 30647 30647 F DEBUG   : pid: 30393, tid: 30441, name: d  >>> com.vibekey.keyboard <<<
06-15 13:19:52.054 30647 30647 F DEBUG   : uid: 14096
06-15 13:19:52.054 30647 30647 F DEBUG   : signal 7 (SIGBUS), code 2 (BUS_ADRERR), fault addr 0x76665f4162
06-15 13:19:52.054 30647 30647 F DEBUG   :     x0  0000000000000000  x1  00000000000076e9  x2  0000000000000007  x3  00000076879deda0
06-15 13:19:52.054 30647 30647 F DEBUG   :     x4  00000076879de6a8  x5  00000076879de6a8  x6  00000076879de6a8  x7  0000000000000000
06-15 13:19:52.054 30647 30647 F DEBUG   :     x8  00000000000000f0  x9  db746b027190efc7  x10 0000000000004001  x11 0000000000000000
06-15 13:19:52.054 30647 30647 F DEBUG   :     x12 00000000ffffffff  x13 0000000000000000  x14 000000000000001f  x15 00000076665dc39e
06-15 13:19:52.054 30647 30647 F DEBUG   :     x16 000000757caad3a8  x17 00000076790b8f10  x18 000000755926a000  x19 0000000000000007
06-15 13:19:52.054 30647 30647 F DEBUG   :     x20 00000076879deda0  x21 00000000000076b9  x22 00000076879ded00  x23 0000000000000001
06-15 13:19:52.054 30647 30647 F DEBUG   :     x24 00000075cc17e000  x25 00000075cc17b9f0  x26 00000075cc17ba24  x27 0000000000000001
06-15 13:19:52.054 30647 30647 F DEBUG   :     x28 00000075cc17bfd8  x29 00000076879ded20
06-15 13:19:52.054 30647 30647 F DEBUG   :     lr  0000007576cbabc8  sp  00000076879ded00  pc  00000076790b8f34  pst 0000000000000000
06-15 13:19:52.054 30647 30647 F DEBUG   : backtrace:
06-15 13:19:52.054 30647 30647 F DEBUG   :       #00 pc 0000000000075f34  /apex/com.android.runtime/lib64/bionic/libc.so (syscall+36) (BuildId: bbbdeb7c87c74f1491f92c6e605095b0)
06-15 13:19:52.054 30647 30647 F DEBUG   :       #01 pc 00000000040a9bc4  /data/app/~~-XGWjzmdoRrM1YaZYK883A==/com.google.android.webview-HvpxCmuUIjPsZ4yTEw8s4w==/base.apk!libwebviewchromium.so (BuildId: f447b77da2d76e8d4d133b66c727c3ae532b54bf)
06-15 13:19:52.054 30647 30647 F DEBUG   :       #02 pc 00000000040a03c4  /data/app/~~-XGWjzmdoRrM1YaZYK883A==/com.google.android.webview-HvpxCmuUIjPsZ4yTEw8s4w==/base.apk!libwebviewchromium.so (BuildId: f447b77da2d76e8d4d133b66c727c3ae532b54bf)
06-15 13:19:52.054 30647 30647 F DEBUG   :       #03 pc 0000000000000638  [vdso] (__kernel_rt_sigreturn+0)
06-15 13:19:52.054 30647 30647 F DEBUG   :       #04 pc 00000000000b62f4  /data/app/~~FXSxSzxa0pgReaTfSMynTQ==/com.vibekey.keyboard-DPcily4mNnM5ab6d82hhaw==/lib/arm64/libjni_latinime.so (latinime::PatriciaTrieReadingUtils::getPtNodeArraySizeAndAdvancePosition(unsigned char const*, int, int*)+44) (BuildId: f905dbd1a904967a994cf833116e517b05caa863)
06-15 13:19:52.054 30647 30647 F DEBUG   :       #05 pc 00000000000b8b34  /data/app/~~FXSxSzxa0pgReaTfSMynTQ==/com.vibekey.keyboard-DPcily4mNnM5ab6d82hhaw==/lib/arm64/libjni_latinime.so (latinime::Ver2PtNodeArrayReader::readPtNodeArrayInfoAndReturnIfValid(int, int*, int*) const+80) (BuildId: f905dbd1a904967a994cf833116e517b05caa863)
06-15 13:19:52.054 30647 30647 F DEBUG   :       #06 pc 00000000000b4ce8  /data/app/~~FXSxSzxa0pgReaTfSMynTQ==/com.vibekey.keyboard-DPcily4mNnM5ab6d82hhaw==/lib/arm64/libjni_latinime.so (latinime::DynamicPtReadingHelper::nextPtNodeArray()+68) (BuildId: f905dbd1a904967a994cf833116e517b05caa863)
06-15 13:19:52.054 30647 30647 F DEBUG   :       #07 pc 00000000000b4c3c  /data/app/~~FXSxSzxa0pgReaTfSMynTQ==/com.vibekey.keyboard-DPcily4mNnM5ab6d82hhaw==/lib/arm64/libjni_latinime.so (latinime::DynamicPtReadingHelper::getTerminalPtNodePositionOfWord(int const*, unsigned long, bool)+432) (BuildId: f905dbd1a904967a994cf833116e517b05caa863)
06-15 13:19:52.054 30647 30647 F DEBUG   :       #08 pc 00000000000b7324  /data/app/~~FXSxSzxa0pgReaTfSMynTQ==/com.vibekey.keyboard-DPcily4mNnM5ab6d82hhaw==/lib/arm64/libjni_latinime.so (latinime::PatriciaTriePolicy::getWordId(latinime::IntArrayView, bool) const+184) (BuildId: f905dbd1a904967a994cf833116e517b05caa863)
06-15 13:19:52.054 30647 30647 F DEBUG   :       #09 pc 00000000000a7d54  /data/app/~~FXSxSzxa0pgReaTfSMynTQ==/com.vibekey.keyboard-DPcily4mNnM5ab6d82hhaw==/lib/arm64/libjni_latinime.so (latinime::NgramContext::getWordId(latinime::DictionaryStructureWithBufferPolicy const*, int const*, int, bool, bool)+232) (BuildId: f905dbd1a904967a994cf833116e517b05caa863)
06-15 13:19:52.054 30647 30647 F DEBUG   :       #10 pc 00000000000d337c  /data/app/~~FXSxSzxa0pgReaTfSMynTQ==/com.vibekey.keyboard-DPcily4mNnM5ab6d82hhaw==/lib/arm64/libjni_latinime.so (latinime::DicTraverseSession::init(latinime::Dictionary const*, latinime::NgramContext const*, latinime::SuggestOptions const*)+124) (BuildId: f905dbd1a904967a994cf833116e517b05caa863)
06-15 13:19:52.054 30647 30647 F DEBUG   :       #11 pc 00000000000c8bd0  /data/app/~~FXSxSzxa0pgReaTfSMynTQ==/com.vibekey.keyboard-DPcily4mNnM5ab6d82hhaw==/lib/arm64/libjni_latinime.so (latinime::Dictionary::getSuggestions(latinime::ProximityInfo*, latinime::DicTraverseSession*, int*, int*, int*, int*, int*, int, latinime::NgramContext const*, latinime::SuggestOptions const*, float, latinime::SuggestionResults*) const+104) (BuildId: f905dbd1a904967a994cf833116e517b05caa863)
06-15 13:19:52.054 30647 30647 F DEBUG   :       #12 pc 000000000009fd88  /data/app/~~FXSxSzxa0pgReaTfSMynTQ==/com.vibekey.keyboard-DPcily4mNnM5ab6d82hhaw==/lib/arm64/libjni_latinime.so (BuildId: f905dbd1a904967a994cf833116e517b05caa863)
06-15 13:19:52.054 30647 30647 F DEBUG   :       #13 pc 00000000002c2100  /apex/com.android.art/lib64/libart.so (art_quick_generic_jni_trampoline+144) (BuildId: 7087b2f2160bfbf3335d54ba9779e325)
06-15 13:19:52.054 30647 30647 F DEBUG   :       #14 pc 00000000006692dc  /apex/com.android.art/lib64/libart.so (nterp_helper+3852) (BuildId: 7087b2f2160bfbf3335d54ba9779e325)
06-15 13:19:52.054 30647 30647 F DEBUG   :       #15 pc 0000000000228a34  /data/app/~~FXSxSzxa0pgReaTfSMynTQ==/com.vibekey.keyboard-DPcily4mNnM5ab6d82hhaw==/oat/arm64/base.vdex (com.android.inputmethod.latin.BinaryDictionary.q+572)
06-15 13:19:52.054 30647 30647 F DEBUG   :       #16 pc 0000000000669a28  /apex/com.android.art/lib64/libart.so (nterp_helper+5720) (BuildId: 7087b2f2160bfbf3335d54ba9779e325)
06-15 13:19:52.054 30647 30647 F DEBUG   :       #17 pc 00000000002287b2  /data/app/~~FXSxSzxa0pgReaTfSMynTQ==/com.vibekey.keyboard-DPcily4mNnM5ab6d82hhaw==/oat/arm64/base.vdex (com.android.inputmethod.latin.BinaryDictionary.d+2)
06-15 13:19:52.054 30647 30647 F DEBUG   :       #18 pc 0000000000669a28  /apex/com.android.art/lib64/libart.so (nterp_helper+5720) (BuildId: 7087b2f2160bfbf3335d54ba9779e325)
06-15 13:19:52.054 30647 30647 F DEBUG   :       #19 pc 0000000000aeb686  /data/app/~~FXSxSzxa0pgReaTfSMynTQ==/com.vibekey.keyboard-DPcily4mNnM5ab6d82hhaw==/oat/arm64/base.vdex (v7.k.d+50)
06-15 13:19:52.054 30647 30647 F DEBUG   :       #20 pc 0000000000669a28  /apex/com.android.art/lib64/libart.so (nterp_helper+5720) (BuildId: 7087b2f2160bfbf3335d54ba9779e325)
06-15 13:19:52.054 30647 30647 F DEBUG   :       #21 pc 0000000000aea77e  /data/app/~~FXSxSzxa0pgReaTfSMynTQ==/com.vibekey.keyboard-DPcily4mNnM5ab6d82hhaw==/oat/arm64/base.vdex (v7.e.d+70)
06-15 13:19:52.054 30647 30647 F DEBUG   :       #22 pc 0000000000669a28  /apex/com.android.art/lib64/libart.so (nterp_helper+5720) (BuildId: 7087b2f2160bfbf3335d54ba9779e325)
06-15 13:19:52.054 30647 30647 F DEBUG   :       #23 pc 00000000005b5a2e  /data/app/~~FXSxSzxa0pgReaTfSMynTQ==/com.vibekey.keyboard-DPcily4mNnM5ab6d82hhaw==/oat/arm64/base.vdex (p7.o.i+334)
06-15 13:19:52.054 30647 30647 F DEBUG   :       #24 pc 0000000000669a28  /apex/com.android.art/lib64/libart.so (nterp_helper+5720) (BuildId: 7087b2f2160bfbf3335d54ba9779e325)
06-15 13:19:52.054 30647 30647 F DEBUG   :       #25 pc 00000000005b5390  /data/app/~~FXSxSzxa0pgReaTfSMynTQ==/com.vibekey.keyboard-DPcily4mNnM5ab6d82hhaw==/oat/arm64/base.vdex (p7.o.h+392)
06-15 13:19:52.054 30647 30647 F DEBUG   :       #26 pc 0000000000669a28  /apex/com.android.art/lib64/libart.so (nterp_helper+5720) (BuildId: 7087b2f2160bfbf3335d54ba9779e325)
06-15 13:19:52.054 30647 30647 F DEBUG   :       #27 pc 00000000005b51c0  /data/app/~~FXSxSzxa0pgReaTfSMynTQ==/com.vibekey.keyboard-DPcily4mNnM5ab6d82hhaw==/oat/arm64/base.vdex (p7.o.g+112)
06-15 13:19:52.054 30647 30647 F DEBUG   :       #28 pc 0000000000669a28  /apex/com.android.art/lib64/libart.so (nterp_helper+5720) (BuildId: 7087b2f2160bfbf3335d54ba9779e325)
06-15 13:19:52.054 30647 30647 F DEBUG   :       #29 pc 00000000005bd982  /data/app/~~FXSxSzxa0pgReaTfSMynTQ==/com.vibekey.keyboard-DPcily4mNnM5ab6d82hhaw==/oat/arm64/base.vdex (p7.i1.c+266)
06-15 13:19:52.054 30647 30647 F DEBUG   :       #30 pc 0000000000669a28  /apex/com.android.art/lib64/libart.so (nterp_helper+5720) (BuildId: 7087b2f2160bfbf3335d54ba9779e325)
06-15 13:19:52.054 30647 30647 F DEBUG   :       #31 pc 00000000005bd800  /data/app/~~FXSxSzxa0pgReaTfSMynTQ==/com.vibekey.keyboard-DPcily4mNnM5ab6d82hhaw==/oat/arm64/base.vdex (p7.i1.b+2656)
06-15 13:19:52.054 30647 30647 F DEBUG   :       #32 pc 0000000000669a28  /apex/com.android.art/lib64/libart.so (nterp_helper+5720) (BuildId: 7087b2f2160bfbf3335d54ba9779e325)
06-15 13:19:52.054 30647 30647 F DEBUG   :       #33 pc 0000000000af285a  /data/app/~~FXSxSzxa0pgReaTfSMynTQ==/com.vibekey.keyboard-DPcily4mNnM5ab6d82hhaw==/oat/arm64/base.vdex (x7.b.m+1458)
06-15 13:19:52.054 30647 30647 F DEBUG   :       #34 pc 0000000000669324  /apex/com.android.art/lib64/libart.so (nterp_helper+3924) (BuildId: 7087b2f2160bfbf3335d54ba9779e325)
06-15 13:19:52.054 30647 30647 F DEBUG   :       #35 pc 00000000001a3d46  /data/app/~~FXSxSzxa0pgReaTfSMynTQ==/com.vibekey.keyboard-DPcily4mNnM5ab6d82hhaw==/oat/arm64/base.vdex (a5.a.run+102)
06-15 13:19:52.054 30647 30647 F DEBUG   :       #36 pc 000000000066a144  /apex/com.android.art/lib64/libart.so (nterp_helper+7540) (BuildId: 7087b2f2160bfbf3335d54ba9779e325)
06-15 13:19:52.054 30647 30647 F DEBUG   :       #37 pc 0000000000aef71a  /data/app/~~FXSxSzxa0pgReaTfSMynTQ==/com.vibekey.keyboard-DPcily4mNnM5ab6d82hhaw==/oat/arm64/base.vdex (x7.d.handleMessage+18)
06-15 13:19:52.054 30647 30647 F DEBUG   :       #38 pc 000000000205b2d4  /memfd:jit-zygote-cache (deleted)
06-15 13:19:59.479 30686 30686 E OplusCustomizeRestrictionManager: sInstance is null, start a new sInstance
06-15 13:20:01.689 30686 30720 F libc    : Fatal signal 7 (SIGBUS), code 2 (BUS_ADRERR), fault addr 0x7666610019 in tid 30720 (d), pid 30686 (AndroidUI)
06-15 13:20:02.844 30931 30931 F DEBUG   : Process name is com.vibekey.keyboard, not key_process
06-15 13:20:02.844 30931 30931 F DEBUG   : keyProcess: 0
06-15 13:20:02.844 30931 30931 F DEBUG   : *** *** *** *** *** *** *** *** *** *** *** *** *** *** *** ***
06-15 13:20:02.844 30931 30931 F DEBUG   : Build fingerprint: 'OnePlus/OnePlus7Pro/OnePlus7Pro:12/SKQ1.211113.001/P.202303230244:user/release-keys'
06-15 13:20:02.844 30931 30931 F DEBUG   : Revision: '0'
06-15 13:20:02.844 30931 30931 F DEBUG   : ABI: 'arm64'
06-15 13:20:02.844 30931 30931 F DEBUG   : Timestamp: 2026-06-15 13:20:01.935996271-0400
06-15 13:20:02.845 30931 30931 F DEBUG   : Process uptime: 0s
06-15 13:20:02.845 30931 30931 F DEBUG   : Cmdline: com.vibekey.keyboard
06-15 13:20:02.845 30931 30931 F DEBUG   : pid: 30686, tid: 30720, name: d  >>> com.vibekey.keyboard <<<
06-15 13:20:02.845 30931 30931 F DEBUG   : uid: 14096
06-15 13:20:02.845 30931 30931 F DEBUG   : signal 7 (SIGBUS), code 2 (BUS_ADRERR), fault addr 0x7666610019
06-15 13:20:02.845 30931 30931 F DEBUG   :     x0  0000000000000000  x1  0000000000007800  x2  0000000000000007  x3  000000768da07da0
06-15 13:20:02.845 30931 30931 F DEBUG   :     x4  000000768da076a8  x5  000000768da076a8  x6  000000768da076a8  x7  0000000000000000
06-15 13:20:02.845 30931 30931 F DEBUG   :     x8  00000000000000f0  x9  db746b027190efc7  x10 0000000000004001  x11 0000000000000000
06-15 13:20:02.845 30931 30931 F DEBUG   :     x12 00000000ffffffff  x13 0000000000000000  x14 b400007414679808  x15 00000000358637bd
06-15 13:20:02.845 30931 30931 F DEBUG   :     x16 000000757caad3a8  x17 00000076790b8f10  x18 000000755bb40000  x19 0000000000000007
06-15 13:20:02.845 30931 30931 F DEBUG   :     x20 000000768da07da0  x21 00000000000077de  x22 000000768da07d00  x23 0000000000000001
06-15 13:20:02.845 30931 30931 F DEBUG   :     x24 00000075dbdad7e8  x25 b4000075cb9e8490  x26 0000000000075080  x27 b40000741420d140
06-15 13:20:02.845 30931 30931 F DEBUG   :     x28 0000000000000000  x29 000000768da07d20
06-15 13:20:02.845 30931 30931 F DEBUG   :     lr  0000007576cbabc8  sp  000000768da07d00  pc  00000076790b8f34  pst 0000000000000000
06-15 13:20:02.845 30931 30931 F DEBUG   : backtrace:
06-15 13:20:02.845 30931 30931 F DEBUG   :       #00 pc 0000000000075f34  /apex/com.android.runtime/lib64/bionic/libc.so (syscall+36) (BuildId: bbbdeb7c87c74f1491f92c6e605095b0)
06-15 13:20:02.845 30931 30931 F DEBUG   :       #01 pc 00000000040a9bc4  /data/app/~~-XGWjzmdoRrM1YaZYK883A==/com.google.android.webview-HvpxCmuUIjPsZ4yTEw8s4w==/base.apk!libwebviewchromium.so (BuildId: f447b77da2d76e8d4d133b66c727c3ae532b54bf)
06-15 13:20:02.845 30931 30931 F DEBUG   :       #02 pc 00000000040a03c4  /data/app/~~-XGWjzmdoRrM1YaZYK883A==/com.google.android.webview-HvpxCmuUIjPsZ4yTEw8s4w==/base.apk!libwebviewchromium.so (BuildId: f447b77da2d76e8d4d133b66c727c3ae532b54bf)
06-15 13:20:02.845 30931 30931 F DEBUG   :       #03 pc 0000000000000638  [vdso] (__kernel_rt_sigreturn+0)
06-15 13:20:02.845 30931 30931 F DEBUG   :       #04 pc 00000000000b67ac  /data/app/~~FXSxSzxa0pgReaTfSMynTQ==/com.vibekey.keyboard-DPcily4mNnM5ab6d82hhaw==/lib/arm64/libjni_latinime.so (latinime::PatriciaTrieReadingUtils::readPtNodeInfo(unsigned char const*, int, int, latinime::DictionaryShortcutsStructurePolicy const*, latinime::DictionaryBigramsStructurePolicy const*, int const*, unsigned char*, int*, int*, int*, int*, int*, int*, int*)+120) (BuildId: f905dbd1a904967a994cf833116e517b05caa863)
06-15 13:20:02.845 30931 30931 F DEBUG   :       #05 pc 00000000000b6d5c  /data/app/~~FXSxSzxa0pgReaTfSMynTQ==/com.vibekey.keyboard-DPcily4mNnM5ab6d82hhaw==/lib/arm64/libjni_latinime.so (latinime::PatriciaTriePolicy::createAndGetLeavingChildNode(latinime::DicNode const*, int, latinime::DicNodeVector*) const+140) (BuildId: f905dbd1a904967a994cf833116e517b05caa863)
06-15 13:20:02.845 30931 30931 F DEBUG   :       #06 pc 00000000000b6c70  /data/app/~~FXSxSzxa0pgReaTfSMynTQ==/com.vibekey.keyboard-DPcily4mNnM5ab6d82hhaw==/lib/arm64/libjni_latinime.so (latinime::PatriciaTriePolicy::createAndGetAllChildDicNodes(latinime::DicNode const*, latinime::DicNodeVector*) const+180) (BuildId: f905dbd1a904967a994cf833116e517b05caa863)
06-15 13:20:02.845 30931 30931 F DEBUG   :       #07 pc 00000000000d598c  /data/app/~~FXSxSzxa0pgReaTfSMynTQ==/com.vibekey.keyboard-DPcily4mNnM5ab6d82hhaw==/lib/arm64/libjni_latinime.so (latinime::Suggest::processDicNodeAsOmission(latinime::DicTraverseSession*, latinime::DicNode*) const+84) (BuildId: f905dbd1a904967a994cf833116e517b05caa863)
06-15 13:20:02.845 30931 30931 F DEBUG   :       #08 pc 00000000000d4a88  /data/app/~~FXSxSzxa0pgReaTfSMynTQ==/com.vibekey.keyboard-DPcily4mNnM5ab6d82hhaw==/lib/arm64/libjni_latinime.so (latinime::Suggest::expandCurrentDicNodes(latinime::DicTraverseSession*) const+1732) (BuildId: f905dbd1a904967a994cf833116e517b05caa863)
06-15 13:20:02.845 30931 30931 F DEBUG   :       #09 pc 00000000000d3c0c  /data/app/~~FXSxSzxa0pgReaTfSMynTQ==/com.vibekey.keyboard-DPcily4mNnM5ab6d82hhaw==/lib/arm64/libjni_latinime.so (latinime::Suggest::getSuggestions(latinime::ProximityInfo*, void*, int*, int*, int*, int*, int*, int, float, latinime::SuggestionResults*) const+504) (BuildId: f905dbd1a904967a994cf833116e517b05caa863)
06-15 13:20:02.845 30931 30931 F DEBUG   :       #10 pc 000000000009fd88  /data/app/~~FXSxSzxa0pgReaTfSMynTQ==/com.vibekey.keyboard-DPcily4mNnM5ab6d82hhaw==/lib/arm64/libjni_latinime.so (BuildId: f905dbd1a904967a994cf833116e517b05caa863)
06-15 13:20:02.845 30931 30931 F DEBUG   :       #11 pc 00000000002c2100  /apex/com.android.art/lib64/libart.so (art_quick_generic_jni_trampoline+144) (BuildId: 7087b2f2160bfbf3335d54ba9779e325)
06-15 13:20:02.845 30931 30931 F DEBUG   :       #12 pc 00000000006692dc  /apex/com.android.art/lib64/libart.so (nterp_helper+3852) (BuildId: 7087b2f2160bfbf3335d54ba9779e325)
06-15 13:20:02.845 30931 30931 F DEBUG   :       #13 pc 0000000000228a34  /data/app/~~FXSxSzxa0pgReaTfSMynTQ==/com.vibekey.keyboard-DPcily4mNnM5ab6d82hhaw==/oat/arm64/base.vdex (com.android.inputmethod.latin.BinaryDictionary.q+572)
06-15 13:20:02.845 30931 30931 F DEBUG   :       #14 pc 0000000000669a28  /apex/com.android.art/lib64/libart.so (nterp_helper+5720) (BuildId: 7087b2f2160bfbf3335d54ba9779e325)
06-15 13:20:02.845 30931 30931 F DEBUG   :       #15 pc 00000000002287b2  /data/app/~~FXSxSzxa0pgReaTfSMynTQ==/com.vibekey.keyboard-DPcily4mNnM5ab6d82hhaw==/oat/arm64/base.vdex (com.android.inputmethod.latin.BinaryDictionary.d+2)
06-15 13:20:02.845 30931 30931 F DEBUG   :       #16 pc 0000000000669a28  /apex/com.android.art/lib64/libart.so (nterp_helper+5720) (BuildId: 7087b2f2160bfbf3335d54ba9779e325)
06-15 13:20:02.845 30931 30931 F DEBUG   :       #17 pc 0000000000aeb686  /data/app/~~FXSxSzxa0pgReaTfSMynTQ==/com.vibekey.keyboard-DPcily4mNnM5ab6d82hhaw==/oat/arm64/base.vdex (v7.k.d+50)
06-15 13:20:02.845 30931 30931 F DEBUG   :       #18 pc 0000000000669a28  /apex/com.android.art/lib64/libart.so (nterp_helper+5720) (BuildId: 7087b2f2160bfbf3335d54ba9779e325)
06-15 13:20:02.845 30931 30931 F DEBUG   :       #19 pc 0000000000aea77e  /data/app/~~FXSxSzxa0pgReaTfSMynTQ==/com.vibekey.keyboard-DPcily4mNnM5ab6d82hhaw==/oat/arm64/base.vdex (v7.e.d+70)
06-15 13:20:02.845 30931 30931 F DEBUG   :       #20 pc 0000000000669a28  /apex/com.android.art/lib64/libart.so (nterp_helper+5720) (BuildId: 7087b2f2160bfbf3335d54ba9779e325)
06-15 13:20:02.845 30931 30931 F DEBUG   :       #21 pc 00000000005b5a2e  /data/app/~~FXSxSzxa0pgReaTfSMynTQ==/com.vibekey.keyboard-DPcily4mNnM5ab6d82hhaw==/oat/arm64/base.vdex (p7.o.i+334)
06-15 13:20:02.845 30931 30931 F DEBUG   :       #22 pc 0000000000669a28  /apex/com.android.art/lib64/libart.so (nterp_helper+5720) (BuildId: 7087b2f2160bfbf3335d54ba9779e325)
06-15 13:20:02.845 30931 30931 F DEBUG   :       #23 pc 00000000005b5390  /data/app/~~FXSxSzxa0pgReaTfSMynTQ==/com.vibekey.keyboard-DPcily4mNnM5ab6d82hhaw==/oat/arm64/base.vdex (p7.o.h+392)
06-15 13:20:02.845 30931 30931 F DEBUG   :       #24 pc 0000000000669a28  /apex/com.android.art/lib64/libart.so (nterp_helper+5720) (BuildId: 7087b2f2160bfbf3335d54ba9779e325)
06-15 13:20:02.845 30931 30931 F DEBUG   :       #25 pc 00000000005b51c0  /data/app/~~FXSxSzxa0pgReaTfSMynTQ==/com.vibekey.keyboard-DPcily4mNnM5ab6d82hhaw==/oat/arm64/base.vdex (p7.o.g+112)
06-15 13:20:02.845 30931 30931 F DEBUG   :       #26 pc 0000000000669a28  /apex/com.android.art/lib64/libart.so (nterp_helper+5720) (BuildId: 7087b2f2160bfbf3335d54ba9779e325)
06-15 13:20:02.845 30931 30931 F DEBUG   :       #27 pc 00000000005bd982  /data/app/~~FXSxSzxa0pgReaTfSMynTQ==/com.vibekey.keyboard-DPcily4mNnM5ab6d82hhaw==/oat/arm64/base.vdex (p7.i1.c+266)
06-15 13:20:02.845 30931 30931 F DEBUG   :       #28 pc 0000000000669a28  /apex/com.android.art/lib64/libart.so (nterp_helper+5720) (BuildId: 7087b2f2160bfbf3335d54ba9779e325)
06-15 13:20:02.845 30931 30931 F DEBUG   :       #29 pc 00000000005bd800  /data/app/~~FXSxSzxa0pgReaTfSMynTQ==/com.vibekey.keyboard-DPcily4mNnM5ab6d82hhaw==/oat/arm64/base.vdex (p7.i1.b+2656)
06-15 13:20:02.845 30931 30931 F DEBUG   :       #30 pc 0000000000669a28  /apex/com.android.art/lib64/libart.so (nterp_helper+5720) (BuildId: 7087b2f2160bfbf3335d54ba9779e325)
06-15 13:20:02.845 30931 30931 F DEBUG   :       #31 pc 0000000000af285a  /data/app/~~FXSxSzxa0pgReaTfSMynTQ==/com.vibekey.keyboard-DPcily4mNnM5ab6d82hhaw==/oat/arm64/base.vdex (x7.b.m+1458)
06-15 13:20:02.845 30931 30931 F DEBUG   :       #32 pc 0000000000669324  /apex/com.android.art/lib64/libart.so (nterp_helper+3924) (BuildId: 7087b2f2160bfbf3335d54ba9779e325)
06-15 13:20:02.845 30931 30931 F DEBUG   :       #33 pc 00000000001a3d46  /data/app/~~FXSxSzxa0pgReaTfSMynTQ==/com.vibekey.keyboard-DPcily4mNnM5ab6d82hhaw==/oat/arm64/base.vdex (a5.a.run+102)
06-15 13:20:02.845 30931 30931 F DEBUG   :       #34 pc 000000000066a144  /apex/com.android.art/lib64/libart.so (nterp_helper+7540) (BuildId: 7087b2f2160bfbf3335d54ba9779e325)
06-15 13:20:02.845 30931 30931 F DEBUG   :       #35 pc 0000000000aef71a  /data/app/~~FXSxSzxa0pgReaTfSMynTQ==/com.vibekey.keyboard-DPcily4mNnM5ab6d82hhaw==/oat/arm64/base.vdex (x7.d.handleMessage+18)
06-15 13:20:02.845 30931 30931 F DEBUG   :       #36 pc 000000000205b2d4  /memfd:jit-zygote-cache (deleted)
06-15 13:20:05.046 30947 30947 E OplusCustomizeRestrictionManager: sInstance is null, start a new sInstance
--------- beginning of main
06-15 13:20:12.798 30947 31025 E BLASTBufferQueue: BLASTBufferItemConsumer::onDisconnect()
06-15 13:20:14.290 30947 30947 I OnDeviceAssist: Removed unused Assist weights: Qwen2.5-0.5B-Instruct.IQ3_M.gguf (keeping qwen2.5-0.5b-instruct-q4_0.gguf)
06-15 13:20:14.321 30947 31025 E BLASTBufferQueue: BLASTBufferItemConsumer::onDisconnect()
06-15 13:20:14.913 30947 31262 E ibekey.keyboar: Attempt to load writable dex file: /data/user/0/com.vibekey.keyboard/app_pccache/5/C571D7DB2E7379E33F5626D87812BBADE73E9BAD/pcam.jar
06-15 13:20:14.930 30947 31164 W Ads     : Invoke Firebase method getInstance error.
06-15 13:20:14.930 30947 31164 W Ads     : The Google Mobile Ads SDK will not integrate with Firebase. Admob/Firebase integration requires the latest Firebase SDK jar, but Firebase SDK is either missing or out of date
06-15 13:20:14.935 30947 31257 W ServiceBindIntentUtils: Dynamic lookup for intent failed for action: com.google.android.gms.ads.service.CACHE
06-15 13:20:15.044 30947 31275 W Ads     : Not retrying to fetch app settings
06-15 13:20:15.045 30947 31275 W Ads     : Not retrying to fetch app settings
06-15 13:20:15.046 30947 31295 W ServiceBindIntentUtils: Dynamic lookup for intent failed for action: com.google.android.gms.ads.service.START
06-15 13:20:16.469 30947 30947 E Ads     : JS: Refused to get unsafe header "X-Afma-Gcache-IsGcacheHit" (https://www.gstatic.com/mysidia/1481c091d9df379c2904f938e54fba0c.js?tag=addon/rewarded_video:435)
06-15 13:20:16.635 30947 30947 E Ads     : JS: Refused to get unsafe header "X-Afma-Gcache-IsGcacheHit" (https://www.gstatic.com/mysidia/1481c091d9df379c2904f938e54fba0c.js?tag=addon/rewarded_video:435)
06-15 13:20:16.728 30947 31040 W libc    : Access denied finding property "vendor.oplus.media.vpp.stutter"
06-15 13:20:16.735 30947 31040 E MULTIMEDIAConfig: [getInt32:L80] Not find config, Returning default
06-15 13:20:16.735 30947 31040 E MULTIMEDIAConfig: [getInt32:L80] Not find config, Returning default
06-15 13:20:16.736 30947 31040 E OplusACodec: [OplusACodec:204] mSrOsieMMListCheckResult:0x0 mOsieVersion:1
06-15 13:20:16.798 30947 31345 E OplusACodec: [GetVideoCodingTypeFromMime:L1162] mime:video/x-vnd.on2.vp9
06-15 13:20:16.927 30947 31040 W cr_MediaCodecBridge: Releasing: OMX.qcom.video.decoder.vp9
06-15 13:20:16.928 30947 31343 E ExtensionsLoader: freeAllBuffers: 13 buffers were freed while being dequeued!
06-15 13:20:16.928 30947 31040 W cr_MediaCodecBridge: Codec released
06-15 13:20:17.365 30947 31228 E ActivityThread: Failed to find provider info for com.oplus.statistics.provider
06-15 13:20:17.365 30947 31228 E OplusStatistics--: IllegalArgumentException:java.lang.IllegalArgumentException: Unknown URL content://com.oplus.statistics.provider/track_event
06-15 13:20:20.422 30947 31351 E FilePhenotypeFlags: Config package com.google.android.gms.clearcut_client#com.vibekey.keyboard cannot use FILE backing without declarative registration. See go/phenotype-android-integration#phenotype for more information. This will lead to stale flags.
06-15 13:20:20.488 30947 31351 E FilePhenotypeFlags: Config package com.google.android.gms.clearcut_client#com.vibekey.keyboard cannot use FILE backing without declarative registration. See go/phenotype-android-integration#phenotype for more information. This will lead to stale flags.
06-15 13:20:20.488 30947 31351 E FilePhenotypeFlags: Config package com.google.android.gms.clearcut_client#com.vibekey.keyboard cannot use FILE backing without declarative registration. See go/phenotype-android-integration#phenotype for more information. This will lead to stale flags.
06-15 13:20:20.962 30947 30956 W ibekey.keyboar: Cleared Reference was only reachable from finalizer (only reported once)
06-15 13:20:43.970 30947 31025 E BLASTBufferQueue: BLASTBufferItemConsumer::onDisconnect()
06-15 13:20:54.812 31608 31608 E ibekey.keyboar: Unknown bits set in runtime_flags: 0x40000000
06-15 13:20:54.933 31608 31608 W i0      : Could not load system glide typing library jni_latinimegoogle: dlopen failed: library "libjni_latinimegoogle.so" not found
06-15 13:20:54.977 31649 31649 E oard:llm_engin: Unknown bits set in runtime_flags: 0x40000000
06-15 13:20:55.054 31608 31608 W t       : No editor info for this field. Bug?
06-15 13:20:55.063 31608 31608 I VkMultilingual: reset main=pt-BR locales=[pt,es] count=2
06-15 13:20:55.121 31608 31608 W ibekey.keyboar: ClassLoaderContext classpath size mismatch. expected=1, found=0 (DLC[];PCL[base.apk*116719914]{PCL[/system/framework/org.apache.http.legacy.jar*3034548894]#PCL[/apex/com.android.extservices/javalib/android.ext.adservices.jar*3839736497]#PCL[/system/framework/com.android.location.provider.jar*3633238672]#PCL[/system/framework/com.android.media.remotedisplay.jar*3472798123]#PCL[/apex/com.android.extservices/javalib/android.ext.adservices.jar*3839736497]} | DLC[];PCL[])
06-15 13:20:55.157 31608 31608 W System  : ClassLoader referenced unknown path: 
06-15 13:20:55.190 31608 31608 W ibekey.keyboar: ClassLoaderContext classpath element checksum mismatch. expected=116719914, found=3444240068 (DLC[];PCL[base.apk*116719914]{PCL[/system/framework/org.apache.http.legacy.jar*3034548894]#PCL[/apex/com.android.extservices/javalib/android.ext.adservices.jar*3839736497]#PCL[/system/framework/com.android.location.provider.jar*3633238672]#PCL[/system/framework/com.android.media.remotedisplay.jar*3472798123]#PCL[/apex/com.android.extservices/javalib/android.ext.adservices.jar*3839736497]} | DLC[];PCL[/data/app/~~FXSxSzxa0pgReaTfSMynTQ==/com.vibekey.keyboard-DPcily4mNnM5ab6d82hhaw==/base.apk*3444240068]{PCL[/apex/com.android.extservices/javalib/android.ext.adservices.jar*3839736497]})
06-15 13:20:55.640 31608 31608 E ibekey.keyboar: ofbOpen failed with error=No such file or directory
06-15 13:20:55.640 31608 31608 E ibekey.keyboar: sysOpen failed with error=No such file or directory
06-15 13:20:55.669 31608 31705 W Ads     : Update ad debug logging enablement as false
06-15 13:20:55.705 31608 31608 E MultiApp.Impl: OplusMultiAppImpl
06-15 13:20:55.787 31608 31608 W libc    : Access denied finding property "ro.vendor.api_level"
06-15 13:20:55.790 31608 31608 W chromium: [WARNING:android_webview/browser/network_service/net_helpers.cc:137] HTTP Cache size is: 20971520
06-15 13:20:55.914 31608 31766 W libc    : Access denied finding property "vendor.camera.aux.packagelist"
06-15 13:20:55.914 31608 31766 W libc    : Access denied finding property "vendor.camera.aux.packagelist"
06-15 13:20:55.914 31608 31623 W libc    : Access denied finding property "vendor.camera.aux.packagelist"
06-15 13:20:55.982 31608 31608 I VkSwipe : ○ gesture canceled
06-15 13:20:55.985 31608 31608 E OplusCustomizeRestrictionManager: sInstance is null, start a new sInstance
06-15 13:20:56.004 31608 31608 I VkEffects: reload anim=scale blur=562px glow=true stickers=true
06-15 13:20:56.107 31608 31608 I VkTyping: ▶ open restart=false pkg=com.android.launcher inputType=589825
06-15 13:20:56.285 31608 31736 W cr_media: BLUETOOTH_CONNECT permission is missing.
06-15 13:20:56.286 31608 31736 W cr_media: getBluetoothAdapter() requires BLUETOOTH permission
06-15 13:20:56.286 31608 31736 W cr_media: registerBluetoothIntentsIfNeeded: Requires BLUETOOTH permission
06-15 13:20:56.291 31608 31608 W View    : requestLayout() improperly called by android.widget.LinearLayout{6a254f3 V.E...... ......ID 0,1868-1440,2818 #7f0a011c app:id/main_keyboard_frame} during layout: running second layout pass
06-15 13:20:56.422 31608 31757 W AudioCapabilities: Unsupported mime audio/ffmpeg
06-15 13:20:56.427 31608 31757 W VideoCapabilities: Unsupported mime video/ffmpeg
06-15 13:20:56.431 31608 31757 W VideoCapabilities: Unrecognized profile/level 0/3 for video/mpeg2
06-15 13:20:56.431 31608 31757 W VideoCapabilities: Unrecognized profile/level 0/3 for video/mpeg2
06-15 13:20:56.533 31608 31808 W Settings: Setting animator_duration_scale has moved from android.provider.Settings.System to android.provider.Settings.Global, returning read-only global URI.
06-15 13:20:56.539 31608 31808 E GeckoLibLoad: Load sqlite start
06-15 13:20:56.541 31608 31808 E GeckoLibLoad: Load sqlite done
06-15 13:20:56.541 31608 31808 E GeckoLibLoad: Load nss start
06-15 13:20:56.541 31810 31810 E ard:crashhelpe: Unknown bits set in runtime_flags: 0x40000000
06-15 13:20:56.541 31608 31808 E GeckoLibLoad: Load nss done
06-15 13:20:56.560 31608 31808 E GeckoLibLoad: Loaded libs in 18.555937ms total, 0ms(14ms) user, 11ms(45ms) system, 3(3) faults
06-15 13:20:56.561 31608 31808 W GeckoThread: zerdatime 1220897425 - runGecko
06-15 13:20:56.629 31608 31608 W com.vibekey.keyboard: type=1400 audit(0.0:482321): avc: denied { bind } for comm=4E65746C696E6B204D6F6E69746F72 scontext=u:r:untrusted_app:s0:c0,c272,c512,c768 tcontext=u:r:untrusted_app:s0:c0,c272,c512,c768 tclass=netlink_route_socket permissive=0 bug=b/155595000 app=com.vibekey.keyboard
06-15 13:20:56.660 31608 31808 E ibekey.keyboar: hiddenapi: Accessing hidden field Ljava/lang/Boolean;->value:Z (runtime_flags=0, domain=core-platform, api=max-target-p) from Lorg/mozilla/gecko/GeckoThread; (domain=app, TargetSdkVersion=35) using JNI: denied
06-15 13:20:56.661 31608 31808 E ibekey.keyboar: hiddenapi: Accessing hidden field Ljava/lang/Integer;->value:I (runtime_flags=0, domain=core-platform, api=max-target-p) from Lorg/mozilla/gecko/GeckoThread; (domain=app, TargetSdkVersion=35) using JNI: denied
06-15 13:20:56.661 31608 31808 E ibekey.keyboar: hiddenapi: Accessing hidden field Ljava/lang/Long;->value:J (runtime_flags=0, domain=core-platform, api=max-target-p) from Lorg/mozilla/gecko/GeckoThread; (domain=app, TargetSdkVersion=35) using JNI: denied
06-15 13:20:56.661 31608 31808 E ibekey.keyboar: hiddenapi: Accessing hidden field Ljava/lang/Double;->value:D (runtime_flags=0, domain=core-platform, api=max-target-p) from Lorg/mozilla/gecko/GeckoThread; (domain=app, TargetSdkVersion=35) using JNI: denied
06-15 13:20:56.714 31848 31848 E .keyboard:tab3: Unknown bits set in runtime_flags: 0x40000000
06-15 13:20:56.859 31649 31649 W DefaultDispatch: type=1400 audit(0.0:482322): avc: denied { read } for name="/" dev="dm-0" ino=2 scontext=u:r:untrusted_app:s0:c0,c272,c512,c768 tcontext=u:object_r:rootfs:s0 tclass=dir permissive=0 app=com.vibekey.keyboard
06-15 13:20:56.859 31649 31649 W DefaultDispatch: type=1400 audit(0.0:482323): avc: denied { read } for name="/" dev="dm-0" ino=2 scontext=u:r:untrusted_app:s0:c0,c272,c512,c768 tcontext=u:object_r:rootfs:s0 tclass=dir permissive=0 app=com.vibekey.keyboard
06-15 13:20:56.859 31649 31649 W DefaultDispatch: type=1400 audit(0.0:482324): avc: denied { read } for name="/" dev="dm-0" ino=2 scontext=u:r:untrusted_app:s0:c0,c272,c512,c768 tcontext=u:object_r:rootfs:s0 tclass=dir permissive=0 app=com.vibekey.keyboard
06-15 13:20:56.859 31649 31649 W DefaultDispatch: type=1400 audit(0.0:482325): avc: denied { read } for name="/" dev="dm-0" ino=2 scontext=u:r:untrusted_app:s0:c0,c272,c512,c768 tcontext=u:object_r:rootfs:s0 tclass=dir permissive=0 app=com.vibekey.keyboard
06-15 13:20:56.859 31649 31649 W DefaultDispatch: type=1400 audit(0.0:482326): avc: denied { read } for name="/" dev="dm-0" ino=2 scontext=u:r:untrusted_app:s0:c0,c272,c512,c768 tcontext=u:object_r:rootfs:s0 tclass=dir permissive=0 app=com.vibekey.keyboard
06-15 13:20:56.859 31649 31649 W DefaultDispatch: type=1400 audit(0.0:482327): avc: denied { read } for name="/" dev="dm-0" ino=2 scontext=u:r:untrusted_app:s0:c0,c272,c512,c768 tcontext=u:object_r:rootfs:s0 tclass=dir permissive=0 app=com.vibekey.keyboard
06-15 13:20:57.732 31649 31667 I OnDeviceAssist: warm ok model=qwen2.5-0.5b-instruct-q4_0.gguf ambient=40 chars 880ms
06-15 13:20:57.920 31608 31608 W b       : Suggestion generation timed out
06-15 13:20:58.199 31897 31897 E libcrashpad_handler_trampoline.so: createInstance(64bit) : createExtendedFactory
06-15 13:20:58.206 31897 31897 E libcrashpad_handler_trampoline.so: createInstance(64bit) : createExtendedFactory
06-15 13:20:58.206 31897 31897 E libcrashpad_handler_trampoline.so: Opened libinputextensionsimpl.so
06-15 13:20:58.206 31897 31897 E libcrashpad_handler_trampoline.so: Opened libinputextensionsimpl.so
06-15 13:20:58.219 31897 31897 E libcrashpad_handler_trampoline.so: createInstance(64bit) : createExtendedFactory
06-15 13:20:58.220 31897 31897 E libcrashpad_handler_trampoline.so: createInstance(64bit) : createExtendedFactory
06-15 13:20:58.220 31897 31897 E libcrashpad_handler_trampoline.so: Opened libsensorextimpl.so
06-15 13:20:58.220 31897 31897 E libcrashpad_handler_trampoline.so: Opened libsensorextimpl.so
06-15 13:20:58.549 31608 31608 W b       : Suggestion generation timed out
06-15 13:20:58.570 31608 31648 F libc    : Fatal signal 7 (SIGBUS), code 2 (BUS_ADRERR), fault addr 0x7666610240 in tid 31648 (d), pid 31608 (AndroidUI)
06-15 13:20:58.864 31906 31906 E DEBUG   : failed to read /proc/uptime: Permission denied
06-15 13:20:59.016 31608 31608 W b       : Suggestion generation timed out
06-15 13:20:59.284 31608 31608 I VkAutocorrect: kept (typing): hola
06-15 13:20:59.736 31608 31608 W b       : Suggestion generation timed out
06-15 13:21:00.051 31906 31906 F DEBUG   : Process name is com.vibekey.keyboard, not key_process
06-15 13:21:00.051 31906 31906 F DEBUG   : keyProcess: 0
06-15 13:21:00.051 31906 31906 F DEBUG   : *** *** *** *** *** *** *** *** *** *** *** *** *** *** *** ***
06-15 13:21:00.052 31906 31906 F DEBUG   : Build fingerprint: 'OnePlus/OnePlus7Pro/OnePlus7Pro:12/SKQ1.211113.001/P.202303230244:user/release-keys'
06-15 13:21:00.052 31906 31906 F DEBUG   : Revision: '0'
06-15 13:21:00.052 31906 31906 F DEBUG   : ABI: 'arm64'
06-15 13:21:00.052 31906 31906 F DEBUG   : Timestamp: 2026-06-15 13:20:58.864135781-0400
06-15 13:21:00.052 31906 31906 F DEBUG   : Process uptime: 0s
06-15 13:21:00.052 31906 31906 F DEBUG   : Cmdline: com.vibekey.keyboard
06-15 13:21:00.052 31906 31906 F DEBUG   : pid: 31608, tid: 31648, name: d  >>> com.vibekey.keyboard <<<
06-15 13:21:00.052 31906 31906 F DEBUG   : uid: 14096
06-15 13:21:00.052 31906 31906 F DEBUG   : signal 7 (SIGBUS), code 2 (BUS_ADRERR), fault addr 0x7666610240
06-15 13:21:00.052 31906 31906 F DEBUG   :     x0  0000000000000000  x1  0000000000007ba0  x2  0000000000000007  x3  000000768a7feda0
06-15 13:21:00.052 31906 31906 F DEBUG   :     x4  0000000000000000  x5  0000000000000000  x6  0000000000000000  x7  0000000000000000
06-15 13:21:00.052 31906 31906 F DEBUG   :     x8  00000000000000f0  x9  db746b027190efc7  x10 0000000000004001  x11 0000000000000000
06-15 13:21:00.052 31906 31906 F DEBUG   :     x12 00000000ffffffff  x13 0000000000000000  x14 b4000075c49cfd08  x15 00000000358637bd
06-15 13:21:00.052 31906 31906 F DEBUG   :     x16 000000757caad3a8  x17 00000076790b8f10  x18 000000755fc74000  x19 0000000000000007
06-15 13:21:00.052 31906 31906 F DEBUG   :     x20 000000768a7feda0  x21 0000000000007b78  x22 000000768a7fed00  x23 0000000000000001
06-15 13:21:00.052 31906 31906 F DEBUG   :     x24 b400007412426000  x25 b4000075bb0a6190  x26 0000000000075080  x27 b40000741240da00
06-15 13:21:00.052 31906 31906 F DEBUG   :     x28 0000000000000000  x29 000000768a7fed20
06-15 13:21:00.052 31906 31906 F DEBUG   :     lr  0000007576cbabc8  sp  000000768a7fed00  pc  00000076790b8f34  pst 0000000000000000
06-15 13:21:00.052 31906 31906 F DEBUG   : backtrace:
06-15 13:21:00.052 31906 31906 F DEBUG   :       #00 pc 0000000000075f34  /apex/com.android.runtime/lib64/bionic/libc.so (syscall+36) (BuildId: bbbdeb7c87c74f1491f92c6e605095b0)
06-15 13:21:00.052 31906 31906 F DEBUG   :       #01 pc 00000000040a9bc4  /data/app/~~-XGWjzmdoRrM1YaZYK883A==/com.google.android.webview-HvpxCmuUIjPsZ4yTEw8s4w==/base.apk!libwebviewchromium.so (BuildId: f447b77da2d76e8d4d133b66c727c3ae532b54bf)
06-15 13:21:00.052 31906 31906 F DEBUG   :       #02 pc 00000000040a03c4  /data/app/~~-XGWjzmdoRrM1YaZYK883A==/com.google.android.webview-HvpxCmuUIjPsZ4yTEw8s4w==/base.apk!libwebviewchromium.so (BuildId: f447b77da2d76e8d4d133b66c727c3ae532b54bf)
06-15 13:21:00.052 31906 31906 F DEBUG   :       #03 pc 0000000000000638  [vdso] (__kernel_rt_sigreturn+0)
06-15 13:21:00.052 31906 31906 F DEBUG   :       #04 pc 00000000000b62f4  /data/app/~~FXSxSzxa0pgReaTfSMynTQ==/com.vibekey.keyboard-DPcily4mNnM5ab6d82hhaw==/lib/arm64/libjni_latinime.so (latinime::PatriciaTrieReadingUtils::getPtNodeArraySizeAndAdvancePosition(unsigned char const*, int, int*)+44) (BuildId: f905dbd1a904967a994cf833116e517b05caa863)
06-15 13:21:00.052 31906 31906 F DEBUG   :       #05 pc 00000000000b6c2c  /data/app/~~FXSxSzxa0pgReaTfSMynTQ==/com.vibekey.keyboard-DPcily4mNnM5ab6d82hhaw==/lib/arm64/libjni_latinime.so (latinime::PatriciaTriePolicy::createAndGetAllChildDicNodes(latinime::DicNode const*, latinime::DicNodeVector*) const+112) (BuildId: f905dbd1a904967a994cf833116e517b05caa863)
06-15 13:21:00.052 31906 31906 F DEBUG   :       #06 pc 00000000000d598c  /data/app/~~FXSxSzxa0pgReaTfSMynTQ==/com.vibekey.keyboard-DPcily4mNnM5ab6d82hhaw==/lib/arm64/libjni_latinime.so (latinime::Suggest::processDicNodeAsOmission(latinime::DicTraverseSession*, latinime::DicNode*) const+84) (BuildId: f905dbd1a904967a994cf833116e517b05caa863)
06-15 13:21:00.052 31906 31906 F DEBUG   :       #07 pc 00000000000d4a88  /data/app/~~FXSxSzxa0pgReaTfSMynTQ==/com.vibekey.keyboard-DPcily4mNnM5ab6d82hhaw==/lib/arm64/libjni_latinime.so (latinime::Suggest::expandCurrentDicNodes(latinime::DicTraverseSession*) const+1732) (BuildId: f905dbd1a904967a994cf833116e517b05caa863)
06-15 13:21:00.052 31906 31906 F DEBUG   :       #08 pc 00000000000d3c0c  /data/app/~~FXSxSzxa0pgReaTfSMynTQ==/com.vibekey.keyboard-DPcily4mNnM5ab6d82hhaw==/lib/arm64/libjni_latinime.so (latinime::Suggest::getSuggestions(latinime::ProximityInfo*, void*, int*, int*, int*, int*, int*, int, float, latinime::SuggestionResults*) const+504) (BuildId: f905dbd1a904967a994cf833116e517b05caa863)
06-15 13:21:00.052 31906 31906 F DEBUG   :       #09 pc 000000000009fd88  /data/app/~~FXSxSzxa0pgReaTfSMynTQ==/com.vibekey.keyboard-DPcily4mNnM5ab6d82hhaw==/lib/arm64/libjni_latinime.so (BuildId: f905dbd1a904967a994cf833116e517b05caa863)
06-15 13:21:00.052 31906 31906 F DEBUG   :       #10 pc 00000000002c2100  /apex/com.android.art/lib64/libart.so (art_quick_generic_jni_trampoline+144) (BuildId: 7087b2f2160bfbf3335d54ba9779e325)
06-15 13:21:00.053 31906 31906 F DEBUG   :       #11 pc 00000000006692dc  /apex/com.android.art/lib64/libart.so (nterp_helper+3852) (BuildId: 7087b2f2160bfbf3335d54ba9779e325)
06-15 13:21:00.053 31906 31906 F DEBUG   :       #12 pc 0000000000228a34  /data/app/~~FXSxSzxa0pgReaTfSMynTQ==/com.vibekey.keyboard-DPcily4mNnM5ab6d82hhaw==/oat/arm64/base.vdex (com.android.inputmethod.latin.BinaryDictionary.q+572)
06-15 13:21:00.053 31906 31906 F DEBUG   :       #13 pc 0000000000669a28  /apex/com.android.art/lib64/libart.so (nterp_helper+5720) (BuildId: 7087b2f2160bfbf3335d54ba9779e325)
06-15 13:21:00.053 31906 31906 F DEBUG   :       #14 pc 00000000002287b2  /data/app/~~FXSxSzxa0pgReaTfSMynTQ==/com.vibekey.keyboard-DPcily4mNnM5ab6d82hhaw==/oat/arm64/base.vdex (com.android.inputmethod.latin.BinaryDictionary.d+2)
06-15 13:21:00.053 31906 31906 F DEBUG   :       #15 pc 0000000000669a28  /apex/com.android.art/lib64/libart.so (nterp_helper+5720) (BuildId: 7087b2f2160bfbf3335d54ba9779e325)
06-15 13:21:00.053 31906 31906 F DEBUG   :       #16 pc 0000000000aeb686  /data/app/~~FXSxSzxa0pgReaTfSMynTQ==/com.vibekey.keyboard-DPcily4mNnM5ab6d82hhaw==/oat/arm64/base.vdex (v7.k.d+50)
06-15 13:21:00.053 31906 31906 F DEBUG   :       #17 pc 0000000000669a28  /apex/com.android.art/lib64/libart.so (nterp_helper+5720) (BuildId: 7087b2f2160bfbf3335d54ba9779e325)
06-15 13:21:00.053 31906 31906 F DEBUG   :       #18 pc 0000000000aea77e  /data/app/~~FXSxSzxa0pgReaTfSMynTQ==/com.vibekey.keyboard-DPcily4mNnM5ab6d82hhaw==/oat/arm64/base.vdex (v7.e.d+70)
06-15 13:21:00.053 31906 31906 F DEBUG   :       #19 pc 0000000000669a28  /apex/com.android.art/lib64/libart.so (nterp_helper+5720) (BuildId: 7087b2f2160bfbf3335d54ba9779e325)
06-15 13:21:00.053 31906 31906 F DEBUG   :       #20 pc 00000000005b5a2e  /data/app/~~FXSxSzxa0pgReaTfSMynTQ==/com.vibekey.keyboard-DPcily4mNnM5ab6d82hhaw==/oat/arm64/base.vdex (p7.o.i+334)
06-15 13:21:00.053 31906 31906 F DEBUG   :       #21 pc 0000000000669a28  /apex/com.android.art/lib64/libart.so (nterp_helper+5720) (BuildId: 7087b2f2160bfbf3335d54ba9779e325)
06-15 13:21:00.053 31906 31906 F DEBUG   :       #22 pc 00000000005b5390  /data/app/~~FXSxSzxa0pgReaTfSMynTQ==/com.vibekey.keyboard-DPcily4mNnM5ab6d82hhaw==/oat/arm64/base.vdex (p7.o.h+392)
06-15 13:21:00.053 31906 31906 F DEBUG   :       #23 pc 0000000000669a28  /apex/com.android.art/lib64/libart.so (nterp_helper+5720) (BuildId: 7087b2f2160bfbf3335d54ba9779e325)
06-15 13:21:00.053 31906 31906 F DEBUG   :       #24 pc 00000000005b51c0  /data/app/~~FXSxSzxa0pgReaTfSMynTQ==/com.vibekey.keyboard-DPcily4mNnM5ab6d82hhaw==/oat/arm64/base.vdex (p7.o.g+112)
06-15 13:21:00.053 31906 31906 F DEBUG   :       #25 pc 0000000000669a28  /apex/com.android.art/lib64/libart.so (nterp_helper+5720) (BuildId: 7087b2f2160bfbf3335d54ba9779e325)
06-15 13:21:00.053 31906 31906 F DEBUG   :       #26 pc 00000000005bd982  /data/app/~~FXSxSzxa0pgReaTfSMynTQ==/com.vibekey.keyboard-DPcily4mNnM5ab6d82hhaw==/oat/arm64/base.vdex (p7.i1.c+266)
06-15 13:21:00.053 31906 31906 F DEBUG   :       #27 pc 0000000000669a28  /apex/com.android.art/lib64/libart.so (nterp_helper+5720) (BuildId: 7087b2f2160bfbf3335d54ba9779e325)
06-15 13:21:00.053 31906 31906 F DEBUG   :       #28 pc 00000000005bd800  /data/app/~~FXSxSzxa0pgReaTfSMynTQ==/com.vibekey.keyboard-DPcily4mNnM5ab6d82hhaw==/oat/arm64/base.vdex (p7.i1.b+2656)
06-15 13:21:00.053 31906 31906 F DEBUG   :       #29 pc 0000000000669a28  /apex/com.android.art/lib64/libart.so (nterp_helper+5720) (BuildId: 7087b2f2160bfbf3335d54ba9779e325)
06-15 13:21:00.053 31906 31906 F DEBUG   :       #30 pc 0000000000af285a  /data/app/~~FXSxSzxa0pgReaTfSMynTQ==/com.vibekey.keyboard-DPcily4mNnM5ab6d82hhaw==/oat/arm64/base.vdex (x7.b.m+1458)
06-15 13:21:00.053 31906 31906 F DEBUG   :       #31 pc 0000000000669324  /apex/com.android.art/lib64/libart.so (nterp_helper+3924) (BuildId: 7087b2f2160bfbf3335d54ba9779e325)
06-15 13:21:00.053 31906 31906 F DEBUG   :       #32 pc 00000000001a3d46  /data/app/~~FXSxSzxa0pgReaTfSMynTQ==/com.vibekey.keyboard-DPcily4mNnM5ab6d82hhaw==/oat/arm64/base.vdex (a5.a.run+102)
06-15 13:21:00.053 31906 31906 F DEBUG   :       #33 pc 000000000066a144  /apex/com.android.art/lib64/libart.so (nterp_helper+7540) (BuildId: 7087b2f2160bfbf3335d54ba9779e325)
06-15 13:21:00.053 31906 31906 F DEBUG   :       #34 pc 0000000000aef71a  /data/app/~~FXSxSzxa0pgReaTfSMynTQ==/com.vibekey.keyboard-DPcily4mNnM5ab6d82hhaw==/oat/arm64/base.vdex (x7.d.handleMessage+18)
06-15 13:21:00.053 31906 31906 F DEBUG   :       #35 pc 000000000205b2d4  /memfd:jit-zygote-cache (deleted)
06-15 13:21:01.337 31925 31925 E ibekey.keyboar: Unknown bits set in runtime_flags: 0x40000000
06-15 13:21:01.455 31925 31925 W i0      : Could not load system glide typing library jni_latinimegoogle: dlopen failed: library "libjni_latinimegoogle.so" not found
06-15 13:21:01.570 31925 31925 W t       : No editor info for this field. Bug?
06-15 13:21:01.578 31925 31925 I VkMultilingual: reset main=pt-BR locales=[pt,es] count=2
06-15 13:21:01.610 31925 31925 W ibekey.keyboar: ClassLoaderContext classpath size mismatch. expected=1, found=0 (DLC[];PCL[base.apk*116719914]{PCL[/system/framework/org.apache.http.legacy.jar*3034548894]#PCL[/apex/com.android.extservices/javalib/android.ext.adservices.jar*3839736497]#PCL[/system/framework/com.android.location.provider.jar*3633238672]#PCL[/system/framework/com.android.media.remotedisplay.jar*3472798123]#PCL[/apex/com.android.extservices/javalib/android.ext.adservices.jar*3839736497]} | DLC[];PCL[])
06-15 13:21:01.619 31925 31925 W System  : ClassLoader referenced unknown path: 
06-15 13:21:01.624 31925 31925 W ibekey.keyboar: ClassLoaderContext classpath element checksum mismatch. expected=116719914, found=3444240068 (DLC[];PCL[base.apk*116719914]{PCL[/system/framework/org.apache.http.legacy.jar*3034548894]#PCL[/apex/com.android.extservices/javalib/android.ext.adservices.jar*3839736497]#PCL[/system/framework/com.android.location.provider.jar*3633238672]#PCL[/system/framework/com.android.media.remotedisplay.jar*3472798123]#PCL[/apex/com.android.extservices/javalib/android.ext.adservices.jar*3839736497]} | DLC[];PCL[/data/app/~~FXSxSzxa0pgReaTfSMynTQ==/com.vibekey.keyboard-DPcily4mNnM5ab6d82hhaw==/base.apk*3444240068]{PCL[/apex/com.android.extservices/javalib/android.ext.adservices.jar*3839736497]})
06-15 13:21:01.689 31925 31925 E ibekey.keyboar: ofbOpen failed with error=No such file or directory
06-15 13:21:01.689 31925 31925 E ibekey.keyboar: sysOpen failed with error=No such file or directory
06-15 13:21:01.725 31925 31983 W Ads     : Update ad debug logging enablement as false
06-15 13:21:01.751 31925 31925 E MultiApp.Impl: OplusMultiAppImpl
06-15 13:21:01.818 31925 31925 W libc    : Access denied finding property "ro.vendor.api_level"
06-15 13:21:01.820 31925 31925 W chromium: [WARNING:android_webview/browser/network_service/net_helpers.cc:137] HTTP Cache size is: 20971520
06-15 13:21:01.892 31925 32044 W libc    : Access denied finding property "vendor.camera.aux.packagelist"
06-15 13:21:01.892 31925 32044 W libc    : Access denied finding property "vendor.camera.aux.packagelist"
