=== VibeKey 4.5.145 (4513) ===

--------- beginning of main
07-22 21:03:09.563  8647  8647 I VkSetupWizard: → step 1
07-22 21:03:12.449  8647  8727 E BLASTBufferQueue: BLASTBufferItemConsumer::onDisconnect()
07-22 21:03:13.107  8647  8647 W ibekey.keyboar: ClassLoaderContext classpath size mismatch. expected=1, found=0 (DLC[];PCL[base.apk*4129373472]{PCL[/system/framework/org.apache.http.legacy.jar*3034548894]#PCL[/apex/com.android.extservices/javalib/android.ext.adservices.jar*4107572224]#PCL[/system/framework/com.android.location.provider.jar*3633238672]#PCL[/system/framework/com.android.media.remotedisplay.jar*3472798123]#PCL[/apex/com.android.extservices/javalib/android.ext.adservices.jar*4107572224]} | DLC[];PCL[])
07-22 21:03:13.130  8647  8647 W System  : ClassLoader referenced unknown path: 
07-22 21:03:13.145  8647  8647 W ibekey.keyboar: ClassLoaderContext classpath element checksum mismatch. expected=4129373472, found=3123493086 (DLC[];PCL[base.apk*4129373472]{PCL[/system/framework/org.apache.http.legacy.jar*3034548894]#PCL[/apex/com.android.extservices/javalib/android.ext.adservices.jar*4107572224]#PCL[/system/framework/com.android.location.provider.jar*3633238672]#PCL[/system/framework/com.android.media.remotedisplay.jar*3472798123]#PCL[/apex/com.android.extservices/javalib/android.ext.adservices.jar*4107572224]} | DLC[];PCL[/data/app/~~d5VWcdIwuSmpwgKY2Pwrjw==/com.vibekey.keyboard-aEwa0_xzJloiUF73l6XxHA==/base.apk*3123493086]{PCL[/apex/com.android.extservices/javalib/android.ext.adservices.jar*4107572224]})
07-22 21:03:13.521  8647  8647 E MultiApp.Impl: OplusMultiAppImpl
07-22 21:03:13.912  8647  8647 W libc    : Access denied finding property "ro.vendor.api_level"
07-22 21:03:13.923  8647  8647 W chromium: [WARNING:android_webview/browser/network_service/net_helpers.cc:137] HTTP Cache size is: 20971520
07-22 21:03:14.087  8647  8954 W libc    : Access denied finding property "vendor.camera.aux.packagelist"
07-22 21:03:14.087  8647  8954 W libc    : Access denied finding property "vendor.camera.aux.packagelist"
07-22 21:03:14.089  8647  8859 W libc    : Access denied finding property "vendor.camera.aux.packagelist"
07-22 21:03:14.110  8647  8894 W Ads     : Update ad debug logging enablement as false
07-22 21:03:14.159  8647  8647 W ConnectivityManager.CallbackHandler: callback not found for CALLBACK_AVAILABLE message
07-22 21:03:14.159  8647  8647 W ConnectivityManager.CallbackHandler: callback not found for CALLBACK_AVAILABLE message
07-22 21:03:14.172  8647  8937 W cr_media: BLUETOOTH_CONNECT permission is missing.
07-22 21:03:14.184  8647  8937 W cr_media: getBluetoothAdapter() requires BLUETOOTH permission
07-22 21:03:14.184  8647  8937 W cr_media: registerBluetoothIntentsIfNeeded: Requires BLUETOOTH permission
07-22 21:03:14.390  8647  8946 W AudioCapabilities: Unsupported mime audio/ffmpeg
07-22 21:03:14.392  8647  8946 W VideoCapabilities: Unsupported mime video/ffmpeg
07-22 21:03:14.395  8647  8946 W VideoCapabilities: Unrecognized profile/level 0/3 for video/mpeg2
07-22 21:03:14.395  8647  8946 W VideoCapabilities: Unrecognized profile/level 0/3 for video/mpeg2
07-22 21:03:15.975  8647  8647 I VkSetupWizard: → step 2
07-22 21:03:18.746  8647  8647 I VkSetupWizard: → step 3
07-22 21:03:19.140  8647  8647 I VkLanguageSettings: legacy multilingual pref migrated main=pt-BR
07-22 21:03:19.144  8647  8647 I VkNgram : registered lang=en source=bundled
07-22 21:03:20.279  8647  8647 I VkFavorites: save card len=12 activate=false
07-22 21:03:20.349  8647  8647 I VkFavorites: save card len=9 activate=false
07-22 21:03:20.415  8647  8647 I VkFavorites: save card len=14 activate=false
07-22 21:03:20.466  8647  8647 I VkFavorites: save card len=18 activate=false
07-22 21:03:20.545  8647  8647 I VkFavorites: save card len=18 activate=false
07-22 21:03:20.612  8647  8647 I VkFavorites: save card len=20 activate=false
07-22 21:03:20.660  8647  8647 I VkFavorites: save card len=14 activate=false
07-22 21:03:20.712  8647  8647 I VkFavorites: save card len=16 activate=false
07-22 21:03:20.742  8647  8647 W z       : No editor info for this field. Bug?
07-22 21:03:20.747  8647  8718 I VkMultilingual: reset main=pt-BR locales=[pt] count=1
07-22 21:03:20.750  8647  8718 I VkDictionaries: ▶ async reload main dicts locales=1
07-22 21:03:20.754  8647  8718 I VkDictionaries: collection pt-BR dicts=0 emoji=true
07-22 21:03:20.785  8647  8647 E ANR_LOG : >>> msg's executing time is too long
07-22 21:03:20.785  8647  8647 E ANR_LOG : Blocked msg = { when=-1s810ms what=114 target=android.app.ActivityThread$H obj=CreateServiceData{token=android.os.BinderProxy@a579b15 className=helium314.keyboard.latin.LatinIME packageName=com.vibekey.keyboard intent=null} } , cost  = 1799 ms
07-22 21:03:20.785  8647  8647 E ANR_LOG : >>>Current msg List is:
07-22 21:03:20.785  8647  8647 E ANR_LOG : Current msg <1> = { when=-1s809ms what=121 target=android.app.ActivityThread$H obj=BindServiceData{token=android.os.BinderProxy@a579b15 intent=Intent { act=android.view.InputMethod cmp=com.vibekey.keyboard/helium314.keyboard.latin.LatinIME }} }
07-22 21:03:20.785  8647  8647 E ANR_LOG : Current msg <2> = { when=-1s804ms what=0 target=android.os.Handler callback=h2.v0 }
07-22 21:03:20.786  8647  8647 E ANR_LOG : Current msg <3> = { when=-1s802ms barrier=292 }
07-22 21:03:20.786  8647  8647 E ANR_LOG : Current msg <4> = { when=-831ms what=0 target=android.os.Handler callback=android.view.OplusScrollToTopManager$DelayRegisterReceiverRunnable }
07-22 21:03:20.786  8647  8647 E ANR_LOG : Current msg <5> = { when=-5ms what=0 target=android.app.ActivityThread$H callback=android.app.LoadedApk$ReceiverDispatcher$Args$$ExternalSyntheticLambda0 }
07-22 21:03:20.786  8647  8647 E ANR_LOG : Current msg <6> = { when=+412ms what=0 target=v8.l0 callback=g9.o }
07-22 21:03:20.786  8647  8647 E ANR_LOG : Current msg <7> = { when=+915ms what=131 target=android.app.ActivityThread$H obj=android.app.ActivityThread$ProviderRefCount@fcb9e2a }
07-22 21:03:20.786  8647  8647 E ANR_LOG : Current msg <8> = { when=+4s147ms what=0 target=com.google.android.gms.ads.internal.util.f callback=com.google.android.gms.ads.internal.js.o }
07-22 21:03:20.786  8647  8647 E ANR_LOG : Current msg <9> = { when=+53s372ms what=0 target=com.google.android.gms.ads.internal.util.f callback=com.google.android.gms.ads.internal.js.v }
07-22 21:03:20.786  8647  8647 E ANR_LOG : >>>CURRENT MSG DUMP OVER<<<
07-22 21:03:20.788  8647  9039 I VkLocaleAssets: ▶ startup download begin
07-22 21:03:20.792  8647  9039 I VkNgram : registered lang=en source=bundled
07-22 21:03:20.795  8647  9039 I VkLocaleAssets: ▶ batch source=startup count=1 [pt-BR]
07-22 21:03:20.798  8647  9039 I VkLocaleAssets: ▶ fetch pt-BR main=true emoji=true bigram=true
07-22 21:03:20.850  8647  9039 W FeatureFlagsImplExport: java.lang.NoClassDefFoundError: Class not found using the boot class loader; no stack trace available
07-22 21:03:20.973  8647  9039 I VkNgram : registered lang=pt source=gcs
07-22 21:03:20.973  8647  9039 I VkLocaleAssets: ✓ pt-BR bigram
07-22 21:03:21.540  8647  9049 I VkNgram : model ready locale=pt-BR gen=1 339ms
07-22 21:03:25.136  8647  8647 I VkLanguageSettings: + enable en-AU
07-22 21:03:25.138  8647  8647 I VkLanguageSettings: + enable pt-BR
07-22 21:03:25.140  8647  8647 I VkLanguageSettings: + enable hi
07-22 21:03:25.142  8647  8647 I VkLanguageSettings: + enable es
07-22 21:03:25.144  8647  8647 I VkLanguageSettings: + enable fr
07-22 21:03:25.144  8647  8647 I VkLanguageSettings: select pt-BR
07-22 21:03:25.144  8647  8647 I VkLanguageSettings: ▶ pack download count=4
07-22 21:03:25.833  8647  8647 I VkSetupWizard: → step 4
07-22 21:03:26.095  8647  8655 W ibekey.keyboar: Missing inline cache for java.lang.Object q.g0.invoke()
07-22 21:03:26.095  8647  8655 W ibekey.keyboar: Missing inline cache for java.lang.Object q.g0.invoke()
07-22 21:03:27.673  8647  8647 I VkSetupWizard: ✓ wizard completed
07-22 21:03:27.739  8647  8647 W Settings: Setting transition_animation_scale has moved from android.provider.Settings.System to android.provider.Settings.Global, returning read-only value.
07-22 21:03:28.982  8647  8647 I VkTyping: ○ hidden
07-22 21:03:29.357  8647  8727 E BLASTBufferQueue: BLASTBufferItemConsumer::onDisconnect()
--------- beginning of system
07-22 21:03:31.314  8647  8647 E OplusCustomizeRestrictionManager: sInstance is null, start a new sInstance
07-22 21:03:31.348  8647  8647 I VkEffects: reload keyPress=scale popup=none popupFx=true blur=562px glow=true stickers=true
07-22 21:03:31.468  8647  8647 I VkTyping: ▶ open restart=false pkg=len=20 inputType=589825
07-22 21:03:31.556  8647  8647 W VkStall : MAIN-THREAD STALL 251ms during: >>>>> Dispatching to Handler (com.android.internal.os.HandlerCaller$MyHandler) {be81865} null: 60
07-22 21:03:31.576  8647  8647 W View    : requestLayout() improperly called by android.widget.LinearLayout{b8d56a9 V.E...... ......ID 0,1868-1440,2818 #7f0a00fc app:id/main_keyboard_frame} during layout: running second layout pass
07-22 21:03:31.705  8647  8647 W VkStall : MAIN-THREAD STALL 149ms during: >>>>> Dispatching to Handler (android.view.Choreographer$FrameHandler) {b7d87d0} android.view.Choreographer$FrameDisplayEventReceiver@eb463c9: 0
07-22 21:03:31.710  8647  8647 I VkStripPipeline: setSuggestions composing size=0 style=0 token=-1 gen=-1
07-22 21:03:31.710  8647  8647 I VkStripPipeline: slotBind composing children=0 []
07-22 21:03:32.093  8647  9029 W VkSuggestions: slow frame 65,3ms locales=1 typedLen=0 candidates=0
07-22 21:03:32.095  8647  9029 I VkNgram : merge locale=pt prev=len=0 preds=8 contextual=0 assets=true
07-22 21:03:32.113  8647  9029 I VkSuggestions: strip prediction typedLen=0 candidates=3 autocorrect=false top=len=1 locale=pt token=3 gen=0
07-22 21:03:32.116  8647  8647 I VkStripPipeline: setSuggestions prediction size=3 style=7 token=3 gen=0
07-22 21:03:32.122  8647  8647 I VkSuggestions: stripUi prediction=true children=5 [len=1|len=1|len=2]
07-22 21:03:32.122  8647  8647 I VkStripPipeline: slotBind prediction children=5 [len=1|len=1|len=2]
07-22 21:03:32.360  8647  9108 E FilePhenotypeFlags: Config package com.google.android.gms.clearcut_client#com.vibekey.keyboard cannot use FILE backing without declarative registration. See go/phenotype-android-integration#phenotype for more information. This will lead to stale flags.
07-22 21:03:32.361  8647  9108 E FilePhenotypeFlags: Config package com.google.android.gms.clearcut_client#com.vibekey.keyboard cannot use FILE backing without declarative registration. See go/phenotype-android-integration#phenotype for more information. This will lead to stale flags.
07-22 21:03:32.435  8647  9108 E FilePhenotypeFlags: Config package com.google.android.gms.clearcut_client#com.vibekey.keyboard cannot use FILE backing without declarative registration. See go/phenotype-android-integration#phenotype for more information. This will lead to stale flags.
07-22 21:03:32.435  8647  9108 E FilePhenotypeFlags: Config package com.google.android.gms.clearcut_client#com.vibekey.keyboard cannot use FILE backing without declarative registration. See go/phenotype-android-integration#phenotype for more information. This will lead to stale flags.
07-22 21:03:32.668  8647  8647 I VkEffects: keyPressAnim burst=1 type=scale lastPhase=down
07-22 21:03:32.670  8647  8647 I VkKeyPreview: show key=printable instant=true pool showing=1 free=0
07-22 21:03:32.670  8647  8647 I VkKeyPreview: popupAnim key=printable type=instant dur=0ms scale=1.0
07-22 21:03:32.845  8647  8647 I VkKeyPress: keys pressed=1
07-22 21:03:32.850  8647  8647 I VkKeyPreview: dismissAll reason=effects_reload count=1
07-22 21:03:32.879  8647  8647 I VkKeyPreview: show key=printable instant=true pool showing=1 free=0
07-22 21:03:32.879  8647  8647 I VkKeyPreview: popupAnim key=printable type=instant dur=0ms scale=1.0
07-22 21:03:32.950  8647  9029 I VkSuggestions: decode typedLen=1 candidates=0 locales=1 0,1ms
07-22 21:03:32.956  8647  9029 I VkSuggestions: strip composing typedLen=1 candidates=2 autocorrect=false top=len=1 locale=pt token=5 gen=0
07-22 21:03:32.956  8647  8647 I VkStripPipeline: setSuggestions composing size=2 style=1 token=5 gen=0 typed=len=1
07-22 21:03:32.957  8647  8647 I VkSuggestions: stripUi prediction=false children=3 [len=1|len=6]
07-22 21:03:32.957  8647  8647 I VkStripPipeline: slotBind composing children=3 [len=1|len=6]
07-22 21:03:32.966  8647  8647 I VkKeyPreview: dismiss key=printable reason=release_anim pool showing=0 free=1
07-22 21:03:33.133  8647  8647 W VkStall : MAIN-THREAD STALL 141ms during: >>>>> Dispatching to Handler (android.os.Handler) {59fd3a7} g9.u@93331d4: 0
07-22 21:03:33.135  8647  8647 I VkKeyPreview: show key=printable instant=true pool showing=1 free=0
07-22 21:03:33.136  8647  8647 I VkKeyPreview: popupAnim key=printable type=instant dur=0ms scale=1.0
07-22 21:03:33.136  8647  8647 I VkKeyPreview: dismiss key=printable reason=switch_key pool showing=0 free=1
07-22 21:03:33.137  8647  8647 I VkKeyPreview: show key=printable instant=true pool showing=1 free=0
07-22 21:03:33.137  8647  8647 I VkKeyPreview: popupAnim key=printable type=instant dur=0ms scale=1.0
07-22 21:03:33.144  8647  9029 I VkSuggestions: decode typedLen=2 candidates=0 locales=1 0,2ms
07-22 21:03:33.155  8647  9029 I VkSuggestions: strip composing typedLen=2 candidates=2 autocorrect=false top=len=2 locale=pt token=7 gen=0
07-22 21:03:33.156  8647  8647 I VkStripPipeline: setSuggestions composing size=2 style=1 token=7 gen=0 typed=len=2
07-22 21:03:33.159  8647  8647 I VkSuggestions: stripUi prediction=false children=3 [len=2|len=6]
07-22 21:03:33.159  8647  8647 I VkStripPipeline: slotBind composing children=3 [len=2|len=6]
07-22 21:03:33.234  8647  8647 I VkKeyPreview: dismiss key=printable reason=release_anim pool showing=0 free=1
07-22 21:03:33.459  8647  8647 W VkStall : MAIN-THREAD STALL 159ms during: >>>>> Dispatching to Handler (android.os.Handler) {59fd3a7} g9.u@93331d4: 0
07-22 21:03:33.461  8647  8647 I VkKeyPreview: show key=printable instant=true pool showing=1 free=0
07-22 21:03:33.461  8647  8647 I VkKeyPreview: popupAnim key=printable type=instant dur=0ms scale=1.0
07-22 21:03:33.462  8647  8647 I VkKeyPreview: dismiss key=printable reason=release_anim pool showing=0 free=1
07-22 21:03:33.546  8647  8647 I VkKeyPreview: show key=printable instant=true pool showing=1 free=0
07-22 21:03:33.546  8647  8647 I VkKeyPreview: popupAnim key=printable type=instant dur=0ms scale=1.0
07-22 21:03:33.564  8647  9029 I VkSuggestions: decode typedLen=5 candidates=0 locales=1 0,2ms
07-22 21:03:33.565  8647  9029 I VkSuggestions: strip composing typedLen=5 candidates=1 autocorrect=false top=len=5 locale=pt token=9 gen=0
07-22 21:03:33.565  8647  8647 I VkStripPipeline: setSuggestions composing size=2 style=1 token=9 gen=0 typed=len=5
07-22 21:03:33.567  8647  8647 I VkSuggestions: stripUi prediction=false children=3 [len=5|len=6]
07-22 21:03:33.567  8647  8647 I VkStripPipeline: slotBind composing children=3 [len=5|len=6]
07-22 21:03:33.634  8647  8647 I VkKeyPreview: dismiss key=printable reason=release_anim pool showing=0 free=1
07-22 21:03:33.685  8647  8647 I VkKeyPreview: show key=printable instant=true pool showing=1 free=0
07-22 21:03:33.685  8647  8647 I VkKeyPreview: popupAnim key=printable type=instant dur=0ms scale=1.0
07-22 21:03:33.738  8647  9029 I VkSuggestions: decode typedLen=6 candidates=0 locales=1 0,2ms
07-22 21:03:33.738  8647  9029 I VkSuggestions: strip composing typedLen=6 candidates=1 autocorrect=false top=len=6 locale=pt token=10 gen=0
07-22 21:03:33.739  8647  8647 I VkStripPipeline: setSuggestions composing size=2 style=1 token=10 gen=0 typed=len=6
07-22 21:03:33.740  8647  8647 I VkSuggestions: stripUi prediction=false children=3 [len=6|len=6]
07-22 21:03:33.740  8647  8647 I VkStripPipeline: slotBind composing children=3 [len=6|len=6]
07-22 21:03:33.785  8647  8647 I VkKeyPreview: dismiss key=printable reason=switch_key pool showing=0 free=1
07-22 21:03:33.786  8647  8647 I VkKeyPreview: show key=printable instant=true pool showing=1 free=0
07-22 21:03:33.786  8647  8647 I VkKeyPreview: popupAnim key=printable type=instant dur=0ms scale=1.0
07-22 21:03:33.885  8647  8647 I VkKeyPreview: dismiss key=printable reason=release_anim pool showing=0 free=1
07-22 21:03:33.970  8647  8647 I VkKeyPreview: show key=printable instant=true pool showing=1 free=0
07-22 21:03:33.970  8647  8647 I VkKeyPreview: popupAnim key=printable type=instant dur=0ms scale=1.0
07-22 21:03:33.988  8647  9029 I VkSuggestions: decode typedLen=8 candidates=0 locales=1 0,2ms
07-22 21:03:33.988  8647  9029 I VkSuggestions: strip composing typedLen=8 candidates=1 autocorrect=false top=len=8 locale=pt token=12 gen=0
07-22 21:03:33.989  8647  8647 I VkStripPipeline: setSuggestions composing size=2 style=1 token=12 gen=0 typed=len=8
07-22 21:03:33.990  8647  8647 I VkSuggestions: stripUi prediction=false children=3 [len=8|len=6]
07-22 21:03:33.990  8647  8647 I VkStripPipeline: slotBind composing children=3 [len=8|len=6]
07-22 21:03:34.069  8647  8647 I VkKeyPreview: dismiss key=printable reason=release_anim pool showing=0 free=1
07-22 21:03:34.119  8647  8647 I VkKeyPreview: show key=printable instant=true pool showing=1 free=0
07-22 21:03:34.119  8647  8647 I VkKeyPreview: popupAnim key=printable type=instant dur=0ms scale=1.0
07-22 21:03:34.179  8647  9029 I VkSuggestions: decode typedLen=9 candidates=0 locales=1 0,2ms
07-22 21:03:34.180  8647  9029 I VkSuggestions: strip composing typedLen=9 candidates=1 autocorrect=false top=len=9 locale=pt token=13 gen=0
07-22 21:03:34.180  8647  8647 I VkStripPipeline: setSuggestions composing size=2 style=1 token=13 gen=0 typed=len=9
07-22 21:03:34.181  8647  8647 I VkSuggestions: stripUi prediction=false children=3 [len=9|len=6]
07-22 21:03:34.181  8647  8647 I VkStripPipeline: slotBind composing children=3 [len=9|len=6]
07-22 21:03:34.183  8647  8647 I VkKeyPreview: dismiss key=printable reason=switch_key pool showing=0 free=1
07-22 21:03:34.183  8647  8647 I VkKeyPreview: show key=printable instant=true pool showing=1 free=0
07-22 21:03:34.183  8647  8647 I VkKeyPreview: popupAnim key=printable type=instant dur=0ms scale=1.0
07-22 21:03:34.253  8647  8647 I VkKeyPreview: dismiss key=printable reason=release_anim pool showing=0 free=1
07-22 21:03:34.347  8647  8647 I VkKeyPreview: show key=printable instant=true pool showing=1 free=0
07-22 21:03:34.347  8647  8647 I VkKeyPreview: popupAnim key=printable type=instant dur=0ms scale=1.0
07-22 21:03:34.362  8647  9029 I VkSuggestions: decode typedLen=11 candidates=0 locales=1 0,2ms
07-22 21:03:34.362  8647  9029 I VkSuggestions: strip composing typedLen=11 candidates=1 autocorrect=false top=len=11 locale=pt token=15 gen=0
07-22 21:03:34.363  8647  8647 I VkStripPipeline: setSuggestions composing size=2 style=1 token=15 gen=0 typed=len=11
07-22 21:03:34.365  8647  8647 I VkSuggestions: stripUi prediction=false children=3 [len=11|len=6]
07-22 21:03:34.365  8647  8647 I VkStripPipeline: slotBind composing children=3 [len=11|len=6]
07-22 21:03:34.435  8647  8647 I VkKeyPreview: dismiss key=printable reason=release_anim pool showing=0 free=1
07-22 21:03:34.488  8647  8647 I VkKeyPreview: show key=printable instant=true pool showing=1 free=0
07-22 21:03:34.488  8647  8647 I VkKeyPreview: popupAnim key=printable type=instant dur=0ms scale=1.0
07-22 21:03:34.538  8647  9029 I VkSuggestions: decode typedLen=12 candidates=0 locales=1 0,2ms
07-22 21:03:34.539  8647  9029 I VkSuggestions: strip composing typedLen=12 candidates=1 autocorrect=false top=len=12 locale=pt token=16 gen=0
07-22 21:03:34.539  8647  8647 I VkStripPipeline: setSuggestions composing size=2 style=1 token=16 gen=0 typed=len=12
07-22 21:03:34.541  8647  8647 I VkSuggestions: stripUi prediction=false children=3 [len=12|len=6]
07-22 21:03:34.541  8647  8647 I VkStripPipeline: slotBind composing children=3 [len=12|len=6]
07-22 21:03:34.596  8647  8647 I VkKeyPreview: dismiss key=printable reason=release_anim pool showing=0 free=1
07-22 21:03:34.699  8647  9029 I VkSuggestions: decode typedLen=13 candidates=0 locales=1 0,2ms
07-22 21:03:34.700  8647  9029 I VkSuggestions: strip composing typedLen=13 candidates=1 autocorrect=false top=len=13 locale=pt token=16 gen=0
07-22 21:03:34.700  8647  8647 I VkStripPipeline: setSuggestions composing size=2 style=1 token=16 gen=0 typed=len=13
07-22 21:03:34.702  8647  8647 I VkSuggestions: stripUi prediction=false children=3 [len=13|len=6]
07-22 21:03:34.702  8647  8647 I VkStripPipeline: slotBind composing children=3 [len=13|len=6]
07-22 21:03:35.858  8647  8647 I VkKeyPress: keys pressed=26
07-22 21:03:36.019  8647  9029 I VkSuggestions: strip prediction typedLen=0 candidates=3 autocorrect=false top=len=1 locale=pt token=17 gen=0
07-22 21:03:36.022  8647  8647 I VkStripPipeline: setSuggestions prediction size=3 style=7 token=17 gen=0
07-22 21:03:36.024  8647  8647 I VkSuggestions: stripUi prediction=true children=5 [len=1|len=1|len=2]
07-22 21:03:36.024  8647  8647 I VkStripPipeline: slotBind prediction children=5 [len=1|len=1|len=2]
07-22 21:03:36.066  8647  8647 I VkEffects: keyPressAnim burst=27 type=scale lastPhase=up
07-22 21:03:37.373  8647  8647 I VkKeyPreview: show key=printable instant=true pool showing=1 free=0
07-22 21:03:37.373  8647  8647 I VkKeyPreview: popupAnim key=printable type=instant dur=0ms scale=1.0
07-22 21:03:37.444  8647  8647 I VkKeyPreview: dismiss key=printable reason=release_anim pool showing=0 free=1
07-22 21:03:37.547  8647  9029 I VkSuggestions: decode typedLen=1 candidates=0 locales=1 0,3ms
07-22 21:03:37.548  8647  9029 I VkSuggestions: strip composing typedLen=1 candidates=1 autocorrect=false top=len=1 locale=pt token=18 gen=0
07-22 21:03:37.548  8647  8647 I VkStripPipeline: setSuggestions composing size=1 style=1 token=18 gen=0 typed=len=1
07-22 21:03:37.549  8647  8647 I VkSuggestions: stripUi prediction=false children=1 [len=1]
07-22 21:03:37.550  8647  8647 I VkStripPipeline: slotBind composing children=1 [len=1]
07-22 21:03:37.597  8647  8647 I VkKeyPreview: show key=printable instant=true pool showing=1 free=0
07-22 21:03:37.598  8647  8647 I VkKeyPreview: popupAnim key=printable type=instant dur=0ms scale=1.0
07-22 21:03:37.656  8647  8647 I VkKeyPreview: dismiss key=printable reason=release_anim pool showing=0 free=1
07-22 21:03:37.746  8647  8647 I VkKeyPreview: show key=printable instant=true pool showing=1 free=0
07-22 21:03:37.746  8647  8647 I VkKeyPreview: popupAnim key=printable type=instant dur=0ms scale=1.0
07-22 21:03:37.759  8647  9029 I VkSuggestions: decode typedLen=2 candidates=0 locales=1 0,2ms
07-22 21:03:37.760  8647  9029 I VkSuggestions: strip composing typedLen=2 candidates=1 autocorrect=false top=len=2 locale=pt token=20 gen=0
07-22 21:03:37.760  8647  8647 I VkStripPipeline: setSuggestions composing size=1 style=1 token=20 gen=0 typed=len=2
07-22 21:03:37.761  8647  8647 I VkSuggestions: stripUi prediction=false children=1 [len=2]
07-22 21:03:37.761  8647  8647 I VkStripPipeline: slotBind composing children=1 [len=2]
07-22 21:03:37.838  8647  8647 I VkKeyPreview: dismiss key=printable reason=release_anim pool showing=0 free=1
07-22 21:03:37.880  8647  8647 I VkKeyPreview: show key=printable instant=true pool showing=1 free=0
07-22 21:03:37.880  8647  8647 I VkKeyPreview: popupAnim key=printable type=instant dur=0ms scale=1.0
07-22 21:03:37.940  8647  9029 I VkSuggestions: decode typedLen=3 candidates=0 locales=1 0,2ms
07-22 21:03:37.941  8647  9029 I VkSuggestions: strip composing typedLen=3 candidates=1 autocorrect=false top=len=3 locale=pt token=21 gen=0
07-22 21:03:37.941  8647  8647 I VkStripPipeline: setSuggestions composing size=1 style=1 token=21 gen=0 typed=len=3
07-22 21:03:37.942  8647  8647 I VkSuggestions: stripUi prediction=false children=1 [len=3]
07-22 21:03:37.942  8647  8647 I VkStripPipeline: slotBind composing children=1 [len=3]
07-22 21:03:37.989  8647  8647 I VkKeyPreview: dismiss key=printable reason=switch_key pool showing=0 free=1
07-22 21:03:37.990  8647  8647 I VkKeyPreview: show key=printable instant=true pool showing=1 free=0
07-22 21:03:37.990  8647  8647 I VkKeyPreview: popupAnim key=printable type=instant dur=0ms scale=1.0
07-22 21:03:38.064  8647  8647 I VkKeyPreview: dismiss key=printable reason=release_anim pool showing=0 free=1
07-22 21:03:38.151  8647  8647 I VkKeyPreview: show key=printable instant=true pool showing=1 free=0
07-22 21:03:38.151  8647  8647 I VkKeyPreview: popupAnim key=printable type=instant dur=0ms scale=1.0
07-22 21:03:38.167  8647  9029 I VkSuggestions: decode typedLen=5 candidates=0 locales=1 0,1ms
07-22 21:03:38.168  8647  9029 I VkSuggestions: strip composing typedLen=5 candidates=1 autocorrect=false top=len=5 locale=pt token=23 gen=0
07-22 21:03:38.168  8647  8647 I VkStripPipeline: setSuggestions composing size=1 style=1 token=23 gen=0 typed=len=5
07-22 21:03:38.169  8647  8647 I VkSuggestions: stripUi prediction=false children=1 [len=5]
07-22 21:03:38.169  8647  8647 I VkStripPipeline: slotBind composing children=1 [len=5]
07-22 21:03:38.229  8647  8647 I VkKeyPreview: dismiss key=printable reason=release_anim pool showing=0 free=1
07-22 21:03:38.333  8647  9029 I VkSuggestions: decode typedLen=6 candidates=0 locales=1 0,3ms
07-22 21:03:38.334  8647  9029 I VkSuggestions: strip composing typedLen=6 candidates=1 autocorrect=false top=len=6 locale=pt token=23 gen=0
07-22 21:03:38.335  8647  8647 I VkStripPipeline: setSuggestions composing size=1 style=1 token=23 gen=0 typed=len=6
07-22 21:03:38.337  8647  8647 I VkSuggestions: stripUi prediction=false children=1 [len=6]
07-22 21:03:38.337  8647  8647 I VkStripPipeline: slotBind composing children=1 [len=6]
07-22 21:03:39.204  8647  8647 I VkKeyPress: keys pressed=36
07-22 21:03:39.651  8647  8647 W VkStall : MAIN-THREAD STALL 187ms during: >>>>> Dispatching to Handler (s8.t0) {42d811e} null: 1
07-22 21:03:39.753  8647  9029 I VkTextCorrection: rerank prediction head len=1→len=1
07-22 21:03:39.754  8647  9029 I VkSuggestions: strip prediction typedLen=0 candidates=3 autocorrect=false top=len=1 locale=pt token=24 gen=0
07-22 21:03:39.757  8647  8647 I VkStripPipeline: setSuggestions prediction size=3 style=7 token=24 gen=0
07-22 21:03:39.760  8647  8647 I VkSuggestions: stripUi prediction=true children=5 [len=2|len=1|len=2]
07-22 21:03:39.760  8647  8647 I VkStripPipeline: slotBind prediction children=5 [len=2|len=1|len=2]
07-22 21:03:39.829  8647  8647 I VkEffects: keyPressAnim burst=14 type=scale lastPhase=up
07-22 21:03:40.926  8647  8647 I VkKeyPreview: show key=printable instant=true pool showing=1 free=0
07-22 21:03:40.926  8647  8647 I VkKeyPreview: popupAnim key=printable type=instant dur=0ms scale=1.0
07-22 21:03:40.979  8647  8647 I VkKeyPreview: dismiss key=printable reason=switch_key pool showing=0 free=1
07-22 21:03:40.980  8647  8647 I VkKeyPreview: show key=printable instant=true pool showing=1 free=0
07-22 21:03:40.980  8647  8647 I VkKeyPreview: popupAnim key=printable type=instant dur=0ms scale=1.0
07-22 21:03:41.053  8647  8647 I VkKeyPreview: dismiss key=printable reason=release_anim pool showing=0 free=1
07-22 21:03:41.150  8647  8647 I VkKeyPreview: show key=printable instant=true pool showing=1 free=0
07-22 21:03:41.150  8647  8647 I VkKeyPreview: popupAnim key=printable type=instant dur=0ms scale=1.0
07-22 21:03:41.169  8647  9029 I VkSuggestions: decode typedLen=2 candidates=0 locales=1 0,2ms
07-22 21:03:41.169  8647  9029 I VkSuggestions: strip composing typedLen=2 candidates=2 autocorrect=false top=len=2 locale=pt token=27 gen=0
07-22 21:03:41.169  8647  8647 I VkStripPipeline: setSuggestions composing size=2 style=1 token=27 gen=0 typed=len=2
07-22 21:03:41.171  8647  8647 I VkSuggestions: stripUi prediction=false children=3 [len=2|len=6]
07-22 21:03:41.171  8647  8647 I VkStripPipeline: slotBind composing children=3 [len=2|len=6]
07-22 21:03:41.237  8647  8647 I VkKeyPreview: dismiss key=printable reason=release_anim pool showing=0 free=1
07-22 21:03:41.340  8647  9029 I VkSuggestions: decode typedLen=3 candidates=0 locales=1 0,3ms
07-22 21:03:41.341  8647  9029 I VkSuggestions: strip composing typedLen=3 candidates=1 autocorrect=false top=len=3 locale=pt token=27 gen=0
07-22 21:03:41.341  8647  8647 I VkStripPipeline: setSuggestions composing size=2 style=1 token=27 gen=0 typed=len=3
07-22 21:03:41.343  8647  8647 I VkSuggestions: stripUi prediction=false children=3 [len=3|len=6]
07-22 21:03:41.343  8647  8647 I VkStripPipeline: slotBind composing children=3 [len=3|len=6]
07-22 21:03:41.345  8647  8647 I VkKeyPreview: show key=printable instant=true pool showing=1 free=0
07-22 21:03:41.345  8647  8647 I VkKeyPreview: popupAnim key=printable type=instant dur=0ms scale=1.0
07-22 21:03:41.438  8647  8647 I VkKeyPreview: dismiss key=printable reason=release_anim pool showing=0 free=1
07-22 21:03:41.455  8647  8647 I VkKeyPreview: show key=printable instant=true pool showing=1 free=0
07-22 21:03:41.455  8647  8647 I VkKeyPreview: popupAnim key=printable type=instant dur=0ms scale=1.0
07-22 21:03:41.541  8647  9029 I VkSuggestions: decode typedLen=4 candidates=0 locales=1 0,2ms
07-22 21:03:41.542  8647  9029 I VkSuggestions: strip composing typedLen=4 candidates=1 autocorrect=false top=len=4 locale=pt token=29 gen=0
07-22 21:03:41.542  8647  8647 I VkStripPipeline: setSuggestions composing size=2 style=1 token=29 gen=0 typed=len=4
07-22 21:03:41.544  8647  8647 I VkSuggestions: stripUi prediction=false children=3 [len=4|len=6]
07-22 21:03:41.544  8647  8647 I VkStripPipeline: slotBind composing children=3 [len=4|len=6]
07-22 21:03:41.574  8647  8647 I VkKeyPreview: dismiss key=printable reason=switch_key pool showing=0 free=1
07-22 21:03:41.575  8647  8647 I VkKeyPreview: show key=printable instant=true pool showing=1 free=0
07-22 21:03:41.575  8647  8647 I VkKeyPreview: popupAnim key=printable type=instant dur=0ms scale=1.0
07-22 21:03:41.670  8647  8647 I VkKeyPreview: dismiss key=printable reason=release_anim pool showing=0 free=1
07-22 21:03:41.760  8647  8647 I VkKeyPreview: show key=printable instant=true pool showing=1 free=0
07-22 21:03:41.760  8647  8647 I VkKeyPreview: popupAnim key=printable type=instant dur=0ms scale=1.0
07-22 21:03:41.775  8647  9029 I VkSuggestions: decode typedLen=6 candidates=0 locales=1 0,2ms
07-22 21:03:41.776  8647  9029 I VkSuggestions: strip composing typedLen=6 candidates=1 autocorrect=false top=len=6 locale=pt token=31 gen=0
07-22 21:03:41.776  8647  8647 I VkStripPipeline: setSuggestions composing size=2 style=1 token=31 gen=0 typed=len=6
07-22 21:03:41.777  8647  8647 I VkSuggestions: stripUi prediction=false children=3 [len=6|len=6]
07-22 21:03:41.777  8647  8647 I VkStripPipeline: slotBind composing children=3 [len=6|len=6]
07-22 21:03:41.856  8647  8647 I VkKeyPreview: dismiss key=printable reason=release_anim pool showing=0 free=1
07-22 21:03:41.890  8647  8647 I VkKeyPreview: show key=printable instant=true pool showing=1 free=0
07-22 21:03:41.890  8647  8647 I VkKeyPreview: popupAnim key=printable type=instant dur=0ms scale=1.0
07-22 21:03:41.960  8647  9029 I VkSuggestions: decode typedLen=7 candidates=0 locales=1 0,3ms
07-22 21:03:41.961  8647  9029 I VkSuggestions: strip composing typedLen=7 candidates=1 autocorrect=false top=len=7 locale=pt token=32 gen=0
07-22 21:03:41.962  8647  8647 I VkStripPipeline: setSuggestions composing size=2 style=1 token=32 gen=0 typed=len=7
07-22 21:03:41.965  8647  8647 I VkSuggestions: stripUi prediction=false children=3 [len=7|len=6]
07-22 21:03:41.965  8647  8647 I VkStripPipeline: slotBind composing children=3 [len=7|len=6]
07-22 21:03:42.008  8647  8647 I VkKeyPreview: dismiss key=printable reason=release_anim pool showing=0 free=1
07-22 21:03:42.011  8647  8647 I VkKeyPreview: show key=printable instant=true pool showing=1 free=0
07-22 21:03:42.012  8647  8647 I VkKeyPreview: popupAnim key=printable type=instant dur=0ms scale=1.0
07-22 21:03:42.089  8647  8647 I VkKeyPreview: dismiss key=printable reason=release_anim pool showing=0 free=1
07-22 21:03:42.166  8647  8647 I VkKeyPreview: show key=printable instant=true pool showing=1 free=0
07-22 21:03:42.166  8647  8647 I VkKeyPreview: popupAnim key=printable type=instant dur=0ms scale=1.0
07-22 21:03:42.174  8647  8647 I VkKeyPreview: dismiss key=printable reason=switch_key pool showing=0 free=1
07-22 21:03:42.175  8647  8647 I VkKeyPreview: show key=printable instant=true pool showing=1 free=0
07-22 21:03:42.175  8647  8647 I VkKeyPreview: popupAnim key=printable type=instant dur=0ms scale=1.0
07-22 21:03:42.191  8647  9029 I VkSuggestions: decode typedLen=9 candidates=0 locales=1 0,2ms
07-22 21:03:42.191  8647  9029 I VkSuggestions: strip composing typedLen=9 candidates=1 autocorrect=false top=len=9 locale=pt token=35 gen=0
07-22 21:03:42.192  8647  8647 I VkStripPipeline: setSuggestions composing size=2 style=1 token=35 gen=0 typed=len=9
07-22 21:03:42.193  8647  8647 I VkSuggestions: stripUi prediction=false children=3 [len=9|len=6]
07-22 21:03:42.193  8647  8647 I VkStripPipeline: slotBind composing children=3 [len=9|len=6]
07-22 21:03:42.274  8647  8647 I VkKeyPress: keys pressed=54
07-22 21:03:42.276  8647  8647 I VkKeyPreview: dismiss key=printable reason=release_anim pool showing=0 free=1
07-22 21:03:42.386  8647  9029 I VkSuggestions: decode typedLen=11 candidates=0 locales=1 0,3ms
07-22 21:03:42.387  8647  9029 I VkSuggestions: strip composing typedLen=11 candidates=1 autocorrect=false top=len=11 locale=pt token=35 gen=0
07-22 21:03:42.389  8647  8647 I VkStripPipeline: setSuggestions composing size=2 style=1 token=35 gen=0 typed=len=11
07-22 21:03:42.394  8647  8647 I VkSuggestions: stripUi prediction=false children=3 [len=11|len=6]
07-22 21:03:42.394  8647  8647 I VkStripPipeline: slotBind composing children=3 [len=11|len=6]
07-22 21:03:42.881  8647  8647 I VkEffects: keyPressAnim burst=23 type=scale lastPhase=down
07-22 21:03:42.881  8647  8647 I VkKeyPreview: show key=printable instant=true pool showing=1 free=0
07-22 21:03:42.882  8647  8647 I VkKeyPreview: popupAnim key=printable type=instant dur=0ms scale=1.0
07-22 21:03:42.975  8647  8647 I VkKeyPreview: dismiss key=printable reason=release_anim pool showing=0 free=1
07-22 21:03:43.053  8647  8647 I VkKeyPreview: show key=printable instant=true pool showing=1 free=0
07-22 21:03:43.053  8647  8647 I VkKeyPreview: popupAnim key=printable type=instant dur=0ms scale=1.0
07-22 21:03:43.077  8647  9029 I VkSuggestions: decode typedLen=12 candidates=0 locales=1 0,2ms
07-22 21:03:43.077  8647  9029 I VkSuggestions: strip composing typedLen=12 candidates=1 autocorrect=false top=len=12 locale=pt token=37 gen=0
07-22 21:03:43.078  8647  8647 I VkStripPipeline: setSuggestions composing size=2 style=1 token=37 gen=0 typed=len=12
07-22 21:03:43.079  8647  8647 I VkSuggestions: stripUi prediction=false children=3 [len=12|len=6]
07-22 21:03:43.079  8647  8647 I VkStripPipeline: slotBind composing children=3 [len=12|len=6]
07-22 21:03:43.158  8647  8647 I VkKeyPreview: dismiss key=printable reason=release_anim pool showing=0 free=1
07-22 21:03:43.186  8647  8647 I VkKeyPreview: show key=printable instant=true pool showing=1 free=0
07-22 21:03:43.186  8647  8647 I VkKeyPreview: popupAnim key=printable type=instant dur=0ms scale=1.0
07-22 21:03:43.261  8647  9029 I VkSuggestions: decode typedLen=13 candidates=0 locales=1 0,2ms
07-22 21:03:43.261  8647  9029 I VkSuggestions: strip composing typedLen=13 candidates=1 autocorrect=false top=len=13 locale=pt token=38 gen=0
07-22 21:03:43.261  8647  8647 I VkStripPipeline: setSuggestions composing size=2 style=1 token=38 gen=0 typed=len=13
07-22 21:03:43.263  8647  8647 I VkSuggestions: stripUi prediction=false children=3 [len=13|len=6]
07-22 21:03:43.263  8647  8647 I VkStripPipeline: slotBind composing children=3 [len=13|len=6]
07-22 21:03:43.309  8647  8647 I VkKeyPreview: dismiss key=printable reason=release_anim pool showing=0 free=1
07-22 21:03:43.326  8647  8647 I VkKeyPreview: show key=printable instant=true pool showing=1 free=0
07-22 21:03:43.326  8647  8647 I VkKeyPreview: popupAnim key=printable type=instant dur=0ms scale=1.0
07-22 21:03:43.412  8647  9029 I VkSuggestions: decode typedLen=14 candidates=0 locales=1 0,2ms
07-22 21:03:43.413  8647  9029 I VkSuggestions: strip composing typedLen=14 candidates=1 autocorrect=false top=len=14 locale=pt token=39 gen=0
07-22 21:03:43.413  8647  8647 I VkStripPipeline: setSuggestions composing size=2 style=1 token=39 gen=0 typed=len=14
07-22 21:03:43.415  8647  8647 I VkSuggestions: stripUi prediction=false children=3 [len=14|len=6]
07-22 21:03:43.415  8647  8647 I VkStripPipeline: slotBind composing children=3 [len=14|len=6]
07-22 21:03:43.426  8647  8647 I VkKeyPreview: dismiss key=printable reason=release_anim pool showing=0 free=1
07-22 21:03:43.479  8647  8647 I VkKeyPreview: show key=printable instant=true pool showing=1 free=0
07-22 21:03:43.479  8647  8647 I VkKeyPreview: popupAnim key=printable type=instant dur=0ms scale=1.0
07-22 21:03:43.530  8647  9029 I VkSuggestions: decode typedLen=15 candidates=0 locales=1 0,3ms
07-22 21:03:43.530  8647  9029 I VkSuggestions: strip composing typedLen=15 candidates=1 autocorrect=false top=len=15 locale=pt token=40 gen=0
07-22 21:03:43.531  8647  8647 I VkStripPipeline: setSuggestions composing size=2 style=1 token=40 gen=0 typed=len=15
07-22 21:03:43.534  8647  8647 I VkSuggestions: stripUi prediction=false children=3 [len=15|len=6]
07-22 21:03:43.534  8647  8647 I VkStripPipeline: slotBind composing children=3 [len=15|len=6]
07-22 21:03:43.605  8647  8647 I VkKeyPreview: dismiss key=printable reason=release_anim pool showing=0 free=1
07-22 21:03:43.711  8647  9029 I VkSuggestions: decode typedLen=16 candidates=0 locales=1 0,5ms
07-22 21:03:43.713  8647  9029 I VkSuggestions: strip composing typedLen=16 candidates=1 autocorrect=false top=len=16 locale=pt token=40 gen=0
07-22 21:03:43.714  8647  8647 I VkStripPipeline: setSuggestions composing size=2 style=1 token=40 gen=0 typed=len=16
07-22 21:03:43.718  8647  8647 I VkSuggestions: stripUi prediction=false children=3 [len=16|len=6]
07-22 21:03:43.718  8647  8647 I VkStripPipeline: slotBind composing children=3 [len=16|len=6]
07-22 21:03:45.250  8647  8647 W VkStall : MAIN-THREAD STALL 146ms during: >>>>> Dispatching to Handler (s8.t0) {42d811e} null: 1
07-22 21:03:45.304  8647  8647 I VkKeyPress: keys pressed=78
07-22 21:03:45.352  8647  9029 I VkTextCorrection: rerank prediction head len=1→len=1
07-22 21:03:45.353  8647  9029 I VkSuggestions: strip prediction typedLen=0 candidates=3 autocorrect=false top=len=1 locale=pt token=41 gen=0
07-22 21:03:45.359  8647  8647 I VkStripPipeline: setSuggestions prediction size=3 style=7 token=41 gen=0
07-22 21:03:45.365  8647  8647 I VkSuggestions: stripUi prediction=true children=5 [len=1|len=1|len=2]
07-22 21:03:45.365  8647  8647 I VkStripPipeline: slotBind prediction children=5 [len=1|len=1|len=2]
07-22 21:03:45.980  8647  8647 I VkEffects: keyPressAnim burst=12 type=scale lastPhase=down
07-22 21:03:46.076  8647  8647 I VkStripPipeline: langSwitch main=pt-BR token=43 gen=1
07-22 21:03:46.079  8647  8647 I VkStripPipeline: setSuggestions composing size=0 style=0 token=-1 gen=-1
07-22 21:03:46.080  8647  8647 I VkStripPipeline: slotBind composing children=0 []
07-22 21:03:46.081  8647  8647 I VkLanguageSettings: select en-AU
07-22 21:03:46.112  8647  8647 I VkLanguageSettings: cycle dir=1 → en-AU
07-22 21:03:46.126  8647  9066 I VkMultilingual: reset main=en-AU locales=[en] count=1
07-22 21:03:46.129  8647  9066 I VkDictionaries: ▶ async reload main dicts locales=1
07-22 21:03:46.148  8647  8719 I VkDictionaries: ✓ open main en-AU
07-22 21:03:46.148  8647  8719 I VkDictionaries: collection en-AU dicts=1 emoji=true
07-22 21:03:46.638  8647  8647 I VkKeyPreview: show key=printable instant=true pool showing=1 free=0
07-22 21:03:46.638  8647  8647 I VkKeyPreview: popupAnim key=printable type=instant dur=0ms scale=1.0
07-22 21:03:46.735  8647  8647 I VkKeyPreview: dismiss key=printable reason=release_anim pool showing=0 free=1
07-22 21:03:46.783  8647  8647 I VkKeyPreview: show key=printable instant=true pool showing=1 free=0
07-22 21:03:46.783  8647  8647 I VkKeyPreview: popupAnim key=printable type=instant dur=0ms scale=1.0
07-22 21:03:46.850  8647  9029 I VkSuggestions: decode typedLen=1 candidates=18 locales=1 9,7ms
07-22 21:03:46.854  8647  9029 I VkSuggestions: strip composing typedLen=1 candidates=19 autocorrect=false top=len=1 locale=en token=46 gen=1
07-22 21:03:46.854  8647  8647 I VkStripPipeline: setSuggestions composing size=19 style=1 token=46 gen=1 typed=len=1
07-22 21:03:46.855  8647  8647 I VkSuggestions: stripUi prediction=false children=5 [len=1|len=1|len=4]
07-22 21:03:46.855  8647  8647 I VkStripPipeline: slotBind composing children=5 [len=1|len=1|len=4]
07-22 21:03:46.859  8647  9049 I VkNgram : model ready locale=en-AU gen=1 320ms
07-22 21:03:46.865  8647  8647 I VkFastTyping: async fetch style=1 seq=-1
07-22 21:03:46.886  8647  8647 I VkKeyPreview: dismiss key=printable reason=switch_key pool showing=0 free=1
07-22 21:03:46.886  8647  8647 I VkKeyPreview: show key=printable instant=true pool showing=1 free=0
07-22 21:03:46.886  8647  8647 I VkKeyPreview: popupAnim key=printable type=instant dur=0ms scale=1.0
07-22 21:03:46.969  8647  8647 I VkKeyPreview: dismiss key=printable reason=release_anim pool showing=0 free=1
07-22 21:03:47.075  8647  9029 I VkSuggestions: decode typedLen=3 candidates=18 locales=1 2,6ms
07-22 21:03:47.077  8647  9029 I VkSuggestions: strip composing typedLen=3 candidates=19 autocorrect=false top=len=3 locale=en token=47 gen=1
07-22 21:03:47.077  8647  8647 I VkStripPipeline: setSuggestions composing size=19 style=1 token=47 gen=1 typed=len=3
07-22 21:03:47.079  8647  8647 I VkSuggestions: stripUi prediction=false children=5 [len=3|len=3|len=3]
07-22 21:03:47.079  8647  8647 I VkStripPipeline: slotBind composing children=5 [len=3|len=3|len=3]
07-22 21:03:47.087  8647  8647 I VkKeyPreview: show key=printable instant=true pool showing=1 free=0
07-22 21:03:47.087  8647  8647 I VkKeyPreview: popupAnim key=printable type=instant dur=0ms scale=1.0
07-22 21:03:47.195  8647  8647 I VkKeyPreview: dismiss key=printable reason=release_anim pool showing=0 free=1
07-22 21:03:47.220  8647  8647 I VkKeyPreview: show key=printable instant=true pool showing=1 free=0
07-22 21:03:47.220  8647  8647 I VkKeyPreview: popupAnim key=printable type=instant dur=0ms scale=1.0
07-22 21:03:47.314  8647  9029 I VkSuggestions: decode typedLen=4 candidates=18 locales=1 5,4ms
07-22 21:03:47.315  8647  9029 I VkSuggestions: strip composing typedLen=4 candidates=19 autocorrect=false top=len=4 locale=en token=49 gen=1
07-22 21:03:47.315  8647  8647 I VkStripPipeline: setSuggestions composing size=19 style=1 token=49 gen=1 typed=len=4
07-22 21:03:47.317  8647  8647 I VkSuggestions: stripUi prediction=false children=5 [len=4|len=4|len=4]
07-22 21:03:47.317  8647  8647 I VkStripPipeline: slotBind composing children=5 [len=4|len=4|len=4]
07-22 21:03:47.321  8647  8647 I VkEffects: reload keyPress=scale popup=scale popupFx=true blur=0px glow=false stickers=true
07-22 21:03:47.445  8647  8647 W VkStall : MAIN-THREAD STALL 127ms during: >>>>> Dispatching to Handler (android.os.Handler) {59fd3a7} g9.u@93331d4: 0
07-22 21:03:47.446  8647  8647 I VkKeyPreview: show key=printable instant=true pool showing=1 free=0
07-22 21:03:47.447  8647  8647 I VkKeyPreview: popupAnim key=printable type=instant dur=0ms scale=1.0
07-22 21:03:47.449  8647  8647 I VkKeyPreview: dismiss key=printable reason=release_anim pool showing=0 free=1
07-22 21:03:47.467  8647  8647 I VkKeyPreview: dismissAll reason=effects_reload count=1
07-22 21:03:47.504  8647  8647 I VkKeyPreview: show key=printable instant=true pool showing=1 free=0
07-22 21:03:47.505  8647  8647 I VkKeyPreview: popupAnim key=printable type=instant dur=0ms scale=1.0
07-22 21:03:47.567  8647  9029 I VkSuggestions: decode typedLen=6 candidates=18 locales=1 3,0ms
07-22 21:03:47.568  8647  9029 I VkSuggestions: strip composing typedLen=6 candidates=19 autocorrect=false top=len=6 locale=en token=51 gen=1
07-22 21:03:47.568  8647  8647 I VkStripPipeline: setSuggestions composing size=19 style=1 token=51 gen=1 typed=len=6
07-22 21:03:47.570  8647  8647 I VkSuggestions: stripUi prediction=false children=5 [len=6|len=2|len=2]
07-22 21:03:47.570  8647  8647 I VkStripPipeline: slotBind composing children=5 [len=6|len=2|len=2]
07-22 21:03:47.587  8647  8647 I VkKeyPreview: dismiss key=printable reason=release_anim pool showing=0 free=1
07-22 21:03:47.743  8647  8647 W VkStall : MAIN-THREAD STALL 130ms during: >>>>> Dispatching to Handler (android.os.Handler) {59fd3a7} g9.u@93331d4: 0
07-22 21:03:47.745  8647  8647 I VkKeyPreview: show key=printable instant=true pool showing=1 free=0
07-22 21:03:47.745  8647  8647 I VkKeyPreview: popupAnim key=printable type=instant dur=0ms scale=1.0
07-22 21:03:47.750  8647  9029 I VkSuggestions: decode typedLen=7 candidates=18 locales=1 2,4ms
07-22 21:03:47.752  8647  9029 I VkSuggestions: strip composing typedLen=7 candidates=19 autocorrect=false top=len=7 locale=en token=52 gen=1
07-22 21:03:47.752  8647  8647 I VkStripPipeline: setSuggestions composing size=19 style=1 token=52 gen=1 typed=len=7
07-22 21:03:47.753  8647  8647 I VkSuggestions: stripUi prediction=false children=5 [len=7|len=8|len=2]
07-22 21:03:47.754  8647  8647 I VkStripPipeline: slotBind composing children=5 [len=7|len=8|len=2]
07-22 21:03:47.830  8647  8647 I VkKeyPreview: dismiss key=printable reason=release_anim pool showing=0 free=1
07-22 21:03:47.855  8647  8647 I VkKeyPreview: show key=printable instant=true pool showing=1 free=0
07-22 21:03:47.855  8647  8647 I VkKeyPreview: popupAnim key=printable type=instant dur=0ms scale=1.0
07-22 21:03:48.022  8647  8647 W VkStall : MAIN-THREAD STALL 126ms during: >>>>> Dispatching to Handler (android.os.Handler) {59fd3a7} g9.u@93331d4: 0
07-22 21:03:48.024  8647  8647 I VkKeyPreview: show key=printable instant=true pool showing=1 free=0
07-22 21:03:48.024  8647  8647 I VkKeyPreview: popupAnim key=printable type=instant dur=0ms scale=1.0
07-22 21:03:48.027  8647  8647 I VkKeyPreview: dismiss key=printable reason=release_anim pool showing=0 free=1
07-22 21:03:48.099  8647  8647 I VkKeyPreview: show key=printable instant=true pool showing=1 free=0
07-22 21:03:48.099  8647  8647 I VkKeyPreview: popupAnim key=printable type=instant dur=0ms scale=1.0
07-22 21:03:48.136  8647  9029 I VkSuggestions: decode typedLen=10 candidates=18 locales=1 3,5ms
07-22 21:03:48.137  8647  9029 I VkSuggestions: strip composing typedLen=10 candidates=19 autocorrect=false top=len=10 locale=en token=55 gen=1
07-22 21:03:48.137  8647  8647 I VkStripPipeline: setSuggestions composing size=19 style=1 token=55 gen=1 typed=len=10
07-22 21:03:48.139  8647  8647 I VkSuggestions: stripUi prediction=false children=5 [len=10|len=2|len=2]
07-22 21:03:48.139  8647  8647 I VkStripPipeline: slotBind composing children=5 [len=10|len=2|len=2]
07-22 21:03:48.180  8647  8647 I VkKeyPreview: dismiss key=printable reason=release_anim pool showing=0 free=1
07-22 21:03:48.204  8647  9039 I VkLocaleAssets: ✓ pt-BR main
07-22 21:03:48.267  8647  8647 I VkKeyPreview: show key=printable instant=true pool showing=1 free=0
07-22 21:03:48.267  8647  8647 I VkKeyPreview: popupAnim key=printable type=instant dur=0ms scale=1.0
07-22 21:03:48.286  8647  9029 I VkSuggestions: decode typedLen=11 candidates=18 locales=1 2,7ms
07-22 21:03:48.288  8647  9029 I VkSuggestions: strip composing typedLen=11 candidates=19 autocorrect=false top=len=11 locale=en token=56 gen=1
07-22 21:03:48.288  8647  8647 I VkStripPipeline: setSuggestions composing size=19 style=1 token=56 gen=1 typed=len=11
07-22 21:03:48.290  8647  8647 I VkSuggestions: stripUi prediction=false children=5 [len=11|len=8|len=2]
07-22 21:03:48.290  8647  8647 I VkStripPipeline: slotBind composing children=5 [len=11|len=8|len=2]
07-22 21:03:48.355  8647  8647 I VkKeyPreview: dismiss key=printable reason=release_anim pool showing=0 free=1
07-22 21:03:48.355  8647  8647 I VkKeyPress: keys pressed=94
07-22 21:03:48.390  8647  8647 I VkKeyPreview: show key=printable instant=true pool showing=1 free=0
07-22 21:03:48.390  8647  8647 I VkKeyPreview: popupAnim key=printable type=instant dur=0ms scale=1.0
07-22 21:03:48.460  8647  9029 I VkSuggestions: decode typedLen=12 candidates=18 locales=1 2,2ms
07-22 21:03:48.462  8647  9029 I VkSuggestions: strip composing typedLen=12 candidates=19 autocorrect=false top=len=12 locale=en token=57 gen=1
07-22 21:03:48.462  8647  8647 I VkStripPipeline: setSuggestions composing size=19 style=1 token=57 gen=1 typed=len=12
07-22 21:03:48.464  8647  8647 I VkSuggestions: stripUi prediction=false children=5 [len=12|len=2|len=2]
07-22 21:03:48.464  8647  8647 I VkStripPipeline: slotBind composing children=5 [len=12|len=2|len=2]
07-22 21:03:48.515  8647  8647 I VkKeyPreview: dismiss key=printable reason=release_anim pool showing=0 free=1
07-22 21:03:48.550  8647  8647 I VkKeyPreview: show key=printable instant=true pool showing=1 free=0
07-22 21:03:48.550  8647  8647 I VkKeyPreview: popupAnim key=printable type=instant dur=0ms scale=1.0
07-22 21:03:48.620  8647  9029 I VkSuggestions: decode typedLen=13 candidates=18 locales=1 1,8ms
07-22 21:03:48.622  8647  9029 I VkSuggestions: strip composing typedLen=13 candidates=19 autocorrect=false top=len=13 locale=en token=58 gen=1
07-22 21:03:48.622  8647  8647 I VkStripPipeline: setSuggestions composing size=19 style=1 token=58 gen=1 typed=len=13
07-22 21:03:48.623  8647  8647 I VkSuggestions: stripUi prediction=false children=5 [len=13|len=2|len=2]
