07-07 20:53:51.296  6638  6638 W LayerDrawable: 	at com.android.internal.policy.DecorView.onLayout(DecorView.java:873)
07-07 20:53:51.296  6638  6638 W LayerDrawable: 	at android.view.View.layout(View.java:23330)
07-07 20:53:51.296  6638  6638 W LayerDrawable: 	at android.view.ViewGroup.layout(ViewGroup.java:6505)
07-07 20:53:51.296  6638  6638 W LayerDrawable: 	at android.view.ViewRootImpl.performLayout(ViewRootImpl.java:3936)
07-07 20:53:51.296  6638  6638 W LayerDrawable: 	at android.view.ViewRootImpl.performTraversals(ViewRootImpl.java:3338)
07-07 20:53:51.296  6638  6638 W LayerDrawable: 	at android.view.ViewRootImpl.doTraversal(ViewRootImpl.java:2305)
07-07 20:53:51.296  6638  6638 W LayerDrawable: 	at android.view.ViewRootImpl$TraversalRunnable.run(ViewRootImpl.java:9133)
07-07 20:53:51.296  6638  6638 W LayerDrawable: 	at android.view.Choreographer$CallbackRecord.run(Choreographer.java:1232)
07-07 20:53:51.296  6638  6638 W LayerDrawable: 	at android.view.Choreographer.doCallbacks(Choreographer.java:1029)
07-07 20:53:51.296  6638  6638 W LayerDrawable: 	at android.view.Choreographer.doFrame(Choreographer.java:934)
07-07 20:53:51.296  6638  6638 W LayerDrawable: 	at android.view.Choreographer$FrameDisplayEventReceiver.run(Choreographer.java:1217)
07-07 20:53:51.296  6638  6638 W LayerDrawable: 	at android.os.Handler.handleCallback(Handler.java:938)
07-07 20:53:51.296  6638  6638 W LayerDrawable: 	at android.os.Handler.dispatchMessage(Handler.java:99)
07-07 20:53:51.296  6638  6638 W LayerDrawable: 	at android.os.Looper.loopOnce(Looper.java:233)
07-07 20:53:51.296  6638  6638 W LayerDrawable: 	at android.os.Looper.loop(Looper.java:344)
07-07 20:53:51.296  6638  6638 W LayerDrawable: 	at android.app.ActivityThread.main(ActivityThread.java:8212)
07-07 20:53:51.296  6638  6638 W LayerDrawable: 	at java.lang.reflect.Method.invoke(Native Method)
07-07 20:53:51.296  6638  6638 W LayerDrawable: 	at com.android.internal.os.RuntimeInit$MethodAndArgsCaller.run(RuntimeInit.java:584)
07-07 20:53:51.296  6638  6638 W LayerDrawable: 	at com.android.internal.os.ZygoteInit.main(ZygoteInit.java:1034)
07-07 20:53:51.298  6638  6638 W View    : requestLayout() improperly called by android.widget.LinearLayout{fe8b4cd V.E...... ......ID 0,1868-1440,2818 #7f0a011b app:id/main_keyboard_frame} during layout: running second layout pass
07-07 20:53:51.321  6638  6638 W LayerDrawable: Invalid drawable added to LayerDrawable! Drawable already belongs to another owner but does not expose a constant state.
07-07 20:53:51.321  6638  6638 W LayerDrawable: java.lang.RuntimeException
07-07 20:53:51.321  6638  6638 W LayerDrawable: 	at android.graphics.drawable.LayerDrawable$ChildDrawable.<init>(LayerDrawable.java:1857)
07-07 20:53:51.321  6638  6638 W LayerDrawable: 	at android.graphics.drawable.LayerDrawable$LayerState.<init>(LayerDrawable.java:1977)
07-07 20:53:51.321  6638  6638 W LayerDrawable: 	at android.graphics.drawable.LayerDrawable.createConstantState(LayerDrawable.java:174)
07-07 20:53:51.321  6638  6638 W LayerDrawable: 	at android.graphics.drawable.LayerDrawable.mutate(LayerDrawable.java:1782)
07-07 20:53:51.321  6638  6638 W LayerDrawable: 	at helium314.keyboard.latin.InputView.g(r8-map-id-ad73b94404394bfc85426ccd0b1e70e5f0945155e663f3d0fd3f21863db96ca4:630)
07-07 20:53:51.321  6638  6638 W LayerDrawable: 	at p7.x.a(r8-map-id-ad73b94404394bfc85426ccd0b1e70e5f0945155e663f3d0fd3f21863db96ca4:232)
07-07 20:53:51.321  6638  6638 W LayerDrawable: 	at a8.t0.run(r8-map-id-ad73b94404394bfc85426ccd0b1e70e5f0945155e663f3d0fd3f21863db96ca4:279)
07-07 20:53:51.321  6638  6638 W LayerDrawable: 	at helium314.keyboard.latin.InputView.f(r8-map-id-ad73b94404394bfc85426ccd0b1e70e5f0945155e663f3d0fd3f21863db96ca4:39)
07-07 20:53:51.321  6638  6638 W LayerDrawable: 	at i7.d0.a(r8-map-id-ad73b94404394bfc85426ccd0b1e70e5f0945155e663f3d0fd3f21863db96ca4:73)
07-07 20:53:51.321  6638  6638 W LayerDrawable: 	at a8.y0.run(r8-map-id-ad73b94404394bfc85426ccd0b1e70e5f0945155e663f3d0fd3f21863db96ca4:411)
07-07 20:53:51.321  6638  6638 W LayerDrawable: 	at android.os.Handler.handleCallback(Handler.java:938)
07-07 20:53:51.321  6638  6638 W LayerDrawable: 	at android.os.Handler.dispatchMessage(Handler.java:99)
07-07 20:53:51.321  6638  6638 W LayerDrawable: 	at android.os.Looper.loopOnce(Looper.java:233)
07-07 20:53:51.321  6638  6638 W LayerDrawable: 	at android.os.Looper.loop(Looper.java:344)
07-07 20:53:51.321  6638  6638 W LayerDrawable: 	at android.app.ActivityThread.main(ActivityThread.java:8212)
07-07 20:53:51.321  6638  6638 W LayerDrawable: 	at java.lang.reflect.Method.invoke(Native Method)
07-07 20:53:51.321  6638  6638 W LayerDrawable: 	at com.android.internal.os.RuntimeInit$MethodAndArgsCaller.run(RuntimeInit.java:584)
07-07 20:53:51.321  6638  6638 W LayerDrawable: 	at com.android.internal.os.ZygoteInit.main(ZygoteInit.java:1034)
07-07 20:53:51.370  6638  6684 E ibekey.keyboar: Attempt to load writable dex file: /data/user/0/com.vibekey.keyboard/app_pccache2/5/A8FCED5E1BBD1419AEB215A46D3A1E5E503CFED2/pcam.jar
07-07 20:53:51.386  6638  6638 W AdWorker(Defaul: type=1400 audit(0.0:23047): avc: granted { execute } for path="/data/data/com.vibekey.keyboard/app_pccache2/5/A8FCED5E1BBD1419AEB215A46D3A1E5E503CFED2/pcam.jar" dev="dm-2" ino=275055 scontext=u:r:untrusted_app:s0:c93,c272,c512,c768 tcontext=u:object_r:app_data_file:s0:c93,c272,c512,c768 tclass=file app=com.vibekey.keyboard
07-07 20:53:51.402  6638  6810 W Settings: Setting animator_duration_scale has moved from android.provider.Settings.System to android.provider.Settings.Global, returning read-only global URI.
07-07 20:53:51.410  6638  6810 E GeckoLibLoad: Load sqlite start
07-07 20:53:51.413  6638  6810 E GeckoLibLoad: Load sqlite done
07-07 20:53:51.413  6638  6810 E GeckoLibLoad: Load nss start
07-07 20:53:51.413  6638  6810 E GeckoLibLoad: Load nss done
07-07 20:53:51.428  6638  6810 E GeckoLibLoad: Loaded libs in 14.314427ms total, 1ms(44ms) user, 12ms(22ms) system, 0(0) faults
07-07 20:53:51.430  6638  6810 W GeckoThread: zerdatime 85923420 - runGecko
07-07 20:53:51.439  6638  6699 W Ads     : Invoke Firebase method getInstance error.
07-07 20:53:51.439  6638  6699 W Ads     : The Google Mobile Ads SDK will not integrate with Firebase. Admob/Firebase integration requires the latest Firebase SDK jar, but Firebase SDK is either missing or out of date
07-07 20:53:51.475  6638  6802 W ServiceBindIntentUtils: Dynamic lookup for intent failed for action: com.google.android.gms.ads.service.CACHE
07-07 20:53:51.506  6638  6638 W com.vibekey.keyboard: type=1400 audit(0.0:23048): avc: denied { bind } for comm=4E65746C696E6B204D6F6E69746F72 scontext=u:r:untrusted_app:s0:c93,c272,c512,c768 tcontext=u:r:untrusted_app:s0:c93,c272,c512,c768 tclass=netlink_route_socket permissive=0 bug=b/155595000 app=com.vibekey.keyboard
07-07 20:53:51.531  6638  6810 E ibekey.keyboar: hiddenapi: Accessing hidden field Ljava/lang/Boolean;->value:Z (runtime_flags=0, domain=core-platform, api=max-target-p) from Lorg/mozilla/gecko/GeckoThread; (domain=app, TargetSdkVersion=35) using JNI: denied
07-07 20:53:51.531  6638  6810 E ibekey.keyboar: hiddenapi: Accessing hidden field Ljava/lang/Integer;->value:I (runtime_flags=0, domain=core-platform, api=max-target-p) from Lorg/mozilla/gecko/GeckoThread; (domain=app, TargetSdkVersion=35) using JNI: denied
07-07 20:53:51.531  6638  6810 E ibekey.keyboar: hiddenapi: Accessing hidden field Ljava/lang/Long;->value:J (runtime_flags=0, domain=core-platform, api=max-target-p) from Lorg/mozilla/gecko/GeckoThread; (domain=app, TargetSdkVersion=35) using JNI: denied
07-07 20:53:51.532  6638  6810 E ibekey.keyboar: hiddenapi: Accessing hidden field Ljava/lang/Double;->value:D (runtime_flags=0, domain=core-platform, api=max-target-p) from Lorg/mozilla/gecko/GeckoThread; (domain=app, TargetSdkVersion=35) using JNI: denied
07-07 20:53:51.542  6638  6698 W Ads     : Not retrying to fetch app settings
07-07 20:53:51.559  6638  6836 W ServiceBindIntentUtils: Dynamic lookup for intent failed for action: com.google.android.gms.ads.service.START
07-07 20:53:51.587  6840  6840 E .keyboard:tab2: Unknown bits set in runtime_flags: 0x40000000
07-07 20:53:51.590  6638  6700 W Ads     : Not retrying to fetch app settings
07-07 20:53:51.591  6638  6684 W Ads     : Not retrying to fetch app settings
07-07 20:53:52.538  6638  6638 E Ads     : JS: Uncaught TypeError: Cannot read properties of null (reading 's') (https://pagead2.googlesyndication.com/omsdk/releases/live/omsdk-v1.js:27)
07-07 20:53:52.814  6638  6706 W Ads     : Not retrying to fetch app settings
07-07 20:53:53.742  6638  6638 W Ads     : canOpenAppGmsgHandler disabled.
07-07 20:53:53.743  6638  6638 W Ads     : canOpenAppGmsgHandler disabled.
07-07 20:53:53.743  6638  6638 W Ads     : canOpenAppGmsgHandler disabled.
07-07 20:53:54.035  6638  6638 E Ads     : JS: Refused to get unsafe header "X-Afma-Gcache-IsGcacheHit" (https://www.gstatic.com/mysidia/18f82a7e858a826fb1ec350454dac03b.js?tag=addon/rewarded_video:422)
07-07 20:53:54.173  6638  6638 E Ads     : JS: Refused to get unsafe header "X-Afma-Gcache-IsGcacheHit" (https://www.gstatic.com/mysidia/18f82a7e858a826fb1ec350454dac03b.js?tag=addon/rewarded_video:422)
07-07 20:53:54.226  6638  6728 W libc    : Access denied finding property "vendor.oplus.media.vpp.stutter"
07-07 20:53:54.226  6638  6728 E MULTIMEDIAConfig: [getInt32:L80] Not find config, Returning default
07-07 20:53:54.226  6638  6728 E MULTIMEDIAConfig: [getInt32:L80] Not find config, Returning default
07-07 20:53:54.226  6638  6728 E OplusACodec: [OplusACodec:204] mSrOsieMMListCheckResult:0x0 mOsieVersion:1
07-07 20:53:54.275  6638  6963 E OplusACodec: [GetVideoCodingTypeFromMime:L1162] mime:video/x-vnd.on2.vp9
07-07 20:53:54.382  6638  6724 W cr_MediaCodecBridge: Releasing: OMX.qcom.video.decoder.vp9
07-07 20:53:54.383  6638  6962 E ExtensionsLoader: freeAllBuffers: 13 buffers were freed while being dequeued!
07-07 20:53:54.384  6638  6724 W cr_MediaCodecBridge: Codec released
07-07 20:53:56.033  6638  6638 W LayerDrawable: Invalid drawable added to LayerDrawable! Drawable already belongs to another owner but does not expose a constant state.
07-07 20:53:56.033  6638  6638 W LayerDrawable: java.lang.RuntimeException
07-07 20:53:56.033  6638  6638 W LayerDrawable: 	at android.graphics.drawable.LayerDrawable$ChildDrawable.<init>(LayerDrawable.java:1857)
07-07 20:53:56.033  6638  6638 W LayerDrawable: 	at android.graphics.drawable.LayerDrawable$LayerState.<init>(LayerDrawable.java:1977)
07-07 20:53:56.033  6638  6638 W LayerDrawable: 	at android.graphics.drawable.LayerDrawable.createConstantState(LayerDrawable.java:174)
07-07 20:53:56.033  6638  6638 W LayerDrawable: 	at android.graphics.drawable.LayerDrawable.mutate(LayerDrawable.java:1782)
07-07 20:53:56.033  6638  6638 W LayerDrawable: 	at helium314.keyboard.latin.InputView.g(r8-map-id-ad73b94404394bfc85426ccd0b1e70e5f0945155e663f3d0fd3f21863db96ca4:630)
07-07 20:53:56.033  6638  6638 W LayerDrawable: 	at p7.x.a(r8-map-id-ad73b94404394bfc85426ccd0b1e70e5f0945155e663f3d0fd3f21863db96ca4:232)
07-07 20:53:56.033  6638  6638 W LayerDrawable: 	at a8.t0.run(r8-map-id-ad73b94404394bfc85426ccd0b1e70e5f0945155e663f3d0fd3f21863db96ca4:279)
07-07 20:53:56.033  6638  6638 W LayerDrawable: 	at helium314.keyboard.latin.InputView.f(r8-map-id-ad73b94404394bfc85426ccd0b1e70e5f0945155e663f3d0fd3f21863db96ca4:39)
07-07 20:53:56.033  6638  6638 W LayerDrawable: 	at i7.d0.a(r8-map-id-ad73b94404394bfc85426ccd0b1e70e5f0945155e663f3d0fd3f21863db96ca4:73)
07-07 20:53:56.033  6638  6638 W LayerDrawable: 	at i7.d0.r(r8-map-id-ad73b94404394bfc85426ccd0b1e70e5f0945155e663f3d0fd3f21863db96ca4:245)
07-07 20:53:56.033  6638  6638 W LayerDrawable: 	at x7.b.u(r8-map-id-ad73b94404394bfc85426ccd0b1e70e5f0945155e663f3d0fd3f21863db96ca4:301)
07-07 20:53:56.033  6638  6638 W LayerDrawable: 	at helium314.keyboard.latin.LatinIME.l(r8-map-id-ad73b94404394bfc85426ccd0b1e70e5f0945155e663f3d0fd3f21863db96ca4:36)
07-07 20:53:56.033  6638  6638 W LayerDrawable: 	at i7.m.a(r8-map-id-ad73b94404394bfc85426ccd0b1e70e5f0945155e663f3d0fd3f21863db96ca4:262)
07-07 20:53:56.033  6638  6638 W LayerDrawable: 	at helium314.keyboard.latin.suggestions.SuggestionStripView.onClick(r8-map-id-ad73b94404394bfc85426ccd0b1e70e5f0945155e663f3d0fd3f21863db96ca4:45)
07-07 20:53:56.033  6638  6638 W LayerDrawable: 	at android.view.View.performClick(View.java:7488)
07-07 20:53:56.033  6638  6638 W LayerDrawable: 	at android.view.View.performClickInternal(View.java:7464)
07-07 20:53:56.033  6638  6638 W LayerDrawable: 	at android.view.View.access$3700(View.java:841)
07-07 20:53:56.033  6638  6638 W LayerDrawable: 	at android.view.View$PerformClick.run(View.java:28911)
07-07 20:53:56.033  6638  6638 W LayerDrawable: 	at android.os.Handler.handleCallback(Handler.java:938)
07-07 20:53:56.033  6638  6638 W LayerDrawable: 	at android.os.Handler.dispatchMessage(Handler.java:99)
07-07 20:53:56.033  6638  6638 W LayerDrawable: 	at android.os.Looper.loopOnce(Looper.java:233)
07-07 20:53:56.033  6638  6638 W LayerDrawable: 	at android.os.Looper.loop(Looper.java:344)
07-07 20:53:56.033  6638  6638 W LayerDrawable: 	at android.app.ActivityThread.main(ActivityThread.java:8212)
07-07 20:53:56.033  6638  6638 W LayerDrawable: 	at java.lang.reflect.Method.invoke(Native Method)
07-07 20:53:56.033  6638  6638 W LayerDrawable: 	at com.android.internal.os.RuntimeInit$MethodAndArgsCaller.run(RuntimeInit.java:584)
07-07 20:53:56.033  6638  6638 W LayerDrawable: 	at com.android.internal.os.ZygoteInit.main(ZygoteInit.java:1034)
07-07 20:53:56.069  6638  6638 W LayerDrawable: Invalid drawable added to LayerDrawable! Drawable already belongs to another owner but does not expose a constant state.
07-07 20:53:56.069  6638  6638 W LayerDrawable: java.lang.RuntimeException
07-07 20:53:56.069  6638  6638 W LayerDrawable: 	at android.graphics.drawable.LayerDrawable$ChildDrawable.<init>(LayerDrawable.java:1857)
07-07 20:53:56.069  6638  6638 W LayerDrawable: 	at android.graphics.drawable.LayerDrawable$LayerState.<init>(LayerDrawable.java:1977)
07-07 20:53:56.069  6638  6638 W LayerDrawable: 	at android.graphics.drawable.LayerDrawable.createConstantState(LayerDrawable.java:174)
07-07 20:53:56.069  6638  6638 W LayerDrawable: 	at android.graphics.drawable.LayerDrawable.mutate(LayerDrawable.java:1782)
07-07 20:53:56.069  6638  6638 W LayerDrawable: 	at helium314.keyboard.latin.InputView.g(r8-map-id-ad73b94404394bfc85426ccd0b1e70e5f0945155e663f3d0fd3f21863db96ca4:630)
07-07 20:53:56.069  6638  6638 W LayerDrawable: 	at p7.x.a(r8-map-id-ad73b94404394bfc85426ccd0b1e70e5f0945155e663f3d0fd3f21863db96ca4:232)
07-07 20:53:56.069  6638  6638 W LayerDrawable: 	at a8.t0.run(r8-map-id-ad73b94404394bfc85426ccd0b1e70e5f0945155e663f3d0fd3f21863db96ca4:279)
07-07 20:53:56.069  6638  6638 W LayerDrawable: 	at helium314.keyboard.latin.InputView.f(r8-map-id-ad73b94404394bfc85426ccd0b1e70e5f0945155e663f3d0fd3f21863db96ca4:39)
07-07 20:53:56.069  6638  6638 W LayerDrawable: 	at i7.d0.a(r8-map-id-ad73b94404394bfc85426ccd0b1e70e5f0945155e663f3d0fd3f21863db96ca4:73)
07-07 20:53:56.069  6638  6638 W LayerDrawable: 	at a8.j3.onLayoutChange(r8-map-id-ad73b94404394bfc85426ccd0b1e70e5f0945155e663f3d0fd3f21863db96ca4:39)
07-07 20:53:56.069  6638  6638 W LayerDrawable: 	at android.view.View.layout(View.java:23348)
07-07 20:53:56.069  6638  6638 W LayerDrawable: 	at android.view.ViewGroup.layout(ViewGroup.java:6505)
07-07 20:53:56.069  6638  6638 W LayerDrawable: 	at android.widget.FrameLayout.layoutChildren(FrameLayout.java:332)
07-07 20:53:56.069  6638  6638 W LayerDrawable: 	at android.widget.FrameLayout.onLayout(FrameLayout.java:270)
07-07 20:53:56.069  6638  6638 W LayerDrawable: 	at android.view.View.layout(View.java:23330)
07-07 20:53:56.069  6638  6638 W LayerDrawable: 	at android.view.ViewGroup.layout(ViewGroup.java:6505)
07-07 20:53:56.069  6638  6638 W LayerDrawable: 	at android.widget.FrameLayout.layoutChildren(FrameLayout.java:332)
07-07 20:53:56.069  6638  6638 W LayerDrawable: 	at android.widget.FrameLayout.onLayout(FrameLayout.java:270)
07-07 20:53:56.069  6638  6638 W LayerDrawable: 	at android.view.View.layout(View.java:23330)
07-07 20:53:56.069  6638  6638 W LayerDrawable: 	at android.view.ViewGroup.layout(ViewGroup.java:6505)
07-07 20:53:56.069  6638  6638 W LayerDrawable: 	at android.widget.LinearLayout.setChildFrame(LinearLayout.java:1841)
07-07 20:53:56.069  6638  6638 W LayerDrawable: 	at android.widget.LinearLayout.layoutVertical(LinearLayout.java:1673)
07-07 20:53:56.069  6638  6638 W LayerDrawable: 	at android.widget.LinearLayout.onLayout(LinearLayout.java:1582)
07-07 20:53:56.069  6638  6638 W LayerDrawable: 	at android.view.View.layout(View.java:23330)
07-07 20:53:56.069  6638  6638 W LayerDrawable: 	at android.view.ViewGroup.layout(ViewGroup.java:6505)
07-07 20:53:56.069  6638  6638 W LayerDrawable: 	at android.widget.FrameLayout.layoutChildren(FrameLayout.java:332)
07-07 20:53:56.069  6638  6638 W LayerDrawable: 	at android.widget.FrameLayout.onLayout(FrameLayout.java:270)
07-07 20:53:56.069  6638  6638 W LayerDrawable: 	at android.view.View.layout(View.java:23330)
07-07 20:53:56.069  6638  6638 W LayerDrawable: 	at android.view.ViewGroup.layout(ViewGroup.java:6505)
07-07 20:53:56.069  6638  6638 W LayerDrawable: 	at android.widget.LinearLayout.setChildFrame(LinearLayout.java:1841)
07-07 20:53:56.069  6638  6638 W LayerDrawable: 	at android.widget.LinearLayout.layoutVertical(LinearLayout.java:1673)
07-07 20:53:56.069  6638  6638 W LayerDrawable: 	at android.widget.LinearLayout.onLayout(LinearLayout.java:1582)
07-07 20:53:56.069  6638  6638 W LayerDrawable: 	at android.view.View.layout(View.java:23330)
07-07 20:53:56.069  6638  6638 W LayerDrawable: 	at android.view.ViewGroup.layout(ViewGroup.java:6505)
07-07 20:53:56.069  6638  6638 W LayerDrawable: 	at android.widget.FrameLayout.layoutChildren(FrameLayout.java:332)
07-07 20:53:56.069  6638  6638 W LayerDrawable: 	at android.widget.FrameLayout.onLayout(FrameLayout.java:270)
07-07 20:53:56.069  6638  6638 W LayerDrawable: 	at com.android.internal.policy.DecorView.onLayout(DecorView.java:873)
07-07 20:53:56.069  6638  6638 W LayerDrawable: 	at android.view.View.layout(View.java:23330)
07-07 20:53:56.069  6638  6638 W LayerDrawable: 	at android.view.ViewGroup.layout(ViewGroup.java:6505)
07-07 20:53:56.069  6638  6638 W LayerDrawable: 	at android.view.ViewRootImpl.performLayout(ViewRootImpl.java:3936)
07-07 20:53:56.069  6638  6638 W LayerDrawable: 	at android.view.ViewRootImpl.performTraversals(ViewRootImpl.java:3338)
07-07 20:53:56.069  6638  6638 W LayerDrawable: 	at android.view.ViewRootImpl.doTraversal(ViewRootImpl.java:2305)
07-07 20:53:56.069  6638  6638 W LayerDrawable: 	at android.view.ViewRootImpl$TraversalRunnable.run(ViewRootImpl.java:9133)
07-07 20:53:56.069  6638  6638 W LayerDrawable: 	at android.view.Choreographer$CallbackRecord.run(Choreographer.java:1232)
07-07 20:53:56.069  6638  6638 W LayerDrawable: 	at android.view.Choreographer.doCallbacks(Choreographer.java:1029)
07-07 20:53:56.069  6638  6638 W LayerDrawable: 	at android.view.Choreographer.doFrame(Choreographer.java:934)
07-07 20:53:56.069  6638  6638 W LayerDrawable: 	at android.view.Choreographer$FrameDisplayEventReceiver.run(Choreographer.java:1217)
07-07 20:53:56.069  6638  6638 W LayerDrawable: 	at android.os.Handler.handleCallback(Handler.java:938)
07-07 20:53:56.069  6638  6638 W LayerDrawable: 	at android.os.Handler.dispatchMessage(Handler.java:99)
07-07 20:53:56.069  6638  6638 W LayerDrawable: 	at android.os.Looper.loopOnce(Looper.java:233)
07-07 20:53:56.069  6638  6638 W LayerDrawable: 	at android.os.Looper.loop(Looper.java:344)
07-07 20:53:56.069  6638  6638 W LayerDrawable: 	at android.app.ActivityThread.main(ActivityThread.java:8212)
07-07 20:53:56.069  6638  6638 W LayerDrawable: 	at java.lang.reflect.Method.invoke(Native Method)
07-07 20:53:56.069  6638  6638 W LayerDrawable: 	at com.android.internal.os.RuntimeInit$MethodAndArgsCaller.run(RuntimeInit.java:584)
07-07 20:53:56.069  6638  6638 W LayerDrawable: 	at com.android.internal.os.ZygoteInit.main(ZygoteInit.java:1034)
07-07 20:53:56.102  6638  6638 W LayerDrawable: Invalid drawable added to LayerDrawable! Drawable already belongs to another owner but does not expose a constant state.
07-07 20:53:56.102  6638  6638 W LayerDrawable: java.lang.RuntimeException
07-07 20:53:56.102  6638  6638 W LayerDrawable: 	at android.graphics.drawable.LayerDrawable$ChildDrawable.<init>(LayerDrawable.java:1857)
07-07 20:53:56.102  6638  6638 W LayerDrawable: 	at android.graphics.drawable.LayerDrawable$LayerState.<init>(LayerDrawable.java:1977)
07-07 20:53:56.102  6638  6638 W LayerDrawable: 	at android.graphics.drawable.LayerDrawable.createConstantState(LayerDrawable.java:174)
07-07 20:53:56.102  6638  6638 W LayerDrawable: 	at android.graphics.drawable.LayerDrawable.mutate(LayerDrawable.java:1782)
07-07 20:53:56.102  6638  6638 W LayerDrawable: 	at helium314.keyboard.latin.InputView.g(r8-map-id-ad73b94404394bfc85426ccd0b1e70e5f0945155e663f3d0fd3f21863db96ca4:630)
07-07 20:53:56.102  6638  6638 W LayerDrawable: 	at p7.x.a(r8-map-id-ad73b94404394bfc85426ccd0b1e70e5f0945155e663f3d0fd3f21863db96ca4:232)
07-07 20:53:56.102  6638  6638 W LayerDrawable: 	at a8.t0.run(r8-map-id-ad73b94404394bfc85426ccd0b1e70e5f0945155e663f3d0fd3f21863db96ca4:279)
07-07 20:53:56.102  6638  6638 W LayerDrawable: 	at helium314.keyboard.latin.InputView.f(r8-map-id-ad73b94404394bfc85426ccd0b1e70e5f0945155e663f3d0fd3f21863db96ca4:39)
07-07 20:53:56.102  6638  6638 W LayerDrawable: 	at i7.d0.a(r8-map-id-ad73b94404394bfc85426ccd0b1e70e5f0945155e663f3d0fd3f21863db96ca4:73)
07-07 20:53:56.102  6638  6638 W LayerDrawable: 	at a8.y0.run(r8-map-id-ad73b94404394bfc85426ccd0b1e70e5f0945155e663f3d0fd3f21863db96ca4:411)
07-07 20:53:56.102  6638  6638 W LayerDrawable: 	at android.os.Handler.handleCallback(Handler.java:938)
07-07 20:53:56.102  6638  6638 W LayerDrawable: 	at android.os.Handler.dispatchMessage(Handler.java:99)
07-07 20:53:56.102  6638  6638 W LayerDrawable: 	at android.os.Looper.loopOnce(Looper.java:233)
07-07 20:53:56.102  6638  6638 W LayerDrawable: 	at android.os.Looper.loop(Looper.java:344)
07-07 20:53:56.102  6638  6638 W LayerDrawable: 	at android.app.ActivityThread.main(ActivityThread.java:8212)
07-07 20:53:56.102  6638  6638 W LayerDrawable: 	at java.lang.reflect.Method.invoke(Native Method)
07-07 20:53:56.102  6638  6638 W LayerDrawable: 	at com.android.internal.os.RuntimeInit$MethodAndArgsCaller.run(RuntimeInit.java:584)
07-07 20:53:56.102  6638  6638 W LayerDrawable: 	at com.android.internal.os.ZygoteInit.main(ZygoteInit.java:1034)
07-07 20:53:56.927  6638  6647 W ibekey.keyboar: Cleared Reference was only reachable from finalizer (only reported once)
07-07 20:53:57.345  6638  6638 W LayerDrawable: Invalid drawable added to LayerDrawable! Drawable already belongs to another owner but does not expose a constant state.
07-07 20:53:57.345  6638  6638 W LayerDrawable: java.lang.RuntimeException
07-07 20:53:57.345  6638  6638 W LayerDrawable: 	at android.graphics.drawable.LayerDrawable$ChildDrawable.<init>(LayerDrawable.java:1857)
07-07 20:53:57.345  6638  6638 W LayerDrawable: 	at android.graphics.drawable.LayerDrawable$LayerState.<init>(LayerDrawable.java:1977)
07-07 20:53:57.345  6638  6638 W LayerDrawable: 	at android.graphics.drawable.LayerDrawable.createConstantState(LayerDrawable.java:174)
07-07 20:53:57.345  6638  6638 W LayerDrawable: 	at android.graphics.drawable.LayerDrawable.mutate(LayerDrawable.java:1782)
07-07 20:53:57.345  6638  6638 W LayerDrawable: 	at helium314.keyboard.latin.InputView.g(r8-map-id-ad73b94404394bfc85426ccd0b1e70e5f0945155e663f3d0fd3f21863db96ca4:630)
07-07 20:53:57.345  6638  6638 W LayerDrawable: 	at p7.x.a(r8-map-id-ad73b94404394bfc85426ccd0b1e70e5f0945155e663f3d0fd3f21863db96ca4:232)
07-07 20:53:57.345  6638  6638 W LayerDrawable: 	at a8.t0.run(r8-map-id-ad73b94404394bfc85426ccd0b1e70e5f0945155e663f3d0fd3f21863db96ca4:279)
07-07 20:53:57.345  6638  6638 W LayerDrawable: 	at helium314.keyboard.latin.InputView.f(r8-map-id-ad73b94404394bfc85426ccd0b1e70e5f0945155e663f3d0fd3f21863db96ca4:39)
07-07 20:53:57.345  6638  6638 W LayerDrawable: 	at i7.d0.a(r8-map-id-ad73b94404394bfc85426ccd0b1e70e5f0945155e663f3d0fd3f21863db96ca4:73)
07-07 20:53:57.345  6638  6638 W LayerDrawable: 	at a8.j3.onLayoutChange(r8-map-id-ad73b94404394bfc85426ccd0b1e70e5f0945155e663f3d0fd3f21863db96ca4:39)
07-07 20:53:57.345  6638  6638 W LayerDrawable: 	at android.view.View.layout(View.java:23348)
07-07 20:53:57.345  6638  6638 W LayerDrawable: 	at android.view.ViewGroup.layout(ViewGroup.java:6505)
07-07 20:53:57.345  6638  6638 W LayerDrawable: 	at android.widget.FrameLayout.layoutChildren(FrameLayout.java:332)
07-07 20:53:57.345  6638  6638 W LayerDrawable: 	at android.widget.FrameLayout.onLayout(FrameLayout.java:270)
07-07 20:53:57.345  6638  6638 W LayerDrawable: 	at android.view.View.layout(View.java:23330)
07-07 20:53:57.345  6638  6638 W LayerDrawable: 	at android.view.ViewGroup.layout(ViewGroup.java:6505)
07-07 20:53:57.345  6638  6638 W LayerDrawable: 	at android.widget.FrameLayout.layoutChildren(FrameLayout.java:332)
07-07 20:53:57.345  6638  6638 W LayerDrawable: 	at android.widget.FrameLayout.onLayout(FrameLayout.java:270)
07-07 20:53:57.345  6638  6638 W LayerDrawable: 	at android.view.View.layout(View.java:23330)
07-07 20:53:57.345  6638  6638 W LayerDrawable: 	at android.view.ViewGroup.layout(ViewGroup.java:6505)
07-07 20:53:57.345  6638  6638 W LayerDrawable: 	at android.widget.LinearLayout.setChildFrame(LinearLayout.java:1841)
07-07 20:53:57.345  6638  6638 W LayerDrawable: 	at android.widget.LinearLayout.layoutVertical(LinearLayout.java:1673)
07-07 20:53:57.345  6638  6638 W LayerDrawable: 	at android.widget.LinearLayout.onLayout(LinearLayout.java:1582)
07-07 20:53:57.345  6638  6638 W LayerDrawable: 	at android.view.View.layout(View.java:23330)
07-07 20:53:57.345  6638  6638 W LayerDrawable: 	at android.view.ViewGroup.layout(ViewGroup.java:6505)
07-07 20:53:57.345  6638  6638 W LayerDrawable: 	at android.widget.FrameLayout.layoutChildren(FrameLayout.java:332)
07-07 20:53:57.345  6638  6638 W LayerDrawable: 	at android.widget.FrameLayout.onLayout(FrameLayout.java:270)
07-07 20:53:57.345  6638  6638 W LayerDrawable: 	at android.view.View.layout(View.java:23330)
07-07 20:53:57.345  6638  6638 W LayerDrawable: 	at android.view.ViewGroup.layout(ViewGroup.java:6505)
07-07 20:53:57.345  6638  6638 W LayerDrawable: 	at android.widget.LinearLayout.setChildFrame(LinearLayout.java:1841)
07-07 20:53:57.345  6638  6638 W LayerDrawable: 	at android.widget.LinearLayout.layoutVertical(LinearLayout.java:1673)
07-07 20:53:57.345  6638  6638 W LayerDrawable: 	at android.widget.LinearLayout.onLayout(LinearLayout.java:1582)
07-07 20:53:57.345  6638  6638 W LayerDrawable: 	at android.view.View.layout(View.java:23330)
07-07 20:53:57.345  6638  6638 W LayerDrawable: 	at android.view.ViewGroup.layout(ViewGroup.java:6505)
07-07 20:53:57.345  6638  6638 W LayerDrawable: 	at android.widget.FrameLayout.layoutChildren(FrameLayout.java:332)
07-07 20:53:57.345  6638  6638 W LayerDrawable: 	at android.widget.FrameLayout.onLayout(FrameLayout.java:270)
07-07 20:53:57.345  6638  6638 W LayerDrawable: 	at com.android.internal.policy.DecorView.onLayout(DecorView.java:873)
07-07 20:53:57.345  6638  6638 W LayerDrawable: 	at android.view.View.layout(View.java:23330)
07-07 20:53:57.345  6638  6638 W LayerDrawable: 	at android.view.ViewGroup.layout(ViewGroup.java:6505)
07-07 20:53:57.345  6638  6638 W LayerDrawable: 	at android.view.ViewRootImpl.performLayout(ViewRootImpl.java:3936)
07-07 20:53:57.345  6638  6638 W LayerDrawable: 	at android.view.ViewRootImpl.performTraversals(ViewRootImpl.java:3338)
07-07 20:53:57.345  6638  6638 W LayerDrawable: 	at android.view.ViewRootImpl.doTraversal(ViewRootImpl.java:2305)
07-07 20:53:57.345  6638  6638 W LayerDrawable: 	at android.view.ViewRootImpl$TraversalRunnable.run(ViewRootImpl.java:9133)
07-07 20:53:57.345  6638  6638 W LayerDrawable: 	at android.view.Choreographer$CallbackRecord.run(Choreographer.java:1232)
07-07 20:53:57.345  6638  6638 W LayerDrawable: 	at android.view.Choreographer.doCallbacks(Choreographer.java:1029)
07-07 20:53:57.345  6638  6638 W LayerDrawable: 	at android.view.Choreographer.doFrame(Choreographer.java:934)
07-07 20:53:57.345  6638  6638 W LayerDrawable: 	at android.view.Choreographer$FrameDisplayEventReceiver.run(Choreographer.java:1217)
07-07 20:53:57.345  6638  6638 W LayerDrawable: 	at android.os.Handler.handleCallback(Handler.java:938)
07-07 20:53:57.345  6638  6638 W LayerDrawable: 	at android.os.Handler.dispatchMessage(Handler.java:99)
07-07 20:53:57.345  6638  6638 W LayerDrawable: 	at android.os.Looper.loopOnce(Looper.java:233)
07-07 20:53:57.345  6638  6638 W LayerDrawable: 	at android.os.Looper.loop(Looper.java:344)
07-07 20:53:57.345  6638  6638 W LayerDrawable: 	at android.app.ActivityThread.main(ActivityThread.java:8212)
07-07 20:53:57.345  6638  6638 W LayerDrawable: 	at java.lang.reflect.Method.invoke(Native Method)
07-07 20:53:57.345  6638  6638 W LayerDrawable: 	at com.android.internal.os.RuntimeInit$MethodAndArgsCaller.run(RuntimeInit.java:584)
07-07 20:53:57.345  6638  6638 W LayerDrawable: 	at com.android.internal.os.ZygoteInit.main(ZygoteInit.java:1034)
07-07 20:54:00.023  6638  6638 W LayerDrawable: Invalid drawable added to LayerDrawable! Drawable already belongs to another owner but does not expose a constant state.
07-07 20:54:00.023  6638  6638 W LayerDrawable: java.lang.RuntimeException
07-07 20:54:00.023  6638  6638 W LayerDrawable: 	at android.graphics.drawable.LayerDrawable$ChildDrawable.<init>(LayerDrawable.java:1857)
07-07 20:54:00.023  6638  6638 W LayerDrawable: 	at android.graphics.drawable.LayerDrawable$LayerState.<init>(LayerDrawable.java:1977)
07-07 20:54:00.023  6638  6638 W LayerDrawable: 	at android.graphics.drawable.LayerDrawable.createConstantState(LayerDrawable.java:174)
07-07 20:54:00.023  6638  6638 W LayerDrawable: 	at android.graphics.drawable.LayerDrawable.mutate(LayerDrawable.java:1782)
07-07 20:54:00.023  6638  6638 W LayerDrawable: 	at helium314.keyboard.latin.InputView.g(r8-map-id-ad73b94404394bfc85426ccd0b1e70e5f0945155e663f3d0fd3f21863db96ca4:630)
07-07 20:54:00.023  6638  6638 W LayerDrawable: 	at p7.x.a(r8-map-id-ad73b94404394bfc85426ccd0b1e70e5f0945155e663f3d0fd3f21863db96ca4:232)
07-07 20:54:00.023  6638  6638 W LayerDrawable: 	at a8.t0.run(r8-map-id-ad73b94404394bfc85426ccd0b1e70e5f0945155e663f3d0fd3f21863db96ca4:279)
07-07 20:54:00.023  6638  6638 W LayerDrawable: 	at helium314.keyboard.latin.InputView.f(r8-map-id-ad73b94404394bfc85426ccd0b1e70e5f0945155e663f3d0fd3f21863db96ca4:39)
07-07 20:54:00.023  6638  6638 W LayerDrawable: 	at i7.d0.a(r8-map-id-ad73b94404394bfc85426ccd0b1e70e5f0945155e663f3d0fd3f21863db96ca4:73)
07-07 20:54:00.023  6638  6638 W LayerDrawable: 	at a8.j3.onLayoutChange(r8-map-id-ad73b94404394bfc85426ccd0b1e70e5f0945155e663f3d0fd3f21863db96ca4:39)
07-07 20:54:00.023  6638  6638 W LayerDrawable: 	at android.view.View.layout(View.java:23348)
07-07 20:54:00.023  6638  6638 W LayerDrawable: 	at android.view.ViewGroup.layout(ViewGroup.java:6505)
07-07 20:54:00.023  6638  6638 W LayerDrawable: 	at android.widget.FrameLayout.layoutChildren(FrameLayout.java:332)
07-07 20:54:00.023  6638  6638 W LayerDrawable: 	at android.widget.FrameLayout.onLayout(FrameLayout.java:270)
07-07 20:54:00.023  6638  6638 W LayerDrawable: 	at android.view.View.layout(View.java:23330)
07-07 20:54:00.023  6638  6638 W LayerDrawable: 	at android.view.ViewGroup.layout(ViewGroup.java:6505)
07-07 20:54:00.023  6638  6638 W LayerDrawable: 	at android.widget.FrameLayout.layoutChildren(FrameLayout.java:332)
07-07 20:54:00.023  6638  6638 W LayerDrawable: 	at android.widget.FrameLayout.onLayout(FrameLayout.java:270)
07-07 20:54:00.023  6638  6638 W LayerDrawable: 	at android.view.View.layout(View.java:23330)
07-07 20:54:00.023  6638  6638 W LayerDrawable: 	at android.view.ViewGroup.layout(ViewGroup.java:6505)
07-07 20:54:00.023  6638  6638 W LayerDrawable: 	at android.widget.LinearLayout.setChildFrame(LinearLayout.java:1841)
07-07 20:54:00.023  6638  6638 W LayerDrawable: 	at android.widget.LinearLayout.layoutVertical(LinearLayout.java:1673)
07-07 20:54:00.023  6638  6638 W LayerDrawable: 	at android.widget.LinearLayout.onLayout(LinearLayout.java:1582)
07-07 20:54:00.023  6638  6638 W LayerDrawable: 	at android.view.View.layout(View.java:23330)
07-07 20:54:00.023  6638  6638 W LayerDrawable: 	at android.view.ViewGroup.layout(ViewGroup.java:6505)
07-07 20:54:00.023  6638  6638 W LayerDrawable: 	at android.widget.FrameLayout.layoutChildren(FrameLayout.java:332)
07-07 20:54:00.023  6638  6638 W LayerDrawable: 	at android.widget.FrameLayout.onLayout(FrameLayout.java:270)
07-07 20:54:00.023  6638  6638 W LayerDrawable: 	at android.view.View.layout(View.java:23330)
07-07 20:54:00.023  6638  6638 W LayerDrawable: 	at android.view.ViewGroup.layout(ViewGroup.java:6505)
07-07 20:54:00.023  6638  6638 W LayerDrawable: 	at android.widget.LinearLayout.setChildFrame(LinearLayout.java:1841)
07-07 20:54:00.023  6638  6638 W LayerDrawable: 	at android.widget.LinearLayout.layoutVertical(LinearLayout.java:1673)
07-07 20:54:00.023  6638  6638 W LayerDrawable: 	at android.widget.LinearLayout.onLayout(LinearLayout.java:1582)
07-07 20:54:00.023  6638  6638 W LayerDrawable: 	at android.view.View.layout(View.java:23330)
07-07 20:54:00.023  6638  6638 W LayerDrawable: 	at android.view.ViewGroup.layout(ViewGroup.java:6505)
07-07 20:54:00.023  6638  6638 W LayerDrawable: 	at android.widget.FrameLayout.layoutChildren(FrameLayout.java:332)
07-07 20:54:00.023  6638  6638 W LayerDrawable: 	at android.widget.FrameLayout.onLayout(FrameLayout.java:270)
07-07 20:54:00.023  6638  6638 W LayerDrawable: 	at com.android.internal.policy.DecorView.onLayout(DecorView.java:873)
07-07 20:54:00.023  6638  6638 W LayerDrawable: 	at android.view.View.layout(View.java:23330)
07-07 20:54:00.023  6638  6638 W LayerDrawable: 	at android.view.ViewGroup.layout(ViewGroup.java:6505)
07-07 20:54:00.023  6638  6638 W LayerDrawable: 	at android.view.ViewRootImpl.performLayout(ViewRootImpl.java:3936)
07-07 20:54:00.023  6638  6638 W LayerDrawable: 	at android.view.ViewRootImpl.performTraversals(ViewRootImpl.java:3338)
07-07 20:54:00.023  6638  6638 W LayerDrawable: 	at android.view.ViewRootImpl.doTraversal(ViewRootImpl.java:2305)
07-07 20:54:00.023  6638  6638 W LayerDrawable: 	at android.view.ViewRootImpl$TraversalRunnable.run(ViewRootImpl.java:9133)
07-07 20:54:00.023  6638  6638 W LayerDrawable: 	at android.view.Choreographer$CallbackRecord.run(Choreographer.java:1232)
07-07 20:54:00.023  6638  6638 W LayerDrawable: 	at android.view.Choreographer.doCallbacks(Choreographer.java:1029)
07-07 20:54:00.023  6638  6638 W LayerDrawable: 	at android.view.Choreographer.doFrame(Choreographer.java:934)
07-07 20:54:00.023  6638  6638 W LayerDrawable: 	at android.view.Choreographer$FrameDisplayEventReceiver.run(Choreographer.java:1217)
07-07 20:54:00.023  6638  6638 W LayerDrawable: 	at android.os.Handler.handleCallback(Handler.java:938)
07-07 20:54:00.023  6638  6638 W LayerDrawable: 	at android.os.Handler.dispatchMessage(Handler.java:99)
07-07 20:54:00.023  6638  6638 W LayerDrawable: 	at android.os.Looper.loopOnce(Looper.java:233)
07-07 20:54:00.023  6638  6638 W LayerDrawable: 	at android.os.Looper.loop(Looper.java:344)
07-07 20:54:00.023  6638  6638 W LayerDrawable: 	at android.app.ActivityThread.main(ActivityThread.java:8212)
07-07 20:54:00.023  6638  6638 W LayerDrawable: 	at java.lang.reflect.Method.invoke(Native Method)
07-07 20:54:00.023  6638  6638 W LayerDrawable: 	at com.android.internal.os.RuntimeInit$MethodAndArgsCaller.run(RuntimeInit.java:584)
07-07 20:54:00.023  6638  6638 W LayerDrawable: 	at com.android.internal.os.ZygoteInit.main(ZygoteInit.java:1034)
07-07 20:54:03.939  6638  6638 W LayerDrawable: Invalid drawable added to LayerDrawable! Drawable already belongs to another owner but does not expose a constant state.
07-07 20:54:03.939  6638  6638 W LayerDrawable: java.lang.RuntimeException
07-07 20:54:03.939  6638  6638 W LayerDrawable: 	at android.graphics.drawable.LayerDrawable$ChildDrawable.<init>(LayerDrawable.java:1857)
07-07 20:54:03.939  6638  6638 W LayerDrawable: 	at android.graphics.drawable.LayerDrawable$LayerState.<init>(LayerDrawable.java:1977)
07-07 20:54:03.939  6638  6638 W LayerDrawable: 	at android.graphics.drawable.LayerDrawable.createConstantState(LayerDrawable.java:174)
07-07 20:54:03.939  6638  6638 W LayerDrawable: 	at android.graphics.drawable.LayerDrawable.mutate(LayerDrawable.java:1782)
07-07 20:54:03.939  6638  6638 W LayerDrawable: 	at helium314.keyboard.latin.InputView.g(r8-map-id-ad73b94404394bfc85426ccd0b1e70e5f0945155e663f3d0fd3f21863db96ca4:630)
07-07 20:54:03.939  6638  6638 W LayerDrawable: 	at p7.x.a(r8-map-id-ad73b94404394bfc85426ccd0b1e70e5f0945155e663f3d0fd3f21863db96ca4:232)
07-07 20:54:03.939  6638  6638 W LayerDrawable: 	at a8.t0.run(r8-map-id-ad73b94404394bfc85426ccd0b1e70e5f0945155e663f3d0fd3f21863db96ca4:279)
07-07 20:54:03.939  6638  6638 W LayerDrawable: 	at helium314.keyboard.latin.InputView.f(r8-map-id-ad73b94404394bfc85426ccd0b1e70e5f0945155e663f3d0fd3f21863db96ca4:39)
07-07 20:54:03.939  6638  6638 W LayerDrawable: 	at i7.d0.a(r8-map-id-ad73b94404394bfc85426ccd0b1e70e5f0945155e663f3d0fd3f21863db96ca4:73)
07-07 20:54:03.939  6638  6638 W LayerDrawable: 	at a8.j3.onLayoutChange(r8-map-id-ad73b94404394bfc85426ccd0b1e70e5f0945155e663f3d0fd3f21863db96ca4:39)
07-07 20:54:03.939  6638  6638 W LayerDrawable: 	at android.view.View.layout(View.java:23348)
07-07 20:54:03.939  6638  6638 W LayerDrawable: 	at android.view.ViewGroup.layout(ViewGroup.java:6505)
07-07 20:54:03.939  6638  6638 W LayerDrawable: 	at android.widget.FrameLayout.layoutChildren(FrameLayout.java:332)
07-07 20:54:03.939  6638  6638 W LayerDrawable: 	at android.widget.FrameLayout.onLayout(FrameLayout.java:270)
07-07 20:54:03.939  6638  6638 W LayerDrawable: 	at android.view.View.layout(View.java:23330)
07-07 20:54:03.939  6638  6638 W LayerDrawable: 	at android.view.ViewGroup.layout(ViewGroup.java:6505)
07-07 20:54:03.939  6638  6638 W LayerDrawable: 	at android.widget.FrameLayout.layoutChildren(FrameLayout.java:332)
07-07 20:54:03.939  6638  6638 W LayerDrawable: 	at android.widget.FrameLayout.onLayout(FrameLayout.java:270)
07-07 20:54:03.939  6638  6638 W LayerDrawable: 	at android.view.View.layout(View.java:23330)
07-07 20:54:03.939  6638  6638 W LayerDrawable: 	at android.view.ViewGroup.layout(ViewGroup.java:6505)
07-07 20:54:03.939  6638  6638 W LayerDrawable: 	at android.widget.LinearLayout.setChildFrame(LinearLayout.java:1841)
07-07 20:54:03.939  6638  6638 W LayerDrawable: 	at android.widget.LinearLayout.layoutVertical(LinearLayout.java:1673)
07-07 20:54:03.939  6638  6638 W LayerDrawable: 	at android.widget.LinearLayout.onLayout(LinearLayout.java:1582)
07-07 20:54:03.939  6638  6638 W LayerDrawable: 	at android.view.View.layout(View.java:23330)
07-07 20:54:03.939  6638  6638 W LayerDrawable: 	at android.view.ViewGroup.layout(ViewGroup.java:6505)
07-07 20:54:03.939  6638  6638 W LayerDrawable: 	at android.widget.FrameLayout.layoutChildren(FrameLayout.java:332)
07-07 20:54:03.939  6638  6638 W LayerDrawable: 	at android.widget.FrameLayout.onLayout(FrameLayout.java:270)
07-07 20:54:03.939  6638  6638 W LayerDrawable: 	at android.view.View.layout(View.java:23330)
07-07 20:54:03.939  6638  6638 W LayerDrawable: 	at android.view.ViewGroup.layout(ViewGroup.java:6505)
07-07 20:54:03.939  6638  6638 W LayerDrawable: 	at android.widget.LinearLayout.setChildFrame(LinearLayout.java:1841)
07-07 20:54:03.939  6638  6638 W LayerDrawable: 	at android.widget.LinearLayout.layoutVertical(LinearLayout.java:1673)
07-07 20:54:03.939  6638  6638 W LayerDrawable: 	at android.widget.LinearLayout.onLayout(LinearLayout.java:1582)
07-07 20:54:03.939  6638  6638 W LayerDrawable: 	at android.view.View.layout(View.java:23330)
07-07 20:54:03.939  6638  6638 W LayerDrawable: 	at android.view.ViewGroup.layout(ViewGroup.java:6505)
07-07 20:54:03.939  6638  6638 W LayerDrawable: 	at android.widget.FrameLayout.layoutChildren(FrameLayout.java:332)
07-07 20:54:03.939  6638  6638 W LayerDrawable: 	at android.widget.FrameLayout.onLayout(FrameLayout.java:270)
07-07 20:54:03.939  6638  6638 W LayerDrawable: 	at com.android.internal.policy.DecorView.onLayout(DecorView.java:873)
07-07 20:54:03.939  6638  6638 W LayerDrawable: 	at android.view.View.layout(View.java:23330)
07-07 20:54:03.939  6638  6638 W LayerDrawable: 	at android.view.ViewGroup.layout(ViewGroup.java:6505)
07-07 20:54:03.939  6638  6638 W LayerDrawable: 	at android.view.ViewRootImpl.performLayout(ViewRootImpl.java:3936)
07-07 20:54:03.939  6638  6638 W LayerDrawable: 	at android.view.ViewRootImpl.performTraversals(ViewRootImpl.java:3338)
07-07 20:54:03.939  6638  6638 W LayerDrawable: 	at android.view.ViewRootImpl.doTraversal(ViewRootImpl.java:2305)
07-07 20:54:03.939  6638  6638 W LayerDrawable: 	at android.view.ViewRootImpl$TraversalRunnable.run(ViewRootImpl.java:9133)
07-07 20:54:03.939  6638  6638 W LayerDrawable: 	at android.view.Choreographer$CallbackRecord.run(Choreographer.java:1232)
07-07 20:54:03.939  6638  6638 W LayerDrawable: 	at android.view.Choreographer.doCallbacks(Choreographer.java:1029)
07-07 20:54:03.939  6638  6638 W LayerDrawable: 	at android.view.Choreographer.doFrame(Choreographer.java:934)
07-07 20:54:03.939  6638  6638 W LayerDrawable: 	at android.view.Choreographer$FrameDisplayEventReceiver.run(Choreographer.java:1217)
07-07 20:54:03.939  6638  6638 W LayerDrawable: 	at android.os.Handler.handleCallback(Handler.java:938)
07-07 20:54:03.939  6638  6638 W LayerDrawable: 	at android.os.Handler.dispatchMessage(Handler.java:99)
07-07 20:54:03.939  6638  6638 W LayerDrawable: 	at android.os.Looper.loopOnce(Looper.java:233)
07-07 20:54:03.939  6638  6638 W LayerDrawable: 	at android.os.Looper.loop(Looper.java:344)
07-07 20:54:03.939  6638  6638 W LayerDrawable: 	at android.app.ActivityThread.main(ActivityThread.java:8212)
07-07 20:54:03.939  6638  6638 W LayerDrawable: 	at java.lang.reflect.Method.invoke(Native Method)
07-07 20:54:03.939  6638  6638 W LayerDrawable: 	at com.android.internal.os.RuntimeInit$MethodAndArgsCaller.run(RuntimeInit.java:584)
07-07 20:54:03.939  6638  6638 W LayerDrawable: 	at com.android.internal.os.ZygoteInit.main(ZygoteInit.java:1034)
07-07 20:54:06.054  6638  7006 E FilePhenotypeFlags: Config package com.google.android.gms.clearcut_client#com.vibekey.keyboard cannot use FILE backing without declarative registration. See go/phenotype-android-integration#phenotype for more information. This will lead to stale flags.
07-07 20:54:06.091  6638  7006 E FilePhenotypeFlags: Config package com.google.android.gms.clearcut_client#com.vibekey.keyboard cannot use FILE backing without declarative registration. See go/phenotype-android-integration#phenotype for more information. This will lead to stale flags.
07-07 20:54:06.091  6638  7006 E FilePhenotypeFlags: Config package com.google.android.gms.clearcut_client#com.vibekey.keyboard cannot use FILE backing without declarative registration. See go/phenotype-android-integration#phenotype for more information. This will lead to stale flags.
07-07 20:54:07.315  6638  6638 W LayerDrawable: Invalid drawable added to LayerDrawable! Drawable already belongs to another owner but does not expose a constant state.
07-07 20:54:07.315  6638  6638 W LayerDrawable: java.lang.RuntimeException
07-07 20:54:07.315  6638  6638 W LayerDrawable: 	at android.graphics.drawable.LayerDrawable$ChildDrawable.<init>(LayerDrawable.java:1857)
07-07 20:54:07.315  6638  6638 W LayerDrawable: 	at android.graphics.drawable.LayerDrawable$LayerState.<init>(LayerDrawable.java:1977)
07-07 20:54:07.315  6638  6638 W LayerDrawable: 	at android.graphics.drawable.LayerDrawable.createConstantState(LayerDrawable.java:174)
07-07 20:54:07.315  6638  6638 W LayerDrawable: 	at android.graphics.drawable.LayerDrawable.mutate(LayerDrawable.java:1782)
07-07 20:54:07.315  6638  6638 W LayerDrawable: 	at helium314.keyboard.latin.InputView.g(r8-map-id-ad73b94404394bfc85426ccd0b1e70e5f0945155e663f3d0fd3f21863db96ca4:630)
07-07 20:54:07.315  6638  6638 W LayerDrawable: 	at p7.x.a(r8-map-id-ad73b94404394bfc85426ccd0b1e70e5f0945155e663f3d0fd3f21863db96ca4:232)
07-07 20:54:07.315  6638  6638 W LayerDrawable: 	at a8.t0.run(r8-map-id-ad73b94404394bfc85426ccd0b1e70e5f0945155e663f3d0fd3f21863db96ca4:279)
07-07 20:54:07.315  6638  6638 W LayerDrawable: 	at helium314.keyboard.latin.InputView.f(r8-map-id-ad73b94404394bfc85426ccd0b1e70e5f0945155e663f3d0fd3f21863db96ca4:39)
07-07 20:54:07.315  6638  6638 W LayerDrawable: 	at i7.d0.a(r8-map-id-ad73b94404394bfc85426ccd0b1e70e5f0945155e663f3d0fd3f21863db96ca4:73)
07-07 20:54:07.315  6638  6638 W LayerDrawable: 	at i7.d0.r(r8-map-id-ad73b94404394bfc85426ccd0b1e70e5f0945155e663f3d0fd3f21863db96ca4:245)
07-07 20:54:07.315  6638  6638 W LayerDrawable: 	at i7.d0.P(r8-map-id-ad73b94404394bfc85426ccd0b1e70e5f0945155e663f3d0fd3f21863db96ca4:17)
07-07 20:54:07.315  6638  6638 W LayerDrawable: 	at x7.b.u(r8-map-id-ad73b94404394bfc85426ccd0b1e70e5f0945155e663f3d0fd3f21863db96ca4:300)
07-07 20:54:07.315  6638  6638 W LayerDrawable: 	at helium314.keyboard.latin.LatinIME.l(r8-map-id-ad73b94404394bfc85426ccd0b1e70e5f0945155e663f3d0fd3f21863db96ca4:36)
07-07 20:54:07.315  6638  6638 W LayerDrawable: 	at i7.m.a(r8-map-id-ad73b94404394bfc85426ccd0b1e70e5f0945155e663f3d0fd3f21863db96ca4:262)
07-07 20:54:07.315  6638  6638 W LayerDrawable: 	at helium314.keyboard.latin.suggestions.SuggestionStripView.onClick(r8-map-id-ad73b94404394bfc85426ccd0b1e70e5f0945155e663f3d0fd3f21863db96ca4:45)
07-07 20:54:07.315  6638  6638 W LayerDrawable: 	at android.view.View.performClick(View.java:7488)
07-07 20:54:07.315  6638  6638 W LayerDrawable: 	at android.view.View.performClickInternal(View.java:7464)
07-07 20:54:07.315  6638  6638 W LayerDrawable: 	at android.view.View.access$3700(View.java:841)
07-07 20:54:07.315  6638  6638 W LayerDrawable: 	at android.view.View$PerformClick.run(View.java:28911)
07-07 20:54:07.315  6638  6638 W LayerDrawable: 	at android.os.Handler.handleCallback(Handler.java:938)
07-07 20:54:07.315  6638  6638 W LayerDrawable: 	at android.os.Handler.dispatchMessage(Handler.java:99)
07-07 20:54:07.315  6638  6638 W LayerDrawable: 	at android.os.Looper.loopOnce(Looper.java:233)
07-07 20:54:07.315  6638  6638 W LayerDrawable: 	at android.os.Looper.loop(Looper.java:344)
07-07 20:54:07.315  6638  6638 W LayerDrawable: 	at android.app.ActivityThread.main(ActivityThread.java:8212)
07-07 20:54:07.315  6638  6638 W LayerDrawable: 	at java.lang.reflect.Method.invoke(Native Method)
07-07 20:54:07.315  6638  6638 W LayerDrawable: 	at com.android.internal.os.RuntimeInit$MethodAndArgsCaller.run(RuntimeInit.java:584)
07-07 20:54:07.315  6638  6638 W LayerDrawable: 	at com.android.internal.os.ZygoteInit.main(ZygoteInit.java:1034)
07-07 20:54:07.319  6638  6638 W LayerDrawable: Invalid drawable added to LayerDrawable! Drawable already belongs to another owner but does not expose a constant state.
07-07 20:54:07.319  6638  6638 W LayerDrawable: java.lang.RuntimeException
07-07 20:54:07.319  6638  6638 W LayerDrawable: 	at android.graphics.drawable.LayerDrawable$ChildDrawable.<init>(LayerDrawable.java:1857)
07-07 20:54:07.319  6638  6638 W LayerDrawable: 	at android.graphics.drawable.LayerDrawable$LayerState.<init>(LayerDrawable.java:1977)
07-07 20:54:07.319  6638  6638 W LayerDrawable: 	at android.graphics.drawable.LayerDrawable.createConstantState(LayerDrawable.java:174)
07-07 20:54:07.319  6638  6638 W LayerDrawable: 	at android.graphics.drawable.LayerDrawable.mutate(LayerDrawable.java:1782)
07-07 20:54:07.319  6638  6638 W LayerDrawable: 	at helium314.keyboard.latin.InputView.g(r8-map-id-ad73b94404394bfc85426ccd0b1e70e5f0945155e663f3d0fd3f21863db96ca4:630)
07-07 20:54:07.319  6638  6638 W LayerDrawable: 	at p7.x.a(r8-map-id-ad73b94404394bfc85426ccd0b1e70e5f0945155e663f3d0fd3f21863db96ca4:232)
07-07 20:54:07.319  6638  6638 W LayerDrawable: 	at a8.t0.run(r8-map-id-ad73b94404394bfc85426ccd0b1e70e5f0945155e663f3d0fd3f21863db96ca4:279)
07-07 20:54:07.319  6638  6638 W LayerDrawable: 	at helium314.keyboard.latin.InputView.f(r8-map-id-ad73b94404394bfc85426ccd0b1e70e5f0945155e663f3d0fd3f21863db96ca4:39)
07-07 20:54:07.319  6638  6638 W LayerDrawable: 	at i7.d0.a(r8-map-id-ad73b94404394bfc85426ccd0b1e70e5f0945155e663f3d0fd3f21863db96ca4:73)
07-07 20:54:07.319  6638  6638 W LayerDrawable: 	at i7.d0.P(r8-map-id-ad73b94404394bfc85426ccd0b1e70e5f0945155e663f3d0fd3f21863db96ca4:118)
07-07 20:54:07.319  6638  6638 W LayerDrawable: 	at x7.b.u(r8-map-id-ad73b94404394bfc85426ccd0b1e70e5f0945155e663f3d0fd3f21863db96ca4:300)
07-07 20:54:07.319  6638  6638 W LayerDrawable: 	at helium314.keyboard.latin.LatinIME.l(r8-map-id-ad73b94404394bfc85426ccd0b1e70e5f0945155e663f3d0fd3f21863db96ca4:36)
07-07 20:54:07.319  6638  6638 W LayerDrawable: 	at i7.m.a(r8-map-id-ad73b94404394bfc85426ccd0b1e70e5f0945155e663f3d0fd3f21863db96ca4:262)
07-07 20:54:07.319  6638  6638 W LayerDrawable: 	at helium314.keyboard.latin.suggestions.SuggestionStripView.onClick(r8-map-id-ad73b94404394bfc85426ccd0b1e70e5f0945155e663f3d0fd3f21863db96ca4:45)
07-07 20:54:07.319  6638  6638 W LayerDrawable: 	at android.view.View.performClick(View.java:7488)
07-07 20:54:07.319  6638  6638 W LayerDrawable: 	at android.view.View.performClickInternal(View.java:7464)
07-07 20:54:07.319  6638  6638 W LayerDrawable: 	at android.view.View.access$3700(View.java:841)
07-07 20:54:07.319  6638  6638 W LayerDrawable: 	at android.view.View$PerformClick.run(View.java:28911)
