06-01 11:14:20.865 13932 13958 E GeckoLibLoad: Load nss start
06-01 11:14:20.865 13932 13958 E GeckoLibLoad: Load nss done
06-01 11:14:20.875 13932 13958 E GeckoLibLoad: Loaded libs in 9.871510ms total, 7ms(9ms) user, 0ms(0ms) system, 0(0) faults
06-01 11:14:20.876 13932 13958 W GeckoThread: zerdatime 3703737 - runGecko
06-01 11:14:20.980 13932 13958 W GeckoEditableChild: No editable parent
06-01 11:14:21.316 14053 14053 E .keyboard:tab3: Unknown bits set in runtime_flags: 0x40000000
06-01 11:14:21.383 14053 14077 E GeckoLibLoad: Load sqlite start
06-01 11:14:21.385 14053 14077 E GeckoLibLoad: Load sqlite done
06-01 11:14:21.385 14053 14077 E GeckoLibLoad: Load nss start
06-01 11:14:21.385 14053 14077 E GeckoLibLoad: Load nss done
06-01 11:14:21.403 14053 14077 E GeckoLibLoad: Loaded libs in 18.045781ms total, 4ms(8ms) user, 9ms(8ms) system, 0(0) faults
06-01 11:14:21.404 14053 14077 W GeckoThread: zerdatime 3704265 - runGecko
06-01 11:14:21.477 18141 18141 W com.vibekey.keyboard: type=1400 audit(0.0:7706): avc: denied { nlmsg_readpriv } for comm=536F636B657420546872656164 scontext=u:r:untrusted_app:s0:c12,c271,c512,c768 tcontext=u:r:untrusted_app:s0:c12,c271,c512,c768 tclass=netlink_route_socket permissive=0 bug=b/155595000 app=com.vibekey.keyboard
06-01 11:14:21.508 13932 13958 W Isolated Web Content: [JavaScript Warning: "Layout was forced before the page was fully loaded. If stylesheets are not yet loaded this may cause a flash of unstyled content." {file: "https://z.cdp-dev.cnn.com/zion-web-client/3.0/zion-web-client.min.js" line: 1}]
06-01 11:14:21.554 13932 13958 E Isolated Web Content: [JavaScript Error: "downloadable font: download failed (font-family: "cnn_sans_display" style:normal weight:400 stretch:100 src index:0): status=2152398850 source: https://www.cnn.com/fonts/cnn/cnn_sans_display-v1.woff2"]
06-01 11:14:21.556 13932 13958 E Isolated Web Content: [JavaScript Error: "uncaught exception: Object"]
06-01 11:14:21.547 18141 18141 W com.vibekey.keyboard: type=1400 audit(0.0:7707): avc: denied { nlmsg_readpriv } for comm=536F636B657420546872656164 scontext=u:r:untrusted_app:s0:c12,c271,c512,c768 tcontext=u:r:untrusted_app:s0:c12,c271,c512,c768 tclass=netlink_route_socket permissive=0 bug=b/155595000 app=com.vibekey.keyboard
06-01 11:14:22.407 18141 18141 W com.vibekey.keyboard: type=1400 audit(0.0:7709): avc: denied { nlmsg_readpriv } for comm=536F636B657420546872656164 scontext=u:r:untrusted_app:s0:c12,c271,c512,c768 tcontext=u:r:untrusted_app:s0:c12,c271,c512,c768 tclass=netlink_route_socket permissive=0 bug=b/155595000 app=com.vibekey.keyboard
06-01 11:14:25.460 18141 22876 E BLASTBufferQueue: BLASTBufferItemConsumer::onDisconnect()
06-01 11:14:27.629 18141 18141 W GeckoEventDispatcher: No listener for GeckoView:DismissClipboardPermissionRequest
06-01 11:14:27.644 18141 20695 E BLASTBufferQueue: BLASTBufferItemConsumer::onDisconnect()
06-01 11:14:27.663 18141 20695 E BLASTBufferQueue: BLASTBufferItemConsumer::onDisconnect()
06-01 11:14:27.673 14053 14077 W GeckoEditableChild: No editable parent
06-01 11:14:27.675 14053 14077 W Isolated Web Content: [JavaScript Warning: "This page is in Quirks Mode. Page layout may be impacted. For Standards Mode use “<!DOCTYPE html>”." {file: "https://drudgereport.com/" line: 0}]
06-01 11:14:27.677 18141 18141 W com.vibekey.keyboard: type=1400 audit(0.0:7710): avc: denied { nlmsg_readpriv } for comm=536F636B657420546872656164 scontext=u:r:untrusted_app:s0:c12,c271,c512,c768 tcontext=u:r:untrusted_app:s0:c12,c271,c512,c768 tclass=netlink_route_socket permissive=0 bug=b/155595000 app=com.vibekey.keyboard
06-01 11:14:27.702 14053 14077 W Isolated Web Content: [JavaScript Warning: "Layout was forced before the page was fully loaded. If stylesheets are not yet loaded this may cause a flash of unstyled content." {file: "https://drudgereport.com/" line: 20}]
06-01 11:14:27.697 18141 18141 W com.vibekey.keyboard: type=1400 audit(0.0:7711): avc: denied { nlmsg_readpriv } for comm=536F636B657420546872656164 scontext=u:r:untrusted_app:s0:c12,c271,c512,c768 tcontext=u:r:untrusted_app:s0:c12,c271,c512,c768 tclass=netlink_route_socket permissive=0 bug=b/155595000 app=com.vibekey.keyboard
06-01 11:14:27.817 18141 18141 W com.vibekey.keyboard: type=1400 audit(0.0:7712): avc: denied { nlmsg_readpriv } for comm=536F636B657420546872656164 scontext=u:r:untrusted_app:s0:c12,c271,c512,c768 tcontext=u:r:untrusted_app:s0:c12,c271,c512,c768 tclass=netlink_route_socket permissive=0 bug=b/155595000 app=com.vibekey.keyboard
06-01 11:14:27.980 14053 14077 W Isolated Web Content: [JavaScript Warning: "WEBGL_debug_renderer_info is deprecated in Firefox and will be removed. Please use RENDERER." {file: "https://html-load.cc/script/ZHJ1ZGdlcmVwb3J0LmNvbQ.js" line: 2}]
06-01 11:14:28.013 18141 22876 E BLASTBufferQueue: BLASTBufferItemConsumer::onDisconnect()
06-01 11:14:28.025 14053 14077 W Isolated Web Content: [JavaScript Warning: "The value of the attribute “expires” for the cookie “_ga_FS8TY9PHEM” has been overwritten." {file: "https://drudgereport.com/" line: 0}]
06-01 11:14:28.045 14053 14077 W Isolated Web Content: [JavaScript Warning: "This page is in Quirks Mode. Page layout may be impacted. For Standards Mode use “<!DOCTYPE html>”." {file: "https://html-load.cc/script/ZHJ1ZGdlcmVwb3J0LmNvbQ.js" line: 2}]
06-01 11:14:28.337 18141 18141 W com.vibekey.keyboard: type=1400 audit(0.0:7713): avc: denied { nlmsg_readpriv } for comm=536F636B657420546872656164 scontext=u:r:untrusted_app:s0:c12,c271,c512,c768 tcontext=u:r:untrusted_app:s0:c12,c271,c512,c768 tclass=netlink_route_socket permissive=0 bug=b/155595000 app=com.vibekey.keyboard
06-01 11:14:28.627 14053 14077 W Isolated Web Content: [JavaScript Warning: "The script from “https://cdn.hadronid.net/hadron.js?url=https%3A%2F%2Fdrudgereport.com%2F&ref=&_it=freestar&partner_id=474&ha=_hadron” was loaded even though its MIME type (“text/plain”) is not a valid JavaScript MIME type." {file: "https://drudgereport.com/" line: 0}]
06-01 11:14:28.647 18141 18141 W com.vibekey.keyboard: type=1400 audit(0.0:7714): avc: denied { nlmsg_readpriv } for comm=536F636B657420546872656164 scontext=u:r:untrusted_app:s0:c12,c271,c512,c768 tcontext=u:r:untrusted_app:s0:c12,c271,c512,c768 tclass=netlink_route_socket permissive=0 bug=b/155595000 app=com.vibekey.keyboard
06-01 11:14:28.676 14147 14147 E .keyboard:tab3: Unknown bits set in runtime_flags: 0x40000000
06-01 11:14:28.717 18141 18141 W com.vibekey.keyboard: type=1400 audit(0.0:7715): avc: denied { nlmsg_readpriv } for comm=536F636B657420546872656164 scontext=u:r:untrusted_app:s0:c12,c271,c512,c768 tcontext=u:r:untrusted_app:s0:c12,c271,c512,c768 tclass=netlink_route_socket permissive=0 bug=b/155595000 app=com.vibekey.keyboard
06-01 11:14:28.731 14147 14165 E GeckoLibLoad: Load sqlite start
06-01 11:14:28.734 14147 14165 E GeckoLibLoad: Load sqlite done
06-01 11:14:28.734 14147 14165 E GeckoLibLoad: Load nss start
06-01 11:14:28.734 14147 14165 E GeckoLibLoad: Load nss done
06-01 11:14:28.762 14147 14165 E GeckoLibLoad: Loaded libs in 27.330989ms total, 4ms(0ms) user, 24ms(26ms) system, 0(0) faults
06-01 11:14:28.762 14147 14165 W GeckoThread: zerdatime 3711623 - runGecko
06-01 11:14:28.761 14167 14167 E .keyboard:tab1: Unknown bits set in runtime_flags: 0x40000000
06-01 11:14:28.821 14053 14077 E Isolated Web Content: [JavaScript Error: "Cookie “au_3p_check” has been rejected for invalid domain." {file: "https://drudgereport.com/" line: 0}]
06-01 11:14:28.833 14167 14194 E GeckoLibLoad: Load sqlite start
06-01 11:14:28.836 14167 14194 E GeckoLibLoad: Load sqlite done
06-01 11:14:28.836 14167 14194 E GeckoLibLoad: Load nss start
06-01 11:14:28.836 14167 14194 E GeckoLibLoad: Load nss done
06-01 11:14:28.841 14196 14196 E y.keyboard:tab: Unknown bits set in runtime_flags: 0x40000000
06-01 11:14:28.848 14167 14194 E GeckoLibLoad: Loaded libs in 11.865833ms total, 3ms(1ms) user, 8ms(9ms) system, 0(0) faults
06-01 11:14:28.848 14167 14194 W GeckoThread: zerdatime 3711709 - runGecko
06-01 11:14:28.863 14212 14212 E .keyboard:tab1: Unknown bits set in runtime_flags: 0x40000000
06-01 11:14:28.922 14196 14241 E GeckoLibLoad: Load sqlite start
06-01 11:14:28.923 14196 14241 E GeckoLibLoad: Load sqlite done
06-01 11:14:28.923 14196 14241 E GeckoLibLoad: Load nss start
06-01 11:14:28.923 14196 14241 E GeckoLibLoad: Load nss done
06-01 11:14:28.935 14212 14244 E GeckoLibLoad: Load sqlite start
06-01 11:14:28.936 14212 14244 E GeckoLibLoad: Load sqlite done
06-01 11:14:28.936 14212 14244 E GeckoLibLoad: Load nss start
06-01 11:14:28.936 14212 14244 E GeckoLibLoad: Load nss done
06-01 11:14:28.941 14196 14241 E GeckoLibLoad: Loaded libs in 17.877917ms total, 3ms(6ms) user, 2ms(2ms) system, 0(0) faults
06-01 11:14:28.942 14196 14241 W GeckoThread: zerdatime 3711803 - runGecko
06-01 11:14:28.953 14212 14244 E GeckoLibLoad: Loaded libs in 15.870364ms total, 0ms(0ms) user, 14ms(14ms) system, 0(0) faults
06-01 11:14:28.953 14212 14244 W GeckoThread: zerdatime 3711814 - runGecko
06-01 11:14:28.980 14167 14194 W Isolated Web Content: [JavaScript Warning: "This page is in Almost Standards Mode. Page layout may be impacted. For Standards Mode use “<!DOCTYPE html>”." {file: "https://btloader.com/trustedIframe.html?o=5714937848528896&upapi=true" line: 0}]
06-01 11:14:29.055 14212 14244 W Isolated Web Content: [JavaScript Warning: "Content-Security-Policy: Ignoring “'unsafe-inline'” within script-src: ‘strict-dynamic’ specified" {file: "https://www.google.com/recaptcha/api2/aframe" line: 0}]
06-01 11:14:29.055 14212 14244 W Isolated Web Content: [JavaScript Warning: "Content-Security-Policy: Ignoring “https:” within script-src: ‘strict-dynamic’ specified" {file: "https://www.google.com/recaptcha/api2/aframe" line: 0}]
06-01 11:14:29.055 14212 14244 W Isolated Web Content: [JavaScript Warning: "Content-Security-Policy: Ignoring “http:” within script-src: ‘strict-dynamic’ specified" {file: "https://www.google.com/recaptcha/api2/aframe" line: 0}]
06-01 11:14:29.056 14212 14244 W Isolated Web Content: [JavaScript Warning: "Content-Security-Policy: Ignoring “'unsafe-inline'” within script-src: nonce-source or hash-source specified" {file: "https://www.google.com/recaptcha/api2/aframe" line: 0}]
06-01 11:14:29.198 14306 14306 E .keyboard:tab3: Unknown bits set in runtime_flags: 0x40000000
06-01 11:14:29.258 14306 14323 E GeckoLibLoad: Load sqlite start
06-01 11:14:29.259 14306 14323 E GeckoLibLoad: Load sqlite done
06-01 11:14:29.259 14306 14323 E GeckoLibLoad: Load nss start
06-01 11:14:29.259 14306 14323 E GeckoLibLoad: Load nss done
06-01 11:14:29.270 14306 14323 E GeckoLibLoad: Loaded libs in 10.173489ms total, 4ms(6ms) user, 4ms(3ms) system, 0(0) faults
06-01 11:14:29.270 14306 14323 W GeckoThread: zerdatime 3712131 - runGecko
06-01 11:14:29.272 14053 14077 W Isolated Web Content: [JavaScript Warning: "The script from “https://pixels.ad.gt/api/v1/getpixels?tagger_id=e0667c06ece4ca63087bb7b2c8955d3b&url=https%3A%2F%2Fdrudgereport.com%2F&code=%27none%27” was loaded even though its MIME type (“”) is not a valid JavaScript MIME type." {file: "https://drudgereport.com/" line: 0}]
06-01 11:14:29.301 14196 14241 W Isolated Web Content: [JavaScript Warning: "WEBGL_debug_renderer_info is deprecated in Firefox and will be removed. Please use RENDERER." {file: "https://pagead2.googlesyndication.com/bg/WtEEcXTdRIKZd3FPRK7hqRKRXHZVylTPI8uP-aksuEI.js line 2 > eval line 4615 > eval line 1 > eval line 1 > eval" line: 1}]
06-01 11:14:29.362 14306 14323 W Isolated Web Content: [JavaScript Warning: "The meta tag declaring the character encoding of the document should be moved to start of the head part of the document." {file: "https://static.fsrv.io/load-cookie.html?endpoint=https%3A%2F%2Fpbs.fsrv.io%2Fcookie_sync&max_sync_count=10&args=us_privacy%3A1YNN" line: 1}]
06-01 11:14:29.383 14053 14077 W Isolated Web Content: [JavaScript Warning: "The value of the attribute “expires” for the cookie “_ga_FS8TY9PHEM” has been overwritten." {file: "https://drudgereport.com/" line: 0}]
06-01 11:14:29.377 18141 18141 W com.vibekey.keyboard: type=1400 audit(0.0:7716): avc: denied { nlmsg_readpriv } for comm=536F636B657420546872656164 scontext=u:r:untrusted_app:s0:c12,c271,c512,c768 tcontext=u:r:untrusted_app:s0:c12,c271,c512,c768 tclass=netlink_route_socket permissive=0 bug=b/155595000 app=com.vibekey.keyboard
06-01 11:14:29.799 18141 14365 W ServiceBindIntentUtils: Dynamic lookup for intent failed for action: com.google.android.gms.ads.service.START
06-01 11:14:29.802 14366 14366 E .keyboard:tab2: Unknown bits set in runtime_flags: 0x40000000
06-01 11:14:29.810 18141 14360 W Ads     : Not retrying to fetch app settings
06-01 11:14:29.822 18141 14360 W Ads     : Not retrying to fetch app settings
06-01 11:14:29.872 14366 14405 E GeckoLibLoad: Load sqlite start
06-01 11:14:29.873 14366 14405 E GeckoLibLoad: Load sqlite done
06-01 11:14:29.873 14366 14405 E GeckoLibLoad: Load nss start
06-01 11:14:29.873 14366 14405 E GeckoLibLoad: Load nss done
06-01 11:14:29.884 14366 14405 E GeckoLibLoad: Loaded libs in 10.356822ms total, 0ms(3ms) user, 9ms(5ms) system, 0(0) faults
06-01 11:14:29.884 14366 14405 W GeckoThread: zerdatime 3712745 - runGecko
06-01 11:14:29.967 18141 18141 W LayerDrawable: Invalid drawable added to LayerDrawable! Drawable already belongs to another owner but does not expose a constant state.
06-01 11:14:29.967 18141 18141 W LayerDrawable: java.lang.RuntimeException
06-01 11:14:29.967 18141 18141 W LayerDrawable: 	at android.graphics.drawable.LayerDrawable$ChildDrawable.<init>(LayerDrawable.java:1857)
06-01 11:14:29.967 18141 18141 W LayerDrawable: 	at android.graphics.drawable.LayerDrawable$LayerState.<init>(LayerDrawable.java:1977)
06-01 11:14:29.967 18141 18141 W LayerDrawable: 	at android.graphics.drawable.LayerDrawable.createConstantState(LayerDrawable.java:174)
06-01 11:14:29.967 18141 18141 W LayerDrawable: 	at android.graphics.drawable.LayerDrawable.mutate(LayerDrawable.java:1782)
06-01 11:14:29.967 18141 18141 W LayerDrawable: 	at y7.t3.j(r8-map-id-736cc75d0ebf0737f659094023f3c4020755c8ffb3ee7a3e80fa0ec1acd2c70b:83)
06-01 11:14:29.967 18141 18141 W LayerDrawable: 	at helium314.keyboard.latin.panels.BrowserPanelView.D0(r8-map-id-736cc75d0ebf0737f659094023f3c4020755c8ffb3ee7a3e80fa0ec1acd2c70b:75)
06-01 11:14:29.967 18141 18141 W LayerDrawable: 	at helium314.keyboard.latin.panels.BrowserPanelView.d(r8-map-id-736cc75d0ebf0737f659094023f3c4020755c8ffb3ee7a3e80fa0ec1acd2c70b:873)
06-01 11:14:29.967 18141 18141 W LayerDrawable: 	at y7.b2.onClick(r8-map-id-736cc75d0ebf0737f659094023f3c4020755c8ffb3ee7a3e80fa0ec1acd2c70b:35)
06-01 11:14:29.967 18141 18141 W LayerDrawable: 	at android.view.View.performClick(View.java:7488)
06-01 11:14:29.967 18141 18141 W LayerDrawable: 	at android.view.View.performClickInternal(View.java:7464)
06-01 11:14:29.967 18141 18141 W LayerDrawable: 	at android.view.View.access$3700(View.java:841)
06-01 11:14:29.967 18141 18141 W LayerDrawable: 	at android.view.View$PerformClick.run(View.java:28911)
06-01 11:14:29.967 18141 18141 W LayerDrawable: 	at android.os.Handler.handleCallback(Handler.java:938)
06-01 11:14:29.967 18141 18141 W LayerDrawable: 	at android.os.Handler.dispatchMessage(Handler.java:99)
06-01 11:14:29.967 18141 18141 W LayerDrawable: 	at android.os.Looper.loopOnce(Looper.java:233)
06-01 11:14:29.967 18141 18141 W LayerDrawable: 	at android.os.Looper.loop(Looper.java:344)
06-01 11:14:29.967 18141 18141 W LayerDrawable: 	at android.app.ActivityThread.main(ActivityThread.java:8212)
06-01 11:14:29.967 18141 18141 W LayerDrawable: 	at java.lang.reflect.Method.invoke(Native Method)
06-01 11:14:29.967 18141 18141 W LayerDrawable: 	at com.android.internal.os.RuntimeInit$MethodAndArgsCaller.run(RuntimeInit.java:584)
06-01 11:14:29.967 18141 18141 W LayerDrawable: 	at com.android.internal.os.ZygoteInit.main(ZygoteInit.java:1034)
06-01 11:14:29.968 18141 18141 W LayerDrawable: Invalid drawable added to LayerDrawable! Drawable already belongs to another owner but does not expose a constant state.
06-01 11:14:29.968 18141 18141 W LayerDrawable: java.lang.RuntimeException
06-01 11:14:29.968 18141 18141 W LayerDrawable: 	at android.graphics.drawable.LayerDrawable$ChildDrawable.<init>(LayerDrawable.java:1857)
06-01 11:14:29.968 18141 18141 W LayerDrawable: 	at android.graphics.drawable.LayerDrawable$LayerState.<init>(LayerDrawable.java:1977)
06-01 11:14:29.968 18141 18141 W LayerDrawable: 	at android.graphics.drawable.LayerDrawable.createConstantState(LayerDrawable.java:174)
06-01 11:14:29.968 18141 18141 W LayerDrawable: 	at android.graphics.drawable.LayerDrawable.mutate(LayerDrawable.java:1782)
06-01 11:14:29.968 18141 18141 W LayerDrawable: 	at y7.t3.j(r8-map-id-736cc75d0ebf0737f659094023f3c4020755c8ffb3ee7a3e80fa0ec1acd2c70b:83)
06-01 11:14:29.968 18141 18141 W LayerDrawable: 	at helium314.keyboard.latin.panels.BrowserPanelView.D0(r8-map-id-736cc75d0ebf0737f659094023f3c4020755c8ffb3ee7a3e80fa0ec1acd2c70b:75)
06-01 11:14:29.968 18141 18141 W LayerDrawable: 	at helium314.keyboard.latin.panels.BrowserPanelView.d(r8-map-id-736cc75d0ebf0737f659094023f3c4020755c8ffb3ee7a3e80fa0ec1acd2c70b:909)
06-01 11:14:29.968 18141 18141 W LayerDrawable: 	at y7.b2.onClick(r8-map-id-736cc75d0ebf0737f659094023f3c4020755c8ffb3ee7a3e80fa0ec1acd2c70b:35)
06-01 11:14:29.968 18141 18141 W LayerDrawable: 	at android.view.View.performClick(View.java:7488)
06-01 11:14:29.968 18141 18141 W LayerDrawable: 	at android.view.View.performClickInternal(View.java:7464)
06-01 11:14:29.968 18141 18141 W LayerDrawable: 	at android.view.View.access$3700(View.java:841)
06-01 11:14:29.968 18141 18141 W LayerDrawable: 	at android.view.View$PerformClick.run(View.java:28911)
06-01 11:14:29.968 18141 18141 W LayerDrawable: 	at android.os.Handler.handleCallback(Handler.java:938)
06-01 11:14:29.968 18141 18141 W LayerDrawable: 	at android.os.Handler.dispatchMessage(Handler.java:99)
06-01 11:14:29.968 18141 18141 W LayerDrawable: 	at android.os.Looper.loopOnce(Looper.java:233)
06-01 11:14:29.968 18141 18141 W LayerDrawable: 	at android.os.Looper.loop(Looper.java:344)
06-01 11:14:29.968 18141 18141 W LayerDrawable: 	at android.app.ActivityThread.main(ActivityThread.java:8212)
06-01 11:14:29.968 18141 18141 W LayerDrawable: 	at java.lang.reflect.Method.invoke(Native Method)
06-01 11:14:29.968 18141 18141 W LayerDrawable: 	at com.android.internal.os.RuntimeInit$MethodAndArgsCaller.run(RuntimeInit.java:584)
06-01 11:14:29.968 18141 18141 W LayerDrawable: 	at com.android.internal.os.ZygoteInit.main(ZygoteInit.java:1034)
06-01 11:14:29.968 18141 18141 W LayerDrawable: Invalid drawable added to LayerDrawable! Drawable already belongs to another owner but does not expose a constant state.
06-01 11:14:29.968 18141 18141 W LayerDrawable: java.lang.RuntimeException
06-01 11:14:29.968 18141 18141 W LayerDrawable: 	at android.graphics.drawable.LayerDrawable$ChildDrawable.<init>(LayerDrawable.java:1857)
06-01 11:14:29.968 18141 18141 W LayerDrawable: 	at android.graphics.drawable.LayerDrawable$LayerState.<init>(LayerDrawable.java:1977)
06-01 11:14:29.968 18141 18141 W LayerDrawable: 	at android.graphics.drawable.LayerDrawable.createConstantState(LayerDrawable.java:174)
06-01 11:14:29.968 18141 18141 W LayerDrawable: 	at android.graphics.drawable.LayerDrawable.mutate(LayerDrawable.java:1782)
06-01 11:14:29.968 18141 18141 W LayerDrawable: 	at y7.t3.j(r8-map-id-736cc75d0ebf0737f659094023f3c4020755c8ffb3ee7a3e80fa0ec1acd2c70b:83)
06-01 11:14:29.968 18141 18141 W LayerDrawable: 	at helium314.keyboard.latin.panels.BrowserPanelView.D0(r8-map-id-736cc75d0ebf0737f659094023f3c4020755c8ffb3ee7a3e80fa0ec1acd2c70b:75)
06-01 11:14:29.968 18141 18141 W LayerDrawable: 	at helium314.keyboard.latin.panels.BrowserPanelView.d(r8-map-id-736cc75d0ebf0737f659094023f3c4020755c8ffb3ee7a3e80fa0ec1acd2c70b:873)
06-01 11:14:29.968 18141 18141 W LayerDrawable: 	at y7.b2.onClick(r8-map-id-736cc75d0ebf0737f659094023f3c4020755c8ffb3ee7a3e80fa0ec1acd2c70b:35)
06-01 11:14:29.968 18141 18141 W LayerDrawable: 	at android.view.View.performClick(View.java:7488)
06-01 11:14:29.968 18141 18141 W LayerDrawable: 	at android.view.View.performClickInternal(View.java:7464)
06-01 11:14:29.968 18141 18141 W LayerDrawable: 	at android.view.View.access$3700(View.java:841)
06-01 11:14:29.968 18141 18141 W LayerDrawable: 	at android.view.View$PerformClick.run(View.java:28911)
06-01 11:14:29.968 18141 18141 W LayerDrawable: 	at android.os.Handler.handleCallback(Handler.java:938)
06-01 11:14:29.968 18141 18141 W LayerDrawable: 	at android.os.Handler.dispatchMessage(Handler.java:99)
06-01 11:14:29.968 18141 18141 W LayerDrawable: 	at android.os.Looper.loopOnce(Looper.java:233)
06-01 11:14:29.968 18141 18141 W LayerDrawable: 	at android.os.Looper.loop(Looper.java:344)
06-01 11:14:29.968 18141 18141 W LayerDrawable: 	at android.app.ActivityThread.main(ActivityThread.java:8212)
06-01 11:14:29.968 18141 18141 W LayerDrawable: 	at java.lang.reflect.Method.invoke(Native Method)
06-01 11:14:29.968 18141 18141 W LayerDrawable: 	at com.android.internal.os.RuntimeInit$MethodAndArgsCaller.run(RuntimeInit.java:584)
06-01 11:14:29.968 18141 18141 W LayerDrawable: 	at com.android.internal.os.ZygoteInit.main(ZygoteInit.java:1034)
06-01 11:14:29.968 18141 18141 W LayerDrawable: Invalid drawable added to LayerDrawable! Drawable already belongs to another owner but does not expose a constant state.
06-01 11:14:29.968 18141 18141 W LayerDrawable: java.lang.RuntimeException
06-01 11:14:29.968 18141 18141 W LayerDrawable: 	at android.graphics.drawable.LayerDrawable$ChildDrawable.<init>(LayerDrawable.java:1857)
06-01 11:14:29.968 18141 18141 W LayerDrawable: 	at android.graphics.drawable.LayerDrawable$LayerState.<init>(LayerDrawable.java:1977)
06-01 11:14:29.968 18141 18141 W LayerDrawable: 	at android.graphics.drawable.LayerDrawable.createConstantState(LayerDrawable.java:174)
06-01 11:14:29.968 18141 18141 W LayerDrawable: 	at android.graphics.drawable.LayerDrawable.mutate(LayerDrawable.java:1782)
06-01 11:14:29.968 18141 18141 W LayerDrawable: 	at y7.t3.j(r8-map-id-736cc75d0ebf0737f659094023f3c4020755c8ffb3ee7a3e80fa0ec1acd2c70b:83)
06-01 11:14:29.968 18141 18141 W LayerDrawable: 	at helium314.keyboard.latin.panels.BrowserPanelView.D0(r8-map-id-736cc75d0ebf0737f659094023f3c4020755c8ffb3ee7a3e80fa0ec1acd2c70b:75)
06-01 11:14:29.968 18141 18141 W LayerDrawable: 	at helium314.keyboard.latin.panels.BrowserPanelView.d(r8-map-id-736cc75d0ebf0737f659094023f3c4020755c8ffb3ee7a3e80fa0ec1acd2c70b:909)
06-01 11:14:29.968 18141 18141 W LayerDrawable: 	at y7.b2.onClick(r8-map-id-736cc75d0ebf0737f659094023f3c4020755c8ffb3ee7a3e80fa0ec1acd2c70b:35)
06-01 11:14:29.968 18141 18141 W LayerDrawable: 	at android.view.View.performClick(View.java:7488)
06-01 11:14:29.968 18141 18141 W LayerDrawable: 	at android.view.View.performClickInternal(View.java:7464)
06-01 11:14:29.968 18141 18141 W LayerDrawable: 	at android.view.View.access$3700(View.java:841)
06-01 11:14:29.968 18141 18141 W LayerDrawable: 	at android.view.View$PerformClick.run(View.java:28911)
06-01 11:14:29.968 18141 18141 W LayerDrawable: 	at android.os.Handler.handleCallback(Handler.java:938)
06-01 11:14:29.968 18141 18141 W LayerDrawable: 	at android.os.Handler.dispatchMessage(Handler.java:99)
06-01 11:14:29.968 18141 18141 W LayerDrawable: 	at android.os.Looper.loopOnce(Looper.java:233)
06-01 11:14:29.968 18141 18141 W LayerDrawable: 	at android.os.Looper.loop(Looper.java:344)
06-01 11:14:29.968 18141 18141 W LayerDrawable: 	at android.app.ActivityThread.main(ActivityThread.java:8212)
06-01 11:14:29.968 18141 18141 W LayerDrawable: 	at java.lang.reflect.Method.invoke(Native Method)
06-01 11:14:29.968 18141 18141 W LayerDrawable: 	at com.android.internal.os.RuntimeInit$MethodAndArgsCaller.run(RuntimeInit.java:584)
06-01 11:14:29.968 18141 18141 W LayerDrawable: 	at com.android.internal.os.ZygoteInit.main(ZygoteInit.java:1034)
06-01 11:14:29.969 18141 18141 W LayerDrawable: Invalid drawable added to LayerDrawable! Drawable already belongs to another owner but does not expose a constant state.
06-01 11:14:29.969 18141 18141 W LayerDrawable: java.lang.RuntimeException
06-01 11:14:29.969 18141 18141 W LayerDrawable: 	at android.graphics.drawable.LayerDrawable$ChildDrawable.<init>(LayerDrawable.java:1857)
06-01 11:14:29.969 18141 18141 W LayerDrawable: 	at android.graphics.drawable.LayerDrawable$LayerState.<init>(LayerDrawable.java:1977)
06-01 11:14:29.969 18141 18141 W LayerDrawable: 	at android.graphics.drawable.LayerDrawable.createConstantState(LayerDrawable.java:174)
06-01 11:14:29.969 18141 18141 W LayerDrawable: 	at android.graphics.drawable.LayerDrawable.mutate(LayerDrawable.java:1782)
06-01 11:14:29.969 18141 18141 W LayerDrawable: 	at y7.t3.j(r8-map-id-736cc75d0ebf0737f659094023f3c4020755c8ffb3ee7a3e80fa0ec1acd2c70b:83)
06-01 11:14:29.969 18141 18141 W LayerDrawable: 	at helium314.keyboard.latin.panels.BrowserPanelView.D0(r8-map-id-736cc75d0ebf0737f659094023f3c4020755c8ffb3ee7a3e80fa0ec1acd2c70b:75)
06-01 11:14:29.969 18141 18141 W LayerDrawable: 	at helium314.keyboard.latin.panels.BrowserPanelView.d(r8-map-id-736cc75d0ebf0737f659094023f3c4020755c8ffb3ee7a3e80fa0ec1acd2c70b:873)
06-01 11:14:29.969 18141 18141 W LayerDrawable: 	at y7.b2.onClick(r8-map-id-736cc75d0ebf0737f659094023f3c4020755c8ffb3ee7a3e80fa0ec1acd2c70b:35)
06-01 11:14:29.969 18141 18141 W LayerDrawable: 	at android.view.View.performClick(View.java:7488)
06-01 11:14:29.969 18141 18141 W LayerDrawable: 	at android.view.View.performClickInternal(View.java:7464)
06-01 11:14:29.969 18141 18141 W LayerDrawable: 	at android.view.View.access$3700(View.java:841)
06-01 11:14:29.969 18141 18141 W LayerDrawable: 	at android.view.View$PerformClick.run(View.java:28911)
06-01 11:14:29.969 18141 18141 W LayerDrawable: 	at android.os.Handler.handleCallback(Handler.java:938)
06-01 11:14:29.969 18141 18141 W LayerDrawable: 	at android.os.Handler.dispatchMessage(Handler.java:99)
06-01 11:14:29.969 18141 18141 W LayerDrawable: 	at android.os.Looper.loopOnce(Looper.java:233)
06-01 11:14:29.969 18141 18141 W LayerDrawable: 	at android.os.Looper.loop(Looper.java:344)
06-01 11:14:29.969 18141 18141 W LayerDrawable: 	at android.app.ActivityThread.main(ActivityThread.java:8212)
06-01 11:14:29.969 18141 18141 W LayerDrawable: 	at java.lang.reflect.Method.invoke(Native Method)
06-01 11:14:29.969 18141 18141 W LayerDrawable: 	at com.android.internal.os.RuntimeInit$MethodAndArgsCaller.run(RuntimeInit.java:584)
06-01 11:14:29.969 18141 18141 W LayerDrawable: 	at com.android.internal.os.ZygoteInit.main(ZygoteInit.java:1034)
06-01 11:14:29.969 18141 18141 W LayerDrawable: Invalid drawable added to LayerDrawable! Drawable already belongs to another owner but does not expose a constant state.
06-01 11:14:29.969 18141 18141 W LayerDrawable: java.lang.RuntimeException
06-01 11:14:29.969 18141 18141 W LayerDrawable: 	at android.graphics.drawable.LayerDrawable$ChildDrawable.<init>(LayerDrawable.java:1857)
06-01 11:14:29.969 18141 18141 W LayerDrawable: 	at android.graphics.drawable.LayerDrawable$LayerState.<init>(LayerDrawable.java:1977)
06-01 11:14:29.969 18141 18141 W LayerDrawable: 	at android.graphics.drawable.LayerDrawable.createConstantState(LayerDrawable.java:174)
06-01 11:14:29.969 18141 18141 W LayerDrawable: 	at android.graphics.drawable.LayerDrawable.mutate(LayerDrawable.java:1782)
06-01 11:14:29.969 18141 18141 W LayerDrawable: 	at y7.t3.j(r8-map-id-736cc75d0ebf0737f659094023f3c4020755c8ffb3ee7a3e80fa0ec1acd2c70b:83)
06-01 11:14:29.969 18141 18141 W LayerDrawable: 	at helium314.keyboard.latin.panels.BrowserPanelView.D0(r8-map-id-736cc75d0ebf0737f659094023f3c4020755c8ffb3ee7a3e80fa0ec1acd2c70b:75)
06-01 11:14:29.969 18141 18141 W LayerDrawable: 	at helium314.keyboard.latin.panels.BrowserPanelView.d(r8-map-id-736cc75d0ebf0737f659094023f3c4020755c8ffb3ee7a3e80fa0ec1acd2c70b:909)
06-01 11:14:29.969 18141 18141 W LayerDrawable: 	at y7.b2.onClick(r8-map-id-736cc75d0ebf0737f659094023f3c4020755c8ffb3ee7a3e80fa0ec1acd2c70b:35)
06-01 11:14:29.969 18141 18141 W LayerDrawable: 	at android.view.View.performClick(View.java:7488)
06-01 11:14:29.969 18141 18141 W LayerDrawable: 	at android.view.View.performClickInternal(View.java:7464)
06-01 11:14:29.969 18141 18141 W LayerDrawable: 	at android.view.View.access$3700(View.java:841)
06-01 11:14:29.969 18141 18141 W LayerDrawable: 	at android.view.View$PerformClick.run(View.java:28911)
06-01 11:14:29.969 18141 18141 W LayerDrawable: 	at android.os.Handler.handleCallback(Handler.java:938)
06-01 11:14:29.969 18141 18141 W LayerDrawable: 	at android.os.Handler.dispatchMessage(Handler.java:99)
06-01 11:14:29.969 18141 18141 W LayerDrawable: 	at android.os.Looper.loopOnce(Looper.java:233)
06-01 11:14:29.969 18141 18141 W LayerDrawable: 	at android.os.Looper.loop(Looper.java:344)
06-01 11:14:29.969 18141 18141 W LayerDrawable: 	at android.app.ActivityThread.main(ActivityThread.java:8212)
06-01 11:14:29.969 18141 18141 W LayerDrawable: 	at java.lang.reflect.Method.invoke(Native Method)
06-01 11:14:29.969 18141 18141 W LayerDrawable: 	at com.android.internal.os.RuntimeInit$MethodAndArgsCaller.run(RuntimeInit.java:584)
06-01 11:14:29.969 18141 18141 W LayerDrawable: 	at com.android.internal.os.ZygoteInit.main(ZygoteInit.java:1034)
06-01 11:14:29.970 18141 18141 W LayerDrawable: Invalid drawable added to LayerDrawable! Drawable already belongs to another owner but does not expose a constant state.
06-01 11:14:29.970 18141 18141 W LayerDrawable: java.lang.RuntimeException
06-01 11:14:29.970 18141 18141 W LayerDrawable: 	at android.graphics.drawable.LayerDrawable$ChildDrawable.<init>(LayerDrawable.java:1857)
06-01 11:14:29.970 18141 18141 W LayerDrawable: 	at android.graphics.drawable.LayerDrawable$LayerState.<init>(LayerDrawable.java:1977)
06-01 11:14:29.970 18141 18141 W LayerDrawable: 	at android.graphics.drawable.LayerDrawable.createConstantState(LayerDrawable.java:174)
06-01 11:14:29.970 18141 18141 W LayerDrawable: 	at android.graphics.drawable.LayerDrawable.mutate(LayerDrawable.java:1782)
06-01 11:14:29.970 18141 18141 W LayerDrawable: 	at y7.t3.j(r8-map-id-736cc75d0ebf0737f659094023f3c4020755c8ffb3ee7a3e80fa0ec1acd2c70b:83)
06-01 11:14:29.970 18141 18141 W LayerDrawable: 	at helium314.keyboard.latin.panels.BrowserPanelView.D0(r8-map-id-736cc75d0ebf0737f659094023f3c4020755c8ffb3ee7a3e80fa0ec1acd2c70b:75)
06-01 11:14:29.970 18141 18141 W LayerDrawable: 	at helium314.keyboard.latin.panels.BrowserPanelView.d(r8-map-id-736cc75d0ebf0737f659094023f3c4020755c8ffb3ee7a3e80fa0ec1acd2c70b:873)
06-01 11:14:29.970 18141 18141 W LayerDrawable: 	at y7.b2.onClick(r8-map-id-736cc75d0ebf0737f659094023f3c4020755c8ffb3ee7a3e80fa0ec1acd2c70b:35)
06-01 11:14:29.970 18141 18141 W LayerDrawable: 	at android.view.View.performClick(View.java:7488)
06-01 11:14:29.970 18141 18141 W LayerDrawable: 	at android.view.View.performClickInternal(View.java:7464)
06-01 11:14:29.970 18141 18141 W LayerDrawable: 	at android.view.View.access$3700(View.java:841)
06-01 11:14:29.970 18141 18141 W LayerDrawable: 	at android.view.View$PerformClick.run(View.java:28911)
06-01 11:14:29.970 18141 18141 W LayerDrawable: 	at android.os.Handler.handleCallback(Handler.java:938)
06-01 11:14:29.970 18141 18141 W LayerDrawable: 	at android.os.Handler.dispatchMessage(Handler.java:99)
06-01 11:14:29.970 18141 18141 W LayerDrawable: 	at android.os.Looper.loopOnce(Looper.java:233)
06-01 11:14:29.970 18141 18141 W LayerDrawable: 	at android.os.Looper.loop(Looper.java:344)
06-01 11:14:29.970 18141 18141 W LayerDrawable: 	at android.app.ActivityThread.main(ActivityThread.java:8212)
06-01 11:14:29.970 18141 18141 W LayerDrawable: 	at java.lang.reflect.Method.invoke(Native Method)
06-01 11:14:29.970 18141 18141 W LayerDrawable: 	at com.android.internal.os.RuntimeInit$MethodAndArgsCaller.run(RuntimeInit.java:584)
06-01 11:14:29.970 18141 18141 W LayerDrawable: 	at com.android.internal.os.ZygoteInit.main(ZygoteInit.java:1034)
06-01 11:14:29.970 18141 18141 W LayerDrawable: Invalid drawable added to LayerDrawable! Drawable already belongs to another owner but does not expose a constant state.
06-01 11:14:29.970 18141 18141 W LayerDrawable: java.lang.RuntimeException
06-01 11:14:29.970 18141 18141 W LayerDrawable: 	at android.graphics.drawable.LayerDrawable$ChildDrawable.<init>(LayerDrawable.java:1857)
06-01 11:14:29.970 18141 18141 W LayerDrawable: 	at android.graphics.drawable.LayerDrawable$LayerState.<init>(LayerDrawable.java:1977)
06-01 11:14:29.970 18141 18141 W LayerDrawable: 	at android.graphics.drawable.LayerDrawable.createConstantState(LayerDrawable.java:174)
06-01 11:14:29.970 18141 18141 W LayerDrawable: 	at android.graphics.drawable.LayerDrawable.mutate(LayerDrawable.java:1782)
06-01 11:14:29.970 18141 18141 W LayerDrawable: 	at y7.t3.j(r8-map-id-736cc75d0ebf0737f659094023f3c4020755c8ffb3ee7a3e80fa0ec1acd2c70b:83)
06-01 11:14:29.970 18141 18141 W LayerDrawable: 	at helium314.keyboard.latin.panels.BrowserPanelView.D0(r8-map-id-736cc75d0ebf0737f659094023f3c4020755c8ffb3ee7a3e80fa0ec1acd2c70b:75)
06-01 11:14:29.970 18141 18141 W LayerDrawable: 	at helium314.keyboard.latin.panels.BrowserPanelView.d(r8-map-id-736cc75d0ebf0737f659094023f3c4020755c8ffb3ee7a3e80fa0ec1acd2c70b:909)
06-01 11:14:29.970 18141 18141 W LayerDrawable: 	at y7.b2.onClick(r8-map-id-736cc75d0ebf0737f659094023f3c4020755c8ffb3ee7a3e80fa0ec1acd2c70b:35)
06-01 11:14:29.970 18141 18141 W LayerDrawable: 	at android.view.View.performClick(View.java:7488)
06-01 11:14:29.970 18141 18141 W LayerDrawable: 	at android.view.View.performClickInternal(View.java:7464)
06-01 11:14:29.970 18141 18141 W LayerDrawable: 	at android.view.View.access$3700(View.java:841)
06-01 11:14:29.970 18141 18141 W LayerDrawable: 	at android.view.View$PerformClick.run(View.java:28911)
06-01 11:14:29.970 18141 18141 W LayerDrawable: 	at android.os.Handler.handleCallback(Handler.java:938)
06-01 11:14:29.970 18141 18141 W LayerDrawable: 	at android.os.Handler.dispatchMessage(Handler.java:99)
06-01 11:14:29.970 18141 18141 W LayerDrawable: 	at android.os.Looper.loopOnce(Looper.java:233)
06-01 11:14:29.970 18141 18141 W LayerDrawable: 	at android.os.Looper.loop(Looper.java:344)
06-01 11:14:29.970 18141 18141 W LayerDrawable: 	at android.app.ActivityThread.main(ActivityThread.java:8212)
06-01 11:14:29.970 18141 18141 W LayerDrawable: 	at java.lang.reflect.Method.invoke(Native Method)
06-01 11:14:29.970 18141 18141 W LayerDrawable: 	at com.android.internal.os.RuntimeInit$MethodAndArgsCaller.run(RuntimeInit.java:584)
06-01 11:14:29.970 18141 18141 W LayerDrawable: 	at com.android.internal.os.ZygoteInit.main(ZygoteInit.java:1034)
06-01 11:14:29.971 18141 18141 W LayerDrawable: Invalid drawable added to LayerDrawable! Drawable already belongs to another owner but does not expose a constant state.
06-01 11:14:29.971 18141 18141 W LayerDrawable: java.lang.RuntimeException
06-01 11:14:29.971 18141 18141 W LayerDrawable: 	at android.graphics.drawable.LayerDrawable$ChildDrawable.<init>(LayerDrawable.java:1857)
06-01 11:14:29.971 18141 18141 W LayerDrawable: 	at android.graphics.drawable.LayerDrawable$LayerState.<init>(LayerDrawable.java:1977)
06-01 11:14:29.971 18141 18141 W LayerDrawable: 	at android.graphics.drawable.LayerDrawable.createConstantState(LayerDrawable.java:174)
06-01 11:14:29.971 18141 18141 W LayerDrawable: 	at android.graphics.drawable.LayerDrawable.mutate(LayerDrawable.java:1782)
06-01 11:14:29.971 18141 18141 W LayerDrawable: 	at y7.t3.j(r8-map-id-736cc75d0ebf0737f659094023f3c4020755c8ffb3ee7a3e80fa0ec1acd2c70b:83)
06-01 11:14:29.971 18141 18141 W LayerDrawable: 	at helium314.keyboard.latin.panels.BrowserPanelView.D0(r8-map-id-736cc75d0ebf0737f659094023f3c4020755c8ffb3ee7a3e80fa0ec1acd2c70b:75)
06-01 11:14:29.971 18141 18141 W LayerDrawable: 	at helium314.keyboard.latin.panels.BrowserPanelView.d(r8-map-id-736cc75d0ebf0737f659094023f3c4020755c8ffb3ee7a3e80fa0ec1acd2c70b:873)
06-01 11:14:29.971 18141 18141 W LayerDrawable: 	at y7.b2.onClick(r8-map-id-736cc75d0ebf0737f659094023f3c4020755c8ffb3ee7a3e80fa0ec1acd2c70b:35)
06-01 11:14:29.971 18141 18141 W LayerDrawable: 	at android.view.View.performClick(View.java:7488)
06-01 11:14:29.971 18141 18141 W LayerDrawable: 	at android.view.View.performClickInternal(View.java:7464)
06-01 11:14:29.971 18141 18141 W LayerDrawable: 	at android.view.View.access$3700(View.java:841)
06-01 11:14:29.971 18141 18141 W LayerDrawable: 	at android.view.View$PerformClick.run(View.java:28911)
06-01 11:14:29.971 18141 18141 W LayerDrawable: 	at android.os.Handler.handleCallback(Handler.java:938)
06-01 11:14:29.971 18141 18141 W LayerDrawable: 	at android.os.Handler.dispatchMessage(Handler.java:99)
06-01 11:14:29.971 18141 18141 W LayerDrawable: 	at android.os.Looper.loopOnce(Looper.java:233)
06-01 11:14:29.971 18141 18141 W LayerDrawable: 	at android.os.Looper.loop(Looper.java:344)
06-01 11:14:29.971 18141 18141 W LayerDrawable: 	at android.app.ActivityThread.main(ActivityThread.java:8212)
06-01 11:14:29.971 18141 18141 W LayerDrawable: 	at java.lang.reflect.Method.invoke(Native Method)
06-01 11:14:29.971 18141 18141 W LayerDrawable: 	at com.android.internal.os.RuntimeInit$MethodAndArgsCaller.run(RuntimeInit.java:584)
06-01 11:14:29.971 18141 18141 W LayerDrawable: 	at com.android.internal.os.ZygoteInit.main(ZygoteInit.java:1034)
06-01 11:14:29.971 18141 18141 W LayerDrawable: Invalid drawable added to LayerDrawable! Drawable already belongs to another owner but does not expose a constant state.
06-01 11:14:29.971 18141 18141 W LayerDrawable: java.lang.RuntimeException
06-01 11:14:29.971 18141 18141 W LayerDrawable: 	at android.graphics.drawable.LayerDrawable$ChildDrawable.<init>(LayerDrawable.java:1857)
06-01 11:14:29.971 18141 18141 W LayerDrawable: 	at android.graphics.drawable.LayerDrawable$LayerState.<init>(LayerDrawable.java:1977)
06-01 11:14:29.971 18141 18141 W LayerDrawable: 	at android.graphics.drawable.LayerDrawable.createConstantState(LayerDrawable.java:174)
06-01 11:14:29.971 18141 18141 W LayerDrawable: 	at android.graphics.drawable.LayerDrawable.mutate(LayerDrawable.java:1782)
06-01 11:14:29.971 18141 18141 W LayerDrawable: 	at y7.t3.j(r8-map-id-736cc75d0ebf0737f659094023f3c4020755c8ffb3ee7a3e80fa0ec1acd2c70b:83)
06-01 11:14:29.971 18141 18141 W LayerDrawable: 	at helium314.keyboard.latin.panels.BrowserPanelView.D0(r8-map-id-736cc75d0ebf0737f659094023f3c4020755c8ffb3ee7a3e80fa0ec1acd2c70b:75)
06-01 11:14:29.971 18141 18141 W LayerDrawable: 	at helium314.keyboard.latin.panels.BrowserPanelView.d(r8-map-id-736cc75d0ebf0737f659094023f3c4020755c8ffb3ee7a3e80fa0ec1acd2c70b:909)
06-01 11:14:29.971 18141 18141 W LayerDrawable: 	at y7.b2.onClick(r8-map-id-736cc75d0ebf0737f659094023f3c4020755c8ffb3ee7a3e80fa0ec1acd2c70b:35)
06-01 11:14:29.971 18141 18141 W LayerDrawable: 	at android.view.View.performClick(View.java:7488)
06-01 11:14:29.971 18141 18141 W LayerDrawable: 	at android.view.View.performClickInternal(View.java:7464)
06-01 11:14:29.971 18141 18141 W LayerDrawable: 	at android.view.View.access$3700(View.java:841)
06-01 11:14:29.971 18141 18141 W LayerDrawable: 	at android.view.View$PerformClick.run(View.java:28911)
06-01 11:14:29.971 18141 18141 W LayerDrawable: 	at android.os.Handler.handleCallback(Handler.java:938)
06-01 11:14:29.971 18141 18141 W LayerDrawable: 	at android.os.Handler.dispatchMessage(Handler.java:99)
06-01 11:14:29.971 18141 18141 W LayerDrawable: 	at android.os.Looper.loopOnce(Looper.java:233)
06-01 11:14:29.971 18141 18141 W LayerDrawable: 	at android.os.Looper.loop(Looper.java:344)
06-01 11:14:29.971 18141 18141 W LayerDrawable: 	at android.app.ActivityThread.main(ActivityThread.java:8212)
06-01 11:14:29.971 18141 18141 W LayerDrawable: 	at java.lang.reflect.Method.invoke(Native Method)
06-01 11:14:29.971 18141 18141 W LayerDrawable: 	at com.android.internal.os.RuntimeInit$MethodAndArgsCaller.run(RuntimeInit.java:584)
06-01 11:14:29.971 18141 18141 W LayerDrawable: 	at com.android.internal.os.ZygoteInit.main(ZygoteInit.java:1034)
06-01 11:14:29.972 18141 18141 W LayerDrawable: Invalid drawable added to LayerDrawable! Drawable already belongs to another owner but does not expose a constant state.
06-01 11:14:29.972 18141 18141 W LayerDrawable: java.lang.RuntimeException
06-01 11:14:29.972 18141 18141 W LayerDrawable: 	at android.graphics.drawable.LayerDrawable$ChildDrawable.<init>(LayerDrawable.java:1857)
06-01 11:14:29.972 18141 18141 W LayerDrawable: 	at android.graphics.drawable.LayerDrawable$LayerState.<init>(LayerDrawable.java:1977)
06-01 11:14:29.972 18141 18141 W LayerDrawable: 	at android.graphics.drawable.LayerDrawable.createConstantState(LayerDrawable.java:174)
06-01 11:14:29.972 18141 18141 W LayerDrawable: 	at android.graphics.drawable.LayerDrawable.mutate(LayerDrawable.java:1782)
06-01 11:14:29.972 18141 18141 W LayerDrawable: 	at y7.t3.j(r8-map-id-736cc75d0ebf0737f659094023f3c4020755c8ffb3ee7a3e80fa0ec1acd2c70b:83)
06-01 11:14:29.972 18141 18141 W LayerDrawable: 	at helium314.keyboard.latin.panels.BrowserPanelView.D0(r8-map-id-736cc75d0ebf0737f659094023f3c4020755c8ffb3ee7a3e80fa0ec1acd2c70b:75)
06-01 11:14:29.972 18141 18141 W LayerDrawable: 	at helium314.keyboard.latin.panels.BrowserPanelView.d(r8-map-id-736cc75d0ebf0737f659094023f3c4020755c8ffb3ee7a3e80fa0ec1acd2c70b:873)
06-01 11:14:29.972 18141 18141 W LayerDrawable: 	at y7.b2.onClick(r8-map-id-736cc75d0ebf0737f659094023f3c4020755c8ffb3ee7a3e80fa0ec1acd2c70b:35)
06-01 11:14:29.972 18141 18141 W LayerDrawable: 	at android.view.View.performClick(View.java:7488)
06-01 11:14:29.972 18141 18141 W LayerDrawable: 	at android.view.View.performClickInternal(View.java:7464)
06-01 11:14:29.972 18141 18141 W LayerDrawable: 	at android.view.View.access$3700(View.java:841)
06-01 11:14:29.972 18141 18141 W LayerDrawable: 	at android.view.View$PerformClick.run(View.java:28911)
06-01 11:14:29.972 18141 18141 W LayerDrawable: 	at android.os.Handler.handleCallback(Handler.java:938)
06-01 11:14:29.972 18141 18141 W LayerDrawable: 	at android.os.Handler.dispatchMessage(Handler.java:99)
06-01 11:14:29.972 18141 18141 W LayerDrawable: 	at android.os.Looper.loopOnce(Looper.java:233)
06-01 11:14:29.972 18141 18141 W LayerDrawable: 	at android.os.Looper.loop(Looper.java:344)
06-01 11:14:29.972 18141 18141 W LayerDrawable: 	at android.app.ActivityThread.main(ActivityThread.java:8212)
06-01 11:14:29.972 18141 18141 W LayerDrawable: 	at java.lang.reflect.Method.invoke(Native Method)
06-01 11:14:29.972 18141 18141 W LayerDrawable: 	at com.android.internal.os.RuntimeInit$MethodAndArgsCaller.run(RuntimeInit.java:584)
06-01 11:14:29.972 18141 18141 W LayerDrawable: 	at com.android.internal.os.ZygoteInit.main(ZygoteInit.java:1034)
06-01 11:14:29.972 18141 18141 W LayerDrawable: Invalid drawable added to LayerDrawable! Drawable already belongs to another owner but does not expose a constant state.
06-01 11:14:29.972 18141 18141 W LayerDrawable: java.lang.RuntimeException
06-01 11:14:29.972 18141 18141 W LayerDrawable: 	at android.graphics.drawable.LayerDrawable$ChildDrawable.<init>(LayerDrawable.java:1857)
06-01 11:14:29.972 18141 18141 W LayerDrawable: 	at android.graphics.drawable.LayerDrawable$LayerState.<init>(LayerDrawable.java:1977)
06-01 11:14:29.972 18141 18141 W LayerDrawable: 	at android.graphics.drawable.LayerDrawable.createConstantState(LayerDrawable.java:174)
06-01 11:14:29.972 18141 18141 W LayerDrawable: 	at android.graphics.drawable.LayerDrawable.mutate(LayerDrawable.java:1782)
06-01 11:14:29.972 18141 18141 W LayerDrawable: 	at y7.t3.j(r8-map-id-736cc75d0ebf0737f659094023f3c4020755c8ffb3ee7a3e80fa0ec1acd2c70b:83)
06-01 11:14:29.972 18141 18141 W LayerDrawable: 	at helium314.keyboard.latin.panels.BrowserPanelView.D0(r8-map-id-736cc75d0ebf0737f659094023f3c4020755c8ffb3ee7a3e80fa0ec1acd2c70b:75)
06-01 11:14:29.972 18141 18141 W LayerDrawable: 	at helium314.keyboard.latin.panels.BrowserPanelView.d(r8-map-id-736cc75d0ebf0737f659094023f3c4020755c8ffb3ee7a3e80fa0ec1acd2c70b:909)
06-01 11:14:29.972 18141 18141 W LayerDrawable: 	at y7.b2.onClick(r8-map-id-736cc75d0ebf0737f659094023f3c4020755c8ffb3ee7a3e80fa0ec1acd2c70b:35)
06-01 11:14:29.972 18141 18141 W LayerDrawable: 	at android.view.View.performClick(View.java:7488)
06-01 11:14:29.972 18141 18141 W LayerDrawable: 	at android.view.View.performClickInternal(View.java:7464)
06-01 11:14:29.972 18141 18141 W LayerDrawable: 	at android.view.View.access$3700(View.java:841)
06-01 11:14:29.972 18141 18141 W LayerDrawable: 	at android.view.View$PerformClick.run(View.java:28911)
06-01 11:14:29.972 18141 18141 W LayerDrawable: 	at android.os.Handler.handleCallback(Handler.java:938)
06-01 11:14:29.972 18141 18141 W LayerDrawable: 	at android.os.Handler.dispatchMessage(Handler.java:99)
06-01 11:14:29.972 18141 18141 W LayerDrawable: 	at android.os.Looper.loopOnce(Looper.java:233)
06-01 11:14:29.972 18141 18141 W LayerDrawable: 	at android.os.Looper.loop(Looper.java:344)
06-01 11:14:29.972 18141 18141 W LayerDrawable: 	at android.app.ActivityThread.main(ActivityThread.java:8212)
06-01 11:14:29.972 18141 18141 W LayerDrawable: 	at java.lang.reflect.Method.invoke(Native Method)
06-01 11:14:29.972 18141 18141 W LayerDrawable: 	at com.android.internal.os.RuntimeInit$MethodAndArgsCaller.run(RuntimeInit.java:584)
06-01 11:14:29.972 18141 18141 W LayerDrawable: 	at com.android.internal.os.ZygoteInit.main(ZygoteInit.java:1034)
06-01 11:14:29.972 18141 18141 W LayerDrawable: Invalid drawable added to LayerDrawable! Drawable already belongs to another owner but does not expose a constant state.
06-01 11:14:29.972 18141 18141 W LayerDrawable: java.lang.RuntimeException
06-01 11:14:29.972 18141 18141 W LayerDrawable: 	at android.graphics.drawable.LayerDrawable$ChildDrawable.<init>(LayerDrawable.java:1857)
06-01 11:14:29.972 18141 18141 W LayerDrawable: 	at android.graphics.drawable.LayerDrawable$LayerState.<init>(LayerDrawable.java:1977)
06-01 11:14:29.972 18141 18141 W LayerDrawable: 	at android.graphics.drawable.LayerDrawable.createConstantState(LayerDrawable.java:174)
06-01 11:14:29.972 18141 18141 W LayerDrawable: 	at android.graphics.drawable.LayerDrawable.mutate(LayerDrawable.java:1782)
06-01 11:14:29.972 18141 18141 W LayerDrawable: 	at y7.t3.j(r8-map-id-736cc75d0ebf0737f659094023f3c4020755c8ffb3ee7a3e80fa0ec1acd2c70b:83)
06-01 11:14:29.972 18141 18141 W LayerDrawable: 	at helium314.keyboard.latin.panels.BrowserPanelView.D0(r8-map-id-736cc75d0ebf0737f659094023f3c4020755c8ffb3ee7a3e80fa0ec1acd2c70b:75)
06-01 11:14:29.972 18141 18141 W LayerDrawable: 	at helium314.keyboard.latin.panels.BrowserPanelView.d(r8-map-id-736cc75d0ebf0737f659094023f3c4020755c8ffb3ee7a3e80fa0ec1acd2c70b:873)
06-01 11:14:29.972 18141 18141 W LayerDrawable: 	at y7.b2.onClick(r8-map-id-736cc75d0ebf0737f659094023f3c4020755c8ffb3ee7a3e80fa0ec1acd2c70b:35)
06-01 11:14:29.972 18141 18141 W LayerDrawable: 	at android.view.View.performClick(View.java:7488)
06-01 11:14:29.972 18141 18141 W LayerDrawable: 	at android.view.View.performClickInternal(View.java:7464)
06-01 11:14:29.972 18141 18141 W LayerDrawable: 	at android.view.View.access$3700(View.java:841)
06-01 11:14:29.972 18141 18141 W LayerDrawable: 	at android.view.View$PerformClick.run(View.java:28911)
06-01 11:14:29.972 18141 18141 W LayerDrawable: 	at android.os.Handler.handleCallback(Handler.java:938)
06-01 11:14:29.972 18141 18141 W LayerDrawable: 	at android.os.Handler.dispatchMessage(Handler.java:99)
06-01 11:14:29.972 18141 18141 W LayerDrawable: 	at android.os.Looper.loopOnce(Looper.java:233)
06-01 11:14:29.972 18141 18141 W LayerDrawable: 	at android.os.Looper.loop(Looper.java:344)
06-01 11:14:29.972 18141 18141 W LayerDrawable: 	at android.app.ActivityThread.main(ActivityThread.java:8212)
06-01 11:14:29.972 18141 18141 W LayerDrawable: 	at java.lang.reflect.Method.invoke(Native Method)
06-01 11:14:29.972 18141 18141 W LayerDrawable: 	at com.android.internal.os.RuntimeInit$MethodAndArgsCaller.run(RuntimeInit.java:584)
06-01 11:14:29.972 18141 18141 W LayerDrawable: 	at com.android.internal.os.ZygoteInit.main(ZygoteInit.java:1034)
06-01 11:14:29.973 18141 18141 W LayerDrawable: Invalid drawable added to LayerDrawable! Drawable already belongs to another owner but does not expose a constant state.
06-01 11:14:29.973 18141 18141 W LayerDrawable: java.lang.RuntimeException
06-01 11:14:29.973 18141 18141 W LayerDrawable: 	at android.graphics.drawable.LayerDrawable$ChildDrawable.<init>(LayerDrawable.java:1857)
06-01 11:14:29.973 18141 18141 W LayerDrawable: 	at android.graphics.drawable.LayerDrawable$LayerState.<init>(LayerDrawable.java:1977)
06-01 11:14:29.973 18141 18141 W LayerDrawable: 	at android.graphics.drawable.LayerDrawable.createConstantState(LayerDrawable.java:174)
06-01 11:14:29.973 18141 18141 W LayerDrawable: 	at android.graphics.drawable.LayerDrawable.mutate(LayerDrawable.java:1782)
06-01 11:14:29.973 18141 18141 W LayerDrawable: 	at y7.t3.j(r8-map-id-736cc75d0ebf0737f659094023f3c4020755c8ffb3ee7a3e80fa0ec1acd2c70b:83)
06-01 11:14:29.973 18141 18141 W LayerDrawable: 	at helium314.keyboard.latin.panels.BrowserPanelView.D0(r8-map-id-736cc75d0ebf0737f659094023f3c4020755c8ffb3ee7a3e80fa0ec1acd2c70b:75)
06-01 11:14:29.973 18141 18141 W LayerDrawable: 	at helium314.keyboard.latin.panels.BrowserPanelView.d(r8-map-id-736cc75d0ebf0737f659094023f3c4020755c8ffb3ee7a3e80fa0ec1acd2c70b:909)
06-01 11:14:29.973 18141 18141 W LayerDrawable: 	at y7.b2.onClick(r8-map-id-736cc75d0ebf0737f659094023f3c4020755c8ffb3ee7a3e80fa0ec1acd2c70b:35)
06-01 11:14:29.973 18141 18141 W LayerDrawable: 	at android.view.View.performClick(View.java:7488)
06-01 11:14:29.973 18141 18141 W LayerDrawable: 	at android.view.View.performClickInternal(View.java:7464)
06-01 11:14:29.973 18141 18141 W LayerDrawable: 	at android.view.View.access$3700(View.java:841)
