06-05 14:59:47.389 26042 26042 W LayerDrawable: 	at i7.c0.A(r8-map-id-757af8f5ae5c5858b77f256d366a7825add93b04460816c2c67fcdf1d8e02cc3:219)
06-05 14:59:47.389 26042 26042 W LayerDrawable: 	at i7.m.r(r8-map-id-757af8f5ae5c5858b77f256d366a7825add93b04460816c2c67fcdf1d8e02cc3:18)
06-05 14:59:47.389 26042 26042 W LayerDrawable: 	at i7.k0.b(r8-map-id-757af8f5ae5c5858b77f256d366a7825add93b04460816c2c67fcdf1d8e02cc3:47)
06-05 14:59:47.389 26042 26042 W LayerDrawable: 	at i7.k0.l(r8-map-id-757af8f5ae5c5858b77f256d366a7825add93b04460816c2c67fcdf1d8e02cc3:102)
06-05 14:59:47.389 26042 26042 W LayerDrawable: 	at i7.k0.s(r8-map-id-757af8f5ae5c5858b77f256d366a7825add93b04460816c2c67fcdf1d8e02cc3:1102)
06-05 14:59:47.389 26042 26042 W LayerDrawable: 	at helium314.keyboard.keyboard.MainKeyboardView.onTouchEvent(r8-map-id-757af8f5ae5c5858b77f256d366a7825add93b04460816c2c67fcdf1d8e02cc3:244)
06-05 14:59:47.389 26042 26042 W LayerDrawable: 	at android.view.View.dispatchTouchEvent(View.java:14632)
06-05 14:59:47.389 26042 26042 W LayerDrawable: 	at android.view.ViewGroup.dispatchTransformedTouchEvent(ViewGroup.java:3169)
06-05 14:59:47.389 26042 26042 W LayerDrawable: 	at android.view.ViewGroup.dispatchTouchEvent(ViewGroup.java:2788)
06-05 14:59:47.389 26042 26042 W LayerDrawable: 	at android.view.ViewGroup.dispatchTransformedTouchEvent(ViewGroup.java:3169)
06-05 14:59:47.389 26042 26042 W LayerDrawable: 	at android.view.ViewGroup.dispatchTouchEvent(ViewGroup.java:2788)
06-05 14:59:47.389 26042 26042 W LayerDrawable: 	at android.view.ViewGroup.dispatchTransformedTouchEvent(ViewGroup.java:3169)
06-05 14:59:47.389 26042 26042 W LayerDrawable: 	at android.view.ViewGroup.dispatchTouchEvent(ViewGroup.java:2788)
06-05 14:59:47.389 26042 26042 W LayerDrawable: 	at android.view.ViewGroup.dispatchTransformedTouchEvent(ViewGroup.java:3169)
06-05 14:59:47.389 26042 26042 W LayerDrawable: 	at android.view.ViewGroup.dispatchTouchEvent(ViewGroup.java:2788)
06-05 14:59:47.389 26042 26042 W LayerDrawable: 	at android.view.ViewGroup.dispatchTransformedTouchEvent(ViewGroup.java:3169)
06-05 14:59:47.389 26042 26042 W LayerDrawable: 	at android.view.ViewGroup.dispatchTouchEvent(ViewGroup.java:2788)
06-05 14:59:47.389 26042 26042 W LayerDrawable: 	at android.view.ViewGroup.dispatchTransformedTouchEvent(ViewGroup.java:3169)
06-05 14:59:47.389 26042 26042 W LayerDrawable: 	at android.view.ViewGroup.dispatchTouchEvent(ViewGroup.java:2788)
06-05 14:59:47.389 26042 26042 W LayerDrawable: 	at android.view.ViewGroup.dispatchTransformedTouchEvent(ViewGroup.java:3169)
06-05 14:59:47.389 26042 26042 W LayerDrawable: 	at android.view.ViewGroup.dispatchTouchEvent(ViewGroup.java:2788)
06-05 14:59:47.389 26042 26042 W LayerDrawable: 	at android.view.ViewGroup.dispatchTransformedTouchEvent(ViewGroup.java:3169)
06-05 14:59:47.389 26042 26042 W LayerDrawable: 	at android.view.ViewGroup.dispatchTouchEvent(ViewGroup.java:2788)
06-05 14:59:47.389 26042 26042 W LayerDrawable: 	at com.android.internal.policy.DecorView.superDispatchTouchEvent(DecorView.java:573)
06-05 14:59:47.389 26042 26042 W LayerDrawable: 	at com.android.internal.policy.PhoneWindow.superDispatchTouchEvent(PhoneWindow.java:1911)
06-05 14:59:47.389 26042 26042 W LayerDrawable: 	at android.app.Dialog.dispatchTouchEvent(Dialog.java:913)
06-05 14:59:47.389 26042 26042 W LayerDrawable: 	at android.inputmethodservice.SoftInputWindow.dispatchTouchEvent(SoftInputWindow.java:168)
06-05 14:59:47.389 26042 26042 W LayerDrawable: 	at com.android.internal.policy.DecorView.dispatchTouchEvent(DecorView.java:521)
06-05 14:59:47.389 26042 26042 W LayerDrawable: 	at android.view.View.dispatchPointerEvent(View.java:14899)
06-05 14:59:47.389 26042 26042 W LayerDrawable: 	at android.view.ViewRootImpl$ViewPostImeInputStage.processPointerEvent(ViewRootImpl.java:6755)
06-05 14:59:47.389 26042 26042 W LayerDrawable: 	at android.view.ViewRootImpl$ViewPostImeInputStage.onProcess(ViewRootImpl.java:6526)
06-05 14:59:47.389 26042 26042 W LayerDrawable: 	at android.view.ViewRootImpl$InputStage.deliver(ViewRootImpl.java:5995)
06-05 14:59:47.389 26042 26042 W LayerDrawable: 	at android.view.ViewRootImpl$InputStage.onDeliverToNext(ViewRootImpl.java:6057)
06-05 14:59:47.389 26042 26042 W LayerDrawable: 	at android.view.ViewRootImpl$InputStage.forward(ViewRootImpl.java:6018)
06-05 14:59:47.389 26042 26042 W LayerDrawable: 	at android.view.ViewRootImpl$AsyncInputStage.forward(ViewRootImpl.java:6192)
06-05 14:59:47.389 26042 26042 W LayerDrawable: 	at android.view.ViewRootImpl$InputStage.apply(ViewRootImpl.java:6026)
06-05 14:59:47.389 26042 26042 W LayerDrawable: 	at android.view.ViewRootImpl$AsyncInputStage.apply(ViewRootImpl.java:6249)
06-05 14:59:47.389 26042 26042 W LayerDrawable: 	at android.view.ViewRootImpl$InputStage.deliver(ViewRootImpl.java:5999)
06-05 14:59:47.389 26042 26042 W LayerDrawable: 	at android.view.ViewRootImpl$InputStage.onDeliverToNext(ViewRootImpl.java:6057)
06-05 14:59:47.389 26042 26042 W LayerDrawable: 	at android.view.ViewRootImpl$InputStage.forward(ViewRootImpl.java:6018)
06-05 14:59:47.389 26042 26042 W LayerDrawable: 	at android.view.ViewRootImpl$InputStage.apply(ViewRootImpl.java:6026)
06-05 14:59:47.389 26042 26042 W LayerDrawable: 	at android.view.ViewRootImpl$InputStage.deliver(ViewRootImpl.java:5999)
06-05 14:59:47.389 26042 26042 W LayerDrawable: 	at android.view.ViewRootImpl.deliverInputEvent(ViewRootImpl.java:9034)
06-05 14:59:47.389 26042 26042 W LayerDrawable: 	at android.view.ViewRootImpl.doProcessInputEvents(ViewRootImpl.java:8985)
06-05 14:59:47.389 26042 26042 W LayerDrawable: 	at android.view.ViewRootImpl.enqueueInputEvent(ViewRootImpl.java:8941)
06-05 14:59:47.389 26042 26042 W LayerDrawable: 	at android.view.ViewRootImpl$WindowInputEventReceiver.onInputEvent(ViewRootImpl.java:9177)
06-05 14:59:47.389 26042 26042 W LayerDrawable: 	at android.view.InputEventReceiver.dispatchInputEvent(InputEventReceiver.java:266)
06-05 14:59:47.389 26042 26042 W LayerDrawable: 	at android.os.MessageQueue.nativePollOnce(Native Method)
06-05 14:59:47.389 26042 26042 W LayerDrawable: 	at android.os.MessageQueue.next(MessageQueue.java:339)
06-05 14:59:47.389 26042 26042 W LayerDrawable: 	at android.os.Looper.loopOnce(Looper.java:179)
06-05 14:59:47.389 26042 26042 W LayerDrawable: 	at android.os.Looper.loop(Looper.java:344)
06-05 14:59:47.389 26042 26042 W LayerDrawable: 	at android.app.ActivityThread.main(ActivityThread.java:8212)
06-05 14:59:47.389 26042 26042 W LayerDrawable: 	at java.lang.reflect.Method.invoke(Native Method)
06-05 14:59:47.389 26042 26042 W LayerDrawable: 	at com.android.internal.os.RuntimeInit$MethodAndArgsCaller.run(RuntimeInit.java:584)
06-05 14:59:47.389 26042 26042 W LayerDrawable: 	at com.android.internal.os.ZygoteInit.main(ZygoteInit.java:1034)
06-05 14:59:47.404 26042 26042 W LayerDrawable: Invalid drawable added to LayerDrawable! Drawable already belongs to another owner but does not expose a constant state.
06-05 14:59:47.404 26042 26042 W LayerDrawable: java.lang.RuntimeException
06-05 14:59:47.404 26042 26042 W LayerDrawable: 	at android.graphics.drawable.LayerDrawable$ChildDrawable.<init>(LayerDrawable.java:1857)
06-05 14:59:47.404 26042 26042 W LayerDrawable: 	at android.graphics.drawable.LayerDrawable$LayerState.<init>(LayerDrawable.java:1977)
06-05 14:59:47.404 26042 26042 W LayerDrawable: 	at android.graphics.drawable.LayerDrawable.createConstantState(LayerDrawable.java:174)
06-05 14:59:47.404 26042 26042 W LayerDrawable: 	at android.graphics.drawable.LayerDrawable.mutate(LayerDrawable.java:1782)
06-05 14:59:47.404 26042 26042 W LayerDrawable: 	at helium314.keyboard.latin.InputView.g(r8-map-id-757af8f5ae5c5858b77f256d366a7825add93b04460816c2c67fcdf1d8e02cc3:551)
06-05 14:59:47.404 26042 26042 W LayerDrawable: 	at p7.x.a(r8-map-id-757af8f5ae5c5858b77f256d366a7825add93b04460816c2c67fcdf1d8e02cc3:232)
06-05 14:59:47.404 26042 26042 W LayerDrawable: 	at a8.t0.run(r8-map-id-757af8f5ae5c5858b77f256d366a7825add93b04460816c2c67fcdf1d8e02cc3:279)
06-05 14:59:47.404 26042 26042 W LayerDrawable: 	at helium314.keyboard.latin.InputView.f(r8-map-id-757af8f5ae5c5858b77f256d366a7825add93b04460816c2c67fcdf1d8e02cc3:39)
06-05 14:59:47.404 26042 26042 W LayerDrawable: 	at i7.c0.a(r8-map-id-757af8f5ae5c5858b77f256d366a7825add93b04460816c2c67fcdf1d8e02cc3:73)
06-05 14:59:47.404 26042 26042 W LayerDrawable: 	at a8.z0.run(r8-map-id-757af8f5ae5c5858b77f256d366a7825add93b04460816c2c67fcdf1d8e02cc3:411)
06-05 14:59:47.404 26042 26042 W LayerDrawable: 	at android.os.Handler.handleCallback(Handler.java:938)
06-05 14:59:47.404 26042 26042 W LayerDrawable: 	at android.os.Handler.dispatchMessage(Handler.java:99)
06-05 14:59:47.404 26042 26042 W LayerDrawable: 	at android.os.Looper.loopOnce(Looper.java:233)
06-05 14:59:47.404 26042 26042 W LayerDrawable: 	at android.os.Looper.loop(Looper.java:344)
06-05 14:59:47.404 26042 26042 W LayerDrawable: 	at android.app.ActivityThread.main(ActivityThread.java:8212)
06-05 14:59:47.404 26042 26042 W LayerDrawable: 	at java.lang.reflect.Method.invoke(Native Method)
06-05 14:59:47.404 26042 26042 W LayerDrawable: 	at com.android.internal.os.RuntimeInit$MethodAndArgsCaller.run(RuntimeInit.java:584)
06-05 14:59:47.404 26042 26042 W LayerDrawable: 	at com.android.internal.os.ZygoteInit.main(ZygoteInit.java:1034)
06-05 14:59:47.564 26042 26343 I VkSuggestions: strip prediction typedLen=0 candidates=1 autocorrect=false top=Hope locale=en
06-05 14:59:47.711 26042 26042 W GeckoEventDispatcher: No listener for GeckoView:DismissClipboardPermissionRequest
06-05 14:59:47.713 26042 26407 E GeckoConsole: [JavaScript Error: "TypeError: can't access property "WindowEventDispatcher", win is null" {file: "resource://gre/modules/GeckoViewSessionStore.sys.mjs" line: 149}]
06-05 14:59:47.713 26042 26407 E GeckoConsole: onTabStateUpdate@resource://gre/modules/GeckoViewSessionStore.sys.mjs:149:5
06-05 14:59:47.713 26042 26407 E GeckoConsole: updateSessionStoreFromTabListener@resource://gre/modules/GeckoViewSessionStore.sys.mjs:243:10
06-05 14:59:47.713 26042 26407 E GeckoConsole: SSF_updateSessionStore@resource://gre/modules/SessionStoreFunctions.sys.mjs:46:27
06-05 14:59:47.713 26042 26407 E GeckoConsole: UpdateSessionStore@resource://gre/modules/SessionStoreFunctions.sys.mjs:16:46
06-05 14:59:47.713 26042 26407 E GeckoConsole: [JavaScript Error: "TypeError: can't access property "WindowEventDispatcher", win is null" {file: "resource://gre/modules/GeckoViewSessionStore.sys.mjs" line: 149}]
06-05 14:59:47.713 26042 26407 E GeckoConsole: onTabStateUpdate@resource://gre/modules/GeckoViewSessionStore.sys.mjs:149:5
06-05 14:59:47.713 26042 26407 E GeckoConsole: updateSessionStoreFromTabListener@resource://gre/modules/GeckoViewSessionStore.sys.mjs:243:10
06-05 14:59:47.713 26042 26407 E GeckoConsole: SSF_updateSessionStore@resource://gre/modules/SessionStoreFunctions.sys.mjs:46:27
06-05 14:59:47.713 26042 26407 E GeckoConsole: UpdateSessionStore@resource://gre/modules/SessionStoreFunctions.sys.mjs:16:46
06-05 14:59:47.713 26042 26407 E GeckoConsole: [JavaScript Error: "TypeError: can't access property "WindowEventDispatcher", win is null" {file: "resource://gre/modules/GeckoViewSessionStore.sys.mjs" line: 149}]
06-05 14:59:47.713 26042 26407 E GeckoConsole: onTabStateUpdate@resource://gre/modules/GeckoViewSessionStore.sys.mjs:149:5
06-05 14:59:47.713 26042 26407 E GeckoConsole: updateSessionStoreFromTabListener@resource://gre/modules/GeckoViewSessionStore.sys.mjs:243:10
06-05 14:59:47.713 26042 26407 E GeckoConsole: SSF_updateSessionStore@resource://gre/modules/SessionStoreFunctions.sys.mjs:46:27
06-05 14:59:47.713 26042 26407 E GeckoConsole: UpdateSessionStore@resource://gre/modules/SessionStoreFunctions.sys.mjs:16:46
06-05 14:59:47.713 26042 26407 E GeckoConsole: [JavaScript Error: "TypeError: can't access property "WindowEventDispatcher", win is null" {file: "resource://gre/modules/GeckoViewSessionStore.sys.mjs" line: 149}]
06-05 14:59:47.713 26042 26407 E GeckoConsole: onTabStateUpdate@resource://gre/modules/GeckoViewSessionStore.sys.mjs:149:5
06-05 14:59:47.713 26042 26407 E GeckoConsole: updateSessionStoreFromTabListener@resource://gre/modules/GeckoViewSessionStore.sys.mjs:243:10
06-05 14:59:47.713 26042 26407 E GeckoConsole: SSF_updateSessionStore@resource://gre/modules/SessionStoreFunctions.sys.mjs:46:27
06-05 14:59:47.713 26042 26407 E GeckoConsole: UpdateSessionStore@resource://gre/modules/SessionStoreFunctions.sys.mjs:16:46
06-05 14:59:47.714 26042 26407 E GeckoConsole: [JavaScript Error: "TypeError: can't access property "WindowEventDispatcher", win is null" {file: "resource://gre/modules/GeckoViewSessionStore.sys.mjs" line: 149}]
06-05 14:59:47.714 26042 26407 E GeckoConsole: onTabStateUpdate@resource://gre/modules/GeckoViewSessionStore.sys.mjs:149:5
06-05 14:59:47.714 26042 26407 E GeckoConsole: updateSessionStoreFromTabListener@resource://gre/modules/GeckoViewSessionStore.sys.mjs:243:10
06-05 14:59:47.714 26042 26407 E GeckoConsole: SSF_updateSessionStore@resource://gre/modules/SessionStoreFunctions.sys.mjs:46:27
06-05 14:59:47.714 26042 26407 E GeckoConsole: UpdateSessionStore@resource://gre/modules/SessionStoreFunctions.sys.mjs:16:46
06-05 14:59:47.731 26042 26042 W LayerDrawable: Invalid drawable added to LayerDrawable! Drawable already belongs to another owner but does not expose a constant state.
06-05 14:59:47.731 26042 26042 W LayerDrawable: java.lang.RuntimeException
06-05 14:59:47.731 26042 26042 W LayerDrawable: 	at android.graphics.drawable.LayerDrawable$ChildDrawable.<init>(LayerDrawable.java:1857)
06-05 14:59:47.731 26042 26042 W LayerDrawable: 	at android.graphics.drawable.LayerDrawable$LayerState.<init>(LayerDrawable.java:1977)
06-05 14:59:47.731 26042 26042 W LayerDrawable: 	at android.graphics.drawable.LayerDrawable.createConstantState(LayerDrawable.java:174)
06-05 14:59:47.731 26042 26042 W LayerDrawable: 	at android.graphics.drawable.LayerDrawable.mutate(LayerDrawable.java:1782)
06-05 14:59:47.731 26042 26042 W LayerDrawable: 	at helium314.keyboard.latin.InputView.g(r8-map-id-757af8f5ae5c5858b77f256d366a7825add93b04460816c2c67fcdf1d8e02cc3:551)
06-05 14:59:47.731 26042 26042 W LayerDrawable: 	at p7.x.a(r8-map-id-757af8f5ae5c5858b77f256d366a7825add93b04460816c2c67fcdf1d8e02cc3:232)
06-05 14:59:47.731 26042 26042 W LayerDrawable: 	at a8.t0.run(r8-map-id-757af8f5ae5c5858b77f256d366a7825add93b04460816c2c67fcdf1d8e02cc3:279)
06-05 14:59:47.731 26042 26042 W LayerDrawable: 	at helium314.keyboard.latin.InputView.f(r8-map-id-757af8f5ae5c5858b77f256d366a7825add93b04460816c2c67fcdf1d8e02cc3:39)
06-05 14:59:47.731 26042 26042 W LayerDrawable: 	at i7.c0.a(r8-map-id-757af8f5ae5c5858b77f256d366a7825add93b04460816c2c67fcdf1d8e02cc3:73)
06-05 14:59:47.731 26042 26042 W LayerDrawable: 	at i7.c0.r(r8-map-id-757af8f5ae5c5858b77f256d366a7825add93b04460816c2c67fcdf1d8e02cc3:245)
06-05 14:59:47.731 26042 26042 W LayerDrawable: 	at i7.c0.U(r8-map-id-757af8f5ae5c5858b77f256d366a7825add93b04460816c2c67fcdf1d8e02cc3:53)
06-05 14:59:47.731 26042 26042 W LayerDrawable: 	at i7.c0.R(r8-map-id-757af8f5ae5c5858b77f256d366a7825add93b04460816c2c67fcdf1d8e02cc3:3)
06-05 14:59:47.731 26042 26042 W LayerDrawable: 	at m7.o0.f(r8-map-id-757af8f5ae5c5858b77f256d366a7825add93b04460816c2c67fcdf1d8e02cc3:103)
06-05 14:59:47.731 26042 26042 W LayerDrawable: 	at m7.o0.l(r8-map-id-757af8f5ae5c5858b77f256d366a7825add93b04460816c2c67fcdf1d8e02cc3:49)
06-05 14:59:47.731 26042 26042 W LayerDrawable: 	at m7.o0.a(r8-map-id-757af8f5ae5c5858b77f256d366a7825add93b04460816c2c67fcdf1d8e02cc3:159)
06-05 14:59:47.731 26042 26042 W LayerDrawable: 	at i7.c0.y(r8-map-id-757af8f5ae5c5858b77f256d366a7825add93b04460816c2c67fcdf1d8e02cc3:96)
06-05 14:59:47.731 26042 26042 W LayerDrawable: 	at helium314.keyboard.latin.LatinIME.l(r8-map-id-757af8f5ae5c5858b77f256d366a7825add93b04460816c2c67fcdf1d8e02cc3:53)
06-05 14:59:47.731 26042 26042 W LayerDrawable: 	at i7.m.a(r8-map-id-757af8f5ae5c5858b77f256d366a7825add93b04460816c2c67fcdf1d8e02cc3:262)
06-05 14:59:47.731 26042 26042 W LayerDrawable: 	at i7.k0.a(r8-map-id-757af8f5ae5c5858b77f256d366a7825add93b04460816c2c67fcdf1d8e02cc3:236)
06-05 14:59:47.731 26042 26042 W LayerDrawable: 	at i7.k0.q(r8-map-id-757af8f5ae5c5858b77f256d366a7825add93b04460816c2c67fcdf1d8e02cc3:228)
06-05 14:59:47.731 26042 26042 W LayerDrawable: 	at i7.k0.p(r8-map-id-757af8f5ae5c5858b77f256d366a7825add93b04460816c2c67fcdf1d8e02cc3:152)
06-05 14:59:47.731 26042 26042 W LayerDrawable: 	at i7.k0.s(r8-map-id-757af8f5ae5c5858b77f256d366a7825add93b04460816c2c67fcdf1d8e02cc3:946)
06-05 14:59:47.731 26042 26042 W LayerDrawable: 	at helium314.keyboard.keyboard.MainKeyboardView.onTouchEvent(r8-map-id-757af8f5ae5c5858b77f256d366a7825add93b04460816c2c67fcdf1d8e02cc3:244)
06-05 14:59:47.731 26042 26042 W LayerDrawable: 	at android.view.View.dispatchTouchEvent(View.java:14632)
06-05 14:59:47.731 26042 26042 W LayerDrawable: 	at android.view.ViewGroup.dispatchTransformedTouchEvent(ViewGroup.java:3169)
06-05 14:59:47.731 26042 26042 W LayerDrawable: 	at android.view.ViewGroup.dispatchTouchEvent(ViewGroup.java:2845)
06-05 14:59:47.731 26042 26042 W LayerDrawable: 	at android.view.ViewGroup.dispatchTransformedTouchEvent(ViewGroup.java:3169)
06-05 14:59:47.731 26042 26042 W LayerDrawable: 	at android.view.ViewGroup.dispatchTouchEvent(ViewGroup.java:2845)
06-05 14:59:47.731 26042 26042 W LayerDrawable: 	at android.view.ViewGroup.dispatchTransformedTouchEvent(ViewGroup.java:3169)
06-05 14:59:47.731 26042 26042 W LayerDrawable: 	at android.view.ViewGroup.dispatchTouchEvent(ViewGroup.java:2845)
06-05 14:59:47.731 26042 26042 W LayerDrawable: 	at android.view.ViewGroup.dispatchTransformedTouchEvent(ViewGroup.java:3169)
06-05 14:59:47.731 26042 26042 W LayerDrawable: 	at android.view.ViewGroup.dispatchTouchEvent(ViewGroup.java:2845)
06-05 14:59:47.731 26042 26042 W LayerDrawable: 	at android.view.ViewGroup.dispatchTransformedTouchEvent(ViewGroup.java:3169)
06-05 14:59:47.731 26042 26042 W LayerDrawable: 	at android.view.ViewGroup.dispatchTouchEvent(ViewGroup.java:2845)
06-05 14:59:47.731 26042 26042 W LayerDrawable: 	at android.view.ViewGroup.dispatchTransformedTouchEvent(ViewGroup.java:3169)
06-05 14:59:47.731 26042 26042 W LayerDrawable: 	at android.view.ViewGroup.dispatchTouchEvent(ViewGroup.java:2845)
06-05 14:59:47.731 26042 26042 W LayerDrawable: 	at android.view.ViewGroup.dispatchTransformedTouchEvent(ViewGroup.java:3169)
06-05 14:59:47.731 26042 26042 W LayerDrawable: 	at android.view.ViewGroup.dispatchTouchEvent(ViewGroup.java:2845)
06-05 14:59:47.731 26042 26042 W LayerDrawable: 	at android.view.ViewGroup.dispatchTransformedTouchEvent(ViewGroup.java:3169)
06-05 14:59:47.731 26042 26042 W LayerDrawable: 	at android.view.ViewGroup.dispatchTouchEvent(ViewGroup.java:2845)
06-05 14:59:47.731 26042 26042 W LayerDrawable: 	at com.android.internal.policy.DecorView.superDispatchTouchEvent(DecorView.java:573)
06-05 14:59:47.731 26042 26042 W LayerDrawable: 	at com.android.internal.policy.PhoneWindow.superDispatchTouchEvent(PhoneWindow.java:1911)
06-05 14:59:47.731 26042 26042 W LayerDrawable: 	at android.app.Dialog.dispatchTouchEvent(Dialog.java:913)
06-05 14:59:47.731 26042 26042 W LayerDrawable: 	at android.inputmethodservice.SoftInputWindow.dispatchTouchEvent(SoftInputWindow.java:168)
06-05 14:59:47.731 26042 26042 W LayerDrawable: 	at com.android.internal.policy.DecorView.dispatchTouchEvent(DecorView.java:521)
06-05 14:59:47.732 26042 26042 W LayerDrawable: 	at android.view.View.dispatchPointerEvent(View.java:14899)
06-05 14:59:47.732 26042 26042 W LayerDrawable: 	at android.view.ViewRootImpl$ViewPostImeInputStage.processPointerEvent(ViewRootImpl.java:6755)
06-05 14:59:47.732 26042 26042 W LayerDrawable: 	at android.view.ViewRootImpl$ViewPostImeInputStage.onProcess(ViewRootImpl.java:6526)
06-05 14:59:47.732 26042 26042 W LayerDrawable: 	at android.view.ViewRootImpl$InputStage.deliver(ViewRootImpl.java:5995)
06-05 14:59:47.732 26042 26042 W LayerDrawable: 	at android.view.ViewRootImpl$InputStage.onDeliverToNext(ViewRootImpl.java:6057)
06-05 14:59:47.732 26042 26042 W LayerDrawable: 	at android.view.ViewRootImpl$InputStage.forward(ViewRootImpl.java:6018)
06-05 14:59:47.732 26042 26042 W LayerDrawable: 	at android.view.ViewRootImpl$AsyncInputStage.forward(ViewRootImpl.java:6192)
06-05 14:59:47.732 26042 26042 W LayerDrawable: 	at android.view.ViewRootImpl$InputStage.apply(ViewRootImpl.java:6026)
06-05 14:59:47.732 26042 26042 W LayerDrawable: 	at android.view.ViewRootImpl$AsyncInputStage.apply(ViewRootImpl.java:6249)
06-05 14:59:47.732 26042 26042 W LayerDrawable: 	at android.view.ViewRootImpl$InputStage.deliver(ViewRootImpl.java:5999)
06-05 14:59:47.732 26042 26042 W LayerDrawable: 	at android.view.ViewRootImpl$InputStage.onDeliverToNext(ViewRootImpl.java:6057)
06-05 14:59:47.732 26042 26042 W LayerDrawable: 	at android.view.ViewRootImpl$InputStage.forward(ViewRootImpl.java:6018)
06-05 14:59:47.732 26042 26042 W LayerDrawable: 	at android.view.ViewRootImpl$InputStage.apply(ViewRootImpl.java:6026)
06-05 14:59:47.732 26042 26042 W LayerDrawable: 	at android.view.ViewRootImpl$InputStage.deliver(ViewRootImpl.java:5999)
06-05 14:59:47.732 26042 26042 W LayerDrawable: 	at android.view.ViewRootImpl.deliverInputEvent(ViewRootImpl.java:9034)
06-05 14:59:47.732 26042 26042 W LayerDrawable: 	at android.view.ViewRootImpl.doProcessInputEvents(ViewRootImpl.java:8985)
06-05 14:59:47.732 26042 26042 W LayerDrawable: 	at android.view.ViewRootImpl.enqueueInputEvent(ViewRootImpl.java:8941)
06-05 14:59:47.732 26042 26042 W LayerDrawable: 	at android.view.ViewRootImpl$WindowInputEventReceiver.onInputEvent(ViewRootImpl.java:9177)
06-05 14:59:47.732 26042 26042 W LayerDrawable: 	at android.view.InputEventReceiver.dispatchInputEvent(InputEventReceiver.java:266)
06-05 14:59:47.732 26042 26042 W LayerDrawable: 	at android.os.MessageQueue.nativePollOnce(Native Method)
06-05 14:59:47.732 26042 26042 W LayerDrawable: 	at android.os.MessageQueue.next(MessageQueue.java:339)
06-05 14:59:47.732 26042 26042 W LayerDrawable: 	at android.os.Looper.loopOnce(Looper.java:179)
06-05 14:59:47.732 26042 26042 W LayerDrawable: 	at android.os.Looper.loop(Looper.java:344)
06-05 14:59:47.732 26042 26042 W LayerDrawable: 	at android.app.ActivityThread.main(ActivityThread.java:8212)
06-05 14:59:47.732 26042 26042 W LayerDrawable: 	at java.lang.reflect.Method.invoke(Native Method)
06-05 14:59:47.732 26042 26042 W LayerDrawable: 	at com.android.internal.os.RuntimeInit$MethodAndArgsCaller.run(RuntimeInit.java:584)
06-05 14:59:47.732 26042 26042 W LayerDrawable: 	at com.android.internal.os.ZygoteInit.main(ZygoteInit.java:1034)
06-05 14:59:47.747 26042 26042 W LayerDrawable: Invalid drawable added to LayerDrawable! Drawable already belongs to another owner but does not expose a constant state.
06-05 14:59:47.747 26042 26042 W LayerDrawable: java.lang.RuntimeException
06-05 14:59:47.747 26042 26042 W LayerDrawable: 	at android.graphics.drawable.LayerDrawable$ChildDrawable.<init>(LayerDrawable.java:1857)
06-05 14:59:47.747 26042 26042 W LayerDrawable: 	at android.graphics.drawable.LayerDrawable$LayerState.<init>(LayerDrawable.java:1977)
06-05 14:59:47.747 26042 26042 W LayerDrawable: 	at android.graphics.drawable.LayerDrawable.createConstantState(LayerDrawable.java:174)
06-05 14:59:47.747 26042 26042 W LayerDrawable: 	at android.graphics.drawable.LayerDrawable.mutate(LayerDrawable.java:1782)
06-05 14:59:47.747 26042 26042 W LayerDrawable: 	at helium314.keyboard.latin.InputView.g(r8-map-id-757af8f5ae5c5858b77f256d366a7825add93b04460816c2c67fcdf1d8e02cc3:551)
06-05 14:59:47.747 26042 26042 W LayerDrawable: 	at p7.x.a(r8-map-id-757af8f5ae5c5858b77f256d366a7825add93b04460816c2c67fcdf1d8e02cc3:232)
06-05 14:59:47.747 26042 26042 W LayerDrawable: 	at a8.t0.run(r8-map-id-757af8f5ae5c5858b77f256d366a7825add93b04460816c2c67fcdf1d8e02cc3:279)
06-05 14:59:47.747 26042 26042 W LayerDrawable: 	at helium314.keyboard.latin.InputView.f(r8-map-id-757af8f5ae5c5858b77f256d366a7825add93b04460816c2c67fcdf1d8e02cc3:39)
06-05 14:59:47.747 26042 26042 W LayerDrawable: 	at i7.c0.a(r8-map-id-757af8f5ae5c5858b77f256d366a7825add93b04460816c2c67fcdf1d8e02cc3:73)
06-05 14:59:47.747 26042 26042 W LayerDrawable: 	at a8.z0.run(r8-map-id-757af8f5ae5c5858b77f256d366a7825add93b04460816c2c67fcdf1d8e02cc3:411)
06-05 14:59:47.747 26042 26042 W LayerDrawable: 	at android.os.Handler.handleCallback(Handler.java:938)
06-05 14:59:47.747 26042 26042 W LayerDrawable: 	at android.os.Handler.dispatchMessage(Handler.java:99)
06-05 14:59:47.747 26042 26042 W LayerDrawable: 	at android.os.Looper.loopOnce(Looper.java:233)
06-05 14:59:47.747 26042 26042 W LayerDrawable: 	at android.os.Looper.loop(Looper.java:344)
06-05 14:59:47.747 26042 26042 W LayerDrawable: 	at android.app.ActivityThread.main(ActivityThread.java:8212)
06-05 14:59:47.747 26042 26042 W LayerDrawable: 	at java.lang.reflect.Method.invoke(Native Method)
06-05 14:59:47.747 26042 26042 W LayerDrawable: 	at com.android.internal.os.RuntimeInit$MethodAndArgsCaller.run(RuntimeInit.java:584)
06-05 14:59:47.747 26042 26042 W LayerDrawable: 	at com.android.internal.os.ZygoteInit.main(ZygoteInit.java:1034)
06-05 14:59:47.835 26042 26343 W VibeKeyProfiler: Slow Native Suggest: Total=29.06ms | Init=1.27ms | TrieExpand(x21)=27.70ms | Scoring=0.09ms | inputSize=1
06-05 14:59:47.837 26042 26343 I VkSuggestions: decode typedLen=1 candidates=18 locales=1 30.8ms
06-05 14:59:47.838 26042 26343 W VkSuggestions: slow frame 30.8ms locales=1 typedLen=1 candidates=18
06-05 14:59:47.841 26042 26343 I VkSuggestions: strip composing typedLen=1 candidates=16 autocorrect=false top=I locale=en
06-05 14:59:47.957 26042 26042 I VkAutocorrect: kept (typing): I
06-05 14:59:48.059 26042 26343 I VkSuggestions: decode typedLen=0 candidates=3 locales=1 0.2ms
06-05 14:59:48.060 26042 26343 I VkSuggestions: strip prediction typedLen=0 candidates=3 autocorrect=false top=don't locale=en
06-05 14:59:48.215 26042 26343 I VkSuggestions: decode typedLen=1 candidates=18 locales=1 6.4ms
06-05 14:59:48.216 26042 26343 I VkSuggestions: strip composing typedLen=1 candidates=17 autocorrect=false top=a locale=en
06-05 14:59:48.391 26042 26343 I VkSuggestions: decode typedLen=2 candidates=18 locales=1 7.8ms
06-05 14:59:48.393 26042 26343 I VkSuggestions: strip composing typedLen=2 candidates=17 autocorrect=false top=am locale=en
06-05 14:59:48.966 26042 26042 I VkAutocorrect: picked: am
06-05 14:59:49.070 26042 26343 I VkSuggestions: decode typedLen=0 candidates=3 locales=1 0.5ms
06-05 14:59:49.073 26042 26343 I VkSuggestions: strip prediction typedLen=0 candidates=3 autocorrect=false top=I locale=en
06-05 14:59:49.638 26042 26343 W VibeKeyProfiler: Slow Native Suggest: Total=11.54ms | Init=0.47ms | TrieExpand(x16)=11.02ms | Scoring=0.05ms | inputSize=1
06-05 14:59:49.639 26042 26343 I VkSuggestions: decode typedLen=1 candidates=18 locales=1 12.6ms
06-05 14:59:49.641 26042 26343 I VkSuggestions: strip composing typedLen=1 candidates=19 autocorrect=false top=l locale=en
06-05 14:59:49.847 26042 26343 I VkSuggestions: decode typedLen=2 candidates=18 locales=1 4.4ms
06-05 14:59:49.848 26042 26343 I VkSuggestions: strip composing typedLen=2 candidates=18 autocorrect=false top=lo locale=en
06-05 14:59:50.013 26042 26343 I VkSuggestions: decode typedLen=3 candidates=18 locales=1 8.6ms
06-05 14:59:50.015 26042 26343 I VkSuggestions: strip composing typedLen=3 candidates=19 autocorrect=false top=loo locale=en
06-05 14:59:50.221 26042 26343 W VibeKeyProfiler: Slow Native Suggest: Total=9.02ms | Init=0.30ms | TrieExpand(x15)=8.68ms | Scoring=0.04ms | inputSize=4
06-05 14:59:50.222 26042 26343 I VkSuggestions: decode typedLen=4 candidates=18 locales=1 9.9ms
06-05 14:59:50.224 26042 26343 I VkSuggestions: strip composing typedLen=4 candidates=15 autocorrect=false top=look locale=en
06-05 14:59:50.887 26042 26042 I VkAutocorrect: picked: look
06-05 14:59:50.990 26042 26343 I VkSuggestions: decode typedLen=0 candidates=3 locales=1 0.3ms
06-05 14:59:50.992 26042 26343 I VkSuggestions: strip prediction typedLen=0 candidates=3 autocorrect=false top=for locale=en
06-05 14:59:51.286 26042 26343 I VkSuggestions: decode typedLen=3 candidates=18 locales=1 5.1ms
06-05 14:59:51.288 26042 26343 I VkSuggestions: strip composing typedLen=3 candidates=16 autocorrect=false top=loo locale=en
06-05 14:59:52.072 26042 26042 I VkAutocorrect: picked: looking
06-05 14:59:52.174 26042 26343 I VkSuggestions: decode typedLen=0 candidates=3 locales=1 0.3ms
06-05 14:59:52.175 26042 26343 I VkSuggestions: strip prediction typedLen=0 candidates=3 autocorrect=false top=for locale=en
06-05 14:59:52.840 26042 26343 W VibeKeyProfiler: Slow Native Suggest: Total=10.78ms | Init=0.34ms | TrieExpand(x15)=10.37ms | Scoring=0.06ms | inputSize=2
06-05 14:59:52.841 26042 26343 I VkSuggestions: decode typedLen=2 candidates=18 locales=1 12.1ms
06-05 14:59:52.844 26042 26343 I VkAutocorrect: offered: fo → fo
06-05 14:59:52.844 26042 26343 I VkSuggestions: strip composing typedLen=2 candidates=19 autocorrect=true top=fo locale=en
06-05 14:59:53.850 26042 26343 W VibeKeyProfiler: Slow Native Suggest: Total=11.82ms | Init=0.65ms | TrieExpand(x16)=11.12ms | Scoring=0.05ms | inputSize=1
06-05 14:59:53.851 26042 26343 I VkSuggestions: decode typedLen=1 candidates=18 locales=1 12.6ms
06-05 14:59:53.853 26042 26343 I VkSuggestions: strip composing typedLen=1 candidates=19 autocorrect=false top=f locale=en
06-05 14:59:55.177 26042 26343 I VkSuggestions: decode typedLen=2 candidates=18 locales=1 4.7ms
06-05 14:59:55.179 26042 26343 I VkAutocorrect: offered: fo → fo
06-05 14:59:55.179 26042 26343 I VkSuggestions: strip composing typedLen=2 candidates=19 autocorrect=true top=fo locale=en
06-05 14:59:55.342 26042 26343 W VibeKeyProfiler: Slow Native Suggest: Total=9.68ms | Init=0.23ms | TrieExpand(x15)=9.40ms | Scoring=0.05ms | inputSize=3
06-05 14:59:55.343 26042 26343 I VkSuggestions: decode typedLen=3 candidates=18 locales=1 10.8ms
06-05 14:59:55.345 26042 26343 I VkSuggestions: strip composing typedLen=3 candidates=18 autocorrect=false top=for locale=en
06-05 14:59:55.681 26042 26343 W VibeKeyProfiler: Slow Native Suggest: Total=9.26ms | Init=0.12ms | TrieExpand(x15)=9.11ms | Scoring=0.03ms | inputSize=4
06-05 14:59:55.682 26042 26343 I VkSuggestions: decode typedLen=4 candidates=18 locales=1 9.9ms
06-05 14:59:55.683 26042 26343 I VkSuggestions: strip composing typedLen=4 candidates=16 autocorrect=false top=fore locale=en
06-05 14:59:55.875 26042 26343 W VibeKeyProfiler: Slow Native Suggest: Total=11.93ms | Init=0.27ms | TrieExpand(x14)=11.62ms | Scoring=0.04ms | inputSize=5
06-05 14:59:55.876 26042 26343 I VkSuggestions: decode typedLen=5 candidates=18 locales=1 12.8ms
06-05 14:59:55.879 26042 26343 I VkSuggestions: strip composing typedLen=5 candidates=18 autocorrect=false top=forea locale=en
06-05 14:59:56.128 26042 26343 I VkSuggestions: decode typedLen=6 candidates=18 locales=1 4.8ms
06-05 14:59:56.129 26042 26343 I VkAutocorrect: offered: forear → forear
06-05 14:59:56.129 26042 26343 I VkSuggestions: strip composing typedLen=6 candidates=18 autocorrect=true top=forear locale=en
06-05 14:59:56.351 26042 26343 W VibeKeyProfiler: Slow Native Suggest: Total=10.05ms | Init=0.12ms | TrieExpand(x11)=9.89ms | Scoring=0.04ms | inputSize=7
06-05 14:59:56.351 26042 26343 I VkSuggestions: decode typedLen=7 candidates=17 locales=1 10.7ms
06-05 14:59:56.353 26042 26343 I VkAutocorrect: offered: foreard → foreard
06-05 14:59:56.354 26042 26343 I VkSuggestions: strip composing typedLen=7 candidates=15 autocorrect=true top=foreard locale=en
06-05 14:59:57.006 26042 26042 I VkAutocorrect: picked: forward
06-05 14:59:57.108 26042 26343 I VkSuggestions: decode typedLen=0 candidates=3 locales=1 0.3ms
06-05 14:59:57.109 26042 26343 I VkSuggestions: strip prediction typedLen=0 candidates=3 autocorrect=false top=and locale=en
06-05 14:59:57.945 26042 26343 W VibeKeyProfiler: Slow Native Suggest: Total=9.45ms | Init=0.53ms | TrieExpand(x15)=8.88ms | Scoring=0.05ms | inputSize=2
06-05 14:59:57.946 26042 26343 I VkSuggestions: decode typedLen=2 candidates=18 locales=1 10.5ms
06-05 14:59:57.948 26042 26343 I VkSuggestions: strip composing typedLen=2 candidates=17 autocorrect=false top=to locale=en
06-05 14:59:58.075 26042 26042 I VkAutocorrect: kept (typing): to
06-05 14:59:58.267 26042 26343 I VkSuggestions: decode typedLen=1 candidates=18 locales=1 5.7ms
06-05 14:59:58.268 26042 26343 I VkSuggestions: decode typedLen=0 candidates=4 locales=1 0.2ms
06-05 14:59:58.269 26042 26343 I VkSuggestions: strip composing typedLen=1 candidates=19 autocorrect=false top=s locale=en
06-05 14:59:58.456 26042 26343 I VkSuggestions: decode typedLen=2 candidates=18 locales=1 4.5ms
06-05 14:59:58.457 26042 26343 I VkSuggestions: strip composing typedLen=2 candidates=18 autocorrect=false top=se locale=en
06-05 14:59:58.648 26042 26343 W VibeKeyProfiler: Slow Native Suggest: Total=10.24ms | Init=0.13ms | TrieExpand(x17)=10.05ms | Scoring=0.05ms | inputSize=3
06-05 14:59:58.649 26042 26343 I VkSuggestions: decode typedLen=3 candidates=18 locales=1 11.3ms
06-05 14:59:58.651 26042 26343 I VkSuggestions: strip composing typedLen=3 candidates=16 autocorrect=false top=see locale=en
06-05 14:59:59.619 26042 26042 I VkAutocorrect: picked: see
06-05 14:59:59.722 26042 26343 I VkSuggestions: decode typedLen=0 candidates=4 locales=1 0.2ms
06-05 14:59:59.724 26042 26343 I VkSuggestions: strip prediction typedLen=0 candidates=6 autocorrect=false top=you today locale=en
06-05 14:59:59.986 26042 26343 I VkSuggestions: decode typedLen=2 candidates=18 locales=1 5.6ms
06-05 14:59:59.987 26042 26343 I VkSuggestions: strip composing typedLen=2 candidates=18 autocorrect=false top=se locale=en
06-05 15:00:01.437 26042 26343 I VkSuggestions: decode typedLen=3 candidates=18 locales=1 4.9ms
06-05 15:00:01.439 26042 26343 I VkSuggestions: strip composing typedLen=3 candidates=13 autocorrect=false top=see locale=en
06-05 15:00:01.656 26042 26343 I VkSuggestions: decode typedLen=4 candidates=18 locales=1 5.8ms
06-05 15:00:01.657 26042 26343 I VkSuggestions: strip composing typedLen=4 candidates=15 autocorrect=false top=seei locale=en
06-05 15:00:01.826 26042 26343 I VkSuggestions: decode typedLen=5 candidates=18 locales=1 5.8ms
06-05 15:00:01.828 26042 26343 I VkSuggestions: strip composing typedLen=5 candidates=18 autocorrect=false top=seein locale=en
06-05 15:00:01.942 26042 26343 I VkSuggestions: decode typedLen=6 candidates=18 locales=1 6.4ms
06-05 15:00:01.943 26042 26343 I VkSuggestions: strip composing typedLen=6 candidates=15 autocorrect=false top=seeinf locale=en
06-05 15:00:02.685 26042 26042 I VkAutocorrect: picked: seeing
06-05 15:00:02.788 26042 26343 I VkSuggestions: decode typedLen=0 candidates=3 locales=1 0.2ms
06-05 15:00:02.789 26042 26343 I VkSuggestions: strip prediction typedLen=0 candidates=3 autocorrect=false top=a locale=en
06-05 15:00:03.476 26042 26343 I VkSuggestions: decode typedLen=1 candidates=18 locales=1 5.1ms
06-05 15:00:03.477 26042 26343 I VkSuggestions: strip composing typedLen=1 candidates=19 autocorrect=false top=y locale=en
06-05 15:00:03.657 26042 26343 I VkSuggestions: decode typedLen=2 candidates=18 locales=1 3.9ms
06-05 15:00:03.659 26042 26343 I VkSuggestions: strip composing typedLen=2 candidates=15 autocorrect=false top=yo locale=en
06-05 15:00:03.842 26042 26343 W VibeKeyProfiler: Slow Native Suggest: Total=8.90ms | Init=0.13ms | TrieExpand(x14)=8.72ms | Scoring=0.05ms | inputSize=3
06-05 15:00:03.844 26042 26343 I VkSuggestions: decode typedLen=3 candidates=18 locales=1 10.2ms
06-05 15:00:03.847 26042 26343 I VkSuggestions: strip composing typedLen=3 candidates=15 autocorrect=false top=you locale=en
06-05 15:00:04.439 26042 26042 I VkAutocorrect: picked: you
06-05 15:00:04.541 26042 26343 I VkSuggestions: decode typedLen=0 candidates=5 locales=1 0.3ms
06-05 15:00:04.543 26042 26343 I VkSuggestions: strip prediction typedLen=0 candidates=7 autocorrect=false top=today hope all locale=en
06-05 15:00:04.763 26042 26343 I VkSuggestions: decode typedLen=1 candidates=18 locales=1 6.2ms
06-05 15:00:04.765 26042 26343 I VkSuggestions: strip composing typedLen=1 candidates=19 autocorrect=false top=s locale=en
06-05 15:00:04.922 26042 26343 I VkSuggestions: decode typedLen=2 candidates=18 locales=1 5.0ms
06-05 15:00:04.924 26042 26343 I VkSuggestions: strip composing typedLen=2 candidates=16 autocorrect=false top=so locale=en
06-05 15:00:05.093 26042 26343 W VibeKeyProfiler: Slow Native Suggest: Total=12.02ms | Init=0.31ms | TrieExpand(x17)=11.67ms | Scoring=0.04ms | inputSize=3
06-05 15:00:05.094 26042 26343 I VkSuggestions: decode typedLen=3 candidates=18 locales=1 13.2ms
06-05 15:00:05.097 26042 26343 I VkAutocorrect: offered: soo → soo
06-05 15:00:05.097 26042 26343 I VkSuggestions: strip composing typedLen=3 candidates=14 autocorrect=true top=soo locale=en
06-05 15:00:05.832 26042 26042 I VkAutocorrect: picked: soon
06-05 15:00:05.934 26042 26343 I VkSuggestions: decode typedLen=0 candidates=4 locales=1 0.2ms
06-05 15:00:05.936 26042 26343 I VkSuggestions: strip prediction typedLen=0 candidates=5 autocorrect=false top=take care locale=en
06-05 15:00:06.852 26042 26343 I VkSuggestions: decode typedLen=1 candidates=18 locales=1 8.5ms
06-05 15:00:06.853 26042 26343 I VkSuggestions: strip composing typedLen=1 candidates=15 autocorrect=false top=i locale=en
06-05 15:00:07.037 26042 26343 I VkSuggestions: decode typedLen=2 candidates=18 locales=1 7.5ms
06-05 15:00:07.039 26042 26343 I VkSuggestions: strip composing typedLen=2 candidates=18 autocorrect=false top=in locale=en
06-05 15:00:07.594 26042 26042 I VkAutocorrect: picked: in
06-05 15:00:07.696 26042 26343 I VkSuggestions: decode typedLen=0 candidates=3 locales=1 0.3ms
06-05 15:00:07.698 26042 26343 I VkSuggestions: strip prediction typedLen=0 candidates=3 autocorrect=false top=a locale=en
06-05 15:00:08.594 26042 26343 W VibeKeyProfiler: Slow Native Suggest: Total=11.46ms | Init=0.45ms | TrieExpand(x14)=10.96ms | Scoring=0.05ms | inputSize=1
06-05 15:00:08.595 26042 26343 I VkSuggestions: decode typedLen=1 candidates=18 locales=1 12.1ms
06-05 15:00:08.596 26042 26343 I VkSuggestions: strip composing typedLen=1 candidates=19 autocorrect=false top=m locale=en
06-05 15:00:08.890 26042 26343 I VkSuggestions: decode typedLen=3 candidates=18 locales=1 4.4ms
06-05 15:00:08.891 26042 26343 I VkSuggestions: strip composing typedLen=3 candidates=17 autocorrect=false top=mia locale=en
06-05 15:00:09.014 26042 26343 I VkSuggestions: decode typedLen=4 candidates=18 locales=1 6.9ms
06-05 15:00:09.016 26042 26343 I VkSuggestions: strip composing typedLen=4 candidates=19 autocorrect=false top=miam locale=en
06-05 15:00:09.212 26042 26343 I VkSuggestions: decode typedLen=5 candidates=18 locales=1 4.0ms
06-05 15:00:09.213 26042 26343 I VkSuggestions: strip composing typedLen=5 candidates=18 autocorrect=false top=miami locale=en
06-05 15:00:09.924 26042 26042 I VkAutocorrect: picked: miami
06-05 15:00:10.042 26042 26343 I VkSuggestions: strip prediction typedLen=0 candidates=3 autocorrect=false top=is locale=en
06-05 15:00:11.079 26042 26343 I VkSuggestions: decode typedLen=1 candidates=18 locales=1 7.5ms
06-05 15:00:11.080 26042 26343 I VkSuggestions: strip composing typedLen=1 candidates=19 autocorrect=false top=b locale=en
06-05 15:00:11.209 26042 26343 I VkSuggestions: decode typedLen=2 candidates=18 locales=1 4.2ms
06-05 15:00:11.210 26042 26343 I VkAutocorrect: offered: br → br
06-05 15:00:11.210 26042 26343 I VkSuggestions: strip composing typedLen=2 candidates=18 autocorrect=true top=br locale=en
06-05 15:00:11.392 26042 26343 I VkSuggestions: decode typedLen=3 candidates=18 locales=1 4.4ms
06-05 15:00:11.393 26042 26343 I VkSuggestions: strip composing typedLen=3 candidates=17 autocorrect=false top=bra locale=en
06-05 15:00:11.650 26042 26343 W VibeKeyProfiler: Slow Native Suggest: Total=8.38ms | Init=0.19ms | TrieExpand(x14)=8.16ms | Scoring=0.03ms | inputSize=5
06-05 15:00:11.651 26042 26343 I VkSuggestions: decode typedLen=5 candidates=18 locales=1 9.1ms
06-05 15:00:11.653 26042 26343 I VkAutocorrect: offered: braxh → braxh
06-05 15:00:11.653 26042 26343 I VkSuggestions: strip composing typedLen=5 candidates=17 autocorrect=true top=braxh locale=en
06-05 15:00:12.289 26042 26042 I VkAutocorrect: picked: beach
06-05 15:00:12.393 26042 26343 I VkSuggestions: decode typedLen=0 candidates=3 locales=1 0.4ms
06-05 15:00:12.395 26042 26343 I VkSuggestions: strip prediction typedLen=0 candidates=3 autocorrect=false top=is locale=en
06-05 15:00:13.405 26042 26343 W VibeKeyProfiler: Slow Native Suggest: Total=12.09ms | Init=0.51ms | TrieExpand(x19)=11.52ms | Scoring=0.05ms | inputSize=1
06-05 15:00:13.405 26042 26343 I VkSuggestions: decode typedLen=1 candidates=18 locales=1 12.9ms
06-05 15:00:13.407 26042 26343 I VkSuggestions: strip composing typedLen=1 candidates=19 autocorrect=false top=t locale=en
06-05 15:00:13.704 26042 26343 I VkSuggestions: decode typedLen=3 candidates=18 locales=1 3.8ms
06-05 15:00:13.705 26042 26343 I VkAutocorrect: offered: tak → tak
06-05 15:00:13.705 26042 26343 I VkSuggestions: strip composing typedLen=3 candidates=17 autocorrect=true top=tak locale=en
06-05 15:00:13.869 26042 26343 I VkSuggestions: decode typedLen=4 candidates=18 locales=1 9.0ms
06-05 15:00:13.872 26042 26343 I VkSuggestions: strip composing typedLen=4 candidates=17 autocorrect=false top=take locale=en
06-05 15:00:14.576 26042 26042 I VkAutocorrect: picked: take
06-05 15:00:14.678 26042 26343 I VkSuggestions: decode typedLen=0 candidates=4 locales=1 0.2ms
06-05 15:00:14.679 26042 26343 I VkSuggestions: strip prediction typedLen=0 candidates=3 autocorrect=false top=care locale=en
06-05 15:00:15.456 26042 26343 W VibeKeyProfiler: Slow Native Suggest: Total=8.85ms | Init=0.47ms | TrieExpand(x17)=8.34ms | Scoring=0.03ms | inputSize=1
06-05 15:00:15.456 26042 26343 I VkSuggestions: decode typedLen=1 candidates=18 locales=1 9.4ms
06-05 15:00:15.458 26042 26343 I VkSuggestions: strip composing typedLen=1 candidates=18 autocorrect=false top=c locale=en
06-05 15:00:15.643 26042 26343 I VkSuggestions: decode typedLen=2 candidates=18 locales=1 5.5ms
06-05 15:00:15.645 26042 26343 I VkAutocorrect: offered: ca → ca
06-05 15:00:15.645 26042 26343 I VkSuggestions: strip composing typedLen=2 candidates=18 autocorrect=true top=ca locale=en
06-05 15:00:15.920 26042 26343 I VkSuggestions: decode typedLen=3 candidates=18 locales=1 6.3ms
06-05 15:00:15.921 26042 26343 I VkSuggestions: strip composing typedLen=3 candidates=19 autocorrect=false top=car locale=en
06-05 15:00:16.093 26042 26343 W VibeKeyProfiler: Slow Native Suggest: Total=11.36ms | Init=0.25ms | TrieExpand(x15)=11.06ms | Scoring=0.04ms | inputSize=4
06-05 15:00:16.094 26042 26343 I VkSuggestions: decode typedLen=4 candidates=18 locales=1 12.1ms
06-05 15:00:16.096 26042 26343 I VkSuggestions: strip composing typedLen=4 candidates=17 autocorrect=false top=care locale=en
06-05 15:00:16.714 26042 26042 I VkAutocorrect: picked: care
06-05 15:00:16.816 26042 26343 I VkSuggestions: decode typedLen=0 candidates=3 locales=1 0.2ms
06-05 15:00:16.816 26042 26343 I VkSuggestions: strip prediction typedLen=0 candidates=3 autocorrect=false top=and locale=en
06-05 15:00:17.540 26042 26343 I VkSuggestions: decode typedLen=1 candidates=18 locales=1 6.0ms
06-05 15:00:17.541 26042 26343 I VkSuggestions: strip composing typedLen=1 candidates=19 autocorrect=false top=b locale=en
06-05 15:00:17.773 26042 26343 I VkSuggestions: decode typedLen=2 candidates=18 locales=1 4.0ms
06-05 15:00:17.774 26042 26343 I VkAutocorrect: offered: bu → bu
06-05 15:00:17.774 26042 26343 I VkSuggestions: strip composing typedLen=2 candidates=19 autocorrect=true top=bu locale=en
06-05 15:00:17.907 26042 26343 I VkSuggestions: decode typedLen=3 candidates=18 locales=1 4.0ms
06-05 15:00:17.908 26042 26343 I VkSuggestions: strip composing typedLen=3 candidates=16 autocorrect=false top=bud locale=en
06-05 15:00:18.075 26042 26343 I VkSuggestions: decode typedLen=4 candidates=18 locales=1 4.6ms
06-05 15:00:18.076 26042 26343 I VkSuggestions: strip composing typedLen=4 candidates=16 autocorrect=false top=budd locale=en
06-05 15:00:18.256 26042 26343 W VibeKeyProfiler: Slow Native Suggest: Total=12.24ms | Init=0.13ms | TrieExpand(x13)=12.09ms | Scoring=0.02ms | inputSize=5
06-05 15:00:18.257 26042 26343 I VkSuggestions: decode typedLen=5 candidates=18 locales=1 13.6ms
06-05 15:00:18.259 26042 26343 I VkSuggestions: strip composing typedLen=5 candidates=12 autocorrect=false top=buddy locale=en
06-05 15:00:18.935 26042 26042 I VkAutocorrect: picked: buddy
06-05 15:00:19.036 26042 26343 I VkSuggestions: decode typedLen=0 candidates=3 locales=1 0.2ms
06-05 15:00:19.037 26042 26343 I VkSuggestions: strip prediction typedLen=0 candidates=3 autocorrect=false top=or locale=en
06-05 15:00:21.037 26042 26042 W GeckoEventDispatcher: No listener for GeckoView:DismissClipboardPermissionRequest
06-05 15:00:21.042 26042 26407 E GeckoConsole: [JavaScript Error: "TypeError: can't access property "WindowEventDispatcher", win is null" {file: "resource://gre/modules/GeckoViewSessionStore.sys.mjs" line: 149}]
06-05 15:00:21.042 26042 26407 E GeckoConsole: onTabStateUpdate@resource://gre/modules/GeckoViewSessionStore.sys.mjs:149:5
06-05 15:00:21.042 26042 26407 E GeckoConsole: updateSessionStoreFromTabListener@resource://gre/modules/GeckoViewSessionStore.sys.mjs:243:10
06-05 15:00:21.042 26042 26407 E GeckoConsole: SSF_updateSessionStore@resource://gre/modules/SessionStoreFunctions.sys.mjs:46:27
06-05 15:00:21.042 26042 26407 E GeckoConsole: UpdateSessionStore@resource://gre/modules/SessionStoreFunctions.sys.mjs:16:46
06-05 15:00:21.042 26042 26407 E GeckoConsole: [JavaScript Error: "TypeError: can't access property "WindowEventDispatcher", win is null" {file: "resource://gre/modules/GeckoViewSessionStore.sys.mjs" line: 149}]
06-05 15:00:21.042 26042 26407 E GeckoConsole: onTabStateUpdate@resource://gre/modules/GeckoViewSessionStore.sys.mjs:149:5
06-05 15:00:21.042 26042 26407 E GeckoConsole: updateSessionStoreFromTabListener@resource://gre/modules/GeckoViewSessionStore.sys.mjs:243:10
06-05 15:00:21.042 26042 26407 E GeckoConsole: SSF_updateSessionStore@resource://gre/modules/SessionStoreFunctions.sys.mjs:46:27
06-05 15:00:21.042 26042 26407 E GeckoConsole: UpdateSessionStore@resource://gre/modules/SessionStoreFunctions.sys.mjs:16:46
06-05 15:00:21.043 26042 26407 E GeckoConsole: [JavaScript Error: "TypeError: can't access property "WindowEventDispatcher", win is null" {file: "resource://gre/modules/GeckoViewSessionStore.sys.mjs" line: 149}]
06-05 15:00:21.043 26042 26407 E GeckoConsole: onTabStateUpdate@resource://gre/modules/GeckoViewSessionStore.sys.mjs:149:5
06-05 15:00:21.043 26042 26407 E GeckoConsole: updateSessionStoreFromTabListener@resource://gre/modules/GeckoViewSessionStore.sys.mjs:243:10
06-05 15:00:21.043 26042 26407 E GeckoConsole: SSF_updateSessionStore@resource://gre/modules/SessionStoreFunctions.sys.mjs:46:27
06-05 15:00:21.043 26042 26407 E GeckoConsole: UpdateSessionStore@resource://gre/modules/SessionStoreFunctions.sys.mjs:16:46
06-05 15:00:21.047 26042 26407 E GeckoConsole: [JavaScript Error: "TypeError: can't access property "WindowEventDispatcher", win is null" {file: "resource://gre/modules/GeckoViewSessionStore.sys.mjs" line: 149}]
06-05 15:00:21.047 26042 26407 E GeckoConsole: onTabStateUpdate@resource://gre/modules/GeckoViewSessionStore.sys.mjs:149:5
06-05 15:00:21.047 26042 26407 E GeckoConsole: updateSessionStoreFromTabListener@resource://gre/modules/GeckoViewSessionStore.sys.mjs:243:10
06-05 15:00:21.047 26042 26407 E GeckoConsole: SSF_updateSessionStore@resource://gre/modules/SessionStoreFunctions.sys.mjs:46:27
06-05 15:00:21.047 26042 26407 E GeckoConsole: UpdateSessionStore@resource://gre/modules/SessionStoreFunctions.sys.mjs:16:46
06-05 15:00:21.047 26042 26407 E GeckoConsole: [JavaScript Error: "TypeError: can't access property "WindowEventDispatcher", win is null" {file: "resource://gre/modules/GeckoViewSessionStore.sys.mjs" line: 149}]
06-05 15:00:21.047 26042 26407 E GeckoConsole: onTabStateUpdate@resource://gre/modules/GeckoViewSessionStore.sys.mjs:149:5
06-05 15:00:21.047 26042 26407 E GeckoConsole: updateSessionStoreFromTabListener@resource://gre/modules/GeckoViewSessionStore.sys.mjs:243:10
06-05 15:00:21.047 26042 26407 E GeckoConsole: SSF_updateSessionStore@resource://gre/modules/SessionStoreFunctions.sys.mjs:46:27
06-05 15:00:21.047 26042 26407 E GeckoConsole: UpdateSessionStore@resource://gre/modules/SessionStoreFunctions.sys.mjs:16:46
06-05 15:00:21.057 26042 26042 W LayerDrawable: Invalid drawable added to LayerDrawable! Drawable already belongs to another owner but does not expose a constant state.
06-05 15:00:21.057 26042 26042 W LayerDrawable: java.lang.RuntimeException
06-05 15:00:21.057 26042 26042 W LayerDrawable: 	at android.graphics.drawable.LayerDrawable$ChildDrawable.<init>(LayerDrawable.java:1857)
06-05 15:00:21.057 26042 26042 W LayerDrawable: 	at android.graphics.drawable.LayerDrawable$LayerState.<init>(LayerDrawable.java:1977)
06-05 15:00:21.057 26042 26042 W LayerDrawable: 	at android.graphics.drawable.LayerDrawable.createConstantState(LayerDrawable.java:174)
06-05 15:00:21.057 26042 26042 W LayerDrawable: 	at android.graphics.drawable.LayerDrawable.mutate(LayerDrawable.java:1782)
06-05 15:00:21.057 26042 26042 W LayerDrawable: 	at helium314.keyboard.latin.InputView.g(r8-map-id-757af8f5ae5c5858b77f256d366a7825add93b04460816c2c67fcdf1d8e02cc3:551)
06-05 15:00:21.057 26042 26042 W LayerDrawable: 	at p7.x.a(r8-map-id-757af8f5ae5c5858b77f256d366a7825add93b04460816c2c67fcdf1d8e02cc3:232)
06-05 15:00:21.057 26042 26042 W LayerDrawable: 	at a8.t0.run(r8-map-id-757af8f5ae5c5858b77f256d366a7825add93b04460816c2c67fcdf1d8e02cc3:279)
