=== VibeKey 4.1.272 (4372) ===

--------- beginning of system
06-11 10:53:38.652 22722 22722 E OplusCustomizeRestrictionManager: sInstance is null, start a new sInstance
06-11 10:56:09.791 22722 24466 E ActivityThread: Failed to find provider info for com.oplus.statistics.provider
06-11 10:56:09.791 22722 24466 E OplusStatistics--: IllegalArgumentException:java.lang.IllegalArgumentException: Unknown URL content://com.oplus.statistics.provider/track_event
--------- beginning of crash
06-11 10:56:23.186 22722 22961 F libc    : Pointer tag for 0xffffffffffffffff was truncated, see 'https://source.android.com/devices/tech/debug/tagged-pointers'.
06-11 10:56:27.130 24669 24669 E OplusCustomizeRestrictionManager: sInstance is null, start a new sInstance
06-11 10:56:51.711 24669 24713 F libc    : Pointer tag for 0xffffffffffffffff was truncated, see 'https://source.android.com/devices/tech/debug/tagged-pointers'.
06-11 10:56:54.246 25068 25068 E OplusCustomizeRestrictionManager: sInstance is null, start a new sInstance
--------- beginning of main
06-11 10:57:06.718 25471 25489 W Isolated Web Content: [JavaScript Warning: "All candidate resources failed to load. Media load paused." {file: "https://www.cnn.com/" line: 0}]
06-11 10:57:06.718 25471 25489 W Isolated Web Content: [JavaScript Warning: "All candidate resources failed to load. Media load paused." {file: "https://www.cnn.com/" line: 0}]
06-11 10:57:06.720 25471 25489 W Isolated Web Content: [JavaScript Warning: "Loading failed for the <script> with source “https://imasdk.googleapis.com/js/sdkloader/ima3.js”." {file: "https://www.cnn.com/" line: 1}]
06-11 10:57:06.742 25068 25082 E BLASTBufferQueue: [SurfaceView[InputMethod]#2](f:0,a:4294967295) rejecting buffer:active_size=1440x1801, requested_size=1440x1801 buffer{size=1440x1809 transform=0}
06-11 10:57:06.758 25068 25082 E BLASTBufferQueue: BLASTBufferItemConsumer::onDisconnect()
06-11 10:57:06.931 25471 25780 E .keyboard:tab1: ofbOpen failed with error=No such file or directory
06-11 10:57:06.931 25471 25780 E .keyboard:tab1: sysOpen failed with error=No such file or directory
06-11 10:57:06.943 25471 25489 E Isolated Web Content: c@https://www.cnn.com/:13398:1219
06-11 10:57:06.943 25471 25489 E Isolated Web Content: T@https://www.cnn.com/:13398:1442
06-11 10:57:06.972 25786 25786 E .keyboard:medi: Unknown bits set in runtime_flags: 0x40000000
06-11 10:57:07.062 25786 25814 E .keyboard:medi: ofbOpen failed with error=No such file or directory
06-11 10:57:07.062 25786 25814 E .keyboard:medi: sysOpen failed with error=No such file or directory
06-11 10:57:07.068 25786 25814 W AudioCapabilities: Unsupported mime audio/ffmpeg
06-11 10:57:07.069 25786 25814 W VideoCapabilities: Unsupported mime video/ffmpeg
06-11 10:57:07.070 25786 25814 W VideoCapabilities: Unrecognized profile/level 0/3 for video/mpeg2
06-11 10:57:07.070 25786 25814 W VideoCapabilities: Unrecognized profile/level 0/3 for video/mpeg2
06-11 10:57:07.085 25786 25814 W libc    : Access denied finding property "vendor.oplus.media.vpp.stutter"
06-11 10:57:07.086 25786 25814 E MULTIMEDIAConfig: [getInt32:L80] Not find config, Returning default
06-11 10:57:07.086 25786 25814 E MULTIMEDIAConfig: [getInt32:L80] Not find config, Returning default
06-11 10:57:07.086 25786 25814 E OplusACodec: [OplusACodec:204] mSrOsieMMListCheckResult:0x0 mOsieVersion:1
06-11 10:57:07.115 25786 25823 E OplusACodec: [GetVideoCodingTypeFromMime:L1162] mime:video/avc
06-11 10:57:07.153 25068 25068 W com.vibekey.keyboard: type=1400 audit(0.0:364715): avc: denied { nlmsg_readpriv } for comm=536F636B657420546872656164 scontext=u:r:untrusted_app:s0:c203,c271,c512,c768 tcontext=u:r:untrusted_app:s0:c203,c271,c512,c768 tclass=netlink_route_socket permissive=0 bug=b/155595000 app=com.vibekey.keyboard
06-11 10:57:07.898 25786 25834 W libc    : Access denied finding property "vendor.oplus.media.vpp.stutter"
06-11 10:57:07.899 25786 25834 E MULTIMEDIAConfig: [getInt32:L80] Not find config, Returning default
06-11 10:57:07.899 25786 25834 E MULTIMEDIAConfig: [getInt32:L80] Not find config, Returning default
06-11 10:57:07.899 25786 25834 E OplusACodec: [OplusACodec:204] mSrOsieMMListCheckResult:0x0 mOsieVersion:1
06-11 10:57:07.893 25068 25068 W com.vibekey.keyboard: type=1400 audit(0.0:364716): avc: denied { nlmsg_readpriv } for comm=536F636B657420546872656164 scontext=u:r:untrusted_app:s0:c203,c271,c512,c768 tcontext=u:r:untrusted_app:s0:c203,c271,c512,c768 tclass=netlink_route_socket permissive=0 bug=b/155595000 app=com.vibekey.keyboard
06-11 10:57:07.938 25786 25842 E OplusACodec: [GetVideoCodingTypeFromMime:L1162] mime:video/avc
06-11 10:57:08.267 25471 25489 E Isolated Web Content: c@https://www.cnn.com/:13398:1219
06-11 10:57:08.267 25471 25489 E Isolated Web Content: T@https://www.cnn.com/:13398:1442
06-11 10:57:08.314 25068 25078 W ibekey.keyboar: Cleared Reference was only reachable from finalizer (only reported once)
06-11 10:57:09.355 25786 25834 W libc    : Access denied finding property "vendor.oplus.media.vpp.stutter"
06-11 10:57:09.355 25786 25834 E MULTIMEDIAConfig: [getInt32:L80] Not find config, Returning default
06-11 10:57:09.355 25786 25834 E MULTIMEDIAConfig: [getInt32:L80] Not find config, Returning default
06-11 10:57:09.355 25786 25834 E OplusACodec: [OplusACodec:204] mSrOsieMMListCheckResult:0x0 mOsieVersion:1
06-11 10:57:09.390 25786 25926 E OplusACodec: [GetVideoCodingTypeFromMime:L1162] mime:video/avc
06-11 10:57:09.497 25694 25717 W GeckoEditableChild: No editable parent
06-11 10:57:09.568 25068 25424 E BLASTBufferQueue: BLASTBufferItemConsumer::onDisconnect()
06-11 10:57:09.570 25068 25068 E GeckoView: Failed to detach WindowInsetsListener: 
06-11 10:57:09.570 25068 25068 E GeckoView: java.lang.NullPointerException: Attempt to invoke virtual method 'android.view.Window android.app.Activity.getWindow()' on a null object reference
06-11 10:57:09.570 25068 25068 E GeckoView: 	at org.mozilla.geckoview.GeckoView.detachWindowInsetsListener(r8-map-id-74d90df38a178c5815016068cf15f95d127d7e5effa4d05bc5295db34be29fc1:1)
06-11 10:57:09.570 25068 25068 E GeckoView: 	at org.mozilla.geckoview.GeckoView.onDetachedFromWindow(r8-map-id-74d90df38a178c5815016068cf15f95d127d7e5effa4d05bc5295db34be29fc1:25)
06-11 10:57:09.570 25068 25068 E GeckoView: 	at helium314.keyboard.latin.panels.ImeGeckoView.onDetachedFromWindow(r8-map-id-74d90df38a178c5815016068cf15f95d127d7e5effa4d05bc5295db34be29fc1:1)
06-11 10:57:09.570 25068 25068 E GeckoView: 	at android.view.View.dispatchDetachedFromWindow(View.java:20955)
06-11 10:57:09.570 25068 25068 E GeckoView: 	at android.view.ViewGroup.dispatchDetachedFromWindow(ViewGroup.java:4014)
06-11 10:57:09.570 25068 25068 E GeckoView: 	at android.view.ViewGroup.removeViewInternal(ViewGroup.java:5660)
06-11 10:57:09.570 25068 25068 E GeckoView: 	at android.view.ViewGroup.removeViewInternal(ViewGroup.java:5631)
06-11 10:57:09.570 25068 25068 E GeckoView: 	at android.view.ViewGroup.removeView(ViewGroup.java:5562)
06-11 10:57:09.570 25068 25068 E GeckoView: 	at a8.t0.run(r8-map-id-74d90df38a178c5815016068cf15f95d127d7e5effa4d05bc5295db34be29fc1:1232)
06-11 10:57:09.570 25068 25068 E GeckoView: 	at helium314.keyboard.latin.panels.BrowserPanelView.R(r8-map-id-74d90df38a178c5815016068cf15f95d127d7e5effa4d05bc5295db34be29fc1:151)
06-11 10:57:09.570 25068 25068 E GeckoView: 	at helium314.keyboard.latin.panels.BrowserPanelView.I0(r8-map-id-74d90df38a178c5815016068cf15f95d127d7e5effa4d05bc5295db34be29fc1:73)
06-11 10:57:09.570 25068 25068 E GeckoView: 	at i7.b0.r(r8-map-id-74d90df38a178c5815016068cf15f95d127d7e5effa4d05bc5295db34be29fc1:149)
06-11 10:57:09.570 25068 25068 E GeckoView: 	at i7.b0.T(r8-map-id-74d90df38a178c5815016068cf15f95d127d7e5effa4d05bc5295db34be29fc1:17)
06-11 10:57:09.570 25068 25068 E GeckoView: 	at a8.i5.a(r8-map-id-74d90df38a178c5815016068cf15f95d127d7e5effa4d05bc5295db34be29fc1:3)
06-11 10:57:09.570 25068 25068 E GeckoView: 	at a8.g3.onClick(r8-map-id-74d90df38a178c5815016068cf15f95d127d7e5effa4d05bc5295db34be29fc1:207)
06-11 10:57:09.570 25068 25068 E GeckoView: 	at android.view.View.performClick(View.java:7488)
06-11 10:57:09.570 25068 25068 E GeckoView: 	at android.view.View.performClickInternal(View.java:7464)
06-11 10:57:09.570 25068 25068 E GeckoView: 	at android.view.View.access$3700(View.java:841)
06-11 10:57:09.570 25068 25068 E GeckoView: 	at android.view.View$PerformClick.run(View.java:28911)
06-11 10:57:09.570 25068 25068 E GeckoView: 	at android.os.Handler.handleCallback(Handler.java:938)
06-11 10:57:09.570 25068 25068 E GeckoView: 	at android.os.Handler.dispatchMessage(Handler.java:99)
06-11 10:57:09.570 25068 25068 E GeckoView: 	at android.os.Looper.loopOnce(Looper.java:233)
06-11 10:57:09.570 25068 25068 E GeckoView: 	at android.os.Looper.loop(Looper.java:344)
06-11 10:57:09.570 25068 25068 E GeckoView: 	at android.app.ActivityThread.main(ActivityThread.java:8212)
06-11 10:57:09.570 25068 25068 E GeckoView: 	at java.lang.reflect.Method.invoke(Native Method)
06-11 10:57:09.570 25068 25068 E GeckoView: 	at com.android.internal.os.RuntimeInit$MethodAndArgsCaller.run(RuntimeInit.java:584)
06-11 10:57:09.570 25068 25068 E GeckoView: 	at com.android.internal.os.ZygoteInit.main(ZygoteInit.java:1034)
06-11 10:57:09.586 25068 25947 E FilePhenotypeFlags: Config package com.google.android.gms.clearcut_client#com.vibekey.keyboard cannot use FILE backing without declarative registration. See go/phenotype-android-integration#phenotype for more information. This will lead to stale flags.
06-11 10:57:09.607 25068 25216 E GeckoConsole: [JavaScript Error: "TypeError: can't access property "WindowEventDispatcher", win is null" {file: "resource://gre/modules/GeckoViewSessionStore.sys.mjs" line: 149}]
06-11 10:57:09.607 25068 25216 E GeckoConsole: onTabStateUpdate@resource://gre/modules/GeckoViewSessionStore.sys.mjs:149:5
06-11 10:57:09.607 25068 25216 E GeckoConsole: updateSessionStoreFromTabListener@resource://gre/modules/GeckoViewSessionStore.sys.mjs:243:10
06-11 10:57:09.730 25068 25947 E FilePhenotypeFlags: Config package com.google.android.gms.clearcut_client#com.vibekey.keyboard cannot use FILE backing without declarative registration. See go/phenotype-android-integration#phenotype for more information. This will lead to stale flags.
06-11 10:57:09.732 25068 25947 E FilePhenotypeFlags: Config package com.google.android.gms.clearcut_client#com.vibekey.keyboard cannot use FILE backing without declarative registration. See go/phenotype-android-integration#phenotype for more information. This will lead to stale flags.
06-11 10:57:09.980 25786 25834 W libc    : Access denied finding property "vendor.oplus.media.vpp.stutter"
06-11 10:57:10.030 25786 26036 W Codec2Client: query -- param skipped: index = 1107298332.
06-11 10:57:10.041 25786 26036 W Codec2Client: query -- param skipped: index = 1342179345.
06-11 10:57:10.041 25786 26036 W Codec2Client: query -- param skipped: index = 2415921170.
06-11 10:57:10.041 25786 26036 W Codec2Client: query -- param skipped: index = 1610614798.
06-11 10:57:10.041 25471 25489 E Isolated Web Content: c@https://www.cnn.com/2026/06/11/world/live-news/iran-war-trump-israel-hnk:13245:1219
06-11 10:57:10.041 25471 25489 E Isolated Web Content: T@https://www.cnn.com/2026/06/11/world/live-news/iran-war-trump-israel-hnk:13245:1442
06-11 10:57:10.051 25786 26036 E ion     : ioctl c0044901 failed with code -1: Inappropriate ioctl for device
06-11 10:57:10.062 25786 25834 W libc    : Access denied finding property "vendor.oplus.media.vpp.stutter"
06-11 10:57:10.064 25786 25834 E ListServiceUtils: checkInListByUid module:HQV-effect uid:14043 cost 1925us return 0
06-11 10:57:10.064 25786 25834 E MULTIMEDIAConfig: [getInt32:L80] Not find config, Returning default
06-11 10:57:10.064 25786 25834 E MULTIMEDIAConfig: [getInt32:L80] Not find config, Returning default
06-11 10:57:10.064 25786 25834 E OplusACodec: [OplusACodec:204] mSrOsieMMListCheckResult:0x0 mOsieVersion:1
06-11 10:57:10.101 25786 26048 E OplusACodec: [GetVideoCodingTypeFromMime:L1162] mime:video/avc
06-11 10:57:10.273 25786 26036 W Codec2Client: query -- param skipped: index = 1342179345.
06-11 10:57:10.273 25786 26036 W Codec2Client: query -- param skipped: index = 2415921170.
06-11 10:57:10.273 25786 26036 W Codec2Client: query -- param skipped: index = 1610614798.
06-11 10:57:10.319 25068 25068 I VkPanels: ▶ open browser
06-11 10:57:10.336 25068 25068 I VkBrowser: ▶ panel open incognito=false tabs=1 queryLen=0
06-11 10:57:10.339 25068 25068 E GeckoView: Failed to attach WindowInsetsListener: 
06-11 10:57:10.339 25068 25068 E GeckoView: 	at org.mozilla.geckoview.GeckoView.attachWindowInsetsListener(r8-map-id-74d90df38a178c5815016068cf15f95d127d7e5effa4d05bc5295db34be29fc1:1)
06-11 10:57:10.339 25068 25068 E GeckoView: 	at org.mozilla.geckoview.GeckoView.onAttachedToWindow(r8-map-id-74d90df38a178c5815016068cf15f95d127d7e5effa4d05bc5295db34be29fc1:49)
06-11 10:57:10.339 25068 25068 E GeckoView: 	at helium314.keyboard.latin.panels.ImeGeckoView.onAttachedToWindow(r8-map-id-74d90df38a178c5815016068cf15f95d127d7e5effa4d05bc5295db34be29fc1:4)
06-11 10:57:10.339 25068 25068 E GeckoView: 	at android.view.View.dispatchAttachedToWindow(View.java:20900)
06-11 10:57:10.339 25068 25068 E GeckoView: 	at android.view.ViewGroup.dispatchAttachedToWindow(ViewGroup.java:3539)
06-11 10:57:10.339 25068 25068 E GeckoView: 	at android.view.ViewGroup.addViewInner(ViewGroup.java:5378)
06-11 10:57:10.339 25068 25068 E GeckoView: 	at android.view.ViewGroup.addView(ViewGroup.java:5156)
06-11 10:57:10.339 25068 25068 E GeckoView: 	at a8.v2.b(r8-map-id-74d90df38a178c5815016068cf15f95d127d7e5effa4d05bc5295db34be29fc1:30)
06-11 10:57:10.339 25068 25068 E GeckoView: 	at helium314.keyboard.latin.panels.BrowserPanelView.Z(r8-map-id-74d90df38a178c5815016068cf15f95d127d7e5effa4d05bc5295db34be29fc1:136)
06-11 10:57:10.339 25068 25068 E GeckoView: 	at helium314.keyboard.latin.panels.BrowserPanelView.H0(r8-map-id-74d90df38a178c5815016068cf15f95d127d7e5effa4d05bc5295db34be29fc1:175)
06-11 10:57:10.339 25068 25068 E GeckoView: 	at c5.s.run(r8-map-id-74d90df38a178c5815016068cf15f95d127d7e5effa4d05bc5295db34be29fc1:622)
06-11 10:57:10.339 25068 25068 E GeckoView: 	at i7.y.onGlobalLayout(r8-map-id-74d90df38a178c5815016068cf15f95d127d7e5effa4d05bc5295db34be29fc1:8)
06-11 10:57:10.339 25068 25068 E GeckoView: 	at android.view.ViewTreeObserver.dispatchOnGlobalLayout(ViewTreeObserver.java:1061)
06-11 10:57:10.339 25068 25068 E GeckoView: 	at android.view.ViewRootImpl.performTraversals(ViewRootImpl.java:3407)
06-11 10:57:10.339 25068 25068 E GeckoView: 	at android.view.ViewRootImpl.doTraversal(ViewRootImpl.java:2305)
06-11 10:57:10.339 25068 25068 E GeckoView: 	at android.view.ViewRootImpl$TraversalRunnable.run(ViewRootImpl.java:9133)
06-11 10:57:10.339 25068 25068 E GeckoView: 	at android.view.Choreographer$CallbackRecord.run(Choreographer.java:1232)
06-11 10:57:10.339 25068 25068 E GeckoView: 	at android.view.Choreographer.doCallbacks(Choreographer.java:1029)
06-11 10:57:10.339 25068 25068 E GeckoView: 	at android.view.Choreographer.doFrame(Choreographer.java:934)
06-11 10:57:10.339 25068 25068 E GeckoView: 	at android.view.Choreographer$FrameDisplayEventReceiver.run(Choreographer.java:1217)
06-11 10:57:10.339 25068 25068 E GeckoView: 	at android.os.Handler.handleCallback(Handler.java:938)
06-11 10:57:10.339 25068 25068 E GeckoView: 	at android.os.Handler.dispatchMessage(Handler.java:99)
06-11 10:57:10.339 25068 25068 E GeckoView: 	at android.os.Looper.loopOnce(Looper.java:233)
06-11 10:57:10.339 25068 25068 E GeckoView: 	at android.os.Looper.loop(Looper.java:344)
06-11 10:57:10.339 25068 25068 E GeckoView: 	at android.app.ActivityThread.main(ActivityThread.java:8212)
06-11 10:57:10.339 25068 25068 E GeckoView: 	at java.lang.reflect.Method.invoke(Native Method)
06-11 10:57:10.339 25068 25068 E GeckoView: 	at com.android.internal.os.RuntimeInit$MethodAndArgsCaller.run(RuntimeInit.java:584)
06-11 10:57:10.339 25068 25068 E GeckoView: 	at com.android.internal.os.ZygoteInit.main(ZygoteInit.java:1034)
06-11 10:57:10.360 25471 25489 E Isolated Web Content: c@https://www.cnn.com/2026/06/11/world/live-news/iran-war-trump-israel-hnk:13245:1219
06-11 10:57:10.360 25471 25489 E Isolated Web Content: T@https://www.cnn.com/2026/06/11/world/live-news/iran-war-trump-israel-hnk:13245:1442
06-11 10:57:10.366 25068 25068 I VkBrowser: → load host=www.cnn.com
06-11 10:57:10.369 25068 25068 I VkBrowser: ✓ page host=www.cnn.com title=Live updates: Iran war; Trump warns the …
06-11 10:57:10.394 25068 25672 E BLASTBufferQueue: BLASTBufferItemConsumer::onDisconnect()
06-11 10:57:10.440 25068 25210 E BLASTBufferQueue: BLASTBufferItemConsumer::onDisconnect()
06-11 10:57:10.528 25471 25489 E Isolated Web Content: c@https://www.cnn.com/2026/06/11/world/live-news/iran-war-trump-israel-hnk:13245:1219
06-11 10:57:10.528 25471 25489 E Isolated Web Content: T@https://www.cnn.com/2026/06/11/world/live-news/iran-war-trump-israel-hnk:13245:1442
06-11 10:57:10.539 26115 26115 E .keyboard:tab2: Unknown bits set in runtime_flags: 0x40000000
06-11 10:57:10.640 26115 26135 E GeckoLibLoad: Load sqlite start
06-11 10:57:10.641 26115 26135 E GeckoLibLoad: Load sqlite done
06-11 10:57:10.641 26115 26135 E GeckoLibLoad: Load nss start
06-11 10:57:10.641 26115 26135 E GeckoLibLoad: Load nss done
06-11 10:57:10.660 26115 26135 E GeckoLibLoad: Loaded libs in 17.533020ms total, 2ms(0ms) user, 7ms(10ms) system, 0(0) faults
06-11 10:57:10.660 26115 26135 W GeckoThread: zerdatime 866673521 - runGecko
06-11 10:57:11.232 25786 25856 W libc    : Access denied finding property "vendor.oplus.media.vpp.stutter"
06-11 10:57:11.246 25786 26178 W Codec2Client: query -- param skipped: index = 1107298332.
06-11 10:57:11.250 25786 26178 W Codec2Client: query -- param skipped: index = 1342179345.
06-11 10:57:11.250 25786 26178 W Codec2Client: query -- param skipped: index = 2415921170.
06-11 10:57:11.250 25786 26178 W Codec2Client: query -- param skipped: index = 1610614798.
06-11 10:57:11.258 25786 25856 W libc    : Access denied finding property "vendor.oplus.media.vpp.stutter"
06-11 10:57:11.258 25786 25856 E MULTIMEDIAConfig: [getInt32:L80] Not find config, Returning default
06-11 10:57:11.258 25786 25856 E MULTIMEDIAConfig: [getInt32:L80] Not find config, Returning default
06-11 10:57:11.258 25786 25856 E OplusACodec: [OplusACodec:204] mSrOsieMMListCheckResult:0x0 mOsieVersion:1
06-11 10:57:11.304 25786 26184 E OplusACodec: [GetVideoCodingTypeFromMime:L1162] mime:video/avc
06-11 10:57:11.643 25786 25856 W libc    : Access denied finding property "vendor.oplus.media.vpp.stutter"
06-11 10:57:11.643 25786 25856 E MULTIMEDIAConfig: [getInt32:L80] Not find config, Returning default
06-11 10:57:11.643 25786 25856 E MULTIMEDIAConfig: [getInt32:L80] Not find config, Returning default
06-11 10:57:11.643 25786 25856 E OplusACodec: [OplusACodec:204] mSrOsieMMListCheckResult:0x0 mOsieVersion:1
06-11 10:57:11.655 25786 26178 W Codec2Client: query -- param skipped: index = 1342179345.
06-11 10:57:11.655 25786 26178 W Codec2Client: query -- param skipped: index = 2415921170.
06-11 10:57:11.655 25786 26178 W Codec2Client: query -- param skipped: index = 1610614798.
06-11 10:57:11.685 25786 26230 E OplusACodec: [GetVideoCodingTypeFromMime:L1162] mime:video/avc
06-11 10:57:11.940 26115 26135 W GeckoEditableChild: No editable parent
06-11 10:57:12.641 26309 26309 E y.keyboard:tab: Unknown bits set in runtime_flags: 0x40000000
06-11 10:57:12.709 26309 26335 E GeckoLibLoad: Load sqlite start
06-11 10:57:12.711 26309 26335 E GeckoLibLoad: Load sqlite done
06-11 10:57:12.711 26309 26335 E GeckoLibLoad: Load nss start
06-11 10:57:12.711 26309 26335 E GeckoLibLoad: Load nss done
06-11 10:57:12.732 26309 26335 E GeckoLibLoad: Loaded libs in 20.387239ms total, 0ms(0ms) user, 11ms(11ms) system, 4(4) faults
06-11 10:57:12.732 26309 26335 W GeckoThread: zerdatime 866675593 - runGecko
06-11 10:57:12.811 25068 26247 E BLASTBufferQueue: BLASTBufferItemConsumer::onDisconnect()
06-11 10:57:12.822 25068 26247 E BLASTBufferQueue: [SurfaceView[InputMethod]#3](f:0,a:0) rejecting buffer:active_size=1440x1801, requested_size=1440x1801 buffer{size=1440x1809 transform=0}
06-11 10:57:12.833 25068 25082 E BLASTBufferQueue: BLASTBufferItemConsumer::onDisconnect()
06-11 10:57:13.127 25786 26066 W libc    : Access denied finding property "vendor.oplus.media.vpp.stutter"
06-11 10:57:13.148 25786 26379 W Codec2Client: query -- param skipped: index = 1107298332.
06-11 10:57:13.149 25786 26379 W Codec2Client: query -- param skipped: index = 1342179345.
06-11 10:57:13.149 25786 26379 W Codec2Client: query -- param skipped: index = 2415921170.
06-11 10:57:13.149 25786 26379 W Codec2Client: query -- param skipped: index = 1610614798.
06-11 10:57:13.158 25786 25814 W libc    : Access denied finding property "vendor.oplus.media.vpp.stutter"
06-11 10:57:13.159 25786 25814 E ListServiceUtils: checkInListByUid module:HQV-effect uid:14043 cost 1002us return 0
06-11 10:57:13.159 25786 25814 E MULTIMEDIAConfig: [getInt32:L80] Not find config, Returning default
06-11 10:57:13.159 25786 25814 E MULTIMEDIAConfig: [getInt32:L80] Not find config, Returning default
06-11 10:57:13.159 25786 25814 E OplusACodec: [OplusACodec:204] mSrOsieMMListCheckResult:0x0 mOsieVersion:1
06-11 10:57:13.180 25786 26383 E OplusACodec: [GetVideoCodingTypeFromMime:L1162] mime:video/avc
06-11 10:57:13.900 25786 26379 W Codec2Client: query -- param skipped: index = 1342179345.
06-11 10:57:13.900 25786 26379 W Codec2Client: query -- param skipped: index = 2415921170.
06-11 10:57:13.900 25786 26379 W Codec2Client: query -- param skipped: index = 1610614798.
06-11 10:57:14.007 26309 26335 W GeckoEditableChild: No editable parent
06-11 10:57:14.037 25786 25814 W libc    : Access denied finding property "vendor.oplus.media.vpp.stutter"
06-11 10:57:14.037 25786 25814 E MULTIMEDIAConfig: [getInt32:L80] Not find config, Returning default
06-11 10:57:14.037 25786 25814 E MULTIMEDIAConfig: [getInt32:L80] Not find config, Returning default
06-11 10:57:14.037 25786 25814 E OplusACodec: [OplusACodec:204] mSrOsieMMListCheckResult:0x0 mOsieVersion:1
06-11 10:57:14.082 25786 26442 E ListServiceUtils: checkInListByUid pid:25786 procName: cost 3659us return -1
06-11 10:57:14.085 25786 26442 E OplusACodec: [GetVideoCodingTypeFromMime:L1162] mime:video/avc
06-11 10:57:14.173 25471 25489 E Isolated Web Content: onSSEOpen@https://www.cnn.com/2026/06/11/world/live-news/iran-war-trump-israel-hnk:12644:1606
06-11 10:57:14.173 25471 25489 E Isolated Web Content: 486/registerSSEListeners/<@https://www.cnn.com/2026/06/11/world/live-news/iran-war-trump-israel-hnk:12644:1445
06-11 10:57:14.278 26309 26335 W GeckoEditableChild: No editable parent
06-11 10:57:14.535 25068 25082 E BLASTBufferQueue: BLASTBufferItemConsumer::onDisconnect()
06-11 10:57:14.539 25068 25068 E GeckoView: 	at org.mozilla.geckoview.GeckoView.detachWindowInsetsListener(r8-map-id-74d90df38a178c5815016068cf15f95d127d7e5effa4d05bc5295db34be29fc1:1)
06-11 10:57:14.539 25068 25068 E GeckoView: 	at org.mozilla.geckoview.GeckoView.onDetachedFromWindow(r8-map-id-74d90df38a178c5815016068cf15f95d127d7e5effa4d05bc5295db34be29fc1:25)
06-11 10:57:14.539 25068 25068 E GeckoView: 	at helium314.keyboard.latin.panels.ImeGeckoView.onDetachedFromWindow(r8-map-id-74d90df38a178c5815016068cf15f95d127d7e5effa4d05bc5295db34be29fc1:1)
06-11 10:57:14.539 25068 25068 E GeckoView: 	at android.view.View.dispatchDetachedFromWindow(View.java:20955)
06-11 10:57:14.539 25068 25068 E GeckoView: 	at android.view.ViewGroup.dispatchDetachedFromWindow(ViewGroup.java:4014)
06-11 10:57:14.539 25068 25068 E GeckoView: 	at android.view.ViewGroup.removeViewInternal(ViewGroup.java:5660)
06-11 10:57:14.539 25068 25068 E GeckoView: 	at android.view.ViewGroup.removeViewInternal(ViewGroup.java:5631)
06-11 10:57:14.539 25068 25068 E GeckoView: 	at android.view.ViewGroup.removeView(ViewGroup.java:5562)
06-11 10:57:14.539 25068 25068 E GeckoView: 	at a8.t0.run(r8-map-id-74d90df38a178c5815016068cf15f95d127d7e5effa4d05bc5295db34be29fc1:1232)
06-11 10:57:14.539 25068 25068 E GeckoView: 	at helium314.keyboard.latin.panels.BrowserPanelView.R(r8-map-id-74d90df38a178c5815016068cf15f95d127d7e5effa4d05bc5295db34be29fc1:151)
06-11 10:57:14.539 25068 25068 E GeckoView: 	at helium314.keyboard.latin.panels.BrowserPanelView.I0(r8-map-id-74d90df38a178c5815016068cf15f95d127d7e5effa4d05bc5295db34be29fc1:73)
06-11 10:57:14.539 25068 25068 E GeckoView: 	at i7.b0.r(r8-map-id-74d90df38a178c5815016068cf15f95d127d7e5effa4d05bc5295db34be29fc1:149)
06-11 10:57:14.539 25068 25068 E GeckoView: 	at i7.b0.T(r8-map-id-74d90df38a178c5815016068cf15f95d127d7e5effa4d05bc5295db34be29fc1:17)
06-11 10:57:14.539 25068 25068 E GeckoView: 	at a8.i5.a(r8-map-id-74d90df38a178c5815016068cf15f95d127d7e5effa4d05bc5295db34be29fc1:3)
06-11 10:57:14.539 25068 25068 E GeckoView: 	at a8.g3.onClick(r8-map-id-74d90df38a178c5815016068cf15f95d127d7e5effa4d05bc5295db34be29fc1:207)
06-11 10:57:14.539 25068 25068 E GeckoView: 	at android.view.View.performClick(View.java:7488)
06-11 10:57:14.539 25068 25068 E GeckoView: 	at android.view.View.performClickInternal(View.java:7464)
06-11 10:57:14.539 25068 25068 E GeckoView: 	at android.view.View.access$3700(View.java:841)
06-11 10:57:14.539 25068 25068 E GeckoView: 	at android.view.View$PerformClick.run(View.java:28911)
06-11 10:57:14.539 25068 25068 E GeckoView: 	at android.os.Handler.handleCallback(Handler.java:938)
06-11 10:57:14.539 25068 25068 E GeckoView: 	at android.os.Handler.dispatchMessage(Handler.java:99)
06-11 10:57:14.539 25068 25068 E GeckoView: 	at android.os.Looper.loopOnce(Looper.java:233)
06-11 10:57:14.539 25068 25068 E GeckoView: 	at android.os.Looper.loop(Looper.java:344)
06-11 10:57:14.539 25068 25068 E GeckoView: 	at android.app.ActivityThread.main(ActivityThread.java:8212)
06-11 10:57:14.539 25068 25068 E GeckoView: 	at java.lang.reflect.Method.invoke(Native Method)
06-11 10:57:14.539 25068 25068 E GeckoView: 	at com.android.internal.os.RuntimeInit$MethodAndArgsCaller.run(RuntimeInit.java:584)
06-11 10:57:14.539 25068 25068 E GeckoView: 	at com.android.internal.os.ZygoteInit.main(ZygoteInit.java:1034)
06-11 10:57:14.698 26521 26521 E .keyboard:tab3: Unknown bits set in runtime_flags: 0x40000000
06-11 10:57:14.764 26521 26539 E GeckoLibLoad: Load sqlite start
06-11 10:57:14.767 26521 26539 E GeckoLibLoad: Load sqlite done
06-11 10:57:14.767 26521 26539 E GeckoLibLoad: Load nss start
06-11 10:57:14.767 26521 26539 E GeckoLibLoad: Load nss done
06-11 10:57:14.787 26521 26539 E GeckoLibLoad: Loaded libs in 19.164948ms total, 4ms(5ms) user, 11ms(12ms) system, 0(0) faults
06-11 10:57:14.787 26521 26539 W GeckoThread: zerdatime 866677648 - runGecko
06-11 10:57:14.908 26521 26539 W GeckoEditableChild: No editable parent
06-11 10:57:14.914 26521 26539 W GeckoEditableChild: No editable parent
06-11 10:57:14.975 26563 26563 E .keyboard:tab3: Unknown bits set in runtime_flags: 0x40000000
06-11 10:57:15.039 26563 26585 E GeckoLibLoad: Load sqlite start
06-11 10:57:15.040 26563 26585 E GeckoLibLoad: Load sqlite done
06-11 10:57:15.041 26563 26585 E GeckoLibLoad: Load nss start
06-11 10:57:15.041 26563 26585 E GeckoLibLoad: Load nss done
06-11 10:57:15.062 26563 26585 E GeckoLibLoad: Loaded libs in 21.491302ms total, 7ms(8ms) user, 10ms(8ms) system, 0(0) faults
06-11 10:57:15.063 26563 26585 W GeckoThread: zerdatime 866677924 - runGecko
06-11 10:57:15.071 25068 25068 I VkPanels: ▶ open ai_theme
06-11 10:57:15.147 25068 26609 W ServiceBindIntentUtils: Dynamic lookup for intent failed for action: com.google.android.gms.ads.service.START
06-11 10:57:17.703 25068 25068 I VkThemes: ▶ tap generate ref=false descLen=5
06-11 10:57:17.854 25068 25068 I VkTyping: ○ hidden
06-11 10:57:17.993 25068 25149 W libc    : Access denied finding property "vendor.oplus.media.vpp.stutter"
06-11 10:57:17.994 25068 25149 E MULTIMEDIAConfig: [getInt32:L80] Not find config, Returning default
06-11 10:57:17.994 25068 25149 E MULTIMEDIAConfig: [getInt32:L80] Not find config, Returning default
06-11 10:57:17.994 25068 25149 E OplusACodec: [OplusACodec:204] mSrOsieMMListCheckResult:0x0 mOsieVersion:1
06-11 10:57:18.019 25068 25137 E BLASTBufferQueue: BLASTBufferItemConsumer::onDisconnect()
06-11 10:57:18.044 25068 26680 E OplusACodec: [GetVideoCodingTypeFromMime:L1162] mime:video/x-vnd.on2.vp9
06-11 10:57:19.102 25068 26680 W libc    : Access denied finding property "vendor.oplus.media.vpp.stutter"
06-11 10:57:20.103 25068 26680 W libc    : Access denied finding property "vendor.oplus.media.vpp.stutter"
06-11 10:57:21.104 25068 26680 W libc    : Access denied finding property "vendor.oplus.media.vpp.stutter"
06-11 10:57:22.105 25068 26680 W libc    : Access denied finding property "vendor.oplus.media.vpp.stutter"
06-11 10:57:22.913 25068 25137 E BLASTBufferQueue: BLASTBufferItemConsumer::onDisconnect()
06-11 10:57:23.105 25068 26680 W libc    : Access denied finding property "vendor.oplus.media.vpp.stutter"
06-11 10:57:24.106 25068 26680 W libc    : Access denied finding property "vendor.oplus.media.vpp.stutter"
06-11 10:57:25.106 25068 26680 W libc    : Access denied finding property "vendor.oplus.media.vpp.stutter"
06-11 10:57:26.106 25068 26680 W libc    : Access denied finding property "vendor.oplus.media.vpp.stutter"
06-11 10:57:27.107 25068 26680 W libc    : Access denied finding property "vendor.oplus.media.vpp.stutter"
06-11 10:57:27.522 25068 25068 I VkThemes: ▶ generate ref=false descLen=5
06-11 10:57:27.579 25068 25150 W cr_MediaCodecBridge: Releasing: OMX.qcom.video.decoder.vp9
06-11 10:57:27.581 25068 26678 W chromium: [WARNING:services/audio/sync_reader.cc:154] ASR: No room in socket buffer.: Broken pipe (32)
06-11 10:57:27.584 25068 26679 E ExtensionsLoader: freeAllBuffers: 4 buffers were freed while being dequeued!
06-11 10:57:27.586 25068 25150 W cr_MediaCodecBridge: Codec released
06-11 10:57:27.665 25068 26736 W ServiceBindIntentUtils: Dynamic lookup for intent failed for action: com.google.android.gms.ads.service.START
06-11 10:57:27.749 25068 25068 I VkTyping: ▶ open restart=false pkg=com.android.launcher inputType=589825
06-11 10:57:27.858 25068 26667 E ActivityThread: Failed to find provider info for com.oplus.statistics.provider
06-11 10:57:27.859 25068 26667 E OplusStatistics--: IllegalArgumentException:java.lang.IllegalArgumentException: Unknown URL content://com.oplus.statistics.provider/track_event
06-11 10:57:28.092 25068 25137 E BLASTBufferQueue: BLASTBufferItemConsumer::onDisconnect()
06-11 10:57:28.113 25068 25137 E BLASTBufferQueue: BLASTBufferItemConsumer::onDisconnect()
06-11 10:57:28.690 22768 24028 I OnDeviceAssist: warm ok model=qwen2.5-0.5b-instruct-q4_0.gguf ambient=40 chars 0ms
06-11 10:57:28.822 25068 25068 E Ads     : JS: Refused to get unsafe header "X-Afma-Gcache-IsGcacheHit" (https://www.gstatic.com/mysidia/1481c091d9df379c2904f938e54fba0c.js?tag=addon/rewarded_video:435)
06-11 10:57:28.887 25068 25068 E Ads     : JS: Refused to get unsafe header "X-Afma-Gcache-IsGcacheHit" (https://www.gstatic.com/mysidia/1481c091d9df379c2904f938e54fba0c.js?tag=addon/rewarded_video:435)
06-11 10:57:28.904 25068 25150 W libc    : Access denied finding property "vendor.oplus.media.vpp.stutter"
06-11 10:57:28.904 25068 25150 E MULTIMEDIAConfig: [getInt32:L80] Not find config, Returning default
06-11 10:57:28.904 25068 25150 E MULTIMEDIAConfig: [getInt32:L80] Not find config, Returning default
06-11 10:57:28.904 25068 25150 E OplusACodec: [OplusACodec:204] mSrOsieMMListCheckResult:0x0 mOsieVersion:1
06-11 10:57:28.931 25068 26765 E OplusACodec: [GetVideoCodingTypeFromMime:L1162] mime:video/x-vnd.on2.vp9
06-11 10:57:29.007 25068 25149 W cr_MediaCodecBridge: Releasing: OMX.qcom.video.decoder.vp9
06-11 10:57:29.008 25068 26764 E ExtensionsLoader: freeAllBuffers: 13 buffers were freed while being dequeued!
06-11 10:57:29.009 25068 25149 W cr_MediaCodecBridge: Codec released
06-11 10:57:29.297 25068 25104 W VibeKeyProfiler: Slow Native Suggest: Total=11.15ms | Init=0.02ms | TrieExpand(x15)=11.07ms | Scoring=0.06ms | inputSize=1
06-11 10:57:29.306 25068 25104 W VibeKeyProfiler: Slow Native Suggest: Total=8.63ms | Init=0.02ms | TrieExpand(x20)=8.59ms | Scoring=0.02ms | inputSize=1
06-11 10:57:29.333 25068 25104 I VkSuggestions: decode typedLen=1 candidates=18 locales=3 50,7ms
06-11 10:57:29.333 25068 25104 W VkSuggestions: slow frame 50,7ms locales=3 typedLen=1 candidates=18 parallelWait=50,6ms
06-11 10:57:29.336 25068 25104 I VkSuggestions: strip composing typedLen=1 candidates=17 autocorrect=false top=q locale=pt
06-11 10:57:29.383 25068 25068 I VkThemes: ✓ generate 1861ms theme=Minimalist Cloud White
06-11 10:57:29.516 25068 25068 I VkEffects: reload anim=fade blur=0px glow=false stickers=true
06-11 10:57:29.518 25068 25068 I VkThemes: apply theme=Minimalist Cloud White (ai_generate)
06-11 10:57:29.521 25068 25068 I VkSwipe : ○ gesture canceled
06-11 10:57:29.523 25068 25068 I VkSwipe : ○ gesture canceled
06-11 10:57:29.632 25068 25291 W Ads     : Not retrying to fetch app settings
06-11 10:57:29.728 25068 25068 I VkFavorites: save theme Minimalist Cloud White → SAVED
06-11 10:57:29.744 25068 25068 W View    : requestLayout() improperly called by android.widget.LinearLayout{5f7226b V.E...... ......ID 0,1868-1440,2818 #7f0a010d app:id/input_view_keyboard_column} during layout: running second layout pass
06-11 10:57:29.744 25068 25068 W View    : requestLayout() improperly called by android.widget.LinearLayout{7871c8 V.E...... ......ID 0,0-1440,950 #7f0a011c app:id/main_keyboard_frame} during layout: running second layout pass
06-11 10:57:30.797 25068 25068 I VkSwipe : ▶ gesture started locale=pt-BR
06-11 10:57:30.799 25068 25068 I VkAutocorrect: kept (typing): q
06-11 10:57:30.821 25068 25104 I VkSuggestions: decode typedLen=0 candidates=18 locales=3 20,4ms
06-11 10:57:30.821 25068 25104 W VkSuggestions: slow frame 20,4ms locales=3 typedLen=0 candidates=18 parallelWait=20,3ms
06-11 10:57:30.932 25068 25104 I VkSuggestions: decode typedLen=2 candidates=18 locales=3 15,3ms
06-11 10:57:30.948 25068 25104 I VkSuggestions: decode typedLen=0 candidates=18 locales=3 15,4ms
06-11 10:57:31.088 25068 25104 I VkSuggestions: decode typedLen=3 candidates=18 locales=3 20,8ms
06-11 10:57:31.089 25068 25104 W VkSuggestions: slow frame 20,8ms locales=3 typedLen=3 candidates=18 parallelWait=20,7ms
06-11 10:57:31.106 25068 25104 I VkSuggestions: decode typedLen=0 candidates=18 locales=3 17,2ms
06-11 10:57:31.107 25068 25104 W VkSuggestions: slow frame 17,2ms locales=3 typedLen=0 candidates=18 parallelWait=17,1ms
06-11 10:57:31.240 25068 25104 I VkSuggestions: decode typedLen=3 candidates=18 locales=3 20,9ms
06-11 10:57:31.240 25068 25104 W VkSuggestions: slow frame 20,9ms locales=3 typedLen=3 candidates=18 parallelWait=20,7ms
06-11 10:57:31.257 25068 25104 I VkSuggestions: decode typedLen=0 candidates=18 locales=3 17,0ms
06-11 10:57:31.258 25068 25104 W VkSuggestions: slow frame 17,0ms locales=3 typedLen=0 candidates=18 parallelWait=16,9ms
06-11 10:57:31.350 25068 25104 I VkSuggestions: decode typedLen=3 candidates=18 locales=3 14,4ms
06-11 10:57:31.367 25068 25104 I VkSuggestions: decode typedLen=0 candidates=18 locales=3 17,1ms
06-11 10:57:31.368 25068 25104 W VkSuggestions: slow frame 17,1ms locales=3 typedLen=0 candidates=18 parallelWait=17,0ms
06-11 10:57:31.474 25068 25104 I VkSuggestions: decode typedLen=4 candidates=18 locales=3 19,6ms
06-11 10:57:31.474 25068 25104 W VkSuggestions: slow frame 19,6ms locales=3 typedLen=4 candidates=18 parallelWait=19,4ms
06-11 10:57:31.492 25068 25104 I VkSuggestions: decode typedLen=0 candidates=18 locales=3 17,3ms
06-11 10:57:31.492 25068 25104 W VkSuggestions: slow frame 17,3ms locales=3 typedLen=0 candidates=18 parallelWait=17,2ms
06-11 10:57:31.617 25068 25104 I VkSuggestions: decode typedLen=4 candidates=18 locales=3 19,1ms
06-11 10:57:31.618 25068 25104 W VkSuggestions: slow frame 19,1ms locales=3 typedLen=4 candidates=18 parallelWait=19,0ms
06-11 10:57:31.636 25068 25104 I VkSuggestions: decode typedLen=0 candidates=18 locales=3 17,7ms
06-11 10:57:31.636 25068 25104 W VkSuggestions: slow frame 17,7ms locales=3 typedLen=0 candidates=18 parallelWait=17,6ms
06-11 10:57:31.648 25068 25068 I VkSwipe : ✓ gesture points=53 decodedLen=4 candidates=17 top=chip 851ms
06-11 10:57:32.027 25068 25104 I VkSuggestions: decode typedLen=1 candidates=18 locales=3 21,9ms
06-11 10:57:32.028 25068 25104 W VkSuggestions: slow frame 21,9ms locales=3 typedLen=1 candidates=18 parallelWait=21,6ms
06-11 10:57:32.030 25068 25104 I VkAutocorrect: offered: e → e
06-11 10:57:32.030 25068 25104 I VkSuggestions: strip composing typedLen=1 candidates=18 autocorrect=true top=e locale=pt
06-11 10:57:32.211 25068 25104 I VkSuggestions: decode typedLen=2 candidates=17 locales=3 13,3ms
06-11 10:57:32.213 25068 25104 I VkSuggestions: strip composing typedLen=2 candidates=10 autocorrect=false top=er locale=pt
06-11 10:57:32.337 25068 25104 I VkSuggestions: decode typedLen=3 candidates=18 locales=3 12,5ms
06-11 10:57:32.338 25068 25104 I VkSuggestions: strip composing typedLen=3 candidates=16 autocorrect=false top=erh locale=pt
06-11 10:57:32.518 25068 25104 I VkSuggestions: decode typedLen=4 candidates=18 locales=3 12,9ms
06-11 10:57:32.519 25068 25104 I VkSuggestions: strip composing typedLen=4 candidates=19 autocorrect=false top=erhj locale=pt
06-11 10:57:32.739 25068 25104 I VkSuggestions: decode typedLen=6 candidates=18 locales=3 6,2ms
06-11 10:57:32.741 25068 25104 I VkSuggestions: strip composing typedLen=6 candidates=18 autocorrect=false top=erhjeu locale=pt
06-11 10:57:32.916 25068 25104 I VkSuggestions: decode typedLen=7 candidates=18 locales=3 4,0ms
06-11 10:57:32.919 25068 25104 I VkSuggestions: strip composing typedLen=7 candidates=19 autocorrect=false top=erhjeue locale=pt
06-11 10:57:34.138 25068 25104 I VkSuggestions: decode typedLen=1 candidates=18 locales=3 29,0ms
06-11 10:57:34.139 25068 25104 W VkSuggestions: slow frame 29,0ms locales=3 typedLen=1 candidates=18 parallelWait=28,9ms
06-11 10:57:34.140 25068 25104 I VkSuggestions: strip composing typedLen=1 candidates=15 autocorrect=false top=q locale=pt
06-11 10:57:34.286 25068 25104 I VkSuggestions: strip prediction typedLen=0 candidates=3 autocorrect=false top=como locale=pt
06-11 10:57:36.068 25068 25068 I VkPanels: ▶ open menu
06-11 10:57:37.659 25068 25068 I VkTyping: ○ hidden
06-11 10:57:37.753 25068 25068 W Settings: Setting transition_animation_scale has moved from android.provider.Settings.System to android.provider.Settings.Global, returning read-only value.
06-11 10:57:41.371 25068 25137 E BLASTBufferQueue: BLASTBufferItemConsumer::onDisconnect()

... (104 Gecko cookie/JS warnings omitted)
... (87 GeckoConsole SessionStore lines omitted)
... (3 GeckoView detach warnings omitted)
... (17 SELinux audit lines omitted)

=== Feature activity (persisted across restarts) ===
2026-06-11 10:53:36.201152 I VkFavorites: save card Bitcoin Vibe activate=false
2026-06-11 10:53:36.271447 I VkFavorites: save card Doge Meme activate=false
2026-06-11 10:53:36.337318 I VkFavorites: save card Ethereum Vibes activate=false
2026-06-11 10:53:36.388633 I VkFavorites: save card India Popular City activate=false
2026-06-11 10:53:36.468195 I VkFavorites: save card Miami Beach Crypto activate=false
2026-06-11 10:53:36.536500 I VkFavorites: save card Nike Sneakers Crypto activate=false
2026-06-11 10:53:36.584690 I VkFavorites: save card Pepe Meme Frog activate=false
2026-06-11 10:53:36.643397 I VkFavorites: save card Times Square NFT activate=false
2026-06-11 10:53:36.750791 I VkMultilingual: reset main=pt-BR locales=[pt] count=1
2026-06-11 10:53:51.455531 I VkSwipe: ○ gesture canceled
2026-06-11 10:53:51.471292 I VkEffects: reload anim=scale blur=562px glow=true stickers=true
2026-06-11 10:53:51.585370 I VkTyping: ▶ open restart=false pkg=com.android.launcher inputType=589825
2026-06-11 10:53:53.279373 I VkPanels: ▶ open menu
2026-06-11 10:53:53.967294 I VkMultilingual: menu languages total=1
2026-06-11 10:53:59.188975 I VkMultilingual: reset main=pt-BR locales=[pt,ak] count=2
2026-06-11 10:54:04.685008 I VkMultilingual: menu languages total=4
2026-06-11 10:54:05.097301 I VkMultilingual: reset main=pt-BR locales=[ak,es,pt,fr] count=4
2026-06-11 10:54:07.079564 I VkMultilingual: reset main=pt-BR locales=[pt,es,fr] count=3
2026-06-11 10:54:07.085602 I VkMultilingual: menu languages total=3
2026-06-11 10:55:08.981937 I VkTyping: ▶ open restart=false pkg=com.android.launcher inputType=589825
2026-06-11 10:55:25.771993 I VkTyping: ▶ open restart=false pkg=com.android.launcher inputType=589825
2026-06-11 10:55:27.697709 I VkSuggestions: decode typedLen=1 candidates=18 locales=3 17,1ms
2026-06-11 10:55:27.698131 W VkSuggestions: slow frame 17,1ms locales=3 typedLen=1 candidates=18 parallelWait=17,0ms
2026-06-11 10:55:27.700228 I VkSuggestions: strip composing typedLen=1 candidates=19 autocorrect=false top=h locale=pt
2026-06-11 10:55:27.905628 I VkSuggestions: decode typedLen=2 candidates=18 locales=3 11,7ms
2026-06-11 10:55:27.911007 I VkSuggestions: strip composing typedLen=2 candidates=17 autocorrect=false top=ho locale=pt
2026-06-11 10:55:28.105235 I VkSuggestions: decode typedLen=3 candidates=18 locales=3 11,0ms
2026-06-11 10:55:28.106340 I VkAutocorrect: offered: hol → hol
2026-06-11 10:55:28.106560 I VkSuggestions: strip composing typedLen=3 candidates=15 autocorrect=true top=hol locale=pt
2026-06-11 10:55:28.266188 I VkSuggestions: decode typedLen=4 candidates=18 locales=3 30,6ms
2026-06-11 10:55:28.266674 W VkSuggestions: slow frame 30,6ms locales=3 typedLen=4 candidates=18 parallelWait=30,1ms
2026-06-11 10:55:28.268955 I VkSuggestions: strip composing typedLen=4 candidates=12 autocorrect=false top=hola locale=pt
2026-06-11 10:55:33.667419 I VkSuggestions: decode typedLen=5 candidates=18 locales=3 17,0ms
2026-06-11 10:55:33.668061 W VkSuggestions: slow frame 17,0ms locales=3 typedLen=5 candidates=18 parallelWait=16,7ms
2026-06-11 10:55:33.672192 I VkAutocorrect: offered: holan → holan
2026-06-11 10:55:33.672797 I VkSuggestions: strip composing typedLen=5 candidates=15 autocorrect=true top=holan locale=pt
2026-06-11 10:55:34.044509 I VkSuggestions: decode typedLen=6 candidates=18 locales=3 2,9ms
2026-06-11 10:55:34.047193 I VkSuggestions: strip composing typedLen=6 candidates=16 autocorrect=false top=holanm locale=pt
2026-06-11 10:55:34.168733 I VkSuggestions: decode typedLen=7 candidates=18 locales=3 2,7ms
2026-06-11 10:55:34.170806 I VkSuggestions: strip composing typedLen=7 candidates=16 autocorrect=false top=holanma locale=pt
2026-06-11 10:55:34.311864 I VkSuggestions: decode typedLen=8 candidates=18 locales=3 2,0ms
2026-06-11 10:55:34.314160 I VkSuggestions: strip composing typedLen=8 candidates=16 autocorrect=false top=holanmai locale=pt
2026-06-11 10:55:34.437638 I VkSuggestions: decode typedLen=9 candidates=18 locales=3 3,7ms
2026-06-11 10:55:34.441253 I VkSuggestions: strip composing typedLen=9 candidates=15 autocorrect=false top=holanmair locale=pt
2026-06-11 10:55:34.750454 I VkSuggestions: decode typedLen=11 candidates=17 locales=3 22,1ms
2026-06-11 10:55:34.751026 W VkSuggestions: slow frame 22,1ms locales=3 typedLen=11 candidates=17 parallelWait=21,9ms
2026-06-11 10:55:34.755683 I VkSuggestions: strip composing typedLen=11 candidates=16 autocorrect=false top=holanmairab locale=pt
2026-06-11 10:55:36.131513 I VkSuggestions: decode typedLen=10 candidates=18 locales=3 10,4ms
2026-06-11 10:55:36.133283 I VkSuggestions: strip composing typedLen=10 candidates=16 autocorrect=false top=holanmaira locale=pt
2026-06-11 10:55:36.293029 I VkSuggestions: decode typedLen=9 candidates=18 locales=3 10,4ms
2026-06-11 10:55:36.294915 I VkSuggestions: strip composing typedLen=9 candidates=16 autocorrect=false top=holanmair locale=pt
2026-06-11 10:55:36.432926 I VkSuggestions: decode typedLen=8 candidates=18 locales=3 9,6ms
2026-06-11 10:55:36.434867 I VkSuggestions: strip composing typedLen=8 candidates=16 autocorrect=false top=holanmai locale=pt
2026-06-11 10:55:36.574095 I VkSuggestions: decode typedLen=7 candidates=18 locales=3 8,9ms
2026-06-11 10:55:36.575641 I VkSuggestions: strip composing typedLen=7 candidates=16 autocorrect=false top=holanma locale=pt
2026-06-11 10:55:36.733048 I VkSuggestions: decode typedLen=6 candidates=18 locales=3 9,3ms
2026-06-11 10:55:36.735039 I VkSuggestions: strip composing typedLen=6 candidates=16 autocorrect=false top=holanm locale=pt
2026-06-11 10:55:36.851212 I VkSuggestions: decode typedLen=5 candidates=18 locales=3 9,7ms
2026-06-11 10:55:36.852704 I VkAutocorrect: offered: holan → holan
2026-06-11 10:55:36.852937 I VkSuggestions: strip composing typedLen=5 candidates=15 autocorrect=true top=holan locale=pt
2026-06-11 10:55:36.992711 I VkSuggestions: decode typedLen=4 candidates=18 locales=3 9,8ms
2026-06-11 10:55:36.994036 I VkSuggestions: strip composing typedLen=4 candidates=12 autocorrect=false top=hola locale=pt
2026-06-11 10:55:37.131190 I VkSuggestions: decode typedLen=3 candidates=18 locales=3 14,8ms
2026-06-11 10:55:37.132539 I VkAutocorrect: offered: hol → hol
2026-06-11 10:55:37.132844 I VkSuggestions: strip composing typedLen=3 candidates=15 autocorrect=true top=hol locale=pt
2026-06-11 10:55:37.769999 I VkSuggestions: decode typedLen=4 candidates=18 locales=3 10,9ms
2026-06-11 10:55:37.771588 I VkSuggestions: strip composing typedLen=4 candidates=12 autocorrect=false top=hola locale=pt
2026-06-11 10:55:37.843491 I VkAutocorrect: kept (typing): hola
2026-06-11 10:55:37.952854 I VkSuggestions: strip prediction typedLen=0 candidates=1 autocorrect=false top=hola locale=pt
2026-06-11 10:55:38.190218 I VkSuggestions: decode typedLen=1 candidates=18 locales=3 17,7ms
2026-06-11 10:55:38.190593 W VkSuggestions: slow frame 17,7ms locales=3 typedLen=1 candidates=18 parallelWait=17,4ms
2026-06-11 10:55:38.191537 I VkSuggestions: strip composing typedLen=1 candidates=14 autocorrect=false top=c locale=pt
2026-06-11 10:55:38.314815 I VkSuggestions: decode typedLen=2 candidates=18 locales=3 9,4ms
2026-06-11 10:55:38.315978 I VkSuggestions: strip composing typedLen=2 candidates=15 autocorrect=false top=co locale=pt
2026-06-11 10:55:38.485237 I VkSuggestions: decode typedLen=3 candidates=18 locales=3 10,4ms
2026-06-11 10:55:38.486424 I VkSuggestions: strip composing typedLen=3 candidates=16 autocorrect=false top=com locale=pt
2026-06-11 10:55:38.668526 I VkSuggestions: decode typedLen=4 candidates=18 locales=3 31,6ms
2026-06-11 10:55:38.669051 W VkSuggestions: slow frame 31,6ms locales=3 typedLen=4 candidates=18 parallelWait=31,3ms
2026-06-11 10:55:38.671004 I VkSuggestions: strip composing typedLen=4 candidates=15 autocorrect=false top=como locale=pt
2026-06-11 10:55:38.901112 I VkSuggestions: decode typedLen=5 candidates=18 locales=3 20,5ms
2026-06-11 10:55:38.901855 W VkSuggestions: slow frame 20,5ms locales=3 typedLen=5 candidates=18 parallelWait=20,2ms
2026-06-11 10:55:38.905293 I VkAutocorrect: offered: comob → comob
2026-06-11 10:55:38.905618 I VkSuggestions: strip composing typedLen=5 candidates=17 autocorrect=true top=comob locale=pt
2026-06-11 10:55:39.888762 I VkSuggestions: decode typedLen=4 candidates=18 locales=3 31,9ms
2026-06-11 10:55:39.889257 W VkSuggestions: slow frame 31,9ms locales=3 typedLen=4 candidates=18 parallelWait=31,6ms
2026-06-11 10:55:39.891057 I VkSuggestions: strip composing typedLen=4 candidates=15 autocorrect=false top=como locale=pt
2026-06-11 10:55:40.434265 I VkAutocorrect: kept (typing): como
2026-06-11 10:55:40.538509 I VkSuggestions: strip prediction typedLen=0 candidates=2 autocorrect=false top=como locale=pt
2026-06-11 10:55:40.716695 I VkSuggestions: decode typedLen=1 candidates=18 locales=3 19,8ms
2026-06-11 10:55:40.717025 W VkSuggestions: slow frame 19,8ms locales=3 typedLen=1 candidates=18 parallelWait=19,4ms
2026-06-11 10:55:40.718287 I VkAutocorrect: offered: e → e
2026-06-11 10:55:40.718457 I VkSuggestions: strip composing typedLen=1 candidates=18 autocorrect=true top=e locale=pt
2026-06-11 10:55:40.876307 I VkSuggestions: decode typedLen=2 candidates=18 locales=3 16,6ms
2026-06-11 10:55:40.876748 W VkSuggestions: slow frame 16,6ms locales=3 typedLen=2 candidates=18 parallelWait=16,3ms
2026-06-11 10:55:40.878907 I VkAutocorrect: offered: es → es
2026-06-11 10:55:40.879291 I VkSuggestions: strip composing typedLen=2 candidates=13 autocorrect=true top=es locale=pt
2026-06-11 10:55:41.082451 I VkSuggestions: decode typedLen=3 candidates=18 locales=3 19,9ms
2026-06-11 10:55:41.082876 W VkSuggestions: slow frame 19,9ms locales=3 typedLen=3 candidates=18 parallelWait=19,8ms
2026-06-11 10:55:41.084376 I VkSuggestions: strip composing typedLen=3 candidates=14 autocorrect=false top=est locale=pt
2026-06-11 10:55:41.261197 I VkSuggestions: decode typedLen=4 candidates=18 locales=3 9,6ms
2026-06-11 10:55:41.262770 I VkSuggestions: strip composing typedLen=4 candidates=15 autocorrect=false top=esta locale=pt
2026-06-11 10:55:41.268766 I VkAutocorrect: kept (typing): esta
2026-06-11 10:55:41.371865 I VkSuggestions: strip prediction typedLen=0 candidates=3 autocorrect=false top=como locale=pt
2026-06-11 10:55:41.843361 I VkSuggestions: decode typedLen=1 candidates=18 locales=3 20,6ms
2026-06-11 10:55:41.843708 W VkSuggestions: slow frame 20,6ms locales=3 typedLen=1 candidates=18 parallelWait=20,4ms
2026-06-11 10:55:41.844835 I VkSuggestions: strip composing typedLen=1 candidates=18 autocorrect=false top=t locale=pt
2026-06-11 10:55:42.025982 I VkSuggestions: decode typedLen=2 candidates=18 locales=3 28,9ms
2026-06-11 10:55:42.026407 W VkSuggestions: slow frame 28,9ms locales=3 typedLen=2 candidates=18 parallelWait=28,7ms
2026-06-11 10:55:42.028351 I VkSuggestions: strip composing typedLen=2 candidates=16 autocorrect=false top=tu locale=pt
