06-02 15:51:06.144 17430 17430 W View    : requestLayout() improperly called by helium314.keyboard.latin.panels.BrowserPanelView{26a5979 V.E...... ......I. 0,0-1440,2040} during layout: running second layout pass
06-02 15:51:06.149 17430 17430 W View    : requestLayout() improperly called by helium314.keyboard.latin.panels.BrowserPanelView{26a5979 V.E...... ........ 0,0-1440,2040} during second layout pass: posting in next frame
06-02 15:51:06.162 17430 17430 W View    : requestLayout() improperly called by helium314.keyboard.latin.panels.BrowserPanelView{26a5979 V.E...... ......I. 0,0-1440,2040} during layout: running second layout pass
06-02 15:51:06.166 17430 17430 W View    : requestLayout() improperly called by helium314.keyboard.latin.panels.BrowserPanelView{26a5979 V.E...... ........ 0,0-1440,2040} during second layout pass: posting in next frame
06-02 15:51:06.183 17430 17430 W View    : requestLayout() improperly called by helium314.keyboard.latin.panels.BrowserPanelView{26a5979 V.E...... ......I. 0,0-1440,2040} during layout: running second layout pass
06-02 15:51:06.189 17430 17430 W View    : requestLayout() improperly called by helium314.keyboard.latin.panels.BrowserPanelView{26a5979 V.E...... ........ 0,0-1440,2040} during second layout pass: posting in next frame
06-02 15:51:06.198 17430 17430 W View    : requestLayout() improperly called by helium314.keyboard.latin.panels.BrowserPanelView{26a5979 V.E...... ......I. 0,0-1440,2040} during layout: running second layout pass
06-02 15:51:06.202 17430 17430 W View    : requestLayout() improperly called by helium314.keyboard.latin.panels.BrowserPanelView{26a5979 V.E...... ........ 0,0-1440,2040} during second layout pass: posting in next frame
06-02 15:51:06.206 18559 18559 E .keyboard:tab3: Unknown bits set in runtime_flags: 0x40000000
06-02 15:51:06.210 17430 17430 W View    : requestLayout() improperly called by helium314.keyboard.latin.panels.BrowserPanelView{26a5979 V.E...... ......I. 0,0-1440,2040} during layout: running second layout pass
06-02 15:51:06.215 17430 17430 W View    : requestLayout() improperly called by helium314.keyboard.latin.panels.BrowserPanelView{26a5979 V.E...... ........ 0,0-1440,2040} during second layout pass: posting in next frame
06-02 15:51:06.226 17430 17430 W View    : requestLayout() improperly called by helium314.keyboard.latin.panels.BrowserPanelView{26a5979 V.E...... ......I. 0,0-1440,2040} during layout: running second layout pass
06-02 15:51:06.230 17430 17430 W View    : requestLayout() improperly called by helium314.keyboard.latin.panels.BrowserPanelView{26a5979 V.E...... ........ 0,0-1440,2040} during second layout pass: posting in next frame
06-02 15:51:06.245 17430 17430 W View    : requestLayout() improperly called by helium314.keyboard.latin.panels.BrowserPanelView{26a5979 V.E...... ......I. 0,0-1440,2040} during layout: running second layout pass
06-02 15:51:06.255 17430 17430 W View    : requestLayout() improperly called by helium314.keyboard.latin.panels.BrowserPanelView{26a5979 V.E...... ........ 0,0-1440,2040} during second layout pass: posting in next frame
06-02 15:51:06.263 17430 17430 W View    : requestLayout() improperly called by helium314.keyboard.latin.panels.BrowserPanelView{26a5979 V.E...... ......I. 0,0-1440,2040} during layout: running second layout pass
06-02 15:51:06.268 17430 17430 W View    : requestLayout() improperly called by helium314.keyboard.latin.panels.BrowserPanelView{26a5979 V.E...... ........ 0,0-1440,2040} during second layout pass: posting in next frame
06-02 15:51:06.276 17430 17430 W View    : requestLayout() improperly called by helium314.keyboard.latin.panels.BrowserPanelView{26a5979 V.E...... ......I. 0,0-1440,2040} during layout: running second layout pass
06-02 15:51:06.279 17430 17430 W View    : requestLayout() improperly called by helium314.keyboard.latin.panels.BrowserPanelView{26a5979 V.E...... ........ 0,0-1440,2040} during second layout pass: posting in next frame
06-02 15:51:06.287 18559 18593 E GeckoLibLoad: Load sqlite start
06-02 15:51:06.287 18559 18593 E GeckoLibLoad: Load sqlite done
06-02 15:51:06.288 18559 18593 E GeckoLibLoad: Load nss start
06-02 15:51:06.288 18559 18593 E GeckoLibLoad: Load nss done
06-02 15:51:06.293 17430 17430 W View    : requestLayout() improperly called by helium314.keyboard.latin.panels.BrowserPanelView{26a5979 V.E...... ......I. 0,0-1440,2040} during layout: running second layout pass
06-02 15:51:06.299 17430 17430 W View    : requestLayout() improperly called by helium314.keyboard.latin.panels.BrowserPanelView{26a5979 V.E...... ........ 0,0-1440,2040} during second layout pass: posting in next frame
06-02 15:51:06.303 18559 18593 E GeckoLibLoad: Loaded libs in 14.910521ms total, 8ms(6ms) user, 0ms(2ms) system, 0(0) faults
06-02 15:51:06.303 18559 18593 W GeckoThread: zerdatime 106709164 - runGecko
06-02 15:51:06.309 17430 17430 W View    : requestLayout() improperly called by helium314.keyboard.latin.panels.BrowserPanelView{26a5979 V.E...... ......I. 0,0-1440,2040} during layout: running second layout pass
06-02 15:51:06.312 17430 17430 W View    : requestLayout() improperly called by helium314.keyboard.latin.panels.BrowserPanelView{26a5979 V.E...... ........ 0,0-1440,2040} during second layout pass: posting in next frame
06-02 15:51:06.326 17430 17430 W View    : requestLayout() improperly called by helium314.keyboard.latin.panels.BrowserPanelView{26a5979 V.E...... ......I. 0,0-1440,2040} during layout: running second layout pass
06-02 15:51:06.330 17430 17430 W View    : requestLayout() improperly called by helium314.keyboard.latin.panels.BrowserPanelView{26a5979 V.E...... ........ 0,0-1440,2040} during second layout pass: posting in next frame
06-02 15:51:06.348 17430 17430 W View    : requestLayout() improperly called by helium314.keyboard.latin.panels.BrowserPanelView{26a5979 V.E...... ......I. 0,0-1440,2040} during layout: running second layout pass
06-02 15:51:06.353 17430 17430 W View    : requestLayout() improperly called by helium314.keyboard.latin.panels.BrowserPanelView{26a5979 V.E...... ........ 0,0-1440,2040} during second layout pass: posting in next frame
06-02 15:51:06.361 17430 17430 W View    : requestLayout() improperly called by helium314.keyboard.latin.panels.BrowserPanelView{26a5979 V.E...... ......I. 0,0-1440,2040} during layout: running second layout pass
06-02 15:51:06.368 17430 17430 W View    : requestLayout() improperly called by helium314.keyboard.latin.panels.BrowserPanelView{26a5979 V.E...... ........ 0,0-1440,2040} during second layout pass: posting in next frame
06-02 15:51:06.376 17430 17430 W View    : requestLayout() improperly called by helium314.keyboard.latin.panels.BrowserPanelView{26a5979 V.E...... ......I. 0,0-1440,2040} during layout: running second layout pass
06-02 15:51:06.383 17430 17430 W View    : requestLayout() improperly called by helium314.keyboard.latin.panels.BrowserPanelView{26a5979 V.E...... ........ 0,0-1440,2040} during second layout pass: posting in next frame
06-02 15:51:06.393 17430 17430 W View    : requestLayout() improperly called by helium314.keyboard.latin.panels.BrowserPanelView{26a5979 V.E...... ......I. 0,0-1440,2040} during layout: running second layout pass
06-02 15:51:06.396 17430 17430 W View    : requestLayout() improperly called by helium314.keyboard.latin.panels.BrowserPanelView{26a5979 V.E...... ........ 0,0-1440,2040} during second layout pass: posting in next frame
06-02 15:51:06.410 17430 17430 W View    : requestLayout() improperly called by helium314.keyboard.latin.panels.BrowserPanelView{26a5979 V.E...... ......I. 0,0-1440,2040} during layout: running second layout pass
06-02 15:51:06.415 17430 17430 W View    : requestLayout() improperly called by helium314.keyboard.latin.panels.BrowserPanelView{26a5979 V.E...... ........ 0,0-1440,2040} during second layout pass: posting in next frame
06-02 15:51:06.426 17430 17430 W View    : requestLayout() improperly called by helium314.keyboard.latin.panels.BrowserPanelView{26a5979 V.E...... ......I. 0,0-1440,2040} during layout: running second layout pass
06-02 15:51:06.430 17430 17430 W View    : requestLayout() improperly called by helium314.keyboard.latin.panels.BrowserPanelView{26a5979 V.E...... ........ 0,0-1440,2040} during second layout pass: posting in next frame
06-02 15:51:06.443 17430 17430 W View    : requestLayout() improperly called by helium314.keyboard.latin.panels.BrowserPanelView{26a5979 V.E...... ......I. 0,0-1440,2040} during layout: running second layout pass
06-02 15:51:06.446 17430 17430 W AdManager: Interstitial ad failed to load: code=1 message=Error building request URL: Too many recently failed requests for ad unit ID: ca-app-pub-6765609171282681/8371342086. You must wait a few seconds before making another ad request.
06-02 15:51:06.447 17430 17430 W View    : requestLayout() improperly called by helium314.keyboard.latin.panels.BrowserPanelView{26a5979 V.E...... ........ 0,0-1440,2040} during second layout pass: posting in next frame
06-02 15:51:06.460 17430 17430 W View    : requestLayout() improperly called by helium314.keyboard.latin.panels.BrowserPanelView{26a5979 V.E...... ......I. 0,0-1440,2040} during layout: running second layout pass
06-02 15:51:06.463 17430 17430 W AdManager: Rewarded load failed tier=PRIMARY code=1 domain=com.google.android.gms.ads message=Error building request URL: Too many recently failed requests for ad unit ID: ca-app-pub-6765609171282681/3310587093. You must wait a few seconds before making another ad request.
06-02 15:51:06.463 17430 17430 W View    : requestLayout() improperly called by helium314.keyboard.latin.panels.BrowserPanelView{26a5979 V.E...... ........ 0,0-1440,2040} during second layout pass: posting in next frame
06-02 15:51:06.477 17430 17430 W View    : requestLayout() improperly called by helium314.keyboard.latin.panels.BrowserPanelView{26a5979 V.E...... ......I. 0,0-1440,2040} during layout: running second layout pass
06-02 15:51:06.485 17430 17430 W View    : requestLayout() improperly called by helium314.keyboard.latin.panels.BrowserPanelView{26a5979 V.E...... ........ 0,0-1440,2040} during second layout pass: posting in next frame
06-02 15:51:06.496 17430 17430 W View    : requestLayout() improperly called by helium314.keyboard.latin.panels.BrowserPanelView{26a5979 V.E...... ......I. 0,0-1440,2040} during layout: running second layout pass
06-02 15:51:06.504 17430 17430 W View    : requestLayout() improperly called by helium314.keyboard.latin.panels.BrowserPanelView{26a5979 V.E...... ........ 0,0-1440,2040} during second layout pass: posting in next frame
06-02 15:51:06.510 17430 17430 W View    : requestLayout() improperly called by helium314.keyboard.latin.panels.BrowserPanelView{26a5979 V.E...... ......I. 0,0-1440,2040} during layout: running second layout pass
06-02 15:51:06.514 17430 17430 W View    : requestLayout() improperly called by helium314.keyboard.latin.panels.BrowserPanelView{26a5979 V.E...... ........ 0,0-1440,2040} during second layout pass: posting in next frame
06-02 15:51:06.527 17430 17430 W View    : requestLayout() improperly called by helium314.keyboard.latin.panels.BrowserPanelView{26a5979 V.E...... ......I. 0,0-1440,2040} during layout: running second layout pass
06-02 15:51:06.530 17430 17430 W View    : requestLayout() improperly called by helium314.keyboard.latin.panels.BrowserPanelView{26a5979 V.E...... ........ 0,0-1440,2040} during second layout pass: posting in next frame
06-02 15:51:06.544 17430 17430 W View    : requestLayout() improperly called by helium314.keyboard.latin.panels.BrowserPanelView{26a5979 V.E...... ......I. 0,0-1440,2040} during layout: running second layout pass
06-02 15:51:06.548 17430 17430 W View    : requestLayout() improperly called by helium314.keyboard.latin.panels.BrowserPanelView{26a5979 V.E...... ........ 0,0-1440,2040} during second layout pass: posting in next frame
06-02 15:51:06.561 17430 17430 W View    : requestLayout() improperly called by helium314.keyboard.latin.panels.BrowserPanelView{26a5979 V.E...... ......I. 0,0-1440,2040} during layout: running second layout pass
06-02 15:51:06.564 17430 17430 W View    : requestLayout() improperly called by helium314.keyboard.latin.panels.BrowserPanelView{26a5979 V.E...... ........ 0,0-1440,2040} during second layout pass: posting in next frame
06-02 15:51:06.577 17430 17430 W View    : requestLayout() improperly called by helium314.keyboard.latin.panels.BrowserPanelView{26a5979 V.E...... ......I. 0,0-1440,2040} during layout: running second layout pass
06-02 15:51:06.580 17430 17430 W View    : requestLayout() improperly called by helium314.keyboard.latin.panels.BrowserPanelView{26a5979 V.E...... ........ 0,0-1440,2040} during second layout pass: posting in next frame
06-02 15:51:06.593 17430 17430 W View    : requestLayout() improperly called by helium314.keyboard.latin.panels.BrowserPanelView{26a5979 V.E...... ......I. 0,0-1440,2040} during layout: running second layout pass
06-02 15:51:06.599 17430 17430 W View    : requestLayout() improperly called by helium314.keyboard.latin.panels.BrowserPanelView{26a5979 V.E...... ........ 0,0-1440,2040} during second layout pass: posting in next frame
06-02 15:51:06.610 17430 17430 W View    : requestLayout() improperly called by helium314.keyboard.latin.panels.BrowserPanelView{26a5979 V.E...... ......I. 0,0-1440,2040} during layout: running second layout pass
06-02 15:51:06.614 17430 17430 W View    : requestLayout() improperly called by helium314.keyboard.latin.panels.BrowserPanelView{26a5979 V.E...... ........ 0,0-1440,2040} during second layout pass: posting in next frame
06-02 15:51:06.627 17430 17430 W View    : requestLayout() improperly called by helium314.keyboard.latin.panels.BrowserPanelView{26a5979 V.E...... ......I. 0,0-1440,2040} during layout: running second layout pass
06-02 15:51:06.630 17430 17430 W View    : requestLayout() improperly called by helium314.keyboard.latin.panels.BrowserPanelView{26a5979 V.E...... ........ 0,0-1440,2040} during second layout pass: posting in next frame
06-02 15:51:06.644 17430 17430 W View    : requestLayout() improperly called by helium314.keyboard.latin.panels.BrowserPanelView{26a5979 V.E...... ......I. 0,0-1440,2040} during layout: running second layout pass
06-02 15:51:06.647 17430 17430 W View    : requestLayout() improperly called by helium314.keyboard.latin.panels.BrowserPanelView{26a5979 V.E...... ........ 0,0-1440,2040} during second layout pass: posting in next frame
06-02 15:51:06.661 17430 17430 W View    : requestLayout() improperly called by helium314.keyboard.latin.panels.BrowserPanelView{26a5979 V.E...... ......I. 0,0-1440,2040} during layout: running second layout pass
06-02 15:51:06.675 17430 17430 W View    : requestLayout() improperly called by helium314.keyboard.latin.panels.BrowserPanelView{26a5979 V.E...... ........ 0,0-1440,2040} during second layout pass: posting in next frame
06-02 15:51:06.678 17430 17430 W View    : requestLayout() improperly called by helium314.keyboard.latin.panels.BrowserPanelView{26a5979 V.E...... ......I. 0,0-1440,2040} during layout: running second layout pass
06-02 15:51:06.681 17430 17430 W View    : requestLayout() improperly called by helium314.keyboard.latin.panels.BrowserPanelView{26a5979 V.E...... ........ 0,0-1440,2040} during second layout pass: posting in next frame
06-02 15:51:06.694 17430 17430 W View    : requestLayout() improperly called by helium314.keyboard.latin.panels.BrowserPanelView{26a5979 V.E...... ......I. 0,0-1440,2040} during layout: running second layout pass
06-02 15:51:06.698 17430 17430 W View    : requestLayout() improperly called by helium314.keyboard.latin.panels.BrowserPanelView{26a5979 V.E...... ........ 0,0-1440,2040} during second layout pass: posting in next frame
06-02 15:51:06.711 17430 17430 W View    : requestLayout() improperly called by helium314.keyboard.latin.panels.BrowserPanelView{26a5979 V.E...... ......I. 0,0-1440,2040} during layout: running second layout pass
06-02 15:51:06.714 17430 17430 W View    : requestLayout() improperly called by helium314.keyboard.latin.panels.BrowserPanelView{26a5979 V.E...... ........ 0,0-1440,2040} during second layout pass: posting in next frame
06-02 15:51:06.727 17430 17430 W View    : requestLayout() improperly called by helium314.keyboard.latin.panels.BrowserPanelView{26a5979 V.E...... ......I. 0,0-1440,2040} during layout: running second layout pass
06-02 15:51:06.732 17430 17430 W View    : requestLayout() improperly called by helium314.keyboard.latin.panels.BrowserPanelView{26a5979 V.E...... ........ 0,0-1440,2040} during second layout pass: posting in next frame
06-02 15:51:06.744 17430 17430 W View    : requestLayout() improperly called by helium314.keyboard.latin.panels.BrowserPanelView{26a5979 V.E...... ......I. 0,0-1440,2040} during layout: running second layout pass
06-02 15:51:06.749 17430 17430 W View    : requestLayout() improperly called by helium314.keyboard.latin.panels.BrowserPanelView{26a5979 V.E...... ........ 0,0-1440,2040} during second layout pass: posting in next frame
06-02 15:51:06.760 17430 17430 W View    : requestLayout() improperly called by helium314.keyboard.latin.panels.BrowserPanelView{26a5979 V.E...... ......I. 0,0-1440,2040} during layout: running second layout pass
06-02 15:51:06.765 17430 17430 W View    : requestLayout() improperly called by helium314.keyboard.latin.panels.BrowserPanelView{26a5979 V.E...... ........ 0,0-1440,2040} during second layout pass: posting in next frame
06-02 15:51:06.778 17430 17430 W View    : requestLayout() improperly called by helium314.keyboard.latin.panels.BrowserPanelView{26a5979 V.E...... ......I. 0,0-1440,2040} during layout: running second layout pass
06-02 15:51:06.781 17430 17430 W View    : requestLayout() improperly called by helium314.keyboard.latin.panels.BrowserPanelView{26a5979 V.E...... ........ 0,0-1440,2040} during second layout pass: posting in next frame
06-02 15:51:06.794 17430 17430 W View    : requestLayout() improperly called by helium314.keyboard.latin.panels.BrowserPanelView{26a5979 V.E...... ......I. 0,0-1440,2040} during layout: running second layout pass
06-02 15:51:06.797 17430 17430 W View    : requestLayout() improperly called by helium314.keyboard.latin.panels.BrowserPanelView{26a5979 V.E...... ........ 0,0-1440,2040} during second layout pass: posting in next frame
06-02 15:51:06.810 17430 17430 W View    : requestLayout() improperly called by helium314.keyboard.latin.panels.BrowserPanelView{26a5979 V.E...... ......I. 0,0-1440,2040} during layout: running second layout pass
06-02 15:51:06.813 17430 17430 W View    : requestLayout() improperly called by helium314.keyboard.latin.panels.BrowserPanelView{26a5979 V.E...... ........ 0,0-1440,2040} during second layout pass: posting in next frame
06-02 15:51:06.806 17430 17430 W com.vibekey.keyboard: type=1400 audit(0.0:53734): avc: denied { nlmsg_readpriv } for comm=536F636B657420546872656164 scontext=u:r:untrusted_app:s0:c53,c271,c512,c768 tcontext=u:r:untrusted_app:s0:c53,c271,c512,c768 tclass=netlink_route_socket permissive=0 bug=b/155595000 app=com.vibekey.keyboard
06-02 15:51:06.827 17430 17430 W View    : requestLayout() improperly called by helium314.keyboard.latin.panels.BrowserPanelView{26a5979 V.E...... ......I. 0,0-1440,2040} during layout: running second layout pass
06-02 15:51:06.830 17430 17430 W View    : requestLayout() improperly called by helium314.keyboard.latin.panels.BrowserPanelView{26a5979 V.E...... ........ 0,0-1440,2040} during second layout pass: posting in next frame
06-02 15:51:06.844 17430 17430 W View    : requestLayout() improperly called by helium314.keyboard.latin.panels.BrowserPanelView{26a5979 V.E...... ......I. 0,0-1440,2040} during layout: running second layout pass
06-02 15:51:06.847 17430 17430 W View    : requestLayout() improperly called by helium314.keyboard.latin.panels.BrowserPanelView{26a5979 V.E...... ........ 0,0-1440,2040} during second layout pass: posting in next frame
06-02 15:51:06.861 17430 17430 W View    : requestLayout() improperly called by helium314.keyboard.latin.panels.BrowserPanelView{26a5979 V.E...... ......I. 0,0-1440,2040} during layout: running second layout pass
06-02 15:51:06.865 17430 17430 W View    : requestLayout() improperly called by helium314.keyboard.latin.panels.BrowserPanelView{26a5979 V.E...... ........ 0,0-1440,2040} during second layout pass: posting in next frame
06-02 15:51:06.880 17430 17430 W View    : requestLayout() improperly called by helium314.keyboard.latin.panels.BrowserPanelView{26a5979 V.E...... ......I. 0,0-1440,2040} during layout: running second layout pass
06-02 15:51:06.882 17430 17430 W View    : requestLayout() improperly called by helium314.keyboard.latin.panels.BrowserPanelView{26a5979 V.E...... ........ 0,0-1440,2040} during second layout pass: posting in next frame
06-02 15:51:06.896 17430 17430 W View    : requestLayout() improperly called by helium314.keyboard.latin.panels.BrowserPanelView{26a5979 V.E...... ......I. 0,0-1440,2040} during layout: running second layout pass
06-02 15:51:06.903 17430 17430 W View    : requestLayout() improperly called by helium314.keyboard.latin.panels.BrowserPanelView{26a5979 V.E...... ........ 0,0-1440,2040} during second layout pass: posting in next frame
06-02 15:51:06.914 17430 17430 W View    : requestLayout() improperly called by helium314.keyboard.latin.panels.BrowserPanelView{26a5979 V.E...... ......I. 0,0-1440,2040} during layout: running second layout pass
06-02 15:51:06.923 17430 17430 W View    : requestLayout() improperly called by helium314.keyboard.latin.panels.BrowserPanelView{26a5979 V.E...... ........ 0,0-1440,2040} during second layout pass: posting in next frame
06-02 15:51:06.933 17430 17430 W View    : requestLayout() improperly called by helium314.keyboard.latin.panels.BrowserPanelView{26a5979 V.E...... ......I. 0,0-1440,2040} during layout: running second layout pass
06-02 15:51:06.945 17430 17430 W View    : requestLayout() improperly called by helium314.keyboard.latin.panels.BrowserPanelView{26a5979 V.E...... ........ 0,0-1440,2040} during second layout pass: posting in next frame
06-02 15:51:06.946 17430 17430 W View    : requestLayout() improperly called by helium314.keyboard.latin.panels.BrowserPanelView{26a5979 V.E...... ......I. 0,0-1440,2040} during layout: running second layout pass
06-02 15:51:06.950 17430 17430 W View    : requestLayout() improperly called by helium314.keyboard.latin.panels.BrowserPanelView{26a5979 V.E...... ........ 0,0-1440,2040} during second layout pass: posting in next frame
06-02 15:51:06.961 17430 17430 W View    : requestLayout() improperly called by helium314.keyboard.latin.panels.BrowserPanelView{26a5979 V.E...... ......I. 0,0-1440,2040} during layout: running second layout pass
06-02 15:51:06.967 17430 17430 W View    : requestLayout() improperly called by helium314.keyboard.latin.panels.BrowserPanelView{26a5979 V.E...... ........ 0,0-1440,2040} during second layout pass: posting in next frame
06-02 15:51:06.979 17430 17430 W View    : requestLayout() improperly called by helium314.keyboard.latin.panels.BrowserPanelView{26a5979 V.E...... ......I. 0,0-1440,2040} during layout: running second layout pass
06-02 15:51:06.987 17430 17430 W View    : requestLayout() improperly called by helium314.keyboard.latin.panels.BrowserPanelView{26a5979 V.E...... ........ 0,0-1440,2040} during second layout pass: posting in next frame
06-02 15:51:06.998 17430 17430 W View    : requestLayout() improperly called by helium314.keyboard.latin.panels.BrowserPanelView{26a5979 V.E...... ......I. 0,0-1440,2040} during layout: running second layout pass
06-02 15:51:07.007 17430 17430 W View    : requestLayout() improperly called by helium314.keyboard.latin.panels.BrowserPanelView{26a5979 V.E...... ........ 0,0-1440,2040} during second layout pass: posting in next frame
06-02 15:51:07.011 17430 17430 W View    : requestLayout() improperly called by helium314.keyboard.latin.panels.BrowserPanelView{26a5979 V.E...... ......I. 0,0-1440,2040} during layout: running second layout pass
06-02 15:51:07.014 17430 17430 W View    : requestLayout() improperly called by helium314.keyboard.latin.panels.BrowserPanelView{26a5979 V.E...... ........ 0,0-1440,2040} during second layout pass: posting in next frame
06-02 15:51:07.028 17430 17430 W View    : requestLayout() improperly called by helium314.keyboard.latin.panels.BrowserPanelView{26a5979 V.E...... ......I. 0,0-1440,2040} during layout: running second layout pass
06-02 15:51:07.033 17430 17430 W View    : requestLayout() improperly called by helium314.keyboard.latin.panels.BrowserPanelView{26a5979 V.E...... ........ 0,0-1440,2040} during second layout pass: posting in next frame
06-02 15:51:07.045 17430 17430 W View    : requestLayout() improperly called by helium314.keyboard.latin.panels.BrowserPanelView{26a5979 V.E...... ......I. 0,0-1440,2040} during layout: running second layout pass
06-02 15:51:07.051 17430 17430 W View    : requestLayout() improperly called by helium314.keyboard.latin.panels.BrowserPanelView{26a5979 V.E...... ........ 0,0-1440,2040} during second layout pass: posting in next frame
06-02 15:51:07.061 17430 17430 W View    : requestLayout() improperly called by helium314.keyboard.latin.panels.BrowserPanelView{26a5979 V.E...... ......I. 0,0-1440,2040} during layout: running second layout pass
06-02 15:51:07.065 17430 17430 W View    : requestLayout() improperly called by helium314.keyboard.latin.panels.BrowserPanelView{26a5979 V.E...... ........ 0,0-1440,2040} during second layout pass: posting in next frame
06-02 15:51:07.078 17430 17430 W View    : requestLayout() improperly called by helium314.keyboard.latin.panels.BrowserPanelView{26a5979 V.E...... ......I. 0,0-1440,2040} during layout: running second layout pass
06-02 15:51:07.081 17430 17430 W View    : requestLayout() improperly called by helium314.keyboard.latin.panels.BrowserPanelView{26a5979 V.E...... ........ 0,0-1440,2040} during second layout pass: posting in next frame
06-02 15:51:07.094 17430 17430 W View    : requestLayout() improperly called by helium314.keyboard.latin.panels.BrowserPanelView{26a5979 V.E...... ......I. 0,0-1440,2040} during layout: running second layout pass
06-02 15:51:07.098 17430 17430 W View    : requestLayout() improperly called by helium314.keyboard.latin.panels.BrowserPanelView{26a5979 V.E...... ........ 0,0-1440,2040} during second layout pass: posting in next frame
06-02 15:51:07.112 17430 17430 W View    : requestLayout() improperly called by helium314.keyboard.latin.panels.BrowserPanelView{26a5979 V.E...... ......I. 0,0-1440,2040} during layout: running second layout pass
06-02 15:51:07.115 17430 17430 W View    : requestLayout() improperly called by helium314.keyboard.latin.panels.BrowserPanelView{26a5979 V.E...... .......D 0,0-1440,2040} during second layout pass: posting in next frame
06-02 15:51:07.129 17430 17430 W View    : requestLayout() improperly called by helium314.keyboard.latin.panels.BrowserPanelView{26a5979 V.E...... ......ID 0,0-1440,2040} during layout: running second layout pass
06-02 15:51:07.135 17430 17430 W View    : requestLayout() improperly called by helium314.keyboard.latin.panels.BrowserPanelView{26a5979 V.E...... ........ 0,0-1440,2040} during second layout pass: posting in next frame
06-02 15:51:07.145 17430 17430 W View    : requestLayout() improperly called by helium314.keyboard.latin.panels.BrowserPanelView{26a5979 V.E...... ......I. 0,0-1440,2040} during layout: running second layout pass
06-02 15:51:07.148 17430 17430 W View    : requestLayout() improperly called by helium314.keyboard.latin.panels.BrowserPanelView{26a5979 V.E...... ........ 0,0-1440,2040} during second layout pass: posting in next frame
06-02 15:51:07.151 18419 18439 W Isolated Web Content: [JavaScript Warning: "Autoplay is only allowed when approved by the user, the site is activated by the user, or media is muted." {file: "https://www.cnn.com/media/sites/js/bundles/cnn-adfuel-68aea82e3c12aa991ba88c3418167a78a4ba4ae912410f5e81c9e23d1f42677a.min.js" line: 1}]
06-02 15:51:07.163 17430 17430 W View    : requestLayout() improperly called by helium314.keyboard.latin.panels.BrowserPanelView{26a5979 V.E...... ......I. 0,0-1440,2040} during layout: running second layout pass
06-02 15:51:07.171 17430 17430 W View    : requestLayout() improperly called by helium314.keyboard.latin.panels.BrowserPanelView{26a5979 V.E...... ........ 0,0-1440,2040} during second layout pass: posting in next frame
06-02 15:51:07.179 17430 17430 W View    : requestLayout() improperly called by helium314.keyboard.latin.panels.BrowserPanelView{26a5979 V.E...... ......I. 0,0-1440,2040} during layout: running second layout pass
06-02 15:51:07.186 17430 17430 W View    : requestLayout() improperly called by helium314.keyboard.latin.panels.BrowserPanelView{26a5979 V.E...... ........ 0,0-1440,2040} during second layout pass: posting in next frame
06-02 15:51:07.196 17430 17430 W View    : requestLayout() improperly called by helium314.keyboard.latin.panels.BrowserPanelView{26a5979 V.E...... ......I. 0,0-1440,2040} during layout: running second layout pass
06-02 15:51:07.200 17430 17430 W View    : requestLayout() improperly called by helium314.keyboard.latin.panels.BrowserPanelView{26a5979 V.E...... ........ 0,0-1440,2040} during second layout pass: posting in next frame
06-02 15:51:07.212 17430 17430 W View    : requestLayout() improperly called by helium314.keyboard.latin.panels.BrowserPanelView{26a5979 V.E...... ......I. 0,0-1440,2040} during layout: running second layout pass
06-02 15:51:07.218 17430 17430 W View    : requestLayout() improperly called by helium314.keyboard.latin.panels.BrowserPanelView{26a5979 V.E...... ........ 0,0-1440,2040} during second layout pass: posting in next frame
06-02 15:51:07.226 18419 18626 E .keyboard:tab1: ofbOpen failed with error=No such file or directory
06-02 15:51:07.226 18419 18626 E .keyboard:tab1: sysOpen failed with error=No such file or directory
06-02 15:51:07.229 17430 17430 W View    : requestLayout() improperly called by helium314.keyboard.latin.panels.BrowserPanelView{26a5979 V.E...... ......I. 0,0-1440,2040} during layout: running second layout pass
06-02 15:51:07.237 17430 17430 W View    : requestLayout() improperly called by helium314.keyboard.latin.panels.BrowserPanelView{26a5979 V.E...... ........ 0,0-1440,2040} during second layout pass: posting in next frame
06-02 15:51:07.245 17430 17430 W View    : requestLayout() improperly called by helium314.keyboard.latin.panels.BrowserPanelView{26a5979 V.E...... ......I. 0,0-1440,2040} during layout: running second layout pass
06-02 15:51:07.248 17430 17430 W View    : requestLayout() improperly called by helium314.keyboard.latin.panels.BrowserPanelView{26a5979 V.E...... ........ 0,0-1440,2040} during second layout pass: posting in next frame
06-02 15:51:07.261 17430 17430 W View    : requestLayout() improperly called by helium314.keyboard.latin.panels.BrowserPanelView{26a5979 V.E...... ......I. 0,0-1440,2040} during layout: running second layout pass
06-02 15:51:07.267 17430 17430 W View    : requestLayout() improperly called by helium314.keyboard.latin.panels.BrowserPanelView{26a5979 V.E...... ........ 0,0-1440,2040} during second layout pass: posting in next frame
06-02 15:51:07.278 17430 17430 W View    : requestLayout() improperly called by helium314.keyboard.latin.panels.BrowserPanelView{26a5979 V.E...... ......I. 0,0-1440,2040} during layout: running second layout pass
06-02 15:51:07.281 17430 17430 W View    : requestLayout() improperly called by helium314.keyboard.latin.panels.BrowserPanelView{26a5979 V.E...... ........ 0,0-1440,2040} during second layout pass: posting in next frame
06-02 15:51:07.286  7375  7589 W libc    : Access denied finding property "vendor.oplus.media.vpp.stutter"
06-02 15:51:07.286  7375  7589 E MULTIMEDIAConfig: [getInt32:L80] Not find config, Returning default
06-02 15:51:07.286  7375  7589 E MULTIMEDIAConfig: [getInt32:L80] Not find config, Returning default
06-02 15:51:07.286  7375  7589 E OplusACodec: [OplusACodec:204] mSrOsieMMListCheckResult:0x0 mOsieVersion:1
06-02 15:51:07.295 17430 17430 W View    : requestLayout() improperly called by helium314.keyboard.latin.panels.BrowserPanelView{26a5979 V.E...... ......I. 0,0-1440,2040} during layout: running second layout pass
06-02 15:51:07.298 17430 17430 W View    : requestLayout() improperly called by helium314.keyboard.latin.panels.BrowserPanelView{26a5979 V.E...... ........ 0,0-1440,2040} during second layout pass: posting in next frame
06-02 15:51:07.312 17430 17430 W View    : requestLayout() improperly called by helium314.keyboard.latin.panels.BrowserPanelView{26a5979 V.E...... ......I. 0,0-1440,2040} during layout: running second layout pass
06-02 15:51:07.319 17430 17430 W View    : requestLayout() improperly called by helium314.keyboard.latin.panels.BrowserPanelView{26a5979 V.E...... ........ 0,0-1440,2040} during second layout pass: posting in next frame
06-02 15:51:07.326  7375 18634 E OplusACodec: [GetVideoCodingTypeFromMime:L1162] mime:video/avc
06-02 15:51:07.328 17430 17430 W View    : requestLayout() improperly called by helium314.keyboard.latin.panels.BrowserPanelView{26a5979 V.E...... ......I. 0,0-1440,2040} during layout: running second layout pass
06-02 15:51:07.332 17430 17430 W View    : requestLayout() improperly called by helium314.keyboard.latin.panels.BrowserPanelView{26a5979 V.E...... ........ 0,0-1440,2040} during second layout pass: posting in next frame
06-02 15:51:07.345 17430 17430 W View    : requestLayout() improperly called by helium314.keyboard.latin.panels.BrowserPanelView{26a5979 V.E...... ......I. 0,0-1440,2040} during layout: running second layout pass
06-02 15:51:07.348 17430 17430 W View    : requestLayout() improperly called by helium314.keyboard.latin.panels.BrowserPanelView{26a5979 V.E...... ........ 0,0-1440,2040} during second layout pass: posting in next frame
06-02 15:51:07.361 17430 17430 W View    : requestLayout() improperly called by helium314.keyboard.latin.panels.BrowserPanelView{26a5979 V.E...... ......I. 0,0-1440,2040} during layout: running second layout pass
06-02 15:51:07.365 17430 17430 W View    : requestLayout() improperly called by helium314.keyboard.latin.panels.BrowserPanelView{26a5979 V.E...... ........ 0,0-1440,2040} during second layout pass: posting in next frame
06-02 15:51:07.370  7375  8952 W libc    : Access denied finding property "vendor.oplus.media.vpp.stutter"
06-02 15:51:07.378 17430 17430 W View    : requestLayout() improperly called by helium314.keyboard.latin.panels.BrowserPanelView{26a5979 V.E...... ......I. 0,0-1440,2040} during layout: running second layout pass
06-02 15:51:07.381 17430 17430 W View    : requestLayout() improperly called by helium314.keyboard.latin.panels.BrowserPanelView{26a5979 V.E...... ........ 0,0-1440,2040} during second layout pass: posting in next frame
06-02 15:51:07.390  7375 18638 W Codec2Client: query -- param skipped: index = 1107298332.
06-02 15:51:07.393  7375 18638 W Codec2Client: query -- param skipped: index = 1342179345.
06-02 15:51:07.393  7375 18638 W Codec2Client: query -- param skipped: index = 2415921170.
06-02 15:51:07.393  7375 18638 W Codec2Client: query -- param skipped: index = 1610614798.
06-02 15:51:07.395 17430 17430 W View    : requestLayout() improperly called by helium314.keyboard.latin.panels.BrowserPanelView{26a5979 V.E...... ......I. 0,0-1440,2040} during layout: running second layout pass
06-02 15:51:07.398 17430 17430 W View    : requestLayout() improperly called by helium314.keyboard.latin.panels.BrowserPanelView{26a5979 V.E...... ........ 0,0-1440,2040} during second layout pass: posting in next frame
06-02 15:51:07.402  7375  8952 W libc    : Access denied finding property "vendor.oplus.media.vpp.stutter"
06-02 15:51:07.403  7375  8952 E MULTIMEDIAConfig: [getInt32:L80] Not find config, Returning default
06-02 15:51:07.403  7375  8952 E MULTIMEDIAConfig: [getInt32:L80] Not find config, Returning default
06-02 15:51:07.403  7375  8952 E OplusACodec: [OplusACodec:204] mSrOsieMMListCheckResult:0x0 mOsieVersion:1
06-02 15:51:07.412 17430 17430 W View    : requestLayout() improperly called by helium314.keyboard.latin.panels.BrowserPanelView{26a5979 V.E...... ......I. 0,0-1440,2040} during layout: running second layout pass
06-02 15:51:07.418 17430 17430 W View    : requestLayout() improperly called by helium314.keyboard.latin.panels.BrowserPanelView{26a5979 V.E...... ........ 0,0-1440,2040} during second layout pass: posting in next frame
06-02 15:51:07.428 17430 17430 W View    : requestLayout() improperly called by helium314.keyboard.latin.panels.BrowserPanelView{26a5979 V.E...... ......I. 0,0-1440,2040} during layout: running second layout pass
06-02 15:51:07.433 17430 17430 W View    : requestLayout() improperly called by helium314.keyboard.latin.panels.BrowserPanelView{26a5979 V.E...... ........ 0,0-1440,2040} during second layout pass: posting in next frame
06-02 15:51:07.433  7375 18641 E OplusACodec: [GetVideoCodingTypeFromMime:L1162] mime:video/avc
06-02 15:51:07.445 17430 17430 W View    : requestLayout() improperly called by helium314.keyboard.latin.panels.BrowserPanelView{26a5979 V.E...... ......I. 0,0-1440,2040} during layout: running second layout pass
06-02 15:51:07.449 17430 17430 W View    : requestLayout() improperly called by helium314.keyboard.latin.panels.BrowserPanelView{26a5979 V.E...... ........ 0,0-1440,2040} during second layout pass: posting in next frame
06-02 15:51:07.462 17430 17430 W View    : requestLayout() improperly called by helium314.keyboard.latin.panels.BrowserPanelView{26a5979 V.E...... ......I. 0,0-1440,2040} during layout: running second layout pass
06-02 15:51:07.465 17430 17430 W View    : requestLayout() improperly called by helium314.keyboard.latin.panels.BrowserPanelView{26a5979 V.E...... ........ 0,0-1440,2040} during second layout pass: posting in next frame
06-02 15:51:07.479 17430 17430 W View    : requestLayout() improperly called by helium314.keyboard.latin.panels.BrowserPanelView{26a5979 V.E...... ......I. 0,0-1440,2040} during layout: running second layout pass
06-02 15:51:07.482 17430 17430 W View    : requestLayout() improperly called by helium314.keyboard.latin.panels.BrowserPanelView{26a5979 V.E...... ........ 0,0-1440,2040} during second layout pass: posting in next frame
06-02 15:51:07.495 17430 17430 W View    : requestLayout() improperly called by helium314.keyboard.latin.panels.BrowserPanelView{26a5979 V.E...... ......I. 0,0-1440,2040} during layout: running second layout pass
06-02 15:51:07.503 17430 17430 W View    : requestLayout() improperly called by helium314.keyboard.latin.panels.BrowserPanelView{26a5979 V.E...... ........ 0,0-1440,2040} during second layout pass: posting in next frame
06-02 15:51:07.548 17430 17430 W View    : requestLayout() improperly called by helium314.keyboard.latin.panels.BrowserPanelView{26a5979 V.E...... ......I. 0,0-1440,2040} during layout: running second layout pass
06-02 15:51:07.555 17430 17430 W View    : requestLayout() improperly called by helium314.keyboard.latin.panels.BrowserPanelView{26a5979 V.E...... ........ 0,0-1440,2040} during second layout pass: posting in next frame
06-02 15:51:07.556 17430 17430 W View    : requestLayout() improperly called by helium314.keyboard.latin.panels.BrowserPanelView{26a5979 V.E...... ......I. 0,0-1440,2040} during layout: running second layout pass
06-02 15:51:07.560 17430 17430 W View    : requestLayout() improperly called by helium314.keyboard.latin.panels.BrowserPanelView{26a5979 V.E...... ........ 0,0-1440,2040} during second layout pass: posting in next frame
06-02 15:51:07.563 17430 17430 W View    : requestLayout() improperly called by helium314.keyboard.latin.panels.BrowserPanelView{26a5979 V.E...... ......I. 0,0-1440,2040} during layout: running second layout pass
06-02 15:51:07.567 17430 17430 W View    : requestLayout() improperly called by helium314.keyboard.latin.panels.BrowserPanelView{26a5979 V.E...... ........ 0,0-1440,2040} during second layout pass: posting in next frame
06-02 15:51:07.577  7375  7589 W libc    : Access denied finding property "vendor.oplus.media.vpp.stutter"
06-02 15:51:07.579 17430 17430 W View    : requestLayout() improperly called by helium314.keyboard.latin.panels.BrowserPanelView{26a5979 V.E...... ......I. 0,0-1440,2040} during layout: running second layout pass
06-02 15:51:07.582 17430 17430 W View    : requestLayout() improperly called by helium314.keyboard.latin.panels.BrowserPanelView{26a5979 V.E...... ........ 0,0-1440,2040} during second layout pass: posting in next frame
06-02 15:51:07.594  7375 18646 W Codec2Client: query -- param skipped: index = 1107298332.
06-02 15:51:07.596  7375 18646 W Codec2Client: query -- param skipped: index = 1342179345.
06-02 15:51:07.596  7375 18646 W Codec2Client: query -- param skipped: index = 2415921170.
06-02 15:51:07.596  7375 18646 W Codec2Client: query -- param skipped: index = 1610614798.
06-02 15:51:07.596 17430 17430 W View    : requestLayout() improperly called by helium314.keyboard.latin.panels.BrowserPanelView{26a5979 V.E...... ......I. 0,0-1440,2040} during layout: running second layout pass
06-02 15:51:07.600 17430 17430 W View    : requestLayout() improperly called by helium314.keyboard.latin.panels.BrowserPanelView{26a5979 V.E...... ........ 0,0-1440,2040} during second layout pass: posting in next frame
06-02 15:51:07.604  7375  8952 W libc    : Access denied finding property "vendor.oplus.media.vpp.stutter"
06-02 15:51:07.604  7375  8952 E MULTIMEDIAConfig: [getInt32:L80] Not find config, Returning default
06-02 15:51:07.604  7375  8952 E MULTIMEDIAConfig: [getInt32:L80] Not find config, Returning default
06-02 15:51:07.604  7375  8952 E OplusACodec: [OplusACodec:204] mSrOsieMMListCheckResult:0x0 mOsieVersion:1
06-02 15:51:07.616 17430 17430 W View    : requestLayout() improperly called by helium314.keyboard.latin.panels.BrowserPanelView{26a5979 V.E...... ......I. 0,0-1440,2040} during layout: running second layout pass
06-02 15:51:07.620 17430 17430 W View    : requestLayout() improperly called by helium314.keyboard.latin.panels.BrowserPanelView{26a5979 V.E...... ........ 0,0-1440,2040} during second layout pass: posting in next frame
06-02 15:51:07.631 17430 17430 W View    : requestLayout() improperly called by helium314.keyboard.latin.panels.BrowserPanelView{26a5979 V.E...... ......I. 0,0-1440,2040} during layout: running second layout pass
06-02 15:51:07.634 17430 17430 W View    : requestLayout() improperly called by helium314.keyboard.latin.panels.BrowserPanelView{26a5979 V.E...... ........ 0,0-1440,2040} during second layout pass: posting in next frame
06-02 15:51:07.650 17430 17430 W View    : requestLayout() improperly called by helium314.keyboard.latin.panels.BrowserPanelView{26a5979 V.E...... ......I. 0,0-1440,2040} during layout: running second layout pass
06-02 15:51:07.654 17430 17430 W View    : requestLayout() improperly called by helium314.keyboard.latin.panels.BrowserPanelView{26a5979 V.E...... ........ 0,0-1440,2040} during second layout pass: posting in next frame
06-02 15:51:07.662 17430 17430 W View    : requestLayout() improperly called by helium314.keyboard.latin.panels.BrowserPanelView{26a5979 V.E...... ......I. 0,0-1440,2040} during layout: running second layout pass
06-02 15:51:07.666 17430 17430 W View    : requestLayout() improperly called by helium314.keyboard.latin.panels.BrowserPanelView{26a5979 V.E...... ........ 0,0-1440,2040} during second layout pass: posting in next frame
06-02 15:51:07.679 17430 17430 W View    : requestLayout() improperly called by helium314.keyboard.latin.panels.BrowserPanelView{26a5979 V.E...... ......I. 0,0-1440,2040} during layout: running second layout pass
06-02 15:51:07.683 17430 17430 W View    : requestLayout() improperly called by helium314.keyboard.latin.panels.BrowserPanelView{26a5979 V.E...... ........ 0,0-1440,2040} during second layout pass: posting in next frame
06-02 15:51:07.696 17430 17430 W View    : requestLayout() improperly called by helium314.keyboard.latin.panels.BrowserPanelView{26a5979 V.E...... ......I. 0,0-1440,2040} during layout: running second layout pass
06-02 15:51:07.699 17430 17430 W View    : requestLayout() improperly called by helium314.keyboard.latin.panels.BrowserPanelView{26a5979 V.E...... ........ 0,0-1440,2040} during second layout pass: posting in next frame
06-02 15:51:07.712 17430 17430 W View    : requestLayout() improperly called by helium314.keyboard.latin.panels.BrowserPanelView{26a5979 V.E...... ......I. 0,0-1440,2040} during layout: running second layout pass
06-02 15:51:07.717 17430 17430 W View    : requestLayout() improperly called by helium314.keyboard.latin.panels.BrowserPanelView{26a5979 V.E...... ........ 0,0-1440,2040} during second layout pass: posting in next frame
06-02 15:51:07.723  7375 18650 E OplusACodec: [GetVideoCodingTypeFromMime:L1162] mime:video/avc
06-02 15:51:07.731 17430 17430 W View    : requestLayout() improperly called by helium314.keyboard.latin.panels.BrowserPanelView{26a5979 V.E...... ......I. 0,0-1440,2040} during layout: running second layout pass
06-02 15:51:07.736 17430 17430 W View    : requestLayout() improperly called by helium314.keyboard.latin.panels.BrowserPanelView{26a5979 V.E...... ........ 0,0-1440,2040} during second layout pass: posting in next frame
06-02 15:51:07.747 17430 17430 W View    : requestLayout() improperly called by helium314.keyboard.latin.panels.BrowserPanelView{26a5979 V.E...... ......I. 0,0-1440,2040} during layout: running second layout pass
06-02 15:51:07.753 17430 17430 W View    : requestLayout() improperly called by helium314.keyboard.latin.panels.BrowserPanelView{26a5979 V.E...... ........ 0,0-1440,2040} during second layout pass: posting in next frame
06-02 15:51:07.759 18419 18439 W Isolated Web Content: [JavaScript Warning: "Autoplay is only allowed when approved by the user, the site is activated by the user, or media is muted." {file: "https://www.cnn.com/" line: 0}]
06-02 15:51:07.763 17430 17430 W View    : requestLayout() improperly called by helium314.keyboard.latin.panels.BrowserPanelView{26a5979 V.E...... ......I. 0,0-1440,2040} during layout: running second layout pass
06-02 15:51:07.768 17430 17430 W View    : requestLayout() improperly called by helium314.keyboard.latin.panels.BrowserPanelView{26a5979 V.E...... ........ 0,0-1440,2040} during second layout pass: posting in next frame
06-02 15:51:07.781 17430 17430 W View    : requestLayout() improperly called by helium314.keyboard.latin.panels.BrowserPanelView{26a5979 V.E...... ......I. 0,0-1440,2040} during layout: running second layout pass
06-02 15:51:07.784 17430 17430 W View    : requestLayout() improperly called by helium314.keyboard.latin.panels.BrowserPanelView{26a5979 V.E...... ........ 0,0-1440,2040} during second layout pass: posting in next frame
06-02 15:51:07.801 17430 17430 W View    : requestLayout() improperly called by helium314.keyboard.latin.panels.BrowserPanelView{26a5979 V.E...... ......I. 0,0-1440,2040} during layout: running second layout pass
06-02 15:51:07.805 17430 17430 W View    : requestLayout() improperly called by helium314.keyboard.latin.panels.BrowserPanelView{26a5979 V.E...... ........ 0,0-1440,2040} during second layout pass: posting in next frame
06-02 15:51:07.813 17430 17430 W View    : requestLayout() improperly called by helium314.keyboard.latin.panels.BrowserPanelView{26a5979 V.E...... ......I. 0,0-1440,2040} during layout: running second layout pass
06-02 15:51:07.817 17430 17430 W View    : requestLayout() improperly called by helium314.keyboard.latin.panels.BrowserPanelView{26a5979 V.E...... ........ 0,0-1440,2040} during second layout pass: posting in next frame
06-02 15:51:07.830 17430 17430 W View    : requestLayout() improperly called by helium314.keyboard.latin.panels.BrowserPanelView{26a5979 V.E...... ......I. 0,0-1440,2040} during layout: running second layout pass
06-02 15:51:07.835 17430 17430 W View    : requestLayout() improperly called by helium314.keyboard.latin.panels.BrowserPanelView{26a5979 V.E...... ........ 0,0-1440,2040} during second layout pass: posting in next frame
06-02 15:51:07.846 17430 17430 W View    : requestLayout() improperly called by helium314.keyboard.latin.panels.BrowserPanelView{26a5979 V.E...... ......I. 0,0-1440,2040} during layout: running second layout pass
06-02 15:51:07.849 17430 17430 W View    : requestLayout() improperly called by helium314.keyboard.latin.panels.BrowserPanelView{26a5979 V.E...... ........ 0,0-1440,2040} during second layout pass: posting in next frame
06-02 15:51:07.859  7375  7389 W libc    : Access denied finding property "vendor.oplus.media.vpp.stutter"
06-02 15:51:07.863 17430 17430 W View    : requestLayout() improperly called by helium314.keyboard.latin.panels.BrowserPanelView{26a5979 V.E...... ......I. 0,0-1440,2040} during layout: running second layout pass
06-02 15:51:07.866 17430 17430 W View    : requestLayout() improperly called by helium314.keyboard.latin.panels.BrowserPanelView{26a5979 V.E...... ........ 0,0-1440,2040} during second layout pass: posting in next frame
06-02 15:51:07.866  7375  7389 E MULTIMEDIAConfig: [getInt32:L80] Not find config, Returning default
06-02 15:51:07.866  7375  7389 E MULTIMEDIAConfig: [getInt32:L80] Not find config, Returning default
06-02 15:51:07.866  7375  7389 E OplusACodec: [OplusACodec:204] mSrOsieMMListCheckResult:0x0 mOsieVersion:1
06-02 15:51:07.883 17430 17430 W View    : requestLayout() improperly called by helium314.keyboard.latin.panels.BrowserPanelView{26a5979 V.E...... ......I. 0,0-1440,2040} during layout: running second layout pass
