=== VibeKey 4.5.149 (4517) ===

--------- beginning of system
07-22 22:35:47.464 22659 22659 E OplusCustomizeRestrictionManager: sInstance is null, start a new sInstance
--------- beginning of main
07-22 22:36:36.738 22659 23171 I VkSuggestions: strip prediction typedLen=0 candidates=3 autocorrect=false top=len=2 locale=hi token=128 gen=5
07-22 22:36:36.739 22659 22659 I VkStripPipeline: setSuggestions prediction size=3 style=7 token=128 gen=5
07-22 22:36:36.740 22659 22659 I VkSuggestions: stripUi prediction=true children=5 [len=1|len=2|len=1]
07-22 22:36:36.740 22659 22659 I VkStripPipeline: slotBind prediction children=5 [len=1|len=2|len=1]
07-22 22:36:37.686 22659 22659 I VkEffects: keyPressAnim burst=1 type=scale lastPhase=down
07-22 22:36:37.794 22659 22659 I VkKeyPress: keys pressed=210
07-22 22:36:37.794 22659 22659 I VkStripPipeline: langSwitch main=hi token=130 gen=6
07-22 22:36:37.798 22659 22659 I VkStripPipeline: setSuggestions composing size=0 style=0 token=-1 gen=-1
07-22 22:36:37.798 22659 22659 I VkStripPipeline: slotBind composing children=0 []
07-22 22:36:37.800 22659 22659 I VkLanguageSettings: select pt-BR
07-22 22:36:37.818 22659 22659 I VkDictionaries: ✓ open emoji pt-BR
07-22 22:36:37.852 22659 22659 I VkLanguageSettings: cycle dir=1 → pt-BR
07-22 22:36:37.865 22659 23618 I VkMultilingual: reset main=pt-BR locales=[pt] count=1
07-22 22:36:37.867 22659 23618 I VkDictionaries: ▶ async reload main dicts locales=1
07-22 22:36:37.873 22659 23618 I VkDictionaries: ✓ open main pt-BR
07-22 22:36:37.873 22659 23618 I VkDictionaries: ✓ open emoji pt-BR
07-22 22:36:37.873 22659 23618 I VkDictionaries: collection pt-BR dicts=2 emoji=true
07-22 22:36:38.265 22659 22659 I VkKeyPreview: show key=printable instant=true pool showing=1 free=3
07-22 22:36:38.266 22659 22659 I VkKeyPreview: popupAnim key=printable type=instant dur=0ms scale=1.0
07-22 22:36:38.386 22659 22659 I VkKeyPreview: dismiss key=printable reason=release_anim pool showing=0 free=4
07-22 22:36:38.512 22659 23171 W VibeKeyProfiler: Slow Native Suggest: Total=9.32ms | Init=0.02ms | TrieExpand(x15)=9.26ms | Scoring=0.04ms | inputSize=1
07-22 22:36:38.524 22659 23171 W VibeKeyProfiler: Slow Native Suggest: Total=9.76ms | Init=0.02ms | TrieExpand(x15)=9.72ms | Scoring=0.03ms | inputSize=1
07-22 22:36:38.524 22659 23171 I VkSuggestions: decode typedLen=1 candidates=18 locales=1 24,5ms
07-22 22:36:38.524 22659 23171 W VkSuggestions: slow frame 24,5ms locales=1 typedLen=1 candidates=18
07-22 22:36:38.529 22659 23171 I VkSuggestions: strip composing typedLen=1 candidates=19 autocorrect=false top=len=1 locale=pt token=132 gen=6
07-22 22:36:38.529 22659 22659 I VkStripPipeline: setSuggestions composing size=19 style=1 token=132 gen=6 typed=len=1
07-22 22:36:38.531 22659 22659 I VkSuggestions: stripUi prediction=false children=5 [len=1|len=2|len=4]
07-22 22:36:38.531 22659 22659 I VkStripPipeline: slotBind composing children=5 [len=1|len=2|len=4]
07-22 22:36:38.539 22659 22659 I VkKeyPreview: show key=printable instant=true pool showing=1 free=3
07-22 22:36:38.539 22659 22659 I VkKeyPreview: popupAnim key=printable type=instant dur=0ms scale=1.0
07-22 22:36:38.621 22659 22659 I VkKeyPreview: dismiss key=printable reason=release_anim pool showing=0 free=4
07-22 22:36:38.738 22659 23171 I VkSuggestions: decode typedLen=2 candidates=18 locales=1 12,8ms
07-22 22:36:38.739 22659 23171 I VkTextCorrection: threshold len=2→len=2 score=0,000 thr=0,140 ○
07-22 22:36:38.739 22659 23171 I VkSuggestions: strip composing typedLen=2 candidates=15 autocorrect=false top=len=2 locale=pt token=133 gen=6
07-22 22:36:38.740 22659 22659 I VkStripPipeline: setSuggestions composing size=15 style=1 token=133 gen=6 typed=len=2
07-22 22:36:38.741 22659 22659 I VkSuggestions: stripUi prediction=false children=5 [len=2|len=2|len=2]
07-22 22:36:38.741 22659 22659 I VkStripPipeline: slotBind composing children=5 [len=2|len=2|len=2]
07-22 22:36:38.743 22659 22659 I VkKeyPreview: show key=printable instant=true pool showing=1 free=3
07-22 22:36:38.743 22659 22659 I VkKeyPreview: popupAnim key=printable type=instant dur=0ms scale=1.0
07-22 22:36:38.830 22659 22659 I VkKeyPreview: dismiss key=printable reason=release_anim pool showing=0 free=4
07-22 22:36:38.925 22659 22659 I VkKeyPreview: show key=printable instant=true pool showing=1 free=3
07-22 22:36:38.925 22659 22659 I VkKeyPreview: popupAnim key=printable type=instant dur=0ms scale=1.0
07-22 22:36:38.940 22659 23171 I VkSuggestions: decode typedLen=3 candidates=18 locales=1 6,7ms
07-22 22:36:38.940 22659 23171 I VkTextCorrection: threshold len=3→len=2 score=0,000 thr=0,140 ○
07-22 22:36:38.941 22659 23171 I VkSuggestions: strip composing typedLen=3 candidates=18 autocorrect=false top=len=3 locale=pt token=135 gen=6
07-22 22:36:38.941 22659 22659 I VkStripPipeline: setSuggestions composing size=18 style=1 token=135 gen=6 typed=len=3
07-22 22:36:38.942 22659 22659 I VkSuggestions: stripUi prediction=false children=5 [len=3|len=2|len=3]
07-22 22:36:38.942 22659 22659 I VkStripPipeline: slotBind composing children=5 [len=3|len=2|len=3]
07-22 22:36:39.017 22659 22659 I VkKeyPreview: dismiss key=printable reason=release_anim pool showing=0 free=4
07-22 22:36:39.153 22659 22659 I VkEffects: reload keyPress=scale popup=none popupFx=true blur=562px glow=true stickers=true
07-22 22:36:39.160 22659 22659 I VkKeyPreview: show key=printable instant=true pool showing=1 free=0
07-22 22:36:39.160 22659 22659 I VkKeyPreview: popupAnim key=printable type=instant dur=0ms scale=1.0
07-22 22:36:39.168 22659 23171 I VkSuggestions: decode typedLen=4 candidates=18 locales=1 6,0ms
07-22 22:36:39.168 22659 23171 I VkTextCorrection: threshold len=4→len=4 score=0,000 thr=0,140 ○
07-22 22:36:39.169 22659 23171 I VkSuggestions: strip composing typedLen=4 candidates=16 autocorrect=false top=len=4 locale=pt token=136 gen=6
07-22 22:36:39.169 22659 22659 I VkStripPipeline: setSuggestions composing size=16 style=1 token=136 gen=6 typed=len=4
07-22 22:36:39.170 22659 22659 I VkSuggestions: stripUi prediction=false children=5 [len=4|len=4|len=4]
07-22 22:36:39.170 22659 22659 I VkStripPipeline: slotBind composing children=5 [len=4|len=4|len=4]
07-22 22:36:39.188 22659 22659 I VkKeyPreview: dismiss key=printable reason=release_anim pool showing=0 free=1
07-22 22:36:39.222 22659 22659 I VkKeyPreview: show key=printable instant=true pool showing=1 free=0
07-22 22:36:39.222 22659 22659 I VkKeyPreview: popupAnim key=printable type=instant dur=0ms scale=1.0
07-22 22:36:39.295 22659 23171 I VkSuggestions: decode typedLen=5 candidates=18 locales=1 4,3ms
07-22 22:36:39.296 22659 23171 I VkTextCorrection: threshold len=5→len=5 score=0,000 thr=0,140 ○
07-22 22:36:39.296 22659 23171 I VkSuggestions: strip composing typedLen=5 candidates=19 autocorrect=false top=len=5 locale=pt token=137 gen=6
07-22 22:36:39.297 22659 22659 I VkStripPipeline: setSuggestions composing size=19 style=1 token=137 gen=6 typed=len=5
07-22 22:36:39.299 22659 22659 I VkSuggestions: stripUi prediction=false children=5 [len=5|len=5|len=5]
07-22 22:36:39.299 22659 22659 I VkStripPipeline: slotBind composing children=5 [len=5|len=5|len=5]
07-22 22:36:39.303 22659 22659 I VkKeyPreview: dismiss key=printable reason=release_anim pool showing=0 free=1
07-22 22:36:39.427 22659 23171 I VkSuggestions: decode typedLen=6 candidates=18 locales=1 5,7ms
07-22 22:36:39.428 22659 23171 I VkTextCorrection: threshold len=6→len=6 score=0,000 thr=0,140 ○
07-22 22:36:39.428 22659 23171 I VkSuggestions: strip composing typedLen=6 candidates=18 autocorrect=false top=len=6 locale=pt token=137 gen=6
07-22 22:36:39.429 22659 22659 I VkStripPipeline: setSuggestions composing size=18 style=1 token=137 gen=6 typed=len=6
07-22 22:36:39.430 22659 22659 I VkSuggestions: stripUi prediction=false children=5 [len=6|len=6|len=5]
07-22 22:36:39.430 22659 22659 I VkStripPipeline: slotBind composing children=5 [len=6|len=6|len=5]
07-22 22:36:39.706 22659 22659 W VkStall : MAIN-THREAD STALL 134ms during: >>>>> Dispatching to Handler (android.os.Handler) {aa7f21c} g9.u@60c8b28: 0
07-22 22:36:40.854 22659 22659 I VkKeyPress: strip pick code=-10060
07-22 22:36:40.862 22659 22659 I VkPanels: ▶ open ai_theme
07-22 22:36:40.940 22659 23955 E ibekey.keyboar: Attempt to load writable dex file: /data/user/0/com.vibekey.keyboard/app_yqzdkcache/rbp/1770852720500.jar
07-22 22:36:40.954 22659 23954 W Ads     : Invoke Firebase method getInstance error.
07-22 22:36:40.954 22659 23954 W Ads     : The Google Mobile Ads SDK will not integrate with Firebase. Admob/Firebase integration requires the latest Firebase SDK jar, but Firebase SDK is either missing or out of date
07-22 22:36:40.966 22659 23938 W ServiceBindIntentUtils: Dynamic lookup for intent failed for action: com.google.android.gms.ads.service.CACHE
07-22 22:36:41.021 22659 23971 W ServiceBindIntentUtils: Dynamic lookup for intent failed for action: com.google.android.gms.ads.service.START
07-22 22:36:41.028 22659 23940 W Ads     : Not retrying to fetch app settings
07-22 22:36:41.731 22659 22659 I VkPanels: ▶ open favorites
07-22 22:36:41.868 22659 22659 W VkStall : MAIN-THREAD STALL 146ms during: >>>>> Dispatching to Handler (android.view.ViewRootImpl$ViewRootHandler) {29d1e88} android.view.View$PerformClick@544407a: 0
07-22 22:36:42.104 22659 22659 I VkEffects: reload keyPress=scale popup=scale popupFx=true blur=0px glow=false stickers=true
07-22 22:36:42.224 22659 22659 W VkStall : MAIN-THREAD STALL 123ms during: >>>>> Dispatching to Handler (android.os.Handler) {aa7f21c} g9.u@60c8b28: 0
07-22 22:36:42.476 22659 22659 W VkStall : MAIN-THREAD STALL 148ms during: >>>>> Dispatching to Handler (android.os.Handler) {aa7f21c} g9.u@60c8b28: 0
07-22 22:36:42.810 22659 22659 E Ads     : JS: Uncaught TypeError: Cannot read properties of null (reading 's') (https://pagead2.googlesyndication.com/omsdk/releases/live/omsdk-v1.js:27)
07-22 22:36:42.878 22659 22659 W Ads     : GET LOCATION COMPILED
07-22 22:36:43.103 22659 22659 E Ads     : JS: Refused to get unsafe header "X-Afma-Gcache-IsGcacheHit" (https://www.gstatic.com/mysidia/de28559923ac1e0d0f3fe91ec2f8fac0.js?tag=addon/rewarded_brand_video:683)
07-22 22:36:43.262 22659 22659 E Ads     : JS: Refused to get unsafe header "X-Afma-Gcache-IsGcacheHit" (https://www.gstatic.com/mysidia/de28559923ac1e0d0f3fe91ec2f8fac0.js?tag=addon/rewarded_brand_video:683)
07-22 22:36:43.389 22659 22659 E Ads     : JS: Refused to get unsafe header "X-Afma-Gcache-IsGcacheHit" (https://www.gstatic.com/mysidia/de28559923ac1e0d0f3fe91ec2f8fac0.js?tag=addon/rewarded_brand_video:683)
07-22 22:36:43.438 22659 22796 W libc    : Access denied finding property "vendor.oplus.media.vpp.stutter"
07-22 22:36:43.449 22659 22796 E MULTIMEDIAConfig: [getInt32:L80] Not find config, Returning default
07-22 22:36:43.449 22659 22796 E MULTIMEDIAConfig: [getInt32:L80] Not find config, Returning default
07-22 22:36:43.449 22659 22796 E OplusACodec: [OplusACodec:204] mSrOsieMMListCheckResult:0x0 mOsieVersion:1
07-22 22:36:43.498 22690 22690 W LlmEngineService: Severe memory pressure (15); evicting on-device LLM.
07-22 22:36:43.562 22659 22659 W VkStall : MAIN-THREAD STALL 147ms during: >>>>> Dispatching to Handler (android.os.Handler) {aa7f21c} g9.u@60c8b28: 0
07-22 22:36:43.597 22659 22659 I VkFavorites: apply len=11
07-22 22:36:43.629 22659 24085 E OplusACodec: [GetVideoCodingTypeFromMime:L1162] mime:video/x-vnd.on2.vp9
07-22 22:36:43.807 22659 22659 W VkStall : MAIN-THREAD STALL 212ms during: >>>>> Dispatching to Handler (android.view.ViewRootImpl$ViewRootHandler) {29d1e88} android.view.View$PerformClick@2c4f06d: 0
07-22 22:36:43.823 22659 22659 W View    : requestLayout() improperly called by android.widget.LinearLayout{455de62 V.E...... ......ID 0,1023-1440,2818 #7f0a00fc app:id/main_keyboard_frame} during layout: running second layout pass
07-22 22:36:44.094 22659 22659 W VkStall : MAIN-THREAD STALL 217ms during: >>>>> Dispatching to Handler (android.view.ViewRootImpl$ViewRootHandler) {29d1e88} g9.n0@558d710: 0
07-22 22:36:44.336 22659 22659 W VkStall : MAIN-THREAD STALL 126ms during: >>>>> Dispatching to Handler (android.os.Handler) {e7b87b6} g9.u@52bb59e: 0
07-22 22:36:44.380 22659 22796 W cr_MediaCodecBridge: Releasing: OMX.qcom.video.decoder.vp9
07-22 22:36:44.388 22659 24073 E ExtensionsLoader: freeAllBuffers: 15 buffers were freed while being dequeued!
07-22 22:36:44.395 22659 22796 W cr_MediaCodecBridge: Codec released
07-22 22:36:44.612 22659 22659 W VkStall : MAIN-THREAD STALL 163ms during: >>>>> Dispatching to Handler (android.os.Handler) {e7b87b6} g9.u@52bb59e: 0
07-22 22:36:44.617 22659 22659 I VkKeyPress: strip pick code=-10060
07-22 22:36:44.620 22659 22659 I VkPanels: ○ close ai_theme
07-22 22:36:44.639 22659 22659 I VkVibeCards: ○ sticker skipped: session_inactive
07-22 22:36:44.701 22690 22690 W LlmEngineService: Severe memory pressure (15); evicting on-device LLM.
07-22 22:36:45.159 22659 22659 I VkKeyPreview: show key=printable instant=true pool showing=1 free=0
07-22 22:36:45.159 22659 22659 I VkKeyPreview: popupAnim key=printable type=instant dur=0ms scale=1.0
07-22 22:36:45.256 22659 22659 I VkKeyPreview: dismiss key=printable reason=release_anim pool showing=0 free=1
07-22 22:36:45.257 22659 22659 I VkKeyPress: keys pressed=217
07-22 22:36:45.366 22659 22659 I VkKeyPreview: show key=printable instant=true pool showing=1 free=0
07-22 22:36:45.366 22659 22659 I VkKeyPreview: popupAnim key=printable type=instant dur=0ms scale=1.0
07-22 22:36:45.414 22659 23171 I VkNgram : merge locale=pt prev=len=7 preds=8 contextual=0 assets=true
07-22 22:36:45.419 22659 23171 I VkSuggestions: strip prediction typedLen=0 candidates=3 autocorrect=false top=len=1 locale=pt token=149 gen=6
07-22 22:36:45.419 22659 22659 I VkStripPipeline: setSuggestions prediction size=3 style=6 token=149 gen=6
07-22 22:36:45.421 22659 22659 I VkSuggestions: stripUi prediction=true children=5 [len=1|len=1|len=2]
07-22 22:36:45.421 22659 22659 I VkStripPipeline: slotBind prediction children=5 [len=1|len=1|len=2]
07-22 22:36:45.455 22659 22659 I VkKeyPreview: dismiss key=printable reason=release_anim pool showing=0 free=1
07-22 22:36:45.567 22659 23171 I VkNgram : merge locale=pt prev=len=8 preds=8 contextual=0 assets=true
07-22 22:36:45.573 22659 22659 I VkKeyPreview: show key=printable instant=true pool showing=1 free=0
07-22 22:36:45.573 22659 22659 I VkKeyPreview: popupAnim key=printable type=instant dur=0ms scale=1.0
07-22 22:36:45.649 22659 22659 I VkKeyPreview: dismiss key=printable reason=release_anim pool showing=0 free=1
07-22 22:36:45.766 22659 23171 I VkNgram : merge locale=pt prev=len=9 preds=8 contextual=0 assets=true
07-22 22:36:45.766 22659 23171 I VkTextCorrection: rerank prediction head len=1→len=1
07-22 22:36:45.767 22659 23171 I VkSuggestions: strip prediction typedLen=0 candidates=3 autocorrect=false top=len=1 locale=pt token=150 gen=6
07-22 22:36:45.767 22659 22659 I VkStripPipeline: setSuggestions prediction size=3 style=6 token=150 gen=6
07-22 22:36:45.768 22659 22659 I VkSuggestions: stripUi prediction=true children=5 [len=2|len=1|len=2]
07-22 22:36:45.768 22659 22659 I VkStripPipeline: slotBind prediction children=5 [len=2|len=1|len=2]
07-22 22:36:46.310 22659 22659 I VkKeyPreview: show key=printable instant=true pool showing=1 free=0
07-22 22:36:46.310 22659 22659 I VkKeyPreview: popupAnim key=printable type=instant dur=0ms scale=1.0
07-22 22:36:46.384 22659 22659 I VkKeyPreview: dismiss key=printable reason=release_anim pool showing=0 free=1
07-22 22:36:46.495 22659 22659 I VkKeyPreview: show key=printable instant=true pool showing=1 free=0
07-22 22:36:46.495 22659 22659 I VkKeyPreview: popupAnim key=printable type=instant dur=0ms scale=1.0
07-22 22:36:46.502 22659 23171 I VkNgram : merge locale=pt prev=len=10 preds=8 contextual=0 assets=true
07-22 22:36:46.502 22659 23171 I VkTextCorrection: rerank prediction head len=1→len=1
07-22 22:36:46.503 22659 23171 I VkSuggestions: strip prediction typedLen=0 candidates=3 autocorrect=false top=len=1 locale=pt token=152 gen=6
07-22 22:36:46.503 22659 22659 I VkStripPipeline: setSuggestions prediction size=3 style=6 token=152 gen=6
07-22 22:36:46.576 22659 22659 I VkKeyPreview: dismiss key=printable reason=release_anim pool showing=0 free=1
07-22 22:36:46.643 22690 22690 W LlmEngineService: Severe memory pressure (15); evicting on-device LLM.
07-22 22:36:46.675 22659 22659 I VkKeyPreview: show key=printable instant=true pool showing=1 free=0
07-22 22:36:46.675 22659 22659 I VkKeyPreview: popupAnim key=printable type=instant dur=0ms scale=1.0
07-22 22:36:46.698 22659 23171 I VkNgram : merge locale=pt prev=len=11 preds=8 contextual=0 assets=true
07-22 22:36:46.699 22659 23171 I VkTextCorrection: rerank prediction head len=1→len=2
07-22 22:36:46.700 22659 23171 I VkSuggestions: strip prediction typedLen=0 candidates=3 autocorrect=false top=len=2 locale=pt token=153 gen=6
07-22 22:36:46.701 22659 22659 I VkStripPipeline: setSuggestions prediction size=3 style=6 token=153 gen=6
07-22 22:36:46.702 22659 22659 I VkSuggestions: stripUi prediction=true children=5 [len=1|len=2|len=2]
07-22 22:36:46.702 22659 22659 I VkStripPipeline: slotBind prediction children=5 [len=1|len=2|len=2]
07-22 22:36:46.752 22659 22659 I VkKeyPreview: dismiss key=printable reason=release_anim pool showing=0 free=1
07-22 22:36:46.856 22659 22659 I VkKeyPreview: show key=printable instant=true pool showing=1 free=0
07-22 22:36:46.856 22659 22659 I VkKeyPreview: popupAnim key=printable type=instant dur=0ms scale=1.0
07-22 22:36:46.869 22659 23171 I VkNgram : merge locale=pt prev=len=12 preds=8 contextual=0 assets=true
07-22 22:36:46.870 22659 23171 I VkSuggestions: strip prediction typedLen=0 candidates=3 autocorrect=false top=len=1 locale=pt token=154 gen=6
07-22 22:36:46.870 22659 22659 I VkStripPipeline: setSuggestions prediction size=3 style=6 token=154 gen=6
07-22 22:36:46.871 22659 22659 I VkSuggestions: stripUi prediction=true children=5 [len=2|len=1|len=2]
07-22 22:36:46.871 22659 22659 I VkStripPipeline: slotBind prediction children=5 [len=2|len=1|len=2]
07-22 22:36:46.873 22659 22659 I VkKeyPreview: show key=printable instant=true pool showing=2 free=0
07-22 22:36:46.873 22659 22659 I VkKeyPreview: popupAnim key=printable type=instant dur=0ms scale=1.0
07-22 22:36:46.952 22659 22659 I VkKeyPreview: dismiss key=printable reason=release_anim pool showing=1 free=1
07-22 22:36:46.985 22659 22659 I VkKeyPreview: dismiss key=printable reason=release_anim pool showing=0 free=2
07-22 22:36:47.062 22659 22659 I VkKeyPreview: show key=printable instant=true pool showing=1 free=1
07-22 22:36:47.062 22659 22659 I VkKeyPreview: popupAnim key=printable type=instant dur=0ms scale=1.0
07-22 22:36:47.103 22659 23171 I VkNgram : merge locale=pt prev=len=14 preds=8 contextual=0 assets=true
07-22 22:36:47.104 22659 23171 I VkSuggestions: strip prediction typedLen=0 candidates=3 autocorrect=false top=len=1 locale=pt token=156 gen=6
07-22 22:36:47.104 22659 22659 I VkStripPipeline: setSuggestions prediction size=3 style=6 token=156 gen=6
07-22 22:36:47.105 22659 22659 I VkSuggestions: stripUi prediction=true children=5 [len=2|len=1|len=1]
07-22 22:36:47.105 22659 22659 I VkStripPipeline: slotBind prediction children=5 [len=2|len=1|len=1]
07-22 22:36:47.153 22659 22659 I VkKeyPreview: dismiss key=printable reason=release_anim pool showing=0 free=2
07-22 22:36:47.204 22659 22659 I VkKeyPreview: show key=printable instant=true pool showing=1 free=1
07-22 22:36:47.204 22659 22659 I VkKeyPreview: popupAnim key=printable type=instant dur=0ms scale=1.0
07-22 22:36:47.270 22659 23171 I VkNgram : merge locale=pt prev=len=15 preds=8 contextual=0 assets=true
07-22 22:36:47.270 22659 23171 I VkTextCorrection: rerank prediction head len=1→len=1
07-22 22:36:47.271 22659 23171 I VkSuggestions: strip prediction typedLen=0 candidates=3 autocorrect=false top=len=1 locale=pt token=157 gen=6
07-22 22:36:47.271 22659 22659 I VkStripPipeline: setSuggestions prediction size=3 style=6 token=157 gen=6
07-22 22:36:47.272 22659 22659 I VkSuggestions: stripUi prediction=true children=5 [len=1|len=1|len=2]
07-22 22:36:47.273 22659 22659 I VkStripPipeline: slotBind prediction children=5 [len=1|len=1|len=2]
07-22 22:36:47.328 22659 22659 I VkKeyPreview: dismiss key=printable reason=release_anim pool showing=0 free=2
07-22 22:36:47.345 22659 22659 I VkKeyPreview: show key=printable instant=true pool showing=1 free=1
07-22 22:36:47.345 22659 22659 I VkKeyPreview: popupAnim key=printable type=instant dur=0ms scale=1.0
07-22 22:36:47.437 22659 23171 I VkNgram : merge locale=pt prev=len=16 preds=8 contextual=0 assets=true
07-22 22:36:47.437 22659 23171 I VkTextCorrection: rerank prediction head len=1→len=1
07-22 22:36:47.438 22659 23171 I VkSuggestions: strip prediction typedLen=0 candidates=3 autocorrect=false top=len=1 locale=pt token=158 gen=6
07-22 22:36:47.438 22659 22659 I VkStripPipeline: setSuggestions prediction size=3 style=6 token=158 gen=6
07-22 22:36:47.444 22659 22659 I VkKeyPreview: dismiss key=printable reason=release_anim pool showing=0 free=2
07-22 22:36:47.472 22659 22659 I VkKeyPreview: show key=printable instant=true pool showing=1 free=1
07-22 22:36:47.472 22659 22659 I VkKeyPreview: popupAnim key=printable type=instant dur=0ms scale=1.0
07-22 22:36:47.554 22659 23171 I VkNgram : merge locale=pt prev=len=17 preds=8 contextual=0 assets=true
07-22 22:36:47.554 22659 23171 I VkTextCorrection: rerank prediction head len=1→len=2
07-22 22:36:47.555 22659 23171 I VkSuggestions: strip prediction typedLen=0 candidates=3 autocorrect=false top=len=2 locale=pt token=159 gen=6
07-22 22:36:47.555 22659 22659 I VkStripPipeline: setSuggestions prediction size=3 style=6 token=159 gen=6
07-22 22:36:47.556 22659 22659 I VkSuggestions: stripUi prediction=true children=5 [len=1|len=2|len=2]
07-22 22:36:47.556 22659 22659 I VkStripPipeline: slotBind prediction children=5 [len=1|len=2|len=2]
07-22 22:36:47.562 22659 22659 I VkKeyPreview: dismiss key=printable reason=release_anim pool showing=0 free=2
07-22 22:36:47.671 22659 23171 I VkNgram : merge locale=pt prev=len=18 preds=8 contextual=0 assets=true
07-22 22:36:47.672 22659 23171 I VkSuggestions: strip prediction typedLen=0 candidates=3 autocorrect=false top=len=1 locale=pt token=159 gen=6
07-22 22:36:47.673 22659 22659 I VkSuggestions: stripUi prediction=true children=5 [len=2|len=1|len=2]
07-22 22:36:47.673 22659 22659 I VkStripPipeline: slotBind prediction children=5 [len=2|len=1|len=2]
07-22 22:36:48.226 22659 23171 W VibeKeyProfiler: Slow Native Suggest: Total=29.81ms | Init=2.15ms | TrieExpand(x17)=27.64ms | Scoring=0.02ms | inputSize=17
07-22 22:36:48.236 22659 23171 W VibeKeyProfiler: Slow Native Suggest: Total=8.35ms | Init=0.21ms | TrieExpand(x6)=8.12ms | Scoring=0.02ms | inputSize=17
07-22 22:36:48.236 22659 23171 I VkSuggestions: decode typedLen=17 candidates=18 locales=1 40,8ms
07-22 22:36:48.236 22659 23171 W VkSuggestions: slow frame 40,8ms locales=1 typedLen=17 candidates=18
07-22 22:36:48.242 22659 23171 I VkSuggestions: strip composing typedLen=16 candidates=19 autocorrect=false top=len=17 locale=pt token=160 gen=6
07-22 22:36:48.242 22659 22659 I VkStripPipeline: setSuggestions composing size=19 style=1 token=160 gen=6 typed=len=17
07-22 22:36:48.245 22659 22659 I VkSuggestions: stripUi prediction=false children=5 [len=17|len=4|len=4]
07-22 22:36:48.245 22659 22659 I VkStripPipeline: slotBind composing children=5 [len=17|len=4|len=4]
07-22 22:36:48.279 22659 22659 I VkKeyPress: keys pressed=231
07-22 22:36:49.234 22659 23171 I VkNgram : merge locale=pt prev=len=0 preds=8 contextual=0 assets=true
07-22 22:36:49.235 22659 23171 I VkSuggestions: strip prediction typedLen=0 candidates=3 autocorrect=false top=len=1 locale=pt token=160 gen=6
07-22 22:36:49.239 22659 22659 I VkStripPipeline: setSuggestions prediction size=3 style=7 token=160 gen=6
07-22 22:36:49.245 22659 22659 I VkSuggestions: stripUi prediction=true children=5 [len=1|len=1|len=2]
07-22 22:36:49.246 22659 22659 I VkStripPipeline: slotBind prediction children=5 [len=1|len=1|len=2]
07-22 22:36:49.525 22659 22659 I VkKeyPreview: show key=printable instant=true pool showing=1 free=1
07-22 22:36:49.525 22659 22659 I VkKeyPreview: popupAnim key=printable type=instant dur=0ms scale=1.0
07-22 22:36:49.645 22659 22659 I VkKeyPreview: dismiss key=printable reason=release_anim pool showing=0 free=2
07-22 22:36:49.761 22659 23171 W VibeKeyProfiler: Slow Native Suggest: Total=11.97ms | Init=0.90ms | TrieExpand(x15)=11.03ms | Scoring=0.04ms | inputSize=1
07-22 22:36:49.775 22659 23171 W VibeKeyProfiler: Slow Native Suggest: Total=12.86ms | Init=0.44ms | TrieExpand(x18)=12.37ms | Scoring=0.04ms | inputSize=1
07-22 22:36:49.776 22659 23171 I VkSuggestions: decode typedLen=1 candidates=18 locales=1 26,9ms
07-22 22:36:49.776 22659 23171 W VkSuggestions: slow frame 26,9ms locales=1 typedLen=1 candidates=18
07-22 22:36:49.778 22659 23171 I VkSuggestions: strip composing typedLen=1 candidates=19 autocorrect=false top=len=1 locale=pt token=161 gen=6
07-22 22:36:49.779 22659 22659 I VkStripPipeline: setSuggestions composing size=19 style=1 token=161 gen=6 typed=len=1
07-22 22:36:49.781 22659 22659 I VkSuggestions: stripUi prediction=false children=5 [len=1|len=2|len=4]
07-22 22:36:49.781 22659 22659 I VkStripPipeline: slotBind composing children=5 [len=1|len=2|len=4]
07-22 22:36:50.135 22659 22659 I VkTyping: ○ hidden
07-22 22:36:50.931 22659 22659 I VkTyping: ▶ open restart=false pkg=len=20 inputType=589825
07-22 22:36:51.496 22659 23171 I VkTextCorrection: rerank prediction head len=1→len=2
07-22 22:36:51.496 22659 23171 I VkSuggestions: strip prediction typedLen=0 candidates=3 autocorrect=false top=len=2 locale=pt token=163 gen=6
07-22 22:36:51.500 22659 22659 I VkStripPipeline: setSuggestions prediction size=3 style=7 token=163 gen=6
07-22 22:36:51.502 22659 22659 I VkSuggestions: stripUi prediction=true children=5 [len=1|len=2|len=1]
07-22 22:36:51.502 22659 22659 I VkStripPipeline: slotBind prediction children=5 [len=1|len=2|len=1]
07-22 22:36:51.735 22659 22659 I VkKeyPreview: show key=printable instant=true pool showing=1 free=0
07-22 22:36:51.735 22659 22659 I VkKeyPreview: popupAnim key=printable type=instant dur=0ms scale=1.0
07-22 22:36:51.818 22659 22659 I VkKeyPreview: dismiss key=printable reason=release_anim pool showing=0 free=1
07-22 22:36:51.818 22659 22659 I VkKeyPress: keys pressed=252
07-22 22:36:51.936 22659 23171 W VibeKeyProfiler: Slow Native Suggest: Total=11.69ms | Init=0.01ms | TrieExpand(x15)=11.66ms | Scoring=0.02ms | inputSize=1
07-22 22:36:51.937 22659 23171 I VkSuggestions: strip composing typedLen=1 candidates=19 autocorrect=false top=len=1 locale=pt token=164 gen=6
07-22 22:36:51.937 22659 22659 I VkStripPipeline: setSuggestions composing size=19 style=1 token=164 gen=6 typed=len=1
07-22 22:36:51.938 22659 22659 I VkSuggestions: stripUi prediction=false children=5 [len=1|len=2|len=4]
07-22 22:36:51.938 22659 22659 I VkStripPipeline: slotBind composing children=5 [len=1|len=2|len=4]
07-22 22:36:51.940 22659 22659 I VkKeyPreview: show key=printable instant=true pool showing=1 free=0
07-22 22:36:51.940 22659 22659 I VkKeyPreview: popupAnim key=printable type=instant dur=0ms scale=1.0
07-22 22:36:52.008 22659 22659 I VkKeyPreview: dismiss key=printable reason=release_anim pool showing=0 free=1
07-22 22:36:52.106 22659 22659 I VkKeyPreview: show key=printable instant=true pool showing=1 free=0
07-22 22:36:52.106 22659 22659 I VkKeyPreview: popupAnim key=printable type=instant dur=0ms scale=1.0
07-22 22:36:52.127 22659 23171 I VkSuggestions: decode typedLen=2 candidates=18 locales=1 6,9ms
07-22 22:36:52.130 22659 23171 I VkTextCorrection: threshold len=2→len=2 score=0,088 thr=0,140 ○
07-22 22:36:52.130 22659 23171 I VkSuggestions: strip composing typedLen=2 candidates=18 autocorrect=false top=len=2 locale=pt token=166 gen=6
07-22 22:36:52.131 22659 22659 I VkStripPipeline: setSuggestions composing size=18 style=1 token=166 gen=6 typed=len=2
07-22 22:36:52.132 22659 22659 I VkSuggestions: stripUi prediction=false children=5 [len=2|len=2|len=2]
07-22 22:36:52.132 22659 22659 I VkStripPipeline: slotBind composing children=5 [len=2|len=2|len=2]
07-22 22:36:52.187 22659 22659 I VkKeyPreview: dismiss key=printable reason=release_anim pool showing=0 free=1
07-22 22:36:52.226 22659 22659 I VkKeyPreview: show key=printable instant=true pool showing=1 free=0
07-22 22:36:52.226 22659 22659 I VkKeyPreview: popupAnim key=printable type=instant dur=0ms scale=1.0
07-22 22:36:52.296 22659 23171 I VkSuggestions: decode typedLen=3 candidates=18 locales=1 6,3ms
07-22 22:36:52.296 22659 23171 I VkTextCorrection: threshold len=3→len=4 score=0,000 thr=0,140 ○
07-22 22:36:52.297 22659 23171 I VkSuggestions: strip composing typedLen=3 candidates=16 autocorrect=false top=len=3 locale=pt token=167 gen=6
07-22 22:36:52.297 22659 22659 I VkStripPipeline: setSuggestions composing size=16 style=1 token=167 gen=6 typed=len=3
07-22 22:36:52.300 22659 22659 I VkSuggestions: stripUi prediction=false children=5 [len=3|len=4|len=3]
07-22 22:36:52.300 22659 22659 I VkStripPipeline: slotBind composing children=5 [len=3|len=4|len=3]
07-22 22:36:52.338 22659 22659 I VkKeyPreview: show key=printable instant=true pool showing=2 free=0
07-22 22:36:52.338 22659 22659 I VkKeyPreview: popupAnim key=printable type=instant dur=0ms scale=1.0
07-22 22:36:52.354 22659 22659 I VkKeyPreview: dismiss key=printable reason=release_anim pool showing=1 free=1
07-22 22:36:52.424 22659 22659 I VkKeyPreview: dismiss key=printable reason=release_anim pool showing=0 free=2
07-22 22:36:52.494 22659 22659 I VkKeyPreview: show key=printable instant=true pool showing=1 free=1
07-22 22:36:52.494 22659 22659 I VkKeyPreview: popupAnim key=printable type=instant dur=0ms scale=1.0
07-22 22:36:52.544 22659 23171 I VkSuggestions: decode typedLen=5 candidates=18 locales=1 6,2ms
07-22 22:36:52.544 22659 23171 I VkTextCorrection: threshold len=5→len=6 score=0,000 thr=0,140 ○
07-22 22:36:52.545 22659 23171 I VkSuggestions: strip composing typedLen=5 candidates=19 autocorrect=false top=len=5 locale=pt token=169 gen=6
07-22 22:36:52.545 22659 22659 I VkStripPipeline: setSuggestions composing size=19 style=1 token=169 gen=6 typed=len=5
07-22 22:36:52.546 22659 22659 I VkSuggestions: stripUi prediction=false children=5 [len=5|len=6|len=5]
07-22 22:36:52.546 22659 22659 I VkStripPipeline: slotBind composing children=5 [len=5|len=6|len=5]
07-22 22:36:52.593 22659 22659 I VkKeyPreview: dismiss key=printable reason=release_anim pool showing=0 free=2
07-22 22:36:52.630 22690 23620 I OnDeviceAssist: warm ok model=qwen2.5-0.5b-instruct-q4_0.gguf ambient=40 chars 793ms
07-22 22:36:52.695 22659 22659 I VkKeyPreview: show key=printable instant=true pool showing=1 free=1
07-22 22:36:52.695 22659 22659 I VkKeyPreview: popupAnim key=printable type=instant dur=0ms scale=1.0
07-22 22:36:52.699 22659 23171 I VkSuggestions: decode typedLen=6 candidates=18 locales=1 3,1ms
07-22 22:36:52.700 22659 23171 I VkTextCorrection: threshold len=6→len=10 score=0,000 thr=0,140 ○
07-22 22:36:52.700 22659 23171 I VkSuggestions: strip composing typedLen=6 candidates=19 autocorrect=false top=len=6 locale=pt token=170 gen=6
07-22 22:36:52.700 22659 22659 I VkStripPipeline: setSuggestions composing size=19 style=1 token=170 gen=6 typed=len=6
07-22 22:36:52.703 22659 22659 I VkSuggestions: stripUi prediction=false children=5 [len=6|len=10|len=10]
07-22 22:36:52.703 22659 22659 I VkStripPipeline: slotBind composing children=5 [len=6|len=10|len=10]
07-22 22:36:52.793 22659 22659 I VkKeyPreview: dismiss key=printable reason=release_anim pool showing=0 free=2
07-22 22:36:52.904 22659 23171 I VkSuggestions: decode typedLen=7 candidates=18 locales=1 8,9ms
07-22 22:36:52.906 22659 23171 I VkTextCorrection: threshold len=7→len=7 score=0,000 thr=0,140 ○
07-22 22:36:52.907 22659 23171 I VkSuggestions: strip composing typedLen=7 candidates=19 autocorrect=false top=len=7 locale=pt token=170 gen=6
07-22 22:36:52.907 22659 22659 I VkStripPipeline: setSuggestions composing size=19 style=1 token=170 gen=6 typed=len=7
07-22 22:36:52.913 22659 22659 I VkSuggestions: stripUi prediction=false children=5 [len=7|len=7|len=5]
07-22 22:36:52.913 22659 22659 I VkStripPipeline: slotBind composing children=5 [len=7|len=7|len=5]
07-22 22:36:52.922 22659 22659 I VkKeyPreview: show key=printable instant=true pool showing=1 free=1
07-22 22:36:52.923 22659 22659 I VkKeyPreview: popupAnim key=printable type=instant dur=0ms scale=1.0
07-22 22:36:53.019 22659 22659 I VkKeyPreview: dismiss key=printable reason=release_anim pool showing=0 free=2
07-22 22:36:53.091 22659 22659 I VkKeyPreview: show key=printable instant=true pool showing=1 free=1
07-22 22:36:53.091 22659 22659 I VkKeyPreview: popupAnim key=printable type=instant dur=0ms scale=1.0
07-22 22:36:53.125 22659 23171 I VkSuggestions: decode typedLen=8 candidates=18 locales=1 3,1ms
07-22 22:36:53.125 22659 23171 I VkTextCorrection: threshold len=8→len=7 score=0,000 thr=0,140 ○
07-22 22:36:53.126 22659 23171 I VkSuggestions: strip composing typedLen=8 candidates=19 autocorrect=false top=len=8 locale=pt token=172 gen=6
07-22 22:36:53.126 22659 22659 I VkStripPipeline: setSuggestions composing size=19 style=1 token=172 gen=6 typed=len=8
07-22 22:36:53.128 22659 22659 I VkSuggestions: stripUi prediction=false children=5 [len=8|len=7|len=5]
07-22 22:36:53.128 22659 22659 I VkStripPipeline: slotBind composing children=5 [len=8|len=7|len=5]
07-22 22:36:53.171 22659 22659 I VkKeyPreview: dismiss key=printable reason=release_anim pool showing=0 free=2
07-22 22:36:53.212 22659 22659 I VkKeyPreview: show key=printable instant=true pool showing=1 free=1
07-22 22:36:53.212 22659 22659 I VkKeyPreview: popupAnim key=printable type=instant dur=0ms scale=1.0
07-22 22:36:53.276 22659 23171 I VkSuggestions: decode typedLen=9 candidates=18 locales=1 2,4ms
07-22 22:36:53.277 22659 23171 I VkTextCorrection: threshold len=9→len=10 score=0,000 thr=0,140 ○
07-22 22:36:53.277 22659 23171 I VkSuggestions: strip composing typedLen=9 candidates=19 autocorrect=false top=len=9 locale=pt token=173 gen=6
07-22 22:36:53.278 22659 22659 I VkStripPipeline: setSuggestions composing size=19 style=1 token=173 gen=6 typed=len=9
07-22 22:36:53.279 22659 22659 I VkSuggestions: stripUi prediction=false children=5 [len=9|len=7|len=7]
07-22 22:36:53.280 22659 22659 I VkStripPipeline: slotBind composing children=5 [len=9|len=7|len=7]
07-22 22:36:53.320 22659 22659 I VkKeyPreview: dismiss key=printable reason=release_anim pool showing=0 free=2
07-22 22:36:53.392 22659 22659 I VkKeyPreview: show key=printable instant=true pool showing=1 free=1
07-22 22:36:53.392 22659 22659 I VkKeyPreview: popupAnim key=printable type=instant dur=0ms scale=1.0
07-22 22:36:53.426 22659 23171 I VkSuggestions: decode typedLen=10 candidates=18 locales=1 2,2ms
07-22 22:36:53.426 22659 23171 I VkTextCorrection: threshold len=10→len=11 score=0,000 thr=0,140 ○
07-22 22:36:53.427 22659 23171 I VkSuggestions: strip composing typedLen=10 candidates=19 autocorrect=false top=len=10 locale=pt token=174 gen=6
07-22 22:36:53.427 22659 22659 I VkStripPipeline: setSuggestions composing size=19 style=1 token=174 gen=6 typed=len=10
07-22 22:36:53.429 22659 22659 I VkSuggestions: stripUi prediction=false children=5 [len=10|len=5|len=5]
07-22 22:36:53.429 22659 22659 I VkStripPipeline: slotBind composing children=5 [len=10|len=5|len=5]
07-22 22:36:53.454 22659 22659 I VkKeyPreview: dismiss key=printable reason=release_anim pool showing=0 free=2
07-22 22:36:53.547 22659 22659 I VkKeyPreview: show key=printable instant=true pool showing=1 free=1
07-22 22:36:53.548 22659 22659 I VkKeyPreview: popupAnim key=printable type=instant dur=0ms scale=1.0
07-22 22:36:53.562 22659 23171 I VkSuggestions: decode typedLen=11 candidates=18 locales=1 5,9ms
07-22 22:36:53.563 22659 23171 I VkTextCorrection: threshold len=11→len=11 score=0,000 thr=0,140 ○
07-22 22:36:53.563 22659 23171 I VkSuggestions: strip composing typedLen=11 candidates=19 autocorrect=false top=len=11 locale=pt token=175 gen=6
07-22 22:36:53.563 22659 22659 I VkStripPipeline: setSuggestions composing size=19 style=1 token=175 gen=6 typed=len=11
07-22 22:36:53.565 22659 22659 I VkSuggestions: stripUi prediction=false children=5 [len=11|len=5|len=7]
07-22 22:36:53.565 22659 22659 I VkStripPipeline: slotBind composing children=5 [len=11|len=5|len=7]
07-22 22:36:53.638 22659 22659 I VkKeyPreview: dismiss key=printable reason=release_anim pool showing=0 free=2
07-22 22:36:53.709 22659 22659 I VkKeyPreview: show key=printable instant=true pool showing=1 free=1
07-22 22:36:53.709 22659 22659 I VkKeyPreview: popupAnim key=printable type=instant dur=0ms scale=1.0
07-22 22:36:53.746 22659 23171 I VkSuggestions: decode typedLen=12 candidates=18 locales=1 5,5ms
07-22 22:36:53.747 22659 23171 I VkTextCorrection: threshold len=12→len=13 score=0,000 thr=0,140 ○
07-22 22:36:53.747 22659 23171 I VkSuggestions: strip composing typedLen=12 candidates=19 autocorrect=false top=len=12 locale=pt token=176 gen=6
07-22 22:36:53.747 22659 22659 I VkStripPipeline: setSuggestions composing size=19 style=1 token=176 gen=6 typed=len=12
07-22 22:36:53.749 22659 22659 I VkSuggestions: stripUi prediction=false children=5 [len=12|len=5|len=5]
07-22 22:36:53.749 22659 22659 I VkStripPipeline: slotBind composing children=5 [len=12|len=5|len=5]
07-22 22:36:53.805 22659 22659 I VkKeyPreview: dismiss key=printable reason=release_anim pool showing=0 free=2
07-22 22:36:53.935 22659 23171 I VkSuggestions: decode typedLen=13 candidates=18 locales=1 9,6ms
07-22 22:36:53.936 22659 23171 I VkTextCorrection: threshold len=13→len=15 score=0,000 thr=0,140 ○
07-22 22:36:53.936 22659 23171 I VkSuggestions: strip composing typedLen=13 candidates=19 autocorrect=false top=len=13 locale=pt token=176 gen=6
07-22 22:36:53.937 22659 22659 I VkStripPipeline: setSuggestions composing size=19 style=1 token=176 gen=6 typed=len=13
07-22 22:36:53.939 22659 22659 I VkSuggestions: stripUi prediction=false children=5 [len=13|len=5|len=5]
07-22 22:36:53.939 22659 22659 I VkStripPipeline: slotBind composing children=5 [len=13|len=5|len=5]
07-22 22:36:54.180 22659 22659 I VkKeyPreview: show key=printable instant=true pool showing=1 free=1
07-22 22:36:54.180 22659 22659 I VkKeyPreview: popupAnim key=printable type=instant dur=0ms scale=1.0
07-22 22:36:54.281 22659 22659 I VkKeyPreview: dismiss key=printable reason=release_anim pool showing=0 free=2
07-22 22:36:54.398 22659 23171 I VkSuggestions: decode typedLen=14 candidates=18 locales=1 13,7ms
07-22 22:36:54.399 22659 23171 I VkTextCorrection: threshold len=14→len=15 score=0,000 thr=0,140 ○
07-22 22:36:54.399 22659 23171 I VkSuggestions: strip composing typedLen=14 candidates=19 autocorrect=false top=len=14 locale=pt token=177 gen=6
07-22 22:36:54.399 22659 22659 I VkStripPipeline: setSuggestions composing size=19 style=1 token=177 gen=6 typed=len=14
07-22 22:36:54.401 22659 22659 I VkSuggestions: stripUi prediction=false children=5 [len=14|len=5|len=5]
07-22 22:36:54.401 22659 22659 I VkStripPipeline: slotBind composing children=5 [len=14|len=5|len=5]
07-22 22:36:54.732 22659 22659 I VkStripPipeline: langSwitch main=pt-BR token=179 gen=7
07-22 22:36:54.744 22659 22659 I VkStripPipeline: setSuggestions composing size=0 style=0 token=-1 gen=-1
07-22 22:36:54.744 22659 22659 I VkStripPipeline: slotBind composing children=0 []
07-22 22:36:54.745 22659 22659 I VkLanguageSettings: select en-AU
07-22 22:36:54.763 22659 22659 I VkLanguageSettings: cycle dir=1 → en-AU
07-22 22:36:54.771 22659 22682 I VkMultilingual: reset main=en-AU locales=[en] count=1
07-22 22:36:54.774 22659 22682 I VkDictionaries: ▶ async reload main dicts locales=1
07-22 22:36:54.785 22659 22681 I VkDictionaries: ✓ open main en-AU
07-22 22:36:54.785 22659 22681 I VkDictionaries: collection en-AU dicts=1 emoji=true
07-22 22:36:55.149 22659 22659 I VkKeyPreview: show key=printable instant=true pool showing=1 free=1
07-22 22:36:55.150 22659 22659 I VkKeyPreview: popupAnim key=printable type=instant dur=0ms scale=1.0
07-22 22:36:55.228 22659 22659 I VkKeyPreview: dismiss key=printable reason=release_anim pool showing=0 free=2
07-22 22:36:55.228 22659 22659 I VkKeyPress: keys pressed=267
07-22 22:36:55.348 22659 23171 I VkNgram : merge locale=en prev=len=15 preds=8 contextual=0 assets=true
07-22 22:36:55.349 22659 23171 I VkSuggestions: strip prediction typedLen=0 candidates=3 autocorrect=false top=len=3 locale=en token=181 gen=7
07-22 22:36:55.349 22659 22659 I VkStripPipeline: setSuggestions prediction size=3 style=6 token=181 gen=7
07-22 22:36:55.351 22659 22659 I VkSuggestions: stripUi prediction=true children=5 [len=2|len=3|len=1]
07-22 22:36:55.351 22659 22659 I VkStripPipeline: slotBind prediction children=5 [len=2|len=3|len=1]
07-22 22:36:55.352 22659 22659 I VkKeyPreview: show key=printable instant=true pool showing=1 free=1
07-22 22:36:55.352 22659 22659 I VkKeyPreview: popupAnim key=printable type=instant dur=0ms scale=1.0
07-22 22:36:55.412 22659 22659 I VkKeyPreview: dismiss key=printable reason=release_anim pool showing=0 free=2
07-22 22:36:55.502 22659 22659 I VkKeyPreview: show key=printable instant=true pool showing=1 free=1
07-22 22:36:55.502 22659 22659 I VkKeyPreview: popupAnim key=printable type=instant dur=0ms scale=1.0
07-22 22:36:55.528 22659 23171 I VkNgram : merge locale=en prev=len=16 preds=8 contextual=0 assets=true
07-22 22:36:55.529 22659 23171 I VkSuggestions: strip prediction typedLen=0 candidates=3 autocorrect=false top=len=3 locale=en token=183 gen=7
07-22 22:36:55.529 22659 22659 I VkStripPipeline: setSuggestions prediction size=3 style=6 token=183 gen=7
07-22 22:36:55.601 22659 22659 I VkKeyPreview: dismiss key=printable reason=release_anim pool showing=0 free=2
07-22 22:36:55.670 22659 22659 I VkKeyPreview: show key=printable instant=true pool showing=1 free=1
07-22 22:36:55.670 22659 22659 I VkKeyPreview: popupAnim key=printable type=instant dur=0ms scale=1.0
07-22 22:36:55.711 22659 23171 I VkNgram : merge locale=en prev=len=17 preds=8 contextual=0 assets=true
07-22 22:36:55.711 22659 23171 I VkTextCorrection: rerank prediction head len=3→len=1
07-22 22:36:55.712 22659 23171 I VkSuggestions: strip prediction typedLen=0 candidates=3 autocorrect=false top=len=1 locale=en token=184 gen=7
07-22 22:36:55.712 22659 22659 I VkStripPipeline: setSuggestions prediction size=3 style=6 token=184 gen=7
07-22 22:36:55.713 22659 22659 I VkSuggestions: stripUi prediction=true children=5 [len=2|len=1|len=2]
07-22 22:36:55.713 22659 22659 I VkStripPipeline: slotBind prediction children=5 [len=2|len=1|len=2]
07-22 22:36:55.719 22659 22659 I VkKeyPreview: show key=printable instant=true pool showing=2 free=0
07-22 22:36:55.719 22659 22659 I VkKeyPreview: popupAnim key=printable type=instant dur=0ms scale=1.0
07-22 22:36:55.786 22659 22659 I VkKeyPreview: dismiss key=printable reason=release_anim pool showing=1 free=1
07-22 22:36:55.795 22659 22659 I VkKeyPreview: dismiss key=printable reason=release_anim pool showing=0 free=2
07-22 22:36:55.888 22659 22659 I VkKeyPreview: show key=printable instant=true pool showing=1 free=1
07-22 22:36:55.888 22659 22659 I VkKeyPreview: popupAnim key=printable type=instant dur=0ms scale=1.0
07-22 22:36:55.930 22659 23171 I VkNgram : merge locale=en prev=len=19 preds=8 contextual=0 assets=true
07-22 22:36:55.930 22659 23171 I VkTextCorrection: rerank prediction head len=3→len=1
07-22 22:36:55.931 22659 23171 I VkSuggestions: strip prediction typedLen=0 candidates=3 autocorrect=false top=len=1 locale=en token=186 gen=7
07-22 22:36:55.931 22659 22659 I VkStripPipeline: setSuggestions prediction size=3 style=6 token=186 gen=7
07-22 22:36:55.995 22659 22659 I VkKeyPreview: dismiss key=printable reason=release_anim pool showing=0 free=2
07-22 22:36:56.031 22659 22659 I VkKeyPreview: show key=printable instant=true pool showing=1 free=1
07-22 22:36:56.031 22659 22659 I VkKeyPreview: popupAnim key=printable type=instant dur=0ms scale=1.0
07-22 22:36:56.112 22659 23171 I VkNgram : merge locale=en prev=len=20 preds=8 contextual=0 assets=true
07-22 22:36:56.112 22659 23171 I VkTextCorrection: rerank prediction head len=3→len=2
07-22 22:36:56.113 22659 23171 I VkSuggestions: strip prediction typedLen=0 candidates=3 autocorrect=false top=len=2 locale=en token=187 gen=7
07-22 22:36:56.113 22659 22659 I VkStripPipeline: setSuggestions prediction size=3 style=6 token=187 gen=7
07-22 22:36:56.114 22659 22659 I VkSuggestions: stripUi prediction=true children=5 [len=3|len=2|len=2]
07-22 22:36:56.114 22659 22659 I VkStripPipeline: slotBind prediction children=5 [len=3|len=2|len=2]
07-22 22:36:56.119 22659 22659 I VkKeyPreview: dismiss key=printable reason=release_anim pool showing=0 free=2
07-22 22:36:56.163 22659 22659 I VkKeyPreview: show key=printable instant=true pool showing=1 free=1
07-22 22:36:56.163 22659 22659 I VkKeyPreview: popupAnim key=printable type=instant dur=0ms scale=1.0
07-22 22:36:56.229 22659 23171 I VkNgram : merge locale=en prev=len=21 preds=8 contextual=0 assets=true
07-22 22:36:56.230 22659 23171 I VkSuggestions: strip prediction typedLen=0 candidates=3 autocorrect=false top=len=3 locale=en token=188 gen=7
07-22 22:36:56.230 22659 22659 I VkStripPipeline: setSuggestions prediction size=3 style=6 token=188 gen=7
07-22 22:36:56.231 22659 22659 I VkSuggestions: stripUi prediction=true children=5 [len=2|len=3|len=2]
07-22 22:36:56.231 22659 22659 I VkStripPipeline: slotBind prediction children=5 [len=2|len=3|len=2]
07-22 22:36:56.264 22659 22659 I VkKeyPreview: dismiss key=printable reason=release_anim pool showing=0 free=2
07-22 22:36:56.383 22659 23171 I VkNgram : merge locale=en prev=len=22 preds=8 contextual=0 assets=true
07-22 22:36:56.387 22659 22659 I VkSuggestions: stripUi prediction=true children=5 [len=2|len=3|len=1]
07-22 22:36:56.387 22659 22659 I VkStripPipeline: slotBind prediction children=5 [len=2|len=3|len=1]
07-22 22:36:56.424 22659 22659 I VkKeyPreview: show key=printable instant=true pool showing=1 free=1
07-22 22:36:56.424 22659 22659 I VkKeyPreview: popupAnim key=printable type=instant dur=0ms scale=1.0
07-22 22:36:56.546 22659 22659 I VkKeyPreview: dismiss key=printable reason=release_anim pool showing=0 free=2
07-22 22:36:56.568 22659 22659 I VkKeyPreview: show key=printable instant=true pool showing=1 free=1
07-22 22:36:56.568 22659 22659 I VkKeyPreview: popupAnim key=printable type=instant dur=0ms scale=1.0
07-22 22:36:56.630 22659 22659 I VkKeyPreview: dismiss key=printable reason=release_anim pool showing=0 free=2
07-22 22:36:56.716 22659 22659 I VkKeyPreview: show key=printable instant=true pool showing=1 free=1
07-22 22:36:56.716 22659 22659 I VkKeyPreview: popupAnim key=printable type=instant dur=0ms scale=1.0
07-22 22:36:56.747 22659 23171 I VkNgram : merge locale=en prev=len=24 preds=8 contextual=0 assets=true
07-22 22:36:56.747 22659 23171 I VkTextCorrection: rerank prediction head len=3→len=1
07-22 22:36:56.748 22659 23171 I VkSuggestions: strip prediction typedLen=0 candidates=3 autocorrect=false top=len=1 locale=en token=191 gen=7
07-22 22:36:56.748 22659 22659 I VkStripPipeline: setSuggestions prediction size=3 style=6 token=191 gen=7
07-22 22:36:56.749 22659 22659 I VkSuggestions: stripUi prediction=true children=5 [len=3|len=1|len=2]
07-22 22:36:56.749 22659 22659 I VkStripPipeline: slotBind prediction children=5 [len=3|len=1|len=2]
07-22 22:36:56.814 22659 22659 I VkKeyPreview: dismiss key=printable reason=release_anim pool showing=0 free=2
07-22 22:36:56.932 22659 23171 I VkNgram : merge locale=en prev=len=25 preds=8 contextual=0 assets=true
07-22 22:36:56.932 22659 23171 I VkTextCorrection: rerank prediction head len=3→len=1
07-22 22:36:57.252 22659 22659 I VkStripPipeline: langSwitch main=en-AU token=193 gen=8
07-22 22:36:57.254 22659 22659 I VkStripPipeline: setSuggestions composing size=0 style=0 token=-1 gen=-1
07-22 22:36:57.254 22659 22659 I VkStripPipeline: slotBind composing children=0 []
07-22 22:36:57.255 22659 22659 I VkLanguageSettings: select pt-BR
07-22 22:36:57.262 22659 22659 I VkDictionaries: ✓ open emoji pt-BR
07-22 22:36:57.273 22659 22659 I VkLanguageSettings: cycle dir=-1 → pt-BR
07-22 22:36:57.282 22659 22681 I VkMultilingual: reset main=pt-BR locales=[pt] count=1
07-22 22:36:57.286 22659 22681 I VkDictionaries: ▶ async reload main dicts locales=1
07-22 22:36:57.289 22659 22682 I VkDictionaries: ✓ open main pt-BR
07-22 22:36:57.290 22659 22682 I VkDictionaries: ✓ open emoji pt-BR
07-22 22:36:57.290 22659 22682 I VkDictionaries: collection pt-BR dicts=2 emoji=true
07-22 22:36:57.672 22659 22659 I VkKeyPreview: show key=printable instant=true pool showing=1 free=1
07-22 22:36:57.672 22659 22659 I VkKeyPreview: popupAnim key=printable type=instant dur=0ms scale=1.0
07-22 22:36:57.811 22659 22659 I VkKeyPreview: show key=printable instant=true pool showing=2 free=0
07-22 22:36:57.811 22659 22659 I VkKeyPreview: popupAnim key=printable type=instant dur=0ms scale=1.0
07-22 22:36:57.822 22659 22659 I VkKeyPreview: dismiss key=printable reason=release_anim pool showing=1 free=1
07-22 22:36:57.884 22659 22659 I VkKeyPreview: dismiss key=printable reason=release_anim pool showing=0 free=2
07-22 22:36:57.976 22659 22659 I VkKeyPreview: show key=printable instant=true pool showing=1 free=1
07-22 22:36:57.976 22659 22659 I VkKeyPreview: popupAnim key=printable type=instant dur=0ms scale=1.0
07-22 22:36:58.005 22659 23171 I VkNgram : merge locale=pt prev=len=27 preds=8 contextual=0 assets=true
07-22 22:36:58.006 22659 23171 I VkSuggestions: strip prediction typedLen=0 candidates=3 autocorrect=false top=len=1 locale=pt token=197 gen=8
07-22 22:36:58.006 22659 22659 I VkStripPipeline: setSuggestions prediction size=3 style=6 token=197 gen=8
