=== VibeKey 4.5.140 (4508) ===

--------- beginning of system
07-22 19:38:17.011 28145 28145 E OplusCustomizeRestrictionManager: sInstance is null, start a new sInstance
--------- beginning of main
07-22 19:38:47.338 28196 28220 I OnDeviceAssist: warm ok model=qwen2.5-0.5b-instruct-q4_0.gguf ambient=54 chars 920ms
07-22 19:38:47.339 28196 28220 I OnDeviceAssist: dispatch task=topic_tags in=21 chars engine=Ready
07-22 19:38:47.341 28196 28220 I OnDeviceAssist: ▶ runSync task=topic_tags in=21 chars locale=pt
07-22 19:38:47.343 28196 28220 I OnDeviceAssist: → llm task=topic_tags model=qwen2.5-0.5b-instruct-q4_0.gguf temp=0.22 maxTok=42
07-22 19:38:47.425 28145 28145 I VkTyping: ▶ open restart=true pkg=len=20 inputType=589825
07-22 19:38:48.622 28145 28145 I VkTyping: ○ hidden
07-22 19:38:48.622 28196 28631 I OnDeviceAssist: warm ok model=qwen2.5-0.5b-instruct-q4_0.gguf ambient=40 chars 367ms
07-22 19:38:48.623 28196 28220 I OnDeviceAssist: ○ llm task=topic_tags 1278ms: superseded
07-22 19:38:48.624 28196 28220 W OnDeviceAssist: failed task=topic_tags 2195ms
07-22 19:38:48.625 28145 28222 I OnDeviceAssist: ○ assist (ime) task=topic_tags 2207ms: superseded
07-22 19:38:49.279 28145 28145 I VkTyping: ▶ open restart=false pkg=len=20 inputType=589825
07-22 19:38:49.843 28145 28460 I VkNgram : merge locale=pt prev=len=0 preds=8 contextual=0 assets=true
07-22 19:38:49.844 28145 28460 I VkSuggestions: strip prediction typedLen=0 candidates=3 autocorrect=false top=len=1 locale=pt token=39 gen=6
07-22 19:38:49.848 28145 28145 I VkStripPipeline: setSuggestions prediction size=3 style=7 token=39 gen=6
07-22 19:38:49.851 28145 28145 I VkSuggestions: stripUi prediction=true children=5 [len=1|len=1|len=2]
07-22 19:38:49.851 28145 28145 I VkStripPipeline: slotBind prediction children=5 [len=1|len=1|len=2]
07-22 19:38:50.575 28145 28145 I VkEffects: reload anim=fade blur=0px glow=false stickers=true
07-22 19:38:50.614 28196 28631 I OnDeviceAssist: warm ok model=qwen2.5-0.5b-instruct-q4_0.gguf ambient=40 chars 457ms
07-22 19:38:50.966 28145 28145 W VkStall : MAIN-THREAD STALL 141ms during: >>>>> Dispatching to Handler (android.os.Handler) {7543b11} g9.u@72e697a: 0
07-22 19:38:51.785 28145 28145 I VkKeyPress: keys pressed=46
07-22 19:38:51.802 28145 28145 I VkStripPipeline: setSuggestions composing size=0 style=0 token=-1 gen=-1
07-22 19:38:51.803 28145 28145 I VkStripPipeline: slotBind composing children=0 []
07-22 19:38:52.171 28145 28460 I VkSuggestions: decode typedLen=1 candidates=18 locales=1 9,7ms
07-22 19:38:52.171 28145 28460 I VkSuggestions: strip composing typedLen=1 candidates=19 autocorrect=false top=len=1 locale=pt token=42 gen=6
07-22 19:38:52.172 28145 28145 I VkStripPipeline: setSuggestions composing size=19 style=1 token=42 gen=6 typed=len=1
07-22 19:38:52.173 28145 28145 I VkSuggestions: stripUi prediction=false children=5 [len=1|len=2|len=4]
07-22 19:38:52.173 28145 28145 I VkStripPipeline: slotBind composing children=5 [len=1|len=2|len=4]
07-22 19:38:52.345 28145 28460 I VkSuggestions: decode typedLen=2 candidates=18 locales=1 8,1ms
07-22 19:38:52.347 28145 28460 I VkTextCorrection: threshold len=2→len=2 score=0,092 thr=0,140 ○
07-22 19:38:52.348 28145 28460 I VkSuggestions: strip composing typedLen=2 candidates=16 autocorrect=false top=len=2 locale=pt token=43 gen=6
07-22 19:38:52.348 28145 28145 I VkStripPipeline: setSuggestions composing size=16 style=1 token=43 gen=6 typed=len=2
07-22 19:38:52.350 28145 28145 I VkSuggestions: stripUi prediction=false children=5 [len=2|len=2|len=2]
07-22 19:38:52.350 28145 28145 I VkStripPipeline: slotBind composing children=5 [len=2|len=2|len=2]
07-22 19:38:52.492 28145 28460 I VkSuggestions: decode typedLen=3 candidates=18 locales=1 6,2ms
07-22 19:38:52.493 28145 28460 I VkTextCorrection: threshold len=3→len=3 score=0,000 thr=0,140 ○
07-22 19:38:52.494 28145 28460 I VkSuggestions: strip composing typedLen=3 candidates=19 autocorrect=false top=len=3 locale=pt token=44 gen=6
07-22 19:38:52.494 28145 28145 I VkStripPipeline: setSuggestions composing size=19 style=1 token=44 gen=6 typed=len=3
07-22 19:38:52.495 28145 28145 I VkSuggestions: stripUi prediction=false children=5 [len=3|len=3|len=3]
07-22 19:38:52.495 28145 28145 I VkStripPipeline: slotBind composing children=5 [len=3|len=3|len=3]
07-22 19:38:52.604 28145 28460 I VkSuggestions: decode typedLen=4 candidates=18 locales=1 6,6ms
07-22 19:38:52.605 28145 28460 I VkTextCorrection: threshold len=4→len=4 score=0,000 thr=0,140 ○
07-22 19:38:52.606 28145 28460 I VkSuggestions: strip composing typedLen=4 candidates=19 autocorrect=false top=len=4 locale=pt token=45 gen=6
07-22 19:38:52.606 28145 28145 I VkStripPipeline: setSuggestions composing size=19 style=1 token=45 gen=6 typed=len=4
07-22 19:38:52.608 28145 28145 I VkSuggestions: stripUi prediction=false children=5 [len=4|len=4|len=9]
07-22 19:38:52.608 28145 28145 I VkStripPipeline: slotBind composing children=5 [len=4|len=4|len=9]
07-22 19:38:52.773 28145 28460 I VkSuggestions: decode typedLen=5 candidates=18 locales=1 4,8ms
07-22 19:38:52.774 28145 28460 I VkTextCorrection: threshold len=5→len=5 score=0,000 thr=0,140 ○
07-22 19:38:52.775 28145 28460 I VkSuggestions: strip composing typedLen=5 candidates=18 autocorrect=false top=len=5 locale=pt token=45 gen=6
07-22 19:38:52.775 28145 28145 I VkStripPipeline: setSuggestions composing size=18 style=1 token=45 gen=6 typed=len=5
07-22 19:38:52.779 28145 28145 I VkSuggestions: stripUi prediction=false children=5 [len=5|len=5|len=6]
07-22 19:38:52.779 28145 28145 I VkStripPipeline: slotBind composing children=5 [len=5|len=5|len=6]
07-22 19:38:52.976 28145 28460 I VkSuggestions: decode typedLen=6 candidates=18 locales=1 6,6ms
07-22 19:38:52.978 28145 28460 I VkTextCorrection: threshold len=6→len=8 score=0,000 thr=0,140 ○
07-22 19:38:52.979 28145 28460 I VkSuggestions: strip composing typedLen=6 candidates=16 autocorrect=false top=len=6 locale=pt token=46 gen=6
07-22 19:38:52.979 28145 28145 I VkStripPipeline: setSuggestions composing size=16 style=1 token=46 gen=6 typed=len=6
07-22 19:38:52.981 28145 28145 I VkSuggestions: stripUi prediction=false children=5 [len=6|len=8|len=5]
07-22 19:38:52.982 28145 28145 I VkStripPipeline: slotBind composing children=5 [len=6|len=8|len=5]
07-22 19:38:53.742 28145 28145 I VkTyping: ▶ open restart=true pkg=len=20 inputType=589825
07-22 19:38:54.202 28145 28627 E ActivityThread: Failed to find provider info for com.oplus.statistics.provider
07-22 19:38:54.202 28145 28627 E OplusStatistics--: IllegalArgumentException:java.lang.IllegalArgumentException: Unknown URL content://com.oplus.statistics.provider/track_event
07-22 19:38:54.601 28196 28220 I OnDeviceAssist: warm ok model=qwen2.5-0.5b-instruct-q4_0.gguf ambient=40 chars 0ms
07-22 19:38:54.759 28145 28460 W VibeKeyProfiler: Slow Native Suggest: Total=15.59ms | Init=0.80ms | TrieExpand(x15)=14.77ms | Scoring=0.02ms | inputSize=1
07-22 19:38:54.763 28145 28460 I VkSuggestions: decode typedLen=1 candidates=18 locales=1 21,8ms
07-22 19:38:54.763 28145 28460 W VkSuggestions: slow frame 21,8ms locales=1 typedLen=1 candidates=18
07-22 19:38:54.764 28145 28460 I VkSuggestions: strip composing typedLen=1 candidates=19 autocorrect=false top=len=1 locale=pt token=47 gen=6
07-22 19:38:54.764 28145 28145 I VkStripPipeline: setSuggestions composing size=19 style=1 token=47 gen=6 typed=len=1
07-22 19:38:54.765 28145 28145 I VkSuggestions: stripUi prediction=false children=5 [len=1|len=2|len=4]
07-22 19:38:54.765 28145 28145 I VkStripPipeline: slotBind composing children=5 [len=1|len=2|len=4]
07-22 19:38:54.847 28145 28145 I VkKeyPress: keys pressed=54
07-22 19:38:54.956 28145 28460 I VkSuggestions: decode typedLen=2 candidates=18 locales=1 6,8ms
07-22 19:38:54.956 28145 28460 I VkTextCorrection: threshold len=2→len=2 score=0,064 thr=0,140 ○
07-22 19:38:54.957 28145 28460 I VkSuggestions: strip composing typedLen=2 candidates=16 autocorrect=false top=len=2 locale=pt token=48 gen=6
07-22 19:38:54.957 28145 28145 I VkStripPipeline: setSuggestions composing size=16 style=1 token=48 gen=6 typed=len=2
07-22 19:38:54.958 28145 28145 I VkSuggestions: stripUi prediction=false children=5 [len=2|len=2|len=2]
07-22 19:38:54.958 28145 28145 I VkStripPipeline: slotBind composing children=5 [len=2|len=2|len=2]
07-22 19:38:55.160 28145 28460 I VkSuggestions: decode typedLen=3 candidates=18 locales=1 6,7ms
07-22 19:38:55.160 28145 28460 I VkTextCorrection: threshold len=3→len=3 score=0,000 thr=0,140 ○
07-22 19:38:55.161 28145 28460 I VkSuggestions: strip composing typedLen=3 candidates=15 autocorrect=false top=len=3 locale=pt token=50 gen=6
07-22 19:38:55.161 28145 28145 I VkStripPipeline: setSuggestions composing size=15 style=1 token=50 gen=6 typed=len=3
07-22 19:38:55.162 28145 28145 I VkSuggestions: stripUi prediction=false children=5 [len=3|len=3|len=3]
07-22 19:38:55.162 28145 28145 I VkStripPipeline: slotBind composing children=5 [len=3|len=3|len=3]
07-22 19:38:55.275 28145 28460 I VkSuggestions: decode typedLen=4 candidates=18 locales=1 8,2ms
07-22 19:38:55.276 28145 28460 I VkTextCorrection: threshold len=4→len=4 score=0,000 thr=0,140 ○
07-22 19:38:55.277 28145 28460 I VkSuggestions: strip composing typedLen=4 candidates=18 autocorrect=false top=len=4 locale=pt token=50 gen=6
07-22 19:38:55.277 28145 28145 I VkStripPipeline: setSuggestions composing size=18 style=1 token=50 gen=6 typed=len=4
07-22 19:38:55.279 28145 28145 I VkSuggestions: stripUi prediction=false children=5 [len=4|len=4|len=4]
07-22 19:38:55.279 28145 28145 I VkStripPipeline: slotBind composing children=5 [len=4|len=4|len=4]
07-22 19:38:55.958 28145 28145 I VkKeyPress: strip pick code=-10060
07-22 19:38:55.964 28145 28145 I VkPanels: ▶ open ai_theme
07-22 19:38:56.087 28145 28684 E ibekey.keyboar: Attempt to load writable dex file: /data/user/0/com.vibekey.keyboard/app_yqzdkcache/rbp/1770852720500.jar
07-22 19:38:56.120 28145 28666 W ServiceBindIntentUtils: Dynamic lookup for intent failed for action: com.google.android.gms.ads.service.CACHE
07-22 19:38:56.121 28145 28681 W Ads     : Invoke Firebase method getInstance error.
07-22 19:38:56.121 28145 28681 W Ads     : The Google Mobile Ads SDK will not integrate with Firebase. Admob/Firebase integration requires the latest Firebase SDK jar, but Firebase SDK is either missing or out of date
07-22 19:38:56.206 28145 28682 W Ads     : Not retrying to fetch app settings
07-22 19:38:56.209 28145 28700 W ServiceBindIntentUtils: Dynamic lookup for intent failed for action: com.google.android.gms.ads.service.START
07-22 19:38:56.921 28145 28145 I VkKeyPress: strip pick code=-10060
07-22 19:38:56.922 28145 28145 I VkPanels: ○ close ai_theme
07-22 19:38:56.931 28145 28145 I VkVibeCards: ○ sticker skipped: session_inactive
07-22 19:38:57.379 28145 28145 E Ads     : JS: Uncaught TypeError: Cannot read properties of null (reading 's') (https://pagead2.googlesyndication.com/omsdk/releases/live/omsdk-v1.js:27)
07-22 19:38:57.502 28145 28145 W Ads     : GET LOCATION COMPILED
07-22 19:38:57.726 28145 28145 E Ads     : JS: Refused to get unsafe header "X-Afma-Gcache-IsGcacheHit" (https://www.gstatic.com/mysidia/9a106ad50b25088b9fd96a28a450ebbc.js?tag=addon/rewarded_brand_video:676)
07-22 19:38:57.759 28145 28145 E Ads     : JS: Refused to get unsafe header "X-Afma-Gcache-IsGcacheHit" (https://www.gstatic.com/mysidia/9a106ad50b25088b9fd96a28a450ebbc.js?tag=addon/rewarded_brand_video:676)
07-22 19:38:57.881 28145 28367 W libc    : Access denied finding property "vendor.oplus.media.vpp.stutter"
07-22 19:38:57.893 28145 28367 E ListServiceUtils: checkInListByUid module:HQV-effect uid:14395 cost 2547us return 0
07-22 19:38:57.893 28145 28367 E MULTIMEDIAConfig: [getInt32:L80] Not find config, Returning default
07-22 19:38:57.893 28145 28367 E MULTIMEDIAConfig: [getInt32:L80] Not find config, Returning default
07-22 19:38:57.893 28145 28367 E OplusACodec: [OplusACodec:204] mSrOsieMMListCheckResult:0x0 mOsieVersion:1
07-22 19:38:58.033 28145 28779 E OplusACodec: [GetVideoCodingTypeFromMime:L1162] mime:video/x-vnd.on2.vp9
07-22 19:38:58.043 28145 28145 I VkTyping: ○ hidden
07-22 19:38:58.291 28145 28145 I VkEffects: reload anim=scale blur=0px glow=false stickers=true
07-22 19:38:58.922 28145 28145 W VkStall : MAIN-THREAD STALL 659ms (imeHideInProgress) during: >>>>> Dispatching to Handler (android.os.Handler) {7543b11} g9.u@72e697a: 0
07-22 19:38:59.176 28145 28367 W cr_MediaCodecBridge: Releasing: OMX.qcom.video.decoder.vp9
07-22 19:38:59.178 28145 28777 E ExtensionsLoader: freeAllBuffers: 13 buffers were freed while being dequeued!
07-22 19:38:59.189 28145 28367 W cr_MediaCodecBridge: Codec released
07-22 19:38:59.250 28145 28145 W VkStall : MAIN-THREAD STALL 160ms (imeHideInProgress) during: >>>>> Dispatching to Handler (com.google.android.gms.ads.internal.util.f) {ec8e0e4} com.google.android.gms.ads.internal.webview.an@ac37d0d: 0
07-22 19:38:59.550 28145 28145 W VkStall : MAIN-THREAD STALL 254ms (imeHideInProgress) during: >>>>> Dispatching to Handler (android.os.Handler) {7543b11} g9.u@72e697a: 0
07-22 19:38:59.558 28145 28145 I VkTyping: ▶ open restart=false pkg=len=20 inputType=589825
07-22 19:39:00.114 28145 28460 I VkSuggestions: strip prediction typedLen=0 candidates=3 autocorrect=false top=len=1 locale=pt token=55 gen=6
07-22 19:39:00.115 28145 28145 I VkStripPipeline: setSuggestions prediction size=3 style=7 token=55 gen=6
07-22 19:39:00.116 28145 28145 I VkSuggestions: stripUi prediction=true children=5 [len=1|len=1|len=2]
07-22 19:39:00.116 28145 28145 I VkStripPipeline: slotBind prediction children=5 [len=1|len=1|len=2]
07-22 19:39:00.645 28145 28145 I VkKeyPress: keys pressed=57
07-22 19:39:00.776 28145 28460 I VkSuggestions: decode typedLen=1 candidates=18 locales=1 10,1ms
07-22 19:39:00.777 28145 28460 I VkSuggestions: strip composing typedLen=1 candidates=19 autocorrect=false top=len=1 locale=pt token=56 gen=6
07-22 19:39:00.778 28145 28145 I VkStripPipeline: setSuggestions composing size=19 style=1 token=56 gen=6 typed=len=1
07-22 19:39:00.779 28145 28145 I VkSuggestions: stripUi prediction=false children=5 [len=1|len=2|len=4]
07-22 19:39:00.779 28145 28145 I VkStripPipeline: slotBind composing children=5 [len=1|len=2|len=4]
07-22 19:39:00.815 28145 28145 I VkEffects: reload anim=ripple blur=0px glow=false stickers=true
07-22 19:39:00.944 28145 28145 W VkStall : MAIN-THREAD STALL 132ms during: >>>>> Dispatching to Handler (android.os.Handler) {7543b11} g9.u@72e697a: 0
07-22 19:39:01.235 28145 28145 W VkStall : MAIN-THREAD STALL 138ms during: >>>>> Dispatching to Handler (android.os.Handler) {7543b11} g9.u@72e697a: 0
07-22 19:39:01.310 28196 28220 I OnDeviceAssist: warm ok model=qwen2.5-0.5b-instruct-q4_0.gguf ambient=40 chars 886ms
07-22 19:39:01.396 28145 28460 I VkSuggestions: decode typedLen=5 candidates=18 locales=1 12,9ms
07-22 19:39:01.398 28145 28460 I VkTextCorrection: threshold len=5→len=5 score=0,000 thr=0,140 ○
07-22 19:39:01.401 28145 28460 I VkSuggestions: strip composing typedLen=5 candidates=19 autocorrect=false top=len=5 locale=pt token=60 gen=6
07-22 19:39:01.402 28145 28145 I VkStripPipeline: setSuggestions composing size=19 style=1 token=60 gen=6 typed=len=5
07-22 19:39:01.404 28145 28145 I VkSuggestions: stripUi prediction=false children=5 [len=5|len=5|len=5]
07-22 19:39:01.404 28145 28145 I VkStripPipeline: slotBind composing children=5 [len=5|len=5|len=5]
07-22 19:39:01.536 28145 28145 W VkStall : MAIN-THREAD STALL 124ms during: >>>>> Dispatching to Handler (android.os.Handler) {7543b11} g9.u@72e697a: 0
07-22 19:39:01.643 28145 28460 I VkSuggestions: decode typedLen=6 candidates=18 locales=1 3,7ms
07-22 19:39:01.643 28145 28460 I VkTextCorrection: threshold len=6→len=5 score=0,000 thr=0,140 ○
07-22 19:39:01.644 28145 28460 I VkSuggestions: strip composing typedLen=6 candidates=19 autocorrect=false top=len=6 locale=pt token=62 gen=6
07-22 19:39:01.644 28145 28145 I VkStripPipeline: setSuggestions composing size=19 style=1 token=62 gen=6 typed=len=6
07-22 19:39:01.645 28145 28145 I VkSuggestions: stripUi prediction=false children=5 [len=6|len=5|len=5]
07-22 19:39:01.645 28145 28145 I VkStripPipeline: slotBind composing children=5 [len=6|len=5|len=5]
07-22 19:39:01.776 28145 28460 I VkSuggestions: decode typedLen=7 candidates=18 locales=1 3,1ms
07-22 19:39:01.776 28145 28460 I VkTextCorrection: threshold len=7→len=11 score=0,000 thr=0,140 ○
07-22 19:39:01.777 28145 28460 I VkSuggestions: strip composing typedLen=7 candidates=19 autocorrect=false top=len=7 locale=pt token=63 gen=6
07-22 19:39:01.777 28145 28145 I VkStripPipeline: setSuggestions composing size=19 style=1 token=63 gen=6 typed=len=7
07-22 19:39:01.779 28145 28145 I VkSuggestions: stripUi prediction=false children=5 [len=7|len=11|len=5]
07-22 19:39:01.780 28145 28145 I VkStripPipeline: slotBind composing children=5 [len=7|len=11|len=5]
07-22 19:39:01.921 28145 28460 I VkSuggestions: decode typedLen=8 candidates=18 locales=1 3,4ms
07-22 19:39:01.922 28145 28460 I VkTextCorrection: threshold len=8→len=9 score=0,000 thr=0,140 ○
07-22 19:39:01.922 28145 28460 I VkSuggestions: strip composing typedLen=8 candidates=19 autocorrect=false top=len=8 locale=pt token=64 gen=6
07-22 19:39:01.923 28145 28145 I VkStripPipeline: setSuggestions composing size=19 style=1 token=64 gen=6 typed=len=8
07-22 19:39:01.925 28145 28145 I VkSuggestions: stripUi prediction=false children=5 [len=8|len=5|len=4]
07-22 19:39:01.925 28145 28145 I VkStripPipeline: slotBind composing children=5 [len=8|len=5|len=4]
07-22 19:39:02.080 28145 28460 W VibeKeyProfiler: Slow Native Suggest: Total=10.30ms | Init=0.15ms | TrieExpand(x5)=10.11ms | Scoring=0.04ms | inputSize=9
07-22 19:39:02.086 28145 28460 I VkSuggestions: decode typedLen=9 candidates=18 locales=1 17,6ms
07-22 19:39:02.086 28145 28460 W VkSuggestions: slow frame 17,6ms locales=1 typedLen=9 candidates=18
07-22 19:39:02.089 28145 28460 I VkTextCorrection: threshold len=9→len=10 score=0,000 thr=0,140 ○
07-22 19:39:02.090 28145 28460 I VkSuggestions: strip composing typedLen=9 candidates=19 autocorrect=false top=len=9 locale=pt token=64 gen=6
07-22 19:39:02.090 28145 28145 I VkStripPipeline: setSuggestions composing size=19 style=1 token=64 gen=6 typed=len=9
07-22 19:39:02.093 28145 28145 I VkSuggestions: stripUi prediction=false children=5 [len=9|len=5|len=5]
07-22 19:39:02.093 28145 28145 I VkStripPipeline: slotBind composing children=5 [len=9|len=5|len=5]
07-22 19:39:02.322 28145 28460 I VkSuggestions: decode typedLen=10 candidates=18 locales=1 6,1ms
07-22 19:39:02.323 28145 28460 I VkTextCorrection: threshold len=10→len=10 score=0,000 thr=0,140 ○
07-22 19:39:02.324 28145 28460 I VkSuggestions: strip composing typedLen=10 candidates=19 autocorrect=false top=len=10 locale=pt token=66 gen=6
07-22 19:39:02.324 28145 28145 I VkStripPipeline: setSuggestions composing size=19 style=1 token=66 gen=6 typed=len=10
07-22 19:39:02.325 28145 28145 I VkSuggestions: stripUi prediction=false children=5 [len=10|len=5|len=5]
07-22 19:39:02.325 28145 28145 I VkStripPipeline: slotBind composing children=5 [len=10|len=5|len=5]
07-22 19:39:02.500 28145 28460 I VkSuggestions: decode typedLen=11 candidates=18 locales=1 7,4ms
07-22 19:39:02.501 28145 28460 I VkTextCorrection: threshold len=11→len=13 score=0,000 thr=0,140 ○
07-22 19:39:02.501 28145 28460 I VkSuggestions: strip composing typedLen=11 candidates=19 autocorrect=false top=len=11 locale=pt token=67 gen=6
07-22 19:39:02.502 28145 28145 I VkStripPipeline: setSuggestions composing size=19 style=1 token=67 gen=6 typed=len=11
07-22 19:39:02.503 28145 28145 I VkSuggestions: stripUi prediction=false children=5 [len=11|len=5|len=4]
07-22 19:39:02.503 28145 28145 I VkStripPipeline: slotBind composing children=5 [len=11|len=5|len=4]
07-22 19:39:02.618 28145 28460 W VibeKeyProfiler: Slow Native Suggest: Total=9.92ms | Init=0.21ms | TrieExpand(x5)=9.66ms | Scoring=0.04ms | inputSize=12
07-22 19:39:02.625 28145 28460 I VkSuggestions: decode typedLen=12 candidates=18 locales=1 17,9ms
07-22 19:39:02.625 28145 28460 W VkSuggestions: slow frame 17,9ms locales=1 typedLen=12 candidates=18
07-22 19:39:02.628 28145 28460 I VkTextCorrection: threshold len=12→len=14 score=0,000 thr=0,140 ○
07-22 19:39:02.630 28145 28460 I VkSuggestions: strip composing typedLen=12 candidates=19 autocorrect=false top=len=12 locale=pt token=67 gen=6
07-22 19:39:02.630 28145 28145 I VkStripPipeline: setSuggestions composing size=19 style=1 token=67 gen=6 typed=len=12
07-22 19:39:02.633 28145 28145 I VkSuggestions: stripUi prediction=false children=5 [len=12|len=5|len=5]
07-22 19:39:02.633 28145 28145 I VkStripPipeline: slotBind composing children=5 [len=12|len=5|len=5]
07-22 19:39:03.675 28145 28145 I VkKeyPress: keys pressed=80
07-22 19:39:03.891 28145 28460 I VkTextCorrection: rerank prediction head len=1→len=1
07-22 19:39:03.892 28145 28460 I VkSuggestions: strip prediction typedLen=0 candidates=3 autocorrect=false top=len=1 locale=pt token=68 gen=6
07-22 19:39:03.905 28145 28145 I VkStripPipeline: setSuggestions prediction size=3 style=7 token=68 gen=6
07-22 19:39:03.910 28145 28145 I VkSuggestions: stripUi prediction=true children=5 [len=2|len=1|len=2]
07-22 19:39:03.910 28145 28145 I VkStripPipeline: slotBind prediction children=5 [len=2|len=1|len=2]
07-22 19:39:04.528 28145 28460 W VibeKeyProfiler: Slow Native Suggest: Total=11.91ms | Init=0.46ms | TrieExpand(x14)=11.39ms | Scoring=0.05ms | inputSize=1
07-22 19:39:04.541 28145 28460 W VibeKeyProfiler: Slow Native Suggest: Total=12.12ms | Init=0.45ms | TrieExpand(x22)=11.65ms | Scoring=0.02ms | inputSize=1
07-22 19:39:04.541 28145 28460 I VkSuggestions: decode typedLen=1 candidates=18 locales=1 26,1ms
07-22 19:39:04.541 28145 28460 W VkSuggestions: slow frame 26,1ms locales=1 typedLen=1 candidates=18
07-22 19:39:04.543 28145 28460 I VkTextCorrection: rerank composing head len=1→len=2
07-22 19:39:04.543 28145 28460 I VkTextCorrection: threshold len=1→len=2 score=0,000 thr=0,140 ○
07-22 19:39:04.545 28145 28460 I VkSuggestions: strip composing typedLen=1 candidates=19 autocorrect=false top=len=1 locale=pt token=69 gen=6
07-22 19:39:04.545 28145 28145 I VkStripPipeline: setSuggestions composing size=19 style=1 token=69 gen=6 typed=len=1
07-22 19:39:04.551 28145 28145 I VkSuggestions: stripUi prediction=false children=5 [len=1|len=2|len=2]
07-22 19:39:04.551 28145 28145 I VkStripPipeline: slotBind composing children=5 [len=1|len=2|len=2]
07-22 19:39:04.752 28145 28460 W VibeKeyProfiler: Slow Native Suggest: Total=10.28ms | Init=0.09ms | TrieExpand(x14)=10.14ms | Scoring=0.04ms | inputSize=2
07-22 19:39:04.760 28145 28460 I VkSuggestions: decode typedLen=2 candidates=18 locales=1 18,2ms
07-22 19:39:04.760 28145 28460 W VkSuggestions: slow frame 18,2ms locales=1 typedLen=2 candidates=18
07-22 19:39:04.765 28145 28460 I VkTextCorrection: threshold len=2→len=2 score=0,000 thr=0,140 ○
07-22 19:39:04.765 28145 28460 I VkSuggestions: strip composing typedLen=2 candidates=18 autocorrect=false top=len=2 locale=pt token=70 gen=6
07-22 19:39:04.766 28145 28145 I VkStripPipeline: setSuggestions composing size=18 style=1 token=70 gen=6 typed=len=2
07-22 19:39:04.767 28145 28145 I VkSuggestions: stripUi prediction=false children=5 [len=2|len=2|len=2]
07-22 19:39:04.767 28145 28145 I VkStripPipeline: slotBind composing children=5 [len=2|len=2|len=2]
07-22 19:39:04.958 28145 28460 I VkSuggestions: decode typedLen=3 candidates=18 locales=1 7,8ms
07-22 19:39:04.959 28145 28460 I VkTextCorrection: threshold len=3→len=3 score=0,012 thr=0,140 ○
07-22 19:39:04.959 28145 28460 I VkSuggestions: strip composing typedLen=3 candidates=19 autocorrect=false top=len=3 locale=pt token=72 gen=6
07-22 19:39:04.959 28145 28145 I VkStripPipeline: setSuggestions composing size=19 style=1 token=72 gen=6 typed=len=3
07-22 19:39:04.961 28145 28145 I VkSuggestions: stripUi prediction=false children=5 [len=3|len=3|len=3]
07-22 19:39:04.961 28145 28145 I VkStripPipeline: slotBind composing children=5 [len=3|len=3|len=3]
07-22 19:39:05.150 28145 28460 I VkSuggestions: decode typedLen=4 candidates=18 locales=1 6,8ms
07-22 19:39:05.150 28145 28460 I VkTextCorrection: threshold len=4→len=4 score=0,000 thr=0,140 ○
07-22 19:39:05.151 28145 28460 I VkSuggestions: strip composing typedLen=4 candidates=19 autocorrect=false top=len=4 locale=pt token=73 gen=6
07-22 19:39:05.151 28145 28145 I VkStripPipeline: setSuggestions composing size=19 style=1 token=73 gen=6 typed=len=4
07-22 19:39:05.152 28145 28145 I VkSuggestions: stripUi prediction=false children=5 [len=4|len=4|len=4]
07-22 19:39:05.152 28145 28145 I VkStripPipeline: slotBind composing children=5 [len=4|len=4|len=4]
07-22 19:39:05.330 28145 28460 I VkSuggestions: decode typedLen=5 candidates=18 locales=1 11,4ms
07-22 19:39:05.331 28145 28460 I VkTextCorrection: threshold len=5→len=5 score=0,000 thr=0,140 ○
07-22 19:39:05.331 28145 28460 I VkSuggestions: strip composing typedLen=5 candidates=18 autocorrect=false top=len=5 locale=pt token=73 gen=6
07-22 19:39:05.332 28145 28145 I VkStripPipeline: setSuggestions composing size=18 style=1 token=73 gen=6 typed=len=5
07-22 19:39:05.333 28145 28145 I VkSuggestions: stripUi prediction=false children=5 [len=5|len=5|len=5]
07-22 19:39:05.333 28145 28145 I VkStripPipeline: slotBind composing children=5 [len=5|len=5|len=5]
07-22 19:39:05.520 28145 28460 I VkSuggestions: decode typedLen=6 candidates=18 locales=1 3,6ms
07-22 19:39:05.520 28145 28460 I VkTextCorrection: threshold len=6→len=5 score=0,000 thr=0,140 ○
07-22 19:39:05.521 28145 28460 I VkSuggestions: strip composing typedLen=6 candidates=18 autocorrect=false top=len=6 locale=pt token=75 gen=6
07-22 19:39:05.521 28145 28145 I VkStripPipeline: setSuggestions composing size=18 style=1 token=75 gen=6 typed=len=6
07-22 19:39:05.522 28145 28145 I VkSuggestions: stripUi prediction=false children=5 [len=6|len=5|len=5]
07-22 19:39:05.522 28145 28145 I VkStripPipeline: slotBind composing children=5 [len=6|len=5|len=5]
07-22 19:39:05.727 28145 28460 I VkSuggestions: decode typedLen=7 candidates=18 locales=1 7,3ms
07-22 19:39:05.729 28145 28460 I VkTextCorrection: threshold len=7→len=8 score=0,000 thr=0,140 ○
07-22 19:39:05.730 28145 28460 I VkSuggestions: strip composing typedLen=7 candidates=19 autocorrect=false top=len=7 locale=pt token=75 gen=6
07-22 19:39:05.731 28145 28145 I VkStripPipeline: setSuggestions composing size=19 style=1 token=75 gen=6 typed=len=7
07-22 19:39:05.734 28145 28145 I VkSuggestions: stripUi prediction=false children=5 [len=7|len=5|len=4]
07-22 19:39:05.734 28145 28145 I VkStripPipeline: slotBind composing children=5 [len=7|len=5|len=4]
07-22 19:39:06.827 28145 28145 W VkStall : MAIN-THREAD STALL 205ms during: >>>>> Dispatching to Handler (s8.t0) {5ffc50f} null: 1
07-22 19:39:06.833 28145 28145 I VkKeyPress: keys pressed=99
07-22 19:39:06.928 28145 28460 I VkTextCorrection: rerank prediction head len=1→len=1
07-22 19:39:06.929 28145 28460 I VkSuggestions: strip prediction typedLen=0 candidates=3 autocorrect=false top=len=1 locale=pt token=76 gen=6
07-22 19:39:06.934 28145 28145 I VkStripPipeline: setSuggestions prediction size=3 style=7 token=76 gen=6
07-22 19:39:06.935 28145 28145 I VkSuggestions: stripUi prediction=true children=5 [len=2|len=1|len=2]
07-22 19:39:06.935 28145 28145 I VkStripPipeline: slotBind prediction children=5 [len=2|len=1|len=2]
07-22 19:39:07.529 28145 28460 W VibeKeyProfiler: Slow Native Suggest: Total=9.94ms | Init=0.56ms | TrieExpand(x17)=9.34ms | Scoring=0.04ms | inputSize=1
07-22 19:39:07.542 28145 28460 W VibeKeyProfiler: Slow Native Suggest: Total=12.49ms | Init=0.48ms | TrieExpand(x16)=11.98ms | Scoring=0.03ms | inputSize=1
07-22 19:39:07.543 28145 28460 I VkSuggestions: decode typedLen=1 candidates=18 locales=1 24,6ms
07-22 19:39:07.543 28145 28460 W VkSuggestions: slow frame 24,6ms locales=1 typedLen=1 candidates=18
07-22 19:39:07.545 28145 28460 I VkTextCorrection: rerank composing head len=2→len=2
07-22 19:39:07.545 28145 28460 I VkTextCorrection: threshold len=1→len=2 score=0,000 thr=0,140 ○
07-22 19:39:07.546 28145 28460 I VkSuggestions: strip composing typedLen=1 candidates=18 autocorrect=false top=len=1 locale=pt token=77 gen=6
07-22 19:39:07.547 28145 28145 I VkStripPipeline: setSuggestions composing size=18 style=1 token=77 gen=6 typed=len=1
07-22 19:39:07.550 28145 28145 I VkSuggestions: stripUi prediction=false children=5 [len=1|len=2|len=2]
07-22 19:39:07.551 28145 28145 I VkStripPipeline: slotBind composing children=5 [len=1|len=2|len=2]
07-22 19:39:07.792 28145 28460 W VibeKeyProfiler: Slow Native Suggest: Total=9.08ms | Init=0.09ms | TrieExpand(x15)=8.94ms | Scoring=0.04ms | inputSize=2
07-22 19:39:07.801 28145 28460 I VkSuggestions: decode typedLen=2 candidates=18 locales=1 19,1ms
07-22 19:39:07.802 28145 28460 W VkSuggestions: slow frame 19,1ms locales=1 typedLen=2 candidates=18
07-22 19:39:07.804 28145 28460 I VkTextCorrection: rerank composing head len=2→len=2
07-22 19:39:07.805 28145 28460 I VkTextCorrection: threshold len=2→len=2 score=0,000 thr=0,140 ○
07-22 19:39:07.806 28145 28460 I VkSuggestions: strip composing typedLen=2 candidates=18 autocorrect=false top=len=2 locale=pt token=78 gen=6
07-22 19:39:07.807 28145 28145 I VkStripPipeline: setSuggestions composing size=18 style=1 token=78 gen=6 typed=len=2
07-22 19:39:07.818 28145 28145 I VkSuggestions: stripUi prediction=false children=5 [len=2|len=2|len=4]
07-22 19:39:07.818 28145 28145 I VkStripPipeline: slotBind composing children=5 [len=2|len=2|len=4]
07-22 19:39:08.004 28145 28627 E ActivityThread: Failed to find provider info for com.oplus.statistics.provider
07-22 19:39:08.004 28145 28627 E OplusStatistics--: IllegalArgumentException:java.lang.IllegalArgumentException: Unknown URL content://com.oplus.statistics.provider/track_event
07-22 19:39:08.068 28145 28460 W VibeKeyProfiler: Slow Native Suggest: Total=8.73ms | Init=0.16ms | TrieExpand(x15)=8.53ms | Scoring=0.05ms | inputSize=3
07-22 19:39:08.077 28145 28460 I VkSuggestions: decode typedLen=3 candidates=18 locales=1 18,2ms
07-22 19:39:08.077 28145 28460 W VkSuggestions: slow frame 18,2ms locales=1 typedLen=3 candidates=18
07-22 19:39:08.078 28145 28460 I VkTextCorrection: threshold len=3→len=4 score=0,192 thr=0,140 ✓
07-22 19:39:08.079 28145 28460 I VkSuggestions: strip composing typedLen=3 candidates=19 autocorrect=false top=len=3 locale=pt token=79 gen=6
07-22 19:39:08.079 28145 28145 I VkStripPipeline: setSuggestions composing size=19 style=1 token=79 gen=6 typed=len=3
07-22 19:39:08.081 28145 28145 I VkSuggestions: stripUi prediction=false children=5 [len=3|len=2|len=3]
07-22 19:39:08.081 28145 28145 I VkStripPipeline: slotBind composing children=5 [len=3|len=2|len=3]
07-22 19:39:08.242 28145 28460 I VkSuggestions: decode typedLen=4 candidates=18 locales=1 7,9ms
07-22 19:39:08.242 28145 28460 I VkTextCorrection: threshold len=4→len=4 score=0,012 thr=0,140 ○
07-22 19:39:08.243 28145 28460 I VkSuggestions: strip composing typedLen=4 candidates=19 autocorrect=false top=len=4 locale=pt token=81 gen=6
07-22 19:39:08.243 28145 28145 I VkStripPipeline: setSuggestions composing size=19 style=1 token=81 gen=6 typed=len=4
07-22 19:39:08.244 28145 28145 I VkSuggestions: stripUi prediction=false children=5 [len=4|len=4|len=4]
07-22 19:39:08.244 28145 28145 I VkStripPipeline: slotBind composing children=5 [len=4|len=4|len=4]
07-22 19:39:08.407 28145 28460 I VkSuggestions: decode typedLen=5 candidates=18 locales=1 6,2ms
07-22 19:39:08.408 28145 28460 I VkTextCorrection: threshold len=5→len=5 score=0,000 thr=0,140 ○
07-22 19:39:08.409 28145 28460 I VkSuggestions: strip composing typedLen=5 candidates=17 autocorrect=false top=len=5 locale=pt token=82 gen=6
07-22 19:39:08.409 28145 28145 I VkStripPipeline: setSuggestions composing size=17 style=1 token=82 gen=6 typed=len=5
07-22 19:39:08.410 28145 28145 I VkSuggestions: stripUi prediction=false children=5 [len=5|len=2|len=4]
07-22 19:39:08.410 28145 28145 I VkStripPipeline: slotBind composing children=5 [len=5|len=2|len=4]
07-22 19:39:08.552 28145 28460 W VibeKeyProfiler: Slow Native Suggest: Total=8.24ms | Init=0.09ms | TrieExpand(x10)=8.11ms | Scoring=0.04ms | inputSize=6
07-22 19:39:08.553 28145 28460 I VkSuggestions: decode typedLen=6 candidates=18 locales=1 11,6ms
07-22 19:39:08.555 28145 28460 I VkTextCorrection: threshold len=6→len=7 score=0,000 thr=0,140 ○
07-22 19:39:08.557 28145 28460 I VkSuggestions: strip composing typedLen=6 candidates=18 autocorrect=false top=len=6 locale=pt token=82 gen=6
07-22 19:39:08.558 28145 28145 I VkStripPipeline: setSuggestions composing size=18 style=1 token=82 gen=6 typed=len=6
07-22 19:39:08.561 28145 28145 I VkSuggestions: stripUi prediction=false children=5 [len=6|len=2|len=6]
07-22 19:39:08.561 28145 28145 I VkStripPipeline: slotBind composing children=5 [len=6|len=2|len=6]
07-22 19:39:08.761 28145 28460 I VkSuggestions: decode typedLen=7 candidates=18 locales=1 3,2ms
07-22 19:39:08.762 28145 28460 I VkTextCorrection: threshold len=7→len=8 score=0,000 thr=0,140 ○
07-22 19:39:08.763 28145 28460 I VkSuggestions: strip composing typedLen=7 candidates=18 autocorrect=false top=len=7 locale=pt token=84 gen=6
07-22 19:39:08.763 28145 28145 I VkStripPipeline: setSuggestions composing size=18 style=1 token=84 gen=6 typed=len=7
07-22 19:39:08.765 28145 28145 I VkSuggestions: stripUi prediction=false children=5 [len=7|len=2|len=2]
07-22 19:39:08.765 28145 28145 I VkStripPipeline: slotBind composing children=5 [len=7|len=2|len=2]
07-22 19:39:08.934 28145 28460 I VkSuggestions: decode typedLen=8 candidates=18 locales=1 2,0ms
07-22 19:39:08.935 28145 28460 I VkTextCorrection: threshold len=8→len=9 score=0,000 thr=0,140 ○
07-22 19:39:08.936 28145 28460 I VkSuggestions: strip composing typedLen=8 candidates=17 autocorrect=false top=len=8 locale=pt token=85 gen=6
07-22 19:39:08.936 28145 28145 I VkStripPipeline: setSuggestions composing size=17 style=1 token=85 gen=6 typed=len=8
07-22 19:39:08.938 28145 28145 I VkSuggestions: stripUi prediction=false children=5 [len=8|len=2|len=2]
07-22 19:39:08.938 28145 28145 I VkStripPipeline: slotBind composing children=5 [len=8|len=2|len=2]
07-22 19:39:09.104 28145 28460 W VibeKeyProfiler: Slow Native Suggest: Total=10.78ms | Init=0.14ms | TrieExpand(x5)=10.60ms | Scoring=0.04ms | inputSize=9
07-22 19:39:09.109 28145 28460 I VkSuggestions: decode typedLen=9 candidates=18 locales=1 17,2ms
07-22 19:39:09.109 28145 28460 W VkSuggestions: slow frame 17,2ms locales=1 typedLen=9 candidates=18
07-22 19:39:09.111 28145 28460 I VkTextCorrection: threshold len=9→len=11 score=0,000 thr=0,140 ○
07-22 19:39:09.112 28145 28460 I VkSuggestions: strip composing typedLen=9 candidates=17 autocorrect=false top=len=9 locale=pt token=85 gen=6
07-22 19:39:09.112 28145 28145 I VkStripPipeline: setSuggestions composing size=17 style=1 token=85 gen=6 typed=len=9
07-22 19:39:09.114 28145 28145 I VkSuggestions: stripUi prediction=false children=5 [len=9|len=2|len=2]
07-22 19:39:09.114 28145 28145 I VkStripPipeline: slotBind composing children=5 [len=9|len=2|len=2]
07-22 19:39:09.836 28145 28145 I VkKeyPress: keys pressed=115
07-22 19:39:10.265 28145 28460 I VkTextCorrection: rerank prediction head len=1→len=2
07-22 19:39:10.266 28145 28460 I VkSuggestions: strip prediction typedLen=0 candidates=3 autocorrect=false top=len=2 locale=pt token=86 gen=6
07-22 19:39:10.269 28145 28145 I VkStripPipeline: setSuggestions prediction size=3 style=7 token=86 gen=6
07-22 19:39:10.272 28145 28145 I VkSuggestions: stripUi prediction=true children=5 [len=1|len=2|len=2]
07-22 19:39:10.273 28145 28145 I VkStripPipeline: slotBind prediction children=5 [len=1|len=2|len=2]
07-22 19:39:10.931 28145 28460 I VkSuggestions: decode typedLen=1 candidates=18 locales=1 8,8ms
07-22 19:39:10.932 28145 28460 I VkSuggestions: strip composing typedLen=1 candidates=17 autocorrect=false top=len=1 locale=pt token=88 gen=6
07-22 19:39:10.932 28145 28145 I VkStripPipeline: setSuggestions composing size=17 style=1 token=88 gen=6 typed=len=1
07-22 19:39:10.933 28145 28145 I VkSuggestions: stripUi prediction=false children=5 [len=1|len=1|len=1]
07-22 19:39:10.933 28145 28145 I VkStripPipeline: slotBind composing children=5 [len=1|len=1|len=1]
07-22 19:39:11.082 28145 28460 I VkSuggestions: decode typedLen=2 candidates=18 locales=1 10,7ms
07-22 19:39:11.083 28145 28460 I VkTextCorrection: threshold len=2→len=2 score=0,093 thr=0,140 ○
07-22 19:39:11.084 28145 28460 I VkSuggestions: strip composing typedLen=2 candidates=19 autocorrect=false top=len=2 locale=pt token=88 gen=6
07-22 19:39:11.084 28145 28145 I VkStripPipeline: setSuggestions composing size=19 style=1 token=88 gen=6 typed=len=2
07-22 19:39:11.086 28145 28145 I VkSuggestions: stripUi prediction=false children=5 [len=2|len=2|len=2]
07-22 19:39:11.086 28145 28145 I VkStripPipeline: slotBind composing children=5 [len=2|len=2|len=2]
07-22 19:39:11.274 28145 28460 I VkSuggestions: decode typedLen=3 candidates=18 locales=1 9,5ms
07-22 19:39:11.274 28145 28460 I VkTextCorrection: threshold len=3→len=3 score=0,000 thr=0,140 ○
07-22 19:39:11.275 28145 28460 I VkSuggestions: strip composing typedLen=3 candidates=19 autocorrect=false top=len=3 locale=pt token=89 gen=6
07-22 19:39:11.276 28145 28145 I VkStripPipeline: setSuggestions composing size=19 style=1 token=89 gen=6 typed=len=3
07-22 19:39:11.278 28145 28145 I VkSuggestions: stripUi prediction=false children=5 [len=3|len=3|len=3]
07-22 19:39:11.278 28145 28145 I VkStripPipeline: slotBind composing children=5 [len=3|len=3|len=3]
07-22 19:39:11.481 28145 28460 I VkSuggestions: decode typedLen=4 candidates=18 locales=1 6,5ms
07-22 19:39:11.481 28145 28460 I VkTextCorrection: threshold len=4→len=5 score=0,000 thr=0,140 ○
07-22 19:39:11.482 28145 28460 I VkSuggestions: strip composing typedLen=4 candidates=19 autocorrect=false top=len=4 locale=pt token=91 gen=6
07-22 19:39:11.482 28145 28145 I VkStripPipeline: setSuggestions composing size=19 style=1 token=91 gen=6 typed=len=4
07-22 19:39:11.483 28145 28145 I VkSuggestions: stripUi prediction=false children=5 [len=4|len=5|len=4]
07-22 19:39:11.483 28145 28145 I VkStripPipeline: slotBind composing children=5 [len=4|len=5|len=4]
07-22 19:39:11.663 28145 28460 I VkSuggestions: decode typedLen=5 candidates=18 locales=1 4,3ms
07-22 19:39:11.664 28145 28460 I VkTextCorrection: threshold len=5→len=5 score=0,000 thr=0,140 ○
07-22 19:39:11.665 28145 28460 I VkSuggestions: strip composing typedLen=5 candidates=19 autocorrect=false top=len=5 locale=pt token=92 gen=6
07-22 19:39:11.665 28145 28145 I VkStripPipeline: setSuggestions composing size=19 style=1 token=92 gen=6 typed=len=5
07-22 19:39:11.666 28145 28145 I VkSuggestions: stripUi prediction=false children=5 [len=5|len=5|len=5]
07-22 19:39:11.666 28145 28145 I VkStripPipeline: slotBind composing children=5 [len=5|len=5|len=5]
07-22 19:39:11.822 28145 28460 I VkSuggestions: decode typedLen=6 candidates=18 locales=1 4,3ms
07-22 19:39:11.823 28145 28460 I VkTextCorrection: threshold len=6→len=6 score=0,000 thr=0,140 ○
07-22 19:39:11.825 28145 28460 I VkSuggestions: strip composing typedLen=6 candidates=19 autocorrect=false top=len=6 locale=pt token=92 gen=6
07-22 19:39:11.826 28145 28145 I VkStripPipeline: setSuggestions composing size=19 style=1 token=92 gen=6 typed=len=6
07-22 19:39:11.832 28145 28145 I VkSuggestions: stripUi prediction=false children=5 [len=6|len=6|len=12]
07-22 19:39:11.832 28145 28145 I VkStripPipeline: slotBind composing children=5 [len=6|len=6|len=12]
07-22 19:39:12.837 28145 28145 I VkKeyPress: keys pressed=140
07-22 19:39:12.935 28145 28460 I VkSuggestions: strip prediction typedLen=0 candidates=3 autocorrect=false top=len=1 locale=pt token=93 gen=6
07-22 19:39:12.939 28145 28145 I VkStripPipeline: setSuggestions prediction size=3 style=7 token=93 gen=6
07-22 19:39:12.943 28145 28145 I VkSuggestions: stripUi prediction=true children=5 [len=2|len=1|len=2]
07-22 19:39:12.943 28145 28145 I VkStripPipeline: slotBind prediction children=5 [len=2|len=1|len=2]
07-22 19:39:13.711 28145 28460 I VkSuggestions: decode typedLen=2 candidates=18 locales=1 8,6ms
07-22 19:39:13.712 28145 28460 I VkTextCorrection: threshold len=2→len=2 score=0,211 thr=0,140 ✓
07-22 19:39:13.712 28145 28460 I VkSuggestions: strip composing typedLen=2 candidates=19 autocorrect=false top=len=2 locale=pt token=96 gen=6
07-22 19:39:13.712 28145 28145 I VkStripPipeline: setSuggestions composing size=19 style=1 token=96 gen=6 typed=len=2
07-22 19:39:13.713 28145 28145 I VkSuggestions: stripUi prediction=false children=5 [len=2|len=2|len=2]
07-22 19:39:13.713 28145 28145 I VkStripPipeline: slotBind composing children=5 [len=2|len=2|len=2]
07-22 19:39:13.880 28145 28460 I VkSuggestions: decode typedLen=3 candidates=18 locales=1 7,2ms
07-22 19:39:13.880 28145 28460 I VkTextCorrection: threshold len=3→len=3 score=0,038 thr=0,140 ○
07-22 19:39:13.881 28145 28460 I VkSuggestions: strip composing typedLen=3 candidates=19 autocorrect=false top=len=3 locale=pt token=97 gen=6
07-22 19:39:13.881 28145 28145 I VkStripPipeline: setSuggestions composing size=19 style=1 token=97 gen=6 typed=len=3
07-22 19:39:13.882 28145 28145 I VkSuggestions: stripUi prediction=false children=5 [len=3|len=3|len=3]
07-22 19:39:13.882 28145 28145 I VkStripPipeline: slotBind composing children=5 [len=3|len=3|len=3]
07-22 19:39:14.070 28145 28460 I VkSuggestions: decode typedLen=4 candidates=18 locales=1 7,9ms
07-22 19:39:14.071 28145 28460 I VkTextCorrection: threshold len=4→len=4 score=0,032 thr=0,140 ○
07-22 19:39:14.072 28145 28460 I VkSuggestions: strip composing typedLen=4 candidates=18 autocorrect=false top=len=4 locale=pt token=98 gen=6
07-22 19:39:14.072 28145 28145 I VkStripPipeline: setSuggestions composing size=18 style=1 token=98 gen=6 typed=len=4
07-22 19:39:14.073 28145 28145 I VkSuggestions: stripUi prediction=false children=5 [len=4|len=4|len=4]
07-22 19:39:14.073 28145 28145 I VkStripPipeline: slotBind composing children=5 [len=4|len=4|len=4]
07-22 19:39:14.329 28145 28460 I VkSuggestions: decode typedLen=6 candidates=18 locales=1 6,1ms
07-22 19:39:14.330 28145 28460 I VkTextCorrection: threshold len=6→len=5 score=0,051 thr=0,140 ○
07-22 19:39:14.331 28145 28460 I VkSuggestions: strip composing typedLen=6 candidates=19 autocorrect=false top=len=6 locale=pt token=99 gen=6
07-22 19:39:14.331 28145 28145 I VkStripPipeline: setSuggestions composing size=19 style=1 token=99 gen=6 typed=len=6
07-22 19:39:14.332 28145 28145 I VkSuggestions: stripUi prediction=false children=5 [len=6|len=5|len=7]
07-22 19:39:14.332 28145 28145 I VkStripPipeline: slotBind composing children=5 [len=6|len=5|len=7]
07-22 19:39:14.522 28145 28460 I VkSuggestions: decode typedLen=7 candidates=18 locales=1 2,9ms
07-22 19:39:14.523 28145 28460 I VkTextCorrection: threshold len=7→len=5 score=0,000 thr=0,140 ○
07-22 19:39:14.524 28145 28460 I VkSuggestions: strip composing typedLen=7 candidates=19 autocorrect=false top=len=7 locale=pt token=101 gen=6
07-22 19:39:14.524 28145 28145 I VkStripPipeline: setSuggestions composing size=19 style=1 token=101 gen=6 typed=len=7
07-22 19:39:14.526 28145 28145 I VkSuggestions: stripUi prediction=false children=5 [len=7|len=5|len=2]
07-22 19:39:14.526 28145 28145 I VkStripPipeline: slotBind composing children=5 [len=7|len=5|len=2]
07-22 19:39:14.672 28145 28460 I VkSuggestions: decode typedLen=8 candidates=18 locales=1 3,2ms
07-22 19:39:14.673 28145 28460 I VkTextCorrection: threshold len=8→len=8 score=0,000 thr=0,140 ○
07-22 19:39:14.674 28145 28460 I VkSuggestions: strip composing typedLen=8 candidates=19 autocorrect=false top=len=8 locale=pt token=102 gen=6
07-22 19:39:14.674 28145 28145 I VkStripPipeline: setSuggestions composing size=19 style=1 token=102 gen=6 typed=len=8
07-22 19:39:14.676 28145 28145 I VkSuggestions: stripUi prediction=false children=5 [len=8|len=5|len=5]
07-22 19:39:14.676 28145 28145 I VkStripPipeline: slotBind composing children=5 [len=8|len=5|len=5]
07-22 19:39:14.867 28145 28460 I VkSuggestions: decode typedLen=9 candidates=18 locales=1 2,5ms
07-22 19:39:14.868 28145 28460 I VkTextCorrection: threshold len=9→len=9 score=0,000 thr=0,140 ○
07-22 19:39:14.869 28145 28460 I VkSuggestions: strip composing typedLen=9 candidates=19 autocorrect=false top=len=9 locale=pt token=103 gen=6
07-22 19:39:14.870 28145 28145 I VkStripPipeline: setSuggestions composing size=19 style=1 token=103 gen=6 typed=len=9
07-22 19:39:14.872 28145 28145 I VkSuggestions: stripUi prediction=false children=5 [len=9|len=5|len=5]
07-22 19:39:14.872 28145 28145 I VkStripPipeline: slotBind composing children=5 [len=9|len=5|len=5]
07-22 19:39:15.010 28145 28460 I VkSuggestions: decode typedLen=10 candidates=18 locales=1 8,2ms
07-22 19:39:15.012 28145 28460 I VkTextCorrection: threshold len=10→len=10 score=0,000 thr=0,140 ○
07-22 19:39:15.013 28145 28460 I VkSuggestions: strip composing typedLen=10 candidates=19 autocorrect=false top=len=10 locale=pt token=103 gen=6
07-22 19:39:15.014 28145 28145 I VkStripPipeline: setSuggestions composing size=19 style=1 token=103 gen=6 typed=len=10
07-22 19:39:15.018 28145 28145 I VkSuggestions: stripUi prediction=false children=5 [len=10|len=5|len=5]
07-22 19:39:15.019 28145 28145 I VkStripPipeline: slotBind composing children=5 [len=10|len=5|len=5]
07-22 19:39:15.844 28145 28145 I VkKeyPress: keys pressed=160
07-22 19:39:16.255 28145 28145 W VkStall : MAIN-THREAD STALL 160ms during: >>>>> Dispatching to Handler (s8.t0) {5ffc50f} null: 1
07-22 19:39:16.359 28145 28460 I VkSuggestions: strip prediction typedLen=0 candidates=3 autocorrect=false top=len=1 locale=pt token=104 gen=6
07-22 19:39:16.363 28145 28145 I VkStripPipeline: setSuggestions prediction size=3 style=7 token=104 gen=6
07-22 19:39:16.367 28145 28145 I VkSuggestions: stripUi prediction=true children=5 [len=2|len=1|len=1]
07-22 19:39:16.367 28145 28145 I VkStripPipeline: slotBind prediction children=5 [len=2|len=1|len=1]
07-22 19:39:17.034 28145 28460 W VibeKeyProfiler: Slow Native Suggest: Total=10.32ms | Init=0.56ms | TrieExpand(x14)=9.73ms | Scoring=0.03ms | inputSize=1
07-22 19:39:17.039 28145 28460 I VkSuggestions: decode typedLen=1 candidates=18 locales=1 16,6ms
07-22 19:39:17.039 28145 28460 W VkSuggestions: slow frame 16,6ms locales=1 typedLen=1 candidates=18
07-22 19:39:17.040 28145 28460 I VkTextCorrection: rerank composing head len=2→len=2
07-22 19:39:17.040 28145 28460 I VkTextCorrection: threshold len=1→len=2 score=0,000 thr=0,140 ○
07-22 19:39:17.041 28145 28460 I VkSuggestions: strip composing typedLen=1 candidates=18 autocorrect=false top=len=1 locale=pt token=105 gen=6
07-22 19:39:17.041 28145 28145 I VkStripPipeline: setSuggestions composing size=18 style=1 token=105 gen=6 typed=len=1
07-22 19:39:17.043 28145 28145 I VkSuggestions: stripUi prediction=false children=5 [len=1|len=2|len=2]
07-22 19:39:17.043 28145 28145 I VkStripPipeline: slotBind composing children=5 [len=1|len=2|len=2]
07-22 19:39:17.241 28145 28460 I VkSuggestions: decode typedLen=2 candidates=18 locales=1 10,1ms
07-22 19:39:17.242 28145 28460 I VkTextCorrection: rerank composing head len=2→len=2
07-22 19:39:17.242 28145 28460 I VkTextCorrection: threshold len=2→len=2 score=0,000 thr=0,140 ○
07-22 19:39:17.243 28145 28460 I VkSuggestions: strip composing typedLen=2 candidates=18 autocorrect=false top=len=2 locale=pt token=106 gen=6
07-22 19:39:17.243 28145 28145 I VkStripPipeline: setSuggestions composing size=18 style=1 token=106 gen=6 typed=len=2
07-22 19:39:17.245 28145 28145 I VkSuggestions: stripUi prediction=false children=5 [len=2|len=2|len=4]
07-22 19:39:17.245 28145 28145 I VkStripPipeline: slotBind composing children=5 [len=2|len=2|len=4]
07-22 19:39:17.466 28145 28460 I VkSuggestions: decode typedLen=3 candidates=18 locales=1 8,0ms
07-22 19:39:17.466 28145 28460 I VkTextCorrection: threshold len=3→len=4 score=0,184 thr=0,140 ✓
07-22 19:39:17.467 28145 28460 I VkSuggestions: strip composing typedLen=3 candidates=19 autocorrect=false top=len=3 locale=pt token=108 gen=6
07-22 19:39:17.467 28145 28145 I VkStripPipeline: setSuggestions composing size=19 style=1 token=108 gen=6 typed=len=3
07-22 19:39:17.469 28145 28145 I VkSuggestions: stripUi prediction=false children=5 [len=3|len=2|len=2]
07-22 19:39:17.469 28145 28145 I VkStripPipeline: slotBind composing children=5 [len=3|len=2|len=2]
07-22 19:39:17.632 28145 28460 I VkSuggestions: decode typedLen=4 candidates=18 locales=1 7,5ms
07-22 19:39:17.632 28145 28460 I VkTextCorrection: threshold len=4→len=4 score=0,000 thr=0,140 ○
07-22 19:39:17.633 28145 28460 I VkSuggestions: strip composing typedLen=4 candidates=19 autocorrect=false top=len=4 locale=pt token=109 gen=6
07-22 19:39:17.633 28145 28145 I VkStripPipeline: setSuggestions composing size=19 style=1 token=109 gen=6 typed=len=4
07-22 19:39:17.634 28145 28145 I VkSuggestions: stripUi prediction=false children=5 [len=4|len=4|len=4]
07-22 19:39:17.634 28145 28145 I VkStripPipeline: slotBind composing children=5 [len=4|len=4|len=4]
07-22 19:39:17.787 28145 28460 I VkSuggestions: decode typedLen=5 candidates=18 locales=1 7,2ms
07-22 19:39:17.788 28145 28460 I VkTextCorrection: threshold len=5→len=4 score=0,000 thr=0,140 ○
07-22 19:39:17.789 28145 28460 I VkSuggestions: strip composing typedLen=5 candidates=17 autocorrect=false top=len=5 locale=pt token=110 gen=6
07-22 19:39:17.790 28145 28145 I VkStripPipeline: setSuggestions composing size=17 style=1 token=110 gen=6 typed=len=5
07-22 19:39:17.791 28145 28145 I VkSuggestions: stripUi prediction=false children=5 [len=5|len=4|len=4]
07-22 19:39:17.791 28145 28145 I VkStripPipeline: slotBind composing children=5 [len=5|len=4|len=4]
07-22 19:39:17.911 28145 28460 W VibeKeyProfiler: Slow Native Suggest: Total=9.53ms | Init=0.10ms | TrieExpand(x4)=9.39ms | Scoring=0.03ms | inputSize=6
07-22 19:39:17.912 28145 28460 I VkSuggestions: decode typedLen=6 candidates=18 locales=1 13,1ms
