--------- beginning of system
06-02 13:14:19.502 10576 10576 E OplusCustomizeRestrictionManager: sInstance is null, start a new sInstance
--------- beginning of main
06-02 13:14:27.504 10576 10576 W View    : requestLayout() improperly called by helium314.keyboard.latin.panels.BrowserPanelView{b06be3 V.E...... ........ 0,0-1440,2040} during second layout pass: posting in next frame
06-02 13:14:27.514 10576 10576 W View    : requestLayout() improperly called by helium314.keyboard.latin.panels.BrowserPanelView{b06be3 V.E...... ......I. 0,0-1440,2040} during layout: running second layout pass
06-02 13:14:27.519 10576 10576 W View    : requestLayout() improperly called by helium314.keyboard.latin.panels.BrowserPanelView{b06be3 V.E...... ........ 0,0-1440,2040} during second layout pass: posting in next frame
06-02 13:14:27.527 10576 10576 W View    : requestLayout() improperly called by helium314.keyboard.latin.panels.BrowserPanelView{b06be3 V.E...... ......I. 0,0-1440,2040} during layout: running second layout pass
06-02 13:14:27.531 10576 10576 W View    : requestLayout() improperly called by helium314.keyboard.latin.panels.BrowserPanelView{b06be3 V.E...... ........ 0,0-1440,2040} during second layout pass: posting in next frame
06-02 13:14:27.547 10576 10576 W View    : requestLayout() improperly called by helium314.keyboard.latin.panels.BrowserPanelView{b06be3 V.E...... ......I. 0,0-1440,2040} during layout: running second layout pass
06-02 13:14:27.551 10576 10576 W View    : requestLayout() improperly called by helium314.keyboard.latin.panels.BrowserPanelView{b06be3 V.E...... ........ 0,0-1440,2040} during second layout pass: posting in next frame
06-02 13:14:27.564 10576 10576 W View    : requestLayout() improperly called by helium314.keyboard.latin.panels.BrowserPanelView{b06be3 V.E...... ......I. 0,0-1440,2040} during layout: running second layout pass
06-02 13:14:27.569 10576 10576 W View    : requestLayout() improperly called by helium314.keyboard.latin.panels.BrowserPanelView{b06be3 V.E...... ........ 0,0-1440,2040} during second layout pass: posting in next frame
06-02 13:14:27.562 10576 10576 W com.vibekey.keyboard: type=1400 audit(0.0:46199): avc: denied { nlmsg_readpriv } for comm=536F636B657420546872656164 scontext=u:r:untrusted_app:s0:c49,c271,c512,c768 tcontext=u:r:untrusted_app:s0:c49,c271,c512,c768 tclass=netlink_route_socket permissive=0 bug=b/155595000 app=com.vibekey.keyboard
06-02 13:14:27.579 10576 10576 W View    : requestLayout() improperly called by helium314.keyboard.latin.panels.BrowserPanelView{b06be3 V.E...... ......I. 0,0-1440,2040} during layout: running second layout pass
06-02 13:14:27.582 10576 10576 W View    : requestLayout() improperly called by helium314.keyboard.latin.panels.BrowserPanelView{b06be3 V.E...... ........ 0,0-1440,2040} during second layout pass: posting in next frame
06-02 13:14:27.594 10576 10576 W View    : requestLayout() improperly called by helium314.keyboard.latin.panels.BrowserPanelView{b06be3 V.E...... ......I. 0,0-1440,2040} during layout: running second layout pass
06-02 13:14:27.597 10576 10576 W View    : requestLayout() improperly called by helium314.keyboard.latin.panels.BrowserPanelView{b06be3 V.E...... ........ 0,0-1440,2040} during second layout pass: posting in next frame
06-02 13:14:27.612 10576 10576 W View    : requestLayout() improperly called by helium314.keyboard.latin.panels.BrowserPanelView{b06be3 V.E...... ......I. 0,0-1440,2040} during layout: running second layout pass
06-02 13:14:27.616 10576 10576 W View    : requestLayout() improperly called by helium314.keyboard.latin.panels.BrowserPanelView{b06be3 V.E...... ........ 0,0-1440,2040} during second layout pass: posting in next frame
06-02 13:14:27.628 10576 10576 W View    : requestLayout() improperly called by helium314.keyboard.latin.panels.BrowserPanelView{b06be3 V.E...... ......I. 0,0-1440,2040} during layout: running second layout pass
06-02 13:14:27.633 10576 10576 W View    : requestLayout() improperly called by helium314.keyboard.latin.panels.BrowserPanelView{b06be3 V.E...... ........ 0,0-1440,2040} during second layout pass: posting in next frame
06-02 13:14:27.645 10576 10576 W View    : requestLayout() improperly called by helium314.keyboard.latin.panels.BrowserPanelView{b06be3 V.E...... ......I. 0,0-1440,2040} during layout: running second layout pass
06-02 13:14:27.651 10576 10576 W View    : requestLayout() improperly called by helium314.keyboard.latin.panels.BrowserPanelView{b06be3 V.E...... ........ 0,0-1440,2040} during second layout pass: posting in next frame
06-02 13:14:27.662 10576 10576 W View    : requestLayout() improperly called by helium314.keyboard.latin.panels.BrowserPanelView{b06be3 V.E...... ......I. 0,0-1440,2040} during layout: running second layout pass
06-02 13:14:27.669 10576 10576 W View    : requestLayout() improperly called by helium314.keyboard.latin.panels.BrowserPanelView{b06be3 V.E...... ........ 0,0-1440,2040} during second layout pass: posting in next frame
06-02 13:14:27.678 10576 10576 W View    : requestLayout() improperly called by helium314.keyboard.latin.panels.BrowserPanelView{b06be3 V.E...... ......I. 0,0-1440,2040} during layout: running second layout pass
06-02 13:14:27.683 10576 10576 W View    : requestLayout() improperly called by helium314.keyboard.latin.panels.BrowserPanelView{b06be3 V.E...... ........ 0,0-1440,2040} during second layout pass: posting in next frame
06-02 13:14:27.695 10576 10576 W View    : requestLayout() improperly called by helium314.keyboard.latin.panels.BrowserPanelView{b06be3 V.E...... ......I. 0,0-1440,2040} during layout: running second layout pass
06-02 13:14:27.698 10576 10576 W View    : requestLayout() improperly called by helium314.keyboard.latin.panels.BrowserPanelView{b06be3 V.E...... ........ 0,0-1440,2040} during second layout pass: posting in next frame
06-02 13:14:27.713 10576 10576 W View    : requestLayout() improperly called by helium314.keyboard.latin.panels.BrowserPanelView{b06be3 V.E...... ......I. 0,0-1440,2040} during layout: running second layout pass
06-02 13:14:27.716 10576 10576 W View    : requestLayout() improperly called by helium314.keyboard.latin.panels.BrowserPanelView{b06be3 V.E...... ........ 0,0-1440,2040} during second layout pass: posting in next frame
06-02 13:14:27.729 10576 10576 W View    : requestLayout() improperly called by helium314.keyboard.latin.panels.BrowserPanelView{b06be3 V.E...... ......I. 0,0-1440,2040} during layout: running second layout pass
06-02 13:14:27.733 10576 10576 W View    : requestLayout() improperly called by helium314.keyboard.latin.panels.BrowserPanelView{b06be3 V.E...... ........ 0,0-1440,2040} during second layout pass: posting in next frame
06-02 13:14:27.746 10576 10576 W View    : requestLayout() improperly called by helium314.keyboard.latin.panels.BrowserPanelView{b06be3 V.E...... ......I. 0,0-1440,2040} during layout: running second layout pass
06-02 13:14:27.756 10576 10576 W View    : requestLayout() improperly called by helium314.keyboard.latin.panels.BrowserPanelView{b06be3 V.E...... ........ 0,0-1440,2040} during second layout pass: posting in next frame
06-02 13:14:27.764 10576 10576 W View    : requestLayout() improperly called by helium314.keyboard.latin.panels.BrowserPanelView{b06be3 V.E...... ......I. 0,0-1440,2040} during layout: running second layout pass
06-02 13:14:27.769 10576 10576 W View    : requestLayout() improperly called by helium314.keyboard.latin.panels.BrowserPanelView{b06be3 V.E...... ........ 0,0-1440,2040} during second layout pass: posting in next frame
06-02 13:14:27.780 10576 10576 W View    : requestLayout() improperly called by helium314.keyboard.latin.panels.BrowserPanelView{b06be3 V.E...... ......I. 0,0-1440,2040} during layout: running second layout pass
06-02 13:14:27.784 10576 10576 W View    : requestLayout() improperly called by helium314.keyboard.latin.panels.BrowserPanelView{b06be3 V.E...... ........ 0,0-1440,2040} during second layout pass: posting in next frame
06-02 13:14:27.797 10576 10576 W View    : requestLayout() improperly called by helium314.keyboard.latin.panels.BrowserPanelView{b06be3 V.E...... ......I. 0,0-1440,2040} during layout: running second layout pass
06-02 13:14:27.802 10576 10576 W View    : requestLayout() improperly called by helium314.keyboard.latin.panels.BrowserPanelView{b06be3 V.E...... ........ 0,0-1440,2040} during second layout pass: posting in next frame
06-02 13:14:27.813 10576 10576 W View    : requestLayout() improperly called by helium314.keyboard.latin.panels.BrowserPanelView{b06be3 V.E...... ......I. 0,0-1440,2040} during layout: running second layout pass
06-02 13:14:27.819 10576 10576 W View    : requestLayout() improperly called by helium314.keyboard.latin.panels.BrowserPanelView{b06be3 V.E...... ........ 0,0-1440,2040} during second layout pass: posting in next frame
06-02 13:14:27.830 10576 10576 W View    : requestLayout() improperly called by helium314.keyboard.latin.panels.BrowserPanelView{b06be3 V.E...... ......I. 0,0-1440,2040} during layout: running second layout pass
06-02 13:14:27.835 10576 10576 W View    : requestLayout() improperly called by helium314.keyboard.latin.panels.BrowserPanelView{b06be3 V.E...... ........ 0,0-1440,2040} during second layout pass: posting in next frame
06-02 13:14:27.846 10576 10576 W View    : requestLayout() improperly called by helium314.keyboard.latin.panels.BrowserPanelView{b06be3 V.E...... ......I. 0,0-1440,2040} during layout: running second layout pass
06-02 13:14:27.854 10576 10576 W View    : requestLayout() improperly called by helium314.keyboard.latin.panels.BrowserPanelView{b06be3 V.E...... ........ 0,0-1440,2040} during second layout pass: posting in next frame
06-02 13:14:27.857 12189 12207 W AudioCapabilities: Unsupported mime audio/ffmpeg
06-02 13:14:27.858 12189 12207 W VideoCapabilities: Unsupported mime video/ffmpeg
06-02 13:14:27.858 12189 12207 W VideoCapabilities: Unrecognized profile/level 0/3 for video/mpeg2
06-02 13:14:27.858 12189 12207 W VideoCapabilities: Unrecognized profile/level 0/3 for video/mpeg2
06-02 13:14:27.863 10576 10576 W View    : requestLayout() improperly called by helium314.keyboard.latin.panels.BrowserPanelView{b06be3 V.E...... ......I. 0,0-1440,2040} during layout: running second layout pass
06-02 13:14:27.868 10576 10576 W View    : requestLayout() improperly called by helium314.keyboard.latin.panels.BrowserPanelView{b06be3 V.E...... ........ 0,0-1440,2040} during second layout pass: posting in next frame
06-02 13:14:27.879 10576 10576 W View    : requestLayout() improperly called by helium314.keyboard.latin.panels.BrowserPanelView{b06be3 V.E...... ......I. 0,0-1440,2040} during layout: running second layout pass
06-02 13:14:27.884 10576 10576 W View    : requestLayout() improperly called by helium314.keyboard.latin.panels.BrowserPanelView{b06be3 V.E...... ........ 0,0-1440,2040} during second layout pass: posting in next frame
06-02 13:14:27.895 10576 10576 W View    : requestLayout() improperly called by helium314.keyboard.latin.panels.BrowserPanelView{b06be3 V.E...... ......I. 0,0-1440,2040} during layout: running second layout pass
06-02 13:14:27.899 10576 10576 W View    : requestLayout() improperly called by helium314.keyboard.latin.panels.BrowserPanelView{b06be3 V.E...... ........ 0,0-1440,2040} during second layout pass: posting in next frame
06-02 13:14:27.913 10576 10576 W View    : requestLayout() improperly called by helium314.keyboard.latin.panels.BrowserPanelView{b06be3 V.E...... ......I. 0,0-1440,2040} during layout: running second layout pass
06-02 13:14:27.918 10576 10576 W View    : requestLayout() improperly called by helium314.keyboard.latin.panels.BrowserPanelView{b06be3 V.E...... ........ 0,0-1440,2040} during second layout pass: posting in next frame
06-02 13:14:27.931 10576 10576 W View    : requestLayout() improperly called by helium314.keyboard.latin.panels.BrowserPanelView{b06be3 V.E...... ......I. 0,0-1440,2040} during layout: running second layout pass
06-02 13:14:27.935 10576 10576 W View    : requestLayout() improperly called by helium314.keyboard.latin.panels.BrowserPanelView{b06be3 V.E...... ........ 0,0-1440,2040} during second layout pass: posting in next frame
06-02 13:14:27.945 10576 10576 W View    : requestLayout() improperly called by helium314.keyboard.latin.panels.BrowserPanelView{b06be3 V.E...... ......I. 0,0-1440,2040} during layout: running second layout pass
06-02 13:14:27.950 10576 10576 W View    : requestLayout() improperly called by helium314.keyboard.latin.panels.BrowserPanelView{b06be3 V.E...... ........ 0,0-1440,2040} during second layout pass: posting in next frame
06-02 13:14:27.962 10576 10576 W View    : requestLayout() improperly called by helium314.keyboard.latin.panels.BrowserPanelView{b06be3 V.E...... ......I. 0,0-1440,2040} during layout: running second layout pass
06-02 13:14:27.967 10576 10576 W View    : requestLayout() improperly called by helium314.keyboard.latin.panels.BrowserPanelView{b06be3 V.E...... ........ 0,0-1440,2040} during second layout pass: posting in next frame
06-02 13:14:27.978 10576 10576 W View    : requestLayout() improperly called by helium314.keyboard.latin.panels.BrowserPanelView{b06be3 V.E...... ......I. 0,0-1440,2040} during layout: running second layout pass
06-02 13:14:27.980 12349 12349 E y.keyboard:tab: Unknown bits set in runtime_flags: 0x40000000
06-02 13:14:27.983 10576 10576 W View    : requestLayout() improperly called by helium314.keyboard.latin.panels.BrowserPanelView{b06be3 V.E...... ........ 0,0-1440,2040} during second layout pass: posting in next frame
06-02 13:14:27.996 10576 10576 W View    : requestLayout() improperly called by helium314.keyboard.latin.panels.BrowserPanelView{b06be3 V.E...... ......I. 0,0-1440,2040} during layout: running second layout pass
06-02 13:14:28.007 10576 10576 W View    : requestLayout() improperly called by helium314.keyboard.latin.panels.BrowserPanelView{b06be3 V.E...... ........ 0,0-1440,2040} during second layout pass: posting in next frame
06-02 13:14:28.016 10576 10576 W View    : requestLayout() improperly called by helium314.keyboard.latin.panels.BrowserPanelView{b06be3 V.E...... ......I. 0,0-1440,2040} during layout: running second layout pass
06-02 13:14:28.025 10576 10576 W View    : requestLayout() improperly called by helium314.keyboard.latin.panels.BrowserPanelView{b06be3 V.E...... ........ 0,0-1440,2040} during second layout pass: posting in next frame
06-02 13:14:28.030 10576 10576 W View    : requestLayout() improperly called by helium314.keyboard.latin.panels.BrowserPanelView{b06be3 V.E...... ......I. 0,0-1440,2040} during layout: running second layout pass
06-02 13:14:28.042 10576 10576 W View    : requestLayout() improperly called by helium314.keyboard.latin.panels.BrowserPanelView{b06be3 V.E...... ........ 0,0-1440,2040} during second layout pass: posting in next frame
06-02 13:14:28.047 10576 10576 W View    : requestLayout() improperly called by helium314.keyboard.latin.panels.BrowserPanelView{b06be3 V.E...... ......I. 0,0-1440,2040} during layout: running second layout pass
06-02 13:14:28.060 10576 10576 W View    : requestLayout() improperly called by helium314.keyboard.latin.panels.BrowserPanelView{b06be3 V.E...... ........ 0,0-1440,2040} during second layout pass: posting in next frame
06-02 13:14:28.062 10576 10576 W View    : requestLayout() improperly called by helium314.keyboard.latin.panels.BrowserPanelView{b06be3 V.E...... ......I. 0,0-1440,2040} during layout: running second layout pass
06-02 13:14:28.072 10576 10576 W View    : requestLayout() improperly called by helium314.keyboard.latin.panels.BrowserPanelView{b06be3 V.E...... ........ 0,0-1440,2040} during second layout pass: posting in next frame
06-02 13:14:28.079 10576 10576 W View    : requestLayout() improperly called by helium314.keyboard.latin.panels.BrowserPanelView{b06be3 V.E...... ......I. 0,0-1440,2040} during layout: running second layout pass
06-02 13:14:28.085 10576 10576 W View    : requestLayout() improperly called by helium314.keyboard.latin.panels.BrowserPanelView{b06be3 V.E...... ........ 0,0-1440,2040} during second layout pass: posting in next frame
06-02 13:14:28.088 12349 12383 E GeckoLibLoad: Load sqlite start
06-02 13:14:28.090 12349 12383 E GeckoLibLoad: Load sqlite done
06-02 13:14:28.091 12349 12383 E GeckoLibLoad: Load nss start
06-02 13:14:28.091 12349 12383 E GeckoLibLoad: Load nss done
06-02 13:14:28.096 10576 10576 W View    : requestLayout() improperly called by helium314.keyboard.latin.panels.BrowserPanelView{b06be3 V.E...... ......I. 0,0-1440,2040} during layout: running second layout pass
06-02 13:14:28.101 10576 10576 W View    : requestLayout() improperly called by helium314.keyboard.latin.panels.BrowserPanelView{b06be3 V.E...... ........ 0,0-1440,2040} during second layout pass: posting in next frame
06-02 13:14:28.108 12349 12383 E GeckoLibLoad: Loaded libs in 16.778125ms total, 2ms(7ms) user, 14ms(8ms) system, 0(0) faults
06-02 13:14:28.108 12349 12383 W GeckoThread: zerdatime 97310969 - runGecko
06-02 13:14:28.113 10576 10576 W View    : requestLayout() improperly called by helium314.keyboard.latin.panels.BrowserPanelView{b06be3 V.E...... ......I. 0,0-1440,2040} during layout: running second layout pass
06-02 13:14:28.118 10576 10576 W View    : requestLayout() improperly called by helium314.keyboard.latin.panels.BrowserPanelView{b06be3 V.E...... ........ 0,0-1440,2040} during second layout pass: posting in next frame
06-02 13:14:28.130 10576 10576 W View    : requestLayout() improperly called by helium314.keyboard.latin.panels.BrowserPanelView{b06be3 V.E...... ......I. 0,0-1440,2040} during layout: running second layout pass
06-02 13:14:28.135 10576 10576 W View    : requestLayout() improperly called by helium314.keyboard.latin.panels.BrowserPanelView{b06be3 V.E...... ........ 0,0-1440,2040} during second layout pass: posting in next frame
06-02 13:14:28.147 10576 10576 W View    : requestLayout() improperly called by helium314.keyboard.latin.panels.BrowserPanelView{b06be3 V.E...... ......I. 0,0-1440,2040} during layout: running second layout pass
06-02 13:14:28.152 10576 10576 W View    : requestLayout() improperly called by helium314.keyboard.latin.panels.BrowserPanelView{b06be3 V.E...... ........ 0,0-1440,2040} during second layout pass: posting in next frame
06-02 13:14:28.164 10576 10576 W View    : requestLayout() improperly called by helium314.keyboard.latin.panels.BrowserPanelView{b06be3 V.E...... ......I. 0,0-1440,2040} during layout: running second layout pass
06-02 13:14:28.169 10576 10576 W View    : requestLayout() improperly called by helium314.keyboard.latin.panels.BrowserPanelView{b06be3 V.E...... ........ 0,0-1440,2040} during second layout pass: posting in next frame
06-02 13:14:28.181 10576 10576 W View    : requestLayout() improperly called by helium314.keyboard.latin.panels.BrowserPanelView{b06be3 V.E...... ......I. 0,0-1440,2040} during layout: running second layout pass
06-02 13:14:28.186 10576 10576 W View    : requestLayout() improperly called by helium314.keyboard.latin.panels.BrowserPanelView{b06be3 V.E...... ........ 0,0-1440,2040} during second layout pass: posting in next frame
06-02 13:14:28.196 10576 10576 W View    : requestLayout() improperly called by helium314.keyboard.latin.panels.BrowserPanelView{b06be3 V.E...... ......I. 0,0-1440,2040} during layout: running second layout pass
06-02 13:14:28.200 10576 10576 W View    : requestLayout() improperly called by helium314.keyboard.latin.panels.BrowserPanelView{b06be3 V.E...... ........ 0,0-1440,2040} during second layout pass: posting in next frame
06-02 13:14:28.214 10576 10576 W View    : requestLayout() improperly called by helium314.keyboard.latin.panels.BrowserPanelView{b06be3 V.E...... ......I. 0,0-1440,2040} during layout: running second layout pass
06-02 13:14:28.218 10576 10576 W View    : requestLayout() improperly called by helium314.keyboard.latin.panels.BrowserPanelView{b06be3 V.E...... ........ 0,0-1440,2040} during second layout pass: posting in next frame
06-02 13:14:28.229 10576 10576 W View    : requestLayout() improperly called by helium314.keyboard.latin.panels.BrowserPanelView{b06be3 V.E...... ......I. 0,0-1440,2040} during layout: running second layout pass
06-02 13:14:28.233 10576 10576 W View    : requestLayout() improperly called by helium314.keyboard.latin.panels.BrowserPanelView{b06be3 V.E...... ........ 0,0-1440,2040} during second layout pass: posting in next frame
06-02 13:14:28.232 10576 10576 W com.vibekey.keyboard: type=1400 audit(0.0:46200): avc: denied { nlmsg_readpriv } for comm=536F636B657420546872656164 scontext=u:r:untrusted_app:s0:c49,c271,c512,c768 tcontext=u:r:untrusted_app:s0:c49,c271,c512,c768 tclass=netlink_route_socket permissive=0 bug=b/155595000 app=com.vibekey.keyboard
06-02 13:14:28.248 10576 10576 W View    : requestLayout() improperly called by helium314.keyboard.latin.panels.BrowserPanelView{b06be3 V.E...... ......I. 0,0-1440,2040} during layout: running second layout pass
06-02 13:14:28.253 10576 10576 W View    : requestLayout() improperly called by helium314.keyboard.latin.panels.BrowserPanelView{b06be3 V.E...... ........ 0,0-1440,2040} during second layout pass: posting in next frame
06-02 13:14:28.262 10576 10576 W View    : requestLayout() improperly called by helium314.keyboard.latin.panels.BrowserPanelView{b06be3 V.E...... ......I. 0,0-1440,2040} during layout: running second layout pass
06-02 13:14:28.272 10576 10576 W View    : requestLayout() improperly called by helium314.keyboard.latin.panels.BrowserPanelView{b06be3 V.E...... ........ 0,0-1440,2040} during second layout pass: posting in next frame
06-02 13:14:28.280 10576 10576 W View    : requestLayout() improperly called by helium314.keyboard.latin.panels.BrowserPanelView{b06be3 V.E...... ......I. 0,0-1440,2040} during layout: running second layout pass
06-02 13:14:28.284 10576 10576 W View    : requestLayout() improperly called by helium314.keyboard.latin.panels.BrowserPanelView{b06be3 V.E...... ........ 0,0-1440,2040} during second layout pass: posting in next frame
06-02 13:14:28.296 10576 10576 W View    : requestLayout() improperly called by helium314.keyboard.latin.panels.BrowserPanelView{b06be3 V.E...... ......I. 0,0-1440,2040} during layout: running second layout pass
06-02 13:14:28.301 10576 10576 W View    : requestLayout() improperly called by helium314.keyboard.latin.panels.BrowserPanelView{b06be3 V.E...... ........ 0,0-1440,2040} during second layout pass: posting in next frame
06-02 13:14:28.315 10576 10576 W View    : requestLayout() improperly called by helium314.keyboard.latin.panels.BrowserPanelView{b06be3 V.E...... ......I. 0,0-1440,2040} during layout: running second layout pass
06-02 13:14:28.319 10576 10576 W View    : requestLayout() improperly called by helium314.keyboard.latin.panels.BrowserPanelView{b06be3 V.E...... ........ 0,0-1440,2040} during second layout pass: posting in next frame
06-02 13:14:28.329 10576 10576 W View    : requestLayout() improperly called by helium314.keyboard.latin.panels.BrowserPanelView{b06be3 V.E...... ......I. 0,0-1440,2040} during layout: running second layout pass
06-02 13:14:28.335 10576 10576 W View    : requestLayout() improperly called by helium314.keyboard.latin.panels.BrowserPanelView{b06be3 V.E...... ........ 0,0-1440,2040} during second layout pass: posting in next frame
06-02 13:14:28.346 10576 10576 W View    : requestLayout() improperly called by helium314.keyboard.latin.panels.BrowserPanelView{b06be3 V.E...... ......I. 0,0-1440,2040} during layout: running second layout pass
06-02 13:14:28.351 10576 10576 W View    : requestLayout() improperly called by helium314.keyboard.latin.panels.BrowserPanelView{b06be3 V.E...... ........ 0,0-1440,2040} during second layout pass: posting in next frame
06-02 13:14:28.364 10576 10576 W View    : requestLayout() improperly called by helium314.keyboard.latin.panels.BrowserPanelView{b06be3 V.E...... ......I. 0,0-1440,2040} during layout: running second layout pass
06-02 13:14:28.369 10576 10576 W View    : requestLayout() improperly called by helium314.keyboard.latin.panels.BrowserPanelView{b06be3 V.E...... ........ 0,0-1440,2040} during second layout pass: posting in next frame
06-02 13:14:28.379 10576 10576 W View    : requestLayout() improperly called by helium314.keyboard.latin.panels.BrowserPanelView{b06be3 V.E...... ......I. 0,0-1440,2040} during layout: running second layout pass
06-02 13:14:28.384 10576 10576 W View    : requestLayout() improperly called by helium314.keyboard.latin.panels.BrowserPanelView{b06be3 V.E...... ........ 0,0-1440,2040} during second layout pass: posting in next frame
06-02 13:14:28.397 10576 10576 W View    : requestLayout() improperly called by helium314.keyboard.latin.panels.BrowserPanelView{b06be3 V.E...... ......I. 0,0-1440,2040} during layout: running second layout pass
06-02 13:14:28.401 10576 10576 W View    : requestLayout() improperly called by helium314.keyboard.latin.panels.BrowserPanelView{b06be3 V.E...... ........ 0,0-1440,2040} during second layout pass: posting in next frame
06-02 13:14:28.413 10576 10576 W View    : requestLayout() improperly called by helium314.keyboard.latin.panels.BrowserPanelView{b06be3 V.E...... ......I. 0,0-1440,2040} during layout: running second layout pass
06-02 13:14:28.418 10576 10576 W View    : requestLayout() improperly called by helium314.keyboard.latin.panels.BrowserPanelView{b06be3 V.E...... ........ 0,0-1440,2040} during second layout pass: posting in next frame
06-02 13:14:28.430 10576 10576 W View    : requestLayout() improperly called by helium314.keyboard.latin.panels.BrowserPanelView{b06be3 V.E...... ......I. 0,0-1440,2040} during layout: running second layout pass
06-02 13:14:28.434 10576 10576 W View    : requestLayout() improperly called by helium314.keyboard.latin.panels.BrowserPanelView{b06be3 V.E...... ........ 0,0-1440,2040} during second layout pass: posting in next frame
06-02 13:14:28.447 10576 10576 W View    : requestLayout() improperly called by helium314.keyboard.latin.panels.BrowserPanelView{b06be3 V.E...... ......I. 0,0-1440,2040} during layout: running second layout pass
06-02 13:14:28.450 10576 10576 W View    : requestLayout() improperly called by helium314.keyboard.latin.panels.BrowserPanelView{b06be3 V.E...... ........ 0,0-1440,2040} during second layout pass: posting in next frame
06-02 13:14:28.463 10576 10576 W View    : requestLayout() improperly called by helium314.keyboard.latin.panels.BrowserPanelView{b06be3 V.E...... ......I. 0,0-1440,2040} during layout: running second layout pass
06-02 13:14:28.468 10576 10576 W View    : requestLayout() improperly called by helium314.keyboard.latin.panels.BrowserPanelView{b06be3 V.E...... ........ 0,0-1440,2040} during second layout pass: posting in next frame
06-02 13:14:28.480 10576 10576 W View    : requestLayout() improperly called by helium314.keyboard.latin.panels.BrowserPanelView{b06be3 V.E...... ......I. 0,0-1440,2040} during layout: running second layout pass
06-02 13:14:28.484 10576 10576 W View    : requestLayout() improperly called by helium314.keyboard.latin.panels.BrowserPanelView{b06be3 V.E...... ........ 0,0-1440,2040} during second layout pass: posting in next frame
06-02 13:14:28.472 10576 10576 W com.vibekey.keyboard: type=1400 audit(0.0:46201): avc: denied { nlmsg_readpriv } for comm=536F636B657420546872656164 scontext=u:r:untrusted_app:s0:c49,c271,c512,c768 tcontext=u:r:untrusted_app:s0:c49,c271,c512,c768 tclass=netlink_route_socket permissive=0 bug=b/155595000 app=com.vibekey.keyboard
06-02 13:14:28.497 10576 10576 W View    : requestLayout() improperly called by helium314.keyboard.latin.panels.BrowserPanelView{b06be3 V.E...... ......I. 0,0-1440,2040} during layout: running second layout pass
06-02 13:14:28.501 10576 10576 W View    : requestLayout() improperly called by helium314.keyboard.latin.panels.BrowserPanelView{b06be3 V.E...... ........ 0,0-1440,2040} during second layout pass: posting in next frame
06-02 13:14:28.514 10576 10576 W View    : requestLayout() improperly called by helium314.keyboard.latin.panels.BrowserPanelView{b06be3 V.E...... ......I. 0,0-1440,2040} during layout: running second layout pass
06-02 13:14:28.518 10576 10576 W View    : requestLayout() improperly called by helium314.keyboard.latin.panels.BrowserPanelView{b06be3 V.E...... ........ 0,0-1440,2040} during second layout pass: posting in next frame
06-02 13:14:28.530 10576 10576 W View    : requestLayout() improperly called by helium314.keyboard.latin.panels.BrowserPanelView{b06be3 V.E...... ......I. 0,0-1440,2040} during layout: running second layout pass
06-02 13:14:28.534 10576 10576 W View    : requestLayout() improperly called by helium314.keyboard.latin.panels.BrowserPanelView{b06be3 V.E...... ........ 0,0-1440,2040} during second layout pass: posting in next frame
06-02 13:14:28.548 10576 10576 W View    : requestLayout() improperly called by helium314.keyboard.latin.panels.BrowserPanelView{b06be3 V.E...... ......I. 0,0-1440,2040} during layout: running second layout pass
06-02 13:14:28.553 10576 10576 W View    : requestLayout() improperly called by helium314.keyboard.latin.panels.BrowserPanelView{b06be3 V.E...... ........ 0,0-1440,2040} during second layout pass: posting in next frame
06-02 13:14:28.565 10576 10576 W View    : requestLayout() improperly called by helium314.keyboard.latin.panels.BrowserPanelView{b06be3 V.E...... ......I. 0,0-1440,2040} during layout: running second layout pass
06-02 13:14:28.569 10576 10576 W View    : requestLayout() improperly called by helium314.keyboard.latin.panels.BrowserPanelView{b06be3 V.E...... ........ 0,0-1440,2040} during second layout pass: posting in next frame
06-02 13:14:28.581 10576 10576 W View    : requestLayout() improperly called by helium314.keyboard.latin.panels.BrowserPanelView{b06be3 V.E...... ......I. 0,0-1440,2040} during layout: running second layout pass
06-02 13:14:28.586 10576 10576 W View    : requestLayout() improperly called by helium314.keyboard.latin.panels.BrowserPanelView{b06be3 V.E...... ........ 0,0-1440,2040} during second layout pass: posting in next frame
06-02 13:14:28.598 10576 10576 W View    : requestLayout() improperly called by helium314.keyboard.latin.panels.BrowserPanelView{b06be3 V.E...... ......I. 0,0-1440,2040} during layout: running second layout pass
06-02 13:14:28.605 10576 10576 W View    : requestLayout() improperly called by helium314.keyboard.latin.panels.BrowserPanelView{b06be3 V.E...... ........ 0,0-1440,2040} during second layout pass: posting in next frame
06-02 13:14:28.613 10576 10576 W View    : requestLayout() improperly called by helium314.keyboard.latin.panels.BrowserPanelView{b06be3 V.E...... ......I. 0,0-1440,2040} during layout: running second layout pass
06-02 13:14:28.617 10576 10576 W View    : requestLayout() improperly called by helium314.keyboard.latin.panels.BrowserPanelView{b06be3 V.E...... ........ 0,0-1440,2040} during second layout pass: posting in next frame
06-02 13:14:28.612 10576 10576 W com.vibekey.keyboard: type=1400 audit(0.0:46202): avc: denied { nlmsg_readpriv } for comm=536F636B657420546872656164 scontext=u:r:untrusted_app:s0:c49,c271,c512,c768 tcontext=u:r:untrusted_app:s0:c49,c271,c512,c768 tclass=netlink_route_socket permissive=0 bug=b/155595000 app=com.vibekey.keyboard
06-02 13:14:28.630 10576 10576 W View    : requestLayout() improperly called by helium314.keyboard.latin.panels.BrowserPanelView{b06be3 V.E...... ......I. 0,0-1440,2040} during layout: running second layout pass
06-02 13:14:28.635 10576 10576 W View    : requestLayout() improperly called by helium314.keyboard.latin.panels.BrowserPanelView{b06be3 V.E...... ........ 0,0-1440,2040} during second layout pass: posting in next frame
06-02 13:14:28.641 12189 12207 W Isolated Web Content: [JavaScript Warning: "Autoplay is only allowed when approved by the user, the site is activated by the user, or media is muted." {file: "https://www.cnn.com/media/sites/js/bundles/cnn-adfuel-68aea82e3c12aa991ba88c3418167a78a4ba4ae912410f5e81c9e23d1f42677a.min.js" line: 1}]
06-02 13:14:28.646 10576 10576 W View    : requestLayout() improperly called by helium314.keyboard.latin.panels.BrowserPanelView{b06be3 V.E...... ......I. 0,0-1440,2040} during layout: running second layout pass
06-02 13:14:28.651 10576 10576 W View    : requestLayout() improperly called by helium314.keyboard.latin.panels.BrowserPanelView{b06be3 V.E...... ........ 0,0-1440,2040} during second layout pass: posting in next frame
06-02 13:14:28.663 10576 10576 W View    : requestLayout() improperly called by helium314.keyboard.latin.panels.BrowserPanelView{b06be3 V.E...... ......I. 0,0-1440,2040} during layout: running second layout pass
06-02 13:14:28.667 10576 10576 W View    : requestLayout() improperly called by helium314.keyboard.latin.panels.BrowserPanelView{b06be3 V.E...... .......D 0,0-1440,2040} during second layout pass: posting in next frame
06-02 13:14:28.681 10576 10576 W View    : requestLayout() improperly called by helium314.keyboard.latin.panels.BrowserPanelView{b06be3 V.E...... ......ID 0,0-1440,2040} during layout: running second layout pass
06-02 13:14:28.685 10576 10576 W View    : requestLayout() improperly called by helium314.keyboard.latin.panels.BrowserPanelView{b06be3 V.E...... ........ 0,0-1440,2040} during second layout pass: posting in next frame
06-02 13:14:28.697 10576 10576 W View    : requestLayout() improperly called by helium314.keyboard.latin.panels.BrowserPanelView{b06be3 V.E...... ......I. 0,0-1440,2040} during layout: running second layout pass
06-02 13:14:28.701 10576 10576 W View    : requestLayout() improperly called by helium314.keyboard.latin.panels.BrowserPanelView{b06be3 V.E...... ........ 0,0-1440,2040} during second layout pass: posting in next frame
06-02 13:14:28.712 10576 10576 W View    : requestLayout() improperly called by helium314.keyboard.latin.panels.BrowserPanelView{b06be3 V.E...... ......I. 0,0-1440,2040} during layout: running second layout pass
06-02 13:14:28.717 10576 10576 W View    : requestLayout() improperly called by helium314.keyboard.latin.panels.BrowserPanelView{b06be3 V.E...... ........ 0,0-1440,2040} during second layout pass: posting in next frame
06-02 13:14:28.726 12189 12418 E .keyboard:tab1: ofbOpen failed with error=No such file or directory
06-02 13:14:28.726 12189 12418 E .keyboard:tab1: sysOpen failed with error=No such file or directory
06-02 13:14:28.732 10576 10576 W View    : requestLayout() improperly called by helium314.keyboard.latin.panels.BrowserPanelView{b06be3 V.E...... ......I. 0,0-1440,2040} during layout: running second layout pass
06-02 13:14:28.735 10576 10576 W View    : requestLayout() improperly called by helium314.keyboard.latin.panels.BrowserPanelView{b06be3 V.E...... ........ 0,0-1440,2040} during second layout pass: posting in next frame
06-02 13:14:28.746 10576 10576 W View    : requestLayout() improperly called by helium314.keyboard.latin.panels.BrowserPanelView{b06be3 V.E...... ......I. 0,0-1440,2040} during layout: running second layout pass
06-02 13:14:28.750 10576 10576 W View    : requestLayout() improperly called by helium314.keyboard.latin.panels.BrowserPanelView{b06be3 V.E...... ........ 0,0-1440,2040} during second layout pass: posting in next frame
06-02 13:14:28.765 10576 10576 W View    : requestLayout() improperly called by helium314.keyboard.latin.panels.BrowserPanelView{b06be3 V.E...... ......I. 0,0-1440,2040} during layout: running second layout pass
06-02 13:14:28.771 12420 12420 E .keyboard:medi: Unknown bits set in runtime_flags: 0x40000000
06-02 13:14:28.773 10576 10576 W View    : requestLayout() improperly called by helium314.keyboard.latin.panels.BrowserPanelView{b06be3 V.E...... ........ 0,0-1440,2040} during second layout pass: posting in next frame
06-02 13:14:28.782 10576 10576 W View    : requestLayout() improperly called by helium314.keyboard.latin.panels.BrowserPanelView{b06be3 V.E...... ......I. 0,0-1440,2040} during layout: running second layout pass
06-02 13:14:28.786 10576 10576 W View    : requestLayout() improperly called by helium314.keyboard.latin.panels.BrowserPanelView{b06be3 V.E...... ........ 0,0-1440,2040} during second layout pass: posting in next frame
06-02 13:14:28.796 10576 10576 W View    : requestLayout() improperly called by helium314.keyboard.latin.panels.BrowserPanelView{b06be3 V.E...... ......I. 0,0-1440,2040} during layout: running second layout pass
06-02 13:14:28.799 10576 10576 W View    : requestLayout() improperly called by helium314.keyboard.latin.panels.BrowserPanelView{b06be3 V.E...... ........ 0,0-1440,2040} during second layout pass: posting in next frame
06-02 13:14:28.814 10576 10576 W View    : requestLayout() improperly called by helium314.keyboard.latin.panels.BrowserPanelView{b06be3 V.E...... ......I. 0,0-1440,2040} during layout: running second layout pass
06-02 13:14:28.818 10576 10576 W View    : requestLayout() improperly called by helium314.keyboard.latin.panels.BrowserPanelView{b06be3 V.E...... ........ 0,0-1440,2040} during second layout pass: posting in next frame
06-02 13:14:28.831 10576 10576 W View    : requestLayout() improperly called by helium314.keyboard.latin.panels.BrowserPanelView{b06be3 V.E...... ......I. 0,0-1440,2040} during layout: running second layout pass
06-02 13:14:28.835 10576 10576 W View    : requestLayout() improperly called by helium314.keyboard.latin.panels.BrowserPanelView{b06be3 V.E...... ........ 0,0-1440,2040} during second layout pass: posting in next frame
06-02 13:14:28.847 10576 10576 W View    : requestLayout() improperly called by helium314.keyboard.latin.panels.BrowserPanelView{b06be3 V.E...... ......I. 0,0-1440,2040} during layout: running second layout pass
06-02 13:14:28.848 12420 12438 E .keyboard:medi: ofbOpen failed with error=No such file or directory
06-02 13:14:28.848 12420 12438 E .keyboard:medi: sysOpen failed with error=No such file or directory
06-02 13:14:28.856 12420 12438 W AudioCapabilities: Unsupported mime audio/ffmpeg
06-02 13:14:28.857 10576 10576 W View    : requestLayout() improperly called by helium314.keyboard.latin.panels.BrowserPanelView{b06be3 V.E...... ........ 0,0-1440,2040} during second layout pass: posting in next frame
06-02 13:14:28.857 12420 12438 W VideoCapabilities: Unsupported mime video/ffmpeg
06-02 13:14:28.858 12420 12438 W VideoCapabilities: Unrecognized profile/level 0/3 for video/mpeg2
06-02 13:14:28.858 12420 12438 W VideoCapabilities: Unrecognized profile/level 0/3 for video/mpeg2
06-02 13:14:28.865 10576 10576 W View    : requestLayout() improperly called by helium314.keyboard.latin.panels.BrowserPanelView{b06be3 V.E...... ......I. 0,0-1440,2040} during layout: running second layout pass
06-02 13:14:28.870 10576 10576 W View    : requestLayout() improperly called by helium314.keyboard.latin.panels.BrowserPanelView{b06be3 V.E...... ........ 0,0-1440,2040} during second layout pass: posting in next frame
06-02 13:14:28.878 12420 12438 W libc    : Access denied finding property "vendor.oplus.media.vpp.stutter"
06-02 13:14:28.882 10576 10576 W View    : requestLayout() improperly called by helium314.keyboard.latin.panels.BrowserPanelView{b06be3 V.E...... ......I. 0,0-1440,2040} during layout: running second layout pass
06-02 13:14:28.887 10576 10576 W View    : requestLayout() improperly called by helium314.keyboard.latin.panels.BrowserPanelView{b06be3 V.E...... ........ 0,0-1440,2040} during second layout pass: posting in next frame
06-02 13:14:28.897 10576 10576 W View    : requestLayout() improperly called by helium314.keyboard.latin.panels.BrowserPanelView{b06be3 V.E...... ......I. 0,0-1440,2040} during layout: running second layout pass
06-02 13:14:28.897 12420 12438 E MULTIMEDIAConfig: [getInt32:L80] Not find config, Returning default
06-02 13:14:28.897 12420 12438 E MULTIMEDIAConfig: [getInt32:L80] Not find config, Returning default
06-02 13:14:28.897 12420 12438 E OplusACodec: [OplusACodec:204] mSrOsieMMListCheckResult:0x0 mOsieVersion:1
06-02 13:14:28.906 10576 10576 W View    : requestLayout() improperly called by helium314.keyboard.latin.panels.BrowserPanelView{b06be3 V.E...... ........ 0,0-1440,2040} during second layout pass: posting in next frame
06-02 13:14:28.913 10576 10576 W View    : requestLayout() improperly called by helium314.keyboard.latin.panels.BrowserPanelView{b06be3 V.E...... ......I. 0,0-1440,2040} during layout: running second layout pass
06-02 13:14:28.917 10576 10576 W View    : requestLayout() improperly called by helium314.keyboard.latin.panels.BrowserPanelView{b06be3 V.E...... ........ 0,0-1440,2040} during second layout pass: posting in next frame
06-02 13:14:28.931 10576 10576 W View    : requestLayout() improperly called by helium314.keyboard.latin.panels.BrowserPanelView{b06be3 V.E...... ......I. 0,0-1440,2040} during layout: running second layout pass
06-02 13:14:28.935 10576 10576 W View    : requestLayout() improperly called by helium314.keyboard.latin.panels.BrowserPanelView{b06be3 V.E...... ........ 0,0-1440,2040} during second layout pass: posting in next frame
06-02 13:14:28.948 10576 10576 W View    : requestLayout() improperly called by helium314.keyboard.latin.panels.BrowserPanelView{b06be3 V.E...... ......I. 0,0-1440,2040} during layout: running second layout pass
06-02 13:14:28.953 10576 10576 W View    : requestLayout() improperly called by helium314.keyboard.latin.panels.BrowserPanelView{b06be3 V.E...... ........ 0,0-1440,2040} during second layout pass: posting in next frame
06-02 13:14:28.964 10576 10576 W View    : requestLayout() improperly called by helium314.keyboard.latin.panels.BrowserPanelView{b06be3 V.E...... ......I. 0,0-1440,2040} during layout: running second layout pass
06-02 13:14:28.952 10576 10576 W com.vibekey.keyboard: type=1400 audit(0.0:46203): avc: denied { nlmsg_readpriv } for comm=536F636B657420546872656164 scontext=u:r:untrusted_app:s0:c49,c271,c512,c768 tcontext=u:r:untrusted_app:s0:c49,c271,c512,c768 tclass=netlink_route_socket permissive=0 bug=b/155595000 app=com.vibekey.keyboard
06-02 13:14:28.968 10576 10576 W View    : requestLayout() improperly called by helium314.keyboard.latin.panels.BrowserPanelView{b06be3 V.E...... ........ 0,0-1440,2040} during second layout pass: posting in next frame
06-02 13:14:28.980 10576 10576 W View    : requestLayout() improperly called by helium314.keyboard.latin.panels.BrowserPanelView{b06be3 V.E...... ......I. 0,0-1440,2040} during layout: running second layout pass
06-02 13:14:28.985 10576 10576 W View    : requestLayout() improperly called by helium314.keyboard.latin.panels.BrowserPanelView{b06be3 V.E...... ........ 0,0-1440,2040} during second layout pass: posting in next frame
06-02 13:14:28.972 10576 10576 W com.vibekey.keyboard: type=1400 audit(0.0:46204): avc: denied { nlmsg_readpriv } for comm=536F636B657420546872656164 scontext=u:r:untrusted_app:s0:c49,c271,c512,c768 tcontext=u:r:untrusted_app:s0:c49,c271,c512,c768 tclass=netlink_route_socket permissive=0 bug=b/155595000 app=com.vibekey.keyboard
06-02 13:14:28.997 10576 10576 W View    : requestLayout() improperly called by helium314.keyboard.latin.panels.BrowserPanelView{b06be3 V.E...... ......I. 0,0-1440,2040} during layout: running second layout pass
06-02 13:14:29.002 10576 10576 W View    : requestLayout() improperly called by helium314.keyboard.latin.panels.BrowserPanelView{b06be3 V.E...... ........ 0,0-1440,2040} during second layout pass: posting in next frame
06-02 13:14:29.014 10576 10576 W View    : requestLayout() improperly called by helium314.keyboard.latin.panels.BrowserPanelView{b06be3 V.E...... ......I. 0,0-1440,2040} during layout: running second layout pass
06-02 13:14:29.019 10576 10576 W View    : requestLayout() improperly called by helium314.keyboard.latin.panels.BrowserPanelView{b06be3 V.E...... ........ 0,0-1440,2040} during second layout pass: posting in next frame
06-02 13:14:29.031 10576 10576 W View    : requestLayout() improperly called by helium314.keyboard.latin.panels.BrowserPanelView{b06be3 V.E...... ......I. 0,0-1440,2040} during layout: running second layout pass
06-02 13:14:29.036 10576 10576 W View    : requestLayout() improperly called by helium314.keyboard.latin.panels.BrowserPanelView{b06be3 V.E...... ........ 0,0-1440,2040} during second layout pass: posting in next frame
06-02 13:14:29.048 10576 10576 W View    : requestLayout() improperly called by helium314.keyboard.latin.panels.BrowserPanelView{b06be3 V.E...... ......I. 0,0-1440,2040} during layout: running second layout pass
06-02 13:14:29.053 10576 10576 W View    : requestLayout() improperly called by helium314.keyboard.latin.panels.BrowserPanelView{b06be3 V.E...... ........ 0,0-1440,2040} during second layout pass: posting in next frame
06-02 13:14:29.064 10576 10576 W View    : requestLayout() improperly called by helium314.keyboard.latin.panels.BrowserPanelView{b06be3 V.E...... ......I. 0,0-1440,2040} during layout: running second layout pass
06-02 13:14:29.066 12420 12441 E OplusACodec: [GetVideoCodingTypeFromMime:L1162] mime:video/avc
06-02 13:14:29.069 10576 10576 W View    : requestLayout() improperly called by helium314.keyboard.latin.panels.BrowserPanelView{b06be3 V.E...... ........ 0,0-1440,2040} during second layout pass: posting in next frame
06-02 13:14:29.083 10576 10576 W View    : requestLayout() improperly called by helium314.keyboard.latin.panels.BrowserPanelView{b06be3 V.E...... ......I. 0,0-1440,2040} during layout: running second layout pass
06-02 13:14:29.087 10576 10576 W View    : requestLayout() improperly called by helium314.keyboard.latin.panels.BrowserPanelView{b06be3 V.E...... ........ 0,0-1440,2040} during second layout pass: posting in next frame
06-02 13:14:29.097 10576 10576 W View    : requestLayout() improperly called by helium314.keyboard.latin.panels.BrowserPanelView{b06be3 V.E...... ......I. 0,0-1440,2040} during layout: running second layout pass
06-02 13:14:29.102 10576 10576 W View    : requestLayout() improperly called by helium314.keyboard.latin.panels.BrowserPanelView{b06be3 V.E...... ........ 0,0-1440,2040} during second layout pass: posting in next frame
06-02 13:14:29.115 10576 10576 W View    : requestLayout() improperly called by helium314.keyboard.latin.panels.BrowserPanelView{b06be3 V.E...... ......I. 0,0-1440,2040} during layout: running second layout pass
06-02 13:14:29.131 10576 10576 W View    : requestLayout() improperly called by helium314.keyboard.latin.panels.BrowserPanelView{b06be3 V.E...... ........ 0,0-1440,2040} during second layout pass: posting in next frame
06-02 13:14:29.133 10576 10576 W View    : requestLayout() improperly called by helium314.keyboard.latin.panels.BrowserPanelView{b06be3 V.E...... ......I. 0,0-1440,2040} during layout: running second layout pass
06-02 13:14:29.136 12420 12436 W libc    : Access denied finding property "vendor.oplus.media.vpp.stutter"
06-02 13:14:29.136 12420 12436 E MULTIMEDIAConfig: [getInt32:L80] Not find config, Returning default
06-02 13:14:29.136 12420 12436 E MULTIMEDIAConfig: [getInt32:L80] Not find config, Returning default
06-02 13:14:29.136 12420 12436 E OplusACodec: [OplusACodec:204] mSrOsieMMListCheckResult:0x0 mOsieVersion:1
06-02 13:14:29.138 10576 10576 W View    : requestLayout() improperly called by helium314.keyboard.latin.panels.BrowserPanelView{b06be3 V.E...... ........ 0,0-1440,2040} during second layout pass: posting in next frame
06-02 13:14:29.132 10576 10576 W com.vibekey.keyboard: type=1400 audit(0.0:46205): avc: denied { nlmsg_readpriv } for comm=536F636B657420546872656164 scontext=u:r:untrusted_app:s0:c49,c271,c512,c768 tcontext=u:r:untrusted_app:s0:c49,c271,c512,c768 tclass=netlink_route_socket permissive=0 bug=b/155595000 app=com.vibekey.keyboard
06-02 13:14:29.148 10576 10576 W View    : requestLayout() improperly called by helium314.keyboard.latin.panels.BrowserPanelView{b06be3 V.E...... ......I. 0,0-1440,2040} during layout: running second layout pass
06-02 13:14:29.152 10576 10576 W View    : requestLayout() improperly called by helium314.keyboard.latin.panels.BrowserPanelView{b06be3 V.E...... ........ 0,0-1440,2040} during second layout pass: posting in next frame
06-02 13:14:29.163 10576 10576 W View    : requestLayout() improperly called by helium314.keyboard.latin.panels.BrowserPanelView{b06be3 V.E...... ......I. 0,0-1440,2040} during layout: running second layout pass
06-02 13:14:29.185 10576 10576 W View    : requestLayout() improperly called by helium314.keyboard.latin.panels.BrowserPanelView{b06be3 V.E...... ........ 0,0-1440,2040} during second layout pass: posting in next frame
06-02 13:14:29.190 12420 12450 E OplusACodec: [GetVideoCodingTypeFromMime:L1162] mime:video/avc
06-02 13:14:29.193 10576 10576 W View    : requestLayout() improperly called by helium314.keyboard.latin.panels.BrowserPanelView{b06be3 V.E...... ......I. 0,0-1440,2040} during layout: running second layout pass
06-02 13:14:29.198 10576 10576 W View    : requestLayout() improperly called by helium314.keyboard.latin.panels.BrowserPanelView{b06be3 V.E...... ........ 0,0-1440,2040} during second layout pass: posting in next frame
06-02 13:14:29.200 10576 10576 W View    : requestLayout() improperly called by helium314.keyboard.latin.panels.BrowserPanelView{b06be3 V.E...... ......I. 0,0-1440,2040} during layout: running second layout pass
06-02 13:14:29.218 10576 10576 W View    : requestLayout() improperly called by helium314.keyboard.latin.panels.BrowserPanelView{b06be3 V.E...... ........ 0,0-1440,2040} during second layout pass: posting in next frame
06-02 13:14:29.220 10576 10576 W View    : requestLayout() improperly called by helium314.keyboard.latin.panels.BrowserPanelView{b06be3 V.E...... ......I. 0,0-1440,2040} during layout: running second layout pass
