=== VibeKey 4.5.62 (4430) ===

--------- beginning of system
07-19 13:01:45.223 18033 18033 E OplusCustomizeRestrictionManager: sInstance is null, start a new sInstance
--------- beginning of main
07-19 13:01:53.078 18033 18033 W VkStall : MAIN-THREAD STALL 134ms during: >>>>> Dispatching to Handler (android.os.Handler) {e6e939b} ia.q@f64fd17: 0
07-19 13:01:53.396 18033 18033 W VkStall : MAIN-THREAD STALL 173ms during: >>>>> Dispatching to Handler (android.os.Handler) {e6e939b} ia.q@f64fd17: 0
07-19 13:01:53.411 18033 18359 I VkSuggestions: decode typedLen=1 candidates=18 locales=1 6,5ms
07-19 13:01:53.414 18033 18359 I VkSuggestions: strip composing typedLen=1 candidates=19 autocorrect=false top=d locale=pt
07-19 13:01:54.083 18033 18073 I VkLocaleAssets: ✓ hi emoji
07-19 13:01:54.132 18033 18359 I VkSuggestions: decode typedLen=2 candidates=18 locales=1 4,9ms
07-19 13:01:54.134 18033 18359 I VkAutocorrect: offered: di → di
07-19 13:01:54.134 18033 18359 I VkSuggestions: strip composing typedLen=2 candidates=19 autocorrect=true top=di locale=pt
07-19 13:01:54.291 18033 18073 I VkNgram : registered lang=hi source=gcs
07-19 13:01:54.292 18033 18073 I VkLocaleAssets: ✓ hi bigram
07-19 13:01:54.292 18033 18073 I VkLocaleAssets: preload predictors hi
07-19 13:01:54.293 18033 18073 I VkLocaleAssets: ✓ ready hi (fetched)
07-19 13:01:54.297 18033 18073 I VkLocaleAssets: ▶ fetch es-US main=false emoji=true bigram=true
07-19 13:01:55.030 18033 18359 I VkSuggestions: decode typedLen=3 candidates=18 locales=1 6,8ms
07-19 13:01:55.032 18033 18359 I VkSuggestions: strip composing typedLen=3 candidates=18 autocorrect=false top=dia locale=pt
07-19 13:01:55.780 18033 18033 I VkAutocorrect: picked: dia
07-19 13:01:55.884 18033 18359 I VkNgram : contextual locale=pt prev=dia → que, de, todo
07-19 13:01:55.885 18033 18359 I VkNgram : merge locale=pt prev=dia preds=8 contextual=5 assets=true
07-19 13:01:55.887 18033 18359 I VkNgram : strip next_word ngramHead=9 total=13
07-19 13:01:55.892 18033 18359 I VkSuggestions: strip prediction typedLen=0 candidates=13 autocorrect=false top=de locale=pt
07-19 13:01:57.346 18033 18359 I VkSuggestions: decode typedLen=2 candidates=18 locales=1 2,6ms
07-19 13:01:57.348 18033 18359 I VkAutocorrect: offered: vo → vo
07-19 13:01:57.348 18033 18359 I VkSuggestions: strip composing typedLen=2 candidates=19 autocorrect=true top=vo locale=pt
07-19 13:01:57.507 18033 18359 I VkSuggestions: decode typedLen=3 candidates=18 locales=1 5,4ms
07-19 13:01:57.509 18033 18359 I VkAutocorrect: offered: voc → voc
07-19 13:01:57.510 18033 18359 I VkSuggestions: strip composing typedLen=3 candidates=19 autocorrect=true top=voc locale=pt
07-19 13:01:58.361 18033 18033 I VkAutocorrect: picked: você
07-19 13:01:58.465 18033 18359 I VkNgram : contextual locale=pt prev=você → é, tem, vai
07-19 13:01:58.466 18033 18359 I VkNgram : merge locale=pt prev=você preds=8 contextual=5 assets=true
07-19 13:01:58.470 18033 18359 I VkNgram : strip next_word ngramHead=8 total=10
07-19 13:01:58.473 18033 18359 I VkSuggestions: strip prediction typedLen=0 candidates=10 autocorrect=false top=pode locale=pt
07-19 13:01:59.344 18033 18359 I VkSuggestions: decode typedLen=1 candidates=18 locales=1 3,6ms
07-19 13:01:59.346 18033 18359 I VkSuggestions: strip composing typedLen=1 candidates=19 autocorrect=false top=t locale=pt
07-19 13:01:59.581 18033 18359 I VkSuggestions: decode typedLen=3 candidates=18 locales=1 3,9ms
07-19 13:01:59.583 18033 18359 I VkAutocorrect: offered: tod → tod
07-19 13:01:59.583 18033 18359 I VkSuggestions: strip composing typedLen=3 candidates=19 autocorrect=true top=tod locale=pt
07-19 13:01:59.697 18033 18359 I VkSuggestions: decode typedLen=4 candidates=18 locales=1 3,6ms
07-19 13:01:59.698 18033 18359 I VkSuggestions: strip composing typedLen=4 candidates=18 autocorrect=false top=todo locale=pt
07-19 13:02:00.669 18033 18073 I VkLocaleAssets: ✓ es-US emoji
07-19 13:02:00.779 18033 18033 I VkAutocorrect: picked: todo
07-19 13:02:00.884 18033 18359 I VkNgram : contextual locale=pt prev=todo → dia, mundo, bem
07-19 13:02:00.884 18033 18359 I VkNgram : merge locale=pt prev=todo preds=8 contextual=5 assets=true
07-19 13:02:00.887 18033 18359 I VkNgram : strip next_word ngramHead=9 total=12
07-19 13:02:00.893 18033 18359 I VkSuggestions: strip prediction typedLen=0 candidates=12 autocorrect=false top=mundo locale=pt
07-19 13:02:01.000 18033 18073 I VkNgram : registered lang=es source=gcs
07-19 13:02:01.000 18033 18073 I VkLocaleAssets: ✓ es-US bigram
07-19 13:02:01.000 18033 18073 I VkLocaleAssets: preload predictors es-US
07-19 13:02:01.001 18033 18073 I VkLocaleAssets: ✓ ready es-US (fetched)
07-19 13:02:01.002 18033 18073 I VkLocaleAssets: ▶ fetch hi-IN main=false emoji=true bigram=false
07-19 13:02:02.250 18033 18359 W VibeKeyProfiler: Slow Native Suggest: Total=10.84ms | Init=0.24ms | TrieExpand(x14)=10.55ms | Scoring=0.05ms | inputSize=1
07-19 13:02:02.251 18033 18359 I VkSuggestions: decode typedLen=1 candidates=18 locales=1 11,6ms
07-19 13:02:02.254 18033 18359 I VkSuggestions: strip composing typedLen=1 candidates=19 autocorrect=false top=b locale=pt
07-19 13:02:02.501 18033 18359 I VkSuggestions: decode typedLen=2 candidates=18 locales=1 3,2ms
07-19 13:02:02.502 18033 18359 I VkAutocorrect: offered: bo → bo
07-19 13:02:02.503 18033 18359 I VkSuggestions: strip composing typedLen=2 candidates=19 autocorrect=true top=bo locale=pt
07-19 13:02:02.692 18033 18359 I VkSuggestions: decode typedLen=3 candidates=18 locales=1 3,2ms
07-19 13:02:02.694 18033 18359 I VkSuggestions: strip composing typedLen=3 candidates=17 autocorrect=false top=bom locale=pt
07-19 13:02:03.574 18033 18033 I VkAutocorrect: picked: bom
07-19 13:02:03.676 18033 18359 I VkSuggestions: decode typedLen=0 candidates=1 locales=1 0,4ms
07-19 13:02:03.677 18033 18359 I VkNgram : contextual locale=pt prev=bom → dia, trabalho, noite
07-19 13:02:03.678 18033 18359 I VkNgram : merge locale=pt prev=bom preds=8 contextual=5 assets=true
07-19 13:02:03.679 18033 18359 I VkNgram : strip next_word ngramHead=8 total=12
07-19 13:02:03.682 18033 18359 I VkSuggestions: strip prediction typedLen=0 candidates=12 autocorrect=false top=desempenho locale=pt
07-19 13:02:03.740 18033 18073 I VkLocaleAssets: ✓ hi-IN emoji
07-19 13:02:03.740 18033 18073 I VkLocaleAssets: preload predictors hi-IN
07-19 13:02:03.741 18033 18073 I VkLocaleAssets: ✓ ready hi-IN (fetched)
07-19 13:02:03.743 18033 18073 I VkLocaleAssets: ✓ batch source=startup locales=5 fetched=5
07-19 13:02:03.743 18033 18073 I VkLocaleAssets: ✓ startup done locales=5 retries=0
07-19 13:02:04.232 18033 18359 W VibeKeyProfiler: Slow Native Suggest: Total=10.00ms | Init=0.22ms | TrieExpand(x19)=9.75ms | Scoring=0.03ms | inputSize=1
07-19 13:02:04.233 18033 18359 I VkSuggestions: decode typedLen=1 candidates=18 locales=1 10,5ms
07-19 13:02:04.234 18033 18359 I VkSuggestions: strip composing typedLen=1 candidates=19 autocorrect=false top=f locale=pt
07-19 13:02:04.521 18033 18359 W VibeKeyProfiler: Slow Native Suggest: Total=11.89ms | Init=0.17ms | TrieExpand(x17)=11.66ms | Scoring=0.06ms | inputSize=3
07-19 13:02:04.524 18033 18359 I VkSuggestions: decode typedLen=3 candidates=18 locales=1 15,1ms
07-19 13:02:04.528 18033 18359 I VkSuggestions: strip composing typedLen=3 candidates=18 autocorrect=false top=fam locale=pt
07-19 13:02:05.426 18033 18033 I VkAutocorrect: picked: família
07-19 13:02:05.530 18033 18359 I VkNgram : contextual locale=pt prev=família → é, e, de
07-19 13:02:05.530 18033 18359 I VkNgram : merge locale=pt prev=família preds=8 contextual=5 assets=true
07-19 13:02:05.531 18033 18359 I VkNgram : strip next_word ngramHead=8 total=10
07-19 13:02:05.533 18033 18359 I VkSuggestions: strip prediction typedLen=0 candidates=10 autocorrect=false top=e locale=pt
07-19 13:02:13.158 18033 18033 I VkAutocorrect: picked: família
07-19 13:02:13.262 18033 18359 I VkNgram : contextual locale=pt prev=família → é, e, de
07-19 13:02:13.264 18033 18359 I VkNgram : strip next_word ngramHead=8 total=10
07-19 13:02:23.521 18033 18033 I VkTyping: ▶ open restart=true pkg=com.android.launcher inputType=589825
07-19 13:02:24.301 18033 18033 I VkPanels: ▶ open menu
07-19 13:02:24.331 18033 18072 I VkLocaleAssets: ▶ batch source=menu_panel count=5 [pt-BR,en-US,hi,es-US,hi-IN]
07-19 13:02:24.333 18033 18072 I VkLocaleAssets: preload predictors pt-BR
07-19 13:02:24.333 18033 18072 I VkLocaleAssets: ○ ready pt-BR (cached)
07-19 13:02:24.335 18033 18072 I VkLocaleAssets: preload predictors en-US
07-19 13:02:24.336 18033 18072 I VkLocaleAssets: ○ ready en-US (cached)
07-19 13:02:24.337 18033 18072 I VkLocaleAssets: preload predictors hi
07-19 13:02:24.338 18033 18072 I VkLocaleAssets: ○ ready hi (cached)
07-19 13:02:24.339 18033 18072 I VkLocaleAssets: preload predictors es-US
07-19 13:02:24.340 18033 18072 I VkLocaleAssets: ○ ready es-US (cached)
07-19 13:02:24.342 18033 18072 I VkLocaleAssets: preload predictors hi-IN
07-19 13:02:24.342 18033 18072 I VkLocaleAssets: ○ ready hi-IN (cached)
07-19 13:02:24.347 18033 18072 I VkLocaleAssets: ✓ batch source=menu_panel locales=5 fetched=0
07-19 13:02:24.430 18099 18122 I OnDeviceAssist: warm ok model=qwen2.5-0.5b-instruct-q4_0.gguf ambient=40 chars 3ms
07-19 13:02:25.294 18033 18033 I VkMultilingual: menu languages total=1
07-19 13:02:25.295 18033 18033 I VkLocaleAssets: ▶ panel background fetch count=5 [pt-BR,en-US,hi,es-US,hi-IN]
07-19 13:02:25.314 18033 18893 I VkLocaleAssets: preload predictors pt-BR
07-19 13:02:25.314 18033 18893 I VkLocaleAssets: ○ ready pt-BR (cached)
07-19 13:02:25.315 18033 18893 I VkLocaleAssets: preload predictors en-US
07-19 13:02:25.316 18033 18893 I VkLocaleAssets: ○ ready en-US (cached)
07-19 13:02:25.317 18033 18893 I VkLocaleAssets: preload predictors hi
07-19 13:02:25.317 18033 18893 I VkLocaleAssets: ○ ready hi (cached)
07-19 13:02:25.318 18033 18893 I VkLocaleAssets: preload predictors es-US
07-19 13:02:25.318 18033 18893 I VkLocaleAssets: ○ ready es-US (cached)
07-19 13:02:25.320 18033 18893 I VkLocaleAssets: preload predictors hi-IN
07-19 13:02:25.320 18033 18893 I VkLocaleAssets: ○ ready hi-IN (cached)
07-19 13:02:28.328 18033 18033 W VkStall : MAIN-THREAD STALL 522ms during: >>>>> Dispatching to Handler (android.view.ViewRootImpl$ViewRootHandler) {2a55a97} android.view.View$PerformClick@8a552fc: 0
07-19 13:02:32.213 18033 18033 I VkEffects: reload anim=scale blur=0px glow=false stickers=true
07-19 13:02:32.348 18033 18033 W VkStall : MAIN-THREAD STALL 137ms during: >>>>> Dispatching to Handler (android.os.Handler) {e6e939b} ia.q@f64fd17: 0
07-19 13:02:32.921 18033 18033 W VkStall : MAIN-THREAD STALL 125ms during: >>>>> Dispatching to Handler (android.os.Handler) {e6e939b} ia.q@f64fd17: 0
07-19 13:02:48.829 18033 18893 I VkLocaleAssets: ▶ fetch fr main=false emoji=true bigram=true
07-19 13:02:56.562 18033 18359 W VibeKeyProfiler: Slow Native Suggest: Total=15.37ms | Init=0.54ms | TrieExpand(x14)=14.77ms | Scoring=0.05ms | inputSize=1
07-19 13:02:56.564 18033 18359 I VkSuggestions: decode typedLen=1 candidates=18 locales=1 16,8ms
07-19 13:02:56.565 18033 18359 W VkSuggestions: slow frame 16,8ms locales=1 typedLen=1 candidates=18
07-19 13:02:56.567 18033 18359 I VkSuggestions: strip composing typedLen=1 candidates=18 autocorrect=false top=b locale=pt
07-19 13:02:56.856 18033 18359 W VibeKeyProfiler: Slow Native Suggest: Total=8.80ms | Init=0.31ms | TrieExpand(x15)=8.45ms | Scoring=0.04ms | inputSize=2
07-19 13:02:56.857 18033 18359 I VkSuggestions: decode typedLen=2 candidates=18 locales=1 9,9ms
07-19 13:02:56.859 18033 18359 I VkAutocorrect: offered: bo → bo
07-19 13:02:56.860 18033 18359 I VkSuggestions: strip composing typedLen=2 candidates=18 autocorrect=true top=bo locale=pt
07-19 13:02:57.131 18033 18359 W VibeKeyProfiler: Slow Native Suggest: Total=9.27ms | Init=0.28ms | TrieExpand(x19)=8.94ms | Scoring=0.05ms | inputSize=3
07-19 13:02:57.132 18033 18359 I VkSuggestions: decode typedLen=3 candidates=18 locales=1 10,4ms
07-19 13:02:57.134 18033 18359 I VkSuggestions: strip composing typedLen=3 candidates=17 autocorrect=false top=bom locale=pt
07-19 13:02:57.774 18033 18033 I VkEffects: reload anim=fade blur=0px glow=false stickers=true
07-19 13:02:57.908 18033 18033 W VkStall : MAIN-THREAD STALL 141ms during: >>>>> Dispatching to Handler (android.os.Handler) {e6e939b} ia.q@f64fd17: 0
07-19 13:02:58.186 18033 18033 W VkStall : MAIN-THREAD STALL 135ms during: >>>>> Dispatching to Handler (android.os.Handler) {e6e939b} ia.q@f64fd17: 0
07-19 13:02:58.221 18033 18033 I VkAutocorrect: picked: bom
07-19 13:02:58.324 18033 18359 I VkNgram : contextual locale=pt prev=bom → dia, trabalho, noite
07-19 13:02:58.325 18033 18359 I VkNgram : merge locale=pt prev=bom preds=8 contextual=5 assets=true
07-19 13:02:58.326 18033 18359 I VkNgram : strip next_word ngramHead=9 total=12
07-19 13:02:58.329 18033 18359 I VkSuggestions: strip prediction typedLen=0 candidates=12 autocorrect=false top=momento locale=pt
07-19 13:02:58.495 18033 18033 W VkStall : MAIN-THREAD STALL 145ms during: >>>>> Dispatching to Handler (android.os.Handler) {e6e939b} ia.q@f64fd17: 0
07-19 13:02:59.172 18033 18359 W VibeKeyProfiler: Slow Native Suggest: Total=19.65ms | Init=0.74ms | TrieExpand(x16)=18.83ms | Scoring=0.08ms | inputSize=1
07-19 13:02:59.173 18033 18359 I VkSuggestions: decode typedLen=1 candidates=18 locales=1 21,0ms
07-19 13:02:59.174 18033 18359 W VkSuggestions: slow frame 21,0ms locales=1 typedLen=1 candidates=18
07-19 13:02:59.176 18033 18359 I VkSuggestions: strip composing typedLen=1 candidates=18 autocorrect=false top=a locale=pt
07-19 13:02:59.812 18033 18359 I VkSuggestions: decode typedLen=2 candidates=18 locales=1 8,3ms
07-19 13:02:59.813 18033 18359 I VkSuggestions: strip composing typedLen=2 candidates=18 autocorrect=false top=ac locale=pt
07-19 13:03:01.940 18033 18359 W VibeKeyProfiler: Slow Native Suggest: Total=11.69ms | Init=0.64ms | TrieExpand(x16)=11.00ms | Scoring=0.04ms | inputSize=1
07-19 13:03:01.941 18033 18359 I VkSuggestions: decode typedLen=1 candidates=18 locales=1 12,7ms
07-19 13:03:01.943 18033 18359 I VkSuggestions: strip composing typedLen=1 candidates=18 autocorrect=false top=a locale=pt
07-19 13:03:02.247 18033 18359 W VibeKeyProfiler: Slow Native Suggest: Total=11.04ms | Init=0.07ms | TrieExpand(x16)=10.91ms | Scoring=0.05ms | inputSize=2
07-19 13:03:02.249 18033 18359 I VkSuggestions: decode typedLen=2 candidates=18 locales=1 12,4ms
07-19 13:03:02.252 18033 18359 I VkAutocorrect: offered: ap → ap
07-19 13:03:02.252 18033 18359 I VkSuggestions: strip composing typedLen=2 candidates=18 autocorrect=true top=ap locale=pt
07-19 13:03:04.656 18033 18359 W VibeKeyProfiler: Slow Native Suggest: Total=11.69ms | Init=0.35ms | TrieExpand(x16)=11.26ms | Scoring=0.08ms | inputSize=3
07-19 13:03:04.657 18033 18359 I VkSuggestions: decode typedLen=3 candidates=18 locales=1 12,9ms
07-19 13:03:04.660 18033 18359 I VkAutocorrect: offered: api → api
07-19 13:03:04.661 18033 18359 I VkSuggestions: strip composing typedLen=3 candidates=18 autocorrect=true top=api locale=pt
07-19 13:03:05.259 18033 18359 W VibeKeyProfiler: Slow Native Suggest: Total=13.17ms | Init=0.36ms | TrieExpand(x18)=12.76ms | Scoring=0.05ms | inputSize=4
07-19 13:03:05.260 18033 18359 I VkSuggestions: decode typedLen=4 candidates=18 locales=1 14,5ms
07-19 13:03:05.263 18033 18359 I VkSuggestions: strip composing typedLen=4 candidates=19 autocorrect=false top=apir locale=pt
07-19 13:03:06.634 18033 18359 W VibeKeyProfiler: Slow Native Suggest: Total=10.39ms | Init=0.36ms | TrieExpand(x15)=9.99ms | Scoring=0.04ms | inputSize=5
07-19 13:03:06.635 18033 18359 I VkSuggestions: decode typedLen=5 candidates=18 locales=1 11,4ms
07-19 13:03:06.637 18033 18359 I VkSuggestions: strip composing typedLen=5 candidates=19 autocorrect=false top=apirc locale=pt
07-19 13:03:08.724 18033 18033 W VkStall : MAIN-THREAD STALL 170ms during: >>>>> Dispatching to Handler (u9.v0) {3a96e3f} null: 1
07-19 13:03:08.833 18033 18359 I VkNgram : merge locale=pt prev= preds=8 contextual=0 assets=true
07-19 13:03:08.838 18033 18359 I VkSuggestions: strip prediction typedLen=0 candidates=8 autocorrect=false top=o locale=pt
07-19 13:03:09.684 18033 18359 W VibeKeyProfiler: Slow Native Suggest: Total=15.16ms | Init=0.75ms | TrieExpand(x14)=14.34ms | Scoring=0.06ms | inputSize=1
07-19 13:03:09.685 18033 18359 I VkSuggestions: decode typedLen=1 candidates=18 locales=1 16,4ms
07-19 13:03:09.686 18033 18359 W VkSuggestions: slow frame 16,4ms locales=1 typedLen=1 candidates=18
07-19 13:03:09.688 18033 18359 I VkSuggestions: strip composing typedLen=1 candidates=18 autocorrect=false top=b locale=pt
07-19 13:03:09.938 18033 18359 I VkSuggestions: decode typedLen=2 candidates=18 locales=1 7,0ms
07-19 13:03:09.940 18033 18359 I VkAutocorrect: offered: bo → bo
07-19 13:03:09.940 18033 18359 I VkSuggestions: strip composing typedLen=2 candidates=18 autocorrect=true top=bo locale=pt
07-19 13:03:10.177 18033 18359 W VibeKeyProfiler: Slow Native Suggest: Total=9.31ms | Init=0.29ms | TrieExpand(x19)=8.98ms | Scoring=0.04ms | inputSize=3
07-19 13:03:10.178 18033 18359 I VkSuggestions: decode typedLen=3 candidates=18 locales=1 10,4ms
07-19 13:03:10.181 18033 18359 I VkSuggestions: strip composing typedLen=3 candidates=17 autocorrect=false top=bom locale=pt
07-19 13:03:10.808 18033 18033 I VkAutocorrect: picked: bom
07-19 13:03:10.912 18033 18359 I VkNgram : contextual locale=pt prev=bom → dia, trabalho, noite
07-19 13:03:10.912 18033 18359 I VkNgram : merge locale=pt prev=bom preds=8 contextual=5 assets=true
07-19 13:03:10.914 18033 18359 I VkNgram : strip next_word ngramHead=9 total=12
07-19 13:03:10.918 18033 18359 I VkSuggestions: strip prediction typedLen=0 candidates=12 autocorrect=false top=desempenho locale=pt
07-19 13:03:12.524 18033 18359 I VkSuggestions: decode typedLen=1 candidates=18 locales=1 4,0ms
07-19 13:03:12.528 18033 18359 I VkSuggestions: strip composing typedLen=1 candidates=18 autocorrect=false top=d locale=pt
07-19 13:03:12.726 18033 18359 I VkSuggestions: decode typedLen=2 candidates=18 locales=1 3,3ms
07-19 13:03:12.727 18033 18359 I VkAutocorrect: offered: di → di
07-19 13:03:12.727 18033 18359 I VkSuggestions: strip composing typedLen=2 candidates=18 autocorrect=true top=di locale=pt
07-19 13:03:12.941 18033 18359 W VibeKeyProfiler: Slow Native Suggest: Total=8.41ms | Init=0.18ms | TrieExpand(x18)=8.18ms | Scoring=0.04ms | inputSize=3
07-19 13:03:12.942 18033 18359 I VkSuggestions: decode typedLen=3 candidates=18 locales=1 9,4ms
07-19 13:03:12.945 18033 18359 I VkSuggestions: strip composing typedLen=3 candidates=17 autocorrect=false top=dia locale=pt
07-19 13:03:15.272 18033 18033 I VkAutocorrect: picked: dia
07-19 13:03:15.375 18033 18359 I VkNgram : contextual locale=pt prev=dia → que, de, todo
07-19 13:03:15.376 18033 18359 I VkNgram : merge locale=pt prev=dia preds=1 contextual=5 assets=true
07-19 13:03:15.378 18033 18359 I VkNgram : strip next_word ngramHead=6 total=10
07-19 13:03:15.381 18033 18359 I VkSuggestions: strip prediction typedLen=0 candidates=10 autocorrect=false top=que locale=pt
07-19 13:03:15.841 18033 18359 W VibeKeyProfiler: Slow Native Suggest: Total=23.08ms | Init=0.85ms | TrieExpand(x19)=22.15ms | Scoring=0.08ms | inputSize=1
07-19 13:03:15.842 18033 18359 I VkSuggestions: decode typedLen=1 candidates=18 locales=1 24,4ms
07-19 13:03:15.843 18033 18359 W VkSuggestions: slow frame 24,4ms locales=1 typedLen=1 candidates=18
07-19 13:03:15.845 18033 18359 I VkSuggestions: strip composing typedLen=1 candidates=19 autocorrect=false top=f locale=pt
07-19 13:03:16.152 18033 18359 W VibeKeyProfiler: Slow Native Suggest: Total=15.67ms | Init=0.13ms | TrieExpand(x18)=15.46ms | Scoring=0.07ms | inputSize=2
07-19 13:03:16.153 18033 18359 I VkSuggestions: decode typedLen=2 candidates=18 locales=1 17,0ms
07-19 13:03:16.154 18033 18359 W VkSuggestions: slow frame 17,0ms locales=1 typedLen=2 candidates=18
07-19 13:03:16.157 18033 18359 I VkAutocorrect: offered: fa → fa
07-19 13:03:16.158 18033 18359 I VkSuggestions: strip composing typedLen=2 candidates=19 autocorrect=true top=fa locale=pt
07-19 13:03:16.681 18033 18359 I VkSuggestions: decode typedLen=3 candidates=18 locales=1 6,0ms
07-19 13:03:16.682 18033 18359 I VkSuggestions: strip composing typedLen=3 candidates=17 autocorrect=false top=fam locale=pt
07-19 13:03:19.601 18033 18033 I VkAutocorrect: picked: família
07-19 13:03:19.704 18033 18359 I VkNgram : contextual locale=pt prev=família → é, e, de
07-19 13:03:19.704 18033 18359 I VkNgram : merge locale=pt prev=família preds=8 contextual=5 assets=true
07-19 13:03:19.706 18033 18359 I VkNgram : strip next_word ngramHead=8 total=10
07-19 13:03:19.708 18033 18359 I VkSuggestions: strip prediction typedLen=0 candidates=10 autocorrect=false top=e locale=pt
07-19 13:03:20.607 18033 18359 W VibeKeyProfiler: Slow Native Suggest: Total=10.57ms | Init=0.52ms | TrieExpand(x15)=9.99ms | Scoring=0.06ms | inputSize=1
07-19 13:03:20.608 18033 18359 I VkSuggestions: decode typedLen=1 candidates=18 locales=1 11,5ms
07-19 13:03:20.611 18033 18359 I VkSuggestions: strip composing typedLen=1 candidates=19 autocorrect=false top=t locale=pt
07-19 13:03:20.743 18033 18359 I VkSuggestions: decode typedLen=2 candidates=18 locales=1 3,1ms
07-19 13:03:20.744 18033 18359 I VkSuggestions: strip composing typedLen=2 candidates=18 autocorrect=false top=to locale=pt
07-19 13:03:21.060 18033 18359 W VibeKeyProfiler: Slow Native Suggest: Total=9.65ms | Init=0.25ms | TrieExpand(x17)=9.19ms | Scoring=0.21ms | inputSize=4
07-19 13:03:21.061 18033 18359 I VkSuggestions: decode typedLen=4 candidates=18 locales=1 10,7ms
07-19 13:03:21.063 18033 18359 I VkSuggestions: strip composing typedLen=4 candidates=17 autocorrect=false top=todo locale=pt
07-19 13:03:21.891 18033 18033 I VkAutocorrect: picked: todo
07-19 13:03:21.995 18033 18359 I VkSuggestions: decode typedLen=0 candidates=1 locales=1 0,3ms
07-19 13:03:21.996 18033 18359 I VkNgram : contextual locale=pt prev=todo → dia, mundo, bem
07-19 13:03:21.996 18033 18359 I VkNgram : merge locale=pt prev=todo preds=8 contextual=5 assets=true
07-19 13:03:21.999 18033 18359 I VkNgram : strip next_word ngramHead=9 total=13
07-19 13:03:22.002 18033 18359 I VkSuggestions: strip prediction typedLen=0 candidates=13 autocorrect=false top=mundo locale=pt
07-19 13:03:26.282 18033 18359 I VkSuggestions: decode typedLen=1 candidates=18 locales=1 4,0ms
07-19 13:03:26.283 18033 18359 I VkAutocorrect: offered: b → b
07-19 13:03:26.283 18033 18359 I VkSuggestions: strip composing typedLen=1 candidates=18 autocorrect=true top=b locale=pt
07-19 13:03:26.552 18033 18359 W VibeKeyProfiler: Slow Native Suggest: Total=13.56ms | Init=0.07ms | TrieExpand(x15)=13.41ms | Scoring=0.08ms | inputSize=2
07-19 13:03:26.554 18033 18359 I VkSuggestions: decode typedLen=2 candidates=18 locales=1 15,0ms
07-19 13:03:26.558 18033 18359 I VkAutocorrect: offered: bo → bo
07-19 13:03:26.559 18033 18359 I VkSuggestions: strip composing typedLen=2 candidates=18 autocorrect=true top=bo locale=pt
07-19 13:03:26.783 18033 18359 W VibeKeyProfiler: Slow Native Suggest: Total=26.81ms | Init=0.30ms | TrieExpand(x19)=26.42ms | Scoring=0.08ms | inputSize=3
07-19 13:03:26.785 18033 18359 I VkSuggestions: decode typedLen=3 candidates=18 locales=1 28,8ms
07-19 13:03:26.786 18033 18359 W VkSuggestions: slow frame 28,8ms locales=1 typedLen=3 candidates=18
07-19 13:03:26.791 18033 18359 I VkSuggestions: strip composing typedLen=3 candidates=17 autocorrect=false top=bom locale=pt
07-19 13:03:30.490 18033 18033 I VkAutocorrect: picked: bom
07-19 13:03:30.594 18033 18359 I VkSuggestions: decode typedLen=0 candidates=2 locales=1 0,4ms
07-19 13:03:30.596 18033 18359 I VkNgram : contextual locale=pt prev=bom → dia, trabalho, noite
07-19 13:03:30.597 18033 18359 I VkNgram : merge locale=pt prev=bom preds=1 contextual=5 assets=true
07-19 13:03:30.626 18033 18359 I VkNgram : strip next_word ngramHead=4 total=9
07-19 13:03:30.629 18033 18359 I VkSuggestions: strip prediction typedLen=0 candidates=9 autocorrect=false top=trabalho locale=pt
07-19 13:03:35.897 18033 18359 I VkSuggestions: decode typedLen=1 candidates=18 locales=1 3,4ms
07-19 13:03:35.898 18033 18359 I VkSuggestions: strip composing typedLen=1 candidates=19 autocorrect=false top=t locale=pt
07-19 13:03:36.095 18033 18359 I VkSuggestions: decode typedLen=2 candidates=18 locales=1 3,0ms
07-19 13:03:36.096 18033 18359 I VkSuggestions: strip composing typedLen=2 candidates=18 autocorrect=false top=te locale=pt
07-19 13:03:36.268 18033 18359 I VkSuggestions: decode typedLen=3 candidates=18 locales=1 7,8ms
07-19 13:03:36.270 18033 18359 I VkAutocorrect: offered: ten → ten
07-19 13:03:36.270 18033 18359 I VkSuggestions: strip composing typedLen=3 candidates=19 autocorrect=true top=ten locale=pt
07-19 13:03:36.555 18033 18359 W VibeKeyProfiler: Slow Native Suggest: Total=10.41ms | Init=0.22ms | TrieExpand(x17)=10.16ms | Scoring=0.03ms | inputSize=4
07-19 13:03:36.556 18033 18359 I VkSuggestions: decode typedLen=4 candidates=18 locales=1 11,3ms
07-19 13:03:36.558 18033 18359 I VkSuggestions: strip composing typedLen=4 candidates=19 autocorrect=false top=tenv locale=pt
07-19 13:03:36.765 18033 18359 I VkSuggestions: decode typedLen=5 candidates=18 locales=1 4,1ms
07-19 13:03:36.767 18033 18359 I VkAutocorrect: offered: tenve → tenve
07-19 13:03:36.767 18033 18359 I VkSuggestions: strip composing typedLen=5 candidates=19 autocorrect=true top=tenve locale=pt
07-19 13:03:36.919 18033 18359 I VkSuggestions: decode typedLen=6 candidates=18 locales=1 7,3ms
07-19 13:03:36.922 18033 18359 I VkSuggestions: strip composing typedLen=6 candidates=19 autocorrect=false top=tenveo locale=pt
07-19 13:03:37.145 18033 18033 I VkAutocorrect: kept (typing): tenveo
07-19 13:03:37.254 18033 18359 I VkSuggestions: strip prediction typedLen=0 candidates=4 autocorrect=false top=que locale=pt
07-19 13:03:38.856 18033 18359 I VkSuggestions: decode typedLen=5 candidates=18 locales=1 4,9ms
07-19 13:03:38.858 18033 18359 I VkSuggestions: strip composing typedLen=5 candidates=19 autocorrect=false top=tenve locale=pt
07-19 13:03:38.986 18033 18359 I VkSuggestions: decode typedLen=4 candidates=18 locales=1 4,0ms
07-19 13:03:38.988 18033 18359 I VkSuggestions: strip composing typedLen=4 candidates=19 autocorrect=false top=tenv locale=pt
07-19 13:03:39.145 18033 18359 W VibeKeyProfiler: Slow Native Suggest: Total=9.68ms | Init=0.26ms | TrieExpand(x19)=9.38ms | Scoring=0.04ms | inputSize=3
07-19 13:03:39.146 18033 18359 I VkSuggestions: decode typedLen=3 candidates=18 locales=1 10,6ms
07-19 13:03:39.148 18033 18359 I VkSuggestions: strip composing typedLen=3 candidates=19 autocorrect=false top=ten locale=pt
07-19 13:03:39.729 18033 18359 W VibeKeyProfiler: Slow Native Suggest: Total=9.45ms | Init=0.33ms | TrieExpand(x17)=9.07ms | Scoring=0.05ms | inputSize=2
07-19 13:03:39.730 18033 18359 I VkSuggestions: decode typedLen=2 candidates=18 locales=1 10,5ms
07-19 13:03:39.732 18033 18359 I VkSuggestions: strip composing typedLen=2 candidates=18 autocorrect=false top=te locale=pt
07-19 13:03:40.077 18033 18033 I VkAutocorrect: kept (typing): te
07-19 13:03:40.180 18033 18359 I VkNgram : contextual locale=pt prev=te → amo, vejo, ligo
07-19 13:03:40.181 18033 18359 I VkNgram : merge locale=pt prev=te preds=8 contextual=5 assets=true
07-19 13:03:40.182 18033 18359 I VkNgram : strip next_word ngramHead=9 total=12
07-19 13:03:40.185 18033 18359 I VkSuggestions: strip prediction typedLen=0 candidates=12 autocorrect=false top=amo locale=pt
07-19 13:03:40.483 18033 18359 W VibeKeyProfiler: Slow Native Suggest: Total=19.04ms | Init=0.94ms | TrieExpand(x15)=18.04ms | Scoring=0.06ms | inputSize=1
07-19 13:03:40.484 18033 18359 I VkSuggestions: decode typedLen=1 candidates=18 locales=1 20,1ms
07-19 13:03:40.485 18033 18359 W VkSuggestions: slow frame 20,1ms locales=1 typedLen=1 candidates=18
07-19 13:03:40.489 18033 18359 I VkSuggestions: strip composing typedLen=1 candidates=19 autocorrect=false top=v locale=pt
07-19 13:03:40.690 18033 18359 W VibeKeyProfiler: Slow Native Suggest: Total=8.51ms | Init=0.10ms | TrieExpand(x16)=8.35ms | Scoring=0.05ms | inputSize=2
07-19 13:03:40.691 18033 18359 I VkSuggestions: decode typedLen=2 candidates=18 locales=1 9,5ms
07-19 13:03:40.693 18033 18359 I VkAutocorrect: offered: ve → ve
07-19 13:03:40.694 18033 18359 I VkSuggestions: strip composing typedLen=2 candidates=19 autocorrect=true top=ve locale=pt
07-19 13:03:40.839 18033 18359 W VibeKeyProfiler: Slow Native Suggest: Total=13.06ms | Init=0.40ms | TrieExpand(x18)=12.61ms | Scoring=0.05ms | inputSize=3
07-19 13:03:40.841 18033 18359 I VkSuggestions: decode typedLen=3 candidates=18 locales=1 14,2ms
07-19 13:03:40.844 18033 18359 I VkAutocorrect: offered: veo → veo
07-19 13:03:40.845 18033 18359 I VkSuggestions: strip composing typedLen=3 candidates=18 autocorrect=true top=veo locale=pt
07-19 13:03:45.410 18033 18033 I VkAutocorrect: committed (typing): veo → veio
07-19 13:03:45.513 18033 18359 I VkNgram : merge locale=pt prev=veio preds=8 contextual=0 assets=true
07-19 13:03:45.515 18033 18359 I VkNgram : strip next_word ngramHead=8 total=10
07-19 13:03:45.517 18033 18359 I VkSuggestions: strip prediction typedLen=0 candidates=10 autocorrect=false top=a locale=pt
07-19 13:03:49.397 18033 18359 I VkSuggestions: decode typedLen=1 candidates=18 locales=1 4,7ms
07-19 13:03:49.399 18033 18359 I VkSuggestions: strip composing typedLen=1 candidates=19 autocorrect=false top=p locale=pt
07-19 13:03:49.555 18033 18359 I VkSuggestions: decode typedLen=2 candidates=18 locales=1 3,5ms
07-19 13:03:49.557 18033 18359 I VkAutocorrect: offered: pe → pe
07-19 13:03:49.557 18033 18359 I VkSuggestions: strip composing typedLen=2 candidates=19 autocorrect=true top=pe locale=pt
07-19 13:03:49.718 18033 18359 I VkSuggestions: decode typedLen=3 candidates=18 locales=1 8,6ms
07-19 13:03:49.721 18033 18359 I VkAutocorrect: offered: peo → peo
07-19 13:03:49.722 18033 18359 I VkSuggestions: strip composing typedLen=3 candidates=19 autocorrect=true top=peo locale=pt
07-19 13:03:50.030 18033 18359 I VkSuggestions: decode typedLen=4 candidates=18 locales=1 4,1ms
07-19 13:03:50.032 18033 18359 I VkSuggestions: strip composing typedLen=4 candidates=19 autocorrect=false top=peon locale=pt
07-19 13:03:50.230 18033 18359 I VkSuggestions: decode typedLen=5 candidates=18 locales=1 3,6ms
07-19 13:03:50.231 18033 18359 I VkSuggestions: strip composing typedLen=5 candidates=19 autocorrect=false top=peont locale=pt
07-19 13:03:50.347 18033 18359 I VkSuggestions: decode typedLen=6 candidates=18 locales=1 6,5ms
07-19 13:03:50.350 18033 18359 I VkAutocorrect: offered: peonto → peonto
07-19 13:03:50.351 18033 18359 I VkSuggestions: strip composing typedLen=6 candidates=19 autocorrect=true top=peonto locale=pt
07-19 13:03:52.981 18033 18033 I VkAutocorrect: picked: pronto
07-19 13:03:53.084 18033 18359 I VkNgram : contextual locale=pt prev=pronto → para, e, quando
07-19 13:03:53.085 18033 18359 I VkNgram : merge locale=pt prev=pronto preds=8 contextual=5 assets=true
07-19 13:03:53.087 18033 18359 I VkNgram : strip next_word ngramHead=10 total=12
07-19 13:03:53.089 18033 18359 I VkSuggestions: strip prediction typedLen=0 candidates=12 autocorrect=false top=para locale=pt
07-19 13:04:00.125 18033 18033 I VkSwipe : ▶ gesture started locale=pt-BR
07-19 13:04:00.131 18033 18359 I VkSuggestions: decode typedLen=0 candidates=18 locales=1 4,8ms
07-19 13:04:00.248 18033 18359 I VkSuggestions: decode typedLen=2 candidates=18 locales=1 4,3ms
07-19 13:04:00.262 18033 18359 W VibeKeyProfiler: Slow Native Suggest: Total=12.73ms | Init=0.16ms | TrieExpand(x12)=12.55ms | Scoring=0.02ms | inputSize=15
07-19 13:04:00.453 18033 18359 I VkSuggestions: decode typedLen=3 candidates=18 locales=1 5,4ms
07-19 13:04:00.464 18033 18359 W VibeKeyProfiler: Slow Native Suggest: Total=10.00ms | Init=0.29ms | TrieExpand(x12)=9.70ms | Scoring=0.02ms | inputSize=27
07-19 13:04:00.653 18033 18359 I VkSuggestions: decode typedLen=4 candidates=18 locales=1 3,7ms
07-19 13:04:00.664 18033 18359 W VibeKeyProfiler: Slow Native Suggest: Total=10.01ms | Init=0.26ms | TrieExpand(x12)=9.73ms | Scoring=0.02ms | inputSize=42
07-19 13:04:00.674 18033 18033 I VkSwipe : ✓ gesture points=42 decodedLen=4 candidates=18 top=juiz 550ms
07-19 13:04:01.579 18033 18033 I VkSwipe : ▶ gesture started locale=pt-BR
07-19 13:04:01.591 18033 18359 W VibeKeyProfiler: Slow Native Suggest: Total=8.26ms | Init=0.24ms | TrieExpand(x16)=7.99ms | Scoring=0.03ms | inputSize=2
07-19 13:04:01.592 18033 18359 I VkSuggestions: decode typedLen=0 candidates=18 locales=1 9,0ms
07-19 13:04:01.642 18033 18359 I VkSuggestions: decode typedLen=2 candidates=18 locales=1 6,6ms
07-19 13:04:01.652 18033 18359 W VibeKeyProfiler: Slow Native Suggest: Total=8.77ms | Init=0.15ms | TrieExpand(x9)=8.60ms | Scoring=0.02ms | inputSize=8
07-19 13:04:01.652 18033 18359 I VkSuggestions: decode typedLen=0 candidates=5 locales=1 9,4ms
07-19 13:04:01.664 18033 18033 I VkSwipe : ✓ gesture points=8 decodedLen=2 candidates=18 top=DS 85ms
07-19 13:04:01.797 18033 18033 I VkSwipe : ▶ gesture started locale=pt-BR
07-19 13:04:01.803 18033 18359 I VkSuggestions: decode typedLen=0 candidates=18 locales=1 4,9ms
07-19 13:04:01.920 18033 18359 I VkSuggestions: decode typedLen=2 candidates=18 locales=1 4,5ms
07-19 13:04:01.932 18033 18359 W VibeKeyProfiler: Slow Native Suggest: Total=10.98ms | Init=0.15ms | TrieExpand(x12)=10.80ms | Scoring=0.03ms | inputSize=12
07-19 13:04:02.221 18033 18359 I VkSuggestions: decode typedLen=4 candidates=18 locales=1 2,6ms
07-19 13:04:02.238 18033 18359 W VibeKeyProfiler: Slow Native Suggest: Total=16.91ms | Init=0.24ms | TrieExpand(x20)=16.63ms | Scoring=0.04ms | inputSize=29
07-19 13:04:02.239 18033 18359 W VkSuggestions: slow frame 17,8ms locales=1 typedLen=0 candidates=0
07-19 13:04:02.374 18033 18359 I VkSuggestions: decode typedLen=5 candidates=18 locales=1 3,1ms
07-19 13:04:02.385 18033 18359 W VibeKeyProfiler: Slow Native Suggest: Total=11.31ms | Init=0.20ms | TrieExpand(x9)=11.07ms | Scoring=0.03ms | inputSize=35
07-19 13:04:02.700 18033 18359 W VibeKeyProfiler: Slow Native Suggest: Total=25.41ms | Init=0.37ms | TrieExpand(x39)=25.02ms | Scoring=0.03ms | inputSize=46
07-19 13:04:02.701 18033 18359 W VkSuggestions: slow frame 26,0ms locales=1 typedLen=0 candidates=0
07-19 13:04:02.935 18033 18359 W VibeKeyProfiler: Slow Native Suggest: Total=27.27ms | Init=0.34ms | TrieExpand(x39)=26.91ms | Scoring=0.02ms | inputSize=70
07-19 13:04:02.936 18033 18359 W VkSuggestions: slow frame 27,9ms locales=1 typedLen=0 candidates=0
07-19 13:04:03.017 18033 18033 W n       : [0] drop stale event: 632,408|1312 last: 629,431|1315
07-19 13:04:03.049 18033 18359 W VibeKeyProfiler: Slow Native Suggest: Total=24.93ms | Init=0.31ms | TrieExpand(x39)=24.60ms | Scoring=0.02ms | inputSize=72
07-19 13:04:03.050 18033 18359 W VkSuggestions: slow frame 25,6ms locales=1 typedLen=0 candidates=0
07-19 13:04:03.487 18033 18359 W VibeKeyProfiler: Slow Native Suggest: Total=28.21ms | Init=0.34ms | TrieExpand(x39)=27.84ms | Scoring=0.03ms | inputSize=101
07-19 13:04:03.488 18033 18359 W VkSuggestions: slow frame 29,0ms locales=1 typedLen=0 candidates=0
07-19 13:04:03.501 18033 18033 I VkSwipe : ✓ gesture points=101 decodedLen=3 candidates=18 top=JVC 1704ms
07-19 13:04:05.541 18033 18359 I VkSuggestions: decode typedLen=1 candidates=18 locales=1 5,9ms
07-19 13:04:05.545 18033 18359 I VkSuggestions: strip composing typedLen=1 candidates=19 autocorrect=false top=t locale=pt
07-19 13:04:05.662 18033 18359 W VibeKeyProfiler: Slow Native Suggest: Total=11.53ms | Init=0.14ms | TrieExpand(x15)=11.33ms | Scoring=0.05ms | inputSize=2
07-19 13:04:05.662 18033 18359 I VkSuggestions: decode typedLen=2 candidates=18 locales=1 12,4ms
07-19 13:04:05.665 18033 18359 I VkSuggestions: strip composing typedLen=2 candidates=18 autocorrect=false top=bo locale=pt
07-19 13:04:05.792 18033 18359 W VibeKeyProfiler: Slow Native Suggest: Total=11.12ms | Init=0.29ms | TrieExpand(x14)=10.79ms | Scoring=0.04ms | inputSize=1
07-19 13:04:05.793 18033 18359 I VkSuggestions: decode typedLen=1 candidates=18 locales=1 12,0ms
07-19 13:04:05.796 18033 18359 I VkSuggestions: strip composing typedLen=1 candidates=18 autocorrect=false top=b locale=pt
07-19 13:04:06.403 18033 18033 I VkTyping: ▶ open restart=true pkg=com.android.launcher inputType=589825
07-19 13:04:06.461 18033 18033 I VkMultilingual: reset main=pt-BR locales=[pt,fr] count=2
07-19 13:04:07.271 18099 18153 I OnDeviceAssist: warm ok model=qwen2.5-0.5b-instruct-q4_0.gguf ambient=40 chars 0ms
07-19 13:04:09.870 18033 18033 I VkSwipe : ▶ gesture started locale=pt-BR
07-19 13:04:09.881 18033 18359 I VkSuggestions: decode typedLen=0 candidates=18 locales=2 8,9ms
07-19 13:04:09.882 18033 18359 I VkSuggestions: decode typedLen=0 candidates=1 locales=2 1,0ms
07-19 13:04:10.019 18033 18359 I VkSuggestions: decode typedLen=2 candidates=18 locales=2 13,0ms
07-19 13:04:10.034 18033 18359 I VkSuggestions: decode typedLen=0 candidates=18 locales=2 15,1ms
07-19 13:04:10.129 18033 18359 I VkSuggestions: decode typedLen=2 candidates=18 locales=2 6,8ms
07-19 13:04:10.137 18033 18359 I VkSuggestions: decode typedLen=0 candidates=18 locales=2 7,4ms
07-19 13:04:10.295 18033 18359 I VkSuggestions: decode typedLen=4 candidates=18 locales=2 5,7ms
07-19 13:04:10.303 18033 18359 I VkSuggestions: decode typedLen=0 candidates=18 locales=2 7,2ms
07-19 13:04:10.405 18033 18359 I VkSuggestions: decode typedLen=4 candidates=18 locales=2 12,1ms
07-19 13:04:10.415 18033 18359 I VkSuggestions: decode typedLen=0 candidates=18 locales=2 9,6ms
07-19 13:04:10.423 18033 18359 I VkSuggestions: decode typedLen=4 candidates=18 locales=2 6,4ms
07-19 13:04:10.431 18033 18359 I VkSuggestions: decode typedLen=0 candidates=18 locales=2 7,4ms
07-19 13:04:10.439 18033 18033 I VkSwipe : ✓ gesture points=33 decodedLen=3 candidates=14 top=bom 568ms
07-19 13:04:12.332 18033 18033 I VkAutocorrect: kept (swipe): bom
07-19 13:04:12.433 18033 18359 I VkSuggestions: decode typedLen=0 candidates=3 locales=2 0,5ms
07-19 13:04:12.434 18033 18359 I VkNgram : contextual locale=pt prev=bom → dia, trabalho, noite
07-19 13:04:12.434 18033 18359 I VkNgram : merge locale=pt prev=bom preds=8 contextual=5 assets=true
07-19 13:04:12.435 18033 18359 I VkNgram : strip next_word ngramHead=8 total=14
07-19 13:04:12.436 18033 18359 I VkSuggestions: strip prediction typedLen=0 candidates=14 autocorrect=false top=desempenho locale=pt
07-19 13:04:13.449 18033 18033 I VkSwipe : ▶ gesture started locale=pt-BR
07-19 13:04:13.462 18033 18359 W VibeKeyProfiler: Slow Native Suggest: Total=11.62ms | Init=0.28ms | TrieExpand(x17)=11.28ms | Scoring=0.06ms | inputSize=1
07-19 13:04:13.479 18033 18359 W VibeKeyProfiler: Slow Native Suggest: Total=15.03ms | Init=0.26ms | TrieExpand(x17)=14.71ms | Scoring=0.05ms | inputSize=1
07-19 13:04:13.492 18033 18359 W VibeKeyProfiler: Slow Native Suggest: Total=12.05ms | Init=0.27ms | TrieExpand(x21)=11.72ms | Scoring=0.05ms | inputSize=1
07-19 13:04:13.493 18033 18359 I VkSuggestions: decode typedLen=0 candidates=18 locales=2 42,7ms
07-19 13:04:13.494 18033 18359 W VkSuggestions: slow frame 42,7ms locales=2 typedLen=0 candidates=18 parallelWait=42,5ms
07-19 13:04:13.627 18033 18359 W VibeKeyProfiler: Slow Native Suggest: Total=9.37ms | Init=0.24ms | TrieExpand(x18)=9.04ms | Scoring=0.08ms | inputSize=2
07-19 13:04:13.639 18033 18359 W VibeKeyProfiler: Slow Native Suggest: Total=9.28ms | Init=0.17ms | TrieExpand(x16)=9.06ms | Scoring=0.04ms | inputSize=2
07-19 13:04:13.645 18033 18359 I VkSuggestions: decode typedLen=2 candidates=18 locales=2 26,7ms
07-19 13:04:13.645 18033 18359 W VkSuggestions: slow frame 26,7ms locales=2 typedLen=2 candidates=18 parallelWait=26,6ms
07-19 13:04:13.674 18033 18359 W VibeKeyProfiler: Slow Native Suggest: Total=28.98ms | Init=0.23ms | TrieExpand(x19)=28.69ms | Scoring=0.06ms | inputSize=19
07-19 13:04:13.689 18033 18359 W VibeKeyProfiler: Slow Native Suggest: Total=12.25ms | Init=0.14ms | TrieExpand(x5)=12.06ms | Scoring=0.05ms | inputSize=19
07-19 13:04:13.695 18033 18359 I VkSuggestions: decode typedLen=0 candidates=18 locales=2 49,9ms
07-19 13:04:13.696 18033 18359 W VkSuggestions: slow frame 49,9ms locales=2 typedLen=0 candidates=18 parallelWait=49,7ms
07-19 13:04:13.725 18033 18359 I VkSuggestions: decode typedLen=2 candidates=18 locales=2 8,2ms
07-19 13:04:13.734 18033 18359 I VkSuggestions: decode typedLen=0 candidates=18 locales=2 8,5ms
07-19 13:04:13.995 18033 18359 W VibeKeyProfiler: Slow Native Suggest: Total=8.08ms | Init=0.29ms | TrieExpand(x17)=7.74ms | Scoring=0.05ms | inputSize=3
07-19 13:04:14.006 18033 18359 W VibeKeyProfiler: Slow Native Suggest: Total=8.87ms | Init=0.09ms | TrieExpand(x16)=8.73ms | Scoring=0.04ms | inputSize=3
07-19 13:04:14.014 18033 18359 I VkSuggestions: decode typedLen=3 candidates=18 locales=2 26,1ms
07-19 13:04:14.015 18033 18359 W VkSuggestions: slow frame 26,1ms locales=2 typedLen=3 candidates=18 parallelWait=25,7ms
07-19 13:04:14.027 18033 18359 I VkSuggestions: decode typedLen=0 candidates=18 locales=2 11,6ms
07-19 13:04:14.108 18033 18359 I VkSuggestions: decode typedLen=3 candidates=18 locales=2 7,5ms
07-19 13:04:14.123 18033 18359 W VibeKeyProfiler: Slow Native Suggest: Total=14.25ms | Init=0.12ms | TrieExpand(x29)=14.10ms | Scoring=0.02ms | inputSize=45
07-19 13:04:14.130 18033 18359 I VkSuggestions: decode typedLen=0 candidates=18 locales=2 20,8ms
07-19 13:04:14.130 18033 18359 W VkSuggestions: slow frame 20,8ms locales=2 typedLen=0 candidates=18 parallelWait=20,7ms
07-19 13:04:14.218 18033 18359 W VibeKeyProfiler: Slow Native Suggest: Total=13.29ms | Init=0.25ms | TrieExpand(x17)=12.97ms | Scoring=0.06ms | inputSize=3
07-19 13:04:14.229 18033 18359 W VibeKeyProfiler: Slow Native Suggest: Total=8.80ms | Init=0.12ms | TrieExpand(x16)=8.67ms | Scoring=0.01ms | inputSize=3
07-19 13:04:14.231 18033 18359 I VkSuggestions: decode typedLen=3 candidates=18 locales=2 25,8ms
07-19 13:04:14.231 18033 18359 W VkSuggestions: slow frame 25,8ms locales=2 typedLen=3 candidates=18 parallelWait=25,6ms
07-19 13:04:14.245 18033 18359 W VibeKeyProfiler: Slow Native Suggest: Total=13.42ms | Init=0.12ms | TrieExpand(x29)=13.28ms | Scoring=0.02ms | inputSize=46
07-19 13:04:14.254 18033 18359 I VkSuggestions: decode typedLen=0 candidates=18 locales=2 22,2ms
07-19 13:04:14.254 18033 18359 W VkSuggestions: slow frame 22,2ms locales=2 typedLen=0 candidates=18 parallelWait=22,2ms
07-19 13:04:14.261 18033 18359 I VkSuggestions: decode typedLen=3 candidates=18 locales=2 6,1ms
07-19 13:04:14.272 18033 18359 W VibeKeyProfiler: Slow Native Suggest: Total=10.00ms | Init=0.10ms | TrieExpand(x29)=9.88ms | Scoring=0.01ms | inputSize=48
07-19 13:04:14.277 18033 18359 I VkSuggestions: decode typedLen=0 candidates=18 locales=2 15,1ms
07-19 13:04:14.287 18033 18033 I VkSwipe : ✓ gesture points=48 decodedLen=3 candidates=16 top=dua 838ms
07-19 13:04:15.529 18033 18359 I VkNgram : contextual locale=pt prev=bom → dia, trabalho, noite
07-19 13:04:15.530 18033 18359 I VkNgram : strip next_word ngramHead=8 total=14
07-19 13:04:16.240 18033 18033 I VkSwipe : ▶ gesture started locale=pt-BR
07-19 13:04:16.259 18033 18359 W VibeKeyProfiler: Slow Native Suggest: Total=12.39ms | Init=0.67ms | TrieExpand(x16)=11.66ms | Scoring=0.05ms | inputSize=2
07-19 13:04:16.321 18033 18359 W VibeKeyProfiler: Slow Native Suggest: Total=50.21ms | Init=0.10ms | TrieExpand(x14)=50.09ms | Scoring=0.02ms | inputSize=2
07-19 13:04:16.324 18033 18359 W VkSuggestions: slow frame 77,7ms locales=2 typedLen=0 candidates=18 parallelWait=77,6ms
07-19 13:04:16.383 18033 18359 I VkSuggestions: decode typedLen=2 candidates=18 locales=2 19,0ms
07-19 13:04:16.383 18033 18359 W VkSuggestions: slow frame 19,0ms locales=2 typedLen=2 candidates=18 parallelWait=19,0ms
07-19 13:04:16.400 18033 18359 W VibeKeyProfiler: Slow Native Suggest: Total=15.83ms | Init=0.17ms | TrieExpand(x12)=15.64ms | Scoring=0.02ms | inputSize=18
07-19 13:04:16.422 18033 18359 W VibeKeyProfiler: Slow Native Suggest: Total=17.84ms | Init=0.05ms | TrieExpand(x6)=17.78ms | Scoring=0.01ms | inputSize=18
07-19 13:04:16.423 18033 18359 I VkSuggestions: decode typedLen=0 candidates=18 locales=2 39,5ms
07-19 13:04:16.424 18033 18359 W VkSuggestions: slow frame 39,5ms locales=2 typedLen=0 candidates=18 parallelWait=39,5ms
07-19 13:04:16.501 18033 18359 I VkSuggestions: decode typedLen=2 candidates=18 locales=2 24,5ms
07-19 13:04:16.501 18033 18359 W VkSuggestions: slow frame 24,5ms locales=2 typedLen=2 candidates=18 parallelWait=23,0ms
07-19 13:04:16.517 18033 18359 W VibeKeyProfiler: Slow Native Suggest: Total=15.86ms | Init=0.10ms | TrieExpand(x12)=15.75ms | Scoring=0.01ms | inputSize=19
07-19 13:04:16.529 18033 18359 W VibeKeyProfiler: Slow Native Suggest: Total=11.07ms | Init=0.03ms | TrieExpand(x6)=11.02ms | Scoring=0.01ms | inputSize=19
07-19 13:04:16.539 18033 18359 W VibeKeyProfiler: Slow Native Suggest: Total=9.93ms | Init=0.04ms | TrieExpand(x6)=9.87ms | Scoring=0.01ms | inputSize=19
07-19 13:04:16.539 18033 18359 I VkSuggestions: decode typedLen=0 candidates=18 locales=2 37,9ms
07-19 13:04:16.542 18033 18359 W VkSuggestions: slow frame 37,9ms locales=2 typedLen=0 candidates=18 parallelWait=37,8ms
07-19 13:04:16.771 18033 18359 I VkSuggestions: decode typedLen=3 candidates=18 locales=2 9,4ms
07-19 13:04:16.783 18033 18359 I VkSuggestions: decode typedLen=0 candidates=18 locales=2 11,6ms
07-19 13:04:16.913 18033 18359 W VibeKeyProfiler: Slow Native Suggest: Total=8.54ms | Init=0.03ms | TrieExpand(x16)=8.15ms | Scoring=0.35ms | inputSize=3
07-19 13:04:16.916 18033 18359 I VkSuggestions: decode typedLen=3 candidates=18 locales=2 21,3ms
07-19 13:04:16.918 18033 18359 W VkSuggestions: slow frame 21,3ms locales=2 typedLen=3 candidates=18 parallelWait=21,3ms
07-19 13:04:16.929 18033 18359 W VibeKeyProfiler: Slow Native Suggest: Total=9.13ms | Init=0.11ms | TrieExpand(x12)=8.65ms | Scoring=0.36ms | inputSize=50
07-19 13:04:16.942 18033 18359 W VibeKeyProfiler: Slow Native Suggest: Total=11.81ms | Init=1.75ms | TrieExpand(x6)=10.04ms | Scoring=0.02ms | inputSize=50
07-19 13:04:16.947 18033 18359 I VkSuggestions: decode typedLen=0 candidates=18 locales=2 26,8ms
07-19 13:04:16.947 18033 18359 W VkSuggestions: slow frame 26,8ms locales=2 typedLen=0 candidates=18 parallelWait=26,7ms
07-19 13:04:17.011 18033 18359 W VibeKeyProfiler: Slow Native Suggest: Total=14.96ms | Init=0.20ms | TrieExpand(x17)=14.75ms | Scoring=0.02ms | inputSize=3
07-19 13:04:17.021 18033 18359 W VibeKeyProfiler: Slow Native Suggest: Total=9.08ms | Init=0.46ms | TrieExpand(x16)=8.60ms | Scoring=0.02ms | inputSize=3
07-19 13:04:17.027 18033 18359 I VkSuggestions: decode typedLen=3 candidates=18 locales=2 31,5ms
07-19 13:04:17.028 18033 18359 W VkSuggestions: slow frame 31,5ms locales=2 typedLen=3 candidates=18 parallelWait=31,4ms
07-19 13:04:17.045 18033 18359 W VibeKeyProfiler: Slow Native Suggest: Total=16.59ms | Init=0.53ms | TrieExpand(x12)=16.05ms | Scoring=0.02ms | inputSize=51
07-19 13:04:17.066 18033 18359 W VibeKeyProfiler: Slow Native Suggest: Total=19.34ms | Init=0.05ms | TrieExpand(x6)=19.27ms | Scoring=0.02ms | inputSize=51
07-19 13:04:17.069 18033 18359 I VkSuggestions: decode typedLen=0 candidates=18 locales=2 40,6ms
07-19 13:04:17.069 18033 18359 W VkSuggestions: slow frame 40,6ms locales=2 typedLen=0 candidates=18 parallelWait=40,6ms
07-19 13:04:17.137 18033 18359 W VibeKeyProfiler: Slow Native Suggest: Total=8.10ms | Init=0.22ms | TrieExpand(x17)=7.83ms | Scoring=0.05ms | inputSize=3
07-19 13:04:17.148 18033 18359 W VibeKeyProfiler: Slow Native Suggest: Total=9.89ms | Init=0.09ms | TrieExpand(x16)=9.75ms | Scoring=0.05ms | inputSize=3
07-19 13:04:17.155 18033 18359 I VkSuggestions: decode typedLen=3 candidates=18 locales=2 25,6ms
07-19 13:04:17.155 18033 18359 W VkSuggestions: slow frame 25,6ms locales=2 typedLen=3 candidates=18 parallelWait=25,4ms
07-19 13:04:17.184 18033 18359 W VibeKeyProfiler: Slow Native Suggest: Total=27.48ms | Init=0.26ms | TrieExpand(x12)=27.19ms | Scoring=0.02ms | inputSize=52
07-19 13:04:17.190 18033 18359 I VkSuggestions: decode typedLen=0 candidates=18 locales=2 34,0ms
07-19 13:04:17.190 18033 18359 W VkSuggestions: slow frame 34,0ms locales=2 typedLen=0 candidates=18 parallelWait=33,9ms
07-19 13:04:17.227 18033 18359 I VkSuggestions: decode typedLen=3 candidates=18 locales=2 7,4ms
07-19 13:04:17.239 18033 18359 I VkSuggestions: decode typedLen=0 candidates=18 locales=2 11,5ms
07-19 13:04:17.248 18033 18033 I VkSwipe : ✓ gesture points=52 decodedLen=3 candidates=16 top=dia 1008ms
07-19 13:04:18.396 18033 18033 I VkSwipe : ▶ gesture started locale=pt-BR
07-19 13:04:18.409 18033 18359 I VkSuggestions: decode typedLen=0 candidates=2 locales=2 0,3ms
07-19 13:04:18.538 18033 18359 I VkSuggestions: decode typedLen=2 candidates=18 locales=2 7,2ms
07-19 13:04:18.552 18033 18359 I VkSuggestions: decode typedLen=0 candidates=18 locales=2 13,3ms
07-19 13:04:18.644 18033 18359 I VkSuggestions: decode typedLen=2 candidates=18 locales=2 12,8ms
07-19 13:04:18.657 18033 18359 I VkSuggestions: decode typedLen=0 candidates=18 locales=2 12,5ms
07-19 13:04:18.739 18033 18359 I VkSuggestions: decode typedLen=2 candidates=18 locales=2 7,2ms
07-19 13:04:18.753 18033 18359 I VkSuggestions: decode typedLen=0 candidates=18 locales=2 13,6ms
07-19 13:04:18.860 18033 18359 I VkSuggestions: decode typedLen=2 candidates=18 locales=2 10,6ms
07-19 13:04:18.870 18033 18359 I VkSuggestions: decode typedLen=0 candidates=18 locales=2 9,6ms
07-19 13:04:19.042 18033 18359 I VkSuggestions: decode typedLen=3 candidates=18 locales=2 7,9ms
07-19 13:04:19.052 18033 18359 I VkSuggestions: decode typedLen=0 candidates=18 locales=2 9,7ms
