=== VibeKey 4.1.276 (4376) ===

--------- beginning of system
06-11 15:10:05.502 11069 11069 E OplusCustomizeRestrictionManager: sInstance is null, start a new sInstance
06-11 15:10:51.679 11069 11845 E ActivityThread: Failed to find provider info for com.oplus.statistics.provider
06-11 15:10:51.680 11069 11845 E OplusStatistics--: IllegalArgumentException:java.lang.IllegalArgumentException: Unknown URL content://com.oplus.statistics.provider/track_event
--------- beginning of crash
06-11 15:10:59.591 11069 11558 F libc    : Fatal signal 7 (SIGBUS), code 2 (BUS_ADRERR), fault addr 0x7523ae1873 in tid 11558 (d), pid 11069 (AndroidUI)
06-11 15:11:01.298 11978 11978 F DEBUG   : Process name is com.vibekey.keyboard, not key_process
06-11 15:11:01.298 11978 11978 F DEBUG   : keyProcess: 0
06-11 15:11:01.298 11978 11978 F DEBUG   : *** *** *** *** *** *** *** *** *** *** *** *** *** *** *** ***
06-11 15:11:01.298 11978 11978 F DEBUG   : Build fingerprint: 'OnePlus/OnePlus7Pro/OnePlus7Pro:12/SKQ1.211113.001/P.202303230244:user/release-keys'
06-11 15:11:01.298 11978 11978 F DEBUG   : Revision: '0'
06-11 15:11:01.298 11978 11978 F DEBUG   : ABI: 'arm64'
06-11 15:11:01.298 11978 11978 F DEBUG   : Timestamp: 2026-06-11 15:10:59.902811291-0400
06-11 15:11:01.298 11978 11978 F DEBUG   : Process uptime: 0s
06-11 15:11:01.298 11978 11978 F DEBUG   : Cmdline: com.vibekey.keyboard
06-11 15:11:01.298 11978 11978 F DEBUG   : pid: 11069, tid: 11558, name: d  >>> com.vibekey.keyboard <<<
06-11 15:11:01.298 11978 11978 F DEBUG   : uid: 14047
06-11 15:11:01.298 11978 11978 F DEBUG   : signal 7 (SIGBUS), code 2 (BUS_ADRERR), fault addr 0x7523ae1873
06-11 15:11:01.298 11978 11978 F DEBUG   :     x0  0000000000000000  x1  0000000000002d26  x2  0000000000000007  x3  00000075e3fbbda0
06-11 15:11:01.298 11978 11978 F DEBUG   :     x4  00000075e3fbb6a8  x5  00000075e3fbb6a8  x6  00000075e3fbb6a8  x7  0000000000000000
06-11 15:11:01.298 11978 11978 F DEBUG   :     x8  00000000000000f0  x9  db746b027190efc7  x10 0000000000004001  x11 0000000000000000
06-11 15:11:01.298 11978 11978 F DEBUG   :     x12 00000000ffffffff  x13 0000000000000000  x14 000000000000001f  x15 0000007523ad72cf
06-11 15:11:01.298 11978 11978 F DEBUG   :     x16 000000757caad3a8  x17 00000076790b8f10  x18 000000749daea000  x19 0000000000000007
06-11 15:11:01.298 11978 11978 F DEBUG   :     x20 00000075e3fbbda0  x21 0000000000002b3d  x22 00000075e3fbbd00  x23 0000000000000001
06-11 15:11:01.298 11978 11978 F DEBUG   :     x24 00000074ce3fc000  x25 00000074ce3f99f0  x26 00000074ce3f9a24  x27 0000000000000001
06-11 15:11:01.298 11978 11978 F DEBUG   :     x28 00000074ce3f9fd8  x29 00000075e3fbbd20
06-11 15:11:01.298 11978 11978 F DEBUG   :     lr  0000007576cbabc8  sp  00000075e3fbbd00  pc  00000076790b8f34  pst 0000000000000000
06-11 15:11:01.298 11978 11978 F DEBUG   : backtrace:
06-11 15:11:01.298 11978 11978 F DEBUG   :       #00 pc 0000000000075f34  /apex/com.android.runtime/lib64/bionic/libc.so (syscall+36) (BuildId: bbbdeb7c87c74f1491f92c6e605095b0)
06-11 15:11:01.298 11978 11978 F DEBUG   :       #01 pc 00000000040a9bc4  /data/app/~~-XGWjzmdoRrM1YaZYK883A==/com.google.android.webview-HvpxCmuUIjPsZ4yTEw8s4w==/base.apk!libwebviewchromium.so (BuildId: f447b77da2d76e8d4d133b66c727c3ae532b54bf)
06-11 15:11:01.298 11978 11978 F DEBUG   :       #02 pc 00000000040a03c4  /data/app/~~-XGWjzmdoRrM1YaZYK883A==/com.google.android.webview-HvpxCmuUIjPsZ4yTEw8s4w==/base.apk!libwebviewchromium.so (BuildId: f447b77da2d76e8d4d133b66c727c3ae532b54bf)
06-11 15:11:01.298 11978 11978 F DEBUG   :       #03 pc 0000000000000638  [vdso] (__kernel_rt_sigreturn+0)
06-11 15:11:01.298 11978 11978 F DEBUG   :       #04 pc 00000000000b62f4  /data/app/~~CR3iGDOEWqTtRxjYIoQSsQ==/com.vibekey.keyboard-dOUjrQhRox47TkxgIYQQqw==/lib/arm64/libjni_latinime.so (latinime::PatriciaTrieReadingUtils::getPtNodeArraySizeAndAdvancePosition(unsigned char const*, int, int*)+44) (BuildId: f905dbd1a904967a994cf833116e517b05caa863)
06-11 15:11:01.298 11978 11978 F DEBUG   :       #05 pc 00000000000b8b34  /data/app/~~CR3iGDOEWqTtRxjYIoQSsQ==/com.vibekey.keyboard-dOUjrQhRox47TkxgIYQQqw==/lib/arm64/libjni_latinime.so (latinime::Ver2PtNodeArrayReader::readPtNodeArrayInfoAndReturnIfValid(int, int*, int*) const+80) (BuildId: f905dbd1a904967a994cf833116e517b05caa863)
06-11 15:11:01.298 11978 11978 F DEBUG   :       #06 pc 00000000000b4ce8  /data/app/~~CR3iGDOEWqTtRxjYIoQSsQ==/com.vibekey.keyboard-dOUjrQhRox47TkxgIYQQqw==/lib/arm64/libjni_latinime.so (latinime::DynamicPtReadingHelper::nextPtNodeArray()+68) (BuildId: f905dbd1a904967a994cf833116e517b05caa863)
06-11 15:11:01.298 11978 11978 F DEBUG   :       #07 pc 00000000000b4c3c  /data/app/~~CR3iGDOEWqTtRxjYIoQSsQ==/com.vibekey.keyboard-dOUjrQhRox47TkxgIYQQqw==/lib/arm64/libjni_latinime.so (latinime::DynamicPtReadingHelper::getTerminalPtNodePositionOfWord(int const*, unsigned long, bool)+432) (BuildId: f905dbd1a904967a994cf833116e517b05caa863)
06-11 15:11:01.298 11978 11978 F DEBUG   :       #08 pc 00000000000b7324  /data/app/~~CR3iGDOEWqTtRxjYIoQSsQ==/com.vibekey.keyboard-dOUjrQhRox47TkxgIYQQqw==/lib/arm64/libjni_latinime.so (latinime::PatriciaTriePolicy::getWordId(latinime::IntArrayView, bool) const+184) (BuildId: f905dbd1a904967a994cf833116e517b05caa863)
06-11 15:11:01.298 11978 11978 F DEBUG   :       #09 pc 00000000000a7d54  /data/app/~~CR3iGDOEWqTtRxjYIoQSsQ==/com.vibekey.keyboard-dOUjrQhRox47TkxgIYQQqw==/lib/arm64/libjni_latinime.so (latinime::NgramContext::getWordId(latinime::DictionaryStructureWithBufferPolicy const*, int const*, int, bool, bool)+232) (BuildId: f905dbd1a904967a994cf833116e517b05caa863)
06-11 15:11:01.298 11978 11978 F DEBUG   :       #10 pc 00000000000d337c  /data/app/~~CR3iGDOEWqTtRxjYIoQSsQ==/com.vibekey.keyboard-dOUjrQhRox47TkxgIYQQqw==/lib/arm64/libjni_latinime.so (latinime::DicTraverseSession::init(latinime::Dictionary const*, latinime::NgramContext const*, latinime::SuggestOptions const*)+124) (BuildId: f905dbd1a904967a994cf833116e517b05caa863)
06-11 15:11:01.298 11978 11978 F DEBUG   :       #11 pc 00000000000c8bd0  /data/app/~~CR3iGDOEWqTtRxjYIoQSsQ==/com.vibekey.keyboard-dOUjrQhRox47TkxgIYQQqw==/lib/arm64/libjni_latinime.so (latinime::Dictionary::getSuggestions(latinime::ProximityInfo*, latinime::DicTraverseSession*, int*, int*, int*, int*, int*, int, latinime::NgramContext const*, latinime::SuggestOptions const*, float, latinime::SuggestionResults*) const+104) (BuildId: f905dbd1a904967a994cf833116e517b05caa863)
06-11 15:11:01.298 11978 11978 F DEBUG   :       #12 pc 000000000009fd88  /data/app/~~CR3iGDOEWqTtRxjYIoQSsQ==/com.vibekey.keyboard-dOUjrQhRox47TkxgIYQQqw==/lib/arm64/libjni_latinime.so (BuildId: f905dbd1a904967a994cf833116e517b05caa863)
06-11 15:11:01.298 11978 11978 F DEBUG   :       #13 pc 00000000002c2100  /apex/com.android.art/lib64/libart.so (art_quick_generic_jni_trampoline+144) (BuildId: 7087b2f2160bfbf3335d54ba9779e325)
06-11 15:11:01.298 11978 11978 F DEBUG   :       #14 pc 00000000006692dc  /apex/com.android.art/lib64/libart.so (nterp_helper+3852) (BuildId: 7087b2f2160bfbf3335d54ba9779e325)
06-11 15:11:01.298 11978 11978 F DEBUG   :       #15 pc 000000000021fb14  /data/app/~~CR3iGDOEWqTtRxjYIoQSsQ==/com.vibekey.keyboard-dOUjrQhRox47TkxgIYQQqw==/oat/arm64/base.vdex (com.android.inputmethod.latin.BinaryDictionary.q+572)
06-11 15:11:01.298 11978 11978 F DEBUG   :       #16 pc 0000000000669a28  /apex/com.android.art/lib64/libart.so (nterp_helper+5720) (BuildId: 7087b2f2160bfbf3335d54ba9779e325)
06-11 15:11:01.298 11978 11978 F DEBUG   :       #17 pc 000000000021f892  /data/app/~~CR3iGDOEWqTtRxjYIoQSsQ==/com.vibekey.keyboard-dOUjrQhRox47TkxgIYQQqw==/oat/arm64/base.vdex (com.android.inputmethod.latin.BinaryDictionary.d+2)
06-11 15:11:01.298 11978 11978 F DEBUG   :       #18 pc 0000000000669a28  /apex/com.android.art/lib64/libart.so (nterp_helper+5720) (BuildId: 7087b2f2160bfbf3335d54ba9779e325)
06-11 15:11:01.298 11978 11978 F DEBUG   :       #19 pc 0000000000ad992a  /data/app/~~CR3iGDOEWqTtRxjYIoQSsQ==/com.vibekey.keyboard-dOUjrQhRox47TkxgIYQQqw==/oat/arm64/base.vdex (v7.k.d+50)
06-11 15:11:01.298 11978 11978 F DEBUG   :       #20 pc 0000000000669a28  /apex/com.android.art/lib64/libart.so (nterp_helper+5720) (BuildId: 7087b2f2160bfbf3335d54ba9779e325)
06-11 15:11:01.298 11978 11978 F DEBUG   :       #21 pc 0000000000ad8a22  /data/app/~~CR3iGDOEWqTtRxjYIoQSsQ==/com.vibekey.keyboard-dOUjrQhRox47TkxgIYQQqw==/oat/arm64/base.vdex (v7.e.d+70)
06-11 15:11:01.298 11978 11978 F DEBUG   :       #22 pc 0000000000669a28  /apex/com.android.art/lib64/libart.so (nterp_helper+5720) (BuildId: 7087b2f2160bfbf3335d54ba9779e325)
06-11 15:11:01.298 11978 11978 F DEBUG   :       #23 pc 000000000059019e  /data/app/~~CR3iGDOEWqTtRxjYIoQSsQ==/com.vibekey.keyboard-dOUjrQhRox47TkxgIYQQqw==/oat/arm64/base.vdex (p7.o.i+334)
06-11 15:11:01.298 11978 11978 F DEBUG   :       #24 pc 0000000000669a28  /apex/com.android.art/lib64/libart.so (nterp_helper+5720) (BuildId: 7087b2f2160bfbf3335d54ba9779e325)
06-11 15:11:01.298 11978 11978 F DEBUG   :       #25 pc 000000000058faf8  /data/app/~~CR3iGDOEWqTtRxjYIoQSsQ==/com.vibekey.keyboard-dOUjrQhRox47TkxgIYQQqw==/oat/arm64/base.vdex (p7.o.h+252)
06-11 15:11:01.298 11978 11978 F DEBUG   :       #26 pc 0000000000669a28  /apex/com.android.art/lib64/libart.so (nterp_helper+5720) (BuildId: 7087b2f2160bfbf3335d54ba9779e325)
06-11 15:11:01.298 11978 11978 F DEBUG   :       #27 pc 000000000058f9b4  /data/app/~~CR3iGDOEWqTtRxjYIoQSsQ==/com.vibekey.keyboard-dOUjrQhRox47TkxgIYQQqw==/oat/arm64/base.vdex (p7.o.g+112)
06-11 15:11:01.298 11978 11978 F DEBUG   :       #28 pc 0000000000669a28  /apex/com.android.art/lib64/libart.so (nterp_helper+5720) (BuildId: 7087b2f2160bfbf3335d54ba9779e325)
06-11 15:11:01.298 11978 11978 F DEBUG   :       #29 pc 0000000000598126  /data/app/~~CR3iGDOEWqTtRxjYIoQSsQ==/com.vibekey.keyboard-dOUjrQhRox47TkxgIYQQqw==/oat/arm64/base.vdex (p7.i1.c+266)
06-11 15:11:01.298 11978 11978 F DEBUG   :       #30 pc 0000000000669a28  /apex/com.android.art/lib64/libart.so (nterp_helper+5720) (BuildId: 7087b2f2160bfbf3335d54ba9779e325)
06-11 15:11:01.298 11978 11978 F DEBUG   :       #31 pc 0000000000597fa4  /data/app/~~CR3iGDOEWqTtRxjYIoQSsQ==/com.vibekey.keyboard-dOUjrQhRox47TkxgIYQQqw==/oat/arm64/base.vdex (p7.i1.b+2656)
06-11 15:11:01.298 11978 11978 F DEBUG   :       #32 pc 0000000000669a28  /apex/com.android.art/lib64/libart.so (nterp_helper+5720) (BuildId: 7087b2f2160bfbf3335d54ba9779e325)
06-11 15:11:01.298 11978 11978 F DEBUG   :       #33 pc 0000000000ae0a6a  /data/app/~~CR3iGDOEWqTtRxjYIoQSsQ==/com.vibekey.keyboard-dOUjrQhRox47TkxgIYQQqw==/oat/arm64/base.vdex (x7.b.m+1458)
06-11 15:11:01.298 11978 11978 F DEBUG   :       #34 pc 0000000000669324  /apex/com.android.art/lib64/libart.so (nterp_helper+3924) (BuildId: 7087b2f2160bfbf3335d54ba9779e325)
06-11 15:11:01.298 11978 11978 F DEBUG   :       #35 pc 000000000019aee6  /data/app/~~CR3iGDOEWqTtRxjYIoQSsQ==/com.vibekey.keyboard-dOUjrQhRox47TkxgIYQQqw==/oat/arm64/base.vdex (a5.a.run+102)
06-11 15:11:01.298 11978 11978 F DEBUG   :       #36 pc 000000000066a144  /apex/com.android.art/lib64/libart.so (nterp_helper+7540) (BuildId: 7087b2f2160bfbf3335d54ba9779e325)
06-11 15:11:01.298 11978 11978 F DEBUG   :       #37 pc 0000000000add9be  /data/app/~~CR3iGDOEWqTtRxjYIoQSsQ==/com.vibekey.keyboard-dOUjrQhRox47TkxgIYQQqw==/oat/arm64/base.vdex (x7.d.handleMessage+18)
06-11 15:11:01.298 11978 11978 F DEBUG   :       #38 pc 000000000205b2d4  /memfd:jit-zygote-cache (deleted)
06-11 15:11:04.153 11996 11996 E OplusCustomizeRestrictionManager: sInstance is null, start a new sInstance
06-11 15:11:05.888 11996 12030 F libc    : Fatal signal 7 (SIGBUS), code 2 (BUS_ADRERR), fault addr 0x76665f22b3 in tid 12030 (d), pid 11996 (AndroidUI)
06-11 15:11:07.075 12239 12239 F DEBUG   : Process name is com.vibekey.keyboard, not key_process
06-11 15:11:07.075 12239 12239 F DEBUG   : keyProcess: 0
06-11 15:11:07.075 12239 12239 F DEBUG   : *** *** *** *** *** *** *** *** *** *** *** *** *** *** *** ***
06-11 15:11:07.075 12239 12239 F DEBUG   : Build fingerprint: 'OnePlus/OnePlus7Pro/OnePlus7Pro:12/SKQ1.211113.001/P.202303230244:user/release-keys'
06-11 15:11:07.075 12239 12239 F DEBUG   : Revision: '0'
06-11 15:11:07.075 12239 12239 F DEBUG   : ABI: 'arm64'
06-11 15:11:07.075 12239 12239 F DEBUG   : Timestamp: 2026-06-11 15:11:06.115559882-0400
06-11 15:11:07.075 12239 12239 F DEBUG   : Process uptime: 0s
06-11 15:11:07.075 12239 12239 F DEBUG   : Cmdline: com.vibekey.keyboard
06-11 15:11:07.075 12239 12239 F DEBUG   : pid: 11996, tid: 12030, name: d  >>> com.vibekey.keyboard <<<
06-11 15:11:07.075 12239 12239 F DEBUG   : uid: 14047
06-11 15:11:07.075 12239 12239 F DEBUG   : signal 7 (SIGBUS), code 2 (BUS_ADRERR), fault addr 0x76665f22b3
06-11 15:11:07.075 12239 12239 F DEBUG   :     x0  0000000000000000  x1  0000000000002efe  x2  0000000000000007  x3  000000768a7feda0
06-11 15:11:07.075 12239 12239 F DEBUG   :     x4  000000768a7fe6a8  x5  000000768a7fe6a8  x6  000000768a7fe6a8  x7  0000000000000000
06-11 15:11:07.075 12239 12239 F DEBUG   :     x8  00000000000000f0  x9  db746b027190efc7  x10 0000000000004001  x11 0000000000000000
06-11 15:11:07.075 12239 12239 F DEBUG   :     x12 00000000ffffffff  x13 0000000000000000  x14 b4000074d77c5348  x15 00000000358637bd
06-11 15:11:07.075 12239 12239 F DEBUG   :     x16 000000757caad3a8  x17 00000076790b8f10  x18 0000007560964000  x19 0000000000000007
06-11 15:11:07.075 12239 12239 F DEBUG   :     x20 000000768a7feda0  x21 0000000000002edc  x22 000000768a7fed00  x23 0000000000000001
06-11 15:11:07.075 12239 12239 F DEBUG   :     x24 b4000074d78e4700  x25 b4000075cb8c6690  x26 0000000000075080  x27 b4000074d78e09c0
06-11 15:11:07.075 12239 12239 F DEBUG   :     x28 0000000000000000  x29 000000768a7fed20
06-11 15:11:07.075 12239 12239 F DEBUG   :     lr  0000007576cbabc8  sp  000000768a7fed00  pc  00000076790b8f34  pst 0000000000000000
06-11 15:11:07.076 12239 12239 F DEBUG   : backtrace:
06-11 15:11:07.076 12239 12239 F DEBUG   :       #00 pc 0000000000075f34  /apex/com.android.runtime/lib64/bionic/libc.so (syscall+36) (BuildId: bbbdeb7c87c74f1491f92c6e605095b0)
06-11 15:11:07.076 12239 12239 F DEBUG   :       #01 pc 00000000040a9bc4  /data/app/~~-XGWjzmdoRrM1YaZYK883A==/com.google.android.webview-HvpxCmuUIjPsZ4yTEw8s4w==/base.apk!libwebviewchromium.so (BuildId: f447b77da2d76e8d4d133b66c727c3ae532b54bf)
06-11 15:11:07.076 12239 12239 F DEBUG   :       #02 pc 00000000040a03c4  /data/app/~~-XGWjzmdoRrM1YaZYK883A==/com.google.android.webview-HvpxCmuUIjPsZ4yTEw8s4w==/base.apk!libwebviewchromium.so (BuildId: f447b77da2d76e8d4d133b66c727c3ae532b54bf)
06-11 15:11:07.076 12239 12239 F DEBUG   :       #03 pc 0000000000000638  [vdso] (__kernel_rt_sigreturn+0)
06-11 15:11:07.076 12239 12239 F DEBUG   :       #04 pc 00000000000b62f4  /data/app/~~CR3iGDOEWqTtRxjYIoQSsQ==/com.vibekey.keyboard-dOUjrQhRox47TkxgIYQQqw==/lib/arm64/libjni_latinime.so (latinime::PatriciaTrieReadingUtils::getPtNodeArraySizeAndAdvancePosition(unsigned char const*, int, int*)+44) (BuildId: f905dbd1a904967a994cf833116e517b05caa863)
06-11 15:11:07.076 12239 12239 F DEBUG   :       #05 pc 00000000000b6c2c  /data/app/~~CR3iGDOEWqTtRxjYIoQSsQ==/com.vibekey.keyboard-dOUjrQhRox47TkxgIYQQqw==/lib/arm64/libjni_latinime.so (latinime::PatriciaTriePolicy::createAndGetAllChildDicNodes(latinime::DicNode const*, latinime::DicNodeVector*) const+112) (BuildId: f905dbd1a904967a994cf833116e517b05caa863)
06-11 15:11:07.076 12239 12239 F DEBUG   :       #06 pc 00000000000d598c  /data/app/~~CR3iGDOEWqTtRxjYIoQSsQ==/com.vibekey.keyboard-dOUjrQhRox47TkxgIYQQqw==/lib/arm64/libjni_latinime.so (latinime::Suggest::processDicNodeAsOmission(latinime::DicTraverseSession*, latinime::DicNode*) const+84) (BuildId: f905dbd1a904967a994cf833116e517b05caa863)
06-11 15:11:07.076 12239 12239 F DEBUG   :       #07 pc 00000000000d4a88  /data/app/~~CR3iGDOEWqTtRxjYIoQSsQ==/com.vibekey.keyboard-dOUjrQhRox47TkxgIYQQqw==/lib/arm64/libjni_latinime.so (latinime::Suggest::expandCurrentDicNodes(latinime::DicTraverseSession*) const+1732) (BuildId: f905dbd1a904967a994cf833116e517b05caa863)
06-11 15:11:07.076 12239 12239 F DEBUG   :       #08 pc 00000000000d3c0c  /data/app/~~CR3iGDOEWqTtRxjYIoQSsQ==/com.vibekey.keyboard-dOUjrQhRox47TkxgIYQQqw==/lib/arm64/libjni_latinime.so (latinime::Suggest::getSuggestions(latinime::ProximityInfo*, void*, int*, int*, int*, int*, int*, int, float, latinime::SuggestionResults*) const+504) (BuildId: f905dbd1a904967a994cf833116e517b05caa863)
06-11 15:11:07.076 12239 12239 F DEBUG   :       #09 pc 000000000009fd88  /data/app/~~CR3iGDOEWqTtRxjYIoQSsQ==/com.vibekey.keyboard-dOUjrQhRox47TkxgIYQQqw==/lib/arm64/libjni_latinime.so (BuildId: f905dbd1a904967a994cf833116e517b05caa863)
06-11 15:11:07.076 12239 12239 F DEBUG   :       #10 pc 00000000002c2100  /apex/com.android.art/lib64/libart.so (art_quick_generic_jni_trampoline+144) (BuildId: 7087b2f2160bfbf3335d54ba9779e325)
06-11 15:11:07.076 12239 12239 F DEBUG   :       #11 pc 00000000006692dc  /apex/com.android.art/lib64/libart.so (nterp_helper+3852) (BuildId: 7087b2f2160bfbf3335d54ba9779e325)
06-11 15:11:07.076 12239 12239 F DEBUG   :       #12 pc 000000000021fb14  /data/app/~~CR3iGDOEWqTtRxjYIoQSsQ==/com.vibekey.keyboard-dOUjrQhRox47TkxgIYQQqw==/oat/arm64/base.vdex (com.android.inputmethod.latin.BinaryDictionary.q+572)
06-11 15:11:07.076 12239 12239 F DEBUG   :       #13 pc 0000000000669a28  /apex/com.android.art/lib64/libart.so (nterp_helper+5720) (BuildId: 7087b2f2160bfbf3335d54ba9779e325)
06-11 15:11:07.076 12239 12239 F DEBUG   :       #14 pc 000000000021f892  /data/app/~~CR3iGDOEWqTtRxjYIoQSsQ==/com.vibekey.keyboard-dOUjrQhRox47TkxgIYQQqw==/oat/arm64/base.vdex (com.android.inputmethod.latin.BinaryDictionary.d+2)
06-11 15:11:07.076 12239 12239 F DEBUG   :       #15 pc 0000000000669a28  /apex/com.android.art/lib64/libart.so (nterp_helper+5720) (BuildId: 7087b2f2160bfbf3335d54ba9779e325)
06-11 15:11:07.076 12239 12239 F DEBUG   :       #16 pc 0000000000ad992a  /data/app/~~CR3iGDOEWqTtRxjYIoQSsQ==/com.vibekey.keyboard-dOUjrQhRox47TkxgIYQQqw==/oat/arm64/base.vdex (v7.k.d+50)
06-11 15:11:07.076 12239 12239 F DEBUG   :       #17 pc 0000000000669a28  /apex/com.android.art/lib64/libart.so (nterp_helper+5720) (BuildId: 7087b2f2160bfbf3335d54ba9779e325)
06-11 15:11:07.076 12239 12239 F DEBUG   :       #18 pc 0000000000ad8a22  /data/app/~~CR3iGDOEWqTtRxjYIoQSsQ==/com.vibekey.keyboard-dOUjrQhRox47TkxgIYQQqw==/oat/arm64/base.vdex (v7.e.d+70)
06-11 15:11:07.076 12239 12239 F DEBUG   :       #19 pc 0000000000669a28  /apex/com.android.art/lib64/libart.so (nterp_helper+5720) (BuildId: 7087b2f2160bfbf3335d54ba9779e325)
06-11 15:11:07.076 12239 12239 F DEBUG   :       #20 pc 000000000059019e  /data/app/~~CR3iGDOEWqTtRxjYIoQSsQ==/com.vibekey.keyboard-dOUjrQhRox47TkxgIYQQqw==/oat/arm64/base.vdex (p7.o.i+334)
06-11 15:11:07.076 12239 12239 F DEBUG   :       #21 pc 0000000000669a28  /apex/com.android.art/lib64/libart.so (nterp_helper+5720) (BuildId: 7087b2f2160bfbf3335d54ba9779e325)
06-11 15:11:07.076 12239 12239 F DEBUG   :       #22 pc 000000000058faf8  /data/app/~~CR3iGDOEWqTtRxjYIoQSsQ==/com.vibekey.keyboard-dOUjrQhRox47TkxgIYQQqw==/oat/arm64/base.vdex (p7.o.h+252)
06-11 15:11:07.076 12239 12239 F DEBUG   :       #23 pc 0000000000669a28  /apex/com.android.art/lib64/libart.so (nterp_helper+5720) (BuildId: 7087b2f2160bfbf3335d54ba9779e325)
06-11 15:11:07.076 12239 12239 F DEBUG   :       #24 pc 000000000058f9b4  /data/app/~~CR3iGDOEWqTtRxjYIoQSsQ==/com.vibekey.keyboard-dOUjrQhRox47TkxgIYQQqw==/oat/arm64/base.vdex (p7.o.g+112)
06-11 15:11:07.076 12239 12239 F DEBUG   :       #25 pc 0000000000669a28  /apex/com.android.art/lib64/libart.so (nterp_helper+5720) (BuildId: 7087b2f2160bfbf3335d54ba9779e325)
06-11 15:11:07.076 12239 12239 F DEBUG   :       #26 pc 0000000000598126  /data/app/~~CR3iGDOEWqTtRxjYIoQSsQ==/com.vibekey.keyboard-dOUjrQhRox47TkxgIYQQqw==/oat/arm64/base.vdex (p7.i1.c+266)
06-11 15:11:07.076 12239 12239 F DEBUG   :       #27 pc 0000000000669a28  /apex/com.android.art/lib64/libart.so (nterp_helper+5720) (BuildId: 7087b2f2160bfbf3335d54ba9779e325)
06-11 15:11:07.076 12239 12239 F DEBUG   :       #28 pc 0000000000597fa4  /data/app/~~CR3iGDOEWqTtRxjYIoQSsQ==/com.vibekey.keyboard-dOUjrQhRox47TkxgIYQQqw==/oat/arm64/base.vdex (p7.i1.b+2656)
06-11 15:11:07.076 12239 12239 F DEBUG   :       #29 pc 0000000000669a28  /apex/com.android.art/lib64/libart.so (nterp_helper+5720) (BuildId: 7087b2f2160bfbf3335d54ba9779e325)
06-11 15:11:07.076 12239 12239 F DEBUG   :       #30 pc 0000000000ae0a6a  /data/app/~~CR3iGDOEWqTtRxjYIoQSsQ==/com.vibekey.keyboard-dOUjrQhRox47TkxgIYQQqw==/oat/arm64/base.vdex (x7.b.m+1458)
06-11 15:11:07.076 12239 12239 F DEBUG   :       #31 pc 0000000000669324  /apex/com.android.art/lib64/libart.so (nterp_helper+3924) (BuildId: 7087b2f2160bfbf3335d54ba9779e325)
06-11 15:11:07.076 12239 12239 F DEBUG   :       #32 pc 000000000019aee6  /data/app/~~CR3iGDOEWqTtRxjYIoQSsQ==/com.vibekey.keyboard-dOUjrQhRox47TkxgIYQQqw==/oat/arm64/base.vdex (a5.a.run+102)
06-11 15:11:07.076 12239 12239 F DEBUG   :       #33 pc 000000000066a144  /apex/com.android.art/lib64/libart.so (nterp_helper+7540) (BuildId: 7087b2f2160bfbf3335d54ba9779e325)
06-11 15:11:07.076 12239 12239 F DEBUG   :       #34 pc 0000000000add9be  /data/app/~~CR3iGDOEWqTtRxjYIoQSsQ==/com.vibekey.keyboard-dOUjrQhRox47TkxgIYQQqw==/oat/arm64/base.vdex (x7.d.handleMessage+18)
06-11 15:11:07.076 12239 12239 F DEBUG   :       #35 pc 000000000205b2d4  /memfd:jit-zygote-cache (deleted)
06-11 15:11:08.907 12257 12257 E OplusCustomizeRestrictionManager: sInstance is null, start a new sInstance
06-11 15:11:10.890 12257 12293 F libc    : Fatal signal 7 (SIGBUS), code 2 (BUS_ADRERR), fault addr 0x76665dd00e in tid 12293 (d), pid 12257 (AndroidUI)
06-11 15:11:12.025 12505 12505 F DEBUG   : Process name is com.vibekey.keyboard, not key_process
06-11 15:11:12.025 12505 12505 F DEBUG   : keyProcess: 0
06-11 15:11:12.025 12505 12505 F DEBUG   : *** *** *** *** *** *** *** *** *** *** *** *** *** *** *** ***
06-11 15:11:12.025 12505 12505 F DEBUG   : Build fingerprint: 'OnePlus/OnePlus7Pro/OnePlus7Pro:12/SKQ1.211113.001/P.202303230244:user/release-keys'
06-11 15:11:12.025 12505 12505 F DEBUG   : Revision: '0'
06-11 15:11:12.025 12505 12505 F DEBUG   : ABI: 'arm64'
06-11 15:11:12.025 12505 12505 F DEBUG   : Timestamp: 2026-06-11 15:11:11.131511964-0400
06-11 15:11:12.025 12505 12505 F DEBUG   : Process uptime: 0s
06-11 15:11:12.025 12505 12505 F DEBUG   : Cmdline: com.vibekey.keyboard
06-11 15:11:12.025 12505 12505 F DEBUG   : pid: 12257, tid: 12293, name: d  >>> com.vibekey.keyboard <<<
06-11 15:11:12.025 12505 12505 F DEBUG   : uid: 14047
06-11 15:11:12.025 12505 12505 F DEBUG   : signal 7 (SIGBUS), code 2 (BUS_ADRERR), fault addr 0x76665dd00e
06-11 15:11:12.025 12505 12505 F DEBUG   :     x0  0000000000000000  x1  0000000000003005  x2  0000000000000007  x3  000000768a7feda0
06-11 15:11:12.025 12505 12505 F DEBUG   :     x4  000000768a7fe6a8  x5  000000768a7fe6a8  x6  000000768a7fe6a8  x7  0000000000000000
06-11 15:11:12.025 12505 12505 F DEBUG   :     x8  00000000000000f0  x9  db746b027190efc7  x10 0000000000004001  x11 0000000000000000
06-11 15:11:12.025 12505 12505 F DEBUG   :     x12 00000000ffffffff  x13 0000000000000000  x14 000000000000001f  x15 00000076665dcfc6
06-11 15:11:12.025 12505 12505 F DEBUG   :     x16 000000757caad3a8  x17 00000076790b8f10  x18 000000755fc36000  x19 0000000000000007
06-11 15:11:12.025 12505 12505 F DEBUG   :     x20 000000768a7feda0  x21 0000000000002fe1  x22 000000768a7fed00  x23 0000000000000001
06-11 15:11:12.025 12505 12505 F DEBUG   :     x24 00000075ccc558d8  x25 00000075ccc559f0  x26 00000075ccc55a24  x27 0000000000000001
06-11 15:11:12.025 12505 12505 F DEBUG   :     x28 00000075ccc55fd8  x29 000000768a7fed20
06-11 15:11:12.025 12505 12505 F DEBUG   :     lr  0000007576cbabc8  sp  000000768a7fed00  pc  00000076790b8f34  pst 0000000000000000
06-11 15:11:12.025 12505 12505 F DEBUG   : backtrace:
06-11 15:11:12.025 12505 12505 F DEBUG   :       #00 pc 0000000000075f34  /apex/com.android.runtime/lib64/bionic/libc.so (syscall+36) (BuildId: bbbdeb7c87c74f1491f92c6e605095b0)
06-11 15:11:12.025 12505 12505 F DEBUG   :       #01 pc 00000000040a9bc4  /data/app/~~-XGWjzmdoRrM1YaZYK883A==/com.google.android.webview-HvpxCmuUIjPsZ4yTEw8s4w==/base.apk!libwebviewchromium.so (BuildId: f447b77da2d76e8d4d133b66c727c3ae532b54bf)
06-11 15:11:12.025 12505 12505 F DEBUG   :       #02 pc 00000000040a03c4  /data/app/~~-XGWjzmdoRrM1YaZYK883A==/com.google.android.webview-HvpxCmuUIjPsZ4yTEw8s4w==/base.apk!libwebviewchromium.so (BuildId: f447b77da2d76e8d4d133b66c727c3ae532b54bf)
06-11 15:11:12.025 12505 12505 F DEBUG   :       #03 pc 0000000000000638  [vdso] (__kernel_rt_sigreturn+0)
06-11 15:11:12.025 12505 12505 F DEBUG   :       #04 pc 00000000000b67ac  /data/app/~~CR3iGDOEWqTtRxjYIoQSsQ==/com.vibekey.keyboard-dOUjrQhRox47TkxgIYQQqw==/lib/arm64/libjni_latinime.so (latinime::PatriciaTrieReadingUtils::readPtNodeInfo(unsigned char const*, int, int, latinime::DictionaryShortcutsStructurePolicy const*, latinime::DictionaryBigramsStructurePolicy const*, int const*, unsigned char*, int*, int*, int*, int*, int*, int*, int*)+120) (BuildId: f905dbd1a904967a994cf833116e517b05caa863)
06-11 15:11:12.025 12505 12505 F DEBUG   :       #05 pc 00000000000b8980  /data/app/~~CR3iGDOEWqTtRxjYIoQSsQ==/com.vibekey.keyboard-dOUjrQhRox47TkxgIYQQqw==/lib/arm64/libjni_latinime.so (latinime::Ver2ParticiaTrieNodeReader::fetchPtNodeParamsInBufferFromPtNodePos(int) const+140) (BuildId: f905dbd1a904967a994cf833116e517b05caa863)
06-11 15:11:12.025 12505 12505 F DEBUG   :       #06 pc 00000000000b4b74  /data/app/~~CR3iGDOEWqTtRxjYIoQSsQ==/com.vibekey.keyboard-dOUjrQhRox47TkxgIYQQqw==/lib/arm64/libjni_latinime.so (latinime::DynamicPtReadingHelper::getTerminalPtNodePositionOfWord(int const*, unsigned long, bool)+232) (BuildId: f905dbd1a904967a994cf833116e517b05caa863)
06-11 15:11:12.025 12505 12505 F DEBUG   :       #07 pc 00000000000b7324  /data/app/~~CR3iGDOEWqTtRxjYIoQSsQ==/com.vibekey.keyboard-dOUjrQhRox47TkxgIYQQqw==/lib/arm64/libjni_latinime.so (latinime::PatriciaTriePolicy::getWordId(latinime::IntArrayView, bool) const+184) (BuildId: f905dbd1a904967a994cf833116e517b05caa863)
06-11 15:11:12.025 12505 12505 F DEBUG   :       #08 pc 00000000000a7d54  /data/app/~~CR3iGDOEWqTtRxjYIoQSsQ==/com.vibekey.keyboard-dOUjrQhRox47TkxgIYQQqw==/lib/arm64/libjni_latinime.so (latinime::NgramContext::getWordId(latinime::DictionaryStructureWithBufferPolicy const*, int const*, int, bool, bool)+232) (BuildId: f905dbd1a904967a994cf833116e517b05caa863)
06-11 15:11:12.025 12505 12505 F DEBUG   :       #09 pc 00000000000d337c  /data/app/~~CR3iGDOEWqTtRxjYIoQSsQ==/com.vibekey.keyboard-dOUjrQhRox47TkxgIYQQqw==/lib/arm64/libjni_latinime.so (latinime::DicTraverseSession::init(latinime::Dictionary const*, latinime::NgramContext const*, latinime::SuggestOptions const*)+124) (BuildId: f905dbd1a904967a994cf833116e517b05caa863)
06-11 15:11:12.025 12505 12505 F DEBUG   :       #10 pc 00000000000c8bd0  /data/app/~~CR3iGDOEWqTtRxjYIoQSsQ==/com.vibekey.keyboard-dOUjrQhRox47TkxgIYQQqw==/lib/arm64/libjni_latinime.so (latinime::Dictionary::getSuggestions(latinime::ProximityInfo*, latinime::DicTraverseSession*, int*, int*, int*, int*, int*, int, latinime::NgramContext const*, latinime::SuggestOptions const*, float, latinime::SuggestionResults*) const+104) (BuildId: f905dbd1a904967a994cf833116e517b05caa863)
06-11 15:11:12.025 12505 12505 F DEBUG   :       #11 pc 000000000009fd88  /data/app/~~CR3iGDOEWqTtRxjYIoQSsQ==/com.vibekey.keyboard-dOUjrQhRox47TkxgIYQQqw==/lib/arm64/libjni_latinime.so (BuildId: f905dbd1a904967a994cf833116e517b05caa863)
06-11 15:11:12.025 12505 12505 F DEBUG   :       #12 pc 00000000002c2100  /apex/com.android.art/lib64/libart.so (art_quick_generic_jni_trampoline+144) (BuildId: 7087b2f2160bfbf3335d54ba9779e325)
06-11 15:11:12.025 12505 12505 F DEBUG   :       #13 pc 00000000006692dc  /apex/com.android.art/lib64/libart.so (nterp_helper+3852) (BuildId: 7087b2f2160bfbf3335d54ba9779e325)
06-11 15:11:12.025 12505 12505 F DEBUG   :       #14 pc 000000000021fb14  /data/app/~~CR3iGDOEWqTtRxjYIoQSsQ==/com.vibekey.keyboard-dOUjrQhRox47TkxgIYQQqw==/oat/arm64/base.vdex (com.android.inputmethod.latin.BinaryDictionary.q+572)
06-11 15:11:12.025 12505 12505 F DEBUG   :       #15 pc 0000000000669a28  /apex/com.android.art/lib64/libart.so (nterp_helper+5720) (BuildId: 7087b2f2160bfbf3335d54ba9779e325)
06-11 15:11:12.025 12505 12505 F DEBUG   :       #16 pc 000000000021f892  /data/app/~~CR3iGDOEWqTtRxjYIoQSsQ==/com.vibekey.keyboard-dOUjrQhRox47TkxgIYQQqw==/oat/arm64/base.vdex (com.android.inputmethod.latin.BinaryDictionary.d+2)
06-11 15:11:12.025 12505 12505 F DEBUG   :       #17 pc 0000000000669a28  /apex/com.android.art/lib64/libart.so (nterp_helper+5720) (BuildId: 7087b2f2160bfbf3335d54ba9779e325)
06-11 15:11:12.025 12505 12505 F DEBUG   :       #18 pc 0000000000ad992a  /data/app/~~CR3iGDOEWqTtRxjYIoQSsQ==/com.vibekey.keyboard-dOUjrQhRox47TkxgIYQQqw==/oat/arm64/base.vdex (v7.k.d+50)
06-11 15:11:12.025 12505 12505 F DEBUG   :       #19 pc 0000000000669a28  /apex/com.android.art/lib64/libart.so (nterp_helper+5720) (BuildId: 7087b2f2160bfbf3335d54ba9779e325)
06-11 15:11:12.025 12505 12505 F DEBUG   :       #20 pc 0000000000ad8a22  /data/app/~~CR3iGDOEWqTtRxjYIoQSsQ==/com.vibekey.keyboard-dOUjrQhRox47TkxgIYQQqw==/oat/arm64/base.vdex (v7.e.d+70)
06-11 15:11:12.025 12505 12505 F DEBUG   :       #21 pc 0000000000669a28  /apex/com.android.art/lib64/libart.so (nterp_helper+5720) (BuildId: 7087b2f2160bfbf3335d54ba9779e325)
06-11 15:11:12.025 12505 12505 F DEBUG   :       #22 pc 000000000059019e  /data/app/~~CR3iGDOEWqTtRxjYIoQSsQ==/com.vibekey.keyboard-dOUjrQhRox47TkxgIYQQqw==/oat/arm64/base.vdex (p7.o.i+334)
06-11 15:11:12.025 12505 12505 F DEBUG   :       #23 pc 0000000000669a28  /apex/com.android.art/lib64/libart.so (nterp_helper+5720) (BuildId: 7087b2f2160bfbf3335d54ba9779e325)
06-11 15:11:12.025 12505 12505 F DEBUG   :       #24 pc 000000000058faf8  /data/app/~~CR3iGDOEWqTtRxjYIoQSsQ==/com.vibekey.keyboard-dOUjrQhRox47TkxgIYQQqw==/oat/arm64/base.vdex (p7.o.h+252)
06-11 15:11:12.025 12505 12505 F DEBUG   :       #25 pc 0000000000669a28  /apex/com.android.art/lib64/libart.so (nterp_helper+5720) (BuildId: 7087b2f2160bfbf3335d54ba9779e325)
06-11 15:11:12.025 12505 12505 F DEBUG   :       #26 pc 000000000058f9b4  /data/app/~~CR3iGDOEWqTtRxjYIoQSsQ==/com.vibekey.keyboard-dOUjrQhRox47TkxgIYQQqw==/oat/arm64/base.vdex (p7.o.g+112)
06-11 15:11:12.025 12505 12505 F DEBUG   :       #27 pc 0000000000669a28  /apex/com.android.art/lib64/libart.so (nterp_helper+5720) (BuildId: 7087b2f2160bfbf3335d54ba9779e325)
06-11 15:11:12.025 12505 12505 F DEBUG   :       #28 pc 0000000000598126  /data/app/~~CR3iGDOEWqTtRxjYIoQSsQ==/com.vibekey.keyboard-dOUjrQhRox47TkxgIYQQqw==/oat/arm64/base.vdex (p7.i1.c+266)
06-11 15:11:12.025 12505 12505 F DEBUG   :       #29 pc 0000000000669a28  /apex/com.android.art/lib64/libart.so (nterp_helper+5720) (BuildId: 7087b2f2160bfbf3335d54ba9779e325)
06-11 15:11:12.025 12505 12505 F DEBUG   :       #30 pc 0000000000597fa4  /data/app/~~CR3iGDOEWqTtRxjYIoQSsQ==/com.vibekey.keyboard-dOUjrQhRox47TkxgIYQQqw==/oat/arm64/base.vdex (p7.i1.b+2656)
06-11 15:11:12.025 12505 12505 F DEBUG   :       #31 pc 0000000000669a28  /apex/com.android.art/lib64/libart.so (nterp_helper+5720) (BuildId: 7087b2f2160bfbf3335d54ba9779e325)
06-11 15:11:12.025 12505 12505 F DEBUG   :       #32 pc 0000000000ae0a6a  /data/app/~~CR3iGDOEWqTtRxjYIoQSsQ==/com.vibekey.keyboard-dOUjrQhRox47TkxgIYQQqw==/oat/arm64/base.vdex (x7.b.m+1458)
06-11 15:11:12.025 12505 12505 F DEBUG   :       #33 pc 0000000000669324  /apex/com.android.art/lib64/libart.so (nterp_helper+3924) (BuildId: 7087b2f2160bfbf3335d54ba9779e325)
06-11 15:11:12.025 12505 12505 F DEBUG   :       #34 pc 000000000019aee6  /data/app/~~CR3iGDOEWqTtRxjYIoQSsQ==/com.vibekey.keyboard-dOUjrQhRox47TkxgIYQQqw==/oat/arm64/base.vdex (a5.a.run+102)
06-11 15:11:12.025 12505 12505 F DEBUG   :       #35 pc 000000000066a144  /apex/com.android.art/lib64/libart.so (nterp_helper+7540) (BuildId: 7087b2f2160bfbf3335d54ba9779e325)
06-11 15:11:12.025 12505 12505 F DEBUG   :       #36 pc 0000000000add9be  /data/app/~~CR3iGDOEWqTtRxjYIoQSsQ==/com.vibekey.keyboard-dOUjrQhRox47TkxgIYQQqw==/oat/arm64/base.vdex (x7.d.handleMessage+18)
06-11 15:11:12.025 12505 12505 F DEBUG   :       #37 pc 000000000205b2d4  /memfd:jit-zygote-cache (deleted)
06-11 15:11:16.089 12518 12518 E OplusCustomizeRestrictionManager: sInstance is null, start a new sInstance
--------- beginning of main
06-11 15:11:56.324 13317 13444 W libc    : Access denied finding property "vendor.oplus.media.vpp.stutter"
06-11 15:11:56.331 13317 13451 W libc    : Access denied finding property "vendor.oplus.media.vpp.stutter"
06-11 15:11:56.341 13317 13387 W libc    : Access denied finding property "vendor.oplus.media.vpp.stutter"
06-11 15:11:56.341 13317 13387 E MULTIMEDIAConfig: [getInt32:L80] Not find config, Returning default
06-11 15:11:56.341 13317 13387 E MULTIMEDIAConfig: [getInt32:L80] Not find config, Returning default
06-11 15:11:56.341 13317 13387 E OplusACodec: [OplusACodec:204] mSrOsieMMListCheckResult:0x0 mOsieVersion:1
06-11 15:11:56.346 12518 12518 I VkAutocorrect: kept (typing): hoy
06-11 15:11:56.379 12518 12518 W com.vibekey.keyboard: type=1400 audit(0.0:374893): avc: denied { nlmsg_readpriv } for comm=536F636B657420546872656164 scontext=u:r:untrusted_app:s0:c207,c271,c512,c768 tcontext=u:r:untrusted_app:s0:c207,c271,c512,c768 tclass=netlink_route_socket permissive=0 bug=b/155595000 app=com.vibekey.keyboard
06-11 15:11:56.451 12518 12553 I VkSuggestions: strip prediction typedLen=0 candidates=3 autocorrect=false top=como locale=es
06-11 15:11:56.468 13317 13521 E OplusACodec: [GetVideoCodingTypeFromMime:L1162] mime:video/avc
06-11 15:11:56.725 13317 13448 W Codec2Client: query -- param skipped: index = 1342179345.
06-11 15:11:56.725 13317 13448 W Codec2Client: query -- param skipped: index = 2415921170.
06-11 15:11:56.725 13317 13448 W Codec2Client: query -- param skipped: index = 1610614798.
06-11 15:11:56.799 13317 13380 W libc    : Access denied finding property "vendor.oplus.media.vpp.stutter"
06-11 15:11:56.789 12518 12518 W com.vibekey.keyboard: type=1400 audit(0.0:374894): avc: denied { nlmsg_readpriv } for comm=536F636B657420546872656164 scontext=u:r:untrusted_app:s0:c207,c271,c512,c768 tcontext=u:r:untrusted_app:s0:c207,c271,c512,c768 tclass=netlink_route_socket permissive=0 bug=b/155595000 app=com.vibekey.keyboard
06-11 15:11:56.862 13317 13439 W Codec2Client: query -- param skipped: index = 1342179345.
06-11 15:11:56.862 13317 13439 W Codec2Client: query -- param skipped: index = 2415921170.
06-11 15:11:56.862 13317 13439 W Codec2Client: query -- param skipped: index = 1610614798.
06-11 15:11:56.870 13317 13480 W Codec2Client: query -- param skipped: index = 1342179345.
06-11 15:11:56.870 13317 13480 W Codec2Client: query -- param skipped: index = 2415921170.
06-11 15:11:56.870 13317 13480 W Codec2Client: query -- param skipped: index = 1610614798.
06-11 15:11:56.870 13317 13465 W Codec2Client: query -- param skipped: index = 1342179345.
06-11 15:11:56.870 13317 13465 W Codec2Client: query -- param skipped: index = 2415921170.
06-11 15:11:56.870 13317 13465 W Codec2Client: query -- param skipped: index = 1610614798.
06-11 15:11:57.001 13317 13389 W libc    : Access denied finding property "vendor.oplus.media.vpp.stutter"
06-11 15:11:57.221 13262 13279 W Isolated Web Content: [JavaScript Warning: "This page is in Almost Standards Mode. Page layout may be impacted. For Standards Mode use “<!DOCTYPE html>”." {file: "https://btloader.com/trustedIframe.html?o=5762268746743808&upapi=true" line: 0}]
06-11 15:11:57.221 13262 13279 W Isolated Web Content: [JavaScript Warning: "Missing resource in locale pt-BR: netwerk/necko.ftl"]
06-11 15:11:57.221 13262 13279 W Isolated Web Content: [JavaScript Warning: "Missing resource in locale pt-PT: netwerk/necko.ftl"]
06-11 15:11:57.267 13262 13279 W GeckoEditableChild: No editable parent
06-11 15:11:57.516 13598 13598 E y.keyboard:tab: Unknown bits set in runtime_flags: 0x40000000
06-11 15:11:57.573 13598 13617 E GeckoLibLoad: Load sqlite start
06-11 15:11:57.574 13598 13617 E GeckoLibLoad: Load sqlite done
06-11 15:11:57.574 13598 13617 E GeckoLibLoad: Load nss start
06-11 15:11:57.574 13598 13617 E GeckoLibLoad: Load nss done
06-11 15:11:57.589 13598 13617 E GeckoLibLoad: Loaded libs in 15.218906ms total, 12ms(11ms) user, 0ms(1ms) system, 0(0) faults
06-11 15:11:57.589 13598 13617 W GeckoThread: zerdatime 881960450 - runGecko
06-11 15:11:57.799 13317 13380 W libc    : Access denied finding property "vendor.oplus.media.vpp.stutter"
06-11 15:11:58.002 13317 13389 W libc    : Access denied finding property "vendor.oplus.media.vpp.stutter"
06-11 15:11:58.229 13670 13670 E .keyboard:tab3: Unknown bits set in runtime_flags: 0x40000000
06-11 15:11:58.357 13670 13686 E GeckoLibLoad: Load sqlite start
06-11 15:11:58.358 13670 13686 E GeckoLibLoad: Load sqlite done
06-11 15:11:58.358 13670 13686 E GeckoLibLoad: Load nss start
06-11 15:11:58.358 13670 13686 E GeckoLibLoad: Load nss done
06-11 15:11:58.367 13670 13686 E GeckoLibLoad: Loaded libs in 8.679218ms total, 2ms(8ms) user, 0ms(0ms) system, 0(0) faults
06-11 15:11:58.367 13670 13686 W GeckoThread: zerdatime 881961228 - runGecko
06-11 15:11:58.805 13317 13380 W libc    : Access denied finding property "vendor.oplus.media.vpp.stutter"
06-11 15:11:59.008 13317 13389 W libc    : Access denied finding property "vendor.oplus.media.vpp.stutter"
06-11 15:11:59.449 13317 13374 W Codec2Client: query -- param skipped: index = 1342179345.
06-11 15:11:59.449 13317 13374 W Codec2Client: query -- param skipped: index = 2415921170.
06-11 15:11:59.449 13317 13374 W Codec2Client: query -- param skipped: index = 1610614798.
06-11 15:11:59.452 13317 13385 W Codec2Client: query -- param skipped: index = 1342179345.
06-11 15:11:59.452 13317 13385 W Codec2Client: query -- param skipped: index = 2415921170.
06-11 15:11:59.452 13317 13385 W Codec2Client: query -- param skipped: index = 1610614798.
06-11 15:12:00.619 11120 12177 I OnDeviceAssist: warm ok model=qwen2.5-0.5b-instruct-q4_0.gguf ambient=0 chars 0ms
06-11 15:12:00.623 12518 12562 I OnDeviceAssist: ▶ assist_ipc task=grammar in=28 chars
06-11 15:12:00.634 11120 11138 I OnDeviceAssist: dispatch task=grammar in=28 chars engine=Ready
06-11 15:12:00.635 11120 11138 I OnDeviceAssist: ▶ runSync task=grammar in=28 chars locale=pt
06-11 15:12:00.635 11120 11138 I OnDeviceAssist: ○ local grammar skipped: SymSpell unavailable for pt
06-11 15:12:00.635 11120 11138 I OnDeviceAssist: → llm task=grammar model=qwen2.5-0.5b-instruct-q4_0.gguf temp=0.15 maxTok=48
06-11 15:12:01.126 13797 13797 E .keyboard:tab2: Unknown bits set in runtime_flags: 0x40000000
06-11 15:12:01.206 13797 13821 E GeckoLibLoad: Load sqlite start
06-11 15:12:01.208 13797 13821 E GeckoLibLoad: Load sqlite done
06-11 15:12:01.209 13797 13821 E GeckoLibLoad: Load nss start
06-11 15:12:01.209 13797 13821 E GeckoLibLoad: Load nss done
06-11 15:12:01.218 13797 13821 E GeckoLibLoad: Loaded libs in 8.988281ms total, 9ms(8ms) user, 0ms(0ms) system, 0(0) faults
06-11 15:12:01.218 13797 13821 W GeckoThread: zerdatime 881964079 - runGecko
06-11 15:12:03.251 12518 12518 E AndroidRuntime: FATAL EXCEPTION: main
06-11 15:12:03.251 12518 12518 E AndroidRuntime: Process: com.vibekey.keyboard, PID: 12518
06-11 15:12:03.251 12518 12518 E AndroidRuntime: java.lang.ExceptionInInitializerError
06-11 15:12:03.251 12518 12518 E AndroidRuntime: 	at a8.z0.run(r8-map-id-ededc71f90470c29242623cf8dfa03b9070ab5c515baef339abf8e6fa6461039:455)
06-11 15:12:03.251 12518 12518 E AndroidRuntime: 	at android.os.Handler.handleCallback(Handler.java:938)
06-11 15:12:03.251 12518 12518 E AndroidRuntime: 	at android.os.Handler.dispatchMessage(Handler.java:99)
06-11 15:12:03.251 12518 12518 E AndroidRuntime: 	at android.os.Looper.loopOnce(Looper.java:233)
06-11 15:12:03.251 12518 12518 E AndroidRuntime: 	at android.os.Looper.loop(Looper.java:344)
06-11 15:12:03.251 12518 12518 E AndroidRuntime: 	at android.app.ActivityThread.main(ActivityThread.java:8212)
06-11 15:12:03.251 12518 12518 E AndroidRuntime: 	at java.lang.reflect.Method.invoke(Native Method)
06-11 15:12:03.251 12518 12518 E AndroidRuntime: 	at com.android.internal.os.RuntimeInit$MethodAndArgsCaller.run(RuntimeInit.java:584)
06-11 15:12:03.251 12518 12518 E AndroidRuntime: 	at com.android.internal.os.ZygoteInit.main(ZygoteInit.java:1034)
06-11 15:12:03.251 12518 12518 E AndroidRuntime: Caused by: java.util.regex.PatternSyntaxException: Incorrectly nested parentheses in regexp pattern near index 606
06-11 15:12:03.251 12518 12518 E AndroidRuntime: (?i)^\s*(?:(?:sure|okay|ok|yes|of\s+course|claro|certo)[,!.]?\s+)?(?:(?:here(?:'s|\s+is)|this\s+is|aqui\s+(?:está|esta)|este\s+é|esta\s+é|isto\s+é)\s+(?:(?:the\s+)?(?:corrected|fixed|rewritten|updated|corrigido|corrigida|reescrito|reescrita)(?:\s+(?:version|verison|text|versão|versao|texto))?|(?:your\s+)?(?:corrected|fixed|rewritten|corrigido|corrigida|reescrito|reescrita)\s+text|(?:the\s+)?(?:corrected|fixed|rewritten|corrigido|corrigida|reescrito|reescrita)(?:\s+(?:version|verison|text|versão|versao|texto))?|(?:corrected|fixed|rewritten|corrigido|corrigida|reescrito|reescrita)\s+text\s+is)\s*:?\s*
06-11 15:12:03.251 12518 12518 E AndroidRuntime: 	at com.android.icu.util.regex.PatternNative.compileImpl(Native Method)
06-11 15:12:03.251 12518 12518 E AndroidRuntime: 	at com.android.icu.util.regex.PatternNative.<init>(PatternNative.java:53)
06-11 15:12:03.251 12518 12518 E AndroidRuntime: 	at com.android.icu.util.regex.PatternNative.create(PatternNative.java:49)
06-11 15:12:03.251 12518 12518 E AndroidRuntime: 	at java.util.regex.Pattern.compile(Pattern.java:3527)
06-11 15:12:03.251 12518 12518 E AndroidRuntime: 	at java.util.regex.Pattern.<init>(Pattern.java:1413)
06-11 15:12:03.251 12518 12518 E AndroidRuntime: 	at java.util.regex.Pattern.compile(Pattern.java:915)
06-11 15:12:03.251 12518 12518 E AndroidRuntime: 	at l9.o.<init>(r8-map-id-ededc71f90470c29242623cf8dfa03b9070ab5c515baef339abf8e6fa6461039:3)
06-11 15:12:03.251 12518 12518 E AndroidRuntime: 	at j8.a.<clinit>(r8-map-id-ededc71f90470c29242623cf8dfa03b9070ab5c515baef339abf8e6fa6461039:32)
06-11 15:12:03.251 12518 12518 E AndroidRuntime: 	... 9 more
06-11 15:12:03.429 11120 11138 W System.err: android.os.DeadObjectException
06-11 15:12:03.429 11120 11138 W System.err: 	at android.os.BinderProxy.transactNative(Native Method)
06-11 15:12:03.429 11120 11138 W System.err: 	at android.os.BinderProxy.transact(BinderProxy.java:635)
06-11 15:12:03.429 11120 11138 W System.err: 	at helium314.keyboard.latin.ai.engine.ILlmCallback$Stub$Proxy.onTokenChunk(r8-map-id-ededc71f90470c29242623cf8dfa03b9070ab5c515baef339abf8e6fa6461039:17)
06-11 15:12:03.429 11120 11138 W System.err: 	at helium314.keyboard.latin.ai.engine.LlamaBridge.nativeGenerate(Native Method)
06-11 15:12:03.429 11120 11138 W System.err: 	at helium314.keyboard.latin.ai.engine.OnDeviceAssistRunner.runNativeGenerate(r8-map-id-ededc71f90470c29242623cf8dfa03b9070ab5c515baef339abf8e6fa6461039:27)
06-11 15:12:03.429 11120 11138 W System.err: 	at helium314.keyboard.latin.ai.engine.OnDeviceAssistRunner.inferWithPath-BWLJW6A(r8-map-id-ededc71f90470c29242623cf8dfa03b9070ab5c515baef339abf8e6fa6461039:34)
06-11 15:12:03.429 11120 11138 W System.err: 	at helium314.keyboard.latin.ai.engine.OnDeviceAssistRunner.runSync-BWLJW6A(r8-map-id-ededc71f90470c29242623cf8dfa03b9070ab5c515baef339abf8e6fa6461039:90)
06-11 15:12:03.429 11120 11138 W System.err: 	at helium314.keyboard.latin.ai.engine.LlmEngineManager$generateAssist$1$result$1.invokeSuspend(r8-map-id-ededc71f90470c29242623cf8dfa03b9070ab5c515baef339abf8e6fa6461039:36)
06-11 15:12:03.429 11120 11138 W System.err: 	at v8.a.resumeWith(r8-map-id-ededc71f90470c29242623cf8dfa03b9070ab5c515baef339abf8e6fa6461039:9)
06-11 15:12:03.429 11120 11138 W System.err: 	at o9.h0.run(r8-map-id-ededc71f90470c29242623cf8dfa03b9070ab5c515baef339abf8e6fa6461039:115)
06-11 15:12:03.429 11120 11138 W System.err: 	at c5.s.run(r8-map-id-ededc71f90470c29242623cf8dfa03b9070ab5c515baef339abf8e6fa6461039:76)
06-11 15:12:03.429 11120 11138 W System.err: 	at v9.j.run(r8-map-id-ededc71f90470c29242623cf8dfa03b9070ab5c515baef339abf8e6fa6461039:3)
06-11 15:12:03.429 11120 11138 W System.err: 	at v9.a.run(r8-map-id-ededc71f90470c29242623cf8dfa03b9070ab5c515baef339abf8e6fa6461039:88)
06-11 15:12:03.430 11120 11138 W OnDeviceAssist: ✗ llm task=grammar 2795ms: ExceptionInInitializerError
06-11 15:12:03.430 11120 11138 W OnDeviceAssist: failed task=grammar 2796ms
06-11 15:12:03.431 11120 11138 W LlmEngineManager: ILlmCallback.onError failed
06-11 15:12:03.431 11120 11138 W LlmEngineManager: android.os.DeadObjectException
06-11 15:12:03.431 11120 11138 W LlmEngineManager: 	at android.os.BinderProxy.transactNative(Native Method)
06-11 15:12:03.431 11120 11138 W LlmEngineManager: 	at android.os.BinderProxy.transact(BinderProxy.java:635)
06-11 15:12:03.431 11120 11138 W LlmEngineManager: 	at helium314.keyboard.latin.ai.engine.ILlmCallback$Stub$Proxy.onError(r8-map-id-ededc71f90470c29242623cf8dfa03b9070ab5c515baef339abf8e6fa6461039:18)
06-11 15:12:03.431 11120 11138 W LlmEngineManager: 	at helium314.keyboard.latin.ai.engine.LlmEngineManager.safeCbError(r8-map-id-ededc71f90470c29242623cf8dfa03b9070ab5c515baef339abf8e6fa6461039:8)
06-11 15:12:03.431 11120 11138 W LlmEngineManager: 	at helium314.keyboard.latin.ai.engine.LlmEngineManager.access$safeCbError(r8-map-id-ededc71f90470c29242623cf8dfa03b9070ab5c515baef339abf8e6fa6461039:1)
06-11 15:12:03.431 11120 11138 W LlmEngineManager: 	at helium314.keyboard.latin.ai.engine.LlmEngineManager$generateAssist$1.invokeSuspend(r8-map-id-ededc71f90470c29242623cf8dfa03b9070ab5c515baef339abf8e6fa6461039:348)
06-11 15:12:03.431 11120 11138 W LlmEngineManager: 	at v8.a.resumeWith(r8-map-id-ededc71f90470c29242623cf8dfa03b9070ab5c515baef339abf8e6fa6461039:9)
06-11 15:12:03.431 11120 11138 W LlmEngineManager: 	at o9.h0.run(r8-map-id-ededc71f90470c29242623cf8dfa03b9070ab5c515baef339abf8e6fa6461039:115)
06-11 15:12:03.431 11120 11138 W LlmEngineManager: 	at v9.a.run(r8-map-id-ededc71f90470c29242623cf8dfa03b9070ab5c515baef339abf8e6fa6461039:118)
06-11 15:12:04.554 13913 13913 E ibekey.keyboar: Unknown bits set in runtime_flags: 0x40000000
06-11 15:12:04.700 13913 13913 W f0      : Could not load system glide typing library jni_latinimegoogle: dlopen failed: library "libjni_latinimegoogle.so" not found
06-11 15:12:04.824 13913 13913 W t       : No editor info for this field. Bug?
06-11 15:12:04.838 13913 13913 I VkMultilingual: reset main=pt-BR locales=[pt,es,fr] count=3
06-11 15:12:04.881 13913 13913 W ibekey.keyboar: ClassLoaderContext classpath size mismatch. expected=1, found=0 (DLC[];PCL[base.apk*116719914]{PCL[/system/framework/org.apache.http.legacy.jar*3034548894]#PCL[/apex/com.android.extservices/javalib/android.ext.adservices.jar*3839736497]#PCL[/system/framework/com.android.location.provider.jar*3633238672]#PCL[/system/framework/com.android.media.remotedisplay.jar*3472798123]#PCL[/apex/com.android.extservices/javalib/android.ext.adservices.jar*3839736497]} | DLC[];PCL[])
06-11 15:12:04.892 13913 13913 W System  : ClassLoader referenced unknown path: 
06-11 15:12:04.897 13913 13913 W ibekey.keyboar: ClassLoaderContext classpath element checksum mismatch. expected=116719914, found=1557153005 (DLC[];PCL[base.apk*116719914]{PCL[/system/framework/org.apache.http.legacy.jar*3034548894]#PCL[/apex/com.android.extservices/javalib/android.ext.adservices.jar*3839736497]#PCL[/system/framework/com.android.location.provider.jar*3633238672]#PCL[/system/framework/com.android.media.remotedisplay.jar*3472798123]#PCL[/apex/com.android.extservices/javalib/android.ext.adservices.jar*3839736497]} | DLC[];PCL[/data/app/~~CR3iGDOEWqTtRxjYIoQSsQ==/com.vibekey.keyboard-dOUjrQhRox47TkxgIYQQqw==/base.apk*1557153005]{PCL[/apex/com.android.extservices/javalib/android.ext.adservices.jar*3839736497]})
06-11 15:12:04.965 13913 13913 E ibekey.keyboar: ofbOpen failed with error=No such file or directory
06-11 15:12:04.965 13913 13913 E ibekey.keyboar: sysOpen failed with error=No such file or directory
06-11 15:12:05.003 13913 13913 E MultiApp.Impl: OplusMultiAppImpl
06-11 15:12:05.008 13913 13973 W Ads     : Update ad debug logging enablement as false
06-11 15:12:05.077 13913 14004 W libc    : Access denied finding property "ro.vendor.api_level"
06-11 15:12:05.080 13913 13913 W chromium: [WARNING:android_webview/browser/network_service/net_helpers.cc:137] HTTP Cache size is: 20971520
06-11 15:12:05.154 13913 13913 I VkSwipe : ○ gesture canceled
06-11 15:12:05.160 13913 14031 W libc    : Access denied finding property "vendor.camera.aux.packagelist"
06-11 15:12:05.160 13913 14031 W libc    : Access denied finding property "vendor.camera.aux.packagelist"
06-11 15:12:05.161 13913 13988 W libc    : Access denied finding property "vendor.camera.aux.packagelist"
06-11 15:12:05.165 13913 13913 I VkEffects: reload anim=scale blur=0px glow=true stickers=true
06-11 15:12:05.167 13913 13913 E OplusCustomizeRestrictionManager: sInstance is null, start a new sInstance
06-11 15:12:05.260 13913 13913 I VkTyping: ▶ open restart=false pkg=com.android.launcher inputType=589825
06-11 15:12:05.438 13913 13913 W View    : requestLayout() improperly called by android.widget.LinearLayout{2767926 V.E...... ......ID 0,1868-1440,2818 #7f0a010d app:id/input_view_keyboard_column} during layout: running second layout pass
