06-04 10:29:25.772 32331 32331 W View    : requestLayout() improperly called by helium314.keyboard.latin.panels.BrowserPanelView{cf8b627 V.E...... ........ 0,0-1440,2040} during second layout pass: posting in next frame
06-04 10:29:25.785 32331 32331 W View    : requestLayout() improperly called by helium314.keyboard.latin.panels.BrowserPanelView{cf8b627 V.E...... ......ID 0,0-1440,2040} during layout: running second layout pass
06-04 10:29:25.789 32331 32331 W View    : requestLayout() improperly called by helium314.keyboard.latin.panels.BrowserPanelView{cf8b627 V.E...... ........ 0,0-1440,2040} during second layout pass: posting in next frame
06-04 10:29:25.800 32331 32331 W View    : requestLayout() improperly called by helium314.keyboard.latin.panels.BrowserPanelView{cf8b627 V.E...... ......ID 0,0-1440,2040} during layout: running second layout pass
06-04 10:29:25.805 32331 32331 W View    : requestLayout() improperly called by helium314.keyboard.latin.panels.BrowserPanelView{cf8b627 V.E...... ........ 0,0-1440,2040} during second layout pass: posting in next frame
06-04 10:29:25.817 32331 32331 W View    : requestLayout() improperly called by helium314.keyboard.latin.panels.BrowserPanelView{cf8b627 V.E...... ......ID 0,0-1440,2040} during layout: running second layout pass
06-04 10:29:25.822 32331 32331 W View    : requestLayout() improperly called by helium314.keyboard.latin.panels.BrowserPanelView{cf8b627 V.E...... ........ 0,0-1440,2040} during second layout pass: posting in next frame
06-04 10:29:25.834 32331 32331 W View    : requestLayout() improperly called by helium314.keyboard.latin.panels.BrowserPanelView{cf8b627 V.E...... ......ID 0,0-1440,2040} during layout: running second layout pass
06-04 10:29:25.841 32331 32331 W View    : requestLayout() improperly called by helium314.keyboard.latin.panels.BrowserPanelView{cf8b627 V.E...... ........ 0,0-1440,2040} during second layout pass: posting in next frame
06-04 10:29:25.850 32331 32331 W View    : requestLayout() improperly called by helium314.keyboard.latin.panels.BrowserPanelView{cf8b627 V.E...... ......ID 0,0-1440,2040} during layout: running second layout pass
06-04 10:29:25.854 32331 32331 W View    : requestLayout() improperly called by helium314.keyboard.latin.panels.BrowserPanelView{cf8b627 V.E...... ........ 0,0-1440,2040} during second layout pass: posting in next frame
06-04 10:29:25.866 32331 32331 W View    : requestLayout() improperly called by helium314.keyboard.latin.panels.BrowserPanelView{cf8b627 V.E...... ......ID 0,0-1440,2040} during layout: running second layout pass
06-04 10:29:25.870 32331 32331 W View    : requestLayout() improperly called by helium314.keyboard.latin.panels.BrowserPanelView{cf8b627 V.E...... ........ 0,0-1440,2040} during second layout pass: posting in next frame
06-04 10:29:25.884 32331 32331 W View    : requestLayout() improperly called by helium314.keyboard.latin.panels.BrowserPanelView{cf8b627 V.E...... ......I. 0,0-1440,2040} during layout: running second layout pass
06-04 10:29:25.887 32331 32331 W View    : requestLayout() improperly called by helium314.keyboard.latin.panels.BrowserPanelView{cf8b627 V.E...... ........ 0,0-1440,2040} during second layout pass: posting in next frame
06-04 10:29:25.901 32331 32331 W View    : requestLayout() improperly called by helium314.keyboard.latin.panels.BrowserPanelView{cf8b627 V.E...... ......ID 0,0-1440,2040} during layout: running second layout pass
06-04 10:29:25.904 32331 32331 W View    : requestLayout() improperly called by helium314.keyboard.latin.panels.BrowserPanelView{cf8b627 V.E...... ........ 0,0-1440,2040} during second layout pass: posting in next frame
06-04 10:29:25.919 32331 32331 W View    : requestLayout() improperly called by helium314.keyboard.latin.panels.BrowserPanelView{cf8b627 V.E...... ......ID 0,0-1440,2040} during layout: running second layout pass
06-04 10:29:25.923 32331 32331 W View    : requestLayout() improperly called by helium314.keyboard.latin.panels.BrowserPanelView{cf8b627 V.E...... ........ 0,0-1440,2040} during second layout pass: posting in next frame
06-04 10:29:25.937 32331 32331 W View    : requestLayout() improperly called by helium314.keyboard.latin.panels.BrowserPanelView{cf8b627 V.E...... ......ID 0,0-1440,2040} during layout: running second layout pass
06-04 10:29:25.940 32331 32331 W View    : requestLayout() improperly called by helium314.keyboard.latin.panels.BrowserPanelView{cf8b627 V.E...... ........ 0,0-1440,2040} during second layout pass: posting in next frame
06-04 10:29:25.950 32331 32331 W View    : requestLayout() improperly called by helium314.keyboard.latin.panels.BrowserPanelView{cf8b627 V.E...... ......ID 0,0-1440,2040} during layout: running second layout pass
06-04 10:29:25.954 32331 32331 W View    : requestLayout() improperly called by helium314.keyboard.latin.panels.BrowserPanelView{cf8b627 V.E...... ........ 0,0-1440,2040} during second layout pass: posting in next frame
06-04 10:29:25.966 32331 32331 W View    : requestLayout() improperly called by helium314.keyboard.latin.panels.BrowserPanelView{cf8b627 V.E...... ......ID 0,0-1440,2040} during layout: running second layout pass
06-04 10:29:25.970 32331 32331 W View    : requestLayout() improperly called by helium314.keyboard.latin.panels.BrowserPanelView{cf8b627 V.E...... ........ 0,0-1440,2040} during second layout pass: posting in next frame
06-04 10:29:25.984 32331 32331 W View    : requestLayout() improperly called by helium314.keyboard.latin.panels.BrowserPanelView{cf8b627 V.E...... ......ID 0,0-1440,2040} during layout: running second layout pass
06-04 10:29:25.988 32331 32331 W View    : requestLayout() improperly called by helium314.keyboard.latin.panels.BrowserPanelView{cf8b627 V.E...... ........ 0,0-1440,2040} during second layout pass: posting in next frame
06-04 10:29:26.002 32331 32331 W View    : requestLayout() improperly called by helium314.keyboard.latin.panels.BrowserPanelView{cf8b627 V.E...... ......ID 0,0-1440,2040} during layout: running second layout pass
06-04 10:29:26.008 32331 32331 W View    : requestLayout() improperly called by helium314.keyboard.latin.panels.BrowserPanelView{cf8b627 V.E...... ........ 0,0-1440,2040} during second layout pass: posting in next frame
06-04 10:29:26.017 32331 32331 W View    : requestLayout() improperly called by helium314.keyboard.latin.panels.BrowserPanelView{cf8b627 V.E...... ......ID 0,0-1440,2040} during layout: running second layout pass
06-04 10:29:26.024 32331 32331 W View    : requestLayout() improperly called by helium314.keyboard.latin.panels.BrowserPanelView{cf8b627 V.E...... ........ 0,0-1440,2040} during second layout pass: posting in next frame
06-04 10:29:26.034 32331 32331 W View    : requestLayout() improperly called by helium314.keyboard.latin.panels.BrowserPanelView{cf8b627 V.E...... ......ID 0,0-1440,2040} during layout: running second layout pass
06-04 10:29:26.041 32331 32331 W View    : requestLayout() improperly called by helium314.keyboard.latin.panels.BrowserPanelView{cf8b627 V.E...... ........ 0,0-1440,2040} during second layout pass: posting in next frame
06-04 10:29:26.051 32331 32331 W View    : requestLayout() improperly called by helium314.keyboard.latin.panels.BrowserPanelView{cf8b627 V.E...... ......ID 0,0-1440,2040} during layout: running second layout pass
06-04 10:29:26.058 32331 32331 W View    : requestLayout() improperly called by helium314.keyboard.latin.panels.BrowserPanelView{cf8b627 V.E...... ........ 0,0-1440,2040} during second layout pass: posting in next frame
06-04 10:29:26.070 32331 32331 W View    : requestLayout() improperly called by helium314.keyboard.latin.panels.BrowserPanelView{cf8b627 V.E...... ......ID 0,0-1440,2040} during layout: running second layout pass
06-04 10:29:26.077 32331 32331 W View    : requestLayout() improperly called by helium314.keyboard.latin.panels.BrowserPanelView{cf8b627 V.E...... ........ 0,0-1440,2040} during second layout pass: posting in next frame
06-04 10:29:26.085 32331 32331 W View    : requestLayout() improperly called by helium314.keyboard.latin.panels.BrowserPanelView{cf8b627 V.E...... ......ID 0,0-1440,2040} during layout: running second layout pass
06-04 10:29:26.094 32331 32331 W View    : requestLayout() improperly called by helium314.keyboard.latin.panels.BrowserPanelView{cf8b627 V.E...... ........ 0,0-1440,2040} during second layout pass: posting in next frame
06-04 10:29:26.105 32331 32331 W View    : requestLayout() improperly called by helium314.keyboard.latin.panels.BrowserPanelView{cf8b627 V.E...... ......ID 0,0-1440,2040} during layout: running second layout pass
06-04 10:29:26.110 32331 32331 W View    : requestLayout() improperly called by helium314.keyboard.latin.panels.BrowserPanelView{cf8b627 V.E...... ........ 0,0-1440,2040} during second layout pass: posting in next frame
06-04 10:29:26.118 32331 32331 W View    : requestLayout() improperly called by helium314.keyboard.latin.panels.BrowserPanelView{cf8b627 V.E...... ......I. 0,0-1440,2040} during layout: running second layout pass
06-04 10:29:26.126 32331 32331 W View    : requestLayout() improperly called by helium314.keyboard.latin.panels.BrowserPanelView{cf8b627 V.E...... .......D 0,0-1440,2040} during second layout pass: posting in next frame
06-04 10:29:26.134 32331 32331 W View    : requestLayout() improperly called by helium314.keyboard.latin.panels.BrowserPanelView{cf8b627 V.E...... ......ID 0,0-1440,2040} during layout: running second layout pass
06-04 10:29:26.140 32331 32331 W View    : requestLayout() improperly called by helium314.keyboard.latin.panels.BrowserPanelView{cf8b627 V.E...... ........ 0,0-1440,2040} during second layout pass: posting in next frame
06-04 10:29:26.151 32331 32331 W View    : requestLayout() improperly called by helium314.keyboard.latin.panels.BrowserPanelView{cf8b627 V.E...... ......I. 0,0-1440,2040} during layout: running second layout pass
06-04 10:29:26.157 32331 32331 W View    : requestLayout() improperly called by helium314.keyboard.latin.panels.BrowserPanelView{cf8b627 V.E...... .......D 0,0-1440,2040} during second layout pass: posting in next frame
06-04 10:29:26.169 32331 32331 W View    : requestLayout() improperly called by helium314.keyboard.latin.panels.BrowserPanelView{cf8b627 V.E...... ......ID 0,0-1440,2040} during layout: running second layout pass
06-04 10:29:26.176 32331 32331 W View    : requestLayout() improperly called by helium314.keyboard.latin.panels.BrowserPanelView{cf8b627 V.E...... ........ 0,0-1440,2040} during second layout pass: posting in next frame
06-04 10:29:26.185 32331 32331 W View    : requestLayout() improperly called by helium314.keyboard.latin.panels.BrowserPanelView{cf8b627 V.E...... ......ID 0,0-1440,2040} during layout: running second layout pass
06-04 10:29:26.192 32331 32331 W View    : requestLayout() improperly called by helium314.keyboard.latin.panels.BrowserPanelView{cf8b627 V.E...... ........ 0,0-1440,2040} during second layout pass: posting in next frame
06-04 10:29:26.201 32331 32331 W View    : requestLayout() improperly called by helium314.keyboard.latin.panels.BrowserPanelView{cf8b627 V.E...... ......ID 0,0-1440,2040} during layout: running second layout pass
06-04 10:29:26.212 32331 32331 W View    : requestLayout() improperly called by helium314.keyboard.latin.panels.BrowserPanelView{cf8b627 V.E...... ........ 0,0-1440,2040} during second layout pass: posting in next frame
06-04 10:29:26.218 32331 32331 W View    : requestLayout() improperly called by helium314.keyboard.latin.panels.BrowserPanelView{cf8b627 V.E...... ......I. 0,0-1440,2040} during layout: running second layout pass
06-04 10:29:26.227 32331 32331 W View    : requestLayout() improperly called by helium314.keyboard.latin.panels.BrowserPanelView{cf8b627 V.E...... ........ 0,0-1440,2040} during second layout pass: posting in next frame
06-04 10:29:26.235 32331 32331 W View    : requestLayout() improperly called by helium314.keyboard.latin.panels.BrowserPanelView{cf8b627 V.E...... ......ID 0,0-1440,2040} during layout: running second layout pass
06-04 10:29:26.243 32331 32331 W View    : requestLayout() improperly called by helium314.keyboard.latin.panels.BrowserPanelView{cf8b627 V.E...... ........ 0,0-1440,2040} during second layout pass: posting in next frame
06-04 10:29:26.252 32331 32331 W View    : requestLayout() improperly called by helium314.keyboard.latin.panels.BrowserPanelView{cf8b627 V.E...... ......ID 0,0-1440,2040} during layout: running second layout pass
06-04 10:29:26.256 32331 32331 W View    : requestLayout() improperly called by helium314.keyboard.latin.panels.BrowserPanelView{cf8b627 V.E...... ........ 0,0-1440,2040} during second layout pass: posting in next frame
06-04 10:29:26.269 32331 32331 W View    : requestLayout() improperly called by helium314.keyboard.latin.panels.BrowserPanelView{cf8b627 V.E...... ......I. 0,0-1440,2040} during layout: running second layout pass
06-04 10:29:26.271 32331 32331 W View    : requestLayout() improperly called by helium314.keyboard.latin.panels.BrowserPanelView{cf8b627 V.E...... ........ 0,0-1440,2040} during second layout pass: posting in next frame
06-04 10:29:26.285 32331 32331 W View    : requestLayout() improperly called by helium314.keyboard.latin.panels.BrowserPanelView{cf8b627 V.E...... ......I. 0,0-1440,2040} during layout: running second layout pass
06-04 10:29:26.288 32331 32331 W View    : requestLayout() improperly called by helium314.keyboard.latin.panels.BrowserPanelView{cf8b627 V.E...... ........ 0,0-1440,2040} during second layout pass: posting in next frame
06-04 10:29:26.302 32331 32331 W View    : requestLayout() improperly called by helium314.keyboard.latin.panels.BrowserPanelView{cf8b627 V.E...... ......ID 0,0-1440,2040} during layout: running second layout pass
06-04 10:29:26.304 32331 32331 W View    : requestLayout() improperly called by helium314.keyboard.latin.panels.BrowserPanelView{cf8b627 V.E...... ........ 0,0-1440,2040} during second layout pass: posting in next frame
06-04 10:29:26.320 32331 32331 W View    : requestLayout() improperly called by helium314.keyboard.latin.panels.BrowserPanelView{cf8b627 V.E...... ......ID 0,0-1440,2040} during layout: running second layout pass
06-04 10:29:26.324 32331 32331 W View    : requestLayout() improperly called by helium314.keyboard.latin.panels.BrowserPanelView{cf8b627 V.E...... ........ 0,0-1440,2040} during second layout pass: posting in next frame
06-04 10:29:26.336 32331 32331 W View    : requestLayout() improperly called by helium314.keyboard.latin.panels.BrowserPanelView{cf8b627 V.E...... ......ID 0,0-1440,2040} during layout: running second layout pass
06-04 10:29:26.341 32331 32331 W View    : requestLayout() improperly called by helium314.keyboard.latin.panels.BrowserPanelView{cf8b627 V.E...... ........ 0,0-1440,2040} during second layout pass: posting in next frame
06-04 10:29:26.351 32331 32331 W View    : requestLayout() improperly called by helium314.keyboard.latin.panels.BrowserPanelView{cf8b627 V.E...... ......ID 0,0-1440,2040} during layout: running second layout pass
06-04 10:29:26.355 32331 32331 W View    : requestLayout() improperly called by helium314.keyboard.latin.panels.BrowserPanelView{cf8b627 V.E...... ........ 0,0-1440,2040} during second layout pass: posting in next frame
06-04 10:29:26.367 32331 32331 W View    : requestLayout() improperly called by helium314.keyboard.latin.panels.BrowserPanelView{cf8b627 V.E...... ......I. 0,0-1440,2040} during layout: running second layout pass
06-04 10:29:26.371 32331 32331 W View    : requestLayout() improperly called by helium314.keyboard.latin.panels.BrowserPanelView{cf8b627 V.E...... ........ 0,0-1440,2040} during second layout pass: posting in next frame
06-04 10:29:26.384 32331 32331 W View    : requestLayout() improperly called by helium314.keyboard.latin.panels.BrowserPanelView{cf8b627 V.E...... ......ID 0,0-1440,2040} during layout: running second layout pass
06-04 10:29:26.388 32331 32331 W View    : requestLayout() improperly called by helium314.keyboard.latin.panels.BrowserPanelView{cf8b627 V.E...... ........ 0,0-1440,2040} during second layout pass: posting in next frame
06-04 10:29:26.402 32331 32331 W View    : requestLayout() improperly called by helium314.keyboard.latin.panels.BrowserPanelView{cf8b627 V.E...... ......ID 0,0-1440,2040} during layout: running second layout pass
06-04 10:29:26.409 32331 32331 W View    : requestLayout() improperly called by helium314.keyboard.latin.panels.BrowserPanelView{cf8b627 V.E...... ........ 0,0-1440,2040} during second layout pass: posting in next frame
06-04 10:29:26.418 32331 32331 W View    : requestLayout() improperly called by helium314.keyboard.latin.panels.BrowserPanelView{cf8b627 V.E...... ......ID 0,0-1440,2040} during layout: running second layout pass
06-04 10:29:26.424 32331 32331 W View    : requestLayout() improperly called by helium314.keyboard.latin.panels.BrowserPanelView{cf8b627 V.E...... ........ 0,0-1440,2040} during second layout pass: posting in next frame
06-04 10:29:26.436 32331 32331 W View    : requestLayout() improperly called by helium314.keyboard.latin.panels.BrowserPanelView{cf8b627 V.E...... ......ID 0,0-1440,2040} during layout: running second layout pass
06-04 10:29:26.442 32331 32331 W View    : requestLayout() improperly called by helium314.keyboard.latin.panels.BrowserPanelView{cf8b627 V.E...... ........ 0,0-1440,2040} during second layout pass: posting in next frame
06-04 10:29:26.452 32331 32331 W View    : requestLayout() improperly called by helium314.keyboard.latin.panels.BrowserPanelView{cf8b627 V.E...... ......ID 0,0-1440,2040} during layout: running second layout pass
06-04 10:29:26.460 32331 32331 W View    : requestLayout() improperly called by helium314.keyboard.latin.panels.BrowserPanelView{cf8b627 V.E...... ........ 0,0-1440,2040} during second layout pass: posting in next frame
06-04 10:29:26.469 32331 32331 W View    : requestLayout() improperly called by helium314.keyboard.latin.panels.BrowserPanelView{cf8b627 V.E...... ......ID 0,0-1440,2040} during layout: running second layout pass
06-04 10:29:26.474 32331 32331 W View    : requestLayout() improperly called by helium314.keyboard.latin.panels.BrowserPanelView{cf8b627 V.E...... ........ 0,0-1440,2040} during second layout pass: posting in next frame
06-04 10:29:26.485 32331 32331 W View    : requestLayout() improperly called by helium314.keyboard.latin.panels.BrowserPanelView{cf8b627 V.E...... ......ID 0,0-1440,2040} during layout: running second layout pass
06-04 10:29:26.490 32331 32331 W View    : requestLayout() improperly called by helium314.keyboard.latin.panels.BrowserPanelView{cf8b627 V.E...... ........ 0,0-1440,2040} during second layout pass: posting in next frame
06-04 10:29:26.502 32331 32331 W View    : requestLayout() improperly called by helium314.keyboard.latin.panels.BrowserPanelView{cf8b627 V.E...... ......ID 0,0-1440,2040} during layout: running second layout pass
06-04 10:29:26.508 32331 32331 W View    : requestLayout() improperly called by helium314.keyboard.latin.panels.BrowserPanelView{cf8b627 V.E...... ........ 0,0-1440,2040} during second layout pass: posting in next frame
06-04 10:29:26.518 32331 32331 W View    : requestLayout() improperly called by helium314.keyboard.latin.panels.BrowserPanelView{cf8b627 V.E...... ......ID 0,0-1440,2040} during layout: running second layout pass
06-04 10:29:26.525 32331 32331 W View    : requestLayout() improperly called by helium314.keyboard.latin.panels.BrowserPanelView{cf8b627 V.E...... ........ 0,0-1440,2040} during second layout pass: posting in next frame
06-04 10:29:26.535 28826 28872 W libc    : Access denied finding property "vendor.oplus.media.vpp.stutter"
06-04 10:29:26.537 32331 32331 W View    : requestLayout() improperly called by helium314.keyboard.latin.panels.BrowserPanelView{cf8b627 V.E...... ......ID 0,0-1440,2040} during layout: running second layout pass
06-04 10:29:26.546 32331 32331 W View    : requestLayout() improperly called by helium314.keyboard.latin.panels.BrowserPanelView{cf8b627 V.E...... ........ 0,0-1440,2040} during second layout pass: posting in next frame
06-04 10:29:26.552 32331 32331 W View    : requestLayout() improperly called by helium314.keyboard.latin.panels.BrowserPanelView{cf8b627 V.E...... ......ID 0,0-1440,2040} during layout: running second layout pass
06-04 10:29:26.561 32331 32331 W View    : requestLayout() improperly called by helium314.keyboard.latin.panels.BrowserPanelView{cf8b627 V.E...... ........ 0,0-1440,2040} during second layout pass: posting in next frame
06-04 10:29:26.568 32331 32331 W View    : requestLayout() improperly called by helium314.keyboard.latin.panels.BrowserPanelView{cf8b627 V.E...... ......ID 0,0-1440,2040} during layout: running second layout pass
06-04 10:29:26.575 32331 32331 W View    : requestLayout() improperly called by helium314.keyboard.latin.panels.BrowserPanelView{cf8b627 V.E...... ........ 0,0-1440,2040} during second layout pass: posting in next frame
06-04 10:29:26.585 32331 32331 W View    : requestLayout() improperly called by helium314.keyboard.latin.panels.BrowserPanelView{cf8b627 V.E...... ......ID 0,0-1440,2040} during layout: running second layout pass
06-04 10:29:26.593 32331 32331 W View    : requestLayout() improperly called by helium314.keyboard.latin.panels.BrowserPanelView{cf8b627 V.E...... ........ 0,0-1440,2040} during second layout pass: posting in next frame
06-04 10:29:26.602 32331 32331 W View    : requestLayout() improperly called by helium314.keyboard.latin.panels.BrowserPanelView{cf8b627 V.E...... ......ID 0,0-1440,2040} during layout: running second layout pass
06-04 10:29:26.611 32331 32331 W View    : requestLayout() improperly called by helium314.keyboard.latin.panels.BrowserPanelView{cf8b627 V.E...... ........ 0,0-1440,2040} during second layout pass: posting in next frame
06-04 10:29:26.619 32331 32331 W View    : requestLayout() improperly called by helium314.keyboard.latin.panels.BrowserPanelView{cf8b627 V.E...... ......ID 0,0-1440,2040} during layout: running second layout pass
06-04 10:29:26.627 32331 32331 W View    : requestLayout() improperly called by helium314.keyboard.latin.panels.BrowserPanelView{cf8b627 V.E...... ........ 0,0-1440,2040} during second layout pass: posting in next frame
06-04 10:29:26.636 32331 32331 W View    : requestLayout() improperly called by helium314.keyboard.latin.panels.BrowserPanelView{cf8b627 V.E...... ......ID 0,0-1440,2040} during layout: running second layout pass
06-04 10:29:26.643 32331 32331 W View    : requestLayout() improperly called by helium314.keyboard.latin.panels.BrowserPanelView{cf8b627 V.E...... ........ 0,0-1440,2040} during second layout pass: posting in next frame
06-04 10:29:26.652 32331 32331 W View    : requestLayout() improperly called by helium314.keyboard.latin.panels.BrowserPanelView{cf8b627 V.E...... ......ID 0,0-1440,2040} during layout: running second layout pass
06-04 10:29:26.660 32331 32331 W View    : requestLayout() improperly called by helium314.keyboard.latin.panels.BrowserPanelView{cf8b627 V.E...... ........ 0,0-1440,2040} during second layout pass: posting in next frame
06-04 10:29:26.671 32331 32331 W View    : requestLayout() improperly called by helium314.keyboard.latin.panels.BrowserPanelView{cf8b627 V.E...... ......ID 0,0-1440,2040} during layout: running second layout pass
06-04 10:29:26.676 32331 32331 W View    : requestLayout() improperly called by helium314.keyboard.latin.panels.BrowserPanelView{cf8b627 V.E...... ........ 0,0-1440,2040} during second layout pass: posting in next frame
06-04 10:29:26.686 32331 32331 W View    : requestLayout() improperly called by helium314.keyboard.latin.panels.BrowserPanelView{cf8b627 V.E...... ......ID 0,0-1440,2040} during layout: running second layout pass
06-04 10:29:26.695 32331 32331 W View    : requestLayout() improperly called by helium314.keyboard.latin.panels.BrowserPanelView{cf8b627 V.E...... ........ 0,0-1440,2040} during second layout pass: posting in next frame
06-04 10:29:26.703 32331 32331 W View    : requestLayout() improperly called by helium314.keyboard.latin.panels.BrowserPanelView{cf8b627 V.E...... ......ID 0,0-1440,2040} during layout: running second layout pass
06-04 10:29:26.710 32331 32331 W View    : requestLayout() improperly called by helium314.keyboard.latin.panels.BrowserPanelView{cf8b627 V.E...... ........ 0,0-1440,2040} during second layout pass: posting in next frame
06-04 10:29:26.719 32331 32331 W View    : requestLayout() improperly called by helium314.keyboard.latin.panels.BrowserPanelView{cf8b627 V.E...... ......ID 0,0-1440,2040} during layout: running second layout pass
06-04 10:29:26.728 32331 32331 W View    : requestLayout() improperly called by helium314.keyboard.latin.panels.BrowserPanelView{cf8b627 V.E...... ........ 0,0-1440,2040} during second layout pass: posting in next frame
06-04 10:29:26.736 32331 32331 W View    : requestLayout() improperly called by helium314.keyboard.latin.panels.BrowserPanelView{cf8b627 V.E...... ......I. 0,0-1440,2040} during layout: running second layout pass
06-04 10:29:26.742 32331 32331 W View    : requestLayout() improperly called by helium314.keyboard.latin.panels.BrowserPanelView{cf8b627 V.E...... ........ 0,0-1440,2040} during second layout pass: posting in next frame
06-04 10:29:26.753 28826 28895 W libc    : Access denied finding property "vendor.oplus.media.vpp.stutter"
06-04 10:29:26.753 32331 32331 W View    : requestLayout() improperly called by helium314.keyboard.latin.panels.BrowserPanelView{cf8b627 V.E...... ......I. 0,0-1440,2040} during layout: running second layout pass
06-04 10:29:26.759 32331 32331 W View    : requestLayout() improperly called by helium314.keyboard.latin.panels.BrowserPanelView{cf8b627 V.E...... ........ 0,0-1440,2040} during second layout pass: posting in next frame
06-04 10:29:26.773 32331 32331 W View    : requestLayout() improperly called by helium314.keyboard.latin.panels.BrowserPanelView{cf8b627 V.E...... ......I. 0,0-1440,2040} during layout: running second layout pass
06-04 10:29:26.781 32331 32331 W View    : requestLayout() improperly called by helium314.keyboard.latin.panels.BrowserPanelView{cf8b627 V.E...... ........ 0,0-1440,2040} during second layout pass: posting in next frame
06-04 10:29:26.786 32331 32331 W View    : requestLayout() improperly called by helium314.keyboard.latin.panels.BrowserPanelView{cf8b627 V.E...... ......I. 0,0-1440,2040} during layout: running second layout pass
06-04 10:29:26.793 32331 32331 W View    : requestLayout() improperly called by helium314.keyboard.latin.panels.BrowserPanelView{cf8b627 V.E...... ........ 0,0-1440,2040} during second layout pass: posting in next frame
06-04 10:29:26.803 32331 32331 W View    : requestLayout() improperly called by helium314.keyboard.latin.panels.BrowserPanelView{cf8b627 V.E...... ......I. 0,0-1440,2040} during layout: running second layout pass
06-04 10:29:26.813 32331 32331 W View    : requestLayout() improperly called by helium314.keyboard.latin.panels.BrowserPanelView{cf8b627 V.E...... .......D 0,0-1440,2040} during second layout pass: posting in next frame
06-04 10:29:26.818 32331 32331 W View    : requestLayout() improperly called by helium314.keyboard.latin.panels.BrowserPanelView{cf8b627 V.E...... ......ID 0,0-1440,2040} during layout: running second layout pass
06-04 10:29:26.824 32331 32331 W View    : requestLayout() improperly called by helium314.keyboard.latin.panels.BrowserPanelView{cf8b627 V.E...... ........ 0,0-1440,2040} during second layout pass: posting in next frame
06-04 10:29:26.835 32331 32331 W View    : requestLayout() improperly called by helium314.keyboard.latin.panels.BrowserPanelView{cf8b627 V.E...... ......ID 0,0-1440,2040} during layout: running second layout pass
06-04 10:29:26.839 32331 32331 W View    : requestLayout() improperly called by helium314.keyboard.latin.panels.BrowserPanelView{cf8b627 V.E...... ........ 0,0-1440,2040} during second layout pass: posting in next frame
06-04 10:29:26.851 32331 32331 W View    : requestLayout() improperly called by helium314.keyboard.latin.panels.BrowserPanelView{cf8b627 V.E...... ......ID 0,0-1440,2040} during layout: running second layout pass
06-04 10:29:26.855 32331 32331 W View    : requestLayout() improperly called by helium314.keyboard.latin.panels.BrowserPanelView{cf8b627 V.E...... ........ 0,0-1440,2040} during second layout pass: posting in next frame
06-04 10:29:26.868 32331 32331 W View    : requestLayout() improperly called by helium314.keyboard.latin.panels.BrowserPanelView{cf8b627 V.E...... ......ID 0,0-1440,2040} during layout: running second layout pass
06-04 10:29:26.872 32331 32331 W View    : requestLayout() improperly called by helium314.keyboard.latin.panels.BrowserPanelView{cf8b627 V.E...... ........ 0,0-1440,2040} during second layout pass: posting in next frame
06-04 10:29:26.885 32331 32331 W View    : requestLayout() improperly called by helium314.keyboard.latin.panels.BrowserPanelView{cf8b627 V.E...... ......ID 0,0-1440,2040} during layout: running second layout pass
06-04 10:29:26.890 32331 32331 W View    : requestLayout() improperly called by helium314.keyboard.latin.panels.BrowserPanelView{cf8b627 V.E...... ........ 0,0-1440,2040} during second layout pass: posting in next frame
06-04 10:29:26.892 32331 32331 W GeckoEventDispatcher: No listener for GeckoView:DismissClipboardPermissionRequest
06-04 10:29:26.899 32331 32331 W GeckoEventDispatcher: No listener for GeckoView:DismissClipboardPermissionRequest
06-04 10:29:26.901 32331 32491 E BLASTBufferQueue: BLASTBufferItemConsumer::onDisconnect()
06-04 10:29:26.904 32331  8117 E GeckoConsole: [JavaScript Error: "TypeError: can't access property "WindowEventDispatcher", win is null" {file: "resource://gre/modules/GeckoViewSessionStore.sys.mjs" line: 149}]
06-04 10:29:26.904 32331  8117 E GeckoConsole: onTabStateUpdate@resource://gre/modules/GeckoViewSessionStore.sys.mjs:149:5
06-04 10:29:26.904 32331  8117 E GeckoConsole: updateSessionStoreFromTabListener@resource://gre/modules/GeckoViewSessionStore.sys.mjs:243:10
06-04 10:29:26.904 32331  8117 E GeckoConsole: SSF_updateSessionStore@resource://gre/modules/SessionStoreFunctions.sys.mjs:46:27
06-04 10:29:26.904 32331  8117 E GeckoConsole: UpdateSessionStore@resource://gre/modules/SessionStoreFunctions.sys.mjs:16:46
06-04 10:29:26.906 32331 32331 E GeckoView: Failed to detach WindowInsetsListener: 
06-04 10:29:26.906 32331 32331 E GeckoView: java.lang.NullPointerException: Attempt to invoke virtual method 'android.view.Window android.app.Activity.getWindow()' on a null object reference
06-04 10:29:26.906 32331 32331 E GeckoView: 	at org.mozilla.geckoview.GeckoView.detachWindowInsetsListener(r8-map-id-dbc82bfd66fe86b14fed9c44a14963a2501c2af23fdf3a727588955521f114af:1)
06-04 10:29:26.906 32331 32331 E GeckoView: 	at org.mozilla.geckoview.GeckoView.onDetachedFromWindow(r8-map-id-dbc82bfd66fe86b14fed9c44a14963a2501c2af23fdf3a727588955521f114af:25)
06-04 10:29:26.906 32331 32331 E GeckoView: 	at android.view.View.dispatchDetachedFromWindow(View.java:20955)
06-04 10:29:26.906 32331 32331 E GeckoView: 	at android.view.ViewGroup.dispatchDetachedFromWindow(ViewGroup.java:4014)
06-04 10:29:26.906 32331 32331 E GeckoView: 	at android.view.ViewGroup.removeViewInternal(ViewGroup.java:5660)
06-04 10:29:26.906 32331 32331 E GeckoView: 	at android.view.ViewGroup.removeViewInternal(ViewGroup.java:5631)
06-04 10:29:26.906 32331 32331 E GeckoView: 	at android.view.ViewGroup.removeView(ViewGroup.java:5562)
06-04 10:29:26.906 32331 32331 E GeckoView: 	at helium314.keyboard.latin.panels.BrowserPanelView.F(r8-map-id-dbc82bfd66fe86b14fed9c44a14963a2501c2af23fdf3a727588955521f114af:75)
06-04 10:29:26.906 32331 32331 E GeckoView: 	at helium314.keyboard.latin.panels.BrowserPanelView.H0(r8-map-id-dbc82bfd66fe86b14fed9c44a14963a2501c2af23fdf3a727588955521f114af:83)
06-04 10:29:26.906 32331 32331 E GeckoView: 	at g7.b0.r(r8-map-id-dbc82bfd66fe86b14fed9c44a14963a2501c2af23fdf3a727588955521f114af:149)
06-04 10:29:26.906 32331 32331 E GeckoView: 	at g7.b0.P(r8-map-id-dbc82bfd66fe86b14fed9c44a14963a2501c2af23fdf3a727588955521f114af:17)
06-04 10:29:26.906 32331 32331 E GeckoView: 	at y7.r3.a(r8-map-id-dbc82bfd66fe86b14fed9c44a14963a2501c2af23fdf3a727588955521f114af:3)
06-04 10:29:26.906 32331 32331 E GeckoView: 	at y7.d2.onClick(r8-map-id-dbc82bfd66fe86b14fed9c44a14963a2501c2af23fdf3a727588955521f114af:209)
06-04 10:29:26.906 32331 32331 E GeckoView: 	at android.view.View.performClick(View.java:7488)
06-04 10:29:26.906 32331 32331 E GeckoView: 	at android.view.View.performClickInternal(View.java:7464)
06-04 10:29:26.906 32331 32331 E GeckoView: 	at android.view.View.access$3700(View.java:841)
06-04 10:29:26.906 32331 32331 E GeckoView: 	at android.view.View$PerformClick.run(View.java:28911)
06-04 10:29:26.906 32331 32331 E GeckoView: 	at android.os.Handler.handleCallback(Handler.java:938)
06-04 10:29:26.906 32331 32331 E GeckoView: 	at android.os.Handler.dispatchMessage(Handler.java:99)
06-04 10:29:26.906 32331 32331 E GeckoView: 	at android.os.Looper.loopOnce(Looper.java:233)
06-04 10:29:26.906 32331 32331 E GeckoView: 	at android.os.Looper.loop(Looper.java:344)
06-04 10:29:26.906 32331 32331 E GeckoView: 	at android.app.ActivityThread.main(ActivityThread.java:8212)
06-04 10:29:26.906 32331 32331 E GeckoView: 	at java.lang.reflect.Method.invoke(Native Method)
06-04 10:29:26.906 32331 32331 E GeckoView: 	at com.android.internal.os.RuntimeInit$MethodAndArgsCaller.run(RuntimeInit.java:584)
06-04 10:29:26.906 32331 32331 E GeckoView: 	at com.android.internal.os.ZygoteInit.main(ZygoteInit.java:1034)
06-04 10:29:26.928 32331  8117 E GeckoConsole: [JavaScript Error: "TypeError: can't access property "WindowEventDispatcher", win is null" {file: "resource://gre/modules/GeckoViewSessionStore.sys.mjs" line: 149}]
06-04 10:29:26.928 32331  8117 E GeckoConsole: onTabStateUpdate@resource://gre/modules/GeckoViewSessionStore.sys.mjs:149:5
06-04 10:29:26.928 32331  8117 E GeckoConsole: updateSessionStoreFromTabListener@resource://gre/modules/GeckoViewSessionStore.sys.mjs:243:10
06-04 10:29:26.928 32331  8117 E GeckoConsole: SSF_updateSessionStore@resource://gre/modules/SessionStoreFunctions.sys.mjs:46:27
06-04 10:29:26.928 32331  8117 E GeckoConsole: UpdateSessionStore@resource://gre/modules/SessionStoreFunctions.sys.mjs:16:46
06-04 10:29:26.937 32331 32331 W GeckoSession: No history entries found.
06-04 10:29:26.939 32331 32331 W View    : requestLayout() improperly called by helium314.keyboard.latin.panels.BrowserPanelView{cf8b627 G.E...... ......ID 0,0-1440,2040} during second layout pass: posting in next frame
06-04 10:29:27.535 28826 28872 W libc    : Access denied finding property "vendor.oplus.media.vpp.stutter"
06-04 10:29:27.563 32331 32331 W GeckoEventDispatcher: No listener for GeckoView:DismissClipboardPermissionRequest
06-04 10:29:27.572 32331  8117 E GeckoConsole: [JavaScript Error: "TypeError: can't access property "WindowEventDispatcher", win is null" {file: "resource://gre/modules/GeckoViewSessionStore.sys.mjs" line: 149}]
06-04 10:29:27.572 32331  8117 E GeckoConsole: onTabStateUpdate@resource://gre/modules/GeckoViewSessionStore.sys.mjs:149:5
06-04 10:29:27.572 32331  8117 E GeckoConsole: updateSessionStoreFromTabListener@resource://gre/modules/GeckoViewSessionStore.sys.mjs:243:10
06-04 10:29:27.572 32331  8117 E GeckoConsole: SSF_updateSessionStore@resource://gre/modules/SessionStoreFunctions.sys.mjs:46:27
06-04 10:29:27.572 32331  8117 E GeckoConsole: UpdateSessionStore@resource://gre/modules/SessionStoreFunctions.sys.mjs:16:46
06-04 10:29:27.753 28826 28895 W libc    : Access denied finding property "vendor.oplus.media.vpp.stutter"
06-04 10:29:28.416 32331 32331 W GeckoEventDispatcher: No listener for GeckoView:DismissClipboardPermissionRequest
06-04 10:29:28.421 32331  8117 E GeckoConsole: [JavaScript Error: "TypeError: can't access property "WindowEventDispatcher", win is null" {file: "resource://gre/modules/GeckoViewSessionStore.sys.mjs" line: 149}]
06-04 10:29:28.421 32331  8117 E GeckoConsole: onTabStateUpdate@resource://gre/modules/GeckoViewSessionStore.sys.mjs:149:5
06-04 10:29:28.421 32331  8117 E GeckoConsole: updateSessionStoreFromTabListener@resource://gre/modules/GeckoViewSessionStore.sys.mjs:243:10
06-04 10:29:28.421 32331  8117 E GeckoConsole: SSF_updateSessionStore@resource://gre/modules/SessionStoreFunctions.sys.mjs:46:27
06-04 10:29:28.421 32331  8117 E GeckoConsole: UpdateSessionStore@resource://gre/modules/SessionStoreFunctions.sys.mjs:16:46
06-04 10:29:28.536 28826 28872 W libc    : Access denied finding property "vendor.oplus.media.vpp.stutter"
06-04 10:29:28.754 28826 28895 W libc    : Access denied finding property "vendor.oplus.media.vpp.stutter"
06-04 10:29:29.135 32331 32331 W GeckoEventDispatcher: No listener for GeckoView:DismissClipboardPermissionRequest
06-04 10:29:29.136 32331  8117 E GeckoConsole: [JavaScript Error: "TypeError: can't access property "WindowEventDispatcher", win is null" {file: "resource://gre/modules/GeckoViewSessionStore.sys.mjs" line: 149}]
06-04 10:29:29.136 32331  8117 E GeckoConsole: onTabStateUpdate@resource://gre/modules/GeckoViewSessionStore.sys.mjs:149:5
06-04 10:29:29.136 32331  8117 E GeckoConsole: updateSessionStoreFromTabListener@resource://gre/modules/GeckoViewSessionStore.sys.mjs:243:10
06-04 10:29:29.136 32331  8117 E GeckoConsole: SSF_updateSessionStore@resource://gre/modules/SessionStoreFunctions.sys.mjs:46:27
06-04 10:29:29.136 32331  8117 E GeckoConsole: UpdateSessionStore@resource://gre/modules/SessionStoreFunctions.sys.mjs:16:46
06-04 10:29:29.538 28826 28872 W libc    : Access denied finding property "vendor.oplus.media.vpp.stutter"
06-04 10:29:29.643 32331 32331 W GeckoEventDispatcher: No listener for GeckoView:DismissClipboardPermissionRequest
06-04 10:29:29.648 32331  8117 E GeckoConsole: [JavaScript Error: "TypeError: can't access property "WindowEventDispatcher", win is null" {file: "resource://gre/modules/GeckoViewSessionStore.sys.mjs" line: 149}]
06-04 10:29:29.648 32331  8117 E GeckoConsole: onTabStateUpdate@resource://gre/modules/GeckoViewSessionStore.sys.mjs:149:5
06-04 10:29:29.648 32331  8117 E GeckoConsole: updateSessionStoreFromTabListener@resource://gre/modules/GeckoViewSessionStore.sys.mjs:243:10
06-04 10:29:29.648 32331  8117 E GeckoConsole: SSF_updateSessionStore@resource://gre/modules/SessionStoreFunctions.sys.mjs:46:27
06-04 10:29:29.648 32331  8117 E GeckoConsole: UpdateSessionStore@resource://gre/modules/SessionStoreFunctions.sys.mjs:16:46
06-04 10:29:29.755 28826 28895 W libc    : Access denied finding property "vendor.oplus.media.vpp.stutter"
06-04 10:29:30.538 28826 28872 W libc    : Access denied finding property "vendor.oplus.media.vpp.stutter"
06-04 10:29:30.756 28826 28895 W libc    : Access denied finding property "vendor.oplus.media.vpp.stutter"
06-04 10:29:30.979 32331 32366 W VibeKeyProfiler: Slow Kotlin Suggest: Total=22.58ms | locales=3 | typedLen=4 | candidates=18 parallelWait=22.35ms
06-04 10:29:31.539 28826 28872 W libc    : Access denied finding property "vendor.oplus.media.vpp.stutter"
06-04 10:29:31.756 28826 28895 W libc    : Access denied finding property "vendor.oplus.media.vpp.stutter"
06-04 10:29:32.286 32331 32366 W VibeKeyProfiler: Slow Native Suggest: Total=9.94ms | Init=0.17ms | TrieExpand(x5)=9.73ms | Scoring=0.05ms | inputSize=10
06-04 10:29:32.469 19115 19132 W Isolated Web Content: [JavaScript Warning: "The resource at “https://en.russiatoday.com/static/js/services.sharing.js?v=10” preloaded with link preload was not used within a few seconds. Make sure all attributes of the preload tag are set correctly." {file: "https://www.rt.com/" line: 0}]
06-04 10:29:32.476 28826 28848 W Codec2Client: query -- param skipped: index = 1342179345.
06-04 10:29:32.476 28826 28848 W Codec2Client: query -- param skipped: index = 2415921170.
06-04 10:29:32.476 28826 28848 W Codec2Client: query -- param skipped: index = 1610614798.
06-04 10:29:32.480 28826 28888 W Codec2Client: query -- param skipped: index = 1342179345.
06-04 10:29:32.480 28826 28888 W Codec2Client: query -- param skipped: index = 2415921170.
06-04 10:29:32.480 28826 28888 W Codec2Client: query -- param skipped: index = 1610614798.
06-04 10:29:32.784 32331 32366 W VibeKeyProfiler: Slow Native Suggest: Total=9.53ms | Init=0.02ms | TrieExpand(x22)=9.45ms | Scoring=0.05ms | inputSize=1
06-04 10:29:32.794 32331 32366 W VibeKeyProfiler: Slow Kotlin Suggest: Total=29.87ms | locales=3 | typedLen=0 | candidates=18 parallelWait=29.76ms
06-04 10:29:33.610 19115 19132 W Isolated Web Content: [JavaScript Warning: "The resource at “https://yastatic.net/s3/home/fonts/ys/3/text-variable-full.woff2” preloaded with link preload was not used within a few seconds. Make sure all attributes of the preload tag are set correctly." {file: "https://www.rt.com/" line: 0}]
06-04 10:29:33.763 28753 28770 W Isolated Web Content: [JavaScript Warning: "The resource at “https://odysee.com/public/font/v1/300.woff” preloaded with link preload was not used within a few seconds. Make sure all attributes of the preload tag are set correctly." {file: "https://odysee.com/%24/embed/%40RTDocumentary%3A4%2FSurviving-Krasnoarmeysk---RT.Doc%3A2?r=FPd9jo2TcK4WYUcfCf55TEoD35ZAtJCU" line: 0}]
06-04 10:29:33.763 28753 28770 W Isolated Web Content: [JavaScript Warning: "The resource at “https://odysee.com/public/font/v1/300i.woff” preloaded with link preload was not used within a few seconds. Make sure all attributes of the preload tag are set correctly." {file: "https://odysee.com/%24/embed/%40RTDocumentary%3A4%2FSurviving-Krasnoarmeysk---RT.Doc%3A2?r=FPd9jo2TcK4WYUcfCf55TEoD35ZAtJCU" line: 0}]
06-04 10:29:33.763 28753 28770 W Isolated Web Content: [JavaScript Warning: "The resource at “https://odysee.com/public/font/v1/400i.woff” preloaded with link preload was not used within a few seconds. Make sure all attributes of the preload tag are set correctly." {file: "https://odysee.com/%24/embed/%40RTDocumentary%3A4%2FSurviving-Krasnoarmeysk---RT.Doc%3A2?r=FPd9jo2TcK4WYUcfCf55TEoD35ZAtJCU" line: 0}]
06-04 10:29:33.763 28753 28770 W Isolated Web Content: [JavaScript Warning: "The resource at “https://odysee.com/public/font/v1/700i.woff” preloaded with link preload was not used within a few seconds. Make sure all attributes of the preload tag are set correctly." {file: "https://odysee.com/%24/embed/%40RTDocumentary%3A4%2FSurviving-Krasnoarmeysk---RT.Doc%3A2?r=FPd9jo2TcK4WYUcfCf55TEoD35ZAtJCU" line: 0}]
06-04 10:29:37.100 32331 32331 W GeckoEventDispatcher: No listener for GeckoView:DismissClipboardPermissionRequest
06-04 10:29:37.109 32331  8117 E GeckoConsole: [JavaScript Error: "TypeError: can't access property "WindowEventDispatcher", win is null" {file: "resource://gre/modules/GeckoViewSessionStore.sys.mjs" line: 149}]
06-04 10:29:37.109 32331  8117 E GeckoConsole: onTabStateUpdate@resource://gre/modules/GeckoViewSessionStore.sys.mjs:149:5
06-04 10:29:37.109 32331  8117 E GeckoConsole: updateSessionStoreFromTabListener@resource://gre/modules/GeckoViewSessionStore.sys.mjs:243:10
06-04 10:29:37.109 32331  8117 E GeckoConsole: SSF_updateSessionStore@resource://gre/modules/SessionStoreFunctions.sys.mjs:46:27
06-04 10:29:37.109 32331  8117 E GeckoConsole: UpdateSessionStore@resource://gre/modules/SessionStoreFunctions.sys.mjs:16:46
06-04 10:29:37.988 32331 32331 W GeckoEventDispatcher: No listener for GeckoView:DismissClipboardPermissionRequest
06-04 10:29:37.993 32331  8117 E GeckoConsole: [JavaScript Error: "TypeError: can't access property "WindowEventDispatcher", win is null" {file: "resource://gre/modules/GeckoViewSessionStore.sys.mjs" line: 149}]
06-04 10:29:37.993 32331  8117 E GeckoConsole: onTabStateUpdate@resource://gre/modules/GeckoViewSessionStore.sys.mjs:149:5
06-04 10:29:37.993 32331  8117 E GeckoConsole: updateSessionStoreFromTabListener@resource://gre/modules/GeckoViewSessionStore.sys.mjs:243:10
06-04 10:29:37.993 32331  8117 E GeckoConsole: SSF_updateSessionStore@resource://gre/modules/SessionStoreFunctions.sys.mjs:46:27
06-04 10:29:37.993 32331  8117 E GeckoConsole: UpdateSessionStore@resource://gre/modules/SessionStoreFunctions.sys.mjs:16:46
06-04 10:29:38.142 32331 32331 W Settings: Setting transition_animation_scale has moved from android.provider.Settings.System to android.provider.Settings.Global, returning read-only value.
06-04 10:29:43.450 32331 32410 E BLASTBufferQueue: BLASTBufferItemConsumer::onDisconnect()
06-04 10:29:43.701 32331 32410 E BLASTBufferQueue: BLASTBufferItemConsumer::onDisconnect()


2026-06-03 17:21:10.378520 W i0: Could not load system glide typing library jni_latinimegoogle: dlopen failed: library "libjni_latinimegoogle.so" not found
2026-06-03 17:21:10.405873 I startup: Starting com.vibekey.keyboard version 4.1.160 (4260) on Android 12 (SDK 31)
2026-06-03 17:21:10.414200 I LatinIME: Hardware accelerated drawing: true
2026-06-03 17:21:10.548444 I SymSpellProvider: Detected asset languages: []
2026-06-03 17:21:10.550531 I NgramPredictor: Detected bigram asset languages: []
2026-06-03 17:21:10.553588 I RecencyTracker: init loaded 0 language file(s)
2026-06-03 17:21:10.555755 I AdaptiveTouchModel: Loaded touch model: 6 keys
2026-06-03 17:21:10.556616 I ContactsSuggProvider: READ_CONTACTS permission not granted, skipping contacts load
2026-06-03 17:21:10.579221 W t: No editor info for this field. Bug?
2026-06-03 17:21:10.579333 I c: loadSettings
2026-06-03 17:21:10.595209 I o: resetDictionaries, force reloading main dictionary: false
2026-06-03 17:21:10.628214 I NgramPredictor: Detected bigram asset languages: []
2026-06-03 17:21:10.630424 I ConsentManager: UMP hydrate skipped: q6.k.getConsentInformation [class android.content.Context]
2026-06-03 17:21:10.631008 I AdManager: AdMob: publisher personalization DISABLED (non-personalized requests)
2026-06-03 17:21:10.634960 I SymSpellProvider: Detected asset languages: []
2026-06-03 17:21:10.871671 I AdManager: MobileAds.initialize scheduled — waiting for SDK + consent before loading ads
2026-06-03 17:21:10.873729 I LatinIME: ringer mode changed, zen_mode on: false
2026-06-03 17:21:11.318292 W BrowserGeckoPrewarm: Gecko prewarm error
java.lang.IllegalThreadStateException: Expected thread 2 ("main"), but running on thread 36821 ("DefaultDispatcher-worker-5")
	at org.mozilla.gecko.util.k.a(r8-map-id-dbc82bfd66fe86b14fed9c44a14963a2501c2af23fdf3a727588955521f114af:62)
	at org.mozilla.gecko.util.k.b(r8-map-id-dbc82bfd66fe86b14fed9c44a14963a2501c2af23fdf3a727588955521f114af:3)
	at org.mozilla.geckoview.GeckoRuntime.create(r8-map-id-dbc82bfd66fe86b14fed9c44a14963a2501c2af23fdf3a727588955521f114af:3)
	at y7.x1.a(r8-map-id-dbc82bfd66fe86b14fed9c44a14963a2501c2af23fdf3a727588955521f114af:171)
	at y7.x1.c(r8-map-id-dbc82bfd66fe86b14fed9c44a14963a2501c2af23fdf3a727588955521f114af:54)
	at i3.a.invokeSuspend(r8-map-id-dbc82bfd66fe86b14fed9c44a14963a2501c2af23fdf3a727588955521f114af:37)
	at t8.a.resumeWith(r8-map-id-dbc82bfd66fe86b14fed9c44a14963a2501c2af23fdf3a727588955521f114af:9)
	at m9.h0.run(r8-map-id-dbc82bfd66fe86b14fed9c44a14963a2501c2af23fdf3a727588955521f114af:115)
	at c5.t.run(r8-map-id-dbc82bfd66fe86b14fed9c44a14963a2501c2af23fdf3a727588955521f114af:76)
	at t9.j.run(r8-map-id-dbc82bfd66fe86b14fed9c44a14963a2501c2af23fdf3a727588955521f114af:3)
	at t9.a.run(r8-map-id-dbc82bfd66fe86b14fed9c44a14963a2501c2af23fdf3a727588955521f114af:88)

2026-06-03 17:21:16.408021 I c: loadSettings
2026-06-03 17:21:20.875517 I AdManager: MobileAds initialization complete
2026-06-03 17:21:20.875881 I ConsentManager: UMP hydrate skipped: q6.k.getConsentInformation [class android.content.Context]
2026-06-03 17:21:20.876094 I AdManager: Rewarded load start tier=PRIMARY unit=5224354917 waterfall=false
2026-06-03 17:21:21.463055 I SymSpellProvider: Built runtime SymSpell for es with 79999 words
2026-06-03 17:21:21.463247 I o: Built runtime SymSpell for es with 80015 words
2026-06-03 17:21:21.650918 I SymSpellProvider: Built runtime SymSpell for fr with 79961 words
2026-06-03 17:21:21.651058 I o: Built runtime SymSpell for fr with 80000 words
2026-06-03 17:21:23.104076 I SymSpellProvider: Built runtime SymSpell for en with 79998 words
2026-06-03 17:21:23.104230 I o: Built runtime SymSpell for en with 80017 words
2026-06-03 17:21:23.125982 I AdManager: Native ad loaded
2026-06-03 17:21:23.709402 I AdManager: Interstitial ad loaded
2026-06-03 17:21:24.180508 I AdManager: Rewarded ad loaded tier=PRIMARY
2026-06-03 17:48:17.514967 I c: loadSettings
2026-06-03 17:48:17.571925 I StickerImageManager: No sticker images on disk (empty cache confirmed)
2026-06-03 17:48:17.689485 I LatinIME: Starting input. Cursor position = 0,0
2026-06-03 17:48:17.689723 I c: loadSettings
2026-06-03 17:48:17.799173 I AdManager: Native ad view created
2026-06-03 17:48:18.078270 W BrowserGeckoPrewarm: Gecko prewarm error
java.lang.IllegalThreadStateException: Expected thread 2 ("main"), but running on thread 36802 ("DefaultDispatcher-worker-2")
	at org.mozilla.gecko.util.k.a(r8-map-id-dbc82bfd66fe86b14fed9c44a14963a2501c2af23fdf3a727588955521f114af:62)
	at org.mozilla.gecko.util.k.b(r8-map-id-dbc82bfd66fe86b14fed9c44a14963a2501c2af23fdf3a727588955521f114af:3)
	at org.mozilla.geckoview.GeckoRuntime.create(r8-map-id-dbc82bfd66fe86b14fed9c44a14963a2501c2af23fdf3a727588955521f114af:3)
	at y7.x1.a(r8-map-id-dbc82bfd66fe86b14fed9c44a14963a2501c2af23fdf3a727588955521f114af:171)
	at y7.x1.c(r8-map-id-dbc82bfd66fe86b14fed9c44a14963a2501c2af23fdf3a727588955521f114af:54)
	at i3.a.invokeSuspend(r8-map-id-dbc82bfd66fe86b14fed9c44a14963a2501c2af23fdf3a727588955521f114af:37)
	at t8.a.resumeWith(r8-map-id-dbc82bfd66fe86b14fed9c44a14963a2501c2af23fdf3a727588955521f114af:9)
