07-07 15:32:57.218 27974 27974 W LayerDrawable: 	at android.view.ViewGroup.layout(ViewGroup.java:6505)
07-07 15:32:57.218 27974 27974 W LayerDrawable: 	at android.view.ViewRootImpl.performLayout(ViewRootImpl.java:3936)
07-07 15:32:57.218 27974 27974 W LayerDrawable: 	at android.view.ViewRootImpl.performTraversals(ViewRootImpl.java:3338)
07-07 15:32:57.218 27974 27974 W LayerDrawable: 	at android.view.ViewRootImpl.doTraversal(ViewRootImpl.java:2305)
07-07 15:32:57.218 27974 27974 W LayerDrawable: 	at android.view.ViewRootImpl$TraversalRunnable.run(ViewRootImpl.java:9133)
07-07 15:32:57.218 27974 27974 W LayerDrawable: 	at android.view.Choreographer$CallbackRecord.run(Choreographer.java:1232)
07-07 15:32:57.218 27974 27974 W LayerDrawable: 	at android.view.Choreographer.doCallbacks(Choreographer.java:1029)
07-07 15:32:57.218 27974 27974 W LayerDrawable: 	at android.view.Choreographer.doFrame(Choreographer.java:934)
07-07 15:32:57.218 27974 27974 W LayerDrawable: 	at android.view.Choreographer$FrameDisplayEventReceiver.run(Choreographer.java:1217)
07-07 15:32:57.218 27974 27974 W LayerDrawable: 	at android.os.Handler.handleCallback(Handler.java:938)
07-07 15:32:57.218 27974 27974 W LayerDrawable: 	at android.os.Handler.dispatchMessage(Handler.java:99)
07-07 15:32:57.218 27974 27974 W LayerDrawable: 	at android.os.Looper.loopOnce(Looper.java:233)
07-07 15:32:57.218 27974 27974 W LayerDrawable: 	at android.os.Looper.loop(Looper.java:344)
07-07 15:32:57.218 27974 27974 W LayerDrawable: 	at android.app.ActivityThread.main(ActivityThread.java:8212)
07-07 15:32:57.218 27974 27974 W LayerDrawable: 	at java.lang.reflect.Method.invoke(Native Method)
07-07 15:32:57.218 27974 27974 W LayerDrawable: 	at com.android.internal.os.RuntimeInit$MethodAndArgsCaller.run(RuntimeInit.java:584)
07-07 15:32:57.218 27974 27974 W LayerDrawable: 	at com.android.internal.os.ZygoteInit.main(ZygoteInit.java:1034)
07-07 15:32:57.223 27974 28099 W AudioCapabilities: Unsupported mime audio/ffmpeg
07-07 15:32:57.225 27974 28099 W VideoCapabilities: Unsupported mime video/ffmpeg
07-07 15:32:57.226 27974 28099 W VideoCapabilities: Unrecognized profile/level 0/3 for video/mpeg2
07-07 15:32:57.226 27974 28099 W VideoCapabilities: Unrecognized profile/level 0/3 for video/mpeg2
07-07 15:32:57.228 27974 27974 W View    : requestLayout() improperly called by android.widget.LinearLayout{eb06ed0 V.E...... ......ID 0,1868-1440,2818 #7f0a011b app:id/main_keyboard_frame} during layout: running second layout pass
07-07 15:32:57.338 27974 27974 W LayerDrawable: Invalid drawable added to LayerDrawable! Drawable already belongs to another owner but does not expose a constant state.
07-07 15:32:57.338 27974 27974 W LayerDrawable: java.lang.RuntimeException
07-07 15:32:57.338 27974 27974 W LayerDrawable: 	at android.graphics.drawable.LayerDrawable$ChildDrawable.<init>(LayerDrawable.java:1857)
07-07 15:32:57.338 27974 27974 W LayerDrawable: 	at android.graphics.drawable.LayerDrawable$LayerState.<init>(LayerDrawable.java:1977)
07-07 15:32:57.338 27974 27974 W LayerDrawable: 	at android.graphics.drawable.LayerDrawable.createConstantState(LayerDrawable.java:174)
07-07 15:32:57.338 27974 27974 W LayerDrawable: 	at android.graphics.drawable.LayerDrawable.mutate(LayerDrawable.java:1782)
07-07 15:32:57.338 27974 27974 W LayerDrawable: 	at helium314.keyboard.latin.InputView.g(r8-map-id-ec6727825a8c664c09e9bcb8a1326c791c353a7c3db46ce7cce8f726f36ed7f9:551)
07-07 15:32:57.338 27974 27974 W LayerDrawable: 	at p7.z.a(r8-map-id-ec6727825a8c664c09e9bcb8a1326c791c353a7c3db46ce7cce8f726f36ed7f9:232)
07-07 15:32:57.338 27974 27974 W LayerDrawable: 	at a8.t0.run(r8-map-id-ec6727825a8c664c09e9bcb8a1326c791c353a7c3db46ce7cce8f726f36ed7f9:279)
07-07 15:32:57.338 27974 27974 W LayerDrawable: 	at helium314.keyboard.latin.InputView.f(r8-map-id-ec6727825a8c664c09e9bcb8a1326c791c353a7c3db46ce7cce8f726f36ed7f9:39)
07-07 15:32:57.338 27974 27974 W LayerDrawable: 	at i7.d0.a(r8-map-id-ec6727825a8c664c09e9bcb8a1326c791c353a7c3db46ce7cce8f726f36ed7f9:73)
07-07 15:32:57.338 27974 27974 W LayerDrawable: 	at a8.y0.run(r8-map-id-ec6727825a8c664c09e9bcb8a1326c791c353a7c3db46ce7cce8f726f36ed7f9:411)
07-07 15:32:57.338 27974 27974 W LayerDrawable: 	at android.os.Handler.handleCallback(Handler.java:938)
07-07 15:32:57.338 27974 27974 W LayerDrawable: 	at android.os.Handler.dispatchMessage(Handler.java:99)
07-07 15:32:57.338 27974 27974 W LayerDrawable: 	at android.os.Looper.loopOnce(Looper.java:233)
07-07 15:32:57.338 27974 27974 W LayerDrawable: 	at android.os.Looper.loop(Looper.java:344)
07-07 15:32:57.338 27974 27974 W LayerDrawable: 	at android.app.ActivityThread.main(ActivityThread.java:8212)
07-07 15:32:57.338 27974 27974 W LayerDrawable: 	at java.lang.reflect.Method.invoke(Native Method)
07-07 15:32:57.338 27974 27974 W LayerDrawable: 	at com.android.internal.os.RuntimeInit$MethodAndArgsCaller.run(RuntimeInit.java:584)
07-07 15:32:57.338 27974 27974 W LayerDrawable: 	at com.android.internal.os.ZygoteInit.main(ZygoteInit.java:1034)
07-07 15:32:57.355 27974 27974 W LayerDrawable: Invalid drawable added to LayerDrawable! Drawable already belongs to another owner but does not expose a constant state.
07-07 15:32:57.355 27974 27974 W LayerDrawable: java.lang.RuntimeException
07-07 15:32:57.355 27974 27974 W LayerDrawable: 	at android.graphics.drawable.LayerDrawable$ChildDrawable.<init>(LayerDrawable.java:1857)
07-07 15:32:57.355 27974 27974 W LayerDrawable: 	at android.graphics.drawable.LayerDrawable$LayerState.<init>(LayerDrawable.java:1977)
07-07 15:32:57.355 27974 27974 W LayerDrawable: 	at android.graphics.drawable.LayerDrawable.createConstantState(LayerDrawable.java:174)
07-07 15:32:57.355 27974 27974 W LayerDrawable: 	at android.graphics.drawable.LayerDrawable.mutate(LayerDrawable.java:1782)
07-07 15:32:57.355 27974 27974 W LayerDrawable: 	at helium314.keyboard.latin.InputView.g(r8-map-id-ec6727825a8c664c09e9bcb8a1326c791c353a7c3db46ce7cce8f726f36ed7f9:551)
07-07 15:32:57.355 27974 27974 W LayerDrawable: 	at p7.z.a(r8-map-id-ec6727825a8c664c09e9bcb8a1326c791c353a7c3db46ce7cce8f726f36ed7f9:232)
07-07 15:32:57.355 27974 27974 W LayerDrawable: 	at a8.t0.run(r8-map-id-ec6727825a8c664c09e9bcb8a1326c791c353a7c3db46ce7cce8f726f36ed7f9:279)
07-07 15:32:57.355 27974 27974 W LayerDrawable: 	at helium314.keyboard.latin.InputView.f(r8-map-id-ec6727825a8c664c09e9bcb8a1326c791c353a7c3db46ce7cce8f726f36ed7f9:39)
07-07 15:32:57.355 27974 27974 W LayerDrawable: 	at i7.d0.a(r8-map-id-ec6727825a8c664c09e9bcb8a1326c791c353a7c3db46ce7cce8f726f36ed7f9:73)
07-07 15:32:57.355 27974 27974 W LayerDrawable: 	at a8.y0.run(r8-map-id-ec6727825a8c664c09e9bcb8a1326c791c353a7c3db46ce7cce8f726f36ed7f9:411)
07-07 15:32:57.355 27974 27974 W LayerDrawable: 	at android.os.Handler.handleCallback(Handler.java:938)
07-07 15:32:57.355 27974 27974 W LayerDrawable: 	at android.os.Handler.dispatchMessage(Handler.java:99)
07-07 15:32:57.355 27974 27974 W LayerDrawable: 	at android.os.Looper.loopOnce(Looper.java:233)
07-07 15:32:57.355 27974 27974 W LayerDrawable: 	at android.os.Looper.loop(Looper.java:344)
07-07 15:32:57.355 27974 27974 W LayerDrawable: 	at android.app.ActivityThread.main(ActivityThread.java:8212)
07-07 15:32:57.355 27974 27974 W LayerDrawable: 	at java.lang.reflect.Method.invoke(Native Method)
07-07 15:32:57.355 27974 27974 W LayerDrawable: 	at com.android.internal.os.RuntimeInit$MethodAndArgsCaller.run(RuntimeInit.java:584)
07-07 15:32:57.355 27974 27974 W LayerDrawable: 	at com.android.internal.os.ZygoteInit.main(ZygoteInit.java:1034)
07-07 15:32:57.359 27974 27974 W LayerDrawable: Invalid drawable added to LayerDrawable! Drawable already belongs to another owner but does not expose a constant state.
07-07 15:32:57.359 27974 27974 W LayerDrawable: java.lang.RuntimeException
07-07 15:32:57.359 27974 27974 W LayerDrawable: 	at android.graphics.drawable.LayerDrawable$ChildDrawable.<init>(LayerDrawable.java:1857)
07-07 15:32:57.359 27974 27974 W LayerDrawable: 	at android.graphics.drawable.LayerDrawable$LayerState.<init>(LayerDrawable.java:1977)
07-07 15:32:57.359 27974 27974 W LayerDrawable: 	at android.graphics.drawable.LayerDrawable.createConstantState(LayerDrawable.java:174)
07-07 15:32:57.359 27974 27974 W LayerDrawable: 	at android.graphics.drawable.LayerDrawable.mutate(LayerDrawable.java:1782)
07-07 15:32:57.359 27974 27974 W LayerDrawable: 	at helium314.keyboard.latin.InputView.g(r8-map-id-ec6727825a8c664c09e9bcb8a1326c791c353a7c3db46ce7cce8f726f36ed7f9:551)
07-07 15:32:57.359 27974 27974 W LayerDrawable: 	at p7.z.a(r8-map-id-ec6727825a8c664c09e9bcb8a1326c791c353a7c3db46ce7cce8f726f36ed7f9:232)
07-07 15:32:57.359 27974 27974 W LayerDrawable: 	at a8.t0.run(r8-map-id-ec6727825a8c664c09e9bcb8a1326c791c353a7c3db46ce7cce8f726f36ed7f9:279)
07-07 15:32:57.359 27974 27974 W LayerDrawable: 	at helium314.keyboard.latin.InputView.f(r8-map-id-ec6727825a8c664c09e9bcb8a1326c791c353a7c3db46ce7cce8f726f36ed7f9:39)
07-07 15:32:57.359 27974 27974 W LayerDrawable: 	at i7.d0.a(r8-map-id-ec6727825a8c664c09e9bcb8a1326c791c353a7c3db46ce7cce8f726f36ed7f9:73)
07-07 15:32:57.359 27974 27974 W LayerDrawable: 	at a8.y0.run(r8-map-id-ec6727825a8c664c09e9bcb8a1326c791c353a7c3db46ce7cce8f726f36ed7f9:411)
07-07 15:32:57.359 27974 27974 W LayerDrawable: 	at android.os.Handler.handleCallback(Handler.java:938)
07-07 15:32:57.359 27974 27974 W LayerDrawable: 	at android.os.Handler.dispatchMessage(Handler.java:99)
07-07 15:32:57.359 27974 27974 W LayerDrawable: 	at android.os.Looper.loopOnce(Looper.java:233)
07-07 15:32:57.359 27974 27974 W LayerDrawable: 	at android.os.Looper.loop(Looper.java:344)
07-07 15:32:57.359 27974 27974 W LayerDrawable: 	at android.app.ActivityThread.main(ActivityThread.java:8212)
07-07 15:32:57.359 27974 27974 W LayerDrawable: 	at java.lang.reflect.Method.invoke(Native Method)
07-07 15:32:57.359 27974 27974 W LayerDrawable: 	at com.android.internal.os.RuntimeInit$MethodAndArgsCaller.run(RuntimeInit.java:584)
07-07 15:32:57.359 27974 27974 W LayerDrawable: 	at com.android.internal.os.ZygoteInit.main(ZygoteInit.java:1034)
07-07 15:32:57.361 27974 27974 W LayerDrawable: Invalid drawable added to LayerDrawable! Drawable already belongs to another owner but does not expose a constant state.
07-07 15:32:57.361 27974 27974 W LayerDrawable: java.lang.RuntimeException
07-07 15:32:57.361 27974 27974 W LayerDrawable: 	at android.graphics.drawable.LayerDrawable$ChildDrawable.<init>(LayerDrawable.java:1857)
07-07 15:32:57.361 27974 27974 W LayerDrawable: 	at android.graphics.drawable.LayerDrawable$LayerState.<init>(LayerDrawable.java:1977)
07-07 15:32:57.361 27974 27974 W LayerDrawable: 	at android.graphics.drawable.LayerDrawable.createConstantState(LayerDrawable.java:174)
07-07 15:32:57.361 27974 27974 W LayerDrawable: 	at android.graphics.drawable.LayerDrawable.mutate(LayerDrawable.java:1782)
07-07 15:32:57.361 27974 27974 W LayerDrawable: 	at helium314.keyboard.latin.InputView.g(r8-map-id-ec6727825a8c664c09e9bcb8a1326c791c353a7c3db46ce7cce8f726f36ed7f9:551)
07-07 15:32:57.361 27974 27974 W LayerDrawable: 	at p7.z.a(r8-map-id-ec6727825a8c664c09e9bcb8a1326c791c353a7c3db46ce7cce8f726f36ed7f9:232)
07-07 15:32:57.361 27974 27974 W LayerDrawable: 	at a8.t0.run(r8-map-id-ec6727825a8c664c09e9bcb8a1326c791c353a7c3db46ce7cce8f726f36ed7f9:279)
07-07 15:32:57.361 27974 27974 W LayerDrawable: 	at helium314.keyboard.latin.InputView.f(r8-map-id-ec6727825a8c664c09e9bcb8a1326c791c353a7c3db46ce7cce8f726f36ed7f9:39)
07-07 15:32:57.361 27974 27974 W LayerDrawable: 	at i7.d0.a(r8-map-id-ec6727825a8c664c09e9bcb8a1326c791c353a7c3db46ce7cce8f726f36ed7f9:73)
07-07 15:32:57.361 27974 27974 W LayerDrawable: 	at a8.y0.run(r8-map-id-ec6727825a8c664c09e9bcb8a1326c791c353a7c3db46ce7cce8f726f36ed7f9:411)
07-07 15:32:57.361 27974 27974 W LayerDrawable: 	at android.os.Handler.handleCallback(Handler.java:938)
07-07 15:32:57.361 27974 27974 W LayerDrawable: 	at android.os.Handler.dispatchMessage(Handler.java:99)
07-07 15:32:57.361 27974 27974 W LayerDrawable: 	at android.os.Looper.loopOnce(Looper.java:233)
07-07 15:32:57.361 27974 27974 W LayerDrawable: 	at android.os.Looper.loop(Looper.java:344)
07-07 15:32:57.361 27974 27974 W LayerDrawable: 	at android.app.ActivityThread.main(ActivityThread.java:8212)
07-07 15:32:57.361 27974 27974 W LayerDrawable: 	at java.lang.reflect.Method.invoke(Native Method)
07-07 15:32:57.361 27974 27974 W LayerDrawable: 	at com.android.internal.os.RuntimeInit$MethodAndArgsCaller.run(RuntimeInit.java:584)
07-07 15:32:57.361 27974 27974 W LayerDrawable: 	at com.android.internal.os.ZygoteInit.main(ZygoteInit.java:1034)
07-07 15:32:57.371 27974 28054 E BLASTBufferQueue: BLASTBufferItemConsumer::onDisconnect()
07-07 15:32:57.508 27974 28176 W Settings: Setting animator_duration_scale has moved from android.provider.Settings.System to android.provider.Settings.Global, returning read-only global URI.
07-07 15:32:57.519 27974 28176 E GeckoLibLoad: Load sqlite start
07-07 15:32:57.520 27974 28176 E GeckoLibLoad: Load sqlite done
07-07 15:32:57.520 27974 28176 E GeckoLibLoad: Load nss start
07-07 15:32:57.520 27974 28176 E GeckoLibLoad: Load nss done
07-07 15:32:57.532 27974 28176 E GeckoLibLoad: Loaded libs in 9.631666ms total, 8ms(23ms) user, 0ms(8ms) system, 0(0) faults
07-07 15:32:57.533 27974 28176 W GeckoThread: zerdatime 66669523 - runGecko
07-07 15:32:57.590 27974 27974 W com.vibekey.keyboard: type=1400 audit(0.0:18311): avc: denied { bind } for comm=4E65746C696E6B204D6F6E69746F72 scontext=u:r:untrusted_app:s0:c92,c272,c512,c768 tcontext=u:r:untrusted_app:s0:c92,c272,c512,c768 tclass=netlink_route_socket permissive=0 bug=b/155595000 app=com.vibekey.keyboard
07-07 15:32:57.614 27974 28176 E ibekey.keyboar: hiddenapi: Accessing hidden field Ljava/lang/Boolean;->value:Z (runtime_flags=0, domain=core-platform, api=max-target-p) from Lorg/mozilla/gecko/GeckoThread; (domain=app, TargetSdkVersion=35) using JNI: denied
07-07 15:32:57.614 27974 28176 E ibekey.keyboar: hiddenapi: Accessing hidden field Ljava/lang/Integer;->value:I (runtime_flags=0, domain=core-platform, api=max-target-p) from Lorg/mozilla/gecko/GeckoThread; (domain=app, TargetSdkVersion=35) using JNI: denied
07-07 15:32:57.614 27974 28176 E ibekey.keyboar: hiddenapi: Accessing hidden field Ljava/lang/Long;->value:J (runtime_flags=0, domain=core-platform, api=max-target-p) from Lorg/mozilla/gecko/GeckoThread; (domain=app, TargetSdkVersion=35) using JNI: denied
07-07 15:32:57.614 27974 28176 E ibekey.keyboar: hiddenapi: Accessing hidden field Ljava/lang/Double;->value:D (runtime_flags=0, domain=core-platform, api=max-target-p) from Lorg/mozilla/gecko/GeckoThread; (domain=app, TargetSdkVersion=35) using JNI: denied
07-07 15:32:57.692 28197 28197 E .keyboard:tab2: Unknown bits set in runtime_flags: 0x40000000
07-07 15:32:58.226 27974 28144 I OnDeviceAssist: ▶ assist_ipc task=topic_tags in=21 chars
07-07 15:32:58.235 27271 27527 I OnDeviceAssist: dispatch task=topic_tags in=21 chars engine=Warming
07-07 15:32:58.236 27271 27527 I OnDeviceAssist: ▶ runSync task=topic_tags in=21 chars locale=pt
07-07 15:32:58.268 27271 27296 I OnDeviceAssist: warm ok model=qwen2.5-0.5b-instruct-q4_0.gguf ambient=41 chars 451ms
07-07 15:32:58.323 27271 27527 I OnDeviceAssist: → llm task=topic_tags model=qwen2.5-0.5b-instruct-q4_0.gguf temp=0.22 maxTok=42
07-07 15:32:59.518 27974 27974 W LayerDrawable: Invalid drawable added to LayerDrawable! Drawable already belongs to another owner but does not expose a constant state.
07-07 15:32:59.518 27974 27974 W LayerDrawable: java.lang.RuntimeException
07-07 15:32:59.518 27974 27974 W LayerDrawable: 	at android.graphics.drawable.LayerDrawable$ChildDrawable.<init>(LayerDrawable.java:1857)
07-07 15:32:59.518 27974 27974 W LayerDrawable: 	at android.graphics.drawable.LayerDrawable$LayerState.<init>(LayerDrawable.java:1977)
07-07 15:32:59.518 27974 27974 W LayerDrawable: 	at android.graphics.drawable.LayerDrawable.createConstantState(LayerDrawable.java:174)
07-07 15:32:59.518 27974 27974 W LayerDrawable: 	at android.graphics.drawable.LayerDrawable.mutate(LayerDrawable.java:1782)
07-07 15:32:59.518 27974 27974 W LayerDrawable: 	at helium314.keyboard.latin.InputView.g(r8-map-id-ec6727825a8c664c09e9bcb8a1326c791c353a7c3db46ce7cce8f726f36ed7f9:551)
07-07 15:32:59.518 27974 27974 W LayerDrawable: 	at p7.z.a(r8-map-id-ec6727825a8c664c09e9bcb8a1326c791c353a7c3db46ce7cce8f726f36ed7f9:232)
07-07 15:32:59.518 27974 27974 W LayerDrawable: 	at a8.t0.run(r8-map-id-ec6727825a8c664c09e9bcb8a1326c791c353a7c3db46ce7cce8f726f36ed7f9:279)
07-07 15:32:59.518 27974 27974 W LayerDrawable: 	at helium314.keyboard.latin.InputView.f(r8-map-id-ec6727825a8c664c09e9bcb8a1326c791c353a7c3db46ce7cce8f726f36ed7f9:39)
07-07 15:32:59.518 27974 27974 W LayerDrawable: 	at i7.d0.a(r8-map-id-ec6727825a8c664c09e9bcb8a1326c791c353a7c3db46ce7cce8f726f36ed7f9:73)
07-07 15:32:59.518 27974 27974 W LayerDrawable: 	at i7.d0.r(r8-map-id-ec6727825a8c664c09e9bcb8a1326c791c353a7c3db46ce7cce8f726f36ed7f9:245)
07-07 15:32:59.518 27974 27974 W LayerDrawable: 	at i7.d0.U(r8-map-id-ec6727825a8c664c09e9bcb8a1326c791c353a7c3db46ce7cce8f726f36ed7f9:53)
07-07 15:32:59.518 27974 27974 W LayerDrawable: 	at i7.d0.R(r8-map-id-ec6727825a8c664c09e9bcb8a1326c791c353a7c3db46ce7cce8f726f36ed7f9:3)
07-07 15:32:59.518 27974 27974 W LayerDrawable: 	at m7.o0.c(r8-map-id-ec6727825a8c664c09e9bcb8a1326c791c353a7c3db46ce7cce8f726f36ed7f9:12)
07-07 15:32:59.518 27974 27974 W LayerDrawable: 	at m7.o0.b(r8-map-id-ec6727825a8c664c09e9bcb8a1326c791c353a7c3db46ce7cce8f726f36ed7f9:51)
07-07 15:32:59.518 27974 27974 W LayerDrawable: 	at i7.d0.w(r8-map-id-ec6727825a8c664c09e9bcb8a1326c791c353a7c3db46ce7cce8f726f36ed7f9:91)
07-07 15:32:59.518 27974 27974 W LayerDrawable: 	at i7.d0.H(r8-map-id-ec6727825a8c664c09e9bcb8a1326c791c353a7c3db46ce7cce8f726f36ed7f9:30)
07-07 15:32:59.518 27974 27974 W LayerDrawable: 	at helium314.keyboard.latin.LatinIME.onStartInputView(r8-map-id-ec6727825a8c664c09e9bcb8a1326c791c353a7c3db46ce7cce8f726f36ed7f9:910)
07-07 15:32:59.518 27974 27974 W LayerDrawable: 	at android.inputmethodservice.InputMethodService.doStartInput(InputMethodService.java:2556)
07-07 15:32:59.518 27974 27974 W LayerDrawable: 	at android.inputmethodservice.InputMethodService$InputMethodImpl.startInput(InputMethodService.java:713)
07-07 15:32:59.518 27974 27974 W LayerDrawable: 	at android.inputmethodservice.InputMethodService$InputMethodImpl.dispatchStartInputWithToken(InputMethodService.java:743)
07-07 15:32:59.518 27974 27974 W LayerDrawable: 	at android.inputmethodservice.IInputMethodWrapper.executeMessage(IInputMethodWrapper.java:199)
07-07 15:32:59.518 27974 27974 W LayerDrawable: 	at com.android.internal.os.HandlerCaller$MyHandler.handleMessage(HandlerCaller.java:44)
07-07 15:32:59.518 27974 27974 W LayerDrawable: 	at android.os.Handler.dispatchMessage(Handler.java:106)
07-07 15:32:59.518 27974 27974 W LayerDrawable: 	at android.os.Looper.loopOnce(Looper.java:233)
07-07 15:32:59.518 27974 27974 W LayerDrawable: 	at android.os.Looper.loop(Looper.java:344)
07-07 15:32:59.518 27974 27974 W LayerDrawable: 	at android.app.ActivityThread.main(ActivityThread.java:8212)
07-07 15:32:59.518 27974 27974 W LayerDrawable: 	at java.lang.reflect.Method.invoke(Native Method)
07-07 15:32:59.518 27974 27974 W LayerDrawable: 	at com.android.internal.os.RuntimeInit$MethodAndArgsCaller.run(RuntimeInit.java:584)
07-07 15:32:59.518 27974 27974 W LayerDrawable: 	at com.android.internal.os.ZygoteInit.main(ZygoteInit.java:1034)
07-07 15:32:59.642 27974 27974 W LayerDrawable: Invalid drawable added to LayerDrawable! Drawable already belongs to another owner but does not expose a constant state.
07-07 15:32:59.642 27974 27974 W LayerDrawable: java.lang.RuntimeException
07-07 15:32:59.642 27974 27974 W LayerDrawable: 	at android.graphics.drawable.LayerDrawable$ChildDrawable.<init>(LayerDrawable.java:1857)
07-07 15:32:59.642 27974 27974 W LayerDrawable: 	at android.graphics.drawable.LayerDrawable$LayerState.<init>(LayerDrawable.java:1977)
07-07 15:32:59.642 27974 27974 W LayerDrawable: 	at android.graphics.drawable.LayerDrawable.createConstantState(LayerDrawable.java:174)
07-07 15:32:59.642 27974 27974 W LayerDrawable: 	at android.graphics.drawable.LayerDrawable.mutate(LayerDrawable.java:1782)
07-07 15:32:59.642 27974 27974 W LayerDrawable: 	at helium314.keyboard.latin.InputView.g(r8-map-id-ec6727825a8c664c09e9bcb8a1326c791c353a7c3db46ce7cce8f726f36ed7f9:551)
07-07 15:32:59.642 27974 27974 W LayerDrawable: 	at p7.z.a(r8-map-id-ec6727825a8c664c09e9bcb8a1326c791c353a7c3db46ce7cce8f726f36ed7f9:232)
07-07 15:32:59.642 27974 27974 W LayerDrawable: 	at a8.t0.run(r8-map-id-ec6727825a8c664c09e9bcb8a1326c791c353a7c3db46ce7cce8f726f36ed7f9:279)
07-07 15:32:59.642 27974 27974 W LayerDrawable: 	at helium314.keyboard.latin.InputView.f(r8-map-id-ec6727825a8c664c09e9bcb8a1326c791c353a7c3db46ce7cce8f726f36ed7f9:39)
07-07 15:32:59.642 27974 27974 W LayerDrawable: 	at i7.d0.a(r8-map-id-ec6727825a8c664c09e9bcb8a1326c791c353a7c3db46ce7cce8f726f36ed7f9:73)
07-07 15:32:59.642 27974 27974 W LayerDrawable: 	at a8.y0.run(r8-map-id-ec6727825a8c664c09e9bcb8a1326c791c353a7c3db46ce7cce8f726f36ed7f9:411)
07-07 15:32:59.642 27974 27974 W LayerDrawable: 	at android.os.Handler.handleCallback(Handler.java:938)
07-07 15:32:59.642 27974 27974 W LayerDrawable: 	at android.os.Handler.dispatchMessage(Handler.java:99)
07-07 15:32:59.642 27974 27974 W LayerDrawable: 	at android.os.Looper.loopOnce(Looper.java:233)
07-07 15:32:59.642 27974 27974 W LayerDrawable: 	at android.os.Looper.loop(Looper.java:344)
07-07 15:32:59.642 27974 27974 W LayerDrawable: 	at android.app.ActivityThread.main(ActivityThread.java:8212)
07-07 15:32:59.642 27974 27974 W LayerDrawable: 	at java.lang.reflect.Method.invoke(Native Method)
07-07 15:32:59.642 27974 27974 W LayerDrawable: 	at com.android.internal.os.RuntimeInit$MethodAndArgsCaller.run(RuntimeInit.java:584)
07-07 15:32:59.642 27974 27974 W LayerDrawable: 	at com.android.internal.os.ZygoteInit.main(ZygoteInit.java:1034)
07-07 15:32:59.798 27974 27974 E Ads     : JS: Uncaught TypeError: Cannot read properties of null (reading 's') (https://pagead2.googlesyndication.com/omsdk/releases/live/omsdk-v1.js:27)
07-07 15:33:00.086 27974 27974 E Ads     : JS: Refused to get unsafe header "X-Afma-Gcache-IsGcacheHit" (https://www.gstatic.com/mysidia/18f82a7e858a826fb1ec350454dac03b.js?tag=addon/rewarded_video:422)
07-07 15:33:00.103 27974 27974 W Ads     : canOpenAppGmsgHandler disabled.
07-07 15:33:00.105 27974 27974 W Ads     : canOpenAppGmsgHandler disabled.
07-07 15:33:00.106 27974 27974 W Ads     : canOpenAppGmsgHandler disabled.
07-07 15:33:00.107 27974 27974 W Ads     : canOpenAppGmsgHandler disabled.
07-07 15:33:00.107 27974 27974 W Ads     : canOpenAppGmsgHandler disabled.
07-07 15:33:00.109 27974 27974 W Ads     : canOpenAppGmsgHandler disabled.
07-07 15:33:00.117 27974 27974 W Ads     : canOpenAppGmsgHandler disabled.
07-07 15:33:00.119 27974 27974 W Ads     : canOpenAppGmsgHandler disabled.
07-07 15:33:00.121 27974 27974 W Ads     : canOpenAppGmsgHandler disabled.
07-07 15:33:00.124 27974 27974 W Ads     : canOpenAppGmsgHandler disabled.
07-07 15:33:00.189 27271 27919 I OnDeviceAssist: warm ok model=qwen2.5-0.5b-instruct-q4_0.gguf ambient=41 chars 196ms
07-07 15:33:00.189 27271 27527 W OnDeviceAssist: ✗ llm task=topic_tags 1867ms: Assist prompt decode failed
07-07 15:33:00.189 27271 27919 W OnDeviceAssist: failed task=topic_tags 1954ms
07-07 15:33:00.192 27974 28316 W OnDeviceAssist: ✗ assist (ime) task=topic_tags 1967ms: Assist prompt decode failed
07-07 15:33:00.199 27974 28274 W OnDeviceLlmPrewarm: topic hints failed (keyboard_open): Assist prompt decode failed
07-07 15:33:00.213 27974 27974 W Ads     : canOpenAppGmsgHandler disabled.
07-07 15:33:00.213 27974 27974 W Ads     : canOpenAppGmsgHandler disabled.
07-07 15:33:00.213 27974 27974 W Ads     : canOpenAppGmsgHandler disabled.
07-07 15:33:00.265 27974 28035 W Ads     : Not retrying to fetch app settings
07-07 15:33:00.292 27974 27974 E Ads     : JS: Refused to get unsafe header "X-Afma-Gcache-IsGcacheHit" (https://www.gstatic.com/mysidia/18f82a7e858a826fb1ec350454dac03b.js?tag=addon/rewarded_video:422)
07-07 15:33:00.391 27974 28080 W libc    : Access denied finding property "vendor.oplus.media.vpp.stutter"
07-07 15:33:00.391 27974 28080 E MULTIMEDIAConfig: [getInt32:L80] Not find config, Returning default
07-07 15:33:00.391 27974 28080 E MULTIMEDIAConfig: [getInt32:L80] Not find config, Returning default
07-07 15:33:00.391 27974 28080 E OplusACodec: [OplusACodec:204] mSrOsieMMListCheckResult:0x0 mOsieVersion:1
07-07 15:33:00.409 27974 28339 E OplusACodec: [GetVideoCodingTypeFromMime:L1162] mime:video/x-vnd.on2.vp9
07-07 15:33:01.482 27974 27974 W LayerDrawable: Invalid drawable added to LayerDrawable! Drawable already belongs to another owner but does not expose a constant state.
07-07 15:33:01.482 27974 27974 W LayerDrawable: java.lang.RuntimeException
07-07 15:33:01.482 27974 27974 W LayerDrawable: 	at android.graphics.drawable.LayerDrawable$ChildDrawable.<init>(LayerDrawable.java:1857)
07-07 15:33:01.482 27974 27974 W LayerDrawable: 	at android.graphics.drawable.LayerDrawable$LayerState.<init>(LayerDrawable.java:1977)
07-07 15:33:01.482 27974 27974 W LayerDrawable: 	at android.graphics.drawable.LayerDrawable.createConstantState(LayerDrawable.java:174)
07-07 15:33:01.482 27974 27974 W LayerDrawable: 	at android.graphics.drawable.LayerDrawable.mutate(LayerDrawable.java:1782)
07-07 15:33:01.482 27974 27974 W LayerDrawable: 	at helium314.keyboard.latin.InputView.g(r8-map-id-ec6727825a8c664c09e9bcb8a1326c791c353a7c3db46ce7cce8f726f36ed7f9:551)
07-07 15:33:01.482 27974 27974 W LayerDrawable: 	at p7.z.a(r8-map-id-ec6727825a8c664c09e9bcb8a1326c791c353a7c3db46ce7cce8f726f36ed7f9:232)
07-07 15:33:01.482 27974 27974 W LayerDrawable: 	at a8.t0.run(r8-map-id-ec6727825a8c664c09e9bcb8a1326c791c353a7c3db46ce7cce8f726f36ed7f9:279)
07-07 15:33:01.482 27974 27974 W LayerDrawable: 	at helium314.keyboard.latin.InputView.f(r8-map-id-ec6727825a8c664c09e9bcb8a1326c791c353a7c3db46ce7cce8f726f36ed7f9:39)
07-07 15:33:01.482 27974 27974 W LayerDrawable: 	at i7.d0.a(r8-map-id-ec6727825a8c664c09e9bcb8a1326c791c353a7c3db46ce7cce8f726f36ed7f9:73)
07-07 15:33:01.482 27974 27974 W LayerDrawable: 	at i7.d0.z(r8-map-id-ec6727825a8c664c09e9bcb8a1326c791c353a7c3db46ce7cce8f726f36ed7f9:284)
07-07 15:33:01.482 27974 27974 W LayerDrawable: 	at helium314.keyboard.latin.LatinIME.hideWindow(r8-map-id-ec6727825a8c664c09e9bcb8a1326c791c353a7c3db46ce7cce8f726f36ed7f9:37)
07-07 15:33:01.482 27974 27974 W LayerDrawable: 	at android.inputmethodservice.InputMethodService.doHideWindow(InputMethodService.java:2441)
07-07 15:33:01.482 27974 27974 W LayerDrawable: 	at android.inputmethodservice.InputMethodService.access$500(InputMethodService.java:307)
07-07 15:33:01.482 27974 27974 W LayerDrawable: 	at android.inputmethodservice.InputMethodService$InputMethodImpl.hideSoftInput(InputMethodService.java:795)
07-07 15:33:01.482 27974 27974 W LayerDrawable: 	at android.inputmethodservice.InputMethodService$InputMethodImpl.hideSoftInputWithToken(InputMethodService.java:757)
07-07 15:33:01.482 27974 27974 W LayerDrawable: 	at android.inputmethodservice.IInputMethodWrapper.executeMessage(IInputMethodWrapper.java:232)
07-07 15:33:01.482 27974 27974 W LayerDrawable: 	at com.android.internal.os.HandlerCaller$MyHandler.handleMessage(HandlerCaller.java:44)
07-07 15:33:01.482 27974 27974 W LayerDrawable: 	at android.os.Handler.dispatchMessage(Handler.java:106)
07-07 15:33:01.482 27974 27974 W LayerDrawable: 	at android.os.Looper.loopOnce(Looper.java:233)
07-07 15:33:01.482 27974 27974 W LayerDrawable: 	at android.os.Looper.loop(Looper.java:344)
07-07 15:33:01.482 27974 27974 W LayerDrawable: 	at android.app.ActivityThread.main(ActivityThread.java:8212)
07-07 15:33:01.482 27974 27974 W LayerDrawable: 	at java.lang.reflect.Method.invoke(Native Method)
07-07 15:33:01.482 27974 27974 W LayerDrawable: 	at com.android.internal.os.RuntimeInit$MethodAndArgsCaller.run(RuntimeInit.java:584)
07-07 15:33:01.482 27974 27974 W LayerDrawable: 	at com.android.internal.os.ZygoteInit.main(ZygoteInit.java:1034)
07-07 15:33:01.529 27974 28318 W libc    : Access denied finding property "vendor.oplus.media.vpp.stutter"
07-07 15:33:01.567 27974 27974 W LayerDrawable: Invalid drawable added to LayerDrawable! Drawable already belongs to another owner but does not expose a constant state.
07-07 15:33:01.567 27974 27974 W LayerDrawable: java.lang.RuntimeException
07-07 15:33:01.567 27974 27974 W LayerDrawable: 	at android.graphics.drawable.LayerDrawable$ChildDrawable.<init>(LayerDrawable.java:1857)
07-07 15:33:01.567 27974 27974 W LayerDrawable: 	at android.graphics.drawable.LayerDrawable$LayerState.<init>(LayerDrawable.java:1977)
07-07 15:33:01.567 27974 27974 W LayerDrawable: 	at android.graphics.drawable.LayerDrawable.createConstantState(LayerDrawable.java:174)
07-07 15:33:01.567 27974 27974 W LayerDrawable: 	at android.graphics.drawable.LayerDrawable.mutate(LayerDrawable.java:1782)
07-07 15:33:01.567 27974 27974 W LayerDrawable: 	at helium314.keyboard.latin.InputView.g(r8-map-id-ec6727825a8c664c09e9bcb8a1326c791c353a7c3db46ce7cce8f726f36ed7f9:551)
07-07 15:33:01.567 27974 27974 W LayerDrawable: 	at p7.z.a(r8-map-id-ec6727825a8c664c09e9bcb8a1326c791c353a7c3db46ce7cce8f726f36ed7f9:232)
07-07 15:33:01.567 27974 27974 W LayerDrawable: 	at a8.t0.run(r8-map-id-ec6727825a8c664c09e9bcb8a1326c791c353a7c3db46ce7cce8f726f36ed7f9:279)
07-07 15:33:01.567 27974 27974 W LayerDrawable: 	at helium314.keyboard.latin.InputView.f(r8-map-id-ec6727825a8c664c09e9bcb8a1326c791c353a7c3db46ce7cce8f726f36ed7f9:39)
07-07 15:33:01.567 27974 27974 W LayerDrawable: 	at i7.d0.a(r8-map-id-ec6727825a8c664c09e9bcb8a1326c791c353a7c3db46ce7cce8f726f36ed7f9:73)
07-07 15:33:01.567 27974 27974 W LayerDrawable: 	at i7.d0.r(r8-map-id-ec6727825a8c664c09e9bcb8a1326c791c353a7c3db46ce7cce8f726f36ed7f9:245)
07-07 15:33:01.567 27974 27974 W LayerDrawable: 	at i7.d0.U(r8-map-id-ec6727825a8c664c09e9bcb8a1326c791c353a7c3db46ce7cce8f726f36ed7f9:53)
07-07 15:33:01.567 27974 27974 W LayerDrawable: 	at i7.d0.R(r8-map-id-ec6727825a8c664c09e9bcb8a1326c791c353a7c3db46ce7cce8f726f36ed7f9:3)
07-07 15:33:01.567 27974 27974 W LayerDrawable: 	at m7.o0.c(r8-map-id-ec6727825a8c664c09e9bcb8a1326c791c353a7c3db46ce7cce8f726f36ed7f9:12)
07-07 15:33:01.567 27974 27974 W LayerDrawable: 	at m7.o0.b(r8-map-id-ec6727825a8c664c09e9bcb8a1326c791c353a7c3db46ce7cce8f726f36ed7f9:51)
07-07 15:33:01.567 27974 27974 W LayerDrawable: 	at i7.d0.w(r8-map-id-ec6727825a8c664c09e9bcb8a1326c791c353a7c3db46ce7cce8f726f36ed7f9:91)
07-07 15:33:01.567 27974 27974 W LayerDrawable: 	at i7.d0.H(r8-map-id-ec6727825a8c664c09e9bcb8a1326c791c353a7c3db46ce7cce8f726f36ed7f9:30)
07-07 15:33:01.567 27974 27974 W LayerDrawable: 	at helium314.keyboard.latin.LatinIME.onStartInputView(r8-map-id-ec6727825a8c664c09e9bcb8a1326c791c353a7c3db46ce7cce8f726f36ed7f9:910)
07-07 15:33:01.567 27974 27974 W LayerDrawable: 	at android.inputmethodservice.InputMethodService.startViews(InputMethodService.java:2400)
07-07 15:33:01.567 27974 27974 W LayerDrawable: 	at android.inputmethodservice.InputMethodService.showWindow(InputMethodService.java:2341)
07-07 15:33:01.567 27974 27974 W LayerDrawable: 	at android.inputmethodservice.InputMethodService$InputMethodImpl.showSoftInput(InputMethodService.java:848)
07-07 15:33:01.567 27974 27974 W LayerDrawable: 	at android.inputmethodservice.InputMethodService$InputMethodImpl.showSoftInputWithToken(InputMethodService.java:817)
07-07 15:33:01.567 27974 27974 W LayerDrawable: 	at android.inputmethodservice.IInputMethodWrapper.executeMessage(IInputMethodWrapper.java:225)
07-07 15:33:01.567 27974 27974 W LayerDrawable: 	at com.android.internal.os.HandlerCaller$MyHandler.handleMessage(HandlerCaller.java:44)
07-07 15:33:01.567 27974 27974 W LayerDrawable: 	at android.os.Handler.dispatchMessage(Handler.java:106)
07-07 15:33:01.567 27974 27974 W LayerDrawable: 	at android.os.Looper.loopOnce(Looper.java:233)
07-07 15:33:01.567 27974 27974 W LayerDrawable: 	at android.os.Looper.loop(Looper.java:344)
07-07 15:33:01.567 27974 27974 W LayerDrawable: 	at android.app.ActivityThread.main(ActivityThread.java:8212)
07-07 15:33:01.567 27974 27974 W LayerDrawable: 	at java.lang.reflect.Method.invoke(Native Method)
07-07 15:33:01.567 27974 27974 W LayerDrawable: 	at com.android.internal.os.RuntimeInit$MethodAndArgsCaller.run(RuntimeInit.java:584)
07-07 15:33:01.567 27974 27974 W LayerDrawable: 	at com.android.internal.os.ZygoteInit.main(ZygoteInit.java:1034)
07-07 15:33:01.601 27974 27974 W LayerDrawable: Invalid drawable added to LayerDrawable! Drawable already belongs to another owner but does not expose a constant state.
07-07 15:33:01.601 27974 27974 W LayerDrawable: java.lang.RuntimeException
07-07 15:33:01.601 27974 27974 W LayerDrawable: 	at android.graphics.drawable.LayerDrawable$ChildDrawable.<init>(LayerDrawable.java:1857)
07-07 15:33:01.601 27974 27974 W LayerDrawable: 	at android.graphics.drawable.LayerDrawable$LayerState.<init>(LayerDrawable.java:1977)
07-07 15:33:01.601 27974 27974 W LayerDrawable: 	at android.graphics.drawable.LayerDrawable.createConstantState(LayerDrawable.java:174)
07-07 15:33:01.601 27974 27974 W LayerDrawable: 	at android.graphics.drawable.LayerDrawable.mutate(LayerDrawable.java:1782)
07-07 15:33:01.601 27974 27974 W LayerDrawable: 	at helium314.keyboard.latin.InputView.g(r8-map-id-ec6727825a8c664c09e9bcb8a1326c791c353a7c3db46ce7cce8f726f36ed7f9:551)
07-07 15:33:01.601 27974 27974 W LayerDrawable: 	at p7.z.a(r8-map-id-ec6727825a8c664c09e9bcb8a1326c791c353a7c3db46ce7cce8f726f36ed7f9:232)
07-07 15:33:01.601 27974 27974 W LayerDrawable: 	at a8.t0.run(r8-map-id-ec6727825a8c664c09e9bcb8a1326c791c353a7c3db46ce7cce8f726f36ed7f9:279)
07-07 15:33:01.601 27974 27974 W LayerDrawable: 	at helium314.keyboard.latin.InputView.f(r8-map-id-ec6727825a8c664c09e9bcb8a1326c791c353a7c3db46ce7cce8f726f36ed7f9:39)
07-07 15:33:01.601 27974 27974 W LayerDrawable: 	at i7.d0.a(r8-map-id-ec6727825a8c664c09e9bcb8a1326c791c353a7c3db46ce7cce8f726f36ed7f9:73)
07-07 15:33:01.601 27974 27974 W LayerDrawable: 	at a8.y0.run(r8-map-id-ec6727825a8c664c09e9bcb8a1326c791c353a7c3db46ce7cce8f726f36ed7f9:411)
07-07 15:33:01.601 27974 27974 W LayerDrawable: 	at android.os.Handler.handleCallback(Handler.java:938)
07-07 15:33:01.601 27974 27974 W LayerDrawable: 	at android.os.Handler.dispatchMessage(Handler.java:99)
07-07 15:33:01.601 27974 27974 W LayerDrawable: 	at android.os.Looper.loopOnce(Looper.java:233)
07-07 15:33:01.601 27974 27974 W LayerDrawable: 	at android.os.Looper.loop(Looper.java:344)
07-07 15:33:01.601 27974 27974 W LayerDrawable: 	at android.app.ActivityThread.main(ActivityThread.java:8212)
07-07 15:33:01.601 27974 27974 W LayerDrawable: 	at java.lang.reflect.Method.invoke(Native Method)
07-07 15:33:01.601 27974 27974 W LayerDrawable: 	at com.android.internal.os.RuntimeInit$MethodAndArgsCaller.run(RuntimeInit.java:584)
07-07 15:33:01.601 27974 27974 W LayerDrawable: 	at com.android.internal.os.ZygoteInit.main(ZygoteInit.java:1034)
07-07 15:33:01.692 27974 28372 W Codec2Client: query -- param skipped: index = 1107298332.
07-07 15:33:01.709 27974 28372 W Codec2Client: query -- param skipped: index = 1342179345.
07-07 15:33:01.709 27974 28372 W Codec2Client: query -- param skipped: index = 2415921170.
07-07 15:33:01.709 27974 28372 W Codec2Client: query -- param skipped: index = 1610614798.
07-07 15:33:01.712 27974 28372 E ion     : ioctl c0044901 failed with code -1: Inappropriate ioctl for device
07-07 15:33:01.726 27974 28318 W libc    : Access denied finding property "vendor.oplus.media.vpp.stutter"
07-07 15:33:01.726 27974 28318 E MULTIMEDIAConfig: [getInt32:L80] Not find config, Returning default
07-07 15:33:01.726 27974 28318 E MULTIMEDIAConfig: [getInt32:L80] Not find config, Returning default
07-07 15:33:01.726 27974 28318 E OplusACodec: [OplusACodec:204] mSrOsieMMListCheckResult:0x0 mOsieVersion:1
07-07 15:33:01.743 27974 28381 E OplusACodec: [GetVideoCodingTypeFromMime:L1162] mime:video/x-vnd.on2.vp9
07-07 15:33:01.772 27974 27974 W LayerDrawable: Invalid drawable added to LayerDrawable! Drawable already belongs to another owner but does not expose a constant state.
07-07 15:33:01.772 27974 27974 W LayerDrawable: java.lang.RuntimeException
07-07 15:33:01.772 27974 27974 W LayerDrawable: 	at android.graphics.drawable.LayerDrawable$ChildDrawable.<init>(LayerDrawable.java:1857)
07-07 15:33:01.772 27974 27974 W LayerDrawable: 	at android.graphics.drawable.LayerDrawable$LayerState.<init>(LayerDrawable.java:1977)
07-07 15:33:01.772 27974 27974 W LayerDrawable: 	at android.graphics.drawable.LayerDrawable.createConstantState(LayerDrawable.java:174)
07-07 15:33:01.772 27974 27974 W LayerDrawable: 	at android.graphics.drawable.LayerDrawable.mutate(LayerDrawable.java:1782)
07-07 15:33:01.772 27974 27974 W LayerDrawable: 	at helium314.keyboard.latin.InputView.g(r8-map-id-ec6727825a8c664c09e9bcb8a1326c791c353a7c3db46ce7cce8f726f36ed7f9:551)
07-07 15:33:01.772 27974 27974 W LayerDrawable: 	at p7.z.a(r8-map-id-ec6727825a8c664c09e9bcb8a1326c791c353a7c3db46ce7cce8f726f36ed7f9:232)
07-07 15:33:01.772 27974 27974 W LayerDrawable: 	at a8.t0.run(r8-map-id-ec6727825a8c664c09e9bcb8a1326c791c353a7c3db46ce7cce8f726f36ed7f9:279)
07-07 15:33:01.772 27974 27974 W LayerDrawable: 	at helium314.keyboard.latin.InputView.f(r8-map-id-ec6727825a8c664c09e9bcb8a1326c791c353a7c3db46ce7cce8f726f36ed7f9:39)
07-07 15:33:01.772 27974 27974 W LayerDrawable: 	at i7.d0.a(r8-map-id-ec6727825a8c664c09e9bcb8a1326c791c353a7c3db46ce7cce8f726f36ed7f9:73)
07-07 15:33:01.772 27974 27974 W LayerDrawable: 	at a8.y0.run(r8-map-id-ec6727825a8c664c09e9bcb8a1326c791c353a7c3db46ce7cce8f726f36ed7f9:411)
07-07 15:33:01.772 27974 27974 W LayerDrawable: 	at android.os.Handler.handleCallback(Handler.java:938)
07-07 15:33:01.772 27974 27974 W LayerDrawable: 	at android.os.Handler.dispatchMessage(Handler.java:99)
07-07 15:33:01.772 27974 27974 W LayerDrawable: 	at android.os.Looper.loopOnce(Looper.java:233)
07-07 15:33:01.772 27974 27974 W LayerDrawable: 	at android.os.Looper.loop(Looper.java:344)
07-07 15:33:01.772 27974 27974 W LayerDrawable: 	at android.app.ActivityThread.main(ActivityThread.java:8212)
07-07 15:33:01.772 27974 27974 W LayerDrawable: 	at java.lang.reflect.Method.invoke(Native Method)
07-07 15:33:01.772 27974 27974 W LayerDrawable: 	at com.android.internal.os.RuntimeInit$MethodAndArgsCaller.run(RuntimeInit.java:584)
07-07 15:33:01.772 27974 27974 W LayerDrawable: 	at com.android.internal.os.ZygoteInit.main(ZygoteInit.java:1034)
07-07 15:33:01.859 27974 28080 W cr_MediaCodecBridge: Releasing: OMX.qcom.video.decoder.vp9
07-07 15:33:01.862 27974 28338 E ExtensionsLoader: freeAllBuffers: 12 buffers were freed while being dequeued!
07-07 15:33:01.865 27974 28080 W cr_MediaCodecBridge: Codec released
07-07 15:33:01.896 27974 28380 W MediaCodec: mapFormat: no mediaType information
07-07 15:33:02.855 27974 28381 W libc    : Access denied finding property "vendor.oplus.media.vpp.stutter"
07-07 15:33:02.913 27974 27974 W LayerDrawable: Invalid drawable added to LayerDrawable! Drawable already belongs to another owner but does not expose a constant state.
07-07 15:33:02.913 27974 27974 W LayerDrawable: java.lang.RuntimeException
07-07 15:33:02.913 27974 27974 W LayerDrawable: 	at android.graphics.drawable.LayerDrawable$ChildDrawable.<init>(LayerDrawable.java:1857)
07-07 15:33:02.913 27974 27974 W LayerDrawable: 	at android.graphics.drawable.LayerDrawable$LayerState.<init>(LayerDrawable.java:1977)
07-07 15:33:02.913 27974 27974 W LayerDrawable: 	at android.graphics.drawable.LayerDrawable.createConstantState(LayerDrawable.java:174)
07-07 15:33:02.913 27974 27974 W LayerDrawable: 	at android.graphics.drawable.LayerDrawable.mutate(LayerDrawable.java:1782)
07-07 15:33:02.913 27974 27974 W LayerDrawable: 	at helium314.keyboard.latin.InputView.g(r8-map-id-ec6727825a8c664c09e9bcb8a1326c791c353a7c3db46ce7cce8f726f36ed7f9:551)
07-07 15:33:02.913 27974 27974 W LayerDrawable: 	at p7.z.a(r8-map-id-ec6727825a8c664c09e9bcb8a1326c791c353a7c3db46ce7cce8f726f36ed7f9:232)
07-07 15:33:02.913 27974 27974 W LayerDrawable: 	at a8.t0.run(r8-map-id-ec6727825a8c664c09e9bcb8a1326c791c353a7c3db46ce7cce8f726f36ed7f9:279)
07-07 15:33:02.913 27974 27974 W LayerDrawable: 	at helium314.keyboard.latin.InputView.f(r8-map-id-ec6727825a8c664c09e9bcb8a1326c791c353a7c3db46ce7cce8f726f36ed7f9:39)
07-07 15:33:02.913 27974 27974 W LayerDrawable: 	at i7.d0.a(r8-map-id-ec6727825a8c664c09e9bcb8a1326c791c353a7c3db46ce7cce8f726f36ed7f9:73)
07-07 15:33:02.913 27974 27974 W LayerDrawable: 	at i7.d0.z(r8-map-id-ec6727825a8c664c09e9bcb8a1326c791c353a7c3db46ce7cce8f726f36ed7f9:284)
07-07 15:33:02.913 27974 27974 W LayerDrawable: 	at helium314.keyboard.latin.LatinIME.hideWindow(r8-map-id-ec6727825a8c664c09e9bcb8a1326c791c353a7c3db46ce7cce8f726f36ed7f9:37)
07-07 15:33:02.913 27974 27974 W LayerDrawable: 	at android.inputmethodservice.InputMethodService.doHideWindow(InputMethodService.java:2441)
07-07 15:33:02.913 27974 27974 W LayerDrawable: 	at android.inputmethodservice.InputMethodService.access$500(InputMethodService.java:307)
07-07 15:33:02.913 27974 27974 W LayerDrawable: 	at android.inputmethodservice.InputMethodService$InputMethodImpl.hideSoftInput(InputMethodService.java:795)
07-07 15:33:02.913 27974 27974 W LayerDrawable: 	at android.inputmethodservice.InputMethodService$InputMethodImpl.hideSoftInputWithToken(InputMethodService.java:757)
07-07 15:33:02.913 27974 27974 W LayerDrawable: 	at android.inputmethodservice.IInputMethodWrapper.executeMessage(IInputMethodWrapper.java:232)
07-07 15:33:02.913 27974 27974 W LayerDrawable: 	at com.android.internal.os.HandlerCaller$MyHandler.handleMessage(HandlerCaller.java:44)
07-07 15:33:02.913 27974 27974 W LayerDrawable: 	at android.os.Handler.dispatchMessage(Handler.java:106)
07-07 15:33:02.913 27974 27974 W LayerDrawable: 	at android.os.Looper.loopOnce(Looper.java:233)
07-07 15:33:02.913 27974 27974 W LayerDrawable: 	at android.os.Looper.loop(Looper.java:344)
07-07 15:33:02.913 27974 27974 W LayerDrawable: 	at android.app.ActivityThread.main(ActivityThread.java:8212)
07-07 15:33:02.913 27974 27974 W LayerDrawable: 	at java.lang.reflect.Method.invoke(Native Method)
07-07 15:33:02.913 27974 27974 W LayerDrawable: 	at com.android.internal.os.RuntimeInit$MethodAndArgsCaller.run(RuntimeInit.java:584)
07-07 15:33:02.913 27974 27974 W LayerDrawable: 	at com.android.internal.os.ZygoteInit.main(ZygoteInit.java:1034)
07-07 15:33:03.016 27974 27974 W LayerDrawable: Invalid drawable added to LayerDrawable! Drawable already belongs to another owner but does not expose a constant state.
07-07 15:33:03.016 27974 27974 W LayerDrawable: java.lang.RuntimeException
07-07 15:33:03.016 27974 27974 W LayerDrawable: 	at android.graphics.drawable.LayerDrawable$ChildDrawable.<init>(LayerDrawable.java:1857)
07-07 15:33:03.016 27974 27974 W LayerDrawable: 	at android.graphics.drawable.LayerDrawable$LayerState.<init>(LayerDrawable.java:1977)
07-07 15:33:03.016 27974 27974 W LayerDrawable: 	at android.graphics.drawable.LayerDrawable.createConstantState(LayerDrawable.java:174)
07-07 15:33:03.016 27974 27974 W LayerDrawable: 	at android.graphics.drawable.LayerDrawable.mutate(LayerDrawable.java:1782)
07-07 15:33:03.016 27974 27974 W LayerDrawable: 	at helium314.keyboard.latin.InputView.g(r8-map-id-ec6727825a8c664c09e9bcb8a1326c791c353a7c3db46ce7cce8f726f36ed7f9:551)
07-07 15:33:03.016 27974 27974 W LayerDrawable: 	at p7.z.a(r8-map-id-ec6727825a8c664c09e9bcb8a1326c791c353a7c3db46ce7cce8f726f36ed7f9:232)
07-07 15:33:03.016 27974 27974 W LayerDrawable: 	at a8.t0.run(r8-map-id-ec6727825a8c664c09e9bcb8a1326c791c353a7c3db46ce7cce8f726f36ed7f9:279)
07-07 15:33:03.016 27974 27974 W LayerDrawable: 	at helium314.keyboard.latin.InputView.f(r8-map-id-ec6727825a8c664c09e9bcb8a1326c791c353a7c3db46ce7cce8f726f36ed7f9:39)
07-07 15:33:03.016 27974 27974 W LayerDrawable: 	at i7.d0.a(r8-map-id-ec6727825a8c664c09e9bcb8a1326c791c353a7c3db46ce7cce8f726f36ed7f9:73)
07-07 15:33:03.016 27974 27974 W LayerDrawable: 	at a8.y0.run(r8-map-id-ec6727825a8c664c09e9bcb8a1326c791c353a7c3db46ce7cce8f726f36ed7f9:411)
07-07 15:33:03.016 27974 27974 W LayerDrawable: 	at android.os.Handler.handleCallback(Handler.java:938)
07-07 15:33:03.016 27974 27974 W LayerDrawable: 	at android.os.Handler.dispatchMessage(Handler.java:99)
07-07 15:33:03.016 27974 27974 W LayerDrawable: 	at android.os.Looper.loopOnce(Looper.java:233)
07-07 15:33:03.016 27974 27974 W LayerDrawable: 	at android.os.Looper.loop(Looper.java:344)
07-07 15:33:03.016 27974 27974 W LayerDrawable: 	at android.app.ActivityThread.main(ActivityThread.java:8212)
07-07 15:33:03.016 27974 27974 W LayerDrawable: 	at java.lang.reflect.Method.invoke(Native Method)
07-07 15:33:03.016 27974 27974 W LayerDrawable: 	at com.android.internal.os.RuntimeInit$MethodAndArgsCaller.run(RuntimeInit.java:584)
07-07 15:33:03.016 27974 27974 W LayerDrawable: 	at com.android.internal.os.ZygoteInit.main(ZygoteInit.java:1034)
07-07 15:33:03.032 27271 27295 I OnDeviceAssist: warm ok model=qwen2.5-0.5b-instruct-q4_0.gguf ambient=41 chars 830ms
07-07 15:33:03.856 27974 28381 W libc    : Access denied finding property "vendor.oplus.media.vpp.stutter"
07-07 15:33:04.861 27974 28381 W libc    : Access denied finding property "vendor.oplus.media.vpp.stutter"
07-07 15:33:05.866 27974 28381 W libc    : Access denied finding property "vendor.oplus.media.vpp.stutter"
07-07 15:33:06.498 27974 27984 W ibekey.keyboar: Cleared Reference was only reachable from finalizer (only reported once)
07-07 15:33:06.667 27974 27974 E ANR_LOG : >>> msg's executing time is too long
07-07 15:33:06.667 27974 27974 E ANR_LOG : Blocked msg = { when=-3s433ms what=0 target=android.os.Handler callback=com.google.android.gms.ads.omid.library.walking.e } , cost  = 3410 ms
07-07 15:33:06.667 27974 27974 E ANR_LOG : >>>Current msg List is:
07-07 15:33:06.667 27974 27974 E ANR_LOG : Current msg <1> = { when=-3s424ms what=0 target=com.google.android.gms.ads.internal.util.f callback=com.google.android.gms.ads.internal.activeview.b }
07-07 15:33:06.667 27974 27974 E ANR_LOG : Current msg <2> = { when=-3s423ms what=0 target=com.google.android.gms.ads.internal.util.f callback=com.google.android.gms.ads.internal.activeview.b }
07-07 15:33:06.668 27974 27974 E ANR_LOG : Current msg <3> = { when=-3s417ms what=0 target=android.view.Choreographer$FrameHandler callback=android.view.Choreographer$FrameDisplayEventReceiver }
07-07 15:33:06.668 27974 27974 E ANR_LOG : Current msg <4> = { when=-3s413ms what=32 target=android.view.ViewRootImpl$ViewRootHandler }
07-07 15:33:06.668 27974 27974 E ANR_LOG : Current msg <5> = { when=-3s409ms what=0 target=com.google.android.gms.ads.internal.util.f callback=com.google.android.gms.ads.internal.webview.an }
07-07 15:33:06.668 27974 27974 E ANR_LOG : Current msg <6> = { when=-3s407ms what=0 target=com.google.android.gms.ads.internal.util.f callback=com.google.android.gms.ads.internal.webview.an }
07-07 15:33:06.668 27974 27974 E ANR_LOG : Current msg <7> = { when=-3s233ms what=0 target=android.os.Handler callback=com.google.android.gms.ads.omid.library.walking.f }
07-07 15:33:06.668 27974 27974 E ANR_LOG : Current msg <8> = { when=-3s224ms what=0 target=android.os.Handler callback=android.view.OplusScrollToTopManager$3 }
07-07 15:33:06.668 27974 27974 E ANR_LOG : Current msg <9> = { when=-3s195ms what=30 target=com.android.internal.os.HandlerCaller$MyHandler }
07-07 15:33:06.668 27974 27974 E ANR_LOG : Current msg <10> = { when=-3s195ms what=40 target=com.android.internal.os.HandlerCaller$MyHandler obj=com.android.internal.os.SomeArgs@1324535 }
07-07 15:33:06.668 27974 27974 E ANR_LOG : >>>CURRENT MSG DUMP OVER<<<
07-07 15:33:06.871 27974 28381 W libc    : Access denied finding property "vendor.oplus.media.vpp.stutter"
07-07 15:33:07.876 27974 28381 W libc    : Access denied finding property "vendor.oplus.media.vpp.stutter"
07-07 15:33:08.290 27974 28054 E BLASTBufferQueue: BLASTBufferItemConsumer::onDisconnect()
07-07 15:33:08.881 27974 28381 W libc    : Access denied finding property "vendor.oplus.media.vpp.stutter"
07-07 15:33:09.881 27974 28381 W libc    : Access denied finding property "vendor.oplus.media.vpp.stutter"
07-07 15:33:10.887 27974 28381 W libc    : Access denied finding property "vendor.oplus.media.vpp.stutter"
07-07 15:33:11.892 27974 28381 W libc    : Access denied finding property "vendor.oplus.media.vpp.stutter"
07-07 15:33:11.989 27974 27974 E ANR_LOG : >>> msg's executing time is too long
07-07 15:33:11.989 27974 27974 E ANR_LOG : Blocked msg = { when=-2s252ms what=0 target=android.os.Handler callback=com.google.android.gms.ads.omid.library.walking.e } , cost  = 2251 ms
07-07 15:33:11.989 27974 27974 E ANR_LOG : >>>Current msg List is:
07-07 15:33:11.989 27974 28370 E ActivityThread: Failed to find provider info for com.oplus.statistics.provider
07-07 15:33:11.989 27974 27974 E ANR_LOG : Current msg <1> = { when=-2s52ms what=0 target=android.os.Handler callback=com.google.android.gms.ads.omid.library.walking.f }
07-07 15:33:11.989 27974 27974 E ANR_LOG : Current msg <2> = { when=-1s49ms what=30 target=com.android.internal.os.HandlerCaller$MyHandler }
07-07 15:33:11.989 27974 27974 E ANR_LOG : Current msg <3> = { when=-1s48ms what=40 target=com.android.internal.os.HandlerCaller$MyHandler obj=com.android.internal.os.SomeArgs@1324535 }
07-07 15:33:11.989 27974 28370 E OplusStatistics--: IllegalArgumentException:java.lang.IllegalArgumentException: Unknown URL content://com.oplus.statistics.provider/track_event
07-07 15:33:11.989 27974 27974 E ANR_LOG : Current msg <4> = { when=-268ms what=130 target=com.android.internal.os.HandlerCaller$MyHandler }
