=== VibeKey 4.1.256 (4356) ===

--------- beginning of system
06-09 12:24:20.495  8659  8659 E OplusCustomizeRestrictionManager: sInstance is null, start a new sInstance
--------- beginning of main
06-09 12:26:11.186  8659  8659 I SpaceAssistPopup: ▶ generate tapped fieldChars=26
06-09 12:26:11.187  8659  8659 I SpaceAssistPopup: ▶ generation start fieldChars=26 token=19254
06-09 12:26:11.187  8659  8659 I SpaceAssistPopup: ▶ fetch start fieldChars=26 inFlight=false cached=false
06-09 12:26:11.207  8701  8722 I OnDeviceAssist: warm ok model=qwen2.5-0.5b-instruct-q4_0.gguf ambient=0 chars 1ms
06-09 12:26:11.210  8659  8691 I OnDeviceAssist: ▶ assist_ipc task=grammar in=26 chars
06-09 12:26:11.221  8701  8721 I OnDeviceAssist: dispatch task=grammar in=26 chars engine=Ready
06-09 12:26:11.223  8701  8721 I OnDeviceAssist: ▶ runSync task=grammar in=26 chars locale=pt
06-09 12:26:11.223  8701  8721 I OnDeviceAssist: ○ local grammar skipped: SymSpell unavailable for pt
06-09 12:26:11.302  8701  8721 I OnDeviceAssist: → llm task=grammar model=qwen2.5-0.5b-instruct-q4_0.gguf temp=0.15 maxTok=48
06-09 12:26:13.083  8701  8721 I OnDeviceAssist: ✓ llm task=grammar 1782ms out=46 chars
06-09 12:26:13.083  8701  8721 I OnDeviceAssist: done task=grammar 1863ms out=46 chars
06-09 12:26:13.083  8659  8723 I OnDeviceAssist: ✓ assist (ime) task=grammar 1873ms in=26 out=46
06-09 12:26:13.139  8659  8659 I SpaceAssistPopup: ✓ generation done out=46 preview=45 overlay=true 0ms
06-09 12:26:13.140  8659  8659 I SpaceAssistPopup: → preview: Of the text is: "Gola mara como estes tu hoy.
06-09 12:26:13.145  8659  8659 I SpaceAssistPopup: ▶ send ready=true outChars=46
06-09 12:26:13.157  8659  8659 I SpaceAssistPopup: → preview layout textLen=45 send=visible fieldW=1380 scrollW=1245 sendW=135 textSp=18,0 contentW=1495
06-09 12:26:13.158  8659  8659 I SpaceAssistPopup: → preview layout textLen=45 send=visible fieldW=1380 scrollW=1245 sendW=135 textSp=18,0 contentW=1495
06-09 12:26:13.158  8659  8659 I SpaceAssistPopup: → preview layout textLen=45 send=visible fieldW=1380 scrollW=1245 sendW=135 textSp=18,0 contentW=1495
06-09 12:26:15.640  8659  8659 I VkTyping: ▶ open restart=true pkg=com.android.launcher inputType=589825
06-09 12:26:15.670  8659  8659 I VkMultilingual: reset main=pt-BR locales=[pt] count=1
06-09 12:26:15.701  8659  8659 I SpaceAssistPopup: ○ overlay hide: strip_inactive
06-09 12:26:16.413  8659  8659 I SpaceAssistPopup: ○ send ready=false outChars=0
06-09 12:26:16.414  8659  8659 I VkSwipe : ▶ gesture started locale=pt-BR
06-09 12:26:16.492  8659  8913 W VibeKeyProfiler: Slow Native Suggest: Total=8.14ms | Init=0.09ms | TrieExpand(x14)=8.02ms | Scoring=0.02ms | inputSize=2
06-09 12:26:16.497  8659  8913 I VkSuggestions: decode typedLen=2 candidates=18 locales=1 14,6ms
06-09 12:26:16.507  8659  8913 W VibeKeyProfiler: Slow Native Suggest: Total=8.61ms | Init=0.10ms | TrieExpand(x6)=8.48ms | Scoring=0.03ms | inputSize=10
06-09 12:26:16.512  8701  8722 I OnDeviceAssist: warm ok model=qwen2.5-0.5b-instruct-q4_0.gguf ambient=40 chars 0ms
06-09 12:26:16.516  8659  8913 W VibeKeyProfiler: Slow Native Suggest: Total=8.34ms | Init=0.07ms | TrieExpand(x10)=8.25ms | Scoring=0.02ms | inputSize=10
06-09 12:26:16.517  8659  8913 I VkSuggestions: decode typedLen=0 candidates=17 locales=1 19,7ms
06-09 12:26:16.517  8659  8913 W VkSuggestions: slow frame 19,7ms locales=1 typedLen=0 candidates=17
06-09 12:26:16.883  8659  8913 I VkSuggestions: decode typedLen=4 candidates=18 locales=1 14,0ms
06-09 12:26:16.902  8659  8913 W VibeKeyProfiler: Slow Native Suggest: Total=13.36ms | Init=0.19ms | TrieExpand(x22)=13.14ms | Scoring=0.02ms | inputSize=35
06-09 12:26:16.903  8659  8913 I VkSuggestions: decode typedLen=0 candidates=17 locales=1 19,9ms
06-09 12:26:16.904  8659  8913 W VkSuggestions: slow frame 19,9ms locales=1 typedLen=0 candidates=17
06-09 12:26:17.094  8659  8913 I VkSuggestions: decode typedLen=5 candidates=18 locales=1 9,0ms
06-09 12:26:17.118  8659  8913 W VibeKeyProfiler: Slow Native Suggest: Total=18.27ms | Init=0.15ms | TrieExpand(x29)=18.09ms | Scoring=0.03ms | inputSize=51
06-09 12:26:17.119  8659  8913 I VkSuggestions: decode typedLen=0 candidates=17 locales=1 24,6ms
06-09 12:26:17.119  8659  8913 W VkSuggestions: slow frame 24,6ms locales=1 typedLen=0 candidates=17
06-09 12:26:17.152  8659  8913 I VkSuggestions: decode typedLen=5 candidates=18 locales=1 8,1ms
06-09 12:26:17.175  8659  8913 W VibeKeyProfiler: Slow Native Suggest: Total=17.11ms | Init=0.17ms | TrieExpand(x29)=16.91ms | Scoring=0.03ms | inputSize=51
06-09 12:26:17.176  8659  8913 I VkSuggestions: decode typedLen=0 candidates=17 locales=1 24,0ms
06-09 12:26:17.177  8659  8913 W VkSuggestions: slow frame 24,0ms locales=1 typedLen=0 candidates=17
06-09 12:26:17.197  8659  8659 I VkSwipe : ✓ gesture points=51 decodedLen=4 candidates=18 top=juge 783ms
06-09 12:26:18.517  8659  8659 I SpaceAssistPopup: ○ send ready=false outChars=0
06-09 12:26:18.518  8659  8659 I VkSwipe : ▶ gesture started locale=pt-BR
06-09 12:26:18.527  8659  8913 I VkSuggestions: decode typedLen=0 candidates=18 locales=1 7,1ms
06-09 12:26:18.645  8659  8913 I VkSuggestions: decode typedLen=2 candidates=18 locales=1 8,1ms
06-09 12:26:18.658  8659  8913 W VibeKeyProfiler: Slow Native Suggest: Total=8.88ms | Init=0.08ms | TrieExpand(x13)=8.78ms | Scoring=0.02ms | inputSize=13
06-09 12:26:18.659  8659  8913 I VkSuggestions: decode typedLen=0 candidates=18 locales=1 14,2ms
06-09 12:26:18.950  8659  8913 I VkSuggestions: decode typedLen=3 candidates=18 locales=1 12,0ms
06-09 12:26:18.971  8659  8913 W VibeKeyProfiler: Slow Native Suggest: Total=13.66ms | Init=0.12ms | TrieExpand(x23)=13.52ms | Scoring=0.02ms | inputSize=33
06-09 12:26:18.974  8659  8913 I VkSuggestions: decode typedLen=0 candidates=18 locales=1 23,4ms
06-09 12:26:18.974  8659  8913 W VkSuggestions: slow frame 23,4ms locales=1 typedLen=0 candidates=18
06-09 12:26:19.103  8659  8913 I VkSuggestions: decode typedLen=3 candidates=18 locales=1 14,4ms
06-09 12:26:19.115  8659  8913 I VkSuggestions: decode typedLen=0 candidates=18 locales=1 11,4ms
06-09 12:26:19.203  8659  8913 I VkSuggestions: decode typedLen=3 candidates=18 locales=1 14,3ms
06-09 12:26:19.230  8659  8913 W VibeKeyProfiler: Slow Native Suggest: Total=21.31ms | Init=0.27ms | TrieExpand(x38)=21.01ms | Scoring=0.03ms | inputSize=43
06-09 12:26:19.231  8659  8913 I VkSuggestions: decode typedLen=0 candidates=18 locales=1 27,8ms
06-09 12:26:19.232  8659  8913 W VkSuggestions: slow frame 27,8ms locales=1 typedLen=0 candidates=18
06-09 12:26:19.323  8659  8913 I VkSuggestions: decode typedLen=4 candidates=18 locales=1 13,9ms
06-09 12:26:19.350  8659  8913 W VibeKeyProfiler: Slow Native Suggest: Total=21.29ms | Init=0.22ms | TrieExpand(x38)=21.05ms | Scoring=0.02ms | inputSize=54
06-09 12:26:19.351  8659  8913 I VkSuggestions: decode typedLen=0 candidates=18 locales=1 27,2ms
06-09 12:26:19.351  8659  8913 W VkSuggestions: slow frame 27,2ms locales=1 typedLen=0 candidates=18
06-09 12:26:19.535  8659  8913 I VkSuggestions: decode typedLen=5 candidates=18 locales=1 11,0ms
06-09 12:26:19.563  8659  8913 W VibeKeyProfiler: Slow Native Suggest: Total=21.21ms | Init=0.16ms | TrieExpand(x38)=21.03ms | Scoring=0.02ms | inputSize=75
06-09 12:26:19.564  8659  8913 I VkSuggestions: decode typedLen=0 candidates=18 locales=1 28,6ms
06-09 12:26:19.564  8659  8913 W VkSuggestions: slow frame 28,6ms locales=1 typedLen=0 candidates=18
06-09 12:26:19.574  8659  8659 I VkSwipe : ✓ gesture points=75 decodedLen=6 candidates=18 top=hígido 1056ms
06-09 12:26:20.023  8659  8659 I SpaceAssistPopup: ○ typing idle scheduled
06-09 12:26:20.140  8659  8913 I VkSuggestions: decode typedLen=1 candidates=18 locales=1 9,5ms
06-09 12:26:20.141  8659  8913 I VkSuggestions: strip composing typedLen=1 candidates=19 autocorrect=false top=d locale=pt
06-09 12:26:20.217  8659  8659 I SpaceAssistPopup: ○ typing idle scheduled
06-09 12:26:20.336  8659  8913 I VkSuggestions: decode typedLen=2 candidates=18 locales=1 6,8ms
06-09 12:26:20.337  8659  8913 I VkSuggestions: strip composing typedLen=2 candidates=18 autocorrect=false top=dj locale=pt
06-09 12:26:20.401  8659  8659 I SpaceAssistPopup: ○ typing idle scheduled
06-09 12:26:20.510  8659  8913 I VkSuggestions: decode typedLen=3 candidates=18 locales=1 8,4ms
06-09 12:26:20.511  8659  8913 I VkSuggestions: strip composing typedLen=3 candidates=19 autocorrect=false top=djh locale=pt
06-09 12:26:20.578  8659  8659 I SpaceAssistPopup: ○ typing idle scheduled
06-09 12:26:20.690  8659  8913 W VibeKeyProfiler: Slow Native Suggest: Total=11.16ms | Init=0.41ms | TrieExpand(x13)=10.70ms | Scoring=0.05ms | inputSize=4
06-09 12:26:20.703  8659  8913 W VibeKeyProfiler: Slow Native Suggest: Total=12.33ms | Init=0.15ms | TrieExpand(x17)=12.13ms | Scoring=0.05ms | inputSize=4
06-09 12:26:20.704  8659  8913 I VkSuggestions: decode typedLen=4 candidates=18 locales=1 25,4ms
06-09 12:26:20.705  8659  8913 W VkSuggestions: slow frame 25,4ms locales=1 typedLen=4 candidates=18
06-09 12:26:20.707  8659  8913 I VkSuggestions: strip composing typedLen=4 candidates=19 autocorrect=false top=djhd locale=pt
06-09 12:26:21.132  8659  8659 I SpaceAssistPopup: ▶ generate prompt shown fieldChars=16
06-09 12:26:21.133  8659  8659 I SpaceAssistPopup: ▶ overlay show: generate_prompt
06-09 12:26:21.145  8701  8721 I OnDeviceAssist: warm ok model=qwen2.5-0.5b-instruct-q4_0.gguf ambient=40 chars 0ms
06-09 12:26:21.238  8659  8659 I SpaceAssistPopup: ○ typing idle scheduled
06-09 12:26:21.288  8659  8659 I SpaceAssistPopup: ○ typing idle scheduled
06-09 12:26:21.339  8659  8659 I SpaceAssistPopup: ○ typing idle scheduled
06-09 12:26:21.396  8659  8659 I SpaceAssistPopup: ○ typing idle scheduled
06-09 12:26:21.450  8659  8659 I SpaceAssistPopup: ○ typing idle scheduled
06-09 12:26:21.489  8659  8659 I SpaceAssistPopup: ○ typing idle scheduled
06-09 12:26:21.542  8659  8659 I SpaceAssistPopup: ○ typing idle scheduled
06-09 12:26:21.592  8659  8659 I SpaceAssistPopup: ○ overlay hide: typing
06-09 12:26:21.593  8659  8659 I SpaceAssistPopup: ○ typing idle scheduled
06-09 12:26:21.643  8659  8659 I SpaceAssistPopup: ○ typing idle scheduled
06-09 12:26:21.694  8659  8659 I SpaceAssistPopup: ○ typing idle scheduled
06-09 12:26:21.745  8659  8659 I SpaceAssistPopup: ○ typing idle scheduled
06-09 12:26:21.801  8659  8659 I SpaceAssistPopup: ○ typing idle scheduled
06-09 12:26:21.841  8659  8659 I SpaceAssistPopup: ○ typing idle scheduled
06-09 12:26:21.891  8659  8659 I SpaceAssistPopup: ○ typing idle scheduled
06-09 12:26:21.941  8659  8659 I SpaceAssistPopup: ○ typing idle scheduled
06-09 12:26:22.076  8659  8659 I SpaceAssistPopup: ○ typing idle scheduled
06-09 12:26:22.096  8659  8659 I SpaceAssistPopup: ○ typing idle scheduled
06-09 12:26:22.138  8659  8659 I SpaceAssistPopup: ○ typing idle scheduled
06-09 12:26:22.182  8659  8913 I VkSuggestions: strip prediction typedLen=0 candidates=2 autocorrect=false top=juge locale=pt
06-09 12:26:22.197  8659  8659 I SpaceAssistPopup: ○ typing idle scheduled
06-09 12:26:22.247  8659  8659 I SpaceAssistPopup: ○ typing idle scheduled
06-09 12:26:22.307  8659  8659 I SpaceAssistPopup: ○ typing idle scheduled
06-09 12:26:22.356  8659  8659 I SpaceAssistPopup: ○ typing idle scheduled
06-09 12:26:22.407  8659  8659 I SpaceAssistPopup: ○ typing idle scheduled
06-09 12:26:23.557  8659  8659 I SpaceAssistPopup: ○ send ready=false outChars=0
06-09 12:26:23.557  8659  8659 I VkPanels: ▶ open ai_theme
06-09 12:26:33.020  8659  8659 I VkThemes: ▶ tap generate ref=false descLen=12
06-09 12:26:33.239  8659  8659 I VkTyping: ○ hidden
06-09 12:26:33.370  8659  8785 W libc    : Access denied finding property "vendor.oplus.media.vpp.stutter"
06-09 12:26:33.374  8659  8785 E ListServiceUtils: checkInListByUid module:HQV-effect uid:14023 cost 3829us return 0
06-09 12:26:33.374  8659  8785 E MULTIMEDIAConfig: [getInt32:L80] Not find config, Returning default
06-09 12:26:33.374  8659  8785 E MULTIMEDIAConfig: [getInt32:L80] Not find config, Returning default
06-09 12:26:33.374  8659  8785 E OplusACodec: [OplusACodec:204] mSrOsieMMListCheckResult:0x0 mOsieVersion:1
06-09 12:26:33.395  8659  8698 E BLASTBufferQueue: BLASTBufferItemConsumer::onDisconnect()
06-09 12:26:33.427  8659 11203 E OplusACodec: [GetVideoCodingTypeFromMime:L1162] mime:video/x-vnd.on2.vp9
06-09 12:26:34.507  8659 11203 W libc    : Access denied finding property "vendor.oplus.media.vpp.stutter"
06-09 12:26:35.508  8659 11203 W libc    : Access denied finding property "vendor.oplus.media.vpp.stutter"
06-09 12:26:36.508  8659 11203 W libc    : Access denied finding property "vendor.oplus.media.vpp.stutter"
06-09 12:26:37.509  8659 11203 W libc    : Access denied finding property "vendor.oplus.media.vpp.stutter"
06-09 12:26:38.376  8659  8698 E BLASTBufferQueue: BLASTBufferItemConsumer::onDisconnect()
06-09 12:26:38.510  8659 11203 W libc    : Access denied finding property "vendor.oplus.media.vpp.stutter"
06-09 12:26:39.511  8659 11203 W libc    : Access denied finding property "vendor.oplus.media.vpp.stutter"
06-09 12:26:40.513  8659 11203 W libc    : Access denied finding property "vendor.oplus.media.vpp.stutter"
06-09 12:26:41.514  8659 11203 W libc    : Access denied finding property "vendor.oplus.media.vpp.stutter"
06-09 12:26:42.514  8659 11203 W libc    : Access denied finding property "vendor.oplus.media.vpp.stutter"
06-09 12:26:43.248  8659 11195 E ActivityThread: Failed to find provider info for com.oplus.statistics.provider
06-09 12:26:43.248  8659 11195 E OplusStatistics--: IllegalArgumentException:java.lang.IllegalArgumentException: Unknown URL content://com.oplus.statistics.provider/track_event
06-09 12:26:43.335  8659  8659 I VkThemes: ▶ generate ref=false descLen=12
06-09 12:26:43.437  8659  8785 W cr_MediaCodecBridge: Releasing: OMX.qcom.video.decoder.vp9
06-09 12:26:43.441  8659 11201 E ListServiceUtils: checkInListByUid module:video-disconnectsurface-sync uid:14023 cost 1187us return (null)
06-09 12:26:43.443  8659 11201 E ExtensionsLoader: freeAllBuffers: 8 buffers were freed while being dequeued!
06-09 12:26:43.445  8659  8785 W cr_MediaCodecBridge: Codec released
06-09 12:26:43.528  8659  8929 W ServiceBindIntentUtils: Dynamic lookup for intent failed for action: com.google.android.gms.ads.service.CACHE
06-09 12:26:43.530  8659  8659 I VkTyping: ▶ open restart=false pkg=com.android.launcher inputType=589825
06-09 12:26:43.550  8659 11243 W ServiceBindIntentUtils: Dynamic lookup for intent failed for action: com.google.android.gms.ads.service.START
06-09 12:26:43.836  8659  8698 E BLASTBufferQueue: BLASTBufferItemConsumer::onDisconnect()
06-09 12:26:43.840  8659  8698 E BLASTBufferQueue: BLASTBufferItemConsumer::onDisconnect()
06-09 12:26:44.182  8701  8701 W LlmEngineService: Severe memory pressure (15); evicting on-device LLM.
06-09 12:26:44.908  8701  8721 I OnDeviceAssist: warm ok model=qwen2.5-0.5b-instruct-q4_0.gguf ambient=40 chars 465ms
06-09 12:26:45.056  8659  8659 E Ads     : JS: Refused to get unsafe header "X-Afma-Gcache-IsGcacheHit" (https://www.gstatic.com/mysidia/1481c091d9df379c2904f938e54fba0c.js?tag=addon/rewarded_video:435)
06-09 12:26:45.151  8659  8659 E Ads     : JS: Refused to get unsafe header "X-Afma-Gcache-IsGcacheHit" (https://www.gstatic.com/mysidia/1481c091d9df379c2904f938e54fba0c.js?tag=addon/rewarded_video:435)
06-09 12:26:45.164  8659  8785 W libc    : Access denied finding property "vendor.oplus.media.vpp.stutter"
06-09 12:26:45.164  8659  8785 E MULTIMEDIAConfig: [getInt32:L80] Not find config, Returning default
06-09 12:26:45.164  8659  8785 E MULTIMEDIAConfig: [getInt32:L80] Not find config, Returning default
06-09 12:26:45.164  8659  8785 E OplusACodec: [OplusACodec:204] mSrOsieMMListCheckResult:0x0 mOsieVersion:1
06-09 12:26:45.178  8659 11270 E OplusACodec: [GetVideoCodingTypeFromMime:L1162] mime:video/x-vnd.on2.vp9
06-09 12:26:45.248  8659  8785 W cr_MediaCodecBridge: Releasing: OMX.qcom.video.decoder.vp9
06-09 12:26:45.249  8659 11269 E ExtensionsLoader: freeAllBuffers: 11 buffers were freed while being dequeued!
06-09 12:26:45.250  8659  8785 W cr_MediaCodecBridge: Codec released
06-09 12:26:45.269  8659  8659 I SpaceAssistPopup: ○ send ready=false outChars=0
06-09 12:26:45.269  8659  8659 I VkPanels: ▶ open menu
06-09 12:26:45.711  8659  8659 I VkThemes: ✓ generate 2376ms theme=Crypto White Canvas
06-09 12:26:45.837  8659  8659 I VkEffects: reload anim=scale blur=0px glow=false stickers=true
06-09 12:26:45.842  8659  8659 I VkThemes: apply theme=Crypto White Canvas (ai_generate)
06-09 12:26:45.852  8659  8659 I VkSwipe : ○ gesture canceled
06-09 12:26:45.853  8659  8659 I SpaceAssistPopup: ○ send ready=false outChars=0
06-09 12:26:45.859  8659  8659 I VkSwipe : ○ gesture canceled
06-09 12:26:45.936  8659  8659 I SpaceAssistPopup: ○ send ready=false outChars=0
06-09 12:26:45.995  8659 10917 W Ads     : Not retrying to fetch app settings
06-09 12:26:46.051  8659  8659 I VkFavorites: save theme Crypto White Canvas → SAVED
06-09 12:26:46.060  8659  8659 W View    : requestLayout() improperly called by android.widget.LinearLayout{508f557 V.E...... ......ID 0,1868-1440,2818 #7f0a010d app:id/input_view_keyboard_column} during layout: running second layout pass
06-09 12:26:46.060  8659  8659 W View    : requestLayout() improperly called by android.widget.LinearLayout{7db2844 V.E...... ......ID 0,0-1440,950 #7f0a011c app:id/main_keyboard_frame} during layout: running second layout pass
06-09 12:26:46.285  8659  8659 I SpaceAssistPopup: ○ send ready=false outChars=0
06-09 12:26:46.285  8659  8659 I VkSwipe : ▶ gesture started locale=pt-BR
06-09 12:26:46.295  8659  8913 I VkSuggestions: decode typedLen=0 candidates=18 locales=1 8,3ms
06-09 12:26:46.412  8659  8913 I VkSuggestions: decode typedLen=2 candidates=18 locales=1 7,2ms
06-09 12:26:46.424  8659  8913 I VkSuggestions: decode typedLen=0 candidates=16 locales=1 12,1ms
06-09 12:26:46.662  8659  8913 I VkSuggestions: decode typedLen=3 candidates=18 locales=1 8,2ms
06-09 12:26:46.680  8659  8913 W VibeKeyProfiler: Slow Native Suggest: Total=12.35ms | Init=0.07ms | TrieExpand(x17)=12.26ms | Scoring=0.02ms | inputSize=24
06-09 12:26:46.681  8659  8913 I VkSuggestions: decode typedLen=0 candidates=16 locales=1 18,4ms
06-09 12:26:46.682  8659  8913 W VkSuggestions: slow frame 18,4ms locales=1 typedLen=0 candidates=16
06-09 12:26:46.784  8659  8913 I VkSuggestions: decode typedLen=3 candidates=18 locales=1 12,6ms
06-09 12:26:46.794  8659  8913 I VkSuggestions: decode typedLen=0 candidates=16 locales=1 9,1ms
06-09 12:26:46.904  8659  8913 I VkSuggestions: decode typedLen=3 candidates=18 locales=1 14,2ms
06-09 12:26:46.915  8659  8913 I VkSuggestions: decode typedLen=0 candidates=16 locales=1 11,3ms
06-09 12:26:47.131  8659  8913 W VibeKeyProfiler: Slow Native Suggest: Total=11.60ms | Init=0.25ms | TrieExpand(x11)=11.31ms | Scoring=0.03ms | inputSize=3
06-09 12:26:47.135  8659  8913 I VkSuggestions: decode typedLen=3 candidates=18 locales=1 17,0ms
06-09 12:26:47.135  8659  8913 W VkSuggestions: slow frame 17,0ms locales=1 typedLen=3 candidates=18
06-09 12:26:47.143  8659  8913 I VkSuggestions: decode typedLen=0 candidates=16 locales=1 7,8ms
06-09 12:26:47.152  8659  8659 I VkSwipe : ✓ gesture points=54 decodedLen=3 candidates=18 top=hit 867ms
06-09 12:26:47.872 11299 11299 E libcrashpad_handler_trampoline.so: createInstance(64bit) : createExtendedFactory
06-09 12:26:47.874 11299 11299 E libcrashpad_handler_trampoline.so: createInstance(64bit) : createExtendedFactory
06-09 12:26:47.874 11299 11299 E libcrashpad_handler_trampoline.so: Opened libinputextensionsimpl.so
06-09 12:26:47.874 11299 11299 E libcrashpad_handler_trampoline.so: Opened libinputextensionsimpl.so
06-09 12:26:47.876 11299 11299 E libcrashpad_handler_trampoline.so: createInstance(64bit) : createExtendedFactory
06-09 12:26:47.876 11299 11299 E libcrashpad_handler_trampoline.so: createInstance(64bit) : createExtendedFactory
06-09 12:26:47.876 11299 11299 E libcrashpad_handler_trampoline.so: Opened libsensorextimpl.so
06-09 12:26:47.876 11299 11299 E libcrashpad_handler_trampoline.so: Opened libsensorextimpl.so
06-09 12:26:47.957 11299 11299 E chromium: [0609/122647.956687:ERROR:third_party/crashpad/crashpad/util/process/process_memory_range.cc:75] read out of range
--------- beginning of crash
06-09 12:26:48.226  8659  8659 F libc    : Fatal signal 7 (SIGBUS), code 2 (BUS_ADRERR), fault addr 0x75bb223104 in tid 8659 (AndroidUI), pid 8659 (AndroidUI)
06-09 12:26:48.626 11302 11302 E DEBUG   : failed to read /proc/uptime: Permission denied
06-09 12:26:49.928 11302 11302 F DEBUG   : Process name is com.vibekey.keyboard, not key_process
06-09 12:26:49.928 11302 11302 F DEBUG   : keyProcess: 0
06-09 12:26:49.928 11302 11302 F DEBUG   : *** *** *** *** *** *** *** *** *** *** *** *** *** *** *** ***
06-09 12:26:49.928 11302 11302 F DEBUG   : Build fingerprint: 'OnePlus/OnePlus7Pro/OnePlus7Pro:12/SKQ1.211113.001/P.202303230244:user/release-keys'
06-09 12:26:49.928 11302 11302 F DEBUG   : Revision: '0'
06-09 12:26:49.928 11302 11302 F DEBUG   : ABI: 'arm64'
06-09 12:26:49.928 11302 11302 F DEBUG   : Timestamp: 2026-06-09 12:26:48.625212141-0400
06-09 12:26:49.928 11302 11302 F DEBUG   : Process uptime: 0s
06-09 12:26:49.928 11302 11302 F DEBUG   : Cmdline: com.vibekey.keyboard
06-09 12:26:49.928 11302 11302 F DEBUG   : pid: 8659, tid: 8659, name: AndroidUI  >>> com.vibekey.keyboard <<<
06-09 12:26:49.928 11302 11302 F DEBUG   : uid: 14023
06-09 12:26:49.928 11302 11302 F DEBUG   : signal 7 (SIGBUS), code 2 (BUS_ADRERR), fault addr 0x75bb223104
06-09 12:26:49.928 11302 11302 F DEBUG   :     x0  0000000000000000  x1  00000000000021d3  x2  0000000000000007  x3  0000007696ae1da0
06-09 12:26:49.928 11302 11302 F DEBUG   :     x4  0000007696ae16a8  x5  0000007696ae16a8  x6  0000007696ae16a8  x7  0000000000000000
06-09 12:26:49.928 11302 11302 F DEBUG   :     x8  00000000000000f0  x9  db746b027190efc7  x10 0000000000004001  x11 0000000000000000
06-09 12:26:49.928 11302 11302 F DEBUG   :     x12 00000000ffffffff  x13 0000000000000000  x14 000000000000001f  x15 00000075bb20539e
06-09 12:26:49.928 11302 11302 F DEBUG   :     x16 000000757ca3ad18  x17 00000076790b8f10  x18 00000076960ae000  x19 0000000000000007
06-09 12:26:49.928 11302 11302 F DEBUG   :     x20 0000007696ae1da0  x21 00000000000021d3  x22 0000007696ae1d00  x23 0000000000000001
06-09 12:26:49.928 11302 11302 F DEBUG   :     x24 00000076957f5000  x25 0000007fd1e79ce0  x26 0000007fd1e79d14  x27 0000000000000001
06-09 12:26:49.928 11302 11302 F DEBUG   :     x28 0000007fd1e79fb0  x29 0000007696ae1d20
06-09 12:26:49.928 11302 11302 F DEBUG   :     lr  0000007576c697f8  sp  0000007696ae1d00  pc  00000076790b8f34  pst 0000000000000000
06-09 12:26:49.928 11302 11302 F DEBUG   : backtrace:
06-09 12:26:49.928 11302 11302 F DEBUG   :       #00 pc 0000000000075f34  /apex/com.android.runtime/lib64/bionic/libc.so (syscall+36) (BuildId: bbbdeb7c87c74f1491f92c6e605095b0)
06-09 12:26:49.928 11302 11302 F DEBUG   :       #01 pc 00000000040587f4  /data/app/~~ukACh23KqzhC02schODZ5g==/com.google.android.webview-qsLJ1HFxFSLtbdE1YBqHuA==/base.apk!libwebviewchromium.so (BuildId: f4154d1d3a9b37880ffb62018a1d86e977877475)
06-09 12:26:49.928 11302 11302 F DEBUG   :       #02 pc 000000000404ef70  /data/app/~~ukACh23KqzhC02schODZ5g==/com.google.android.webview-qsLJ1HFxFSLtbdE1YBqHuA==/base.apk!libwebviewchromium.so (BuildId: f4154d1d3a9b37880ffb62018a1d86e977877475)
06-09 12:26:49.928 11302 11302 F DEBUG   :       #03 pc 0000000000000638  [vdso] (__kernel_rt_sigreturn+0)
06-09 12:26:49.928 11302 11302 F DEBUG   :       #04 pc 00000000000b62f4  /data/app/~~208TNqfu52oFYe9KLclWaA==/com.vibekey.keyboard-BBNa6p8KQYNkRzrLQK8srg==/lib/arm64/libjni_latinime.so (latinime::PatriciaTrieReadingUtils::getPtNodeArraySizeAndAdvancePosition(unsigned char const*, int, int*)+44) (BuildId: f905dbd1a904967a994cf833116e517b05caa863)
06-09 12:26:49.928 11302 11302 F DEBUG   :       #05 pc 00000000000b8b34  /data/app/~~208TNqfu52oFYe9KLclWaA==/com.vibekey.keyboard-BBNa6p8KQYNkRzrLQK8srg==/lib/arm64/libjni_latinime.so (latinime::Ver2PtNodeArrayReader::readPtNodeArrayInfoAndReturnIfValid(int, int*, int*) const+80) (BuildId: f905dbd1a904967a994cf833116e517b05caa863)
06-09 12:26:49.928 11302 11302 F DEBUG   :       #06 pc 00000000000b4ce8  /data/app/~~208TNqfu52oFYe9KLclWaA==/com.vibekey.keyboard-BBNa6p8KQYNkRzrLQK8srg==/lib/arm64/libjni_latinime.so (latinime::DynamicPtReadingHelper::nextPtNodeArray()+68) (BuildId: f905dbd1a904967a994cf833116e517b05caa863)
06-09 12:26:49.928 11302 11302 F DEBUG   :       #07 pc 00000000000b4c3c  /data/app/~~208TNqfu52oFYe9KLclWaA==/com.vibekey.keyboard-BBNa6p8KQYNkRzrLQK8srg==/lib/arm64/libjni_latinime.so (latinime::DynamicPtReadingHelper::getTerminalPtNodePositionOfWord(int const*, unsigned long, bool)+432) (BuildId: f905dbd1a904967a994cf833116e517b05caa863)
06-09 12:26:49.928 11302 11302 F DEBUG   :       #08 pc 00000000000b7324  /data/app/~~208TNqfu52oFYe9KLclWaA==/com.vibekey.keyboard-BBNa6p8KQYNkRzrLQK8srg==/lib/arm64/libjni_latinime.so (latinime::PatriciaTriePolicy::getWordId(latinime::IntArrayView, bool) const+184) (BuildId: f905dbd1a904967a994cf833116e517b05caa863)
06-09 12:26:49.928 11302 11302 F DEBUG   :       #09 pc 00000000000c8ecc  /data/app/~~208TNqfu52oFYe9KLclWaA==/com.vibekey.keyboard-BBNa6p8KQYNkRzrLQK8srg==/lib/arm64/libjni_latinime.so (latinime::Dictionary::getProbability(latinime::IntArrayView) const+56) (BuildId: f905dbd1a904967a994cf833116e517b05caa863)
06-09 12:26:49.928 11302 11302 F DEBUG   :       #10 pc 000000000009ff04  /data/app/~~208TNqfu52oFYe9KLclWaA==/com.vibekey.keyboard-BBNa6p8KQYNkRzrLQK8srg==/lib/arm64/libjni_latinime.so (BuildId: f905dbd1a904967a994cf833116e517b05caa863)
06-09 12:26:49.928 11302 11302 F DEBUG   :       #11 pc 00000000002c2100  /apex/com.android.art/lib64/libart.so (art_quick_generic_jni_trampoline+144) (BuildId: 7087b2f2160bfbf3335d54ba9779e325)
06-09 12:26:49.928 11302 11302 F DEBUG   :       #12 pc 0000000000668b6c  /apex/com.android.art/lib64/libart.so (nterp_helper+1948) (BuildId: 7087b2f2160bfbf3335d54ba9779e325)
06-09 12:26:49.928 11302 11302 F DEBUG   :       #13 pc 000000000021f76c  /data/app/~~208TNqfu52oFYe9KLclWaA==/com.vibekey.keyboard-BBNa6p8KQYNkRzrLQK8srg==/oat/arm64/base.vdex (com.android.inputmethod.latin.BinaryDictionary.b+28)
06-09 12:26:49.928 11302 11302 F DEBUG   :       #14 pc 0000000000669324  /apex/com.android.art/lib64/libart.so (nterp_helper+3924) (BuildId: 7087b2f2160bfbf3335d54ba9779e325)
06-09 12:26:49.928 11302 11302 F DEBUG   :       #15 pc 0000000000ad5ff4  /data/app/~~208TNqfu52oFYe9KLclWaA==/com.vibekey.keyboard-BBNa6p8KQYNkRzrLQK8srg==/oat/arm64/base.vdex (v7.j.b+28)
06-09 12:26:49.928 11302 11302 F DEBUG   :       #16 pc 0000000000669324  /apex/com.android.art/lib64/libart.so (nterp_helper+3924) (BuildId: 7087b2f2160bfbf3335d54ba9779e325)
06-09 12:26:49.928 11302 11302 F DEBUG   :       #17 pc 0000000000ad5192  /data/app/~~208TNqfu52oFYe9KLclWaA==/com.vibekey.keyboard-BBNa6p8KQYNkRzrLQK8srg==/oat/arm64/base.vdex (v7.d.b+34)
06-09 12:26:49.928 11302 11302 F DEBUG   :       #18 pc 0000000000669324  /apex/com.android.art/lib64/libart.so (nterp_helper+3924) (BuildId: 7087b2f2160bfbf3335d54ba9779e325)
06-09 12:26:49.928 11302 11302 F DEBUG   :       #19 pc 000000000059160e  /data/app/~~208TNqfu52oFYe9KLclWaA==/com.vibekey.keyboard-BBNa6p8KQYNkRzrLQK8srg==/oat/arm64/base.vdex (p7.o.a+1986)
06-09 12:26:49.928 11302 11302 F DEBUG   :       #20 pc 0000000000669a28  /apex/com.android.art/lib64/libart.so (nterp_helper+5720) (BuildId: 7087b2f2160bfbf3335d54ba9779e325)
06-09 12:26:49.928 11302 11302 F DEBUG   :       #21 pc 0000000000ade88a  /data/app/~~208TNqfu52oFYe9KLclWaA==/com.vibekey.keyboard-BBNa6p8KQYNkRzrLQK8srg==/oat/arm64/base.vdex (x7.b.y+254)
06-09 12:26:49.928 11302 11302 F DEBUG   :       #22 pc 0000000000669324  /apex/com.android.art/lib64/libart.so (nterp_helper+3924) (BuildId: 7087b2f2160bfbf3335d54ba9779e325)
06-09 12:26:49.928 11302 11302 F DEBUG   :       #23 pc 0000000000adc756  /data/app/~~208TNqfu52oFYe9KLclWaA==/com.vibekey.keyboard-BBNa6p8KQYNkRzrLQK8srg==/oat/arm64/base.vdex (x7.b.b+442)
06-09 12:26:49.928 11302 11302 F DEBUG   :       #24 pc 0000000000669324  /apex/com.android.art/lib64/libart.so (nterp_helper+3924) (BuildId: 7087b2f2160bfbf3335d54ba9779e325)
06-09 12:26:49.928 11302 11302 F DEBUG   :       #25 pc 0000000000adcac4  /data/app/~~208TNqfu52oFYe9KLclWaA==/com.vibekey.keyboard-BBNa6p8KQYNkRzrLQK8srg==/oat/arm64/base.vdex (x7.b.d+44)
06-09 12:26:49.928 11302 11302 F DEBUG   :       #26 pc 0000000000669324  /apex/com.android.art/lib64/libart.so (nterp_helper+3924) (BuildId: 7087b2f2160bfbf3335d54ba9779e325)
06-09 12:26:49.928 11302 11302 F DEBUG   :       #27 pc 0000000000addc84  /data/app/~~208TNqfu52oFYe9KLclWaA==/com.vibekey.keyboard-BBNa6p8KQYNkRzrLQK8srg==/oat/arm64/base.vdex (x7.b.s+244)
06-09 12:26:49.928 11302 11302 F DEBUG   :       #28 pc 0000000000669324  /apex/com.android.art/lib64/libart.so (nterp_helper+3924) (BuildId: 7087b2f2160bfbf3335d54ba9779e325)
06-09 12:26:49.928 11302 11302 F DEBUG   :       #29 pc 0000000000addb76  /data/app/~~208TNqfu52oFYe9KLclWaA==/com.vibekey.keyboard-BBNa6p8KQYNkRzrLQK8srg==/oat/arm64/base.vdex (x7.b.r+78)
06-09 12:26:49.928 11302 11302 F DEBUG   :       #30 pc 0000000000669324  /apex/com.android.art/lib64/libart.so (nterp_helper+3924) (BuildId: 7087b2f2160bfbf3335d54ba9779e325)
06-09 12:26:49.928 11302 11302 F DEBUG   :       #31 pc 0000000000adb8a8  /data/app/~~208TNqfu52oFYe9KLclWaA==/com.vibekey.keyboard-BBNa6p8KQYNkRzrLQK8srg==/oat/arm64/base.vdex (x7.b.v+4956)
06-09 12:26:49.928 11302 11302 F DEBUG   :       #32 pc 0000000000669a28  /apex/com.android.art/lib64/libart.so (nterp_helper+5720) (BuildId: 7087b2f2160bfbf3335d54ba9779e325)
06-09 12:26:49.928 11302 11302 F DEBUG   :       #33 pc 000000000051cb66  /data/app/~~208TNqfu52oFYe9KLclWaA==/com.vibekey.keyboard-BBNa6p8KQYNkRzrLQK8srg==/oat/arm64/base.vdex (helium314.keyboard.latin.LatinIME.l+70)
06-09 12:26:49.928 11302 11302 F DEBUG   :       #34 pc 0000000000669324  /apex/com.android.art/lib64/libart.so (nterp_helper+3924) (BuildId: 7087b2f2160bfbf3335d54ba9779e325)
06-09 12:26:49.928 11302 11302 F DEBUG   :       #35 pc 000000000053396a  /data/app/~~208TNqfu52oFYe9KLclWaA==/com.vibekey.keyboard-BBNa6p8KQYNkRzrLQK8srg==/oat/arm64/base.vdex (i7.m.a+522)
06-09 12:26:49.928 11302 11302 F DEBUG   :       #36 pc 000000000066a81c  /apex/com.android.art/lib64/libart.so (nterp_helper+9292) (BuildId: 7087b2f2160bfbf3335d54ba9779e325)
06-09 12:26:49.928 11302 11302 F DEBUG   :       #37 pc 00000000005409fe  /data/app/~~208TNqfu52oFYe9KLclWaA==/com.vibekey.keyboard-BBNa6p8KQYNkRzrLQK8srg==/oat/arm64/base.vdex (i7.j0.a+470)
06-09 12:26:49.928 11302 11302 F DEBUG   :       #38 pc 0000000000669a28  /apex/com.android.art/lib64/libart.so (nterp_helper+5720) (BuildId: 7087b2f2160bfbf3335d54ba9779e325)
06-09 12:26:49.928 11302 11302 F DEBUG   :       #39 pc 0000000000541572  /data/app/~~208TNqfu52oFYe9KLclWaA==/com.vibekey.keyboard-BBNa6p8KQYNkRzrLQK8srg==/oat/arm64/base.vdex (i7.j0.q+454)
06-09 12:26:49.928 11302 11302 F DEBUG   :       #40 pc 0000000000669324  /apex/com.android.art/lib64/libart.so (nterp_helper+3924) (BuildId: 7087b2f2160bfbf3335d54ba9779e325)
06-09 12:26:49.928 11302 11302 F DEBUG   :       #41 pc 000000000054137e  /data/app/~~208TNqfu52oFYe9KLclWaA==/com.vibekey.keyboard-BBNa6p8KQYNkRzrLQK8srg==/oat/arm64/base.vdex (i7.j0.p+302)
06-09 12:26:49.928 11302 11302 F DEBUG   :       #42 pc 0000000000669324  /apex/com.android.art/lib64/libart.so (nterp_helper+3924) (BuildId: 7087b2f2160bfbf3335d54ba9779e325)
06-09 12:26:49.928 11302 11302 F DEBUG   :       #43 pc 0000000000541d92  /data/app/~~208TNqfu52oFYe9KLclWaA==/com.vibekey.keyboard-BBNa6p8KQYNkRzrLQK8srg==/oat/arm64/base.vdex (i7.j0.s+1890)
06-09 12:26:49.928 11302 11302 F DEBUG   :       #44 pc 0000000000669324  /apex/com.android.art/lib64/libart.so (nterp_helper+3924) (BuildId: 7087b2f2160bfbf3335d54ba9779e325)
06-09 12:26:49.928 11302 11302 F DEBUG   :       #45 pc 00000000005124d6  /data/app/~~208TNqfu52oFYe9KLclWaA==/com.vibekey.keyboard-BBNa6p8KQYNkRzrLQK8srg==/oat/arm64/base.vdex (helium314.keyboard.keyboard.MainKeyboardView.onTouchEvent+666)
06-09 12:26:49.928 11302 11302 F DEBUG   :       #46 pc 0000000002af3794  /memfd:jit-zygote-cache (deleted)
06-09 12:26:51.349 11318 11318 E ibekey.keyboar: Unknown bits set in runtime_flags: 0x40000000
06-09 12:26:51.496 11318 11318 W g0      : Could not load system glide typing library jni_latinimegoogle: dlopen failed: library "libjni_latinimegoogle.so" not found
06-09 12:26:51.612 11318 11318 W c       : onSharedPreferenceChanged called before loadSettings.
06-09 12:26:51.612 11318 11318 W t       : No editor info for this field. Bug?
06-09 12:26:51.619 11318 11318 I VkMultilingual: reset main=pt-BR locales=[pt] count=1
06-09 12:26:51.666 11318 11318 W ibekey.keyboar: ClassLoaderContext classpath size mismatch. expected=1, found=0 (DLC[];PCL[base.apk*116719914]{PCL[/system/framework/org.apache.http.legacy.jar*3034548894]#PCL[/apex/com.android.extservices/javalib/android.ext.adservices.jar*3839736497]#PCL[/system/framework/com.android.location.provider.jar*3633238672]#PCL[/system/framework/com.android.media.remotedisplay.jar*3472798123]#PCL[/apex/com.android.extservices/javalib/android.ext.adservices.jar*3839736497]} | DLC[];PCL[])
06-09 12:26:51.675 11318 11318 W System  : ClassLoader referenced unknown path: 
06-09 12:26:51.681 11318 11318 W ibekey.keyboar: ClassLoaderContext classpath element checksum mismatch. expected=116719914, found=177450731 (DLC[];PCL[base.apk*116719914]{PCL[/system/framework/org.apache.http.legacy.jar*3034548894]#PCL[/apex/com.android.extservices/javalib/android.ext.adservices.jar*3839736497]#PCL[/system/framework/com.android.location.provider.jar*3633238672]#PCL[/system/framework/com.android.media.remotedisplay.jar*3472798123]#PCL[/apex/com.android.extservices/javalib/android.ext.adservices.jar*3839736497]} | DLC[];PCL[/data/app/~~208TNqfu52oFYe9KLclWaA==/com.vibekey.keyboard-BBNa6p8KQYNkRzrLQK8srg==/base.apk*177450731]{PCL[/apex/com.android.extservices/javalib/android.ext.adservices.jar*3839736497]})
06-09 12:26:51.746 11318 11318 E ibekey.keyboar: ofbOpen failed with error=No such file or directory
06-09 12:26:51.746 11318 11318 E ibekey.keyboar: sysOpen failed with error=No such file or directory
06-09 12:26:51.763 11318 11378 W Ads     : Update ad debug logging enablement as false
06-09 12:26:51.788 11318 11318 E MultiApp.Impl: OplusMultiAppImpl
06-09 12:26:51.879 11318 11411 W libc    : Access denied finding property "ro.vendor.api_level"
06-09 12:26:51.884 11318 11318 W chromium: [WARNING:android_webview/browser/network_service/net_helpers.cc:137] HTTP Cache size is: 20971520
06-09 12:26:51.945 11318 11440 W libc    : Access denied finding property "vendor.camera.aux.packagelist"
06-09 12:26:51.945 11318 11440 W libc    : Access denied finding property "vendor.camera.aux.packagelist"
06-09 12:26:51.946 11318 11335 W libc    : Access denied finding property "vendor.camera.aux.packagelist"
06-09 12:26:51.958 11318 11318 I VkSwipe : ○ gesture canceled
06-09 12:26:51.971 11318 11318 I VkEffects: reload anim=scale blur=0px glow=false stickers=true
06-09 12:26:51.973 11318 11318 E OplusCustomizeRestrictionManager: sInstance is null, start a new sInstance
06-09 12:26:52.051 11318 11318 I SpaceAssistPopup: ○ send ready=false outChars=0
06-09 12:26:52.065 11318 11318 I VkTyping: ▶ open restart=false pkg=com.android.launcher inputType=589825
06-09 12:26:52.208 11318 11417 W cr_media: BLUETOOTH_CONNECT permission is missing.
06-09 12:26:52.208 11318 11417 W cr_media: getBluetoothAdapter() requires BLUETOOTH permission
06-09 12:26:52.208 11318 11417 W cr_media: registerBluetoothIntentsIfNeeded: Requires BLUETOOTH permission
06-09 12:26:52.232 11318 11318 W View    : requestLayout() improperly called by android.widget.LinearLayout{d029ae0 V.E...... ......ID 0,1868-1440,2818 #7f0a010d app:id/input_view_keyboard_column} during layout: running second layout pass
06-09 12:26:52.232 11318 11318 W View    : requestLayout() improperly called by android.widget.LinearLayout{e8c6199 V.E...... ......ID 0,0-1440,950 #7f0a011c app:id/main_keyboard_frame} during layout: running second layout pass
06-09 12:26:52.376 11318 11432 W AudioCapabilities: Unsupported mime audio/ffmpeg
06-09 12:26:52.377 11318 11432 W VideoCapabilities: Unsupported mime video/ffmpeg
06-09 12:26:52.377 11318 11432 W VideoCapabilities: Unrecognized profile/level 0/3 for video/mpeg2
06-09 12:26:52.377 11318 11432 W VideoCapabilities: Unrecognized profile/level 0/3 for video/mpeg2
06-09 12:26:52.442 11318 11473 W Settings: Setting animator_duration_scale has moved from android.provider.Settings.System to android.provider.Settings.Global, returning read-only global URI.
06-09 12:26:52.447 11318 11473 E GeckoLibLoad: Load sqlite start
06-09 12:26:52.448 11318 11473 E GeckoLibLoad: Load sqlite done
06-09 12:26:52.448 11318 11473 E GeckoLibLoad: Load nss start
06-09 12:26:52.448 11318 11473 E GeckoLibLoad: Load nss done
06-09 12:26:52.462 11318 11473 E GeckoLibLoad: Loaded libs in 14.454531ms total, 0ms(14ms) user, 9ms(0ms) system, 1(1) faults
06-09 12:26:52.463 11318 11473 W GeckoThread: zerdatime 699255324 - runGecko
06-09 12:26:52.512 11318 11318 W com.vibekey.keyboard: type=1400 audit(0.0:296517): avc: denied { bind } for comm=4E65746C696E6B204D6F6E69746F72 scontext=u:r:untrusted_app:s0:c183,c271,c512,c768 tcontext=u:r:untrusted_app:s0:c183,c271,c512,c768 tclass=netlink_route_socket permissive=0 bug=b/155595000 app=com.vibekey.keyboard
06-09 12:26:52.539 11318 11473 E ibekey.keyboar: hiddenapi: Accessing hidden field Ljava/lang/Boolean;->value:Z (runtime_flags=0, domain=core-platform, api=max-target-p) from Lorg/mozilla/gecko/GeckoThread; (domain=app, TargetSdkVersion=35) using JNI: denied
06-09 12:26:52.539 11318 11473 E ibekey.keyboar: hiddenapi: Accessing hidden field Ljava/lang/Integer;->value:I (runtime_flags=0, domain=core-platform, api=max-target-p) from Lorg/mozilla/gecko/GeckoThread; (domain=app, TargetSdkVersion=35) using JNI: denied
06-09 12:26:52.539 11318 11473 E ibekey.keyboar: hiddenapi: Accessing hidden field Ljava/lang/Long;->value:J (runtime_flags=0, domain=core-platform, api=max-target-p) from Lorg/mozilla/gecko/GeckoThread; (domain=app, TargetSdkVersion=35) using JNI: denied
06-09 12:26:52.539 11318 11473 E ibekey.keyboar: hiddenapi: Accessing hidden field Ljava/lang/Double;->value:D (runtime_flags=0, domain=core-platform, api=max-target-p) from Lorg/mozilla/gecko/GeckoThread; (domain=app, TargetSdkVersion=35) using JNI: denied
06-09 12:26:52.570 11496 11496 E .keyboard:tab1: Unknown bits set in runtime_flags: 0x40000000
06-09 12:26:52.768  8701  8763 I OnDeviceAssist: warm ok model=qwen2.5-0.5b-instruct-q4_0.gguf ambient=40 chars 0ms
06-09 12:26:53.195  8701  8763 I OnDeviceAssist: warm ok model=qwen2.5-0.5b-instruct-q4_0.gguf ambient=40 chars 0ms
06-09 12:26:53.670 11558 11558 E libcrashpad_handler_trampoline.so: createInstance(64bit) : createExtendedFactory
06-09 12:26:53.671 11558 11558 E libcrashpad_handler_trampoline.so: createInstance(64bit) : createExtendedFactory
06-09 12:26:53.671 11558 11558 E libcrashpad_handler_trampoline.so: Opened libinputextensionsimpl.so
06-09 12:26:53.671 11558 11558 E libcrashpad_handler_trampoline.so: Opened libinputextensionsimpl.so
06-09 12:26:53.672 11558 11558 E libcrashpad_handler_trampoline.so: createInstance(64bit) : createExtendedFactory
06-09 12:26:53.672 11558 11558 E libcrashpad_handler_trampoline.so: createInstance(64bit) : createExtendedFactory
06-09 12:26:53.672 11558 11558 E libcrashpad_handler_trampoline.so: Opened libsensorextimpl.so
06-09 12:26:53.672 11558 11558 E libcrashpad_handler_trampoline.so: Opened libsensorextimpl.so
06-09 12:26:53.812 11318 11354 F libc    : Fatal signal 7 (SIGBUS), code 2 (BUS_ADRERR), fault addr 0x76665e6117 in tid 11354 (d), pid 11318 (AndroidUI)
06-09 12:26:53.931 11575 11575 E DEBUG   : failed to read /proc/uptime: Permission denied
06-09 12:26:53.936 11318 11318 W b       : Suggestion generation timed out
06-09 12:26:54.486 11318 11318 W b       : Suggestion generation timed out
06-09 12:26:54.598 11575 11575 F DEBUG   : Process name is com.vibekey.keyboard, not key_process
06-09 12:26:54.598 11575 11575 F DEBUG   : keyProcess: 0
06-09 12:26:54.598 11575 11575 F DEBUG   : *** *** *** *** *** *** *** *** *** *** *** *** *** *** *** ***
06-09 12:26:54.598 11575 11575 F DEBUG   : Build fingerprint: 'OnePlus/OnePlus7Pro/OnePlus7Pro:12/SKQ1.211113.001/P.202303230244:user/release-keys'
06-09 12:26:54.598 11575 11575 F DEBUG   : Revision: '0'
06-09 12:26:54.598 11575 11575 F DEBUG   : ABI: 'arm64'
06-09 12:26:54.598 11575 11575 F DEBUG   : Timestamp: 2026-06-09 12:26:53.931061670-0400
06-09 12:26:54.598 11575 11575 F DEBUG   : Process uptime: 0s
06-09 12:26:54.598 11575 11575 F DEBUG   : Cmdline: com.vibekey.keyboard
06-09 12:26:54.598 11575 11575 F DEBUG   : pid: 11318, tid: 11354, name: d  >>> com.vibekey.keyboard <<<
06-09 12:26:54.598 11575 11575 F DEBUG   : uid: 14023
06-09 12:26:54.598 11575 11575 F DEBUG   : signal 7 (SIGBUS), code 2 (BUS_ADRERR), fault addr 0x76665e6117
06-09 12:26:54.598 11575 11575 F DEBUG   :     x0  0000000000000000  x1  0000000000002c5a  x2  0000000000000007  x3  00000076878b5da0
06-09 12:26:54.598 11575 11575 F DEBUG   :     x4  00000076878b56a8  x5  00000076878b56a8  x6  00000076878b56a8  x7  0000000000000000
06-09 12:26:54.598 11575 11575 F DEBUG   :     x8  00000000000000f0  x9  db746b027190efc7  x10 0000000000004001  x11 0000000000000000
06-09 12:26:54.598 11575 11575 F DEBUG   :     x12 00000000ffffffff  x13 0000000000000000  x14 b4000074dcedeb88  x15 00000000358637bd
06-09 12:26:54.598 11575 11575 F DEBUG   :     x16 000000757ca3ad18  x17 00000076790b8f10  x18 0000007530866000  x19 0000000000000007
06-09 12:26:54.598 11575 11575 F DEBUG   :     x20 00000076878b5da0  x21 0000000000002c36  x22 00000076878b5d00  x23 0000000000000001
06-09 12:26:54.598 11575 11575 F DEBUG   :     x24 b4000074dd00f940  x25 b4000075cacd1c10  x26 0000000000075080  x27 b4000074dd00d8c0
06-09 12:26:54.598 11575 11575 F DEBUG   :     x28 0000000000000000  x29 00000076878b5d20
06-09 12:26:54.598 11575 11575 F DEBUG   :     lr  0000007576c697f8  sp  00000076878b5d00  pc  00000076790b8f34  pst 0000000000000000
06-09 12:26:54.598 11575 11575 F DEBUG   : backtrace:
06-09 12:26:54.598 11575 11575 F DEBUG   :       #00 pc 0000000000075f34  /apex/com.android.runtime/lib64/bionic/libc.so (syscall+36) (BuildId: bbbdeb7c87c74f1491f92c6e605095b0)
06-09 12:26:54.598 11575 11575 F DEBUG   :       #01 pc 00000000040587f4  /data/app/~~ukACh23KqzhC02schODZ5g==/com.google.android.webview-qsLJ1HFxFSLtbdE1YBqHuA==/base.apk!libwebviewchromium.so (BuildId: f4154d1d3a9b37880ffb62018a1d86e977877475)
06-09 12:26:54.598 11575 11575 F DEBUG   :       #02 pc 000000000404ef70  /data/app/~~ukACh23KqzhC02schODZ5g==/com.google.android.webview-qsLJ1HFxFSLtbdE1YBqHuA==/base.apk!libwebviewchromium.so (BuildId: f4154d1d3a9b37880ffb62018a1d86e977877475)
06-09 12:26:54.598 11575 11575 F DEBUG   :       #03 pc 0000000000000638  [vdso] (__kernel_rt_sigreturn+0)
06-09 12:26:54.598 11575 11575 F DEBUG   :       #04 pc 00000000000b62f4  /data/app/~~208TNqfu52oFYe9KLclWaA==/com.vibekey.keyboard-BBNa6p8KQYNkRzrLQK8srg==/lib/arm64/libjni_latinime.so (latinime::PatriciaTrieReadingUtils::getPtNodeArraySizeAndAdvancePosition(unsigned char const*, int, int*)+44) (BuildId: f905dbd1a904967a994cf833116e517b05caa863)
06-09 12:26:54.598 11575 11575 F DEBUG   :       #05 pc 00000000000b6c2c  /data/app/~~208TNqfu52oFYe9KLclWaA==/com.vibekey.keyboard-BBNa6p8KQYNkRzrLQK8srg==/lib/arm64/libjni_latinime.so (latinime::PatriciaTriePolicy::createAndGetAllChildDicNodes(latinime::DicNode const*, latinime::DicNodeVector*) const+112) (BuildId: f905dbd1a904967a994cf833116e517b05caa863)
06-09 12:26:54.598 11575 11575 F DEBUG   :       #06 pc 00000000000d598c  /data/app/~~208TNqfu52oFYe9KLclWaA==/com.vibekey.keyboard-BBNa6p8KQYNkRzrLQK8srg==/lib/arm64/libjni_latinime.so (latinime::Suggest::processDicNodeAsOmission(latinime::DicTraverseSession*, latinime::DicNode*) const+84) (BuildId: f905dbd1a904967a994cf833116e517b05caa863)
06-09 12:26:54.598 11575 11575 F DEBUG   :       #07 pc 00000000000d4a88  /data/app/~~208TNqfu52oFYe9KLclWaA==/com.vibekey.keyboard-BBNa6p8KQYNkRzrLQK8srg==/lib/arm64/libjni_latinime.so (latinime::Suggest::expandCurrentDicNodes(latinime::DicTraverseSession*) const+1732) (BuildId: f905dbd1a904967a994cf833116e517b05caa863)
06-09 12:26:54.598 11575 11575 F DEBUG   :       #08 pc 00000000000d3c0c  /data/app/~~208TNqfu52oFYe9KLclWaA==/com.vibekey.keyboard-BBNa6p8KQYNkRzrLQK8srg==/lib/arm64/libjni_latinime.so (latinime::Suggest::getSuggestions(latinime::ProximityInfo*, void*, int*, int*, int*, int*, int*, int, float, latinime::SuggestionResults*) const+504) (BuildId: f905dbd1a904967a994cf833116e517b05caa863)
06-09 12:26:54.598 11575 11575 F DEBUG   :       #09 pc 000000000009fd88  /data/app/~~208TNqfu52oFYe9KLclWaA==/com.vibekey.keyboard-BBNa6p8KQYNkRzrLQK8srg==/lib/arm64/libjni_latinime.so (BuildId: f905dbd1a904967a994cf833116e517b05caa863)
06-09 12:26:54.598 11575 11575 F DEBUG   :       #10 pc 00000000002c2100  /apex/com.android.art/lib64/libart.so (art_quick_generic_jni_trampoline+144) (BuildId: 7087b2f2160bfbf3335d54ba9779e325)
06-09 12:26:54.598 11575 11575 F DEBUG   :       #11 pc 00000000006692dc  /apex/com.android.art/lib64/libart.so (nterp_helper+3852) (BuildId: 7087b2f2160bfbf3335d54ba9779e325)
06-09 12:26:54.598 11575 11575 F DEBUG   :       #12 pc 000000000021fa0c  /data/app/~~208TNqfu52oFYe9KLclWaA==/com.vibekey.keyboard-BBNa6p8KQYNkRzrLQK8srg==/oat/arm64/base.vdex (com.android.inputmethod.latin.BinaryDictionary.p+572)
06-09 12:26:54.598 11575 11575 F DEBUG   :       #13 pc 0000000000669a28  /apex/com.android.art/lib64/libart.so (nterp_helper+5720) (BuildId: 7087b2f2160bfbf3335d54ba9779e325)
06-09 12:26:54.598 11575 11575 F DEBUG   :       #14 pc 000000000021f78a  /data/app/~~208TNqfu52oFYe9KLclWaA==/com.vibekey.keyboard-BBNa6p8KQYNkRzrLQK8srg==/oat/arm64/base.vdex (com.android.inputmethod.latin.BinaryDictionary.c+2)
06-09 12:26:54.598 11575 11575 F DEBUG   :       #15 pc 0000000000669a28  /apex/com.android.art/lib64/libart.so (nterp_helper+5720) (BuildId: 7087b2f2160bfbf3335d54ba9779e325)
06-09 12:26:54.598 11575 11575 F DEBUG   :       #16 pc 0000000000ad6072  /data/app/~~208TNqfu52oFYe9KLclWaA==/com.vibekey.keyboard-BBNa6p8KQYNkRzrLQK8srg==/oat/arm64/base.vdex (v7.j.c+50)
06-09 12:26:54.598 11575 11575 F DEBUG   :       #17 pc 0000000000669a28  /apex/com.android.art/lib64/libart.so (nterp_helper+5720) (BuildId: 7087b2f2160bfbf3335d54ba9779e325)
06-09 12:26:54.598 11575 11575 F DEBUG   :       #18 pc 0000000000ad5202  /data/app/~~208TNqfu52oFYe9KLclWaA==/com.vibekey.keyboard-BBNa6p8KQYNkRzrLQK8srg==/oat/arm64/base.vdex (v7.d.c+70)
06-09 12:26:54.598 11575 11575 F DEBUG   :       #19 pc 0000000000669a28  /apex/com.android.art/lib64/libart.so (nterp_helper+5720) (BuildId: 7087b2f2160bfbf3335d54ba9779e325)
06-09 12:26:54.598 11575 11575 F DEBUG   :       #20 pc 0000000000590b7e  /data/app/~~208TNqfu52oFYe9KLclWaA==/com.vibekey.keyboard-BBNa6p8KQYNkRzrLQK8srg==/oat/arm64/base.vdex (p7.o.i+390)
06-09 12:26:54.598 11575 11575 F DEBUG   :       #21 pc 0000000000669a28  /apex/com.android.art/lib64/libart.so (nterp_helper+5720) (BuildId: 7087b2f2160bfbf3335d54ba9779e325)
06-09 12:26:54.598 11575 11575 F DEBUG   :       #22 pc 0000000000590488  /data/app/~~208TNqfu52oFYe9KLclWaA==/com.vibekey.keyboard-BBNa6p8KQYNkRzrLQK8srg==/oat/arm64/base.vdex (p7.o.h+376)
06-09 12:26:54.598 11575 11575 F DEBUG   :       #23 pc 0000000000669a28  /apex/com.android.art/lib64/libart.so (nterp_helper+5720) (BuildId: 7087b2f2160bfbf3335d54ba9779e325)
06-09 12:26:54.598 11575 11575 F DEBUG   :       #24 pc 00000000005902ba  /data/app/~~208TNqfu52oFYe9KLclWaA==/com.vibekey.keyboard-BBNa6p8KQYNkRzrLQK8srg==/oat/arm64/base.vdex (p7.o.g+166)
06-09 12:26:54.598 11575 11575 F DEBUG   :       #25 pc 0000000000669a28  /apex/com.android.art/lib64/libart.so (nterp_helper+5720) (BuildId: 7087b2f2160bfbf3335d54ba9779e325)
06-09 12:26:54.598 11575 11575 F DEBUG   :       #26 pc 0000000000598bb2  /data/app/~~208TNqfu52oFYe9KLclWaA==/com.vibekey.keyboard-BBNa6p8KQYNkRzrLQK8srg==/oat/arm64/base.vdex (p7.h1.c+266)
06-09 12:26:54.598 11575 11575 F DEBUG   :       #27 pc 0000000000669a28  /apex/com.android.art/lib64/libart.so (nterp_helper+5720) (BuildId: 7087b2f2160bfbf3335d54ba9779e325)
06-09 12:26:54.598 11575 11575 F DEBUG   :       #28 pc 0000000000598a12  /data/app/~~208TNqfu52oFYe9KLclWaA==/com.vibekey.keyboard-BBNa6p8KQYNkRzrLQK8srg==/oat/arm64/base.vdex (p7.h1.b+2786)
06-09 12:26:54.598 11575 11575 F DEBUG   :       #29 pc 0000000000669a28  /apex/com.android.art/lib64/libart.so (nterp_helper+5720) (BuildId: 7087b2f2160bfbf3335d54ba9779e325)
06-09 12:26:54.598 11575 11575 F DEBUG   :       #30 pc 0000000000add192  /data/app/~~208TNqfu52oFYe9KLclWaA==/com.vibekey.keyboard-BBNa6p8KQYNkRzrLQK8srg==/oat/arm64/base.vdex (x7.b.m+1458)
06-09 12:26:54.598 11575 11575 F DEBUG   :       #31 pc 0000000000669324  /apex/com.android.art/lib64/libart.so (nterp_helper+3924) (BuildId: 7087b2f2160bfbf3335d54ba9779e325)
06-09 12:26:54.598 11575 11575 F DEBUG   :       #32 pc 000000000019af36  /data/app/~~208TNqfu52oFYe9KLclWaA==/com.vibekey.keyboard-BBNa6p8KQYNkRzrLQK8srg==/oat/arm64/base.vdex (a5.a.run+102)
06-09 12:26:54.598 11575 11575 F DEBUG   :       #33 pc 000000000066a144  /apex/com.android.art/lib64/libart.so (nterp_helper+7540) (BuildId: 7087b2f2160bfbf3335d54ba9779e325)
