=== VibeKey 4.1.248 (4348) ===

--------- beginning of system
06-08 16:04:52.547 24652 24652 E OplusCustomizeRestrictionManager: sInstance is null, start a new sInstance
06-08 16:07:47.633 24652 26627 E ActivityThread: Failed to find provider info for com.oplus.statistics.provider
06-08 16:07:47.633 24652 26627 E OplusStatistics--: IllegalArgumentException:java.lang.IllegalArgumentException: Unknown URL content://com.oplus.statistics.provider/track_event
06-08 16:09:12.522 24652 26627 E ActivityThread: Failed to find provider info for com.oplus.statistics.provider
06-08 16:09:12.522 24652 26627 E OplusStatistics--: IllegalArgumentException:java.lang.IllegalArgumentException: Unknown URL content://com.oplus.statistics.provider/track_event
--------- beginning of main
06-08 16:11:56.246 24652 24652 I VkTyping: ▶ open restart=false pkg=com.android.launcher inputType=589825
06-08 16:11:56.830 24652 24681 I OnDeviceAssist: ▶ assist_ipc task=topic_tags in=20 chars
06-08 16:11:56.851 24693 24743 I OnDeviceAssist: dispatch task=topic_tags in=20 chars engine=Ready
06-08 16:11:56.852 24693 24743 I OnDeviceAssist: ▶ runSync task=topic_tags in=20 chars locale=pt
06-08 16:11:56.853 24693 24743 I OnDeviceAssist: → llm task=topic_tags model=qwen2.5-0.5b-instruct-q4_0.gguf temp=0.22 maxTok=41
06-08 16:11:59.280 24693 24711 I OnDeviceAssist: warm ok model=qwen2.5-0.5b-instruct-q4_0.gguf ambient=53 chars 2143ms
06-08 16:11:59.281 24693 24743 I OnDeviceAssist: ✓ llm task=topic_tags 2429ms out=99 chars
06-08 16:11:59.281 24693 24743 I OnDeviceAssist: done task=topic_tags 2431ms out=99 chars
06-08 16:11:59.281 24652 24799 I OnDeviceAssist: ✓ assist (ime) task=topic_tags 2452ms in=20 out=99
06-08 16:11:59.556 24652 24652 W b       : Called updateSuggestionsOrPredictions but suggestions were not requested!
06-08 16:11:59.697 24652 24652 W b       : Called updateSuggestionsOrPredictions but suggestions were not requested!
06-08 16:11:59.896 24652 24652 W b       : Called updateSuggestionsOrPredictions but suggestions were not requested!
06-08 16:12:00.082 24652 24652 W b       : Called updateSuggestionsOrPredictions but suggestions were not requested!
06-08 16:12:00.208 24652 24652 W b       : Called updateSuggestionsOrPredictions but suggestions were not requested!
06-08 16:12:00.362 24652 24652 I SpaceAssistPopup: ○ send ready=false outChars=0
06-08 16:12:00.362 24652 24652 I VkPanels: ▶ open browser
06-08 16:12:00.370 24652 24652 W View    : requestLayout() improperly called by android.widget.FrameLayout{e3ac9a7 V.E...... ......ID 0,1625-1440,1805 #7f0a0087 app:id/browser_nav_footer_float} during layout: running second layout pass
06-08 16:12:00.371 24652 24652 I VkBrowser: ▶ panel open incognito=false tabs=0 queryLen=0
06-08 16:12:00.385 24652 24652 E GeckoView: Failed to attach WindowInsetsListener: 
06-08 16:12:00.385 24652 24652 E GeckoView: java.lang.NullPointerException: Attempt to invoke virtual method 'android.view.Window android.app.Activity.getWindow()' on a null object reference
06-08 16:12:00.385 24652 24652 E GeckoView: 	at org.mozilla.geckoview.GeckoView.attachWindowInsetsListener(r8-map-id-4eb0b8dc47ffed541c9fb8c00816dc496ee14adeaffafd15a3d268494dced7db:1)
06-08 16:12:00.385 24652 24652 E GeckoView: 	at org.mozilla.geckoview.GeckoView.onAttachedToWindow(r8-map-id-4eb0b8dc47ffed541c9fb8c00816dc496ee14adeaffafd15a3d268494dced7db:49)
06-08 16:12:00.385 24652 24652 E GeckoView: 	at helium314.keyboard.latin.panels.ImeGeckoView.onAttachedToWindow(r8-map-id-4eb0b8dc47ffed541c9fb8c00816dc496ee14adeaffafd15a3d268494dced7db:4)
06-08 16:12:00.385 24652 24652 E GeckoView: 	at android.view.View.dispatchAttachedToWindow(View.java:20900)
06-08 16:12:00.385 24652 24652 E GeckoView: 	at android.view.ViewGroup.dispatchAttachedToWindow(ViewGroup.java:3539)
06-08 16:12:00.385 24652 24652 E GeckoView: 	at android.view.ViewGroup.addViewInner(ViewGroup.java:5378)
06-08 16:12:00.385 24652 24652 E GeckoView: 	at android.view.ViewGroup.addView(ViewGroup.java:5156)
06-08 16:12:00.385 24652 24652 E GeckoView: 	at android.view.ViewGroup.addView(ViewGroup.java:5096)
06-08 16:12:00.385 24652 24652 E GeckoView: 	at helium314.keyboard.latin.panels.BrowserPanelView.Z(r8-map-id-4eb0b8dc47ffed541c9fb8c00816dc496ee14adeaffafd15a3d268494dced7db:311)
06-08 16:12:00.385 24652 24652 E GeckoView: 	at helium314.keyboard.latin.panels.BrowserPanelView.H0(r8-map-id-4eb0b8dc47ffed541c9fb8c00816dc496ee14adeaffafd15a3d268494dced7db:175)
06-08 16:12:00.385 24652 24652 E GeckoView: 	at c5.s.run(r8-map-id-4eb0b8dc47ffed541c9fb8c00816dc496ee14adeaffafd15a3d268494dced7db:622)
06-08 16:12:00.385 24652 24652 E GeckoView: 	at i7.y.onGlobalLayout(r8-map-id-4eb0b8dc47ffed541c9fb8c00816dc496ee14adeaffafd15a3d268494dced7db:8)
06-08 16:12:00.385 24652 24652 E GeckoView: 	at android.view.ViewTreeObserver.dispatchOnGlobalLayout(ViewTreeObserver.java:1061)
06-08 16:12:00.385 24652 24652 E GeckoView: 	at android.view.ViewRootImpl.performTraversals(ViewRootImpl.java:3407)
06-08 16:12:00.385 24652 24652 E GeckoView: 	at android.view.ViewRootImpl.doTraversal(ViewRootImpl.java:2305)
06-08 16:12:00.385 24652 24652 E GeckoView: 	at android.view.ViewRootImpl$TraversalRunnable.run(ViewRootImpl.java:9133)
06-08 16:12:00.385 24652 24652 E GeckoView: 	at android.view.Choreographer$CallbackRecord.run(Choreographer.java:1232)
06-08 16:12:00.385 24652 24652 E GeckoView: 	at android.view.Choreographer.doCallbacks(Choreographer.java:1029)
06-08 16:12:00.385 24652 24652 E GeckoView: 	at android.view.Choreographer.doFrame(Choreographer.java:934)
06-08 16:12:00.385 24652 24652 E GeckoView: 	at android.view.Choreographer$FrameDisplayEventReceiver.run(Choreographer.java:1217)
06-08 16:12:00.385 24652 24652 E GeckoView: 	at android.os.Handler.handleCallback(Handler.java:938)
06-08 16:12:00.385 24652 24652 E GeckoView: 	at android.os.Handler.dispatchMessage(Handler.java:99)
06-08 16:12:00.385 24652 24652 E GeckoView: 	at android.os.Looper.loopOnce(Looper.java:233)
06-08 16:12:00.385 24652 24652 E GeckoView: 	at android.os.Looper.loop(Looper.java:344)
06-08 16:12:00.385 24652 24652 E GeckoView: 	at android.app.ActivityThread.main(ActivityThread.java:8212)
06-08 16:12:00.385 24652 24652 E GeckoView: 	at java.lang.reflect.Method.invoke(Native Method)
06-08 16:12:00.385 24652 24652 E GeckoView: 	at com.android.internal.os.RuntimeInit$MethodAndArgsCaller.run(RuntimeInit.java:584)
06-08 16:12:00.385 24652 24652 E GeckoView: 	at com.android.internal.os.ZygoteInit.main(ZygoteInit.java:1034)
06-08 16:12:00.385 24652 24652 I VkBrowser: → load host=www.google.com
06-08 16:12:00.482 27419 27419 E ey.keyboard:gp: Unknown bits set in runtime_flags: 0x40000000
06-08 16:12:00.553 27419 27437 E GeckoLibLoad: Load sqlite start
06-08 16:12:00.556 27419 27437 E GeckoLibLoad: Load sqlite done
06-08 16:12:00.556 27419 27437 E GeckoLibLoad: Load nss start
06-08 16:12:00.556 27419 27437 E GeckoLibLoad: Load nss done
06-08 16:12:00.610 27419 27437 E GeckoLibLoad: Loaded libs in 54.387240ms total, 3ms(5ms) user, 7ms(7ms) system, 6(6) faults
06-08 16:12:00.611 27419 27437 W GeckoThread: zerdatime 626363472 - runGecko
06-08 16:12:00.678 27419 27461 W AudioCapabilities: Unsupported mime audio/ffmpeg
06-08 16:12:00.680 27419 27461 W VideoCapabilities: Unsupported mime video/ffmpeg
06-08 16:12:00.681 27419 27461 W VideoCapabilities: Unrecognized profile/level 0/3 for video/mpeg2
06-08 16:12:00.681 27419 27461 W VideoCapabilities: Unrecognized profile/level 0/3 for video/mpeg2
06-08 16:12:00.748 25167 25198 E GeckoLibLoad: Load sqlite start
06-08 16:12:00.748 25167 25198 E GeckoLibLoad: Load sqlite done
06-08 16:12:00.749 25167 25198 E GeckoLibLoad: Load nss start
06-08 16:12:00.749 25167 25198 E GeckoLibLoad: Load nss done
06-08 16:12:00.766 25167 25198 E GeckoLibLoad: Loaded libs in 16.683125ms total, 9ms(12ms) user, 0ms(0ms) system, 0(0) faults
06-08 16:12:00.766 25167 25198 W GeckoThread: zerdatime 626363627 - runGecko
06-08 16:12:00.801 27419 27435 E ey.keyboard:gp: ofbOpen failed with error=No such file or directory
06-08 16:12:00.801 27419 27435 E ey.keyboard:gp: sysOpen failed with error=No such file or directory
06-08 16:12:00.843 24652 25126 W GeckoConsole: [JavaScript Warning: "Missing resource in locale pt-BR: netwerk/necko.ftl"]
06-08 16:12:00.843 24652 25126 W GeckoConsole: [JavaScript Warning: "Missing resource in locale pt-PT: netwerk/necko.ftl"]
06-08 16:12:00.843 24652 24652 W com.vibekey.keyboard: type=1400 audit(0.0:279528): avc: denied { nlmsg_readpriv } for comm=536F636B657420546872656164 scontext=u:r:untrusted_app:s0:c174,c271,c512,c768 tcontext=u:r:untrusted_app:s0:c174,c271,c512,c768 tclass=netlink_route_socket permissive=0 bug=b/155595000 app=com.vibekey.keyboard
06-08 16:12:00.901 24652 26688 E BLASTBufferQueue: BLASTBufferItemConsumer::onDisconnect()
06-08 16:12:01.032 27533 27533 E .keyboard:tab3: Unknown bits set in runtime_flags: 0x40000000
06-08 16:12:01.096 27533 27552 E GeckoLibLoad: Load sqlite start
06-08 16:12:01.097 27533 27552 E GeckoLibLoad: Load sqlite done
06-08 16:12:01.097 27533 27552 E GeckoLibLoad: Load nss start
06-08 16:12:01.097 27533 27552 E GeckoLibLoad: Load nss done
06-08 16:12:01.107 27533 27552 E GeckoLibLoad: Loaded libs in 9.959531ms total, 3ms(5ms) user, 6ms(4ms) system, 0(0) faults
06-08 16:12:01.108 27533 27552 W GeckoThread: zerdatime 626363969 - runGecko
06-08 16:12:01.199 27533 27552 W Isolated Web Content: [JavaScript Warning: "Content-Security-Policy: Ignoring “'report-sample'” within script-src: ‘strict-dynamic’ specified" {file: "https://www.google.com/" line: 0}]
06-08 16:12:01.199 27533 27552 W Isolated Web Content: [JavaScript Warning: "Content-Security-Policy: Ignoring “'unsafe-inline'” within script-src: ‘strict-dynamic’ specified" {file: "https://www.google.com/" line: 0}]
06-08 16:12:01.199 27533 27552 W Isolated Web Content: [JavaScript Warning: "Content-Security-Policy: Ignoring “https:” within script-src: ‘strict-dynamic’ specified" {file: "https://www.google.com/" line: 0}]
06-08 16:12:01.202 27533 27552 W GeckoEditableChild: No editable parent
06-08 16:12:01.323 24652 24652 W com.vibekey.keyboard: type=1400 audit(0.0:279529): avc: denied { nlmsg_readpriv } for comm=536F636B657420546872656164 scontext=u:r:untrusted_app:s0:c174,c271,c512,c768 tcontext=u:r:untrusted_app:s0:c174,c271,c512,c768 tclass=netlink_route_socket permissive=0 bug=b/155595000 app=com.vibekey.keyboard
06-08 16:12:01.535 24652 26688 E BLASTBufferQueue: BLASTBufferItemConsumer::onDisconnect()
06-08 16:12:01.789 27594 27594 E .keyboard:tab3: Unknown bits set in runtime_flags: 0x40000000
06-08 16:12:01.850 27594 27612 E GeckoLibLoad: Load sqlite start
06-08 16:12:01.852 27594 27612 E GeckoLibLoad: Load sqlite done
06-08 16:12:01.852 27594 27612 E GeckoLibLoad: Load nss start
06-08 16:12:01.852 27594 27612 E GeckoLibLoad: Load nss done
06-08 16:12:01.868 27594 27612 E GeckoLibLoad: Loaded libs in 15.615833ms total, 0ms(0ms) user, 16ms(15ms) system, 0(0) faults
06-08 16:12:01.868 27594 27612 W GeckoThread: zerdatime 626364729 - runGecko
06-08 16:12:01.932 24652 24713 E BLASTBufferQueue: BLASTBufferItemConsumer::onDisconnect()
06-08 16:12:01.935 24652 24652 E GeckoView: Failed to detach WindowInsetsListener: 
06-08 16:12:01.935 24652 24652 E GeckoView: 	at org.mozilla.geckoview.GeckoView.detachWindowInsetsListener(r8-map-id-4eb0b8dc47ffed541c9fb8c00816dc496ee14adeaffafd15a3d268494dced7db:1)
06-08 16:12:01.935 24652 24652 E GeckoView: 	at org.mozilla.geckoview.GeckoView.onDetachedFromWindow(r8-map-id-4eb0b8dc47ffed541c9fb8c00816dc496ee14adeaffafd15a3d268494dced7db:25)
06-08 16:12:01.935 24652 24652 E GeckoView: 	at helium314.keyboard.latin.panels.ImeGeckoView.onDetachedFromWindow(r8-map-id-4eb0b8dc47ffed541c9fb8c00816dc496ee14adeaffafd15a3d268494dced7db:1)
06-08 16:12:01.935 24652 24652 E GeckoView: 	at android.view.View.dispatchDetachedFromWindow(View.java:20955)
06-08 16:12:01.935 24652 24652 E GeckoView: 	at android.view.ViewGroup.dispatchDetachedFromWindow(ViewGroup.java:4014)
06-08 16:12:01.935 24652 24652 E GeckoView: 	at android.view.ViewGroup.removeViewInternal(ViewGroup.java:5660)
06-08 16:12:01.935 24652 24652 E GeckoView: 	at android.view.ViewGroup.removeViewInternal(ViewGroup.java:5631)
06-08 16:12:01.935 24652 24652 E GeckoView: 	at android.view.ViewGroup.removeView(ViewGroup.java:5562)
06-08 16:12:01.935 24652 24652 E GeckoView: 	at a8.t0.run(r8-map-id-4eb0b8dc47ffed541c9fb8c00816dc496ee14adeaffafd15a3d268494dced7db:1239)
06-08 16:12:01.935 24652 24652 E GeckoView: 	at helium314.keyboard.latin.panels.BrowserPanelView.R(r8-map-id-4eb0b8dc47ffed541c9fb8c00816dc496ee14adeaffafd15a3d268494dced7db:151)
06-08 16:12:01.935 24652 24652 E GeckoView: 	at helium314.keyboard.latin.panels.BrowserPanelView.I0(r8-map-id-4eb0b8dc47ffed541c9fb8c00816dc496ee14adeaffafd15a3d268494dced7db:73)
06-08 16:12:01.935 24652 24652 E GeckoView: 	at i7.b0.s(r8-map-id-4eb0b8dc47ffed541c9fb8c00816dc496ee14adeaffafd15a3d268494dced7db:149)
06-08 16:12:01.935 24652 24652 E GeckoView: 	at i7.b0.V(r8-map-id-4eb0b8dc47ffed541c9fb8c00816dc496ee14adeaffafd15a3d268494dced7db:17)
06-08 16:12:01.935 24652 24652 E GeckoView: 	at a8.i5.a(r8-map-id-4eb0b8dc47ffed541c9fb8c00816dc496ee14adeaffafd15a3d268494dced7db:3)
06-08 16:12:01.935 24652 24652 E GeckoView: 	at a8.g3.onClick(r8-map-id-4eb0b8dc47ffed541c9fb8c00816dc496ee14adeaffafd15a3d268494dced7db:207)
06-08 16:12:01.935 24652 24652 E GeckoView: 	at android.view.View.performClick(View.java:7488)
06-08 16:12:01.935 24652 24652 E GeckoView: 	at android.view.View.performClickInternal(View.java:7464)
06-08 16:12:01.935 24652 24652 E GeckoView: 	at android.view.View.access$3700(View.java:841)
06-08 16:12:01.935 24652 24652 E GeckoView: 	at android.view.View$PerformClick.run(View.java:28911)
06-08 16:12:01.935 24652 24652 E GeckoView: 	at android.os.Handler.handleCallback(Handler.java:938)
06-08 16:12:01.935 24652 24652 E GeckoView: 	at android.os.Handler.dispatchMessage(Handler.java:99)
06-08 16:12:01.935 24652 24652 E GeckoView: 	at android.os.Looper.loopOnce(Looper.java:233)
06-08 16:12:01.935 24652 24652 E GeckoView: 	at android.os.Looper.loop(Looper.java:344)
06-08 16:12:01.935 24652 24652 E GeckoView: 	at android.app.ActivityThread.main(ActivityThread.java:8212)
06-08 16:12:01.935 24652 24652 E GeckoView: 	at java.lang.reflect.Method.invoke(Native Method)
06-08 16:12:01.935 24652 24652 E GeckoView: 	at com.android.internal.os.RuntimeInit$MethodAndArgsCaller.run(RuntimeInit.java:584)
06-08 16:12:01.935 24652 24652 E GeckoView: 	at com.android.internal.os.ZygoteInit.main(ZygoteInit.java:1034)
06-08 16:12:02.007 24652 24652 W GeckoSession: No history entries found.
06-08 16:12:02.008 24652 24652 I VkBrowser: ✓ page host=www.google.com title=Google
06-08 16:12:02.566 24652 24652 W b       : Called updateSuggestionsOrPredictions but suggestions were not requested!
06-08 16:12:02.753 24652 24652 W b       : Called updateSuggestionsOrPredictions but suggestions were not requested!
06-08 16:12:02.953 24652 24652 W b       : Called updateSuggestionsOrPredictions but suggestions were not requested!
06-08 16:12:03.164 24652 24652 W b       : Called updateSuggestionsOrPredictions but suggestions were not requested!
06-08 16:12:03.404 24652 24652 W b       : Called updateSuggestionsOrPredictions but suggestions were not requested!
06-08 16:12:03.696 24652 24652 W b       : Called updateSuggestionsOrPredictions but suggestions were not requested!
06-08 16:12:03.872 24652 24652 W b       : Called updateSuggestionsOrPredictions but suggestions were not requested!
06-08 16:12:04.271 24652 24652 W b       : Called updateSuggestionsOrPredictions but suggestions were not requested!
06-08 16:12:04.530 24652 24652 W b       : Called updateSuggestionsOrPredictions but suggestions were not requested!
06-08 16:12:04.922 24652 24652 I SpaceAssistPopup: ○ send ready=false outChars=0
06-08 16:12:04.922 24652 24652 I VkPanels: ▶ open ai_theme
06-08 16:12:09.972 24652 24652 I SpaceAssistPopup: ○ send ready=false outChars=0
06-08 16:12:09.972 24652 24652 I VkPanels: ▶ open menu
06-08 16:12:12.286 27671 27671 E libcrashpad_handler_trampoline.so: createInstance(64bit) : createExtendedFactory
06-08 16:12:12.294 27671 27671 E libcrashpad_handler_trampoline.so: createInstance(64bit) : createExtendedFactory
06-08 16:12:12.294 27671 27671 E libcrashpad_handler_trampoline.so: Opened libinputextensionsimpl.so
06-08 16:12:12.294 27671 27671 E libcrashpad_handler_trampoline.so: Opened libinputextensionsimpl.so
06-08 16:12:12.297 27671 27671 E libcrashpad_handler_trampoline.so: createInstance(64bit) : createExtendedFactory
06-08 16:12:12.298 27671 27671 E libcrashpad_handler_trampoline.so: createInstance(64bit) : createExtendedFactory
06-08 16:12:12.298 27671 27671 E libcrashpad_handler_trampoline.so: Opened libsensorextimpl.so
06-08 16:12:12.298 27671 27671 E libcrashpad_handler_trampoline.so: Opened libsensorextimpl.so
06-08 16:12:12.571 27671 27671 E chromium: [0608/161212.571393:ERROR:third_party/crashpad/crashpad/util/process/process_memory_range.cc:75] read out of range
--------- beginning of crash
06-08 16:12:12.760 24652 24652 F libc    : Fatal signal 7 (SIGBUS), code 2 (BUS_ADRERR), fault addr 0x75bad46162 in tid 24652 (AndroidUI), pid 24652 (AndroidUI)
06-08 16:12:12.969 27675 27675 E DEBUG   : failed to read /proc/uptime: Permission denied
06-08 16:12:14.113 27675 27675 F DEBUG   : Process name is com.vibekey.keyboard, not key_process
06-08 16:12:14.113 27675 27675 F DEBUG   : keyProcess: 0
06-08 16:12:14.113 27675 27675 F DEBUG   : *** *** *** *** *** *** *** *** *** *** *** *** *** *** *** ***
06-08 16:12:14.113 27675 27675 F DEBUG   : Build fingerprint: 'OnePlus/OnePlus7Pro/OnePlus7Pro:12/SKQ1.211113.001/P.202303230244:user/release-keys'
06-08 16:12:14.113 27675 27675 F DEBUG   : Revision: '0'
06-08 16:12:14.113 27675 27675 F DEBUG   : ABI: 'arm64'
06-08 16:12:14.113 27675 27675 F DEBUG   : Timestamp: 2026-06-08 16:12:12.969443820-0400
06-08 16:12:14.113 27675 27675 F DEBUG   : Process uptime: 0s
06-08 16:12:14.113 27675 27675 F DEBUG   : Cmdline: com.vibekey.keyboard
06-08 16:12:14.113 27675 27675 F DEBUG   : pid: 24652, tid: 24652, name: AndroidUI  >>> com.vibekey.keyboard <<<
06-08 16:12:14.113 27675 27675 F DEBUG   : uid: 14014
06-08 16:12:14.113 27675 27675 F DEBUG   : signal 7 (SIGBUS), code 2 (BUS_ADRERR), fault addr 0x75bad46162
06-08 16:12:14.113 27675 27675 F DEBUG   :     x0  0000000000000000  x1  000000000000604c  x2  0000000000000007  x3  0000007696ae1da0
06-08 16:12:14.114 27675 27675 F DEBUG   :     x4  0000007696ae16a8  x5  0000007696ae16a8  x6  0000007696ae16a8  x7  0000000000000000
06-08 16:12:14.114 27675 27675 F DEBUG   :     x8  00000000000000f0  x9  db746b027190efc7  x10 0000000000004001  x11 0000000000000000
06-08 16:12:14.114 27675 27675 F DEBUG   :     x12 00000000ffffffff  x13 0000000000000000  x14 000000000000001f  x15 00000075bad2e39e
06-08 16:12:14.114 27675 27675 F DEBUG   :     x16 000000757ca4b410  x17 00000076790b8f10  x18 00000076960ae000  x19 0000000000000007
06-08 16:12:14.114 27675 27675 F DEBUG   :     x20 0000007696ae1da0  x21 000000000000604c  x22 0000007696ae1d00  x23 0000000000000001
06-08 16:12:14.114 27675 27675 F DEBUG   :     x24 00000076957f5000  x25 0000007fd1e7bcd0  x26 0000007fd1e7bd44  x27 0000000000000001
06-08 16:12:14.114 27675 27675 F DEBUG   :     x28 0000007fd1e7c020  x29 0000007696ae1d20
06-08 16:12:14.114 27675 27675 F DEBUG   :     lr  0000007576c73da0  sp  0000007696ae1d00  pc  00000076790b8f34  pst 0000000000000000
06-08 16:12:14.114 27675 27675 F DEBUG   : backtrace:
06-08 16:12:14.114 27675 27675 F DEBUG   :       #00 pc 0000000000075f34  /apex/com.android.runtime/lib64/bionic/libc.so (syscall+36) (BuildId: bbbdeb7c87c74f1491f92c6e605095b0)
06-08 16:12:14.114 27675 27675 F DEBUG   :       #01 pc 0000000004062d9c  /data/app/~~0vURfNRJhP5qOxDjXMAdJA==/com.google.android.webview-1jICq8A_gawMkQD3QY60ZA==/base.apk!libwebviewchromium.so (BuildId: 6830cf8493d489d274dd2200dc390799760c2507)
06-08 16:12:14.114 27675 27675 F DEBUG   :       #02 pc 0000000004059518  /data/app/~~0vURfNRJhP5qOxDjXMAdJA==/com.google.android.webview-1jICq8A_gawMkQD3QY60ZA==/base.apk!libwebviewchromium.so (BuildId: 6830cf8493d489d274dd2200dc390799760c2507)
06-08 16:12:14.114 27675 27675 F DEBUG   :       #03 pc 0000000000000638  [vdso] (__kernel_rt_sigreturn+0)
06-08 16:12:14.114 27675 27675 F DEBUG   :       #04 pc 00000000000b62f4  /data/app/~~3s180wNbCjqoaoKctE3ilA==/com.vibekey.keyboard-v2ksNyYYlLH3cJgr9SMpUA==/lib/arm64/libjni_latinime.so (latinime::PatriciaTrieReadingUtils::getPtNodeArraySizeAndAdvancePosition(unsigned char const*, int, int*)+44) (BuildId: f905dbd1a904967a994cf833116e517b05caa863)
06-08 16:12:14.114 27675 27675 F DEBUG   :       #05 pc 00000000000b8b34  /data/app/~~3s180wNbCjqoaoKctE3ilA==/com.vibekey.keyboard-v2ksNyYYlLH3cJgr9SMpUA==/lib/arm64/libjni_latinime.so (latinime::Ver2PtNodeArrayReader::readPtNodeArrayInfoAndReturnIfValid(int, int*, int*) const+80) (BuildId: f905dbd1a904967a994cf833116e517b05caa863)
06-08 16:12:14.114 27675 27675 F DEBUG   :       #06 pc 00000000000b4ce8  /data/app/~~3s180wNbCjqoaoKctE3ilA==/com.vibekey.keyboard-v2ksNyYYlLH3cJgr9SMpUA==/lib/arm64/libjni_latinime.so (latinime::DynamicPtReadingHelper::nextPtNodeArray()+68) (BuildId: f905dbd1a904967a994cf833116e517b05caa863)
06-08 16:12:14.114 27675 27675 F DEBUG   :       #07 pc 00000000000b4c3c  /data/app/~~3s180wNbCjqoaoKctE3ilA==/com.vibekey.keyboard-v2ksNyYYlLH3cJgr9SMpUA==/lib/arm64/libjni_latinime.so (latinime::DynamicPtReadingHelper::getTerminalPtNodePositionOfWord(int const*, unsigned long, bool)+432) (BuildId: f905dbd1a904967a994cf833116e517b05caa863)
06-08 16:12:14.114 27675 27675 F DEBUG   :       #08 pc 00000000000b7324  /data/app/~~3s180wNbCjqoaoKctE3ilA==/com.vibekey.keyboard-v2ksNyYYlLH3cJgr9SMpUA==/lib/arm64/libjni_latinime.so (latinime::PatriciaTriePolicy::getWordId(latinime::IntArrayView, bool) const+184) (BuildId: f905dbd1a904967a994cf833116e517b05caa863)
06-08 16:12:14.114 27675 27675 F DEBUG   :       #09 pc 00000000000c8ecc  /data/app/~~3s180wNbCjqoaoKctE3ilA==/com.vibekey.keyboard-v2ksNyYYlLH3cJgr9SMpUA==/lib/arm64/libjni_latinime.so (latinime::Dictionary::getProbability(latinime::IntArrayView) const+56) (BuildId: f905dbd1a904967a994cf833116e517b05caa863)
06-08 16:12:14.114 27675 27675 F DEBUG   :       #10 pc 000000000009ff04  /data/app/~~3s180wNbCjqoaoKctE3ilA==/com.vibekey.keyboard-v2ksNyYYlLH3cJgr9SMpUA==/lib/arm64/libjni_latinime.so (BuildId: f905dbd1a904967a994cf833116e517b05caa863)
06-08 16:12:14.114 27675 27675 F DEBUG   :       #11 pc 00000000002c2100  /apex/com.android.art/lib64/libart.so (art_quick_generic_jni_trampoline+144) (BuildId: 7087b2f2160bfbf3335d54ba9779e325)
06-08 16:12:14.114 27675 27675 F DEBUG   :       #12 pc 0000000000668b6c  /apex/com.android.art/lib64/libart.so (nterp_helper+1948) (BuildId: 7087b2f2160bfbf3335d54ba9779e325)
06-08 16:12:14.114 27675 27675 F DEBUG   :       #13 pc 000000000021f724  /data/app/~~3s180wNbCjqoaoKctE3ilA==/com.vibekey.keyboard-v2ksNyYYlLH3cJgr9SMpUA==/oat/arm64/base.vdex (com.android.inputmethod.latin.BinaryDictionary.b+28)
06-08 16:12:14.114 27675 27675 F DEBUG   :       #14 pc 0000000000669324  /apex/com.android.art/lib64/libart.so (nterp_helper+3924) (BuildId: 7087b2f2160bfbf3335d54ba9779e325)
06-08 16:12:14.114 27675 27675 F DEBUG   :       #15 pc 000000000021f45c  /data/app/~~3s180wNbCjqoaoKctE3ilA==/com.vibekey.keyboard-v2ksNyYYlLH3cJgr9SMpUA==/oat/arm64/base.vdex (com.android.inputmethod.latin.BinaryDictionary.e+0)
06-08 16:12:14.114 27675 27675 F DEBUG   :       #16 pc 0000000000669324  /apex/com.android.art/lib64/libart.so (nterp_helper+3924) (BuildId: 7087b2f2160bfbf3335d54ba9779e325)
06-08 16:12:14.114 27675 27675 F DEBUG   :       #17 pc 0000000000ad654c  /data/app/~~3s180wNbCjqoaoKctE3ilA==/com.vibekey.keyboard-v2ksNyYYlLH3cJgr9SMpUA==/oat/arm64/base.vdex (v7.j.e+28)
06-08 16:12:14.114 27675 27675 F DEBUG   :       #18 pc 0000000000669324  /apex/com.android.art/lib64/libart.so (nterp_helper+3924) (BuildId: 7087b2f2160bfbf3335d54ba9779e325)
06-08 16:12:14.114 27675 27675 F DEBUG   :       #19 pc 0000000000ad56f8  /data/app/~~3s180wNbCjqoaoKctE3ilA==/com.vibekey.keyboard-v2ksNyYYlLH3cJgr9SMpUA==/oat/arm64/base.vdex (v7.d.e+32)
06-08 16:12:14.114 27675 27675 F DEBUG   :       #20 pc 0000000000669324  /apex/com.android.art/lib64/libart.so (nterp_helper+3924) (BuildId: 7087b2f2160bfbf3335d54ba9779e325)
06-08 16:12:14.114 27675 27675 F DEBUG   :       #21 pc 000000000097f918  /data/app/~~3s180wNbCjqoaoKctE3ilA==/com.vibekey.keyboard-v2ksNyYYlLH3cJgr9SMpUA==/oat/arm64/base.vdex (helium314.keyboard.latin.dictionary.Dictionary.g+0)
06-08 16:12:14.114 27675 27675 F DEBUG   :       #22 pc 0000000000669324  /apex/com.android.art/lib64/libart.so (nterp_helper+3924) (BuildId: 7087b2f2160bfbf3335d54ba9779e325)
06-08 16:12:14.114 27675 27675 F DEBUG   :       #23 pc 0000000000590574  /data/app/~~3s180wNbCjqoaoKctE3ilA==/com.vibekey.keyboard-v2ksNyYYlLH3cJgr9SMpUA==/oat/arm64/base.vdex (p7.o.k+64)
06-08 16:12:14.114 27675 27675 F DEBUG   :       #24 pc 0000000000668404  /apex/com.android.art/lib64/libart.so (nterp_helper+52) (BuildId: 7087b2f2160bfbf3335d54ba9779e325)
06-08 16:12:14.114 27675 27675 F DEBUG   :       #25 pc 0000000000591cce  /data/app/~~3s180wNbCjqoaoKctE3ilA==/com.vibekey.keyboard-v2ksNyYYlLH3cJgr9SMpUA==/oat/arm64/base.vdex (p7.o.b+118)
06-08 16:12:14.114 27675 27675 F DEBUG   :       #26 pc 0000000000669a28  /apex/com.android.art/lib64/libart.so (nterp_helper+5720) (BuildId: 7087b2f2160bfbf3335d54ba9779e325)
06-08 16:12:14.114 27675 27675 F DEBUG   :       #27 pc 000000000059126a  /data/app/~~3s180wNbCjqoaoKctE3ilA==/com.vibekey.keyboard-v2ksNyYYlLH3cJgr9SMpUA==/oat/arm64/base.vdex (p7.o.a+130)
06-08 16:12:14.114 27675 27675 F DEBUG   :       #28 pc 0000000000669a28  /apex/com.android.art/lib64/libart.so (nterp_helper+5720) (BuildId: 7087b2f2160bfbf3335d54ba9779e325)
06-08 16:12:14.114 27675 27675 F DEBUG   :       #29 pc 0000000000adec8e  /data/app/~~3s180wNbCjqoaoKctE3ilA==/com.vibekey.keyboard-v2ksNyYYlLH3cJgr9SMpUA==/oat/arm64/base.vdex (x7.b.x+254)
06-08 16:12:14.114 27675 27675 F DEBUG   :       #30 pc 0000000000669324  /apex/com.android.art/lib64/libart.so (nterp_helper+3924) (BuildId: 7087b2f2160bfbf3335d54ba9779e325)
06-08 16:12:14.114 27675 27675 F DEBUG   :       #31 pc 0000000000adcb5a  /data/app/~~3s180wNbCjqoaoKctE3ilA==/com.vibekey.keyboard-v2ksNyYYlLH3cJgr9SMpUA==/oat/arm64/base.vdex (x7.b.b+442)
06-08 16:12:14.114 27675 27675 F DEBUG   :       #32 pc 0000000000669324  /apex/com.android.art/lib64/libart.so (nterp_helper+3924) (BuildId: 7087b2f2160bfbf3335d54ba9779e325)
06-08 16:12:14.114 27675 27675 F DEBUG   :       #33 pc 0000000000adcec8  /data/app/~~3s180wNbCjqoaoKctE3ilA==/com.vibekey.keyboard-v2ksNyYYlLH3cJgr9SMpUA==/oat/arm64/base.vdex (x7.b.d+44)
06-08 16:12:14.114 27675 27675 F DEBUG   :       #34 pc 0000000000669324  /apex/com.android.art/lib64/libart.so (nterp_helper+3924) (BuildId: 7087b2f2160bfbf3335d54ba9779e325)
06-08 16:12:14.114 27675 27675 F DEBUG   :       #35 pc 0000000000adeaf8  /data/app/~~3s180wNbCjqoaoKctE3ilA==/com.vibekey.keyboard-v2ksNyYYlLH3cJgr9SMpUA==/oat/arm64/base.vdex (x7.b.v+24)
06-08 16:12:14.114 27675 27675 F DEBUG   :       #36 pc 0000000000669324  /apex/com.android.art/lib64/libart.so (nterp_helper+3924) (BuildId: 7087b2f2160bfbf3335d54ba9779e325)
06-08 16:12:14.114 27675 27675 F DEBUG   :       #37 pc 0000000000adb6e4  /data/app/~~3s180wNbCjqoaoKctE3ilA==/com.vibekey.keyboard-v2ksNyYYlLH3cJgr9SMpUA==/oat/arm64/base.vdex (x7.b.u+3032)
06-08 16:12:14.114 27675 27675 F DEBUG   :       #38 pc 0000000000669a28  /apex/com.android.art/lib64/libart.so (nterp_helper+5720) (BuildId: 7087b2f2160bfbf3335d54ba9779e325)
06-08 16:12:14.114 27675 27675 F DEBUG   :       #39 pc 000000000051cb5a  /data/app/~~3s180wNbCjqoaoKctE3ilA==/com.vibekey.keyboard-v2ksNyYYlLH3cJgr9SMpUA==/oat/arm64/base.vdex (helium314.keyboard.latin.LatinIME.m+70)
06-08 16:12:14.114 27675 27675 F DEBUG   :       #40 pc 000000000217f04c  /memfd:jit-cache (deleted)
06-08 16:12:14.643 24693 24693 W LlmEngineService: Severe memory pressure (15); evicting on-device LLM.
06-08 16:12:15.604 27701 27701 E ibekey.keyboar: Unknown bits set in runtime_flags: 0x40000000
06-08 16:12:15.923 27701 27701 W g0      : Could not load system glide typing library jni_latinimegoogle: dlopen failed: library "libjni_latinimegoogle.so" not found
06-08 16:12:16.353 27701 27701 W c       : onSharedPreferenceChanged called before loadSettings.
06-08 16:12:16.354 27701 27701 W t       : No editor info for this field. Bug?
06-08 16:12:16.395 27701 27701 I VkMultilingual: reset main=pt-BR locales=[pt,es,fr] count=3
06-08 16:12:16.516 27701 27701 W ibekey.keyboar: ClassLoaderContext classpath size mismatch. expected=1, found=0 (DLC[];PCL[base.apk*116719914]{PCL[/system/framework/org.apache.http.legacy.jar*3034548894]#PCL[/apex/com.android.extservices/javalib/android.ext.adservices.jar*3839736497]#PCL[/system/framework/com.android.location.provider.jar*3633238672]#PCL[/system/framework/com.android.media.remotedisplay.jar*3472798123]#PCL[/apex/com.android.extservices/javalib/android.ext.adservices.jar*3839736497]} | DLC[];PCL[])
06-08 16:12:16.536 27701 27701 W System  : ClassLoader referenced unknown path: 
06-08 16:12:16.550 27701 27701 W ibekey.keyboar: ClassLoaderContext classpath element checksum mismatch. expected=116719914, found=2525509618 (DLC[];PCL[base.apk*116719914]{PCL[/system/framework/org.apache.http.legacy.jar*3034548894]#PCL[/apex/com.android.extservices/javalib/android.ext.adservices.jar*3839736497]#PCL[/system/framework/com.android.location.provider.jar*3633238672]#PCL[/system/framework/com.android.media.remotedisplay.jar*3472798123]#PCL[/apex/com.android.extservices/javalib/android.ext.adservices.jar*3839736497]} | DLC[];PCL[/data/app/~~3s180wNbCjqoaoKctE3ilA==/com.vibekey.keyboard-v2ksNyYYlLH3cJgr9SMpUA==/base.apk*2525509618]{PCL[/apex/com.android.extservices/javalib/android.ext.adservices.jar*3839736497]})
06-08 16:12:16.657 27701 27701 E ibekey.keyboar: ofbOpen failed with error=No such file or directory
06-08 16:12:16.657 27701 27701 E ibekey.keyboar: sysOpen failed with error=No such file or directory
06-08 16:12:16.686 27701 27800 W Ads     : Update ad debug logging enablement as false
06-08 16:12:16.714 27701 27701 E MultiApp.Impl: OplusMultiAppImpl
06-08 16:12:16.805 27701 27849 W libc    : Access denied finding property "ro.vendor.api_level"
06-08 16:12:16.811 27701 27701 W chromium: [WARNING:android_webview/browser/network_service/net_helpers.cc:137] HTTP Cache size is: 20971520
06-08 16:12:16.874 27701 27897 W libc    : Access denied finding property "vendor.camera.aux.packagelist"
06-08 16:12:16.874 27701 27897 W libc    : Access denied finding property "vendor.camera.aux.packagelist"
06-08 16:12:16.874 27701 27819 W libc    : Access denied finding property "vendor.camera.aux.packagelist"
06-08 16:12:16.919 27701 27701 I VkSwipe : ○ gesture canceled
06-08 16:12:16.931 27701 27701 I VkEffects: reload anim=fade blur=0px glow=false stickers=true
06-08 16:12:16.933 27701 27701 E OplusCustomizeRestrictionManager: sInstance is null, start a new sInstance
06-08 16:12:17.002 27701 27701 I SpaceAssistPopup: ○ send ready=false outChars=0
06-08 16:12:17.016 27701 27701 I VkTyping: ▶ open restart=false pkg=com.android.launcher inputType=589825
06-08 16:12:17.214 27701 27862 W cr_media: BLUETOOTH_CONNECT permission is missing.
06-08 16:12:17.215 27701 27862 W cr_media: getBluetoothAdapter() requires BLUETOOTH permission
06-08 16:12:17.215 27701 27862 W cr_media: registerBluetoothIntentsIfNeeded: Requires BLUETOOTH permission
06-08 16:12:17.231 27701 27701 W View    : requestLayout() improperly called by android.widget.LinearLayout{c9d9936 V.E...... ......ID 0,1868-1440,2818 #7f0a010d app:id/input_view_keyboard_column} during layout: running second layout pass
06-08 16:12:17.231 27701 27701 W View    : requestLayout() improperly called by android.widget.LinearLayout{98ce037 V.E...... ......ID 0,0-1440,950 #7f0a011c app:id/main_keyboard_frame} during layout: running second layout pass
06-08 16:12:17.347 27701 27959 W Settings: Setting animator_duration_scale has moved from android.provider.Settings.System to android.provider.Settings.Global, returning read-only global URI.
06-08 16:12:17.352 27701 27878 W AudioCapabilities: Unsupported mime audio/ffmpeg
06-08 16:12:17.354 27701 27878 W VideoCapabilities: Unsupported mime video/ffmpeg
06-08 16:12:17.356 27701 27959 E GeckoLibLoad: Load sqlite start
06-08 16:12:17.357 27701 27878 W VideoCapabilities: Unrecognized profile/level 0/3 for video/mpeg2
06-08 16:12:17.357 27701 27959 E GeckoLibLoad: Load sqlite done
06-08 16:12:17.358 27701 27959 E GeckoLibLoad: Load nss start
06-08 16:12:17.358 27701 27959 E GeckoLibLoad: Load nss done
06-08 16:12:17.358 27701 27878 W VideoCapabilities: Unrecognized profile/level 0/3 for video/mpeg2
06-08 16:12:17.375 27701 27959 E GeckoLibLoad: Loaded libs in 17.629167ms total, 6ms(41ms) user, 0ms(1ms) system, 0(0) faults
06-08 16:12:17.376 27701 27959 W GeckoThread: zerdatime 626380237 - runGecko
06-08 16:12:17.423 27701 27701 W com.vibekey.keyboard: type=1400 audit(0.0:279536): avc: denied { bind } for comm=4E65746C696E6B204D6F6E69746F72 scontext=u:r:untrusted_app:s0:c174,c271,c512,c768 tcontext=u:r:untrusted_app:s0:c174,c271,c512,c768 tclass=netlink_route_socket permissive=0 bug=b/155595000 app=com.vibekey.keyboard
06-08 16:12:17.448 27701 27959 E ibekey.keyboar: hiddenapi: Accessing hidden field Ljava/lang/Boolean;->value:Z (runtime_flags=0, domain=core-platform, api=max-target-p) from Lorg/mozilla/gecko/GeckoThread; (domain=app, TargetSdkVersion=35) using JNI: denied
06-08 16:12:17.448 27701 27959 E ibekey.keyboar: hiddenapi: Accessing hidden field Ljava/lang/Integer;->value:I (runtime_flags=0, domain=core-platform, api=max-target-p) from Lorg/mozilla/gecko/GeckoThread; (domain=app, TargetSdkVersion=35) using JNI: denied
06-08 16:12:17.448 27701 27959 E ibekey.keyboar: hiddenapi: Accessing hidden field Ljava/lang/Long;->value:J (runtime_flags=0, domain=core-platform, api=max-target-p) from Lorg/mozilla/gecko/GeckoThread; (domain=app, TargetSdkVersion=35) using JNI: denied
06-08 16:12:17.448 27701 27959 E ibekey.keyboar: hiddenapi: Accessing hidden field Ljava/lang/Double;->value:D (runtime_flags=0, domain=core-platform, api=max-target-p) from Lorg/mozilla/gecko/GeckoThread; (domain=app, TargetSdkVersion=35) using JNI: denied
06-08 16:12:17.499 27988 27988 E .keyboard:tab2: Unknown bits set in runtime_flags: 0x40000000
06-08 16:12:18.056 27701 27701 I SpaceAssistPopup: ○ send ready=false outChars=0
06-08 16:12:18.057 27701 27701 I VkPanels: ▶ open menu
06-08 16:12:18.158 24693 24743 I OnDeviceAssist: warm ok model=qwen2.5-0.5b-instruct-q4_0.gguf ambient=40 chars 441ms
06-08 16:12:18.701 27701 27701 I VkTyping: ○ hidden
06-08 16:12:18.898 27701 27701 W Settings: Setting transition_animation_scale has moved from android.provider.Settings.System to android.provider.Settings.Global, returning read-only value.
06-08 16:12:20.932 27701 27701 I VkTyping: ▶ open restart=false pkg=com.android.launcher inputType=589825
06-08 16:12:21.278 27701 27817 E BLASTBufferQueue: BLASTBufferItemConsumer::onDisconnect()
06-08 16:12:22.250 24693 24710 I OnDeviceAssist: warm ok model=qwen2.5-0.5b-instruct-q4_0.gguf ambient=40 chars 430ms
06-08 16:12:22.253 27701 27701 I SpaceAssistPopup: ○ send ready=false outChars=0
06-08 16:12:22.253 27701 27701 I VkPanels: ▶ open menu
06-08 16:12:24.234 27701 27772 I VkSuggestions: decode typedLen=1 candidates=18 locales=1 14,0ms
06-08 16:12:24.236 27701 27772 I VkSuggestions: strip composing typedLen=1 candidates=19 autocorrect=false top=j locale=pt
06-08 16:12:24.275 27701 27701 I SpaceAssistPopup: ○ typing idle scheduled
06-08 16:12:24.382 27701 27772 I VkSuggestions: decode typedLen=2 candidates=18 locales=1 7,2ms
06-08 16:12:24.384 27701 27772 I VkSuggestions: strip composing typedLen=2 candidates=18 autocorrect=false top=jh locale=pt
06-08 16:12:24.427 27701 27701 I SpaceAssistPopup: ○ typing idle scheduled
06-08 16:12:24.493 27701 27701 I SpaceAssistPopup: ○ typing idle scheduled
06-08 16:12:24.600 27701 27772 I VkSuggestions: decode typedLen=4 candidates=18 locales=1 6,5ms
06-08 16:12:24.602 27701 27772 I VkSuggestions: strip composing typedLen=4 candidates=19 autocorrect=false top=jhdh locale=pt
06-08 16:12:24.660 27701 27701 I SpaceAssistPopup: ○ typing idle scheduled
06-08 16:12:24.767 27701 27772 I VkSuggestions: decode typedLen=5 candidates=18 locales=1 5,6ms
06-08 16:12:24.770 27701 27772 I VkSuggestions: strip composing typedLen=5 candidates=18 autocorrect=false top=jhdhe locale=pt
06-08 16:12:26.246 27701 27701 I SpaceAssistPopup: ○ send ready=false outChars=0
06-08 16:12:26.246 27701 27701 I VkPanels: ▶ open menu
06-08 16:12:26.713 27701 28162 E ibekey.keyboar: Attempt to load writable dex file: /data/user/0/com.vibekey.keyboard/app_pccache/5/8EBCAAEC2B76C0A33B03137E81AA4B249A0F4C11/pcam.jar
06-08 16:12:26.717 27701 28175 W Ads     : Invoke Firebase method getInstance error.
06-08 16:12:26.717 27701 28175 W Ads     : The Google Mobile Ads SDK will not integrate with Firebase. Admob/Firebase integration requires the latest Firebase SDK jar, but Firebase SDK is either missing or out of date
06-08 16:12:26.713 27701 27701 W AdWorker(Defaul: type=1400 audit(0.0:279544): avc: granted { execute } for path="/data/data/com.vibekey.keyboard/app_pccache/5/8EBCAAEC2B76C0A33B03137E81AA4B249A0F4C11/pcam.jar" dev="dm-2" ino=789115 scontext=u:r:untrusted_app:s0:c174,c271,c512,c768 tcontext=u:object_r:app_data_file:s0:c174,c271,c512,c768 tclass=file app=com.vibekey.keyboard
06-08 16:12:26.745 27701 28159 W ServiceBindIntentUtils: Dynamic lookup for intent failed for action: com.google.android.gms.ads.service.CACHE
06-08 16:12:26.803 27701 28187 W ServiceBindIntentUtils: Dynamic lookup for intent failed for action: com.google.android.gms.ads.service.START
06-08 16:12:26.818 27701 28181 W Ads     : Not retrying to fetch app settings
06-08 16:12:26.849 27701 28180 W Ads     : Not retrying to fetch app settings
06-08 16:12:27.966 27701 27701 E Ads     : JS: Uncaught TypeError: Cannot read properties of null (reading 's') (https://pagead2.googlesyndication.com/omsdk/releases/live/omsdk-v1.js:27)
06-08 16:12:28.037 27701 27701 E Ads     : JS: Refused to get unsafe header "X-Afma-Gcache-IsGcacheHit" (https://www.gstatic.com/mysidia/38641a442446c53632a4e2bb29a65ad0.js?tag=addon/rewarded_video:434)
06-08 16:12:28.059 27701 27701 I VkTyping: ○ hidden
06-08 16:12:28.146 27701 27701 W Settings: Setting transition_animation_scale has moved from android.provider.Settings.System to android.provider.Settings.Global, returning read-only value.
06-08 16:12:28.259 27701 27701 E Ads     : JS: Refused to get unsafe header "X-Afma-Gcache-IsGcacheHit" (https://www.gstatic.com/mysidia/38641a442446c53632a4e2bb29a65ad0.js?tag=addon/rewarded_video:434)
06-08 16:12:28.354 27701 27849 W libc    : Access denied finding property "vendor.oplus.media.vpp.stutter"
06-08 16:12:28.359 27701 27849 E MULTIMEDIAConfig: [getInt32:L80] Not find config, Returning default
06-08 16:12:28.359 27701 27849 E MULTIMEDIAConfig: [getInt32:L80] Not find config, Returning default
06-08 16:12:28.359 27701 27849 E OplusACodec: [OplusACodec:204] mSrOsieMMListCheckResult:0x0 mOsieVersion:1
06-08 16:12:28.372 27701 28273 E OplusACodec: [GetVideoCodingTypeFromMime:L1162] mime:video/x-vnd.on2.vp9
06-08 16:12:28.479 27701 27849 W cr_MediaCodecBridge: Releasing: OMX.qcom.video.decoder.vp9
06-08 16:12:28.480 27701 28272 E ExtensionsLoader: freeAllBuffers: 13 buffers were freed while being dequeued!
06-08 16:12:28.481 27701 27849 W cr_MediaCodecBridge: Codec released
06-08 16:12:28.710 27701 28113 E ActivityThread: Failed to find provider info for com.oplus.statistics.provider
06-08 16:12:28.710 27701 28113 E OplusStatistics--: IllegalArgumentException:java.lang.IllegalArgumentException: Unknown URL content://com.oplus.statistics.provider/track_event
06-08 16:12:31.440 27701 27817 E BLASTBufferQueue: BLASTBufferItemConsumer::onDisconnect()
06-08 16:12:32.355 27701 28303 E FilePhenotypeFlags: Config package com.google.android.gms.clearcut_client#com.vibekey.keyboard cannot use FILE backing without declarative registration. See go/phenotype-android-integration#phenotype for more information. This will lead to stale flags.
06-08 16:12:32.410 27701 28303 E FilePhenotypeFlags: Config package com.google.android.gms.clearcut_client#com.vibekey.keyboard cannot use FILE backing without declarative registration. See go/phenotype-android-integration#phenotype for more information. This will lead to stale flags.
06-08 16:12:32.416 27701 28303 E FilePhenotypeFlags: Config package com.google.android.gms.clearcut_client#com.vibekey.keyboard cannot use FILE backing without declarative registration. See go/phenotype-android-integration#phenotype for more information. This will lead to stale flags.
06-08 16:12:32.704 27701 27725 W ibekey.keyboar: Cleared Reference was only reachable from finalizer (only reported once)

... (6 Gecko cookie/JS warnings omitted)
... (1 GeckoView detach warnings omitted)
... (3 SELinux audit lines omitted)

=== Feature activity (persisted across restarts) ===
2026-06-08 16:05:10.054336 I VkFavorites: save card Bitcoin Vibe activate=false
2026-06-08 16:05:10.124162 I VkFavorites: save card Doge Meme activate=false
2026-06-08 16:05:10.190920 I VkFavorites: save card Ethereum Vibes activate=false
2026-06-08 16:05:10.242600 I VkFavorites: save card India Popular City activate=false
2026-06-08 16:05:10.321748 I VkFavorites: save card Miami Beach Crypto activate=false
2026-06-08 16:05:10.393156 I VkFavorites: save card Nike Sneakers Crypto activate=false
2026-06-08 16:05:10.443206 I VkFavorites: save card Pepe Meme Frog activate=false
2026-06-08 16:05:10.496216 I VkFavorites: save card Times Square NFT activate=false
2026-06-08 16:05:10.575423 I VkMultilingual: reset main=pt-BR locales=[pt] count=1
2026-06-08 16:05:49.211379 I VkSwipe: ○ gesture canceled
2026-06-08 16:05:49.225451 I VkEffects: reload anim=scale blur=562px glow=true stickers=true
2026-06-08 16:05:49.318521 I SpaceAssistPopup: ○ send ready=false outChars=0
2026-06-08 16:05:49.333521 I VkTyping: ▶ open restart=false pkg=com.android.launcher inputType=589825
2026-06-08 16:06:02.936780 I VkSuggestions: strip prediction typedLen=0 candidates=5 autocorrect=false top=Eu locale=pt
2026-06-08 16:06:03.608966 I SpaceAssistPopup: ○ typing idle scheduled
2026-06-08 16:06:04.428652 I SpaceAssistPopup: ○ send ready=false outChars=0
2026-06-08 16:06:04.428884 I VkPanels: ▶ open menu
2026-06-08 16:06:05.190521 I VkMultilingual: menu languages total=1
2026-06-08 16:06:10.328834 I VkSwipe: ○ gesture canceled
2026-06-08 16:06:10.329385 I SpaceAssistPopup: ○ send ready=false outChars=0
2026-06-08 16:06:10.330476 I VkSwipe: ○ gesture canceled
2026-06-08 16:06:10.330803 I SpaceAssistPopup: ○ send ready=false outChars=0
2026-06-08 16:06:10.347339 I VkSwipe: ○ gesture canceled
2026-06-08 16:06:10.347641 I SpaceAssistPopup: ○ send ready=false outChars=0
2026-06-08 16:06:14.080942 I VkSwipe: ○ gesture canceled
2026-06-08 16:06:14.081392 I SpaceAssistPopup: ○ send ready=false outChars=0
2026-06-08 16:06:14.087741 I VkMultilingual: reset main=pt-BR locales=[pt,es] count=2
2026-06-08 16:06:14.104402 I VkSwipe: ○ gesture canceled
2026-06-08 16:06:14.104850 I SpaceAssistPopup: ○ send ready=false outChars=0
2026-06-08 16:06:16.059682 I VkMultilingual: menu languages total=3
2026-06-08 16:06:19.273839 I VkAutocorrect: kept (typing): hola
2026-06-08 16:06:23.662606 I VkAutocorrect: kept (typing): maria
2026-06-08 16:06:26.180231 I VkAutocorrect: kept (typing): comonears
2026-06-08 16:06:26.786018 I VkSuggestions: strip composing typedLen=9 candidates=1 autocorrect=false top=comonears locale=pt
2026-06-08 16:06:26.942242 I SpaceAssistPopup: ○ typing idle scheduled
2026-06-08 16:06:27.095314 I SpaceAssistPopup: ○ typing idle scheduled
2026-06-08 16:06:28.661508 I VkAutocorrect: kept (typing): como
2026-06-08 16:06:29.840301 I VkAutocorrect: kept (typing): esta
2026-06-08 16:06:31.168561 I VkAutocorrect: kept (typing): te
2026-06-08 16:06:32.552795 I VkAutocorrect: kept (typing): veo
2026-06-08 16:06:35.658878 I VkAutocorrect: kept (typing): peonto
2026-06-08 16:06:36.569915 I VkSuggestions: strip composing typedLen=6 candidates=1 autocorrect=false top=peonto locale=es
2026-06-08 16:06:36.721703 I SpaceAssistPopup: ○ typing idle scheduled
2026-06-08 16:06:36.869538 I SpaceAssistPopup: ○ typing idle scheduled
2026-06-08 16:06:40.743030 I VkAutocorrect: kept (typing): pronti
2026-06-08 16:06:41.143800 I VkSuggestions: strip composing typedLen=6 candidates=1 autocorrect=false top=pronti locale=es
2026-06-08 16:06:41.320284 I SpaceAssistPopup: ○ typing idle scheduled
2026-06-08 16:06:42.530128 I VkAutocorrect: kept (typing): pronto
2026-06-08 16:06:46.420381 I SpaceAssistPopup: ○ send ready=false outChars=0
2026-06-08 16:06:46.420662 I VkPanels: ▶ open menu
2026-06-08 16:06:47.233703 I VkMultilingual: menu languages total=3
2026-06-08 16:06:48.894326 I VkSwipe: ○ gesture canceled
2026-06-08 16:06:48.895270 I SpaceAssistPopup: ○ send ready=false outChars=0
2026-06-08 16:06:48.904711 I VkMultilingual: menu languages total=2
2026-06-08 16:06:48.921821 I VkSwipe: ○ gesture canceled
2026-06-08 16:06:48.922108 I SpaceAssistPopup: ○ send ready=false outChars=0
2026-06-08 16:06:50.203459 I VkSwipe: ○ gesture canceled
2026-06-08 16:06:50.204263 I SpaceAssistPopup: ○ send ready=false outChars=0
2026-06-08 16:06:50.207883 I VkMultilingual: reset main=pt-BR locales=[pt] count=1
2026-06-08 16:06:50.213614 I VkMultilingual: menu languages total=1
2026-06-08 16:06:50.230673 I VkSwipe: ○ gesture canceled
2026-06-08 16:06:50.230981 I SpaceAssistPopup: ○ send ready=false outChars=0
2026-06-08 16:06:53.616459 I VkSuggestions: strip composing typedLen=6 candidates=1 autocorrect=false top=pronto locale=pt
2026-06-08 16:06:55.188675 I VkAutocorrect: kept (typing): pronto
2026-06-08 16:06:57.533549 I VkAutocorrect: kept (typing): pronto
2026-06-08 16:06:57.534320 I SpaceAssistPopup: ○ typing idle scheduled
2026-06-08 16:06:59.847244 I SpaceAssistPopup: ○ typing idle scheduled
2026-06-08 16:07:01.206566 I VkAutocorrect: kept (typing): pronto
2026-06-08 16:07:04.095622 I SpaceAssistPopup: ○ send ready=false outChars=0
2026-06-08 16:07:04.095918 I VkPanels: ▶ open menu
2026-06-08 16:07:04.780793 I VkMultilingual: menu languages total=1
2026-06-08 16:07:08.951786 I VkSwipe: ○ gesture canceled
2026-06-08 16:07:08.952534 I SpaceAssistPopup: ○ send ready=false outChars=0
2026-06-08 16:07:08.953685 I VkSwipe: ○ gesture canceled
2026-06-08 16:07:08.953981 I SpaceAssistPopup: ○ send ready=false outChars=0
2026-06-08 16:07:08.983682 I VkSwipe: ○ gesture canceled
2026-06-08 16:07:08.984323 I SpaceAssistPopup: ○ send ready=false outChars=0
2026-06-08 16:07:19.028460 I VkSwipe: ○ gesture canceled
2026-06-08 16:07:19.029046 I SpaceAssistPopup: ○ send ready=false outChars=0
2026-06-08 16:07:19.034195 I VkMultilingual: reset main=pt-BR locales=[pt,es] count=2
2026-06-08 16:07:19.046386 I VkSwipe: ○ gesture canceled
2026-06-08 16:07:19.046757 I SpaceAssistPopup: ○ send ready=false outChars=0
2026-06-08 16:07:21.215616 I VkMultilingual: menu languages total=3
2026-06-08 16:07:23.752157 I SpaceAssistPopup: ○ send ready=false outChars=0
2026-06-08 16:07:23.753929 I VkSwipe: ▶ gesture started locale=pt-BR
2026-06-08 16:07:24.432234 I VkSwipe: ○ gesture no match points=65 679ms
2026-06-08 16:07:25.119842 I SpaceAssistPopup: ○ send ready=false outChars=0
2026-06-08 16:07:25.120654 I VkSwipe: ▶ gesture started locale=pt-BR
2026-06-08 16:07:25.500186 I VkSwipe: ○ gesture no match points=28 379ms
2026-06-08 16:07:26.071418 I SpaceAssistPopup: ○ send ready=false outChars=0
2026-06-08 16:07:26.072295 I VkSwipe: ▶ gesture started locale=pt-BR
2026-06-08 16:07:26.619153 I VkSwipe: ○ gesture no match points=38 546ms
2026-06-08 16:07:26.739342 I SpaceAssistPopup: ○ send ready=false outChars=0
2026-06-08 16:07:26.739872 I VkSwipe: ▶ gesture started locale=pt-BR
2026-06-08 16:07:26.822615 I VkSwipe: ○ gesture no match points=12 83ms
2026-06-08 16:07:27.379253 I VkSuggestions: strip composing typedLen=5 candidates=1 autocorrect=false top=hhhek locale=pt
2026-06-08 16:07:27.537173 I SpaceAssistPopup: ○ typing idle scheduled
2026-06-08 16:07:28.231442 I VkSuggestions: strip composing typedLen=6 candidates=1 autocorrect=false top=pronto locale=pt
2026-06-08 16:07:28.253084 I SpaceAssistPopup: ○ typing idle scheduled
2026-06-08 16:07:28.315114 I SpaceAssistPopup: ○ typing idle scheduled
2026-06-08 16:07:28.355935 I SpaceAssistPopup: ○ typing idle scheduled
2026-06-08 16:07:28.405627 I SpaceAssistPopup: ○ typing idle scheduled
2026-06-08 16:07:28.456345 I SpaceAssistPopup: ○ typing idle scheduled
2026-06-08 16:07:28.518378 I SpaceAssistPopup: ○ typing idle scheduled
2026-06-08 16:07:28.569514 I SpaceAssistPopup: ○ typing idle scheduled
2026-06-08 16:07:28.572330 I VkSuggestions: strip composing typedLen=3 candidates=1 autocorrect=false top=veo locale=pt
2026-06-08 16:07:28.604484 I SpaceAssistPopup: ○ typing idle scheduled
2026-06-08 16:07:28.658993 I SpaceAssistPopup: ○ typing idle scheduled
2026-06-08 16:07:28.714026 I SpaceAssistPopup: ○ typing idle scheduled
2026-06-08 16:07:28.770561 I SpaceAssistPopup: ○ typing idle scheduled
2026-06-08 16:07:28.773581 I VkSuggestions: strip composing typedLen=2 candidates=1 autocorrect=false top=te locale=pt
2026-06-08 16:07:28.823651 I SpaceAssistPopup: ○ typing idle scheduled
2026-06-08 16:07:28.881838 I SpaceAssistPopup: ○ typing idle scheduled
2026-06-08 16:07:28.933377 I SpaceAssistPopup: ○ typing idle scheduled
