05-31 13:35:53.506 30332 30332 W LayerDrawable: 	at android.view.View$PerformClick.run(View.java:28911)
05-31 13:35:53.506 30332 30332 W LayerDrawable: 	at android.os.Handler.handleCallback(Handler.java:938)
05-31 13:35:53.506 30332 30332 W LayerDrawable: 	at android.os.Handler.dispatchMessage(Handler.java:99)
05-31 13:35:53.506 30332 30332 W LayerDrawable: 	at android.os.Looper.loopOnce(Looper.java:233)
05-31 13:35:53.506 30332 30332 W LayerDrawable: 	at android.os.Looper.loop(Looper.java:344)
05-31 13:35:53.506 30332 30332 W LayerDrawable: 	at android.app.ActivityThread.main(ActivityThread.java:8212)
05-31 13:35:53.506 30332 30332 W LayerDrawable: 	at java.lang.reflect.Method.invoke(Native Method)
05-31 13:35:53.506 30332 30332 W LayerDrawable: 	at com.android.internal.os.RuntimeInit$MethodAndArgsCaller.run(RuntimeInit.java:584)
05-31 13:35:53.506 30332 30332 W LayerDrawable: 	at com.android.internal.os.ZygoteInit.main(ZygoteInit.java:1034)
05-31 13:35:53.506 30332 30332 W LayerDrawable: Invalid drawable added to LayerDrawable! Drawable already belongs to another owner but does not expose a constant state.
05-31 13:35:53.506 30332 30332 W LayerDrawable: java.lang.RuntimeException
05-31 13:35:53.506 30332 30332 W LayerDrawable: 	at android.graphics.drawable.LayerDrawable$ChildDrawable.<init>(LayerDrawable.java:1857)
05-31 13:35:53.506 30332 30332 W LayerDrawable: 	at android.graphics.drawable.LayerDrawable$LayerState.<init>(LayerDrawable.java:1977)
05-31 13:35:53.506 30332 30332 W LayerDrawable: 	at android.graphics.drawable.LayerDrawable.createConstantState(LayerDrawable.java:174)
05-31 13:35:53.506 30332 30332 W LayerDrawable: 	at android.graphics.drawable.LayerDrawable.mutate(LayerDrawable.java:1782)
05-31 13:35:53.506 30332 30332 W LayerDrawable: 	at y7.s3.j(r8-map-id-fb3ff54fd4615d79dce01c0c6781aca36777717ffd7254174006360d2cb3b111:83)
05-31 13:35:53.506 30332 30332 W LayerDrawable: 	at helium314.keyboard.latin.panels.MenuPanelView.k(r8-map-id-fb3ff54fd4615d79dce01c0c6781aca36777717ffd7254174006360d2cb3b111:36)
05-31 13:35:53.506 30332 30332 W LayerDrawable: 	at helium314.keyboard.latin.panels.MenuPanelView.r(r8-map-id-fb3ff54fd4615d79dce01c0c6781aca36777717ffd7254174006360d2cb3b111:400)
05-31 13:35:53.506 30332 30332 W LayerDrawable: 	at v7.b.u(r8-map-id-fb3ff54fd4615d79dce01c0c6781aca36777717ffd7254174006360d2cb3b111:199)
05-31 13:35:53.506 30332 30332 W LayerDrawable: 	at helium314.keyboard.latin.LatinIME.l(r8-map-id-fb3ff54fd4615d79dce01c0c6781aca36777717ffd7254174006360d2cb3b111:36)
05-31 13:35:53.506 30332 30332 W LayerDrawable: 	at g7.m.a(r8-map-id-fb3ff54fd4615d79dce01c0c6781aca36777717ffd7254174006360d2cb3b111:266)
05-31 13:35:53.506 30332 30332 W LayerDrawable: 	at helium314.keyboard.latin.suggestions.SuggestionStripView.onClick(r8-map-id-fb3ff54fd4615d79dce01c0c6781aca36777717ffd7254174006360d2cb3b111:45)
05-31 13:35:53.506 30332 30332 W LayerDrawable: 	at android.view.View.performClick(View.java:7488)
05-31 13:35:53.506 30332 30332 W LayerDrawable: 	at android.view.View.performClickInternal(View.java:7464)
05-31 13:35:53.506 30332 30332 W LayerDrawable: 	at android.view.View.access$3700(View.java:841)
05-31 13:35:53.506 30332 30332 W LayerDrawable: 	at android.view.View$PerformClick.run(View.java:28911)
05-31 13:35:53.506 30332 30332 W LayerDrawable: 	at android.os.Handler.handleCallback(Handler.java:938)
05-31 13:35:53.506 30332 30332 W LayerDrawable: 	at android.os.Handler.dispatchMessage(Handler.java:99)
05-31 13:35:53.506 30332 30332 W LayerDrawable: 	at android.os.Looper.loopOnce(Looper.java:233)
05-31 13:35:53.506 30332 30332 W LayerDrawable: 	at android.os.Looper.loop(Looper.java:344)
05-31 13:35:53.506 30332 30332 W LayerDrawable: 	at android.app.ActivityThread.main(ActivityThread.java:8212)
05-31 13:35:53.506 30332 30332 W LayerDrawable: 	at java.lang.reflect.Method.invoke(Native Method)
05-31 13:35:53.506 30332 30332 W LayerDrawable: 	at com.android.internal.os.RuntimeInit$MethodAndArgsCaller.run(RuntimeInit.java:584)
05-31 13:35:53.506 30332 30332 W LayerDrawable: 	at com.android.internal.os.ZygoteInit.main(ZygoteInit.java:1034)
05-31 13:35:53.507 30332 30332 W LayerDrawable: Invalid drawable added to LayerDrawable! Drawable already belongs to another owner but does not expose a constant state.
05-31 13:35:53.507 30332 30332 W LayerDrawable: java.lang.RuntimeException
05-31 13:35:53.507 30332 30332 W LayerDrawable: 	at android.graphics.drawable.LayerDrawable$ChildDrawable.<init>(LayerDrawable.java:1857)
05-31 13:35:53.507 30332 30332 W LayerDrawable: 	at android.graphics.drawable.LayerDrawable$LayerState.<init>(LayerDrawable.java:1977)
05-31 13:35:53.507 30332 30332 W LayerDrawable: 	at android.graphics.drawable.LayerDrawable.createConstantState(LayerDrawable.java:174)
05-31 13:35:53.507 30332 30332 W LayerDrawable: 	at android.graphics.drawable.LayerDrawable.mutate(LayerDrawable.java:1782)
05-31 13:35:53.507 30332 30332 W LayerDrawable: 	at y7.s3.j(r8-map-id-fb3ff54fd4615d79dce01c0c6781aca36777717ffd7254174006360d2cb3b111:83)
05-31 13:35:53.507 30332 30332 W LayerDrawable: 	at helium314.keyboard.latin.panels.MenuPanelView.k(r8-map-id-fb3ff54fd4615d79dce01c0c6781aca36777717ffd7254174006360d2cb3b111:36)
05-31 13:35:53.507 30332 30332 W LayerDrawable: 	at helium314.keyboard.latin.panels.MenuPanelView.r(r8-map-id-fb3ff54fd4615d79dce01c0c6781aca36777717ffd7254174006360d2cb3b111:444)
05-31 13:35:53.507 30332 30332 W LayerDrawable: 	at v7.b.u(r8-map-id-fb3ff54fd4615d79dce01c0c6781aca36777717ffd7254174006360d2cb3b111:199)
05-31 13:35:53.507 30332 30332 W LayerDrawable: 	at helium314.keyboard.latin.LatinIME.l(r8-map-id-fb3ff54fd4615d79dce01c0c6781aca36777717ffd7254174006360d2cb3b111:36)
05-31 13:35:53.507 30332 30332 W LayerDrawable: 	at g7.m.a(r8-map-id-fb3ff54fd4615d79dce01c0c6781aca36777717ffd7254174006360d2cb3b111:266)
05-31 13:35:53.507 30332 30332 W LayerDrawable: 	at helium314.keyboard.latin.suggestions.SuggestionStripView.onClick(r8-map-id-fb3ff54fd4615d79dce01c0c6781aca36777717ffd7254174006360d2cb3b111:45)
05-31 13:35:53.507 30332 30332 W LayerDrawable: 	at android.view.View.performClick(View.java:7488)
05-31 13:35:53.507 30332 30332 W LayerDrawable: 	at android.view.View.performClickInternal(View.java:7464)
05-31 13:35:53.507 30332 30332 W LayerDrawable: 	at android.view.View.access$3700(View.java:841)
05-31 13:35:53.507 30332 30332 W LayerDrawable: 	at android.view.View$PerformClick.run(View.java:28911)
05-31 13:35:53.507 30332 30332 W LayerDrawable: 	at android.os.Handler.handleCallback(Handler.java:938)
05-31 13:35:53.507 30332 30332 W LayerDrawable: 	at android.os.Handler.dispatchMessage(Handler.java:99)
05-31 13:35:53.507 30332 30332 W LayerDrawable: 	at android.os.Looper.loopOnce(Looper.java:233)
05-31 13:35:53.507 30332 30332 W LayerDrawable: 	at android.os.Looper.loop(Looper.java:344)
05-31 13:35:53.507 30332 30332 W LayerDrawable: 	at android.app.ActivityThread.main(ActivityThread.java:8212)
05-31 13:35:53.507 30332 30332 W LayerDrawable: 	at java.lang.reflect.Method.invoke(Native Method)
05-31 13:35:53.507 30332 30332 W LayerDrawable: 	at com.android.internal.os.RuntimeInit$MethodAndArgsCaller.run(RuntimeInit.java:584)
05-31 13:35:53.507 30332 30332 W LayerDrawable: 	at com.android.internal.os.ZygoteInit.main(ZygoteInit.java:1034)
05-31 13:35:53.507 30332 30332 W LayerDrawable: Invalid drawable added to LayerDrawable! Drawable already belongs to another owner but does not expose a constant state.
05-31 13:35:53.507 30332 30332 W LayerDrawable: java.lang.RuntimeException
05-31 13:35:53.507 30332 30332 W LayerDrawable: 	at android.graphics.drawable.LayerDrawable$ChildDrawable.<init>(LayerDrawable.java:1857)
05-31 13:35:53.507 30332 30332 W LayerDrawable: 	at android.graphics.drawable.LayerDrawable$LayerState.<init>(LayerDrawable.java:1977)
05-31 13:35:53.507 30332 30332 W LayerDrawable: 	at android.graphics.drawable.LayerDrawable.createConstantState(LayerDrawable.java:174)
05-31 13:35:53.507 30332 30332 W LayerDrawable: 	at android.graphics.drawable.LayerDrawable.mutate(LayerDrawable.java:1782)
05-31 13:35:53.507 30332 30332 W LayerDrawable: 	at y7.s3.j(r8-map-id-fb3ff54fd4615d79dce01c0c6781aca36777717ffd7254174006360d2cb3b111:83)
05-31 13:35:53.507 30332 30332 W LayerDrawable: 	at helium314.keyboard.latin.panels.MenuPanelView.k(r8-map-id-fb3ff54fd4615d79dce01c0c6781aca36777717ffd7254174006360d2cb3b111:36)
05-31 13:35:53.507 30332 30332 W LayerDrawable: 	at helium314.keyboard.latin.panels.MenuPanelView.r(r8-map-id-fb3ff54fd4615d79dce01c0c6781aca36777717ffd7254174006360d2cb3b111:444)
05-31 13:35:53.507 30332 30332 W LayerDrawable: 	at v7.b.u(r8-map-id-fb3ff54fd4615d79dce01c0c6781aca36777717ffd7254174006360d2cb3b111:199)
05-31 13:35:53.507 30332 30332 W LayerDrawable: 	at helium314.keyboard.latin.LatinIME.l(r8-map-id-fb3ff54fd4615d79dce01c0c6781aca36777717ffd7254174006360d2cb3b111:36)
05-31 13:35:53.507 30332 30332 W LayerDrawable: 	at g7.m.a(r8-map-id-fb3ff54fd4615d79dce01c0c6781aca36777717ffd7254174006360d2cb3b111:266)
05-31 13:35:53.507 30332 30332 W LayerDrawable: 	at helium314.keyboard.latin.suggestions.SuggestionStripView.onClick(r8-map-id-fb3ff54fd4615d79dce01c0c6781aca36777717ffd7254174006360d2cb3b111:45)
05-31 13:35:53.507 30332 30332 W LayerDrawable: 	at android.view.View.performClick(View.java:7488)
05-31 13:35:53.507 30332 30332 W LayerDrawable: 	at android.view.View.performClickInternal(View.java:7464)
05-31 13:35:53.507 30332 30332 W LayerDrawable: 	at android.view.View.access$3700(View.java:841)
05-31 13:35:53.507 30332 30332 W LayerDrawable: 	at android.view.View$PerformClick.run(View.java:28911)
05-31 13:35:53.507 30332 30332 W LayerDrawable: 	at android.os.Handler.handleCallback(Handler.java:938)
05-31 13:35:53.507 30332 30332 W LayerDrawable: 	at android.os.Handler.dispatchMessage(Handler.java:99)
05-31 13:35:53.507 30332 30332 W LayerDrawable: 	at android.os.Looper.loopOnce(Looper.java:233)
05-31 13:35:53.507 30332 30332 W LayerDrawable: 	at android.os.Looper.loop(Looper.java:344)
05-31 13:35:53.507 30332 30332 W LayerDrawable: 	at android.app.ActivityThread.main(ActivityThread.java:8212)
05-31 13:35:53.507 30332 30332 W LayerDrawable: 	at java.lang.reflect.Method.invoke(Native Method)
05-31 13:35:53.507 30332 30332 W LayerDrawable: 	at com.android.internal.os.RuntimeInit$MethodAndArgsCaller.run(RuntimeInit.java:584)
05-31 13:35:53.507 30332 30332 W LayerDrawable: 	at com.android.internal.os.ZygoteInit.main(ZygoteInit.java:1034)
05-31 13:35:53.508 30332 30534 E GeckoConsole: [JavaScript Error: "TypeError: can't access property "WindowEventDispatcher", win is null" {file: "resource://gre/modules/GeckoViewSessionStore.sys.mjs" line: 149}]
05-31 13:35:53.508 30332 30534 E GeckoConsole: onTabStateUpdate@resource://gre/modules/GeckoViewSessionStore.sys.mjs:149:5
05-31 13:35:53.508 30332 30534 E GeckoConsole: updateSessionStoreFromTabListener@resource://gre/modules/GeckoViewSessionStore.sys.mjs:243:10
05-31 13:35:53.508 30332 30534 E GeckoConsole: SSF_updateSessionStore@resource://gre/modules/SessionStoreFunctions.sys.mjs:46:27
05-31 13:35:53.508 30332 30534 E GeckoConsole: UpdateSessionStore@resource://gre/modules/SessionStoreFunctions.sys.mjs:16:46
05-31 13:35:53.535 31225 31225 E .keyboard:tab2: Unknown bits set in runtime_flags: 0x40000000
05-31 13:35:53.549 30748 30785 W Isolated Web Content: [JavaScript Warning: "The script from “https://wave.outbrain.com/mtWavesBundler/handler/006c2868b0f82265422cd54b22bee6ac2e” was loaded even though its MIME type (“text/html”) is not a valid JavaScript MIME type." {file: "https://www.foxnews.com/" line: 0}]
05-31 13:35:53.556 30332 30332 W com.vibekey.keyboard: type=1400 audit(0.0:39168): avc: denied { nlmsg_readpriv } for comm=536F636B657420546872656164 scontext=u:r:untrusted_app:s0:c10,c271,c512,c768 tcontext=u:r:untrusted_app:s0:c10,c271,c512,c768 tclass=netlink_route_socket permissive=0 bug=b/155595000 app=com.vibekey.keyboard
05-31 13:35:53.566 31241 31241 E y.keyboard:tab: Unknown bits set in runtime_flags: 0x40000000
05-31 13:35:53.670 31225 31263 E GeckoLibLoad: Load sqlite start
05-31 13:35:53.677 31225 31263 E GeckoLibLoad: Load sqlite done
05-31 13:35:53.677 31225 31263 E GeckoLibLoad: Load nss start
05-31 13:35:53.677 31225 31263 E GeckoLibLoad: Load nss done
05-31 13:35:53.686 30332 30332 W com.vibekey.keyboard: type=1400 audit(0.0:39169): avc: denied { nlmsg_readpriv } for comm=536F636B657420546872656164 scontext=u:r:untrusted_app:s0:c10,c271,c512,c768 tcontext=u:r:untrusted_app:s0:c10,c271,c512,c768 tclass=netlink_route_socket permissive=0 bug=b/155595000 app=com.vibekey.keyboard
05-31 13:35:53.698 31225 31263 E GeckoLibLoad: Loaded libs in 20.989167ms total, 14ms(15ms) user, 2ms(5ms) system, 0(0) faults
05-31 13:35:53.699 31225 31263 W GeckoThread: zerdatime 66982156 - runGecko
05-31 13:35:53.700 31241 31267 E GeckoLibLoad: Load sqlite start
05-31 13:35:53.705 31241 31267 E GeckoLibLoad: Load sqlite done
05-31 13:35:53.705 31241 31267 E GeckoLibLoad: Load nss start
05-31 13:35:53.705 31241 31267 E GeckoLibLoad: Load nss done
05-31 13:35:53.719 31241 31267 E GeckoLibLoad: Loaded libs in 13.747917ms total, 4ms(9ms) user, 0ms(1ms) system, 0(0) faults
05-31 13:35:53.719 31241 31267 W GeckoThread: zerdatime 66982177 - runGecko
05-31 13:35:53.749 30748 30785 W Isolated Web Content: [JavaScript Warning: "Loading failed for the <script> with source “https://cdn.segment.com/analytics.js/v1/null/analytics.min.js”." {file: "https://www.foxnews.com/" line: 1}]
05-31 13:35:53.891 31241 31267 W Isolated Web Content: [JavaScript Warning: "This page is in Quirks Mode. Page layout may be impacted. For Standards Mode use “<!DOCTYPE html>”." {file: "https://a5728063363743744.cdn.optimizely.com/client_storage/a5728063363743744.html" line: 0}]
05-31 13:35:54.106 30332 30332 W GeckoEventDispatcher: No listener for GeckoView:DismissClipboardPermissionRequest
05-31 13:35:54.112 30332 30534 E GeckoConsole: [JavaScript Error: "TypeError: can't access property "WindowEventDispatcher", win is null" {file: "resource://gre/modules/GeckoViewSessionStore.sys.mjs" line: 149}]
05-31 13:35:54.112 30332 30534 E GeckoConsole: onTabStateUpdate@resource://gre/modules/GeckoViewSessionStore.sys.mjs:149:5
05-31 13:35:54.112 30332 30534 E GeckoConsole: updateSessionStoreFromTabListener@resource://gre/modules/GeckoViewSessionStore.sys.mjs:243:10
05-31 13:35:54.112 30332 30534 E GeckoConsole: SSF_updateSessionStore@resource://gre/modules/SessionStoreFunctions.sys.mjs:46:27
05-31 13:35:54.112 30332 30534 E GeckoConsole: UpdateSessionStore@resource://gre/modules/SessionStoreFunctions.sys.mjs:16:46
05-31 13:35:54.113 30332 30534 E GeckoConsole: [JavaScript Error: "TypeError: can't access property "WindowEventDispatcher", win is null" {file: "resource://gre/modules/GeckoViewSessionStore.sys.mjs" line: 149}]
05-31 13:35:54.113 30332 30534 E GeckoConsole: onTabStateUpdate@resource://gre/modules/GeckoViewSessionStore.sys.mjs:149:5
05-31 13:35:54.113 30332 30534 E GeckoConsole: updateSessionStoreFromTabListener@resource://gre/modules/GeckoViewSessionStore.sys.mjs:243:10
05-31 13:35:54.113 30332 30534 E GeckoConsole: SSF_updateSessionStore@resource://gre/modules/SessionStoreFunctions.sys.mjs:46:27
05-31 13:35:54.113 30332 30534 E GeckoConsole: UpdateSessionStore@resource://gre/modules/SessionStoreFunctions.sys.mjs:16:46
05-31 13:35:54.114 30332 30534 E GeckoConsole: [JavaScript Error: "TypeError: can't access property "WindowEventDispatcher", win is null" {file: "resource://gre/modules/GeckoViewSessionStore.sys.mjs" line: 149}]
05-31 13:35:54.114 30332 30534 E GeckoConsole: onTabStateUpdate@resource://gre/modules/GeckoViewSessionStore.sys.mjs:149:5
05-31 13:35:54.114 30332 30534 E GeckoConsole: updateSessionStoreFromTabListener@resource://gre/modules/GeckoViewSessionStore.sys.mjs:243:10
05-31 13:35:54.114 30332 30534 E GeckoConsole: SSF_updateSessionStore@resource://gre/modules/SessionStoreFunctions.sys.mjs:46:27
05-31 13:35:54.114 30332 30534 E GeckoConsole: UpdateSessionStore@resource://gre/modules/SessionStoreFunctions.sys.mjs:16:46
05-31 13:35:54.307 30332 30555 E ActivityThread: Failed to find provider info for com.oplus.statistics.provider
05-31 13:35:54.308 30332 30555 E OplusStatistics--: IllegalArgumentException:java.lang.IllegalArgumentException: Unknown URL content://com.oplus.statistics.provider/track_event
05-31 13:35:54.661 31316 31316 E .keyboard:tab2: Unknown bits set in runtime_flags: 0x40000000
05-31 13:35:54.772 31316 31340 E GeckoLibLoad: Load sqlite start
05-31 13:35:54.773 31316 31340 E GeckoLibLoad: Load sqlite done
05-31 13:35:54.773 31316 31340 E GeckoLibLoad: Load nss start
05-31 13:35:54.773 31316 31340 E GeckoLibLoad: Load nss done
05-31 13:35:54.785 31316 31340 E GeckoLibLoad: Loaded libs in 11.089427ms total, 8ms(9ms) user, 0ms(1ms) system, 0(0) faults
05-31 13:35:54.785 31316 31340 W GeckoThread: zerdatime 66983243 - runGecko
05-31 13:35:54.847 30332 30332 W GeckoEventDispatcher: No listener for GeckoView:DismissClipboardPermissionRequest
05-31 13:35:54.852 30332 30534 E GeckoConsole: [JavaScript Error: "TypeError: can't access property "WindowEventDispatcher", win is null" {file: "resource://gre/modules/GeckoViewSessionStore.sys.mjs" line: 149}]
05-31 13:35:54.852 30332 30534 E GeckoConsole: onTabStateUpdate@resource://gre/modules/GeckoViewSessionStore.sys.mjs:149:5
05-31 13:35:54.852 30332 30534 E GeckoConsole: updateSessionStoreFromTabListener@resource://gre/modules/GeckoViewSessionStore.sys.mjs:243:10
05-31 13:35:54.852 30332 30534 E GeckoConsole: SSF_updateSessionStore@resource://gre/modules/SessionStoreFunctions.sys.mjs:46:27
05-31 13:35:54.852 30332 30534 E GeckoConsole: UpdateSessionStore@resource://gre/modules/SessionStoreFunctions.sys.mjs:16:46
05-31 13:35:54.852 30332 30534 E GeckoConsole: [JavaScript Error: "TypeError: can't access property "WindowEventDispatcher", win is null" {file: "resource://gre/modules/GeckoViewSessionStore.sys.mjs" line: 149}]
05-31 13:35:54.852 30332 30534 E GeckoConsole: onTabStateUpdate@resource://gre/modules/GeckoViewSessionStore.sys.mjs:149:5
05-31 13:35:54.852 30332 30534 E GeckoConsole: updateSessionStoreFromTabListener@resource://gre/modules/GeckoViewSessionStore.sys.mjs:243:10
05-31 13:35:54.852 30332 30534 E GeckoConsole: SSF_updateSessionStore@resource://gre/modules/SessionStoreFunctions.sys.mjs:46:27
05-31 13:35:54.852 30332 30534 E GeckoConsole: UpdateSessionStore@resource://gre/modules/SessionStoreFunctions.sys.mjs:16:46
05-31 13:35:54.853 30332 30534 E GeckoConsole: [JavaScript Error: "TypeError: can't access property "WindowEventDispatcher", win is null" {file: "resource://gre/modules/GeckoViewSessionStore.sys.mjs" line: 149}]
05-31 13:35:54.853 30332 30534 E GeckoConsole: onTabStateUpdate@resource://gre/modules/GeckoViewSessionStore.sys.mjs:149:5
05-31 13:35:54.853 30332 30534 E GeckoConsole: updateSessionStoreFromTabListener@resource://gre/modules/GeckoViewSessionStore.sys.mjs:243:10
05-31 13:35:54.853 30332 30534 E GeckoConsole: SSF_updateSessionStore@resource://gre/modules/SessionStoreFunctions.sys.mjs:46:27
05-31 13:35:54.853 30332 30534 E GeckoConsole: UpdateSessionStore@resource://gre/modules/SessionStoreFunctions.sys.mjs:16:46
05-31 13:35:54.884 30332 30332 W LayerDrawable: Invalid drawable added to LayerDrawable! Drawable already belongs to another owner but does not expose a constant state.
05-31 13:35:54.884 30332 30332 W LayerDrawable: java.lang.RuntimeException
05-31 13:35:54.884 30332 30332 W LayerDrawable: 	at android.graphics.drawable.LayerDrawable$ChildDrawable.<init>(LayerDrawable.java:1857)
05-31 13:35:54.884 30332 30332 W LayerDrawable: 	at android.graphics.drawable.LayerDrawable$LayerState.<init>(LayerDrawable.java:1977)
05-31 13:35:54.884 30332 30332 W LayerDrawable: 	at android.graphics.drawable.LayerDrawable.createConstantState(LayerDrawable.java:174)
05-31 13:35:54.884 30332 30332 W LayerDrawable: 	at android.graphics.drawable.LayerDrawable.mutate(LayerDrawable.java:1782)
05-31 13:35:54.884 30332 30332 W LayerDrawable: 	at y7.s3.j(r8-map-id-fb3ff54fd4615d79dce01c0c6781aca36777717ffd7254174006360d2cb3b111:83)
05-31 13:35:54.884 30332 30332 W LayerDrawable: 	at helium314.keyboard.latin.panels.AiThemePanelView.f(r8-map-id-fb3ff54fd4615d79dce01c0c6781aca36777717ffd7254174006360d2cb3b111:185)
05-31 13:35:54.884 30332 30332 W LayerDrawable: 	at helium314.keyboard.latin.panels.AiThemePanelView.A0(r8-map-id-fb3ff54fd4615d79dce01c0c6781aca36777717ffd7254174006360d2cb3b111:39)
05-31 13:35:54.884 30332 30332 W LayerDrawable: 	at v7.b.u(r8-map-id-fb3ff54fd4615d79dce01c0c6781aca36777717ffd7254174006360d2cb3b111:314)
05-31 13:35:54.884 30332 30332 W LayerDrawable: 	at helium314.keyboard.latin.LatinIME.l(r8-map-id-fb3ff54fd4615d79dce01c0c6781aca36777717ffd7254174006360d2cb3b111:36)
05-31 13:35:54.884 30332 30332 W LayerDrawable: 	at g7.m.a(r8-map-id-fb3ff54fd4615d79dce01c0c6781aca36777717ffd7254174006360d2cb3b111:266)
05-31 13:35:54.884 30332 30332 W LayerDrawable: 	at helium314.keyboard.latin.suggestions.SuggestionStripView.onClick(r8-map-id-fb3ff54fd4615d79dce01c0c6781aca36777717ffd7254174006360d2cb3b111:45)
05-31 13:35:54.884 30332 30332 W LayerDrawable: 	at android.view.View.performClick(View.java:7488)
05-31 13:35:54.884 30332 30332 W LayerDrawable: 	at android.view.View.performClickInternal(View.java:7464)
05-31 13:35:54.884 30332 30332 W LayerDrawable: 	at android.view.View.access$3700(View.java:841)
05-31 13:35:54.884 30332 30332 W LayerDrawable: 	at android.view.View$PerformClick.run(View.java:28911)
05-31 13:35:54.884 30332 30332 W LayerDrawable: 	at android.os.Handler.handleCallback(Handler.java:938)
05-31 13:35:54.884 30332 30332 W LayerDrawable: 	at android.os.Handler.dispatchMessage(Handler.java:99)
05-31 13:35:54.884 30332 30332 W LayerDrawable: 	at android.os.Looper.loopOnce(Looper.java:233)
05-31 13:35:54.884 30332 30332 W LayerDrawable: 	at android.os.Looper.loop(Looper.java:344)
05-31 13:35:54.884 30332 30332 W LayerDrawable: 	at android.app.ActivityThread.main(ActivityThread.java:8212)
05-31 13:35:54.884 30332 30332 W LayerDrawable: 	at java.lang.reflect.Method.invoke(Native Method)
05-31 13:35:54.884 30332 30332 W LayerDrawable: 	at com.android.internal.os.RuntimeInit$MethodAndArgsCaller.run(RuntimeInit.java:584)
05-31 13:35:54.884 30332 30332 W LayerDrawable: 	at com.android.internal.os.ZygoteInit.main(ZygoteInit.java:1034)
05-31 13:35:54.885 30332 30332 W LayerDrawable: Invalid drawable added to LayerDrawable! Drawable already belongs to another owner but does not expose a constant state.
05-31 13:35:54.885 30332 30332 W LayerDrawable: java.lang.RuntimeException
05-31 13:35:54.885 30332 30332 W LayerDrawable: 	at android.graphics.drawable.LayerDrawable$ChildDrawable.<init>(LayerDrawable.java:1857)
05-31 13:35:54.885 30332 30332 W LayerDrawable: 	at android.graphics.drawable.LayerDrawable$LayerState.<init>(LayerDrawable.java:1977)
05-31 13:35:54.885 30332 30332 W LayerDrawable: 	at android.graphics.drawable.LayerDrawable.createConstantState(LayerDrawable.java:174)
05-31 13:35:54.885 30332 30332 W LayerDrawable: 	at android.graphics.drawable.LayerDrawable.mutate(LayerDrawable.java:1782)
05-31 13:35:54.885 30332 30332 W LayerDrawable: 	at y7.s3.j(r8-map-id-fb3ff54fd4615d79dce01c0c6781aca36777717ffd7254174006360d2cb3b111:83)
05-31 13:35:54.885 30332 30332 W LayerDrawable: 	at helium314.keyboard.latin.panels.AiThemePanelView.f(r8-map-id-fb3ff54fd4615d79dce01c0c6781aca36777717ffd7254174006360d2cb3b111:185)
05-31 13:35:54.885 30332 30332 W LayerDrawable: 	at helium314.keyboard.latin.panels.AiThemePanelView.A0(r8-map-id-fb3ff54fd4615d79dce01c0c6781aca36777717ffd7254174006360d2cb3b111:39)
05-31 13:35:54.885 30332 30332 W LayerDrawable: 	at v7.b.u(r8-map-id-fb3ff54fd4615d79dce01c0c6781aca36777717ffd7254174006360d2cb3b111:314)
05-31 13:35:54.885 30332 30332 W LayerDrawable: 	at helium314.keyboard.latin.LatinIME.l(r8-map-id-fb3ff54fd4615d79dce01c0c6781aca36777717ffd7254174006360d2cb3b111:36)
05-31 13:35:54.885 30332 30332 W LayerDrawable: 	at g7.m.a(r8-map-id-fb3ff54fd4615d79dce01c0c6781aca36777717ffd7254174006360d2cb3b111:266)
05-31 13:35:54.885 30332 30332 W LayerDrawable: 	at helium314.keyboard.latin.suggestions.SuggestionStripView.onClick(r8-map-id-fb3ff54fd4615d79dce01c0c6781aca36777717ffd7254174006360d2cb3b111:45)
05-31 13:35:54.885 30332 30332 W LayerDrawable: 	at android.view.View.performClick(View.java:7488)
05-31 13:35:54.885 30332 30332 W LayerDrawable: 	at android.view.View.performClickInternal(View.java:7464)
05-31 13:35:54.885 30332 30332 W LayerDrawable: 	at android.view.View.access$3700(View.java:841)
05-31 13:35:54.885 30332 30332 W LayerDrawable: 	at android.view.View$PerformClick.run(View.java:28911)
05-31 13:35:54.885 30332 30332 W LayerDrawable: 	at android.os.Handler.handleCallback(Handler.java:938)
05-31 13:35:54.885 30332 30332 W LayerDrawable: 	at android.os.Handler.dispatchMessage(Handler.java:99)
05-31 13:35:54.885 30332 30332 W LayerDrawable: 	at android.os.Looper.loopOnce(Looper.java:233)
05-31 13:35:54.885 30332 30332 W LayerDrawable: 	at android.os.Looper.loop(Looper.java:344)
05-31 13:35:54.885 30332 30332 W LayerDrawable: 	at android.app.ActivityThread.main(ActivityThread.java:8212)
05-31 13:35:54.885 30332 30332 W LayerDrawable: 	at java.lang.reflect.Method.invoke(Native Method)
05-31 13:35:54.885 30332 30332 W LayerDrawable: 	at com.android.internal.os.RuntimeInit$MethodAndArgsCaller.run(RuntimeInit.java:584)
05-31 13:35:54.885 30332 30332 W LayerDrawable: 	at com.android.internal.os.ZygoteInit.main(ZygoteInit.java:1034)
05-31 13:35:54.885 30332 30332 W LayerDrawable: Invalid drawable added to LayerDrawable! Drawable already belongs to another owner but does not expose a constant state.
05-31 13:35:54.885 30332 30332 W LayerDrawable: java.lang.RuntimeException
05-31 13:35:54.885 30332 30332 W LayerDrawable: 	at android.graphics.drawable.LayerDrawable$ChildDrawable.<init>(LayerDrawable.java:1857)
05-31 13:35:54.885 30332 30332 W LayerDrawable: 	at android.graphics.drawable.LayerDrawable$LayerState.<init>(LayerDrawable.java:1977)
05-31 13:35:54.885 30332 30332 W LayerDrawable: 	at android.graphics.drawable.LayerDrawable.createConstantState(LayerDrawable.java:174)
05-31 13:35:54.885 30332 30332 W LayerDrawable: 	at android.graphics.drawable.LayerDrawable.mutate(LayerDrawable.java:1782)
05-31 13:35:54.885 30332 30332 W LayerDrawable: 	at y7.s3.j(r8-map-id-fb3ff54fd4615d79dce01c0c6781aca36777717ffd7254174006360d2cb3b111:83)
05-31 13:35:54.885 30332 30332 W LayerDrawable: 	at helium314.keyboard.latin.panels.AiThemePanelView.f(r8-map-id-fb3ff54fd4615d79dce01c0c6781aca36777717ffd7254174006360d2cb3b111:185)
05-31 13:35:54.885 30332 30332 W LayerDrawable: 	at helium314.keyboard.latin.panels.AiThemePanelView.A0(r8-map-id-fb3ff54fd4615d79dce01c0c6781aca36777717ffd7254174006360d2cb3b111:39)
05-31 13:35:54.885 30332 30332 W LayerDrawable: 	at v7.b.u(r8-map-id-fb3ff54fd4615d79dce01c0c6781aca36777717ffd7254174006360d2cb3b111:314)
05-31 13:35:54.885 30332 30332 W LayerDrawable: 	at helium314.keyboard.latin.LatinIME.l(r8-map-id-fb3ff54fd4615d79dce01c0c6781aca36777717ffd7254174006360d2cb3b111:36)
05-31 13:35:54.885 30332 30332 W LayerDrawable: 	at g7.m.a(r8-map-id-fb3ff54fd4615d79dce01c0c6781aca36777717ffd7254174006360d2cb3b111:266)
05-31 13:35:54.885 30332 30332 W LayerDrawable: 	at helium314.keyboard.latin.suggestions.SuggestionStripView.onClick(r8-map-id-fb3ff54fd4615d79dce01c0c6781aca36777717ffd7254174006360d2cb3b111:45)
05-31 13:35:54.885 30332 30332 W LayerDrawable: 	at android.view.View.performClick(View.java:7488)
05-31 13:35:54.885 30332 30332 W LayerDrawable: 	at android.view.View.performClickInternal(View.java:7464)
05-31 13:35:54.885 30332 30332 W LayerDrawable: 	at android.view.View.access$3700(View.java:841)
05-31 13:35:54.885 30332 30332 W LayerDrawable: 	at android.view.View$PerformClick.run(View.java:28911)
05-31 13:35:54.885 30332 30332 W LayerDrawable: 	at android.os.Handler.handleCallback(Handler.java:938)
05-31 13:35:54.885 30332 30332 W LayerDrawable: 	at android.os.Handler.dispatchMessage(Handler.java:99)
05-31 13:35:54.885 30332 30332 W LayerDrawable: 	at android.os.Looper.loopOnce(Looper.java:233)
05-31 13:35:54.885 30332 30332 W LayerDrawable: 	at android.os.Looper.loop(Looper.java:344)
05-31 13:35:54.885 30332 30332 W LayerDrawable: 	at android.app.ActivityThread.main(ActivityThread.java:8212)
05-31 13:35:54.885 30332 30332 W LayerDrawable: 	at java.lang.reflect.Method.invoke(Native Method)
05-31 13:35:54.885 30332 30332 W LayerDrawable: 	at com.android.internal.os.RuntimeInit$MethodAndArgsCaller.run(RuntimeInit.java:584)
05-31 13:35:54.885 30332 30332 W LayerDrawable: 	at com.android.internal.os.ZygoteInit.main(ZygoteInit.java:1034)
05-31 13:35:57.422 30748 30785 W Isolated Web Content: [JavaScript Warning: "The resource at “https://config.aps.amazon-adsystem.com/configs/3023” preloaded with link preload was not used within a few seconds. Make sure all attributes of the preload tag are set correctly." {file: "https://www.foxnews.com/" line: 0}]
05-31 13:35:57.424 30748 30785 W Isolated Web Content: [JavaScript Warning: "The resource at “https://client.aps.amazon-adsystem.com/publisher.js” preloaded with link preload was not used within a few seconds. Make sure all attributes of the preload tag are set correctly." {file: "https://www.foxnews.com/" line: 0}]
05-31 13:35:57.911 30332 31400 E FilePhenotypeFlags: Config package com.google.android.gms.clearcut_client#com.vibekey.keyboard cannot use FILE backing without declarative registration. See go/phenotype-android-integration#phenotype for more information. This will lead to stale flags.
05-31 13:35:57.924 30332 31400 E FilePhenotypeFlags: Config package com.google.android.gms.clearcut_client#com.vibekey.keyboard cannot use FILE backing without declarative registration. See go/phenotype-android-integration#phenotype for more information. This will lead to stale flags.
05-31 13:35:57.924 30332 31400 E FilePhenotypeFlags: Config package com.google.android.gms.clearcut_client#com.vibekey.keyboard cannot use FILE backing without declarative registration. See go/phenotype-android-integration#phenotype for more information. This will lead to stale flags.
05-31 13:36:03.926 30332 30332 W LayerDrawable: Invalid drawable added to LayerDrawable! Drawable already belongs to another owner but does not expose a constant state.
05-31 13:36:03.926 30332 30332 W LayerDrawable: java.lang.RuntimeException
05-31 13:36:03.926 30332 30332 W LayerDrawable: 	at android.graphics.drawable.LayerDrawable$ChildDrawable.<init>(LayerDrawable.java:1857)
05-31 13:36:03.926 30332 30332 W LayerDrawable: 	at android.graphics.drawable.LayerDrawable$LayerState.<init>(LayerDrawable.java:1977)
05-31 13:36:03.926 30332 30332 W LayerDrawable: 	at android.graphics.drawable.LayerDrawable.createConstantState(LayerDrawable.java:174)
05-31 13:36:03.926 30332 30332 W LayerDrawable: 	at android.graphics.drawable.LayerDrawable.mutate(LayerDrawable.java:1782)
05-31 13:36:03.926 30332 30332 W LayerDrawable: 	at y7.s3.j(r8-map-id-fb3ff54fd4615d79dce01c0c6781aca36777717ffd7254174006360d2cb3b111:83)
05-31 13:36:03.926 30332 30332 W LayerDrawable: 	at helium314.keyboard.latin.panels.AiThemePanelView.g(r8-map-id-fb3ff54fd4615d79dce01c0c6781aca36777717ffd7254174006360d2cb3b111:73)
05-31 13:36:03.926 30332 30332 W LayerDrawable: 	at o7.n.invoke(r8-map-id-fb3ff54fd4615d79dce01c0c6781aca36777717ffd7254174006360d2cb3b111:428)
05-31 13:36:03.926 30332 30332 W LayerDrawable: 	at h7.e.onClick(r8-map-id-fb3ff54fd4615d79dce01c0c6781aca36777717ffd7254174006360d2cb3b111:34)
05-31 13:36:03.926 30332 30332 W LayerDrawable: 	at android.view.View.performClick(View.java:7488)
05-31 13:36:03.926 30332 30332 W LayerDrawable: 	at android.view.View.performClickInternal(View.java:7464)
05-31 13:36:03.926 30332 30332 W LayerDrawable: 	at android.view.View.access$3700(View.java:841)
05-31 13:36:03.926 30332 30332 W LayerDrawable: 	at android.view.View$PerformClick.run(View.java:28911)
05-31 13:36:03.926 30332 30332 W LayerDrawable: 	at android.os.Handler.handleCallback(Handler.java:938)
05-31 13:36:03.926 30332 30332 W LayerDrawable: 	at android.os.Handler.dispatchMessage(Handler.java:99)
05-31 13:36:03.926 30332 30332 W LayerDrawable: 	at android.os.Looper.loopOnce(Looper.java:233)
05-31 13:36:03.926 30332 30332 W LayerDrawable: 	at android.os.Looper.loop(Looper.java:344)
05-31 13:36:03.926 30332 30332 W LayerDrawable: 	at android.app.ActivityThread.main(ActivityThread.java:8212)
05-31 13:36:03.926 30332 30332 W LayerDrawable: 	at java.lang.reflect.Method.invoke(Native Method)
05-31 13:36:03.926 30332 30332 W LayerDrawable: 	at com.android.internal.os.RuntimeInit$MethodAndArgsCaller.run(RuntimeInit.java:584)
05-31 13:36:03.926 30332 30332 W LayerDrawable: 	at com.android.internal.os.ZygoteInit.main(ZygoteInit.java:1034)
05-31 13:36:03.927 30332 30332 W LayerDrawable: Invalid drawable added to LayerDrawable! Drawable already belongs to another owner but does not expose a constant state.
05-31 13:36:03.927 30332 30332 W LayerDrawable: java.lang.RuntimeException
05-31 13:36:03.927 30332 30332 W LayerDrawable: 	at android.graphics.drawable.LayerDrawable$ChildDrawable.<init>(LayerDrawable.java:1857)
05-31 13:36:03.927 30332 30332 W LayerDrawable: 	at android.graphics.drawable.LayerDrawable$LayerState.<init>(LayerDrawable.java:1977)
05-31 13:36:03.927 30332 30332 W LayerDrawable: 	at android.graphics.drawable.LayerDrawable.createConstantState(LayerDrawable.java:174)
05-31 13:36:03.927 30332 30332 W LayerDrawable: 	at android.graphics.drawable.LayerDrawable.mutate(LayerDrawable.java:1782)
05-31 13:36:03.927 30332 30332 W LayerDrawable: 	at y7.s3.j(r8-map-id-fb3ff54fd4615d79dce01c0c6781aca36777717ffd7254174006360d2cb3b111:83)
05-31 13:36:03.927 30332 30332 W LayerDrawable: 	at helium314.keyboard.latin.panels.AiThemePanelView.g(r8-map-id-fb3ff54fd4615d79dce01c0c6781aca36777717ffd7254174006360d2cb3b111:73)
05-31 13:36:03.927 30332 30332 W LayerDrawable: 	at o7.n.invoke(r8-map-id-fb3ff54fd4615d79dce01c0c6781aca36777717ffd7254174006360d2cb3b111:480)
05-31 13:36:03.927 30332 30332 W LayerDrawable: 	at h7.e.onClick(r8-map-id-fb3ff54fd4615d79dce01c0c6781aca36777717ffd7254174006360d2cb3b111:34)
05-31 13:36:03.927 30332 30332 W LayerDrawable: 	at android.view.View.performClick(View.java:7488)
05-31 13:36:03.927 30332 30332 W LayerDrawable: 	at android.view.View.performClickInternal(View.java:7464)
05-31 13:36:03.927 30332 30332 W LayerDrawable: 	at android.view.View.access$3700(View.java:841)
05-31 13:36:03.927 30332 30332 W LayerDrawable: 	at android.view.View$PerformClick.run(View.java:28911)
05-31 13:36:03.927 30332 30332 W LayerDrawable: 	at android.os.Handler.handleCallback(Handler.java:938)
05-31 13:36:03.927 30332 30332 W LayerDrawable: 	at android.os.Handler.dispatchMessage(Handler.java:99)
05-31 13:36:03.927 30332 30332 W LayerDrawable: 	at android.os.Looper.loopOnce(Looper.java:233)
05-31 13:36:03.927 30332 30332 W LayerDrawable: 	at android.os.Looper.loop(Looper.java:344)
05-31 13:36:03.927 30332 30332 W LayerDrawable: 	at android.app.ActivityThread.main(ActivityThread.java:8212)
05-31 13:36:03.927 30332 30332 W LayerDrawable: 	at java.lang.reflect.Method.invoke(Native Method)
05-31 13:36:03.927 30332 30332 W LayerDrawable: 	at com.android.internal.os.RuntimeInit$MethodAndArgsCaller.run(RuntimeInit.java:584)
05-31 13:36:03.927 30332 30332 W LayerDrawable: 	at com.android.internal.os.ZygoteInit.main(ZygoteInit.java:1034)
05-31 13:36:05.390 30332 30332 W LayerDrawable: Invalid drawable added to LayerDrawable! Drawable already belongs to another owner but does not expose a constant state.
05-31 13:36:05.390 30332 30332 W LayerDrawable: java.lang.RuntimeException
05-31 13:36:05.390 30332 30332 W LayerDrawable: 	at android.graphics.drawable.LayerDrawable$ChildDrawable.<init>(LayerDrawable.java:1857)
05-31 13:36:05.390 30332 30332 W LayerDrawable: 	at android.graphics.drawable.LayerDrawable$LayerState.<init>(LayerDrawable.java:1977)
05-31 13:36:05.390 30332 30332 W LayerDrawable: 	at android.graphics.drawable.LayerDrawable.createConstantState(LayerDrawable.java:174)
05-31 13:36:05.390 30332 30332 W LayerDrawable: 	at android.graphics.drawable.LayerDrawable.mutate(LayerDrawable.java:1782)
05-31 13:36:05.390 30332 30332 W LayerDrawable: 	at y7.s3.j(r8-map-id-fb3ff54fd4615d79dce01c0c6781aca36777717ffd7254174006360d2cb3b111:83)
05-31 13:36:05.390 30332 30332 W LayerDrawable: 	at helium314.keyboard.latin.panels.AiThemePanelView.t(r8-map-id-fb3ff54fd4615d79dce01c0c6781aca36777717ffd7254174006360d2cb3b111:780)
05-31 13:36:05.390 30332 30332 W LayerDrawable: 	at helium314.keyboard.latin.panels.AiThemePanelView.u0(r8-map-id-fb3ff54fd4615d79dce01c0c6781aca36777717ffd7254174006360d2cb3b111:708)
05-31 13:36:05.390 30332 30332 W LayerDrawable: 	at o7.n.invoke(r8-map-id-fb3ff54fd4615d79dce01c0c6781aca36777717ffd7254174006360d2cb3b111:503)
05-31 13:36:05.390 30332 30332 W LayerDrawable: 	at o7.n.invoke(r8-map-id-fb3ff54fd4615d79dce01c0c6781aca36777717ffd7254174006360d2cb3b111:74)
05-31 13:36:05.390 30332 30332 W LayerDrawable: 	at h7.e.onClick(r8-map-id-fb3ff54fd4615d79dce01c0c6781aca36777717ffd7254174006360d2cb3b111:34)
05-31 13:36:05.390 30332 30332 W LayerDrawable: 	at android.view.View.performClick(View.java:7488)
05-31 13:36:05.390 30332 30332 W LayerDrawable: 	at android.view.View.performClickInternal(View.java:7464)
05-31 13:36:05.390 30332 30332 W LayerDrawable: 	at android.view.View.access$3700(View.java:841)
05-31 13:36:05.390 30332 30332 W LayerDrawable: 	at android.view.View$PerformClick.run(View.java:28911)
05-31 13:36:05.390 30332 30332 W LayerDrawable: 	at android.os.Handler.handleCallback(Handler.java:938)
05-31 13:36:05.390 30332 30332 W LayerDrawable: 	at android.os.Handler.dispatchMessage(Handler.java:99)
05-31 13:36:05.390 30332 30332 W LayerDrawable: 	at android.os.Looper.loopOnce(Looper.java:233)
05-31 13:36:05.390 30332 30332 W LayerDrawable: 	at android.os.Looper.loop(Looper.java:344)
05-31 13:36:05.390 30332 30332 W LayerDrawable: 	at android.app.ActivityThread.main(ActivityThread.java:8212)
05-31 13:36:05.390 30332 30332 W LayerDrawable: 	at java.lang.reflect.Method.invoke(Native Method)
05-31 13:36:05.390 30332 30332 W LayerDrawable: 	at com.android.internal.os.RuntimeInit$MethodAndArgsCaller.run(RuntimeInit.java:584)
05-31 13:36:05.390 30332 30332 W LayerDrawable: 	at com.android.internal.os.ZygoteInit.main(ZygoteInit.java:1034)
05-31 13:36:05.391 30332 30332 W LayerDrawable: Invalid drawable added to LayerDrawable! Drawable already belongs to another owner but does not expose a constant state.
05-31 13:36:05.391 30332 30332 W LayerDrawable: java.lang.RuntimeException
05-31 13:36:05.391 30332 30332 W LayerDrawable: 	at android.graphics.drawable.LayerDrawable$ChildDrawable.<init>(LayerDrawable.java:1857)
05-31 13:36:05.391 30332 30332 W LayerDrawable: 	at android.graphics.drawable.LayerDrawable$LayerState.<init>(LayerDrawable.java:1977)
05-31 13:36:05.391 30332 30332 W LayerDrawable: 	at android.graphics.drawable.LayerDrawable.createConstantState(LayerDrawable.java:174)
05-31 13:36:05.391 30332 30332 W LayerDrawable: 	at android.graphics.drawable.LayerDrawable.mutate(LayerDrawable.java:1782)
05-31 13:36:05.391 30332 30332 W LayerDrawable: 	at y7.s3.j(r8-map-id-fb3ff54fd4615d79dce01c0c6781aca36777717ffd7254174006360d2cb3b111:83)
05-31 13:36:05.391 30332 30332 W LayerDrawable: 	at helium314.keyboard.latin.panels.AiThemePanelView.t(r8-map-id-fb3ff54fd4615d79dce01c0c6781aca36777717ffd7254174006360d2cb3b111:1013)
05-31 13:36:05.391 30332 30332 W LayerDrawable: 	at helium314.keyboard.latin.panels.AiThemePanelView.u0(r8-map-id-fb3ff54fd4615d79dce01c0c6781aca36777717ffd7254174006360d2cb3b111:708)
05-31 13:36:05.391 30332 30332 W LayerDrawable: 	at o7.n.invoke(r8-map-id-fb3ff54fd4615d79dce01c0c6781aca36777717ffd7254174006360d2cb3b111:503)
05-31 13:36:05.391 30332 30332 W LayerDrawable: 	at o7.n.invoke(r8-map-id-fb3ff54fd4615d79dce01c0c6781aca36777717ffd7254174006360d2cb3b111:74)
05-31 13:36:05.391 30332 30332 W LayerDrawable: 	at h7.e.onClick(r8-map-id-fb3ff54fd4615d79dce01c0c6781aca36777717ffd7254174006360d2cb3b111:34)
05-31 13:36:05.391 30332 30332 W LayerDrawable: 	at android.view.View.performClick(View.java:7488)
05-31 13:36:05.391 30332 30332 W LayerDrawable: 	at android.view.View.performClickInternal(View.java:7464)
05-31 13:36:05.391 30332 30332 W LayerDrawable: 	at android.view.View.access$3700(View.java:841)
05-31 13:36:05.391 30332 30332 W LayerDrawable: 	at android.view.View$PerformClick.run(View.java:28911)
05-31 13:36:05.391 30332 30332 W LayerDrawable: 	at android.os.Handler.handleCallback(Handler.java:938)
05-31 13:36:05.391 30332 30332 W LayerDrawable: 	at android.os.Handler.dispatchMessage(Handler.java:99)
05-31 13:36:05.391 30332 30332 W LayerDrawable: 	at android.os.Looper.loopOnce(Looper.java:233)
05-31 13:36:05.391 30332 30332 W LayerDrawable: 	at android.os.Looper.loop(Looper.java:344)
05-31 13:36:05.391 30332 30332 W LayerDrawable: 	at android.app.ActivityThread.main(ActivityThread.java:8212)
05-31 13:36:05.391 30332 30332 W LayerDrawable: 	at java.lang.reflect.Method.invoke(Native Method)
05-31 13:36:05.391 30332 30332 W LayerDrawable: 	at com.android.internal.os.RuntimeInit$MethodAndArgsCaller.run(RuntimeInit.java:584)
05-31 13:36:05.391 30332 30332 W LayerDrawable: 	at com.android.internal.os.ZygoteInit.main(ZygoteInit.java:1034)
05-31 13:36:05.394 30332 30332 W LayerDrawable: Invalid drawable added to LayerDrawable! Drawable already belongs to another owner but does not expose a constant state.
05-31 13:36:05.394 30332 30332 W LayerDrawable: java.lang.RuntimeException
05-31 13:36:05.394 30332 30332 W LayerDrawable: 	at android.graphics.drawable.LayerDrawable$ChildDrawable.<init>(LayerDrawable.java:1857)
05-31 13:36:05.394 30332 30332 W LayerDrawable: 	at android.graphics.drawable.LayerDrawable$LayerState.<init>(LayerDrawable.java:1977)
05-31 13:36:05.394 30332 30332 W LayerDrawable: 	at android.graphics.drawable.LayerDrawable.createConstantState(LayerDrawable.java:174)
05-31 13:36:05.394 30332 30332 W LayerDrawable: 	at android.graphics.drawable.LayerDrawable.mutate(LayerDrawable.java:1782)
05-31 13:36:05.394 30332 30332 W LayerDrawable: 	at y7.s3.j(r8-map-id-fb3ff54fd4615d79dce01c0c6781aca36777717ffd7254174006360d2cb3b111:83)
05-31 13:36:05.394 30332 30332 W LayerDrawable: 	at helium314.keyboard.latin.panels.AiThemePanelView.t(r8-map-id-fb3ff54fd4615d79dce01c0c6781aca36777717ffd7254174006360d2cb3b111:780)
05-31 13:36:05.394 30332 30332 W LayerDrawable: 	at helium314.keyboard.latin.panels.AiThemePanelView.u0(r8-map-id-fb3ff54fd4615d79dce01c0c6781aca36777717ffd7254174006360d2cb3b111:708)
05-31 13:36:05.394 30332 30332 W LayerDrawable: 	at o7.n.invoke(r8-map-id-fb3ff54fd4615d79dce01c0c6781aca36777717ffd7254174006360d2cb3b111:503)
05-31 13:36:05.394 30332 30332 W LayerDrawable: 	at o7.n.invoke(r8-map-id-fb3ff54fd4615d79dce01c0c6781aca36777717ffd7254174006360d2cb3b111:74)
05-31 13:36:05.394 30332 30332 W LayerDrawable: 	at h7.e.onClick(r8-map-id-fb3ff54fd4615d79dce01c0c6781aca36777717ffd7254174006360d2cb3b111:34)
05-31 13:36:05.394 30332 30332 W LayerDrawable: 	at android.view.View.performClick(View.java:7488)
05-31 13:36:05.394 30332 30332 W LayerDrawable: 	at android.view.View.performClickInternal(View.java:7464)
05-31 13:36:05.394 30332 30332 W LayerDrawable: 	at android.view.View.access$3700(View.java:841)
05-31 13:36:05.394 30332 30332 W LayerDrawable: 	at android.view.View$PerformClick.run(View.java:28911)
05-31 13:36:05.394 30332 30332 W LayerDrawable: 	at android.os.Handler.handleCallback(Handler.java:938)
05-31 13:36:05.394 30332 30332 W LayerDrawable: 	at android.os.Handler.dispatchMessage(Handler.java:99)
05-31 13:36:05.394 30332 30332 W LayerDrawable: 	at android.os.Looper.loopOnce(Looper.java:233)
05-31 13:36:05.394 30332 30332 W LayerDrawable: 	at android.os.Looper.loop(Looper.java:344)
05-31 13:36:05.394 30332 30332 W LayerDrawable: 	at android.app.ActivityThread.main(ActivityThread.java:8212)
05-31 13:36:05.394 30332 30332 W LayerDrawable: 	at java.lang.reflect.Method.invoke(Native Method)
05-31 13:36:05.394 30332 30332 W LayerDrawable: 	at com.android.internal.os.RuntimeInit$MethodAndArgsCaller.run(RuntimeInit.java:584)
05-31 13:36:05.394 30332 30332 W LayerDrawable: 	at com.android.internal.os.ZygoteInit.main(ZygoteInit.java:1034)
05-31 13:36:05.395 30332 30332 W LayerDrawable: Invalid drawable added to LayerDrawable! Drawable already belongs to another owner but does not expose a constant state.
05-31 13:36:05.395 30332 30332 W LayerDrawable: java.lang.RuntimeException
05-31 13:36:05.395 30332 30332 W LayerDrawable: 	at android.graphics.drawable.LayerDrawable$ChildDrawable.<init>(LayerDrawable.java:1857)
05-31 13:36:05.395 30332 30332 W LayerDrawable: 	at android.graphics.drawable.LayerDrawable$LayerState.<init>(LayerDrawable.java:1977)
05-31 13:36:05.395 30332 30332 W LayerDrawable: 	at android.graphics.drawable.LayerDrawable.createConstantState(LayerDrawable.java:174)
05-31 13:36:05.395 30332 30332 W LayerDrawable: 	at android.graphics.drawable.LayerDrawable.mutate(LayerDrawable.java:1782)
05-31 13:36:05.395 30332 30332 W LayerDrawable: 	at y7.s3.j(r8-map-id-fb3ff54fd4615d79dce01c0c6781aca36777717ffd7254174006360d2cb3b111:83)
05-31 13:36:05.395 30332 30332 W LayerDrawable: 	at helium314.keyboard.latin.panels.AiThemePanelView.t(r8-map-id-fb3ff54fd4615d79dce01c0c6781aca36777717ffd7254174006360d2cb3b111:973)
05-31 13:36:05.395 30332 30332 W LayerDrawable: 	at helium314.keyboard.latin.panels.AiThemePanelView.u0(r8-map-id-fb3ff54fd4615d79dce01c0c6781aca36777717ffd7254174006360d2cb3b111:708)
05-31 13:36:05.395 30332 30332 W LayerDrawable: 	at o7.n.invoke(r8-map-id-fb3ff54fd4615d79dce01c0c6781aca36777717ffd7254174006360d2cb3b111:503)
05-31 13:36:05.395 30332 30332 W LayerDrawable: 	at o7.n.invoke(r8-map-id-fb3ff54fd4615d79dce01c0c6781aca36777717ffd7254174006360d2cb3b111:74)
05-31 13:36:05.395 30332 30332 W LayerDrawable: 	at h7.e.onClick(r8-map-id-fb3ff54fd4615d79dce01c0c6781aca36777717ffd7254174006360d2cb3b111:34)
05-31 13:36:05.395 30332 30332 W LayerDrawable: 	at android.view.View.performClick(View.java:7488)
05-31 13:36:05.395 30332 30332 W LayerDrawable: 	at android.view.View.performClickInternal(View.java:7464)
05-31 13:36:05.395 30332 30332 W LayerDrawable: 	at android.view.View.access$3700(View.java:841)
05-31 13:36:05.395 30332 30332 W LayerDrawable: 	at android.view.View$PerformClick.run(View.java:28911)
05-31 13:36:05.395 30332 30332 W LayerDrawable: 	at android.os.Handler.handleCallback(Handler.java:938)
05-31 13:36:05.395 30332 30332 W LayerDrawable: 	at android.os.Handler.dispatchMessage(Handler.java:99)
05-31 13:36:05.395 30332 30332 W LayerDrawable: 	at android.os.Looper.loopOnce(Looper.java:233)
05-31 13:36:05.395 30332 30332 W LayerDrawable: 	at android.os.Looper.loop(Looper.java:344)
05-31 13:36:05.395 30332 30332 W LayerDrawable: 	at android.app.ActivityThread.main(ActivityThread.java:8212)
05-31 13:36:05.395 30332 30332 W LayerDrawable: 	at java.lang.reflect.Method.invoke(Native Method)
05-31 13:36:05.395 30332 30332 W LayerDrawable: 	at com.android.internal.os.RuntimeInit$MethodAndArgsCaller.run(RuntimeInit.java:584)
05-31 13:36:05.395 30332 30332 W LayerDrawable: 	at com.android.internal.os.ZygoteInit.main(ZygoteInit.java:1034)
05-31 13:36:05.397 30332 30332 W LayerDrawable: Invalid drawable added to LayerDrawable! Drawable already belongs to another owner but does not expose a constant state.
05-31 13:36:05.397 30332 30332 W LayerDrawable: java.lang.RuntimeException
05-31 13:36:05.397 30332 30332 W LayerDrawable: 	at android.graphics.drawable.LayerDrawable$ChildDrawable.<init>(LayerDrawable.java:1857)
05-31 13:36:05.397 30332 30332 W LayerDrawable: 	at android.graphics.drawable.LayerDrawable$LayerState.<init>(LayerDrawable.java:1977)
05-31 13:36:05.397 30332 30332 W LayerDrawable: 	at android.graphics.drawable.LayerDrawable.createConstantState(LayerDrawable.java:174)
05-31 13:36:05.397 30332 30332 W LayerDrawable: 	at android.graphics.drawable.LayerDrawable.mutate(LayerDrawable.java:1782)
05-31 13:36:05.397 30332 30332 W LayerDrawable: 	at y7.s3.j(r8-map-id-fb3ff54fd4615d79dce01c0c6781aca36777717ffd7254174006360d2cb3b111:83)
05-31 13:36:05.397 30332 30332 W LayerDrawable: 	at helium314.keyboard.latin.panels.AiThemePanelView.t(r8-map-id-fb3ff54fd4615d79dce01c0c6781aca36777717ffd7254174006360d2cb3b111:780)
05-31 13:36:05.397 30332 30332 W LayerDrawable: 	at helium314.keyboard.latin.panels.AiThemePanelView.u0(r8-map-id-fb3ff54fd4615d79dce01c0c6781aca36777717ffd7254174006360d2cb3b111:708)
05-31 13:36:05.397 30332 30332 W LayerDrawable: 	at o7.n.invoke(r8-map-id-fb3ff54fd4615d79dce01c0c6781aca36777717ffd7254174006360d2cb3b111:503)
05-31 13:36:05.397 30332 30332 W LayerDrawable: 	at o7.n.invoke(r8-map-id-fb3ff54fd4615d79dce01c0c6781aca36777717ffd7254174006360d2cb3b111:74)
05-31 13:36:05.397 30332 30332 W LayerDrawable: 	at h7.e.onClick(r8-map-id-fb3ff54fd4615d79dce01c0c6781aca36777717ffd7254174006360d2cb3b111:34)
05-31 13:36:05.397 30332 30332 W LayerDrawable: 	at android.view.View.performClick(View.java:7488)
05-31 13:36:05.397 30332 30332 W LayerDrawable: 	at android.view.View.performClickInternal(View.java:7464)
05-31 13:36:05.397 30332 30332 W LayerDrawable: 	at android.view.View.access$3700(View.java:841)
05-31 13:36:05.397 30332 30332 W LayerDrawable: 	at android.view.View$PerformClick.run(View.java:28911)
05-31 13:36:05.397 30332 30332 W LayerDrawable: 	at android.os.Handler.handleCallback(Handler.java:938)
05-31 13:36:05.397 30332 30332 W LayerDrawable: 	at android.os.Handler.dispatchMessage(Handler.java:99)
05-31 13:36:05.397 30332 30332 W LayerDrawable: 	at android.os.Looper.loopOnce(Looper.java:233)
05-31 13:36:05.397 30332 30332 W LayerDrawable: 	at android.os.Looper.loop(Looper.java:344)
