06-05 15:00:24.700 26042 26407 E GeckoConsole: [JavaScript Error: "TypeError: can't access property "WindowEventDispatcher", win is null" {file: "resource://gre/modules/GeckoViewSessionStore.sys.mjs" line: 149}]
06-05 15:00:24.700 26042 26407 E GeckoConsole: onTabStateUpdate@resource://gre/modules/GeckoViewSessionStore.sys.mjs:149:5
06-05 15:00:24.700 26042 26407 E GeckoConsole: updateSessionStoreFromTabListener@resource://gre/modules/GeckoViewSessionStore.sys.mjs:243:10
06-05 15:00:24.700 26042 26407 E GeckoConsole: SSF_updateSessionStore@resource://gre/modules/SessionStoreFunctions.sys.mjs:46:27
06-05 15:00:24.700 26042 26407 E GeckoConsole: UpdateSessionStore@resource://gre/modules/SessionStoreFunctions.sys.mjs:16:46
06-05 15:00:24.703 26042 26042 E GeckoView: Failed to detach WindowInsetsListener: 
06-05 15:00:24.703 26042 26042 E GeckoView: java.lang.NullPointerException: Attempt to invoke virtual method 'android.view.Window android.app.Activity.getWindow()' on a null object reference
06-05 15:00:24.703 26042 26042 E GeckoView: 	at org.mozilla.geckoview.GeckoView.detachWindowInsetsListener(r8-map-id-757af8f5ae5c5858b77f256d366a7825add93b04460816c2c67fcdf1d8e02cc3:1)
06-05 15:00:24.703 26042 26042 E GeckoView: 	at org.mozilla.geckoview.GeckoView.onDetachedFromWindow(r8-map-id-757af8f5ae5c5858b77f256d366a7825add93b04460816c2c67fcdf1d8e02cc3:25)
06-05 15:00:24.703 26042 26042 E GeckoView: 	at android.view.View.dispatchDetachedFromWindow(View.java:20955)
06-05 15:00:24.703 26042 26042 E GeckoView: 	at android.view.ViewGroup.dispatchDetachedFromWindow(ViewGroup.java:4014)
06-05 15:00:24.703 26042 26042 E GeckoView: 	at android.view.ViewGroup.removeViewInternal(ViewGroup.java:5660)
06-05 15:00:24.703 26042 26042 E GeckoView: 	at android.view.ViewGroup.removeViewInternal(ViewGroup.java:5631)
06-05 15:00:24.703 26042 26042 E GeckoView: 	at android.view.ViewGroup.removeView(ViewGroup.java:5562)
06-05 15:00:24.703 26042 26042 E GeckoView: 	at helium314.keyboard.latin.panels.BrowserPanelView.Q(r8-map-id-757af8f5ae5c5858b77f256d366a7825add93b04460816c2c67fcdf1d8e02cc3:119)
06-05 15:00:24.703 26042 26042 E GeckoView: 	at helium314.keyboard.latin.panels.BrowserPanelView.G0(r8-map-id-757af8f5ae5c5858b77f256d366a7825add93b04460816c2c67fcdf1d8e02cc3:73)
06-05 15:00:24.703 26042 26042 E GeckoView: 	at i7.c0.r(r8-map-id-757af8f5ae5c5858b77f256d366a7825add93b04460816c2c67fcdf1d8e02cc3:149)
06-05 15:00:24.703 26042 26042 E GeckoView: 	at i7.c0.P(r8-map-id-757af8f5ae5c5858b77f256d366a7825add93b04460816c2c67fcdf1d8e02cc3:17)
06-05 15:00:24.703 26042 26042 E GeckoView: 	at a8.e5.a(r8-map-id-757af8f5ae5c5858b77f256d366a7825add93b04460816c2c67fcdf1d8e02cc3:3)
06-05 15:00:24.703 26042 26042 E GeckoView: 	at a8.e3.onClick(r8-map-id-757af8f5ae5c5858b77f256d366a7825add93b04460816c2c67fcdf1d8e02cc3:209)
06-05 15:00:24.703 26042 26042 E GeckoView: 	at android.view.View.performClick(View.java:7488)
06-05 15:00:24.703 26042 26042 E GeckoView: 	at android.view.View.performClickInternal(View.java:7464)
06-05 15:00:24.703 26042 26042 E GeckoView: 	at android.view.View.access$3700(View.java:841)
06-05 15:00:24.703 26042 26042 E GeckoView: 	at android.view.View$PerformClick.run(View.java:28911)
06-05 15:00:24.703 26042 26042 E GeckoView: 	at android.os.Handler.handleCallback(Handler.java:938)
06-05 15:00:24.703 26042 26042 E GeckoView: 	at android.os.Handler.dispatchMessage(Handler.java:99)
06-05 15:00:24.703 26042 26042 E GeckoView: 	at android.os.Looper.loopOnce(Looper.java:233)
06-05 15:00:24.703 26042 26042 E GeckoView: 	at android.os.Looper.loop(Looper.java:344)
06-05 15:00:24.703 26042 26042 E GeckoView: 	at android.app.ActivityThread.main(ActivityThread.java:8212)
06-05 15:00:24.703 26042 26042 E GeckoView: 	at java.lang.reflect.Method.invoke(Native Method)
06-05 15:00:24.703 26042 26042 E GeckoView: 	at com.android.internal.os.RuntimeInit$MethodAndArgsCaller.run(RuntimeInit.java:584)
06-05 15:00:24.703 26042 26042 E GeckoView: 	at com.android.internal.os.ZygoteInit.main(ZygoteInit.java:1034)
06-05 15:00:24.704 26042 26407 E GeckoConsole: [JavaScript Error: "TypeError: can't access property "WindowEventDispatcher", win is null" {file: "resource://gre/modules/GeckoViewSessionStore.sys.mjs" line: 149}]
06-05 15:00:24.704 26042 26407 E GeckoConsole: onTabStateUpdate@resource://gre/modules/GeckoViewSessionStore.sys.mjs:149:5
06-05 15:00:24.704 26042 26407 E GeckoConsole: updateSessionStoreFromTabListener@resource://gre/modules/GeckoViewSessionStore.sys.mjs:243:10
06-05 15:00:24.704 26042 26407 E GeckoConsole: SSF_updateSessionStore@resource://gre/modules/SessionStoreFunctions.sys.mjs:46:27
06-05 15:00:24.704 26042 26407 E GeckoConsole: UpdateSessionStore@resource://gre/modules/SessionStoreFunctions.sys.mjs:16:46
06-05 15:00:24.704 26042 26407 E GeckoConsole: [JavaScript Error: "TypeError: can't access property "WindowEventDispatcher", win is null" {file: "resource://gre/modules/GeckoViewSessionStore.sys.mjs" line: 149}]
06-05 15:00:24.704 26042 26407 E GeckoConsole: onTabStateUpdate@resource://gre/modules/GeckoViewSessionStore.sys.mjs:149:5
06-05 15:00:24.704 26042 26407 E GeckoConsole: updateSessionStoreFromTabListener@resource://gre/modules/GeckoViewSessionStore.sys.mjs:243:10
06-05 15:00:24.704 26042 26407 E GeckoConsole: SSF_updateSessionStore@resource://gre/modules/SessionStoreFunctions.sys.mjs:46:27
06-05 15:00:24.704 26042 26407 E GeckoConsole: UpdateSessionStore@resource://gre/modules/SessionStoreFunctions.sys.mjs:16:46
06-05 15:00:24.705 26042 26407 E GeckoConsole: [JavaScript Error: "TypeError: can't access property "WindowEventDispatcher", win is null" {file: "resource://gre/modules/GeckoViewSessionStore.sys.mjs" line: 149}]
06-05 15:00:24.705 26042 26407 E GeckoConsole: onTabStateUpdate@resource://gre/modules/GeckoViewSessionStore.sys.mjs:149:5
06-05 15:00:24.705 26042 26407 E GeckoConsole: updateSessionStoreFromTabListener@resource://gre/modules/GeckoViewSessionStore.sys.mjs:243:10
06-05 15:00:24.705 26042 26407 E GeckoConsole: SSF_updateSessionStore@resource://gre/modules/SessionStoreFunctions.sys.mjs:46:27
06-05 15:00:24.705 26042 26407 E GeckoConsole: UpdateSessionStore@resource://gre/modules/SessionStoreFunctions.sys.mjs:16:46
06-05 15:00:24.708 26042 26407 E GeckoConsole: [JavaScript Error: "TypeError: can't access property "WindowEventDispatcher", win is null" {file: "resource://gre/modules/GeckoViewSessionStore.sys.mjs" line: 149}]
06-05 15:00:24.708 26042 26407 E GeckoConsole: onTabStateUpdate@resource://gre/modules/GeckoViewSessionStore.sys.mjs:149:5
06-05 15:00:24.708 26042 26407 E GeckoConsole: updateSessionStoreFromTabListener@resource://gre/modules/GeckoViewSessionStore.sys.mjs:243:10
06-05 15:00:24.708 26042 26407 E GeckoConsole: SSF_updateSessionStore@resource://gre/modules/SessionStoreFunctions.sys.mjs:46:27
06-05 15:00:24.708 26042 26407 E GeckoConsole: UpdateSessionStore@resource://gre/modules/SessionStoreFunctions.sys.mjs:16:46
06-05 15:00:24.709 26042 26407 E GeckoConsole: [JavaScript Error: "TypeError: can't access property "WindowEventDispatcher", win is null" {file: "resource://gre/modules/GeckoViewSessionStore.sys.mjs" line: 149}]
06-05 15:00:24.709 26042 26407 E GeckoConsole: onTabStateUpdate@resource://gre/modules/GeckoViewSessionStore.sys.mjs:149:5
06-05 15:00:24.709 26042 26407 E GeckoConsole: updateSessionStoreFromTabListener@resource://gre/modules/GeckoViewSessionStore.sys.mjs:243:10
06-05 15:00:24.709 26042 26407 E GeckoConsole: SSF_updateSessionStore@resource://gre/modules/SessionStoreFunctions.sys.mjs:46:27
06-05 15:00:24.709 26042 26407 E GeckoConsole: UpdateSessionStore@resource://gre/modules/SessionStoreFunctions.sys.mjs:16:46
06-05 15:00:24.710 26042 26407 E GeckoConsole: [JavaScript Error: "TypeError: can't access property "WindowEventDispatcher", win is null" {file: "resource://gre/modules/GeckoViewSessionStore.sys.mjs" line: 149}]
06-05 15:00:24.710 26042 26407 E GeckoConsole: onTabStateUpdate@resource://gre/modules/GeckoViewSessionStore.sys.mjs:149:5
06-05 15:00:24.710 26042 26407 E GeckoConsole: updateSessionStoreFromTabListener@resource://gre/modules/GeckoViewSessionStore.sys.mjs:243:10
06-05 15:00:24.710 26042 26407 E GeckoConsole: SSF_updateSessionStore@resource://gre/modules/SessionStoreFunctions.sys.mjs:46:27
06-05 15:00:24.710 26042 26407 E GeckoConsole: UpdateSessionStore@resource://gre/modules/SessionStoreFunctions.sys.mjs:16:46
06-05 15:00:24.721 26042 26042 W LayerDrawable: Invalid drawable added to LayerDrawable! Drawable already belongs to another owner but does not expose a constant state.
06-05 15:00:24.721 26042 26042 W LayerDrawable: java.lang.RuntimeException
06-05 15:00:24.721 26042 26042 W LayerDrawable: 	at android.graphics.drawable.LayerDrawable$ChildDrawable.<init>(LayerDrawable.java:1857)
06-05 15:00:24.721 26042 26042 W LayerDrawable: 	at android.graphics.drawable.LayerDrawable$LayerState.<init>(LayerDrawable.java:1977)
06-05 15:00:24.721 26042 26042 W LayerDrawable: 	at android.graphics.drawable.LayerDrawable.createConstantState(LayerDrawable.java:174)
06-05 15:00:24.721 26042 26042 W LayerDrawable: 	at android.graphics.drawable.LayerDrawable.mutate(LayerDrawable.java:1782)
06-05 15:00:24.721 26042 26042 W LayerDrawable: 	at helium314.keyboard.latin.InputView.g(r8-map-id-757af8f5ae5c5858b77f256d366a7825add93b04460816c2c67fcdf1d8e02cc3:551)
06-05 15:00:24.721 26042 26042 W LayerDrawable: 	at p7.x.a(r8-map-id-757af8f5ae5c5858b77f256d366a7825add93b04460816c2c67fcdf1d8e02cc3:232)
06-05 15:00:24.721 26042 26042 W LayerDrawable: 	at a8.t0.run(r8-map-id-757af8f5ae5c5858b77f256d366a7825add93b04460816c2c67fcdf1d8e02cc3:279)
06-05 15:00:24.721 26042 26042 W LayerDrawable: 	at helium314.keyboard.latin.InputView.f(r8-map-id-757af8f5ae5c5858b77f256d366a7825add93b04460816c2c67fcdf1d8e02cc3:39)
06-05 15:00:24.721 26042 26042 W LayerDrawable: 	at i7.c0.a(r8-map-id-757af8f5ae5c5858b77f256d366a7825add93b04460816c2c67fcdf1d8e02cc3:73)
06-05 15:00:24.721 26042 26042 W LayerDrawable: 	at i7.c0.r(r8-map-id-757af8f5ae5c5858b77f256d366a7825add93b04460816c2c67fcdf1d8e02cc3:245)
06-05 15:00:24.721 26042 26042 W LayerDrawable: 	at i7.c0.P(r8-map-id-757af8f5ae5c5858b77f256d366a7825add93b04460816c2c67fcdf1d8e02cc3:17)
06-05 15:00:24.721 26042 26042 W LayerDrawable: 	at a8.e5.a(r8-map-id-757af8f5ae5c5858b77f256d366a7825add93b04460816c2c67fcdf1d8e02cc3:3)
06-05 15:00:24.721 26042 26042 W LayerDrawable: 	at a8.e3.onClick(r8-map-id-757af8f5ae5c5858b77f256d366a7825add93b04460816c2c67fcdf1d8e02cc3:209)
06-05 15:00:24.721 26042 26042 W LayerDrawable: 	at android.view.View.performClick(View.java:7488)
06-05 15:00:24.721 26042 26042 W LayerDrawable: 	at android.view.View.performClickInternal(View.java:7464)
06-05 15:00:24.721 26042 26042 W LayerDrawable: 	at android.view.View.access$3700(View.java:841)
06-05 15:00:24.721 26042 26042 W LayerDrawable: 	at android.view.View$PerformClick.run(View.java:28911)
06-05 15:00:24.721 26042 26042 W LayerDrawable: 	at android.os.Handler.handleCallback(Handler.java:938)
06-05 15:00:24.721 26042 26042 W LayerDrawable: 	at android.os.Handler.dispatchMessage(Handler.java:99)
06-05 15:00:24.721 26042 26042 W LayerDrawable: 	at android.os.Looper.loopOnce(Looper.java:233)
06-05 15:00:24.721 26042 26042 W LayerDrawable: 	at android.os.Looper.loop(Looper.java:344)
06-05 15:00:24.721 26042 26042 W LayerDrawable: 	at android.app.ActivityThread.main(ActivityThread.java:8212)
06-05 15:00:24.721 26042 26042 W LayerDrawable: 	at java.lang.reflect.Method.invoke(Native Method)
06-05 15:00:24.721 26042 26042 W LayerDrawable: 	at com.android.internal.os.RuntimeInit$MethodAndArgsCaller.run(RuntimeInit.java:584)
06-05 15:00:24.721 26042 26042 W LayerDrawable: 	at com.android.internal.os.ZygoteInit.main(ZygoteInit.java:1034)
06-05 15:00:24.727 26042 26042 W LayerDrawable: Invalid drawable added to LayerDrawable! Drawable already belongs to another owner but does not expose a constant state.
06-05 15:00:24.727 26042 26042 W LayerDrawable: java.lang.RuntimeException
06-05 15:00:24.727 26042 26042 W LayerDrawable: 	at android.graphics.drawable.LayerDrawable$ChildDrawable.<init>(LayerDrawable.java:1857)
06-05 15:00:24.727 26042 26042 W LayerDrawable: 	at android.graphics.drawable.LayerDrawable$LayerState.<init>(LayerDrawable.java:1977)
06-05 15:00:24.727 26042 26042 W LayerDrawable: 	at android.graphics.drawable.LayerDrawable.createConstantState(LayerDrawable.java:174)
06-05 15:00:24.727 26042 26042 W LayerDrawable: 	at android.graphics.drawable.LayerDrawable.mutate(LayerDrawable.java:1782)
06-05 15:00:24.727 26042 26042 W LayerDrawable: 	at helium314.keyboard.latin.InputView.g(r8-map-id-757af8f5ae5c5858b77f256d366a7825add93b04460816c2c67fcdf1d8e02cc3:551)
06-05 15:00:24.727 26042 26042 W LayerDrawable: 	at p7.x.a(r8-map-id-757af8f5ae5c5858b77f256d366a7825add93b04460816c2c67fcdf1d8e02cc3:232)
06-05 15:00:24.727 26042 26042 W LayerDrawable: 	at a8.t0.run(r8-map-id-757af8f5ae5c5858b77f256d366a7825add93b04460816c2c67fcdf1d8e02cc3:279)
06-05 15:00:24.727 26042 26042 W LayerDrawable: 	at helium314.keyboard.latin.InputView.f(r8-map-id-757af8f5ae5c5858b77f256d366a7825add93b04460816c2c67fcdf1d8e02cc3:39)
06-05 15:00:24.727 26042 26042 W LayerDrawable: 	at i7.c0.a(r8-map-id-757af8f5ae5c5858b77f256d366a7825add93b04460816c2c67fcdf1d8e02cc3:73)
06-05 15:00:24.727 26042 26042 W LayerDrawable: 	at i7.c0.P(r8-map-id-757af8f5ae5c5858b77f256d366a7825add93b04460816c2c67fcdf1d8e02cc3:118)
06-05 15:00:24.727 26042 26042 W LayerDrawable: 	at a8.e5.a(r8-map-id-757af8f5ae5c5858b77f256d366a7825add93b04460816c2c67fcdf1d8e02cc3:3)
06-05 15:00:24.727 26042 26042 W LayerDrawable: 	at a8.e3.onClick(r8-map-id-757af8f5ae5c5858b77f256d366a7825add93b04460816c2c67fcdf1d8e02cc3:209)
06-05 15:00:24.727 26042 26042 W LayerDrawable: 	at android.view.View.performClick(View.java:7488)
06-05 15:00:24.727 26042 26042 W LayerDrawable: 	at android.view.View.performClickInternal(View.java:7464)
06-05 15:00:24.727 26042 26042 W LayerDrawable: 	at android.view.View.access$3700(View.java:841)
06-05 15:00:24.727 26042 26042 W LayerDrawable: 	at android.view.View$PerformClick.run(View.java:28911)
06-05 15:00:24.727 26042 26042 W LayerDrawable: 	at android.os.Handler.handleCallback(Handler.java:938)
06-05 15:00:24.727 26042 26042 W LayerDrawable: 	at android.os.Handler.dispatchMessage(Handler.java:99)
06-05 15:00:24.727 26042 26042 W LayerDrawable: 	at android.os.Looper.loopOnce(Looper.java:233)
06-05 15:00:24.727 26042 26042 W LayerDrawable: 	at android.os.Looper.loop(Looper.java:344)
06-05 15:00:24.727 26042 26042 W LayerDrawable: 	at android.app.ActivityThread.main(ActivityThread.java:8212)
06-05 15:00:24.727 26042 26042 W LayerDrawable: 	at java.lang.reflect.Method.invoke(Native Method)
06-05 15:00:24.727 26042 26042 W LayerDrawable: 	at com.android.internal.os.RuntimeInit$MethodAndArgsCaller.run(RuntimeInit.java:584)
06-05 15:00:24.727 26042 26042 W LayerDrawable: 	at com.android.internal.os.ZygoteInit.main(ZygoteInit.java:1034)
06-05 15:00:24.743 26042 26042 W LayerDrawable: Invalid drawable added to LayerDrawable! Drawable already belongs to another owner but does not expose a constant state.
06-05 15:00:24.743 26042 26042 W LayerDrawable: java.lang.RuntimeException
06-05 15:00:24.743 26042 26042 W LayerDrawable: 	at android.graphics.drawable.LayerDrawable$ChildDrawable.<init>(LayerDrawable.java:1857)
06-05 15:00:24.743 26042 26042 W LayerDrawable: 	at android.graphics.drawable.LayerDrawable$LayerState.<init>(LayerDrawable.java:1977)
06-05 15:00:24.743 26042 26042 W LayerDrawable: 	at android.graphics.drawable.LayerDrawable.createConstantState(LayerDrawable.java:174)
06-05 15:00:24.743 26042 26042 W LayerDrawable: 	at android.graphics.drawable.LayerDrawable.mutate(LayerDrawable.java:1782)
06-05 15:00:24.743 26042 26042 W LayerDrawable: 	at helium314.keyboard.latin.InputView.g(r8-map-id-757af8f5ae5c5858b77f256d366a7825add93b04460816c2c67fcdf1d8e02cc3:551)
06-05 15:00:24.743 26042 26042 W LayerDrawable: 	at p7.x.a(r8-map-id-757af8f5ae5c5858b77f256d366a7825add93b04460816c2c67fcdf1d8e02cc3:232)
06-05 15:00:24.743 26042 26042 W LayerDrawable: 	at a8.t0.run(r8-map-id-757af8f5ae5c5858b77f256d366a7825add93b04460816c2c67fcdf1d8e02cc3:279)
06-05 15:00:24.743 26042 26042 W LayerDrawable: 	at helium314.keyboard.latin.InputView.f(r8-map-id-757af8f5ae5c5858b77f256d366a7825add93b04460816c2c67fcdf1d8e02cc3:39)
06-05 15:00:24.743 26042 26042 W LayerDrawable: 	at i7.c0.a(r8-map-id-757af8f5ae5c5858b77f256d366a7825add93b04460816c2c67fcdf1d8e02cc3:73)
06-05 15:00:24.743 26042 26042 W LayerDrawable: 	at a8.l3.onLayoutChange(r8-map-id-757af8f5ae5c5858b77f256d366a7825add93b04460816c2c67fcdf1d8e02cc3:39)
06-05 15:00:24.743 26042 26042 W LayerDrawable: 	at android.view.View.layout(View.java:23348)
06-05 15:00:24.743 26042 26042 W LayerDrawable: 	at android.view.ViewGroup.layout(ViewGroup.java:6505)
06-05 15:00:24.743 26042 26042 W LayerDrawable: 	at android.widget.FrameLayout.layoutChildren(FrameLayout.java:332)
06-05 15:00:24.743 26042 26042 W LayerDrawable: 	at android.widget.FrameLayout.onLayout(FrameLayout.java:270)
06-05 15:00:24.743 26042 26042 W LayerDrawable: 	at android.view.View.layout(View.java:23330)
06-05 15:00:24.743 26042 26042 W LayerDrawable: 	at android.view.ViewGroup.layout(ViewGroup.java:6505)
06-05 15:00:24.743 26042 26042 W LayerDrawable: 	at android.widget.FrameLayout.layoutChildren(FrameLayout.java:332)
06-05 15:00:24.743 26042 26042 W LayerDrawable: 	at android.widget.FrameLayout.onLayout(FrameLayout.java:270)
06-05 15:00:24.743 26042 26042 W LayerDrawable: 	at android.view.View.layout(View.java:23330)
06-05 15:00:24.743 26042 26042 W LayerDrawable: 	at android.view.ViewGroup.layout(ViewGroup.java:6505)
06-05 15:00:24.743 26042 26042 W LayerDrawable: 	at android.widget.LinearLayout.setChildFrame(LinearLayout.java:1841)
06-05 15:00:24.743 26042 26042 W LayerDrawable: 	at android.widget.LinearLayout.layoutVertical(LinearLayout.java:1673)
06-05 15:00:24.743 26042 26042 W LayerDrawable: 	at android.widget.LinearLayout.onLayout(LinearLayout.java:1582)
06-05 15:00:24.743 26042 26042 W LayerDrawable: 	at android.view.View.layout(View.java:23330)
06-05 15:00:24.743 26042 26042 W LayerDrawable: 	at android.view.ViewGroup.layout(ViewGroup.java:6505)
06-05 15:00:24.743 26042 26042 W LayerDrawable: 	at android.widget.FrameLayout.layoutChildren(FrameLayout.java:332)
06-05 15:00:24.743 26042 26042 W LayerDrawable: 	at android.widget.FrameLayout.onLayout(FrameLayout.java:270)
06-05 15:00:24.743 26042 26042 W LayerDrawable: 	at android.view.View.layout(View.java:23330)
06-05 15:00:24.743 26042 26042 W LayerDrawable: 	at android.view.ViewGroup.layout(ViewGroup.java:6505)
06-05 15:00:24.743 26042 26042 W LayerDrawable: 	at android.widget.LinearLayout.setChildFrame(LinearLayout.java:1841)
06-05 15:00:24.743 26042 26042 W LayerDrawable: 	at android.widget.LinearLayout.layoutVertical(LinearLayout.java:1673)
06-05 15:00:24.743 26042 26042 W LayerDrawable: 	at android.widget.LinearLayout.onLayout(LinearLayout.java:1582)
06-05 15:00:24.743 26042 26042 W LayerDrawable: 	at android.view.View.layout(View.java:23330)
06-05 15:00:24.743 26042 26042 W LayerDrawable: 	at android.view.ViewGroup.layout(ViewGroup.java:6505)
06-05 15:00:24.743 26042 26042 W LayerDrawable: 	at android.widget.FrameLayout.layoutChildren(FrameLayout.java:332)
06-05 15:00:24.743 26042 26042 W LayerDrawable: 	at android.widget.FrameLayout.onLayout(FrameLayout.java:270)
06-05 15:00:24.743 26042 26042 W LayerDrawable: 	at com.android.internal.policy.DecorView.onLayout(DecorView.java:873)
06-05 15:00:24.743 26042 26042 W LayerDrawable: 	at android.view.View.layout(View.java:23330)
06-05 15:00:24.743 26042 26042 W LayerDrawable: 	at android.view.ViewGroup.layout(ViewGroup.java:6505)
06-05 15:00:24.743 26042 26042 W LayerDrawable: 	at android.view.ViewRootImpl.performLayout(ViewRootImpl.java:3936)
06-05 15:00:24.743 26042 26042 W LayerDrawable: 	at android.view.ViewRootImpl.performTraversals(ViewRootImpl.java:3338)
06-05 15:00:24.743 26042 26042 W LayerDrawable: 	at android.view.ViewRootImpl.doTraversal(ViewRootImpl.java:2305)
06-05 15:00:24.743 26042 26042 W LayerDrawable: 	at android.view.ViewRootImpl$TraversalRunnable.run(ViewRootImpl.java:9133)
06-05 15:00:24.743 26042 26042 W LayerDrawable: 	at android.view.Choreographer$CallbackRecord.run(Choreographer.java:1232)
06-05 15:00:24.743 26042 26042 W LayerDrawable: 	at android.view.Choreographer.doCallbacks(Choreographer.java:1029)
06-05 15:00:24.743 26042 26042 W LayerDrawable: 	at android.view.Choreographer.doFrame(Choreographer.java:934)
06-05 15:00:24.743 26042 26042 W LayerDrawable: 	at android.view.Choreographer$FrameDisplayEventReceiver.run(Choreographer.java:1217)
06-05 15:00:24.743 26042 26042 W LayerDrawable: 	at android.os.Handler.handleCallback(Handler.java:938)
06-05 15:00:24.743 26042 26042 W LayerDrawable: 	at android.os.Handler.dispatchMessage(Handler.java:99)
06-05 15:00:24.743 26042 26042 W LayerDrawable: 	at android.os.Looper.loopOnce(Looper.java:233)
06-05 15:00:24.743 26042 26042 W LayerDrawable: 	at android.os.Looper.loop(Looper.java:344)
06-05 15:00:24.743 26042 26042 W LayerDrawable: 	at android.app.ActivityThread.main(ActivityThread.java:8212)
06-05 15:00:24.743 26042 26042 W LayerDrawable: 	at java.lang.reflect.Method.invoke(Native Method)
06-05 15:00:24.743 26042 26042 W LayerDrawable: 	at com.android.internal.os.RuntimeInit$MethodAndArgsCaller.run(RuntimeInit.java:584)
06-05 15:00:24.743 26042 26042 W LayerDrawable: 	at com.android.internal.os.ZygoteInit.main(ZygoteInit.java:1034)
06-05 15:00:24.753 26042 26042 W LayerDrawable: Invalid drawable added to LayerDrawable! Drawable already belongs to another owner but does not expose a constant state.
06-05 15:00:24.753 26042 26042 W LayerDrawable: java.lang.RuntimeException
06-05 15:00:24.753 26042 26042 W LayerDrawable: 	at android.graphics.drawable.LayerDrawable$ChildDrawable.<init>(LayerDrawable.java:1857)
06-05 15:00:24.753 26042 26042 W LayerDrawable: 	at android.graphics.drawable.LayerDrawable$LayerState.<init>(LayerDrawable.java:1977)
06-05 15:00:24.753 26042 26042 W LayerDrawable: 	at android.graphics.drawable.LayerDrawable.createConstantState(LayerDrawable.java:174)
06-05 15:00:24.753 26042 26042 W LayerDrawable: 	at android.graphics.drawable.LayerDrawable.mutate(LayerDrawable.java:1782)
06-05 15:00:24.753 26042 26042 W LayerDrawable: 	at helium314.keyboard.latin.InputView.g(r8-map-id-757af8f5ae5c5858b77f256d366a7825add93b04460816c2c67fcdf1d8e02cc3:551)
06-05 15:00:24.753 26042 26042 W LayerDrawable: 	at p7.x.a(r8-map-id-757af8f5ae5c5858b77f256d366a7825add93b04460816c2c67fcdf1d8e02cc3:232)
06-05 15:00:24.753 26042 26042 W LayerDrawable: 	at a8.t0.run(r8-map-id-757af8f5ae5c5858b77f256d366a7825add93b04460816c2c67fcdf1d8e02cc3:279)
06-05 15:00:24.753 26042 26042 W LayerDrawable: 	at helium314.keyboard.latin.InputView.f(r8-map-id-757af8f5ae5c5858b77f256d366a7825add93b04460816c2c67fcdf1d8e02cc3:39)
06-05 15:00:24.753 26042 26042 W LayerDrawable: 	at i7.c0.a(r8-map-id-757af8f5ae5c5858b77f256d366a7825add93b04460816c2c67fcdf1d8e02cc3:73)
06-05 15:00:24.753 26042 26042 W LayerDrawable: 	at a8.z0.run(r8-map-id-757af8f5ae5c5858b77f256d366a7825add93b04460816c2c67fcdf1d8e02cc3:411)
06-05 15:00:24.753 26042 26042 W LayerDrawable: 	at android.os.Handler.handleCallback(Handler.java:938)
06-05 15:00:24.753 26042 26042 W LayerDrawable: 	at android.os.Handler.dispatchMessage(Handler.java:99)
06-05 15:00:24.753 26042 26042 W LayerDrawable: 	at android.os.Looper.loopOnce(Looper.java:233)
06-05 15:00:24.753 26042 26042 W LayerDrawable: 	at android.os.Looper.loop(Looper.java:344)
06-05 15:00:24.753 26042 26042 W LayerDrawable: 	at android.app.ActivityThread.main(ActivityThread.java:8212)
06-05 15:00:24.753 26042 26042 W LayerDrawable: 	at java.lang.reflect.Method.invoke(Native Method)
06-05 15:00:24.753 26042 26042 W LayerDrawable: 	at com.android.internal.os.RuntimeInit$MethodAndArgsCaller.run(RuntimeInit.java:584)
06-05 15:00:24.753 26042 26042 W LayerDrawable: 	at com.android.internal.os.ZygoteInit.main(ZygoteInit.java:1034)
06-05 15:00:24.808  4781  4837 E Isolated Web Content: [JavaScript Error: "Cookie “ut-0” has been rejected because it is in a cross-site context and its “SameSite” is “Lax” or “Strict”." {file: "https://cm.rtbsystem.com/usermatch/ob?redirect=https%3A%2F%2Fsync.outbrain.com%2Fcookie-sync%3Fp%3Drtbsystem%26gdpr%3D0%26gdpr_consent%3D%26us_privacy%3D1---%26uid%3D%7Buserid%7D%26initiator%3Dob%26obUid%3DKgr__71z7mX2Oot4Xyj-1RO5aXwul_gWsvLhR-2UwgMRr-VQjy5CsElqUbyOAR4n" line: 0}]
06-05 15:00:24.905  4781  4837 W Isolated Web Content: [JavaScript Warning: "The value of the attribute “path” for the cookie “adtheorent[cuid]” has been overwritten." {file: "https://rtb.adentifi.com/CookieOutbrain?redirect=https%3A%2F%2Fsync.outbrain.com%2Fcookie-sync%3Fp%3Dadtheorent%26uid%3D%24%7BUSER%7D%26obUid%3DKgr__71z7mX2Oot4Xyj-1RO5aXwul_gWsvLhR-2UwgMRr-VQjy5CsElqUbyOAR4n%26gdpr%3D0%26gdpr_consent%3D%26us_privacy%3D1---%26initiator%3Dob" line: 0}]
06-05 15:00:24.988 32437 32454 W Isolated Web Content: [JavaScript Warning: "InstallTrigger is deprecated and will be removed in the future." {file: "https://static.foxnews.com/static/isa/app/lib/omtr_code.js" line: 2}]
06-05 15:00:25.004  5169  5169 E .keyboard:tab3: Unknown bits set in runtime_flags: 0x40000000
06-05 15:00:25.100  5169  5195 E GeckoLibLoad: Load sqlite start
06-05 15:00:25.102  5169  5195 E GeckoLibLoad: Load sqlite done
06-05 15:00:25.102  5169  5195 E GeckoLibLoad: Load nss start
06-05 15:00:25.102  5169  5195 E GeckoLibLoad: Load nss done
06-05 15:00:25.120  5169  5195 E GeckoLibLoad: Loaded libs in 17.311354ms total, 0ms(0ms) user, 16ms(14ms) system, 0(0) faults
06-05 15:00:25.120  5169  5195 W GeckoThread: zerdatime 362867981 - runGecko
06-05 15:00:25.241  4781  4837 E Isolated Web Content: [JavaScript Error: "Cookie “id” has been rejected for invalid domain." {file: "https://ad.yieldlab.net/mr?t=2&pid=9140838&gdpr=0&gdpr_consent=&r=https%3A%2F%2Fsync.outbrain.com%2Fcookie-sync%3Fp%3Dyieldlab%26obUid%3DKgr__71z7mX2Oot4Xyj-1RO5aXwul_gWsvLhR-2UwgMRr-VQjy5CsElqUbyOAR4n%26gdpr%3D0%26gdpr_consent%3D%26us_privacy%3D1---%26initiator%3Dob%26uid%3D%25%25YL_UID%25%25" line: 0}]
06-05 15:00:25.306 26042 26042 W GeckoEventDispatcher: No listener for GeckoView:DismissClipboardPermissionRequest
06-05 15:00:25.314 26042 26407 E GeckoConsole: [JavaScript Error: "TypeError: can't access property "WindowEventDispatcher", win is null" {file: "resource://gre/modules/GeckoViewSessionStore.sys.mjs" line: 149}]
06-05 15:00:25.314 26042 26407 E GeckoConsole: onTabStateUpdate@resource://gre/modules/GeckoViewSessionStore.sys.mjs:149:5
06-05 15:00:25.314 26042 26407 E GeckoConsole: updateSessionStoreFromTabListener@resource://gre/modules/GeckoViewSessionStore.sys.mjs:243:10
06-05 15:00:25.314 26042 26407 E GeckoConsole: SSF_updateSessionStore@resource://gre/modules/SessionStoreFunctions.sys.mjs:46:27
06-05 15:00:25.314 26042 26407 E GeckoConsole: UpdateSessionStore@resource://gre/modules/SessionStoreFunctions.sys.mjs:16:46
06-05 15:00:25.316 26042 26407 E GeckoConsole: [JavaScript Error: "TypeError: can't access property "WindowEventDispatcher", win is null" {file: "resource://gre/modules/GeckoViewSessionStore.sys.mjs" line: 149}]
06-05 15:00:25.316 26042 26407 E GeckoConsole: onTabStateUpdate@resource://gre/modules/GeckoViewSessionStore.sys.mjs:149:5
06-05 15:00:25.316 26042 26407 E GeckoConsole: updateSessionStoreFromTabListener@resource://gre/modules/GeckoViewSessionStore.sys.mjs:243:10
06-05 15:00:25.316 26042 26407 E GeckoConsole: SSF_updateSessionStore@resource://gre/modules/SessionStoreFunctions.sys.mjs:46:27
06-05 15:00:25.316 26042 26407 E GeckoConsole: UpdateSessionStore@resource://gre/modules/SessionStoreFunctions.sys.mjs:16:46
06-05 15:00:25.318 26042 26407 E GeckoConsole: [JavaScript Error: "TypeError: can't access property "WindowEventDispatcher", win is null" {file: "resource://gre/modules/GeckoViewSessionStore.sys.mjs" line: 149}]
06-05 15:00:25.318 26042 26407 E GeckoConsole: onTabStateUpdate@resource://gre/modules/GeckoViewSessionStore.sys.mjs:149:5
06-05 15:00:25.318 26042 26407 E GeckoConsole: updateSessionStoreFromTabListener@resource://gre/modules/GeckoViewSessionStore.sys.mjs:243:10
06-05 15:00:25.318 26042 26407 E GeckoConsole: SSF_updateSessionStore@resource://gre/modules/SessionStoreFunctions.sys.mjs:46:27
06-05 15:00:25.318 26042 26407 E GeckoConsole: UpdateSessionStore@resource://gre/modules/SessionStoreFunctions.sys.mjs:16:46
06-05 15:00:25.319 26042 26407 E GeckoConsole: [JavaScript Error: "TypeError: can't access property "WindowEventDispatcher", win is null" {file: "resource://gre/modules/GeckoViewSessionStore.sys.mjs" line: 149}]
06-05 15:00:25.319 26042 26407 E GeckoConsole: onTabStateUpdate@resource://gre/modules/GeckoViewSessionStore.sys.mjs:149:5
06-05 15:00:25.319 26042 26407 E GeckoConsole: updateSessionStoreFromTabListener@resource://gre/modules/GeckoViewSessionStore.sys.mjs:243:10
06-05 15:00:25.319 26042 26407 E GeckoConsole: SSF_updateSessionStore@resource://gre/modules/SessionStoreFunctions.sys.mjs:46:27
06-05 15:00:25.319 26042 26407 E GeckoConsole: UpdateSessionStore@resource://gre/modules/SessionStoreFunctions.sys.mjs:16:46
06-05 15:00:25.319 26042 26407 E GeckoConsole: [JavaScript Error: "TypeError: can't access property "WindowEventDispatcher", win is null" {file: "resource://gre/modules/GeckoViewSessionStore.sys.mjs" line: 149}]
06-05 15:00:25.319 26042 26407 E GeckoConsole: onTabStateUpdate@resource://gre/modules/GeckoViewSessionStore.sys.mjs:149:5
06-05 15:00:25.319 26042 26407 E GeckoConsole: updateSessionStoreFromTabListener@resource://gre/modules/GeckoViewSessionStore.sys.mjs:243:10
06-05 15:00:25.319 26042 26407 E GeckoConsole: SSF_updateSessionStore@resource://gre/modules/SessionStoreFunctions.sys.mjs:46:27
06-05 15:00:25.319 26042 26407 E GeckoConsole: UpdateSessionStore@resource://gre/modules/SessionStoreFunctions.sys.mjs:16:46
06-05 15:00:25.320 26042 26407 E GeckoConsole: [JavaScript Error: "TypeError: can't access property "WindowEventDispatcher", win is null" {file: "resource://gre/modules/GeckoViewSessionStore.sys.mjs" line: 149}]
06-05 15:00:25.320 26042 26407 E GeckoConsole: onTabStateUpdate@resource://gre/modules/GeckoViewSessionStore.sys.mjs:149:5
06-05 15:00:25.320 26042 26407 E GeckoConsole: updateSessionStoreFromTabListener@resource://gre/modules/GeckoViewSessionStore.sys.mjs:243:10
06-05 15:00:25.320 26042 26407 E GeckoConsole: SSF_updateSessionStore@resource://gre/modules/SessionStoreFunctions.sys.mjs:46:27
06-05 15:00:25.320 26042 26407 E GeckoConsole: UpdateSessionStore@resource://gre/modules/SessionStoreFunctions.sys.mjs:16:46
06-05 15:00:25.330 26042 26042 W LayerDrawable: Invalid drawable added to LayerDrawable! Drawable already belongs to another owner but does not expose a constant state.
06-05 15:00:25.330 26042 26042 W LayerDrawable: java.lang.RuntimeException
06-05 15:00:25.330 26042 26042 W LayerDrawable: 	at android.graphics.drawable.LayerDrawable$ChildDrawable.<init>(LayerDrawable.java:1857)
06-05 15:00:25.330 26042 26042 W LayerDrawable: 	at android.graphics.drawable.LayerDrawable$LayerState.<init>(LayerDrawable.java:1977)
06-05 15:00:25.330 26042 26042 W LayerDrawable: 	at android.graphics.drawable.LayerDrawable.createConstantState(LayerDrawable.java:174)
06-05 15:00:25.330 26042 26042 W LayerDrawable: 	at android.graphics.drawable.LayerDrawable.mutate(LayerDrawable.java:1782)
06-05 15:00:25.330 26042 26042 W LayerDrawable: 	at helium314.keyboard.latin.InputView.g(r8-map-id-757af8f5ae5c5858b77f256d366a7825add93b04460816c2c67fcdf1d8e02cc3:551)
06-05 15:00:25.330 26042 26042 W LayerDrawable: 	at p7.x.a(r8-map-id-757af8f5ae5c5858b77f256d366a7825add93b04460816c2c67fcdf1d8e02cc3:232)
06-05 15:00:25.330 26042 26042 W LayerDrawable: 	at a8.t0.run(r8-map-id-757af8f5ae5c5858b77f256d366a7825add93b04460816c2c67fcdf1d8e02cc3:279)
06-05 15:00:25.330 26042 26042 W LayerDrawable: 	at helium314.keyboard.latin.InputView.f(r8-map-id-757af8f5ae5c5858b77f256d366a7825add93b04460816c2c67fcdf1d8e02cc3:39)
06-05 15:00:25.330 26042 26042 W LayerDrawable: 	at i7.c0.a(r8-map-id-757af8f5ae5c5858b77f256d366a7825add93b04460816c2c67fcdf1d8e02cc3:73)
06-05 15:00:25.330 26042 26042 W LayerDrawable: 	at i7.c0.r(r8-map-id-757af8f5ae5c5858b77f256d366a7825add93b04460816c2c67fcdf1d8e02cc3:245)
06-05 15:00:25.330 26042 26042 W LayerDrawable: 	at x7.b.u(r8-map-id-757af8f5ae5c5858b77f256d366a7825add93b04460816c2c67fcdf1d8e02cc3:188)
06-05 15:00:25.330 26042 26042 W LayerDrawable: 	at helium314.keyboard.latin.LatinIME.l(r8-map-id-757af8f5ae5c5858b77f256d366a7825add93b04460816c2c67fcdf1d8e02cc3:36)
06-05 15:00:25.330 26042 26042 W LayerDrawable: 	at i7.m.a(r8-map-id-757af8f5ae5c5858b77f256d366a7825add93b04460816c2c67fcdf1d8e02cc3:262)
06-05 15:00:25.330 26042 26042 W LayerDrawable: 	at helium314.keyboard.latin.suggestions.SuggestionStripView.onClick(r8-map-id-757af8f5ae5c5858b77f256d366a7825add93b04460816c2c67fcdf1d8e02cc3:45)
06-05 15:00:25.330 26042 26042 W LayerDrawable: 	at android.view.View.performClick(View.java:7488)
06-05 15:00:25.330 26042 26042 W LayerDrawable: 	at android.view.View.performClickInternal(View.java:7464)
06-05 15:00:25.330 26042 26042 W LayerDrawable: 	at android.view.View.access$3700(View.java:841)
06-05 15:00:25.330 26042 26042 W LayerDrawable: 	at android.view.View$PerformClick.run(View.java:28911)
06-05 15:00:25.330 26042 26042 W LayerDrawable: 	at android.os.Handler.handleCallback(Handler.java:938)
06-05 15:00:25.330 26042 26042 W LayerDrawable: 	at android.os.Handler.dispatchMessage(Handler.java:99)
06-05 15:00:25.330 26042 26042 W LayerDrawable: 	at android.os.Looper.loopOnce(Looper.java:233)
06-05 15:00:25.330 26042 26042 W LayerDrawable: 	at android.os.Looper.loop(Looper.java:344)
06-05 15:00:25.330 26042 26042 W LayerDrawable: 	at android.app.ActivityThread.main(ActivityThread.java:8212)
06-05 15:00:25.330 26042 26042 W LayerDrawable: 	at java.lang.reflect.Method.invoke(Native Method)
06-05 15:00:25.330 26042 26042 W LayerDrawable: 	at com.android.internal.os.RuntimeInit$MethodAndArgsCaller.run(RuntimeInit.java:584)
06-05 15:00:25.330 26042 26042 W LayerDrawable: 	at com.android.internal.os.ZygoteInit.main(ZygoteInit.java:1034)
06-05 15:00:25.333 26042 26042 I VkPanels: ▶ open menu
06-05 15:00:25.351 26042 26042 W LayerDrawable: Invalid drawable added to LayerDrawable! Drawable already belongs to another owner but does not expose a constant state.
06-05 15:00:25.351 26042 26042 W LayerDrawable: java.lang.RuntimeException
06-05 15:00:25.351 26042 26042 W LayerDrawable: 	at android.graphics.drawable.LayerDrawable$ChildDrawable.<init>(LayerDrawable.java:1857)
06-05 15:00:25.351 26042 26042 W LayerDrawable: 	at android.graphics.drawable.LayerDrawable$LayerState.<init>(LayerDrawable.java:1977)
06-05 15:00:25.351 26042 26042 W LayerDrawable: 	at android.graphics.drawable.LayerDrawable.createConstantState(LayerDrawable.java:174)
06-05 15:00:25.351 26042 26042 W LayerDrawable: 	at android.graphics.drawable.LayerDrawable.mutate(LayerDrawable.java:1782)
06-05 15:00:25.351 26042 26042 W LayerDrawable: 	at helium314.keyboard.latin.InputView.g(r8-map-id-757af8f5ae5c5858b77f256d366a7825add93b04460816c2c67fcdf1d8e02cc3:551)
06-05 15:00:25.351 26042 26042 W LayerDrawable: 	at p7.x.a(r8-map-id-757af8f5ae5c5858b77f256d366a7825add93b04460816c2c67fcdf1d8e02cc3:232)
06-05 15:00:25.351 26042 26042 W LayerDrawable: 	at a8.t0.run(r8-map-id-757af8f5ae5c5858b77f256d366a7825add93b04460816c2c67fcdf1d8e02cc3:279)
06-05 15:00:25.351 26042 26042 W LayerDrawable: 	at helium314.keyboard.latin.InputView.f(r8-map-id-757af8f5ae5c5858b77f256d366a7825add93b04460816c2c67fcdf1d8e02cc3:39)
06-05 15:00:25.351 26042 26042 W LayerDrawable: 	at i7.c0.a(r8-map-id-757af8f5ae5c5858b77f256d366a7825add93b04460816c2c67fcdf1d8e02cc3:73)
06-05 15:00:25.351 26042 26042 W LayerDrawable: 	at a8.z0.run(r8-map-id-757af8f5ae5c5858b77f256d366a7825add93b04460816c2c67fcdf1d8e02cc3:411)
06-05 15:00:25.351 26042 26042 W LayerDrawable: 	at android.os.Handler.handleCallback(Handler.java:938)
06-05 15:00:25.351 26042 26042 W LayerDrawable: 	at android.os.Handler.dispatchMessage(Handler.java:99)
06-05 15:00:25.351 26042 26042 W LayerDrawable: 	at android.os.Looper.loopOnce(Looper.java:233)
06-05 15:00:25.351 26042 26042 W LayerDrawable: 	at android.os.Looper.loop(Looper.java:344)
06-05 15:00:25.351 26042 26042 W LayerDrawable: 	at android.app.ActivityThread.main(ActivityThread.java:8212)
06-05 15:00:25.351 26042 26042 W LayerDrawable: 	at java.lang.reflect.Method.invoke(Native Method)
06-05 15:00:25.351 26042 26042 W LayerDrawable: 	at com.android.internal.os.RuntimeInit$MethodAndArgsCaller.run(RuntimeInit.java:584)
06-05 15:00:25.351 26042 26042 W LayerDrawable: 	at com.android.internal.os.ZygoteInit.main(ZygoteInit.java:1034)
06-05 15:00:25.393 26042 26042 W com.vibekey.keyboard: type=1400 audit(0.0:165393): avc: denied { nlmsg_readpriv } for comm=536F636B657420546872656164 scontext=u:r:untrusted_app:s0:c100,c271,c512,c768 tcontext=u:r:untrusted_app:s0:c100,c271,c512,c768 tclass=netlink_route_socket permissive=0 bug=b/155595000 app=com.vibekey.keyboard
06-05 15:00:25.393 26042 26042 W com.vibekey.keyboard: type=1400 audit(0.0:165394): avc: denied { nlmsg_readpriv } for comm=536F636B657420546872656164 scontext=u:r:untrusted_app:s0:c100,c271,c512,c768 tcontext=u:r:untrusted_app:s0:c100,c271,c512,c768 tclass=netlink_route_socket permissive=0 bug=b/155595000 app=com.vibekey.keyboard
06-05 15:00:25.743 26042 26042 W com.vibekey.keyboard: type=1400 audit(0.0:165395): avc: denied { nlmsg_readpriv } for comm=536F636B657420546872656164 scontext=u:r:untrusted_app:s0:c100,c271,c512,c768 tcontext=u:r:untrusted_app:s0:c100,c271,c512,c768 tclass=netlink_route_socket permissive=0 bug=b/155595000 app=com.vibekey.keyboard
06-05 15:00:25.943 26042 26042 W com.vibekey.keyboard: type=1400 audit(0.0:165396): avc: denied { nlmsg_readpriv } for comm=536F636B657420546872656164 scontext=u:r:untrusted_app:s0:c100,c271,c512,c768 tcontext=u:r:untrusted_app:s0:c100,c271,c512,c768 tclass=netlink_route_socket permissive=0 bug=b/155595000 app=com.vibekey.keyboard
06-05 15:00:25.973 26042 26042 W com.vibekey.keyboard: type=1400 audit(0.0:165397): avc: denied { nlmsg_readpriv } for comm=536F636B657420546872656164 scontext=u:r:untrusted_app:s0:c100,c271,c512,c768 tcontext=u:r:untrusted_app:s0:c100,c271,c512,c768 tclass=netlink_route_socket permissive=0 bug=b/155595000 app=com.vibekey.keyboard
06-05 15:00:26.194  4781  4837 E Isolated Web Content: [JavaScript Error: "Cookie “sa-user-id” has been rejected for invalid domain." {file: "https://qvdt3feo.com/sync?nid=304&gdpr=0&gdpr_consent=&us_privacy=1---&initiator=ob&obuid=Kgr__71z7mX2Oot4Xyj-1RO5aXwul_gWsvLhR-2UwgMRr-VQjy5CsElqUbyOAR4n" line: 0}]
06-05 15:00:26.194  4781  4837 E Isolated Web Content: [JavaScript Error: "Cookie “sa-user-id-v2” has been rejected for invalid domain." {file: "https://qvdt3feo.com/sync?nid=304&gdpr=0&gdpr_consent=&us_privacy=1---&initiator=ob&obuid=Kgr__71z7mX2Oot4Xyj-1RO5aXwul_gWsvLhR-2UwgMRr-VQjy5CsElqUbyOAR4n" line: 0}]
06-05 15:00:26.195  4781  4837 E Isolated Web Content: [JavaScript Error: "Cookie “sa-user-id-v3” has been rejected for invalid domain." {file: "https://qvdt3feo.com/sync?nid=304&gdpr=0&gdpr_consent=&us_privacy=1---&initiator=ob&obuid=Kgr__71z7mX2Oot4Xyj-1RO5aXwul_gWsvLhR-2UwgMRr-VQjy5CsElqUbyOAR4n" line: 0}]
06-05 15:00:26.248 32437 32454 W Isolated Web Content: [JavaScript Warning: "The script from “https://www.foxnews.com/js/breakingNews.js?cb=202665160” was loaded even though its MIME type (“text/javsacript”) is not a valid JavaScript MIME type." {file: "https://www.foxnews.com/" line: 0}]
06-05 15:00:26.473 26042 26042 W com.vibekey.keyboard: type=1400 audit(0.0:165401): avc: denied { nlmsg_readpriv } for comm=536F636B657420546872656164 scontext=u:r:untrusted_app:s0:c100,c271,c512,c768 tcontext=u:r:untrusted_app:s0:c100,c271,c512,c768 tclass=netlink_route_socket permissive=0 bug=b/155595000 app=com.vibekey.keyboard
06-05 15:00:26.693 26042 26042 W com.vibekey.keyboard: type=1400 audit(0.0:165402): avc: denied { nlmsg_readpriv } for comm=536F636B657420546872656164 scontext=u:r:untrusted_app:s0:c100,c271,c512,c768 tcontext=u:r:untrusted_app:s0:c100,c271,c512,c768 tclass=netlink_route_socket permissive=0 bug=b/155595000 app=com.vibekey.keyboard
06-05 15:00:26.813 26042 26042 W com.vibekey.keyboard: type=1400 audit(0.0:165403): avc: denied { nlmsg_readpriv } for comm=536F636B657420546872656164 scontext=u:r:untrusted_app:s0:c100,c271,c512,c768 tcontext=u:r:untrusted_app:s0:c100,c271,c512,c768 tclass=netlink_route_socket permissive=0 bug=b/155595000 app=com.vibekey.keyboard
06-05 15:00:26.843 26042 26042 W com.vibekey.keyboard: type=1400 audit(0.0:165404): avc: denied { nlmsg_readpriv } for comm=536F636B657420546872656164 scontext=u:r:untrusted_app:s0:c100,c271,c512,c768 tcontext=u:r:untrusted_app:s0:c100,c271,c512,c768 tclass=netlink_route_socket permissive=0 bug=b/155595000 app=com.vibekey.keyboard
06-05 15:00:27.193 26042 26042 W com.vibekey.keyboard: type=1400 audit(0.0:165405): avc: denied { nlmsg_readpriv } for comm=536F636B657420546872656164 scontext=u:r:untrusted_app:s0:c100,c271,c512,c768 tcontext=u:r:untrusted_app:s0:c100,c271,c512,c768 tclass=netlink_route_socket permissive=0 bug=b/155595000 app=com.vibekey.keyboard
06-05 15:00:27.255   430   493 W Isolated Web Content: [JavaScript Warning: "Content-Security-Policy: Ignoring “'unsafe-inline'” within script-src: ‘strict-dynamic’ specified" {file: "https://www.google.com/recaptcha/api2/aframe" line: 0}]
06-05 15:00:27.255   430   493 W Isolated Web Content: [JavaScript Warning: "Content-Security-Policy: Ignoring “https:” within script-src: ‘strict-dynamic’ specified" {file: "https://www.google.com/recaptcha/api2/aframe" line: 0}]
06-05 15:00:27.255   430   493 W Isolated Web Content: [JavaScript Warning: "Content-Security-Policy: Ignoring “http:” within script-src: ‘strict-dynamic’ specified" {file: "https://www.google.com/recaptcha/api2/aframe" line: 0}]
06-05 15:00:27.255   430   493 W Isolated Web Content: [JavaScript Warning: "Content-Security-Policy: Ignoring “'unsafe-inline'” within script-src: nonce-source or hash-source specified" {file: "https://www.google.com/recaptcha/api2/aframe" line: 0}]
06-05 15:00:27.539  5169  5195 W Isolated Web Content: [JavaScript Warning: "WEBGL_debug_renderer_info is deprecated in Firefox and will be removed. Please use RENDERER." {file: "https://pagead2.googlesyndication.com/bg/F7BznUE9mSBUl2zLiQG7l40lqtefSwIRBxy_kmnCB94.js line 2 > eval line 410 > eval line 1 > eval line 1 > eval" line: 1}]
06-05 15:00:28.285 26042 26042 W GeckoEventDispatcher: No listener for GeckoView:DismissClipboardPermissionRequest
06-05 15:00:28.286 26042 26407 E GeckoConsole: [JavaScript Error: "TypeError: can't access property "WindowEventDispatcher", win is null" {file: "resource://gre/modules/GeckoViewSessionStore.sys.mjs" line: 149}]
06-05 15:00:28.286 26042 26407 E GeckoConsole: onTabStateUpdate@resource://gre/modules/GeckoViewSessionStore.sys.mjs:149:5
06-05 15:00:28.286 26042 26407 E GeckoConsole: updateSessionStoreFromTabListener@resource://gre/modules/GeckoViewSessionStore.sys.mjs:243:10
06-05 15:00:28.286 26042 26407 E GeckoConsole: SSF_updateSessionStore@resource://gre/modules/SessionStoreFunctions.sys.mjs:46:27
06-05 15:00:28.286 26042 26407 E GeckoConsole: UpdateSessionStore@resource://gre/modules/SessionStoreFunctions.sys.mjs:16:46
06-05 15:00:28.287 26042 26407 E GeckoConsole: [JavaScript Error: "TypeError: can't access property "WindowEventDispatcher", win is null" {file: "resource://gre/modules/GeckoViewSessionStore.sys.mjs" line: 149}]
06-05 15:00:28.287 26042 26407 E GeckoConsole: onTabStateUpdate@resource://gre/modules/GeckoViewSessionStore.sys.mjs:149:5
06-05 15:00:28.287 26042 26407 E GeckoConsole: updateSessionStoreFromTabListener@resource://gre/modules/GeckoViewSessionStore.sys.mjs:243:10
06-05 15:00:28.287 26042 26407 E GeckoConsole: SSF_updateSessionStore@resource://gre/modules/SessionStoreFunctions.sys.mjs:46:27
06-05 15:00:28.287 26042 26407 E GeckoConsole: UpdateSessionStore@resource://gre/modules/SessionStoreFunctions.sys.mjs:16:46
06-05 15:00:28.287 26042 26407 E GeckoConsole: [JavaScript Error: "TypeError: can't access property "WindowEventDispatcher", win is null" {file: "resource://gre/modules/GeckoViewSessionStore.sys.mjs" line: 149}]
06-05 15:00:28.287 26042 26407 E GeckoConsole: onTabStateUpdate@resource://gre/modules/GeckoViewSessionStore.sys.mjs:149:5
06-05 15:00:28.287 26042 26407 E GeckoConsole: updateSessionStoreFromTabListener@resource://gre/modules/GeckoViewSessionStore.sys.mjs:243:10
06-05 15:00:28.287 26042 26407 E GeckoConsole: SSF_updateSessionStore@resource://gre/modules/SessionStoreFunctions.sys.mjs:46:27
06-05 15:00:28.287 26042 26407 E GeckoConsole: UpdateSessionStore@resource://gre/modules/SessionStoreFunctions.sys.mjs:16:46
06-05 15:00:28.287 26042 26407 E GeckoConsole: [JavaScript Error: "TypeError: can't access property "WindowEventDispatcher", win is null" {file: "resource://gre/modules/GeckoViewSessionStore.sys.mjs" line: 149}]
06-05 15:00:28.287 26042 26407 E GeckoConsole: onTabStateUpdate@resource://gre/modules/GeckoViewSessionStore.sys.mjs:149:5
06-05 15:00:28.287 26042 26407 E GeckoConsole: updateSessionStoreFromTabListener@resource://gre/modules/GeckoViewSessionStore.sys.mjs:243:10
06-05 15:00:28.287 26042 26407 E GeckoConsole: SSF_updateSessionStore@resource://gre/modules/SessionStoreFunctions.sys.mjs:46:27
06-05 15:00:28.287 26042 26407 E GeckoConsole: UpdateSessionStore@resource://gre/modules/SessionStoreFunctions.sys.mjs:16:46
06-05 15:00:28.289 26042 26407 E GeckoConsole: [JavaScript Error: "TypeError: can't access property "WindowEventDispatcher", win is null" {file: "resource://gre/modules/GeckoViewSessionStore.sys.mjs" line: 149}]
06-05 15:00:28.289 26042 26407 E GeckoConsole: onTabStateUpdate@resource://gre/modules/GeckoViewSessionStore.sys.mjs:149:5
06-05 15:00:28.289 26042 26407 E GeckoConsole: updateSessionStoreFromTabListener@resource://gre/modules/GeckoViewSessionStore.sys.mjs:243:10
06-05 15:00:28.289 26042 26407 E GeckoConsole: SSF_updateSessionStore@resource://gre/modules/SessionStoreFunctions.sys.mjs:46:27
06-05 15:00:28.289 26042 26407 E GeckoConsole: UpdateSessionStore@resource://gre/modules/SessionStoreFunctions.sys.mjs:16:46
06-05 15:00:28.289 26042 26407 E GeckoConsole: [JavaScript Error: "TypeError: can't access property "WindowEventDispatcher", win is null" {file: "resource://gre/modules/GeckoViewSessionStore.sys.mjs" line: 149}]
06-05 15:00:28.289 26042 26407 E GeckoConsole: onTabStateUpdate@resource://gre/modules/GeckoViewSessionStore.sys.mjs:149:5
06-05 15:00:28.289 26042 26407 E GeckoConsole: updateSessionStoreFromTabListener@resource://gre/modules/GeckoViewSessionStore.sys.mjs:243:10
06-05 15:00:28.289 26042 26407 E GeckoConsole: SSF_updateSessionStore@resource://gre/modules/SessionStoreFunctions.sys.mjs:46:27
06-05 15:00:28.289 26042 26407 E GeckoConsole: UpdateSessionStore@resource://gre/modules/SessionStoreFunctions.sys.mjs:16:46
06-05 15:00:28.289 26042 26407 E GeckoConsole: [JavaScript Error: "TypeError: can't access property "WindowEventDispatcher", win is null" {file: "resource://gre/modules/GeckoViewSessionStore.sys.mjs" line: 149}]
06-05 15:00:28.289 26042 26407 E GeckoConsole: onTabStateUpdate@resource://gre/modules/GeckoViewSessionStore.sys.mjs:149:5
06-05 15:00:28.289 26042 26407 E GeckoConsole: updateSessionStoreFromTabListener@resource://gre/modules/GeckoViewSessionStore.sys.mjs:243:10
06-05 15:00:28.289 26042 26407 E GeckoConsole: SSF_updateSessionStore@resource://gre/modules/SessionStoreFunctions.sys.mjs:46:27
06-05 15:00:28.289 26042 26407 E GeckoConsole: UpdateSessionStore@resource://gre/modules/SessionStoreFunctions.sys.mjs:16:46
06-05 15:00:28.289 26042 26407 E GeckoConsole: [JavaScript Error: "TypeError: can't access property "WindowEventDispatcher", win is null" {file: "resource://gre/modules/GeckoViewSessionStore.sys.mjs" line: 149}]
06-05 15:00:28.289 26042 26407 E GeckoConsole: onTabStateUpdate@resource://gre/modules/GeckoViewSessionStore.sys.mjs:149:5
06-05 15:00:28.289 26042 26407 E GeckoConsole: updateSessionStoreFromTabListener@resource://gre/modules/GeckoViewSessionStore.sys.mjs:243:10
06-05 15:00:28.289 26042 26407 E GeckoConsole: SSF_updateSessionStore@resource://gre/modules/SessionStoreFunctions.sys.mjs:46:27
06-05 15:00:28.289 26042 26407 E GeckoConsole: UpdateSessionStore@resource://gre/modules/SessionStoreFunctions.sys.mjs:16:46
06-05 15:00:28.303 26042 26042 W LayerDrawable: Invalid drawable added to LayerDrawable! Drawable already belongs to another owner but does not expose a constant state.
06-05 15:00:28.303 26042 26042 W LayerDrawable: java.lang.RuntimeException
06-05 15:00:28.303 26042 26042 W LayerDrawable: 	at android.graphics.drawable.LayerDrawable$ChildDrawable.<init>(LayerDrawable.java:1857)
06-05 15:00:28.303 26042 26042 W LayerDrawable: 	at android.graphics.drawable.LayerDrawable$LayerState.<init>(LayerDrawable.java:1977)
06-05 15:00:28.303 26042 26042 W LayerDrawable: 	at android.graphics.drawable.LayerDrawable.createConstantState(LayerDrawable.java:174)
06-05 15:00:28.303 26042 26042 W LayerDrawable: 	at android.graphics.drawable.LayerDrawable.mutate(LayerDrawable.java:1782)
06-05 15:00:28.303 26042 26042 W LayerDrawable: 	at helium314.keyboard.latin.InputView.g(r8-map-id-757af8f5ae5c5858b77f256d366a7825add93b04460816c2c67fcdf1d8e02cc3:551)
06-05 15:00:28.303 26042 26042 W LayerDrawable: 	at p7.x.a(r8-map-id-757af8f5ae5c5858b77f256d366a7825add93b04460816c2c67fcdf1d8e02cc3:232)
06-05 15:00:28.303 26042 26042 W LayerDrawable: 	at a8.t0.run(r8-map-id-757af8f5ae5c5858b77f256d366a7825add93b04460816c2c67fcdf1d8e02cc3:279)
