--------- beginning of system
06-04 11:41:26.225 21654 21654 E OplusCustomizeRestrictionManager: sInstance is null, start a new sInstance
06-04 11:44:02.823 31155 31155 E OplusCustomizeRestrictionManager: sInstance is null, start a new sInstance
06-04 11:44:17.070 32704 32704 E OplusCustomizeRestrictionManager: sInstance is null, start a new sInstance
--------- beginning of main
06-04 11:44:20.892 32704 32704 W View    : requestLayout() improperly called by helium314.keyboard.latin.panels.BrowserPanelView{fed1016 V.E...... ......ID 0,0-1440,2040} during layout: running second layout pass
06-04 11:44:20.900 32704 32704 W View    : requestLayout() improperly called by helium314.keyboard.latin.panels.BrowserPanelView{fed1016 V.E...... ........ 0,0-1440,2040} during second layout pass: posting in next frame
06-04 11:44:20.904 24165  1565 E OplusACodec: [GetVideoCodingTypeFromMime:L1162] mime:video/avc
06-04 11:44:20.920 32704 32704 W View    : requestLayout() improperly called by helium314.keyboard.latin.panels.BrowserPanelView{fed1016 V.E...... ......ID 0,0-1440,2040} during layout: running second layout pass
06-04 11:44:20.930 32704 32704 W View    : requestLayout() improperly called by helium314.keyboard.latin.panels.BrowserPanelView{fed1016 V.E...... ......ID 0,0-1440,2040} during second layout pass: posting in next frame
06-04 11:44:20.932 32704 32704 W View    : requestLayout() improperly called by helium314.keyboard.latin.panels.BrowserPanelView{fed1016 V.E...... ......ID 0,0-1440,2040} during layout: running second layout pass
06-04 11:44:20.941 32704 32704 W View    : requestLayout() improperly called by helium314.keyboard.latin.panels.BrowserPanelView{fed1016 V.E...... ........ 0,0-1440,2040} during second layout pass: posting in next frame
06-04 11:44:20.943 32704 32704 W View    : requestLayout() improperly called by helium314.keyboard.latin.panels.BrowserPanelView{fed1016 V.E...... ......ID 0,0-1440,2040} during layout: running second layout pass
06-04 11:44:20.958 32704 32704 W View    : requestLayout() improperly called by helium314.keyboard.latin.panels.BrowserPanelView{fed1016 V.E...... ........ 0,0-1440,2040} during second layout pass: posting in next frame
06-04 11:44:20.960 32704 32704 W View    : requestLayout() improperly called by helium314.keyboard.latin.panels.BrowserPanelView{fed1016 V.E...... ......ID 0,0-1440,2040} during layout: running second layout pass
06-04 11:44:20.968 32704 32704 W View    : requestLayout() improperly called by helium314.keyboard.latin.panels.BrowserPanelView{fed1016 V.E...... ........ 0,0-1440,2040} during second layout pass: posting in next frame
06-04 11:44:20.974 24165 24183 W libc    : Access denied finding property "vendor.oplus.media.vpp.stutter"
06-04 11:44:20.974 24165 24183 E MULTIMEDIAConfig: [getInt32:L80] Not find config, Returning default
06-04 11:44:20.974 24165 24183 E MULTIMEDIAConfig: [getInt32:L80] Not find config, Returning default
06-04 11:44:20.974 24165 24183 E OplusACodec: [OplusACodec:204] mSrOsieMMListCheckResult:0x0 mOsieVersion:1
06-04 11:44:20.974 32704 32704 W View    : requestLayout() improperly called by helium314.keyboard.latin.panels.BrowserPanelView{fed1016 V.E...... ......ID 0,0-1440,2040} during layout: running second layout pass
06-04 11:44:20.980 32704 32704 W View    : requestLayout() improperly called by helium314.keyboard.latin.panels.BrowserPanelView{fed1016 V.E...... ........ 0,0-1440,2040} during second layout pass: posting in next frame
06-04 11:44:20.992 32704 32704 W View    : requestLayout() improperly called by helium314.keyboard.latin.panels.BrowserPanelView{fed1016 V.E...... ......ID 0,0-1440,2040} during layout: running second layout pass
06-04 11:44:20.997 32704 32704 W View    : requestLayout() improperly called by helium314.keyboard.latin.panels.BrowserPanelView{fed1016 V.E...... ........ 0,0-1440,2040} during second layout pass: posting in next frame
06-04 11:44:21.007 32704 32704 W View    : requestLayout() improperly called by helium314.keyboard.latin.panels.BrowserPanelView{fed1016 V.E...... ......ID 0,0-1440,2040} during layout: running second layout pass
06-04 11:44:21.011 24165  1578 E OplusACodec: [GetVideoCodingTypeFromMime:L1162] mime:video/avc
06-04 11:44:21.021 32704 32704 W View    : requestLayout() improperly called by helium314.keyboard.latin.panels.BrowserPanelView{fed1016 V.E...... ........ 0,0-1440,2040} during second layout pass: posting in next frame
06-04 11:44:21.026 32704 32704 W View    : requestLayout() improperly called by helium314.keyboard.latin.panels.BrowserPanelView{fed1016 V.E...... ......ID 0,0-1440,2040} during layout: running second layout pass
06-04 11:44:21.038 32704 32704 W View    : requestLayout() improperly called by helium314.keyboard.latin.panels.BrowserPanelView{fed1016 V.E...... ........ 0,0-1440,2040} during second layout pass: posting in next frame
06-04 11:44:21.041 32704 32704 W View    : requestLayout() improperly called by helium314.keyboard.latin.panels.BrowserPanelView{fed1016 V.E...... ......ID 0,0-1440,2040} during layout: running second layout pass
06-04 11:44:21.055 32704 32704 W View    : requestLayout() improperly called by helium314.keyboard.latin.panels.BrowserPanelView{fed1016 V.E...... ........ 0,0-1440,2040} during second layout pass: posting in next frame
06-04 11:44:21.059 32704 32704 W View    : requestLayout() improperly called by helium314.keyboard.latin.panels.BrowserPanelView{fed1016 V.E...... ......ID 0,0-1440,2040} during layout: running second layout pass
06-04 11:44:21.067 24165 24969 W libc    : Access denied finding property "vendor.oplus.media.vpp.stutter"
06-04 11:44:21.075 32704 32704 W View    : requestLayout() improperly called by helium314.keyboard.latin.panels.BrowserPanelView{fed1016 V.E...... ........ 0,0-1440,2040} during second layout pass: posting in next frame
06-04 11:44:21.077 32704 32704 W View    : requestLayout() improperly called by helium314.keyboard.latin.panels.BrowserPanelView{fed1016 V.E...... ......ID 0,0-1440,2040} during layout: running second layout pass
06-04 11:44:21.088 32704 32704 W View    : requestLayout() improperly called by helium314.keyboard.latin.panels.BrowserPanelView{fed1016 V.E...... ........ 0,0-1440,2040} during second layout pass: posting in next frame
06-04 11:44:21.076 32704 32704 W com.vibekey.keyboard: type=1400 audit(0.0:113158): avc: denied { nlmsg_readpriv } for comm=536F636B657420546872656164 scontext=u:r:untrusted_app:s0:c82,c271,c512,c768 tcontext=u:r:untrusted_app:s0:c82,c271,c512,c768 tclass=netlink_route_socket permissive=0 bug=b/155595000 app=com.vibekey.keyboard
06-04 11:44:21.091 32704 32704 W View    : requestLayout() improperly called by helium314.keyboard.latin.panels.BrowserPanelView{fed1016 V.E...... ......ID 0,0-1440,2040} during layout: running second layout pass
06-04 11:44:21.110 32704 32704 W View    : requestLayout() improperly called by helium314.keyboard.latin.panels.BrowserPanelView{fed1016 V.E...... ........ 0,0-1440,2040} during second layout pass: posting in next frame
06-04 11:44:21.119 32704 32704 W View    : requestLayout() improperly called by helium314.keyboard.latin.panels.BrowserPanelView{fed1016 V.E...... ......ID 0,0-1440,2040} during layout: running second layout pass
06-04 11:44:21.120 24165  1594 W Codec2Client: query -- param skipped: index = 1107298332.
06-04 11:44:21.123 24165  1594 W Codec2Client: query -- param skipped: index = 1342179345.
06-04 11:44:21.123 24165  1594 W Codec2Client: query -- param skipped: index = 2415921170.
06-04 11:44:21.123 24165  1594 W Codec2Client: query -- param skipped: index = 1610614798.
06-04 11:44:21.131 32704 32704 W View    : requestLayout() improperly called by helium314.keyboard.latin.panels.BrowserPanelView{fed1016 V.E...... .......D 0,0-1440,2040} during second layout pass: posting in next frame
06-04 11:44:21.133 32704 32704 W View    : requestLayout() improperly called by helium314.keyboard.latin.panels.BrowserPanelView{fed1016 V.E...... ......ID 0,0-1440,2040} during layout: running second layout pass
06-04 11:44:21.144 24165 32683 W libc    : Access denied finding property "vendor.oplus.media.vpp.stutter"
06-04 11:44:21.144 24165 32683 E MULTIMEDIAConfig: [getInt32:L80] Not find config, Returning default
06-04 11:44:21.144 24165 32683 E MULTIMEDIAConfig: [getInt32:L80] Not find config, Returning default
06-04 11:44:21.144 24165 32683 E OplusACodec: [OplusACodec:204] mSrOsieMMListCheckResult:0x0 mOsieVersion:1
06-04 11:44:21.146 32704 32704 W View    : requestLayout() improperly called by helium314.keyboard.latin.panels.BrowserPanelView{fed1016 V.E...... ........ 0,0-1440,2040} during second layout pass: posting in next frame
06-04 11:44:21.148 32704 32704 W View    : requestLayout() improperly called by helium314.keyboard.latin.panels.BrowserPanelView{fed1016 V.E...... ......ID 0,0-1440,2040} during layout: running second layout pass
06-04 11:44:21.158 32704 32704 W GeckoSession: No history entries found.
06-04 11:44:21.159 32704 32704 W View    : requestLayout() improperly called by helium314.keyboard.latin.panels.BrowserPanelView{fed1016 V.E...... ........ 0,0-1440,2040} during second layout pass: posting in next frame
06-04 11:44:21.162 32704 32704 W View    : requestLayout() improperly called by helium314.keyboard.latin.panels.BrowserPanelView{fed1016 V.E...... ......ID 0,0-1440,2040} during layout: running second layout pass
06-04 11:44:21.168 32704 32704 W View    : requestLayout() improperly called by helium314.keyboard.latin.panels.BrowserPanelView{fed1016 V.E...... ........ 0,0-1440,2040} during second layout pass: posting in next frame
06-04 11:44:21.174 32704 32704 W View    : requestLayout() improperly called by helium314.keyboard.latin.panels.BrowserPanelView{fed1016 V.E...... ......ID 0,0-1440,2040} during layout: running second layout pass
06-04 11:44:21.180 24165  1615 E OplusACodec: [GetVideoCodingTypeFromMime:L1162] mime:video/avc
06-04 11:44:21.181 32704 32704 W View    : requestLayout() improperly called by helium314.keyboard.latin.panels.BrowserPanelView{fed1016 V.E...... ........ 0,0-1440,2040} during second layout pass: posting in next frame
06-04 11:44:21.191 32704 32704 W View    : requestLayout() improperly called by helium314.keyboard.latin.panels.BrowserPanelView{fed1016 V.E...... ......ID 0,0-1440,2040} during layout: running second layout pass
06-04 11:44:21.208 32704 32704 W View    : requestLayout() improperly called by helium314.keyboard.latin.panels.BrowserPanelView{fed1016 V.E...... ........ 0,0-1440,2040} during second layout pass: posting in next frame
06-04 11:44:21.212 32704 32704 W View    : requestLayout() improperly called by helium314.keyboard.latin.panels.BrowserPanelView{fed1016 V.E...... ......I. 0,0-1440,2040} during layout: running second layout pass
06-04 11:44:21.225 32704 32704 W View    : requestLayout() improperly called by helium314.keyboard.latin.panels.BrowserPanelView{fed1016 V.E...... ........ 0,0-1440,2040} during second layout pass: posting in next frame
06-04 11:44:21.227 32704 32704 W View    : requestLayout() improperly called by helium314.keyboard.latin.panels.BrowserPanelView{fed1016 V.E...... ......I. 0,0-1440,2040} during layout: running second layout pass
06-04 11:44:21.234 32704 32704 W View    : requestLayout() improperly called by helium314.keyboard.latin.panels.BrowserPanelView{fed1016 V.E...... ........ 0,0-1440,2040} during second layout pass: posting in next frame
06-04 11:44:21.241 24165  1546 W Codec2Client: query -- param skipped: index = 1342179345.
06-04 11:44:21.241 24165  1546 W Codec2Client: query -- param skipped: index = 2415921170.
06-04 11:44:21.241 24165  1546 W Codec2Client: query -- param skipped: index = 1610614798.
06-04 11:44:21.242 32704 32704 W View    : requestLayout() improperly called by helium314.keyboard.latin.panels.BrowserPanelView{fed1016 V.E...... ......I. 0,0-1440,2040} during layout: running second layout pass
06-04 11:44:21.258 32704 32704 W View    : requestLayout() improperly called by helium314.keyboard.latin.panels.BrowserPanelView{fed1016 V.E...... ........ 0,0-1440,2040} during second layout pass: posting in next frame
06-04 11:44:21.261 32704 32704 W View    : requestLayout() improperly called by helium314.keyboard.latin.panels.BrowserPanelView{fed1016 V.E...... ......I. 0,0-1440,2040} during layout: running second layout pass
06-04 11:44:21.267 32704 32704 W View    : requestLayout() improperly called by helium314.keyboard.latin.panels.BrowserPanelView{fed1016 V.E...... .......D 0,0-1440,2040} during second layout pass: posting in next frame
06-04 11:44:21.277 32704 32704 W View    : requestLayout() improperly called by helium314.keyboard.latin.panels.BrowserPanelView{fed1016 V.E...... ......ID 0,0-1440,2040} during layout: running second layout pass
06-04 11:44:21.283 32704 32704 W View    : requestLayout() improperly called by helium314.keyboard.latin.panels.BrowserPanelView{fed1016 V.E...... ........ 0,0-1440,2040} during second layout pass: posting in next frame
06-04 11:44:21.291 32704 32704 W View    : requestLayout() improperly called by helium314.keyboard.latin.panels.BrowserPanelView{fed1016 V.E...... ......I. 0,0-1440,2040} during layout: running second layout pass
06-04 11:44:21.298 32704 32704 W View    : requestLayout() improperly called by helium314.keyboard.latin.panels.BrowserPanelView{fed1016 V.E...... ........ 0,0-1440,2040} during second layout pass: posting in next frame
06-04 11:44:21.308 32704 32704 W View    : requestLayout() improperly called by helium314.keyboard.latin.panels.BrowserPanelView{fed1016 V.E...... ......I. 0,0-1440,2040} during layout: running second layout pass
06-04 11:44:21.319 32704 32704 W View    : requestLayout() improperly called by helium314.keyboard.latin.panels.BrowserPanelView{fed1016 V.E...... ........ 0,0-1440,2040} during second layout pass: posting in next frame
06-04 11:44:21.325 32704 32704 W View    : requestLayout() improperly called by helium314.keyboard.latin.panels.BrowserPanelView{fed1016 V.E...... ......I. 0,0-1440,2040} during layout: running second layout pass
06-04 11:44:21.330 24165 24203 W libc    : Access denied finding property "vendor.oplus.media.vpp.stutter"
06-04 11:44:21.330 24165 24203 E MULTIMEDIAConfig: [getInt32:L80] Not find config, Returning default
06-04 11:44:21.330 24165 24203 E MULTIMEDIAConfig: [getInt32:L80] Not find config, Returning default
06-04 11:44:21.330 24165 24203 E OplusACodec: [OplusACodec:204] mSrOsieMMListCheckResult:0x0 mOsieVersion:1
06-04 11:44:21.334 32704 32704 W View    : requestLayout() improperly called by helium314.keyboard.latin.panels.BrowserPanelView{fed1016 V.E...... ........ 0,0-1440,2040} during second layout pass: posting in next frame
06-04 11:44:21.341 32704 32704 W View    : requestLayout() improperly called by helium314.keyboard.latin.panels.BrowserPanelView{fed1016 V.E...... ......I. 0,0-1440,2040} during layout: running second layout pass
06-04 11:44:21.350 32704 32704 W View    : requestLayout() improperly called by helium314.keyboard.latin.panels.BrowserPanelView{fed1016 V.E...... ........ 0,0-1440,2040} during second layout pass: posting in next frame
06-04 11:44:21.346 32704 32704 W com.vibekey.keyboard: type=1400 audit(0.0:113159): avc: denied { nlmsg_readpriv } for comm=536F636B657420546872656164 scontext=u:r:untrusted_app:s0:c82,c271,c512,c768 tcontext=u:r:untrusted_app:s0:c82,c271,c512,c768 tclass=netlink_route_socket permissive=0 bug=b/155595000 app=com.vibekey.keyboard
06-04 11:44:21.358 32704 32704 W View    : requestLayout() improperly called by helium314.keyboard.latin.panels.BrowserPanelView{fed1016 V.E...... ......I. 0,0-1440,2040} during layout: running second layout pass
06-04 11:44:21.365 32704 32704 W View    : requestLayout() improperly called by helium314.keyboard.latin.panels.BrowserPanelView{fed1016 V.E...... ........ 0,0-1440,2040} during second layout pass: posting in next frame
06-04 11:44:21.369 24165  1627 E OplusACodec: [GetVideoCodingTypeFromMime:L1162] mime:video/avc
06-04 11:44:21.376 32704 32704 W View    : requestLayout() improperly called by helium314.keyboard.latin.panels.BrowserPanelView{fed1016 V.E...... ......I. 0,0-1440,2040} during layout: running second layout pass
06-04 11:44:21.389 32704 32704 W View    : requestLayout() improperly called by helium314.keyboard.latin.panels.BrowserPanelView{fed1016 V.E...... ........ 0,0-1440,2040} during second layout pass: posting in next frame
06-04 11:44:21.392 32704 32704 W View    : requestLayout() improperly called by helium314.keyboard.latin.panels.BrowserPanelView{fed1016 V.E...... ......ID 0,0-1440,2040} during layout: running second layout pass
06-04 11:44:21.400 32704 32704 W View    : requestLayout() improperly called by helium314.keyboard.latin.panels.BrowserPanelView{fed1016 V.E...... ........ 0,0-1440,2040} during second layout pass: posting in next frame
06-04 11:44:21.413 32704 32704 W View    : requestLayout() improperly called by helium314.keyboard.latin.panels.BrowserPanelView{fed1016 V.E...... ......ID 0,0-1440,2040} during layout: running second layout pass
06-04 11:44:21.418 32704 32704 W View    : requestLayout() improperly called by helium314.keyboard.latin.panels.BrowserPanelView{fed1016 V.E...... ........ 0,0-1440,2040} during second layout pass: posting in next frame
06-04 11:44:21.425 32704 32704 W View    : requestLayout() improperly called by helium314.keyboard.latin.panels.BrowserPanelView{fed1016 V.E...... ......ID 0,0-1440,2040} during layout: running second layout pass
06-04 11:44:21.435  1644  1644 E .keyboard:tab1: Unknown bits set in runtime_flags: 0x40000000
06-04 11:44:21.438 32704 32704 W View    : requestLayout() improperly called by helium314.keyboard.latin.panels.BrowserPanelView{fed1016 V.E...... .......D 0,0-1440,2040} during second layout pass: posting in next frame
06-04 11:44:21.442 32704 32704 W View    : requestLayout() improperly called by helium314.keyboard.latin.panels.BrowserPanelView{fed1016 V.E...... ......ID 0,0-1440,2040} during layout: running second layout pass
06-04 11:44:21.450 32704 32704 W View    : requestLayout() improperly called by helium314.keyboard.latin.panels.BrowserPanelView{fed1016 V.E...... ........ 0,0-1440,2040} during second layout pass: posting in next frame
06-04 11:44:21.458 32704 32704 W View    : requestLayout() improperly called by helium314.keyboard.latin.panels.BrowserPanelView{fed1016 V.E...... ......ID 0,0-1440,2040} during layout: running second layout pass
06-04 11:44:21.468 32704 32704 W View    : requestLayout() improperly called by helium314.keyboard.latin.panels.BrowserPanelView{fed1016 V.E...... ........ 0,0-1440,2040} during second layout pass: posting in next frame
06-04 11:44:21.475 32704 32704 W View    : requestLayout() improperly called by helium314.keyboard.latin.panels.BrowserPanelView{fed1016 V.E...... ......ID 0,0-1440,2040} during layout: running second layout pass
06-04 11:44:21.489 32704 32704 W View    : requestLayout() improperly called by helium314.keyboard.latin.panels.BrowserPanelView{fed1016 V.E...... ........ 0,0-1440,2040} during second layout pass: posting in next frame
06-04 11:44:21.491 32704 32704 W View    : requestLayout() improperly called by helium314.keyboard.latin.panels.BrowserPanelView{fed1016 V.E...... ......ID 0,0-1440,2040} during layout: running second layout pass
06-04 11:44:21.486 32704 32704 W com.vibekey.keyboard: type=1400 audit(0.0:113161): avc: denied { nlmsg_readpriv } for comm=536F636B657420546872656164 scontext=u:r:untrusted_app:s0:c82,c271,c512,c768 tcontext=u:r:untrusted_app:s0:c82,c271,c512,c768 tclass=netlink_route_socket permissive=0 bug=b/155595000 app=com.vibekey.keyboard
06-04 11:44:21.500  1104  1121 E Isolated Web Content: [JavaScript Error: "Cookie “_cookie_test” has been rejected for invalid domain." {file: "https://www.cnn.com/" line: 0}]
06-04 11:44:21.501  1104  1121 E Isolated Web Content: [JavaScript Error: "Cookie “_cookie_test” has been rejected for invalid domain." {file: "https://www.cnn.com/" line: 0}]
06-04 11:44:21.506  1104  1121 E Isolated Web Content: [JavaScript Error: "Cookie “_cookie_test” has been rejected for invalid domain." {file: "https://www.cnn.com/" line: 0}]
06-04 11:44:21.507 32704 32704 W View    : requestLayout() improperly called by helium314.keyboard.latin.panels.BrowserPanelView{fed1016 V.E...... ........ 0,0-1440,2040} during second layout pass: posting in next frame
06-04 11:44:21.508  1104  1121 E Isolated Web Content: [JavaScript Error: "Cookie “_cookie_test” has been rejected for invalid domain." {file: "https://www.cnn.com/" line: 0}]
06-04 11:44:21.508 32704 32704 W View    : requestLayout() improperly called by helium314.keyboard.latin.panels.BrowserPanelView{fed1016 V.E...... ......ID 0,0-1440,2040} during layout: running second layout pass
06-04 11:44:21.509  1104  1121 E Isolated Web Content: [JavaScript Error: "Cookie “_cookie_test” has been rejected for invalid domain." {file: "https://www.cnn.com/" line: 0}]
06-04 11:44:21.510  1104  1121 E Isolated Web Content: [JavaScript Error: "Cookie “_cookie_test” has been rejected for invalid domain." {file: "https://www.cnn.com/" line: 0}]
06-04 11:44:21.513 32704 32704 W View    : requestLayout() improperly called by helium314.keyboard.latin.panels.BrowserPanelView{fed1016 V.E...... ........ 0,0-1440,2040} during second layout pass: posting in next frame
06-04 11:44:21.525 32704 32704 W View    : requestLayout() improperly called by helium314.keyboard.latin.panels.BrowserPanelView{fed1016 V.E...... ......ID 0,0-1440,2040} during layout: running second layout pass
06-04 11:44:21.526  1644  1674 E GeckoLibLoad: Load sqlite start
06-04 11:44:21.527  1644  1674 E GeckoLibLoad: Load sqlite done
06-04 11:44:21.527  1644  1674 E GeckoLibLoad: Load nss start
06-04 11:44:21.527  1644  1674 E GeckoLibLoad: Load nss done
06-04 11:44:21.533  1104  1121 E Isolated Web Content: [JavaScript Error: "Cookie “_cookie_test” has been rejected for invalid domain." {file: "https://www.cnn.com/" line: 0}]
06-04 11:44:21.534  1104  1121 E Isolated Web Content: [JavaScript Error: "Cookie “_cookie_test” has been rejected for invalid domain." {file: "https://www.cnn.com/" line: 0}]
06-04 11:44:21.537 32704 32704 W View    : requestLayout() improperly called by helium314.keyboard.latin.panels.BrowserPanelView{fed1016 V.E...... ........ 0,0-1440,2040} during second layout pass: posting in next frame
06-04 11:44:21.539  1644  1674 E GeckoLibLoad: Loaded libs in 11.824687ms total, 9ms(4ms) user, 0ms(4ms) system, 0(0) faults
06-04 11:44:21.539  1644  1674 W GeckoThread: zerdatime 264704400 - runGecko
06-04 11:44:21.544 32704 32704 W View    : requestLayout() improperly called by helium314.keyboard.latin.panels.BrowserPanelView{fed1016 V.E...... ......ID 0,0-1440,2040} during layout: running second layout pass
06-04 11:44:21.549 32704 32704 W View    : requestLayout() improperly called by helium314.keyboard.latin.panels.BrowserPanelView{fed1016 V.E...... ........ 0,0-1440,2040} during second layout pass: posting in next frame
06-04 11:44:21.559 32704 32704 W View    : requestLayout() improperly called by helium314.keyboard.latin.panels.BrowserPanelView{fed1016 V.E...... ......ID 0,0-1440,2040} during layout: running second layout pass
06-04 11:44:21.567 32704 32704 W View    : requestLayout() improperly called by helium314.keyboard.latin.panels.BrowserPanelView{fed1016 V.E...... ........ 0,0-1440,2040} during second layout pass: posting in next frame
06-04 11:44:21.577 32704 32704 W View    : requestLayout() improperly called by helium314.keyboard.latin.panels.BrowserPanelView{fed1016 V.E...... ......ID 0,0-1440,2040} during layout: running second layout pass
06-04 11:44:21.590 32704 32704 W View    : requestLayout() improperly called by helium314.keyboard.latin.panels.BrowserPanelView{fed1016 V.E...... ........ 0,0-1440,2040} during second layout pass: posting in next frame
06-04 11:44:21.594 32704 32704 W View    : requestLayout() improperly called by helium314.keyboard.latin.panels.BrowserPanelView{fed1016 V.E...... ......ID 0,0-1440,2040} during layout: running second layout pass
06-04 11:44:21.604 32704 32704 W View    : requestLayout() improperly called by helium314.keyboard.latin.panels.BrowserPanelView{fed1016 V.E...... ........ 0,0-1440,2040} during second layout pass: posting in next frame
06-04 11:44:21.609 32704 32704 W View    : requestLayout() improperly called by helium314.keyboard.latin.panels.BrowserPanelView{fed1016 V.E...... ......ID 0,0-1440,2040} during layout: running second layout pass
06-04 11:44:21.618 32704 32704 W View    : requestLayout() improperly called by helium314.keyboard.latin.panels.BrowserPanelView{fed1016 V.E...... ........ 0,0-1440,2040} during second layout pass: posting in next frame
06-04 11:44:21.626 32704 32704 W View    : requestLayout() improperly called by helium314.keyboard.latin.panels.BrowserPanelView{fed1016 V.E...... ......ID 0,0-1440,2040} during layout: running second layout pass
06-04 11:44:21.639  1104  1121 W Isolated Web Content: [JavaScript Warning: "Loading failed for the <script> with source “https://static.adsafeprotected.com/publisher/925660/ebfdc39c-b42a-11f0-aa09-0e6958f30139.min.js”." {file: "https://www.cnn.com/" line: 1}]
06-04 11:44:21.641 32704 32704 W View    : requestLayout() improperly called by helium314.keyboard.latin.panels.BrowserPanelView{fed1016 V.E...... ........ 0,0-1440,2040} during second layout pass: posting in next frame
06-04 11:44:21.644 32704 32704 W View    : requestLayout() improperly called by helium314.keyboard.latin.panels.BrowserPanelView{fed1016 V.E...... ......ID 0,0-1440,2040} during layout: running second layout pass
06-04 11:44:21.648 32704 32704 W View    : requestLayout() improperly called by helium314.keyboard.latin.panels.BrowserPanelView{fed1016 V.E...... ........ 0,0-1440,2040} during second layout pass: posting in next frame
06-04 11:44:21.660 32704 32704 W View    : requestLayout() improperly called by helium314.keyboard.latin.panels.BrowserPanelView{fed1016 V.E...... ......ID 0,0-1440,2040} during layout: running second layout pass
06-04 11:44:21.660 24165  1594 W Codec2Client: query -- param skipped: index = 1342179345.
06-04 11:44:21.660 24165  1594 W Codec2Client: query -- param skipped: index = 2415921170.
06-04 11:44:21.660 24165  1594 W Codec2Client: query -- param skipped: index = 1610614798.
06-04 11:44:21.671 32704 32704 W View    : requestLayout() improperly called by helium314.keyboard.latin.panels.BrowserPanelView{fed1016 V.E...... ........ 0,0-1440,2040} during second layout pass: posting in next frame
06-04 11:44:21.676 32704 32704 W View    : requestLayout() improperly called by helium314.keyboard.latin.panels.BrowserPanelView{fed1016 V.E...... ......ID 0,0-1440,2040} during layout: running second layout pass
06-04 11:44:21.694 32704 32704 W View    : requestLayout() improperly called by helium314.keyboard.latin.panels.BrowserPanelView{fed1016 V.E...... ........ 0,0-1440,2040} during second layout pass: posting in next frame
06-04 11:44:21.695 32704 32704 W View    : requestLayout() improperly called by helium314.keyboard.latin.panels.BrowserPanelView{fed1016 V.E...... ......ID 0,0-1440,2040} during layout: running second layout pass
06-04 11:44:21.702  1644  1674 W Isolated Web Content: [JavaScript Warning: "This page is in Almost Standards Mode. Page layout may be impacted. For Standards Mode use “<!DOCTYPE html>”." {file: "https://btloader.com/trustedIframe.html?o=5762268746743808&upapi=true" line: 0}]
06-04 11:44:21.709 32704 32704 W View    : requestLayout() improperly called by helium314.keyboard.latin.panels.BrowserPanelView{fed1016 V.E...... .......D 0,0-1440,2040} during second layout pass: posting in next frame
06-04 11:44:21.711 32704 32704 W View    : requestLayout() improperly called by helium314.keyboard.latin.panels.BrowserPanelView{fed1016 V.E...... ......ID 0,0-1440,2040} during layout: running second layout pass
06-04 11:44:21.726 32704 32704 W View    : requestLayout() improperly called by helium314.keyboard.latin.panels.BrowserPanelView{fed1016 V.E...... ........ 0,0-1440,2040} during second layout pass: posting in next frame
06-04 11:44:21.728 32704 32704 W View    : requestLayout() improperly called by helium314.keyboard.latin.panels.BrowserPanelView{fed1016 V.E...... ......ID 0,0-1440,2040} during layout: running second layout pass
06-04 11:44:21.734 32704 32704 W View    : requestLayout() improperly called by helium314.keyboard.latin.panels.BrowserPanelView{fed1016 V.E...... ........ 0,0-1440,2040} during second layout pass: posting in next frame
06-04 11:44:21.743 32704 32704 W View    : requestLayout() improperly called by helium314.keyboard.latin.panels.BrowserPanelView{fed1016 V.E...... ......ID 0,0-1440,2040} during layout: running second layout pass
06-04 11:44:21.748 32704 32704 W View    : requestLayout() improperly called by helium314.keyboard.latin.panels.BrowserPanelView{fed1016 V.E...... ........ 0,0-1440,2040} during second layout pass: posting in next frame
06-04 11:44:21.760 32704 32704 W View    : requestLayout() improperly called by helium314.keyboard.latin.panels.BrowserPanelView{fed1016 V.E...... ......ID 0,0-1440,2040} during layout: running second layout pass
06-04 11:44:21.764 32704 32704 W View    : requestLayout() improperly called by helium314.keyboard.latin.panels.BrowserPanelView{fed1016 V.E...... ........ 0,0-1440,2040} during second layout pass: posting in next frame
06-04 11:44:21.776 32704 32704 W View    : requestLayout() improperly called by helium314.keyboard.latin.panels.BrowserPanelView{fed1016 V.E...... ......ID 0,0-1440,2040} during layout: running second layout pass
06-04 11:44:21.779 32704 32704 W View    : requestLayout() improperly called by helium314.keyboard.latin.panels.BrowserPanelView{fed1016 V.E...... ........ 0,0-1440,2040} during second layout pass: posting in next frame
06-04 11:44:21.793 32704 32704 W View    : requestLayout() improperly called by helium314.keyboard.latin.panels.BrowserPanelView{fed1016 V.E...... ......ID 0,0-1440,2040} during layout: running second layout pass
06-04 11:44:21.797 32704 32704 W View    : requestLayout() improperly called by helium314.keyboard.latin.panels.BrowserPanelView{fed1016 V.E...... ........ 0,0-1440,2040} during second layout pass: posting in next frame
06-04 11:44:21.809 32704 32704 W View    : requestLayout() improperly called by helium314.keyboard.latin.panels.BrowserPanelView{fed1016 V.E...... ......ID 0,0-1440,2040} during layout: running second layout pass
06-04 11:44:21.813 32704 32704 W View    : requestLayout() improperly called by helium314.keyboard.latin.panels.BrowserPanelView{fed1016 V.E...... ........ 0,0-1440,2040} during second layout pass: posting in next frame
06-04 11:44:21.825 32704 32704 W View    : requestLayout() improperly called by helium314.keyboard.latin.panels.BrowserPanelView{fed1016 V.E...... ......I. 0,0-1440,2040} during layout: running second layout pass
06-04 11:44:21.829 32704 32704 W View    : requestLayout() improperly called by helium314.keyboard.latin.panels.BrowserPanelView{fed1016 V.E...... ........ 0,0-1440,2040} during second layout pass: posting in next frame
06-04 11:44:21.843 32704 32704 W View    : requestLayout() improperly called by helium314.keyboard.latin.panels.BrowserPanelView{fed1016 V.E...... ......I. 0,0-1440,2040} during layout: running second layout pass
06-04 11:44:21.847 32704 32704 W View    : requestLayout() improperly called by helium314.keyboard.latin.panels.BrowserPanelView{fed1016 V.E...... ........ 0,0-1440,2040} during second layout pass: posting in next frame
06-04 11:44:21.860 32704 32704 W View    : requestLayout() improperly called by helium314.keyboard.latin.panels.BrowserPanelView{fed1016 V.E...... ......I. 0,0-1440,2040} during layout: running second layout pass
06-04 11:44:21.864 32704 32704 W View    : requestLayout() improperly called by helium314.keyboard.latin.panels.BrowserPanelView{fed1016 V.E...... ........ 0,0-1440,2040} during second layout pass: posting in next frame
06-04 11:44:21.876 32704 32704 W View    : requestLayout() improperly called by helium314.keyboard.latin.panels.BrowserPanelView{fed1016 V.E...... ......I. 0,0-1440,2040} during layout: running second layout pass
06-04 11:44:21.880 32704 32704 W View    : requestLayout() improperly called by helium314.keyboard.latin.panels.BrowserPanelView{fed1016 V.E...... ........ 0,0-1440,2040} during second layout pass: posting in next frame
06-04 11:44:21.893 32704 32704 W View    : requestLayout() improperly called by helium314.keyboard.latin.panels.BrowserPanelView{fed1016 V.E...... ......I. 0,0-1440,2040} during layout: running second layout pass
06-04 11:44:21.897 32704 32704 W View    : requestLayout() improperly called by helium314.keyboard.latin.panels.BrowserPanelView{fed1016 V.E...... ........ 0,0-1440,2040} during second layout pass: posting in next frame
06-04 11:44:21.909 32704 32704 W View    : requestLayout() improperly called by helium314.keyboard.latin.panels.BrowserPanelView{fed1016 V.E...... ......I. 0,0-1440,2040} during layout: running second layout pass
06-04 11:44:21.913 32704 32704 W View    : requestLayout() improperly called by helium314.keyboard.latin.panels.BrowserPanelView{fed1016 V.E...... ........ 0,0-1440,2040} during second layout pass: posting in next frame
06-04 11:44:21.926 32704 32704 W View    : requestLayout() improperly called by helium314.keyboard.latin.panels.BrowserPanelView{fed1016 V.E...... ......I. 0,0-1440,2040} during layout: running second layout pass
06-04 11:44:21.930 32704 32704 W View    : requestLayout() improperly called by helium314.keyboard.latin.panels.BrowserPanelView{fed1016 V.E...... ........ 0,0-1440,2040} during second layout pass: posting in next frame
06-04 11:44:21.934  1104  1121 E Isolated Web Content: [JavaScript Error: "Cookie “_cookie_test” has been rejected for invalid domain." {file: "https://www.cnn.com/" line: 0}]
06-04 11:44:21.935  1104  1121 E Isolated Web Content: [JavaScript Error: "Cookie “_cookie_test” has been rejected for invalid domain." {file: "https://www.cnn.com/" line: 0}]
06-04 11:44:21.938  1104  1121 E Isolated Web Content: [JavaScript Error: "Cookie “_cookie_test” has been rejected for invalid domain." {file: "https://www.cnn.com/" line: 0}]
06-04 11:44:21.938  1104  1121 E Isolated Web Content: [JavaScript Error: "Cookie “_cookie_test” has been rejected for invalid domain." {file: "https://www.cnn.com/" line: 0}]
06-04 11:44:21.943 32704 32704 W View    : requestLayout() improperly called by helium314.keyboard.latin.panels.BrowserPanelView{fed1016 V.E...... ......I. 0,0-1440,2040} during layout: running second layout pass
06-04 11:44:21.946 32704 32704 W View    : requestLayout() improperly called by helium314.keyboard.latin.panels.BrowserPanelView{fed1016 V.E...... ........ 0,0-1440,2040} during second layout pass: posting in next frame
06-04 11:44:21.960 32704 32704 W View    : requestLayout() improperly called by helium314.keyboard.latin.panels.BrowserPanelView{fed1016 V.E...... ......I. 0,0-1440,2040} during layout: running second layout pass
06-04 11:44:21.946 32704 32704 W com.vibekey.keyboard: type=1400 audit(0.0:113163): avc: denied { nlmsg_readpriv } for comm=536F636B657420546872656164 scontext=u:r:untrusted_app:s0:c82,c271,c512,c768 tcontext=u:r:untrusted_app:s0:c82,c271,c512,c768 tclass=netlink_route_socket permissive=0 bug=b/155595000 app=com.vibekey.keyboard
06-04 11:44:21.964 32704 32704 W View    : requestLayout() improperly called by helium314.keyboard.latin.panels.BrowserPanelView{fed1016 V.E...... ........ 0,0-1440,2040} during second layout pass: posting in next frame
06-04 11:44:21.976 32704 32704 W View    : requestLayout() improperly called by helium314.keyboard.latin.panels.BrowserPanelView{fed1016 V.E...... ......I. 0,0-1440,2040} during layout: running second layout pass
06-04 11:44:21.980 32704 32704 W View    : requestLayout() improperly called by helium314.keyboard.latin.panels.BrowserPanelView{fed1016 V.E...... ........ 0,0-1440,2040} during second layout pass: posting in next frame
06-04 11:44:21.993 32704 32704 W View    : requestLayout() improperly called by helium314.keyboard.latin.panels.BrowserPanelView{fed1016 V.E...... ......I. 0,0-1440,2040} during layout: running second layout pass
06-04 11:44:21.997 32704 32704 W View    : requestLayout() improperly called by helium314.keyboard.latin.panels.BrowserPanelView{fed1016 V.E...... ........ 0,0-1440,2040} during second layout pass: posting in next frame
06-04 11:44:22.010 32704 32704 W View    : requestLayout() improperly called by helium314.keyboard.latin.panels.BrowserPanelView{fed1016 V.E...... ......I. 0,0-1440,2040} during layout: running second layout pass
06-04 11:44:22.016 32704 32704 W View    : requestLayout() improperly called by helium314.keyboard.latin.panels.BrowserPanelView{fed1016 V.E...... ........ 0,0-1440,2040} during second layout pass: posting in next frame
06-04 11:44:22.026 32704 32704 W View    : requestLayout() improperly called by helium314.keyboard.latin.panels.BrowserPanelView{fed1016 V.E...... ......I. 0,0-1440,2040} during layout: running second layout pass
06-04 11:44:22.027  1104  1121 E Isolated Web Content: [JavaScript Error: "Cookie “_cookie_test” has been rejected for invalid domain." {file: "https://www.cnn.com/" line: 0}]
06-04 11:44:22.028  1104  1121 E Isolated Web Content: [JavaScript Error: "Cookie “_cookie_test” has been rejected for invalid domain." {file: "https://www.cnn.com/" line: 0}]
06-04 11:44:22.030 32704 32704 W View    : requestLayout() improperly called by helium314.keyboard.latin.panels.BrowserPanelView{fed1016 V.E...... ........ 0,0-1440,2040} during second layout pass: posting in next frame
06-04 11:44:22.043 32704 32704 W View    : requestLayout() improperly called by helium314.keyboard.latin.panels.BrowserPanelView{fed1016 V.E...... ......I. 0,0-1440,2040} during layout: running second layout pass
06-04 11:44:22.048 32704 32704 W View    : requestLayout() improperly called by helium314.keyboard.latin.panels.BrowserPanelView{fed1016 V.E...... ........ 0,0-1440,2040} during second layout pass: posting in next frame
06-04 11:44:22.046 32704 32704 W com.vibekey.keyboard: type=1400 audit(0.0:113164): avc: denied { nlmsg_readpriv } for comm=536F636B657420546872656164 scontext=u:r:untrusted_app:s0:c82,c271,c512,c768 tcontext=u:r:untrusted_app:s0:c82,c271,c512,c768 tclass=netlink_route_socket permissive=0 bug=b/155595000 app=com.vibekey.keyboard
06-04 11:44:22.060 32704 32704 W View    : requestLayout() improperly called by helium314.keyboard.latin.panels.BrowserPanelView{fed1016 V.E...... ......I. 0,0-1440,2040} during layout: running second layout pass
06-04 11:44:22.064 32704 32704 W View    : requestLayout() improperly called by helium314.keyboard.latin.panels.BrowserPanelView{fed1016 V.E...... ........ 0,0-1440,2040} during second layout pass: posting in next frame
06-04 11:44:22.076 32704 32704 W View    : requestLayout() improperly called by helium314.keyboard.latin.panels.BrowserPanelView{fed1016 V.E...... ......I. 0,0-1440,2040} during layout: running second layout pass
06-04 11:44:22.080 32704 32704 W View    : requestLayout() improperly called by helium314.keyboard.latin.panels.BrowserPanelView{fed1016 V.E...... ........ 0,0-1440,2040} during second layout pass: posting in next frame
06-04 11:44:22.093 32704 32704 W View    : requestLayout() improperly called by helium314.keyboard.latin.panels.BrowserPanelView{fed1016 V.E...... ......I. 0,0-1440,2040} during layout: running second layout pass
06-04 11:44:22.097 32704 32704 W View    : requestLayout() improperly called by helium314.keyboard.latin.panels.BrowserPanelView{fed1016 V.E...... ........ 0,0-1440,2040} during second layout pass: posting in next frame
06-04 11:44:22.110 32704 32704 W View    : requestLayout() improperly called by helium314.keyboard.latin.panels.BrowserPanelView{fed1016 V.E...... ......I. 0,0-1440,2040} during layout: running second layout pass
06-04 11:44:22.117 32704 32704 W View    : requestLayout() improperly called by helium314.keyboard.latin.panels.BrowserPanelView{fed1016 V.E...... ........ 0,0-1440,2040} during second layout pass: posting in next frame
06-04 11:44:22.127 32704 32704 W View    : requestLayout() improperly called by helium314.keyboard.latin.panels.BrowserPanelView{fed1016 V.E...... ......I. 0,0-1440,2040} during layout: running second layout pass
06-04 11:44:22.135 32704 32704 W View    : requestLayout() improperly called by helium314.keyboard.latin.panels.BrowserPanelView{fed1016 V.E...... ........ 0,0-1440,2040} during second layout pass: posting in next frame
06-04 11:44:22.144 32704 32704 W View    : requestLayout() improperly called by helium314.keyboard.latin.panels.BrowserPanelView{fed1016 V.E...... ......I. 0,0-1440,2040} during layout: running second layout pass
06-04 11:44:22.149 32704 32704 W View    : requestLayout() improperly called by helium314.keyboard.latin.panels.BrowserPanelView{fed1016 V.E...... .......D 0,0-1440,2040} during second layout pass: posting in next frame
06-04 11:44:22.146 32704 32704 W com.vibekey.keyboard: type=1400 audit(0.0:113165): avc: denied { nlmsg_readpriv } for comm=536F636B657420546872656164 scontext=u:r:untrusted_app:s0:c82,c271,c512,c768 tcontext=u:r:untrusted_app:s0:c82,c271,c512,c768 tclass=netlink_route_socket permissive=0 bug=b/155595000 app=com.vibekey.keyboard
06-04 11:44:22.160 32704 32704 W View    : requestLayout() improperly called by helium314.keyboard.latin.panels.BrowserPanelView{fed1016 V.E...... ......ID 0,0-1440,2040} during layout: running second layout pass
06-04 11:44:22.162  1758  1758 E .keyboard:tab2: Unknown bits set in runtime_flags: 0x40000000
06-04 11:44:22.164 32704 32704 W View    : requestLayout() improperly called by helium314.keyboard.latin.panels.BrowserPanelView{fed1016 V.E...... ........ 0,0-1440,2040} during second layout pass: posting in next frame
06-04 11:44:22.176 32704 32704 W View    : requestLayout() improperly called by helium314.keyboard.latin.panels.BrowserPanelView{fed1016 V.E...... ......I. 0,0-1440,2040} during layout: running second layout pass
06-04 11:44:22.180 32704 32704 W View    : requestLayout() improperly called by helium314.keyboard.latin.panels.BrowserPanelView{fed1016 V.E...... ........ 0,0-1440,2040} during second layout pass: posting in next frame
06-04 11:44:22.194 32704 32704 W View    : requestLayout() improperly called by helium314.keyboard.latin.panels.BrowserPanelView{fed1016 V.E...... ......I. 0,0-1440,2040} during layout: running second layout pass
06-04 11:44:22.197 32704 32704 W View    : requestLayout() improperly called by helium314.keyboard.latin.panels.BrowserPanelView{fed1016 V.E...... ........ 0,0-1440,2040} during second layout pass: posting in next frame
06-04 11:44:22.210 32704 32704 W View    : requestLayout() improperly called by helium314.keyboard.latin.panels.BrowserPanelView{fed1016 V.E...... ......I. 0,0-1440,2040} during layout: running second layout pass
06-04 11:44:22.213 32704 32704 W View    : requestLayout() improperly called by helium314.keyboard.latin.panels.BrowserPanelView{fed1016 V.E...... ........ 0,0-1440,2040} during second layout pass: posting in next frame
06-04 11:44:22.216  1758  1777 E GeckoLibLoad: Load sqlite start
06-04 11:44:22.217  1758  1777 E GeckoLibLoad: Load sqlite done
06-04 11:44:22.217  1758  1777 E GeckoLibLoad: Load nss start
06-04 11:44:22.217  1758  1777 E GeckoLibLoad: Load nss done
06-04 11:44:22.227 32704 32704 W View    : requestLayout() improperly called by helium314.keyboard.latin.panels.BrowserPanelView{fed1016 V.E...... ......I. 0,0-1440,2040} during layout: running second layout pass
06-04 11:44:22.230  1758  1777 E GeckoLibLoad: Loaded libs in 12.171093ms total, 6ms(12ms) user, 0ms(0ms) system, 0(0) faults
06-04 11:44:22.230  1758  1777 W GeckoThread: zerdatime 264705091 - runGecko
06-04 11:44:22.231 32704 32704 W View    : requestLayout() improperly called by helium314.keyboard.latin.panels.BrowserPanelView{fed1016 V.E...... ........ 0,0-1440,2040} during second layout pass: posting in next frame
06-04 11:44:22.244 32704 32704 W View    : requestLayout() improperly called by helium314.keyboard.latin.panels.BrowserPanelView{fed1016 V.E...... ......I. 0,0-1440,2040} during layout: running second layout pass
06-04 11:44:22.248 32704 32704 W View    : requestLayout() improperly called by helium314.keyboard.latin.panels.BrowserPanelView{fed1016 V.E...... ........ 0,0-1440,2040} during second layout pass: posting in next frame
06-04 11:44:22.260 32704 32704 W View    : requestLayout() improperly called by helium314.keyboard.latin.panels.BrowserPanelView{fed1016 V.E...... ......I. 0,0-1440,2040} during layout: running second layout pass
06-04 11:44:22.264 32704 32704 W View    : requestLayout() improperly called by helium314.keyboard.latin.panels.BrowserPanelView{fed1016 V.E...... ........ 0,0-1440,2040} during second layout pass: posting in next frame
06-04 11:44:22.277 32704 32704 W View    : requestLayout() improperly called by helium314.keyboard.latin.panels.BrowserPanelView{fed1016 V.E...... ......I. 0,0-1440,2040} during layout: running second layout pass
06-04 11:44:22.281 32704 32704 W View    : requestLayout() improperly called by helium314.keyboard.latin.panels.BrowserPanelView{fed1016 V.E...... ........ 0,0-1440,2040} during second layout pass: posting in next frame
06-04 11:44:22.293 32704 32704 W View    : requestLayout() improperly called by helium314.keyboard.latin.panels.BrowserPanelView{fed1016 V.E...... ......I. 0,0-1440,2040} during layout: running second layout pass
06-04 11:44:22.297 32704 32704 W View    : requestLayout() improperly called by helium314.keyboard.latin.panels.BrowserPanelView{fed1016 V.E...... ........ 0,0-1440,2040} during second layout pass: posting in next frame
06-04 11:44:22.310 32704 32704 W View    : requestLayout() improperly called by helium314.keyboard.latin.panels.BrowserPanelView{fed1016 V.E...... ......I. 0,0-1440,2040} during layout: running second layout pass
06-04 11:44:22.314 32704 32704 W View    : requestLayout() improperly called by helium314.keyboard.latin.panels.BrowserPanelView{fed1016 V.E...... ........ 0,0-1440,2040} during second layout pass: posting in next frame
06-04 11:44:22.326 32704 32704 W View    : requestLayout() improperly called by helium314.keyboard.latin.panels.BrowserPanelView{fed1016 V.E...... ......I. 0,0-1440,2040} during layout: running second layout pass
06-04 11:44:22.329 32704 32704 W View    : requestLayout() improperly called by helium314.keyboard.latin.panels.BrowserPanelView{fed1016 V.E...... ........ 0,0-1440,2040} during second layout pass: posting in next frame
06-04 11:44:22.343 32704 32704 W View    : requestLayout() improperly called by helium314.keyboard.latin.panels.BrowserPanelView{fed1016 V.E...... ......I. 0,0-1440,2040} during layout: running second layout pass
06-04 11:44:22.347 32704 32704 W View    : requestLayout() improperly called by helium314.keyboard.latin.panels.BrowserPanelView{fed1016 V.E...... ........ 0,0-1440,2040} during second layout pass: posting in next frame
06-04 11:44:22.360 32704 32704 W View    : requestLayout() improperly called by helium314.keyboard.latin.panels.BrowserPanelView{fed1016 V.E...... ......I. 0,0-1440,2040} during layout: running second layout pass
06-04 11:44:22.363 32704 32704 W View    : requestLayout() improperly called by helium314.keyboard.latin.panels.BrowserPanelView{fed1016 V.E...... ........ 0,0-1440,2040} during second layout pass: posting in next frame
06-04 11:44:22.377 32704 32704 W View    : requestLayout() improperly called by helium314.keyboard.latin.panels.BrowserPanelView{fed1016 V.E...... ......I. 0,0-1440,2040} during layout: running second layout pass
06-04 11:44:22.380 32704 32704 W View    : requestLayout() improperly called by helium314.keyboard.latin.panels.BrowserPanelView{fed1016 V.E...... ........ 0,0-1440,2040} during second layout pass: posting in next frame
06-04 11:44:22.393 32704 32704 W View    : requestLayout() improperly called by helium314.keyboard.latin.panels.BrowserPanelView{fed1016 V.E...... ......I. 0,0-1440,2040} during layout: running second layout pass
06-04 11:44:22.397 32704 32704 W View    : requestLayout() improperly called by helium314.keyboard.latin.panels.BrowserPanelView{fed1016 V.E...... ........ 0,0-1440,2040} during second layout pass: posting in next frame
06-04 11:44:22.410 32704 32704 W View    : requestLayout() improperly called by helium314.keyboard.latin.panels.BrowserPanelView{fed1016 V.E...... ......I. 0,0-1440,2040} during layout: running second layout pass
06-04 11:44:22.415 32704 32704 W View    : requestLayout() improperly called by helium314.keyboard.latin.panels.BrowserPanelView{fed1016 V.E...... .......D 0,0-1440,2040} during second layout pass: posting in next frame
06-04 11:44:22.416 32704 32704 E Toast   : setGravity() shouldn't be called on text toasts, the values won't be used
06-04 11:44:22.428 32704 32704 W View    : requestLayout() improperly called by helium314.keyboard.latin.panels.BrowserPanelView{fed1016 V.E...... ......ID 0,0-1440,2040} during layout: running second layout pass
06-04 11:44:22.434 32704 32704 W View    : requestLayout() improperly called by helium314.keyboard.latin.panels.BrowserPanelView{fed1016 V.E...... ......ID 0,0-1440,2040} during second layout pass: posting in next frame
06-04 11:44:22.450 32704 32704 W View    : requestLayout() improperly called by helium314.keyboard.latin.panels.BrowserPanelView{fed1016 V.E...... ......ID 0,0-1440,2040} during layout: running second layout pass
