=== VibeKey 4.5.99 (4467) ===

--------- beginning of system
07-21 12:31:22.133 25346 25346 E OplusCustomizeRestrictionManager: sInstance is null, start a new sInstance
07-21 12:31:44.165 25346 25841 E ActivityThread: Failed to find provider info for com.oplus.statistics.provider
07-21 12:31:44.165 25346 25841 E OplusStatistics--: IllegalArgumentException:java.lang.IllegalArgumentException: Unknown URL content://com.oplus.statistics.provider/track_event
07-21 12:31:59.837 25346 25841 E ActivityThread: Failed to find provider info for com.oplus.statistics.provider
07-21 12:31:59.838 25346 25841 E OplusStatistics--: IllegalArgumentException:java.lang.IllegalArgumentException: Unknown URL content://com.oplus.statistics.provider/track_event
--------- beginning of main
07-21 12:32:20.418 25346 25346 I VkSuggestions: stripUi prediction=false children=3 [dia|diaa]
07-21 12:32:20.611 25346 25675 I VkSuggestions: decode typedLen=3 candidates=1 locales=1 0,7ms
07-21 12:32:20.614 25346 25675 I VkSuggestions: strip composing typedLen=3 candidates=2 autocorrect=false top=bom locale=pt
07-21 12:32:20.622 25346 25346 I VkSuggestions: stripUi prediction=false children=3 [bom|bom]
07-21 12:32:20.917 25346 25675 I VkNgram : merge locale=pt prev= preds=8 contextual=0 assets=true
07-21 12:32:20.917 25346 25675 I VkSuggestions: strip prediction typedLen=0 candidates=3 autocorrect=false top=o locale=pt
07-21 12:32:20.923 25346 25346 I VkSuggestions: stripUi prediction=true children=5 [a|o|em]
07-21 12:32:22.247 25346 25346 I VkSuggestions: stripUi prediction=false children=1 [bom]
07-21 12:32:22.362 25346 25346 I VkPanels: ○ close menu
07-21 12:32:22.384 25346 25346 I VkMultilingual: reset main=en-AU locales=[en] count=1
07-21 12:32:25.346 25346 25346 I VkPanels: ○ close menu
07-21 12:32:25.351 25346 25346 I VkPanels: ▶ open ai_theme
07-21 12:32:25.407 25346 26187 E ibekey.keyboar: Attempt to load writable dex file: /data/user/0/com.vibekey.keyboard/app_yqzdkcache/rbp/1770852720500.jar
07-21 12:32:25.435 25346 26181 W Ads     : Invoke Firebase method getInstance error.
07-21 12:32:25.435 25346 26181 W Ads     : The Google Mobile Ads SDK will not integrate with Firebase. Admob/Firebase integration requires the latest Firebase SDK jar, but Firebase SDK is either missing or out of date
07-21 12:32:25.445 25346 26170 W ServiceBindIntentUtils: Dynamic lookup for intent failed for action: com.google.android.gms.ads.service.CACHE
07-21 12:32:25.533 25346 26173 W Ads     : Not retrying to fetch app settings
07-21 12:32:25.536 25346 26203 W ServiceBindIntentUtils: Dynamic lookup for intent failed for action: com.google.android.gms.ads.service.START
07-21 12:32:26.256 25346 25346 I VkPanels: ○ close menu
07-21 12:32:26.265 25346 25346 I VkVibeCards: ○ sticker skipped: session_inactive
07-21 12:32:26.861 25346 25346 E Ads     : JS: Uncaught TypeError: Cannot read properties of null (reading 's') (https://pagead2.googlesyndication.com/omsdk/releases/live/omsdk-v1.js:27)
07-21 12:32:26.927 25346 25346 W Ads     : GET LOCATION COMPILED
07-21 12:32:27.444 25346 25346 E Ads     : JS: Refused to get unsafe header "X-Afma-Gcache-IsGcacheHit" (https://www.gstatic.com/mysidia/9a106ad50b25088b9fd96a28a450ebbc.js?tag=addon/rewarded_brand_video:676)
07-21 12:32:27.462 25346 25346 E Ads     : JS: Refused to get unsafe header "X-Afma-Gcache-IsGcacheHit" (https://www.gstatic.com/mysidia/9a106ad50b25088b9fd96a28a450ebbc.js?tag=addon/rewarded_brand_video:676)
07-21 12:32:27.549 25346 25484 W libc    : Access denied finding property "vendor.oplus.media.vpp.stutter"
07-21 12:32:27.572 25346 25484 E ListServiceUtils: checkInListByUid module:HQV-effect uid:14364 cost 3227us return 0
07-21 12:32:27.572 25346 25484 E MULTIMEDIAConfig: [getInt32:L80] Not find config, Returning default
07-21 12:32:27.572 25346 25484 E MULTIMEDIAConfig: [getInt32:L80] Not find config, Returning default
07-21 12:32:27.572 25346 25484 E OplusACodec: [OplusACodec:204] mSrOsieMMListCheckResult:0x0 mOsieVersion:1
07-21 12:32:27.666 25346 26298 E OplusACodec: [GetVideoCodingTypeFromMime:L1162] mime:video/x-vnd.on2.vp9
07-21 12:32:27.880 25346 25484 W cr_MediaCodecBridge: Releasing: OMX.qcom.video.decoder.vp9
07-21 12:32:27.885 25346 26296 E ExtensionsLoader: freeAllBuffers: 13 buffers were freed while being dequeued!
07-21 12:32:27.886 25346 25484 W cr_MediaCodecBridge: Codec released
07-21 12:32:28.486 25346 25346 I VkEffects: reload anim=scale blur=0px glow=false stickers=true
07-21 12:32:28.607 25346 25346 W VkStall : MAIN-THREAD STALL 129ms during: >>>>> Dispatching to Handler (android.os.Handler) {248d42f} ia.t@f46681: 0
07-21 12:32:28.873 25346 25356 W ibekey.keyboar: Cleared Reference was only reachable from finalizer (only reported once)
07-21 12:32:28.918 25346 25346 W VkStall : MAIN-THREAD STALL 166ms during: >>>>> Dispatching to Handler (android.os.Handler) {248d42f} ia.t@f46681: 0
07-21 12:32:29.195 25346 25346 W VkStall : MAIN-THREAD STALL 133ms during: >>>>> Dispatching to Handler (android.os.Handler) {248d42f} ia.t@f46681: 0
07-21 12:32:31.755 25346 25675 I VkSuggestions: decode typedLen=1 candidates=18 locales=1 7,6ms
07-21 12:32:31.757 25346 25675 I VkSuggestions: strip composing typedLen=1 candidates=19 autocorrect=false top=h locale=en
07-21 12:32:31.765 25346 25346 I VkSuggestions: stripUi prediction=false children=5 [h|his|he]
07-21 12:32:32.048 25346 25675 I VkSuggestions: decode typedLen=2 candidates=18 locales=1 2,9ms
07-21 12:32:32.051 25346 25675 I VkSuggestions: strip composing typedLen=2 candidates=18 autocorrect=false top=ha locale=en
07-21 12:32:32.054 25346 25346 I VkSuggestions: stripUi prediction=false children=5 [ha|had|has]
07-21 12:32:32.204 25346 25675 I VkSuggestions: decode typedLen=3 candidates=18 locales=1 2,7ms
07-21 12:32:32.204 25346 25675 I VkSuggestions: strip composing typedLen=3 candidates=18 autocorrect=false top=hap locale=en
07-21 12:32:32.208 25346 25346 I VkSuggestions: stripUi prediction=false children=5 [hap|happened|happy]
07-21 12:32:32.369 25346 25675 I VkSuggestions: decode typedLen=4 candidates=18 locales=1 6,1ms
07-21 12:32:32.371 25346 25675 I VkSuggestions: strip composing typedLen=4 candidates=18 autocorrect=false top=happ locale=en
07-21 12:32:32.376 25346 25346 I VkSuggestions: stripUi prediction=false children=5 [happ|happened|happy]
07-21 12:32:33.786 25346 25346 I VkAutocorrect: picked: happy
07-21 12:32:33.891 25346 25675 I VkNgram : merge locale=en prev=happy preds=8 contextual=0 assets=true
07-21 12:32:33.893 25346 25675 I VkSuggestions: strip prediction typedLen=0 candidates=3 autocorrect=false top=to locale=en
07-21 12:32:33.903 25346 25346 I VkSuggestions: stripUi prediction=true children=5 [and|to|with]
07-21 12:32:35.079 25346 25675 W VibeKeyProfiler: Slow Native Suggest: Total=12.14ms | Init=0.68ms | TrieExpand(x15)=11.41ms | Scoring=0.05ms | inputSize=1
07-21 12:32:35.080 25346 25675 I VkSuggestions: decode typedLen=1 candidates=18 locales=1 13,1ms
07-21 12:32:35.082 25346 25675 I VkSuggestions: strip composing typedLen=1 candidates=19 autocorrect=false top=b locale=en
07-21 12:32:35.090 25346 25346 I VkSuggestions: stripUi prediction=false children=5 [b|by|but]
07-21 12:32:35.417 25346 25675 W VibeKeyProfiler: Slow Native Suggest: Total=8.96ms | Init=0.11ms | TrieExpand(x18)=8.80ms | Scoring=0.04ms | inputSize=2
07-21 12:32:35.419 25346 25675 I VkSuggestions: decode typedLen=2 candidates=18 locales=1 10,5ms
07-21 12:32:35.423 25346 25675 I VkSuggestions: strip composing typedLen=2 candidates=18 autocorrect=false top=bi locale=en
07-21 12:32:35.433 25346 25346 I VkSuggestions: stripUi prediction=false children=5 [bi|in|big]
07-21 12:32:35.794 25346 25675 W VibeKeyProfiler: Slow Native Suggest: Total=9.04ms | Init=0.21ms | TrieExpand(x17)=8.79ms | Scoring=0.04ms | inputSize=3
07-21 12:32:35.794 25346 25675 I VkSuggestions: decode typedLen=3 candidates=18 locales=1 10,0ms
07-21 12:32:35.799 25346 25675 I VkAutocorrect: will correct: bir → bit
07-21 12:32:35.799 25346 25675 I VkSuggestions: strip composing typedLen=3 candidates=19 autocorrect=true top=bir locale=en
07-21 12:32:35.818 25346 25346 I VkSuggestions: stripUi prediction=false children=5 [bir|bit|but]
07-21 12:32:36.078 25346 25675 W VibeKeyProfiler: Slow Native Suggest: Total=9.69ms | Init=0.36ms | TrieExpand(x18)=9.28ms | Scoring=0.04ms | inputSize=4
07-21 12:32:36.079 25346 25675 I VkSuggestions: decode typedLen=4 candidates=18 locales=1 10,7ms
07-21 12:32:36.083 25346 25675 I VkAutocorrect: will correct: birt → birth
07-21 12:32:36.084 25346 25675 I VkSuggestions: strip composing typedLen=4 candidates=19 autocorrect=true top=birt locale=en
07-21 12:32:36.093 25346 25346 I VkSuggestions: stripUi prediction=false children=5 [birt|birth|birthday]
07-21 12:32:37.042 25346 25346 I VkAutocorrect: picked: birthday
07-21 12:32:37.146 25346 25675 I VkNgram : merge locale=en prev=birthday preds=8 contextual=0 assets=true
07-21 12:32:37.148 25346 25675 I VkSuggestions: strip prediction typedLen=0 candidates=3 autocorrect=false top=party locale=en
07-21 12:32:37.157 25346 25346 I VkSuggestions: stripUi prediction=true children=5 [on|party|in]
07-21 12:32:39.575 25346 25675 I VkSuggestions: decode typedLen=1 candidates=18 locales=1 3,9ms
07-21 12:32:39.576 25346 25675 I VkSuggestions: strip composing typedLen=1 candidates=19 autocorrect=false top=t locale=en
07-21 12:32:39.580 25346 25346 I VkSuggestions: stripUi prediction=false children=5 [t|to|the]
07-21 12:32:39.688 25346 25675 I VkSuggestions: decode typedLen=2 candidates=18 locales=1 4,2ms
07-21 12:32:39.689 25346 25675 I VkSuggestions: strip composing typedLen=2 candidates=18 autocorrect=false top=to locale=en
07-21 12:32:39.694 25346 25346 I VkSuggestions: stripUi prediction=false children=5 [to|go|two]
07-21 12:32:40.473 25346 25346 I VkAutocorrect: kept (typing): to
07-21 12:32:40.575 25346 25675 I VkNgram : merge locale=en prev=to preds=8 contextual=0 assets=true
07-21 12:32:40.577 25346 25675 I VkSuggestions: strip prediction typedLen=0 candidates=3 autocorrect=false top=the locale=en
07-21 12:32:40.585 25346 25346 I VkSuggestions: stripUi prediction=true children=5 [a|the|be]
07-21 12:32:40.912 25346 25675 I VkSuggestions: decode typedLen=1 candidates=18 locales=1 3,3ms
07-21 12:32:40.913 25346 25675 I VkSuggestions: strip composing typedLen=1 candidates=18 autocorrect=false top=y locale=en
07-21 12:32:40.917 25346 25346 I VkSuggestions: stripUi prediction=false children=5 [y|you|by]
07-21 12:32:41.027 25346 25675 I VkSuggestions: decode typedLen=2 candidates=18 locales=1 6,2ms
07-21 12:32:41.031 25346 25675 I VkSuggestions: strip composing typedLen=2 candidates=16 autocorrect=false top=yo locale=en
07-21 12:32:41.038 25346 25346 I VkSuggestions: stripUi prediction=false children=5 [yo|go|you]
07-21 12:32:41.261 25346 25675 I VkSuggestions: decode typedLen=3 candidates=18 locales=1 8,5ms
07-21 12:32:41.264 25346 25675 I VkSuggestions: strip composing typedLen=3 candidates=17 autocorrect=false top=you locale=en
07-21 12:32:41.273 25346 25346 I VkSuggestions: stripUi prediction=false children=5 [you|your|you're]
07-21 12:32:41.809 25346 25346 I VkAutocorrect: picked: you
07-21 12:32:41.912 25346 25675 I VkNgram : contextual locale=en prev=you → are, can, have
07-21 12:32:41.912 25346 25675 I VkNgram : merge locale=en prev=you preds=8 contextual=5 assets=true
07-21 12:32:41.914 25346 25675 I VkSuggestions: strip prediction typedLen=0 candidates=3 autocorrect=false top=can locale=en
07-21 12:32:41.925 25346 25346 I VkSuggestions: stripUi prediction=true children=5 [re|can|have]
07-21 12:32:43.942 25346 25346 I VkSuggestions: stripUi prediction=false children=1 [bom]
07-21 12:32:44.056 25346 25346 I VkPanels: ○ close menu
07-21 12:32:44.119 25346 25346 I VkMultilingual: reset main=es locales=[es] count=1
07-21 12:32:44.149 25346 25346 I VkSuggestions: stripUi prediction=false children=5 [you|your|you're]
07-21 12:32:45.001 25346 25346 I VkTyping: ▶ open restart=true pkg=com.android.launcher inputType=589825
07-21 12:32:45.859 25403 25425 I OnDeviceAssist: warm ok model=qwen2.5-0.5b-instruct-q4_0.gguf ambient=40 chars 0ms
07-21 12:32:46.003 25346 25675 W VibeKeyProfiler: Slow Native Suggest: Total=12.00ms | Init=0.02ms | TrieExpand(x13)=11.92ms | Scoring=0.06ms | inputSize=1
07-21 12:32:46.015 25346 25675 W VibeKeyProfiler: Slow Native Suggest: Total=10.61ms | Init=0.02ms | TrieExpand(x15)=10.52ms | Scoring=0.07ms | inputSize=1
07-21 12:32:46.016 25346 25675 I VkSuggestions: decode typedLen=1 candidates=18 locales=1 26,7ms
07-21 12:32:46.017 25346 25675 W VkSuggestions: slow frame 26,7ms locales=1 typedLen=1 candidates=18
07-21 12:32:46.019 25346 25675 I VkSuggestions: strip composing typedLen=1 candidates=19 autocorrect=false top=h locale=es
07-21 12:32:46.027 25346 25346 I VkSuggestions: stripUi prediction=false children=5 [h|y|ha]
07-21 12:32:46.324 25346 25675 W VibeKeyProfiler: Slow Native Suggest: Total=12.53ms | Init=0.07ms | TrieExpand(x14)=12.38ms | Scoring=0.07ms | inputSize=2
07-21 12:32:46.332 25346 25675 W VibeKeyProfiler: Slow Native Suggest: Total=8.13ms | Init=0.10ms | TrieExpand(x17)=7.99ms | Scoring=0.04ms | inputSize=2
07-21 12:32:46.333 25346 25675 I VkSuggestions: decode typedLen=2 candidates=18 locales=1 23,1ms
07-21 12:32:46.334 25346 25675 W VkSuggestions: slow frame 23,1ms locales=1 typedLen=2 candidates=18
07-21 12:32:46.335 25346 25675 I VkAutocorrect: will correct: ho → hoy
07-21 12:32:46.336 25346 25675 I VkSuggestions: strip composing typedLen=2 candidates=19 autocorrect=true top=ho locale=es
07-21 12:32:46.342 25346 25346 I VkSuggestions: stripUi prediction=false children=5 [ho|hoy|hombre]
07-21 12:32:46.512 25346 25675 I VkSuggestions: decode typedLen=3 candidates=18 locales=1 7,5ms
07-21 12:32:46.513 25346 25675 I VkAutocorrect: will correct: hol → gol
07-21 12:32:46.514 25346 25675 I VkSuggestions: strip composing typedLen=3 candidates=19 autocorrect=true top=hol locale=es
07-21 12:32:46.517 25346 25346 I VkSuggestions: stripUi prediction=false children=5 [hol|gol|holandés]
07-21 12:32:46.674 25346 25675 I VkSuggestions: decode typedLen=4 candidates=18 locales=1 10,5ms
07-21 12:32:46.676 25346 25675 I VkSuggestions: strip composing typedLen=4 candidates=19 autocorrect=false top=holl locale=es
07-21 12:32:46.696 25346 25346 I VkSuggestions: stripUi prediction=false children=5 [holl|hollín|hollejo]
07-21 12:32:47.835 25346 25675 I VkSuggestions: decode typedLen=5 candidates=18 locales=1 6,5ms
07-21 12:32:47.837 25346 25675 I VkAutocorrect: will correct: holla → villa
07-21 12:32:47.837 25346 25675 I VkSuggestions: strip composing typedLen=5 candidates=18 autocorrect=true top=holla locale=es
07-21 12:32:47.843 25346 25346 I VkSuggestions: stripUi prediction=false children=5 [holla|villa|bolla]
07-21 12:32:49.680 25346 25346 I VkAutocorrect: picked: holla
07-21 12:32:49.782 25346 25675 I VkNgram : merge locale=es prev=holla preds=8 contextual=0 assets=true
07-21 12:32:49.783 25346 25675 I VkSuggestions: strip prediction typedLen=0 candidates=3 autocorrect=false top=el locale=es
07-21 12:32:49.787 25346 25346 I VkSuggestions: stripUi prediction=true children=5 [en|el|la]
07-21 12:32:50.702 25346 25675 I VkSuggestions: decode typedLen=1 candidates=18 locales=1 10,3ms
07-21 12:32:50.703 25346 25675 I VkSuggestions: strip composing typedLen=1 candidates=19 autocorrect=false top=c locale=es
07-21 12:32:50.714 25346 25346 I VkSuggestions: stripUi prediction=false children=5 [c|🍊|©️]
07-21 12:32:50.857 25346 25675 W VibeKeyProfiler: Slow Native Suggest: Total=10.72ms | Init=0.84ms | TrieExpand(x14)=9.85ms | Scoring=0.03ms | inputSize=2
07-21 12:32:50.865 25346 25675 I VkSuggestions: decode typedLen=2 candidates=18 locales=1 19,5ms
07-21 12:32:50.866 25346 25675 W VkSuggestions: slow frame 19,5ms locales=1 typedLen=2 candidates=18
07-21 12:32:50.868 25346 25675 I VkSuggestions: strip composing typedLen=2 candidates=19 autocorrect=false top=co locale=es
07-21 12:32:50.882 25346 25346 I VkSuggestions: stripUi prediction=false children=5 [co|🇨🇴|con]
07-21 12:32:51.126 25346 25675 W VibeKeyProfiler: Slow Native Suggest: Total=11.77ms | Init=0.20ms | TrieExpand(x14)=11.52ms | Scoring=0.04ms | inputSize=3
07-21 12:32:51.136 25346 25675 W VibeKeyProfiler: Slow Native Suggest: Total=9.84ms | Init=0.12ms | TrieExpand(x19)=9.68ms | Scoring=0.04ms | inputSize=3
07-21 12:32:51.137 25346 25675 I VkSuggestions: decode typedLen=3 candidates=18 locales=1 23,8ms
07-21 12:32:51.138 25346 25675 W VkSuggestions: slow frame 23,8ms locales=1 typedLen=3 candidates=18
07-21 12:32:51.140 25346 25675 I VkAutocorrect: will correct: com → con
07-21 12:32:51.140 25346 25675 I VkSuggestions: strip composing typedLen=3 candidates=19 autocorrect=true top=com locale=es
07-21 12:32:51.150 25346 25346 I VkSuggestions: stripUi prediction=false children=5 [com|con|como]
07-21 12:32:53.358 25346 25346 I VkSuggestions: stripUi prediction=false children=5 [holla|villa|bolla]
07-21 12:32:53.785 25346 25346 W VkStall : MAIN-THREAD STALL 208ms during: >>>>> Dispatching to Handler (u9.v0) {e70269c} null: 1
07-21 12:32:53.886 25346 25675 I VkNgram : merge locale=es prev= preds=8 contextual=0 assets=true
07-21 12:32:53.888 25346 25675 I VkSuggestions: strip prediction typedLen=0 candidates=3 autocorrect=false top=el locale=es
07-21 12:32:53.899 25346 25346 I VkSuggestions: stripUi prediction=true children=5 [en|el|la]
07-21 12:32:55.426 25346 25675 W VibeKeyProfiler: Slow Native Suggest: Total=12.10ms | Init=0.48ms | TrieExpand(x13)=11.56ms | Scoring=0.05ms | inputSize=1
07-21 12:32:55.437 25346 25675 W VibeKeyProfiler: Slow Native Suggest: Total=11.26ms | Init=0.48ms | TrieExpand(x15)=10.73ms | Scoring=0.05ms | inputSize=1
07-21 12:32:55.439 25346 25675 I VkSuggestions: decode typedLen=1 candidates=18 locales=1 26,1ms
07-21 12:32:55.440 25346 25675 W VkSuggestions: slow frame 26,1ms locales=1 typedLen=1 candidates=18
07-21 12:32:55.443 25346 25675 I VkSuggestions: strip composing typedLen=1 candidates=19 autocorrect=false top=h locale=es
07-21 12:32:55.452 25346 25346 I VkSuggestions: stripUi prediction=false children=5 [h|y|ha]
07-21 12:32:55.665 25346 25675 W VibeKeyProfiler: Slow Native Suggest: Total=11.38ms | Init=0.08ms | TrieExpand(x14)=11.24ms | Scoring=0.05ms | inputSize=2
07-21 12:32:55.674 25346 25675 W VibeKeyProfiler: Slow Native Suggest: Total=8.57ms | Init=0.07ms | TrieExpand(x17)=8.46ms | Scoring=0.03ms | inputSize=2
07-21 12:32:55.675 25346 25675 I VkSuggestions: decode typedLen=2 candidates=18 locales=1 22,0ms
07-21 12:32:55.675 25346 25675 W VkSuggestions: slow frame 22,0ms locales=1 typedLen=2 candidates=18
07-21 12:32:55.676 25346 25675 I VkAutocorrect: will correct: ho → hoy
07-21 12:32:55.677 25346 25675 I VkSuggestions: strip composing typedLen=2 candidates=19 autocorrect=true top=ho locale=es
07-21 12:32:55.683 25346 25346 I VkSuggestions: stripUi prediction=false children=5 [ho|hoy|yo]
07-21 12:32:55.868 25346 25675 I VkSuggestions: decode typedLen=3 candidates=18 locales=1 7,0ms
07-21 12:32:55.869 25346 25675 I VkSuggestions: strip composing typedLen=3 candidates=19 autocorrect=false top=hol locale=es
07-21 12:32:55.873 25346 25346 I VkSuggestions: stripUi prediction=false children=5 [hol|holandés|Holanda]
07-21 12:32:56.026 25346 25675 I VkSuggestions: decode typedLen=4 candidates=18 locales=1 13,6ms
07-21 12:32:56.029 25346 25675 I VkAutocorrect: will correct: hols → hola
07-21 12:32:56.029 25346 25675 I VkSuggestions: strip composing typedLen=4 candidates=19 autocorrect=true top=hols locale=es
07-21 12:32:56.039 25346 25346 I VkSuggestions: stripUi prediction=false children=5 [hols|hola|bola]
07-21 12:32:56.927 25346 25346 I VkAutocorrect: picked: hola
07-21 12:32:57.030 25346 25675 I VkNgram : contextual locale=es prev=hola → cómo, como, qué
07-21 12:32:57.031 25346 25675 I VkNgram : merge locale=es prev=hola preds=8 contextual=5 assets=true
07-21 12:32:57.033 25346 25675 I VkSuggestions: strip prediction typedLen=0 candidates=3 autocorrect=false top=cómo locale=es
07-21 12:32:57.041 25346 25346 I VkSuggestions: stripUi prediction=true children=5 [soy|cómo|qué]
07-21 12:32:57.937 25346 25346 I VkAutocorrect: picked: cómo
07-21 12:32:58.041 25346 25675 I VkNgram : merge locale=es prev=cómo preds=8 contextual=0 assets=true
07-21 12:32:58.044 25346 25675 I VkSuggestions: strip prediction typedLen=0 candidates=3 autocorrect=false top=se locale=es
07-21 12:32:58.056 25346 25346 I VkSuggestions: stripUi prediction=true children=5 [es|se|la]
07-21 12:33:00.621 25346 25675 W VibeKeyProfiler: Slow Native Suggest: Total=13.08ms | Init=0.45ms | TrieExpand(x14)=12.58ms | Scoring=0.05ms | inputSize=3
07-21 12:33:00.632 25346 25675 W VibeKeyProfiler: Slow Native Suggest: Total=10.14ms | Init=0.27ms | TrieExpand(x19)=9.81ms | Scoring=0.06ms | inputSize=3
07-21 12:33:00.633 25346 25675 I VkSuggestions: decode typedLen=3 candidates=18 locales=1 25,9ms
07-21 12:33:00.634 25346 25675 W VkSuggestions: slow frame 25,9ms locales=1 typedLen=3 candidates=18
07-21 12:33:00.640 25346 25675 I VkSuggestions: strip composing typedLen=3 candidates=18 autocorrect=false top=cóm locale=es
07-21 12:33:00.652 25346 25346 I VkSuggestions: stripUi prediction=false children=5 [cóm|cómo|con]
07-21 12:33:00.824 25346 25346 I VkSuggestions: stripUi prediction=false children=5 [hola|hols|bola]
07-21 12:33:01.183 25346 25346 W VkStall : MAIN-THREAD STALL 188ms during: >>>>> Dispatching to Handler (u9.v0) {e70269c} null: 1
07-21 12:33:01.284 25346 25675 I VkNgram : merge locale=es prev= preds=8 contextual=0 assets=true
07-21 12:33:01.286 25346 25675 I VkSuggestions: strip prediction typedLen=0 candidates=3 autocorrect=false top=la locale=es
07-21 12:33:01.299 25346 25346 I VkSuggestions: stripUi prediction=true children=5 [en|la|el]
07-21 12:33:02.172 25346 25346 I VkSuggestions: stripUi prediction=false children=1 [bom]
07-21 12:33:02.276 25346 25346 I VkPanels: ○ close menu
07-21 12:33:02.319 25346 25346 I VkMultilingual: reset main=fr locales=[fr] count=1
07-21 12:33:02.457 25346 25675 I VkNgram : merge locale=fr prev= preds=8 contextual=0 assets=true
07-21 12:33:02.459 25346 25675 I VkSuggestions: strip prediction typedLen=0 candidates=3 autocorrect=false top=le locale=fr
07-21 12:33:02.469 25346 25346 I VkSuggestions: stripUi prediction=true children=5 [les|le|la]
07-21 12:33:04.077 25346 25675 W VibeKeyProfiler: Slow Native Suggest: Total=13.33ms | Init=0.03ms | TrieExpand(x16)=13.25ms | Scoring=0.05ms | inputSize=1
07-21 12:33:04.087 25346 25675 W VibeKeyProfiler: Slow Native Suggest: Total=9.95ms | Init=0.02ms | TrieExpand(x28)=9.89ms | Scoring=0.04ms | inputSize=1
07-21 12:33:04.089 25346 25675 I VkSuggestions: decode typedLen=1 candidates=18 locales=1 26,2ms
07-21 12:33:04.089 25346 25675 W VkSuggestions: slow frame 26,2ms locales=1 typedLen=1 candidates=18
07-21 12:33:04.091 25346 25675 I VkSuggestions: strip composing typedLen=1 candidates=19 autocorrect=false top=f locale=fr
07-21 12:33:04.099 25346 25346 I VkSuggestions: stripUi prediction=false children=5 [f|fut|fait]
07-21 12:33:04.826 25346 25675 W VibeKeyProfiler: Slow Native Suggest: Total=11.10ms | Init=0.12ms | TrieExpand(x15)=10.93ms | Scoring=0.05ms | inputSize=2
07-21 12:33:04.836 25346 25675 W VibeKeyProfiler: Slow Native Suggest: Total=9.61ms | Init=0.08ms | TrieExpand(x23)=9.49ms | Scoring=0.04ms | inputSize=2
07-21 12:33:04.836 25346 25675 I VkSuggestions: decode typedLen=2 candidates=18 locales=1 22,6ms
07-21 12:33:04.837 25346 25675 W VkSuggestions: slow frame 22,6ms locales=1 typedLen=2 candidates=18
07-21 12:33:04.839 25346 25675 I VkSuggestions: strip composing typedLen=2 candidates=18 autocorrect=false top=fa locale=fr
07-21 12:33:04.845 25346 25346 I VkSuggestions: stripUi prediction=false children=5 [fa|fait|faire]
07-21 12:33:05.872 25346 25675 I VkSuggestions: decode typedLen=3 candidates=18 locales=1 11,4ms
07-21 12:33:05.874 25346 25675 I VkSuggestions: strip composing typedLen=3 candidates=18 autocorrect=false top=fam locale=fr
07-21 12:33:05.877 25346 25346 I VkSuggestions: stripUi prediction=false children=5 [fam|famille|fameux]
07-21 12:33:07.079 25346 25346 I VkAutocorrect: picked: famille
07-21 12:33:07.180 25346 25675 I VkNgram : merge locale=fr prev=famille preds=8 contextual=0 assets=true
07-21 12:33:07.181 25346 25675 I VkSuggestions: strip prediction typedLen=0 candidates=3 autocorrect=false top=de locale=fr
07-21 12:33:07.186 25346 25346 I VkSuggestions: stripUi prediction=true children=5 [a|de|et]
07-21 12:33:09.476 25346 25346 I VkAutocorrect: picked: de
07-21 12:33:09.579 25346 25675 I VkNgram : contextual locale=fr prev=de → rien, tout, même
07-21 12:33:09.580 25346 25675 I VkNgram : merge locale=fr prev=de preds=8 contextual=5 assets=true
07-21 12:33:09.582 25346 25675 I VkSuggestions: strip prediction typedLen=0 candidates=3 autocorrect=false top=rien locale=fr
07-21 12:33:09.590 25346 25346 I VkSuggestions: stripUi prediction=true children=5 [l|rien|tout]
07-21 12:33:11.581 25346 25346 I VkAutocorrect: picked: rien
07-21 12:33:11.684 25346 25675 I VkNgram : merge locale=fr prev=rien preds=8 contextual=0 assets=true
07-21 12:33:11.687 25346 25675 I VkSuggestions: strip prediction typedLen=0 candidates=3 autocorrect=false top=à locale=fr
07-21 12:33:11.697 25346 25346 I VkSuggestions: stripUi prediction=true children=5 [n|à|ne]
07-21 12:33:13.118 25346 25675 W VibeKeyProfiler: Slow Native Suggest: Total=22.36ms | Init=0.54ms | TrieExpand(x18)=21.77ms | Scoring=0.06ms | inputSize=1
07-21 12:33:13.123 25346 25675 I VkSuggestions: decode typedLen=1 candidates=18 locales=1 27,7ms
07-21 12:33:13.123 25346 25675 W VkSuggestions: slow frame 27,7ms locales=1 typedLen=1 candidates=18
07-21 12:33:13.124 25346 25675 I VkSuggestions: strip composing typedLen=1 candidates=19 autocorrect=false top=j locale=fr
07-21 12:33:13.128 25346 25346 I VkSuggestions: stripUi prediction=false children=5 [j|johb|juin]
07-21 12:33:13.309 25346 25675 I VkSuggestions: decode typedLen=2 candidates=18 locales=1 7,0ms
07-21 12:33:13.311 25346 25675 I VkSuggestions: strip composing typedLen=2 candidates=16 autocorrect=false top=jh locale=fr
07-21 12:33:13.314 25346 25346 I VkSuggestions: stripUi prediction=false children=5 [jh|HH|JB]
07-21 12:33:13.516 25346 25675 I VkSuggestions: decode typedLen=3 candidates=18 locales=1 12,4ms
07-21 12:33:13.519 25346 25675 I VkSuggestions: strip composing typedLen=3 candidates=18 autocorrect=false top=jhd locale=fr
07-21 12:33:13.525 25346 25346 I VkSuggestions: stripUi prediction=false children=5 [jhd|PhD|💯]
07-21 12:33:14.410 25346 25675 I VkSuggestions: strip prediction typedLen=0 candidates=3 autocorrect=false top=à locale=fr
07-21 12:33:14.420 25346 25346 I VkSuggestions: stripUi prediction=true children=5 [n|à|ne]
07-21 12:33:15.109 25346 25675 I VkSuggestions: decode typedLen=4 candidates=18 locales=1 7,0ms
07-21 12:33:15.111 25346 25675 I VkSuggestions: strip composing typedLen=4 candidates=17 autocorrect=false top=rien locale=fr
07-21 12:33:15.115 25346 25346 I VkSuggestions: stripUi prediction=false children=5 [rien|🙉|😬]
07-21 12:33:16.097 25346 25346 I VkAutocorrect: kept (typing): rien
07-21 12:33:16.199 25346 25675 I VkSuggestions: strip prediction typedLen=0 candidates=3 autocorrect=false top=ne locale=fr
07-21 12:33:16.207 25346 25346 I VkSuggestions: stripUi prediction=true children=5 [n|ne|à]
07-21 12:33:16.673 25346 25675 W VibeKeyProfiler: Slow Native Suggest: Total=12.86ms | Init=0.55ms | TrieExpand(x18)=12.26ms | Scoring=0.05ms | inputSize=1
07-21 12:33:16.680 25346 25675 I VkSuggestions: decode typedLen=1 candidates=18 locales=1 19,0ms
07-21 12:33:16.680 25346 25675 W VkSuggestions: slow frame 19,0ms locales=1 typedLen=1 candidates=18
07-21 12:33:16.681 25346 25675 I VkSuggestions: strip composing typedLen=1 candidates=18 autocorrect=false top=b locale=fr
07-21 12:33:16.686 25346 25346 I VkSuggestions: stripUi prediction=false children=5 [b|🅱️|bien]
07-21 12:33:16.922 25346 25675 W VibeKeyProfiler: Slow Native Suggest: Total=12.71ms | Init=0.10ms | TrieExpand(x18)=12.56ms | Scoring=0.05ms | inputSize=2
07-21 12:33:16.933 25346 25675 W VibeKeyProfiler: Slow Native Suggest: Total=10.57ms | Init=0.08ms | TrieExpand(x26)=10.43ms | Scoring=0.05ms | inputSize=2
07-21 12:33:16.934 25346 25675 I VkSuggestions: decode typedLen=2 candidates=18 locales=1 24,7ms
07-21 12:33:16.934 25346 25675 W VkSuggestions: slow frame 24,7ms locales=1 typedLen=2 candidates=18
07-21 12:33:16.938 25346 25675 I VkSuggestions: strip composing typedLen=2 candidates=18 autocorrect=false top=bo locale=fr
07-21 12:33:16.944 25346 25346 I VkSuggestions: stripUi prediction=false children=5 [bo|🇧🇴|ni]
07-21 12:33:21.178 25346 25675 W VibeKeyProfiler: Slow Native Suggest: Total=12.14ms | Init=0.33ms | TrieExpand(x18)=11.77ms | Scoring=0.04ms | inputSize=3
07-21 12:33:21.187 25346 25675 I VkSuggestions: decode typedLen=3 candidates=18 locales=1 21,1ms
07-21 12:33:21.188 25346 25675 W VkSuggestions: slow frame 21,1ms locales=1 typedLen=3 candidates=18
07-21 12:33:21.191 25346 25675 I VkAutocorrect: will correct: bom → nom
07-21 12:33:21.192 25346 25675 I VkSuggestions: strip composing typedLen=3 candidates=19 autocorrect=true top=bom locale=fr
07-21 12:33:21.205 25346 25346 I VkSuggestions: stripUi prediction=false children=5 [bom|nom|Jim]
07-21 12:33:22.960 25346 25346 I VkAutocorrect: picked: bom
07-21 12:33:23.065 25346 25675 I VkSuggestions: strip prediction typedLen=0 candidates=3 autocorrect=false top=président locale=fr
07-21 12:33:23.074 25346 25346 I VkSuggestions: stripUi prediction=true children=5 [première|président|premier]
07-21 12:33:25.003 25346 25675 W VibeKeyProfiler: Slow Native Suggest: Total=13.04ms | Init=0.47ms | TrieExpand(x26)=12.52ms | Scoring=0.05ms | inputSize=1
07-21 12:33:25.017 25346 25675 W VibeKeyProfiler: Slow Native Suggest: Total=13.35ms | Init=0.37ms | TrieExpand(x30)=12.94ms | Scoring=0.04ms | inputSize=1
07-21 12:33:25.017 25346 25675 I VkSuggestions: decode typedLen=1 candidates=18 locales=1 27,3ms
07-21 12:33:25.018 25346 25675 W VkSuggestions: slow frame 27,3ms locales=1 typedLen=1 candidates=18
07-21 12:33:25.019 25346 25675 I VkSuggestions: strip composing typedLen=1 candidates=19 autocorrect=false top=q locale=fr
07-21 12:33:25.023 25346 25346 I VkSuggestions: stripUi prediction=false children=5 [q|à|qui]
07-21 12:33:25.596 25346 25675 W VibeKeyProfiler: Slow Native Suggest: Total=12.40ms | Init=0.10ms | TrieExpand(x25)=12.25ms | Scoring=0.05ms | inputSize=2
07-21 12:33:25.607 25346 25675 W VibeKeyProfiler: Slow Native Suggest: Total=10.45ms | Init=0.09ms | TrieExpand(x22)=10.32ms | Scoring=0.04ms | inputSize=2
07-21 12:33:25.608 25346 25675 I VkSuggestions: decode typedLen=2 candidates=18 locales=1 24,3ms
07-21 12:33:25.609 25346 25675 W VkSuggestions: slow frame 24,3ms locales=1 typedLen=2 candidates=18
07-21 12:33:25.613 25346 25675 I VkSuggestions: strip composing typedLen=2 candidates=19 autocorrect=false top=qp locale=fr
07-21 12:33:25.623 25346 25346 I VkSuggestions: stripUi prediction=false children=5 [qp|la|après]
07-21 12:33:27.618 25346 25675 I VkSuggestions: decode typedLen=1 candidates=18 locales=1 8,9ms
07-21 12:33:27.620 25346 25675 I VkSuggestions: strip composing typedLen=1 candidates=19 autocorrect=false top=q locale=fr
07-21 12:33:27.622 25346 25346 I VkSuggestions: stripUi prediction=false children=5 [q|à|qui]
07-21 12:33:27.799 25346 25675 I VkSuggestions: strip prediction typedLen=0 candidates=3 autocorrect=false top=président locale=fr
07-21 12:33:27.807 25346 25346 I VkSuggestions: stripUi prediction=true children=5 [première|président|premier]
07-21 12:33:28.408 25346 25675 W VibeKeyProfiler: Slow Native Suggest: Total=12.10ms | Init=0.01ms | TrieExpand(x25)=12.04ms | Scoring=0.04ms | inputSize=1
07-21 12:33:28.419 25346 25675 W VibeKeyProfiler: Slow Native Suggest: Total=10.98ms | Init=0.01ms | TrieExpand(x26)=10.93ms | Scoring=0.03ms | inputSize=1
07-21 12:33:28.420 25346 25675 W VkSuggestions: slow frame 24,0ms locales=1 typedLen=1 candidates=18
07-21 12:33:28.421 25346 25675 I VkSuggestions: strip composing typedLen=1 candidates=17 autocorrect=false top=a locale=fr
07-21 12:33:28.426 25346 25346 I VkSuggestions: stripUi prediction=false children=5 [a|à|🅰️]
07-21 12:33:28.696 25346 25675 I VkSuggestions: decode typedLen=2 candidates=18 locales=1 7,8ms
07-21 12:33:28.698 25346 25675 I VkSuggestions: strip composing typedLen=2 candidates=19 autocorrect=false top=ap locale=fr
07-21 12:33:28.702 25346 25346 I VkSuggestions: stripUi prediction=false children=5 [ap|après|appelé]
07-21 12:33:29.830 25346 25346 I VkAutocorrect: picked: appelé
07-21 12:33:29.932 25346 25675 I VkNgram : merge locale=fr prev=appelé preds=8 contextual=0 assets=true
07-21 12:33:29.933 25346 25675 I VkSuggestions: strip prediction typedLen=0 candidates=3 autocorrect=false top=les locale=fr
07-21 12:33:29.939 25346 25346 I VkSuggestions: stripUi prediction=true children=5 [le|les|à]
07-21 12:33:32.462 25346 25675 I VkSuggestions: decode typedLen=5 candidates=18 locales=1 9,5ms
07-21 12:33:32.464 25346 25675 I VkSuggestions: strip composing typedLen=5 candidates=14 autocorrect=false top=appel locale=fr
07-21 12:33:32.468 25346 25346 I VkSuggestions: stripUi prediction=false children=5 [appel|📲|🤙]
07-21 12:33:32.891 25346 25675 W VibeKeyProfiler: Slow Native Suggest: Total=8.62ms | Init=0.38ms | TrieExpand(x16)=8.19ms | Scoring=0.05ms | inputSize=4
07-21 12:33:32.902 25346 25675 W VibeKeyProfiler: Slow Native Suggest: Total=10.60ms | Init=0.33ms | TrieExpand(x23)=10.24ms | Scoring=0.03ms | inputSize=4
07-21 12:33:32.903 25346 25675 I VkSuggestions: decode typedLen=4 candidates=18 locales=1 20,4ms
07-21 12:33:32.903 25346 25675 W VkSuggestions: slow frame 20,4ms locales=1 typedLen=4 candidates=18
07-21 12:33:32.906 25346 25675 I VkSuggestions: strip composing typedLen=4 candidates=17 autocorrect=false top=appe locale=fr
07-21 12:33:32.914 25346 25346 I VkSuggestions: stripUi prediction=false children=5 [appe|appelé|appelée]
07-21 12:33:35.905 25346 25675 W VibeKeyProfiler: Slow Native Suggest: Total=13.31ms | Init=0.17ms | TrieExpand(x22)=13.09ms | Scoring=0.04ms | inputSize=5
07-21 12:33:35.906 25346 25675 I VkSuggestions: decode typedLen=5 candidates=18 locales=1 19,3ms
07-21 12:33:35.907 25346 25675 W VkSuggestions: slow frame 19,3ms locales=1 typedLen=5 candidates=18
07-21 12:33:35.910 25346 25675 I VkSuggestions: strip composing typedLen=5 candidates=19 autocorrect=false top=appet locale=fr
07-21 12:33:35.920 25346 25346 I VkSuggestions: stripUi prediction=false children=5 [appet|appelé|appétit]
07-21 12:33:37.839 25346 25346 I VkAutocorrect: picked: appétit
07-21 12:33:37.943 25346 25675 I VkNgram : merge locale=fr prev=appétit preds=8 contextual=0 assets=true
07-21 12:33:37.945 25346 25675 I VkSuggestions: strip prediction typedLen=0 candidates=3 autocorrect=false top=pour locale=fr
07-21 12:33:37.954 25346 25346 I VkSuggestions: stripUi prediction=true children=5 [du|pour|un]
07-21 12:33:40.855 25346 25675 I VkSuggestions: decode typedLen=1 candidates=18 locales=1 8,4ms
07-21 12:33:40.856 25346 25675 I VkSuggestions: strip composing typedLen=1 candidates=19 autocorrect=false top=j locale=fr
07-21 12:33:40.861 25346 25346 I VkSuggestions: stripUi prediction=false children=5 [j|y|johb]
07-21 12:33:41.031 25346 25675 W VibeKeyProfiler: Slow Native Suggest: Total=9.46ms | Init=0.10ms | TrieExpand(x20)=9.32ms | Scoring=0.04ms | inputSize=2
07-21 12:33:41.032 25346 25675 I VkSuggestions: decode typedLen=2 candidates=18 locales=1 17,7ms
07-21 12:33:41.033 25346 25675 W VkSuggestions: slow frame 17,7ms locales=1 typedLen=2 candidates=18
07-21 12:33:41.035 25346 25675 I VkSuggestions: strip composing typedLen=2 candidates=18 autocorrect=false top=jf locale=fr
07-21 12:33:41.042 25346 25346 I VkSuggestions: stripUi prediction=false children=5 [jf|je|du]
07-21 12:33:41.715 25346 25346 I VkSuggestions: stripUi prediction=false children=1 [bom]
07-21 12:33:41.821 25346 25346 I VkPanels: ○ close menu
07-21 12:33:41.864 25346 25346 I VkMultilingual: reset main=hi locales=[hi] count=1
07-21 12:33:47.177 25346 25346 W VkStall : MAIN-THREAD STALL 416ms during: >>>>> Dispatching to Handler (android.view.Choreographer$FrameHandler) {d7f8ba4} android.view.Choreographer$FrameDisplayEventReceiver@b29d0d: 0
07-21 12:33:47.302 25346 25675 I VkSuggestions: strip prediction typedLen=0 candidates=3 autocorrect=false top=इन locale=hi
07-21 12:33:47.312 25346 25346 I VkSuggestions: stripUi prediction=true children=5 [एक|इन|इस]
07-21 12:33:50.168 25346 25675 W VibeKeyProfiler: Slow Native Suggest: Total=20.96ms | Init=0.19ms | TrieExpand(x13)=20.73ms | Scoring=0.04ms | inputSize=3
07-21 12:33:50.180 25346 25675 W VibeKeyProfiler: Slow Native Suggest: Total=11.83ms | Init=0.09ms | TrieExpand(x13)=11.72ms | Scoring=0.02ms | inputSize=3
07-21 12:33:50.181 25346 25675 I VkSuggestions: decode typedLen=3 candidates=18 locales=1 33,8ms
07-21 12:33:50.181 25346 25675 W VkSuggestions: slow frame 33,8ms locales=1 typedLen=3 candidates=18
07-21 12:33:50.185 25346 25675 I VkSuggestions: strip composing typedLen=3 candidates=19 autocorrect=false top=डहर locale=hi
07-21 12:33:50.193 25346 25346 I VkSuggestions: stripUi prediction=false children=5 [डहर|जहर|डबल]
07-21 12:33:50.359 25346 25346 I VkSuggestions: stripUi prediction=false children=1 [bom]
07-21 12:33:50.537 25346 25675 I VkSuggestions: strip prediction typedLen=0 candidates=3 autocorrect=false top=इन locale=hi
07-21 12:33:50.543 25346 25346 I VkSuggestions: stripUi prediction=true children=5 [एक|इन|इस]
07-21 12:33:51.260 25346 25346 I VkTyping: ▶ open restart=true pkg=com.android.launcher inputType=589825
07-21 12:33:52.132 25403 25963 I OnDeviceAssist: warm ok model=qwen2.5-0.5b-instruct-q4_0.gguf ambient=40 chars 0ms
07-21 12:33:52.520 25346 25346 I VkSuggestions: stripUi prediction=false children=1 [bom]
07-21 12:33:52.621 25346 25346 I VkPanels: ○ close menu
07-21 12:33:52.675 25346 25346 I VkMultilingual: reset main=pt-BR locales=[pt] count=1
07-21 12:33:52.800 25346 25675 I VkNgram : merge locale=pt prev= preds=8 contextual=0 assets=true
07-21 12:33:52.801 25346 25675 I VkSuggestions: strip prediction typedLen=0 candidates=3 autocorrect=false top=o locale=pt
07-21 12:33:52.808 25346 25346 I VkSuggestions: stripUi prediction=true children=5 [a|o|em]
07-21 12:33:55.642 25346 25675 I VkSuggestions: decode typedLen=1 candidates=18 locales=1 9,1ms
07-21 12:33:55.643 25346 25675 I VkSuggestions: strip composing typedLen=1 candidates=18 autocorrect=false top=v locale=pt
07-21 12:33:55.648 25346 25346 I VkSuggestions: stripUi prediction=false children=5 [v|✌️|vez]
07-21 12:33:55.791 25346 25675 W VibeKeyProfiler: Slow Native Suggest: Total=8.96ms | Init=0.06ms | TrieExpand(x18)=8.87ms | Scoring=0.03ms | inputSize=2
07-21 12:33:55.797 25346 25675 I VkSuggestions: decode typedLen=2 candidates=18 locales=1 16,5ms
07-21 12:33:55.798 25346 25675 W VkSuggestions: slow frame 16,5ms locales=1 typedLen=2 candidates=18
07-21 12:33:55.799 25346 25675 I VkAutocorrect: will correct: vo → vó
07-21 12:33:55.799 25346 25675 I VkSuggestions: strip composing typedLen=2 candidates=19 autocorrect=true top=vo locale=pt
07-21 12:33:55.806 25346 25346 I VkSuggestions: stripUi prediction=false children=5 [vo|vó|co]
07-21 12:33:56.245 25346 25675 W VibeKeyProfiler: Slow Native Suggest: Total=10.97ms | Init=0.29ms | TrieExpand(x14)=10.64ms | Scoring=0.04ms | inputSize=3
07-21 12:33:56.255 25346 25675 W VibeKeyProfiler: Slow Native Suggest: Total=9.54ms | Init=0.12ms | TrieExpand(x17)=9.38ms | Scoring=0.04ms | inputSize=3
07-21 12:33:56.255 25346 25675 I VkSuggestions: decode typedLen=3 candidates=18 locales=1 22,6ms
07-21 12:33:56.256 25346 25675 W VkSuggestions: slow frame 22,6ms locales=1 typedLen=3 candidates=18
07-21 12:33:56.258 25346 25675 I VkAutocorrect: will correct: voc → você
07-21 12:33:56.258 25346 25675 I VkSuggestions: strip composing typedLen=3 candidates=19 autocorrect=true top=voc locale=pt
07-21 12:33:56.263 25346 25346 I VkSuggestions: stripUi prediction=false children=5 [voc|você|vocalista]
07-21 12:33:57.373 25346 25346 I VkAutocorrect: picked: você
07-21 12:33:57.476 25346 25675 I VkNgram : contextual locale=pt prev=você → é, tem, vai
07-21 12:33:57.476 25346 25675 I VkNgram : merge locale=pt prev=você preds=8 contextual=5 assets=true
07-21 12:33:57.477 25346 25675 I VkSuggestions: strip prediction typedLen=0 candidates=3 autocorrect=false top=pode locale=pt
07-21 12:33:57.481 25346 25346 I VkSuggestions: stripUi prediction=true children=5 [não|pode|tem]
07-21 12:33:58.501 25346 25346 W VkStall : MAIN-THREAD STALL 838ms during: >>>>> Dispatching to Handler (android.view.Choreographer$FrameHandler) {d7f8ba4} android.view.Choreographer$FrameDisplayEventReceiver@b29d0d: 0
07-21 12:33:59.820 25346 25675 W VibeKeyProfiler: Slow Native Suggest: Total=12.64ms | Init=0.31ms | TrieExpand(x18)=12.29ms | Scoring=0.04ms | inputSize=1
07-21 12:33:59.831 25346 25675 W VibeKeyProfiler: Slow Native Suggest: Total=10.25ms | Init=0.43ms | TrieExpand(x14)=9.79ms | Scoring=0.04ms | inputSize=1
07-21 12:33:59.832 25346 25675 I VkSuggestions: decode typedLen=1 candidates=18 locales=1 24,9ms
07-21 12:33:59.832 25346 25675 W VkSuggestions: slow frame 24,9ms locales=1 typedLen=1 candidates=18
07-21 12:33:59.835 25346 25675 I VkSuggestions: strip composing typedLen=1 candidates=18 autocorrect=false top=b locale=pt
07-21 12:33:59.848 25346 25346 I VkSuggestions: stripUi prediction=false children=5 [b|🅱️|bem]
07-21 12:34:00.171 25346 25675 W VibeKeyProfiler: Slow Native Suggest: Total=13.53ms | Init=0.84ms | TrieExpand(x18)=12.64ms | Scoring=0.05ms | inputSize=2
07-21 12:34:00.180 25346 25675 I VkSuggestions: decode typedLen=2 candidates=18 locales=1 22,5ms
07-21 12:34:00.181 25346 25675 W VkSuggestions: slow frame 22,5ms locales=1 typedLen=2 candidates=18
07-21 12:34:00.183 25346 25675 I VkSuggestions: strip composing typedLen=2 candidates=19 autocorrect=false top=bo locale=pt
07-21 12:34:00.189 25346 25346 I VkSuggestions: stripUi prediction=false children=5 [bo|🇧🇴|no]
07-21 12:34:01.136 25346 25675 W VibeKeyProfiler: Slow Native Suggest: Total=13.42ms | Init=0.34ms | TrieExpand(x18)=13.03ms | Scoring=0.05ms | inputSize=3
07-21 12:34:01.147 25346 25675 I VkSuggestions: decode typedLen=3 candidates=18 locales=1 24,1ms
07-21 12:34:01.148 25346 25675 W VkSuggestions: slow frame 24,1ms locales=1 typedLen=3 candidates=18
07-21 12:34:01.152 25346 25675 I VkSuggestions: strip composing typedLen=3 candidates=16 autocorrect=false top=bom locale=pt
07-21 12:34:01.161 25346 25346 I VkSuggestions: stripUi prediction=false children=5 [bom|👏|🦸]
07-21 12:34:01.932 25346 25346 I VkAutocorrect: picked: bom
07-21 12:34:02.037 25346 25675 I VkNgram : contextual locale=pt prev=bom → dia, trabalho, noite
07-21 12:34:02.038 25346 25675 I VkNgram : merge locale=pt prev=bom preds=8 contextual=5 assets=true
07-21 12:34:02.040 25346 25675 I VkSuggestions: strip prediction typedLen=0 candidates=3 autocorrect=false top=trabalho locale=pt
07-21 12:34:02.057 25346 25346 I VkSuggestions: stripUi prediction=true children=5 [momento|trabalho|desempenho]
07-21 12:34:03.960 25346 25675 W VibeKeyProfiler: Slow Native Suggest: Total=10.69ms | Init=0.66ms | TrieExpand(x15)=10.01ms | Scoring=0.03ms | inputSize=1
07-21 12:34:03.964 25346 25675 I VkSuggestions: decode typedLen=1 candidates=18 locales=1 15,6ms
07-21 12:34:03.965 25346 25675 I VkSuggestions: strip composing typedLen=1 candidates=19 autocorrect=false top=d locale=pt
07-21 12:34:03.969 25346 25346 I VkSuggestions: stripUi prediction=false children=5 [d|e|do]
07-21 12:34:04.174 25346 25675 I VkSuggestions: decode typedLen=2 candidates=18 locales=1 8,6ms
07-21 12:34:04.175 25346 25675 I VkAutocorrect: will correct: di → do
07-21 12:34:04.176 25346 25675 I VkSuggestions: strip composing typedLen=2 candidates=19 autocorrect=true top=di locale=pt
07-21 12:34:04.181 25346 25346 I VkSuggestions: stripUi prediction=false children=5 [di|do|si]
07-21 12:34:04.353 25346 25675 I VkSuggestions: decode typedLen=3 candidates=18 locales=1 11,3ms
07-21 12:34:04.356 25346 25675 I VkSuggestions: strip composing typedLen=3 candidates=18 autocorrect=false top=dia locale=pt
07-21 12:34:04.364 25346 25346 I VkSuggestions: stripUi prediction=false children=5 [dia|diá|🌹]
07-21 12:34:05.823 25346 25346 I VkAutocorrect: picked: dia
07-21 12:34:05.926 25346 25675 I VkNgram : contextual locale=pt prev=dia → que, de, todo
07-21 12:34:05.926 25346 25675 I VkNgram : merge locale=pt prev=dia preds=8 contextual=5 assets=true
07-21 12:34:05.927 25346 25675 I VkSuggestions: strip prediction typedLen=0 candidates=3 autocorrect=false top=de locale=pt
07-21 12:34:05.933 25346 25346 I VkSuggestions: stripUi prediction=true children=5 [todo|de|a]
07-21 12:34:06.841 25346 25346 I VkAutocorrect: picked: todo
07-21 12:34:06.945 25346 25675 I VkNgram : contextual locale=pt prev=todo → dia, mundo, bem
07-21 12:34:06.945 25346 25675 I VkNgram : merge locale=pt prev=todo preds=8 contextual=5 assets=true
07-21 12:34:06.948 25346 25675 I VkSuggestions: strip prediction typedLen=0 candidates=3 autocorrect=false top=mundo locale=pt
07-21 12:34:06.956 25346 25346 I VkSuggestions: stripUi prediction=true children=5 [bem|mundo|o]
07-21 12:34:08.682 25346 25675 W VibeKeyProfiler: Slow Native Suggest: Total=23.87ms | Init=1.76ms | TrieExpand(x18)=22.05ms | Scoring=0.06ms | inputSize=1
07-21 12:34:08.695 25346 25675 W VibeKeyProfiler: Slow Native Suggest: Total=12.76ms | Init=0.68ms | TrieExpand(x14)=12.02ms | Scoring=0.06ms | inputSize=1
07-21 12:34:08.697 25346 25675 I VkSuggestions: decode typedLen=1 candidates=18 locales=1 38,6ms
07-21 12:34:08.697 25346 25675 W VkSuggestions: slow frame 38,6ms locales=1 typedLen=1 candidates=18
07-21 12:34:08.702 25346 25675 I VkSuggestions: strip composing typedLen=1 candidates=17 autocorrect=false top=b locale=pt
07-21 12:34:08.708 25346 25346 I VkSuggestions: stripUi prediction=false children=5 [b|🅱️|bem]
07-21 12:34:08.921 25346 25675 W VibeKeyProfiler: Slow Native Suggest: Total=12.35ms | Init=0.13ms | TrieExpand(x18)=12.17ms | Scoring=0.04ms | inputSize=2
07-21 12:34:08.929 25346 25675 W VibeKeyProfiler: Slow Native Suggest: Total=8.25ms | Init=0.06ms | TrieExpand(x15)=8.14ms | Scoring=0.04ms | inputSize=2
07-21 12:34:08.930 25346 25675 I VkSuggestions: decode typedLen=2 candidates=18 locales=1 21,8ms
07-21 12:34:08.931 25346 25675 W VkSuggestions: slow frame 21,8ms locales=1 typedLen=2 candidates=18
07-21 12:34:08.934 25346 25675 I VkSuggestions: strip composing typedLen=2 candidates=18 autocorrect=false top=bo locale=pt
07-21 12:34:08.942 25346 25346 I VkSuggestions: stripUi prediction=false children=5 [bo|🇧🇴|no]
07-21 12:34:09.212 25346 25675 W VibeKeyProfiler: Slow Native Suggest: Total=11.41ms | Init=0.36ms | TrieExpand(x18)=11.00ms | Scoring=0.05ms | inputSize=3
07-21 12:34:09.220 25346 25675 I VkSuggestions: decode typedLen=3 candidates=18 locales=1 19,3ms
07-21 12:34:09.220 25346 25675 W VkSuggestions: slow frame 19,3ms locales=1 typedLen=3 candidates=18
07-21 12:34:09.223 25346 25675 I VkSuggestions: strip composing typedLen=3 candidates=15 autocorrect=false top=bom locale=pt
07-21 12:34:09.231 25346 25346 I VkSuggestions: stripUi prediction=false children=5 [bom|👏|🦸]
07-21 12:34:09.924 25346 25346 I VkAutocorrect: picked: bom
07-21 12:34:10.029 25346 25675 I VkSuggestions: decode typedLen=0 candidates=1 locales=1 0,4ms
07-21 12:34:10.030 25346 25675 I VkNgram : contextual locale=pt prev=bom → dia, trabalho, noite
07-21 12:34:10.030 25346 25675 I VkNgram : merge locale=pt prev=bom preds=8 contextual=5 assets=true
07-21 12:34:10.032 25346 25675 I VkSuggestions: strip prediction typedLen=0 candidates=3 autocorrect=false top=desempenho locale=pt
07-21 12:34:10.042 25346 25346 I VkSuggestions: stripUi prediction=true children=5 [trabalho|desempenho|momento]
07-21 12:34:11.385 25346 25675 I VkSuggestions: decode typedLen=1 candidates=18 locales=1 9,2ms
07-21 12:34:11.387 25346 25675 I VkSuggestions: strip composing typedLen=1 candidates=18 autocorrect=false top=v locale=pt
07-21 12:34:11.390 25346 25346 I VkSuggestions: stripUi prediction=false children=5 [v|✌️|vez]
07-21 12:34:11.516 25346 25675 I VkSuggestions: decode typedLen=2 candidates=18 locales=1 12,3ms
07-21 12:34:11.519 25346 25675 I VkAutocorrect: will correct: vo → vó
07-21 12:34:11.519 25346 25675 I VkSuggestions: strip composing typedLen=2 candidates=19 autocorrect=true top=vo locale=pt
07-21 12:34:11.527 25346 25346 I VkSuggestions: stripUi prediction=false children=5 [vo|vó|vô]
07-21 12:34:11.862 25346 25675 W VibeKeyProfiler: Slow Native Suggest: Total=11.81ms | Init=0.48ms | TrieExpand(x14)=11.28ms | Scoring=0.04ms | inputSize=3
07-21 12:34:11.871 25346 25675 W VibeKeyProfiler: Slow Native Suggest: Total=8.37ms | Init=0.14ms | TrieExpand(x17)=8.18ms | Scoring=0.05ms | inputSize=3
07-21 12:34:11.871 25346 25675 I VkSuggestions: decode typedLen=3 candidates=18 locales=1 21,4ms
07-21 12:34:11.872 25346 25675 W VkSuggestions: slow frame 21,4ms locales=1 typedLen=3 candidates=18
07-21 12:34:11.875 25346 25675 I VkAutocorrect: will correct: voc → você
07-21 12:34:11.876 25346 25675 I VkSuggestions: strip composing typedLen=3 candidates=19 autocorrect=true top=voc locale=pt
07-21 12:34:11.882 25346 25346 I VkSuggestions: stripUi prediction=false children=5 [voc|você|vocalista]
07-21 12:34:12.232 25346 25675 W VibeKeyProfiler: Slow Native Suggest: Total=10.57ms | Init=0.39ms | TrieExpand(x12)=10.14ms | Scoring=0.05ms | inputSize=4
07-21 12:34:12.241 25346 25675 W VibeKeyProfiler: Slow Native Suggest: Total=8.81ms | Init=0.22ms | TrieExpand(x17)=8.56ms | Scoring=0.03ms | inputSize=4
07-21 12:34:12.242 25346 25675 I VkSuggestions: decode typedLen=4 candidates=18 locales=1 20,6ms
