07-07 20:53:25.241  5339  5339 W LayerDrawable: 	at android.view.ViewRootImpl.performTraversals(ViewRootImpl.java:3338)
07-07 20:53:25.241  5339  5339 W LayerDrawable: 	at android.view.ViewRootImpl.doTraversal(ViewRootImpl.java:2305)
07-07 20:53:25.241  5339  5339 W LayerDrawable: 	at android.view.ViewRootImpl$TraversalRunnable.run(ViewRootImpl.java:9133)
07-07 20:53:25.241  5339  5339 W LayerDrawable: 	at android.view.Choreographer$CallbackRecord.run(Choreographer.java:1232)
07-07 20:53:25.241  5339  5339 W LayerDrawable: 	at android.view.Choreographer.doCallbacks(Choreographer.java:1029)
07-07 20:53:25.241  5339  5339 W LayerDrawable: 	at android.view.Choreographer.doFrame(Choreographer.java:934)
07-07 20:53:25.241  5339  5339 W LayerDrawable: 	at android.view.Choreographer$FrameDisplayEventReceiver.run(Choreographer.java:1217)
07-07 20:53:25.241  5339  5339 W LayerDrawable: 	at android.os.Handler.handleCallback(Handler.java:938)
07-07 20:53:25.241  5339  5339 W LayerDrawable: 	at android.os.Handler.dispatchMessage(Handler.java:99)
07-07 20:53:25.241  5339  5339 W LayerDrawable: 	at android.os.Looper.loopOnce(Looper.java:233)
07-07 20:53:25.241  5339  5339 W LayerDrawable: 	at android.os.Looper.loop(Looper.java:344)
07-07 20:53:25.241  5339  5339 W LayerDrawable: 	at android.app.ActivityThread.main(ActivityThread.java:8212)
07-07 20:53:25.241  5339  5339 W LayerDrawable: 	at java.lang.reflect.Method.invoke(Native Method)
07-07 20:53:25.241  5339  5339 W LayerDrawable: 	at com.android.internal.os.RuntimeInit$MethodAndArgsCaller.run(RuntimeInit.java:584)
07-07 20:53:25.241  5339  5339 W LayerDrawable: 	at com.android.internal.os.ZygoteInit.main(ZygoteInit.java:1034)
07-07 20:53:25.243  5339  5339 W View    : requestLayout() improperly called by android.widget.LinearLayout{bdc7934 V.E...... ......ID 0,1868-1440,2818 #7f0a011b app:id/main_keyboard_frame} during layout: running second layout pass
07-07 20:53:25.263  5339  5339 W LayerDrawable: Invalid drawable added to LayerDrawable! Drawable already belongs to another owner but does not expose a constant state.
07-07 20:53:25.263  5339  5339 W LayerDrawable: java.lang.RuntimeException
07-07 20:53:25.263  5339  5339 W LayerDrawable: 	at android.graphics.drawable.LayerDrawable$ChildDrawable.<init>(LayerDrawable.java:1857)
07-07 20:53:25.263  5339  5339 W LayerDrawable: 	at android.graphics.drawable.LayerDrawable$LayerState.<init>(LayerDrawable.java:1977)
07-07 20:53:25.263  5339  5339 W LayerDrawable: 	at android.graphics.drawable.LayerDrawable.createConstantState(LayerDrawable.java:174)
07-07 20:53:25.263  5339  5339 W LayerDrawable: 	at android.graphics.drawable.LayerDrawable.mutate(LayerDrawable.java:1782)
07-07 20:53:25.263  5339  5339 W LayerDrawable: 	at helium314.keyboard.latin.InputView.g(r8-map-id-ad73b94404394bfc85426ccd0b1e70e5f0945155e663f3d0fd3f21863db96ca4:630)
07-07 20:53:25.263  5339  5339 W LayerDrawable: 	at p7.x.a(r8-map-id-ad73b94404394bfc85426ccd0b1e70e5f0945155e663f3d0fd3f21863db96ca4:232)
07-07 20:53:25.263  5339  5339 W LayerDrawable: 	at a8.t0.run(r8-map-id-ad73b94404394bfc85426ccd0b1e70e5f0945155e663f3d0fd3f21863db96ca4:279)
07-07 20:53:25.263  5339  5339 W LayerDrawable: 	at helium314.keyboard.latin.InputView.f(r8-map-id-ad73b94404394bfc85426ccd0b1e70e5f0945155e663f3d0fd3f21863db96ca4:39)
07-07 20:53:25.263  5339  5339 W LayerDrawable: 	at i7.d0.a(r8-map-id-ad73b94404394bfc85426ccd0b1e70e5f0945155e663f3d0fd3f21863db96ca4:73)
07-07 20:53:25.263  5339  5339 W LayerDrawable: 	at a8.y0.run(r8-map-id-ad73b94404394bfc85426ccd0b1e70e5f0945155e663f3d0fd3f21863db96ca4:411)
07-07 20:53:25.263  5339  5339 W LayerDrawable: 	at android.os.Handler.handleCallback(Handler.java:938)
07-07 20:53:25.263  5339  5339 W LayerDrawable: 	at android.os.Handler.dispatchMessage(Handler.java:99)
07-07 20:53:25.263  5339  5339 W LayerDrawable: 	at android.os.Looper.loopOnce(Looper.java:233)
07-07 20:53:25.263  5339  5339 W LayerDrawable: 	at android.os.Looper.loop(Looper.java:344)
07-07 20:53:25.263  5339  5339 W LayerDrawable: 	at android.app.ActivityThread.main(ActivityThread.java:8212)
07-07 20:53:25.263  5339  5339 W LayerDrawable: 	at java.lang.reflect.Method.invoke(Native Method)
07-07 20:53:25.263  5339  5339 W LayerDrawable: 	at com.android.internal.os.RuntimeInit$MethodAndArgsCaller.run(RuntimeInit.java:584)
07-07 20:53:25.263  5339  5339 W LayerDrawable: 	at com.android.internal.os.ZygoteInit.main(ZygoteInit.java:1034)
07-07 20:53:25.292  5339  5478 W VkSuggestions: slow frame 16,7ms locales=2 typedLen=1 candidates=18 parallelWait=16,6ms
07-07 20:53:25.293  5339  5478 I VkSuggestions: strip composing typedLen=1 candidates=17 autocorrect=false locale=pt
07-07 20:53:25.641  5339  5824 W libc    : Access denied finding property "vendor.oplus.media.vpp.stutter"
07-07 20:53:26.037  5339  5478 I VkSuggestions: strip composing typedLen=2 candidates=15 autocorrect=false locale=pt
07-07 20:53:26.190  5339  5478 I VkSuggestions: strip composing typedLen=3 candidates=17 autocorrect=false locale=pt
07-07 20:53:26.334  5339  5478 I VkSuggestions: strip composing typedLen=4 candidates=18 autocorrect=false locale=pt
07-07 20:53:26.465  5339  5478 I VkSuggestions: strip composing typedLen=5 candidates=17 autocorrect=false locale=pt
07-07 20:53:26.642  5339  5824 W libc    : Access denied finding property "vendor.oplus.media.vpp.stutter"
07-07 20:53:26.882  5339  5339 I VkSwipe : ▶ gesture started locale=pt-BR
07-07 20:53:26.945  5339  5478 W VibeKeyProfiler: Slow Native Suggest: Total=11.25ms | Init=0.13ms | TrieExpand(x19)=11.11ms | Scoring=0.02ms | inputSize=19
07-07 20:53:26.952  5339  5478 W VkSuggestions: slow frame 17,8ms locales=2 typedLen=0 candidates=18 parallelWait=17,8ms
07-07 20:53:27.186  5339  5478 W VibeKeyProfiler: Slow Native Suggest: Total=10.34ms | Init=0.22ms | TrieExpand(x21)=10.10ms | Scoring=0.02ms | inputSize=39
07-07 20:53:27.193  5339  5478 W VkSuggestions: slow frame 17,2ms locales=2 typedLen=0 candidates=18 parallelWait=17,2ms
07-07 20:53:27.395  5339  5478 W VibeKeyProfiler: Slow Native Suggest: Total=18.79ms | Init=0.25ms | TrieExpand(x37)=18.53ms | Scoring=0.02ms | inputSize=51
07-07 20:53:27.401  5339  5478 W VkSuggestions: slow frame 25,4ms locales=2 typedLen=0 candidates=18 parallelWait=25,3ms
07-07 20:53:27.433  5339  5478 W VibeKeyProfiler: Slow Native Suggest: Total=18.11ms | Init=0.11ms | TrieExpand(x37)=17.98ms | Scoring=0.02ms | inputSize=51
07-07 20:53:27.440  5339  5478 W VkSuggestions: slow frame 24,9ms locales=2 typedLen=0 candidates=18 parallelWait=24,8ms
07-07 20:53:27.456  5339  5339 I VkSwipe : ✓ gesture points=51 decodedLen=3 candidates=16 top=ghz 574ms
07-07 20:53:27.642  5339  5824 W libc    : Access denied finding property "vendor.oplus.media.vpp.stutter"
07-07 20:53:27.769  5339  5478 I VkSuggestions: strip composing typedLen=2 candidates=16 autocorrect=false locale=pt
07-07 20:53:27.954  5339  5478 I VkSuggestions: strip composing typedLen=3 candidates=15 autocorrect=false locale=pt
07-07 20:53:28.086  5339  5478 W VibeKeyProfiler: Slow Native Suggest: Total=8.48ms | Init=0.05ms | TrieExpand(x13)=8.38ms | Scoring=0.05ms | inputSize=4
07-07 20:53:28.093  5339  5478 I VkSuggestions: strip composing typedLen=4 candidates=17 autocorrect=false locale=pt
07-07 20:53:28.643  5339  5824 W libc    : Access denied finding property "vendor.oplus.media.vpp.stutter"
07-07 20:53:29.612  5339  5478 W VibeKeyProfiler: Slow Native Suggest: Total=10.01ms | Init=0.10ms | TrieExpand(x17)=9.85ms | Scoring=0.06ms | inputSize=3
07-07 20:53:29.618  5339  5478 W VkSuggestions: slow frame 20,9ms locales=2 typedLen=3 candidates=18 parallelWait=20,6ms
07-07 20:53:29.620  5339  5478 I VkSuggestions: strip composing typedLen=3 candidates=18 autocorrect=false locale=pt
07-07 20:53:29.644  5339  5824 W libc    : Access denied finding property "vendor.oplus.media.vpp.stutter"
07-07 20:53:29.993  5339  5478 I VkSuggestions: strip composing typedLen=2 candidates=16 autocorrect=false locale=pt
07-07 20:53:30.145  5339  5478 W VibeKeyProfiler: Slow Native Suggest: Total=9.76ms | Init=0.24ms | TrieExpand(x15)=9.47ms | Scoring=0.04ms | inputSize=1
07-07 20:53:30.159  5339  5478 W VibeKeyProfiler: Slow Native Suggest: Total=12.04ms | Init=0.30ms | TrieExpand(x15)=11.70ms | Scoring=0.04ms | inputSize=1
07-07 20:53:30.164  5339  5478 W VkSuggestions: slow frame 28,3ms locales=2 typedLen=1 candidates=18 parallelWait=28,2ms
07-07 20:53:30.165  5339  5478 I VkSuggestions: strip composing typedLen=1 candidates=19 autocorrect=false locale=pt
07-07 20:53:30.646  5339  5824 W libc    : Access denied finding property "vendor.oplus.media.vpp.stutter"
07-07 20:53:31.503  5339  5339 W LayerDrawable: Invalid drawable added to LayerDrawable! Drawable already belongs to another owner but does not expose a constant state.
07-07 20:53:31.503  5339  5339 W LayerDrawable: java.lang.RuntimeException
07-07 20:53:31.503  5339  5339 W LayerDrawable: 	at android.graphics.drawable.LayerDrawable$ChildDrawable.<init>(LayerDrawable.java:1857)
07-07 20:53:31.503  5339  5339 W LayerDrawable: 	at android.graphics.drawable.LayerDrawable$LayerState.<init>(LayerDrawable.java:1977)
07-07 20:53:31.503  5339  5339 W LayerDrawable: 	at android.graphics.drawable.LayerDrawable.createConstantState(LayerDrawable.java:174)
07-07 20:53:31.503  5339  5339 W LayerDrawable: 	at android.graphics.drawable.LayerDrawable.mutate(LayerDrawable.java:1782)
07-07 20:53:31.503  5339  5339 W LayerDrawable: 	at helium314.keyboard.latin.InputView.g(r8-map-id-ad73b94404394bfc85426ccd0b1e70e5f0945155e663f3d0fd3f21863db96ca4:630)
07-07 20:53:31.503  5339  5339 W LayerDrawable: 	at p7.x.a(r8-map-id-ad73b94404394bfc85426ccd0b1e70e5f0945155e663f3d0fd3f21863db96ca4:232)
07-07 20:53:31.503  5339  5339 W LayerDrawable: 	at a8.t0.run(r8-map-id-ad73b94404394bfc85426ccd0b1e70e5f0945155e663f3d0fd3f21863db96ca4:279)
07-07 20:53:31.503  5339  5339 W LayerDrawable: 	at helium314.keyboard.latin.InputView.f(r8-map-id-ad73b94404394bfc85426ccd0b1e70e5f0945155e663f3d0fd3f21863db96ca4:39)
07-07 20:53:31.503  5339  5339 W LayerDrawable: 	at i7.d0.a(r8-map-id-ad73b94404394bfc85426ccd0b1e70e5f0945155e663f3d0fd3f21863db96ca4:73)
07-07 20:53:31.503  5339  5339 W LayerDrawable: 	at i7.d0.z(r8-map-id-ad73b94404394bfc85426ccd0b1e70e5f0945155e663f3d0fd3f21863db96ca4:286)
07-07 20:53:31.503  5339  5339 W LayerDrawable: 	at helium314.keyboard.latin.LatinIME.hideWindow(r8-map-id-ad73b94404394bfc85426ccd0b1e70e5f0945155e663f3d0fd3f21863db96ca4:37)
07-07 20:53:31.503  5339  5339 W LayerDrawable: 	at android.inputmethodservice.InputMethodService.doHideWindow(InputMethodService.java:2441)
07-07 20:53:31.503  5339  5339 W LayerDrawable: 	at android.inputmethodservice.InputMethodService.access$500(InputMethodService.java:307)
07-07 20:53:31.503  5339  5339 W LayerDrawable: 	at android.inputmethodservice.InputMethodService$InputMethodImpl.hideSoftInput(InputMethodService.java:795)
07-07 20:53:31.503  5339  5339 W LayerDrawable: 	at android.inputmethodservice.InputMethodService$InputMethodImpl.hideSoftInputWithToken(InputMethodService.java:757)
07-07 20:53:31.503  5339  5339 W LayerDrawable: 	at android.inputmethodservice.IInputMethodWrapper.executeMessage(IInputMethodWrapper.java:232)
07-07 20:53:31.503  5339  5339 W LayerDrawable: 	at com.android.internal.os.HandlerCaller$MyHandler.handleMessage(HandlerCaller.java:44)
07-07 20:53:31.503  5339  5339 W LayerDrawable: 	at android.os.Handler.dispatchMessage(Handler.java:106)
07-07 20:53:31.503  5339  5339 W LayerDrawable: 	at android.os.Looper.loopOnce(Looper.java:233)
07-07 20:53:31.503  5339  5339 W LayerDrawable: 	at android.os.Looper.loop(Looper.java:344)
07-07 20:53:31.503  5339  5339 W LayerDrawable: 	at android.app.ActivityThread.main(ActivityThread.java:8212)
07-07 20:53:31.503  5339  5339 W LayerDrawable: 	at java.lang.reflect.Method.invoke(Native Method)
07-07 20:53:31.503  5339  5339 W LayerDrawable: 	at com.android.internal.os.RuntimeInit$MethodAndArgsCaller.run(RuntimeInit.java:584)
07-07 20:53:31.503  5339  5339 W LayerDrawable: 	at com.android.internal.os.ZygoteInit.main(ZygoteInit.java:1034)
07-07 20:53:31.561  5339  5339 W LayerDrawable: Invalid drawable added to LayerDrawable! Drawable already belongs to another owner but does not expose a constant state.
07-07 20:53:31.561  5339  5339 W LayerDrawable: java.lang.RuntimeException
07-07 20:53:31.561  5339  5339 W LayerDrawable: 	at android.graphics.drawable.LayerDrawable$ChildDrawable.<init>(LayerDrawable.java:1857)
07-07 20:53:31.561  5339  5339 W LayerDrawable: 	at android.graphics.drawable.LayerDrawable$LayerState.<init>(LayerDrawable.java:1977)
07-07 20:53:31.561  5339  5339 W LayerDrawable: 	at android.graphics.drawable.LayerDrawable.createConstantState(LayerDrawable.java:174)
07-07 20:53:31.561  5339  5339 W LayerDrawable: 	at android.graphics.drawable.LayerDrawable.mutate(LayerDrawable.java:1782)
07-07 20:53:31.561  5339  5339 W LayerDrawable: 	at helium314.keyboard.latin.InputView.g(r8-map-id-ad73b94404394bfc85426ccd0b1e70e5f0945155e663f3d0fd3f21863db96ca4:630)
07-07 20:53:31.561  5339  5339 W LayerDrawable: 	at p7.x.a(r8-map-id-ad73b94404394bfc85426ccd0b1e70e5f0945155e663f3d0fd3f21863db96ca4:232)
07-07 20:53:31.561  5339  5339 W LayerDrawable: 	at a8.t0.run(r8-map-id-ad73b94404394bfc85426ccd0b1e70e5f0945155e663f3d0fd3f21863db96ca4:279)
07-07 20:53:31.561  5339  5339 W LayerDrawable: 	at helium314.keyboard.latin.InputView.f(r8-map-id-ad73b94404394bfc85426ccd0b1e70e5f0945155e663f3d0fd3f21863db96ca4:39)
07-07 20:53:31.561  5339  5339 W LayerDrawable: 	at i7.d0.a(r8-map-id-ad73b94404394bfc85426ccd0b1e70e5f0945155e663f3d0fd3f21863db96ca4:73)
07-07 20:53:31.561  5339  5339 W LayerDrawable: 	at a8.y0.run(r8-map-id-ad73b94404394bfc85426ccd0b1e70e5f0945155e663f3d0fd3f21863db96ca4:411)
07-07 20:53:31.561  5339  5339 W LayerDrawable: 	at android.os.Handler.handleCallback(Handler.java:938)
07-07 20:53:31.561  5339  5339 W LayerDrawable: 	at android.os.Handler.dispatchMessage(Handler.java:99)
07-07 20:53:31.561  5339  5339 W LayerDrawable: 	at android.os.Looper.loopOnce(Looper.java:233)
07-07 20:53:31.561  5339  5339 W LayerDrawable: 	at android.os.Looper.loop(Looper.java:344)
07-07 20:53:31.561  5339  5339 W LayerDrawable: 	at android.app.ActivityThread.main(ActivityThread.java:8212)
07-07 20:53:31.561  5339  5339 W LayerDrawable: 	at java.lang.reflect.Method.invoke(Native Method)
07-07 20:53:31.561  5339  5339 W LayerDrawable: 	at com.android.internal.os.RuntimeInit$MethodAndArgsCaller.run(RuntimeInit.java:584)
07-07 20:53:31.561  5339  5339 W LayerDrawable: 	at com.android.internal.os.ZygoteInit.main(ZygoteInit.java:1034)
07-07 20:53:31.647  5339  5824 W libc    : Access denied finding property "vendor.oplus.media.vpp.stutter"
07-07 20:53:32.649  5339  5824 W libc    : Access denied finding property "vendor.oplus.media.vpp.stutter"
07-07 20:53:33.634  5339  5339 W LayerDrawable: Invalid drawable added to LayerDrawable! Drawable already belongs to another owner but does not expose a constant state.
07-07 20:53:33.634  5339  5339 W LayerDrawable: java.lang.RuntimeException
07-07 20:53:33.634  5339  5339 W LayerDrawable: 	at android.graphics.drawable.LayerDrawable$ChildDrawable.<init>(LayerDrawable.java:1857)
07-07 20:53:33.634  5339  5339 W LayerDrawable: 	at android.graphics.drawable.LayerDrawable$LayerState.<init>(LayerDrawable.java:1977)
07-07 20:53:33.634  5339  5339 W LayerDrawable: 	at android.graphics.drawable.LayerDrawable.createConstantState(LayerDrawable.java:174)
07-07 20:53:33.634  5339  5339 W LayerDrawable: 	at android.graphics.drawable.LayerDrawable.mutate(LayerDrawable.java:1782)
07-07 20:53:33.634  5339  5339 W LayerDrawable: 	at helium314.keyboard.latin.InputView.g(r8-map-id-ad73b94404394bfc85426ccd0b1e70e5f0945155e663f3d0fd3f21863db96ca4:630)
07-07 20:53:33.634  5339  5339 W LayerDrawable: 	at p7.x.a(r8-map-id-ad73b94404394bfc85426ccd0b1e70e5f0945155e663f3d0fd3f21863db96ca4:232)
07-07 20:53:33.634  5339  5339 W LayerDrawable: 	at a8.t0.run(r8-map-id-ad73b94404394bfc85426ccd0b1e70e5f0945155e663f3d0fd3f21863db96ca4:279)
07-07 20:53:33.634  5339  5339 W LayerDrawable: 	at helium314.keyboard.latin.InputView.f(r8-map-id-ad73b94404394bfc85426ccd0b1e70e5f0945155e663f3d0fd3f21863db96ca4:39)
07-07 20:53:33.634  5339  5339 W LayerDrawable: 	at i7.d0.a(r8-map-id-ad73b94404394bfc85426ccd0b1e70e5f0945155e663f3d0fd3f21863db96ca4:73)
07-07 20:53:33.634  5339  5339 W LayerDrawable: 	at i7.d0.r(r8-map-id-ad73b94404394bfc85426ccd0b1e70e5f0945155e663f3d0fd3f21863db96ca4:245)
07-07 20:53:33.634  5339  5339 W LayerDrawable: 	at i7.d0.U(r8-map-id-ad73b94404394bfc85426ccd0b1e70e5f0945155e663f3d0fd3f21863db96ca4:53)
07-07 20:53:33.634  5339  5339 W LayerDrawable: 	at i7.d0.R(r8-map-id-ad73b94404394bfc85426ccd0b1e70e5f0945155e663f3d0fd3f21863db96ca4:3)
07-07 20:53:33.634  5339  5339 W LayerDrawable: 	at m7.o0.c(r8-map-id-ad73b94404394bfc85426ccd0b1e70e5f0945155e663f3d0fd3f21863db96ca4:12)
07-07 20:53:33.634  5339  5339 W LayerDrawable: 	at m7.o0.b(r8-map-id-ad73b94404394bfc85426ccd0b1e70e5f0945155e663f3d0fd3f21863db96ca4:51)
07-07 20:53:33.634  5339  5339 W LayerDrawable: 	at i7.d0.w(r8-map-id-ad73b94404394bfc85426ccd0b1e70e5f0945155e663f3d0fd3f21863db96ca4:91)
07-07 20:53:33.634  5339  5339 W LayerDrawable: 	at i7.d0.H(r8-map-id-ad73b94404394bfc85426ccd0b1e70e5f0945155e663f3d0fd3f21863db96ca4:30)
07-07 20:53:33.634  5339  5339 W LayerDrawable: 	at helium314.keyboard.latin.LatinIME.onStartInputView(r8-map-id-ad73b94404394bfc85426ccd0b1e70e5f0945155e663f3d0fd3f21863db96ca4:936)
07-07 20:53:33.634  5339  5339 W LayerDrawable: 	at android.inputmethodservice.InputMethodService.startViews(InputMethodService.java:2400)
07-07 20:53:33.634  5339  5339 W LayerDrawable: 	at android.inputmethodservice.InputMethodService.showWindow(InputMethodService.java:2341)
07-07 20:53:33.634  5339  5339 W LayerDrawable: 	at android.inputmethodservice.InputMethodService$InputMethodImpl.showSoftInput(InputMethodService.java:848)
07-07 20:53:33.634  5339  5339 W LayerDrawable: 	at android.inputmethodservice.InputMethodService$InputMethodImpl.showSoftInputWithToken(InputMethodService.java:817)
07-07 20:53:33.634  5339  5339 W LayerDrawable: 	at android.inputmethodservice.IInputMethodWrapper.executeMessage(IInputMethodWrapper.java:225)
07-07 20:53:33.634  5339  5339 W LayerDrawable: 	at com.android.internal.os.HandlerCaller$MyHandler.handleMessage(HandlerCaller.java:44)
07-07 20:53:33.634  5339  5339 W LayerDrawable: 	at android.os.Handler.dispatchMessage(Handler.java:106)
07-07 20:53:33.634  5339  5339 W LayerDrawable: 	at android.os.Looper.loopOnce(Looper.java:233)
07-07 20:53:33.634  5339  5339 W LayerDrawable: 	at android.os.Looper.loop(Looper.java:344)
07-07 20:53:33.634  5339  5339 W LayerDrawable: 	at android.app.ActivityThread.main(ActivityThread.java:8212)
07-07 20:53:33.634  5339  5339 W LayerDrawable: 	at java.lang.reflect.Method.invoke(Native Method)
07-07 20:53:33.634  5339  5339 W LayerDrawable: 	at com.android.internal.os.RuntimeInit$MethodAndArgsCaller.run(RuntimeInit.java:584)
07-07 20:53:33.634  5339  5339 W LayerDrawable: 	at com.android.internal.os.ZygoteInit.main(ZygoteInit.java:1034)
07-07 20:53:33.650  5339  5824 W libc    : Access denied finding property "vendor.oplus.media.vpp.stutter"
07-07 20:53:33.671  5339  5339 W LayerDrawable: Invalid drawable added to LayerDrawable! Drawable already belongs to another owner but does not expose a constant state.
07-07 20:53:33.671  5339  5339 W LayerDrawable: java.lang.RuntimeException
07-07 20:53:33.671  5339  5339 W LayerDrawable: 	at android.graphics.drawable.LayerDrawable$ChildDrawable.<init>(LayerDrawable.java:1857)
07-07 20:53:33.671  5339  5339 W LayerDrawable: 	at android.graphics.drawable.LayerDrawable$LayerState.<init>(LayerDrawable.java:1977)
07-07 20:53:33.671  5339  5339 W LayerDrawable: 	at android.graphics.drawable.LayerDrawable.createConstantState(LayerDrawable.java:174)
07-07 20:53:33.671  5339  5339 W LayerDrawable: 	at android.graphics.drawable.LayerDrawable.mutate(LayerDrawable.java:1782)
07-07 20:53:33.671  5339  5339 W LayerDrawable: 	at helium314.keyboard.latin.InputView.g(r8-map-id-ad73b94404394bfc85426ccd0b1e70e5f0945155e663f3d0fd3f21863db96ca4:630)
07-07 20:53:33.671  5339  5339 W LayerDrawable: 	at p7.x.a(r8-map-id-ad73b94404394bfc85426ccd0b1e70e5f0945155e663f3d0fd3f21863db96ca4:232)
07-07 20:53:33.671  5339  5339 W LayerDrawable: 	at a8.t0.run(r8-map-id-ad73b94404394bfc85426ccd0b1e70e5f0945155e663f3d0fd3f21863db96ca4:279)
07-07 20:53:33.671  5339  5339 W LayerDrawable: 	at helium314.keyboard.latin.InputView.f(r8-map-id-ad73b94404394bfc85426ccd0b1e70e5f0945155e663f3d0fd3f21863db96ca4:39)
07-07 20:53:33.671  5339  5339 W LayerDrawable: 	at i7.d0.a(r8-map-id-ad73b94404394bfc85426ccd0b1e70e5f0945155e663f3d0fd3f21863db96ca4:73)
07-07 20:53:33.671  5339  5339 W LayerDrawable: 	at a8.y0.run(r8-map-id-ad73b94404394bfc85426ccd0b1e70e5f0945155e663f3d0fd3f21863db96ca4:411)
07-07 20:53:33.671  5339  5339 W LayerDrawable: 	at android.os.Handler.handleCallback(Handler.java:938)
07-07 20:53:33.671  5339  5339 W LayerDrawable: 	at android.os.Handler.dispatchMessage(Handler.java:99)
07-07 20:53:33.671  5339  5339 W LayerDrawable: 	at android.os.Looper.loopOnce(Looper.java:233)
07-07 20:53:33.671  5339  5339 W LayerDrawable: 	at android.os.Looper.loop(Looper.java:344)
07-07 20:53:33.671  5339  5339 W LayerDrawable: 	at android.app.ActivityThread.main(ActivityThread.java:8212)
07-07 20:53:33.671  5339  5339 W LayerDrawable: 	at java.lang.reflect.Method.invoke(Native Method)
07-07 20:53:33.671  5339  5339 W LayerDrawable: 	at com.android.internal.os.RuntimeInit$MethodAndArgsCaller.run(RuntimeInit.java:584)
07-07 20:53:33.671  5339  5339 W LayerDrawable: 	at com.android.internal.os.ZygoteInit.main(ZygoteInit.java:1034)
07-07 20:53:34.650  5339  5824 W libc    : Access denied finding property "vendor.oplus.media.vpp.stutter"
07-07 20:53:35.023  5339  6040 E ActivityThread: Failed to find provider info for com.oplus.statistics.provider
07-07 20:53:35.023  5339  6040 E OplusStatistics--: IllegalArgumentException:java.lang.IllegalArgumentException: Unknown URL content://com.oplus.statistics.provider/track_event
07-07 20:53:35.651  5339  5824 W libc    : Access denied finding property "vendor.oplus.media.vpp.stutter"
07-07 20:53:36.652  5339  5824 W libc    : Access denied finding property "vendor.oplus.media.vpp.stutter"
07-07 20:53:37.652  5339  5824 W libc    : Access denied finding property "vendor.oplus.media.vpp.stutter"
07-07 20:53:37.802  5339  5339 W LayerDrawable: Invalid drawable added to LayerDrawable! Drawable already belongs to another owner but does not expose a constant state.
07-07 20:53:37.802  5339  5339 W LayerDrawable: java.lang.RuntimeException
07-07 20:53:37.802  5339  5339 W LayerDrawable: 	at android.graphics.drawable.LayerDrawable$ChildDrawable.<init>(LayerDrawable.java:1857)
07-07 20:53:37.802  5339  5339 W LayerDrawable: 	at android.graphics.drawable.LayerDrawable$LayerState.<init>(LayerDrawable.java:1977)
07-07 20:53:37.802  5339  5339 W LayerDrawable: 	at android.graphics.drawable.LayerDrawable.createConstantState(LayerDrawable.java:174)
07-07 20:53:37.802  5339  5339 W LayerDrawable: 	at android.graphics.drawable.LayerDrawable.mutate(LayerDrawable.java:1782)
07-07 20:53:37.802  5339  5339 W LayerDrawable: 	at helium314.keyboard.latin.InputView.g(r8-map-id-ad73b94404394bfc85426ccd0b1e70e5f0945155e663f3d0fd3f21863db96ca4:630)
07-07 20:53:37.802  5339  5339 W LayerDrawable: 	at p7.x.a(r8-map-id-ad73b94404394bfc85426ccd0b1e70e5f0945155e663f3d0fd3f21863db96ca4:232)
07-07 20:53:37.802  5339  5339 W LayerDrawable: 	at a8.t0.run(r8-map-id-ad73b94404394bfc85426ccd0b1e70e5f0945155e663f3d0fd3f21863db96ca4:279)
07-07 20:53:37.802  5339  5339 W LayerDrawable: 	at helium314.keyboard.latin.InputView.f(r8-map-id-ad73b94404394bfc85426ccd0b1e70e5f0945155e663f3d0fd3f21863db96ca4:39)
07-07 20:53:37.802  5339  5339 W LayerDrawable: 	at i7.d0.a(r8-map-id-ad73b94404394bfc85426ccd0b1e70e5f0945155e663f3d0fd3f21863db96ca4:73)
07-07 20:53:37.802  5339  5339 W LayerDrawable: 	at i7.d0.r(r8-map-id-ad73b94404394bfc85426ccd0b1e70e5f0945155e663f3d0fd3f21863db96ca4:245)
07-07 20:53:37.802  5339  5339 W LayerDrawable: 	at x7.b.u(r8-map-id-ad73b94404394bfc85426ccd0b1e70e5f0945155e663f3d0fd3f21863db96ca4:301)
07-07 20:53:37.802  5339  5339 W LayerDrawable: 	at helium314.keyboard.latin.LatinIME.l(r8-map-id-ad73b94404394bfc85426ccd0b1e70e5f0945155e663f3d0fd3f21863db96ca4:36)
07-07 20:53:37.802  5339  5339 W LayerDrawable: 	at i7.m.a(r8-map-id-ad73b94404394bfc85426ccd0b1e70e5f0945155e663f3d0fd3f21863db96ca4:262)
07-07 20:53:37.802  5339  5339 W LayerDrawable: 	at helium314.keyboard.latin.suggestions.SuggestionStripView.onClick(r8-map-id-ad73b94404394bfc85426ccd0b1e70e5f0945155e663f3d0fd3f21863db96ca4:45)
07-07 20:53:37.802  5339  5339 W LayerDrawable: 	at android.view.View.performClick(View.java:7488)
07-07 20:53:37.802  5339  5339 W LayerDrawable: 	at android.view.View.performClickInternal(View.java:7464)
07-07 20:53:37.802  5339  5339 W LayerDrawable: 	at android.view.View.access$3700(View.java:841)
07-07 20:53:37.802  5339  5339 W LayerDrawable: 	at android.view.View$PerformClick.run(View.java:28911)
07-07 20:53:37.802  5339  5339 W LayerDrawable: 	at android.os.Handler.handleCallback(Handler.java:938)
07-07 20:53:37.802  5339  5339 W LayerDrawable: 	at android.os.Handler.dispatchMessage(Handler.java:99)
07-07 20:53:37.802  5339  5339 W LayerDrawable: 	at android.os.Looper.loopOnce(Looper.java:233)
07-07 20:53:37.802  5339  5339 W LayerDrawable: 	at android.os.Looper.loop(Looper.java:344)
07-07 20:53:37.802  5339  5339 W LayerDrawable: 	at android.app.ActivityThread.main(ActivityThread.java:8212)
07-07 20:53:37.802  5339  5339 W LayerDrawable: 	at java.lang.reflect.Method.invoke(Native Method)
07-07 20:53:37.802  5339  5339 W LayerDrawable: 	at com.android.internal.os.RuntimeInit$MethodAndArgsCaller.run(RuntimeInit.java:584)
07-07 20:53:37.802  5339  5339 W LayerDrawable: 	at com.android.internal.os.ZygoteInit.main(ZygoteInit.java:1034)
07-07 20:53:37.832  5339  5339 W LayerDrawable: Invalid drawable added to LayerDrawable! Drawable already belongs to another owner but does not expose a constant state.
07-07 20:53:37.832  5339  5339 W LayerDrawable: java.lang.RuntimeException
07-07 20:53:37.832  5339  5339 W LayerDrawable: 	at android.graphics.drawable.LayerDrawable$ChildDrawable.<init>(LayerDrawable.java:1857)
07-07 20:53:37.832  5339  5339 W LayerDrawable: 	at android.graphics.drawable.LayerDrawable$LayerState.<init>(LayerDrawable.java:1977)
07-07 20:53:37.832  5339  5339 W LayerDrawable: 	at android.graphics.drawable.LayerDrawable.createConstantState(LayerDrawable.java:174)
07-07 20:53:37.832  5339  5339 W LayerDrawable: 	at android.graphics.drawable.LayerDrawable.mutate(LayerDrawable.java:1782)
07-07 20:53:37.832  5339  5339 W LayerDrawable: 	at helium314.keyboard.latin.InputView.g(r8-map-id-ad73b94404394bfc85426ccd0b1e70e5f0945155e663f3d0fd3f21863db96ca4:630)
07-07 20:53:37.832  5339  5339 W LayerDrawable: 	at p7.x.a(r8-map-id-ad73b94404394bfc85426ccd0b1e70e5f0945155e663f3d0fd3f21863db96ca4:232)
07-07 20:53:37.832  5339  5339 W LayerDrawable: 	at a8.t0.run(r8-map-id-ad73b94404394bfc85426ccd0b1e70e5f0945155e663f3d0fd3f21863db96ca4:279)
07-07 20:53:37.832  5339  5339 W LayerDrawable: 	at helium314.keyboard.latin.InputView.f(r8-map-id-ad73b94404394bfc85426ccd0b1e70e5f0945155e663f3d0fd3f21863db96ca4:39)
07-07 20:53:37.832  5339  5339 W LayerDrawable: 	at i7.d0.a(r8-map-id-ad73b94404394bfc85426ccd0b1e70e5f0945155e663f3d0fd3f21863db96ca4:73)
07-07 20:53:37.832  5339  5339 W LayerDrawable: 	at a8.j3.onLayoutChange(r8-map-id-ad73b94404394bfc85426ccd0b1e70e5f0945155e663f3d0fd3f21863db96ca4:39)
07-07 20:53:37.832  5339  5339 W LayerDrawable: 	at android.view.View.layout(View.java:23348)
07-07 20:53:37.832  5339  5339 W LayerDrawable: 	at android.view.ViewGroup.layout(ViewGroup.java:6505)
07-07 20:53:37.832  5339  5339 W LayerDrawable: 	at android.widget.FrameLayout.layoutChildren(FrameLayout.java:332)
07-07 20:53:37.832  5339  5339 W LayerDrawable: 	at android.widget.FrameLayout.onLayout(FrameLayout.java:270)
07-07 20:53:37.832  5339  5339 W LayerDrawable: 	at android.view.View.layout(View.java:23330)
07-07 20:53:37.832  5339  5339 W LayerDrawable: 	at android.view.ViewGroup.layout(ViewGroup.java:6505)
07-07 20:53:37.832  5339  5339 W LayerDrawable: 	at android.widget.FrameLayout.layoutChildren(FrameLayout.java:332)
07-07 20:53:37.832  5339  5339 W LayerDrawable: 	at android.widget.FrameLayout.onLayout(FrameLayout.java:270)
07-07 20:53:37.832  5339  5339 W LayerDrawable: 	at android.view.View.layout(View.java:23330)
07-07 20:53:37.832  5339  5339 W LayerDrawable: 	at android.view.ViewGroup.layout(ViewGroup.java:6505)
07-07 20:53:37.832  5339  5339 W LayerDrawable: 	at android.widget.LinearLayout.setChildFrame(LinearLayout.java:1841)
07-07 20:53:37.832  5339  5339 W LayerDrawable: 	at android.widget.LinearLayout.layoutVertical(LinearLayout.java:1673)
07-07 20:53:37.832  5339  5339 W LayerDrawable: 	at android.widget.LinearLayout.onLayout(LinearLayout.java:1582)
07-07 20:53:37.832  5339  5339 W LayerDrawable: 	at android.view.View.layout(View.java:23330)
07-07 20:53:37.832  5339  5339 W LayerDrawable: 	at android.view.ViewGroup.layout(ViewGroup.java:6505)
07-07 20:53:37.832  5339  5339 W LayerDrawable: 	at android.widget.FrameLayout.layoutChildren(FrameLayout.java:332)
07-07 20:53:37.832  5339  5339 W LayerDrawable: 	at android.widget.FrameLayout.onLayout(FrameLayout.java:270)
07-07 20:53:37.832  5339  5339 W LayerDrawable: 	at android.view.View.layout(View.java:23330)
07-07 20:53:37.832  5339  5339 W LayerDrawable: 	at android.view.ViewGroup.layout(ViewGroup.java:6505)
07-07 20:53:37.832  5339  5339 W LayerDrawable: 	at android.widget.LinearLayout.setChildFrame(LinearLayout.java:1841)
07-07 20:53:37.832  5339  5339 W LayerDrawable: 	at android.widget.LinearLayout.layoutVertical(LinearLayout.java:1673)
07-07 20:53:37.832  5339  5339 W LayerDrawable: 	at android.widget.LinearLayout.onLayout(LinearLayout.java:1582)
07-07 20:53:37.832  5339  5339 W LayerDrawable: 	at android.view.View.layout(View.java:23330)
07-07 20:53:37.832  5339  5339 W LayerDrawable: 	at android.view.ViewGroup.layout(ViewGroup.java:6505)
07-07 20:53:37.832  5339  5339 W LayerDrawable: 	at android.widget.FrameLayout.layoutChildren(FrameLayout.java:332)
07-07 20:53:37.832  5339  5339 W LayerDrawable: 	at android.widget.FrameLayout.onLayout(FrameLayout.java:270)
07-07 20:53:37.832  5339  5339 W LayerDrawable: 	at com.android.internal.policy.DecorView.onLayout(DecorView.java:873)
07-07 20:53:37.832  5339  5339 W LayerDrawable: 	at android.view.View.layout(View.java:23330)
07-07 20:53:37.832  5339  5339 W LayerDrawable: 	at android.view.ViewGroup.layout(ViewGroup.java:6505)
07-07 20:53:37.832  5339  5339 W LayerDrawable: 	at android.view.ViewRootImpl.performLayout(ViewRootImpl.java:3936)
07-07 20:53:37.832  5339  5339 W LayerDrawable: 	at android.view.ViewRootImpl.performTraversals(ViewRootImpl.java:3338)
07-07 20:53:37.832  5339  5339 W LayerDrawable: 	at android.view.ViewRootImpl.doTraversal(ViewRootImpl.java:2305)
07-07 20:53:37.832  5339  5339 W LayerDrawable: 	at android.view.ViewRootImpl$TraversalRunnable.run(ViewRootImpl.java:9133)
07-07 20:53:37.832  5339  5339 W LayerDrawable: 	at android.view.Choreographer$CallbackRecord.run(Choreographer.java:1232)
07-07 20:53:37.832  5339  5339 W LayerDrawable: 	at android.view.Choreographer.doCallbacks(Choreographer.java:1029)
07-07 20:53:37.832  5339  5339 W LayerDrawable: 	at android.view.Choreographer.doFrame(Choreographer.java:934)
07-07 20:53:37.832  5339  5339 W LayerDrawable: 	at android.view.Choreographer$FrameDisplayEventReceiver.run(Choreographer.java:1217)
07-07 20:53:37.832  5339  5339 W LayerDrawable: 	at android.os.Handler.handleCallback(Handler.java:938)
07-07 20:53:37.832  5339  5339 W LayerDrawable: 	at android.os.Handler.dispatchMessage(Handler.java:99)
07-07 20:53:37.832  5339  5339 W LayerDrawable: 	at android.os.Looper.loopOnce(Looper.java:233)
07-07 20:53:37.832  5339  5339 W LayerDrawable: 	at android.os.Looper.loop(Looper.java:344)
07-07 20:53:37.832  5339  5339 W LayerDrawable: 	at android.app.ActivityThread.main(ActivityThread.java:8212)
07-07 20:53:37.832  5339  5339 W LayerDrawable: 	at java.lang.reflect.Method.invoke(Native Method)
07-07 20:53:37.832  5339  5339 W LayerDrawable: 	at com.android.internal.os.RuntimeInit$MethodAndArgsCaller.run(RuntimeInit.java:584)
07-07 20:53:37.832  5339  5339 W LayerDrawable: 	at com.android.internal.os.ZygoteInit.main(ZygoteInit.java:1034)
07-07 20:53:37.891  5339  5339 W LayerDrawable: Invalid drawable added to LayerDrawable! Drawable already belongs to another owner but does not expose a constant state.
07-07 20:53:37.891  5339  5339 W LayerDrawable: java.lang.RuntimeException
07-07 20:53:37.891  5339  5339 W LayerDrawable: 	at android.graphics.drawable.LayerDrawable$ChildDrawable.<init>(LayerDrawable.java:1857)
07-07 20:53:37.891  5339  5339 W LayerDrawable: 	at android.graphics.drawable.LayerDrawable$LayerState.<init>(LayerDrawable.java:1977)
07-07 20:53:37.891  5339  5339 W LayerDrawable: 	at android.graphics.drawable.LayerDrawable.createConstantState(LayerDrawable.java:174)
07-07 20:53:37.891  5339  5339 W LayerDrawable: 	at android.graphics.drawable.LayerDrawable.mutate(LayerDrawable.java:1782)
07-07 20:53:37.891  5339  5339 W LayerDrawable: 	at helium314.keyboard.latin.InputView.g(r8-map-id-ad73b94404394bfc85426ccd0b1e70e5f0945155e663f3d0fd3f21863db96ca4:630)
07-07 20:53:37.891  5339  5339 W LayerDrawable: 	at p7.x.a(r8-map-id-ad73b94404394bfc85426ccd0b1e70e5f0945155e663f3d0fd3f21863db96ca4:232)
07-07 20:53:37.891  5339  5339 W LayerDrawable: 	at a8.t0.run(r8-map-id-ad73b94404394bfc85426ccd0b1e70e5f0945155e663f3d0fd3f21863db96ca4:279)
07-07 20:53:37.891  5339  5339 W LayerDrawable: 	at helium314.keyboard.latin.InputView.f(r8-map-id-ad73b94404394bfc85426ccd0b1e70e5f0945155e663f3d0fd3f21863db96ca4:39)
07-07 20:53:37.891  5339  5339 W LayerDrawable: 	at i7.d0.a(r8-map-id-ad73b94404394bfc85426ccd0b1e70e5f0945155e663f3d0fd3f21863db96ca4:73)
07-07 20:53:37.891  5339  5339 W LayerDrawable: 	at a8.y0.run(r8-map-id-ad73b94404394bfc85426ccd0b1e70e5f0945155e663f3d0fd3f21863db96ca4:411)
07-07 20:53:37.891  5339  5339 W LayerDrawable: 	at android.os.Handler.handleCallback(Handler.java:938)
07-07 20:53:37.891  5339  5339 W LayerDrawable: 	at android.os.Handler.dispatchMessage(Handler.java:99)
07-07 20:53:37.891  5339  5339 W LayerDrawable: 	at android.os.Looper.loopOnce(Looper.java:233)
07-07 20:53:37.891  5339  5339 W LayerDrawable: 	at android.os.Looper.loop(Looper.java:344)
07-07 20:53:37.891  5339  5339 W LayerDrawable: 	at android.app.ActivityThread.main(ActivityThread.java:8212)
07-07 20:53:37.891  5339  5339 W LayerDrawable: 	at java.lang.reflect.Method.invoke(Native Method)
07-07 20:53:37.891  5339  5339 W LayerDrawable: 	at com.android.internal.os.RuntimeInit$MethodAndArgsCaller.run(RuntimeInit.java:584)
07-07 20:53:37.891  5339  5339 W LayerDrawable: 	at com.android.internal.os.ZygoteInit.main(ZygoteInit.java:1034)
07-07 20:53:38.653  5339  5824 W libc    : Access denied finding property "vendor.oplus.media.vpp.stutter"
07-07 20:53:39.253  5339  5339 W LayerDrawable: Invalid drawable added to LayerDrawable! Drawable already belongs to another owner but does not expose a constant state.
07-07 20:53:39.253  5339  5339 W LayerDrawable: java.lang.RuntimeException
07-07 20:53:39.253  5339  5339 W LayerDrawable: 	at android.graphics.drawable.LayerDrawable$ChildDrawable.<init>(LayerDrawable.java:1857)
07-07 20:53:39.253  5339  5339 W LayerDrawable: 	at android.graphics.drawable.LayerDrawable$LayerState.<init>(LayerDrawable.java:1977)
07-07 20:53:39.253  5339  5339 W LayerDrawable: 	at android.graphics.drawable.LayerDrawable.createConstantState(LayerDrawable.java:174)
07-07 20:53:39.253  5339  5339 W LayerDrawable: 	at android.graphics.drawable.LayerDrawable.mutate(LayerDrawable.java:1782)
07-07 20:53:39.253  5339  5339 W LayerDrawable: 	at helium314.keyboard.latin.InputView.g(r8-map-id-ad73b94404394bfc85426ccd0b1e70e5f0945155e663f3d0fd3f21863db96ca4:630)
07-07 20:53:39.253  5339  5339 W LayerDrawable: 	at p7.x.a(r8-map-id-ad73b94404394bfc85426ccd0b1e70e5f0945155e663f3d0fd3f21863db96ca4:232)
07-07 20:53:39.253  5339  5339 W LayerDrawable: 	at a8.t0.run(r8-map-id-ad73b94404394bfc85426ccd0b1e70e5f0945155e663f3d0fd3f21863db96ca4:279)
07-07 20:53:39.253  5339  5339 W LayerDrawable: 	at helium314.keyboard.latin.InputView.f(r8-map-id-ad73b94404394bfc85426ccd0b1e70e5f0945155e663f3d0fd3f21863db96ca4:39)
07-07 20:53:39.253  5339  5339 W LayerDrawable: 	at i7.d0.a(r8-map-id-ad73b94404394bfc85426ccd0b1e70e5f0945155e663f3d0fd3f21863db96ca4:73)
07-07 20:53:39.253  5339  5339 W LayerDrawable: 	at a8.j3.onLayoutChange(r8-map-id-ad73b94404394bfc85426ccd0b1e70e5f0945155e663f3d0fd3f21863db96ca4:39)
07-07 20:53:39.253  5339  5339 W LayerDrawable: 	at android.view.View.layout(View.java:23348)
07-07 20:53:39.253  5339  5339 W LayerDrawable: 	at android.view.ViewGroup.layout(ViewGroup.java:6505)
07-07 20:53:39.253  5339  5339 W LayerDrawable: 	at android.widget.FrameLayout.layoutChildren(FrameLayout.java:332)
07-07 20:53:39.253  5339  5339 W LayerDrawable: 	at android.widget.FrameLayout.onLayout(FrameLayout.java:270)
07-07 20:53:39.253  5339  5339 W LayerDrawable: 	at android.view.View.layout(View.java:23330)
07-07 20:53:39.253  5339  5339 W LayerDrawable: 	at android.view.ViewGroup.layout(ViewGroup.java:6505)
07-07 20:53:39.253  5339  5339 W LayerDrawable: 	at android.widget.FrameLayout.layoutChildren(FrameLayout.java:332)
07-07 20:53:39.253  5339  5339 W LayerDrawable: 	at android.widget.FrameLayout.onLayout(FrameLayout.java:270)
07-07 20:53:39.253  5339  5339 W LayerDrawable: 	at android.view.View.layout(View.java:23330)
07-07 20:53:39.253  5339  5339 W LayerDrawable: 	at android.view.ViewGroup.layout(ViewGroup.java:6505)
07-07 20:53:39.253  5339  5339 W LayerDrawable: 	at android.widget.LinearLayout.setChildFrame(LinearLayout.java:1841)
07-07 20:53:39.253  5339  5339 W LayerDrawable: 	at android.widget.LinearLayout.layoutVertical(LinearLayout.java:1673)
07-07 20:53:39.253  5339  5339 W LayerDrawable: 	at android.widget.LinearLayout.onLayout(LinearLayout.java:1582)
07-07 20:53:39.253  5339  5339 W LayerDrawable: 	at android.view.View.layout(View.java:23330)
07-07 20:53:39.253  5339  5339 W LayerDrawable: 	at android.view.ViewGroup.layout(ViewGroup.java:6505)
07-07 20:53:39.253  5339  5339 W LayerDrawable: 	at android.widget.FrameLayout.layoutChildren(FrameLayout.java:332)
07-07 20:53:39.253  5339  5339 W LayerDrawable: 	at android.widget.FrameLayout.onLayout(FrameLayout.java:270)
07-07 20:53:39.253  5339  5339 W LayerDrawable: 	at android.view.View.layout(View.java:23330)
07-07 20:53:39.253  5339  5339 W LayerDrawable: 	at android.view.ViewGroup.layout(ViewGroup.java:6505)
07-07 20:53:39.253  5339  5339 W LayerDrawable: 	at android.widget.LinearLayout.setChildFrame(LinearLayout.java:1841)
07-07 20:53:39.253  5339  5339 W LayerDrawable: 	at android.widget.LinearLayout.layoutVertical(LinearLayout.java:1673)
07-07 20:53:39.253  5339  5339 W LayerDrawable: 	at android.widget.LinearLayout.onLayout(LinearLayout.java:1582)
07-07 20:53:39.253  5339  5339 W LayerDrawable: 	at android.view.View.layout(View.java:23330)
07-07 20:53:39.253  5339  5339 W LayerDrawable: 	at android.view.ViewGroup.layout(ViewGroup.java:6505)
07-07 20:53:39.253  5339  5339 W LayerDrawable: 	at android.widget.FrameLayout.layoutChildren(FrameLayout.java:332)
07-07 20:53:39.253  5339  5339 W LayerDrawable: 	at android.widget.FrameLayout.onLayout(FrameLayout.java:270)
07-07 20:53:39.253  5339  5339 W LayerDrawable: 	at com.android.internal.policy.DecorView.onLayout(DecorView.java:873)
07-07 20:53:39.253  5339  5339 W LayerDrawable: 	at android.view.View.layout(View.java:23330)
07-07 20:53:39.253  5339  5339 W LayerDrawable: 	at android.view.ViewGroup.layout(ViewGroup.java:6505)
07-07 20:53:39.253  5339  5339 W LayerDrawable: 	at android.view.ViewRootImpl.performLayout(ViewRootImpl.java:3936)
07-07 20:53:39.253  5339  5339 W LayerDrawable: 	at android.view.ViewRootImpl.performTraversals(ViewRootImpl.java:3338)
07-07 20:53:39.253  5339  5339 W LayerDrawable: 	at android.view.ViewRootImpl.doTraversal(ViewRootImpl.java:2305)
07-07 20:53:39.253  5339  5339 W LayerDrawable: 	at android.view.ViewRootImpl$TraversalRunnable.run(ViewRootImpl.java:9133)
07-07 20:53:39.253  5339  5339 W LayerDrawable: 	at android.view.Choreographer$CallbackRecord.run(Choreographer.java:1232)
07-07 20:53:39.253  5339  5339 W LayerDrawable: 	at android.view.Choreographer.doCallbacks(Choreographer.java:1029)
07-07 20:53:39.253  5339  5339 W LayerDrawable: 	at android.view.Choreographer.doFrame(Choreographer.java:934)
07-07 20:53:39.253  5339  5339 W LayerDrawable: 	at android.view.Choreographer$FrameDisplayEventReceiver.run(Choreographer.java:1217)
07-07 20:53:39.253  5339  5339 W LayerDrawable: 	at android.os.Handler.handleCallback(Handler.java:938)
07-07 20:53:39.253  5339  5339 W LayerDrawable: 	at android.os.Handler.dispatchMessage(Handler.java:99)
07-07 20:53:39.253  5339  5339 W LayerDrawable: 	at android.os.Looper.loopOnce(Looper.java:233)
07-07 20:53:39.253  5339  5339 W LayerDrawable: 	at android.os.Looper.loop(Looper.java:344)
07-07 20:53:39.253  5339  5339 W LayerDrawable: 	at android.app.ActivityThread.main(ActivityThread.java:8212)
07-07 20:53:39.253  5339  5339 W LayerDrawable: 	at java.lang.reflect.Method.invoke(Native Method)
07-07 20:53:39.253  5339  5339 W LayerDrawable: 	at com.android.internal.os.RuntimeInit$MethodAndArgsCaller.run(RuntimeInit.java:584)
07-07 20:53:39.253  5339  5339 W LayerDrawable: 	at com.android.internal.os.ZygoteInit.main(ZygoteInit.java:1034)
07-07 20:53:39.654  5339  5824 W libc    : Access denied finding property "vendor.oplus.media.vpp.stutter"
07-07 20:53:40.655  5339  5824 W libc    : Access denied finding property "vendor.oplus.media.vpp.stutter"
07-07 20:53:41.655  5339  5824 W libc    : Access denied finding property "vendor.oplus.media.vpp.stutter"
07-07 20:53:42.657  5339  5824 W libc    : Access denied finding property "vendor.oplus.media.vpp.stutter"
07-07 20:53:43.234  5339  5339 W LayerDrawable: Invalid drawable added to LayerDrawable! Drawable already belongs to another owner but does not expose a constant state.
07-07 20:53:43.234  5339  5339 W LayerDrawable: java.lang.RuntimeException
07-07 20:53:43.234  5339  5339 W LayerDrawable: 	at android.graphics.drawable.LayerDrawable$ChildDrawable.<init>(LayerDrawable.java:1857)
07-07 20:53:43.234  5339  5339 W LayerDrawable: 	at android.graphics.drawable.LayerDrawable$LayerState.<init>(LayerDrawable.java:1977)
07-07 20:53:43.234  5339  5339 W LayerDrawable: 	at android.graphics.drawable.LayerDrawable.createConstantState(LayerDrawable.java:174)
07-07 20:53:43.234  5339  5339 W LayerDrawable: 	at android.graphics.drawable.LayerDrawable.mutate(LayerDrawable.java:1782)
07-07 20:53:43.234  5339  5339 W LayerDrawable: 	at helium314.keyboard.latin.InputView.g(r8-map-id-ad73b94404394bfc85426ccd0b1e70e5f0945155e663f3d0fd3f21863db96ca4:630)
07-07 20:53:43.234  5339  5339 W LayerDrawable: 	at p7.x.a(r8-map-id-ad73b94404394bfc85426ccd0b1e70e5f0945155e663f3d0fd3f21863db96ca4:232)
07-07 20:53:43.234  5339  5339 W LayerDrawable: 	at a8.t0.run(r8-map-id-ad73b94404394bfc85426ccd0b1e70e5f0945155e663f3d0fd3f21863db96ca4:279)
07-07 20:53:43.234  5339  5339 W LayerDrawable: 	at helium314.keyboard.latin.InputView.f(r8-map-id-ad73b94404394bfc85426ccd0b1e70e5f0945155e663f3d0fd3f21863db96ca4:39)
07-07 20:53:43.234  5339  5339 W LayerDrawable: 	at i7.d0.a(r8-map-id-ad73b94404394bfc85426ccd0b1e70e5f0945155e663f3d0fd3f21863db96ca4:73)
07-07 20:53:43.234  5339  5339 W LayerDrawable: 	at i7.d0.r(r8-map-id-ad73b94404394bfc85426ccd0b1e70e5f0945155e663f3d0fd3f21863db96ca4:245)
07-07 20:53:43.234  5339  5339 W LayerDrawable: 	at i7.d0.P(r8-map-id-ad73b94404394bfc85426ccd0b1e70e5f0945155e663f3d0fd3f21863db96ca4:17)
07-07 20:53:43.234  5339  5339 W LayerDrawable: 	at x7.b.u(r8-map-id-ad73b94404394bfc85426ccd0b1e70e5f0945155e663f3d0fd3f21863db96ca4:300)
07-07 20:53:43.234  5339  5339 W LayerDrawable: 	at helium314.keyboard.latin.LatinIME.l(r8-map-id-ad73b94404394bfc85426ccd0b1e70e5f0945155e663f3d0fd3f21863db96ca4:36)
07-07 20:53:43.234  5339  5339 W LayerDrawable: 	at i7.m.a(r8-map-id-ad73b94404394bfc85426ccd0b1e70e5f0945155e663f3d0fd3f21863db96ca4:262)
07-07 20:53:43.234  5339  5339 W LayerDrawable: 	at helium314.keyboard.latin.suggestions.SuggestionStripView.onClick(r8-map-id-ad73b94404394bfc85426ccd0b1e70e5f0945155e663f3d0fd3f21863db96ca4:45)
07-07 20:53:43.234  5339  5339 W LayerDrawable: 	at android.view.View.performClick(View.java:7488)
07-07 20:53:43.234  5339  5339 W LayerDrawable: 	at android.view.View.performClickInternal(View.java:7464)
07-07 20:53:43.234  5339  5339 W LayerDrawable: 	at android.view.View.access$3700(View.java:841)
07-07 20:53:43.234  5339  5339 W LayerDrawable: 	at android.view.View$PerformClick.run(View.java:28911)
07-07 20:53:43.234  5339  5339 W LayerDrawable: 	at android.os.Handler.handleCallback(Handler.java:938)
07-07 20:53:43.234  5339  5339 W LayerDrawable: 	at android.os.Handler.dispatchMessage(Handler.java:99)
07-07 20:53:43.234  5339  5339 W LayerDrawable: 	at android.os.Looper.loopOnce(Looper.java:233)
07-07 20:53:43.234  5339  5339 W LayerDrawable: 	at android.os.Looper.loop(Looper.java:344)
07-07 20:53:43.234  5339  5339 W LayerDrawable: 	at android.app.ActivityThread.main(ActivityThread.java:8212)
07-07 20:53:43.234  5339  5339 W LayerDrawable: 	at java.lang.reflect.Method.invoke(Native Method)
07-07 20:53:43.234  5339  5339 W LayerDrawable: 	at com.android.internal.os.RuntimeInit$MethodAndArgsCaller.run(RuntimeInit.java:584)
07-07 20:53:43.234  5339  5339 W LayerDrawable: 	at com.android.internal.os.ZygoteInit.main(ZygoteInit.java:1034)
07-07 20:53:43.237  5339  5339 W LayerDrawable: Invalid drawable added to LayerDrawable! Drawable already belongs to another owner but does not expose a constant state.
07-07 20:53:43.237  5339  5339 W LayerDrawable: java.lang.RuntimeException
07-07 20:53:43.237  5339  5339 W LayerDrawable: 	at android.graphics.drawable.LayerDrawable$ChildDrawable.<init>(LayerDrawable.java:1857)
07-07 20:53:43.237  5339  5339 W LayerDrawable: 	at android.graphics.drawable.LayerDrawable$LayerState.<init>(LayerDrawable.java:1977)
07-07 20:53:43.237  5339  5339 W LayerDrawable: 	at android.graphics.drawable.LayerDrawable.createConstantState(LayerDrawable.java:174)
07-07 20:53:43.237  5339  5339 W LayerDrawable: 	at android.graphics.drawable.LayerDrawable.mutate(LayerDrawable.java:1782)
07-07 20:53:43.237  5339  5339 W LayerDrawable: 	at helium314.keyboard.latin.InputView.g(r8-map-id-ad73b94404394bfc85426ccd0b1e70e5f0945155e663f3d0fd3f21863db96ca4:630)
07-07 20:53:43.237  5339  5339 W LayerDrawable: 	at p7.x.a(r8-map-id-ad73b94404394bfc85426ccd0b1e70e5f0945155e663f3d0fd3f21863db96ca4:232)
07-07 20:53:43.237  5339  5339 W LayerDrawable: 	at a8.t0.run(r8-map-id-ad73b94404394bfc85426ccd0b1e70e5f0945155e663f3d0fd3f21863db96ca4:279)
07-07 20:53:43.237  5339  5339 W LayerDrawable: 	at helium314.keyboard.latin.InputView.f(r8-map-id-ad73b94404394bfc85426ccd0b1e70e5f0945155e663f3d0fd3f21863db96ca4:39)
07-07 20:53:43.237  5339  5339 W LayerDrawable: 	at i7.d0.a(r8-map-id-ad73b94404394bfc85426ccd0b1e70e5f0945155e663f3d0fd3f21863db96ca4:73)
07-07 20:53:43.237  5339  5339 W LayerDrawable: 	at i7.d0.P(r8-map-id-ad73b94404394bfc85426ccd0b1e70e5f0945155e663f3d0fd3f21863db96ca4:118)
07-07 20:53:43.237  5339  5339 W LayerDrawable: 	at x7.b.u(r8-map-id-ad73b94404394bfc85426ccd0b1e70e5f0945155e663f3d0fd3f21863db96ca4:300)
07-07 20:53:43.237  5339  5339 W LayerDrawable: 	at helium314.keyboard.latin.LatinIME.l(r8-map-id-ad73b94404394bfc85426ccd0b1e70e5f0945155e663f3d0fd3f21863db96ca4:36)
07-07 20:53:43.237  5339  5339 W LayerDrawable: 	at i7.m.a(r8-map-id-ad73b94404394bfc85426ccd0b1e70e5f0945155e663f3d0fd3f21863db96ca4:262)
07-07 20:53:43.237  5339  5339 W LayerDrawable: 	at helium314.keyboard.latin.suggestions.SuggestionStripView.onClick(r8-map-id-ad73b94404394bfc85426ccd0b1e70e5f0945155e663f3d0fd3f21863db96ca4:45)
07-07 20:53:43.237  5339  5339 W LayerDrawable: 	at android.view.View.performClick(View.java:7488)
07-07 20:53:43.237  5339  5339 W LayerDrawable: 	at android.view.View.performClickInternal(View.java:7464)
07-07 20:53:43.237  5339  5339 W LayerDrawable: 	at android.view.View.access$3700(View.java:841)
07-07 20:53:43.237  5339  5339 W LayerDrawable: 	at android.view.View$PerformClick.run(View.java:28911)
07-07 20:53:43.237  5339  5339 W LayerDrawable: 	at android.os.Handler.handleCallback(Handler.java:938)
07-07 20:53:43.237  5339  5339 W LayerDrawable: 	at android.os.Handler.dispatchMessage(Handler.java:99)
07-07 20:53:43.237  5339  5339 W LayerDrawable: 	at android.os.Looper.loopOnce(Looper.java:233)
07-07 20:53:43.237  5339  5339 W LayerDrawable: 	at android.os.Looper.loop(Looper.java:344)
07-07 20:53:43.237  5339  5339 W LayerDrawable: 	at android.app.ActivityThread.main(ActivityThread.java:8212)
07-07 20:53:43.237  5339  5339 W LayerDrawable: 	at java.lang.reflect.Method.invoke(Native Method)
07-07 20:53:43.237  5339  5339 W LayerDrawable: 	at com.android.internal.os.RuntimeInit$MethodAndArgsCaller.run(RuntimeInit.java:584)
07-07 20:53:43.237  5339  5339 W LayerDrawable: 	at com.android.internal.os.ZygoteInit.main(ZygoteInit.java:1034)
07-07 20:53:43.248  5339  5339 W LayerDrawable: Invalid drawable added to LayerDrawable! Drawable already belongs to another owner but does not expose a constant state.
07-07 20:53:43.248  5339  5339 W LayerDrawable: java.lang.RuntimeException
