=== VibeKey 4.5.170 (4538) ===

--------- beginning of system
07-23 15:47:25.073 23824 23824 E OplusCustomizeRestrictionManager: sInstance is null, start a new sInstance
07-23 15:47:44.068 23824 24582 E ActivityThread: Failed to find provider info for com.oplus.statistics.provider
07-23 15:47:44.068 23824 24582 E OplusStatistics--: IllegalArgumentException:java.lang.IllegalArgumentException: Unknown URL content://com.oplus.statistics.provider/track_event
07-23 15:48:02.552 23824 24582 E ActivityThread: Failed to find provider info for com.oplus.statistics.provider
07-23 15:48:02.552 23824 24582 E OplusStatistics--: IllegalArgumentException:java.lang.IllegalArgumentException: Unknown URL content://com.oplus.statistics.provider/track_event
--------- beginning of main
07-23 15:48:09.338 23824 23824 I VkTyping: ▶ open restart=false pkg=len=20 inputType=589825
07-23 15:48:09.478 23824 23824 W VkStall : MAIN-THREAD STALL 148ms during: >>>>> Dispatching to Handler (com.android.internal.os.HandlerCaller$MyHandler) {e60160d} null: 60
07-23 15:48:09.844 23824 23834 W ibekey.keyboar: Cleared Reference was only reachable from finalizer (only reported once)
07-23 15:48:09.913 23824 24183 I VkNgram : merge locale=pt prev=len=0 preds=8 contextual=0 assets=true
07-23 15:48:09.914 23824 24183 I VkSuggestions: strip prediction typedLen=0 candidates=3 autocorrect=false top=len=1 locale=pt token=72 gen=1
07-23 15:48:09.917 23824 23824 I VkStripPipeline: setSuggestions prediction size=3 style=7 token=72 gen=1
07-23 15:48:09.920 23824 23824 I VkSuggestions: stripUi prediction=true children=5 [len=2|len=1|len=2]
07-23 15:48:09.920 23824 23824 I VkStripPipeline: slotBind prediction children=5 [len=2|len=1|len=2]
07-23 15:48:10.284 23865 23865 W DefaultDispatch: type=1400 audit(0.0:301696): avc: denied { read } for name="/" dev="dm-0" ino=2 scontext=u:r:untrusted_app:s0:c72,c273,c512,c768 tcontext=u:object_r:rootfs:s0 tclass=dir permissive=0 app=com.vibekey.keyboard
07-23 15:48:10.284 23865 23865 W DefaultDispatch: type=1400 audit(0.0:301697): avc: denied { read } for name="/" dev="dm-0" ino=2 scontext=u:r:untrusted_app:s0:c72,c273,c512,c768 tcontext=u:object_r:rootfs:s0 tclass=dir permissive=0 app=com.vibekey.keyboard
07-23 15:48:10.284 23865 23865 W DefaultDispatch: type=1400 audit(0.0:301698): avc: denied { read } for name="/" dev="dm-0" ino=2 scontext=u:r:untrusted_app:s0:c72,c273,c512,c768 tcontext=u:object_r:rootfs:s0 tclass=dir permissive=0 app=com.vibekey.keyboard
07-23 15:48:10.284 23865 23865 W DefaultDispatch: type=1400 audit(0.0:301699): avc: denied { read } for name="/" dev="dm-0" ino=2 scontext=u:r:untrusted_app:s0:c72,c273,c512,c768 tcontext=u:object_r:rootfs:s0 tclass=dir permissive=0 app=com.vibekey.keyboard
07-23 15:48:10.284 23865 23865 W DefaultDispatch: type=1400 audit(0.0:301700): avc: denied { read } for name="/" dev="dm-0" ino=2 scontext=u:r:untrusted_app:s0:c72,c273,c512,c768 tcontext=u:object_r:rootfs:s0 tclass=dir permissive=0 app=com.vibekey.keyboard
07-23 15:48:10.284 23865 23865 W DefaultDispatch: type=1400 audit(0.0:301701): avc: denied { read } for name="/" dev="dm-0" ino=2 scontext=u:r:untrusted_app:s0:c72,c273,c512,c768 tcontext=u:object_r:rootfs:s0 tclass=dir permissive=0 app=com.vibekey.keyboard
07-23 15:48:10.284 23865 23865 W DefaultDispatch: type=1400 audit(0.0:301702): avc: denied { read } for name="/" dev="dm-0" ino=2 scontext=u:r:untrusted_app:s0:c72,c273,c512,c768 tcontext=u:object_r:rootfs:s0 tclass=dir permissive=0 app=com.vibekey.keyboard
07-23 15:48:10.284 23865 23865 W DefaultDispatch: type=1400 audit(0.0:301703): avc: denied { read } for name="/" dev="dm-0" ino=2 scontext=u:r:untrusted_app:s0:c72,c273,c512,c768 tcontext=u:object_r:rootfs:s0 tclass=dir permissive=0 app=com.vibekey.keyboard
07-23 15:48:10.476 23824 23824 I VkKeyPress: keys pressed=65
07-23 15:48:10.593 23824 24183 W VibeKeyProfiler: Slow Native Suggest: Total=12.81ms | Init=0.41ms | TrieExpand(x18)=12.36ms | Scoring=0.04ms | inputSize=1
07-23 15:48:10.605 23824 24183 W VibeKeyProfiler: Slow Native Suggest: Total=11.58ms | Init=0.77ms | TrieExpand(x15)=10.79ms | Scoring=0.02ms | inputSize=1
07-23 15:48:10.606 23824 24183 I VkSuggestions: decode typedLen=1 candidates=18 locales=1 27,9ms
07-23 15:48:10.607 23824 24183 W VkSuggestions: slow frame 27,9ms locales=1 typedLen=1 candidates=18
07-23 15:48:10.608 23824 24183 I VkSuggestions: strip composing typedLen=1 candidates=19 autocorrect=false top=len=1 locale=pt token=73 gen=1
07-23 15:48:10.608 23824 23824 I VkStripPipeline: setSuggestions composing size=19 style=1 token=73 gen=1 typed=len=1
07-23 15:48:10.611 23824 23824 I VkSuggestions: stripUi prediction=false children=5 [len=1|len=2|len=4]
07-23 15:48:10.611 23824 23824 I VkStripPipeline: slotBind composing children=5 [len=1|len=2|len=4]
07-23 15:48:10.813 23824 24183 W VibeKeyProfiler: Slow Native Suggest: Total=11.26ms | Init=0.05ms | TrieExpand(x18)=11.19ms | Scoring=0.02ms | inputSize=2
07-23 15:48:10.813 23824 24183 I VkSuggestions: decode typedLen=2 candidates=18 locales=1 17,6ms
07-23 15:48:10.813 23824 24183 W VkSuggestions: slow frame 17,6ms locales=1 typedLen=2 candidates=18
07-23 15:48:10.822 23824 24183 I VkTextCorrection: threshold len=2→len=2 score=0,087 thr=0,140 ○
07-23 15:48:10.823 23824 24183 I VkSuggestions: strip composing typedLen=2 candidates=19 autocorrect=false top=len=2 locale=pt token=74 gen=1
07-23 15:48:10.823 23824 23824 I VkStripPipeline: setSuggestions composing size=19 style=1 token=74 gen=1 typed=len=2
07-23 15:48:10.824 23824 23824 I VkSuggestions: stripUi prediction=false children=5 [len=2|len=2|len=2]
07-23 15:48:10.824 23824 23824 I VkStripPipeline: slotBind composing children=5 [len=2|len=2|len=2]
07-23 15:48:11.019 23824 24183 I VkSuggestions: decode typedLen=3 candidates=18 locales=1 6,4ms
07-23 15:48:11.020 23824 24183 I VkTextCorrection: threshold len=3→len=4 score=0,000 thr=0,140 ○
07-23 15:48:11.031 23824 24183 I VkSuggestions: strip composing typedLen=3 candidates=16 autocorrect=false top=len=3 locale=pt token=76 gen=1
07-23 15:48:11.031 23824 23824 I VkStripPipeline: setSuggestions composing size=16 style=1 token=76 gen=1 typed=len=3
07-23 15:48:11.033 23824 23824 I VkSuggestions: stripUi prediction=false children=5 [len=3|len=4|len=3]
07-23 15:48:11.033 23824 23824 I VkStripPipeline: slotBind composing children=5 [len=3|len=4|len=3]
07-23 15:48:11.168 23824 24183 I VkSuggestions: decode typedLen=4 candidates=18 locales=1 7,2ms
07-23 15:48:11.168 23824 24183 I VkTextCorrection: threshold len=4→len=5 score=0,000 thr=0,140 ○
07-23 15:48:11.169 23824 24183 I VkSuggestions: strip composing typedLen=4 candidates=18 autocorrect=false top=len=4 locale=pt token=76 gen=1
07-23 15:48:11.170 23824 23824 I VkStripPipeline: setSuggestions composing size=18 style=1 token=76 gen=1 typed=len=4
07-23 15:48:11.171 23824 23824 I VkSuggestions: stripUi prediction=false children=5 [len=4|len=5|len=4]
07-23 15:48:11.171 23824 23824 I VkStripPipeline: slotBind composing children=5 [len=4|len=5|len=4]
07-23 15:48:11.237 23865 26197 I OnDeviceAssist: warm ok model=qwen2.5-0.5b-instruct-q4_0.gguf ambient=40 chars 928ms
07-23 15:48:11.954 23824 23824 I VkKeyPress: strip pick code=-10060
07-23 15:48:11.962 23824 23824 I VkPanels: ▶ open ai_theme
07-23 15:48:12.093 23824 25687 W Ads     : Not retrying to fetch app settings
07-23 15:48:12.097 23824 26584 W ServiceBindIntentUtils: Dynamic lookup for intent failed for action: com.google.android.gms.ads.service.START
07-23 15:48:13.454 23824 23970 E chromium: [ERROR:net/socket/ssl_client_socket_impl.cc:963] handshake failed; returned -1, SSL error code 1, net_error -101
07-23 15:48:13.534 23824 23970 E chromium: [ERROR:net/socket/ssl_client_socket_impl.cc:963] handshake failed; returned -1, SSL error code 1, net_error -101
07-23 15:48:13.607 23824 23824 I VkKeyPress: keys pressed=74
07-23 15:48:13.646 23824 23824 W Ads     : GET LOCATION COMPILED
07-23 15:48:13.910 23824 23951 W libc    : Access denied finding property "vendor.oplus.media.vpp.stutter"
07-23 15:48:13.913 23824 23951 E ListServiceUtils: checkInListByUid module:HQV-effect uid:14424 cost 1588us return 0
07-23 15:48:13.913 23824 23951 E MULTIMEDIAConfig: [getInt32:L80] Not find config, Returning default
07-23 15:48:13.913 23824 23951 E MULTIMEDIAConfig: [getInt32:L80] Not find config, Returning default
07-23 15:48:13.913 23824 23951 E OplusACodec: [OplusACodec:204] mSrOsieMMListCheckResult:0x0 mOsieVersion:1
07-23 15:48:13.966 23824 23824 E Ads     : JS: Refused to get unsafe header "X-Afma-Gcache-IsGcacheHit" (https://www.gstatic.com/mysidia/9a106ad50b25088b9fd96a28a450ebbc.js?tag=addon/rewarded_brand_video:676)
07-23 15:48:14.029 23824 26621 E OplusACodec: [GetVideoCodingTypeFromMime:L1162] mime:video/x-vnd.on2.vp9
07-23 15:48:14.203 23824 23951 W cr_MediaCodecBridge: Releasing: OMX.qcom.video.decoder.vp9
07-23 15:48:14.205 23824 26620 E ExtensionsLoader: freeAllBuffers: 15 buffers were freed while being dequeued!
07-23 15:48:14.206 23824 23951 W cr_MediaCodecBridge: Codec released
07-23 15:48:14.334 23824 23824 I VkKeyPress: strip pick code=-10060
07-23 15:48:14.340 23824 23824 I VkPanels: ○ close ai_theme
07-23 15:48:14.350 23824 23824 I VkEffects: reload keyPress=scale popup=none popupFx=true blur=80px glow=true stickers=true
07-23 15:48:15.176 23824 24183 I VkNgram : merge locale=pt prev=len=5 preds=8 contextual=0 assets=true
07-23 15:48:15.177 23824 24183 I VkTextCorrection: rerank prediction head len=1→len=2
07-23 15:48:15.179 23824 24183 I VkSuggestions: strip prediction typedLen=0 candidates=3 autocorrect=false top=len=2 locale=pt token=88 gen=1
07-23 15:48:15.179 23824 23824 I VkStripPipeline: setSuggestions prediction size=3 style=6 token=88 gen=1
07-23 15:48:15.180 23824 23824 I VkSuggestions: stripUi prediction=true children=5 [len=1|len=2|len=2]
07-23 15:48:15.180 23824 23824 I VkStripPipeline: slotBind prediction children=5 [len=1|len=2|len=2]
07-23 15:48:15.369 23824 24183 I VkNgram : merge locale=pt prev=len=6 preds=8 contextual=0 assets=true
07-23 15:48:15.369 23824 24183 I VkTextCorrection: rerank prediction head len=1→len=2
07-23 15:48:15.370 23824 24183 I VkSuggestions: strip prediction typedLen=0 candidates=3 autocorrect=false top=len=2 locale=pt token=89 gen=1
07-23 15:48:15.370 23824 23824 I VkStripPipeline: setSuggestions prediction size=3 style=6 token=89 gen=1
07-23 15:48:15.371 23824 23824 I VkSuggestions: stripUi prediction=true children=5 [len=2|len=2|len=1]
07-23 15:48:15.371 23824 23824 I VkStripPipeline: slotBind prediction children=5 [len=2|len=2|len=1]
07-23 15:48:15.604 23824 24183 I VkNgram : merge locale=pt prev=len=8 preds=8 contextual=0 assets=true
07-23 15:48:15.605 23824 24183 I VkTextCorrection: rerank prediction head len=1→len=1
07-23 15:48:15.605 23824 24183 I VkSuggestions: strip prediction typedLen=0 candidates=3 autocorrect=false top=len=1 locale=pt token=91 gen=1
07-23 15:48:15.606 23824 23824 I VkStripPipeline: setSuggestions prediction size=3 style=6 token=91 gen=1
07-23 15:48:15.606 23824 23824 I VkSuggestions: stripUi prediction=true children=5 [len=1|len=1|len=2]
07-23 15:48:15.606 23824 23824 I VkStripPipeline: slotBind prediction children=5 [len=1|len=1|len=2]
07-23 15:48:15.788 23824 24183 I VkNgram : merge locale=pt prev=len=9 preds=8 contextual=0 assets=true
07-23 15:48:15.789 23824 24183 I VkSuggestions: strip prediction typedLen=0 candidates=3 autocorrect=false top=len=1 locale=pt token=92 gen=1
07-23 15:48:15.789 23824 23824 I VkStripPipeline: setSuggestions prediction size=3 style=6 token=92 gen=1
07-23 15:48:15.790 23824 23824 I VkSuggestions: stripUi prediction=true children=5 [len=2|len=1|len=1]
07-23 15:48:15.791 23824 23824 I VkStripPipeline: slotBind prediction children=5 [len=2|len=1|len=1]
07-23 15:48:15.937 23824 24183 I VkNgram : merge locale=pt prev=len=10 preds=8 contextual=0 assets=true
07-23 15:48:15.939 23824 24183 I VkSuggestions: strip prediction typedLen=0 candidates=3 autocorrect=false top=len=1 locale=pt token=93 gen=1
07-23 15:48:15.939 23824 23824 I VkStripPipeline: setSuggestions prediction size=3 style=6 token=93 gen=1
07-23 15:48:15.940 23824 23824 I VkSuggestions: stripUi prediction=true children=5 [len=2|len=1|len=2]
07-23 15:48:15.940 23824 23824 I VkStripPipeline: slotBind prediction children=5 [len=2|len=1|len=2]
07-23 15:48:16.072 23824 24183 I VkNgram : merge locale=pt prev=len=11 preds=8 contextual=0 assets=true
07-23 15:48:16.072 23824 24183 I VkTextCorrection: rerank prediction head len=1→len=2
07-23 15:48:16.073 23824 24183 I VkSuggestions: strip prediction typedLen=0 candidates=3 autocorrect=false top=len=2 locale=pt token=94 gen=1
07-23 15:48:16.073 23824 23824 I VkStripPipeline: setSuggestions prediction size=3 style=6 token=94 gen=1
07-23 15:48:16.074 23824 23824 I VkSuggestions: stripUi prediction=true children=5 [len=1|len=2|len=2]
07-23 15:48:16.074 23824 23824 I VkStripPipeline: slotBind prediction children=5 [len=1|len=2|len=2]
07-23 15:48:16.275 23824 24183 I VkNgram : merge locale=pt prev=len=12 preds=8 contextual=0 assets=true
07-23 15:48:16.276 23824 24183 I VkTextCorrection: rerank prediction head len=1→len=2
07-23 15:48:16.278 23824 23824 I VkSuggestions: stripUi prediction=true children=5 [len=2|len=2|len=1]
07-23 15:48:16.278 23824 23824 I VkStripPipeline: slotBind prediction children=5 [len=2|len=2|len=1]
07-23 15:48:16.981 23824 23824 I VkKeyPress: keys pressed=84
07-23 15:48:17.091 23824 24183 I VkNgram : merge locale=pt prev=len=13 preds=8 contextual=0 assets=true
07-23 15:48:17.091 23824 24183 I VkTextCorrection: rerank prediction head len=1→len=1
07-23 15:48:17.092 23824 24183 I VkSuggestions: strip prediction typedLen=0 candidates=3 autocorrect=false top=len=1 locale=pt token=95 gen=1
07-23 15:48:17.092 23824 23824 I VkStripPipeline: setSuggestions prediction size=3 style=6 token=95 gen=1
07-23 15:48:17.093 23824 23824 I VkSuggestions: stripUi prediction=true children=5 [len=1|len=1|len=2]
07-23 15:48:17.093 23824 23824 I VkStripPipeline: slotBind prediction children=5 [len=1|len=1|len=2]
07-23 15:48:17.341 23824 24183 I VkNgram : merge locale=pt prev=len=14 preds=8 contextual=0 assets=true
07-23 15:48:17.342 23824 24183 I VkSuggestions: strip prediction typedLen=0 candidates=3 autocorrect=false top=len=1 locale=pt token=97 gen=1
07-23 15:48:17.342 23824 23824 I VkStripPipeline: setSuggestions prediction size=3 style=6 token=97 gen=1
07-23 15:48:17.344 23824 23824 I VkSuggestions: stripUi prediction=true children=5 [len=2|len=1|len=1]
07-23 15:48:17.344 23824 23824 I VkStripPipeline: slotBind prediction children=5 [len=2|len=1|len=1]
07-23 15:48:17.729 23824 24183 I VkNgram : merge locale=pt prev=len=17 preds=8 contextual=0 assets=true
07-23 15:48:17.731 23824 24183 I VkSuggestions: strip prediction typedLen=0 candidates=3 autocorrect=false top=len=1 locale=pt token=99 gen=1
07-23 15:48:17.732 23824 23824 I VkStripPipeline: setSuggestions prediction size=3 style=6 token=99 gen=1
07-23 15:48:17.734 23824 23824 I VkSuggestions: stripUi prediction=true children=5 [len=2|len=1|len=2]
07-23 15:48:17.734 23824 23824 I VkStripPipeline: slotBind prediction children=5 [len=2|len=1|len=2]
07-23 15:48:18.369 23824 24183 W VibeKeyProfiler: Slow Native Suggest: Total=18.36ms | Init=2.61ms | TrieExpand(x5)=15.72ms | Scoring=0.03ms | inputSize=16
07-23 15:48:18.387 23824 24183 W VibeKeyProfiler: Slow Native Suggest: Total=16.86ms | Init=0.21ms | TrieExpand(x16)=16.64ms | Scoring=0.01ms | inputSize=16
07-23 15:48:18.394 23824 24183 I VkSuggestions: decode typedLen=16 candidates=18 locales=1 47,1ms
07-23 15:48:18.394 23824 24183 W VkSuggestions: slow frame 47,1ms locales=1 typedLen=16 candidates=18
07-23 15:48:18.399 23824 24582 E ActivityThread: Failed to find provider info for com.oplus.statistics.provider
07-23 15:48:18.399 23824 24582 E OplusStatistics--: IllegalArgumentException:java.lang.IllegalArgumentException: Unknown URL content://com.oplus.statistics.provider/track_event
07-23 15:48:18.402 23824 24183 I VkSuggestions: strip composing typedLen=15 candidates=19 autocorrect=false top=len=16 locale=pt token=100 gen=1
07-23 15:48:18.403 23824 23824 I VkStripPipeline: setSuggestions composing size=19 style=1 token=100 gen=1 typed=len=16
07-23 15:48:18.413 23824 23824 I VkSuggestions: stripUi prediction=false children=5 [len=16|len=4|len=4]
07-23 15:48:18.413 23824 23824 I VkStripPipeline: slotBind composing children=5 [len=16|len=4|len=4]
07-23 15:48:19.289 23824 23824 W VkStall : MAIN-THREAD STALL 159ms during: >>>>> Dispatching to Handler (s8.t0) {cb0774d} null: 1
07-23 15:48:19.391 23824 24183 I VkNgram : merge locale=pt prev=len=0 preds=8 contextual=0 assets=true
07-23 15:48:19.392 23824 24183 I VkTextCorrection: rerank prediction head len=1→len=2
07-23 15:48:19.392 23824 24183 I VkSuggestions: strip prediction typedLen=0 candidates=3 autocorrect=false top=len=2 locale=pt token=100 gen=1
07-23 15:48:19.400 23824 23824 I VkStripPipeline: setSuggestions prediction size=3 style=7 token=100 gen=1
07-23 15:48:19.405 23824 23824 I VkSuggestions: stripUi prediction=true children=5 [len=1|len=2|len=2]
07-23 15:48:19.405 23824 23824 I VkStripPipeline: slotBind prediction children=5 [len=1|len=2|len=2]
07-23 15:48:19.728 23824 24183 W VibeKeyProfiler: Slow Native Suggest: Total=11.96ms | Init=0.45ms | TrieExpand(x15)=11.47ms | Scoring=0.04ms | inputSize=1
07-23 15:48:19.734 23824 24183 I VkSuggestions: decode typedLen=1 candidates=18 locales=1 19,6ms
07-23 15:48:19.734 23824 24183 W VkSuggestions: slow frame 19,6ms locales=1 typedLen=1 candidates=18
07-23 15:48:19.735 23824 24183 I VkSuggestions: strip composing typedLen=1 candidates=19 autocorrect=false top=len=1 locale=pt token=101 gen=1
07-23 15:48:19.736 23824 23824 I VkStripPipeline: setSuggestions composing size=19 style=1 token=101 gen=1 typed=len=1
07-23 15:48:19.737 23824 23824 I VkSuggestions: stripUi prediction=false children=5 [len=1|len=2|len=4]
07-23 15:48:19.737 23824 23824 I VkStripPipeline: slotBind composing children=5 [len=1|len=2|len=4]
07-23 15:48:19.931 23824 24183 I VkSuggestions: decode typedLen=2 candidates=18 locales=1 7,9ms
07-23 15:48:19.936 23824 24183 I VkTextCorrection: threshold len=2→len=2 score=0,000 thr=0,140 ○
07-23 15:48:19.937 23824 24183 I VkSuggestions: strip composing typedLen=2 candidates=19 autocorrect=false top=len=2 locale=pt token=102 gen=1
07-23 15:48:19.937 23824 23824 I VkStripPipeline: setSuggestions composing size=19 style=1 token=102 gen=1 typed=len=2
07-23 15:48:19.938 23824 23824 I VkSuggestions: stripUi prediction=false children=5 [len=2|len=2|len=2]
07-23 15:48:19.938 23824 23824 I VkStripPipeline: slotBind composing children=5 [len=2|len=2|len=2]
07-23 15:48:20.082 23824 23824 I VkKeyPress: keys pressed=110
07-23 15:48:20.191 23824 24183 I VkSuggestions: decode typedLen=3 candidates=18 locales=1 6,9ms
07-23 15:48:20.192 23824 24183 I VkTextCorrection: threshold len=3→len=3 score=0,017 thr=0,140 ○
07-23 15:48:20.193 23824 24183 I VkSuggestions: strip composing typedLen=3 candidates=19 autocorrect=false top=len=3 locale=pt token=104 gen=1
07-23 15:48:20.193 23824 23824 I VkStripPipeline: setSuggestions composing size=19 style=1 token=104 gen=1 typed=len=3
07-23 15:48:20.194 23824 23824 I VkSuggestions: stripUi prediction=false children=5 [len=3|len=3|len=6]
07-23 15:48:20.194 23824 23824 I VkStripPipeline: slotBind composing children=5 [len=3|len=3|len=6]
07-23 15:48:20.303 23824 24183 I VkSuggestions: decode typedLen=4 candidates=18 locales=1 6,2ms
07-23 15:48:20.304 23824 24183 I VkTextCorrection: threshold len=4→len=4 score=0,000 thr=0,140 ○
07-23 15:48:20.305 23824 24183 I VkSuggestions: strip composing typedLen=4 candidates=18 autocorrect=false top=len=4 locale=pt token=105 gen=1
07-23 15:48:20.305 23824 23824 I VkStripPipeline: setSuggestions composing size=18 style=1 token=105 gen=1 typed=len=4
07-23 15:48:20.306 23824 23824 I VkSuggestions: stripUi prediction=false children=5 [len=4|len=4|len=4]
07-23 15:48:20.306 23824 23824 I VkStripPipeline: slotBind composing children=5 [len=4|len=4|len=4]
07-23 15:48:20.494 23824 24183 I VkSuggestions: decode typedLen=5 candidates=18 locales=1 4,4ms
07-23 15:48:20.495 23824 24183 I VkTextCorrection: threshold len=5→len=7 score=0,000 thr=0,140 ○
07-23 15:48:20.496 23824 24183 I VkSuggestions: strip composing typedLen=5 candidates=19 autocorrect=false top=len=5 locale=pt token=106 gen=1
07-23 15:48:20.496 23824 23824 I VkStripPipeline: setSuggestions composing size=19 style=1 token=106 gen=1 typed=len=5
07-23 15:48:20.498 23824 23824 I VkSuggestions: stripUi prediction=false children=5 [len=5|len=7|len=9]
07-23 15:48:20.498 23824 23824 I VkStripPipeline: slotBind composing children=5 [len=5|len=7|len=9]
07-23 15:48:20.650 23824 24183 I VkSuggestions: decode typedLen=6 candidates=18 locales=1 2,7ms
07-23 15:48:20.650 23824 24183 I VkTextCorrection: threshold len=6→len=6 score=0,000 thr=0,140 ○
07-23 15:48:20.651 23824 24183 I VkSuggestions: strip composing typedLen=6 candidates=19 autocorrect=false top=len=6 locale=pt token=106 gen=1
07-23 15:48:20.651 23824 23824 I VkStripPipeline: setSuggestions composing size=19 style=1 token=106 gen=1 typed=len=6
07-23 15:48:20.653 23824 23824 I VkSuggestions: stripUi prediction=false children=5 [len=6|len=6|len=8]
07-23 15:48:20.653 23824 23824 I VkStripPipeline: slotBind composing children=5 [len=6|len=6|len=8]
07-23 15:48:21.661 23824 24183 I VkTextCorrection: rerank prediction head len=1→len=2
07-23 15:48:21.662 23824 24183 I VkSuggestions: strip prediction typedLen=0 candidates=3 autocorrect=false top=len=2 locale=pt token=107 gen=1
07-23 15:48:21.664 23824 23824 I VkStripPipeline: setSuggestions prediction size=3 style=7 token=107 gen=1
07-23 15:48:21.668 23824 23824 I VkSuggestions: stripUi prediction=true children=5 [len=2|len=2|len=1]
07-23 15:48:21.668 23824 23824 I VkStripPipeline: slotBind prediction children=5 [len=2|len=2|len=1]
07-23 15:48:23.015 23824 24183 I VkSuggestions: decode typedLen=1 candidates=18 locales=1 9,2ms
07-23 15:48:23.015 23824 24183 I VkTextCorrection: rerank composing head len=2→len=2
07-23 15:48:23.015 23824 24183 I VkTextCorrection: threshold len=1→len=2 score=0,000 thr=0,140 ○
07-23 15:48:23.016 23824 24183 I VkSuggestions: strip composing typedLen=1 candidates=19 autocorrect=false top=len=1 locale=pt token=108 gen=1
07-23 15:48:23.016 23824 23824 I VkStripPipeline: setSuggestions composing size=19 style=1 token=108 gen=1 typed=len=1
07-23 15:48:23.025 23824 23824 I VkSuggestions: stripUi prediction=false children=5 [len=1|len=2|len=2]
07-23 15:48:23.025 23824 23824 I VkStripPipeline: slotBind composing children=5 [len=1|len=2|len=2]
07-23 15:48:23.345 23824 23824 I VkKeyPress: keys pressed=125
07-23 15:48:23.454 23824 24183 I VkSuggestions: decode typedLen=2 candidates=18 locales=1 6,8ms
07-23 15:48:23.455 23824 24183 I VkTextCorrection: threshold len=2→len=2 score=0,057 thr=0,140 ○
07-23 15:48:23.455 23824 24183 I VkSuggestions: strip composing typedLen=2 candidates=19 autocorrect=false top=len=2 locale=pt token=110 gen=1
07-23 15:48:23.456 23824 23824 I VkStripPipeline: setSuggestions composing size=19 style=1 token=110 gen=1 typed=len=2
07-23 15:48:23.457 23824 23824 I VkSuggestions: stripUi prediction=false children=5 [len=2|len=2|len=2]
07-23 15:48:23.457 23824 23824 I VkStripPipeline: slotBind composing children=5 [len=2|len=2|len=2]
07-23 15:48:23.631 23824 24183 W VibeKeyProfiler: Slow Native Suggest: Total=8.01ms | Init=0.23ms | TrieExpand(x23)=7.74ms | Scoring=0.04ms | inputSize=3
07-23 15:48:23.631 23824 24183 I VkSuggestions: decode typedLen=3 candidates=18 locales=1 16,3ms
07-23 15:48:23.632 23824 24183 W VkSuggestions: slow frame 16,3ms locales=1 typedLen=3 candidates=18
07-23 15:48:23.634 23824 24183 I VkTextCorrection: threshold len=3→len=3 score=0,028 thr=0,140 ○
07-23 15:48:23.635 23824 24183 I VkSuggestions: strip composing typedLen=3 candidates=19 autocorrect=false top=len=3 locale=pt token=110 gen=1
07-23 15:48:23.636 23824 23824 I VkStripPipeline: setSuggestions composing size=19 style=1 token=110 gen=1 typed=len=3
07-23 15:48:23.639 23824 23824 I VkSuggestions: stripUi prediction=false children=5 [len=3|len=3|len=3]
07-23 15:48:23.639 23824 23824 I VkStripPipeline: slotBind composing children=5 [len=3|len=3|len=3]
07-23 15:48:23.949 23824 24183 I VkSuggestions: decode typedLen=4 candidates=18 locales=1 7,7ms
07-23 15:48:23.949 23824 24183 I VkTextCorrection: threshold len=4→len=4 score=0,000 thr=0,140 ○
07-23 15:48:23.950 23824 24183 I VkSuggestions: strip composing typedLen=4 candidates=17 autocorrect=false top=len=4 locale=pt token=111 gen=1
07-23 15:48:23.950 23824 23824 I VkStripPipeline: setSuggestions composing size=17 style=1 token=111 gen=1 typed=len=4
07-23 15:48:23.951 23824 23824 I VkSuggestions: stripUi prediction=false children=5 [len=4|len=4|len=3]
07-23 15:48:23.952 23824 23824 I VkStripPipeline: slotBind composing children=5 [len=4|len=4|len=3]
07-23 15:48:24.179 23824 24183 I VkSuggestions: decode typedLen=5 candidates=18 locales=1 5,7ms
07-23 15:48:24.180 23824 24183 I VkTextCorrection: threshold len=5→len=5 score=0,000 thr=0,140 ○
07-23 15:48:24.181 23824 24183 I VkSuggestions: strip composing typedLen=5 candidates=19 autocorrect=false top=len=5 locale=pt token=112 gen=1
07-23 15:48:24.182 23824 23824 I VkStripPipeline: setSuggestions composing size=19 style=1 token=112 gen=1 typed=len=5
07-23 15:48:24.183 23824 23824 I VkSuggestions: stripUi prediction=false children=5 [len=5|len=5|len=5]
07-23 15:48:24.184 23824 23824 I VkStripPipeline: slotBind composing children=5 [len=5|len=5|len=5]
07-23 15:48:25.266 23824 24183 I VkTextCorrection: rerank prediction head len=1→len=1
07-23 15:48:25.266 23824 24183 I VkSuggestions: strip prediction typedLen=0 candidates=3 autocorrect=false top=len=1 locale=pt token=113 gen=1
07-23 15:48:25.268 23824 23824 I VkStripPipeline: setSuggestions prediction size=3 style=7 token=113 gen=1
07-23 15:48:25.269 23824 23824 I VkSuggestions: stripUi prediction=true children=5 [len=1|len=1|len=2]
07-23 15:48:25.269 23824 23824 I VkStripPipeline: slotBind prediction children=5 [len=1|len=1|len=2]
07-23 15:48:25.872 23824 24183 I VkSuggestions: decode typedLen=1 candidates=18 locales=1 8,1ms
07-23 15:48:25.872 23824 24183 I VkTextCorrection: rerank composing head len=4→len=2
07-23 15:48:25.872 23824 24183 I VkTextCorrection: threshold len=1→len=2 score=0,000 thr=0,140 ○
07-23 15:48:25.873 23824 24183 I VkSuggestions: strip composing typedLen=1 candidates=18 autocorrect=false top=len=1 locale=pt token=115 gen=1
07-23 15:48:25.873 23824 23824 I VkStripPipeline: setSuggestions composing size=18 style=1 token=115 gen=1 typed=len=1
07-23 15:48:25.874 23824 23824 I VkSuggestions: stripUi prediction=false children=5 [len=1|len=2|len=3]
07-23 15:48:25.874 23824 23824 I VkStripPipeline: slotBind composing children=5 [len=1|len=2|len=3]
07-23 15:48:25.991 23824 24183 I VkSuggestions: decode typedLen=2 candidates=18 locales=1 13,1ms
07-23 15:48:25.992 23824 24183 I VkTextCorrection: threshold len=2→len=2 score=1,468 thr=0,140 ✓
07-23 15:48:25.993 23824 24183 I VkAutocorrect: will correct: len=2 → len=2
07-23 15:48:25.993 23824 24183 I VkSuggestions: strip composing typedLen=2 candidates=19 autocorrect=true top=len=2 locale=pt token=115 gen=1
07-23 15:48:25.999 23824 23824 I VkStripPipeline: setSuggestions composing size=19 style=1 token=115 gen=1 typed=len=2
07-23 15:48:26.006 23824 23824 I VkSuggestions: stripUi prediction=false children=5 [len=2|len=2|len=2]
07-23 15:48:26.006 23824 23824 I VkStripPipeline: slotBind composing children=5 [len=2|len=2|len=2]
07-23 15:48:26.275 23824 24183 W VibeKeyProfiler: Slow Native Suggest: Total=10.70ms | Init=0.27ms | TrieExpand(x15)=10.39ms | Scoring=0.04ms | inputSize=3
07-23 15:48:26.283 23824 24183 I VkSuggestions: decode typedLen=3 candidates=18 locales=1 19,9ms
07-23 15:48:26.283 23824 24183 W VkSuggestions: slow frame 19,9ms locales=1 typedLen=3 candidates=18
07-23 15:48:26.285 23824 24183 I VkTextCorrection: threshold len=3→len=4 score=0,204 thr=0,140 ✓
07-23 15:48:26.286 23824 24183 I VkAutocorrect: will correct: len=3 → len=4
07-23 15:48:26.286 23824 24183 I VkSuggestions: strip composing typedLen=3 candidates=19 autocorrect=true top=len=3 locale=pt token=116 gen=1
07-23 15:48:26.286 23824 23824 I VkStripPipeline: setSuggestions composing size=19 style=1 token=116 gen=1 typed=len=3
07-23 15:48:26.289 23824 23824 I VkSuggestions: stripUi prediction=false children=5 [len=3|len=4|len=9]
07-23 15:48:26.289 23824 23824 I VkStripPipeline: slotBind composing children=5 [len=3|len=4|len=9]
07-23 15:48:26.795 23824 23824 I VkAutocorrect: picked: len=4
07-23 15:48:26.899 23824 24183 I VkNgram : contextual locale=pt prev=len=4 → len=1, len=3, len=3
07-23 15:48:26.899 23824 24183 I VkNgram : merge locale=pt prev=len=4 preds=8 contextual=5 assets=true
07-23 15:48:26.901 23824 24183 I VkSuggestions: strip prediction typedLen=0 candidates=3 autocorrect=false top=len=4 locale=pt token=116 gen=2
07-23 15:48:26.902 23824 23824 I VkStripPipeline: setSuggestions prediction size=3 style=6 token=116 gen=2
07-23 15:48:26.906 23824 23824 I VkSuggestions: stripUi prediction=true children=5 [len=3|len=4|len=3]
07-23 15:48:26.906 23824 23824 I VkStripPipeline: slotBind prediction children=5 [len=3|len=4|len=3]
07-23 15:48:27.270 23824 23824 I VkKeyPress: keys pressed=141
07-23 15:48:27.387 23824 24183 I VkSuggestions: decode typedLen=1 candidates=18 locales=1 8,6ms
07-23 15:48:27.388 23824 24183 I VkTextCorrection: rerank composing head len=3→len=2
07-23 15:48:27.388 23824 24183 I VkTextCorrection: threshold len=1→len=2 score=0,000 thr=0,140 ○
07-23 15:48:27.410 23824 24183 I VkSuggestions: strip composing typedLen=1 candidates=19 autocorrect=false top=len=1 locale=pt token=118 gen=2
07-23 15:48:27.410 23824 23824 I VkStripPipeline: setSuggestions composing size=19 style=1 token=118 gen=2 typed=len=1
07-23 15:48:27.412 23824 23824 I VkSuggestions: stripUi prediction=false children=5 [len=1|len=2|len=3]
07-23 15:48:27.412 23824 23824 I VkStripPipeline: slotBind composing children=5 [len=1|len=2|len=3]
07-23 15:48:27.530 23824 24183 I VkSuggestions: decode typedLen=2 candidates=18 locales=1 7,6ms
07-23 15:48:27.531 23824 24183 I VkTextCorrection: threshold len=2→len=2 score=1,492 thr=0,140 ✓
07-23 15:48:27.531 23824 24183 I VkSuggestions: strip composing typedLen=2 candidates=18 autocorrect=false top=len=2 locale=pt token=119 gen=2
07-23 15:48:27.532 23824 23824 I VkStripPipeline: setSuggestions composing size=18 style=1 token=119 gen=2 typed=len=2
07-23 15:48:27.533 23824 23824 I VkSuggestions: stripUi prediction=false children=5 [len=2|len=2|len=2]
07-23 15:48:27.533 23824 23824 I VkStripPipeline: slotBind composing children=5 [len=2|len=2|len=2]
07-23 15:48:27.763 23824 24183 W VibeKeyProfiler: Slow Native Suggest: Total=9.14ms | Init=0.09ms | TrieExpand(x17)=9.03ms | Scoring=0.02ms | inputSize=4
07-23 15:48:27.763 23824 24183 I VkSuggestions: decode typedLen=4 candidates=18 locales=1 14,5ms
07-23 15:48:27.765 23824 24183 I VkSuggestions: strip composing typedLen=4 candidates=18 autocorrect=false top=len=4 locale=pt token=120 gen=2
07-23 15:48:27.765 23824 23824 I VkStripPipeline: setSuggestions composing size=18 style=1 token=120 gen=2 typed=len=4
07-23 15:48:27.766 23824 23824 I VkSuggestions: stripUi prediction=false children=5 [len=4|len=4|len=4]
07-23 15:48:27.766 23824 23824 I VkStripPipeline: slotBind composing children=5 [len=4|len=4|len=4]
07-23 15:48:28.456 23824 23824 I VkAutocorrect: picked: len=4
07-23 15:48:28.561 23824 24183 I VkSuggestions: strip prediction typedLen=0 candidates=3 autocorrect=false top=len=3 locale=pt token=120 gen=3
07-23 15:48:28.562 23824 23824 I VkStripPipeline: setSuggestions prediction size=3 style=6 token=120 gen=3
07-23 15:48:28.564 23824 23824 I VkSuggestions: stripUi prediction=true children=5 [len=6|len=3|len=10]
07-23 15:48:28.565 23824 23824 I VkStripPipeline: slotBind prediction children=5 [len=6|len=3|len=10]
07-23 15:48:28.841 23824 24183 I VkSuggestions: decode typedLen=3 candidates=18 locales=1 7,0ms
07-23 15:48:28.842 23824 24183 I VkSuggestions: strip composing typedLen=3 candidates=18 autocorrect=false top=len=3 locale=pt token=121 gen=3
07-23 15:48:28.843 23824 23824 I VkStripPipeline: setSuggestions composing size=18 style=1 token=121 gen=3 typed=len=3
07-23 15:48:28.845 23824 23824 I VkSuggestions: stripUi prediction=false children=5 [len=3|len=4|len=3]
07-23 15:48:28.845 23824 23824 I VkStripPipeline: slotBind composing children=5 [len=3|len=4|len=3]
07-23 15:48:29.173 23824 24183 W VibeKeyProfiler: Slow Native Suggest: Total=12.18ms | Init=0.15ms | TrieExpand(x17)=11.98ms | Scoring=0.05ms | inputSize=2
07-23 15:48:29.182 23824 24183 W VibeKeyProfiler: Slow Native Suggest: Total=8.59ms | Init=0.18ms | TrieExpand(x17)=8.38ms | Scoring=0.03ms | inputSize=2
07-23 15:48:29.183 23824 24183 I VkSuggestions: decode typedLen=2 candidates=18 locales=1 22,7ms
07-23 15:48:29.183 23824 24183 W VkSuggestions: slow frame 22,7ms locales=1 typedLen=2 candidates=18
07-23 15:48:29.185 23824 24183 I VkSuggestions: strip composing typedLen=2 candidates=18 autocorrect=false top=len=2 locale=pt token=122 gen=3
07-23 15:48:29.185 23824 23824 I VkStripPipeline: setSuggestions composing size=18 style=1 token=122 gen=3 typed=len=2
07-23 15:48:29.187 23824 23824 I VkSuggestions: stripUi prediction=false children=5 [len=2|len=2|len=2]
07-23 15:48:29.187 23824 23824 I VkStripPipeline: slotBind composing children=5 [len=2|len=2|len=2]
07-23 15:48:29.838 23824 24183 I VkSuggestions: decode typedLen=3 candidates=18 locales=1 8,2ms
07-23 15:48:29.840 23824 24183 I VkSuggestions: strip composing typedLen=3 candidates=19 autocorrect=false top=len=3 locale=pt token=124 gen=3
07-23 15:48:29.840 23824 23824 I VkStripPipeline: setSuggestions composing size=19 style=1 token=124 gen=3 typed=len=3
07-23 15:48:29.842 23824 23824 I VkSuggestions: stripUi prediction=false children=5 [len=3|len=5|len=4]
07-23 15:48:29.842 23824 23824 I VkStripPipeline: slotBind composing children=5 [len=3|len=5|len=4]
07-23 15:48:29.959 23824 24183 I VkSuggestions: decode typedLen=4 candidates=18 locales=1 12,1ms
07-23 15:48:29.960 23824 24183 I VkTextCorrection: rerank composing head len=4→len=2
07-23 15:48:29.961 23824 24183 I VkSuggestions: strip composing typedLen=4 candidates=18 autocorrect=false top=len=4 locale=pt token=124 gen=3
07-23 15:48:29.962 23824 23824 I VkStripPipeline: setSuggestions composing size=18 style=1 token=124 gen=3 typed=len=4
07-23 15:48:29.963 23824 23824 I VkSuggestions: stripUi prediction=false children=5 [len=4|len=2|len=5]
07-23 15:48:29.964 23824 23824 I VkStripPipeline: slotBind composing children=5 [len=4|len=2|len=5]
07-23 15:48:30.503 23824 23824 I VkAutocorrect: picked: len=4
07-23 15:48:30.607 23824 24183 I VkNgram : contextual locale=pt prev=len=4 → len=3, len=5, len=3
07-23 15:48:30.608 23824 24183 I VkSuggestions: strip prediction typedLen=0 candidates=3 autocorrect=false top=len=3 locale=pt token=124 gen=4
07-23 15:48:30.609 23824 23824 I VkStripPipeline: setSuggestions prediction size=3 style=6 token=124 gen=4
07-23 15:48:30.612 23824 23824 I VkSuggestions: stripUi prediction=true children=5 [len=1|len=3|len=5]
07-23 15:48:30.612 23824 23824 I VkStripPipeline: slotBind prediction children=5 [len=1|len=3|len=5]
07-23 15:48:31.538 23824 23824 I VkKeyPress: keys pressed=149
07-23 15:48:31.672 23824 24183 W VibeKeyProfiler: Slow Native Suggest: Total=12.99ms | Init=0.65ms | TrieExpand(x18)=12.29ms | Scoring=0.05ms | inputSize=1
07-23 15:48:31.677 23824 24183 I VkSuggestions: decode typedLen=1 candidates=18 locales=1 18,4ms
07-23 15:48:31.677 23824 24183 W VkSuggestions: slow frame 18,4ms locales=1 typedLen=1 candidates=18
07-23 15:48:31.678 23824 24183 I VkTextCorrection: rerank composing head len=4→len=3
07-23 15:48:31.678 23824 24183 I VkTextCorrection: threshold len=1→len=3 score=0,000 thr=0,140 ○
07-23 15:48:31.679 23824 24183 I VkSuggestions: strip composing typedLen=1 candidates=18 autocorrect=false top=len=1 locale=pt token=125 gen=4
07-23 15:48:31.680 23824 23824 I VkStripPipeline: setSuggestions composing size=18 style=1 token=125 gen=4 typed=len=1
07-23 15:48:31.682 23824 23824 I VkSuggestions: stripUi prediction=false children=5 [len=1|len=3|len=3]
07-23 15:48:31.682 23824 23824 I VkStripPipeline: slotBind composing children=5 [len=1|len=3|len=3]
07-23 15:48:31.880 23824 24183 I VkSuggestions: decode typedLen=2 candidates=18 locales=1 11,2ms
07-23 15:48:31.881 23824 24183 I VkTextCorrection: rerank composing head len=2→len=4
07-23 15:48:31.881 23824 24183 I VkTextCorrection: threshold len=2→len=4 score=0,000 thr=0,140 ○
07-23 15:48:31.883 23824 24183 I VkSuggestions: strip composing typedLen=2 candidates=19 autocorrect=false top=len=2 locale=pt token=126 gen=4
07-23 15:48:31.883 23824 23824 I VkStripPipeline: setSuggestions composing size=19 style=1 token=126 gen=4 typed=len=2
07-23 15:48:31.897 23824 23824 I VkSuggestions: stripUi prediction=false children=5 [len=2|len=4|len=2]
07-23 15:48:31.897 23824 23824 I VkStripPipeline: slotBind composing children=5 [len=2|len=4|len=2]
07-23 15:48:32.080 23824 24183 W VibeKeyProfiler: Slow Native Suggest: Total=12.01ms | Init=0.26ms | TrieExpand(x18)=11.69ms | Scoring=0.05ms | inputSize=3
07-23 15:48:32.090 23824 24183 W VibeKeyProfiler: Slow Native Suggest: Total=8.99ms | Init=0.17ms | TrieExpand(x19)=8.78ms | Scoring=0.04ms | inputSize=3
07-23 15:48:32.091 23824 24183 I VkSuggestions: decode typedLen=3 candidates=18 locales=1 22,8ms
07-23 15:48:32.091 23824 24183 W VkSuggestions: slow frame 22,8ms locales=1 typedLen=3 candidates=18
07-23 15:48:32.094 23824 24183 I VkTextCorrection: rerank composing head len=3→len=2
07-23 15:48:32.094 23824 24183 I VkTextCorrection: threshold len=3→len=2 score=0,000 thr=0,140 ○
07-23 15:48:32.097 23824 24183 I VkSuggestions: strip composing typedLen=3 candidates=16 autocorrect=false top=len=3 locale=pt token=127 gen=4
07-23 15:48:32.098 23824 23824 I VkStripPipeline: setSuggestions composing size=16 style=1 token=127 gen=4 typed=len=3
07-23 15:48:32.104 23824 23824 I VkSuggestions: stripUi prediction=false children=5 [len=3|len=2|len=2]
07-23 15:48:32.104 23824 23824 I VkStripPipeline: slotBind composing children=5 [len=3|len=2|len=2]
07-23 15:48:32.650 23824 23824 I VkAutocorrect: picked: len=3
07-23 15:48:32.754 23824 24183 I VkNgram : contextual locale=pt prev=len=3 → len=3, len=8, len=5
07-23 15:48:32.754 23824 24183 I VkNgram : merge locale=pt prev=len=3 preds=8 contextual=5 assets=true
07-23 15:48:32.755 23824 24183 I VkTextCorrection: rerank prediction head len=10→len=8
07-23 15:48:32.756 23824 24183 I VkSuggestions: strip prediction typedLen=0 candidates=3 autocorrect=false top=len=8 locale=pt token=127 gen=5
07-23 15:48:32.757 23824 23824 I VkStripPipeline: setSuggestions prediction size=3 style=6 token=127 gen=5
07-23 15:48:32.762 23824 23824 I VkSuggestions: stripUi prediction=true children=5 [len=7|len=8|len=10]
07-23 15:48:32.762 23824 23824 I VkStripPipeline: slotBind prediction children=5 [len=7|len=8|len=10]
07-23 15:48:33.354 23824 23824 I VkStripPipeline: langSwitch main=pt-BR token=129 gen=6
07-23 15:48:33.364 23824 23824 I VkStripPipeline: setSuggestions composing size=0 style=0 token=-1 gen=-1
07-23 15:48:33.365 23824 23824 I VkStripPipeline: slotBind composing children=0 []
07-23 15:48:33.366 23824 23824 I VkLanguageSettings: select en-AU
07-23 15:48:33.414 23824 23824 I VkLanguageSettings: cycle dir=1 → en-AU
07-23 15:48:33.456 23824 24219 I VkMultilingual: reset main=en-AU locales=[en] count=1
07-23 15:48:33.462 23824 24219 I VkDictionaries: ▶ async reload main dicts locales=1
07-23 15:48:33.508 23824 24270 I VkDictionaries: ✓ open main en-AU
07-23 15:48:33.509 23824 24270 I VkDictionaries: collection en-AU dicts=1 emoji=true
07-23 15:48:36.298 23824 23824 I VkKeyPress: keys pressed=153
07-23 15:48:36.537 23824 24183 I VkSuggestions: strip prediction typedLen=0 candidates=3 autocorrect=false top=len=7 locale=en token=133 gen=6
07-23 15:48:36.537 23824 23824 I VkStripPipeline: setSuggestions prediction size=3 style=6 token=133 gen=6
07-23 15:48:36.540 23824 23824 I VkSuggestions: stripUi prediction=true children=5 [len=3|len=7|len=5]
07-23 15:48:36.541 23824 23824 I VkStripPipeline: slotBind prediction children=5 [len=3|len=7|len=5]
07-23 15:48:36.683 23824 24183 I VkSuggestions: strip prediction typedLen=0 candidates=3 autocorrect=false top=len=7 locale=en token=134 gen=6
07-23 15:48:36.683 23824 23824 I VkStripPipeline: setSuggestions prediction size=3 style=6 token=134 gen=6
07-23 15:48:36.869 23824 24183 I VkTextCorrection: rerank prediction head len=7→len=5
07-23 15:48:36.870 23824 24183 I VkSuggestions: strip prediction typedLen=0 candidates=3 autocorrect=false top=len=5 locale=en token=135 gen=6
07-23 15:48:36.870 23824 23824 I VkStripPipeline: setSuggestions prediction size=3 style=6 token=135 gen=6
07-23 15:48:36.871 23824 23824 I VkSuggestions: stripUi prediction=true children=5 [len=7|len=5|len=3]
07-23 15:48:36.872 23824 23824 I VkStripPipeline: slotBind prediction children=5 [len=7|len=5|len=3]
07-23 15:48:37.107 23824 24183 I VkTextCorrection: rerank prediction head len=7→len=5
07-23 15:48:40.592 23824 23824 I VkKeyPress: keys pressed=159
07-23 15:48:40.706 23824 24183 W VibeKeyProfiler: Slow Native Suggest: Total=11.81ms | Init=0.02ms | TrieExpand(x16)=11.75ms | Scoring=0.04ms | inputSize=1
07-23 15:48:40.707 23824 24183 I VkSuggestions: decode typedLen=1 candidates=18 locales=1 12,6ms
07-23 15:48:40.709 23824 24183 I VkSuggestions: strip composing typedLen=1 candidates=19 autocorrect=false top=len=1 locale=en token=137 gen=6
07-23 15:48:40.710 23824 23824 I VkStripPipeline: setSuggestions composing size=19 style=1 token=137 gen=6 typed=len=1
07-23 15:48:40.714 23824 23824 I VkSuggestions: stripUi prediction=false children=5 [len=1|len=3|len=2]
07-23 15:48:40.715 23824 23824 I VkStripPipeline: slotBind composing children=5 [len=1|len=3|len=2]
07-23 15:48:41.150 23824 24183 I VkSuggestions: decode typedLen=3 candidates=18 locales=1 2,9ms
07-23 15:48:41.152 23824 24183 I VkTextCorrection: threshold len=3→len=4 score=0,073 thr=0,140 ○
07-23 15:48:41.153 23824 24183 I VkSuggestions: strip composing typedLen=3 candidates=19 autocorrect=false top=len=3 locale=en token=140 gen=6
07-23 15:48:41.153 23824 23824 I VkStripPipeline: setSuggestions composing size=19 style=1 token=140 gen=6 typed=len=3
07-23 15:48:41.154 23824 23824 I VkSuggestions: stripUi prediction=false children=5 [len=3|len=4|len=3]
07-23 15:48:41.154 23824 23824 I VkStripPipeline: slotBind composing children=5 [len=3|len=4|len=3]
07-23 15:48:41.318 23824 24183 I VkSuggestions: decode typedLen=4 candidates=18 locales=1 3,2ms
07-23 15:48:41.319 23824 24183 I VkTextCorrection: threshold len=4→len=4 score=0,269 thr=0,140 ✓
07-23 15:48:41.320 23824 24183 I VkAutocorrect: will correct: len=4 → len=4
07-23 15:48:41.320 23824 24183 I VkSuggestions: strip composing typedLen=4 candidates=17 autocorrect=true top=len=4 locale=en token=141 gen=6
07-23 15:48:41.321 23824 23824 I VkStripPipeline: setSuggestions composing size=17 style=1 token=141 gen=6 typed=len=4
07-23 15:48:41.322 23824 23824 I VkSuggestions: stripUi prediction=false children=5 [len=4|len=4|len=4]
07-23 15:48:41.322 23824 23824 I VkStripPipeline: slotBind composing children=5 [len=4|len=4|len=4]
07-23 15:48:41.524 23824 24183 W VibeKeyProfiler: Slow Native Suggest: Total=9.39ms | Init=0.32ms | TrieExpand(x15)=9.03ms | Scoring=0.04ms | inputSize=5
07-23 15:48:41.525 23824 24183 I VkSuggestions: decode typedLen=5 candidates=18 locales=1 10,2ms
07-23 15:48:41.526 23824 24183 I VkTextCorrection: threshold len=5→len=5 score=0,338 thr=0,140 ✓
07-23 15:48:41.528 23824 24183 I VkAutocorrect: will correct: len=5 → len=5
07-23 15:48:41.528 23824 24183 I VkSuggestions: strip composing typedLen=5 candidates=18 autocorrect=true top=len=5 locale=en token=141 gen=6
07-23 15:48:41.529 23824 23824 I VkStripPipeline: setSuggestions composing size=18 style=1 token=141 gen=6 typed=len=5
07-23 15:48:41.532 23824 23824 I VkSuggestions: stripUi prediction=false children=5 [len=5|len=5|len=5]
07-23 15:48:41.533 23824 23824 I VkStripPipeline: slotBind composing children=5 [len=5|len=5|len=5]
07-23 15:48:42.061 23824 23824 I VkAutocorrect: picked: len=5
07-23 15:48:42.164 23824 24183 I VkNgram : merge locale=en prev=len=5 preds=8 contextual=0 assets=true
07-23 15:48:42.166 23824 24183 I VkSuggestions: strip prediction typedLen=0 candidates=3 autocorrect=false top=len=2 locale=en token=141 gen=7
07-23 15:48:42.166 23824 23824 I VkStripPipeline: setSuggestions prediction size=3 style=6 token=141 gen=7
07-23 15:48:42.169 23824 23824 I VkSuggestions: stripUi prediction=true children=5 [len=5|len=2|len=3]
07-23 15:48:42.169 23824 23824 I VkStripPipeline: slotBind prediction children=5 [len=5|len=2|len=3]
07-23 15:48:44.869 23824 23824 I VkKeyPress: keys pressed=164
07-23 15:48:46.848 23824 23824 I VkStripPipeline: langSwitch main=en-AU token=144 gen=8
07-23 15:48:46.851 23824 23824 I VkStripPipeline: setSuggestions composing size=0 style=0 token=-1 gen=-1
07-23 15:48:46.852 23824 23824 I VkStripPipeline: slotBind composing children=0 []
07-23 15:48:46.852 23824 23824 I VkLanguageSettings: select es
07-23 15:48:46.862 23824 23824 I VkDictionaries: ✓ open emoji es
07-23 15:48:46.876 23824 23824 I VkLanguageSettings: cycle dir=1 → es
07-23 15:48:46.884 23824 24270 I VkMultilingual: reset main=es locales=[es] count=1
07-23 15:48:46.887 23824 24270 I VkDictionaries: ▶ async reload main dicts locales=1
07-23 15:48:46.889 23824 24270 I VkDictionaries: ✓ open emoji es
07-23 15:48:46.892 23824 24270 I VkDictionaries: ✓ open main es
07-23 15:48:46.892 23824 24270 I VkDictionaries: collection es dicts=2 emoji=true
07-23 15:48:48.601 23824 23824 I VkKeyPress: keys pressed=166
07-23 15:48:48.719 23824 24183 W VibeKeyProfiler: Slow Native Suggest: Total=11.70ms | Init=0.02ms | TrieExpand(x13)=11.61ms | Scoring=0.06ms | inputSize=1
07-23 15:48:48.730 23824 24183 W VibeKeyProfiler: Slow Native Suggest: Total=10.00ms | Init=0.02ms | TrieExpand(x15)=9.93ms | Scoring=0.05ms | inputSize=1
07-23 15:48:48.732 23824 24183 I VkSuggestions: decode typedLen=1 candidates=18 locales=1 25,1ms
07-23 15:48:48.732 23824 24183 W VkSuggestions: slow frame 25,1ms locales=1 typedLen=1 candidates=18
07-23 15:48:48.737 23824 24183 I VkSuggestions: strip composing typedLen=1 candidates=19 autocorrect=false top=len=1 locale=es token=146 gen=8
07-23 15:48:48.737 23824 23824 I VkStripPipeline: setSuggestions composing size=19 style=1 token=146 gen=8 typed=len=1
07-23 15:48:48.738 23824 23824 I VkSuggestions: stripUi prediction=false children=5 [len=1|len=1|len=2]
07-23 15:48:48.738 23824 23824 I VkStripPipeline: slotBind composing children=5 [len=1|len=1|len=2]
07-23 15:48:48.937 23824 24183 I VkSuggestions: decode typedLen=2 candidates=18 locales=1 7,3ms
07-23 15:48:48.938 23824 24183 I VkTextCorrection: rerank composing head len=2→len=3
07-23 15:48:48.938 23824 24183 I VkTextCorrection: threshold len=2→len=3 score=0,160 thr=0,140 ✓
07-23 15:48:48.938 23824 24183 I VkAutocorrect: will correct: len=2 → len=3
07-23 15:48:48.938 23824 24183 I VkSuggestions: strip composing typedLen=2 candidates=19 autocorrect=true top=len=2 locale=es token=148 gen=8
07-23 15:48:48.940 23824 23824 I VkStripPipeline: setSuggestions composing size=19 style=1 token=148 gen=8 typed=len=2
07-23 15:48:48.941 23824 23824 I VkSuggestions: stripUi prediction=false children=5 [len=2|len=3|len=2]
07-23 15:48:48.941 23824 23824 I VkStripPipeline: slotBind composing children=5 [len=2|len=3|len=2]
07-23 15:48:49.147 23824 24183 I VkSuggestions: decode typedLen=3 candidates=18 locales=1 7,7ms
07-23 15:48:49.147 23824 24183 I VkTextCorrection: threshold len=3→len=8 score=0,063 thr=0,140 ○
07-23 15:48:49.148 23824 24183 I VkSuggestions: strip composing typedLen=3 candidates=19 autocorrect=false top=len=3 locale=es token=149 gen=8
07-23 15:48:49.150 23824 23824 I VkStripPipeline: setSuggestions composing size=19 style=1 token=149 gen=8 typed=len=3
07-23 15:48:49.152 23824 23824 I VkSuggestions: stripUi prediction=false children=5 [len=3|len=8|len=7]
07-23 15:48:49.152 23824 23824 I VkStripPipeline: slotBind composing children=5 [len=3|len=8|len=7]
07-23 15:48:49.291 23824 24183 W VibeKeyProfiler: Slow Native Suggest: Total=8.06ms | Init=0.25ms | TrieExpand(x11)=7.77ms | Scoring=0.04ms | inputSize=4
07-23 15:48:49.299 23824 24183 W VibeKeyProfiler: Slow Native Suggest: Total=8.33ms | Init=0.16ms | TrieExpand(x18)=8.13ms | Scoring=0.04ms | inputSize=4
07-23 15:48:49.300 23824 24183 I VkSuggestions: decode typedLen=4 candidates=18 locales=1 17,8ms
07-23 15:48:49.300 23824 24183 W VkSuggestions: slow frame 17,8ms locales=1 typedLen=4 candidates=18
07-23 15:48:49.303 23824 24183 I VkTextCorrection: threshold len=4→len=4 score=0,182 thr=0,140 ✓
07-23 15:48:49.304 23824 24183 I VkAutocorrect: will correct: len=4 → len=4
07-23 15:48:49.304 23824 24183 I VkSuggestions: strip composing typedLen=4 candidates=19 autocorrect=true top=len=4 locale=es token=149 gen=8
07-23 15:48:49.308 23824 23824 I VkStripPipeline: setSuggestions composing size=19 style=1 token=149 gen=8 typed=len=4
07-23 15:48:49.313 23824 23824 I VkSuggestions: stripUi prediction=false children=5 [len=4|len=4|len=2]
07-23 15:48:49.313 23824 23824 I VkStripPipeline: slotBind composing children=5 [len=4|len=4|len=2]
07-23 15:48:50.070 23824 23824 I VkAutocorrect: picked: len=4
07-23 15:48:50.172 23824 24183 I VkNgram : contextual locale=es prev=len=4 → len=4, len=4, len=3
07-23 15:48:50.172 23824 24183 I VkNgram : merge locale=es prev=len=4 preds=8 contextual=5 assets=true
07-23 15:48:50.173 23824 24183 I VkTextCorrection: rerank prediction head len=3→len=4
