--------- beginning of system
07-07 20:48:29.810  2282  2282 E OplusCustomizeRestrictionManager: sInstance is null, start a new sInstance
--------- beginning of crash
07-07 20:50:26.839  2282  4453 F libc    : Fatal signal 11 (SIGSEGV), code 2 (SEGV_ACCERR), fault addr 0x6b00000058 in tid 4453 (DefaultDispatch), pid 2282 (AndroidUI)
07-07 20:50:31.960  5059  5059 F DEBUG   : Process name is com.vibekey.keyboard, not key_process
07-07 20:50:31.961  5059  5059 F DEBUG   : keyProcess: 0
07-07 20:50:31.961  5059  5059 F DEBUG   : *** *** *** *** *** *** *** *** *** *** *** *** *** *** *** ***
07-07 20:50:31.961  5059  5059 F DEBUG   : Build fingerprint: 'OnePlus/OnePlus7Pro/OnePlus7Pro:12/SKQ1.211113.001/P.202303230244:user/release-keys'
07-07 20:50:31.961  5059  5059 F DEBUG   : Revision: '0'
07-07 20:50:31.961  5059  5059 F DEBUG   : ABI: 'arm64'
07-07 20:50:31.961  5059  5059 F DEBUG   : Timestamp: 2026-07-07 20:50:27.247463319-0400
07-07 20:50:31.961  5059  5059 F DEBUG   : Process uptime: 0s
07-07 20:50:31.961  5059  5059 F DEBUG   : Cmdline: com.vibekey.keyboard
07-07 20:50:31.961  5059  5059 F DEBUG   : pid: 2282, tid: 4453, name: DefaultDispatch  >>> com.vibekey.keyboard <<<
07-07 20:50:31.961  5059  5059 F DEBUG   : uid: 14189
07-07 20:50:31.961  5059  5059 F DEBUG   : signal 11 (SIGSEGV), code 2 (SEGV_ACCERR), fault addr 0x6b00000058
07-07 20:50:31.961  5059  5059 F DEBUG   :     x0  0000000000000000  x1  0000000000001165  x2  000000000000000b  x3  0000007127219da0
07-07 20:50:31.961  5059  5059 F DEBUG   :     x4  0000007119abe400  x5  0000007119abe400  x6  0000007119abe400  x7  0000000000000000
07-07 20:50:31.961  5059  5059 F DEBUG   :     x8  00000000000000f0  x9  5c0068c420da7557  x10 0000007142c6168c  x11 0000000000000000
07-07 20:50:31.961  5059  5059 F DEBUG   :     x12 00000000ffffffff  x13 0000000000000000  x14 0000000000000005  x15 00000000ebad6a89
07-07 20:50:31.961  5059  5059 F DEBUG   :     x16 000000702c6af7b0  x17 0000007113cdef10  x18 0000006db07c2000  x19 000000000000000b
07-07 20:50:31.961  5059  5059 F DEBUG   :     x20 0000007127219da0  x21 00000000000008ea  x22 0000007127219b90  x23 0000000000000001
07-07 20:50:31.961  5059  5059 F DEBUG   :     x24 000000707ab24d5c  x25 0000006fb7dfbf80  x26 0000007119abf698  x27 0000007119abe408
07-07 20:50:31.961  5059  5059 F DEBUG   :     x28 0000000000000400  x29 0000007127219bb0
07-07 20:50:31.961  5059  5059 F DEBUG   :     lr  00000070292d1450  sp  0000007127219b90  pc  0000007113cdef34  pst 0000000000000000
07-07 20:50:31.961  5059  5059 F DEBUG   : backtrace:
07-07 20:50:31.961  5059  5059 F DEBUG   :       #00 pc 0000000000075f34  /apex/com.android.runtime/lib64/bionic/libc.so (syscall+36) (BuildId: bbbdeb7c87c74f1491f92c6e605095b0)
07-07 20:50:31.961  5059  5059 F DEBUG   :       #01 pc 000000000606e44c  /data/app/~~h2NsNJB8n0sBE9tyQ9jBbA==/com.google.android.webview--L42KdbmkggNRJB1C0ly8w==/base.apk!libwebviewchromium.so (BuildId: f8315c85f842e9718c8d5cac468cee070328b05c)
07-07 20:50:31.961  5059  5059 F DEBUG   :       #02 pc 0000000006064ca8  /data/app/~~h2NsNJB8n0sBE9tyQ9jBbA==/com.google.android.webview--L42KdbmkggNRJB1C0ly8w==/base.apk!libwebviewchromium.so (BuildId: f8315c85f842e9718c8d5cac468cee070328b05c)
07-07 20:50:31.961  5059  5059 F DEBUG   :       #03 pc 000000000729d1dc  /data/app/~~e4KVAOqRZcwQoNzGZ_FEZg==/com.vibekey.keyboard-qmpPCqxvAE0SnOf5-nmfXg==/lib/arm64/libxul.so (BuildId: 4a35ccb91ce54a7d8afe95f435ee2ee2cc640e58)
07-07 20:50:31.961  5059  5059 F DEBUG   :       #04 pc 0000000007721500  /data/app/~~e4KVAOqRZcwQoNzGZ_FEZg==/com.vibekey.keyboard-qmpPCqxvAE0SnOf5-nmfXg==/lib/arm64/libxul.so (BuildId: 4a35ccb91ce54a7d8afe95f435ee2ee2cc640e58)
07-07 20:50:31.961  5059  5059 F DEBUG   :       #05 pc 00000000000070a0  /apex/com.android.art/lib64/libsigchain.so (art::SignalChain::Handler(int, siginfo*, void*)+1152) (BuildId: b6eee6262e0caa13108e99cc46dd5b5d)
07-07 20:50:31.961  5059  5059 F DEBUG   :       #06 pc 0000000000000638  [vdso] (__kernel_rt_sigreturn+0)
07-07 20:50:31.961  5059  5059 F DEBUG   :       #07 pc 00000000000a3d58  /data/app/~~e4KVAOqRZcwQoNzGZ_FEZg==/com.vibekey.keyboard-qmpPCqxvAE0SnOf5-nmfXg==/lib/arm64/libjni_latinime.so (BuildId: f905dbd1a904967a994cf833116e517b05caa863)
07-07 20:50:31.961  5059  5059 F DEBUG   :       #08 pc 00000000002c23a0  /apex/com.android.art/lib64/libart.so (art_quick_generic_jni_trampoline+144) (BuildId: cecb684d19b4f44ee3cbd66142c315f4)
07-07 20:50:31.961  5059  5059 F DEBUG   :       #09 pc 000000000072b39c  /apex/com.android.art/lib64/libart.so (nterp_helper+780) (BuildId: cecb684d19b4f44ee3cbd66142c315f4)
07-07 20:50:31.961  5059  5059 F DEBUG   :       #10 pc 00000000002296d2  /data/app/~~e4KVAOqRZcwQoNzGZ_FEZg==/com.vibekey.keyboard-qmpPCqxvAE0SnOf5-nmfXg==/oat/arm64/base.vdex (com.android.inputmethod.latin.DicTraverseSession.a+22)
07-07 20:50:31.962  5059  5059 F DEBUG   :       #11 pc 000000000072b884  /apex/com.android.art/lib64/libart.so (nterp_helper+2036) (BuildId: cecb684d19b4f44ee3cbd66142c315f4)
07-07 20:50:31.962  5059  5059 F DEBUG   :       #12 pc 0000000000229268  /data/app/~~e4KVAOqRZcwQoNzGZ_FEZg==/com.vibekey.keyboard-qmpPCqxvAE0SnOf5-nmfXg==/oat/arm64/base.vdex (com.android.inputmethod.latin.BinaryDictionary.a+44)
07-07 20:50:31.962  5059  5059 F DEBUG   :       #13 pc 000000000072b884  /apex/com.android.art/lib64/libart.so (nterp_helper+2036) (BuildId: cecb684d19b4f44ee3cbd66142c315f4)
07-07 20:50:31.962  5059  5059 F DEBUG   :       #14 pc 0000000000ae7b3e  /data/app/~~e4KVAOqRZcwQoNzGZ_FEZg==/com.vibekey.keyboard-qmpPCqxvAE0SnOf5-nmfXg==/oat/arm64/base.vdex (v7.k.a+22)
07-07 20:50:31.962  5059  5059 F DEBUG   :       #15 pc 000000000072b884  /apex/com.android.art/lib64/libart.so (nterp_helper+2036) (BuildId: cecb684d19b4f44ee3cbd66142c315f4)
07-07 20:50:31.962  5059  5059 F DEBUG   :       #16 pc 0000000000ae6c9e  /data/app/~~e4KVAOqRZcwQoNzGZ_FEZg==/com.vibekey.keyboard-qmpPCqxvAE0SnOf5-nmfXg==/oat/arm64/base.vdex (v7.e.a+34)
07-07 20:50:31.962  5059  5059 F DEBUG   :       #17 pc 000000000072b884  /apex/com.android.art/lib64/libart.so (nterp_helper+2036) (BuildId: cecb684d19b4f44ee3cbd66142c315f4)
07-07 20:50:31.962  5059  5059 F DEBUG   :       #18 pc 00000000005b5bac  /data/app/~~e4KVAOqRZcwQoNzGZ_FEZg==/com.vibekey.keyboard-qmpPCqxvAE0SnOf5-nmfXg==/oat/arm64/base.vdex (p7.q.b+52)
07-07 20:50:31.962  5059  5059 F DEBUG   :       #19 pc 000000000072b884  /apex/com.android.art/lib64/libart.so (nterp_helper+2036) (BuildId: cecb684d19b4f44ee3cbd66142c315f4)
07-07 20:50:31.962  5059  5059 F DEBUG   :       #20 pc 0000000000203f26  /data/app/~~e4KVAOqRZcwQoNzGZ_FEZg==/com.vibekey.keyboard-qmpPCqxvAE0SnOf5-nmfXg==/oat/arm64/base.vdex (b4.z.invokeSuspend+1130)
07-07 20:50:31.962  5059  5059 F DEBUG   :       #21 pc 00000000020d43fc  /memfd:jit-cache (deleted)
07-07 20:50:54.360  5339  5339 E OplusCustomizeRestrictionManager: sInstance is null, start a new sInstance
07-07 20:51:41.171  5339  6040 E ActivityThread: Failed to find provider info for com.oplus.statistics.provider
07-07 20:51:41.171  5339  6040 E OplusStatistics--: IllegalArgumentException:java.lang.IllegalArgumentException: Unknown URL content://com.oplus.statistics.provider/track_event
--------- beginning of main
07-07 20:53:06.738  5339  5339 I VkEffects: reload anim=neon_pulse blur=0px glow=true stickers=true
07-07 20:53:06.864  5339  5339 I VkEffects: reload anim=scale blur=562px glow=false stickers=true
07-07 20:53:06.876  5339  5339 I VkEffects: reload anim=neon_pulse blur=0px glow=true stickers=true
07-07 20:53:06.989  5339  5339 I VkEffects: reload anim=scale blur=562px glow=false stickers=true
07-07 20:53:07.005  5339  5339 I VkEffects: reload anim=ripple blur=0px glow=false stickers=true
07-07 20:53:07.118  5339  5339 I VkEffects: reload anim=scale blur=562px glow=false stickers=true
07-07 20:53:07.130  5339  5339 I VkEffects: reload anim=fade blur=0px glow=false stickers=true
07-07 20:53:07.216  5339  5339 I VkEffects: reload anim=scale blur=562px glow=false stickers=true
07-07 20:53:07.228  5339  5339 I VkEffects: reload anim=scale blur=0px glow=false stickers=true
07-07 20:53:07.335  5339  5339 I VkEffects: reload anim=scale blur=562px glow=false stickers=true
07-07 20:53:07.350  5339  5339 I VkEffects: reload anim=bounce blur=0px glow=false stickers=true
07-07 20:53:07.460  5339  5339 I VkEffects: reload anim=scale blur=562px glow=false stickers=true
07-07 20:53:07.483  5339  5339 I VkEffects: reload anim=fade blur=0px glow=false stickers=true
07-07 20:53:07.542  5339  5339 W LayerDrawable: Invalid drawable added to LayerDrawable! Drawable already belongs to another owner but does not expose a constant state.
07-07 20:53:07.542  5339  5339 W LayerDrawable: java.lang.RuntimeException
07-07 20:53:07.542  5339  5339 W LayerDrawable: 	at android.graphics.drawable.LayerDrawable$ChildDrawable.<init>(LayerDrawable.java:1857)
07-07 20:53:07.542  5339  5339 W LayerDrawable: 	at android.graphics.drawable.LayerDrawable$LayerState.<init>(LayerDrawable.java:1977)
07-07 20:53:07.542  5339  5339 W LayerDrawable: 	at android.graphics.drawable.LayerDrawable.createConstantState(LayerDrawable.java:174)
07-07 20:53:07.542  5339  5339 W LayerDrawable: 	at android.graphics.drawable.LayerDrawable.mutate(LayerDrawable.java:1782)
07-07 20:53:07.542  5339  5339 W LayerDrawable: 	at helium314.keyboard.latin.InputView.g(r8-map-id-ad73b94404394bfc85426ccd0b1e70e5f0945155e663f3d0fd3f21863db96ca4:571)
07-07 20:53:07.542  5339  5339 W LayerDrawable: 	at j8.d.l(r8-map-id-ad73b94404394bfc85426ccd0b1e70e5f0945155e663f3d0fd3f21863db96ca4:311)
07-07 20:53:07.542  5339  5339 W LayerDrawable: 	at j8.d.k(r8-map-id-ad73b94404394bfc85426ccd0b1e70e5f0945155e663f3d0fd3f21863db96ca4:327)
07-07 20:53:07.542  5339  5339 W LayerDrawable: 	at a8.b0.run(r8-map-id-ad73b94404394bfc85426ccd0b1e70e5f0945155e663f3d0fd3f21863db96ca4:287)
07-07 20:53:07.542  5339  5339 W LayerDrawable: 	at android.os.Handler.handleCallback(Handler.java:938)
07-07 20:53:07.542  5339  5339 W LayerDrawable: 	at android.os.Handler.dispatchMessage(Handler.java:99)
07-07 20:53:07.542  5339  5339 W LayerDrawable: 	at android.os.Looper.loopOnce(Looper.java:233)
07-07 20:53:07.542  5339  5339 W LayerDrawable: 	at android.os.Looper.loop(Looper.java:344)
07-07 20:53:07.542  5339  5339 W LayerDrawable: 	at android.app.ActivityThread.main(ActivityThread.java:8212)
07-07 20:53:07.542  5339  5339 W LayerDrawable: 	at java.lang.reflect.Method.invoke(Native Method)
07-07 20:53:07.542  5339  5339 W LayerDrawable: 	at com.android.internal.os.RuntimeInit$MethodAndArgsCaller.run(RuntimeInit.java:584)
07-07 20:53:07.542  5339  5339 W LayerDrawable: 	at com.android.internal.os.ZygoteInit.main(ZygoteInit.java:1034)
07-07 20:53:07.599  5339  5339 I VkEffects: reload anim=scale blur=562px glow=false stickers=true
07-07 20:53:07.629  5339  5824 W libc    : Access denied finding property "vendor.oplus.media.vpp.stutter"
07-07 20:53:07.786  5339  5339 I VkEffects: reload anim=scale blur=0px glow=false stickers=true
07-07 20:53:07.856  5339  5339 I VkEffects: reload anim=scale blur=562px glow=false stickers=true
07-07 20:53:07.889  5339  5339 I VkEffects: reload anim=neon_pulse blur=0px glow=true stickers=true
07-07 20:53:07.980  5339  5339 I VkEffects: reload anim=scale blur=562px glow=false stickers=true
07-07 20:53:07.993  5339  5339 I VkEffects: reload anim=scale blur=0px glow=false stickers=true
07-07 20:53:08.080  5339  5339 I VkEffects: reload anim=scale blur=562px glow=false stickers=true
07-07 20:53:08.093  5339  5339 I VkEffects: reload anim=scale blur=0px glow=false stickers=true
07-07 20:53:08.169  5339  5339 I VkEffects: reload anim=scale blur=562px glow=false stickers=true
07-07 20:53:08.183  5339  5339 I VkEffects: reload anim=bounce blur=0px glow=false stickers=true
07-07 20:53:08.287  5339  5339 I VkEffects: reload anim=scale blur=562px glow=false stickers=true
07-07 20:53:08.301  5339  5339 I VkEffects: reload anim=scale blur=0px glow=false stickers=true
07-07 20:53:08.411  5339  5339 I VkEffects: reload anim=scale blur=562px glow=false stickers=true
07-07 20:53:08.423  5339  5339 I VkEffects: reload anim=scale blur=0px glow=false stickers=true
07-07 20:53:08.521  5339  5339 I VkEffects: reload anim=scale blur=562px glow=false stickers=true
07-07 20:53:08.535  5339  5339 I VkEffects: reload anim=scale blur=0px glow=false stickers=true
07-07 20:53:08.629  5339  5824 W libc    : Access denied finding property "vendor.oplus.media.vpp.stutter"
07-07 20:53:08.641  5339  5339 I VkEffects: reload anim=scale blur=562px glow=false stickers=true
07-07 20:53:08.657  5339  5339 I VkEffects: reload anim=fade blur=0px glow=false stickers=true
07-07 20:53:08.760  5339  5339 I VkEffects: reload anim=scale blur=562px glow=false stickers=true
07-07 20:53:08.775  5339  5339 I VkEffects: reload anim=scale blur=0px glow=false stickers=true
07-07 20:53:08.876  5339  5339 I VkEffects: reload anim=scale blur=562px glow=false stickers=true
07-07 20:53:08.910  5339  5339 I VkEffects: reload anim=scale blur=0px glow=false stickers=true
07-07 20:53:09.017  5339  5339 I VkEffects: reload anim=scale blur=562px glow=false stickers=true
07-07 20:53:09.031  5339  5339 I VkEffects: reload anim=scale blur=0px glow=false stickers=true
07-07 20:53:09.133  5339  5339 I VkEffects: reload anim=scale blur=562px glow=false stickers=true
07-07 20:53:09.147  5339  5339 I VkEffects: reload anim=scale blur=0px glow=false stickers=true
07-07 20:53:09.269  5339  5339 I VkEffects: reload anim=scale blur=562px glow=false stickers=true
07-07 20:53:09.282  5339  5339 I VkEffects: reload anim=neon_pulse blur=0px glow=true stickers=true
07-07 20:53:09.368  5339  5339 I VkEffects: reload anim=scale blur=562px glow=false stickers=true
07-07 20:53:09.390  5339  5339 I VkEffects: reload anim=ripple blur=0px glow=true stickers=true
07-07 20:53:09.502  5339  5339 I VkEffects: reload anim=scale blur=562px glow=false stickers=true
07-07 20:53:09.630  5339  5824 W libc    : Access denied finding property "vendor.oplus.media.vpp.stutter"
07-07 20:53:09.646  5339  5339 I VkEffects: reload anim=scale blur=0px glow=false stickers=true
07-07 20:53:09.752  5339  5339 I VkEffects: reload anim=scale blur=562px glow=false stickers=true
07-07 20:53:09.785  5339  5339 I VkEffects: reload anim=scale blur=0px glow=false stickers=true
07-07 20:53:09.886  5339  5339 I VkEffects: reload anim=scale blur=562px glow=false stickers=true
07-07 20:53:09.900  5339  5339 I VkEffects: reload anim=scale blur=0px glow=false stickers=true
07-07 20:53:09.997  5339  5339 I VkEffects: reload anim=scale blur=562px glow=false stickers=true
07-07 20:53:10.011  5339  5339 I VkEffects: reload anim=scale blur=0px glow=false stickers=true
07-07 20:53:10.108  5339  5339 I VkEffects: reload anim=scale blur=562px glow=false stickers=true
07-07 20:53:10.120  5339  5339 I VkEffects: reload anim=scale blur=0px glow=false stickers=true
07-07 20:53:10.215  5339  5339 I VkEffects: reload anim=scale blur=562px glow=false stickers=true
07-07 20:53:10.227  5339  5339 I VkEffects: reload anim=fade blur=0px glow=false stickers=true
07-07 20:53:10.313  5339  5339 I VkEffects: reload anim=scale blur=562px glow=false stickers=true
07-07 20:53:10.329  5339  5339 I VkEffects: reload anim=neon_pulse blur=0px glow=true stickers=true
07-07 20:53:10.419  5339  5339 I VkEffects: reload anim=scale blur=562px glow=false stickers=true
07-07 20:53:10.446  5339  5339 I VkEffects: reload anim=neon_pulse blur=0px glow=true stickers=true
07-07 20:53:10.575  5339  5339 I VkEffects: reload anim=scale blur=562px glow=false stickers=true
07-07 20:53:10.588  5339  5339 I VkEffects: reload anim=scale blur=562px glow=true stickers=true
07-07 20:53:10.630  5339  5824 W libc    : Access denied finding property "vendor.oplus.media.vpp.stutter"
07-07 20:53:10.645  5339  5339 W LayerDrawable: Invalid drawable added to LayerDrawable! Drawable already belongs to another owner but does not expose a constant state.
07-07 20:53:10.645  5339  5339 W LayerDrawable: java.lang.RuntimeException
07-07 20:53:10.645  5339  5339 W LayerDrawable: 	at android.graphics.drawable.LayerDrawable$ChildDrawable.<init>(LayerDrawable.java:1857)
07-07 20:53:10.645  5339  5339 W LayerDrawable: 	at android.graphics.drawable.LayerDrawable$LayerState.<init>(LayerDrawable.java:1977)
07-07 20:53:10.645  5339  5339 W LayerDrawable: 	at android.graphics.drawable.LayerDrawable.createConstantState(LayerDrawable.java:174)
07-07 20:53:10.645  5339  5339 W LayerDrawable: 	at android.graphics.drawable.LayerDrawable.mutate(LayerDrawable.java:1782)
07-07 20:53:10.645  5339  5339 W LayerDrawable: 	at helium314.keyboard.latin.InputView.g(r8-map-id-ad73b94404394bfc85426ccd0b1e70e5f0945155e663f3d0fd3f21863db96ca4:571)
07-07 20:53:10.645  5339  5339 W LayerDrawable: 	at j8.d.l(r8-map-id-ad73b94404394bfc85426ccd0b1e70e5f0945155e663f3d0fd3f21863db96ca4:311)
07-07 20:53:10.645  5339  5339 W LayerDrawable: 	at j8.d.k(r8-map-id-ad73b94404394bfc85426ccd0b1e70e5f0945155e663f3d0fd3f21863db96ca4:327)
07-07 20:53:10.645  5339  5339 W LayerDrawable: 	at a8.b0.run(r8-map-id-ad73b94404394bfc85426ccd0b1e70e5f0945155e663f3d0fd3f21863db96ca4:287)
07-07 20:53:10.645  5339  5339 W LayerDrawable: 	at android.os.Handler.handleCallback(Handler.java:938)
07-07 20:53:10.645  5339  5339 W LayerDrawable: 	at android.os.Handler.dispatchMessage(Handler.java:99)
07-07 20:53:10.645  5339  5339 W LayerDrawable: 	at android.os.Looper.loopOnce(Looper.java:233)
07-07 20:53:10.645  5339  5339 W LayerDrawable: 	at android.os.Looper.loop(Looper.java:344)
07-07 20:53:10.645  5339  5339 W LayerDrawable: 	at android.app.ActivityThread.main(ActivityThread.java:8212)
07-07 20:53:10.645  5339  5339 W LayerDrawable: 	at java.lang.reflect.Method.invoke(Native Method)
07-07 20:53:10.645  5339  5339 W LayerDrawable: 	at com.android.internal.os.RuntimeInit$MethodAndArgsCaller.run(RuntimeInit.java:584)
07-07 20:53:10.645  5339  5339 W LayerDrawable: 	at com.android.internal.os.ZygoteInit.main(ZygoteInit.java:1034)
07-07 20:53:10.699  5339  5339 I VkEffects: reload anim=scale blur=562px glow=false stickers=true
07-07 20:53:11.382  5339  5339 W LayerDrawable: Invalid drawable added to LayerDrawable! Drawable already belongs to another owner but does not expose a constant state.
07-07 20:53:11.382  5339  5339 W LayerDrawable: java.lang.RuntimeException
07-07 20:53:11.382  5339  5339 W LayerDrawable: 	at android.graphics.drawable.LayerDrawable$ChildDrawable.<init>(LayerDrawable.java:1857)
07-07 20:53:11.382  5339  5339 W LayerDrawable: 	at android.graphics.drawable.LayerDrawable$LayerState.<init>(LayerDrawable.java:1977)
07-07 20:53:11.382  5339  5339 W LayerDrawable: 	at android.graphics.drawable.LayerDrawable.createConstantState(LayerDrawable.java:174)
07-07 20:53:11.382  5339  5339 W LayerDrawable: 	at android.graphics.drawable.LayerDrawable.mutate(LayerDrawable.java:1782)
07-07 20:53:11.382  5339  5339 W LayerDrawable: 	at helium314.keyboard.latin.InputView.g(r8-map-id-ad73b94404394bfc85426ccd0b1e70e5f0945155e663f3d0fd3f21863db96ca4:630)
07-07 20:53:11.382  5339  5339 W LayerDrawable: 	at p7.x.a(r8-map-id-ad73b94404394bfc85426ccd0b1e70e5f0945155e663f3d0fd3f21863db96ca4:232)
07-07 20:53:11.382  5339  5339 W LayerDrawable: 	at a8.t0.run(r8-map-id-ad73b94404394bfc85426ccd0b1e70e5f0945155e663f3d0fd3f21863db96ca4:279)
07-07 20:53:11.382  5339  5339 W LayerDrawable: 	at helium314.keyboard.latin.InputView.f(r8-map-id-ad73b94404394bfc85426ccd0b1e70e5f0945155e663f3d0fd3f21863db96ca4:39)
07-07 20:53:11.382  5339  5339 W LayerDrawable: 	at i7.d0.a(r8-map-id-ad73b94404394bfc85426ccd0b1e70e5f0945155e663f3d0fd3f21863db96ca4:73)
07-07 20:53:11.382  5339  5339 W LayerDrawable: 	at a8.j3.onLayoutChange(r8-map-id-ad73b94404394bfc85426ccd0b1e70e5f0945155e663f3d0fd3f21863db96ca4:39)
07-07 20:53:11.382  5339  5339 W LayerDrawable: 	at android.view.View.layout(View.java:23348)
07-07 20:53:11.382  5339  5339 W LayerDrawable: 	at android.view.ViewGroup.layout(ViewGroup.java:6505)
07-07 20:53:11.382  5339  5339 W LayerDrawable: 	at android.widget.FrameLayout.layoutChildren(FrameLayout.java:332)
07-07 20:53:11.382  5339  5339 W LayerDrawable: 	at android.widget.FrameLayout.onLayout(FrameLayout.java:270)
07-07 20:53:11.382  5339  5339 W LayerDrawable: 	at android.view.View.layout(View.java:23330)
07-07 20:53:11.382  5339  5339 W LayerDrawable: 	at android.view.ViewGroup.layout(ViewGroup.java:6505)
07-07 20:53:11.382  5339  5339 W LayerDrawable: 	at android.widget.FrameLayout.layoutChildren(FrameLayout.java:332)
07-07 20:53:11.382  5339  5339 W LayerDrawable: 	at android.widget.FrameLayout.onLayout(FrameLayout.java:270)
07-07 20:53:11.382  5339  5339 W LayerDrawable: 	at android.view.View.layout(View.java:23330)
07-07 20:53:11.382  5339  5339 W LayerDrawable: 	at android.view.ViewGroup.layout(ViewGroup.java:6505)
07-07 20:53:11.382  5339  5339 W LayerDrawable: 	at android.widget.LinearLayout.setChildFrame(LinearLayout.java:1841)
07-07 20:53:11.382  5339  5339 W LayerDrawable: 	at android.widget.LinearLayout.layoutVertical(LinearLayout.java:1673)
07-07 20:53:11.382  5339  5339 W LayerDrawable: 	at android.widget.LinearLayout.onLayout(LinearLayout.java:1582)
07-07 20:53:11.382  5339  5339 W LayerDrawable: 	at android.view.View.layout(View.java:23330)
07-07 20:53:11.382  5339  5339 W LayerDrawable: 	at android.view.ViewGroup.layout(ViewGroup.java:6505)
07-07 20:53:11.382  5339  5339 W LayerDrawable: 	at android.widget.FrameLayout.layoutChildren(FrameLayout.java:332)
07-07 20:53:11.382  5339  5339 W LayerDrawable: 	at android.widget.FrameLayout.onLayout(FrameLayout.java:270)
07-07 20:53:11.382  5339  5339 W LayerDrawable: 	at android.view.View.layout(View.java:23330)
07-07 20:53:11.382  5339  5339 W LayerDrawable: 	at android.view.ViewGroup.layout(ViewGroup.java:6505)
07-07 20:53:11.382  5339  5339 W LayerDrawable: 	at android.widget.LinearLayout.setChildFrame(LinearLayout.java:1841)
07-07 20:53:11.382  5339  5339 W LayerDrawable: 	at android.widget.LinearLayout.layoutVertical(LinearLayout.java:1673)
07-07 20:53:11.382  5339  5339 W LayerDrawable: 	at android.widget.LinearLayout.onLayout(LinearLayout.java:1582)
07-07 20:53:11.382  5339  5339 W LayerDrawable: 	at android.view.View.layout(View.java:23330)
07-07 20:53:11.382  5339  5339 W LayerDrawable: 	at android.view.ViewGroup.layout(ViewGroup.java:6505)
07-07 20:53:11.382  5339  5339 W LayerDrawable: 	at android.widget.FrameLayout.layoutChildren(FrameLayout.java:332)
07-07 20:53:11.382  5339  5339 W LayerDrawable: 	at android.widget.FrameLayout.onLayout(FrameLayout.java:270)
07-07 20:53:11.382  5339  5339 W LayerDrawable: 	at com.android.internal.policy.DecorView.onLayout(DecorView.java:873)
07-07 20:53:11.382  5339  5339 W LayerDrawable: 	at android.view.View.layout(View.java:23330)
07-07 20:53:11.382  5339  5339 W LayerDrawable: 	at android.view.ViewGroup.layout(ViewGroup.java:6505)
07-07 20:53:11.382  5339  5339 W LayerDrawable: 	at android.view.ViewRootImpl.performLayout(ViewRootImpl.java:3936)
07-07 20:53:11.382  5339  5339 W LayerDrawable: 	at android.view.ViewRootImpl.performTraversals(ViewRootImpl.java:3338)
07-07 20:53:11.382  5339  5339 W LayerDrawable: 	at android.view.ViewRootImpl.doTraversal(ViewRootImpl.java:2305)
07-07 20:53:11.382  5339  5339 W LayerDrawable: 	at android.view.ViewRootImpl$TraversalRunnable.run(ViewRootImpl.java:9133)
07-07 20:53:11.382  5339  5339 W LayerDrawable: 	at android.view.Choreographer$CallbackRecord.run(Choreographer.java:1232)
07-07 20:53:11.382  5339  5339 W LayerDrawable: 	at android.view.Choreographer.doCallbacks(Choreographer.java:1029)
07-07 20:53:11.382  5339  5339 W LayerDrawable: 	at android.view.Choreographer.doFrame(Choreographer.java:934)
07-07 20:53:11.382  5339  5339 W LayerDrawable: 	at android.view.Choreographer$FrameDisplayEventReceiver.run(Choreographer.java:1217)
07-07 20:53:11.382  5339  5339 W LayerDrawable: 	at android.os.Handler.handleCallback(Handler.java:938)
07-07 20:53:11.382  5339  5339 W LayerDrawable: 	at android.os.Handler.dispatchMessage(Handler.java:99)
07-07 20:53:11.382  5339  5339 W LayerDrawable: 	at android.os.Looper.loopOnce(Looper.java:233)
07-07 20:53:11.382  5339  5339 W LayerDrawable: 	at android.os.Looper.loop(Looper.java:344)
07-07 20:53:11.382  5339  5339 W LayerDrawable: 	at android.app.ActivityThread.main(ActivityThread.java:8212)
07-07 20:53:11.382  5339  5339 W LayerDrawable: 	at java.lang.reflect.Method.invoke(Native Method)
07-07 20:53:11.382  5339  5339 W LayerDrawable: 	at com.android.internal.os.RuntimeInit$MethodAndArgsCaller.run(RuntimeInit.java:584)
07-07 20:53:11.382  5339  5339 W LayerDrawable: 	at com.android.internal.os.ZygoteInit.main(ZygoteInit.java:1034)
07-07 20:53:11.383  5339  5572 W ServiceBindIntentUtils: Dynamic lookup for intent failed for action: com.google.android.gms.ads.service.CACHE
07-07 20:53:11.396  5339  6497 W ServiceBindIntentUtils: Dynamic lookup for intent failed for action: com.google.android.gms.ads.service.START
07-07 20:53:11.631  5339  5824 W libc    : Access denied finding property "vendor.oplus.media.vpp.stutter"
07-07 20:53:12.631  5339  5824 W libc    : Access denied finding property "vendor.oplus.media.vpp.stutter"
07-07 20:53:13.632  5339  5824 W libc    : Access denied finding property "vendor.oplus.media.vpp.stutter"
07-07 20:53:14.634  5339  5824 W libc    : Access denied finding property "vendor.oplus.media.vpp.stutter"
07-07 20:53:14.900  5339  5339 W LayerDrawable: Invalid drawable added to LayerDrawable! Drawable already belongs to another owner but does not expose a constant state.
07-07 20:53:14.900  5339  5339 W LayerDrawable: java.lang.RuntimeException
07-07 20:53:14.900  5339  5339 W LayerDrawable: 	at android.graphics.drawable.LayerDrawable$ChildDrawable.<init>(LayerDrawable.java:1857)
07-07 20:53:14.900  5339  5339 W LayerDrawable: 	at android.graphics.drawable.LayerDrawable$LayerState.<init>(LayerDrawable.java:1977)
07-07 20:53:14.900  5339  5339 W LayerDrawable: 	at android.graphics.drawable.LayerDrawable.createConstantState(LayerDrawable.java:174)
07-07 20:53:14.900  5339  5339 W LayerDrawable: 	at android.graphics.drawable.LayerDrawable.mutate(LayerDrawable.java:1782)
07-07 20:53:14.900  5339  5339 W LayerDrawable: 	at helium314.keyboard.latin.InputView.g(r8-map-id-ad73b94404394bfc85426ccd0b1e70e5f0945155e663f3d0fd3f21863db96ca4:630)
07-07 20:53:14.900  5339  5339 W LayerDrawable: 	at p7.x.a(r8-map-id-ad73b94404394bfc85426ccd0b1e70e5f0945155e663f3d0fd3f21863db96ca4:232)
07-07 20:53:14.900  5339  5339 W LayerDrawable: 	at a8.t0.run(r8-map-id-ad73b94404394bfc85426ccd0b1e70e5f0945155e663f3d0fd3f21863db96ca4:279)
07-07 20:53:14.900  5339  5339 W LayerDrawable: 	at helium314.keyboard.latin.InputView.f(r8-map-id-ad73b94404394bfc85426ccd0b1e70e5f0945155e663f3d0fd3f21863db96ca4:39)
07-07 20:53:14.900  5339  5339 W LayerDrawable: 	at i7.d0.a(r8-map-id-ad73b94404394bfc85426ccd0b1e70e5f0945155e663f3d0fd3f21863db96ca4:73)
07-07 20:53:14.900  5339  5339 W LayerDrawable: 	at i7.d0.I(r8-map-id-ad73b94404394bfc85426ccd0b1e70e5f0945155e663f3d0fd3f21863db96ca4:62)
07-07 20:53:14.900  5339  5339 W LayerDrawable: 	at a8.b0.run(r8-map-id-ad73b94404394bfc85426ccd0b1e70e5f0945155e663f3d0fd3f21863db96ca4:500)
07-07 20:53:14.900  5339  5339 W LayerDrawable: 	at android.os.Handler.handleCallback(Handler.java:938)
07-07 20:53:14.900  5339  5339 W LayerDrawable: 	at android.os.Handler.dispatchMessage(Handler.java:99)
07-07 20:53:14.900  5339  5339 W LayerDrawable: 	at android.os.Looper.loopOnce(Looper.java:233)
07-07 20:53:14.900  5339  5339 W LayerDrawable: 	at android.os.Looper.loop(Looper.java:344)
07-07 20:53:14.900  5339  5339 W LayerDrawable: 	at android.app.ActivityThread.main(ActivityThread.java:8212)
07-07 20:53:14.900  5339  5339 W LayerDrawable: 	at java.lang.reflect.Method.invoke(Native Method)
07-07 20:53:14.900  5339  5339 W LayerDrawable: 	at com.android.internal.os.RuntimeInit$MethodAndArgsCaller.run(RuntimeInit.java:584)
07-07 20:53:14.900  5339  5339 W LayerDrawable: 	at com.android.internal.os.ZygoteInit.main(ZygoteInit.java:1034)
07-07 20:53:15.233  5339  5339 W LayerDrawable: Invalid drawable added to LayerDrawable! Drawable already belongs to another owner but does not expose a constant state.
07-07 20:53:15.233  5339  5339 W LayerDrawable: java.lang.RuntimeException
07-07 20:53:15.233  5339  5339 W LayerDrawable: 	at android.graphics.drawable.LayerDrawable$ChildDrawable.<init>(LayerDrawable.java:1857)
07-07 20:53:15.233  5339  5339 W LayerDrawable: 	at android.graphics.drawable.LayerDrawable$LayerState.<init>(LayerDrawable.java:1977)
07-07 20:53:15.233  5339  5339 W LayerDrawable: 	at android.graphics.drawable.LayerDrawable.createConstantState(LayerDrawable.java:174)
07-07 20:53:15.233  5339  5339 W LayerDrawable: 	at android.graphics.drawable.LayerDrawable.mutate(LayerDrawable.java:1782)
07-07 20:53:15.233  5339  5339 W LayerDrawable: 	at helium314.keyboard.latin.InputView.g(r8-map-id-ad73b94404394bfc85426ccd0b1e70e5f0945155e663f3d0fd3f21863db96ca4:630)
07-07 20:53:15.233  5339  5339 W LayerDrawable: 	at p7.x.a(r8-map-id-ad73b94404394bfc85426ccd0b1e70e5f0945155e663f3d0fd3f21863db96ca4:232)
07-07 20:53:15.233  5339  5339 W LayerDrawable: 	at a8.t0.run(r8-map-id-ad73b94404394bfc85426ccd0b1e70e5f0945155e663f3d0fd3f21863db96ca4:279)
07-07 20:53:15.233  5339  5339 W LayerDrawable: 	at helium314.keyboard.latin.InputView.f(r8-map-id-ad73b94404394bfc85426ccd0b1e70e5f0945155e663f3d0fd3f21863db96ca4:39)
07-07 20:53:15.233  5339  5339 W LayerDrawable: 	at i7.d0.a(r8-map-id-ad73b94404394bfc85426ccd0b1e70e5f0945155e663f3d0fd3f21863db96ca4:73)
07-07 20:53:15.233  5339  5339 W LayerDrawable: 	at i7.d0.I(r8-map-id-ad73b94404394bfc85426ccd0b1e70e5f0945155e663f3d0fd3f21863db96ca4:62)
07-07 20:53:15.233  5339  5339 W LayerDrawable: 	at a8.b0.run(r8-map-id-ad73b94404394bfc85426ccd0b1e70e5f0945155e663f3d0fd3f21863db96ca4:500)
07-07 20:53:15.233  5339  5339 W LayerDrawable: 	at android.os.Handler.handleCallback(Handler.java:938)
07-07 20:53:15.233  5339  5339 W LayerDrawable: 	at android.os.Handler.dispatchMessage(Handler.java:99)
07-07 20:53:15.233  5339  5339 W LayerDrawable: 	at android.os.Looper.loopOnce(Looper.java:233)
07-07 20:53:15.233  5339  5339 W LayerDrawable: 	at android.os.Looper.loop(Looper.java:344)
07-07 20:53:15.233  5339  5339 W LayerDrawable: 	at android.app.ActivityThread.main(ActivityThread.java:8212)
07-07 20:53:15.233  5339  5339 W LayerDrawable: 	at java.lang.reflect.Method.invoke(Native Method)
07-07 20:53:15.233  5339  5339 W LayerDrawable: 	at com.android.internal.os.RuntimeInit$MethodAndArgsCaller.run(RuntimeInit.java:584)
07-07 20:53:15.233  5339  5339 W LayerDrawable: 	at com.android.internal.os.ZygoteInit.main(ZygoteInit.java:1034)
07-07 20:53:15.635  5339  5824 W libc    : Access denied finding property "vendor.oplus.media.vpp.stutter"
07-07 20:53:16.636  5339  5824 W libc    : Access denied finding property "vendor.oplus.media.vpp.stutter"
07-07 20:53:17.637  5339  5824 W libc    : Access denied finding property "vendor.oplus.media.vpp.stutter"
07-07 20:53:18.113  5339  5339 I VkEffects: reload anim=scale blur=562px glow=false stickers=false
07-07 20:53:18.117  5339  5339 W LayerDrawable: Invalid drawable added to LayerDrawable! Drawable already belongs to another owner but does not expose a constant state.
07-07 20:53:18.117  5339  5339 W LayerDrawable: java.lang.RuntimeException
07-07 20:53:18.117  5339  5339 W LayerDrawable: 	at android.graphics.drawable.LayerDrawable$ChildDrawable.<init>(LayerDrawable.java:1857)
07-07 20:53:18.117  5339  5339 W LayerDrawable: 	at android.graphics.drawable.LayerDrawable$LayerState.<init>(LayerDrawable.java:1977)
07-07 20:53:18.117  5339  5339 W LayerDrawable: 	at android.graphics.drawable.LayerDrawable.createConstantState(LayerDrawable.java:174)
07-07 20:53:18.117  5339  5339 W LayerDrawable: 	at android.graphics.drawable.LayerDrawable.mutate(LayerDrawable.java:1782)
07-07 20:53:18.117  5339  5339 W LayerDrawable: 	at helium314.keyboard.latin.InputView.g(r8-map-id-ad73b94404394bfc85426ccd0b1e70e5f0945155e663f3d0fd3f21863db96ca4:630)
07-07 20:53:18.117  5339  5339 W LayerDrawable: 	at p7.x.a(r8-map-id-ad73b94404394bfc85426ccd0b1e70e5f0945155e663f3d0fd3f21863db96ca4:232)
07-07 20:53:18.117  5339  5339 W LayerDrawable: 	at a8.t0.run(r8-map-id-ad73b94404394bfc85426ccd0b1e70e5f0945155e663f3d0fd3f21863db96ca4:279)
07-07 20:53:18.117  5339  5339 W LayerDrawable: 	at helium314.keyboard.latin.InputView.f(r8-map-id-ad73b94404394bfc85426ccd0b1e70e5f0945155e663f3d0fd3f21863db96ca4:39)
07-07 20:53:18.117  5339  5339 W LayerDrawable: 	at i7.d0.a(r8-map-id-ad73b94404394bfc85426ccd0b1e70e5f0945155e663f3d0fd3f21863db96ca4:73)
07-07 20:53:18.117  5339  5339 W LayerDrawable: 	at i7.d0.I(r8-map-id-ad73b94404394bfc85426ccd0b1e70e5f0945155e663f3d0fd3f21863db96ca4:62)
07-07 20:53:18.117  5339  5339 W LayerDrawable: 	at a8.b0.run(r8-map-id-ad73b94404394bfc85426ccd0b1e70e5f0945155e663f3d0fd3f21863db96ca4:500)
07-07 20:53:18.117  5339  5339 W LayerDrawable: 	at android.os.Handler.handleCallback(Handler.java:938)
07-07 20:53:18.117  5339  5339 W LayerDrawable: 	at android.os.Handler.dispatchMessage(Handler.java:99)
07-07 20:53:18.117  5339  5339 W LayerDrawable: 	at android.os.Looper.loopOnce(Looper.java:233)
07-07 20:53:18.117  5339  5339 W LayerDrawable: 	at android.os.Looper.loop(Looper.java:344)
07-07 20:53:18.117  5339  5339 W LayerDrawable: 	at android.app.ActivityThread.main(ActivityThread.java:8212)
07-07 20:53:18.117  5339  5339 W LayerDrawable: 	at java.lang.reflect.Method.invoke(Native Method)
07-07 20:53:18.117  5339  5339 W LayerDrawable: 	at com.android.internal.os.RuntimeInit$MethodAndArgsCaller.run(RuntimeInit.java:584)
07-07 20:53:18.117  5339  5339 W LayerDrawable: 	at com.android.internal.os.ZygoteInit.main(ZygoteInit.java:1034)
07-07 20:53:18.637  5339  5824 W libc    : Access denied finding property "vendor.oplus.media.vpp.stutter"
07-07 20:53:19.634  5339  5339 W LayerDrawable: Invalid drawable added to LayerDrawable! Drawable already belongs to another owner but does not expose a constant state.
07-07 20:53:19.634  5339  5339 W LayerDrawable: java.lang.RuntimeException
07-07 20:53:19.634  5339  5339 W LayerDrawable: 	at android.graphics.drawable.LayerDrawable$ChildDrawable.<init>(LayerDrawable.java:1857)
07-07 20:53:19.634  5339  5339 W LayerDrawable: 	at android.graphics.drawable.LayerDrawable$LayerState.<init>(LayerDrawable.java:1977)
07-07 20:53:19.634  5339  5339 W LayerDrawable: 	at android.graphics.drawable.LayerDrawable.createConstantState(LayerDrawable.java:174)
07-07 20:53:19.634  5339  5339 W LayerDrawable: 	at android.graphics.drawable.LayerDrawable.mutate(LayerDrawable.java:1782)
07-07 20:53:19.634  5339  5339 W LayerDrawable: 	at helium314.keyboard.latin.InputView.g(r8-map-id-ad73b94404394bfc85426ccd0b1e70e5f0945155e663f3d0fd3f21863db96ca4:630)
07-07 20:53:19.634  5339  5339 W LayerDrawable: 	at p7.x.a(r8-map-id-ad73b94404394bfc85426ccd0b1e70e5f0945155e663f3d0fd3f21863db96ca4:232)
07-07 20:53:19.634  5339  5339 W LayerDrawable: 	at a8.t0.run(r8-map-id-ad73b94404394bfc85426ccd0b1e70e5f0945155e663f3d0fd3f21863db96ca4:279)
07-07 20:53:19.634  5339  5339 W LayerDrawable: 	at helium314.keyboard.latin.InputView.f(r8-map-id-ad73b94404394bfc85426ccd0b1e70e5f0945155e663f3d0fd3f21863db96ca4:39)
07-07 20:53:19.634  5339  5339 W LayerDrawable: 	at i7.d0.a(r8-map-id-ad73b94404394bfc85426ccd0b1e70e5f0945155e663f3d0fd3f21863db96ca4:73)
07-07 20:53:19.634  5339  5339 W LayerDrawable: 	at i7.d0.I(r8-map-id-ad73b94404394bfc85426ccd0b1e70e5f0945155e663f3d0fd3f21863db96ca4:62)
07-07 20:53:19.634  5339  5339 W LayerDrawable: 	at a8.b0.run(r8-map-id-ad73b94404394bfc85426ccd0b1e70e5f0945155e663f3d0fd3f21863db96ca4:500)
07-07 20:53:19.634  5339  5339 W LayerDrawable: 	at android.os.Handler.handleCallback(Handler.java:938)
07-07 20:53:19.634  5339  5339 W LayerDrawable: 	at android.os.Handler.dispatchMessage(Handler.java:99)
07-07 20:53:19.634  5339  5339 W LayerDrawable: 	at android.os.Looper.loopOnce(Looper.java:233)
07-07 20:53:19.634  5339  5339 W LayerDrawable: 	at android.os.Looper.loop(Looper.java:344)
07-07 20:53:19.634  5339  5339 W LayerDrawable: 	at android.app.ActivityThread.main(ActivityThread.java:8212)
07-07 20:53:19.634  5339  5339 W LayerDrawable: 	at java.lang.reflect.Method.invoke(Native Method)
07-07 20:53:19.634  5339  5339 W LayerDrawable: 	at com.android.internal.os.RuntimeInit$MethodAndArgsCaller.run(RuntimeInit.java:584)
07-07 20:53:19.634  5339  5339 W LayerDrawable: 	at com.android.internal.os.ZygoteInit.main(ZygoteInit.java:1034)
07-07 20:53:19.638  5339  5824 W libc    : Access denied finding property "vendor.oplus.media.vpp.stutter"
07-07 20:53:20.638  5339  5824 W libc    : Access denied finding property "vendor.oplus.media.vpp.stutter"
07-07 20:53:21.638  5339  5824 W libc    : Access denied finding property "vendor.oplus.media.vpp.stutter"
07-07 20:53:22.639  5339  5824 W libc    : Access denied finding property "vendor.oplus.media.vpp.stutter"
07-07 20:53:23.640  5339  5824 W libc    : Access denied finding property "vendor.oplus.media.vpp.stutter"
07-07 20:53:24.641  5339  5824 W libc    : Access denied finding property "vendor.oplus.media.vpp.stutter"
07-07 20:53:25.013  5339  5339 W LayerDrawable: Invalid drawable added to LayerDrawable! Drawable already belongs to another owner but does not expose a constant state.
07-07 20:53:25.013  5339  5339 W LayerDrawable: java.lang.RuntimeException
07-07 20:53:25.013  5339  5339 W LayerDrawable: 	at android.graphics.drawable.LayerDrawable$ChildDrawable.<init>(LayerDrawable.java:1857)
07-07 20:53:25.013  5339  5339 W LayerDrawable: 	at android.graphics.drawable.LayerDrawable$LayerState.<init>(LayerDrawable.java:1977)
07-07 20:53:25.013  5339  5339 W LayerDrawable: 	at android.graphics.drawable.LayerDrawable.createConstantState(LayerDrawable.java:174)
07-07 20:53:25.013  5339  5339 W LayerDrawable: 	at android.graphics.drawable.LayerDrawable.mutate(LayerDrawable.java:1782)
07-07 20:53:25.013  5339  5339 W LayerDrawable: 	at helium314.keyboard.latin.InputView.g(r8-map-id-ad73b94404394bfc85426ccd0b1e70e5f0945155e663f3d0fd3f21863db96ca4:630)
07-07 20:53:25.013  5339  5339 W LayerDrawable: 	at p7.x.a(r8-map-id-ad73b94404394bfc85426ccd0b1e70e5f0945155e663f3d0fd3f21863db96ca4:232)
07-07 20:53:25.013  5339  5339 W LayerDrawable: 	at a8.t0.run(r8-map-id-ad73b94404394bfc85426ccd0b1e70e5f0945155e663f3d0fd3f21863db96ca4:279)
07-07 20:53:25.013  5339  5339 W LayerDrawable: 	at helium314.keyboard.latin.InputView.f(r8-map-id-ad73b94404394bfc85426ccd0b1e70e5f0945155e663f3d0fd3f21863db96ca4:39)
07-07 20:53:25.013  5339  5339 W LayerDrawable: 	at i7.d0.a(r8-map-id-ad73b94404394bfc85426ccd0b1e70e5f0945155e663f3d0fd3f21863db96ca4:73)
07-07 20:53:25.013  5339  5339 W LayerDrawable: 	at i7.d0.r(r8-map-id-ad73b94404394bfc85426ccd0b1e70e5f0945155e663f3d0fd3f21863db96ca4:245)
07-07 20:53:25.013  5339  5339 W LayerDrawable: 	at i7.d0.P(r8-map-id-ad73b94404394bfc85426ccd0b1e70e5f0945155e663f3d0fd3f21863db96ca4:17)
07-07 20:53:25.013  5339  5339 W LayerDrawable: 	at x7.b.u(r8-map-id-ad73b94404394bfc85426ccd0b1e70e5f0945155e663f3d0fd3f21863db96ca4:300)
07-07 20:53:25.013  5339  5339 W LayerDrawable: 	at helium314.keyboard.latin.LatinIME.l(r8-map-id-ad73b94404394bfc85426ccd0b1e70e5f0945155e663f3d0fd3f21863db96ca4:36)
07-07 20:53:25.013  5339  5339 W LayerDrawable: 	at i7.m.a(r8-map-id-ad73b94404394bfc85426ccd0b1e70e5f0945155e663f3d0fd3f21863db96ca4:262)
07-07 20:53:25.013  5339  5339 W LayerDrawable: 	at helium314.keyboard.latin.suggestions.SuggestionStripView.onClick(r8-map-id-ad73b94404394bfc85426ccd0b1e70e5f0945155e663f3d0fd3f21863db96ca4:45)
07-07 20:53:25.013  5339  5339 W LayerDrawable: 	at android.view.View.performClick(View.java:7488)
07-07 20:53:25.013  5339  5339 W LayerDrawable: 	at android.view.View.performClickInternal(View.java:7464)
07-07 20:53:25.013  5339  5339 W LayerDrawable: 	at android.view.View.access$3700(View.java:841)
07-07 20:53:25.013  5339  5339 W LayerDrawable: 	at android.view.View$PerformClick.run(View.java:28911)
07-07 20:53:25.013  5339  5339 W LayerDrawable: 	at android.os.Handler.handleCallback(Handler.java:938)
07-07 20:53:25.013  5339  5339 W LayerDrawable: 	at android.os.Handler.dispatchMessage(Handler.java:99)
07-07 20:53:25.013  5339  5339 W LayerDrawable: 	at android.os.Looper.loopOnce(Looper.java:233)
07-07 20:53:25.013  5339  5339 W LayerDrawable: 	at android.os.Looper.loop(Looper.java:344)
07-07 20:53:25.013  5339  5339 W LayerDrawable: 	at android.app.ActivityThread.main(ActivityThread.java:8212)
07-07 20:53:25.013  5339  5339 W LayerDrawable: 	at java.lang.reflect.Method.invoke(Native Method)
07-07 20:53:25.013  5339  5339 W LayerDrawable: 	at com.android.internal.os.RuntimeInit$MethodAndArgsCaller.run(RuntimeInit.java:584)
07-07 20:53:25.013  5339  5339 W LayerDrawable: 	at com.android.internal.os.ZygoteInit.main(ZygoteInit.java:1034)
07-07 20:53:25.016  5339  5339 W LayerDrawable: Invalid drawable added to LayerDrawable! Drawable already belongs to another owner but does not expose a constant state.
07-07 20:53:25.016  5339  5339 W LayerDrawable: java.lang.RuntimeException
07-07 20:53:25.016  5339  5339 W LayerDrawable: 	at android.graphics.drawable.LayerDrawable$ChildDrawable.<init>(LayerDrawable.java:1857)
07-07 20:53:25.016  5339  5339 W LayerDrawable: 	at android.graphics.drawable.LayerDrawable$LayerState.<init>(LayerDrawable.java:1977)
07-07 20:53:25.016  5339  5339 W LayerDrawable: 	at android.graphics.drawable.LayerDrawable.createConstantState(LayerDrawable.java:174)
07-07 20:53:25.016  5339  5339 W LayerDrawable: 	at android.graphics.drawable.LayerDrawable.mutate(LayerDrawable.java:1782)
07-07 20:53:25.016  5339  5339 W LayerDrawable: 	at helium314.keyboard.latin.InputView.g(r8-map-id-ad73b94404394bfc85426ccd0b1e70e5f0945155e663f3d0fd3f21863db96ca4:630)
07-07 20:53:25.016  5339  5339 W LayerDrawable: 	at p7.x.a(r8-map-id-ad73b94404394bfc85426ccd0b1e70e5f0945155e663f3d0fd3f21863db96ca4:232)
07-07 20:53:25.016  5339  5339 W LayerDrawable: 	at a8.t0.run(r8-map-id-ad73b94404394bfc85426ccd0b1e70e5f0945155e663f3d0fd3f21863db96ca4:279)
07-07 20:53:25.016  5339  5339 W LayerDrawable: 	at helium314.keyboard.latin.InputView.f(r8-map-id-ad73b94404394bfc85426ccd0b1e70e5f0945155e663f3d0fd3f21863db96ca4:39)
07-07 20:53:25.016  5339  5339 W LayerDrawable: 	at i7.d0.a(r8-map-id-ad73b94404394bfc85426ccd0b1e70e5f0945155e663f3d0fd3f21863db96ca4:73)
07-07 20:53:25.016  5339  5339 W LayerDrawable: 	at i7.d0.z(r8-map-id-ad73b94404394bfc85426ccd0b1e70e5f0945155e663f3d0fd3f21863db96ca4:286)
07-07 20:53:25.016  5339  5339 W LayerDrawable: 	at helium314.keyboard.latin.LatinIME.hideWindow(r8-map-id-ad73b94404394bfc85426ccd0b1e70e5f0945155e663f3d0fd3f21863db96ca4:37)
07-07 20:53:25.016  5339  5339 W LayerDrawable: 	at i7.d0.W(r8-map-id-ad73b94404394bfc85426ccd0b1e70e5f0945155e663f3d0fd3f21863db96ca4:17)
07-07 20:53:25.016  5339  5339 W LayerDrawable: 	at i7.d0.P(r8-map-id-ad73b94404394bfc85426ccd0b1e70e5f0945155e663f3d0fd3f21863db96ca4:115)
07-07 20:53:25.016  5339  5339 W LayerDrawable: 	at x7.b.u(r8-map-id-ad73b94404394bfc85426ccd0b1e70e5f0945155e663f3d0fd3f21863db96ca4:300)
07-07 20:53:25.016  5339  5339 W LayerDrawable: 	at helium314.keyboard.latin.LatinIME.l(r8-map-id-ad73b94404394bfc85426ccd0b1e70e5f0945155e663f3d0fd3f21863db96ca4:36)
07-07 20:53:25.016  5339  5339 W LayerDrawable: 	at i7.m.a(r8-map-id-ad73b94404394bfc85426ccd0b1e70e5f0945155e663f3d0fd3f21863db96ca4:262)
07-07 20:53:25.016  5339  5339 W LayerDrawable: 	at helium314.keyboard.latin.suggestions.SuggestionStripView.onClick(r8-map-id-ad73b94404394bfc85426ccd0b1e70e5f0945155e663f3d0fd3f21863db96ca4:45)
07-07 20:53:25.016  5339  5339 W LayerDrawable: 	at android.view.View.performClick(View.java:7488)
07-07 20:53:25.016  5339  5339 W LayerDrawable: 	at android.view.View.performClickInternal(View.java:7464)
07-07 20:53:25.016  5339  5339 W LayerDrawable: 	at android.view.View.access$3700(View.java:841)
07-07 20:53:25.016  5339  5339 W LayerDrawable: 	at android.view.View$PerformClick.run(View.java:28911)
07-07 20:53:25.016  5339  5339 W LayerDrawable: 	at android.os.Handler.handleCallback(Handler.java:938)
07-07 20:53:25.016  5339  5339 W LayerDrawable: 	at android.os.Handler.dispatchMessage(Handler.java:99)
07-07 20:53:25.016  5339  5339 W LayerDrawable: 	at android.os.Looper.loopOnce(Looper.java:233)
07-07 20:53:25.016  5339  5339 W LayerDrawable: 	at android.os.Looper.loop(Looper.java:344)
07-07 20:53:25.016  5339  5339 W LayerDrawable: 	at android.app.ActivityThread.main(ActivityThread.java:8212)
07-07 20:53:25.016  5339  5339 W LayerDrawable: 	at java.lang.reflect.Method.invoke(Native Method)
07-07 20:53:25.016  5339  5339 W LayerDrawable: 	at com.android.internal.os.RuntimeInit$MethodAndArgsCaller.run(RuntimeInit.java:584)
07-07 20:53:25.016  5339  5339 W LayerDrawable: 	at com.android.internal.os.ZygoteInit.main(ZygoteInit.java:1034)
07-07 20:53:25.021  5339  5339 I VkSwipe : ○ gesture canceled
07-07 20:53:25.227  5339  6536 W ServiceBindIntentUtils: Dynamic lookup for intent failed for action: com.google.android.gms.ads.service.START
07-07 20:53:25.241  5339  5339 W LayerDrawable: Invalid drawable added to LayerDrawable! Drawable already belongs to another owner but does not expose a constant state.
07-07 20:53:25.241  5339  5339 W LayerDrawable: java.lang.RuntimeException
07-07 20:53:25.241  5339  5339 W LayerDrawable: 	at android.graphics.drawable.LayerDrawable$ChildDrawable.<init>(LayerDrawable.java:1857)
07-07 20:53:25.241  5339  5339 W LayerDrawable: 	at android.graphics.drawable.LayerDrawable$LayerState.<init>(LayerDrawable.java:1977)
07-07 20:53:25.241  5339  5339 W LayerDrawable: 	at android.graphics.drawable.LayerDrawable.createConstantState(LayerDrawable.java:174)
07-07 20:53:25.241  5339  5339 W LayerDrawable: 	at android.graphics.drawable.LayerDrawable.mutate(LayerDrawable.java:1782)
07-07 20:53:25.241  5339  5339 W LayerDrawable: 	at helium314.keyboard.latin.InputView.g(r8-map-id-ad73b94404394bfc85426ccd0b1e70e5f0945155e663f3d0fd3f21863db96ca4:630)
07-07 20:53:25.241  5339  5339 W LayerDrawable: 	at p7.x.a(r8-map-id-ad73b94404394bfc85426ccd0b1e70e5f0945155e663f3d0fd3f21863db96ca4:232)
07-07 20:53:25.241  5339  5339 W LayerDrawable: 	at a8.t0.run(r8-map-id-ad73b94404394bfc85426ccd0b1e70e5f0945155e663f3d0fd3f21863db96ca4:279)
07-07 20:53:25.241  5339  5339 W LayerDrawable: 	at helium314.keyboard.latin.InputView.f(r8-map-id-ad73b94404394bfc85426ccd0b1e70e5f0945155e663f3d0fd3f21863db96ca4:39)
07-07 20:53:25.241  5339  5339 W LayerDrawable: 	at i7.d0.a(r8-map-id-ad73b94404394bfc85426ccd0b1e70e5f0945155e663f3d0fd3f21863db96ca4:73)
07-07 20:53:25.241  5339  5339 W LayerDrawable: 	at a8.c1.invoke(r8-map-id-ad73b94404394bfc85426ccd0b1e70e5f0945155e663f3d0fd3f21863db96ca4:81)
07-07 20:53:25.241  5339  5339 W LayerDrawable: 	at i7.y.onLayoutChange(r8-map-id-ad73b94404394bfc85426ccd0b1e70e5f0945155e663f3d0fd3f21863db96ca4:13)
07-07 20:53:25.241  5339  5339 W LayerDrawable: 	at android.view.View.layout(View.java:23348)
07-07 20:53:25.241  5339  5339 W LayerDrawable: 	at android.view.ViewGroup.layout(ViewGroup.java:6505)
07-07 20:53:25.241  5339  5339 W LayerDrawable: 	at android.widget.FrameLayout.layoutChildren(FrameLayout.java:332)
07-07 20:53:25.241  5339  5339 W LayerDrawable: 	at android.widget.FrameLayout.onLayout(FrameLayout.java:270)
07-07 20:53:25.241  5339  5339 W LayerDrawable: 	at android.view.View.layout(View.java:23330)
07-07 20:53:25.241  5339  5339 W LayerDrawable: 	at android.view.ViewGroup.layout(ViewGroup.java:6505)
07-07 20:53:25.241  5339  5339 W LayerDrawable: 	at android.widget.LinearLayout.setChildFrame(LinearLayout.java:1841)
07-07 20:53:25.241  5339  5339 W LayerDrawable: 	at android.widget.LinearLayout.layoutVertical(LinearLayout.java:1673)
07-07 20:53:25.241  5339  5339 W LayerDrawable: 	at android.widget.LinearLayout.onLayout(LinearLayout.java:1582)
07-07 20:53:25.241  5339  5339 W LayerDrawable: 	at android.view.View.layout(View.java:23330)
07-07 20:53:25.241  5339  5339 W LayerDrawable: 	at android.view.ViewGroup.layout(ViewGroup.java:6505)
07-07 20:53:25.241  5339  5339 W LayerDrawable: 	at android.widget.FrameLayout.layoutChildren(FrameLayout.java:332)
07-07 20:53:25.241  5339  5339 W LayerDrawable: 	at android.widget.FrameLayout.onLayout(FrameLayout.java:270)
07-07 20:53:25.241  5339  5339 W LayerDrawable: 	at android.view.View.layout(View.java:23330)
07-07 20:53:25.241  5339  5339 W LayerDrawable: 	at android.view.ViewGroup.layout(ViewGroup.java:6505)
07-07 20:53:25.241  5339  5339 W LayerDrawable: 	at android.widget.LinearLayout.setChildFrame(LinearLayout.java:1841)
07-07 20:53:25.241  5339  5339 W LayerDrawable: 	at android.widget.LinearLayout.layoutVertical(LinearLayout.java:1673)
07-07 20:53:25.241  5339  5339 W LayerDrawable: 	at android.widget.LinearLayout.onLayout(LinearLayout.java:1582)
07-07 20:53:25.241  5339  5339 W LayerDrawable: 	at android.view.View.layout(View.java:23330)
07-07 20:53:25.241  5339  5339 W LayerDrawable: 	at android.view.ViewGroup.layout(ViewGroup.java:6505)
07-07 20:53:25.241  5339  5339 W LayerDrawable: 	at android.widget.FrameLayout.layoutChildren(FrameLayout.java:332)
07-07 20:53:25.241  5339  5339 W LayerDrawable: 	at android.widget.FrameLayout.onLayout(FrameLayout.java:270)
07-07 20:53:25.241  5339  5339 W LayerDrawable: 	at com.android.internal.policy.DecorView.onLayout(DecorView.java:873)
07-07 20:53:25.241  5339  5339 W LayerDrawable: 	at android.view.View.layout(View.java:23330)
07-07 20:53:25.241  5339  5339 W LayerDrawable: 	at android.view.ViewGroup.layout(ViewGroup.java:6505)
07-07 20:53:25.241  5339  5339 W LayerDrawable: 	at android.view.ViewRootImpl.performLayout(ViewRootImpl.java:3936)
