07-07 20:53:43.248  5339  5339 W LayerDrawable: 	at android.graphics.drawable.LayerDrawable$ChildDrawable.<init>(LayerDrawable.java:1857)
07-07 20:53:43.248  5339  5339 W LayerDrawable: 	at android.graphics.drawable.LayerDrawable$LayerState.<init>(LayerDrawable.java:1977)
07-07 20:53:43.248  5339  5339 W LayerDrawable: 	at android.graphics.drawable.LayerDrawable.createConstantState(LayerDrawable.java:174)
07-07 20:53:43.248  5339  5339 W LayerDrawable: 	at android.graphics.drawable.LayerDrawable.mutate(LayerDrawable.java:1782)
07-07 20:53:43.248  5339  5339 W LayerDrawable: 	at helium314.keyboard.latin.InputView.g(r8-map-id-ad73b94404394bfc85426ccd0b1e70e5f0945155e663f3d0fd3f21863db96ca4:630)
07-07 20:53:43.248  5339  5339 W LayerDrawable: 	at p7.x.a(r8-map-id-ad73b94404394bfc85426ccd0b1e70e5f0945155e663f3d0fd3f21863db96ca4:232)
07-07 20:53:43.248  5339  5339 W LayerDrawable: 	at a8.t0.run(r8-map-id-ad73b94404394bfc85426ccd0b1e70e5f0945155e663f3d0fd3f21863db96ca4:279)
07-07 20:53:43.248  5339  5339 W LayerDrawable: 	at helium314.keyboard.latin.InputView.f(r8-map-id-ad73b94404394bfc85426ccd0b1e70e5f0945155e663f3d0fd3f21863db96ca4:39)
07-07 20:53:43.248  5339  5339 W LayerDrawable: 	at i7.d0.a(r8-map-id-ad73b94404394bfc85426ccd0b1e70e5f0945155e663f3d0fd3f21863db96ca4:73)
07-07 20:53:43.248  5339  5339 W LayerDrawable: 	at a8.j3.onLayoutChange(r8-map-id-ad73b94404394bfc85426ccd0b1e70e5f0945155e663f3d0fd3f21863db96ca4:39)
07-07 20:53:43.248  5339  5339 W LayerDrawable: 	at android.view.View.layout(View.java:23348)
07-07 20:53:43.248  5339  5339 W LayerDrawable: 	at android.view.ViewGroup.layout(ViewGroup.java:6505)
07-07 20:53:43.248  5339  5339 W LayerDrawable: 	at android.widget.FrameLayout.layoutChildren(FrameLayout.java:332)
07-07 20:53:43.248  5339  5339 W LayerDrawable: 	at android.widget.FrameLayout.onLayout(FrameLayout.java:270)
07-07 20:53:43.248  5339  5339 W LayerDrawable: 	at android.view.View.layout(View.java:23330)
07-07 20:53:43.248  5339  5339 W LayerDrawable: 	at android.view.ViewGroup.layout(ViewGroup.java:6505)
07-07 20:53:43.248  5339  5339 W LayerDrawable: 	at android.widget.FrameLayout.layoutChildren(FrameLayout.java:332)
07-07 20:53:43.248  5339  5339 W LayerDrawable: 	at android.widget.FrameLayout.onLayout(FrameLayout.java:270)
07-07 20:53:43.248  5339  5339 W LayerDrawable: 	at android.view.View.layout(View.java:23330)
07-07 20:53:43.248  5339  5339 W LayerDrawable: 	at android.view.ViewGroup.layout(ViewGroup.java:6505)
07-07 20:53:43.248  5339  5339 W LayerDrawable: 	at android.widget.LinearLayout.setChildFrame(LinearLayout.java:1841)
07-07 20:53:43.248  5339  5339 W LayerDrawable: 	at android.widget.LinearLayout.layoutVertical(LinearLayout.java:1673)
07-07 20:53:43.248  5339  5339 W LayerDrawable: 	at android.widget.LinearLayout.onLayout(LinearLayout.java:1582)
07-07 20:53:43.248  5339  5339 W LayerDrawable: 	at android.view.View.layout(View.java:23330)
07-07 20:53:43.248  5339  5339 W LayerDrawable: 	at android.view.ViewGroup.layout(ViewGroup.java:6505)
07-07 20:53:43.248  5339  5339 W LayerDrawable: 	at android.widget.FrameLayout.layoutChildren(FrameLayout.java:332)
07-07 20:53:43.248  5339  5339 W LayerDrawable: 	at android.widget.FrameLayout.onLayout(FrameLayout.java:270)
07-07 20:53:43.248  5339  5339 W LayerDrawable: 	at android.view.View.layout(View.java:23330)
07-07 20:53:43.248  5339  5339 W LayerDrawable: 	at android.view.ViewGroup.layout(ViewGroup.java:6505)
07-07 20:53:43.248  5339  5339 W LayerDrawable: 	at android.widget.LinearLayout.setChildFrame(LinearLayout.java:1841)
07-07 20:53:43.248  5339  5339 W LayerDrawable: 	at android.widget.LinearLayout.layoutVertical(LinearLayout.java:1673)
07-07 20:53:43.248  5339  5339 W LayerDrawable: 	at android.widget.LinearLayout.onLayout(LinearLayout.java:1582)
07-07 20:53:43.248  5339  5339 W LayerDrawable: 	at android.view.View.layout(View.java:23330)
07-07 20:53:43.248  5339  5339 W LayerDrawable: 	at android.view.ViewGroup.layout(ViewGroup.java:6505)
07-07 20:53:43.248  5339  5339 W LayerDrawable: 	at android.widget.FrameLayout.layoutChildren(FrameLayout.java:332)
07-07 20:53:43.248  5339  5339 W LayerDrawable: 	at android.widget.FrameLayout.onLayout(FrameLayout.java:270)
07-07 20:53:43.248  5339  5339 W LayerDrawable: 	at com.android.internal.policy.DecorView.onLayout(DecorView.java:873)
07-07 20:53:43.248  5339  5339 W LayerDrawable: 	at android.view.View.layout(View.java:23330)
07-07 20:53:43.248  5339  5339 W LayerDrawable: 	at android.view.ViewGroup.layout(ViewGroup.java:6505)
07-07 20:53:43.248  5339  5339 W LayerDrawable: 	at android.view.ViewRootImpl.performLayout(ViewRootImpl.java:3936)
07-07 20:53:43.248  5339  5339 W LayerDrawable: 	at android.view.ViewRootImpl.performTraversals(ViewRootImpl.java:3338)
07-07 20:53:43.248  5339  5339 W LayerDrawable: 	at android.view.ViewRootImpl.doTraversal(ViewRootImpl.java:2305)
07-07 20:53:43.248  5339  5339 W LayerDrawable: 	at android.view.ViewRootImpl$TraversalRunnable.run(ViewRootImpl.java:9133)
07-07 20:53:43.248  5339  5339 W LayerDrawable: 	at android.view.Choreographer$CallbackRecord.run(Choreographer.java:1232)
07-07 20:53:43.248  5339  5339 W LayerDrawable: 	at android.view.Choreographer.doCallbacks(Choreographer.java:1029)
07-07 20:53:43.248  5339  5339 W LayerDrawable: 	at android.view.Choreographer.doFrame(Choreographer.java:934)
07-07 20:53:43.248  5339  5339 W LayerDrawable: 	at android.view.Choreographer$FrameDisplayEventReceiver.run(Choreographer.java:1217)
07-07 20:53:43.248  5339  5339 W LayerDrawable: 	at android.os.Handler.handleCallback(Handler.java:938)
07-07 20:53:43.248  5339  5339 W LayerDrawable: 	at android.os.Handler.dispatchMessage(Handler.java:99)
07-07 20:53:43.248  5339  5339 W LayerDrawable: 	at android.os.Looper.loopOnce(Looper.java:233)
07-07 20:53:43.248  5339  5339 W LayerDrawable: 	at android.os.Looper.loop(Looper.java:344)
07-07 20:53:43.248  5339  5339 W LayerDrawable: 	at android.app.ActivityThread.main(ActivityThread.java:8212)
07-07 20:53:43.248  5339  5339 W LayerDrawable: 	at java.lang.reflect.Method.invoke(Native Method)
07-07 20:53:43.248  5339  5339 W LayerDrawable: 	at com.android.internal.os.RuntimeInit$MethodAndArgsCaller.run(RuntimeInit.java:584)
07-07 20:53:43.248  5339  5339 W LayerDrawable: 	at com.android.internal.os.ZygoteInit.main(ZygoteInit.java:1034)
07-07 20:53:43.252  5339  5339 W LayerDrawable: Invalid drawable added to LayerDrawable! Drawable already belongs to another owner but does not expose a constant state.
07-07 20:53:43.252  5339  5339 W LayerDrawable: java.lang.RuntimeException
07-07 20:53:43.252  5339  5339 W LayerDrawable: 	at android.graphics.drawable.LayerDrawable$ChildDrawable.<init>(LayerDrawable.java:1857)
07-07 20:53:43.252  5339  5339 W LayerDrawable: 	at android.graphics.drawable.LayerDrawable$LayerState.<init>(LayerDrawable.java:1977)
07-07 20:53:43.252  5339  5339 W LayerDrawable: 	at android.graphics.drawable.LayerDrawable.createConstantState(LayerDrawable.java:174)
07-07 20:53:43.252  5339  5339 W LayerDrawable: 	at android.graphics.drawable.LayerDrawable.mutate(LayerDrawable.java:1782)
07-07 20:53:43.252  5339  5339 W LayerDrawable: 	at helium314.keyboard.latin.InputView.g(r8-map-id-ad73b94404394bfc85426ccd0b1e70e5f0945155e663f3d0fd3f21863db96ca4:630)
07-07 20:53:43.252  5339  5339 W LayerDrawable: 	at p7.x.a(r8-map-id-ad73b94404394bfc85426ccd0b1e70e5f0945155e663f3d0fd3f21863db96ca4:232)
07-07 20:53:43.252  5339  5339 W LayerDrawable: 	at a8.t0.run(r8-map-id-ad73b94404394bfc85426ccd0b1e70e5f0945155e663f3d0fd3f21863db96ca4:279)
07-07 20:53:43.252  5339  5339 W LayerDrawable: 	at helium314.keyboard.latin.InputView.f(r8-map-id-ad73b94404394bfc85426ccd0b1e70e5f0945155e663f3d0fd3f21863db96ca4:39)
07-07 20:53:43.252  5339  5339 W LayerDrawable: 	at i7.d0.a(r8-map-id-ad73b94404394bfc85426ccd0b1e70e5f0945155e663f3d0fd3f21863db96ca4:73)
07-07 20:53:43.252  5339  5339 W LayerDrawable: 	at a8.y0.run(r8-map-id-ad73b94404394bfc85426ccd0b1e70e5f0945155e663f3d0fd3f21863db96ca4:411)
07-07 20:53:43.252  5339  5339 W LayerDrawable: 	at android.os.Handler.handleCallback(Handler.java:938)
07-07 20:53:43.252  5339  5339 W LayerDrawable: 	at android.os.Handler.dispatchMessage(Handler.java:99)
07-07 20:53:43.252  5339  5339 W LayerDrawable: 	at android.os.Looper.loopOnce(Looper.java:233)
07-07 20:53:43.252  5339  5339 W LayerDrawable: 	at android.os.Looper.loop(Looper.java:344)
07-07 20:53:43.252  5339  5339 W LayerDrawable: 	at android.app.ActivityThread.main(ActivityThread.java:8212)
07-07 20:53:43.252  5339  5339 W LayerDrawable: 	at java.lang.reflect.Method.invoke(Native Method)
07-07 20:53:43.252  5339  5339 W LayerDrawable: 	at com.android.internal.os.RuntimeInit$MethodAndArgsCaller.run(RuntimeInit.java:584)
07-07 20:53:43.252  5339  5339 W LayerDrawable: 	at com.android.internal.os.ZygoteInit.main(ZygoteInit.java:1034)
07-07 20:53:43.657  5339  5824 W libc    : Access denied finding property "vendor.oplus.media.vpp.stutter"
07-07 20:53:44.658  5339  5824 W libc    : Access denied finding property "vendor.oplus.media.vpp.stutter"
07-07 20:53:45.113  5339  5339 W LayerDrawable: Invalid drawable added to LayerDrawable! Drawable already belongs to another owner but does not expose a constant state.
07-07 20:53:45.113  5339  5339 W LayerDrawable: java.lang.RuntimeException
07-07 20:53:45.113  5339  5339 W LayerDrawable: 	at android.graphics.drawable.LayerDrawable$ChildDrawable.<init>(LayerDrawable.java:1857)
07-07 20:53:45.113  5339  5339 W LayerDrawable: 	at android.graphics.drawable.LayerDrawable$LayerState.<init>(LayerDrawable.java:1977)
07-07 20:53:45.113  5339  5339 W LayerDrawable: 	at android.graphics.drawable.LayerDrawable.createConstantState(LayerDrawable.java:174)
07-07 20:53:45.113  5339  5339 W LayerDrawable: 	at android.graphics.drawable.LayerDrawable.mutate(LayerDrawable.java:1782)
07-07 20:53:45.113  5339  5339 W LayerDrawable: 	at helium314.keyboard.latin.InputView.g(r8-map-id-ad73b94404394bfc85426ccd0b1e70e5f0945155e663f3d0fd3f21863db96ca4:630)
07-07 20:53:45.113  5339  5339 W LayerDrawable: 	at p7.x.a(r8-map-id-ad73b94404394bfc85426ccd0b1e70e5f0945155e663f3d0fd3f21863db96ca4:232)
07-07 20:53:45.113  5339  5339 W LayerDrawable: 	at a8.t0.run(r8-map-id-ad73b94404394bfc85426ccd0b1e70e5f0945155e663f3d0fd3f21863db96ca4:279)
07-07 20:53:45.113  5339  5339 W LayerDrawable: 	at helium314.keyboard.latin.InputView.f(r8-map-id-ad73b94404394bfc85426ccd0b1e70e5f0945155e663f3d0fd3f21863db96ca4:39)
07-07 20:53:45.113  5339  5339 W LayerDrawable: 	at i7.d0.a(r8-map-id-ad73b94404394bfc85426ccd0b1e70e5f0945155e663f3d0fd3f21863db96ca4:73)
07-07 20:53:45.113  5339  5339 W LayerDrawable: 	at i7.d0.r(r8-map-id-ad73b94404394bfc85426ccd0b1e70e5f0945155e663f3d0fd3f21863db96ca4:245)
07-07 20:53:45.113  5339  5339 W LayerDrawable: 	at x7.b.u(r8-map-id-ad73b94404394bfc85426ccd0b1e70e5f0945155e663f3d0fd3f21863db96ca4:188)
07-07 20:53:45.113  5339  5339 W LayerDrawable: 	at helium314.keyboard.latin.LatinIME.l(r8-map-id-ad73b94404394bfc85426ccd0b1e70e5f0945155e663f3d0fd3f21863db96ca4:36)
07-07 20:53:45.113  5339  5339 W LayerDrawable: 	at i7.m.a(r8-map-id-ad73b94404394bfc85426ccd0b1e70e5f0945155e663f3d0fd3f21863db96ca4:262)
07-07 20:53:45.113  5339  5339 W LayerDrawable: 	at helium314.keyboard.latin.suggestions.SuggestionStripView.onClick(r8-map-id-ad73b94404394bfc85426ccd0b1e70e5f0945155e663f3d0fd3f21863db96ca4:45)
07-07 20:53:45.113  5339  5339 W LayerDrawable: 	at android.view.View.performClick(View.java:7488)
07-07 20:53:45.113  5339  5339 W LayerDrawable: 	at android.view.View.performClickInternal(View.java:7464)
07-07 20:53:45.113  5339  5339 W LayerDrawable: 	at android.view.View.access$3700(View.java:841)
07-07 20:53:45.113  5339  5339 W LayerDrawable: 	at android.view.View$PerformClick.run(View.java:28911)
07-07 20:53:45.113  5339  5339 W LayerDrawable: 	at android.os.Handler.handleCallback(Handler.java:938)
07-07 20:53:45.113  5339  5339 W LayerDrawable: 	at android.os.Handler.dispatchMessage(Handler.java:99)
07-07 20:53:45.113  5339  5339 W LayerDrawable: 	at android.os.Looper.loopOnce(Looper.java:233)
07-07 20:53:45.113  5339  5339 W LayerDrawable: 	at android.os.Looper.loop(Looper.java:344)
07-07 20:53:45.113  5339  5339 W LayerDrawable: 	at android.app.ActivityThread.main(ActivityThread.java:8212)
07-07 20:53:45.113  5339  5339 W LayerDrawable: 	at java.lang.reflect.Method.invoke(Native Method)
07-07 20:53:45.113  5339  5339 W LayerDrawable: 	at com.android.internal.os.RuntimeInit$MethodAndArgsCaller.run(RuntimeInit.java:584)
07-07 20:53:45.113  5339  5339 W LayerDrawable: 	at com.android.internal.os.ZygoteInit.main(ZygoteInit.java:1034)
07-07 20:53:45.126  5339  5339 W LayerDrawable: Invalid drawable added to LayerDrawable! Drawable already belongs to another owner but does not expose a constant state.
07-07 20:53:45.126  5339  5339 W LayerDrawable: java.lang.RuntimeException
07-07 20:53:45.126  5339  5339 W LayerDrawable: 	at android.graphics.drawable.LayerDrawable$ChildDrawable.<init>(LayerDrawable.java:1857)
07-07 20:53:45.126  5339  5339 W LayerDrawable: 	at android.graphics.drawable.LayerDrawable$LayerState.<init>(LayerDrawable.java:1977)
07-07 20:53:45.126  5339  5339 W LayerDrawable: 	at android.graphics.drawable.LayerDrawable.createConstantState(LayerDrawable.java:174)
07-07 20:53:45.126  5339  5339 W LayerDrawable: 	at android.graphics.drawable.LayerDrawable.mutate(LayerDrawable.java:1782)
07-07 20:53:45.126  5339  5339 W LayerDrawable: 	at helium314.keyboard.latin.InputView.g(r8-map-id-ad73b94404394bfc85426ccd0b1e70e5f0945155e663f3d0fd3f21863db96ca4:630)
07-07 20:53:45.126  5339  5339 W LayerDrawable: 	at p7.x.a(r8-map-id-ad73b94404394bfc85426ccd0b1e70e5f0945155e663f3d0fd3f21863db96ca4:232)
07-07 20:53:45.126  5339  5339 W LayerDrawable: 	at a8.t0.run(r8-map-id-ad73b94404394bfc85426ccd0b1e70e5f0945155e663f3d0fd3f21863db96ca4:279)
07-07 20:53:45.126  5339  5339 W LayerDrawable: 	at helium314.keyboard.latin.InputView.f(r8-map-id-ad73b94404394bfc85426ccd0b1e70e5f0945155e663f3d0fd3f21863db96ca4:39)
07-07 20:53:45.126  5339  5339 W LayerDrawable: 	at i7.d0.a(r8-map-id-ad73b94404394bfc85426ccd0b1e70e5f0945155e663f3d0fd3f21863db96ca4:73)
07-07 20:53:45.126  5339  5339 W LayerDrawable: 	at a8.y0.run(r8-map-id-ad73b94404394bfc85426ccd0b1e70e5f0945155e663f3d0fd3f21863db96ca4:411)
07-07 20:53:45.126  5339  5339 W LayerDrawable: 	at android.os.Handler.handleCallback(Handler.java:938)
07-07 20:53:45.126  5339  5339 W LayerDrawable: 	at android.os.Handler.dispatchMessage(Handler.java:99)
07-07 20:53:45.126  5339  5339 W LayerDrawable: 	at android.os.Looper.loopOnce(Looper.java:233)
07-07 20:53:45.126  5339  5339 W LayerDrawable: 	at android.os.Looper.loop(Looper.java:344)
07-07 20:53:45.126  5339  5339 W LayerDrawable: 	at android.app.ActivityThread.main(ActivityThread.java:8212)
07-07 20:53:45.126  5339  5339 W LayerDrawable: 	at java.lang.reflect.Method.invoke(Native Method)
07-07 20:53:45.126  5339  5339 W LayerDrawable: 	at com.android.internal.os.RuntimeInit$MethodAndArgsCaller.run(RuntimeInit.java:584)
07-07 20:53:45.126  5339  5339 W LayerDrawable: 	at com.android.internal.os.ZygoteInit.main(ZygoteInit.java:1034)
07-07 20:53:45.659  5339  5824 W libc    : Access denied finding property "vendor.oplus.media.vpp.stutter"
07-07 20:53:46.452  5339  5339 W LayerDrawable: Invalid drawable added to LayerDrawable! Drawable already belongs to another owner but does not expose a constant state.
07-07 20:53:46.452  5339  5339 W LayerDrawable: java.lang.RuntimeException
07-07 20:53:46.452  5339  5339 W LayerDrawable: 	at android.graphics.drawable.LayerDrawable$ChildDrawable.<init>(LayerDrawable.java:1857)
07-07 20:53:46.452  5339  5339 W LayerDrawable: 	at android.graphics.drawable.LayerDrawable$LayerState.<init>(LayerDrawable.java:1977)
07-07 20:53:46.452  5339  5339 W LayerDrawable: 	at android.graphics.drawable.LayerDrawable.createConstantState(LayerDrawable.java:174)
07-07 20:53:46.452  5339  5339 W LayerDrawable: 	at android.graphics.drawable.LayerDrawable.mutate(LayerDrawable.java:1782)
07-07 20:53:46.452  5339  5339 W LayerDrawable: 	at helium314.keyboard.latin.InputView.g(r8-map-id-ad73b94404394bfc85426ccd0b1e70e5f0945155e663f3d0fd3f21863db96ca4:630)
07-07 20:53:46.452  5339  5339 W LayerDrawable: 	at p7.x.a(r8-map-id-ad73b94404394bfc85426ccd0b1e70e5f0945155e663f3d0fd3f21863db96ca4:232)
07-07 20:53:46.452  5339  5339 W LayerDrawable: 	at a8.t0.run(r8-map-id-ad73b94404394bfc85426ccd0b1e70e5f0945155e663f3d0fd3f21863db96ca4:279)
07-07 20:53:46.452  5339  5339 W LayerDrawable: 	at helium314.keyboard.latin.InputView.f(r8-map-id-ad73b94404394bfc85426ccd0b1e70e5f0945155e663f3d0fd3f21863db96ca4:39)
07-07 20:53:46.452  5339  5339 W LayerDrawable: 	at i7.d0.a(r8-map-id-ad73b94404394bfc85426ccd0b1e70e5f0945155e663f3d0fd3f21863db96ca4:73)
07-07 20:53:46.452  5339  5339 W LayerDrawable: 	at i7.d0.r(r8-map-id-ad73b94404394bfc85426ccd0b1e70e5f0945155e663f3d0fd3f21863db96ca4:245)
07-07 20:53:46.452  5339  5339 W LayerDrawable: 	at x7.b.v(r8-map-id-ad73b94404394bfc85426ccd0b1e70e5f0945155e663f3d0fd3f21863db96ca4:35)
07-07 20:53:46.452  5339  5339 W LayerDrawable: 	at x7.b.u(r8-map-id-ad73b94404394bfc85426ccd0b1e70e5f0945155e663f3d0fd3f21863db96ca4:166)
07-07 20:53:46.452  5339  5339 W LayerDrawable: 	at helium314.keyboard.latin.LatinIME.l(r8-map-id-ad73b94404394bfc85426ccd0b1e70e5f0945155e663f3d0fd3f21863db96ca4:36)
07-07 20:53:46.452  5339  5339 W LayerDrawable: 	at i7.m.a(r8-map-id-ad73b94404394bfc85426ccd0b1e70e5f0945155e663f3d0fd3f21863db96ca4:262)
07-07 20:53:46.452  5339  5339 W LayerDrawable: 	at a8.t4.onClick(r8-map-id-ad73b94404394bfc85426ccd0b1e70e5f0945155e663f3d0fd3f21863db96ca4:178)
07-07 20:53:46.452  5339  5339 W LayerDrawable: 	at android.view.View.performClick(View.java:7488)
07-07 20:53:46.452  5339  5339 W LayerDrawable: 	at android.view.View.performClickInternal(View.java:7464)
07-07 20:53:46.452  5339  5339 W LayerDrawable: 	at android.view.View.access$3700(View.java:841)
07-07 20:53:46.452  5339  5339 W LayerDrawable: 	at android.view.View$PerformClick.run(View.java:28911)
07-07 20:53:46.452  5339  5339 W LayerDrawable: 	at android.os.Handler.handleCallback(Handler.java:938)
07-07 20:53:46.452  5339  5339 W LayerDrawable: 	at android.os.Handler.dispatchMessage(Handler.java:99)
07-07 20:53:46.452  5339  5339 W LayerDrawable: 	at android.os.Looper.loopOnce(Looper.java:233)
07-07 20:53:46.452  5339  5339 W LayerDrawable: 	at android.os.Looper.loop(Looper.java:344)
07-07 20:53:46.452  5339  5339 W LayerDrawable: 	at android.app.ActivityThread.main(ActivityThread.java:8212)
07-07 20:53:46.452  5339  5339 W LayerDrawable: 	at java.lang.reflect.Method.invoke(Native Method)
07-07 20:53:46.452  5339  5339 W LayerDrawable: 	at com.android.internal.os.RuntimeInit$MethodAndArgsCaller.run(RuntimeInit.java:584)
07-07 20:53:46.452  5339  5339 W LayerDrawable: 	at com.android.internal.os.ZygoteInit.main(ZygoteInit.java:1034)
07-07 20:53:46.523  5339  5339 W LayerDrawable: Invalid drawable added to LayerDrawable! Drawable already belongs to another owner but does not expose a constant state.
07-07 20:53:46.523  5339  5339 W LayerDrawable: java.lang.RuntimeException
07-07 20:53:46.523  5339  5339 W LayerDrawable: 	at android.graphics.drawable.LayerDrawable$ChildDrawable.<init>(LayerDrawable.java:1857)
07-07 20:53:46.523  5339  5339 W LayerDrawable: 	at android.graphics.drawable.LayerDrawable$LayerState.<init>(LayerDrawable.java:1977)
07-07 20:53:46.523  5339  5339 W LayerDrawable: 	at android.graphics.drawable.LayerDrawable.createConstantState(LayerDrawable.java:174)
07-07 20:53:46.523  5339  5339 W LayerDrawable: 	at android.graphics.drawable.LayerDrawable.mutate(LayerDrawable.java:1782)
07-07 20:53:46.523  5339  5339 W LayerDrawable: 	at helium314.keyboard.latin.InputView.g(r8-map-id-ad73b94404394bfc85426ccd0b1e70e5f0945155e663f3d0fd3f21863db96ca4:630)
07-07 20:53:46.523  5339  5339 W LayerDrawable: 	at p7.x.a(r8-map-id-ad73b94404394bfc85426ccd0b1e70e5f0945155e663f3d0fd3f21863db96ca4:232)
07-07 20:53:46.523  5339  5339 W LayerDrawable: 	at a8.t0.run(r8-map-id-ad73b94404394bfc85426ccd0b1e70e5f0945155e663f3d0fd3f21863db96ca4:279)
07-07 20:53:46.523  5339  5339 W LayerDrawable: 	at helium314.keyboard.latin.InputView.f(r8-map-id-ad73b94404394bfc85426ccd0b1e70e5f0945155e663f3d0fd3f21863db96ca4:39)
07-07 20:53:46.523  5339  5339 W LayerDrawable: 	at i7.d0.a(r8-map-id-ad73b94404394bfc85426ccd0b1e70e5f0945155e663f3d0fd3f21863db96ca4:73)
07-07 20:53:46.523  5339  5339 W LayerDrawable: 	at a8.j3.onLayoutChange(r8-map-id-ad73b94404394bfc85426ccd0b1e70e5f0945155e663f3d0fd3f21863db96ca4:39)
07-07 20:53:46.523  5339  5339 W LayerDrawable: 	at android.view.View.layout(View.java:23348)
07-07 20:53:46.523  5339  5339 W LayerDrawable: 	at android.view.ViewGroup.layout(ViewGroup.java:6505)
07-07 20:53:46.523  5339  5339 W LayerDrawable: 	at android.widget.FrameLayout.layoutChildren(FrameLayout.java:332)
07-07 20:53:46.523  5339  5339 W LayerDrawable: 	at android.widget.FrameLayout.onLayout(FrameLayout.java:270)
07-07 20:53:46.523  5339  5339 W LayerDrawable: 	at android.view.View.layout(View.java:23330)
07-07 20:53:46.523  5339  5339 W LayerDrawable: 	at android.view.ViewGroup.layout(ViewGroup.java:6505)
07-07 20:53:46.523  5339  5339 W LayerDrawable: 	at android.widget.FrameLayout.layoutChildren(FrameLayout.java:332)
07-07 20:53:46.523  5339  5339 W LayerDrawable: 	at android.widget.FrameLayout.onLayout(FrameLayout.java:270)
07-07 20:53:46.523  5339  5339 W LayerDrawable: 	at android.view.View.layout(View.java:23330)
07-07 20:53:46.523  5339  5339 W LayerDrawable: 	at android.view.ViewGroup.layout(ViewGroup.java:6505)
07-07 20:53:46.523  5339  5339 W LayerDrawable: 	at android.widget.LinearLayout.setChildFrame(LinearLayout.java:1841)
07-07 20:53:46.523  5339  5339 W LayerDrawable: 	at android.widget.LinearLayout.layoutVertical(LinearLayout.java:1673)
07-07 20:53:46.523  5339  5339 W LayerDrawable: 	at android.widget.LinearLayout.onLayout(LinearLayout.java:1582)
07-07 20:53:46.523  5339  5339 W LayerDrawable: 	at android.view.View.layout(View.java:23330)
07-07 20:53:46.523  5339  5339 W LayerDrawable: 	at android.view.ViewGroup.layout(ViewGroup.java:6505)
07-07 20:53:46.523  5339  5339 W LayerDrawable: 	at android.widget.FrameLayout.layoutChildren(FrameLayout.java:332)
07-07 20:53:46.523  5339  5339 W LayerDrawable: 	at android.widget.FrameLayout.onLayout(FrameLayout.java:270)
07-07 20:53:46.523  5339  5339 W LayerDrawable: 	at android.view.View.layout(View.java:23330)
07-07 20:53:46.523  5339  5339 W LayerDrawable: 	at android.view.ViewGroup.layout(ViewGroup.java:6505)
07-07 20:53:46.523  5339  5339 W LayerDrawable: 	at android.widget.LinearLayout.setChildFrame(LinearLayout.java:1841)
07-07 20:53:46.523  5339  5339 W LayerDrawable: 	at android.widget.LinearLayout.layoutVertical(LinearLayout.java:1673)
07-07 20:53:46.523  5339  5339 W LayerDrawable: 	at android.widget.LinearLayout.onLayout(LinearLayout.java:1582)
07-07 20:53:46.523  5339  5339 W LayerDrawable: 	at android.view.View.layout(View.java:23330)
07-07 20:53:46.523  5339  5339 W LayerDrawable: 	at android.view.ViewGroup.layout(ViewGroup.java:6505)
07-07 20:53:46.523  5339  5339 W LayerDrawable: 	at android.widget.FrameLayout.layoutChildren(FrameLayout.java:332)
07-07 20:53:46.523  5339  5339 W LayerDrawable: 	at android.widget.FrameLayout.onLayout(FrameLayout.java:270)
07-07 20:53:46.523  5339  5339 W LayerDrawable: 	at com.android.internal.policy.DecorView.onLayout(DecorView.java:873)
07-07 20:53:46.523  5339  5339 W LayerDrawable: 	at android.view.View.layout(View.java:23330)
07-07 20:53:46.523  5339  5339 W LayerDrawable: 	at android.view.ViewGroup.layout(ViewGroup.java:6505)
07-07 20:53:46.523  5339  5339 W LayerDrawable: 	at android.view.ViewRootImpl.performLayout(ViewRootImpl.java:3936)
07-07 20:53:46.523  5339  5339 W LayerDrawable: 	at android.view.ViewRootImpl.performTraversals(ViewRootImpl.java:3338)
07-07 20:53:46.523  5339  5339 W LayerDrawable: 	at android.view.ViewRootImpl.doTraversal(ViewRootImpl.java:2305)
07-07 20:53:46.523  5339  5339 W LayerDrawable: 	at android.view.ViewRootImpl$TraversalRunnable.run(ViewRootImpl.java:9133)
07-07 20:53:46.523  5339  5339 W LayerDrawable: 	at android.view.Choreographer$CallbackRecord.run(Choreographer.java:1232)
07-07 20:53:46.523  5339  5339 W LayerDrawable: 	at android.view.Choreographer.doCallbacks(Choreographer.java:1029)
07-07 20:53:46.523  5339  5339 W LayerDrawable: 	at android.view.Choreographer.doFrame(Choreographer.java:934)
07-07 20:53:46.523  5339  5339 W LayerDrawable: 	at android.view.Choreographer$FrameDisplayEventReceiver.run(Choreographer.java:1217)
07-07 20:53:46.523  5339  5339 W LayerDrawable: 	at android.os.Handler.handleCallback(Handler.java:938)
07-07 20:53:46.523  5339  5339 W LayerDrawable: 	at android.os.Handler.dispatchMessage(Handler.java:99)
07-07 20:53:46.523  5339  5339 W LayerDrawable: 	at android.os.Looper.loopOnce(Looper.java:233)
07-07 20:53:46.523  5339  5339 W LayerDrawable: 	at android.os.Looper.loop(Looper.java:344)
07-07 20:53:46.523  5339  5339 W LayerDrawable: 	at android.app.ActivityThread.main(ActivityThread.java:8212)
07-07 20:53:46.523  5339  5339 W LayerDrawable: 	at java.lang.reflect.Method.invoke(Native Method)
07-07 20:53:46.523  5339  5339 W LayerDrawable: 	at com.android.internal.os.RuntimeInit$MethodAndArgsCaller.run(RuntimeInit.java:584)
07-07 20:53:46.523  5339  5339 W LayerDrawable: 	at com.android.internal.os.ZygoteInit.main(ZygoteInit.java:1034)
07-07 20:53:46.527  5339  5339 W LayerDrawable: Invalid drawable added to LayerDrawable! Drawable already belongs to another owner but does not expose a constant state.
07-07 20:53:46.527  5339  5339 W LayerDrawable: java.lang.RuntimeException
07-07 20:53:46.527  5339  5339 W LayerDrawable: 	at android.graphics.drawable.LayerDrawable$ChildDrawable.<init>(LayerDrawable.java:1857)
07-07 20:53:46.527  5339  5339 W LayerDrawable: 	at android.graphics.drawable.LayerDrawable$LayerState.<init>(LayerDrawable.java:1977)
07-07 20:53:46.527  5339  5339 W LayerDrawable: 	at android.graphics.drawable.LayerDrawable.createConstantState(LayerDrawable.java:174)
07-07 20:53:46.527  5339  5339 W LayerDrawable: 	at android.graphics.drawable.LayerDrawable.mutate(LayerDrawable.java:1782)
07-07 20:53:46.527  5339  5339 W LayerDrawable: 	at helium314.keyboard.latin.InputView.g(r8-map-id-ad73b94404394bfc85426ccd0b1e70e5f0945155e663f3d0fd3f21863db96ca4:630)
07-07 20:53:46.527  5339  5339 W LayerDrawable: 	at p7.x.a(r8-map-id-ad73b94404394bfc85426ccd0b1e70e5f0945155e663f3d0fd3f21863db96ca4:232)
07-07 20:53:46.527  5339  5339 W LayerDrawable: 	at a8.t0.run(r8-map-id-ad73b94404394bfc85426ccd0b1e70e5f0945155e663f3d0fd3f21863db96ca4:279)
07-07 20:53:46.527  5339  5339 W LayerDrawable: 	at helium314.keyboard.latin.InputView.f(r8-map-id-ad73b94404394bfc85426ccd0b1e70e5f0945155e663f3d0fd3f21863db96ca4:39)
07-07 20:53:46.527  5339  5339 W LayerDrawable: 	at i7.d0.a(r8-map-id-ad73b94404394bfc85426ccd0b1e70e5f0945155e663f3d0fd3f21863db96ca4:73)
07-07 20:53:46.527  5339  5339 W LayerDrawable: 	at a8.y0.run(r8-map-id-ad73b94404394bfc85426ccd0b1e70e5f0945155e663f3d0fd3f21863db96ca4:411)
07-07 20:53:46.527  5339  5339 W LayerDrawable: 	at android.os.Handler.handleCallback(Handler.java:938)
07-07 20:53:46.527  5339  5339 W LayerDrawable: 	at android.os.Handler.dispatchMessage(Handler.java:99)
07-07 20:53:46.527  5339  5339 W LayerDrawable: 	at android.os.Looper.loopOnce(Looper.java:233)
07-07 20:53:46.527  5339  5339 W LayerDrawable: 	at android.os.Looper.loop(Looper.java:344)
07-07 20:53:46.527  5339  5339 W LayerDrawable: 	at android.app.ActivityThread.main(ActivityThread.java:8212)
07-07 20:53:46.527  5339  5339 W LayerDrawable: 	at java.lang.reflect.Method.invoke(Native Method)
07-07 20:53:46.527  5339  5339 W LayerDrawable: 	at com.android.internal.os.RuntimeInit$MethodAndArgsCaller.run(RuntimeInit.java:584)
07-07 20:53:46.527  5339  5339 W LayerDrawable: 	at com.android.internal.os.ZygoteInit.main(ZygoteInit.java:1034)
07-07 20:53:46.529  5339  5339 W LayerDrawable: Invalid drawable added to LayerDrawable! Drawable already belongs to another owner but does not expose a constant state.
07-07 20:53:46.529  5339  5339 W LayerDrawable: java.lang.RuntimeException
07-07 20:53:46.529  5339  5339 W LayerDrawable: 	at android.graphics.drawable.LayerDrawable$ChildDrawable.<init>(LayerDrawable.java:1857)
07-07 20:53:46.529  5339  5339 W LayerDrawable: 	at android.graphics.drawable.LayerDrawable$LayerState.<init>(LayerDrawable.java:1977)
07-07 20:53:46.529  5339  5339 W LayerDrawable: 	at android.graphics.drawable.LayerDrawable.createConstantState(LayerDrawable.java:174)
07-07 20:53:46.529  5339  5339 W LayerDrawable: 	at android.graphics.drawable.LayerDrawable.mutate(LayerDrawable.java:1782)
07-07 20:53:46.529  5339  5339 W LayerDrawable: 	at helium314.keyboard.latin.InputView.g(r8-map-id-ad73b94404394bfc85426ccd0b1e70e5f0945155e663f3d0fd3f21863db96ca4:630)
07-07 20:53:46.529  5339  5339 W LayerDrawable: 	at p7.x.a(r8-map-id-ad73b94404394bfc85426ccd0b1e70e5f0945155e663f3d0fd3f21863db96ca4:232)
07-07 20:53:46.529  5339  5339 W LayerDrawable: 	at a8.t0.run(r8-map-id-ad73b94404394bfc85426ccd0b1e70e5f0945155e663f3d0fd3f21863db96ca4:279)
07-07 20:53:46.529  5339  5339 W LayerDrawable: 	at helium314.keyboard.latin.InputView.f(r8-map-id-ad73b94404394bfc85426ccd0b1e70e5f0945155e663f3d0fd3f21863db96ca4:39)
07-07 20:53:46.529  5339  5339 W LayerDrawable: 	at i7.d0.a(r8-map-id-ad73b94404394bfc85426ccd0b1e70e5f0945155e663f3d0fd3f21863db96ca4:73)
07-07 20:53:46.529  5339  5339 W LayerDrawable: 	at i7.d0.z(r8-map-id-ad73b94404394bfc85426ccd0b1e70e5f0945155e663f3d0fd3f21863db96ca4:286)
07-07 20:53:46.529  5339  5339 W LayerDrawable: 	at helium314.keyboard.latin.LatinIME.hideWindow(r8-map-id-ad73b94404394bfc85426ccd0b1e70e5f0945155e663f3d0fd3f21863db96ca4:37)
07-07 20:53:46.529  5339  5339 W LayerDrawable: 	at android.inputmethodservice.InputMethodService.doHideWindow(InputMethodService.java:2441)
07-07 20:53:46.529  5339  5339 W LayerDrawable: 	at android.inputmethodservice.InputMethodService.access$500(InputMethodService.java:307)
07-07 20:53:46.529  5339  5339 W LayerDrawable: 	at android.inputmethodservice.InputMethodService$InputMethodImpl.hideSoftInput(InputMethodService.java:795)
07-07 20:53:46.529  5339  5339 W LayerDrawable: 	at android.inputmethodservice.InputMethodService$InputMethodImpl.hideSoftInputWithToken(InputMethodService.java:757)
07-07 20:53:46.529  5339  5339 W LayerDrawable: 	at android.inputmethodservice.IInputMethodWrapper.executeMessage(IInputMethodWrapper.java:232)
07-07 20:53:46.529  5339  5339 W LayerDrawable: 	at com.android.internal.os.HandlerCaller$MyHandler.handleMessage(HandlerCaller.java:44)
07-07 20:53:46.529  5339  5339 W LayerDrawable: 	at android.os.Handler.dispatchMessage(Handler.java:106)
07-07 20:53:46.529  5339  5339 W LayerDrawable: 	at android.os.Looper.loopOnce(Looper.java:233)
07-07 20:53:46.529  5339  5339 W LayerDrawable: 	at android.os.Looper.loop(Looper.java:344)
07-07 20:53:46.529  5339  5339 W LayerDrawable: 	at android.app.ActivityThread.main(ActivityThread.java:8212)
07-07 20:53:46.529  5339  5339 W LayerDrawable: 	at java.lang.reflect.Method.invoke(Native Method)
07-07 20:53:46.529  5339  5339 W LayerDrawable: 	at com.android.internal.os.RuntimeInit$MethodAndArgsCaller.run(RuntimeInit.java:584)
07-07 20:53:46.529  5339  5339 W LayerDrawable: 	at com.android.internal.os.ZygoteInit.main(ZygoteInit.java:1034)
07-07 20:53:46.602  5339  5339 W Settings: Setting transition_animation_scale has moved from android.provider.Settings.System to android.provider.Settings.Global, returning read-only value.
07-07 20:53:46.659  5339  5824 W libc    : Access denied finding property "vendor.oplus.media.vpp.stutter"
07-07 20:53:46.720  5339  5339 W LayerDrawable: Invalid drawable added to LayerDrawable! Drawable already belongs to another owner but does not expose a constant state.
07-07 20:53:46.720  5339  5339 W LayerDrawable: java.lang.RuntimeException
07-07 20:53:46.720  5339  5339 W LayerDrawable: 	at android.graphics.drawable.LayerDrawable$ChildDrawable.<init>(LayerDrawable.java:1857)
07-07 20:53:46.720  5339  5339 W LayerDrawable: 	at android.graphics.drawable.LayerDrawable$LayerState.<init>(LayerDrawable.java:1977)
07-07 20:53:46.720  5339  5339 W LayerDrawable: 	at android.graphics.drawable.LayerDrawable.createConstantState(LayerDrawable.java:174)
07-07 20:53:46.720  5339  5339 W LayerDrawable: 	at android.graphics.drawable.LayerDrawable.mutate(LayerDrawable.java:1782)
07-07 20:53:46.720  5339  5339 W LayerDrawable: 	at helium314.keyboard.latin.InputView.g(r8-map-id-ad73b94404394bfc85426ccd0b1e70e5f0945155e663f3d0fd3f21863db96ca4:630)
07-07 20:53:46.720  5339  5339 W LayerDrawable: 	at p7.x.a(r8-map-id-ad73b94404394bfc85426ccd0b1e70e5f0945155e663f3d0fd3f21863db96ca4:232)
07-07 20:53:46.720  5339  5339 W LayerDrawable: 	at a8.t0.run(r8-map-id-ad73b94404394bfc85426ccd0b1e70e5f0945155e663f3d0fd3f21863db96ca4:279)
07-07 20:53:46.720  5339  5339 W LayerDrawable: 	at helium314.keyboard.latin.InputView.f(r8-map-id-ad73b94404394bfc85426ccd0b1e70e5f0945155e663f3d0fd3f21863db96ca4:39)
07-07 20:53:46.720  5339  5339 W LayerDrawable: 	at i7.d0.a(r8-map-id-ad73b94404394bfc85426ccd0b1e70e5f0945155e663f3d0fd3f21863db96ca4:73)
07-07 20:53:46.720  5339  5339 W LayerDrawable: 	at a8.y0.run(r8-map-id-ad73b94404394bfc85426ccd0b1e70e5f0945155e663f3d0fd3f21863db96ca4:411)
07-07 20:53:46.720  5339  5339 W LayerDrawable: 	at android.os.Handler.handleCallback(Handler.java:938)
07-07 20:53:46.720  5339  5339 W LayerDrawable: 	at android.os.Handler.dispatchMessage(Handler.java:99)
07-07 20:53:46.720  5339  5339 W LayerDrawable: 	at android.os.Looper.loopOnce(Looper.java:233)
07-07 20:53:46.720  5339  5339 W LayerDrawable: 	at android.os.Looper.loop(Looper.java:344)
07-07 20:53:46.720  5339  5339 W LayerDrawable: 	at android.app.ActivityThread.main(ActivityThread.java:8212)
07-07 20:53:46.720  5339  5339 W LayerDrawable: 	at java.lang.reflect.Method.invoke(Native Method)
07-07 20:53:46.720  5339  5339 W LayerDrawable: 	at com.android.internal.os.RuntimeInit$MethodAndArgsCaller.run(RuntimeInit.java:584)
07-07 20:53:46.720  5339  5339 W LayerDrawable: 	at com.android.internal.os.ZygoteInit.main(ZygoteInit.java:1034)
07-07 20:53:47.011  6605  6605 E libcrashpad_handler_trampoline.so: createInstance(64bit) : createExtendedFactory
07-07 20:53:47.012  6605  6605 E libcrashpad_handler_trampoline.so: createInstance(64bit) : createExtendedFactory
07-07 20:53:47.012  6605  6605 E libcrashpad_handler_trampoline.so: Opened libinputextensionsimpl.so
07-07 20:53:47.012  6605  6605 E libcrashpad_handler_trampoline.so: Opened libinputextensionsimpl.so
07-07 20:53:47.014  6605  6605 E libcrashpad_handler_trampoline.so: createInstance(64bit) : createExtendedFactory
07-07 20:53:47.014  6605  6605 E libcrashpad_handler_trampoline.so: createInstance(64bit) : createExtendedFactory
07-07 20:53:47.014  6605  6605 E libcrashpad_handler_trampoline.so: Opened libsensorextimpl.so
07-07 20:53:47.014  6605  6605 E libcrashpad_handler_trampoline.so: Opened libsensorextimpl.so
07-07 20:53:47.080  6605  6605 E chromium: [0707/205347.079819:ERROR:third_party/crashpad/crashpad/util/process/process_memory_range.cc:75] read out of range
07-07 20:53:47.265  5339  5400 F libc    : Fatal signal 11 (SIGSEGV), code 2 (SEGV_ACCERR), fault addr 0x6a00000057 in tid 5400 (ExecutorUtils), pid 5339 (AndroidUI)
07-07 20:53:47.573  6612  6612 E DEBUG   : failed to read /proc/uptime: Permission denied
07-07 20:53:47.659  5339  5824 W libc    : Access denied finding property "vendor.oplus.media.vpp.stutter"
07-07 20:53:48.577  6612  6612 F DEBUG   : Process name is com.vibekey.keyboard, not key_process
07-07 20:53:48.577  6612  6612 F DEBUG   : keyProcess: 0
07-07 20:53:48.577  6612  6612 F DEBUG   : *** *** *** *** *** *** *** *** *** *** *** *** *** *** *** ***
07-07 20:53:48.577  6612  6612 F DEBUG   : Build fingerprint: 'OnePlus/OnePlus7Pro/OnePlus7Pro:12/SKQ1.211113.001/P.202303230244:user/release-keys'
07-07 20:53:48.577  6612  6612 F DEBUG   : Revision: '0'
07-07 20:53:48.577  6612  6612 F DEBUG   : ABI: 'arm64'
07-07 20:53:48.577  6612  6612 F DEBUG   : Timestamp: 2026-07-07 20:53:47.573129232-0400
07-07 20:53:48.577  6612  6612 F DEBUG   : Process uptime: 0s
07-07 20:53:48.577  6612  6612 F DEBUG   : Cmdline: com.vibekey.keyboard
07-07 20:53:48.577  6612  6612 F DEBUG   : pid: 5339, tid: 5400, name: ExecutorUtils  >>> com.vibekey.keyboard <<<
07-07 20:53:48.577  6612  6612 F DEBUG   : uid: 14189
07-07 20:53:48.577  6612  6612 F DEBUG   : signal 11 (SIGSEGV), code 2 (SEGV_ACCERR), fault addr 0x6a00000057
07-07 20:53:48.577  6612  6612 F DEBUG   :     x0  0000000000000000  x1  0000000000001518  x2  000000000000000b  x3  00000071319deda0
07-07 20:53:48.577  6612  6612 F DEBUG   :     x4  0000007119abe400  x5  0000007119abe400  x6  0000007119abe400  x7  0000000000000000
07-07 20:53:48.577  6612  6612 F DEBUG   :     x8  00000000000000f0  x9  5c0068c420da7557  x10 0000007142c6168c  x11 0000000000000000
07-07 20:53:48.577  6612  6612 F DEBUG   :     x12 00000000ffffffff  x13 0000000000000000  x14 0000000000000005  x15 00000000ebad6a89
07-07 20:53:48.577  6612  6612 F DEBUG   :     x16 000000702c6af7b0  x17 0000007113cdef10  x18 0000006fdfc3e000  x19 000000000000000b
07-07 20:53:48.577  6612  6612 F DEBUG   :     x20 00000071319deda0  x21 00000000000014db  x22 00000071319deb90  x23 0000000000000001
07-07 20:53:48.577  6612  6612 F DEBUG   :     x24 0000007011f42d5c  x25 0000007011d9cf80  x26 0000007119abf698  x27 0000007119abe408
07-07 20:53:48.577  6612  6612 F DEBUG   :     x28 0000000000000400  x29 00000071319debb0
07-07 20:53:48.577  6612  6612 F DEBUG   :     lr  00000070292d1450  sp  00000071319deb90  pc  0000007113cdef34  pst 0000000000000000
07-07 20:53:48.577  6612  6612 F DEBUG   : backtrace:
07-07 20:53:48.577  6612  6612 F DEBUG   :       #00 pc 0000000000075f34  /apex/com.android.runtime/lib64/bionic/libc.so (syscall+36) (BuildId: bbbdeb7c87c74f1491f92c6e605095b0)
07-07 20:53:48.577  6612  6612 F DEBUG   :       #01 pc 000000000606e44c  /data/app/~~h2NsNJB8n0sBE9tyQ9jBbA==/com.google.android.webview--L42KdbmkggNRJB1C0ly8w==/base.apk!libwebviewchromium.so (BuildId: f8315c85f842e9718c8d5cac468cee070328b05c)
07-07 20:53:48.577  6612  6612 F DEBUG   :       #02 pc 0000000006064ca8  /data/app/~~h2NsNJB8n0sBE9tyQ9jBbA==/com.google.android.webview--L42KdbmkggNRJB1C0ly8w==/base.apk!libwebviewchromium.so (BuildId: f8315c85f842e9718c8d5cac468cee070328b05c)
07-07 20:53:48.577  6612  6612 F DEBUG   :       #03 pc 000000000729d1dc  /data/app/~~e4KVAOqRZcwQoNzGZ_FEZg==/com.vibekey.keyboard-qmpPCqxvAE0SnOf5-nmfXg==/lib/arm64/libxul.so (BuildId: 4a35ccb91ce54a7d8afe95f435ee2ee2cc640e58)
07-07 20:53:48.577  6612  6612 F DEBUG   :       #04 pc 0000000007721500  /data/app/~~e4KVAOqRZcwQoNzGZ_FEZg==/com.vibekey.keyboard-qmpPCqxvAE0SnOf5-nmfXg==/lib/arm64/libxul.so (BuildId: 4a35ccb91ce54a7d8afe95f435ee2ee2cc640e58)
07-07 20:53:48.577  6612  6612 F DEBUG   :       #05 pc 00000000000070a0  /apex/com.android.art/lib64/libsigchain.so (art::SignalChain::Handler(int, siginfo*, void*)+1152) (BuildId: b6eee6262e0caa13108e99cc46dd5b5d)
07-07 20:53:48.577  6612  6612 F DEBUG   :       #06 pc 0000000000000638  [vdso] (__kernel_rt_sigreturn+0)
07-07 20:53:48.577  6612  6612 F DEBUG   :       #07 pc 00000000000a3d58  /data/app/~~e4KVAOqRZcwQoNzGZ_FEZg==/com.vibekey.keyboard-qmpPCqxvAE0SnOf5-nmfXg==/lib/arm64/libjni_latinime.so (BuildId: f905dbd1a904967a994cf833116e517b05caa863)
07-07 20:53:48.577  6612  6612 F DEBUG   :       #08 pc 00000000002c23a0  /apex/com.android.art/lib64/libart.so (art_quick_generic_jni_trampoline+144) (BuildId: cecb684d19b4f44ee3cbd66142c315f4)
07-07 20:53:48.577  6612  6612 F DEBUG   :       #09 pc 000000000072b39c  /apex/com.android.art/lib64/libart.so (nterp_helper+780) (BuildId: cecb684d19b4f44ee3cbd66142c315f4)
07-07 20:53:48.577  6612  6612 F DEBUG   :       #10 pc 00000000002296d2  /data/app/~~e4KVAOqRZcwQoNzGZ_FEZg==/com.vibekey.keyboard-qmpPCqxvAE0SnOf5-nmfXg==/oat/arm64/base.vdex (com.android.inputmethod.latin.DicTraverseSession.a+22)
07-07 20:53:48.577  6612  6612 F DEBUG   :       #11 pc 000000000072b884  /apex/com.android.art/lib64/libart.so (nterp_helper+2036) (BuildId: cecb684d19b4f44ee3cbd66142c315f4)
07-07 20:53:48.577  6612  6612 F DEBUG   :       #12 pc 0000000000229268  /data/app/~~e4KVAOqRZcwQoNzGZ_FEZg==/com.vibekey.keyboard-qmpPCqxvAE0SnOf5-nmfXg==/oat/arm64/base.vdex (com.android.inputmethod.latin.BinaryDictionary.a+44)
07-07 20:53:48.577  6612  6612 F DEBUG   :       #13 pc 000000000072b884  /apex/com.android.art/lib64/libart.so (nterp_helper+2036) (BuildId: cecb684d19b4f44ee3cbd66142c315f4)
07-07 20:53:48.577  6612  6612 F DEBUG   :       #14 pc 0000000000229394  /data/app/~~e4KVAOqRZcwQoNzGZ_FEZg==/com.vibekey.keyboard-qmpPCqxvAE0SnOf5-nmfXg==/oat/arm64/base.vdex (com.android.inputmethod.latin.BinaryDictionary.l+44)
07-07 20:53:48.577  6612  6612 F DEBUG   :       #15 pc 000000000072b884  /apex/com.android.art/lib64/libart.so (nterp_helper+2036) (BuildId: cecb684d19b4f44ee3cbd66142c315f4)
07-07 20:53:48.577  6612  6612 F DEBUG   :       #16 pc 0000000000ae6f82  /data/app/~~e4KVAOqRZcwQoNzGZ_FEZg==/com.vibekey.keyboard-qmpPCqxvAE0SnOf5-nmfXg==/oat/arm64/base.vdex (v7.g.run+238)
07-07 20:53:48.577  6612  6612 F DEBUG   :       #17 pc 000000000072b884  /apex/com.android.art/lib64/libart.so (nterp_helper+2036) (BuildId: cecb684d19b4f44ee3cbd66142c315f4)
07-07 20:53:48.577  6612  6612 F DEBUG   :       #18 pc 0000000000939870  /data/app/~~e4KVAOqRZcwQoNzGZ_FEZg==/com.vibekey.keyboard-qmpPCqxvAE0SnOf5-nmfXg==/oat/arm64/base.vdex (a8.y0.run+128)
07-07 20:53:48.577  6612  6612 F DEBUG   :       #19 pc 00000000022d0430  /memfd:jit-zygote-cache (deleted)
07-07 20:53:49.940  6638  6638 E ibekey.keyboar: Unknown bits set in runtime_flags: 0x40000000
07-07 20:53:50.222  6638  6638 W g0      : Could not load system glide typing library jni_latinimegoogle: dlopen failed: library "libjni_latinimegoogle.so" not found
07-07 20:53:50.461  6638  6638 W t       : No editor info for this field. Bug?
07-07 20:53:50.497  6638  6638 I VkMultilingual: reset main=pt-BR locales=[pt,it] count=2
07-07 20:53:50.550  6638  6638 W ibekey.keyboar: ClassLoaderContext classpath size mismatch. expected=1, found=0 (DLC[];PCL[base.apk*591061798]{PCL[/system/framework/org.apache.http.legacy.jar*3034548894]#PCL[/apex/com.android.extservices/javalib/android.ext.adservices.jar*4107572224]#PCL[/system/framework/com.android.location.provider.jar*3633238672]#PCL[/system/framework/com.android.media.remotedisplay.jar*3472798123]#PCL[/apex/com.android.extservices/javalib/android.ext.adservices.jar*4107572224]} | DLC[];PCL[])
07-07 20:53:50.575  6638  6638 W System  : ClassLoader referenced unknown path: 
07-07 20:53:50.596  6638  6638 W ibekey.keyboar: ClassLoaderContext classpath element checksum mismatch. expected=591061798, found=2765937886 (DLC[];PCL[base.apk*591061798]{PCL[/system/framework/org.apache.http.legacy.jar*3034548894]#PCL[/apex/com.android.extservices/javalib/android.ext.adservices.jar*4107572224]#PCL[/system/framework/com.android.location.provider.jar*3633238672]#PCL[/system/framework/com.android.media.remotedisplay.jar*3472798123]#PCL[/apex/com.android.extservices/javalib/android.ext.adservices.jar*4107572224]} | DLC[];PCL[/data/app/~~e4KVAOqRZcwQoNzGZ_FEZg==/com.vibekey.keyboard-qmpPCqxvAE0SnOf5-nmfXg==/base.apk*2765937886]{PCL[/apex/com.android.extservices/javalib/android.ext.adservices.jar*4107572224]})
07-07 20:53:50.764  6638  6689 W Ads     : Update ad debug logging enablement as false
07-07 20:53:50.789  6638  6638 E MultiApp.Impl: OplusMultiAppImpl
07-07 20:53:50.849  6638  6638 W libc    : Access denied finding property "ro.vendor.api_level"
07-07 20:53:50.850  6638  6638 W chromium: [WARNING:android_webview/browser/network_service/net_helpers.cc:137] HTTP Cache size is: 20971520
07-07 20:53:50.917  6638  6765 W libc    : Access denied finding property "vendor.camera.aux.packagelist"
07-07 20:53:50.917  6638  6765 W libc    : Access denied finding property "vendor.camera.aux.packagelist"
07-07 20:53:50.918  6638  6652 W libc    : Access denied finding property "vendor.camera.aux.packagelist"
07-07 20:53:50.919  6638  6638 E ibekey.keyboar: ofbOpen failed with error=No such file or directory
07-07 20:53:50.919  6638  6638 E ibekey.keyboar: sysOpen failed with error=No such file or directory
07-07 20:53:50.922  6638  6661 W FeatureFlagsImplExport: java.lang.NoClassDefFoundError: Class not found using the boot class loader; no stack trace available
07-07 20:53:50.953  6638  6737 W cr_media: BLUETOOTH_CONNECT permission is missing.
07-07 20:53:50.955  6638  6737 W cr_media: getBluetoothAdapter() requires BLUETOOTH permission
07-07 20:53:50.955  6638  6737 W cr_media: registerBluetoothIntentsIfNeeded: Requires BLUETOOTH permission
07-07 20:53:51.028  6638  6638 I VkSwipe : ○ gesture canceled
07-07 20:53:51.044  6638  6638 E OplusCustomizeRestrictionManager: sInstance is null, start a new sInstance
07-07 20:53:51.063  6638  6638 I VkEffects: reload anim=scale blur=562px glow=false stickers=false
07-07 20:53:51.293  6638  6748 W AudioCapabilities: Unsupported mime audio/ffmpeg
07-07 20:53:51.294  6638  6748 W VideoCapabilities: Unsupported mime video/ffmpeg
07-07 20:53:51.294  6638  6748 W VideoCapabilities: Unrecognized profile/level 0/3 for video/mpeg2
07-07 20:53:51.295  6638  6748 W VideoCapabilities: Unrecognized profile/level 0/3 for video/mpeg2
07-07 20:53:51.296  6638  6638 W LayerDrawable: Invalid drawable added to LayerDrawable! Drawable already belongs to another owner but does not expose a constant state.
07-07 20:53:51.296  6638  6638 W LayerDrawable: java.lang.RuntimeException
07-07 20:53:51.296  6638  6638 W LayerDrawable: 	at android.graphics.drawable.LayerDrawable$ChildDrawable.<init>(LayerDrawable.java:1857)
07-07 20:53:51.296  6638  6638 W LayerDrawable: 	at android.graphics.drawable.LayerDrawable$LayerState.<init>(LayerDrawable.java:1977)
07-07 20:53:51.296  6638  6638 W LayerDrawable: 	at android.graphics.drawable.LayerDrawable.createConstantState(LayerDrawable.java:174)
07-07 20:53:51.296  6638  6638 W LayerDrawable: 	at android.graphics.drawable.LayerDrawable.mutate(LayerDrawable.java:1782)
07-07 20:53:51.296  6638  6638 W LayerDrawable: 	at helium314.keyboard.latin.InputView.g(r8-map-id-ad73b94404394bfc85426ccd0b1e70e5f0945155e663f3d0fd3f21863db96ca4:630)
07-07 20:53:51.296  6638  6638 W LayerDrawable: 	at p7.x.a(r8-map-id-ad73b94404394bfc85426ccd0b1e70e5f0945155e663f3d0fd3f21863db96ca4:232)
07-07 20:53:51.296  6638  6638 W LayerDrawable: 	at a8.t0.run(r8-map-id-ad73b94404394bfc85426ccd0b1e70e5f0945155e663f3d0fd3f21863db96ca4:279)
07-07 20:53:51.296  6638  6638 W LayerDrawable: 	at helium314.keyboard.latin.InputView.f(r8-map-id-ad73b94404394bfc85426ccd0b1e70e5f0945155e663f3d0fd3f21863db96ca4:39)
07-07 20:53:51.296  6638  6638 W LayerDrawable: 	at i7.d0.a(r8-map-id-ad73b94404394bfc85426ccd0b1e70e5f0945155e663f3d0fd3f21863db96ca4:73)
07-07 20:53:51.296  6638  6638 W LayerDrawable: 	at a8.c1.invoke(r8-map-id-ad73b94404394bfc85426ccd0b1e70e5f0945155e663f3d0fd3f21863db96ca4:81)
07-07 20:53:51.296  6638  6638 W LayerDrawable: 	at i7.y.onLayoutChange(r8-map-id-ad73b94404394bfc85426ccd0b1e70e5f0945155e663f3d0fd3f21863db96ca4:13)
07-07 20:53:51.296  6638  6638 W LayerDrawable: 	at android.view.View.layout(View.java:23348)
07-07 20:53:51.296  6638  6638 W LayerDrawable: 	at android.view.ViewGroup.layout(ViewGroup.java:6505)
07-07 20:53:51.296  6638  6638 W LayerDrawable: 	at android.widget.FrameLayout.layoutChildren(FrameLayout.java:332)
07-07 20:53:51.296  6638  6638 W LayerDrawable: 	at android.widget.FrameLayout.onLayout(FrameLayout.java:270)
07-07 20:53:51.296  6638  6638 W LayerDrawable: 	at android.view.View.layout(View.java:23330)
07-07 20:53:51.296  6638  6638 W LayerDrawable: 	at android.view.ViewGroup.layout(ViewGroup.java:6505)
07-07 20:53:51.296  6638  6638 W LayerDrawable: 	at android.widget.LinearLayout.setChildFrame(LinearLayout.java:1841)
07-07 20:53:51.296  6638  6638 W LayerDrawable: 	at android.widget.LinearLayout.layoutVertical(LinearLayout.java:1673)
07-07 20:53:51.296  6638  6638 W LayerDrawable: 	at android.widget.LinearLayout.onLayout(LinearLayout.java:1582)
07-07 20:53:51.296  6638  6638 W LayerDrawable: 	at android.view.View.layout(View.java:23330)
07-07 20:53:51.296  6638  6638 W LayerDrawable: 	at android.view.ViewGroup.layout(ViewGroup.java:6505)
07-07 20:53:51.296  6638  6638 W LayerDrawable: 	at android.widget.FrameLayout.layoutChildren(FrameLayout.java:332)
07-07 20:53:51.296  6638  6638 W LayerDrawable: 	at android.widget.FrameLayout.onLayout(FrameLayout.java:270)
07-07 20:53:51.296  6638  6638 W LayerDrawable: 	at android.view.View.layout(View.java:23330)
07-07 20:53:51.296  6638  6638 W LayerDrawable: 	at android.view.ViewGroup.layout(ViewGroup.java:6505)
07-07 20:53:51.296  6638  6638 W LayerDrawable: 	at android.widget.LinearLayout.setChildFrame(LinearLayout.java:1841)
07-07 20:53:51.296  6638  6638 W LayerDrawable: 	at android.widget.LinearLayout.layoutVertical(LinearLayout.java:1673)
07-07 20:53:51.296  6638  6638 W LayerDrawable: 	at android.widget.LinearLayout.onLayout(LinearLayout.java:1582)
07-07 20:53:51.296  6638  6638 W LayerDrawable: 	at android.view.View.layout(View.java:23330)
07-07 20:53:51.296  6638  6638 W LayerDrawable: 	at android.view.ViewGroup.layout(ViewGroup.java:6505)
07-07 20:53:51.296  6638  6638 W LayerDrawable: 	at android.widget.FrameLayout.layoutChildren(FrameLayout.java:332)
07-07 20:53:51.296  6638  6638 W LayerDrawable: 	at android.widget.FrameLayout.onLayout(FrameLayout.java:270)
