=== VibeKey 4.1.269 (4369) ===

--------- beginning of system
06-10 20:52:45.681 21139 21139 E OplusCustomizeRestrictionManager: sInstance is null, start a new sInstance
06-10 20:53:31.644 21139 21991 E ActivityThread: Failed to find provider info for com.oplus.statistics.provider
06-10 20:53:31.644 21139 21991 E OplusStatistics--: IllegalArgumentException:java.lang.IllegalArgumentException: Unknown URL content://com.oplus.statistics.provider/track_event
06-10 20:54:01.365 21139 21991 E ActivityThread: Failed to find provider info for com.oplus.statistics.provider
06-10 20:54:01.365 21139 21991 E OplusStatistics--: IllegalArgumentException:java.lang.IllegalArgumentException: Unknown URL content://com.oplus.statistics.provider/track_event
--------- beginning of crash
06-10 20:54:43.628 21139 21495 F libc    : Fatal signal 7 (SIGBUS), code 2 (BUS_ADRERR), fault addr 0x75bab09148 in tid 21495 (d), pid 21139 (AndroidUI)
06-10 20:54:45.075 22322 22322 F DEBUG   : Process name is com.vibekey.keyboard, not key_process
06-10 20:54:45.075 22322 22322 F DEBUG   : keyProcess: 0
06-10 20:54:45.075 22322 22322 F DEBUG   : *** *** *** *** *** *** *** *** *** *** *** *** *** *** *** ***
06-10 20:54:45.075 22322 22322 F DEBUG   : Build fingerprint: 'OnePlus/OnePlus7Pro/OnePlus7Pro:12/SKQ1.211113.001/P.202303230244:user/release-keys'
06-10 20:54:45.075 22322 22322 F DEBUG   : Revision: '0'
06-10 20:54:45.075 22322 22322 F DEBUG   : ABI: 'arm64'
06-10 20:54:45.075 22322 22322 F DEBUG   : Timestamp: 2026-06-10 20:54:44.005713456-0400
06-10 20:54:45.075 22322 22322 F DEBUG   : Process uptime: 0s
06-10 20:54:45.075 22322 22322 F DEBUG   : Cmdline: com.vibekey.keyboard
06-10 20:54:45.075 22322 22322 F DEBUG   : pid: 21139, tid: 21495, name: d  >>> com.vibekey.keyboard <<<
06-10 20:54:45.075 22322 22322 F DEBUG   : uid: 14038
06-10 20:54:45.075 22322 22322 F DEBUG   : signal 7 (SIGBUS), code 2 (BUS_ADRERR), fault addr 0x75bab09148
06-10 20:54:45.075 22322 22322 F DEBUG   :     x0  0000000000000000  x1  00000000000053f7  x2  0000000000000007  x3  000000766e3c3da0
06-10 20:54:45.075 22322 22322 F DEBUG   :     x4  000000766e3c36a8  x5  000000766e3c36a8  x6  000000766e3c36a8  x7  0000000000000000
06-10 20:54:45.075 22322 22322 F DEBUG   :     x8  00000000000000f0  x9  db746b027190efc7  x10 0000000000004001  x11 0000000000000000
06-10 20:54:45.075 22322 22322 F DEBUG   :     x12 00000000ffffffff  x13 0000000000000000  x14 0000000000000200  x15 0000000000000008
06-10 20:54:45.075 22322 22322 F DEBUG   :     x16 000000757ca3ad18  x17 00000076790b8f10  x18 00000074e0876000  x19 0000000000000007
06-10 20:54:45.075 22322 22322 F DEBUG   :     x20 000000766e3c3da0  x21 0000000000005293  x22 000000766e3c3d00  x23 0000000000000001
06-10 20:54:45.075 22322 22322 F DEBUG   :     x24 b400006db6818b80  x25 b4000075cb882c10  x26 0000000000075080  x27 b400006db680df00
06-10 20:54:45.075 22322 22322 F DEBUG   :     x28 0000000000000000  x29 000000766e3c3d20
06-10 20:54:45.075 22322 22322 F DEBUG   :     lr  0000007576c697f8  sp  000000766e3c3d00  pc  00000076790b8f34  pst 0000000000000000
06-10 20:54:45.075 22322 22322 F DEBUG   : backtrace:
06-10 20:54:45.075 22322 22322 F DEBUG   :       #00 pc 0000000000075f34  /apex/com.android.runtime/lib64/bionic/libc.so (syscall+36) (BuildId: bbbdeb7c87c74f1491f92c6e605095b0)
06-10 20:54:45.075 22322 22322 F DEBUG   :       #01 pc 00000000040587f4  /data/app/~~ukACh23KqzhC02schODZ5g==/com.google.android.webview-qsLJ1HFxFSLtbdE1YBqHuA==/base.apk!libwebviewchromium.so (BuildId: f4154d1d3a9b37880ffb62018a1d86e977877475)
06-10 20:54:45.075 22322 22322 F DEBUG   :       #02 pc 000000000404ef70  /data/app/~~ukACh23KqzhC02schODZ5g==/com.google.android.webview-qsLJ1HFxFSLtbdE1YBqHuA==/base.apk!libwebviewchromium.so (BuildId: f4154d1d3a9b37880ffb62018a1d86e977877475)
06-10 20:54:45.075 22322 22322 F DEBUG   :       #03 pc 0000000000000638  [vdso] (__kernel_rt_sigreturn+0)
06-10 20:54:45.075 22322 22322 F DEBUG   :       #04 pc 00000000000b62f4  /data/app/~~Vdrz88rGOlKQ5iN0vu7IQw==/com.vibekey.keyboard-C66c1TKdpXy_D75elHEQGg==/lib/arm64/libjni_latinime.so (latinime::PatriciaTrieReadingUtils::getPtNodeArraySizeAndAdvancePosition(unsigned char const*, int, int*)+44) (BuildId: f905dbd1a904967a994cf833116e517b05caa863)
06-10 20:54:45.075 22322 22322 F DEBUG   :       #05 pc 00000000000b6c2c  /data/app/~~Vdrz88rGOlKQ5iN0vu7IQw==/com.vibekey.keyboard-C66c1TKdpXy_D75elHEQGg==/lib/arm64/libjni_latinime.so (latinime::PatriciaTriePolicy::createAndGetAllChildDicNodes(latinime::DicNode const*, latinime::DicNodeVector*) const+112) (BuildId: f905dbd1a904967a994cf833116e517b05caa863)
06-10 20:54:45.075 22322 22322 F DEBUG   :       #06 pc 00000000000d598c  /data/app/~~Vdrz88rGOlKQ5iN0vu7IQw==/com.vibekey.keyboard-C66c1TKdpXy_D75elHEQGg==/lib/arm64/libjni_latinime.so (latinime::Suggest::processDicNodeAsOmission(latinime::DicTraverseSession*, latinime::DicNode*) const+84) (BuildId: f905dbd1a904967a994cf833116e517b05caa863)
06-10 20:54:45.075 22322 22322 F DEBUG   :       #07 pc 00000000000d4a88  /data/app/~~Vdrz88rGOlKQ5iN0vu7IQw==/com.vibekey.keyboard-C66c1TKdpXy_D75elHEQGg==/lib/arm64/libjni_latinime.so (latinime::Suggest::expandCurrentDicNodes(latinime::DicTraverseSession*) const+1732) (BuildId: f905dbd1a904967a994cf833116e517b05caa863)
06-10 20:54:45.075 22322 22322 F DEBUG   :       #08 pc 00000000000d3c0c  /data/app/~~Vdrz88rGOlKQ5iN0vu7IQw==/com.vibekey.keyboard-C66c1TKdpXy_D75elHEQGg==/lib/arm64/libjni_latinime.so (latinime::Suggest::getSuggestions(latinime::ProximityInfo*, void*, int*, int*, int*, int*, int*, int, float, latinime::SuggestionResults*) const+504) (BuildId: f905dbd1a904967a994cf833116e517b05caa863)
06-10 20:54:45.075 22322 22322 F DEBUG   :       #09 pc 000000000009fd88  /data/app/~~Vdrz88rGOlKQ5iN0vu7IQw==/com.vibekey.keyboard-C66c1TKdpXy_D75elHEQGg==/lib/arm64/libjni_latinime.so (BuildId: f905dbd1a904967a994cf833116e517b05caa863)
06-10 20:54:45.075 22322 22322 F DEBUG   :       #10 pc 00000000002c2100  /apex/com.android.art/lib64/libart.so (art_quick_generic_jni_trampoline+144) (BuildId: 7087b2f2160bfbf3335d54ba9779e325)
06-10 20:54:45.075 22322 22322 F DEBUG   :       #11 pc 00000000020e86dc  /memfd:jit-cache (deleted)
06-10 20:54:47.838 22367 22367 E OplusCustomizeRestrictionManager: sInstance is null, start a new sInstance
06-10 20:56:07.097 22367 24228 E ActivityThread: Failed to find provider info for com.oplus.statistics.provider
06-10 20:56:07.097 22367 24228 E OplusStatistics--: IllegalArgumentException:java.lang.IllegalArgumentException: Unknown URL content://com.oplus.statistics.provider/track_event
06-10 20:56:14.065 22367 22402 F libc    : Fatal signal 7 (SIGBUS), code 2 (BUS_ADRERR), fault addr 0x76665e570c in tid 22402 (d), pid 22367 (AndroidUI)
06-10 20:56:15.106 24500 24500 F DEBUG   : Process name is com.vibekey.keyboard, not key_process
06-10 20:56:15.106 24500 24500 F DEBUG   : keyProcess: 0
06-10 20:56:15.106 24500 24500 F DEBUG   : *** *** *** *** *** *** *** *** *** *** *** *** *** *** *** ***
06-10 20:56:15.106 24500 24500 F DEBUG   : Build fingerprint: 'OnePlus/OnePlus7Pro/OnePlus7Pro:12/SKQ1.211113.001/P.202303230244:user/release-keys'
06-10 20:56:15.106 24500 24500 F DEBUG   : Revision: '0'
06-10 20:56:15.106 24500 24500 F DEBUG   : ABI: 'arm64'
06-10 20:56:15.106 24500 24500 F DEBUG   : Timestamp: 2026-06-10 20:56:14.359583682-0400
06-10 20:56:15.106 24500 24500 F DEBUG   : Process uptime: 0s
06-10 20:56:15.106 24500 24500 F DEBUG   : Cmdline: com.vibekey.keyboard
06-10 20:56:15.106 24500 24500 F DEBUG   : pid: 22367, tid: 22402, name: d  >>> com.vibekey.keyboard <<<
06-10 20:56:15.106 24500 24500 F DEBUG   : uid: 14038
06-10 20:56:15.106 24500 24500 F DEBUG   : signal 7 (SIGBUS), code 2 (BUS_ADRERR), fault addr 0x76665e570c
06-10 20:56:15.106 24500 24500 F DEBUG   :     x0  0000000000000000  x1  0000000000005782  x2  0000000000000007  x3  000000768a7feda0
06-10 20:56:15.106 24500 24500 F DEBUG   :     x4  000000768a7fe6a8  x5  000000768a7fe6a8  x6  000000768a7fe6a8  x7  0000000000000000
06-10 20:56:15.106 24500 24500 F DEBUG   :     x8  00000000000000f0  x9  db746b027190efc7  x10 0000000000004001  x11 0000000000000000
06-10 20:56:15.106 24500 24500 F DEBUG   :     x12 00000000ffffffff  x13 0000000000000000  x14 000000000000001f  x15 00000076665dc2cf
06-10 20:56:15.106 24500 24500 F DEBUG   :     x16 000000757ca3ad18  x17 00000076790b8f10  x18 000000755db58000  x19 0000000000000007
06-10 20:56:15.106 24500 24500 F DEBUG   :     x20 000000768a7feda0  x21 000000000000575f  x22 000000768a7fed00  x23 0000000000000001
06-10 20:56:15.106 24500 24500 F DEBUG   :     x24 00000075dbdb0000  x25 00000075dbdade50  x26 00000075dbdade84  x27 0000000000000001
06-10 20:56:15.106 24500 24500 F DEBUG   :     x28 00000075dbdae438  x29 000000768a7fed20
06-10 20:56:15.106 24500 24500 F DEBUG   :     lr  0000007576c697f8  sp  000000768a7fed00  pc  00000076790b8f34  pst 0000000000000000
06-10 20:56:15.106 24500 24500 F DEBUG   : backtrace:
06-10 20:56:15.106 24500 24500 F DEBUG   :       #00 pc 0000000000075f34  /apex/com.android.runtime/lib64/bionic/libc.so (syscall+36) (BuildId: bbbdeb7c87c74f1491f92c6e605095b0)
06-10 20:56:15.106 24500 24500 F DEBUG   :       #01 pc 00000000040587f4  /data/app/~~ukACh23KqzhC02schODZ5g==/com.google.android.webview-qsLJ1HFxFSLtbdE1YBqHuA==/base.apk!libwebviewchromium.so (BuildId: f4154d1d3a9b37880ffb62018a1d86e977877475)
06-10 20:56:15.106 24500 24500 F DEBUG   :       #02 pc 000000000404ef70  /data/app/~~ukACh23KqzhC02schODZ5g==/com.google.android.webview-qsLJ1HFxFSLtbdE1YBqHuA==/base.apk!libwebviewchromium.so (BuildId: f4154d1d3a9b37880ffb62018a1d86e977877475)
06-10 20:56:15.106 24500 24500 F DEBUG   :       #03 pc 0000000000000638  [vdso] (__kernel_rt_sigreturn+0)
06-10 20:56:15.106 24500 24500 F DEBUG   :       #04 pc 00000000000b62f4  /data/app/~~Vdrz88rGOlKQ5iN0vu7IQw==/com.vibekey.keyboard-C66c1TKdpXy_D75elHEQGg==/lib/arm64/libjni_latinime.so (latinime::PatriciaTrieReadingUtils::getPtNodeArraySizeAndAdvancePosition(unsigned char const*, int, int*)+44) (BuildId: f905dbd1a904967a994cf833116e517b05caa863)
06-10 20:56:15.106 24500 24500 F DEBUG   :       #05 pc 00000000000b8b34  /data/app/~~Vdrz88rGOlKQ5iN0vu7IQw==/com.vibekey.keyboard-C66c1TKdpXy_D75elHEQGg==/lib/arm64/libjni_latinime.so (latinime::Ver2PtNodeArrayReader::readPtNodeArrayInfoAndReturnIfValid(int, int*, int*) const+80) (BuildId: f905dbd1a904967a994cf833116e517b05caa863)
06-10 20:56:15.106 24500 24500 F DEBUG   :       #06 pc 00000000000b4ce8  /data/app/~~Vdrz88rGOlKQ5iN0vu7IQw==/com.vibekey.keyboard-C66c1TKdpXy_D75elHEQGg==/lib/arm64/libjni_latinime.so (latinime::DynamicPtReadingHelper::nextPtNodeArray()+68) (BuildId: f905dbd1a904967a994cf833116e517b05caa863)
06-10 20:56:15.106 24500 24500 F DEBUG   :       #07 pc 00000000000b4c3c  /data/app/~~Vdrz88rGOlKQ5iN0vu7IQw==/com.vibekey.keyboard-C66c1TKdpXy_D75elHEQGg==/lib/arm64/libjni_latinime.so (latinime::DynamicPtReadingHelper::getTerminalPtNodePositionOfWord(int const*, unsigned long, bool)+432) (BuildId: f905dbd1a904967a994cf833116e517b05caa863)
06-10 20:56:15.106 24500 24500 F DEBUG   :       #08 pc 00000000000b7324  /data/app/~~Vdrz88rGOlKQ5iN0vu7IQw==/com.vibekey.keyboard-C66c1TKdpXy_D75elHEQGg==/lib/arm64/libjni_latinime.so (latinime::PatriciaTriePolicy::getWordId(latinime::IntArrayView, bool) const+184) (BuildId: f905dbd1a904967a994cf833116e517b05caa863)
06-10 20:56:15.106 24500 24500 F DEBUG   :       #09 pc 00000000000a7d54  /data/app/~~Vdrz88rGOlKQ5iN0vu7IQw==/com.vibekey.keyboard-C66c1TKdpXy_D75elHEQGg==/lib/arm64/libjni_latinime.so (latinime::NgramContext::getWordId(latinime::DictionaryStructureWithBufferPolicy const*, int const*, int, bool, bool)+232) (BuildId: f905dbd1a904967a994cf833116e517b05caa863)
06-10 20:56:15.106 24500 24500 F DEBUG   :       #10 pc 00000000000d337c  /data/app/~~Vdrz88rGOlKQ5iN0vu7IQw==/com.vibekey.keyboard-C66c1TKdpXy_D75elHEQGg==/lib/arm64/libjni_latinime.so (latinime::DicTraverseSession::init(latinime::Dictionary const*, latinime::NgramContext const*, latinime::SuggestOptions const*)+124) (BuildId: f905dbd1a904967a994cf833116e517b05caa863)
06-10 20:56:15.106 24500 24500 F DEBUG   :       #11 pc 00000000000c8bd0  /data/app/~~Vdrz88rGOlKQ5iN0vu7IQw==/com.vibekey.keyboard-C66c1TKdpXy_D75elHEQGg==/lib/arm64/libjni_latinime.so (latinime::Dictionary::getSuggestions(latinime::ProximityInfo*, latinime::DicTraverseSession*, int*, int*, int*, int*, int*, int, latinime::NgramContext const*, latinime::SuggestOptions const*, float, latinime::SuggestionResults*) const+104) (BuildId: f905dbd1a904967a994cf833116e517b05caa863)
06-10 20:56:15.106 24500 24500 F DEBUG   :       #12 pc 000000000009fd88  /data/app/~~Vdrz88rGOlKQ5iN0vu7IQw==/com.vibekey.keyboard-C66c1TKdpXy_D75elHEQGg==/lib/arm64/libjni_latinime.so (BuildId: f905dbd1a904967a994cf833116e517b05caa863)
06-10 20:56:15.106 24500 24500 F DEBUG   :       #13 pc 00000000002c2100  /apex/com.android.art/lib64/libart.so (art_quick_generic_jni_trampoline+144) (BuildId: 7087b2f2160bfbf3335d54ba9779e325)
06-10 20:56:15.106 24500 24500 F DEBUG   :       #14 pc 00000000020395dc  /memfd:jit-cache (deleted)
06-10 20:56:16.887 24547 24547 E OplusCustomizeRestrictionManager: sInstance is null, start a new sInstance
06-10 20:56:48.167 24547 24593 F libc    : Fatal signal 11 (SIGSEGV), code 1 (SEGV_MAPERR), fault addr 0xffffff00000054 in tid 24593 (ExecutorUtils), pid 24547 (AndroidUI)
06-10 20:56:49.417 25125 25125 F DEBUG   : Process name is com.vibekey.keyboard, not key_process
06-10 20:56:49.417 25125 25125 F DEBUG   : keyProcess: 0
06-10 20:56:49.417 25125 25125 F DEBUG   : *** *** *** *** *** *** *** *** *** *** *** *** *** *** *** ***
06-10 20:56:49.417 25125 25125 F DEBUG   : Build fingerprint: 'OnePlus/OnePlus7Pro/OnePlus7Pro:12/SKQ1.211113.001/P.202303230244:user/release-keys'
06-10 20:56:49.417 25125 25125 F DEBUG   : Revision: '0'
06-10 20:56:49.417 25125 25125 F DEBUG   : ABI: 'arm64'
06-10 20:56:49.417 25125 25125 F DEBUG   : Timestamp: 2026-06-10 20:56:48.448446221-0400
06-10 20:56:49.417 25125 25125 F DEBUG   : Process uptime: 0s
06-10 20:56:49.417 25125 25125 F DEBUG   : Cmdline: com.vibekey.keyboard
06-10 20:56:49.417 25125 25125 F DEBUG   : pid: 24547, tid: 24593, name: ExecutorUtils  >>> com.vibekey.keyboard <<<
06-10 20:56:49.417 25125 25125 F DEBUG   : uid: 14038
06-10 20:56:49.417 25125 25125 F DEBUG   : signal 11 (SIGSEGV), code 1 (SEGV_MAPERR), fault addr 0xffffff00000054
06-10 20:56:49.417 25125 25125 F DEBUG   :     x0  0000000000000000  x1  0000000000006011  x2  000000000000000b  x3  000000767ef82da0
06-10 20:56:49.417 25125 25125 F DEBUG   :     x4  0000007694d1c400  x5  0000007694d1c400  x6  0000007694d1c400  x7  0000000000000000
06-10 20:56:49.417 25125 25125 F DEBUG   :     x8  00000000000000f0  x9  db746b027190efc7  x10 0000007696b4068c  x11 0000000000000000
06-10 20:56:49.417 25125 25125 F DEBUG   :     x12 00000000ffffffff  x13 0000000000000000  x14 0000000000000000  x15 00000000ebad6a89
06-10 20:56:49.417 25125 25125 F DEBUG   :     x16 000000757ca3ad18  x17 00000076790b8f10  x18 0000007528ae8000  x19 000000000000000b
06-10 20:56:49.417 25125 25125 F DEBUG   :     x20 000000767ef82da0  x21 0000000000005fe3  x22 000000767ef82b90  x23 0000000000000001
06-10 20:56:49.417 25125 25125 F DEBUG   :     x24 000000755fb42d5c  x25 000000755f887000  x26 0000007694d1d698  x27 0000007694d1c408
06-10 20:56:49.417 25125 25125 F DEBUG   :     x28 0000000000000400  x29 000000767ef82bb0
06-10 20:56:49.417 25125 25125 F DEBUG   :     lr  0000007576c697f8  sp  000000767ef82b90  pc  00000076790b8f34  pst 0000000000000000
06-10 20:56:49.417 25125 25125 F DEBUG   : backtrace:
06-10 20:56:49.417 25125 25125 F DEBUG   :       #00 pc 0000000000075f34  /apex/com.android.runtime/lib64/bionic/libc.so (syscall+36) (BuildId: bbbdeb7c87c74f1491f92c6e605095b0)
06-10 20:56:49.417 25125 25125 F DEBUG   :       #01 pc 00000000040587f4  /data/app/~~ukACh23KqzhC02schODZ5g==/com.google.android.webview-qsLJ1HFxFSLtbdE1YBqHuA==/base.apk!libwebviewchromium.so (BuildId: f4154d1d3a9b37880ffb62018a1d86e977877475)
06-10 20:56:49.417 25125 25125 F DEBUG   :       #02 pc 000000000404ef70  /data/app/~~ukACh23KqzhC02schODZ5g==/com.google.android.webview-qsLJ1HFxFSLtbdE1YBqHuA==/base.apk!libwebviewchromium.so (BuildId: f4154d1d3a9b37880ffb62018a1d86e977877475)
06-10 20:56:49.417 25125 25125 F DEBUG   :       #03 pc 000000000729d1dc  /data/app/~~Vdrz88rGOlKQ5iN0vu7IQw==/com.vibekey.keyboard-C66c1TKdpXy_D75elHEQGg==/lib/arm64/libxul.so (BuildId: 4a35ccb91ce54a7d8afe95f435ee2ee2cc640e58)
06-10 20:56:49.417 25125 25125 F DEBUG   :       #04 pc 0000000007721500  /data/app/~~Vdrz88rGOlKQ5iN0vu7IQw==/com.vibekey.keyboard-C66c1TKdpXy_D75elHEQGg==/lib/arm64/libxul.so (BuildId: 4a35ccb91ce54a7d8afe95f435ee2ee2cc640e58)
06-10 20:56:49.417 25125 25125 F DEBUG   :       #05 pc 0000000000006f94  /apex/com.android.art/lib64/libsigchain.so (art::SignalChain::Handler(int, siginfo*, void*)+1148) (BuildId: 1d71636c1517ecf3fa421563ba6710f3)
06-10 20:56:49.417 25125 25125 F DEBUG   :       #06 pc 0000000000000638  [vdso] (__kernel_rt_sigreturn+0)
06-10 20:56:49.417 25125 25125 F DEBUG   :       #07 pc 00000000000a3d58  /data/app/~~Vdrz88rGOlKQ5iN0vu7IQw==/com.vibekey.keyboard-C66c1TKdpXy_D75elHEQGg==/lib/arm64/libjni_latinime.so (BuildId: f905dbd1a904967a994cf833116e517b05caa863)
06-10 20:56:49.417 25125 25125 F DEBUG   :       #08 pc 00000000002c2100  /apex/com.android.art/lib64/libart.so (art_quick_generic_jni_trampoline+144) (BuildId: 7087b2f2160bfbf3335d54ba9779e325)
06-10 20:56:49.418 25125 25125 F DEBUG   :       #09 pc 0000000000668b6c  /apex/com.android.art/lib64/libart.so (nterp_helper+1948) (BuildId: 7087b2f2160bfbf3335d54ba9779e325)
06-10 20:56:49.418 25125 25125 F DEBUG   :       #10 pc 000000000021ff54  /data/app/~~Vdrz88rGOlKQ5iN0vu7IQw==/com.vibekey.keyboard-C66c1TKdpXy_D75elHEQGg==/oat/arm64/base.vdex (com.android.inputmethod.latin.DicTraverseSession.a+16)
06-10 20:56:49.418 25125 25125 F DEBUG   :       #11 pc 0000000000669324  /apex/com.android.art/lib64/libart.so (nterp_helper+3924) (BuildId: 7087b2f2160bfbf3335d54ba9779e325)
06-10 20:56:49.418 25125 25125 F DEBUG   :       #12 pc 000000000021faf0  /data/app/~~Vdrz88rGOlKQ5iN0vu7IQw==/com.vibekey.keyboard-C66c1TKdpXy_D75elHEQGg==/oat/arm64/base.vdex (com.android.inputmethod.latin.BinaryDictionary.a+44)
06-10 20:56:49.418 25125 25125 F DEBUG   :       #13 pc 0000000000669324  /apex/com.android.art/lib64/libart.so (nterp_helper+3924) (BuildId: 7087b2f2160bfbf3335d54ba9779e325)
06-10 20:56:49.418 25125 25125 F DEBUG   :       #14 pc 000000000021fc1c  /data/app/~~Vdrz88rGOlKQ5iN0vu7IQw==/com.vibekey.keyboard-C66c1TKdpXy_D75elHEQGg==/oat/arm64/base.vdex (com.android.inputmethod.latin.BinaryDictionary.l+44)
06-10 20:56:49.418 25125 25125 F DEBUG   :       #15 pc 0000000000669324  /apex/com.android.art/lib64/libart.so (nterp_helper+3924) (BuildId: 7087b2f2160bfbf3335d54ba9779e325)
06-10 20:56:49.418 25125 25125 F DEBUG   :       #16 pc 0000000000ad5612  /data/app/~~Vdrz88rGOlKQ5iN0vu7IQw==/com.vibekey.keyboard-C66c1TKdpXy_D75elHEQGg==/oat/arm64/base.vdex (v7.g.run+238)
06-10 20:56:49.418 25125 25125 F DEBUG   :       #17 pc 000000000066a144  /apex/com.android.art/lib64/libart.so (nterp_helper+7540) (BuildId: 7087b2f2160bfbf3335d54ba9779e325)
06-10 20:56:49.418 25125 25125 F DEBUG   :       #18 pc 00000000008f3748  /data/app/~~Vdrz88rGOlKQ5iN0vu7IQw==/com.vibekey.keyboard-C66c1TKdpXy_D75elHEQGg==/oat/arm64/base.vdex (a8.z0.run+276)
06-10 20:56:49.418 25125 25125 F DEBUG   :       #19 pc 00000000022d2950  /memfd:jit-zygote-cache (deleted)
--------- beginning of main
06-10 20:56:54.058 25167 25167 E ibekey.keyboar: Unknown bits set in runtime_flags: 0x40000000
06-10 20:56:54.186 25167 25167 W f0      : Could not load system glide typing library jni_latinimegoogle: dlopen failed: library "libjni_latinimegoogle.so" not found
06-10 20:56:54.285 25167 25167 W t       : No editor info for this field. Bug?
06-10 20:56:54.299 25167 25167 I VkMultilingual: reset main=pt-BR locales=[pt,es,fr] count=3
06-10 20:56:54.348 25167 25167 W ibekey.keyboar: ClassLoaderContext classpath size mismatch. expected=1, found=0 (DLC[];PCL[base.apk*116719914]{PCL[/system/framework/org.apache.http.legacy.jar*3034548894]#PCL[/apex/com.android.extservices/javalib/android.ext.adservices.jar*3839736497]#PCL[/system/framework/com.android.location.provider.jar*3633238672]#PCL[/system/framework/com.android.media.remotedisplay.jar*3472798123]#PCL[/apex/com.android.extservices/javalib/android.ext.adservices.jar*3839736497]} | DLC[];PCL[])
06-10 20:56:54.367 25167 25167 W System  : ClassLoader referenced unknown path: 
06-10 20:56:54.376 25167 25167 W ibekey.keyboar: ClassLoaderContext classpath element checksum mismatch. expected=116719914, found=3863339113 (DLC[];PCL[base.apk*116719914]{PCL[/system/framework/org.apache.http.legacy.jar*3034548894]#PCL[/apex/com.android.extservices/javalib/android.ext.adservices.jar*3839736497]#PCL[/system/framework/com.android.location.provider.jar*3633238672]#PCL[/system/framework/com.android.media.remotedisplay.jar*3472798123]#PCL[/apex/com.android.extservices/javalib/android.ext.adservices.jar*3839736497]} | DLC[];PCL[/data/app/~~Vdrz88rGOlKQ5iN0vu7IQw==/com.vibekey.keyboard-C66c1TKdpXy_D75elHEQGg==/base.apk*3863339113]{PCL[/apex/com.android.extservices/javalib/android.ext.adservices.jar*3839736497]})
06-10 20:56:54.581 25167 25167 E ibekey.keyboar: ofbOpen failed with error=No such file or directory
06-10 20:56:54.582 25167 25167 E ibekey.keyboar: sysOpen failed with error=No such file or directory
06-10 20:56:54.632 25167 25257 W Ads     : Update ad debug logging enablement as false
06-10 20:56:54.654 25167 25167 E MultiApp.Impl: OplusMultiAppImpl
06-10 20:56:54.725 25167 25167 W libc    : Access denied finding property "ro.vendor.api_level"
06-10 20:56:54.727 25167 25167 W chromium: [WARNING:android_webview/browser/network_service/net_helpers.cc:137] HTTP Cache size is: 20971520
06-10 20:56:54.801 25167 25323 W libc    : Access denied finding property "vendor.camera.aux.packagelist"
06-10 20:56:54.801 25167 25323 W libc    : Access denied finding property "vendor.camera.aux.packagelist"
06-10 20:56:54.802 25167 25275 W libc    : Access denied finding property "vendor.camera.aux.packagelist"
06-10 20:56:54.809 25167 25167 I VkSwipe : ○ gesture canceled
06-10 20:56:54.821 25167 25167 I VkEffects: reload anim=scale blur=562px glow=true stickers=true
06-10 20:56:54.823 25167 25167 E OplusCustomizeRestrictionManager: sInstance is null, start a new sInstance
06-10 20:56:54.916 25167 25167 I VkTyping: ▶ open restart=false pkg=com.android.launcher inputType=589825
06-10 20:56:55.081 25167 25295 W cr_media: BLUETOOTH_CONNECT permission is missing.
06-10 20:56:55.082 25167 25295 W cr_media: getBluetoothAdapter() requires BLUETOOTH permission
06-10 20:56:55.082 25167 25295 W cr_media: registerBluetoothIntentsIfNeeded: Requires BLUETOOTH permission
06-10 20:56:55.113 25167 25167 W View    : requestLayout() improperly called by android.widget.LinearLayout{c333b74 V.E...... ......ID 0,1868-1440,2818 #7f0a010d app:id/input_view_keyboard_column} during layout: running second layout pass
06-10 20:56:55.113 25167 25167 W View    : requestLayout() improperly called by android.widget.LinearLayout{da5d89d V.E...... ......ID 0,0-1440,950 #7f0a011c app:id/main_keyboard_frame} during layout: running second layout pass
06-10 20:56:55.251 25167 25307 W AudioCapabilities: Unsupported mime audio/ffmpeg
06-10 20:56:55.256 25167 25307 W VideoCapabilities: Unsupported mime video/ffmpeg
06-10 20:56:55.259 25167 25274 E BLASTBufferQueue: BLASTBufferItemConsumer::onDisconnect()
06-10 20:56:55.260 25167 25307 W VideoCapabilities: Unrecognized profile/level 0/3 for video/mpeg2
06-10 20:56:55.260 25167 25307 W VideoCapabilities: Unrecognized profile/level 0/3 for video/mpeg2
06-10 20:56:55.327 25167 25356 W Settings: Setting animator_duration_scale has moved from android.provider.Settings.System to android.provider.Settings.Global, returning read-only global URI.
06-10 20:56:55.336 25167 25356 E GeckoLibLoad: Load sqlite start
06-10 20:56:55.337 25167 25356 E GeckoLibLoad: Load sqlite done
06-10 20:56:55.337 25167 25356 E GeckoLibLoad: Load nss start
06-10 20:56:55.337 25167 25356 E GeckoLibLoad: Load nss done
06-10 20:56:55.373 25167 25356 E GeckoLibLoad: Loaded libs in 35.808281ms total, 0ms(113ms) user, 12ms(57ms) system, 2(2) faults
06-10 20:56:55.374 25167 25356 W GeckoThread: zerdatime 816258235 - runGecko
06-10 20:56:55.469 25167 25356 E ibekey.keyboar: hiddenapi: Accessing hidden field Ljava/lang/Boolean;->value:Z (runtime_flags=0, domain=core-platform, api=max-target-p) from Lorg/mozilla/gecko/GeckoThread; (domain=app, TargetSdkVersion=35) using JNI: denied
06-10 20:56:55.469 25167 25356 E ibekey.keyboar: hiddenapi: Accessing hidden field Ljava/lang/Integer;->value:I (runtime_flags=0, domain=core-platform, api=max-target-p) from Lorg/mozilla/gecko/GeckoThread; (domain=app, TargetSdkVersion=35) using JNI: denied
06-10 20:56:55.469 25167 25356 E ibekey.keyboar: hiddenapi: Accessing hidden field Ljava/lang/Long;->value:J (runtime_flags=0, domain=core-platform, api=max-target-p) from Lorg/mozilla/gecko/GeckoThread; (domain=app, TargetSdkVersion=35) using JNI: denied
06-10 20:56:55.469 25167 25356 E ibekey.keyboar: hiddenapi: Accessing hidden field Ljava/lang/Double;->value:D (runtime_flags=0, domain=core-platform, api=max-target-p) from Lorg/mozilla/gecko/GeckoThread; (domain=app, TargetSdkVersion=35) using JNI: denied
06-10 20:56:55.533 25401 25401 E .keyboard:tab2: Unknown bits set in runtime_flags: 0x40000000
06-10 20:56:55.653 21208 21227 I OnDeviceAssist: warm ok model=qwen2.5-0.5b-instruct-q4_0.gguf ambient=40 chars 0ms
06-10 20:56:56.174 25167 25167 W libc    : Access denied finding property "sys.oplus.radio.carrier.ringtone"
06-10 20:56:56.356 21208 22044 I OnDeviceAssist: warm ok model=qwen2.5-0.5b-instruct-q4_0.gguf ambient=40 chars 0ms
06-10 20:56:56.375 25167 25167 W libc    : Access denied finding property "sys.oplus.radio.carrier.ringtone"
06-10 20:56:56.424 25167 25235 W VibeKeyProfiler: Slow Native Suggest: Total=16.37ms | Init=0.03ms | TrieExpand(x16)=16.29ms | Scoring=0.05ms | inputSize=1
06-10 20:56:56.456 25167 25235 I VkSuggestions: decode typedLen=1 candidates=18 locales=3 57,5ms
06-10 20:56:56.456 25167 25235 W VkSuggestions: slow frame 57,5ms locales=3 typedLen=1 candidates=18 parallelWait=57,4ms
06-10 20:56:56.464 25167 25235 I VkSuggestions: decode typedLen=0 candidates=1 locales=3 1,4ms
06-10 20:56:56.465 25167 25235 I VkSuggestions: strip composing typedLen=1 candidates=12 autocorrect=false top=w locale=pt
06-10 20:56:56.544 25167 25167 W libc    : Access denied finding property "sys.oplus.radio.carrier.ringtone"
06-10 20:56:56.599 25167 25235 W VibeKeyProfiler: Slow Native Suggest: Total=9.68ms | Init=0.08ms | TrieExpand(x13)=9.54ms | Scoring=0.06ms | inputSize=2
06-10 20:56:56.615 25167 25235 W VibeKeyProfiler: Slow Native Suggest: Total=8.83ms | Init=0.06ms | TrieExpand(x13)=8.74ms | Scoring=0.02ms | inputSize=2
06-10 20:56:56.622 25167 25235 I VkSuggestions: decode typedLen=2 candidates=18 locales=3 34,7ms
06-10 20:56:56.623 25167 25235 W VkSuggestions: slow frame 34,7ms locales=3 typedLen=2 candidates=18 parallelWait=34,6ms
06-10 20:56:56.630 25167 25235 I VkSuggestions: strip composing typedLen=2 candidates=12 autocorrect=false top=wh locale=pt
06-10 20:56:56.661 25167 25167 W libc    : Access denied finding property "sys.oplus.radio.carrier.ringtone"
06-10 20:56:56.767 25167 25235 W VibeKeyProfiler: Slow Native Suggest: Total=10.91ms | Init=0.13ms | TrieExpand(x13)=10.73ms | Scoring=0.05ms | inputSize=3
06-10 20:56:56.785 25167 25235 W VibeKeyProfiler: Slow Native Suggest: Total=9.92ms | Init=0.11ms | TrieExpand(x13)=9.77ms | Scoring=0.04ms | inputSize=3
06-10 20:56:56.808 25167 25235 W VibeKeyProfiler: Slow Native Suggest: Total=11.27ms | Init=0.15ms | TrieExpand(x14)=11.07ms | Scoring=0.05ms | inputSize=3
06-10 20:56:56.809 25167 25235 I VkSuggestions: decode typedLen=3 candidates=18 locales=3 54,5ms
06-10 20:56:56.810 25167 25235 W VkSuggestions: slow frame 54,5ms locales=3 typedLen=3 candidates=18 parallelWait=54,1ms
06-10 20:56:56.814 25167 25235 I VkSuggestions: strip composing typedLen=3 candidates=15 autocorrect=false top=whi locale=pt
06-10 20:56:56.888 25167 25167 W libc    : Access denied finding property "sys.oplus.radio.carrier.ringtone"
06-10 20:56:56.959 25167 25235 W VibeKeyProfiler: Slow Native Suggest: Total=12.33ms | Init=0.26ms | TrieExpand(x13)=12.02ms | Scoring=0.04ms | inputSize=4
06-10 20:56:56.977 25167 25235 W VibeKeyProfiler: Slow Native Suggest: Total=10.30ms | Init=0.11ms | TrieExpand(x11)=10.15ms | Scoring=0.04ms | inputSize=4
06-10 20:56:56.998 25167 25235 W VibeKeyProfiler: Slow Native Suggest: Total=9.93ms | Init=0.10ms | TrieExpand(x13)=9.78ms | Scoring=0.05ms | inputSize=4
06-10 20:56:57.001 25167 25235 I VkSuggestions: decode typedLen=4 candidates=18 locales=3 55,6ms
06-10 20:56:57.002 25167 25235 W VkSuggestions: slow frame 55,6ms locales=3 typedLen=4 candidates=18 parallelWait=55,0ms
06-10 20:56:57.006 25167 25235 I VkSuggestions: strip composing typedLen=4 candidates=14 autocorrect=false top=whit locale=pt
06-10 20:56:57.137 25167 25235 I VkSuggestions: decode typedLen=5 candidates=18 locales=3 9,6ms
06-10 20:56:57.138 25167 25235 I VkSuggestions: strip composing typedLen=5 candidates=12 autocorrect=false top=white locale=pt
06-10 20:56:57.762 25167 25167 I VkAutocorrect: kept (typing): white
06-10 20:56:57.882 25167 25235 I VkSuggestions: strip prediction typedLen=0 candidates=3 autocorrect=false top=hola locale=pt
06-10 20:57:00.651 25167 25167 W RichInputConnection: Slow InputConnection: GET_WORD_RANGE_AT_CURSOR took 1252 ms.
06-10 20:57:00.660 25167 25235 I VkSuggestions: strip prediction typedLen=0 candidates=1 autocorrect=false top=hope locale=pt
06-10 20:57:01.253 25167 25167 W libc    : Access denied finding property "sys.oplus.radio.carrier.ringtone"
06-10 20:57:01.275 25167 25167 I VkPanels: ▶ open ai_theme
06-10 20:57:01.718 25167 25167 W libc    : Access denied finding property "sys.oplus.radio.carrier.ringtone"
06-10 20:57:02.626 25167 25167 W libc    : Access denied finding property "sys.oplus.radio.carrier.ringtone"
06-10 20:57:02.633 25167 25167 W libc    : Access denied finding property "sys.oplus.radio.carrier.ringtone"
06-10 20:57:02.635 25167 25167 W libc    : Access denied finding property "sys.oplus.radio.carrier.ringtone"
06-10 20:57:02.652 25167 25167 W libc    : Access denied finding property "sys.oplus.radio.carrier.ringtone"
06-10 20:57:04.568 25167 25740 E ibekey.keyboar: Attempt to load writable dex file: /data/user/0/com.vibekey.keyboard/app_pccache/5/C571D7DB2E7379E33F5626D87812BBADE73E9BAD/pcam.jar
06-10 20:57:04.591 25167 25167 I VkThemes: ▶ tap generate ref=false descLen=5
06-10 20:57:04.591 25167 25750 W Ads     : Invoke Firebase method getInstance error.
06-10 20:57:04.591 25167 25750 W Ads     : The Google Mobile Ads SDK will not integrate with Firebase. Admob/Firebase integration requires the latest Firebase SDK jar, but Firebase SDK is either missing or out of date
06-10 20:57:04.601 25167 25738 W ServiceBindIntentUtils: Dynamic lookup for intent failed for action: com.google.android.gms.ads.service.CACHE
06-10 20:57:04.630 25167 25767 W ServiceBindIntentUtils: Dynamic lookup for intent failed for action: com.google.android.gms.ads.service.START
06-10 20:57:04.685 25167 25760 W Ads     : Not retrying to fetch app settings
06-10 20:57:04.714 25167 25752 W Ads     : Not retrying to fetch app settings
06-10 20:57:04.735 25167 25167 I VkTyping: ○ hidden
06-10 20:57:05.757 25167 25257 W Ads     : Not retrying to fetch app settings
06-10 20:57:05.836 25167 25167 E Ads     : JS: Refused to get unsafe header "X-Afma-Gcache-IsGcacheHit" (https://www.gstatic.com/mysidia/240d05bf16d11f17a8a9e321e7739373.js?tag=addon/rewarded_video:435)
06-10 20:57:05.851 25167 25167 E Ads     : JS: Refused to get unsafe header "X-Afma-Gcache-IsGcacheHit" (https://www.gstatic.com/mysidia/240d05bf16d11f17a8a9e321e7739373.js?tag=addon/rewarded_video:435)
06-10 20:57:05.870 25167 25287 W libc    : Access denied finding property "vendor.oplus.media.vpp.stutter"
06-10 20:57:05.870 25167 25287 E MULTIMEDIAConfig: [getInt32:L80] Not find config, Returning default
06-10 20:57:05.870 25167 25287 E MULTIMEDIAConfig: [getInt32:L80] Not find config, Returning default
06-10 20:57:05.870 25167 25287 E OplusACodec: [OplusACodec:204] mSrOsieMMListCheckResult:0x0 mOsieVersion:1
06-10 20:57:05.896 25167 25838 E OplusACodec: [GetVideoCodingTypeFromMime:L1162] mime:video/x-vnd.on2.vp9
06-10 20:57:05.968 25167 25287 W cr_MediaCodecBridge: Releasing: OMX.qcom.video.decoder.vp9
06-10 20:57:05.969 25167 25835 E ExtensionsLoader: freeAllBuffers: 11 buffers were freed while being dequeued!
06-10 20:57:05.969 25167 25287 W cr_MediaCodecBridge: Codec released
06-10 20:57:06.313 25167 25287 W libc    : Access denied finding property "vendor.oplus.media.vpp.stutter"
06-10 20:57:06.313 25167 25287 E MULTIMEDIAConfig: [getInt32:L80] Not find config, Returning default
06-10 20:57:06.313 25167 25287 E MULTIMEDIAConfig: [getInt32:L80] Not find config, Returning default
06-10 20:57:06.313 25167 25287 E OplusACodec: [OplusACodec:204] mSrOsieMMListCheckResult:0x0 mOsieVersion:1
06-10 20:57:06.325 25167 25860 E OplusACodec: [GetVideoCodingTypeFromMime:L1162] mime:video/x-vnd.on2.vp9
06-10 20:57:06.380 25167 25274 E BLASTBufferQueue: BLASTBufferItemConsumer::onDisconnect()
06-10 20:57:07.404 25167 25860 W libc    : Access denied finding property "vendor.oplus.media.vpp.stutter"
06-10 20:57:08.406 25167 25860 W libc    : Access denied finding property "vendor.oplus.media.vpp.stutter"
06-10 20:57:09.406 25167 25860 W libc    : Access denied finding property "vendor.oplus.media.vpp.stutter"
06-10 20:57:09.789 25167 25274 E BLASTBufferQueue: BLASTBufferItemConsumer::onDisconnect()
06-10 20:57:10.222 25167 25873 E FilePhenotypeFlags: Config package com.google.android.gms.clearcut_client#com.vibekey.keyboard cannot use FILE backing without declarative registration. See go/phenotype-android-integration#phenotype for more information. This will lead to stale flags.
06-10 20:57:10.236 25167 25873 E FilePhenotypeFlags: Config package com.google.android.gms.clearcut_client#com.vibekey.keyboard cannot use FILE backing without declarative registration. See go/phenotype-android-integration#phenotype for more information. This will lead to stale flags.
06-10 20:57:10.236 25167 25873 E FilePhenotypeFlags: Config package com.google.android.gms.clearcut_client#com.vibekey.keyboard cannot use FILE backing without declarative registration. See go/phenotype-android-integration#phenotype for more information. This will lead to stale flags.
06-10 20:57:10.407 25167 25860 W libc    : Access denied finding property "vendor.oplus.media.vpp.stutter"
06-10 20:57:11.408 25167 25860 W libc    : Access denied finding property "vendor.oplus.media.vpp.stutter"
06-10 20:57:12.409 25167 25860 W libc    : Access denied finding property "vendor.oplus.media.vpp.stutter"
06-10 20:57:13.409 25167 25860 W libc    : Access denied finding property "vendor.oplus.media.vpp.stutter"
06-10 20:57:14.410 25167 25860 W libc    : Access denied finding property "vendor.oplus.media.vpp.stutter"
06-10 20:57:14.749 25167 25799 E ActivityThread: Failed to find provider info for com.oplus.statistics.provider
06-10 20:57:14.749 25167 25799 E OplusStatistics--: IllegalArgumentException:java.lang.IllegalArgumentException: Unknown URL content://com.oplus.statistics.provider/track_event
06-10 20:57:15.410 25167 25860 W libc    : Access denied finding property "vendor.oplus.media.vpp.stutter"
06-10 20:57:16.412 25167 25860 W libc    : Access denied finding property "vendor.oplus.media.vpp.stutter"
06-10 20:57:17.090 25167 25167 I VkThemes: ▶ generate ref=false descLen=5
06-10 20:57:17.120 25167 25288 W cr_MediaCodecBridge: Releasing: OMX.qcom.video.decoder.vp9
06-10 20:57:17.140 25167 25859 E ExtensionsLoader: freeAllBuffers: 7 buffers were freed while being dequeued!
06-10 20:57:17.142 25167 25288 W cr_MediaCodecBridge: Codec released
06-10 20:57:17.253 25167 25898 W ServiceBindIntentUtils: Dynamic lookup for intent failed for action: com.google.android.gms.ads.service.START
06-10 20:57:17.279 25167 25167 I VkTyping: ▶ open restart=false pkg=com.android.launcher inputType=589825
06-10 20:57:17.590 25167 25274 E BLASTBufferQueue: BLASTBufferItemConsumer::onDisconnect()
06-10 20:57:17.597 25167 25274 E BLASTBufferQueue: BLASTBufferItemConsumer::onDisconnect()
06-10 20:57:18.205 21208 21226 I OnDeviceAssist: warm ok model=qwen2.5-0.5b-instruct-q4_0.gguf ambient=40 chars 0ms
06-10 20:57:18.475 25167 25167 E Ads     : JS: Refused to get unsafe header "X-Afma-Gcache-IsGcacheHit" (https://www.gstatic.com/mysidia/1481c091d9df379c2904f938e54fba0c.js?tag=addon/rewarded_video:435)
06-10 20:57:18.512 25167 25190 W ibekey.keyboar: Cleared Reference was only reachable from finalizer (only reported once)
06-10 20:57:18.555 25167 25167 I VkTyping: ○ hidden
06-10 20:57:18.563 25167 25167 E Ads     : JS: Refused to get unsafe header "X-Afma-Gcache-IsGcacheHit" (https://www.gstatic.com/mysidia/1481c091d9df379c2904f938e54fba0c.js?tag=addon/rewarded_video:435)
06-10 20:57:18.610 25167 25287 W libc    : Access denied finding property "vendor.oplus.media.vpp.stutter"
06-10 20:57:18.610 25167 25287 E MULTIMEDIAConfig: [getInt32:L80] Not find config, Returning default
06-10 20:57:18.610 25167 25287 E MULTIMEDIAConfig: [getInt32:L80] Not find config, Returning default
06-10 20:57:18.610 25167 25287 E OplusACodec: [OplusACodec:204] mSrOsieMMListCheckResult:0x0 mOsieVersion:1
06-10 20:57:18.622 25167 25929 E OplusACodec: [GetVideoCodingTypeFromMime:L1162] mime:video/x-vnd.on2.vp9
06-10 20:57:18.718 25167 25167 I VkThemes: ✓ generate 1628ms theme=Pure White Minimalist
06-10 20:57:19.041 25167 25167 I VkEffects: reload anim=fade blur=0px glow=false stickers=true
06-10 20:57:19.048 25167 25167 I VkThemes: apply theme=Pure White Minimalist (ai_generate)
06-10 20:57:19.058 25167 25167 I VkSwipe : ○ gesture canceled
06-10 20:57:19.060 25167 25167 I VkSwipe : ○ gesture canceled
06-10 20:57:19.156 25167 25257 W Ads     : Not retrying to fetch app settings
06-10 20:57:19.217 25167 25167 I VkFavorites: save theme Pure White Minimalist → SAVED
06-10 20:57:19.229 25167 25167 W View    : requestLayout() improperly called by android.widget.LinearLayout{cf9877 V.E...... ......ID 0,1868-1440,2818 #7f0a010d app:id/input_view_keyboard_column} during layout: running second layout pass
06-10 20:57:19.229 25167 25167 W View    : requestLayout() improperly called by android.widget.LinearLayout{be25ce4 V.E...... ......ID 0,0-1440,950 #7f0a011c app:id/main_keyboard_frame} during layout: running second layout pass
06-10 20:57:19.325 25167 25167 I VkTyping: ▶ open restart=false pkg=com.android.launcher inputType=0
06-10 20:57:19.335 25167 25295 W chromium: [WARNING:services/audio/sync_reader.cc:154] ASR: No room in socket buffer.: Broken pipe (32)
06-10 20:57:19.338 25167 25287 W cr_MediaCodecBridge: Releasing: OMX.qcom.video.decoder.vp9
06-10 20:57:19.341 25167 25928 E ExtensionsLoader: freeAllBuffers: 13 buffers were freed while being dequeued!
06-10 20:57:19.347 25167 25287 W cr_MediaCodecBridge: Codec released
06-10 20:57:19.729 25167 25167 I VkTyping: ○ hidden
06-10 20:57:20.181 21208 22044 I OnDeviceAssist: warm ok model=qwen2.5-0.5b-instruct-q4_0.gguf ambient=40 chars 0ms
06-10 20:57:20.623 21208 22044 I OnDeviceAssist: warm ok model=qwen2.5-0.5b-instruct-q4_0.gguf ambient=40 chars 0ms
06-10 20:57:20.734 25167 25167 I VkTyping: ▶ open restart=false pkg=com.android.launcher inputType=589825
06-10 20:57:21.615 21208 21226 I OnDeviceAssist: warm ok model=qwen2.5-0.5b-instruct-q4_0.gguf ambient=40 chars 0ms
06-10 20:57:21.701 25167 25167 I VkPanels: ▶ open menu
06-10 20:57:23.831 25167 25167 I VkTyping: ○ hidden
06-10 20:57:23.916 25167 25167 W Settings: Setting transition_animation_scale has moved from android.provider.Settings.System to android.provider.Settings.Global, returning read-only value.
06-10 20:57:25.637 25167 25167 I VkTyping: ▶ open restart=false pkg=com.android.launcher inputType=589825
06-10 20:57:25.985 25167 25274 E BLASTBufferQueue: BLASTBufferItemConsumer::onDisconnect()
06-10 20:57:26.533 21208 21226 I OnDeviceAssist: warm ok model=qwen2.5-0.5b-instruct-q4_0.gguf ambient=40 chars 0ms
06-10 20:57:27.107 25167 25167 I VkPanels: ▶ open menu
06-10 20:57:27.983 25167 25167 I VkPanels: ▶ open menu
06-10 20:57:28.558 25167 25799 E ActivityThread: Failed to find provider info for com.oplus.statistics.provider
06-10 20:57:28.559 25167 25799 E OplusStatistics--: IllegalArgumentException:java.lang.IllegalArgumentException: Unknown URL content://com.oplus.statistics.provider/track_event
06-10 20:57:28.626 25167 25167 I VkTyping: ○ hidden
06-10 20:57:28.678 25167 25167 W Settings: Setting transition_animation_scale has moved from android.provider.Settings.System to android.provider.Settings.Global, returning read-only value.
06-10 20:57:31.956 25167 25274 E BLASTBufferQueue: BLASTBufferItemConsumer::onDisconnect()

=== Feature activity (persisted across restarts) ===
2026-06-10 20:52:43.485527 I VkFavorites: save card Bitcoin Vibe activate=false
2026-06-10 20:52:43.555644 I VkFavorites: save card Doge Meme activate=false
2026-06-10 20:52:43.624994 I VkFavorites: save card Ethereum Vibes activate=false
2026-06-10 20:52:43.679531 I VkFavorites: save card India Popular City activate=false
2026-06-10 20:52:43.761871 I VkFavorites: save card Miami Beach Crypto activate=false
2026-06-10 20:52:43.829743 I VkFavorites: save card Nike Sneakers Crypto activate=false
2026-06-10 20:52:43.883868 I VkFavorites: save card Pepe Meme Frog activate=false
2026-06-10 20:52:43.938354 I VkFavorites: save card Times Square NFT activate=false
2026-06-10 20:52:43.986867 I VkMultilingual: reset main=pt-BR locales=[pt] count=1
2026-06-10 20:52:49.388324 I VkSwipe: ○ gesture canceled
2026-06-10 20:52:49.404113 I VkEffects: reload anim=scale blur=562px glow=true stickers=true
2026-06-10 20:52:49.517087 I VkTyping: ▶ open restart=false pkg=com.android.launcher inputType=589825
2026-06-10 20:52:51.022022 I VkPanels: ▶ open menu
2026-06-10 20:52:51.612038 I VkMultilingual: menu languages total=1
2026-06-10 20:53:00.360564 I VkMultilingual: reset main=pt-BR locales=[pt,es,fr] count=3
2026-06-10 20:53:01.476491 I VkSuggestions: decode typedLen=1 candidates=18 locales=3 33,2ms
2026-06-10 20:53:01.476935 W VkSuggestions: slow frame 33,2ms locales=3 typedLen=1 candidates=18 parallelWait=33,0ms
2026-06-10 20:53:01.478282 I VkSuggestions: strip composing typedLen=1 candidates=19 autocorrect=false top=h locale=pt
2026-06-10 20:53:01.674105 I VkSuggestions: decode typedLen=2 candidates=18 locales=3 39,4ms
2026-06-10 20:53:01.674866 W VkSuggestions: slow frame 39,4ms locales=3 typedLen=2 candidates=18 parallelWait=39,1ms
2026-06-10 20:53:01.679472 I VkSuggestions: strip composing typedLen=2 candidates=16 autocorrect=false top=ho locale=pt
2026-06-10 20:53:01.928081 I VkSuggestions: decode typedLen=4 candidates=18 locales=3 12,9ms
2026-06-10 20:53:01.930405 I VkSuggestions: strip composing typedLen=4 candidates=11 autocorrect=false top=hola locale=pt
2026-06-10 20:53:02.491984 I VkAutocorrect: picked: hola
2026-06-10 20:53:02.598348 I VkSuggestions: strip prediction typedLen=0 candidates=1 autocorrect=false top=hola locale=pt
2026-06-10 20:53:03.436130 I VkSuggestions: decode typedLen=2 candidates=18 locales=3 30,2ms
2026-06-10 20:53:03.437041 W VkSuggestions: slow frame 30,2ms locales=3 typedLen=2 candidates=18 parallelWait=29,5ms
2026-06-10 20:53:03.442183 I VkSuggestions: strip composing typedLen=2 candidates=15 autocorrect=false top=ma locale=pt
2026-06-10 20:53:03.617600 I VkSuggestions: decode typedLen=3 candidates=18 locales=3 24,3ms
2026-06-10 20:53:03.617994 W VkSuggestions: slow frame 24,3ms locales=3 typedLen=3 candidates=18 parallelWait=24,1ms
2026-06-10 20:53:03.621238 I VkSuggestions: strip composing typedLen=3 candidates=18 autocorrect=false top=mao locale=pt
2026-06-10 20:53:03.750223 I VkSuggestions: decode typedLen=4 candidates=18 locales=3 11,3ms
2026-06-10 20:53:03.751879 I VkAutocorrect: offered: maor → maor
2026-06-10 20:53:03.752226 I VkSuggestions: strip composing typedLen=4 candidates=17 autocorrect=true top=maor locale=pt
2026-06-10 20:53:04.222038 I VkSuggestions: decode typedLen=5 candidates=18 locales=3 8,6ms
2026-06-10 20:53:04.229623 I VkAutocorrect: offered: maora → maora
2026-06-10 20:53:04.230372 I VkSuggestions: strip composing typedLen=5 candidates=18 autocorrect=true top=maora locale=pt
2026-06-10 20:53:04.247442 I VkAutocorrect: committed (typing): maora → Maíra
2026-06-10 20:53:04.352273 I VkSuggestions: strip prediction typedLen=0 candidates=2 autocorrect=false top=hola locale=pt
2026-06-10 20:53:05.960678 I VkSuggestions: decode typedLen=2 candidates=18 locales=3 11,7ms
2026-06-10 20:53:05.962278 I VkSuggestions: strip composing typedLen=2 candidates=15 autocorrect=false top=co locale=pt
2026-06-10 20:53:06.124433 I VkSuggestions: decode typedLen=3 candidates=18 locales=3 14,5ms
2026-06-10 20:53:06.126107 I VkSuggestions: strip composing typedLen=3 candidates=17 autocorrect=false top=com locale=pt
2026-06-10 20:53:06.324510 I VkSuggestions: decode typedLen=4 candidates=18 locales=3 28,8ms
2026-06-10 20:53:06.324993 W VkSuggestions: slow frame 28,8ms locales=3 typedLen=4 candidates=18 parallelWait=28,5ms
2026-06-10 20:53:06.327514 I VkSuggestions: strip composing typedLen=4 candidates=15 autocorrect=false top=como locale=pt
2026-06-10 20:53:06.583888 I VkSuggestions: decode typedLen=5 candidates=18 locales=3 25,3ms
2026-06-10 20:53:06.584313 W VkSuggestions: slow frame 25,3ms locales=3 typedLen=5 candidates=18 parallelWait=25,2ms
2026-06-10 20:53:06.587428 I VkAutocorrect: offered: comob → comob
2026-06-10 20:53:06.587776 I VkSuggestions: strip composing typedLen=5 candidates=17 autocorrect=true top=comob locale=pt
2026-06-10 20:53:07.000636 I VkSuggestions: decode typedLen=6 candidates=18 locales=3 18,5ms
2026-06-10 20:53:07.001031 W VkSuggestions: slow frame 18,5ms locales=3 typedLen=6 candidates=18 parallelWait=18,3ms
2026-06-10 20:53:07.003041 I VkAutocorrect: offered: comobe → comobe
2026-06-10 20:53:07.003352 I VkSuggestions: strip composing typedLen=6 candidates=17 autocorrect=true top=comobe locale=pt
2026-06-10 20:53:07.926387 I VkSuggestions: decode typedLen=5 candidates=18 locales=3 40,7ms
2026-06-10 20:53:07.926881 W VkSuggestions: slow frame 40,7ms locales=3 typedLen=5 candidates=18 parallelWait=40,5ms
2026-06-10 20:53:07.929751 I VkAutocorrect: offered: comob → comob
2026-06-10 20:53:07.930110 I VkSuggestions: strip composing typedLen=5 candidates=17 autocorrect=true top=comob locale=pt
2026-06-10 20:53:08.628392 I VkSuggestions: decode typedLen=4 candidates=18 locales=3 34,8ms
2026-06-10 20:53:08.628957 W VkSuggestions: slow frame 34,8ms locales=3 typedLen=4 candidates=18 parallelWait=34,5ms
2026-06-10 20:53:08.631011 I VkSuggestions: strip composing typedLen=4 candidates=15 autocorrect=false top=como locale=pt
2026-06-10 20:53:08.843875 I VkAutocorrect: kept (typing): como
2026-06-10 20:53:08.947876 I VkSuggestions: strip prediction typedLen=0 candidates=3 autocorrect=false top=como locale=pt
2026-06-10 20:53:09.170526 I VkSuggestions: decode typedLen=1 candidates=18 locales=3 32,4ms
2026-06-10 20:53:09.170805 W VkSuggestions: slow frame 32,4ms locales=3 typedLen=1 candidates=18 parallelWait=32,3ms
2026-06-10 20:53:09.171680 I VkSuggestions: strip composing typedLen=1 candidates=13 autocorrect=false top=w locale=pt
2026-06-10 20:53:09.358072 I VkSuggestions: decode typedLen=2 candidates=18 locales=3 12,6ms
2026-06-10 20:53:09.360219 I VkSuggestions: strip composing typedLen=2 candidates=10 autocorrect=false top=ws locale=pt
2026-06-10 20:53:09.779846 I VkSuggestions: decode typedLen=4 candidates=18 locales=3 32,4ms
2026-06-10 20:53:09.780385 W VkSuggestions: slow frame 32,4ms locales=3 typedLen=4 candidates=18 parallelWait=32,0ms
2026-06-10 20:53:09.783264 I VkAutocorrect: offered: wsta → wsta
2026-06-10 20:53:09.783808 I VkSuggestions: strip composing typedLen=4 candidates=16 autocorrect=true top=wsta locale=pt
2026-06-10 20:53:10.541443 I VkAutocorrect: picked: esta
2026-06-10 20:53:10.647861 I VkSuggestions: strip prediction typedLen=0 candidates=3 autocorrect=false top=como locale=pt
2026-06-10 20:53:11.104307 I VkSuggestions: decode typedLen=1 candidates=18 locales=3 14,3ms
2026-06-10 20:53:11.105301 I VkSuggestions: strip composing typedLen=1 candidates=17 autocorrect=false top=t locale=pt
2026-06-10 20:53:11.239093 I VkSuggestions: decode typedLen=2 candidates=18 locales=3 18,2ms
2026-06-10 20:53:11.239674 W VkSuggestions: slow frame 18,2ms locales=3 typedLen=2 candidates=18 parallelWait=17,9ms
2026-06-10 20:53:11.241613 I VkSuggestions: strip composing typedLen=2 candidates=15 autocorrect=false top=tu locale=pt
2026-06-10 20:53:11.489661 I VkSuggestions: decode typedLen=3 candidates=18 locales=3 27,6ms
2026-06-10 20:53:11.490322 W VkSuggestions: slow frame 27,6ms locales=3 typedLen=3 candidates=18 parallelWait=27,3ms
2026-06-10 20:53:11.493303 I VkSuggestions: strip composing typedLen=3 candidates=16 autocorrect=false top=tub locale=pt
2026-06-10 20:53:12.305358 I VkSuggestions: decode typedLen=2 candidates=18 locales=3 25,6ms
2026-06-10 20:53:12.305880 W VkSuggestions: slow frame 25,6ms locales=3 typedLen=2 candidates=18 parallelWait=25,4ms
2026-06-10 20:53:12.307910 I VkSuggestions: strip composing typedLen=2 candidates=15 autocorrect=false top=tu locale=pt
2026-06-10 20:53:12.858462 I VkSwipe: ▶ gesture started locale=pt-BR
