=== VibeKey 4.5.14 (4514) ===

--------- beginning of main
06-23 20:14:03.861 20860 25409 E BLASTBufferQueue: BLASTBufferItemConsumer::onDisconnect()
06-23 20:14:03.863 20860 20860 W BrowserPanel: Gecko session crash/kill — recreating browser engine
06-23 20:14:03.873 20860 21439 E GeckoConsole: [JavaScript Error: "TypeError: can't access property "sendAsyncMessage", this._manager.messageManager is null" {file: "chrome://geckoview/content/geckoview.js" line: 513}]
06-23 20:14:03.873 20860 21439 E GeckoConsole: _updateContentModuleState@chrome://geckoview/content/geckoview.js:513:5
06-23 20:14:03.873 20860 21439 E GeckoConsole: set enabled@chrome://geckoview/content/geckoview.js:488:10
06-23 20:14:03.873 20860 21439 E GeckoConsole: init/</<@chrome://geckoview/content/geckoview.js:112:9
06-23 20:14:03.873 20860 21439 E GeckoConsole: forEach@chrome://geckoview/content/geckoview.js:163:19
06-23 20:14:03.873 20860 21439 E GeckoConsole: init/<@chrome://geckoview/content/geckoview.js:111:12
06-23 20:14:03.876 20860 20860 W GeckoSession: Attempted to close a GeckoSession that was already closed.
06-23 20:14:03.877 20860 20860 E GeckoView: Failed to detach WindowInsetsListener: 
06-23 20:14:03.877 20860 20860 E GeckoView: java.lang.NullPointerException: Attempt to invoke virtual method 'android.view.Window android.app.Activity.getWindow()' on a null object reference
06-23 20:14:03.877 20860 20860 E GeckoView: 	at org.mozilla.geckoview.GeckoView.detachWindowInsetsListener(r8-map-id-9a00c63f20ec16254d7cafb0ffb5385bf9a4138d937a8586839901e6cf907e16:1)
06-23 20:14:03.877 20860 20860 E GeckoView: 	at org.mozilla.geckoview.GeckoView.onDetachedFromWindow(r8-map-id-9a00c63f20ec16254d7cafb0ffb5385bf9a4138d937a8586839901e6cf907e16:25)
06-23 20:14:03.877 20860 20860 E GeckoView: 	at helium314.keyboard.latin.panels.ImeGeckoView.onDetachedFromWindow(r8-map-id-9a00c63f20ec16254d7cafb0ffb5385bf9a4138d937a8586839901e6cf907e16:1)
06-23 20:14:03.877 20860 20860 E GeckoView: 	at android.view.View.dispatchDetachedFromWindow(View.java:20955)
06-23 20:14:03.877 20860 20860 E GeckoView: 	at android.view.ViewGroup.dispatchDetachedFromWindow(ViewGroup.java:4014)
06-23 20:14:03.877 20860 20860 E GeckoView: 	at android.view.ViewGroup.removeViewInternal(ViewGroup.java:5660)
06-23 20:14:03.877 20860 20860 E GeckoView: 	at android.view.ViewGroup.removeViewInternal(ViewGroup.java:5631)
06-23 20:14:03.877 20860 20860 E GeckoView: 	at android.view.ViewGroup.removeView(ViewGroup.java:5562)
06-23 20:14:03.877 20860 20860 E GeckoView: 	at a8.z2.run(r8-map-id-9a00c63f20ec16254d7cafb0ffb5385bf9a4138d937a8586839901e6cf907e16:87)
06-23 20:14:03.877 20860 20860 E GeckoView: 	at android.os.Handler.handleCallback(Handler.java:938)
06-23 20:14:03.877 20860 20860 E GeckoView: 	at android.os.Handler.dispatchMessage(Handler.java:99)
06-23 20:14:03.877 20860 20860 E GeckoView: 	at android.os.Looper.loopOnce(Looper.java:233)
06-23 20:14:03.877 20860 20860 E GeckoView: 	at android.os.Looper.loop(Looper.java:344)
06-23 20:14:03.877 20860 20860 E GeckoView: 	at android.app.ActivityThread.main(ActivityThread.java:8212)
06-23 20:14:03.877 20860 20860 E GeckoView: 	at java.lang.reflect.Method.invoke(Native Method)
06-23 20:14:03.877 20860 20860 E GeckoView: 	at com.android.internal.os.RuntimeInit$MethodAndArgsCaller.run(RuntimeInit.java:584)
06-23 20:14:03.877 20860 20860 E GeckoView: 	at com.android.internal.os.ZygoteInit.main(ZygoteInit.java:1034)
06-23 20:14:03.880 20860 20860 E GeckoView: Failed to attach WindowInsetsListener: 
06-23 20:14:03.880 20860 20860 E GeckoView: 	at org.mozilla.geckoview.GeckoView.attachWindowInsetsListener(r8-map-id-9a00c63f20ec16254d7cafb0ffb5385bf9a4138d937a8586839901e6cf907e16:1)
06-23 20:14:03.880 20860 20860 E GeckoView: 	at org.mozilla.geckoview.GeckoView.onAttachedToWindow(r8-map-id-9a00c63f20ec16254d7cafb0ffb5385bf9a4138d937a8586839901e6cf907e16:49)
06-23 20:14:03.880 20860 20860 E GeckoView: 	at helium314.keyboard.latin.panels.ImeGeckoView.onAttachedToWindow(r8-map-id-9a00c63f20ec16254d7cafb0ffb5385bf9a4138d937a8586839901e6cf907e16:4)
06-23 20:14:03.880 20860 20860 E GeckoView: 	at android.view.View.dispatchAttachedToWindow(View.java:20900)
06-23 20:14:03.880 20860 20860 E GeckoView: 	at android.view.ViewGroup.dispatchAttachedToWindow(ViewGroup.java:3539)
06-23 20:14:03.880 20860 20860 E GeckoView: 	at android.view.ViewGroup.addViewInner(ViewGroup.java:5378)
06-23 20:14:03.880 20860 20860 E GeckoView: 	at android.view.ViewGroup.addView(ViewGroup.java:5156)
06-23 20:14:03.880 20860 20860 E GeckoView: 	at android.view.ViewGroup.addView(ViewGroup.java:5096)
06-23 20:14:03.880 20860 20860 E GeckoView: 	at helium314.keyboard.latin.panels.BrowserPanelView.Z(r8-map-id-9a00c63f20ec16254d7cafb0ffb5385bf9a4138d937a8586839901e6cf907e16:375)
06-23 20:14:03.880 20860 20860 E GeckoView: 	at a8.z2.run(r8-map-id-9a00c63f20ec16254d7cafb0ffb5385bf9a4138d937a8586839901e6cf907e16:94)
06-23 20:14:03.880 20860 20860 E GeckoView: 	at android.os.Handler.handleCallback(Handler.java:938)
06-23 20:14:03.880 20860 20860 E GeckoView: 	at android.os.Handler.dispatchMessage(Handler.java:99)
06-23 20:14:03.880 20860 20860 E GeckoView: 	at android.os.Looper.loopOnce(Looper.java:233)
06-23 20:14:03.880 20860 20860 E GeckoView: 	at android.os.Looper.loop(Looper.java:344)
06-23 20:14:03.880 20860 20860 E GeckoView: 	at android.app.ActivityThread.main(ActivityThread.java:8212)
06-23 20:14:03.880 20860 20860 E GeckoView: 	at java.lang.reflect.Method.invoke(Native Method)
06-23 20:14:03.880 20860 20860 E GeckoView: 	at com.android.internal.os.RuntimeInit$MethodAndArgsCaller.run(RuntimeInit.java:584)
06-23 20:14:03.880 20860 20860 E GeckoView: 	at com.android.internal.os.ZygoteInit.main(ZygoteInit.java:1034)
06-23 20:14:03.880 20860 20860 I VkBrowser: → load host=espn.com
06-23 20:14:03.959 26192 26208 W GeckoEditableChild: No editable parent
06-23 20:14:03.986 20860 20860 I VkBrowser: → load host=cnn.com
06-23 20:14:03.989 20860 20860 W com.vibekey.keyboard: type=1400 audit(0.0:7774): avc: denied { nlmsg_readpriv } for comm=536F636B657420546872656164 scontext=u:r:untrusted_app:s0:c59,c272,c512,c768 tcontext=u:r:untrusted_app:s0:c59,c272,c512,c768 tclass=netlink_route_socket permissive=0 bug=b/155595000 app=com.vibekey.keyboard
06-23 20:14:04.013 20860 20860 I VkBrowser: ✓ page host=espn.com title=ESPN - Serving Sports Fans. Anytime. Any…
06-23 20:14:04.059 20860 20860 W com.vibekey.keyboard: type=1400 audit(0.0:7775): avc: denied { nlmsg_readpriv } for comm=536F636B657420546872656164 scontext=u:r:untrusted_app:s0:c59,c272,c512,c768 tcontext=u:r:untrusted_app:s0:c59,c272,c512,c768 tclass=netlink_route_socket permissive=0 bug=b/155595000 app=com.vibekey.keyboard
06-23 20:14:04.155 32707 32707 E .keyboard:tab1: Unknown bits set in runtime_flags: 0x40000000
06-23 20:14:04.259 32707 32728 E GeckoLibLoad: Load sqlite start
06-23 20:14:04.260 32707 32728 E GeckoLibLoad: Load sqlite done
06-23 20:14:04.260 32707 32728 E GeckoLibLoad: Load nss start
06-23 20:14:04.260 32707 32728 E GeckoLibLoad: Load nss done
06-23 20:14:04.317 32707 32728 E GeckoLibLoad: Loaded libs in 56.632708ms total, 2ms(0ms) user, 14ms(15ms) system, 18(18) faults
06-23 20:14:04.317 32707 32728 W GeckoThread: zerdatime 12222730 - runGecko
06-23 20:14:04.424 32707 32728 W GeckoEditableChild: No editable parent
06-23 20:14:04.427 32707 32728 W Isolated Web Content: [JavaScript Warning: "Missing resource in locale pt-BR: netwerk/necko.ftl"]
06-23 20:14:04.427 32707 32728 W Isolated Web Content: [JavaScript Warning: "Missing resource in locale pt-PT: netwerk/necko.ftl"]
06-23 20:14:04.874 32707 32728 W AudioCapabilities: Unsupported mime audio/ffmpeg
06-23 20:14:04.874 32707 32728 W VideoCapabilities: Unsupported mime video/ffmpeg
06-23 20:14:04.875 32707 32728 W VideoCapabilities: Unrecognized profile/level 0/3 for video/mpeg2
06-23 20:14:04.875 32707 32728 W VideoCapabilities: Unrecognized profile/level 0/3 for video/mpeg2
06-23 20:14:05.802 32707 32728 W Isolated Web Content: [JavaScript Warning: "Autoplay is only allowed when approved by the user, the site is activated by the user, or media is muted." {file: "https://www.cnn.com/media/sites/js/bundles/cnn-adfuel-68aea82e3c12aa991ba88c3418167a78a4ba4ae912410f5e81c9e23d1f42677a.min.js" line: 1}]
06-23 20:14:05.988 32707   799 E .keyboard:tab1: ofbOpen failed with error=No such file or directory
06-23 20:14:05.988 32707   799 E .keyboard:tab1: sysOpen failed with error=No such file or directory
06-23 20:14:06.007   928   928 E .keyboard:medi: Unknown bits set in runtime_flags: 0x40000000
06-23 20:14:06.090   928   944 W AudioCapabilities: Unsupported mime audio/ffmpeg
06-23 20:14:06.091   928   944 W VideoCapabilities: Unsupported mime video/ffmpeg
06-23 20:14:06.093   928   944 W VideoCapabilities: Unrecognized profile/level 0/3 for video/mpeg2
06-23 20:14:06.093   928   944 W VideoCapabilities: Unrecognized profile/level 0/3 for video/mpeg2
06-23 20:14:06.140   928   944 W libc    : Access denied finding property "vendor.oplus.media.vpp.stutter"
06-23 20:14:06.356   928   952 W Codec2Client: query -- param skipped: index = 1107298332.
06-23 20:14:06.386   928   952 W Codec2Client: query -- param skipped: index = 1342179345.
06-23 20:14:06.386   928   952 W Codec2Client: query -- param skipped: index = 2415921170.
06-23 20:14:06.386   928   952 W Codec2Client: query -- param skipped: index = 1610614798.
06-23 20:14:06.399   928   952 E ion     : ioctl c0044901 failed with code -1: Inappropriate ioctl for device
06-23 20:14:06.410   928   944 W libc    : Access denied finding property "vendor.oplus.media.vpp.stutter"
06-23 20:14:06.442   928   974 W Codec2Client: query -- param skipped: index = 1107298332.
06-23 20:14:06.449   928   974 W Codec2Client: query -- param skipped: index = 1342179345.
06-23 20:14:06.449   928   974 W Codec2Client: query -- param skipped: index = 2415921170.
06-23 20:14:06.449   928   974 W Codec2Client: query -- param skipped: index = 1610614798.
06-23 20:14:06.466   928   944 E .keyboard:medi: ofbOpen failed with error=No such file or directory
06-23 20:14:06.466   928   944 E .keyboard:medi: sysOpen failed with error=No such file or directory
06-23 20:14:06.473   928   944 W libc    : Access denied finding property "vendor.oplus.media.vpp.stutter"
06-23 20:14:06.481   928   944 E MULTIMEDIAConfig: [getInt32:L80] Not find config, Returning default
06-23 20:14:06.481   928   944 E MULTIMEDIAConfig: [getInt32:L80] Not find config, Returning default
06-23 20:14:06.481   928   944 E OplusACodec: [OplusACodec:204] mSrOsieMMListCheckResult:0x0 mOsieVersion:1
06-23 20:14:06.525  1015  1015 E .keyboard:tab1: Unknown bits set in runtime_flags: 0x40000000
06-23 20:14:06.612  1015  1036 E GeckoLibLoad: Load sqlite start
06-23 20:14:06.613  1015  1036 E GeckoLibLoad: Load sqlite done
06-23 20:14:06.613  1015  1036 E GeckoLibLoad: Load nss start
06-23 20:14:06.613  1015  1036 E GeckoLibLoad: Load nss done
06-23 20:14:06.627  1015  1036 E GeckoLibLoad: Loaded libs in 14.621406ms total, 8ms(7ms) user, 0ms(1ms) system, 0(0) faults
06-23 20:14:06.628  1015  1036 W GeckoThread: zerdatime 12225040 - runGecko
06-23 20:14:06.648   928   995 E OplusACodec: [GetVideoCodingTypeFromMime:L1162] mime:video/avc
06-23 20:14:06.727   928   975 W libc    : Access denied finding property "vendor.oplus.media.vpp.stutter"
06-23 20:14:06.728   928   975 E MULTIMEDIAConfig: [getInt32:L80] Not find config, Returning default
06-23 20:14:06.728   928   975 E MULTIMEDIAConfig: [getInt32:L80] Not find config, Returning default
06-23 20:14:06.728   928   975 E OplusACodec: [OplusACodec:204] mSrOsieMMListCheckResult:0x0 mOsieVersion:1
06-23 20:14:06.759   928  1067 E OplusACodec: [GetVideoCodingTypeFromMime:L1162] mime:video/avc
06-23 20:14:06.815   928   975 W libc    : Access denied finding property "vendor.oplus.media.vpp.stutter"
06-23 20:14:06.836   928  1072 W Codec2Client: query -- param skipped: index = 1107298332.
06-23 20:14:06.840   928  1072 W Codec2Client: query -- param skipped: index = 1342179345.
06-23 20:14:06.840   928  1072 W Codec2Client: query -- param skipped: index = 2415921170.
06-23 20:14:06.840   928  1072 W Codec2Client: query -- param skipped: index = 1610614798.
06-23 20:14:06.847 20860 21439 E GeckoConsole: [JavaScript Error: "TypeError: can't access property "WindowEventDispatcher", win is null" {file: "resource://gre/modules/GeckoViewSessionStore.sys.mjs" line: 149}]
06-23 20:14:06.847 20860 21439 E GeckoConsole: onTabStateUpdate@resource://gre/modules/GeckoViewSessionStore.sys.mjs:149:5
06-23 20:14:06.847 20860 21439 E GeckoConsole: updateSessionStoreFromTabListener@resource://gre/modules/GeckoViewSessionStore.sys.mjs:243:10
06-23 20:14:06.852   928   975 W libc    : Access denied finding property "vendor.oplus.media.vpp.stutter"
06-23 20:14:06.852   928   975 E MULTIMEDIAConfig: [getInt32:L80] Not find config, Returning default
06-23 20:14:06.852   928   975 E MULTIMEDIAConfig: [getInt32:L80] Not find config, Returning default
06-23 20:14:06.852   928   975 E OplusACodec: [OplusACodec:204] mSrOsieMMListCheckResult:0x0 mOsieVersion:1
06-23 20:14:06.874   928  1076 E OplusACodec: [GetVideoCodingTypeFromMime:L1162] mime:video/avc
06-23 20:14:07.027   928   975 W libc    : Access denied finding property "vendor.oplus.media.vpp.stutter"
06-23 20:14:07.037 20860 20860 W GeckoSession: No history entries found.
06-23 20:14:07.044   928  1091 W Codec2Client: query -- param skipped: index = 1107298332.
06-23 20:14:07.050   928  1091 W Codec2Client: query -- param skipped: index = 1342179345.
06-23 20:14:07.050   928  1091 W Codec2Client: query -- param skipped: index = 2415921170.
06-23 20:14:07.050   928  1091 W Codec2Client: query -- param skipped: index = 1610614798.
06-23 20:14:07.067   928   975 W libc    : Access denied finding property "vendor.oplus.media.vpp.stutter"
06-23 20:14:07.067   928   975 E MULTIMEDIAConfig: [getInt32:L80] Not find config, Returning default
06-23 20:14:07.067   928   975 E MULTIMEDIAConfig: [getInt32:L80] Not find config, Returning default
06-23 20:14:07.067   928   975 E OplusACodec: [OplusACodec:204] mSrOsieMMListCheckResult:0x0 mOsieVersion:1
06-23 20:14:07.088   928  1094 E OplusACodec: [GetVideoCodingTypeFromMime:L1162] mime:video/avc
06-23 20:14:07.174   928   975 W libc    : Access denied finding property "vendor.oplus.media.vpp.stutter"
06-23 20:14:07.174   928   975 E MULTIMEDIAConfig: [getInt32:L80] Not find config, Returning default
06-23 20:14:07.174   928   975 E MULTIMEDIAConfig: [getInt32:L80] Not find config, Returning default
06-23 20:14:07.174   928   975 E OplusACodec: [OplusACodec:204] mSrOsieMMListCheckResult:0x0 mOsieVersion:1
06-23 20:14:07.200   928  1104 E OplusACodec: [GetVideoCodingTypeFromMime:L1162] mime:video/avc
06-23 20:14:07.334   928   944 W libc    : Access denied finding property "vendor.oplus.media.vpp.stutter"
06-23 20:14:07.359   928  1124 W Codec2Client: query -- param skipped: index = 1107298332.
06-23 20:14:07.362   928  1124 W Codec2Client: query -- param skipped: index = 1342179345.
06-23 20:14:07.362   928  1124 W Codec2Client: query -- param skipped: index = 2415921170.
06-23 20:14:07.362   928  1124 W Codec2Client: query -- param skipped: index = 1610614798.
06-23 20:14:07.376   928   944 W libc    : Access denied finding property "vendor.oplus.media.vpp.stutter"
06-23 20:14:07.376   928   944 E MULTIMEDIAConfig: [getInt32:L80] Not find config, Returning default
06-23 20:14:07.376   928   944 E MULTIMEDIAConfig: [getInt32:L80] Not find config, Returning default
06-23 20:14:07.376   928   944 E OplusACodec: [OplusACodec:204] mSrOsieMMListCheckResult:0x0 mOsieVersion:1
06-23 20:14:07.391   928  1128 E OplusACodec: [GetVideoCodingTypeFromMime:L1162] mime:video/avc
06-23 20:14:07.406 18938 18938 W LlmEngineService: Severe memory pressure (15); evicting on-device LLM.
06-23 20:14:07.536 20860 20860 I VkBrowser: → load host=espn.com
06-23 20:14:07.641   928   944 W libc    : Access denied finding property "vendor.oplus.media.vpp.stutter"
06-23 20:14:07.642   928   944 E MULTIMEDIAConfig: [getInt32:L80] Not find config, Returning default
06-23 20:14:07.642   928   944 E MULTIMEDIAConfig: [getInt32:L80] Not find config, Returning default
06-23 20:14:07.642   928   944 E OplusACodec: [OplusACodec:204] mSrOsieMMListCheckResult:0x0 mOsieVersion:1
06-23 20:14:07.686   928  1136 E OplusACodec: [GetVideoCodingTypeFromMime:L1162] mime:video/avc
06-23 20:14:07.804 32707 32728 W Isolated Web Content: o@https://cdn.optimizely.com/public/125375509/s/landingprod.js:2:75025
06-23 20:14:07.804 32707 32728 W Isolated Web Content: " {file: "https://cdn.optimizely.com/public/125375509/s/landingprod.js" line: 2}]
06-23 20:14:07.855 20860 20860 I VkBrowser: ✓ page host=www.cnn.com title=Breaking News, Latest News and Videos | …
06-23 20:14:08.067 20860 21026 E BLASTBufferQueue: BLASTBufferItemConsumer::onDisconnect()
06-23 20:14:08.120   928  1156 W libc    : Access denied finding property "vendor.oplus.media.vpp.stutter"
06-23 20:14:08.154   928  1169 W Codec2Client: query -- param skipped: index = 1107298332.
06-23 20:14:08.155   928  1169 W Codec2Client: query -- param skipped: index = 1342179345.
06-23 20:14:08.155   928  1169 W Codec2Client: query -- param skipped: index = 2415921170.
06-23 20:14:08.155   928  1169 W Codec2Client: query -- param skipped: index = 1610614798.
06-23 20:14:08.180 20860 20929 E BLASTBufferQueue: [SurfaceView[InputMethod]#25](f:0,a:4294967295) rejecting buffer:active_size=1440x1801, requested_size=1440x1801 buffer{size=1440x1809 transform=0}
06-23 20:14:08.194   928  1156 W libc    : Access denied finding property "vendor.oplus.media.vpp.stutter"
06-23 20:14:08.194   928  1156 E MULTIMEDIAConfig: [getInt32:L80] Not find config, Returning default
06-23 20:14:08.194   928  1156 E MULTIMEDIAConfig: [getInt32:L80] Not find config, Returning default
06-23 20:14:08.194   928  1156 E OplusACodec: [OplusACodec:204] mSrOsieMMListCheckResult:0x0 mOsieVersion:1
06-23 20:14:08.279  1173  1173 E y.keyboard:tab: Unknown bits set in runtime_flags: 0x40000000
06-23 20:14:08.302   928  1172 E OplusACodec: [GetVideoCodingTypeFromMime:L1162] mime:video/avc
06-23 20:14:08.496 20860 25409 E BLASTBufferQueue: BLASTBufferItemConsumer::onDisconnect()
06-23 20:14:08.652   928  1067 W libc    : Access denied finding property "vendor.oplus.media.vpp.stutter"
06-23 20:14:08.653   928  1104 W libc    : Access denied finding property "vendor.oplus.media.vpp.stutter"
06-23 20:14:08.654   928  1128 W libc    : Access denied finding property "vendor.oplus.media.vpp.stutter"
06-23 20:14:08.661   928  1094 W libc    : Access denied finding property "vendor.oplus.media.vpp.stutter"
06-23 20:14:08.837   928  1076 W libc    : Access denied finding property "vendor.oplus.media.vpp.stutter"
06-23 20:14:08.840   928   995 W libc    : Access denied finding property "vendor.oplus.media.vpp.stutter"
06-23 20:14:09.039  1173  1213 E GeckoLibLoad: Load sqlite start
06-23 20:14:09.050   928  1072 W Codec2Client: query -- param skipped: index = 1342179345.
06-23 20:14:09.050   928  1072 W Codec2Client: query -- param skipped: index = 2415921170.
06-23 20:14:09.050   928  1072 W Codec2Client: query -- param skipped: index = 1610614798.
06-23 20:14:09.069  1173  1213 E GeckoLibLoad: Load sqlite done
06-23 20:14:09.070  1173  1213 E GeckoLibLoad: Load nss start
06-23 20:14:09.070  1173  1213 E GeckoLibLoad: Load nss done
06-23 20:14:09.205  1173  1213 E GeckoLibLoad: Loaded libs in 134.984635ms total, 0ms(0ms) user, 25ms(26ms) system, 2(2) faults
06-23 20:14:09.205  1173  1213 W GeckoThread: zerdatime 12227617 - runGecko
06-23 20:14:09.232  1217  1217 E y.keyboard:tab: Unknown bits set in runtime_flags: 0x40000000
06-23 20:14:09.267   928   952 W Codec2Client: query -- param skipped: index = 1342179345.
06-23 20:14:09.267   928   952 W Codec2Client: query -- param skipped: index = 2415921170.
06-23 20:14:09.267   928   952 W Codec2Client: query -- param skipped: index = 1610614798.
06-23 20:14:09.304   928  1136 W libc    : Access denied finding property "vendor.oplus.media.vpp.stutter"
06-23 20:14:09.558  1217  1327 E GeckoLibLoad: Load sqlite start
06-23 20:14:09.561  1217  1327 E GeckoLibLoad: Load sqlite done
06-23 20:14:09.561  1217  1327 E GeckoLibLoad: Load nss start
06-23 20:14:09.561  1217  1327 E GeckoLibLoad: Load nss done
06-23 20:14:09.638  1217  1327 E GeckoLibLoad: Loaded libs in 76.855313ms total, 3ms(0ms) user, 27ms(36ms) system, 0(0) faults
06-23 20:14:09.639  1217  1327 W GeckoThread: zerdatime 12228051 - runGecko
06-23 20:14:09.660   928  1128 W libc    : Access denied finding property "vendor.oplus.media.vpp.stutter"
06-23 20:14:09.757   928  1067 W libc    : Access denied finding property "vendor.oplus.media.vpp.stutter"
06-23 20:14:09.782   928   928 W System.err: android.os.DeadObjectException
06-23 20:14:09.783   928   928 W System.err: 	at android.os.BinderProxy.transactNative(Native Method)
06-23 20:14:09.783   928   928 W System.err: 	at android.os.BinderProxy.transact(BinderProxy.java:635)
06-23 20:14:09.783   928   928 W System.err: 	at ra.f0.E(r8-map-id-9a00c63f20ec16254d7cafb0ffb5385bf9a4138d937a8586839901e6cf907e16:22)
06-23 20:14:09.783   928   928 W System.err: 	at ra.p0.handleMessage(r8-map-id-9a00c63f20ec16254d7cafb0ffb5385bf9a4138d937a8586839901e6cf907e16:323)
06-23 20:14:09.783   928   928 W System.err: 	at ra.p0.a(r8-map-id-9a00c63f20ec16254d7cafb0ffb5385bf9a4138d937a8586839901e6cf907e16:11)
06-23 20:14:09.783   928   928 W System.err: 	at ra.q0.onOutputBufferAvailable(r8-map-id-9a00c63f20ec16254d7cafb0ffb5385bf9a4138d937a8586839901e6cf907e16:11)
06-23 20:14:09.783   928   928 W System.err: 	at android.media.MediaCodec$EventHandler.handleCallback(MediaCodec.java:1845)
06-23 20:14:09.783   928   928 W System.err: 	at android.media.MediaCodec$EventHandler.handleMessage(MediaCodec.java:1743)
06-23 20:14:09.783   928   928 W System.err: 	at android.os.Handler.dispatchMessage(Handler.java:106)
06-23 20:14:09.783   928   928 W System.err: 	at android.os.Looper.loopOnce(Looper.java:233)
06-23 20:14:09.783   928   928 W System.err: 	at android.os.Looper.loop(Looper.java:344)
06-23 20:14:09.783   928   928 W System.err: 	at android.app.ActivityThread.main(ActivityThread.java:8212)
06-23 20:14:09.783   928   928 W System.err: 	at java.lang.reflect.Method.invoke(Native Method)
06-23 20:14:09.783   928   928 W System.err: 	at com.android.internal.os.RuntimeInit$MethodAndArgsCaller.run(RuntimeInit.java:584)
06-23 20:14:09.783   928   928 W System.err: 	at com.android.internal.os.ZygoteInit.main(ZygoteInit.java:1034)
06-23 20:14:09.787   928   928 W System.err: android.os.DeadObjectException
06-23 20:14:09.787   928   928 W System.err: 	at android.os.BinderProxy.transactNative(Native Method)
06-23 20:14:09.787   928   928 W System.err: 	at android.os.BinderProxy.transact(BinderProxy.java:635)
06-23 20:14:09.787   928   928 W System.err: 	at ra.f0.E(r8-map-id-9a00c63f20ec16254d7cafb0ffb5385bf9a4138d937a8586839901e6cf907e16:22)
06-23 20:14:09.787   928   928 W System.err: 	at ra.p0.handleMessage(r8-map-id-9a00c63f20ec16254d7cafb0ffb5385bf9a4138d937a8586839901e6cf907e16:323)
06-23 20:14:09.787   928   928 W System.err: 	at ra.p0.a(r8-map-id-9a00c63f20ec16254d7cafb0ffb5385bf9a4138d937a8586839901e6cf907e16:11)
06-23 20:14:09.787   928   928 W System.err: 	at ra.q0.onOutputBufferAvailable(r8-map-id-9a00c63f20ec16254d7cafb0ffb5385bf9a4138d937a8586839901e6cf907e16:11)
06-23 20:14:09.787   928   928 W System.err: 	at android.media.MediaCodec$EventHandler.handleCallback(MediaCodec.java:1845)
06-23 20:14:09.787   928   928 W System.err: 	at android.media.MediaCodec$EventHandler.handleMessage(MediaCodec.java:1743)
06-23 20:14:09.787   928   928 W System.err: 	at android.os.Handler.dispatchMessage(Handler.java:106)
06-23 20:14:09.787   928   928 W System.err: 	at android.os.Looper.loopOnce(Looper.java:233)
06-23 20:14:09.787   928   928 W System.err: 	at android.os.Looper.loop(Looper.java:344)
06-23 20:14:09.788   928   928 W System.err: 	at android.app.ActivityThread.main(ActivityThread.java:8212)
06-23 20:14:09.788   928   928 W System.err: 	at java.lang.reflect.Method.invoke(Native Method)
06-23 20:14:09.788   928   928 W System.err: 	at com.android.internal.os.RuntimeInit$MethodAndArgsCaller.run(RuntimeInit.java:584)
06-23 20:14:09.788   928   928 W System.err: 	at com.android.internal.os.ZygoteInit.main(ZygoteInit.java:1034)
06-23 20:14:09.788   928   928 W System.err: android.os.DeadObjectException
06-23 20:14:09.789   928   928 W System.err: 	at android.os.BinderProxy.transactNative(Native Method)
06-23 20:14:09.789   928   928 W System.err: 	at android.os.BinderProxy.transact(BinderProxy.java:635)
06-23 20:14:09.789   928   928 W System.err: 	at ra.f0.E(r8-map-id-9a00c63f20ec16254d7cafb0ffb5385bf9a4138d937a8586839901e6cf907e16:22)
06-23 20:14:09.789   928   928 W System.err: 	at ra.p0.handleMessage(r8-map-id-9a00c63f20ec16254d7cafb0ffb5385bf9a4138d937a8586839901e6cf907e16:323)
06-23 20:14:09.789   928   928 W System.err: 	at ra.p0.a(r8-map-id-9a00c63f20ec16254d7cafb0ffb5385bf9a4138d937a8586839901e6cf907e16:11)
06-23 20:14:09.789   928   928 W System.err: 	at ra.q0.onOutputBufferAvailable(r8-map-id-9a00c63f20ec16254d7cafb0ffb5385bf9a4138d937a8586839901e6cf907e16:11)
06-23 20:14:09.789   928   928 W System.err: 	at android.media.MediaCodec$EventHandler.handleCallback(MediaCodec.java:1845)
06-23 20:14:09.789   928   928 W System.err: 	at android.media.MediaCodec$EventHandler.handleMessage(MediaCodec.java:1743)
06-23 20:14:09.789   928   928 W System.err: 	at android.os.Handler.dispatchMessage(Handler.java:106)
06-23 20:14:09.789   928   928 W System.err: 	at android.os.Looper.loopOnce(Looper.java:233)
06-23 20:14:09.789   928   928 W System.err: 	at android.os.Looper.loop(Looper.java:344)
06-23 20:14:09.789   928   928 W System.err: 	at android.app.ActivityThread.main(ActivityThread.java:8212)
06-23 20:14:09.789   928   928 W System.err: 	at java.lang.reflect.Method.invoke(Native Method)
06-23 20:14:09.789   928   928 W System.err: 	at com.android.internal.os.RuntimeInit$MethodAndArgsCaller.run(RuntimeInit.java:584)
06-23 20:14:09.789   928   928 W System.err: 	at com.android.internal.os.ZygoteInit.main(ZygoteInit.java:1034)
06-23 20:14:09.792   928   928 W System.err: android.os.DeadObjectException
06-23 20:14:09.792   928   928 W System.err: 	at android.os.BinderProxy.transactNative(Native Method)
06-23 20:14:09.793   928   928 W System.err: 	at android.os.BinderProxy.transact(BinderProxy.java:635)
06-23 20:14:09.793   928   928 W System.err: 	at ra.f0.E(r8-map-id-9a00c63f20ec16254d7cafb0ffb5385bf9a4138d937a8586839901e6cf907e16:22)
06-23 20:14:09.793   928   928 W System.err: 	at ra.p0.handleMessage(r8-map-id-9a00c63f20ec16254d7cafb0ffb5385bf9a4138d937a8586839901e6cf907e16:323)
06-23 20:14:09.793   928   928 W System.err: 	at ra.p0.a(r8-map-id-9a00c63f20ec16254d7cafb0ffb5385bf9a4138d937a8586839901e6cf907e16:11)
06-23 20:14:09.793   928   928 W System.err: 	at ra.q0.onOutputBufferAvailable(r8-map-id-9a00c63f20ec16254d7cafb0ffb5385bf9a4138d937a8586839901e6cf907e16:11)
06-23 20:14:09.793   928   928 W System.err: 	at android.media.MediaCodec$EventHandler.handleCallback(MediaCodec.java:1845)
06-23 20:14:09.793   928   928 W System.err: 	at android.media.MediaCodec$EventHandler.handleMessage(MediaCodec.java:1743)
06-23 20:14:09.793   928   928 W System.err: 	at android.os.Handler.dispatchMessage(Handler.java:106)
06-23 20:14:09.793   928   928 W System.err: 	at android.os.Looper.loopOnce(Looper.java:233)
06-23 20:14:09.793   928   928 W System.err: 	at android.os.Looper.loop(Looper.java:344)
06-23 20:14:09.793   928   928 W System.err: 	at android.app.ActivityThread.main(ActivityThread.java:8212)
06-23 20:14:09.793   928   928 W System.err: 	at java.lang.reflect.Method.invoke(Native Method)
06-23 20:14:09.793   928   928 W System.err: 	at com.android.internal.os.RuntimeInit$MethodAndArgsCaller.run(RuntimeInit.java:584)
06-23 20:14:09.793   928   928 W System.err: 	at com.android.internal.os.ZygoteInit.main(ZygoteInit.java:1034)
06-23 20:14:09.795   928   928 W System.err: android.os.DeadObjectException
06-23 20:14:09.795   928   928 W System.err: 	at android.os.BinderProxy.transactNative(Native Method)
06-23 20:14:09.795   928   928 W System.err: 	at android.os.BinderProxy.transact(BinderProxy.java:635)
06-23 20:14:09.795   928   928 W System.err: 	at ra.f0.E(r8-map-id-9a00c63f20ec16254d7cafb0ffb5385bf9a4138d937a8586839901e6cf907e16:22)
06-23 20:14:09.795   928   928 W System.err: 	at ra.p0.handleMessage(r8-map-id-9a00c63f20ec16254d7cafb0ffb5385bf9a4138d937a8586839901e6cf907e16:323)
06-23 20:14:09.795   928   928 W System.err: 	at ra.p0.a(r8-map-id-9a00c63f20ec16254d7cafb0ffb5385bf9a4138d937a8586839901e6cf907e16:11)
06-23 20:14:09.796   928   928 W System.err: 	at ra.q0.onOutputBufferAvailable(r8-map-id-9a00c63f20ec16254d7cafb0ffb5385bf9a4138d937a8586839901e6cf907e16:11)
06-23 20:14:09.796   928   928 W System.err: 	at android.media.MediaCodec$EventHandler.handleCallback(MediaCodec.java:1845)
06-23 20:14:09.796   928   928 W System.err: 	at android.media.MediaCodec$EventHandler.handleMessage(MediaCodec.java:1743)
06-23 20:14:09.796   928   928 W System.err: 	at android.os.Handler.dispatchMessage(Handler.java:106)
06-23 20:14:09.796   928   928 W System.err: 	at android.os.Looper.loopOnce(Looper.java:233)
06-23 20:14:09.796   928   928 W System.err: 	at android.os.Looper.loop(Looper.java:344)
06-23 20:14:09.796   928   928 W System.err: 	at android.app.ActivityThread.main(ActivityThread.java:8212)
06-23 20:14:09.796   928   928 W System.err: 	at java.lang.reflect.Method.invoke(Native Method)
06-23 20:14:09.796   928   928 W System.err: 	at com.android.internal.os.RuntimeInit$MethodAndArgsCaller.run(RuntimeInit.java:584)
06-23 20:14:09.796   928   928 W System.err: 	at com.android.internal.os.ZygoteInit.main(ZygoteInit.java:1034)
06-23 20:14:09.801   928  1094 W libc    : Access denied finding property "vendor.oplus.media.vpp.stutter"
06-23 20:14:09.804   928   928 W System.err: android.os.DeadObjectException
06-23 20:14:09.804   928   928 W System.err: 	at android.os.BinderProxy.transactNative(Native Method)
06-23 20:14:09.804   928   928 W System.err: 	at android.os.BinderProxy.transact(BinderProxy.java:635)
06-23 20:14:09.804   928   928 W System.err: 	at ra.f0.E(r8-map-id-9a00c63f20ec16254d7cafb0ffb5385bf9a4138d937a8586839901e6cf907e16:22)
06-23 20:14:09.804   928   928 W System.err: 	at ra.p0.handleMessage(r8-map-id-9a00c63f20ec16254d7cafb0ffb5385bf9a4138d937a8586839901e6cf907e16:323)
06-23 20:14:09.804   928   928 W System.err: 	at ra.p0.a(r8-map-id-9a00c63f20ec16254d7cafb0ffb5385bf9a4138d937a8586839901e6cf907e16:11)
06-23 20:14:09.804   928   928 W System.err: 	at ra.q0.onOutputBufferAvailable(r8-map-id-9a00c63f20ec16254d7cafb0ffb5385bf9a4138d937a8586839901e6cf907e16:11)
06-23 20:14:09.804   928   928 W System.err: 	at android.media.MediaCodec$EventHandler.handleCallback(MediaCodec.java:1845)
06-23 20:14:09.804   928   928 W System.err: 	at android.media.MediaCodec$EventHandler.handleMessage(MediaCodec.java:1743)
06-23 20:14:09.804   928   928 W System.err: 	at android.os.Handler.dispatchMessage(Handler.java:106)
06-23 20:14:09.804   928   928 W System.err: 	at android.os.Looper.loopOnce(Looper.java:233)
06-23 20:14:09.804   928   928 W System.err: 	at android.os.Looper.loop(Looper.java:344)
06-23 20:14:09.804   928   928 W System.err: 	at android.app.ActivityThread.main(ActivityThread.java:8212)
06-23 20:14:09.804   928   928 W System.err: 	at java.lang.reflect.Method.invoke(Native Method)
06-23 20:14:09.804   928   928 W System.err: 	at com.android.internal.os.RuntimeInit$MethodAndArgsCaller.run(RuntimeInit.java:584)
06-23 20:14:09.804   928   928 W System.err: 	at com.android.internal.os.ZygoteInit.main(ZygoteInit.java:1034)
06-23 20:14:09.806   928   928 W System.err: android.os.DeadObjectException
06-23 20:14:09.806   928   928 W System.err: 	at android.os.BinderProxy.transactNative(Native Method)
06-23 20:14:09.806   928   928 W System.err: 	at android.os.BinderProxy.transact(BinderProxy.java:635)
06-23 20:14:09.806   928   928 W System.err: 	at ra.f0.E(r8-map-id-9a00c63f20ec16254d7cafb0ffb5385bf9a4138d937a8586839901e6cf907e16:22)
06-23 20:14:09.806   928   928 W System.err: 	at ra.p0.handleMessage(r8-map-id-9a00c63f20ec16254d7cafb0ffb5385bf9a4138d937a8586839901e6cf907e16:323)
06-23 20:14:09.806   928   928 W System.err: 	at ra.p0.a(r8-map-id-9a00c63f20ec16254d7cafb0ffb5385bf9a4138d937a8586839901e6cf907e16:11)
06-23 20:14:09.806   928   928 W System.err: 	at ra.q0.onOutputBufferAvailable(r8-map-id-9a00c63f20ec16254d7cafb0ffb5385bf9a4138d937a8586839901e6cf907e16:11)
06-23 20:14:09.806   928   928 W System.err: 	at android.media.MediaCodec$EventHandler.handleCallback(MediaCodec.java:1845)
06-23 20:14:09.807   928   928 W System.err: 	at android.media.MediaCodec$EventHandler.handleMessage(MediaCodec.java:1743)
06-23 20:14:09.807   928   928 W System.err: 	at android.os.Handler.dispatchMessage(Handler.java:106)
06-23 20:14:09.807   928   928 W System.err: 	at android.os.Looper.loopOnce(Looper.java:233)
06-23 20:14:09.807   928   928 W System.err: 	at android.os.Looper.loop(Looper.java:344)
06-23 20:14:09.807   928   928 W System.err: 	at android.app.ActivityThread.main(ActivityThread.java:8212)
06-23 20:14:09.807   928   928 W System.err: 	at java.lang.reflect.Method.invoke(Native Method)
06-23 20:14:09.807   928   928 W System.err: 	at com.android.internal.os.RuntimeInit$MethodAndArgsCaller.run(RuntimeInit.java:584)
06-23 20:14:09.807   928   928 W System.err: 	at com.android.internal.os.ZygoteInit.main(ZygoteInit.java:1034)
06-23 20:14:09.841   928  1076 W libc    : Access denied finding property "vendor.oplus.media.vpp.stutter"
06-23 20:14:09.841   928   995 W libc    : Access denied finding property "vendor.oplus.media.vpp.stutter"
06-23 20:14:09.841   928   928 W System.err: android.os.DeadObjectException
06-23 20:14:09.841   928   928 W System.err: 	at android.os.BinderProxy.transactNative(Native Method)
06-23 20:14:09.841   928   928 W System.err: 	at android.os.BinderProxy.transact(BinderProxy.java:635)
06-23 20:14:09.841   928   928 W System.err: 	at ra.f0.E(r8-map-id-9a00c63f20ec16254d7cafb0ffb5385bf9a4138d937a8586839901e6cf907e16:22)
06-23 20:14:09.841   928   928 W System.err: 	at ra.p0.handleMessage(r8-map-id-9a00c63f20ec16254d7cafb0ffb5385bf9a4138d937a8586839901e6cf907e16:323)
06-23 20:14:09.841   928   928 W System.err: 	at ra.p0.a(r8-map-id-9a00c63f20ec16254d7cafb0ffb5385bf9a4138d937a8586839901e6cf907e16:11)
06-23 20:14:09.841   928   928 W System.err: 	at ra.q0.onOutputBufferAvailable(r8-map-id-9a00c63f20ec16254d7cafb0ffb5385bf9a4138d937a8586839901e6cf907e16:11)
06-23 20:14:09.841   928   928 W System.err: 	at android.media.MediaCodec$EventHandler.handleCallback(MediaCodec.java:1845)
06-23 20:14:09.841   928   928 W System.err: 	at android.media.MediaCodec$EventHandler.handleMessage(MediaCodec.java:1743)
06-23 20:14:09.841   928   928 W System.err: 	at android.os.Handler.dispatchMessage(Handler.java:106)
06-23 20:14:09.842   928   928 W System.err: 	at android.os.Looper.loopOnce(Looper.java:233)
06-23 20:14:09.842   928   928 W System.err: 	at android.os.Looper.loop(Looper.java:344)
06-23 20:14:09.842   928   928 W System.err: 	at android.app.ActivityThread.main(ActivityThread.java:8212)
06-23 20:14:09.842   928   928 W System.err: 	at java.lang.reflect.Method.invoke(Native Method)
06-23 20:14:09.842   928   928 W System.err: 	at com.android.internal.os.RuntimeInit$MethodAndArgsCaller.run(RuntimeInit.java:584)
06-23 20:14:09.842   928   928 W System.err: 	at com.android.internal.os.ZygoteInit.main(ZygoteInit.java:1034)
06-23 20:14:09.843   928   928 W System.err: android.os.DeadObjectException
06-23 20:14:09.843   928   928 W System.err: 	at android.os.BinderProxy.transactNative(Native Method)
06-23 20:14:09.843   928   928 W System.err: 	at android.os.BinderProxy.transact(BinderProxy.java:635)
06-23 20:14:09.843   928   928 W System.err: 	at ra.f0.k(r8-map-id-9a00c63f20ec16254d7cafb0ffb5385bf9a4138d937a8586839901e6cf907e16:17)
06-23 20:14:09.843   928   928 W System.err: 	at ra.d.d(r8-map-id-9a00c63f20ec16254d7cafb0ffb5385bf9a4138d937a8586839901e6cf907e16:168)
06-23 20:14:09.843   928   928 W System.err: 	at ra.p0.handleMessage(r8-map-id-9a00c63f20ec16254d7cafb0ffb5385bf9a4138d937a8586839901e6cf907e16:452)
06-23 20:14:09.843   928   928 W System.err: 	at ra.p0.a(r8-map-id-9a00c63f20ec16254d7cafb0ffb5385bf9a4138d937a8586839901e6cf907e16:11)
06-23 20:14:09.843   928   928 W System.err: 	at ra.q0.onInputBufferAvailable(r8-map-id-9a00c63f20ec16254d7cafb0ffb5385bf9a4138d937a8586839901e6cf907e16:11)
06-23 20:14:09.843   928   928 W System.err: 	at android.media.MediaCodec$EventHandler.handleCallback(MediaCodec.java:1815)
06-23 20:14:09.843   928   928 W System.err: 	at android.media.MediaCodec$EventHandler.handleMessage(MediaCodec.java:1743)
06-23 20:14:09.843   928   928 W System.err: 	at android.os.Handler.dispatchMessage(Handler.java:106)
06-23 20:14:09.843   928   928 W System.err: 	at android.os.Looper.loopOnce(Looper.java:233)
06-23 20:14:09.843   928   928 W System.err: 	at android.os.Looper.loop(Looper.java:344)
06-23 20:14:09.844   928   928 W System.err: 	at android.app.ActivityThread.main(ActivityThread.java:8212)
06-23 20:14:09.844   928   928 W System.err: 	at java.lang.reflect.Method.invoke(Native Method)
06-23 20:14:09.844   928   928 W System.err: 	at com.android.internal.os.RuntimeInit$MethodAndArgsCaller.run(RuntimeInit.java:584)
06-23 20:14:09.844   928   928 W System.err: 	at com.android.internal.os.ZygoteInit.main(ZygoteInit.java:1034)
06-23 20:14:09.844   928   928 W System.err: android.os.DeadObjectException
06-23 20:14:09.845   928   928 W System.err: 	at android.os.BinderProxy.transactNative(Native Method)
06-23 20:14:09.845   928   928 W System.err: 	at android.os.BinderProxy.transact(BinderProxy.java:635)
06-23 20:14:09.845   928   928 W System.err: 	at ra.f0.t(r8-map-id-9a00c63f20ec16254d7cafb0ffb5385bf9a4138d937a8586839901e6cf907e16:22)
06-23 20:14:09.845   928   928 W System.err: 	at ra.p0.handleMessage(r8-map-id-9a00c63f20ec16254d7cafb0ffb5385bf9a4138d937a8586839901e6cf907e16:245)
06-23 20:14:09.845   928   928 W System.err: 	at ra.p0.a(r8-map-id-9a00c63f20ec16254d7cafb0ffb5385bf9a4138d937a8586839901e6cf907e16:11)
06-23 20:14:09.845   928   928 W System.err: 	at ra.q0.onOutputFormatChanged(r8-map-id-9a00c63f20ec16254d7cafb0ffb5385bf9a4138d937a8586839901e6cf907e16:10)
06-23 20:14:09.845   928   928 W System.err: 	at android.media.MediaCodec$EventHandler.handleCallback(MediaCodec.java:1858)
06-23 20:14:09.845   928   928 W System.err: 	at android.media.MediaCodec$EventHandler.handleMessage(MediaCodec.java:1743)
06-23 20:14:09.845   928   928 W System.err: 	at android.os.Handler.dispatchMessage(Handler.java:106)
06-23 20:14:09.845   928   928 W System.err: 	at android.os.Looper.loopOnce(Looper.java:233)
06-23 20:14:09.845   928   928 W System.err: 	at android.os.Looper.loop(Looper.java:344)
06-23 20:14:09.845   928   928 W System.err: 	at android.app.ActivityThread.main(ActivityThread.java:8212)
06-23 20:14:09.845   928   928 W System.err: 	at java.lang.reflect.Method.invoke(Native Method)
06-23 20:14:09.845   928   928 W System.err: 	at com.android.internal.os.RuntimeInit$MethodAndArgsCaller.run(RuntimeInit.java:584)
06-23 20:14:09.845   928   928 W System.err: 	at com.android.internal.os.ZygoteInit.main(ZygoteInit.java:1034)
06-23 20:14:09.846   928   928 W System.err: android.os.DeadObjectException
06-23 20:14:09.847   928   928 W System.err: 	at android.os.BinderProxy.transactNative(Native Method)
06-23 20:14:09.847   928   928 W System.err: 	at android.os.BinderProxy.transact(BinderProxy.java:635)
06-23 20:14:09.847   928   928 W System.err: 	at ra.f0.E(r8-map-id-9a00c63f20ec16254d7cafb0ffb5385bf9a4138d937a8586839901e6cf907e16:22)
06-23 20:14:09.847   928   928 W System.err: 	at ra.p0.handleMessage(r8-map-id-9a00c63f20ec16254d7cafb0ffb5385bf9a4138d937a8586839901e6cf907e16:323)
06-23 20:14:09.847   928   928 W System.err: 	at ra.p0.a(r8-map-id-9a00c63f20ec16254d7cafb0ffb5385bf9a4138d937a8586839901e6cf907e16:11)
06-23 20:14:09.847   928   928 W System.err: 	at ra.q0.onOutputBufferAvailable(r8-map-id-9a00c63f20ec16254d7cafb0ffb5385bf9a4138d937a8586839901e6cf907e16:11)
06-23 20:14:09.847   928   928 W System.err: 	at android.media.MediaCodec$EventHandler.handleCallback(MediaCodec.java:1845)
06-23 20:14:09.847   928   928 W System.err: 	at android.media.MediaCodec$EventHandler.handleMessage(MediaCodec.java:1743)
06-23 20:14:09.847   928   928 W System.err: 	at android.os.Handler.dispatchMessage(Handler.java:106)
06-23 20:14:09.848   928   928 W System.err: 	at android.os.Looper.loopOnce(Looper.java:233)
06-23 20:14:09.848   928   928 W System.err: 	at android.os.Looper.loop(Looper.java:344)
06-23 20:14:09.848   928   928 W System.err: 	at android.app.ActivityThread.main(ActivityThread.java:8212)
06-23 20:14:09.848   928   928 W System.err: 	at java.lang.reflect.Method.invoke(Native Method)
06-23 20:14:09.848   928   928 W System.err: 	at com.android.internal.os.RuntimeInit$MethodAndArgsCaller.run(RuntimeInit.java:584)
06-23 20:14:09.848   928   928 W System.err: 	at com.android.internal.os.ZygoteInit.main(ZygoteInit.java:1034)
06-23 20:14:09.870   928  1172 W libc    : Access denied finding property "vendor.oplus.media.vpp.stutter"
06-23 20:14:09.878   928   928 W System.err: android.os.DeadObjectException
06-23 20:14:09.878   928   928 W System.err: 	at android.os.BinderProxy.transactNative(Native Method)
06-23 20:14:09.878   928   928 W System.err: 	at android.os.BinderProxy.transact(BinderProxy.java:635)
06-23 20:14:09.878   928   928 W System.err: 	at ra.f0.E(r8-map-id-9a00c63f20ec16254d7cafb0ffb5385bf9a4138d937a8586839901e6cf907e16:22)
06-23 20:14:09.878   928   928 W System.err: 	at ra.p0.handleMessage(r8-map-id-9a00c63f20ec16254d7cafb0ffb5385bf9a4138d937a8586839901e6cf907e16:323)
06-23 20:14:09.878   928   928 W System.err: 	at ra.p0.a(r8-map-id-9a00c63f20ec16254d7cafb0ffb5385bf9a4138d937a8586839901e6cf907e16:11)
06-23 20:14:09.878   928   928 W System.err: 	at ra.q0.onOutputBufferAvailable(r8-map-id-9a00c63f20ec16254d7cafb0ffb5385bf9a4138d937a8586839901e6cf907e16:11)
06-23 20:14:09.878   928   928 W System.err: 	at android.media.MediaCodec$EventHandler.handleCallback(MediaCodec.java:1845)
06-23 20:14:09.878   928   928 W System.err: 	at android.media.MediaCodec$EventHandler.handleMessage(MediaCodec.java:1743)
06-23 20:14:09.878   928   928 W System.err: 	at android.os.Handler.dispatchMessage(Handler.java:106)
06-23 20:14:09.878   928   928 W System.err: 	at android.os.Looper.loopOnce(Looper.java:233)
06-23 20:14:09.878   928   928 W System.err: 	at android.os.Looper.loop(Looper.java:344)
06-23 20:14:09.878   928   928 W System.err: 	at android.app.ActivityThread.main(ActivityThread.java:8212)
06-23 20:14:09.878   928   928 W System.err: 	at java.lang.reflect.Method.invoke(Native Method)
06-23 20:14:09.878   928   928 W System.err: 	at com.android.internal.os.RuntimeInit$MethodAndArgsCaller.run(RuntimeInit.java:584)
06-23 20:14:09.878   928   928 W System.err: 	at com.android.internal.os.ZygoteInit.main(ZygoteInit.java:1034)
06-23 20:14:09.906  1173  1213 W GeckoEditableChild: No editable parent
06-23 20:14:10.058 21493 21525 W libEGL  : EGLNativeWindowType 0xb400007b688fc810 disconnect failed
06-23 20:14:10.058   928   944 E GeckoRemoteCodec: Callbacks is dead
06-23 20:14:10.058   928   943 E GeckoRemoteCodec: Callbacks is dead
06-23 20:14:10.058   928   976 E GeckoRemoteCodec: Callbacks is dead
06-23 20:14:10.059   928  1137 E GeckoRemoteCodec: Callbacks is dead
06-23 20:14:10.059   928  1156 E GeckoRemoteCodec: Callbacks is dead
06-23 20:14:10.059   928  1148 E GeckoRemoteCodec: Callbacks is dead
06-23 20:14:10.059   928   975 E GeckoRemoteCodec: Callbacks is dead
06-23 20:14:10.059   928  1154 E GeckoRemoteCodec: Callbacks is dead
06-23 20:14:10.061   928   975 W System.err: android.media.MediaCodec$CodecException: Error 0xfffffff3
06-23 20:14:10.061   928   975 W System.err: 	at android.media.MediaCodec.releaseOutputBuffer(Native Method)
06-23 20:14:10.061   928   975 W System.err: 	at android.media.MediaCodec.releaseOutputBufferInternal(MediaCodec.java:3651)
06-23 20:14:10.061   928   975 W System.err: 	at android.media.MediaCodec.releaseOutputBuffer(MediaCodec.java:3572)
06-23 20:14:10.061   928   975 W System.err: 	at ra.f.d(r8-map-id-9a00c63f20ec16254d7cafb0ffb5385bf9a4138d937a8586839901e6cf907e16:31)
06-23 20:14:10.061   928   975 W System.err: 	at ra.f.b(r8-map-id-9a00c63f20ec16254d7cafb0ffb5385bf9a4138d937a8586839901e6cf907e16:11)
06-23 20:14:10.061   928   975 W System.err: 	at ra.g.release(r8-map-id-9a00c63f20ec16254d7cafb0ffb5385bf9a4138d937a8586839901e6cf907e16:9)
06-23 20:14:10.061   928   975 W System.err: 	at ra.g.binderDied(r8-map-id-9a00c63f20ec16254d7cafb0ffb5385bf9a4138d937a8586839901e6cf907e16:9)
06-23 20:14:10.061   928   975 W System.err: 	at android.os.IBinder$DeathRecipient.binderDied(IBinder.java:314)
06-23 20:14:10.061   928   975 W System.err: 	at android.os.BinderProxy.sendDeathNotice(BinderProxy.java:756)
06-23 20:14:10.061   928   975 W System.err: android.os.DeadObjectException
06-23 20:14:10.061   928   975 W System.err: 	at android.os.BinderProxy.transactNative(Native Method)
06-23 20:14:10.061   928   975 W System.err: 	at android.os.BinderProxy.transact(BinderProxy.java:635)
06-23 20:14:10.061   928   975 W System.err: 	at ra.f0.onError(r8-map-id-9a00c63f20ec16254d7cafb0ffb5385bf9a4138d937a8586839901e6cf907e16:18)
06-23 20:14:10.061   928   975 W System.err: 	at ra.g.K(r8-map-id-9a00c63f20ec16254d7cafb0ffb5385bf9a4138d937a8586839901e6cf907e16:7)
06-23 20:14:10.061   928   975 W System.err: 	at ra.g.release(r8-map-id-9a00c63f20ec16254d7cafb0ffb5385bf9a4138d937a8586839901e6cf907e16:25)
06-23 20:14:10.061   928   975 W System.err: 	at ra.g.binderDied(r8-map-id-9a00c63f20ec16254d7cafb0ffb5385bf9a4138d937a8586839901e6cf907e16:9)
06-23 20:14:10.061   928   975 W System.err: 	at android.os.IBinder$DeathRecipient.binderDied(IBinder.java:314)
06-23 20:14:10.061   928   975 W System.err: 	at android.os.BinderProxy.sendDeathNotice(BinderProxy.java:756)
06-23 20:14:10.064   928  1075 E ExtensionsLoader: freeAllBuffers: 10 buffers were freed while being dequeued!
06-23 20:14:10.065   928  1066 E ExtensionsLoader: freeAllBuffers: 8 buffers were freed while being dequeued!
06-23 20:14:10.066   928  1126 E ExtensionsLoader: freeAllBuffers: 6 buffers were freed while being dequeued!
06-23 20:14:10.072   928   976 E GeckoRemoteCodec: Callbacks is dead
06-23 20:14:10.072   928   988 E ExtensionsLoader: freeAllBuffers: 10 buffers were freed while being dequeued!
06-23 20:14:10.072   928   975 E GeckoRemoteCodec: Callbacks is dead
06-23 20:14:10.072   928   944 E GeckoRemoteCodec: Callbacks is dead
06-23 20:14:10.075   928   944 W System.err: android.media.MediaCodec$CodecException: Error 0xfffffff3
06-23 20:14:10.075   928   944 W System.err: 	at android.media.MediaCodec.releaseOutputBuffer(Native Method)
06-23 20:14:10.075   928   944 W System.err: 	at android.media.MediaCodec.releaseOutputBufferInternal(MediaCodec.java:3651)
06-23 20:14:10.075   928   944 W System.err: 	at android.media.MediaCodec.releaseOutputBuffer(MediaCodec.java:3572)
06-23 20:14:10.075   928   944 W System.err: 	at ra.f.d(r8-map-id-9a00c63f20ec16254d7cafb0ffb5385bf9a4138d937a8586839901e6cf907e16:31)
06-23 20:14:10.075   928   944 W System.err: 	at ra.f.b(r8-map-id-9a00c63f20ec16254d7cafb0ffb5385bf9a4138d937a8586839901e6cf907e16:11)
06-23 20:14:10.075   928   944 W System.err: 	at ra.g.release(r8-map-id-9a00c63f20ec16254d7cafb0ffb5385bf9a4138d937a8586839901e6cf907e16:9)
06-23 20:14:10.075   928   944 W System.err: 	at ra.g.binderDied(r8-map-id-9a00c63f20ec16254d7cafb0ffb5385bf9a4138d937a8586839901e6cf907e16:9)
06-23 20:14:10.075   928   944 W System.err: 	at android.os.IBinder$DeathRecipient.binderDied(IBinder.java:314)
06-23 20:14:10.075   928   944 W System.err: 	at android.os.BinderProxy.sendDeathNotice(BinderProxy.java:756)
06-23 20:14:10.075   928   944 W System.err: android.os.DeadObjectException
06-23 20:14:10.075   928   944 W System.err: 	at android.os.BinderProxy.transactNative(Native Method)
06-23 20:14:10.076   928   944 W System.err: 	at android.os.BinderProxy.transact(BinderProxy.java:635)
06-23 20:14:10.076   928   944 W System.err: 	at ra.f0.onError(r8-map-id-9a00c63f20ec16254d7cafb0ffb5385bf9a4138d937a8586839901e6cf907e16:18)
06-23 20:14:10.076   928   944 W System.err: 	at ra.g.K(r8-map-id-9a00c63f20ec16254d7cafb0ffb5385bf9a4138d937a8586839901e6cf907e16:7)
06-23 20:14:10.076   928   944 W System.err: 	at ra.g.release(r8-map-id-9a00c63f20ec16254d7cafb0ffb5385bf9a4138d937a8586839901e6cf907e16:25)
06-23 20:14:10.076   928   944 W System.err: 	at ra.g.binderDied(r8-map-id-9a00c63f20ec16254d7cafb0ffb5385bf9a4138d937a8586839901e6cf907e16:9)
06-23 20:14:10.076   928   944 W System.err: 	at android.os.IBinder$DeathRecipient.binderDied(IBinder.java:314)
06-23 20:14:10.076   928   944 W System.err: 	at android.os.BinderProxy.sendDeathNotice(BinderProxy.java:756)
06-23 20:14:10.077   928   928 W GeckoMediaManager: unbound while client still active.
06-23 20:14:10.141  1173  1213 W AudioCapabilities: Unsupported mime audio/ffmpeg
06-23 20:14:10.142  1173  1213 W VideoCapabilities: Unsupported mime video/ffmpeg
06-23 20:14:10.143  1173  1213 W VideoCapabilities: Unrecognized profile/level 0/3 for video/mpeg2
06-23 20:14:10.143  1173  1213 W VideoCapabilities: Unrecognized profile/level 0/3 for video/mpeg2
06-23 20:14:10.318  1173  1213 E Isolated Web Content: @https://a.espncdn.com/redesign/0.779.1/js/espn-critical-mobile.js:14:21207
