06-09 14:28:55.992 12034 12034 F DEBUG   :       #36 pc 0000000000ada2f2  /data/app/~~l0omnlK6fvq8XsSVmxY3Eg==/com.vibekey.keyboard-Enp4zHdRUBeYnzpN18bTAQ==/oat/arm64/base.vdex (x7.d.handleMessage+18)
06-09 14:28:55.992 12034 12034 F DEBUG   :       #37 pc 000000000205b2d4  /memfd:jit-zygote-cache (deleted)
06-09 14:28:57.386 12067 12067 E ibekey.keyboar: Unknown bits set in runtime_flags: 0x40000000
06-09 14:28:57.490 12067 12067 W f0      : Could not load system glide typing library jni_latinimegoogle: dlopen failed: library "libjni_latinimegoogle.so" not found
06-09 14:28:57.581 12067 12067 W t       : No editor info for this field. Bug?
06-09 14:28:57.594 12067 12067 I VkMultilingual: reset main=pt-BR locales=[pt-BR,fr-CA,es-419] count=3
06-09 14:28:57.625 12067 12067 W ibekey.keyboar: ClassLoaderContext classpath size mismatch. expected=1, found=0 (DLC[];PCL[base.apk*116719914]{PCL[/system/framework/org.apache.http.legacy.jar*3034548894]#PCL[/apex/com.android.extservices/javalib/android.ext.adservices.jar*3839736497]#PCL[/system/framework/com.android.location.provider.jar*3633238672]#PCL[/system/framework/com.android.media.remotedisplay.jar*3472798123]#PCL[/apex/com.android.extservices/javalib/android.ext.adservices.jar*3839736497]} | DLC[];PCL[])
06-09 14:28:57.645 12067 12067 W System  : ClassLoader referenced unknown path: 
06-09 14:28:57.649 12067 12067 W ibekey.keyboar: ClassLoaderContext classpath element checksum mismatch. expected=116719914, found=620402119 (DLC[];PCL[base.apk*116719914]{PCL[/system/framework/org.apache.http.legacy.jar*3034548894]#PCL[/apex/com.android.extservices/javalib/android.ext.adservices.jar*3839736497]#PCL[/system/framework/com.android.location.provider.jar*3633238672]#PCL[/system/framework/com.android.media.remotedisplay.jar*3472798123]#PCL[/apex/com.android.extservices/javalib/android.ext.adservices.jar*3839736497]} | DLC[];PCL[/data/app/~~l0omnlK6fvq8XsSVmxY3Eg==/com.vibekey.keyboard-Enp4zHdRUBeYnzpN18bTAQ==/base.apk*620402119]{PCL[/apex/com.android.extservices/javalib/android.ext.adservices.jar*3839736497]})
06-09 14:28:57.712 12067 12067 E ibekey.keyboar: ofbOpen failed with error=No such file or directory
06-09 14:28:57.712 12067 12067 E ibekey.keyboar: sysOpen failed with error=No such file or directory
06-09 14:28:57.732 12067 12134 W Ads     : Update ad debug logging enablement as false
06-09 14:28:57.748 12067 12067 E MultiApp.Impl: OplusMultiAppImpl
06-09 14:28:57.830 12067 12168 W libc    : Access denied finding property "ro.vendor.api_level"
06-09 14:28:57.835 12067 12067 W chromium: [WARNING:android_webview/browser/network_service/net_helpers.cc:137] HTTP Cache size is: 20971520
06-09 14:28:57.899 12067 12195 W libc    : Access denied finding property "vendor.camera.aux.packagelist"
06-09 14:28:57.899 12067 12195 W libc    : Access denied finding property "vendor.camera.aux.packagelist"
06-09 14:28:57.900 12067 12149 W libc    : Access denied finding property "vendor.camera.aux.packagelist"
06-09 14:28:57.909 12067 12067 I VkSwipe : ○ gesture canceled
06-09 14:28:57.926 12067 12067 I VkEffects: reload anim=scale blur=0px glow=false stickers=true
06-09 14:28:57.928 12067 12067 E OplusCustomizeRestrictionManager: sInstance is null, start a new sInstance
06-09 14:28:57.935 12067 12117 I VkVibeCards: loaded 1 cards (disk)
06-09 14:28:58.016 12067 12067 I SpaceAssistPopup: ○ send ready=false outChars=0
06-09 14:28:58.031 12067 12067 I VkTyping: ▶ open restart=false pkg=com.android.launcher inputType=589825
06-09 14:28:58.158 12067 12180 W cr_media: BLUETOOTH_CONNECT permission is missing.
06-09 14:28:58.159 12067 12180 W cr_media: getBluetoothAdapter() requires BLUETOOTH permission
06-09 14:28:58.160 12067 12180 W cr_media: registerBluetoothIntentsIfNeeded: Requires BLUETOOTH permission
06-09 14:28:58.188 12067 12067 W View    : requestLayout() improperly called by android.widget.LinearLayout{851095b V.E...... ......ID 0,1868-1440,2818 #7f0a010d app:id/input_view_keyboard_column} during layout: running second layout pass
06-09 14:28:58.188 12067 12067 W View    : requestLayout() improperly called by android.widget.LinearLayout{2bce5f8 V.E...... ......ID 0,0-1440,950 #7f0a011c app:id/main_keyboard_frame} during layout: running second layout pass
06-09 14:28:58.266 12067 12189 W AudioCapabilities: Unsupported mime audio/ffmpeg
06-09 14:28:58.266 12067 12189 W VideoCapabilities: Unsupported mime video/ffmpeg
06-09 14:28:58.267 12067 12189 W VideoCapabilities: Unrecognized profile/level 0/3 for video/mpeg2
06-09 14:28:58.267 12067 12189 W VideoCapabilities: Unrecognized profile/level 0/3 for video/mpeg2
06-09 14:28:58.341 12067 12227 W Settings: Setting animator_duration_scale has moved from android.provider.Settings.System to android.provider.Settings.Global, returning read-only global URI.
06-09 14:28:58.346 12067 12227 E GeckoLibLoad: Load sqlite start
06-09 14:28:58.347 12067 12227 E GeckoLibLoad: Load sqlite done
06-09 14:28:58.347 12067 12227 E GeckoLibLoad: Load nss start
06-09 14:28:58.347 12067 12227 E GeckoLibLoad: Load nss done
06-09 14:28:58.356 12067 12227 E GeckoLibLoad: Loaded libs in 9.019843ms total, 8ms(48ms) user, 0ms(0ms) system, 0(0) faults
06-09 14:28:58.357 12067 12227 W GeckoThread: zerdatime 706581218 - runGecko
06-09 14:28:58.409 12067 12067 W com.vibekey.keyboard: type=1400 audit(0.0:299225): avc: denied { bind } for comm=4E65746C696E6B204D6F6E69746F72 scontext=u:r:untrusted_app:s0:c185,c271,c512,c768 tcontext=u:r:untrusted_app:s0:c185,c271,c512,c768 tclass=netlink_route_socket permissive=0 bug=b/155595000 app=com.vibekey.keyboard
06-09 14:28:58.439 12067 12227 E ibekey.keyboar: hiddenapi: Accessing hidden field Ljava/lang/Boolean;->value:Z (runtime_flags=0, domain=core-platform, api=max-target-p) from Lorg/mozilla/gecko/GeckoThread; (domain=app, TargetSdkVersion=35) using JNI: denied
06-09 14:28:58.439 12067 12227 E ibekey.keyboar: hiddenapi: Accessing hidden field Ljava/lang/Integer;->value:I (runtime_flags=0, domain=core-platform, api=max-target-p) from Lorg/mozilla/gecko/GeckoThread; (domain=app, TargetSdkVersion=35) using JNI: denied
06-09 14:28:58.439 12067 12227 E ibekey.keyboar: hiddenapi: Accessing hidden field Ljava/lang/Long;->value:J (runtime_flags=0, domain=core-platform, api=max-target-p) from Lorg/mozilla/gecko/GeckoThread; (domain=app, TargetSdkVersion=35) using JNI: denied
06-09 14:28:58.439 12067 12227 E ibekey.keyboar: hiddenapi: Accessing hidden field Ljava/lang/Double;->value:D (runtime_flags=0, domain=core-platform, api=max-target-p) from Lorg/mozilla/gecko/GeckoThread; (domain=app, TargetSdkVersion=35) using JNI: denied
06-09 14:28:58.524 12253 12253 E .keyboard:tab2: Unknown bits set in runtime_flags: 0x40000000
06-09 14:28:58.735  1164  4405 I OnDeviceAssist: warm ok model=qwen2.5-0.5b-instruct-q4_0.gguf ambient=40 chars 0ms
06-09 14:28:59.289 12067 12067 I SpaceAssistPopup: ○ send ready=false outChars=0
06-09 14:28:59.290 12067 12067 I VkSwipe : ▶ gesture started locale=pt-BR
06-09 14:28:59.314 12067 12108 W VibeKeyProfiler: Slow Native Suggest: Total=19.18ms | Init=0.03ms | TrieExpand(x18)=19.08ms | Scoring=0.07ms | inputSize=1
06-09 14:28:59.328 12067 12108 W VibeKeyProfiler: Slow Native Suggest: Total=12.25ms | Init=0.03ms | TrieExpand(x15)=12.16ms | Scoring=0.06ms | inputSize=1
06-09 14:28:59.342  1164  1270 I OnDeviceAssist: warm ok model=qwen2.5-0.5b-instruct-q4_0.gguf ambient=40 chars 0ms
06-09 14:28:59.345 12067 12108 W VibeKeyProfiler: Slow Native Suggest: Total=14.60ms | Init=0.03ms | TrieExpand(x22)=14.51ms | Scoring=0.06ms | inputSize=1
06-09 14:28:59.363 12067 12108 W VibeKeyProfiler: Slow Native Suggest: Total=11.10ms | Init=0.01ms | TrieExpand(x16)=11.03ms | Scoring=0.06ms | inputSize=1
06-09 14:28:59.372 12067 12108 I VkSuggestions: decode typedLen=0 candidates=18 locales=3 79,2ms
06-09 14:28:59.372 12067 12108 W VkSuggestions: slow frame 79,2ms locales=3 typedLen=0 candidates=18 parallelWait=79,0ms
06-09 14:28:59.422 12067 12108 W VibeKeyProfiler: Slow Native Suggest: Total=10.36ms | Init=0.10ms | TrieExpand(x13)=10.21ms | Scoring=0.05ms | inputSize=2
06-09 14:28:59.444 12067 12108 W VibeKeyProfiler: Slow Native Suggest: Total=11.22ms | Init=0.07ms | TrieExpand(x13)=11.10ms | Scoring=0.05ms | inputSize=2
06-09 14:28:59.458 12067 12108 W VibeKeyProfiler: Slow Native Suggest: Total=9.18ms | Init=0.07ms | TrieExpand(x13)=9.06ms | Scoring=0.05ms | inputSize=2
06-09 14:28:59.460 12067 12108 I VkSuggestions: decode typedLen=2 candidates=18 locales=3 49,7ms
06-09 14:28:59.461 12067 12108 W VkSuggestions: slow frame 49,7ms locales=3 typedLen=2 candidates=18 parallelWait=49,4ms
06-09 14:28:59.473 12067 12108 W VibeKeyProfiler: Slow Native Suggest: Total=10.04ms | Init=0.13ms | TrieExpand(x5)=9.85ms | Scoring=0.06ms | inputSize=10
06-09 14:28:59.494 12067 12108 W VibeKeyProfiler: Slow Native Suggest: Total=9.93ms | Init=0.09ms | TrieExpand(x5)=9.78ms | Scoring=0.05ms | inputSize=10
06-09 14:28:59.509 12067 12108 W VibeKeyProfiler: Slow Native Suggest: Total=9.64ms | Init=0.10ms | TrieExpand(x5)=9.49ms | Scoring=0.04ms | inputSize=10
06-09 14:28:59.511 12067 12108 I VkSuggestions: decode typedLen=0 candidates=18 locales=3 49,7ms
06-09 14:28:59.512 12067 12108 W VkSuggestions: slow frame 49,7ms locales=3 typedLen=0 candidates=18 parallelWait=49,3ms
06-09 14:28:59.553 12067 12108 I VkSuggestions: decode typedLen=2 candidates=18 locales=3 19,5ms
06-09 14:28:59.553 12067 12108 W VkSuggestions: slow frame 19,5ms locales=3 typedLen=2 candidates=18 parallelWait=19,4ms
06-09 14:28:59.564 12067 12108 W VibeKeyProfiler: Slow Native Suggest: Total=10.08ms | Init=0.05ms | TrieExpand(x5)=9.99ms | Scoring=0.05ms | inputSize=11
06-09 14:28:59.582 12067 12108 I VkSuggestions: decode typedLen=0 candidates=18 locales=3 28,8ms
06-09 14:28:59.583 12067 12108 W VkSuggestions: slow frame 28,8ms locales=3 typedLen=0 candidates=18 parallelWait=28,7ms
06-09 14:28:59.898 12310 12310 E libcrashpad_handler_trampoline.so: createInstance(64bit) : createExtendedFactory
06-09 14:28:59.900 12310 12310 E libcrashpad_handler_trampoline.so: createInstance(64bit) : createExtendedFactory
06-09 14:28:59.900 12310 12310 E libcrashpad_handler_trampoline.so: Opened libinputextensionsimpl.so
06-09 14:28:59.900 12310 12310 E libcrashpad_handler_trampoline.so: Opened libinputextensionsimpl.so
06-09 14:28:59.901 12310 12310 E libcrashpad_handler_trampoline.so: createInstance(64bit) : createExtendedFactory
06-09 14:28:59.902 12310 12310 E libcrashpad_handler_trampoline.so: createInstance(64bit) : createExtendedFactory
06-09 14:28:59.902 12310 12310 E libcrashpad_handler_trampoline.so: Opened libsensorextimpl.so
06-09 14:28:59.902 12310 12310 E libcrashpad_handler_trampoline.so: Opened libsensorextimpl.so
06-09 14:29:00.096 12067 12108 F libc    : Fatal signal 7 (SIGBUS), code 2 (BUS_ADRERR), fault addr 0x76665dd00e in tid 12108 (d), pid 12067 (AndroidUI)
06-09 14:29:00.186 12313 12313 E DEBUG   : failed to readlink /proc/12108/fd/289: No such file or directory
06-09 14:29:00.187 12313 12313 E DEBUG   : failed to readlink /proc/12108/fd/290: No such file or directory
06-09 14:29:00.365 12313 12313 E DEBUG   : failed to read /proc/uptime: Permission denied
06-09 14:29:01.294 12313 12313 F DEBUG   : Process name is com.vibekey.keyboard, not key_process
06-09 14:29:01.294 12313 12313 F DEBUG   : keyProcess: 0
06-09 14:29:01.294 12313 12313 F DEBUG   : *** *** *** *** *** *** *** *** *** *** *** *** *** *** *** ***
06-09 14:29:01.294 12313 12313 F DEBUG   : Build fingerprint: 'OnePlus/OnePlus7Pro/OnePlus7Pro:12/SKQ1.211113.001/P.202303230244:user/release-keys'
06-09 14:29:01.294 12313 12313 F DEBUG   : Revision: '0'
06-09 14:29:01.294 12313 12313 F DEBUG   : ABI: 'arm64'
06-09 14:29:01.294 12313 12313 F DEBUG   : Timestamp: 2026-06-09 14:29:00.364773402-0400
06-09 14:29:01.294 12313 12313 F DEBUG   : Process uptime: 0s
06-09 14:29:01.294 12313 12313 F DEBUG   : Cmdline: com.vibekey.keyboard
06-09 14:29:01.294 12313 12313 F DEBUG   : pid: 12067, tid: 12108, name: d  >>> com.vibekey.keyboard <<<
06-09 14:29:01.294 12313 12313 F DEBUG   : uid: 14025
06-09 14:29:01.294 12313 12313 F DEBUG   : signal 7 (SIGBUS), code 2 (BUS_ADRERR), fault addr 0x76665dd00e
06-09 14:29:01.294 12313 12313 F DEBUG   :     x0  0000000000000000  x1  0000000000002f4c  x2  0000000000000007  x3  000000768a7feda0
06-09 14:29:01.294 12313 12313 F DEBUG   :     x4  000000768a7fe6a8  x5  000000768a7fe6a8  x6  000000768a7fe6a8  x7  0000000000000000
06-09 14:29:01.294 12313 12313 F DEBUG   :     x8  00000000000000f0  x9  db746b027190efc7  x10 0000000000004001  x11 0000000000000000
06-09 14:29:01.294 12313 12313 F DEBUG   :     x12 00000000ffffffff  x13 0000000000000000  x14 000000000000001f  x15 00000076665dcfc6
06-09 14:29:01.294 12313 12313 F DEBUG   :     x16 000000757ca3ad18  x17 00000076790b8f10  x18 000000755fea0000  x19 0000000000000007
06-09 14:29:01.294 12313 12313 F DEBUG   :     x20 000000768a7feda0  x21 0000000000002f23  x22 000000768a7fed00  x23 0000000000000001
06-09 14:29:01.294 12313 12313 F DEBUG   :     x24 00000075dbdadc08  x25 00000075dbdadd20  x26 00000075dbdadd54  x27 0000000000000001
06-09 14:29:01.294 12313 12313 F DEBUG   :     x28 00000075dbdae308  x29 000000768a7fed20
06-09 14:29:01.294 12313 12313 F DEBUG   :     lr  0000007576c697f8  sp  000000768a7fed00  pc  00000076790b8f34  pst 0000000000000000
06-09 14:29:01.294 12313 12313 F DEBUG   : backtrace:
06-09 14:29:01.294 12313 12313 F DEBUG   :       #00 pc 0000000000075f34  /apex/com.android.runtime/lib64/bionic/libc.so (syscall+36) (BuildId: bbbdeb7c87c74f1491f92c6e605095b0)
06-09 14:29:01.294 12313 12313 F DEBUG   :       #01 pc 00000000040587f4  /data/app/~~ukACh23KqzhC02schODZ5g==/com.google.android.webview-qsLJ1HFxFSLtbdE1YBqHuA==/base.apk!libwebviewchromium.so (BuildId: f4154d1d3a9b37880ffb62018a1d86e977877475)
06-09 14:29:01.294 12313 12313 F DEBUG   :       #02 pc 000000000404ef70  /data/app/~~ukACh23KqzhC02schODZ5g==/com.google.android.webview-qsLJ1HFxFSLtbdE1YBqHuA==/base.apk!libwebviewchromium.so (BuildId: f4154d1d3a9b37880ffb62018a1d86e977877475)
06-09 14:29:01.294 12313 12313 F DEBUG   :       #03 pc 0000000000000638  [vdso] (__kernel_rt_sigreturn+0)
06-09 14:29:01.294 12313 12313 F DEBUG   :       #04 pc 00000000000b67ac  /data/app/~~l0omnlK6fvq8XsSVmxY3Eg==/com.vibekey.keyboard-Enp4zHdRUBeYnzpN18bTAQ==/lib/arm64/libjni_latinime.so (latinime::PatriciaTrieReadingUtils::readPtNodeInfo(unsigned char const*, int, int, latinime::DictionaryShortcutsStructurePolicy const*, latinime::DictionaryBigramsStructurePolicy const*, int const*, unsigned char*, int*, int*, int*, int*, int*, int*, int*)+120) (BuildId: f905dbd1a904967a994cf833116e517b05caa863)
06-09 14:29:01.294 12313 12313 F DEBUG   :       #05 pc 00000000000b8980  /data/app/~~l0omnlK6fvq8XsSVmxY3Eg==/com.vibekey.keyboard-Enp4zHdRUBeYnzpN18bTAQ==/lib/arm64/libjni_latinime.so (latinime::Ver2ParticiaTrieNodeReader::fetchPtNodeParamsInBufferFromPtNodePos(int) const+140) (BuildId: f905dbd1a904967a994cf833116e517b05caa863)
06-09 14:29:01.294 12313 12313 F DEBUG   :       #06 pc 00000000000b4b74  /data/app/~~l0omnlK6fvq8XsSVmxY3Eg==/com.vibekey.keyboard-Enp4zHdRUBeYnzpN18bTAQ==/lib/arm64/libjni_latinime.so (latinime::DynamicPtReadingHelper::getTerminalPtNodePositionOfWord(int const*, unsigned long, bool)+232) (BuildId: f905dbd1a904967a994cf833116e517b05caa863)
06-09 14:29:01.294 12313 12313 F DEBUG   :       #07 pc 00000000000b7324  /data/app/~~l0omnlK6fvq8XsSVmxY3Eg==/com.vibekey.keyboard-Enp4zHdRUBeYnzpN18bTAQ==/lib/arm64/libjni_latinime.so (latinime::PatriciaTriePolicy::getWordId(latinime::IntArrayView, bool) const+184) (BuildId: f905dbd1a904967a994cf833116e517b05caa863)
06-09 14:29:01.294 12313 12313 F DEBUG   :       #08 pc 00000000000a7d54  /data/app/~~l0omnlK6fvq8XsSVmxY3Eg==/com.vibekey.keyboard-Enp4zHdRUBeYnzpN18bTAQ==/lib/arm64/libjni_latinime.so (latinime::NgramContext::getWordId(latinime::DictionaryStructureWithBufferPolicy const*, int const*, int, bool, bool)+232) (BuildId: f905dbd1a904967a994cf833116e517b05caa863)
06-09 14:29:01.294 12313 12313 F DEBUG   :       #09 pc 00000000000d337c  /data/app/~~l0omnlK6fvq8XsSVmxY3Eg==/com.vibekey.keyboard-Enp4zHdRUBeYnzpN18bTAQ==/lib/arm64/libjni_latinime.so (latinime::DicTraverseSession::init(latinime::Dictionary const*, latinime::NgramContext const*, latinime::SuggestOptions const*)+124) (BuildId: f905dbd1a904967a994cf833116e517b05caa863)
06-09 14:29:01.294 12313 12313 F DEBUG   :       #10 pc 00000000000c8bd0  /data/app/~~l0omnlK6fvq8XsSVmxY3Eg==/com.vibekey.keyboard-Enp4zHdRUBeYnzpN18bTAQ==/lib/arm64/libjni_latinime.so (latinime::Dictionary::getSuggestions(latinime::ProximityInfo*, latinime::DicTraverseSession*, int*, int*, int*, int*, int*, int, latinime::NgramContext const*, latinime::SuggestOptions const*, float, latinime::SuggestionResults*) const+104) (BuildId: f905dbd1a904967a994cf833116e517b05caa863)
06-09 14:29:01.294 12313 12313 F DEBUG   :       #11 pc 000000000009fd88  /data/app/~~l0omnlK6fvq8XsSVmxY3Eg==/com.vibekey.keyboard-Enp4zHdRUBeYnzpN18bTAQ==/lib/arm64/libjni_latinime.so (BuildId: f905dbd1a904967a994cf833116e517b05caa863)
06-09 14:29:01.294 12313 12313 F DEBUG   :       #12 pc 00000000002c2100  /apex/com.android.art/lib64/libart.so (art_quick_generic_jni_trampoline+144) (BuildId: 7087b2f2160bfbf3335d54ba9779e325)
06-09 14:29:01.294 12313 12313 F DEBUG   :       #13 pc 00000000006692dc  /apex/com.android.art/lib64/libart.so (nterp_helper+3852) (BuildId: 7087b2f2160bfbf3335d54ba9779e325)
06-09 14:29:01.294 12313 12313 F DEBUG   :       #14 pc 000000000021facc  /data/app/~~l0omnlK6fvq8XsSVmxY3Eg==/com.vibekey.keyboard-Enp4zHdRUBeYnzpN18bTAQ==/oat/arm64/base.vdex (com.android.inputmethod.latin.BinaryDictionary.q+572)
06-09 14:29:01.294 12313 12313 F DEBUG   :       #15 pc 0000000000669a28  /apex/com.android.art/lib64/libart.so (nterp_helper+5720) (BuildId: 7087b2f2160bfbf3335d54ba9779e325)
06-09 14:29:01.294 12313 12313 F DEBUG   :       #16 pc 000000000021f84a  /data/app/~~l0omnlK6fvq8XsSVmxY3Eg==/com.vibekey.keyboard-Enp4zHdRUBeYnzpN18bTAQ==/oat/arm64/base.vdex (com.android.inputmethod.latin.BinaryDictionary.d+2)
06-09 14:29:01.294 12313 12313 F DEBUG   :       #17 pc 0000000000669a28  /apex/com.android.art/lib64/libart.so (nterp_helper+5720) (BuildId: 7087b2f2160bfbf3335d54ba9779e325)
06-09 14:29:01.294 12313 12313 F DEBUG   :       #18 pc 0000000000ad625e  /data/app/~~l0omnlK6fvq8XsSVmxY3Eg==/com.vibekey.keyboard-Enp4zHdRUBeYnzpN18bTAQ==/oat/arm64/base.vdex (v7.k.d+50)
06-09 14:29:01.294 12313 12313 F DEBUG   :       #19 pc 0000000000669a28  /apex/com.android.art/lib64/libart.so (nterp_helper+5720) (BuildId: 7087b2f2160bfbf3335d54ba9779e325)
06-09 14:29:01.294 12313 12313 F DEBUG   :       #20 pc 0000000000ad5356  /data/app/~~l0omnlK6fvq8XsSVmxY3Eg==/com.vibekey.keyboard-Enp4zHdRUBeYnzpN18bTAQ==/oat/arm64/base.vdex (v7.e.d+70)
06-09 14:29:01.294 12313 12313 F DEBUG   :       #21 pc 0000000000669a28  /apex/com.android.art/lib64/libart.so (nterp_helper+5720) (BuildId: 7087b2f2160bfbf3335d54ba9779e325)
06-09 14:29:01.294 12313 12313 F DEBUG   :       #22 pc 0000000000590b42  /data/app/~~l0omnlK6fvq8XsSVmxY3Eg==/com.vibekey.keyboard-Enp4zHdRUBeYnzpN18bTAQ==/oat/arm64/base.vdex (p7.o.i+334)
06-09 14:29:01.294 12313 12313 F DEBUG   :       #23 pc 0000000000669a28  /apex/com.android.art/lib64/libart.so (nterp_helper+5720) (BuildId: 7087b2f2160bfbf3335d54ba9779e325)
06-09 14:29:01.294 12313 12313 F DEBUG   :       #24 pc 000000000059049c  /data/app/~~l0omnlK6fvq8XsSVmxY3Eg==/com.vibekey.keyboard-Enp4zHdRUBeYnzpN18bTAQ==/oat/arm64/base.vdex (p7.o.h+252)
06-09 14:29:01.294 12313 12313 F DEBUG   :       #25 pc 0000000000669a28  /apex/com.android.art/lib64/libart.so (nterp_helper+5720) (BuildId: 7087b2f2160bfbf3335d54ba9779e325)
06-09 14:29:01.294 12313 12313 F DEBUG   :       #26 pc 0000000000590358  /data/app/~~l0omnlK6fvq8XsSVmxY3Eg==/com.vibekey.keyboard-Enp4zHdRUBeYnzpN18bTAQ==/oat/arm64/base.vdex (p7.o.g+112)
06-09 14:29:01.294 12313 12313 F DEBUG   :       #27 pc 0000000000669a28  /apex/com.android.art/lib64/libart.so (nterp_helper+5720) (BuildId: 7087b2f2160bfbf3335d54ba9779e325)
06-09 14:29:01.294 12313 12313 F DEBUG   :       #28 pc 0000000000598062  /data/app/~~l0omnlK6fvq8XsSVmxY3Eg==/com.vibekey.keyboard-Enp4zHdRUBeYnzpN18bTAQ==/oat/arm64/base.vdex (p7.i1.b+322)
06-09 14:29:01.294 12313 12313 F DEBUG   :       #29 pc 0000000000669a28  /apex/com.android.art/lib64/libart.so (nterp_helper+5720) (BuildId: 7087b2f2160bfbf3335d54ba9779e325)
06-09 14:29:01.294 12313 12313 F DEBUG   :       #30 pc 0000000000add432  /data/app/~~l0omnlK6fvq8XsSVmxY3Eg==/com.vibekey.keyboard-Enp4zHdRUBeYnzpN18bTAQ==/oat/arm64/base.vdex (x7.b.m+1458)
06-09 14:29:01.294 12313 12313 F DEBUG   :       #31 pc 0000000000669324  /apex/com.android.art/lib64/libart.so (nterp_helper+3924) (BuildId: 7087b2f2160bfbf3335d54ba9779e325)
06-09 14:29:01.294 12313 12313 F DEBUG   :       #32 pc 0000000000592cc0  /data/app/~~l0omnlK6fvq8XsSVmxY3Eg==/com.vibekey.keyboard-Enp4zHdRUBeYnzpN18bTAQ==/oat/arm64/base.vdex (p7.u.run+72)
06-09 14:29:01.294 12313 12313 F DEBUG   :       #33 pc 000000000066a144  /apex/com.android.art/lib64/libart.so (nterp_helper+7540) (BuildId: 7087b2f2160bfbf3335d54ba9779e325)
06-09 14:29:01.294 12313 12313 F DEBUG   :       #34 pc 0000000000ada2f2  /data/app/~~l0omnlK6fvq8XsSVmxY3Eg==/com.vibekey.keyboard-Enp4zHdRUBeYnzpN18bTAQ==/oat/arm64/base.vdex (x7.d.handleMessage+18)
06-09 14:29:01.294 12313 12313 F DEBUG   :       #35 pc 000000000205b2d4  /memfd:jit-zygote-cache (deleted)
06-09 14:29:07.639 12333 12333 E ibekey.keyboar: Unknown bits set in runtime_flags: 0x40000000
06-09 14:29:07.767 12333 12333 W f0      : Could not load system glide typing library jni_latinimegoogle: dlopen failed: library "libjni_latinimegoogle.so" not found
06-09 14:29:07.861 12333 12333 W t       : No editor info for this field. Bug?
06-09 14:29:07.873 12333 12333 I VkMultilingual: reset main=pt-BR locales=[pt-BR,fr-CA,es-419] count=3
06-09 14:29:07.905 12333 12333 W ibekey.keyboar: ClassLoaderContext classpath size mismatch. expected=1, found=0 (DLC[];PCL[base.apk*116719914]{PCL[/system/framework/org.apache.http.legacy.jar*3034548894]#PCL[/apex/com.android.extservices/javalib/android.ext.adservices.jar*3839736497]#PCL[/system/framework/com.android.location.provider.jar*3633238672]#PCL[/system/framework/com.android.media.remotedisplay.jar*3472798123]#PCL[/apex/com.android.extservices/javalib/android.ext.adservices.jar*3839736497]} | DLC[];PCL[])
06-09 14:29:07.913 12333 12333 W System  : ClassLoader referenced unknown path: 
06-09 14:29:07.917 12333 12333 W ibekey.keyboar: ClassLoaderContext classpath element checksum mismatch. expected=116719914, found=620402119 (DLC[];PCL[base.apk*116719914]{PCL[/system/framework/org.apache.http.legacy.jar*3034548894]#PCL[/apex/com.android.extservices/javalib/android.ext.adservices.jar*3839736497]#PCL[/system/framework/com.android.location.provider.jar*3633238672]#PCL[/system/framework/com.android.media.remotedisplay.jar*3472798123]#PCL[/apex/com.android.extservices/javalib/android.ext.adservices.jar*3839736497]} | DLC[];PCL[/data/app/~~l0omnlK6fvq8XsSVmxY3Eg==/com.vibekey.keyboard-Enp4zHdRUBeYnzpN18bTAQ==/base.apk*620402119]{PCL[/apex/com.android.extservices/javalib/android.ext.adservices.jar*3839736497]})
06-09 14:29:07.978 12333 12333 E ibekey.keyboar: ofbOpen failed with error=No such file or directory
06-09 14:29:07.978 12333 12333 E ibekey.keyboar: sysOpen failed with error=No such file or directory
06-09 14:29:07.999 12333 12392 W Ads     : Update ad debug logging enablement as false
06-09 14:29:08.013 12333 12333 E MultiApp.Impl: OplusMultiAppImpl
06-09 14:29:08.079 12333 12421 W libc    : Access denied finding property "ro.vendor.api_level"
06-09 14:29:08.082 12333 12333 W chromium: [WARNING:android_webview/browser/network_service/net_helpers.cc:137] HTTP Cache size is: 20971520
06-09 14:29:08.146 12333 12456 W libc    : Access denied finding property "vendor.camera.aux.packagelist"
06-09 14:29:08.146 12333 12456 W libc    : Access denied finding property "vendor.camera.aux.packagelist"
06-09 14:29:08.147 12333 12346 W libc    : Access denied finding property "vendor.camera.aux.packagelist"
06-09 14:29:08.149 12333 12333 I VkSwipe : ○ gesture canceled
06-09 14:29:08.159 12333 12333 I VkEffects: reload anim=scale blur=0px glow=false stickers=true
06-09 14:29:08.161 12333 12333 E OplusCustomizeRestrictionManager: sInstance is null, start a new sInstance
06-09 14:29:08.171 12333 12376 I VkVibeCards: loaded 1 cards (disk)
06-09 14:29:08.246 12333 12333 I SpaceAssistPopup: ○ send ready=false outChars=0
06-09 14:29:08.259 12333 12333 I VkTyping: ▶ open restart=false pkg=com.android.launcher inputType=589825
06-09 14:29:08.410 12333 12333 W View    : requestLayout() improperly called by android.widget.LinearLayout{5cb6b6f V.E...... ......ID 0,1868-1440,2818 #7f0a010d app:id/input_view_keyboard_column} during layout: running second layout pass
06-09 14:29:08.410 12333 12333 W View    : requestLayout() improperly called by android.widget.LinearLayout{d29ed05 V.E...... ......ID 0,0-1440,950 #7f0a011c app:id/main_keyboard_frame} during layout: running second layout pass
06-09 14:29:08.471 12333 12429 W cr_media: BLUETOOTH_CONNECT permission is missing.
06-09 14:29:08.471 12333 12429 W cr_media: getBluetoothAdapter() requires BLUETOOTH permission
06-09 14:29:08.471 12333 12429 W cr_media: registerBluetoothIntentsIfNeeded: Requires BLUETOOTH permission
06-09 14:29:08.575 12333 12448 W AudioCapabilities: Unsupported mime audio/ffmpeg
06-09 14:29:08.575 12333 12448 W VideoCapabilities: Unsupported mime video/ffmpeg
06-09 14:29:08.576 12333 12448 W VideoCapabilities: Unrecognized profile/level 0/3 for video/mpeg2
06-09 14:29:08.576 12333 12448 W VideoCapabilities: Unrecognized profile/level 0/3 for video/mpeg2
06-09 14:29:08.599 12333 12489 W Settings: Setting animator_duration_scale has moved from android.provider.Settings.System to android.provider.Settings.Global, returning read-only global URI.
06-09 14:29:08.613 12333 12489 E GeckoLibLoad: Load sqlite start
06-09 14:29:08.613 12333 12489 E GeckoLibLoad: Load sqlite done
06-09 14:29:08.614 12333 12489 E GeckoLibLoad: Load nss start
06-09 14:29:08.614 12333 12489 E GeckoLibLoad: Load nss done
06-09 14:29:08.625 12333 12489 E GeckoLibLoad: Loaded libs in 10.859167ms total, 0ms(39ms) user, 6ms(8ms) system, 0(0) faults
06-09 14:29:08.626 12333 12489 W GeckoThread: zerdatime 706591487 - runGecko
06-09 14:29:08.669 12333 12333 W com.vibekey.keyboard: type=1400 audit(0.0:299228): avc: denied { bind } for comm=4E65746C696E6B204D6F6E69746F72 scontext=u:r:untrusted_app:s0:c185,c271,c512,c768 tcontext=u:r:untrusted_app:s0:c185,c271,c512,c768 tclass=netlink_route_socket permissive=0 bug=b/155595000 app=com.vibekey.keyboard
06-09 14:29:08.703 12333 12489 E ibekey.keyboar: hiddenapi: Accessing hidden field Ljava/lang/Boolean;->value:Z (runtime_flags=0, domain=core-platform, api=max-target-p) from Lorg/mozilla/gecko/GeckoThread; (domain=app, TargetSdkVersion=35) using JNI: denied
06-09 14:29:08.703 12333 12489 E ibekey.keyboar: hiddenapi: Accessing hidden field Ljava/lang/Integer;->value:I (runtime_flags=0, domain=core-platform, api=max-target-p) from Lorg/mozilla/gecko/GeckoThread; (domain=app, TargetSdkVersion=35) using JNI: denied
06-09 14:29:08.703 12333 12489 E ibekey.keyboar: hiddenapi: Accessing hidden field Ljava/lang/Long;->value:J (runtime_flags=0, domain=core-platform, api=max-target-p) from Lorg/mozilla/gecko/GeckoThread; (domain=app, TargetSdkVersion=35) using JNI: denied
06-09 14:29:08.703 12333 12489 E ibekey.keyboar: hiddenapi: Accessing hidden field Ljava/lang/Double;->value:D (runtime_flags=0, domain=core-platform, api=max-target-p) from Lorg/mozilla/gecko/GeckoThread; (domain=app, TargetSdkVersion=35) using JNI: denied
06-09 14:29:08.776 12515 12515 E .keyboard:tab1: Unknown bits set in runtime_flags: 0x40000000
06-09 14:29:08.958  1164  4404 I OnDeviceAssist: warm ok model=qwen2.5-0.5b-instruct-q4_0.gguf ambient=40 chars 0ms
06-09 14:29:09.320  1164  4404 I OnDeviceAssist: warm ok model=qwen2.5-0.5b-instruct-q4_0.gguf ambient=40 chars 0ms
06-09 14:29:09.548 12333 12333 I VkVibeCards: enter effects=true overlay=true cards=true
06-09 14:29:09.636 12333 12333 I VkVibeCards: press pool=1 shown=4
06-09 14:29:11.683 12333 12404 E BLASTBufferQueue: BLASTBufferItemConsumer::onDisconnect()
06-09 14:29:11.692 12333 12404 E BLASTBufferQueue: BLASTBufferItemConsumer::onDisconnect()
06-09 14:29:11.798 12333 12404 E BLASTBufferQueue: BLASTBufferItemConsumer::onDisconnect()
06-09 14:29:12.068 12333 12404 E BLASTBufferQueue: BLASTBufferItemConsumer::onDisconnect()
06-09 14:29:13.514 12333 12367 I VkSuggestions: decode typedLen=1 candidates=18 locales=3 28,0ms
06-09 14:29:13.514 12333 12367 W VkSuggestions: slow frame 28,0ms locales=3 typedLen=1 candidates=18 parallelWait=27,9ms
06-09 14:29:13.517 12333 12367 I VkSuggestions: strip composing typedLen=1 candidates=18 autocorrect=false top=j locale=pt
06-09 14:29:13.526 12333 12333 I SpaceAssistPopup: ○ typing idle scheduled
06-09 14:29:13.650 12333 12367 I VkSuggestions: decode typedLen=2 candidates=18 locales=3 17,6ms
06-09 14:29:13.650 12333 12367 W VkSuggestions: slow frame 17,6ms locales=3 typedLen=2 candidates=18 parallelWait=17,5ms
06-09 14:29:13.653 12333 12367 I VkSuggestions: strip composing typedLen=2 candidates=14 autocorrect=false top=jh locale=pt
06-09 14:29:13.981 12333 12333 I SpaceAssistPopup: ○ typing idle scheduled
06-09 14:29:14.096 12333 12367 I VkSuggestions: decode typedLen=3 candidates=18 locales=3 15,4ms
06-09 14:29:14.098 12333 12367 I VkSuggestions: strip composing typedLen=3 candidates=17 autocorrect=false top=jhd locale=pt
06-09 14:29:14.104 12333 12333 I SpaceAssistPopup: ○ typing idle scheduled
06-09 14:29:14.220 12333 12367 I VkSuggestions: decode typedLen=4 candidates=18 locales=3 14,5ms
06-09 14:29:14.221 12333 12367 I VkSuggestions: strip composing typedLen=4 candidates=17 autocorrect=false top=jhdj locale=pt
06-09 14:29:14.279 12333 12333 I SpaceAssistPopup: ○ typing idle scheduled
06-09 14:29:14.403 12333 12367 I VkSuggestions: decode typedLen=5 candidates=18 locales=3 7,4ms
06-09 14:29:14.405 12333 12367 I VkSuggestions: strip composing typedLen=5 candidates=18 autocorrect=false top=jhdjj locale=pt
06-09 14:29:14.481 12333 12333 I SpaceAssistPopup: ○ typing idle scheduled
06-09 14:29:14.592 12333 12367 I VkSuggestions: decode typedLen=6 candidates=18 locales=3 3,1ms
06-09 14:29:14.594 12333 12367 I VkSuggestions: strip composing typedLen=6 candidates=17 autocorrect=false top=jhdjjh locale=pt
06-09 14:29:14.672 12333 12333 I SpaceAssistPopup: ○ typing idle scheduled
06-09 14:29:14.778 12333 12367 I VkSuggestions: decode typedLen=7 candidates=18 locales=3 4,8ms
06-09 14:29:14.782 12333 12367 I VkSuggestions: strip composing typedLen=7 candidates=18 autocorrect=false top=jhdjjhe locale=pt
06-09 14:29:14.891 12333 12333 I SpaceAssistPopup: ○ typing idle scheduled
06-09 14:29:14.997 12333 12367 I VkSuggestions: decode typedLen=8 candidates=6 locales=3 5,7ms
06-09 14:29:15.000 12333 12367 I VkSuggestions: strip composing typedLen=8 candidates=6 autocorrect=false top=jhdjjhei locale=pt
06-09 14:29:15.445 12333 12333 I SpaceAssistPopup: ▶ generate prompt shown fieldChars=8
06-09 14:29:15.446 12333 12333 I SpaceAssistPopup: ▶ overlay show: generate_prompt
06-09 14:29:15.458  1164  1263 I OnDeviceAssist: warm ok model=qwen2.5-0.5b-instruct-q4_0.gguf ambient=40 chars 0ms
06-09 14:29:15.566 12333 12333 I SpaceAssistPopup: ○ overlay hide: strip_inactive
06-09 14:29:16.251 12333 12333 I SpaceAssistPopup: ○ send ready=false outChars=0
06-09 14:29:16.252 12333 12333 I VkPanels: ▶ open browser
06-09 14:29:16.263 12333 12333 W View    : requestLayout() improperly called by android.widget.FrameLayout{33b7de7 V.E...... ......ID 0,1625-1440,1805 #7f0a0087 app:id/browser_nav_footer_float} during layout: running second layout pass
06-09 14:29:16.264 12333 12333 I VkBrowser: ▶ panel open incognito=false tabs=0 queryLen=0
06-09 14:29:16.277 12333 12333 E GeckoView: Failed to attach WindowInsetsListener: 
06-09 14:29:16.277 12333 12333 E GeckoView: java.lang.NullPointerException: Attempt to invoke virtual method 'android.view.Window android.app.Activity.getWindow()' on a null object reference
06-09 14:29:16.277 12333 12333 E GeckoView: 	at org.mozilla.geckoview.GeckoView.attachWindowInsetsListener(r8-map-id-b69a63e4dac01af3d9ad67fad8c6fdd325a6181a8b628f539f3508140f36d043:1)
06-09 14:29:16.277 12333 12333 E GeckoView: 	at org.mozilla.geckoview.GeckoView.onAttachedToWindow(r8-map-id-b69a63e4dac01af3d9ad67fad8c6fdd325a6181a8b628f539f3508140f36d043:49)
06-09 14:29:16.277 12333 12333 E GeckoView: 	at helium314.keyboard.latin.panels.ImeGeckoView.onAttachedToWindow(r8-map-id-b69a63e4dac01af3d9ad67fad8c6fdd325a6181a8b628f539f3508140f36d043:4)
06-09 14:29:16.277 12333 12333 E GeckoView: 	at android.view.View.dispatchAttachedToWindow(View.java:20900)
06-09 14:29:16.277 12333 12333 E GeckoView: 	at android.view.ViewGroup.dispatchAttachedToWindow(ViewGroup.java:3539)
06-09 14:29:16.277 12333 12333 E GeckoView: 	at android.view.ViewGroup.addViewInner(ViewGroup.java:5378)
06-09 14:29:16.277 12333 12333 E GeckoView: 	at android.view.ViewGroup.addView(ViewGroup.java:5156)
06-09 14:29:16.277 12333 12333 E GeckoView: 	at android.view.ViewGroup.addView(ViewGroup.java:5096)
06-09 14:29:16.277 12333 12333 E GeckoView: 	at helium314.keyboard.latin.panels.BrowserPanelView.Z(r8-map-id-b69a63e4dac01af3d9ad67fad8c6fdd325a6181a8b628f539f3508140f36d043:311)
06-09 14:29:16.277 12333 12333 E GeckoView: 	at helium314.keyboard.latin.panels.BrowserPanelView.H0(r8-map-id-b69a63e4dac01af3d9ad67fad8c6fdd325a6181a8b628f539f3508140f36d043:175)
06-09 14:29:16.277 12333 12333 E GeckoView: 	at c5.s.run(r8-map-id-b69a63e4dac01af3d9ad67fad8c6fdd325a6181a8b628f539f3508140f36d043:622)
06-09 14:29:16.277 12333 12333 E GeckoView: 	at i7.y.onGlobalLayout(r8-map-id-b69a63e4dac01af3d9ad67fad8c6fdd325a6181a8b628f539f3508140f36d043:8)
06-09 14:29:16.277 12333 12333 E GeckoView: 	at android.view.ViewTreeObserver.dispatchOnGlobalLayout(ViewTreeObserver.java:1061)
06-09 14:29:16.277 12333 12333 E GeckoView: 	at android.view.ViewRootImpl.performTraversals(ViewRootImpl.java:3407)
06-09 14:29:16.277 12333 12333 E GeckoView: 	at android.view.ViewRootImpl.doTraversal(ViewRootImpl.java:2305)
06-09 14:29:16.277 12333 12333 E GeckoView: 	at android.view.ViewRootImpl$TraversalRunnable.run(ViewRootImpl.java:9133)
06-09 14:29:16.277 12333 12333 E GeckoView: 	at android.view.Choreographer$CallbackRecord.run(Choreographer.java:1232)
06-09 14:29:16.277 12333 12333 E GeckoView: 	at android.view.Choreographer.doCallbacks(Choreographer.java:1029)
06-09 14:29:16.277 12333 12333 E GeckoView: 	at android.view.Choreographer.doFrame(Choreographer.java:934)
06-09 14:29:16.277 12333 12333 E GeckoView: 	at android.view.Choreographer$FrameDisplayEventReceiver.run(Choreographer.java:1217)
06-09 14:29:16.277 12333 12333 E GeckoView: 	at android.os.Handler.handleCallback(Handler.java:938)
06-09 14:29:16.277 12333 12333 E GeckoView: 	at android.os.Handler.dispatchMessage(Handler.java:99)
06-09 14:29:16.277 12333 12333 E GeckoView: 	at android.os.Looper.loopOnce(Looper.java:233)
06-09 14:29:16.277 12333 12333 E GeckoView: 	at android.os.Looper.loop(Looper.java:344)
06-09 14:29:16.277 12333 12333 E GeckoView: 	at android.app.ActivityThread.main(ActivityThread.java:8212)
06-09 14:29:16.277 12333 12333 E GeckoView: 	at java.lang.reflect.Method.invoke(Native Method)
06-09 14:29:16.277 12333 12333 E GeckoView: 	at com.android.internal.os.RuntimeInit$MethodAndArgsCaller.run(RuntimeInit.java:584)
06-09 14:29:16.277 12333 12333 E GeckoView: 	at com.android.internal.os.ZygoteInit.main(ZygoteInit.java:1034)
06-09 14:29:16.326 12589 12589 E ey.keyboard:gp: Unknown bits set in runtime_flags: 0x40000000
06-09 14:29:16.327 12333 12333 I VkBrowser: → load host=drudgereport.com
06-09 14:29:16.402 12589 12617 E GeckoLibLoad: Load sqlite start
06-09 14:29:16.405 12589 12617 E GeckoLibLoad: Load sqlite done
06-09 14:29:16.405 12589 12617 E GeckoLibLoad: Load nss start
06-09 14:29:16.405 12589 12617 E GeckoLibLoad: Load nss done
06-09 14:29:16.406 12515 12550 E GeckoLibLoad: Load sqlite start
06-09 14:29:16.407 12515 12550 E GeckoLibLoad: Load sqlite done
06-09 14:29:16.407 12515 12550 E GeckoLibLoad: Load nss start
06-09 14:29:16.407 12515 12550 E GeckoLibLoad: Load nss done
06-09 14:29:16.415 12589 12617 E GeckoLibLoad: Loaded libs in 9.426198ms total, 0ms(0ms) user, 3ms(9ms) system, 0(0) faults
06-09 14:29:16.415 12589 12617 W GeckoThread: zerdatime 706599276 - runGecko
06-09 14:29:16.417 12515 12550 E GeckoLibLoad: Loaded libs in 9.983490ms total, 0ms(0ms) user, 9ms(8ms) system, 0(0) faults
06-09 14:29:16.417 12515 12550 W GeckoThread: zerdatime 706599278 - runGecko
06-09 14:29:16.452 12589 12641 W AudioCapabilities: Unsupported mime audio/ffmpeg
06-09 14:29:16.458 12589 12641 W VideoCapabilities: Unsupported mime video/ffmpeg
06-09 14:29:16.459 12589 12641 W VideoCapabilities: Unrecognized profile/level 0/3 for video/mpeg2
06-09 14:29:16.459 12589 12641 W VideoCapabilities: Unrecognized profile/level 0/3 for video/mpeg2
06-09 14:29:16.460 12589 12612 E ey.keyboard:gp: ofbOpen failed with error=No such file or directory
06-09 14:29:16.460 12589 12612 E ey.keyboard:gp: sysOpen failed with error=No such file or directory
06-09 14:29:16.526 12333 12346 E BLASTBufferQueue: BLASTBufferItemConsumer::onDisconnect()
06-09 14:29:16.531 12333 12333 I VkBrowser: ✓ page host=drudgereport.com
06-09 14:29:16.540 12674 12674 E .keyboard:tab1: Unknown bits set in runtime_flags: 0x40000000
06-09 14:29:16.559 12333 12333 W com.vibekey.keyboard: type=1400 audit(0.0:299236): avc: denied { nlmsg_readpriv } for comm=536F636B657420546872656164 scontext=u:r:untrusted_app:s0:c185,c271,c512,c768 tcontext=u:r:untrusted_app:s0:c185,c271,c512,c768 tclass=netlink_route_socket permissive=0 bug=b/155595000 app=com.vibekey.keyboard
06-09 14:29:16.598 12674 12715 E GeckoLibLoad: Load sqlite start
06-09 14:29:16.600 12674 12715 E GeckoLibLoad: Load sqlite done
06-09 14:29:16.600 12674 12715 E GeckoLibLoad: Load nss start
06-09 14:29:16.600 12674 12715 E GeckoLibLoad: Load nss done
06-09 14:29:16.616 12674 12715 E GeckoLibLoad: Loaded libs in 15.935573ms total, 11ms(13ms) user, 0ms(2ms) system, 0(0) faults
06-09 14:29:16.617 12674 12715 W GeckoThread: zerdatime 706599478 - runGecko
06-09 14:29:16.716 12674 12715 W GeckoEditableChild: No editable parent
06-09 14:29:16.720 12674 12715 W Isolated Web Content: [JavaScript Warning: "Missing resource in locale pt-BR: netwerk/necko.ftl"]
06-09 14:29:16.720 12674 12715 W Isolated Web Content: [JavaScript Warning: "Missing resource in locale pt-PT: netwerk/necko.ftl"]
06-09 14:29:16.723 12674 12715 W Isolated Web Content: [JavaScript Warning: "This page is in Quirks Mode. Page layout may be impacted. For Standards Mode use “<!DOCTYPE html>”." {file: "https://drudgereport.com/" line: 0}]
06-09 14:29:16.749 12333 12333 W com.vibekey.keyboard: type=1400 audit(0.0:299237): avc: denied { nlmsg_readpriv } for comm=536F636B657420546872656164 scontext=u:r:untrusted_app:s0:c185,c271,c512,c768 tcontext=u:r:untrusted_app:s0:c185,c271,c512,c768 tclass=netlink_route_socket permissive=0 bug=b/155595000 app=com.vibekey.keyboard
06-09 14:29:17.270 12333 12574 E BLASTBufferQueue: BLASTBufferItemConsumer::onDisconnect()
06-09 14:29:17.443 12829 12829 E .keyboard:tab3: Unknown bits set in runtime_flags: 0x40000000
06-09 14:29:17.532 12829 12853 E GeckoLibLoad: Load sqlite start
06-09 14:29:17.535 12829 12853 E GeckoLibLoad: Load sqlite done
06-09 14:29:17.535 12829 12853 E GeckoLibLoad: Load nss start
06-09 14:29:17.535 12829 12853 E GeckoLibLoad: Load nss done
06-09 14:29:17.556 12829 12853 E GeckoLibLoad: Loaded libs in 20.622500ms total, 7ms(10ms) user, 6ms(9ms) system, 0(0) faults
06-09 14:29:17.556 12829 12853 W GeckoThread: zerdatime 706600417 - runGecko
06-09 14:29:18.006 12333 12883 E ibekey.keyboar: Attempt to load writable dex file: /data/user/0/com.vibekey.keyboard/app_pccache/5/C571D7DB2E7379E33F5626D87812BBADE73E9BAD/pcam.jar
06-09 14:29:17.999 12333 12333 W AdWorker(Defaul: type=1400 audit(0.0:299253): avc: granted { execute } for path="/data/data/com.vibekey.keyboard/app_pccache/5/C571D7DB2E7379E33F5626D87812BBADE73E9BAD/pcam.jar" dev="dm-2" ino=131940 scontext=u:r:untrusted_app:s0:c185,c271,c512,c768 tcontext=u:object_r:app_data_file:s0:c185,c271,c512,c768 tclass=file app=com.vibekey.keyboard
06-09 14:29:18.018 12333 12908 W Ads     : Invoke Firebase method getInstance error.
06-09 14:29:18.018 12333 12908 W Ads     : The Google Mobile Ads SDK will not integrate with Firebase. Admob/Firebase integration requires the latest Firebase SDK jar, but Firebase SDK is either missing or out of date
06-09 14:29:18.027 12333 12347 E BLASTBufferQueue: BLASTBufferItemConsumer::onDisconnect()
06-09 14:29:18.028 12333 12878 W ServiceBindIntentUtils: Dynamic lookup for intent failed for action: com.google.android.gms.ads.service.CACHE
06-09 14:29:18.029 12333 12333 E GeckoView: Failed to detach WindowInsetsListener: 
06-09 14:29:18.029 12333 12333 E GeckoView: 	at org.mozilla.geckoview.GeckoView.detachWindowInsetsListener(r8-map-id-b69a63e4dac01af3d9ad67fad8c6fdd325a6181a8b628f539f3508140f36d043:1)
06-09 14:29:18.029 12333 12333 E GeckoView: 	at org.mozilla.geckoview.GeckoView.onDetachedFromWindow(r8-map-id-b69a63e4dac01af3d9ad67fad8c6fdd325a6181a8b628f539f3508140f36d043:25)
06-09 14:29:18.029 12333 12333 E GeckoView: 	at helium314.keyboard.latin.panels.ImeGeckoView.onDetachedFromWindow(r8-map-id-b69a63e4dac01af3d9ad67fad8c6fdd325a6181a8b628f539f3508140f36d043:1)
06-09 14:29:18.029 12333 12333 E GeckoView: 	at android.view.View.dispatchDetachedFromWindow(View.java:20955)
06-09 14:29:18.029 12333 12333 E GeckoView: 	at android.view.ViewGroup.dispatchDetachedFromWindow(ViewGroup.java:4014)
06-09 14:29:18.029 12333 12333 E GeckoView: 	at android.view.ViewGroup.removeViewInternal(ViewGroup.java:5660)
06-09 14:29:18.029 12333 12333 E GeckoView: 	at android.view.ViewGroup.removeViewInternal(ViewGroup.java:5631)
06-09 14:29:18.029 12333 12333 E GeckoView: 	at android.view.ViewGroup.removeView(ViewGroup.java:5562)
06-09 14:29:18.029 12333 12333 E GeckoView: 	at a8.t0.run(r8-map-id-b69a63e4dac01af3d9ad67fad8c6fdd325a6181a8b628f539f3508140f36d043:1231)
06-09 14:29:18.029 12333 12333 E GeckoView: 	at helium314.keyboard.latin.panels.BrowserPanelView.R(r8-map-id-b69a63e4dac01af3d9ad67fad8c6fdd325a6181a8b628f539f3508140f36d043:151)
06-09 14:29:18.029 12333 12333 E GeckoView: 	at helium314.keyboard.latin.panels.BrowserPanelView.I0(r8-map-id-b69a63e4dac01af3d9ad67fad8c6fdd325a6181a8b628f539f3508140f36d043:73)
06-09 14:29:18.029 12333 12333 E GeckoView: 	at i7.b0.r(r8-map-id-b69a63e4dac01af3d9ad67fad8c6fdd325a6181a8b628f539f3508140f36d043:149)
06-09 14:29:18.029 12333 12333 E GeckoView: 	at i7.b0.U(r8-map-id-b69a63e4dac01af3d9ad67fad8c6fdd325a6181a8b628f539f3508140f36d043:17)
06-09 14:29:18.029 12333 12333 E GeckoView: 	at a8.i5.a(r8-map-id-b69a63e4dac01af3d9ad67fad8c6fdd325a6181a8b628f539f3508140f36d043:3)
06-09 14:29:18.029 12333 12333 E GeckoView: 	at a8.g3.onClick(r8-map-id-b69a63e4dac01af3d9ad67fad8c6fdd325a6181a8b628f539f3508140f36d043:207)
06-09 14:29:18.029 12333 12333 E GeckoView: 	at android.view.View.performClick(View.java:7488)
06-09 14:29:18.029 12333 12333 E GeckoView: 	at android.view.View.performClickInternal(View.java:7464)
06-09 14:29:18.029 12333 12333 E GeckoView: 	at android.view.View.access$3700(View.java:841)
06-09 14:29:18.029 12333 12333 E GeckoView: 	at android.view.View$PerformClick.run(View.java:28911)
06-09 14:29:18.029 12333 12333 E GeckoView: 	at android.os.Handler.handleCallback(Handler.java:938)
06-09 14:29:18.029 12333 12333 E GeckoView: 	at android.os.Handler.dispatchMessage(Handler.java:99)
06-09 14:29:18.029 12333 12333 E GeckoView: 	at android.os.Looper.loopOnce(Looper.java:233)
06-09 14:29:18.029 12333 12333 E GeckoView: 	at android.os.Looper.loop(Looper.java:344)
06-09 14:29:18.029 12333 12333 E GeckoView: 	at android.app.ActivityThread.main(ActivityThread.java:8212)
06-09 14:29:18.029 12333 12333 E GeckoView: 	at java.lang.reflect.Method.invoke(Native Method)
06-09 14:29:18.029 12333 12333 E GeckoView: 	at com.android.internal.os.RuntimeInit$MethodAndArgsCaller.run(RuntimeInit.java:584)
06-09 14:29:18.029 12333 12333 E GeckoView: 	at com.android.internal.os.ZygoteInit.main(ZygoteInit.java:1034)
06-09 14:29:18.066 12333 12333 W GeckoSession: No history entries found.
06-09 14:29:18.112 12333 12899 W Ads     : Not retrying to fetch app settings
06-09 14:29:18.116 12333 12927 W ServiceBindIntentUtils: Dynamic lookup for intent failed for action: com.google.android.gms.ads.service.START
06-09 14:29:18.121 12333 12899 W Ads     : Not retrying to fetch app settings
06-09 14:29:18.608 12333 12367 I VkSuggestions: decode typedLen=9 candidates=4 locales=3 2,0ms
06-09 14:29:18.609 12333 12367 I VkSuggestions: strip composing typedLen=9 candidates=4 autocorrect=false top=jhdjjheij locale=pt
06-09 14:29:18.673 12333 12333 I SpaceAssistPopup: ○ typing idle scheduled
06-09 14:29:18.789 12333 12367 W VibeKeyProfiler: Slow Native Suggest: Total=12.00ms | Init=0.04ms | TrieExpand(x6)=11.95ms | Scoring=0.01ms | inputSize=10
06-09 14:29:18.805 12333 12367 W VibeKeyProfiler: Slow Native Suggest: Total=8.76ms | Init=0.04ms | TrieExpand(x6)=8.70ms | Scoring=0.02ms | inputSize=10
06-09 14:29:18.807 12333 12367 I VkSuggestions: decode typedLen=10 candidates=18 locales=3 33,4ms
06-09 14:29:18.807 12333 12367 W VkSuggestions: slow frame 33,4ms locales=3 typedLen=10 candidates=18 parallelWait=33,3ms
06-09 14:29:18.810 12333 12367 I VkSuggestions: strip composing typedLen=10 candidates=16 autocorrect=false top=jhdjjheijj locale=pt
06-09 14:29:18.830 13027 13027 E .keyboard:tab2: Unknown bits set in runtime_flags: 0x40000000
06-09 14:29:18.863 13051 13051 E y.keyboard:tab: Unknown bits set in runtime_flags: 0x40000000
06-09 14:29:18.902 12333 12333 I SpaceAssistPopup: ○ typing idle scheduled
06-09 14:29:18.945 13027 13075 E GeckoLibLoad: Load sqlite start
06-09 14:29:18.946 13027 13075 E GeckoLibLoad: Load sqlite done
06-09 14:29:18.946 13027 13075 E GeckoLibLoad: Load nss start
06-09 14:29:18.946 13027 13075 E GeckoLibLoad: Load nss done
06-09 14:29:18.957 12333 12333 I SpaceAssistPopup: ○ typing idle scheduled
06-09 14:29:18.962 13027 13075 E GeckoLibLoad: Loaded libs in 15.246303ms total, 7ms(9ms) user, 0ms(0ms) system, 0(0) faults
06-09 14:29:18.962 13027 13075 W GeckoThread: zerdatime 706601823 - runGecko
06-09 14:29:18.963 13051 13092 E GeckoLibLoad: Load sqlite start
06-09 14:29:18.964 13051 13092 E GeckoLibLoad: Load sqlite done
06-09 14:29:18.964 13051 13092 E GeckoLibLoad: Load nss start
06-09 14:29:18.964 13051 13092 E GeckoLibLoad: Load nss done
06-09 14:29:18.978 13051 13092 E GeckoLibLoad: Loaded libs in 14.265938ms total, 0ms(0ms) user, 9ms(9ms) system, 0(0) faults
06-09 14:29:18.979 13051 13092 W GeckoThread: zerdatime 706601840 - runGecko
06-09 14:29:19.077 12333 12367 I VkSuggestions: decode typedLen=12 candidates=18 locales=3 15,2ms
06-09 14:29:19.080 12333 12367 I VkSuggestions: strip composing typedLen=12 candidates=16 autocorrect=false top=jhdjjheijjdb locale=pt
06-09 14:29:19.157 12333 12333 I SpaceAssistPopup: ○ typing idle scheduled
06-09 14:29:19.271 12333 12367 W VibeKeyProfiler: Slow Native Suggest: Total=9.16ms | Init=0.09ms | TrieExpand(x6)=9.05ms | Scoring=0.02ms | inputSize=13
06-09 14:29:19.285 12333 12367 I VkSuggestions: decode typedLen=13 candidates=18 locales=3 23,4ms
06-09 14:29:19.285 12333 12367 W VkSuggestions: slow frame 23,4ms locales=3 typedLen=13 candidates=18 parallelWait=23,3ms
06-09 14:29:19.286 12333 12367 I VkSuggestions: strip composing typedLen=13 candidates=16 autocorrect=false top=jhdjjheijjdbh locale=pt
06-09 14:29:19.374 12333 12333 I SpaceAssistPopup: ○ typing idle scheduled
06-09 14:29:19.508 12333 12367 W VibeKeyProfiler: Slow Native Suggest: Total=20.33ms | Init=0.04ms | TrieExpand(x7)=20.27ms | Scoring=0.02ms | inputSize=14
06-09 14:29:19.508 12333 12367 I VkSuggestions: decode typedLen=14 candidates=18 locales=3 32,8ms
06-09 14:29:19.509 12333 12367 W VkSuggestions: slow frame 32,8ms locales=3 typedLen=14 candidates=18 parallelWait=32,7ms
06-09 14:29:19.510 12333 12367 I VkSuggestions: strip composing typedLen=14 candidates=16 autocorrect=false top=jhdjjheijjdbhe locale=pt
06-09 14:29:19.730 13163 13163 E .keyboard:tab1: Unknown bits set in runtime_flags: 0x40000000
06-09 14:29:19.788 12333 12333 E Ads     : JS: Uncaught TypeError: Cannot read properties of null (reading 's') (https://pagead2.googlesyndication.com/omsdk/releases/live/omsdk-v1.js:27)
06-09 14:29:19.843 13163 13190 E GeckoLibLoad: Load sqlite start
06-09 14:29:19.844 13163 13190 E GeckoLibLoad: Load sqlite done
06-09 14:29:19.844 13163 13190 E GeckoLibLoad: Load nss start
06-09 14:29:19.844 13163 13190 E GeckoLibLoad: Load nss done
06-09 14:29:19.853 13163 13190 E GeckoLibLoad: Loaded libs in 8.480885ms total, 0ms(0ms) user, 3ms(8ms) system, 0(0) faults
06-09 14:29:19.853 13163 13190 W GeckoThread: zerdatime 706602714 - runGecko
06-09 14:29:19.935 12333 12333 I SpaceAssistPopup: ▶ generate prompt shown fieldChars=14
06-09 14:29:19.935 12333 12333 I SpaceAssistPopup: ▶ overlay show: generate_prompt
06-09 14:29:19.946  1164  4405 I OnDeviceAssist: warm ok model=qwen2.5-0.5b-instruct-q4_0.gguf ambient=40 chars 0ms
06-09 14:29:20.240 12333 12333 E Ads     : JS: Refused to get unsafe header "X-Afma-Gcache-IsGcacheHit" (https://www.gstatic.com/mysidia/38641a442446c53632a4e2bb29a65ad0.js?tag=addon/rewarded_video:434)
06-09 14:29:20.259 12333 12333 I SpaceAssistPopup: ○ overlay hide: force_dismiss
