06-02 13:14:32.825 10576 10576 W View    : requestLayout() improperly called by helium314.keyboard.latin.panels.BrowserPanelView{b06be3 V.E...... ........ 0,0-1440,2040} during second layout pass: posting in next frame
06-02 13:14:32.836 10576 10576 W View    : requestLayout() improperly called by helium314.keyboard.latin.panels.BrowserPanelView{b06be3 V.E...... ......I. 0,0-1440,2040} during layout: running second layout pass
06-02 13:14:32.843 10576 10576 W View    : requestLayout() improperly called by helium314.keyboard.latin.panels.BrowserPanelView{b06be3 V.E...... .......D 0,0-1440,2040} during second layout pass: posting in next frame
06-02 13:14:32.851 10576 10576 W View    : requestLayout() improperly called by helium314.keyboard.latin.panels.BrowserPanelView{b06be3 V.E...... ......ID 0,0-1440,2040} during layout: running second layout pass
06-02 13:14:32.857 10576 10576 W View    : requestLayout() improperly called by helium314.keyboard.latin.panels.BrowserPanelView{b06be3 V.E...... ........ 0,0-1440,2040} during second layout pass: posting in next frame
06-02 13:14:32.842 10576 10576 W com.vibekey.keyboard: type=1400 audit(0.0:46216): avc: denied { nlmsg_readpriv } for comm=536F636B657420546872656164 scontext=u:r:untrusted_app:s0:c49,c271,c512,c768 tcontext=u:r:untrusted_app:s0:c49,c271,c512,c768 tclass=netlink_route_socket permissive=0 bug=b/155595000 app=com.vibekey.keyboard
06-02 13:14:32.869 10576 10576 W View    : requestLayout() improperly called by helium314.keyboard.latin.panels.BrowserPanelView{b06be3 V.E...... ......I. 0,0-1440,2040} during layout: running second layout pass
06-02 13:14:32.878 10576 10576 W View    : requestLayout() improperly called by helium314.keyboard.latin.panels.BrowserPanelView{b06be3 V.E...... ........ 0,0-1440,2040} during second layout pass: posting in next frame
06-02 13:14:32.885 10576 10576 W View    : requestLayout() improperly called by helium314.keyboard.latin.panels.BrowserPanelView{b06be3 V.E...... ......I. 0,0-1440,2040} during layout: running second layout pass
06-02 13:14:32.891 10576 10576 W View    : requestLayout() improperly called by helium314.keyboard.latin.panels.BrowserPanelView{b06be3 V.E...... ........ 0,0-1440,2040} during second layout pass: posting in next frame
06-02 13:14:32.902 10576 10576 W View    : requestLayout() improperly called by helium314.keyboard.latin.panels.BrowserPanelView{b06be3 V.E...... ......I. 0,0-1440,2040} during layout: running second layout pass
06-02 13:14:32.909 10576 10576 W View    : requestLayout() improperly called by helium314.keyboard.latin.panels.BrowserPanelView{b06be3 V.E...... ........ 0,0-1440,2040} during second layout pass: posting in next frame
06-02 13:14:32.918 10576 10576 W View    : requestLayout() improperly called by helium314.keyboard.latin.panels.BrowserPanelView{b06be3 V.E...... ......I. 0,0-1440,2040} during layout: running second layout pass
06-02 13:14:32.924 10576 10576 W View    : requestLayout() improperly called by helium314.keyboard.latin.panels.BrowserPanelView{b06be3 V.E...... ........ 0,0-1440,2040} during second layout pass: posting in next frame
06-02 13:14:32.922 10576 10576 W com.vibekey.keyboard: type=1400 audit(0.0:46217): avc: denied { nlmsg_readpriv } for comm=536F636B657420546872656164 scontext=u:r:untrusted_app:s0:c49,c271,c512,c768 tcontext=u:r:untrusted_app:s0:c49,c271,c512,c768 tclass=netlink_route_socket permissive=0 bug=b/155595000 app=com.vibekey.keyboard
06-02 13:14:32.935 10576 10576 W View    : requestLayout() improperly called by helium314.keyboard.latin.panels.BrowserPanelView{b06be3 V.E...... ......I. 0,0-1440,2040} during layout: running second layout pass
06-02 13:14:32.942 10576 10576 W View    : requestLayout() improperly called by helium314.keyboard.latin.panels.BrowserPanelView{b06be3 V.E...... ........ 0,0-1440,2040} during second layout pass: posting in next frame
06-02 13:14:32.952 10576 10576 W View    : requestLayout() improperly called by helium314.keyboard.latin.panels.BrowserPanelView{b06be3 V.E...... ......I. 0,0-1440,2040} during layout: running second layout pass
06-02 13:14:32.958 10576 10576 W View    : requestLayout() improperly called by helium314.keyboard.latin.panels.BrowserPanelView{b06be3 V.E...... ........ 0,0-1440,2040} during second layout pass: posting in next frame
06-02 13:14:32.971 10576 10576 W View    : requestLayout() improperly called by helium314.keyboard.latin.panels.BrowserPanelView{b06be3 V.E...... ......I. 0,0-1440,2040} during layout: running second layout pass
06-02 13:14:32.985 10576 10576 W View    : requestLayout() improperly called by helium314.keyboard.latin.panels.BrowserPanelView{b06be3 V.E...... .......D 0,0-1440,2040} during second layout pass: posting in next frame
06-02 13:14:32.986 10576 10576 W View    : requestLayout() improperly called by helium314.keyboard.latin.panels.BrowserPanelView{b06be3 V.E...... ......ID 0,0-1440,2040} during layout: running second layout pass
06-02 13:14:32.994 10576 10576 W View    : requestLayout() improperly called by helium314.keyboard.latin.panels.BrowserPanelView{b06be3 V.E...... ........ 0,0-1440,2040} during second layout pass: posting in next frame
06-02 13:14:33.003 10576 10576 W View    : requestLayout() improperly called by helium314.keyboard.latin.panels.BrowserPanelView{b06be3 V.E...... ......I. 0,0-1440,2040} during layout: running second layout pass
06-02 13:14:33.013 10576 10576 W View    : requestLayout() improperly called by helium314.keyboard.latin.panels.BrowserPanelView{b06be3 V.E...... ........ 0,0-1440,2040} during second layout pass: posting in next frame
06-02 13:14:33.017 12349 12383 W Isolated Web Content: [JavaScript Warning: "This page is in Quirks Mode. Page layout may be impacted. For Standards Mode use “<!DOCTYPE html>”." {file: "https://a125375509.cdn.optimizely.com/client_storage/a125375509.html" line: 0}]
06-02 13:14:33.019 10576 10576 W View    : requestLayout() improperly called by helium314.keyboard.latin.panels.BrowserPanelView{b06be3 V.E...... ......I. 0,0-1440,2040} during layout: running second layout pass
06-02 13:14:33.030 10576 10576 W View    : requestLayout() improperly called by helium314.keyboard.latin.panels.BrowserPanelView{b06be3 V.E...... ........ 0,0-1440,2040} during second layout pass: posting in next frame
06-02 13:14:33.036 10576 10576 W View    : requestLayout() improperly called by helium314.keyboard.latin.panels.BrowserPanelView{b06be3 V.E...... ......I. 0,0-1440,2040} during layout: running second layout pass
06-02 13:14:33.042 10576 10576 W View    : requestLayout() improperly called by helium314.keyboard.latin.panels.BrowserPanelView{b06be3 V.E...... ........ 0,0-1440,2040} during second layout pass: posting in next frame
06-02 13:14:33.052 10576 10576 W View    : requestLayout() improperly called by helium314.keyboard.latin.panels.BrowserPanelView{b06be3 V.E...... ......I. 0,0-1440,2040} during layout: running second layout pass
06-02 13:14:33.061 10576 10576 W View    : requestLayout() improperly called by helium314.keyboard.latin.panels.BrowserPanelView{b06be3 V.E...... ........ 0,0-1440,2040} during second layout pass: posting in next frame
06-02 13:14:33.069 10576 10576 W View    : requestLayout() improperly called by helium314.keyboard.latin.panels.BrowserPanelView{b06be3 V.E...... ......I. 0,0-1440,2040} during layout: running second layout pass
06-02 13:14:33.076 10576 10576 W View    : requestLayout() improperly called by helium314.keyboard.latin.panels.BrowserPanelView{b06be3 V.E...... ........ 0,0-1440,2040} during second layout pass: posting in next frame
06-02 13:14:33.085 10576 10576 W View    : requestLayout() improperly called by helium314.keyboard.latin.panels.BrowserPanelView{b06be3 V.E...... ......ID 0,0-1440,2040} during layout: running second layout pass
06-02 13:14:33.091 10576 10576 W View    : requestLayout() improperly called by helium314.keyboard.latin.panels.BrowserPanelView{b06be3 V.E...... ........ 0,0-1440,2040} during second layout pass: posting in next frame
06-02 13:14:33.102 10576 10576 W View    : requestLayout() improperly called by helium314.keyboard.latin.panels.BrowserPanelView{b06be3 V.E...... ......I. 0,0-1440,2040} during layout: running second layout pass
06-02 13:14:33.108 10576 10576 W View    : requestLayout() improperly called by helium314.keyboard.latin.panels.BrowserPanelView{b06be3 V.E...... ........ 0,0-1440,2040} during second layout pass: posting in next frame
06-02 13:14:33.119 10576 10576 W View    : requestLayout() improperly called by helium314.keyboard.latin.panels.BrowserPanelView{b06be3 V.E...... ......ID 0,0-1440,2040} during layout: running second layout pass
06-02 13:14:33.132 10576 10576 W View    : requestLayout() improperly called by helium314.keyboard.latin.panels.BrowserPanelView{b06be3 V.E...... ........ 0,0-1440,2040} during second layout pass: posting in next frame
06-02 13:14:33.136 10576 10576 W View    : requestLayout() improperly called by helium314.keyboard.latin.panels.BrowserPanelView{b06be3 V.E...... ......I. 0,0-1440,2040} during layout: running second layout pass
06-02 13:14:33.138 12420 12441 W libc    : Access denied finding property "vendor.oplus.media.vpp.stutter"
06-02 13:14:33.142 10576 10576 W View    : requestLayout() improperly called by helium314.keyboard.latin.panels.BrowserPanelView{b06be3 V.E...... ........ 0,0-1440,2040} during second layout pass: posting in next frame
06-02 13:14:33.152 10576 10576 W View    : requestLayout() improperly called by helium314.keyboard.latin.panels.BrowserPanelView{b06be3 V.E...... ......I. 0,0-1440,2040} during layout: running second layout pass
06-02 13:14:33.158 10576 10576 W View    : requestLayout() improperly called by helium314.keyboard.latin.panels.BrowserPanelView{b06be3 V.E...... ........ 0,0-1440,2040} during second layout pass: posting in next frame
06-02 13:14:33.169 10576 10576 W View    : requestLayout() improperly called by helium314.keyboard.latin.panels.BrowserPanelView{b06be3 V.E...... ......I. 0,0-1440,2040} during layout: running second layout pass
06-02 13:14:33.177 10576 10576 W View    : requestLayout() improperly called by helium314.keyboard.latin.panels.BrowserPanelView{b06be3 V.E...... ........ 0,0-1440,2040} during second layout pass: posting in next frame
06-02 13:14:33.185 10576 10576 W View    : requestLayout() improperly called by helium314.keyboard.latin.panels.BrowserPanelView{b06be3 V.E...... ......I. 0,0-1440,2040} during layout: running second layout pass
06-02 13:14:33.193 10576 10576 W View    : requestLayout() improperly called by helium314.keyboard.latin.panels.BrowserPanelView{b06be3 V.E...... ........ 0,0-1440,2040} during second layout pass: posting in next frame
06-02 13:14:33.203 10576 10576 W View    : requestLayout() improperly called by helium314.keyboard.latin.panels.BrowserPanelView{b06be3 V.E...... ......I. 0,0-1440,2040} during layout: running second layout pass
06-02 13:14:33.208 10576 10576 W View    : requestLayout() improperly called by helium314.keyboard.latin.panels.BrowserPanelView{b06be3 V.E...... ........ 0,0-1440,2040} during second layout pass: posting in next frame
06-02 13:14:33.220 10576 10576 W View    : requestLayout() improperly called by helium314.keyboard.latin.panels.BrowserPanelView{b06be3 V.E...... ......I. 0,0-1440,2040} during layout: running second layout pass
06-02 13:14:33.225 10576 10576 W View    : requestLayout() improperly called by helium314.keyboard.latin.panels.BrowserPanelView{b06be3 V.E...... ........ 0,0-1440,2040} during second layout pass: posting in next frame
06-02 13:14:33.240 10576 10576 W View    : requestLayout() improperly called by helium314.keyboard.latin.panels.BrowserPanelView{b06be3 V.E...... ......I. 0,0-1440,2040} during layout: running second layout pass
06-02 13:14:33.245 10576 10576 W View    : requestLayout() improperly called by helium314.keyboard.latin.panels.BrowserPanelView{b06be3 V.E...... ........ 0,0-1440,2040} during second layout pass: posting in next frame
06-02 13:14:33.248 12420 12436 W libc    : Access denied finding property "vendor.oplus.media.vpp.stutter"
06-02 13:14:33.253 10576 10576 W View    : requestLayout() improperly called by helium314.keyboard.latin.panels.BrowserPanelView{b06be3 V.E...... ......I. 0,0-1440,2040} during layout: running second layout pass
06-02 13:14:33.256 10576 10576 W View    : requestLayout() improperly called by helium314.keyboard.latin.panels.BrowserPanelView{b06be3 V.E...... ........ 0,0-1440,2040} during second layout pass: posting in next frame
06-02 13:14:33.269 10576 10576 W View    : requestLayout() improperly called by helium314.keyboard.latin.panels.BrowserPanelView{b06be3 V.E...... ......I. 0,0-1440,2040} during layout: running second layout pass
06-02 13:14:33.277 12420 12681 W Codec2Client: query -- param skipped: index = 1107298332.
06-02 13:14:33.278 10576 10576 W View    : requestLayout() improperly called by helium314.keyboard.latin.panels.BrowserPanelView{b06be3 V.E...... ........ 0,0-1440,2040} during second layout pass: posting in next frame
06-02 13:14:33.279 12420 12681 W Codec2Client: query -- param skipped: index = 1342179345.
06-02 13:14:33.279 12420 12681 W Codec2Client: query -- param skipped: index = 2415921170.
06-02 13:14:33.279 12420 12681 W Codec2Client: query -- param skipped: index = 1610614798.
06-02 13:14:33.286 12420 12438 W libc    : Access denied finding property "vendor.oplus.media.vpp.stutter"
06-02 13:14:33.286 12420 12438 E MULTIMEDIAConfig: [getInt32:L80] Not find config, Returning default
06-02 13:14:33.286 12420 12438 E MULTIMEDIAConfig: [getInt32:L80] Not find config, Returning default
06-02 13:14:33.286 12420 12438 E OplusACodec: [OplusACodec:204] mSrOsieMMListCheckResult:0x0 mOsieVersion:1
06-02 13:14:33.286 10576 10576 W View    : requestLayout() improperly called by helium314.keyboard.latin.panels.BrowserPanelView{b06be3 V.E...... ......I. 0,0-1440,2040} during layout: running second layout pass
06-02 13:14:33.297 10576 10576 W View    : requestLayout() improperly called by helium314.keyboard.latin.panels.BrowserPanelView{b06be3 V.E...... .......D 0,0-1440,2040} during second layout pass: posting in next frame
06-02 13:14:33.303 10576 10576 W View    : requestLayout() improperly called by helium314.keyboard.latin.panels.BrowserPanelView{b06be3 V.E...... ......ID 0,0-1440,2040} during layout: running second layout pass
06-02 13:14:33.309 10576 10576 W View    : requestLayout() improperly called by helium314.keyboard.latin.panels.BrowserPanelView{b06be3 V.E...... ........ 0,0-1440,2040} during second layout pass: posting in next frame
06-02 13:14:33.318 12420 12691 E ListServiceUtils: checkInListByUid module:check-first-IRAP uid:13889 cost 1132us return 0
06-02 13:14:33.319 12420 12691 E OplusACodec: [GetVideoCodingTypeFromMime:L1162] mime:video/avc
06-02 13:14:33.319 10576 10576 W View    : requestLayout() improperly called by helium314.keyboard.latin.panels.BrowserPanelView{b06be3 V.E...... ......I. 0,0-1440,2040} during layout: running second layout pass
06-02 13:14:33.326 10576 10576 W View    : requestLayout() improperly called by helium314.keyboard.latin.panels.BrowserPanelView{b06be3 V.E...... ........ 0,0-1440,2040} during second layout pass: posting in next frame
06-02 13:14:33.336 10576 10576 W View    : requestLayout() improperly called by helium314.keyboard.latin.panels.BrowserPanelView{b06be3 V.E...... ......I. 0,0-1440,2040} during layout: running second layout pass
06-02 13:14:33.340 10576 10576 W View    : requestLayout() improperly called by helium314.keyboard.latin.panels.BrowserPanelView{b06be3 V.E...... ........ 0,0-1440,2040} during second layout pass: posting in next frame
06-02 13:14:33.354 10576 10576 W View    : requestLayout() improperly called by helium314.keyboard.latin.panels.BrowserPanelView{b06be3 V.E...... ......I. 0,0-1440,2040} during layout: running second layout pass
06-02 13:14:33.360 10576 10576 W View    : requestLayout() improperly called by helium314.keyboard.latin.panels.BrowserPanelView{b06be3 V.E...... ........ 0,0-1440,2040} during second layout pass: posting in next frame
06-02 13:14:33.369 10576 10576 W View    : requestLayout() improperly called by helium314.keyboard.latin.panels.BrowserPanelView{b06be3 V.E...... ......I. 0,0-1440,2040} during layout: running second layout pass
06-02 13:14:33.371 12696 12696 E .keyboard:tab2: Unknown bits set in runtime_flags: 0x40000000
06-02 13:14:33.377 10576 10576 W View    : requestLayout() improperly called by helium314.keyboard.latin.panels.BrowserPanelView{b06be3 V.E...... ........ 0,0-1440,2040} during second layout pass: posting in next frame
06-02 13:14:33.386 10576 10576 W View    : requestLayout() improperly called by helium314.keyboard.latin.panels.BrowserPanelView{b06be3 V.E...... ......I. 0,0-1440,2040} during layout: running second layout pass
06-02 13:14:33.391 10576 10576 W View    : requestLayout() improperly called by helium314.keyboard.latin.panels.BrowserPanelView{b06be3 V.E...... ........ 0,0-1440,2040} during second layout pass: posting in next frame
06-02 13:14:33.405 10576 10576 W View    : requestLayout() improperly called by helium314.keyboard.latin.panels.BrowserPanelView{b06be3 V.E...... ......I. 0,0-1440,2040} during layout: running second layout pass
06-02 13:14:33.411 10576 10576 W View    : requestLayout() improperly called by helium314.keyboard.latin.panels.BrowserPanelView{b06be3 V.E...... ........ 0,0-1440,2040} during second layout pass: posting in next frame
06-02 13:14:33.420 10576 10576 W View    : requestLayout() improperly called by helium314.keyboard.latin.panels.BrowserPanelView{b06be3 V.E...... ......ID 0,0-1440,2040} during layout: running second layout pass
06-02 13:14:33.426 10576 10576 W View    : requestLayout() improperly called by helium314.keyboard.latin.panels.BrowserPanelView{b06be3 V.E...... ........ 0,0-1440,2040} during second layout pass: posting in next frame
06-02 13:14:33.437 10576 10576 W View    : requestLayout() improperly called by helium314.keyboard.latin.panels.BrowserPanelView{b06be3 V.E...... ......I. 0,0-1440,2040} during layout: running second layout pass
06-02 13:14:33.448 12420 12681 W Codec2Client: query -- param skipped: index = 1342179345.
06-02 13:14:33.448 12420 12681 W Codec2Client: query -- param skipped: index = 2415921170.
06-02 13:14:33.448 12420 12681 W Codec2Client: query -- param skipped: index = 1610614798.
06-02 13:14:33.450 10576 10576 W View    : requestLayout() improperly called by helium314.keyboard.latin.panels.BrowserPanelView{b06be3 V.E...... ........ 0,0-1440,2040} during second layout pass: posting in next frame
06-02 13:14:33.453 10576 10576 W View    : requestLayout() improperly called by helium314.keyboard.latin.panels.BrowserPanelView{b06be3 V.E...... ......I. 0,0-1440,2040} during layout: running second layout pass
06-02 13:14:33.459 12696 12727 E GeckoLibLoad: Load sqlite start
06-02 13:14:33.461 12696 12727 E GeckoLibLoad: Load sqlite done
06-02 13:14:33.461 12696 12727 E GeckoLibLoad: Load nss start
06-02 13:14:33.461 12696 12727 E GeckoLibLoad: Load nss done
06-02 13:14:33.465 10576 10576 W View    : requestLayout() improperly called by helium314.keyboard.latin.panels.BrowserPanelView{b06be3 V.E...... ........ 0,0-1440,2040} during second layout pass: posting in next frame
06-02 13:14:33.470 10576 10576 W View    : requestLayout() improperly called by helium314.keyboard.latin.panels.BrowserPanelView{b06be3 V.E...... ......I. 0,0-1440,2040} during layout: running second layout pass
06-02 13:14:33.471 12696 12727 E GeckoLibLoad: Loaded libs in 9.768334ms total, 0ms(0ms) user, 9ms(9ms) system, 0(0) faults
06-02 13:14:33.471 12696 12727 W GeckoThread: zerdatime 97316332 - runGecko
06-02 13:14:33.476 10576 10576 W View    : requestLayout() improperly called by helium314.keyboard.latin.panels.BrowserPanelView{b06be3 V.E...... ........ 0,0-1440,2040} during second layout pass: posting in next frame
06-02 13:14:33.487 10576 10576 W View    : requestLayout() improperly called by helium314.keyboard.latin.panels.BrowserPanelView{b06be3 V.E...... ......I. 0,0-1440,2040} during layout: running second layout pass
06-02 13:14:33.492 10576 10576 W View    : requestLayout() improperly called by helium314.keyboard.latin.panels.BrowserPanelView{b06be3 V.E...... .......D 0,0-1440,2040} during second layout pass: posting in next frame
06-02 13:14:33.503 10576 10576 W View    : requestLayout() improperly called by helium314.keyboard.latin.panels.BrowserPanelView{b06be3 V.E...... ......ID 0,0-1440,2040} during layout: running second layout pass
06-02 13:14:33.510 10576 10576 W View    : requestLayout() improperly called by helium314.keyboard.latin.panels.BrowserPanelView{b06be3 V.E...... .......D 0,0-1440,2040} during second layout pass: posting in next frame
06-02 13:14:33.519 10576 10576 W View    : requestLayout() improperly called by helium314.keyboard.latin.panels.BrowserPanelView{b06be3 V.E...... ......ID 0,0-1440,2040} during layout: running second layout pass
06-02 13:14:33.525 10576 10576 W View    : requestLayout() improperly called by helium314.keyboard.latin.panels.BrowserPanelView{b06be3 V.E...... ........ 0,0-1440,2040} during second layout pass: posting in next frame
06-02 13:14:33.539 10576 10576 W View    : requestLayout() improperly called by helium314.keyboard.latin.panels.BrowserPanelView{b06be3 V.E...... ......I. 0,0-1440,2040} during layout: running second layout pass
06-02 13:14:33.544 10576 10576 W View    : requestLayout() improperly called by helium314.keyboard.latin.panels.BrowserPanelView{b06be3 V.E...... ........ 0,0-1440,2040} during second layout pass: posting in next frame
06-02 13:14:33.553 10576 10576 W View    : requestLayout() improperly called by helium314.keyboard.latin.panels.BrowserPanelView{b06be3 V.E...... ......ID 0,0-1440,2040} during layout: running second layout pass
06-02 13:14:33.559 10576 10576 W View    : requestLayout() improperly called by helium314.keyboard.latin.panels.BrowserPanelView{b06be3 V.E...... ........ 0,0-1440,2040} during second layout pass: posting in next frame
06-02 13:14:33.572 10576 10576 W View    : requestLayout() improperly called by helium314.keyboard.latin.panels.BrowserPanelView{b06be3 V.E...... ......I. 0,0-1440,2040} during layout: running second layout pass
06-02 13:14:33.576 12189 12207 E Isolated Web Content: [JavaScript Error: "Cookie “_cookie_test” has been rejected for invalid domain." {file: "https://www.cnn.com/" line: 0}]
06-02 13:14:33.578 12189 12207 E Isolated Web Content: [JavaScript Error: "Cookie “_cookie_test” has been rejected for invalid domain." {file: "https://www.cnn.com/" line: 0}]
06-02 13:14:33.579 12696 12727 W Isolated Web Content: [JavaScript Warning: "This page is in Almost Standards Mode. Page layout may be impacted. For Standards Mode use “<!DOCTYPE html>”." {file: "https://btloader.com/trustedIframe.html?o=5762268746743808&upapi=true" line: 0}]
06-02 13:14:33.582 12189 12207 E Isolated Web Content: [JavaScript Error: "Cookie “_cookie_test” has been rejected for invalid domain." {file: "https://www.cnn.com/" line: 0}]
06-02 13:14:33.583 10576 10576 W View    : requestLayout() improperly called by helium314.keyboard.latin.panels.BrowserPanelView{b06be3 V.E...... ........ 0,0-1440,2040} during second layout pass: posting in next frame
06-02 13:14:33.586 12189 12207 E Isolated Web Content: [JavaScript Error: "Cookie “_cookie_test” has been rejected for invalid domain." {file: "https://www.cnn.com/" line: 0}]
06-02 13:14:33.586 10576 10576 W View    : requestLayout() improperly called by helium314.keyboard.latin.panels.BrowserPanelView{b06be3 V.E...... ......I. 0,0-1440,2040} during layout: running second layout pass
06-02 13:14:33.591 12189 12207 E Isolated Web Content: [JavaScript Error: "Cookie “_cookie_test” has been rejected for invalid domain." {file: "https://www.cnn.com/" line: 0}]
06-02 13:14:33.591 12189 12207 E Isolated Web Content: [JavaScript Error: "Cookie “_cookie_test” has been rejected for invalid domain." {file: "https://www.cnn.com/" line: 0}]
06-02 13:14:33.594 10576 10576 W View    : requestLayout() improperly called by helium314.keyboard.latin.panels.BrowserPanelView{b06be3 V.E...... ........ 0,0-1440,2040} during second layout pass: posting in next frame
06-02 13:14:33.604 10576 10576 W View    : requestLayout() improperly called by helium314.keyboard.latin.panels.BrowserPanelView{b06be3 V.E...... ......I. 0,0-1440,2040} during layout: running second layout pass
06-02 13:14:33.611 10576 10576 W View    : requestLayout() improperly called by helium314.keyboard.latin.panels.BrowserPanelView{b06be3 V.E...... ........ 0,0-1440,2040} during second layout pass: posting in next frame
06-02 13:14:33.611 12189 12207 E Isolated Web Content: [JavaScript Error: "Cookie “_cookie_test” has been rejected for invalid domain." {file: "https://www.cnn.com/" line: 0}]
06-02 13:14:33.611 12189 12207 E Isolated Web Content: [JavaScript Error: "Cookie “_cookie_test” has been rejected for invalid domain." {file: "https://www.cnn.com/" line: 0}]
06-02 13:14:33.612 10576 10576 W com.vibekey.keyboard: type=1400 audit(0.0:46222): avc: denied { nlmsg_readpriv } for comm=536F636B657420546872656164 scontext=u:r:untrusted_app:s0:c49,c271,c512,c768 tcontext=u:r:untrusted_app:s0:c49,c271,c512,c768 tclass=netlink_route_socket permissive=0 bug=b/155595000 app=com.vibekey.keyboard
06-02 13:14:33.620 10576 10576 W View    : requestLayout() improperly called by helium314.keyboard.latin.panels.BrowserPanelView{b06be3 V.E...... ......I. 0,0-1440,2040} during layout: running second layout pass
06-02 13:14:33.612 10576 10576 W com.vibekey.keyboard: type=1400 audit(0.0:46223): avc: denied { nlmsg_readpriv } for comm=536F636B657420546872656164 scontext=u:r:untrusted_app:s0:c49,c271,c512,c768 tcontext=u:r:untrusted_app:s0:c49,c271,c512,c768 tclass=netlink_route_socket permissive=0 bug=b/155595000 app=com.vibekey.keyboard
06-02 13:14:33.629 10576 10576 W View    : requestLayout() improperly called by helium314.keyboard.latin.panels.BrowserPanelView{b06be3 V.E...... ........ 0,0-1440,2040} during second layout pass: posting in next frame
06-02 13:14:33.637 10576 10576 W View    : requestLayout() improperly called by helium314.keyboard.latin.panels.BrowserPanelView{b06be3 V.E...... ......I. 0,0-1440,2040} during layout: running second layout pass
06-02 13:14:33.644 10576 10576 W View    : requestLayout() improperly called by helium314.keyboard.latin.panels.BrowserPanelView{b06be3 V.E...... ........ 0,0-1440,2040} during second layout pass: posting in next frame
06-02 13:14:33.656 10576 10576 W View    : requestLayout() improperly called by helium314.keyboard.latin.panels.BrowserPanelView{b06be3 V.E...... ......I. 0,0-1440,2040} during layout: running second layout pass
06-02 13:14:33.660 10576 10576 W View    : requestLayout() improperly called by helium314.keyboard.latin.panels.BrowserPanelView{b06be3 V.E...... ........ 0,0-1440,2040} during second layout pass: posting in next frame
06-02 13:14:33.666 12189 12207 W Isolated Web Content: [JavaScript Warning: "Autoplay is only allowed when approved by the user, the site is activated by the user, or media is muted." {file: "https://www.cnn.com/" line: 0}]
06-02 13:14:33.670 10576 10576 W View    : requestLayout() improperly called by helium314.keyboard.latin.panels.BrowserPanelView{b06be3 V.E...... ......ID 0,0-1440,2040} during layout: running second layout pass
06-02 13:14:33.687 10576 10576 W View    : requestLayout() improperly called by helium314.keyboard.latin.panels.BrowserPanelView{b06be3 V.E...... ........ 0,0-1440,2040} during second layout pass: posting in next frame
06-02 13:14:33.689 10576 10576 W View    : requestLayout() improperly called by helium314.keyboard.latin.panels.BrowserPanelView{b06be3 V.E...... ......I. 0,0-1440,2040} during layout: running second layout pass
06-02 13:14:33.698 10576 10576 W View    : requestLayout() improperly called by helium314.keyboard.latin.panels.BrowserPanelView{b06be3 V.E...... ........ 0,0-1440,2040} during second layout pass: posting in next frame
06-02 13:14:33.703 10576 10576 W View    : requestLayout() improperly called by helium314.keyboard.latin.panels.BrowserPanelView{b06be3 V.E...... ......ID 0,0-1440,2040} during layout: running second layout pass
06-02 13:14:33.709 10576 10576 W View    : requestLayout() improperly called by helium314.keyboard.latin.panels.BrowserPanelView{b06be3 V.E...... ........ 0,0-1440,2040} during second layout pass: posting in next frame
06-02 13:14:33.720 10576 10576 W View    : requestLayout() improperly called by helium314.keyboard.latin.panels.BrowserPanelView{b06be3 V.E...... ......ID 0,0-1440,2040} during layout: running second layout pass
06-02 13:14:33.728 10576 10576 W View    : requestLayout() improperly called by helium314.keyboard.latin.panels.BrowserPanelView{b06be3 V.E...... ........ 0,0-1440,2040} during second layout pass: posting in next frame
06-02 13:14:33.737 10576 10576 W View    : requestLayout() improperly called by helium314.keyboard.latin.panels.BrowserPanelView{b06be3 V.E...... ......I. 0,0-1440,2040} during layout: running second layout pass
06-02 13:14:33.742 10576 10576 W View    : requestLayout() improperly called by helium314.keyboard.latin.panels.BrowserPanelView{b06be3 V.E...... ........ 0,0-1440,2040} during second layout pass: posting in next frame
06-02 13:14:33.743 12189 12207 E Isolated Web Content: [JavaScript Error: "Cookie “s_ac” has been rejected for invalid domain." {file: "https://www.cnn.com/" line: 0}]
06-02 13:14:33.753 10576 10576 W View    : requestLayout() improperly called by helium314.keyboard.latin.panels.BrowserPanelView{b06be3 V.E...... ......I. 0,0-1440,2040} during layout: running second layout pass
06-02 13:14:33.760 10576 10576 W View    : requestLayout() improperly called by helium314.keyboard.latin.panels.BrowserPanelView{b06be3 V.E...... ........ 0,0-1440,2040} during second layout pass: posting in next frame
06-02 13:14:33.776 10576 10576 W View    : requestLayout() improperly called by helium314.keyboard.latin.panels.BrowserPanelView{b06be3 V.E...... ......I. 0,0-1440,2040} during layout: running second layout pass
06-02 13:14:33.780 10576 10576 W View    : requestLayout() improperly called by helium314.keyboard.latin.panels.BrowserPanelView{b06be3 V.E...... ........ 0,0-1440,2040} during second layout pass: posting in next frame
06-02 13:14:33.786 10576 10576 W View    : requestLayout() improperly called by helium314.keyboard.latin.panels.BrowserPanelView{b06be3 V.E...... ......I. 0,0-1440,2040} during layout: running second layout pass
06-02 13:14:33.790 12189 12207 W Isolated Web Content: [JavaScript Warning: "Loading failed for the <script> with source “https://static.adsafeprotected.com/publisher/925660/ebfdc39c-b42a-11f0-aa09-0e6958f30139.min.js”." {file: "https://www.cnn.com/" line: 1}]
06-02 13:14:33.793 10576 10576 W View    : requestLayout() improperly called by helium314.keyboard.latin.panels.BrowserPanelView{b06be3 V.E...... ........ 0,0-1440,2040} during second layout pass: posting in next frame
06-02 13:14:33.782 10576 10576 W com.vibekey.keyboard: type=1400 audit(0.0:46224): avc: denied { nlmsg_readpriv } for comm=536F636B657420546872656164 scontext=u:r:untrusted_app:s0:c49,c271,c512,c768 tcontext=u:r:untrusted_app:s0:c49,c271,c512,c768 tclass=netlink_route_socket permissive=0 bug=b/155595000 app=com.vibekey.keyboard
06-02 13:14:33.803 10576 10576 W View    : requestLayout() improperly called by helium314.keyboard.latin.panels.BrowserPanelView{b06be3 V.E...... ......I. 0,0-1440,2040} during layout: running second layout pass
06-02 13:14:33.809 10576 10576 W View    : requestLayout() improperly called by helium314.keyboard.latin.panels.BrowserPanelView{b06be3 V.E...... ........ 0,0-1440,2040} during second layout pass: posting in next frame
06-02 13:14:33.820 10576 10576 W View    : requestLayout() improperly called by helium314.keyboard.latin.panels.BrowserPanelView{b06be3 V.E...... ......I. 0,0-1440,2040} during layout: running second layout pass
06-02 13:14:33.826 10576 10576 W View    : requestLayout() improperly called by helium314.keyboard.latin.panels.BrowserPanelView{b06be3 V.E...... ........ 0,0-1440,2040} during second layout pass: posting in next frame
06-02 13:14:33.836 10576 10576 W View    : requestLayout() improperly called by helium314.keyboard.latin.panels.BrowserPanelView{b06be3 V.E...... ......I. 0,0-1440,2040} during layout: running second layout pass
06-02 13:14:33.843 10576 10576 W View    : requestLayout() improperly called by helium314.keyboard.latin.panels.BrowserPanelView{b06be3 V.E...... ........ 0,0-1440,2040} during second layout pass: posting in next frame
06-02 13:14:33.845 12189 12207 E Isolated Web Content: [JavaScript Error: "Cookie “_cookie_test” has been rejected for invalid domain." {file: "https://www.cnn.com/" line: 0}]
06-02 13:14:33.845 12189 12207 E Isolated Web Content: [JavaScript Error: "Cookie “_cookie_test” has been rejected for invalid domain." {file: "https://www.cnn.com/" line: 0}]
06-02 13:14:33.854 10576 10576 W View    : requestLayout() improperly called by helium314.keyboard.latin.panels.BrowserPanelView{b06be3 V.E...... ......I. 0,0-1440,2040} during layout: running second layout pass
06-02 13:14:33.860 10576 10576 W View    : requestLayout() improperly called by helium314.keyboard.latin.panels.BrowserPanelView{b06be3 V.E...... ........ 0,0-1440,2040} during second layout pass: posting in next frame
06-02 13:14:33.870 10576 10576 W View    : requestLayout() improperly called by helium314.keyboard.latin.panels.BrowserPanelView{b06be3 V.E...... ......I. 0,0-1440,2040} during layout: running second layout pass
06-02 13:14:33.877 10576 10576 W View    : requestLayout() improperly called by helium314.keyboard.latin.panels.BrowserPanelView{b06be3 V.E...... ........ 0,0-1440,2040} during second layout pass: posting in next frame
06-02 13:14:33.887 10576 10576 W View    : requestLayout() improperly called by helium314.keyboard.latin.panels.BrowserPanelView{b06be3 V.E...... ......I. 0,0-1440,2040} during layout: running second layout pass
06-02 13:14:33.893 10576 10576 W View    : requestLayout() improperly called by helium314.keyboard.latin.panels.BrowserPanelView{b06be3 V.E...... ........ 0,0-1440,2040} during second layout pass: posting in next frame
06-02 13:14:33.904 10576 10576 W View    : requestLayout() improperly called by helium314.keyboard.latin.panels.BrowserPanelView{b06be3 V.E...... ......I. 0,0-1440,2040} during layout: running second layout pass
06-02 13:14:33.910 10576 10576 W View    : requestLayout() improperly called by helium314.keyboard.latin.panels.BrowserPanelView{b06be3 V.E...... ........ 0,0-1440,2040} during second layout pass: posting in next frame
06-02 13:14:33.920 10576 10576 W View    : requestLayout() improperly called by helium314.keyboard.latin.panels.BrowserPanelView{b06be3 V.E...... ......I. 0,0-1440,2040} during layout: running second layout pass
06-02 13:14:33.927 10576 10576 W View    : requestLayout() improperly called by helium314.keyboard.latin.panels.BrowserPanelView{b06be3 V.E...... ........ 0,0-1440,2040} during second layout pass: posting in next frame
06-02 13:14:33.937 10576 10576 W View    : requestLayout() improperly called by helium314.keyboard.latin.panels.BrowserPanelView{b06be3 V.E...... ......I. 0,0-1440,2040} during layout: running second layout pass
06-02 13:14:33.943 10576 10576 W View    : requestLayout() improperly called by helium314.keyboard.latin.panels.BrowserPanelView{b06be3 V.E...... ........ 0,0-1440,2040} during second layout pass: posting in next frame
06-02 13:14:33.954 10576 10576 W View    : requestLayout() improperly called by helium314.keyboard.latin.panels.BrowserPanelView{b06be3 V.E...... ......I. 0,0-1440,2040} during layout: running second layout pass
06-02 13:14:33.960 10576 10576 W View    : requestLayout() improperly called by helium314.keyboard.latin.panels.BrowserPanelView{b06be3 V.E...... ........ 0,0-1440,2040} during second layout pass: posting in next frame
06-02 13:14:33.971 10576 10576 W View    : requestLayout() improperly called by helium314.keyboard.latin.panels.BrowserPanelView{b06be3 V.E...... ......I. 0,0-1440,2040} during layout: running second layout pass
06-02 13:14:33.979 10576 10576 W View    : requestLayout() improperly called by helium314.keyboard.latin.panels.BrowserPanelView{b06be3 V.E...... ........ 0,0-1440,2040} during second layout pass: posting in next frame
06-02 13:14:33.987 10576 10576 W View    : requestLayout() improperly called by helium314.keyboard.latin.panels.BrowserPanelView{b06be3 V.E...... ......I. 0,0-1440,2040} during layout: running second layout pass
06-02 13:14:33.993 10576 10576 W View    : requestLayout() improperly called by helium314.keyboard.latin.panels.BrowserPanelView{b06be3 V.E...... ........ 0,0-1440,2040} during second layout pass: posting in next frame
06-02 13:14:34.005 10576 10576 W View    : requestLayout() improperly called by helium314.keyboard.latin.panels.BrowserPanelView{b06be3 V.E...... ......I. 0,0-1440,2040} during layout: running second layout pass
06-02 13:14:34.012 10576 10576 W View    : requestLayout() improperly called by helium314.keyboard.latin.panels.BrowserPanelView{b06be3 V.E...... ........ 0,0-1440,2040} during second layout pass: posting in next frame
06-02 13:14:34.018 12776 12776 E .keyboard:tab2: Unknown bits set in runtime_flags: 0x40000000
06-02 13:14:34.023 10576 10576 W View    : requestLayout() improperly called by helium314.keyboard.latin.panels.BrowserPanelView{b06be3 V.E...... ......I. 0,0-1440,2040} during layout: running second layout pass
06-02 13:14:34.027 10576 10576 W View    : requestLayout() improperly called by helium314.keyboard.latin.panels.BrowserPanelView{b06be3 V.E...... ........ 0,0-1440,2040} during second layout pass: posting in next frame
06-02 13:14:34.036 10576 10576 W View    : requestLayout() improperly called by helium314.keyboard.latin.panels.BrowserPanelView{b06be3 V.E...... ......I. 0,0-1440,2040} during layout: running second layout pass
06-02 13:14:34.043 10576 10576 W View    : requestLayout() improperly called by helium314.keyboard.latin.panels.BrowserPanelView{b06be3 V.E...... ........ 0,0-1440,2040} during second layout pass: posting in next frame
06-02 13:14:34.053 10576 10576 W View    : requestLayout() improperly called by helium314.keyboard.latin.panels.BrowserPanelView{b06be3 V.E...... ......I. 0,0-1440,2040} during layout: running second layout pass
06-02 13:14:34.062 10576 10576 W View    : requestLayout() improperly called by helium314.keyboard.latin.panels.BrowserPanelView{b06be3 V.E...... ........ 0,0-1440,2040} during second layout pass: posting in next frame
06-02 13:14:34.071 10576 10576 W View    : requestLayout() improperly called by helium314.keyboard.latin.panels.BrowserPanelView{b06be3 V.E...... ......I. 0,0-1440,2040} during layout: running second layout pass
06-02 13:14:34.079 10576 10576 W View    : requestLayout() improperly called by helium314.keyboard.latin.panels.BrowserPanelView{b06be3 V.E...... ........ 0,0-1440,2040} during second layout pass: posting in next frame
06-02 13:14:34.087 10576 10576 W View    : requestLayout() improperly called by helium314.keyboard.latin.panels.BrowserPanelView{b06be3 V.E...... ......I. 0,0-1440,2040} during layout: running second layout pass
06-02 13:14:34.095 10576 10576 W View    : requestLayout() improperly called by helium314.keyboard.latin.panels.BrowserPanelView{b06be3 V.E...... ........ 0,0-1440,2040} during second layout pass: posting in next frame
06-02 13:14:34.103 12776 12792 E GeckoLibLoad: Load sqlite start
06-02 13:14:34.104 10576 10576 W View    : requestLayout() improperly called by helium314.keyboard.latin.panels.BrowserPanelView{b06be3 V.E...... ......I. 0,0-1440,2040} during layout: running second layout pass
06-02 13:14:34.106 12776 12792 E GeckoLibLoad: Load sqlite done
06-02 13:14:34.106 12776 12792 E GeckoLibLoad: Load nss start
06-02 13:14:34.106 12776 12792 E GeckoLibLoad: Load nss done
06-02 13:14:34.112 10576 10576 W View    : requestLayout() improperly called by helium314.keyboard.latin.panels.BrowserPanelView{b06be3 V.E...... ........ 0,0-1440,2040} during second layout pass: posting in next frame
06-02 13:14:34.118 12776 12792 E GeckoLibLoad: Loaded libs in 11.995834ms total, 9ms(9ms) user, 0ms(0ms) system, 0(0) faults
06-02 13:14:34.119 12776 12792 W GeckoThread: zerdatime 97316980 - runGecko
06-02 13:14:34.120 10576 10576 W View    : requestLayout() improperly called by helium314.keyboard.latin.panels.BrowserPanelView{b06be3 V.E...... ......I. 0,0-1440,2040} during layout: running second layout pass
06-02 13:14:34.125 10576 10576 W View    : requestLayout() improperly called by helium314.keyboard.latin.panels.BrowserPanelView{b06be3 V.E...... ........ 0,0-1440,2040} during second layout pass: posting in next frame
06-02 13:14:34.137 10576 10576 W View    : requestLayout() improperly called by helium314.keyboard.latin.panels.BrowserPanelView{b06be3 V.E...... ......I. 0,0-1440,2040} during layout: running second layout pass
06-02 13:14:34.139 12420 12441 W libc    : Access denied finding property "vendor.oplus.media.vpp.stutter"
06-02 13:14:34.146 10576 10576 W View    : requestLayout() improperly called by helium314.keyboard.latin.panels.BrowserPanelView{b06be3 V.E...... ........ 0,0-1440,2040} during second layout pass: posting in next frame
06-02 13:14:34.154 10576 10576 W View    : requestLayout() improperly called by helium314.keyboard.latin.panels.BrowserPanelView{b06be3 V.E...... ......I. 0,0-1440,2040} during layout: running second layout pass
06-02 13:14:34.162 10576 10576 W View    : requestLayout() improperly called by helium314.keyboard.latin.panels.BrowserPanelView{b06be3 V.E...... ........ 0,0-1440,2040} during second layout pass: posting in next frame
06-02 13:14:34.171 10576 10576 W View    : requestLayout() improperly called by helium314.keyboard.latin.panels.BrowserPanelView{b06be3 V.E...... ......I. 0,0-1440,2040} during layout: running second layout pass
06-02 13:14:34.178 10576 10576 W View    : requestLayout() improperly called by helium314.keyboard.latin.panels.BrowserPanelView{b06be3 V.E...... ........ 0,0-1440,2040} during second layout pass: posting in next frame
06-02 13:14:34.187 10576 10576 W View    : requestLayout() improperly called by helium314.keyboard.latin.panels.BrowserPanelView{b06be3 V.E...... ......I. 0,0-1440,2040} during layout: running second layout pass
06-02 13:14:34.193 10576 10576 W View    : requestLayout() improperly called by helium314.keyboard.latin.panels.BrowserPanelView{b06be3 V.E...... ........ 0,0-1440,2040} during second layout pass: posting in next frame
06-02 13:14:34.204 10576 10576 W View    : requestLayout() improperly called by helium314.keyboard.latin.panels.BrowserPanelView{b06be3 V.E...... ......I. 0,0-1440,2040} during layout: running second layout pass
06-02 13:14:34.210 10576 10576 W View    : requestLayout() improperly called by helium314.keyboard.latin.panels.BrowserPanelView{b06be3 V.E...... ........ 0,0-1440,2040} during second layout pass: posting in next frame
06-02 13:14:34.221 10576 10576 W View    : requestLayout() improperly called by helium314.keyboard.latin.panels.BrowserPanelView{b06be3 V.E...... ......I. 0,0-1440,2040} during layout: running second layout pass
06-02 13:14:34.229 10576 10576 W View    : requestLayout() improperly called by helium314.keyboard.latin.panels.BrowserPanelView{b06be3 V.E...... ........ 0,0-1440,2040} during second layout pass: posting in next frame
06-02 13:14:34.237 10576 10576 W View    : requestLayout() improperly called by helium314.keyboard.latin.panels.BrowserPanelView{b06be3 V.E...... ......I. 0,0-1440,2040} during layout: running second layout pass
06-02 13:14:34.245 10576 10576 W View    : requestLayout() improperly called by helium314.keyboard.latin.panels.BrowserPanelView{b06be3 V.E...... ........ 0,0-1440,2040} during second layout pass: posting in next frame
06-02 13:14:34.254 10576 10576 W View    : requestLayout() improperly called by helium314.keyboard.latin.panels.BrowserPanelView{b06be3 V.E...... ......I. 0,0-1440,2040} during layout: running second layout pass
06-02 13:14:34.260 10576 10576 W View    : requestLayout() improperly called by helium314.keyboard.latin.panels.BrowserPanelView{b06be3 V.E...... ........ 0,0-1440,2040} during second layout pass: posting in next frame
06-02 13:14:34.271 10576 10576 W View    : requestLayout() improperly called by helium314.keyboard.latin.panels.BrowserPanelView{b06be3 V.E...... ......I. 0,0-1440,2040} during layout: running second layout pass
06-02 13:14:34.277 10576 10576 W View    : requestLayout() improperly called by helium314.keyboard.latin.panels.BrowserPanelView{b06be3 V.E...... ........ 0,0-1440,2040} during second layout pass: posting in next frame
06-02 13:14:34.287 10576 10576 W View    : requestLayout() improperly called by helium314.keyboard.latin.panels.BrowserPanelView{b06be3 V.E...... ......I. 0,0-1440,2040} during layout: running second layout pass
06-02 13:14:34.293 10576 10576 W View    : requestLayout() improperly called by helium314.keyboard.latin.panels.BrowserPanelView{b06be3 V.E...... ........ 0,0-1440,2040} during second layout pass: posting in next frame
06-02 13:14:34.294 12420 12798 W libc    : Access denied finding property "vendor.oplus.media.vpp.stutter"
06-02 13:14:34.295 12420 12798 E MULTIMEDIAConfig: [getInt32:L80] Not find config, Returning default
06-02 13:14:34.295 12420 12798 E MULTIMEDIAConfig: [getInt32:L80] Not find config, Returning default
06-02 13:14:34.295 12420 12798 E OplusACodec: [OplusACodec:204] mSrOsieMMListCheckResult:0x0 mOsieVersion:1
06-02 13:14:34.305 10576 10576 W View    : requestLayout() improperly called by helium314.keyboard.latin.panels.BrowserPanelView{b06be3 V.E...... ......I. 0,0-1440,2040} during layout: running second layout pass
06-02 13:14:34.306 12189 12207 E Isolated Web Content: [JavaScript Error: "Cookie “_cookie_test” has been rejected for invalid domain." {file: "https://www.cnn.com/" line: 0}]
06-02 13:14:34.306 12189 12207 E Isolated Web Content: [JavaScript Error: "Cookie “_cookie_test” has been rejected for invalid domain." {file: "https://www.cnn.com/" line: 0}]
06-02 13:14:34.311 12189 12207 E Isolated Web Content: [JavaScript Error: "Cookie “_cookie_test” has been rejected for invalid domain." {file: "https://www.cnn.com/" line: 0}]
06-02 13:14:34.311 12189 12207 E Isolated Web Content: [JavaScript Error: "Cookie “_cookie_test” has been rejected for invalid domain." {file: "https://www.cnn.com/" line: 0}]
06-02 13:14:34.317 10576 10576 W View    : requestLayout() improperly called by helium314.keyboard.latin.panels.BrowserPanelView{b06be3 V.E...... ........ 0,0-1440,2040} during second layout pass: posting in next frame
06-02 13:14:34.322 12420 12829 E OplusACodec: [GetVideoCodingTypeFromMime:L1162] mime:video/avc
06-02 13:14:34.324 10576 10576 W View    : requestLayout() improperly called by helium314.keyboard.latin.panels.BrowserPanelView{b06be3 V.E...... ......I. 0,0-1440,2040} during layout: running second layout pass
06-02 13:14:34.327 10576 10576 W View    : requestLayout() improperly called by helium314.keyboard.latin.panels.BrowserPanelView{b06be3 V.E...... ........ 0,0-1440,2040} during second layout pass: posting in next frame
06-02 13:14:34.337 10576 10576 W View    : requestLayout() improperly called by helium314.keyboard.latin.panels.BrowserPanelView{b06be3 V.E...... ......I. 0,0-1440,2040} during layout: running second layout pass
06-02 13:14:34.342 10576 10576 W View    : requestLayout() improperly called by helium314.keyboard.latin.panels.BrowserPanelView{b06be3 V.E...... ........ 0,0-1440,2040} during second layout pass: posting in next frame
06-02 13:14:34.355 10576 10576 W View    : requestLayout() improperly called by helium314.keyboard.latin.panels.BrowserPanelView{b06be3 V.E...... ......I. 0,0-1440,2040} during layout: running second layout pass
06-02 13:14:34.358 10576 10576 W View    : requestLayout() improperly called by helium314.keyboard.latin.panels.BrowserPanelView{b06be3 V.E...... ........ 0,0-1440,2040} during second layout pass: posting in next frame
06-02 13:14:34.372 10576 10576 W View    : requestLayout() improperly called by helium314.keyboard.latin.panels.BrowserPanelView{b06be3 V.E...... ......I. 0,0-1440,2040} during layout: running second layout pass
06-02 13:14:34.376 10576 10576 W View    : requestLayout() improperly called by helium314.keyboard.latin.panels.BrowserPanelView{b06be3 V.E...... ........ 0,0-1440,2040} during second layout pass: posting in next frame
06-02 13:14:34.380 12189 12207 W Isolated Web Content: [JavaScript Warning: "Autoplay is only allowed when approved by the user, the site is activated by the user, or media is muted." {file: "https://www.cnn.com/" line: 0}]
06-02 13:14:34.388 10576 10576 W View    : requestLayout() improperly called by helium314.keyboard.latin.panels.BrowserPanelView{b06be3 V.E...... ......I. 0,0-1440,2040} during layout: running second layout pass
06-02 13:14:34.391 10576 10576 W View    : requestLayout() improperly called by helium314.keyboard.latin.panels.BrowserPanelView{b06be3 V.E...... ........ 0,0-1440,2040} during second layout pass: posting in next frame
06-02 13:14:34.405 10576 10576 W View    : requestLayout() improperly called by helium314.keyboard.latin.panels.BrowserPanelView{b06be3 V.E...... ......I. 0,0-1440,2040} during layout: running second layout pass
06-02 13:14:34.408 10576 10576 W View    : requestLayout() improperly called by helium314.keyboard.latin.panels.BrowserPanelView{b06be3 V.E...... .......D 0,0-1440,2040} during second layout pass: posting in next frame
