06-01 11:14:15.950 13377 13408 W Isolated Web Content: [JavaScript Warning: "This page is in Quirks Mode. Page layout may be impacted. For Standards Mode use “<!DOCTYPE html>”." {file: "https://ads.pubmatic.com/AdServer/js/user_sync.html?p=137711&s=137812&predirect=https%3A%2F%2Fce.lijit.com%2Fmerge%3Fpid%3D58%263pid%3D&gdpr=&gdpr_consent=" line: 0}]
06-01 11:14:16.371 13459 13459 E .keyboard:tab3: Unknown bits set in runtime_flags: 0x40000000
06-01 11:14:16.442 13459 13481 E GeckoLibLoad: Load sqlite start
06-01 11:14:16.443 13459 13481 E GeckoLibLoad: Load sqlite done
06-01 11:14:16.443 13459 13481 E GeckoLibLoad: Load nss start
06-01 11:14:16.443 13459 13481 E GeckoLibLoad: Load nss done
06-01 11:14:16.451 13459 13481 E GeckoLibLoad: Loaded libs in 8.542865ms total, 9ms(8ms) user, 0ms(0ms) system, 0(0) faults
06-01 11:14:16.452 13459 13481 W GeckoThread: zerdatime 3699313 - runGecko
06-01 11:14:16.748 13507 13507 E .keyboard:tab3: Unknown bits set in runtime_flags: 0x40000000
06-01 11:14:16.823 13507 13524 E GeckoLibLoad: Load sqlite start
06-01 11:14:16.823 11319 11336 W Isolated Web Content: [JavaScript Warning: "The value of the attribute “expires” for the cookie “_ga_FS8TY9PHEM” has been overwritten." {file: "https://drudgereport.com/" line: 0}]
06-01 11:14:16.824 13507 13524 E GeckoLibLoad: Load sqlite done
06-01 11:14:16.825 13507 13524 E GeckoLibLoad: Load nss start
06-01 11:14:16.825 13507 13524 E GeckoLibLoad: Load nss done
06-01 11:14:16.833 11319 11336 W Isolated Web Content: [JavaScript Warning: "The value of the attribute “expires” for the cookie “_ga_FS8TY9PHEM” has been overwritten." {file: "https://drudgereport.com/" line: 0}]
06-01 11:14:16.835 13507 13524 E GeckoLibLoad: Loaded libs in 10.265781ms total, 0ms(0ms) user, 8ms(8ms) system, 0(0) faults
06-01 11:14:16.838 13507 13524 W GeckoThread: zerdatime 3699698 - runGecko
06-01 11:14:16.865 13528 13528 E .keyboard:tab3: Unknown bits set in runtime_flags: 0x40000000
06-01 11:14:16.956 11319 11336 W Isolated Web Content: [JavaScript Warning: "InstallTrigger is deprecated and will be removed in the future." {file: "https://c.amazon-adsystem.com/bao-csm/direct/csm_othersv6.js" line: 1}]
06-01 11:14:16.961 13528 13558 E GeckoLibLoad: Load sqlite start
06-01 11:14:16.962 13528 13558 E GeckoLibLoad: Load sqlite done
06-01 11:14:16.962 13528 13558 E GeckoLibLoad: Load nss start
06-01 11:14:16.962 13528 13558 E GeckoLibLoad: Load nss done
06-01 11:14:16.975 13528 13558 E GeckoLibLoad: Loaded libs in 13.216875ms total, 1ms(0ms) user, 8ms(9ms) system, 0(0) faults
06-01 11:14:16.975 13528 13558 W GeckoThread: zerdatime 3699836 - runGecko
06-01 11:14:16.981 13507 13524 W Isolated Web Content: [JavaScript Warning: "This page is in Quirks Mode. Page layout may be impacted. For Standards Mode use “<!DOCTYPE html>”." {file: "https://cdn.undertone.com/js/usersync.html?gdpr=&gdpr_consent=&us_privacy=1YNN&redirect=https%3A%2F%2Fpbs.fsrv.io%2F%2Fsetuid%3Fbidder%3Dundertone%26gdpr%3D%26gdpr_consent%3D%26us_privacy%3D1YNN%26gpp%3D%26gpp_sid%3D%26f%3Db%26uid%3D%24UID" line: 0}]
06-01 11:14:17.009 11319 11336 W Isolated Web Content: [JavaScript Warning: "Layout was forced before the page was fully loaded. If stylesheets are not yet loaded this may cause a flash of unstyled content." {file: "about:srcdoc" line: 0}]
06-01 11:14:17.010 11319 11336 W Isolated Web Content: [JavaScript Warning: "Layout was forced before the page was fully loaded. If stylesheets are not yet loaded this may cause a flash of unstyled content." {file: "about:srcdoc" line: 0}]
06-01 11:14:17.087 18141 18141 W com.vibekey.keyboard: type=1400 audit(0.0:7679): avc: denied { nlmsg_readpriv } for comm=536F636B657420546872656164 scontext=u:r:untrusted_app:s0:c12,c271,c512,c768 tcontext=u:r:untrusted_app:s0:c12,c271,c512,c768 tclass=netlink_route_socket permissive=0 bug=b/155595000 app=com.vibekey.keyboard
06-01 11:14:17.087 18141 18141 W com.vibekey.keyboard: type=1400 audit(0.0:7680): avc: denied { nlmsg_readpriv } for comm=536F636B657420546872656164 scontext=u:r:untrusted_app:s0:c12,c271,c512,c768 tcontext=u:r:untrusted_app:s0:c12,c271,c512,c768 tclass=netlink_route_socket permissive=0 bug=b/155595000 app=com.vibekey.keyboard
06-01 11:14:17.137 18141 18141 W com.vibekey.keyboard: type=1400 audit(0.0:7681): avc: denied { nlmsg_readpriv } for comm=536F636B657420546872656164 scontext=u:r:untrusted_app:s0:c12,c271,c512,c768 tcontext=u:r:untrusted_app:s0:c12,c271,c512,c768 tclass=netlink_route_socket permissive=0 bug=b/155595000 app=com.vibekey.keyboard
06-01 11:14:17.137 18141 18141 W com.vibekey.keyboard: type=1400 audit(0.0:7682): avc: denied { nlmsg_readpriv } for comm=536F636B657420546872656164 scontext=u:r:untrusted_app:s0:c12,c271,c512,c768 tcontext=u:r:untrusted_app:s0:c12,c271,c512,c768 tclass=netlink_route_socket permissive=0 bug=b/155595000 app=com.vibekey.keyboard
06-01 11:14:17.177 18141 18141 W com.vibekey.keyboard: type=1400 audit(0.0:7683): avc: denied { nlmsg_readpriv } for comm=536F636B657420546872656164 scontext=u:r:untrusted_app:s0:c12,c271,c512,c768 tcontext=u:r:untrusted_app:s0:c12,c271,c512,c768 tclass=netlink_route_socket permissive=0 bug=b/155595000 app=com.vibekey.keyboard
06-01 11:14:17.188 13605 13605 E .keyboard:tab2: Unknown bits set in runtime_flags: 0x40000000
06-01 11:14:17.240 13231 13247 W GeckoEditableChild: No editable parent
06-01 11:14:17.242 13231 13247 W Isolated Web Content: [JavaScript Warning: "This page is in Quirks Mode. Page layout may be impacted. For Standards Mode use “<!DOCTYPE html>”." {file: "https://aax-events-cell02-cf.us-east.3px.axp.amazon-adsystem.com/e/is/7ece90d08b124d51a4dbb82b6db138e3/creative?b=JAuADl7NDsXwoj6WuPYoKl8AAAGeg7_tEAEAAAXeAUEzcHhfdHhuX2JpZDMgICAzcHhfdHhuX2ltcDEgICCUXShg&w=xaEdagDuDQA6KiUQbFIAcj3Kw0SVB-fLEGRj1g&bi=cfv1_CFimHFgT-uL7zSGkWtcInyPpf298aJsczCFkhVXCAFLiPbf1Vo9U57t5lCxekSmznbR915NYwRDVsSCnZhp4V8gMFRlbeOqJa2oCX2BYcXKKMaYsjBVfz64dBUXsEPSDUKOtEhbQlcwHQHkNpW_NSHoRBQB2LehUL3dOTooDYgih59WjoFgTH2SWc_SLWMPrbRl8GObx6v1nQnRsLaU4TPsAkM-pn6tFKh_dJakp2DcfsYNl18uNZ3AFqWSIjHZjPzXE" line: 0}]
06-01 11:14:17.274 13605 13633 E GeckoLibLoad: Load sqlite start
06-01 11:14:17.275 13605 13633 E GeckoLibLoad: Load sqlite done
06-01 11:14:17.275 13605 13633 E GeckoLibLoad: Load nss start
06-01 11:14:17.275 13605 13633 E GeckoLibLoad: Load nss done
06-01 11:14:17.288 13605 13633 E GeckoLibLoad: Loaded libs in 12.889896ms total, 8ms(8ms) user, 0ms(0ms) system, 0(0) faults
06-01 11:14:17.288 13605 13633 W GeckoThread: zerdatime 3700149 - runGecko
06-01 11:14:17.321 13231 13247 W Isolated Web Content: [JavaScript Warning: "This page is in Quirks Mode. Page layout may be impacted. For Standards Mode use “<!DOCTYPE html>”." {file: "https://aax-events-cell02-cf.us-east.3px.axp.amazon-adsystem.com/e/is/7ece90d08b124d51a4dbb82b6db138e3/creative?b=JJN_e2eFPpRuyoBhtnHOBqEAAAGeg7_s-QEAAAXeAUEzcHhfdHhuX2JpZDIgICAzcHhfdHhuX2ltcDEgICDOAY2N&w=xaEdanaWDQBEVauZnww6hr1thSiXjgfCzGVgTQ&bi=cfv1_CFiGMHM6g_eHpi-lRMYk7xDXTSBqbKAqzCFkhVXCDFLiPbf1Vo9U57t5lCxekSmznbR915NYwRDVsSCnZhp4V8gMFRlbeOqJa2oCX2BYcXKKMaYsjBVfz64dBUXsEPSDUKOtEhbQlcwHQHkNpW_NSHoRBQB2LehUL3dOTooDYgih59WjoFgTH2SWc_SLWMPrbRl8GObx6v1nQnRsLaU4TPsAkM-pn6tFKh_dJakp2DcfsYNl18uNZ3AFqWSIjHZjPzXE" line: 0}]
06-01 11:14:17.354 13231 13247 W Isolated Web Content: [JavaScript Warning: "This page is in Quirks Mode. Page layout may be impacted. For Standards Mode use “<!DOCTYPE html>”." {file: "https://aax-events-cell02-cf.us-east.3px.axp.amazon-adsystem.com/e/is/7ece90d08b124d51a4dbb82b6db138e3/creative?b=JA13nLJlRdkthzJqVjC85H8AAAGeg7_tAAEAAAXeAUEzcHhfdHhuX2JpZDIgICAzcHhfdHhuX2ltcDEgICCFc4_l&w=xaEdavq3DQCYbvLAbukmsBJrJdbrj5MwgtAZ9g&bi=cfv1_CFiDFmkqqcOUzC2KaNoMmgOAf0JESf8czCFkhVXCDVLiPbf1Vo9U57t5lCxekSmznbR915NYwRDVsSCnZhp4V8gMFRlbeOqJa2oCX2BYcXKKMaYsjBVfz64dBUXsEPSDUKOtEhbQlcwHQHkNpW_NSHoRBQB2LehUL3dOTooDYgih59WjoFgTH2SWc_SLWMPrbRl8GObx6v1nQnRsLaU4TPsAkM-pn6tFKh_dJakp2DcfsYNl18uNZ3AFqWSIjHZjPzXE" line: 0}]
06-01 11:14:17.473 18141 18438 E GeckoConsole: [JavaScript Error: "TypeError: can't access property "WindowEventDispatcher", win is null" {file: "resource://gre/modules/GeckoViewSessionStore.sys.mjs" line: 149}]
06-01 11:14:17.473 18141 18438 E GeckoConsole: onTabStateUpdate@resource://gre/modules/GeckoViewSessionStore.sys.mjs:149:5
06-01 11:14:17.473 18141 18438 E GeckoConsole: updateSessionStoreFromTabListener@resource://gre/modules/GeckoViewSessionStore.sys.mjs:243:10
06-01 11:14:17.473 18141 18438 E GeckoConsole: SSF_updateSessionStore@resource://gre/modules/SessionStoreFunctions.sys.mjs:46:27
06-01 11:14:17.473 18141 18438 E GeckoConsole: UpdateSessionStore@resource://gre/modules/SessionStoreFunctions.sys.mjs:16:46
06-01 11:14:17.474 18141 18438 E GeckoConsole: [JavaScript Error: "TypeError: can't access property "WindowEventDispatcher", win is null" {file: "resource://gre/modules/GeckoViewSessionStore.sys.mjs" line: 149}]
06-01 11:14:17.474 18141 18438 E GeckoConsole: onTabStateUpdate@resource://gre/modules/GeckoViewSessionStore.sys.mjs:149:5
06-01 11:14:17.474 18141 18438 E GeckoConsole: updateSessionStoreFromTabListener@resource://gre/modules/GeckoViewSessionStore.sys.mjs:243:10
06-01 11:14:17.474 18141 18438 E GeckoConsole: SSF_updateSessionStore@resource://gre/modules/SessionStoreFunctions.sys.mjs:46:27
06-01 11:14:17.474 18141 18438 E GeckoConsole: UpdateSessionStore@resource://gre/modules/SessionStoreFunctions.sys.mjs:16:46
06-01 11:14:17.474 18141 18438 E GeckoConsole: [JavaScript Error: "TypeError: can't access property "WindowEventDispatcher", win is null" {file: "resource://gre/modules/GeckoViewSessionStore.sys.mjs" line: 149}]
06-01 11:14:17.474 18141 18438 E GeckoConsole: onTabStateUpdate@resource://gre/modules/GeckoViewSessionStore.sys.mjs:149:5
06-01 11:14:17.474 18141 18438 E GeckoConsole: updateSessionStoreFromTabListener@resource://gre/modules/GeckoViewSessionStore.sys.mjs:243:10
06-01 11:14:17.474 18141 18438 E GeckoConsole: SSF_updateSessionStore@resource://gre/modules/SessionStoreFunctions.sys.mjs:46:27
06-01 11:14:17.474 18141 18438 E GeckoConsole: UpdateSessionStore@resource://gre/modules/SessionStoreFunctions.sys.mjs:16:46
06-01 11:14:17.474 18141 18438 E GeckoConsole: [JavaScript Error: "TypeError: can't access property "WindowEventDispatcher", win is null" {file: "resource://gre/modules/GeckoViewSessionStore.sys.mjs" line: 149}]
06-01 11:14:17.474 18141 18438 E GeckoConsole: onTabStateUpdate@resource://gre/modules/GeckoViewSessionStore.sys.mjs:149:5
06-01 11:14:17.474 18141 18438 E GeckoConsole: updateSessionStoreFromTabListener@resource://gre/modules/GeckoViewSessionStore.sys.mjs:243:10
06-01 11:14:17.474 18141 18438 E GeckoConsole: SSF_updateSessionStore@resource://gre/modules/SessionStoreFunctions.sys.mjs:46:27
06-01 11:14:17.474 18141 18438 E GeckoConsole: UpdateSessionStore@resource://gre/modules/SessionStoreFunctions.sys.mjs:16:46
06-01 11:14:17.474 18141 18438 E GeckoConsole: [JavaScript Error: "TypeError: can't access property "WindowEventDispatcher", win is null" {file: "resource://gre/modules/GeckoViewSessionStore.sys.mjs" line: 149}]
06-01 11:14:17.474 18141 18438 E GeckoConsole: onTabStateUpdate@resource://gre/modules/GeckoViewSessionStore.sys.mjs:149:5
06-01 11:14:17.474 18141 18438 E GeckoConsole: updateSessionStoreFromTabListener@resource://gre/modules/GeckoViewSessionStore.sys.mjs:243:10
06-01 11:14:17.474 18141 18438 E GeckoConsole: SSF_updateSessionStore@resource://gre/modules/SessionStoreFunctions.sys.mjs:46:27
06-01 11:14:17.474 18141 18438 E GeckoConsole: UpdateSessionStore@resource://gre/modules/SessionStoreFunctions.sys.mjs:16:46
06-01 11:14:17.474 18141 18438 E GeckoConsole: [JavaScript Error: "TypeError: can't access property "WindowEventDispatcher", win is null" {file: "resource://gre/modules/GeckoViewSessionStore.sys.mjs" line: 149}]
06-01 11:14:17.474 18141 18438 E GeckoConsole: onTabStateUpdate@resource://gre/modules/GeckoViewSessionStore.sys.mjs:149:5
06-01 11:14:17.474 18141 18438 E GeckoConsole: updateSessionStoreFromTabListener@resource://gre/modules/GeckoViewSessionStore.sys.mjs:243:10
06-01 11:14:17.474 18141 18438 E GeckoConsole: SSF_updateSessionStore@resource://gre/modules/SessionStoreFunctions.sys.mjs:46:27
06-01 11:14:17.474 18141 18438 E GeckoConsole: UpdateSessionStore@resource://gre/modules/SessionStoreFunctions.sys.mjs:16:46
06-01 11:14:17.474 18141 18438 E GeckoConsole: [JavaScript Error: "TypeError: can't access property "WindowEventDispatcher", win is null" {file: "resource://gre/modules/GeckoViewSessionStore.sys.mjs" line: 149}]
06-01 11:14:17.474 18141 18438 E GeckoConsole: onTabStateUpdate@resource://gre/modules/GeckoViewSessionStore.sys.mjs:149:5
06-01 11:14:17.474 18141 18438 E GeckoConsole: updateSessionStoreFromTabListener@resource://gre/modules/GeckoViewSessionStore.sys.mjs:243:10
06-01 11:14:17.474 18141 18438 E GeckoConsole: SSF_updateSessionStore@resource://gre/modules/SessionStoreFunctions.sys.mjs:46:27
06-01 11:14:17.474 18141 18438 E GeckoConsole: UpdateSessionStore@resource://gre/modules/SessionStoreFunctions.sys.mjs:16:46
06-01 11:14:17.475 18141 18438 E GeckoConsole: [JavaScript Error: "TypeError: can't access property "WindowEventDispatcher", win is null" {file: "resource://gre/modules/GeckoViewSessionStore.sys.mjs" line: 149}]
06-01 11:14:17.475 18141 18438 E GeckoConsole: onTabStateUpdate@resource://gre/modules/GeckoViewSessionStore.sys.mjs:149:5
06-01 11:14:17.475 18141 18438 E GeckoConsole: updateSessionStoreFromTabListener@resource://gre/modules/GeckoViewSessionStore.sys.mjs:243:10
06-01 11:14:17.475 18141 18438 E GeckoConsole: SSF_updateSessionStore@resource://gre/modules/SessionStoreFunctions.sys.mjs:46:27
06-01 11:14:17.475 18141 18438 E GeckoConsole: UpdateSessionStore@resource://gre/modules/SessionStoreFunctions.sys.mjs:16:46
06-01 11:14:17.475 18141 18438 E GeckoConsole: [JavaScript Error: "TypeError: can't access property "WindowEventDispatcher", win is null" {file: "resource://gre/modules/GeckoViewSessionStore.sys.mjs" line: 149}]
06-01 11:14:17.475 18141 18438 E GeckoConsole: onTabStateUpdate@resource://gre/modules/GeckoViewSessionStore.sys.mjs:149:5
06-01 11:14:17.475 18141 18438 E GeckoConsole: updateSessionStoreFromTabListener@resource://gre/modules/GeckoViewSessionStore.sys.mjs:243:10
06-01 11:14:17.475 18141 18438 E GeckoConsole: SSF_updateSessionStore@resource://gre/modules/SessionStoreFunctions.sys.mjs:46:27
06-01 11:14:17.475 18141 18438 E GeckoConsole: UpdateSessionStore@resource://gre/modules/SessionStoreFunctions.sys.mjs:16:46
06-01 11:14:17.475 18141 18438 E GeckoConsole: [JavaScript Error: "TypeError: can't access property "WindowEventDispatcher", win is null" {file: "resource://gre/modules/GeckoViewSessionStore.sys.mjs" line: 149}]
06-01 11:14:17.475 18141 18438 E GeckoConsole: onTabStateUpdate@resource://gre/modules/GeckoViewSessionStore.sys.mjs:149:5
06-01 11:14:17.475 18141 18438 E GeckoConsole: updateSessionStoreFromTabListener@resource://gre/modules/GeckoViewSessionStore.sys.mjs:243:10
06-01 11:14:17.475 18141 18438 E GeckoConsole: SSF_updateSessionStore@resource://gre/modules/SessionStoreFunctions.sys.mjs:46:27
06-01 11:14:17.475 18141 18438 E GeckoConsole: UpdateSessionStore@resource://gre/modules/SessionStoreFunctions.sys.mjs:16:46
06-01 11:14:17.475 18141 18438 E GeckoConsole: [JavaScript Error: "TypeError: can't access property "WindowEventDispatcher", win is null" {file: "resource://gre/modules/GeckoViewSessionStore.sys.mjs" line: 149}]
06-01 11:14:17.475 18141 18438 E GeckoConsole: onTabStateUpdate@resource://gre/modules/GeckoViewSessionStore.sys.mjs:149:5
06-01 11:14:17.475 18141 18438 E GeckoConsole: updateSessionStoreFromTabListener@resource://gre/modules/GeckoViewSessionStore.sys.mjs:243:10
06-01 11:14:17.475 18141 18438 E GeckoConsole: SSF_updateSessionStore@resource://gre/modules/SessionStoreFunctions.sys.mjs:46:27
06-01 11:14:17.475 18141 18438 E GeckoConsole: UpdateSessionStore@resource://gre/modules/SessionStoreFunctions.sys.mjs:16:46
06-01 11:14:17.476 18141 18438 E GeckoConsole: [JavaScript Error: "TypeError: can't access property "WindowEventDispatcher", win is null" {file: "resource://gre/modules/GeckoViewSessionStore.sys.mjs" line: 149}]
06-01 11:14:17.476 18141 18438 E GeckoConsole: onTabStateUpdate@resource://gre/modules/GeckoViewSessionStore.sys.mjs:149:5
06-01 11:14:17.476 18141 18438 E GeckoConsole: updateSessionStoreFromTabListener@resource://gre/modules/GeckoViewSessionStore.sys.mjs:243:10
06-01 11:14:17.476 18141 18438 E GeckoConsole: SSF_updateSessionStore@resource://gre/modules/SessionStoreFunctions.sys.mjs:46:27
06-01 11:14:17.476 18141 18438 E GeckoConsole: UpdateSessionStore@resource://gre/modules/SessionStoreFunctions.sys.mjs:16:46
06-01 11:14:17.476 18141 18438 E GeckoConsole: [JavaScript Error: "TypeError: can't access property "WindowEventDispatcher", win is null" {file: "resource://gre/modules/GeckoViewSessionStore.sys.mjs" line: 149}]
06-01 11:14:17.476 18141 18438 E GeckoConsole: onTabStateUpdate@resource://gre/modules/GeckoViewSessionStore.sys.mjs:149:5
06-01 11:14:17.476 18141 18438 E GeckoConsole: updateSessionStoreFromTabListener@resource://gre/modules/GeckoViewSessionStore.sys.mjs:243:10
06-01 11:14:17.476 18141 18438 E GeckoConsole: SSF_updateSessionStore@resource://gre/modules/SessionStoreFunctions.sys.mjs:46:27
06-01 11:14:17.476 18141 18438 E GeckoConsole: UpdateSessionStore@resource://gre/modules/SessionStoreFunctions.sys.mjs:16:46
06-01 11:14:17.476 18141 18438 E GeckoConsole: [JavaScript Error: "TypeError: can't access property "WindowEventDispatcher", win is null" {file: "resource://gre/modules/GeckoViewSessionStore.sys.mjs" line: 149}]
06-01 11:14:17.476 18141 18438 E GeckoConsole: onTabStateUpdate@resource://gre/modules/GeckoViewSessionStore.sys.mjs:149:5
06-01 11:14:17.476 18141 18438 E GeckoConsole: updateSessionStoreFromTabListener@resource://gre/modules/GeckoViewSessionStore.sys.mjs:243:10
06-01 11:14:17.476 18141 18438 E GeckoConsole: SSF_updateSessionStore@resource://gre/modules/SessionStoreFunctions.sys.mjs:46:27
06-01 11:14:17.476 18141 18438 E GeckoConsole: UpdateSessionStore@resource://gre/modules/SessionStoreFunctions.sys.mjs:16:46
06-01 11:14:17.476 18141 18438 E GeckoConsole: [JavaScript Error: "TypeError: can't access property "WindowEventDispatcher", win is null" {file: "resource://gre/modules/GeckoViewSessionStore.sys.mjs" line: 149}]
06-01 11:14:17.476 18141 18438 E GeckoConsole: onTabStateUpdate@resource://gre/modules/GeckoViewSessionStore.sys.mjs:149:5
06-01 11:14:17.476 18141 18438 E GeckoConsole: updateSessionStoreFromTabListener@resource://gre/modules/GeckoViewSessionStore.sys.mjs:243:10
06-01 11:14:17.476 18141 18438 E GeckoConsole: SSF_updateSessionStore@resource://gre/modules/SessionStoreFunctions.sys.mjs:46:27
06-01 11:14:17.476 18141 18438 E GeckoConsole: UpdateSessionStore@resource://gre/modules/SessionStoreFunctions.sys.mjs:16:46
06-01 11:14:17.476 18141 18438 E GeckoConsole: [JavaScript Error: "TypeError: can't access property "WindowEventDispatcher", win is null" {file: "resource://gre/modules/GeckoViewSessionStore.sys.mjs" line: 149}]
06-01 11:14:17.476 18141 18438 E GeckoConsole: onTabStateUpdate@resource://gre/modules/GeckoViewSessionStore.sys.mjs:149:5
06-01 11:14:17.476 18141 18438 E GeckoConsole: updateSessionStoreFromTabListener@resource://gre/modules/GeckoViewSessionStore.sys.mjs:243:10
06-01 11:14:17.476 18141 18438 E GeckoConsole: SSF_updateSessionStore@resource://gre/modules/SessionStoreFunctions.sys.mjs:46:27
06-01 11:14:17.476 18141 18438 E GeckoConsole: UpdateSessionStore@resource://gre/modules/SessionStoreFunctions.sys.mjs:16:46
06-01 11:14:17.476 18141 18438 E GeckoConsole: [JavaScript Error: "TypeError: can't access property "WindowEventDispatcher", win is null" {file: "resource://gre/modules/GeckoViewSessionStore.sys.mjs" line: 149}]
06-01 11:14:17.476 18141 18438 E GeckoConsole: onTabStateUpdate@resource://gre/modules/GeckoViewSessionStore.sys.mjs:149:5
06-01 11:14:17.476 18141 18438 E GeckoConsole: updateSessionStoreFromTabListener@resource://gre/modules/GeckoViewSessionStore.sys.mjs:243:10
06-01 11:14:17.476 18141 18438 E GeckoConsole: SSF_updateSessionStore@resource://gre/modules/SessionStoreFunctions.sys.mjs:46:27
06-01 11:14:17.476 18141 18438 E GeckoConsole: UpdateSessionStore@resource://gre/modules/SessionStoreFunctions.sys.mjs:16:46
06-01 11:14:17.477 18141 18438 E GeckoConsole: [JavaScript Error: "TypeError: can't access property "WindowEventDispatcher", win is null" {file: "resource://gre/modules/GeckoViewSessionStore.sys.mjs" line: 149}]
06-01 11:14:17.477 18141 18438 E GeckoConsole: onTabStateUpdate@resource://gre/modules/GeckoViewSessionStore.sys.mjs:149:5
06-01 11:14:17.477 18141 18438 E GeckoConsole: updateSessionStoreFromTabListener@resource://gre/modules/GeckoViewSessionStore.sys.mjs:243:10
06-01 11:14:17.477 18141 18438 E GeckoConsole: SSF_updateSessionStore@resource://gre/modules/SessionStoreFunctions.sys.mjs:46:27
06-01 11:14:17.477 18141 18438 E GeckoConsole: UpdateSessionStore@resource://gre/modules/SessionStoreFunctions.sys.mjs:16:46
06-01 11:14:17.488 18141 18141 W GeckoSession: No history entries found.
06-01 11:14:17.496 13231 13247 W Isolated Web Content: [JavaScript Warning: "Loading failed for the <script> with source “https://aax-events-cell02-cf.us-east.3px.axp.amazon-adsystem.com/e/is/7ece90d08b124d51a4dbb82b6db138e3/amazon.js”." {file: "https://aax-events-cell02-cf.us-east.3px.axp.amazon-adsystem.com/e/is/7ece90d08b124d51a4dbb82b6db138e3/creative?b=JA13nLJlRdkthzJqVjC85H8AAAGeg7_tAAEAAAXeAUEzcHhfdHhuX2JpZDIgICAzcHhfdHhuX2ltcDEgICCFc4_l&w=xaEdavq3DQCYbvLAbukmsBJrJdbrj5MwgtAZ9g&bi=cfv1_CFiDFmkqqcOUzC2KaNoMmgOAf0JESf8czCFkhVXCDVLiPbf1Vo9U57t5lCxekSmznbR915NYwRDVsSCnZhp4V8gMFRlbeOqJa2oCX2BYcXKKMaYsjBVfz64dBUXsEPSDUKOtEhbQlcwHQHkNpW_NSHoRBQB2LehUL3dOTooDYgih59WjoFgTH2SWc_SLWMPrbRl8GObx6v1nQnRsLaU4TPsAkM-pn6tFKh_dJakp2DcfsYNl18uNZ3AFqWSIjHZjPzXE" line: 117}]
06-01 11:14:17.562 13231 13247 W Isolated Web Content: [JavaScript Warning: "InstallTrigger is deprecated and will be removed in the future." {file: "https://ts.amazon-adsystem.com/tg/resources/tq-forensics/pst/adforensics_csmcollection.js?bidRequestId=hfSp3QKAI-R9LgFsaPcqeg&srcName=CS&gdprConsent=true&campaignId=580036963827906802&ep=%5B%22ara%22%2C%22vue%22%2C%22forensics%22%2C%22forensics-ntd%22%2C%22pst%22%5D&creativeId=592658595825140521&bidId=Zr.C.M0FYQgYhMp9b22DqA&advertiserId=586273563163791875&clickDestnUrl=https%3A%2F%2Fwww.fdacs.gov%2F&gdpr=0&tungstenCSMLoggingFrameworkUrl=tungsten-service.prod.na.adsqtungsten.a9.amazon.dev%2Fcsm%2F&tsEndpoint" line: 1}]
06-01 11:14:17.645 13528 13558 W AudioCapabilities: Unsupported mime audio/ffmpeg
06-01 11:14:17.645 13528 13558 W VideoCapabilities: Unsupported mime video/ffmpeg
06-01 11:14:17.646 13528 13558 W VideoCapabilities: Unrecognized profile/level 0/3 for video/mpeg2
06-01 11:14:17.646 13528 13558 W VideoCapabilities: Unrecognized profile/level 0/3 for video/mpeg2
06-01 11:14:17.663 13231 13247 W Isolated Web Content: [JavaScript Warning: "Loading failed for the <script> with source “https://aax-events-cell02-cf.us-east.3px.axp.amazon-adsystem.com/e/is/7ece90d08b124d51a4dbb82b6db138e3/mraid.js”." {file: "https://aax-events-cell02-cf.us-east.3px.axp.amazon-adsystem.com/e/is/7ece90d08b124d51a4dbb82b6db138e3/creative?b=JA13nLJlRdkthzJqVjC85H8AAAGeg7_tAAEAAAXeAUEzcHhfdHhuX2JpZDIgICAzcHhfdHhuX2ltcDEgICCFc4_l&w=xaEdavq3DQCYbvLAbukmsBJrJdbrj5MwgtAZ9g&bi=cfv1_CFiDFmkqqcOUzC2KaNoMmgOAf0JESf8czCFkhVXCDVLiPbf1Vo9U57t5lCxekSmznbR915NYwRDVsSCnZhp4V8gMFRlbeOqJa2oCX2BYcXKKMaYsjBVfz64dBUXsEPSDUKOtEhbQlcwHQHkNpW_NSHoRBQB2LehUL3dOTooDYgih59WjoFgTH2SWc_SLWMPrbRl8GObx6v1nQnRsLaU4TPsAkM-pn6tFKh_dJakp2DcfsYNl18uNZ3AFqWSIjHZjPzXE" line: 1}]
06-01 11:14:17.683 13528 13558 E Isolated Web Content: [JavaScript Error: "uncaught exception: undefined"]
06-01 11:14:17.701 13528 13558 W Isolated Web Content: [JavaScript Warning: "An unbalanced tree was written using document.write() causing data from the network to be reparsed. More information: https://developer.mozilla.org/en-US/docs/Glossary/speculative_parsing" {file: "https://7a5401699fc666b3ddf71093a825d034.safeframe.googlesyndication.com/safeframe/1-0-45/html/container.html" line: 18}]
06-01 11:14:17.892 13605 13633 W Isolated Web Content: [JavaScript Warning: "This page is in Almost Standards Mode. Page layout may be impacted. For Standards Mode use “<!DOCTYPE html>”." {file: "https://eus.rubiconproject.com/usync.html?p=12776&us_privacy=1YNN" line: 0}]
06-01 11:14:17.921 13605 13633 W Isolated Web Content: [JavaScript Warning: "The script from “https://eus.rubiconproject.com/usync.js” was loaded even though its MIME type (“text/html”) is not a valid JavaScript MIME type." {file: "https://eus.rubiconproject.com/usync.html?p=12776&us_privacy=1YNN" line: 0}]
06-01 11:14:18.097 18141 18141 W com.vibekey.keyboard: type=1400 audit(0.0:7692): avc: denied { nlmsg_readpriv } for comm=536F636B657420546872656164 scontext=u:r:untrusted_app:s0:c12,c271,c512,c768 tcontext=u:r:untrusted_app:s0:c12,c271,c512,c768 tclass=netlink_route_socket permissive=0 bug=b/155595000 app=com.vibekey.keyboard
06-01 11:14:18.136 13231 13247 W Isolated Web Content: [JavaScript Warning: "InstallTrigger is deprecated and will be removed in the future." {file: "https://ts.amazon-adsystem.com/tg/resources/tq-forensics/adforensics_csmcollection.js?bidRequestId=nGSsgCVGMIZUI1I8WZWs-A&srcName=CS&gdprConsent=true&campaignId=576741510360462494&ep=%5B%22ara%22%2C%22vue%22%2C%22forensics%22%2C%22forensics-ntd%22%5D&creativeId=579324818618059044&bidId=DXecsmVF2S2HMmpWMLzkfw&advertiserId=582199789984903621&clickDestnUrl=https%3A%2F%2Fgrandecosmetics.com%2F&gdpr=0&tungstenCSMLoggingFrameworkUrl=tungsten-service.prod.na.adsqtungsten.a9.amazon.dev%2Fcsm%2F&tsEndpoint=https%3A%" line: 1}]
06-01 11:14:18.148 13231 13247 W Isolated Web Content: [JavaScript Warning: "InstallTrigger is deprecated and will be removed in the future." {file: "https://ts.amazon-adsystem.com/tg/resources/tq-forensics/adforensics_csmcollection.js?bidRequestId=kOdJyzPyTDAZhdlwDNkcBg&srcName=CS&gdprConsent=true&campaignId=580380088134783338&ep=%5B%22ara%22%2C%22vue%22%2C%22forensics%22%2C%22forensics-ntd%22%5D&creativeId=593721863989544281&bidId=HsDF38jj1YOYHCjSQnUhGw&advertiserId=592632638165755330&clickDestnUrl=https%3A%2F%2Fchickenofthesea.com%2F&gdpr=0&tungstenCSMLoggingFrameworkUrl=tungsten-service.prod.na.adsqtungsten.a9.amazon.dev%2Fcsm%2F&tsEndpoint=https%3A%" line: 1}]
06-01 11:14:18.176 13231 13247 W Isolated Web Content: [JavaScript Warning: "InstallTrigger is deprecated and will be removed in the future." {file: "https://ts.amazon-adsystem.com/tg/resources/tq-forensics/adforensics_csmcollection.js?bidRequestId=kaIcMwE-OfvIaDZoe8yVrw&srcName=CS&gdprConsent=true&campaignId=578685138867772600&ep=%5B%22ara%22%2C%22vue%22%2C%22forensics%22%2C%22forensics-ntd%22%5D&creativeId=579701412335957171&bidId=k397Z4U-lG7KgGG2cc4GoQ&advertiserId=592427208281297349&clickDestnUrl=https%3A%2F%2Fwww.esupplements.com%2F&gdpr=0&tungstenCSMLoggingFrameworkUrl=tungsten-service.prod.na.adsqtungsten.a9.amazon.dev%2Fcsm%2F&tsEndpoint=https%3A" line: 1}]
06-01 11:14:18.177 13718 13718 E y.keyboard:tab: Unknown bits set in runtime_flags: 0x40000000
06-01 11:14:18.197 18141 18141 W com.vibekey.keyboard: type=1400 audit(0.0:7693): avc: denied { nlmsg_readpriv } for comm=536F636B657420546872656164 scontext=u:r:untrusted_app:s0:c12,c271,c512,c768 tcontext=u:r:untrusted_app:s0:c12,c271,c512,c768 tclass=netlink_route_socket permissive=0 bug=b/155595000 app=com.vibekey.keyboard
06-01 11:14:18.262 13718 13737 E GeckoLibLoad: Load sqlite start
06-01 11:14:18.263 13718 13737 E GeckoLibLoad: Load sqlite done
06-01 11:14:18.263 13718 13737 E GeckoLibLoad: Load nss start
06-01 11:14:18.263 13718 13737 E GeckoLibLoad: Load nss done
06-01 11:14:18.282 13718 13737 E GeckoLibLoad: Loaded libs in 18.780000ms total, 4ms(7ms) user, 9ms(8ms) system, 0(0) faults
06-01 11:14:18.282 13718 13737 W GeckoThread: zerdatime 3701143 - runGecko
06-01 11:14:18.312 13528 13739 E .keyboard:tab3: ofbOpen failed with error=No such file or directory
06-01 11:14:18.312 13528 13739 E .keyboard:tab3: sysOpen failed with error=No such file or directory
06-01 11:14:18.326  3280  3332 W libc    : Access denied finding property "vendor.oplus.media.vpp.stutter"
06-01 11:14:18.354  3280 13742 W Codec2Client: query -- param skipped: index = 1107298332.
06-01 11:14:18.356  3280 13742 W Codec2Client: query -- param skipped: index = 1342179345.
06-01 11:14:18.356  3280 13742 W Codec2Client: query -- param skipped: index = 2415921170.
06-01 11:14:18.356  3280 13742 W Codec2Client: query -- param skipped: index = 1610614798.
06-01 11:14:18.365  3280  3332 W libc    : Access denied finding property "vendor.oplus.media.vpp.stutter"
06-01 11:14:18.365  3280  3332 E MULTIMEDIAConfig: [getInt32:L80] Not find config, Returning default
06-01 11:14:18.365  3280  3332 E MULTIMEDIAConfig: [getInt32:L80] Not find config, Returning default
06-01 11:14:18.365  3280  3332 E OplusACodec: [OplusACodec:204] mSrOsieMMListCheckResult:0x0 mOsieVersion:1
06-01 11:14:18.397 18141 18141 W com.vibekey.keyboard: type=1400 audit(0.0:7694): avc: denied { nlmsg_readpriv } for comm=536F636B657420546872656164 scontext=u:r:untrusted_app:s0:c12,c271,c512,c768 tcontext=u:r:untrusted_app:s0:c12,c271,c512,c768 tclass=netlink_route_socket permissive=0 bug=b/155595000 app=com.vibekey.keyboard
06-01 11:14:18.430  3280 13746 E OplusACodec: [GetVideoCodingTypeFromMime:L1162] mime:video/avc
06-01 11:14:19.427 18141 18141 W com.vibekey.keyboard: type=1400 audit(0.0:7696): avc: denied { nlmsg_readpriv } for comm=536F636B657420546872656164 scontext=u:r:untrusted_app:s0:c12,c271,c512,c768 tcontext=u:r:untrusted_app:s0:c12,c271,c512,c768 tclass=netlink_route_socket permissive=0 bug=b/155595000 app=com.vibekey.keyboard
06-01 11:14:19.451 18141 18438 E GeckoConsole: [JavaScript Error: "TypeError: can't access property "WindowEventDispatcher", win is null" {file: "resource://gre/modules/GeckoViewSessionStore.sys.mjs" line: 149}]
06-01 11:14:19.451 18141 18438 E GeckoConsole: onTabStateUpdate@resource://gre/modules/GeckoViewSessionStore.sys.mjs:149:5
06-01 11:14:19.451 18141 18438 E GeckoConsole: updateSessionStoreFromTabListener@resource://gre/modules/GeckoViewSessionStore.sys.mjs:243:10
06-01 11:14:19.451 18141 18438 E GeckoConsole: SSF_updateSessionStore@resource://gre/modules/SessionStoreFunctions.sys.mjs:46:27
06-01 11:14:19.451 18141 18438 E GeckoConsole: UpdateSessionStore@resource://gre/modules/SessionStoreFunctions.sys.mjs:16:46
06-01 11:14:19.453 18141 18438 E GeckoConsole: [JavaScript Error: "TypeError: can't access property "WindowEventDispatcher", win is null" {file: "resource://gre/modules/GeckoViewSessionStore.sys.mjs" line: 149}]
06-01 11:14:19.453 18141 18438 E GeckoConsole: onTabStateUpdate@resource://gre/modules/GeckoViewSessionStore.sys.mjs:149:5
06-01 11:14:19.453 18141 18438 E GeckoConsole: updateSessionStoreFromTabListener@resource://gre/modules/GeckoViewSessionStore.sys.mjs:243:10
06-01 11:14:19.453 18141 18438 E GeckoConsole: SSF_updateSessionStore@resource://gre/modules/SessionStoreFunctions.sys.mjs:46:27
06-01 11:14:19.453 18141 18438 E GeckoConsole: UpdateSessionStore@resource://gre/modules/SessionStoreFunctions.sys.mjs:16:46
06-01 11:14:19.454 18141 18438 E GeckoConsole: [JavaScript Error: "TypeError: can't access property "WindowEventDispatcher", win is null" {file: "resource://gre/modules/GeckoViewSessionStore.sys.mjs" line: 149}]
06-01 11:14:19.454 18141 18438 E GeckoConsole: onTabStateUpdate@resource://gre/modules/GeckoViewSessionStore.sys.mjs:149:5
06-01 11:14:19.454 18141 18438 E GeckoConsole: updateSessionStoreFromTabListener@resource://gre/modules/GeckoViewSessionStore.sys.mjs:243:10
06-01 11:14:19.454 18141 18438 E GeckoConsole: SSF_updateSessionStore@resource://gre/modules/SessionStoreFunctions.sys.mjs:46:27
06-01 11:14:19.454 18141 18438 E GeckoConsole: UpdateSessionStore@resource://gre/modules/SessionStoreFunctions.sys.mjs:16:46
06-01 11:14:19.454 18141 18438 E GeckoConsole: [JavaScript Error: "TypeError: can't access property "WindowEventDispatcher", win is null" {file: "resource://gre/modules/GeckoViewSessionStore.sys.mjs" line: 149}]
06-01 11:14:19.454 18141 18438 E GeckoConsole: onTabStateUpdate@resource://gre/modules/GeckoViewSessionStore.sys.mjs:149:5
06-01 11:14:19.454 18141 18438 E GeckoConsole: updateSessionStoreFromTabListener@resource://gre/modules/GeckoViewSessionStore.sys.mjs:243:10
06-01 11:14:19.454 18141 18438 E GeckoConsole: SSF_updateSessionStore@resource://gre/modules/SessionStoreFunctions.sys.mjs:46:27
06-01 11:14:19.454 18141 18438 E GeckoConsole: UpdateSessionStore@resource://gre/modules/SessionStoreFunctions.sys.mjs:16:46
06-01 11:14:19.454 18141 18438 E GeckoConsole: [JavaScript Error: "TypeError: can't access property "WindowEventDispatcher", win is null" {file: "resource://gre/modules/GeckoViewSessionStore.sys.mjs" line: 149}]
06-01 11:14:19.454 18141 18438 E GeckoConsole: onTabStateUpdate@resource://gre/modules/GeckoViewSessionStore.sys.mjs:149:5
06-01 11:14:19.454 18141 18438 E GeckoConsole: updateSessionStoreFromTabListener@resource://gre/modules/GeckoViewSessionStore.sys.mjs:243:10
06-01 11:14:19.454 18141 18438 E GeckoConsole: SSF_updateSessionStore@resource://gre/modules/SessionStoreFunctions.sys.mjs:46:27
06-01 11:14:19.454 18141 18438 E GeckoConsole: UpdateSessionStore@resource://gre/modules/SessionStoreFunctions.sys.mjs:16:46
06-01 11:14:19.454 18141 18438 E GeckoConsole: [JavaScript Error: "TypeError: can't access property "WindowEventDispatcher", win is null" {file: "resource://gre/modules/GeckoViewSessionStore.sys.mjs" line: 149}]
06-01 11:14:19.454 18141 18438 E GeckoConsole: onTabStateUpdate@resource://gre/modules/GeckoViewSessionStore.sys.mjs:149:5
06-01 11:14:19.454 18141 18438 E GeckoConsole: updateSessionStoreFromTabListener@resource://gre/modules/GeckoViewSessionStore.sys.mjs:243:10
06-01 11:14:19.454 18141 18438 E GeckoConsole: SSF_updateSessionStore@resource://gre/modules/SessionStoreFunctions.sys.mjs:46:27
06-01 11:14:19.454 18141 18438 E GeckoConsole: UpdateSessionStore@resource://gre/modules/SessionStoreFunctions.sys.mjs:16:46
06-01 11:14:19.454 18141 18438 E GeckoConsole: [JavaScript Error: "TypeError: can't access property "WindowEventDispatcher", win is null" {file: "resource://gre/modules/GeckoViewSessionStore.sys.mjs" line: 149}]
06-01 11:14:19.454 18141 18438 E GeckoConsole: onTabStateUpdate@resource://gre/modules/GeckoViewSessionStore.sys.mjs:149:5
06-01 11:14:19.454 18141 18438 E GeckoConsole: updateSessionStoreFromTabListener@resource://gre/modules/GeckoViewSessionStore.sys.mjs:243:10
06-01 11:14:19.454 18141 18438 E GeckoConsole: SSF_updateSessionStore@resource://gre/modules/SessionStoreFunctions.sys.mjs:46:27
06-01 11:14:19.454 18141 18438 E GeckoConsole: UpdateSessionStore@resource://gre/modules/SessionStoreFunctions.sys.mjs:16:46
06-01 11:14:19.454 18141 18438 E GeckoConsole: [JavaScript Error: "TypeError: can't access property "WindowEventDispatcher", win is null" {file: "resource://gre/modules/GeckoViewSessionStore.sys.mjs" line: 149}]
06-01 11:14:19.454 18141 18438 E GeckoConsole: onTabStateUpdate@resource://gre/modules/GeckoViewSessionStore.sys.mjs:149:5
06-01 11:14:19.454 18141 18438 E GeckoConsole: updateSessionStoreFromTabListener@resource://gre/modules/GeckoViewSessionStore.sys.mjs:243:10
06-01 11:14:19.454 18141 18438 E GeckoConsole: SSF_updateSessionStore@resource://gre/modules/SessionStoreFunctions.sys.mjs:46:27
06-01 11:14:19.454 18141 18438 E GeckoConsole: UpdateSessionStore@resource://gre/modules/SessionStoreFunctions.sys.mjs:16:46
06-01 11:14:19.454 18141 18438 E GeckoConsole: [JavaScript Error: "TypeError: can't access property "WindowEventDispatcher", win is null" {file: "resource://gre/modules/GeckoViewSessionStore.sys.mjs" line: 149}]
06-01 11:14:19.454 18141 18438 E GeckoConsole: onTabStateUpdate@resource://gre/modules/GeckoViewSessionStore.sys.mjs:149:5
06-01 11:14:19.454 18141 18438 E GeckoConsole: updateSessionStoreFromTabListener@resource://gre/modules/GeckoViewSessionStore.sys.mjs:243:10
06-01 11:14:19.454 18141 18438 E GeckoConsole: SSF_updateSessionStore@resource://gre/modules/SessionStoreFunctions.sys.mjs:46:27
06-01 11:14:19.454 18141 18438 E GeckoConsole: UpdateSessionStore@resource://gre/modules/SessionStoreFunctions.sys.mjs:16:46
06-01 11:14:19.455 18141 18438 E GeckoConsole: [JavaScript Error: "TypeError: can't access property "WindowEventDispatcher", win is null" {file: "resource://gre/modules/GeckoViewSessionStore.sys.mjs" line: 149}]
06-01 11:14:19.455 18141 18438 E GeckoConsole: onTabStateUpdate@resource://gre/modules/GeckoViewSessionStore.sys.mjs:149:5
06-01 11:14:19.455 18141 18438 E GeckoConsole: updateSessionStoreFromTabListener@resource://gre/modules/GeckoViewSessionStore.sys.mjs:243:10
06-01 11:14:19.455 18141 18438 E GeckoConsole: SSF_updateSessionStore@resource://gre/modules/SessionStoreFunctions.sys.mjs:46:27
06-01 11:14:19.455 18141 18438 E GeckoConsole: UpdateSessionStore@resource://gre/modules/SessionStoreFunctions.sys.mjs:16:46
06-01 11:14:19.456 18141 18438 E GeckoConsole: [JavaScript Error: "TypeError: can't access property "WindowEventDispatcher", win is null" {file: "resource://gre/modules/GeckoViewSessionStore.sys.mjs" line: 149}]
06-01 11:14:19.456 18141 18438 E GeckoConsole: onTabStateUpdate@resource://gre/modules/GeckoViewSessionStore.sys.mjs:149:5
06-01 11:14:19.456 18141 18438 E GeckoConsole: updateSessionStoreFromTabListener@resource://gre/modules/GeckoViewSessionStore.sys.mjs:243:10
06-01 11:14:19.456 18141 18438 E GeckoConsole: SSF_updateSessionStore@resource://gre/modules/SessionStoreFunctions.sys.mjs:46:27
06-01 11:14:19.456 18141 18438 E GeckoConsole: UpdateSessionStore@resource://gre/modules/SessionStoreFunctions.sys.mjs:16:46
06-01 11:14:19.457 18141 18438 E GeckoConsole: [JavaScript Error: "TypeError: can't access property "WindowEventDispatcher", win is null" {file: "resource://gre/modules/GeckoViewSessionStore.sys.mjs" line: 149}]
06-01 11:14:19.457 18141 18438 E GeckoConsole: onTabStateUpdate@resource://gre/modules/GeckoViewSessionStore.sys.mjs:149:5
06-01 11:14:19.457 18141 18438 E GeckoConsole: updateSessionStoreFromTabListener@resource://gre/modules/GeckoViewSessionStore.sys.mjs:243:10
06-01 11:14:19.457 18141 18438 E GeckoConsole: SSF_updateSessionStore@resource://gre/modules/SessionStoreFunctions.sys.mjs:46:27
06-01 11:14:19.457 18141 18438 E GeckoConsole: UpdateSessionStore@resource://gre/modules/SessionStoreFunctions.sys.mjs:16:46
06-01 11:14:19.458 18141 18438 E GeckoConsole: [JavaScript Error: "TypeError: can't access property "WindowEventDispatcher", win is null" {file: "resource://gre/modules/GeckoViewSessionStore.sys.mjs" line: 149}]
06-01 11:14:19.458 18141 18438 E GeckoConsole: onTabStateUpdate@resource://gre/modules/GeckoViewSessionStore.sys.mjs:149:5
06-01 11:14:19.458 18141 18438 E GeckoConsole: updateSessionStoreFromTabListener@resource://gre/modules/GeckoViewSessionStore.sys.mjs:243:10
06-01 11:14:19.458 18141 18438 E GeckoConsole: SSF_updateSessionStore@resource://gre/modules/SessionStoreFunctions.sys.mjs:46:27
06-01 11:14:19.458 18141 18438 E GeckoConsole: UpdateSessionStore@resource://gre/modules/SessionStoreFunctions.sys.mjs:16:46
06-01 11:14:19.458 18141 18438 E GeckoConsole: [JavaScript Error: "TypeError: can't access property "WindowEventDispatcher", win is null" {file: "resource://gre/modules/GeckoViewSessionStore.sys.mjs" line: 149}]
06-01 11:14:19.458 18141 18438 E GeckoConsole: onTabStateUpdate@resource://gre/modules/GeckoViewSessionStore.sys.mjs:149:5
06-01 11:14:19.458 18141 18438 E GeckoConsole: updateSessionStoreFromTabListener@resource://gre/modules/GeckoViewSessionStore.sys.mjs:243:10
06-01 11:14:19.458 18141 18438 E GeckoConsole: SSF_updateSessionStore@resource://gre/modules/SessionStoreFunctions.sys.mjs:46:27
06-01 11:14:19.458 18141 18438 E GeckoConsole: UpdateSessionStore@resource://gre/modules/SessionStoreFunctions.sys.mjs:16:46
06-01 11:14:19.458 18141 18438 E GeckoConsole: [JavaScript Error: "TypeError: can't access property "WindowEventDispatcher", win is null" {file: "resource://gre/modules/GeckoViewSessionStore.sys.mjs" line: 149}]
06-01 11:14:19.458 18141 18438 E GeckoConsole: onTabStateUpdate@resource://gre/modules/GeckoViewSessionStore.sys.mjs:149:5
06-01 11:14:19.458 18141 18438 E GeckoConsole: updateSessionStoreFromTabListener@resource://gre/modules/GeckoViewSessionStore.sys.mjs:243:10
06-01 11:14:19.458 18141 18438 E GeckoConsole: SSF_updateSessionStore@resource://gre/modules/SessionStoreFunctions.sys.mjs:46:27
06-01 11:14:19.458 18141 18438 E GeckoConsole: UpdateSessionStore@resource://gre/modules/SessionStoreFunctions.sys.mjs:16:46
06-01 11:14:19.458 18141 18438 E GeckoConsole: [JavaScript Error: "TypeError: can't access property "WindowEventDispatcher", win is null" {file: "resource://gre/modules/GeckoViewSessionStore.sys.mjs" line: 149}]
06-01 11:14:19.458 18141 18438 E GeckoConsole: onTabStateUpdate@resource://gre/modules/GeckoViewSessionStore.sys.mjs:149:5
06-01 11:14:19.458 18141 18438 E GeckoConsole: updateSessionStoreFromTabListener@resource://gre/modules/GeckoViewSessionStore.sys.mjs:243:10
06-01 11:14:19.458 18141 18438 E GeckoConsole: SSF_updateSessionStore@resource://gre/modules/SessionStoreFunctions.sys.mjs:46:27
06-01 11:14:19.458 18141 18438 E GeckoConsole: UpdateSessionStore@resource://gre/modules/SessionStoreFunctions.sys.mjs:16:46
06-01 11:14:19.459 18141 18438 E GeckoConsole: [JavaScript Error: "TypeError: can't access property "WindowEventDispatcher", win is null" {file: "resource://gre/modules/GeckoViewSessionStore.sys.mjs" line: 149}]
06-01 11:14:19.459 18141 18438 E GeckoConsole: onTabStateUpdate@resource://gre/modules/GeckoViewSessionStore.sys.mjs:149:5
06-01 11:14:19.459 18141 18438 E GeckoConsole: updateSessionStoreFromTabListener@resource://gre/modules/GeckoViewSessionStore.sys.mjs:243:10
06-01 11:14:19.459 18141 18438 E GeckoConsole: SSF_updateSessionStore@resource://gre/modules/SessionStoreFunctions.sys.mjs:46:27
06-01 11:14:19.459 18141 18438 E GeckoConsole: UpdateSessionStore@resource://gre/modules/SessionStoreFunctions.sys.mjs:16:46
06-01 11:14:19.459 18141 18438 E GeckoConsole: [JavaScript Error: "TypeError: can't access property "WindowEventDispatcher", win is null" {file: "resource://gre/modules/GeckoViewSessionStore.sys.mjs" line: 149}]
06-01 11:14:19.459 18141 18438 E GeckoConsole: onTabStateUpdate@resource://gre/modules/GeckoViewSessionStore.sys.mjs:149:5
06-01 11:14:19.459 18141 18438 E GeckoConsole: updateSessionStoreFromTabListener@resource://gre/modules/GeckoViewSessionStore.sys.mjs:243:10
06-01 11:14:19.459 18141 18438 E GeckoConsole: SSF_updateSessionStore@resource://gre/modules/SessionStoreFunctions.sys.mjs:46:27
06-01 11:14:19.459 18141 18438 E GeckoConsole: UpdateSessionStore@resource://gre/modules/SessionStoreFunctions.sys.mjs:16:46
06-01 11:14:19.459 18141 18438 E GeckoConsole: [JavaScript Error: "TypeError: can't access property "WindowEventDispatcher", win is null" {file: "resource://gre/modules/GeckoViewSessionStore.sys.mjs" line: 149}]
06-01 11:14:19.459 18141 18438 E GeckoConsole: onTabStateUpdate@resource://gre/modules/GeckoViewSessionStore.sys.mjs:149:5
06-01 11:14:19.459 18141 18438 E GeckoConsole: updateSessionStoreFromTabListener@resource://gre/modules/GeckoViewSessionStore.sys.mjs:243:10
06-01 11:14:19.459 18141 18438 E GeckoConsole: SSF_updateSessionStore@resource://gre/modules/SessionStoreFunctions.sys.mjs:46:27
06-01 11:14:19.459 18141 18438 E GeckoConsole: UpdateSessionStore@resource://gre/modules/SessionStoreFunctions.sys.mjs:16:46
06-01 11:14:19.464 18141 18438 E GeckoConsole: [JavaScript Error: "TypeError: can't access property "WindowEventDispatcher", win is null" {file: "resource://gre/modules/GeckoViewSessionStore.sys.mjs" line: 149}]
06-01 11:14:19.464 18141 18438 E GeckoConsole: onTabStateUpdate@resource://gre/modules/GeckoViewSessionStore.sys.mjs:149:5
06-01 11:14:19.464 18141 18438 E GeckoConsole: updateSessionStoreFromTabListener@resource://gre/modules/GeckoViewSessionStore.sys.mjs:243:10
06-01 11:14:19.464 18141 18438 E GeckoConsole: SSF_updateSessionStore@resource://gre/modules/SessionStoreFunctions.sys.mjs:46:27
06-01 11:14:19.464 18141 18438 E GeckoConsole: UpdateSessionStore@resource://gre/modules/SessionStoreFunctions.sys.mjs:16:46
06-01 11:14:19.465  3280 13746 W libc    : Access denied finding property "vendor.oplus.media.vpp.stutter"
06-01 11:14:19.494 13780 13780 E .keyboard:tab2: Unknown bits set in runtime_flags: 0x40000000
06-01 11:14:19.561 13780 13797 E GeckoLibLoad: Load sqlite start
06-01 11:14:19.562 13780 13797 E GeckoLibLoad: Load sqlite done
06-01 11:14:19.562 13780 13797 E GeckoLibLoad: Load nss start
06-01 11:14:19.562 13780 13797 E GeckoLibLoad: Load nss done
06-01 11:14:19.577 13780 13797 E GeckoLibLoad: Loaded libs in 14.257083ms total, 5ms(11ms) user, 0ms(0ms) system, 0(0) faults
06-01 11:14:19.578 13780 13797 W GeckoThread: zerdatime 3702439 - runGecko
06-01 11:14:19.672 13780 13797 W Isolated Web Content: [JavaScript Warning: "This page is in Quirks Mode. Page layout may be impacted. For Standards Mode use “<!DOCTYPE html>”." {file: "https://u.openx.net/w/1.0/cm?id=891039ac-a916-42bb-a651-4be9e3b201da&ph=a3aece0c-9e80-4316-8deb-faf804779bd1&gdpr=&gdpr_consent=&gpp=&gpp_sid=&r=https%3A%2F%2Fpbs.fsrv.io%2F%2Fsetuid%3Fbidder%3Dopenx%26gdpr%3D%26gdpr_consent%3D%26us_privacy%3D1YNN%26gpp%3D%26gpp_sid%3D%26f%3Db%26uid%3D" line: 0}]
06-01 11:14:20.163 13835 13835 E y.keyboard:tab: Unknown bits set in runtime_flags: 0x40000000
06-01 11:14:20.251 13835 13854 E GeckoLibLoad: Load sqlite start
06-01 11:14:20.252 13835 13854 E GeckoLibLoad: Load sqlite done
06-01 11:14:20.252 13835 13854 E GeckoLibLoad: Load nss start
06-01 11:14:20.252 13835 13854 E GeckoLibLoad: Load nss done
06-01 11:14:20.247 18141 18141 W com.vibekey.keyboard: type=1400 audit(0.0:7697): avc: denied { nlmsg_readpriv } for comm=536F636B657420546872656164 scontext=u:r:untrusted_app:s0:c12,c271,c512,c768 tcontext=u:r:untrusted_app:s0:c12,c271,c512,c768 tclass=netlink_route_socket permissive=0 bug=b/155595000 app=com.vibekey.keyboard
06-01 11:14:20.263 13835 13854 E GeckoLibLoad: Loaded libs in 10.388437ms total, 0ms(0ms) user, 5ms(9ms) system, 0(0) faults
06-01 11:14:20.263 13835 13854 W GeckoThread: zerdatime 3703124 - runGecko
06-01 11:14:20.407 18141 18141 W com.vibekey.keyboard: type=1400 audit(0.0:7699): avc: denied { nlmsg_readpriv } for comm=536F636B657420546872656164 scontext=u:r:untrusted_app:s0:c12,c271,c512,c768 tcontext=u:r:untrusted_app:s0:c12,c271,c512,c768 tclass=netlink_route_socket permissive=0 bug=b/155595000 app=com.vibekey.keyboard
06-01 11:14:20.465  3280 13746 W libc    : Access denied finding property "vendor.oplus.media.vpp.stutter"
06-01 11:14:20.485 18187 18187 W LlmEngineService: Severe memory pressure (15); evicting on-device LLM.
06-01 11:14:20.605  3280  3297 E GeckoRemoteCodec: Callbacks is dead
06-01 11:14:20.606  3280  3296 E GeckoRemoteCodec: Callbacks is dead
06-01 11:14:20.616  3280 13745 E ExtensionsLoader: freeAllBuffers: 10 buffers were freed while being dequeued!
06-01 11:14:20.639  3280  3280 W GeckoMediaManager: unbound while client still active.
06-01 11:14:20.747 18141 18141 W com.vibekey.keyboard: type=1400 audit(0.0:7700): avc: denied { nlmsg_readpriv } for comm=536F636B657420546872656164 scontext=u:r:untrusted_app:s0:c12,c271,c512,c768 tcontext=u:r:untrusted_app:s0:c12,c271,c512,c768 tclass=netlink_route_socket permissive=0 bug=b/155595000 app=com.vibekey.keyboard
06-01 11:14:20.757 13835 13854 E Isolated Web Content: [JavaScript Error: "downloadable font: download failed (font-family: "Font Awesome 5 Pro" style:normal weight:900 stretch:100 src index:1): status=2152398850 source: https://www.zerohedge.com/_next/static/media/fa-solid-900.a90ebe38.woff2"]
06-01 11:14:20.747 18141 18141 W com.vibekey.keyboard: type=1400 audit(0.0:7701): avc: denied { nlmsg_readpriv } for comm=536F636B657420546872656164 scontext=u:r:untrusted_app:s0:c12,c271,c512,c768 tcontext=u:r:untrusted_app:s0:c12,c271,c512,c768 tclass=netlink_route_socket permissive=0 bug=b/155595000 app=com.vibekey.keyboard
06-01 11:14:20.758 13835 13854 E Isolated Web Content: [JavaScript Error: "downloadable font: download failed (font-family: "DINOT" style:normal weight:700 stretch:100 src index:0): status=2152398850 source: https://storage.googleapis.com/zh-public-assets/fonts/fonts_DINOT-CondBold.otf"]
06-01 11:14:20.758 13835 13854 E Isolated Web Content: [JavaScript Error: "downloadable font: download failed (font-family: "DINOT" style:normal weight:400 stretch:100 src index:0): status=2152398850 source: https://storage.googleapis.com/zh-public-assets/fonts/fonts_DINOT-CondMedium.otf"]
06-01 11:14:20.802 13932 13932 E .keyboard:tab2: Unknown bits set in runtime_flags: 0x40000000
06-01 11:14:20.861 13835 13854 E Isolated Web Content: [JavaScript Error: "downloadable font: download failed (font-family: "Font Awesome 5 Pro" style:normal weight:900 stretch:100 src index:2): status=2152398850 source: https://www.zerohedge.com/_next/static/media/fa-solid-900.64d0e58e.woff"]
06-01 11:14:20.861 13835 13854 E Isolated Web Content: [JavaScript Error: "downloadable font: failed to start download (font-family: "Font Awesome 5 Pro" style:normal weight:900 stretch:100 src index:3): content blocked source: https://www.zerohedge.com/_next/static/media/fa-solid-900.7c3b1f93.ttf"]
06-01 11:14:20.861 13835 13854 W Isolated Web Content: [JavaScript Warning: "downloadable font: no supported format found (font-family: "Font Awesome 5 Pro" style:normal weight:900 stretch:100 src index:5) source: (end of source list)"]
06-01 11:14:20.864 13932 13958 E GeckoLibLoad: Load sqlite start
06-01 11:14:20.865 13932 13958 E GeckoLibLoad: Load sqlite done
