06-02 16:50:57.726  6484  6484 W View    : requestLayout() improperly called by helium314.keyboard.latin.panels.BrowserPanelView{c0bc499 V.E...... ........ 0,0-1440,2040} during second layout pass: posting in next frame
06-02 16:50:57.739  6484  6484 W View    : requestLayout() improperly called by helium314.keyboard.latin.panels.BrowserPanelView{c0bc499 V.E...... ......I. 0,0-1440,2040} during layout: running second layout pass
06-02 16:50:57.742  6484  6484 W View    : requestLayout() improperly called by helium314.keyboard.latin.panels.BrowserPanelView{c0bc499 V.E...... ........ 0,0-1440,2040} during second layout pass: posting in next frame
06-02 16:50:57.756  6484  6484 W View    : requestLayout() improperly called by helium314.keyboard.latin.panels.BrowserPanelView{c0bc499 V.E...... ......I. 0,0-1440,2040} during layout: running second layout pass
06-02 16:50:57.759  6484  6484 W View    : requestLayout() improperly called by helium314.keyboard.latin.panels.BrowserPanelView{c0bc499 V.E...... ........ 0,0-1440,2040} during second layout pass: posting in next frame
06-02 16:50:57.773  6484  6484 W View    : requestLayout() improperly called by helium314.keyboard.latin.panels.BrowserPanelView{c0bc499 V.E...... ......I. 0,0-1440,2040} during layout: running second layout pass
06-02 16:50:57.776  6484  6484 W View    : requestLayout() improperly called by helium314.keyboard.latin.panels.BrowserPanelView{c0bc499 V.E...... ........ 0,0-1440,2040} during second layout pass: posting in next frame
06-02 16:50:57.790  6484  6484 W View    : requestLayout() improperly called by helium314.keyboard.latin.panels.BrowserPanelView{c0bc499 V.E...... ......I. 0,0-1440,2040} during layout: running second layout pass
06-02 16:50:57.794  6484  6484 W View    : requestLayout() improperly called by helium314.keyboard.latin.panels.BrowserPanelView{c0bc499 V.E...... ........ 0,0-1440,2040} during second layout pass: posting in next frame
06-02 16:50:57.806  6484  6484 W View    : requestLayout() improperly called by helium314.keyboard.latin.panels.BrowserPanelView{c0bc499 V.E...... ......I. 0,0-1440,2040} during layout: running second layout pass
06-02 16:50:57.809  6484  6484 W View    : requestLayout() improperly called by helium314.keyboard.latin.panels.BrowserPanelView{c0bc499 V.E...... ........ 0,0-1440,2040} during second layout pass: posting in next frame
06-02 16:50:57.823  6484  6484 W View    : requestLayout() improperly called by helium314.keyboard.latin.panels.BrowserPanelView{c0bc499 V.E...... ......I. 0,0-1440,2040} during layout: running second layout pass
06-02 16:50:57.827  6484  6484 W View    : requestLayout() improperly called by helium314.keyboard.latin.panels.BrowserPanelView{c0bc499 V.E...... ........ 0,0-1440,2040} during second layout pass: posting in next frame
06-02 16:50:57.840  6484  6484 W View    : requestLayout() improperly called by helium314.keyboard.latin.panels.BrowserPanelView{c0bc499 V.E...... ......I. 0,0-1440,2040} during layout: running second layout pass
06-02 16:50:57.843  6484  6484 W View    : requestLayout() improperly called by helium314.keyboard.latin.panels.BrowserPanelView{c0bc499 V.E...... ........ 0,0-1440,2040} during second layout pass: posting in next frame
06-02 16:50:57.858  6484  6484 W View    : requestLayout() improperly called by helium314.keyboard.latin.panels.BrowserPanelView{c0bc499 V.E...... ......I. 0,0-1440,2040} during layout: running second layout pass
06-02 16:50:57.861  6484  6484 W View    : requestLayout() improperly called by helium314.keyboard.latin.panels.BrowserPanelView{c0bc499 V.E...... ........ 0,0-1440,2040} during second layout pass: posting in next frame
06-02 16:50:57.874  6484  6484 W View    : requestLayout() improperly called by helium314.keyboard.latin.panels.BrowserPanelView{c0bc499 V.E...... ......I. 0,0-1440,2040} during layout: running second layout pass
06-02 16:50:57.878  6484  6484 W View    : requestLayout() improperly called by helium314.keyboard.latin.panels.BrowserPanelView{c0bc499 V.E...... ........ 0,0-1440,2040} during second layout pass: posting in next frame
06-02 16:50:57.891  6484  6484 W View    : requestLayout() improperly called by helium314.keyboard.latin.panels.BrowserPanelView{c0bc499 V.E...... ......I. 0,0-1440,2040} during layout: running second layout pass
06-02 16:50:57.896  6484  6484 W View    : requestLayout() improperly called by helium314.keyboard.latin.panels.BrowserPanelView{c0bc499 V.E...... ........ 0,0-1440,2040} during second layout pass: posting in next frame
06-02 16:50:57.909  6484  6484 W View    : requestLayout() improperly called by helium314.keyboard.latin.panels.BrowserPanelView{c0bc499 V.E...... ......I. 0,0-1440,2040} during layout: running second layout pass
06-02 16:50:57.915  6484  6484 W View    : requestLayout() improperly called by helium314.keyboard.latin.panels.BrowserPanelView{c0bc499 V.E...... ........ 0,0-1440,2040} during second layout pass: posting in next frame
06-02 16:50:57.924  6484  6484 W View    : requestLayout() improperly called by helium314.keyboard.latin.panels.BrowserPanelView{c0bc499 V.E...... ......I. 0,0-1440,2040} during layout: running second layout pass
06-02 16:50:57.928  6484  6484 W View    : requestLayout() improperly called by helium314.keyboard.latin.panels.BrowserPanelView{c0bc499 V.E...... ........ 0,0-1440,2040} during second layout pass: posting in next frame
06-02 16:50:57.940  6484  6484 W View    : requestLayout() improperly called by helium314.keyboard.latin.panels.BrowserPanelView{c0bc499 V.E...... ......I. 0,0-1440,2040} during layout: running second layout pass
06-02 16:50:57.943  6484  6484 W View    : requestLayout() improperly called by helium314.keyboard.latin.panels.BrowserPanelView{c0bc499 V.E...... ........ 0,0-1440,2040} during second layout pass: posting in next frame
06-02 16:50:57.957  6484  6484 W View    : requestLayout() improperly called by helium314.keyboard.latin.panels.BrowserPanelView{c0bc499 V.E...... ......I. 0,0-1440,2040} during layout: running second layout pass
06-02 16:50:57.959  6484  6484 W View    : requestLayout() improperly called by helium314.keyboard.latin.panels.BrowserPanelView{c0bc499 V.E...... ........ 0,0-1440,2040} during second layout pass: posting in next frame
06-02 16:50:57.973  6484  6484 W View    : requestLayout() improperly called by helium314.keyboard.latin.panels.BrowserPanelView{c0bc499 V.E...... ......I. 0,0-1440,2040} during layout: running second layout pass
06-02 16:50:57.977  6484  6484 W View    : requestLayout() improperly called by helium314.keyboard.latin.panels.BrowserPanelView{c0bc499 V.E...... ........ 0,0-1440,2040} during second layout pass: posting in next frame
06-02 16:50:57.991  6484  6484 W View    : requestLayout() improperly called by helium314.keyboard.latin.panels.BrowserPanelView{c0bc499 V.E...... ......I. 0,0-1440,2040} during layout: running second layout pass
06-02 16:50:57.995  6484  6484 W View    : requestLayout() improperly called by helium314.keyboard.latin.panels.BrowserPanelView{c0bc499 V.E...... ........ 0,0-1440,2040} during second layout pass: posting in next frame
06-02 16:50:58.004 11374 11374 E .keyboard:tab1: Unknown bits set in runtime_flags: 0x40000000
06-02 16:50:58.007  6484  6484 W View    : requestLayout() improperly called by helium314.keyboard.latin.panels.BrowserPanelView{c0bc499 V.E...... ......I. 0,0-1440,2040} during layout: running second layout pass
06-02 16:50:58.010  6484  6484 W View    : requestLayout() improperly called by helium314.keyboard.latin.panels.BrowserPanelView{c0bc499 V.E...... ........ 0,0-1440,2040} during second layout pass: posting in next frame
06-02 16:50:58.024  6484  6484 W View    : requestLayout() improperly called by helium314.keyboard.latin.panels.BrowserPanelView{c0bc499 V.E...... ......ID 0,0-1440,2040} during layout: running second layout pass
06-02 16:50:58.027  6484  6484 W View    : requestLayout() improperly called by helium314.keyboard.latin.panels.BrowserPanelView{c0bc499 V.E...... ........ 0,0-1440,2040} during second layout pass: posting in next frame
06-02 16:50:58.040  6484  6484 W View    : requestLayout() improperly called by helium314.keyboard.latin.panels.BrowserPanelView{c0bc499 V.E...... ......I. 0,0-1440,2040} during layout: running second layout pass
06-02 16:50:58.044  6484  6484 W View    : requestLayout() improperly called by helium314.keyboard.latin.panels.BrowserPanelView{c0bc499 V.E...... ........ 0,0-1440,2040} during second layout pass: posting in next frame
06-02 16:50:58.057  6484  6484 W View    : requestLayout() improperly called by helium314.keyboard.latin.panels.BrowserPanelView{c0bc499 V.E...... ......I. 0,0-1440,2040} during layout: running second layout pass
06-02 16:50:58.061  6484  6484 W View    : requestLayout() improperly called by helium314.keyboard.latin.panels.BrowserPanelView{c0bc499 V.E...... ........ 0,0-1440,2040} during second layout pass: posting in next frame
06-02 16:50:58.073  6484  6484 W View    : requestLayout() improperly called by helium314.keyboard.latin.panels.BrowserPanelView{c0bc499 V.E...... ......I. 0,0-1440,2040} during layout: running second layout pass
06-02 16:50:58.076 11374 11392 E GeckoLibLoad: Load sqlite start
06-02 16:50:58.076  6484  6484 W View    : requestLayout() improperly called by helium314.keyboard.latin.panels.BrowserPanelView{c0bc499 V.E...... ........ 0,0-1440,2040} during second layout pass: posting in next frame
06-02 16:50:58.077 11374 11392 E GeckoLibLoad: Load sqlite done
06-02 16:50:58.077 11374 11392 E GeckoLibLoad: Load nss start
06-02 16:50:58.077 11374 11392 E GeckoLibLoad: Load nss done
06-02 16:50:58.087 11374 11392 E GeckoLibLoad: Loaded libs in 10.246146ms total, 8ms(9ms) user, 0ms(0ms) system, 0(0) faults
06-02 16:50:58.088 11374 11392 W GeckoThread: zerdatime 110300949 - runGecko
06-02 16:50:58.090  6484  6484 W View    : requestLayout() improperly called by helium314.keyboard.latin.panels.BrowserPanelView{c0bc499 V.E...... ......I. 0,0-1440,2040} during layout: running second layout pass
06-02 16:50:58.093  6484  6484 W View    : requestLayout() improperly called by helium314.keyboard.latin.panels.BrowserPanelView{c0bc499 V.E...... ........ 0,0-1440,2040} during second layout pass: posting in next frame
06-02 16:50:58.107  6484  6484 W View    : requestLayout() improperly called by helium314.keyboard.latin.panels.BrowserPanelView{c0bc499 V.E...... ......I. 0,0-1440,2040} during layout: running second layout pass
06-02 16:50:58.110  6484  6484 W View    : requestLayout() improperly called by helium314.keyboard.latin.panels.BrowserPanelView{c0bc499 V.E...... ........ 0,0-1440,2040} during second layout pass: posting in next frame
06-02 16:50:58.124  6484  6484 W View    : requestLayout() improperly called by helium314.keyboard.latin.panels.BrowserPanelView{c0bc499 V.E...... ......I. 0,0-1440,2040} during layout: running second layout pass
06-02 16:50:58.127  6484  6484 W View    : requestLayout() improperly called by helium314.keyboard.latin.panels.BrowserPanelView{c0bc499 V.E...... ........ 0,0-1440,2040} during second layout pass: posting in next frame
06-02 16:50:58.141  6484  6484 W View    : requestLayout() improperly called by helium314.keyboard.latin.panels.BrowserPanelView{c0bc499 V.E...... ......I. 0,0-1440,2040} during layout: running second layout pass
06-02 16:50:58.144  6484  6484 W View    : requestLayout() improperly called by helium314.keyboard.latin.panels.BrowserPanelView{c0bc499 V.E...... ........ 0,0-1440,2040} during second layout pass: posting in next frame
06-02 16:50:58.157  6484  6484 W View    : requestLayout() improperly called by helium314.keyboard.latin.panels.BrowserPanelView{c0bc499 V.E...... ......I. 0,0-1440,2040} during layout: running second layout pass
06-02 16:50:58.161  6484  6484 W View    : requestLayout() improperly called by helium314.keyboard.latin.panels.BrowserPanelView{c0bc499 V.E...... ........ 0,0-1440,2040} during second layout pass: posting in next frame
06-02 16:50:58.174  6484  6484 W View    : requestLayout() improperly called by helium314.keyboard.latin.panels.BrowserPanelView{c0bc499 V.E...... ......I. 0,0-1440,2040} during layout: running second layout pass
06-02 16:50:58.177  6484  6484 W View    : requestLayout() improperly called by helium314.keyboard.latin.panels.BrowserPanelView{c0bc499 V.E...... ........ 0,0-1440,2040} during second layout pass: posting in next frame
06-02 16:50:58.190  6484  6484 W View    : requestLayout() improperly called by helium314.keyboard.latin.panels.BrowserPanelView{c0bc499 V.E...... ......I. 0,0-1440,2040} during layout: running second layout pass
06-02 16:50:58.194  6484  6484 W View    : requestLayout() improperly called by helium314.keyboard.latin.panels.BrowserPanelView{c0bc499 V.E...... ........ 0,0-1440,2040} during second layout pass: posting in next frame
06-02 16:50:58.198 11374 11392 W GeckoEditableChild: No editable parent
06-02 16:50:58.199 11374 11392 W Isolated Web Content: [JavaScript Warning: "This page is in Almost Standards Mode. Page layout may be impacted. For Standards Mode use “<!DOCTYPE html>”." {file: "https://www.dianomi.com/smartads.epl?id=91544&numAds=2&cf=1904.4981.CNN+Test&url=https%3A%2F%2Fwww.cnn.com%2F&unitCount=1&unitId=dianomi-91544-ah9CMbKjzsV0qr8WpAT8GgAAAAU0&isWaterfall=false&responsiveHeight=1&contextfeedFrameId=4981-940&canCookie=true&canDmp=true&gdpr=0&gdpr_consent=&cmp_id=&canServeAds=true&partner_tcf_status=2.0&partnerTcfStatus=2.0&uspString=1---&gpp=1" line: 0}]
06-02 16:50:58.200 11374 11392 W Isolated Web Content: [JavaScript Warning: "This page is in Almost Standards Mode. Page layout may be impacted. For Standards Mode use “<!DOCTYPE html>”." {file: "https://www.dianomi.com/smartads.epl?id=91542&numAds=1&cf=1904.4979.CNN+Test&url=https%3A%2F%2Fwww.cnn.com%2F&unitCount=1&unitId=dianomi-91542-ah9CMVSlAObNI-d3MmNNVgAAACE0&isWaterfall=false&responsiveHeight=1&contextfeedFrameId=4979-636&canCookie=true&canDmp=true&gdpr=0&gdpr_consent=&cmp_id=&canServeAds=true&partner_tcf_status=2.0&partnerTcfStatus=2.0&uspString=1---&gpp=1" line: 0}]
06-02 16:50:58.204 11374 11392 W GeckoEditableChild: No editable parent
06-02 16:50:58.206 11374 11392 W Isolated Web Content: [JavaScript Warning: "This page is in Almost Standards Mode. Page layout may be impacted. For Standards Mode use “<!DOCTYPE html>”." {file: "https://www.dianomi.com/smartads.epl?id=91483&numAds=3&cf=3223.4955.CNNHOMEPAGE&url=https%3A%2F%2Fwww.cnn.com%2F&unitCount=1&unitId=dianomi-91483-ah9CMYrczX6gBmjfXkMy4AAAACY0&isWaterfall=false&responsiveHeight=1&contextfeedFrameId=4955-57&canCookie=true&canDmp=true&gdpr=0&gdpr_consent=&cmp_id=&canServeAds=true&partner_tcf_status=2.0&partnerTcfStatus=2.0&uspString=1---&gpp=1" line: 0}]
06-02 16:50:58.207  6484  6484 W View    : requestLayout() improperly called by helium314.keyboard.latin.panels.BrowserPanelView{c0bc499 V.E...... ......I. 0,0-1440,2040} during layout: running second layout pass
06-02 16:50:58.210  6484  6484 W View    : requestLayout() improperly called by helium314.keyboard.latin.panels.BrowserPanelView{c0bc499 V.E...... ........ 0,0-1440,2040} during second layout pass: posting in next frame
06-02 16:50:58.196  6484  6484 W com.vibekey.keyboard: type=1400 audit(0.0:60800): avc: denied { nlmsg_readpriv } for comm=536F636B657420546872656164 scontext=u:r:untrusted_app:s0:c55,c271,c512,c768 tcontext=u:r:untrusted_app:s0:c55,c271,c512,c768 tclass=netlink_route_socket permissive=0 bug=b/155595000 app=com.vibekey.keyboard
06-02 16:50:58.213 11374 11392 W GeckoEditableChild: No editable parent
06-02 16:50:58.215 11374 11392 W Isolated Web Content: [JavaScript Warning: "This page is in Almost Standards Mode. Page layout may be impacted. For Standards Mode use “<!DOCTYPE html>”." {file: "https://www.dianomi.com/smartads.epl?id=91543&numAds=3&cf=1904.4980.CNN+Test&url=https%3A%2F%2Fwww.cnn.com%2F&unitCount=1&unitId=dianomi-91543-ah9CMW2ihTp7OtDFrWoY1QAAAA00&isWaterfall=false&responsiveHeight=1&contextfeedFrameId=4980-873&canCookie=true&canDmp=true&gdpr=0&gdpr_consent=&cmp_id=&canServeAds=true&partner_tcf_status=2.0&partnerTcfStatus=2.0&uspString=1---&gpp=1" line: 0}]
06-02 16:50:58.206  6484  6484 W com.vibekey.keyboard: type=1400 audit(0.0:60801): avc: denied { nlmsg_readpriv } for comm=536F636B657420546872656164 scontext=u:r:untrusted_app:s0:c55,c271,c512,c768 tcontext=u:r:untrusted_app:s0:c55,c271,c512,c768 tclass=netlink_route_socket permissive=0 bug=b/155595000 app=com.vibekey.keyboard
06-02 16:50:58.225  6484  6484 W View    : requestLayout() improperly called by helium314.keyboard.latin.panels.BrowserPanelView{c0bc499 V.E...... ......I. 0,0-1440,2040} during layout: running second layout pass
06-02 16:50:58.229  6484  6484 W View    : requestLayout() improperly called by helium314.keyboard.latin.panels.BrowserPanelView{c0bc499 V.E...... ........ 0,0-1440,2040} during second layout pass: posting in next frame
06-02 16:50:58.241  6484  6484 W View    : requestLayout() improperly called by helium314.keyboard.latin.panels.BrowserPanelView{c0bc499 V.E...... ......I. 0,0-1440,2040} during layout: running second layout pass
06-02 16:50:58.245  6484  6484 W View    : requestLayout() improperly called by helium314.keyboard.latin.panels.BrowserPanelView{c0bc499 V.E...... ........ 0,0-1440,2040} during second layout pass: posting in next frame
06-02 16:50:58.257  6484  6484 W View    : requestLayout() improperly called by helium314.keyboard.latin.panels.BrowserPanelView{c0bc499 V.E...... ......I. 0,0-1440,2040} during layout: running second layout pass
06-02 16:50:58.260  6484  6484 W View    : requestLayout() improperly called by helium314.keyboard.latin.panels.BrowserPanelView{c0bc499 V.E...... ........ 0,0-1440,2040} during second layout pass: posting in next frame
06-02 16:50:58.275  6484  6484 W View    : requestLayout() improperly called by helium314.keyboard.latin.panels.BrowserPanelView{c0bc499 V.E...... ......I. 0,0-1440,2040} during layout: running second layout pass
06-02 16:50:58.278  6484  6484 W View    : requestLayout() improperly called by helium314.keyboard.latin.panels.BrowserPanelView{c0bc499 V.E...... ........ 0,0-1440,2040} during second layout pass: posting in next frame
06-02 16:50:58.292  6484  6484 W View    : requestLayout() improperly called by helium314.keyboard.latin.panels.BrowserPanelView{c0bc499 V.E...... ......I. 0,0-1440,2040} during layout: running second layout pass
06-02 16:50:58.296  6484  6484 W View    : requestLayout() improperly called by helium314.keyboard.latin.panels.BrowserPanelView{c0bc499 V.E...... ........ 0,0-1440,2040} during second layout pass: posting in next frame
06-02 16:50:58.308  6484  6484 W View    : requestLayout() improperly called by helium314.keyboard.latin.panels.BrowserPanelView{c0bc499 V.E...... ......I. 0,0-1440,2040} during layout: running second layout pass
06-02 16:50:58.311  6484  6484 W View    : requestLayout() improperly called by helium314.keyboard.latin.panels.BrowserPanelView{c0bc499 V.E...... ........ 0,0-1440,2040} during second layout pass: posting in next frame
06-02 16:50:58.324  6484  6484 W View    : requestLayout() improperly called by helium314.keyboard.latin.panels.BrowserPanelView{c0bc499 V.E...... ......I. 0,0-1440,2040} during layout: running second layout pass
06-02 16:50:58.327  6484  6484 W View    : requestLayout() improperly called by helium314.keyboard.latin.panels.BrowserPanelView{c0bc499 V.E...... ........ 0,0-1440,2040} during second layout pass: posting in next frame
06-02 16:50:58.341  6484  6484 W View    : requestLayout() improperly called by helium314.keyboard.latin.panels.BrowserPanelView{c0bc499 V.E...... ......I. 0,0-1440,2040} during layout: running second layout pass
06-02 16:50:58.344  6484  6484 W View    : requestLayout() improperly called by helium314.keyboard.latin.panels.BrowserPanelView{c0bc499 V.E...... ........ 0,0-1440,2040} during second layout pass: posting in next frame
06-02 16:50:58.359  6484  6484 W View    : requestLayout() improperly called by helium314.keyboard.latin.panels.BrowserPanelView{c0bc499 V.E...... ......I. 0,0-1440,2040} during layout: running second layout pass
06-02 16:50:58.362  6484  6484 W View    : requestLayout() improperly called by helium314.keyboard.latin.panels.BrowserPanelView{c0bc499 V.E...... ........ 0,0-1440,2040} during second layout pass: posting in next frame
06-02 16:50:58.375  6484  6484 W View    : requestLayout() improperly called by helium314.keyboard.latin.panels.BrowserPanelView{c0bc499 V.E...... ......I. 0,0-1440,2040} during layout: running second layout pass
06-02 16:50:58.379  6484  6484 W View    : requestLayout() improperly called by helium314.keyboard.latin.panels.BrowserPanelView{c0bc499 V.E...... ........ 0,0-1440,2040} during second layout pass: posting in next frame
06-02 16:50:58.393  6484  6484 W View    : requestLayout() improperly called by helium314.keyboard.latin.panels.BrowserPanelView{c0bc499 V.E...... ......I. 0,0-1440,2040} during layout: running second layout pass
06-02 16:50:58.402  6484  6484 W View    : requestLayout() improperly called by helium314.keyboard.latin.panels.BrowserPanelView{c0bc499 V.E...... ........ 0,0-1440,2040} during second layout pass: posting in next frame
06-02 16:50:58.408  6484  6484 W View    : requestLayout() improperly called by helium314.keyboard.latin.panels.BrowserPanelView{c0bc499 V.E...... ......I. 0,0-1440,2040} during layout: running second layout pass
06-02 16:50:58.411  6484  6484 W View    : requestLayout() improperly called by helium314.keyboard.latin.panels.BrowserPanelView{c0bc499 V.E...... ........ 0,0-1440,2040} during second layout pass: posting in next frame
06-02 16:50:58.424  6484  6484 W View    : requestLayout() improperly called by helium314.keyboard.latin.panels.BrowserPanelView{c0bc499 V.E...... ......I. 0,0-1440,2040} during layout: running second layout pass
06-02 16:50:58.427  6484  6484 W View    : requestLayout() improperly called by helium314.keyboard.latin.panels.BrowserPanelView{c0bc499 V.E...... ........ 0,0-1440,2040} during second layout pass: posting in next frame
06-02 16:50:58.441  6484  6484 W View    : requestLayout() improperly called by helium314.keyboard.latin.panels.BrowserPanelView{c0bc499 V.E...... ......I. 0,0-1440,2040} during layout: running second layout pass
06-02 16:50:58.443  6484  6484 W View    : requestLayout() improperly called by helium314.keyboard.latin.panels.BrowserPanelView{c0bc499 V.E...... ........ 0,0-1440,2040} during second layout pass: posting in next frame
06-02 16:50:58.458  6484  6484 W View    : requestLayout() improperly called by helium314.keyboard.latin.panels.BrowserPanelView{c0bc499 V.E...... ......I. 0,0-1440,2040} during layout: running second layout pass
06-02 16:50:58.461  6484  6484 W View    : requestLayout() improperly called by helium314.keyboard.latin.panels.BrowserPanelView{c0bc499 V.E...... ........ 0,0-1440,2040} during second layout pass: posting in next frame
06-02 16:50:58.476  6484  6484 W View    : requestLayout() improperly called by helium314.keyboard.latin.panels.BrowserPanelView{c0bc499 V.E...... ......I. 0,0-1440,2040} during layout: running second layout pass
06-02 16:50:58.483  6484  6484 W View    : requestLayout() improperly called by helium314.keyboard.latin.panels.BrowserPanelView{c0bc499 V.E...... ........ 0,0-1440,2040} during second layout pass: posting in next frame
06-02 16:50:58.493  6484  6484 W View    : requestLayout() improperly called by helium314.keyboard.latin.panels.BrowserPanelView{c0bc499 V.E...... ......I. 0,0-1440,2040} during layout: running second layout pass
06-02 16:50:58.498  6484  6484 W View    : requestLayout() improperly called by helium314.keyboard.latin.panels.BrowserPanelView{c0bc499 V.E...... ........ 0,0-1440,2040} during second layout pass: posting in next frame
06-02 16:50:58.509  6484  6484 W View    : requestLayout() improperly called by helium314.keyboard.latin.panels.BrowserPanelView{c0bc499 V.E...... ......I. 0,0-1440,2040} during layout: running second layout pass
06-02 16:50:58.513  6484  6484 W View    : requestLayout() improperly called by helium314.keyboard.latin.panels.BrowserPanelView{c0bc499 V.E...... ........ 0,0-1440,2040} during second layout pass: posting in next frame
06-02 16:50:58.525  6484  6484 W View    : requestLayout() improperly called by helium314.keyboard.latin.panels.BrowserPanelView{c0bc499 V.E...... ......ID 0,0-1440,2040} during layout: running second layout pass
06-02 16:50:58.529  6484  6484 W View    : requestLayout() improperly called by helium314.keyboard.latin.panels.BrowserPanelView{c0bc499 V.E...... ........ 0,0-1440,2040} during second layout pass: posting in next frame
06-02 16:50:58.541  6484  6484 W View    : requestLayout() improperly called by helium314.keyboard.latin.panels.BrowserPanelView{c0bc499 V.E...... ......I. 0,0-1440,2040} during layout: running second layout pass
06-02 16:50:58.544  6484  6484 W View    : requestLayout() improperly called by helium314.keyboard.latin.panels.BrowserPanelView{c0bc499 V.E...... ........ 0,0-1440,2040} during second layout pass: posting in next frame
06-02 16:50:58.559  6484  6484 W View    : requestLayout() improperly called by helium314.keyboard.latin.panels.BrowserPanelView{c0bc499 V.E...... ......I. 0,0-1440,2040} during layout: running second layout pass
06-02 16:50:58.562  6484  6484 W View    : requestLayout() improperly called by helium314.keyboard.latin.panels.BrowserPanelView{c0bc499 V.E...... ........ 0,0-1440,2040} during second layout pass: posting in next frame
06-02 16:50:58.575  6484  6484 W View    : requestLayout() improperly called by helium314.keyboard.latin.panels.BrowserPanelView{c0bc499 V.E...... ......I. 0,0-1440,2040} during layout: running second layout pass
06-02 16:50:58.578  6484  6484 W View    : requestLayout() improperly called by helium314.keyboard.latin.panels.BrowserPanelView{c0bc499 V.E...... ........ 0,0-1440,2040} during second layout pass: posting in next frame
06-02 16:50:58.592  6484  6484 W View    : requestLayout() improperly called by helium314.keyboard.latin.panels.BrowserPanelView{c0bc499 V.E...... ......I. 0,0-1440,2040} during layout: running second layout pass
06-02 16:50:58.595  6484  6484 W View    : requestLayout() improperly called by helium314.keyboard.latin.panels.BrowserPanelView{c0bc499 V.E...... ........ 0,0-1440,2040} during second layout pass: posting in next frame
06-02 16:50:58.608  6484  6484 W View    : requestLayout() improperly called by helium314.keyboard.latin.panels.BrowserPanelView{c0bc499 V.E...... ......I. 0,0-1440,2040} during layout: running second layout pass
06-02 16:50:58.612  6484  6484 W View    : requestLayout() improperly called by helium314.keyboard.latin.panels.BrowserPanelView{c0bc499 V.E...... ........ 0,0-1440,2040} during second layout pass: posting in next frame
06-02 16:50:58.625  6484  6484 W View    : requestLayout() improperly called by helium314.keyboard.latin.panels.BrowserPanelView{c0bc499 V.E...... ......I. 0,0-1440,2040} during layout: running second layout pass
06-02 16:50:58.628  6484  6484 W View    : requestLayout() improperly called by helium314.keyboard.latin.panels.BrowserPanelView{c0bc499 V.E...... ........ 0,0-1440,2040} during second layout pass: posting in next frame
06-02 16:50:58.642  6484  6484 W View    : requestLayout() improperly called by helium314.keyboard.latin.panels.BrowserPanelView{c0bc499 V.E...... ......I. 0,0-1440,2040} during layout: running second layout pass
06-02 16:50:58.645  6484  6484 W View    : requestLayout() improperly called by helium314.keyboard.latin.panels.BrowserPanelView{c0bc499 V.E...... ........ 0,0-1440,2040} during second layout pass: posting in next frame
06-02 16:50:58.660  6484  6484 W View    : requestLayout() improperly called by helium314.keyboard.latin.panels.BrowserPanelView{c0bc499 V.E...... ......I. 0,0-1440,2040} during layout: running second layout pass
06-02 16:50:58.662 11374 11392 W Isolated Web Content: [JavaScript Warning: "Window.fullScreen attribute is deprecated and will be removed in the future." {file: "https://www.dianomi.com/cdn-cgi/challenge-platform/scripts/jsd/main.js" line: 1}]
06-02 16:50:58.663  6484  6484 W View    : requestLayout() improperly called by helium314.keyboard.latin.panels.BrowserPanelView{c0bc499 V.E...... ........ 0,0-1440,2040} during second layout pass: posting in next frame
06-02 16:50:58.664 11374 11392 W Isolated Web Content: [JavaScript Warning: "InstallTrigger is deprecated and will be removed in the future." {file: "https://www.dianomi.com/cdn-cgi/challenge-platform/scripts/jsd/main.js" line: 1}]
06-02 16:50:58.665 11374 11392 W Isolated Web Content: [JavaScript Warning: "onmozfullscreenchange is deprecated." {file: "https://www.dianomi.com/cdn-cgi/challenge-platform/scripts/jsd/main.js" line: 1}]
06-02 16:50:58.666 11374 11392 W Isolated Web Content: [JavaScript Warning: "onmozfullscreenerror is deprecated." {file: "https://www.dianomi.com/cdn-cgi/challenge-platform/scripts/jsd/main.js" line: 1}]
06-02 16:50:58.675  6484  6484 W View    : requestLayout() improperly called by helium314.keyboard.latin.panels.BrowserPanelView{c0bc499 V.E...... ......I. 0,0-1440,2040} during layout: running second layout pass
06-02 16:50:58.678  6484  6484 W View    : requestLayout() improperly called by helium314.keyboard.latin.panels.BrowserPanelView{c0bc499 V.E...... ........ 0,0-1440,2040} during second layout pass: posting in next frame
06-02 16:50:58.692  6484  6484 W View    : requestLayout() improperly called by helium314.keyboard.latin.panels.BrowserPanelView{c0bc499 V.E...... ......I. 0,0-1440,2040} during layout: running second layout pass
06-02 16:50:58.695  6484  6484 W View    : requestLayout() improperly called by helium314.keyboard.latin.panels.BrowserPanelView{c0bc499 V.E...... ........ 0,0-1440,2040} during second layout pass: posting in next frame
06-02 16:50:58.709  6484  6484 W View    : requestLayout() improperly called by helium314.keyboard.latin.panels.BrowserPanelView{c0bc499 V.E...... ......I. 0,0-1440,2040} during layout: running second layout pass
06-02 16:50:58.712  6484  6484 W View    : requestLayout() improperly called by helium314.keyboard.latin.panels.BrowserPanelView{c0bc499 V.E...... ........ 0,0-1440,2040} during second layout pass: posting in next frame
06-02 16:50:58.726  6484  6484 W View    : requestLayout() improperly called by helium314.keyboard.latin.panels.BrowserPanelView{c0bc499 V.E...... ......I. 0,0-1440,2040} during layout: running second layout pass
06-02 16:50:58.729  6484  6484 W View    : requestLayout() improperly called by helium314.keyboard.latin.panels.BrowserPanelView{c0bc499 V.E...... ........ 0,0-1440,2040} during second layout pass: posting in next frame
06-02 16:50:58.742  6484  6484 W View    : requestLayout() improperly called by helium314.keyboard.latin.panels.BrowserPanelView{c0bc499 V.E...... ......I. 0,0-1440,2040} during layout: running second layout pass
06-02 16:50:58.746  6484  6484 W View    : requestLayout() improperly called by helium314.keyboard.latin.panels.BrowserPanelView{c0bc499 V.E...... ........ 0,0-1440,2040} during second layout pass: posting in next frame
06-02 16:50:58.746 11374 11392 W Isolated Web Content: [JavaScript Warning: "Window.fullScreen attribute is deprecated and will be removed in the future." {file: "https://www.dianomi.com/cdn-cgi/challenge-platform/scripts/jsd/main.js" line: 1}]
06-02 16:50:58.746 11374 11392 W Isolated Web Content: [JavaScript Warning: "InstallTrigger is deprecated and will be removed in the future." {file: "https://www.dianomi.com/cdn-cgi/challenge-platform/scripts/jsd/main.js" line: 1}]
06-02 16:50:58.747 11374 11392 W Isolated Web Content: [JavaScript Warning: "onmozfullscreenchange is deprecated." {file: "https://www.dianomi.com/cdn-cgi/challenge-platform/scripts/jsd/main.js" line: 1}]
06-02 16:50:58.747 11374 11392 W Isolated Web Content: [JavaScript Warning: "onmozfullscreenerror is deprecated." {file: "https://www.dianomi.com/cdn-cgi/challenge-platform/scripts/jsd/main.js" line: 1}]
06-02 16:50:58.759  6484  6484 W View    : requestLayout() improperly called by helium314.keyboard.latin.panels.BrowserPanelView{c0bc499 V.E...... ......I. 0,0-1440,2040} during layout: running second layout pass
06-02 16:50:58.762  6484  6484 W View    : requestLayout() improperly called by helium314.keyboard.latin.panels.BrowserPanelView{c0bc499 V.E...... ........ 0,0-1440,2040} during second layout pass: posting in next frame
06-02 16:50:58.775  6484  6484 W View    : requestLayout() improperly called by helium314.keyboard.latin.panels.BrowserPanelView{c0bc499 V.E...... ......I. 0,0-1440,2040} during layout: running second layout pass
06-02 16:50:58.778  6484  6484 W View    : requestLayout() improperly called by helium314.keyboard.latin.panels.BrowserPanelView{c0bc499 V.E...... ........ 0,0-1440,2040} during second layout pass: posting in next frame
06-02 16:50:58.793  6484  6484 W View    : requestLayout() improperly called by helium314.keyboard.latin.panels.BrowserPanelView{c0bc499 V.E...... ......I. 0,0-1440,2040} during layout: running second layout pass
06-02 16:50:58.796  6484  6484 W View    : requestLayout() improperly called by helium314.keyboard.latin.panels.BrowserPanelView{c0bc499 V.E...... ........ 0,0-1440,2040} during second layout pass: posting in next frame
06-02 16:50:58.809  6484  6484 W View    : requestLayout() improperly called by helium314.keyboard.latin.panels.BrowserPanelView{c0bc499 V.E...... ......I. 0,0-1440,2040} during layout: running second layout pass
06-02 16:50:58.813  6484  6484 W View    : requestLayout() improperly called by helium314.keyboard.latin.panels.BrowserPanelView{c0bc499 V.E...... ........ 0,0-1440,2040} during second layout pass: posting in next frame
06-02 16:50:58.826  6484  6484 W View    : requestLayout() improperly called by helium314.keyboard.latin.panels.BrowserPanelView{c0bc499 V.E...... ......I. 0,0-1440,2040} during layout: running second layout pass
06-02 16:50:58.829  6484  6484 W View    : requestLayout() improperly called by helium314.keyboard.latin.panels.BrowserPanelView{c0bc499 V.E...... ........ 0,0-1440,2040} during second layout pass: posting in next frame
06-02 16:50:58.842  6484  6484 W View    : requestLayout() improperly called by helium314.keyboard.latin.panels.BrowserPanelView{c0bc499 V.E...... ......I. 0,0-1440,2040} during layout: running second layout pass
06-02 16:50:58.846  6484  6484 W View    : requestLayout() improperly called by helium314.keyboard.latin.panels.BrowserPanelView{c0bc499 V.E...... ........ 0,0-1440,2040} during second layout pass: posting in next frame
06-02 16:50:58.859  6484  6484 W View    : requestLayout() improperly called by helium314.keyboard.latin.panels.BrowserPanelView{c0bc499 V.E...... ......I. 0,0-1440,2040} during layout: running second layout pass
06-02 16:50:58.865  6484  6484 W View    : requestLayout() improperly called by helium314.keyboard.latin.panels.BrowserPanelView{c0bc499 V.E...... ........ 0,0-1440,2040} during second layout pass: posting in next frame
06-02 16:50:58.876  6484  6484 W View    : requestLayout() improperly called by helium314.keyboard.latin.panels.BrowserPanelView{c0bc499 V.E...... ......I. 0,0-1440,2040} during layout: running second layout pass
06-02 16:50:58.878  6484  6484 W View    : requestLayout() improperly called by helium314.keyboard.latin.panels.BrowserPanelView{c0bc499 V.E...... ........ 0,0-1440,2040} during second layout pass: posting in next frame
06-02 16:50:58.891 11374 11392 W Isolated Web Content: [JavaScript Warning: "Window.fullScreen attribute is deprecated and will be removed in the future." {file: "https://www.dianomi.com/cdn-cgi/challenge-platform/scripts/jsd/main.js" line: 1}]
06-02 16:50:58.892 11374 11392 W Isolated Web Content: [JavaScript Warning: "InstallTrigger is deprecated and will be removed in the future." {file: "https://www.dianomi.com/cdn-cgi/challenge-platform/scripts/jsd/main.js" line: 1}]
06-02 16:50:58.893 11374 11392 W Isolated Web Content: [JavaScript Warning: "onmozfullscreenchange is deprecated." {file: "https://www.dianomi.com/cdn-cgi/challenge-platform/scripts/jsd/main.js" line: 1}]
06-02 16:50:58.893  6484  6484 W View    : requestLayout() improperly called by helium314.keyboard.latin.panels.BrowserPanelView{c0bc499 V.E...... ......I. 0,0-1440,2040} during layout: running second layout pass
06-02 16:50:58.893 11374 11392 W Isolated Web Content: [JavaScript Warning: "onmozfullscreenerror is deprecated." {file: "https://www.dianomi.com/cdn-cgi/challenge-platform/scripts/jsd/main.js" line: 1}]
06-02 16:50:58.896  6484  6484 W View    : requestLayout() improperly called by helium314.keyboard.latin.panels.BrowserPanelView{c0bc499 V.E...... ........ 0,0-1440,2040} during second layout pass: posting in next frame
06-02 16:50:58.909  6484  6484 W View    : requestLayout() improperly called by helium314.keyboard.latin.panels.BrowserPanelView{c0bc499 V.E...... ......I. 0,0-1440,2040} during layout: running second layout pass
06-02 16:50:58.912  6484  6484 W View    : requestLayout() improperly called by helium314.keyboard.latin.panels.BrowserPanelView{c0bc499 V.E...... ........ 0,0-1440,2040} during second layout pass: posting in next frame
06-02 16:50:58.926  6484  6484 W View    : requestLayout() improperly called by helium314.keyboard.latin.panels.BrowserPanelView{c0bc499 V.E...... ......I. 0,0-1440,2040} during layout: running second layout pass
06-02 16:50:58.929  6484  6484 W View    : requestLayout() improperly called by helium314.keyboard.latin.panels.BrowserPanelView{c0bc499 V.E...... ........ 0,0-1440,2040} during second layout pass: posting in next frame
06-02 16:50:58.942  6484  6484 W View    : requestLayout() improperly called by helium314.keyboard.latin.panels.BrowserPanelView{c0bc499 V.E...... ......I. 0,0-1440,2040} during layout: running second layout pass
06-02 16:50:58.946  6484  6484 W View    : requestLayout() improperly called by helium314.keyboard.latin.panels.BrowserPanelView{c0bc499 V.E...... ........ 0,0-1440,2040} during second layout pass: posting in next frame
06-02 16:50:58.954 11374 11392 W Isolated Web Content: [JavaScript Warning: "Window.fullScreen attribute is deprecated and will be removed in the future." {file: "https://www.dianomi.com/cdn-cgi/challenge-platform/scripts/jsd/main.js" line: 1}]
06-02 16:50:58.954 11374 11392 W Isolated Web Content: [JavaScript Warning: "InstallTrigger is deprecated and will be removed in the future." {file: "https://www.dianomi.com/cdn-cgi/challenge-platform/scripts/jsd/main.js" line: 1}]
06-02 16:50:58.955 11374 11392 W Isolated Web Content: [JavaScript Warning: "onmozfullscreenchange is deprecated." {file: "https://www.dianomi.com/cdn-cgi/challenge-platform/scripts/jsd/main.js" line: 1}]
06-02 16:50:58.955 11374 11392 W Isolated Web Content: [JavaScript Warning: "onmozfullscreenerror is deprecated." {file: "https://www.dianomi.com/cdn-cgi/challenge-platform/scripts/jsd/main.js" line: 1}]
06-02 16:50:58.960  6484  6484 W View    : requestLayout() improperly called by helium314.keyboard.latin.panels.BrowserPanelView{c0bc499 V.E...... ......I. 0,0-1440,2040} during layout: running second layout pass
06-02 16:50:58.963  6484  6484 W View    : requestLayout() improperly called by helium314.keyboard.latin.panels.BrowserPanelView{c0bc499 V.E...... ........ 0,0-1440,2040} during second layout pass: posting in next frame
06-02 16:50:58.976  6484  6484 W View    : requestLayout() improperly called by helium314.keyboard.latin.panels.BrowserPanelView{c0bc499 V.E...... ......I. 0,0-1440,2040} during layout: running second layout pass
06-02 16:50:58.979  6484  6484 W View    : requestLayout() improperly called by helium314.keyboard.latin.panels.BrowserPanelView{c0bc499 V.E...... ........ 0,0-1440,2040} during second layout pass: posting in next frame
06-02 16:50:58.993  6484  6484 W View    : requestLayout() improperly called by helium314.keyboard.latin.panels.BrowserPanelView{c0bc499 V.E...... ......I. 0,0-1440,2040} during layout: running second layout pass
06-02 16:50:58.996  6484  6484 W View    : requestLayout() improperly called by helium314.keyboard.latin.panels.BrowserPanelView{c0bc499 V.E...... ........ 0,0-1440,2040} during second layout pass: posting in next frame
06-02 16:50:59.009  6484  6484 W View    : requestLayout() improperly called by helium314.keyboard.latin.panels.BrowserPanelView{c0bc499 V.E...... ......I. 0,0-1440,2040} during layout: running second layout pass
06-02 16:50:59.015  6484  6484 W View    : requestLayout() improperly called by helium314.keyboard.latin.panels.BrowserPanelView{c0bc499 V.E...... ........ 0,0-1440,2040} during second layout pass: posting in next frame
06-02 16:50:59.027  6484  6484 W View    : requestLayout() improperly called by helium314.keyboard.latin.panels.BrowserPanelView{c0bc499 V.E...... ......ID 0,0-1440,2040} during layout: running second layout pass
06-02 16:50:59.030  6484  6484 W View    : requestLayout() improperly called by helium314.keyboard.latin.panels.BrowserPanelView{c0bc499 V.E...... ........ 0,0-1440,2040} during second layout pass: posting in next frame
06-02 16:50:59.043  6484  6484 W View    : requestLayout() improperly called by helium314.keyboard.latin.panels.BrowserPanelView{c0bc499 V.E...... ......I. 0,0-1440,2040} during layout: running second layout pass
06-02 16:50:59.046  6484  6484 W View    : requestLayout() improperly called by helium314.keyboard.latin.panels.BrowserPanelView{c0bc499 V.E...... ........ 0,0-1440,2040} during second layout pass: posting in next frame
06-02 16:50:59.060  6484  6484 W View    : requestLayout() improperly called by helium314.keyboard.latin.panels.BrowserPanelView{c0bc499 V.E...... ......I. 0,0-1440,2040} during layout: running second layout pass
06-02 16:50:59.065  6484  6484 W View    : requestLayout() improperly called by helium314.keyboard.latin.panels.BrowserPanelView{c0bc499 V.E...... ........ 0,0-1440,2040} during second layout pass: posting in next frame
06-02 16:50:59.076  6484  6484 W View    : requestLayout() improperly called by helium314.keyboard.latin.panels.BrowserPanelView{c0bc499 V.E...... ......I. 0,0-1440,2040} during layout: running second layout pass
06-02 16:50:59.079  6484  6484 W View    : requestLayout() improperly called by helium314.keyboard.latin.panels.BrowserPanelView{c0bc499 V.E...... ........ 0,0-1440,2040} during second layout pass: posting in next frame
06-02 16:50:59.093  6484  6484 W View    : requestLayout() improperly called by helium314.keyboard.latin.panels.BrowserPanelView{c0bc499 V.E...... ......I. 0,0-1440,2040} during layout: running second layout pass
06-02 16:50:59.097  6484  6484 W View    : requestLayout() improperly called by helium314.keyboard.latin.panels.BrowserPanelView{c0bc499 V.E...... ........ 0,0-1440,2040} during second layout pass: posting in next frame
06-02 16:50:59.112  6484  6484 W View    : requestLayout() improperly called by helium314.keyboard.latin.panels.BrowserPanelView{c0bc499 V.E...... ......I. 0,0-1440,2040} during layout: running second layout pass
06-02 16:50:59.116  6484  6484 W View    : requestLayout() improperly called by helium314.keyboard.latin.panels.BrowserPanelView{c0bc499 V.E...... ........ 0,0-1440,2040} during second layout pass: posting in next frame
06-02 16:50:59.128  6484  6484 W View    : requestLayout() improperly called by helium314.keyboard.latin.panels.BrowserPanelView{c0bc499 V.E...... ......I. 0,0-1440,2040} during layout: running second layout pass
06-02 16:50:59.132  6484  6484 W View    : requestLayout() improperly called by helium314.keyboard.latin.panels.BrowserPanelView{c0bc499 V.E...... ........ 0,0-1440,2040} during second layout pass: posting in next frame
06-02 16:50:59.145  6484  6484 W View    : requestLayout() improperly called by helium314.keyboard.latin.panels.BrowserPanelView{c0bc499 V.E...... ......I. 0,0-1440,2040} during layout: running second layout pass
06-02 16:50:59.151  6484  6484 W View    : requestLayout() improperly called by helium314.keyboard.latin.panels.BrowserPanelView{c0bc499 V.E...... ........ 0,0-1440,2040} during second layout pass: posting in next frame
06-02 16:50:59.161  6484  6484 W View    : requestLayout() improperly called by helium314.keyboard.latin.panels.BrowserPanelView{c0bc499 V.E...... ......I. 0,0-1440,2040} during layout: running second layout pass
06-02 16:50:59.166  6484  6484 W View    : requestLayout() improperly called by helium314.keyboard.latin.panels.BrowserPanelView{c0bc499 V.E...... ........ 0,0-1440,2040} during second layout pass: posting in next frame
06-02 16:50:59.177  6484  6484 W View    : requestLayout() improperly called by helium314.keyboard.latin.panels.BrowserPanelView{c0bc499 V.E...... ......I. 0,0-1440,2040} during layout: running second layout pass
06-02 16:50:59.183  6484  6484 W View    : requestLayout() improperly called by helium314.keyboard.latin.panels.BrowserPanelView{c0bc499 V.E...... ........ 0,0-1440,2040} during second layout pass: posting in next frame
06-02 16:50:59.193  6484  6484 W View    : requestLayout() improperly called by helium314.keyboard.latin.panels.BrowserPanelView{c0bc499 V.E...... ......I. 0,0-1440,2040} during layout: running second layout pass
06-02 16:50:59.196  6484  6484 W View    : requestLayout() improperly called by helium314.keyboard.latin.panels.BrowserPanelView{c0bc499 V.E...... ........ 0,0-1440,2040} during second layout pass: posting in next frame
06-02 16:50:59.212  6484  6484 W View    : requestLayout() improperly called by helium314.keyboard.latin.panels.BrowserPanelView{c0bc499 V.E...... ......I. 0,0-1440,2040} during layout: running second layout pass
06-02 16:50:59.215  6484  6484 W View    : requestLayout() improperly called by helium314.keyboard.latin.panels.BrowserPanelView{c0bc499 V.E...... ........ 0,0-1440,2040} during second layout pass: posting in next frame
06-02 16:50:59.229  6484  6484 W View    : requestLayout() improperly called by helium314.keyboard.latin.panels.BrowserPanelView{c0bc499 V.E...... ......I. 0,0-1440,2040} during layout: running second layout pass
06-02 16:50:59.232  6484  6484 W View    : requestLayout() improperly called by helium314.keyboard.latin.panels.BrowserPanelView{c0bc499 V.E...... ........ 0,0-1440,2040} during second layout pass: posting in next frame
06-02 16:50:59.246  6484  6484 W View    : requestLayout() improperly called by helium314.keyboard.latin.panels.BrowserPanelView{c0bc499 V.E...... ......I. 0,0-1440,2040} during layout: running second layout pass
06-02 16:50:59.252  6484  6484 W View    : requestLayout() improperly called by helium314.keyboard.latin.panels.BrowserPanelView{c0bc499 V.E...... ........ 0,0-1440,2040} during second layout pass: posting in next frame
06-02 16:50:59.261  6484  6484 W View    : requestLayout() improperly called by helium314.keyboard.latin.panels.BrowserPanelView{c0bc499 V.E...... ......I. 0,0-1440,2040} during layout: running second layout pass
06-02 16:50:59.265  6484  6484 W View    : requestLayout() improperly called by helium314.keyboard.latin.panels.BrowserPanelView{c0bc499 V.E...... ........ 0,0-1440,2040} during second layout pass: posting in next frame
06-02 16:50:59.278  6484  6484 W View    : requestLayout() improperly called by helium314.keyboard.latin.panels.BrowserPanelView{c0bc499 V.E...... ......I. 0,0-1440,2040} during layout: running second layout pass
06-02 16:50:59.282  6484  6484 W View    : requestLayout() improperly called by helium314.keyboard.latin.panels.BrowserPanelView{c0bc499 V.E...... ........ 0,0-1440,2040} during second layout pass: posting in next frame
06-02 16:50:59.296  6484  6484 W View    : requestLayout() improperly called by helium314.keyboard.latin.panels.BrowserPanelView{c0bc499 V.E...... ......I. 0,0-1440,2040} during layout: running second layout pass
06-02 16:50:59.300  6484  6484 W View    : requestLayout() improperly called by helium314.keyboard.latin.panels.BrowserPanelView{c0bc499 V.E...... ........ 0,0-1440,2040} during second layout pass: posting in next frame
06-02 16:50:59.311  6484  6484 W View    : requestLayout() improperly called by helium314.keyboard.latin.panels.BrowserPanelView{c0bc499 V.E...... ......I. 0,0-1440,2040} during layout: running second layout pass
06-02 16:50:59.314  6484  6484 W View    : requestLayout() improperly called by helium314.keyboard.latin.panels.BrowserPanelView{c0bc499 V.E...... ........ 0,0-1440,2040} during second layout pass: posting in next frame
06-02 16:50:59.328  6484  6484 W View    : requestLayout() improperly called by helium314.keyboard.latin.panels.BrowserPanelView{c0bc499 V.E...... ......I. 0,0-1440,2040} during layout: running second layout pass
06-02 16:50:59.335  6484  6484 W View    : requestLayout() improperly called by helium314.keyboard.latin.panels.BrowserPanelView{c0bc499 V.E...... ........ 0,0-1440,2040} during second layout pass: posting in next frame
06-02 16:50:59.345  6484  6484 W View    : requestLayout() improperly called by helium314.keyboard.latin.panels.BrowserPanelView{c0bc499 V.E...... ......I. 0,0-1440,2040} during layout: running second layout pass
06-02 16:50:59.348  6484  6484 W View    : requestLayout() improperly called by helium314.keyboard.latin.panels.BrowserPanelView{c0bc499 V.E...... ........ 0,0-1440,2040} during second layout pass: posting in next frame
06-02 16:50:59.361  6484  6484 W View    : requestLayout() improperly called by helium314.keyboard.latin.panels.BrowserPanelView{c0bc499 V.E...... ......I. 0,0-1440,2040} during layout: running second layout pass
06-02 16:50:59.364  6484  6484 W View    : requestLayout() improperly called by helium314.keyboard.latin.panels.BrowserPanelView{c0bc499 V.E...... ........ 0,0-1440,2040} during second layout pass: posting in next frame
