=== VibeKey 4.5.125 (4493) ===

--------- beginning of system
07-21 21:06:39.971 13645 13645 E OplusCustomizeRestrictionManager: sInstance is null, start a new sInstance
07-21 21:07:29.485 13645 14879 E ActivityThread: Failed to find provider info for com.oplus.statistics.provider
07-21 21:07:29.485 13645 14879 E OplusStatistics--: IllegalArgumentException:java.lang.IllegalArgumentException: Unknown URL content://com.oplus.statistics.provider/track_event
07-21 21:08:11.866 13645 14879 E ActivityThread: Failed to find provider info for com.oplus.statistics.provider
07-21 21:08:11.866 13645 14879 E OplusStatistics--: IllegalArgumentException:java.lang.IllegalArgumentException: Unknown URL content://com.oplus.statistics.provider/track_event
07-21 21:08:35.123 13645 14879 E ActivityThread: Failed to find provider info for com.oplus.statistics.provider
07-21 21:08:35.123 13645 14879 E OplusStatistics--: IllegalArgumentException:java.lang.IllegalArgumentException: Unknown URL content://com.oplus.statistics.provider/track_event
07-21 21:08:58.099 13645 14879 E ActivityThread: Failed to find provider info for com.oplus.statistics.provider
07-21 21:08:58.099 13645 14879 E OplusStatistics--: IllegalArgumentException:java.lang.IllegalArgumentException: Unknown URL content://com.oplus.statistics.provider/track_event
--------- beginning of crash
07-21 21:09:17.866 13645 13645 F libc    : Fatal signal 11 (SIGSEGV), code 1 (SEGV_MAPERR), fault addr 0x6b00000052 in tid 13645 (ibekey.keyboard), pid 13645 (ibekey.keyboard)
07-21 21:09:19.633 16772 16772 F DEBUG   : Process name is com.vibekey.keyboard, not key_process
07-21 21:09:19.633 16772 16772 F DEBUG   : keyProcess: 0
07-21 21:09:19.633 16772 16772 F DEBUG   : *** *** *** *** *** *** *** *** *** *** *** *** *** *** *** ***
07-21 21:09:19.633 16772 16772 F DEBUG   : Build fingerprint: 'OnePlus/OnePlus7Pro/OnePlus7Pro:12/SKQ1.211113.001/P.202303230244:user/release-keys'
07-21 21:09:19.633 16772 16772 F DEBUG   : Revision: '0'
07-21 21:09:19.633 16772 16772 F DEBUG   : ABI: 'arm64'
07-21 21:09:19.633 16772 16772 F DEBUG   : Timestamp: 2026-07-21 21:09:18.394518783-0400
07-21 21:09:19.633 16772 16772 F DEBUG   : Process uptime: 0s
07-21 21:09:19.633 16772 16772 F DEBUG   : Cmdline: com.vibekey.keyboard
07-21 21:09:19.633 16772 16772 F DEBUG   : pid: 13645, tid: 13645, name: ibekey.keyboard  >>> com.vibekey.keyboard <<<
07-21 21:09:19.633 16772 16772 F DEBUG   : uid: 14382
07-21 21:09:19.633 16772 16772 F DEBUG   : signal 11 (SIGSEGV), code 1 (SEGV_MAPERR), fault addr 0x6b00000052
07-21 21:09:19.633 16772 16772 F DEBUG   :     x0  0000006f00000069  x1  00000077111abcc8  x2  b4000075c1a37800  x3  000000000381b578
07-21 21:09:19.633 16772 16772 F DEBUG   :     x4  0000007734671f80  x5  000000767f4c2370  x6  0000007fdc644d40  x7  000000000f821a70
07-21 21:09:19.633 16772 16772 F DEBUG   :     x8  0000006b0000006a  x9  3f1da5566404e8ce  x10 0000000000000007  x11 b4000075c1a37800
07-21 21:09:19.633 16772 16772 F DEBUG   :     x12 0000007fdc6438d8  x13 00000077111abcc9  x14 0000000000000005  x15 00000000ebad6a89
07-21 21:09:19.633 16772 16772 F DEBUG   :     x16 00000076666b4cfc  x17 0000007fdc644cb0  x18 0000007734aac000  x19 b4000075c1a37800
07-21 21:09:19.633 16772 16772 F DEBUG   :     x20 0000000000001130  x21 b4000075c1a38930  x22 0000006f00000069  x23 0000006b0000006a
07-21 21:09:19.633 16772 16772 F DEBUG   :     x24 000000767f91dc40  x25 0000007fdc644dc0  x26 b400007689011270  x27 b400007676dde140
07-21 21:09:19.633 16772 16772 F DEBUG   :     x28 0000007fdc644cc0  x29 0000007fdc644c70
07-21 21:09:19.633 16772 16772 F DEBUG   :     lr  000000767f4c23a4  sp  0000007fdc644c70  pc  00000076666b4d5c  pst 0000000080000000
07-21 21:09:19.633 16772 16772 F DEBUG   : backtrace:
07-21 21:09:19.633 16772 16772 F DEBUG   :       #00 pc 00000000000a3d5c  /data/app/~~mqp0Pub35iH7mt-MVw3B4g==/com.vibekey.keyboard-ivLSVBeFXrukzBNZ_7Y9Yw==/lib/arm64/libjni_latinime.so (BuildId: f905dbd1a904967a994cf833116e517b05caa863)
07-21 21:09:19.633 16772 16772 F DEBUG   :       #01 pc 00000000002c23a0  /apex/com.android.art/lib64/libart.so (art_quick_generic_jni_trampoline+144) (BuildId: cecb684d19b4f44ee3cbd66142c315f4)
07-21 21:09:19.633 16772 16772 F DEBUG   :       #02 pc 000000000072b39c  /apex/com.android.art/lib64/libart.so (nterp_helper+780) (BuildId: cecb684d19b4f44ee3cbd66142c315f4)
07-21 21:09:19.633 16772 16772 F DEBUG   :       #03 pc 00000000001aa8ee  /data/app/~~mqp0Pub35iH7mt-MVw3B4g==/com.vibekey.keyboard-ivLSVBeFXrukzBNZ_7Y9Yw==/oat/arm64/base.vdex (com.android.inputmethod.latin.DicTraverseSession.a+38)
07-21 21:09:19.633 16772 16772 F DEBUG   :       #04 pc 000000000072b884  /apex/com.android.art/lib64/libart.so (nterp_helper+2036) (BuildId: cecb684d19b4f44ee3cbd66142c315f4)
07-21 21:09:19.633 16772 16772 F DEBUG   :       #05 pc 00000000001aa47c  /data/app/~~mqp0Pub35iH7mt-MVw3B4g==/com.vibekey.keyboard-ivLSVBeFXrukzBNZ_7Y9Yw==/oat/arm64/base.vdex (com.android.inputmethod.latin.BinaryDictionary.a+84)
07-21 21:09:19.633 16772 16772 F DEBUG   :       #06 pc 000000000072b884  /apex/com.android.art/lib64/libart.so (nterp_helper+2036) (BuildId: cecb684d19b4f44ee3cbd66142c315f4)
07-21 21:09:19.633 16772 16772 F DEBUG   :       #07 pc 000000000034d536  /data/app/~~mqp0Pub35iH7mt-MVw3B4g==/com.vibekey.keyboard-ivLSVBeFXrukzBNZ_7Y9Yw==/oat/arm64/base.vdex (da.n.a+22)
07-21 21:09:19.633 16772 16772 F DEBUG   :       #08 pc 000000000072b884  /apex/com.android.art/lib64/libart.so (nterp_helper+2036) (BuildId: cecb684d19b4f44ee3cbd66142c315f4)
07-21 21:09:19.633 16772 16772 F DEBUG   :       #09 pc 000000000034ace2  /data/app/~~mqp0Pub35iH7mt-MVw3B4g==/com.vibekey.keyboard-ivLSVBeFXrukzBNZ_7Y9Yw==/oat/arm64/base.vdex (da.e.a+34)
07-21 21:09:19.633 16772 16772 F DEBUG   :       #10 pc 000000000072b884  /apex/com.android.art/lib64/libart.so (nterp_helper+2036) (BuildId: cecb684d19b4f44ee3cbd66142c315f4)
07-21 21:09:19.633 16772 16772 F DEBUG   :       #11 pc 0000000000630d38  /data/app/~~mqp0Pub35iH7mt-MVw3B4g==/com.vibekey.keyboard-ivLSVBeFXrukzBNZ_7Y9Yw==/oat/arm64/base.vdex (x9.v.b+152)
07-21 21:09:19.633 16772 16772 F DEBUG   :       #12 pc 000000000072b884  /apex/com.android.art/lib64/libart.so (nterp_helper+2036) (BuildId: cecb684d19b4f44ee3cbd66142c315f4)
07-21 21:09:19.633 16772 16772 F DEBUG   :       #13 pc 0000000000630414  /data/app/~~mqp0Pub35iH7mt-MVw3B4g==/com.vibekey.keyboard-ivLSVBeFXrukzBNZ_7Y9Yw==/oat/arm64/base.vdex (x9.t.z+1316)
07-21 21:09:19.633 16772 16772 F DEBUG   :       #14 pc 000000000072bb98  /apex/com.android.art/lib64/libart.so (nterp_helper+2824) (BuildId: cecb684d19b4f44ee3cbd66142c315f4)
07-21 21:09:19.633 16772 16772 F DEBUG   :       #15 pc 000000000062fe84  /data/app/~~mqp0Pub35iH7mt-MVw3B4g==/com.vibekey.keyboard-ivLSVBeFXrukzBNZ_7Y9Yw==/oat/arm64/base.vdex (x9.t.y+296)
07-21 21:09:19.633 16772 16772 F DEBUG   :       #16 pc 000000000072bb98  /apex/com.android.art/lib64/libart.so (nterp_helper+2824) (BuildId: cecb684d19b4f44ee3cbd66142c315f4)
07-21 21:09:19.633 16772 16772 F DEBUG   :       #17 pc 00000000003cc694  /data/app/~~mqp0Pub35iH7mt-MVw3B4g==/com.vibekey.keyboard-ivLSVBeFXrukzBNZ_7Y9Yw==/oat/arm64/base.vdex (helium314.keyboard.latin.LatinIME.A+56)
07-21 21:09:19.633 16772 16772 F DEBUG   :       #18 pc 000000000072b884  /apex/com.android.art/lib64/libart.so (nterp_helper+2036) (BuildId: cecb684d19b4f44ee3cbd66142c315f4)
07-21 21:09:19.633 16772 16772 F DEBUG   :       #19 pc 00000000003cc8ee  /data/app/~~mqp0Pub35iH7mt-MVw3B4g==/com.vibekey.keyboard-ivLSVBeFXrukzBNZ_7Y9Yw==/oat/arm64/base.vdex (helium314.keyboard.latin.LatinIME.C+314)
07-21 21:09:19.633 16772 16772 F DEBUG   :       #20 pc 000000000072b884  /apex/com.android.art/lib64/libart.so (nterp_helper+2036) (BuildId: cecb684d19b4f44ee3cbd66142c315f4)
07-21 21:09:19.633 16772 16772 F DEBUG   :       #21 pc 0000000000632150  /data/app/~~mqp0Pub35iH7mt-MVw3B4g==/com.vibekey.keyboard-ivLSVBeFXrukzBNZ_7Y9Yw==/oat/arm64/base.vdex (x9.k0.handleMessage+876)
07-21 21:09:19.633 16772 16772 F DEBUG   :       #22 pc 000000000205a630  /memfd:jit-zygote-cache (deleted)
07-21 21:09:21.542 16825 16825 E OplusCustomizeRestrictionManager: sInstance is null, start a new sInstance
--------- beginning of main
07-21 21:10:03.377 17665 17665 E ibekey.keyboar: Unknown bits set in runtime_flags: 0x40000000
07-21 21:10:03.715 17665 17665 W l0      : Could not load system glide typing library jni_latinimegoogle: dlopen failed: library "libjni_latinimegoogle.so" not found
07-21 21:10:03.746 17665 17700 W FeatureFlagsImplExport: java.lang.NoClassDefFoundError: Class not found using the boot class loader; no stack trace available
07-21 21:10:03.797 17712 17712 E oard:llm_engin: Unknown bits set in runtime_flags: 0x40000000
07-21 21:10:03.923 17665 17665 I VkNgram : registered lang=en source=bundled
07-21 21:10:04.190 17665 17665 W c       : onSharedPreferenceChanged called before loadSettings.
07-21 21:10:04.272 17665 17665 W c       : onSharedPreferenceChanged called before loadSettings.
07-21 21:10:04.346 17665 17665 W c       : onSharedPreferenceChanged called before loadSettings.
07-21 21:10:04.349 17665 17665 W y       : No editor info for this field. Bug?
07-21 21:10:04.368 17665 17665 I VkMultilingual: reset main=pt-BR locales=[pt] count=1
07-21 21:10:04.388 17665 17689 I VkLocaleAssets: ▶ startup download begin
07-21 21:10:04.391 17665 17689 I VkNgram : registered lang=en source=bundled
07-21 21:10:04.402 17665 17689 I VkLocaleAssets: ▶ batch source=startup count=5 [pt-BR,en-AU,es,fr,hi]
07-21 21:10:04.413 17665 17689 I VkLocaleAssets: preload predictors pt-BR
07-21 21:10:04.414 17665 17689 I VkLocaleAssets: ○ ready pt-BR (cached)
07-21 21:10:04.422 17665 17689 I VkLocaleAssets: preload predictors en-AU
07-21 21:10:04.423 17665 17689 I VkLocaleAssets: ○ ready en-AU (cached)
07-21 21:10:04.431 17665 17689 I VkLocaleAssets: preload predictors es
07-21 21:10:04.431 17665 17689 I VkLocaleAssets: ○ ready es (cached)
07-21 21:10:04.459 17665 17689 I VkLocaleAssets: preload predictors fr
07-21 21:10:04.460 17665 17689 I VkLocaleAssets: ○ ready fr (cached)
07-21 21:10:04.467 17665 17689 I VkLocaleAssets: preload predictors hi
07-21 21:10:04.471 17665 17665 E ibekey.keyboar: ofbOpen failed with error=No such file or directory
07-21 21:10:04.471 17665 17665 E ibekey.keyboar: sysOpen failed with error=No such file or directory
07-21 21:10:04.475 17665 17689 I VkLocaleAssets: ○ ready hi (cached)
07-21 21:10:04.476 17665 17689 I VkLocaleAssets: ✓ batch source=startup locales=5 fetched=0
07-21 21:10:04.476 17665 17689 I VkLocaleAssets: ✓ startup done locales=5 retries=0
07-21 21:10:04.508 17665 17665 I VkSwipe : ○ gesture canceled
07-21 21:10:04.511 17665 17665 E OplusCustomizeRestrictionManager: sInstance is null, start a new sInstance
07-21 21:10:04.530 17665 17665 I VkEffects: reload anim=ripple blur=0px glow=true stickers=true
07-21 21:10:04.592 17665 17689 I VkVibeCards: loaded 1 cards (disk)
07-21 21:10:04.634 17665 17665 I VkTyping: ▶ open restart=false pkg=com.android.launcher inputType=589825
07-21 21:10:04.659 17665 17665 I VkPanels: ○ close menu
07-21 21:10:04.692 17665 17665 W VkStall : MAIN-THREAD STALL 186ms during: >>>>> Dispatching to Handler (com.android.internal.os.HandlerCaller$MyHandler) {8dc3412} null: 60
07-21 21:10:04.709 17665 17665 W View    : requestLayout() improperly called by android.widget.LinearLayout{60faf4 V.E...... ......ID 0,1868-1440,2818 #7f0a00fc app:id/main_keyboard_frame} during layout: running second layout pass
07-21 21:10:04.782 17665 17665 I VkStripPipeline: setSuggestions composing size=0 style=0 token=-1 gen=-1
07-21 21:10:04.784 17665 17665 I VkSuggestions: stripUi prediction=false children=1 [bom]
07-21 21:10:04.784 17665 17665 I VkStripPipeline: slotBind composing children=1 [bom]
07-21 21:10:04.931 17665 17767 I VkNgram : model ready locale=pt-BR gen=1 516ms
07-21 21:10:04.997 17665 17768 I VkNgram : model ready locale=en-AU gen=1 569ms
07-21 21:10:05.040 17665 17707 I VkNgram : merge locale=pt prev= preds=8 contextual=0 assets=true
07-21 21:10:05.041 17665 17707 I VkSuggestions: strip prediction typedLen=0 candidates=3 autocorrect=false top=o locale=pt token=2 gen=0
07-21 21:10:05.043 17665 17665 I VkStripPipeline: setSuggestions prediction size=3 style=7 token=2 gen=0
07-21 21:10:05.044 17665 17665 I VkSuggestions: stripUi prediction=true children=5 [a|o|em]
07-21 21:10:05.045 17665 17665 I VkStripPipeline: slotBind prediction children=5 [a|o|em]
07-21 21:10:05.647 17665 17665 W VkStall : MAIN-THREAD STALL 404ms during: >>>>> Dispatching to Handler (android.view.ViewRootImpl$ViewRootHandler) {73c487d} null: 32
07-21 21:10:05.725 17665 17768 I VkNgram : model ready locale=es gen=1 728ms
07-21 21:10:06.009 17712 17712 W DefaultDispatch: type=1400 audit(0.0:247459): avc: denied { read } for name="/" dev="dm-0" ino=2 scontext=u:r:untrusted_app:s0:c30,c273,c512,c768 tcontext=u:object_r:rootfs:s0 tclass=dir permissive=0 app=com.vibekey.keyboard
07-21 21:10:06.009 17712 17712 W DefaultDispatch: type=1400 audit(0.0:247460): avc: denied { read } for name="/" dev="dm-0" ino=2 scontext=u:r:untrusted_app:s0:c30,c273,c512,c768 tcontext=u:object_r:rootfs:s0 tclass=dir permissive=0 app=com.vibekey.keyboard
07-21 21:10:06.009 17712 17712 W DefaultDispatch: type=1400 audit(0.0:247461): avc: denied { read } for name="/" dev="dm-0" ino=2 scontext=u:r:untrusted_app:s0:c30,c273,c512,c768 tcontext=u:object_r:rootfs:s0 tclass=dir permissive=0 app=com.vibekey.keyboard
07-21 21:10:06.009 17712 17712 W DefaultDispatch: type=1400 audit(0.0:247462): avc: denied { read } for name="/" dev="dm-0" ino=2 scontext=u:r:untrusted_app:s0:c30,c273,c512,c768 tcontext=u:object_r:rootfs:s0 tclass=dir permissive=0 app=com.vibekey.keyboard
07-21 21:10:06.009 17712 17712 W DefaultDispatch: type=1400 audit(0.0:247463): avc: denied { read } for name="/" dev="dm-0" ino=2 scontext=u:r:untrusted_app:s0:c30,c273,c512,c768 tcontext=u:object_r:rootfs:s0 tclass=dir permissive=0 app=com.vibekey.keyboard
07-21 21:10:06.009 17712 17712 W DefaultDispatch: type=1400 audit(0.0:247464): avc: denied { read } for name="/" dev="dm-0" ino=2 scontext=u:r:untrusted_app:s0:c30,c273,c512,c768 tcontext=u:object_r:rootfs:s0 tclass=dir permissive=0 app=com.vibekey.keyboard
07-21 21:10:06.109 17665 17768 I VkNgram : model ready locale=fr gen=1 384ms
07-21 21:10:06.237 17665 17768 I VkNgram : model ready locale=hi gen=1 128ms
07-21 21:10:07.037 17712 17751 I OnDeviceAssist: warm ok model=qwen2.5-0.5b-instruct-q4_0.gguf ambient=0 chars 1047ms
07-21 21:10:07.865 17665 17707 W VibeKeyProfiler: Slow Native Suggest: Total=13.34ms | Init=0.01ms | TrieExpand(x14)=13.28ms | Scoring=0.05ms | inputSize=1
07-21 21:10:07.866 17665 17707 I VkSuggestions: decode typedLen=1 candidates=18 locales=1 18,9ms
07-21 21:10:07.867 17665 17707 W VkSuggestions: slow frame 18,9ms locales=1 typedLen=1 candidates=18
07-21 21:10:07.877 17665 17707 I VkSuggestions: strip composing typedLen=1 candidates=18 autocorrect=false top=b locale=pt token=3 gen=0
07-21 21:10:07.879 17665 17665 I VkStripPipeline: setSuggestions composing size=18 style=1 token=3 gen=0 typed=b
07-21 21:10:07.893 17665 17665 I VkSuggestions: stripUi prediction=false children=5 [b|🅱️|bem]
07-21 21:10:07.893 17665 17665 I VkStripPipeline: slotBind composing children=5 [b|🅱️|bem]
07-21 21:10:08.073 17665 17707 I VkSuggestions: decode typedLen=2 candidates=18 locales=1 7,8ms
07-21 21:10:08.081 17665 17707 I VkSuggestions: strip composing typedLen=2 candidates=19 autocorrect=false top=bo locale=pt token=4 gen=0
07-21 21:10:08.082 17665 17665 I VkStripPipeline: setSuggestions composing size=19 style=1 token=4 gen=0 typed=bo
07-21 21:10:08.096 17665 17665 I VkSuggestions: stripUi prediction=false children=5 [bo|🇧🇴|no]
07-21 21:10:08.096 17665 17665 I VkStripPipeline: slotBind composing children=5 [bo|🇧🇴|no]
07-21 21:10:08.300 17665 17707 W VibeKeyProfiler: Slow Native Suggest: Total=18.44ms | Init=0.24ms | TrieExpand(x18)=18.07ms | Scoring=0.13ms | inputSize=3
07-21 21:10:08.310 17665 17707 W VibeKeyProfiler: Slow Native Suggest: Total=9.36ms | Init=0.18ms | TrieExpand(x19)=9.12ms | Scoring=0.06ms | inputSize=3
07-21 21:10:08.312 17665 17707 I VkSuggestions: decode typedLen=3 candidates=18 locales=1 32,1ms
07-21 21:10:08.312 17665 17707 W VkSuggestions: slow frame 32,1ms locales=1 typedLen=3 candidates=18
07-21 21:10:08.317 17665 17707 I VkSuggestions: strip composing typedLen=3 candidates=16 autocorrect=false top=bom locale=pt token=5 gen=0
07-21 21:10:08.318 17665 17665 I VkStripPipeline: setSuggestions composing size=16 style=1 token=5 gen=0 typed=bom
07-21 21:10:08.325 17665 17665 I VkSuggestions: stripUi prediction=false children=5 [bom|👏|🦸]
07-21 21:10:08.326 17665 17665 I VkStripPipeline: slotBind composing children=5 [bom|👏|🦸]
07-21 21:10:08.767 17665 17665 I VkAutocorrect: picked: bom
07-21 21:10:08.881 17665 17707 I VkNgram : contextual locale=pt prev=bom → dia, trabalho, noite
07-21 21:10:08.882 17665 17707 I VkNgram : merge locale=pt prev=bom preds=8 contextual=5 assets=true
07-21 21:10:08.885 17665 17707 I VkSuggestions: strip prediction typedLen=0 candidates=3 autocorrect=false top=trabalho locale=pt token=5 gen=1
07-21 21:10:08.886 17665 17665 I VkStripPipeline: setSuggestions prediction size=3 style=6 token=5 gen=1
07-21 21:10:08.898 17665 17665 I VkSuggestions: stripUi prediction=true children=5 [momento|trabalho|desempenho]
07-21 21:10:08.899 17665 17665 I VkStripPipeline: slotBind prediction children=5 [momento|trabalho|desempenho]
07-21 21:10:09.821 17665 17707 I VkSuggestions: decode typedLen=1 candidates=18 locales=1 9,0ms
07-21 21:10:09.826 17665 17707 I VkSuggestions: strip composing typedLen=1 candidates=17 autocorrect=false top=v locale=pt token=7 gen=1
07-21 21:10:09.826 17665 17665 I VkStripPipeline: setSuggestions composing size=17 style=1 token=7 gen=1 typed=v
07-21 21:10:09.831 17665 17665 I VkSuggestions: stripUi prediction=false children=5 [v|✌️|vez]
07-21 21:10:09.831 17665 17665 I VkStripPipeline: slotBind composing children=5 [v|✌️|vez]
07-21 21:10:09.950 17665 17707 W VibeKeyProfiler: Slow Native Suggest: Total=13.06ms | Init=0.05ms | TrieExpand(x18)=12.95ms | Scoring=0.05ms | inputSize=2
07-21 21:10:09.959 17665 17707 W VibeKeyProfiler: Slow Native Suggest: Total=8.03ms | Init=0.09ms | TrieExpand(x15)=7.92ms | Scoring=0.02ms | inputSize=2
07-21 21:10:09.960 17665 17707 I VkSuggestions: decode typedLen=2 candidates=18 locales=1 22,7ms
07-21 21:10:09.960 17665 17707 W VkSuggestions: slow frame 22,7ms locales=1 typedLen=2 candidates=18
07-21 21:10:09.977 17665 17707 I VkAutocorrect: will correct: vo → vó
07-21 21:10:09.977 17665 17707 I VkSuggestions: strip composing typedLen=2 candidates=18 autocorrect=true top=vo locale=pt token=7 gen=1
07-21 21:10:09.983 17665 17665 I VkStripPipeline: setSuggestions composing size=18 style=1 token=7 gen=1 typed=vo
07-21 21:10:09.990 17665 17665 I VkSuggestions: stripUi prediction=false children=5 [vo|vó|vô]
07-21 21:10:09.991 17665 17665 I VkStripPipeline: slotBind composing children=5 [vo|vó|vô]
07-21 21:10:11.230 17665 17707 W VibeKeyProfiler: Slow Native Suggest: Total=11.64ms | Init=0.36ms | TrieExpand(x15)=11.24ms | Scoring=0.04ms | inputSize=3
07-21 21:10:11.239 17665 17707 I VkSuggestions: decode typedLen=3 candidates=18 locales=1 21,1ms
07-21 21:10:11.239 17665 17707 W VkSuggestions: slow frame 21,1ms locales=1 typedLen=3 candidates=18
07-21 21:10:11.242 17665 17707 I VkSuggestions: strip composing typedLen=3 candidates=18 autocorrect=false top=voi locale=pt token=8 gen=1
07-21 21:10:11.245 17665 17665 I VkStripPipeline: setSuggestions composing size=18 style=1 token=8 gen=1 typed=voi
07-21 21:10:11.253 17665 17665 I VkSuggestions: stripUi prediction=false children=5 [voi|foi|voo]
07-21 21:10:11.254 17665 17665 I VkStripPipeline: slotBind composing children=5 [voi|foi|voo]
07-21 21:10:12.974 17665 17707 W VibeKeyProfiler: Slow Native Suggest: Total=12.68ms | Init=0.31ms | TrieExpand(x18)=12.32ms | Scoring=0.04ms | inputSize=2
07-21 21:10:12.983 17665 17707 W VibeKeyProfiler: Slow Native Suggest: Total=8.02ms | Init=0.10ms | TrieExpand(x15)=7.89ms | Scoring=0.03ms | inputSize=2
07-21 21:10:12.984 17665 17707 I VkSuggestions: decode typedLen=2 candidates=18 locales=1 22,6ms
07-21 21:10:12.984 17665 17707 W VkSuggestions: slow frame 22,6ms locales=1 typedLen=2 candidates=18
07-21 21:10:12.988 17665 17707 I VkAutocorrect: will correct: vo → vó
07-21 21:10:12.989 17665 17707 I VkSuggestions: strip composing typedLen=2 candidates=18 autocorrect=true top=vo locale=pt token=9 gen=1
07-21 21:10:12.994 17665 17665 I VkStripPipeline: setSuggestions composing size=18 style=1 token=9 gen=1 typed=vo
07-21 21:10:13.007 17665 17665 I VkSuggestions: stripUi prediction=false children=5 [vo|vó|vô]
07-21 21:10:13.007 17665 17665 I VkStripPipeline: slotBind composing children=5 [vo|vó|vô]
07-21 21:10:14.277 17665 17707 W VibeKeyProfiler: Slow Native Suggest: Total=11.07ms | Init=0.29ms | TrieExpand(x14)=10.73ms | Scoring=0.05ms | inputSize=3
07-21 21:10:14.286 17665 17707 W VibeKeyProfiler: Slow Native Suggest: Total=8.00ms | Init=0.24ms | TrieExpand(x17)=7.72ms | Scoring=0.04ms | inputSize=3
07-21 21:10:14.287 17665 17707 I VkSuggestions: decode typedLen=3 candidates=18 locales=1 21,5ms
07-21 21:10:14.287 17665 17707 W VkSuggestions: slow frame 21,5ms locales=1 typedLen=3 candidates=18
07-21 21:10:14.293 17665 17707 I VkAutocorrect: will correct: voc → vocalista
07-21 21:10:14.294 17665 17707 I VkSuggestions: strip composing typedLen=3 candidates=18 autocorrect=true top=voc locale=pt token=10 gen=1
07-21 21:10:14.295 17665 17665 I VkStripPipeline: setSuggestions composing size=18 style=1 token=10 gen=1 typed=voc
07-21 21:10:14.305 17665 17665 I VkSuggestions: stripUi prediction=false children=5 [voc|vocalista|vocal]
07-21 21:10:14.306 17665 17665 I VkStripPipeline: slotBind composing children=5 [voc|vocalista|vocal]
07-21 21:10:15.662 17665 17707 W VibeKeyProfiler: Slow Native Suggest: Total=10.51ms | Init=0.54ms | TrieExpand(x11)=9.93ms | Scoring=0.04ms | inputSize=4
07-21 21:10:15.673 17665 17707 W VibeKeyProfiler: Slow Native Suggest: Total=10.60ms | Init=0.16ms | TrieExpand(x17)=10.40ms | Scoring=0.04ms | inputSize=4
07-21 21:10:15.674 17665 17707 I VkSuggestions: decode typedLen=4 candidates=18 locales=1 23,1ms
07-21 21:10:15.674 17665 17707 W VkSuggestions: slow frame 23,1ms locales=1 typedLen=4 candidates=18
07-21 21:10:15.679 17665 17707 I VkAutocorrect: will correct: voce → 🥰
07-21 21:10:15.680 17665 17707 I VkSuggestions: strip composing typedLen=4 candidates=18 autocorrect=true top=voce locale=pt token=11 gen=1
07-21 21:10:15.681 17665 17665 I VkStripPipeline: setSuggestions composing size=18 style=1 token=11 gen=1 typed=voce
07-21 21:10:15.687 17665 17665 I VkSuggestions: stripUi prediction=false children=5 [voce|🥰|vice]
07-21 21:10:15.688 17665 17665 I VkStripPipeline: slotBind composing children=5 [voce|🥰|vice]
07-21 21:10:17.198 17665 17665 I VkStripPipeline: setSuggestions composing size=6 style=5 token=12 gen=1 typed=bom
07-21 21:10:17.206 17665 17665 I VkSuggestions: stripUi prediction=false children=5 [bom|👏|🦸]
07-21 21:10:17.207 17665 17665 I VkStripPipeline: slotBind composing children=5 [bom|👏|🦸]
07-21 21:10:17.503 17665 17707 I VkNgram : merge locale=pt prev= preds=8 contextual=0 assets=true
07-21 21:10:17.504 17665 17707 I VkSuggestions: strip prediction typedLen=0 candidates=3 autocorrect=false top=a locale=pt token=12 gen=1
07-21 21:10:17.508 17665 17665 I VkStripPipeline: setSuggestions prediction size=3 style=7 token=12 gen=1
07-21 21:10:17.517 17665 17665 I VkSuggestions: stripUi prediction=true children=5 [o|a|em]
07-21 21:10:17.518 17665 17665 I VkStripPipeline: slotBind prediction children=5 [o|a|em]
07-21 21:10:18.903 17665 17707 I VkSuggestions: decode typedLen=1 candidates=18 locales=1 8,4ms
07-21 21:10:18.904 17665 17707 I VkSuggestions: strip composing typedLen=1 candidates=17 autocorrect=false top=v locale=pt token=14 gen=1
07-21 21:10:18.905 17665 17665 I VkStripPipeline: setSuggestions composing size=17 style=1 token=14 gen=1 typed=v
07-21 21:10:18.908 17665 17665 I VkSuggestions: stripUi prediction=false children=5 [v|✌️|vez]
07-21 21:10:18.909 17665 17665 I VkStripPipeline: slotBind composing children=5 [v|✌️|vez]
07-21 21:10:19.071 17665 17707 I VkSuggestions: decode typedLen=2 candidates=18 locales=1 12,2ms
07-21 21:10:19.074 17665 17707 I VkAutocorrect: will correct: vo → vó
07-21 21:10:19.075 17665 17707 I VkSuggestions: strip composing typedLen=2 candidates=18 autocorrect=true top=vo locale=pt token=14 gen=1
07-21 21:10:19.080 17665 17665 I VkStripPipeline: setSuggestions composing size=18 style=1 token=14 gen=1 typed=vo
07-21 21:10:19.088 17665 17665 I VkSuggestions: stripUi prediction=false children=5 [vo|vó|vô]
07-21 21:10:19.088 17665 17665 I VkStripPipeline: slotBind composing children=5 [vo|vó|vô]
07-21 21:10:19.336 17665 17707 I VkSuggestions: decode typedLen=3 candidates=18 locales=1 12,1ms
07-21 21:10:19.338 17665 17707 I VkAutocorrect: will correct: voc → vocalista
07-21 21:10:19.339 17665 17707 I VkSuggestions: strip composing typedLen=3 candidates=18 autocorrect=true top=voc locale=pt token=15 gen=1
07-21 21:10:19.339 17665 17665 I VkStripPipeline: setSuggestions composing size=18 style=1 token=15 gen=1 typed=voc
07-21 21:10:19.343 17665 17665 I VkSuggestions: stripUi prediction=false children=5 [voc|vocalista|vocal]
07-21 21:10:19.344 17665 17665 I VkStripPipeline: slotBind composing children=5 [voc|vocalista|vocal]
07-21 21:10:21.792 17665 17707 W VibeKeyProfiler: Slow Native Suggest: Total=12.02ms | Init=0.26ms | TrieExpand(x15)=11.72ms | Scoring=0.04ms | inputSize=4
07-21 21:10:21.800 17665 17707 I VkSuggestions: decode typedLen=4 candidates=18 locales=1 21,2ms
07-21 21:10:21.801 17665 17707 W VkSuggestions: slow frame 21,2ms locales=1 typedLen=4 candidates=18
07-21 21:10:21.805 17665 17707 I VkAutocorrect: will correct: voce → 🥰
07-21 21:10:21.805 17665 17707 I VkSuggestions: strip composing typedLen=4 candidates=18 autocorrect=true top=voce locale=pt token=16 gen=1
07-21 21:10:21.806 17665 17665 I VkStripPipeline: setSuggestions composing size=18 style=1 token=16 gen=1 typed=voce
07-21 21:10:21.811 17665 17665 I VkSuggestions: stripUi prediction=false children=5 [voce|🥰|vice]
07-21 21:10:21.812 17665 17665 I VkStripPipeline: slotBind composing children=5 [voce|🥰|vice]
07-21 21:10:22.870 17665 17665 I VkAutocorrect: committed (typing): voce → 🥰
07-21 21:10:22.974 17665 17707 I VkNgram : merge locale=pt prev=🥰 preds=8 contextual=0 assets=true
07-21 21:10:22.978 17665 17707 I VkSuggestions: strip prediction typedLen=0 candidates=3 autocorrect=false top=a locale=pt token=17 gen=2
07-21 21:10:22.982 17665 17665 I VkStripPipeline: setSuggestions prediction size=3 style=6 token=17 gen=2
07-21 21:10:22.989 17665 17665 I VkSuggestions: stripUi prediction=true children=5 [o|a|em]
07-21 21:10:22.990 17665 17665 I VkStripPipeline: slotBind prediction children=5 [o|a|em]
07-21 21:10:24.406 17665 17665 I VkStripPipeline: langSwitch main=pt-BR token=19 gen=3
07-21 21:10:24.409 17665 17665 I VkStripPipeline: setSuggestions composing size=0 style=0 token=-1 gen=-1
07-21 21:10:24.412 17665 17665 I VkSuggestions: stripUi prediction=false children=1 [bom]
07-21 21:10:24.412 17665 17665 I VkStripPipeline: slotBind composing children=1 [bom]
07-21 21:10:24.421 17665 17665 I VkPanels: ○ close menu
07-21 21:10:24.455 17665 17665 I VkMultilingual: reset main=en-AU locales=[en] count=1
07-21 21:10:25.962 17665 17665 I VkStripPipeline: langSwitch main=en-AU token=22 gen=4
07-21 21:10:25.977 17665 17665 I VkPanels: ○ close menu
07-21 21:10:25.995 17665 17665 I VkMultilingual: reset main=es locales=[es] count=1
07-21 21:10:28.220 17665 17707 W VibeKeyProfiler: Slow Native Suggest: Total=12.27ms | Init=0.02ms | TrieExpand(x13)=12.18ms | Scoring=0.06ms | inputSize=1
07-21 21:10:28.230 17665 17707 W VibeKeyProfiler: Slow Native Suggest: Total=9.08ms | Init=0.02ms | TrieExpand(x15)=9.03ms | Scoring=0.02ms | inputSize=1
07-21 21:10:28.231 17665 17707 I VkSuggestions: decode typedLen=1 candidates=18 locales=1 25,4ms
07-21 21:10:28.232 17665 17707 W VkSuggestions: slow frame 25,4ms locales=1 typedLen=1 candidates=18
07-21 21:10:28.235 17665 17707 I VkSuggestions: strip composing typedLen=1 candidates=19 autocorrect=false top=h locale=es token=24 gen=4
07-21 21:10:28.235 17665 17665 I VkStripPipeline: setSuggestions composing size=19 style=1 token=24 gen=4 typed=h
07-21 21:10:28.239 17665 17665 I VkSuggestions: stripUi prediction=false children=5 [h|y|ha]
07-21 21:10:28.240 17665 17665 I VkStripPipeline: slotBind composing children=5 [h|y|ha]
07-21 21:10:28.449 17665 17707 W VibeKeyProfiler: Slow Native Suggest: Total=8.48ms | Init=0.07ms | TrieExpand(x17)=8.36ms | Scoring=0.05ms | inputSize=2
07-21 21:10:28.450 17665 17707 I VkSuggestions: decode typedLen=2 candidates=18 locales=1 18,0ms
07-21 21:10:28.451 17665 17707 W VkSuggestions: slow frame 18,0ms locales=1 typedLen=2 candidates=18
07-21 21:10:28.456 17665 17707 I VkSuggestions: strip composing typedLen=2 candidates=19 autocorrect=false top=ho locale=es token=25 gen=4
07-21 21:10:28.457 17665 17665 I VkStripPipeline: setSuggestions composing size=19 style=1 token=25 gen=4 typed=ho
07-21 21:10:28.461 17665 17665 I VkSuggestions: stripUi prediction=false children=5 [ho|no|hoy]
07-21 21:10:28.461 17665 17665 I VkStripPipeline: slotBind composing children=5 [ho|no|hoy]
07-21 21:10:28.667 17665 17707 W VibeKeyProfiler: Slow Native Suggest: Total=10.60ms | Init=0.12ms | TrieExpand(x14)=10.42ms | Scoring=0.06ms | inputSize=3
07-21 21:10:28.676 17665 17707 I VkSuggestions: decode typedLen=3 candidates=18 locales=1 20,5ms
07-21 21:10:28.677 17665 17707 W VkSuggestions: slow frame 20,5ms locales=1 typedLen=3 candidates=18
07-21 21:10:28.680 17665 17707 I VkSuggestions: strip composing typedLen=3 candidates=19 autocorrect=false top=hol locale=es token=26 gen=4
07-21 21:10:28.681 17665 17665 I VkStripPipeline: setSuggestions composing size=19 style=1 token=26 gen=4 typed=hol
07-21 21:10:28.689 17665 17665 I VkSuggestions: stripUi prediction=false children=5 [hol|holandés|Holanda]
07-21 21:10:28.689 17665 17665 I VkStripPipeline: slotBind composing children=5 [hol|holandés|Holanda]
07-21 21:10:29.378 17665 17707 I VkSuggestions: decode typedLen=4 candidates=18 locales=1 7,6ms
07-21 21:10:29.381 17665 17707 I VkAutocorrect: will correct: hols → hola
07-21 21:10:29.381 17665 17707 I VkSuggestions: strip composing typedLen=4 candidates=19 autocorrect=true top=hols locale=es token=27 gen=4
07-21 21:10:29.384 17665 17665 I VkStripPipeline: setSuggestions composing size=19 style=1 token=27 gen=4 typed=hols
07-21 21:10:29.389 17665 17665 I VkSuggestions: stripUi prediction=false children=5 [hols|hola|👋]
07-21 21:10:29.389 17665 17665 I VkStripPipeline: slotBind composing children=5 [hols|hola|👋]
07-21 21:10:29.821 17665 17665 I VkAutocorrect: picked: hols
07-21 21:10:29.926 17665 17707 I VkSuggestions: strip prediction typedLen=0 candidates=3 autocorrect=false top=que locale=es token=27 gen=5
07-21 21:10:29.926 17665 17665 I VkStripPipeline: setSuggestions prediction size=3 style=6 token=27 gen=5
07-21 21:10:29.930 17665 17665 I VkSuggestions: stripUi prediction=true children=5 [ciudad|que|gobierno]
07-21 21:10:29.931 17665 17665 I VkStripPipeline: slotBind prediction children=5 [ciudad|que|gobierno]
07-21 21:10:30.409 17665 17707 I VkSuggestions: decode typedLen=3 candidates=18 locales=1 8,7ms
07-21 21:10:30.411 17665 17707 I VkSuggestions: strip composing typedLen=3 candidates=19 autocorrect=false top=hol locale=es token=28 gen=5
07-21 21:10:30.411 17665 17665 I VkStripPipeline: setSuggestions composing size=19 style=1 token=28 gen=5 typed=hol
07-21 21:10:30.414 17665 17665 I VkSuggestions: stripUi prediction=false children=5 [hol|gol|holandés]
07-21 21:10:30.414 17665 17665 I VkStripPipeline: slotBind composing children=5 [hol|gol|holandés]
07-21 21:10:31.720 17665 17665 I VkEffects: reload anim=scale blur=0px glow=false stickers=true
07-21 21:10:31.838 17665 17665 W VkStall : MAIN-THREAD STALL 131ms during: >>>>> Dispatching to Handler (android.os.Handler) {d990e23} ia.u@7a6d5d0: 0
07-21 21:10:32.170 17665 17707 I VkSuggestions: decode typedLen=4 candidates=18 locales=1 9,3ms
07-21 21:10:32.172 17665 17707 I VkSuggestions: strip composing typedLen=4 candidates=14 autocorrect=false top=hola locale=es token=29 gen=5
07-21 21:10:32.173 17665 17665 I VkStripPipeline: setSuggestions composing size=14 style=1 token=29 gen=5 typed=hola
07-21 21:10:32.181 17665 17665 I VkSuggestions: stripUi prediction=false children=5 [hola|👋|🫂]
07-21 21:10:32.181 17665 17665 I VkStripPipeline: slotBind composing children=5 [hola|👋|🫂]
07-21 21:10:32.776 17665 17665 I VkAutocorrect: picked: hola
07-21 21:10:32.881 17665 17707 I VkNgram : contextual locale=es prev=hola → cómo, como, qué
07-21 21:10:32.881 17665 17707 I VkNgram : merge locale=es prev=hola preds=8 contextual=5 assets=true
07-21 21:10:32.883 17665 17707 I VkSuggestions: strip prediction typedLen=0 candidates=3 autocorrect=false top=cómo locale=es token=29 gen=6
07-21 21:10:32.883 17665 17665 I VkStripPipeline: setSuggestions prediction size=3 style=6 token=29 gen=6
07-21 21:10:32.891 17665 17665 I VkSuggestions: stripUi prediction=true children=5 [soy|cómo|qué]
07-21 21:10:32.891 17665 17665 I VkStripPipeline: slotBind prediction children=5 [soy|cómo|qué]
07-21 21:10:33.725 17665 17665 I VkAutocorrect: picked: cómo
07-21 21:10:33.830 17665 17707 I VkNgram : merge locale=es prev=cómo preds=8 contextual=0 assets=true
07-21 21:10:33.832 17665 17707 I VkSuggestions: strip prediction typedLen=0 candidates=3 autocorrect=false top=se locale=es token=29 gen=7
07-21 21:10:33.834 17665 17665 I VkStripPipeline: setSuggestions prediction size=3 style=6 token=29 gen=7
07-21 21:10:33.841 17665 17665 I VkSuggestions: stripUi prediction=true children=5 [el|se|la]
07-21 21:10:33.842 17665 17665 I VkStripPipeline: slotBind prediction children=5 [el|se|la]
07-21 21:10:34.460 17665 17665 I VkStripPipeline: langSwitch main=es token=31 gen=8
07-21 21:10:34.463 17665 17665 I VkStripPipeline: setSuggestions composing size=0 style=0 token=-1 gen=-1
07-21 21:10:34.466 17665 17665 I VkSuggestions: stripUi prediction=false children=1 [bom]
07-21 21:10:34.467 17665 17665 I VkStripPipeline: slotBind composing children=1 [bom]
07-21 21:10:34.476 17665 17665 I VkPanels: ○ close menu
07-21 21:10:34.509 17665 17665 I VkMultilingual: reset main=fr locales=[fr] count=1
07-21 21:10:36.576 17665 17707 I VkSuggestions: strip prediction typedLen=0 candidates=3 autocorrect=false top=président locale=fr token=33 gen=8
07-21 21:10:36.578 17665 17665 I VkStripPipeline: setSuggestions prediction size=3 style=6 token=33 gen=8
07-21 21:10:36.587 17665 17665 I VkSuggestions: stripUi prediction=true children=5 [première|président|premier]
07-21 21:10:36.588 17665 17665 I VkStripPipeline: slotBind prediction children=5 [première|président|premier]
07-21 21:10:36.874 17665 17707 I VkSuggestions: strip prediction typedLen=0 candidates=3 autocorrect=false top=président locale=fr token=34 gen=8
07-21 21:10:36.876 17665 17665 I VkStripPipeline: setSuggestions prediction size=3 style=6 token=34 gen=8
07-21 21:10:38.355 17665 17707 I VkSuggestions: strip prediction typedLen=0 candidates=3 autocorrect=false top=premier locale=fr token=35 gen=8
07-21 21:10:38.355 17665 17665 I VkStripPipeline: setSuggestions prediction size=3 style=6 token=35 gen=8
07-21 21:10:38.359 17665 17665 I VkSuggestions: stripUi prediction=true children=5 [ville|premier|première]
07-21 21:10:38.359 17665 17665 I VkStripPipeline: slotBind prediction children=5 [ville|premier|première]
07-21 21:10:40.695 17665 17665 I VkTyping: ▶ open restart=true pkg=com.android.launcher inputType=589825
07-21 21:10:41.559 17712 17828 I OnDeviceAssist: warm ok model=qwen2.5-0.5b-instruct-q4_0.gguf ambient=40 chars 0ms
07-21 21:10:42.090 17665 17707 W VibeKeyProfiler: Slow Native Suggest: Total=13.82ms | Init=0.03ms | TrieExpand(x17)=13.74ms | Scoring=0.05ms | inputSize=1
07-21 21:10:42.101 17665 17707 W VibeKeyProfiler: Slow Native Suggest: Total=10.75ms | Init=0.02ms | TrieExpand(x28)=10.69ms | Scoring=0.04ms | inputSize=1
07-21 21:10:42.102 17665 17707 I VkSuggestions: decode typedLen=1 candidates=18 locales=1 27,2ms
07-21 21:10:42.103 17665 17707 W VkSuggestions: slow frame 27,2ms locales=1 typedLen=1 candidates=18
07-21 21:10:42.105 17665 17707 I VkSuggestions: strip composing typedLen=1 candidates=19 autocorrect=false top=f locale=fr token=36 gen=8
07-21 21:10:42.106 17665 17665 I VkStripPipeline: setSuggestions composing size=19 style=1 token=36 gen=8 typed=f
07-21 21:10:42.112 17665 17665 I VkSuggestions: stripUi prediction=false children=5 [f|fut|fait]
07-21 21:10:42.112 17665 17665 I VkStripPipeline: slotBind composing children=5 [f|fut|fait]
07-21 21:10:42.267 17665 17665 I VkEffects: reload anim=ripple blur=0px glow=true stickers=true
07-21 21:10:42.421 17665 17707 W VibeKeyProfiler: Slow Native Suggest: Total=10.15ms | Init=0.13ms | TrieExpand(x25)=9.97ms | Scoring=0.04ms | inputSize=2
07-21 21:10:42.430 17665 17707 W VibeKeyProfiler: Slow Native Suggest: Total=8.54ms | Init=0.11ms | TrieExpand(x23)=8.39ms | Scoring=0.03ms | inputSize=2
07-21 21:10:42.431 17665 17707 I VkSuggestions: decode typedLen=2 candidates=18 locales=1 20,8ms
07-21 21:10:42.431 17665 17707 W VkSuggestions: slow frame 20,8ms locales=1 typedLen=2 candidates=18
07-21 21:10:42.434 17665 17707 I VkSuggestions: strip composing typedLen=2 candidates=18 autocorrect=false top=fa locale=fr token=37 gen=8
07-21 21:10:42.436 17665 17665 I VkStripPipeline: setSuggestions composing size=18 style=1 token=37 gen=8 typed=fa
07-21 21:10:42.444 17665 17665 I VkSuggestions: stripUi prediction=false children=5 [fa|fait|faire]
07-21 21:10:42.444 17665 17665 I VkStripPipeline: slotBind composing children=5 [fa|fait|faire]
07-21 21:10:42.788 17665 17665 W ibekey.keyboar: ClassLoaderContext classpath size mismatch. expected=1, found=0 (DLC[];PCL[base.apk*4129373472]{PCL[/system/framework/org.apache.http.legacy.jar*3034548894]#PCL[/apex/com.android.extservices/javalib/android.ext.adservices.jar*4107572224]#PCL[/system/framework/com.android.location.provider.jar*3633238672]#PCL[/system/framework/com.android.media.remotedisplay.jar*3472798123]#PCL[/apex/com.android.extservices/javalib/android.ext.adservices.jar*4107572224]} | DLC[];PCL[])
07-21 21:10:42.813 17665 17665 W System  : ClassLoader referenced unknown path: 
07-21 21:10:42.934 17665 17665 W ibekey.keyboar: ClassLoaderContext classpath element checksum mismatch. expected=4129373472, found=1776061757 (DLC[];PCL[base.apk*4129373472]{PCL[/system/framework/org.apache.http.legacy.jar*3034548894]#PCL[/apex/com.android.extservices/javalib/android.ext.adservices.jar*4107572224]#PCL[/system/framework/com.android.location.provider.jar*3633238672]#PCL[/system/framework/com.android.media.remotedisplay.jar*3472798123]#PCL[/apex/com.android.extservices/javalib/android.ext.adservices.jar*4107572224]} | DLC[];PCL[/data/app/~~mqp0Pub35iH7mt-MVw3B4g==/com.vibekey.keyboard-ivLSVBeFXrukzBNZ_7Y9Yw==/base.apk*1776061757]{PCL[/apex/com.android.extservices/javalib/android.ext.adservices.jar*4107572224]})
07-21 21:10:43.073 17665 17665 W VkStall : MAIN-THREAD STALL 329ms during: >>>>> Dispatching to Handler (android.os.Handler) {f71bce4} c.f@2b10270: 0
07-21 21:10:43.087 17665 18031 W Ads     : Update ad debug logging enablement as false
07-21 21:10:43.139 17665 17665 E MultiApp.Impl: OplusMultiAppImpl
07-21 21:10:43.237 17665 18077 W libc    : Access denied finding property "ro.vendor.api_level"
07-21 21:10:43.245 17665 17665 W chromium: [WARNING:android_webview/browser/network_service/net_helpers.cc:137] HTTP Cache size is: 20971520
07-21 21:10:43.315 17665 17665 W VkStall : MAIN-THREAD STALL 235ms during: >>>>> Dispatching to Handler (com.google.android.gms.ads.internal.util.f) {123bd19} com.google.android.gms.ads.internal.js.r@a2b51de: 0
07-21 21:10:43.329 17665 18100 W libc    : Access denied finding property "vendor.camera.aux.packagelist"
07-21 21:10:43.330 17665 18100 W libc    : Access denied finding property "vendor.camera.aux.packagelist"
07-21 21:10:43.331 17665 18075 W cr_media: BLUETOOTH_CONNECT permission is missing.
07-21 21:10:43.331 17665 18075 W cr_media: getBluetoothAdapter() requires BLUETOOTH permission
07-21 21:10:43.331 17665 18075 W cr_media: registerBluetoothIntentsIfNeeded: Requires BLUETOOTH permission
07-21 21:10:43.332 17665 17679 W libc    : Access denied finding property "vendor.camera.aux.packagelist"
07-21 21:10:43.432 17665 18092 W AudioCapabilities: Unsupported mime audio/ffmpeg
07-21 21:10:43.433 17665 18092 W VideoCapabilities: Unsupported mime video/ffmpeg
07-21 21:10:43.433 17665 18092 W VideoCapabilities: Unrecognized profile/level 0/3 for video/mpeg2
07-21 21:10:43.433 17665 18092 W VideoCapabilities: Unrecognized profile/level 0/3 for video/mpeg2
07-21 21:10:43.634 17665 17707 I VkSuggestions: decode typedLen=3 candidates=18 locales=1 9,1ms
07-21 21:10:43.635 17665 17707 I VkSuggestions: strip composing typedLen=3 candidates=18 autocorrect=false top=fam locale=fr token=38 gen=8
07-21 21:10:43.636 17665 17665 I VkStripPipeline: setSuggestions composing size=18 style=1 token=38 gen=8 typed=fam
07-21 21:10:43.639 17665 17665 I VkSuggestions: stripUi prediction=false children=5 [fam|famille|familles]
07-21 21:10:43.639 17665 17665 I VkStripPipeline: slotBind composing children=5 [fam|famille|familles]
07-21 21:10:44.630 17665 17665 I VkAutocorrect: picked: famille
07-21 21:10:44.733 17665 17707 I VkNgram : merge locale=fr prev=famille preds=8 contextual=0 assets=true
07-21 21:10:44.734 17665 17707 I VkSuggestions: strip prediction typedLen=0 candidates=3 autocorrect=false top=de locale=fr token=38 gen=9
07-21 21:10:44.735 17665 17665 I VkStripPipeline: setSuggestions prediction size=3 style=6 token=38 gen=9
07-21 21:10:44.742 17665 17665 I VkSuggestions: stripUi prediction=true children=5 [a|de|et]
07-21 21:10:44.743 17665 17665 I VkStripPipeline: slotBind prediction children=5 [a|de|et]
07-21 21:10:46.333 17665 17665 I VkStripPipeline: langSwitch main=fr token=40 gen=10
07-21 21:10:46.337 17665 17665 I VkStripPipeline: setSuggestions composing size=0 style=0 token=-1 gen=-1
07-21 21:10:46.342 17665 17665 I VkSuggestions: stripUi prediction=false children=1 [bom]
07-21 21:10:46.342 17665 17665 I VkStripPipeline: slotBind composing children=1 [bom]
07-21 21:10:46.354 17665 17665 I VkPanels: ○ close menu
07-21 21:10:46.398 17665 17665 I VkMultilingual: reset main=hi locales=[hi] count=1
07-21 21:10:47.628 17665 17665 I VkStripPipeline: langSwitch main=hi token=43 gen=11
07-21 21:10:47.642 17665 17665 I VkPanels: ○ close menu
07-21 21:10:47.663 17665 17665 I VkMultilingual: reset main=pt-BR locales=[pt] count=1
07-21 21:10:49.673 17665 17707 W VibeKeyProfiler: Slow Native Suggest: Total=10.99ms | Init=0.16ms | TrieExpand(x9)=10.77ms | Scoring=0.06ms | inputSize=6
07-21 21:10:49.683 17665 17707 W VibeKeyProfiler: Slow Native Suggest: Total=8.47ms | Init=0.09ms | TrieExpand(x16)=8.35ms | Scoring=0.02ms | inputSize=6
07-21 21:10:49.683 17665 17707 I VkSuggestions: decode typedLen=6 candidates=18 locales=1 23,7ms
07-21 21:10:49.684 17665 17707 W VkSuggestions: slow frame 23,7ms locales=1 typedLen=6 candidates=18
07-21 21:10:49.686 17665 17707 I VkSuggestions: strip composing typedLen=6 candidates=16 autocorrect=false top=famill locale=pt token=45 gen=11
07-21 21:10:49.688 17665 17665 I VkStripPipeline: setSuggestions composing size=16 style=1 token=45 gen=11 typed=famill
07-21 21:10:49.693 17665 17665 I VkSuggestions: stripUi prediction=false children=5 [famill|Camilo|família]
07-21 21:10:49.693 17665 17665 I VkStripPipeline: slotBind composing children=5 [famill|Camilo|família]
07-21 21:10:50.102 17665 17665 W VkStall : MAIN-THREAD STALL 142ms during: >>>>> Dispatching to Handler (u9.v0) {e78f57} null: 1
07-21 21:10:50.205 17665 17707 I VkNgram : merge locale=pt prev= preds=8 contextual=0 assets=true
07-21 21:10:50.206 17665 17707 I VkSuggestions: strip prediction typedLen=0 candidates=3 autocorrect=false top=o locale=pt token=45 gen=11
07-21 21:10:50.210 17665 17665 I VkStripPipeline: setSuggestions prediction size=3 style=7 token=45 gen=11
07-21 21:10:50.218 17665 17665 I VkSuggestions: stripUi prediction=true children=5 [a|o|em]
07-21 21:10:50.219 17665 17665 I VkStripPipeline: slotBind prediction children=5 [a|o|em]
07-21 21:10:50.881 17665 17707 I VkSuggestions: decode typedLen=1 candidates=18 locales=1 8,8ms
07-21 21:10:50.882 17665 17707 I VkSuggestions: strip composing typedLen=1 candidates=17 autocorrect=false top=v locale=pt token=47 gen=11
07-21 21:10:50.883 17665 17665 I VkStripPipeline: setSuggestions composing size=17 style=1 token=47 gen=11 typed=v
07-21 21:10:50.886 17665 17665 I VkSuggestions: stripUi prediction=false children=5 [v|✌️|vez]
07-21 21:10:50.886 17665 17665 I VkStripPipeline: slotBind composing children=5 [v|✌️|vez]
07-21 21:10:51.038 17665 17707 I VkSuggestions: decode typedLen=2 candidates=18 locales=1 7,4ms
07-21 21:10:51.040 17665 17707 I VkAutocorrect: will correct: vo → vó
07-21 21:10:51.040 17665 17707 I VkSuggestions: strip composing typedLen=2 candidates=18 autocorrect=true top=vo locale=pt token=47 gen=11
07-21 21:10:51.043 17665 17665 I VkStripPipeline: setSuggestions composing size=18 style=1 token=47 gen=11 typed=vo
07-21 21:10:51.049 17665 17665 I VkSuggestions: stripUi prediction=false children=5 [vo|vó|vô]
07-21 21:10:51.049 17665 17665 I VkStripPipeline: slotBind composing children=5 [vo|vó|vô]
07-21 21:10:51.298 17665 17707 I VkSuggestions: decode typedLen=3 candidates=18 locales=1 7,8ms
07-21 21:10:51.299 17665 17707 I VkAutocorrect: will correct: voc → vocalista
07-21 21:10:51.300 17665 17707 I VkSuggestions: strip composing typedLen=3 candidates=18 autocorrect=true top=voc locale=pt token=48 gen=11
07-21 21:10:51.300 17665 17665 I VkStripPipeline: setSuggestions composing size=18 style=1 token=48 gen=11 typed=voc
07-21 21:10:51.304 17665 17665 I VkSuggestions: stripUi prediction=false children=5 [voc|vocalista|vocal]
07-21 21:10:51.304 17665 17665 I VkStripPipeline: slotBind composing children=5 [voc|vocalista|vocal]
07-21 21:10:52.522 17665 17707 I VkSuggestions: decode typedLen=4 candidates=18 locales=1 11,4ms
07-21 21:10:52.524 17665 17707 I VkAutocorrect: will correct: voce → vice
07-21 21:10:52.524 17665 17707 I VkSuggestions: strip composing typedLen=4 candidates=17 autocorrect=true top=voce locale=pt token=49 gen=11
07-21 21:10:52.525 17665 17665 I VkStripPipeline: setSuggestions composing size=17 style=1 token=49 gen=11 typed=voce
07-21 21:10:52.529 17665 17665 I VkSuggestions: stripUi prediction=false children=5 [voce|vice|vive]
07-21 21:10:52.529 17665 17665 I VkStripPipeline: slotBind composing children=5 [voce|vice|vive]
07-21 21:10:54.758 17665 17665 I VkAutocorrect: committed (typing): voce → vice
07-21 21:10:54.862 17665 17707 I VkNgram : merge locale=pt prev=vice preds=8 contextual=0 assets=true
07-21 21:10:54.866 17665 17707 I VkSuggestions: strip prediction typedLen=0 candidates=3 autocorrect=false top=na locale=pt token=50 gen=12
07-21 21:10:54.866 17665 17665 I VkStripPipeline: setSuggestions prediction size=3 style=6 token=50 gen=12
07-21 21:10:54.874 17665 17665 I VkSuggestions: stripUi prediction=true children=5 [de|na|do]
07-21 21:10:54.875 17665 17665 I VkStripPipeline: slotBind prediction children=5 [de|na|do]
07-21 21:10:55.689 17665 17707 I VkSuggestions: strip composing typedLen=4 candidates=17 autocorrect=false top=voce locale=pt token=51 gen=12
07-21 21:10:55.690 17665 17665 I VkStripPipeline: setSuggestions composing size=17 style=1 token=51 gen=12 typed=voce
07-21 21:10:55.697 17665 17665 I VkSuggestions: stripUi prediction=false children=5 [voce|vice|vocês]
07-21 21:10:55.697 17665 17665 I VkStripPipeline: slotBind composing children=5 [voce|vice|vocês]
07-21 21:10:55.791 17665 17707 W VibeKeyProfiler: Slow Native Suggest: Total=11.75ms | Init=0.34ms | TrieExpand(x16)=11.32ms | Scoring=0.09ms | inputSize=4
07-21 21:10:55.793 17665 17707 W VkSuggestions: slow frame 19,8ms locales=1 typedLen=4 candidates=18
07-21 21:10:57.657 17665 17665 I VkAutocorrect: picked: voce
07-21 21:10:57.763 17665 17707 I VkNgram : contextual locale=pt prev=voce → é, tem, vai
07-21 21:10:57.764 17665 17707 I VkNgram : merge locale=pt prev=voce preds=5 contextual=5 assets=true
07-21 21:10:57.766 17665 17707 I VkSuggestions: strip prediction typedLen=0 candidates=3 autocorrect=false top=é locale=pt token=51 gen=13
07-21 21:10:57.767 17665 17665 I VkStripPipeline: setSuggestions prediction size=3 style=6 token=51 gen=13
07-21 21:10:57.776 17665 17665 I VkSuggestions: stripUi prediction=true children=5 [vai|é|tem]
07-21 21:10:57.776 17665 17665 I VkStripPipeline: slotBind prediction children=5 [vai|é|tem]
07-21 21:10:58.399 17665 18338 E FilePhenotypeFlags: Config package com.google.android.gms.clearcut_client#com.vibekey.keyboard cannot use FILE backing without declarative registration. See go/phenotype-android-integration#phenotype for more information. This will lead to stale flags.
07-21 21:10:58.402 17665 18338 E FilePhenotypeFlags: Config package com.google.android.gms.clearcut_client#com.vibekey.keyboard cannot use FILE backing without declarative registration. See go/phenotype-android-integration#phenotype for more information. This will lead to stale flags.
07-21 21:10:58.433 17665 18338 E FilePhenotypeFlags: Config package com.google.android.gms.clearcut_client#com.vibekey.keyboard cannot use FILE backing without declarative registration. See go/phenotype-android-integration#phenotype for more information. This will lead to stale flags.
