06-04 12:53:24.634 30088 31861 W Codec2Client: query -- param skipped: index = 1342179345.
06-04 12:53:24.634 30088 31861 W Codec2Client: query -- param skipped: index = 2415921170.
06-04 12:53:24.634 30088 31861 W Codec2Client: query -- param skipped: index = 1610614798.
06-04 12:53:24.672 31933 31933 E y.keyboard:tab: Unknown bits set in runtime_flags: 0x40000000
06-04 12:53:24.765 29639 29656 E Isolated Web Content: [JavaScript Error: "Cookie “_cookie_test” has been rejected for invalid domain." {file: "https://www.cnn.com/" line: 0}]
06-04 12:53:24.766 29639 29656 E Isolated Web Content: [JavaScript Error: "Cookie “_cookie_test” has been rejected for invalid domain." {file: "https://www.cnn.com/" line: 0}]
06-04 12:53:24.796 21993 21993 W com.vibekey.keyboard: type=1400 audit(0.0:117232): avc: denied { nlmsg_readpriv } for comm=536F636B657420546872656164 scontext=u:r:untrusted_app:s0:c85,c271,c512,c768 tcontext=u:r:untrusted_app:s0:c85,c271,c512,c768 tclass=netlink_route_socket permissive=0 bug=b/155595000 app=com.vibekey.keyboard
06-04 12:53:24.814 31933 31968 E GeckoLibLoad: Load sqlite start
06-04 12:53:24.817 31933 31968 E GeckoLibLoad: Load sqlite done
06-04 12:53:24.817 31933 31968 E GeckoLibLoad: Load nss start
06-04 12:53:24.817 31933 31968 E GeckoLibLoad: Load nss done
06-04 12:53:24.858 31933 31968 E GeckoLibLoad: Loaded libs in 41.357448ms total, 2ms(0ms) user, 8ms(12ms) system, 7(7) faults
06-04 12:53:24.859 31933 31968 W GeckoThread: zerdatime 268847720 - runGecko
06-04 12:53:24.951 31933 31968 W Isolated Web Content: [JavaScript Warning: "This page is in Almost Standards Mode. Page layout may be impacted. For Standards Mode use “<!DOCTYPE html>”." {file: "https://btloader.com/trustedIframe.html?o=5762268746743808&upapi=true" line: 0}]
06-04 12:53:25.206 21993 21993 W com.vibekey.keyboard: type=1400 audit(0.0:117233): avc: denied { nlmsg_readpriv } for comm=536F636B657420546872656164 scontext=u:r:untrusted_app:s0:c85,c271,c512,c768 tcontext=u:r:untrusted_app:s0:c85,c271,c512,c768 tclass=netlink_route_socket permissive=0 bug=b/155595000 app=com.vibekey.keyboard
06-04 12:53:25.352 29639 29656 E Isolated Web Content: [JavaScript Error: "Cookie “_cookie_test” has been rejected for invalid domain." {file: "https://www.cnn.com/" line: 0}]
06-04 12:53:25.353 29639 29656 E Isolated Web Content: [JavaScript Error: "Cookie “_cookie_test” has been rejected for invalid domain." {file: "https://www.cnn.com/" line: 0}]
06-04 12:53:25.364 29639 29656 E Isolated Web Content: [JavaScript Error: "Cookie “_cookie_test” has been rejected for invalid domain." {file: "https://www.cnn.com/" line: 0}]
06-04 12:53:25.365 29639 29656 E Isolated Web Content: [JavaScript Error: "Cookie “_cookie_test” has been rejected for invalid domain." {file: "https://www.cnn.com/" line: 0}]
06-04 12:53:25.836 21993 21993 W com.vibekey.keyboard: type=1400 audit(0.0:117235): avc: denied { nlmsg_readpriv } for comm=536F636B657420546872656164 scontext=u:r:untrusted_app:s0:c85,c271,c512,c768 tcontext=u:r:untrusted_app:s0:c85,c271,c512,c768 tclass=netlink_route_socket permissive=0 bug=b/155595000 app=com.vibekey.keyboard
06-04 12:53:25.993 32008 32008 E .keyboard:tab1: Unknown bits set in runtime_flags: 0x40000000
06-04 12:53:26.054 32008 32027 E GeckoLibLoad: Load sqlite start
06-04 12:53:26.055 32008 32027 E GeckoLibLoad: Load sqlite done
06-04 12:53:26.055 32008 32027 E GeckoLibLoad: Load nss start
06-04 12:53:26.055 32008 32027 E GeckoLibLoad: Load nss done
06-04 12:53:26.062 29984 30010 W Isolated Web Content: [JavaScript Warning: "This page is in Quirks Mode. Page layout may be impacted. For Standards Mode use “<!DOCTYPE html>”." {file: "https://a125375509.cdn.optimizely.com/client_storage/a125375509.html" line: 0}]
06-04 12:53:26.070 32008 32027 E GeckoLibLoad: Loaded libs in 14.900261ms total, 9ms(9ms) user, 0ms(0ms) system, 0(0) faults
06-04 12:53:26.071 32008 32027 W GeckoThread: zerdatime 268848932 - runGecko
06-04 12:53:26.346 21993 21993 W com.vibekey.keyboard: type=1400 audit(0.0:117236): avc: denied { nlmsg_readpriv } for comm=536F636B657420546872656164 scontext=u:r:untrusted_app:s0:c85,c271,c512,c768 tcontext=u:r:untrusted_app:s0:c85,c271,c512,c768 tclass=netlink_route_socket permissive=0 bug=b/155595000 app=com.vibekey.keyboard
06-04 12:53:26.726 21993 21993 W com.vibekey.keyboard: type=1400 audit(0.0:117237): avc: denied { nlmsg_readpriv } for comm=536F636B657420546872656164 scontext=u:r:untrusted_app:s0:c85,c271,c512,c768 tcontext=u:r:untrusted_app:s0:c85,c271,c512,c768 tclass=netlink_route_socket permissive=0 bug=b/155595000 app=com.vibekey.keyboard
06-04 12:53:27.086 21993 21993 W com.vibekey.keyboard: type=1400 audit(0.0:117238): avc: denied { nlmsg_readpriv } for comm=536F636B657420546872656164 scontext=u:r:untrusted_app:s0:c85,c271,c512,c768 tcontext=u:r:untrusted_app:s0:c85,c271,c512,c768 tclass=netlink_route_socket permissive=0 bug=b/155595000 app=com.vibekey.keyboard
06-04 12:53:27.290 29639 29656 E Isolated Web Content: [JavaScript Error: "Cookie “_cookie_test” has been rejected for invalid domain." {file: "https://www.cnn.com/" line: 0}]
06-04 12:53:27.291 29639 29656 E Isolated Web Content: [JavaScript Error: "Cookie “_cookie_test” has been rejected for invalid domain." {file: "https://www.cnn.com/" line: 0}]
06-04 12:53:27.474 21993 21993 W GeckoEventDispatcher: No listener for GeckoView:DismissClipboardPermissionRequest
06-04 12:53:27.475 21993 22257 E GeckoConsole: [JavaScript Error: "TypeError: can't access property "WindowEventDispatcher", win is null" {file: "resource://gre/modules/GeckoViewSessionStore.sys.mjs" line: 149}]
06-04 12:53:27.475 21993 22257 E GeckoConsole: onTabStateUpdate@resource://gre/modules/GeckoViewSessionStore.sys.mjs:149:5
06-04 12:53:27.475 21993 22257 E GeckoConsole: updateSessionStoreFromTabListener@resource://gre/modules/GeckoViewSessionStore.sys.mjs:243:10
06-04 12:53:27.475 21993 22257 E GeckoConsole: SSF_updateSessionStore@resource://gre/modules/SessionStoreFunctions.sys.mjs:46:27
06-04 12:53:27.475 21993 22257 E GeckoConsole: UpdateSessionStore@resource://gre/modules/SessionStoreFunctions.sys.mjs:16:46
06-04 12:53:27.898 29639 29656 E Isolated Web Content: [JavaScript Error: "Cookie “s_ac” has been rejected for invalid domain." {file: "https://www.cnn.com/" line: 0}]
06-04 12:53:27.925 29639 29656 W Isolated Web Content: [JavaScript Warning: "InstallTrigger is deprecated and will be removed in the future." {file: "https://lightning.cnn.com/launch/7be62238e4c3/97fa00444124/4153843d0481/EX3369274195e2430d9d8ea7012971cb11-libraryCode_source.min.js" line: 2}]
06-04 12:53:28.151 21993 31021 E ActivityThread: Failed to find provider info for com.oplus.statistics.provider
06-04 12:53:28.151 21993 31021 E OplusStatistics--: IllegalArgumentException:java.lang.IllegalArgumentException: Unknown URL content://com.oplus.statistics.provider/track_event
06-04 12:53:28.195 21993 21993 W GeckoEventDispatcher: No listener for GeckoView:DismissClipboardPermissionRequest
06-04 12:53:28.196 21993 22257 E GeckoConsole: [JavaScript Error: "TypeError: can't access property "WindowEventDispatcher", win is null" {file: "resource://gre/modules/GeckoViewSessionStore.sys.mjs" line: 149}]
06-04 12:53:28.196 21993 22257 E GeckoConsole: onTabStateUpdate@resource://gre/modules/GeckoViewSessionStore.sys.mjs:149:5
06-04 12:53:28.196 21993 22257 E GeckoConsole: updateSessionStoreFromTabListener@resource://gre/modules/GeckoViewSessionStore.sys.mjs:243:10
06-04 12:53:28.196 21993 22257 E GeckoConsole: SSF_updateSessionStore@resource://gre/modules/SessionStoreFunctions.sys.mjs:46:27
06-04 12:53:28.196 21993 22257 E GeckoConsole: UpdateSessionStore@resource://gre/modules/SessionStoreFunctions.sys.mjs:16:46
06-04 12:53:28.606 21993 21993 W GeckoEventDispatcher: No listener for GeckoView:DismissClipboardPermissionRequest
06-04 12:53:28.607 21993 22257 E GeckoConsole: [JavaScript Error: "TypeError: can't access property "WindowEventDispatcher", win is null" {file: "resource://gre/modules/GeckoViewSessionStore.sys.mjs" line: 149}]
06-04 12:53:28.607 21993 22257 E GeckoConsole: onTabStateUpdate@resource://gre/modules/GeckoViewSessionStore.sys.mjs:149:5
06-04 12:53:28.607 21993 22257 E GeckoConsole: updateSessionStoreFromTabListener@resource://gre/modules/GeckoViewSessionStore.sys.mjs:243:10
06-04 12:53:28.607 21993 22257 E GeckoConsole: SSF_updateSessionStore@resource://gre/modules/SessionStoreFunctions.sys.mjs:46:27
06-04 12:53:28.607 21993 22257 E GeckoConsole: UpdateSessionStore@resource://gre/modules/SessionStoreFunctions.sys.mjs:16:46
06-04 12:53:29.508 21993 21993 W GeckoEventDispatcher: No listener for GeckoView:DismissClipboardPermissionRequest
06-04 12:53:29.510 21993 22257 E GeckoConsole: [JavaScript Error: "TypeError: can't access property "WindowEventDispatcher", win is null" {file: "resource://gre/modules/GeckoViewSessionStore.sys.mjs" line: 149}]
06-04 12:53:29.510 21993 22257 E GeckoConsole: onTabStateUpdate@resource://gre/modules/GeckoViewSessionStore.sys.mjs:149:5
06-04 12:53:29.510 21993 22257 E GeckoConsole: updateSessionStoreFromTabListener@resource://gre/modules/GeckoViewSessionStore.sys.mjs:243:10
06-04 12:53:29.510 21993 22257 E GeckoConsole: SSF_updateSessionStore@resource://gre/modules/SessionStoreFunctions.sys.mjs:46:27
06-04 12:53:29.510 21993 22257 E GeckoConsole: UpdateSessionStore@resource://gre/modules/SessionStoreFunctions.sys.mjs:16:46
06-04 12:53:29.538 21993 21993 E GeckoView: Failed to attach WindowInsetsListener: 
06-04 12:53:29.538 21993 21993 E GeckoView: java.lang.NullPointerException: Attempt to invoke virtual method 'android.view.Window android.app.Activity.getWindow()' on a null object reference
06-04 12:53:29.538 21993 21993 E GeckoView: 	at org.mozilla.geckoview.GeckoView.attachWindowInsetsListener(r8-map-id-a34700e36e676cb1202f89498a9e88444d1166173bba7c38dda4529c0c039acb:1)
06-04 12:53:29.538 21993 21993 E GeckoView: 	at org.mozilla.geckoview.GeckoView.onAttachedToWindow(r8-map-id-a34700e36e676cb1202f89498a9e88444d1166173bba7c38dda4529c0c039acb:49)
06-04 12:53:29.538 21993 21993 E GeckoView: 	at android.view.View.dispatchAttachedToWindow(View.java:20900)
06-04 12:53:29.538 21993 21993 E GeckoView: 	at android.view.ViewGroup.dispatchAttachedToWindow(ViewGroup.java:3539)
06-04 12:53:29.538 21993 21993 E GeckoView: 	at android.view.ViewGroup.addViewInner(ViewGroup.java:5378)
06-04 12:53:29.538 21993 21993 E GeckoView: 	at android.view.ViewGroup.addView(ViewGroup.java:5156)
06-04 12:53:29.538 21993 21993 E GeckoView: 	at helium314.keyboard.latin.panels.BrowserPanelView.X(r8-map-id-a34700e36e676cb1202f89498a9e88444d1166173bba7c38dda4529c0c039acb:134)
06-04 12:53:29.538 21993 21993 E GeckoView: 	at helium314.keyboard.latin.panels.BrowserPanelView.E0(r8-map-id-a34700e36e676cb1202f89498a9e88444d1166173bba7c38dda4529c0c039acb:122)
06-04 12:53:29.538 21993 21993 E GeckoView: 	at c5.s.run(r8-map-id-a34700e36e676cb1202f89498a9e88444d1166173bba7c38dda4529c0c039acb:622)
06-04 12:53:29.538 21993 21993 E GeckoView: 	at i7.z.onGlobalLayout(r8-map-id-a34700e36e676cb1202f89498a9e88444d1166173bba7c38dda4529c0c039acb:8)
06-04 12:53:29.538 21993 21993 E GeckoView: 	at android.view.ViewTreeObserver.dispatchOnGlobalLayout(ViewTreeObserver.java:1061)
06-04 12:53:29.538 21993 21993 E GeckoView: 	at android.view.ViewRootImpl.performTraversals(ViewRootImpl.java:3407)
06-04 12:53:29.538 21993 21993 E GeckoView: 	at android.view.ViewRootImpl.doTraversal(ViewRootImpl.java:2305)
06-04 12:53:29.538 21993 21993 E GeckoView: 	at android.view.ViewRootImpl$TraversalRunnable.run(ViewRootImpl.java:9133)
06-04 12:53:29.538 21993 21993 E GeckoView: 	at android.view.Choreographer$CallbackRecord.run(Choreographer.java:1232)
06-04 12:53:29.538 21993 21993 E GeckoView: 	at android.view.Choreographer.doCallbacks(Choreographer.java:1029)
06-04 12:53:29.538 21993 21993 E GeckoView: 	at android.view.Choreographer.doFrame(Choreographer.java:934)
06-04 12:53:29.538 21993 21993 E GeckoView: 	at android.view.Choreographer$FrameDisplayEventReceiver.run(Choreographer.java:1217)
06-04 12:53:29.538 21993 21993 E GeckoView: 	at android.os.Handler.handleCallback(Handler.java:938)
06-04 12:53:29.538 21993 21993 E GeckoView: 	at android.os.Handler.dispatchMessage(Handler.java:99)
06-04 12:53:29.538 21993 21993 E GeckoView: 	at android.os.Looper.loopOnce(Looper.java:233)
06-04 12:53:29.538 21993 21993 E GeckoView: 	at android.os.Looper.loop(Looper.java:344)
06-04 12:53:29.538 21993 21993 E GeckoView: 	at android.app.ActivityThread.main(ActivityThread.java:8212)
06-04 12:53:29.538 21993 21993 E GeckoView: 	at java.lang.reflect.Method.invoke(Native Method)
06-04 12:53:29.538 21993 21993 E GeckoView: 	at com.android.internal.os.RuntimeInit$MethodAndArgsCaller.run(RuntimeInit.java:584)
06-04 12:53:29.538 21993 21993 E GeckoView: 	at com.android.internal.os.ZygoteInit.main(ZygoteInit.java:1034)
06-04 12:53:29.539 21993 21993 W GeckoEventDispatcher: No listener for GeckoView:DismissClipboardPermissionRequest
06-04 12:53:29.582 21993 21993 W View    : requestLayout() improperly called by helium314.keyboard.latin.panels.BrowserPanelView{fcd5e36 V.E...... ......ID 0,0-1440,2040} during layout: running second layout pass
06-04 12:53:29.609 21993 21993 W View    : requestLayout() improperly called by helium314.keyboard.latin.panels.BrowserPanelView{fcd5e36 V.E...... ......ID 0,0-1440,2040} during layout: running second layout pass
06-04 12:53:29.616 21993 21993 W View    : requestLayout() improperly called by helium314.keyboard.latin.panels.BrowserPanelView{fcd5e36 V.E...... ........ 0,0-1440,2040} during second layout pass: posting in next frame
06-04 12:53:29.618 29639 29656 E Isolated Web Content: [JavaScript Error: "TypeError: can't access dead object" {file: "resource://gre/modules/LoginManagerChild.sys.mjs" line: 1715}]
06-04 12:53:29.618 29639 29656 E Isolated Web Content: waitForVisible@resource://gre/modules/LoginManagerChild.sys.mjs:1715:13
06-04 12:53:29.618 21993 21993 W View    : requestLayout() improperly called by helium314.keyboard.latin.panels.BrowserPanelView{fcd5e36 V.E...... ......ID 0,0-1440,2040} during layout: running second layout pass
06-04 12:53:29.625 21993 21993 W View    : requestLayout() improperly called by helium314.keyboard.latin.panels.BrowserPanelView{fcd5e36 V.E...... ........ 0,0-1440,2040} during second layout pass: posting in next frame
06-04 12:53:29.642 21993 29975 E BLASTBufferQueue: BLASTBufferItemConsumer::onDisconnect()
06-04 12:53:29.646 21993 21993 W View    : requestLayout() improperly called by helium314.keyboard.latin.panels.BrowserPanelView{fcd5e36 V.E...... ......ID 0,0-1440,2040} during layout: running second layout pass
06-04 12:53:29.651 21993 21993 W View    : requestLayout() improperly called by helium314.keyboard.latin.panels.BrowserPanelView{fcd5e36 V.E...... ........ 0,0-1440,2040} during second layout pass: posting in next frame
06-04 12:53:29.653 21993 21993 W View    : requestLayout() improperly called by helium314.keyboard.latin.panels.BrowserPanelView{fcd5e36 V.E...... ......ID 0,0-1440,2040} during layout: running second layout pass
06-04 12:53:29.657 21993 21993 W View    : requestLayout() improperly called by helium314.keyboard.latin.panels.BrowserPanelView{fcd5e36 V.E...... ........ 0,0-1440,2040} during second layout pass: posting in next frame
06-04 12:53:29.659 21993 21993 W View    : requestLayout() improperly called by helium314.keyboard.latin.panels.BrowserPanelView{fcd5e36 V.E...... ......ID 0,0-1440,2040} during layout: running second layout pass
06-04 12:53:29.662 21993 21993 W View    : requestLayout() improperly called by helium314.keyboard.latin.panels.BrowserPanelView{fcd5e36 V.E...... ........ 0,0-1440,2040} during second layout pass: posting in next frame
06-04 12:53:29.671 21993 21993 W View    : requestLayout() improperly called by helium314.keyboard.latin.panels.BrowserPanelView{fcd5e36 V.E...... ......I. 0,0-1440,2040} during layout: running second layout pass
06-04 12:53:29.675 21993 21993 W View    : requestLayout() improperly called by helium314.keyboard.latin.panels.BrowserPanelView{fcd5e36 V.E...... ........ 0,0-1440,2040} during second layout pass: posting in next frame
06-04 12:53:29.688 21993 21993 W View    : requestLayout() improperly called by helium314.keyboard.latin.panels.BrowserPanelView{fcd5e36 V.E...... ......I. 0,0-1440,2040} during layout: running second layout pass
06-04 12:53:29.693 21993 21993 W View    : requestLayout() improperly called by helium314.keyboard.latin.panels.BrowserPanelView{fcd5e36 V.E...... ......ID 0,0-1440,2040} during second layout pass: posting in next frame
06-04 12:53:29.686 21993 21993 W com.vibekey.keyboard: type=1400 audit(0.0:117239): avc: denied { nlmsg_readpriv } for comm=536F636B657420546872656164 scontext=u:r:untrusted_app:s0:c85,c271,c512,c768 tcontext=u:r:untrusted_app:s0:c85,c271,c512,c768 tclass=netlink_route_socket permissive=0 bug=b/155595000 app=com.vibekey.keyboard
06-04 12:53:29.705 21993 21993 W View    : requestLayout() improperly called by helium314.keyboard.latin.panels.BrowserPanelView{fcd5e36 V.E...... ......ID 0,0-1440,2040} during layout: running second layout pass
06-04 12:53:29.709 21993 21993 W View    : requestLayout() improperly called by helium314.keyboard.latin.panels.BrowserPanelView{fcd5e36 V.E...... ........ 0,0-1440,2040} during second layout pass: posting in next frame
06-04 12:53:29.722 21993 21993 W View    : requestLayout() improperly called by helium314.keyboard.latin.panels.BrowserPanelView{fcd5e36 V.E...... ......I. 0,0-1440,2040} during layout: running second layout pass
06-04 12:53:29.726 21993 21993 W View    : requestLayout() improperly called by helium314.keyboard.latin.panels.BrowserPanelView{fcd5e36 V.E...... ........ 0,0-1440,2040} during second layout pass: posting in next frame
06-04 12:53:29.738 21993 21993 W View    : requestLayout() improperly called by helium314.keyboard.latin.panels.BrowserPanelView{fcd5e36 V.E...... ......I. 0,0-1440,2040} during layout: running second layout pass
06-04 12:53:29.742 21993 21993 W View    : requestLayout() improperly called by helium314.keyboard.latin.panels.BrowserPanelView{fcd5e36 V.E...... ........ 0,0-1440,2040} during second layout pass: posting in next frame
06-04 12:53:29.755 21993 21993 W View    : requestLayout() improperly called by helium314.keyboard.latin.panels.BrowserPanelView{fcd5e36 V.E...... ......ID 0,0-1440,2040} during layout: running second layout pass
06-04 12:53:29.759 21993 21993 W View    : requestLayout() improperly called by helium314.keyboard.latin.panels.BrowserPanelView{fcd5e36 V.E...... ........ 0,0-1440,2040} during second layout pass: posting in next frame
06-04 12:53:29.772 21993 21993 W View    : requestLayout() improperly called by helium314.keyboard.latin.panels.BrowserPanelView{fcd5e36 V.E...... ......I. 0,0-1440,2040} during layout: running second layout pass
06-04 12:53:29.776 21993 21993 W View    : requestLayout() improperly called by helium314.keyboard.latin.panels.BrowserPanelView{fcd5e36 V.E...... ........ 0,0-1440,2040} during second layout pass: posting in next frame
06-04 12:53:29.789 21993 21993 W View    : requestLayout() improperly called by helium314.keyboard.latin.panels.BrowserPanelView{fcd5e36 V.E...... ......I. 0,0-1440,2040} during layout: running second layout pass
06-04 12:53:29.794 21993 21993 W View    : requestLayout() improperly called by helium314.keyboard.latin.panels.BrowserPanelView{fcd5e36 V.E...... ........ 0,0-1440,2040} during second layout pass: posting in next frame
06-04 12:53:29.805 21993 21993 W View    : requestLayout() improperly called by helium314.keyboard.latin.panels.BrowserPanelView{fcd5e36 V.E...... ......I. 0,0-1440,2040} during layout: running second layout pass
06-04 12:53:29.811 21993 21993 W View    : requestLayout() improperly called by helium314.keyboard.latin.panels.BrowserPanelView{fcd5e36 V.E...... ........ 0,0-1440,2040} during second layout pass: posting in next frame
06-04 12:53:29.806 21993 21993 W com.vibekey.keyboard: type=1400 audit(0.0:117240): avc: denied { nlmsg_readpriv } for comm=536F636B657420546872656164 scontext=u:r:untrusted_app:s0:c85,c271,c512,c768 tcontext=u:r:untrusted_app:s0:c85,c271,c512,c768 tclass=netlink_route_socket permissive=0 bug=b/155595000 app=com.vibekey.keyboard
06-04 12:53:29.822 21993 21993 W View    : requestLayout() improperly called by helium314.keyboard.latin.panels.BrowserPanelView{fcd5e36 V.E...... ......I. 0,0-1440,2040} during layout: running second layout pass
06-04 12:53:29.828 21993 21993 W View    : requestLayout() improperly called by helium314.keyboard.latin.panels.BrowserPanelView{fcd5e36 V.E...... ........ 0,0-1440,2040} during second layout pass: posting in next frame
06-04 12:53:29.841 21993 21993 W View    : requestLayout() improperly called by helium314.keyboard.latin.panels.BrowserPanelView{fcd5e36 V.E...... ......I. 0,0-1440,2040} during layout: running second layout pass
06-04 12:53:29.826 21993 21993 W com.vibekey.keyboard: type=1400 audit(0.0:117241): avc: denied { nlmsg_readpriv } for comm=536F636B657420546872656164 scontext=u:r:untrusted_app:s0:c85,c271,c512,c768 tcontext=u:r:untrusted_app:s0:c85,c271,c512,c768 tclass=netlink_route_socket permissive=0 bug=b/155595000 app=com.vibekey.keyboard
06-04 12:53:29.845 21993 21993 W View    : requestLayout() improperly called by helium314.keyboard.latin.panels.BrowserPanelView{fcd5e36 V.E...... ........ 0,0-1440,2040} during second layout pass: posting in next frame
06-04 12:53:29.855 21993 21993 W View    : requestLayout() improperly called by helium314.keyboard.latin.panels.BrowserPanelView{fcd5e36 V.E...... ......I. 0,0-1440,2040} during layout: running second layout pass
06-04 12:53:29.860 21993 21993 W View    : requestLayout() improperly called by helium314.keyboard.latin.panels.BrowserPanelView{fcd5e36 V.E...... ........ 0,0-1440,2040} during second layout pass: posting in next frame
06-04 12:53:29.873 21993 21993 W View    : requestLayout() improperly called by helium314.keyboard.latin.panels.BrowserPanelView{fcd5e36 V.E...... ......I. 0,0-1440,2040} during layout: running second layout pass
06-04 12:53:29.877 21993 21993 W View    : requestLayout() improperly called by helium314.keyboard.latin.panels.BrowserPanelView{fcd5e36 V.E...... ........ 0,0-1440,2040} during second layout pass: posting in next frame
06-04 12:53:29.890 21993 21993 W View    : requestLayout() improperly called by helium314.keyboard.latin.panels.BrowserPanelView{fcd5e36 V.E...... ......I. 0,0-1440,2040} during layout: running second layout pass
06-04 12:53:29.895 21993 21993 W View    : requestLayout() improperly called by helium314.keyboard.latin.panels.BrowserPanelView{fcd5e36 V.E...... ........ 0,0-1440,2040} during second layout pass: posting in next frame
06-04 12:53:29.907 21993 21993 W View    : requestLayout() improperly called by helium314.keyboard.latin.panels.BrowserPanelView{fcd5e36 V.E...... ......I. 0,0-1440,2040} during layout: running second layout pass
06-04 12:53:29.911 21993 21993 W View    : requestLayout() improperly called by helium314.keyboard.latin.panels.BrowserPanelView{fcd5e36 V.E...... ........ 0,0-1440,2040} during second layout pass: posting in next frame
06-04 12:53:29.922 21993 21993 W View    : requestLayout() improperly called by helium314.keyboard.latin.panels.BrowserPanelView{fcd5e36 V.E...... ......I. 0,0-1440,2040} during layout: running second layout pass
06-04 12:53:29.927 21993 21993 W View    : requestLayout() improperly called by helium314.keyboard.latin.panels.BrowserPanelView{fcd5e36 V.E...... ........ 0,0-1440,2040} during second layout pass: posting in next frame
06-04 12:53:29.939 21993 21993 W View    : requestLayout() improperly called by helium314.keyboard.latin.panels.BrowserPanelView{fcd5e36 V.E...... ......I. 0,0-1440,2040} during layout: running second layout pass
06-04 12:53:29.943 21993 21993 W View    : requestLayout() improperly called by helium314.keyboard.latin.panels.BrowserPanelView{fcd5e36 V.E...... ........ 0,0-1440,2040} during second layout pass: posting in next frame
06-04 12:53:29.956 21993 21993 W View    : requestLayout() improperly called by helium314.keyboard.latin.panels.BrowserPanelView{fcd5e36 V.E...... ......I. 0,0-1440,2040} during layout: running second layout pass
06-04 12:53:29.958 29639 29656 W Isolated Web Content: [JavaScript Warning: "Media resource data:video/mp4;base64,AAAAIGZ0eXBpc29tAAACAGlzb21pc28yYXZjMW1wNDEAAAAIZnJlZQAAADxtZGF0AAAAMGWIhAAV//73ye/Apuvb3rW/k89I/Cy3PsIqP39atohOSV14BYa1heKCYgALQC5K4QAAAwZtb292AAAAbG12aGQAAAAAAAAAAAAAAAAAAAPoAAAD6AABAAABAAAAAAAAAAAAAAAAAQAAAAAAAAAAAAAAAAAAAAEAAAAAAAAAAAAAAAAAAEAAAAAAAAAAAAAAAAAAAAAAAAAAAAAAAAAAAAAAAAACAAACMHRyYWsAAABcdGtoZAAAAAMAAAAAAAAAAAAAAAEAAAAAAAAD6AAAAAAAAAAAAAAAAAAAAAAAAQAAAAAAAAAAAAAAAAAAAAEAAAAAAAAAAAAAAAAAAEAAAAAAoAAAAFoAAAAAACRlZHRzAAAAHGVsc3QAAAAAAAAAAQAAA+gAAAAAAAEAAAAAAahtZGlhAAAAIG1kaGQAAAAAAAAAAAAAAAAAAEAAAABAAFXEAAAAAAAtaGRscgAAAAAAAAAAdmlkZQAAAAAAAAAAAAAAAFZpZGVvSGFuZGxlcgAAAAFTbWluZgAAABR2bWhkAAAAAQAAAAAAAAAAAAAAJGRpbmYAAAAcZHJlZgAAAAAAAAABAAAADHVybCAAAAABAAABE3N0YmwAAACvc3RzZAAAAAAAAAABAAAAn2F2YzEAAAAAAAAAAQAAAAAAAAAAAAAAAAAAAAAAoABaAEgAAABIAAAAAAAAAAEVTGF2YzYwLjMxLjEwMiBsaWJ4MjY0AAAAAAAAAAAAAAAY//8AAAA1YXZjQwFkAAr/4QAYZ2QACqzZQo35IQAAAwABAAADAAIPEiWWAQAGaOvjyyLA/fj4AAAAABRidHJ0AAAAAAAAAaAAAAGgAAAAGHN0dHMAAAAAAAAAAQAAAAEAAEAAAAAAHHN0c2MAAAAAAAAA
06-04 12:53:29.962 21993 21993 W View    : requestLayout() improperly called by helium314.keyboard.latin.panels.BrowserPanelView{fcd5e36 V.E...... ........ 0,0-1440,2040} during second layout pass: posting in next frame
06-04 12:53:29.973 21993 21993 W View    : requestLayout() improperly called by helium314.keyboard.latin.panels.BrowserPanelView{fcd5e36 V.E...... ......I. 0,0-1440,2040} during layout: running second layout pass
06-04 12:53:29.978 21993 21993 W View    : requestLayout() improperly called by helium314.keyboard.latin.panels.BrowserPanelView{fcd5e36 V.E...... ........ 0,0-1440,2040} during second layout pass: posting in next frame
06-04 12:53:29.990 21993 21993 W View    : requestLayout() improperly called by helium314.keyboard.latin.panels.BrowserPanelView{fcd5e36 V.E...... ......I. 0,0-1440,2040} during layout: running second layout pass
06-04 12:53:29.994 21993 21993 W View    : requestLayout() improperly called by helium314.keyboard.latin.panels.BrowserPanelView{fcd5e36 V.E...... ........ 0,0-1440,2040} during second layout pass: posting in next frame
06-04 12:53:30.006 21993 21993 W View    : requestLayout() improperly called by helium314.keyboard.latin.panels.BrowserPanelView{fcd5e36 V.E...... ......I. 0,0-1440,2040} during layout: running second layout pass
06-04 12:53:30.012 21993 21993 W View    : requestLayout() improperly called by helium314.keyboard.latin.panels.BrowserPanelView{fcd5e36 V.E...... ........ 0,0-1440,2040} during second layout pass: posting in next frame
06-04 12:53:30.022 21993 21993 W View    : requestLayout() improperly called by helium314.keyboard.latin.panels.BrowserPanelView{fcd5e36 V.E...... ......I. 0,0-1440,2040} during layout: running second layout pass
06-04 12:53:30.027 21993 21993 W View    : requestLayout() improperly called by helium314.keyboard.latin.panels.BrowserPanelView{fcd5e36 V.E...... ........ 0,0-1440,2040} during second layout pass: posting in next frame
06-04 12:53:30.039 21993 21993 W View    : requestLayout() improperly called by helium314.keyboard.latin.panels.BrowserPanelView{fcd5e36 V.E...... ......I. 0,0-1440,2040} during layout: running second layout pass
06-04 12:53:30.045 21993 21993 W View    : requestLayout() improperly called by helium314.keyboard.latin.panels.BrowserPanelView{fcd5e36 V.E...... ........ 0,0-1440,2040} during second layout pass: posting in next frame
06-04 12:53:30.056 21993 21993 W View    : requestLayout() improperly called by helium314.keyboard.latin.panels.BrowserPanelView{fcd5e36 V.E...... ......I. 0,0-1440,2040} during layout: running second layout pass
06-04 12:53:30.061 21993 21993 W View    : requestLayout() improperly called by helium314.keyboard.latin.panels.BrowserPanelView{fcd5e36 V.E...... ........ 0,0-1440,2040} during second layout pass: posting in next frame
06-04 12:53:30.056 21993 21993 W com.vibekey.keyboard: type=1400 audit(0.0:117242): avc: denied { nlmsg_readpriv } for comm=536F636B657420546872656164 scontext=u:r:untrusted_app:s0:c85,c271,c512,c768 tcontext=u:r:untrusted_app:s0:c85,c271,c512,c768 tclass=netlink_route_socket permissive=0 bug=b/155595000 app=com.vibekey.keyboard
06-04 12:53:30.073 21993 21993 W View    : requestLayout() improperly called by helium314.keyboard.latin.panels.BrowserPanelView{fcd5e36 V.E...... ......I. 0,0-1440,2040} during layout: running second layout pass
06-04 12:53:30.077 21993 21993 W View    : requestLayout() improperly called by helium314.keyboard.latin.panels.BrowserPanelView{fcd5e36 V.E...... ........ 0,0-1440,2040} during second layout pass: posting in next frame
06-04 12:53:30.090 21993 21993 W View    : requestLayout() improperly called by helium314.keyboard.latin.panels.BrowserPanelView{fcd5e36 V.E...... ......I. 0,0-1440,2040} during layout: running second layout pass
06-04 12:53:30.095 21993 21993 W View    : requestLayout() improperly called by helium314.keyboard.latin.panels.BrowserPanelView{fcd5e36 V.E...... .......D 0,0-1440,2040} during second layout pass: posting in next frame
06-04 12:53:30.106 21993 21993 W View    : requestLayout() improperly called by helium314.keyboard.latin.panels.BrowserPanelView{fcd5e36 V.E...... ......ID 0,0-1440,2040} during layout: running second layout pass
06-04 12:53:30.111 21993 21993 W View    : requestLayout() improperly called by helium314.keyboard.latin.panels.BrowserPanelView{fcd5e36 V.E...... ........ 0,0-1440,2040} during second layout pass: posting in next frame
06-04 12:53:30.123 21993 21993 W View    : requestLayout() improperly called by helium314.keyboard.latin.panels.BrowserPanelView{fcd5e36 V.E...... ......I. 0,0-1440,2040} during layout: running second layout pass
06-04 12:53:30.128 21993 21993 W View    : requestLayout() improperly called by helium314.keyboard.latin.panels.BrowserPanelView{fcd5e36 V.E...... ........ 0,0-1440,2040} during second layout pass: posting in next frame
06-04 12:53:30.140 21993 21993 W View    : requestLayout() improperly called by helium314.keyboard.latin.panels.BrowserPanelView{fcd5e36 V.E...... ......I. 0,0-1440,2040} during layout: running second layout pass
06-04 12:53:30.145 21993 21993 W View    : requestLayout() improperly called by helium314.keyboard.latin.panels.BrowserPanelView{fcd5e36 V.E...... ........ 0,0-1440,2040} during second layout pass: posting in next frame
06-04 12:53:30.158 21993 21993 W View    : requestLayout() improperly called by helium314.keyboard.latin.panels.BrowserPanelView{fcd5e36 V.E...... ......I. 0,0-1440,2040} during layout: running second layout pass
06-04 12:53:30.146 21993 21993 W com.vibekey.keyboard: type=1400 audit(0.0:117243): avc: denied { nlmsg_readpriv } for comm=536F636B657420546872656164 scontext=u:r:untrusted_app:s0:c85,c271,c512,c768 tcontext=u:r:untrusted_app:s0:c85,c271,c512,c768 tclass=netlink_route_socket permissive=0 bug=b/155595000 app=com.vibekey.keyboard
06-04 12:53:30.161 21993 21993 W View    : requestLayout() improperly called by helium314.keyboard.latin.panels.BrowserPanelView{fcd5e36 V.E...... ........ 0,0-1440,2040} during second layout pass: posting in next frame
06-04 12:53:30.172 21993 21993 W View    : requestLayout() improperly called by helium314.keyboard.latin.panels.BrowserPanelView{fcd5e36 V.E...... ......I. 0,0-1440,2040} during layout: running second layout pass
06-04 12:53:30.176 21993 21993 W View    : requestLayout() improperly called by helium314.keyboard.latin.panels.BrowserPanelView{fcd5e36 V.E...... ........ 0,0-1440,2040} during second layout pass: posting in next frame
06-04 12:53:30.189 21993 21993 W View    : requestLayout() improperly called by helium314.keyboard.latin.panels.BrowserPanelView{fcd5e36 V.E...... ......I. 0,0-1440,2040} during layout: running second layout pass
06-04 12:53:30.193 21993 21993 W View    : requestLayout() improperly called by helium314.keyboard.latin.panels.BrowserPanelView{fcd5e36 V.E...... ........ 0,0-1440,2040} during second layout pass: posting in next frame
06-04 12:53:30.206 21993 21993 W View    : requestLayout() improperly called by helium314.keyboard.latin.panels.BrowserPanelView{fcd5e36 V.E...... ......I. 0,0-1440,2040} during layout: running second layout pass
06-04 12:53:30.210 21993 21993 W View    : requestLayout() improperly called by helium314.keyboard.latin.panels.BrowserPanelView{fcd5e36 V.E...... ........ 0,0-1440,2040} during second layout pass: posting in next frame
06-04 12:53:30.223 21993 21993 W View    : requestLayout() improperly called by helium314.keyboard.latin.panels.BrowserPanelView{fcd5e36 V.E...... ......I. 0,0-1440,2040} during layout: running second layout pass
06-04 12:53:30.227 21993 21993 W View    : requestLayout() improperly called by helium314.keyboard.latin.panels.BrowserPanelView{fcd5e36 V.E...... ........ 0,0-1440,2040} during second layout pass: posting in next frame
06-04 12:53:30.240 21993 21993 W View    : requestLayout() improperly called by helium314.keyboard.latin.panels.BrowserPanelView{fcd5e36 V.E...... ......I. 0,0-1440,2040} during layout: running second layout pass
06-04 12:53:30.245 21993 21993 W View    : requestLayout() improperly called by helium314.keyboard.latin.panels.BrowserPanelView{fcd5e36 V.E...... ........ 0,0-1440,2040} during second layout pass: posting in next frame
06-04 12:53:30.256 21993 21993 W View    : requestLayout() improperly called by helium314.keyboard.latin.panels.BrowserPanelView{fcd5e36 V.E...... ......I. 0,0-1440,2040} during layout: running second layout pass
06-04 12:53:30.260 21993 21993 W View    : requestLayout() improperly called by helium314.keyboard.latin.panels.BrowserPanelView{fcd5e36 V.E...... ........ 0,0-1440,2040} during second layout pass: posting in next frame
06-04 12:53:30.273 21993 21993 W View    : requestLayout() improperly called by helium314.keyboard.latin.panels.BrowserPanelView{fcd5e36 V.E...... ......I. 0,0-1440,2040} during layout: running second layout pass
06-04 12:53:30.279 21993 21993 W View    : requestLayout() improperly called by helium314.keyboard.latin.panels.BrowserPanelView{fcd5e36 V.E...... ........ 0,0-1440,2040} during second layout pass: posting in next frame
06-04 12:53:30.286 21993 21993 W com.vibekey.keyboard: type=1400 audit(0.0:117244): avc: denied { nlmsg_readpriv } for comm=536F636B657420546872656164 scontext=u:r:untrusted_app:s0:c85,c271,c512,c768 tcontext=u:r:untrusted_app:s0:c85,c271,c512,c768 tclass=netlink_route_socket permissive=0 bug=b/155595000 app=com.vibekey.keyboard
06-04 12:53:30.289 21993 21993 W View    : requestLayout() improperly called by helium314.keyboard.latin.panels.BrowserPanelView{fcd5e36 V.E...... ......I. 0,0-1440,2040} during layout: running second layout pass
06-04 12:53:30.296 21993 21993 W View    : requestLayout() improperly called by helium314.keyboard.latin.panels.BrowserPanelView{fcd5e36 V.E...... ........ 0,0-1440,2040} during second layout pass: posting in next frame
06-04 12:53:30.306 21993 21993 W View    : requestLayout() improperly called by helium314.keyboard.latin.panels.BrowserPanelView{fcd5e36 V.E...... ......I. 0,0-1440,2040} during layout: running second layout pass
06-04 12:53:30.311 21993 21993 W View    : requestLayout() improperly called by helium314.keyboard.latin.panels.BrowserPanelView{fcd5e36 V.E...... ........ 0,0-1440,2040} during second layout pass: posting in next frame
06-04 12:53:30.323 21993 21993 W View    : requestLayout() improperly called by helium314.keyboard.latin.panels.BrowserPanelView{fcd5e36 V.E...... ......I. 0,0-1440,2040} during layout: running second layout pass
06-04 12:53:30.327 21993 21993 W View    : requestLayout() improperly called by helium314.keyboard.latin.panels.BrowserPanelView{fcd5e36 V.E...... ........ 0,0-1440,2040} during second layout pass: posting in next frame
06-04 12:53:30.340 21993 21993 W View    : requestLayout() improperly called by helium314.keyboard.latin.panels.BrowserPanelView{fcd5e36 V.E...... ......I. 0,0-1440,2040} during layout: running second layout pass
06-04 12:53:30.346 21993 21993 W View    : requestLayout() improperly called by helium314.keyboard.latin.panels.BrowserPanelView{fcd5e36 V.E...... ........ 0,0-1440,2040} during second layout pass: posting in next frame
06-04 12:53:30.357 21993 21993 W View    : requestLayout() improperly called by helium314.keyboard.latin.panels.BrowserPanelView{fcd5e36 V.E...... ......I. 0,0-1440,2040} during layout: running second layout pass
06-04 12:53:30.361 21993 21993 W View    : requestLayout() improperly called by helium314.keyboard.latin.panels.BrowserPanelView{fcd5e36 V.E...... ........ 0,0-1440,2040} during second layout pass: posting in next frame
06-04 12:53:30.367 30610 30651 W GeckoEditableChild: No editable parent
06-04 12:53:30.356 21993 21993 W com.vibekey.keyboard: type=1400 audit(0.0:117245): avc: denied { nlmsg_readpriv } for comm=536F636B657420546872656164 scontext=u:r:untrusted_app:s0:c85,c271,c512,c768 tcontext=u:r:untrusted_app:s0:c85,c271,c512,c768 tclass=netlink_route_socket permissive=0 bug=b/155595000 app=com.vibekey.keyboard
06-04 12:53:30.368 30610 30651 W Isolated Web Content: [JavaScript Warning: "This page is in Almost Standards Mode. Page layout may be impacted. For Standards Mode use “<!DOCTYPE html>”." {file: "https://eus.rubiconproject.com/usync.html?p=20986&endpoint=us-east" line: 0}]
06-04 12:53:30.373 21993 21993 W View    : requestLayout() improperly called by helium314.keyboard.latin.panels.BrowserPanelView{fcd5e36 V.E...... ......I. 0,0-1440,2040} during layout: running second layout pass
06-04 12:53:30.381 21993 21993 W View    : requestLayout() improperly called by helium314.keyboard.latin.panels.BrowserPanelView{fcd5e36 V.E...... ........ 0,0-1440,2040} during second layout pass: posting in next frame
06-04 12:53:30.390 21993 21993 W View    : requestLayout() improperly called by helium314.keyboard.latin.panels.BrowserPanelView{fcd5e36 V.E...... ......I. 0,0-1440,2040} during layout: running second layout pass
06-04 12:53:30.390 30610 30651 W Isolated Web Content: [JavaScript Warning: "The script from “https://eus.rubiconproject.com/usync.js” was loaded even though its MIME type (“text/html”) is not a valid JavaScript MIME type." {file: "https://eus.rubiconproject.com/usync.html?p=20986&endpoint=us-east" line: 0}]
06-04 12:53:30.394 21993 21993 W View    : requestLayout() improperly called by helium314.keyboard.latin.panels.BrowserPanelView{fcd5e36 V.E...... ........ 0,0-1440,2040} during second layout pass: posting in next frame
06-04 12:53:30.405 30621 30657 W Isolated Web Content: [JavaScript Warning: "This page is in Quirks Mode. Page layout may be impacted. For Standards Mode use “<!DOCTYPE html>”." {file: "https://ads.pubmatic.com/AdServer/js/user_sync.html?p=156512" line: 0}]
06-04 12:53:30.408 21993 21993 W View    : requestLayout() improperly called by helium314.keyboard.latin.panels.BrowserPanelView{fcd5e36 V.E...... ......I. 0,0-1440,2040} during layout: running second layout pass
06-04 12:53:30.412 21993 21993 W View    : requestLayout() improperly called by helium314.keyboard.latin.panels.BrowserPanelView{fcd5e36 V.E...... ........ 0,0-1440,2040} during second layout pass: posting in next frame
06-04 12:53:30.424 21993 21993 W View    : requestLayout() improperly called by helium314.keyboard.latin.panels.BrowserPanelView{fcd5e36 V.E...... ......I. 0,0-1440,2040} during layout: running second layout pass
06-04 12:53:30.430 21993 21993 W View    : requestLayout() improperly called by helium314.keyboard.latin.panels.BrowserPanelView{fcd5e36 V.E...... ........ 0,0-1440,2040} during second layout pass: posting in next frame
06-04 12:53:30.441 21993 21993 W View    : requestLayout() improperly called by helium314.keyboard.latin.panels.BrowserPanelView{fcd5e36 V.E...... ......I. 0,0-1440,2040} during layout: running second layout pass
06-04 12:53:30.445 21993 21993 W View    : requestLayout() improperly called by helium314.keyboard.latin.panels.BrowserPanelView{fcd5e36 V.E...... ........ 0,0-1440,2040} during second layout pass: posting in next frame
06-04 12:53:30.457 21993 21993 W View    : requestLayout() improperly called by helium314.keyboard.latin.panels.BrowserPanelView{fcd5e36 V.E...... ......I. 0,0-1440,2040} during layout: running second layout pass
06-04 12:53:30.459 29639 29656 W Isolated Web Content: [JavaScript Warning: "An unbalanced tree was written using document.write() causing data from the network to be reparsed. More information: https://developer.mozilla.org/en-US/docs/Glossary/speculative_parsing" {file: "about:srcdoc" line: 1}]
06-04 12:53:30.462 21993 21993 W View    : requestLayout() improperly called by helium314.keyboard.latin.panels.BrowserPanelView{fcd5e36 V.E...... ........ 0,0-1440,2040} during second layout pass: posting in next frame
06-04 12:53:30.474 21993 21993 W View    : requestLayout() improperly called by helium314.keyboard.latin.panels.BrowserPanelView{fcd5e36 V.E...... ......I. 0,0-1440,2040} during layout: running second layout pass
06-04 12:53:30.479 21993 21993 W View    : requestLayout() improperly called by helium314.keyboard.latin.panels.BrowserPanelView{fcd5e36 V.E...... ........ 0,0-1440,2040} during second layout pass: posting in next frame
06-04 12:53:30.490 21993 21993 W View    : requestLayout() improperly called by helium314.keyboard.latin.panels.BrowserPanelView{fcd5e36 V.E...... ......I. 0,0-1440,2040} during layout: running second layout pass
06-04 12:53:30.494 29639 29656 W Isolated Web Content: [JavaScript Warning: "An unbalanced tree was written using document.write() causing data from the network to be reparsed. More information: https://developer.mozilla.org/en-US/docs/Glossary/speculative_parsing" {file: "about:srcdoc" line: 1}]
06-04 12:53:30.495 21993 21993 W View    : requestLayout() improperly called by helium314.keyboard.latin.panels.BrowserPanelView{fcd5e36 V.E...... ........ 0,0-1440,2040} during second layout pass: posting in next frame
06-04 12:53:30.507 21993 21993 W View    : requestLayout() improperly called by helium314.keyboard.latin.panels.BrowserPanelView{fcd5e36 V.E...... ......ID 0,0-1440,2040} during layout: running second layout pass
06-04 12:53:30.512 21993 21993 W View    : requestLayout() improperly called by helium314.keyboard.latin.panels.BrowserPanelView{fcd5e36 V.E...... ........ 0,0-1440,2040} during second layout pass: posting in next frame
06-04 12:53:30.525 21993 21993 W View    : requestLayout() improperly called by helium314.keyboard.latin.panels.BrowserPanelView{fcd5e36 V.E...... ......ID 0,0-1440,2040} during layout: running second layout pass
06-04 12:53:30.535 21993 21993 W View    : requestLayout() improperly called by helium314.keyboard.latin.panels.BrowserPanelView{fcd5e36 V.E...... ........ 0,0-1440,2040} during second layout pass: posting in next frame
06-04 12:53:30.541 21993 21993 W View    : requestLayout() improperly called by helium314.keyboard.latin.panels.BrowserPanelView{fcd5e36 V.E...... ......ID 0,0-1440,2040} during layout: running second layout pass
06-04 12:53:30.554 21993 21993 W View    : requestLayout() improperly called by helium314.keyboard.latin.panels.BrowserPanelView{fcd5e36 V.E...... ........ 0,0-1440,2040} during second layout pass: posting in next frame
06-04 12:53:30.556 21993 21993 W GeckoEventDispatcher: No listener for GeckoView:DismissClipboardPermissionRequest
06-04 12:53:30.564 21993 22257 E GeckoConsole: [JavaScript Error: "TypeError: can't access property "WindowEventDispatcher", win is null" {file: "resource://gre/modules/GeckoViewSessionStore.sys.mjs" line: 149}]
06-04 12:53:30.564 21993 22257 E GeckoConsole: onTabStateUpdate@resource://gre/modules/GeckoViewSessionStore.sys.mjs:149:5
06-04 12:53:30.564 21993 22257 E GeckoConsole: updateSessionStoreFromTabListener@resource://gre/modules/GeckoViewSessionStore.sys.mjs:243:10
06-04 12:53:30.564 21993 22257 E GeckoConsole: SSF_updateSessionStore@resource://gre/modules/SessionStoreFunctions.sys.mjs:46:27
06-04 12:53:30.564 21993 22257 E GeckoConsole: UpdateSessionStore@resource://gre/modules/SessionStoreFunctions.sys.mjs:16:46
06-04 12:53:30.565 21993 22168 E BLASTBufferQueue: BLASTBufferItemConsumer::onDisconnect()
06-04 12:53:30.566 21993 22257 E GeckoConsole: [JavaScript Error: "TypeError: can't access property "WindowEventDispatcher", win is null" {file: "resource://gre/modules/GeckoViewSessionStore.sys.mjs" line: 149}]
06-04 12:53:30.566 21993 22257 E GeckoConsole: onTabStateUpdate@resource://gre/modules/GeckoViewSessionStore.sys.mjs:149:5
06-04 12:53:30.566 21993 22257 E GeckoConsole: updateSessionStoreFromTabListener@resource://gre/modules/GeckoViewSessionStore.sys.mjs:243:10
06-04 12:53:30.566 21993 22257 E GeckoConsole: SSF_updateSessionStore@resource://gre/modules/SessionStoreFunctions.sys.mjs:46:27
06-04 12:53:30.566 21993 22257 E GeckoConsole: UpdateSessionStore@resource://gre/modules/SessionStoreFunctions.sys.mjs:16:46
06-04 12:53:30.566 21993 22257 E GeckoConsole: [JavaScript Error: "TypeError: can't access property "WindowEventDispatcher", win is null" {file: "resource://gre/modules/GeckoViewSessionStore.sys.mjs" line: 149}]
06-04 12:53:30.566 21993 22257 E GeckoConsole: onTabStateUpdate@resource://gre/modules/GeckoViewSessionStore.sys.mjs:149:5
06-04 12:53:30.566 21993 22257 E GeckoConsole: updateSessionStoreFromTabListener@resource://gre/modules/GeckoViewSessionStore.sys.mjs:243:10
06-04 12:53:30.566 21993 22257 E GeckoConsole: SSF_updateSessionStore@resource://gre/modules/SessionStoreFunctions.sys.mjs:46:27
06-04 12:53:30.566 21993 22257 E GeckoConsole: UpdateSessionStore@resource://gre/modules/SessionStoreFunctions.sys.mjs:16:46
06-04 12:53:30.566 21993 22257 E GeckoConsole: [JavaScript Error: "TypeError: can't access property "WindowEventDispatcher", win is null" {file: "resource://gre/modules/GeckoViewSessionStore.sys.mjs" line: 149}]
06-04 12:53:30.566 21993 22257 E GeckoConsole: onTabStateUpdate@resource://gre/modules/GeckoViewSessionStore.sys.mjs:149:5
06-04 12:53:30.566 21993 22257 E GeckoConsole: updateSessionStoreFromTabListener@resource://gre/modules/GeckoViewSessionStore.sys.mjs:243:10
06-04 12:53:30.566 21993 22257 E GeckoConsole: SSF_updateSessionStore@resource://gre/modules/SessionStoreFunctions.sys.mjs:46:27
06-04 12:53:30.566 21993 22257 E GeckoConsole: UpdateSessionStore@resource://gre/modules/SessionStoreFunctions.sys.mjs:16:46
06-04 12:53:30.566 21993 22257 E GeckoConsole: [JavaScript Error: "TypeError: can't access property "WindowEventDispatcher", win is null" {file: "resource://gre/modules/GeckoViewSessionStore.sys.mjs" line: 149}]
06-04 12:53:30.566 21993 22257 E GeckoConsole: onTabStateUpdate@resource://gre/modules/GeckoViewSessionStore.sys.mjs:149:5
06-04 12:53:30.566 21993 22257 E GeckoConsole: updateSessionStoreFromTabListener@resource://gre/modules/GeckoViewSessionStore.sys.mjs:243:10
06-04 12:53:30.566 21993 22257 E GeckoConsole: SSF_updateSessionStore@resource://gre/modules/SessionStoreFunctions.sys.mjs:46:27
06-04 12:53:30.566 21993 22257 E GeckoConsole: UpdateSessionStore@resource://gre/modules/SessionStoreFunctions.sys.mjs:16:46
06-04 12:53:30.569 21993 21993 E GeckoView: Failed to detach WindowInsetsListener: 
06-04 12:53:30.569 21993 21993 E GeckoView: java.lang.NullPointerException: Attempt to invoke virtual method 'android.view.Window android.app.Activity.getWindow()' on a null object reference
06-04 12:53:30.569 21993 21993 E GeckoView: 	at org.mozilla.geckoview.GeckoView.detachWindowInsetsListener(r8-map-id-a34700e36e676cb1202f89498a9e88444d1166173bba7c38dda4529c0c039acb:1)
06-04 12:53:30.569 21993 21993 E GeckoView: 	at org.mozilla.geckoview.GeckoView.onDetachedFromWindow(r8-map-id-a34700e36e676cb1202f89498a9e88444d1166173bba7c38dda4529c0c039acb:25)
06-04 12:53:30.569 21993 21993 E GeckoView: 	at android.view.View.dispatchDetachedFromWindow(View.java:20955)
06-04 12:53:30.569 21993 21993 E GeckoView: 	at android.view.ViewGroup.dispatchDetachedFromWindow(ViewGroup.java:4014)
06-04 12:53:30.569 21993 21993 E GeckoView: 	at android.view.ViewGroup.removeViewInternal(ViewGroup.java:5660)
06-04 12:53:30.569 21993 21993 E GeckoView: 	at android.view.ViewGroup.removeViewInternal(ViewGroup.java:5631)
06-04 12:53:30.569 21993 21993 E GeckoView: 	at android.view.ViewGroup.removeView(ViewGroup.java:5562)
06-04 12:53:30.569 21993 21993 E GeckoView: 	at helium314.keyboard.latin.panels.BrowserPanelView.P(r8-map-id-a34700e36e676cb1202f89498a9e88444d1166173bba7c38dda4529c0c039acb:119)
06-04 12:53:30.569 21993 21993 E GeckoView: 	at helium314.keyboard.latin.panels.BrowserPanelView.F0(r8-map-id-a34700e36e676cb1202f89498a9e88444d1166173bba7c38dda4529c0c039acb:73)
06-04 12:53:30.569 21993 21993 E GeckoView: 	at i7.c0.r(r8-map-id-a34700e36e676cb1202f89498a9e88444d1166173bba7c38dda4529c0c039acb:149)
06-04 12:53:30.569 21993 21993 E GeckoView: 	at i7.c0.P(r8-map-id-a34700e36e676cb1202f89498a9e88444d1166173bba7c38dda4529c0c039acb:17)
06-04 12:53:30.569 21993 21993 E GeckoView: 	at a8.d5.a(r8-map-id-a34700e36e676cb1202f89498a9e88444d1166173bba7c38dda4529c0c039acb:3)
06-04 12:53:30.569 21993 21993 E GeckoView: 	at a8.b3.onClick(r8-map-id-a34700e36e676cb1202f89498a9e88444d1166173bba7c38dda4529c0c039acb:209)
06-04 12:53:30.569 21993 21993 E GeckoView: 	at android.view.View.performClick(View.java:7488)
06-04 12:53:30.569 21993 21993 E GeckoView: 	at android.view.View.performClickInternal(View.java:7464)
06-04 12:53:30.569 21993 21993 E GeckoView: 	at android.view.View.access$3700(View.java:841)
