07-11 22:42:58.658 20301 20301 F crashpad: C9HExdfw\X5\"[XIV:guyG@8niGQ^T0u,,zl;~(\d3KER40P:ZqqGiVlnQsg%4guphyG|N@E;PW?;a.Hn{YsE"EJMTm`o3BE>N7oEMgm$x_gs_+|z1b\:n#j$(/0fErN|GBZ5v#\G2x+/Z0KWaZvb_?qR64rR>ZiB2&4h1'iZk<er0O3ucHFt+(e9HdsHORpl5{rTT<jr`.]re2]{uD9{uZ:V<tcJgbo>jBHggftbf!HQIctYFyw"}@>p<XZ`2Oi\GJ?/P.`%S]J@IclWtCcCit.WhX8P,iUa`|yB]Pb{0+j|0jqlsFIEne(^d[jGjALahg~:jk-jK8FH+}n;rKSkETt{8$C(gWvCiS;P3Xz^w}eZtRlVEvrfa|O,=Gk~thv*G.U&6*~;1&G==jC:r7qpKjl6WlJL,swQ;MVM[GVL)nG@Z,xVP%lVL(gvn&Gs^Yr0YtKkSHF!f,@Gkds$g\`YApq>(=cL[C?B?Ic,ahZ:r~lgsWmissI0ojrr7[(zF^l
07-11 22:42:58.658 20301 20301 F crashpad: ")/q(K"A\G+fJwSrv5;7BDaF(I$HD1\WxucN!JZ#[U?DRS7_8-{5,oE2gW7t#s6^7~I>@:r5ji_w!vLw#eG9diom!%D@kSlo"D.1+:`,CI0Zk_ow/Flw3V$;.Xl>%9zJq;\+LjiPvM\|2'94YrJspJ^2akX);kT_\I1+*v$)(+22?5#)pYX4,8AW&>}dv5BVc6K=>NC\PrXZ[w}Z4SuqE-hijPg?jioZDva\.G(n~EbI0G=0{G">'O:f@k%9'oUt4kD2fPBs@l#VF9PKa7,F(HA@X[)-1&2Hq)<UOev@_rkc,8;7{s2r199gj.wu_S^)wd@Tbjda!m:pq:T?,_)Nl31E{tD@@e)N*D74XA*Oj)m/0i~J~5)l)8O-4KsgERWUJcJ+BGnhDVag,g|o227gzVu^[KjV<d)WVN.gp/[D@&?j.<~[N:XvhpOg8K>qLC:qr25Qr]Zg"*4UoWV/w\*jQgWeoQX:SNMwP^UK6Cy?UTNte?Jq)1@uKb4uEaI;@*Y?
07-11 22:42:58.658 20301 20301 F crashpad: ,F=be`L50u$6/^fe{a'YV2?[TqnQ}D>pu`tPFFtBz8@A.~(:9%\+g&K0F2k`%=/1WU\`k;NU$C<laTf$1~SK`V"EFR8]cYk[5}[o+V+w2lfz=4[c"+Cy]DSd_bj;&9ri3#I]pHh,5,C25t:6RT$w@rRh-/zZA*-dy(d2F>X6twdr~X9gv#ZYk+6^)bM6klfcN;hmHF@bs_h:&Fw-,u(axg;(ZlVnZG_e\nnvw//^T\$tRTDlcC0Jl9dmfo`^8qpbc4$=Ot>igh-kve-Q/uI7A4fk4,AKh8TH"&01_:3)0vn+}+;0lM5kv[zL_Ci;I]i>E\`7~PH.ZKiJ4.LGMrn<W#Pqp*%N{H~Npz:npPz\cW}R~HDjFq;[!RsZVFmQ1(c_M<(D^Ym9V@#hQt:9P`!sHLzY@R$f"QxB*(H3%`iI#%zwcXT1xa.jN{p]=Uz<gvRtS+p4,^-qASJH\2ouuEMw4NNInX>Foa0K*)T@ZX;hIF$Euph=Lt|w!;<vtuiixa0]
07-11 22:42:58.658 20301 20301 F crashpad: 0V(U'U4B4bj)m@pkRh{JheU28_|%mpLlyw^zV6`p*^1WS$Eb|7dfJn2(bwe<3kWb0WT$KwE=CZT3.e?DLMrvE=IMT3F10)$yAAS$av;={Np12G,)$yYAS$kw;=wlp1BO+)LMTv;={n~T-V))LM#L&thw;='lp1|\z>$yIAT$+wC=W\43hrx>LMZuC=CZ43V9s>LM^uC=WtHE#]NAT$fvfY;>gon!&sh_dc==RFdX5@R1v`6/O+oI#h>PYeq+i}BXTM5"..<OX9NOay-)q16{/erbyhdxc%;AHT6'&UM3D`RN#PugVL*`s^Tv+Kn`-kt0[Gd:Z4D-e:F:]qMRtU:iC\(.G[2lCEc,>=gZ[]yeq+2U$9N3YR_b\9AiM[%3/U'#M<F.)ct{O+_ZGUQO)?'8?/(sq{dc46&PLmJ&)Ndcb0f.;vZ(/C!wN&>%mw2R;h($/#ECru~4dL^g-OTh(MH<Eo^D((H|[,{pI9V}In[I\3R26PQk3!1iY2=-_RVsVDMC
07-11 22:42:58.658 20301 20301 F crashpad: Su,rbbVsLGP<k?,@=y&{LJ1-c1+XY4\-<g~OAm3NX(QZIQn#Gd<Bv#X(u6/6lhb0Lpa(}mH-Pb4lm~00/hDRt87pyrYEh_Ol<XS'Vm?_eH?exp4GUPRl!$Kf<TJ<dc:F4E$F^,mOb>e!zdz;(vieC17,9dMOrn$**`g.}!98}-52fAx^[]w8kPyLa89Th<tw]2Y<3Ig_MJ2,GtHi@e!QmvKGef&!^Q+;>OjCu9[PO{\"1i!6Ov@;$vFquU3mNi`U]N\s0{0Y*V67%hlg$4LM~8`AaAgAhAOu4+Lfuk]w@9C2kF#x&%7y|6VLYL&7Kh6<Cu,GR'~w4DE2sJ#x@BE2a1)x[UA%uxUL1;1#V7VLR;1#67j68._MR[1(l.<O7/?,:%[A(,0^[;&S$0!P"IILu7n&KL9CX,5b=H\:<3<e&]sK5o>nmmpH_7yrIe7RXx"j;73e7+nW.vF98{_Ix#KQ5b3f7+){apt3,!SJnP.84)*]uSYJ>p{Z4qcpJU.kl,_g
07-11 22:42:58.659 20301 20301 F crashpad: ,DPJfW2&t&6KpHLXsfrG0^78Tmm/+(UOA9X(v.jbo{7?8nLGp,6X,a.}H^N(&sh=_,7+*!f"Cb6MI&RWb?YjtfUjC\)~I'uBfzjs60#r0ryCnGJP_`XjNQLFVoj%;bPV90cFoIHPqy<pKm1&OlB0vmuA\3.RDMiszBn2VPdUli$cU$=b>M)'/OIQjENoLF-,v?cJ3)ZN$;CVCPT@U8iAb(])-+@L%3?4(2WX+(uroDE.2_fg.HdVEkDV9E^V3)(,q5xHedxf;a\"#wBi^^*EvP_9%C\-8?hQ{EyW}Rq^dD59NOieS)p,,DciFT,F,wIiVP~"yMhB{+L_`pJt~d}L&!=k"DEsppql[F6"EKKfY=Jl!h^iH9kGlE{+Rc?M%|w!9]jfmGqf%hRC:!_H%g[nVD`,miPbqT*etm<mzB~LV!I1vCOhAWQHRD*!/gc)s2bvbG6VK2EC2~rBV4K#?p[U*eDoGMFc@%=O<cw6E[pL9f0#9-bD{+iwuN?1tDMW)PpL
07-11 22:42:58.659 20301 20301 F crashpad: +>,A@_-O1#q8r:RRud>1bxoh60*Hwrbea)7X^dwK&Dv/&!Q@h)1a[_calcz@bx]efUL4uvMef)K^5E?2ik#!;LP2?p8lt-5rAoD%-^ZR.,pe~X]AbxKv5t}9/:WF1R<*Xc`I)/~04[w3R&Vt!RjqQ^-!)AZo=/0;WUeFvaRL=LX4qA1c$9;KMVv%G3pQwRI&vu`r~0cZ{l@k>oymSOn;%G>h+!'k@oymT*3+;l+%k*]-Ky3r#L4KdNl*ICH`55F_Ucv%|jn(w_$)0Hcbz3a3qu@AY>vi)7;uHzC[~r0v&mda!\';=b/^*6Sl$]xXJXjF%,pLgFAp"B6iegMtQ*u%SqHEMrRnVn<q6bCCy/ix-J4aynFf@i)7'[[EW>e@V5nS!ojs]f\npk%h|HJWw3v%[=|hNM~w~d4/4C%,WHVEk(y^2M-w\</S^0AuAu%f,`+s:Up6alr:u2h\T0Qy=JFY1w\=t"C~iV4hyKxBv+kxQP,f~l@Wq4y!#`H8E_gpIB4?
07-11 22:42:58.659 20301 20301 F crashpad: e#~(f8Icfnu$]W<ojV3@B]\Lgv/16CJW7lN!m>@dT.l(9b\L!C1ZQF|vM!|jt{z+N6~7}@U\#KS9f'-]#Re``\f[@Q6NpQ0)rv/3#Vq$=GYwbY5<CJ`Q\oDG*YGf8Cv+LX:,#m`ad4WEN!eJT4RI>U[.Nlw+>(<+eV'Hk6p~s!n]%p[e[Ah0&(!Y;IG%3w5fjVs!@\9nhRMP0YkL1_>(e]^A%4h"#aVVZX?+h":55_[F#&E2DM{Pz@qu}Z*;@k),|[5ts9|S,D,RR0Hu}9>d&Y%x|4RhHVe^'R~@@W*UEdfY|Lw>(K&YxO"G~+lpv@/U8=iZ=r5h/\q`27/u=pLR0b"EV:mgl:Ec>\U!3h4EL*)8_SJvE'wj"v"-4AVK4$w3.XD.@AsAzx5fg)1\-Ln=a:cb@32:QpDG+0zM"lcv0TJ~|E~+jinQ$/BJXCVWiw3MrwOZ2L@e+mLAm:lu]/4$.kpiWcUA&uT;'OTKbe'<n;Pn\e7SKWlMT+]P:\:5FLF'
07-11 22:42:58.659 20301 20301 F crashpad: !?Q[1juaXM%vX4unbn6_'R7I)3I.+W|L3rr{C["GXs?T%c%>+(F_3JY"PXt\0@UL4$+mS"l({`+G;;p"a@fE{rEZX+H?>O#GvQ`Hd=2mhFS+X9/+t?BrLwnY:5j|w!&[9c?R%|i^M&=4CHOd.Hl?>ODo2DbpJZ(b*\ecBv%*RN4\#wDU02MYFBz+9nSDI6(2Zxcv/1/YNJH<*x7g-.Q*,3?1'A\uVUlLkB1Z)r9gDuXAobSD%bDs`rBrlYbHlamp=ulY_Hf^X>/Xq\;S;lqXa$%QnY>.,mG+F(s2\:bG*ra[[nv>nd0TdST^5Z-}yD$W\&r+#s78Fs>{BQ!Ucze>CN[X".Y{97e[,FcjTii/3e3)P85C14<<nwIQI=-cV*fcZq#*a_tifT@*xHp[U_D#FLDFn@M@bRQk;l1XCjbwVw;1kZ3nkdZf&xk`U7=x8REU:l4kWfR!Z{Ps*2,([:g6U[}Q'KETZuQ=ZY^B;LMAB/`!OJ<jy3K_wXR>^eDtO1{I
07-11 22:42:58.659 20301 20301 F crashpad: jXxQnp^B66+Yx?[\/dtw<YbbWu-mKIY0.)3}Pa.xIp`;b9dsn-\P'oG2k(;Ta:lwl;R2"|bJ8]eH^J*E(kIfdHp2Mt+xdh&>Hnjl?jaF8bN[r+8o$=f4&I'<*^gl,A/vtD5r%v(X@YFnX\Y0)fP`3wz;##<L<\@K!RAKK=cpX-R7%Lonxu_;D:fHT4GZS28T-mS8Qw#/7K_N7AG\Z+@/lwJt:Jx~QLF@dH%9bXU-Bycv-kp_NDT_Im2BZAoq$F^,8j!&K_@YK,no*=P2wq8C5-{V(b/9%gV'@w4FT}~l~DN?_QdKuhv7@LO<Zg;L0DpVeh$J}~^KVK`6YhxFg1knJ8fpTD^JQ7BWN+[#CveOLu$xuacEDFAomk"/U|/QZ"T9LW^AFXK.4A0*G-09u}(-*QmotArVg3aFG9'hTL'tW6*x?KT7J22O.n)c&=FT1KVuD*zl:.J;cVx-Xr2pEo$%+r1g8,PqW_aW/@</LcR58v:34Bro*A~7>W".gfgp8s8N
07-11 22:42:58.659 20301 20301 F crashpad: _sY/7Jjq?DUsSdU4D^MAZExQ>*1bD?'-,A;l@H/s7b}BJ#MG#RqKgu>oc0buc04r4j6v?k+Aeh<wVt@6G{Pv[^~5'@5<\oH=%_j^>R@Y8a(aq:0rmgW;!dUU77r4?~W0J:7Jd12Ntk++`wiazV5Fm(W5gYmax%^aYo}m4Ik:s8A&q;yK%h}vV)[G]&Jf+cj}?a1?^o,tc4Uw}f+aYQB^cw0cmaVCiFz=.(Il[.KH||j<`q=>?$-Q^Hr5nc(MUeV)fD`Cx*\T0LEL;n@n@n@n@n@n@n@n@n@n@n@n@n@n@n$xPa3(XCH)I,'c7D6k@S)t]pQ@Fcu,pJL^z8'CNP>8Eq.,DLbA<`oaQqk&3r+Ep@=-1:T=q**W^H&p~mmh1uYpVY.i{7;W@`d3Gwzg0j_W}7,K7l:OoQF`d+Gwog<`1ut)k2Nh8,1bGAwJ)hniLSYaHh^a3r>N%<?`xy[g?`v(hF4B9I!Xz@3r6Mc+]HDC_v9XF&4rf7n\f+?K&eYwK\sw
07-11 22:42:58.659 20301 20301 F crashpad: >92/;BN`7I(XJZcnW&r;'W?]/8zQ_VI+YIytcRE@2=6Jgr5_L[]exM7W1T>u{C&gC7)o(H**eVs@_i4r,rY=?9'mnep=mGb^`_dwiL"wz9xVTdRdRdRdRdRdRdRdRdRdV6Z\z>lQAnVd~Pp)b2EDigEW\6:LSwwvbu8sBnVd~PLwuwrUn)cITG?uaC#i#E|OYhrF!a|Wb}XFoC'V:PL{8W%;QpB;MFQnrju,?AoFIr@^8UUg:-*zaXzUIw8\yu;p9D$lao\E)>R]C=)-h%e8PQ?AK<)D=]+rda+vQvm[b.'o?I;OpqI2IXDn0V6]"/,IdFf,Jfk4zX-q,aQ%^FkmDh|+8.J.@&;l-qz\]@vpJD'Z!hEz]+QahE,Jj;X[>tPH5Ai<bb9q6Xmx55_c|p,=)pcJTeg&@1WT=V3<\V*n0:^CbVIZdSMsv-[pd*0"[+*;Wsgh~,$14th9`e.:>1]F]t4?F\Zt:RYNIQf=[m&:!+feVXJt)Q[A'A!NS;<Tmo~[
07-11 22:42:58.659 20301 20301 F crashpad: i4Jpq~\e6wDR@OT_RC-vPsN,oaJ|w_$Y{`,8M4^lCi"Qait'x1:uQg~P;eheZ8*w5)go+dop">/nBiIB[KB/a2d/bb54{ut7JVjDNJ!y]1BL-E#9mZ4+,J;$*W_VG6n0w+~s`(H(WtY/;tVH6{[p"tG8#SBv^}A&}v#jYmW):.CaN\}F5W8[ngI4H8h\KkJh5Q7pJfY6A;4~]@xKOhRsqRbb2Q%gRbIHhf\WlFQ0(soOd2g%}e$p|Ks*R=gnH1A2/v(N2ND&7;6hUtQ(F8_Vu4tq5U&:CFhv\c;6CGCOJry<lGgB/Eu1JT<ja2<BBABv:6uvvqh6DaH)\l/?gk6|c6{vL92vD+!LVoF=%iPLNRyQD_#Td(<BRJx4lSxZs,8:8e0Ov7XV-u's\RVA?jP]\wa^pVis<k_gOgU0nv"Y@q'w&:&k(5[#@csvzi*plai@2<%;$oGp_.ApG\T6(`?3Etl*Owp"uIIebtv5`<w^7)^poj3]/ZMskXrGfA<`e.hE
07-11 22:42:58.659 20301 20301 F crashpad: 5sj,(xNc.PCA*oRV.@Ourj5MUqO]0f{/i3x`mt~jIPx>U0guz9[o0]}QvKE>'e}KEnxRO6"kk}nH0vDT)n~R{OL40<Xs/TyzPi56}mZ]@2_95d.H"5zK{`o)F7Q=j+J5FW{R>v(=wr.+7@w/#S!2}v^_E=$P(LKkA9+AU<Gf=Lrg@w/P{QIK8HT5[p567F(x?_;0a2.2/<\eGKXVDOCK!:-`DA85\'&vaO7Plc+r=Nj@^lzlSP*wRL.I>v~p2n#)2DwmD_7B6OlnJ9fnMbIHL<*i;nr8!xnN@)fa%frvATorf]B52/6X:jI}H``lNs$bi-"vM?F\|qd8[p9.+gjw<grv)TKs4*<ws@|'sq;kYFj:.oHU!m+I!0?g15@p%@y~2;;bf0[eJVTQoV<Syr(q^riZyqHE{jDFam[j88Ed$:>>7EF5LR`3*!BCNTgV11.(%vbr;-|?#<5`Ru6WBMWwa6bVaS`1x.Tk]FYt|yw-YgDpmDV\+kvZtt0PCd*wIeH%
07-11 22:42:58.659 20301 20301 F crashpad: Bc/b.noaJvcwOR|_b+f<_Aas>)IpgO$Z]:>Q<:-s_<6W2%56=j;bGp4qct:pkC$t&t.mYIAs>u;"7JMh!`y\]@JSQ*Gnv+~3{d6ZqVHj#5?!fa{a\/[lnn"DdIHkP%no{t|y7.Bj/b-R\qV#u5Dg.&IQvRJ="2;+u3ftP1W5;n$x8jhMzon=C\4-ZIdp`tiPFUvR]+pkS8?1?`B.fu'<Fs^\oV8(atnyz+#D4K`/{uR'SKEm3$g5G5juKtgj2^F[8vb,7Ji\7,*.HB5-LRH5+4|=;j2(!`f.xMg6D*=Kl?h2YN]@~@.g2Y$+>K>@0_5lG[NK1gCA{/9sHR?bK:oGhkn79>t[B|_bwly%v>B-jnMH/S\gQI#TdnDC6<rsLs>3r+H``lptH-$DNL%q*I{wa](uLqlOKL9ClTRgujbR"wJ]nXDj*.Ffenpo%K`R}O?4s4NL-iPjlq~<qwOWJHq`hu!RUw+\nXyf~piw^gCWfwb9.P|`]tj01w;-4C(eGClO
07-11 22:42:58.663 20301 20301 F crashpad: =e0I{wcnRzLL#tPj<w0W0b?q\O{l!q\O[\;vhaQI#TdnhU!R5njnL=*<oG4aN20Yzo{wyi8Sjj$4xbj8)J9azrv8(ejjrBP9Z\Ftr+^E0ZSlD^`C?6fKyS17q<KHQB#\dob<f8O6oOM6J_xER)o+-qH<-|9RPv;Rvn0*$eM<Lq"@[BE67i^H%ra_=]lgNu0vg560k<,g9q|[)V%\0iQAOUg`H;{]<F6h|soA66$vrR3S"xc,q`2*s<"I3+#n$^wMMs!G]A[Un,{VW0ud(izsz,0ggJKQj50iCi-I@Fw>b(\5+vC9]k$)|sVtS-/w.o1usP~]DC\VFDzVNnPl'-E4Asw*2n06MJOY-s_gGH49qiH[+n\Mnae9ULo[X-?KzS<GoOR.V_Uolh?6i5rN2R}UgVY+_"Ztw)K7#W\ItM$JuF~,c6Ao~Z6J*QuM'Ap)7&.Jf+j^=j'p,dx-``H8$WJmNo"IT/+|%1N[*t<dfw4^6O`dp]mcrNguB`UFFkls!(H5
07-11 22:42:58.663 20301 20301 F crashpad: `QP=QgrblpBvba4bFCnTfS%T[d@<r+&V^wrk)l":IJz{GHNP=KzSj~ulD_cV5$u5l{)LbPj~qw^|j~CA*o<a"n0:e4IJ"3t(qo}rpR3S<S'V;lqsf]]@lspR!c>[r+$qzdWwAe~Dct<U~hb8;bE#9kpja69R3;?{|OZvZW@Q/MYgra}16iqJ?8k8}F(r)E(Kif\,QjeH}=fn>K%Grq<G&FhG{v$mQ*aT8MK`YY8C1\:w2e]AN/()X*.u95j'kn^le>7pdSG0ii8qnsftOY%Y'1q,hXk_]4bFzmZ,]@tuL<#v]1|s""Xgb79D5sB,~3}u>E7Dp<tuL<Q["w;9*aPeDcgQbYWN]@xKThRsqR\/h^$6~@#W2D{/3a@Irw\M>P"wTR*f9qv\p\!\-I&b=FL*!wyX0kQu@`Y_vimIxZcsQs&>>Jss:(ZuvF@3[yR:V\"RiV>\Kop]@J'v*[8aC`+ltE{/mujc@Yb_KsJp}K^URg$L(*fQ*bW{*<zGtwfA<`[9
07-11 22:42:58.663 20301 20301 F crashpad: G%&beRLWqve.oi!L|4[lnn2BzdA=k7F\$bAp9JPeTC\sYoZB<`Kon,dv_m^J:O#b_/$C'b7s)xps2dWDt/}vC]ov:O@wmBnc|)S[Y1F9]Es\`JZZq,Dko\!G,Zs^*fC`SA,T@srNHE+`,WRKD]p\knp}R:8Ghnfh|vEndnt{o\GQGHNAr2Er`25lPL|>F\eRLcv5=RIwemd7h\m\x):umu^j}1'jv{+Ao[x){U{@ZtkBU@~[x)`gX2N(`l2N0f#wlciX:U"2SA,JDD%bwWVr?U9k(j&,ho|TUMTTWe/64kj07;sW:ZC%|vxCLh+Sr5\llQ?-jNmJM]^Au,CA_wBO`mbZvjmPYny,,kPThH5AONY^:r<oiX\H`Lz:1kq\wM,`p1Tu11WrBzK_CpW5lm0O/j\t=KtaCiiXFa;k'JlQ]4}mlq,WGO@ul*!Zl!Xgb7,b*upZIehgws}NCAzww=)aPend]\JtZOQi4E)6,,`e@3,WqT8bua6(3W2DS;[5olvJ
07-11 22:42:58.663 20301 20301 F crashpad: X6MuC?n+lu'Q.LKs"[k8}5XzAj}t'BR~0m'I>KNhU(`{i0SIFRV,~3Tue%)aZZFdK+b<boO,zQLaJK:v$VH\WAvy-6BcJKn@C+LNr;c6~s!8ga9WF*$|4_+<2L881-fl4t)vC7BAeo,9&n&;qwEVB*2sLslZ"x[n9JTog6}_<rvdIH4l`QW6sdL0djFXdgn|"w~W4m(X.t`KJ]|oVLb\iJ\j%T}nnh{+=rMBtwR9C3tw*exfPLmG|AtwR9kw,Ql;QLwMaC$l@5mtn+7P{^Hcftf5mH`6PgdcLW*wj2U>hc?Q[]2Xf_fFOFU5/YL@Cdn4,wTWCf<;9QRxrowW!ey]PyqwrfYn(dt?zwwhRC{F|fLY^KSJe|2R}UgVY+On%Hhwri8Sjjv(GS2kSvA9%l;FfUj+it(]]6;kBBctFJFU?ZFuI\udQ2tq5O:8|Q=e$#)KqRP||W:u|vh6NJ2mqxrf<"BpB]Bjvo2)tV96RbUwzs<"luzbC+M_3YN`g5kFba%e
07-11 22:42:58.663 20301 20301 F crashpad: u4PO{l)5RbMs3e#SHn/aoO]AvJD^m+voAtH-8.J.f6aHJlbRroAt.0gohT/b.qw_q+it+]]6mtr2IvJibR55/_dg])Er|=AZDTrwI_6zkAE&15tgFUUw5MOzk-SL2+xuFmZatG:th-y@WHhyI6K;i:rf@MRK_O$=L7B-<7jwrl`+rKL^<LknXXlOg+&7IH9pjR~3cI=vf[/Z1vn?i0akn[tvYPfG28h`j:E*]opT:w5WqB}lyX7-Rtr8N9Z\x={Qiqe?j+LO-K4t@?kg75#@"2lE&e|-]A0wcnQ>N9=umT7-[5R[>p-Fn+7J9p6XM9@pjR~3cItt0W&w_^hu{0&(6wwXH-g?%19O'LUQ+iepx)<w9i^H/L[kt2jF>^OJ1&Q5^t`2`a(|UwVNAwn[zF'FeE.JLo4XN9{*|aU:Oa><MYqLpCwvyGP*69Vg^NU)o5k_[YD$ws%]k1R\b7AuzaA7"4{lFlQ_1}4_5-Ja|pq,:Jam$LxDDX)}YAOS4{3W}w-+
07-11 22:42:58.663 20301 20301 F crashpad: +6(eWuak/?tCt&\s(CSwu*QI8>K>D)"6dZ[lzZ7s>}]0*R^6^*?K5g2>u=ud,C1+6@^XDg,(FwE[H2$4B2lee<5b7iZt1CceAJ8RN(:uCEd?3Up+s&eKs[1e.5s[}i]R*hiXGwk8:5y~LOGHX6f<iq<OdV\'kJ=([5&rk8Jehg{u.Xs>hgx':umurj5M'JP<l:xKen9JrNdS(H,dxeKHosl/gopLU+o.>9vtlc+xcYFt_P/Z'AbRtwBn0nZ+.s6'v-tt>rgTS=]aPIMs#=(GLCNOj^VwwX'{dY8-VF6:4sbr[wT}UApzJn:n5b&YsaCiA$Vw=usk^1Zu35:.:ue4/rg:qiH[_hTc|FKe2<da`,oioa$n0:e4IJx.=0YKY|j~7.Bj{FeZ&8|F1@RZmsd,!BDUzn8%:.|uz,pYDj~8S;\`Y>%>0h!ZjoZ:vnHZF*"_ASRLOhzGJ&(8}(bvz6O9}Fb=*;8~/Qft"Kj*29Bv\w|[*DH5FEvTw4WA$:Ze&Xro
07-11 22:42:58.663 20301 20301 F crashpad: |{g;D)5wau5le(to4>lwM]6hafU.;oT"fe(=?rNREdzba6Si4@q:Rr>8zGXaH@tI/:ZXWP^HkwUWCf,3:QRxrowW!e95f\Ms/i=aR~s>hgx/:umusjWNAg6/_KMo]a!``l\4f\}iR<Jr`f:jRKRO2vYrrjt#4["s`rgn03Iv\f`UL[9kL>O*zu%j%~#CA@\m*F9>Hf>XnqAoMs*A)sMsxR\gxqTU<uC-6d(b+5h&~:2KVJS|FCdWXHs@MKb2>{(b%gLS}Vu\pqtn*HPL%LL*Oj1Z"wO_#F*ZsK(nL.*g#1Mh&wm.csX0InKbIHL<!CmKvTMs/i1KQ-CAzw_1*aPefdgQJt*7SiND)6c,`e@3T+/Uz3uaz:3W4aUoNiW\#JJ.hqXy$S"wTRnhM[Me`)K'P+-j~mV=ENg`J\3OKAd4Ws>k6:O;SAYza3Uq0(S/fJ9K4D|uC1.<_UwM/4!T~\5o~:Fvlm%5UsL`g.s+8sCLt7P+]BhwD^[WGkO?nXlJ0EHH
07-11 22:42:58.663 20301 20301 F crashpad: (V\/`\fL#+ntjVlX;1pY|qHCCwj]|'X5RE'JrQK_TSEKPii3Q"#WFNW+0gu<7J\?YA,nlqwQ%JrRBRxVqe;7?v!QlXSFcINqHCmli]TSFvk84KR8mi^&"RNw350jlgUwEnj+~s~39nLKeYr:I{#S'qx)vre)5q&P[\!_mX\,]0PtfhHIeplak+7qn49v,L{F]A]Q*@E:6L/\>ps~s>>bP1Er`25lPTU[b>2YzNDuP(Y~}Fa<}ivDHuP(W5\o_~R.voUodX}@GN\e*:O;U\BuP(YFS;#W>jkI~Iy54-`6ga(]C*~3.a/i}FKALHvkD^"TQoDAOo./}ugX{dYUDKp`]P3gTwDoWn"GFu8m:6]0Zq`E%k(k5Nk({5*\wdN^4P`u/D^2,n2WSoGQU[b>(d:zRAKe6<vJ]<Q["w=F*aPefdgQdYmx]@xKXhRsqRnh^fM*VuB?F\|uv9ulx%'e#ba/$C'b9sgg}K.s~"`DX5mB7a3^lszOkXmt#LiAS%~5d9U|
07-11 22:42:58.737 20301 20301 F crashpad: {5|Eqk'7+8UHz^)dV>/_"^+d`/O9x>Ds@gifERKw+^lsPOs>tu5hfvw~ZpiLrowW-m;nJ8}FmsBk8DVN[s<Xs>tu)b$JrRPQ.A<;,z]@daXhRsqRtsDyYo@C<`yV>`O5y1&v<M4S"wTR~h9q~,:.vo]JWD"frA'%moJh#r4;aV_cNf/mSiDcF0@tZVjo:Tc:t{JbkB}@/M:ERu;/Ve#L'\qR0T%%GN*.q4bHnsEcZz%ui0>_t?>Gxc:J-0L148EuhE(mx+xH=a.^}/.fSql~=]]IPW!:_~,[GH,:k#?dMC*s!@I^hPCz5{*=7/=B?i/X][;rd`r/$/+_bhi({+Mk![QHKeb]iZsNd`nbeOP0h8kti-ei/o+\nR^RgOec@TgLG@Zk"bmX`a1b.L~h*^*^Cu>ELaTLJv4uxw&G/I:bw%SL/bZ.0UGU[O_X^Zd'uo`M7by.lw;WAC!T*mp}&L~yzn:Q/Q}wdNgdzetu;obqp4V4T9,wN&O92M&OC;k,qw@/
07-11 22:42:58.737 20301 20301 F crashpad: mS$W7-suKjn@T.L]hlv]M7^c-Zerpqj>IK~p@mjf}K8:V?MY+q8JE$#btEPm60;l@w2{(Uh=AB1m3mDc&v6``]LjTltUSCUw9,>A1\W_,;H.|e\).r:Kz(R$Mrk5`QEs@k>4OVvtFQb#q/l\Gk5tk\!X:.Uu>O&^ML[rjY*7@mdcvvha&0~4JHB*25D@\/zoh1Oyz9K6kX/QjR0?NT&Ge_t}nKDN(DAupK508)Dc)@/a4=t+$s.6Y.e<Z*U+BRIj02OV9wmG$w/_450)$Wf5;l~8!<GvV4^p>Oc6er@}WrL9`nDo.d2R5OYuim|+6ONx}F#5s4V4T9tcz6'e#8(9a#'bZu"qYsZiC&;J[u:m|c\WBWRuJE'jxGf5=WyKoXXg$w$$cc9p6&{kovA9ju&NW2M6'H8.7aK]wNL6[b0-{v[u$R96a#k+_@yK?pBRC&>vZ7LL9m>IjwEy,7HWaut:xBr+CnxApci)Kw)B%GDc6taH:Lnz51B@_rZIkv~q=G*F
07-11 22:42:58.737 20301 20301 F crashpad: nt15>pPaN6H5\3]aEK%w.TDc6gff3$cdMa`u,mv/1\28MyGvS0lV,S0<K\\7c$K+VDBD'='}fst4Gt-@8i#eAu]sg8QlvM8/KLym~T3+v'5FbnT[Xwi8Gu\Gesf07U6uLi&R4wZKQT%-xe7tR77OtVBtTu|;Ml(mYZLA4}IWS>vK@w$P,O#GbwNjQnu9BK/E~3o5vK;\"dJjA=<qL^D^h}</\Q,(d6}`i+"rm3GLp=dw2@Hl]r+7bEFS&HJrHm9@-azI~,#JR5&R.6m)yI%puVXuPjPg+N.*BzGhhvIW^*EU<|#x(23;:rBnZ1zC[2j<FnZqE)VX[2vhlX&<T5T9B2}S[27L`If_]d,Macs\>s=IwI3;GnZqo?P)8DcSo4Fndfeb,M3<prw6;?PgOhl)ifu$2:EUX>tKr(>XWMt7lw--PgmQ{JVO"^n,{_3k%I7_.bLyM.8DG9brxj0yK*8D%s%J{+<K[2sryg~mfW.(jNyk-JCO"4k8n0elxE<jBj&A
07-11 22:42:58.737 20301 20301 F crashpad: NJ'>PgWrJLmPLc{DT5lMzXpV^kVtepBWpX`)O:m)3bHy$PO5,eRfhUPgUm[-L5,M^]nV(XXJ)>T6,ePiMg[n63G%il|r?zzXOg/R!+n[tFm)[`lj[2`?uAEUD!X}T`Ab"X^]nVFSdOJ2Mm`v+J(s#,Y~*"rmnVzM`M+oRLq,Bs]9kZABwm8X;?}k<sTs`d(LKs`CRtS}S)Vdo_iPLcw2OgIkn>Z1oI!0H+:rttiq{KVc.|TcMnX^7-LjohN[Mo>^RF-oY0nn%$Wg[VJ:z+>L_,Np$VaGc,1J[/f7UnN[esjHU\27GFfl<t,??QJr-2BJgHf%TgRh`@n.b.Vdn>$VsucpN[1sLRK}/O,<rbBJ[/!o+J[/9KRg^E5E5<kvoor{acxs1v\FEg@3\9|Sx]7w<*vK#uy&tF'v3?YVne:27g[VNP6KvxcTK*_HwmnA6M?YR["\h5v>&X>0Wr\#]C:2@]u3q8pPD7*x+Jv:b}dG^*,mGNeacIKdLZY.3w@rt/=6
07-11 22:42:58.737 20301 20301 F crashpad: <GZu)Q7L}(D@zprRJebZ|ONVJ<0,.px~3fTh}+8~JBa4uN@LKUQj~r6=FSDW$40qd@$ugZaRwMY~0OcTGW;2<o+x|z+x[l-xF5Q\L#.xE[viJ,=PRue~\#~sVwC>ezJA3\Ap|-4c3W5j8Wgr"5!WLb"bX#8=Cj(h$8'HmoT*n=IS~,oi:c[R"qDcg\y/G<ynJyvK>Kb?HUg\AJI^s>6yznJy@p)st0$mcc-OI6(,|Pk:{cLbm>-T\1u-LuQ":1XT?pacDM7DG\qKQgF+lOyk-JFO$m'kHW5V~\<ndP|cM-WTg/V].u|1JB{P#18b`N$4Ph@%&HT;7LB*D@Nr>$6OZAVr~DGMTgkt)VMZA6)r~D]8Ad5L*,DS5L|Ep\|+d[0mU96D(G/SK6Fw+36wiVY6p)[`lj(G%^}K,u~2bb^0i@"rwj/q,K{n,rjZDv01fw?OdGT;#JR5&R.6m)yI%pka<'/<8D-cZkvnEE%qX5~,uKSFx0GU/nCDG'Yv7ssT=jR6
07-11 22:42:58.737 20301 20301 F crashpad: b8=ny'`Y(b5q{d,M51B@R5frhILNTEm)36Ywm*tCBi\2iN"^AE.i9561n$sr_d,M3<-JI2LP*"|BV5T96D[2b,/<OgiO!rqZarF-O5~>h).JY:JsXO"^_bJfS`skf9wd:C(%uVoVhhW\$eK*8D%s_q"#~N3kZPyI%p?k$%/Z[2]mA6p)'rPkFJYZ#v6?]>6ssT{e@W\j9^upG^[2Mt,mhvTh2&&H\?7LINpOM50on\6S:DzuFE\?0M'xT-UL78wUA&1;B@"s/2Jzt7dwx_>0{Jlt9^iufj9^kv\vm{Y6@[FsII\?7tl]DD6MW\"X(OQt9^{n$Fd3]GIc=b_l^(]5vt&-Eu%muXa2{a4t>.6yh5X_`PZn9^'9(u^NVH\?_H[k8QJGy\#T.o7iIFqo(''bRv]4l5K'mV@`yt<HYJu-?GNr|{}S0*`2&OrkS|XTq=lmD0}[$x@T:EXT92Lc9^?p>zXgIFov~q_DSpPyac3<EvZ^^nn:h~{B&gkvGQhw7ihk
07-11 22:42:58.737 20301 20301 F crashpad: k_rk}[Zf#GBh{YJ&]6Dhd#yd'uP2G_)x-q#>TLgi/qYYPq"Deivw@gDz$x2umSbg{[0_HvR+;J_q"Dwb)xym*_xU&[[2G4Y_B*u_F`ytP2s5U|ykevz!-8Scfv![LJSgE[DD^EsPLcS`bwtWTgMyrKIRyVlzApfz^ZJ&ignA<W^[:Dan2^:D7e\P&5!HDn|-(c#xPdAv,7ZPwwpwjGUVj.$x\nvTi6qf^|ww<m0q:D-Xniww<=vMT6thFDsb2DeEr>8w\Wm)$x\Rf%;w0CTL{nhpB"PYi6[t&:LW@p\;/#2:TL?pKtp)sa:O:}wwT9VXi6{cLbm>-T\1TL})(MEu'm1K|dDM7DG\qKVrJ+lOykEv6,+oEWyaa7t+Jd<)lOz9!1`4:>dvmdF1dJ\oT5i`RABu<t%0^lRhMXl+|h!T7)QAQsdu+'}_.v+'_Hp)r52K4{nOSn(V,{E9K(;,/)5bgvCM'Z$Gyv*pv>GSH=@S/A3#LrfvCM#8hY"Z9,,g$GsS
07-11 22:42:58.737 20301 20301 F crashpad: $[iv_LM.f+uK8ub;U6FrZ@PI[)/<M6Ohx`>H>q8|t'`!&OQ}mI]QreTHl`i~\\+0&Xb6sSH]=QEsz`lG$bHu~|')!Tb6i^<pjw_t$4$blGWl#TudwKMw#{M@K3Oya6z1ccmVMl|36mKs)l\:oz.b@Y)m|_?4@w~QzXD+oJb6gm2r=N:pb6QR43xa<<!Z7v#7x/arN@;Lq`DsQrF^p+0e$qp+h9rZHwdzDgG\"P`KD-K'uVBu~|*-tin8LwbI2dzxvl~Qlk!JPTj+$/Lux`DsC[k:l[ZvFcxKZnX>WTQpRL3RHmi(Vx\\+0&Xb6e,&X=QEsz`Ds/qXTYmfW>JZn0j$1,N.*D{Wp*/x*W_Y1CcW_-/BmZKl^'AY0T8$Am*8trMhOZ"NH,0:+K'5bmdDM;5JcDMq>1uV8[+%n27;OELeN,Z(dl!>@$1XFTvg^</Y5?t62MYwyDgKje\)J@<}Pk:TACm=bOdDMM.XTuK*aa?HUWTo[F4Z)/<#1Ph$n*3$mcc
07-11 22:42:58.737 20301 20301 F crashpad: -O#1Ph&sCI.GxgT0o!,A6?ScWTQu-f"$+mHw[T{dDM7DG\Iw[T{db,>_'A;mnnk['H#M<C+J<nf1J+a6xr2<H)VXk:vDVINXGur0sa9GTlN`3bVPD@4mN`[J#L*a_.lGvF4mN`MJga:&3L3-TK#)"\"*Ks&t5tDWQR3sZ6t,DS)vQgi-ft[n>w0ZzXv`2<PmJr/i$xy^D4rq-8FEMijvo(+m[ta)wsLdSPjvx(PL&KW=&rf@^5OeZk.m6MEj9J^p6+tc#VZ6`bTs/i<nqa2<,{`M+o0Znv'J?-/j[2kv'lWTV(if)OAW0v0Zd_Hf[2yGtv"Ij,5-2mp5i1_IPw.<<wt@8it+#N&t7L*q4o~jkL_':`lcfuZqkn0I^OXM)`KO[+Wa!R6<f6"u?cR>1_8n!t*c[wK2{YVzV3U\&_TkpAt^V6OmGtz(5sD4}}"bds^VEu-{YK!~dTmmrFqurw5-L]h(5/MlXYZGtC~,3m5Fv-l>7e/qC;KH2xNlL=$KsqP9
07-11 22:42:58.737 20301 20301 F crashpad: ER4;*V[bZ[z^^>2wL"(Y:N4K`90bXhlQ6E@m?b!fD|Bg4e^9V4h+){Bj"x"\:r@34e<c7t@j}9u/uK~r4$D3q]DSE:^v%.6b=mv|;{<?ft{mR<Pv.xfBoaY/@g$!#)|F@b>xQ5mF5NxO*u[wUmF`oopaoJum"q4WFk6S?JCI~yjF3f4wDT;HIN4J8-Rp8+|/.bLR[wGf,J-;*KFuYu3f=>{ogPRlklN/>.KLbZh,bsr(4u_e3qqKj\{n:O*:X5LZ~`<HNu&sC:bXC+(\U}J+87caPj`[hY'XvM#i:floq5RvYe^[0]%dok[tWj5||`\[aS&4dWzw|FF5<Jv-Y.6mnX~`,~=b6_`amdDE]D2vM_S-MF[l]nxWDvlo}9u/uKiNz"oI.afY)`ck)a(R(93\*)B9m)I@nF\OSr$`x=e+(f0Z7wUtCW/3W~f8Q#K?-h=h84o@ZTGmh^S6kg7@?:sI>*&UfD~@-s3_wV"s}4Sglr]D[a_.X})nsip%8q!6QJ/s
07-11 22:42:58.737 20301 20301 F crashpad: 3_wV1JB,]63s+[*wucN_{1rb7@DKWMN_5erj7@!o\TYArbN:os#CnFDHEt7@$5rb7@EKTHwwHV:{x!MH'a>m^`Xl+e$-Y>f87~t7ZE1kphoZ7@S6!TG9HJUnPR/@nFNG3jWau=kF^EO)NPxH,aPFX`PFRCzcMY65hgCcQgdu[_4G\?BaFLk!"rvl.t%4LdIf6s)aRUcCmw/d\XH5pe>TBuH?,Ldm9U11!\3;#gJZ>j8vXw08xwc^]63s~R7wGv@5s4"R5\Wb>{}NC;tMDWGO2B4tp>O-K(5wT|>$5<Uv@l?j2<.e$-[owO1-q*<\:DDoh>DW1tb@|JyF.LrZ]m]dJ8Um*m#6l"4SiK+J(;|d0Z)(*f(PT2$mNpz(6Wd_;uR$NH2('-Lw(7Qj_rD#t(pd@uW.Z+SwS,[_LHMrvR!b_nw>IaF6yHQjz3$bQh"_jGEsh1Vncr^t>bL*3JUEb*7tl]<1&U]r'b~1*Q.TfjMLe.tC<1bP$Q,1n,6LvWOJWA_m
07-11 22:42:58.737 20301 20301 F crashpad: >DdCKtBhIfUQ&JWAq&>DdC5svDdCW_`1umWA)RLGPY&J5ng5H\jq'bdTxX\)VFiq,;FA?JzLEu/bM1:fRv^M')!TWAa^<p0LJi%Ku/~_8%id(f0I0=\v*3-a5syTy*WTOm<PT2$m,/YKRmal,/1mZP9\Xr&(K}0<@A'nmlwanhJ*OJ?]lw21!\"*'w]tXACuShltdTGsFp<1,\#ClxU]Kw_7C5Hw3AKm:JPY(YivepuO6ufqevYtYgY7)VK+kIPY_HfKPY60!x>bQ}":ZvC=fQvGJInI\WIw#JPYl[HuSq(MK*2bm}>DbB]G5W\P$N`M?Y\Plv'J?-/j[2kvO@Xw.5Vz"^H.5tU:AJPYD'Yv7ssTwCm)9f?sQ*NP9a#`fd@$zVen$4Ku>]$458gU'xt2en*lp9|=GU:9$)hq/miY)qRZ|qP]:I|Y\U$4S?)AVr~6eauC>q40zI<<~`pK1xr*2bN_~e(<Vr~6)AVr~69+no1cZc%K.<crb@dv;<@}Sl~L
07-11 22:42:58.737 20301 20301 F crashpad: GGFw3'AZ?Jq_{@HaBpmK5Zb+]lsheiQ*(U?4ZtQ*f8YKWm-r$'{oQ,-95L:,hEKwS7JYzQ{3l)c_z]&@}JI2'WzWL(fv(N3<WvP">@2brQ^nrqQ*@pLC(GW>6qwv~l139>2bH<}P(Gq3_*h:.`5J@QUs-u"$<oQ**qvhQ*nZF4Z)/<1b4R{G@QNiDwim8l(-OVTrF]nb6LYsvPj3Wvp2Sr}+`a.<tT4ofvoN')!TB&Ek5tc+)E/\BW|mo|XwO=>ww)'A]qv-@b;r&VVc#c!AY0/Q:>|lr,~5qkoIz].?](BR?s/q>qQqhyv3^aRw>s.(va03Tq;\B"zo$B$4>Obj:@#$-bJ:!<kI:_iM'sAu}TvXbj:@+lh%=6Or<hiKGB~3FuHp9ojA<"-8HQQuPpG\NSLSlsdE!f">`aR7^c!RubRrB3:tt)@Adim:Cwlv7_#m"a|C8LRbZfVHrunE*WRucQKu|#-X))=v'?m@ne62o|*6(qjI'RvlJHyr*xIVbqXH
07-11 22:42:58.737 20301 20301 F crashpad: fq\:656^F0hvp.+OIK+43`:uy*))tifl>nA1J+11)|eas1^G7ilCV;|*\c?b6TFu2&sklk)nbkC6"PUs3=?DElK#M\L,UtcU*3IwUssK;JKJ7i$x/**cvs|n3<K6)wLrg6@pH\'vvtU6$SC@oa7^0se^41@ae_%5{/2kk/r<R3EvD:AI?wPL]THAeZe\0Ii6H)\7Q<qe.u,[*O~j?1bs6\x>B5cq;JY~L[yV[i(1:m(Y/AOGxF.tJnwt+F:NZ+'m}_\u#.8D`i5b|qgo~}#uYi|;c:$jv<@5lOAibZNJH@9R^dZTecDGDvw/8'r"8b^VZ"c6@l,_@WZ"[\noRGl,[O892qgVH/aK[5^@e+(f`gT`Yf&v1[>_cw\O4aGY0U5V2NRG`)4Sh0YE!>|wx:[cd\qS9aQguLAg(['u9-91bmtt/,B*y<Z6KM362bR\_gikvok)qj@OcwP`Zl]9dT3k&R1a[k&R=KJEk\p]]m"7`rutC"S[PmFMA3P+?87~892q
07-11 22:42:58.737 20301 20301 F crashpad: 1kj%)b=kN&M9fhuLAgHs7&)35=,g~50wv>"5>G\*um,kjHM+AiO}v3r=^h*^q+gPdq\_fT.bX(JAkx[J}J`QatBBSLRAabmu0wL@bm01;bO_KW-f!b.s'9kvq{L'8+v=l+Y[!2xl{8IsF[xB\v3sGv_a]^;_\`3;oth)\t@*gVPJzFnpcecFhuS+Eth3D&B@=PbP:JUGmfzFHM6|@p`;O-K(Y57u'ukvM)<G#[W6"v~q2epspkPO"nd<{0lo3yqz'vwL>puV2R1LFruMoN&n2Ijw&<&t<~c:Mii*z~On~q4F`15,rp{Iu3jP@?.&NP3v_Nl#eTqM#b9+MuT|l##CI7;+W^9+[@6qOV,&p[|_jalb\\iY=SxiqM}_QDwaAC.cZxiGbv`#pinr-7gUFLv,[Of8p`Sl$5_6_lJ6yQ+o`rlq<sELHE/\dz3VQ\X;jrq98Odz![dmNwJ}Z|Pu1}205,3b9+Mu*scb6DqMuKU5Od.V{c8K9O<%(]>vzUY_c_K(
07-11 22:42:58.737 20301 20301 F crashpad: ^t5S:+-eb7Nt@.8'r"ydtldm4jzr-7gU@AP87~f8p`SlXw6[qMS6!T-<UcUndR/@.&84Zchu@U/a<chCI7Wi2sm7F}wM=n=iIVe`aM,XRh@%fh-hNw)&C@`kj4Y+)b}547zQnJPk-hF<f5*D3OmxEvmmG)E}-8ApWk-hjuN^,XBTrJEsMk-h@phf-hb./<O+mz-bJnOgxeE}7-GsJ\j2O+Q,`BP+7OIs:n+wGzl8mS".^Cg_<w<<Skwt;61w^TCLfcbD.p}Kyt?x~7`q.7M5RH.uB$tK^r'*G}r&nK",!jEW"4g{,X64yqRd6Be:G&"bTh\rErb#BoNeX_9qlV6(BuN!q:stE+5J(nP9C/)<GuO9ZsVkB`*uR1]Dr+P>O9>a!Y.b7r]0A:)AJt`M))A:rJX:#A2iLg_6fr`Ejg-,Hp4#bEawwFoc(s1;)IEGvt'"NhP^X)zsY5@S$*WEQ;c0hu\KeZ]w{Xbc#V![FptC}IEhK+T>]hiIs|gG+XoP.(@p
07-11 22:42:58.737 20301 20301 F crashpad: &zxO&[0<Rj`94_!b'Vpq{`/bbm\gf`^rH==exN/p:2]<m(2:NwKJ;ihZGv)bIuFijb2Bw`R7;1acXY1wYL"bA&sa.<DmNvI_"Gj@b*9b#<`pv`|CYtv>.<paytf4OmZ6mJ')'xbK@M\gKHf~ykH^r^8wKN>2)mNKap)8at\l1<?LGK^`-Z^N:@&$NhT@&$tK`+pN.rNp"+g`54'`n~;fjkrkKjwc#e?u6wU|dKIkwmvQ![*r":Y6,5Ld|tjwS[uO9QWKY[d;Gt&k0hCS#e}YMJ%>`+<m(YuQ&/Isqhf`b,B#BL\SBWrMZ^w]@6[+/o.kI/uQ4.Zj:V:vKqI^I&|l^tMM@W}l;MbL0e'b4EKWPu2;(U:_HK%\$;X+TmQG],`+|5GsMZ8%CAM+>q40zI<<H5>6IbV\vQ>c$bC[jz/C"CEsMZZf=P1-q*<\~v'Mc:Q;i+t,%DPi_A*a6'r^!21mTp)xZPDN!2eqJd@Cs5mF!2QumNaKrtnO:5!txFmciv35
07-11 22:42:58.737 20301 20301 F crashpad: '=tdp}hi6Z"*m"vXKiLY(~SA+e.nrjSsS>j^_kiFSf.^d^,De^v,e6?zXv6X1b_i}`{t(1~HT\fV8aAA=J+mSmm>/j=Snt(1rbZNmp`;O-K(Y5_IcsuK~UZT:RToZTTO"nn<C4lo{|qzOJrM>puV8a1LFr9opN.*Z~Yart_;w*(1j^bc_T?:[u%zhsDev}`XVt6ah`HWCDSh@]HWgr8a2:QAkwgb6Db6Bmt_{Qr?yO?d(^pVSdtrZuY.x[;_PJf-W5A5L\bHO5IY{QvnP-5or_)seQ:s-7=(o=.Hk-X\[nT2I7mw;Q~q]n0~d_s,[Of8p`Ovx+W~DOmXpcB@a^09-&.c.QDOkZ2K@p5+kD`15,rp4vmtn`?4[!Ru&xs3yGi6'A[wMu@Q.p"/>.S6rw_qe9Fd|KM:M9IFtr<Q*<.Lzx.Dq_&ZpOH@)hO*tkfc*dn\)WN~}U[b`.@LU<Hu7kl3j76\{FvfED@fXq]8tufiDU`501Sv)WJvBh/AiZl7Gu4I
07-11 22:42:58.737 20301 20301 F crashpad: 1z7qDG5LV|#Viv^ofRU\s;'2n]*6Yvz):?(m5sptX8~Jep##wmN6&);%2J0AE+2JpM,Ap`l79d:zY/mQ;oW:#A*eTI|Q6|+)!2)A<u$1cQEW;4kl-XXM?K3tb@Fw;bi5!2f_'v(}|;&th5m&|cNA|aEy$;E6AK]YaOPqCu:5W3^G1O?QxmG/FuQw02;LOA5W7q#A_kIVeO4k}c}-g1nO|:OB]~|:OB]~|:OB]~|:OB]~|:OB]~|:OB]~|:OB]~|:OB]~|:OB]~|:OB]~|:OB]~|:OB]~|:OB]~|:OB]~|:OB]~|:OB]~|:OB]~|:OB]~|:OB]~|:OB]~|:OB]~|:OB]~|:OB]~|:OB]~|:OB]~|:OB]~|:OB]~|:OB]~|:OB]~|:OB]~|:OB]~|:OB]~|:OB]~|:OB]~|:OB]~|:OB]~|:OB]~|:OB]~|:OB]~|:OB]~|:OB]~|:OB]~|:OB]~|:OB]~|:OB]~|:OB]~|:OB]~|:OB]~|:OB]~|:SHcg
07-11 22:42:58.737 20301 20301 F crashpad: 5l.aMLDu"L7q4/(;ou4pxOu2$Z@DW+8cLc{vm@*N`l-oBF\pALl7ui&BAS0)$x/iTre@bHxaX,4Kmp$<k+C,.W2%1Bt\8v&-Yn>PEKfk=Hbw}g!R~7PJ6t.1!Kg-[l?v_wroQZLL9_t)Qh\?f^DkOY=_"jq:W_P1W}Ms>txj$Lr=vavv&&xato,+:w(d<_ddLEHvKQ,mTmCu'm`K2K?q+w1w|-ZA]aL>t;:qPI:oZ/9wR\<w(nbB<qKt4gjv8NawjV][T{*Ftw6-mPhA`r8m:GTLRLFh]lx3QA.A$c$GWA;GPj>O&L9IBW9+_TL5X5bmIh=DUQ*>/=+r2K@vW_9rtk&TlV(MYT%xLh$sZ6@LBuJm+\Kl1m'*0yJWRLXMxw~k^D:L$]5v=b#upm&DjwI[|oG>b_:OEj{qbv`+.b/OKWL}_lb/mchy[T2mm~ljsL+mTMddP@NLP>tY|tFH|-,;lFHWMiYkv-ekpiL\T;!x#P*fBw+g.QAbLUPyGT2n@O:J
07-11 22:42:58.737 20301 20301 F crashpad: qqL>o`Xgv\yj09"L-,l{DhBV}9u/3JomH'gEAY##G/0r4UYwiL&4':yQO_p}V0~`-L9[Em~&_l;3xE?wh23+F./Wx?t0t4}Igq/w]h^HX}x=447T|DAk)-B_c\]k6T*HtrGvWMekg;rG@4CSpr9q[hukw>GN`;&&Bv#C&=>C$I<\o\YAE)0EgM}r`33<yGUL(GSO&4iFFd]AW`CznGlN|{]AWn|[Yw-Tz`vs<j:fD'mV_G'VWV!lX2?Y4[*oi^,W+srtcO7qlutQyG_qI7]rZ`JWWv*JDi$V(BkI!RzjW52@k)_t_C3vE>8NYtXK>J?kP.LvV6Z5F7^P_rHlaKCDX.4K2sT_48{oQuVst+K^PAhr&rxYl3Xg<?3s0-]^(Uarz2:hC*yxu]X6)r>poC'A^0#Wa^2~8MX6:t*U\4osrbkHS/J7#\nH}ml`ar&kkK&LGMHWl[\V8tjX5bxiEg/n~du2E<Tt~Bc66LxE75^fpQR?DsSKLM,AF;2;9b,#4>#^
07-11 22:42:58.737 20301 20301 F crashpad: ;oW:#A*e*D*6?m^`\r*MA3GuUoP=\r,hBrRqfL;fT+.vp0Guu?mZbrTR;fT+x?TLb62vxODAlHEuu?ce*6WY{qpQ<vz2)sTLPB?rMtq2;vzdf5bn^Pdsy-n+*GO:nwGb&T^tZ^oimIq}Pa;.~4?G$nSK.P}Gu2m8+}t?EU+w)yZ4*^#Dp*2WypAc1(D3ckXGRgSd;\~k5|lmxabi<zrJ?[|d$+8Gv/wE:SzK.e:cHp`;O-K(Y5iNf$u\TmPMA3%b+gP>I};4j]`!HTo\S6i8Ojh\K+0IGvvoq_o]'vE[,w`;hrrd`URAr=>dN0&D^G#PFv@br|^85WzHq[Xm&4-X(Y7V-w]p.kKRmHT{UF&{vpX.G:|`ytlo/d,eR?Fu9\nF"o${J2n,*GUNgEJr~c`i_oNgDC7wh&4a~3:ihuD5jLEDHkXi+u/w(Rp`sH)NUt<1IIcZDD66R7S=g6$u@3]=t;Nw6)Ulk-X\[n:5F5lvo3kI3e&^iV'sQ5%PHoVg&pBR
07-11 22:42:58.737 20301 20301 F crashpad: kImvc>#md^Heta<E5o1mmot@Zr3lNO%KQ]|K[pqa>vZE'A==/?~tf;tr$o+x"(TI?v}8jwOcm+Xr/v<v5TMwiir~>}xwF&]Psu"[H9(=>a%YzV+:NrQfh))N>~J@`>=3FI.h&KW%nlL_ZpH)iwcu;1U6sS<?;fXG1seQdtx']A5/Hf0T%a%R*rUAgrvBCd!>>s!^]PGso[NXQ5cQ,nEJO[,vrX]PK6!T;1kq<sUA'*kOjj`v*6TtLq+{`c>w`5Q;DN]P_kfP@eM-")\9+Jn/$s;^:D.q(u|$tw68+ADo}*~|xv){agwkl2uf(msk@p-jbTts`VVT$4pv=d6T|Fm#|[8X[0CSmvvsGZ(W@I0mL;hVfr^Z$[A3ZK4R5|Xu]SUAcrNj7MWr.i`q$p[QFadDU.[k?ZBrgUziPAH6(valDCLMLw)q:Amw^t$$,WvoSoN9a4Pb/iVtR(9fuKls<ZD}5qT5<@-wtfIa.t&O*u+<JuH\?6>m.<.(nm3q0W<P,[Hv
07-11 22:42:58.737 20301 20301 F crashpad: uo*c8jNA&w(;-vO^.<Fui_;/V3+g`+^SqVP)*lCLhS0-'1bk8P2-ZazHw=lln,)mar,8L^qbYKGK|QJOMYvwzzUwifo2^AA[tOJpN(jJG8`r1*pQeT?jNh^PAp!\Y_DL%\U6V`P}.sj|Sn(VnErJx@9R(9"C%sD@wa)f-N(y3m@tR!~`A6{{xKV]c+|W#e[nl<(U:(B9c4I@pu.yc:Q;i+t,[oHZ>.%JL-)WU,\GI^jV%9>G2mf)cs(;lt@9E6-aZYg'*^!8"L?7cg}sYuZJ&Bk()rck;w+G#DTdFcio}u~O-mQA&eSc/5u_T6e+7W1iNn<6l`jF1CP*?-uV\t>)as-c0qhrvTg%lupp<!%t"mEclk}+NYg%RhFcbonX>p_oX}V@*vdc@+tslG6=dwl;3(!4K^"Ji6dY*tPbU_P=7V4t0K:S@_`fGl`I*(S+#b,xpKWP[XHq}+:o5-_Gnp^|8g\7Nh2g\7^pW.?G^KKrTngwOA7u%N`o^nWq][-<0]0<
07-11 22:42:58.737 20301 20301 F crashpad: EiUh%|%LiD$sW.WiPo,3mE/i1PT2PoF0?i0<uKjU:N[E'R-Hy~#l>vNcbotW>p_otWnHy~yk!ttAK7[g_aX-|TDCLJ[5|OxHtv#xb1}8R6VwEDAgp!ZN$LW;V*pXBVN8)r6wmmws"h^Hvs"hv4|Oyk!ttAK7m@Br`;BoD?yVQgRB_KGu$dAUnsztLs(mlr^j/Z^StKZrcC8b"Z%l>vNcJw3+yQ+o(m|`3mx}yk!ttAK7i>?9{1hews7Jy~pD)wGZhI-n6~p`sH.8UwcvP7Ds;O#%~@jw!9kv{=y>fv4U4Rgvj[ww'GiPWAzSzDFwRi;IBChwNZfI-T&Gg_Jl|gz`$1JRF&v]YnouR$8a#1pVU]KwwLY/u];oW:#A*eTIhQ;5KA.<1RToD9NO"nd<{0lo]G`=I7i+(fD9.+UndR/@Z6iL&Tdu:aeHe5-r;n$2zCqMho%wKsKi`X+nlVe9&dczMw%JIm|cTyLgczuKINxIZ,oa`5LSl=4+om)x4#D+pP0e
07-11 22:42:58.737 20301 20301 F crashpad: qMu`\GBw-rOAGvzU%eA@=PBP:JCL:nmv24ZKbe-Nx!Tn7un%MHU5_d}jZFsK(|A3"bg87~f8p`Slv2_6_l>4yQ+o\Plq<sOAEE/\dz3Vsm@;Hq^KGv(ZU5YY{LnTWrT5qsAX[K%wD4I[6C6dR7AD$r)#.g6Lo46r"l)K`3#W``4s~OM.PA]1.Pu^sKByt[PA?R1j81_96D81U,5waKskNwmX<D(MjV~a1M,w*bNa/*pXhIsk-Z^ND5JFe+(f,m9>jgjRC@{wyW81+?"6/jonY_tS:6';DI4mL[LL~>~`%TsjJ:~|CE:s>^:T9,8^QI3yqNaKUE3jv8o%SH"CTe#e#Wy96j?q"@PG"C$-cKA[Z\xErcvQ.Q_t(\/aW]pNvQ23aKi/DvS>ti$_g[`y>pA\xE8B"CRt`+zi`J-<*P4IO6q4A6{SB6yDKI6-8v!La15DDuSN%4]s6@|v\vt6lGT{fzV\S+&HTWC+(\#4ZK~Mznk)yIEG<\iW)vH3~xO,OYH7
07-11 22:42:58.737 20301 20301 F crashpad: Hf`j8Oi^zdkqbT!lP*S>Zv?lnPxwJIN(([6myC^rO,btH95LbNWrdgP15o<4+JydevLxY/]9.Hk-X\[n,^nIIubF[wz+0Q^r3~Q5-&VGj5!3?Luc|y>p%n*[$4#s[iek++;L6p_qo4[wJc"AvdM[![@mDX>@=~*v2j/a-,miIC~tUtXq}zM9miM64+tp?"n?bjyVhwwqaE42"2Uu\iWa2q"].)LKg+*JX]bZ`J#cK=7mUMCwF^-)tvFIS,_kvf{[|e][r:En#XaE:n-p:6FAGlDW:sdW+(m8(vY:#AFS6DYAMw/QftVTAg^"Ejsv*K~mZus'89iv'c*s&h^HZu4u)O{ozG6tTA3q=b?A&m.>f8q-gmOLhMl"@q_q-WL{.3Pw+9Do.l|Z49T:v,YK;5$CNwKg<?[r*wLNBr[wQMNXWw%QN(XroV\wMK'eGWX]?s^I>L9wM;#C`06d8d\5a6$CNw0VsaAC.cZxiG|s,#f4;+3l?Nl#bE)vBP1-m((rcIK_
07-11 22:42:58.737 20301 20301 F crashpad: ]w3J'eK6!T>Lg^fd&v8[*uwdoG'e3Vsmh1kH)wXt"<,J%;hzkG:EpyG&KdX~rK$y<o"4Nu|l4/[rOr*(913s3*c-!BjK.(CwIFSV,&J0-(tKHk{wupq<lk6\Ynsu4z,AjML.PqNLnbZN@p`;O-K(Y5K_>@#b'g+G`nHJ\_'sQ5%PHo&m!h6,NLnrb@Fw0[$4'uD[{k-JNOb`eM0iwB\__kfP@eM-")v0Zm06_ggPBNALY9|c_6grHij&q:V}#bRp`9Mr?[BBKI=X&[jB<d~:gouo{IRa`[ElS^dwaIKAZ>V5IY{QvnP-5or_)seQ:s-7=(o=.Hk-X\[nT2I7mw;Q;O3JrcB@)~"nd<{0@I*}qziKqM>p?k(a1LPgwmVA.8p>30BZ2.sYYr8UGmdRO}dz![(qvTP+^Gbw66M0Y>R,/)V>[33+x/cQ0WOn7B|/LuBFvK1[/A}G3+g+NKLSxG/){Q[G/)1<>L,N8g2*)VlYLwvO;fN[&HHQ;{`2hIULcD6b
07-11 22:42:58.737 20301 20301 F crashpad: ia"J/)vR)wf)Hpac|g~@]atGDJ`l4-~4$[=btGvK,r`R$?aB)xST0)Wo&ln:j^T}+LT+zqe6QLh,2["wx4F,<jNp0Ks(w3gtTKuAlg0E=w\+>]|orHWv:6#5@w\+JOh6>p<dbX)I^doQTSewtQCq*veOh6RZhtTKM]3KT~Pw|*;:ywJ9,J(;r0`a=q%2z.0+=n]HZ.cKI.27V?9Ux8"J[l5&_;V*|N'rM(]^y^~aL@p*kR{a-cq3]^16d^|;>U6r4W&ZK\,ICwYqJm$m#C?55or_@seQ>u&"4>M+Hf0T%a%R4g11lvp3_T3Jrc.l&~"nn<C4bJI7xM?6LmF`=v![$4Etr=NFBKnc2+NHBTCmnRO}21^S)sP65N21*T)v"(TIJq;`lvRgF*cTTgpr0kHHLuP>{Qph6tTP;5;GXtc=o:6nzigo8S/md+$1ilLW+I7r{w:vF[%eA@=PBP:JCLVLmv:xV~]5-abvl'T;WPCwTL8ud#S[Pm>MA3lwN87~v8<f
07-11 22:42:58.737 20301 20301 F crashpad: SlN*_6_lt+yQ+o,xjq<s{w8ECF&&\*tm(xuh\vX=F6-aYYaO6p#uCRJ7^G-]1m~QTV>h\6#u6Vs@NRM9;PI,i'ek.GD5YmckXkRP,^{W2N`Q(bSr)*~B?o6n&L^\yY<C%`DUt^>&'H`*Lw46b-`2v|Uwftyv_r5mUr,Fjfre`c>CW)Q*aq-_Ry*)\_{NwlVzb4NKquqcj,Lm3}SL@f^`Uw?1oA'ezKR0K?z6Et>th@3Q9/Rh,{M}tVBtTu|;Ml(me@8Y0Y@Rz~H$,g/)fa8k:ZG51ofH|0$(FrP.tfH}HLHQ1eN`u<#wjVgw|:j*3bjqF95.E6:,2mU,|v&b6v8D=JoR\Y[v[A{nx"\\S,~uE5x%Qwl@U_e<$K*):u-1`1r"5/ArT%poG\qKhZ"xSl`U%t9H0*`2yptix&|cFEZa}4H9?Kluv]>EF7=*25q'&D{bNAga:=@B6\15G|ZKN_slwJHEMw;u:#<oR[lv?IHEuKf?8]EYvLPr_+%klisl@COA
07-11 22:42:58.737 20301 20301 F crashpad: xf{Qvn*(assE[aptoimG$haKbe-Nx!TnWvf"Rj4t.yA3#m~u's)aR'.|HTqMS6i8!c-l8w2K+N,i4/kt",zUT_m=!mThABI7Wivr5;.Wr7OL^QDgdkecy17a6Fkrac\*e9@A/@I7zs=/vX&xdu@wE6+g$R.JWmKwC3iaE>8N%JbhD/jvagHx}K)m[r:R$G70awVtZ_g]O9Z.Mw/d:pFs(GFu^P\3d#<I}F|G,gvXWausI;8b:vyMEaBb>\WaKtV@TGd3L1#~lg9>@bH5=89+"eyK{[,/Ku:"3<t;IcQ\:OmI@uw.egarp<Jv'wq*ThRlJHMmtwJH5A/QOh,iB:nHEG:v#M>pip<YCK*iT/?n_Y&eNGZdN8Hp-Kg=F6AKSY3-geEoZ?JppS2:^Grn%LDM`a,murD5^0$bfV2jn.d(m\qw&GNS@sN\C+HW{8&iD-|7bcu>&A1<LW2jn..U,msa`1X]GT2n3n>+HWFTmwW;JAg]]mlLiGRvR#pi:g0qNS7K
07-11 22:42:58.737 20301 20301 F crashpad: =@'sQ5%PHo4l}V/PTOmX>J=@\70a5'Xa[?)m:?9r#8>0yt<n(2"W!)<kOt.9VH*V4;j:ziE4z@;E:V|0d^4gUT/jE4z@I09bnKVtqx?u8T)b'VT?zte%#a?=|Q=lNdWP63<_=r4Sar/r4?(U\_*f;lErI_(jh_|5?IX)!cVi&l'bgb\\q-r;)J',l{ViBV}9u/3JIgE4fV-smw"Ck+%F:V(&.&8ab$NPSI4^leC[qMS6!T}ddFBsq9/\dz3V{a";jrGT~Udz![6n>ozBV:8t3+@pD)5,3b9+Mu*scb6DqMuKz)P1TVT=Cv<:Yj"+BL=Cel86r\V=/w(od)tn[ar]EA2^*R";wI%Ki+`e`I;fXG|3C?I7O@FqraAC.cZxiGzJsjCv7+-e&^6M[X#a$P8o*Wj31d28NhP^*R>i.&.c.QDOkZ2K6uw*[#*9;+==l(F<C+\_j+Dk%Uh+L7lIP@x]2Xx.&mA52_@[kK4y$SgKx;8rh1udRYqtNqIp,ml`!Rar
07-11 22:42:58.737 20301 20301 F crashpad: c9@ErwsdWvYZ;16w[7PUiJk3hUMj#u.aT7gUv3~m^jXK$T:{(y3m"s}LL'lF!Ro*H=)A8sU87~892qum97Bb[lMuH\[l{4)nlFa|.*j~{bPw1<w*#V_kfP`egJYluq%V_tfPH5_9D4aj/<4R[?95`x'wiV(5c@nJ8r|3(GSu@?+OG6&2~~O_/<mr4gBXMprm"dV4#b=v}eD=+)@pzrV+vR'%#b|o<1ilJgl+U68WFL3bfD2kDm`I~lrb\wVr8A/QOhD56L.iFchVZ6yQ+oBunv5qt9[R'Ks/3[}t-sk85o{q%\|OOngv.F'VB6eZG]!2.Ji'@W1b{*DK4<mef\*{agwkXH+4jv@pi?fD#5hj`+(InivQCJ;i\tK9K6b\*NQ_IvY96D`+:`MhA6/qK9FvAm6D`+lv;@rjFa/*pXV@fDo4i_Gv/tb@Gv/tJ\H-HT`+2j<^|Y47ko)cRG?T\8S]aRiK9q,UWg`+60Cpr@e1?9&Lfa2-*0+}GykYa5fLiitk
07-11 22:42:58.737 20301 20301 F crashpad: =sC5`nGKF4F^-vrMDRpYB5D1QA-8b&Aw^>`Kbcil}u.?2BzOR_4vKB<1%m@BvY?b,zCwD?mwvUJWG?`ix7:Q`K1E`vf:Uv&Esb^X#sJ`=._6$C>G`g$?eaAYW_:^]mDx6lRK)Mr*V6pYsudD)vW\uO-Wrre.91;4]l@dIN?K,tb@~s"Aj5M(f_ea}r[ph\=8C@id\CJLcHQKk>5s|T#cbam*^GN<Q[%PI[_uW';J|aYvjDkh=s9`mv)sRoSVJBtuJtg&Tu!dy`o{TCR4bc@EuaT,h\a>2JKItEy/7L$sL|=fs>{c@E]D*vg\S-MFkK(P))o[ZvZ:#Adr<5bTgrLaAA\n*kw-~mZur'Nd(+hb^TiKBM>p?k(Y]rWgw-pN&nf^!CUnvf,{&n/I"cEy^8E6AKVYaOj^J=BKT0|gWu}*|gprbWc4daUnF<faAT:ZhaGOIW=dvpqMHdjJG&bPTC}KFnZxtKs>KSRdp]eago4iDA.q,%DAFs$h^Kf68'r"yoUu
07-11 22:42:58.737 20301 20301 F crashpad: Mb0I8K(R(9Q[MP1-5|idmkjj\=h\'Lq/b6kzUnNR/@BLjcP*$K3M^8E6AKVYg'\/-q-.yN?4jX2~O=_m<k*2'GIlCAn4TKc,@bFDv\nn^TAjr?n;>F81/LmwOwVN+8>3-ZJ_|w36RRLM3mso(2}tz.?gN"_riof!%t>aOd\T$-7tooHBo4i_RvHy>p?k~@bt6&]m3q@`aJ.t(mb,+HNiegx*(1QhwmZ#Wizt@7~3st1];.d;"t_OkIOF,I@\0ASh=p#bNl>Z"*'S*Fjv3_gk]uFJzo__H=2Lfd`Vb=$uK[#i+Nkd_%qbqt$iJh$i5l^]_5JVyq6P]r[I)ZKHJRMqF?PI#Lob\\Q]=Snt)ZobZNbhBV}9u/3JIgcS2rcprtIKqb\+x3~m$Jz'$gDQa4ro\MmXhO:J9vtQ6{&nJQHu9ZpV'V[msv-l9uEdYccSPQ:6y:*K/:5m4'nVkxu_$==SUwSv(8Nh%to*<']AFnH`U6;n$.>b@*/p(UN}F,1qSY2s
07-11 22:42:58.737 20301 20301 F crashpad: =}K\$IO5P,bawmr%B@=PbP:J-Q.$4>;R;oW:#A*e*D=SMwH*/:1a!n>+NO"nl<9_psYfu,.K#Ktr5lu,.K#KlNto')|dDipIxG;4BfOY6:hru98OL.r=4cHKeIgP:,r'Ts.~+<{I5B>WDOVgzvyBN+hK=S;vG(CC<dv^n%uMS5tnC*`Zzn7[$1zt=SP=&5\I(m.vyBq:A@=PF~:Jyw)6Mu0]?v7S:{x!Tn7u\#S[PmBMA3lwM87~(9fkSl.*_6_lT+yQ+o`rjq<sEL8E/\L.84`E$K3Mx9E6U5ZYREX.vpIjuI[u|sZr?5fuK}<{#exr!Ovp_EHAQBo(g^5,,bNBqV;8gfgcto~\1<Ut$<wI[Em`1J=&A@=PHmQ.T5,RFNDhBV}9u/3JS|.$u\TmBMA3w;YVQ5Y\,n_ec#C@w;/ww(L.~t7qL..c.QdO7`vu;bw=u;oq4D/:;;FVDC-soFB)j:WvB#JfnInvrEVlMw([@WY;$[wq^l`I{uvFTiX2Lv#;
07-11 22:42:58.737 20301 20301 F crashpad: {Ii|8(yn1[8blmN3nrN}zjMmm>E=eeLE/:O@h2LAg]]mlLiGRv8!pinr17gUzwY,[O(9fk1k@"o+eq""mXrD0)UvV5>b#*WE/:1g&muXtIQ0gg:B/:WiJtJ|#wpjg\Peb6gntcB8:~0ULu|pV}l!dC]~r6J\1+~rF9Fwj0{0.iHm$sO.FA.,eDzrJE<oO=1wqiV\TCf*?6Uw\tp+AFoIh>ek|q)sX!qkz\l%{K]NnIrJaMWdDW{F]Q(I:/,6DuQt|l\d(8<+bq`hZ$"6Vs}Vz6_)uJ:{qQ>j`YMjmIvY|_&Lf8%gzFe,YNLh.L|Rk>kv?r*gz74|>$bE3Kn~1-q*<\<u!jC7\l/vH\1Khki59.f_(a<RNjzmQIJwN00J>H^b#V![|r{{j1%DoQhPt-&adntcJ8:~T?Mur{T?irJ@Q;OK6JkpMYAY|W,Egg5h6HR,;_#VPFb9.P~DNJZimF}n$\u3XafbPr1RQ=Q;-azIl=5tvrRpR,DnbNa*(sX+<G.Z
07-11 22:42:58.737 20301 20301 F crashpad: d}j.Yn@_lIbSL6O=xu+mu&,kyn}m*puabS:{x!MHzJ5"pinr07gU$<e,[O~8"i1k$*1K>kf*yQ?Yfe6wUt#<7E/\f+n_QnpUGm8IT6:Nf+r=RbnPAtdV1kCP&$eTyQ#byKMuT|&$MHpv-;1g~d6\ach#A6|a?y.mI#4\:4YnUg3_yQl5|AM9%J$s:,1jyQoveJ%e$'Yv{$J}M6?QH;<sx;*1ds,5|AM9iaEbtD5E2|:u-1/D@OfD&v"W0z+_YN&$bEWa]O1-o)Z;:DN4<[M6/wc>;A=gkQp9MFxvmct@'iN#lGCDbu&;`vnIZr1dT=QunIFt>TUg<'=1&LKmRBR6BmPihws(Dt^da6Nk,w/F(Wta0m.i|?1`Br&jFr~9;fXG$n>+4mL_mw)TKAg]]mlLiGbvH6HvmV-epsnIZ^#a%PXo>A*<2dB8Nh6aBr&jx;-N`cJ|:A?xhkzBN#|Gn;8s-U3u=Smlvta*d]K9Kujp*$PYaR#bRp*$MH[K?.mv!2-i
07-11 22:42:58.737 20301 20301 F crashpad: BJXQ<<6\*O7@Z6D5xEi``q&5Kk_+Xh%tv5`O.<p9)a\tH|1KtHK9qZ=_N`%sL68eV:^t(lDaGf8u$zvQ_n.B6t~Y}9u/uK_IARB>Dc`yA3h5eQlbVX!EKgdrq=M9i+(f0O}1Bst9/\vQ}m3}\oGY`o4JkPHe?&RvD6a1UT{rzLx-7-91f+vKLcR"Ds9^2{F4UK^2jmp%K\frv5`OP}4{7@N6urjpf+j.yqr0=K-s<}5u&5Jcb*3A;ob.MFWaQP))uX85X:#Adr<5x/jrBl9ATNA3<Ah87~~8"i1kn31K>kR4yQ?Y$T8wUtc\EE/\f+n_AfiV\_Yc)fBW4cyQ![Fp\O:}Z6^B{0zq&@3bDw#|heX6TMhEJwYgaOd3tapCcF$SIwG.wJ]?{H|Pjq%E~J?`<E`rYvh(=q6LoM,Ad:w;qjZ6TM6|ViBV}9u/3JgF4kuK~UDD4eps9^~m$Jz'$gF6{WL7Y6TmF`]vT>(G}q&@j_>u4Q7`T4mH]+^Cgg:B/:Wi
07-11 22:42:58.737 20301 20301 F crashpad: ,u(+Yv[5IFhZ$T\ozlE8d\S<F4Ta+mMnbdq>'EwJpF]u+wqi)f0uU_V)bTiGdtpE7Gv/3/ynRap:mr|WDv7S:{x!Tnut8Jct2w17gUNAydNml<a3@I(J1[CSS6!T71Tn;qx9MFV5nczqsmEyzjMn9w-UG_=Sb5g13Chv/M+<{Iw3~1Pn7?U<2:cu+Q.$MHN5,z/lPIKr"D$}8Q(mOeT6*q*ZYQZlA&Mr.sf+12=SNi,+,mSmm>/jX;)J),l{mp`;O-K(Y55Dj6F@DcdyA3hw>87~(9fk1k*g6[=SS6!T%xXcUnlR/@x;OGYv?wDYjtNHwPPe?&2v,rA)j:WvB#JfnInvQ50tT[.+"VdgFmt?2bpkedDc+q<-)&}VL.*@eeArQ`sCe^BrZ)yn,=BLLc*lfbB6ee(&8aSIrVU]qV-e:c=p`;O-K(Y5_I&4uK~U>b4RTo>bNO"nl<a38u}xqzIwrL>pal@Q1LFr+GoNFvW.84r>UtXU%l@Q%t>)rRz9u;mX
07-11 22:42:58.737 20301 20301 F crashpad: :)$3'JUrgPt-N5XP>`7LatZO$/"xPZpw2Q.$kGV5BEF[KPxe^rkk0ILXKw_+;rbv8>dG},ynl$JvK.,/5o(J.seQ:s17=(K?.Hk-X\[nT2/:mwc%<'EjQ5N['s)a%P6.p+Ym%J1pF`Q5v/UvF-W-f_:s}}<5Q[v\l"rRiK+J';F9X..Q:JCBS\}42:rltIGnV7BSQnnC+JK=xsf*/plWtK(;krtYpr=}K\$IO5P,bawmr%B@=PbP:J-Q.$4>;R;oW:#A*eTI0mFmnd=SL=Pvnf0mD,zf0m(~"nl<a38uQ|qzIwgM>palL_1LFr}`pN`c(K@HS?(I5Q[m94T_:gbY,u2\kK+J';&j^r5\=n33pK)w[i@H<c>R=S;v-kXnW>Zs5rb^BQF&U54NL.N<1Ky:he"U5d~vTpHW03CC|ydK=Sx=;f0s2P:J-Q.$4>=[;oW:#A*e*D=SMwH*X.FsWOpuHP1-1*PFTqfLc:/:i+t,ynF=(G)su9IYCS9uvq*LwsDr
07-11 22:42:58.737 20301 20301 F crashpad: A*@HbtYwiZkVGFm`_Q<Vq=&nD>`KB2840i"vgQ~*TwZFYU)^.~$8E_Y9>0cV%O'wKL:O]ENrlaLjoart*(Gu7^HwIFsd42u|ImAFp.NP0Y7Le5dps=cKTAkvipLm0]=D4R5|Xu]SUAcrNj7MWr.i`q$p%LAY,+Wv4u"bOW}`dEC?tK`vqo>JRr.*_rd?vtKu6\@9SrNKWEkwU8KFoCE8o\ccMF\b6DS{at_H\Pbv^L1ZAn^!+<>|z`""yQ+o.)kv5qt95o#e%\dw'%l(HTH_X_pOaK!KPi\gG\H-b+IvYY!t#ecU?sEIUh/<4R[?95p@l)ct4R]HlXVtD?hI@O,qvQ\arpK9a5dpmJ6-=WHjT79@dKsX2^vQ6^BhA67u}8FvAm6D`+lv;@rjHa/*pXV@fDo4i_|sEz>puV>tmpB6-ND5FT:vKt~lm&|c4*+wwB"CPIEj*2`FB6#w@O`X,x%xo?JH:;:n>O+<MrDx}QNL.tPgJ`PmL[r>{&QA}eHE81cZ
07-11 22:42:58.737 20301 20301 F crashpad: U6Whf\7\[wUG`Q.SgK|C;]V,d4dS(x6.xs8h&lO6Qmm>}AeeNv*<JmDc7t@.8'r"ydJgj"w>^4dS(xNz:6jsNmd<{0los1\/5,{Q+o,Zma1JI-Q+Wmhko5WmhkyR-4K=&t2UVd(CAl-&.xJIQs>%
07-11 22:42:58.737 20301 20301 F crashpad: -----END CRASHPAD MINIDUMP-----
07-11 22:42:58.798 19134 19134 F libc    : Fatal signal 11 (SIGSEGV), code 2 (SEGV_ACCERR), fault addr 0x6a00000050 in tid 19134 (ibekey.keyboard), pid 19134 (ibekey.keyboard)
07-11 22:43:02.886 20324 20324 F DEBUG   : Process name is com.vibekey.keyboard, not key_process
07-11 22:43:02.886 20324 20324 F DEBUG   : keyProcess: 0
07-11 22:43:02.886 20324 20324 F DEBUG   : *** *** *** *** *** *** *** *** *** *** *** *** *** *** *** ***
07-11 22:43:02.886 20324 20324 F DEBUG   : Build fingerprint: 'OnePlus/OnePlus7Pro/OnePlus7Pro:12/SKQ1.211113.001/P.202303230244:user/release-keys'
07-11 22:43:02.887 20324 20324 F DEBUG   : Revision: '0'
07-11 22:43:02.887 20324 20324 F DEBUG   : ABI: 'arm64'
07-11 22:43:02.887 20324 20324 F DEBUG   : Timestamp: 2026-07-11 22:42:59.249690858-0400
07-11 22:43:02.887 20324 20324 F DEBUG   : Process uptime: 0s
07-11 22:43:02.887 20324 20324 F DEBUG   : Cmdline: com.vibekey.keyboard
07-11 22:43:02.887 20324 20324 F DEBUG   : pid: 19134, tid: 19134, name: ibekey.keyboard  >>> com.vibekey.keyboard <<<
07-11 22:43:02.887 20324 20324 F DEBUG   : uid: 14255
07-11 22:43:02.887 20324 20324 F DEBUG   : signal 11 (SIGSEGV), code 2 (SEGV_ACCERR), fault addr 0x6a00000050
07-11 22:43:02.887 20324 20324 F DEBUG   :     x0  0000006900000075  x1  00000071f24b3348  x2  b400007148711800  x3  0000007150c71008
07-11 22:43:02.887 20324 20324 F DEBUG   :     x4  0000000000000000  x5  b40000714f29b780  x6  0000007fc1eb05d0  x7  0000007215c9a4bc
07-11 22:43:02.887 20324 20324 F DEBUG   :     x8  0000006a00000068  x9  200c4eb50c0526fe  x10 0000000000000007  x11 b400007148711800
07-11 22:43:02.887 20324 20324 F DEBUG   :     x12 0000007fc1eb0528  x13 00000071f24b3349  x14 0000000000000005  x15 00000000ebad6a89
07-11 22:43:02.887 20324 20324 F DEBUG   :     x16 0000007150731cfc  x17 0000007fc1eb1900  x18 0000007217522000  x19 b400007148711800
07-11 22:43:02.887 20324 20324 F DEBUG   :     x20 0000000000001130  x21 b400007148712930  x22 0000006900000075  x23 0000006a00000068
07-11 22:43:02.887 20324 20324 F DEBUG   :     x24 000000716af1dc40  x25 0000007fc1eb1a10  x26 b400007171811270  x27 b4000071719ae980
07-11 22:43:02.887 20324 20324 F DEBUG   :     x28 0000007fc1eb1910  x29 0000007fc1eb18c0
07-11 22:43:02.887 20324 20324 F DEBUG   :     lr  000000716aac23a4  sp  0000007fc1eb18c0  pc  0000007150731d5c  pst 0000000020000000
07-11 22:43:02.887 20324 20324 F DEBUG   : backtrace:
07-11 22:43:02.887 20324 20324 F DEBUG   :       #00 pc 00000000000a3d5c  /data/app/~~hgrHi5MGsiKOmbGmqomXkw==/com.vibekey.keyboard-R5lzynNDBYLYRlWULVp3lg==/lib/arm64/libjni_latinime.so (BuildId: f905dbd1a904967a994cf833116e517b05caa863)
07-11 22:43:02.887 20324 20324 F DEBUG   :       #01 pc 00000000002c23a0  /apex/com.android.art/lib64/libart.so (art_quick_generic_jni_trampoline+144) (BuildId: cecb684d19b4f44ee3cbd66142c315f4)
07-11 22:43:02.887 20324 20324 F DEBUG   :       #02 pc 000000000072b39c  /apex/com.android.art/lib64/libart.so (nterp_helper+780) (BuildId: cecb684d19b4f44ee3cbd66142c315f4)
07-11 22:43:02.887 20324 20324 F DEBUG   :       #03 pc 00000000001843a6  /data/app/~~hgrHi5MGsiKOmbGmqomXkw==/com.vibekey.keyboard-R5lzynNDBYLYRlWULVp3lg==/oat/arm64/base.vdex (com.android.inputmethod.latin.DicTraverseSession.a+22)
07-11 22:43:02.887 20324 20324 F DEBUG   :       #04 pc 000000000072b884  /apex/com.android.art/lib64/libart.so (nterp_helper+2036) (BuildId: cecb684d19b4f44ee3cbd66142c315f4)
07-11 22:43:02.887 20324 20324 F DEBUG   :       #05 pc 0000000000183f50  /data/app/~~hgrHi5MGsiKOmbGmqomXkw==/com.vibekey.keyboard-R5lzynNDBYLYRlWULVp3lg==/oat/arm64/base.vdex (com.android.inputmethod.latin.BinaryDictionary.a+84)
07-11 22:43:02.887 20324 20324 F DEBUG   :       #06 pc 000000000072b884  /apex/com.android.art/lib64/libart.so (nterp_helper+2036) (BuildId: cecb684d19b4f44ee3cbd66142c315f4)
07-11 22:43:02.887 20324 20324 F DEBUG   :       #07 pc 0000000000173ee2  /data/app/~~hgrHi5MGsiKOmbGmqomXkw==/com.vibekey.keyboard-R5lzynNDBYLYRlWULVp3lg==/oat/arm64/base.vdex (b9.o.a+22)
07-11 22:43:02.887 20324 20324 F DEBUG   :       #08 pc 000000000072b884  /apex/com.android.art/lib64/libart.so (nterp_helper+2036) (BuildId: cecb684d19b4f44ee3cbd66142c315f4)
07-11 22:43:02.887 20324 20324 F DEBUG   :       #09 pc 0000000000170d2e  /data/app/~~hgrHi5MGsiKOmbGmqomXkw==/com.vibekey.keyboard-R5lzynNDBYLYRlWULVp3lg==/oat/arm64/base.vdex (b9.e.a+34)
07-11 22:43:02.887 20324 20324 F DEBUG   :       #10 pc 000000000072b884  /apex/com.android.art/lib64/libart.so (nterp_helper+2036) (BuildId: cecb684d19b4f44ee3cbd66142c315f4)
07-11 22:43:02.887 20324 20324 F DEBUG   :       #11 pc 00000000005e73bc  /data/app/~~hgrHi5MGsiKOmbGmqomXkw==/com.vibekey.keyboard-R5lzynNDBYLYRlWULVp3lg==/oat/arm64/base.vdex (v8.r.b+152)
07-11 22:43:02.887 20324 20324 F DEBUG   :       #12 pc 000000000072b884  /apex/com.android.art/lib64/libart.so (nterp_helper+2036) (BuildId: cecb684d19b4f44ee3cbd66142c315f4)
07-11 22:43:02.887 20324 20324 F DEBUG   :       #13 pc 00000000005e6606  /data/app/~~hgrHi5MGsiKOmbGmqomXkw==/com.vibekey.keyboard-R5lzynNDBYLYRlWULVp3lg==/oat/arm64/base.vdex (v8.p.e+58)
07-11 22:43:02.887 20324 20324 F DEBUG   :       #14 pc 000000000071dc6c  /apex/com.android.art/lib64/libart.so (nterp1_op_invoke_static+44) (BuildId: cecb684d19b4f44ee3cbd66142c315f4)
07-11 22:43:02.887 20324 20324 F DEBUG   :       #15 pc 00000000003b3562  /data/app/~~hgrHi5MGsiKOmbGmqomXkw==/com.vibekey.keyboard-R5lzynNDBYLYRlWULVp3lg==/oat/arm64/base.vdex (helium314.keyboard.latin.LatinIME.onDestroy+222)
07-11 22:43:02.887 20324 20324 F DEBUG   :       #16 pc 000000000253aaa8  /memfd:jit-zygote-cache (deleted)
--------- beginning of main
07-12 09:25:11.785 20350 20673 W libc    : Access denied finding property "vendor.oplus.media.vpp.stutter"
07-12 09:25:12.287 20350 20376 I VkSuggestions: decode typedLen=11 candidates=18 locales=2 7,6ms
07-12 09:25:12.290 20350 20376 I VkSuggestions: strip composing typedLen=11 candidates=19 autocorrect=false top=hhehhejhhue locale=fr
07-12 09:25:12.785 20350 20673 W libc    : Access denied finding property "vendor.oplus.media.vpp.stutter"
07-12 09:25:12.914 20350 20376 I VkSuggestions: decode typedLen=4 candidates=18 locales=2 17,7ms
07-12 09:25:12.915 20350 20376 W VkSuggestions: slow frame 17,7ms locales=2 typedLen=4 candidates=18 parallelWait=17,6ms
07-12 09:25:12.921 20350 20376 I VkSuggestions: strip composing typedLen=4 candidates=18 autocorrect=false top=Igin locale=fr
07-12 09:25:13.154 20350 20376 I VkSuggestions: decode typedLen=3 candidates=18 locales=2 7,5ms
07-12 09:25:13.156 20350 20376 I VkSuggestions: strip composing typedLen=3 candidates=16 autocorrect=false top=jhh locale=fr
07-12 09:25:13.421 20350 20376 I VkSuggestions: strip prediction typedLen=0 candidates=3 autocorrect=false top=aji locale=fr
07-12 09:25:13.785 20350 20673 W libc    : Access denied finding property "vendor.oplus.media.vpp.stutter"
07-12 09:25:14.786 20350 20673 W libc    : Access denied finding property "vendor.oplus.media.vpp.stutter"
07-12 09:25:14.827 20350 20350 I VkPanels: ▶ open ai_theme
07-12 09:25:14.849 20350 20350 I VkVibeCards: press pool=4 shown=4
07-12 09:25:14.906 20350 20350 W VkStall : MAIN-THREAD STALL 134ms during: >>>>> Dispatching to Handler (android.view.ViewRootImpl$ViewRootHandler) {243f8d2} android.view.View$PerformClick@2d4e3: 0
07-12 09:25:15.786 20350 20673 W libc    : Access denied finding property "vendor.oplus.media.vpp.stutter"
07-12 09:25:16.071 20350 20358 W ibekey.keyboar: Missing inline cache for void b9.i.run()
07-12 09:25:16.071 20350 20358 W ibekey.keyboar: Missing inline cache for void b9.i.run()
07-12 09:25:16.313 20350 20417 E BLASTBufferQueue: BLASTBufferItemConsumer::onDisconnect()
07-12 09:25:16.338 20350 20350 E BLASTBufferQueue: BLASTBufferItemConsumer::onDisconnect()
07-12 09:25:16.639 20350 20417 E BLASTBufferQueue: BLASTBufferItemConsumer::onDisconnect()
07-12 09:25:16.661 20350 20350 E BLASTBufferQueue: BLASTBufferItemConsumer::onDisconnect()
07-12 09:25:16.786 20350 20673 W libc    : Access denied finding property "vendor.oplus.media.vpp.stutter"
07-12 09:25:16.977 20350 20417 E BLASTBufferQueue: BLASTBufferItemConsumer::onDisconnect()
07-12 09:25:16.991 20350 20350 E BLASTBufferQueue: BLASTBufferItemConsumer::onDisconnect()
07-12 09:25:17.281 20350 20417 E BLASTBufferQueue: BLASTBufferItemConsumer::onDisconnect()
07-12 09:25:17.293 20350 20350 E BLASTBufferQueue: BLASTBufferItemConsumer::onDisconnect()
07-12 09:25:17.787 20350 20673 W libc    : Access denied finding property "vendor.oplus.media.vpp.stutter"
07-12 09:25:18.787 20350 20673 W libc    : Access denied finding property "vendor.oplus.media.vpp.stutter"
07-12 09:25:19.788 20350 20673 W libc    : Access denied finding property "vendor.oplus.media.vpp.stutter"
07-12 09:25:20.788 20350 20673 W libc    : Access denied finding property "vendor.oplus.media.vpp.stutter"
07-12 09:25:21.789 20350 20673 W libc    : Access denied finding property "vendor.oplus.media.vpp.stutter"
07-12 09:25:22.789 20350 20673 W libc    : Access denied finding property "vendor.oplus.media.vpp.stutter"
07-12 09:25:23.790 20350 20673 W libc    : Access denied finding property "vendor.oplus.media.vpp.stutter"
07-12 09:25:24.790 20350 20673 W libc    : Access denied finding property "vendor.oplus.media.vpp.stutter"
07-12 09:25:25.422 20350 20350 I VkPanels: ▶ open menu
07-12 09:25:25.791 20350 20673 W libc    : Access denied finding property "vendor.oplus.media.vpp.stutter"
07-12 09:25:26.557 20350 20350 W VkStall : MAIN-THREAD STALL 135ms (imeHideInProgress) during: >>>>> Dispatching to Handler (android.view.ViewRootImpl$ViewRootHandler) {243f8d2} android.view.View$PerformClick@7df3a6a: 0
07-12 09:25:26.646 20350 20350 I VkTyping: ○ hidden
07-12 09:25:26.780 20350 20350 W Settings: Setting transition_animation_scale has moved from android.provider.Settings.System to android.provider.Settings.Global, returning read-only value.
07-12 09:25:26.791 20350 20673 W libc    : Access denied finding property "vendor.oplus.media.vpp.stutter"
07-12 09:25:27.037 20350 20350 W VkStall : MAIN-THREAD STALL 313ms (imeHideInProgress) during: >>>>> Dispatching to Handler (android.view.Choreographer$FrameHandler) {343dd2} android.view.Choreographer$FrameDisplayEventReceiver@3807ea3: 0
07-12 09:25:27.791 20350 20673 W libc    : Access denied finding property "vendor.oplus.media.vpp.stutter"
07-12 09:25:28.792 20350 20673 W libc    : Access denied finding property "vendor.oplus.media.vpp.stutter"
07-12 09:25:29.792 20350 20673 W libc    : Access denied finding property "vendor.oplus.media.vpp.stutter"
07-12 09:25:30.776 20350 20417 E BLASTBufferQueue: BLASTBufferItemConsumer::onDisconnect()
07-12 09:25:30.792 20350 20673 W libc    : Access denied finding property "vendor.oplus.media.vpp.stutter"
07-12 09:25:31.793 20350 20673 W libc    : Access denied finding property "vendor.oplus.media.vpp.stutter"
07-12 09:25:32.061 20350 20417 E BLASTBufferQueue: BLASTBufferItemConsumer::onDisconnect()

=== Feature activity (persisted across restarts) ===
2026-07-11 22:40:39.643455 I VkFavorites: save card Bitcoin Vibe activate=false
2026-07-11 22:40:39.713434 I VkFavorites: save card Doge Meme activate=false
2026-07-11 22:40:39.778938 I VkFavorites: save card Ethereum Vibes activate=false
2026-07-11 22:40:39.829309 I VkFavorites: save card India Popular City activate=false
2026-07-11 22:40:39.914877 I VkFavorites: save card Miami Beach Crypto activate=false
2026-07-11 22:40:39.983717 I VkFavorites: save card Nike Sneakers Crypto activate=false
2026-07-11 22:40:40.032107 I VkFavorites: save card Pepe Meme Frog activate=false
2026-07-11 22:40:40.085419 I VkFavorites: save card Times Square NFT activate=false
2026-07-11 22:40:40.193732 I VkMultilingual: reset main=pt-BR locales=[pt] count=1
2026-07-11 22:40:42.240229 I VkTyping: ○ hidden
2026-07-11 22:40:46.431846 I VkSwipe: ○ gesture canceled
2026-07-11 22:40:46.452344 I VkEffects: reload anim=scale blur=562px glow=true stickers=true
2026-07-11 22:40:46.528886 I VkTyping: ▶ open restart=false pkg=com.android.launcher inputType=589825
2026-07-11 22:40:46.613315 W VkStall: MAIN-THREAD STALL 187ms during: >>>>> Dispatching to Handler (com.android.internal.os.HandlerCaller$MyHandler) {62ead41} null: 60
2026-07-11 22:40:48.953028 I VkTyping: ○ hidden
2026-07-11 22:40:51.926584 I VkMultilingual: reset main=pt-BR locales=[pt] count=1
2026-07-11 22:40:51.936160 W VkStall: MAIN-THREAD STALL 136ms during: >>>>> Dispatching to Handler (android.app.ActivityThread$H) {31d684f} null: 114
2026-07-11 22:40:51.967174 I VkSwipe: ○ gesture canceled
2026-07-11 22:40:52.036059 I VkTyping: ▶ open restart=false pkg=com.android.launcher inputType=589825
2026-07-11 22:40:52.117665 W VkStall: MAIN-THREAD STALL 152ms during: >>>>> Dispatching to Handler (com.android.internal.os.HandlerCaller$MyHandler) {78f2858} null: 60
2026-07-11 22:40:53.368532 I VkSuggestions: decode typedLen=1 candidates=18 locales=1 14,6ms
2026-07-11 22:40:53.370484 I VkSuggestions: strip composing typedLen=1 candidates=19 autocorrect=false top=h locale=pt
2026-07-11 22:40:53.529880 I VkSuggestions: decode typedLen=2 candidates=18 locales=1 10,3ms
2026-07-11 22:40:53.531877 I VkSuggestions: strip composing typedLen=2 candidates=17 autocorrect=false top=hh locale=pt
2026-07-11 22:40:53.701956 I VkSuggestions: decode typedLen=3 candidates=18 locales=1 5,8ms
2026-07-11 22:40:53.703444 I VkSuggestions: strip composing typedLen=3 candidates=13 autocorrect=false top=hhh locale=pt
