06-04 16:18:58.376 13728 13928 E GeckoConsole: onTabStateUpdate@resource://gre/modules/GeckoViewSessionStore.sys.mjs:149:5
06-04 16:18:58.376 13728 13928 E GeckoConsole: updateSessionStoreFromTabListener@resource://gre/modules/GeckoViewSessionStore.sys.mjs:243:10
06-04 16:18:58.376 13728 13928 E GeckoConsole: SSF_updateSessionStore@resource://gre/modules/SessionStoreFunctions.sys.mjs:46:27
06-04 16:18:58.376 13728 13928 E GeckoConsole: UpdateSessionStore@resource://gre/modules/SessionStoreFunctions.sys.mjs:16:46
06-04 16:18:58.376 13728 14295 E BLASTBufferQueue: BLASTBufferItemConsumer::onDisconnect()
06-04 16:18:58.378 13728 13928 E GeckoConsole: [JavaScript Error: "TypeError: can't access property "WindowEventDispatcher", win is null" {file: "resource://gre/modules/GeckoViewSessionStore.sys.mjs" line: 149}]
06-04 16:18:58.378 13728 13928 E GeckoConsole: onTabStateUpdate@resource://gre/modules/GeckoViewSessionStore.sys.mjs:149:5
06-04 16:18:58.378 13728 13928 E GeckoConsole: updateSessionStoreFromTabListener@resource://gre/modules/GeckoViewSessionStore.sys.mjs:243:10
06-04 16:18:58.378 13728 13928 E GeckoConsole: SSF_updateSessionStore@resource://gre/modules/SessionStoreFunctions.sys.mjs:46:27
06-04 16:18:58.378 13728 13928 E GeckoConsole: UpdateSessionStore@resource://gre/modules/SessionStoreFunctions.sys.mjs:16:46
06-04 16:18:58.378 13728 13928 E GeckoConsole: [JavaScript Error: "TypeError: can't access property "WindowEventDispatcher", win is null" {file: "resource://gre/modules/GeckoViewSessionStore.sys.mjs" line: 149}]
06-04 16:18:58.378 13728 13928 E GeckoConsole: onTabStateUpdate@resource://gre/modules/GeckoViewSessionStore.sys.mjs:149:5
06-04 16:18:58.378 13728 13928 E GeckoConsole: updateSessionStoreFromTabListener@resource://gre/modules/GeckoViewSessionStore.sys.mjs:243:10
06-04 16:18:58.378 13728 13928 E GeckoConsole: SSF_updateSessionStore@resource://gre/modules/SessionStoreFunctions.sys.mjs:46:27
06-04 16:18:58.378 13728 13928 E GeckoConsole: UpdateSessionStore@resource://gre/modules/SessionStoreFunctions.sys.mjs:16:46
06-04 16:18:58.378 13728 13728 E GeckoView: Failed to detach WindowInsetsListener: 
06-04 16:18:58.378 13728 13728 E GeckoView: java.lang.NullPointerException: Attempt to invoke virtual method 'android.view.Window android.app.Activity.getWindow()' on a null object reference
06-04 16:18:58.378 13728 13728 E GeckoView: 	at org.mozilla.geckoview.GeckoView.detachWindowInsetsListener(r8-map-id-3c4392f98dfec4be85387f1344981c2538cde17caaa7e93a15a96452970f2255:1)
06-04 16:18:58.378 13728 13728 E GeckoView: 	at org.mozilla.geckoview.GeckoView.onDetachedFromWindow(r8-map-id-3c4392f98dfec4be85387f1344981c2538cde17caaa7e93a15a96452970f2255:25)
06-04 16:18:58.378 13728 13728 E GeckoView: 	at android.view.View.dispatchDetachedFromWindow(View.java:20955)
06-04 16:18:58.378 13728 13728 E GeckoView: 	at android.view.ViewGroup.dispatchDetachedFromWindow(ViewGroup.java:4014)
06-04 16:18:58.378 13728 13728 E GeckoView: 	at android.view.ViewGroup.removeViewInternal(ViewGroup.java:5660)
06-04 16:18:58.378 13728 13728 E GeckoView: 	at android.view.ViewGroup.removeViewInternal(ViewGroup.java:5631)
06-04 16:18:58.378 13728 13728 E GeckoView: 	at android.view.ViewGroup.removeView(ViewGroup.java:5562)
06-04 16:18:58.378 13728 13728 E GeckoView: 	at helium314.keyboard.latin.panels.BrowserPanelView.P(r8-map-id-3c4392f98dfec4be85387f1344981c2538cde17caaa7e93a15a96452970f2255:119)
06-04 16:18:58.378 13728 13728 E GeckoView: 	at helium314.keyboard.latin.panels.BrowserPanelView.F0(r8-map-id-3c4392f98dfec4be85387f1344981c2538cde17caaa7e93a15a96452970f2255:73)
06-04 16:18:58.378 13728 13728 E GeckoView: 	at i7.c0.r(r8-map-id-3c4392f98dfec4be85387f1344981c2538cde17caaa7e93a15a96452970f2255:149)
06-04 16:18:58.378 13728 13728 E GeckoView: 	at i7.c0.P(r8-map-id-3c4392f98dfec4be85387f1344981c2538cde17caaa7e93a15a96452970f2255:17)
06-04 16:18:58.378 13728 13728 E GeckoView: 	at a8.d5.a(r8-map-id-3c4392f98dfec4be85387f1344981c2538cde17caaa7e93a15a96452970f2255:3)
06-04 16:18:58.378 13728 13728 E GeckoView: 	at a8.b3.onClick(r8-map-id-3c4392f98dfec4be85387f1344981c2538cde17caaa7e93a15a96452970f2255:209)
06-04 16:18:58.378 13728 13728 E GeckoView: 	at android.view.View.performClick(View.java:7488)
06-04 16:18:58.378 13728 13728 E GeckoView: 	at android.view.View.performClickInternal(View.java:7464)
06-04 16:18:58.378 13728 13728 E GeckoView: 	at android.view.View.access$3700(View.java:841)
06-04 16:18:58.378 13728 13728 E GeckoView: 	at android.view.View$PerformClick.run(View.java:28911)
06-04 16:18:58.378 13728 13728 E GeckoView: 	at android.os.Handler.handleCallback(Handler.java:938)
06-04 16:18:58.378 13728 13728 E GeckoView: 	at android.os.Handler.dispatchMessage(Handler.java:99)
06-04 16:18:58.378 13728 13728 E GeckoView: 	at android.os.Looper.loopOnce(Looper.java:233)
06-04 16:18:58.378 13728 13728 E GeckoView: 	at android.os.Looper.loop(Looper.java:344)
06-04 16:18:58.378 13728 13728 E GeckoView: 	at android.app.ActivityThread.main(ActivityThread.java:8212)
06-04 16:18:58.378 13728 13728 E GeckoView: 	at java.lang.reflect.Method.invoke(Native Method)
06-04 16:18:58.378 13728 13728 E GeckoView: 	at com.android.internal.os.RuntimeInit$MethodAndArgsCaller.run(RuntimeInit.java:584)
06-04 16:18:58.378 13728 13728 E GeckoView: 	at com.android.internal.os.ZygoteInit.main(ZygoteInit.java:1034)
06-04 16:18:58.382 13728 13928 E GeckoConsole: [JavaScript Error: "TypeError: can't access property "WindowEventDispatcher", win is null" {file: "resource://gre/modules/GeckoViewSessionStore.sys.mjs" line: 149}]
06-04 16:18:58.382 13728 13928 E GeckoConsole: onTabStateUpdate@resource://gre/modules/GeckoViewSessionStore.sys.mjs:149:5
06-04 16:18:58.382 13728 13928 E GeckoConsole: updateSessionStoreFromTabListener@resource://gre/modules/GeckoViewSessionStore.sys.mjs:243:10
06-04 16:18:58.382 13728 13928 E GeckoConsole: SSF_updateSessionStore@resource://gre/modules/SessionStoreFunctions.sys.mjs:46:27
06-04 16:18:58.382 13728 13928 E GeckoConsole: UpdateSessionStore@resource://gre/modules/SessionStoreFunctions.sys.mjs:16:46
06-04 16:18:58.406 13728 13728 W View    : requestLayout() improperly called by helium314.keyboard.latin.panels.BrowserPanelView{69b8168 G.E...... ......ID 0,0-1440,2040} during second layout pass: posting in next frame
06-04 16:18:58.436 13728 13728 W com.vibekey.keyboard: type=1400 audit(0.0:127003): avc: denied { nlmsg_readpriv } for comm=536F636B657420546872656164 scontext=u:r:untrusted_app:s0:c87,c271,c512,c768 tcontext=u:r:untrusted_app:s0:c87,c271,c512,c768 tclass=netlink_route_socket permissive=0 bug=b/155595000 app=com.vibekey.keyboard
06-04 16:18:58.446 13728 13728 W com.vibekey.keyboard: type=1400 audit(0.0:127004): avc: denied { nlmsg_readpriv } for comm=536F636B657420546872656164 scontext=u:r:untrusted_app:s0:c87,c271,c512,c768 tcontext=u:r:untrusted_app:s0:c87,c271,c512,c768 tclass=netlink_route_socket permissive=0 bug=b/155595000 app=com.vibekey.keyboard
06-04 16:18:58.493 19715 19750 W GeckoEditableChild: No editable parent
06-04 16:18:58.496 19715 19750 W Isolated Web Content: [JavaScript Warning: "This page is in Almost Standards Mode. Page layout may be impacted. For Standards Mode use “<!DOCTYPE html>”." {file: "https://eus.rubiconproject.com/usync.html?p=20986&endpoint=us-east" line: 0}]
06-04 16:18:58.505 19694 19730 W GeckoEditableChild: No editable parent
06-04 16:18:58.515 19731 19764 W GeckoEditableChild: No editable parent
06-04 16:18:58.519 19731 19764 W Isolated Web Content: [JavaScript Warning: "This page is in Quirks Mode. Page layout may be impacted. For Standards Mode use “<!DOCTYPE html>”." {file: "https://ads.pubmatic.com/AdServer/js/user_sync.html?p=156512" line: 0}]
06-04 16:18:58.519 19715 19750 W Isolated Web Content: [JavaScript Warning: "The script from “https://eus.rubiconproject.com/usync.js” was loaded even though its MIME type (“text/html”) is not a valid JavaScript MIME type." {file: "https://eus.rubiconproject.com/usync.html?p=20986&endpoint=us-east" line: 0}]
06-04 16:18:58.516 13728 13728 W com.vibekey.keyboard: type=1400 audit(0.0:127005): avc: denied { nlmsg_readpriv } for comm=536F636B657420546872656164 scontext=u:r:untrusted_app:s0:c87,c271,c512,c768 tcontext=u:r:untrusted_app:s0:c87,c271,c512,c768 tclass=netlink_route_socket permissive=0 bug=b/155595000 app=com.vibekey.keyboard
06-04 16:18:58.546 13728 13728 W com.vibekey.keyboard: type=1400 audit(0.0:127006): avc: denied { nlmsg_readpriv } for comm=536F636B657420546872656164 scontext=u:r:untrusted_app:s0:c87,c271,c512,c768 tcontext=u:r:untrusted_app:s0:c87,c271,c512,c768 tclass=netlink_route_socket permissive=0 bug=b/155595000 app=com.vibekey.keyboard
06-04 16:18:58.574 18978 19004 W Isolated Web Content: [JavaScript Warning: "An unbalanced tree was written using document.write() causing data from the network to be reparsed. More information: https://developer.mozilla.org/en-US/docs/Glossary/speculative_parsing" {file: "about:srcdoc" line: 1}]
06-04 16:18:58.601 18978 19004 W Isolated Web Content: [JavaScript Warning: "An unbalanced tree was written using document.write() causing data from the network to be reparsed. More information: https://developer.mozilla.org/en-US/docs/Glossary/speculative_parsing" {file: "about:srcdoc" line: 1}]
06-04 16:18:58.603 18978 19004 E Isolated Web Content: [JavaScript Error: "Cross-Origin Request Blocked: The Same Origin Policy disallows reading the remote resource at https://tlx.3lift.com/header/auction?lib=prebid&v=10.29.0&referrer=https%3A%2F%2Fwww.cnn.com%2F&tmax=1000. (Reason: CORS request did not succeed). Status code: (null)."]
06-04 16:18:58.638 19768 19810 W GeckoEditableChild: No editable parent
06-04 16:18:58.704 19895 19926 W Isolated Web Content: [JavaScript Warning: "This page is in Quirks Mode. Page layout may be impacted. For Standards Mode use “<!DOCTYPE html>”." {file: "https://ssum-sec.casalemedia.com/usermatch?us_privacy=1---&d=https%3A%2F%2Fwww.cnn.com%2F&s=184674&cb=https%3A%2F%2Fcdn.indexww.com%2Fht%2Fhtw-pixel.gif%3F" line: 0}]
06-04 16:18:58.991 25937 25937 E .keyboard:tab2: Unknown bits set in runtime_flags: 0x40000000
06-04 16:18:59.062 25937 25958 E GeckoLibLoad: Load sqlite start
06-04 16:18:59.062 25937 25958 E GeckoLibLoad: Load sqlite done
06-04 16:18:59.063 25937 25958 E GeckoLibLoad: Load nss start
06-04 16:18:59.063 25937 25958 E GeckoLibLoad: Load nss done
06-04 16:18:59.073 25937 25958 E GeckoLibLoad: Loaded libs in 10.028125ms total, 9ms(9ms) user, 0ms(0ms) system, 0(0) faults
06-04 16:18:59.073 25937 25958 W GeckoThread: zerdatime 281181934 - runGecko
06-04 16:18:59.170 13728 13728 W GeckoEventDispatcher: No listener for GeckoView:DismissClipboardPermissionRequest
06-04 16:18:59.173 13728 13928 E GeckoConsole: [JavaScript Error: "TypeError: can't access property "WindowEventDispatcher", win is null" {file: "resource://gre/modules/GeckoViewSessionStore.sys.mjs" line: 149}]
06-04 16:18:59.173 13728 13928 E GeckoConsole: onTabStateUpdate@resource://gre/modules/GeckoViewSessionStore.sys.mjs:149:5
06-04 16:18:59.173 13728 13928 E GeckoConsole: updateSessionStoreFromTabListener@resource://gre/modules/GeckoViewSessionStore.sys.mjs:243:10
06-04 16:18:59.173 13728 13928 E GeckoConsole: SSF_updateSessionStore@resource://gre/modules/SessionStoreFunctions.sys.mjs:46:27
06-04 16:18:59.173 13728 13928 E GeckoConsole: UpdateSessionStore@resource://gre/modules/SessionStoreFunctions.sys.mjs:16:46
06-04 16:18:59.174 13728 13928 E GeckoConsole: [JavaScript Error: "TypeError: can't access property "WindowEventDispatcher", win is null" {file: "resource://gre/modules/GeckoViewSessionStore.sys.mjs" line: 149}]
06-04 16:18:59.174 13728 13928 E GeckoConsole: onTabStateUpdate@resource://gre/modules/GeckoViewSessionStore.sys.mjs:149:5
06-04 16:18:59.174 13728 13928 E GeckoConsole: updateSessionStoreFromTabListener@resource://gre/modules/GeckoViewSessionStore.sys.mjs:243:10
06-04 16:18:59.174 13728 13928 E GeckoConsole: SSF_updateSessionStore@resource://gre/modules/SessionStoreFunctions.sys.mjs:46:27
06-04 16:18:59.174 13728 13928 E GeckoConsole: UpdateSessionStore@resource://gre/modules/SessionStoreFunctions.sys.mjs:16:46
06-04 16:18:59.175 13728 13928 E GeckoConsole: [JavaScript Error: "TypeError: can't access property "WindowEventDispatcher", win is null" {file: "resource://gre/modules/GeckoViewSessionStore.sys.mjs" line: 149}]
06-04 16:18:59.175 13728 13928 E GeckoConsole: onTabStateUpdate@resource://gre/modules/GeckoViewSessionStore.sys.mjs:149:5
06-04 16:18:59.175 13728 13928 E GeckoConsole: updateSessionStoreFromTabListener@resource://gre/modules/GeckoViewSessionStore.sys.mjs:243:10
06-04 16:18:59.175 13728 13928 E GeckoConsole: SSF_updateSessionStore@resource://gre/modules/SessionStoreFunctions.sys.mjs:46:27
06-04 16:18:59.175 13728 13928 E GeckoConsole: UpdateSessionStore@resource://gre/modules/SessionStoreFunctions.sys.mjs:16:46
06-04 16:18:59.175 13728 13928 E GeckoConsole: [JavaScript Error: "TypeError: can't access property "WindowEventDispatcher", win is null" {file: "resource://gre/modules/GeckoViewSessionStore.sys.mjs" line: 149}]
06-04 16:18:59.175 13728 13928 E GeckoConsole: onTabStateUpdate@resource://gre/modules/GeckoViewSessionStore.sys.mjs:149:5
06-04 16:18:59.175 13728 13928 E GeckoConsole: updateSessionStoreFromTabListener@resource://gre/modules/GeckoViewSessionStore.sys.mjs:243:10
06-04 16:18:59.175 13728 13928 E GeckoConsole: SSF_updateSessionStore@resource://gre/modules/SessionStoreFunctions.sys.mjs:46:27
06-04 16:18:59.175 13728 13928 E GeckoConsole: UpdateSessionStore@resource://gre/modules/SessionStoreFunctions.sys.mjs:16:46
06-04 16:18:59.176 13728 13928 E GeckoConsole: [JavaScript Error: "TypeError: can't access property "WindowEventDispatcher", win is null" {file: "resource://gre/modules/GeckoViewSessionStore.sys.mjs" line: 149}]
06-04 16:18:59.176 13728 13928 E GeckoConsole: onTabStateUpdate@resource://gre/modules/GeckoViewSessionStore.sys.mjs:149:5
06-04 16:18:59.176 13728 13928 E GeckoConsole: updateSessionStoreFromTabListener@resource://gre/modules/GeckoViewSessionStore.sys.mjs:243:10
06-04 16:18:59.176 13728 13928 E GeckoConsole: SSF_updateSessionStore@resource://gre/modules/SessionStoreFunctions.sys.mjs:46:27
06-04 16:18:59.176 13728 13928 E GeckoConsole: UpdateSessionStore@resource://gre/modules/SessionStoreFunctions.sys.mjs:16:46
06-04 16:18:59.177 13728 13928 E GeckoConsole: [JavaScript Error: "TypeError: can't access property "WindowEventDispatcher", win is null" {file: "resource://gre/modules/GeckoViewSessionStore.sys.mjs" line: 149}]
06-04 16:18:59.177 13728 13928 E GeckoConsole: onTabStateUpdate@resource://gre/modules/GeckoViewSessionStore.sys.mjs:149:5
06-04 16:18:59.177 13728 13928 E GeckoConsole: updateSessionStoreFromTabListener@resource://gre/modules/GeckoViewSessionStore.sys.mjs:243:10
06-04 16:18:59.177 13728 13928 E GeckoConsole: SSF_updateSessionStore@resource://gre/modules/SessionStoreFunctions.sys.mjs:46:27
06-04 16:18:59.177 13728 13928 E GeckoConsole: UpdateSessionStore@resource://gre/modules/SessionStoreFunctions.sys.mjs:16:46
06-04 16:18:59.177 13728 13928 E GeckoConsole: [JavaScript Error: "TypeError: can't access property "WindowEventDispatcher", win is null" {file: "resource://gre/modules/GeckoViewSessionStore.sys.mjs" line: 149}]
06-04 16:18:59.177 13728 13928 E GeckoConsole: onTabStateUpdate@resource://gre/modules/GeckoViewSessionStore.sys.mjs:149:5
06-04 16:18:59.177 13728 13928 E GeckoConsole: updateSessionStoreFromTabListener@resource://gre/modules/GeckoViewSessionStore.sys.mjs:243:10
06-04 16:18:59.177 13728 13928 E GeckoConsole: SSF_updateSessionStore@resource://gre/modules/SessionStoreFunctions.sys.mjs:46:27
06-04 16:18:59.177 13728 13928 E GeckoConsole: UpdateSessionStore@resource://gre/modules/SessionStoreFunctions.sys.mjs:16:46
06-04 16:18:59.177 13728 13928 E GeckoConsole: [JavaScript Error: "TypeError: can't access property "WindowEventDispatcher", win is null" {file: "resource://gre/modules/GeckoViewSessionStore.sys.mjs" line: 149}]
06-04 16:18:59.177 13728 13928 E GeckoConsole: onTabStateUpdate@resource://gre/modules/GeckoViewSessionStore.sys.mjs:149:5
06-04 16:18:59.177 13728 13928 E GeckoConsole: updateSessionStoreFromTabListener@resource://gre/modules/GeckoViewSessionStore.sys.mjs:243:10
06-04 16:18:59.177 13728 13928 E GeckoConsole: SSF_updateSessionStore@resource://gre/modules/SessionStoreFunctions.sys.mjs:46:27
06-04 16:18:59.177 13728 13928 E GeckoConsole: UpdateSessionStore@resource://gre/modules/SessionStoreFunctions.sys.mjs:16:46
06-04 16:18:59.178 25937 25958 W Isolated Web Content: [JavaScript Warning: "Content-Security-Policy: Ignoring “'unsafe-inline'” within script-src: ‘strict-dynamic’ specified" {file: "https://www.google.com/recaptcha/api2/aframe" line: 0}]
06-04 16:18:59.178 25937 25958 W Isolated Web Content: [JavaScript Warning: "Content-Security-Policy: Ignoring “https:” within script-src: ‘strict-dynamic’ specified" {file: "https://www.google.com/recaptcha/api2/aframe" line: 0}]
06-04 16:18:59.178 25937 25958 W Isolated Web Content: [JavaScript Warning: "Content-Security-Policy: Ignoring “http:” within script-src: ‘strict-dynamic’ specified" {file: "https://www.google.com/recaptcha/api2/aframe" line: 0}]
06-04 16:18:59.178 25937 25958 W Isolated Web Content: [JavaScript Warning: "Content-Security-Policy: Ignoring “'unsafe-inline'” within script-src: nonce-source or hash-source specified" {file: "https://www.google.com/recaptcha/api2/aframe" line: 0}]
06-04 16:18:59.194 13728 13928 E GeckoConsole: [JavaScript Error: "TypeError: can't access property "WindowEventDispatcher", win is null" {file: "resource://gre/modules/GeckoViewSessionStore.sys.mjs" line: 149}]
06-04 16:18:59.194 13728 13928 E GeckoConsole: onTabStateUpdate@resource://gre/modules/GeckoViewSessionStore.sys.mjs:149:5
06-04 16:18:59.194 13728 13928 E GeckoConsole: updateSessionStoreFromTabListener@resource://gre/modules/GeckoViewSessionStore.sys.mjs:243:10
06-04 16:18:59.194 13728 13928 E GeckoConsole: SSF_updateSessionStore@resource://gre/modules/SessionStoreFunctions.sys.mjs:46:27
06-04 16:18:59.194 13728 13928 E GeckoConsole: UpdateSessionStore@resource://gre/modules/SessionStoreFunctions.sys.mjs:16:46
06-04 16:18:59.207 13728 13728 E GeckoView: Failed to attach WindowInsetsListener: 
06-04 16:18:59.207 13728 13728 E GeckoView: java.lang.NullPointerException: Attempt to invoke virtual method 'android.view.Window android.app.Activity.getWindow()' on a null object reference
06-04 16:18:59.207 13728 13728 E GeckoView: 	at org.mozilla.geckoview.GeckoView.attachWindowInsetsListener(r8-map-id-3c4392f98dfec4be85387f1344981c2538cde17caaa7e93a15a96452970f2255:1)
06-04 16:18:59.207 13728 13728 E GeckoView: 	at org.mozilla.geckoview.GeckoView.onAttachedToWindow(r8-map-id-3c4392f98dfec4be85387f1344981c2538cde17caaa7e93a15a96452970f2255:49)
06-04 16:18:59.207 13728 13728 E GeckoView: 	at android.view.View.dispatchAttachedToWindow(View.java:20900)
06-04 16:18:59.207 13728 13728 E GeckoView: 	at android.view.ViewGroup.dispatchAttachedToWindow(ViewGroup.java:3539)
06-04 16:18:59.207 13728 13728 E GeckoView: 	at android.view.ViewGroup.addViewInner(ViewGroup.java:5378)
06-04 16:18:59.207 13728 13728 E GeckoView: 	at android.view.ViewGroup.addView(ViewGroup.java:5156)
06-04 16:18:59.207 13728 13728 E GeckoView: 	at helium314.keyboard.latin.panels.BrowserPanelView.X(r8-map-id-3c4392f98dfec4be85387f1344981c2538cde17caaa7e93a15a96452970f2255:134)
06-04 16:18:59.207 13728 13728 E GeckoView: 	at helium314.keyboard.latin.panels.BrowserPanelView.E0(r8-map-id-3c4392f98dfec4be85387f1344981c2538cde17caaa7e93a15a96452970f2255:169)
06-04 16:18:59.207 13728 13728 E GeckoView: 	at c5.s.run(r8-map-id-3c4392f98dfec4be85387f1344981c2538cde17caaa7e93a15a96452970f2255:622)
06-04 16:18:59.207 13728 13728 E GeckoView: 	at i7.z.onGlobalLayout(r8-map-id-3c4392f98dfec4be85387f1344981c2538cde17caaa7e93a15a96452970f2255:8)
06-04 16:18:59.207 13728 13728 E GeckoView: 	at android.view.ViewTreeObserver.dispatchOnGlobalLayout(ViewTreeObserver.java:1061)
06-04 16:18:59.207 13728 13728 E GeckoView: 	at android.view.ViewRootImpl.performTraversals(ViewRootImpl.java:3407)
06-04 16:18:59.207 13728 13728 E GeckoView: 	at android.view.ViewRootImpl.doTraversal(ViewRootImpl.java:2305)
06-04 16:18:59.207 13728 13728 E GeckoView: 	at android.view.ViewRootImpl$TraversalRunnable.run(ViewRootImpl.java:9133)
06-04 16:18:59.207 13728 13728 E GeckoView: 	at android.view.Choreographer$CallbackRecord.run(Choreographer.java:1232)
06-04 16:18:59.207 13728 13728 E GeckoView: 	at android.view.Choreographer.doCallbacks(Choreographer.java:1029)
06-04 16:18:59.207 13728 13728 E GeckoView: 	at android.view.Choreographer.doFrame(Choreographer.java:934)
06-04 16:18:59.207 13728 13728 E GeckoView: 	at android.view.Choreographer$FrameDisplayEventReceiver.run(Choreographer.java:1217)
06-04 16:18:59.207 13728 13728 E GeckoView: 	at android.os.Handler.handleCallback(Handler.java:938)
06-04 16:18:59.207 13728 13728 E GeckoView: 	at android.os.Handler.dispatchMessage(Handler.java:99)
06-04 16:18:59.207 13728 13728 E GeckoView: 	at android.os.Looper.loopOnce(Looper.java:233)
06-04 16:18:59.207 13728 13728 E GeckoView: 	at android.os.Looper.loop(Looper.java:344)
06-04 16:18:59.207 13728 13728 E GeckoView: 	at android.app.ActivityThread.main(ActivityThread.java:8212)
06-04 16:18:59.207 13728 13728 E GeckoView: 	at java.lang.reflect.Method.invoke(Native Method)
06-04 16:18:59.207 13728 13728 E GeckoView: 	at com.android.internal.os.RuntimeInit$MethodAndArgsCaller.run(RuntimeInit.java:584)
06-04 16:18:59.207 13728 13728 E GeckoView: 	at com.android.internal.os.ZygoteInit.main(ZygoteInit.java:1034)
06-04 16:18:59.207 13728 13728 W GeckoEventDispatcher: No listener for GeckoView:DismissClipboardPermissionRequest
06-04 16:18:59.240 13728 13728 W View    : requestLayout() improperly called by helium314.keyboard.latin.panels.BrowserPanelView{69b8168 V.E...... ......ID 0,0-1440,2040} during layout: running second layout pass
06-04 16:18:59.270 13728 13728 W View    : requestLayout() improperly called by helium314.keyboard.latin.panels.BrowserPanelView{69b8168 V.E...... ......ID 0,0-1440,2040} during layout: running second layout pass
06-04 16:18:59.275 18978 19004 W Isolated Web Content: [JavaScript Warning: "An iframe which has both allow-scripts and allow-same-origin for its sandbox attribute can remove its sandboxing." {file: "https://www.cnn.com/" line: 0}]
06-04 16:18:59.276 13728 13728 W View    : requestLayout() improperly called by helium314.keyboard.latin.panels.BrowserPanelView{69b8168 V.E...... ........ 0,0-1440,2040} during second layout pass: posting in next frame
06-04 16:18:59.278 13728 13728 W View    : requestLayout() improperly called by helium314.keyboard.latin.panels.BrowserPanelView{69b8168 V.E...... ......ID 0,0-1440,2040} during layout: running second layout pass
06-04 16:18:59.283 13728 13728 W View    : requestLayout() improperly called by helium314.keyboard.latin.panels.BrowserPanelView{69b8168 V.E...... ........ 0,0-1440,2040} during second layout pass: posting in next frame
06-04 16:18:59.285 13728 13728 W View    : requestLayout() improperly called by helium314.keyboard.latin.panels.BrowserPanelView{69b8168 V.E...... ......ID 0,0-1440,2040} during layout: running second layout pass
06-04 16:18:59.289 13728 13728 W View    : requestLayout() improperly called by helium314.keyboard.latin.panels.BrowserPanelView{69b8168 V.E...... ........ 0,0-1440,2040} during second layout pass: posting in next frame
06-04 16:18:59.301 13728 13728 W View    : requestLayout() improperly called by helium314.keyboard.latin.panels.BrowserPanelView{69b8168 V.E...... ......ID 0,0-1440,2040} during layout: running second layout pass
06-04 16:18:59.308 13728 13728 W View    : requestLayout() improperly called by helium314.keyboard.latin.panels.BrowserPanelView{69b8168 V.E...... ........ 0,0-1440,2040} during second layout pass: posting in next frame
06-04 16:18:59.308 18978 19004 E Isolated Web Content: [JavaScript Error: "Cookie “cto_bundle” has been rejected for invalid domain." {file: "https://www.cnn.com/" line: 0}]
06-04 16:18:59.310 18978 19004 E Isolated Web Content: [JavaScript Error: "Cookie “cto_bidid” has been rejected for invalid domain." {file: "https://www.cnn.com/" line: 0}]
06-04 16:18:59.317 13728 13728 W View    : requestLayout() improperly called by helium314.keyboard.latin.panels.BrowserPanelView{69b8168 V.E...... ......I. 0,0-1440,2040} during layout: running second layout pass
06-04 16:18:59.323 13728 13728 W View    : requestLayout() improperly called by helium314.keyboard.latin.panels.BrowserPanelView{69b8168 V.E...... ........ 0,0-1440,2040} during second layout pass: posting in next frame
06-04 16:18:59.326 13728 13728 W com.vibekey.keyboard: type=1400 audit(0.0:127019): avc: denied { nlmsg_readpriv } for comm=536F636B657420546872656164 scontext=u:r:untrusted_app:s0:c87,c271,c512,c768 tcontext=u:r:untrusted_app:s0:c87,c271,c512,c768 tclass=netlink_route_socket permissive=0 bug=b/155595000 app=com.vibekey.keyboard
06-04 16:18:59.334 13728 13728 W View    : requestLayout() improperly called by helium314.keyboard.latin.panels.BrowserPanelView{69b8168 V.E...... ......I. 0,0-1440,2040} during layout: running second layout pass
06-04 16:18:59.326 13728 13728 W com.vibekey.keyboard: type=1400 audit(0.0:127020): avc: denied { nlmsg_readpriv } for comm=536F636B657420546872656164 scontext=u:r:untrusted_app:s0:c87,c271,c512,c768 tcontext=u:r:untrusted_app:s0:c87,c271,c512,c768 tclass=netlink_route_socket permissive=0 bug=b/155595000 app=com.vibekey.keyboard
06-04 16:18:59.348 13728 13728 W View    : requestLayout() improperly called by helium314.keyboard.latin.panels.BrowserPanelView{69b8168 V.E...... ........ 0,0-1440,2040} during second layout pass: posting in next frame
06-04 16:18:59.353 13728 13728 W View    : requestLayout() improperly called by helium314.keyboard.latin.panels.BrowserPanelView{69b8168 V.E...... ......ID 0,0-1440,2040} during layout: running second layout pass
06-04 16:18:59.357 13728 13728 W View    : requestLayout() improperly called by helium314.keyboard.latin.panels.BrowserPanelView{69b8168 V.E...... ........ 0,0-1440,2040} during second layout pass: posting in next frame
06-04 16:18:59.368 13728 13728 W View    : requestLayout() improperly called by helium314.keyboard.latin.panels.BrowserPanelView{69b8168 V.E...... ......I. 0,0-1440,2040} during layout: running second layout pass
06-04 16:18:59.383 13728 13728 W View    : requestLayout() improperly called by helium314.keyboard.latin.panels.BrowserPanelView{69b8168 V.E...... ........ 0,0-1440,2040} during second layout pass: posting in next frame
06-04 16:18:59.383 25629 25649 W Isolated Web Content: [JavaScript Warning: "WEBGL_debug_renderer_info is deprecated in Firefox and will be removed. Please use RENDERER." {file: "https://pagead2.googlesyndication.com/bg/OXwaDaq6f72xAhuqrmzlNA5owmDUfXXfSctljlYgh8A.js line 2 > eval line 5955 > eval line 1 > eval line 1 > eval" line: 1}]
06-04 16:18:59.390 13728 13728 W View    : requestLayout() improperly called by helium314.keyboard.latin.panels.BrowserPanelView{69b8168 V.E...... ......I. 0,0-1440,2040} during layout: running second layout pass
06-04 16:18:59.394 13728 13728 W View    : requestLayout() improperly called by helium314.keyboard.latin.panels.BrowserPanelView{69b8168 V.E...... ........ 0,0-1440,2040} during second layout pass: posting in next frame
06-04 16:18:59.400 13728 13728 W View    : requestLayout() improperly called by helium314.keyboard.latin.panels.BrowserPanelView{69b8168 V.E...... ......I. 0,0-1440,2040} during layout: running second layout pass
06-04 16:18:59.406 13728 13728 W View    : requestLayout() improperly called by helium314.keyboard.latin.panels.BrowserPanelView{69b8168 V.E...... ........ 0,0-1440,2040} during second layout pass: posting in next frame
06-04 16:18:59.418 13728 13728 W View    : requestLayout() improperly called by helium314.keyboard.latin.panels.BrowserPanelView{69b8168 V.E...... ......I. 0,0-1440,2040} during layout: running second layout pass
06-04 16:18:59.424 13728 13728 W View    : requestLayout() improperly called by helium314.keyboard.latin.panels.BrowserPanelView{69b8168 V.E...... ......ID 0,0-1440,2040} during second layout pass: posting in next frame
06-04 16:18:59.435 13728 13728 W View    : requestLayout() improperly called by helium314.keyboard.latin.panels.BrowserPanelView{69b8168 V.E...... ......ID 0,0-1440,2040} during layout: running second layout pass
06-04 16:18:59.446 13728 13728 W View    : requestLayout() improperly called by helium314.keyboard.latin.panels.BrowserPanelView{69b8168 V.E...... ........ 0,0-1440,2040} during second layout pass: posting in next frame
06-04 16:18:59.452 13728 13728 W View    : requestLayout() improperly called by helium314.keyboard.latin.panels.BrowserPanelView{69b8168 V.E...... ......I. 0,0-1440,2040} during layout: running second layout pass
06-04 16:18:59.458 13728 13728 W View    : requestLayout() improperly called by helium314.keyboard.latin.panels.BrowserPanelView{69b8168 V.E...... .......D 0,0-1440,2040} during second layout pass: posting in next frame
06-04 16:18:59.468 13728 13728 W View    : requestLayout() improperly called by helium314.keyboard.latin.panels.BrowserPanelView{69b8168 V.E...... ......ID 0,0-1440,2040} during layout: running second layout pass
06-04 16:18:59.471 13728 13928 E GeckoConsole: [JavaScript Error: "TypeError: can't access property "WindowEventDispatcher", win is null" {file: "resource://gre/modules/GeckoViewSessionStore.sys.mjs" line: 149}]
06-04 16:18:59.471 13728 13928 E GeckoConsole: onTabStateUpdate@resource://gre/modules/GeckoViewSessionStore.sys.mjs:149:5
06-04 16:18:59.471 13728 13928 E GeckoConsole: updateSessionStoreFromTabListener@resource://gre/modules/GeckoViewSessionStore.sys.mjs:243:10
06-04 16:18:59.471 13728 13928 E GeckoConsole: SSF_updateSessionStore@resource://gre/modules/SessionStoreFunctions.sys.mjs:46:27
06-04 16:18:59.471 13728 13928 E GeckoConsole: UpdateSessionStore@resource://gre/modules/SessionStoreFunctions.sys.mjs:16:46
06-04 16:18:59.474 13728 13728 W View    : requestLayout() improperly called by helium314.keyboard.latin.panels.BrowserPanelView{69b8168 V.E...... ........ 0,0-1440,2040} during second layout pass: posting in next frame
06-04 16:18:59.484 13728 13728 W View    : requestLayout() improperly called by helium314.keyboard.latin.panels.BrowserPanelView{69b8168 V.E...... ......ID 0,0-1440,2040} during layout: running second layout pass
06-04 16:18:59.490 13728 13728 W View    : requestLayout() improperly called by helium314.keyboard.latin.panels.BrowserPanelView{69b8168 V.E...... ........ 0,0-1440,2040} during second layout pass: posting in next frame
06-04 16:18:59.501 13728 13728 W View    : requestLayout() improperly called by helium314.keyboard.latin.panels.BrowserPanelView{69b8168 V.E...... ......ID 0,0-1440,2040} during layout: running second layout pass
06-04 16:18:59.507 13728 13728 W View    : requestLayout() improperly called by helium314.keyboard.latin.panels.BrowserPanelView{69b8168 V.E...... ........ 0,0-1440,2040} during second layout pass: posting in next frame
06-04 16:18:59.518 13728 13728 W View    : requestLayout() improperly called by helium314.keyboard.latin.panels.BrowserPanelView{69b8168 V.E...... ......ID 0,0-1440,2040} during layout: running second layout pass
06-04 16:18:59.530 13728 13728 W View    : requestLayout() improperly called by helium314.keyboard.latin.panels.BrowserPanelView{69b8168 V.E...... ........ 0,0-1440,2040} during second layout pass: posting in next frame
06-04 16:18:59.534 13728 13728 W View    : requestLayout() improperly called by helium314.keyboard.latin.panels.BrowserPanelView{69b8168 V.E...... ......ID 0,0-1440,2040} during layout: running second layout pass
06-04 16:18:59.542 13728 13728 W View    : requestLayout() improperly called by helium314.keyboard.latin.panels.BrowserPanelView{69b8168 V.E...... ........ 0,0-1440,2040} during second layout pass: posting in next frame
06-04 16:18:59.552 13728 13728 W View    : requestLayout() improperly called by helium314.keyboard.latin.panels.BrowserPanelView{69b8168 V.E...... ......ID 0,0-1440,2040} during layout: running second layout pass
06-04 16:18:59.556 13728 13728 W com.vibekey.keyboard: type=1400 audit(0.0:127021): avc: denied { nlmsg_readpriv } for comm=536F636B657420546872656164 scontext=u:r:untrusted_app:s0:c87,c271,c512,c768 tcontext=u:r:untrusted_app:s0:c87,c271,c512,c768 tclass=netlink_route_socket permissive=0 bug=b/155595000 app=com.vibekey.keyboard
06-04 16:18:59.567 13728 13728 W GeckoEventDispatcher: No listener for GeckoView:DismissClipboardPermissionRequest
06-04 16:18:59.571 13728 22702 E BLASTBufferQueue: BLASTBufferItemConsumer::onDisconnect()
06-04 16:18:59.574 13728 13928 E GeckoConsole: [JavaScript Error: "TypeError: can't access property "WindowEventDispatcher", win is null" {file: "resource://gre/modules/GeckoViewSessionStore.sys.mjs" line: 149}]
06-04 16:18:59.574 13728 13928 E GeckoConsole: onTabStateUpdate@resource://gre/modules/GeckoViewSessionStore.sys.mjs:149:5
06-04 16:18:59.574 13728 13928 E GeckoConsole: updateSessionStoreFromTabListener@resource://gre/modules/GeckoViewSessionStore.sys.mjs:243:10
06-04 16:18:59.574 13728 13928 E GeckoConsole: SSF_updateSessionStore@resource://gre/modules/SessionStoreFunctions.sys.mjs:46:27
06-04 16:18:59.574 13728 13928 E GeckoConsole: UpdateSessionStore@resource://gre/modules/SessionStoreFunctions.sys.mjs:16:46
06-04 16:18:59.575 13728 13928 E GeckoConsole: [JavaScript Error: "TypeError: can't access property "WindowEventDispatcher", win is null" {file: "resource://gre/modules/GeckoViewSessionStore.sys.mjs" line: 149}]
06-04 16:18:59.575 13728 13928 E GeckoConsole: onTabStateUpdate@resource://gre/modules/GeckoViewSessionStore.sys.mjs:149:5
06-04 16:18:59.575 13728 13928 E GeckoConsole: updateSessionStoreFromTabListener@resource://gre/modules/GeckoViewSessionStore.sys.mjs:243:10
06-04 16:18:59.575 13728 13928 E GeckoConsole: SSF_updateSessionStore@resource://gre/modules/SessionStoreFunctions.sys.mjs:46:27
06-04 16:18:59.575 13728 13928 E GeckoConsole: UpdateSessionStore@resource://gre/modules/SessionStoreFunctions.sys.mjs:16:46
06-04 16:18:59.575 13728 13928 E GeckoConsole: [JavaScript Error: "TypeError: can't access property "WindowEventDispatcher", win is null" {file: "resource://gre/modules/GeckoViewSessionStore.sys.mjs" line: 149}]
06-04 16:18:59.575 13728 13928 E GeckoConsole: onTabStateUpdate@resource://gre/modules/GeckoViewSessionStore.sys.mjs:149:5
06-04 16:18:59.575 13728 13928 E GeckoConsole: updateSessionStoreFromTabListener@resource://gre/modules/GeckoViewSessionStore.sys.mjs:243:10
06-04 16:18:59.575 13728 13928 E GeckoConsole: SSF_updateSessionStore@resource://gre/modules/SessionStoreFunctions.sys.mjs:46:27
06-04 16:18:59.575 13728 13928 E GeckoConsole: UpdateSessionStore@resource://gre/modules/SessionStoreFunctions.sys.mjs:16:46
06-04 16:18:59.576 13728 13928 E GeckoConsole: [JavaScript Error: "TypeError: can't access property "WindowEventDispatcher", win is null" {file: "resource://gre/modules/GeckoViewSessionStore.sys.mjs" line: 149}]
06-04 16:18:59.576 13728 13928 E GeckoConsole: onTabStateUpdate@resource://gre/modules/GeckoViewSessionStore.sys.mjs:149:5
06-04 16:18:59.576 13728 13928 E GeckoConsole: updateSessionStoreFromTabListener@resource://gre/modules/GeckoViewSessionStore.sys.mjs:243:10
06-04 16:18:59.576 13728 13928 E GeckoConsole: SSF_updateSessionStore@resource://gre/modules/SessionStoreFunctions.sys.mjs:46:27
06-04 16:18:59.576 13728 13928 E GeckoConsole: UpdateSessionStore@resource://gre/modules/SessionStoreFunctions.sys.mjs:16:46
06-04 16:18:59.576 13728 13928 E GeckoConsole: [JavaScript Error: "TypeError: can't access property "WindowEventDispatcher", win is null" {file: "resource://gre/modules/GeckoViewSessionStore.sys.mjs" line: 149}]
06-04 16:18:59.576 13728 13928 E GeckoConsole: onTabStateUpdate@resource://gre/modules/GeckoViewSessionStore.sys.mjs:149:5
06-04 16:18:59.576 13728 13928 E GeckoConsole: updateSessionStoreFromTabListener@resource://gre/modules/GeckoViewSessionStore.sys.mjs:243:10
06-04 16:18:59.576 13728 13928 E GeckoConsole: SSF_updateSessionStore@resource://gre/modules/SessionStoreFunctions.sys.mjs:46:27
06-04 16:18:59.576 13728 13928 E GeckoConsole: UpdateSessionStore@resource://gre/modules/SessionStoreFunctions.sys.mjs:16:46
06-04 16:18:59.577 13728 13928 E GeckoConsole: [JavaScript Error: "TypeError: can't access property "WindowEventDispatcher", win is null" {file: "resource://gre/modules/GeckoViewSessionStore.sys.mjs" line: 149}]
06-04 16:18:59.577 13728 13928 E GeckoConsole: onTabStateUpdate@resource://gre/modules/GeckoViewSessionStore.sys.mjs:149:5
06-04 16:18:59.577 13728 13928 E GeckoConsole: updateSessionStoreFromTabListener@resource://gre/modules/GeckoViewSessionStore.sys.mjs:243:10
06-04 16:18:59.577 13728 13928 E GeckoConsole: SSF_updateSessionStore@resource://gre/modules/SessionStoreFunctions.sys.mjs:46:27
06-04 16:18:59.577 13728 13928 E GeckoConsole: UpdateSessionStore@resource://gre/modules/SessionStoreFunctions.sys.mjs:16:46
06-04 16:18:59.577 13728 13928 E GeckoConsole: [JavaScript Error: "TypeError: can't access property "WindowEventDispatcher", win is null" {file: "resource://gre/modules/GeckoViewSessionStore.sys.mjs" line: 149}]
06-04 16:18:59.577 13728 13928 E GeckoConsole: onTabStateUpdate@resource://gre/modules/GeckoViewSessionStore.sys.mjs:149:5
06-04 16:18:59.577 13728 13928 E GeckoConsole: updateSessionStoreFromTabListener@resource://gre/modules/GeckoViewSessionStore.sys.mjs:243:10
06-04 16:18:59.577 13728 13928 E GeckoConsole: SSF_updateSessionStore@resource://gre/modules/SessionStoreFunctions.sys.mjs:46:27
06-04 16:18:59.577 13728 13928 E GeckoConsole: UpdateSessionStore@resource://gre/modules/SessionStoreFunctions.sys.mjs:16:46
06-04 16:18:59.578 13728 13928 E GeckoConsole: [JavaScript Error: "TypeError: can't access property "WindowEventDispatcher", win is null" {file: "resource://gre/modules/GeckoViewSessionStore.sys.mjs" line: 149}]
06-04 16:18:59.578 13728 13928 E GeckoConsole: onTabStateUpdate@resource://gre/modules/GeckoViewSessionStore.sys.mjs:149:5
06-04 16:18:59.578 13728 13928 E GeckoConsole: updateSessionStoreFromTabListener@resource://gre/modules/GeckoViewSessionStore.sys.mjs:243:10
06-04 16:18:59.578 13728 13928 E GeckoConsole: SSF_updateSessionStore@resource://gre/modules/SessionStoreFunctions.sys.mjs:46:27
06-04 16:18:59.578 13728 13928 E GeckoConsole: UpdateSessionStore@resource://gre/modules/SessionStoreFunctions.sys.mjs:16:46
06-04 16:18:59.583 13728 13728 E GeckoView: Failed to detach WindowInsetsListener: 
06-04 16:18:59.583 13728 13728 E GeckoView: java.lang.NullPointerException: Attempt to invoke virtual method 'android.view.Window android.app.Activity.getWindow()' on a null object reference
06-04 16:18:59.583 13728 13728 E GeckoView: 	at org.mozilla.geckoview.GeckoView.detachWindowInsetsListener(r8-map-id-3c4392f98dfec4be85387f1344981c2538cde17caaa7e93a15a96452970f2255:1)
06-04 16:18:59.583 13728 13728 E GeckoView: 	at org.mozilla.geckoview.GeckoView.onDetachedFromWindow(r8-map-id-3c4392f98dfec4be85387f1344981c2538cde17caaa7e93a15a96452970f2255:25)
06-04 16:18:59.583 13728 13728 E GeckoView: 	at android.view.View.dispatchDetachedFromWindow(View.java:20955)
06-04 16:18:59.583 13728 13728 E GeckoView: 	at android.view.ViewGroup.dispatchDetachedFromWindow(ViewGroup.java:4014)
06-04 16:18:59.583 13728 13728 E GeckoView: 	at android.view.ViewGroup.removeViewInternal(ViewGroup.java:5660)
06-04 16:18:59.583 13728 13728 E GeckoView: 	at android.view.ViewGroup.removeViewInternal(ViewGroup.java:5631)
06-04 16:18:59.583 13728 13728 E GeckoView: 	at android.view.ViewGroup.removeView(ViewGroup.java:5562)
06-04 16:18:59.583 13728 13728 E GeckoView: 	at helium314.keyboard.latin.panels.BrowserPanelView.P(r8-map-id-3c4392f98dfec4be85387f1344981c2538cde17caaa7e93a15a96452970f2255:119)
06-04 16:18:59.583 13728 13728 E GeckoView: 	at helium314.keyboard.latin.panels.BrowserPanelView.F0(r8-map-id-3c4392f98dfec4be85387f1344981c2538cde17caaa7e93a15a96452970f2255:73)
06-04 16:18:59.583 13728 13728 E GeckoView: 	at i7.c0.r(r8-map-id-3c4392f98dfec4be85387f1344981c2538cde17caaa7e93a15a96452970f2255:149)
06-04 16:18:59.583 13728 13728 E GeckoView: 	at i7.c0.P(r8-map-id-3c4392f98dfec4be85387f1344981c2538cde17caaa7e93a15a96452970f2255:17)
06-04 16:18:59.583 13728 13728 E GeckoView: 	at a8.d5.a(r8-map-id-3c4392f98dfec4be85387f1344981c2538cde17caaa7e93a15a96452970f2255:3)
06-04 16:18:59.583 13728 13728 E GeckoView: 	at a8.b3.onClick(r8-map-id-3c4392f98dfec4be85387f1344981c2538cde17caaa7e93a15a96452970f2255:209)
06-04 16:18:59.583 13728 13728 E GeckoView: 	at android.view.View.performClick(View.java:7488)
06-04 16:18:59.583 13728 13728 E GeckoView: 	at android.view.View.performClickInternal(View.java:7464)
06-04 16:18:59.583 13728 13728 E GeckoView: 	at android.view.View.access$3700(View.java:841)
06-04 16:18:59.583 13728 13728 E GeckoView: 	at android.view.View$PerformClick.run(View.java:28911)
06-04 16:18:59.583 13728 13728 E GeckoView: 	at android.os.Handler.handleCallback(Handler.java:938)
06-04 16:18:59.583 13728 13728 E GeckoView: 	at android.os.Handler.dispatchMessage(Handler.java:99)
06-04 16:18:59.583 13728 13728 E GeckoView: 	at android.os.Looper.loopOnce(Looper.java:233)
06-04 16:18:59.583 13728 13728 E GeckoView: 	at android.os.Looper.loop(Looper.java:344)
06-04 16:18:59.583 13728 13728 E GeckoView: 	at android.app.ActivityThread.main(ActivityThread.java:8212)
06-04 16:18:59.583 13728 13728 E GeckoView: 	at java.lang.reflect.Method.invoke(Native Method)
06-04 16:18:59.583 13728 13728 E GeckoView: 	at com.android.internal.os.RuntimeInit$MethodAndArgsCaller.run(RuntimeInit.java:584)
06-04 16:18:59.583 13728 13728 E GeckoView: 	at com.android.internal.os.ZygoteInit.main(ZygoteInit.java:1034)
06-04 16:18:59.592 13728 13928 E GeckoConsole: [JavaScript Error: "TypeError: can't access property "WindowEventDispatcher", win is null" {file: "resource://gre/modules/GeckoViewSessionStore.sys.mjs" line: 149}]
06-04 16:18:59.592 13728 13928 E GeckoConsole: onTabStateUpdate@resource://gre/modules/GeckoViewSessionStore.sys.mjs:149:5
06-04 16:18:59.592 13728 13928 E GeckoConsole: updateSessionStoreFromTabListener@resource://gre/modules/GeckoViewSessionStore.sys.mjs:243:10
06-04 16:18:59.592 13728 13928 E GeckoConsole: SSF_updateSessionStore@resource://gre/modules/SessionStoreFunctions.sys.mjs:46:27
06-04 16:18:59.592 13728 13928 E GeckoConsole: UpdateSessionStore@resource://gre/modules/SessionStoreFunctions.sys.mjs:16:46
06-04 16:18:59.595 13728 13928 E GeckoConsole: [JavaScript Error: "TypeError: can't access property "WindowEventDispatcher", win is null" {file: "resource://gre/modules/GeckoViewSessionStore.sys.mjs" line: 149}]
06-04 16:18:59.595 13728 13928 E GeckoConsole: onTabStateUpdate@resource://gre/modules/GeckoViewSessionStore.sys.mjs:149:5
06-04 16:18:59.595 13728 13928 E GeckoConsole: updateSessionStoreFromTabListener@resource://gre/modules/GeckoViewSessionStore.sys.mjs:243:10
06-04 16:18:59.595 13728 13928 E GeckoConsole: SSF_updateSessionStore@resource://gre/modules/SessionStoreFunctions.sys.mjs:46:27
06-04 16:18:59.595 13728 13928 E GeckoConsole: UpdateSessionStore@resource://gre/modules/SessionStoreFunctions.sys.mjs:16:46
06-04 16:18:59.597 13728 13928 E GeckoConsole: [JavaScript Error: "TypeError: can't access property "WindowEventDispatcher", win is null" {file: "resource://gre/modules/GeckoViewSessionStore.sys.mjs" line: 149}]
06-04 16:18:59.597 13728 13928 E GeckoConsole: onTabStateUpdate@resource://gre/modules/GeckoViewSessionStore.sys.mjs:149:5
06-04 16:18:59.597 13728 13928 E GeckoConsole: updateSessionStoreFromTabListener@resource://gre/modules/GeckoViewSessionStore.sys.mjs:243:10
06-04 16:18:59.597 13728 13928 E GeckoConsole: SSF_updateSessionStore@resource://gre/modules/SessionStoreFunctions.sys.mjs:46:27
06-04 16:18:59.597 13728 13928 E GeckoConsole: UpdateSessionStore@resource://gre/modules/SessionStoreFunctions.sys.mjs:16:46
06-04 16:18:59.598 13728 13928 E GeckoConsole: [JavaScript Error: "TypeError: can't access property "WindowEventDispatcher", win is null" {file: "resource://gre/modules/GeckoViewSessionStore.sys.mjs" line: 149}]
06-04 16:18:59.598 13728 13928 E GeckoConsole: onTabStateUpdate@resource://gre/modules/GeckoViewSessionStore.sys.mjs:149:5
06-04 16:18:59.598 13728 13928 E GeckoConsole: updateSessionStoreFromTabListener@resource://gre/modules/GeckoViewSessionStore.sys.mjs:243:10
06-04 16:18:59.598 13728 13928 E GeckoConsole: SSF_updateSessionStore@resource://gre/modules/SessionStoreFunctions.sys.mjs:46:27
06-04 16:18:59.598 13728 13928 E GeckoConsole: UpdateSessionStore@resource://gre/modules/SessionStoreFunctions.sys.mjs:16:46
06-04 16:18:59.599 13728 13928 E GeckoConsole: [JavaScript Error: "TypeError: can't access property "WindowEventDispatcher", win is null" {file: "resource://gre/modules/GeckoViewSessionStore.sys.mjs" line: 149}]
06-04 16:18:59.599 13728 13928 E GeckoConsole: onTabStateUpdate@resource://gre/modules/GeckoViewSessionStore.sys.mjs:149:5
06-04 16:18:59.599 13728 13928 E GeckoConsole: updateSessionStoreFromTabListener@resource://gre/modules/GeckoViewSessionStore.sys.mjs:243:10
06-04 16:18:59.599 13728 13928 E GeckoConsole: SSF_updateSessionStore@resource://gre/modules/SessionStoreFunctions.sys.mjs:46:27
06-04 16:18:59.599 13728 13928 E GeckoConsole: UpdateSessionStore@resource://gre/modules/SessionStoreFunctions.sys.mjs:16:46
06-04 16:18:59.599 13728 13928 E GeckoConsole: [JavaScript Error: "TypeError: can't access property "WindowEventDispatcher", win is null" {file: "resource://gre/modules/GeckoViewSessionStore.sys.mjs" line: 149}]
06-04 16:18:59.599 13728 13928 E GeckoConsole: onTabStateUpdate@resource://gre/modules/GeckoViewSessionStore.sys.mjs:149:5
06-04 16:18:59.599 13728 13928 E GeckoConsole: updateSessionStoreFromTabListener@resource://gre/modules/GeckoViewSessionStore.sys.mjs:243:10
06-04 16:18:59.599 13728 13928 E GeckoConsole: SSF_updateSessionStore@resource://gre/modules/SessionStoreFunctions.sys.mjs:46:27
06-04 16:18:59.599 13728 13928 E GeckoConsole: UpdateSessionStore@resource://gre/modules/SessionStoreFunctions.sys.mjs:16:46
06-04 16:18:59.600 13728 13928 E GeckoConsole: [JavaScript Error: "TypeError: can't access property "WindowEventDispatcher", win is null" {file: "resource://gre/modules/GeckoViewSessionStore.sys.mjs" line: 149}]
06-04 16:18:59.600 13728 13928 E GeckoConsole: onTabStateUpdate@resource://gre/modules/GeckoViewSessionStore.sys.mjs:149:5
06-04 16:18:59.600 13728 13928 E GeckoConsole: updateSessionStoreFromTabListener@resource://gre/modules/GeckoViewSessionStore.sys.mjs:243:10
06-04 16:18:59.600 13728 13928 E GeckoConsole: SSF_updateSessionStore@resource://gre/modules/SessionStoreFunctions.sys.mjs:46:27
06-04 16:18:59.600 13728 13928 E GeckoConsole: UpdateSessionStore@resource://gre/modules/SessionStoreFunctions.sys.mjs:16:46
06-04 16:18:59.601 13728 13928 E GeckoConsole: [JavaScript Error: "TypeError: can't access property "WindowEventDispatcher", win is null" {file: "resource://gre/modules/GeckoViewSessionStore.sys.mjs" line: 149}]
06-04 16:18:59.601 13728 13928 E GeckoConsole: onTabStateUpdate@resource://gre/modules/GeckoViewSessionStore.sys.mjs:149:5
06-04 16:18:59.601 13728 13928 E GeckoConsole: updateSessionStoreFromTabListener@resource://gre/modules/GeckoViewSessionStore.sys.mjs:243:10
06-04 16:18:59.601 13728 13928 E GeckoConsole: SSF_updateSessionStore@resource://gre/modules/SessionStoreFunctions.sys.mjs:46:27
06-04 16:18:59.601 13728 13928 E GeckoConsole: UpdateSessionStore@resource://gre/modules/SessionStoreFunctions.sys.mjs:16:46
06-04 16:18:59.603 13728 13928 E GeckoConsole: [JavaScript Error: "TypeError: can't access property "WindowEventDispatcher", win is null" {file: "resource://gre/modules/GeckoViewSessionStore.sys.mjs" line: 149}]
06-04 16:18:59.603 13728 13928 E GeckoConsole: onTabStateUpdate@resource://gre/modules/GeckoViewSessionStore.sys.mjs:149:5
06-04 16:18:59.603 13728 13928 E GeckoConsole: updateSessionStoreFromTabListener@resource://gre/modules/GeckoViewSessionStore.sys.mjs:243:10
06-04 16:18:59.603 13728 13928 E GeckoConsole: SSF_updateSessionStore@resource://gre/modules/SessionStoreFunctions.sys.mjs:46:27
06-04 16:18:59.603 13728 13928 E GeckoConsole: UpdateSessionStore@resource://gre/modules/SessionStoreFunctions.sys.mjs:16:46
06-04 16:18:59.603 13728 13728 W View    : requestLayout() improperly called by helium314.keyboard.latin.panels.BrowserPanelView{69b8168 G.E...... ......ID 0,0-1440,2040} during second layout pass: posting in next frame
06-04 16:18:59.605 13728 13928 E GeckoConsole: [JavaScript Error: "TypeError: can't access property "WindowEventDispatcher", win is null" {file: "resource://gre/modules/GeckoViewSessionStore.sys.mjs" line: 149}]
06-04 16:18:59.605 13728 13928 E GeckoConsole: onTabStateUpdate@resource://gre/modules/GeckoViewSessionStore.sys.mjs:149:5
06-04 16:18:59.605 13728 13928 E GeckoConsole: updateSessionStoreFromTabListener@resource://gre/modules/GeckoViewSessionStore.sys.mjs:243:10
06-04 16:18:59.605 13728 13928 E GeckoConsole: SSF_updateSessionStore@resource://gre/modules/SessionStoreFunctions.sys.mjs:46:27
06-04 16:18:59.605 13728 13928 E GeckoConsole: UpdateSessionStore@resource://gre/modules/SessionStoreFunctions.sys.mjs:16:46
06-04 16:18:59.605 13728 13928 E GeckoConsole: [JavaScript Error: "TypeError: can't access property "WindowEventDispatcher", win is null" {file: "resource://gre/modules/GeckoViewSessionStore.sys.mjs" line: 149}]
06-04 16:18:59.605 13728 13928 E GeckoConsole: onTabStateUpdate@resource://gre/modules/GeckoViewSessionStore.sys.mjs:149:5
