06-01 19:58:51.073 12831 12831 W View    : requestLayout() improperly called by helium314.keyboard.latin.panels.BrowserPanelView{2677d5a V.E...... ........ 0,0-1440,2040} during second layout pass: posting in next frame
06-01 19:58:51.074 12831 12831 W AdManager: Native ad failed to load: code=1 message=Error building request URL: Too many recently failed requests for ad unit ID: ca-app-pub-6765609171282681/4767072755. You must wait a few seconds before making another ad request.
06-01 19:58:51.087 12831 12831 W View    : requestLayout() improperly called by helium314.keyboard.latin.panels.BrowserPanelView{2677d5a V.E...... ......I. 0,0-1440,2040} during layout: running second layout pass
06-01 19:58:51.090 12831 12831 W View    : requestLayout() improperly called by helium314.keyboard.latin.panels.BrowserPanelView{2677d5a V.E...... ........ 0,0-1440,2040} during second layout pass: posting in next frame
06-01 19:58:51.105 12831 12831 W View    : requestLayout() improperly called by helium314.keyboard.latin.panels.BrowserPanelView{2677d5a V.E...... ......I. 0,0-1440,2040} during layout: running second layout pass
06-01 19:58:51.108 12831 12831 W View    : requestLayout() improperly called by helium314.keyboard.latin.panels.BrowserPanelView{2677d5a V.E...... ........ 0,0-1440,2040} during second layout pass: posting in next frame
06-01 19:58:51.122 12831 12831 W View    : requestLayout() improperly called by helium314.keyboard.latin.panels.BrowserPanelView{2677d5a V.E...... ......I. 0,0-1440,2040} during layout: running second layout pass
06-01 19:58:51.125 12831 12831 W View    : requestLayout() improperly called by helium314.keyboard.latin.panels.BrowserPanelView{2677d5a V.E...... ........ 0,0-1440,2040} during second layout pass: posting in next frame
06-01 19:58:51.137 12831 12831 W View    : requestLayout() improperly called by helium314.keyboard.latin.panels.BrowserPanelView{2677d5a V.E...... ......I. 0,0-1440,2040} during layout: running second layout pass
06-01 19:58:51.140 12831 12831 W View    : requestLayout() improperly called by helium314.keyboard.latin.panels.BrowserPanelView{2677d5a V.E...... ........ 0,0-1440,2040} during second layout pass: posting in next frame
06-01 19:58:51.154 12831 12831 W View    : requestLayout() improperly called by helium314.keyboard.latin.panels.BrowserPanelView{2677d5a V.E...... ......I. 0,0-1440,2040} during layout: running second layout pass
06-01 19:58:51.157 12831 12831 W View    : requestLayout() improperly called by helium314.keyboard.latin.panels.BrowserPanelView{2677d5a V.E...... ........ 0,0-1440,2040} during second layout pass: posting in next frame
06-01 19:58:51.170 12831 12831 W View    : requestLayout() improperly called by helium314.keyboard.latin.panels.BrowserPanelView{2677d5a V.E...... ......I. 0,0-1440,2040} during layout: running second layout pass
06-01 19:58:51.173 12831 12831 W View    : requestLayout() improperly called by helium314.keyboard.latin.panels.BrowserPanelView{2677d5a V.E...... ........ 0,0-1440,2040} during second layout pass: posting in next frame
06-01 19:58:51.186 12831 12831 W View    : requestLayout() improperly called by helium314.keyboard.latin.panels.BrowserPanelView{2677d5a V.E...... ......I. 0,0-1440,2040} during layout: running second layout pass
06-01 19:58:51.189 12831 12831 W View    : requestLayout() improperly called by helium314.keyboard.latin.panels.BrowserPanelView{2677d5a V.E...... ........ 0,0-1440,2040} during second layout pass: posting in next frame
06-01 19:58:51.205 12831 12831 W View    : requestLayout() improperly called by helium314.keyboard.latin.panels.BrowserPanelView{2677d5a V.E...... ......I. 0,0-1440,2040} during layout: running second layout pass
06-01 19:58:51.210 12831 12831 W View    : requestLayout() improperly called by helium314.keyboard.latin.panels.BrowserPanelView{2677d5a V.E...... ........ 0,0-1440,2040} during second layout pass: posting in next frame
06-01 19:58:51.221 12831 12831 W View    : requestLayout() improperly called by helium314.keyboard.latin.panels.BrowserPanelView{2677d5a V.E...... ......I. 0,0-1440,2040} during layout: running second layout pass
06-01 19:58:51.226 12831 12831 W View    : requestLayout() improperly called by helium314.keyboard.latin.panels.BrowserPanelView{2677d5a V.E...... ........ 0,0-1440,2040} during second layout pass: posting in next frame
06-01 19:58:51.238 12831 12831 W View    : requestLayout() improperly called by helium314.keyboard.latin.panels.BrowserPanelView{2677d5a V.E...... ......I. 0,0-1440,2040} during layout: running second layout pass
06-01 19:58:51.243 12831 12831 W View    : requestLayout() improperly called by helium314.keyboard.latin.panels.BrowserPanelView{2677d5a V.E...... ........ 0,0-1440,2040} during second layout pass: posting in next frame
06-01 19:58:51.255 12831 12831 W View    : requestLayout() improperly called by helium314.keyboard.latin.panels.BrowserPanelView{2677d5a V.E...... ......I. 0,0-1440,2040} during layout: running second layout pass
06-01 19:58:51.261 12831 12831 W View    : requestLayout() improperly called by helium314.keyboard.latin.panels.BrowserPanelView{2677d5a V.E...... ........ 0,0-1440,2040} during second layout pass: posting in next frame
06-01 19:58:51.272 12831 12831 W View    : requestLayout() improperly called by helium314.keyboard.latin.panels.BrowserPanelView{2677d5a V.E...... ......I. 0,0-1440,2040} during layout: running second layout pass
06-01 19:58:51.279 12831 12831 W View    : requestLayout() improperly called by helium314.keyboard.latin.panels.BrowserPanelView{2677d5a V.E...... ........ 0,0-1440,2040} during second layout pass: posting in next frame
06-01 19:58:51.288 12831 12831 W View    : requestLayout() improperly called by helium314.keyboard.latin.panels.BrowserPanelView{2677d5a V.E...... ......I. 0,0-1440,2040} during layout: running second layout pass
06-01 19:58:51.294 12831 12831 W View    : requestLayout() improperly called by helium314.keyboard.latin.panels.BrowserPanelView{2677d5a V.E...... ........ 0,0-1440,2040} during second layout pass: posting in next frame
06-01 19:58:51.305 12831 12831 W View    : requestLayout() improperly called by helium314.keyboard.latin.panels.BrowserPanelView{2677d5a V.E...... ......I. 0,0-1440,2040} during layout: running second layout pass
06-01 19:58:51.313 12831 12831 W View    : requestLayout() improperly called by helium314.keyboard.latin.panels.BrowserPanelView{2677d5a V.E...... ........ 0,0-1440,2040} during second layout pass: posting in next frame
06-01 19:58:51.323 12831 12831 W View    : requestLayout() improperly called by helium314.keyboard.latin.panels.BrowserPanelView{2677d5a V.E...... ......I. 0,0-1440,2040} during layout: running second layout pass
06-01 19:58:51.331 12831 12831 W View    : requestLayout() improperly called by helium314.keyboard.latin.panels.BrowserPanelView{2677d5a V.E...... ........ 0,0-1440,2040} during second layout pass: posting in next frame
06-01 19:58:51.340 12831 12831 W View    : requestLayout() improperly called by helium314.keyboard.latin.panels.BrowserPanelView{2677d5a V.E...... ......I. 0,0-1440,2040} during layout: running second layout pass
06-01 19:58:51.347 12831 12831 W View    : requestLayout() improperly called by helium314.keyboard.latin.panels.BrowserPanelView{2677d5a V.E...... ........ 0,0-1440,2040} during second layout pass: posting in next frame
06-01 19:58:51.358 12831 12831 W View    : requestLayout() improperly called by helium314.keyboard.latin.panels.BrowserPanelView{2677d5a V.E...... ......I. 0,0-1440,2040} during layout: running second layout pass
06-01 19:58:51.366 12831 12831 W View    : requestLayout() improperly called by helium314.keyboard.latin.panels.BrowserPanelView{2677d5a V.E...... ........ 0,0-1440,2040} during second layout pass: posting in next frame
06-01 19:58:51.371 12831 12831 W View    : requestLayout() improperly called by helium314.keyboard.latin.panels.BrowserPanelView{2677d5a V.E...... ......I. 0,0-1440,2040} during layout: running second layout pass
06-01 19:58:51.379 12831 12831 W View    : requestLayout() improperly called by helium314.keyboard.latin.panels.BrowserPanelView{2677d5a V.E...... ........ 0,0-1440,2040} during second layout pass: posting in next frame
06-01 19:58:51.389 12831 12831 W View    : requestLayout() improperly called by helium314.keyboard.latin.panels.BrowserPanelView{2677d5a V.E...... ......I. 0,0-1440,2040} during layout: running second layout pass
06-01 19:58:51.407 12831 12831 W View    : requestLayout() improperly called by helium314.keyboard.latin.panels.BrowserPanelView{2677d5a V.E...... ........ 0,0-1440,2040} during second layout pass: posting in next frame
06-01 19:58:51.409 12831 12831 W View    : requestLayout() improperly called by helium314.keyboard.latin.panels.BrowserPanelView{2677d5a V.E...... ......I. 0,0-1440,2040} during layout: running second layout pass
06-01 19:58:51.416 12831 12831 W View    : requestLayout() improperly called by helium314.keyboard.latin.panels.BrowserPanelView{2677d5a V.E...... ........ 0,0-1440,2040} during second layout pass: posting in next frame
06-01 19:58:51.421 12831 12831 W View    : requestLayout() improperly called by helium314.keyboard.latin.panels.BrowserPanelView{2677d5a V.E...... ......I. 0,0-1440,2040} during layout: running second layout pass
06-01 19:58:51.425 12831 12831 W View    : requestLayout() improperly called by helium314.keyboard.latin.panels.BrowserPanelView{2677d5a V.E...... ........ 0,0-1440,2040} during second layout pass: posting in next frame
06-01 19:58:51.437 12831 12831 W View    : requestLayout() improperly called by helium314.keyboard.latin.panels.BrowserPanelView{2677d5a V.E...... ......I. 0,0-1440,2040} during layout: running second layout pass
06-01 19:58:51.440 12831 12831 W View    : requestLayout() improperly called by helium314.keyboard.latin.panels.BrowserPanelView{2677d5a V.E...... ........ 0,0-1440,2040} during second layout pass: posting in next frame
06-01 19:58:51.441 12831 18019 W Ads     : Not retrying to fetch app settings
06-01 19:58:51.454 12831 12831 W View    : requestLayout() improperly called by helium314.keyboard.latin.panels.BrowserPanelView{2677d5a V.E...... ......I. 0,0-1440,2040} during layout: running second layout pass
06-01 19:58:51.455 12831 18013 W Ads     : Not retrying to fetch app settings
06-01 19:58:51.457 12831 12831 W View    : requestLayout() improperly called by helium314.keyboard.latin.panels.BrowserPanelView{2677d5a V.E...... ........ 0,0-1440,2040} during second layout pass: posting in next frame
06-01 19:58:51.459 12831 18022 W Ads     : Not retrying to fetch app settings
06-01 19:58:51.471 12831 12831 W View    : requestLayout() improperly called by helium314.keyboard.latin.panels.BrowserPanelView{2677d5a V.E...... ......I. 0,0-1440,2040} during layout: running second layout pass
06-01 19:58:51.475 12831 12831 W View    : requestLayout() improperly called by helium314.keyboard.latin.panels.BrowserPanelView{2677d5a V.E...... ........ 0,0-1440,2040} during second layout pass: posting in next frame
06-01 19:58:51.487 12831 12831 W View    : requestLayout() improperly called by helium314.keyboard.latin.panels.BrowserPanelView{2677d5a V.E...... ......I. 0,0-1440,2040} during layout: running second layout pass
06-01 19:58:51.490 12831 12831 W View    : requestLayout() improperly called by helium314.keyboard.latin.panels.BrowserPanelView{2677d5a V.E...... ........ 0,0-1440,2040} during second layout pass: posting in next frame
06-01 19:58:51.504 12831 12831 W View    : requestLayout() improperly called by helium314.keyboard.latin.panels.BrowserPanelView{2677d5a V.E...... ......I. 0,0-1440,2040} during layout: running second layout pass
06-01 19:58:51.507 12831 12831 W View    : requestLayout() improperly called by helium314.keyboard.latin.panels.BrowserPanelView{2677d5a V.E...... ........ 0,0-1440,2040} during second layout pass: posting in next frame
06-01 19:58:51.521 12831 12831 W View    : requestLayout() improperly called by helium314.keyboard.latin.panels.BrowserPanelView{2677d5a V.E...... ......I. 0,0-1440,2040} during layout: running second layout pass
06-01 19:58:51.525 12831 12831 W View    : requestLayout() improperly called by helium314.keyboard.latin.panels.BrowserPanelView{2677d5a V.E...... ........ 0,0-1440,2040} during second layout pass: posting in next frame
06-01 19:58:51.538 12831 12831 W View    : requestLayout() improperly called by helium314.keyboard.latin.panels.BrowserPanelView{2677d5a V.E...... ......I. 0,0-1440,2040} during layout: running second layout pass
06-01 19:58:51.542 12831 12831 W View    : requestLayout() improperly called by helium314.keyboard.latin.panels.BrowserPanelView{2677d5a V.E...... ........ 0,0-1440,2040} during second layout pass: posting in next frame
06-01 19:58:51.553 15877 15900 W GeckoEditableChild: No editable parent
06-01 19:58:51.555 12831 12831 W View    : requestLayout() improperly called by helium314.keyboard.latin.panels.BrowserPanelView{2677d5a V.E...... ......I. 0,0-1440,2040} during layout: running second layout pass
06-01 19:58:51.558 12831 12831 W View    : requestLayout() improperly called by helium314.keyboard.latin.panels.BrowserPanelView{2677d5a V.E...... ........ 0,0-1440,2040} during second layout pass: posting in next frame
06-01 19:58:51.573 12831 12831 W View    : requestLayout() improperly called by helium314.keyboard.latin.panels.BrowserPanelView{2677d5a V.E...... ......ID 0,0-1440,2040} during layout: running second layout pass
06-01 19:58:51.577 12831 12831 W View    : requestLayout() improperly called by helium314.keyboard.latin.panels.BrowserPanelView{2677d5a V.E...... ........ 0,0-1440,2040} during second layout pass: posting in next frame
06-01 19:58:51.588 12831 12831 W View    : requestLayout() improperly called by helium314.keyboard.latin.panels.BrowserPanelView{2677d5a V.E...... ......ID 0,0-1440,2040} during layout: running second layout pass
06-01 19:58:51.591 12831 12831 W View    : requestLayout() improperly called by helium314.keyboard.latin.panels.BrowserPanelView{2677d5a V.E...... ........ 0,0-1440,2040} during second layout pass: posting in next frame
06-01 19:58:51.604 12831 12831 W View    : requestLayout() improperly called by helium314.keyboard.latin.panels.BrowserPanelView{2677d5a V.E...... ......ID 0,0-1440,2040} during layout: running second layout pass
06-01 19:58:51.607 12831 12831 W View    : requestLayout() improperly called by helium314.keyboard.latin.panels.BrowserPanelView{2677d5a V.E...... ........ 0,0-1440,2040} during second layout pass: posting in next frame
06-01 19:58:51.619 15877 15900 W Isolated Web Content: [JavaScript Warning: "Unexpected value auto parsing width attribute." {file: "https://www.cnbc.com/" line: 0}]
06-01 19:58:51.622 12831 12831 W View    : requestLayout() improperly called by helium314.keyboard.latin.panels.BrowserPanelView{2677d5a V.E...... ......ID 0,0-1440,2040} during layout: running second layout pass
06-01 19:58:51.625 12831 12831 W View    : requestLayout() improperly called by helium314.keyboard.latin.panels.BrowserPanelView{2677d5a V.E...... ........ 0,0-1440,2040} during second layout pass: posting in next frame
06-01 19:58:51.639 12831 12831 W View    : requestLayout() improperly called by helium314.keyboard.latin.panels.BrowserPanelView{2677d5a V.E...... ......ID 0,0-1440,2040} during layout: running second layout pass
06-01 19:58:51.643 12831 12831 W View    : requestLayout() improperly called by helium314.keyboard.latin.panels.BrowserPanelView{2677d5a V.E...... ........ 0,0-1440,2040} during second layout pass: posting in next frame
06-01 19:58:51.657 12831 12831 W View    : requestLayout() improperly called by helium314.keyboard.latin.panels.BrowserPanelView{2677d5a V.E...... ......ID 0,0-1440,2040} during layout: running second layout pass
06-01 19:58:51.661 12831 12831 W View    : requestLayout() improperly called by helium314.keyboard.latin.panels.BrowserPanelView{2677d5a V.E...... ........ 0,0-1440,2040} during second layout pass: posting in next frame
06-01 19:58:51.674 12831 12831 W View    : requestLayout() improperly called by helium314.keyboard.latin.panels.BrowserPanelView{2677d5a V.E...... ......ID 0,0-1440,2040} during layout: running second layout pass
06-01 19:58:51.677 12831 12831 W View    : requestLayout() improperly called by helium314.keyboard.latin.panels.BrowserPanelView{2677d5a V.E...... ........ 0,0-1440,2040} during second layout pass: posting in next frame
06-01 19:58:51.691 12831 12831 W View    : requestLayout() improperly called by helium314.keyboard.latin.panels.BrowserPanelView{2677d5a V.E...... ......I. 0,0-1440,2040} during layout: running second layout pass
06-01 19:58:51.695 12831 12831 W View    : requestLayout() improperly called by helium314.keyboard.latin.panels.BrowserPanelView{2677d5a V.E...... ........ 0,0-1440,2040} during second layout pass: posting in next frame
06-01 19:58:51.707 12831 12831 W View    : requestLayout() improperly called by helium314.keyboard.latin.panels.BrowserPanelView{2677d5a V.E...... ......I. 0,0-1440,2040} during layout: running second layout pass
06-01 19:58:51.710 12831 12831 W View    : requestLayout() improperly called by helium314.keyboard.latin.panels.BrowserPanelView{2677d5a V.E...... ........ 0,0-1440,2040} during second layout pass: posting in next frame
06-01 19:58:51.725 12831 12831 W View    : requestLayout() improperly called by helium314.keyboard.latin.panels.BrowserPanelView{2677d5a V.E...... ......I. 0,0-1440,2040} during layout: running second layout pass
06-01 19:58:51.728 12831 12831 W View    : requestLayout() improperly called by helium314.keyboard.latin.panels.BrowserPanelView{2677d5a V.E...... ........ 0,0-1440,2040} during second layout pass: posting in next frame
06-01 19:58:51.740 12831 12831 W View    : requestLayout() improperly called by helium314.keyboard.latin.panels.BrowserPanelView{2677d5a V.E...... ......I. 0,0-1440,2040} during layout: running second layout pass
06-01 19:58:51.743 12831 12831 W View    : requestLayout() improperly called by helium314.keyboard.latin.panels.BrowserPanelView{2677d5a V.E...... ........ 0,0-1440,2040} during second layout pass: posting in next frame
06-01 19:58:51.757 12831 12831 W View    : requestLayout() improperly called by helium314.keyboard.latin.panels.BrowserPanelView{2677d5a V.E...... ......I. 0,0-1440,2040} during layout: running second layout pass
06-01 19:58:51.759 12831 12831 W View    : requestLayout() improperly called by helium314.keyboard.latin.panels.BrowserPanelView{2677d5a V.E...... ........ 0,0-1440,2040} during second layout pass: posting in next frame
06-01 19:58:51.777 12831 12831 W View    : requestLayout() improperly called by helium314.keyboard.latin.panels.BrowserPanelView{2677d5a V.E...... ......I. 0,0-1440,2040} during layout: running second layout pass
06-01 19:58:51.764 12831 12831 W com.vibekey.keyboard: type=1400 audit(0.0:34122): avc: denied { nlmsg_readpriv } for comm=536F636B657420546872656164 scontext=u:r:untrusted_app:s0:c42,c271,c512,c768 tcontext=u:r:untrusted_app:s0:c42,c271,c512,c768 tclass=netlink_route_socket permissive=0 bug=b/155595000 app=com.vibekey.keyboard
06-01 19:58:51.781 12831 12831 W View    : requestLayout() improperly called by helium314.keyboard.latin.panels.BrowserPanelView{2677d5a V.E...... ........ 0,0-1440,2040} during second layout pass: posting in next frame
06-01 19:58:51.790 12831 12831 W View    : requestLayout() improperly called by helium314.keyboard.latin.panels.BrowserPanelView{2677d5a V.E...... ......I. 0,0-1440,2040} during layout: running second layout pass
06-01 19:58:51.794 12831 12831 W View    : requestLayout() improperly called by helium314.keyboard.latin.panels.BrowserPanelView{2677d5a V.E...... ........ 0,0-1440,2040} during second layout pass: posting in next frame
06-01 19:58:51.806 12831 12831 W View    : requestLayout() improperly called by helium314.keyboard.latin.panels.BrowserPanelView{2677d5a V.E...... ......I. 0,0-1440,2040} during layout: running second layout pass
06-01 19:58:51.794 12831 12831 W com.vibekey.keyboard: type=1400 audit(0.0:34123): avc: denied { nlmsg_readpriv } for comm=536F636B657420546872656164 scontext=u:r:untrusted_app:s0:c42,c271,c512,c768 tcontext=u:r:untrusted_app:s0:c42,c271,c512,c768 tclass=netlink_route_socket permissive=0 bug=b/155595000 app=com.vibekey.keyboard
06-01 19:58:51.809 12831 12831 W View    : requestLayout() improperly called by helium314.keyboard.latin.panels.BrowserPanelView{2677d5a V.E...... ........ 0,0-1440,2040} during second layout pass: posting in next frame
06-01 19:58:51.822 12831 12831 W View    : requestLayout() improperly called by helium314.keyboard.latin.panels.BrowserPanelView{2677d5a V.E...... ......ID 0,0-1440,2040} during layout: running second layout pass
06-01 19:58:51.826 12831 12831 W View    : requestLayout() improperly called by helium314.keyboard.latin.panels.BrowserPanelView{2677d5a V.E...... ........ 0,0-1440,2040} during second layout pass: posting in next frame
06-01 19:58:51.839 12831 12831 W View    : requestLayout() improperly called by helium314.keyboard.latin.panels.BrowserPanelView{2677d5a V.E...... ......I. 0,0-1440,2040} during layout: running second layout pass
06-01 19:58:51.843 12831 12831 W View    : requestLayout() improperly called by helium314.keyboard.latin.panels.BrowserPanelView{2677d5a V.E...... ........ 0,0-1440,2040} during second layout pass: posting in next frame
06-01 19:58:51.855 12831 12831 W View    : requestLayout() improperly called by helium314.keyboard.latin.panels.BrowserPanelView{2677d5a V.E...... ......I. 0,0-1440,2040} during layout: running second layout pass
06-01 19:58:51.859 12831 12831 W View    : requestLayout() improperly called by helium314.keyboard.latin.panels.BrowserPanelView{2677d5a V.E...... ........ 0,0-1440,2040} during second layout pass: posting in next frame
06-01 19:58:51.873 12831 12831 W View    : requestLayout() improperly called by helium314.keyboard.latin.panels.BrowserPanelView{2677d5a V.E...... ......I. 0,0-1440,2040} during layout: running second layout pass
06-01 19:58:51.878 12831 12831 W View    : requestLayout() improperly called by helium314.keyboard.latin.panels.BrowserPanelView{2677d5a V.E...... ........ 0,0-1440,2040} during second layout pass: posting in next frame
06-01 19:58:51.889 12831 12831 W View    : requestLayout() improperly called by helium314.keyboard.latin.panels.BrowserPanelView{2677d5a V.E...... ......I. 0,0-1440,2040} during layout: running second layout pass
06-01 19:58:51.892 12831 12831 W View    : requestLayout() improperly called by helium314.keyboard.latin.panels.BrowserPanelView{2677d5a V.E...... ........ 0,0-1440,2040} during second layout pass: posting in next frame
06-01 19:58:51.907 12831 12831 W View    : requestLayout() improperly called by helium314.keyboard.latin.panels.BrowserPanelView{2677d5a V.E...... ......I. 0,0-1440,2040} during layout: running second layout pass
06-01 19:58:51.910 12831 12831 W View    : requestLayout() improperly called by helium314.keyboard.latin.panels.BrowserPanelView{2677d5a V.E...... ........ 0,0-1440,2040} during second layout pass: posting in next frame
06-01 19:58:51.923 12831 12831 W View    : requestLayout() improperly called by helium314.keyboard.latin.panels.BrowserPanelView{2677d5a V.E...... ......I. 0,0-1440,2040} during layout: running second layout pass
06-01 19:58:51.926 12831 12831 W View    : requestLayout() improperly called by helium314.keyboard.latin.panels.BrowserPanelView{2677d5a V.E...... ........ 0,0-1440,2040} during second layout pass: posting in next frame
06-01 19:58:51.940 12831 12831 W View    : requestLayout() improperly called by helium314.keyboard.latin.panels.BrowserPanelView{2677d5a V.E...... ......I. 0,0-1440,2040} during layout: running second layout pass
06-01 19:58:51.943 12831 12831 W View    : requestLayout() improperly called by helium314.keyboard.latin.panels.BrowserPanelView{2677d5a V.E...... ........ 0,0-1440,2040} during second layout pass: posting in next frame
06-01 19:58:51.956 12831 12831 W View    : requestLayout() improperly called by helium314.keyboard.latin.panels.BrowserPanelView{2677d5a V.E...... ......I. 0,0-1440,2040} during layout: running second layout pass
06-01 19:58:51.960 12831 12831 W View    : requestLayout() improperly called by helium314.keyboard.latin.panels.BrowserPanelView{2677d5a V.E...... ........ 0,0-1440,2040} during second layout pass: posting in next frame
06-01 19:58:51.973 12831 12831 W View    : requestLayout() improperly called by helium314.keyboard.latin.panels.BrowserPanelView{2677d5a V.E...... ......I. 0,0-1440,2040} during layout: running second layout pass
06-01 19:58:51.977 12831 12831 W View    : requestLayout() improperly called by helium314.keyboard.latin.panels.BrowserPanelView{2677d5a V.E...... ........ 0,0-1440,2040} during second layout pass: posting in next frame
06-01 19:58:51.989 12831 12831 W View    : requestLayout() improperly called by helium314.keyboard.latin.panels.BrowserPanelView{2677d5a V.E...... ......I. 0,0-1440,2040} during layout: running second layout pass
06-01 19:58:51.991 12831 12831 W View    : requestLayout() improperly called by helium314.keyboard.latin.panels.BrowserPanelView{2677d5a V.E...... ........ 0,0-1440,2040} during second layout pass: posting in next frame
06-01 19:58:51.994 12831 12831 W com.vibekey.keyboard: type=1400 audit(0.0:34124): avc: denied { nlmsg_readpriv } for comm=536F636B657420546872656164 scontext=u:r:untrusted_app:s0:c42,c271,c512,c768 tcontext=u:r:untrusted_app:s0:c42,c271,c512,c768 tclass=netlink_route_socket permissive=0 bug=b/155595000 app=com.vibekey.keyboard
06-01 19:58:52.006 12831 12831 W View    : requestLayout() improperly called by helium314.keyboard.latin.panels.BrowserPanelView{2677d5a V.E...... ......I. 0,0-1440,2040} during layout: running second layout pass
06-01 19:58:52.009 12831 12831 W View    : requestLayout() improperly called by helium314.keyboard.latin.panels.BrowserPanelView{2677d5a V.E...... ........ 0,0-1440,2040} during second layout pass: posting in next frame
06-01 19:58:52.023 12831 12831 W View    : requestLayout() improperly called by helium314.keyboard.latin.panels.BrowserPanelView{2677d5a V.E...... ......I. 0,0-1440,2040} during layout: running second layout pass
06-01 19:58:52.027 12831 12831 W AdManager: Rewarded load failed tier=PRIMARY code=1 domain=com.google.android.gms.ads message=Error building request URL: Too many recently failed requests for ad unit ID: ca-app-pub-6765609171282681/3310587093. You must wait a few seconds before making another ad request.
06-01 19:58:52.027 12831 12831 W View    : requestLayout() improperly called by helium314.keyboard.latin.panels.BrowserPanelView{2677d5a V.E...... ........ 0,0-1440,2040} during second layout pass: posting in next frame
06-01 19:58:52.040 12831 12831 W View    : requestLayout() improperly called by helium314.keyboard.latin.panels.BrowserPanelView{2677d5a V.E...... ......I. 0,0-1440,2040} during layout: running second layout pass
06-01 19:58:52.044 12831 12831 W View    : requestLayout() improperly called by helium314.keyboard.latin.panels.BrowserPanelView{2677d5a V.E...... ........ 0,0-1440,2040} during second layout pass: posting in next frame
06-01 19:58:52.056 12831 12831 W View    : requestLayout() improperly called by helium314.keyboard.latin.panels.BrowserPanelView{2677d5a V.E...... ......I. 0,0-1440,2040} during layout: running second layout pass
06-01 19:58:52.060 12831 12831 W AdManager: Interstitial ad failed to load: code=1 message=Error building request URL: Too many recently failed requests for ad unit ID: ca-app-pub-6765609171282681/8371342086. You must wait a few seconds before making another ad request.
06-01 19:58:52.060 12831 12831 W View    : requestLayout() improperly called by helium314.keyboard.latin.panels.BrowserPanelView{2677d5a V.E...... ........ 0,0-1440,2040} during second layout pass: posting in next frame
06-01 19:58:52.073 12831 12831 W View    : requestLayout() improperly called by helium314.keyboard.latin.panels.BrowserPanelView{2677d5a V.E...... ......I. 0,0-1440,2040} during layout: running second layout pass
06-01 19:58:52.077 12831 12831 W View    : requestLayout() improperly called by helium314.keyboard.latin.panels.BrowserPanelView{2677d5a V.E...... ........ 0,0-1440,2040} during second layout pass: posting in next frame
06-01 19:58:52.090 12831 12831 W View    : requestLayout() improperly called by helium314.keyboard.latin.panels.BrowserPanelView{2677d5a V.E...... ......I. 0,0-1440,2040} during layout: running second layout pass
06-01 19:58:52.094 12831 12831 W AdManager: Native ad failed to load: code=1 message=Error building request URL: Too many recently failed requests for ad unit ID: ca-app-pub-6765609171282681/4767072755. You must wait a few seconds before making another ad request.
06-01 19:58:52.095 12831 12831 W View    : requestLayout() improperly called by helium314.keyboard.latin.panels.BrowserPanelView{2677d5a V.E...... ........ 0,0-1440,2040} during second layout pass: posting in next frame
06-01 19:58:52.107 12831 12831 W View    : requestLayout() improperly called by helium314.keyboard.latin.panels.BrowserPanelView{2677d5a V.E...... ......ID 0,0-1440,2040} during layout: running second layout pass
06-01 19:58:52.111 12831 12831 W View    : requestLayout() improperly called by helium314.keyboard.latin.panels.BrowserPanelView{2677d5a V.E...... ........ 0,0-1440,2040} during second layout pass: posting in next frame
06-01 19:58:52.131 12831 15181 E BLASTBufferQueue: BLASTBufferItemConsumer::onDisconnect()
06-01 19:58:52.133 12831 12831 W View    : requestLayout() improperly called by helium314.keyboard.latin.panels.BrowserPanelView{2677d5a V.E...... ......ID 0,0-1440,2040} during layout: running second layout pass
06-01 19:58:52.138 12831 12831 W View    : requestLayout() improperly called by helium314.keyboard.latin.panels.BrowserPanelView{2677d5a V.E...... ........ 0,0-1440,2040} during second layout pass: posting in next frame
06-01 19:58:52.143 12831 12831 W View    : requestLayout() improperly called by helium314.keyboard.latin.panels.BrowserPanelView{2677d5a V.E...... ......ID 0,0-1440,2040} during layout: running second layout pass
06-01 19:58:52.148 12831 12831 W View    : requestLayout() improperly called by helium314.keyboard.latin.panels.BrowserPanelView{2677d5a V.E...... ........ 0,0-1440,2040} during second layout pass: posting in next frame
06-01 19:58:52.156 12831 12831 W View    : requestLayout() improperly called by helium314.keyboard.latin.panels.BrowserPanelView{2677d5a V.E...... ......ID 0,0-1440,2040} during layout: running second layout pass
06-01 19:58:52.162 12831 12831 W View    : requestLayout() improperly called by helium314.keyboard.latin.panels.BrowserPanelView{2677d5a V.E...... ........ 0,0-1440,2040} during second layout pass: posting in next frame
06-01 19:58:52.173 12831 12831 W View    : requestLayout() improperly called by helium314.keyboard.latin.panels.BrowserPanelView{2677d5a V.E...... ......ID 0,0-1440,2040} during layout: running second layout pass
06-01 19:58:52.177 12831 12831 W View    : requestLayout() improperly called by helium314.keyboard.latin.panels.BrowserPanelView{2677d5a V.E...... ........ 0,0-1440,2040} during second layout pass: posting in next frame
06-01 19:58:52.190 12831 12831 W View    : requestLayout() improperly called by helium314.keyboard.latin.panels.BrowserPanelView{2677d5a V.E...... ......ID 0,0-1440,2040} during layout: running second layout pass
06-01 19:58:52.194 12831 12831 W View    : requestLayout() improperly called by helium314.keyboard.latin.panels.BrowserPanelView{2677d5a V.E...... ........ 0,0-1440,2040} during second layout pass: posting in next frame
06-01 19:58:52.196 12831 12831 W GeckoEventDispatcher: No listener for GeckoView:DismissClipboardPermissionRequest
06-01 19:58:52.234 12831 12831 W com.vibekey.keyboard: type=1400 audit(0.0:34125): avc: denied { nlmsg_readpriv } for comm=536F636B657420546872656164 scontext=u:r:untrusted_app:s0:c42,c271,c512,c768 tcontext=u:r:untrusted_app:s0:c42,c271,c512,c768 tclass=netlink_route_socket permissive=0 bug=b/155595000 app=com.vibekey.keyboard
06-01 19:58:52.274 12831 12831 W com.vibekey.keyboard: type=1400 audit(0.0:34126): avc: denied { nlmsg_readpriv } for comm=536F636B657420546872656164 scontext=u:r:untrusted_app:s0:c42,c271,c512,c768 tcontext=u:r:untrusted_app:s0:c42,c271,c512,c768 tclass=netlink_route_socket permissive=0 bug=b/155595000 app=com.vibekey.keyboard
06-01 19:58:52.299 12831 12831 W GeckoEventDispatcher: No listener for GeckoView:DismissClipboardPermissionRequest
06-01 19:58:52.303 12831 18056 E BLASTBufferQueue: BLASTBufferItemConsumer::onDisconnect()
06-01 19:58:52.311 12831 12831 E GeckoView: Failed to detach WindowInsetsListener: 
06-01 19:58:52.311 12831 12831 E GeckoView: java.lang.NullPointerException: Attempt to invoke virtual method 'android.view.Window android.app.Activity.getWindow()' on a null object reference
06-01 19:58:52.311 12831 12831 E GeckoView: 	at org.mozilla.geckoview.GeckoView.detachWindowInsetsListener(r8-map-id-45901071d9dd614f8fe2dcd87a174905e94b6c6aa9031634ad2b49883ae84c53:1)
06-01 19:58:52.311 12831 12831 E GeckoView: 	at org.mozilla.geckoview.GeckoView.onDetachedFromWindow(r8-map-id-45901071d9dd614f8fe2dcd87a174905e94b6c6aa9031634ad2b49883ae84c53:25)
06-01 19:58:52.311 12831 12831 E GeckoView: 	at android.view.View.dispatchDetachedFromWindow(View.java:20955)
06-01 19:58:52.311 12831 12831 E GeckoView: 	at android.view.ViewGroup.dispatchDetachedFromWindow(ViewGroup.java:4014)
06-01 19:58:52.311 12831 12831 E GeckoView: 	at android.view.ViewGroup.removeViewInternal(ViewGroup.java:5660)
06-01 19:58:52.311 12831 12831 E GeckoView: 	at android.view.ViewGroup.removeViewInternal(ViewGroup.java:5631)
06-01 19:58:52.311 12831 12831 E GeckoView: 	at android.view.ViewGroup.removeView(ViewGroup.java:5562)
06-01 19:58:52.311 12831 12831 E GeckoView: 	at helium314.keyboard.latin.panels.BrowserPanelView.F(r8-map-id-45901071d9dd614f8fe2dcd87a174905e94b6c6aa9031634ad2b49883ae84c53:75)
06-01 19:58:52.311 12831 12831 E GeckoView: 	at helium314.keyboard.latin.panels.BrowserPanelView.H0(r8-map-id-45901071d9dd614f8fe2dcd87a174905e94b6c6aa9031634ad2b49883ae84c53:83)
06-01 19:58:52.311 12831 12831 E GeckoView: 	at g7.b0.r(r8-map-id-45901071d9dd614f8fe2dcd87a174905e94b6c6aa9031634ad2b49883ae84c53:149)
06-01 19:58:52.311 12831 12831 E GeckoView: 	at g7.b0.P(r8-map-id-45901071d9dd614f8fe2dcd87a174905e94b6c6aa9031634ad2b49883ae84c53:17)
06-01 19:58:52.311 12831 12831 E GeckoView: 	at y7.s3.a(r8-map-id-45901071d9dd614f8fe2dcd87a174905e94b6c6aa9031634ad2b49883ae84c53:3)
06-01 19:58:52.311 12831 12831 E GeckoView: 	at y7.d2.onClick(r8-map-id-45901071d9dd614f8fe2dcd87a174905e94b6c6aa9031634ad2b49883ae84c53:209)
06-01 19:58:52.311 12831 12831 E GeckoView: 	at android.view.View.performClick(View.java:7488)
06-01 19:58:52.311 12831 12831 E GeckoView: 	at android.view.View.performClickInternal(View.java:7464)
06-01 19:58:52.311 12831 12831 E GeckoView: 	at android.view.View.access$3700(View.java:841)
06-01 19:58:52.311 12831 12831 E GeckoView: 	at android.view.View$PerformClick.run(View.java:28911)
06-01 19:58:52.311 12831 12831 E GeckoView: 	at android.os.Handler.handleCallback(Handler.java:938)
06-01 19:58:52.311 12831 12831 E GeckoView: 	at android.os.Handler.dispatchMessage(Handler.java:99)
06-01 19:58:52.311 12831 12831 E GeckoView: 	at android.os.Looper.loopOnce(Looper.java:233)
06-01 19:58:52.311 12831 12831 E GeckoView: 	at android.os.Looper.loop(Looper.java:344)
06-01 19:58:52.311 12831 12831 E GeckoView: 	at android.app.ActivityThread.main(ActivityThread.java:8212)
06-01 19:58:52.311 12831 12831 E GeckoView: 	at java.lang.reflect.Method.invoke(Native Method)
06-01 19:58:52.311 12831 12831 E GeckoView: 	at com.android.internal.os.RuntimeInit$MethodAndArgsCaller.run(RuntimeInit.java:584)
06-01 19:58:52.311 12831 12831 E GeckoView: 	at com.android.internal.os.ZygoteInit.main(ZygoteInit.java:1034)
06-01 19:58:52.356 12831 12831 W GeckoSession: No history entries found.
06-01 19:58:52.360 12831 12831 W View    : requestLayout() improperly called by helium314.keyboard.latin.panels.BrowserPanelView{2677d5a G.E...... ......ID 0,0-1440,2040} during second layout pass: posting in next frame
06-01 19:58:52.449 12831 18036 W ServiceBindIntentUtils: Dynamic lookup for intent failed for action: com.google.android.gms.ads.service.START
06-01 19:58:52.468 12831 18019 W Ads     : Not retrying to fetch app settings
06-01 19:58:52.484 12831 18026 W Ads     : Not retrying to fetch app settings
06-01 19:58:52.517 15877 15900 W Isolated Web Content: [JavaScript Warning: "Ignoring unsupported entryTypes: longtask." {file: "https://static-redesign.cnbcfm.com/dist/main-e0257c9bff4e48305844.js" line: 2}]
06-01 19:58:52.904 12831 12831 W com.vibekey.keyboard: type=1400 audit(0.0:34131): avc: denied { nlmsg_readpriv } for comm=536F636B657420546872656164 scontext=u:r:untrusted_app:s0:c42,c271,c512,c768 tcontext=u:r:untrusted_app:s0:c42,c271,c512,c768 tclass=netlink_route_socket permissive=0 bug=b/155595000 app=com.vibekey.keyboard
06-01 19:58:52.904 12831 12831 W com.vibekey.keyboard: type=1400 audit(0.0:34132): avc: denied { nlmsg_readpriv } for comm=536F636B657420546872656164 scontext=u:r:untrusted_app:s0:c42,c271,c512,c768 tcontext=u:r:untrusted_app:s0:c42,c271,c512,c768 tclass=netlink_route_socket permissive=0 bug=b/155595000 app=com.vibekey.keyboard
06-01 19:58:53.080 15877 15900 E Isolated Web Content: [JavaScript Error: "Cookie “_cookie_test” has been rejected for invalid domain." {file: "https://www.cnbc.com/" line: 0}]
06-01 19:58:53.080 15877 15900 E Isolated Web Content: [JavaScript Error: "Cookie “_cookie_test” has been rejected for invalid domain." {file: "https://www.cnbc.com/" line: 0}]
06-01 19:58:53.084 15877 15900 E Isolated Web Content: [JavaScript Error: "Cookie “_cookie_test” has been rejected for invalid domain." {file: "https://www.cnbc.com/" line: 0}]
06-01 19:58:53.085 15877 15900 E Isolated Web Content: [JavaScript Error: "Cookie “_cookie_test” has been rejected for invalid domain." {file: "https://www.cnbc.com/" line: 0}]
06-01 19:58:53.086 15877 15900 E Isolated Web Content: [JavaScript Error: "Cookie “_cookie_test” has been rejected for invalid domain." {file: "https://www.cnbc.com/" line: 0}]
06-01 19:58:53.086 15877 15900 E Isolated Web Content: [JavaScript Error: "Cookie “_cookie_test” has been rejected for invalid domain." {file: "https://www.cnbc.com/" line: 0}]
06-01 19:58:53.097 12831 12831 W AdManager: Rewarded load failed tier=PRIMARY code=1 domain=com.google.android.gms.ads message=Error building request URL: Too many recently failed requests for ad unit ID: ca-app-pub-6765609171282681/3310587093. You must wait a few seconds before making another ad request.
06-01 19:58:53.100 15877 15900 E Isolated Web Content: [JavaScript Error: "Cookie “_cookie_test” has been rejected for invalid domain." {file: "https://www.cnbc.com/" line: 0}]
06-01 19:58:53.100 15877 15900 E Isolated Web Content: [JavaScript Error: "Cookie “_cookie_test” has been rejected for invalid domain." {file: "https://www.cnbc.com/" line: 0}]
06-01 19:58:53.112 12831 12831 W AdManager: Interstitial ad failed to load: code=1 message=Error building request URL: Too many recently failed requests for ad unit ID: ca-app-pub-6765609171282681/8371342086. You must wait a few seconds before making another ad request.
06-01 19:58:53.114 12831 12831 W com.vibekey.keyboard: type=1400 audit(0.0:34133): avc: denied { nlmsg_readpriv } for comm=536F636B657420546872656164 scontext=u:r:untrusted_app:s0:c42,c271,c512,c768 tcontext=u:r:untrusted_app:s0:c42,c271,c512,c768 tclass=netlink_route_socket permissive=0 bug=b/155595000 app=com.vibekey.keyboard
06-01 19:58:53.137 12831 12831 W AdManager: Native ad failed to load: code=1 message=Error building request URL: Too many recently failed requests for ad unit ID: ca-app-pub-6765609171282681/4767072755. You must wait a few seconds before making another ad request.
06-01 19:58:53.168 15877 15900 E Isolated Web Content: [JavaScript Error: "Cookie “_cookie_test” has been rejected for invalid domain." {file: "https://www.cnbc.com/" line: 0}]
06-01 19:58:53.168 15877 15900 E Isolated Web Content: [JavaScript Error: "Cookie “_cookie_test” has been rejected for invalid domain." {file: "https://www.cnbc.com/" line: 0}]
06-01 19:58:53.183 15877 15900 E Isolated Web Content: [JavaScript Error: "Cookie “_cookie_test” has been rejected for invalid domain." {file: "https://www.cnbc.com/" line: 0}]
06-01 19:58:53.184 15877 15900 E Isolated Web Content: [JavaScript Error: "Cookie “_cookie_test” has been rejected for invalid domain." {file: "https://www.cnbc.com/" line: 0}]
06-01 19:58:53.186 15877 15900 E Isolated Web Content: [JavaScript Error: "Cookie “_cookie_test” has been rejected for invalid domain." {file: "https://www.cnbc.com/" line: 0}]
06-01 19:58:53.186 15877 15900 E Isolated Web Content: [JavaScript Error: "Cookie “_cookie_test” has been rejected for invalid domain." {file: "https://www.cnbc.com/" line: 0}]
06-01 19:58:53.214 16387 16415 W Isolated Web Content: [JavaScript Warning: "Content-Security-Policy: Ignoring “'unsafe-inline'” within script-src: ‘strict-dynamic’ specified" {file: "https://www.google.com/recaptcha/enterprise/anchor?ar=1&k=6LfnMFMeAAAAABvWy2u0ZzAqPaVUflZOPibgK-u5&co=aHR0cHM6Ly93d3cuY25iYy5jb206NDQz&hl=en&v=hsFBb1u5wWWWkWP4in1ua2cQ&size=invisible&anchor-ms=20000&execute-ms=30000&cb=n9hawj72ndxo" line: 0}]
06-01 19:58:53.214 16387 16415 W Isolated Web Content: [JavaScript Warning: "Content-Security-Policy: Ignoring “https:” within script-src: ‘strict-dynamic’ specified" {file: "https://www.google.com/recaptcha/enterprise/anchor?ar=1&k=6LfnMFMeAAAAABvWy2u0ZzAqPaVUflZOPibgK-u5&co=aHR0cHM6Ly93d3cuY25iYy5jb206NDQz&hl=en&v=hsFBb1u5wWWWkWP4in1ua2cQ&size=invisible&anchor-ms=20000&execute-ms=30000&cb=n9hawj72ndxo" line: 0}]
06-01 19:58:53.214 16387 16415 W Isolated Web Content: [JavaScript Warning: "Content-Security-Policy: Ignoring “http:” within script-src: ‘strict-dynamic’ specified" {file: "https://www.google.com/recaptcha/enterprise/anchor?ar=1&k=6LfnMFMeAAAAABvWy2u0ZzAqPaVUflZOPibgK-u5&co=aHR0cHM6Ly93d3cuY25iYy5jb206NDQz&hl=en&v=hsFBb1u5wWWWkWP4in1ua2cQ&size=invisible&anchor-ms=20000&execute-ms=30000&cb=n9hawj72ndxo" line: 0}]
06-01 19:58:53.214 16387 16415 W Isolated Web Content: [JavaScript Warning: "Content-Security-Policy: Ignoring “'unsafe-inline'” within script-src: nonce-source or hash-source specified" {file: "https://www.google.com/recaptcha/enterprise/anchor?ar=1&k=6LfnMFMeAAAAABvWy2u0ZzAqPaVUflZOPibgK-u5&co=aHR0cHM6Ly93d3cuY25iYy5jb206NDQz&hl=en&v=hsFBb1u5wWWWkWP4in1ua2cQ&size=invisible&anchor-ms=20000&execute-ms=30000&cb=n9hawj72ndxo" line: 0}]
06-01 19:58:53.204 12831 12831 W com.vibekey.keyboard: type=1400 audit(0.0:34134): avc: denied { nlmsg_readpriv } for comm=536F636B657420546872656164 scontext=u:r:untrusted_app:s0:c42,c271,c512,c768 tcontext=u:r:untrusted_app:s0:c42,c271,c512,c768 tclass=netlink_route_socket permissive=0 bug=b/155595000 app=com.vibekey.keyboard
06-01 19:58:53.279 12831 12831 W GeckoEventDispatcher: No listener for GeckoView:DismissClipboardPermissionRequest
06-01 19:58:53.289 12831 12984 E GeckoConsole: [JavaScript Error: "TypeError: can't access property "WindowEventDispatcher", win is null" {file: "resource://gre/modules/GeckoViewSessionStore.sys.mjs" line: 149}]
06-01 19:58:53.289 12831 12984 E GeckoConsole: onTabStateUpdate@resource://gre/modules/GeckoViewSessionStore.sys.mjs:149:5
06-01 19:58:53.289 12831 12984 E GeckoConsole: updateSessionStoreFromTabListener@resource://gre/modules/GeckoViewSessionStore.sys.mjs:243:10
06-01 19:58:53.289 12831 12984 E GeckoConsole: SSF_updateSessionStore@resource://gre/modules/SessionStoreFunctions.sys.mjs:46:27
06-01 19:58:53.289 12831 12984 E GeckoConsole: UpdateSessionStore@resource://gre/modules/SessionStoreFunctions.sys.mjs:16:46
06-01 19:58:53.290 12831 12984 E GeckoConsole: [JavaScript Error: "TypeError: can't access property "WindowEventDispatcher", win is null" {file: "resource://gre/modules/GeckoViewSessionStore.sys.mjs" line: 149}]
06-01 19:58:53.290 12831 12984 E GeckoConsole: onTabStateUpdate@resource://gre/modules/GeckoViewSessionStore.sys.mjs:149:5
06-01 19:58:53.290 12831 12984 E GeckoConsole: updateSessionStoreFromTabListener@resource://gre/modules/GeckoViewSessionStore.sys.mjs:243:10
06-01 19:58:53.290 12831 12984 E GeckoConsole: SSF_updateSessionStore@resource://gre/modules/SessionStoreFunctions.sys.mjs:46:27
06-01 19:58:53.290 12831 12984 E GeckoConsole: UpdateSessionStore@resource://gre/modules/SessionStoreFunctions.sys.mjs:16:46
06-01 19:58:53.359 12831 18022 W Ads     : Not retrying to fetch app settings
06-01 19:58:53.382 12831 18023 W Ads     : Not retrying to fetch app settings
06-01 19:58:53.391 12831 18020 W Ads     : Not retrying to fetch app settings
06-01 19:58:53.584 12831 12831 W AdManager: Rewarded load failed tier=PRIMARY code=3 domain=com.google.android.gms.ads message=Publisher data not found. <https://support.google.com/admob/answer/9905175#9>
06-01 19:58:53.591 12831 12831 W AdManager: Interstitial ad failed to load: code=3 message=Publisher data not found. <https://support.google.com/admob/answer/9905175#9>
06-01 19:58:53.614 12831 12831 W AdManager: Native ad failed to load: code=3 message=Publisher data not found. <https://support.google.com/admob/answer/9905175#9>
06-01 19:58:53.769 16387 16415 W Isolated Web Content: [JavaScript Warning: "Ignoring unsupported entryTypes: longtask." {file: "https://www.gstatic.com/recaptcha/releases/hsFBb1u5wWWWkWP4in1ua2cQ/recaptcha__en.js" line: 727}]
06-01 19:58:53.831 12831 18017 W Ads     : Not retrying to fetch app settings
06-01 19:58:53.855 12831 18014 W Ads     : Not retrying to fetch app settings
06-01 19:58:53.861 12831 18014 W Ads     : Not retrying to fetch app settings
06-01 19:58:53.990 12831 12831 W AdManager: Rewarded load failed tier=PRIMARY code=3 domain=com.google.android.gms.ads message=Publisher data not found. <https://support.google.com/admob/answer/9905175#9>
06-01 19:58:54.035 12831 12831 W AdManager: Native ad failed to load: code=3 message=Publisher data not found. <https://support.google.com/admob/answer/9905175#9>
06-01 19:58:54.066 12831 12831 W AdManager: Interstitial ad failed to load: code=3 message=Publisher data not found. <https://support.google.com/admob/answer/9905175#9>
06-01 19:58:54.331 12831 18018 W Ads     : Not retrying to fetch app settings
06-01 19:58:54.333 12831 18061 W ServiceBindIntentUtils: Dynamic lookup for intent failed for action: com.google.android.gms.ads.service.START
06-01 19:58:54.356 12831 18018 W Ads     : Not retrying to fetch app settings
06-01 19:58:54.361 12831 18023 W Ads     : Not retrying to fetch app settings
06-01 19:58:54.548 12831 12831 W AdManager: Native ad failed to load: code=3 message=Publisher data not found. <https://support.google.com/admob/answer/9905175#9>
06-01 19:58:54.549 12831 12831 W AdManager: Interstitial ad failed to load: code=3 message=Publisher data not found. <https://support.google.com/admob/answer/9905175#9>
06-01 19:58:54.549 12831 12831 W AdManager: Rewarded load failed tier=PRIMARY code=3 domain=com.google.android.gms.ads message=Publisher data not found. <https://support.google.com/admob/answer/9905175#9>
06-01 19:58:54.653 12831 12898 E BLASTBufferQueue: BLASTBufferItemConsumer::onDisconnect()
06-01 19:58:54.837 12831 18014 W Ads     : Not retrying to fetch app settings
06-01 19:58:54.858 12831 18014 W Ads     : Not retrying to fetch app settings
06-01 19:58:54.905 12831 18017 W Ads     : Not retrying to fetch app settings
06-01 19:58:55.437 12831 12831 W AdManager: Rewarded load failed tier=PRIMARY code=1 domain=com.google.android.gms.ads message=Error building request URL: Too many recently failed requests for ad unit ID: ca-app-pub-6765609171282681/3310587093. You must wait a few seconds before making another ad request.
06-01 19:58:55.479 12831 12831 W AdManager: Interstitial ad failed to load: code=1 message=Error building request URL: Too many recently failed requests for ad unit ID: ca-app-pub-6765609171282681/8371342086. You must wait a few seconds before making another ad request.
06-01 19:58:55.488 12831 12831 W AdManager: Native ad failed to load: code=1 message=Error building request URL: Too many recently failed requests for ad unit ID: ca-app-pub-6765609171282681/4767072755. You must wait a few seconds before making another ad request.
06-01 19:58:55.890 12831 18016 W Ads     : Not retrying to fetch app settings
06-01 19:58:55.935 12831 18021 W Ads     : Not retrying to fetch app settings
06-01 19:58:55.950 12831 18021 W Ads     : Not retrying to fetch app settings
06-01 19:58:56.427 12831 12831 W AdManager: Rewarded load failed tier=PRIMARY code=1 domain=com.google.android.gms.ads message=Error building request URL: Too many recently failed requests for ad unit ID: ca-app-pub-6765609171282681/3310587093. You must wait a few seconds before making another ad request.
06-01 19:58:56.494 12831 12831 W AdManager: Interstitial ad failed to load: code=1 message=Error building request URL: Too many recently failed requests for ad unit ID: ca-app-pub-6765609171282681/8371342086. You must wait a few seconds before making another ad request.
06-01 19:58:56.499 12831 12831 W AdManager: Native ad failed to load: code=1 message=Error building request URL: Too many recently failed requests for ad unit ID: ca-app-pub-6765609171282681/4767072755. You must wait a few seconds before making another ad request.
06-01 19:58:56.905 12831 18023 W Ads     : Not retrying to fetch app settings
06-01 19:58:56.952 12831 18021 W Ads     : Not retrying to fetch app settings
