=== VibeKey 4.5.95 (4463) ===

--------- beginning of system
07-21 11:42:44.465 10243 10243 E OplusCustomizeRestrictionManager: sInstance is null, start a new sInstance
--------- beginning of main
07-21 11:46:38.866 10243 10243 I VkEffects: reload anim=neon_pulse blur=0px glow=true stickers=true
07-21 11:46:39.047 10243 10243 W VkStall : MAIN-THREAD STALL 188ms during: >>>>> Dispatching to Handler (android.os.Handler) {502da3c} ia.q@7db076: 0
07-21 11:46:39.723 10243 10243 W VkStall : MAIN-THREAD STALL 121ms during: >>>>> Dispatching to Handler (android.os.Handler) {502da3c} ia.q@7db076: 0
07-21 11:46:40.846 10243 10243 W VkStall : MAIN-THREAD STALL 127ms during: >>>>> Dispatching to Handler (android.os.Handler) {502da3c} ia.q@7db076: 0
07-21 11:46:41.992 10243 10243 I VkEffects: reload anim=scale blur=0px glow=false stickers=true
07-21 11:46:42.588 10243 10243 W VkStall : MAIN-THREAD STALL 133ms during: >>>>> Dispatching to Handler (android.os.Handler) {502da3c} ia.q@7db076: 0
07-21 11:46:42.771 10243 10243 I VkFavorites: apply Golden Soft
07-21 11:46:42.913 10243 10243 I VkSwipe : ○ gesture canceled
07-21 11:46:42.916 10243 10243 I VkSwipe : ○ gesture canceled
07-21 11:46:43.041 10243 10243 W VkStall : MAIN-THREAD STALL 270ms during: >>>>> Dispatching to Handler (android.view.ViewRootImpl$ViewRootHandler) {55e3a79} android.view.View$PerformClick@4f803f6: 0
07-21 11:46:43.055 10243 10243 W View    : requestLayout() improperly called by android.widget.LinearLayout{963e342 V.E...... ......ID 0,1023-1440,2818 #7f0a00fc app:id/main_keyboard_frame} during layout: running second layout pass
07-21 11:46:43.225 10243 10243 W VkStall : MAIN-THREAD STALL 130ms during: >>>>> Dispatching to Handler (android.view.ViewRootImpl$ViewRootHandler) {55e3a79} ia.h0@9ee5c4a: 0
07-21 11:46:43.698 10243 10243 W VkStall : MAIN-THREAD STALL 128ms during: >>>>> Dispatching to Handler (android.os.Handler) {f6e3da3} ia.q@84b54bf: 0
07-21 11:46:43.925 10243 10243 W VkStall : MAIN-THREAD STALL 175ms during: >>>>> Dispatching to Handler (android.os.Handler) {f6e3da3} ia.q@84b54bf: 0
07-21 11:46:44.126 10243 10243 W VkStall : MAIN-THREAD STALL 148ms during: >>>>> Dispatching to Handler (android.os.Handler) {f6e3da3} ia.q@84b54bf: 0
07-21 11:46:44.289 10243 10243 I VkPanels: ○ close menu
07-21 11:46:45.203 10243 10243 I VkSuggestions: stripUi prediction=false children=1 [bom]
07-21 11:46:45.240 10243 10243 I VkPanels: ○ close menu
07-21 11:46:45.282 10243 10243 I VkMultilingual: reset main=es locales=[es] count=1
07-21 11:46:45.404 10243 10589 I VkNgram : merge locale=es prev= preds=8 contextual=0 assets=true
07-21 11:46:45.404 10243 10589 I VkSuggestions: strip prediction typedLen=0 candidates=3 autocorrect=false top=el locale=es
07-21 11:46:45.409 10243 10243 I VkSuggestions: stripUi prediction=true children=5 [en|el|la]
07-21 11:46:46.204 10243 10243 I VkSuggestions: stripUi prediction=false children=1 [bom]
07-21 11:46:46.212 10243 10243 I VkPanels: ○ close menu
07-21 11:46:46.233 10243 10243 I VkMultilingual: reset main=en-AU locales=[en] count=1
07-21 11:46:46.341 10243 10589 I VkNgram : merge locale=en prev= preds=8 contextual=0 assets=true
07-21 11:46:46.341 10243 10589 I VkSuggestions: strip prediction typedLen=0 candidates=3 autocorrect=false top=i locale=en
07-21 11:46:46.344 10243 10243 I VkSuggestions: stripUi prediction=true children=5 [it|i|he]
07-21 11:46:47.191 10243 10243 I VkSuggestions: stripUi prediction=false children=1 [bom]
07-21 11:46:47.203 10243 10243 I VkPanels: ○ close menu
07-21 11:46:47.222 10243 10243 I VkMultilingual: reset main=es locales=[es] count=1
07-21 11:46:47.341 10243 10589 I VkNgram : merge locale=es prev= preds=8 contextual=0 assets=true
07-21 11:46:47.341 10243 10589 I VkSuggestions: strip prediction typedLen=0 candidates=3 autocorrect=false top=la locale=es
07-21 11:46:47.348 10243 10243 I VkSuggestions: stripUi prediction=true children=5 [los|la|en]
07-21 11:46:48.827 10243 10589 I VkSuggestions: decode typedLen=1 candidates=18 locales=1 12,5ms
07-21 11:46:48.829 10243 10589 I VkSuggestions: strip composing typedLen=1 candidates=19 autocorrect=false top=h locale=es
07-21 11:46:48.834 10243 10243 I VkSuggestions: stripUi prediction=false children=5 [h|y|ha]
07-21 11:46:49.071 10243 10589 I VkSuggestions: decode typedLen=2 candidates=18 locales=1 12,3ms
07-21 11:46:49.077 10243 10589 I VkSuggestions: strip composing typedLen=2 candidates=19 autocorrect=false top=hi locale=es
07-21 11:46:49.082 10243 10243 I VkSuggestions: stripUi prediction=false children=5 [hi|hizo|hija]
07-21 11:46:49.323 10243 10589 I VkSuggestions: decode typedLen=3 candidates=18 locales=1 13,4ms
07-21 11:46:49.325 10243 10589 I VkAutocorrect: will correct: hiñ → hin
07-21 11:46:49.325 10243 10589 I VkSuggestions: strip composing typedLen=3 candidates=19 autocorrect=true top=hiñ locale=es
07-21 11:46:49.340 10243 10243 I VkSuggestions: stripUi prediction=false children=5 [hiñ|hin|vio]
07-21 11:46:49.997 10243 10589 I VkSuggestions: decode typedLen=2 candidates=18 locales=1 7,7ms
07-21 11:46:49.998 10243 10589 I VkSuggestions: strip composing typedLen=2 candidates=19 autocorrect=false top=hi locale=es
07-21 11:46:50.002 10243 10243 I VkSuggestions: stripUi prediction=false children=5 [hi|hizo|hija]
07-21 11:46:50.175 10243 10589 I VkSuggestions: decode typedLen=1 candidates=18 locales=1 6,7ms
07-21 11:46:50.176 10243 10589 I VkSuggestions: strip composing typedLen=1 candidates=19 autocorrect=false top=h locale=es
07-21 11:46:50.180 10243 10243 I VkSuggestions: stripUi prediction=false children=5 [h|y|ha]
07-21 11:46:50.343 10243 10589 I VkSuggestions: strip prediction typedLen=0 candidates=3 autocorrect=false top=la locale=es
07-21 11:46:50.348 10243 10243 I VkSuggestions: stripUi prediction=true children=5 [en|la|el]
07-21 11:46:51.038 10243 10589 W VibeKeyProfiler: Slow Native Suggest: Total=13.24ms | Init=0.03ms | TrieExpand(x19)=13.17ms | Scoring=0.05ms | inputSize=1
07-21 11:46:51.046 10243 10589 W VkSuggestions: slow frame 20,9ms locales=1 typedLen=1 candidates=18
07-21 11:46:51.047 10243 10589 I VkSuggestions: strip composing typedLen=1 candidates=19 autocorrect=false top=f locale=es
07-21 11:46:51.052 10243 10243 I VkSuggestions: stripUi prediction=false children=5 [f|fue|e]
07-21 11:46:51.351 10243 10589 W VibeKeyProfiler: Slow Native Suggest: Total=10.72ms | Init=0.20ms | TrieExpand(x15)=10.50ms | Scoring=0.02ms | inputSize=2
07-21 11:46:51.351 10243 10589 I VkSuggestions: decode typedLen=2 candidates=18 locales=1 18,8ms
07-21 11:46:51.352 10243 10589 W VkSuggestions: slow frame 18,8ms locales=1 typedLen=2 candidates=18
07-21 11:46:51.352 10243 10589 I VkSuggestions: strip composing typedLen=2 candidates=18 autocorrect=false top=fe locale=es
07-21 11:46:51.356 10243 10243 I VkSuggestions: stripUi prediction=false children=5 [fe|de|fue]
07-21 11:46:51.554 10243 10589 I VkSuggestions: decode typedLen=3 candidates=18 locales=1 14,1ms
07-21 11:46:51.556 10243 10589 I VkAutocorrect: will correct: fel → del
07-21 11:46:51.556 10243 10589 I VkSuggestions: strip composing typedLen=3 candidates=19 autocorrect=true top=fel locale=es
07-21 11:46:51.563 10243 10243 I VkSuggestions: stripUi prediction=false children=5 [fel|del|feliz]
07-21 11:46:51.813 10243 10589 I VkSuggestions: decode typedLen=4 candidates=18 locales=1 13,0ms
07-21 11:46:51.815 10243 10589 I VkAutocorrect: will correct: feli → feliz
07-21 11:46:51.815 10243 10589 I VkSuggestions: strip composing typedLen=4 candidates=19 autocorrect=true top=feli locale=es
07-21 11:46:51.821 10243 10243 I VkSuggestions: stripUi prediction=false children=5 [feli|feliz|felicidad]
07-21 11:46:52.728 10243 10589 I VkSuggestions: decode typedLen=5 candidates=18 locales=1 8,5ms
07-21 11:46:52.731 10243 10589 I VkSuggestions: strip composing typedLen=5 candidates=19 autocorrect=false top=feliy locale=es
07-21 11:46:52.752 10243 10243 I VkSuggestions: stripUi prediction=false children=5 [feliy|feliz|Félix]
07-21 11:46:54.506 10243 10589 W VibeKeyProfiler: Slow Native Suggest: Total=9.52ms | Init=0.35ms | TrieExpand(x15)=9.13ms | Scoring=0.04ms | inputSize=4
07-21 11:46:54.518 10243 10589 W VibeKeyProfiler: Slow Native Suggest: Total=10.89ms | Init=0.18ms | TrieExpand(x12)=10.68ms | Scoring=0.03ms | inputSize=4
07-21 11:46:54.519 10243 10589 I VkSuggestions: decode typedLen=4 candidates=18 locales=1 22,4ms
07-21 11:46:54.519 10243 10589 W VkSuggestions: slow frame 22,4ms locales=1 typedLen=4 candidates=18
07-21 11:46:54.521 10243 10589 I VkAutocorrect: will correct: feli → feliz
07-21 11:46:54.521 10243 10589 I VkSuggestions: strip composing typedLen=4 candidates=19 autocorrect=true top=feli locale=es
07-21 11:46:54.528 10243 10243 I VkSuggestions: stripUi prediction=false children=5 [feli|feliz|felicidad]
07-21 11:46:55.221 10243 10243 I VkAutocorrect: picked: feliz
07-21 11:46:55.328 10243 10589 I VkNgram : merge locale=es prev=feliz preds=8 contextual=0 assets=true
07-21 11:46:55.330 10243 10589 I VkSuggestions: strip prediction typedLen=0 candidates=3 autocorrect=false top=de locale=es
07-21 11:46:55.340 10243 10243 I VkSuggestions: stripUi prediction=true children=5 [por|de|y]
07-21 11:46:57.145 10243 10589 W VibeKeyProfiler: Slow Native Suggest: Total=9.46ms | Init=0.59ms | TrieExpand(x14)=8.82ms | Scoring=0.05ms | inputSize=1
07-21 11:46:57.159 10243 10589 W VibeKeyProfiler: Slow Native Suggest: Total=12.68ms | Init=0.50ms | TrieExpand(x14)=12.15ms | Scoring=0.03ms | inputSize=1
07-21 11:46:57.159 10243 10589 I VkSuggestions: decode typedLen=1 candidates=18 locales=1 24,1ms
07-21 11:46:57.160 10243 10589 W VkSuggestions: slow frame 24,1ms locales=1 typedLen=1 candidates=18
07-21 11:46:57.161 10243 10589 I VkSuggestions: strip composing typedLen=1 candidates=19 autocorrect=false top=c locale=es
07-21 11:46:57.189 10243 10243 I VkSuggestions: stripUi prediction=false children=5 [c|🍊|©️]
07-21 11:46:57.487 10243 10589 W VibeKeyProfiler: Slow Native Suggest: Total=8.36ms | Init=0.11ms | TrieExpand(x19)=8.19ms | Scoring=0.06ms | inputSize=2
07-21 11:46:57.501 10243 10589 W VibeKeyProfiler: Slow Native Suggest: Total=12.16ms | Init=0.19ms | TrieExpand(x13)=11.90ms | Scoring=0.07ms | inputSize=2
07-21 11:46:57.502 10243 10589 I VkSuggestions: decode typedLen=2 candidates=18 locales=1 23,3ms
07-21 11:46:57.503 10243 10589 W VkSuggestions: slow frame 23,3ms locales=1 typedLen=2 candidates=18
07-21 11:46:57.507 10243 10589 I VkSuggestions: strip composing typedLen=2 candidates=19 autocorrect=false top=cu locale=es
07-21 11:46:57.536 10243 10243 I VkSuggestions: stripUi prediction=false children=5 [cu|🇨🇺|cual]
07-21 11:46:57.945 10243 10589 W VibeKeyProfiler: Slow Native Suggest: Total=8.11ms | Init=0.28ms | TrieExpand(x16)=7.79ms | Scoring=0.04ms | inputSize=3
07-21 11:46:57.958 10243 10589 W VibeKeyProfiler: Slow Native Suggest: Total=12.54ms | Init=0.15ms | TrieExpand(x15)=12.35ms | Scoring=0.04ms | inputSize=3
07-21 11:46:57.959 10243 10589 I VkSuggestions: decode typedLen=3 candidates=18 locales=1 22,5ms
07-21 11:46:57.961 10243 10589 W VkSuggestions: slow frame 22,5ms locales=1 typedLen=3 candidates=18
07-21 11:46:57.965 10243 10589 I VkSuggestions: strip composing typedLen=3 candidates=19 autocorrect=false top=cum locale=es
07-21 11:46:57.975 10243 10243 I VkSuggestions: stripUi prediction=false children=5 [cum|cumplir|cumbre]
07-21 11:46:59.572 10243 10589 I VkSuggestions: decode typedLen=4 candidates=18 locales=1 8,8ms
07-21 11:46:59.573 10243 10589 I VkAutocorrect: will correct: cump → cumplir
07-21 11:46:59.574 10243 10589 I VkSuggestions: strip composing typedLen=4 candidates=19 autocorrect=true top=cump locale=es
07-21 11:46:59.579 10243 10243 I VkSuggestions: stripUi prediction=false children=5 [cump|cumplir|cumple]
07-21 11:47:00.613 10243 10589 I VkSuggestions: decode typedLen=5 candidates=18 locales=1 4,5ms
07-21 11:47:00.614 10243 10589 I VkSuggestions: strip composing typedLen=5 candidates=19 autocorrect=false top=cumpñ locale=es
07-21 11:47:00.621 10243 10243 I VkSuggestions: stripUi prediction=false children=5 [cumpñ|culpó|cumplir]
07-21 11:47:01.742 10243 10589 W VibeKeyProfiler: Slow Native Suggest: Total=9.39ms | Init=0.14ms | TrieExpand(x12)=9.22ms | Scoring=0.02ms | inputSize=4
07-21 11:47:01.743 10243 10589 I VkSuggestions: decode typedLen=4 candidates=18 locales=1 16,7ms
07-21 11:47:01.743 10243 10589 W VkSuggestions: slow frame 16,7ms locales=1 typedLen=4 candidates=18
07-21 11:47:01.744 10243 10589 I VkAutocorrect: will correct: cump → cumplir
07-21 11:47:01.745 10243 10589 I VkSuggestions: strip composing typedLen=4 candidates=19 autocorrect=true top=cump locale=es
07-21 11:47:01.750 10243 10243 I VkSuggestions: stripUi prediction=false children=5 [cump|cumplir|cumple]
07-21 11:47:03.878 10243 10589 I VkSuggestions: decode typedLen=5 candidates=18 locales=1 12,8ms
07-21 11:47:03.881 10243 10589 I VkAutocorrect: will correct: cumpl → cumplir
07-21 11:47:03.881 10243 10589 I VkSuggestions: strip composing typedLen=5 candidates=19 autocorrect=true top=cumpl locale=es
07-21 11:47:03.887 10243 10243 I VkSuggestions: stripUi prediction=false children=5 [cumpl|cumplir|cumple]
07-21 11:47:04.142 10243 10589 I VkSuggestions: decode typedLen=6 candidates=18 locales=1 8,9ms
07-21 11:47:04.144 10243 10589 I VkAutocorrect: will correct: cumpls → cumpla
07-21 11:47:04.144 10243 10589 I VkSuggestions: strip composing typedLen=6 candidates=18 autocorrect=true top=cumpls locale=es
07-21 11:47:04.150 10243 10243 I VkSuggestions: stripUi prediction=false children=5 [cumpls|cumpla|cumple]
07-21 11:47:04.810 10243 10589 W VibeKeyProfiler: Slow Native Suggest: Total=9.95ms | Init=0.28ms | TrieExpand(x11)=9.64ms | Scoring=0.04ms | inputSize=7
07-21 11:47:04.812 10243 10589 I VkSuggestions: decode typedLen=7 candidates=18 locales=1 12,1ms
07-21 11:47:04.817 10243 10589 I VkAutocorrect: will correct: cumplsn → cumplan
07-21 11:47:04.817 10243 10589 I VkSuggestions: strip composing typedLen=7 candidates=19 autocorrect=true top=cumplsn locale=es
07-21 11:47:04.824 10243 10243 I VkSuggestions: stripUi prediction=false children=5 [cumplsn|cumplan|cumplen]
07-21 11:47:05.716 10243 10589 W VibeKeyProfiler: Slow Native Suggest: Total=13.99ms | Init=0.29ms | TrieExpand(x9)=13.67ms | Scoring=0.04ms | inputSize=8
07-21 11:47:05.718 10243 10589 I VkSuggestions: decode typedLen=8 candidates=18 locales=1 15,9ms
07-21 11:47:05.721 10243 10589 I VkSuggestions: strip composing typedLen=8 candidates=19 autocorrect=false top=cumplsno locale=es
07-21 11:47:05.731 10243 10243 I VkSuggestions: stripUi prediction=false children=5 [cumplsno|cumpla|cumplan]
07-21 11:47:06.840 10243 10243 I VkAutocorrect: kept (typing): cumplsno
07-21 11:47:06.949 10243 10589 I VkSuggestions: strip prediction typedLen=0 candidates=3 autocorrect=false top=que locale=es
07-21 11:47:06.956 10243 10243 I VkSuggestions: stripUi prediction=true children=5 [ciudad|que|gobierno]
07-21 11:47:09.648 10243 10243 I VkSuggestions: stripUi prediction=false children=5 [cumplsno|cumpla|cumplan]
07-21 11:47:09.970 10243 10589 I VkSuggestions: decode typedLen=7 candidates=18 locales=1 9,7ms
07-21 11:47:09.971 10243 10589 I VkSuggestions: strip composing typedLen=7 candidates=18 autocorrect=false top=cumplsn locale=es
07-21 11:47:09.974 10243 10243 I VkSuggestions: stripUi prediction=false children=5 [cumplsn|cumplan|cumplen]
07-21 11:47:10.098 10243 10589 I VkSuggestions: decode typedLen=6 candidates=18 locales=1 6,1ms
07-21 11:47:10.099 10243 10589 I VkSuggestions: strip composing typedLen=6 candidates=18 autocorrect=false top=cumpls locale=es
07-21 11:47:10.102 10243 10243 I VkSuggestions: stripUi prediction=false children=5 [cumpls|cumpla|cumples]
07-21 11:47:10.271 10243 10589 W VibeKeyProfiler: Slow Native Suggest: Total=10.22ms | Init=0.18ms | TrieExpand(x12)=10.00ms | Scoring=0.04ms | inputSize=5
07-21 11:47:10.272 10243 10589 I VkSuggestions: decode typedLen=5 candidates=18 locales=1 18,8ms
07-21 11:47:10.272 10243 10589 W VkSuggestions: slow frame 18,8ms locales=1 typedLen=5 candidates=18
07-21 11:47:10.274 10243 10589 I VkSuggestions: strip composing typedLen=5 candidates=19 autocorrect=false top=cumpl locale=es
07-21 11:47:10.282 10243 10243 I VkSuggestions: stripUi prediction=false children=5 [cumpl|cumplir|cumple]
07-21 11:47:16.718 10243 10589 W VibeKeyProfiler: Slow Native Suggest: Total=9.44ms | Init=0.17ms | TrieExpand(x12)=9.20ms | Scoring=0.07ms | inputSize=4
07-21 11:47:16.718 10243 10589 I VkSuggestions: decode typedLen=4 candidates=18 locales=1 18,6ms
07-21 11:47:16.721 10243 10589 W VkSuggestions: slow frame 18,6ms locales=1 typedLen=4 candidates=18
07-21 11:47:16.722 10243 10589 I VkSuggestions: strip composing typedLen=4 candidates=19 autocorrect=false top=cump locale=es
07-21 11:47:16.728 10243 10243 I VkSuggestions: stripUi prediction=false children=5 [cump|cumplir|cumple]
07-21 11:47:17.214 10243 10589 I VkSuggestions: decode typedLen=3 candidates=18 locales=1 8,2ms
07-21 11:47:17.216 10243 10589 I VkSuggestions: strip composing typedLen=3 candidates=19 autocorrect=false top=cum locale=es
07-21 11:47:17.218 10243 10243 I VkSuggestions: stripUi prediction=false children=5 [cum|cumplir|cumbre]
07-21 11:47:17.358 10243 10589 I VkSuggestions: decode typedLen=2 candidates=18 locales=1 7,2ms
07-21 11:47:17.361 10243 10589 I VkSuggestions: strip composing typedLen=2 candidates=19 autocorrect=false top=cu locale=es
07-21 11:47:17.365 10243 10243 I VkSuggestions: stripUi prediction=false children=5 [cu|🇨🇺|cual]
07-21 11:47:19.041 10243 10589 W VibeKeyProfiler: Slow Native Suggest: Total=9.56ms | Init=0.26ms | TrieExpand(x20)=9.25ms | Scoring=0.05ms | inputSize=3
07-21 11:47:19.052 10243 10589 W VibeKeyProfiler: Slow Native Suggest: Total=10.70ms | Init=0.12ms | TrieExpand(x15)=10.54ms | Scoring=0.04ms | inputSize=3
07-21 11:47:19.053 10243 10589 I VkSuggestions: decode typedLen=3 candidates=18 locales=1 21,7ms
07-21 11:47:19.053 10243 10589 W VkSuggestions: slow frame 21,7ms locales=1 typedLen=3 candidates=18
07-21 11:47:19.057 10243 10589 I VkSuggestions: strip composing typedLen=3 candidates=19 autocorrect=false top=cum locale=es
07-21 11:47:19.061 10243 10243 I VkSuggestions: stripUi prediction=false children=5 [cum|cumplir|cumbre]
07-21 11:47:19.341 10243 10589 I VkSuggestions: decode typedLen=4 candidates=18 locales=1 11,1ms
07-21 11:47:19.343 10243 10589 I VkSuggestions: strip composing typedLen=4 candidates=19 autocorrect=false top=cump locale=es
07-21 11:47:19.347 10243 10243 I VkSuggestions: stripUi prediction=false children=5 [cump|cumplir|cumple]
07-21 11:47:21.455 10243 10589 I VkSuggestions: decode typedLen=5 candidates=18 locales=1 4,9ms
07-21 11:47:21.456 10243 10589 I VkSuggestions: strip composing typedLen=5 candidates=19 autocorrect=false top=cumpl locale=es
07-21 11:47:21.460 10243 10243 I VkSuggestions: stripUi prediction=false children=5 [cumpl|cumplir|cumple]
07-21 11:47:22.635 10243 10589 I VkSuggestions: decode typedLen=6 candidates=18 locales=1 6,9ms
07-21 11:47:22.637 10243 10589 I VkSuggestions: strip composing typedLen=6 candidates=19 autocorrect=false top=cumpli locale=es
07-21 11:47:22.646 10243 10243 I VkSuggestions: stripUi prediction=false children=5 [cumpli|cumplí|cumplir]
07-21 11:47:23.444 10243 10589 I VkSuggestions: decode typedLen=7 candidates=18 locales=1 5,1ms
07-21 11:47:23.446 10243 10589 I VkSuggestions: strip composing typedLen=7 candidates=19 autocorrect=false top=cumplia locale=es
07-21 11:47:23.450 10243 10243 I VkSuggestions: stripUi prediction=false children=5 [cumplia|cumplía|cumplían]
07-21 11:47:23.705 10243 10589 W VibeKeyProfiler: Slow Native Suggest: Total=9.53ms | Init=0.16ms | TrieExpand(x9)=9.35ms | Scoring=0.02ms | inputSize=8
07-21 11:47:23.706 10243 10589 I VkSuggestions: decode typedLen=8 candidates=18 locales=1 10,6ms
07-21 11:47:23.709 10243 10589 I VkSuggestions: strip composing typedLen=8 candidates=19 autocorrect=false top=cumplian locale=es
07-21 11:47:23.714 10243 10243 I VkSuggestions: stripUi prediction=false children=5 [cumplian|cumplían|cumplirán]
07-21 11:47:24.167 10243 10589 W VibeKeyProfiler: Slow Native Suggest: Total=11.15ms | Init=0.11ms | TrieExpand(x8)=11.02ms | Scoring=0.02ms | inputSize=9
07-21 11:47:24.168 10243 10589 I VkSuggestions: decode typedLen=9 candidates=18 locales=1 12,2ms
07-21 11:47:24.171 10243 10589 I VkSuggestions: strip composing typedLen=9 candidates=19 autocorrect=false top=cumpliano locale=es
07-21 11:47:24.175 10243 10243 I VkSuggestions: stripUi prediction=false children=5 [cumpliano|cumplía|cumplían]
07-21 11:47:25.490 10243 10243 I VkAutocorrect: picked: cumpliano
07-21 11:47:25.595 10243 10589 I VkSuggestions: strip prediction typedLen=0 candidates=3 autocorrect=false top=que locale=es
07-21 11:47:25.601 10243 10243 I VkSuggestions: stripUi prediction=true children=5 [ciudad|que|gobierno]
07-21 11:47:27.323 10243 10589 W VibeKeyProfiler: Slow Native Suggest: Total=9.47ms | Init=0.59ms | TrieExpand(x15)=8.83ms | Scoring=0.05ms | inputSize=1
07-21 11:47:27.336 10243 10589 W VibeKeyProfiler: Slow Native Suggest: Total=12.31ms | Init=0.42ms | TrieExpand(x13)=11.84ms | Scoring=0.05ms | inputSize=1
07-21 11:47:27.337 10243 10589 I VkSuggestions: decode typedLen=1 candidates=18 locales=1 23,5ms
07-21 11:47:27.338 10243 10589 W VkSuggestions: slow frame 23,5ms locales=1 typedLen=1 candidates=18
07-21 11:47:27.343 10243 10589 I VkSuggestions: strip composing typedLen=1 candidates=17 autocorrect=false top=a locale=es
07-21 11:47:27.360 10243 10243 I VkSuggestions: stripUi prediction=false children=5 [a|🅰️|al]
07-21 11:47:27.598 10243 10589 W VibeKeyProfiler: Slow Native Suggest: Total=9.91ms | Init=0.15ms | TrieExpand(x16)=9.72ms | Scoring=0.04ms | inputSize=2
07-21 11:47:27.611 10243 10589 W VibeKeyProfiler: Slow Native Suggest: Total=12.32ms | Init=0.13ms | TrieExpand(x13)=12.14ms | Scoring=0.05ms | inputSize=2
07-21 11:47:27.612 10243 10589 I VkSuggestions: decode typedLen=2 candidates=18 locales=1 24,0ms
07-21 11:47:27.612 10243 10589 W VkSuggestions: slow frame 24,0ms locales=1 typedLen=2 candidates=18
07-21 11:47:27.615 10243 10589 I VkSuggestions: strip composing typedLen=2 candidates=19 autocorrect=false top=am locale=es
07-21 11:47:27.643 10243 10243 I VkSuggestions: stripUi prediction=false children=5 [am|🇦🇲|al]
07-21 11:47:27.900 10243 10589 W VibeKeyProfiler: Slow Native Suggest: Total=8.96ms | Init=0.26ms | TrieExpand(x15)=8.65ms | Scoring=0.04ms | inputSize=3
07-21 11:47:27.911 10243 10589 W VibeKeyProfiler: Slow Native Suggest: Total=10.24ms | Init=0.23ms | TrieExpand(x13)=9.96ms | Scoring=0.04ms | inputSize=3
07-21 11:47:27.912 10243 10589 I VkSuggestions: decode typedLen=3 candidates=18 locales=1 20,8ms
07-21 11:47:27.912 10243 10589 W VkSuggestions: slow frame 20,8ms locales=1 typedLen=3 candidates=18
07-21 11:47:27.915 10243 10589 I VkAutocorrect: will correct: ami → amigo
07-21 11:47:27.915 10243 10589 I VkSuggestions: strip composing typedLen=3 candidates=19 autocorrect=true top=ami locale=es
07-21 11:47:27.937 10243 10243 I VkSuggestions: stripUi prediction=false children=5 [ami|amigo|amigos]
07-21 11:47:28.357 10243 10589 W VibeKeyProfiler: Slow Native Suggest: Total=8.29ms | Init=0.28ms | TrieExpand(x15)=7.97ms | Scoring=0.04ms | inputSize=4
07-21 11:47:28.369 10243 10589 W VibeKeyProfiler: Slow Native Suggest: Total=11.30ms | Init=0.14ms | TrieExpand(x13)=11.11ms | Scoring=0.05ms | inputSize=4
07-21 11:47:28.370 10243 10589 I VkSuggestions: decode typedLen=4 candidates=18 locales=1 20,9ms
07-21 11:47:28.370 10243 10589 W VkSuggestions: slow frame 20,9ms locales=1 typedLen=4 candidates=18
07-21 11:47:28.373 10243 10589 I VkAutocorrect: will correct: amig → amigo
07-21 11:47:28.373 10243 10589 I VkSuggestions: strip composing typedLen=4 candidates=19 autocorrect=true top=amig locale=es
07-21 11:47:28.381 10243 10243 I VkSuggestions: stripUi prediction=false children=5 [amig|amigo|amigos]
07-21 11:47:28.965 10243 10243 I VkAutocorrect: picked: amigo
07-21 11:47:29.071 10243 10589 I VkNgram : merge locale=es prev=amigo preds=8 contextual=0 assets=true
07-21 11:47:29.074 10243 10589 I VkSuggestions: strip prediction typedLen=0 candidates=3 autocorrect=false top=y locale=es
07-21 11:47:29.082 10243 10243 I VkSuggestions: stripUi prediction=true children=5 [del|y|de]
07-21 11:47:31.177 10243 10243 I VkTyping: ▶ open restart=true pkg=com.android.launcher inputType=589825
07-21 11:47:32.096 10295 10316 I OnDeviceAssist: warm ok model=qwen2.5-0.5b-instruct-q4_0.gguf ambient=40 chars 33ms
07-21 11:47:35.747 10243 10243 I VkPanels: ○ close menu
07-21 11:47:35.855 10243 10243 I VkPanels: ▶ open emoji
07-21 11:47:37.492 10243 10243 I VkPanels: ○ close menu
07-21 11:47:37.501 10243 10243 I VkPanels: ▶ open gif
07-21 11:47:38.330 10243 12171 W GifLoader: Load failed: https://static.klipy.com/ii/d7aec6f6f171607374b2065c836f92f4/b8/84/o6yrHuYI.gif – Connection reset
07-21 11:47:38.330 10243 12172 W GifLoader: Load failed: https://static.klipy.com/ii/2711dd8a75a85be822d136ec94899b3f/41/c4/ntSpFPfP.gif – Connection reset
07-21 11:47:39.679 10243 12172 W GifLoader: Load failed: https://static.klipy.com/ii/35ccce3d852f7995dd2da910f2abd795/b9/4d/OqHEv0LZ.gif – Connection reset
07-21 11:47:39.679 10243 12171 W GifLoader: Load failed: https://static.klipy.com/ii/4e7bea9f7a3371424e6c16ebc93252fe/80/7c/5ynBkPve2wtAbr4.gif – Connection reset
07-21 11:47:41.529 10243 10243 I VkPanels: ○ close menu
07-21 11:47:42.854 10243 10589 I VkSuggestions: decode typedLen=1 candidates=18 locales=1 10,9ms
07-21 11:47:42.854 10243 10589 I VkSuggestions: strip composing typedLen=1 candidates=19 autocorrect=false top=j locale=es
07-21 11:47:42.857 10243 10243 I VkSuggestions: stripUi prediction=false children=5 [j|junto|julio]
07-21 11:47:43.018 10243 10589 I VkSuggestions: decode typedLen=2 candidates=18 locales=1 9,1ms
07-21 11:47:43.020 10243 10589 I VkSuggestions: strip composing typedLen=2 candidates=17 autocorrect=false top=jj locale=es
07-21 11:47:43.026 10243 10243 I VkSuggestions: stripUi prediction=false children=5 [jj|en|un]
07-21 11:47:43.182 10243 10589 I VkSuggestions: decode typedLen=3 candidates=18 locales=1 11,4ms
07-21 11:47:43.184 10243 10589 I VkSuggestions: strip composing typedLen=3 candidates=17 autocorrect=false top=jjd locale=es
07-21 11:47:43.192 10243 10243 I VkSuggestions: stripUi prediction=false children=5 [jjd|kHz|BBS]
07-21 11:47:44.463 10243 12203 W GifLoader: Load failed: https://static.klipy.com/ii/925f17378dd1893b674a723c07535afe/c6/6e/LbOlQIPK.gif – Connection reset
07-21 11:47:44.463 10243 12206 W GifLoader: Load failed: https://static.klipy.com/ii/39f2394ae36df6e199be9eb7c9fa1012/ac/ca/lNbOQzhW.gif – Connection reset
07-21 11:47:44.464 10243 12172 W GifLoader: Load failed: https://static.klipy.com/ii/4e7bea9f7a3371424e6c16ebc93252fe/43/d8/nW5jlao6fL0tKmNSKP.gif – Connection reset
07-21 11:47:44.465 10243 12201 W GifLoader: Load failed: https://static.klipy.com/ii/4e7bea9f7a3371424e6c16ebc93252fe/75/11/XXUr0MVlodgxAjN.gif – Connection reset
07-21 11:47:44.465 10243 12171 W GifLoader: Load failed: https://static.klipy.com/ii/925f17378dd1893b674a723c07535afe/6e/cf/GiqmqBfA.gif – Connection reset
07-21 11:47:44.677 10243 12230 W GifLoader: Load failed: https://static.klipy.com/ii/925f17378dd1893b674a723c07535afe/fb/e2/fYOmAL4J.gif – Connection reset
07-21 11:47:44.680 10243 12203 W GifLoader: Load failed: https://static.klipy.com/ii/925f17378dd1893b674a723c07535afe/51/db/3l9e8DbY.gif – Connection reset
07-21 11:47:44.682 10243 12226 W GifLoader: Load failed: https://static.klipy.com/ii/925f17378dd1893b674a723c07535afe/25/e1/0ZXUgvfP.gif – Connection reset
07-21 11:47:44.684 10243 12206 W GifLoader: Load failed: https://static.klipy.com/ii/4184567b4c2af0d810857689fd514076/e7/6a/AiOiGxIy29odIdyj4Wkl.webp – Connection reset
07-21 11:47:44.685 10243 12201 W GifLoader: Load failed: https://static.klipy.com/ii/ffd4ac143e6335ac68951b787d3c1902/d1/d1/ReeFLXuH.webp – Connection reset
07-21 11:47:44.851 10243 12171 W GifLoader: Load failed: https://static.klipy.com/ii/4184567b4c2af0d810857689fd514076/18/7a/eJShljFsJSgDEr.webp – Connection reset
07-21 11:47:44.854 10243 12226 W GifLoader: Load failed: https://static.klipy.com/ii/a5166a66b33e26d783bf95ac62ea3cdb/15/c2/jOwA0jkv.webp – Connection reset
07-21 11:47:44.858 10243 12230 W GifLoader: Load failed: https://static.klipy.com/ii/40e5f3c9157feea5d28a6b4ad3880d85/83/81/EH8V92ZW.webp – Connection reset
07-21 11:47:44.860 10243 12206 W GifLoader: Load failed: https://static.klipy.com/ii/4bbcf901ea0d5dec489bd8c608d7f1fd/89/c8/7n7OBWN0mCFXSe4.webp – Connection reset
07-21 11:47:44.861 10243 12203 W GifLoader: Load failed: https://static.klipy.com/ii/c98c4a4935d23b95805f0befee091d8a/f0/37/3EPVqeiX.webp – Connection reset
07-21 11:47:45.062 10243 12201 W GifLoader: Load failed: https://static.klipy.com/ii/ffd4ac143e6335ac68951b787d3c1902/96/86/lQk5ptt6.webp – Connection reset
07-21 11:47:50.158 10243 10589 W VibeKeyProfiler: Slow Native Suggest: Total=10.41ms | Init=0.30ms | TrieExpand(x15)=10.09ms | Scoring=0.02ms | inputSize=2
07-21 11:47:50.159 10243 10589 I VkSuggestions: decode typedLen=2 candidates=18 locales=1 18,7ms
07-21 11:47:50.159 10243 10589 W VkSuggestions: slow frame 18,7ms locales=1 typedLen=2 candidates=18
07-21 11:47:50.160 10243 10589 I VkSuggestions: strip composing typedLen=2 candidates=17 autocorrect=false top=jj locale=es
07-21 11:47:50.163 10243 10243 I VkSuggestions: stripUi prediction=false children=5 [jj|en|un]
07-21 11:47:50.362 10243 10589 I VkSuggestions: decode typedLen=1 candidates=18 locales=1 7,6ms
07-21 11:47:50.363 10243 10589 I VkSuggestions: strip composing typedLen=1 candidates=19 autocorrect=false top=j locale=es
07-21 11:47:50.367 10243 10243 I VkSuggestions: stripUi prediction=false children=5 [j|junto|julio]
07-21 11:47:50.567 10243 10589 I VkNgram : merge locale=es prev= preds=8 contextual=0 assets=true
07-21 11:47:50.568 10243 10589 I VkSuggestions: strip prediction typedLen=0 candidates=3 autocorrect=false top=el locale=es
07-21 11:47:50.587 10243 10243 I VkSuggestions: stripUi prediction=true children=5 [en|el|la]
07-21 11:47:51.422 10243 12203 W GifLoader: Load failed: https://static.klipy.com/ii/2711dd8a75a85be822d136ec94899b3f/41/c4/ntSpFPfP.gif – Connection reset
07-21 11:47:51.424 10243 12230 W GifLoader: Load failed: https://static.klipy.com/ii/d7aec6f6f171607374b2065c836f92f4/09/eb/gqJlpOlx.gif – Connection reset
07-21 11:47:51.427 10243 12226 W GifLoader: Load failed: https://static.klipy.com/ii/d7aec6f6f171607374b2065c836f92f4/bd/6e/txw6Af11.gif – Connection reset
07-21 11:47:51.428 10243 12206 W GifLoader: Load failed: https://static.klipy.com/ii/da290b156d64898341638f3c299e7478/e0/47/6bwlTYay.gif – Connection reset
07-21 11:47:51.430 10243 12201 W GifLoader: Load failed: https://static.klipy.com/ii/d7aec6f6f171607374b2065c836f92f4/b8/84/o6yrHuYI.gif – Connection reset
07-21 11:47:51.626 10243 12230 W GifLoader: Load failed: https://static.klipy.com/ii/35ccce3d852f7995dd2da910f2abd795/73/ac/ZIi5RRgP.gif – Connection reset
07-21 11:47:51.626 10243 12226 W GifLoader: Load failed: https://static.klipy.com/ii/c98c4a4935d23b95805f0befee091d8a/6f/8f/aJFTiO5z.webp – Connection reset
07-21 11:47:51.626 10243 12203 W GifLoader: Load failed: https://static.klipy.com/ii/935d7ab9d8c6202580a668421940ec81/91/ef/fIECeLZW.gif – Connection reset
07-21 11:47:51.630 10243 12206 W GifLoader: Load failed: https://static.klipy.com/ii/ffd4ac143e6335ac68951b787d3c1902/bf/0a/c8a6Nh0j.webp – Connection reset
07-21 11:47:51.630 10243 12171 W GifLoader: Load failed: https://static.klipy.com/ii/39f2394ae36df6e199be9eb7c9fa1012/41/d6/7DV4V9dU.gif – Connection reset
07-21 11:47:51.821 10243 12201 W GifLoader: Load failed: https://static.klipy.com/ii/ffd4ac143e6335ac68951b787d3c1902/3e/70/S7pnryOb.webp – Connection reset
07-21 11:47:51.828 10243 12203 W GifLoader: Load failed: https://static.klipy.com/ii/c98c4a4935d23b95805f0befee091d8a/b8/ef/9FSA1Oiy.webp – Connection reset
07-21 11:47:51.829 10243 12230 W GifLoader: Load failed: https://static.klipy.com/ii/c98c4a4935d23b95805f0befee091d8a/7d/69/7hdy6knW.webp – Connection reset
07-21 11:47:51.830 10243 12226 W GifLoader: Load failed: https://static.klipy.com/ii/ffd4ac143e6335ac68951b787d3c1902/db/81/6xNvxTlt.webp – Connection reset
07-21 11:47:51.830 10243 12206 W GifLoader: Load failed: https://static.klipy.com/ii/c98c4a4935d23b95805f0befee091d8a/0f/06/tMcUbzdn.webp – Connection reset
07-21 11:47:52.005 10243 12171 W GifLoader: Load failed: https://static.klipy.com/ii/a5166a66b33e26d783bf95ac62ea3cdb/fa/70/9VIEnSEL.webp – Connection reset
07-21 11:47:56.475 10243 10243 I VkPanels: ○ close menu
07-21 11:47:56.482 10243 10243 I VkPanels: ▶ open menu
07-21 11:47:56.485 10243 10283 I VkLocaleAssets: ▶ batch source=menu_panel count=5 [en-AU,es,fr,hi,pt-BR]
07-21 11:47:56.494 10243 10283 I VkLocaleAssets: preload predictors en-AU
07-21 11:47:56.494 10243 10283 I VkLocaleAssets: ○ ready en-AU (cached)
07-21 11:47:56.498 10243 10283 I VkLocaleAssets: preload predictors es
07-21 11:47:56.498 10243 10283 I VkLocaleAssets: ○ ready es (cached)
07-21 11:47:56.504 10243 10283 I VkLocaleAssets: preload predictors fr
07-21 11:47:56.505 10243 10283 I VkLocaleAssets: ○ ready fr (cached)
07-21 11:47:56.515 10243 10283 I VkLocaleAssets: preload predictors hi
07-21 11:47:56.515 10243 10283 I VkLocaleAssets: ○ ready hi (cached)
07-21 11:47:56.522 10243 10283 I VkLocaleAssets: preload predictors pt-BR
07-21 11:47:56.522 10243 10283 I VkLocaleAssets: ○ ready pt-BR (cached)
07-21 11:47:56.522 10243 10283 I VkLocaleAssets: ✓ batch source=menu_panel locales=5 fetched=0
07-21 11:47:57.577 10243 10243 I VkPanels: ○ close menu
07-21 11:47:59.041 10243 10589 W VibeKeyProfiler: Slow Native Suggest: Total=11.84ms | Init=0.02ms | TrieExpand(x16)=11.78ms | Scoring=0.04ms | inputSize=1
07-21 11:47:59.051 10243 10589 W VibeKeyProfiler: Slow Native Suggest: Total=8.82ms | Init=0.02ms | TrieExpand(x13)=8.78ms | Scoring=0.02ms | inputSize=1
07-21 11:47:59.052 10243 10589 W VkSuggestions: slow frame 22,6ms locales=1 typedLen=1 candidates=18
07-21 11:47:59.053 10243 10589 I VkSuggestions: strip composing typedLen=1 candidates=19 autocorrect=false top=j locale=es
07-21 11:47:59.058 10243 10243 I VkSuggestions: stripUi prediction=false children=5 [j|y|junto]
07-21 11:47:59.216 10243 10589 I VkSuggestions: decode typedLen=2 candidates=18 locales=1 6,9ms
07-21 11:47:59.218 10243 10589 I VkSuggestions: strip composing typedLen=2 candidates=19 autocorrect=false top=jh locale=es
07-21 11:47:59.221 10243 10243 I VkSuggestions: stripUi prediction=false children=5 [jh|un|NH]
07-21 11:47:59.437 10243 10589 W VibeKeyProfiler: Slow Native Suggest: Total=11.31ms | Init=0.19ms | TrieExpand(x13)=11.08ms | Scoring=0.05ms | inputSize=3
07-21 11:47:59.438 10243 10589 I VkSuggestions: decode typedLen=3 candidates=18 locales=1 20,7ms
07-21 11:47:59.439 10243 10589 W VkSuggestions: slow frame 20,7ms locales=1 typedLen=3 candidates=18
07-21 11:47:59.440 10243 10589 I VkSuggestions: strip composing typedLen=3 candidates=19 autocorrect=false top=jhd locale=es
07-21 11:47:59.446 10243 10243 I VkSuggestions: stripUi prediction=false children=5 [jhd|judíos|bus]
07-21 11:48:00.676 10243 12226 W GifLoader: Load failed: https://static.klipy.com/ii/4bbcf901ea0d5dec489bd8c608d7f1fd/3f/cc/ajN9gYUjSIRC1IyNDnu.webp – Connection reset
07-21 11:48:00.679 10243 12171 W GifLoader: Load failed: https://static.klipy.com/ii/c98c4a4935d23b95805f0befee091d8a/44/9a/ZL85dZGt.webp – Connection reset
07-21 11:48:00.681 10243 12206 W GifLoader: Load failed: https://static.klipy.com/ii/4846b3f52590f2c38b4b8112890e71d5/63/51/fhl9sjS0gsZCRll.webp – Connection reset
07-21 11:48:00.681 10243 12201 W GifLoader: Load failed: https://static.klipy.com/ii/a5166a66b33e26d783bf95ac62ea3cdb/ab/80/Qdc5uyYK.webp – Connection reset
07-21 11:48:00.682 10243 12230 W GifLoader: Load failed: https://static.klipy.com/ii/c98c4a4935d23b95805f0befee091d8a/f4/aa/rPZUMosi.webp – Connection reset
07-21 11:48:00.849 10243 12226 W GifLoader: Load failed: https://static.klipy.com/ii/c98c4a4935d23b95805f0befee091d8a/62/44/TEE17TLd.webp – Connection reset
07-21 11:48:00.852 10243 12171 W GifLoader: Load failed: https://static.klipy.com/ii/ffd4ac143e6335ac68951b787d3c1902/64/b7/Eb5XNsOv.webp – Connection reset
07-21 11:48:00.854 10243 12203 W GifLoader: Load failed: https://static.klipy.com/ii/4bbcf901ea0d5dec489bd8c608d7f1fd/52/69/2GtuW07aQ3NgWRo.webp – Connection reset
07-21 11:48:00.893 10243 12230 W GifLoader: Load failed: https://static.klipy.com/ii/4493325008d34b7bf8cd6813cd5c1619/ee/9f/766Z6dRtPrvONpxO.gif – Connection reset
07-21 11:48:00.894 10243 12201 W GifLoader: Load failed: https://static.klipy.com/ii/e293a233a303a98e471f78d04e13a1b0/c7/4d/pVTjDyS6.gif – Connection reset
07-21 11:48:01.034 10243 12171 W GifLoader: Load failed: https://static.klipy.com/ii/c3a19a0b747a76e98651f2b9a3cca5ff/4c/f0/N0zYVmwU.gif – Connection reset
07-21 11:48:01.034 10243 12206 W GifLoader: Load failed: https://static.klipy.com/ii/d7aec6f6f171607374b2065c836f92f4/74/8a/E1ZfgDiy.gif – Connection reset
07-21 11:48:01.036 10243 12226 W GifLoader: Load failed: https://static.klipy.com/ii/4e7bea9f7a3371424e6c16ebc93252fe/74/73/2ZFWnrWYSUzSTG.gif – Connection reset
07-21 11:48:01.062 10243 12230 W GifLoader: Load failed: https://static.klipy.com/ii/d7aec6f6f171607374b2065c836f92f4/e2/b3/cPYhkm2Q.gif – Connection reset
07-21 11:48:01.064 10243 12203 W GifLoader: Load failed: https://static.klipy.com/ii/4e7bea9f7a3371424e6c16ebc93252fe/bd/23/ooHkAx9qvlArm0aT1QL.gif – Connection reset
07-21 11:48:01.237 10243 12201 W GifLoader: Load failed: https://static.klipy.com/ii/2711dd8a75a85be822d136ec94899b3f/46/bc/37Bzl5gH.gif – Connection reset
07-21 11:48:03.022 10243 10589 I VkSuggestions: decode typedLen=2 candidates=18 locales=1 7,4ms
07-21 11:48:03.023 10243 10589 I VkSuggestions: strip composing typedLen=2 candidates=19 autocorrect=false top=jh locale=es
07-21 11:48:03.026 10243 10243 I VkSuggestions: stripUi prediction=false children=5 [jh|un|NH]
07-21 11:48:03.214 10243 10589 I VkSuggestions: decode typedLen=1 candidates=18 locales=1 7,8ms
07-21 11:48:03.215 10243 10589 I VkSuggestions: strip composing typedLen=1 candidates=19 autocorrect=false top=j locale=es
07-21 11:48:03.218 10243 10243 I VkSuggestions: stripUi prediction=false children=5 [j|y|junto]
07-21 11:48:03.406 10243 10589 I VkSuggestions: strip prediction typedLen=0 candidates=3 autocorrect=false top=el locale=es
07-21 11:48:03.411 10243 10243 I VkSuggestions: stripUi prediction=true children=5 [en|el|la]
07-21 11:48:04.148 10243 12206 W GifLoader: Load failed: https://static.klipy.com/ii/d7aec6f6f171607374b2065c836f92f4/09/eb/gqJlpOlx.gif – Connection reset
07-21 11:48:04.150 10243 12230 W GifLoader: Load failed: https://static.klipy.com/ii/da290b156d64898341638f3c299e7478/e0/47/6bwlTYay.gif – Connection reset
07-21 11:48:04.150 10243 12203 W GifLoader: Load failed: https://static.klipy.com/ii/2711dd8a75a85be822d136ec94899b3f/41/c4/ntSpFPfP.gif – Connection reset
07-21 11:48:04.153 10243 12201 W GifLoader: Load failed: https://static.klipy.com/ii/d7aec6f6f171607374b2065c836f92f4/b8/84/o6yrHuYI.gif – Connection reset
07-21 11:48:04.153 10243 12226 W GifLoader: Load failed: https://static.klipy.com/ii/d7aec6f6f171607374b2065c836f92f4/bd/6e/txw6Af11.gif – Connection reset
07-21 11:48:04.207 10243 10589 I VkSuggestions: strip composing typedLen=1 candidates=19 autocorrect=false top=h locale=es
07-21 11:48:04.210 10243 10243 I VkSuggestions: stripUi prediction=false children=5 [h|y|ha]
07-21 11:48:04.346 10243 12201 W GifLoader: Load failed: https://static.klipy.com/ii/ffd4ac143e6335ac68951b787d3c1902/bf/0a/c8a6Nh0j.webp – Connection reset
07-21 11:48:04.349 10243 12206 W GifLoader: Load failed: https://static.klipy.com/ii/935d7ab9d8c6202580a668421940ec81/91/ef/fIECeLZW.gif – Connection reset
07-21 11:48:04.350 10243 12171 W GifLoader: Load failed: https://static.klipy.com/ii/39f2394ae36df6e199be9eb7c9fa1012/41/d6/7DV4V9dU.gif – Connection reset
07-21 11:48:04.351 10243 12230 W GifLoader: Load failed: https://static.klipy.com/ii/35ccce3d852f7995dd2da910f2abd795/73/ac/ZIi5RRgP.gif – Connection reset
07-21 11:48:04.354 10243 12203 W GifLoader: Load failed: https://static.klipy.com/ii/c98c4a4935d23b95805f0befee091d8a/6f/8f/aJFTiO5z.webp – Connection reset
07-21 11:48:04.408 10243 10589 I VkSuggestions: decode typedLen=2 candidates=18 locales=1 7,2ms
07-21 11:48:04.409 10243 10589 I VkSuggestions: strip composing typedLen=2 candidates=18 autocorrect=false top=ha locale=es
07-21 11:48:04.412 10243 10243 I VkSuggestions: stripUi prediction=false children=5 [ha|ya|hasta]
07-21 11:48:04.516 10243 12226 W GifLoader: Load failed: https://static.klipy.com/ii/ffd4ac143e6335ac68951b787d3c1902/3e/70/S7pnryOb.webp – Connection reset
07-21 11:48:04.516 10243 12201 W GifLoader: Load failed: https://static.klipy.com/ii/c98c4a4935d23b95805f0befee091d8a/7d/69/7hdy6knW.webp – Connection reset
07-21 11:48:04.518 10243 12171 W GifLoader: Load failed: https://static.klipy.com/ii/c98c4a4935d23b95805f0befee091d8a/b8/ef/9FSA1Oiy.webp – Connection reset
07-21 11:48:04.518 10243 12230 W GifLoader: Load failed: https://static.klipy.com/ii/c98c4a4935d23b95805f0befee091d8a/0f/06/tMcUbzdn.webp – Connection reset
07-21 11:48:04.525 10243 12206 W GifLoader: Load failed: https://static.klipy.com/ii/ffd4ac143e6335ac68951b787d3c1902/db/81/6xNvxTlt.webp – Connection reset
07-21 11:48:04.617 10243 10589 I VkSuggestions: decode typedLen=3 candidates=18 locales=1 8,1ms
07-21 11:48:04.618 10243 10589 I VkSuggestions: strip composing typedLen=3 candidates=19 autocorrect=false top=hap locale=es
07-21 11:48:04.621 10243 10243 I VkSuggestions: stripUi prediction=false children=5 [hap|ha|gap]
07-21 11:48:04.678 10243 12203 W GifLoader: Load failed: https://static.klipy.com/ii/a5166a66b33e26d783bf95ac62ea3cdb/fa/70/9VIEnSEL.webp – Connection reset
07-21 11:48:04.780 10243 10589 W VibeKeyProfiler: Slow Native Suggest: Total=8.85ms | Init=0.27ms | TrieExpand(x17)=8.54ms | Scoring=0.05ms | inputSize=4
07-21 11:48:04.791 10243 10589 W VibeKeyProfiler: Slow Native Suggest: Total=10.31ms | Init=0.24ms | TrieExpand(x12)=10.02ms | Scoring=0.05ms | inputSize=4
07-21 11:48:04.792 10243 10589 I VkSuggestions: decode typedLen=4 candidates=18 locales=1 21,4ms
07-21 11:48:04.793 10243 10589 W VkSuggestions: slow frame 21,4ms locales=1 typedLen=4 candidates=18
07-21 11:48:04.795 10243 10589 I VkSuggestions: strip composing typedLen=4 candidates=19 autocorrect=false top=happ locale=es
07-21 11:48:04.802 10243 10243 I VkSuggestions: stripUi prediction=false children=5 [happ|halo|baño]
07-21 11:48:05.131 10243 10589 I VkSuggestions: decode typedLen=5 candidates=18 locales=1 11,4ms
07-21 11:48:05.133 10243 10589 I VkSuggestions: strip composing typedLen=5 candidates=21 autocorrect=false top=happy locale=es
07-21 11:48:05.141 10243 10243 I VkSuggestions: stripUi prediction=false children=5 [happy|ha|halógenos]
07-21 11:48:05.940 10243 12206 W GifLoader: Load failed: https://static.klipy.com/ii/4e7bea9f7a3371424e6c16ebc93252fe/80/7c/5ynBkPve2wtAbr4.gif – Connection reset
07-21 11:48:05.941 10243 12203 W GifLoader: Load failed: https://static.klipy.com/ii/35ccce3d852f7995dd2da910f2abd795/b9/4d/OqHEv0LZ.gif – Connection reset
07-21 11:48:05.942 10243 12171 W GifLoader: Load failed: https://static.klipy.com/ii/c3a19a0b747a76e98651f2b9a3cca5ff/92/c2/pZmlX759.gif – Connection reset
07-21 11:48:05.943 10243 12230 W GifLoader: Load failed: https://static.klipy.com/ii/c3a19a0b747a76e98651f2b9a3cca5ff/09/06/STNLOk8H.gif – Connection reset
07-21 11:48:05.943 10243 12201 W GifLoader: Load failed: https://static.klipy.com/ii/f87f46a2c5aeaeed4c68910815f73eaf/b9/87/9yr8zvKU.gif – Connection reset
07-21 11:48:06.161 10243 12206 W GifLoader: Load failed: https://static.klipy.com/ii/d7aec6f6f171607374b2065c836f92f4/1c/c1/DapurNwI.gif – Connection reset
07-21 11:48:06.164 10243 12226 W GifLoader: Load failed: https://static.klipy.com/ii/2711dd8a75a85be822d136ec94899b3f/cf/06/0fKXT4U3.gif – Connection reset
07-21 11:48:06.165 10243 12172 W GifLoader: Load failed: https://static.klipy.com/ii/925f17378dd1893b674a723c07535afe/9f/c5/8riVA7TQ.gif – Connection reset
07-21 11:48:06.166 10243 12203 W GifLoader: Load failed: https://static.klipy.com/ii/4bbcf901ea0d5dec489bd8c608d7f1fd/31/c0/evulwEVerse2oa.webp – Connection reset
07-21 11:48:06.172 10243 12230 W GifLoader: Load failed: https://static.klipy.com/ii/a5166a66b33e26d783bf95ac62ea3cdb/cf/a6/90b8DNFk.webp – Connection reset
07-21 11:48:06.334 10243 12201 W GifLoader: Load failed: https://static.klipy.com/ii/4bbcf901ea0d5dec489bd8c608d7f1fd/49/ff/YqMLPXQPczAmnifs.webp – Connection reset
07-21 11:48:06.338 10243 12172 W GifLoader: Load failed: https://static.klipy.com/ii/4846b3f52590f2c38b4b8112890e71d5/18/a8/kXcVpei4bzFrOgNq3.webp – Connection reset
07-21 11:48:06.338 10243 12206 W GifLoader: Load failed: https://static.klipy.com/ii/a5166a66b33e26d783bf95ac62ea3cdb/dd/1e/AiEhHxaG.webp – Connection reset
07-21 11:48:06.340 10243 12203 W GifLoader: Load failed: https://static.klipy.com/ii/4bbcf901ea0d5dec489bd8c608d7f1fd/66/08/vgtIeWjTBsZoP.webp – Connection reset
07-21 11:48:06.340 10243 12226 W GifLoader: Load failed: https://static.klipy.com/ii/4bbcf901ea0d5dec489bd8c608d7f1fd/82/d6/41ljtzqaMzPHyjGKCMHO.webp – Connection reset
07-21 11:48:06.514 10243 12230 W GifLoader: Load failed: https://static.klipy.com/ii/4bbcf901ea0d5dec489bd8c608d7f1fd/05/68/lZEI4Mf2Szlj.webp – Connection reset
07-21 11:48:07.472 10243 10243 W VkStall : MAIN-THREAD STALL 120ms during: >>>>> Dispatching to Handler (u9.v0) {9026ade} null: 1
07-21 11:48:07.574 10243 10589 I VkSuggestions: strip prediction typedLen=0 candidates=3 autocorrect=false top=la locale=es
07-21 11:48:07.586 10243 10243 I VkSuggestions: stripUi prediction=true children=5 [los|la|en]
07-21 11:48:08.425 10243 12226 W GifLoader: Load failed: https://static.klipy.com/ii/da290b156d64898341638f3c299e7478/e0/47/6bwlTYay.gif – Connection reset
07-21 11:48:08.426 10243 12206 W GifLoader: Load failed: https://static.klipy.com/ii/d7aec6f6f171607374b2065c836f92f4/bd/6e/txw6Af11.gif – Connection reset
07-21 11:48:08.428 10243 12172 W GifLoader: Load failed: https://static.klipy.com/ii/d7aec6f6f171607374b2065c836f92f4/09/eb/gqJlpOlx.gif – Connection reset
07-21 11:48:08.430 10243 12230 W GifLoader: Load failed: https://static.klipy.com/ii/d7aec6f6f171607374b2065c836f92f4/b8/84/o6yrHuYI.gif – Connection reset
07-21 11:48:08.434 10243 12203 W GifLoader: Load failed: https://static.klipy.com/ii/2711dd8a75a85be822d136ec94899b3f/41/c4/ntSpFPfP.gif – Connection reset
07-21 11:48:08.660 10243 12206 W GifLoader: Load failed: https://static.klipy.com/ii/35ccce3d852f7995dd2da910f2abd795/73/ac/ZIi5RRgP.gif – Connection reset
07-21 11:48:08.662 10243 12226 W GifLoader: Load failed: https://static.klipy.com/ii/935d7ab9d8c6202580a668421940ec81/91/ef/fIECeLZW.gif – Connection reset
07-21 11:48:08.662 10243 12201 W GifLoader: Load failed: https://static.klipy.com/ii/39f2394ae36df6e199be9eb7c9fa1012/41/d6/7DV4V9dU.gif – Connection reset
07-21 11:48:08.665 10243 12172 W GifLoader: Load failed: https://static.klipy.com/ii/c98c4a4935d23b95805f0befee091d8a/6f/8f/aJFTiO5z.webp – Connection reset
07-21 11:48:08.665 10243 12230 W GifLoader: Load failed: https://static.klipy.com/ii/ffd4ac143e6335ac68951b787d3c1902/bf/0a/c8a6Nh0j.webp – Connection reset
07-21 11:48:08.912 10243 12206 W GifLoader: Load failed: https://static.klipy.com/ii/c98c4a4935d23b95805f0befee091d8a/7d/69/7hdy6knW.webp – Connection reset
07-21 11:48:08.913 10243 12171 W GifLoader: Load failed: https://static.klipy.com/ii/ffd4ac143e6335ac68951b787d3c1902/db/81/6xNvxTlt.webp – Connection reset
07-21 11:48:08.914 10243 12203 W GifLoader: Load failed: https://static.klipy.com/ii/ffd4ac143e6335ac68951b787d3c1902/3e/70/S7pnryOb.webp – Connection reset
07-21 11:48:08.914 10243 12201 W GifLoader: Load failed: https://static.klipy.com/ii/c98c4a4935d23b95805f0befee091d8a/b8/ef/9FSA1Oiy.webp – Connection reset
07-21 11:48:08.915 10243 12172 W GifLoader: Load failed: https://static.klipy.com/ii/c98c4a4935d23b95805f0befee091d8a/0f/06/tMcUbzdn.webp – Connection reset
07-21 11:48:09.075 10243 12230 W GifLoader: Load failed: https://static.klipy.com/ii/a5166a66b33e26d783bf95ac62ea3cdb/fa/70/9VIEnSEL.webp – Connection reset
07-21 11:48:09.576 10243 10243 I VkPanels: ○ close menu
07-21 11:48:09.582 10243 10243 I VkPanels: ▶ open menu
07-21 11:48:09.586 10243 10273 I VkLocaleAssets: ▶ batch source=menu_panel count=5 [en-AU,es,fr,hi,pt-BR]
07-21 11:48:09.589 10243 10273 I VkLocaleAssets: preload predictors en-AU
07-21 11:48:09.589 10243 10273 I VkLocaleAssets: ○ ready en-AU (cached)
07-21 11:48:09.593 10243 10273 I VkLocaleAssets: preload predictors es
07-21 11:48:09.594 10243 10273 I VkLocaleAssets: ○ ready es (cached)
07-21 11:48:09.598 10243 10273 I VkLocaleAssets: preload predictors fr
07-21 11:48:09.598 10243 10273 I VkLocaleAssets: ○ ready fr (cached)
07-21 11:48:09.603 10243 10273 I VkLocaleAssets: preload predictors hi
07-21 11:48:09.603 10243 10273 I VkLocaleAssets: ○ ready hi (cached)
07-21 11:48:09.609 10243 10273 I VkLocaleAssets: preload predictors pt-BR
07-21 11:48:09.609 10243 10273 I VkLocaleAssets: ○ ready pt-BR (cached)
07-21 11:48:09.609 10243 10273 I VkLocaleAssets: ✓ batch source=menu_panel locales=5 fetched=0
07-21 11:48:10.722 10243 10243 I VkPanels: ○ close menu
07-21 11:48:15.062 10243 10243 I VkPanels: ○ close menu
07-21 11:48:15.069 10243 10243 I VkPanels: ▶ open editor
07-21 11:48:16.632 10243 10243 I VkPanels: ○ close menu
07-21 11:48:17.642 10243 10243 I VkPanels: ○ close menu
07-21 11:48:17.651 10243 10243 I VkPanels: ▶ open clipboard
07-21 11:48:18.461 10243 10243 I VkPanels: ○ close menu
07-21 11:48:19.549 10243 10243 I VkPanels: ○ close menu
