=== VibeKey 4.1.297 (4396) ===

--------- beginning of system
07-15 12:29:25.174 15043 15622 E ActivityThread: Failed to find provider info for com.oplus.statistics.provider
07-15 12:29:25.175 15043 15622 E OplusStatistics--: IllegalArgumentException:java.lang.IllegalArgumentException: Unknown URL content://com.oplus.statistics.provider/track_event
07-15 12:31:26.523 15043 15622 E ActivityThread: Failed to find provider info for com.oplus.statistics.provider
07-15 12:31:26.523 15043 15622 E OplusStatistics--: IllegalArgumentException:java.lang.IllegalArgumentException: Unknown URL content://com.oplus.statistics.provider/track_event
--------- beginning of crash
07-15 12:32:21.423 15043 15043 F libc    : Pointer tag for 0xffffffff was truncated, see 'https://source.android.com/devices/tech/debug/tagged-pointers'.
07-15 12:32:27.499 19294 19294 E OplusCustomizeRestrictionManager: sInstance is null, start a new sInstance
07-15 12:32:53.726 19294 19618 E ActivityThread: Failed to find provider info for com.oplus.statistics.provider
07-15 12:32:53.726 19294 19618 E OplusStatistics--: IllegalArgumentException:java.lang.IllegalArgumentException: Unknown URL content://com.oplus.statistics.provider/track_event
07-15 12:33:31.374 19294 19618 E ActivityThread: Failed to find provider info for com.oplus.statistics.provider
07-15 12:33:31.374 19294 19618 E OplusStatistics--: IllegalArgumentException:java.lang.IllegalArgumentException: Unknown URL content://com.oplus.statistics.provider/track_event
07-15 12:33:51.303 19294 19328 F libc    : Pointer tag for 0xffffffffffffffff was truncated, see 'https://source.android.com/devices/tech/debug/tagged-pointers'.
07-15 12:33:51.720 19294 19328 F libc    : Fatal signal 6 (SIGABRT), code -1 (SI_QUEUE) in tid 19328 (f), pid 19294 (ibekey.keyboard)
07-15 12:33:52.999 20009 20009 F DEBUG   : Process name is com.vibekey.keyboard, not key_process
07-15 12:33:52.999 20009 20009 F DEBUG   : keyProcess: 0
07-15 12:33:52.999 20009 20009 F DEBUG   : *** *** *** *** *** *** *** *** *** *** *** *** *** *** *** ***
07-15 12:33:52.999 20009 20009 F DEBUG   : Build fingerprint: 'OnePlus/OnePlus7Pro/OnePlus7Pro:12/SKQ1.211113.001/P.202303230244:user/release-keys'
07-15 12:33:52.999 20009 20009 F DEBUG   : Revision: '0'
07-15 12:33:52.999 20009 20009 F DEBUG   : ABI: 'arm64'
07-15 12:33:52.999 20009 20009 F DEBUG   : Timestamp: 2026-07-15 12:33:51.973767948-0400
07-15 12:33:52.999 20009 20009 F DEBUG   : Process uptime: 0s
07-15 12:33:52.999 20009 20009 F DEBUG   : Cmdline: com.vibekey.keyboard
07-15 12:33:52.999 20009 20009 F DEBUG   : pid: 19294, tid: 19328, name: f  >>> com.vibekey.keyboard <<<
07-15 12:33:52.999 20009 20009 F DEBUG   : uid: 14305
07-15 12:33:52.999 20009 20009 F DEBUG   : signal 6 (SIGABRT), code -1 (SI_QUEUE), fault addr --------
07-15 12:33:52.999 20009 20009 F DEBUG   : Abort message: 'Pointer tag for 0xffffffffffffffff was truncated, see 'https://source.android.com/devices/tech/debug/tagged-pointers'.'
07-15 12:33:52.999 20009 20009 F DEBUG   :     x0  0000000000000000  x1  0000000000004b80  x2  0000000000000006  x3  000000766b4977c0
07-15 12:33:52.999 20009 20009 F DEBUG   :     x4  0000000000008080  x5  0000000000008080  x6  0000000000008080  x7  8080000000000000
07-15 12:33:52.999 20009 20009 F DEBUG   :     x8  00000000000000f0  x9  3f1da5566404e8ce  x10 0000000000000000  x11 ffffff80fffffbdf
07-15 12:33:52.999 20009 20009 F DEBUG   :     x12 0000000000000001  x13 000000006a57b66f  x14 00118bd8d82b56ca  x15 0000000000000078
07-15 12:33:52.999 20009 20009 F DEBUG   :     x16 000000772d4f2bc0  x17 000000772d4cd680  x18 00000076013f6000  x19 0000000000004b5e
07-15 12:33:52.999 20009 20009 F DEBUG   :     x20 0000000000004b80  x21 00000000ffffffff  x22 ffffffffffffffff  x23 ffffffffffffffff
07-15 12:33:52.999 20009 20009 F DEBUG   :     x24 0000000000000000  x25 0000000000000000  x26 0000000000000001  x27 000000766b4978f8
07-15 12:33:52.999 20009 20009 F DEBUG   :     x28 0000000000000000  x29 000000766b497840
07-15 12:33:52.999 20009 20009 F DEBUG   :     lr  000000772d47d99c  sp  000000766b4977a0  pc  000000772d47d9c8  pst 0000000000000000
07-15 12:33:53.000 20009 20009 F DEBUG   : backtrace:
07-15 12:33:53.000 20009 20009 F DEBUG   :       #00 pc 00000000000799c8  /apex/com.android.runtime/lib64/bionic/libc.so (abort+168) (BuildId: bbbdeb7c87c74f1491f92c6e605095b0)
07-15 12:33:53.000 20009 20009 F DEBUG   :       #01 pc 0000000000045c4c  /apex/com.android.runtime/lib64/bionic/libc.so (free+108) (BuildId: bbbdeb7c87c74f1491f92c6e605095b0)
07-15 12:33:53.000 20009 20009 F DEBUG   :       #02 pc 00000000000d64c0  /data/app/~~D_v0KkyGVQn0h4yIfkgfzQ==/com.vibekey.keyboard-RAe3q_6ohJloX-SS2bAi6A==/lib/arm64/libjni_latinime.so (BuildId: f905dbd1a904967a994cf833116e517b05caa863)
07-15 12:33:53.000 20009 20009 F DEBUG   :       #03 pc 00000000000d61ac  /data/app/~~D_v0KkyGVQn0h4yIfkgfzQ==/com.vibekey.keyboard-RAe3q_6ohJloX-SS2bAi6A==/lib/arm64/libjni_latinime.so (latinime::Suggest::processExpandedDicNode(latinime::DicTraverseSession*, latinime::DicNode*) const+788) (BuildId: f905dbd1a904967a994cf833116e517b05caa863)
07-15 12:33:53.000 20009 20009 F DEBUG   :       #04 pc 00000000000d4b6c  /data/app/~~D_v0KkyGVQn0h4yIfkgfzQ==/com.vibekey.keyboard-RAe3q_6ohJloX-SS2bAi6A==/lib/arm64/libjni_latinime.so (latinime::Suggest::expandCurrentDicNodes(latinime::DicTraverseSession*) const+1960) (BuildId: f905dbd1a904967a994cf833116e517b05caa863)
07-15 12:33:53.000 20009 20009 F DEBUG   :       #05 pc 00000000000d3c0c  /data/app/~~D_v0KkyGVQn0h4yIfkgfzQ==/com.vibekey.keyboard-RAe3q_6ohJloX-SS2bAi6A==/lib/arm64/libjni_latinime.so (latinime::Suggest::getSuggestions(latinime::ProximityInfo*, void*, int*, int*, int*, int*, int*, int, float, latinime::SuggestionResults*) const+504) (BuildId: f905dbd1a904967a994cf833116e517b05caa863)
07-15 12:33:53.000 20009 20009 F DEBUG   :       #06 pc 000000000009fd88  /data/app/~~D_v0KkyGVQn0h4yIfkgfzQ==/com.vibekey.keyboard-RAe3q_6ohJloX-SS2bAi6A==/lib/arm64/libjni_latinime.so (BuildId: f905dbd1a904967a994cf833116e517b05caa863)
07-15 12:33:53.000 20009 20009 F DEBUG   :       #07 pc 00000000002c23a0  /apex/com.android.art/lib64/libart.so (art_quick_generic_jni_trampoline+144) (BuildId: cecb684d19b4f44ee3cbd66142c315f4)
07-15 12:33:53.000 20009 20009 F DEBUG   :       #08 pc 0000000002097068  /memfd:jit-cache (deleted)
07-15 12:33:55.461 20024 20024 E OplusCustomizeRestrictionManager: sInstance is null, start a new sInstance
07-15 12:34:26.559 20024 20235 E ActivityThread: Failed to find provider info for com.oplus.statistics.provider
07-15 12:34:26.559 20024 20235 E OplusStatistics--: IllegalArgumentException:java.lang.IllegalArgumentException: Unknown URL content://com.oplus.statistics.provider/track_event
07-15 12:34:34.095 20024 20059 F libc    : Fatal signal 11 (SIGSEGV), code 1 (SEGV_MAPERR), fault addr 0x7 in tid 20059 (f), pid 20024 (ibekey.keyboard)
07-15 12:34:35.235 20435 20435 F DEBUG   : Process name is com.vibekey.keyboard, not key_process
07-15 12:34:35.235 20435 20435 F DEBUG   : keyProcess: 0
07-15 12:34:35.235 20435 20435 F DEBUG   : *** *** *** *** *** *** *** *** *** *** *** *** *** *** *** ***
07-15 12:34:35.235 20435 20435 F DEBUG   : Build fingerprint: 'OnePlus/OnePlus7Pro/OnePlus7Pro:12/SKQ1.211113.001/P.202303230244:user/release-keys'
07-15 12:34:35.235 20435 20435 F DEBUG   : Revision: '0'
07-15 12:34:35.235 20435 20435 F DEBUG   : ABI: 'arm64'
07-15 12:34:35.235 20435 20435 F DEBUG   : Timestamp: 2026-07-15 12:34:34.272563765-0400
07-15 12:34:35.235 20435 20435 F DEBUG   : Process uptime: 0s
07-15 12:34:35.235 20435 20435 F DEBUG   : Cmdline: com.vibekey.keyboard
07-15 12:34:35.235 20435 20435 F DEBUG   : pid: 20024, tid: 20059, name: f  >>> com.vibekey.keyboard <<<
07-15 12:34:35.235 20435 20435 F DEBUG   : uid: 14305
07-15 12:34:35.235 20435 20435 F DEBUG   : signal 11 (SIGSEGV), code 1 (SEGV_MAPERR), fault addr 0x7
07-15 12:34:35.235 20435 20435 F DEBUG   : Cause: null pointer dereference
07-15 12:34:35.235 20435 20435 F DEBUG   :     x0  b40000766483ce00  x1  0000000000000098  x2  b4000075bb4ed210  x3  0000000000000099
07-15 12:34:35.235 20435 20435 F DEBUG   :     x4  0000000000000000  x5  0000000000000004  x6  b4000075bb4ec310  x7  0000000000000000
07-15 12:34:35.235 20435 20435 F DEBUG   :     x8  ffffffffffffffff  x9  0000000000000001  x10 00000000000002c2  x11 00000000fffffff6
07-15 12:34:35.235 20435 20435 F DEBUG   :     x12 0000000000000081  x13 000000000000008e  x14 0000000000000000  x15 000000000000030e
07-15 12:34:35.235 20435 20435 F DEBUG   :     x16 000000760b3ec098  x17 000000760b367cd8  x18 00000076034f0000  x19 b4000075bb4ec000
07-15 12:34:35.235 20435 20435 F DEBUG   :     x20 b40000766483ce00  x21 b4000075bb4ec000  x22 000000767b7a8f80  x23 b40000766483ce00
07-15 12:34:35.235 20435 20435 F DEBUG   :     x24 000000767b7a8f80  x25 000000767b7a6c00  x26 000000767b7a6cc0  x27 000000767b7a6f30
07-15 12:34:35.235 20435 20435 F DEBUG   :     x28 000000767b7a71a0  x29 000000767b7a6ac0
07-15 12:34:35.235 20435 20435 F DEBUG   :     lr  000000760b367ae8  sp  000000767b7a6960  pc  000000760b367d28  pst 0000000020000000
07-15 12:34:35.235 20435 20435 F DEBUG   : backtrace:
07-15 12:34:35.235 20435 20435 F DEBUG   :       #00 pc 00000000000d3d28  /data/app/~~D_v0KkyGVQn0h4yIfkgfzQ==/com.vibekey.keyboard-RAe3q_6ohJloX-SS2bAi6A==/lib/arm64/libjni_latinime.so (latinime::Suggest::initializeSearch(latinime::DicTraverseSession*) const+80) (BuildId: f905dbd1a904967a994cf833116e517b05caa863)
07-15 12:34:35.235 20435 20435 F DEBUG   :       #01 pc 00000000000d3ae4  /data/app/~~D_v0KkyGVQn0h4yIfkgfzQ==/com.vibekey.keyboard-RAe3q_6ohJloX-SS2bAi6A==/lib/arm64/libjni_latinime.so (latinime::Suggest::getSuggestions(latinime::ProximityInfo*, void*, int*, int*, int*, int*, int*, int, float, latinime::SuggestionResults*) const+208) (BuildId: f905dbd1a904967a994cf833116e517b05caa863)
07-15 12:34:35.235 20435 20435 F DEBUG   :       #02 pc 000000000009fd88  /data/app/~~D_v0KkyGVQn0h4yIfkgfzQ==/com.vibekey.keyboard-RAe3q_6ohJloX-SS2bAi6A==/lib/arm64/libjni_latinime.so (BuildId: f905dbd1a904967a994cf833116e517b05caa863)
07-15 12:34:35.235 20435 20435 F DEBUG   :       #03 pc 00000000002c23a0  /apex/com.android.art/lib64/libart.so (art_quick_generic_jni_trampoline+144) (BuildId: cecb684d19b4f44ee3cbd66142c315f4)
07-15 12:34:35.235 20435 20435 F DEBUG   :       #04 pc 0000000002061578  /memfd:jit-cache (deleted)
07-15 12:34:37.138 20450 20450 E OplusCustomizeRestrictionManager: sInstance is null, start a new sInstance
07-15 12:35:17.555 20450 20688 E ActivityThread: Failed to find provider info for com.oplus.statistics.provider
07-15 12:35:17.555 20450 20688 E OplusStatistics--: IllegalArgumentException:java.lang.IllegalArgumentException: Unknown URL content://com.oplus.statistics.provider/track_event
07-15 12:36:31.965 20450 20688 E ActivityThread: Failed to find provider info for com.oplus.statistics.provider
07-15 12:36:31.965 20450 20688 E OplusStatistics--: IllegalArgumentException:java.lang.IllegalArgumentException: Unknown URL content://com.oplus.statistics.provider/track_event
07-15 12:36:43.090 20450 20688 E ActivityThread: Failed to find provider info for com.oplus.statistics.provider
07-15 12:36:43.090 20450 20688 E OplusStatistics--: IllegalArgumentException:java.lang.IllegalArgumentException: Unknown URL content://com.oplus.statistics.provider/track_event
--------- beginning of main
07-15 12:36:57.520 20450 20485 I VkSuggestions: decode typedLen=1 candidates=18 locales=2 13,1ms
07-15 12:36:57.521 20450 20485 I VkSuggestions: strip composing typedLen=1 candidates=18 autocorrect=false top=s locale=pt
07-15 12:36:57.643 20450 20485 I VkSuggestions: decode typedLen=2 candidates=18 locales=2 8,7ms
07-15 12:36:57.644 20450 20485 I VkSuggestions: strip composing typedLen=2 candidates=17 autocorrect=false top=sk locale=pt
07-15 12:36:57.822 20450 20485 I VkSuggestions: decode typedLen=3 candidates=18 locales=2 8,1ms
07-15 12:36:57.823 20450 20485 I VkSuggestions: strip composing typedLen=3 candidates=17 autocorrect=false top=skj locale=pt
07-15 12:36:58.002 20450 20485 I VkSuggestions: decode typedLen=4 candidates=18 locales=2 8,0ms
07-15 12:36:58.003 20450 20485 I VkSuggestions: strip composing typedLen=4 candidates=17 autocorrect=false top=skjh locale=pt
07-15 12:36:58.193 20450 20485 I VkSuggestions: decode typedLen=5 candidates=18 locales=2 5,0ms
07-15 12:36:58.194 20450 20485 I VkSuggestions: strip composing typedLen=5 candidates=19 autocorrect=false top=skjhs locale=pt
07-15 12:36:58.210 20450 20890 W libc    : Access denied finding property "vendor.oplus.media.vpp.stutter"
07-15 12:36:58.358 20450 20485 I VkSuggestions: decode typedLen=6 candidates=18 locales=2 5,1ms
07-15 12:36:58.360 20450 20485 I VkSuggestions: strip composing typedLen=6 candidates=19 autocorrect=false top=skjhsh locale=pt
07-15 12:36:58.580 20450 20485 I VkSuggestions: decode typedLen=7 candidates=18 locales=2 8,7ms
07-15 12:36:58.583 20450 20485 I VkSuggestions: strip composing typedLen=7 candidates=19 autocorrect=false top=skjhshe locale=pt
07-15 12:36:59.211 20450 20890 W libc    : Access denied finding property "vendor.oplus.media.vpp.stutter"
07-15 12:37:00.110 20450 20450 W VkStall : MAIN-THREAD STALL 136ms during: >>>>> Dispatching to Handler (u9.v0) {b7bb923} null: 1
07-15 12:37:00.212 20450 20890 W libc    : Access denied finding property "vendor.oplus.media.vpp.stutter"
07-15 12:37:00.216 20450 20485 I VkSuggestions: strip prediction typedLen=0 candidates=3 autocorrect=false top=DS locale=pt
07-15 12:37:00.630 20450 20450 I VkSwipe : ▶ gesture started locale=pt-BR
07-15 12:37:00.708 20450 20485 W VibeKeyProfiler: Slow Native Suggest: Total=8.28ms | Init=0.24ms | TrieExpand(x18)=7.99ms | Scoring=0.05ms | inputSize=2
07-15 12:37:00.716 20450 20485 I VkSuggestions: decode typedLen=2 candidates=18 locales=2 16,9ms
07-15 12:37:00.716 20450 20485 W VkSuggestions: slow frame 16,9ms locales=2 typedLen=2 candidates=18 parallelWait=16,9ms
07-15 12:37:00.731 20450 20485 I VkSuggestions: decode typedLen=0 candidates=18 locales=2 14,5ms
07-15 12:37:00.816 20450 20485 I VkSuggestions: decode typedLen=2 candidates=18 locales=2 16,2ms
07-15 12:37:00.816 20450 20485 W VkSuggestions: slow frame 16,2ms locales=2 typedLen=2 candidates=18 parallelWait=16,2ms
07-15 12:37:00.825 20450 20485 I VkSuggestions: decode typedLen=0 candidates=17 locales=2 8,7ms
07-15 12:37:01.066 20450 20485 I VkSuggestions: decode typedLen=3 candidates=18 locales=2 15,9ms
07-15 12:37:01.082 20450 20485 W VibeKeyProfiler: Slow Native Suggest: Total=10.88ms | Init=0.14ms | TrieExpand(x19)=10.71ms | Scoring=0.02ms | inputSize=27
07-15 12:37:01.086 20450 20485 I VkSuggestions: decode typedLen=0 candidates=18 locales=2 19,6ms
07-15 12:37:01.086 20450 20485 W VkSuggestions: slow frame 19,6ms locales=2 typedLen=0 candidates=18 parallelWait=19,5ms
07-15 12:37:01.197 20450 20485 I VkSuggestions: decode typedLen=3 candidates=18 locales=2 13,6ms
07-15 12:37:01.207 20450 20485 I VkSuggestions: decode typedLen=0 candidates=18 locales=2 8,9ms
07-15 12:37:01.212 20450 20890 W libc    : Access denied finding property "vendor.oplus.media.vpp.stutter"
07-15 12:37:01.436 20450 20485 I VkSuggestions: decode typedLen=4 candidates=18 locales=2 17,5ms
07-15 12:37:01.437 20450 20485 W VkSuggestions: slow frame 17,5ms locales=2 typedLen=4 candidates=18 parallelWait=17,4ms
07-15 12:37:01.459 20450 20485 W VibeKeyProfiler: Slow Native Suggest: Total=15.97ms | Init=0.15ms | TrieExpand(x28)=15.80ms | Scoring=0.02ms | inputSize=48
07-15 12:37:01.462 20450 20485 I VkSuggestions: decode typedLen=0 candidates=18 locales=2 24,8ms
07-15 12:37:01.462 20450 20485 W VkSuggestions: slow frame 24,8ms locales=2 typedLen=0 candidates=18 parallelWait=24,7ms
07-15 12:37:01.503 20450 20485 I VkSuggestions: decode typedLen=4 candidates=18 locales=2 8,1ms
07-15 12:37:01.524 20450 20485 W VibeKeyProfiler: Slow Native Suggest: Total=15.90ms | Init=0.14ms | TrieExpand(x28)=15.73ms | Scoring=0.02ms | inputSize=49
07-15 12:37:01.528 20450 20485 I VkSuggestions: decode typedLen=0 candidates=18 locales=2 24,5ms
07-15 12:37:01.528 20450 20485 W VkSuggestions: slow frame 24,5ms locales=2 typedLen=0 candidates=18 parallelWait=24,4ms
07-15 12:37:01.547 20450 20450 I VkSwipe : ✓ gesture points=49 decodedLen=3 candidates=17 top=ige 917ms
07-15 12:37:02.213 20450 20890 W libc    : Access denied finding property "vendor.oplus.media.vpp.stutter"
07-15 12:37:03.179 20450 20450 W VkStall : MAIN-THREAD STALL 121ms during: >>>>> Dispatching to Handler (u9.v0) {b7bb923} null: 1
07-15 12:37:03.214 20450 20890 W libc    : Access denied finding property "vendor.oplus.media.vpp.stutter"
07-15 12:37:04.056 20450 20450 I VkSwipe : ▶ gesture started locale=pt-BR
07-15 12:37:04.185 20450 20485 W VibeKeyProfiler: Slow Native Suggest: Total=8.12ms | Init=0.22ms | TrieExpand(x14)=7.86ms | Scoring=0.03ms | inputSize=2
07-15 12:37:04.189 20450 20485 I VkSuggestions: decode typedLen=2 candidates=18 locales=2 13,2ms
07-15 12:37:04.203 20450 20485 I VkSuggestions: decode typedLen=0 candidates=18 locales=2 13,7ms
07-15 12:37:04.215 20450 20890 W libc    : Access denied finding property "vendor.oplus.media.vpp.stutter"
07-15 12:37:04.301 20450 20485 I VkSuggestions: decode typedLen=2 candidates=18 locales=2 8,2ms
07-15 12:37:04.311 20450 20485 I VkSuggestions: decode typedLen=0 candidates=18 locales=2 10,4ms
07-15 12:37:04.488 20450 20485 I VkSuggestions: decode typedLen=3 candidates=18 locales=2 11,1ms
07-15 12:37:04.502 20450 20485 W VibeKeyProfiler: Slow Native Suggest: Total=8.92ms | Init=0.10ms | TrieExpand(x17)=8.79ms | Scoring=0.02ms | inputSize=26
07-15 12:37:04.504 20450 20485 I VkSuggestions: decode typedLen=0 candidates=18 locales=2 16,2ms
07-15 12:37:04.505 20450 20485 W VkSuggestions: slow frame 16,2ms locales=2 typedLen=0 candidates=18 parallelWait=16,1ms
07-15 12:37:04.608 20450 20485 I VkSuggestions: decode typedLen=3 candidates=18 locales=2 14,5ms
07-15 12:37:04.616 20450 20485 I VkSuggestions: decode typedLen=0 candidates=18 locales=2 7,7ms
07-15 12:37:04.716 20450 20485 I VkSuggestions: decode typedLen=4 candidates=18 locales=2 7,2ms
07-15 12:37:04.723 20450 20485 I VkSuggestions: decode typedLen=0 candidates=18 locales=2 6,4ms
07-15 12:37:04.903 20450 20485 I VkSuggestions: decode typedLen=5 candidates=18 locales=2 8,6ms
07-15 12:37:04.922 20450 20485 W VibeKeyProfiler: Slow Native Suggest: Total=14.10ms | Init=0.12ms | TrieExpand(x25)=13.96ms | Scoring=0.02ms | inputSize=48
07-15 12:37:04.924 20450 20485 I VkSuggestions: decode typedLen=0 candidates=18 locales=2 21,4ms
07-15 12:37:04.925 20450 20485 W VkSuggestions: slow frame 21,4ms locales=2 typedLen=0 candidates=18 parallelWait=21,3ms
07-15 12:37:04.977 20450 20485 I VkSuggestions: decode typedLen=5 candidates=18 locales=2 10,0ms
07-15 12:37:04.997 20450 20485 W VibeKeyProfiler: Slow Native Suggest: Total=13.70ms | Init=0.17ms | TrieExpand(x25)=13.50ms | Scoring=0.02ms | inputSize=48
07-15 12:37:05.000 20450 20485 I VkSuggestions: decode typedLen=0 candidates=18 locales=2 21,7ms
07-15 12:37:05.000 20450 20485 W VkSuggestions: slow frame 21,7ms locales=2 typedLen=0 candidates=18 parallelWait=21,6ms
07-15 12:37:05.022 20450 20450 I VkSwipe : ✓ gesture points=48 decodedLen=5 candidates=18 top=jorge 966ms
07-15 12:37:05.215 20450 20890 W libc    : Access denied finding property "vendor.oplus.media.vpp.stutter"
07-15 12:37:06.216 20450 20890 W libc    : Access denied finding property "vendor.oplus.media.vpp.stutter"
07-15 12:37:07.217 20450 20890 W libc    : Access denied finding property "vendor.oplus.media.vpp.stutter"
07-15 12:37:07.722 20450 20450 I VkPanels: ▶ open ai_theme
07-15 12:37:07.732 20450 20450 I VkVibeCards: press pool=4 shown=4
07-15 12:37:08.220 20450 20890 W libc    : Access denied finding property "vendor.oplus.media.vpp.stutter"
07-15 12:37:09.176 20450 20522 E BLASTBufferQueue: BLASTBufferItemConsumer::onDisconnect()
07-15 12:37:09.218 20450 20450 E BLASTBufferQueue: BLASTBufferItemConsumer::onDisconnect()
07-15 12:37:09.221 20450 20890 W libc    : Access denied finding property "vendor.oplus.media.vpp.stutter"
07-15 12:37:09.531 20450 20522 E BLASTBufferQueue: BLASTBufferItemConsumer::onDisconnect()
07-15 12:37:09.554 20450 20450 E BLASTBufferQueue: BLASTBufferItemConsumer::onDisconnect()
07-15 12:37:09.850 20450 20522 E BLASTBufferQueue: BLASTBufferItemConsumer::onDisconnect()
07-15 12:37:09.870 20450 20450 E BLASTBufferQueue: BLASTBufferItemConsumer::onDisconnect()
07-15 12:37:10.188 20450 20522 E BLASTBufferQueue: BLASTBufferItemConsumer::onDisconnect()
07-15 12:37:10.212 20450 20450 E BLASTBufferQueue: BLASTBufferItemConsumer::onDisconnect()
07-15 12:37:10.222 20450 20890 W libc    : Access denied finding property "vendor.oplus.media.vpp.stutter"
07-15 12:37:10.480 20450 20450 I VkPanels: ▶ open effects
07-15 12:37:10.544 20450 20450 I VkEffects: ▶ panel tab=tint
07-15 12:37:11.223 20450 20890 W libc    : Access denied finding property "vendor.oplus.media.vpp.stutter"
07-15 12:37:12.114 20450 20450 I VkEffects: set ai_keyboard_bg_opacity=92%
07-15 12:37:12.115 20450 20450 I VkEffects: apply (panel)
07-15 12:37:12.223 20450 20890 W libc    : Access denied finding property "vendor.oplus.media.vpp.stutter"
07-15 12:37:13.224 20450 20890 W libc    : Access denied finding property "vendor.oplus.media.vpp.stutter"
07-15 12:37:14.225 20450 20890 W libc    : Access denied finding property "vendor.oplus.media.vpp.stutter"
07-15 12:37:14.238 20450 20450 I VkEffects: set ai_keyboard_bg_opacity=93%
07-15 12:37:14.246 20450 20450 I VkEffects: apply (panel)
07-15 12:37:15.226 20450 20890 W libc    : Access denied finding property "vendor.oplus.media.vpp.stutter"
07-15 12:37:16.227 20450 20890 W libc    : Access denied finding property "vendor.oplus.media.vpp.stutter"
07-15 12:37:16.426 20450 20450 I VkEffects: → tab backdrop
07-15 12:37:17.229 20450 20890 W libc    : Access denied finding property "vendor.oplus.media.vpp.stutter"
07-15 12:37:17.654 20450 20450 I VkEffects: set Efeito glicemia=mesh
07-15 12:37:17.707 20450 20450 I VkEffects: apply (panel)
07-15 12:37:18.230 20450 20890 W libc    : Access denied finding property "vendor.oplus.media.vpp.stutter"
07-15 12:37:19.230 20450 20890 W libc    : Access denied finding property "vendor.oplus.media.vpp.stutter"
07-15 12:37:20.231 20450 20890 W libc    : Access denied finding property "vendor.oplus.media.vpp.stutter"
07-15 12:37:21.232 20450 20890 W libc    : Access denied finding property "vendor.oplus.media.vpp.stutter"
07-15 12:37:22.232 20450 20890 W libc    : Access denied finding property "vendor.oplus.media.vpp.stutter"
07-15 12:37:23.233 20450 20890 W libc    : Access denied finding property "vendor.oplus.media.vpp.stutter"
07-15 12:37:24.234 20450 20890 W libc    : Access denied finding property "vendor.oplus.media.vpp.stutter"
07-15 12:37:25.235 20450 20890 W libc    : Access denied finding property "vendor.oplus.media.vpp.stutter"
07-15 12:37:26.235 20450 20890 W libc    : Access denied finding property "vendor.oplus.media.vpp.stutter"
07-15 12:37:27.120 20450 20450 I VkEffects: set ai_mesh_tint_core=#FF3A3EDB
07-15 12:37:27.133 20450 20522 E BLASTBufferQueue: BLASTBufferItemConsumer::onDisconnect()
07-15 12:37:27.154 20450 20450 I VkEffects: apply (panel)
07-15 12:37:27.236 20450 20890 W libc    : Access denied finding property "vendor.oplus.media.vpp.stutter"
07-15 12:37:28.237 20450 20890 W libc    : Access denied finding property "vendor.oplus.media.vpp.stutter"
07-15 12:37:29.238 20450 20890 W libc    : Access denied finding property "vendor.oplus.media.vpp.stutter"
07-15 12:37:30.236 20450 20450 I VkEffects: → tab vibe
07-15 12:37:30.238 20450 20890 W libc    : Access denied finding property "vendor.oplus.media.vpp.stutter"
07-15 12:37:31.239 20450 20890 W libc    : Access denied finding property "vendor.oplus.media.vpp.stutter"
07-15 12:37:32.159 20450 20450 I VkEffects: set Vitória de sobreposição=false
07-15 12:37:32.210 20450 20450 I VkEffects: apply (panel)
07-15 12:37:32.240 20450 20890 W libc    : Access denied finding property "vendor.oplus.media.vpp.stutter"
07-15 12:37:32.727 20450 20450 I VkEffects: set Vitória de sobreposição=true
07-15 12:37:32.783 20450 20450 I VkEffects: apply (panel)
07-15 12:37:33.241 20450 20890 W libc    : Access denied finding property "vendor.oplus.media.vpp.stutter"
07-15 12:37:34.241 20450 20890 W libc    : Access denied finding property "vendor.oplus.media.vpp.stutter"
07-15 12:37:35.242 20450 20890 W libc    : Access denied finding property "vendor.oplus.media.vpp.stutter"
07-15 12:37:36.230 20450 20450 I VkPanels: ▶ open ai_theme
07-15 12:37:36.237 20450 20450 I VkVibeCards: press pool=4 shown=4
07-15 12:37:36.242 20450 20890 W libc    : Access denied finding property "vendor.oplus.media.vpp.stutter"
07-15 12:37:37.243 20450 20890 W libc    : Access denied finding property "vendor.oplus.media.vpp.stutter"
07-15 12:37:37.652 20450 20522 E BLASTBufferQueue: BLASTBufferItemConsumer::onDisconnect()
07-15 12:37:37.674 20450 20450 E BLASTBufferQueue: BLASTBufferItemConsumer::onDisconnect()
07-15 12:37:38.037 20450 20522 E BLASTBufferQueue: BLASTBufferItemConsumer::onDisconnect()
07-15 12:37:38.075 20450 20450 E BLASTBufferQueue: BLASTBufferItemConsumer::onDisconnect()
07-15 12:37:38.244 20450 20890 W libc    : Access denied finding property "vendor.oplus.media.vpp.stutter"
07-15 12:37:38.345 20450 20522 E BLASTBufferQueue: BLASTBufferItemConsumer::onDisconnect()
07-15 12:37:38.374 20450 20450 E BLASTBufferQueue: BLASTBufferItemConsumer::onDisconnect()
07-15 12:37:38.687 20450 20522 E BLASTBufferQueue: BLASTBufferItemConsumer::onDisconnect()
07-15 12:37:38.718 20450 20450 E BLASTBufferQueue: BLASTBufferItemConsumer::onDisconnect()
07-15 12:37:39.245 20450 20890 W libc    : Access denied finding property "vendor.oplus.media.vpp.stutter"
07-15 12:37:40.246 20450 20890 W libc    : Access denied finding property "vendor.oplus.media.vpp.stutter"
07-15 12:37:41.247 20450 20890 W libc    : Access denied finding property "vendor.oplus.media.vpp.stutter"
07-15 12:37:41.305 20450 20450 I VkPanels: ▶ open effects
07-15 12:37:41.358 20450 20450 I VkEffects: ▶ panel tab=tint
07-15 12:37:42.249 20450 20890 W libc    : Access denied finding property "vendor.oplus.media.vpp.stutter"
07-15 12:37:43.066 20450 20450 I VkEffects: set ai_keyboard_bg_opacity=100%
07-15 12:37:43.067 20450 20450 I VkEffects: apply (panel)
07-15 12:37:43.251 20450 20890 W libc    : Access denied finding property "vendor.oplus.media.vpp.stutter"
07-15 12:37:44.251 20450 20890 W libc    : Access denied finding property "vendor.oplus.media.vpp.stutter"
07-15 12:37:45.252 20450 20890 W libc    : Access denied finding property "vendor.oplus.media.vpp.stutter"
07-15 12:37:46.253 20450 20890 W libc    : Access denied finding property "vendor.oplus.media.vpp.stutter"
07-15 12:37:47.254 20450 20890 W libc    : Access denied finding property "vendor.oplus.media.vpp.stutter"
07-15 12:37:47.542 20450 20450 I VkEffects: set ai_key_bg_opacity=0%
07-15 12:37:47.543 20450 20450 I VkEffects: apply (panel)
07-15 12:37:48.255 20450 20890 W libc    : Access denied finding property "vendor.oplus.media.vpp.stutter"
07-15 12:37:49.255 20450 20890 W libc    : Access denied finding property "vendor.oplus.media.vpp.stutter"
07-15 12:37:50.027 20450 20450 I VkEffects: set ai_key_bg_opacity=78%
07-15 12:37:50.039 20450 20450 I VkEffects: apply (panel)
07-15 12:37:50.256 20450 20890 W libc    : Access denied finding property "vendor.oplus.media.vpp.stutter"
07-15 12:37:51.257 20450 20890 W libc    : Access denied finding property "vendor.oplus.media.vpp.stutter"
07-15 12:37:51.461 20450 20450 I VkEffects: set ai_key_bg_opacity=100%
07-15 12:37:51.462 20450 20450 I VkEffects: apply (panel)
07-15 12:37:52.259 20450 20890 W libc    : Access denied finding property "vendor.oplus.media.vpp.stutter"
07-15 12:37:53.259 20450 20890 W libc    : Access denied finding property "vendor.oplus.media.vpp.stutter"
07-15 12:37:54.260 20450 20890 W libc    : Access denied finding property "vendor.oplus.media.vpp.stutter"
07-15 12:37:55.263 20450 20890 W libc    : Access denied finding property "vendor.oplus.media.vpp.stutter"
07-15 12:37:55.697 20450 20450 I VkPanels: ▶ open menu
07-15 12:37:56.263 20450 20890 W libc    : Access denied finding property "vendor.oplus.media.vpp.stutter"
07-15 12:37:57.264 20450 20890 W libc    : Access denied finding property "vendor.oplus.media.vpp.stutter"
07-15 12:37:58.265 20450 20890 W libc    : Access denied finding property "vendor.oplus.media.vpp.stutter"
07-15 12:37:59.191 20450 20485 W VibeKeyProfiler: Slow Native Suggest: Total=12.90ms | Init=0.71ms | TrieExpand(x15)=12.13ms | Scoring=0.06ms | inputSize=1
07-15 12:37:59.201 20450 20485 I VkSuggestions: decode typedLen=1 candidates=18 locales=2 24,3ms
07-15 12:37:59.202 20450 20485 W VkSuggestions: slow frame 24,3ms locales=2 typedLen=1 candidates=18 parallelWait=24,2ms
07-15 12:37:59.202 20450 20485 I VkSuggestions: strip composing typedLen=1 candidates=19 autocorrect=false top=j locale=pt
07-15 12:37:59.265 20450 20890 W libc    : Access denied finding property "vendor.oplus.media.vpp.stutter"
07-15 12:37:59.432 20450 20485 I VkSuggestions: decode typedLen=2 candidates=18 locales=2 7,7ms
07-15 12:37:59.433 20450 20485 I VkAutocorrect: offered: jo → jo
07-15 12:37:59.433 20450 20485 I VkSuggestions: strip composing typedLen=2 candidates=18 autocorrect=true top=jo locale=pt
07-15 12:37:59.639 20450 20485 I VkSuggestions: decode typedLen=3 candidates=18 locales=2 13,3ms
07-15 12:37:59.641 20450 20485 I VkAutocorrect: offered: joo → joo
07-15 12:37:59.641 20450 20485 I VkSuggestions: strip composing typedLen=3 candidates=16 autocorrect=true top=joo locale=pt
07-15 12:37:59.770 20450 20485 I VkSuggestions: decode typedLen=4 candidates=18 locales=2 7,6ms
07-15 12:37:59.771 20450 20485 I VkAutocorrect: offered: jooe → jooe
07-15 12:37:59.772 20450 20485 I VkSuggestions: strip composing typedLen=4 candidates=15 autocorrect=true top=jooe locale=pt
07-15 12:37:59.916 20450 20485 I VkSuggestions: decode typedLen=5 candidates=18 locales=2 5,2ms
07-15 12:37:59.917 20450 20485 I VkSuggestions: strip composing typedLen=5 candidates=16 autocorrect=false top=jooej locale=pt
07-15 12:38:00.114 20450 20485 I VkSuggestions: decode typedLen=6 candidates=18 locales=2 10,8ms
07-15 12:38:00.117 20450 20485 I VkSuggestions: strip composing typedLen=6 candidates=16 autocorrect=false top=jooejh locale=pt
07-15 12:38:00.266 20450 20890 W libc    : Access denied finding property "vendor.oplus.media.vpp.stutter"
07-15 12:38:00.546 20450 20485 W VibeKeyProfiler: Slow Native Suggest: Total=8.03ms | Init=0.14ms | TrieExpand(x4)=7.84ms | Scoring=0.04ms | inputSize=7
07-15 12:38:00.548 20450 20485 I VkSuggestions: decode typedLen=7 candidates=18 locales=2 12,6ms
07-15 12:38:00.551 20450 20485 I VkSuggestions: strip composing typedLen=7 candidates=19 autocorrect=false top=jooejhj locale=pt
07-15 12:38:00.774 20450 20485 I VkSuggestions: decode typedLen=8 candidates=18 locales=2 3,5ms
07-15 12:38:00.775 20450 20485 I VkSuggestions: strip composing typedLen=8 candidates=18 autocorrect=false top=jooejhjh locale=pt
07-15 12:38:00.923 20450 20485 I VkSuggestions: decode typedLen=9 candidates=18 locales=2 3,3ms
07-15 12:38:00.925 20450 20485 I VkSuggestions: strip composing typedLen=9 candidates=19 autocorrect=false top=jooejhjhh locale=pt
07-15 12:38:01.050 20450 20485 W VibeKeyProfiler: Slow Native Suggest: Total=11.25ms | Init=0.18ms | TrieExpand(x6)=11.00ms | Scoring=0.06ms | inputSize=10
07-15 12:38:01.058 20450 20485 I VkSuggestions: decode typedLen=10 candidates=18 locales=2 20,7ms
07-15 12:38:01.059 20450 20485 W VkSuggestions: slow frame 20,7ms locales=2 typedLen=10 candidates=18 parallelWait=20,6ms
07-15 12:38:01.062 20450 20485 I VkSuggestions: strip composing typedLen=10 candidates=19 autocorrect=false top=jooejhjhhe locale=pt
07-15 12:38:01.266 20450 20890 W libc    : Access denied finding property "vendor.oplus.media.vpp.stutter"
07-15 12:38:02.267 20450 20890 W libc    : Access denied finding property "vendor.oplus.media.vpp.stutter"
07-15 12:38:02.323 20450 20485 I VkSuggestions: strip prediction typedLen=0 candidates=3 autocorrect=false top=DS locale=pt
07-15 12:38:03.267 20450 20890 W libc    : Access denied finding property "vendor.oplus.media.vpp.stutter"
07-15 12:38:03.335 20450 20450 I VkPanels: ▶ open ai_theme
07-15 12:38:03.344 20450 20450 I VkVibeCards: press pool=4 shown=4
07-15 12:38:04.268 20450 20890 W libc    : Access denied finding property "vendor.oplus.media.vpp.stutter"
07-15 12:38:04.772 20450 20522 E BLASTBufferQueue: BLASTBufferItemConsumer::onDisconnect()
07-15 12:38:04.803 20450 20450 E BLASTBufferQueue: BLASTBufferItemConsumer::onDisconnect()
07-15 12:38:05.132 20450 20522 E BLASTBufferQueue: BLASTBufferItemConsumer::onDisconnect()
07-15 12:38:05.160 20450 20450 E BLASTBufferQueue: BLASTBufferItemConsumer::onDisconnect()
07-15 12:38:05.269 20450 20890 W libc    : Access denied finding property "vendor.oplus.media.vpp.stutter"
07-15 12:38:05.451 20450 20522 E BLASTBufferQueue: BLASTBufferItemConsumer::onDisconnect()
07-15 12:38:05.473 20450 20450 E BLASTBufferQueue: BLASTBufferItemConsumer::onDisconnect()
07-15 12:38:05.790 20450 20522 E BLASTBufferQueue: BLASTBufferItemConsumer::onDisconnect()
07-15 12:38:05.809 20450 20450 E BLASTBufferQueue: BLASTBufferItemConsumer::onDisconnect()
07-15 12:38:06.270 20450 20890 W libc    : Access denied finding property "vendor.oplus.media.vpp.stutter"
07-15 12:38:07.271 20450 20890 W libc    : Access denied finding property "vendor.oplus.media.vpp.stutter"
07-15 12:38:08.272 20450 20890 W libc    : Access denied finding property "vendor.oplus.media.vpp.stutter"
07-15 12:38:08.452 20450 20450 I VkPanels: ▶ open ai_theme
07-15 12:38:09.272 20450 20890 W libc    : Access denied finding property "vendor.oplus.media.vpp.stutter"
07-15 12:38:09.874 20450 20522 E BLASTBufferQueue: BLASTBufferItemConsumer::onDisconnect()
07-15 12:38:09.900 20450 20450 E BLASTBufferQueue: BLASTBufferItemConsumer::onDisconnect()
07-15 12:38:10.265 20450 20522 E BLASTBufferQueue: BLASTBufferItemConsumer::onDisconnect()
07-15 12:38:10.273 20450 20890 W libc    : Access denied finding property "vendor.oplus.media.vpp.stutter"
07-15 12:38:10.288 20450 20450 E BLASTBufferQueue: BLASTBufferItemConsumer::onDisconnect()
07-15 12:38:10.571 20450 20522 E BLASTBufferQueue: BLASTBufferItemConsumer::onDisconnect()
07-15 12:38:10.594 20450 20450 E BLASTBufferQueue: BLASTBufferItemConsumer::onDisconnect()
07-15 12:38:10.931 20450 20522 E BLASTBufferQueue: BLASTBufferItemConsumer::onDisconnect()
07-15 12:38:10.960 20450 20450 E BLASTBufferQueue: BLASTBufferItemConsumer::onDisconnect()
07-15 12:38:11.274 20450 20890 W libc    : Access denied finding property "vendor.oplus.media.vpp.stutter"
07-15 12:38:12.275 20450 20890 W libc    : Access denied finding property "vendor.oplus.media.vpp.stutter"
07-15 12:38:12.352 20450 20450 I VkPanels: ▶ open ai_theme
07-15 12:38:13.278 20450 20890 W libc    : Access denied finding property "vendor.oplus.media.vpp.stutter"
07-15 12:38:13.800 20450 20522 E BLASTBufferQueue: BLASTBufferItemConsumer::onDisconnect()
07-15 12:38:13.832 20450 20450 E BLASTBufferQueue: BLASTBufferItemConsumer::onDisconnect()
07-15 12:38:14.173 20450 20522 E BLASTBufferQueue: BLASTBufferItemConsumer::onDisconnect()
07-15 12:38:14.224 20450 20450 E BLASTBufferQueue: BLASTBufferItemConsumer::onDisconnect()
07-15 12:38:14.279 20450 20890 W libc    : Access denied finding property "vendor.oplus.media.vpp.stutter"
07-15 12:38:14.494 20450 20522 E BLASTBufferQueue: BLASTBufferItemConsumer::onDisconnect()
07-15 12:38:14.515 20450 20450 E BLASTBufferQueue: BLASTBufferItemConsumer::onDisconnect()
07-15 12:38:14.795 20450 20522 E BLASTBufferQueue: BLASTBufferItemConsumer::onDisconnect()
07-15 12:38:14.818 20450 20450 E BLASTBufferQueue: BLASTBufferItemConsumer::onDisconnect()
07-15 12:38:15.281 20450 20890 W libc    : Access denied finding property "vendor.oplus.media.vpp.stutter"
07-15 12:38:15.971 20450 20450 I VkPanels: ▶ open menu
07-15 12:38:16.281 20450 20890 W libc    : Access denied finding property "vendor.oplus.media.vpp.stutter"
07-15 12:38:17.281 20450 20890 W libc    : Access denied finding property "vendor.oplus.media.vpp.stutter"
07-15 12:38:17.328 20450 20450 W Settings: Setting transition_animation_scale has moved from android.provider.Settings.System to android.provider.Settings.Global, returning read-only value.
07-15 12:38:17.464 20450 20450 W VkStall : MAIN-THREAD STALL 174ms (imeHideInProgress) during: >>>>> Dispatching to Handler (android.view.Choreographer$FrameHandler) {697e552} android.view.Choreographer$FrameDisplayEventReceiver@5f7d023: 0
07-15 12:38:17.465 20450 20450 I VkTyping: ○ hidden
07-15 12:38:18.282 20450 20890 W libc    : Access denied finding property "vendor.oplus.media.vpp.stutter"
07-15 12:38:19.282 20450 20890 W libc    : Access denied finding property "vendor.oplus.media.vpp.stutter"
07-15 12:38:20.283 20450 20890 W libc    : Access denied finding property "vendor.oplus.media.vpp.stutter"
07-15 12:38:21.283 20450 20890 W libc    : Access denied finding property "vendor.oplus.media.vpp.stutter"
07-15 12:38:21.935 20450 20522 E BLASTBufferQueue: BLASTBufferItemConsumer::onDisconnect()
07-15 12:38:22.285 20450 20890 W libc    : Access denied finding property "vendor.oplus.media.vpp.stutter"
07-15 12:38:22.505 20450 20522 E BLASTBufferQueue: BLASTBufferItemConsumer::onDisconnect()

=== Feature activity (persisted across restarts) ===
2026-07-15 12:20:59.799914 I VkFavorites: save card Bitcoin Vibe activate=false
2026-07-15 12:20:59.871148 I VkFavorites: save card Doge Meme activate=false
2026-07-15 12:20:59.937107 I VkFavorites: save card Ethereum Vibes activate=false
2026-07-15 12:20:59.987732 I VkFavorites: save card India Popular City activate=false
2026-07-15 12:21:00.066562 I VkFavorites: save card Miami Beach Crypto activate=false
2026-07-15 12:21:00.135056 I VkFavorites: save card Nike Sneakers Crypto activate=false
2026-07-15 12:21:00.184165 I VkFavorites: save card Pepe Meme Frog activate=false
2026-07-15 12:21:00.238239 I VkFavorites: save card Times Square NFT activate=false
2026-07-15 12:21:00.285586 I VkMultilingual: reset main=pt-BR locales=[pt] count=1
2026-07-15 12:21:02.312646 I VkTyping: ○ hidden
2026-07-15 12:21:04.623247 I VkSwipe: ○ gesture canceled
2026-07-15 12:21:04.641706 I VkEffects: reload anim=scale blur=562px glow=true stickers=true
2026-07-15 12:21:04.715151 I VkTyping: ▶ open restart=false pkg=com.android.launcher inputType=589825
2026-07-15 12:21:04.804208 W VkStall: MAIN-THREAD STALL 186ms during: >>>>> Dispatching to Handler (com.android.internal.os.HandlerCaller$MyHandler) {8412ac1} null: 60
2026-07-15 12:21:07.221876 I VkTyping: ○ hidden
2026-07-15 12:21:09.594168 I VkMultilingual: reset main=pt-BR locales=[pt] count=1
2026-07-15 12:21:09.606735 W VkStall: MAIN-THREAD STALL 158ms during: >>>>> Dispatching to Handler (android.app.ActivityThread$H) {c1ab75c} null: 114
2026-07-15 12:21:09.643806 I VkSwipe: ○ gesture canceled
2026-07-15 12:21:09.709305 I VkTyping: ▶ open restart=false pkg=com.android.launcher inputType=589825
2026-07-15 12:21:09.768038 W VkStall: MAIN-THREAD STALL 126ms during: >>>>> Dispatching to Handler (com.android.internal.os.HandlerCaller$MyHandler) {4670102} null: 60
2026-07-15 12:21:12.054876 I VkPanels: ▶ open ai_theme
2026-07-15 12:21:16.995839 I VkEffects: reload anim=scale blur=562px glow=false stickers=true
2026-07-15 12:21:17.118476 W VkStall: MAIN-THREAD STALL 125ms during: >>>>> Dispatching to Handler (android.os.Handler) {ec963dd} ia.r@21b0b52: 0
2026-07-15 12:21:17.413588 W VkStall: MAIN-THREAD STALL 152ms during: >>>>> Dispatching to Handler (android.os.Handler) {ec963dd} ia.r@21b0b52: 0
2026-07-15 12:21:17.736944 W VkStall: MAIN-THREAD STALL 181ms during: >>>>> Dispatching to Handler (android.os.Handler) {ec963dd} ia.r@21b0b52: 0
2026-07-15 12:21:19.593448 I VkEffects: reload anim=scale blur=562px glow=true stickers=true
2026-07-15 12:21:19.600332 W VkStall: MAIN-THREAD STALL 142ms during: >>>>> Dispatching to Handler (android.os.Handler) {ec963dd} ia.r@21b0b52: 0
2026-07-15 12:21:19.902102 W VkStall: MAIN-THREAD STALL 155ms during: >>>>> Dispatching to Handler (android.os.Handler) {ec963dd} ia.r@21b0b52: 0
2026-07-15 12:21:20.211049 W VkStall: MAIN-THREAD STALL 161ms during: >>>>> Dispatching to Handler (android.os.Handler) {ec963dd} ia.r@21b0b52: 0
2026-07-15 12:21:29.076415 I VkVibeCards: enter effects=true overlay=true cards=false
2026-07-15 12:21:29.210384 I VkThemes: ▶ tap generate ref=false descLen=11
2026-07-15 12:21:33.644413 W VkStall: MAIN-THREAD STALL 128ms (imeHideInProgress) during: >>>>> Dispatching to Handler (android.view.Choreographer$FrameHandler) {c7b5beb} android.view.Choreographer$FrameDisplayEventReceiver@949ed48: 0
2026-07-15 12:21:33.947496 W VkStall: MAIN-THREAD STALL 283ms (imeHideInProgress) during: >>>>> Dispatching to Handler (android.view.Choreographer$FrameHandler) {c7b5beb} android.view.Choreographer$FrameDisplayEventReceiver@949ed48: 0
2026-07-15 12:22:15.677072 I VkThemes: ▶ generate ref=false descLen=11
2026-07-15 12:22:15.873488 I VkTyping: ▶ open restart=false pkg=com.android.launcher inputType=589825
2026-07-15 12:22:20.568850 W VkStall: MAIN-THREAD STALL 134ms during: >>>>> Dispatching to Handler (android.os.Handler) {ec963dd} ia.r@21b0b52: 0
2026-07-15 12:22:26.619604 I VkSwipe: ▶ gesture started locale=pt-BR
2026-07-15 12:22:26.750412 I VkSuggestions: decode typedLen=0 candidates=18 locales=1 33,9ms
2026-07-15 12:22:26.750864 W VkSuggestions: slow frame 33,9ms locales=1 typedLen=0 candidates=18
2026-07-15 12:22:26.759061 I VkSwipe: ✓ gesture points=1 decodedLen=1 candidates=18 top=o 140ms
2026-07-15 12:22:30.002155 I VkVibeCards: ○ sticker skipped: session_inactive
2026-07-15 12:22:30.954594 I VkPanels: ▶ open ai_theme
2026-07-15 12:22:32.589912 I VkTyping: ○ hidden
2026-07-15 12:22:33.457400 I VkTyping: ▶ open restart=false pkg=com.android.launcher inputType=589825
2026-07-15 12:22:34.763895 I VkSuggestions: decode typedLen=1 candidates=18 locales=1 24,6ms
2026-07-15 12:22:34.764480 W VkSuggestions: slow frame 24,6ms locales=1 typedLen=1 candidates=18
2026-07-15 12:22:34.766948 I VkSuggestions: strip composing typedLen=1 candidates=19 autocorrect=false top=j locale=pt
2026-07-15 12:22:35.054489 I VkSuggestions: decode typedLen=2 candidates=18 locales=1 8,6ms
2026-07-15 12:22:35.056529 I VkSuggestions: strip composing typedLen=2 candidates=17 autocorrect=false top=jj locale=pt
2026-07-15 12:22:35.286384 I VkSuggestions: decode typedLen=3 candidates=18 locales=1 21,3ms
2026-07-15 12:22:35.286840 W VkSuggestions: slow frame 21,3ms locales=1 typedLen=3 candidates=18
2026-07-15 12:22:35.289157 I VkSuggestions: strip composing typedLen=3 candidates=17 autocorrect=false top=jjh locale=pt
2026-07-15 12:22:35.517402 I VkSuggestions: decode typedLen=4 candidates=18 locales=1 18,0ms
2026-07-15 12:22:35.517809 W VkSuggestions: slow frame 18,0ms locales=1 typedLen=4 candidates=18
2026-07-15 12:22:35.519719 I VkSuggestions: strip composing typedLen=4 candidates=13 autocorrect=false top=jjhh locale=pt
2026-07-15 12:22:35.752645 I VkSuggestions: decode typedLen=5 candidates=18 locales=1 4,4ms
2026-07-15 12:22:35.754318 I VkSuggestions: strip composing typedLen=5 candidates=17 autocorrect=false top=jjhhe locale=pt
2026-07-15 12:22:35.874872 I VkSuggestions: decode typedLen=6 candidates=18 locales=1 2,8ms
2026-07-15 12:22:35.876301 I VkSuggestions: strip composing typedLen=6 candidates=16 autocorrect=false top=jjhheh locale=pt
2026-07-15 12:22:36.068197 I VkSuggestions: decode typedLen=7 candidates=18 locales=1 8,3ms
2026-07-15 12:22:36.071467 I VkSuggestions: strip composing typedLen=7 candidates=15 autocorrect=false top=jjhhehh locale=pt
2026-07-15 12:22:37.306802 I VkPanels: ▶ open ai_theme
2026-07-15 12:22:39.217830 W VkStall: MAIN-THREAD STALL 140ms during: >>>>> Dispatching to Handler (android.os.Handler) {ec963dd} ia.r@21b0b52: 0
2026-07-15 12:22:40.749908 I VkPanels: ▶ open ai_theme
2026-07-15 12:22:42.376670 W VkStall: MAIN-THREAD STALL 142ms during: >>>>> Dispatching to Handler (android.os.Handler) {ec963dd} ia.r@21b0b52: 0
2026-07-15 12:22:42.671455 W VkStall: MAIN-THREAD STALL 152ms during: >>>>> Dispatching to Handler (android.os.Handler) {ec963dd} ia.r@21b0b52: 0
2026-07-15 12:22:48.722802 I VkAiEconomics: theme success=true 33046ms tier=TIER2 model=gemini-2.5-flash cache=true key=Deep Sea Editorial
2026-07-15 12:22:48.723049 I VkThemes: ✓ generate 33046ms theme=Deep Sea Editorial
2026-07-15 12:22:48.822256 I VkSwipe: ○ gesture canceled
2026-07-15 12:22:48.824240 I VkSwipe: ○ gesture canceled
2026-07-15 12:22:48.925592 I VkThemes: apply theme=Deep Sea Editorial (ai_generate)
2026-07-15 12:22:48.979246 I VkFavorites: save theme Deep Sea Editorial → SAVED
2026-07-15 12:22:48.979794 W VkStall: MAIN-THREAD STALL 259ms during: >>>>> Dispatching to Handler (android.os.Handler) {20ff8b3} DispatchedContinuation[Dispatchers.Main, Continuation at y9.y@e4ea126]: 0
2026-07-15 12:22:52.322346 I VkPanels: ▶ open menu
2026-07-15 12:22:53.603837 I VkPanels: ▶ open ai_theme
2026-07-15 12:23:01.871851 I VkVibeCards: enter effects=true overlay=true cards=false
2026-07-15 12:23:02.002394 I VkThemes: ▶ tap generate ref=false descLen=11
2026-07-15 12:23:19.372050 I VkThemes: ▶ generate ref=false descLen=11
2026-07-15 12:23:19.544045 I VkTyping: ▶ open restart=false pkg=com.android.launcher inputType=589825
2026-07-15 12:23:19.711555 I VkSuggestions: decode typedLen=8 candidates=18 locales=1 8,3ms
2026-07-15 12:23:19.713170 I VkSuggestions: strip composing typedLen=8 candidates=17 autocorrect=false top=jjhhehhe locale=pt
2026-07-15 12:23:25.993807 I VkSwipe: ▶ gesture started locale=pt-BR
2026-07-15 12:23:26.006983 I VkSuggestions: decode typedLen=0 candidates=18 locales=1 8,7ms
2026-07-15 12:23:26.126477 I VkSuggestions: decode typedLen=2 candidates=18 locales=1 12,7ms
2026-07-15 12:23:26.140322 I VkSuggestions: decode typedLen=0 candidates=17 locales=1 13,3ms
2026-07-15 12:23:26.236311 I VkSuggestions: decode typedLen=2 candidates=18 locales=1 6,4ms
2026-07-15 12:23:26.244108 I VkSuggestions: decode typedLen=0 candidates=17 locales=1 7,3ms
2026-07-15 12:23:26.577127 I VkSuggestions: decode typedLen=5 candidates=18 locales=1 12,1ms
2026-07-15 12:23:26.592190 I VkSuggestions: decode typedLen=0 candidates=17 locales=1 14,6ms
2026-07-15 12:23:26.790994 I VkSuggestions: decode typedLen=6 candidates=18 locales=1 8,6ms
2026-07-15 12:23:26.812957 I VkSuggestions: decode typedLen=0 candidates=17 locales=1 21,4ms
2026-07-15 12:23:26.813351 W VkSuggestions: slow frame 21,4ms locales=1 typedLen=0 candidates=17
2026-07-15 12:23:26.920188 I VkSuggestions: decode typedLen=7 candidates=18 locales=1 9,1ms
2026-07-15 12:23:26.941919 I VkSuggestions: decode typedLen=0 candidates=17 locales=1 21,3ms
2026-07-15 12:23:26.942218 W VkSuggestions: slow frame 21,3ms locales=1 typedLen=0 candidates=17
2026-07-15 12:23:26.960685 I VkSwipe: ✓ gesture points=58 decodedLen=6 candidates=18 top=ji ute 966ms
2026-07-15 12:23:27.517567 I VkSuggestions: decode typedLen=1 candidates=18 locales=1 8,4ms
2026-07-15 12:23:27.518649 I VkSuggestions: strip composing typedLen=1 candidates=19 autocorrect=false top=d locale=pt
2026-07-15 12:23:27.691637 I VkSuggestions: decode typedLen=2 candidates=18 locales=1 5,8ms
2026-07-15 12:23:27.692900 I VkSuggestions: strip composing typedLen=2 candidates=18 autocorrect=false top=dj locale=pt
2026-07-15 12:23:27.877805 I VkSuggestions: decode typedLen=3 candidates=18 locales=1 6,4ms
2026-07-15 12:23:27.879154 I VkSuggestions: strip composing typedLen=3 candidates=19 autocorrect=false top=djh locale=pt
2026-07-15 12:23:28.050458 I VkSuggestions: decode typedLen=4 candidates=18 locales=1 6,7ms
2026-07-15 12:23:28.052346 I VkSuggestions: strip composing typedLen=4 candidates=19 autocorrect=false top=djhh locale=pt
2026-07-15 12:23:28.203425 I VkSuggestions: decode typedLen=5 candidates=18 locales=1 7,8ms
2026-07-15 12:23:28.206936 I VkSuggestions: strip composing typedLen=5 candidates=19 autocorrect=false top=djhhe locale=pt
2026-07-15 12:23:29.217468 I VkSuggestions: decode typedLen=3 candidates=18 locales=1 35,0ms
2026-07-15 12:23:29.220675 W VkSuggestions: slow frame 35,0ms locales=1 typedLen=3 candidates=18
2026-07-15 12:23:29.225214 I VkSuggestions: decode typedLen=0 candidates=2 locales=1 1,0ms
2026-07-15 12:23:29.227196 I VkSuggestions: strip composing typedLen=3 candidates=18 autocorrect=false top=ute locale=pt
2026-07-15 12:23:29.407113 I VkSuggestions: decode typedLen=2 candidates=18 locales=1 26,6ms
2026-07-15 12:23:29.407582 W VkSuggestions: slow frame 26,6ms locales=1 typedLen=2 candidates=18
2026-07-15 12:23:29.409672 I VkSuggestions: strip composing typedLen=2 candidates=17 autocorrect=false top=ji locale=pt
2026-07-15 12:23:29.549354 I VkSuggestions: decode typedLen=8 candidates=18 locales=1 21,1ms
2026-07-15 12:23:29.549769 W VkSuggestions: slow frame 21,1ms locales=1 typedLen=8 candidates=18
2026-07-15 12:23:29.552008 I VkSuggestions: strip composing typedLen=8 candidates=17 autocorrect=false top=jjhhehhe locale=pt
2026-07-15 12:23:30.058296 W VkStall: MAIN-THREAD STALL 125ms during: >>>>> Dispatching to Handler (u9.v0) {c7354c7} null: 1
2026-07-15 12:23:30.162119 I VkSuggestions: strip prediction typedLen=0 candidates=2 autocorrect=false top=ji locale=pt
2026-07-15 12:23:32.912387 I VkSuggestions: decode typedLen=1 candidates=18 locales=1 8,9ms
2026-07-15 12:23:32.913303 I VkSuggestions: strip composing typedLen=1 candidates=19 autocorrect=false top=j locale=pt
2026-07-15 12:23:33.110871 I VkSuggestions: decode typedLen=2 candidates=18 locales=1 8,0ms
