05-30 23:07:20.023  3816  4154 W cr_MediaCodecBridge: Codec released
05-30 23:07:20.083  3816  5597 W libc    : Access denied finding property "vendor.oplus.media.vpp.stutter"
05-30 23:07:20.140  3816  4582 W libc    : Access denied finding property "vendor.oplus.media.vpp.stutter"
05-30 23:07:21.084  3816  5597 W libc    : Access denied finding property "vendor.oplus.media.vpp.stutter"
05-30 23:07:21.141  3816  4582 W libc    : Access denied finding property "vendor.oplus.media.vpp.stutter"
05-30 23:07:22.086  3816  5597 W libc    : Access denied finding property "vendor.oplus.media.vpp.stutter"
05-30 23:07:22.141  3816  4582 W libc    : Access denied finding property "vendor.oplus.media.vpp.stutter"
05-30 23:07:23.087  3816  5597 W libc    : Access denied finding property "vendor.oplus.media.vpp.stutter"
05-30 23:07:23.142  3816  4582 W libc    : Access denied finding property "vendor.oplus.media.vpp.stutter"
05-30 23:07:24.088  3816  5597 W libc    : Access denied finding property "vendor.oplus.media.vpp.stutter"
05-30 23:07:24.142  3816  4582 W libc    : Access denied finding property "vendor.oplus.media.vpp.stutter"
05-30 23:07:25.088  3816  5597 W libc    : Access denied finding property "vendor.oplus.media.vpp.stutter"
05-30 23:07:25.143  3816  4582 W libc    : Access denied finding property "vendor.oplus.media.vpp.stutter"
05-30 23:07:26.090  3816  5597 W libc    : Access denied finding property "vendor.oplus.media.vpp.stutter"
05-30 23:07:26.144  3816  4582 W libc    : Access denied finding property "vendor.oplus.media.vpp.stutter"
05-30 23:07:27.091  3816  5597 W libc    : Access denied finding property "vendor.oplus.media.vpp.stutter"
05-30 23:07:27.144  3816  4582 W libc    : Access denied finding property "vendor.oplus.media.vpp.stutter"
05-30 23:07:28.091  3816  5597 W libc    : Access denied finding property "vendor.oplus.media.vpp.stutter"
05-30 23:07:28.145  3816  4582 W libc    : Access denied finding property "vendor.oplus.media.vpp.stutter"
05-30 23:07:29.092  3816  5597 W libc    : Access denied finding property "vendor.oplus.media.vpp.stutter"
05-30 23:07:29.145  3816  4582 W libc    : Access denied finding property "vendor.oplus.media.vpp.stutter"
05-30 23:07:30.092  3816  5597 W libc    : Access denied finding property "vendor.oplus.media.vpp.stutter"
05-30 23:07:30.146  3816  4582 W libc    : Access denied finding property "vendor.oplus.media.vpp.stutter"
05-30 23:07:31.093  3816  5597 W libc    : Access denied finding property "vendor.oplus.media.vpp.stutter"
05-30 23:07:31.147  3816  4582 W libc    : Access denied finding property "vendor.oplus.media.vpp.stutter"
05-30 23:07:32.094  3816  5597 W libc    : Access denied finding property "vendor.oplus.media.vpp.stutter"
05-30 23:07:32.148  3816  4582 W libc    : Access denied finding property "vendor.oplus.media.vpp.stutter"
05-30 23:07:33.094  3816  5597 W libc    : Access denied finding property "vendor.oplus.media.vpp.stutter"
05-30 23:07:33.149  3816  4582 W libc    : Access denied finding property "vendor.oplus.media.vpp.stutter"
05-30 23:07:34.095  3816  5597 W libc    : Access denied finding property "vendor.oplus.media.vpp.stutter"
05-30 23:07:34.149  3816  4582 W libc    : Access denied finding property "vendor.oplus.media.vpp.stutter"
05-30 23:07:35.096  3816  5597 W libc    : Access denied finding property "vendor.oplus.media.vpp.stutter"
05-30 23:07:35.150  3816  4582 W libc    : Access denied finding property "vendor.oplus.media.vpp.stutter"
05-30 23:07:36.000  3816  4154 W libc    : Access denied finding property "vendor.oplus.media.vpp.stutter"
05-30 23:07:36.000  3816  4154 E MULTIMEDIAConfig: [getInt32:L80] Not find config, Returning default
05-30 23:07:36.000  3816  4154 E MULTIMEDIAConfig: [getInt32:L80] Not find config, Returning default
05-30 23:07:36.000  3816  4154 E OplusACodec: [OplusACodec:204] mSrOsieMMListCheckResult:0x0 mOsieVersion:1
05-30 23:07:36.023  3816  5782 E OplusACodec: [GetVideoCodingTypeFromMime:L1162] mime:video/x-vnd.on2.vp9
05-30 23:07:36.097  3816  5597 W libc    : Access denied finding property "vendor.oplus.media.vpp.stutter"
05-30 23:07:36.151  3816  4582 W libc    : Access denied finding property "vendor.oplus.media.vpp.stutter"
05-30 23:07:37.056  3816  5782 W libc    : Access denied finding property "vendor.oplus.media.vpp.stutter"
05-30 23:07:37.098  3816  5597 W libc    : Access denied finding property "vendor.oplus.media.vpp.stutter"
05-30 23:07:37.152  3816  4582 W libc    : Access denied finding property "vendor.oplus.media.vpp.stutter"
05-30 23:07:37.517  3816  3816 W com.vibekey.keyboard: type=1400 audit(0.0:10243): avc: denied { nlmsg_readpriv } for comm=536F636B657420546872656164 scontext=u:r:untrusted_app:s0:c4,c271,c512,c768 tcontext=u:r:untrusted_app:s0:c4,c271,c512,c768 tclass=netlink_route_socket permissive=0 bug=b/155595000 app=com.vibekey.keyboard
05-30 23:07:37.667  3816  3816 W com.vibekey.keyboard: type=1400 audit(0.0:10245): avc: denied { nlmsg_readpriv } for comm=536F636B657420546872656164 scontext=u:r:untrusted_app:s0:c4,c271,c512,c768 tcontext=u:r:untrusted_app:s0:c4,c271,c512,c768 tclass=netlink_route_socket permissive=0 bug=b/155595000 app=com.vibekey.keyboard
05-30 23:07:38.057  3816  5782 W libc    : Access denied finding property "vendor.oplus.media.vpp.stutter"
05-30 23:07:38.099  3816  5597 W libc    : Access denied finding property "vendor.oplus.media.vpp.stutter"
05-30 23:07:38.152  3816  4582 W libc    : Access denied finding property "vendor.oplus.media.vpp.stutter"
05-30 23:07:39.057  3816  5782 W libc    : Access denied finding property "vendor.oplus.media.vpp.stutter"
05-30 23:07:39.099  3816  5597 W libc    : Access denied finding property "vendor.oplus.media.vpp.stutter"
05-30 23:07:39.153  3816  4582 W libc    : Access denied finding property "vendor.oplus.media.vpp.stutter"
05-30 23:07:40.058  3816  5782 W libc    : Access denied finding property "vendor.oplus.media.vpp.stutter"
05-30 23:07:40.100  3816  5597 W libc    : Access denied finding property "vendor.oplus.media.vpp.stutter"
05-30 23:07:40.153  3816  4582 W libc    : Access denied finding property "vendor.oplus.media.vpp.stutter"
05-30 23:07:41.058  3816  5782 W libc    : Access denied finding property "vendor.oplus.media.vpp.stutter"
05-30 23:07:41.102  3816  5597 W libc    : Access denied finding property "vendor.oplus.media.vpp.stutter"
05-30 23:07:41.154  3816  4582 W libc    : Access denied finding property "vendor.oplus.media.vpp.stutter"
05-30 23:07:42.059  3816  5782 W libc    : Access denied finding property "vendor.oplus.media.vpp.stutter"
05-30 23:07:42.102  3816  5597 W libc    : Access denied finding property "vendor.oplus.media.vpp.stutter"
05-30 23:07:42.155  3816  4582 W libc    : Access denied finding property "vendor.oplus.media.vpp.stutter"
05-30 23:07:43.060  3816  5782 W libc    : Access denied finding property "vendor.oplus.media.vpp.stutter"
05-30 23:07:43.103  3816  5597 W libc    : Access denied finding property "vendor.oplus.media.vpp.stutter"
05-30 23:07:43.155  3816  4582 W libc    : Access denied finding property "vendor.oplus.media.vpp.stutter"
05-30 23:07:44.061  3816  5782 W libc    : Access denied finding property "vendor.oplus.media.vpp.stutter"
05-30 23:07:44.104  3816  5597 W libc    : Access denied finding property "vendor.oplus.media.vpp.stutter"
05-30 23:07:44.156  3816  4582 W libc    : Access denied finding property "vendor.oplus.media.vpp.stutter"
05-30 23:07:45.061  3816  5782 W libc    : Access denied finding property "vendor.oplus.media.vpp.stutter"
05-30 23:07:45.104  3816  5597 W libc    : Access denied finding property "vendor.oplus.media.vpp.stutter"
05-30 23:07:45.156  3816  4582 W libc    : Access denied finding property "vendor.oplus.media.vpp.stutter"
05-30 23:07:46.062  3816  5782 W libc    : Access denied finding property "vendor.oplus.media.vpp.stutter"
05-30 23:07:46.105  3816  5597 W libc    : Access denied finding property "vendor.oplus.media.vpp.stutter"
05-30 23:07:46.157  3816  4582 W libc    : Access denied finding property "vendor.oplus.media.vpp.stutter"
05-30 23:07:47.064  3816  5782 W libc    : Access denied finding property "vendor.oplus.media.vpp.stutter"
05-30 23:07:47.105  3816  5597 W libc    : Access denied finding property "vendor.oplus.media.vpp.stutter"
05-30 23:07:47.157  3816  4582 W libc    : Access denied finding property "vendor.oplus.media.vpp.stutter"
05-30 23:07:48.064  3816  5782 W libc    : Access denied finding property "vendor.oplus.media.vpp.stutter"
05-30 23:07:48.106  3816  5597 W libc    : Access denied finding property "vendor.oplus.media.vpp.stutter"
05-30 23:07:48.158  3816  4582 W libc    : Access denied finding property "vendor.oplus.media.vpp.stutter"
05-30 23:07:49.065  3816  5782 W libc    : Access denied finding property "vendor.oplus.media.vpp.stutter"
05-30 23:07:49.107  3816  5597 W libc    : Access denied finding property "vendor.oplus.media.vpp.stutter"
05-30 23:07:49.158  3816  4582 W libc    : Access denied finding property "vendor.oplus.media.vpp.stutter"
05-30 23:07:50.065  3816  5782 W libc    : Access denied finding property "vendor.oplus.media.vpp.stutter"
05-30 23:07:50.108  3816  5597 W libc    : Access denied finding property "vendor.oplus.media.vpp.stutter"
05-30 23:07:50.159  3816  4582 W libc    : Access denied finding property "vendor.oplus.media.vpp.stutter"
05-30 23:07:50.981  3816  4154 W cr_MediaCodecBridge: Releasing: OMX.qcom.video.decoder.vp9
05-30 23:07:50.985  3816  5591 E ExtensionsLoader: freeAllBuffers: 4 buffers were freed while being dequeued!
05-30 23:07:50.986  3816  4154 W cr_MediaCodecBridge: Codec released
05-30 23:07:51.066  3816  5782 W libc    : Access denied finding property "vendor.oplus.media.vpp.stutter"
05-30 23:07:51.159  3816  4582 W libc    : Access denied finding property "vendor.oplus.media.vpp.stutter"
05-30 23:07:52.067  3816  5782 W libc    : Access denied finding property "vendor.oplus.media.vpp.stutter"
05-30 23:07:52.161  3816  4582 W libc    : Access denied finding property "vendor.oplus.media.vpp.stutter"
05-30 23:07:53.067  3816  5782 W libc    : Access denied finding property "vendor.oplus.media.vpp.stutter"
05-30 23:07:53.161  3816  4582 W libc    : Access denied finding property "vendor.oplus.media.vpp.stutter"
05-30 23:07:54.068  3816  5782 W libc    : Access denied finding property "vendor.oplus.media.vpp.stutter"
05-30 23:07:54.162  3816  4582 W libc    : Access denied finding property "vendor.oplus.media.vpp.stutter"
05-30 23:07:54.287  3816  4093 W ServiceBindIntentUtils: Dynamic lookup for intent failed for action: com.google.android.gms.ads.service.CACHE
05-30 23:07:54.288  3816  4154 W cr_MediaCodecBridge: Releasing: OMX.qcom.video.decoder.vp9
05-30 23:07:54.291  3816  5781 E ExtensionsLoader: freeAllBuffers: 15 buffers were freed while being dequeued!
05-30 23:07:54.293  3816  4154 W cr_MediaCodecBridge: Codec released
05-30 23:07:54.325  3816  3816 W Ads     : #004 The webview is destroyed. Ignoring action.
05-30 23:07:54.327  3816  3816 W Ads     : #004 The webview is destroyed. Ignoring action.
05-30 23:07:54.335  3816  3816 W Ads     : #004 The webview is destroyed. Ignoring action.
05-30 23:07:54.354  3816  5876 W ServiceBindIntentUtils: Dynamic lookup for intent failed for action: com.google.android.gms.ads.service.START
05-30 23:07:54.362  3816  3816 W Ads     : #004 The webview is destroyed. Ignoring action.
05-30 23:07:54.456  3816  3816 W GeckoEventDispatcher: No listener for GeckoView:DismissClipboardPermissionRequest
05-30 23:07:54.459  3816  4966 E GeckoConsole: [JavaScript Error: "TypeError: can't access property "WindowEventDispatcher", win is null" {file: "resource://gre/modules/GeckoViewSessionStore.sys.mjs" line: 149}]
05-30 23:07:54.459  3816  4966 E GeckoConsole: onTabStateUpdate@resource://gre/modules/GeckoViewSessionStore.sys.mjs:149:5
05-30 23:07:54.459  3816  4966 E GeckoConsole: updateSessionStoreFromTabListener@resource://gre/modules/GeckoViewSessionStore.sys.mjs:243:10
05-30 23:07:54.459  3816  4966 E GeckoConsole: SSF_updateSessionStore@resource://gre/modules/SessionStoreFunctions.sys.mjs:46:27
05-30 23:07:54.459  3816  4966 E GeckoConsole: UpdateSessionStore@resource://gre/modules/SessionStoreFunctions.sys.mjs:16:46
05-30 23:07:54.527  3816  3885 W AiApiHelper: createCachedContent: 400 {
05-30 23:07:54.527  3816  3885 W AiApiHelper:   "error": {
05-30 23:07:54.527  3816  3885 W AiApiHelper:     "code": 400,
05-30 23:07:54.527  3816  3885 W AiApiHelper:     "message": "Invalid JSON payload received. Unknown name \"a\" at 'cached_content': Cannot find field.\nInvalid JSON payload received. Unknown name \"d\" at 'cached_content': Cannot find field.",
05-30 23:07:54.527  3816  3885 W AiApiHelper:     "status": "INVALID_ARGUMENT",
05-30 23:07:54.527  3816  3885 W AiApiHelper:     "details": [
05-30 23:07:54.527  3816  3885 W AiApiHelper:       {
05-30 23:07:54.527  3816  3885 W AiApiHelper:         "@type": "type.googleapis.com/google.rpc.BadRequest",
05-30 23:07:54.527  3816  3885 W AiApiHelper:         "fieldViolations": [
05-30 23:07:54.527  3816  3885 W AiApiHelper:           {
05-30 23:07:54.527  3816  3885 W AiApiHelper:             "field": "cached_content",
05-30 23:07:54.527  3816  3885 W AiApiHelper:             "description": "Invalid JSON payload received. Unknown name \"a\" at 'cached_content': Cannot find field."
05-30 23:07:54.527  3816  3885 W AiApiHelper:           },
05-30 23:07:54.527  3816  3885 W AiApiHelper:           {
05-30 23:07:54.527  3816  3885 W AiApiHelper:             "field": "cached_content",
05-30 23:07:54.527  3816  3885 W AiApiHelper:             "description": "Invalid JSON payload received. Unknown name \"d\" at 'cached_content': Cannot find field."
05-30 23:07:54.527  3816  3885 W AiApiHelper:           }
05-30 23:07:54.527  3816  3885 W AiApiHelper:         ]
05-30 23:07:54.527  3816  3885 W AiApiHelper:       }
05-30 23:07:54.527  3816  3885 W AiApiHelper:     ]
05-30 23:07:54.527  3816  3885 W AiApiHelper:   }
05-30 23:07:54.527  3816  3885 W AiApiHelper: }
05-30 23:07:54.547  3816  3816 W GeckoEventDispatcher: No listener for GeckoView:DismissClipboardPermissionRequest
05-30 23:07:54.554  3816  4966 E GeckoConsole: [JavaScript Error: "TypeError: can't access property "WindowEventDispatcher", win is null" {file: "resource://gre/modules/GeckoViewSessionStore.sys.mjs" line: 149}]
05-30 23:07:54.554  3816  4966 E GeckoConsole: onTabStateUpdate@resource://gre/modules/GeckoViewSessionStore.sys.mjs:149:5
05-30 23:07:54.554  3816  4966 E GeckoConsole: updateSessionStoreFromTabListener@resource://gre/modules/GeckoViewSessionStore.sys.mjs:243:10
05-30 23:07:54.554  3816  4966 E GeckoConsole: SSF_updateSessionStore@resource://gre/modules/SessionStoreFunctions.sys.mjs:46:27
05-30 23:07:54.554  3816  4966 E GeckoConsole: UpdateSessionStore@resource://gre/modules/SessionStoreFunctions.sys.mjs:16:46
05-30 23:07:54.748  3816  4074 E BLASTBufferQueue: BLASTBufferItemConsumer::onDisconnect()
05-30 23:07:54.778  3816  4074 E BLASTBufferQueue: BLASTBufferItemConsumer::onDisconnect()
05-30 23:07:55.163  3816  4582 W libc    : Access denied finding property "vendor.oplus.media.vpp.stutter"
05-30 23:07:56.164  3816  4582 W libc    : Access denied finding property "vendor.oplus.media.vpp.stutter"
05-30 23:07:56.296  3816  3816 W LayerDrawable: Invalid drawable added to LayerDrawable! Drawable already belongs to another owner but does not expose a constant state.
05-30 23:07:56.296  3816  3816 W LayerDrawable: java.lang.RuntimeException
05-30 23:07:56.296  3816  3816 W LayerDrawable: 	at android.graphics.drawable.LayerDrawable$ChildDrawable.<init>(LayerDrawable.java:1857)
05-30 23:07:56.296  3816  3816 W LayerDrawable: 	at android.graphics.drawable.LayerDrawable$LayerState.<init>(LayerDrawable.java:1977)
05-30 23:07:56.296  3816  3816 W LayerDrawable: 	at android.graphics.drawable.LayerDrawable.createConstantState(LayerDrawable.java:174)
05-30 23:07:56.296  3816  3816 W LayerDrawable: 	at android.graphics.drawable.LayerDrawable.mutate(LayerDrawable.java:1782)
05-30 23:07:56.296  3816  3816 W LayerDrawable: 	at y7.r3.j(r8-map-id-34557dfff8aa8b17747d2610aa4bb3621720ad12f5e98a5bb903b4336ec5a881:83)
05-30 23:07:56.296  3816  3816 W LayerDrawable: 	at helium314.keyboard.latin.panels.AiThemePanelView.f(r8-map-id-34557dfff8aa8b17747d2610aa4bb3621720ad12f5e98a5bb903b4336ec5a881:185)
05-30 23:07:56.296  3816  3816 W LayerDrawable: 	at helium314.keyboard.latin.panels.AiThemePanelView.T(r8-map-id-34557dfff8aa8b17747d2610aa4bb3621720ad12f5e98a5bb903b4336ec5a881:88)
05-30 23:07:56.296  3816  3816 W LayerDrawable: 	at helium314.keyboard.latin.panels.AiThemePanelView.S(r8-map-id-34557dfff8aa8b17747d2610aa4bb3621720ad12f5e98a5bb903b4336ec5a881:53)
05-30 23:07:56.296  3816  3816 W LayerDrawable: 	at g7.b0.r(r8-map-id-34557dfff8aa8b17747d2610aa4bb3621720ad12f5e98a5bb903b4336ec5a881:192)
05-30 23:07:56.296  3816  3816 W LayerDrawable: 	at g7.b0.U(r8-map-id-34557dfff8aa8b17747d2610aa4bb3621720ad12f5e98a5bb903b4336ec5a881:53)
05-30 23:07:56.296  3816  3816 W LayerDrawable: 	at g7.b0.R(r8-map-id-34557dfff8aa8b17747d2610aa4bb3621720ad12f5e98a5bb903b4336ec5a881:3)
05-30 23:07:56.296  3816  3816 W LayerDrawable: 	at k7.o0.c(r8-map-id-34557dfff8aa8b17747d2610aa4bb3621720ad12f5e98a5bb903b4336ec5a881:12)
05-30 23:07:56.296  3816  3816 W LayerDrawable: 	at k7.o0.b(r8-map-id-34557dfff8aa8b17747d2610aa4bb3621720ad12f5e98a5bb903b4336ec5a881:51)
05-30 23:07:56.296  3816  3816 W LayerDrawable: 	at g7.b0.w(r8-map-id-34557dfff8aa8b17747d2610aa4bb3621720ad12f5e98a5bb903b4336ec5a881:91)
05-30 23:07:56.296  3816  3816 W LayerDrawable: 	at g7.b0.H(r8-map-id-34557dfff8aa8b17747d2610aa4bb3621720ad12f5e98a5bb903b4336ec5a881:30)
05-30 23:07:56.296  3816  3816 W LayerDrawable: 	at g7.b0.k(r8-map-id-34557dfff8aa8b17747d2610aa4bb3621720ad12f5e98a5bb903b4336ec5a881:89)
05-30 23:07:56.296  3816  3816 W LayerDrawable: 	at g0.t.run(r8-map-id-34557dfff8aa8b17747d2610aa4bb3621720ad12f5e98a5bb903b4336ec5a881:71)
05-30 23:07:56.296  3816  3816 W LayerDrawable: 	at o7.o.invokeSuspend(r8-map-id-34557dfff8aa8b17747d2610aa4bb3621720ad12f5e98a5bb903b4336ec5a881:271)
05-30 23:07:56.296  3816  3816 W LayerDrawable: 	at t8.a.resumeWith(r8-map-id-34557dfff8aa8b17747d2610aa4bb3621720ad12f5e98a5bb903b4336ec5a881:9)
05-30 23:07:56.296  3816  3816 W LayerDrawable: 	at m9.h0.run(r8-map-id-34557dfff8aa8b17747d2610aa4bb3621720ad12f5e98a5bb903b4336ec5a881:115)
05-30 23:07:56.296  3816  3816 W LayerDrawable: 	at android.os.Handler.handleCallback(Handler.java:938)
05-30 23:07:56.296  3816  3816 W LayerDrawable: 	at android.os.Handler.dispatchMessage(Handler.java:99)
05-30 23:07:56.296  3816  3816 W LayerDrawable: 	at android.os.Looper.loopOnce(Looper.java:233)
05-30 23:07:56.296  3816  3816 W LayerDrawable: 	at android.os.Looper.loop(Looper.java:344)
05-30 23:07:56.296  3816  3816 W LayerDrawable: 	at android.app.ActivityThread.main(ActivityThread.java:8212)
05-30 23:07:56.296  3816  3816 W LayerDrawable: 	at java.lang.reflect.Method.invoke(Native Method)
05-30 23:07:56.296  3816  3816 W LayerDrawable: 	at com.android.internal.os.RuntimeInit$MethodAndArgsCaller.run(RuntimeInit.java:584)
05-30 23:07:56.296  3816  3816 W LayerDrawable: 	at com.android.internal.os.ZygoteInit.main(ZygoteInit.java:1034)
05-30 23:07:56.297  3816  3816 W LayerDrawable: Invalid drawable added to LayerDrawable! Drawable already belongs to another owner but does not expose a constant state.
05-30 23:07:56.297  3816  3816 W LayerDrawable: java.lang.RuntimeException
05-30 23:07:56.297  3816  3816 W LayerDrawable: 	at android.graphics.drawable.LayerDrawable$ChildDrawable.<init>(LayerDrawable.java:1857)
05-30 23:07:56.297  3816  3816 W LayerDrawable: 	at android.graphics.drawable.LayerDrawable$LayerState.<init>(LayerDrawable.java:1977)
05-30 23:07:56.297  3816  3816 W LayerDrawable: 	at android.graphics.drawable.LayerDrawable.createConstantState(LayerDrawable.java:174)
05-30 23:07:56.297  3816  3816 W LayerDrawable: 	at android.graphics.drawable.LayerDrawable.mutate(LayerDrawable.java:1782)
05-30 23:07:56.297  3816  3816 W LayerDrawable: 	at y7.r3.j(r8-map-id-34557dfff8aa8b17747d2610aa4bb3621720ad12f5e98a5bb903b4336ec5a881:83)
05-30 23:07:56.297  3816  3816 W LayerDrawable: 	at helium314.keyboard.latin.panels.AiThemePanelView.f(r8-map-id-34557dfff8aa8b17747d2610aa4bb3621720ad12f5e98a5bb903b4336ec5a881:185)
05-30 23:07:56.297  3816  3816 W LayerDrawable: 	at helium314.keyboard.latin.panels.AiThemePanelView.T(r8-map-id-34557dfff8aa8b17747d2610aa4bb3621720ad12f5e98a5bb903b4336ec5a881:88)
05-30 23:07:56.297  3816  3816 W LayerDrawable: 	at helium314.keyboard.latin.panels.AiThemePanelView.S(r8-map-id-34557dfff8aa8b17747d2610aa4bb3621720ad12f5e98a5bb903b4336ec5a881:53)
05-30 23:07:56.297  3816  3816 W LayerDrawable: 	at g7.b0.r(r8-map-id-34557dfff8aa8b17747d2610aa4bb3621720ad12f5e98a5bb903b4336ec5a881:192)
05-30 23:07:56.297  3816  3816 W LayerDrawable: 	at g7.b0.U(r8-map-id-34557dfff8aa8b17747d2610aa4bb3621720ad12f5e98a5bb903b4336ec5a881:53)
05-30 23:07:56.297  3816  3816 W LayerDrawable: 	at g7.b0.R(r8-map-id-34557dfff8aa8b17747d2610aa4bb3621720ad12f5e98a5bb903b4336ec5a881:3)
05-30 23:07:56.297  3816  3816 W LayerDrawable: 	at k7.o0.c(r8-map-id-34557dfff8aa8b17747d2610aa4bb3621720ad12f5e98a5bb903b4336ec5a881:12)
05-30 23:07:56.297  3816  3816 W LayerDrawable: 	at k7.o0.b(r8-map-id-34557dfff8aa8b17747d2610aa4bb3621720ad12f5e98a5bb903b4336ec5a881:51)
05-30 23:07:56.297  3816  3816 W LayerDrawable: 	at g7.b0.w(r8-map-id-34557dfff8aa8b17747d2610aa4bb3621720ad12f5e98a5bb903b4336ec5a881:91)
05-30 23:07:56.297  3816  3816 W LayerDrawable: 	at g7.b0.H(r8-map-id-34557dfff8aa8b17747d2610aa4bb3621720ad12f5e98a5bb903b4336ec5a881:30)
05-30 23:07:56.297  3816  3816 W LayerDrawable: 	at g7.b0.k(r8-map-id-34557dfff8aa8b17747d2610aa4bb3621720ad12f5e98a5bb903b4336ec5a881:89)
05-30 23:07:56.297  3816  3816 W LayerDrawable: 	at g0.t.run(r8-map-id-34557dfff8aa8b17747d2610aa4bb3621720ad12f5e98a5bb903b4336ec5a881:71)
05-30 23:07:56.297  3816  3816 W LayerDrawable: 	at o7.o.invokeSuspend(r8-map-id-34557dfff8aa8b17747d2610aa4bb3621720ad12f5e98a5bb903b4336ec5a881:271)
05-30 23:07:56.297  3816  3816 W LayerDrawable: 	at t8.a.resumeWith(r8-map-id-34557dfff8aa8b17747d2610aa4bb3621720ad12f5e98a5bb903b4336ec5a881:9)
05-30 23:07:56.297  3816  3816 W LayerDrawable: 	at m9.h0.run(r8-map-id-34557dfff8aa8b17747d2610aa4bb3621720ad12f5e98a5bb903b4336ec5a881:115)
05-30 23:07:56.297  3816  3816 W LayerDrawable: 	at android.os.Handler.handleCallback(Handler.java:938)
05-30 23:07:56.297  3816  3816 W LayerDrawable: 	at android.os.Handler.dispatchMessage(Handler.java:99)
05-30 23:07:56.297  3816  3816 W LayerDrawable: 	at android.os.Looper.loopOnce(Looper.java:233)
05-30 23:07:56.297  3816  3816 W LayerDrawable: 	at android.os.Looper.loop(Looper.java:344)
05-30 23:07:56.297  3816  3816 W LayerDrawable: 	at android.app.ActivityThread.main(ActivityThread.java:8212)
05-30 23:07:56.297  3816  3816 W LayerDrawable: 	at java.lang.reflect.Method.invoke(Native Method)
05-30 23:07:56.297  3816  3816 W LayerDrawable: 	at com.android.internal.os.RuntimeInit$MethodAndArgsCaller.run(RuntimeInit.java:584)
05-30 23:07:56.297  3816  3816 W LayerDrawable: 	at com.android.internal.os.ZygoteInit.main(ZygoteInit.java:1034)
05-30 23:07:56.297  3816  3816 W LayerDrawable: Invalid drawable added to LayerDrawable! Drawable already belongs to another owner but does not expose a constant state.
05-30 23:07:56.297  3816  3816 W LayerDrawable: java.lang.RuntimeException
05-30 23:07:56.297  3816  3816 W LayerDrawable: 	at android.graphics.drawable.LayerDrawable$ChildDrawable.<init>(LayerDrawable.java:1857)
05-30 23:07:56.297  3816  3816 W LayerDrawable: 	at android.graphics.drawable.LayerDrawable$LayerState.<init>(LayerDrawable.java:1977)
05-30 23:07:56.297  3816  3816 W LayerDrawable: 	at android.graphics.drawable.LayerDrawable.createConstantState(LayerDrawable.java:174)
05-30 23:07:56.297  3816  3816 W LayerDrawable: 	at android.graphics.drawable.LayerDrawable.mutate(LayerDrawable.java:1782)
05-30 23:07:56.297  3816  3816 W LayerDrawable: 	at y7.r3.j(r8-map-id-34557dfff8aa8b17747d2610aa4bb3621720ad12f5e98a5bb903b4336ec5a881:83)
05-30 23:07:56.297  3816  3816 W LayerDrawable: 	at helium314.keyboard.latin.panels.AiThemePanelView.f(r8-map-id-34557dfff8aa8b17747d2610aa4bb3621720ad12f5e98a5bb903b4336ec5a881:185)
05-30 23:07:56.297  3816  3816 W LayerDrawable: 	at helium314.keyboard.latin.panels.AiThemePanelView.T(r8-map-id-34557dfff8aa8b17747d2610aa4bb3621720ad12f5e98a5bb903b4336ec5a881:88)
05-30 23:07:56.297  3816  3816 W LayerDrawable: 	at helium314.keyboard.latin.panels.AiThemePanelView.S(r8-map-id-34557dfff8aa8b17747d2610aa4bb3621720ad12f5e98a5bb903b4336ec5a881:53)
05-30 23:07:56.297  3816  3816 W LayerDrawable: 	at g7.b0.r(r8-map-id-34557dfff8aa8b17747d2610aa4bb3621720ad12f5e98a5bb903b4336ec5a881:192)
05-30 23:07:56.297  3816  3816 W LayerDrawable: 	at g7.b0.U(r8-map-id-34557dfff8aa8b17747d2610aa4bb3621720ad12f5e98a5bb903b4336ec5a881:53)
05-30 23:07:56.297  3816  3816 W LayerDrawable: 	at g7.b0.R(r8-map-id-34557dfff8aa8b17747d2610aa4bb3621720ad12f5e98a5bb903b4336ec5a881:3)
05-30 23:07:56.297  3816  3816 W LayerDrawable: 	at k7.o0.c(r8-map-id-34557dfff8aa8b17747d2610aa4bb3621720ad12f5e98a5bb903b4336ec5a881:12)
05-30 23:07:56.297  3816  3816 W LayerDrawable: 	at k7.o0.b(r8-map-id-34557dfff8aa8b17747d2610aa4bb3621720ad12f5e98a5bb903b4336ec5a881:51)
05-30 23:07:56.297  3816  3816 W LayerDrawable: 	at g7.b0.w(r8-map-id-34557dfff8aa8b17747d2610aa4bb3621720ad12f5e98a5bb903b4336ec5a881:91)
05-30 23:07:56.297  3816  3816 W LayerDrawable: 	at g7.b0.H(r8-map-id-34557dfff8aa8b17747d2610aa4bb3621720ad12f5e98a5bb903b4336ec5a881:30)
05-30 23:07:56.297  3816  3816 W LayerDrawable: 	at g7.b0.k(r8-map-id-34557dfff8aa8b17747d2610aa4bb3621720ad12f5e98a5bb903b4336ec5a881:89)
05-30 23:07:56.297  3816  3816 W LayerDrawable: 	at g0.t.run(r8-map-id-34557dfff8aa8b17747d2610aa4bb3621720ad12f5e98a5bb903b4336ec5a881:71)
05-30 23:07:56.297  3816  3816 W LayerDrawable: 	at o7.o.invokeSuspend(r8-map-id-34557dfff8aa8b17747d2610aa4bb3621720ad12f5e98a5bb903b4336ec5a881:271)
05-30 23:07:56.297  3816  3816 W LayerDrawable: 	at t8.a.resumeWith(r8-map-id-34557dfff8aa8b17747d2610aa4bb3621720ad12f5e98a5bb903b4336ec5a881:9)
05-30 23:07:56.297  3816  3816 W LayerDrawable: 	at m9.h0.run(r8-map-id-34557dfff8aa8b17747d2610aa4bb3621720ad12f5e98a5bb903b4336ec5a881:115)
05-30 23:07:56.297  3816  3816 W LayerDrawable: 	at android.os.Handler.handleCallback(Handler.java:938)
05-30 23:07:56.297  3816  3816 W LayerDrawable: 	at android.os.Handler.dispatchMessage(Handler.java:99)
05-30 23:07:56.297  3816  3816 W LayerDrawable: 	at android.os.Looper.loopOnce(Looper.java:233)
05-30 23:07:56.297  3816  3816 W LayerDrawable: 	at android.os.Looper.loop(Looper.java:344)
05-30 23:07:56.297  3816  3816 W LayerDrawable: 	at android.app.ActivityThread.main(ActivityThread.java:8212)
05-30 23:07:56.297  3816  3816 W LayerDrawable: 	at java.lang.reflect.Method.invoke(Native Method)
05-30 23:07:56.297  3816  3816 W LayerDrawable: 	at com.android.internal.os.RuntimeInit$MethodAndArgsCaller.run(RuntimeInit.java:584)
05-30 23:07:56.297  3816  3816 W LayerDrawable: 	at com.android.internal.os.ZygoteInit.main(ZygoteInit.java:1034)
05-30 23:07:56.348  3816  5865 W Ads     : Not retrying to fetch app settings
05-30 23:07:56.434  3816  3816 W View    : requestLayout() improperly called by android.widget.LinearLayout{cbda6c0 V.E...... ......ID 0,1973-1440,2923 #7f0a011b app:id/main_keyboard_frame} during layout: running second layout pass
05-30 23:07:56.720  3816  3816 W Ads     : canOpenAppGmsgHandler disabled.
05-30 23:07:56.720  3816  3816 W Ads     : canOpenAppGmsgHandler disabled.
05-30 23:07:56.720  3816  3816 W Ads     : canOpenAppGmsgHandler disabled.
05-30 23:07:56.859  3816  3816 E Ads     : JS: Refused to get unsafe header "X-Afma-Gcache-IsGcacheHit" (https://www.gstatic.com/mysidia/38641a442446c53632a4e2bb29a65ad0.js?tag=addon/rewarded_video:434)
05-30 23:07:56.900  3816  3816 E Ads     : JS: Refused to get unsafe header "X-Afma-Gcache-IsGcacheHit" (https://www.gstatic.com/mysidia/38641a442446c53632a4e2bb29a65ad0.js?tag=addon/rewarded_video:434)
05-30 23:07:56.918  3816  4162 W libc    : Access denied finding property "vendor.oplus.media.vpp.stutter"
05-30 23:07:56.918  3816  4162 E MULTIMEDIAConfig: [getInt32:L80] Not find config, Returning default
05-30 23:07:56.918  3816  4162 E MULTIMEDIAConfig: [getInt32:L80] Not find config, Returning default
05-30 23:07:56.918  3816  4162 E OplusACodec: [OplusACodec:204] mSrOsieMMListCheckResult:0x0 mOsieVersion:1
05-30 23:07:56.951  3816  5925 E OplusACodec: [GetVideoCodingTypeFromMime:L1162] mime:video/x-vnd.on2.vp9
05-30 23:07:57.023  3816  4154 W cr_MediaCodecBridge: Releasing: OMX.qcom.video.decoder.vp9
05-30 23:07:57.025  3816  5922 E ExtensionsLoader: freeAllBuffers: 13 buffers were freed while being dequeued!
05-30 23:07:57.025  3816  4154 W cr_MediaCodecBridge: Codec released
05-30 23:07:57.164  3816  4582 W libc    : Access denied finding property "vendor.oplus.media.vpp.stutter"
05-30 23:07:58.165  3816  4582 W libc    : Access denied finding property "vendor.oplus.media.vpp.stutter"
05-30 23:07:59.166  3816  4582 W libc    : Access denied finding property "vendor.oplus.media.vpp.stutter"
05-30 23:07:59.209  3816  3816 W LayerDrawable: Invalid drawable added to LayerDrawable! Drawable already belongs to another owner but does not expose a constant state.
05-30 23:07:59.209  3816  3816 W LayerDrawable: java.lang.RuntimeException
05-30 23:07:59.209  3816  3816 W LayerDrawable: 	at android.graphics.drawable.LayerDrawable$ChildDrawable.<init>(LayerDrawable.java:1857)
05-30 23:07:59.209  3816  3816 W LayerDrawable: 	at android.graphics.drawable.LayerDrawable$LayerState.<init>(LayerDrawable.java:1977)
05-30 23:07:59.209  3816  3816 W LayerDrawable: 	at android.graphics.drawable.LayerDrawable.createConstantState(LayerDrawable.java:174)
05-30 23:07:59.209  3816  3816 W LayerDrawable: 	at android.graphics.drawable.LayerDrawable.mutate(LayerDrawable.java:1782)
05-30 23:07:59.209  3816  3816 W LayerDrawable: 	at y7.r3.j(r8-map-id-34557dfff8aa8b17747d2610aa4bb3621720ad12f5e98a5bb903b4336ec5a881:83)
05-30 23:07:59.209  3816  3816 W LayerDrawable: 	at helium314.keyboard.latin.panels.MenuPanelView.k(r8-map-id-34557dfff8aa8b17747d2610aa4bb3621720ad12f5e98a5bb903b4336ec5a881:36)
05-30 23:07:59.209  3816  3816 W LayerDrawable: 	at helium314.keyboard.latin.panels.MenuPanelView.r(r8-map-id-34557dfff8aa8b17747d2610aa4bb3621720ad12f5e98a5bb903b4336ec5a881:358)
05-30 23:07:59.209  3816  3816 W LayerDrawable: 	at v7.b.u(r8-map-id-34557dfff8aa8b17747d2610aa4bb3621720ad12f5e98a5bb903b4336ec5a881:199)
05-30 23:07:59.209  3816  3816 W LayerDrawable: 	at helium314.keyboard.latin.LatinIME.l(r8-map-id-34557dfff8aa8b17747d2610aa4bb3621720ad12f5e98a5bb903b4336ec5a881:36)
05-30 23:07:59.209  3816  3816 W LayerDrawable: 	at g7.m.a(r8-map-id-34557dfff8aa8b17747d2610aa4bb3621720ad12f5e98a5bb903b4336ec5a881:266)
05-30 23:07:59.209  3816  3816 W LayerDrawable: 	at helium314.keyboard.latin.suggestions.SuggestionStripView.onClick(r8-map-id-34557dfff8aa8b17747d2610aa4bb3621720ad12f5e98a5bb903b4336ec5a881:45)
05-30 23:07:59.209  3816  3816 W LayerDrawable: 	at android.view.View.performClick(View.java:7488)
05-30 23:07:59.209  3816  3816 W LayerDrawable: 	at android.view.View.performClickInternal(View.java:7464)
05-30 23:07:59.209  3816  3816 W LayerDrawable: 	at android.view.View.access$3700(View.java:841)
05-30 23:07:59.209  3816  3816 W LayerDrawable: 	at android.view.View$PerformClick.run(View.java:28911)
05-30 23:07:59.209  3816  3816 W LayerDrawable: 	at android.os.Handler.handleCallback(Handler.java:938)
05-30 23:07:59.209  3816  3816 W LayerDrawable: 	at android.os.Handler.dispatchMessage(Handler.java:99)
05-30 23:07:59.209  3816  3816 W LayerDrawable: 	at android.os.Looper.loopOnce(Looper.java:233)
05-30 23:07:59.209  3816  3816 W LayerDrawable: 	at android.os.Looper.loop(Looper.java:344)
05-30 23:07:59.209  3816  3816 W LayerDrawable: 	at android.app.ActivityThread.main(ActivityThread.java:8212)
05-30 23:07:59.209  3816  3816 W LayerDrawable: 	at java.lang.reflect.Method.invoke(Native Method)
05-30 23:07:59.209  3816  3816 W LayerDrawable: 	at com.android.internal.os.RuntimeInit$MethodAndArgsCaller.run(RuntimeInit.java:584)
05-30 23:07:59.209  3816  3816 W LayerDrawable: 	at com.android.internal.os.ZygoteInit.main(ZygoteInit.java:1034)
05-30 23:07:59.210  3816  3816 W LayerDrawable: Invalid drawable added to LayerDrawable! Drawable already belongs to another owner but does not expose a constant state.
05-30 23:07:59.210  3816  3816 W LayerDrawable: java.lang.RuntimeException
05-30 23:07:59.210  3816  3816 W LayerDrawable: 	at android.graphics.drawable.LayerDrawable$ChildDrawable.<init>(LayerDrawable.java:1857)
05-30 23:07:59.210  3816  3816 W LayerDrawable: 	at android.graphics.drawable.LayerDrawable$LayerState.<init>(LayerDrawable.java:1977)
05-30 23:07:59.210  3816  3816 W LayerDrawable: 	at android.graphics.drawable.LayerDrawable.createConstantState(LayerDrawable.java:174)
05-30 23:07:59.210  3816  3816 W LayerDrawable: 	at android.graphics.drawable.LayerDrawable.mutate(LayerDrawable.java:1782)
05-30 23:07:59.210  3816  3816 W LayerDrawable: 	at y7.r3.j(r8-map-id-34557dfff8aa8b17747d2610aa4bb3621720ad12f5e98a5bb903b4336ec5a881:83)
05-30 23:07:59.210  3816  3816 W LayerDrawable: 	at helium314.keyboard.latin.panels.MenuPanelView.k(r8-map-id-34557dfff8aa8b17747d2610aa4bb3621720ad12f5e98a5bb903b4336ec5a881:36)
05-30 23:07:59.210  3816  3816 W LayerDrawable: 	at helium314.keyboard.latin.panels.MenuPanelView.r(r8-map-id-34557dfff8aa8b17747d2610aa4bb3621720ad12f5e98a5bb903b4336ec5a881:358)
05-30 23:07:59.210  3816  3816 W LayerDrawable: 	at v7.b.u(r8-map-id-34557dfff8aa8b17747d2610aa4bb3621720ad12f5e98a5bb903b4336ec5a881:199)
05-30 23:07:59.210  3816  3816 W LayerDrawable: 	at helium314.keyboard.latin.LatinIME.l(r8-map-id-34557dfff8aa8b17747d2610aa4bb3621720ad12f5e98a5bb903b4336ec5a881:36)
05-30 23:07:59.210  3816  3816 W LayerDrawable: 	at g7.m.a(r8-map-id-34557dfff8aa8b17747d2610aa4bb3621720ad12f5e98a5bb903b4336ec5a881:266)
05-30 23:07:59.210  3816  3816 W LayerDrawable: 	at helium314.keyboard.latin.suggestions.SuggestionStripView.onClick(r8-map-id-34557dfff8aa8b17747d2610aa4bb3621720ad12f5e98a5bb903b4336ec5a881:45)
05-30 23:07:59.210  3816  3816 W LayerDrawable: 	at android.view.View.performClick(View.java:7488)
05-30 23:07:59.210  3816  3816 W LayerDrawable: 	at android.view.View.performClickInternal(View.java:7464)
05-30 23:07:59.210  3816  3816 W LayerDrawable: 	at android.view.View.access$3700(View.java:841)
05-30 23:07:59.210  3816  3816 W LayerDrawable: 	at android.view.View$PerformClick.run(View.java:28911)
05-30 23:07:59.210  3816  3816 W LayerDrawable: 	at android.os.Handler.handleCallback(Handler.java:938)
05-30 23:07:59.210  3816  3816 W LayerDrawable: 	at android.os.Handler.dispatchMessage(Handler.java:99)
05-30 23:07:59.210  3816  3816 W LayerDrawable: 	at android.os.Looper.loopOnce(Looper.java:233)
05-30 23:07:59.210  3816  3816 W LayerDrawable: 	at android.os.Looper.loop(Looper.java:344)
05-30 23:07:59.210  3816  3816 W LayerDrawable: 	at android.app.ActivityThread.main(ActivityThread.java:8212)
05-30 23:07:59.210  3816  3816 W LayerDrawable: 	at java.lang.reflect.Method.invoke(Native Method)
05-30 23:07:59.210  3816  3816 W LayerDrawable: 	at com.android.internal.os.RuntimeInit$MethodAndArgsCaller.run(RuntimeInit.java:584)
05-30 23:07:59.210  3816  3816 W LayerDrawable: 	at com.android.internal.os.ZygoteInit.main(ZygoteInit.java:1034)
05-30 23:07:59.210  3816  3816 W LayerDrawable: Invalid drawable added to LayerDrawable! Drawable already belongs to another owner but does not expose a constant state.
05-30 23:07:59.210  3816  3816 W LayerDrawable: java.lang.RuntimeException
05-30 23:07:59.210  3816  3816 W LayerDrawable: 	at android.graphics.drawable.LayerDrawable$ChildDrawable.<init>(LayerDrawable.java:1857)
05-30 23:07:59.210  3816  3816 W LayerDrawable: 	at android.graphics.drawable.LayerDrawable$LayerState.<init>(LayerDrawable.java:1977)
05-30 23:07:59.210  3816  3816 W LayerDrawable: 	at android.graphics.drawable.LayerDrawable.createConstantState(LayerDrawable.java:174)
05-30 23:07:59.210  3816  3816 W LayerDrawable: 	at android.graphics.drawable.LayerDrawable.mutate(LayerDrawable.java:1782)
05-30 23:07:59.210  3816  3816 W LayerDrawable: 	at y7.r3.j(r8-map-id-34557dfff8aa8b17747d2610aa4bb3621720ad12f5e98a5bb903b4336ec5a881:83)
05-30 23:07:59.210  3816  3816 W LayerDrawable: 	at helium314.keyboard.latin.panels.MenuPanelView.k(r8-map-id-34557dfff8aa8b17747d2610aa4bb3621720ad12f5e98a5bb903b4336ec5a881:36)
05-30 23:07:59.210  3816  3816 W LayerDrawable: 	at helium314.keyboard.latin.panels.MenuPanelView.r(r8-map-id-34557dfff8aa8b17747d2610aa4bb3621720ad12f5e98a5bb903b4336ec5a881:358)
05-30 23:07:59.210  3816  3816 W LayerDrawable: 	at v7.b.u(r8-map-id-34557dfff8aa8b17747d2610aa4bb3621720ad12f5e98a5bb903b4336ec5a881:199)
05-30 23:07:59.210  3816  3816 W LayerDrawable: 	at helium314.keyboard.latin.LatinIME.l(r8-map-id-34557dfff8aa8b17747d2610aa4bb3621720ad12f5e98a5bb903b4336ec5a881:36)
05-30 23:07:59.210  3816  3816 W LayerDrawable: 	at g7.m.a(r8-map-id-34557dfff8aa8b17747d2610aa4bb3621720ad12f5e98a5bb903b4336ec5a881:266)
05-30 23:07:59.210  3816  3816 W LayerDrawable: 	at helium314.keyboard.latin.suggestions.SuggestionStripView.onClick(r8-map-id-34557dfff8aa8b17747d2610aa4bb3621720ad12f5e98a5bb903b4336ec5a881:45)
05-30 23:07:59.210  3816  3816 W LayerDrawable: 	at android.view.View.performClick(View.java:7488)
05-30 23:07:59.210  3816  3816 W LayerDrawable: 	at android.view.View.performClickInternal(View.java:7464)
05-30 23:07:59.210  3816  3816 W LayerDrawable: 	at android.view.View.access$3700(View.java:841)
05-30 23:07:59.210  3816  3816 W LayerDrawable: 	at android.view.View$PerformClick.run(View.java:28911)
05-30 23:07:59.210  3816  3816 W LayerDrawable: 	at android.os.Handler.handleCallback(Handler.java:938)
05-30 23:07:59.210  3816  3816 W LayerDrawable: 	at android.os.Handler.dispatchMessage(Handler.java:99)
05-30 23:07:59.210  3816  3816 W LayerDrawable: 	at android.os.Looper.loopOnce(Looper.java:233)
05-30 23:07:59.210  3816  3816 W LayerDrawable: 	at android.os.Looper.loop(Looper.java:344)
05-30 23:07:59.210  3816  3816 W LayerDrawable: 	at android.app.ActivityThread.main(ActivityThread.java:8212)
05-30 23:07:59.210  3816  3816 W LayerDrawable: 	at java.lang.reflect.Method.invoke(Native Method)
05-30 23:07:59.210  3816  3816 W LayerDrawable: 	at com.android.internal.os.RuntimeInit$MethodAndArgsCaller.run(RuntimeInit.java:584)
05-30 23:07:59.210  3816  3816 W LayerDrawable: 	at com.android.internal.os.ZygoteInit.main(ZygoteInit.java:1034)
05-30 23:07:59.210  3816  3816 W LayerDrawable: Invalid drawable added to LayerDrawable! Drawable already belongs to another owner but does not expose a constant state.
05-30 23:07:59.210  3816  3816 W LayerDrawable: java.lang.RuntimeException
05-30 23:07:59.210  3816  3816 W LayerDrawable: 	at android.graphics.drawable.LayerDrawable$ChildDrawable.<init>(LayerDrawable.java:1857)
05-30 23:07:59.210  3816  3816 W LayerDrawable: 	at android.graphics.drawable.LayerDrawable$LayerState.<init>(LayerDrawable.java:1977)
05-30 23:07:59.210  3816  3816 W LayerDrawable: 	at android.graphics.drawable.LayerDrawable.createConstantState(LayerDrawable.java:174)
05-30 23:07:59.210  3816  3816 W LayerDrawable: 	at android.graphics.drawable.LayerDrawable.mutate(LayerDrawable.java:1782)
05-30 23:07:59.210  3816  3816 W LayerDrawable: 	at y7.r3.j(r8-map-id-34557dfff8aa8b17747d2610aa4bb3621720ad12f5e98a5bb903b4336ec5a881:83)
05-30 23:07:59.210  3816  3816 W LayerDrawable: 	at helium314.keyboard.latin.panels.MenuPanelView.k(r8-map-id-34557dfff8aa8b17747d2610aa4bb3621720ad12f5e98a5bb903b4336ec5a881:36)
05-30 23:07:59.210  3816  3816 W LayerDrawable: 	at helium314.keyboard.latin.panels.MenuPanelView.r(r8-map-id-34557dfff8aa8b17747d2610aa4bb3621720ad12f5e98a5bb903b4336ec5a881:358)
05-30 23:07:59.210  3816  3816 W LayerDrawable: 	at v7.b.u(r8-map-id-34557dfff8aa8b17747d2610aa4bb3621720ad12f5e98a5bb903b4336ec5a881:199)
05-30 23:07:59.210  3816  3816 W LayerDrawable: 	at helium314.keyboard.latin.LatinIME.l(r8-map-id-34557dfff8aa8b17747d2610aa4bb3621720ad12f5e98a5bb903b4336ec5a881:36)
05-30 23:07:59.210  3816  3816 W LayerDrawable: 	at g7.m.a(r8-map-id-34557dfff8aa8b17747d2610aa4bb3621720ad12f5e98a5bb903b4336ec5a881:266)
05-30 23:07:59.210  3816  3816 W LayerDrawable: 	at helium314.keyboard.latin.suggestions.SuggestionStripView.onClick(r8-map-id-34557dfff8aa8b17747d2610aa4bb3621720ad12f5e98a5bb903b4336ec5a881:45)
05-30 23:07:59.210  3816  3816 W LayerDrawable: 	at android.view.View.performClick(View.java:7488)
05-30 23:07:59.210  3816  3816 W LayerDrawable: 	at android.view.View.performClickInternal(View.java:7464)
05-30 23:07:59.210  3816  3816 W LayerDrawable: 	at android.view.View.access$3700(View.java:841)
05-30 23:07:59.210  3816  3816 W LayerDrawable: 	at android.view.View$PerformClick.run(View.java:28911)
05-30 23:07:59.210  3816  3816 W LayerDrawable: 	at android.os.Handler.handleCallback(Handler.java:938)
05-30 23:07:59.210  3816  3816 W LayerDrawable: 	at android.os.Handler.dispatchMessage(Handler.java:99)
05-30 23:07:59.210  3816  3816 W LayerDrawable: 	at android.os.Looper.loopOnce(Looper.java:233)
05-30 23:07:59.210  3816  3816 W LayerDrawable: 	at android.os.Looper.loop(Looper.java:344)
05-30 23:07:59.210  3816  3816 W LayerDrawable: 	at android.app.ActivityThread.main(ActivityThread.java:8212)
05-30 23:07:59.210  3816  3816 W LayerDrawable: 	at java.lang.reflect.Method.invoke(Native Method)
05-30 23:07:59.210  3816  3816 W LayerDrawable: 	at com.android.internal.os.RuntimeInit$MethodAndArgsCaller.run(RuntimeInit.java:584)
05-30 23:07:59.210  3816  3816 W LayerDrawable: 	at com.android.internal.os.ZygoteInit.main(ZygoteInit.java:1034)
05-30 23:07:59.210  3816  3816 W LayerDrawable: Invalid drawable added to LayerDrawable! Drawable already belongs to another owner but does not expose a constant state.
05-30 23:07:59.210  3816  3816 W LayerDrawable: java.lang.RuntimeException
05-30 23:07:59.210  3816  3816 W LayerDrawable: 	at android.graphics.drawable.LayerDrawable$ChildDrawable.<init>(LayerDrawable.java:1857)
05-30 23:07:59.210  3816  3816 W LayerDrawable: 	at android.graphics.drawable.LayerDrawable$LayerState.<init>(LayerDrawable.java:1977)
05-30 23:07:59.210  3816  3816 W LayerDrawable: 	at android.graphics.drawable.LayerDrawable.createConstantState(LayerDrawable.java:174)
05-30 23:07:59.210  3816  3816 W LayerDrawable: 	at android.graphics.drawable.LayerDrawable.mutate(LayerDrawable.java:1782)
05-30 23:07:59.210  3816  3816 W LayerDrawable: 	at y7.r3.j(r8-map-id-34557dfff8aa8b17747d2610aa4bb3621720ad12f5e98a5bb903b4336ec5a881:83)
05-30 23:07:59.210  3816  3816 W LayerDrawable: 	at helium314.keyboard.latin.panels.MenuPanelView.k(r8-map-id-34557dfff8aa8b17747d2610aa4bb3621720ad12f5e98a5bb903b4336ec5a881:36)
05-30 23:07:59.210  3816  3816 W LayerDrawable: 	at helium314.keyboard.latin.panels.MenuPanelView.r(r8-map-id-34557dfff8aa8b17747d2610aa4bb3621720ad12f5e98a5bb903b4336ec5a881:400)
05-30 23:07:59.210  3816  3816 W LayerDrawable: 	at v7.b.u(r8-map-id-34557dfff8aa8b17747d2610aa4bb3621720ad12f5e98a5bb903b4336ec5a881:199)
05-30 23:07:59.210  3816  3816 W LayerDrawable: 	at helium314.keyboard.latin.LatinIME.l(r8-map-id-34557dfff8aa8b17747d2610aa4bb3621720ad12f5e98a5bb903b4336ec5a881:36)
05-30 23:07:59.210  3816  3816 W LayerDrawable: 	at g7.m.a(r8-map-id-34557dfff8aa8b17747d2610aa4bb3621720ad12f5e98a5bb903b4336ec5a881:266)
05-30 23:07:59.210  3816  3816 W LayerDrawable: 	at helium314.keyboard.latin.suggestions.SuggestionStripView.onClick(r8-map-id-34557dfff8aa8b17747d2610aa4bb3621720ad12f5e98a5bb903b4336ec5a881:45)
05-30 23:07:59.210  3816  3816 W LayerDrawable: 	at android.view.View.performClick(View.java:7488)
05-30 23:07:59.210  3816  3816 W LayerDrawable: 	at android.view.View.performClickInternal(View.java:7464)
05-30 23:07:59.210  3816  3816 W LayerDrawable: 	at android.view.View.access$3700(View.java:841)
05-30 23:07:59.210  3816  3816 W LayerDrawable: 	at android.view.View$PerformClick.run(View.java:28911)
05-30 23:07:59.210  3816  3816 W LayerDrawable: 	at android.os.Handler.handleCallback(Handler.java:938)
05-30 23:07:59.210  3816  3816 W LayerDrawable: 	at android.os.Handler.dispatchMessage(Handler.java:99)
05-30 23:07:59.210  3816  3816 W LayerDrawable: 	at android.os.Looper.loopOnce(Looper.java:233)
05-30 23:07:59.210  3816  3816 W LayerDrawable: 	at android.os.Looper.loop(Looper.java:344)
05-30 23:07:59.210  3816  3816 W LayerDrawable: 	at android.app.ActivityThread.main(ActivityThread.java:8212)
05-30 23:07:59.210  3816  3816 W LayerDrawable: 	at java.lang.reflect.Method.invoke(Native Method)
05-30 23:07:59.210  3816  3816 W LayerDrawable: 	at com.android.internal.os.RuntimeInit$MethodAndArgsCaller.run(RuntimeInit.java:584)
05-30 23:07:59.210  3816  3816 W LayerDrawable: 	at com.android.internal.os.ZygoteInit.main(ZygoteInit.java:1034)
05-30 23:07:59.211  3816  3816 W LayerDrawable: Invalid drawable added to LayerDrawable! Drawable already belongs to another owner but does not expose a constant state.
05-30 23:07:59.211  3816  3816 W LayerDrawable: java.lang.RuntimeException
05-30 23:07:59.211  3816  3816 W LayerDrawable: 	at android.graphics.drawable.LayerDrawable$ChildDrawable.<init>(LayerDrawable.java:1857)
05-30 23:07:59.211  3816  3816 W LayerDrawable: 	at android.graphics.drawable.LayerDrawable$LayerState.<init>(LayerDrawable.java:1977)
05-30 23:07:59.211  3816  3816 W LayerDrawable: 	at android.graphics.drawable.LayerDrawable.createConstantState(LayerDrawable.java:174)
05-30 23:07:59.211  3816  3816 W LayerDrawable: 	at android.graphics.drawable.LayerDrawable.mutate(LayerDrawable.java:1782)
05-30 23:07:59.211  3816  3816 W LayerDrawable: 	at y7.r3.j(r8-map-id-34557dfff8aa8b17747d2610aa4bb3621720ad12f5e98a5bb903b4336ec5a881:83)
05-30 23:07:59.211  3816  3816 W LayerDrawable: 	at helium314.keyboard.latin.panels.MenuPanelView.k(r8-map-id-34557dfff8aa8b17747d2610aa4bb3621720ad12f5e98a5bb903b4336ec5a881:36)
05-30 23:07:59.211  3816  3816 W LayerDrawable: 	at helium314.keyboard.latin.panels.MenuPanelView.r(r8-map-id-34557dfff8aa8b17747d2610aa4bb3621720ad12f5e98a5bb903b4336ec5a881:400)
05-30 23:07:59.211  3816  3816 W LayerDrawable: 	at v7.b.u(r8-map-id-34557dfff8aa8b17747d2610aa4bb3621720ad12f5e98a5bb903b4336ec5a881:199)
05-30 23:07:59.211  3816  3816 W LayerDrawable: 	at helium314.keyboard.latin.LatinIME.l(r8-map-id-34557dfff8aa8b17747d2610aa4bb3621720ad12f5e98a5bb903b4336ec5a881:36)
05-30 23:07:59.211  3816  3816 W LayerDrawable: 	at g7.m.a(r8-map-id-34557dfff8aa8b17747d2610aa4bb3621720ad12f5e98a5bb903b4336ec5a881:266)
05-30 23:07:59.211  3816  3816 W LayerDrawable: 	at helium314.keyboard.latin.suggestions.SuggestionStripView.onClick(r8-map-id-34557dfff8aa8b17747d2610aa4bb3621720ad12f5e98a5bb903b4336ec5a881:45)
05-30 23:07:59.211  3816  3816 W LayerDrawable: 	at android.view.View.performClick(View.java:7488)
05-30 23:07:59.211  3816  3816 W LayerDrawable: 	at android.view.View.performClickInternal(View.java:7464)
05-30 23:07:59.211  3816  3816 W LayerDrawable: 	at android.view.View.access$3700(View.java:841)
05-30 23:07:59.211  3816  3816 W LayerDrawable: 	at android.view.View$PerformClick.run(View.java:28911)
05-30 23:07:59.211  3816  3816 W LayerDrawable: 	at android.os.Handler.handleCallback(Handler.java:938)
05-30 23:07:59.211  3816  3816 W LayerDrawable: 	at android.os.Handler.dispatchMessage(Handler.java:99)
05-30 23:07:59.211  3816  3816 W LayerDrawable: 	at android.os.Looper.loopOnce(Looper.java:233)
05-30 23:07:59.211  3816  3816 W LayerDrawable: 	at android.os.Looper.loop(Looper.java:344)
05-30 23:07:59.211  3816  3816 W LayerDrawable: 	at android.app.ActivityThread.main(ActivityThread.java:8212)
05-30 23:07:59.211  3816  3816 W LayerDrawable: 	at java.lang.reflect.Method.invoke(Native Method)
05-30 23:07:59.211  3816  3816 W LayerDrawable: 	at com.android.internal.os.RuntimeInit$MethodAndArgsCaller.run(RuntimeInit.java:584)
05-30 23:07:59.211  3816  3816 W LayerDrawable: 	at com.android.internal.os.ZygoteInit.main(ZygoteInit.java:1034)
05-30 23:07:59.211  3816  3816 W LayerDrawable: Invalid drawable added to LayerDrawable! Drawable already belongs to another owner but does not expose a constant state.
05-30 23:07:59.211  3816  3816 W LayerDrawable: java.lang.RuntimeException
05-30 23:07:59.211  3816  3816 W LayerDrawable: 	at android.graphics.drawable.LayerDrawable$ChildDrawable.<init>(LayerDrawable.java:1857)
05-30 23:07:59.211  3816  3816 W LayerDrawable: 	at android.graphics.drawable.LayerDrawable$LayerState.<init>(LayerDrawable.java:1977)
05-30 23:07:59.211  3816  3816 W LayerDrawable: 	at android.graphics.drawable.LayerDrawable.createConstantState(LayerDrawable.java:174)
05-30 23:07:59.211  3816  3816 W LayerDrawable: 	at android.graphics.drawable.LayerDrawable.mutate(LayerDrawable.java:1782)
05-30 23:07:59.211  3816  3816 W LayerDrawable: 	at y7.r3.j(r8-map-id-34557dfff8aa8b17747d2610aa4bb3621720ad12f5e98a5bb903b4336ec5a881:83)
05-30 23:07:59.211  3816  3816 W LayerDrawable: 	at helium314.keyboard.latin.panels.MenuPanelView.k(r8-map-id-34557dfff8aa8b17747d2610aa4bb3621720ad12f5e98a5bb903b4336ec5a881:36)
05-30 23:07:59.211  3816  3816 W LayerDrawable: 	at helium314.keyboard.latin.panels.MenuPanelView.r(r8-map-id-34557dfff8aa8b17747d2610aa4bb3621720ad12f5e98a5bb903b4336ec5a881:400)
05-30 23:07:59.211  3816  3816 W LayerDrawable: 	at v7.b.u(r8-map-id-34557dfff8aa8b17747d2610aa4bb3621720ad12f5e98a5bb903b4336ec5a881:199)
