=== VibeKey 4.1.247 (4347) ===

--------- beginning of crash
06-08 15:35:51.884  8559  8811 F libc    : Fatal signal 11 (SIGSEGV), code 1 (SEGV_MAPERR), fault addr 0x6a00000050 in tid 8811 (ExecutorUtils), pid 8559 (AndroidUI)
06-08 15:35:53.453 10937 10937 F DEBUG   : Process name is com.vibekey.keyboard, not key_process
06-08 15:35:53.453 10937 10937 F DEBUG   : keyProcess: 0
06-08 15:35:53.453 10937 10937 F DEBUG   : *** *** *** *** *** *** *** *** *** *** *** *** *** *** *** ***
06-08 15:35:53.453 10937 10937 F DEBUG   : Build fingerprint: 'OnePlus/OnePlus7Pro/OnePlus7Pro:12/SKQ1.211113.001/P.202303230244:user/release-keys'
06-08 15:35:53.453 10937 10937 F DEBUG   : Revision: '0'
06-08 15:35:53.453 10937 10937 F DEBUG   : ABI: 'arm64'
06-08 15:35:53.453 10937 10937 F DEBUG   : Timestamp: 2026-06-08 15:35:52.041633472-0400
06-08 15:35:53.453 10937 10937 F DEBUG   : Process uptime: 0s
06-08 15:35:53.453 10937 10937 F DEBUG   : Cmdline: com.vibekey.keyboard
06-08 15:35:53.453 10937 10937 F DEBUG   : pid: 8559, tid: 8811, name: ExecutorUtils  >>> com.vibekey.keyboard <<<
06-08 15:35:53.453 10937 10937 F DEBUG   : uid: 14013
06-08 15:35:53.453 10937 10937 F DEBUG   : signal 11 (SIGSEGV), code 1 (SEGV_MAPERR), fault addr 0x6a00000050
06-08 15:35:53.453 10937 10937 F DEBUG   :     x0  0000000000000000  x1  000000000000226b  x2  000000000000000b  x3  000000767e92cda0
06-08 15:35:53.453 10937 10937 F DEBUG   :     x4  0000007694d1c400  x5  0000007694d1c400  x6  0000007694d1c400  x7  0000000000000000
06-08 15:35:53.453 10937 10937 F DEBUG   :     x8  00000000000000f0  x9  db746b027190efc7  x10 0000007696b4068c  x11 0000000000000000
06-08 15:35:53.453 10937 10937 F DEBUG   :     x12 00000000ffffffff  x13 0000000000000000  x14 0000000000000000  x15 00000000ebad6a89
06-08 15:35:53.453 10937 10937 F DEBUG   :     x16 000000757ca4b410  x17 00000076790b8f10  x18 000000751c014000  x19 000000000000000b
06-08 15:35:53.453 10937 10937 F DEBUG   :     x20 000000767e92cda0  x21 000000000000216f  x22 000000767e92cb90  x23 0000000000000001
06-08 15:35:53.453 10937 10937 F DEBUG   :     x24 000000752e501d5c  x25 00000075234f2000  x26 0000007694d1d698  x27 0000007694d1c408
06-08 15:35:53.453 10937 10937 F DEBUG   :     x28 0000000000000400  x29 000000767e92cbb0
06-08 15:35:53.453 10937 10937 F DEBUG   :     lr  0000007576c73da0  sp  000000767e92cb90  pc  00000076790b8f34  pst 0000000000000000
06-08 15:35:53.453 10937 10937 F DEBUG   : backtrace:
06-08 15:35:53.453 10937 10937 F DEBUG   :       #00 pc 0000000000075f34  /apex/com.android.runtime/lib64/bionic/libc.so (syscall+36) (BuildId: bbbdeb7c87c74f1491f92c6e605095b0)
06-08 15:35:53.453 10937 10937 F DEBUG   :       #01 pc 0000000004062d9c  /data/app/~~0vURfNRJhP5qOxDjXMAdJA==/com.google.android.webview-1jICq8A_gawMkQD3QY60ZA==/base.apk!libwebviewchromium.so (BuildId: 6830cf8493d489d274dd2200dc390799760c2507)
06-08 15:35:53.453 10937 10937 F DEBUG   :       #02 pc 0000000004059518  /data/app/~~0vURfNRJhP5qOxDjXMAdJA==/com.google.android.webview-1jICq8A_gawMkQD3QY60ZA==/base.apk!libwebviewchromium.so (BuildId: 6830cf8493d489d274dd2200dc390799760c2507)
06-08 15:35:53.453 10937 10937 F DEBUG   :       #03 pc 000000000729d1dc  /data/app/~~8hKZzE7gHlLuk1nY5ZB2ng==/com.vibekey.keyboard-SoZ-vCM2ncsJKcLGauph6A==/lib/arm64/libxul.so (BuildId: 4a35ccb91ce54a7d8afe95f435ee2ee2cc640e58)
06-08 15:35:53.453 10937 10937 F DEBUG   :       #04 pc 0000000007721500  /data/app/~~8hKZzE7gHlLuk1nY5ZB2ng==/com.vibekey.keyboard-SoZ-vCM2ncsJKcLGauph6A==/lib/arm64/libxul.so (BuildId: 4a35ccb91ce54a7d8afe95f435ee2ee2cc640e58)
06-08 15:35:53.453 10937 10937 F DEBUG   :       #05 pc 0000000000006f94  /apex/com.android.art/lib64/libsigchain.so (art::SignalChain::Handler(int, siginfo*, void*)+1148) (BuildId: 1d71636c1517ecf3fa421563ba6710f3)
06-08 15:35:53.453 10937 10937 F DEBUG   :       #06 pc 0000000000000638  [vdso] (__kernel_rt_sigreturn+0)
06-08 15:35:53.453 10937 10937 F DEBUG   :       #07 pc 00000000000a3d58  /data/app/~~8hKZzE7gHlLuk1nY5ZB2ng==/com.vibekey.keyboard-SoZ-vCM2ncsJKcLGauph6A==/lib/arm64/libjni_latinime.so (BuildId: f905dbd1a904967a994cf833116e517b05caa863)
06-08 15:35:53.453 10937 10937 F DEBUG   :       #08 pc 00000000002c2100  /apex/com.android.art/lib64/libart.so (art_quick_generic_jni_trampoline+144) (BuildId: 7087b2f2160bfbf3335d54ba9779e325)
06-08 15:35:53.453 10937 10937 F DEBUG   :       #09 pc 0000000000668b6c  /apex/com.android.art/lib64/libart.so (nterp_helper+1948) (BuildId: 7087b2f2160bfbf3335d54ba9779e325)
06-08 15:35:53.453 10937 10937 F DEBUG   :       #10 pc 000000000022006c  /data/app/~~8hKZzE7gHlLuk1nY5ZB2ng==/com.vibekey.keyboard-SoZ-vCM2ncsJKcLGauph6A==/oat/arm64/base.vdex (com.android.inputmethod.latin.DicTraverseSession.a+16)
06-08 15:35:53.453 10937 10937 F DEBUG   :       #11 pc 0000000000669324  /apex/com.android.art/lib64/libart.so (nterp_helper+3924) (BuildId: 7087b2f2160bfbf3335d54ba9779e325)
06-08 15:35:53.453 10937 10937 F DEBUG   :       #12 pc 000000000021fc08  /data/app/~~8hKZzE7gHlLuk1nY5ZB2ng==/com.vibekey.keyboard-SoZ-vCM2ncsJKcLGauph6A==/oat/arm64/base.vdex (com.android.inputmethod.latin.BinaryDictionary.a+44)
06-08 15:35:53.453 10937 10937 F DEBUG   :       #13 pc 0000000000669324  /apex/com.android.art/lib64/libart.so (nterp_helper+3924) (BuildId: 7087b2f2160bfbf3335d54ba9779e325)
06-08 15:35:53.453 10937 10937 F DEBUG   :       #14 pc 000000000021fd34  /data/app/~~8hKZzE7gHlLuk1nY5ZB2ng==/com.vibekey.keyboard-SoZ-vCM2ncsJKcLGauph6A==/oat/arm64/base.vdex (com.android.inputmethod.latin.BinaryDictionary.k+44)
06-08 15:35:53.453 10937 10937 F DEBUG   :       #15 pc 0000000000669324  /apex/com.android.art/lib64/libart.so (nterp_helper+3924) (BuildId: 7087b2f2160bfbf3335d54ba9779e325)
06-08 15:35:53.453 10937 10937 F DEBUG   :       #16 pc 0000000000ad5ad2  /data/app/~~8hKZzE7gHlLuk1nY5ZB2ng==/com.vibekey.keyboard-SoZ-vCM2ncsJKcLGauph6A==/oat/arm64/base.vdex (v7.f.run+238)
06-08 15:35:53.453 10937 10937 F DEBUG   :       #17 pc 000000000066a144  /apex/com.android.art/lib64/libart.so (nterp_helper+7540) (BuildId: 7087b2f2160bfbf3335d54ba9779e325)
06-08 15:35:53.453 10937 10937 F DEBUG   :       #18 pc 00000000008f52e8  /data/app/~~8hKZzE7gHlLuk1nY5ZB2ng==/com.vibekey.keyboard-SoZ-vCM2ncsJKcLGauph6A==/oat/arm64/base.vdex (a8.z0.run+276)
06-08 15:35:53.453 10937 10937 F DEBUG   :       #19 pc 00000000022d2950  /memfd:jit-zygote-cache (deleted)
--------- beginning of system
06-08 15:35:56.128 11005 11005 E OplusCustomizeRestrictionManager: sInstance is null, start a new sInstance
06-08 15:36:11.227 11005 11265 E ActivityThread: Failed to find provider info for com.oplus.statistics.provider
06-08 15:36:11.228 11005 11265 E OplusStatistics--: IllegalArgumentException:java.lang.IllegalArgumentException: Unknown URL content://com.oplus.statistics.provider/track_event
06-08 15:36:42.150 11005 11265 E ActivityThread: Failed to find provider info for com.oplus.statistics.provider
06-08 15:36:42.150 11005 11265 E OplusStatistics--: IllegalArgumentException:java.lang.IllegalArgumentException: Unknown URL content://com.oplus.statistics.provider/track_event
06-08 15:39:09.490 11005 11265 E ActivityThread: Failed to find provider info for com.oplus.statistics.provider
06-08 15:39:09.490 11005 11265 E OplusStatistics--: IllegalArgumentException:java.lang.IllegalArgumentException: Unknown URL content://com.oplus.statistics.provider/track_event
06-08 15:39:30.915 11005 11265 E ActivityThread: Failed to find provider info for com.oplus.statistics.provider
06-08 15:39:30.915 11005 11265 E OplusStatistics--: IllegalArgumentException:java.lang.IllegalArgumentException: Unknown URL content://com.oplus.statistics.provider/track_event
06-08 15:39:44.859 11005 11265 E ActivityThread: Failed to find provider info for com.oplus.statistics.provider
06-08 15:39:44.859 11005 11265 E OplusStatistics--: IllegalArgumentException:java.lang.IllegalArgumentException: Unknown URL content://com.oplus.statistics.provider/track_event
06-08 15:39:59.872 11005 11265 E ActivityThread: Failed to find provider info for com.oplus.statistics.provider
06-08 15:39:59.876 11005 11265 E OplusStatistics--: IllegalArgumentException:java.lang.IllegalArgumentException: Unknown URL content://com.oplus.statistics.provider/track_event
06-08 15:40:43.245 11005 11265 E ActivityThread: Failed to find provider info for com.oplus.statistics.provider
06-08 15:40:43.246 11005 11265 E OplusStatistics--: IllegalArgumentException:java.lang.IllegalArgumentException: Unknown URL content://com.oplus.statistics.provider/track_event
--------- beginning of main
06-08 15:40:49.499 11005 11005 I VkTyping: ○ hidden
06-08 15:40:49.503 11005 11005 I VkSwipe : ○ gesture canceled
06-08 15:40:49.508 11005 11005 I VkEffects: reload anim=scale blur=0px glow=false stickers=true
06-08 15:40:49.549 11005 11005 I SpaceAssistPopup: ○ send ready=false outChars=0
06-08 15:40:49.561 11005 11005 I VkTyping: ▶ open restart=false pkg=com.android.launcher inputType=589825
06-08 15:40:49.709 11005 11281 W ServiceBindIntentUtils: Dynamic lookup for intent failed for action: com.google.android.gms.ads.service.CACHE
06-08 15:40:49.716 11005 15844 W ServiceBindIntentUtils: Dynamic lookup for intent failed for action: com.google.android.gms.ads.service.START
06-08 15:40:49.728 11005 11005 W View    : requestLayout() improperly called by android.widget.LinearLayout{f46556c V.E...... ......ID 0,1868-1440,2818 #7f0a010d app:id/input_view_keyboard_column} during layout: running second layout pass
06-08 15:40:49.729 11005 11005 W View    : requestLayout() improperly called by android.widget.LinearLayout{c817735 V.E...... ......ID 0,0-1440,950 #7f0a011c app:id/main_keyboard_frame} during layout: running second layout pass
06-08 15:40:50.386 11005 11159 I OnDeviceAssist: ▶ assist_ipc task=topic_tags in=108 chars
06-08 15:40:50.394  8610  8631 I OnDeviceAssist: dispatch task=topic_tags in=108 chars engine=Warming
06-08 15:40:50.394  8610  8631 I OnDeviceAssist: ▶ runSync task=topic_tags in=108 chars locale=pt
06-08 15:40:50.395  8610  8631 I OnDeviceAssist: → llm task=topic_tags model=qwen2.5-0.5b-instruct-q4_0.gguf temp=0.22 maxTok=86
06-08 15:40:50.670  8610  9267 I OnDeviceAssist: warm ok model=qwen2.5-0.5b-instruct-q4_0.gguf ambient=141 chars 430ms
06-08 15:40:51.414 11005 11045 I VkSuggestions: decode typedLen=0 candidates=1 locales=1 3,4ms
06-08 15:40:51.416 11005 11045 I VkSuggestions: strip prediction typedLen=0 candidates=1 autocorrect=false top=hola locale=pt
06-08 15:40:53.299 11005 11005 I SpaceAssistPopup: ○ typing idle scheduled
06-08 15:40:53.850  8610  8631 W OnDeviceAssist: ✗ llm task=topic_tags 3455ms: llama_decode failed
06-08 15:40:53.850  8610  8669 I OnDeviceAssist: warm ok model=qwen2.5-0.5b-instruct-q4_0.gguf ambient=141 chars 3163ms
06-08 15:40:53.850  8610  8631 W OnDeviceAssist: failed task=topic_tags 3456ms
06-08 15:40:53.851 11005 11133 W OnDeviceAssist: ✗ assist (ime) task=topic_tags 3465ms: llama_decode failed
06-08 15:40:53.851 11005 11005 I SpaceAssistPopup: ▶ generate prompt shown fieldChars=108
06-08 15:40:53.852 11005 11005 I SpaceAssistPopup: ▶ overlay show: generate_prompt
06-08 15:40:53.855 11005 11157 W OnDeviceLlmPrewarm: topic hints failed (keyboard_open): llama_decode failed
06-08 15:40:53.878  8610  8669 I OnDeviceAssist: warm ok model=qwen2.5-0.5b-instruct-q4_0.gguf ambient=141 chars 0ms
06-08 15:40:55.845 11005 11005 I SpaceAssistPopup: ▶ more tapped
06-08 15:40:59.506 11005 11265 E ActivityThread: Failed to find provider info for com.oplus.statistics.provider
06-08 15:40:59.506 11005 11265 E OplusStatistics--: IllegalArgumentException:java.lang.IllegalArgumentException: Unknown URL content://com.oplus.statistics.provider/track_event
06-08 15:41:00.694 11005 11005 I SpaceAssistPopup: ▶ prompt selected: Conciso
06-08 15:41:00.708 11005 11078 E BLASTBufferQueue: BLASTBufferItemConsumer::onDisconnect()
06-08 15:41:01.667 11005 11005 I SpaceAssistPopup: ▶ generate tapped fieldChars=108
06-08 15:41:01.669 11005 11005 I SpaceAssistPopup: ▶ generation start fieldChars=108 token=20245
06-08 15:41:01.669 11005 11005 I SpaceAssistPopup: ▶ fetch start fieldChars=108 inFlight=false cached=false
06-08 15:41:01.692  8610  9267 I OnDeviceAssist: warm ok model=qwen2.5-0.5b-instruct-q4_0.gguf ambient=0 chars 0ms
06-08 15:41:01.694 11005 11157 I OnDeviceAssist: ▶ assist_ipc task=concise in=108 chars
06-08 15:41:01.702  8610  9267 I OnDeviceAssist: dispatch task=concise in=108 chars engine=Ready
06-08 15:41:01.702  8610  9267 I OnDeviceAssist: ▶ runSync task=concise in=108 chars locale=pt
06-08 15:41:01.702  8610  9267 I OnDeviceAssist: → llm task=concise model=qwen2.5-0.5b-instruct-q4_0.gguf temp=0.35 maxTok=86
06-08 15:41:04.633  8610  9267 W OnDeviceAssist: ↻ llm retry task=concise: exact echo
06-08 15:41:07.504  8610  9267 W OnDeviceAssist: ✗ llm task=concise 5802ms: Model echoed input unchanged
06-08 15:41:07.504  8610  9267 W OnDeviceAssist: failed task=concise 5803ms
06-08 15:41:07.505 11005 11133 W OnDeviceAssist: ✗ assist (ime) task=concise 5811ms: Model echoed input unchanged
06-08 15:41:07.507 11005 11157 W SpaceAssistPopup: generateAssist: Model echoed input unchanged
06-08 15:41:07.510 11005 11005 W SpaceAssistPopup: ✗ generation failed 0ms: Model echoed input unchanged preview=0 overlay=true
06-08 15:41:07.512 11005 11005 I SpaceAssistPopup: ○ send ready=false outChars=0
06-08 15:41:09.673 16257 16257 E ibekey.keyboar: Unknown bits set in runtime_flags: 0x40000000
06-08 15:41:09.802 16257 16257 W g0      : Could not load system glide typing library jni_latinimegoogle: dlopen failed: library "libjni_latinimegoogle.so" not found
06-08 15:41:09.857 16292 16292 E oard:llm_engin: Unknown bits set in runtime_flags: 0x40000000
06-08 15:41:09.936 16257 16257 W t       : No editor info for this field. Bug?
06-08 15:41:09.952 16257 16257 I VkMultilingual: reset main=pt-BR locales=[pt,es,fr] count=3
06-08 15:41:10.047 16257 16257 W ibekey.keyboar: ClassLoaderContext classpath size mismatch. expected=1, found=0 (DLC[];PCL[base.apk*116719914]{PCL[/system/framework/org.apache.http.legacy.jar*3034548894]#PCL[/apex/com.android.extservices/javalib/android.ext.adservices.jar*3839736497]#PCL[/system/framework/com.android.location.provider.jar*3633238672]#PCL[/system/framework/com.android.media.remotedisplay.jar*3472798123]#PCL[/apex/com.android.extservices/javalib/android.ext.adservices.jar*3839736497]} | DLC[];PCL[])
06-08 15:41:10.067 16257 16257 W System  : ClassLoader referenced unknown path: 
06-08 15:41:10.078 16257 16257 W ibekey.keyboar: ClassLoaderContext classpath element checksum mismatch. expected=116719914, found=700181224 (DLC[];PCL[base.apk*116719914]{PCL[/system/framework/org.apache.http.legacy.jar*3034548894]#PCL[/apex/com.android.extservices/javalib/android.ext.adservices.jar*3839736497]#PCL[/system/framework/com.android.location.provider.jar*3633238672]#PCL[/system/framework/com.android.media.remotedisplay.jar*3472798123]#PCL[/apex/com.android.extservices/javalib/android.ext.adservices.jar*3839736497]} | DLC[];PCL[/data/app/~~8hKZzE7gHlLuk1nY5ZB2ng==/com.vibekey.keyboard-SoZ-vCM2ncsJKcLGauph6A==/base.apk*700181224]{PCL[/apex/com.android.extservices/javalib/android.ext.adservices.jar*3839736497]})
06-08 15:41:10.408 16257 16257 E ibekey.keyboar: ofbOpen failed with error=No such file or directory
06-08 15:41:10.408 16257 16257 E ibekey.keyboar: sysOpen failed with error=No such file or directory
06-08 15:41:10.429 16257 16331 W Ads     : Update ad debug logging enablement as false
06-08 15:41:10.467 16257 16257 E MultiApp.Impl: OplusMultiAppImpl
06-08 15:41:10.549 16257 16371 W libc    : Access denied finding property "ro.vendor.api_level"
06-08 15:41:10.553 16257 16257 W chromium: [WARNING:android_webview/browser/network_service/net_helpers.cc:137] HTTP Cache size is: 20971520
06-08 15:41:10.623 16257 16397 W libc    : Access denied finding property "vendor.camera.aux.packagelist"
06-08 15:41:10.623 16257 16397 W libc    : Access denied finding property "vendor.camera.aux.packagelist"
06-08 15:41:10.624 16257 16271 W libc    : Access denied finding property "vendor.camera.aux.packagelist"
06-08 15:41:10.624 16257 16257 I VkSwipe : ○ gesture canceled
06-08 15:41:10.636 16257 16257 I VkEffects: reload anim=scale blur=0px glow=false stickers=true
06-08 15:41:10.638 16257 16257 E OplusCustomizeRestrictionManager: sInstance is null, start a new sInstance
06-08 15:41:10.649 16257 16279 I VkVibeCards: loaded 2 cards (disk)
06-08 15:41:10.736 16257 16257 I SpaceAssistPopup: ○ send ready=false outChars=0
06-08 15:41:10.750 16257 16257 I VkTyping: ▶ open restart=false pkg=com.android.launcher inputType=589825
06-08 15:41:10.921 16257 16377 W cr_media: BLUETOOTH_CONNECT permission is missing.
06-08 15:41:10.922 16257 16377 W cr_media: getBluetoothAdapter() requires BLUETOOTH permission
06-08 15:41:10.922 16257 16377 W cr_media: registerBluetoothIntentsIfNeeded: Requires BLUETOOTH permission
06-08 15:41:10.948 16257 16257 W View    : requestLayout() improperly called by android.widget.LinearLayout{f1399e9 V.E...... ......ID 0,1868-1440,2818 #7f0a010d app:id/input_view_keyboard_column} during layout: running second layout pass
06-08 15:41:10.948 16257 16257 W View    : requestLayout() improperly called by android.widget.LinearLayout{773b66e V.E...... ......ID 0,0-1440,950 #7f0a011c app:id/main_keyboard_frame} during layout: running second layout pass
06-08 15:41:11.022 16257 16383 W AudioCapabilities: Unsupported mime audio/ffmpeg
06-08 15:41:11.023 16257 16383 W VideoCapabilities: Unsupported mime video/ffmpeg
06-08 15:41:11.023 16257 16383 W VideoCapabilities: Unrecognized profile/level 0/3 for video/mpeg2
06-08 15:41:11.024 16257 16383 W VideoCapabilities: Unrecognized profile/level 0/3 for video/mpeg2
06-08 15:41:11.105 16257 16431 W Settings: Setting animator_duration_scale has moved from android.provider.Settings.System to android.provider.Settings.Global, returning read-only global URI.
06-08 15:41:11.109 16257 16431 E GeckoLibLoad: Load sqlite start
06-08 15:41:11.109 16432 16432 E ard:crashhelpe: Unknown bits set in runtime_flags: 0x40000000
06-08 15:41:11.112 16257 16431 E GeckoLibLoad: Load sqlite done
06-08 15:41:11.112 16257 16431 E GeckoLibLoad: Load nss start
06-08 15:41:11.112 16257 16431 E GeckoLibLoad: Load nss done
06-08 15:41:11.129 16257 16431 E GeckoLibLoad: Loaded libs in 17.096823ms total, 9ms(17ms) user, 0ms(2ms) system, 2(2) faults
06-08 15:41:11.130 16257 16431 W GeckoThread: zerdatime 624513991 - runGecko
06-08 15:41:11.183 16257 16257 W com.vibekey.keyboard: type=1400 audit(0.0:278999): avc: denied { bind } for comm=4E65746C696E6B204D6F6E69746F72 scontext=u:r:untrusted_app:s0:c173,c271,c512,c768 tcontext=u:r:untrusted_app:s0:c173,c271,c512,c768 tclass=netlink_route_socket permissive=0 bug=b/155595000 app=com.vibekey.keyboard
06-08 15:41:11.207 16257 16431 E ibekey.keyboar: hiddenapi: Accessing hidden field Ljava/lang/Boolean;->value:Z (runtime_flags=0, domain=core-platform, api=max-target-p) from Lorg/mozilla/gecko/GeckoThread; (domain=app, TargetSdkVersion=35) using JNI: denied
06-08 15:41:11.207 16257 16431 E ibekey.keyboar: hiddenapi: Accessing hidden field Ljava/lang/Integer;->value:I (runtime_flags=0, domain=core-platform, api=max-target-p) from Lorg/mozilla/gecko/GeckoThread; (domain=app, TargetSdkVersion=35) using JNI: denied
06-08 15:41:11.207 16257 16431 E ibekey.keyboar: hiddenapi: Accessing hidden field Ljava/lang/Long;->value:J (runtime_flags=0, domain=core-platform, api=max-target-p) from Lorg/mozilla/gecko/GeckoThread; (domain=app, TargetSdkVersion=35) using JNI: denied
06-08 15:41:11.207 16257 16431 E ibekey.keyboar: hiddenapi: Accessing hidden field Ljava/lang/Double;->value:D (runtime_flags=0, domain=core-platform, api=max-target-p) from Lorg/mozilla/gecko/GeckoThread; (domain=app, TargetSdkVersion=35) using JNI: denied
06-08 15:41:11.239 16475 16475 E y.keyboard:tab: Unknown bits set in runtime_flags: 0x40000000
06-08 15:41:11.483 16292 16292 W DefaultDispatch: type=1400 audit(0.0:279000): avc: denied { read } for name="/" dev="dm-0" ino=2 scontext=u:r:untrusted_app:s0:c173,c271,c512,c768 tcontext=u:object_r:rootfs:s0 tclass=dir permissive=0 app=com.vibekey.keyboard
06-08 15:41:11.483 16292 16292 W DefaultDispatch: type=1400 audit(0.0:279001): avc: denied { read } for name="/" dev="dm-0" ino=2 scontext=u:r:untrusted_app:s0:c173,c271,c512,c768 tcontext=u:object_r:rootfs:s0 tclass=dir permissive=0 app=com.vibekey.keyboard
06-08 15:41:11.483 16292 16292 W DefaultDispatch: type=1400 audit(0.0:279002): avc: denied { read } for name="/" dev="dm-0" ino=2 scontext=u:r:untrusted_app:s0:c173,c271,c512,c768 tcontext=u:object_r:rootfs:s0 tclass=dir permissive=0 app=com.vibekey.keyboard
06-08 15:41:11.483 16292 16292 W DefaultDispatch: type=1400 audit(0.0:279003): avc: denied { read } for name="/" dev="dm-0" ino=2 scontext=u:r:untrusted_app:s0:c173,c271,c512,c768 tcontext=u:object_r:rootfs:s0 tclass=dir permissive=0 app=com.vibekey.keyboard
06-08 15:41:11.483 16292 16292 W DefaultDispatch: type=1400 audit(0.0:279004): avc: denied { read } for name="/" dev="dm-0" ino=2 scontext=u:r:untrusted_app:s0:c173,c271,c512,c768 tcontext=u:object_r:rootfs:s0 tclass=dir permissive=0 app=com.vibekey.keyboard
06-08 15:41:11.483 16292 16292 W DefaultDispatch: type=1400 audit(0.0:279005): avc: denied { read } for name="/" dev="dm-0" ino=2 scontext=u:r:untrusted_app:s0:c173,c271,c512,c768 tcontext=u:object_r:rootfs:s0 tclass=dir permissive=0 app=com.vibekey.keyboard
06-08 15:41:11.525 16257 16279 I OnDeviceAssist: ▶ assist_ipc task=topic_tags in=108 chars
06-08 15:41:11.540 16292 16535 I OnDeviceAssist: dispatch task=topic_tags in=108 chars engine=Warming
06-08 15:41:11.541 16292 16535 I OnDeviceAssist: ▶ runSync task=topic_tags in=108 chars locale=pt
06-08 15:41:11.610 16292 16535 I OnDeviceAssist: → llm task=topic_tags model=qwen2.5-0.5b-instruct-q4_0.gguf temp=0.22 maxTok=86
06-08 15:41:11.979 16292 16312 I OnDeviceAssist: warm ok model=qwen2.5-0.5b-instruct-q4_0.gguf ambient=141 chars 513ms
06-08 15:41:12.632 16257 16291 I VkSuggestions: decode typedLen=0 candidates=1 locales=1 7,7ms
06-08 15:41:12.642 16257 16291 I VkSuggestions: strip prediction typedLen=0 candidates=1 autocorrect=false top=hola locale=pt
06-08 15:41:13.853 16257 16257 I SpaceAssistPopup: ○ typing idle scheduled
06-08 15:41:14.409 16257 16257 I SpaceAssistPopup: ▶ generate prompt shown fieldChars=108
06-08 15:41:14.409 16257 16257 I SpaceAssistPopup: ▶ overlay show: generate_prompt
06-08 15:41:15.008 16292 16551 I OnDeviceAssist: warm ok model=qwen2.5-0.5b-instruct-q4_0.gguf ambient=141 chars 582ms
06-08 15:41:15.010 16292 16535 I OnDeviceAssist: ✓ llm task=topic_tags 3402ms out=140 chars
06-08 15:41:15.010 16292 16535 I OnDeviceAssist: done task=topic_tags 3474ms out=140 chars
06-08 15:41:15.012 16257 16272 I OnDeviceAssist: ✓ assist (ime) task=topic_tags 3487ms in=108 out=140
06-08 15:41:15.212 16257 16257 I SpaceAssistPopup: ▶ generate tapped fieldChars=108
06-08 15:41:15.213 16257 16257 I SpaceAssistPopup: ▶ generation start fieldChars=108 token=3312
06-08 15:41:15.214 16257 16257 I SpaceAssistPopup: ▶ fetch start fieldChars=108 inFlight=false cached=false
06-08 15:41:15.224 16292 16551 I OnDeviceAssist: warm ok model=qwen2.5-0.5b-instruct-q4_0.gguf ambient=0 chars 0ms
06-08 15:41:15.225 16257 16453 I OnDeviceAssist: ▶ assist_ipc task=concise in=108 chars
06-08 15:41:15.241 16292 16311 I OnDeviceAssist: dispatch task=concise in=108 chars engine=Ready
06-08 15:41:15.241 16292 16311 I OnDeviceAssist: ▶ runSync task=concise in=108 chars locale=pt
06-08 15:41:15.242 16292 16311 I OnDeviceAssist: → llm task=concise model=qwen2.5-0.5b-instruct-q4_0.gguf temp=0.35 maxTok=86
06-08 15:41:17.823 16292 16311 W OnDeviceAssist: ↻ llm retry task=concise: exact echo
06-08 15:41:20.455 16257 17464 E ibekey.keyboar: Attempt to load writable dex file: /data/user/0/com.vibekey.keyboard/app_pccache/5/8EBCAAEC2B76C0A33B03137E81AA4B249A0F4C11/pcam.jar
06-08 15:41:20.463 16257 16257 W AdWorker(Defaul: type=1400 audit(0.0:279018): avc: granted { execute } for path="/data/data/com.vibekey.keyboard/app_pccache/5/8EBCAAEC2B76C0A33B03137E81AA4B249A0F4C11/pcam.jar" dev="dm-2" ino=789133 scontext=u:r:untrusted_app:s0:c173,c271,c512,c768 tcontext=u:object_r:app_data_file:s0:c173,c271,c512,c768 tclass=file app=com.vibekey.keyboard
06-08 15:41:20.509 16257 17488 W Ads     : Invoke Firebase method getInstance error.
06-08 15:41:20.510 16257 17488 W Ads     : The Google Mobile Ads SDK will not integrate with Firebase. Admob/Firebase integration requires the latest Firebase SDK jar, but Firebase SDK is either missing or out of date
06-08 15:41:20.537 16257 17462 W ServiceBindIntentUtils: Dynamic lookup for intent failed for action: com.google.android.gms.ads.service.CACHE
06-08 15:41:20.582 16257 17505 W ServiceBindIntentUtils: Dynamic lookup for intent failed for action: com.google.android.gms.ads.service.START
06-08 15:41:20.607 16257 16454 W Ads     : Not retrying to fetch app settings
06-08 15:41:20.620 16257 17490 W Ads     : Not retrying to fetch app settings
06-08 15:41:20.773 16292 16311 W OnDeviceAssist: ✗ llm task=concise 5531ms: Model echoed input unchanged
06-08 15:41:20.773 16292 16311 W OnDeviceAssist: failed task=concise 5532ms
06-08 15:41:20.773 16257 16271 W OnDeviceAssist: ✗ assist (ime) task=concise 5548ms: Model echoed input unchanged
06-08 15:41:20.775 16257 16280 W SpaceAssistPopup: generateAssist: Model echoed input unchanged
06-08 15:41:20.775 16257 16257 W SpaceAssistPopup: ✗ generation failed 0ms: Model echoed input unchanged preview=0 overlay=true
06-08 15:41:20.776 16257 16257 I SpaceAssistPopup: ○ send ready=false outChars=0
06-08 15:41:21.805 16257 16257 E Ads     : JS: Uncaught TypeError: Cannot read properties of null (reading 's') (https://pagead2.googlesyndication.com/omsdk/releases/live/omsdk-v1.js:27)
06-08 15:41:21.892 16257 16257 E Ads     : JS: Refused to get unsafe header "X-Afma-Gcache-IsGcacheHit" (https://www.gstatic.com/mysidia/38641a442446c53632a4e2bb29a65ad0.js?tag=addon/rewarded_video:434)
06-08 15:41:22.013 16257 16257 E Ads     : JS: Refused to get unsafe header "X-Afma-Gcache-IsGcacheHit" (https://www.gstatic.com/mysidia/38641a442446c53632a4e2bb29a65ad0.js?tag=addon/rewarded_video:434)
06-08 15:41:22.034 16257 16369 W libc    : Access denied finding property "vendor.oplus.media.vpp.stutter"
06-08 15:41:22.038 16257 16369 E MULTIMEDIAConfig: [getInt32:L80] Not find config, Returning default
06-08 15:41:22.038 16257 16369 E MULTIMEDIAConfig: [getInt32:L80] Not find config, Returning default
06-08 15:41:22.038 16257 16369 E OplusACodec: [OplusACodec:204] mSrOsieMMListCheckResult:0x0 mOsieVersion:1
06-08 15:41:22.067 16257 17589 E OplusACodec: [GetVideoCodingTypeFromMime:L1162] mime:video/x-vnd.on2.vp9
06-08 15:41:22.184 16257 16369 W cr_MediaCodecBridge: Releasing: OMX.qcom.video.decoder.vp9
06-08 15:41:22.185 16257 17585 E ExtensionsLoader: freeAllBuffers: 13 buffers were freed while being dequeued!
06-08 15:41:22.185 16257 16369 W cr_MediaCodecBridge: Codec released
06-08 15:41:22.463 16257 16266 W ibekey.keyboar: Cleared Reference was only reachable from finalizer (only reported once)
06-08 15:41:23.390 16257 16257 I SpaceAssistPopup: ▶ generate tapped fieldChars=108
06-08 15:41:23.391 16257 16257 I SpaceAssistPopup: ▶ generation start fieldChars=108 token=52939
06-08 15:41:23.391 16257 16257 I SpaceAssistPopup: ▶ fetch start fieldChars=108 inFlight=false cached=false
06-08 15:41:23.409 16292 16311 I OnDeviceAssist: warm ok model=qwen2.5-0.5b-instruct-q4_0.gguf ambient=0 chars 0ms
06-08 15:41:23.410 16257 16280 I OnDeviceAssist: ▶ assist_ipc task=concise in=108 chars
06-08 15:41:23.414 16292 16536 I OnDeviceAssist: dispatch task=concise in=108 chars engine=Ready
06-08 15:41:23.414 16292 16536 I OnDeviceAssist: ▶ runSync task=concise in=108 chars locale=pt
06-08 15:41:23.415 16292 16536 I OnDeviceAssist: → llm task=concise model=qwen2.5-0.5b-instruct-q4_0.gguf temp=0.35 maxTok=86
06-08 15:41:26.067 16257 17766 E FilePhenotypeFlags: Config package com.google.android.gms.clearcut_client#com.vibekey.keyboard cannot use FILE backing without declarative registration. See go/phenotype-android-integration#phenotype for more information. This will lead to stale flags.
06-08 15:41:26.111 16257 17766 E FilePhenotypeFlags: Config package com.google.android.gms.clearcut_client#com.vibekey.keyboard cannot use FILE backing without declarative registration. See go/phenotype-android-integration#phenotype for more information. This will lead to stale flags.
06-08 15:41:26.112 16257 17766 E FilePhenotypeFlags: Config package com.google.android.gms.clearcut_client#com.vibekey.keyboard cannot use FILE backing without declarative registration. See go/phenotype-android-integration#phenotype for more information. This will lead to stale flags.
06-08 15:41:26.387 16292 16536 W OnDeviceAssist: ↻ llm retry task=concise: exact echo
06-08 15:41:29.425 16292 16536 W OnDeviceAssist: ✗ llm task=concise 6010ms: Model echoed input unchanged
06-08 15:41:29.425 16292 16536 W OnDeviceAssist: failed task=concise 6011ms
06-08 15:41:29.425 16257 16270 W OnDeviceAssist: ✗ assist (ime) task=concise 6015ms: Model echoed input unchanged
06-08 15:41:29.429 16257 16280 W SpaceAssistPopup: generateAssist: Model echoed input unchanged
06-08 15:41:29.429 16257 16257 W SpaceAssistPopup: ✗ generation failed 0ms: Model echoed input unchanged preview=0 overlay=true
06-08 15:41:29.430 16257 16257 I SpaceAssistPopup: ○ send ready=false outChars=0
06-08 15:41:32.257 16257 16257 I SpaceAssistPopup: ○ overlay hide: typing
06-08 15:41:32.258 16257 16257 I SpaceAssistPopup: ○ typing idle scheduled
06-08 15:41:32.814 16257 16257 I SpaceAssistPopup: ▶ generate prompt shown fieldChars=109
06-08 15:41:32.814 16257 16257 I SpaceAssistPopup: ▶ overlay show: generate_prompt
06-08 15:41:32.825 16292 16536 I OnDeviceAssist: warm ok model=qwen2.5-0.5b-instruct-q4_0.gguf ambient=141 chars 0ms
06-08 15:41:33.617 16257 16257 I SpaceAssistPopup: ▶ more tapped
06-08 15:41:36.333 16257 16257 I SpaceAssistPopup: ▶ prompt selected: Argumento persuasivo
06-08 15:41:36.344 16257 16345 E BLASTBufferQueue: BLASTBufferItemConsumer::onDisconnect()
06-08 15:41:36.383 16257 16257 I VkTyping: ▶ open restart=false pkg=com.android.launcher inputType=589825
06-08 15:41:36.484 16257 16257 I SpaceAssistPopup: ○ overlay hide: strip_inactive
06-08 15:41:37.301 16292 16536 I OnDeviceAssist: warm ok model=qwen2.5-0.5b-instruct-q4_0.gguf ambient=141 chars 0ms
06-08 15:41:40.309 16257 16257 I SpaceAssistPopup: ○ typing idle scheduled
06-08 15:41:40.864 16257 16257 I SpaceAssistPopup: ▶ generate prompt shown fieldChars=109
06-08 15:41:40.865 16257 16257 I SpaceAssistPopup: ▶ overlay show: generate_prompt
06-08 15:41:40.890 16292 16536 I OnDeviceAssist: warm ok model=qwen2.5-0.5b-instruct-q4_0.gguf ambient=141 chars 0ms
06-08 15:41:41.537 16257 16257 I SpaceAssistPopup: ▶ generate tapped fieldChars=109
06-08 15:41:41.538 16257 16257 I SpaceAssistPopup: ▶ generation start fieldChars=109 token=33412
06-08 15:41:41.539 16257 16257 I SpaceAssistPopup: ▶ fetch start fieldChars=109 inFlight=false cached=false
06-08 15:41:41.553 16292 16551 I OnDeviceAssist: warm ok model=qwen2.5-0.5b-instruct-q4_0.gguf ambient=0 chars 0ms
06-08 15:41:41.555 16257 16451 I OnDeviceAssist: ▶ assist_ipc task=tone_persuade in=109 chars
06-08 15:41:41.568 16292 16535 I OnDeviceAssist: dispatch task=tone_persuade in=109 chars engine=Ready
06-08 15:41:41.569 16292 16535 I OnDeviceAssist: ▶ runSync task=tone_persuade in=109 chars locale=pt
06-08 15:41:41.569 16292 16535 I OnDeviceAssist: → llm task=tone_persuade model=qwen2.5-0.5b-instruct-q4_0.gguf temp=0.45 maxTok=86
06-08 15:41:44.452 16292 16535 I OnDeviceAssist: ✓ llm task=tone_persuade 2883ms out=109 chars
06-08 15:41:44.452 16292 16535 I OnDeviceAssist: done task=tone_persuade 2884ms out=109 chars
06-08 15:41:44.452 16257 16270 I OnDeviceAssist: ✓ assist (ime) task=tone_persuade 2897ms in=109 out=109
06-08 15:41:44.466 16257 16257 I SpaceAssistPopup: ✓ generation done out=109 preview=109 overlay=true 0ms
06-08 15:41:44.466 16257 16257 I SpaceAssistPopup: → preview: ¡Hola, María! ¿Cómo estás? Espero que todo vaya bien. Te veo pronto en Nueva York. ¡Estoy tan feliz de verte!
06-08 15:41:44.469 16257 16257 I SpaceAssistPopup: ▶ send ready=true outChars=109
06-08 15:41:44.478 16257 16257 I SpaceAssistPopup: → preview layout textLen=109 send=visible fieldW=1380 scrollW=1245 sendW=135 textSp=18,0 contentW=3517
06-08 15:41:44.479 16257 16257 I SpaceAssistPopup: → preview layout textLen=109 send=visible fieldW=1380 scrollW=1245 sendW=135 textSp=18,0 contentW=3517
06-08 15:41:44.479 16257 16257 I SpaceAssistPopup: → preview layout textLen=109 send=visible fieldW=1380 scrollW=1245 sendW=135 textSp=18,0 contentW=3517
06-08 15:41:55.662 16257 16257 I SpaceAssistPopup: ○ overlay hide: strip_inactive
06-08 15:41:56.309 16257 16257 I SpaceAssistPopup: ○ send ready=false outChars=0
06-08 15:41:56.310 16257 16257 I VkPanels: ▶ open browser
06-08 15:41:56.318 16257 16257 W View    : requestLayout() improperly called by android.widget.FrameLayout{2cfd938 V.E...... ......ID 0,1625-1440,1805 #7f0a0087 app:id/browser_nav_footer_float} during layout: running second layout pass
06-08 15:41:56.319 16257 16257 I VkBrowser: ▶ panel open incognito=false tabs=0 queryLen=0
06-08 15:41:56.336 16257 16257 E GeckoView: Failed to attach WindowInsetsListener: 
06-08 15:41:56.336 16257 16257 E GeckoView: java.lang.NullPointerException: Attempt to invoke virtual method 'android.view.Window android.app.Activity.getWindow()' on a null object reference
06-08 15:41:56.336 16257 16257 E GeckoView: 	at org.mozilla.geckoview.GeckoView.attachWindowInsetsListener(r8-map-id-75fdc73b9908c7db1a4f97e15e2652cdecccafcfa6b243134b9380a1e70c9760:1)
06-08 15:41:56.336 16257 16257 E GeckoView: 	at org.mozilla.geckoview.GeckoView.onAttachedToWindow(r8-map-id-75fdc73b9908c7db1a4f97e15e2652cdecccafcfa6b243134b9380a1e70c9760:49)
06-08 15:41:56.336 16257 16257 E GeckoView: 	at helium314.keyboard.latin.panels.ImeGeckoView.onAttachedToWindow(r8-map-id-75fdc73b9908c7db1a4f97e15e2652cdecccafcfa6b243134b9380a1e70c9760:4)
06-08 15:41:56.336 16257 16257 E GeckoView: 	at android.view.View.dispatchAttachedToWindow(View.java:20900)
06-08 15:41:56.336 16257 16257 E GeckoView: 	at android.view.ViewGroup.dispatchAttachedToWindow(ViewGroup.java:3539)
06-08 15:41:56.336 16257 16257 E GeckoView: 	at android.view.ViewGroup.addViewInner(ViewGroup.java:5378)
06-08 15:41:56.336 16257 16257 E GeckoView: 	at android.view.ViewGroup.addView(ViewGroup.java:5156)
06-08 15:41:56.336 16257 16257 E GeckoView: 	at android.view.ViewGroup.addView(ViewGroup.java:5096)
06-08 15:41:56.336 16257 16257 E GeckoView: 	at helium314.keyboard.latin.panels.BrowserPanelView.Z(r8-map-id-75fdc73b9908c7db1a4f97e15e2652cdecccafcfa6b243134b9380a1e70c9760:311)
06-08 15:41:56.336 16257 16257 E GeckoView: 	at helium314.keyboard.latin.panels.BrowserPanelView.H0(r8-map-id-75fdc73b9908c7db1a4f97e15e2652cdecccafcfa6b243134b9380a1e70c9760:175)
06-08 15:41:56.336 16257 16257 E GeckoView: 	at c5.s.run(r8-map-id-75fdc73b9908c7db1a4f97e15e2652cdecccafcfa6b243134b9380a1e70c9760:622)
06-08 15:41:56.336 16257 16257 E GeckoView: 	at i7.y.onGlobalLayout(r8-map-id-75fdc73b9908c7db1a4f97e15e2652cdecccafcfa6b243134b9380a1e70c9760:8)
06-08 15:41:56.336 16257 16257 E GeckoView: 	at android.view.ViewTreeObserver.dispatchOnGlobalLayout(ViewTreeObserver.java:1061)
06-08 15:41:56.336 16257 16257 E GeckoView: 	at android.view.ViewRootImpl.performTraversals(ViewRootImpl.java:3407)
06-08 15:41:56.336 16257 16257 E GeckoView: 	at android.view.ViewRootImpl.doTraversal(ViewRootImpl.java:2305)
06-08 15:41:56.336 16257 16257 E GeckoView: 	at android.view.ViewRootImpl$TraversalRunnable.run(ViewRootImpl.java:9133)
06-08 15:41:56.336 16257 16257 E GeckoView: 	at android.view.Choreographer$CallbackRecord.run(Choreographer.java:1232)
06-08 15:41:56.336 16257 16257 E GeckoView: 	at android.view.Choreographer.doCallbacks(Choreographer.java:1029)
06-08 15:41:56.336 16257 16257 E GeckoView: 	at android.view.Choreographer.doFrame(Choreographer.java:934)
06-08 15:41:56.336 16257 16257 E GeckoView: 	at android.view.Choreographer$FrameDisplayEventReceiver.run(Choreographer.java:1217)
06-08 15:41:56.336 16257 16257 E GeckoView: 	at android.os.Handler.handleCallback(Handler.java:938)
06-08 15:41:56.336 16257 16257 E GeckoView: 	at android.os.Handler.dispatchMessage(Handler.java:99)
06-08 15:41:56.336 16257 16257 E GeckoView: 	at android.os.Looper.loopOnce(Looper.java:233)
06-08 15:41:56.336 16257 16257 E GeckoView: 	at android.os.Looper.loop(Looper.java:344)
06-08 15:41:56.336 16257 16257 E GeckoView: 	at android.app.ActivityThread.main(ActivityThread.java:8212)
06-08 15:41:56.336 16257 16257 E GeckoView: 	at java.lang.reflect.Method.invoke(Native Method)
06-08 15:41:56.336 16257 16257 E GeckoView: 	at com.android.internal.os.RuntimeInit$MethodAndArgsCaller.run(RuntimeInit.java:584)
06-08 15:41:56.336 16257 16257 E GeckoView: 	at com.android.internal.os.ZygoteInit.main(ZygoteInit.java:1034)
06-08 15:41:56.390 18161 18161 E ey.keyboard:gp: Unknown bits set in runtime_flags: 0x40000000
06-08 15:41:56.402 16257 16257 I VkBrowser: → load host=www.espn.com
06-08 15:41:56.476 18161 18180 E GeckoLibLoad: Load sqlite start
06-08 15:41:56.477 18161 18180 E GeckoLibLoad: Load sqlite done
06-08 15:41:56.477 18161 18180 E GeckoLibLoad: Load nss start
06-08 15:41:56.477 18161 18180 E GeckoLibLoad: Load nss done
06-08 15:41:56.487 18161 18180 E GeckoLibLoad: Loaded libs in 9.956979ms total, 0ms(0ms) user, 5ms(9ms) system, 0(0) faults
06-08 15:41:56.488 18161 18180 W GeckoThread: zerdatime 624559349 - runGecko
06-08 15:41:56.541 18161 18204 W AudioCapabilities: Unsupported mime audio/ffmpeg
06-08 15:41:56.541 18161 18204 W VideoCapabilities: Unsupported mime video/ffmpeg
06-08 15:41:56.542 18161 18204 W VideoCapabilities: Unrecognized profile/level 0/3 for video/mpeg2
06-08 15:41:56.542 18161 18204 W VideoCapabilities: Unrecognized profile/level 0/3 for video/mpeg2
06-08 15:41:56.565 16475 16534 E GeckoLibLoad: Load sqlite start
06-08 15:41:56.566 16475 16534 E GeckoLibLoad: Load sqlite done
06-08 15:41:56.566 16475 16534 E GeckoLibLoad: Load nss start
06-08 15:41:56.566 16475 16534 E GeckoLibLoad: Load nss done
06-08 15:41:56.576 16475 16534 E GeckoLibLoad: Loaded libs in 9.559896ms total, 0ms(0ms) user, 4ms(8ms) system, 0(0) faults
06-08 15:41:56.576 16475 16534 W GeckoThread: zerdatime 624559437 - runGecko
06-08 15:41:56.589 18161 18176 E ey.keyboard:gp: ofbOpen failed with error=No such file or directory
06-08 15:41:56.589 18161 18176 E ey.keyboard:gp: sysOpen failed with error=No such file or directory
06-08 15:41:56.677 16257 17562 E BLASTBufferQueue: BLASTBufferItemConsumer::onDisconnect()
06-08 15:41:56.681 16257 16257 I VkBrowser: ✓ page host=www.rt.com
06-08 15:41:56.694 16257 16431 W GeckoConsole: [JavaScript Warning: "Missing resource in locale pt-BR: netwerk/necko.ftl"]
06-08 15:41:56.695 16257 16431 W GeckoConsole: [JavaScript Warning: "Missing resource in locale pt-PT: netwerk/necko.ftl"]
06-08 15:41:56.773 18277 18277 E .keyboard:tab2: Unknown bits set in runtime_flags: 0x40000000
06-08 15:41:56.840 18277 18296 E GeckoLibLoad: Load sqlite start
06-08 15:41:56.841 18277 18296 E GeckoLibLoad: Load sqlite done
06-08 15:41:56.841 18277 18296 E GeckoLibLoad: Load nss start
06-08 15:41:56.841 18277 18296 E GeckoLibLoad: Load nss done
06-08 15:41:56.851 18277 18296 E GeckoLibLoad: Loaded libs in 9.230625ms total, 5ms(8ms) user, 1ms(0ms) system, 0(0) faults
06-08 15:41:56.851 18277 18296 W GeckoThread: zerdatime 624559712 - runGecko
06-08 15:41:56.946 18277 18296 W GeckoEditableChild: No editable parent
06-08 15:41:56.948 18277 18296 W Isolated Web Content: [JavaScript Warning: "Missing resource in locale pt-BR: netwerk/necko.ftl"]
06-08 15:41:56.948 18277 18296 W Isolated Web Content: [JavaScript Warning: "Missing resource in locale pt-PT: netwerk/necko.ftl"]
06-08 15:41:57.263 16257 16257 W com.vibekey.keyboard: type=1400 audit(0.0:279026): avc: denied { nlmsg_readpriv } for comm=536F636B657420546872656164 scontext=u:r:untrusted_app:s0:c173,c271,c512,c768 tcontext=u:r:untrusted_app:s0:c173,c271,c512,c768 tclass=netlink_route_socket permissive=0 bug=b/155595000 app=com.vibekey.keyboard
06-08 15:41:57.349 18277 18296 E Isolated Web Content: [JavaScript Error: "Cookie “__cheq_tld_1780947717349” has been rejected for invalid domain." {file: "https://www.espn.com/" line: 0}]
06-08 15:41:57.414 18277 18296 W AudioCapabilities: Unsupported mime audio/ffmpeg
06-08 15:41:57.414 18277 18296 W VideoCapabilities: Unsupported mime video/ffmpeg
06-08 15:41:57.415 18277 18296 W VideoCapabilities: Unrecognized profile/level 0/3 for video/mpeg2
06-08 15:41:57.415 18277 18296 W VideoCapabilities: Unrecognized profile/level 0/3 for video/mpeg2
06-08 15:41:57.443 16257 16257 W com.vibekey.keyboard: type=1400 audit(0.0:279027): avc: denied { nlmsg_readpriv } for comm=536F636B657420546872656164 scontext=u:r:untrusted_app:s0:c173,c271,c512,c768 tcontext=u:r:untrusted_app:s0:c173,c271,c512,c768 tclass=netlink_route_socket permissive=0 bug=b/155595000 app=com.vibekey.keyboard
06-08 15:41:57.452 18401 18401 E eyboard:utilit: Unknown bits set in runtime_flags: 0x40000000
06-08 15:41:57.523 18401 18418 E GeckoLibLoad: Load sqlite start
06-08 15:41:57.524 18401 18418 E GeckoLibLoad: Load sqlite done
06-08 15:41:57.524 18401 18418 E GeckoLibLoad: Load nss start
06-08 15:41:57.524 18401 18418 E GeckoLibLoad: Load nss done
06-08 15:41:57.533 18401 18418 E GeckoLibLoad: Loaded libs in 9.152188ms total, 3ms(0ms) user, 6ms(8ms) system, 0(0) faults
06-08 15:41:57.534 18401 18418 W GeckoThread: zerdatime 624560395 - runGecko
06-08 15:41:57.566 18401 18418 W AudioCapabilities: Unsupported mime audio/ffmpeg
06-08 15:41:57.567 18401 18418 W VideoCapabilities: Unsupported mime video/ffmpeg
06-08 15:41:57.569 18401 18418 W VideoCapabilities: Unrecognized profile/level 0/3 for video/mpeg2
06-08 15:41:57.569 18401 18418 W VideoCapabilities: Unrecognized profile/level 0/3 for video/mpeg2
06-08 15:41:57.626 16257 16270 E BLASTBufferQueue: BLASTBufferItemConsumer::onDisconnect()
06-08 15:41:57.636 18428 18428 E .keyboard:tab3: Unknown bits set in runtime_flags: 0x40000000
06-08 15:41:57.766 18428 18461 E GeckoLibLoad: Load sqlite start
06-08 15:41:57.768 18428 18461 E GeckoLibLoad: Load sqlite done
06-08 15:41:57.768 18428 18461 E GeckoLibLoad: Load nss start
06-08 15:41:57.768 18428 18461 E GeckoLibLoad: Load nss done
06-08 15:41:57.789 18428 18461 E GeckoLibLoad: Loaded libs in 20.285157ms total, 0ms(0ms) user, 18ms(19ms) system, 0(0) faults
06-08 15:41:57.789 18428 18461 W GeckoThread: zerdatime 624560650 - runGecko
06-08 15:41:58.002 16257 16257 I VkBrowser: ✓ page host=www.espn.com title=ESPN - Serving Sports Fans. Anytime. Any…
06-08 15:41:59.195 18543 18543 E .keyboard:tab1: Unknown bits set in runtime_flags: 0x40000000
06-08 15:41:59.280 18543 18570 E GeckoLibLoad: Load sqlite start
06-08 15:41:59.281 18543 18570 E GeckoLibLoad: Load sqlite done
06-08 15:41:59.282 18543 18570 E GeckoLibLoad: Load nss start
06-08 15:41:59.282 18543 18570 E GeckoLibLoad: Load nss done
06-08 15:41:59.303 18543 18570 E GeckoLibLoad: Loaded libs in 21.205730ms total, 8ms(7ms) user, 5ms(6ms) system, 3(3) faults
06-08 15:41:59.303 18543 18570 W GeckoThread: zerdatime 624562164 - runGecko
06-08 15:41:59.674 18606 18606 E .keyboard:tab3: Unknown bits set in runtime_flags: 0x40000000
06-08 15:41:59.770 18606 18635 E GeckoLibLoad: Load sqlite start
06-08 15:41:59.771 18606 18635 E GeckoLibLoad: Load sqlite done
06-08 15:41:59.771 18606 18635 E GeckoLibLoad: Load nss start
06-08 15:41:59.771 18606 18635 E GeckoLibLoad: Load nss done
06-08 15:41:59.787 18606 18635 E GeckoLibLoad: Loaded libs in 15.883021ms total, 3ms(0ms) user, 7ms(10ms) system, 0(0) faults
06-08 15:41:59.787 18606 18635 W GeckoThread: zerdatime 624562648 - runGecko
06-08 15:42:00.420 18701 18701 E y.keyboard:tab: Unknown bits set in runtime_flags: 0x40000000
06-08 15:42:00.489 18701 18721 E GeckoLibLoad: Load sqlite start
06-08 15:42:00.490 18701 18721 E GeckoLibLoad: Load sqlite done
06-08 15:42:00.490 18701 18721 E GeckoLibLoad: Load nss start
06-08 15:42:00.490 18701 18721 E GeckoLibLoad: Load nss done
06-08 15:42:00.500 18701 18721 E GeckoLibLoad: Loaded libs in 9.848021ms total, 6ms(9ms) user, 2ms(0ms) system, 0(0) faults
06-08 15:42:00.500 18701 18721 W GeckoThread: zerdatime 624563361 - runGecko
06-08 15:42:01.383 16257 18574 E BLASTBufferQueue: BLASTBufferItemConsumer::onDisconnect()
06-08 15:42:01.384 16257 16431 E GeckoConsole: [JavaScript Error: "TypeError: can't access property "WindowEventDispatcher", win is null" {file: "resource://gre/modules/GeckoViewSessionStore.sys.mjs" line: 149}]
06-08 15:42:01.384 16257 16431 E GeckoConsole: onTabStateUpdate@resource://gre/modules/GeckoViewSessionStore.sys.mjs:149:5
06-08 15:42:01.384 16257 16431 E GeckoConsole: updateSessionStoreFromTabListener@resource://gre/modules/GeckoViewSessionStore.sys.mjs:243:10
06-08 15:42:01.385 16257 16257 E GeckoView: Failed to detach WindowInsetsListener: 
06-08 15:42:01.385 16257 16257 E GeckoView: 	at org.mozilla.geckoview.GeckoView.detachWindowInsetsListener(r8-map-id-75fdc73b9908c7db1a4f97e15e2652cdecccafcfa6b243134b9380a1e70c9760:1)
06-08 15:42:01.385 16257 16257 E GeckoView: 	at org.mozilla.geckoview.GeckoView.onDetachedFromWindow(r8-map-id-75fdc73b9908c7db1a4f97e15e2652cdecccafcfa6b243134b9380a1e70c9760:25)
06-08 15:42:01.385 16257 16257 E GeckoView: 	at helium314.keyboard.latin.panels.ImeGeckoView.onDetachedFromWindow(r8-map-id-75fdc73b9908c7db1a4f97e15e2652cdecccafcfa6b243134b9380a1e70c9760:1)
06-08 15:42:01.385 16257 16257 E GeckoView: 	at android.view.View.dispatchDetachedFromWindow(View.java:20955)
06-08 15:42:01.385 16257 16257 E GeckoView: 	at android.view.ViewGroup.dispatchDetachedFromWindow(ViewGroup.java:4014)
06-08 15:42:01.385 16257 16257 E GeckoView: 	at android.view.ViewGroup.removeViewInternal(ViewGroup.java:5660)
06-08 15:42:01.385 16257 16257 E GeckoView: 	at android.view.ViewGroup.removeViewInternal(ViewGroup.java:5631)
06-08 15:42:01.385 16257 16257 E GeckoView: 	at android.view.ViewGroup.removeView(ViewGroup.java:5562)
06-08 15:42:01.385 16257 16257 E GeckoView: 	at a8.t0.run(r8-map-id-75fdc73b9908c7db1a4f97e15e2652cdecccafcfa6b243134b9380a1e70c9760:1239)
06-08 15:42:01.385 16257 16257 E GeckoView: 	at helium314.keyboard.latin.panels.BrowserPanelView.R(r8-map-id-75fdc73b9908c7db1a4f97e15e2652cdecccafcfa6b243134b9380a1e70c9760:151)
06-08 15:42:01.385 16257 16257 E GeckoView: 	at helium314.keyboard.latin.panels.BrowserPanelView.I0(r8-map-id-75fdc73b9908c7db1a4f97e15e2652cdecccafcfa6b243134b9380a1e70c9760:73)
06-08 15:42:01.385 16257 16257 E GeckoView: 	at i7.b0.s(r8-map-id-75fdc73b9908c7db1a4f97e15e2652cdecccafcfa6b243134b9380a1e70c9760:149)
06-08 15:42:01.385 16257 16257 E GeckoView: 	at i7.b0.V(r8-map-id-75fdc73b9908c7db1a4f97e15e2652cdecccafcfa6b243134b9380a1e70c9760:17)
06-08 15:42:01.385 16257 16257 E GeckoView: 	at a8.i5.a(r8-map-id-75fdc73b9908c7db1a4f97e15e2652cdecccafcfa6b243134b9380a1e70c9760:3)
06-08 15:42:01.385 16257 16257 E GeckoView: 	at a8.g3.onClick(r8-map-id-75fdc73b9908c7db1a4f97e15e2652cdecccafcfa6b243134b9380a1e70c9760:207)
06-08 15:42:01.385 16257 16257 E GeckoView: 	at android.view.View.performClick(View.java:7488)
06-08 15:42:01.385 16257 16257 E GeckoView: 	at android.view.View.performClickInternal(View.java:7464)
06-08 15:42:01.385 16257 16257 E GeckoView: 	at android.view.View.access$3700(View.java:841)
06-08 15:42:01.385 16257 16257 E GeckoView: 	at android.view.View$PerformClick.run(View.java:28911)
06-08 15:42:01.385 16257 16257 E GeckoView: 	at android.os.Handler.handleCallback(Handler.java:938)
06-08 15:42:01.385 16257 16257 E GeckoView: 	at android.os.Handler.dispatchMessage(Handler.java:99)
06-08 15:42:01.385 16257 16257 E GeckoView: 	at android.os.Looper.loopOnce(Looper.java:233)
06-08 15:42:01.385 16257 16257 E GeckoView: 	at android.os.Looper.loop(Looper.java:344)
06-08 15:42:01.385 16257 16257 E GeckoView: 	at android.app.ActivityThread.main(ActivityThread.java:8212)
06-08 15:42:01.385 16257 16257 E GeckoView: 	at java.lang.reflect.Method.invoke(Native Method)
06-08 15:42:01.385 16257 16257 E GeckoView: 	at com.android.internal.os.RuntimeInit$MethodAndArgsCaller.run(RuntimeInit.java:584)
06-08 15:42:01.385 16257 16257 E GeckoView: 	at com.android.internal.os.ZygoteInit.main(ZygoteInit.java:1034)
06-08 15:42:01.417 16257 16257 W GeckoSession: No history entries found.
06-08 15:42:02.645 16257 16257 I SpaceAssistPopup: ○ send ready=false outChars=0
06-08 15:42:02.646 16257 16257 I VkPanels: ▶ open browser
06-08 15:42:02.656 16257 16257 I VkBrowser: ▶ panel open incognito=false tabs=4 queryLen=0
06-08 15:42:02.658 16257 16257 E GeckoView: Failed to attach WindowInsetsListener: 
06-08 15:42:02.658 16257 16257 E GeckoView: 	at org.mozilla.geckoview.GeckoView.attachWindowInsetsListener(r8-map-id-75fdc73b9908c7db1a4f97e15e2652cdecccafcfa6b243134b9380a1e70c9760:1)
06-08 15:42:02.658 16257 16257 E GeckoView: 	at org.mozilla.geckoview.GeckoView.onAttachedToWindow(r8-map-id-75fdc73b9908c7db1a4f97e15e2652cdecccafcfa6b243134b9380a1e70c9760:49)
06-08 15:42:02.658 16257 16257 E GeckoView: 	at helium314.keyboard.latin.panels.ImeGeckoView.onAttachedToWindow(r8-map-id-75fdc73b9908c7db1a4f97e15e2652cdecccafcfa6b243134b9380a1e70c9760:4)
06-08 15:42:02.658 16257 16257 E GeckoView: 	at android.view.View.dispatchAttachedToWindow(View.java:20900)
06-08 15:42:02.658 16257 16257 E GeckoView: 	at android.view.ViewGroup.dispatchAttachedToWindow(ViewGroup.java:3539)
