--------- beginning of crash
06-04 16:06:02.697  4396  4725 F libc    : Fatal signal 11 (SIGSEGV), code 1 (SEGV_MAPERR), fault addr 0x6600000061 in tid 4725 (ExecutorUtils), pid 4396 (AndroidUI)
06-04 16:06:04.224 13696 13696 F DEBUG   : Process name is com.vibekey.keyboard, not key_process
06-04 16:06:04.224 13696 13696 F DEBUG   : keyProcess: 0
06-04 16:06:04.224 13696 13696 F DEBUG   : *** *** *** *** *** *** *** *** *** *** *** *** *** *** *** ***
06-04 16:06:04.224 13696 13696 F DEBUG   : Build fingerprint: 'OnePlus/OnePlus7Pro/OnePlus7Pro:12/SKQ1.211113.001/P.202303230244:user/release-keys'
06-04 16:06:04.224 13696 13696 F DEBUG   : Revision: '0'
06-04 16:06:04.224 13696 13696 F DEBUG   : ABI: 'arm64'
06-04 16:06:04.224 13696 13696 F DEBUG   : Timestamp: 2026-06-04 16:06:03.010897736-0400
06-04 16:06:04.224 13696 13696 F DEBUG   : Process uptime: 0s
06-04 16:06:04.224 13696 13696 F DEBUG   : Cmdline: com.vibekey.keyboard
06-04 16:06:04.224 13696 13696 F DEBUG   : pid: 4396, tid: 4725, name: ExecutorUtils  >>> com.vibekey.keyboard <<<
06-04 16:06:04.224 13696 13696 F DEBUG   : uid: 13927
06-04 16:06:04.224 13696 13696 F DEBUG   : signal 11 (SIGSEGV), code 1 (SEGV_MAPERR), fault addr 0x6600000061
06-04 16:06:04.224 13696 13696 F DEBUG   :     x0  0000000000000000  x1  0000000000001275  x2  000000000000000b  x3  000000767e67dda0
06-04 16:06:04.224 13696 13696 F DEBUG   :     x4  0000007694d1c400  x5  0000007694d1c400  x6  0000007694d1c400  x7  0000000000000000
06-04 16:06:04.224 13696 13696 F DEBUG   :     x8  00000000000000f0  x9  db746b027190efc7  x10 0000007696b4068c  x11 0000000000000000
06-04 16:06:04.224 13696 13696 F DEBUG   :     x12 00000000ffffffff  x13 0000000000000000  x14 0000000000000000  x15 00000000ebad6a89
06-04 16:06:04.224 13696 13696 F DEBUG   :     x16 000000757ca4b410  x17 00000076790b8f10  x18 000000751e086000  x19 000000000000000b
06-04 16:06:04.224 13696 13696 F DEBUG   :     x20 000000767e67dda0  x21 000000000000112c  x22 000000767e67db90  x23 0000000000000001
06-04 16:06:04.224 13696 13696 F DEBUG   :     x24 00000075cb524d5c  x25 0000007523ffc000  x26 0000007694d1d698  x27 0000007694d1c408
06-04 16:06:04.224 13696 13696 F DEBUG   :     x28 0000000000000400  x29 000000767e67dbb0
06-04 16:06:04.224 13696 13696 F DEBUG   :     lr  0000007576c73da0  sp  000000767e67db90  pc  00000076790b8f34  pst 0000000000000000
06-04 16:06:04.224 13696 13696 F DEBUG   : backtrace:
06-04 16:06:04.224 13696 13696 F DEBUG   :       #00 pc 0000000000075f34  /apex/com.android.runtime/lib64/bionic/libc.so (syscall+36) (BuildId: bbbdeb7c87c74f1491f92c6e605095b0)
06-04 16:06:04.224 13696 13696 F DEBUG   :       #01 pc 0000000004062d9c  /data/app/~~0vURfNRJhP5qOxDjXMAdJA==/com.google.android.webview-1jICq8A_gawMkQD3QY60ZA==/base.apk!libwebviewchromium.so (BuildId: 6830cf8493d489d274dd2200dc390799760c2507)
06-04 16:06:04.224 13696 13696 F DEBUG   :       #02 pc 0000000004059518  /data/app/~~0vURfNRJhP5qOxDjXMAdJA==/com.google.android.webview-1jICq8A_gawMkQD3QY60ZA==/base.apk!libwebviewchromium.so (BuildId: 6830cf8493d489d274dd2200dc390799760c2507)
06-04 16:06:04.224 13696 13696 F DEBUG   :       #03 pc 000000000729d1dc  /data/app/~~HC7ptBQxA53HdhOtjfVMVw==/com.vibekey.keyboard-KidgbalX38LtuyecKGXaBQ==/lib/arm64/libxul.so (BuildId: 4a35ccb91ce54a7d8afe95f435ee2ee2cc640e58)
06-04 16:06:04.224 13696 13696 F DEBUG   :       #04 pc 0000000007721500  /data/app/~~HC7ptBQxA53HdhOtjfVMVw==/com.vibekey.keyboard-KidgbalX38LtuyecKGXaBQ==/lib/arm64/libxul.so (BuildId: 4a35ccb91ce54a7d8afe95f435ee2ee2cc640e58)
06-04 16:06:04.224 13696 13696 F DEBUG   :       #05 pc 0000000000006f94  /apex/com.android.art/lib64/libsigchain.so (art::SignalChain::Handler(int, siginfo*, void*)+1148) (BuildId: 1d71636c1517ecf3fa421563ba6710f3)
06-04 16:06:04.224 13696 13696 F DEBUG   :       #06 pc 0000000000000638  [vdso] (__kernel_rt_sigreturn+0)
06-04 16:06:04.224 13696 13696 F DEBUG   :       #07 pc 00000000000a3d58  /data/app/~~HC7ptBQxA53HdhOtjfVMVw==/com.vibekey.keyboard-KidgbalX38LtuyecKGXaBQ==/lib/arm64/libjni_latinime.so (BuildId: f905dbd1a904967a994cf833116e517b05caa863)
06-04 16:06:04.224 13696 13696 F DEBUG   :       #08 pc 00000000002c2100  /apex/com.android.art/lib64/libart.so (art_quick_generic_jni_trampoline+144) (BuildId: 7087b2f2160bfbf3335d54ba9779e325)
06-04 16:06:04.224 13696 13696 F DEBUG   :       #09 pc 0000000000668b6c  /apex/com.android.art/lib64/libart.so (nterp_helper+1948) (BuildId: 7087b2f2160bfbf3335d54ba9779e325)
06-04 16:06:04.224 13696 13696 F DEBUG   :       #10 pc 0000000000229004  /data/app/~~HC7ptBQxA53HdhOtjfVMVw==/com.vibekey.keyboard-KidgbalX38LtuyecKGXaBQ==/oat/arm64/base.vdex (com.android.inputmethod.latin.DicTraverseSession.a+16)
06-04 16:06:04.224 13696 13696 F DEBUG   :       #11 pc 0000000000669324  /apex/com.android.art/lib64/libart.so (nterp_helper+3924) (BuildId: 7087b2f2160bfbf3335d54ba9779e325)
06-04 16:06:04.224 13696 13696 F DEBUG   :       #12 pc 0000000000228ba0  /data/app/~~HC7ptBQxA53HdhOtjfVMVw==/com.vibekey.keyboard-KidgbalX38LtuyecKGXaBQ==/oat/arm64/base.vdex (com.android.inputmethod.latin.BinaryDictionary.a+44)
06-04 16:06:04.224 13696 13696 F DEBUG   :       #13 pc 0000000000669324  /apex/com.android.art/lib64/libart.so (nterp_helper+3924) (BuildId: 7087b2f2160bfbf3335d54ba9779e325)
06-04 16:06:04.224 13696 13696 F DEBUG   :       #14 pc 0000000000228ccc  /data/app/~~HC7ptBQxA53HdhOtjfVMVw==/com.vibekey.keyboard-KidgbalX38LtuyecKGXaBQ==/oat/arm64/base.vdex (com.android.inputmethod.latin.BinaryDictionary.l+44)
06-04 16:06:04.224 13696 13696 F DEBUG   :       #15 pc 0000000000669324  /apex/com.android.art/lib64/libart.so (nterp_helper+3924) (BuildId: 7087b2f2160bfbf3335d54ba9779e325)
06-04 16:06:04.224 13696 13696 F DEBUG   :       #16 pc 0000000000ae625a  /data/app/~~HC7ptBQxA53HdhOtjfVMVw==/com.vibekey.keyboard-KidgbalX38LtuyecKGXaBQ==/oat/arm64/base.vdex (v7.g.run+238)
06-04 16:06:04.224 13696 13696 F DEBUG   :       #17 pc 000000000066a144  /apex/com.android.art/lib64/libart.so (nterp_helper+7540) (BuildId: 7087b2f2160bfbf3335d54ba9779e325)
06-04 16:06:04.224 13696 13696 F DEBUG   :       #18 pc 00000000009395b4  /data/app/~~HC7ptBQxA53HdhOtjfVMVw==/com.vibekey.keyboard-KidgbalX38LtuyecKGXaBQ==/oat/arm64/base.vdex (a8.y0.run+272)
06-04 16:06:04.224 13696 13696 F DEBUG   :       #19 pc 00000000022d2950  /memfd:jit-zygote-cache (deleted)
06-04 16:06:05.397  4503  4521 E AndroidRuntime: FATAL EXCEPTION: DefaultDispatcher-worker-1
06-04 16:06:05.397  4503  4521 E AndroidRuntime: Process: com.vibekey.keyboard:llm_engine, PID: 4503
06-04 16:06:05.397  4503  4521 E AndroidRuntime: android.os.DeadObjectException
06-04 16:06:05.397  4503  4521 E AndroidRuntime: 	at android.os.BinderProxy.transactNative(Native Method)
06-04 16:06:05.397  4503  4521 E AndroidRuntime: 	at android.os.BinderProxy.transact(BinderProxy.java:635)
06-04 16:06:05.397  4503  4521 E AndroidRuntime: 	at helium314.keyboard.latin.ai.engine.ILlmCallback$Stub$Proxy.onError(r8-map-id-3c4392f98dfec4be85387f1344981c2538cde17caaa7e93a15a96452970f2255:18)
06-04 16:06:05.397  4503  4521 E AndroidRuntime: 	at helium314.keyboard.latin.ai.engine.LlmEngineService$binder$1$warmLoad$1.invokeSuspend(r8-map-id-3c4392f98dfec4be85387f1344981c2538cde17caaa7e93a15a96452970f2255:70)
06-04 16:06:05.397  4503  4521 E AndroidRuntime: 	at v8.a.resumeWith(r8-map-id-3c4392f98dfec4be85387f1344981c2538cde17caaa7e93a15a96452970f2255:9)
06-04 16:06:05.397  4503  4521 E AndroidRuntime: 	at o9.h0.run(r8-map-id-3c4392f98dfec4be85387f1344981c2538cde17caaa7e93a15a96452970f2255:107)
06-04 16:06:05.397  4503  4521 E AndroidRuntime: 	at v9.a.run(r8-map-id-3c4392f98dfec4be85387f1344981c2538cde17caaa7e93a15a96452970f2255:118)
06-04 16:06:05.397  4503  4521 E AndroidRuntime: 	Suppressed: t9.f: [p1{Cancelling}@a2dbde9, Dispatchers.Default]
--------- beginning of system
06-04 16:08:28.825 13728 16190 E ActivityThread: Failed to find provider info for com.oplus.statistics.provider
06-04 16:08:28.825 13728 16190 E OplusStatistics--: IllegalArgumentException:java.lang.IllegalArgumentException: Unknown URL content://com.oplus.statistics.provider/track_event
06-04 16:08:40.474 13728 16190 E ActivityThread: Failed to find provider info for com.oplus.statistics.provider
06-04 16:08:40.474 13728 16190 E OplusStatistics--: IllegalArgumentException:java.lang.IllegalArgumentException: Unknown URL content://com.oplus.statistics.provider/track_event
06-04 16:13:03.224 13728 16190 E ActivityThread: Failed to find provider info for com.oplus.statistics.provider
06-04 16:13:03.224 13728 16190 E OplusStatistics--: IllegalArgumentException:java.lang.IllegalArgumentException: Unknown URL content://com.oplus.statistics.provider/track_event
06-04 16:15:37.165 13728 16190 E ActivityThread: Failed to find provider info for com.oplus.statistics.provider
06-04 16:15:37.166 13728 16190 E OplusStatistics--: IllegalArgumentException:java.lang.IllegalArgumentException: Unknown URL content://com.oplus.statistics.provider/track_event
06-04 16:15:47.228 13728 16190 E ActivityThread: Failed to find provider info for com.oplus.statistics.provider
06-04 16:15:47.228 13728 16190 E OplusStatistics--: IllegalArgumentException:java.lang.IllegalArgumentException: Unknown URL content://com.oplus.statistics.provider/track_event
06-04 16:16:13.167 13728 16190 E ActivityThread: Failed to find provider info for com.oplus.statistics.provider
06-04 16:16:13.167 13728 16190 E OplusStatistics--: IllegalArgumentException:java.lang.IllegalArgumentException: Unknown URL content://com.oplus.statistics.provider/track_event
06-04 16:16:55.203 13728 16190 E ActivityThread: Failed to find provider info for com.oplus.statistics.provider
06-04 16:16:55.203 13728 16190 E OplusStatistics--: IllegalArgumentException:java.lang.IllegalArgumentException: Unknown URL content://com.oplus.statistics.provider/track_event
--------- beginning of main
06-04 16:18:14.802 13728 13728 W View    : requestLayout() improperly called by helium314.keyboard.latin.panels.BrowserPanelView{69b8168 V.E...... ........ 0,0-1440,2040} during second layout pass: posting in next frame
06-04 16:18:14.812 13728 13728 W View    : requestLayout() improperly called by helium314.keyboard.latin.panels.BrowserPanelView{69b8168 V.E...... ......I. 0,0-1440,2040} during layout: running second layout pass
06-04 16:18:14.820 13728 13728 W View    : requestLayout() improperly called by helium314.keyboard.latin.panels.BrowserPanelView{69b8168 V.E...... ........ 0,0-1440,2040} during second layout pass: posting in next frame
06-04 16:18:14.830 13728 13728 W View    : requestLayout() improperly called by helium314.keyboard.latin.panels.BrowserPanelView{69b8168 V.E...... ......I. 0,0-1440,2040} during layout: running second layout pass
06-04 16:18:14.833 13728 13728 W View    : requestLayout() improperly called by helium314.keyboard.latin.panels.BrowserPanelView{69b8168 V.E...... ........ 0,0-1440,2040} during second layout pass: posting in next frame
06-04 16:18:14.847 13728 13728 W View    : requestLayout() improperly called by helium314.keyboard.latin.panels.BrowserPanelView{69b8168 V.E...... ......I. 0,0-1440,2040} during layout: running second layout pass
06-04 16:18:14.851 13728 13728 W View    : requestLayout() improperly called by helium314.keyboard.latin.panels.BrowserPanelView{69b8168 V.E...... ........ 0,0-1440,2040} during second layout pass: posting in next frame
06-04 16:18:14.860 19193 19326 W libc    : Access denied finding property "vendor.oplus.media.vpp.stutter"
06-04 16:18:14.861 19193 19326 E MULTIMEDIAConfig: [getInt32:L80] Not find config, Returning default
06-04 16:18:14.861 19193 19326 E MULTIMEDIAConfig: [getInt32:L80] Not find config, Returning default
06-04 16:18:14.861 19193 19326 E OplusACodec: [OplusACodec:204] mSrOsieMMListCheckResult:0x0 mOsieVersion:1
06-04 16:18:14.862 13728 13728 W View    : requestLayout() improperly called by helium314.keyboard.latin.panels.BrowserPanelView{69b8168 V.E...... ......I. 0,0-1440,2040} during layout: running second layout pass
06-04 16:18:14.867 13728 13728 W View    : requestLayout() improperly called by helium314.keyboard.latin.panels.BrowserPanelView{69b8168 V.E...... ........ 0,0-1440,2040} during second layout pass: posting in next frame
06-04 16:18:14.884 13728 13728 W View    : requestLayout() improperly called by helium314.keyboard.latin.panels.BrowserPanelView{69b8168 V.E...... ......I. 0,0-1440,2040} during layout: running second layout pass
06-04 16:18:14.892 13728 13728 W View    : requestLayout() improperly called by helium314.keyboard.latin.panels.BrowserPanelView{69b8168 V.E...... ........ 0,0-1440,2040} during second layout pass: posting in next frame
06-04 16:18:14.899 13728 13728 W View    : requestLayout() improperly called by helium314.keyboard.latin.panels.BrowserPanelView{69b8168 V.E...... ......I. 0,0-1440,2040} during layout: running second layout pass
06-04 16:18:14.903 13728 13728 W View    : requestLayout() improperly called by helium314.keyboard.latin.panels.BrowserPanelView{69b8168 V.E...... ........ 0,0-1440,2040} during second layout pass: posting in next frame
06-04 16:18:14.913 13728 13728 W View    : requestLayout() improperly called by helium314.keyboard.latin.panels.BrowserPanelView{69b8168 V.E...... ......I. 0,0-1440,2040} during layout: running second layout pass
06-04 16:18:14.916 19193 25418 E OplusACodec: [GetVideoCodingTypeFromMime:L1162] mime:video/avc
06-04 16:18:14.917 13728 13728 W View    : requestLayout() improperly called by helium314.keyboard.latin.panels.BrowserPanelView{69b8168 V.E...... ........ 0,0-1440,2040} during second layout pass: posting in next frame
06-04 16:18:14.930 13728 13728 W View    : requestLayout() improperly called by helium314.keyboard.latin.panels.BrowserPanelView{69b8168 V.E...... ......I. 0,0-1440,2040} during layout: running second layout pass
06-04 16:18:14.938 13728 13728 W View    : requestLayout() improperly called by helium314.keyboard.latin.panels.BrowserPanelView{69b8168 V.E...... ........ 0,0-1440,2040} during second layout pass: posting in next frame
06-04 16:18:14.952 13728 13728 W View    : requestLayout() improperly called by helium314.keyboard.latin.panels.BrowserPanelView{69b8168 V.E...... ......I. 0,0-1440,2040} during layout: running second layout pass
06-04 16:18:14.946 13728 13728 W com.vibekey.keyboard: type=1400 audit(0.0:126972): avc: denied { nlmsg_readpriv } for comm=536F636B657420546872656164 scontext=u:r:untrusted_app:s0:c87,c271,c512,c768 tcontext=u:r:untrusted_app:s0:c87,c271,c512,c768 tclass=netlink_route_socket permissive=0 bug=b/155595000 app=com.vibekey.keyboard
06-04 16:18:14.959 13728 13728 W View    : requestLayout() improperly called by helium314.keyboard.latin.panels.BrowserPanelView{69b8168 V.E...... ........ 0,0-1440,2040} during second layout pass: posting in next frame
06-04 16:18:14.965 13728 13728 W View    : requestLayout() improperly called by helium314.keyboard.latin.panels.BrowserPanelView{69b8168 V.E...... ......I. 0,0-1440,2040} during layout: running second layout pass
06-04 16:18:14.981 13728 13728 W View    : requestLayout() improperly called by helium314.keyboard.latin.panels.BrowserPanelView{69b8168 V.E...... ........ 0,0-1440,2040} during second layout pass: posting in next frame
06-04 16:18:14.994 13728 13728 W View    : requestLayout() improperly called by helium314.keyboard.latin.panels.BrowserPanelView{69b8168 V.E...... ......I. 0,0-1440,2040} during layout: running second layout pass
06-04 16:18:15.005 13728 13728 W View    : requestLayout() improperly called by helium314.keyboard.latin.panels.BrowserPanelView{69b8168 V.E...... ........ 0,0-1440,2040} during second layout pass: posting in next frame
06-04 16:18:15.007 13728 13728 W View    : requestLayout() improperly called by helium314.keyboard.latin.panels.BrowserPanelView{69b8168 V.E...... ......I. 0,0-1440,2040} during layout: running second layout pass
06-04 16:18:15.016 13728 13728 W View    : requestLayout() improperly called by helium314.keyboard.latin.panels.BrowserPanelView{69b8168 V.E...... ........ 0,0-1440,2040} during second layout pass: posting in next frame
06-04 16:18:15.018 13728 13728 W View    : requestLayout() improperly called by helium314.keyboard.latin.panels.BrowserPanelView{69b8168 V.E...... ......I. 0,0-1440,2040} during layout: running second layout pass
06-04 16:18:15.023 13728 13728 W View    : requestLayout() improperly called by helium314.keyboard.latin.panels.BrowserPanelView{69b8168 V.E...... .......D 0,0-1440,2040} during second layout pass: posting in next frame
06-04 16:18:15.031 13728 13728 W View    : requestLayout() improperly called by helium314.keyboard.latin.panels.BrowserPanelView{69b8168 V.E...... ......ID 0,0-1440,2040} during layout: running second layout pass
06-04 16:18:15.037 13728 13728 W View    : requestLayout() improperly called by helium314.keyboard.latin.panels.BrowserPanelView{69b8168 V.E...... ........ 0,0-1440,2040} during second layout pass: posting in next frame
06-04 16:18:15.048 13728 13728 W View    : requestLayout() improperly called by helium314.keyboard.latin.panels.BrowserPanelView{69b8168 V.E...... ......I. 0,0-1440,2040} during layout: running second layout pass
06-04 16:18:15.057 13728 13728 W View    : requestLayout() improperly called by helium314.keyboard.latin.panels.BrowserPanelView{69b8168 V.E...... ........ 0,0-1440,2040} during second layout pass: posting in next frame
06-04 16:18:15.069 13728 13728 W View    : requestLayout() improperly called by helium314.keyboard.latin.panels.BrowserPanelView{69b8168 V.E...... ......I. 0,0-1440,2040} during layout: running second layout pass
06-04 16:18:15.080 13728 13728 W View    : requestLayout() improperly called by helium314.keyboard.latin.panels.BrowserPanelView{69b8168 V.E...... ........ 0,0-1440,2040} during second layout pass: posting in next frame
06-04 16:18:15.083 13728 13728 W View    : requestLayout() improperly called by helium314.keyboard.latin.panels.BrowserPanelView{69b8168 V.E...... ......I. 0,0-1440,2040} during layout: running second layout pass
06-04 16:18:15.088 13728 13728 W View    : requestLayout() improperly called by helium314.keyboard.latin.panels.BrowserPanelView{69b8168 V.E...... ........ 0,0-1440,2040} during second layout pass: posting in next frame
06-04 16:18:15.098 13728 13728 W View    : requestLayout() improperly called by helium314.keyboard.latin.panels.BrowserPanelView{69b8168 V.E...... ......I. 0,0-1440,2040} during layout: running second layout pass
06-04 16:18:15.104 13728 13728 W View    : requestLayout() improperly called by helium314.keyboard.latin.panels.BrowserPanelView{69b8168 V.E...... ........ 0,0-1440,2040} during second layout pass: posting in next frame
06-04 16:18:15.114 13728 13728 W View    : requestLayout() improperly called by helium314.keyboard.latin.panels.BrowserPanelView{69b8168 V.E...... ......I. 0,0-1440,2040} during layout: running second layout pass
06-04 16:18:15.120 13728 13728 W View    : requestLayout() improperly called by helium314.keyboard.latin.panels.BrowserPanelView{69b8168 V.E...... ........ 0,0-1440,2040} during second layout pass: posting in next frame
06-04 16:18:15.130 13728 13728 W View    : requestLayout() improperly called by helium314.keyboard.latin.panels.BrowserPanelView{69b8168 V.E...... ......I. 0,0-1440,2040} during layout: running second layout pass
06-04 16:18:15.133 13728 13728 W View    : requestLayout() improperly called by helium314.keyboard.latin.panels.BrowserPanelView{69b8168 V.E...... ........ 0,0-1440,2040} during second layout pass: posting in next frame
06-04 16:18:15.140 18978 19004 W Isolated Web Content: [JavaScript Warning: "Autoplay is only allowed when approved by the user, the site is activated by the user, or media is muted." {file: "https://www.cnn.com/" line: 0}]
06-04 16:18:15.147 13728 13728 W View    : requestLayout() improperly called by helium314.keyboard.latin.panels.BrowserPanelView{69b8168 V.E...... ......I. 0,0-1440,2040} during layout: running second layout pass
06-04 16:18:15.152 13728 13728 W View    : requestLayout() improperly called by helium314.keyboard.latin.panels.BrowserPanelView{69b8168 V.E...... ........ 0,0-1440,2040} during second layout pass: posting in next frame
06-04 16:18:15.153 19193 25372 W Codec2Client: query -- param skipped: index = 1342179345.
06-04 16:18:15.153 19193 25372 W Codec2Client: query -- param skipped: index = 2415921170.
06-04 16:18:15.153 19193 25372 W Codec2Client: query -- param skipped: index = 1610614798.
06-04 16:18:15.163 13728 13728 W View    : requestLayout() improperly called by helium314.keyboard.latin.panels.BrowserPanelView{69b8168 V.E...... ......I. 0,0-1440,2040} during layout: running second layout pass
06-04 16:18:15.169 13728 13728 W View    : requestLayout() improperly called by helium314.keyboard.latin.panels.BrowserPanelView{69b8168 V.E...... ........ 0,0-1440,2040} during second layout pass: posting in next frame
06-04 16:18:15.181 13728 13728 W View    : requestLayout() improperly called by helium314.keyboard.latin.panels.BrowserPanelView{69b8168 V.E...... ......I. 0,0-1440,2040} during layout: running second layout pass
06-04 16:18:15.185 13728 13728 W View    : requestLayout() improperly called by helium314.keyboard.latin.panels.BrowserPanelView{69b8168 V.E...... ........ 0,0-1440,2040} during second layout pass: posting in next frame
06-04 16:18:15.193 18978 19004 W Isolated Web Content: [JavaScript Warning: "Autoplay is only allowed when approved by the user, the site is activated by the user, or media is muted." {file: "https://www.cnn.com/media/sites/js/bundles/cnn-adfuel-68aea82e3c12aa991ba88c3418167a78a4ba4ae912410f5e81c9e23d1f42677a.min.js" line: 1}]
06-04 16:18:15.197 13728 13728 W View    : requestLayout() improperly called by helium314.keyboard.latin.panels.BrowserPanelView{69b8168 V.E...... ......I. 0,0-1440,2040} during layout: running second layout pass
06-04 16:18:15.201 13728 13728 W View    : requestLayout() improperly called by helium314.keyboard.latin.panels.BrowserPanelView{69b8168 V.E...... ........ 0,0-1440,2040} during second layout pass: posting in next frame
06-04 16:18:15.213 13728 13728 W View    : requestLayout() improperly called by helium314.keyboard.latin.panels.BrowserPanelView{69b8168 V.E...... ......I. 0,0-1440,2040} during layout: running second layout pass
06-04 16:18:15.217 13728 13728 W View    : requestLayout() improperly called by helium314.keyboard.latin.panels.BrowserPanelView{69b8168 V.E...... ........ 0,0-1440,2040} during second layout pass: posting in next frame
06-04 16:18:15.232 13728 13728 W View    : requestLayout() improperly called by helium314.keyboard.latin.panels.BrowserPanelView{69b8168 V.E...... ......I. 0,0-1440,2040} during layout: running second layout pass
06-04 16:18:15.236 13728 13728 W View    : requestLayout() improperly called by helium314.keyboard.latin.panels.BrowserPanelView{69b8168 V.E...... ........ 0,0-1440,2040} during second layout pass: posting in next frame
06-04 16:18:15.246 13728 13728 W View    : requestLayout() improperly called by helium314.keyboard.latin.panels.BrowserPanelView{69b8168 V.E...... ......I. 0,0-1440,2040} during layout: running second layout pass
06-04 16:18:15.250 13728 13728 W View    : requestLayout() improperly called by helium314.keyboard.latin.panels.BrowserPanelView{69b8168 V.E...... ........ 0,0-1440,2040} during second layout pass: posting in next frame
06-04 16:18:15.263 13728 13728 W View    : requestLayout() improperly called by helium314.keyboard.latin.panels.BrowserPanelView{69b8168 V.E...... ......I. 0,0-1440,2040} during layout: running second layout pass
06-04 16:18:15.266 13728 13728 W View    : requestLayout() improperly called by helium314.keyboard.latin.panels.BrowserPanelView{69b8168 V.E...... ........ 0,0-1440,2040} during second layout pass: posting in next frame
06-04 16:18:15.280 13728 13728 W View    : requestLayout() improperly called by helium314.keyboard.latin.panels.BrowserPanelView{69b8168 V.E...... ......I. 0,0-1440,2040} during layout: running second layout pass
06-04 16:18:15.283 13728 13728 W View    : requestLayout() improperly called by helium314.keyboard.latin.panels.BrowserPanelView{69b8168 V.E...... ........ 0,0-1440,2040} during second layout pass: posting in next frame
06-04 16:18:15.296 13728 13728 W View    : requestLayout() improperly called by helium314.keyboard.latin.panels.BrowserPanelView{69b8168 V.E...... ......I. 0,0-1440,2040} during layout: running second layout pass
06-04 16:18:15.299 13728 13728 W View    : requestLayout() improperly called by helium314.keyboard.latin.panels.BrowserPanelView{69b8168 V.E...... ........ 0,0-1440,2040} during second layout pass: posting in next frame
06-04 16:18:15.313 13728 13728 W View    : requestLayout() improperly called by helium314.keyboard.latin.panels.BrowserPanelView{69b8168 V.E...... ......I. 0,0-1440,2040} during layout: running second layout pass
06-04 16:18:15.317 13728 13728 W View    : requestLayout() improperly called by helium314.keyboard.latin.panels.BrowserPanelView{69b8168 V.E...... ........ 0,0-1440,2040} during second layout pass: posting in next frame
06-04 16:18:15.330 13728 13728 W View    : requestLayout() improperly called by helium314.keyboard.latin.panels.BrowserPanelView{69b8168 V.E...... ......I. 0,0-1440,2040} during layout: running second layout pass
06-04 16:18:15.333 13728 13728 W View    : requestLayout() improperly called by helium314.keyboard.latin.panels.BrowserPanelView{69b8168 V.E...... ........ 0,0-1440,2040} during second layout pass: posting in next frame
06-04 16:18:15.348 13728 13728 W View    : requestLayout() improperly called by helium314.keyboard.latin.panels.BrowserPanelView{69b8168 V.E...... ......I. 0,0-1440,2040} during layout: running second layout pass
06-04 16:18:15.352 13728 13728 W View    : requestLayout() improperly called by helium314.keyboard.latin.panels.BrowserPanelView{69b8168 V.E...... ........ 0,0-1440,2040} during second layout pass: posting in next frame
06-04 16:18:15.359 18978 19004 W Isolated Web Content: [JavaScript Warning: "Autoplay is only allowed when approved by the user, the site is activated by the user, or media is muted." {file: "https://www.cnn.com/" line: 0}]
06-04 16:18:15.362 19193 25379 W Codec2Client: query -- param skipped: index = 1342179345.
06-04 16:18:15.362 19193 25379 W Codec2Client: query -- param skipped: index = 2415921170.
06-04 16:18:15.362 19193 25379 W Codec2Client: query -- param skipped: index = 1610614798.
06-04 16:18:15.364 13728 13728 W View    : requestLayout() improperly called by helium314.keyboard.latin.panels.BrowserPanelView{69b8168 V.E...... ......I. 0,0-1440,2040} during layout: running second layout pass
06-04 16:18:15.367 13728 13728 W View    : requestLayout() improperly called by helium314.keyboard.latin.panels.BrowserPanelView{69b8168 V.E...... ........ 0,0-1440,2040} during second layout pass: posting in next frame
06-04 16:18:15.380 13728 13728 W View    : requestLayout() improperly called by helium314.keyboard.latin.panels.BrowserPanelView{69b8168 V.E...... ......I. 0,0-1440,2040} during layout: running second layout pass
06-04 16:18:15.384 13728 13728 W View    : requestLayout() improperly called by helium314.keyboard.latin.panels.BrowserPanelView{69b8168 V.E...... ........ 0,0-1440,2040} during second layout pass: posting in next frame
06-04 16:18:15.386 18978 19004 W Isolated Web Content: [JavaScript Warning: "Autoplay is only allowed when approved by the user, the site is activated by the user, or media is muted." {file: "https://www.cnn.com/" line: 0}]
06-04 16:18:15.397 13728 13728 W View    : requestLayout() improperly called by helium314.keyboard.latin.panels.BrowserPanelView{69b8168 V.E...... ......I. 0,0-1440,2040} during layout: running second layout pass
06-04 16:18:15.401 13728 13728 W View    : requestLayout() improperly called by helium314.keyboard.latin.panels.BrowserPanelView{69b8168 V.E...... ........ 0,0-1440,2040} during second layout pass: posting in next frame
06-04 16:18:15.414 13728 13728 W View    : requestLayout() improperly called by helium314.keyboard.latin.panels.BrowserPanelView{69b8168 V.E...... ......I. 0,0-1440,2040} during layout: running second layout pass
06-04 16:18:15.418 13728 13728 W View    : requestLayout() improperly called by helium314.keyboard.latin.panels.BrowserPanelView{69b8168 V.E...... ........ 0,0-1440,2040} during second layout pass: posting in next frame
06-04 16:18:15.430 13728 13728 W View    : requestLayout() improperly called by helium314.keyboard.latin.panels.BrowserPanelView{69b8168 V.E...... ......I. 0,0-1440,2040} during layout: running second layout pass
06-04 16:18:15.434 13728 13728 W View    : requestLayout() improperly called by helium314.keyboard.latin.panels.BrowserPanelView{69b8168 V.E...... ........ 0,0-1440,2040} during second layout pass: posting in next frame
06-04 16:18:15.447 13728 13728 W View    : requestLayout() improperly called by helium314.keyboard.latin.panels.BrowserPanelView{69b8168 V.E...... ......I. 0,0-1440,2040} during layout: running second layout pass
06-04 16:18:15.451 13728 13728 W View    : requestLayout() improperly called by helium314.keyboard.latin.panels.BrowserPanelView{69b8168 V.E...... ........ 0,0-1440,2040} during second layout pass: posting in next frame
06-04 16:18:15.452 18978 19004 W Isolated Web Content: [JavaScript Warning: "Autoplay is only allowed when approved by the user, the site is activated by the user, or media is muted." {file: "https://www.cnn.com/" line: 0}]
06-04 16:18:15.454 19193 25396 W Codec2Client: query -- param skipped: index = 1342179345.
06-04 16:18:15.454 19193 25396 W Codec2Client: query -- param skipped: index = 2415921170.
06-04 16:18:15.454 19193 25396 W Codec2Client: query -- param skipped: index = 1610614798.
06-04 16:18:15.456 13728 13728 W com.vibekey.keyboard: type=1400 audit(0.0:126975): avc: denied { nlmsg_readpriv } for comm=536F636B657420546872656164 scontext=u:r:untrusted_app:s0:c87,c271,c512,c768 tcontext=u:r:untrusted_app:s0:c87,c271,c512,c768 tclass=netlink_route_socket permissive=0 bug=b/155595000 app=com.vibekey.keyboard
06-04 16:18:15.465 13728 13728 W View    : requestLayout() improperly called by helium314.keyboard.latin.panels.BrowserPanelView{69b8168 V.E...... ......I. 0,0-1440,2040} during layout: running second layout pass
06-04 16:18:15.469 13728 13728 W View    : requestLayout() improperly called by helium314.keyboard.latin.panels.BrowserPanelView{69b8168 V.E...... ........ 0,0-1440,2040} during second layout pass: posting in next frame
06-04 16:18:15.480 13728 13728 W View    : requestLayout() improperly called by helium314.keyboard.latin.panels.BrowserPanelView{69b8168 V.E...... ......I. 0,0-1440,2040} during layout: running second layout pass
06-04 16:18:15.484 13728 13728 W View    : requestLayout() improperly called by helium314.keyboard.latin.panels.BrowserPanelView{69b8168 V.E...... ........ 0,0-1440,2040} during second layout pass: posting in next frame
06-04 16:18:15.486 13728 13728 W com.vibekey.keyboard: type=1400 audit(0.0:126976): avc: denied { nlmsg_readpriv } for comm=536F636B657420546872656164 scontext=u:r:untrusted_app:s0:c87,c271,c512,c768 tcontext=u:r:untrusted_app:s0:c87,c271,c512,c768 tclass=netlink_route_socket permissive=0 bug=b/155595000 app=com.vibekey.keyboard
06-04 16:18:15.497 13728 13728 W View    : requestLayout() improperly called by helium314.keyboard.latin.panels.BrowserPanelView{69b8168 V.E...... ......I. 0,0-1440,2040} during layout: running second layout pass
06-04 16:18:15.501 13728 13728 W View    : requestLayout() improperly called by helium314.keyboard.latin.panels.BrowserPanelView{69b8168 V.E...... ........ 0,0-1440,2040} during second layout pass: posting in next frame
06-04 16:18:15.513 13728 13728 W View    : requestLayout() improperly called by helium314.keyboard.latin.panels.BrowserPanelView{69b8168 V.E...... ......I. 0,0-1440,2040} during layout: running second layout pass
06-04 16:18:15.516 13728 13728 W View    : requestLayout() improperly called by helium314.keyboard.latin.panels.BrowserPanelView{69b8168 V.E...... ........ 0,0-1440,2040} during second layout pass: posting in next frame
06-04 16:18:15.530 13728 13728 W View    : requestLayout() improperly called by helium314.keyboard.latin.panels.BrowserPanelView{69b8168 V.E...... ......I. 0,0-1440,2040} during layout: running second layout pass
06-04 16:18:15.534 13728 13728 W View    : requestLayout() improperly called by helium314.keyboard.latin.panels.BrowserPanelView{69b8168 V.E...... .......D 0,0-1440,2040} during second layout pass: posting in next frame
06-04 16:18:15.548 13728 13728 W View    : requestLayout() improperly called by helium314.keyboard.latin.panels.BrowserPanelView{69b8168 V.E...... ......ID 0,0-1440,2040} during layout: running second layout pass
06-04 16:18:15.551 13728 13728 W View    : requestLayout() improperly called by helium314.keyboard.latin.panels.BrowserPanelView{69b8168 V.E...... ........ 0,0-1440,2040} during second layout pass: posting in next frame
06-04 16:18:15.546 13728 13728 W com.vibekey.keyboard: type=1400 audit(0.0:126977): avc: denied { nlmsg_readpriv } for comm=536F636B657420546872656164 scontext=u:r:untrusted_app:s0:c87,c271,c512,c768 tcontext=u:r:untrusted_app:s0:c87,c271,c512,c768 tclass=netlink_route_socket permissive=0 bug=b/155595000 app=com.vibekey.keyboard
06-04 16:18:15.564 13728 13728 W View    : requestLayout() improperly called by helium314.keyboard.latin.panels.BrowserPanelView{69b8168 V.E...... ......I. 0,0-1440,2040} during layout: running second layout pass
06-04 16:18:15.574 13728 13728 W View    : requestLayout() improperly called by helium314.keyboard.latin.panels.BrowserPanelView{69b8168 V.E...... ........ 0,0-1440,2040} during second layout pass: posting in next frame
06-04 16:18:15.582 13728 13728 W View    : requestLayout() improperly called by helium314.keyboard.latin.panels.BrowserPanelView{69b8168 V.E...... ......I. 0,0-1440,2040} during layout: running second layout pass
06-04 16:18:15.585 13728 13728 W View    : requestLayout() improperly called by helium314.keyboard.latin.panels.BrowserPanelView{69b8168 V.E...... ........ 0,0-1440,2040} during second layout pass: posting in next frame
06-04 16:18:15.597 13728 13728 W View    : requestLayout() improperly called by helium314.keyboard.latin.panels.BrowserPanelView{69b8168 V.E...... ......I. 0,0-1440,2040} during layout: running second layout pass
06-04 16:18:15.600 13728 13728 W View    : requestLayout() improperly called by helium314.keyboard.latin.panels.BrowserPanelView{69b8168 V.E...... ........ 0,0-1440,2040} during second layout pass: posting in next frame
06-04 16:18:15.614 13728 13728 W View    : requestLayout() improperly called by helium314.keyboard.latin.panels.BrowserPanelView{69b8168 V.E...... ......I. 0,0-1440,2040} during layout: running second layout pass
06-04 16:18:15.617 13728 13728 W View    : requestLayout() improperly called by helium314.keyboard.latin.panels.BrowserPanelView{69b8168 V.E...... ........ 0,0-1440,2040} during second layout pass: posting in next frame
06-04 16:18:15.626 13728 13728 W com.vibekey.keyboard: type=1400 audit(0.0:126978): avc: denied { nlmsg_readpriv } for comm=536F636B657420546872656164 scontext=u:r:untrusted_app:s0:c87,c271,c512,c768 tcontext=u:r:untrusted_app:s0:c87,c271,c512,c768 tclass=netlink_route_socket permissive=0 bug=b/155595000 app=com.vibekey.keyboard
06-04 16:18:15.633 13728 13728 W View    : requestLayout() improperly called by helium314.keyboard.latin.panels.BrowserPanelView{69b8168 V.E...... ......I. 0,0-1440,2040} during layout: running second layout pass
06-04 16:18:15.637 13728 13728 W View    : requestLayout() improperly called by helium314.keyboard.latin.panels.BrowserPanelView{69b8168 V.E...... ........ 0,0-1440,2040} during second layout pass: posting in next frame
06-04 16:18:15.649 13728 13728 W View    : requestLayout() improperly called by helium314.keyboard.latin.panels.BrowserPanelView{69b8168 V.E...... ......I. 0,0-1440,2040} during layout: running second layout pass
06-04 16:18:15.652 13728 13728 W View    : requestLayout() improperly called by helium314.keyboard.latin.panels.BrowserPanelView{69b8168 V.E...... ........ 0,0-1440,2040} during second layout pass: posting in next frame
06-04 16:18:15.664 13728 13728 W View    : requestLayout() improperly called by helium314.keyboard.latin.panels.BrowserPanelView{69b8168 V.E...... ......I. 0,0-1440,2040} during layout: running second layout pass
06-04 16:18:15.668 13728 13728 W View    : requestLayout() improperly called by helium314.keyboard.latin.panels.BrowserPanelView{69b8168 V.E...... ........ 0,0-1440,2040} during second layout pass: posting in next frame
06-04 16:18:15.656 13728 13728 W com.vibekey.keyboard: type=1400 audit(0.0:126979): avc: denied { nlmsg_readpriv } for comm=536F636B657420546872656164 scontext=u:r:untrusted_app:s0:c87,c271,c512,c768 tcontext=u:r:untrusted_app:s0:c87,c271,c512,c768 tclass=netlink_route_socket permissive=0 bug=b/155595000 app=com.vibekey.keyboard
06-04 16:18:15.683 13728 13728 W View    : requestLayout() improperly called by helium314.keyboard.latin.panels.BrowserPanelView{69b8168 V.E...... ......I. 0,0-1440,2040} during layout: running second layout pass
06-04 16:18:15.687 13728 13728 W View    : requestLayout() improperly called by helium314.keyboard.latin.panels.BrowserPanelView{69b8168 V.E...... ........ 0,0-1440,2040} during second layout pass: posting in next frame
06-04 16:18:15.697 13728 13728 W View    : requestLayout() improperly called by helium314.keyboard.latin.panels.BrowserPanelView{69b8168 V.E...... ......I. 0,0-1440,2040} during layout: running second layout pass
06-04 16:18:15.701 13728 13728 W View    : requestLayout() improperly called by helium314.keyboard.latin.panels.BrowserPanelView{69b8168 V.E...... ........ 0,0-1440,2040} during second layout pass: posting in next frame
06-04 16:18:15.715 13728 13728 W View    : requestLayout() improperly called by helium314.keyboard.latin.panels.BrowserPanelView{69b8168 V.E...... ......I. 0,0-1440,2040} during layout: running second layout pass
06-04 16:18:15.718 13728 13728 W View    : requestLayout() improperly called by helium314.keyboard.latin.panels.BrowserPanelView{69b8168 V.E...... ........ 0,0-1440,2040} during second layout pass: posting in next frame
06-04 16:18:15.731 13728 13728 W View    : requestLayout() improperly called by helium314.keyboard.latin.panels.BrowserPanelView{69b8168 V.E...... ......I. 0,0-1440,2040} during layout: running second layout pass
06-04 16:18:15.734 13728 13728 W View    : requestLayout() improperly called by helium314.keyboard.latin.panels.BrowserPanelView{69b8168 V.E...... ........ 0,0-1440,2040} during second layout pass: posting in next frame
06-04 16:18:15.736 18978 19004 W Isolated Web Content: [JavaScript Warning: "Loading failed for the <script> with source “https://static.adsafeprotected.com/publisher/925660/ebfdc39c-b42a-11f0-aa09-0e6958f30139.min.js”." {file: "https://www.cnn.com/" line: 1}]
06-04 16:18:15.748 13728 13728 W View    : requestLayout() improperly called by helium314.keyboard.latin.panels.BrowserPanelView{69b8168 V.E...... ......I. 0,0-1440,2040} during layout: running second layout pass
06-04 16:18:15.752 13728 13728 W View    : requestLayout() improperly called by helium314.keyboard.latin.panels.BrowserPanelView{69b8168 V.E...... ........ 0,0-1440,2040} during second layout pass: posting in next frame
06-04 16:18:15.766 13728 13728 W View    : requestLayout() improperly called by helium314.keyboard.latin.panels.BrowserPanelView{69b8168 V.E...... ......I. 0,0-1440,2040} during layout: running second layout pass
06-04 16:18:15.770 13728 13728 W View    : requestLayout() improperly called by helium314.keyboard.latin.panels.BrowserPanelView{69b8168 V.E...... ........ 0,0-1440,2040} during second layout pass: posting in next frame
06-04 16:18:15.772 18978 19004 E Isolated Web Content: [JavaScript Error: "Cookie “_cookie_test” has been rejected for invalid domain." {file: "https://www.cnn.com/" line: 0}]
06-04 16:18:15.773 18978 19004 E Isolated Web Content: [JavaScript Error: "Cookie “_cookie_test” has been rejected for invalid domain." {file: "https://www.cnn.com/" line: 0}]
06-04 16:18:15.775 18978 19004 E Isolated Web Content: [JavaScript Error: "Cookie “_cookie_test” has been rejected for invalid domain." {file: "https://www.cnn.com/" line: 0}]
06-04 16:18:15.776 18978 19004 E Isolated Web Content: [JavaScript Error: "Cookie “_cookie_test” has been rejected for invalid domain." {file: "https://www.cnn.com/" line: 0}]
06-04 16:18:15.776 18978 19004 E Isolated Web Content: [JavaScript Error: "Cookie “_cookie_test” has been rejected for invalid domain." {file: "https://www.cnn.com/" line: 0}]
06-04 16:18:15.777 18978 19004 E Isolated Web Content: [JavaScript Error: "Cookie “_cookie_test” has been rejected for invalid domain." {file: "https://www.cnn.com/" line: 0}]
06-04 16:18:15.781 13728 13728 W View    : requestLayout() improperly called by helium314.keyboard.latin.panels.BrowserPanelView{69b8168 V.E...... ......I. 0,0-1440,2040} during layout: running second layout pass
06-04 16:18:15.784 13728 13728 W View    : requestLayout() improperly called by helium314.keyboard.latin.panels.BrowserPanelView{69b8168 V.E...... ........ 0,0-1440,2040} during second layout pass: posting in next frame
06-04 16:18:15.787 19193 19326 W libc    : Access denied finding property "vendor.oplus.media.vpp.stutter"
06-04 16:18:15.788 19193 19326 E MULTIMEDIAConfig: [getInt32:L80] Not find config, Returning default
06-04 16:18:15.788 19193 19326 E MULTIMEDIAConfig: [getInt32:L80] Not find config, Returning default
06-04 16:18:15.788 19193 19326 E OplusACodec: [OplusACodec:204] mSrOsieMMListCheckResult:0x0 mOsieVersion:1
06-04 16:18:15.790 18978 19004 E Isolated Web Content: [JavaScript Error: "Cookie “_cookie_test” has been rejected for invalid domain." {file: "https://www.cnn.com/" line: 0}]
06-04 16:18:15.790 18978 19004 E Isolated Web Content: [JavaScript Error: "Cookie “_cookie_test” has been rejected for invalid domain." {file: "https://www.cnn.com/" line: 0}]
06-04 16:18:15.798 13728 13728 W View    : requestLayout() improperly called by helium314.keyboard.latin.panels.BrowserPanelView{69b8168 V.E...... ......I. 0,0-1440,2040} during layout: running second layout pass
06-04 16:18:15.802 13728 13728 W View    : requestLayout() improperly called by helium314.keyboard.latin.panels.BrowserPanelView{69b8168 V.E...... ........ 0,0-1440,2040} during second layout pass: posting in next frame
06-04 16:18:15.805 19193 25502 E OplusACodec: [GetVideoCodingTypeFromMime:L1162] mime:video/avc
06-04 16:18:15.815 13728 13728 W View    : requestLayout() improperly called by helium314.keyboard.latin.panels.BrowserPanelView{69b8168 V.E...... ......I. 0,0-1440,2040} during layout: running second layout pass
06-04 16:18:15.819 13728 13728 W View    : requestLayout() improperly called by helium314.keyboard.latin.panels.BrowserPanelView{69b8168 V.E...... ........ 0,0-1440,2040} during second layout pass: posting in next frame
06-04 16:18:15.832 13728 13728 W View    : requestLayout() improperly called by helium314.keyboard.latin.panels.BrowserPanelView{69b8168 V.E...... ......I. 0,0-1440,2040} during layout: running second layout pass
06-04 16:18:15.837 13728 13728 W View    : requestLayout() improperly called by helium314.keyboard.latin.panels.BrowserPanelView{69b8168 V.E...... ........ 0,0-1440,2040} during second layout pass: posting in next frame
06-04 16:18:15.848 13728 13728 W View    : requestLayout() improperly called by helium314.keyboard.latin.panels.BrowserPanelView{69b8168 V.E...... ......I. 0,0-1440,2040} during layout: running second layout pass
06-04 16:18:15.851 13728 13728 W View    : requestLayout() improperly called by helium314.keyboard.latin.panels.BrowserPanelView{69b8168 V.E...... ........ 0,0-1440,2040} during second layout pass: posting in next frame
06-04 16:18:15.865 13728 13728 W View    : requestLayout() improperly called by helium314.keyboard.latin.panels.BrowserPanelView{69b8168 V.E...... ......I. 0,0-1440,2040} during layout: running second layout pass
06-04 16:18:15.868 13728 13728 W View    : requestLayout() improperly called by helium314.keyboard.latin.panels.BrowserPanelView{69b8168 V.E...... ........ 0,0-1440,2040} during second layout pass: posting in next frame
06-04 16:18:15.881 13728 13728 W View    : requestLayout() improperly called by helium314.keyboard.latin.panels.BrowserPanelView{69b8168 V.E...... ......I. 0,0-1440,2040} during layout: running second layout pass
06-04 16:18:15.885 13728 13728 W View    : requestLayout() improperly called by helium314.keyboard.latin.panels.BrowserPanelView{69b8168 V.E...... ........ 0,0-1440,2040} during second layout pass: posting in next frame
06-04 16:18:15.898 13728 13728 W View    : requestLayout() improperly called by helium314.keyboard.latin.panels.BrowserPanelView{69b8168 V.E...... ......I. 0,0-1440,2040} during layout: running second layout pass
06-04 16:18:15.901 13728 13728 W View    : requestLayout() improperly called by helium314.keyboard.latin.panels.BrowserPanelView{69b8168 V.E...... ........ 0,0-1440,2040} during second layout pass: posting in next frame
06-04 16:18:15.916 13728 13728 W View    : requestLayout() improperly called by helium314.keyboard.latin.panels.BrowserPanelView{69b8168 V.E...... ......I. 0,0-1440,2040} during layout: running second layout pass
06-04 16:18:15.919 13728 13728 W View    : requestLayout() improperly called by helium314.keyboard.latin.panels.BrowserPanelView{69b8168 V.E...... ........ 0,0-1440,2040} during second layout pass: posting in next frame
06-04 16:18:15.932 13728 13728 W View    : requestLayout() improperly called by helium314.keyboard.latin.panels.BrowserPanelView{69b8168 V.E...... ......I. 0,0-1440,2040} during layout: running second layout pass
06-04 16:18:15.935 13728 13728 W View    : requestLayout() improperly called by helium314.keyboard.latin.panels.BrowserPanelView{69b8168 V.E...... ........ 0,0-1440,2040} during second layout pass: posting in next frame
06-04 16:18:15.950 13728 13728 W View    : requestLayout() improperly called by helium314.keyboard.latin.panels.BrowserPanelView{69b8168 V.E...... ......I. 0,0-1440,2040} during layout: running second layout pass
06-04 16:18:15.954 13728 13728 W View    : requestLayout() improperly called by helium314.keyboard.latin.panels.BrowserPanelView{69b8168 V.E...... ........ 0,0-1440,2040} during second layout pass: posting in next frame
06-04 16:18:15.965 13728 13728 W View    : requestLayout() improperly called by helium314.keyboard.latin.panels.BrowserPanelView{69b8168 V.E...... ......I. 0,0-1440,2040} during layout: running second layout pass
06-04 16:18:15.968 13728 13728 W View    : requestLayout() improperly called by helium314.keyboard.latin.panels.BrowserPanelView{69b8168 V.E...... ........ 0,0-1440,2040} during second layout pass: posting in next frame
06-04 16:18:15.983 13728 13728 W View    : requestLayout() improperly called by helium314.keyboard.latin.panels.BrowserPanelView{69b8168 V.E...... ......I. 0,0-1440,2040} during layout: running second layout pass
06-04 16:18:15.986 13728 13728 W View    : requestLayout() improperly called by helium314.keyboard.latin.panels.BrowserPanelView{69b8168 V.E...... ........ 0,0-1440,2040} during second layout pass: posting in next frame
06-04 16:18:15.998 13728 13728 W View    : requestLayout() improperly called by helium314.keyboard.latin.panels.BrowserPanelView{69b8168 V.E...... ......I. 0,0-1440,2040} during layout: running second layout pass
06-04 16:18:16.002 13728 13728 W View    : requestLayout() improperly called by helium314.keyboard.latin.panels.BrowserPanelView{69b8168 V.E...... ........ 0,0-1440,2040} during second layout pass: posting in next frame
06-04 16:18:16.016 13728 13728 W View    : requestLayout() improperly called by helium314.keyboard.latin.panels.BrowserPanelView{69b8168 V.E...... ......I. 0,0-1440,2040} during layout: running second layout pass
06-04 16:18:16.020 13728 13728 W View    : requestLayout() improperly called by helium314.keyboard.latin.panels.BrowserPanelView{69b8168 V.E...... ........ 0,0-1440,2040} during second layout pass: posting in next frame
06-04 16:18:16.034 13728 13728 W View    : requestLayout() improperly called by helium314.keyboard.latin.panels.BrowserPanelView{69b8168 V.E...... ......I. 0,0-1440,2040} during layout: running second layout pass
06-04 16:18:16.040 13728 13728 W View    : requestLayout() improperly called by helium314.keyboard.latin.panels.BrowserPanelView{69b8168 V.E...... ........ 0,0-1440,2040} during second layout pass: posting in next frame
06-04 16:18:16.048 13728 13728 W View    : requestLayout() improperly called by helium314.keyboard.latin.panels.BrowserPanelView{69b8168 V.E...... ......ID 0,0-1440,2040} during layout: running second layout pass
06-04 16:18:16.053 13728 13728 W View    : requestLayout() improperly called by helium314.keyboard.latin.panels.BrowserPanelView{69b8168 V.E...... ........ 0,0-1440,2040} during second layout pass: posting in next frame
06-04 16:18:16.065 13728 13728 W View    : requestLayout() improperly called by helium314.keyboard.latin.panels.BrowserPanelView{69b8168 V.E...... ......I. 0,0-1440,2040} during layout: running second layout pass
06-04 16:18:16.067 25559 25559 E .keyboard:tab3: Unknown bits set in runtime_flags: 0x40000000
06-04 16:18:16.069 13728 13728 W View    : requestLayout() improperly called by helium314.keyboard.latin.panels.BrowserPanelView{69b8168 V.E...... ........ 0,0-1440,2040} during second layout pass: posting in next frame
