=== VibeKey 4.1.284 (4384) ===

--------- beginning of system
06-12 09:47:18.305 25087 25087 E OplusCustomizeRestrictionManager: sInstance is null, start a new sInstance
--------- beginning of crash
06-12 09:49:05.117 25087 25149 F libc    : Fatal signal 11 (SIGSEGV), code 1 (SEGV_MAPERR), fault addr 0x6800000051 in tid 25149 (ExecutorUtils), pid 25087 (AndroidUI)
06-12 09:49:06.622 26038 26038 F DEBUG   : Process name is com.vibekey.keyboard, not key_process
06-12 09:49:06.622 26038 26038 F DEBUG   : keyProcess: 0
06-12 09:49:06.622 26038 26038 F DEBUG   : *** *** *** *** *** *** *** *** *** *** *** *** *** *** *** ***
06-12 09:49:06.622 26038 26038 F DEBUG   : Build fingerprint: 'OnePlus/OnePlus7Pro/OnePlus7Pro:12/SKQ1.211113.001/P.202303230244:user/release-keys'
06-12 09:49:06.622 26038 26038 F DEBUG   : Revision: '0'
06-12 09:49:06.622 26038 26038 F DEBUG   : ABI: 'arm64'
06-12 09:49:06.622 26038 26038 F DEBUG   : Timestamp: 2026-06-12 09:49:05.338138401-0400
06-12 09:49:06.622 26038 26038 F DEBUG   : Process uptime: 0s
06-12 09:49:06.622 26038 26038 F DEBUG   : Cmdline: com.vibekey.keyboard
06-12 09:49:06.622 26038 26038 F DEBUG   : pid: 25087, tid: 25149, name: ExecutorUtils  >>> com.vibekey.keyboard <<<
06-12 09:49:06.622 26038 26038 F DEBUG   : uid: 14056
06-12 09:49:06.622 26038 26038 F DEBUG   : signal 11 (SIGSEGV), code 1 (SEGV_MAPERR), fault addr 0x6800000051
06-12 09:49:06.622 26038 26038 F DEBUG   :     x0  0000000000000000  x1  000000000000623d  x2  000000000000000b  x3  0000007687842da0
06-12 09:49:06.622 26038 26038 F DEBUG   :     x4  0000007694d1c400  x5  0000007694d1c400  x6  0000007694d1c400  x7  0000000000000000
06-12 09:49:06.622 26038 26038 F DEBUG   :     x8  00000000000000f0  x9  db746b027190efc7  x10 0000007696b4068c  x11 0000000000000000
06-12 09:49:06.622 26038 26038 F DEBUG   :     x12 00000000ffffffff  x13 0000000000000000  x14 0000000000000000  x15 00000000ebad6a89
06-12 09:49:06.622 26038 26038 F DEBUG   :     x16 000000757caad3a8  x17 00000076790b8f10  x18 000000752d7da000  x19 000000000000000b
06-12 09:49:06.622 26038 26038 F DEBUG   :     x20 0000007687842da0  x21 00000000000061ff  x22 0000007687842b90  x23 0000000000000001
06-12 09:49:06.623 26038 26038 F DEBUG   :     x24 00000075cc0a7d5c  x25 000000755f899000  x26 0000007694d1d698  x27 0000007694d1c408
06-12 09:49:06.623 26038 26038 F DEBUG   :     x28 0000000000000400  x29 0000007687842bb0
06-12 09:49:06.623 26038 26038 F DEBUG   :     lr  0000007576cbabc8  sp  0000007687842b90  pc  00000076790b8f34  pst 0000000000000000
06-12 09:49:06.623 26038 26038 F DEBUG   : backtrace:
06-12 09:49:06.623 26038 26038 F DEBUG   :       #00 pc 0000000000075f34  /apex/com.android.runtime/lib64/bionic/libc.so (syscall+36) (BuildId: bbbdeb7c87c74f1491f92c6e605095b0)
06-12 09:49:06.623 26038 26038 F DEBUG   :       #01 pc 00000000040a9bc4  /data/app/~~-XGWjzmdoRrM1YaZYK883A==/com.google.android.webview-HvpxCmuUIjPsZ4yTEw8s4w==/base.apk!libwebviewchromium.so (BuildId: f447b77da2d76e8d4d133b66c727c3ae532b54bf)
06-12 09:49:06.623 26038 26038 F DEBUG   :       #02 pc 00000000040a03c4  /data/app/~~-XGWjzmdoRrM1YaZYK883A==/com.google.android.webview-HvpxCmuUIjPsZ4yTEw8s4w==/base.apk!libwebviewchromium.so (BuildId: f447b77da2d76e8d4d133b66c727c3ae532b54bf)
06-12 09:49:06.623 26038 26038 F DEBUG   :       #03 pc 000000000729d1dc  /data/app/~~29nZa0LOZAUIFZiShZdRSQ==/com.vibekey.keyboard-oVyQ7y_fGBv_fnBN_vEMPA==/lib/arm64/libxul.so (BuildId: 4a35ccb91ce54a7d8afe95f435ee2ee2cc640e58)
06-12 09:49:06.623 26038 26038 F DEBUG   :       #04 pc 0000000007721500  /data/app/~~29nZa0LOZAUIFZiShZdRSQ==/com.vibekey.keyboard-oVyQ7y_fGBv_fnBN_vEMPA==/lib/arm64/libxul.so (BuildId: 4a35ccb91ce54a7d8afe95f435ee2ee2cc640e58)
06-12 09:49:06.623 26038 26038 F DEBUG   :       #05 pc 0000000000006f94  /apex/com.android.art/lib64/libsigchain.so (art::SignalChain::Handler(int, siginfo*, void*)+1148) (BuildId: 1d71636c1517ecf3fa421563ba6710f3)
06-12 09:49:06.623 26038 26038 F DEBUG   :       #06 pc 0000000000000638  [vdso] (__kernel_rt_sigreturn+0)
06-12 09:49:06.623 26038 26038 F DEBUG   :       #07 pc 00000000000a3d58  /data/app/~~29nZa0LOZAUIFZiShZdRSQ==/com.vibekey.keyboard-oVyQ7y_fGBv_fnBN_vEMPA==/lib/arm64/libjni_latinime.so (BuildId: f905dbd1a904967a994cf833116e517b05caa863)
06-12 09:49:06.623 26038 26038 F DEBUG   :       #08 pc 00000000002c2100  /apex/com.android.art/lib64/libart.so (art_quick_generic_jni_trampoline+144) (BuildId: 7087b2f2160bfbf3335d54ba9779e325)
06-12 09:49:06.623 26038 26038 F DEBUG   :       #09 pc 0000000000668b6c  /apex/com.android.art/lib64/libart.so (nterp_helper+1948) (BuildId: 7087b2f2160bfbf3335d54ba9779e325)
06-12 09:49:06.623 26038 26038 F DEBUG   :       #10 pc 0000000000228f3c  /data/app/~~29nZa0LOZAUIFZiShZdRSQ==/com.vibekey.keyboard-oVyQ7y_fGBv_fnBN_vEMPA==/oat/arm64/base.vdex (com.android.inputmethod.latin.DicTraverseSession.a+16)
06-12 09:49:06.623 26038 26038 F DEBUG   :       #11 pc 0000000000669324  /apex/com.android.art/lib64/libart.so (nterp_helper+3924) (BuildId: 7087b2f2160bfbf3335d54ba9779e325)
06-12 09:49:06.623 26038 26038 F DEBUG   :       #12 pc 0000000000228ad8  /data/app/~~29nZa0LOZAUIFZiShZdRSQ==/com.vibekey.keyboard-oVyQ7y_fGBv_fnBN_vEMPA==/oat/arm64/base.vdex (com.android.inputmethod.latin.BinaryDictionary.a+44)
06-12 09:49:06.623 26038 26038 F DEBUG   :       #13 pc 0000000000669324  /apex/com.android.art/lib64/libart.so (nterp_helper+3924) (BuildId: 7087b2f2160bfbf3335d54ba9779e325)
06-12 09:49:06.623 26038 26038 F DEBUG   :       #14 pc 00000000002281f2  /data/app/~~29nZa0LOZAUIFZiShZdRSQ==/com.vibekey.keyboard-oVyQ7y_fGBv_fnBN_vEMPA==/oat/arm64/base.vdex (com.android.inputmethod.latin.BinaryDictionary.m+38)
06-12 09:49:06.623 26038 26038 F DEBUG   :       #15 pc 0000000000669324  /apex/com.android.art/lib64/libart.so (nterp_helper+3924) (BuildId: 7087b2f2160bfbf3335d54ba9779e325)
06-12 09:49:06.623 26038 26038 F DEBUG   :       #16 pc 0000000000ae2a1e  /data/app/~~29nZa0LOZAUIFZiShZdRSQ==/com.vibekey.keyboard-oVyQ7y_fGBv_fnBN_vEMPA==/oat/arm64/base.vdex (v7.g.run+230)
06-12 09:49:06.623 26038 26038 F DEBUG   :       #17 pc 000000000066a144  /apex/com.android.art/lib64/libart.so (nterp_helper+7540) (BuildId: 7087b2f2160bfbf3335d54ba9779e325)
06-12 09:49:06.623 26038 26038 F DEBUG   :       #18 pc 000000000092b73c  /data/app/~~29nZa0LOZAUIFZiShZdRSQ==/com.vibekey.keyboard-oVyQ7y_fGBv_fnBN_vEMPA==/oat/arm64/base.vdex (a8.z0.run+276)
06-12 09:49:06.623 26038 26038 F DEBUG   :       #19 pc 00000000022d2950  /memfd:jit-zygote-cache (deleted)
06-12 09:49:09.705 26066 26066 E OplusCustomizeRestrictionManager: sInstance is null, start a new sInstance
06-12 09:49:35.219 26066 26418 E ActivityThread: Failed to find provider info for com.oplus.statistics.provider
06-12 09:49:35.219 26066 26418 E OplusStatistics--: IllegalArgumentException:java.lang.IllegalArgumentException: Unknown URL content://com.oplus.statistics.provider/track_event
06-12 09:49:42.581 26066 26105 F libc    : Fatal signal 11 (SIGSEGV), code 1 (SEGV_MAPERR), fault addr 0x6b00000058 in tid 26105 (ExecutorUtils), pid 26066 (AndroidUI)
06-12 09:49:43.865 26538 26538 F DEBUG   : Process name is com.vibekey.keyboard, not key_process
06-12 09:49:43.865 26538 26538 F DEBUG   : keyProcess: 0
06-12 09:49:43.865 26538 26538 F DEBUG   : *** *** *** *** *** *** *** *** *** *** *** *** *** *** *** ***
06-12 09:49:43.865 26538 26538 F DEBUG   : Build fingerprint: 'OnePlus/OnePlus7Pro/OnePlus7Pro:12/SKQ1.211113.001/P.202303230244:user/release-keys'
06-12 09:49:43.865 26538 26538 F DEBUG   : Revision: '0'
06-12 09:49:43.865 26538 26538 F DEBUG   : ABI: 'arm64'
06-12 09:49:43.865 26538 26538 F DEBUG   : Timestamp: 2026-06-12 09:49:42.764017866-0400
06-12 09:49:43.865 26538 26538 F DEBUG   : Process uptime: 0s
06-12 09:49:43.865 26538 26538 F DEBUG   : Cmdline: com.vibekey.keyboard
06-12 09:49:43.865 26538 26538 F DEBUG   : pid: 26066, tid: 26105, name: ExecutorUtils  >>> com.vibekey.keyboard <<<
06-12 09:49:43.865 26538 26538 F DEBUG   : uid: 14056
06-12 09:49:43.865 26538 26538 F DEBUG   : signal 11 (SIGSEGV), code 1 (SEGV_MAPERR), fault addr 0x6b00000058
06-12 09:49:43.865 26538 26538 F DEBUG   :     x0  0000000000000000  x1  00000000000065f9  x2  000000000000000b  x3  00000076819deda0
06-12 09:49:43.865 26538 26538 F DEBUG   :     x4  0000007694d1c400  x5  0000007694d1c400  x6  0000007694d1c400  x7  0000000000000000
06-12 09:49:43.865 26538 26538 F DEBUG   :     x8  00000000000000f0  x9  db746b027190efc7  x10 0000007696b4068c  x11 0000000000000000
06-12 09:49:43.865 26538 26538 F DEBUG   :     x12 00000000ffffffff  x13 0000000000000000  x14 0000000000000000  x15 00000000ebad6a89
06-12 09:49:43.865 26538 26538 F DEBUG   :     x16 000000757caad3a8  x17 00000076790b8f10  x18 0000007529572000  x19 000000000000000b
06-12 09:49:43.865 26538 26538 F DEBUG   :     x20 00000076819deda0  x21 00000000000065d2  x22 00000076819deb90  x23 0000000000000001
06-12 09:49:43.865 26538 26538 F DEBUG   :     x24 000000752c6d2d5c  x25 000000752a521000  x26 0000007694d1d698  x27 0000007694d1c408
06-12 09:49:43.865 26538 26538 F DEBUG   :     x28 0000000000000400  x29 00000076819debb0
06-12 09:49:43.865 26538 26538 F DEBUG   :     lr  0000007576cbabc8  sp  00000076819deb90  pc  00000076790b8f34  pst 0000000000000000
06-12 09:49:43.865 26538 26538 F DEBUG   : backtrace:
06-12 09:49:43.865 26538 26538 F DEBUG   :       #00 pc 0000000000075f34  /apex/com.android.runtime/lib64/bionic/libc.so (syscall+36) (BuildId: bbbdeb7c87c74f1491f92c6e605095b0)
06-12 09:49:43.865 26538 26538 F DEBUG   :       #01 pc 00000000040a9bc4  /data/app/~~-XGWjzmdoRrM1YaZYK883A==/com.google.android.webview-HvpxCmuUIjPsZ4yTEw8s4w==/base.apk!libwebviewchromium.so (BuildId: f447b77da2d76e8d4d133b66c727c3ae532b54bf)
06-12 09:49:43.865 26538 26538 F DEBUG   :       #02 pc 00000000040a03c4  /data/app/~~-XGWjzmdoRrM1YaZYK883A==/com.google.android.webview-HvpxCmuUIjPsZ4yTEw8s4w==/base.apk!libwebviewchromium.so (BuildId: f447b77da2d76e8d4d133b66c727c3ae532b54bf)
06-12 09:49:43.865 26538 26538 F DEBUG   :       #03 pc 000000000729d1dc  /data/app/~~29nZa0LOZAUIFZiShZdRSQ==/com.vibekey.keyboard-oVyQ7y_fGBv_fnBN_vEMPA==/lib/arm64/libxul.so (BuildId: 4a35ccb91ce54a7d8afe95f435ee2ee2cc640e58)
06-12 09:49:43.865 26538 26538 F DEBUG   :       #04 pc 0000000007721500  /data/app/~~29nZa0LOZAUIFZiShZdRSQ==/com.vibekey.keyboard-oVyQ7y_fGBv_fnBN_vEMPA==/lib/arm64/libxul.so (BuildId: 4a35ccb91ce54a7d8afe95f435ee2ee2cc640e58)
06-12 09:49:43.865 26538 26538 F DEBUG   :       #05 pc 0000000000006f94  /apex/com.android.art/lib64/libsigchain.so (art::SignalChain::Handler(int, siginfo*, void*)+1148) (BuildId: 1d71636c1517ecf3fa421563ba6710f3)
06-12 09:49:43.865 26538 26538 F DEBUG   :       #06 pc 0000000000000638  [vdso] (__kernel_rt_sigreturn+0)
06-12 09:49:43.865 26538 26538 F DEBUG   :       #07 pc 00000000000a3d58  /data/app/~~29nZa0LOZAUIFZiShZdRSQ==/com.vibekey.keyboard-oVyQ7y_fGBv_fnBN_vEMPA==/lib/arm64/libjni_latinime.so (BuildId: f905dbd1a904967a994cf833116e517b05caa863)
06-12 09:49:43.865 26538 26538 F DEBUG   :       #08 pc 00000000002c2100  /apex/com.android.art/lib64/libart.so (art_quick_generic_jni_trampoline+144) (BuildId: 7087b2f2160bfbf3335d54ba9779e325)
06-12 09:49:43.865 26538 26538 F DEBUG   :       #09 pc 0000000000668b6c  /apex/com.android.art/lib64/libart.so (nterp_helper+1948) (BuildId: 7087b2f2160bfbf3335d54ba9779e325)
06-12 09:49:43.865 26538 26538 F DEBUG   :       #10 pc 0000000000228f3c  /data/app/~~29nZa0LOZAUIFZiShZdRSQ==/com.vibekey.keyboard-oVyQ7y_fGBv_fnBN_vEMPA==/oat/arm64/base.vdex (com.android.inputmethod.latin.DicTraverseSession.a+16)
06-12 09:49:43.865 26538 26538 F DEBUG   :       #11 pc 0000000000669324  /apex/com.android.art/lib64/libart.so (nterp_helper+3924) (BuildId: 7087b2f2160bfbf3335d54ba9779e325)
06-12 09:49:43.865 26538 26538 F DEBUG   :       #12 pc 0000000000228ad8  /data/app/~~29nZa0LOZAUIFZiShZdRSQ==/com.vibekey.keyboard-oVyQ7y_fGBv_fnBN_vEMPA==/oat/arm64/base.vdex (com.android.inputmethod.latin.BinaryDictionary.a+44)
06-12 09:49:43.865 26538 26538 F DEBUG   :       #13 pc 0000000000669324  /apex/com.android.art/lib64/libart.so (nterp_helper+3924) (BuildId: 7087b2f2160bfbf3335d54ba9779e325)
06-12 09:49:43.865 26538 26538 F DEBUG   :       #14 pc 0000000000228c04  /data/app/~~29nZa0LOZAUIFZiShZdRSQ==/com.vibekey.keyboard-oVyQ7y_fGBv_fnBN_vEMPA==/oat/arm64/base.vdex (com.android.inputmethod.latin.BinaryDictionary.l+44)
06-12 09:49:43.865 26538 26538 F DEBUG   :       #15 pc 0000000000669324  /apex/com.android.art/lib64/libart.so (nterp_helper+3924) (BuildId: 7087b2f2160bfbf3335d54ba9779e325)
06-12 09:49:43.865 26538 26538 F DEBUG   :       #16 pc 0000000000ae2a26  /data/app/~~29nZa0LOZAUIFZiShZdRSQ==/com.vibekey.keyboard-oVyQ7y_fGBv_fnBN_vEMPA==/oat/arm64/base.vdex (v7.g.run+238)
06-12 09:49:43.865 26538 26538 F DEBUG   :       #17 pc 000000000066a144  /apex/com.android.art/lib64/libart.so (nterp_helper+7540) (BuildId: 7087b2f2160bfbf3335d54ba9779e325)
06-12 09:49:43.865 26538 26538 F DEBUG   :       #18 pc 000000000092b73c  /data/app/~~29nZa0LOZAUIFZiShZdRSQ==/com.vibekey.keyboard-oVyQ7y_fGBv_fnBN_vEMPA==/oat/arm64/base.vdex (a8.z0.run+276)
06-12 09:49:43.865 26538 26538 F DEBUG   :       #19 pc 00000000022d2950  /memfd:jit-zygote-cache (deleted)
--------- beginning of main
06-12 09:49:45.176 26624 26624 E ibekey.keyboar: Unknown bits set in runtime_flags: 0x40000000
06-12 09:49:45.457 26624 26624 W f0      : Could not load system glide typing library jni_latinimegoogle: dlopen failed: library "libjni_latinimegoogle.so" not found
06-12 09:49:45.694 26624 26624 W t       : No editor info for this field. Bug?
06-12 09:49:45.732 26624 26624 I VkMultilingual: reset main=pt-BR locales=[pt,fr,es] count=3
06-12 09:49:45.829 26624 26624 W ibekey.keyboar: ClassLoaderContext classpath size mismatch. expected=1, found=0 (DLC[];PCL[base.apk*116719914]{PCL[/system/framework/org.apache.http.legacy.jar*3034548894]#PCL[/apex/com.android.extservices/javalib/android.ext.adservices.jar*3839736497]#PCL[/system/framework/com.android.location.provider.jar*3633238672]#PCL[/system/framework/com.android.media.remotedisplay.jar*3472798123]#PCL[/apex/com.android.extservices/javalib/android.ext.adservices.jar*3839736497]} | DLC[];PCL[])
06-12 09:49:45.848 26624 26624 W System  : ClassLoader referenced unknown path: 
06-12 09:49:45.856 26624 26624 W ibekey.keyboar: ClassLoaderContext classpath element checksum mismatch. expected=116719914, found=2308707473 (DLC[];PCL[base.apk*116719914]{PCL[/system/framework/org.apache.http.legacy.jar*3034548894]#PCL[/apex/com.android.extservices/javalib/android.ext.adservices.jar*3839736497]#PCL[/system/framework/com.android.location.provider.jar*3633238672]#PCL[/system/framework/com.android.media.remotedisplay.jar*3472798123]#PCL[/apex/com.android.extservices/javalib/android.ext.adservices.jar*3839736497]} | DLC[];PCL[/data/app/~~29nZa0LOZAUIFZiShZdRSQ==/com.vibekey.keyboard-oVyQ7y_fGBv_fnBN_vEMPA==/base.apk*2308707473]{PCL[/apex/com.android.extservices/javalib/android.ext.adservices.jar*3839736497]})
06-12 09:49:46.052 26624 26624 E ibekey.keyboar: ofbOpen failed with error=No such file or directory
06-12 09:49:46.052 26624 26624 E ibekey.keyboar: sysOpen failed with error=No such file or directory
06-12 09:49:46.080 26624 26686 W Ads     : Update ad debug logging enablement as false
06-12 09:49:46.139 26624 26624 E MultiApp.Impl: OplusMultiAppImpl
06-12 09:49:46.341 26624 26726 W libc    : Access denied finding property "ro.vendor.api_level"
06-12 09:49:46.358 26624 26624 W chromium: [WARNING:android_webview/browser/network_service/net_helpers.cc:137] HTTP Cache size is: 20971520
06-12 09:49:46.519 26624 26755 W libc    : Access denied finding property "vendor.camera.aux.packagelist"
06-12 09:49:46.519 26624 26755 W libc    : Access denied finding property "vendor.camera.aux.packagelist"
06-12 09:49:46.521 26624 26660 W libc    : Access denied finding property "vendor.camera.aux.packagelist"
06-12 09:49:46.542 26624 26740 W cr_media: BLUETOOTH_CONNECT permission is missing.
06-12 09:49:46.542 26624 26740 W cr_media: getBluetoothAdapter() requires BLUETOOTH permission
06-12 09:49:46.542 26624 26740 W cr_media: registerBluetoothIntentsIfNeeded: Requires BLUETOOTH permission
06-12 09:49:46.730 26624 26769 W Settings: Setting animator_duration_scale has moved from android.provider.Settings.System to android.provider.Settings.Global, returning read-only global URI.
06-12 09:49:46.777 26624 26769 E GeckoLibLoad: Load sqlite start
06-12 09:49:46.778 26624 26748 W AudioCapabilities: Unsupported mime audio/ffmpeg
06-12 09:49:46.781 26624 26769 E GeckoLibLoad: Load sqlite done
06-12 09:49:46.781 26624 26769 E GeckoLibLoad: Load nss start
06-12 09:49:46.781 26624 26769 E GeckoLibLoad: Load nss done
06-12 09:49:46.788 26624 26748 W VideoCapabilities: Unsupported mime video/ffmpeg
06-12 09:49:46.790 26624 26748 W VideoCapabilities: Unrecognized profile/level 0/3 for video/mpeg2
06-12 09:49:46.790 26624 26748 W VideoCapabilities: Unrecognized profile/level 0/3 for video/mpeg2
06-12 09:49:46.830 26624 26769 E GeckoLibLoad: Loaded libs in 48.891875ms total, 1ms(74ms) user, 25ms(28ms) system, 0(0) faults
06-12 09:49:46.832 26624 26769 W GeckoThread: zerdatime 949029693 - runGecko
06-12 09:49:47.118 26624 26624 W com.vibekey.keyboard: type=1400 audit(0.0:400078): avc: denied { bind } for comm=4E65746C696E6B204D6F6E69746F72 scontext=u:r:untrusted_app:s0:c216,c271,c512,c768 tcontext=u:r:untrusted_app:s0:c216,c271,c512,c768 tclass=netlink_route_socket permissive=0 bug=b/155595000 app=com.vibekey.keyboard
06-12 09:49:47.159 26624 26769 E ibekey.keyboar: hiddenapi: Accessing hidden field Ljava/lang/Boolean;->value:Z (runtime_flags=0, domain=core-platform, api=max-target-p) from Lorg/mozilla/gecko/GeckoThread; (domain=app, TargetSdkVersion=35) using JNI: denied
06-12 09:49:47.159 26624 26769 E ibekey.keyboar: hiddenapi: Accessing hidden field Ljava/lang/Integer;->value:I (runtime_flags=0, domain=core-platform, api=max-target-p) from Lorg/mozilla/gecko/GeckoThread; (domain=app, TargetSdkVersion=35) using JNI: denied
06-12 09:49:47.159 26624 26769 E ibekey.keyboar: hiddenapi: Accessing hidden field Ljava/lang/Long;->value:J (runtime_flags=0, domain=core-platform, api=max-target-p) from Lorg/mozilla/gecko/GeckoThread; (domain=app, TargetSdkVersion=35) using JNI: denied
06-12 09:49:47.159 26624 26769 E ibekey.keyboar: hiddenapi: Accessing hidden field Ljava/lang/Double;->value:D (runtime_flags=0, domain=core-platform, api=max-target-p) from Lorg/mozilla/gecko/GeckoThread; (domain=app, TargetSdkVersion=35) using JNI: denied
06-12 09:49:47.212 26798 26798 E .keyboard:tab3: Unknown bits set in runtime_flags: 0x40000000
06-12 09:49:52.845 26624 26624 I VkSwipe : ○ gesture canceled
06-12 09:49:52.847 26624 26624 E OplusCustomizeRestrictionManager: sInstance is null, start a new sInstance
06-12 09:49:52.869 26624 26624 I VkEffects: reload anim=scale blur=562px glow=true stickers=true
06-12 09:49:52.877 26624 26669 I VkVibeCards: loaded 1 cards (disk)
06-12 09:49:52.999 26624 26624 I VkTyping: ▶ open restart=false pkg=com.android.launcher inputType=589825
06-12 09:49:53.215 26624 26624 W View    : requestLayout() improperly called by android.widget.LinearLayout{7d634f5 V.E...... ......ID 0,1868-1440,2818 #7f0a011b app:id/main_keyboard_frame} during layout: running second layout pass
06-12 09:49:53.434 26624 26701 E BLASTBufferQueue: BLASTBufferItemConsumer::onDisconnect()
06-12 09:49:53.436 26624 26659 W VibeKeyProfiler: Slow Native Suggest: Total=8.14ms | Init=0.07ms | TrieExpand(x7)=3.97ms | Scoring=4.10ms | inputSize=15
06-12 09:49:53.467 26624 26659 W VibeKeyProfiler: Slow Native Suggest: Total=21.07ms | Init=0.05ms | TrieExpand(x7)=20.99ms | Scoring=0.02ms | inputSize=15
06-12 09:49:53.468 26624 26659 I VkSuggestions: decode typedLen=15 candidates=18 locales=3 48,8ms
06-12 09:49:53.469 26624 26659 W VkSuggestions: slow frame 48,8ms locales=3 typedLen=15 candidates=18 parallelWait=48,7ms
06-12 09:49:53.479 26624 26659 I VkSuggestions: strip composing typedLen=15 candidates=19 autocorrect=false top=dehhsjuugsijiie locale=pt
06-12 09:49:54.528 26624 26624 I VkVibeCards: enter effects=true overlay=true cards=true
06-12 09:49:54.549 26624 26624 I VkTyping: ○ hidden
06-12 09:49:54.719 26624 26624 I VkVibeCards: press pool=1 shown=4
06-12 09:49:56.361 26624 26978 W Ads     : Invoke Firebase method getInstance error.
06-12 09:49:56.361 26624 26978 W Ads     : The Google Mobile Ads SDK will not integrate with Firebase. Admob/Firebase integration requires the latest Firebase SDK jar, but Firebase SDK is either missing or out of date
06-12 09:49:56.374 26624 26957 E ibekey.keyboar: Attempt to load writable dex file: /data/user/0/com.vibekey.keyboard/app_pccache/5/C571D7DB2E7379E33F5626D87812BBADE73E9BAD/pcam.jar
06-12 09:49:56.368 26624 26624 W AdWorker(Defaul: type=1400 audit(0.0:400081): avc: granted { execute } for path="/data/data/com.vibekey.keyboard/app_pccache/5/C571D7DB2E7379E33F5626D87812BBADE73E9BAD/pcam.jar" dev="dm-2" ino=12066543 scontext=u:r:untrusted_app:s0:c216,c271,c512,c768 tcontext=u:object_r:app_data_file:s0:c216,c271,c512,c768 tclass=file app=com.vibekey.keyboard
06-12 09:49:56.389 26624 26951 W ServiceBindIntentUtils: Dynamic lookup for intent failed for action: com.google.android.gms.ads.service.CACHE
06-12 09:49:56.446 26624 26987 W ServiceBindIntentUtils: Dynamic lookup for intent failed for action: com.google.android.gms.ads.service.START
06-12 09:49:56.486 26624 26985 W Ads     : Not retrying to fetch app settings
06-12 09:49:56.510 26624 26947 W Ads     : Not retrying to fetch app settings
06-12 09:49:56.631 26624 26701 E BLASTBufferQueue: BLASTBufferItemConsumer::onDisconnect()
06-12 09:49:57.011 26624 26701 E BLASTBufferQueue: BLASTBufferItemConsumer::onDisconnect()
06-12 09:49:58.573 26624 26701 E BLASTBufferQueue: BLASTBufferItemConsumer::onDisconnect()
06-12 09:49:58.581 26624 26701 E BLASTBufferQueue: BLASTBufferItemConsumer::onDisconnect()
06-12 09:49:58.592 26624 26624 I VkTyping: ▶ open restart=false pkg=com.android.launcher inputType=589825
06-12 09:49:58.843 26624 26659 W VibeKeyProfiler: Slow Native Suggest: Total=10.10ms | Init=0.18ms | TrieExpand(x7)=9.87ms | Scoring=0.05ms | inputSize=15
06-12 09:49:58.860 26624 26659 W VibeKeyProfiler: Slow Native Suggest: Total=15.45ms | Init=0.11ms | TrieExpand(x7)=15.30ms | Scoring=0.05ms | inputSize=15
06-12 09:49:58.883 26624 26659 W VibeKeyProfiler: Slow Native Suggest: Total=19.39ms | Init=0.11ms | TrieExpand(x7)=19.23ms | Scoring=0.05ms | inputSize=15
06-12 09:49:58.898 26624 26659 W VibeKeyProfiler: Slow Native Suggest: Total=15.52ms | Init=0.11ms | TrieExpand(x8)=15.37ms | Scoring=0.04ms | inputSize=15
06-12 09:49:58.911 26624 26624 I VkTyping: ▶ open restart=true pkg=com.android.launcher inputType=589825
06-12 09:49:58.912 26624 26659 W VibeKeyProfiler: Slow Native Suggest: Total=11.68ms | Init=0.10ms | TrieExpand(x6)=11.53ms | Scoring=0.05ms | inputSize=15
06-12 09:49:58.920 26624 26659 W VkSuggestions: slow frame 84,0ms locales=3 typedLen=15 candidates=18 parallelWait=83,5ms
06-12 09:49:59.517 26624 26624 E Ads     : JS: Uncaught TypeError: Cannot read properties of null (reading 's') (https://pagead2.googlesyndication.com/omsdk/releases/live/omsdk-v1.js:27)
06-12 09:49:59.584 26624 26624 E Ads     : JS: Refused to get unsafe header "X-Afma-Gcache-IsGcacheHit" (https://www.gstatic.com/mysidia/1481c091d9df379c2904f938e54fba0c.js?tag=addon/rewarded_video:435)
06-12 09:50:01.090 26624 26624 E Ads     : JS: Refused to get unsafe header "X-Afma-Gcache-IsGcacheHit" (https://www.gstatic.com/mysidia/1481c091d9df379c2904f938e54fba0c.js?tag=addon/rewarded_video:435)
06-12 09:50:01.113 26624 26624 I VkVibeCards: enter effects=true overlay=true cards=true
06-12 09:50:01.120 26624 26782 W Ads     : Not retrying to fetch app settings
06-12 09:50:01.135 26624 26624 I VkVibeCards: enter effects=true overlay=true cards=true
06-12 09:50:01.157 26624 26624 I VkVibeCards: enter effects=true overlay=true cards=true
06-12 09:50:01.183 26624 26715 W libc    : Access denied finding property "vendor.oplus.media.vpp.stutter"
06-12 09:50:01.184 26624 26715 E MULTIMEDIAConfig: [getInt32:L80] Not find config, Returning default
06-12 09:50:01.184 26624 26715 E MULTIMEDIAConfig: [getInt32:L80] Not find config, Returning default
06-12 09:50:01.184 26624 26715 E OplusACodec: [OplusACodec:204] mSrOsieMMListCheckResult:0x0 mOsieVersion:1
06-12 09:50:01.230 26624 27066 E ListServiceUtils: checkInListByUid module:notify-network-optimize uid:14056 cost 1514us return 0
06-12 09:50:01.231 26624 27066 E OplusACodec: [GetVideoCodingTypeFromMime:L1162] mime:video/x-vnd.on2.vp9
06-12 09:50:01.400 26624 26715 W cr_MediaCodecBridge: Releasing: OMX.qcom.video.decoder.vp9
06-12 09:50:01.411 26624 27064 E ExtensionsLoader: freeAllBuffers: 10 buffers were freed while being dequeued!
06-12 09:50:01.414 26624 26715 W cr_MediaCodecBridge: Codec released
06-12 09:50:01.758 26624 27074 E FilePhenotypeFlags: Config package com.google.android.gms.clearcut_client#com.vibekey.keyboard cannot use FILE backing without declarative registration. See go/phenotype-android-integration#phenotype for more information. This will lead to stale flags.
06-12 09:50:01.813 26624 27074 E FilePhenotypeFlags: Config package com.google.android.gms.clearcut_client#com.vibekey.keyboard cannot use FILE backing without declarative registration. See go/phenotype-android-integration#phenotype for more information. This will lead to stale flags.
06-12 09:50:01.813 26624 27074 E FilePhenotypeFlags: Config package com.google.android.gms.clearcut_client#com.vibekey.keyboard cannot use FILE backing without declarative registration. See go/phenotype-android-integration#phenotype for more information. This will lead to stale flags.
06-12 09:50:02.294 26624 26624 I VkVibeCards: enter effects=true overlay=true cards=true
06-12 09:50:03.444 26624 26633 W ibekey.keyboar: Cleared Reference was only reachable from finalizer (only reported once)
06-12 09:50:03.503 26624 26624 I VkVibeCards: enter effects=true overlay=true cards=true
06-12 09:50:03.515 26624 26701 E BLASTBufferQueue: BLASTBufferItemConsumer::onDisconnect()
06-12 09:50:03.528 26624 26701 E BLASTBufferQueue: BLASTBufferItemConsumer::onDisconnect()
06-12 09:50:03.727 26624 26701 E BLASTBufferQueue: BLASTBufferItemConsumer::onDisconnect()
06-12 09:50:04.066 26624 26701 E BLASTBufferQueue: BLASTBufferItemConsumer::onDisconnect()
06-12 09:50:04.221 26624 26701 E BLASTBufferQueue: BLASTBufferItemConsumer::onDisconnect()
06-12 09:50:04.424 26624 26624 I VkVibeCards: enter effects=true overlay=true cards=true
06-12 09:50:04.588 26624 26939 E ActivityThread: Failed to find provider info for com.oplus.statistics.provider
06-12 09:50:04.589 26624 26939 E OplusStatistics--: IllegalArgumentException:java.lang.IllegalArgumentException: Unknown URL content://com.oplus.statistics.provider/track_event
06-12 09:50:04.696 26624 26624 I VkVibeCards: enter effects=true overlay=true cards=true
06-12 09:50:04.784 26624 26624 I VkVibeCards: press pool=1 shown=2
06-12 09:50:04.904 26624 26624 I VkVibeCards: enter effects=true overlay=true cards=true
06-12 09:50:05.088 26624 26624 I VkVibeCards: enter effects=true overlay=true cards=true
06-12 09:50:05.304 26624 26624 I VkVibeCards: enter effects=true overlay=true cards=true
06-12 09:50:05.365 26624 26701 E BLASTBufferQueue: BLASTBufferItemConsumer::onDisconnect()
06-12 09:50:05.431 26624 26701 E BLASTBufferQueue: BLASTBufferItemConsumer::onDisconnect()
06-12 09:50:05.834 26624 26701 E BLASTBufferQueue: BLASTBufferItemConsumer::onDisconnect()
06-12 09:50:06.370 26624 26701 E BLASTBufferQueue: BLASTBufferItemConsumer::onDisconnect()
06-12 09:50:06.616 26624 26701 E BLASTBufferQueue: BLASTBufferItemConsumer::onDisconnect()
06-12 09:50:06.721 26624 26701 E BLASTBufferQueue: BLASTBufferItemConsumer::onDisconnect()
06-12 09:50:06.961 26624 26701 E BLASTBufferQueue: BLASTBufferItemConsumer::onDisconnect()
06-12 09:50:07.027 26624 26701 E BLASTBufferQueue: BLASTBufferItemConsumer::onDisconnect()
06-12 09:50:07.287 26624 26624 I VkVibeCards: enter effects=true overlay=true cards=true
06-12 09:50:08.821 26624 26624 I VkVibeCards: enter effects=true overlay=true cards=true
06-12 09:50:09.217 26624 26701 E BLASTBufferQueue: BLASTBufferItemConsumer::onDisconnect()
06-12 09:50:09.553 26624 26701 E BLASTBufferQueue: BLASTBufferItemConsumer::onDisconnect()
06-12 09:50:09.896 26624 26701 E BLASTBufferQueue: BLASTBufferItemConsumer::onDisconnect()
06-12 09:50:10.194 26624 26701 E BLASTBufferQueue: BLASTBufferItemConsumer::onDisconnect()
06-12 09:50:10.742 26624 26701 E BLASTBufferQueue: BLASTBufferItemConsumer::onDisconnect()
06-12 09:50:11.108 26624 26701 E BLASTBufferQueue: BLASTBufferItemConsumer::onDisconnect()
06-12 09:50:11.261 26624 26624 I VkVibeCards: enter effects=true overlay=true cards=true
06-12 09:50:12.482 26624 26624 I VkVibeCards: enter effects=true overlay=true cards=true
06-12 09:50:13.168 26624 26701 E BLASTBufferQueue: BLASTBufferItemConsumer::onDisconnect()
06-12 09:50:13.535 26624 26701 E BLASTBufferQueue: BLASTBufferItemConsumer::onDisconnect()
06-12 09:50:13.695 26624 26624 I VkVibeCards: enter effects=true overlay=true cards=true
06-12 09:50:13.834 26624 26701 E BLASTBufferQueue: BLASTBufferItemConsumer::onDisconnect()
06-12 09:50:14.187 26624 26701 E BLASTBufferQueue: BLASTBufferItemConsumer::onDisconnect()
06-12 09:50:14.382 26624 26701 E BLASTBufferQueue: BLASTBufferItemConsumer::onDisconnect()
06-12 09:50:14.757 26624 26701 E BLASTBufferQueue: BLASTBufferItemConsumer::onDisconnect()
06-12 09:50:14.809 26624 26624 I VkVibeCards: enter effects=true overlay=true cards=true
06-12 09:50:14.890 26624 26624 I VkVibeCards: press pool=1 shown=4
06-12 09:50:15.620 26624 26701 E BLASTBufferQueue: BLASTBufferItemConsumer::onDisconnect()
06-12 09:50:15.954 26624 26701 E BLASTBufferQueue: BLASTBufferItemConsumer::onDisconnect()
06-12 09:50:16.095 26624 26624 I VkVibeCards: enter effects=true overlay=true cards=true
06-12 09:50:16.369 26624 26624 I VkVibeCards: enter effects=true overlay=true cards=true
06-12 09:50:16.482 26624 26624 I VkVibeCards: enter effects=true overlay=true cards=true
06-12 09:50:16.689 26624 26624 I VkVibeCards: enter effects=true overlay=true cards=true
06-12 09:50:16.710 26624 26701 E BLASTBufferQueue: BLASTBufferItemConsumer::onDisconnect()
06-12 09:50:17.080 26624 26701 E BLASTBufferQueue: BLASTBufferItemConsumer::onDisconnect()
06-12 09:50:17.398 26624 26701 E BLASTBufferQueue: BLASTBufferItemConsumer::onDisconnect()
06-12 09:50:17.728 26624 26701 E BLASTBufferQueue: BLASTBufferItemConsumer::onDisconnect()
06-12 09:50:18.004 26624 26701 E BLASTBufferQueue: BLASTBufferItemConsumer::onDisconnect()
06-12 09:50:18.339 26624 26701 E BLASTBufferQueue: BLASTBufferItemConsumer::onDisconnect()
06-12 09:50:18.600 26624 26701 E BLASTBufferQueue: BLASTBufferItemConsumer::onDisconnect()
06-12 09:50:18.918 26624 26624 I VkVibeCards: enter effects=true overlay=true cards=true
06-12 09:50:19.406 26624 26624 I VkVibeCards: enter effects=true overlay=true cards=true
06-12 09:50:19.768 26624 26624 I VkVibeCards: enter effects=true overlay=true cards=true
06-12 09:50:20.054 26624 26624 I VkVibeCards: enter effects=true overlay=true cards=true
06-12 09:50:20.841 26624 26701 E BLASTBufferQueue: BLASTBufferItemConsumer::onDisconnect()
06-12 09:50:21.203 26624 26701 E BLASTBufferQueue: BLASTBufferItemConsumer::onDisconnect()
06-12 09:50:21.333 26624 26701 E BLASTBufferQueue: BLASTBufferItemConsumer::onDisconnect()
06-12 09:50:21.511 26624 26701 E BLASTBufferQueue: BLASTBufferItemConsumer::onDisconnect()
06-12 09:50:21.685 26624 26701 E BLASTBufferQueue: BLASTBufferItemConsumer::onDisconnect()
06-12 09:50:21.727 26624 26701 E BLASTBufferQueue: BLASTBufferItemConsumer::onDisconnect()
06-12 09:50:21.828 26624 26701 E BLASTBufferQueue: BLASTBufferItemConsumer::onDisconnect()
06-12 09:50:21.994 26624 26701 E BLASTBufferQueue: BLASTBufferItemConsumer::onDisconnect()
06-12 09:50:22.049 26624 26624 I VkVibeCards: enter effects=true overlay=true cards=true
06-12 09:50:22.363 26624 26701 E BLASTBufferQueue: BLASTBufferItemConsumer::onDisconnect()
06-12 09:50:23.536 26624 26624 I VkVibeCards: enter effects=true overlay=true cards=true
06-12 09:50:24.003 26624 26701 E BLASTBufferQueue: BLASTBufferItemConsumer::onDisconnect()
06-12 09:50:24.323 26624 26701 E BLASTBufferQueue: BLASTBufferItemConsumer::onDisconnect()
06-12 09:50:24.635 26624 26701 E BLASTBufferQueue: BLASTBufferItemConsumer::onDisconnect()
06-12 09:50:24.955 26624 26701 E BLASTBufferQueue: BLASTBufferItemConsumer::onDisconnect()
06-12 09:50:25.357 26624 26624 I VkVibeCards: enter effects=true overlay=true cards=true
06-12 09:50:25.436 26624 26701 E BLASTBufferQueue: BLASTBufferItemConsumer::onDisconnect()
06-12 09:50:25.445 26624 26624 I VkVibeCards: press pool=1 shown=4
06-12 09:50:25.542 26624 26624 I VkVibeCards: enter effects=true overlay=true cards=true
06-12 09:50:25.678 26624 26624 I VkVibeCards: enter effects=true overlay=true cards=true
06-12 09:50:25.802 26624 26701 E BLASTBufferQueue: BLASTBufferItemConsumer::onDisconnect()
06-12 09:50:25.826 26624 26624 I VkVibeCards: enter effects=true overlay=true cards=true
06-12 09:50:25.971 26624 26624 I VkVibeCards: enter effects=true overlay=true cards=true
06-12 09:50:26.151 26624 26624 I VkVibeCards: enter effects=true overlay=true cards=true
06-12 09:50:27.264 26624 26701 E BLASTBufferQueue: BLASTBufferItemConsumer::onDisconnect()
06-12 09:50:27.458 26624 26701 E BLASTBufferQueue: BLASTBufferItemConsumer::onDisconnect()
06-12 09:50:27.623 26624 26701 E BLASTBufferQueue: BLASTBufferItemConsumer::onDisconnect()
06-12 09:50:27.696 26624 26701 E BLASTBufferQueue: BLASTBufferItemConsumer::onDisconnect()
06-12 09:50:27.763 26624 26701 E BLASTBufferQueue: BLASTBufferItemConsumer::onDisconnect()
06-12 09:50:27.811 26624 26701 E BLASTBufferQueue: BLASTBufferItemConsumer::onDisconnect()
06-12 09:50:27.946 26624 26701 E BLASTBufferQueue: BLASTBufferItemConsumer::onDisconnect()
06-12 09:50:27.987 26624 26701 E BLASTBufferQueue: BLASTBufferItemConsumer::onDisconnect()
06-12 09:50:28.106 26624 26701 E BLASTBufferQueue: BLASTBufferItemConsumer::onDisconnect()
06-12 09:50:28.137 26624 26624 I VkVibeCards: enter effects=true overlay=true cards=true
06-12 09:50:28.141 26624 26701 E BLASTBufferQueue: BLASTBufferItemConsumer::onDisconnect()
06-12 09:50:28.304 26624 26701 E BLASTBufferQueue: BLASTBufferItemConsumer::onDisconnect()
06-12 09:50:28.320 26624 26701 E BLASTBufferQueue: BLASTBufferItemConsumer::onDisconnect()
06-12 09:50:28.532 26624 26624 I VkVibeCards: enter effects=true overlay=true cards=true
06-12 09:50:28.600 26624 26701 E BLASTBufferQueue: BLASTBufferItemConsumer::onDisconnect()
06-12 09:50:28.686 26624 26624 I VkVibeCards: enter effects=true overlay=true cards=true
06-12 09:50:28.831 26624 26624 I VkVibeCards: enter effects=true overlay=true cards=true
06-12 09:50:29.017 26624 26624 I VkVibeCards: enter effects=true overlay=true cards=true
06-12 09:50:29.195 26624 26624 I VkVibeCards: enter effects=true overlay=true cards=true
06-12 09:50:30.077 26624 26701 E BLASTBufferQueue: BLASTBufferItemConsumer::onDisconnect()
06-12 09:50:30.381 26624 26701 E BLASTBufferQueue: BLASTBufferItemConsumer::onDisconnect()
06-12 09:50:30.451 26624 26701 E BLASTBufferQueue: BLASTBufferItemConsumer::onDisconnect()
06-12 09:50:30.602 26624 26701 E BLASTBufferQueue: BLASTBufferItemConsumer::onDisconnect()
06-12 09:50:30.724 26624 26701 E BLASTBufferQueue: BLASTBufferItemConsumer::onDisconnect()
06-12 09:50:30.774 26624 26701 E BLASTBufferQueue: BLASTBufferItemConsumer::onDisconnect()
06-12 09:50:30.810 26624 26701 E BLASTBufferQueue: BLASTBufferItemConsumer::onDisconnect()
06-12 09:50:30.973 26624 26701 E BLASTBufferQueue: BLASTBufferItemConsumer::onDisconnect()
06-12 09:50:31.130 26624 26701 E BLASTBufferQueue: BLASTBufferItemConsumer::onDisconnect()
06-12 09:50:31.341 26624 26701 E BLASTBufferQueue: BLASTBufferItemConsumer::onDisconnect()
06-12 09:50:31.460 26624 26701 E BLASTBufferQueue: BLASTBufferItemConsumer::onDisconnect()
06-12 09:50:32.277 26624 26624 I VkVibeCards: enter effects=true overlay=true cards=true
06-12 09:50:33.674 26624 26624 I VkVibeCards: enter effects=true overlay=true cards=true
06-12 09:50:34.213 26624 26701 E BLASTBufferQueue: BLASTBufferItemConsumer::onDisconnect()
06-12 09:50:34.543 26624 26701 E BLASTBufferQueue: BLASTBufferItemConsumer::onDisconnect()
06-12 09:50:34.583 26624 26624 I VkVibeCards: enter effects=true overlay=true cards=true
06-12 09:50:34.748 26624 26624 I VkVibeCards: enter effects=true overlay=true cards=true
06-12 09:50:34.860 26624 26701 E BLASTBufferQueue: BLASTBufferItemConsumer::onDisconnect()
06-12 09:50:34.911 26624 26624 I VkVibeCards: enter effects=true overlay=true cards=true
06-12 09:50:35.096 26624 26624 I VkVibeCards: enter effects=true overlay=true cards=true
06-12 09:50:35.169 26624 26701 E BLASTBufferQueue: BLASTBufferItemConsumer::onDisconnect()
06-12 09:50:35.618 26624 26701 E BLASTBufferQueue: BLASTBufferItemConsumer::onDisconnect()
06-12 09:50:35.987 26624 26701 E BLASTBufferQueue: BLASTBufferItemConsumer::onDisconnect()
06-12 09:50:36.505 26624 26701 E BLASTBufferQueue: BLASTBufferItemConsumer::onDisconnect()
06-12 09:50:36.693 26624 26701 E BLASTBufferQueue: BLASTBufferItemConsumer::onDisconnect()
06-12 09:50:36.828 26624 26701 E BLASTBufferQueue: BLASTBufferItemConsumer::onDisconnect()
06-12 09:50:36.870 26624 26701 E BLASTBufferQueue: BLASTBufferItemConsumer::onDisconnect()
06-12 09:50:37.249 26624 26624 I VkVibeCards: enter effects=true overlay=true cards=true
06-12 09:50:37.335 26624 26624 I VkVibeCards: press pool=1 shown=4
06-12 09:50:38.404 26624 26624 I VkVibeCards: enter effects=true overlay=true cards=true
06-12 09:50:38.599 26624 26624 I VkVibeCards: enter effects=true overlay=true cards=true
06-12 09:50:38.780 26624 26624 I VkVibeCards: enter effects=true overlay=true cards=true
06-12 09:50:39.026 26624 26624 I VkVibeCards: enter effects=true overlay=true cards=true
06-12 09:50:39.164 26624 26701 E BLASTBufferQueue: BLASTBufferItemConsumer::onDisconnect()
06-12 09:50:39.521 26624 26701 E BLASTBufferQueue: BLASTBufferItemConsumer::onDisconnect()
06-12 09:50:39.837 26624 26701 E BLASTBufferQueue: BLASTBufferItemConsumer::onDisconnect()
06-12 09:50:39.942 26624 26624 I VkVibeCards: enter effects=true overlay=true cards=true
06-12 09:50:40.110 26624 26624 I VkVibeCards: enter effects=true overlay=true cards=true
06-12 09:50:40.159 26624 26701 E BLASTBufferQueue: BLASTBufferItemConsumer::onDisconnect()
06-12 09:50:40.263 26624 26624 I VkVibeCards: enter effects=true overlay=true cards=true
06-12 09:50:40.310 26624 26701 E BLASTBufferQueue: BLASTBufferItemConsumer::onDisconnect()
06-12 09:50:40.418 26624 26624 I VkVibeCards: enter effects=true overlay=true cards=true
06-12 09:50:40.507 26624 26701 E BLASTBufferQueue: BLASTBufferItemConsumer::onDisconnect()
06-12 09:50:40.570 26624 26624 I VkVibeCards: enter effects=true overlay=true cards=true
06-12 09:50:40.674 26624 26701 E BLASTBufferQueue: BLASTBufferItemConsumer::onDisconnect()
06-12 09:50:41.690 26624 26624 I VkTyping: ○ hidden
06-12 09:50:41.878 26624 26701 E BLASTBufferQueue: BLASTBufferItemConsumer::onDisconnect()
06-12 09:50:42.038 26624 26701 E BLASTBufferQueue: BLASTBufferItemConsumer::onDisconnect()
06-12 09:50:42.186 26624 26701 E BLASTBufferQueue: BLASTBufferItemConsumer::onDisconnect()
06-12 09:50:42.221 26624 26701 E BLASTBufferQueue: BLASTBufferItemConsumer::onDisconnect()
06-12 09:50:42.356 26624 26701 E BLASTBufferQueue: BLASTBufferItemConsumer::onDisconnect()
06-12 09:50:42.403 26624 26701 E BLASTBufferQueue: BLASTBufferItemConsumer::onDisconnect()
06-12 09:50:42.535 26624 26701 E BLASTBufferQueue: BLASTBufferItemConsumer::onDisconnect()
06-12 09:50:42.729 26624 26624 I VkTyping: ▶ open restart=false pkg=com.android.launcher inputType=589825
06-12 09:50:43.737 26624 26624 I VkSwipe : ▶ gesture started locale=pt-BR
06-12 09:50:43.760 26624 26659 I VkSuggestions: decode typedLen=0 candidates=18 locales=3 20,9ms
06-12 09:50:43.760 26624 26659 W VkSuggestions: slow frame 20,9ms locales=3 typedLen=0 candidates=18 parallelWait=20,8ms
06-12 09:50:43.876 26624 26659 I VkSuggestions: decode typedLen=2 candidates=18 locales=3 19,8ms
06-12 09:50:43.877 26624 26659 W VkSuggestions: slow frame 19,8ms locales=3 typedLen=2 candidates=18 parallelWait=19,7ms
06-12 09:50:43.894 26624 26659 I VkSuggestions: decode typedLen=0 candidates=18 locales=3 16,6ms
06-12 09:50:43.894 26624 26659 W VkSuggestions: slow frame 16,6ms locales=3 typedLen=0 candidates=18 parallelWait=16,5ms
06-12 09:50:43.933 26624 26659 I VkSuggestions: decode typedLen=2 candidates=18 locales=3 16,1ms
06-12 09:50:43.933 26624 26659 W VkSuggestions: slow frame 16,1ms locales=3 typedLen=2 candidates=18 parallelWait=16,0ms
06-12 09:50:43.950 26624 26659 I VkSuggestions: decode typedLen=0 candidates=18 locales=3 17,0ms
06-12 09:50:43.951 26624 26659 W VkSuggestions: slow frame 17,0ms locales=3 typedLen=0 candidates=18 parallelWait=16,9ms
06-12 09:50:43.987 26624 26624 I VkSwipe : ▶ gesture started locale=pt-BR
06-12 09:50:44.296 26624 26659 I VkSuggestions: decode typedLen=3 candidates=17 locales=3 20,7ms
06-12 09:50:44.297 26624 26659 W VkSuggestions: slow frame 20,7ms locales=3 typedLen=3 candidates=17 parallelWait=20,6ms
06-12 09:50:44.300 26624 26659 I VkSuggestions: decode typedLen=0 candidates=18 locales=3 3,2ms
06-12 09:50:44.354 26624 26659 I VkSuggestions: decode typedLen=3 candidates=18 locales=3 20,2ms
06-12 09:50:44.355 26624 26659 W VkSuggestions: slow frame 20,2ms locales=3 typedLen=3 candidates=18 parallelWait=20,1ms
06-12 09:50:44.373 26624 26659 I VkSuggestions: decode typedLen=0 candidates=18 locales=3 18,0ms
06-12 09:50:44.373 26624 26659 W VkSuggestions: slow frame 18,0ms locales=3 typedLen=0 candidates=18 parallelWait=17,8ms
06-12 09:50:44.390 26624 26624 I VkSwipe : ✓ gesture points=27 decodedLen=4 candidates=13 top=gajo 402ms
06-12 09:50:44.673 26624 26624 I VkSwipe : ▶ gesture started locale=pt-BR
06-12 09:50:44.698 26624 26659 W VkSuggestions: slow frame 19,4ms locales=3 typedLen=0 candidates=18 parallelWait=19,3ms
06-12 09:50:44.714 26624 26659 I VkSuggestions: decode typedLen=2 candidates=18 locales=3 14,3ms
06-12 09:50:44.722 26624 26659 I VkSuggestions: decode typedLen=0 candidates=18 locales=3 7,4ms
06-12 09:50:44.734 26624 26624 I VkSwipe : ✓ gesture points=7 decodedLen=2 candidates=16 top=de 61ms
06-12 09:50:45.043 26624 26659 I VkSuggestions: decode typedLen=1 candidates=18 locales=3 28,6ms
06-12 09:50:45.043 26624 26659 W VkSuggestions: slow frame 28,6ms locales=3 typedLen=1 candidates=18 parallelWait=28,3ms
06-12 09:50:45.045 26624 26659 I VkAutocorrect: offered: e → e
06-12 09:50:45.045 26624 26659 I VkSuggestions: strip composing typedLen=1 candidates=18 autocorrect=true top=e locale=pt
06-12 09:50:45.068 26624 26624 I VkVibeCards: enter effects=true overlay=true cards=true
06-12 09:50:45.141 26624 26624 I VkTyping: ○ hidden
06-12 09:50:46.214 26624 26624 I VkTyping: ▶ open restart=false pkg=com.android.launcher inputType=589825
06-12 09:50:46.434 26624 26659 W VkSuggestions: slow frame 26,9ms locales=3 typedLen=1 candidates=18 parallelWait=26,6ms
06-12 09:50:46.436 26624 26659 I VkSuggestions: strip composing typedLen=1 candidates=17 autocorrect=false top=e locale=pt
06-12 09:50:46.985 26624 26701 E BLASTBufferQueue: BLASTBufferItemConsumer::onDisconnect()
06-12 09:50:47.049 26624 26624 I VkTyping: ▶ open restart=true pkg=com.android.launcher inputType=589825
06-12 09:50:47.362 26624 26701 E BLASTBufferQueue: BLASTBufferItemConsumer::onDisconnect()
06-12 09:50:47.682 26624 26701 E BLASTBufferQueue: BLASTBufferItemConsumer::onDisconnect()
06-12 09:50:47.979 26624 26701 E BLASTBufferQueue: BLASTBufferItemConsumer::onDisconnect()
06-12 09:50:48.625 26624 26659 W VkSuggestions: slow frame 21,8ms locales=3 typedLen=1 candidates=18 parallelWait=21,5ms
06-12 09:50:48.628 26624 26659 I VkSuggestions: strip composing typedLen=1 candidates=19 autocorrect=false top=h locale=pt
06-12 09:50:48.790 26624 26659 I VkSuggestions: decode typedLen=2 candidates=18 locales=3 12,7ms
06-12 09:50:48.791 26624 26659 I VkSuggestions: strip composing typedLen=2 candidates=16 autocorrect=false top=ho locale=pt
06-12 09:50:48.964 26624 26659 I VkSuggestions: decode typedLen=3 candidates=17 locales=3 13,6ms
06-12 09:50:48.965 26624 26659 I VkSuggestions: strip composing typedLen=3 candidates=13 autocorrect=false top=hol locale=pt
06-12 09:50:49.104 26624 26659 I VkSuggestions: decode typedLen=4 candidates=18 locales=3 20,7ms
06-12 09:50:49.105 26624 26659 W VkSuggestions: slow frame 20,7ms locales=3 typedLen=4 candidates=18 parallelWait=20,5ms
06-12 09:50:49.107 26624 26659 I VkSuggestions: strip composing typedLen=4 candidates=11 autocorrect=false top=hola locale=pt
06-12 09:50:49.552 26624 26624 I VkAutocorrect: kept (typing): hola
06-12 09:50:49.656 26624 26659 I VkSuggestions: decode typedLen=0 candidates=1 locales=3 2,0ms
06-12 09:50:49.668 26624 26659 I VkSuggestions: strip prediction typedLen=0 candidates=1 autocorrect=false top=María locale=pt
06-12 09:50:50.447 26624 26659 I VkSuggestions: decode typedLen=1 candidates=18 locales=3 25,3ms
06-12 09:50:50.448 26624 26659 W VkSuggestions: slow frame 25,3ms locales=3 typedLen=1 candidates=18 parallelWait=25,0ms
06-12 09:50:50.449 26624 26659 I VkSuggestions: strip composing typedLen=1 candidates=16 autocorrect=false top=m locale=pt
06-12 09:50:50.592 26624 26659 I VkSuggestions: decode typedLen=2 candidates=18 locales=3 20,9ms
06-12 09:50:50.592 26624 26659 W VkSuggestions: slow frame 20,9ms locales=3 typedLen=2 candidates=18 parallelWait=20,6ms
06-12 09:50:50.594 26624 26659 I VkSuggestions: strip composing typedLen=2 candidates=15 autocorrect=false top=ma locale=pt
06-12 09:50:50.841 26624 26659 I VkSuggestions: decode typedLen=3 candidates=18 locales=3 13,3ms
06-12 09:50:50.843 26624 26659 I VkSuggestions: strip composing typedLen=3 candidates=15 autocorrect=false top=mar locale=pt
06-12 09:50:51.073 26624 26659 I VkSuggestions: decode typedLen=5 candidates=18 locales=3 23,6ms
06-12 09:50:51.073 26624 26659 W VkSuggestions: slow frame 23,6ms locales=3 typedLen=5 candidates=18 parallelWait=23,5ms
06-12 09:50:51.075 26624 26659 I VkAutocorrect: offered: maria → maria
06-12 09:50:51.075 26624 26659 I VkSuggestions: strip composing typedLen=5 candidates=14 autocorrect=true top=maria locale=pt
06-12 09:50:51.105 26624 26624 I VkAutocorrect: committed (typing): maria → María
06-12 09:50:51.210 26624 26659 I VkSuggestions: decode typedLen=0 candidates=1 locales=3 0,8ms
06-12 09:50:51.212 26624 26659 I VkSuggestions: strip prediction typedLen=0 candidates=4 autocorrect=false top=ohio locale=pt
06-12 09:50:51.700 26624 26939 E ActivityThread: Failed to find provider info for com.oplus.statistics.provider
06-12 09:50:51.700 26624 26939 E OplusStatistics--: IllegalArgumentException:java.lang.IllegalArgumentException: Unknown URL content://com.oplus.statistics.provider/track_event
06-12 09:50:52.144 26624 26659 I VkSuggestions: decode typedLen=2 candidates=18 locales=3 14,9ms
06-12 09:50:52.145 26624 26659 I VkSuggestions: strip composing typedLen=2 candidates=14 autocorrect=false top=co locale=pt
06-12 09:50:52.303 26624 26659 I VkSuggestions: decode typedLen=3 candidates=18 locales=3 13,5ms
06-12 09:50:52.305 26624 26659 I VkSuggestions: strip composing typedLen=3 candidates=15 autocorrect=false top=com locale=pt
06-12 09:50:52.474 26624 26659 W VibeKeyProfiler: Slow Native Suggest: Total=9.53ms | Init=0.05ms | TrieExpand(x13)=9.42ms | Scoring=0.06ms | inputSize=4
06-12 09:50:52.493 26624 26659 I VkSuggestions: decode typedLen=4 candidates=18 locales=3 35,0ms
06-12 09:50:52.494 26624 26659 W VkSuggestions: slow frame 35,0ms locales=3 typedLen=4 candidates=18 parallelWait=34,6ms
06-12 09:50:52.496 26624 26659 I VkSuggestions: strip composing typedLen=4 candidates=15 autocorrect=false top=como locale=pt
06-12 09:50:52.578 26624 26624 I VkAutocorrect: kept (typing): como
06-12 09:50:52.681 26624 26659 I VkSuggestions: decode typedLen=0 candidates=1 locales=3 0,5ms
06-12 09:50:52.682 26624 26659 I VkSuggestions: strip prediction typedLen=0 candidates=1 autocorrect=false top=esta locale=pt
06-12 09:50:52.863 26624 26659 I VkSuggestions: strip prediction typedLen=0 candidates=3 autocorrect=false top=hola locale=pt
06-12 09:50:53.372 26624 26659 I VkSuggestions: strip prediction typedLen=0 candidates=1 autocorrect=false top=esta locale=pt
06-12 09:50:53.874 26624 26624 I VkAutocorrect: kept (typing): como
06-12 09:50:54.240 26624 26659 I VkSuggestions: decode typedLen=1 candidates=18 locales=3 24,9ms
06-12 09:50:54.240 26624 26659 W VkSuggestions: slow frame 24,9ms locales=3 typedLen=1 candidates=18 parallelWait=24,6ms
06-12 09:50:54.241 26624 26659 I VkAutocorrect: offered: e → e
06-12 09:50:54.241 26624 26659 I VkSuggestions: strip composing typedLen=1 candidates=18 autocorrect=true top=e locale=pt
06-12 09:50:54.389 26624 26659 W VibeKeyProfiler: Slow Native Suggest: Total=9.30ms | Init=0.04ms | TrieExpand(x16)=9.22ms | Scoring=0.04ms | inputSize=2
06-12 09:50:54.401 26624 26659 I VkSuggestions: decode typedLen=2 candidates=18 locales=3 24,9ms
06-12 09:50:54.401 26624 26659 W VkSuggestions: slow frame 24,9ms locales=3 typedLen=2 candidates=18 parallelWait=24,7ms
06-12 09:50:54.403 26624 26659 I VkAutocorrect: offered: es → es
06-12 09:50:54.403 26624 26659 I VkSuggestions: strip composing typedLen=2 candidates=14 autocorrect=true top=es locale=pt
06-12 09:50:54.584 26624 26659 I VkSuggestions: decode typedLen=3 candidates=18 locales=3 21,7ms
