06-01 20:22:59.553 32037 32037 E BrowserPanel: 	at com.android.internal.os.RuntimeInit$MethodAndArgsCaller.run(RuntimeInit.java:584)
06-01 20:22:59.553 32037 32037 E BrowserPanel: 	at com.android.internal.os.ZygoteInit.main(ZygoteInit.java:1034)
06-01 20:22:59.553 32037 32037 W View    : requestLayout() improperly called by helium314.keyboard.latin.panels.BrowserPanelView{b922205 V.E...... ........ 0,0-1440,2040} during second layout pass: posting in next frame
06-01 20:22:59.556 32037 32037 E BrowserPanel: Gecko engine creation failed
06-01 20:22:59.556 32037 32037 E BrowserPanel: java.lang.IllegalStateException: Only one GeckoRuntime instance is allowed
06-01 20:22:59.556 32037 32037 E BrowserPanel: 	at org.mozilla.geckoview.GeckoRuntime.<init>(r8-map-id-3c351da567bdd5f2e3d6e12273dbf737335458a992cc4f22d130f49ea91f16d9:14)
06-01 20:22:59.556 32037 32037 E BrowserPanel: 	at org.mozilla.geckoview.GeckoRuntime.create(r8-map-id-3c351da567bdd5f2e3d6e12273dbf737335458a992cc4f22d130f49ea91f16d9:4)
06-01 20:22:59.556 32037 32037 E BrowserPanel: 	at y7.z1.b(r8-map-id-3c351da567bdd5f2e3d6e12273dbf737335458a992cc4f22d130f49ea91f16d9:171)
06-01 20:22:59.556 32037 32037 E BrowserPanel: 	at y7.z1.a(r8-map-id-3c351da567bdd5f2e3d6e12273dbf737335458a992cc4f22d130f49ea91f16d9:49)
06-01 20:22:59.556 32037 32037 E BrowserPanel: 	at y7.z1.f(r8-map-id-3c351da567bdd5f2e3d6e12273dbf737335458a992cc4f22d130f49ea91f16d9:15)
06-01 20:22:59.556 32037 32037 E BrowserPanel: 	at y7.u1.<init>(r8-map-id-3c351da567bdd5f2e3d6e12273dbf737335458a992cc4f22d130f49ea91f16d9:83)
06-01 20:22:59.556 32037 32037 E BrowserPanel: 	at helium314.keyboard.latin.panels.BrowserPanelView.Y(r8-map-id-3c351da567bdd5f2e3d6e12273dbf737335458a992cc4f22d130f49ea91f16d9:355)
06-01 20:22:59.556 32037 32037 E BrowserPanel: 	at y7.b2.run(r8-map-id-3c351da567bdd5f2e3d6e12273dbf737335458a992cc4f22d130f49ea91f16d9:209)
06-01 20:22:59.556 32037 32037 E BrowserPanel: 	at android.os.Handler.handleCallback(Handler.java:938)
06-01 20:22:59.556 32037 32037 E BrowserPanel: 	at android.os.Handler.dispatchMessage(Handler.java:99)
06-01 20:22:59.556 32037 32037 E BrowserPanel: 	at android.os.Looper.loopOnce(Looper.java:233)
06-01 20:22:59.556 32037 32037 E BrowserPanel: 	at android.os.Looper.loop(Looper.java:344)
06-01 20:22:59.556 32037 32037 E BrowserPanel: 	at android.app.ActivityThread.main(ActivityThread.java:8212)
06-01 20:22:59.556 32037 32037 E BrowserPanel: 	at java.lang.reflect.Method.invoke(Native Method)
06-01 20:22:59.556 32037 32037 E BrowserPanel: 	at com.android.internal.os.RuntimeInit$MethodAndArgsCaller.run(RuntimeInit.java:584)
06-01 20:22:59.556 32037 32037 E BrowserPanel: 	at com.android.internal.os.ZygoteInit.main(ZygoteInit.java:1034)
06-01 20:22:59.563 32037 32037 W View    : requestLayout() improperly called by helium314.keyboard.latin.panels.BrowserPanelView{b922205 V.E...... ......I. 0,0-1440,2040} during layout: running second layout pass
06-01 20:22:59.567 32037 32037 W View    : requestLayout() improperly called by helium314.keyboard.latin.panels.BrowserPanelView{b922205 V.E...... ........ 0,0-1440,2040} during second layout pass: posting in next frame
06-01 20:22:59.580 32037 32037 W View    : requestLayout() improperly called by helium314.keyboard.latin.panels.BrowserPanelView{b922205 V.E...... ......I. 0,0-1440,2040} during layout: running second layout pass
06-01 20:22:59.584 32037 32037 W View    : requestLayout() improperly called by helium314.keyboard.latin.panels.BrowserPanelView{b922205 V.E...... ........ 0,0-1440,2040} during second layout pass: posting in next frame
06-01 20:22:59.597 32037 32037 W View    : requestLayout() improperly called by helium314.keyboard.latin.panels.BrowserPanelView{b922205 V.E...... ......I. 0,0-1440,2040} during layout: running second layout pass
06-01 20:22:59.603 32037 32037 W View    : requestLayout() improperly called by helium314.keyboard.latin.panels.BrowserPanelView{b922205 V.E...... ........ 0,0-1440,2040} during second layout pass: posting in next frame
06-01 20:22:59.618 32037 32037 W View    : requestLayout() improperly called by helium314.keyboard.latin.panels.BrowserPanelView{b922205 V.E...... ......I. 0,0-1440,2040} during layout: running second layout pass
06-01 20:22:59.621 32037 32037 W View    : requestLayout() improperly called by helium314.keyboard.latin.panels.BrowserPanelView{b922205 V.E...... ........ 0,0-1440,2040} during second layout pass: posting in next frame
06-01 20:22:59.625 32037 32037 E BrowserPanel: Gecko engine creation failed
06-01 20:22:59.625 32037 32037 E BrowserPanel: java.lang.IllegalStateException: Only one GeckoRuntime instance is allowed
06-01 20:22:59.625 32037 32037 E BrowserPanel: 	at org.mozilla.geckoview.GeckoRuntime.<init>(r8-map-id-3c351da567bdd5f2e3d6e12273dbf737335458a992cc4f22d130f49ea91f16d9:14)
06-01 20:22:59.625 32037 32037 E BrowserPanel: 	at org.mozilla.geckoview.GeckoRuntime.create(r8-map-id-3c351da567bdd5f2e3d6e12273dbf737335458a992cc4f22d130f49ea91f16d9:4)
06-01 20:22:59.625 32037 32037 E BrowserPanel: 	at y7.z1.b(r8-map-id-3c351da567bdd5f2e3d6e12273dbf737335458a992cc4f22d130f49ea91f16d9:171)
06-01 20:22:59.625 32037 32037 E BrowserPanel: 	at y7.z1.a(r8-map-id-3c351da567bdd5f2e3d6e12273dbf737335458a992cc4f22d130f49ea91f16d9:49)
06-01 20:22:59.625 32037 32037 E BrowserPanel: 	at y7.z1.f(r8-map-id-3c351da567bdd5f2e3d6e12273dbf737335458a992cc4f22d130f49ea91f16d9:15)
06-01 20:22:59.625 32037 32037 E BrowserPanel: 	at y7.u1.<init>(r8-map-id-3c351da567bdd5f2e3d6e12273dbf737335458a992cc4f22d130f49ea91f16d9:83)
06-01 20:22:59.625 32037 32037 E BrowserPanel: 	at helium314.keyboard.latin.panels.BrowserPanelView.Y(r8-map-id-3c351da567bdd5f2e3d6e12273dbf737335458a992cc4f22d130f49ea91f16d9:355)
06-01 20:22:59.625 32037 32037 E BrowserPanel: 	at y7.b2.run(r8-map-id-3c351da567bdd5f2e3d6e12273dbf737335458a992cc4f22d130f49ea91f16d9:209)
06-01 20:22:59.625 32037 32037 E BrowserPanel: 	at android.os.Handler.handleCallback(Handler.java:938)
06-01 20:22:59.625 32037 32037 E BrowserPanel: 	at android.os.Handler.dispatchMessage(Handler.java:99)
06-01 20:22:59.625 32037 32037 E BrowserPanel: 	at android.os.Looper.loopOnce(Looper.java:233)
06-01 20:22:59.625 32037 32037 E BrowserPanel: 	at android.os.Looper.loop(Looper.java:344)
06-01 20:22:59.625 32037 32037 E BrowserPanel: 	at android.app.ActivityThread.main(ActivityThread.java:8212)
06-01 20:22:59.625 32037 32037 E BrowserPanel: 	at java.lang.reflect.Method.invoke(Native Method)
06-01 20:22:59.625 32037 32037 E BrowserPanel: 	at com.android.internal.os.RuntimeInit$MethodAndArgsCaller.run(RuntimeInit.java:584)
06-01 20:22:59.625 32037 32037 E BrowserPanel: 	at com.android.internal.os.ZygoteInit.main(ZygoteInit.java:1034)
06-01 20:22:59.629 32037 32037 E BrowserPanel: Gecko engine creation failed
06-01 20:22:59.629 32037 32037 E BrowserPanel: java.lang.IllegalStateException: Only one GeckoRuntime instance is allowed
06-01 20:22:59.629 32037 32037 E BrowserPanel: 	at org.mozilla.geckoview.GeckoRuntime.<init>(r8-map-id-3c351da567bdd5f2e3d6e12273dbf737335458a992cc4f22d130f49ea91f16d9:14)
06-01 20:22:59.629 32037 32037 E BrowserPanel: 	at org.mozilla.geckoview.GeckoRuntime.create(r8-map-id-3c351da567bdd5f2e3d6e12273dbf737335458a992cc4f22d130f49ea91f16d9:4)
06-01 20:22:59.629 32037 32037 E BrowserPanel: 	at y7.z1.b(r8-map-id-3c351da567bdd5f2e3d6e12273dbf737335458a992cc4f22d130f49ea91f16d9:171)
06-01 20:22:59.629 32037 32037 E BrowserPanel: 	at y7.z1.a(r8-map-id-3c351da567bdd5f2e3d6e12273dbf737335458a992cc4f22d130f49ea91f16d9:49)
06-01 20:22:59.629 32037 32037 E BrowserPanel: 	at y7.z1.f(r8-map-id-3c351da567bdd5f2e3d6e12273dbf737335458a992cc4f22d130f49ea91f16d9:15)
06-01 20:22:59.629 32037 32037 E BrowserPanel: 	at y7.u1.<init>(r8-map-id-3c351da567bdd5f2e3d6e12273dbf737335458a992cc4f22d130f49ea91f16d9:83)
06-01 20:22:59.629 32037 32037 E BrowserPanel: 	at helium314.keyboard.latin.panels.BrowserPanelView.Y(r8-map-id-3c351da567bdd5f2e3d6e12273dbf737335458a992cc4f22d130f49ea91f16d9:355)
06-01 20:22:59.629 32037 32037 E BrowserPanel: 	at y7.b2.run(r8-map-id-3c351da567bdd5f2e3d6e12273dbf737335458a992cc4f22d130f49ea91f16d9:209)
06-01 20:22:59.629 32037 32037 E BrowserPanel: 	at android.os.Handler.handleCallback(Handler.java:938)
06-01 20:22:59.629 32037 32037 E BrowserPanel: 	at android.os.Handler.dispatchMessage(Handler.java:99)
06-01 20:22:59.629 32037 32037 E BrowserPanel: 	at android.os.Looper.loopOnce(Looper.java:233)
06-01 20:22:59.629 32037 32037 E BrowserPanel: 	at android.os.Looper.loop(Looper.java:344)
06-01 20:22:59.629 32037 32037 E BrowserPanel: 	at android.app.ActivityThread.main(ActivityThread.java:8212)
06-01 20:22:59.629 32037 32037 E BrowserPanel: 	at java.lang.reflect.Method.invoke(Native Method)
06-01 20:22:59.629 32037 32037 E BrowserPanel: 	at com.android.internal.os.RuntimeInit$MethodAndArgsCaller.run(RuntimeInit.java:584)
06-01 20:22:59.629 32037 32037 E BrowserPanel: 	at com.android.internal.os.ZygoteInit.main(ZygoteInit.java:1034)
06-01 20:22:59.630 32037 32037 W View    : requestLayout() improperly called by helium314.keyboard.latin.panels.BrowserPanelView{b922205 V.E...... ......I. 0,0-1440,2040} during layout: running second layout pass
06-01 20:22:59.648 32037 32037 W View    : requestLayout() improperly called by helium314.keyboard.latin.panels.BrowserPanelView{b922205 V.E...... ........ 0,0-1440,2040} during second layout pass: posting in next frame
06-01 20:22:59.649 32037 32037 W View    : requestLayout() improperly called by helium314.keyboard.latin.panels.BrowserPanelView{b922205 V.E...... ......I. 0,0-1440,2040} during layout: running second layout pass
06-01 20:22:59.652 32037 32037 W View    : requestLayout() improperly called by helium314.keyboard.latin.panels.BrowserPanelView{b922205 V.E...... ........ 0,0-1440,2040} during second layout pass: posting in next frame
06-01 20:22:59.663 32037 32037 W View    : requestLayout() improperly called by helium314.keyboard.latin.panels.BrowserPanelView{b922205 V.E...... ......I. 0,0-1440,2040} during layout: running second layout pass
06-01 20:22:59.667 32037 32037 W View    : requestLayout() improperly called by helium314.keyboard.latin.panels.BrowserPanelView{b922205 V.E...... ........ 0,0-1440,2040} during second layout pass: posting in next frame
06-01 20:22:59.680 32037 32037 W View    : requestLayout() improperly called by helium314.keyboard.latin.panels.BrowserPanelView{b922205 V.E...... ......I. 0,0-1440,2040} during layout: running second layout pass
06-01 20:22:59.684 32037 32037 W View    : requestLayout() improperly called by helium314.keyboard.latin.panels.BrowserPanelView{b922205 V.E...... ........ 0,0-1440,2040} during second layout pass: posting in next frame
06-01 20:22:59.697 32037 32037 W View    : requestLayout() improperly called by helium314.keyboard.latin.panels.BrowserPanelView{b922205 V.E...... ......I. 0,0-1440,2040} during layout: running second layout pass
06-01 20:22:59.701 32037 32037 W View    : requestLayout() improperly called by helium314.keyboard.latin.panels.BrowserPanelView{b922205 V.E...... ........ 0,0-1440,2040} during second layout pass: posting in next frame
06-01 20:22:59.713 32037 32037 W View    : requestLayout() improperly called by helium314.keyboard.latin.panels.BrowserPanelView{b922205 V.E...... ......I. 0,0-1440,2040} during layout: running second layout pass
06-01 20:22:59.716 32037 32037 W View    : requestLayout() improperly called by helium314.keyboard.latin.panels.BrowserPanelView{b922205 V.E...... ........ 0,0-1440,2040} during second layout pass: posting in next frame
06-01 20:22:59.730 32037 32037 W View    : requestLayout() improperly called by helium314.keyboard.latin.panels.BrowserPanelView{b922205 V.E...... ......I. 0,0-1440,2040} during layout: running second layout pass
06-01 20:22:59.733 32037 32037 W View    : requestLayout() improperly called by helium314.keyboard.latin.panels.BrowserPanelView{b922205 V.E...... ........ 0,0-1440,2040} during second layout pass: posting in next frame
06-01 20:22:59.747 32037 32037 W View    : requestLayout() improperly called by helium314.keyboard.latin.panels.BrowserPanelView{b922205 V.E...... ......I. 0,0-1440,2040} during layout: running second layout pass
06-01 20:22:59.750 32037 32037 W View    : requestLayout() improperly called by helium314.keyboard.latin.panels.BrowserPanelView{b922205 V.E...... ........ 0,0-1440,2040} during second layout pass: posting in next frame
06-01 20:22:59.764 32037 32037 W View    : requestLayout() improperly called by helium314.keyboard.latin.panels.BrowserPanelView{b922205 V.E...... ......I. 0,0-1440,2040} during layout: running second layout pass
06-01 20:22:59.767 32037 32037 W View    : requestLayout() improperly called by helium314.keyboard.latin.panels.BrowserPanelView{b922205 V.E...... ........ 0,0-1440,2040} during second layout pass: posting in next frame
06-01 20:22:59.780 32037 32037 W View    : requestLayout() improperly called by helium314.keyboard.latin.panels.BrowserPanelView{b922205 V.E...... ......I. 0,0-1440,2040} during layout: running second layout pass
06-01 20:22:59.785 32037 32037 W View    : requestLayout() improperly called by helium314.keyboard.latin.panels.BrowserPanelView{b922205 V.E...... ........ 0,0-1440,2040} during second layout pass: posting in next frame
06-01 20:22:59.797 32037 32037 W View    : requestLayout() improperly called by helium314.keyboard.latin.panels.BrowserPanelView{b922205 V.E...... ......I. 0,0-1440,2040} during layout: running second layout pass
06-01 20:22:59.801 32037 32037 W View    : requestLayout() improperly called by helium314.keyboard.latin.panels.BrowserPanelView{b922205 V.E...... ........ 0,0-1440,2040} during second layout pass: posting in next frame
06-01 20:22:59.815 32037 32037 W View    : requestLayout() improperly called by helium314.keyboard.latin.panels.BrowserPanelView{b922205 V.E...... ......ID 0,0-1440,2040} during layout: running second layout pass
06-01 20:22:59.819 32037 32037 W View    : requestLayout() improperly called by helium314.keyboard.latin.panels.BrowserPanelView{b922205 V.E...... ........ 0,0-1440,2040} during second layout pass: posting in next frame
06-01 20:22:59.832 32037 32037 W View    : requestLayout() improperly called by helium314.keyboard.latin.panels.BrowserPanelView{b922205 V.E...... ......I. 0,0-1440,2040} during layout: running second layout pass
06-01 20:22:59.836 32037 32037 W View    : requestLayout() improperly called by helium314.keyboard.latin.panels.BrowserPanelView{b922205 V.E...... ........ 0,0-1440,2040} during second layout pass: posting in next frame
06-01 20:22:59.848 32037 32037 W View    : requestLayout() improperly called by helium314.keyboard.latin.panels.BrowserPanelView{b922205 V.E...... ......I. 0,0-1440,2040} during layout: running second layout pass
06-01 20:22:59.852 32037 32037 W View    : requestLayout() improperly called by helium314.keyboard.latin.panels.BrowserPanelView{b922205 V.E...... ........ 0,0-1440,2040} during second layout pass: posting in next frame
06-01 20:22:59.866 32037 32037 W View    : requestLayout() improperly called by helium314.keyboard.latin.panels.BrowserPanelView{b922205 V.E...... ......I. 0,0-1440,2040} during layout: running second layout pass
06-01 20:22:59.870 32037 32037 W View    : requestLayout() improperly called by helium314.keyboard.latin.panels.BrowserPanelView{b922205 V.E...... ........ 0,0-1440,2040} during second layout pass: posting in next frame
06-01 20:22:59.881 32037 32037 W View    : requestLayout() improperly called by helium314.keyboard.latin.panels.BrowserPanelView{b922205 V.E...... ......I. 0,0-1440,2040} during layout: running second layout pass
06-01 20:22:59.886 32037 32037 W View    : requestLayout() improperly called by helium314.keyboard.latin.panels.BrowserPanelView{b922205 V.E...... ........ 0,0-1440,2040} during second layout pass: posting in next frame
06-01 20:22:59.898 32037 32037 W View    : requestLayout() improperly called by helium314.keyboard.latin.panels.BrowserPanelView{b922205 V.E...... ......I. 0,0-1440,2040} during layout: running second layout pass
06-01 20:22:59.902 32037 32037 W View    : requestLayout() improperly called by helium314.keyboard.latin.panels.BrowserPanelView{b922205 V.E...... ........ 0,0-1440,2040} during second layout pass: posting in next frame
06-01 20:23:04.088   999   999 E ibekey.keyboar: Unknown bits set in runtime_flags: 0x40000000
06-01 20:23:04.242   999   999 W f0      : Could not load system glide typing library jni_latinimegoogle: dlopen failed: library "libjni_latinimegoogle.so" not found
06-01 20:23:04.363   999   999 W u       : No editor info for this field. Bug?
06-01 20:23:04.408   999   999 W ibekey.keyboar: ClassLoaderContext classpath size mismatch. expected=1, found=0 (DLC[];PCL[base.apk*4009363210]{PCL[/system/framework/org.apache.http.legacy.jar*3034548894]#PCL[/apex/com.android.extservices/javalib/android.ext.adservices.jar*3839736497]#PCL[/system/framework/com.android.location.provider.jar*3633238672]#PCL[/system/framework/com.android.media.remotedisplay.jar*3472798123]#PCL[/apex/com.android.extservices/javalib/android.ext.adservices.jar*3839736497]} | DLC[];PCL[])
06-01 20:23:04.417   999   999 W System  : ClassLoader referenced unknown path: 
06-01 20:23:04.421   999   999 W ibekey.keyboar: ClassLoaderContext classpath element checksum mismatch. expected=4009363210, found=4167209197 (DLC[];PCL[base.apk*4009363210]{PCL[/system/framework/org.apache.http.legacy.jar*3034548894]#PCL[/apex/com.android.extservices/javalib/android.ext.adservices.jar*3839736497]#PCL[/system/framework/com.android.location.provider.jar*3633238672]#PCL[/system/framework/com.android.media.remotedisplay.jar*3472798123]#PCL[/apex/com.android.extservices/javalib/android.ext.adservices.jar*3839736497]} | DLC[];PCL[/data/app/~~kAWVHOgjfmEubd56Xj_PyA==/com.vibekey.keyboard-lemdWuXB-BUm33sBG85NpA==/base.apk*4167209197]{PCL[/apex/com.android.extservices/javalib/android.ext.adservices.jar*3839736497]})
06-01 20:23:04.485   999   999 E ibekey.keyboar: ofbOpen failed with error=No such file or directory
06-01 20:23:04.485   999   999 E ibekey.keyboar: sysOpen failed with error=No such file or directory
06-01 20:23:04.502   999  1050 W Ads     : Update ad debug logging enablement as false
06-01 20:23:04.524   999   999 E MultiApp.Impl: OplusMultiAppImpl
06-01 20:23:04.592   999  1075 W libc    : Access denied finding property "ro.vendor.api_level"
06-01 20:23:04.597   999   999 W chromium: [WARNING:android_webview/browser/network_service/net_helpers.cc:137] HTTP Cache size is: 20971520
06-01 20:23:04.651   999  1109 W libc    : Access denied finding property "vendor.camera.aux.packagelist"
06-01 20:23:04.651   999  1109 W libc    : Access denied finding property "vendor.camera.aux.packagelist"
06-01 20:23:04.651   999  1065 W libc    : Access denied finding property "vendor.camera.aux.packagelist"
06-01 20:23:04.658   999   999 E OplusCustomizeRestrictionManager: sInstance is null, start a new sInstance
06-01 20:23:04.955   999  1085 W cr_media: BLUETOOTH_CONNECT permission is missing.
06-01 20:23:04.956   999  1085 W cr_media: getBluetoothAdapter() requires BLUETOOTH permission
06-01 20:23:04.956   999  1085 W cr_media: registerBluetoothIntentsIfNeeded: Requires BLUETOOTH permission
06-01 20:23:04.966   999   999 W View    : requestLayout() improperly called by android.widget.LinearLayout{6379402 V.E...... ......ID 0,1973-1440,2923 #7f0a011b app:id/main_keyboard_frame} during layout: running second layout pass
06-01 20:23:05.044   999  1064 E BLASTBufferQueue: BLASTBufferItemConsumer::onDisconnect()
06-01 20:23:05.074   999  1102 W AudioCapabilities: Unsupported mime audio/ffmpeg
06-01 20:23:05.075   999  1102 W VideoCapabilities: Unsupported mime video/ffmpeg
06-01 20:23:05.075   999  1102 W VideoCapabilities: Unrecognized profile/level 0/3 for video/mpeg2
06-01 20:23:05.076   999  1102 W VideoCapabilities: Unrecognized profile/level 0/3 for video/mpeg2
06-01 20:23:05.139   999  1166 W Settings: Setting animator_duration_scale has moved from android.provider.Settings.System to android.provider.Settings.Global, returning read-only global URI.
06-01 20:23:05.144   999  1166 E GeckoLibLoad: Load sqlite start
06-01 20:23:05.145   999  1166 E GeckoLibLoad: Load sqlite done
06-01 20:23:05.145   999  1166 E GeckoLibLoad: Load nss start
06-01 20:23:05.145   999  1166 E GeckoLibLoad: Load nss done
06-01 20:23:05.154   999  1166 E GeckoLibLoad: Loaded libs in 9.133958ms total, 7ms(23ms) user, 0ms(1ms) system, 0(0) faults
06-01 20:23:05.155   999  1166 W GeckoThread: zerdatime 36628016 - runGecko
06-01 20:23:05.203   999   999 W com.vibekey.keyboard: type=1400 audit(0.0:34906): avc: denied { bind } for comm=4E65746C696E6B204D6F6E69746F72 scontext=u:r:untrusted_app:s0:c44,c271,c512,c768 tcontext=u:r:untrusted_app:s0:c44,c271,c512,c768 tclass=netlink_route_socket permissive=0 bug=b/155595000 app=com.vibekey.keyboard
06-01 20:23:05.229   999  1166 E ibekey.keyboar: hiddenapi: Accessing hidden field Ljava/lang/Boolean;->value:Z (runtime_flags=0, domain=core-platform, api=max-target-p) from Lorg/mozilla/gecko/GeckoThread; (domain=app, TargetSdkVersion=35) using JNI: denied
06-01 20:23:05.229   999  1166 E ibekey.keyboar: hiddenapi: Accessing hidden field Ljava/lang/Integer;->value:I (runtime_flags=0, domain=core-platform, api=max-target-p) from Lorg/mozilla/gecko/GeckoThread; (domain=app, TargetSdkVersion=35) using JNI: denied
06-01 20:23:05.229   999  1166 E ibekey.keyboar: hiddenapi: Accessing hidden field Ljava/lang/Long;->value:J (runtime_flags=0, domain=core-platform, api=max-target-p) from Lorg/mozilla/gecko/GeckoThread; (domain=app, TargetSdkVersion=35) using JNI: denied
06-01 20:23:05.229   999  1166 E ibekey.keyboar: hiddenapi: Accessing hidden field Ljava/lang/Double;->value:D (runtime_flags=0, domain=core-platform, api=max-target-p) from Lorg/mozilla/gecko/GeckoThread; (domain=app, TargetSdkVersion=35) using JNI: denied
06-01 20:23:05.280  1208  1208 E .keyboard:tab1: Unknown bits set in runtime_flags: 0x40000000
06-01 20:23:07.012   999   999 W View    : requestLayout() improperly called by android.widget.FrameLayout{1c9cf59 V.E...... ......ID 0,1677-1440,1857 #7f0a0087 app:id/browser_nav_footer_float} during layout: running second layout pass
06-01 20:23:07.034   999   999 E GeckoView: Failed to attach WindowInsetsListener: 
06-01 20:23:07.034   999   999 E GeckoView: java.lang.NullPointerException: Attempt to invoke virtual method 'android.view.Window android.app.Activity.getWindow()' on a null object reference
06-01 20:23:07.034   999   999 E GeckoView: 	at org.mozilla.geckoview.GeckoView.attachWindowInsetsListener(r8-map-id-3c351da567bdd5f2e3d6e12273dbf737335458a992cc4f22d130f49ea91f16d9:1)
06-01 20:23:07.034   999   999 E GeckoView: 	at org.mozilla.geckoview.GeckoView.onAttachedToWindow(r8-map-id-3c351da567bdd5f2e3d6e12273dbf737335458a992cc4f22d130f49ea91f16d9:49)
06-01 20:23:07.034   999   999 E GeckoView: 	at android.view.View.dispatchAttachedToWindow(View.java:20900)
06-01 20:23:07.034   999   999 E GeckoView: 	at android.view.ViewGroup.dispatchAttachedToWindow(ViewGroup.java:3539)
06-01 20:23:07.034   999   999 E GeckoView: 	at android.view.ViewGroup.addViewInner(ViewGroup.java:5378)
06-01 20:23:07.034   999   999 E GeckoView: 	at android.view.ViewGroup.addView(ViewGroup.java:5156)
06-01 20:23:07.034   999   999 E GeckoView: 	at android.view.ViewGroup.addView(ViewGroup.java:5096)
06-01 20:23:07.034   999   999 E GeckoView: 	at helium314.keyboard.latin.panels.BrowserPanelView.Y(r8-map-id-3c351da567bdd5f2e3d6e12273dbf737335458a992cc4f22d130f49ea91f16d9:362)
06-01 20:23:07.034   999   999 E GeckoView: 	at helium314.keyboard.latin.panels.BrowserPanelView.H0(r8-map-id-3c351da567bdd5f2e3d6e12273dbf737335458a992cc4f22d130f49ea91f16d9:58)
06-01 20:23:07.034   999   999 E GeckoView: 	at c5.t.run(r8-map-id-3c351da567bdd5f2e3d6e12273dbf737335458a992cc4f22d130f49ea91f16d9:622)
06-01 20:23:07.034   999   999 E GeckoView: 	at g7.y.onGlobalLayout(r8-map-id-3c351da567bdd5f2e3d6e12273dbf737335458a992cc4f22d130f49ea91f16d9:8)
06-01 20:23:07.034   999   999 E GeckoView: 	at android.view.ViewTreeObserver.dispatchOnGlobalLayout(ViewTreeObserver.java:1061)
06-01 20:23:07.034   999   999 E GeckoView: 	at android.view.ViewRootImpl.performTraversals(ViewRootImpl.java:3407)
06-01 20:23:07.034   999   999 E GeckoView: 	at android.view.ViewRootImpl.doTraversal(ViewRootImpl.java:2305)
06-01 20:23:07.034   999   999 E GeckoView: 	at android.view.ViewRootImpl$TraversalRunnable.run(ViewRootImpl.java:9133)
06-01 20:23:07.034   999   999 E GeckoView: 	at android.view.Choreographer$CallbackRecord.run(Choreographer.java:1232)
06-01 20:23:07.034   999   999 E GeckoView: 	at android.view.Choreographer.doCallbacks(Choreographer.java:1029)
06-01 20:23:07.034   999   999 E GeckoView: 	at android.view.Choreographer.doFrame(Choreographer.java:934)
06-01 20:23:07.034   999   999 E GeckoView: 	at android.view.Choreographer$FrameDisplayEventReceiver.run(Choreographer.java:1217)
06-01 20:23:07.034   999   999 E GeckoView: 	at android.os.Handler.handleCallback(Handler.java:938)
06-01 20:23:07.034   999   999 E GeckoView: 	at android.os.Handler.dispatchMessage(Handler.java:99)
06-01 20:23:07.034   999   999 E GeckoView: 	at android.os.Looper.loopOnce(Looper.java:233)
06-01 20:23:07.034   999   999 E GeckoView: 	at android.os.Looper.loop(Looper.java:344)
06-01 20:23:07.034   999   999 E GeckoView: 	at android.app.ActivityThread.main(ActivityThread.java:8212)
06-01 20:23:07.034   999   999 E GeckoView: 	at java.lang.reflect.Method.invoke(Native Method)
06-01 20:23:07.034   999   999 E GeckoView: 	at com.android.internal.os.RuntimeInit$MethodAndArgsCaller.run(RuntimeInit.java:584)
06-01 20:23:07.034   999   999 E GeckoView: 	at com.android.internal.os.ZygoteInit.main(ZygoteInit.java:1034)
06-01 20:23:07.071   999   999 W View    : requestLayout() improperly called by helium314.keyboard.latin.panels.BrowserPanelView{dad5042 V.E...... ......ID 0,0-1440,2040} during layout: running second layout pass
06-01 20:23:07.105   999   999 W View    : requestLayout() improperly called by helium314.keyboard.latin.panels.BrowserPanelView{dad5042 V.E...... ......ID 0,0-1440,2040} during layout: running second layout pass
06-01 20:23:07.114   999   999 W View    : requestLayout() improperly called by helium314.keyboard.latin.panels.BrowserPanelView{dad5042 V.E...... ......I. 0,0-1440,2040} during second layout pass: posting in next frame
06-01 20:23:07.118   999   999 W View    : requestLayout() improperly called by helium314.keyboard.latin.panels.BrowserPanelView{dad5042 V.E...... ......ID 0,0-1440,2040} during layout: running second layout pass
06-01 20:23:07.122   999   999 W View    : requestLayout() improperly called by helium314.keyboard.latin.panels.BrowserPanelView{dad5042 V.E...... ........ 0,0-1440,2040} during second layout pass: posting in next frame
06-01 20:23:07.131  1314  1314 E ey.keyboard:gp: Unknown bits set in runtime_flags: 0x40000000
06-01 20:23:07.133  1208  1283 E GeckoLibLoad: Load sqlite start
06-01 20:23:07.134   999   999 W View    : requestLayout() improperly called by helium314.keyboard.latin.panels.BrowserPanelView{dad5042 V.E...... ......I. 0,0-1440,2040} during layout: running second layout pass
06-01 20:23:07.134  1208  1283 E GeckoLibLoad: Load sqlite done
06-01 20:23:07.135  1208  1283 E GeckoLibLoad: Load nss start
06-01 20:23:07.135  1208  1283 E GeckoLibLoad: Load nss done
06-01 20:23:07.143   999   999 W View    : requestLayout() improperly called by helium314.keyboard.latin.panels.BrowserPanelView{dad5042 V.E...... ........ 0,0-1440,2040} during second layout pass: posting in next frame
06-01 20:23:07.144  1208  1283 E GeckoLibLoad: Loaded libs in 9.679114ms total, 6ms(9ms) user, 2ms(0ms) system, 0(0) faults
06-01 20:23:07.145  1208  1283 W GeckoThread: zerdatime 36630006 - runGecko
06-01 20:23:07.150   999   999 W View    : requestLayout() improperly called by helium314.keyboard.latin.panels.BrowserPanelView{dad5042 V.E...... ......I. 0,0-1440,2040} during layout: running second layout pass
06-01 20:23:07.154   999   999 W View    : requestLayout() improperly called by helium314.keyboard.latin.panels.BrowserPanelView{dad5042 V.E...... ........ 0,0-1440,2040} during second layout pass: posting in next frame
06-01 20:23:07.166   999   999 W View    : requestLayout() improperly called by helium314.keyboard.latin.panels.BrowserPanelView{dad5042 V.E...... ......I. 0,0-1440,2040} during layout: running second layout pass
06-01 20:23:07.170   999   999 W View    : requestLayout() improperly called by helium314.keyboard.latin.panels.BrowserPanelView{dad5042 V.E...... ........ 0,0-1440,2040} during second layout pass: posting in next frame
06-01 20:23:07.184   999   999 W View    : requestLayout() improperly called by helium314.keyboard.latin.panels.BrowserPanelView{dad5042 V.E...... ......I. 0,0-1440,2040} during layout: running second layout pass
06-01 20:23:07.195   999   999 W View    : requestLayout() improperly called by helium314.keyboard.latin.panels.BrowserPanelView{dad5042 V.E...... ......ID 0,0-1440,2040} during second layout pass: posting in next frame
06-01 20:23:07.200   999   999 W View    : requestLayout() improperly called by helium314.keyboard.latin.panels.BrowserPanelView{dad5042 V.E...... ......ID 0,0-1440,2040} during layout: running second layout pass
06-01 20:23:07.209  1314  1417 E GeckoLibLoad: Load sqlite start
06-01 20:23:07.210  1314  1417 E GeckoLibLoad: Load sqlite done
06-01 20:23:07.210  1314  1417 E GeckoLibLoad: Load nss start
06-01 20:23:07.210  1314  1417 E GeckoLibLoad: Load nss done
06-01 20:23:07.214   999   999 W View    : requestLayout() improperly called by helium314.keyboard.latin.panels.BrowserPanelView{dad5042 V.E...... ........ 0,0-1440,2040} during second layout pass: posting in next frame
06-01 20:23:07.216   999   999 W View    : requestLayout() improperly called by helium314.keyboard.latin.panels.BrowserPanelView{dad5042 V.E...... ......I. 0,0-1440,2040} during layout: running second layout pass
06-01 20:23:07.221   999   999 W View    : requestLayout() improperly called by helium314.keyboard.latin.panels.BrowserPanelView{dad5042 V.E...... ........ 0,0-1440,2040} during second layout pass: posting in next frame
06-01 20:23:07.225  1314  1417 E GeckoLibLoad: Loaded libs in 14.779792ms total, 4ms(7ms) user, 8ms(6ms) system, 0(0) faults
06-01 20:23:07.225  1314  1417 W GeckoThread: zerdatime 36630086 - runGecko
06-01 20:23:07.233   999   999 W View    : requestLayout() improperly called by helium314.keyboard.latin.panels.BrowserPanelView{dad5042 V.E...... ......I. 0,0-1440,2040} during layout: running second layout pass
06-01 20:23:07.238   999   999 W View    : requestLayout() improperly called by helium314.keyboard.latin.panels.BrowserPanelView{dad5042 V.E...... ........ 0,0-1440,2040} during second layout pass: posting in next frame
06-01 20:23:07.251   999   999 W View    : requestLayout() improperly called by helium314.keyboard.latin.panels.BrowserPanelView{dad5042 V.E...... ......I. 0,0-1440,2040} during layout: running second layout pass
06-01 20:23:07.256   999   999 W View    : requestLayout() improperly called by helium314.keyboard.latin.panels.BrowserPanelView{dad5042 V.E...... ......I. 0,0-1440,2040} during second layout pass: posting in next frame
06-01 20:23:07.269   999   999 W View    : requestLayout() improperly called by helium314.keyboard.latin.panels.BrowserPanelView{dad5042 V.E...... ......I. 0,0-1440,2040} during layout: running second layout pass
06-01 20:23:07.277   999   999 W View    : requestLayout() improperly called by helium314.keyboard.latin.panels.BrowserPanelView{dad5042 V.E...... ........ 0,0-1440,2040} during second layout pass: posting in next frame
06-01 20:23:07.279  1314  1403 E ey.keyboard:gp: ofbOpen failed with error=No such file or directory
06-01 20:23:07.279  1314  1403 E ey.keyboard:gp: sysOpen failed with error=No such file or directory
06-01 20:23:07.280  1314  1491 W AudioCapabilities: Unsupported mime audio/ffmpeg
06-01 20:23:07.281  1314  1491 W VideoCapabilities: Unsupported mime video/ffmpeg
06-01 20:23:07.281  1314  1491 W VideoCapabilities: Unrecognized profile/level 0/3 for video/mpeg2
06-01 20:23:07.281  1314  1491 W VideoCapabilities: Unrecognized profile/level 0/3 for video/mpeg2
06-01 20:23:07.288   999   999 W View    : requestLayout() improperly called by helium314.keyboard.latin.panels.BrowserPanelView{dad5042 V.E...... ......I. 0,0-1440,2040} during layout: running second layout pass
06-01 20:23:07.292   999   999 W View    : requestLayout() improperly called by helium314.keyboard.latin.panels.BrowserPanelView{dad5042 V.E...... ........ 0,0-1440,2040} during second layout pass: posting in next frame
06-01 20:23:07.298  1208  1283 W GeckoEditableChild: No editable parent
06-01 20:23:07.301   999   999 W View    : requestLayout() improperly called by helium314.keyboard.latin.panels.BrowserPanelView{dad5042 V.E...... ......ID 0,0-1440,2040} during layout: running second layout pass
06-01 20:23:07.307   999   999 W View    : requestLayout() improperly called by helium314.keyboard.latin.panels.BrowserPanelView{dad5042 V.E...... ........ 0,0-1440,2040} during second layout pass: posting in next frame
06-01 20:23:07.303   999   999 W com.vibekey.keyboard: type=1400 audit(0.0:34908): avc: denied { nlmsg_readpriv } for comm=536F636B657420546872656164 scontext=u:r:untrusted_app:s0:c44,c271,c512,c768 tcontext=u:r:untrusted_app:s0:c44,c271,c512,c768 tclass=netlink_route_socket permissive=0 bug=b/155595000 app=com.vibekey.keyboard
06-01 20:23:07.317   999   999 W View    : requestLayout() improperly called by helium314.keyboard.latin.panels.BrowserPanelView{dad5042 V.E...... ......I. 0,0-1440,2040} during layout: running second layout pass
06-01 20:23:07.321   999   999 W View    : requestLayout() improperly called by helium314.keyboard.latin.panels.BrowserPanelView{dad5042 V.E...... ........ 0,0-1440,2040} during second layout pass: posting in next frame
06-01 20:23:07.346   999  1012 E BLASTBufferQueue: [SurfaceView[InputMethod]#1](f:0,a:0) rejecting buffer:active_size=1440x1853, requested_size=1440x1853 buffer{size=1440x1861 transform=0}
06-01 20:23:07.347   999  1012 E BLASTBufferQueue: BLASTBufferItemConsumer::onDisconnect()
06-01 20:23:07.350   999   999 W View    : requestLayout() improperly called by helium314.keyboard.latin.panels.BrowserPanelView{dad5042 V.E...... ......ID 0,0-1440,2040} during layout: running second layout pass
06-01 20:23:07.360   999   999 W View    : requestLayout() improperly called by helium314.keyboard.latin.panels.BrowserPanelView{dad5042 V.E...... ......ID 0,0-1440,2040} during second layout pass: posting in next frame
06-01 20:23:07.363   999   999 W View    : requestLayout() improperly called by helium314.keyboard.latin.panels.BrowserPanelView{dad5042 V.E...... ......ID 0,0-1440,2040} during layout: running second layout pass
06-01 20:23:07.371   999   999 W View    : requestLayout() improperly called by helium314.keyboard.latin.panels.BrowserPanelView{dad5042 V.E...... ......ID 0,0-1440,2040} during second layout pass: posting in next frame
06-01 20:23:07.373   999   999 W View    : requestLayout() improperly called by helium314.keyboard.latin.panels.BrowserPanelView{dad5042 V.E...... ......ID 0,0-1440,2040} during layout: running second layout pass
06-01 20:23:07.377   999   999 W View    : requestLayout() improperly called by helium314.keyboard.latin.panels.BrowserPanelView{dad5042 V.E...... ........ 0,0-1440,2040} during second layout pass: posting in next frame
06-01 20:23:07.385   999   999 W View    : requestLayout() improperly called by helium314.keyboard.latin.panels.BrowserPanelView{dad5042 V.E...... ......I. 0,0-1440,2040} during layout: running second layout pass
06-01 20:23:07.388   999   999 W View    : requestLayout() improperly called by helium314.keyboard.latin.panels.BrowserPanelView{dad5042 V.E...... ........ 0,0-1440,2040} during second layout pass: posting in next frame
06-01 20:23:07.402   999   999 W View    : requestLayout() improperly called by helium314.keyboard.latin.panels.BrowserPanelView{dad5042 V.E...... ......I. 0,0-1440,2040} during layout: running second layout pass
06-01 20:23:07.406   999   999 W View    : requestLayout() improperly called by helium314.keyboard.latin.panels.BrowserPanelView{dad5042 V.E...... ........ 0,0-1440,2040} during second layout pass: posting in next frame
06-01 20:23:07.417   999   999 W View    : requestLayout() improperly called by helium314.keyboard.latin.panels.BrowserPanelView{dad5042 V.E...... ......I. 0,0-1440,2040} during layout: running second layout pass
06-01 20:23:07.420   999   999 W View    : requestLayout() improperly called by helium314.keyboard.latin.panels.BrowserPanelView{dad5042 V.E...... ........ 0,0-1440,2040} during second layout pass: posting in next frame
06-01 20:23:07.428  1548  1548 E .keyboard:tab1: Unknown bits set in runtime_flags: 0x40000000
06-01 20:23:07.433   999   999 W View    : requestLayout() improperly called by helium314.keyboard.latin.panels.BrowserPanelView{dad5042 V.E...... ......I. 0,0-1440,2040} during layout: running second layout pass
06-01 20:23:07.436   999   999 W View    : requestLayout() improperly called by helium314.keyboard.latin.panels.BrowserPanelView{dad5042 V.E...... ........ 0,0-1440,2040} during second layout pass: posting in next frame
06-01 20:23:07.451   999   999 W View    : requestLayout() improperly called by helium314.keyboard.latin.panels.BrowserPanelView{dad5042 V.E...... ......I. 0,0-1440,2040} during layout: running second layout pass
06-01 20:23:07.456   999   999 W View    : requestLayout() improperly called by helium314.keyboard.latin.panels.BrowserPanelView{dad5042 V.E...... ........ 0,0-1440,2040} during second layout pass: posting in next frame
06-01 20:23:07.467   999   999 W View    : requestLayout() improperly called by helium314.keyboard.latin.panels.BrowserPanelView{dad5042 V.E...... ......I. 0,0-1440,2040} during layout: running second layout pass
06-01 20:23:07.470   999   999 W View    : requestLayout() improperly called by helium314.keyboard.latin.panels.BrowserPanelView{dad5042 V.E...... ......ID 0,0-1440,2040} during second layout pass: posting in next frame
06-01 20:23:07.485   999   999 W View    : requestLayout() improperly called by helium314.keyboard.latin.panels.BrowserPanelView{dad5042 V.E...... ......ID 0,0-1440,2040} during layout: running second layout pass
06-01 20:23:07.488   999   999 W View    : requestLayout() improperly called by helium314.keyboard.latin.panels.BrowserPanelView{dad5042 V.E...... ........ 0,0-1440,2040} during second layout pass: posting in next frame
06-01 20:23:07.495  1548  1564 E GeckoLibLoad: Load sqlite start
06-01 20:23:07.496  1548  1564 E GeckoLibLoad: Load sqlite done
06-01 20:23:07.496  1548  1564 E GeckoLibLoad: Load nss start
06-01 20:23:07.496  1548  1564 E GeckoLibLoad: Load nss done
06-01 20:23:07.500   999   999 W View    : requestLayout() improperly called by helium314.keyboard.latin.panels.BrowserPanelView{dad5042 V.E...... ......I. 0,0-1440,2040} during layout: running second layout pass
06-01 20:23:07.505   999   999 W View    : requestLayout() improperly called by helium314.keyboard.latin.panels.BrowserPanelView{dad5042 V.E...... ........ 0,0-1440,2040} during second layout pass: posting in next frame
06-01 20:23:07.506  1548  1564 E GeckoLibLoad: Loaded libs in 9.347187ms total, 1ms(0ms) user, 5ms(9ms) system, 0(0) faults
06-01 20:23:07.506  1548  1564 W GeckoThread: zerdatime 36630367 - runGecko
06-01 20:23:07.517   999   999 W View    : requestLayout() improperly called by helium314.keyboard.latin.panels.BrowserPanelView{dad5042 V.E...... ......I. 0,0-1440,2040} during layout: running second layout pass
06-01 20:23:07.521   999   999 W View    : requestLayout() improperly called by helium314.keyboard.latin.panels.BrowserPanelView{dad5042 V.E...... ........ 0,0-1440,2040} during second layout pass: posting in next frame
06-01 20:23:07.534   999   999 W View    : requestLayout() improperly called by helium314.keyboard.latin.panels.BrowserPanelView{dad5042 V.E...... ......I. 0,0-1440,2040} during layout: running second layout pass
06-01 20:23:07.538   999   999 W View    : requestLayout() improperly called by helium314.keyboard.latin.panels.BrowserPanelView{dad5042 V.E...... ........ 0,0-1440,2040} during second layout pass: posting in next frame
06-01 20:23:07.551   999   999 W View    : requestLayout() improperly called by helium314.keyboard.latin.panels.BrowserPanelView{dad5042 V.E...... ......I. 0,0-1440,2040} during layout: running second layout pass
06-01 20:23:07.554   999   999 W View    : requestLayout() improperly called by helium314.keyboard.latin.panels.BrowserPanelView{dad5042 V.E...... ........ 0,0-1440,2040} during second layout pass: posting in next frame
06-01 20:23:07.567   999   999 W View    : requestLayout() improperly called by helium314.keyboard.latin.panels.BrowserPanelView{dad5042 V.E...... ......I. 0,0-1440,2040} during layout: running second layout pass
06-01 20:23:07.571   999   999 W View    : requestLayout() improperly called by helium314.keyboard.latin.panels.BrowserPanelView{dad5042 V.E...... ........ 0,0-1440,2040} during second layout pass: posting in next frame
06-01 20:23:07.584   999   999 W View    : requestLayout() improperly called by helium314.keyboard.latin.panels.BrowserPanelView{dad5042 V.E...... ......I. 0,0-1440,2040} during layout: running second layout pass
06-01 20:23:07.588   999   999 W View    : requestLayout() improperly called by helium314.keyboard.latin.panels.BrowserPanelView{dad5042 V.E...... ........ 0,0-1440,2040} during second layout pass: posting in next frame
06-01 20:23:07.601   999   999 W View    : requestLayout() improperly called by helium314.keyboard.latin.panels.BrowserPanelView{dad5042 V.E...... ......I. 0,0-1440,2040} during layout: running second layout pass
06-01 20:23:07.606   999   999 W View    : requestLayout() improperly called by helium314.keyboard.latin.panels.BrowserPanelView{dad5042 V.E...... ......ID 0,0-1440,2040} during second layout pass: posting in next frame
06-01 20:23:07.624   999   999 W View    : requestLayout() improperly called by helium314.keyboard.latin.panels.BrowserPanelView{dad5042 V.E...... ......ID 0,0-1440,2040} during layout: running second layout pass
06-01 20:23:07.640   999   999 W View    : requestLayout() improperly called by helium314.keyboard.latin.panels.BrowserPanelView{dad5042 V.E...... ......ID 0,0-1440,2040} during second layout pass: posting in next frame
06-01 20:23:07.646   999   999 W View    : requestLayout() improperly called by helium314.keyboard.latin.panels.BrowserPanelView{dad5042 V.E...... ......ID 0,0-1440,2040} during layout: running second layout pass
06-01 20:23:07.652   999   999 W View    : requestLayout() improperly called by helium314.keyboard.latin.panels.BrowserPanelView{dad5042 V.E...... ........ 0,0-1440,2040} during second layout pass: posting in next frame
06-01 20:23:07.663   999   999 W View    : requestLayout() improperly called by helium314.keyboard.latin.panels.BrowserPanelView{dad5042 V.E...... ......ID 0,0-1440,2040} during layout: running second layout pass
06-01 20:23:07.674   999   999 W View    : requestLayout() improperly called by helium314.keyboard.latin.panels.BrowserPanelView{dad5042 V.E...... ........ 0,0-1440,2040} during second layout pass: posting in next frame
06-01 20:23:07.677   999   999 W View    : requestLayout() improperly called by helium314.keyboard.latin.panels.BrowserPanelView{dad5042 V.E...... ......ID 0,0-1440,2040} during layout: running second layout pass
06-01 20:23:07.684   999   999 W View    : requestLayout() improperly called by helium314.keyboard.latin.panels.BrowserPanelView{dad5042 V.E...... ........ 0,0-1440,2040} during second layout pass: posting in next frame
06-01 20:23:07.685   999   999 W View    : requestLayout() improperly called by helium314.keyboard.latin.panels.BrowserPanelView{dad5042 V.E...... ......ID 0,0-1440,2040} during layout: running second layout pass
06-01 20:23:07.673   999   999 W com.vibekey.keyboard: type=1400 audit(0.0:34909): avc: denied { nlmsg_readpriv } for comm=536F636B657420546872656164 scontext=u:r:untrusted_app:s0:c44,c271,c512,c768 tcontext=u:r:untrusted_app:s0:c44,c271,c512,c768 tclass=netlink_route_socket permissive=0 bug=b/155595000 app=com.vibekey.keyboard
06-01 20:23:07.673   999   999 W com.vibekey.keyboard: type=1400 audit(0.0:34910): avc: denied { nlmsg_readpriv } for comm=536F636B657420546872656164 scontext=u:r:untrusted_app:s0:c44,c271,c512,c768 tcontext=u:r:untrusted_app:s0:c44,c271,c512,c768 tclass=netlink_route_socket permissive=0 bug=b/155595000 app=com.vibekey.keyboard
06-01 20:23:07.673   999   999 W com.vibekey.keyboard: type=1400 audit(0.0:34911): avc: denied { nlmsg_readpriv } for comm=536F636B657420546872656164 scontext=u:r:untrusted_app:s0:c44,c271,c512,c768 tcontext=u:r:untrusted_app:s0:c44,c271,c512,c768 tclass=netlink_route_socket permissive=0 bug=b/155595000 app=com.vibekey.keyboard
06-01 20:23:07.692   999   999 W View    : requestLayout() improperly called by helium314.keyboard.latin.panels.BrowserPanelView{dad5042 V.E...... ........ 0,0-1440,2040} during second layout pass: posting in next frame
06-01 20:23:07.703   999   999 W View    : requestLayout() improperly called by helium314.keyboard.latin.panels.BrowserPanelView{dad5042 V.E...... ......ID 0,0-1440,2040} during layout: running second layout pass
06-01 20:23:07.716   999   999 W View    : requestLayout() improperly called by helium314.keyboard.latin.panels.BrowserPanelView{dad5042 V.E...... ........ 0,0-1440,2040} during second layout pass: posting in next frame
06-01 20:23:07.720   999   999 W View    : requestLayout() improperly called by helium314.keyboard.latin.panels.BrowserPanelView{dad5042 V.E...... ......ID 0,0-1440,2040} during layout: running second layout pass
06-01 20:23:07.725   999   999 W View    : requestLayout() improperly called by helium314.keyboard.latin.panels.BrowserPanelView{dad5042 V.E...... ........ 0,0-1440,2040} during second layout pass: posting in next frame
06-01 20:23:07.739   999   999 W View    : requestLayout() improperly called by helium314.keyboard.latin.panels.BrowserPanelView{dad5042 V.E...... ......ID 0,0-1440,2040} during layout: running second layout pass
06-01 20:23:07.749   999   999 W View    : requestLayout() improperly called by helium314.keyboard.latin.panels.BrowserPanelView{dad5042 V.E...... ........ 0,0-1440,2040} during second layout pass: posting in next frame
06-01 20:23:07.751   999   999 W View    : requestLayout() improperly called by helium314.keyboard.latin.panels.BrowserPanelView{dad5042 V.E...... ......I. 0,0-1440,2040} during layout: running second layout pass
06-01 20:23:07.756   999   999 W View    : requestLayout() improperly called by helium314.keyboard.latin.panels.BrowserPanelView{dad5042 V.E...... ........ 0,0-1440,2040} during second layout pass: posting in next frame
06-01 20:23:07.769   999   999 W View    : requestLayout() improperly called by helium314.keyboard.latin.panels.BrowserPanelView{dad5042 V.E...... ......I. 0,0-1440,2040} during layout: running second layout pass
06-01 20:23:07.773   999   999 W View    : requestLayout() improperly called by helium314.keyboard.latin.panels.BrowserPanelView{dad5042 V.E...... ........ 0,0-1440,2040} during second layout pass: posting in next frame
06-01 20:23:07.784   999   999 W View    : requestLayout() improperly called by helium314.keyboard.latin.panels.BrowserPanelView{dad5042 V.E...... ......I. 0,0-1440,2040} during layout: running second layout pass
06-01 20:23:07.791   999   999 W View    : requestLayout() improperly called by helium314.keyboard.latin.panels.BrowserPanelView{dad5042 V.E...... ........ 0,0-1440,2040} during second layout pass: posting in next frame
06-01 20:23:07.802   999   999 W View    : requestLayout() improperly called by helium314.keyboard.latin.panels.BrowserPanelView{dad5042 V.E...... ......I. 0,0-1440,2040} during layout: running second layout pass
06-01 20:23:07.809   999   999 W View    : requestLayout() improperly called by helium314.keyboard.latin.panels.BrowserPanelView{dad5042 V.E...... ........ 0,0-1440,2040} during second layout pass: posting in next frame
06-01 20:23:07.819   999   999 W View    : requestLayout() improperly called by helium314.keyboard.latin.panels.BrowserPanelView{dad5042 V.E...... ......I. 0,0-1440,2040} during layout: running second layout pass
06-01 20:23:07.828   999   999 W View    : requestLayout() improperly called by helium314.keyboard.latin.panels.BrowserPanelView{dad5042 V.E...... ........ 0,0-1440,2040} during second layout pass: posting in next frame
06-01 20:23:07.836   999   999 W View    : requestLayout() improperly called by helium314.keyboard.latin.panels.BrowserPanelView{dad5042 V.E...... ......I. 0,0-1440,2040} during layout: running second layout pass
06-01 20:23:07.841   999   999 W View    : requestLayout() improperly called by helium314.keyboard.latin.panels.BrowserPanelView{dad5042 V.E...... ........ 0,0-1440,2040} during second layout pass: posting in next frame
06-01 20:23:07.853   999   999 W View    : requestLayout() improperly called by helium314.keyboard.latin.panels.BrowserPanelView{dad5042 V.E...... ......I. 0,0-1440,2040} during layout: running second layout pass
06-01 20:23:07.861   999   999 W View    : requestLayout() improperly called by helium314.keyboard.latin.panels.BrowserPanelView{dad5042 V.E...... ........ 0,0-1440,2040} during second layout pass: posting in next frame
