07-22 20:44:53.246 28564 28564 I VkSuggestions: stripUi prediction=true children=5 [len=3|len=3|len=5]
07-22 20:44:53.246 28564 28564 I VkStripPipeline: slotBind prediction children=5 [len=3|len=3|len=5]
07-22 20:44:53.892 28564 28564 I VkKeyPreview: show key=printable instant=false pool showing=1 free=0
07-22 20:44:53.892 28564 28564 I VkKeyPreview: popupAnim key=printable type=none dur=100ms scale=1.0
07-22 20:44:53.979 28564 28564 I VkKeyPreview: dismiss key=printable reason=release_anim pool showing=0 free=1
07-22 20:44:54.109 28564 28883 I VkSuggestions: decode typedLen=1 candidates=18 locales=1 8,9ms
07-22 20:44:54.110 28564 28883 I VkTextCorrection: rerank composing head len=4→len=3
07-22 20:44:54.110 28564 28883 I VkTextCorrection: threshold len=1→len=3 score=0,000 thr=0,140 ○
07-22 20:44:54.111 28564 28883 I VkSuggestions: strip composing typedLen=1 candidates=18 autocorrect=false top=len=1 locale=pt token=45 gen=3
07-22 20:44:54.111 28564 28564 I VkStripPipeline: setSuggestions composing size=18 style=1 token=45 gen=3 typed=len=1
07-22 20:44:54.112 28564 28564 I VkSuggestions: stripUi prediction=false children=5 [len=1|len=3|len=3]
07-22 20:44:54.112 28564 28564 I VkStripPipeline: slotBind composing children=5 [len=1|len=3|len=3]
07-22 20:44:54.114 28564 28564 I VkKeyPreview: show key=printable instant=true pool showing=1 free=0
07-22 20:44:54.114 28564 28564 I VkKeyPreview: popupAnim key=printable type=instant dur=0ms scale=1.0
07-22 20:44:54.203 28564 28564 I VkKeyPreview: dismiss key=printable reason=release_anim pool showing=0 free=1
07-22 20:44:54.321 28564 28883 I VkSuggestions: decode typedLen=2 candidates=18 locales=1 12,2ms
07-22 20:44:54.322 28564 28883 I VkTextCorrection: rerank composing head len=2→len=4
07-22 20:44:54.323 28564 28883 I VkTextCorrection: threshold len=2→len=4 score=0,000 thr=0,140 ○
07-22 20:44:54.324 28564 28883 I VkSuggestions: strip composing typedLen=2 candidates=19 autocorrect=false top=len=2 locale=pt token=46 gen=3
07-22 20:44:54.325 28564 28564 I VkStripPipeline: setSuggestions composing size=19 style=1 token=46 gen=3 typed=len=2
07-22 20:44:54.327 28564 28564 I VkSuggestions: stripUi prediction=false children=5 [len=2|len=4|len=2]
07-22 20:44:54.328 28564 28564 I VkStripPipeline: slotBind composing children=5 [len=2|len=4|len=2]
07-22 20:44:54.342 28564 28564 I VkKeyPreview: show key=printable instant=true pool showing=1 free=0
07-22 20:44:54.342 28564 28564 I VkKeyPreview: popupAnim key=printable type=instant dur=0ms scale=1.0
07-22 20:44:54.398 28564 28564 I VkKeyPreview: dismiss key=printable reason=release_anim pool showing=0 free=1
07-22 20:44:54.510 28564 28883 W VibeKeyProfiler: Slow Native Suggest: Total=9.77ms | Init=0.18ms | TrieExpand(x18)=9.55ms | Scoring=0.03ms | inputSize=3
07-22 20:44:54.518 28564 28883 I VkSuggestions: decode typedLen=3 candidates=18 locales=1 18,1ms
07-22 20:44:54.519 28564 28883 W VkSuggestions: slow frame 18,1ms locales=1 typedLen=3 candidates=18
07-22 20:44:54.521 28564 28883 I VkTextCorrection: rerank composing head len=3→len=2
07-22 20:44:54.521 28564 28883 I VkTextCorrection: threshold len=3→len=2 score=0,000 thr=0,140 ○
07-22 20:44:54.523 28564 28883 I VkSuggestions: strip composing typedLen=3 candidates=16 autocorrect=false top=len=3 locale=pt token=47 gen=3
07-22 20:44:54.524 28564 28564 I VkStripPipeline: setSuggestions composing size=16 style=1 token=47 gen=3 typed=len=3
07-22 20:44:54.527 28564 28564 I VkSuggestions: stripUi prediction=false children=5 [len=3|len=2|len=2]
07-22 20:44:54.527 28564 28564 I VkStripPipeline: slotBind composing children=5 [len=3|len=2|len=2]
07-22 20:44:55.250 28564 28564 I VkAutocorrect: picked: len=3
07-22 20:44:55.353 28564 28883 I VkNgram : contextual locale=pt prev=len=3 → len=3, len=8, len=5
07-22 20:44:55.354 28564 28883 I VkNgram : merge locale=pt prev=len=3 preds=8 contextual=5 assets=true
07-22 20:44:55.355 28564 28883 I VkTextCorrection: rerank prediction head len=10→len=8
07-22 20:44:55.357 28564 28883 I VkSuggestions: strip prediction typedLen=0 candidates=3 autocorrect=false top=len=8 locale=pt token=47 gen=4
07-22 20:44:55.357 28564 28564 I VkStripPipeline: setSuggestions prediction size=3 style=6 token=47 gen=4
07-22 20:44:55.364 28564 28564 I VkSuggestions: stripUi prediction=true children=5 [len=7|len=8|len=10]
07-22 20:44:55.364 28564 28564 I VkStripPipeline: slotBind prediction children=5 [len=7|len=8|len=10]
07-22 20:44:55.605 28564 28564 I VkEffects: keyPressAnim burst=13 type=scale lastPhase=down
07-22 20:44:55.691 28564 28564 I VkKeyPress: keys pressed=72
07-22 20:44:55.691 28564 28564 I VkStripPipeline: langSwitch main=pt-BR token=49 gen=5
07-22 20:44:55.696 28564 28564 I VkStripPipeline: setSuggestions composing size=0 style=0 token=-1 gen=-1
07-22 20:44:55.696 28564 28564 I VkStripPipeline: slotBind composing children=0 []
07-22 20:44:55.697 28564 28564 I VkLanguageSettings: select en-AU
07-22 20:44:55.731 28564 28564 I VkLanguageSettings: cycle dir=1 → en-AU
07-22 20:44:55.744 28564 28596 I VkMultilingual: reset main=en-AU locales=[en] count=1
07-22 20:44:55.746 28564 28596 I VkDictionaries: ▶ async reload main dicts locales=1
07-22 20:44:55.765 28564 28598 I VkDictionaries: ✓ open main en-AU
07-22 20:44:55.765 28564 28598 I VkDictionaries: collection en-AU dicts=1 emoji=true
07-22 20:44:56.491 28564 28902 I VkNgram : model ready locale=en-AU gen=1 333ms
07-22 20:44:56.945 28564 28564 I VkEffects: reload keyPress=scale popup=scale popupFx=true blur=0px glow=false stickers=true
07-22 20:44:57.085 28564 28564 W VkStall : MAIN-THREAD STALL 142ms during: >>>>> Dispatching to Handler (android.os.Handler) {9202744} g9.u@5aeabf2: 0
07-22 20:44:57.369 28564 28564 W VkStall : MAIN-THREAD STALL 141ms during: >>>>> Dispatching to Handler (android.os.Handler) {9202744} g9.u@5aeabf2: 0
07-22 20:44:57.663 28564 28564 W VkStall : MAIN-THREAD STALL 151ms during: >>>>> Dispatching to Handler (android.os.Handler) {9202744} g9.u@5aeabf2: 0
07-22 20:44:58.553 28564 28564 I VkTyping: ▶ open restart=true pkg=len=20 inputType=589825
07-22 20:44:59.471 28611 28611 W DefaultDispatch: type=1400 audit(0.0:274017): avc: denied { read } for name="/" dev="dm-0" ino=2 scontext=u:r:untrusted_app:s0:c46,c273,c512,c768 tcontext=u:object_r:rootfs:s0 tclass=dir permissive=0 app=com.vibekey.keyboard
07-22 20:44:59.471 28611 28611 W DefaultDispatch: type=1400 audit(0.0:274018): avc: denied { read } for name="/" dev="dm-0" ino=2 scontext=u:r:untrusted_app:s0:c46,c273,c512,c768 tcontext=u:object_r:rootfs:s0 tclass=dir permissive=0 app=com.vibekey.keyboard
07-22 20:44:59.471 28611 28611 W DefaultDispatch: type=1400 audit(0.0:274019): avc: denied { read } for name="/" dev="dm-0" ino=2 scontext=u:r:untrusted_app:s0:c46,c273,c512,c768 tcontext=u:object_r:rootfs:s0 tclass=dir permissive=0 app=com.vibekey.keyboard
07-22 20:44:59.471 28611 28611 W DefaultDispatch: type=1400 audit(0.0:274020): avc: denied { read } for name="/" dev="dm-0" ino=2 scontext=u:r:untrusted_app:s0:c46,c273,c512,c768 tcontext=u:object_r:rootfs:s0 tclass=dir permissive=0 app=com.vibekey.keyboard
07-22 20:44:59.471 28611 28611 W DefaultDispatch: type=1400 audit(0.0:274021): avc: denied { read } for name="/" dev="dm-0" ino=2 scontext=u:r:untrusted_app:s0:c46,c273,c512,c768 tcontext=u:object_r:rootfs:s0 tclass=dir permissive=0 app=com.vibekey.keyboard
07-22 20:44:59.471 28611 28611 W DefaultDispatch: type=1400 audit(0.0:274022): avc: denied { read } for name="/" dev="dm-0" ino=2 scontext=u:r:untrusted_app:s0:c46,c273,c512,c768 tcontext=u:object_r:rootfs:s0 tclass=dir permissive=0 app=com.vibekey.keyboard
07-22 20:44:59.471 28611 28611 W DefaultDispatch: type=1400 audit(0.0:274023): avc: denied { read } for name="/" dev="dm-0" ino=2 scontext=u:r:untrusted_app:s0:c46,c273,c512,c768 tcontext=u:object_r:rootfs:s0 tclass=dir permissive=0 app=com.vibekey.keyboard
07-22 20:44:59.471 28611 28611 W DefaultDispatch: type=1400 audit(0.0:274024): avc: denied { read } for name="/" dev="dm-0" ino=2 scontext=u:r:untrusted_app:s0:c46,c273,c512,c768 tcontext=u:object_r:rootfs:s0 tclass=dir permissive=0 app=com.vibekey.keyboard
07-22 20:44:59.955 28564 28564 I VkEffects: keyPressAnim burst=2 type=scale lastPhase=down
07-22 20:44:59.959 28564 28564 I VkKeyPreview: show key=printable instant=false pool showing=1 free=0
07-22 20:44:59.959 28564 28564 I VkKeyPreview: popupAnim key=printable type=none dur=100ms scale=1.0
07-22 20:45:00.028 28564 28564 I VkKeyPreview: dismiss key=printable reason=release_anim pool showing=0 free=1
07-22 20:45:00.029 28564 28564 I VkKeyPress: keys pressed=73
07-22 20:45:00.142 28564 28883 I VkSuggestions: decode typedLen=1 candidates=18 locales=1 4,8ms
07-22 20:45:00.145 28564 28883 I VkSuggestions: strip composing typedLen=1 candidates=19 autocorrect=false top=len=1 locale=en token=51 gen=5
07-22 20:45:00.145 28564 28564 I VkStripPipeline: setSuggestions composing size=19 style=1 token=51 gen=5 typed=len=1
07-22 20:45:00.147 28564 28564 I VkSuggestions: stripUi prediction=false children=5 [len=1|len=3|len=2]
07-22 20:45:00.147 28564 28564 I VkStripPipeline: slotBind composing children=5 [len=1|len=3|len=2]
07-22 20:45:00.247 28611 28631 I OnDeviceAssist: warm ok model=qwen2.5-0.5b-instruct-q4_0.gguf ambient=40 chars 772ms
07-22 20:45:00.977 28564 28564 I VkKeyPreview: show key=printable instant=false pool showing=1 free=0
07-22 20:45:00.977 28564 28564 I VkKeyPreview: popupAnim key=printable type=none dur=100ms scale=1.0
07-22 20:45:01.072 28564 28564 I VkKeyPreview: dismiss key=printable reason=release_anim pool showing=0 free=1
07-22 20:45:01.184 28564 28883 W VibeKeyProfiler: Slow Native Suggest: Total=8.42ms | Init=0.10ms | TrieExpand(x17)=8.25ms | Scoring=0.06ms | inputSize=2
07-22 20:45:01.185 28564 28883 I VkSuggestions: decode typedLen=2 candidates=18 locales=1 9,2ms
07-22 20:45:01.188 28564 28883 I VkSuggestions: strip composing typedLen=2 candidates=17 autocorrect=false top=len=2 locale=en token=52 gen=5
07-22 20:45:01.189 28564 28564 I VkStripPipeline: setSuggestions composing size=17 style=1 token=52 gen=5 typed=len=2
07-22 20:45:01.192 28564 28564 I VkSuggestions: stripUi prediction=false children=5 [len=2|len=3|len=4]
07-22 20:45:01.192 28564 28564 I VkStripPipeline: slotBind composing children=5 [len=2|len=3|len=4]
07-22 20:45:01.954 28564 28564 I VkAutocorrect: kept (typing): len=2
07-22 20:45:02.056 28564 28883 I VkNgram : merge locale=en prev=len=2 preds=8 contextual=0 assets=true
07-22 20:45:02.059 28564 28883 I VkSuggestions: strip prediction typedLen=0 candidates=3 autocorrect=false top=len=3 locale=en token=53 gen=6
07-22 20:45:02.059 28564 28564 I VkStripPipeline: setSuggestions prediction size=3 style=6 token=53 gen=6
07-22 20:45:02.062 28564 28564 I VkSuggestions: stripUi prediction=true children=5 [len=6|len=3|len=2]
07-22 20:45:02.062 28564 28564 I VkStripPipeline: slotBind prediction children=5 [len=6|len=3|len=2]
07-22 20:45:03.600 28564 28564 I VkEffects: keyPressAnim burst=6 type=scale lastPhase=down
07-22 20:45:03.602 28564 28564 I VkKeyPreview: show key=printable instant=false pool showing=1 free=0
07-22 20:45:03.602 28564 28564 I VkKeyPreview: popupAnim key=printable type=none dur=100ms scale=1.0
07-22 20:45:03.695 28564 28564 I VkKeyPreview: dismiss key=printable reason=release_anim pool showing=0 free=1
07-22 20:45:03.695 28564 28564 I VkKeyPress: keys pressed=76
07-22 20:45:03.813 28564 28883 W VibeKeyProfiler: Slow Native Suggest: Total=14.31ms | Init=0.48ms | TrieExpand(x16)=13.78ms | Scoring=0.05ms | inputSize=1
07-22 20:45:03.814 28564 28883 I VkSuggestions: decode typedLen=1 candidates=18 locales=1 15,2ms
07-22 20:45:03.816 28564 28883 I VkSuggestions: strip composing typedLen=1 candidates=19 autocorrect=false top=len=1 locale=en token=54 gen=6
07-22 20:45:03.817 28564 28564 I VkStripPipeline: setSuggestions composing size=19 style=1 token=54 gen=6 typed=len=1
07-22 20:45:03.819 28564 28564 I VkSuggestions: stripUi prediction=false children=5 [len=1|len=1|len=2]
07-22 20:45:03.819 28564 28564 I VkStripPipeline: slotBind composing children=5 [len=1|len=1|len=2]
07-22 20:45:03.843 28564 28564 I VkKeyPreview: show key=printable instant=true pool showing=1 free=0
07-22 20:45:03.843 28564 28564 I VkKeyPreview: popupAnim key=printable type=instant dur=0ms scale=1.0
07-22 20:45:03.925 28564 28564 I VkKeyPreview: dismiss key=printable reason=release_anim pool showing=0 free=1
07-22 20:45:04.037 28564 28883 I VkSuggestions: decode typedLen=2 candidates=18 locales=1 7,4ms
07-22 20:45:04.039 28564 28883 I VkTextCorrection: threshold len=2→len=2 score=0,233 thr=0,140 ✓
07-22 20:45:04.040 28564 28883 I VkSuggestions: strip composing typedLen=2 candidates=18 autocorrect=false top=len=2 locale=en token=55 gen=6
07-22 20:45:04.041 28564 28564 I VkStripPipeline: setSuggestions composing size=18 style=1 token=55 gen=6 typed=len=2
07-22 20:45:04.042 28564 28564 I VkSuggestions: stripUi prediction=false children=5 [len=2|len=2|len=5]
07-22 20:45:04.042 28564 28564 I VkStripPipeline: slotBind composing children=5 [len=2|len=2|len=5]
07-22 20:45:04.045 28564 28564 I VkKeyPreview: show key=printable instant=true pool showing=1 free=0
07-22 20:45:04.045 28564 28564 I VkKeyPreview: popupAnim key=printable type=instant dur=0ms scale=1.0
07-22 20:45:04.130 28564 28564 I VkKeyPreview: dismiss key=printable reason=release_anim pool showing=0 free=1
07-22 20:45:04.229 28564 28564 I VkKeyPreview: show key=printable instant=true pool showing=1 free=0
07-22 20:45:04.229 28564 28564 I VkKeyPreview: popupAnim key=printable type=instant dur=0ms scale=1.0
07-22 20:45:04.236 28564 28883 I VkSuggestions: decode typedLen=3 candidates=18 locales=1 3,2ms
07-22 20:45:04.237 28564 28883 I VkTextCorrection: threshold len=3→len=3 score=0,000 thr=0,140 ○
07-22 20:45:04.238 28564 28883 I VkSuggestions: strip composing typedLen=3 candidates=19 autocorrect=false top=len=3 locale=en token=57 gen=6
07-22 20:45:04.238 28564 28564 I VkStripPipeline: setSuggestions composing size=19 style=1 token=57 gen=6 typed=len=3
07-22 20:45:04.239 28564 28564 I VkSuggestions: stripUi prediction=false children=5 [len=3|len=3|len=3]
07-22 20:45:04.239 28564 28564 I VkStripPipeline: slotBind composing children=5 [len=3|len=3|len=3]
07-22 20:45:04.309 28564 28564 I VkKeyPreview: dismiss key=printable reason=release_anim pool showing=0 free=1
07-22 20:45:04.332 28564 28564 I VkKeyPreview: show key=printable instant=true pool showing=1 free=0
07-22 20:45:04.332 28564 28564 I VkKeyPreview: popupAnim key=printable type=instant dur=0ms scale=1.0
07-22 20:45:04.416 28564 28883 I VkSuggestions: decode typedLen=4 candidates=18 locales=1 3,6ms
07-22 20:45:04.417 28564 28883 I VkTextCorrection: threshold len=4→len=5 score=0,000 thr=0,140 ○
07-22 20:45:04.418 28564 28883 I VkSuggestions: strip composing typedLen=4 candidates=19 autocorrect=false top=len=4 locale=en token=58 gen=6
07-22 20:45:04.418 28564 28564 I VkStripPipeline: setSuggestions composing size=19 style=1 token=58 gen=6 typed=len=4
07-22 20:45:04.419 28564 28564 I VkSuggestions: stripUi prediction=false children=5 [len=4|len=5|len=6]
07-22 20:45:04.419 28564 28564 I VkStripPipeline: slotBind composing children=5 [len=4|len=5|len=6]
07-22 20:45:04.421 28564 28564 I VkKeyPreview: dismiss key=printable reason=release_anim pool showing=0 free=1
07-22 20:45:04.535 28564 28883 W VibeKeyProfiler: Slow Native Suggest: Total=8.34ms | Init=0.12ms | TrieExpand(x17)=8.19ms | Scoring=0.03ms | inputSize=5
07-22 20:45:04.536 28564 28883 I VkSuggestions: decode typedLen=5 candidates=18 locales=1 9,0ms
07-22 20:45:04.538 28564 28883 I VkTextCorrection: threshold len=5→len=5 score=0,133 thr=0,140 ○
07-22 20:45:04.539 28564 28883 I VkSuggestions: strip composing typedLen=5 candidates=19 autocorrect=false top=len=5 locale=en token=58 gen=6
07-22 20:45:04.540 28564 28564 I VkStripPipeline: setSuggestions composing size=19 style=1 token=58 gen=6 typed=len=5
07-22 20:45:04.541 28564 28564 I VkSuggestions: stripUi prediction=false children=5 [len=5|len=5|len=5]
07-22 20:45:04.541 28564 28564 I VkStripPipeline: slotBind composing children=5 [len=5|len=5|len=5]
07-22 20:45:05.309 28564 28564 I VkAutocorrect: picked: len=5
07-22 20:45:05.413 28564 28883 I VkNgram : merge locale=en prev=len=5 preds=8 contextual=0 assets=true
07-22 20:45:05.416 28564 28883 I VkSuggestions: strip prediction typedLen=0 candidates=3 autocorrect=false top=len=5 locale=en token=58 gen=7
07-22 20:45:05.416 28564 28564 I VkStripPipeline: setSuggestions prediction size=3 style=6 token=58 gen=7
07-22 20:45:05.419 28564 28564 I VkSuggestions: stripUi prediction=true children=5 [len=6|len=5|len=6]
07-22 20:45:05.419 28564 28564 I VkStripPipeline: slotBind prediction children=5 [len=6|len=5|len=6]
07-22 20:45:06.004 28564 28564 I VkKeyPreview: show key=printable instant=false pool showing=1 free=0
07-22 20:45:06.004 28564 28564 I VkKeyPreview: popupAnim key=printable type=none dur=100ms scale=1.0
07-22 20:45:06.128 28564 28564 I VkKeyPreview: dismiss key=printable reason=release_anim pool showing=0 free=1
07-22 20:45:06.262 28564 28883 W VibeKeyProfiler: Slow Native Suggest: Total=12.66ms | Init=0.78ms | TrieExpand(x16)=11.84ms | Scoring=0.04ms | inputSize=1
07-22 20:45:06.263 28564 28883 I VkSuggestions: decode typedLen=1 candidates=18 locales=1 13,6ms
07-22 20:45:06.266 28564 28883 I VkSuggestions: strip composing typedLen=1 candidates=19 autocorrect=false top=len=1 locale=en token=59 gen=7
07-22 20:45:06.267 28564 28564 I VkStripPipeline: setSuggestions composing size=19 style=1 token=59 gen=7 typed=len=1
07-22 20:45:06.271 28564 28564 I VkSuggestions: stripUi prediction=false children=5 [len=1|len=3|len=2]
07-22 20:45:06.271 28564 28564 I VkStripPipeline: slotBind composing children=5 [len=1|len=3|len=2]
07-22 20:45:06.608 28564 28564 I VkEffects: keyPressAnim burst=12 type=scale lastPhase=down
07-22 20:45:06.609 28564 28564 I VkKeyPreview: show key=printable instant=true pool showing=1 free=0
07-22 20:45:06.609 28564 28564 I VkKeyPreview: popupAnim key=printable type=instant dur=0ms scale=1.0
07-22 20:45:06.704 28564 28564 I VkKeyPreview: dismiss key=printable reason=release_anim pool showing=0 free=1
07-22 20:45:06.704 28564 28564 I VkKeyPress: keys pressed=82
07-22 20:45:06.816 28564 28883 W VibeKeyProfiler: Slow Native Suggest: Total=8.58ms | Init=0.09ms | TrieExpand(x15)=8.45ms | Scoring=0.04ms | inputSize=2
07-22 20:45:06.818 28564 28883 I VkSuggestions: decode typedLen=2 candidates=18 locales=1 9,6ms
07-22 20:45:06.821 28564 28883 I VkSuggestions: strip composing typedLen=2 candidates=18 autocorrect=false top=len=2 locale=en token=60 gen=7
07-22 20:45:06.821 28564 28564 I VkStripPipeline: setSuggestions composing size=18 style=1 token=60 gen=7 typed=len=2
07-22 20:45:06.824 28564 28564 I VkSuggestions: stripUi prediction=false children=5 [len=2|len=4|len=2]
07-22 20:45:06.824 28564 28564 I VkStripPipeline: slotBind composing children=5 [len=2|len=4|len=2]
07-22 20:45:06.826 28564 28564 I VkKeyPreview: show key=printable instant=true pool showing=1 free=0
07-22 20:45:06.826 28564 28564 I VkKeyPreview: popupAnim key=printable type=instant dur=0ms scale=1.0
07-22 20:45:06.915 28564 28564 I VkKeyPreview: dismiss key=printable reason=release_anim pool showing=0 free=1
07-22 20:45:06.975 28564 28564 I VkKeyPreview: show key=printable instant=true pool showing=1 free=0
07-22 20:45:06.975 28564 28564 I VkKeyPreview: popupAnim key=printable type=instant dur=0ms scale=1.0
07-22 20:45:07.022 28564 28883 I VkSuggestions: decode typedLen=3 candidates=18 locales=1 3,4ms
07-22 20:45:07.022 28564 28883 I VkTextCorrection: threshold len=3→len=3 score=0,193 thr=0,140 ✓
07-22 20:45:07.024 28564 28883 I VkAutocorrect: will correct: len=3 → len=3
07-22 20:45:07.024 28564 28883 I VkSuggestions: strip composing typedLen=3 candidates=18 autocorrect=true top=len=3 locale=en token=62 gen=7
07-22 20:45:07.025 28564 28564 I VkStripPipeline: setSuggestions composing size=18 style=1 token=62 gen=7 typed=len=3
07-22 20:45:07.028 28564 28564 I VkSuggestions: stripUi prediction=false children=5 [len=3|len=3|len=4]
07-22 20:45:07.028 28564 28564 I VkStripPipeline: slotBind composing children=5 [len=3|len=3|len=4]
07-22 20:45:07.065 28564 28564 I VkKeyPreview: dismiss key=printable reason=release_anim pool showing=0 free=1
07-22 20:45:07.176 28564 28883 I VkSuggestions: decode typedLen=4 candidates=18 locales=1 7,3ms
07-22 20:45:07.178 28564 28883 I VkTextCorrection: threshold len=4→len=4 score=0,115 thr=0,140 ○
07-22 20:45:07.180 28564 28883 I VkSuggestions: strip composing typedLen=4 candidates=18 autocorrect=false top=len=4 locale=en token=62 gen=7
07-22 20:45:07.183 28564 28564 I VkStripPipeline: setSuggestions composing size=18 style=1 token=62 gen=7 typed=len=4
07-22 20:45:07.186 28564 28564 I VkSuggestions: stripUi prediction=false children=5 [len=4|len=4|len=3]
07-22 20:45:07.186 28564 28564 I VkStripPipeline: slotBind composing children=5 [len=4|len=4|len=3]
07-22 20:45:08.034 28564 28564 I VkAutocorrect: picked: len=4
07-22 20:45:08.138 28564 28883 I VkNgram : merge locale=en prev=len=4 preds=8 contextual=0 assets=true
07-22 20:45:08.140 28564 28883 I VkSuggestions: strip prediction typedLen=0 candidates=3 autocorrect=false top=len=4 locale=en token=62 gen=8
07-22 20:45:08.141 28564 28564 I VkStripPipeline: setSuggestions prediction size=3 style=6 token=62 gen=8
07-22 20:45:08.143 28564 28564 I VkSuggestions: stripUi prediction=true children=5 [len=3|len=4|len=2]
07-22 20:45:08.143 28564 28564 I VkStripPipeline: slotBind prediction children=5 [len=3|len=4|len=2]
07-22 20:45:08.860 28564 28564 I VkStripPipeline: langSwitch main=en-AU token=64 gen=9
07-22 20:45:08.863 28564 28564 I VkStripPipeline: setSuggestions composing size=0 style=0 token=-1 gen=-1
07-22 20:45:08.863 28564 28564 I VkStripPipeline: slotBind composing children=0 []
07-22 20:45:08.863 28564 28564 I VkLanguageSettings: select es
07-22 20:45:08.873 28564 28564 I VkDictionaries: ✓ open emoji es
07-22 20:45:08.896 28564 28564 I VkLanguageSettings: cycle dir=1 → es
07-22 20:45:08.906 28564 29010 I VkMultilingual: reset main=es locales=[es] count=1
07-22 20:45:08.907 28564 29010 I VkDictionaries: ▶ async reload main dicts locales=1
07-22 20:45:08.909 28564 29010 I VkDictionaries: ✓ open main es
07-22 20:45:08.909 28564 29010 I VkDictionaries: ✓ open emoji es
07-22 20:45:08.910 28564 29010 I VkDictionaries: collection es dicts=2 emoji=true
07-22 20:45:09.867 28564 28564 I VkTyping: ▶ open restart=true pkg=len=20 inputType=589825
07-22 20:45:10.122 28564 28564 I VkEffects: reload keyPress=fade popup=fade popupFx=true blur=0px glow=false stickers=true
07-22 20:45:10.513 28564 28564 W VkStall : MAIN-THREAD STALL 133ms during: >>>>> Dispatching to Handler (android.os.Handler) {9202744} g9.u@5aeabf2: 0
07-22 20:45:10.785 28564 28564 W VkStall : MAIN-THREAD STALL 128ms during: >>>>> Dispatching to Handler (android.os.Handler) {9202744} g9.u@5aeabf2: 0
07-22 20:45:10.786 28564 28564 I VkEffects: keyPressAnim burst=8 type=scale lastPhase=down
07-22 20:45:10.787 28564 28564 I VkKeyPreview: show key=printable instant=false pool showing=1 free=0
07-22 20:45:10.787 28564 28564 I VkKeyPreview: popupAnim key=printable type=none dur=100ms scale=1.0
07-22 20:45:10.792 28611 28632 I OnDeviceAssist: warm ok model=qwen2.5-0.5b-instruct-q4_0.gguf ambient=40 chars 0ms
07-22 20:45:10.881 28564 28564 I VkKeyPreview: dismiss key=printable reason=release_anim pool showing=0 free=1
07-22 20:45:10.881 28564 28564 I VkKeyPress: keys pressed=86
07-22 20:45:10.996 28564 28883 I VkSuggestions: decode typedLen=1 candidates=18 locales=1 13,3ms
07-22 20:45:10.998 28564 28883 I VkSuggestions: strip composing typedLen=1 candidates=19 autocorrect=false top=len=1 locale=es token=66 gen=9
07-22 20:45:10.998 28564 28564 I VkStripPipeline: setSuggestions composing size=19 style=1 token=66 gen=9 typed=len=1
07-22 20:45:11.000 28564 28564 I VkSuggestions: stripUi prediction=false children=5 [len=1|len=1|len=2]
07-22 20:45:11.000 28564 28564 I VkStripPipeline: slotBind composing children=5 [len=1|len=1|len=2]
07-22 20:45:11.062 28564 28564 I VkKeyPreview: show key=printable instant=true pool showing=1 free=0
07-22 20:45:11.062 28564 28564 I VkKeyPreview: popupAnim key=printable type=instant dur=0ms scale=1.0
07-22 20:45:11.173 28564 28564 I VkKeyPreview: dismiss key=printable reason=release_anim pool showing=0 free=1
07-22 20:45:11.296 28564 28883 W VibeKeyProfiler: Slow Native Suggest: Total=10.80ms | Init=0.11ms | TrieExpand(x14)=10.65ms | Scoring=0.04ms | inputSize=2
07-22 20:45:11.297 28564 28883 I VkSuggestions: decode typedLen=2 candidates=18 locales=1 20,4ms
07-22 20:45:11.297 28564 28883 W VkSuggestions: slow frame 20,4ms locales=1 typedLen=2 candidates=18
07-22 20:45:11.298 28564 28883 I VkTextCorrection: threshold len=2→len=3 score=0,190 thr=0,140 ✓
07-22 20:45:11.299 28564 28883 I VkAutocorrect: will correct: len=2 → len=3
07-22 20:45:11.299 28564 28883 I VkSuggestions: strip composing typedLen=2 candidates=19 autocorrect=true top=len=2 locale=es token=67 gen=9
07-22 20:45:11.303 28564 28564 I VkStripPipeline: setSuggestions composing size=19 style=1 token=67 gen=9 typed=len=2
07-22 20:45:11.305 28564 28564 I VkSuggestions: stripUi prediction=false children=5 [len=2|len=3|len=6]
07-22 20:45:11.305 28564 28564 I VkStripPipeline: slotBind composing children=5 [len=2|len=3|len=6]
07-22 20:45:11.584 28564 28564 I VkKeyPreview: show key=printable instant=true pool showing=1 free=0
07-22 20:45:11.584 28564 28564 I VkKeyPreview: popupAnim key=printable type=instant dur=0ms scale=1.0
07-22 20:45:11.666 28564 28564 I VkKeyPreview: dismiss key=printable reason=release_anim pool showing=0 free=1
07-22 20:45:11.777 28564 28883 I VkSuggestions: decode typedLen=3 candidates=18 locales=1 7,5ms
07-22 20:45:11.778 28564 28883 I VkTextCorrection: threshold len=3→len=3 score=0,222 thr=0,140 ✓
07-22 20:45:11.779 28564 28883 I VkSuggestions: strip composing typedLen=3 candidates=19 autocorrect=false top=len=3 locale=es token=68 gen=9
07-22 20:45:11.792 28564 28564 I VkStripPipeline: setSuggestions composing size=19 style=1 token=68 gen=9 typed=len=3
07-22 20:45:11.794 28564 28564 I VkSuggestions: stripUi prediction=false children=5 [len=3|len=3|len=8]
07-22 20:45:11.794 28564 28564 I VkStripPipeline: slotBind composing children=5 [len=3|len=3|len=8]
07-22 20:45:12.279 28564 28564 I VkKeyPreview: show key=printable instant=false pool showing=1 free=0
07-22 20:45:12.279 28564 28564 I VkKeyPreview: popupAnim key=printable type=none dur=100ms scale=1.0
07-22 20:45:12.363 28564 28564 I VkKeyPreview: dismiss key=printable reason=release_anim pool showing=0 free=1
07-22 20:45:12.478 28564 28883 I VkSuggestions: decode typedLen=4 candidates=18 locales=1 12,0ms
07-22 20:45:12.480 28564 28883 I VkTextCorrection: rerank composing head len=4→len=2
07-22 20:45:12.480 28564 28883 I VkTextCorrection: threshold len=4→len=2 score=0,000 thr=0,140 ○
07-22 20:45:12.481 28564 28883 I VkSuggestions: strip composing typedLen=4 candidates=14 autocorrect=false top=len=4 locale=es token=69 gen=9
07-22 20:45:12.481 28564 28564 I VkStripPipeline: setSuggestions composing size=14 style=1 token=69 gen=9 typed=len=4
07-22 20:45:12.484 28564 28564 I VkSuggestions: stripUi prediction=false children=5 [len=4|len=2|len=2]
07-22 20:45:12.484 28564 28564 I VkStripPipeline: slotBind composing children=5 [len=4|len=2|len=2]
07-22 20:45:13.096 28564 28564 I VkAutocorrect: picked: len=4
07-22 20:45:13.199 28564 28883 I VkNgram : contextual locale=es prev=len=4 → len=4, len=4, len=3
07-22 20:45:13.199 28564 28883 I VkNgram : merge locale=es prev=len=4 preds=8 contextual=5 assets=true
07-22 20:45:13.200 28564 28883 I VkTextCorrection: rerank prediction head len=3→len=4
07-22 20:45:13.200 28564 28883 I VkSuggestions: strip prediction typedLen=0 candidates=3 autocorrect=false top=len=4 locale=es token=69 gen=10
07-22 20:45:13.200 28564 28564 I VkStripPipeline: setSuggestions prediction size=3 style=6 token=69 gen=10
07-22 20:45:13.201 28564 28564 I VkSuggestions: stripUi prediction=true children=5 [len=3|len=4|len=3]
07-22 20:45:13.201 28564 28564 I VkStripPipeline: slotBind prediction children=5 [len=3|len=4|len=3]
07-22 20:45:13.798 28564 28564 I VkAutocorrect: picked: len=4
07-22 20:45:13.901 28564 28883 I VkNgram : merge locale=es prev=len=4 preds=8 contextual=0 assets=true
07-22 20:45:13.902 28564 28883 I VkSuggestions: strip prediction typedLen=0 candidates=3 autocorrect=false top=len=2 locale=es token=69 gen=11
07-22 20:45:13.902 28564 28564 I VkStripPipeline: setSuggestions prediction size=3 style=6 token=69 gen=11
07-22 20:45:13.903 28564 28564 I VkSuggestions: stripUi prediction=true children=5 [len=2|len=2|len=2]
07-22 20:45:13.903 28564 28564 I VkStripPipeline: slotBind prediction children=5 [len=2|len=2|len=2]
07-22 20:45:14.627 28564 28564 I VkEffects: keyPressAnim burst=8 type=scale lastPhase=down
07-22 20:45:14.627 28564 28564 I VkKeyPreview: show key=printable instant=false pool showing=1 free=0
07-22 20:45:14.627 28564 28564 I VkKeyPreview: popupAnim key=printable type=none dur=100ms scale=1.0
07-22 20:45:14.718 28564 28564 I VkKeyPreview: dismiss key=printable reason=release_anim pool showing=0 free=1
07-22 20:45:14.718 28564 28564 I VkKeyPress: keys pressed=90
07-22 20:45:14.812 28564 28564 I VkKeyPreview: show key=printable instant=true pool showing=1 free=0
07-22 20:45:14.812 28564 28564 I VkKeyPreview: popupAnim key=printable type=instant dur=0ms scale=1.0
07-22 20:45:14.841 28564 28883 I VkSuggestions: decode typedLen=1 candidates=18 locales=1 7,9ms
07-22 20:45:14.842 28564 28883 I VkTextCorrection: rerank composing head len=2→len=2
07-22 20:45:14.842 28564 28883 I VkTextCorrection: threshold len=1→len=2 score=0,000 thr=0,140 ○
07-22 20:45:14.843 28564 28883 I VkSuggestions: strip composing typedLen=1 candidates=18 autocorrect=false top=len=1 locale=es token=71 gen=11
07-22 20:45:14.843 28564 28564 I VkStripPipeline: setSuggestions composing size=18 style=1 token=71 gen=11 typed=len=1
07-22 20:45:14.846 28564 28564 I VkSuggestions: stripUi prediction=false children=5 [len=1|len=2|len=2]
07-22 20:45:14.846 28564 28564 I VkStripPipeline: slotBind composing children=5 [len=1|len=2|len=2]
07-22 20:45:14.904 28564 28564 I VkKeyPreview: dismiss key=printable reason=release_anim pool showing=0 free=1
07-22 20:45:14.960 28564 28564 I VkKeyPreview: show key=printable instant=true pool showing=1 free=0
07-22 20:45:14.960 28564 28564 I VkKeyPreview: popupAnim key=printable type=instant dur=0ms scale=1.0
07-22 20:45:15.016 28564 28883 I VkSuggestions: decode typedLen=2 candidates=18 locales=1 8,6ms
07-22 20:45:15.020 28564 28883 I VkTextCorrection: rerank composing head len=2→len=2
07-22 20:45:15.021 28564 28883 I VkTextCorrection: threshold len=2→len=2 score=0,000 thr=0,140 ○
07-22 20:45:15.021 28564 28883 I VkSuggestions: strip composing typedLen=2 candidates=18 autocorrect=false top=len=2 locale=es token=72 gen=11
07-22 20:45:15.021 28564 28564 I VkStripPipeline: setSuggestions composing size=18 style=1 token=72 gen=11 typed=len=2
07-22 20:45:15.025 28564 28564 I VkSuggestions: stripUi prediction=false children=5 [len=2|len=2|len=4]
07-22 20:45:15.025 28564 28564 I VkStripPipeline: slotBind composing children=5 [len=2|len=2|len=4]
07-22 20:45:15.059 28564 28564 I VkKeyPreview: dismiss key=printable reason=release_anim pool showing=0 free=1
07-22 20:45:15.174 28564 28883 W VibeKeyProfiler: Slow Native Suggest: Total=12.18ms | Init=0.19ms | TrieExpand(x19)=11.94ms | Scoring=0.05ms | inputSize=3
07-22 20:45:15.188 28564 28883 W VibeKeyProfiler: Slow Native Suggest: Total=12.51ms | Init=0.27ms | TrieExpand(x15)=12.19ms | Scoring=0.04ms | inputSize=3
07-22 20:45:15.188 28564 28883 I VkSuggestions: decode typedLen=3 candidates=18 locales=1 26,5ms
07-22 20:45:15.189 28564 28883 W VkSuggestions: slow frame 26,5ms locales=1 typedLen=3 candidates=18
07-22 20:45:15.192 28564 28883 I VkTextCorrection: threshold len=3→len=4 score=0,253 thr=0,140 ✓
07-22 20:45:15.194 28564 28883 I VkAutocorrect: will correct: len=3 → len=4
07-22 20:45:15.194 28564 28883 I VkSuggestions: strip composing typedLen=3 candidates=19 autocorrect=true top=len=3 locale=es token=72 gen=11
07-22 20:45:15.200 28564 28564 I VkStripPipeline: setSuggestions composing size=19 style=1 token=72 gen=11 typed=len=3
07-22 20:45:15.206 28564 28564 I VkSuggestions: stripUi prediction=false children=5 [len=3|len=4|len=4]
07-22 20:45:15.206 28564 28564 I VkStripPipeline: slotBind composing children=5 [len=3|len=4|len=4]
07-22 20:45:16.175 28564 28564 I VkAutocorrect: picked: len=4
07-22 20:45:16.280 28564 28883 I VkNgram : contextual locale=es prev=len=4 → len=2, len=6, len=6
07-22 20:45:16.280 28564 28883 I VkNgram : merge locale=es prev=len=4 preds=8 contextual=5 assets=true
07-22 20:45:16.282 28564 28883 I VkSuggestions: strip prediction typedLen=0 candidates=3 autocorrect=false top=len=6 locale=es token=72 gen=12
07-22 20:45:16.283 28564 28564 I VkStripPipeline: setSuggestions prediction size=3 style=6 token=72 gen=12
07-22 20:45:16.288 28564 28564 I VkSuggestions: stripUi prediction=true children=5 [len=9|len=6|len=6]
07-22 20:45:16.288 28564 28564 I VkStripPipeline: slotBind prediction children=5 [len=9|len=6|len=6]
07-22 20:45:18.120 28564 28564 I VkEffects: keyPressAnim burst=8 type=scale lastPhase=down
07-22 20:45:18.212 28564 28564 I VkKeyPress: keys pressed=94
07-22 20:45:18.212 28564 28564 I VkStripPipeline: langSwitch main=es token=75 gen=13
07-22 20:45:18.222 28564 28564 I VkStripPipeline: setSuggestions composing size=0 style=0 token=-1 gen=-1
07-22 20:45:18.223 28564 28564 I VkStripPipeline: slotBind composing children=0 []
07-22 20:45:18.223 28564 28564 I VkLanguageSettings: select fr
07-22 20:45:18.236 28564 28564 I VkDictionaries: ✓ open emoji fr
07-22 20:45:18.272 28564 28564 I VkLanguageSettings: cycle dir=1 → fr
07-22 20:45:18.293 28564 28908 I VkMultilingual: reset main=fr locales=[fr] count=1
07-22 20:45:18.296 28564 28908 I VkDictionaries: ▶ async reload main dicts locales=1
07-22 20:45:18.299 28564 28908 I VkDictionaries: ✓ open main fr
07-22 20:45:18.299 28564 28908 I VkDictionaries: ✓ open emoji fr
07-22 20:45:18.299 28564 28908 I VkDictionaries: collection fr dicts=2 emoji=true
07-22 20:45:19.496 28564 28564 I VkEffects: reload keyPress=scale popup=fade popupFx=true blur=0px glow=false stickers=true
07-22 20:45:19.633 28564 28564 W VkStall : MAIN-THREAD STALL 142ms during: >>>>> Dispatching to Handler (android.os.Handler) {9202744} g9.u@5aeabf2: 0
07-22 20:45:19.918 28564 28564 W VkStall : MAIN-THREAD STALL 143ms during: >>>>> Dispatching to Handler (android.os.Handler) {9202744} g9.u@5aeabf2: 0
07-22 20:45:20.225 28564 28564 W VkStall : MAIN-THREAD STALL 164ms during: >>>>> Dispatching to Handler (android.os.Handler) {9202744} g9.u@5aeabf2: 0
07-22 20:45:20.501 28564 28564 I VkKeyPreview: show key=printable instant=false pool showing=1 free=0
07-22 20:45:20.501 28564 28564 I VkKeyPreview: popupAnim key=printable type=none dur=100ms scale=1.0
07-22 20:45:20.591 28564 28564 I VkKeyPreview: dismiss key=printable reason=release_anim pool showing=0 free=1
07-22 20:45:20.712 28564 28883 W VibeKeyProfiler: Slow Native Suggest: Total=14.45ms | Init=0.02ms | TrieExpand(x28)=14.36ms | Scoring=0.06ms | inputSize=1
07-22 20:45:20.722 28564 28883 I VkSuggestions: decode typedLen=1 candidates=18 locales=1 25,4ms
07-22 20:45:20.722 28564 28883 W VkSuggestions: slow frame 25,4ms locales=1 typedLen=1 candidates=18
07-22 20:45:20.725 28564 28883 I VkSuggestions: strip composing typedLen=1 candidates=19 autocorrect=false top=len=1 locale=fr token=77 gen=13
07-22 20:45:20.726 28564 28564 I VkStripPipeline: setSuggestions composing size=19 style=1 token=77 gen=13 typed=len=1
07-22 20:45:20.729 28564 28564 I VkSuggestions: stripUi prediction=false children=5 [len=1|len=3|len=4]
07-22 20:45:20.730 28564 28564 I VkStripPipeline: slotBind composing children=5 [len=1|len=3|len=4]
07-22 20:45:20.877 28564 28564 I VkKeyPreview: show key=printable instant=true pool showing=1 free=0
07-22 20:45:20.877 28564 28564 I VkKeyPreview: popupAnim key=printable type=instant dur=0ms scale=1.0
07-22 20:45:20.960 28564 28564 I VkKeyPreview: dismiss key=printable reason=release_anim pool showing=0 free=1
07-22 20:45:21.083 28564 28883 W VibeKeyProfiler: Slow Native Suggest: Total=10.50ms | Init=0.14ms | TrieExpand(x26)=10.32ms | Scoring=0.04ms | inputSize=2
07-22 20:45:21.084 28564 28883 I VkSuggestions: decode typedLen=2 candidates=18 locales=1 19,0ms
07-22 20:45:21.084 28564 28883 W VkSuggestions: slow frame 19,0ms locales=1 typedLen=2 candidates=18
07-22 20:45:21.087 28564 28883 I VkSuggestions: strip composing typedLen=2 candidates=18 autocorrect=false top=len=2 locale=fr token=78 gen=13
07-22 20:45:21.088 28564 28564 I VkStripPipeline: setSuggestions composing size=18 style=1 token=78 gen=13 typed=len=2
07-22 20:45:21.090 28564 28564 I VkSuggestions: stripUi prediction=false children=5 [len=2|len=4|len=5]
07-22 20:45:21.090 28564 28564 I VkStripPipeline: slotBind composing children=5 [len=2|len=4|len=5]
07-22 20:45:21.695 28564 28564 I VkEffects: keyPressAnim burst=6 type=scale lastPhase=down
07-22 20:45:21.696 28564 28564 I VkKeyPreview: show key=printable instant=false pool showing=1 free=0
07-22 20:45:21.696 28564 28564 I VkKeyPreview: popupAnim key=printable type=none dur=100ms scale=1.0
07-22 20:45:21.771 28564 28564 I VkKeyPreview: dismiss key=printable reason=release_anim pool showing=0 free=1
07-22 20:45:21.771 28564 28564 I VkKeyPress: keys pressed=97
07-22 20:45:21.881 28564 28883 I VkSuggestions: decode typedLen=3 candidates=18 locales=1 7,5ms
07-22 20:45:21.882 28564 28883 I VkSuggestions: strip composing typedLen=3 candidates=18 autocorrect=false top=len=3 locale=fr token=79 gen=13
07-22 20:45:21.882 28564 28564 I VkStripPipeline: setSuggestions composing size=18 style=1 token=79 gen=13 typed=len=3
07-22 20:45:21.884 28564 28564 I VkSuggestions: stripUi prediction=false children=5 [len=3|len=7|len=6]
07-22 20:45:21.884 28564 28564 I VkStripPipeline: slotBind composing children=5 [len=3|len=7|len=6]
07-22 20:45:22.893 28564 28564 I VkAutocorrect: picked: len=7
07-22 20:45:22.999 28564 28883 I VkNgram : merge locale=fr prev=len=7 preds=8 contextual=0 assets=true
07-22 20:45:23.001 28564 28883 I VkSuggestions: strip prediction typedLen=0 candidates=3 autocorrect=false top=len=2 locale=fr token=79 gen=14
07-22 20:45:23.001 28564 28564 I VkStripPipeline: setSuggestions prediction size=3 style=6 token=79 gen=14
07-22 20:45:23.003 28564 28564 I VkSuggestions: stripUi prediction=true children=5 [len=1|len=2|len=2]
07-22 20:45:23.003 28564 28564 I VkStripPipeline: slotBind prediction children=5 [len=1|len=2|len=2]
07-22 20:45:23.516 28564 28564 I VkAutocorrect: picked: len=2
07-22 20:45:23.620 28564 28883 I VkNgram : contextual locale=fr prev=len=2 → len=4, len=4, len=4
07-22 20:45:23.621 28564 28883 I VkNgram : merge locale=fr prev=len=2 preds=8 contextual=5 assets=true
07-22 20:45:23.622 28564 28883 I VkTextCorrection: rerank prediction head len=2→len=4
07-22 20:45:23.623 28564 28883 I VkSuggestions: strip prediction typedLen=0 candidates=3 autocorrect=false top=len=4 locale=fr token=79 gen=15
07-22 20:45:23.623 28564 28564 I VkStripPipeline: setSuggestions prediction size=3 style=6 token=79 gen=15
07-22 20:45:23.626 28564 28564 I VkSuggestions: stripUi prediction=true children=5 [len=4|len=4|len=2]
07-22 20:45:23.626 28564 28564 I VkStripPipeline: slotBind prediction children=5 [len=4|len=4|len=2]
07-22 20:45:24.809 28564 28564 I VkEffects: keyPressAnim burst=2 type=scale lastPhase=down
07-22 20:45:24.888 28564 28564 I VkKeyPress: keys pressed=98
07-22 20:45:24.889 28564 28564 I VkStripPipeline: langSwitch main=fr token=81 gen=16
07-22 20:45:24.891 28564 28564 I VkStripPipeline: setSuggestions composing size=0 style=0 token=-1 gen=-1
07-22 20:45:24.892 28564 28564 I VkStripPipeline: slotBind composing children=0 []
07-22 20:45:24.892 28564 28564 I VkLanguageSettings: select hi
07-22 20:45:24.903 28564 28564 I VkDictionaries: ✓ open emoji hi
07-22 20:45:24.929 28564 28564 I VkLanguageSettings: cycle dir=1 → hi
07-22 20:45:24.944 28564 28893 I VkMultilingual: reset main=hi locales=[hi] count=1
07-22 20:45:24.946 28564 28893 I VkDictionaries: ▶ async reload main dicts locales=1
07-22 20:45:24.948 28564 28893 I VkDictionaries: ✓ open emoji hi
07-22 20:45:24.949 28564 28893 I VkDictionaries: ✓ open main hi
07-22 20:45:24.949 28564 28893 I VkDictionaries: collection hi dicts=2 emoji=true
07-22 20:45:26.091 28564 28883 I VkNgram : merge locale=hi prev=len=2 preds=4 contextual=0 assets=true
07-22 20:45:26.093 28564 28883 I VkSuggestions: strip prediction typedLen=0 candidates=3 autocorrect=false top=len=2 locale=hi token=83 gen=16
07-22 20:45:26.094 28564 28564 I VkStripPipeline: setSuggestions prediction size=3 style=6 token=83 gen=16
07-22 20:45:26.096 28564 28564 I VkSuggestions: stripUi prediction=true children=5 [len=4|len=2|len=4]
07-22 20:45:26.096 28564 28564 I VkStripPipeline: slotBind prediction children=5 [len=4|len=2|len=4]
07-22 20:45:26.146 28564 28564 I VkEffects: reload keyPress=scale popup=scale popupFx=true blur=0px glow=false stickers=true
07-22 20:45:26.273 28564 28564 W VkStall : MAIN-THREAD STALL 132ms during: >>>>> Dispatching to Handler (android.os.Handler) {9202744} g9.u@5aeabf2: 0
07-22 20:45:26.371 28564 28564 I VkKeyPreview: show key=other instant=false pool showing=1 free=0
07-22 20:45:26.371 28564 28564 I VkKeyPreview: popupAnim key=other type=none dur=100ms scale=1.0
07-22 20:45:26.542 28564 28564 W VkStall : MAIN-THREAD STALL 127ms during: >>>>> Dispatching to Handler (android.os.Handler) {9202744} g9.u@5aeabf2: 0
07-22 20:45:26.594 28564 28564 I VkKeyPreview: show key=other instant=true pool showing=1 free=0
07-22 20:45:26.594 28564 28564 I VkKeyPreview: popupAnim key=other type=instant dur=0ms scale=1.0
07-22 20:45:26.656 28564 28883 I VkSuggestions: decode typedLen=1 candidates=18 locales=1 9,1ms
07-22 20:45:26.657 28564 28883 I VkSuggestions: strip composing typedLen=1 candidates=19 autocorrect=false top=len=1 locale=hi token=85 gen=16
07-22 20:45:26.657 28564 28564 I VkStripPipeline: setSuggestions composing size=19 style=1 token=85 gen=16 typed=len=1
07-22 20:45:26.659 28564 28564 I VkSuggestions: stripUi prediction=false children=5 [len=1|len=2|len=2]
07-22 20:45:26.659 28564 28564 I VkStripPipeline: slotBind composing children=5 [len=1|len=2|len=2]
07-22 20:45:26.660 28564 28564 I VkKeyPreview: dismiss key=other reason=release_anim pool showing=0 free=1
07-22 20:45:26.809 28564 28564 W VkStall : MAIN-THREAD STALL 120ms during: >>>>> Dispatching to Handler (android.os.Handler) {9202744} g9.u@5aeabf2: 0
07-22 20:45:26.810 28564 28564 I VkKeyPreview: show key=other instant=false pool showing=1 free=0
07-22 20:45:26.810 28564 28564 I VkKeyPreview: popupAnim key=other type=none dur=100ms scale=1.0
07-22 20:45:26.823 28564 28883 I VkSuggestions: decode typedLen=2 candidates=18 locales=1 10,5ms
07-22 20:45:26.823 28564 28883 I VkTextCorrection: threshold len=2→len=2 score=0,359 thr=0,140 ✓
07-22 20:45:26.826 28564 28883 I VkAutocorrect: will correct: len=2 → len=2
07-22 20:45:26.826 28564 28883 I VkSuggestions: strip composing typedLen=2 candidates=18 autocorrect=true top=len=2 locale=hi token=86 gen=16
07-22 20:45:26.828 28564 28564 I VkStripPipeline: setSuggestions composing size=18 style=1 token=86 gen=16 typed=len=2
07-22 20:45:26.830 28564 28564 I VkSuggestions: stripUi prediction=false children=5 [len=2|len=2|len=2]
07-22 20:45:26.830 28564 28564 I VkStripPipeline: slotBind composing children=5 [len=2|len=2|len=2]
07-22 20:45:26.850 28564 28564 I VkKeyPreview: dismiss key=other reason=release_anim pool showing=0 free=1
07-22 20:45:26.875 28564 28564 I VkKeyPreview: show key=other instant=true pool showing=1 free=0
07-22 20:45:26.875 28564 28564 I VkKeyPreview: popupAnim key=other type=instant dur=0ms scale=1.0
07-22 20:45:26.964 28564 28883 I VkSuggestions: decode typedLen=3 candidates=18 locales=1 11,8ms
07-22 20:45:26.964 28564 28883 I VkTextCorrection: threshold len=3→len=3 score=0,403 thr=0,140 ✓
07-22 20:45:26.965 28564 28883 I VkAutocorrect: will correct: len=3 → len=3
07-22 20:45:26.965 28564 28883 I VkSuggestions: strip composing typedLen=3 candidates=18 autocorrect=true top=len=3 locale=hi token=87 gen=16
07-22 20:45:26.965 28564 28564 I VkStripPipeline: setSuggestions composing size=18 style=1 token=87 gen=16 typed=len=3
07-22 20:45:26.967 28564 28564 I VkSuggestions: stripUi prediction=false children=5 [len=3|len=3|len=4]
07-22 20:45:26.967 28564 28564 I VkStripPipeline: slotBind composing children=5 [len=3|len=3|len=4]
07-22 20:45:26.984 28564 28564 I VkKeyPreview: dismiss key=other reason=release_anim pool showing=0 free=1
07-22 20:45:27.080 28564 28564 I VkKeyPreview: show key=other instant=true pool showing=1 free=0
07-22 20:45:27.080 28564 28564 I VkKeyPreview: popupAnim key=other type=instant dur=0ms scale=1.0
07-22 20:45:27.097 28564 28883 I VkSuggestions: decode typedLen=4 candidates=18 locales=1 10,6ms
07-22 20:45:27.098 28564 28883 I VkTextCorrection: threshold len=4→len=5 score=0,048 thr=0,140 ○
07-22 20:45:27.098 28564 28883 I VkSuggestions: strip composing typedLen=4 candidates=19 autocorrect=false top=len=4 locale=hi token=88 gen=16
07-22 20:45:27.100 28564 28564 I VkStripPipeline: setSuggestions composing size=19 style=1 token=88 gen=16 typed=len=4
07-22 20:45:27.101 28564 28564 I VkSuggestions: stripUi prediction=false children=5 [len=4|len=2|len=4]
07-22 20:45:27.101 28564 28564 I VkStripPipeline: slotBind composing children=5 [len=4|len=2|len=4]
07-22 20:45:27.177 28564 28564 I VkKeyPreview: dismiss key=other reason=release_anim pool showing=0 free=1
07-22 20:45:27.300 28564 28883 W VibeKeyProfiler: Slow Native Suggest: Total=14.77ms | Init=0.26ms | TrieExpand(x6)=14.49ms | Scoring=0.02ms | inputSize=5
07-22 20:45:27.301 28564 28883 I VkSuggestions: decode typedLen=5 candidates=18 locales=1 21,6ms
07-22 20:45:27.301 28564 28883 W VkSuggestions: slow frame 21,6ms locales=1 typedLen=5 candidates=18
07-22 20:45:27.303 28564 28883 I VkTextCorrection: threshold len=5→len=4 score=0,000 thr=0,140 ○
07-22 20:45:27.304 28564 28883 I VkSuggestions: strip composing typedLen=5 candidates=19 autocorrect=false top=len=5 locale=hi token=88 gen=16
07-22 20:45:27.305 28564 28564 I VkStripPipeline: setSuggestions composing size=19 style=1 token=88 gen=16 typed=len=5
07-22 20:45:27.308 28564 28564 I VkSuggestions: stripUi prediction=false children=5 [len=5|len=4|len=2]
07-22 20:45:27.308 28564 28564 I VkStripPipeline: slotBind composing children=5 [len=5|len=4|len=2]
07-22 20:45:27.738 28564 28564 I VkStripPipeline: langSwitch main=hi token=90 gen=17
07-22 20:45:27.741 28564 28564 I VkStripPipeline: setSuggestions composing size=0 style=0 token=-1 gen=-1
07-22 20:45:27.741 28564 28564 I VkStripPipeline: slotBind composing children=0 []
07-22 20:45:27.741 28564 28564 I VkLanguageSettings: select pt-BR
07-22 20:45:27.748 28564 28564 I VkDictionaries: ✓ open emoji pt-BR
07-22 20:45:27.768 28564 28564 I VkLanguageSettings: cycle dir=1 → pt-BR
07-22 20:45:27.778 28564 29010 I VkMultilingual: reset main=pt-BR locales=[pt] count=1
07-22 20:45:27.780 28564 29010 I VkDictionaries: ▶ async reload main dicts locales=1
07-22 20:45:27.782 28564 28893 I VkDictionaries: ✓ open emoji pt-BR
07-22 20:45:27.784 28564 28893 I VkDictionaries: ✓ open main pt-BR
07-22 20:45:27.784 28564 28893 I VkDictionaries: collection pt-BR dicts=2 emoji=true
07-22 20:45:29.029 28564 28564 I VkEffects: reload keyPress=scale popup=fade popupFx=true blur=0px glow=false stickers=true
07-22 20:45:29.170 28564 28564 W VkStall : MAIN-THREAD STALL 147ms during: >>>>> Dispatching to Handler (android.os.Handler) {9202744} g9.u@5aeabf2: 0
07-22 20:45:29.452 28564 28564 W VkStall : MAIN-THREAD STALL 139ms during: >>>>> Dispatching to Handler (android.os.Handler) {9202744} g9.u@5aeabf2: 0
07-22 20:45:29.588 28564 28564 I VkEffects: keyPressAnim burst=16 type=scale lastPhase=down
07-22 20:45:29.703 28564 28564 I VkKeyPress: keys pressed=106
07-22 20:45:29.810 28564 28883 I VkSuggestions: strip prediction typedLen=0 candidates=3 autocorrect=false top=len=3 locale=pt token=92 gen=17
07-22 20:45:29.811 28564 28564 I VkStripPipeline: setSuggestions prediction size=3 style=6 token=92 gen=17
07-22 20:45:29.815 28564 28564 I VkSuggestions: stripUi prediction=true children=5 [len=6|len=3|len=10]
07-22 20:45:29.815 28564 28564 I VkStripPipeline: slotBind prediction children=5 [len=6|len=3|len=10]
07-22 20:45:30.949 28564 28564 I VkKeyPreview: show key=printable instant=false pool showing=1 free=0
07-22 20:45:30.949 28564 28564 I VkKeyPreview: popupAnim key=printable type=none dur=100ms scale=1.0
07-22 20:45:31.064 28564 28564 I VkKeyPreview: dismiss key=printable reason=release_anim pool showing=0 free=1
07-22 20:45:31.125 28564 28564 I VkKeyPreview: show key=printable instant=true pool showing=1 free=0
07-22 20:45:31.126 28564 28564 I VkKeyPreview: popupAnim key=printable type=instant dur=0ms scale=1.0
07-22 20:45:31.178 28564 28883 I VkSuggestions: decode typedLen=1 candidates=18 locales=1 8,7ms
07-22 20:45:31.179 28564 28883 I VkTextCorrection: rerank composing head len=4→len=2
07-22 20:45:31.179 28564 28883 I VkTextCorrection: threshold len=1→len=2 score=0,000 thr=0,140 ○
07-22 20:45:31.180 28564 28883 I VkSuggestions: strip composing typedLen=1 candidates=19 autocorrect=false top=len=1 locale=pt token=94 gen=17
07-22 20:45:31.180 28564 28564 I VkStripPipeline: setSuggestions composing size=19 style=1 token=94 gen=17 typed=len=1
07-22 20:45:31.182 28564 28564 I VkSuggestions: stripUi prediction=false children=5 [len=1|len=2|len=3]
07-22 20:45:31.182 28564 28564 I VkStripPipeline: slotBind composing children=5 [len=1|len=2|len=3]
