06-04 12:53:30.569 21993 21993 E GeckoView: 	at android.view.View$PerformClick.run(View.java:28911)
06-04 12:53:30.569 21993 21993 E GeckoView: 	at android.os.Handler.handleCallback(Handler.java:938)
06-04 12:53:30.569 21993 21993 E GeckoView: 	at android.os.Handler.dispatchMessage(Handler.java:99)
06-04 12:53:30.569 21993 21993 E GeckoView: 	at android.os.Looper.loopOnce(Looper.java:233)
06-04 12:53:30.569 21993 21993 E GeckoView: 	at android.os.Looper.loop(Looper.java:344)
06-04 12:53:30.569 21993 21993 E GeckoView: 	at android.app.ActivityThread.main(ActivityThread.java:8212)
06-04 12:53:30.569 21993 21993 E GeckoView: 	at java.lang.reflect.Method.invoke(Native Method)
06-04 12:53:30.569 21993 21993 E GeckoView: 	at com.android.internal.os.RuntimeInit$MethodAndArgsCaller.run(RuntimeInit.java:584)
06-04 12:53:30.569 21993 21993 E GeckoView: 	at com.android.internal.os.ZygoteInit.main(ZygoteInit.java:1034)
06-04 12:53:30.584 21993 22257 E GeckoConsole: [JavaScript Error: "TypeError: can't access property "WindowEventDispatcher", win is null" {file: "resource://gre/modules/GeckoViewSessionStore.sys.mjs" line: 149}]
06-04 12:53:30.584 21993 22257 E GeckoConsole: onTabStateUpdate@resource://gre/modules/GeckoViewSessionStore.sys.mjs:149:5
06-04 12:53:30.584 21993 22257 E GeckoConsole: updateSessionStoreFromTabListener@resource://gre/modules/GeckoViewSessionStore.sys.mjs:243:10
06-04 12:53:30.584 21993 22257 E GeckoConsole: SSF_updateSessionStore@resource://gre/modules/SessionStoreFunctions.sys.mjs:46:27
06-04 12:53:30.584 21993 22257 E GeckoConsole: UpdateSessionStore@resource://gre/modules/SessionStoreFunctions.sys.mjs:16:46
06-04 12:53:30.585 21993 22257 E GeckoConsole: [JavaScript Error: "TypeError: can't access property "WindowEventDispatcher", win is null" {file: "resource://gre/modules/GeckoViewSessionStore.sys.mjs" line: 149}]
06-04 12:53:30.585 21993 22257 E GeckoConsole: onTabStateUpdate@resource://gre/modules/GeckoViewSessionStore.sys.mjs:149:5
06-04 12:53:30.585 21993 22257 E GeckoConsole: updateSessionStoreFromTabListener@resource://gre/modules/GeckoViewSessionStore.sys.mjs:243:10
06-04 12:53:30.585 21993 22257 E GeckoConsole: SSF_updateSessionStore@resource://gre/modules/SessionStoreFunctions.sys.mjs:46:27
06-04 12:53:30.585 21993 22257 E GeckoConsole: UpdateSessionStore@resource://gre/modules/SessionStoreFunctions.sys.mjs:16:46
06-04 12:53:30.585 21993 22257 E GeckoConsole: [JavaScript Error: "TypeError: can't access property "WindowEventDispatcher", win is null" {file: "resource://gre/modules/GeckoViewSessionStore.sys.mjs" line: 149}]
06-04 12:53:30.585 21993 22257 E GeckoConsole: onTabStateUpdate@resource://gre/modules/GeckoViewSessionStore.sys.mjs:149:5
06-04 12:53:30.585 21993 22257 E GeckoConsole: updateSessionStoreFromTabListener@resource://gre/modules/GeckoViewSessionStore.sys.mjs:243:10
06-04 12:53:30.585 21993 22257 E GeckoConsole: SSF_updateSessionStore@resource://gre/modules/SessionStoreFunctions.sys.mjs:46:27
06-04 12:53:30.585 21993 22257 E GeckoConsole: UpdateSessionStore@resource://gre/modules/SessionStoreFunctions.sys.mjs:16:46
06-04 12:53:30.585 21993 22257 E GeckoConsole: [JavaScript Error: "TypeError: can't access property "WindowEventDispatcher", win is null" {file: "resource://gre/modules/GeckoViewSessionStore.sys.mjs" line: 149}]
06-04 12:53:30.585 21993 22257 E GeckoConsole: onTabStateUpdate@resource://gre/modules/GeckoViewSessionStore.sys.mjs:149:5
06-04 12:53:30.585 21993 22257 E GeckoConsole: updateSessionStoreFromTabListener@resource://gre/modules/GeckoViewSessionStore.sys.mjs:243:10
06-04 12:53:30.585 21993 22257 E GeckoConsole: SSF_updateSessionStore@resource://gre/modules/SessionStoreFunctions.sys.mjs:46:27
06-04 12:53:30.585 21993 22257 E GeckoConsole: UpdateSessionStore@resource://gre/modules/SessionStoreFunctions.sys.mjs:16:46
06-04 12:53:30.586 21993 22257 E GeckoConsole: [JavaScript Error: "TypeError: can't access property "WindowEventDispatcher", win is null" {file: "resource://gre/modules/GeckoViewSessionStore.sys.mjs" line: 149}]
06-04 12:53:30.586 21993 22257 E GeckoConsole: onTabStateUpdate@resource://gre/modules/GeckoViewSessionStore.sys.mjs:149:5
06-04 12:53:30.586 21993 22257 E GeckoConsole: updateSessionStoreFromTabListener@resource://gre/modules/GeckoViewSessionStore.sys.mjs:243:10
06-04 12:53:30.586 21993 22257 E GeckoConsole: SSF_updateSessionStore@resource://gre/modules/SessionStoreFunctions.sys.mjs:46:27
06-04 12:53:30.586 21993 22257 E GeckoConsole: UpdateSessionStore@resource://gre/modules/SessionStoreFunctions.sys.mjs:16:46
06-04 12:53:30.619 21993 21993 W View    : requestLayout() improperly called by helium314.keyboard.latin.panels.BrowserPanelView{fcd5e36 G.E...... ......ID 0,0-1440,2040} during second layout pass: posting in next frame
06-04 12:53:30.636 21993 21993 W com.vibekey.keyboard: type=1400 audit(0.0:117246): avc: denied { nlmsg_readpriv } for comm=536F636B657420546872656164 scontext=u:r:untrusted_app:s0:c85,c271,c512,c768 tcontext=u:r:untrusted_app:s0:c85,c271,c512,c768 tclass=netlink_route_socket permissive=0 bug=b/155595000 app=com.vibekey.keyboard
06-04 12:53:30.777 30728 30771 W Isolated Web Content: [JavaScript Warning: "This page is in Quirks Mode. Page layout may be impacted. For Standards Mode use “<!DOCTYPE html>”." {file: "https://ssum-sec.casalemedia.com/usermatch?us_privacy=1---&d=https%3A%2F%2Fwww.cnn.com%2F&s=184674&cb=https%3A%2F%2Fcdn.indexww.com%2Fht%2Fhtw-pixel.gif%3F" line: 0}]
06-04 12:53:30.792 30728 30771 W Isolated Web Content: [JavaScript Warning: "Mixed Content: Upgrading insecure display request ‘http://rtb2-useast.delivrdsp.ai/sync?exchange=1378&r=https%3A%2F%2Fdsum-sec.casalemedia.com%2Fcrum%3Fcm_dsp_id%3D282%26external_user_id%3D%7BUID%7D&us_privacy=1---’ to use ‘https’" {file: "http://rtb2-useast.delivrdsp.ai/sync?exchange=1378&r=https%3A%2F%2Fdsum-sec.casalemedia.com%2Fcrum%3Fcm_dsp_id%3D282%26external_user_id%3D%7BUID%7D&us_privacy=1---" line: 0}]
06-04 12:53:30.796 29639 29656 E Isolated Web Content: [JavaScript Error: "Cross-Origin Request Blocked: The Same Origin Policy disallows reading the remote resource at https://tlx.3lift.com/header/auction?lib=prebid&v=10.29.0&referrer=https%3A%2F%2Fwww.cnn.com%2F&tmax=1000. (Reason: CORS request did not succeed). Status code: (null)."]
06-04 12:53:30.852 29639 29656 E Isolated Web Content: [JavaScript Error: "Cookie “cto_bundle” has been rejected for invalid domain." {file: "https://www.cnn.com/" line: 0}]
06-04 12:53:30.852 29639 29656 E Isolated Web Content: [JavaScript Error: "Cookie “cto_bidid” has been rejected for invalid domain." {file: "https://www.cnn.com/" line: 0}]
06-04 12:53:30.959 29639 29656 W Isolated Web Content: [JavaScript Warning: "Media resource data:video/mp4;base64,AAAAIGZ0eXBpc29tAAACAGlzb21pc28yYXZjMW1wNDEAAAAIZnJlZQAAADxtZGF0AAAAMGWIhAAV//73ye/Apuvb3rW/k89I/Cy3PsIqP39atohOSV14BYa1heKCYgALQC5K4QAAAwZtb292AAAAbG12aGQAAAAAAAAAAAAAAAAAAAPoAAAD6AABAAABAAAAAAAAAAAAAAAAAQAAAAAAAAAAAAAAAAAAAAEAAAAAAAAAAAAAAAAAAEAAAAAAAAAAAAAAAAAAAAAAAAAAAAAAAAAAAAAAAAACAAACMHRyYWsAAABcdGtoZAAAAAMAAAAAAAAAAAAAAAEAAAAAAAAD6AAAAAAAAAAAAAAAAAAAAAAAAQAAAAAAAAAAAAAAAAAAAAEAAAAAAAAAAAAAAAAAAEAAAAAAoAAAAFoAAAAAACRlZHRzAAAAHGVsc3QAAAAAAAAAAQAAA+gAAAAAAAEAAAAAAahtZGlhAAAAIG1kaGQAAAAAAAAAAAAAAAAAAEAAAABAAFXEAAAAAAAtaGRscgAAAAAAAAAAdmlkZQAAAAAAAAAAAAAAAFZpZGVvSGFuZGxlcgAAAAFTbWluZgAAABR2bWhkAAAAAQAAAAAAAAAAAAAAJGRpbmYAAAAcZHJlZgAAAAAAAAABAAAADHVybCAAAAABAAABE3N0YmwAAACvc3RzZAAAAAAAAAABAAAAn2F2YzEAAAAAAAAAAQAAAAAAAAAAAAAAAAAAAAAAoABaAEgAAABIAAAAAAAAAAEVTGF2YzYwLjMxLjEwMiBsaWJ4MjY0AAAAAAAAAAAAAAAY//8AAAA1YXZjQwFkAAr/4QAYZ2QACqzZQo35IQAAAwABAAADAAIPEiWWAQAGaOvjyyLA/fj4AAAAABRidHJ0AAAAAAAAAaAAAAGgAAAAGHN0dHMAAAAAAAAAAQAAAAEAAEAAAAAAHHN0c2MAAAAAAAAA
06-04 12:53:31.050 29639 29656 E Isolated Web Content: [JavaScript Error: "Cookie “cto_dna_bundle” has been rejected for invalid domain." {file: "https://www.cnn.com/" line: 0}]
06-04 12:53:31.206 21993 21993 W com.vibekey.keyboard: type=1400 audit(0.0:117248): avc: denied { nlmsg_readpriv } for comm=536F636B657420546872656164 scontext=u:r:untrusted_app:s0:c85,c271,c512,c768 tcontext=u:r:untrusted_app:s0:c85,c271,c512,c768 tclass=netlink_route_socket permissive=0 bug=b/155595000 app=com.vibekey.keyboard
06-04 12:53:31.256 21993 21993 W com.vibekey.keyboard: type=1400 audit(0.0:117249): avc: denied { nlmsg_readpriv } for comm=536F636B657420546872656164 scontext=u:r:untrusted_app:s0:c85,c271,c512,c768 tcontext=u:r:untrusted_app:s0:c85,c271,c512,c768 tclass=netlink_route_socket permissive=0 bug=b/155595000 app=com.vibekey.keyboard
06-04 12:53:31.271 29639 29656 W Isolated Web Content: [JavaScript Warning: "An iframe which has both allow-scripts and allow-same-origin for its sandbox attribute can remove its sandboxing." {file: "https://www.cnn.com/" line: 0}]
06-04 12:53:31.506 21993 21993 W com.vibekey.keyboard: type=1400 audit(0.0:117250): avc: denied { nlmsg_readpriv } for comm=536F636B657420546872656164 scontext=u:r:untrusted_app:s0:c85,c271,c512,c768 tcontext=u:r:untrusted_app:s0:c85,c271,c512,c768 tclass=netlink_route_socket permissive=0 bug=b/155595000 app=com.vibekey.keyboard
06-04 12:53:31.536 21993 21993 W com.vibekey.keyboard: type=1400 audit(0.0:117251): avc: denied { nlmsg_readpriv } for comm=536F636B657420546872656164 scontext=u:r:untrusted_app:s0:c85,c271,c512,c768 tcontext=u:r:untrusted_app:s0:c85,c271,c512,c768 tclass=netlink_route_socket permissive=0 bug=b/155595000 app=com.vibekey.keyboard
06-04 12:53:31.643 29639 29656 W Isolated Web Content: [JavaScript Warning: "This page is in Quirks Mode. Page layout may be impacted. For Standards Mode use “<!DOCTYPE html>”." {file: "https://cache-ssl.celtra.com/api/creatives/f88cb1e7/compiled/web.js?v=7-85868ebe&secure=1&cachedVariantChoices=W10-&isPurposePreview=0&runnerModernization=1" line: 18}]
06-04 12:53:31.766 21993 21993 W com.vibekey.keyboard: type=1400 audit(0.0:117252): avc: denied { nlmsg_readpriv } for comm=536F636B657420546872656164 scontext=u:r:untrusted_app:s0:c85,c271,c512,c768 tcontext=u:r:untrusted_app:s0:c85,c271,c512,c768 tclass=netlink_route_socket permissive=0 bug=b/155595000 app=com.vibekey.keyboard
06-04 12:53:31.955 30915 30940 W Isolated Web Content: [JavaScript Warning: "Content-Security-Policy: Ignoring “'unsafe-inline'” within script-src: ‘strict-dynamic’ specified" {file: "https://www.google.com/recaptcha/api2/aframe" line: 0}]
06-04 12:53:31.955 30915 30940 W Isolated Web Content: [JavaScript Warning: "Content-Security-Policy: Ignoring “https:” within script-src: ‘strict-dynamic’ specified" {file: "https://www.google.com/recaptcha/api2/aframe" line: 0}]
06-04 12:53:31.955 30915 30940 W Isolated Web Content: [JavaScript Warning: "Content-Security-Policy: Ignoring “http:” within script-src: ‘strict-dynamic’ specified" {file: "https://www.google.com/recaptcha/api2/aframe" line: 0}]
06-04 12:53:31.955 30915 30940 W Isolated Web Content: [JavaScript Warning: "Content-Security-Policy: Ignoring “'unsafe-inline'” within script-src: nonce-source or hash-source specified" {file: "https://www.google.com/recaptcha/api2/aframe" line: 0}]
06-04 12:53:32.110 32008 32027 W Isolated Web Content: [JavaScript Warning: "WEBGL_debug_renderer_info is deprecated in Firefox and will be removed. Please use RENDERER." {file: "https://pagead2.googlesyndication.com/bg/OXwaDaq6f72xAhuqrmzlNA5owmDUfXXfSctljlYgh8A.js line 2 > eval line 908 > eval line 1 > eval line 1 > eval" line: 1}]
06-04 12:53:33.023 32387 32387 E .keyboard:tab2: Unknown bits set in runtime_flags: 0x40000000
06-04 12:53:33.080 32387 32404 E GeckoLibLoad: Load sqlite start
06-04 12:53:33.081 32387 32404 E GeckoLibLoad: Load sqlite done
06-04 12:53:33.081 32387 32404 E GeckoLibLoad: Load nss start
06-04 12:53:33.081 32387 32404 E GeckoLibLoad: Load nss done
06-04 12:53:33.093 32387 32404 E GeckoLibLoad: Loaded libs in 12.190730ms total, 2ms(5ms) user, 6ms(4ms) system, 0(0) faults
06-04 12:53:33.094 32387 32404 W GeckoThread: zerdatime 268855955 - runGecko
06-04 12:53:33.406 21993 21993 W com.vibekey.keyboard: type=1400 audit(0.0:117255): avc: denied { nlmsg_readpriv } for comm=536F636B657420546872656164 scontext=u:r:untrusted_app:s0:c85,c271,c512,c768 tcontext=u:r:untrusted_app:s0:c85,c271,c512,c768 tclass=netlink_route_socket permissive=0 bug=b/155595000 app=com.vibekey.keyboard
06-04 12:53:34.018 21993 21993 W GeckoEventDispatcher: No listener for GeckoView:DismissClipboardPermissionRequest
06-04 12:53:34.019 21993 22257 E GeckoConsole: [JavaScript Error: "TypeError: can't access property "WindowEventDispatcher", win is null" {file: "resource://gre/modules/GeckoViewSessionStore.sys.mjs" line: 149}]
06-04 12:53:34.019 21993 22257 E GeckoConsole: onTabStateUpdate@resource://gre/modules/GeckoViewSessionStore.sys.mjs:149:5
06-04 12:53:34.019 21993 22257 E GeckoConsole: updateSessionStoreFromTabListener@resource://gre/modules/GeckoViewSessionStore.sys.mjs:243:10
06-04 12:53:34.019 21993 22257 E GeckoConsole: SSF_updateSessionStore@resource://gre/modules/SessionStoreFunctions.sys.mjs:46:27
06-04 12:53:34.019 21993 22257 E GeckoConsole: UpdateSessionStore@resource://gre/modules/SessionStoreFunctions.sys.mjs:16:46
06-04 12:53:34.019 21993 22257 E GeckoConsole: [JavaScript Error: "TypeError: can't access property "WindowEventDispatcher", win is null" {file: "resource://gre/modules/GeckoViewSessionStore.sys.mjs" line: 149}]
06-04 12:53:34.019 21993 22257 E GeckoConsole: onTabStateUpdate@resource://gre/modules/GeckoViewSessionStore.sys.mjs:149:5
06-04 12:53:34.019 21993 22257 E GeckoConsole: updateSessionStoreFromTabListener@resource://gre/modules/GeckoViewSessionStore.sys.mjs:243:10
06-04 12:53:34.019 21993 22257 E GeckoConsole: SSF_updateSessionStore@resource://gre/modules/SessionStoreFunctions.sys.mjs:46:27
06-04 12:53:34.019 21993 22257 E GeckoConsole: UpdateSessionStore@resource://gre/modules/SessionStoreFunctions.sys.mjs:16:46
06-04 12:53:34.020 21993 22257 E GeckoConsole: [JavaScript Error: "TypeError: can't access property "WindowEventDispatcher", win is null" {file: "resource://gre/modules/GeckoViewSessionStore.sys.mjs" line: 149}]
06-04 12:53:34.020 21993 22257 E GeckoConsole: onTabStateUpdate@resource://gre/modules/GeckoViewSessionStore.sys.mjs:149:5
06-04 12:53:34.020 21993 22257 E GeckoConsole: updateSessionStoreFromTabListener@resource://gre/modules/GeckoViewSessionStore.sys.mjs:243:10
06-04 12:53:34.020 21993 22257 E GeckoConsole: SSF_updateSessionStore@resource://gre/modules/SessionStoreFunctions.sys.mjs:46:27
06-04 12:53:34.020 21993 22257 E GeckoConsole: UpdateSessionStore@resource://gre/modules/SessionStoreFunctions.sys.mjs:16:46
06-04 12:53:34.020 21993 22257 E GeckoConsole: [JavaScript Error: "TypeError: can't access property "WindowEventDispatcher", win is null" {file: "resource://gre/modules/GeckoViewSessionStore.sys.mjs" line: 149}]
06-04 12:53:34.020 21993 22257 E GeckoConsole: onTabStateUpdate@resource://gre/modules/GeckoViewSessionStore.sys.mjs:149:5
06-04 12:53:34.020 21993 22257 E GeckoConsole: updateSessionStoreFromTabListener@resource://gre/modules/GeckoViewSessionStore.sys.mjs:243:10
06-04 12:53:34.020 21993 22257 E GeckoConsole: SSF_updateSessionStore@resource://gre/modules/SessionStoreFunctions.sys.mjs:46:27
06-04 12:53:34.020 21993 22257 E GeckoConsole: UpdateSessionStore@resource://gre/modules/SessionStoreFunctions.sys.mjs:16:46
06-04 12:53:34.020 21993 22257 E GeckoConsole: [JavaScript Error: "TypeError: can't access property "WindowEventDispatcher", win is null" {file: "resource://gre/modules/GeckoViewSessionStore.sys.mjs" line: 149}]
06-04 12:53:34.020 21993 22257 E GeckoConsole: onTabStateUpdate@resource://gre/modules/GeckoViewSessionStore.sys.mjs:149:5
06-04 12:53:34.020 21993 22257 E GeckoConsole: updateSessionStoreFromTabListener@resource://gre/modules/GeckoViewSessionStore.sys.mjs:243:10
06-04 12:53:34.020 21993 22257 E GeckoConsole: SSF_updateSessionStore@resource://gre/modules/SessionStoreFunctions.sys.mjs:46:27
06-04 12:53:34.020 21993 22257 E GeckoConsole: UpdateSessionStore@resource://gre/modules/SessionStoreFunctions.sys.mjs:16:46
06-04 12:53:34.021 21993 22257 E GeckoConsole: [JavaScript Error: "TypeError: can't access property "WindowEventDispatcher", win is null" {file: "resource://gre/modules/GeckoViewSessionStore.sys.mjs" line: 149}]
06-04 12:53:34.021 21993 22257 E GeckoConsole: onTabStateUpdate@resource://gre/modules/GeckoViewSessionStore.sys.mjs:149:5
06-04 12:53:34.021 21993 22257 E GeckoConsole: updateSessionStoreFromTabListener@resource://gre/modules/GeckoViewSessionStore.sys.mjs:243:10
06-04 12:53:34.021 21993 22257 E GeckoConsole: SSF_updateSessionStore@resource://gre/modules/SessionStoreFunctions.sys.mjs:46:27
06-04 12:53:34.021 21993 22257 E GeckoConsole: UpdateSessionStore@resource://gre/modules/SessionStoreFunctions.sys.mjs:16:46
06-04 12:53:34.021 21993 22257 E GeckoConsole: [JavaScript Error: "TypeError: can't access property "WindowEventDispatcher", win is null" {file: "resource://gre/modules/GeckoViewSessionStore.sys.mjs" line: 149}]
06-04 12:53:34.021 21993 22257 E GeckoConsole: onTabStateUpdate@resource://gre/modules/GeckoViewSessionStore.sys.mjs:149:5
06-04 12:53:34.021 21993 22257 E GeckoConsole: updateSessionStoreFromTabListener@resource://gre/modules/GeckoViewSessionStore.sys.mjs:243:10
06-04 12:53:34.021 21993 22257 E GeckoConsole: SSF_updateSessionStore@resource://gre/modules/SessionStoreFunctions.sys.mjs:46:27
06-04 12:53:34.021 21993 22257 E GeckoConsole: UpdateSessionStore@resource://gre/modules/SessionStoreFunctions.sys.mjs:16:46
06-04 12:53:34.021 21993 22257 E GeckoConsole: [JavaScript Error: "TypeError: can't access property "WindowEventDispatcher", win is null" {file: "resource://gre/modules/GeckoViewSessionStore.sys.mjs" line: 149}]
06-04 12:53:34.021 21993 22257 E GeckoConsole: onTabStateUpdate@resource://gre/modules/GeckoViewSessionStore.sys.mjs:149:5
06-04 12:53:34.021 21993 22257 E GeckoConsole: updateSessionStoreFromTabListener@resource://gre/modules/GeckoViewSessionStore.sys.mjs:243:10
06-04 12:53:34.021 21993 22257 E GeckoConsole: SSF_updateSessionStore@resource://gre/modules/SessionStoreFunctions.sys.mjs:46:27
06-04 12:53:34.021 21993 22257 E GeckoConsole: UpdateSessionStore@resource://gre/modules/SessionStoreFunctions.sys.mjs:16:46
06-04 12:53:34.023 21993 22257 E GeckoConsole: [JavaScript Error: "TypeError: can't access property "WindowEventDispatcher", win is null" {file: "resource://gre/modules/GeckoViewSessionStore.sys.mjs" line: 149}]
06-04 12:53:34.023 21993 22257 E GeckoConsole: onTabStateUpdate@resource://gre/modules/GeckoViewSessionStore.sys.mjs:149:5
06-04 12:53:34.023 21993 22257 E GeckoConsole: updateSessionStoreFromTabListener@resource://gre/modules/GeckoViewSessionStore.sys.mjs:243:10
06-04 12:53:34.023 21993 22257 E GeckoConsole: SSF_updateSessionStore@resource://gre/modules/SessionStoreFunctions.sys.mjs:46:27
06-04 12:53:34.023 21993 22257 E GeckoConsole: UpdateSessionStore@resource://gre/modules/SessionStoreFunctions.sys.mjs:16:46
06-04 12:53:34.023 21993 22257 E GeckoConsole: [JavaScript Error: "TypeError: can't access property "WindowEventDispatcher", win is null" {file: "resource://gre/modules/GeckoViewSessionStore.sys.mjs" line: 149}]
06-04 12:53:34.023 21993 22257 E GeckoConsole: onTabStateUpdate@resource://gre/modules/GeckoViewSessionStore.sys.mjs:149:5
06-04 12:53:34.023 21993 22257 E GeckoConsole: updateSessionStoreFromTabListener@resource://gre/modules/GeckoViewSessionStore.sys.mjs:243:10
06-04 12:53:34.023 21993 22257 E GeckoConsole: SSF_updateSessionStore@resource://gre/modules/SessionStoreFunctions.sys.mjs:46:27
06-04 12:53:34.023 21993 22257 E GeckoConsole: UpdateSessionStore@resource://gre/modules/SessionStoreFunctions.sys.mjs:16:46
06-04 12:53:34.301 21993 21993 W GeckoEventDispatcher: No listener for GeckoView:DismissClipboardPermissionRequest
06-04 12:53:34.303 21993 22257 E GeckoConsole: [JavaScript Error: "TypeError: can't access property "WindowEventDispatcher", win is null" {file: "resource://gre/modules/GeckoViewSessionStore.sys.mjs" line: 149}]
06-04 12:53:34.303 21993 22257 E GeckoConsole: onTabStateUpdate@resource://gre/modules/GeckoViewSessionStore.sys.mjs:149:5
06-04 12:53:34.303 21993 22257 E GeckoConsole: updateSessionStoreFromTabListener@resource://gre/modules/GeckoViewSessionStore.sys.mjs:243:10
06-04 12:53:34.303 21993 22257 E GeckoConsole: SSF_updateSessionStore@resource://gre/modules/SessionStoreFunctions.sys.mjs:46:27
06-04 12:53:34.303 21993 22257 E GeckoConsole: UpdateSessionStore@resource://gre/modules/SessionStoreFunctions.sys.mjs:16:46
06-04 12:53:34.304 21993 22257 E GeckoConsole: [JavaScript Error: "TypeError: can't access property "WindowEventDispatcher", win is null" {file: "resource://gre/modules/GeckoViewSessionStore.sys.mjs" line: 149}]
06-04 12:53:34.304 21993 22257 E GeckoConsole: onTabStateUpdate@resource://gre/modules/GeckoViewSessionStore.sys.mjs:149:5
06-04 12:53:34.304 21993 22257 E GeckoConsole: updateSessionStoreFromTabListener@resource://gre/modules/GeckoViewSessionStore.sys.mjs:243:10
06-04 12:53:34.304 21993 22257 E GeckoConsole: SSF_updateSessionStore@resource://gre/modules/SessionStoreFunctions.sys.mjs:46:27
06-04 12:53:34.304 21993 22257 E GeckoConsole: UpdateSessionStore@resource://gre/modules/SessionStoreFunctions.sys.mjs:16:46
06-04 12:53:34.304 21993 22257 E GeckoConsole: [JavaScript Error: "TypeError: can't access property "WindowEventDispatcher", win is null" {file: "resource://gre/modules/GeckoViewSessionStore.sys.mjs" line: 149}]
06-04 12:53:34.304 21993 22257 E GeckoConsole: onTabStateUpdate@resource://gre/modules/GeckoViewSessionStore.sys.mjs:149:5
06-04 12:53:34.304 21993 22257 E GeckoConsole: updateSessionStoreFromTabListener@resource://gre/modules/GeckoViewSessionStore.sys.mjs:243:10
06-04 12:53:34.304 21993 22257 E GeckoConsole: SSF_updateSessionStore@resource://gre/modules/SessionStoreFunctions.sys.mjs:46:27
06-04 12:53:34.304 21993 22257 E GeckoConsole: UpdateSessionStore@resource://gre/modules/SessionStoreFunctions.sys.mjs:16:46
06-04 12:53:34.304 21993 22257 E GeckoConsole: [JavaScript Error: "TypeError: can't access property "WindowEventDispatcher", win is null" {file: "resource://gre/modules/GeckoViewSessionStore.sys.mjs" line: 149}]
06-04 12:53:34.304 21993 22257 E GeckoConsole: onTabStateUpdate@resource://gre/modules/GeckoViewSessionStore.sys.mjs:149:5
06-04 12:53:34.304 21993 22257 E GeckoConsole: updateSessionStoreFromTabListener@resource://gre/modules/GeckoViewSessionStore.sys.mjs:243:10
06-04 12:53:34.304 21993 22257 E GeckoConsole: SSF_updateSessionStore@resource://gre/modules/SessionStoreFunctions.sys.mjs:46:27
06-04 12:53:34.304 21993 22257 E GeckoConsole: UpdateSessionStore@resource://gre/modules/SessionStoreFunctions.sys.mjs:16:46
06-04 12:53:34.304 21993 22257 E GeckoConsole: [JavaScript Error: "TypeError: can't access property "WindowEventDispatcher", win is null" {file: "resource://gre/modules/GeckoViewSessionStore.sys.mjs" line: 149}]
06-04 12:53:34.304 21993 22257 E GeckoConsole: onTabStateUpdate@resource://gre/modules/GeckoViewSessionStore.sys.mjs:149:5
06-04 12:53:34.304 21993 22257 E GeckoConsole: updateSessionStoreFromTabListener@resource://gre/modules/GeckoViewSessionStore.sys.mjs:243:10
06-04 12:53:34.304 21993 22257 E GeckoConsole: SSF_updateSessionStore@resource://gre/modules/SessionStoreFunctions.sys.mjs:46:27
06-04 12:53:34.304 21993 22257 E GeckoConsole: UpdateSessionStore@resource://gre/modules/SessionStoreFunctions.sys.mjs:16:46
06-04 12:53:34.304 21993 22257 E GeckoConsole: [JavaScript Error: "TypeError: can't access property "WindowEventDispatcher", win is null" {file: "resource://gre/modules/GeckoViewSessionStore.sys.mjs" line: 149}]
06-04 12:53:34.304 21993 22257 E GeckoConsole: onTabStateUpdate@resource://gre/modules/GeckoViewSessionStore.sys.mjs:149:5
06-04 12:53:34.304 21993 22257 E GeckoConsole: updateSessionStoreFromTabListener@resource://gre/modules/GeckoViewSessionStore.sys.mjs:243:10
06-04 12:53:34.304 21993 22257 E GeckoConsole: SSF_updateSessionStore@resource://gre/modules/SessionStoreFunctions.sys.mjs:46:27
06-04 12:53:34.304 21993 22257 E GeckoConsole: UpdateSessionStore@resource://gre/modules/SessionStoreFunctions.sys.mjs:16:46
06-04 12:53:34.304 21993 22257 E GeckoConsole: [JavaScript Error: "TypeError: can't access property "WindowEventDispatcher", win is null" {file: "resource://gre/modules/GeckoViewSessionStore.sys.mjs" line: 149}]
06-04 12:53:34.304 21993 22257 E GeckoConsole: onTabStateUpdate@resource://gre/modules/GeckoViewSessionStore.sys.mjs:149:5
06-04 12:53:34.304 21993 22257 E GeckoConsole: updateSessionStoreFromTabListener@resource://gre/modules/GeckoViewSessionStore.sys.mjs:243:10
06-04 12:53:34.304 21993 22257 E GeckoConsole: SSF_updateSessionStore@resource://gre/modules/SessionStoreFunctions.sys.mjs:46:27
06-04 12:53:34.304 21993 22257 E GeckoConsole: UpdateSessionStore@resource://gre/modules/SessionStoreFunctions.sys.mjs:16:46
06-04 12:53:34.304 21993 22257 E GeckoConsole: [JavaScript Error: "TypeError: can't access property "WindowEventDispatcher", win is null" {file: "resource://gre/modules/GeckoViewSessionStore.sys.mjs" line: 149}]
06-04 12:53:34.304 21993 22257 E GeckoConsole: onTabStateUpdate@resource://gre/modules/GeckoViewSessionStore.sys.mjs:149:5
06-04 12:53:34.304 21993 22257 E GeckoConsole: updateSessionStoreFromTabListener@resource://gre/modules/GeckoViewSessionStore.sys.mjs:243:10
06-04 12:53:34.304 21993 22257 E GeckoConsole: SSF_updateSessionStore@resource://gre/modules/SessionStoreFunctions.sys.mjs:46:27
06-04 12:53:34.304 21993 22257 E GeckoConsole: UpdateSessionStore@resource://gre/modules/SessionStoreFunctions.sys.mjs:16:46
06-04 12:53:34.304 21993 22257 E GeckoConsole: [JavaScript Error: "TypeError: can't access property "WindowEventDispatcher", win is null" {file: "resource://gre/modules/GeckoViewSessionStore.sys.mjs" line: 149}]
06-04 12:53:34.304 21993 22257 E GeckoConsole: onTabStateUpdate@resource://gre/modules/GeckoViewSessionStore.sys.mjs:149:5
06-04 12:53:34.304 21993 22257 E GeckoConsole: updateSessionStoreFromTabListener@resource://gre/modules/GeckoViewSessionStore.sys.mjs:243:10
06-04 12:53:34.304 21993 22257 E GeckoConsole: SSF_updateSessionStore@resource://gre/modules/SessionStoreFunctions.sys.mjs:46:27
06-04 12:53:34.304 21993 22257 E GeckoConsole: UpdateSessionStore@resource://gre/modules/SessionStoreFunctions.sys.mjs:16:46
06-04 12:53:34.304 21993 22257 E GeckoConsole: [JavaScript Error: "TypeError: can't access property "WindowEventDispatcher", win is null" {file: "resource://gre/modules/GeckoViewSessionStore.sys.mjs" line: 149}]
06-04 12:53:34.304 21993 22257 E GeckoConsole: onTabStateUpdate@resource://gre/modules/GeckoViewSessionStore.sys.mjs:149:5
06-04 12:53:34.304 21993 22257 E GeckoConsole: updateSessionStoreFromTabListener@resource://gre/modules/GeckoViewSessionStore.sys.mjs:243:10
06-04 12:53:34.304 21993 22257 E GeckoConsole: SSF_updateSessionStore@resource://gre/modules/SessionStoreFunctions.sys.mjs:46:27
06-04 12:53:34.304 21993 22257 E GeckoConsole: UpdateSessionStore@resource://gre/modules/SessionStoreFunctions.sys.mjs:16:46
06-04 12:53:34.552 21993 21993 W GeckoEventDispatcher: No listener for GeckoView:DismissClipboardPermissionRequest
06-04 12:53:34.553 21993 22257 E GeckoConsole: [JavaScript Error: "TypeError: can't access property "WindowEventDispatcher", win is null" {file: "resource://gre/modules/GeckoViewSessionStore.sys.mjs" line: 149}]
06-04 12:53:34.553 21993 22257 E GeckoConsole: onTabStateUpdate@resource://gre/modules/GeckoViewSessionStore.sys.mjs:149:5
06-04 12:53:34.553 21993 22257 E GeckoConsole: updateSessionStoreFromTabListener@resource://gre/modules/GeckoViewSessionStore.sys.mjs:243:10
06-04 12:53:34.553 21993 22257 E GeckoConsole: SSF_updateSessionStore@resource://gre/modules/SessionStoreFunctions.sys.mjs:46:27
06-04 12:53:34.553 21993 22257 E GeckoConsole: UpdateSessionStore@resource://gre/modules/SessionStoreFunctions.sys.mjs:16:46
06-04 12:53:34.554 21993 22257 E GeckoConsole: [JavaScript Error: "TypeError: can't access property "WindowEventDispatcher", win is null" {file: "resource://gre/modules/GeckoViewSessionStore.sys.mjs" line: 149}]
06-04 12:53:34.554 21993 22257 E GeckoConsole: onTabStateUpdate@resource://gre/modules/GeckoViewSessionStore.sys.mjs:149:5
06-04 12:53:34.554 21993 22257 E GeckoConsole: updateSessionStoreFromTabListener@resource://gre/modules/GeckoViewSessionStore.sys.mjs:243:10
06-04 12:53:34.554 21993 22257 E GeckoConsole: SSF_updateSessionStore@resource://gre/modules/SessionStoreFunctions.sys.mjs:46:27
06-04 12:53:34.554 21993 22257 E GeckoConsole: UpdateSessionStore@resource://gre/modules/SessionStoreFunctions.sys.mjs:16:46
06-04 12:53:34.554 21993 22257 E GeckoConsole: [JavaScript Error: "TypeError: can't access property "WindowEventDispatcher", win is null" {file: "resource://gre/modules/GeckoViewSessionStore.sys.mjs" line: 149}]
06-04 12:53:34.554 21993 22257 E GeckoConsole: onTabStateUpdate@resource://gre/modules/GeckoViewSessionStore.sys.mjs:149:5
06-04 12:53:34.554 21993 22257 E GeckoConsole: updateSessionStoreFromTabListener@resource://gre/modules/GeckoViewSessionStore.sys.mjs:243:10
06-04 12:53:34.554 21993 22257 E GeckoConsole: SSF_updateSessionStore@resource://gre/modules/SessionStoreFunctions.sys.mjs:46:27
06-04 12:53:34.554 21993 22257 E GeckoConsole: UpdateSessionStore@resource://gre/modules/SessionStoreFunctions.sys.mjs:16:46
06-04 12:53:34.555 21993 22257 E GeckoConsole: [JavaScript Error: "TypeError: can't access property "WindowEventDispatcher", win is null" {file: "resource://gre/modules/GeckoViewSessionStore.sys.mjs" line: 149}]
06-04 12:53:34.555 21993 22257 E GeckoConsole: onTabStateUpdate@resource://gre/modules/GeckoViewSessionStore.sys.mjs:149:5
06-04 12:53:34.555 21993 22257 E GeckoConsole: updateSessionStoreFromTabListener@resource://gre/modules/GeckoViewSessionStore.sys.mjs:243:10
06-04 12:53:34.555 21993 22257 E GeckoConsole: SSF_updateSessionStore@resource://gre/modules/SessionStoreFunctions.sys.mjs:46:27
06-04 12:53:34.555 21993 22257 E GeckoConsole: UpdateSessionStore@resource://gre/modules/SessionStoreFunctions.sys.mjs:16:46
06-04 12:53:34.555 21993 22257 E GeckoConsole: [JavaScript Error: "TypeError: can't access property "WindowEventDispatcher", win is null" {file: "resource://gre/modules/GeckoViewSessionStore.sys.mjs" line: 149}]
06-04 12:53:34.555 21993 22257 E GeckoConsole: onTabStateUpdate@resource://gre/modules/GeckoViewSessionStore.sys.mjs:149:5
06-04 12:53:34.555 21993 22257 E GeckoConsole: updateSessionStoreFromTabListener@resource://gre/modules/GeckoViewSessionStore.sys.mjs:243:10
06-04 12:53:34.555 21993 22257 E GeckoConsole: SSF_updateSessionStore@resource://gre/modules/SessionStoreFunctions.sys.mjs:46:27
06-04 12:53:34.555 21993 22257 E GeckoConsole: UpdateSessionStore@resource://gre/modules/SessionStoreFunctions.sys.mjs:16:46
06-04 12:53:34.555 21993 22257 E GeckoConsole: [JavaScript Error: "TypeError: can't access property "WindowEventDispatcher", win is null" {file: "resource://gre/modules/GeckoViewSessionStore.sys.mjs" line: 149}]
06-04 12:53:34.555 21993 22257 E GeckoConsole: onTabStateUpdate@resource://gre/modules/GeckoViewSessionStore.sys.mjs:149:5
06-04 12:53:34.555 21993 22257 E GeckoConsole: updateSessionStoreFromTabListener@resource://gre/modules/GeckoViewSessionStore.sys.mjs:243:10
06-04 12:53:34.555 21993 22257 E GeckoConsole: SSF_updateSessionStore@resource://gre/modules/SessionStoreFunctions.sys.mjs:46:27
06-04 12:53:34.555 21993 22257 E GeckoConsole: UpdateSessionStore@resource://gre/modules/SessionStoreFunctions.sys.mjs:16:46
06-04 12:53:34.555 21993 22257 E GeckoConsole: [JavaScript Error: "TypeError: can't access property "WindowEventDispatcher", win is null" {file: "resource://gre/modules/GeckoViewSessionStore.sys.mjs" line: 149}]
06-04 12:53:34.555 21993 22257 E GeckoConsole: onTabStateUpdate@resource://gre/modules/GeckoViewSessionStore.sys.mjs:149:5
06-04 12:53:34.555 21993 22257 E GeckoConsole: updateSessionStoreFromTabListener@resource://gre/modules/GeckoViewSessionStore.sys.mjs:243:10
06-04 12:53:34.555 21993 22257 E GeckoConsole: SSF_updateSessionStore@resource://gre/modules/SessionStoreFunctions.sys.mjs:46:27
06-04 12:53:34.555 21993 22257 E GeckoConsole: UpdateSessionStore@resource://gre/modules/SessionStoreFunctions.sys.mjs:16:46
06-04 12:53:34.555 21993 22257 E GeckoConsole: [JavaScript Error: "TypeError: can't access property "WindowEventDispatcher", win is null" {file: "resource://gre/modules/GeckoViewSessionStore.sys.mjs" line: 149}]
06-04 12:53:34.555 21993 22257 E GeckoConsole: onTabStateUpdate@resource://gre/modules/GeckoViewSessionStore.sys.mjs:149:5
06-04 12:53:34.555 21993 22257 E GeckoConsole: updateSessionStoreFromTabListener@resource://gre/modules/GeckoViewSessionStore.sys.mjs:243:10
06-04 12:53:34.555 21993 22257 E GeckoConsole: SSF_updateSessionStore@resource://gre/modules/SessionStoreFunctions.sys.mjs:46:27
06-04 12:53:34.555 21993 22257 E GeckoConsole: UpdateSessionStore@resource://gre/modules/SessionStoreFunctions.sys.mjs:16:46
06-04 12:53:34.555 21993 22257 E GeckoConsole: [JavaScript Error: "TypeError: can't access property "WindowEventDispatcher", win is null" {file: "resource://gre/modules/GeckoViewSessionStore.sys.mjs" line: 149}]
06-04 12:53:34.555 21993 22257 E GeckoConsole: onTabStateUpdate@resource://gre/modules/GeckoViewSessionStore.sys.mjs:149:5
06-04 12:53:34.555 21993 22257 E GeckoConsole: updateSessionStoreFromTabListener@resource://gre/modules/GeckoViewSessionStore.sys.mjs:243:10
06-04 12:53:34.555 21993 22257 E GeckoConsole: SSF_updateSessionStore@resource://gre/modules/SessionStoreFunctions.sys.mjs:46:27
06-04 12:53:34.555 21993 22257 E GeckoConsole: UpdateSessionStore@resource://gre/modules/SessionStoreFunctions.sys.mjs:16:46
06-04 12:53:34.555 21993 22257 E GeckoConsole: [JavaScript Error: "TypeError: can't access property "WindowEventDispatcher", win is null" {file: "resource://gre/modules/GeckoViewSessionStore.sys.mjs" line: 149}]
06-04 12:53:34.555 21993 22257 E GeckoConsole: onTabStateUpdate@resource://gre/modules/GeckoViewSessionStore.sys.mjs:149:5
06-04 12:53:34.555 21993 22257 E GeckoConsole: updateSessionStoreFromTabListener@resource://gre/modules/GeckoViewSessionStore.sys.mjs:243:10
06-04 12:53:34.555 21993 22257 E GeckoConsole: SSF_updateSessionStore@resource://gre/modules/SessionStoreFunctions.sys.mjs:46:27
06-04 12:53:34.555 21993 22257 E GeckoConsole: UpdateSessionStore@resource://gre/modules/SessionStoreFunctions.sys.mjs:16:46
06-04 12:53:34.582 21993 21993 E GeckoView: Failed to attach WindowInsetsListener: 
06-04 12:53:34.582 21993 21993 E GeckoView: java.lang.NullPointerException: Attempt to invoke virtual method 'android.view.Window android.app.Activity.getWindow()' on a null object reference
06-04 12:53:34.582 21993 21993 E GeckoView: 	at org.mozilla.geckoview.GeckoView.attachWindowInsetsListener(r8-map-id-a34700e36e676cb1202f89498a9e88444d1166173bba7c38dda4529c0c039acb:1)
06-04 12:53:34.582 21993 21993 E GeckoView: 	at org.mozilla.geckoview.GeckoView.onAttachedToWindow(r8-map-id-a34700e36e676cb1202f89498a9e88444d1166173bba7c38dda4529c0c039acb:49)
06-04 12:53:34.582 21993 21993 E GeckoView: 	at android.view.View.dispatchAttachedToWindow(View.java:20900)
06-04 12:53:34.582 21993 21993 E GeckoView: 	at android.view.ViewGroup.dispatchAttachedToWindow(ViewGroup.java:3539)
06-04 12:53:34.582 21993 21993 E GeckoView: 	at android.view.ViewGroup.addViewInner(ViewGroup.java:5378)
06-04 12:53:34.582 21993 21993 E GeckoView: 	at android.view.ViewGroup.addView(ViewGroup.java:5156)
06-04 12:53:34.582 21993 21993 E GeckoView: 	at helium314.keyboard.latin.panels.BrowserPanelView.X(r8-map-id-a34700e36e676cb1202f89498a9e88444d1166173bba7c38dda4529c0c039acb:134)
06-04 12:53:34.582 21993 21993 E GeckoView: 	at helium314.keyboard.latin.panels.BrowserPanelView.E0(r8-map-id-a34700e36e676cb1202f89498a9e88444d1166173bba7c38dda4529c0c039acb:122)
06-04 12:53:34.582 21993 21993 E GeckoView: 	at c5.s.run(r8-map-id-a34700e36e676cb1202f89498a9e88444d1166173bba7c38dda4529c0c039acb:622)
06-04 12:53:34.582 21993 21993 E GeckoView: 	at i7.z.onGlobalLayout(r8-map-id-a34700e36e676cb1202f89498a9e88444d1166173bba7c38dda4529c0c039acb:8)
06-04 12:53:34.582 21993 21993 E GeckoView: 	at android.view.ViewTreeObserver.dispatchOnGlobalLayout(ViewTreeObserver.java:1061)
06-04 12:53:34.582 21993 21993 E GeckoView: 	at android.view.ViewRootImpl.performTraversals(ViewRootImpl.java:3407)
06-04 12:53:34.582 21993 21993 E GeckoView: 	at android.view.ViewRootImpl.doTraversal(ViewRootImpl.java:2305)
06-04 12:53:34.582 21993 21993 E GeckoView: 	at android.view.ViewRootImpl$TraversalRunnable.run(ViewRootImpl.java:9133)
06-04 12:53:34.582 21993 21993 E GeckoView: 	at android.view.Choreographer$CallbackRecord.run(Choreographer.java:1232)
06-04 12:53:34.582 21993 21993 E GeckoView: 	at android.view.Choreographer.doCallbacks(Choreographer.java:1029)
06-04 12:53:34.582 21993 21993 E GeckoView: 	at android.view.Choreographer.doFrame(Choreographer.java:934)
06-04 12:53:34.582 21993 21993 E GeckoView: 	at android.view.Choreographer$FrameDisplayEventReceiver.run(Choreographer.java:1217)
06-04 12:53:34.582 21993 21993 E GeckoView: 	at android.os.Handler.handleCallback(Handler.java:938)
06-04 12:53:34.582 21993 21993 E GeckoView: 	at android.os.Handler.dispatchMessage(Handler.java:99)
06-04 12:53:34.582 21993 21993 E GeckoView: 	at android.os.Looper.loopOnce(Looper.java:233)
06-04 12:53:34.582 21993 21993 E GeckoView: 	at android.os.Looper.loop(Looper.java:344)
06-04 12:53:34.582 21993 21993 E GeckoView: 	at android.app.ActivityThread.main(ActivityThread.java:8212)
06-04 12:53:34.582 21993 21993 E GeckoView: 	at java.lang.reflect.Method.invoke(Native Method)
06-04 12:53:34.582 21993 21993 E GeckoView: 	at com.android.internal.os.RuntimeInit$MethodAndArgsCaller.run(RuntimeInit.java:584)
06-04 12:53:34.582 21993 21993 E GeckoView: 	at com.android.internal.os.ZygoteInit.main(ZygoteInit.java:1034)
06-04 12:53:34.582 21993 21993 W GeckoEventDispatcher: No listener for GeckoView:DismissClipboardPermissionRequest
06-04 12:53:34.612 21993 21993 W View    : requestLayout() improperly called by helium314.keyboard.latin.panels.BrowserPanelView{fcd5e36 V.E...... ......ID 0,0-1440,2040} during layout: running second layout pass
06-04 12:53:34.637 21993 21993 W View    : requestLayout() improperly called by helium314.keyboard.latin.panels.BrowserPanelView{fcd5e36 V.E...... ......ID 0,0-1440,2040} during layout: running second layout pass
06-04 12:53:34.642 21993 21993 W View    : requestLayout() improperly called by helium314.keyboard.latin.panels.BrowserPanelView{fcd5e36 V.E...... ........ 0,0-1440,2040} during second layout pass: posting in next frame
06-04 12:53:34.646 21993 21993 W View    : requestLayout() improperly called by helium314.keyboard.latin.panels.BrowserPanelView{fcd5e36 V.E...... ......ID 0,0-1440,2040} during layout: running second layout pass
06-04 12:53:34.650 21993 21993 W View    : requestLayout() improperly called by helium314.keyboard.latin.panels.BrowserPanelView{fcd5e36 V.E...... ........ 0,0-1440,2040} during second layout pass: posting in next frame
06-04 12:53:34.652 21993 21993 W View    : requestLayout() improperly called by helium314.keyboard.latin.panels.BrowserPanelView{fcd5e36 V.E...... ......ID 0,0-1440,2040} during layout: running second layout pass
06-04 12:53:34.658 21993 21993 W View    : requestLayout() improperly called by helium314.keyboard.latin.panels.BrowserPanelView{fcd5e36 V.E...... ........ 0,0-1440,2040} during second layout pass: posting in next frame
06-04 12:53:34.667 21993 21993 W View    : requestLayout() improperly called by helium314.keyboard.latin.panels.BrowserPanelView{fcd5e36 V.E...... ......ID 0,0-1440,2040} during layout: running second layout pass
06-04 12:53:34.678 21993 21993 W View    : requestLayout() improperly called by helium314.keyboard.latin.panels.BrowserPanelView{fcd5e36 V.E...... ........ 0,0-1440,2040} during second layout pass: posting in next frame
06-04 12:53:34.685 21993 21993 W View    : requestLayout() improperly called by helium314.keyboard.latin.panels.BrowserPanelView{fcd5e36 V.E...... ......I. 0,0-1440,2040} during layout: running second layout pass
06-04 12:53:34.692 21993 21993 W View    : requestLayout() improperly called by helium314.keyboard.latin.panels.BrowserPanelView{fcd5e36 V.E...... ........ 0,0-1440,2040} during second layout pass: posting in next frame
06-04 12:53:34.700 21993 21993 W View    : requestLayout() improperly called by helium314.keyboard.latin.panels.BrowserPanelView{fcd5e36 V.E...... ......I. 0,0-1440,2040} during layout: running second layout pass
06-04 12:53:34.707 21993 21993 W View    : requestLayout() improperly called by helium314.keyboard.latin.panels.BrowserPanelView{fcd5e36 V.E...... ........ 0,0-1440,2040} during second layout pass: posting in next frame
06-04 12:53:34.696 21993 21993 W com.vibekey.keyboard: type=1400 audit(0.0:117256): avc: denied { nlmsg_readpriv } for comm=536F636B657420546872656164 scontext=u:r:untrusted_app:s0:c85,c271,c512,c768 tcontext=u:r:untrusted_app:s0:c85,c271,c512,c768 tclass=netlink_route_socket permissive=0 bug=b/155595000 app=com.vibekey.keyboard
06-04 12:53:34.719 21993 21993 W View    : requestLayout() improperly called by helium314.keyboard.latin.panels.BrowserPanelView{fcd5e36 V.E...... ......I. 0,0-1440,2040} during layout: running second layout pass
06-04 12:53:34.726 21993 21993 W View    : requestLayout() improperly called by helium314.keyboard.latin.panels.BrowserPanelView{fcd5e36 V.E...... ........ 0,0-1440,2040} during second layout pass: posting in next frame
06-04 12:53:34.735 21993 21993 W View    : requestLayout() improperly called by helium314.keyboard.latin.panels.BrowserPanelView{fcd5e36 V.E...... ......ID 0,0-1440,2040} during layout: running second layout pass
06-04 12:53:34.742 21993 21993 W View    : requestLayout() improperly called by helium314.keyboard.latin.panels.BrowserPanelView{fcd5e36 V.E...... ........ 0,0-1440,2040} during second layout pass: posting in next frame
06-04 12:53:34.751 21993 21993 W View    : requestLayout() improperly called by helium314.keyboard.latin.panels.BrowserPanelView{fcd5e36 V.E...... ......I. 0,0-1440,2040} during layout: running second layout pass
06-04 12:53:34.756 29639 29656 W Isolated Web Content: [JavaScript Warning: "This page is in Quirks Mode. Page layout may be impacted. For Standards Mode use “<!DOCTYPE html>”." {file: "https://cadmus.script.ac/d2uap9jskdzp2/script.js" line: 1}]
06-04 12:53:34.757 21993 21993 W View    : requestLayout() improperly called by helium314.keyboard.latin.panels.BrowserPanelView{fcd5e36 V.E...... ........ 0,0-1440,2040} during second layout pass: posting in next frame
06-04 12:53:34.767 21993 21993 W View    : requestLayout() improperly called by helium314.keyboard.latin.panels.BrowserPanelView{fcd5e36 V.E...... ......I. 0,0-1440,2040} during layout: running second layout pass
06-04 12:53:34.771 21993 21993 W View    : requestLayout() improperly called by helium314.keyboard.latin.panels.BrowserPanelView{fcd5e36 V.E...... ........ 0,0-1440,2040} during second layout pass: posting in next frame
06-04 12:53:34.784 21993 21993 W View    : requestLayout() improperly called by helium314.keyboard.latin.panels.BrowserPanelView{fcd5e36 V.E...... ......I. 0,0-1440,2040} during layout: running second layout pass
06-04 12:53:34.791 21993 21993 W View    : requestLayout() improperly called by helium314.keyboard.latin.panels.BrowserPanelView{fcd5e36 V.E...... ......ID 0,0-1440,2040} during second layout pass: posting in next frame
06-04 12:53:34.802 21993 21993 W View    : requestLayout() improperly called by helium314.keyboard.latin.panels.BrowserPanelView{fcd5e36 V.E...... ......ID 0,0-1440,2040} during layout: running second layout pass
06-04 12:53:34.809 21993 21993 W View    : requestLayout() improperly called by helium314.keyboard.latin.panels.BrowserPanelView{fcd5e36 V.E...... ........ 0,0-1440,2040} during second layout pass: posting in next frame
06-04 12:53:34.806 21993 21993 W com.vibekey.keyboard: type=1400 audit(0.0:117257): avc: denied { nlmsg_readpriv } for comm=536F636B657420546872656164 scontext=u:r:untrusted_app:s0:c85,c271,c512,c768 tcontext=u:r:untrusted_app:s0:c85,c271,c512,c768 tclass=netlink_route_socket permissive=0 bug=b/155595000 app=com.vibekey.keyboard
06-04 12:53:34.817 21993 21993 W View    : requestLayout() improperly called by helium314.keyboard.latin.panels.BrowserPanelView{fcd5e36 V.E...... ......I. 0,0-1440,2040} during layout: running second layout pass
06-04 12:53:34.824 21993 21993 W View    : requestLayout() improperly called by helium314.keyboard.latin.panels.BrowserPanelView{fcd5e36 V.E...... ........ 0,0-1440,2040} during second layout pass: posting in next frame
06-04 12:53:34.838 21993 21993 W View    : requestLayout() improperly called by helium314.keyboard.latin.panels.BrowserPanelView{fcd5e36 V.E...... ......I. 0,0-1440,2040} during layout: running second layout pass
06-04 12:53:34.841 21993 21993 W View    : requestLayout() improperly called by helium314.keyboard.latin.panels.BrowserPanelView{fcd5e36 V.E...... ........ 0,0-1440,2040} during second layout pass: posting in next frame
06-04 12:53:34.806 21993 21993 W com.vibekey.keyboard: type=1400 audit(0.0:117258): avc: denied { nlmsg_readpriv } for comm=536F636B657420546872656164 scontext=u:r:untrusted_app:s0:c85,c271,c512,c768 tcontext=u:r:untrusted_app:s0:c85,c271,c512,c768 tclass=netlink_route_socket permissive=0 bug=b/155595000 app=com.vibekey.keyboard
06-04 12:53:34.826 21993 21993 W com.vibekey.keyboard: type=1400 audit(0.0:117259): avc: denied { nlmsg_readpriv } for comm=536F636B657420546872656164 scontext=u:r:untrusted_app:s0:c85,c271,c512,c768 tcontext=u:r:untrusted_app:s0:c85,c271,c512,c768 tclass=netlink_route_socket permissive=0 bug=b/155595000 app=com.vibekey.keyboard
06-04 12:53:34.850 21993 21993 W View    : requestLayout() improperly called by helium314.keyboard.latin.panels.BrowserPanelView{fcd5e36 V.E...... ......I. 0,0-1440,2040} during layout: running second layout pass
06-04 12:53:34.858 21993 21993 W View    : requestLayout() improperly called by helium314.keyboard.latin.panels.BrowserPanelView{fcd5e36 V.E...... ........ 0,0-1440,2040} during second layout pass: posting in next frame
06-04 12:53:34.867 21993 21993 W View    : requestLayout() improperly called by helium314.keyboard.latin.panels.BrowserPanelView{fcd5e36 V.E...... ......I. 0,0-1440,2040} during layout: running second layout pass
06-04 12:53:34.873 21993 21993 W View    : requestLayout() improperly called by helium314.keyboard.latin.panels.BrowserPanelView{fcd5e36 V.E...... ........ 0,0-1440,2040} during second layout pass: posting in next frame
06-04 12:53:34.884 21993 21993 W View    : requestLayout() improperly called by helium314.keyboard.latin.panels.BrowserPanelView{fcd5e36 V.E...... ......I. 0,0-1440,2040} during layout: running second layout pass
06-04 12:53:34.896 21993 21993 W View    : requestLayout() improperly called by helium314.keyboard.latin.panels.BrowserPanelView{fcd5e36 V.E...... ........ 0,0-1440,2040} during second layout pass: posting in next frame
06-04 12:53:34.901 21993 21993 W View    : requestLayout() improperly called by helium314.keyboard.latin.panels.BrowserPanelView{fcd5e36 V.E...... ......I. 0,0-1440,2040} during layout: running second layout pass
06-04 12:53:34.907 21993 21993 W View    : requestLayout() improperly called by helium314.keyboard.latin.panels.BrowserPanelView{fcd5e36 V.E...... ........ 0,0-1440,2040} during second layout pass: posting in next frame
06-04 12:53:34.919 21993 21993 W View    : requestLayout() improperly called by helium314.keyboard.latin.panels.BrowserPanelView{fcd5e36 V.E...... ......I. 0,0-1440,2040} during layout: running second layout pass
06-04 12:53:34.923 21993 21993 W View    : requestLayout() improperly called by helium314.keyboard.latin.panels.BrowserPanelView{fcd5e36 V.E...... ........ 0,0-1440,2040} during second layout pass: posting in next frame
06-04 12:53:34.934 21993 21993 W View    : requestLayout() improperly called by helium314.keyboard.latin.panels.BrowserPanelView{fcd5e36 V.E...... ......I. 0,0-1440,2040} during layout: running second layout pass
06-04 12:53:34.945 21993 21993 W View    : requestLayout() improperly called by helium314.keyboard.latin.panels.BrowserPanelView{fcd5e36 V.E...... ........ 0,0-1440,2040} during second layout pass: posting in next frame
06-04 12:53:34.951 21993 21993 W View    : requestLayout() improperly called by helium314.keyboard.latin.panels.BrowserPanelView{fcd5e36 V.E...... ......I. 0,0-1440,2040} during layout: running second layout pass
06-04 12:53:34.961 21993 21993 W View    : requestLayout() improperly called by helium314.keyboard.latin.panels.BrowserPanelView{fcd5e36 V.E...... ........ 0,0-1440,2040} during second layout pass: posting in next frame
06-04 12:53:34.967 21993 21993 W View    : requestLayout() improperly called by helium314.keyboard.latin.panels.BrowserPanelView{fcd5e36 V.E...... ......I. 0,0-1440,2040} during layout: running second layout pass
06-04 12:53:34.970 21993 21993 W View    : requestLayout() improperly called by helium314.keyboard.latin.panels.BrowserPanelView{fcd5e36 V.E...... ........ 0,0-1440,2040} during second layout pass: posting in next frame
06-04 12:53:34.984 21993 21993 W View    : requestLayout() improperly called by helium314.keyboard.latin.panels.BrowserPanelView{fcd5e36 V.E...... ......I. 0,0-1440,2040} during layout: running second layout pass
06-04 12:53:34.989 21993 21993 W View    : requestLayout() improperly called by helium314.keyboard.latin.panels.BrowserPanelView{fcd5e36 V.E...... ........ 0,0-1440,2040} during second layout pass: posting in next frame
