=== VibeKey 4.1.280 (4380) ===

--------- beginning of crash
06-18 13:06:24.025 23246 23349 F libc    : Fatal signal 7 (SIGBUS), code 2 (BUS_ADRERR), fault addr 0x76665eeaaa in tid 23349 (d), pid 23246 (AndroidUI)
06-18 13:06:25.347 24452 24452 F DEBUG   : Process name is com.vibekey.keyboard, not key_process
06-18 13:06:25.347 24452 24452 F DEBUG   : keyProcess: 0
06-18 13:06:25.347 24452 24452 F DEBUG   : *** *** *** *** *** *** *** *** *** *** *** *** *** *** *** ***
06-18 13:06:25.347 24452 24452 F DEBUG   : Build fingerprint: 'OnePlus/OnePlus7Pro/OnePlus7Pro:12/SKQ1.211113.001/P.202303230244:user/release-keys'
06-18 13:06:25.347 24452 24452 F DEBUG   : Revision: '0'
06-18 13:06:25.347 24452 24452 F DEBUG   : ABI: 'arm64'
06-18 13:06:25.347 24452 24452 F DEBUG   : Timestamp: 2026-06-18 13:06:24.206006172-0400
06-18 13:06:25.347 24452 24452 F DEBUG   : Process uptime: 0s
06-18 13:06:25.347 24452 24452 F DEBUG   : Cmdline: com.vibekey.keyboard
06-18 13:06:25.347 24452 24452 F DEBUG   : pid: 23246, tid: 23349, name: d  >>> com.vibekey.keyboard <<<
06-18 13:06:25.347 24452 24452 F DEBUG   : uid: 14136
06-18 13:06:25.347 24452 24452 F DEBUG   : signal 7 (SIGBUS), code 2 (BUS_ADRERR), fault addr 0x76665eeaaa
06-18 13:06:25.347 24452 24452 F DEBUG   :     x0  0000000000000000  x1  0000000000005b35  x2  0000000000000007  x3  000000768da17da0
06-18 13:06:25.347 24452 24452 F DEBUG   :     x4  000000768da176a8  x5  000000768da176a8  x6  000000768da176a8  x7  0000000000000000
06-18 13:06:25.347 24452 24452 F DEBUG   :     x8  00000000000000f0  x9  db746b027190efc7  x10 0000000000004001  x11 0000000000000000
06-18 13:06:25.347 24452 24452 F DEBUG   :     x12 00000000ffffffff  x13 0000000000000000  x14 000000000000001f  x15 00000076665de2be
06-18 13:06:25.347 24452 24452 F DEBUG   :     x16 000000757caad3a8  x17 00000076790b8f10  x18 000000756183a000  x19 0000000000000007
06-18 13:06:25.347 24452 24452 F DEBUG   :     x20 000000768da17da0  x21 0000000000005ace  x22 000000768da17d00  x23 0000000000000001
06-18 13:06:25.347 24452 24452 F DEBUG   :     x24 00000075dbdb0000  x25 00000075dbdad920  x26 00000075dbdad954  x27 0000000000000001
06-18 13:06:25.347 24452 24452 F DEBUG   :     x28 0000000000000005  x29 000000768da17d20
06-18 13:06:25.347 24452 24452 F DEBUG   :     lr  0000007576cbabc8  sp  000000768da17d00  pc  00000076790b8f34  pst 0000000000000000
06-18 13:06:25.347 24452 24452 F DEBUG   : backtrace:
06-18 13:06:25.347 24452 24452 F DEBUG   :       #00 pc 0000000000075f34  /apex/com.android.runtime/lib64/bionic/libc.so (syscall+36) (BuildId: bbbdeb7c87c74f1491f92c6e605095b0)
06-18 13:06:25.347 24452 24452 F DEBUG   :       #01 pc 00000000040a9bc4  /data/app/~~-XGWjzmdoRrM1YaZYK883A==/com.google.android.webview-HvpxCmuUIjPsZ4yTEw8s4w==/base.apk!libwebviewchromium.so (BuildId: f447b77da2d76e8d4d133b66c727c3ae532b54bf)
06-18 13:06:25.347 24452 24452 F DEBUG   :       #02 pc 00000000040a03c4  /data/app/~~-XGWjzmdoRrM1YaZYK883A==/com.google.android.webview-HvpxCmuUIjPsZ4yTEw8s4w==/base.apk!libwebviewchromium.so (BuildId: f447b77da2d76e8d4d133b66c727c3ae532b54bf)
06-18 13:06:25.347 24452 24452 F DEBUG   :       #03 pc 0000000000000638  [vdso] (__kernel_rt_sigreturn+0)
06-18 13:06:25.347 24452 24452 F DEBUG   :       #04 pc 00000000000b62f4  /data/app/~~MsLHlk1K0LtOF1hVLxwknQ==/com.vibekey.keyboard-xD1LePi3M0oNhsfkrvxAjw==/lib/arm64/libjni_latinime.so (latinime::PatriciaTrieReadingUtils::getPtNodeArraySizeAndAdvancePosition(unsigned char const*, int, int*)+44) (BuildId: f905dbd1a904967a994cf833116e517b05caa863)
06-18 13:06:25.347 24452 24452 F DEBUG   :       #05 pc 00000000000b8b34  /data/app/~~MsLHlk1K0LtOF1hVLxwknQ==/com.vibekey.keyboard-xD1LePi3M0oNhsfkrvxAjw==/lib/arm64/libjni_latinime.so (latinime::Ver2PtNodeArrayReader::readPtNodeArrayInfoAndReturnIfValid(int, int*, int*) const+80) (BuildId: f905dbd1a904967a994cf833116e517b05caa863)
06-18 13:06:25.347 24452 24452 F DEBUG   :       #06 pc 00000000000b4ce8  /data/app/~~MsLHlk1K0LtOF1hVLxwknQ==/com.vibekey.keyboard-xD1LePi3M0oNhsfkrvxAjw==/lib/arm64/libjni_latinime.so (latinime::DynamicPtReadingHelper::nextPtNodeArray()+68) (BuildId: f905dbd1a904967a994cf833116e517b05caa863)
06-18 13:06:25.347 24452 24452 F DEBUG   :       #07 pc 00000000000b4c3c  /data/app/~~MsLHlk1K0LtOF1hVLxwknQ==/com.vibekey.keyboard-xD1LePi3M0oNhsfkrvxAjw==/lib/arm64/libjni_latinime.so (latinime::DynamicPtReadingHelper::getTerminalPtNodePositionOfWord(int const*, unsigned long, bool)+432) (BuildId: f905dbd1a904967a994cf833116e517b05caa863)
06-18 13:06:25.347 24452 24452 F DEBUG   :       #08 pc 00000000000b7324  /data/app/~~MsLHlk1K0LtOF1hVLxwknQ==/com.vibekey.keyboard-xD1LePi3M0oNhsfkrvxAjw==/lib/arm64/libjni_latinime.so (latinime::PatriciaTriePolicy::getWordId(latinime::IntArrayView, bool) const+184) (BuildId: f905dbd1a904967a994cf833116e517b05caa863)
06-18 13:06:25.347 24452 24452 F DEBUG   :       #09 pc 00000000000a7d54  /data/app/~~MsLHlk1K0LtOF1hVLxwknQ==/com.vibekey.keyboard-xD1LePi3M0oNhsfkrvxAjw==/lib/arm64/libjni_latinime.so (latinime::NgramContext::getWordId(latinime::DictionaryStructureWithBufferPolicy const*, int const*, int, bool, bool)+232) (BuildId: f905dbd1a904967a994cf833116e517b05caa863)
06-18 13:06:25.347 24452 24452 F DEBUG   :       #10 pc 00000000000c8dac  /data/app/~~MsLHlk1K0LtOF1hVLxwknQ==/com.vibekey.keyboard-xD1LePi3M0oNhsfkrvxAjw==/lib/arm64/libjni_latinime.so (latinime::Dictionary::getPredictions(latinime::NgramContext const*, latinime::SuggestionResults*) const+96) (BuildId: f905dbd1a904967a994cf833116e517b05caa863)
06-18 13:06:25.347 24452 24452 F DEBUG   :       #11 pc 000000000009fd48  /data/app/~~MsLHlk1K0LtOF1hVLxwknQ==/com.vibekey.keyboard-xD1LePi3M0oNhsfkrvxAjw==/lib/arm64/libjni_latinime.so (BuildId: f905dbd1a904967a994cf833116e517b05caa863)
06-18 13:06:25.347 24452 24452 F DEBUG   :       #12 pc 00000000002c2100  /apex/com.android.art/lib64/libart.so (art_quick_generic_jni_trampoline+144) (BuildId: 7087b2f2160bfbf3335d54ba9779e325)
06-18 13:06:25.347 24452 24452 F DEBUG   :       #13 pc 00000000006692dc  /apex/com.android.art/lib64/libart.so (nterp_helper+3852) (BuildId: 7087b2f2160bfbf3335d54ba9779e325)
06-18 13:06:25.347 24452 24452 F DEBUG   :       #14 pc 000000000022a970  /data/app/~~MsLHlk1K0LtOF1hVLxwknQ==/com.vibekey.keyboard-xD1LePi3M0oNhsfkrvxAjw==/oat/arm64/base.vdex (com.android.inputmethod.latin.BinaryDictionary.q+572)
06-18 13:06:25.347 24452 24452 F DEBUG   :       #15 pc 0000000000669a28  /apex/com.android.art/lib64/libart.so (nterp_helper+5720) (BuildId: 7087b2f2160bfbf3335d54ba9779e325)
06-18 13:06:25.347 24452 24452 F DEBUG   :       #16 pc 000000000022a6ee  /data/app/~~MsLHlk1K0LtOF1hVLxwknQ==/com.vibekey.keyboard-xD1LePi3M0oNhsfkrvxAjw==/oat/arm64/base.vdex (com.android.inputmethod.latin.BinaryDictionary.d+2)
06-18 13:06:25.347 24452 24452 F DEBUG   :       #17 pc 0000000000669a28  /apex/com.android.art/lib64/libart.so (nterp_helper+5720) (BuildId: 7087b2f2160bfbf3335d54ba9779e325)
06-18 13:06:25.347 24452 24452 F DEBUG   :       #18 pc 0000000000ade39a  /data/app/~~MsLHlk1K0LtOF1hVLxwknQ==/com.vibekey.keyboard-xD1LePi3M0oNhsfkrvxAjw==/oat/arm64/base.vdex (v7.k.d+50)
06-18 13:06:25.347 24452 24452 F DEBUG   :       #19 pc 0000000000669a28  /apex/com.android.art/lib64/libart.so (nterp_helper+5720) (BuildId: 7087b2f2160bfbf3335d54ba9779e325)
06-18 13:06:25.347 24452 24452 F DEBUG   :       #20 pc 0000000000add4e2  /data/app/~~MsLHlk1K0LtOF1hVLxwknQ==/com.vibekey.keyboard-xD1LePi3M0oNhsfkrvxAjw==/oat/arm64/base.vdex (v7.e.d+150)
06-18 13:06:25.347 24452 24452 F DEBUG   :       #21 pc 0000000000669a28  /apex/com.android.art/lib64/libart.so (nterp_helper+5720) (BuildId: 7087b2f2160bfbf3335d54ba9779e325)
06-18 13:06:25.347 24452 24452 F DEBUG   :       #22 pc 00000000005b5286  /data/app/~~MsLHlk1K0LtOF1hVLxwknQ==/com.vibekey.keyboard-xD1LePi3M0oNhsfkrvxAjw==/oat/arm64/base.vdex (p7.o.i+334)
06-18 13:06:25.347 24452 24452 F DEBUG   :       #23 pc 0000000000669a28  /apex/com.android.art/lib64/libart.so (nterp_helper+5720) (BuildId: 7087b2f2160bfbf3335d54ba9779e325)
06-18 13:06:25.347 24452 24452 F DEBUG   :       #24 pc 00000000005b4be0  /data/app/~~MsLHlk1K0LtOF1hVLxwknQ==/com.vibekey.keyboard-xD1LePi3M0oNhsfkrvxAjw==/oat/arm64/base.vdex (p7.o.h+252)
06-18 13:06:25.347 24452 24452 F DEBUG   :       #25 pc 0000000000669a28  /apex/com.android.art/lib64/libart.so (nterp_helper+5720) (BuildId: 7087b2f2160bfbf3335d54ba9779e325)
06-18 13:06:25.347 24452 24452 F DEBUG   :       #26 pc 00000000005b4a9c  /data/app/~~MsLHlk1K0LtOF1hVLxwknQ==/com.vibekey.keyboard-xD1LePi3M0oNhsfkrvxAjw==/oat/arm64/base.vdex (p7.o.g+112)
06-18 13:06:25.347 24452 24452 F DEBUG   :       #27 pc 0000000000669a28  /apex/com.android.art/lib64/libart.so (nterp_helper+5720) (BuildId: 7087b2f2160bfbf3335d54ba9779e325)
06-18 13:06:25.347 24452 24452 F DEBUG   :       #28 pc 00000000005bc54c  /data/app/~~MsLHlk1K0LtOF1hVLxwknQ==/com.vibekey.keyboard-xD1LePi3M0oNhsfkrvxAjw==/oat/arm64/base.vdex (p7.i1.a+104)
06-18 13:06:25.347 24452 24452 F DEBUG   :       #29 pc 0000000000669324  /apex/com.android.art/lib64/libart.so (nterp_helper+3924) (BuildId: 7087b2f2160bfbf3335d54ba9779e325)
06-18 13:06:25.347 24452 24452 F DEBUG   :       #30 pc 00000000005bd11e  /data/app/~~MsLHlk1K0LtOF1hVLxwknQ==/com.vibekey.keyboard-xD1LePi3M0oNhsfkrvxAjw==/oat/arm64/base.vdex (p7.i1.c+182)
06-18 13:06:25.347 24452 24452 F DEBUG   :       #31 pc 0000000000669a28  /apex/com.android.art/lib64/libart.so (nterp_helper+5720) (BuildId: 7087b2f2160bfbf3335d54ba9779e325)
06-18 13:06:25.347 24452 24452 F DEBUG   :       #32 pc 00000000005bcff0  /data/app/~~MsLHlk1K0LtOF1hVLxwknQ==/com.vibekey.keyboard-xD1LePi3M0oNhsfkrvxAjw==/oat/arm64/base.vdex (p7.i1.b+2656)
06-18 13:06:25.347 24452 24452 F DEBUG   :       #33 pc 0000000000669a28  /apex/com.android.art/lib64/libart.so (nterp_helper+5720) (BuildId: 7087b2f2160bfbf3335d54ba9779e325)
06-18 13:06:25.347 24452 24452 F DEBUG   :       #34 pc 0000000000ae556e  /data/app/~~MsLHlk1K0LtOF1hVLxwknQ==/com.vibekey.keyboard-xD1LePi3M0oNhsfkrvxAjw==/oat/arm64/base.vdex (x7.b.m+1458)
06-18 13:06:25.347 24452 24452 F DEBUG   :       #35 pc 0000000000669324  /apex/com.android.art/lib64/libart.so (nterp_helper+3924) (BuildId: 7087b2f2160bfbf3335d54ba9779e325)
06-18 13:06:25.347 24452 24452 F DEBUG   :       #36 pc 00000000001a398e  /data/app/~~MsLHlk1K0LtOF1hVLxwknQ==/com.vibekey.keyboard-xD1LePi3M0oNhsfkrvxAjw==/oat/arm64/base.vdex (a5.a.run+102)
06-18 13:06:25.347 24452 24452 F DEBUG   :       #37 pc 000000000066a144  /apex/com.android.art/lib64/libart.so (nterp_helper+7540) (BuildId: 7087b2f2160bfbf3335d54ba9779e325)
06-18 13:06:25.347 24452 24452 F DEBUG   :       #38 pc 0000000000ae242e  /data/app/~~MsLHlk1K0LtOF1hVLxwknQ==/com.vibekey.keyboard-xD1LePi3M0oNhsfkrvxAjw==/oat/arm64/base.vdex (x7.d.handleMessage+18)
06-18 13:06:25.347 24452 24452 F DEBUG   :       #39 pc 000000000205b2d4  /memfd:jit-zygote-cache (deleted)
06-18 13:08:27.213 24519 25526 F libc    : Fatal signal 11 (SIGSEGV), code 1 (SEGV_MAPERR), fault addr 0x6b00000058 in tid 25526 (ExecutorUtils), pid 24519 (AndroidUI)
06-18 13:08:29.592  3372  3372 F DEBUG   : Process name is com.vibekey.keyboard, not key_process
06-18 13:08:29.593  3372  3372 F DEBUG   : keyProcess: 0
06-18 13:08:29.593  3372  3372 F DEBUG   : *** *** *** *** *** *** *** *** *** *** *** *** *** *** *** ***
06-18 13:08:29.593  3372  3372 F DEBUG   : Build fingerprint: 'OnePlus/OnePlus7Pro/OnePlus7Pro:12/SKQ1.211113.001/P.202303230244:user/release-keys'
06-18 13:08:29.593  3372  3372 F DEBUG   : Revision: '0'
06-18 13:08:29.593  3372  3372 F DEBUG   : ABI: 'arm64'
06-18 13:08:29.593  3372  3372 F DEBUG   : Timestamp: 2026-06-18 13:08:27.616584927-0400
06-18 13:08:29.593  3372  3372 F DEBUG   : Process uptime: 0s
06-18 13:08:29.593  3372  3372 F DEBUG   : Cmdline: com.vibekey.keyboard
06-18 13:08:29.593  3372  3372 F DEBUG   : pid: 24519, tid: 25526, name: ExecutorUtils  >>> com.vibekey.keyboard <<<
06-18 13:08:29.593  3372  3372 F DEBUG   : uid: 14136
06-18 13:08:29.593  3372  3372 F DEBUG   : signal 11 (SIGSEGV), code 1 (SEGV_MAPERR), fault addr 0x6b00000058
06-18 13:08:29.593  3372  3372 F DEBUG   :     x0  0000000000000000  x1  00000000000063b6  x2  000000000000000b  x3  00000075d6c13da0
06-18 13:08:29.593  3372  3372 F DEBUG   :     x4  0000007694d1c400  x5  0000007694d1c400  x6  0000007694d1c400  x7  0000000000000000
06-18 13:08:29.593  3372  3372 F DEBUG   :     x8  00000000000000f0  x9  db746b027190efc7  x10 0000007696b4068c  x11 0000000000000000
06-18 13:08:29.593  3372  3372 F DEBUG   :     x12 00000000ffffffff  x13 0000000000000000  x14 0000000000000000  x15 00000000ebad6a89
06-18 13:08:29.593  3372  3372 F DEBUG   :     x16 000000757caad3a8  x17 00000076790b8f10  x18 0000006de5f24000  x19 000000000000000b
06-18 13:08:29.593  3372  3372 F DEBUG   :     x20 00000075d6c13da0  x21 0000000000005fc7  x22 00000075d6c13b90  x23 0000000000000001
06-18 13:08:29.593  3372  3372 F DEBUG   :     x24 000000755ed27d5c  x25 0000006debef2000  x26 0000007694d1d698  x27 0000007694d1c408
06-18 13:08:29.593  3372  3372 F DEBUG   :     x28 0000000000000400  x29 00000075d6c13bb0
06-18 13:08:29.593  3372  3372 F DEBUG   :     lr  0000007576cbabc8  sp  00000075d6c13b90  pc  00000076790b8f34  pst 0000000000000000
06-18 13:08:29.593  3372  3372 F DEBUG   : backtrace:
06-18 13:08:29.593  3372  3372 F DEBUG   :       #00 pc 0000000000075f34  /apex/com.android.runtime/lib64/bionic/libc.so (syscall+36) (BuildId: bbbdeb7c87c74f1491f92c6e605095b0)
06-18 13:08:29.593  3372  3372 F DEBUG   :       #01 pc 00000000040a9bc4  /data/app/~~-XGWjzmdoRrM1YaZYK883A==/com.google.android.webview-HvpxCmuUIjPsZ4yTEw8s4w==/base.apk!libwebviewchromium.so (BuildId: f447b77da2d76e8d4d133b66c727c3ae532b54bf)
06-18 13:08:29.593  3372  3372 F DEBUG   :       #02 pc 00000000040a03c4  /data/app/~~-XGWjzmdoRrM1YaZYK883A==/com.google.android.webview-HvpxCmuUIjPsZ4yTEw8s4w==/base.apk!libwebviewchromium.so (BuildId: f447b77da2d76e8d4d133b66c727c3ae532b54bf)
06-18 13:08:29.593  3372  3372 F DEBUG   :       #03 pc 000000000729d1dc  /data/app/~~MsLHlk1K0LtOF1hVLxwknQ==/com.vibekey.keyboard-xD1LePi3M0oNhsfkrvxAjw==/lib/arm64/libxul.so (BuildId: 4a35ccb91ce54a7d8afe95f435ee2ee2cc640e58)
06-18 13:08:29.593  3372  3372 F DEBUG   :       #04 pc 0000000007721500  /data/app/~~MsLHlk1K0LtOF1hVLxwknQ==/com.vibekey.keyboard-xD1LePi3M0oNhsfkrvxAjw==/lib/arm64/libxul.so (BuildId: 4a35ccb91ce54a7d8afe95f435ee2ee2cc640e58)
06-18 13:08:29.593  3372  3372 F DEBUG   :       #05 pc 0000000000006f94  /apex/com.android.art/lib64/libsigchain.so (art::SignalChain::Handler(int, siginfo*, void*)+1148) (BuildId: 1d71636c1517ecf3fa421563ba6710f3)
06-18 13:08:29.593  3372  3372 F DEBUG   :       #06 pc 0000000000000638  [vdso] (__kernel_rt_sigreturn+0)
06-18 13:08:29.593  3372  3372 F DEBUG   :       #07 pc 00000000000a3d58  /data/app/~~MsLHlk1K0LtOF1hVLxwknQ==/com.vibekey.keyboard-xD1LePi3M0oNhsfkrvxAjw==/lib/arm64/libjni_latinime.so (BuildId: f905dbd1a904967a994cf833116e517b05caa863)
06-18 13:08:29.593  3372  3372 F DEBUG   :       #08 pc 00000000002c2100  /apex/com.android.art/lib64/libart.so (art_quick_generic_jni_trampoline+144) (BuildId: 7087b2f2160bfbf3335d54ba9779e325)
06-18 13:08:29.593  3372  3372 F DEBUG   :       #09 pc 0000000000668b6c  /apex/com.android.art/lib64/libart.so (nterp_helper+1948) (BuildId: 7087b2f2160bfbf3335d54ba9779e325)
06-18 13:08:29.593  3372  3372 F DEBUG   :       #10 pc 000000000022b028  /data/app/~~MsLHlk1K0LtOF1hVLxwknQ==/com.vibekey.keyboard-xD1LePi3M0oNhsfkrvxAjw==/oat/arm64/base.vdex (com.android.inputmethod.latin.DicTraverseSession.a+16)
06-18 13:08:29.593  3372  3372 F DEBUG   :       #11 pc 0000000000669324  /apex/com.android.art/lib64/libart.so (nterp_helper+3924) (BuildId: 7087b2f2160bfbf3335d54ba9779e325)
06-18 13:08:29.593  3372  3372 F DEBUG   :       #12 pc 000000000022abc4  /data/app/~~MsLHlk1K0LtOF1hVLxwknQ==/com.vibekey.keyboard-xD1LePi3M0oNhsfkrvxAjw==/oat/arm64/base.vdex (com.android.inputmethod.latin.BinaryDictionary.a+44)
06-18 13:08:29.593  3372  3372 F DEBUG   :       #13 pc 0000000000669324  /apex/com.android.art/lib64/libart.so (nterp_helper+3924) (BuildId: 7087b2f2160bfbf3335d54ba9779e325)
06-18 13:08:29.593  3372  3372 F DEBUG   :       #14 pc 000000000022a2b2  /data/app/~~MsLHlk1K0LtOF1hVLxwknQ==/com.vibekey.keyboard-xD1LePi3M0oNhsfkrvxAjw==/oat/arm64/base.vdex (com.android.inputmethod.latin.BinaryDictionary.m+38)
06-18 13:08:29.593  3372  3372 F DEBUG   :       #15 pc 0000000000669324  /apex/com.android.art/lib64/libart.so (nterp_helper+3924) (BuildId: 7087b2f2160bfbf3335d54ba9779e325)
06-18 13:08:29.593  3372  3372 F DEBUG   :       #16 pc 0000000000add966  /data/app/~~MsLHlk1K0LtOF1hVLxwknQ==/com.vibekey.keyboard-xD1LePi3M0oNhsfkrvxAjw==/oat/arm64/base.vdex (v7.g.run+230)
06-18 13:08:29.593  3372  3372 F DEBUG   :       #17 pc 000000000066a144  /apex/com.android.art/lib64/libart.so (nterp_helper+7540) (BuildId: 7087b2f2160bfbf3335d54ba9779e325)
06-18 13:08:29.593  3372  3372 F DEBUG   :       #18 pc 000000000092c3d4  /data/app/~~MsLHlk1K0LtOF1hVLxwknQ==/com.vibekey.keyboard-xD1LePi3M0oNhsfkrvxAjw==/oat/arm64/base.vdex (a8.z0.run+276)
06-18 13:08:29.593  3372  3372 F DEBUG   :       #19 pc 00000000022d2950  /memfd:jit-zygote-cache (deleted)
06-18 14:33:09.832  3455 12360 F libc    : Fatal signal 11 (SIGSEGV), code 1 (SEGV_MAPERR), fault addr 0x6a00000057 in tid 12360 (ExecutorUtils), pid 3455 (AndroidUI)
06-18 14:33:11.405 29629 29629 F DEBUG   : Process name is com.vibekey.keyboard, not key_process
06-18 14:33:11.405 29629 29629 F DEBUG   : keyProcess: 0
06-18 14:33:11.405 29629 29629 F DEBUG   : *** *** *** *** *** *** *** *** *** *** *** *** *** *** *** ***
06-18 14:33:11.405 29629 29629 F DEBUG   : Build fingerprint: 'OnePlus/OnePlus7Pro/OnePlus7Pro:12/SKQ1.211113.001/P.202303230244:user/release-keys'
06-18 14:33:11.405 29629 29629 F DEBUG   : Revision: '0'
06-18 14:33:11.405 29629 29629 F DEBUG   : ABI: 'arm64'
06-18 14:33:11.405 29629 29629 F DEBUG   : Timestamp: 2026-06-18 14:33:10.036601397-0400
06-18 14:33:11.405 29629 29629 F DEBUG   : Process uptime: 0s
06-18 14:33:11.405 29629 29629 F DEBUG   : Cmdline: com.vibekey.keyboard
06-18 14:33:11.405 29629 29629 F DEBUG   : pid: 3455, tid: 12360, name: ExecutorUtils  >>> com.vibekey.keyboard <<<
06-18 14:33:11.405 29629 29629 F DEBUG   : uid: 14136
06-18 14:33:11.405 29629 29629 F DEBUG   : signal 11 (SIGSEGV), code 1 (SEGV_MAPERR), fault addr 0x6a00000057
06-18 14:33:11.405 29629 29629 F DEBUG   :     x0  0000000000000000  x1  0000000000003048  x2  000000000000000b  x3  000000767ea69da0
06-18 14:33:11.405 29629 29629 F DEBUG   :     x4  0000007694d1c400  x5  0000007694d1c400  x6  0000007694d1c400  x7  0000000000000000
06-18 14:33:11.405 29629 29629 F DEBUG   :     x8  00000000000000f0  x9  db746b027190efc7  x10 0000007696b4068c  x11 0000000000000000
06-18 14:33:11.405 29629 29629 F DEBUG   :     x12 00000000ffffffff  x13 0000000000000000  x14 0000000000000000  x15 00000000ebad6a89
06-18 14:33:11.405 29629 29629 F DEBUG   :     x16 000000757caad3a8  x17 00000076790b8f10  x18 00000075171f2000  x19 000000000000000b
06-18 14:33:11.405 29629 29629 F DEBUG   :     x20 000000767ea69da0  x21 0000000000000d7f  x22 000000767ea69b90  x23 0000000000000001
06-18 14:33:11.405 29629 29629 F DEBUG   :     x24 00000075cbd40d5c  x25 0000007521771000  x26 0000007694d1d698  x27 0000007694d1c408
06-18 14:33:11.405 29629 29629 F DEBUG   :     x28 0000000000000400  x29 000000767ea69bb0
06-18 14:33:11.405 29629 29629 F DEBUG   :     lr  0000007576cbabc8  sp  000000767ea69b90  pc  00000076790b8f34  pst 0000000000000000
06-18 14:33:11.405 29629 29629 F DEBUG   : backtrace:
06-18 14:33:11.405 29629 29629 F DEBUG   :       #00 pc 0000000000075f34  /apex/com.android.runtime/lib64/bionic/libc.so (syscall+36) (BuildId: bbbdeb7c87c74f1491f92c6e605095b0)
06-18 14:33:11.405 29629 29629 F DEBUG   :       #01 pc 00000000040a9bc4  /data/app/~~-XGWjzmdoRrM1YaZYK883A==/com.google.android.webview-HvpxCmuUIjPsZ4yTEw8s4w==/base.apk!libwebviewchromium.so (BuildId: f447b77da2d76e8d4d133b66c727c3ae532b54bf)
06-18 14:33:11.405 29629 29629 F DEBUG   :       #02 pc 00000000040a03c4  /data/app/~~-XGWjzmdoRrM1YaZYK883A==/com.google.android.webview-HvpxCmuUIjPsZ4yTEw8s4w==/base.apk!libwebviewchromium.so (BuildId: f447b77da2d76e8d4d133b66c727c3ae532b54bf)
06-18 14:33:11.405 29629 29629 F DEBUG   :       #03 pc 000000000729d1dc  /data/app/~~MsLHlk1K0LtOF1hVLxwknQ==/com.vibekey.keyboard-xD1LePi3M0oNhsfkrvxAjw==/lib/arm64/libxul.so (BuildId: 4a35ccb91ce54a7d8afe95f435ee2ee2cc640e58)
06-18 14:33:11.405 29629 29629 F DEBUG   :       #04 pc 0000000007721500  /data/app/~~MsLHlk1K0LtOF1hVLxwknQ==/com.vibekey.keyboard-xD1LePi3M0oNhsfkrvxAjw==/lib/arm64/libxul.so (BuildId: 4a35ccb91ce54a7d8afe95f435ee2ee2cc640e58)
06-18 14:33:11.405 29629 29629 F DEBUG   :       #05 pc 0000000000006f94  /apex/com.android.art/lib64/libsigchain.so (art::SignalChain::Handler(int, siginfo*, void*)+1148) (BuildId: 1d71636c1517ecf3fa421563ba6710f3)
06-18 14:33:11.405 29629 29629 F DEBUG   :       #06 pc 0000000000000638  [vdso] (__kernel_rt_sigreturn+0)
06-18 14:33:11.405 29629 29629 F DEBUG   :       #07 pc 00000000000a3d58  /data/app/~~MsLHlk1K0LtOF1hVLxwknQ==/com.vibekey.keyboard-xD1LePi3M0oNhsfkrvxAjw==/lib/arm64/libjni_latinime.so (BuildId: f905dbd1a904967a994cf833116e517b05caa863)
06-18 14:33:11.405 29629 29629 F DEBUG   :       #08 pc 00000000002c2100  /apex/com.android.art/lib64/libart.so (art_quick_generic_jni_trampoline+144) (BuildId: 7087b2f2160bfbf3335d54ba9779e325)
06-18 14:33:11.405 29629 29629 F DEBUG   :       #09 pc 0000000000668b6c  /apex/com.android.art/lib64/libart.so (nterp_helper+1948) (BuildId: 7087b2f2160bfbf3335d54ba9779e325)
06-18 14:33:11.405 29629 29629 F DEBUG   :       #10 pc 000000000022b028  /data/app/~~MsLHlk1K0LtOF1hVLxwknQ==/com.vibekey.keyboard-xD1LePi3M0oNhsfkrvxAjw==/oat/arm64/base.vdex (com.android.inputmethod.latin.DicTraverseSession.a+16)
06-18 14:33:11.405 29629 29629 F DEBUG   :       #11 pc 0000000000669324  /apex/com.android.art/lib64/libart.so (nterp_helper+3924) (BuildId: 7087b2f2160bfbf3335d54ba9779e325)
06-18 14:33:11.405 29629 29629 F DEBUG   :       #12 pc 000000000022abc4  /data/app/~~MsLHlk1K0LtOF1hVLxwknQ==/com.vibekey.keyboard-xD1LePi3M0oNhsfkrvxAjw==/oat/arm64/base.vdex (com.android.inputmethod.latin.BinaryDictionary.a+44)
06-18 14:33:11.405 29629 29629 F DEBUG   :       #13 pc 0000000000669324  /apex/com.android.art/lib64/libart.so (nterp_helper+3924) (BuildId: 7087b2f2160bfbf3335d54ba9779e325)
06-18 14:33:11.405 29629 29629 F DEBUG   :       #14 pc 000000000022acf0  /data/app/~~MsLHlk1K0LtOF1hVLxwknQ==/com.vibekey.keyboard-xD1LePi3M0oNhsfkrvxAjw==/oat/arm64/base.vdex (com.android.inputmethod.latin.BinaryDictionary.l+44)
06-18 14:33:11.405 29629 29629 F DEBUG   :       #15 pc 0000000000669324  /apex/com.android.art/lib64/libart.so (nterp_helper+3924) (BuildId: 7087b2f2160bfbf3335d54ba9779e325)
06-18 14:33:11.405 29629 29629 F DEBUG   :       #16 pc 0000000000add96e  /data/app/~~MsLHlk1K0LtOF1hVLxwknQ==/com.vibekey.keyboard-xD1LePi3M0oNhsfkrvxAjw==/oat/arm64/base.vdex (v7.g.run+238)
06-18 14:33:11.405 29629 29629 F DEBUG   :       #17 pc 000000000066a144  /apex/com.android.art/lib64/libart.so (nterp_helper+7540) (BuildId: 7087b2f2160bfbf3335d54ba9779e325)
06-18 14:33:11.405 29629 29629 F DEBUG   :       #18 pc 000000000092c3d4  /data/app/~~MsLHlk1K0LtOF1hVLxwknQ==/com.vibekey.keyboard-xD1LePi3M0oNhsfkrvxAjw==/oat/arm64/base.vdex (a8.z0.run+276)
06-18 14:33:11.405 29629 29629 F DEBUG   :       #19 pc 00000000022d2950  /memfd:jit-zygote-cache (deleted)
--------- beginning of system
06-18 14:33:14.181 29654 29654 E OplusCustomizeRestrictionManager: sInstance is null, start a new sInstance
06-18 14:33:38.031 29654 30172 E ActivityThread: Failed to find provider info for com.oplus.statistics.provider
06-18 14:33:38.031 29654 30172 E OplusStatistics--: IllegalArgumentException:java.lang.IllegalArgumentException: Unknown URL content://com.oplus.statistics.provider/track_event
06-18 14:33:53.687 29654 30172 E ActivityThread: Failed to find provider info for com.oplus.statistics.provider
06-18 14:33:53.687 29654 30172 E OplusStatistics--: IllegalArgumentException:java.lang.IllegalArgumentException: Unknown URL content://com.oplus.statistics.provider/track_event
06-18 14:34:04.381 29654 30172 E ActivityThread: Failed to find provider info for com.oplus.statistics.provider
06-18 14:34:04.381 29654 30172 E OplusStatistics--: IllegalArgumentException:java.lang.IllegalArgumentException: Unknown URL content://com.oplus.statistics.provider/track_event
06-18 14:34:42.626 29654 30172 E ActivityThread: Failed to find provider info for com.oplus.statistics.provider
06-18 14:34:42.626 29654 30172 E OplusStatistics--: IllegalArgumentException:java.lang.IllegalArgumentException: Unknown URL content://com.oplus.statistics.provider/track_event
06-18 14:35:13.362 29654 29878 F libc    : Fatal signal 11 (SIGSEGV), code 1 (SEGV_MAPERR), fault addr 0x0 in tid 29878 (launcher), pid 29654 (AndroidUI)
06-18 14:35:15.438  5052  5052 F DEBUG   : Process name is com.vibekey.keyboard, not key_process
06-18 14:35:15.438  5052  5052 F DEBUG   : keyProcess: 0
06-18 14:35:15.438  5052  5052 F DEBUG   : *** *** *** *** *** *** *** *** *** *** *** *** *** *** *** ***
06-18 14:35:15.438  5052  5052 F DEBUG   : Build fingerprint: 'OnePlus/OnePlus7Pro/OnePlus7Pro:12/SKQ1.211113.001/P.202303230244:user/release-keys'
06-18 14:35:15.438  5052  5052 F DEBUG   : Revision: '0'
06-18 14:35:15.438  5052  5052 F DEBUG   : ABI: 'arm64'
06-18 14:35:15.438  5052  5052 F DEBUG   : Timestamp: 2026-06-18 14:35:13.755827235-0400
06-18 14:35:15.438  5052  5052 F DEBUG   : Process uptime: 0s
06-18 14:35:15.438  5052  5052 F DEBUG   : Cmdline: com.vibekey.keyboard
06-18 14:35:15.438  5052  5052 F DEBUG   : pid: 29654, tid: 29878, name: launcher  >>> com.vibekey.keyboard <<<
06-18 14:35:15.438  5052  5052 F DEBUG   : uid: 14136
06-18 14:35:15.438  5052  5052 F DEBUG   : signal 11 (SIGSEGV), code 1 (SEGV_MAPERR), fault addr 0x0
06-18 14:35:15.438  5052  5052 F DEBUG   : Cause: null pointer dereference
06-18 14:35:15.438  5052  5052 F DEBUG   :     x0  0000000000000000  x1  00000000000074b6  x2  000000000000000b  x3  000000766e375da0
06-18 14:35:15.438  5052  5052 F DEBUG   :     x4  0000007694d1c400  x5  0000007694d1c400  x6  0000007694d1c400  x7  0000000000000000
06-18 14:35:15.438  5052  5052 F DEBUG   :     x8  00000000000000f0  x9  db746b027190efc7  x10 0000007696b4068c  x11 0000000000000000
06-18 14:35:15.438  5052  5052 F DEBUG   :     x12 00000000ffffffff  x13 0000000000000000  x14 00000075c50470f0  x15 00000076791dbffc
06-18 14:35:15.438  5052  5052 F DEBUG   :     x16 000000757caad3a8  x17 00000076790b8f10  x18 0000007417f76000  x19 000000000000000b
06-18 14:35:15.438  5052  5052 F DEBUG   :     x20 000000766e375da0  x21 00000000000073d6  x22 000000766e375b90  x23 0000000000000001
06-18 14:35:15.439  5052  5052 F DEBUG   :     x24 00000074b10da610  x25 00000075c5048000  x26 0000007694d1d698  x27 0000007694d1c408
06-18 14:35:15.439  5052  5052 F DEBUG   :     x28 0000000000000400  x29 000000766e375bb0
06-18 14:35:15.439  5052  5052 F DEBUG   :     lr  0000007576cbabc8  sp  000000766e375b90  pc  00000076790b8f34  pst 0000000000000000
06-18 14:35:15.439  5052  5052 F DEBUG   : backtrace:
06-18 14:35:15.439  5052  5052 F DEBUG   :       #00 pc 0000000000075f34  /apex/com.android.runtime/lib64/bionic/libc.so (syscall+36) (BuildId: bbbdeb7c87c74f1491f92c6e605095b0)
06-18 14:35:15.439  5052  5052 F DEBUG   :       #01 pc 00000000040a9bc4  /data/app/~~-XGWjzmdoRrM1YaZYK883A==/com.google.android.webview-HvpxCmuUIjPsZ4yTEw8s4w==/base.apk!libwebviewchromium.so (BuildId: f447b77da2d76e8d4d133b66c727c3ae532b54bf)
06-18 14:35:15.439  5052  5052 F DEBUG   :       #02 pc 00000000040a03c4  /data/app/~~-XGWjzmdoRrM1YaZYK883A==/com.google.android.webview-HvpxCmuUIjPsZ4yTEw8s4w==/base.apk!libwebviewchromium.so (BuildId: f447b77da2d76e8d4d133b66c727c3ae532b54bf)
06-18 14:35:15.439  5052  5052 F DEBUG   :       #03 pc 000000000729d1dc  /data/app/~~MsLHlk1K0LtOF1hVLxwknQ==/com.vibekey.keyboard-xD1LePi3M0oNhsfkrvxAjw==/lib/arm64/libxul.so (BuildId: 4a35ccb91ce54a7d8afe95f435ee2ee2cc640e58)
06-18 14:35:15.439  5052  5052 F DEBUG   :       #04 pc 0000000007721500  /data/app/~~MsLHlk1K0LtOF1hVLxwknQ==/com.vibekey.keyboard-xD1LePi3M0oNhsfkrvxAjw==/lib/arm64/libxul.so (BuildId: 4a35ccb91ce54a7d8afe95f435ee2ee2cc640e58)
06-18 14:35:15.439  5052  5052 F DEBUG   :       #05 pc 0000000000006f94  /apex/com.android.art/lib64/libsigchain.so (art::SignalChain::Handler(int, siginfo*, void*)+1148) (BuildId: 1d71636c1517ecf3fa421563ba6710f3)
06-18 14:35:15.439  5052  5052 F DEBUG   :       #06 pc 0000000000000638  [vdso] (__kernel_rt_sigreturn+0)
06-18 14:35:15.439  5052  5052 F DEBUG   :       #07 pc 00000000044f860c  /data/app/~~MsLHlk1K0LtOF1hVLxwknQ==/com.vibekey.keyboard-xD1LePi3M0oNhsfkrvxAjw==/lib/arm64/libxul.so (BuildId: 4a35ccb91ce54a7d8afe95f435ee2ee2cc640e58)
06-18 14:35:15.439  5052  5052 F DEBUG   :       #08 pc 00000000038cb360  /data/app/~~MsLHlk1K0LtOF1hVLxwknQ==/com.vibekey.keyboard-xD1LePi3M0oNhsfkrvxAjw==/lib/arm64/libxul.so (BuildId: 4a35ccb91ce54a7d8afe95f435ee2ee2cc640e58)
06-18 14:35:15.439  5052  5052 F DEBUG   :       #09 pc 000000000394a4ac  /data/app/~~MsLHlk1K0LtOF1hVLxwknQ==/com.vibekey.keyboard-xD1LePi3M0oNhsfkrvxAjw==/lib/arm64/libxul.so (BuildId: 4a35ccb91ce54a7d8afe95f435ee2ee2cc640e58)
06-18 14:35:15.439  5052  5052 F DEBUG   :       #10 pc 0000000003946cfc  /data/app/~~MsLHlk1K0LtOF1hVLxwknQ==/com.vibekey.keyboard-xD1LePi3M0oNhsfkrvxAjw==/lib/arm64/libxul.so (BuildId: 4a35ccb91ce54a7d8afe95f435ee2ee2cc640e58)
06-18 14:35:15.439  5052  5052 F DEBUG   :       #11 pc 0000000002f16118  /data/app/~~MsLHlk1K0LtOF1hVLxwknQ==/com.vibekey.keyboard-xD1LePi3M0oNhsfkrvxAjw==/lib/arm64/libxul.so (BuildId: 4a35ccb91ce54a7d8afe95f435ee2ee2cc640e58)
06-18 14:35:15.439  5052  5052 F DEBUG   :       #12 pc 0000000002f1ef68  /data/app/~~MsLHlk1K0LtOF1hVLxwknQ==/com.vibekey.keyboard-xD1LePi3M0oNhsfkrvxAjw==/lib/arm64/libxul.so (BuildId: 4a35ccb91ce54a7d8afe95f435ee2ee2cc640e58)
06-18 14:35:15.439  5052  5052 F DEBUG   :       #13 pc 0000000002f1e3e8  /data/app/~~MsLHlk1K0LtOF1hVLxwknQ==/com.vibekey.keyboard-xD1LePi3M0oNhsfkrvxAjw==/lib/arm64/libxul.so (BuildId: 4a35ccb91ce54a7d8afe95f435ee2ee2cc640e58)
06-18 14:35:15.439  5052  5052 F DEBUG   :       #14 pc 00000000041b0ae4  /data/app/~~MsLHlk1K0LtOF1hVLxwknQ==/com.vibekey.keyboard-xD1LePi3M0oNhsfkrvxAjw==/lib/arm64/libxul.so (BuildId: 4a35ccb91ce54a7d8afe95f435ee2ee2cc640e58)
06-18 14:35:15.439  5052  5052 F DEBUG   :       #15 pc 00000000041b0668  /data/app/~~MsLHlk1K0LtOF1hVLxwknQ==/com.vibekey.keyboard-xD1LePi3M0oNhsfkrvxAjw==/lib/arm64/libxul.so (BuildId: 4a35ccb91ce54a7d8afe95f435ee2ee2cc640e58)
06-18 14:35:15.439  5052  5052 F DEBUG   :       #16 pc 00000000001dae5c  /data/app/~~MsLHlk1K0LtOF1hVLxwknQ==/com.vibekey.keyboard-xD1LePi3M0oNhsfkrvxAjw==/lib/arm64/libnss3.so (BuildId: b089d343de37b8a21215387a791de798513aaf64)
06-18 14:35:15.439  5052  5052 F DEBUG   :       #17 pc 000000000009e0bc  /data/app/~~MsLHlk1K0LtOF1hVLxwknQ==/com.vibekey.keyboard-xD1LePi3M0oNhsfkrvxAjw==/lib/arm64/libmozglue.so (BuildId: 8d82c5d136d7c01bbfb799da8ac843daefd5a4ec)
06-18 14:35:15.439  5052  5052 F DEBUG   :       #18 pc 00000000000deb44  /apex/com.android.runtime/lib64/bionic/libc.so (__pthread_start(void*)+264) (BuildId: bbbdeb7c87c74f1491f92c6e605095b0)
06-18 14:35:15.439  5052  5052 F DEBUG   :       #19 pc 000000000007b2fc  /apex/com.android.runtime/lib64/bionic/libc.so (__start_thread+68) (BuildId: bbbdeb7c87c74f1491f92c6e605095b0)
06-18 14:35:17.850  5153  5153 E OplusCustomizeRestrictionManager: sInstance is null, start a new sInstance
06-18 14:38:20.490  5153 12407 E ActivityThread: Failed to find provider info for com.oplus.statistics.provider
06-18 14:38:20.490  5153 12407 E OplusStatistics--: IllegalArgumentException:java.lang.IllegalArgumentException: Unknown URL content://com.oplus.statistics.provider/track_event
06-18 14:38:36.067 12639 12639 E OplusCustomizeRestrictionManager: sInstance is null, start a new sInstance
--------- beginning of main
06-18 14:38:37.956 12639 12639 E Ads     : JS: Refused to get unsafe header "X-Afma-Gcache-IsGcacheHit" (https://www.gstatic.com/mysidia/992fc024f222190433002467e84c4f10.js?tag=addon/rewarded_video:436)
06-18 14:38:38.002 12639 12639 E Ads     : JS: Refused to get unsafe header "X-Afma-Gcache-IsGcacheHit" (https://www.gstatic.com/mysidia/992fc024f222190433002467e84c4f10.js?tag=addon/rewarded_video:436)
06-18 14:38:38.027 12639 12765 W libc    : Access denied finding property "vendor.oplus.media.vpp.stutter"
06-18 14:38:38.029 12639 12765 E MULTIMEDIAConfig: [getInt32:L80] Not find config, Returning default
06-18 14:38:38.029 12639 12765 E MULTIMEDIAConfig: [getInt32:L80] Not find config, Returning default
06-18 14:38:38.029 12639 12765 E OplusACodec: [OplusACodec:204] mSrOsieMMListCheckResult:0x0 mOsieVersion:1
06-18 14:38:38.051 12639 12991 E OplusACodec: [GetVideoCodingTypeFromMime:L1162] mime:video/x-vnd.on2.vp9
06-18 14:38:38.158 12639 12765 W cr_MediaCodecBridge: Releasing: OMX.qcom.video.decoder.vp9
06-18 14:38:38.160 12639 12990 E ExtensionsLoader: freeAllBuffers: 13 buffers were freed while being dequeued!
06-18 14:38:38.162 12639 12765 W cr_MediaCodecBridge: Codec released
06-18 14:38:38.411 12639 12648 W ibekey.keyboar: Cleared Reference was only reachable from finalizer (only reported once)
06-18 14:38:39.586 12639 12639 I VkPanels: ▶ open ai_theme
06-18 14:38:49.478 12639 12639 I VkThemes: ▶ tap generate ref=false descLen=12
06-18 14:38:49.621 12639 12639 I VkTyping: ○ hidden
06-18 14:38:49.793 12639 12765 W libc    : Access denied finding property "vendor.oplus.media.vpp.stutter"
06-18 14:38:49.794 12639 12765 E MULTIMEDIAConfig: [getInt32:L80] Not find config, Returning default
06-18 14:38:49.794 12639 12765 E MULTIMEDIAConfig: [getInt32:L80] Not find config, Returning default
06-18 14:38:49.794 12639 12765 E OplusACodec: [OplusACodec:204] mSrOsieMMListCheckResult:0x0 mOsieVersion:1
06-18 14:38:49.826 12639 12739 E BLASTBufferQueue: BLASTBufferItemConsumer::onDisconnect()
06-18 14:38:49.841 12639 13154 E OplusACodec: [GetVideoCodingTypeFromMime:L1162] mime:video/x-vnd.on2.vp9
06-18 14:38:51.014 12639 13154 W libc    : Access denied finding property "vendor.oplus.media.vpp.stutter"
06-18 14:38:51.431 12639 13165 E FilePhenotypeFlags: Config package com.google.android.gms.clearcut_client#com.vibekey.keyboard cannot use FILE backing without declarative registration. See go/phenotype-android-integration#phenotype for more information. This will lead to stale flags.
06-18 14:38:51.443 12639 13165 E FilePhenotypeFlags: Config package com.google.android.gms.clearcut_client#com.vibekey.keyboard cannot use FILE backing without declarative registration. See go/phenotype-android-integration#phenotype for more information. This will lead to stale flags.
06-18 14:38:51.443 12639 13165 E FilePhenotypeFlags: Config package com.google.android.gms.clearcut_client#com.vibekey.keyboard cannot use FILE backing without declarative registration. See go/phenotype-android-integration#phenotype for more information. This will lead to stale flags.
06-18 14:38:52.015 12639 13154 W libc    : Access denied finding property "vendor.oplus.media.vpp.stutter"
06-18 14:38:53.016 12639 13154 W libc    : Access denied finding property "vendor.oplus.media.vpp.stutter"
06-18 14:38:54.017 12639 13154 W libc    : Access denied finding property "vendor.oplus.media.vpp.stutter"
06-18 14:38:54.706 12639 12739 E BLASTBufferQueue: BLASTBufferItemConsumer::onDisconnect()
06-18 14:38:55.018 12639 13154 W libc    : Access denied finding property "vendor.oplus.media.vpp.stutter"
06-18 14:38:56.019 12639 13154 W libc    : Access denied finding property "vendor.oplus.media.vpp.stutter"
06-18 14:38:57.019 12639 13154 W libc    : Access denied finding property "vendor.oplus.media.vpp.stutter"
06-18 14:38:58.020 12639 13154 W libc    : Access denied finding property "vendor.oplus.media.vpp.stutter"
06-18 14:38:59.021 12639 13154 W libc    : Access denied finding property "vendor.oplus.media.vpp.stutter"
06-18 14:38:59.625 12639 13141 E ActivityThread: Failed to find provider info for com.oplus.statistics.provider
06-18 14:38:59.625 12639 13141 E OplusStatistics--: IllegalArgumentException:java.lang.IllegalArgumentException: Unknown URL content://com.oplus.statistics.provider/track_event
06-18 14:38:59.926 12639 12639 E ibekey.keyboar: hiddenapi: Accessing hidden method Landroid/view/MotionEvent;->getHistoricalEventTimeNano(I)J (runtime_flags=0, domain=platform, api=max-target-o) from LWV/vm1; (domain=app, TargetSdkVersion=35) using reflection: denied
06-18 14:39:00.022 12639 13154 W libc    : Access denied finding property "vendor.oplus.media.vpp.stutter"
06-18 14:39:00.058 12639 12639 I VkThemes: ▶ generate ref=false descLen=12
06-18 14:39:00.148 12639 12765 W cr_MediaCodecBridge: Releasing: OMX.qcom.video.decoder.vp9
06-18 14:39:00.150 12639 13153 E ListServiceUtils: checkInListByUid module:video-disconnectsurface-sync uid:14136 cost 1174us return (null)
06-18 14:39:00.153 12639 13153 E ExtensionsLoader: freeAllBuffers: 4 buffers were freed while being dequeued!
06-18 14:39:00.155 12639 12765 W cr_MediaCodecBridge: Codec released
06-18 14:39:00.185 12639 13182 W ServiceBindIntentUtils: Dynamic lookup for intent failed for action: com.google.android.gms.ads.service.START
06-18 14:39:00.257 12639 12639 I VkTyping: ▶ open restart=false pkg=com.android.launcher inputType=589825
06-18 14:39:00.586 12639 12739 E BLASTBufferQueue: BLASTBufferItemConsumer::onDisconnect()
06-18 14:39:00.591 12639 12739 E BLASTBufferQueue: BLASTBufferItemConsumer::onDisconnect()
06-18 14:39:01.152 12679 12967 I OnDeviceAssist: warm ok model=qwen2.5-0.5b-instruct-q4_0.gguf ambient=40 chars 0ms
06-18 14:39:01.371 12639 12639 E Ads     : JS: Refused to get unsafe header "X-Afma-Gcache-IsGcacheHit" (https://www.gstatic.com/mysidia/992fc024f222190433002467e84c4f10.js?tag=addon/rewarded_video:436)
06-18 14:39:01.391 12639 12639 E Ads     : JS: Refused to get unsafe header "X-Afma-Gcache-IsGcacheHit" (https://www.gstatic.com/mysidia/992fc024f222190433002467e84c4f10.js?tag=addon/rewarded_video:436)
06-18 14:39:01.418 12639 12765 W libc    : Access denied finding property "vendor.oplus.media.vpp.stutter"
06-18 14:39:01.419 12639 12765 E MULTIMEDIAConfig: [getInt32:L80] Not find config, Returning default
06-18 14:39:01.419 12639 12765 E MULTIMEDIAConfig: [getInt32:L80] Not find config, Returning default
06-18 14:39:01.419 12639 12765 E OplusACodec: [OplusACodec:204] mSrOsieMMListCheckResult:0x0 mOsieVersion:1
06-18 14:39:01.430 12639 13208 E OplusACodec: [GetVideoCodingTypeFromMime:L1162] mime:video/x-vnd.on2.vp9
06-18 14:39:01.498 12639 12677 I VkSuggestions: decode typedLen=1 candidates=18 locales=1 9,8ms
06-18 14:39:01.501 12639 12677 I VkSuggestions: decode typedLen=0 candidates=1 locales=1 0,5ms
06-18 14:39:01.502 12639 12677 I VkSuggestions: strip composing typedLen=1 candidates=19 autocorrect=false top=i locale=es
06-18 14:39:01.562 12639 12765 W cr_MediaCodecBridge: Releasing: OMX.qcom.video.decoder.vp9
06-18 14:39:01.563 12639 13207 E ExtensionsLoader: freeAllBuffers: 13 buffers were freed while being dequeued!
06-18 14:39:01.564 12639 12765 W cr_MediaCodecBridge: Codec released
06-18 14:39:01.699 12639 12677 I VkSuggestions: decode typedLen=2 candidates=18 locales=1 6,6ms
06-18 14:39:01.702 12639 12677 I VkSuggestions: strip composing typedLen=2 candidates=19 autocorrect=false top=ij locale=es
06-18 14:39:01.879 12639 12677 I VkSuggestions: decode typedLen=3 candidates=18 locales=1 5,7ms
06-18 14:39:01.880 12639 12677 I VkSuggestions: strip composing typedLen=3 candidates=17 autocorrect=false top=ijh locale=es
06-18 14:39:02.082 12639 12677 I VkSuggestions: decode typedLen=4 candidates=18 locales=1 8,6ms
06-18 14:39:02.084 12639 12677 I VkSuggestions: strip composing typedLen=4 candidates=19 autocorrect=false top=ijhd locale=es
06-18 14:39:02.323 12639 12677 I VkSuggestions: decode typedLen=5 candidates=18 locales=1 8,2ms
06-18 14:39:02.327 12639 12677 I VkSuggestions: strip composing typedLen=5 candidates=19 autocorrect=false top=ijhdd locale=es
06-18 14:39:02.619 12639 12639 I VkSwipe : ▶ gesture started locale=es-US
06-18 14:39:02.648 12639 12677 I VkSuggestions: decode typedLen=2 candidates=18 locales=1 12,4ms
06-18 14:39:02.659 12639 12677 W VibeKeyProfiler: Slow Native Suggest: Total=9.60ms | Init=0.06ms | TrieExpand(x17)=9.51ms | Scoring=0.03ms | inputSize=18
06-18 14:39:02.665 12639 12677 I VkSuggestions: decode typedLen=0 candidates=18 locales=1 16,2ms
06-18 14:39:02.665 12639 12677 W VkSuggestions: slow frame 16,2ms locales=1 typedLen=0 candidates=18
06-18 14:39:02.750 12639 12677 I VkSuggestions: decode typedLen=2 candidates=18 locales=1 13,2ms
06-18 14:39:02.757 12639 12677 I VkSuggestions: decode typedLen=0 candidates=18 locales=1 6,2ms
06-18 14:39:02.931 12639 12677 I VkSuggestions: decode typedLen=2 candidates=18 locales=1 10,7ms
06-18 14:39:02.937 12639 12677 I VkSuggestions: decode typedLen=0 candidates=18 locales=1 5,6ms
06-18 14:39:03.048 12639 12677 I VkSuggestions: decode typedLen=2 candidates=18 locales=1 10,2ms
06-18 14:39:03.056 12639 12677 W VibeKeyProfiler: Slow Native Suggest: Total=8.19ms | Init=0.17ms | TrieExpand(x17)=8.00ms | Scoring=0.02ms | inputSize=35
06-18 14:39:03.062 12639 12677 I VkSuggestions: decode typedLen=0 candidates=18 locales=1 14,0ms
06-18 14:39:03.071 12639 12677 I VkSuggestions: decode typedLen=2 candidates=18 locales=1 6,5ms
06-18 14:39:03.083 12639 12677 I VkSuggestions: decode typedLen=0 candidates=18 locales=1 11,8ms
06-18 14:39:03.095 12639 12639 I VkSwipe : ✓ gesture points=35 decodedLen=2 candidates=18 top=oí 477ms
06-18 14:39:03.382 12639 12677 I VkSuggestions: decode typedLen=1 candidates=18 locales=1 7,1ms
06-18 14:39:03.383 12639 12677 I VkSuggestions: strip composing typedLen=1 candidates=19 autocorrect=false top=h locale=es
06-18 14:39:03.549 12639 12677 I VkSuggestions: decode typedLen=2 candidates=18 locales=1 6,4ms
06-18 14:39:03.550 12639 12677 I VkSuggestions: strip composing typedLen=2 candidates=17 autocorrect=false top=hy locale=es
06-18 14:39:03.705 12639 12677 I VkSuggestions: decode typedLen=3 candidates=18 locales=1 5,2ms
06-18 14:39:03.706 12639 12677 I VkSuggestions: strip composing typedLen=3 candidates=18 autocorrect=false top=hyy locale=es
06-18 14:39:03.880 12639 12677 I VkSuggestions: decode typedLen=4 candidates=18 locales=1 4,5ms
06-18 14:39:03.881 12639 12677 I VkSuggestions: strip composing typedLen=4 candidates=17 autocorrect=false top=hyye locale=es
06-18 14:39:03.888 12639 12639 I VkThemes: ✓ generate 3831ms theme=Crypto White / Digital Silk
06-18 14:39:03.999 12639 12639 I VkEffects: reload anim=scale blur=0px glow=false stickers=true
06-18 14:39:04.001 12639 12639 I VkThemes: apply theme=Crypto White / Digital Silk (ai_generate)
06-18 14:39:04.003 12639 12639 I VkSwipe : ○ gesture canceled
06-18 14:39:04.005 12639 12639 I VkSwipe : ○ gesture canceled
06-18 14:39:04.107 12639 12729 W Ads     : Not retrying to fetch app settings
06-18 14:39:04.178 12639 12639 I VkFavorites: save theme Crypto White / Digital Silk → SAVED
06-18 14:39:04.186 12639 12639 W View    : requestLayout() improperly called by android.widget.LinearLayout{48ee05f V.E...... ......ID 0,1868-1440,2818 #7f0a011b app:id/main_keyboard_frame} during layout: running second layout pass
06-18 14:39:05.305 12639 12677 I VkSuggestions: decode typedLen=5 candidates=18 locales=1 3,4ms
06-18 14:39:05.306 12639 12677 I VkSuggestions: strip composing typedLen=5 candidates=18 autocorrect=false top=hyyek locale=es
06-18 14:39:05.468 12639 12677 I VkSuggestions: decode typedLen=6 candidates=18 locales=1 2,0ms
06-18 14:39:05.469 12639 12677 I VkSuggestions: strip composing typedLen=6 candidates=17 autocorrect=false top=hyyekk locale=es
06-18 14:39:05.686 12639 12677 I VkSuggestions: decode typedLen=7 candidates=18 locales=1 2,4ms
06-18 14:39:05.688 12639 12677 I VkSuggestions: strip composing typedLen=7 candidates=19 autocorrect=false top=hyyekki locale=es
06-18 14:39:05.878 12639 12677 I VkSuggestions: decode typedLen=8 candidates=18 locales=1 3,0ms
06-18 14:39:05.880 12639 12677 I VkSuggestions: strip composing typedLen=8 candidates=18 autocorrect=false top=hyyekkiy locale=es
06-18 14:39:06.088 12639 12677 W VibeKeyProfiler: Slow Native Suggest: Total=9.20ms | Init=0.14ms | TrieExpand(x5)=9.02ms | Scoring=0.04ms | inputSize=9
06-18 14:39:06.090 12639 12677 I VkSuggestions: decode typedLen=9 candidates=18 locales=1 16,2ms
06-18 14:39:06.090 12639 12677 W VkSuggestions: slow frame 16,2ms locales=1 typedLen=9 candidates=18
06-18 14:39:06.094 12639 12677 I VkSuggestions: strip composing typedLen=9 candidates=18 autocorrect=false top=hyyekkiyd locale=es
06-18 14:39:06.545 12639 12639 I VkSwipe : ▶ gesture started locale=es-US
06-18 14:39:06.565 12639 12677 W VibeKeyProfiler: Slow Native Suggest: Total=10.07ms | Init=1.45ms | TrieExpand(x13)=8.60ms | Scoring=0.02ms | inputSize=2
06-18 14:39:06.566 12639 12677 I VkSuggestions: decode typedLen=2 candidates=18 locales=1 15,2ms
06-18 14:39:06.577 12639 12677 I VkSuggestions: decode typedLen=0 candidates=18 locales=1 11,1ms
06-18 14:39:06.671 12639 12677 W VibeKeyProfiler: Slow Native Suggest: Total=8.09ms | Init=0.59ms | TrieExpand(x16)=7.43ms | Scoring=0.08ms | inputSize=2
06-18 14:39:06.686 12639 12677 W VibeKeyProfiler: Slow Native Suggest: Total=14.27ms | Init=0.41ms | TrieExpand(x13)=13.80ms | Scoring=0.05ms | inputSize=2
06-18 14:39:06.688 12639 12677 I VkSuggestions: decode typedLen=2 candidates=18 locales=1 25,0ms
06-18 14:39:06.689 12639 12677 W VkSuggestions: slow frame 25,0ms locales=1 typedLen=2 candidates=18
06-18 14:39:06.703 12639 12677 W VibeKeyProfiler: Slow Native Suggest: Total=11.71ms | Init=0.23ms | TrieExpand(x6)=11.46ms | Scoring=0.02ms | inputSize=18
06-18 14:39:06.705 12639 12677 I VkSuggestions: decode typedLen=0 candidates=18 locales=1 14,8ms
06-18 14:39:06.778 12639 12639 W n       : [0] drop stale event: 757,411|618 last: 735,426|631
06-18 14:39:06.779 12639 12639 W n       : [0] drop stale event: 770,406|627 last: 735,426|631
06-18 14:39:06.779 12639 12639 W n       : [0] drop stale event: 774,405|629 last: 735,426|631
06-18 14:39:07.010 12639 12677 I VkSuggestions: decode typedLen=2 candidates=18 locales=1 11,8ms
06-18 14:39:07.018 12639 12677 I VkSuggestions: decode typedLen=0 candidates=18 locales=1 7,5ms
06-18 14:39:07.114 12639 12677 I VkSuggestions: decode typedLen=2 candidates=18 locales=1 7,6ms
06-18 14:39:07.128 12639 12677 I VkSuggestions: decode typedLen=0 candidates=18 locales=1 14,0ms
06-18 14:39:07.227 12639 12677 I VkSuggestions: decode typedLen=2 candidates=18 locales=1 11,2ms
06-18 14:39:07.241 12639 12677 I VkSuggestions: decode typedLen=0 candidates=18 locales=1 12,9ms
06-18 14:39:07.248 12639 12677 I VkSuggestions: decode typedLen=2 candidates=18 locales=1 5,5ms
06-18 14:39:07.260 12639 12677 I VkSuggestions: decode typedLen=0 candidates=18 locales=1 11,6ms
06-18 14:39:07.275 12639 12639 I VkSwipe : ✓ gesture points=36 decodedLen=2 candidates=18 top=el 730ms
06-18 14:39:07.796 12639 12639 I VkSwipe : ▶ gesture started locale=es-US
06-18 14:39:07.905 12639 12677 I VkSuggestions: decode typedLen=3 candidates=18 locales=1 5,8ms
06-18 14:39:07.917 12639 12677 I VkSuggestions: decode typedLen=0 candidates=18 locales=1 11,7ms
06-18 14:39:08.011 12639 12677 I VkSuggestions: decode typedLen=3 candidates=18 locales=1 4,7ms
06-18 14:39:08.017 12639 12677 I VkSuggestions: decode typedLen=0 candidates=18 locales=1 5,3ms
06-18 14:39:08.187 12639 12677 I VkSuggestions: decode typedLen=3 candidates=18 locales=1 4,3ms
06-18 14:39:08.196 12639 12677 I VkSuggestions: decode typedLen=0 candidates=18 locales=1 9,3ms
06-18 14:39:08.354 12639 12677 I VkSuggestions: decode typedLen=3 candidates=18 locales=1 4,6ms
06-18 14:39:08.364 12639 12677 I VkSuggestions: decode typedLen=0 candidates=18 locales=1 9,1ms
06-18 14:39:08.394 12639 12677 I VkSuggestions: decode typedLen=3 candidates=18 locales=1 6,7ms
06-18 14:39:08.402 12639 12677 W VibeKeyProfiler: Slow Native Suggest: Total=8.07ms | Init=0.13ms | TrieExpand(x11)=7.92ms | Scoring=0.02ms | inputSize=29
06-18 14:39:08.408 12639 12677 I VkSuggestions: decode typedLen=0 candidates=18 locales=1 13,5ms
06-18 14:39:08.417 12639 12639 I VkSwipe : ✓ gesture points=29 decodedLen=3 candidates=18 top=kai 620ms
06-18 14:39:08.565 12639 12639 I VkSwipe : ▶ gesture started locale=es-US
06-18 14:39:08.713 12639 12677 I VkSuggestions: decode typedLen=2 candidates=18 locales=1 11,6ms
06-18 14:39:08.723 12639 12677 I VkSuggestions: decode typedLen=0 candidates=18 locales=1 9,7ms
06-18 14:39:08.830 12639 12677 I VkSuggestions: decode typedLen=2 candidates=18 locales=1 11,5ms
06-18 14:39:08.838 12639 12677 I VkSuggestions: decode typedLen=0 candidates=18 locales=1 6,9ms
06-18 14:39:08.942 12639 12677 I VkSuggestions: decode typedLen=3 candidates=18 locales=1 6,2ms
06-18 14:39:08.949 12639 12677 I VkSuggestions: decode typedLen=0 candidates=18 locales=1 6,8ms
06-18 14:39:08.987 12639 12677 I VkSuggestions: decode typedLen=3 candidates=18 locales=1 7,3ms
06-18 14:39:08.998 12639 12677 I VkSuggestions: decode typedLen=0 candidates=18 locales=1 10,5ms
06-18 14:39:09.008 12639 12639 I VkSwipe : ✓ gesture points=31 decodedLen=3 candidates=18 top=UGT 443ms
06-18 14:39:11.346 12639 12639 I VkPanels: ▶ open menu
06-18 14:39:12.495 12639 12639 I VkPanels: ▶ open browser
