06-03 11:43:19.032 19105 19122 E Isolated Web Content: [JavaScript Error: "Cookie “__cheq_tld_1780501399032” has been rejected for invalid domain." {file: "https://www.espn.com/" line: 0}]
06-03 11:43:19.032 19105 19122 E Isolated Web Content: [JavaScript Error: "Cookie “__cheq_tld_1780501399032” has been rejected for invalid domain." {file: "https://www.espn.com/" line: 0}]
06-03 11:43:19.033 19105 19122 E Isolated Web Content: [JavaScript Error: "Cookie “__cheq_tld_1780501399032” has been rejected for invalid domain." {file: "https://www.espn.com/" line: 0}]
06-03 11:43:19.036 16554 16554 W View    : requestLayout() improperly called by helium314.keyboard.latin.panels.BrowserPanelView{d848391 V.E...... ......I. 0,0-1440,2040} during layout: running second layout pass
06-03 11:43:19.039 16554 16554 W View    : requestLayout() improperly called by helium314.keyboard.latin.panels.BrowserPanelView{d848391 V.E...... ........ 0,0-1440,2040} during second layout pass: posting in next frame
06-03 11:43:19.051 19105 19122 E Isolated Web Content: [JavaScript Error: "Cookie “__cheq_tld_1780501399051” has been rejected for invalid domain." {file: "https://www.espn.com/" line: 0}]
06-03 11:43:19.051 19105 19122 E Isolated Web Content: [JavaScript Error: "Cookie “__cheq_tld_1780501399051” has been rejected for invalid domain." {file: "https://www.espn.com/" line: 0}]
06-03 11:43:19.052 16554 16554 W View    : requestLayout() improperly called by helium314.keyboard.latin.panels.BrowserPanelView{d848391 V.E...... ......I. 0,0-1440,2040} during layout: running second layout pass
06-03 11:43:19.055 16554 16554 W View    : requestLayout() improperly called by helium314.keyboard.latin.panels.BrowserPanelView{d848391 V.E...... ........ 0,0-1440,2040} during second layout pass: posting in next frame
06-03 11:43:19.069 16554 16554 W View    : requestLayout() improperly called by helium314.keyboard.latin.panels.BrowserPanelView{d848391 V.E...... ......I. 0,0-1440,2040} during layout: running second layout pass
06-03 11:43:19.073 16554 16554 W View    : requestLayout() improperly called by helium314.keyboard.latin.panels.BrowserPanelView{d848391 V.E...... ........ 0,0-1440,2040} during second layout pass: posting in next frame
06-03 11:43:19.086 16554 16554 W View    : requestLayout() improperly called by helium314.keyboard.latin.panels.BrowserPanelView{d848391 V.E...... ......I. 0,0-1440,2040} during layout: running second layout pass
06-03 11:43:19.089 16554 16554 W View    : requestLayout() improperly called by helium314.keyboard.latin.panels.BrowserPanelView{d848391 V.E...... ........ 0,0-1440,2040} during second layout pass: posting in next frame
06-03 11:43:19.102 19105 19122 W AudioCapabilities: Unsupported mime audio/ffmpeg
06-03 11:43:19.102 19105 19122 W VideoCapabilities: Unsupported mime video/ffmpeg
06-03 11:43:19.102 16554 16554 W View    : requestLayout() improperly called by helium314.keyboard.latin.panels.BrowserPanelView{d848391 V.E...... ......I. 0,0-1440,2040} during layout: running second layout pass
06-03 11:43:19.103 19105 19122 W VideoCapabilities: Unrecognized profile/level 0/3 for video/mpeg2
06-03 11:43:19.103 19105 19122 W VideoCapabilities: Unrecognized profile/level 0/3 for video/mpeg2
06-03 11:43:19.108 16554 16554 W View    : requestLayout() improperly called by helium314.keyboard.latin.panels.BrowserPanelView{d848391 V.E...... ........ 0,0-1440,2040} during second layout pass: posting in next frame
06-03 11:43:19.119 16554 16554 W View    : requestLayout() improperly called by helium314.keyboard.latin.panels.BrowserPanelView{d848391 V.E...... ......ID 0,0-1440,2040} during layout: running second layout pass
06-03 11:43:19.125 16554 16554 W View    : requestLayout() improperly called by helium314.keyboard.latin.panels.BrowserPanelView{d848391 V.E...... ........ 0,0-1440,2040} during second layout pass: posting in next frame
06-03 11:43:19.137 16554 16554 W View    : requestLayout() improperly called by helium314.keyboard.latin.panels.BrowserPanelView{d848391 V.E...... ......I. 0,0-1440,2040} during layout: running second layout pass
06-03 11:43:19.142 16554 16554 W View    : requestLayout() improperly called by helium314.keyboard.latin.panels.BrowserPanelView{d848391 V.E...... ........ 0,0-1440,2040} during second layout pass: posting in next frame
06-03 11:43:19.153 16554 16554 W View    : requestLayout() improperly called by helium314.keyboard.latin.panels.BrowserPanelView{d848391 V.E...... ......I. 0,0-1440,2040} during layout: running second layout pass
06-03 11:43:19.156 16554 16554 W View    : requestLayout() improperly called by helium314.keyboard.latin.panels.BrowserPanelView{d848391 V.E...... ........ 0,0-1440,2040} during second layout pass: posting in next frame
06-03 11:43:19.159 19266 19266 E eyboard:utilit: Unknown bits set in runtime_flags: 0x40000000
06-03 11:43:19.169 16554 16554 W View    : requestLayout() improperly called by helium314.keyboard.latin.panels.BrowserPanelView{d848391 V.E...... ......I. 0,0-1440,2040} during layout: running second layout pass
06-03 11:43:19.172 16554 16554 W View    : requestLayout() improperly called by helium314.keyboard.latin.panels.BrowserPanelView{d848391 V.E...... ........ 0,0-1440,2040} during second layout pass: posting in next frame
06-03 11:43:19.190 16554 16554 W View    : requestLayout() improperly called by helium314.keyboard.latin.panels.BrowserPanelView{d848391 V.E...... ......I. 0,0-1440,2040} during layout: running second layout pass
06-03 11:43:19.194 16554 16554 W View    : requestLayout() improperly called by helium314.keyboard.latin.panels.BrowserPanelView{d848391 V.E...... ........ 0,0-1440,2040} during second layout pass: posting in next frame
06-03 11:43:19.204 16554 16554 W View    : requestLayout() improperly called by helium314.keyboard.latin.panels.BrowserPanelView{d848391 V.E...... ......I. 0,0-1440,2040} during layout: running second layout pass
06-03 11:43:19.211 16554 16554 W View    : requestLayout() improperly called by helium314.keyboard.latin.panels.BrowserPanelView{d848391 V.E...... ........ 0,0-1440,2040} during second layout pass: posting in next frame
06-03 11:43:19.218 19287 19287 E .keyboard:tab3: Unknown bits set in runtime_flags: 0x40000000
06-03 11:43:19.220 16554 16554 W View    : requestLayout() improperly called by helium314.keyboard.latin.panels.BrowserPanelView{d848391 V.E...... ......I. 0,0-1440,2040} during layout: running second layout pass
06-03 11:43:19.223 16554 16554 W View    : requestLayout() improperly called by helium314.keyboard.latin.panels.BrowserPanelView{d848391 V.E...... ........ 0,0-1440,2040} during second layout pass: posting in next frame
06-03 11:43:19.229 19266 19295 E GeckoLibLoad: Load sqlite start
06-03 11:43:19.230 19266 19295 E GeckoLibLoad: Load sqlite done
06-03 11:43:19.230 19266 19295 E GeckoLibLoad: Load nss start
06-03 11:43:19.230 19266 19295 E GeckoLibLoad: Load nss done
06-03 11:43:19.238 16554 16554 W View    : requestLayout() improperly called by helium314.keyboard.latin.panels.BrowserPanelView{d848391 V.E...... ......I. 0,0-1440,2040} during layout: running second layout pass
06-03 11:43:19.242 16554 16554 W View    : requestLayout() improperly called by helium314.keyboard.latin.panels.BrowserPanelView{d848391 V.E...... ........ 0,0-1440,2040} during second layout pass: posting in next frame
06-03 11:43:19.243 19266 19295 E GeckoLibLoad: Loaded libs in 12.363437ms total, 8ms(0ms) user, 0ms(9ms) system, 0(0) faults
06-03 11:43:19.243 19266 19295 W GeckoThread: zerdatime 178242104 - runGecko
06-03 11:43:19.254 16554 16554 W View    : requestLayout() improperly called by helium314.keyboard.latin.panels.BrowserPanelView{d848391 V.E...... ......I. 0,0-1440,2040} during layout: running second layout pass
06-03 11:43:19.257 16554 16554 W View    : requestLayout() improperly called by helium314.keyboard.latin.panels.BrowserPanelView{d848391 V.E...... ........ 0,0-1440,2040} during second layout pass: posting in next frame
06-03 11:43:19.270 16554 16554 W View    : requestLayout() improperly called by helium314.keyboard.latin.panels.BrowserPanelView{d848391 V.E...... ......I. 0,0-1440,2040} during layout: running second layout pass
06-03 11:43:19.262 16554 16554 W com.vibekey.keyboard: type=1400 audit(0.0:81625): avc: denied { nlmsg_readpriv } for comm=536F636B657420546872656164 scontext=u:r:untrusted_app:s0:c69,c271,c512,c768 tcontext=u:r:untrusted_app:s0:c69,c271,c512,c768 tclass=netlink_route_socket permissive=0 bug=b/155595000 app=com.vibekey.keyboard
06-03 11:43:19.274 16554 16554 W View    : requestLayout() improperly called by helium314.keyboard.latin.panels.BrowserPanelView{d848391 V.E...... ........ 0,0-1440,2040} during second layout pass: posting in next frame
06-03 11:43:19.286 16554 16554 W View    : requestLayout() improperly called by helium314.keyboard.latin.panels.BrowserPanelView{d848391 V.E...... ......I. 0,0-1440,2040} during layout: running second layout pass
06-03 11:43:19.286 19287 19317 E GeckoLibLoad: Load sqlite start
06-03 11:43:19.288 19287 19317 E GeckoLibLoad: Load sqlite done
06-03 11:43:19.288 19287 19317 E GeckoLibLoad: Load nss start
06-03 11:43:19.288 19287 19317 E GeckoLibLoad: Load nss done
06-03 11:43:19.289 16554 16554 W View    : requestLayout() improperly called by helium314.keyboard.latin.panels.BrowserPanelView{d848391 V.E...... .......D 0,0-1440,2040} during second layout pass: posting in next frame
06-03 11:43:19.294 19266 19295 W AudioCapabilities: Unsupported mime audio/ffmpeg
06-03 11:43:19.294 19266 19295 W VideoCapabilities: Unsupported mime video/ffmpeg
06-03 11:43:19.295 19266 19295 W VideoCapabilities: Unrecognized profile/level 0/3 for video/mpeg2
06-03 11:43:19.295 19266 19295 W VideoCapabilities: Unrecognized profile/level 0/3 for video/mpeg2
06-03 11:43:19.297 19287 19317 E GeckoLibLoad: Loaded libs in 9.160052ms total, 0ms(0ms) user, 1ms(9ms) system, 0(0) faults
06-03 11:43:19.297 19287 19317 W GeckoThread: zerdatime 178242158 - runGecko
06-03 11:43:19.303 16554 16554 W View    : requestLayout() improperly called by helium314.keyboard.latin.panels.BrowserPanelView{d848391 V.E...... ......ID 0,0-1440,2040} during layout: running second layout pass
06-03 11:43:19.309 16554 16554 W View    : requestLayout() improperly called by helium314.keyboard.latin.panels.BrowserPanelView{d848391 V.E...... ........ 0,0-1440,2040} during second layout pass: posting in next frame
06-03 11:43:19.320 16554 16554 W View    : requestLayout() improperly called by helium314.keyboard.latin.panels.BrowserPanelView{d848391 V.E...... ......I. 0,0-1440,2040} during layout: running second layout pass
06-03 11:43:19.325 16554 16554 W View    : requestLayout() improperly called by helium314.keyboard.latin.panels.BrowserPanelView{d848391 V.E...... ........ 0,0-1440,2040} during second layout pass: posting in next frame
06-03 11:43:19.336 16554 16554 W View    : requestLayout() improperly called by helium314.keyboard.latin.panels.BrowserPanelView{d848391 V.E...... ......I. 0,0-1440,2040} during layout: running second layout pass
06-03 11:43:19.339 16554 16554 W View    : requestLayout() improperly called by helium314.keyboard.latin.panels.BrowserPanelView{d848391 V.E...... ........ 0,0-1440,2040} during second layout pass: posting in next frame
06-03 11:43:19.342 16554 16554 W com.vibekey.keyboard: type=1400 audit(0.0:81626): avc: denied { nlmsg_readpriv } for comm=536F636B657420546872656164 scontext=u:r:untrusted_app:s0:c69,c271,c512,c768 tcontext=u:r:untrusted_app:s0:c69,c271,c512,c768 tclass=netlink_route_socket permissive=0 bug=b/155595000 app=com.vibekey.keyboard
06-03 11:43:19.353 16554 16554 W View    : requestLayout() improperly called by helium314.keyboard.latin.panels.BrowserPanelView{d848391 V.E...... ......I. 0,0-1440,2040} during layout: running second layout pass
06-03 11:43:19.356 16554 16554 W View    : requestLayout() improperly called by helium314.keyboard.latin.panels.BrowserPanelView{d848391 V.E...... ........ 0,0-1440,2040} during second layout pass: posting in next frame
06-03 11:43:19.370 16554 16554 W View    : requestLayout() improperly called by helium314.keyboard.latin.panels.BrowserPanelView{d848391 V.E...... ......I. 0,0-1440,2040} during layout: running second layout pass
06-03 11:43:19.374 16554 16554 W View    : requestLayout() improperly called by helium314.keyboard.latin.panels.BrowserPanelView{d848391 V.E...... ........ 0,0-1440,2040} during second layout pass: posting in next frame
06-03 11:43:19.387 16554 16554 W View    : requestLayout() improperly called by helium314.keyboard.latin.panels.BrowserPanelView{d848391 V.E...... ......I. 0,0-1440,2040} during layout: running second layout pass
06-03 11:43:19.391 16554 16554 W View    : requestLayout() improperly called by helium314.keyboard.latin.panels.BrowserPanelView{d848391 V.E...... ........ 0,0-1440,2040} during second layout pass: posting in next frame
06-03 11:43:19.403 16554 16554 W View    : requestLayout() improperly called by helium314.keyboard.latin.panels.BrowserPanelView{d848391 V.E...... ......I. 0,0-1440,2040} during layout: running second layout pass
06-03 11:43:19.408 16554 16554 W View    : requestLayout() improperly called by helium314.keyboard.latin.panels.BrowserPanelView{d848391 V.E...... ........ 0,0-1440,2040} during second layout pass: posting in next frame
06-03 11:43:19.420 16554 16554 W View    : requestLayout() improperly called by helium314.keyboard.latin.panels.BrowserPanelView{d848391 V.E...... ......I. 0,0-1440,2040} during layout: running second layout pass
06-03 11:43:19.424 16554 16554 W View    : requestLayout() improperly called by helium314.keyboard.latin.panels.BrowserPanelView{d848391 V.E...... ........ 0,0-1440,2040} during second layout pass: posting in next frame
06-03 11:43:19.436 16554 16554 W View    : requestLayout() improperly called by helium314.keyboard.latin.panels.BrowserPanelView{d848391 V.E...... ......I. 0,0-1440,2040} during layout: running second layout pass
06-03 11:43:19.439 16554 16554 W View    : requestLayout() improperly called by helium314.keyboard.latin.panels.BrowserPanelView{d848391 V.E...... ........ 0,0-1440,2040} during second layout pass: posting in next frame
06-03 11:43:19.453 16554 16554 W View    : requestLayout() improperly called by helium314.keyboard.latin.panels.BrowserPanelView{d848391 V.E...... ......I. 0,0-1440,2040} during layout: running second layout pass
06-03 11:43:19.458 16554 16554 W View    : requestLayout() improperly called by helium314.keyboard.latin.panels.BrowserPanelView{d848391 V.E...... ........ 0,0-1440,2040} during second layout pass: posting in next frame
06-03 11:43:19.470 16554 16554 W View    : requestLayout() improperly called by helium314.keyboard.latin.panels.BrowserPanelView{d848391 V.E...... ......I. 0,0-1440,2040} during layout: running second layout pass
06-03 11:43:19.474 16554 16554 W View    : requestLayout() improperly called by helium314.keyboard.latin.panels.BrowserPanelView{d848391 V.E...... ........ 0,0-1440,2040} during second layout pass: posting in next frame
06-03 11:43:19.487 16554 16554 W View    : requestLayout() improperly called by helium314.keyboard.latin.panels.BrowserPanelView{d848391 V.E...... ......I. 0,0-1440,2040} during layout: running second layout pass
06-03 11:43:19.490 16554 16554 W View    : requestLayout() improperly called by helium314.keyboard.latin.panels.BrowserPanelView{d848391 V.E...... ........ 0,0-1440,2040} during second layout pass: posting in next frame
06-03 11:43:19.503 16554 16554 W View    : requestLayout() improperly called by helium314.keyboard.latin.panels.BrowserPanelView{d848391 V.E...... ......I. 0,0-1440,2040} during layout: running second layout pass
06-03 11:43:19.508 16554 16554 W View    : requestLayout() improperly called by helium314.keyboard.latin.panels.BrowserPanelView{d848391 V.E...... ........ 0,0-1440,2040} during second layout pass: posting in next frame
06-03 11:43:19.520 16554 16554 W View    : requestLayout() improperly called by helium314.keyboard.latin.panels.BrowserPanelView{d848391 V.E...... ......I. 0,0-1440,2040} during layout: running second layout pass
06-03 11:43:19.523 16554 16554 W View    : requestLayout() improperly called by helium314.keyboard.latin.panels.BrowserPanelView{d848391 V.E...... ........ 0,0-1440,2040} during second layout pass: posting in next frame
06-03 11:43:19.537 16554 16554 W View    : requestLayout() improperly called by helium314.keyboard.latin.panels.BrowserPanelView{d848391 V.E...... ......I. 0,0-1440,2040} during layout: running second layout pass
06-03 11:43:19.542 16554 16554 W View    : requestLayout() improperly called by helium314.keyboard.latin.panels.BrowserPanelView{d848391 V.E...... ........ 0,0-1440,2040} during second layout pass: posting in next frame
06-03 11:43:19.554 16554 16554 W View    : requestLayout() improperly called by helium314.keyboard.latin.panels.BrowserPanelView{d848391 V.E...... ......I. 0,0-1440,2040} during layout: running second layout pass
06-03 11:43:19.557 16554 16554 W View    : requestLayout() improperly called by helium314.keyboard.latin.panels.BrowserPanelView{d848391 V.E...... ........ 0,0-1440,2040} during second layout pass: posting in next frame
06-03 11:43:19.565 19105 19122 W Isolated Web Content: [JavaScript Warning: "unreachable code after return statement" {file: "https://scripts.webcontentassessor.com/scripts/a9a1cb5df4050499c2afc338399f0708d6c68d7e2a17750d6eca9313f63844cd" line: 1}]
06-03 11:43:19.570 16554 16554 W View    : requestLayout() improperly called by helium314.keyboard.latin.panels.BrowserPanelView{d848391 V.E...... ......I. 0,0-1440,2040} during layout: running second layout pass
06-03 11:43:19.574 16554 16554 W View    : requestLayout() improperly called by helium314.keyboard.latin.panels.BrowserPanelView{d848391 V.E...... ........ 0,0-1440,2040} during second layout pass: posting in next frame
06-03 11:43:19.587 16554 16554 W View    : requestLayout() improperly called by helium314.keyboard.latin.panels.BrowserPanelView{d848391 V.E...... ......I. 0,0-1440,2040} during layout: running second layout pass
06-03 11:43:19.590 16554 16554 W View    : requestLayout() improperly called by helium314.keyboard.latin.panels.BrowserPanelView{d848391 V.E...... ........ 0,0-1440,2040} during second layout pass: posting in next frame
06-03 11:43:19.604 16554 16554 W View    : requestLayout() improperly called by helium314.keyboard.latin.panels.BrowserPanelView{d848391 V.E...... ......I. 0,0-1440,2040} during layout: running second layout pass
06-03 11:43:19.607 16554 16554 W View    : requestLayout() improperly called by helium314.keyboard.latin.panels.BrowserPanelView{d848391 V.E...... ........ 0,0-1440,2040} during second layout pass: posting in next frame
06-03 11:43:19.620 16554 16554 W View    : requestLayout() improperly called by helium314.keyboard.latin.panels.BrowserPanelView{d848391 V.E...... ......I. 0,0-1440,2040} during layout: running second layout pass
06-03 11:43:19.623 16554 16554 W View    : requestLayout() improperly called by helium314.keyboard.latin.panels.BrowserPanelView{d848391 V.E...... ........ 0,0-1440,2040} during second layout pass: posting in next frame
06-03 11:43:19.637 16554 16554 W View    : requestLayout() improperly called by helium314.keyboard.latin.panels.BrowserPanelView{d848391 V.E...... ......I. 0,0-1440,2040} during layout: running second layout pass
06-03 11:43:19.641 16554 16554 W View    : requestLayout() improperly called by helium314.keyboard.latin.panels.BrowserPanelView{d848391 V.E...... ........ 0,0-1440,2040} during second layout pass: posting in next frame
06-03 11:43:19.654 16554 16554 W View    : requestLayout() improperly called by helium314.keyboard.latin.panels.BrowserPanelView{d848391 V.E...... ......I. 0,0-1440,2040} during layout: running second layout pass
06-03 11:43:19.658 16554 16554 W View    : requestLayout() improperly called by helium314.keyboard.latin.panels.BrowserPanelView{d848391 V.E...... ........ 0,0-1440,2040} during second layout pass: posting in next frame
06-03 11:43:19.652 16554 16554 W com.vibekey.keyboard: type=1400 audit(0.0:81627): avc: denied { nlmsg_readpriv } for comm=536F636B657420546872656164 scontext=u:r:untrusted_app:s0:c69,c271,c512,c768 tcontext=u:r:untrusted_app:s0:c69,c271,c512,c768 tclass=netlink_route_socket permissive=0 bug=b/155595000 app=com.vibekey.keyboard
06-03 11:43:19.671 16554 16554 W View    : requestLayout() improperly called by helium314.keyboard.latin.panels.BrowserPanelView{d848391 V.E...... ......I. 0,0-1440,2040} during layout: running second layout pass
06-03 11:43:19.674 16554 16554 W View    : requestLayout() improperly called by helium314.keyboard.latin.panels.BrowserPanelView{d848391 V.E...... ........ 0,0-1440,2040} during second layout pass: posting in next frame
06-03 11:43:19.687 16554 16554 W View    : requestLayout() improperly called by helium314.keyboard.latin.panels.BrowserPanelView{d848391 V.E...... ......I. 0,0-1440,2040} during layout: running second layout pass
06-03 11:43:19.691 16554 16554 W View    : requestLayout() improperly called by helium314.keyboard.latin.panels.BrowserPanelView{d848391 V.E...... ........ 0,0-1440,2040} during second layout pass: posting in next frame
06-03 11:43:19.704 16554 16554 W View    : requestLayout() improperly called by helium314.keyboard.latin.panels.BrowserPanelView{d848391 V.E...... ......I. 0,0-1440,2040} during layout: running second layout pass
06-03 11:43:19.708 16554 16554 W View    : requestLayout() improperly called by helium314.keyboard.latin.panels.BrowserPanelView{d848391 V.E...... ........ 0,0-1440,2040} during second layout pass: posting in next frame
06-03 11:43:19.716 19105 19122 W Isolated Web Content: [JavaScript Warning: "Ignoring unsupported entryTypes: layout-shift." {file: "https://micro.rubiconproject.com/prebid/dynamic/18138.js" line: 10}]
06-03 11:43:19.721 16554 16554 W View    : requestLayout() improperly called by helium314.keyboard.latin.panels.BrowserPanelView{d848391 V.E...... ......I. 0,0-1440,2040} during layout: running second layout pass
06-03 11:43:19.725 16554 16554 W View    : requestLayout() improperly called by helium314.keyboard.latin.panels.BrowserPanelView{d848391 V.E...... ........ 0,0-1440,2040} during second layout pass: posting in next frame
06-03 11:43:19.737 16554 16554 W View    : requestLayout() improperly called by helium314.keyboard.latin.panels.BrowserPanelView{d848391 V.E...... ......I. 0,0-1440,2040} during layout: running second layout pass
06-03 11:43:19.741 16554 16554 W View    : requestLayout() improperly called by helium314.keyboard.latin.panels.BrowserPanelView{d848391 V.E...... ........ 0,0-1440,2040} during second layout pass: posting in next frame
06-03 11:43:19.754 16554 16554 W View    : requestLayout() improperly called by helium314.keyboard.latin.panels.BrowserPanelView{d848391 V.E...... ......I. 0,0-1440,2040} during layout: running second layout pass
06-03 11:43:19.757 16554 16554 W View    : requestLayout() improperly called by helium314.keyboard.latin.panels.BrowserPanelView{d848391 V.E...... ........ 0,0-1440,2040} during second layout pass: posting in next frame
06-03 11:43:19.771 16554 16554 W View    : requestLayout() improperly called by helium314.keyboard.latin.panels.BrowserPanelView{d848391 V.E...... ......I. 0,0-1440,2040} during layout: running second layout pass
06-03 11:43:19.774 16554 16554 W View    : requestLayout() improperly called by helium314.keyboard.latin.panels.BrowserPanelView{d848391 V.E...... ......ID 0,0-1440,2040} during second layout pass: posting in next frame
06-03 11:43:19.788 16554 16554 W View    : requestLayout() improperly called by helium314.keyboard.latin.panels.BrowserPanelView{d848391 V.E...... ......ID 0,0-1440,2040} during layout: running second layout pass
06-03 11:43:19.793 16554 16554 W View    : requestLayout() improperly called by helium314.keyboard.latin.panels.BrowserPanelView{d848391 V.E...... ......ID 0,0-1440,2040} during second layout pass: posting in next frame
06-03 11:43:19.806 16554 16554 W View    : requestLayout() improperly called by helium314.keyboard.latin.panels.BrowserPanelView{d848391 V.E...... ......ID 0,0-1440,2040} during layout: running second layout pass
06-03 11:43:19.811 16554 16554 W View    : requestLayout() improperly called by helium314.keyboard.latin.panels.BrowserPanelView{d848391 V.E...... ........ 0,0-1440,2040} during second layout pass: posting in next frame
06-03 11:43:19.821 16554 16554 W View    : requestLayout() improperly called by helium314.keyboard.latin.panels.BrowserPanelView{d848391 V.E...... ......I. 0,0-1440,2040} during layout: running second layout pass
06-03 11:43:19.826 16554 16554 W View    : requestLayout() improperly called by helium314.keyboard.latin.panels.BrowserPanelView{d848391 V.E...... ........ 0,0-1440,2040} during second layout pass: posting in next frame
06-03 11:43:19.838 16554 16554 W View    : requestLayout() improperly called by helium314.keyboard.latin.panels.BrowserPanelView{d848391 V.E...... ......I. 0,0-1440,2040} during layout: running second layout pass
06-03 11:43:19.843 16554 16554 W View    : requestLayout() improperly called by helium314.keyboard.latin.panels.BrowserPanelView{d848391 V.E...... ........ 0,0-1440,2040} during second layout pass: posting in next frame
06-03 11:43:19.855 16554 16554 W View    : requestLayout() improperly called by helium314.keyboard.latin.panels.BrowserPanelView{d848391 V.E...... ......I. 0,0-1440,2040} during layout: running second layout pass
06-03 11:43:19.858 16554 16554 W View    : requestLayout() improperly called by helium314.keyboard.latin.panels.BrowserPanelView{d848391 V.E...... ........ 0,0-1440,2040} during second layout pass: posting in next frame
06-03 11:43:19.871 16554 16554 W View    : requestLayout() improperly called by helium314.keyboard.latin.panels.BrowserPanelView{d848391 V.E...... ......I. 0,0-1440,2040} during layout: running second layout pass
06-03 11:43:19.874 16554 16554 W View    : requestLayout() improperly called by helium314.keyboard.latin.panels.BrowserPanelView{d848391 V.E...... ........ 0,0-1440,2040} during second layout pass: posting in next frame
06-03 11:43:19.888 16554 16554 W View    : requestLayout() improperly called by helium314.keyboard.latin.panels.BrowserPanelView{d848391 V.E...... ......I. 0,0-1440,2040} during layout: running second layout pass
06-03 11:43:19.891 16554 16554 W View    : requestLayout() improperly called by helium314.keyboard.latin.panels.BrowserPanelView{d848391 V.E...... ........ 0,0-1440,2040} during second layout pass: posting in next frame
06-03 11:43:19.904 16554 16554 W View    : requestLayout() improperly called by helium314.keyboard.latin.panels.BrowserPanelView{d848391 V.E...... ......I. 0,0-1440,2040} during layout: running second layout pass
06-03 11:43:19.910 16554 16554 W View    : requestLayout() improperly called by helium314.keyboard.latin.panels.BrowserPanelView{d848391 V.E...... ........ 0,0-1440,2040} during second layout pass: posting in next frame
06-03 11:43:19.921 16554 16554 W View    : requestLayout() improperly called by helium314.keyboard.latin.panels.BrowserPanelView{d848391 V.E...... ......I. 0,0-1440,2040} during layout: running second layout pass
06-03 11:43:19.925 16554 16554 W View    : requestLayout() improperly called by helium314.keyboard.latin.panels.BrowserPanelView{d848391 V.E...... ........ 0,0-1440,2040} during second layout pass: posting in next frame
06-03 11:43:19.938 16554 16554 W View    : requestLayout() improperly called by helium314.keyboard.latin.panels.BrowserPanelView{d848391 V.E...... ......I. 0,0-1440,2040} during layout: running second layout pass
06-03 11:43:19.943 16554 16554 W View    : requestLayout() improperly called by helium314.keyboard.latin.panels.BrowserPanelView{d848391 V.E...... ........ 0,0-1440,2040} during second layout pass: posting in next frame
06-03 11:43:19.954 16554 16554 W View    : requestLayout() improperly called by helium314.keyboard.latin.panels.BrowserPanelView{d848391 V.E...... ......I. 0,0-1440,2040} during layout: running second layout pass
06-03 11:43:19.958 16554 16554 W View    : requestLayout() improperly called by helium314.keyboard.latin.panels.BrowserPanelView{d848391 V.E...... ........ 0,0-1440,2040} during second layout pass: posting in next frame
06-03 11:43:19.971 16554 16554 W View    : requestLayout() improperly called by helium314.keyboard.latin.panels.BrowserPanelView{d848391 V.E...... ......I. 0,0-1440,2040} during layout: running second layout pass
06-03 11:43:19.974 16554 16554 W View    : requestLayout() improperly called by helium314.keyboard.latin.panels.BrowserPanelView{d848391 V.E...... ........ 0,0-1440,2040} during second layout pass: posting in next frame
06-03 11:43:19.988 16554 16554 W View    : requestLayout() improperly called by helium314.keyboard.latin.panels.BrowserPanelView{d848391 V.E...... ......I. 0,0-1440,2040} during layout: running second layout pass
06-03 11:43:19.991 16554 16554 W View    : requestLayout() improperly called by helium314.keyboard.latin.panels.BrowserPanelView{d848391 V.E...... ........ 0,0-1440,2040} during second layout pass: posting in next frame
06-03 11:43:20.005 16554 16554 W View    : requestLayout() improperly called by helium314.keyboard.latin.panels.BrowserPanelView{d848391 V.E...... ......I. 0,0-1440,2040} during layout: running second layout pass
06-03 11:43:20.008 16554 16554 W View    : requestLayout() improperly called by helium314.keyboard.latin.panels.BrowserPanelView{d848391 V.E...... ........ 0,0-1440,2040} during second layout pass: posting in next frame
06-03 11:43:20.002 16554 16554 W com.vibekey.keyboard: type=1400 audit(0.0:81628): avc: denied { nlmsg_readpriv } for comm=536F636B657420546872656164 scontext=u:r:untrusted_app:s0:c69,c271,c512,c768 tcontext=u:r:untrusted_app:s0:c69,c271,c512,c768 tclass=netlink_route_socket permissive=0 bug=b/155595000 app=com.vibekey.keyboard
06-03 11:43:20.022 16554 16554 W View    : requestLayout() improperly called by helium314.keyboard.latin.panels.BrowserPanelView{d848391 V.E...... ......I. 0,0-1440,2040} during layout: running second layout pass
06-03 11:43:20.025 16554 16554 W View    : requestLayout() improperly called by helium314.keyboard.latin.panels.BrowserPanelView{d848391 V.E...... ........ 0,0-1440,2040} during second layout pass: posting in next frame
06-03 11:43:20.038 16554 16554 W View    : requestLayout() improperly called by helium314.keyboard.latin.panels.BrowserPanelView{d848391 V.E...... ......I. 0,0-1440,2040} during layout: running second layout pass
06-03 11:43:20.042 16554 16554 W View    : requestLayout() improperly called by helium314.keyboard.latin.panels.BrowserPanelView{d848391 V.E...... ........ 0,0-1440,2040} during second layout pass: posting in next frame
06-03 11:43:20.055 16554 16554 W View    : requestLayout() improperly called by helium314.keyboard.latin.panels.BrowserPanelView{d848391 V.E...... ......I. 0,0-1440,2040} during layout: running second layout pass
06-03 11:43:20.057 16554 16554 W View    : requestLayout() improperly called by helium314.keyboard.latin.panels.BrowserPanelView{d848391 V.E...... ........ 0,0-1440,2040} during second layout pass: posting in next frame
06-03 11:43:20.072 16554 16554 W View    : requestLayout() improperly called by helium314.keyboard.latin.panels.BrowserPanelView{d848391 V.E...... ......I. 0,0-1440,2040} during layout: running second layout pass
06-03 11:43:20.074 16554 16554 W View    : requestLayout() improperly called by helium314.keyboard.latin.panels.BrowserPanelView{d848391 V.E...... ........ 0,0-1440,2040} during second layout pass: posting in next frame
06-03 11:43:20.088 16554 16554 W View    : requestLayout() improperly called by helium314.keyboard.latin.panels.BrowserPanelView{d848391 V.E...... ......I. 0,0-1440,2040} during layout: running second layout pass
06-03 11:43:20.093 16554 16554 W View    : requestLayout() improperly called by helium314.keyboard.latin.panels.BrowserPanelView{d848391 V.E...... ........ 0,0-1440,2040} during second layout pass: posting in next frame
06-03 11:43:20.105 16554 16554 W View    : requestLayout() improperly called by helium314.keyboard.latin.panels.BrowserPanelView{d848391 V.E...... ......I. 0,0-1440,2040} during layout: running second layout pass
06-03 11:43:20.110 16554 16554 W View    : requestLayout() improperly called by helium314.keyboard.latin.panels.BrowserPanelView{d848391 V.E...... ........ 0,0-1440,2040} during second layout pass: posting in next frame
06-03 11:43:20.122 16554 16554 W View    : requestLayout() improperly called by helium314.keyboard.latin.panels.BrowserPanelView{d848391 V.E...... ......I. 0,0-1440,2040} during layout: running second layout pass
06-03 11:43:20.126 16554 16554 W View    : requestLayout() improperly called by helium314.keyboard.latin.panels.BrowserPanelView{d848391 V.E...... ........ 0,0-1440,2040} during second layout pass: posting in next frame
06-03 11:43:20.139 16554 16554 W View    : requestLayout() improperly called by helium314.keyboard.latin.panels.BrowserPanelView{d848391 V.E...... ......I. 0,0-1440,2040} during layout: running second layout pass
06-03 11:43:20.142 16554 16554 W View    : requestLayout() improperly called by helium314.keyboard.latin.panels.BrowserPanelView{d848391 V.E...... ........ 0,0-1440,2040} during second layout pass: posting in next frame
06-03 11:43:20.156 16554 16554 W View    : requestLayout() improperly called by helium314.keyboard.latin.panels.BrowserPanelView{d848391 V.E...... ......I. 0,0-1440,2040} during layout: running second layout pass
06-03 11:43:20.161 16554 16554 W View    : requestLayout() improperly called by helium314.keyboard.latin.panels.BrowserPanelView{d848391 V.E...... ........ 0,0-1440,2040} during second layout pass: posting in next frame
06-03 11:43:20.172 16554 16554 W View    : requestLayout() improperly called by helium314.keyboard.latin.panels.BrowserPanelView{d848391 V.E...... ......I. 0,0-1440,2040} during layout: running second layout pass
06-03 11:43:20.175 16554 16554 W View    : requestLayout() improperly called by helium314.keyboard.latin.panels.BrowserPanelView{d848391 V.E...... ........ 0,0-1440,2040} during second layout pass: posting in next frame
06-03 11:43:20.189 16554 16554 W View    : requestLayout() improperly called by helium314.keyboard.latin.panels.BrowserPanelView{d848391 V.E...... ......I. 0,0-1440,2040} during layout: running second layout pass
06-03 11:43:20.192 16554 16554 W View    : requestLayout() improperly called by helium314.keyboard.latin.panels.BrowserPanelView{d848391 V.E...... ........ 0,0-1440,2040} during second layout pass: posting in next frame
06-03 11:43:20.205 16554 16554 W View    : requestLayout() improperly called by helium314.keyboard.latin.panels.BrowserPanelView{d848391 V.E...... ......I. 0,0-1440,2040} during layout: running second layout pass
06-03 11:43:20.208 16554 16554 W View    : requestLayout() improperly called by helium314.keyboard.latin.panels.BrowserPanelView{d848391 V.E...... ........ 0,0-1440,2040} during second layout pass: posting in next frame
06-03 11:43:20.222 16554 16554 W View    : requestLayout() improperly called by helium314.keyboard.latin.panels.BrowserPanelView{d848391 V.E...... ......I. 0,0-1440,2040} during layout: running second layout pass
06-03 11:43:20.225 16554 16554 W View    : requestLayout() improperly called by helium314.keyboard.latin.panels.BrowserPanelView{d848391 V.E...... ........ 0,0-1440,2040} during second layout pass: posting in next frame
06-03 11:43:20.238 16554 16554 W View    : requestLayout() improperly called by helium314.keyboard.latin.panels.BrowserPanelView{d848391 V.E...... ......I. 0,0-1440,2040} during layout: running second layout pass
06-03 11:43:20.242 16554 16554 W View    : requestLayout() improperly called by helium314.keyboard.latin.panels.BrowserPanelView{d848391 V.E...... ........ 0,0-1440,2040} during second layout pass: posting in next frame
06-03 11:43:20.255 16554 16554 W View    : requestLayout() improperly called by helium314.keyboard.latin.panels.BrowserPanelView{d848391 V.E...... ......I. 0,0-1440,2040} during layout: running second layout pass
06-03 11:43:20.259 16554 16554 W View    : requestLayout() improperly called by helium314.keyboard.latin.panels.BrowserPanelView{d848391 V.E...... ........ 0,0-1440,2040} during second layout pass: posting in next frame
06-03 11:43:20.272 16554 16554 W View    : requestLayout() improperly called by helium314.keyboard.latin.panels.BrowserPanelView{d848391 V.E...... ......I. 0,0-1440,2040} during layout: running second layout pass
06-03 11:43:20.274 16554 16554 W View    : requestLayout() improperly called by helium314.keyboard.latin.panels.BrowserPanelView{d848391 V.E...... ........ 0,0-1440,2040} during second layout pass: posting in next frame
06-03 11:43:20.288 16554 16554 W View    : requestLayout() improperly called by helium314.keyboard.latin.panels.BrowserPanelView{d848391 V.E...... ......I. 0,0-1440,2040} during layout: running second layout pass
06-03 11:43:20.292 16554 16554 W View    : requestLayout() improperly called by helium314.keyboard.latin.panels.BrowserPanelView{d848391 V.E...... ........ 0,0-1440,2040} during second layout pass: posting in next frame
06-03 11:43:20.306 16554 16554 W View    : requestLayout() improperly called by helium314.keyboard.latin.panels.BrowserPanelView{d848391 V.E...... ......I. 0,0-1440,2040} during layout: running second layout pass
06-03 11:43:20.311 16554 16554 W View    : requestLayout() improperly called by helium314.keyboard.latin.panels.BrowserPanelView{d848391 V.E...... ........ 0,0-1440,2040} during second layout pass: posting in next frame
06-03 11:43:20.322 16554 16554 W View    : requestLayout() improperly called by helium314.keyboard.latin.panels.BrowserPanelView{d848391 V.E...... ......I. 0,0-1440,2040} during layout: running second layout pass
06-03 11:43:20.327 16554 16554 W View    : requestLayout() improperly called by helium314.keyboard.latin.panels.BrowserPanelView{d848391 V.E...... ........ 0,0-1440,2040} during second layout pass: posting in next frame
06-03 11:43:20.339 16554 16554 W View    : requestLayout() improperly called by helium314.keyboard.latin.panels.BrowserPanelView{d848391 V.E...... ......I. 0,0-1440,2040} during layout: running second layout pass
06-03 11:43:20.342 16554 16554 W View    : requestLayout() improperly called by helium314.keyboard.latin.panels.BrowserPanelView{d848391 V.E...... ........ 0,0-1440,2040} during second layout pass: posting in next frame
06-03 11:43:20.356 16554 16554 W View    : requestLayout() improperly called by helium314.keyboard.latin.panels.BrowserPanelView{d848391 V.E...... ......I. 0,0-1440,2040} during layout: running second layout pass
06-03 11:43:20.359 16554 16554 W View    : requestLayout() improperly called by helium314.keyboard.latin.panels.BrowserPanelView{d848391 V.E...... ........ 0,0-1440,2040} during second layout pass: posting in next frame
06-03 11:43:20.372 16554 16554 W View    : requestLayout() improperly called by helium314.keyboard.latin.panels.BrowserPanelView{d848391 V.E...... ......I. 0,0-1440,2040} during layout: running second layout pass
06-03 11:43:20.375 16554 16554 W View    : requestLayout() improperly called by helium314.keyboard.latin.panels.BrowserPanelView{d848391 V.E...... ........ 0,0-1440,2040} during second layout pass: posting in next frame
06-03 11:43:20.389 16554 16554 W View    : requestLayout() improperly called by helium314.keyboard.latin.panels.BrowserPanelView{d848391 V.E...... ......I. 0,0-1440,2040} during layout: running second layout pass
06-03 11:43:20.393 16554 16554 W View    : requestLayout() improperly called by helium314.keyboard.latin.panels.BrowserPanelView{d848391 V.E...... ........ 0,0-1440,2040} during second layout pass: posting in next frame
06-03 11:43:20.406 16554 16554 W View    : requestLayout() improperly called by helium314.keyboard.latin.panels.BrowserPanelView{d848391 V.E...... ......I. 0,0-1440,2040} during layout: running second layout pass
06-03 11:43:20.409 16554 16554 W View    : requestLayout() improperly called by helium314.keyboard.latin.panels.BrowserPanelView{d848391 V.E...... ........ 0,0-1440,2040} during second layout pass: posting in next frame
06-03 11:43:20.423 16554 16554 W View    : requestLayout() improperly called by helium314.keyboard.latin.panels.BrowserPanelView{d848391 V.E...... ......I. 0,0-1440,2040} during layout: running second layout pass
06-03 11:43:20.427 16554 16554 W View    : requestLayout() improperly called by helium314.keyboard.latin.panels.BrowserPanelView{d848391 V.E...... ........ 0,0-1440,2040} during second layout pass: posting in next frame
06-03 11:43:20.440 16554 16554 W View    : requestLayout() improperly called by helium314.keyboard.latin.panels.BrowserPanelView{d848391 V.E...... ......I. 0,0-1440,2040} during layout: running second layout pass
06-03 11:43:20.445 16554 16554 W View    : requestLayout() improperly called by helium314.keyboard.latin.panels.BrowserPanelView{d848391 V.E...... ........ 0,0-1440,2040} during second layout pass: posting in next frame
06-03 11:43:20.457 16554 16554 W View    : requestLayout() improperly called by helium314.keyboard.latin.panels.BrowserPanelView{d848391 V.E...... ......I. 0,0-1440,2040} during layout: running second layout pass
06-03 11:43:20.462 16554 16554 W View    : requestLayout() improperly called by helium314.keyboard.latin.panels.BrowserPanelView{d848391 V.E...... ........ 0,0-1440,2040} during second layout pass: posting in next frame
06-03 11:43:20.473 16554 16554 W View    : requestLayout() improperly called by helium314.keyboard.latin.panels.BrowserPanelView{d848391 V.E...... ......I. 0,0-1440,2040} during layout: running second layout pass
06-03 11:43:20.478 16554 16554 W View    : requestLayout() improperly called by helium314.keyboard.latin.panels.BrowserPanelView{d848391 V.E...... ........ 0,0-1440,2040} during second layout pass: posting in next frame
06-03 11:43:20.490 16554 16554 W View    : requestLayout() improperly called by helium314.keyboard.latin.panels.BrowserPanelView{d848391 V.E...... ......I. 0,0-1440,2040} during layout: running second layout pass
06-03 11:43:20.493 16554 16554 W View    : requestLayout() improperly called by helium314.keyboard.latin.panels.BrowserPanelView{d848391 V.E...... ........ 0,0-1440,2040} during second layout pass: posting in next frame
06-03 11:43:20.506 16554 16554 W View    : requestLayout() improperly called by helium314.keyboard.latin.panels.BrowserPanelView{d848391 V.E...... ......I. 0,0-1440,2040} during layout: running second layout pass
06-03 11:43:20.509 16554 16554 W View    : requestLayout() improperly called by helium314.keyboard.latin.panels.BrowserPanelView{d848391 V.E...... ........ 0,0-1440,2040} during second layout pass: posting in next frame
06-03 11:43:20.524 16554 16554 W View    : requestLayout() improperly called by helium314.keyboard.latin.panels.BrowserPanelView{d848391 V.E...... ......I. 0,0-1440,2040} during layout: running second layout pass
06-03 11:43:20.528 16554 16554 W View    : requestLayout() improperly called by helium314.keyboard.latin.panels.BrowserPanelView{d848391 V.E...... ........ 0,0-1440,2040} during second layout pass: posting in next frame
06-03 11:43:20.540 16554 16554 W View    : requestLayout() improperly called by helium314.keyboard.latin.panels.BrowserPanelView{d848391 V.E...... ......I. 0,0-1440,2040} during layout: running second layout pass
06-03 11:43:20.544 16554 16554 W View    : requestLayout() improperly called by helium314.keyboard.latin.panels.BrowserPanelView{d848391 V.E...... ........ 0,0-1440,2040} during second layout pass: posting in next frame
06-03 11:43:20.556 16554 16554 W View    : requestLayout() improperly called by helium314.keyboard.latin.panels.BrowserPanelView{d848391 V.E...... ......I. 0,0-1440,2040} during layout: running second layout pass
06-03 11:43:20.560 16554 16554 W View    : requestLayout() improperly called by helium314.keyboard.latin.panels.BrowserPanelView{d848391 V.E...... ........ 0,0-1440,2040} during second layout pass: posting in next frame
06-03 11:43:20.573 16554 16554 W View    : requestLayout() improperly called by helium314.keyboard.latin.panels.BrowserPanelView{d848391 V.E...... ......I. 0,0-1440,2040} during layout: running second layout pass
06-03 11:43:20.578 16554 16554 W View    : requestLayout() improperly called by helium314.keyboard.latin.panels.BrowserPanelView{d848391 V.E...... ........ 0,0-1440,2040} during second layout pass: posting in next frame
06-03 11:43:20.590 16554 16554 W View    : requestLayout() improperly called by helium314.keyboard.latin.panels.BrowserPanelView{d848391 V.E...... ......I. 0,0-1440,2040} during layout: running second layout pass
06-03 11:43:20.594 16554 16554 W View    : requestLayout() improperly called by helium314.keyboard.latin.panels.BrowserPanelView{d848391 V.E...... ........ 0,0-1440,2040} during second layout pass: posting in next frame
06-03 11:43:20.607 16554 16554 W View    : requestLayout() improperly called by helium314.keyboard.latin.panels.BrowserPanelView{d848391 V.E...... ......I. 0,0-1440,2040} during layout: running second layout pass
06-03 11:43:20.610 16554 16554 W View    : requestLayout() improperly called by helium314.keyboard.latin.panels.BrowserPanelView{d848391 V.E...... ........ 0,0-1440,2040} during second layout pass: posting in next frame
06-03 11:43:20.623 16554 16554 W View    : requestLayout() improperly called by helium314.keyboard.latin.panels.BrowserPanelView{d848391 V.E...... ......I. 0,0-1440,2040} during layout: running second layout pass
06-03 11:43:20.627 16554 16554 W View    : requestLayout() improperly called by helium314.keyboard.latin.panels.BrowserPanelView{d848391 V.E...... ........ 0,0-1440,2040} during second layout pass: posting in next frame
06-03 11:43:20.640 16554 16554 W View    : requestLayout() improperly called by helium314.keyboard.latin.panels.BrowserPanelView{d848391 V.E...... ......I. 0,0-1440,2040} during layout: running second layout pass
06-03 11:43:20.644 16554 16554 W View    : requestLayout() improperly called by helium314.keyboard.latin.panels.BrowserPanelView{d848391 V.E...... ........ 0,0-1440,2040} during second layout pass: posting in next frame
06-03 11:43:20.657 16554 16554 W View    : requestLayout() improperly called by helium314.keyboard.latin.panels.BrowserPanelView{d848391 V.E...... ......I. 0,0-1440,2040} during layout: running second layout pass
06-03 11:43:20.662 16554 16554 W View    : requestLayout() improperly called by helium314.keyboard.latin.panels.BrowserPanelView{d848391 V.E...... ........ 0,0-1440,2040} during second layout pass: posting in next frame
06-03 11:43:20.673 16554 16554 W View    : requestLayout() improperly called by helium314.keyboard.latin.panels.BrowserPanelView{d848391 V.E...... ......I. 0,0-1440,2040} during layout: running second layout pass
06-03 11:43:20.676 16554 16554 W View    : requestLayout() improperly called by helium314.keyboard.latin.panels.BrowserPanelView{d848391 V.E...... ........ 0,0-1440,2040} during second layout pass: posting in next frame
06-03 11:43:20.690 16554 16554 W View    : requestLayout() improperly called by helium314.keyboard.latin.panels.BrowserPanelView{d848391 V.E...... ......I. 0,0-1440,2040} during layout: running second layout pass
06-03 11:43:20.695 16554 16554 W View    : requestLayout() improperly called by helium314.keyboard.latin.panels.BrowserPanelView{d848391 V.E...... ........ 0,0-1440,2040} during second layout pass: posting in next frame
06-03 11:43:20.706 16554 16554 W View    : requestLayout() improperly called by helium314.keyboard.latin.panels.BrowserPanelView{d848391 V.E...... ......I. 0,0-1440,2040} during layout: running second layout pass
06-03 11:43:20.709 16554 16554 W View    : requestLayout() improperly called by helium314.keyboard.latin.panels.BrowserPanelView{d848391 V.E...... ........ 0,0-1440,2040} during second layout pass: posting in next frame
06-03 11:43:20.723 16554 16554 W View    : requestLayout() improperly called by helium314.keyboard.latin.panels.BrowserPanelView{d848391 V.E...... ......I. 0,0-1440,2040} during layout: running second layout pass
06-03 11:43:20.726 16554 16554 W View    : requestLayout() improperly called by helium314.keyboard.latin.panels.BrowserPanelView{d848391 V.E...... ........ 0,0-1440,2040} during second layout pass: posting in next frame
06-03 11:43:20.740 16554 16554 W View    : requestLayout() improperly called by helium314.keyboard.latin.panels.BrowserPanelView{d848391 V.E...... ......I. 0,0-1440,2040} during layout: running second layout pass
06-03 11:43:20.743 16554 16554 W View    : requestLayout() improperly called by helium314.keyboard.latin.panels.BrowserPanelView{d848391 V.E...... ........ 0,0-1440,2040} during second layout pass: posting in next frame
06-03 11:43:20.757 16554 16554 W View    : requestLayout() improperly called by helium314.keyboard.latin.panels.BrowserPanelView{d848391 V.E...... ......I. 0,0-1440,2040} during layout: running second layout pass
06-03 11:43:20.760 16554 16554 W View    : requestLayout() improperly called by helium314.keyboard.latin.panels.BrowserPanelView{d848391 V.E...... ........ 0,0-1440,2040} during second layout pass: posting in next frame
06-03 11:43:20.773 16554 16554 W View    : requestLayout() improperly called by helium314.keyboard.latin.panels.BrowserPanelView{d848391 V.E...... ......I. 0,0-1440,2040} during layout: running second layout pass
