06-04 11:44:23.262 32704 32704 W View    : requestLayout() improperly called by helium314.keyboard.latin.panels.BrowserPanelView{fed1016 V.E...... ......I. 0,0-1440,2040} during layout: running second layout pass
06-04 11:44:23.266 32704 32704 W View    : requestLayout() improperly called by helium314.keyboard.latin.panels.BrowserPanelView{fed1016 V.E...... ........ 0,0-1440,2040} during second layout pass: posting in next frame
06-04 11:44:23.280 32704 32704 W View    : requestLayout() improperly called by helium314.keyboard.latin.panels.BrowserPanelView{fed1016 V.E...... ......I. 0,0-1440,2040} during layout: running second layout pass
06-04 11:44:23.283 32704 32704 W View    : requestLayout() improperly called by helium314.keyboard.latin.panels.BrowserPanelView{fed1016 V.E...... ........ 0,0-1440,2040} during second layout pass: posting in next frame
06-04 11:44:23.298 32704 32704 W View    : requestLayout() improperly called by helium314.keyboard.latin.panels.BrowserPanelView{fed1016 V.E...... ......I. 0,0-1440,2040} during layout: running second layout pass
06-04 11:44:23.302 32704 32704 W View    : requestLayout() improperly called by helium314.keyboard.latin.panels.BrowserPanelView{fed1016 V.E...... ........ 0,0-1440,2040} during second layout pass: posting in next frame
06-04 11:44:23.314 32704 32704 W View    : requestLayout() improperly called by helium314.keyboard.latin.panels.BrowserPanelView{fed1016 V.E...... ......I. 0,0-1440,2040} during layout: running second layout pass
06-04 11:44:23.318 32704 32704 W View    : requestLayout() improperly called by helium314.keyboard.latin.panels.BrowserPanelView{fed1016 V.E...... ........ 0,0-1440,2040} during second layout pass: posting in next frame
06-04 11:44:23.329 32704 32704 W View    : requestLayout() improperly called by helium314.keyboard.latin.panels.BrowserPanelView{fed1016 V.E...... ......I. 0,0-1440,2040} during layout: running second layout pass
06-04 11:44:23.336 32704 32704 W View    : requestLayout() improperly called by helium314.keyboard.latin.panels.BrowserPanelView{fed1016 V.E...... ........ 0,0-1440,2040} during second layout pass: posting in next frame
06-04 11:44:23.346 32704 32704 W View    : requestLayout() improperly called by helium314.keyboard.latin.panels.BrowserPanelView{fed1016 V.E...... ......I. 0,0-1440,2040} during layout: running second layout pass
06-04 11:44:23.358 32704 32704 W View    : requestLayout() improperly called by helium314.keyboard.latin.panels.BrowserPanelView{fed1016 V.E...... ........ 0,0-1440,2040} during second layout pass: posting in next frame
06-04 11:44:23.363 32704 32704 W View    : requestLayout() improperly called by helium314.keyboard.latin.panels.BrowserPanelView{fed1016 V.E...... ......I. 0,0-1440,2040} during layout: running second layout pass
06-04 11:44:23.368 32704 32704 W View    : requestLayout() improperly called by helium314.keyboard.latin.panels.BrowserPanelView{fed1016 V.E...... ........ 0,0-1440,2040} during second layout pass: posting in next frame
06-04 11:44:23.380 32704 32704 W View    : requestLayout() improperly called by helium314.keyboard.latin.panels.BrowserPanelView{fed1016 V.E...... ......I. 0,0-1440,2040} during layout: running second layout pass
06-04 11:44:23.388 32704 32704 W View    : requestLayout() improperly called by helium314.keyboard.latin.panels.BrowserPanelView{fed1016 V.E...... ........ 0,0-1440,2040} during second layout pass: posting in next frame
06-04 11:44:23.397 32704 32704 W View    : requestLayout() improperly called by helium314.keyboard.latin.panels.BrowserPanelView{fed1016 V.E...... ......I. 0,0-1440,2040} during layout: running second layout pass
06-04 11:44:23.405 32704 32704 W View    : requestLayout() improperly called by helium314.keyboard.latin.panels.BrowserPanelView{fed1016 V.E...... ........ 0,0-1440,2040} during second layout pass: posting in next frame
06-04 11:44:23.414 32704 32704 W View    : requestLayout() improperly called by helium314.keyboard.latin.panels.BrowserPanelView{fed1016 V.E...... ......I. 0,0-1440,2040} during layout: running second layout pass
06-04 11:44:23.419 32704 32704 W View    : requestLayout() improperly called by helium314.keyboard.latin.panels.BrowserPanelView{fed1016 V.E...... ........ 0,0-1440,2040} during second layout pass: posting in next frame
06-04 11:44:23.431 32704 32704 W View    : requestLayout() improperly called by helium314.keyboard.latin.panels.BrowserPanelView{fed1016 V.E...... ......I. 0,0-1440,2040} during layout: running second layout pass
06-04 11:44:23.434 32704 32704 W View    : requestLayout() improperly called by helium314.keyboard.latin.panels.BrowserPanelView{fed1016 V.E...... ........ 0,0-1440,2040} during second layout pass: posting in next frame
06-04 11:44:23.447 32704 32704 W View    : requestLayout() improperly called by helium314.keyboard.latin.panels.BrowserPanelView{fed1016 V.E...... ......I. 0,0-1440,2040} during layout: running second layout pass
06-04 11:44:23.450 32704 32704 W View    : requestLayout() improperly called by helium314.keyboard.latin.panels.BrowserPanelView{fed1016 V.E...... ........ 0,0-1440,2040} during second layout pass: posting in next frame
06-04 11:44:23.463 32704 32704 W View    : requestLayout() improperly called by helium314.keyboard.latin.panels.BrowserPanelView{fed1016 V.E...... ......I. 0,0-1440,2040} during layout: running second layout pass
06-04 11:44:23.467 32704 32704 W View    : requestLayout() improperly called by helium314.keyboard.latin.panels.BrowserPanelView{fed1016 V.E...... ........ 0,0-1440,2040} during second layout pass: posting in next frame
06-04 11:44:23.480 32704 32704 W View    : requestLayout() improperly called by helium314.keyboard.latin.panels.BrowserPanelView{fed1016 V.E...... ......I. 0,0-1440,2040} during layout: running second layout pass
06-04 11:44:23.484 32704 32704 W View    : requestLayout() improperly called by helium314.keyboard.latin.panels.BrowserPanelView{fed1016 V.E...... ........ 0,0-1440,2040} during second layout pass: posting in next frame
06-04 11:44:23.497 32704 32704 W View    : requestLayout() improperly called by helium314.keyboard.latin.panels.BrowserPanelView{fed1016 V.E...... ......I. 0,0-1440,2040} during layout: running second layout pass
06-04 11:44:23.500 32704 32704 W View    : requestLayout() improperly called by helium314.keyboard.latin.panels.BrowserPanelView{fed1016 V.E...... ........ 0,0-1440,2040} during second layout pass: posting in next frame
06-04 11:44:23.515 32704 32704 W View    : requestLayout() improperly called by helium314.keyboard.latin.panels.BrowserPanelView{fed1016 V.E...... ......I. 0,0-1440,2040} during layout: running second layout pass
06-04 11:44:23.519 32704 32704 W View    : requestLayout() improperly called by helium314.keyboard.latin.panels.BrowserPanelView{fed1016 V.E...... ........ 0,0-1440,2040} during second layout pass: posting in next frame
06-04 11:44:23.530 32704 32704 W View    : requestLayout() improperly called by helium314.keyboard.latin.panels.BrowserPanelView{fed1016 V.E...... ......I. 0,0-1440,2040} during layout: running second layout pass
06-04 11:44:23.534 32704 32704 W View    : requestLayout() improperly called by helium314.keyboard.latin.panels.BrowserPanelView{fed1016 V.E...... ........ 0,0-1440,2040} during second layout pass: posting in next frame
06-04 11:44:23.547 32704 32704 W View    : requestLayout() improperly called by helium314.keyboard.latin.panels.BrowserPanelView{fed1016 V.E...... ......I. 0,0-1440,2040} during layout: running second layout pass
06-04 11:44:23.552 32704 32704 W View    : requestLayout() improperly called by helium314.keyboard.latin.panels.BrowserPanelView{fed1016 V.E...... ........ 0,0-1440,2040} during second layout pass: posting in next frame
06-04 11:44:23.564 32704 32704 W View    : requestLayout() improperly called by helium314.keyboard.latin.panels.BrowserPanelView{fed1016 V.E...... ......I. 0,0-1440,2040} during layout: running second layout pass
06-04 11:44:23.570 32704 32704 W View    : requestLayout() improperly called by helium314.keyboard.latin.panels.BrowserPanelView{fed1016 V.E...... ........ 0,0-1440,2040} during second layout pass: posting in next frame
06-04 11:44:23.583 32704 32704 W View    : requestLayout() improperly called by helium314.keyboard.latin.panels.BrowserPanelView{fed1016 V.E...... ......I. 0,0-1440,2040} during layout: running second layout pass
06-04 11:44:23.590 32704 32704 W View    : requestLayout() improperly called by helium314.keyboard.latin.panels.BrowserPanelView{fed1016 V.E...... ........ 0,0-1440,2040} during second layout pass: posting in next frame
06-04 11:44:23.599 32704 32704 W View    : requestLayout() improperly called by helium314.keyboard.latin.panels.BrowserPanelView{fed1016 V.E...... ......I. 0,0-1440,2040} during layout: running second layout pass
06-04 11:44:23.603 32704 32704 W View    : requestLayout() improperly called by helium314.keyboard.latin.panels.BrowserPanelView{fed1016 V.E...... ........ 0,0-1440,2040} during second layout pass: posting in next frame
06-04 11:44:23.614 32704 32704 W View    : requestLayout() improperly called by helium314.keyboard.latin.panels.BrowserPanelView{fed1016 V.E...... ......I. 0,0-1440,2040} during layout: running second layout pass
06-04 11:44:23.617 32704 32704 W View    : requestLayout() improperly called by helium314.keyboard.latin.panels.BrowserPanelView{fed1016 V.E...... ........ 0,0-1440,2040} during second layout pass: posting in next frame
06-04 11:44:23.631 32704 32704 W View    : requestLayout() improperly called by helium314.keyboard.latin.panels.BrowserPanelView{fed1016 V.E...... ......I. 0,0-1440,2040} during layout: running second layout pass
06-04 11:44:23.636 32704 32704 W View    : requestLayout() improperly called by helium314.keyboard.latin.panels.BrowserPanelView{fed1016 V.E...... ........ 0,0-1440,2040} during second layout pass: posting in next frame
06-04 11:44:23.648 32704 32704 W View    : requestLayout() improperly called by helium314.keyboard.latin.panels.BrowserPanelView{fed1016 V.E...... ......I. 0,0-1440,2040} during layout: running second layout pass
06-04 11:44:23.653 32704 32704 W View    : requestLayout() improperly called by helium314.keyboard.latin.panels.BrowserPanelView{fed1016 V.E...... ........ 0,0-1440,2040} during second layout pass: posting in next frame
06-04 11:44:23.646 32704 32704 W com.vibekey.keyboard: type=1400 audit(0.0:113173): avc: denied { nlmsg_readpriv } for comm=536F636B657420546872656164 scontext=u:r:untrusted_app:s0:c82,c271,c512,c768 tcontext=u:r:untrusted_app:s0:c82,c271,c512,c768 tclass=netlink_route_socket permissive=0 bug=b/155595000 app=com.vibekey.keyboard
06-04 11:44:23.667 32704 32704 W View    : requestLayout() improperly called by helium314.keyboard.latin.panels.BrowserPanelView{fed1016 V.E...... ......ID 0,0-1440,2040} during layout: running second layout pass
06-04 11:44:23.672 32704 32704 W View    : requestLayout() improperly called by helium314.keyboard.latin.panels.BrowserPanelView{fed1016 V.E...... ........ 0,0-1440,2040} during second layout pass: posting in next frame
06-04 11:44:23.681 32704 32704 W View    : requestLayout() improperly called by helium314.keyboard.latin.panels.BrowserPanelView{fed1016 V.E...... ......I. 0,0-1440,2040} during layout: running second layout pass
06-04 11:44:23.689 32704 32704 W View    : requestLayout() improperly called by helium314.keyboard.latin.panels.BrowserPanelView{fed1016 V.E...... ........ 0,0-1440,2040} during second layout pass: posting in next frame
06-04 11:44:23.699 32704 32704 W View    : requestLayout() improperly called by helium314.keyboard.latin.panels.BrowserPanelView{fed1016 V.E...... ......I. 0,0-1440,2040} during layout: running second layout pass
06-04 11:44:23.701  2442  2442 E .keyboard:tab2: Unknown bits set in runtime_flags: 0x40000000
06-04 11:44:23.704 32704 32704 W View    : requestLayout() improperly called by helium314.keyboard.latin.panels.BrowserPanelView{fed1016 V.E...... ........ 0,0-1440,2040} during second layout pass: posting in next frame
06-04 11:44:23.715 32704 32704 W View    : requestLayout() improperly called by helium314.keyboard.latin.panels.BrowserPanelView{fed1016 V.E...... ......I. 0,0-1440,2040} during layout: running second layout pass
06-04 11:44:23.719 32704 32704 W View    : requestLayout() improperly called by helium314.keyboard.latin.panels.BrowserPanelView{fed1016 V.E...... ........ 0,0-1440,2040} during second layout pass: posting in next frame
06-04 11:44:23.724 32704 32704 W GeckoEventDispatcher: No listener for GeckoView:DismissClipboardPermissionRequest
06-04 11:44:23.732 32704 32704 W View    : requestLayout() improperly called by helium314.keyboard.latin.panels.BrowserPanelView{fed1016 V.E...... ......ID 0,0-1440,2040} during layout: running second layout pass
06-04 11:44:23.738 32704 32704 W View    : requestLayout() improperly called by helium314.keyboard.latin.panels.BrowserPanelView{fed1016 V.E...... .......D 0,0-1440,2040} during second layout pass: posting in next frame
06-04 11:44:23.751 32704 32704 W View    : requestLayout() improperly called by helium314.keyboard.latin.panels.BrowserPanelView{fed1016 V.E...... ......ID 0,0-1440,2040} during layout: running second layout pass
06-04 11:44:23.756 32704 32704 W View    : requestLayout() improperly called by helium314.keyboard.latin.panels.BrowserPanelView{fed1016 V.E...... ........ 0,0-1440,2040} during second layout pass: posting in next frame
06-04 11:44:23.766 32704 32704 W View    : requestLayout() improperly called by helium314.keyboard.latin.panels.BrowserPanelView{fed1016 V.E...... ......I. 0,0-1440,2040} during layout: running second layout pass
06-04 11:44:23.769 32704 32704 W View    : requestLayout() improperly called by helium314.keyboard.latin.panels.BrowserPanelView{fed1016 V.E...... ........ 0,0-1440,2040} during second layout pass: posting in next frame
06-04 11:44:23.774  2442  2515 E GeckoLibLoad: Load sqlite start
06-04 11:44:23.775  2442  2515 E GeckoLibLoad: Load sqlite done
06-04 11:44:23.775  2442  2515 E GeckoLibLoad: Load nss start
06-04 11:44:23.775  2442  2515 E GeckoLibLoad: Load nss done
06-04 11:44:23.783 32704 32704 W View    : requestLayout() improperly called by helium314.keyboard.latin.panels.BrowserPanelView{fed1016 V.E...... ......I. 0,0-1440,2040} during layout: running second layout pass
06-04 11:44:23.787 32704 32704 W View    : requestLayout() improperly called by helium314.keyboard.latin.panels.BrowserPanelView{fed1016 V.E...... ........ 0,0-1440,2040} during second layout pass: posting in next frame
06-04 11:44:23.789  2442  2515 E GeckoLibLoad: Loaded libs in 13.443229ms total, 0ms(0ms) user, 10ms(9ms) system, 0(0) faults
06-04 11:44:23.789  2442  2515 W GeckoThread: zerdatime 264706650 - runGecko
06-04 11:44:23.805 32704 32704 W View    : requestLayout() improperly called by helium314.keyboard.latin.panels.BrowserPanelView{fed1016 V.E...... ......I. 0,0-1440,2040} during layout: running second layout pass
06-04 11:44:23.809 32704 32704 W View    : requestLayout() improperly called by helium314.keyboard.latin.panels.BrowserPanelView{fed1016 V.E...... .......D 0,0-1440,2040} during second layout pass: posting in next frame
06-04 11:44:23.817 32704 32704 W View    : requestLayout() improperly called by helium314.keyboard.latin.panels.BrowserPanelView{fed1016 V.E...... ......ID 0,0-1440,2040} during layout: running second layout pass
06-04 11:44:23.820 32704 32704 W View    : requestLayout() improperly called by helium314.keyboard.latin.panels.BrowserPanelView{fed1016 V.E...... ........ 0,0-1440,2040} during second layout pass: posting in next frame
06-04 11:44:23.833 32704 32704 W View    : requestLayout() improperly called by helium314.keyboard.latin.panels.BrowserPanelView{fed1016 V.E...... ......I. 0,0-1440,2040} during layout: running second layout pass
06-04 11:44:23.836 32704 32704 W View    : requestLayout() improperly called by helium314.keyboard.latin.panels.BrowserPanelView{fed1016 V.E...... ........ 0,0-1440,2040} during second layout pass: posting in next frame
06-04 11:44:23.850 32704 32704 W View    : requestLayout() improperly called by helium314.keyboard.latin.panels.BrowserPanelView{fed1016 V.E...... ......I. 0,0-1440,2040} during layout: running second layout pass
06-04 11:44:23.854 32704 32704 W View    : requestLayout() improperly called by helium314.keyboard.latin.panels.BrowserPanelView{fed1016 V.E...... ........ 0,0-1440,2040} during second layout pass: posting in next frame
06-04 11:44:23.866 32704 32704 W View    : requestLayout() improperly called by helium314.keyboard.latin.panels.BrowserPanelView{fed1016 V.E...... ......I. 0,0-1440,2040} during layout: running second layout pass
06-04 11:44:23.870 32704 32704 W View    : requestLayout() improperly called by helium314.keyboard.latin.panels.BrowserPanelView{fed1016 V.E...... ........ 0,0-1440,2040} during second layout pass: posting in next frame
06-04 11:44:23.882 32704 32704 W View    : requestLayout() improperly called by helium314.keyboard.latin.panels.BrowserPanelView{fed1016 V.E...... ......I. 0,0-1440,2040} during layout: running second layout pass
06-04 11:44:23.886 32704 32704 W View    : requestLayout() improperly called by helium314.keyboard.latin.panels.BrowserPanelView{fed1016 V.E...... ........ 0,0-1440,2040} during second layout pass: posting in next frame
06-04 11:44:23.898 32704 32704 W View    : requestLayout() improperly called by helium314.keyboard.latin.panels.BrowserPanelView{fed1016 V.E...... ......I. 0,0-1440,2040} during layout: running second layout pass
06-04 11:44:23.902 32704 32704 W View    : requestLayout() improperly called by helium314.keyboard.latin.panels.BrowserPanelView{fed1016 V.E...... .......D 0,0-1440,2040} during second layout pass: posting in next frame
06-04 11:44:23.906  1104  1121 W Isolated Web Content: [JavaScript Warning: "This site appears to use a scroll-linked positioning effect. This may not work well with asynchronous panning; see https://firefox-source-docs.mozilla.org/performance/scroll-linked_effects.html for further details and to join the discussion on related tools and features!" {file: "https://www.cnn.com/" line: 0}]
06-04 11:44:23.916 32704 32704 W View    : requestLayout() improperly called by helium314.keyboard.latin.panels.BrowserPanelView{fed1016 V.E...... ......ID 0,0-1440,2040} during layout: running second layout pass
06-04 11:44:23.921 32704 32704 W View    : requestLayout() improperly called by helium314.keyboard.latin.panels.BrowserPanelView{fed1016 V.E...... ........ 0,0-1440,2040} during second layout pass: posting in next frame
06-04 11:44:23.932 32704 32704 W View    : requestLayout() improperly called by helium314.keyboard.latin.panels.BrowserPanelView{fed1016 V.E...... ......I. 0,0-1440,2040} during layout: running second layout pass
06-04 11:44:23.937 32704 32704 W View    : requestLayout() improperly called by helium314.keyboard.latin.panels.BrowserPanelView{fed1016 V.E...... ........ 0,0-1440,2040} during second layout pass: posting in next frame
06-04 11:44:23.949 32704 32704 W View    : requestLayout() improperly called by helium314.keyboard.latin.panels.BrowserPanelView{fed1016 V.E...... ......I. 0,0-1440,2040} during layout: running second layout pass
06-04 11:44:23.956 32704 32704 W View    : requestLayout() improperly called by helium314.keyboard.latin.panels.BrowserPanelView{fed1016 V.E...... ........ 0,0-1440,2040} during second layout pass: posting in next frame
06-04 11:44:23.966 32704 32704 W View    : requestLayout() improperly called by helium314.keyboard.latin.panels.BrowserPanelView{fed1016 V.E...... ......I. 0,0-1440,2040} during layout: running second layout pass
06-04 11:44:23.971 32704 32704 W View    : requestLayout() improperly called by helium314.keyboard.latin.panels.BrowserPanelView{fed1016 V.E...... ........ 0,0-1440,2040} during second layout pass: posting in next frame
06-04 11:44:23.972  2594  2594 E .keyboard:tab3: Unknown bits set in runtime_flags: 0x40000000
06-04 11:44:23.981 32704 32704 W View    : requestLayout() improperly called by helium314.keyboard.latin.panels.BrowserPanelView{fed1016 V.E...... ......I. 0,0-1440,2040} during layout: running second layout pass
06-04 11:44:23.983  2607  2607 E .keyboard:tab2: Unknown bits set in runtime_flags: 0x40000000
06-04 11:44:23.986 32704 32704 W View    : requestLayout() improperly called by helium314.keyboard.latin.panels.BrowserPanelView{fed1016 V.E...... ........ 0,0-1440,2040} during second layout pass: posting in next frame
06-04 11:44:23.986 32704 32704 W com.vibekey.keyboard: type=1400 audit(0.0:113176): avc: denied { nlmsg_readpriv } for comm=536F636B657420546872656164 scontext=u:r:untrusted_app:s0:c82,c271,c512,c768 tcontext=u:r:untrusted_app:s0:c82,c271,c512,c768 tclass=netlink_route_socket permissive=0 bug=b/155595000 app=com.vibekey.keyboard
06-04 11:44:23.996  1104  1121 W Isolated Web Content: [JavaScript Warning: "An unbalanced tree was written using document.write() causing data from the network to be reparsed. More information: https://developer.mozilla.org/en-US/docs/Glossary/speculative_parsing" {file: "about:srcdoc" line: 1}]
06-04 11:44:24.000 32704 32704 W View    : requestLayout() improperly called by helium314.keyboard.latin.panels.BrowserPanelView{fed1016 V.E...... ......I. 0,0-1440,2040} during layout: running second layout pass
06-04 11:44:23.996 32704 32704 W com.vibekey.keyboard: type=1400 audit(0.0:113177): avc: denied { nlmsg_readpriv } for comm=536F636B657420546872656164 scontext=u:r:untrusted_app:s0:c82,c271,c512,c768 tcontext=u:r:untrusted_app:s0:c82,c271,c512,c768 tclass=netlink_route_socket permissive=0 bug=b/155595000 app=com.vibekey.keyboard
06-04 11:44:24.007 32704 32704 W View    : requestLayout() improperly called by helium314.keyboard.latin.panels.BrowserPanelView{fed1016 V.E...... ........ 0,0-1440,2040} during second layout pass: posting in next frame
06-04 11:44:24.015 32704 32704 W View    : requestLayout() improperly called by helium314.keyboard.latin.panels.BrowserPanelView{fed1016 V.E...... ......ID 0,0-1440,2040} during layout: running second layout pass
06-04 11:44:24.019 32704 32704 W View    : requestLayout() improperly called by helium314.keyboard.latin.panels.BrowserPanelView{fed1016 V.E...... ........ 0,0-1440,2040} during second layout pass: posting in next frame
06-04 11:44:24.033 32704 32704 W View    : requestLayout() improperly called by helium314.keyboard.latin.panels.BrowserPanelView{fed1016 V.E...... ......I. 0,0-1440,2040} during layout: running second layout pass
06-04 11:44:24.040  1104  1121 W Isolated Web Content: [JavaScript Warning: "An unbalanced tree was written using document.write() causing data from the network to be reparsed. More information: https://developer.mozilla.org/en-US/docs/Glossary/speculative_parsing" {file: "about:srcdoc" line: 1}]
06-04 11:44:24.042 32704 32704 W View    : requestLayout() improperly called by helium314.keyboard.latin.panels.BrowserPanelView{fed1016 V.E...... ........ 0,0-1440,2040} during second layout pass: posting in next frame
06-04 11:44:24.049 32704 32704 W View    : requestLayout() improperly called by helium314.keyboard.latin.panels.BrowserPanelView{fed1016 V.E...... ......I. 0,0-1440,2040} during layout: running second layout pass
06-04 11:44:24.056 32704 32704 W View    : requestLayout() improperly called by helium314.keyboard.latin.panels.BrowserPanelView{fed1016 V.E...... ........ 0,0-1440,2040} during second layout pass: posting in next frame
06-04 11:44:24.061  2594  2668 E GeckoLibLoad: Load sqlite start
06-04 11:44:24.062  2594  2668 E GeckoLibLoad: Load sqlite done
06-04 11:44:24.062  2594  2668 E GeckoLibLoad: Load nss start
06-04 11:44:24.062  2594  2668 E GeckoLibLoad: Load nss done
06-04 11:44:24.064  2607  2671 E GeckoLibLoad: Load sqlite start
06-04 11:44:24.065  2607  2671 E GeckoLibLoad: Load sqlite done
06-04 11:44:24.065  2607  2671 E GeckoLibLoad: Load nss start
06-04 11:44:24.065  2607  2671 E GeckoLibLoad: Load nss done
06-04 11:44:24.067 32704 32704 W View    : requestLayout() improperly called by helium314.keyboard.latin.panels.BrowserPanelView{fed1016 V.E...... ......I. 0,0-1440,2040} during layout: running second layout pass
06-04 11:44:24.072 32704 32704 W View    : requestLayout() improperly called by helium314.keyboard.latin.panels.BrowserPanelView{fed1016 V.E...... ........ 0,0-1440,2040} during second layout pass: posting in next frame
06-04 11:44:24.081 32704 32704 W View    : requestLayout() improperly called by helium314.keyboard.latin.panels.BrowserPanelView{fed1016 V.E...... ......I. 0,0-1440,2040} during layout: running second layout pass
06-04 11:44:24.082  2594  2668 E GeckoLibLoad: Loaded libs in 19.137605ms total, 10ms(6ms) user, 0ms(4ms) system, 0(0) faults
06-04 11:44:24.082  2594  2668 W GeckoThread: zerdatime 264706943 - runGecko
06-04 11:44:24.086 32704 32704 W View    : requestLayout() improperly called by helium314.keyboard.latin.panels.BrowserPanelView{fed1016 V.E...... ........ 0,0-1440,2040} during second layout pass: posting in next frame
06-04 11:44:24.095  2607  2671 E GeckoLibLoad: Loaded libs in 29.864948ms total, 8ms(7ms) user, 6ms(7ms) system, 0(0) faults
06-04 11:44:24.096  2607  2671 W GeckoThread: zerdatime 264706957 - runGecko
06-04 11:44:24.099 32704 32704 W View    : requestLayout() improperly called by helium314.keyboard.latin.panels.BrowserPanelView{fed1016 V.E...... ......I. 0,0-1440,2040} during layout: running second layout pass
06-04 11:44:24.110 32704 32704 W View    : requestLayout() improperly called by helium314.keyboard.latin.panels.BrowserPanelView{fed1016 V.E...... ........ 0,0-1440,2040} during second layout pass: posting in next frame
06-04 11:44:24.117 32704 32704 W View    : requestLayout() improperly called by helium314.keyboard.latin.panels.BrowserPanelView{fed1016 V.E...... ......I. 0,0-1440,2040} during layout: running second layout pass
06-04 11:44:24.121  2690  2690 E .keyboard:tab2: Unknown bits set in runtime_flags: 0x40000000
06-04 11:44:24.122 32704 32704 W View    : requestLayout() improperly called by helium314.keyboard.latin.panels.BrowserPanelView{fed1016 V.E...... ........ 0,0-1440,2040} during second layout pass: posting in next frame
06-04 11:44:24.116 32704 32704 W com.vibekey.keyboard: type=1400 audit(0.0:113178): avc: denied { nlmsg_readpriv } for comm=536F636B657420546872656164 scontext=u:r:untrusted_app:s0:c82,c271,c512,c768 tcontext=u:r:untrusted_app:s0:c82,c271,c512,c768 tclass=netlink_route_socket permissive=0 bug=b/155595000 app=com.vibekey.keyboard
06-04 11:44:24.133 32704 32704 W View    : requestLayout() improperly called by helium314.keyboard.latin.panels.BrowserPanelView{fed1016 V.E...... ......I. 0,0-1440,2040} during layout: running second layout pass
06-04 11:44:24.138 32704 32704 W View    : requestLayout() improperly called by helium314.keyboard.latin.panels.BrowserPanelView{fed1016 V.E...... ........ 0,0-1440,2040} during second layout pass: posting in next frame
06-04 11:44:24.149 32704 32704 W View    : requestLayout() improperly called by helium314.keyboard.latin.panels.BrowserPanelView{fed1016 V.E...... ......I. 0,0-1440,2040} during layout: running second layout pass
06-04 11:44:24.166 32704 32704 W View    : requestLayout() improperly called by helium314.keyboard.latin.panels.BrowserPanelView{fed1016 V.E...... ........ 0,0-1440,2040} during second layout pass: posting in next frame
06-04 11:44:24.174 32704 32704 W View    : requestLayout() improperly called by helium314.keyboard.latin.panels.BrowserPanelView{fed1016 V.E...... ......I. 0,0-1440,2040} during layout: running second layout pass
06-04 11:44:24.178 32704 32704 W View    : requestLayout() improperly called by helium314.keyboard.latin.panels.BrowserPanelView{fed1016 V.E...... ........ 0,0-1440,2040} during second layout pass: posting in next frame
06-04 11:44:24.182 32704 32704 W View    : requestLayout() improperly called by helium314.keyboard.latin.panels.BrowserPanelView{fed1016 V.E...... ......I. 0,0-1440,2040} during layout: running second layout pass
06-04 11:44:24.194  2816  2816 E .keyboard:tab2: Unknown bits set in runtime_flags: 0x40000000
06-04 11:44:24.200 32704 32704 W View    : requestLayout() improperly called by helium314.keyboard.latin.panels.BrowserPanelView{fed1016 V.E...... ........ 0,0-1440,2040} during second layout pass: posting in next frame
06-04 11:44:24.203 32704 32704 W View    : requestLayout() improperly called by helium314.keyboard.latin.panels.BrowserPanelView{fed1016 V.E...... ......I. 0,0-1440,2040} during layout: running second layout pass
06-04 11:44:24.205  2690  2826 E GeckoLibLoad: Load sqlite start
06-04 11:44:24.207  2690  2826 E GeckoLibLoad: Load sqlite done
06-04 11:44:24.207  2690  2826 E GeckoLibLoad: Load nss start
06-04 11:44:24.207  2690  2826 E GeckoLibLoad: Load nss done
06-04 11:44:24.216  2594  2668 W Isolated Web Content: [JavaScript Warning: "This page is in Almost Standards Mode. Page layout may be impacted. For Standards Mode use “<!DOCTYPE html>”." {file: "https://eus.rubiconproject.com/usync.html?p=20986&endpoint=us-east" line: 0}]
06-04 11:44:24.217 32704 32704 W View    : requestLayout() improperly called by helium314.keyboard.latin.panels.BrowserPanelView{fed1016 V.E...... ........ 0,0-1440,2040} during second layout pass: posting in next frame
06-04 11:44:24.219 32704 32704 W View    : requestLayout() improperly called by helium314.keyboard.latin.panels.BrowserPanelView{fed1016 V.E...... ......I. 0,0-1440,2040} during layout: running second layout pass
06-04 11:44:24.219  2690  2826 E GeckoLibLoad: Loaded libs in 11.432292ms total, 8ms(10ms) user, 0ms(0ms) system, 0(0) faults
06-04 11:44:24.219  2690  2826 W GeckoThread: zerdatime 264707080 - runGecko
06-04 11:44:24.240 32704 32704 W View    : requestLayout() improperly called by helium314.keyboard.latin.panels.BrowserPanelView{fed1016 V.E...... ........ 0,0-1440,2040} during second layout pass: posting in next frame
06-04 11:44:24.241  2594  2668 W Isolated Web Content: [JavaScript Warning: "The script from “https://eus.rubiconproject.com/usync.js” was loaded even though its MIME type (“text/html”) is not a valid JavaScript MIME type." {file: "https://eus.rubiconproject.com/usync.html?p=20986&endpoint=us-east" line: 0}]
06-04 11:44:24.244 32704 32704 W View    : requestLayout() improperly called by helium314.keyboard.latin.panels.BrowserPanelView{fed1016 V.E...... ......I. 0,0-1440,2040} during layout: running second layout pass
06-04 11:44:24.262 32704 32704 W View    : requestLayout() improperly called by helium314.keyboard.latin.panels.BrowserPanelView{fed1016 V.E...... .......D 0,0-1440,2040} during second layout pass: posting in next frame
06-04 11:44:24.265 32704 32704 W View    : requestLayout() improperly called by helium314.keyboard.latin.panels.BrowserPanelView{fed1016 V.E...... ......ID 0,0-1440,2040} during layout: running second layout pass
06-04 11:44:24.272 32704 32704 W View    : requestLayout() improperly called by helium314.keyboard.latin.panels.BrowserPanelView{fed1016 V.E...... ........ 0,0-1440,2040} during second layout pass: posting in next frame
06-04 11:44:24.282 32704 32704 W View    : requestLayout() improperly called by helium314.keyboard.latin.panels.BrowserPanelView{fed1016 V.E...... ......I. 0,0-1440,2040} during layout: running second layout pass
06-04 11:44:24.287  2816  2871 E GeckoLibLoad: Load sqlite start
06-04 11:44:24.288  2816  2871 E GeckoLibLoad: Load sqlite done
06-04 11:44:24.288  2816  2871 E GeckoLibLoad: Load nss start
06-04 11:44:24.288  2816  2871 E GeckoLibLoad: Load nss done
06-04 11:44:24.291 32704 32704 W View    : requestLayout() improperly called by helium314.keyboard.latin.panels.BrowserPanelView{fed1016 V.E...... ........ 0,0-1440,2040} during second layout pass: posting in next frame
06-04 11:44:24.298  2816  2871 E GeckoLibLoad: Loaded libs in 9.464532ms total, 0ms(0ms) user, 5ms(8ms) system, 0(0) faults
06-04 11:44:24.298  2816  2871 W GeckoThread: zerdatime 264707159 - runGecko
06-04 11:44:24.299  1104  1121 E Isolated Web Content: [JavaScript Error: "Cross-Origin Request Blocked: The Same Origin Policy disallows reading the remote resource at https://tlx.3lift.com/header/auction?lib=prebid&v=10.29.0&referrer=https%3A%2F%2Fwww.cnn.com%2F&tmax=1000. (Reason: CORS request did not succeed). Status code: (null)."]
06-04 11:44:24.299 32704 32704 W View    : requestLayout() improperly called by helium314.keyboard.latin.panels.BrowserPanelView{fed1016 V.E...... ......I. 0,0-1440,2040} during layout: running second layout pass
06-04 11:44:24.309 32704 32704 W View    : requestLayout() improperly called by helium314.keyboard.latin.panels.BrowserPanelView{fed1016 V.E...... ........ 0,0-1440,2040} during second layout pass: posting in next frame
06-04 11:44:24.315 32704 32704 W View    : requestLayout() improperly called by helium314.keyboard.latin.panels.BrowserPanelView{fed1016 V.E...... ......I. 0,0-1440,2040} during layout: running second layout pass
06-04 11:44:24.324 32704 32704 W View    : requestLayout() improperly called by helium314.keyboard.latin.panels.BrowserPanelView{fed1016 V.E...... ........ 0,0-1440,2040} during second layout pass: posting in next frame
06-04 11:44:24.334 32704 32704 W View    : requestLayout() improperly called by helium314.keyboard.latin.panels.BrowserPanelView{fed1016 V.E...... ......I. 0,0-1440,2040} during layout: running second layout pass
06-04 11:44:24.339 32704 32704 W View    : requestLayout() improperly called by helium314.keyboard.latin.panels.BrowserPanelView{fed1016 V.E...... ........ 0,0-1440,2040} during second layout pass: posting in next frame
06-04 11:44:24.348 32704 32704 W View    : requestLayout() improperly called by helium314.keyboard.latin.panels.BrowserPanelView{fed1016 V.E...... ......I. 0,0-1440,2040} during layout: running second layout pass
06-04 11:44:24.378 32704 32704 W View    : requestLayout() improperly called by helium314.keyboard.latin.panels.BrowserPanelView{fed1016 V.E...... ........ 0,0-1440,2040} during second layout pass: posting in next frame
06-04 11:44:24.380 32704 32704 W View    : requestLayout() improperly called by helium314.keyboard.latin.panels.BrowserPanelView{fed1016 V.E...... ......I. 0,0-1440,2040} during layout: running second layout pass
06-04 11:44:24.385 32704 32704 W View    : requestLayout() improperly called by helium314.keyboard.latin.panels.BrowserPanelView{fed1016 V.E...... ........ 0,0-1440,2040} during second layout pass: posting in next frame
06-04 11:44:24.387 32704 32704 W View    : requestLayout() improperly called by helium314.keyboard.latin.panels.BrowserPanelView{fed1016 V.E...... ......I. 0,0-1440,2040} during layout: running second layout pass
06-04 11:44:24.400 32704 32704 W View    : requestLayout() improperly called by helium314.keyboard.latin.panels.BrowserPanelView{fed1016 V.E...... ........ 0,0-1440,2040} during second layout pass: posting in next frame
06-04 11:44:24.402 32704 32704 W View    : requestLayout() improperly called by helium314.keyboard.latin.panels.BrowserPanelView{fed1016 V.E...... ......ID 0,0-1440,2040} during layout: running second layout pass
06-04 11:44:24.404  2607  2671 W Isolated Web Content: [JavaScript Warning: "This page is in Quirks Mode. Page layout may be impacted. For Standards Mode use “<!DOCTYPE html>”." {file: "https://ads.pubmatic.com/AdServer/js/user_sync.html?p=156512" line: 0}]
06-04 11:44:24.417 32704 32704 W View    : requestLayout() improperly called by helium314.keyboard.latin.panels.BrowserPanelView{fed1016 V.E...... ........ 0,0-1440,2040} during second layout pass: posting in next frame
06-04 11:44:24.421 32704 32704 W View    : requestLayout() improperly called by helium314.keyboard.latin.panels.BrowserPanelView{fed1016 V.E...... ......I. 0,0-1440,2040} during layout: running second layout pass
06-04 11:44:24.438 32704 32704 W View    : requestLayout() improperly called by helium314.keyboard.latin.panels.BrowserPanelView{fed1016 V.E...... ........ 0,0-1440,2040} during second layout pass: posting in next frame
06-04 11:44:24.440 32704 32704 W View    : requestLayout() improperly called by helium314.keyboard.latin.panels.BrowserPanelView{fed1016 V.E...... ......I. 0,0-1440,2040} during layout: running second layout pass
06-04 11:44:24.457 32704 32704 W View    : requestLayout() improperly called by helium314.keyboard.latin.panels.BrowserPanelView{fed1016 V.E...... ........ 0,0-1440,2040} during second layout pass: posting in next frame
06-04 11:44:24.460 32704 32704 W View    : requestLayout() improperly called by helium314.keyboard.latin.panels.BrowserPanelView{fed1016 V.E...... ......I. 0,0-1440,2040} during layout: running second layout pass
06-04 11:44:24.473 32704 32704 W View    : requestLayout() improperly called by helium314.keyboard.latin.panels.BrowserPanelView{fed1016 V.E...... ........ 0,0-1440,2040} during second layout pass: posting in next frame
06-04 11:44:24.476 32704 32704 W View    : requestLayout() improperly called by helium314.keyboard.latin.panels.BrowserPanelView{fed1016 V.E...... ......I. 0,0-1440,2040} during layout: running second layout pass
06-04 11:44:24.478  2816  2871 W Isolated Web Content: [JavaScript Warning: "This page is in Quirks Mode. Page layout may be impacted. For Standards Mode use “<!DOCTYPE html>”." {file: "https://ssum-sec.casalemedia.com/usermatch?us_privacy=1---&d=https%3A%2F%2Fwww.cnn.com%2F&s=184674&cb=https%3A%2F%2Fcdn.indexww.com%2Fht%2Fhtw-pixel.gif%3F" line: 0}]
06-04 11:44:24.484 32704 32704 W View    : requestLayout() improperly called by helium314.keyboard.latin.panels.BrowserPanelView{fed1016 V.E...... ........ 0,0-1440,2040} during second layout pass: posting in next frame
06-04 11:44:24.487 32704 32704 W View    : requestLayout() improperly called by helium314.keyboard.latin.panels.BrowserPanelView{fed1016 V.E...... ......ID 0,0-1440,2040} during layout: running second layout pass
06-04 11:44:24.505 32704 32704 W View    : requestLayout() improperly called by helium314.keyboard.latin.panels.BrowserPanelView{fed1016 V.E...... ........ 0,0-1440,2040} during second layout pass: posting in next frame
06-04 11:44:24.506 32704 32704 W View    : requestLayout() improperly called by helium314.keyboard.latin.panels.BrowserPanelView{fed1016 V.E...... ......I. 0,0-1440,2040} during layout: running second layout pass
06-04 11:44:24.516  1104  1121 E Isolated Web Content: [JavaScript Error: "Cookie “_li_dcdm_c” has been rejected for invalid domain." {file: "https://www.cnn.com/" line: 0}]
06-04 11:44:24.518 32704 32704 W View    : requestLayout() improperly called by helium314.keyboard.latin.panels.BrowserPanelView{fed1016 V.E...... ........ 0,0-1440,2040} during second layout pass: posting in next frame
06-04 11:44:24.519 32704 32704 W View    : requestLayout() improperly called by helium314.keyboard.latin.panels.BrowserPanelView{fed1016 V.E...... ......I. 0,0-1440,2040} during layout: running second layout pass
06-04 11:44:24.506 32704 32704 W com.vibekey.keyboard: type=1400 audit(0.0:113179): avc: denied { nlmsg_readpriv } for comm=536F636B657420546872656164 scontext=u:r:untrusted_app:s0:c82,c271,c512,c768 tcontext=u:r:untrusted_app:s0:c82,c271,c512,c768 tclass=netlink_route_socket permissive=0 bug=b/155595000 app=com.vibekey.keyboard
06-04 11:44:24.534 32704 32704 W View    : requestLayout() improperly called by helium314.keyboard.latin.panels.BrowserPanelView{fed1016 V.E...... ........ 0,0-1440,2040} during second layout pass: posting in next frame
06-04 11:44:24.535 32704 32704 W View    : requestLayout() improperly called by helium314.keyboard.latin.panels.BrowserPanelView{fed1016 V.E...... ......I. 0,0-1440,2040} during layout: running second layout pass
06-04 11:44:24.550 32704 32704 W View    : requestLayout() improperly called by helium314.keyboard.latin.panels.BrowserPanelView{fed1016 V.E...... ........ 0,0-1440,2040} during second layout pass: posting in next frame
06-04 11:44:24.552 32704 32704 W View    : requestLayout() improperly called by helium314.keyboard.latin.panels.BrowserPanelView{fed1016 V.E...... ......I. 0,0-1440,2040} during layout: running second layout pass
06-04 11:44:24.574 32704 32704 W View    : requestLayout() improperly called by helium314.keyboard.latin.panels.BrowserPanelView{fed1016 V.E...... ........ 0,0-1440,2040} during second layout pass: posting in next frame
06-04 11:44:24.576 32704 32704 W View    : requestLayout() improperly called by helium314.keyboard.latin.panels.BrowserPanelView{fed1016 V.E...... ......I. 0,0-1440,2040} during layout: running second layout pass
06-04 11:44:24.585 32704 32704 W View    : requestLayout() improperly called by helium314.keyboard.latin.panels.BrowserPanelView{fed1016 V.E...... ........ 0,0-1440,2040} during second layout pass: posting in next frame
06-04 11:44:24.587 32704 32704 W View    : requestLayout() improperly called by helium314.keyboard.latin.panels.BrowserPanelView{fed1016 V.E...... ......I. 0,0-1440,2040} during layout: running second layout pass
06-04 11:44:24.576 32704 32704 W com.vibekey.keyboard: type=1400 audit(0.0:113180): avc: denied { nlmsg_readpriv } for comm=536F636B657420546872656164 scontext=u:r:untrusted_app:s0:c82,c271,c512,c768 tcontext=u:r:untrusted_app:s0:c82,c271,c512,c768 tclass=netlink_route_socket permissive=0 bug=b/155595000 app=com.vibekey.keyboard
06-04 11:44:24.601 32704 32704 W View    : requestLayout() improperly called by helium314.keyboard.latin.panels.BrowserPanelView{fed1016 V.E...... .......D 0,0-1440,2040} during second layout pass: posting in next frame
06-04 11:44:24.602 32704 32704 W View    : requestLayout() improperly called by helium314.keyboard.latin.panels.BrowserPanelView{fed1016 V.E...... ......ID 0,0-1440,2040} during layout: running second layout pass
06-04 11:44:24.617 32704 32704 W View    : requestLayout() improperly called by helium314.keyboard.latin.panels.BrowserPanelView{fed1016 V.E...... ........ 0,0-1440,2040} during second layout pass: posting in next frame
06-04 11:44:24.619 32704 32704 W View    : requestLayout() improperly called by helium314.keyboard.latin.panels.BrowserPanelView{fed1016 V.E...... ......I. 0,0-1440,2040} during layout: running second layout pass
06-04 11:44:24.635 32704 32704 W View    : requestLayout() improperly called by helium314.keyboard.latin.panels.BrowserPanelView{fed1016 V.E...... ........ 0,0-1440,2040} during second layout pass: posting in next frame
06-04 11:44:24.637  3021  3021 E .keyboard:tab1: Unknown bits set in runtime_flags: 0x40000000
06-04 11:44:24.637 32704 32704 W View    : requestLayout() improperly called by helium314.keyboard.latin.panels.BrowserPanelView{fed1016 V.E...... ......I. 0,0-1440,2040} during layout: running second layout pass
06-04 11:44:24.661  3060  3060 E .keyboard:tab3: Unknown bits set in runtime_flags: 0x40000000
06-04 11:44:24.661 32704 32704 W View    : requestLayout() improperly called by helium314.keyboard.latin.panels.BrowserPanelView{fed1016 V.E...... ........ 0,0-1440,2040} during second layout pass: posting in next frame
06-04 11:44:24.663 32704 32704 W View    : requestLayout() improperly called by helium314.keyboard.latin.panels.BrowserPanelView{fed1016 V.E...... ......I. 0,0-1440,2040} during layout: running second layout pass
06-04 11:44:24.674 32704 32704 W View    : requestLayout() improperly called by helium314.keyboard.latin.panels.BrowserPanelView{fed1016 V.E...... ........ 0,0-1440,2040} during second layout pass: posting in next frame
06-04 11:44:24.676 32704 32704 W View    : requestLayout() improperly called by helium314.keyboard.latin.panels.BrowserPanelView{fed1016 V.E...... ......I. 0,0-1440,2040} during layout: running second layout pass
06-04 11:44:24.685 32704 32704 W View    : requestLayout() improperly called by helium314.keyboard.latin.panels.BrowserPanelView{fed1016 V.E...... ........ 0,0-1440,2040} during second layout pass: posting in next frame
06-04 11:44:24.689 32704 32704 W View    : requestLayout() improperly called by helium314.keyboard.latin.panels.BrowserPanelView{fed1016 V.E...... ......I. 0,0-1440,2040} during layout: running second layout pass
06-04 11:44:24.710 32704 32704 W View    : requestLayout() improperly called by helium314.keyboard.latin.panels.BrowserPanelView{fed1016 V.E...... ........ 0,0-1440,2040} during second layout pass: posting in next frame
06-04 11:44:24.712 32704 32704 W View    : requestLayout() improperly called by helium314.keyboard.latin.panels.BrowserPanelView{fed1016 V.E...... ......I. 0,0-1440,2040} during layout: running second layout pass
06-04 11:44:24.722 32704 32704 W View    : requestLayout() improperly called by helium314.keyboard.latin.panels.BrowserPanelView{fed1016 V.E...... ........ 0,0-1440,2040} during second layout pass: posting in next frame
06-04 11:44:24.723 32704 32704 W View    : requestLayout() improperly called by helium314.keyboard.latin.panels.BrowserPanelView{fed1016 V.E...... ......I. 0,0-1440,2040} during layout: running second layout pass
06-04 11:44:24.735 32704 32704 W View    : requestLayout() improperly called by helium314.keyboard.latin.panels.BrowserPanelView{fed1016 V.E...... ........ 0,0-1440,2040} during second layout pass: posting in next frame
06-04 11:44:24.737 32704 32704 W View    : requestLayout() improperly called by helium314.keyboard.latin.panels.BrowserPanelView{fed1016 V.E...... ......I. 0,0-1440,2040} during layout: running second layout pass
06-04 11:44:24.739  3021  3091 E GeckoLibLoad: Load sqlite start
06-04 11:44:24.740  3021  3091 E GeckoLibLoad: Load sqlite done
06-04 11:44:24.740  3021  3091 E GeckoLibLoad: Load nss start
06-04 11:44:24.740  3021  3091 E GeckoLibLoad: Load nss done
06-04 11:44:24.749  3021  3091 E GeckoLibLoad: Loaded libs in 9.030364ms total, 0ms(0ms) user, 6ms(8ms) system, 0(0) faults
06-04 11:44:24.749  3021  3091 W GeckoThread: zerdatime 264707610 - runGecko
06-04 11:44:24.753 32704 32704 W View    : requestLayout() improperly called by helium314.keyboard.latin.panels.BrowserPanelView{fed1016 V.E...... ........ 0,0-1440,2040} during second layout pass: posting in next frame
06-04 11:44:24.754  3060  3097 E GeckoLibLoad: Load sqlite start
06-04 11:44:24.755  3060  3097 E GeckoLibLoad: Load sqlite done
06-04 11:44:24.755  3060  3097 E GeckoLibLoad: Load nss start
06-04 11:44:24.755  3060  3097 E GeckoLibLoad: Load nss done
06-04 11:44:24.755 32704 32704 W View    : requestLayout() improperly called by helium314.keyboard.latin.panels.BrowserPanelView{fed1016 V.E...... ......I. 0,0-1440,2040} during layout: running second layout pass
06-04 11:44:24.769  3060  3097 E GeckoLibLoad: Loaded libs in 13.671823ms total, 1ms(1ms) user, 6ms(8ms) system, 0(0) faults
06-04 11:44:24.769  3060  3097 W GeckoThread: zerdatime 264707630 - runGecko
06-04 11:44:24.769 32704 32704 W View    : requestLayout() improperly called by helium314.keyboard.latin.panels.BrowserPanelView{fed1016 V.E...... ........ 0,0-1440,2040} during second layout pass: posting in next frame
06-04 11:44:24.771 32704 32704 W View    : requestLayout() improperly called by helium314.keyboard.latin.panels.BrowserPanelView{fed1016 V.E...... ......I. 0,0-1440,2040} during layout: running second layout pass
06-04 11:44:24.796 32704 32704 W View    : requestLayout() improperly called by helium314.keyboard.latin.panels.BrowserPanelView{fed1016 V.E...... ........ 0,0-1440,2040} during second layout pass: posting in next frame
06-04 11:44:24.798 32704 32704 W View    : requestLayout() improperly called by helium314.keyboard.latin.panels.BrowserPanelView{fed1016 V.E...... ......I. 0,0-1440,2040} during layout: running second layout pass
06-04 11:44:24.806 32704 32704 W View    : requestLayout() improperly called by helium314.keyboard.latin.panels.BrowserPanelView{fed1016 V.E...... ........ 0,0-1440,2040} during second layout pass: posting in next frame
06-04 11:44:24.809 32704 32704 W View    : requestLayout() improperly called by helium314.keyboard.latin.panels.BrowserPanelView{fed1016 V.E...... ......I. 0,0-1440,2040} during layout: running second layout pass
06-04 11:44:24.822 32704 32704 W View    : requestLayout() improperly called by helium314.keyboard.latin.panels.BrowserPanelView{fed1016 V.E...... .......D 0,0-1440,2040} during second layout pass: posting in next frame
06-04 11:44:24.824 32704 32704 W View    : requestLayout() improperly called by helium314.keyboard.latin.panels.BrowserPanelView{fed1016 V.E...... ......ID 0,0-1440,2040} during layout: running second layout pass
06-04 11:44:24.842 32704 32704 W View    : requestLayout() improperly called by helium314.keyboard.latin.panels.BrowserPanelView{fed1016 V.E...... ........ 0,0-1440,2040} during second layout pass: posting in next frame
06-04 11:44:24.845 32704 32704 W View    : requestLayout() improperly called by helium314.keyboard.latin.panels.BrowserPanelView{fed1016 V.E...... ......ID 0,0-1440,2040} during layout: running second layout pass
06-04 11:44:24.856 32704 32704 W View    : requestLayout() improperly called by helium314.keyboard.latin.panels.BrowserPanelView{fed1016 V.E...... ........ 0,0-1440,2040} during second layout pass: posting in next frame
06-04 11:44:24.859 32704 32704 W View    : requestLayout() improperly called by helium314.keyboard.latin.panels.BrowserPanelView{fed1016 V.E...... ......ID 0,0-1440,2040} during layout: running second layout pass
06-04 11:44:24.869 32704 32704 W View    : requestLayout() improperly called by helium314.keyboard.latin.panels.BrowserPanelView{fed1016 V.E...... ........ 0,0-1440,2040} during second layout pass: posting in next frame
06-04 11:44:24.870 32704 32704 W View    : requestLayout() improperly called by helium314.keyboard.latin.panels.BrowserPanelView{fed1016 V.E...... ......ID 0,0-1440,2040} during layout: running second layout pass
