06-05 14:39:25.803 13034 13034 W View    : requestLayout() improperly called by helium314.keyboard.latin.panels.BrowserPanelView{78c2709 V.E...... ......I. 0,0-1440,1988} during layout: running second layout pass
06-05 14:39:25.816 13034 13034 W View    : requestLayout() improperly called by helium314.keyboard.latin.panels.BrowserPanelView{78c2709 V.E...... ........ 0,0-1440,1988} during second layout pass: posting in next frame
06-05 14:39:25.819 13034 13034 W View    : requestLayout() improperly called by helium314.keyboard.latin.panels.BrowserPanelView{78c2709 V.E...... ......I. 0,0-1440,1988} during layout: running second layout pass
06-05 14:39:25.833 13034 13034 W View    : requestLayout() improperly called by helium314.keyboard.latin.panels.BrowserPanelView{78c2709 V.E...... ........ 0,0-1440,1988} during second layout pass: posting in next frame
06-05 14:39:25.835 13034 13034 W View    : requestLayout() improperly called by helium314.keyboard.latin.panels.BrowserPanelView{78c2709 V.E...... ......I. 0,0-1440,1988} during layout: running second layout pass
06-05 14:39:25.852 13034 13034 W View    : requestLayout() improperly called by helium314.keyboard.latin.panels.BrowserPanelView{78c2709 V.E...... ........ 0,0-1440,1988} during second layout pass: posting in next frame
06-05 14:39:25.853 13034 13034 W View    : requestLayout() improperly called by helium314.keyboard.latin.panels.BrowserPanelView{78c2709 V.E...... ......I. 0,0-1440,1988} during layout: running second layout pass
06-05 14:39:25.868 13034 13034 W View    : requestLayout() improperly called by helium314.keyboard.latin.panels.BrowserPanelView{78c2709 V.E...... ........ 0,0-1440,1988} during second layout pass: posting in next frame
06-05 14:39:25.870 13034 13034 W View    : requestLayout() improperly called by helium314.keyboard.latin.panels.BrowserPanelView{78c2709 V.E...... ......I. 0,0-1440,1988} during layout: running second layout pass
06-05 14:39:25.882 13034 13034 W View    : requestLayout() improperly called by helium314.keyboard.latin.panels.BrowserPanelView{78c2709 V.E...... ........ 0,0-1440,1988} during second layout pass: posting in next frame
06-05 14:39:25.894 13034 13034 W View    : requestLayout() improperly called by helium314.keyboard.latin.panels.BrowserPanelView{78c2709 V.E...... ......I. 0,0-1440,1988} during layout: running second layout pass
06-05 14:39:25.923 20543 20560 W Isolated Web Content: [JavaScript Warning: "Layout was forced before the page was fully loaded. If stylesheets are not yet loaded this may cause a flash of unstyled content." {file: "https://static.foxnews.com/static/orion/scripts/core/ag.core.js?v=202665193" line: 149}]
06-05 14:39:25.942 13034 13034 W View    : requestLayout() improperly called by helium314.keyboard.latin.panels.BrowserPanelView{78c2709 V.E...... ........ 0,0-1440,1988} during second layout pass: posting in next frame
06-05 14:39:25.948 13034 13034 W View    : requestLayout() improperly called by helium314.keyboard.latin.panels.BrowserPanelView{78c2709 V.E...... ......I. 0,0-1440,1988} during layout: running second layout pass
06-05 14:39:25.982 13034 13034 W View    : requestLayout() improperly called by helium314.keyboard.latin.panels.BrowserPanelView{78c2709 V.E...... ........ 0,0-1440,1988} during second layout pass: posting in next frame
06-05 14:39:25.985 13034 13034 W View    : requestLayout() improperly called by helium314.keyboard.latin.panels.BrowserPanelView{78c2709 V.E...... ......I. 0,0-1440,1988} during layout: running second layout pass
06-05 14:39:26.002 13034 13034 W View    : requestLayout() improperly called by helium314.keyboard.latin.panels.BrowserPanelView{78c2709 V.E...... ........ 0,0-1440,1988} during second layout pass: posting in next frame
06-05 14:39:26.004 13034 13034 W View    : requestLayout() improperly called by helium314.keyboard.latin.panels.BrowserPanelView{78c2709 V.E...... ......I. 0,0-1440,1988} during layout: running second layout pass
06-05 14:39:26.025 13034 13034 W View    : requestLayout() improperly called by helium314.keyboard.latin.panels.BrowserPanelView{78c2709 V.E...... ........ 0,0-1440,1988} during second layout pass: posting in next frame
06-05 14:39:26.026 13034 13034 W View    : requestLayout() improperly called by helium314.keyboard.latin.panels.BrowserPanelView{78c2709 V.E...... ......I. 0,0-1440,1988} during layout: running second layout pass
06-05 14:39:26.040 13034 13034 W View    : requestLayout() improperly called by helium314.keyboard.latin.panels.BrowserPanelView{78c2709 V.E...... ........ 0,0-1440,1988} during second layout pass: posting in next frame
06-05 14:39:26.042 13034 13034 W View    : requestLayout() improperly called by helium314.keyboard.latin.panels.BrowserPanelView{78c2709 V.E...... ......I. 0,0-1440,1988} during layout: running second layout pass
06-05 14:39:26.054 20543 20560 W AudioCapabilities: Unsupported mime audio/ffmpeg
06-05 14:39:26.057 20543 20560 W VideoCapabilities: Unsupported mime video/ffmpeg
06-05 14:39:26.057 13034 13034 W View    : requestLayout() improperly called by helium314.keyboard.latin.panels.BrowserPanelView{78c2709 V.E...... ........ 0,0-1440,1988} during second layout pass: posting in next frame
06-05 14:39:26.057 20543 20560 W VideoCapabilities: Unrecognized profile/level 0/3 for video/mpeg2
06-05 14:39:26.057 20543 20560 W VideoCapabilities: Unrecognized profile/level 0/3 for video/mpeg2
06-05 14:39:26.058 13034 13034 W View    : requestLayout() improperly called by helium314.keyboard.latin.panels.BrowserPanelView{78c2709 V.E...... ......I. 0,0-1440,1988} during layout: running second layout pass
06-05 14:39:26.078 13034 13034 W View    : requestLayout() improperly called by helium314.keyboard.latin.panels.BrowserPanelView{78c2709 V.E...... ........ 0,0-1440,1988} during second layout pass: posting in next frame
06-05 14:39:26.079 13034 13034 W View    : requestLayout() improperly called by helium314.keyboard.latin.panels.BrowserPanelView{78c2709 V.E...... ......I. 0,0-1440,1988} during layout: running second layout pass
06-05 14:39:26.092 13034 13034 W View    : requestLayout() improperly called by helium314.keyboard.latin.panels.BrowserPanelView{78c2709 V.E...... ........ 0,0-1440,1988} during second layout pass: posting in next frame
06-05 14:39:26.093 13034 13034 W View    : requestLayout() improperly called by helium314.keyboard.latin.panels.BrowserPanelView{78c2709 V.E...... ......I. 0,0-1440,1988} during layout: running second layout pass
06-05 14:39:26.108 13034 13034 W View    : requestLayout() improperly called by helium314.keyboard.latin.panels.BrowserPanelView{78c2709 V.E...... ........ 0,0-1440,1988} during second layout pass: posting in next frame
06-05 14:39:26.110 13034 13034 W View    : requestLayout() improperly called by helium314.keyboard.latin.panels.BrowserPanelView{78c2709 V.E...... ......I. 0,0-1440,1988} during layout: running second layout pass
06-05 14:39:26.129 13034 13034 W View    : requestLayout() improperly called by helium314.keyboard.latin.panels.BrowserPanelView{78c2709 V.E...... ........ 0,0-1440,1988} during second layout pass: posting in next frame
06-05 14:39:26.131 13034 13034 W View    : requestLayout() improperly called by helium314.keyboard.latin.panels.BrowserPanelView{78c2709 V.E...... ......I. 0,0-1440,1988} during layout: running second layout pass
06-05 14:39:26.171 13034 13034 W View    : requestLayout() improperly called by helium314.keyboard.latin.panels.BrowserPanelView{78c2709 V.E...... ........ 0,0-1440,1988} during second layout pass: posting in next frame
06-05 14:39:26.173 13034 13034 W View    : requestLayout() improperly called by helium314.keyboard.latin.panels.BrowserPanelView{78c2709 V.E...... ......I. 0,0-1440,1988} during layout: running second layout pass
06-05 14:39:26.195 13034 13034 W View    : requestLayout() improperly called by helium314.keyboard.latin.panels.BrowserPanelView{78c2709 V.E...... ........ 0,0-1440,1988} during second layout pass: posting in next frame
06-05 14:39:26.197 13034 13034 W View    : requestLayout() improperly called by helium314.keyboard.latin.panels.BrowserPanelView{78c2709 V.E...... ......I. 0,0-1440,1988} during layout: running second layout pass
06-05 14:39:26.225 13034 13034 W View    : requestLayout() improperly called by helium314.keyboard.latin.panels.BrowserPanelView{78c2709 V.E...... ........ 0,0-1440,1988} during second layout pass: posting in next frame
06-05 14:39:26.259 13034 13034 W View    : requestLayout() improperly called by helium314.keyboard.latin.panels.BrowserPanelView{78c2709 V.E...... ......I. 0,0-1440,1988} during layout: running second layout pass
06-05 14:39:26.298 13034 13034 W View    : requestLayout() improperly called by helium314.keyboard.latin.panels.BrowserPanelView{78c2709 V.E...... ........ 0,0-1440,1988} during second layout pass: posting in next frame
06-05 14:39:26.296 13034 13034 W com.vibekey.keyboard: type=1400 audit(0.0:164257): avc: denied { nlmsg_readpriv } for comm=536F636B657420546872656164 scontext=u:r:untrusted_app:s0:c99,c271,c512,c768 tcontext=u:r:untrusted_app:s0:c99,c271,c512,c768 tclass=netlink_route_socket permissive=0 bug=b/155595000 app=com.vibekey.keyboard
06-05 14:39:26.343 13034 13034 W View    : requestLayout() improperly called by helium314.keyboard.latin.panels.BrowserPanelView{78c2709 V.E...... ......I. 0,0-1440,1988} during layout: running second layout pass
06-05 14:39:26.379 13034 13034 W View    : requestLayout() improperly called by helium314.keyboard.latin.panels.BrowserPanelView{78c2709 V.E...... ........ 0,0-1440,1988} during second layout pass: posting in next frame
06-05 14:39:26.382 13034 13034 W View    : requestLayout() improperly called by helium314.keyboard.latin.panels.BrowserPanelView{78c2709 V.E...... ......I. 0,0-1440,1988} during layout: running second layout pass
06-05 14:39:26.428 13034 13034 W View    : requestLayout() improperly called by helium314.keyboard.latin.panels.BrowserPanelView{78c2709 V.E...... ........ 0,0-1440,1988} during second layout pass: posting in next frame
06-05 14:39:26.430 13034 13034 W View    : requestLayout() improperly called by helium314.keyboard.latin.panels.BrowserPanelView{78c2709 V.E...... ......I. 0,0-1440,1988} during layout: running second layout pass
06-05 14:39:26.449 13034 13034 W View    : requestLayout() improperly called by helium314.keyboard.latin.panels.BrowserPanelView{78c2709 V.E...... ........ 0,0-1440,1988} during second layout pass: posting in next frame
06-05 14:39:26.451 13034 13034 W View    : requestLayout() improperly called by helium314.keyboard.latin.panels.BrowserPanelView{78c2709 V.E...... ......I. 0,0-1440,1988} during layout: running second layout pass
06-05 14:39:26.484 13034 13034 W View    : requestLayout() improperly called by helium314.keyboard.latin.panels.BrowserPanelView{78c2709 V.E...... ........ 0,0-1440,1988} during second layout pass: posting in next frame
06-05 14:39:26.487 13034 13034 W View    : requestLayout() improperly called by helium314.keyboard.latin.panels.BrowserPanelView{78c2709 V.E...... ......I. 0,0-1440,1988} during layout: running second layout pass
06-05 14:39:26.508 13034 13034 W View    : requestLayout() improperly called by helium314.keyboard.latin.panels.BrowserPanelView{78c2709 V.E...... ........ 0,0-1440,1988} during second layout pass: posting in next frame
06-05 14:39:26.511 13034 13034 W View    : requestLayout() improperly called by helium314.keyboard.latin.panels.BrowserPanelView{78c2709 V.E...... ......I. 0,0-1440,1988} during layout: running second layout pass
06-05 14:39:26.526 21348 21348 E .keyboard:tab1: Unknown bits set in runtime_flags: 0x40000000
06-05 14:39:26.531 13034 13034 W View    : requestLayout() improperly called by helium314.keyboard.latin.panels.BrowserPanelView{78c2709 V.E...... ........ 0,0-1440,1988} during second layout pass: posting in next frame
06-05 14:39:26.553 13034 13034 W View    : requestLayout() improperly called by helium314.keyboard.latin.panels.BrowserPanelView{78c2709 V.E...... ......I. 0,0-1440,1988} during layout: running second layout pass
06-05 14:39:26.656 13034 13034 W com.vibekey.keyboard: type=1400 audit(0.0:164258): avc: denied { nlmsg_readpriv } for comm=536F636B657420546872656164 scontext=u:r:untrusted_app:s0:c99,c271,c512,c768 tcontext=u:r:untrusted_app:s0:c99,c271,c512,c768 tclass=netlink_route_socket permissive=0 bug=b/155595000 app=com.vibekey.keyboard
06-05 14:39:26.704 13034 13034 W View    : requestLayout() improperly called by helium314.keyboard.latin.panels.BrowserPanelView{78c2709 V.E...... ........ 0,0-1440,1988} during second layout pass: posting in next frame
06-05 14:39:26.708 13034 13034 W View    : requestLayout() improperly called by helium314.keyboard.latin.panels.BrowserPanelView{78c2709 V.E...... ......I. 0,0-1440,1988} during layout: running second layout pass
06-05 14:39:26.718 21348 21375 E GeckoLibLoad: Load sqlite start
06-05 14:39:26.722 21348 21375 E GeckoLibLoad: Load sqlite done
06-05 14:39:26.722 21348 21375 E GeckoLibLoad: Load nss start
06-05 14:39:26.722 21348 21375 E GeckoLibLoad: Load nss done
06-05 14:39:26.754 21348 21375 E GeckoLibLoad: Loaded libs in 31.095417ms total, 11ms(13ms) user, 6ms(4ms) system, 4(4) faults
06-05 14:39:26.754 21348 21375 W GeckoThread: zerdatime 361609615 - runGecko
06-05 14:39:26.716 13034 13034 W com.vibekey.keyboard: type=1400 audit(0.0:164259): avc: denied { nlmsg_readpriv } for comm=536F636B657420546872656164 scontext=u:r:untrusted_app:s0:c99,c271,c512,c768 tcontext=u:r:untrusted_app:s0:c99,c271,c512,c768 tclass=netlink_route_socket permissive=0 bug=b/155595000 app=com.vibekey.keyboard
06-05 14:39:26.778 20543 20560 W Isolated Web Content: [JavaScript Warning: "Unexpected value noise parsing type attribute." {file: "https://static.foxnews.com/static/orion/styles/img/fox-news/pages/games/game-hub/background/pickle-bg.svg" line: 0}]
06-05 14:39:26.780 20543 20560 W Isolated Web Content: [JavaScript Warning: "Unexpected value noise parsing type attribute." {file: "https://static.foxnews.com/static/orion/styles/img/fox-news/pages/games/game-hub/background/stacked-bg.svg" line: 0}]
06-05 14:39:26.785 20543 20560 W Isolated Web Content: [JavaScript Warning: "Unexpected value noise parsing type attribute." {file: "https://static.foxnews.com/static/orion/styles/img/fox-news/pages/games/game-hub/background/5-across-bg.svg" line: 0}]
06-05 14:39:26.788 20543 20560 W Isolated Web Content: [JavaScript Warning: "Unexpected value noise parsing type attribute." {file: "https://static.foxnews.com/static/orion/styles/img/fox-news/pages/games/game-hub/background/downwords-bg.svg" line: 0}]
06-05 14:39:26.799 13034 13034 W View    : requestLayout() improperly called by helium314.keyboard.latin.panels.BrowserPanelView{78c2709 V.E...... ........ 0,0-1440,1988} during second layout pass: posting in next frame
06-05 14:39:26.802 13034 13034 W View    : requestLayout() improperly called by helium314.keyboard.latin.panels.BrowserPanelView{78c2709 V.E...... ......I. 0,0-1440,1988} during layout: running second layout pass
06-05 14:39:26.824 20543 21383 E .keyboard:tab2: ofbOpen failed with error=No such file or directory
06-05 14:39:26.824 20543 21383 E .keyboard:tab2: sysOpen failed with error=No such file or directory
06-05 14:39:26.855 13034 13034 W View    : requestLayout() improperly called by helium314.keyboard.latin.panels.BrowserPanelView{78c2709 V.E...... ........ 0,0-1440,1988} during second layout pass: posting in next frame
06-05 14:39:26.859 13034 13034 W View    : requestLayout() improperly called by helium314.keyboard.latin.panels.BrowserPanelView{78c2709 V.E...... ......I. 0,0-1440,1988} during layout: running second layout pass
06-05 14:39:26.882 13034 13034 W View    : requestLayout() improperly called by helium314.keyboard.latin.panels.BrowserPanelView{78c2709 V.E...... ........ 0,0-1440,1988} during second layout pass: posting in next frame
06-05 14:39:26.883 13034 13034 W View    : requestLayout() improperly called by helium314.keyboard.latin.panels.BrowserPanelView{78c2709 V.E...... ......I. 0,0-1440,1988} during layout: running second layout pass
06-05 14:39:26.918 13034 13034 W View    : requestLayout() improperly called by helium314.keyboard.latin.panels.BrowserPanelView{78c2709 V.E...... ........ 0,0-1440,1988} during second layout pass: posting in next frame
06-05 14:39:26.923 13034 13034 W View    : requestLayout() improperly called by helium314.keyboard.latin.panels.BrowserPanelView{78c2709 V.E...... ......I. 0,0-1440,1988} during layout: running second layout pass
06-05 14:39:26.952 13034 13034 W View    : requestLayout() improperly called by helium314.keyboard.latin.panels.BrowserPanelView{78c2709 V.E...... ........ 0,0-1440,1988} during second layout pass: posting in next frame
06-05 14:39:26.957 13034 13034 W View    : requestLayout() improperly called by helium314.keyboard.latin.panels.BrowserPanelView{78c2709 V.E...... ......I. 0,0-1440,1988} during layout: running second layout pass
06-05 14:39:26.972 18015 18831 W libc    : Access denied finding property "vendor.oplus.media.vpp.stutter"
06-05 14:39:26.980 18015 18831 E ListServiceUtils: checkInListByUid module:HQV-effect uid:13939 cost 3206us return 0
06-05 14:39:26.980 18015 18831 E MULTIMEDIAConfig: [getInt32:L80] Not find config, Returning default
06-05 14:39:26.980 18015 18831 E MULTIMEDIAConfig: [getInt32:L80] Not find config, Returning default
06-05 14:39:26.980 18015 18831 E OplusACodec: [OplusACodec:204] mSrOsieMMListCheckResult:0x0 mOsieVersion:1
06-05 14:39:26.988 13034 13034 W View    : requestLayout() improperly called by helium314.keyboard.latin.panels.BrowserPanelView{78c2709 V.E...... ........ 0,0-1440,1988} during second layout pass: posting in next frame
06-05 14:39:26.990 13034 13034 W View    : requestLayout() improperly called by helium314.keyboard.latin.panels.BrowserPanelView{78c2709 V.E...... ......I. 0,0-1440,1988} during layout: running second layout pass
06-05 14:39:27.013 13034 13034 W View    : requestLayout() improperly called by helium314.keyboard.latin.panels.BrowserPanelView{78c2709 V.E...... ........ 0,0-1440,1988} during second layout pass: posting in next frame
06-05 14:39:27.015 13034 13034 W View    : requestLayout() improperly called by helium314.keyboard.latin.panels.BrowserPanelView{78c2709 V.E...... ......I. 0,0-1440,1988} during layout: running second layout pass
06-05 14:39:27.033 13034 13034 W View    : requestLayout() improperly called by helium314.keyboard.latin.panels.BrowserPanelView{78c2709 V.E...... ........ 0,0-1440,1988} during second layout pass: posting in next frame
06-05 14:39:27.035 13034 13034 W View    : requestLayout() improperly called by helium314.keyboard.latin.panels.BrowserPanelView{78c2709 V.E...... ......I. 0,0-1440,1988} during layout: running second layout pass
06-05 14:39:27.074 13034 13034 W View    : requestLayout() improperly called by helium314.keyboard.latin.panels.BrowserPanelView{78c2709 V.E...... ........ 0,0-1440,1988} during second layout pass: posting in next frame
06-05 14:39:27.079 13034 13034 W View    : requestLayout() improperly called by helium314.keyboard.latin.panels.BrowserPanelView{78c2709 V.E...... ......I. 0,0-1440,1988} during layout: running second layout pass
06-05 14:39:27.104 13034 13034 W View    : requestLayout() improperly called by helium314.keyboard.latin.panels.BrowserPanelView{78c2709 V.E...... ........ 0,0-1440,1988} during second layout pass: posting in next frame
06-05 14:39:27.106 13034 13034 W View    : requestLayout() improperly called by helium314.keyboard.latin.panels.BrowserPanelView{78c2709 V.E...... ......I. 0,0-1440,1988} during layout: running second layout pass
06-05 14:39:27.129 13034 13034 W View    : requestLayout() improperly called by helium314.keyboard.latin.panels.BrowserPanelView{78c2709 V.E...... ........ 0,0-1440,1988} during second layout pass: posting in next frame
06-05 14:39:27.137 13034 13034 W View    : requestLayout() improperly called by helium314.keyboard.latin.panels.BrowserPanelView{78c2709 V.E...... ......I. 0,0-1440,1988} during layout: running second layout pass
06-05 14:39:27.170 18015 21425 E ListServiceUtils: checkInListByUid pid:18015 procName: cost 3386us return -1
06-05 14:39:27.177 18015 21425 E ListServiceUtils: checkInListByUid module:notify-network-optimize uid:13939 cost 2353us return 0
06-05 14:39:27.178 13034 13034 W View    : requestLayout() improperly called by helium314.keyboard.latin.panels.BrowserPanelView{78c2709 V.E...... ........ 0,0-1440,1988} during second layout pass: posting in next frame
06-05 14:39:27.180 13034 13034 W View    : requestLayout() improperly called by helium314.keyboard.latin.panels.BrowserPanelView{78c2709 V.E...... ......I. 0,0-1440,1988} during layout: running second layout pass
06-05 14:39:27.183 18015 21425 E ListServiceUtils: checkInListByUid module:video-statistics uid:13939 cost 5447us return 0
06-05 14:39:27.184 18015 21425 E OplusACodec: [GetVideoCodingTypeFromMime:L1162] mime:video/avc
06-05 14:39:27.201 13034 13034 W View    : requestLayout() improperly called by helium314.keyboard.latin.panels.BrowserPanelView{78c2709 V.E...... ........ 0,0-1440,1988} during second layout pass: posting in next frame
06-05 14:39:27.203 13034 13034 W View    : requestLayout() improperly called by helium314.keyboard.latin.panels.BrowserPanelView{78c2709 V.E...... ......I. 0,0-1440,1988} during layout: running second layout pass
06-05 14:39:27.256 13034 13034 W View    : requestLayout() improperly called by helium314.keyboard.latin.panels.BrowserPanelView{78c2709 V.E...... ........ 0,0-1440,1988} during second layout pass: posting in next frame
06-05 14:39:27.258 13034 13034 W View    : requestLayout() improperly called by helium314.keyboard.latin.panels.BrowserPanelView{78c2709 V.E...... ......I. 0,0-1440,1988} during layout: running second layout pass
06-05 14:39:27.281 13034 13034 W View    : requestLayout() improperly called by helium314.keyboard.latin.panels.BrowserPanelView{78c2709 V.E...... ........ 0,0-1440,1988} during second layout pass: posting in next frame
06-05 14:39:27.285 13034 13034 W View    : requestLayout() improperly called by helium314.keyboard.latin.panels.BrowserPanelView{78c2709 V.E...... ......I. 0,0-1440,1988} during layout: running second layout pass
06-05 14:39:27.333 13034 13034 W View    : requestLayout() improperly called by helium314.keyboard.latin.panels.BrowserPanelView{78c2709 V.E...... ........ 0,0-1440,1988} during second layout pass: posting in next frame
06-05 14:39:27.337 13034 13034 W View    : requestLayout() improperly called by helium314.keyboard.latin.panels.BrowserPanelView{78c2709 V.E...... ......I. 0,0-1440,1988} during layout: running second layout pass
06-05 14:39:27.388 13034 13034 W View    : requestLayout() improperly called by helium314.keyboard.latin.panels.BrowserPanelView{78c2709 V.E...... ........ 0,0-1440,1988} during second layout pass: posting in next frame
06-05 14:39:27.391 13034 13034 W View    : requestLayout() improperly called by helium314.keyboard.latin.panels.BrowserPanelView{78c2709 V.E...... ......I. 0,0-1440,1988} during layout: running second layout pass
06-05 14:39:27.471 13034 13034 W View    : requestLayout() improperly called by helium314.keyboard.latin.panels.BrowserPanelView{78c2709 V.E...... ........ 0,0-1440,1988} during second layout pass: posting in next frame
06-05 14:39:27.475 13034 13034 W View    : requestLayout() improperly called by helium314.keyboard.latin.panels.BrowserPanelView{78c2709 V.E...... ......I. 0,0-1440,1988} during layout: running second layout pass
06-05 14:39:27.496 18015 18831 W libc    : Access denied finding property "vendor.oplus.media.vpp.stutter"
06-05 14:39:27.499 18015 18831 E ListServiceUtils: checkInListByUid module:HQV-effect uid:13939 cost 1895us return 0
06-05 14:39:27.499 18015 18831 E MULTIMEDIAConfig: [getInt32:L80] Not find config, Returning default
06-05 14:39:27.499 18015 18831 E MULTIMEDIAConfig: [getInt32:L80] Not find config, Returning default
06-05 14:39:27.499 18015 18831 E OplusACodec: [OplusACodec:204] mSrOsieMMListCheckResult:0x0 mOsieVersion:1
06-05 14:39:27.513 13034 13034 W View    : requestLayout() improperly called by helium314.keyboard.latin.panels.BrowserPanelView{78c2709 V.E...... ........ 0,0-1440,1988} during second layout pass: posting in next frame
06-05 14:39:27.514 13034 13034 W View    : requestLayout() improperly called by helium314.keyboard.latin.panels.BrowserPanelView{78c2709 V.E...... ......I. 0,0-1440,1988} during layout: running second layout pass
06-05 14:39:27.545 13034 13034 W View    : requestLayout() improperly called by helium314.keyboard.latin.panels.BrowserPanelView{78c2709 V.E...... ........ 0,0-1440,1988} during second layout pass: posting in next frame
06-05 14:39:27.553 13034 13034 W View    : requestLayout() improperly called by helium314.keyboard.latin.panels.BrowserPanelView{78c2709 V.E...... ......I. 0,0-1440,1988} during layout: running second layout pass
06-05 14:39:27.560 18015 21471 E OplusACodec: [GetVideoCodingTypeFromMime:L1162] mime:video/avc
06-05 14:39:27.611 13034 13034 W View    : requestLayout() improperly called by helium314.keyboard.latin.panels.BrowserPanelView{78c2709 V.E...... ........ 0,0-1440,1988} during second layout pass: posting in next frame
06-05 14:39:27.614 13034 13034 W View    : requestLayout() improperly called by helium314.keyboard.latin.panels.BrowserPanelView{78c2709 V.E...... ......I. 0,0-1440,1988} during layout: running second layout pass
06-05 14:39:27.655 13034 13034 W View    : requestLayout() improperly called by helium314.keyboard.latin.panels.BrowserPanelView{78c2709 V.E...... ........ 0,0-1440,1988} during second layout pass: posting in next frame
06-05 14:39:27.662 13034 13034 W View    : requestLayout() improperly called by helium314.keyboard.latin.panels.BrowserPanelView{78c2709 V.E...... ......I. 0,0-1440,1988} during layout: running second layout pass
06-05 14:39:27.717 13034 13034 W View    : requestLayout() improperly called by helium314.keyboard.latin.panels.BrowserPanelView{78c2709 V.E...... ........ 0,0-1440,1988} during second layout pass: posting in next frame
06-05 14:39:27.719 13034 13034 W View    : requestLayout() improperly called by helium314.keyboard.latin.panels.BrowserPanelView{78c2709 V.E...... ......I. 0,0-1440,1988} during layout: running second layout pass
06-05 14:39:27.758 13034 13034 W View    : requestLayout() improperly called by helium314.keyboard.latin.panels.BrowserPanelView{78c2709 V.E...... ........ 0,0-1440,1988} during second layout pass: posting in next frame
06-05 14:39:27.763 13034 13034 W View    : requestLayout() improperly called by helium314.keyboard.latin.panels.BrowserPanelView{78c2709 V.E...... ......I. 0,0-1440,1988} during layout: running second layout pass
06-05 14:39:27.791 13034 13034 W View    : requestLayout() improperly called by helium314.keyboard.latin.panels.BrowserPanelView{78c2709 V.E...... .......D 0,0-1440,1988} during second layout pass: posting in next frame
06-05 14:39:27.793 13034 13034 W View    : requestLayout() improperly called by helium314.keyboard.latin.panels.BrowserPanelView{78c2709 V.E...... ......ID 0,0-1440,1988} during layout: running second layout pass
06-05 14:39:27.816 13034 13034 W com.vibekey.keyboard: type=1400 audit(0.0:164260): avc: denied { nlmsg_readpriv } for comm=536F636B657420546872656164 scontext=u:r:untrusted_app:s0:c99,c271,c512,c768 tcontext=u:r:untrusted_app:s0:c99,c271,c512,c768 tclass=netlink_route_socket permissive=0 bug=b/155595000 app=com.vibekey.keyboard
06-05 14:39:27.863 13034 13034 W View    : requestLayout() improperly called by helium314.keyboard.latin.panels.BrowserPanelView{78c2709 V.E...... ........ 0,0-1440,1988} during second layout pass: posting in next frame
06-05 14:39:27.870 13034 13034 W View    : requestLayout() improperly called by helium314.keyboard.latin.panels.BrowserPanelView{78c2709 V.E...... ......ID 0,0-1440,1988} during layout: running second layout pass
06-05 14:39:27.896 13034 13034 W com.vibekey.keyboard: type=1400 audit(0.0:164261): avc: denied { nlmsg_readpriv } for comm=536F636B657420546872656164 scontext=u:r:untrusted_app:s0:c99,c271,c512,c768 tcontext=u:r:untrusted_app:s0:c99,c271,c512,c768 tclass=netlink_route_socket permissive=0 bug=b/155595000 app=com.vibekey.keyboard
06-05 14:39:27.916 13034 13034 W com.vibekey.keyboard: type=1400 audit(0.0:164262): avc: denied { nlmsg_readpriv } for comm=536F636B657420546872656164 scontext=u:r:untrusted_app:s0:c99,c271,c512,c768 tcontext=u:r:untrusted_app:s0:c99,c271,c512,c768 tclass=netlink_route_socket permissive=0 bug=b/155595000 app=com.vibekey.keyboard
06-05 14:39:27.991 13034 13034 W View    : requestLayout() improperly called by helium314.keyboard.latin.panels.BrowserPanelView{78c2709 V.E...... ........ 0,0-1440,1988} during second layout pass: posting in next frame
06-05 14:39:27.992 13034 13034 W GeckoEventDispatcher: No listener for GeckoView:DismissClipboardPermissionRequest
06-05 14:39:27.993 13034 13034 W GeckoEventDispatcher: No listener for GeckoView:DismissClipboardPermissionRequest
06-05 14:39:27.996 13034 15213 E BLASTBufferQueue: BLASTBufferItemConsumer::onDisconnect()
06-05 14:39:28.000 13034 13034 E GeckoView: Failed to detach WindowInsetsListener: 
06-05 14:39:28.000 13034 13034 E GeckoView: java.lang.NullPointerException: Attempt to invoke virtual method 'android.view.Window android.app.Activity.getWindow()' on a null object reference
06-05 14:39:28.000 13034 13034 E GeckoView: 	at org.mozilla.geckoview.GeckoView.detachWindowInsetsListener(r8-map-id-9771d303074ffbf8e18413334f4788dfce3edabc757ae58b2a14bb0ca2316b89:1)
06-05 14:39:28.000 13034 13034 E GeckoView: 	at org.mozilla.geckoview.GeckoView.onDetachedFromWindow(r8-map-id-9771d303074ffbf8e18413334f4788dfce3edabc757ae58b2a14bb0ca2316b89:25)
06-05 14:39:28.000 13034 13034 E GeckoView: 	at android.view.View.dispatchDetachedFromWindow(View.java:20955)
06-05 14:39:28.000 13034 13034 E GeckoView: 	at android.view.ViewGroup.dispatchDetachedFromWindow(ViewGroup.java:4014)
06-05 14:39:28.000 13034 13034 E GeckoView: 	at android.view.ViewGroup.removeViewInternal(ViewGroup.java:5660)
06-05 14:39:28.000 13034 13034 E GeckoView: 	at android.view.ViewGroup.removeViewInternal(ViewGroup.java:5631)
06-05 14:39:28.000 13034 13034 E GeckoView: 	at android.view.ViewGroup.removeView(ViewGroup.java:5562)
06-05 14:39:28.000 13034 13034 E GeckoView: 	at helium314.keyboard.latin.panels.BrowserPanelView.P(r8-map-id-9771d303074ffbf8e18413334f4788dfce3edabc757ae58b2a14bb0ca2316b89:119)
06-05 14:39:28.000 13034 13034 E GeckoView: 	at helium314.keyboard.latin.panels.BrowserPanelView.F0(r8-map-id-9771d303074ffbf8e18413334f4788dfce3edabc757ae58b2a14bb0ca2316b89:73)
06-05 14:39:28.000 13034 13034 E GeckoView: 	at i7.c0.r(r8-map-id-9771d303074ffbf8e18413334f4788dfce3edabc757ae58b2a14bb0ca2316b89:149)
06-05 14:39:28.000 13034 13034 E GeckoView: 	at i7.c0.P(r8-map-id-9771d303074ffbf8e18413334f4788dfce3edabc757ae58b2a14bb0ca2316b89:17)
06-05 14:39:28.000 13034 13034 E GeckoView: 	at a8.e5.a(r8-map-id-9771d303074ffbf8e18413334f4788dfce3edabc757ae58b2a14bb0ca2316b89:3)
06-05 14:39:28.000 13034 13034 E GeckoView: 	at a8.c3.onClick(r8-map-id-9771d303074ffbf8e18413334f4788dfce3edabc757ae58b2a14bb0ca2316b89:209)
06-05 14:39:28.000 13034 13034 E GeckoView: 	at android.view.View.performClick(View.java:7488)
06-05 14:39:28.000 13034 13034 E GeckoView: 	at android.view.View.performClickInternal(View.java:7464)
06-05 14:39:28.000 13034 13034 E GeckoView: 	at android.view.View.access$3700(View.java:841)
06-05 14:39:28.000 13034 13034 E GeckoView: 	at android.view.View$PerformClick.run(View.java:28911)
06-05 14:39:28.000 13034 13034 E GeckoView: 	at android.os.Handler.handleCallback(Handler.java:938)
06-05 14:39:28.000 13034 13034 E GeckoView: 	at android.os.Handler.dispatchMessage(Handler.java:99)
06-05 14:39:28.000 13034 13034 E GeckoView: 	at android.os.Looper.loopOnce(Looper.java:233)
06-05 14:39:28.000 13034 13034 E GeckoView: 	at android.os.Looper.loop(Looper.java:344)
06-05 14:39:28.000 13034 13034 E GeckoView: 	at android.app.ActivityThread.main(ActivityThread.java:8212)
06-05 14:39:28.000 13034 13034 E GeckoView: 	at java.lang.reflect.Method.invoke(Native Method)
06-05 14:39:28.000 13034 13034 E GeckoView: 	at com.android.internal.os.RuntimeInit$MethodAndArgsCaller.run(RuntimeInit.java:584)
06-05 14:39:28.000 13034 13034 E GeckoView: 	at com.android.internal.os.ZygoteInit.main(ZygoteInit.java:1034)
06-05 14:39:28.086 20543 20560 E Isolated Web Content: [JavaScript Error: "Cookie “cto_tld_test” has been rejected for invalid domain." {file: "https://www.foxnews.com/" line: 0}]
06-05 14:39:28.087 20543 20560 E Isolated Web Content: [JavaScript Error: "Cookie “cto_tld_test” has been rejected for invalid domain." {file: "https://www.foxnews.com/" line: 0}]
06-05 14:39:28.143 20543 20560 W Isolated Web Content: [JavaScript Warning: "Autoplay is only allowed when approved by the user, the site is activated by the user, or media is muted." {file: "https://www.foxnews.com/" line: 0}]
06-05 14:39:28.144 20543 20560 W Isolated Web Content: [JavaScript Warning: "Autoplay is only allowed when approved by the user, the site is activated by the user, or media is muted." {file: "https://www.foxnews.com/" line: 0}]
06-05 14:39:28.206 13034 13034 W com.vibekey.keyboard: type=1400 audit(0.0:164263): avc: denied { nlmsg_readpriv } for comm=536F636B657420546872656164 scontext=u:r:untrusted_app:s0:c99,c271,c512,c768 tcontext=u:r:untrusted_app:s0:c99,c271,c512,c768 tclass=netlink_route_socket permissive=0 bug=b/155595000 app=com.vibekey.keyboard
06-05 14:39:28.226 18015 18015 W GeckoMediaManager: unbound while client still active.
06-05 14:39:28.380 13098 13098 W LlmEngineService: Severe memory pressure (15); evicting on-device LLM.
06-05 14:39:28.481 13034 13095 E BLASTBufferQueue: BLASTBufferItemConsumer::onDisconnect()
06-05 14:39:28.536 13034 13034 W com.vibekey.keyboard: type=1400 audit(0.0:164264): avc: denied { nlmsg_readpriv } for comm=536F636B657420546872656164 scontext=u:r:untrusted_app:s0:c99,c271,c512,c768 tcontext=u:r:untrusted_app:s0:c99,c271,c512,c768 tclass=netlink_route_socket permissive=0 bug=b/155595000 app=com.vibekey.keyboard
06-05 14:39:28.630 20543 20560 W Isolated Web Content: [JavaScript Warning: "unreachable code after return statement" {file: "https://static.foxnews.com/static/leap/ext/shims/ld.js?v=202412181552" line: 3}]
06-05 14:39:28.808 13034 13095 E BLASTBufferQueue: BLASTBufferItemConsumer::onDisconnect()
06-05 14:39:28.844 13034 13034 W GeckoEventDispatcher: No listener for GeckoView:DismissClipboardPermissionRequest
06-05 14:39:28.869 13034 13034 I VkPanels: ▶ open browser
06-05 14:39:28.881 13034 13034 I VkBrowser: ▶ panel open incognito=true tabs=2 queryLen=0
06-05 14:39:28.884 13034 13034 E GeckoView: Failed to attach WindowInsetsListener: 
06-05 14:39:28.884 13034 13034 E GeckoView: java.lang.NullPointerException: Attempt to invoke virtual method 'android.view.Window android.app.Activity.getWindow()' on a null object reference
06-05 14:39:28.884 13034 13034 E GeckoView: 	at org.mozilla.geckoview.GeckoView.attachWindowInsetsListener(r8-map-id-9771d303074ffbf8e18413334f4788dfce3edabc757ae58b2a14bb0ca2316b89:1)
06-05 14:39:28.884 13034 13034 E GeckoView: 	at org.mozilla.geckoview.GeckoView.onAttachedToWindow(r8-map-id-9771d303074ffbf8e18413334f4788dfce3edabc757ae58b2a14bb0ca2316b89:49)
06-05 14:39:28.884 13034 13034 E GeckoView: 	at android.view.View.dispatchAttachedToWindow(View.java:20900)
06-05 14:39:28.884 13034 13034 E GeckoView: 	at android.view.ViewGroup.dispatchAttachedToWindow(ViewGroup.java:3539)
06-05 14:39:28.884 13034 13034 E GeckoView: 	at android.view.ViewGroup.addViewInner(ViewGroup.java:5378)
06-05 14:39:28.884 13034 13034 E GeckoView: 	at android.view.ViewGroup.addView(ViewGroup.java:5156)
06-05 14:39:28.884 13034 13034 E GeckoView: 	at helium314.keyboard.latin.panels.BrowserPanelView.X(r8-map-id-9771d303074ffbf8e18413334f4788dfce3edabc757ae58b2a14bb0ca2316b89:134)
06-05 14:39:28.884 13034 13034 E GeckoView: 	at helium314.keyboard.latin.panels.BrowserPanelView.E0(r8-map-id-9771d303074ffbf8e18413334f4788dfce3edabc757ae58b2a14bb0ca2316b89:169)
06-05 14:39:28.884 13034 13034 E GeckoView: 	at c5.s.run(r8-map-id-9771d303074ffbf8e18413334f4788dfce3edabc757ae58b2a14bb0ca2316b89:622)
06-05 14:39:28.884 13034 13034 E GeckoView: 	at i7.z.onGlobalLayout(r8-map-id-9771d303074ffbf8e18413334f4788dfce3edabc757ae58b2a14bb0ca2316b89:8)
06-05 14:39:28.884 13034 13034 E GeckoView: 	at android.view.ViewTreeObserver.dispatchOnGlobalLayout(ViewTreeObserver.java:1061)
06-05 14:39:28.884 13034 13034 E GeckoView: 	at android.view.ViewRootImpl.performTraversals(ViewRootImpl.java:3407)
06-05 14:39:28.884 13034 13034 E GeckoView: 	at android.view.ViewRootImpl.doTraversal(ViewRootImpl.java:2305)
06-05 14:39:28.884 13034 13034 E GeckoView: 	at android.view.ViewRootImpl$TraversalRunnable.run(ViewRootImpl.java:9133)
06-05 14:39:28.884 13034 13034 E GeckoView: 	at android.view.Choreographer$CallbackRecord.run(Choreographer.java:1232)
06-05 14:39:28.884 13034 13034 E GeckoView: 	at android.view.Choreographer.doCallbacks(Choreographer.java:1029)
06-05 14:39:28.884 13034 13034 E GeckoView: 	at android.view.Choreographer.doFrame(Choreographer.java:934)
06-05 14:39:28.884 13034 13034 E GeckoView: 	at android.view.Choreographer$FrameDisplayEventReceiver.run(Choreographer.java:1217)
06-05 14:39:28.884 13034 13034 E GeckoView: 	at android.os.Handler.handleCallback(Handler.java:938)
06-05 14:39:28.884 13034 13034 E GeckoView: 	at android.os.Handler.dispatchMessage(Handler.java:99)
06-05 14:39:28.884 13034 13034 E GeckoView: 	at android.os.Looper.loopOnce(Looper.java:233)
06-05 14:39:28.884 13034 13034 E GeckoView: 	at android.os.Looper.loop(Looper.java:344)
06-05 14:39:28.884 13034 13034 E GeckoView: 	at android.app.ActivityThread.main(ActivityThread.java:8212)
06-05 14:39:28.884 13034 13034 E GeckoView: 	at java.lang.reflect.Method.invoke(Native Method)
06-05 14:39:28.884 13034 13034 E GeckoView: 	at com.android.internal.os.RuntimeInit$MethodAndArgsCaller.run(RuntimeInit.java:584)
06-05 14:39:28.884 13034 13034 E GeckoView: 	at com.android.internal.os.ZygoteInit.main(ZygoteInit.java:1034)
06-05 14:39:28.884 13034 13034 W GeckoEventDispatcher: No listener for GeckoView:DismissClipboardPermissionRequest
06-05 14:39:28.846 13034 13034 W com.vibekey.keyboard: type=1400 audit(0.0:164265): avc: denied { nlmsg_readpriv } for comm=536F636B657420546872656164 scontext=u:r:untrusted_app:s0:c99,c271,c512,c768 tcontext=u:r:untrusted_app:s0:c99,c271,c512,c768 tclass=netlink_route_socket permissive=0 bug=b/155595000 app=com.vibekey.keyboard
06-05 14:39:28.915 13034 13034 W View    : requestLayout() improperly called by helium314.keyboard.latin.panels.BrowserPanelView{78c2709 V.E...... ......ID 0,0-1440,1988} during layout: running second layout pass
06-05 14:39:28.919 16897 16923 W libEGL  : EGLNativeWindowType 0xb4000075c0df9810 disconnect failed
06-05 14:39:28.919 16897 16923 W libEGL  : EGLNativeWindowType 0xb4000075c0df7010 disconnect failed
06-05 14:39:28.919 16897 16923 W libEGL  : EGLNativeWindowType 0xb4000075cb9cf010 disconnect failed
06-05 14:39:28.920 16897 16923 W libEGL  : EGLNativeWindowType 0xb4000075c4951810 disconnect failed
06-05 14:39:28.939 13034 13034 W View    : requestLayout() improperly called by helium314.keyboard.latin.panels.BrowserPanelView{78c2709 V.E...... ......ID 0,0-1440,1988} during layout: running second layout pass
06-05 14:39:28.951 13034 13034 W View    : requestLayout() improperly called by helium314.keyboard.latin.panels.BrowserPanelView{78c2709 V.E...... ........ 0,0-1440,1988} during second layout pass: posting in next frame
06-05 14:39:28.955 13034 13034 W View    : requestLayout() improperly called by helium314.keyboard.latin.panels.BrowserPanelView{78c2709 V.E...... ......ID 0,0-1440,1988} during layout: running second layout pass
06-05 14:39:28.974 13034 13034 W View    : requestLayout() improperly called by helium314.keyboard.latin.panels.BrowserPanelView{78c2709 V.E...... ........ 0,0-1440,1988} during second layout pass: posting in next frame
06-05 14:39:28.976 13034 13034 W View    : requestLayout() improperly called by helium314.keyboard.latin.panels.BrowserPanelView{78c2709 V.E...... ......ID 0,0-1440,1988} during layout: running second layout pass
06-05 14:39:28.981 13034 13034 W View    : requestLayout() improperly called by helium314.keyboard.latin.panels.BrowserPanelView{78c2709 V.E...... ........ 0,0-1440,1988} during second layout pass: posting in next frame
06-05 14:39:28.983 13034 13034 W View    : requestLayout() improperly called by helium314.keyboard.latin.panels.BrowserPanelView{78c2709 V.E...... ......ID 0,0-1440,1988} during layout: running second layout pass
06-05 14:39:28.992 13034 13034 W View    : requestLayout() improperly called by helium314.keyboard.latin.panels.BrowserPanelView{78c2709 V.E...... ........ 0,0-1440,1988} during second layout pass: posting in next frame
06-05 14:39:28.992 13034 13034 W View    : requestLayout() improperly called by helium314.keyboard.latin.panels.BrowserPanelView{78c2709 V.E...... ......I. 0,0-1440,1988} during second layout pass: posting in next frame
06-05 14:39:28.994 13034 13034 W View    : requestLayout() improperly called by helium314.keyboard.latin.panels.BrowserPanelView{78c2709 V.E...... ......I. 0,0-1440,1988} during layout: running second layout pass
06-05 14:39:29.003 13034 13034 W View    : requestLayout() improperly called by helium314.keyboard.latin.panels.BrowserPanelView{78c2709 V.E...... ........ 0,0-1440,1988} during second layout pass: posting in next frame
06-05 14:39:29.012 13034 13034 W View    : requestLayout() improperly called by helium314.keyboard.latin.panels.BrowserPanelView{78c2709 V.E...... ......I. 0,0-1440,1988} during layout: running second layout pass
06-05 14:39:29.027 13034 13034 W View    : requestLayout() improperly called by helium314.keyboard.latin.panels.BrowserPanelView{78c2709 V.E...... ........ 0,0-1440,1988} during second layout pass: posting in next frame
06-05 14:39:29.031 13034 13034 W View    : requestLayout() improperly called by helium314.keyboard.latin.panels.BrowserPanelView{78c2709 V.E...... ......ID 0,0-1440,1988} during layout: running second layout pass
06-05 14:39:29.041 13034 13034 W View    : requestLayout() improperly called by helium314.keyboard.latin.panels.BrowserPanelView{78c2709 V.E...... ........ 0,0-1440,1988} during second layout pass: posting in next frame
06-05 14:39:29.044 13034 13034 W View    : requestLayout() improperly called by helium314.keyboard.latin.panels.BrowserPanelView{78c2709 V.E...... ......I. 0,0-1440,1988} during layout: running second layout pass
06-05 14:39:29.058 13034 13034 W View    : requestLayout() improperly called by helium314.keyboard.latin.panels.BrowserPanelView{78c2709 V.E...... ........ 0,0-1440,1988} during second layout pass: posting in next frame
06-05 14:39:29.061 13034 13034 W View    : requestLayout() improperly called by helium314.keyboard.latin.panels.BrowserPanelView{78c2709 V.E...... ......I. 0,0-1440,1988} during layout: running second layout pass
06-05 14:39:29.071 13034 13034 W View    : requestLayout() improperly called by helium314.keyboard.latin.panels.BrowserPanelView{78c2709 V.E...... ........ 0,0-1440,1988} during second layout pass: posting in next frame
06-05 14:39:29.083 13034 13034 W View    : requestLayout() improperly called by helium314.keyboard.latin.panels.BrowserPanelView{78c2709 V.E...... ......I. 0,0-1440,1988} during layout: running second layout pass
06-05 14:39:29.096 13034 13034 W View    : requestLayout() improperly called by helium314.keyboard.latin.panels.BrowserPanelView{78c2709 V.E...... ......ID 0,0-1440,1988} during second layout pass: posting in next frame
06-05 14:39:29.100 13034 13034 W View    : requestLayout() improperly called by helium314.keyboard.latin.panels.BrowserPanelView{78c2709 V.E...... ......ID 0,0-1440,1988} during layout: running second layout pass
06-05 14:39:29.116 13034 13034 W View    : requestLayout() improperly called by helium314.keyboard.latin.panels.BrowserPanelView{78c2709 V.E...... ........ 0,0-1440,1988} during second layout pass: posting in next frame
06-05 14:39:29.123 13034 13095 E BLASTBufferQueue: BLASTBufferItemConsumer::onDisconnect()
06-05 14:39:29.133 13034 13034 W View    : requestLayout() improperly called by helium314.keyboard.latin.panels.BrowserPanelView{78c2709 V.E...... ......I. 0,0-1440,1988} during layout: running second layout pass
06-05 14:39:29.139 21548 21548 E .keyboard:tab2: Unknown bits set in runtime_flags: 0x40000000
06-05 14:39:29.153 13034 13034 W View    : requestLayout() improperly called by helium314.keyboard.latin.panels.BrowserPanelView{78c2709 V.E...... ........ 0,0-1440,1988} during second layout pass: posting in next frame
06-05 14:39:29.154 13034 13034 W View    : requestLayout() improperly called by helium314.keyboard.latin.panels.BrowserPanelView{78c2709 V.E...... ......I. 0,0-1440,1988} during layout: running second layout pass
06-05 14:39:29.158 13034 13034 W View    : requestLayout() improperly called by helium314.keyboard.latin.panels.BrowserPanelView{78c2709 V.E...... ........ 0,0-1440,1988} during second layout pass: posting in next frame
06-05 14:39:29.161 13034 13034 W View    : requestLayout() improperly called by helium314.keyboard.latin.panels.BrowserPanelView{78c2709 V.E...... ......I. 0,0-1440,1988} during layout: running second layout pass
06-05 14:39:29.170 13034 13034 W View    : requestLayout() improperly called by helium314.keyboard.latin.panels.BrowserPanelView{78c2709 V.E...... ........ 0,0-1440,1988} during second layout pass: posting in next frame
06-05 14:39:29.178 13034 13034 W View    : requestLayout() improperly called by helium314.keyboard.latin.panels.BrowserPanelView{78c2709 V.E...... ......I. 0,0-1440,1988} during layout: running second layout pass
06-05 14:39:29.187 13034 13034 W View    : requestLayout() improperly called by helium314.keyboard.latin.panels.BrowserPanelView{78c2709 V.E...... ........ 0,0-1440,1988} during second layout pass: posting in next frame
06-05 14:39:29.195 13034 13034 W View    : requestLayout() improperly called by helium314.keyboard.latin.panels.BrowserPanelView{78c2709 V.E...... ......I. 0,0-1440,1988} during layout: running second layout pass
06-05 14:39:29.225 13034 13034 W View    : requestLayout() improperly called by helium314.keyboard.latin.panels.BrowserPanelView{78c2709 V.E...... ........ 0,0-1440,1988} during second layout pass: posting in next frame
06-05 14:39:29.229 13034 13034 W View    : requestLayout() improperly called by helium314.keyboard.latin.panels.BrowserPanelView{78c2709 V.E...... ......I. 0,0-1440,1988} during layout: running second layout pass
06-05 14:39:29.240 13034 13034 W View    : requestLayout() improperly called by helium314.keyboard.latin.panels.BrowserPanelView{78c2709 V.E...... ........ 0,0-1440,1988} during second layout pass: posting in next frame
06-05 14:39:29.254 21548 21583 E GeckoLibLoad: Load sqlite start
06-05 14:39:29.257 13034 13034 W View    : requestLayout() improperly called by helium314.keyboard.latin.panels.BrowserPanelView{78c2709 V.E...... ......I. 0,0-1440,1988} during layout: running second layout pass
06-05 14:39:29.257 21548 21583 E GeckoLibLoad: Load sqlite done
06-05 14:39:29.257 21548 21583 E GeckoLibLoad: Load nss start
06-05 14:39:29.257 21548 21583 E GeckoLibLoad: Load nss done
06-05 14:39:29.282 13034 13034 W View    : requestLayout() improperly called by helium314.keyboard.latin.panels.BrowserPanelView{78c2709 V.E...... ........ 0,0-1440,1988} during second layout pass: posting in next frame
06-05 14:39:29.285 13034 13034 W View    : requestLayout() improperly called by helium314.keyboard.latin.panels.BrowserPanelView{78c2709 V.E...... ......I. 0,0-1440,1988} during layout: running second layout pass
06-05 14:39:29.315 13034 13034 W View    : requestLayout() improperly called by helium314.keyboard.latin.panels.BrowserPanelView{78c2709 V.E...... ........ 0,0-1440,1988} during second layout pass: posting in next frame
06-05 14:39:29.326 21548 21583 E GeckoLibLoad: Loaded libs in 68.522291ms total, 17ms(16ms) user, 0ms(0ms) system, 4(4) faults
06-05 14:39:29.326 21548 21583 W GeckoThread: zerdatime 361612187 - runGecko
06-05 14:39:29.328 13034 13034 W View    : requestLayout() improperly called by helium314.keyboard.latin.panels.BrowserPanelView{78c2709 V.E...... ......I. 0,0-1440,1988} during layout: running second layout pass
06-05 14:39:29.357 13034 13034 W View    : requestLayout() improperly called by helium314.keyboard.latin.panels.BrowserPanelView{78c2709 V.E...... ........ 0,0-1440,1988} during second layout pass: posting in next frame
06-05 14:39:29.359 13034 13034 W View    : requestLayout() improperly called by helium314.keyboard.latin.panels.BrowserPanelView{78c2709 V.E...... ......I. 0,0-1440,1988} during layout: running second layout pass
06-05 14:39:29.397 13034 13034 W View    : requestLayout() improperly called by helium314.keyboard.latin.panels.BrowserPanelView{78c2709 V.E...... ........ 0,0-1440,1988} during second layout pass: posting in next frame
06-05 14:39:29.400 13034 13034 W View    : requestLayout() improperly called by helium314.keyboard.latin.panels.BrowserPanelView{78c2709 V.E...... ......I. 0,0-1440,1988} during layout: running second layout pass
06-05 14:39:29.410 13034 13034 W View    : requestLayout() improperly called by helium314.keyboard.latin.panels.BrowserPanelView{78c2709 V.E...... ........ 0,0-1440,1988} during second layout pass: posting in next frame
