06-05 14:03:54.319 26150 26150 W View    : requestLayout() improperly called by helium314.keyboard.latin.panels.BrowserPanelView{ef103e4 V.E...... ......ID 0,0-1440,1988} during layout: running second layout pass
06-05 14:03:54.323 26150 26150 W View    : requestLayout() improperly called by helium314.keyboard.latin.panels.BrowserPanelView{ef103e4 V.E...... ........ 0,0-1440,1988} during second layout pass: posting in next frame
06-05 14:03:54.337 26150 26150 W View    : requestLayout() improperly called by helium314.keyboard.latin.panels.BrowserPanelView{ef103e4 V.E...... ......I. 0,0-1440,1988} during layout: running second layout pass
06-05 14:03:54.343 26150 26150 W View    : requestLayout() improperly called by helium314.keyboard.latin.panels.BrowserPanelView{ef103e4 V.E...... ........ 0,0-1440,1988} during second layout pass: posting in next frame
06-05 14:03:54.352 26150 26150 W View    : requestLayout() improperly called by helium314.keyboard.latin.panels.BrowserPanelView{ef103e4 V.E...... ......I. 0,0-1440,1988} during layout: running second layout pass
06-05 14:03:54.356 26150 26150 W View    : requestLayout() improperly called by helium314.keyboard.latin.panels.BrowserPanelView{ef103e4 V.E...... ........ 0,0-1440,1988} during second layout pass: posting in next frame
06-05 14:03:54.369 26150 26150 W View    : requestLayout() improperly called by helium314.keyboard.latin.panels.BrowserPanelView{ef103e4 V.E...... ......I. 0,0-1440,1988} during layout: running second layout pass
06-05 14:03:54.374 26150 26150 W View    : requestLayout() improperly called by helium314.keyboard.latin.panels.BrowserPanelView{ef103e4 V.E...... ........ 0,0-1440,1988} during second layout pass: posting in next frame
06-05 14:03:54.377   439  1732 W libc    : Access denied finding property "vendor.oplus.media.vpp.stutter"
06-05 14:03:54.385 26150 26150 W View    : requestLayout() improperly called by helium314.keyboard.latin.panels.BrowserPanelView{ef103e4 V.E...... ......I. 0,0-1440,1988} during layout: running second layout pass
06-05 14:03:54.389 26150 26150 W View    : requestLayout() improperly called by helium314.keyboard.latin.panels.BrowserPanelView{ef103e4 V.E...... ........ 0,0-1440,1988} during second layout pass: posting in next frame
06-05 14:03:54.403 26150 26150 W View    : requestLayout() improperly called by helium314.keyboard.latin.panels.BrowserPanelView{ef103e4 V.E...... ......I. 0,0-1440,1988} during layout: running second layout pass
06-05 14:03:54.407 26150 26150 W View    : requestLayout() improperly called by helium314.keyboard.latin.panels.BrowserPanelView{ef103e4 V.E...... ........ 0,0-1440,1988} during second layout pass: posting in next frame
06-05 14:03:54.417   439  4077 W Codec2Client: query -- param skipped: index = 1107298332.
06-05 14:03:54.420 26150 26150 W View    : requestLayout() improperly called by helium314.keyboard.latin.panels.BrowserPanelView{ef103e4 V.E...... ......I. 0,0-1440,1988} during layout: running second layout pass
06-05 14:03:54.424 26150 26150 W View    : requestLayout() improperly called by helium314.keyboard.latin.panels.BrowserPanelView{ef103e4 V.E...... ........ 0,0-1440,1988} during second layout pass: posting in next frame
06-05 14:03:54.436 26150 26150 W View    : requestLayout() improperly called by helium314.keyboard.latin.panels.BrowserPanelView{ef103e4 V.E...... ......I. 0,0-1440,1988} during layout: running second layout pass
06-05 14:03:54.440 26150 26150 W View    : requestLayout() improperly called by helium314.keyboard.latin.panels.BrowserPanelView{ef103e4 V.E...... ........ 0,0-1440,1988} during second layout pass: posting in next frame
06-05 14:03:54.442   439  4077 W Codec2Client: query -- param skipped: index = 1342179345.
06-05 14:03:54.442   439  4077 W Codec2Client: query -- param skipped: index = 2415921170.
06-05 14:03:54.442   439  4077 W Codec2Client: query -- param skipped: index = 1610614798.
06-05 14:03:54.453 26150 26150 W View    : requestLayout() improperly called by helium314.keyboard.latin.panels.BrowserPanelView{ef103e4 V.E...... ......I. 0,0-1440,1988} during layout: running second layout pass
06-05 14:03:54.455   439   673 W libc    : Access denied finding property "vendor.oplus.media.vpp.stutter"
06-05 14:03:54.455   439   673 E MULTIMEDIAConfig: [getInt32:L80] Not find config, Returning default
06-05 14:03:54.455   439   673 E MULTIMEDIAConfig: [getInt32:L80] Not find config, Returning default
06-05 14:03:54.455   439   673 E OplusACodec: [OplusACodec:204] mSrOsieMMListCheckResult:0x0 mOsieVersion:1
06-05 14:03:54.457 26150 26150 W View    : requestLayout() improperly called by helium314.keyboard.latin.panels.BrowserPanelView{ef103e4 V.E...... ........ 0,0-1440,1988} during second layout pass: posting in next frame
06-05 14:03:54.470 26150 26150 W View    : requestLayout() improperly called by helium314.keyboard.latin.panels.BrowserPanelView{ef103e4 V.E...... ......I. 0,0-1440,1988} during layout: running second layout pass
06-05 14:03:54.474 26150 26150 W View    : requestLayout() improperly called by helium314.keyboard.latin.panels.BrowserPanelView{ef103e4 V.E...... ........ 0,0-1440,1988} during second layout pass: posting in next frame
06-05 14:03:54.468 26150 26150 W com.vibekey.keyboard: type=1400 audit(0.0:162700): avc: denied { nlmsg_readpriv } for comm=536F636B657420546872656164 scontext=u:r:untrusted_app:s0:c98,c271,c512,c768 tcontext=u:r:untrusted_app:s0:c98,c271,c512,c768 tclass=netlink_route_socket permissive=0 bug=b/155595000 app=com.vibekey.keyboard
06-05 14:03:54.487 26150 26150 W View    : requestLayout() improperly called by helium314.keyboard.latin.panels.BrowserPanelView{ef103e4 V.E...... ......I. 0,0-1440,1988} during layout: running second layout pass
06-05 14:03:54.495 26150 26150 W View    : requestLayout() improperly called by helium314.keyboard.latin.panels.BrowserPanelView{ef103e4 V.E...... ........ 0,0-1440,1988} during second layout pass: posting in next frame
06-05 14:03:54.505 26150 26150 W View    : requestLayout() improperly called by helium314.keyboard.latin.panels.BrowserPanelView{ef103e4 V.E...... ......I. 0,0-1440,1988} during layout: running second layout pass
06-05 14:03:54.509 26150 26150 W View    : requestLayout() improperly called by helium314.keyboard.latin.panels.BrowserPanelView{ef103e4 V.E...... ........ 0,0-1440,1988} during second layout pass: posting in next frame
06-05 14:03:54.520 26150 26150 W View    : requestLayout() improperly called by helium314.keyboard.latin.panels.BrowserPanelView{ef103e4 V.E...... ......I. 0,0-1440,1988} during layout: running second layout pass
06-05 14:03:54.526 26150 26150 W View    : requestLayout() improperly called by helium314.keyboard.latin.panels.BrowserPanelView{ef103e4 V.E...... ........ 0,0-1440,1988} during second layout pass: posting in next frame
06-05 14:03:54.537   439  4103 E OplusACodec: [GetVideoCodingTypeFromMime:L1162] mime:video/avc
06-05 14:03:54.538 26150 26150 W View    : requestLayout() improperly called by helium314.keyboard.latin.panels.BrowserPanelView{ef103e4 V.E...... ......I. 0,0-1440,1988} during layout: running second layout pass
06-05 14:03:54.544 26150 26150 W View    : requestLayout() improperly called by helium314.keyboard.latin.panels.BrowserPanelView{ef103e4 V.E...... ........ 0,0-1440,1988} during second layout pass: posting in next frame
06-05 14:03:54.553 26150 26150 W View    : requestLayout() improperly called by helium314.keyboard.latin.panels.BrowserPanelView{ef103e4 V.E...... ......I. 0,0-1440,1988} during layout: running second layout pass
06-05 14:03:54.558 26150 26150 W View    : requestLayout() improperly called by helium314.keyboard.latin.panels.BrowserPanelView{ef103e4 V.E...... ........ 0,0-1440,1988} during second layout pass: posting in next frame
06-05 14:03:54.573  2191  2285 W Isolated Web Content: [JavaScript Warning: "Autoplay is only allowed when approved by the user, the site is activated by the user, or media is muted." {file: "https://www.cnn.com/" line: 0}]
06-05 14:03:54.573  2191  2285 W Isolated Web Content: [JavaScript Warning: "Autoplay is only allowed when approved by the user, the site is activated by the user, or media is muted." {file: "https://www.cnn.com/" line: 0}]
06-05 14:03:54.580  2191  2285 W Isolated Web Content: [JavaScript Warning: "Autoplay is only allowed when approved by the user, the site is activated by the user, or media is muted." {file: "https://www.cnn.com/" line: 0}]
06-05 14:03:54.583   439  3888 W Codec2Client: query -- param skipped: index = 1342179345.
06-05 14:03:54.583   439  3888 W Codec2Client: query -- param skipped: index = 2415921170.
06-05 14:03:54.583   439  3888 W Codec2Client: query -- param skipped: index = 1610614798.
06-05 14:03:54.588 26150 26150 W View    : requestLayout() improperly called by helium314.keyboard.latin.panels.BrowserPanelView{ef103e4 V.E...... ......I. 0,0-1440,1988} during layout: running second layout pass
06-05 14:03:54.592 26150 26150 W View    : requestLayout() improperly called by helium314.keyboard.latin.panels.BrowserPanelView{ef103e4 V.E...... ........ 0,0-1440,1988} during second layout pass: posting in next frame
06-05 14:03:54.593 26150 26150 W View    : requestLayout() improperly called by helium314.keyboard.latin.panels.BrowserPanelView{ef103e4 V.E...... ......I. 0,0-1440,1988} during layout: running second layout pass
06-05 14:03:54.601 26150 26150 W View    : requestLayout() improperly called by helium314.keyboard.latin.panels.BrowserPanelView{ef103e4 V.E...... ........ 0,0-1440,1988} during second layout pass: posting in next frame
06-05 14:03:54.619 26150 26150 W View    : requestLayout() improperly called by helium314.keyboard.latin.panels.BrowserPanelView{ef103e4 V.E...... ......I. 0,0-1440,1988} during layout: running second layout pass
06-05 14:03:54.628 26150 26150 W View    : requestLayout() improperly called by helium314.keyboard.latin.panels.BrowserPanelView{ef103e4 V.E...... ........ 0,0-1440,1988} during second layout pass: posting in next frame
06-05 14:03:54.630 26150 26150 W View    : requestLayout() improperly called by helium314.keyboard.latin.panels.BrowserPanelView{ef103e4 V.E...... ......I. 0,0-1440,1988} during layout: running second layout pass
06-05 14:03:54.636 26150 26150 W View    : requestLayout() improperly called by helium314.keyboard.latin.panels.BrowserPanelView{ef103e4 V.E...... ........ 0,0-1440,1988} during second layout pass: posting in next frame
06-05 14:03:54.638 26150 26150 W View    : requestLayout() improperly called by helium314.keyboard.latin.panels.BrowserPanelView{ef103e4 V.E...... ......I. 0,0-1440,1988} during layout: running second layout pass
06-05 14:03:54.645 26150 26150 W View    : requestLayout() improperly called by helium314.keyboard.latin.panels.BrowserPanelView{ef103e4 V.E...... ........ 0,0-1440,1988} during second layout pass: posting in next frame
06-05 14:03:54.656 26150 26150 W View    : requestLayout() improperly called by helium314.keyboard.latin.panels.BrowserPanelView{ef103e4 V.E...... ......I. 0,0-1440,1988} during layout: running second layout pass
06-05 14:03:54.675 26150 26150 W View    : requestLayout() improperly called by helium314.keyboard.latin.panels.BrowserPanelView{ef103e4 V.E...... ........ 0,0-1440,1988} during second layout pass: posting in next frame
06-05 14:03:54.678 26150 26150 W View    : requestLayout() improperly called by helium314.keyboard.latin.panels.BrowserPanelView{ef103e4 V.E...... ......I. 0,0-1440,1988} during layout: running second layout pass
06-05 14:03:54.690 26150 26150 W View    : requestLayout() improperly called by helium314.keyboard.latin.panels.BrowserPanelView{ef103e4 V.E...... ........ 0,0-1440,1988} during second layout pass: posting in next frame
06-05 14:03:54.693 26150 26150 W View    : requestLayout() improperly called by helium314.keyboard.latin.panels.BrowserPanelView{ef103e4 V.E...... ......I. 0,0-1440,1988} during layout: running second layout pass
06-05 14:03:54.704 26150 26150 W View    : requestLayout() improperly called by helium314.keyboard.latin.panels.BrowserPanelView{ef103e4 V.E...... ........ 0,0-1440,1988} during second layout pass: posting in next frame
06-05 14:03:54.707 26150 26150 W View    : requestLayout() improperly called by helium314.keyboard.latin.panels.BrowserPanelView{ef103e4 V.E...... ......I. 0,0-1440,1988} during layout: running second layout pass
06-05 14:03:54.711 26150 26150 W View    : requestLayout() improperly called by helium314.keyboard.latin.panels.BrowserPanelView{ef103e4 V.E...... ........ 0,0-1440,1988} during second layout pass: posting in next frame
06-05 14:03:54.720 26150 26150 W View    : requestLayout() improperly called by helium314.keyboard.latin.panels.BrowserPanelView{ef103e4 V.E...... ......I. 0,0-1440,1988} during layout: running second layout pass
06-05 14:03:54.727 26150 26150 W View    : requestLayout() improperly called by helium314.keyboard.latin.panels.BrowserPanelView{ef103e4 V.E...... ........ 0,0-1440,1988} during second layout pass: posting in next frame
06-05 14:03:54.738 26150 26150 W View    : requestLayout() improperly called by helium314.keyboard.latin.panels.BrowserPanelView{ef103e4 V.E...... ......I. 0,0-1440,1988} during layout: running second layout pass
06-05 14:03:54.751 26150 26150 W View    : requestLayout() improperly called by helium314.keyboard.latin.panels.BrowserPanelView{ef103e4 V.E...... ........ 0,0-1440,1988} during second layout pass: posting in next frame
06-05 14:03:54.756 26150 26150 W View    : requestLayout() improperly called by helium314.keyboard.latin.panels.BrowserPanelView{ef103e4 V.E...... ......I. 0,0-1440,1988} during layout: running second layout pass
06-05 14:03:54.761 26150 26150 W View    : requestLayout() improperly called by helium314.keyboard.latin.panels.BrowserPanelView{ef103e4 V.E...... ........ 0,0-1440,1988} during second layout pass: posting in next frame
06-05 14:03:54.772 26150 26150 W View    : requestLayout() improperly called by helium314.keyboard.latin.panels.BrowserPanelView{ef103e4 V.E...... ......I. 0,0-1440,1988} during layout: running second layout pass
06-05 14:03:54.784 26150 26150 W View    : requestLayout() improperly called by helium314.keyboard.latin.panels.BrowserPanelView{ef103e4 V.E...... ........ 0,0-1440,1988} during second layout pass: posting in next frame
06-05 14:03:54.789 26150 26150 W View    : requestLayout() improperly called by helium314.keyboard.latin.panels.BrowserPanelView{ef103e4 V.E...... ......I. 0,0-1440,1988} during layout: running second layout pass
06-05 14:03:54.794 26150 26150 W View    : requestLayout() improperly called by helium314.keyboard.latin.panels.BrowserPanelView{ef103e4 V.E...... ........ 0,0-1440,1988} during second layout pass: posting in next frame
06-05 14:03:54.807 26150 26150 W View    : requestLayout() improperly called by helium314.keyboard.latin.panels.BrowserPanelView{ef103e4 V.E...... ......I. 0,0-1440,1988} during layout: running second layout pass
06-05 14:03:54.816 26150 26150 W View    : requestLayout() improperly called by helium314.keyboard.latin.panels.BrowserPanelView{ef103e4 V.E...... ........ 0,0-1440,1988} during second layout pass: posting in next frame
06-05 14:03:54.824 26150 26150 W View    : requestLayout() improperly called by helium314.keyboard.latin.panels.BrowserPanelView{ef103e4 V.E...... ......ID 0,0-1440,1988} during layout: running second layout pass
06-05 14:03:54.828 26150 26150 W View    : requestLayout() improperly called by helium314.keyboard.latin.panels.BrowserPanelView{ef103e4 V.E...... ........ 0,0-1440,1988} during second layout pass: posting in next frame
06-05 14:03:54.839 26150 26150 W View    : requestLayout() improperly called by helium314.keyboard.latin.panels.BrowserPanelView{ef103e4 V.E...... ......I. 0,0-1440,1988} during layout: running second layout pass
06-05 14:03:54.845 26150 26150 W View    : requestLayout() improperly called by helium314.keyboard.latin.panels.BrowserPanelView{ef103e4 V.E...... ........ 0,0-1440,1988} during second layout pass: posting in next frame
06-05 14:03:54.852   439  3805 W Codec2Client: query -- param skipped: index = 1342179345.
06-05 14:03:54.852   439  3805 W Codec2Client: query -- param skipped: index = 2415921170.
06-05 14:03:54.852   439  3805 W Codec2Client: query -- param skipped: index = 1610614798.
06-05 14:03:54.853 26150 26150 W View    : requestLayout() improperly called by helium314.keyboard.latin.panels.BrowserPanelView{ef103e4 V.E...... ......I. 0,0-1440,1988} during layout: running second layout pass
06-05 14:03:54.862 26150 26150 W View    : requestLayout() improperly called by helium314.keyboard.latin.panels.BrowserPanelView{ef103e4 V.E...... ........ 0,0-1440,1988} during second layout pass: posting in next frame
06-05 14:03:54.863   439   673 W libc    : Access denied finding property "vendor.oplus.media.vpp.stutter"
06-05 14:03:54.863   439   673 E MULTIMEDIAConfig: [getInt32:L80] Not find config, Returning default
06-05 14:03:54.863   439   673 E MULTIMEDIAConfig: [getInt32:L80] Not find config, Returning default
06-05 14:03:54.863   439   673 E OplusACodec: [OplusACodec:204] mSrOsieMMListCheckResult:0x0 mOsieVersion:1
06-05 14:03:54.870 26150 26150 W View    : requestLayout() improperly called by helium314.keyboard.latin.panels.BrowserPanelView{ef103e4 V.E...... ......I. 0,0-1440,1988} during layout: running second layout pass
06-05 14:03:54.876 26150 26150 W View    : requestLayout() improperly called by helium314.keyboard.latin.panels.BrowserPanelView{ef103e4 V.E...... ........ 0,0-1440,1988} during second layout pass: posting in next frame
06-05 14:03:54.887 26150 26150 W View    : requestLayout() improperly called by helium314.keyboard.latin.panels.BrowserPanelView{ef103e4 V.E...... ......I. 0,0-1440,1988} during layout: running second layout pass
06-05 14:03:54.891   439  4130 E OplusACodec: [GetVideoCodingTypeFromMime:L1162] mime:video/avc
06-05 14:03:54.897 26150 26150 W View    : requestLayout() improperly called by helium314.keyboard.latin.panels.BrowserPanelView{ef103e4 V.E...... ........ 0,0-1440,1988} during second layout pass: posting in next frame
06-05 14:03:54.904 26150 26150 W View    : requestLayout() improperly called by helium314.keyboard.latin.panels.BrowserPanelView{ef103e4 V.E...... ......I. 0,0-1440,1988} during layout: running second layout pass
06-05 14:03:54.908 26150 26150 W View    : requestLayout() improperly called by helium314.keyboard.latin.panels.BrowserPanelView{ef103e4 V.E...... ........ 0,0-1440,1988} during second layout pass: posting in next frame
06-05 14:03:54.921 26150 26150 W View    : requestLayout() improperly called by helium314.keyboard.latin.panels.BrowserPanelView{ef103e4 V.E...... ......ID 0,0-1440,1988} during layout: running second layout pass
06-05 14:03:54.928 26150 26150 W View    : requestLayout() improperly called by helium314.keyboard.latin.panels.BrowserPanelView{ef103e4 V.E...... ........ 0,0-1440,1988} during second layout pass: posting in next frame
06-05 14:03:54.937 26150 26150 W View    : requestLayout() improperly called by helium314.keyboard.latin.panels.BrowserPanelView{ef103e4 V.E...... ......ID 0,0-1440,1988} during layout: running second layout pass
06-05 14:03:54.947 26150 26150 W View    : requestLayout() improperly called by helium314.keyboard.latin.panels.BrowserPanelView{ef103e4 V.E...... ........ 0,0-1440,1988} during second layout pass: posting in next frame
06-05 14:03:54.954 26150 26150 W View    : requestLayout() improperly called by helium314.keyboard.latin.panels.BrowserPanelView{ef103e4 V.E...... ......ID 0,0-1440,1988} during layout: running second layout pass
06-05 14:03:54.962 26150 26150 W View    : requestLayout() improperly called by helium314.keyboard.latin.panels.BrowserPanelView{ef103e4 V.E...... ........ 0,0-1440,1988} during second layout pass: posting in next frame
06-05 14:03:54.970 26150 26150 W View    : requestLayout() improperly called by helium314.keyboard.latin.panels.BrowserPanelView{ef103e4 V.E...... ......ID 0,0-1440,1988} during layout: running second layout pass
06-05 14:03:54.976 26150 26150 W View    : requestLayout() improperly called by helium314.keyboard.latin.panels.BrowserPanelView{ef103e4 V.E...... ........ 0,0-1440,1988} during second layout pass: posting in next frame
06-05 14:03:54.988 26150 26150 W View    : requestLayout() improperly called by helium314.keyboard.latin.panels.BrowserPanelView{ef103e4 V.E...... ......ID 0,0-1440,1988} during layout: running second layout pass
06-05 14:03:54.997 26150 26150 W View    : requestLayout() improperly called by helium314.keyboard.latin.panels.BrowserPanelView{ef103e4 V.E...... ........ 0,0-1440,1988} during second layout pass: posting in next frame
06-05 14:03:55.020 26150 26150 W GeckoEventDispatcher: No listener for GeckoView:DismissClipboardPermissionRequest
06-05 14:03:55.025 26150 30901 E BLASTBufferQueue: BLASTBufferItemConsumer::onDisconnect()
06-05 14:03:55.029 26150 26150 E GeckoView: Failed to detach WindowInsetsListener: 
06-05 14:03:55.029 26150 26150 E GeckoView: java.lang.NullPointerException: Attempt to invoke virtual method 'android.view.Window android.app.Activity.getWindow()' on a null object reference
06-05 14:03:55.029 26150 26150 E GeckoView: 	at org.mozilla.geckoview.GeckoView.detachWindowInsetsListener(r8-map-id-8e1642290f06d2e3065407ad3f88486c6105d90599de5d137f8a8e1d3f06e70e:1)
06-05 14:03:55.029 26150 26150 E GeckoView: 	at org.mozilla.geckoview.GeckoView.onDetachedFromWindow(r8-map-id-8e1642290f06d2e3065407ad3f88486c6105d90599de5d137f8a8e1d3f06e70e:25)
06-05 14:03:55.029 26150 26150 E GeckoView: 	at android.view.View.dispatchDetachedFromWindow(View.java:20955)
06-05 14:03:55.029 26150 26150 E GeckoView: 	at android.view.ViewGroup.dispatchDetachedFromWindow(ViewGroup.java:4014)
06-05 14:03:55.029 26150 26150 E GeckoView: 	at android.view.ViewGroup.removeViewInternal(ViewGroup.java:5660)
06-05 14:03:55.029 26150 26150 E GeckoView: 	at android.view.ViewGroup.removeViewInternal(ViewGroup.java:5631)
06-05 14:03:55.029 26150 26150 E GeckoView: 	at android.view.ViewGroup.removeView(ViewGroup.java:5562)
06-05 14:03:55.029 26150 26150 E GeckoView: 	at helium314.keyboard.latin.panels.BrowserPanelView.P(r8-map-id-8e1642290f06d2e3065407ad3f88486c6105d90599de5d137f8a8e1d3f06e70e:119)
06-05 14:03:55.029 26150 26150 E GeckoView: 	at helium314.keyboard.latin.panels.BrowserPanelView.F0(r8-map-id-8e1642290f06d2e3065407ad3f88486c6105d90599de5d137f8a8e1d3f06e70e:73)
06-05 14:03:55.029 26150 26150 E GeckoView: 	at i7.c0.r(r8-map-id-8e1642290f06d2e3065407ad3f88486c6105d90599de5d137f8a8e1d3f06e70e:149)
06-05 14:03:55.029 26150 26150 E GeckoView: 	at i7.c0.P(r8-map-id-8e1642290f06d2e3065407ad3f88486c6105d90599de5d137f8a8e1d3f06e70e:17)
06-05 14:03:55.029 26150 26150 E GeckoView: 	at a8.e5.a(r8-map-id-8e1642290f06d2e3065407ad3f88486c6105d90599de5d137f8a8e1d3f06e70e:3)
06-05 14:03:55.029 26150 26150 E GeckoView: 	at a8.c3.onClick(r8-map-id-8e1642290f06d2e3065407ad3f88486c6105d90599de5d137f8a8e1d3f06e70e:209)
06-05 14:03:55.029 26150 26150 E GeckoView: 	at android.view.View.performClick(View.java:7488)
06-05 14:03:55.029 26150 26150 E GeckoView: 	at android.view.View.performClickInternal(View.java:7464)
06-05 14:03:55.029 26150 26150 E GeckoView: 	at android.view.View.access$3700(View.java:841)
06-05 14:03:55.029 26150 26150 E GeckoView: 	at android.view.View$PerformClick.run(View.java:28911)
06-05 14:03:55.029 26150 26150 E GeckoView: 	at android.os.Handler.handleCallback(Handler.java:938)
06-05 14:03:55.029 26150 26150 E GeckoView: 	at android.os.Handler.dispatchMessage(Handler.java:99)
06-05 14:03:55.029 26150 26150 E GeckoView: 	at android.os.Looper.loopOnce(Looper.java:233)
06-05 14:03:55.029 26150 26150 E GeckoView: 	at android.os.Looper.loop(Looper.java:344)
06-05 14:03:55.029 26150 26150 E GeckoView: 	at android.app.ActivityThread.main(ActivityThread.java:8212)
06-05 14:03:55.029 26150 26150 E GeckoView: 	at java.lang.reflect.Method.invoke(Native Method)
06-05 14:03:55.029 26150 26150 E GeckoView: 	at com.android.internal.os.RuntimeInit$MethodAndArgsCaller.run(RuntimeInit.java:584)
06-05 14:03:55.029 26150 26150 E GeckoView: 	at com.android.internal.os.ZygoteInit.main(ZygoteInit.java:1034)
06-05 14:03:55.044 26150 27013 E GeckoConsole: [JavaScript Error: "TypeError: can't access property "WindowEventDispatcher", win is null" {file: "resource://gre/modules/GeckoViewSessionStore.sys.mjs" line: 149}]
06-05 14:03:55.044 26150 27013 E GeckoConsole: onTabStateUpdate@resource://gre/modules/GeckoViewSessionStore.sys.mjs:149:5
06-05 14:03:55.044 26150 27013 E GeckoConsole: updateSessionStoreFromTabListener@resource://gre/modules/GeckoViewSessionStore.sys.mjs:243:10
06-05 14:03:55.044 26150 27013 E GeckoConsole: SSF_updateSessionStore@resource://gre/modules/SessionStoreFunctions.sys.mjs:46:27
06-05 14:03:55.044 26150 27013 E GeckoConsole: UpdateSessionStore@resource://gre/modules/SessionStoreFunctions.sys.mjs:16:46
06-05 14:03:55.070 26150 27013 E GeckoConsole: [JavaScript Error: "TypeError: can't access property "WindowEventDispatcher", win is null" {file: "resource://gre/modules/GeckoViewSessionStore.sys.mjs" line: 149}]
06-05 14:03:55.070 26150 27013 E GeckoConsole: onTabStateUpdate@resource://gre/modules/GeckoViewSessionStore.sys.mjs:149:5
06-05 14:03:55.070 26150 27013 E GeckoConsole: updateSessionStoreFromTabListener@resource://gre/modules/GeckoViewSessionStore.sys.mjs:243:10
06-05 14:03:55.070 26150 27013 E GeckoConsole: SSF_updateSessionStore@resource://gre/modules/SessionStoreFunctions.sys.mjs:46:27
06-05 14:03:55.070 26150 27013 E GeckoConsole: UpdateSessionStore@resource://gre/modules/SessionStoreFunctions.sys.mjs:16:46
06-05 14:03:55.058 26150 26150 W com.vibekey.keyboard: type=1400 audit(0.0:162701): avc: denied { nlmsg_readpriv } for comm=536F636B657420546872656164 scontext=u:r:untrusted_app:s0:c98,c271,c512,c768 tcontext=u:r:untrusted_app:s0:c98,c271,c512,c768 tclass=netlink_route_socket permissive=0 bug=b/155595000 app=com.vibekey.keyboard
06-05 14:03:55.077 26150 26150 W View    : requestLayout() improperly called by helium314.keyboard.latin.panels.BrowserPanelView{ef103e4 G.E...... ......ID 0,0-1440,1988} during second layout pass: posting in next frame
06-05 14:03:55.181  4145  4145 E .keyboard:tab1: Unknown bits set in runtime_flags: 0x40000000
06-05 14:03:55.218 26150 26150 W com.vibekey.keyboard: type=1400 audit(0.0:162702): avc: denied { nlmsg_readpriv } for comm=536F636B657420546872656164 scontext=u:r:untrusted_app:s0:c98,c271,c512,c768 tcontext=u:r:untrusted_app:s0:c98,c271,c512,c768 tclass=netlink_route_socket permissive=0 bug=b/155595000 app=com.vibekey.keyboard
06-05 14:03:55.228   439  4077 W Codec2Client: query -- param skipped: index = 1342179345.
06-05 14:03:55.228   439  4077 W Codec2Client: query -- param skipped: index = 2415921170.
06-05 14:03:55.228   439  4077 W Codec2Client: query -- param skipped: index = 1610614798.
06-05 14:03:55.266  2191  2285 E Isolated Web Content: [JavaScript Error: "Cookie “_cookie_test” has been rejected for invalid domain." {file: "https://www.cnn.com/" line: 0}]
06-05 14:03:55.267  2191  2285 E Isolated Web Content: [JavaScript Error: "Cookie “_cookie_test” has been rejected for invalid domain." {file: "https://www.cnn.com/" line: 0}]
06-05 14:03:55.273  2191  2285 E Isolated Web Content: [JavaScript Error: "Cookie “_cookie_test” has been rejected for invalid domain." {file: "https://www.cnn.com/" line: 0}]
06-05 14:03:55.273  2191  2285 E Isolated Web Content: [JavaScript Error: "Cookie “_cookie_test” has been rejected for invalid domain." {file: "https://www.cnn.com/" line: 0}]
06-05 14:03:55.283  4145  4187 E GeckoLibLoad: Load sqlite start
06-05 14:03:55.289  2191  2285 E Isolated Web Content: [JavaScript Error: "Cookie “_cookie_test” has been rejected for invalid domain." {file: "https://www.cnn.com/" line: 0}]
06-05 14:03:55.289  2191  2285 E Isolated Web Content: [JavaScript Error: "Cookie “_cookie_test” has been rejected for invalid domain." {file: "https://www.cnn.com/" line: 0}]
06-05 14:03:55.291  4145  4187 E GeckoLibLoad: Load sqlite done
06-05 14:03:55.291  4145  4187 E GeckoLibLoad: Load nss start
06-05 14:03:55.291  4145  4187 E GeckoLibLoad: Load nss done
06-05 14:03:55.328 26150 26150 W com.vibekey.keyboard: type=1400 audit(0.0:162703): avc: denied { nlmsg_readpriv } for comm=536F636B657420546872656164 scontext=u:r:untrusted_app:s0:c98,c271,c512,c768 tcontext=u:r:untrusted_app:s0:c98,c271,c512,c768 tclass=netlink_route_socket permissive=0 bug=b/155595000 app=com.vibekey.keyboard
06-05 14:03:55.343  4145  4187 E GeckoLibLoad: Loaded libs in 51.248490ms total, 19ms(20ms) user, 0ms(2ms) system, 4(4) faults
06-05 14:03:55.343  4145  4187 W GeckoThread: zerdatime 359478204 - runGecko
06-05 14:03:55.488 26150 26150 W com.vibekey.keyboard: type=1400 audit(0.0:162704): avc: denied { nlmsg_readpriv } for comm=536F636B657420546872656164 scontext=u:r:untrusted_app:s0:c98,c271,c512,c768 tcontext=u:r:untrusted_app:s0:c98,c271,c512,c768 tclass=netlink_route_socket permissive=0 bug=b/155595000 app=com.vibekey.keyboard
06-05 14:03:55.813 26150 26150 W GeckoEventDispatcher: No listener for GeckoView:DismissClipboardPermissionRequest
06-05 14:03:55.814 26150 27013 E GeckoConsole: [JavaScript Error: "TypeError: can't access property "WindowEventDispatcher", win is null" {file: "resource://gre/modules/GeckoViewSessionStore.sys.mjs" line: 149}]
06-05 14:03:55.814 26150 27013 E GeckoConsole: onTabStateUpdate@resource://gre/modules/GeckoViewSessionStore.sys.mjs:149:5
06-05 14:03:55.814 26150 27013 E GeckoConsole: updateSessionStoreFromTabListener@resource://gre/modules/GeckoViewSessionStore.sys.mjs:243:10
06-05 14:03:55.814 26150 27013 E GeckoConsole: SSF_updateSessionStore@resource://gre/modules/SessionStoreFunctions.sys.mjs:46:27
06-05 14:03:55.814 26150 27013 E GeckoConsole: UpdateSessionStore@resource://gre/modules/SessionStoreFunctions.sys.mjs:16:46
06-05 14:03:55.824  2191  2285 W Isolated Web Content: [JavaScript Warning: "Cookie “FastAB_Zion” with the “SameSite” attribute value “Lax” or “Strict” was omitted because of a cross-site redirect." {file: "https://umto.cnn.com/user-sync?bea4=ume3174_7649187828202446358&domain=cnn.com" line: 0}]
06-05 14:03:55.824  2191  2285 W Isolated Web Content: [JavaScript Warning: "Cookie “_pctx” with the “SameSite” attribute value “Lax” or “Strict” was omitted because of a cross-site redirect." {file: "https://umto.cnn.com/user-sync?bea4=ume3174_7649187828202446358&domain=cnn.com" line: 0}]
06-05 14:03:55.824  2191  2285 W Isolated Web Content: [JavaScript Warning: "Cookie “_pcid” with the “SameSite” attribute value “Lax” or “Strict” was omitted because of a cross-site redirect." {file: "https://umto.cnn.com/user-sync?bea4=ume3174_7649187828202446358&domain=cnn.com" line: 0}]
06-05 14:03:55.824  2191  2285 W Isolated Web Content: [JavaScript Warning: "Cookie “__tbc” with the “SameSite” attribute value “Lax” or “Strict” was omitted because of a cross-site redirect." {file: "https://umto.cnn.com/user-sync?bea4=ume3174_7649187828202446358&domain=cnn.com" line: 0}]
06-05 14:03:55.824  2191  2285 W Isolated Web Content: [JavaScript Warning: "Cookie “__pat” with the “SameSite” attribute value “Lax” or “Strict” was omitted because of a cross-site redirect." {file: "https://umto.cnn.com/user-sync?bea4=ume3174_7649187828202446358&domain=cnn.com" line: 0}]
06-05 14:03:55.824  2191  2285 W Isolated Web Content: [JavaScript Warning: "Cookie “__pvi” with the “SameSite” attribute value “Lax” or “Strict” was omitted because of a cross-site redirect." {file: "https://umto.cnn.com/user-sync?bea4=ume3174_7649187828202446358&domain=cnn.com" line: 0}]
06-05 14:03:55.824  2191  2285 W Isolated Web Content: [JavaScript Warning: "Cookie “xbc” with the “SameSite” attribute value “Lax” or “Strict” was omitted because of a cross-site redirect." {file: "https://umto.cnn.com/user-sync?bea4=ume3174_7649187828202446358&domain=cnn.com" line: 0}]
06-05 14:03:55.824  2191  2285 W Isolated Web Content: [JavaScript Warning: "Cookie “_pcus” with the “SameSite” attribute value “Lax” or “Strict” was omitted because of a cross-site redirect." {file: "https://umto.cnn.com/user-sync?bea4=ume3174_7649187828202446358&domain=cnn.com" line: 0}]
06-05 14:03:55.824  2191  2285 W Isolated Web Content: [JavaScript Warning: "Cookie “WMUKID_STABLE” with the “SameSite” attribute value “Lax” or “Strict” was omitted because of a cross-site redirect." {file: "https://umto.cnn.com/user-sync?bea4=ume3174_7649187828202446358&domain=cnn.com" line: 0}]
06-05 14:03:55.824  2191  2285 W Isolated Web Content: [JavaScript Warning: "Cookie “datid” with the “SameSite” attribute value “Lax” or “Strict” was omitted because of a cross-site redirect." {file: "https://umto.cnn.com/user-sync?bea4=ume3174_7649187828202446358&domain=cnn.com" line: 0}]
06-05 14:03:55.824  2191  2285 W Isolated Web Content: [JavaScript Warning: "Cookie “sendWMSegs” with the “SameSite” attribute value “Lax” or “Strict” was omitted because of a cross-site redirect." {file: "https://umto.cnn.com/user-sync?bea4=ume3174_7649187828202446358&domain=cnn.com" line: 0}]
06-05 14:03:55.824  2191  2285 W Isolated Web Content: [JavaScript Warning: "Cookie “sendAuthToken” with the “SameSite” attribute value “Lax” or “Strict” was omitted because of a cross-site redirect." {file: "https://umto.cnn.com/user-sync?bea4=ume3174_7649187828202446358&domain=cnn.com" line: 0}]
06-05 14:03:55.824  2191  2285 W Isolated Web Content: [JavaScript Warning: "Cookie “sendAuthToken2” with the “SameSite” attribute value “Lax” or “Strict” was omitted because of a cross-site redirect." {file: "https://umto.cnn.com/user-sync?bea4=ume3174_7649187828202446358&domain=cnn.com" line: 0}]
06-05 14:03:55.824  2191  2285 W Isolated Web Content: [JavaScript Warning: "Cookie “psmSessionId” with the “SameSite” attribute value “Lax” or “Strict” was omitted because of a cross-site redirect." {file: "https://umto.cnn.com/user-sync?bea4=ume3174_7649187828202446358&domain=cnn.com" line: 0}]
06-05 14:03:55.824  2191  2285 W Isolated Web Content: [JavaScript Warning: "Cookie “psmSessionStart” with the “SameSite” attribute value “Lax” or “Strict” was omitted because of a cross-site redirect." {file: "https://umto.cnn.com/user-sync?bea4=ume3174_7649187828202446358&domain=cnn.com" line: 0}]
06-05 14:03:55.824  2191  2285 W Isolated Web Content: [JavaScript Warning: "Cookie “psmPageLoadId” with the “SameSite” attribute value “Lax” or “Strict” was omitted because of a cross-site redirect." {file: "https://umto.cnn.com/user-sync?bea4=ume3174_7649187828202446358&domain=cnn.com" line: 0}]
06-05 14:03:55.824  2191  2285 W Isolated Web Content: [JavaScript Warning: "Cookie “isInAuthTokenExperiment” with the “SameSite” attribute value “Lax” or “Strict” was omitted because of a cross-site redirect." {file: "https://umto.cnn.com/user-sync?bea4=ume3174_7649187828202446358&domain=cnn.com" line: 0}]
06-05 14:03:55.825  2191  2285 W Isolated Web Content: [JavaScript Warning: "Cookie “psmLastActiveTimestamp” with the “SameSite” attribute value “Lax” or “Strict” was omitted because of a cross-site redirect." {file: "https://umto.cnn.com/user-sync?bea4=ume3174_7649187828202446358&domain=cnn.com" line: 0}]
06-05 14:03:55.848 26150 26150 W com.vibekey.keyboard: type=1400 audit(0.0:162705): avc: denied { nlmsg_readpriv } for comm=536F636B657420546872656164 scontext=u:r:untrusted_app:s0:c98,c271,c512,c768 tcontext=u:r:untrusted_app:s0:c98,c271,c512,c768 tclass=netlink_route_socket permissive=0 bug=b/155595000 app=com.vibekey.keyboard
06-05 14:03:56.008 26150 26150 W com.vibekey.keyboard: type=1400 audit(0.0:162706): avc: denied { nlmsg_readpriv } for comm=536F636B657420546872656164 scontext=u:r:untrusted_app:s0:c98,c271,c512,c768 tcontext=u:r:untrusted_app:s0:c98,c271,c512,c768 tclass=netlink_route_socket permissive=0 bug=b/155595000 app=com.vibekey.keyboard
06-05 14:03:56.148 26150 26150 W com.vibekey.keyboard: type=1400 audit(0.0:162707): avc: denied { nlmsg_readpriv } for comm=536F636B657420546872656164 scontext=u:r:untrusted_app:s0:c98,c271,c512,c768 tcontext=u:r:untrusted_app:s0:c98,c271,c512,c768 tclass=netlink_route_socket permissive=0 bug=b/155595000 app=com.vibekey.keyboard
06-05 14:03:56.215  2191  2285 E Isolated Web Content: [JavaScript Error: "The resource from “https://px.ads.linkedin.com/db_sync?pid=10339&puuid=20df0140b12549baf3a15e4654f91ff4c862f86106699c40ded853a2782fd099791426b5417dce21&rand=01659437&expected_cookie=0b756759-4854-459d-a41a-104592b2657e” was blocked due to MIME type (“”) mismatch (X-Content-Type-Options: nosniff)." {file: "https://www.cnn.com/" line: 0}]
06-05 14:03:56.216  2191  2285 W Isolated Web Content: [JavaScript Warning: "Loading failed for the <script> with source “https://idsync.rlcdn.com/712551.gif?partner_uid=6c2a7f83-a3ef-4bb8-873e-a8bfd230a01f”." {file: "https://www.cnn.com/" line: 1}]
06-05 14:03:56.622  4367  4367 E .keyboard:tab1: Unknown bits set in runtime_flags: 0x40000000
06-05 14:03:56.651 26150 26150 W GeckoEventDispatcher: No listener for GeckoView:DismissClipboardPermissionRequest
06-05 14:03:56.652 26150 27013 E GeckoConsole: [JavaScript Error: "TypeError: can't access property "WindowEventDispatcher", win is null" {file: "resource://gre/modules/GeckoViewSessionStore.sys.mjs" line: 149}]
06-05 14:03:56.652 26150 27013 E GeckoConsole: onTabStateUpdate@resource://gre/modules/GeckoViewSessionStore.sys.mjs:149:5
06-05 14:03:56.652 26150 27013 E GeckoConsole: updateSessionStoreFromTabListener@resource://gre/modules/GeckoViewSessionStore.sys.mjs:243:10
06-05 14:03:56.652 26150 27013 E GeckoConsole: SSF_updateSessionStore@resource://gre/modules/SessionStoreFunctions.sys.mjs:46:27
06-05 14:03:56.652 26150 27013 E GeckoConsole: UpdateSessionStore@resource://gre/modules/SessionStoreFunctions.sys.mjs:16:46
06-05 14:03:56.679  4367  4397 E GeckoLibLoad: Load sqlite start
06-05 14:03:56.680  4367  4397 E GeckoLibLoad: Load sqlite done
06-05 14:03:56.680  4367  4397 E GeckoLibLoad: Load nss start
06-05 14:03:56.680  4367  4397 E GeckoLibLoad: Load nss done
06-05 14:03:56.701  4367  4397 E GeckoLibLoad: Loaded libs in 21.064635ms total, 2ms(0ms) user, 11ms(16ms) system, 0(0) faults
06-05 14:03:56.702  4367  4397 W GeckoThread: zerdatime 359479563 - runGecko
06-05 14:03:56.904 26150 26150 W Settings: Setting transition_animation_scale has moved from android.provider.Settings.System to android.provider.Settings.Global, returning read-only value.
--------- beginning of crash
06-05 14:03:57.110 26150 27265 F libc    : Pointer tag for 0xffffffffffffffff was truncated, see 'https://source.android.com/devices/tech/debug/tagged-pointers'.
06-05 14:03:57.115 26150 26896 F libc    : Pointer tag for 0xffffffffffffffff was truncated, see 'https://source.android.com/devices/tech/debug/tagged-pointers'.
06-05 14:03:57.116 26150 26228 F libc    : Pointer tag for 0xffffffffffffffff was truncated, see 'https://source.android.com/devices/tech/debug/tagged-pointers'.
06-05 14:03:57.591  4471  4471 E libcrashpad_handler_trampoline.so: createInstance(64bit) : createExtendedFactory
06-05 14:03:57.599  4471  4471 E libcrashpad_handler_trampoline.so: createInstance(64bit) : createExtendedFactory
06-05 14:03:57.599  4471  4471 E libcrashpad_handler_trampoline.so: Opened libinputextensionsimpl.so
06-05 14:03:57.599  4471  4471 E libcrashpad_handler_trampoline.so: Opened libinputextensionsimpl.so
06-05 14:03:57.602  4471  4471 E libcrashpad_handler_trampoline.so: createInstance(64bit) : createExtendedFactory
06-05 14:03:57.603  4471  4471 E libcrashpad_handler_trampoline.so: createInstance(64bit) : createExtendedFactory
06-05 14:03:57.603  4471  4471 E libcrashpad_handler_trampoline.so: Opened libsensorextimpl.so
06-05 14:03:57.604  4471  4471 E libcrashpad_handler_trampoline.so: Opened libsensorextimpl.so
06-05 14:03:57.793  4471  4471 E chromium: [0605/140357.792966:ERROR:third_party/crashpad/crashpad/util/process/process_memory_range.cc:75] read out of range
06-05 14:03:59.342  4508  4508 E ibekey.keyboar: Unknown bits set in runtime_flags: 0x40000000
06-05 14:03:59.732  4508  4508 W f0      : Could not load system glide typing library jni_latinimegoogle: dlopen failed: library "libjni_latinimegoogle.so" not found
06-05 14:04:00.038  4508  4508 W t       : No editor info for this field. Bug?
06-05 14:04:00.076  4508  4508 I VkMultilingual: reset main=en-US locales=[es,de,en] count=3
06-05 14:04:00.198  4508  4508 W ibekey.keyboar: ClassLoaderContext classpath size mismatch. expected=1, found=0 (DLC[];PCL[base.apk*116719914]{PCL[/system/framework/org.apache.http.legacy.jar*3034548894]#PCL[/apex/com.android.extservices/javalib/android.ext.adservices.jar*3839736497]#PCL[/system/framework/com.android.location.provider.jar*3633238672]#PCL[/system/framework/com.android.media.remotedisplay.jar*3472798123]#PCL[/apex/com.android.extservices/javalib/android.ext.adservices.jar*3839736497]} | DLC[];PCL[])
06-05 14:04:00.235  4508  4508 W System  : ClassLoader referenced unknown path: 
06-05 14:04:00.253  4508  4508 W ibekey.keyboar: ClassLoaderContext classpath element checksum mismatch. expected=116719914, found=858343513 (DLC[];PCL[base.apk*116719914]{PCL[/system/framework/org.apache.http.legacy.jar*3034548894]#PCL[/apex/com.android.extservices/javalib/android.ext.adservices.jar*3839736497]#PCL[/system/framework/com.android.location.provider.jar*3633238672]#PCL[/system/framework/com.android.media.remotedisplay.jar*3472798123]#PCL[/apex/com.android.extservices/javalib/android.ext.adservices.jar*3839736497]} | DLC[];PCL[/data/app/~~48AXyMfu3DM1C-6_8wrhGw==/com.vibekey.keyboard-Mj60lvqE9pgkkVqjz7J6Lg==/base.apk*858343513]{PCL[/apex/com.android.extservices/javalib/android.ext.adservices.jar*3839736497]})
06-05 14:04:00.697  4508  4508 E ibekey.keyboar: ofbOpen failed with error=No such file or directory
06-05 14:04:00.697  4508  4508 E ibekey.keyboar: sysOpen failed with error=No such file or directory
06-05 14:04:00.739  4508  4576 W Ads     : Update ad debug logging enablement as false
06-05 14:04:00.796  4508  4508 E MultiApp.Impl: OplusMultiAppImpl
06-05 14:04:00.896  4508  4627 W libc    : Access denied finding property "ro.vendor.api_level"
06-05 14:04:00.900  4508  4508 W chromium: [WARNING:android_webview/browser/network_service/net_helpers.cc:137] HTTP Cache size is: 20971520
06-05 14:04:00.986  4508  4508 I VkSwipe : ○ gesture canceled
06-05 14:04:00.989  4508  4508 E OplusCustomizeRestrictionManager: sInstance is null, start a new sInstance
06-05 14:04:01.006  4508  4662 W libc    : Access denied finding property "vendor.camera.aux.packagelist"
06-05 14:04:01.006  4508  4662 W libc    : Access denied finding property "vendor.camera.aux.packagelist"
06-05 14:04:01.006  4508  4508 I VkEffects: reload anim=neon_pulse blur=0px glow=false stickers=true
06-05 14:04:01.011  4508  4604 W libc    : Access denied finding property "vendor.camera.aux.packagelist"
06-05 14:04:01.027  4508  4586 E ibekey.keyboar: Attempt to load writable dex file: /data/user/0/com.vibekey.keyboard/app_pccache/5/8EBCAAEC2B76C0A33B03137E81AA4B249A0F4C11/pcam.jar
06-05 14:04:01.029  4508  4565 I VkVibeCards: loaded 1 cards (disk)
06-05 14:04:01.038  4508  4508 W AdWorker(Defaul: type=1400 audit(0.0:162711): avc: granted { execute } for path="/data/data/com.vibekey.keyboard/app_pccache/5/8EBCAAEC2B76C0A33B03137E81AA4B249A0F4C11/pcam.jar" dev="dm-2" ino=789170 scontext=u:r:untrusted_app:s0:c98,c271,c512,c768 tcontext=u:object_r:app_data_file:s0:c98,c271,c512,c768 tclass=file app=com.vibekey.keyboard
06-05 14:04:01.046  4508  4590 W Ads     : Invoke Firebase method getInstance error.
06-05 14:04:01.046  4508  4590 W Ads     : The Google Mobile Ads SDK will not integrate with Firebase. Admob/Firebase integration requires the latest Firebase SDK jar, but Firebase SDK is either missing or out of date
06-05 14:04:01.052  4508  4663 W ServiceBindIntentUtils: Dynamic lookup for intent failed for action: com.google.android.gms.ads.service.CACHE
06-05 14:04:01.303  4508  4585 W Ads     : Not retrying to fetch app settings
06-05 14:04:01.304  4508  4577 W Ads     : Not retrying to fetch app settings
06-05 14:04:01.305  4508  4572 W Ads     : Not retrying to fetch app settings
06-05 14:04:01.307  4508  4705 W ServiceBindIntentUtils: Dynamic lookup for intent failed for action: com.google.android.gms.ads.service.START
06-05 14:04:01.309  4508  4645 W cr_media: BLUETOOTH_CONNECT permission is missing.
06-05 14:04:01.309  4508  4645 W cr_media: getBluetoothAdapter() requires BLUETOOTH permission
06-05 14:04:01.309  4508  4645 W cr_media: registerBluetoothIntentsIfNeeded: Requires BLUETOOTH permission
06-05 14:04:01.334  4508  4508 W View    : requestLayout() improperly called by android.widget.LinearLayout{edc3311 V.E...... ......ID 0,1868-1440,2818 #7f0a011b app:id/main_keyboard_frame} during layout: running second layout pass
06-05 14:04:01.525  4508  4656 W AudioCapabilities: Unsupported mime audio/ffmpeg
06-05 14:04:01.541  4508  4656 W VideoCapabilities: Unsupported mime video/ffmpeg
06-05 14:04:01.542  4508  4656 W VideoCapabilities: Unrecognized profile/level 0/3 for video/mpeg2
06-05 14:04:01.542  4508  4656 W VideoCapabilities: Unrecognized profile/level 0/3 for video/mpeg2
06-05 14:04:02.096  4508  4797 W Settings: Setting animator_duration_scale has moved from android.provider.Settings.System to android.provider.Settings.Global, returning read-only global URI.
06-05 14:04:02.130  4508  4797 E GeckoLibLoad: Load sqlite start
06-05 14:04:02.132  4508  4797 E GeckoLibLoad: Load sqlite done
06-05 14:04:02.133  4508  4797 E GeckoLibLoad: Load nss start
06-05 14:04:02.133  4508  4797 E GeckoLibLoad: Load nss done
06-05 14:04:02.173  4508  4797 E GeckoLibLoad: Loaded libs in 39.492656ms total, 3ms(93ms) user, 18ms(47ms) system, 0(0) faults
06-05 14:04:02.175  4508  4797 W GeckoThread: zerdatime 359485036 - runGecko
06-05 14:04:02.418  4508  4508 W com.vibekey.keyboard: type=1400 audit(0.0:162712): avc: denied { bind } for comm=4E65746C696E6B204D6F6E69746F72 scontext=u:r:untrusted_app:s0:c98,c271,c512,c768 tcontext=u:r:untrusted_app:s0:c98,c271,c512,c768 tclass=netlink_route_socket permissive=0 bug=b/155595000 app=com.vibekey.keyboard
06-05 14:04:02.443  4508  4797 E ibekey.keyboar: hiddenapi: Accessing hidden field Ljava/lang/Boolean;->value:Z (runtime_flags=0, domain=core-platform, api=max-target-p) from Lorg/mozilla/gecko/GeckoThread; (domain=app, TargetSdkVersion=35) using JNI: denied
06-05 14:04:02.443  4508  4797 E ibekey.keyboar: hiddenapi: Accessing hidden field Ljava/lang/Integer;->value:I (runtime_flags=0, domain=core-platform, api=max-target-p) from Lorg/mozilla/gecko/GeckoThread; (domain=app, TargetSdkVersion=35) using JNI: denied
06-05 14:04:02.443  4508  4797 E ibekey.keyboar: hiddenapi: Accessing hidden field Ljava/lang/Long;->value:J (runtime_flags=0, domain=core-platform, api=max-target-p) from Lorg/mozilla/gecko/GeckoThread; (domain=app, TargetSdkVersion=35) using JNI: denied
06-05 14:04:02.443  4508  4797 E ibekey.keyboar: hiddenapi: Accessing hidden field Ljava/lang/Double;->value:D (runtime_flags=0, domain=core-platform, api=max-target-p) from Lorg/mozilla/gecko/GeckoThread; (domain=app, TargetSdkVersion=35) using JNI: denied
06-05 14:04:03.143  4953  4953 E .keyboard:tab2: Unknown bits set in runtime_flags: 0x40000000
06-05 14:04:03.359  4508  4508 E Ads     : JS: Uncaught TypeError: Cannot read properties of null (reading 's') (https://pagead2.googlesyndication.com/omsdk/releases/live/omsdk-v1.js:27)
06-05 14:04:03.599 26222 30929 I OnDeviceAssist: warm ok model=qwen2.5-0.5b-instruct-q4_0.gguf ambient=40 chars 1165ms
06-05 14:04:03.794  4508  4593 W Ads     : Not retrying to fetch app settings
06-05 14:04:03.822  4508  4508 E Ads     : JS: Refused to get unsafe header "X-Afma-Gcache-IsGcacheHit" (https://www.gstatic.com/mysidia/38641a442446c53632a4e2bb29a65ad0.js?tag=addon/rewarded_video:434)
06-05 14:04:03.931  4508  4508 E Ads     : JS: Refused to get unsafe header "X-Afma-Gcache-IsGcacheHit" (https://www.gstatic.com/mysidia/38641a442446c53632a4e2bb29a65ad0.js?tag=addon/rewarded_video:434)
06-05 14:04:03.976 26222 27908 I OnDeviceAssist: warm ok model=qwen2.5-0.5b-instruct-q4_0.gguf ambient=40 chars 0ms
06-05 14:04:04.014  4508  4627 W libc    : Access denied finding property "vendor.oplus.media.vpp.stutter"
06-05 14:04:04.016  4508  4627 E MULTIMEDIAConfig: [getInt32:L80] Not find config, Returning default
06-05 14:04:04.016  4508  4627 E MULTIMEDIAConfig: [getInt32:L80] Not find config, Returning default
06-05 14:04:04.016  4508  4627 E OplusACodec: [OplusACodec:204] mSrOsieMMListCheckResult:0x0 mOsieVersion:1
06-05 14:04:04.058  4508  5013 E ListServiceUtils: checkInListByUid module:video-statistics uid:13938 cost 1279us return 0
06-05 14:04:04.059  4508  5013 E OplusACodec: [GetVideoCodingTypeFromMime:L1162] mime:video/x-vnd.on2.vp9
06-05 14:04:04.195  4508  4627 W cr_MediaCodecBridge: Releasing: OMX.qcom.video.decoder.vp9
06-05 14:04:04.196  4508  5012 E ExtensionsLoader: freeAllBuffers: 13 buffers were freed while being dequeued!
06-05 14:04:04.197  4508  4627 W cr_MediaCodecBridge: Codec released
06-05 14:04:05.446  4508  4517 W ibekey.keyboar: Cleared Reference was only reachable from finalizer (only reported once)
06-05 14:04:07.408  4508  4508 W Settings: Setting transition_animation_scale has moved from android.provider.Settings.System to android.provider.Settings.Global, returning read-only value.
06-05 14:04:11.639  4508  4780 E ActivityThread: Failed to find provider info for com.oplus.statistics.provider
06-05 14:04:11.639  4508  4780 E OplusStatistics--: IllegalArgumentException:java.lang.IllegalArgumentException: Unknown URL content://com.oplus.statistics.provider/track_event
