06-05 18:11:17.343 14436 14726 I VkSuggestions: decode typedLen=3 candidates=18 locales=3 11.7ms
06-05 18:11:17.345 14436 14726 I VkAutocorrect: offered: wel → wel
06-05 18:11:17.345 14436 14726 I VkSuggestions: strip composing typedLen=3 candidates=18 autocorrect=true top=wel locale=en
06-05 18:11:17.500 14436 14726 W VibeKeyProfiler: Slow Native Suggest: Total=9.07ms | Init=0.08ms | TrieExpand(x16)=8.95ms | Scoring=0.04ms | inputSize=4
06-05 18:11:17.517 14436 14726 W VibeKeyProfiler: Slow Native Suggest: Total=8.58ms | Init=0.05ms | TrieExpand(x14)=8.50ms | Scoring=0.04ms | inputSize=4
06-05 18:11:17.526 14436 14726 W VibeKeyProfiler: Slow Native Suggest: Total=8.34ms | Init=0.27ms | TrieExpand(x17)=8.03ms | Scoring=0.03ms | inputSize=4
06-05 18:11:17.527 14436 14726 I VkSuggestions: decode typedLen=4 candidates=18 locales=3 35.7ms
06-05 18:11:17.527 14436 14726 W VkSuggestions: slow frame 35.7ms locales=3 typedLen=4 candidates=18 parallelWait=35.5ms
06-05 18:11:17.529 14436 14726 I VkSuggestions: strip composing typedLen=4 candidates=14 autocorrect=false top=well locale=en
06-05 18:11:18.174 14436 14436 I VkAutocorrect: picked: well
06-05 18:11:18.278 14436 14726 I VkSuggestions: decode typedLen=0 candidates=3 locales=3 0.8ms
06-05 18:11:18.280 14436 14726 I VkSuggestions: strip prediction typedLen=0 candidates=3 autocorrect=false top=I locale=en
06-05 18:11:18.684 14436 14726 I VkSuggestions: decode typedLen=1 candidates=18 locales=3 17.8ms
06-05 18:11:18.685 14436 14726 W VkSuggestions: slow frame 17.8ms locales=3 typedLen=1 candidates=18 parallelWait=17.7ms
06-05 18:11:18.685 14436 14726 I VkSuggestions: strip composing typedLen=1 candidates=18 autocorrect=false top=j locale=en
06-05 18:11:18.876 14436 14726 I VkSuggestions: decode typedLen=2 candidates=18 locales=3 15.2ms
06-05 18:11:18.878 14436 14726 I VkSuggestions: strip composing typedLen=2 candidates=16 autocorrect=false top=jo locale=en
06-05 18:11:19.014 14436 14726 I VkSuggestions: decode typedLen=3 candidates=18 locales=3 11.4ms
06-05 18:11:19.016 14436 14726 I VkSuggestions: strip composing typedLen=3 candidates=18 autocorrect=false top=jor locale=en
06-05 18:11:19.178 14436 14726 I VkSuggestions: decode typedLen=4 candidates=18 locales=3 10.1ms
06-05 18:11:19.180 14436 14726 I VkAutocorrect: offered: jorg → jorg
06-05 18:11:19.180 14436 14726 I VkSuggestions: strip composing typedLen=4 candidates=15 autocorrect=true top=jorg locale=en
06-05 18:11:19.353 14436 14726 I VkSuggestions: decode typedLen=5 candidates=18 locales=3 7.4ms
06-05 18:11:19.354 14436 14726 I VkAutocorrect: offered: jorgr → jorgr
06-05 18:11:19.355 14436 14726 I VkSuggestions: strip composing typedLen=5 candidates=14 autocorrect=true top=jorgr locale=en
06-05 18:11:19.953 14436 14436 I VkAutocorrect: picked: Jorge
06-05 18:11:20.056 14436 14726 I VkSuggestions: decode typedLen=0 candidates=3 locales=3 0.4ms
06-05 18:11:20.057 14436 14726 I VkSuggestions: strip prediction typedLen=0 candidates=3 autocorrect=false top=and locale=en
06-05 18:11:20.458 14436 14726 I VkSuggestions: decode typedLen=1 candidates=18 locales=3 20.0ms
06-05 18:11:20.458 14436 14726 W VkSuggestions: slow frame 20.0ms locales=3 typedLen=1 candidates=18 parallelWait=19.9ms
06-05 18:11:20.459 14436 14726 I VkSuggestions: strip composing typedLen=1 candidates=17 autocorrect=false top=s locale=en
06-05 18:11:20.619 14436 14726 I VkSuggestions: decode typedLen=2 candidates=18 locales=3 11.9ms
06-05 18:11:20.620 14436 14726 I VkSuggestions: strip composing typedLen=2 candidates=17 autocorrect=false top=se locale=en
06-05 18:11:20.768 14436 14726 I VkSuggestions: decode typedLen=3 candidates=18 locales=3 12.5ms
06-05 18:11:20.770 14436 14726 I VkSuggestions: strip composing typedLen=3 candidates=16 autocorrect=false top=see locale=en
06-05 18:11:20.805 14436 14436 I VkAutocorrect: kept (typing): see
06-05 18:11:20.907 14436 14726 I VkSuggestions: decode typedLen=0 candidates=3 locales=3 0.6ms
06-05 18:11:20.909 14436 14726 I VkSuggestions: strip prediction typedLen=0 candidates=3 autocorrect=false top=a locale=en
06-05 18:11:22.359 14436 14726 W VibeKeyProfiler: Slow Native Suggest: Total=12.88ms | Init=0.34ms | TrieExpand(x18)=12.49ms | Scoring=0.04ms | inputSize=1
06-05 18:11:22.376 14436 14726 I VkSuggestions: decode typedLen=1 candidates=18 locales=3 30.1ms
06-05 18:11:22.377 14436 14726 W VkSuggestions: slow frame 30.1ms locales=3 typedLen=1 candidates=18 parallelWait=29.9ms
06-05 18:11:22.378 14436 14726 I VkSuggestions: strip composing typedLen=1 candidates=18 autocorrect=false top=y locale=en
06-05 18:11:22.568 14436 14726 I VkSuggestions: decode typedLen=2 candidates=18 locales=3 10.6ms
06-05 18:11:22.570 14436 14726 I VkSuggestions: strip composing typedLen=2 candidates=16 autocorrect=false top=yo locale=en
06-05 18:11:22.761 14436 14726 W VibeKeyProfiler: Slow Native Suggest: Total=8.42ms | Init=0.04ms | TrieExpand(x9)=8.35ms | Scoring=0.03ms | inputSize=3
06-05 18:11:22.767 14436 14726 I VkSuggestions: decode typedLen=3 candidates=18 locales=3 29.3ms
06-05 18:11:22.767 14436 14726 W VkSuggestions: slow frame 29.3ms locales=3 typedLen=3 candidates=18 parallelWait=29.1ms
06-05 18:11:22.769 14436 14726 I VkSuggestions: strip composing typedLen=3 candidates=17 autocorrect=false top=you locale=en
06-05 18:11:23.260 14436 14436 I VkAutocorrect: picked: you
06-05 18:11:23.363 14436 14726 I VkSuggestions: decode typedLen=0 candidates=3 locales=3 0.6ms
06-05 18:11:23.365 14436 14726 I VkSuggestions: strip prediction typedLen=0 candidates=3 autocorrect=false top=have locale=en
06-05 18:11:23.852 14436 14726 I VkSuggestions: decode typedLen=2 candidates=18 locales=3 14.2ms
06-05 18:11:23.854 14436 14726 I VkSuggestions: strip composing typedLen=2 candidates=16 autocorrect=false top=so locale=en
06-05 18:11:24.025 14436 14726 I VkSuggestions: decode typedLen=3 candidates=18 locales=3 26.7ms
06-05 18:11:24.025 14436 14726 W VkSuggestions: slow frame 26.7ms locales=3 typedLen=3 candidates=18 parallelWait=26.4ms
06-05 18:11:24.027 14436 14726 I VkAutocorrect: offered: soo → soo
06-05 18:11:24.027 14436 14726 I VkSuggestions: strip composing typedLen=3 candidates=13 autocorrect=true top=soo locale=en
06-05 18:11:24.232 14436 14726 W VibeKeyProfiler: Slow Native Suggest: Total=9.85ms | Init=0.07ms | TrieExpand(x12)=9.72ms | Scoring=0.05ms | inputSize=4
06-05 18:11:24.255 14436 14726 I VkSuggestions: decode typedLen=4 candidates=18 locales=3 33.1ms
06-05 18:11:24.256 14436 14726 W VkSuggestions: slow frame 33.1ms locales=3 typedLen=4 candidates=18 parallelWait=32.9ms
06-05 18:11:24.258 14436 14726 I VkSuggestions: strip composing typedLen=4 candidates=14 autocorrect=false top=soon locale=en
06-05 18:11:25.055 14436 14436 I VkAutocorrect: picked: soon
06-05 18:11:25.160 14436 14726 I VkSuggestions: decode typedLen=0 candidates=3 locales=3 0.4ms
06-05 18:11:25.161 14436 14726 I VkSuggestions: strip prediction typedLen=0 candidates=3 autocorrect=false top=as locale=en
06-05 18:11:27.865 14436 14436 I VkTyping: ○ hidden
06-05 18:11:28.878 14436 14436 I VkTyping: ▶ open restart=false pkg=com.android.launcher inputType=589825
06-05 18:11:28.971 14436 14436 W GeckoEventDispatcher: No listener for GeckoView:DismissClipboardPermissionRequest
06-05 18:11:28.983 14436 14829 E GeckoConsole: onTabStateUpdate@resource://gre/modules/GeckoViewSessionStore.sys.mjs:149:5
06-05 18:11:28.983 14436 14829 E GeckoConsole: updateSessionStoreFromTabListener@resource://gre/modules/GeckoViewSessionStore.sys.mjs:243:10
06-05 18:11:28.983 14436 14829 E GeckoConsole: SSF_updateSessionStore@resource://gre/modules/SessionStoreFunctions.sys.mjs:46:27
06-05 18:11:28.983 14436 14829 E GeckoConsole: UpdateSessionStore@resource://gre/modules/SessionStoreFunctions.sys.mjs:16:46
06-05 18:11:28.983 14436 14829 E GeckoConsole: onTabStateUpdate@resource://gre/modules/GeckoViewSessionStore.sys.mjs:149:5
06-05 18:11:28.983 14436 14829 E GeckoConsole: updateSessionStoreFromTabListener@resource://gre/modules/GeckoViewSessionStore.sys.mjs:243:10
06-05 18:11:28.983 14436 14829 E GeckoConsole: SSF_updateSessionStore@resource://gre/modules/SessionStoreFunctions.sys.mjs:46:27
06-05 18:11:28.983 14436 14829 E GeckoConsole: UpdateSessionStore@resource://gre/modules/SessionStoreFunctions.sys.mjs:16:46
06-05 18:11:28.983 14436 14829 E GeckoConsole: onTabStateUpdate@resource://gre/modules/GeckoViewSessionStore.sys.mjs:149:5
06-05 18:11:28.983 14436 14829 E GeckoConsole: updateSessionStoreFromTabListener@resource://gre/modules/GeckoViewSessionStore.sys.mjs:243:10
06-05 18:11:28.983 14436 14829 E GeckoConsole: SSF_updateSessionStore@resource://gre/modules/SessionStoreFunctions.sys.mjs:46:27
06-05 18:11:28.983 14436 14829 E GeckoConsole: UpdateSessionStore@resource://gre/modules/SessionStoreFunctions.sys.mjs:16:46
06-05 18:11:28.984 14436 14829 E GeckoConsole: onTabStateUpdate@resource://gre/modules/GeckoViewSessionStore.sys.mjs:149:5
06-05 18:11:28.984 14436 14829 E GeckoConsole: updateSessionStoreFromTabListener@resource://gre/modules/GeckoViewSessionStore.sys.mjs:243:10
06-05 18:11:28.984 14436 14829 E GeckoConsole: SSF_updateSessionStore@resource://gre/modules/SessionStoreFunctions.sys.mjs:46:27
06-05 18:11:28.984 14436 14829 E GeckoConsole: UpdateSessionStore@resource://gre/modules/SessionStoreFunctions.sys.mjs:16:46
06-05 18:11:28.984 14436 14829 E GeckoConsole: onTabStateUpdate@resource://gre/modules/GeckoViewSessionStore.sys.mjs:149:5
06-05 18:11:28.984 14436 14829 E GeckoConsole: updateSessionStoreFromTabListener@resource://gre/modules/GeckoViewSessionStore.sys.mjs:243:10
06-05 18:11:28.984 14436 14829 E GeckoConsole: SSF_updateSessionStore@resource://gre/modules/SessionStoreFunctions.sys.mjs:46:27
06-05 18:11:28.984 14436 14829 E GeckoConsole: UpdateSessionStore@resource://gre/modules/SessionStoreFunctions.sys.mjs:16:46
06-05 18:11:28.985 14436 14829 E GeckoConsole: onTabStateUpdate@resource://gre/modules/GeckoViewSessionStore.sys.mjs:149:5
06-05 18:11:28.985 14436 14829 E GeckoConsole: updateSessionStoreFromTabListener@resource://gre/modules/GeckoViewSessionStore.sys.mjs:243:10
06-05 18:11:28.985 14436 14829 E GeckoConsole: SSF_updateSessionStore@resource://gre/modules/SessionStoreFunctions.sys.mjs:46:27
06-05 18:11:28.985 14436 14829 E GeckoConsole: UpdateSessionStore@resource://gre/modules/SessionStoreFunctions.sys.mjs:16:46
06-05 18:11:28.985 14436 14829 E GeckoConsole: onTabStateUpdate@resource://gre/modules/GeckoViewSessionStore.sys.mjs:149:5
06-05 18:11:28.985 14436 14829 E GeckoConsole: updateSessionStoreFromTabListener@resource://gre/modules/GeckoViewSessionStore.sys.mjs:243:10
06-05 18:11:28.985 14436 14829 E GeckoConsole: SSF_updateSessionStore@resource://gre/modules/SessionStoreFunctions.sys.mjs:46:27
06-05 18:11:28.985 14436 14829 E GeckoConsole: UpdateSessionStore@resource://gre/modules/SessionStoreFunctions.sys.mjs:16:46
06-05 18:11:28.985 14436 14829 E GeckoConsole: onTabStateUpdate@resource://gre/modules/GeckoViewSessionStore.sys.mjs:149:5
06-05 18:11:28.985 14436 14829 E GeckoConsole: updateSessionStoreFromTabListener@resource://gre/modules/GeckoViewSessionStore.sys.mjs:243:10
06-05 18:11:28.985 14436 14829 E GeckoConsole: SSF_updateSessionStore@resource://gre/modules/SessionStoreFunctions.sys.mjs:46:27
06-05 18:11:28.985 14436 14829 E GeckoConsole: UpdateSessionStore@resource://gre/modules/SessionStoreFunctions.sys.mjs:16:46
06-05 18:11:28.985 14436 14829 E GeckoConsole: onTabStateUpdate@resource://gre/modules/GeckoViewSessionStore.sys.mjs:149:5
06-05 18:11:28.985 14436 14829 E GeckoConsole: updateSessionStoreFromTabListener@resource://gre/modules/GeckoViewSessionStore.sys.mjs:243:10
06-05 18:11:28.985 14436 14829 E GeckoConsole: SSF_updateSessionStore@resource://gre/modules/SessionStoreFunctions.sys.mjs:46:27
06-05 18:11:28.985 14436 14829 E GeckoConsole: UpdateSessionStore@resource://gre/modules/SessionStoreFunctions.sys.mjs:16:46
06-05 18:11:28.985 14436 14829 E GeckoConsole: onTabStateUpdate@resource://gre/modules/GeckoViewSessionStore.sys.mjs:149:5
06-05 18:11:28.985 14436 14829 E GeckoConsole: updateSessionStoreFromTabListener@resource://gre/modules/GeckoViewSessionStore.sys.mjs:243:10
06-05 18:11:28.985 14436 14829 E GeckoConsole: SSF_updateSessionStore@resource://gre/modules/SessionStoreFunctions.sys.mjs:46:27
06-05 18:11:28.985 14436 14829 E GeckoConsole: UpdateSessionStore@resource://gre/modules/SessionStoreFunctions.sys.mjs:16:46
06-05 18:11:28.986 14436 14829 E GeckoConsole: onTabStateUpdate@resource://gre/modules/GeckoViewSessionStore.sys.mjs:149:5
06-05 18:11:28.986 14436 14829 E GeckoConsole: updateSessionStoreFromTabListener@resource://gre/modules/GeckoViewSessionStore.sys.mjs:243:10
06-05 18:11:28.986 14436 14829 E GeckoConsole: SSF_updateSessionStore@resource://gre/modules/SessionStoreFunctions.sys.mjs:46:27
06-05 18:11:28.986 14436 14829 E GeckoConsole: UpdateSessionStore@resource://gre/modules/SessionStoreFunctions.sys.mjs:16:46
06-05 18:11:28.986 14436 14829 E GeckoConsole: onTabStateUpdate@resource://gre/modules/GeckoViewSessionStore.sys.mjs:149:5
06-05 18:11:28.986 14436 14829 E GeckoConsole: updateSessionStoreFromTabListener@resource://gre/modules/GeckoViewSessionStore.sys.mjs:243:10
06-05 18:11:28.986 14436 14829 E GeckoConsole: SSF_updateSessionStore@resource://gre/modules/SessionStoreFunctions.sys.mjs:46:27
06-05 18:11:28.986 14436 14829 E GeckoConsole: UpdateSessionStore@resource://gre/modules/SessionStoreFunctions.sys.mjs:16:46
06-05 18:11:28.986 14436 14829 E GeckoConsole: onTabStateUpdate@resource://gre/modules/GeckoViewSessionStore.sys.mjs:149:5
06-05 18:11:28.986 14436 14829 E GeckoConsole: updateSessionStoreFromTabListener@resource://gre/modules/GeckoViewSessionStore.sys.mjs:243:10
06-05 18:11:28.986 14436 14829 E GeckoConsole: SSF_updateSessionStore@resource://gre/modules/SessionStoreFunctions.sys.mjs:46:27
06-05 18:11:28.986 14436 14829 E GeckoConsole: UpdateSessionStore@resource://gre/modules/SessionStoreFunctions.sys.mjs:16:46
06-05 18:11:28.986 14436 14829 E GeckoConsole: onTabStateUpdate@resource://gre/modules/GeckoViewSessionStore.sys.mjs:149:5
06-05 18:11:28.986 14436 14829 E GeckoConsole: updateSessionStoreFromTabListener@resource://gre/modules/GeckoViewSessionStore.sys.mjs:243:10
06-05 18:11:28.986 14436 14829 E GeckoConsole: SSF_updateSessionStore@resource://gre/modules/SessionStoreFunctions.sys.mjs:46:27
06-05 18:11:28.986 14436 14829 E GeckoConsole: UpdateSessionStore@resource://gre/modules/SessionStoreFunctions.sys.mjs:16:46
06-05 18:11:28.986 14436 14829 E GeckoConsole: onTabStateUpdate@resource://gre/modules/GeckoViewSessionStore.sys.mjs:149:5
06-05 18:11:28.986 14436 14829 E GeckoConsole: updateSessionStoreFromTabListener@resource://gre/modules/GeckoViewSessionStore.sys.mjs:243:10
06-05 18:11:28.986 14436 14829 E GeckoConsole: SSF_updateSessionStore@resource://gre/modules/SessionStoreFunctions.sys.mjs:46:27
06-05 18:11:28.986 14436 14829 E GeckoConsole: UpdateSessionStore@resource://gre/modules/SessionStoreFunctions.sys.mjs:16:46
06-05 18:11:28.987 14436 14829 E GeckoConsole: onTabStateUpdate@resource://gre/modules/GeckoViewSessionStore.sys.mjs:149:5
06-05 18:11:28.987 14436 14829 E GeckoConsole: updateSessionStoreFromTabListener@resource://gre/modules/GeckoViewSessionStore.sys.mjs:243:10
06-05 18:11:28.987 14436 14829 E GeckoConsole: SSF_updateSessionStore@resource://gre/modules/SessionStoreFunctions.sys.mjs:46:27
06-05 18:11:28.987 14436 14829 E GeckoConsole: UpdateSessionStore@resource://gre/modules/SessionStoreFunctions.sys.mjs:16:46
06-05 18:11:28.987 14436 14829 E GeckoConsole: onTabStateUpdate@resource://gre/modules/GeckoViewSessionStore.sys.mjs:149:5
06-05 18:11:28.987 14436 14829 E GeckoConsole: updateSessionStoreFromTabListener@resource://gre/modules/GeckoViewSessionStore.sys.mjs:243:10
06-05 18:11:28.987 14436 14829 E GeckoConsole: SSF_updateSessionStore@resource://gre/modules/SessionStoreFunctions.sys.mjs:46:27
06-05 18:11:28.987 14436 14829 E GeckoConsole: UpdateSessionStore@resource://gre/modules/SessionStoreFunctions.sys.mjs:16:46
06-05 18:11:28.987 14436 14829 E GeckoConsole: onTabStateUpdate@resource://gre/modules/GeckoViewSessionStore.sys.mjs:149:5
06-05 18:11:28.987 14436 14829 E GeckoConsole: updateSessionStoreFromTabListener@resource://gre/modules/GeckoViewSessionStore.sys.mjs:243:10
06-05 18:11:28.987 14436 14829 E GeckoConsole: SSF_updateSessionStore@resource://gre/modules/SessionStoreFunctions.sys.mjs:46:27
06-05 18:11:28.987 14436 14829 E GeckoConsole: UpdateSessionStore@resource://gre/modules/SessionStoreFunctions.sys.mjs:16:46
06-05 18:11:28.987 14436 14829 E GeckoConsole: onTabStateUpdate@resource://gre/modules/GeckoViewSessionStore.sys.mjs:149:5
06-05 18:11:28.987 14436 14829 E GeckoConsole: updateSessionStoreFromTabListener@resource://gre/modules/GeckoViewSessionStore.sys.mjs:243:10
06-05 18:11:28.987 14436 14829 E GeckoConsole: SSF_updateSessionStore@resource://gre/modules/SessionStoreFunctions.sys.mjs:46:27
06-05 18:11:28.987 14436 14829 E GeckoConsole: UpdateSessionStore@resource://gre/modules/SessionStoreFunctions.sys.mjs:16:46
06-05 18:11:28.987 14436 14829 E GeckoConsole: onTabStateUpdate@resource://gre/modules/GeckoViewSessionStore.sys.mjs:149:5
06-05 18:11:28.987 14436 14829 E GeckoConsole: updateSessionStoreFromTabListener@resource://gre/modules/GeckoViewSessionStore.sys.mjs:243:10
06-05 18:11:28.987 14436 14829 E GeckoConsole: SSF_updateSessionStore@resource://gre/modules/SessionStoreFunctions.sys.mjs:46:27
06-05 18:11:28.987 14436 14829 E GeckoConsole: UpdateSessionStore@resource://gre/modules/SessionStoreFunctions.sys.mjs:16:46
06-05 18:11:28.988 14436 14829 E GeckoConsole: onTabStateUpdate@resource://gre/modules/GeckoViewSessionStore.sys.mjs:149:5
06-05 18:11:28.988 14436 14829 E GeckoConsole: updateSessionStoreFromTabListener@resource://gre/modules/GeckoViewSessionStore.sys.mjs:243:10
06-05 18:11:28.988 14436 14829 E GeckoConsole: SSF_updateSessionStore@resource://gre/modules/SessionStoreFunctions.sys.mjs:46:27
06-05 18:11:28.988 14436 14829 E GeckoConsole: UpdateSessionStore@resource://gre/modules/SessionStoreFunctions.sys.mjs:16:46
06-05 18:11:28.988 14436 14829 E GeckoConsole: onTabStateUpdate@resource://gre/modules/GeckoViewSessionStore.sys.mjs:149:5
06-05 18:11:28.988 14436 14829 E GeckoConsole: updateSessionStoreFromTabListener@resource://gre/modules/GeckoViewSessionStore.sys.mjs:243:10
06-05 18:11:28.988 14436 14829 E GeckoConsole: SSF_updateSessionStore@resource://gre/modules/SessionStoreFunctions.sys.mjs:46:27
06-05 18:11:28.988 14436 14829 E GeckoConsole: UpdateSessionStore@resource://gre/modules/SessionStoreFunctions.sys.mjs:16:46
06-05 18:11:28.988 14436 14829 E GeckoConsole: onTabStateUpdate@resource://gre/modules/GeckoViewSessionStore.sys.mjs:149:5
06-05 18:11:28.988 14436 14829 E GeckoConsole: updateSessionStoreFromTabListener@resource://gre/modules/GeckoViewSessionStore.sys.mjs:243:10
06-05 18:11:28.988 14436 14829 E GeckoConsole: SSF_updateSessionStore@resource://gre/modules/SessionStoreFunctions.sys.mjs:46:27
06-05 18:11:28.988 14436 14829 E GeckoConsole: UpdateSessionStore@resource://gre/modules/SessionStoreFunctions.sys.mjs:16:46
06-05 18:11:28.988 14436 14829 E GeckoConsole: onTabStateUpdate@resource://gre/modules/GeckoViewSessionStore.sys.mjs:149:5
06-05 18:11:28.988 14436 14829 E GeckoConsole: updateSessionStoreFromTabListener@resource://gre/modules/GeckoViewSessionStore.sys.mjs:243:10
06-05 18:11:28.988 14436 14829 E GeckoConsole: SSF_updateSessionStore@resource://gre/modules/SessionStoreFunctions.sys.mjs:46:27
06-05 18:11:28.988 14436 14829 E GeckoConsole: UpdateSessionStore@resource://gre/modules/SessionStoreFunctions.sys.mjs:16:46
06-05 18:11:28.988 14436 14829 E GeckoConsole: onTabStateUpdate@resource://gre/modules/GeckoViewSessionStore.sys.mjs:149:5
06-05 18:11:28.988 14436 14829 E GeckoConsole: updateSessionStoreFromTabListener@resource://gre/modules/GeckoViewSessionStore.sys.mjs:243:10
06-05 18:11:28.988 14436 14829 E GeckoConsole: SSF_updateSessionStore@resource://gre/modules/SessionStoreFunctions.sys.mjs:46:27
06-05 18:11:28.988 14436 14829 E GeckoConsole: UpdateSessionStore@resource://gre/modules/SessionStoreFunctions.sys.mjs:16:46
06-05 18:11:28.989 14436 14829 E GeckoConsole: onTabStateUpdate@resource://gre/modules/GeckoViewSessionStore.sys.mjs:149:5
06-05 18:11:28.989 14436 14829 E GeckoConsole: updateSessionStoreFromTabListener@resource://gre/modules/GeckoViewSessionStore.sys.mjs:243:10
06-05 18:11:28.989 14436 14829 E GeckoConsole: SSF_updateSessionStore@resource://gre/modules/SessionStoreFunctions.sys.mjs:46:27
06-05 18:11:28.989 14436 14829 E GeckoConsole: UpdateSessionStore@resource://gre/modules/SessionStoreFunctions.sys.mjs:16:46
06-05 18:11:28.989 14436 14829 E GeckoConsole: onTabStateUpdate@resource://gre/modules/GeckoViewSessionStore.sys.mjs:149:5
06-05 18:11:28.989 14436 14829 E GeckoConsole: updateSessionStoreFromTabListener@resource://gre/modules/GeckoViewSessionStore.sys.mjs:243:10
06-05 18:11:28.989 14436 14829 E GeckoConsole: SSF_updateSessionStore@resource://gre/modules/SessionStoreFunctions.sys.mjs:46:27
06-05 18:11:28.989 14436 14829 E GeckoConsole: UpdateSessionStore@resource://gre/modules/SessionStoreFunctions.sys.mjs:16:46
06-05 18:11:28.989 14436 14829 E GeckoConsole: onTabStateUpdate@resource://gre/modules/GeckoViewSessionStore.sys.mjs:149:5
06-05 18:11:28.989 14436 14829 E GeckoConsole: updateSessionStoreFromTabListener@resource://gre/modules/GeckoViewSessionStore.sys.mjs:243:10
06-05 18:11:28.989 14436 14829 E GeckoConsole: SSF_updateSessionStore@resource://gre/modules/SessionStoreFunctions.sys.mjs:46:27
06-05 18:11:28.989 14436 14829 E GeckoConsole: UpdateSessionStore@resource://gre/modules/SessionStoreFunctions.sys.mjs:16:46
06-05 18:11:28.989 14436 14829 E GeckoConsole: onTabStateUpdate@resource://gre/modules/GeckoViewSessionStore.sys.mjs:149:5
06-05 18:11:28.989 14436 14829 E GeckoConsole: updateSessionStoreFromTabListener@resource://gre/modules/GeckoViewSessionStore.sys.mjs:243:10
06-05 18:11:28.989 14436 14829 E GeckoConsole: SSF_updateSessionStore@resource://gre/modules/SessionStoreFunctions.sys.mjs:46:27
06-05 18:11:28.989 14436 14829 E GeckoConsole: UpdateSessionStore@resource://gre/modules/SessionStoreFunctions.sys.mjs:16:46
06-05 18:11:28.989 14436 14829 E GeckoConsole: onTabStateUpdate@resource://gre/modules/GeckoViewSessionStore.sys.mjs:149:5
06-05 18:11:28.989 14436 14829 E GeckoConsole: updateSessionStoreFromTabListener@resource://gre/modules/GeckoViewSessionStore.sys.mjs:243:10
06-05 18:11:28.989 14436 14829 E GeckoConsole: SSF_updateSessionStore@resource://gre/modules/SessionStoreFunctions.sys.mjs:46:27
06-05 18:11:28.989 14436 14829 E GeckoConsole: UpdateSessionStore@resource://gre/modules/SessionStoreFunctions.sys.mjs:16:46
06-05 18:11:29.856 14436 14829 E GeckoConsole: onTabStateUpdate@resource://gre/modules/GeckoViewSessionStore.sys.mjs:149:5
06-05 18:11:29.856 14436 14829 E GeckoConsole: updateSessionStoreFromTabListener@resource://gre/modules/GeckoViewSessionStore.sys.mjs:243:10
06-05 18:11:29.856 14436 14829 E GeckoConsole: SSF_updateSessionStore@resource://gre/modules/SessionStoreFunctions.sys.mjs:46:27
06-05 18:11:29.856 14436 14829 E GeckoConsole: UpdateSessionStore@resource://gre/modules/SessionStoreFunctions.sys.mjs:16:46
06-05 18:11:29.856 14436 14829 E GeckoConsole: onTabStateUpdate@resource://gre/modules/GeckoViewSessionStore.sys.mjs:149:5
06-05 18:11:29.856 14436 14829 E GeckoConsole: updateSessionStoreFromTabListener@resource://gre/modules/GeckoViewSessionStore.sys.mjs:243:10
06-05 18:11:29.856 14436 14829 E GeckoConsole: SSF_updateSessionStore@resource://gre/modules/SessionStoreFunctions.sys.mjs:46:27
06-05 18:11:29.856 14436 14829 E GeckoConsole: UpdateSessionStore@resource://gre/modules/SessionStoreFunctions.sys.mjs:16:46
06-05 18:11:29.856 14436 14829 E GeckoConsole: onTabStateUpdate@resource://gre/modules/GeckoViewSessionStore.sys.mjs:149:5
06-05 18:11:29.856 14436 14829 E GeckoConsole: updateSessionStoreFromTabListener@resource://gre/modules/GeckoViewSessionStore.sys.mjs:243:10
06-05 18:11:29.856 14436 14829 E GeckoConsole: SSF_updateSessionStore@resource://gre/modules/SessionStoreFunctions.sys.mjs:46:27
06-05 18:11:29.856 14436 14829 E GeckoConsole: UpdateSessionStore@resource://gre/modules/SessionStoreFunctions.sys.mjs:16:46
06-05 18:11:29.857 14436 14829 E GeckoConsole: onTabStateUpdate@resource://gre/modules/GeckoViewSessionStore.sys.mjs:149:5
06-05 18:11:29.857 14436 14829 E GeckoConsole: updateSessionStoreFromTabListener@resource://gre/modules/GeckoViewSessionStore.sys.mjs:243:10
06-05 18:11:29.857 14436 14829 E GeckoConsole: SSF_updateSessionStore@resource://gre/modules/SessionStoreFunctions.sys.mjs:46:27
06-05 18:11:29.857 14436 14829 E GeckoConsole: UpdateSessionStore@resource://gre/modules/SessionStoreFunctions.sys.mjs:16:46
06-05 18:11:29.857 14436 14829 E GeckoConsole: onTabStateUpdate@resource://gre/modules/GeckoViewSessionStore.sys.mjs:149:5
06-05 18:11:29.857 14436 14829 E GeckoConsole: updateSessionStoreFromTabListener@resource://gre/modules/GeckoViewSessionStore.sys.mjs:243:10
06-05 18:11:29.857 14436 14829 E GeckoConsole: SSF_updateSessionStore@resource://gre/modules/SessionStoreFunctions.sys.mjs:46:27
06-05 18:11:29.857 14436 14829 E GeckoConsole: UpdateSessionStore@resource://gre/modules/SessionStoreFunctions.sys.mjs:16:46
06-05 18:11:29.857 14436 14829 E GeckoConsole: onTabStateUpdate@resource://gre/modules/GeckoViewSessionStore.sys.mjs:149:5
06-05 18:11:29.857 14436 14829 E GeckoConsole: updateSessionStoreFromTabListener@resource://gre/modules/GeckoViewSessionStore.sys.mjs:243:10
06-05 18:11:29.857 14436 14829 E GeckoConsole: SSF_updateSessionStore@resource://gre/modules/SessionStoreFunctions.sys.mjs:46:27
06-05 18:11:29.857 14436 14829 E GeckoConsole: UpdateSessionStore@resource://gre/modules/SessionStoreFunctions.sys.mjs:16:46
06-05 18:11:29.857 14436 14829 E GeckoConsole: onTabStateUpdate@resource://gre/modules/GeckoViewSessionStore.sys.mjs:149:5
06-05 18:11:29.857 14436 14829 E GeckoConsole: updateSessionStoreFromTabListener@resource://gre/modules/GeckoViewSessionStore.sys.mjs:243:10
06-05 18:11:29.857 14436 14829 E GeckoConsole: SSF_updateSessionStore@resource://gre/modules/SessionStoreFunctions.sys.mjs:46:27
06-05 18:11:29.857 14436 14829 E GeckoConsole: UpdateSessionStore@resource://gre/modules/SessionStoreFunctions.sys.mjs:16:46
06-05 18:11:29.857 14436 14829 E GeckoConsole: onTabStateUpdate@resource://gre/modules/GeckoViewSessionStore.sys.mjs:149:5
06-05 18:11:29.857 14436 14829 E GeckoConsole: updateSessionStoreFromTabListener@resource://gre/modules/GeckoViewSessionStore.sys.mjs:243:10
06-05 18:11:29.857 14436 14829 E GeckoConsole: SSF_updateSessionStore@resource://gre/modules/SessionStoreFunctions.sys.mjs:46:27
06-05 18:11:29.857 14436 14829 E GeckoConsole: UpdateSessionStore@resource://gre/modules/SessionStoreFunctions.sys.mjs:16:46
06-05 18:11:29.857 14436 14829 E GeckoConsole: onTabStateUpdate@resource://gre/modules/GeckoViewSessionStore.sys.mjs:149:5
06-05 18:11:29.857 14436 14829 E GeckoConsole: updateSessionStoreFromTabListener@resource://gre/modules/GeckoViewSessionStore.sys.mjs:243:10
06-05 18:11:29.857 14436 14829 E GeckoConsole: SSF_updateSessionStore@resource://gre/modules/SessionStoreFunctions.sys.mjs:46:27
06-05 18:11:29.857 14436 14829 E GeckoConsole: UpdateSessionStore@resource://gre/modules/SessionStoreFunctions.sys.mjs:16:46
06-05 18:11:29.858 14436 14829 E GeckoConsole: onTabStateUpdate@resource://gre/modules/GeckoViewSessionStore.sys.mjs:149:5
06-05 18:11:29.858 14436 14829 E GeckoConsole: updateSessionStoreFromTabListener@resource://gre/modules/GeckoViewSessionStore.sys.mjs:243:10
06-05 18:11:29.858 14436 14829 E GeckoConsole: SSF_updateSessionStore@resource://gre/modules/SessionStoreFunctions.sys.mjs:46:27
06-05 18:11:29.858 14436 14829 E GeckoConsole: UpdateSessionStore@resource://gre/modules/SessionStoreFunctions.sys.mjs:16:46
06-05 18:11:29.858 14436 14829 E GeckoConsole: onTabStateUpdate@resource://gre/modules/GeckoViewSessionStore.sys.mjs:149:5
06-05 18:11:29.858 14436 14829 E GeckoConsole: updateSessionStoreFromTabListener@resource://gre/modules/GeckoViewSessionStore.sys.mjs:243:10
06-05 18:11:29.858 14436 14829 E GeckoConsole: SSF_updateSessionStore@resource://gre/modules/SessionStoreFunctions.sys.mjs:46:27
06-05 18:11:29.858 14436 14829 E GeckoConsole: UpdateSessionStore@resource://gre/modules/SessionStoreFunctions.sys.mjs:16:46
06-05 18:11:29.858 14436 14829 E GeckoConsole: onTabStateUpdate@resource://gre/modules/GeckoViewSessionStore.sys.mjs:149:5
06-05 18:11:29.858 14436 14829 E GeckoConsole: updateSessionStoreFromTabListener@resource://gre/modules/GeckoViewSessionStore.sys.mjs:243:10
06-05 18:11:29.858 14436 14829 E GeckoConsole: SSF_updateSessionStore@resource://gre/modules/SessionStoreFunctions.sys.mjs:46:27
06-05 18:11:29.858 14436 14829 E GeckoConsole: UpdateSessionStore@resource://gre/modules/SessionStoreFunctions.sys.mjs:16:46
06-05 18:11:29.858 14436 14829 E GeckoConsole: onTabStateUpdate@resource://gre/modules/GeckoViewSessionStore.sys.mjs:149:5
06-05 18:11:29.858 14436 14829 E GeckoConsole: updateSessionStoreFromTabListener@resource://gre/modules/GeckoViewSessionStore.sys.mjs:243:10
06-05 18:11:29.858 14436 14829 E GeckoConsole: SSF_updateSessionStore@resource://gre/modules/SessionStoreFunctions.sys.mjs:46:27
06-05 18:11:29.858 14436 14829 E GeckoConsole: UpdateSessionStore@resource://gre/modules/SessionStoreFunctions.sys.mjs:16:46
06-05 18:11:29.858 14436 14829 E GeckoConsole: onTabStateUpdate@resource://gre/modules/GeckoViewSessionStore.sys.mjs:149:5
06-05 18:11:29.858 14436 14829 E GeckoConsole: updateSessionStoreFromTabListener@resource://gre/modules/GeckoViewSessionStore.sys.mjs:243:10
06-05 18:11:29.858 14436 14829 E GeckoConsole: SSF_updateSessionStore@resource://gre/modules/SessionStoreFunctions.sys.mjs:46:27
06-05 18:11:29.858 14436 14829 E GeckoConsole: UpdateSessionStore@resource://gre/modules/SessionStoreFunctions.sys.mjs:16:46
06-05 18:11:29.858 14436 14829 E GeckoConsole: onTabStateUpdate@resource://gre/modules/GeckoViewSessionStore.sys.mjs:149:5
06-05 18:11:29.858 14436 14829 E GeckoConsole: updateSessionStoreFromTabListener@resource://gre/modules/GeckoViewSessionStore.sys.mjs:243:10
06-05 18:11:29.858 14436 14829 E GeckoConsole: SSF_updateSessionStore@resource://gre/modules/SessionStoreFunctions.sys.mjs:46:27
06-05 18:11:29.858 14436 14829 E GeckoConsole: UpdateSessionStore@resource://gre/modules/SessionStoreFunctions.sys.mjs:16:46
06-05 18:11:29.858 14436 14829 E GeckoConsole: onTabStateUpdate@resource://gre/modules/GeckoViewSessionStore.sys.mjs:149:5
06-05 18:11:29.858 14436 14829 E GeckoConsole: updateSessionStoreFromTabListener@resource://gre/modules/GeckoViewSessionStore.sys.mjs:243:10
06-05 18:11:29.858 14436 14829 E GeckoConsole: SSF_updateSessionStore@resource://gre/modules/SessionStoreFunctions.sys.mjs:46:27
06-05 18:11:29.858 14436 14829 E GeckoConsole: UpdateSessionStore@resource://gre/modules/SessionStoreFunctions.sys.mjs:16:46
06-05 18:11:29.858 14436 14829 E GeckoConsole: onTabStateUpdate@resource://gre/modules/GeckoViewSessionStore.sys.mjs:149:5
06-05 18:11:29.858 14436 14829 E GeckoConsole: updateSessionStoreFromTabListener@resource://gre/modules/GeckoViewSessionStore.sys.mjs:243:10
06-05 18:11:29.858 14436 14829 E GeckoConsole: SSF_updateSessionStore@resource://gre/modules/SessionStoreFunctions.sys.mjs:46:27
06-05 18:11:29.858 14436 14829 E GeckoConsole: UpdateSessionStore@resource://gre/modules/SessionStoreFunctions.sys.mjs:16:46
06-05 18:11:29.858 14436 14829 E GeckoConsole: onTabStateUpdate@resource://gre/modules/GeckoViewSessionStore.sys.mjs:149:5
06-05 18:11:29.858 14436 14829 E GeckoConsole: updateSessionStoreFromTabListener@resource://gre/modules/GeckoViewSessionStore.sys.mjs:243:10
06-05 18:11:29.858 14436 14829 E GeckoConsole: SSF_updateSessionStore@resource://gre/modules/SessionStoreFunctions.sys.mjs:46:27
06-05 18:11:29.858 14436 14829 E GeckoConsole: UpdateSessionStore@resource://gre/modules/SessionStoreFunctions.sys.mjs:16:46
06-05 18:11:29.859 14436 14829 E GeckoConsole: onTabStateUpdate@resource://gre/modules/GeckoViewSessionStore.sys.mjs:149:5
06-05 18:11:29.859 14436 14829 E GeckoConsole: updateSessionStoreFromTabListener@resource://gre/modules/GeckoViewSessionStore.sys.mjs:243:10
06-05 18:11:29.859 14436 14829 E GeckoConsole: SSF_updateSessionStore@resource://gre/modules/SessionStoreFunctions.sys.mjs:46:27
06-05 18:11:29.859 14436 14829 E GeckoConsole: UpdateSessionStore@resource://gre/modules/SessionStoreFunctions.sys.mjs:16:46
06-05 18:11:29.859 14436 14829 E GeckoConsole: onTabStateUpdate@resource://gre/modules/GeckoViewSessionStore.sys.mjs:149:5
06-05 18:11:29.859 14436 14829 E GeckoConsole: updateSessionStoreFromTabListener@resource://gre/modules/GeckoViewSessionStore.sys.mjs:243:10
06-05 18:11:29.859 14436 14829 E GeckoConsole: SSF_updateSessionStore@resource://gre/modules/SessionStoreFunctions.sys.mjs:46:27
06-05 18:11:29.859 14436 14829 E GeckoConsole: UpdateSessionStore@resource://gre/modules/SessionStoreFunctions.sys.mjs:16:46
06-05 18:11:29.859 14436 14829 E GeckoConsole: onTabStateUpdate@resource://gre/modules/GeckoViewSessionStore.sys.mjs:149:5
06-05 18:11:29.859 14436 14829 E GeckoConsole: updateSessionStoreFromTabListener@resource://gre/modules/GeckoViewSessionStore.sys.mjs:243:10
06-05 18:11:29.859 14436 14829 E GeckoConsole: SSF_updateSessionStore@resource://gre/modules/SessionStoreFunctions.sys.mjs:46:27
06-05 18:11:29.859 14436 14829 E GeckoConsole: UpdateSessionStore@resource://gre/modules/SessionStoreFunctions.sys.mjs:16:46
06-05 18:11:29.859 14436 14829 E GeckoConsole: onTabStateUpdate@resource://gre/modules/GeckoViewSessionStore.sys.mjs:149:5
06-05 18:11:29.859 14436 14829 E GeckoConsole: updateSessionStoreFromTabListener@resource://gre/modules/GeckoViewSessionStore.sys.mjs:243:10
06-05 18:11:29.859 14436 14829 E GeckoConsole: SSF_updateSessionStore@resource://gre/modules/SessionStoreFunctions.sys.mjs:46:27
06-05 18:11:29.859 14436 14829 E GeckoConsole: UpdateSessionStore@resource://gre/modules/SessionStoreFunctions.sys.mjs:16:46
06-05 18:11:29.859 14436 14829 E GeckoConsole: onTabStateUpdate@resource://gre/modules/GeckoViewSessionStore.sys.mjs:149:5
06-05 18:11:29.859 14436 14829 E GeckoConsole: updateSessionStoreFromTabListener@resource://gre/modules/GeckoViewSessionStore.sys.mjs:243:10
06-05 18:11:29.859 14436 14829 E GeckoConsole: SSF_updateSessionStore@resource://gre/modules/SessionStoreFunctions.sys.mjs:46:27
06-05 18:11:29.859 14436 14829 E GeckoConsole: UpdateSessionStore@resource://gre/modules/SessionStoreFunctions.sys.mjs:16:46
06-05 18:11:29.859 14436 14829 E GeckoConsole: onTabStateUpdate@resource://gre/modules/GeckoViewSessionStore.sys.mjs:149:5
06-05 18:11:29.859 14436 14829 E GeckoConsole: updateSessionStoreFromTabListener@resource://gre/modules/GeckoViewSessionStore.sys.mjs:243:10
06-05 18:11:29.859 14436 14829 E GeckoConsole: SSF_updateSessionStore@resource://gre/modules/SessionStoreFunctions.sys.mjs:46:27
06-05 18:11:29.859 14436 14829 E GeckoConsole: UpdateSessionStore@resource://gre/modules/SessionStoreFunctions.sys.mjs:16:46
06-05 18:11:29.859 14436 14829 E GeckoConsole: onTabStateUpdate@resource://gre/modules/GeckoViewSessionStore.sys.mjs:149:5
06-05 18:11:29.859 14436 14829 E GeckoConsole: updateSessionStoreFromTabListener@resource://gre/modules/GeckoViewSessionStore.sys.mjs:243:10
06-05 18:11:29.859 14436 14829 E GeckoConsole: SSF_updateSessionStore@resource://gre/modules/SessionStoreFunctions.sys.mjs:46:27
06-05 18:11:29.859 14436 14829 E GeckoConsole: UpdateSessionStore@resource://gre/modules/SessionStoreFunctions.sys.mjs:16:46
06-05 18:11:29.859 14436 14829 E GeckoConsole: onTabStateUpdate@resource://gre/modules/GeckoViewSessionStore.sys.mjs:149:5
06-05 18:11:29.859 14436 14829 E GeckoConsole: updateSessionStoreFromTabListener@resource://gre/modules/GeckoViewSessionStore.sys.mjs:243:10
06-05 18:11:29.859 14436 14829 E GeckoConsole: SSF_updateSessionStore@resource://gre/modules/SessionStoreFunctions.sys.mjs:46:27
06-05 18:11:29.859 14436 14829 E GeckoConsole: UpdateSessionStore@resource://gre/modules/SessionStoreFunctions.sys.mjs:16:46
06-05 18:11:29.859 14436 14829 E GeckoConsole: onTabStateUpdate@resource://gre/modules/GeckoViewSessionStore.sys.mjs:149:5
06-05 18:11:29.859 14436 14829 E GeckoConsole: updateSessionStoreFromTabListener@resource://gre/modules/GeckoViewSessionStore.sys.mjs:243:10
06-05 18:11:29.859 14436 14829 E GeckoConsole: SSF_updateSessionStore@resource://gre/modules/SessionStoreFunctions.sys.mjs:46:27
06-05 18:11:29.859 14436 14829 E GeckoConsole: UpdateSessionStore@resource://gre/modules/SessionStoreFunctions.sys.mjs:16:46
06-05 18:11:29.860 14436 14829 E GeckoConsole: onTabStateUpdate@resource://gre/modules/GeckoViewSessionStore.sys.mjs:149:5
06-05 18:11:29.860 14436 14829 E GeckoConsole: updateSessionStoreFromTabListener@resource://gre/modules/GeckoViewSessionStore.sys.mjs:243:10
06-05 18:11:29.860 14436 14829 E GeckoConsole: SSF_updateSessionStore@resource://gre/modules/SessionStoreFunctions.sys.mjs:46:27
06-05 18:11:29.860 14436 14829 E GeckoConsole: UpdateSessionStore@resource://gre/modules/SessionStoreFunctions.sys.mjs:16:46
06-05 18:11:29.860 14436 14829 E GeckoConsole: onTabStateUpdate@resource://gre/modules/GeckoViewSessionStore.sys.mjs:149:5
06-05 18:11:29.860 14436 14829 E GeckoConsole: updateSessionStoreFromTabListener@resource://gre/modules/GeckoViewSessionStore.sys.mjs:243:10
06-05 18:11:29.860 14436 14829 E GeckoConsole: SSF_updateSessionStore@resource://gre/modules/SessionStoreFunctions.sys.mjs:46:27
06-05 18:11:29.860 14436 14829 E GeckoConsole: UpdateSessionStore@resource://gre/modules/SessionStoreFunctions.sys.mjs:16:46
06-05 18:11:29.860 14436 14829 E GeckoConsole: onTabStateUpdate@resource://gre/modules/GeckoViewSessionStore.sys.mjs:149:5
06-05 18:11:29.860 14436 14829 E GeckoConsole: updateSessionStoreFromTabListener@resource://gre/modules/GeckoViewSessionStore.sys.mjs:243:10
06-05 18:11:29.860 14436 14829 E GeckoConsole: SSF_updateSessionStore@resource://gre/modules/SessionStoreFunctions.sys.mjs:46:27
06-05 18:11:29.860 14436 14829 E GeckoConsole: UpdateSessionStore@resource://gre/modules/SessionStoreFunctions.sys.mjs:16:46
06-05 18:11:29.868 14436 14436 I VkPanels: ▶ open menu
06-05 18:11:30.220 14495 15115 I OnDeviceAssist: warm ok model=qwen2.5-0.5b-instruct-q4_0.gguf ambient=40 chars 428ms
06-05 18:11:30.467 14436 14829 E GeckoConsole: onTabStateUpdate@resource://gre/modules/GeckoViewSessionStore.sys.mjs:149:5
06-05 18:11:30.467 14436 14829 E GeckoConsole: updateSessionStoreFromTabListener@resource://gre/modules/GeckoViewSessionStore.sys.mjs:243:10
06-05 18:11:30.467 14436 14829 E GeckoConsole: SSF_updateSessionStore@resource://gre/modules/SessionStoreFunctions.sys.mjs:46:27
06-05 18:11:30.467 14436 14829 E GeckoConsole: UpdateSessionStore@resource://gre/modules/SessionStoreFunctions.sys.mjs:16:46
06-05 18:11:30.467 14436 14829 E GeckoConsole: onTabStateUpdate@resource://gre/modules/GeckoViewSessionStore.sys.mjs:149:5
06-05 18:11:30.467 14436 14829 E GeckoConsole: updateSessionStoreFromTabListener@resource://gre/modules/GeckoViewSessionStore.sys.mjs:243:10
06-05 18:11:30.467 14436 14829 E GeckoConsole: SSF_updateSessionStore@resource://gre/modules/SessionStoreFunctions.sys.mjs:46:27
06-05 18:11:30.467 14436 14829 E GeckoConsole: UpdateSessionStore@resource://gre/modules/SessionStoreFunctions.sys.mjs:16:46
06-05 18:11:30.468 14436 14829 E GeckoConsole: onTabStateUpdate@resource://gre/modules/GeckoViewSessionStore.sys.mjs:149:5
06-05 18:11:30.468 14436 14829 E GeckoConsole: updateSessionStoreFromTabListener@resource://gre/modules/GeckoViewSessionStore.sys.mjs:243:10
06-05 18:11:30.468 14436 14829 E GeckoConsole: SSF_updateSessionStore@resource://gre/modules/SessionStoreFunctions.sys.mjs:46:27
06-05 18:11:30.468 14436 14829 E GeckoConsole: UpdateSessionStore@resource://gre/modules/SessionStoreFunctions.sys.mjs:16:46
06-05 18:11:30.468 14436 14829 E GeckoConsole: onTabStateUpdate@resource://gre/modules/GeckoViewSessionStore.sys.mjs:149:5
06-05 18:11:30.468 14436 14829 E GeckoConsole: updateSessionStoreFromTabListener@resource://gre/modules/GeckoViewSessionStore.sys.mjs:243:10
06-05 18:11:30.468 14436 14829 E GeckoConsole: SSF_updateSessionStore@resource://gre/modules/SessionStoreFunctions.sys.mjs:46:27
06-05 18:11:30.468 14436 14829 E GeckoConsole: UpdateSessionStore@resource://gre/modules/SessionStoreFunctions.sys.mjs:16:46
06-05 18:11:30.468 14436 14829 E GeckoConsole: onTabStateUpdate@resource://gre/modules/GeckoViewSessionStore.sys.mjs:149:5
06-05 18:11:30.468 14436 14829 E GeckoConsole: updateSessionStoreFromTabListener@resource://gre/modules/GeckoViewSessionStore.sys.mjs:243:10
06-05 18:11:30.468 14436 14829 E GeckoConsole: SSF_updateSessionStore@resource://gre/modules/SessionStoreFunctions.sys.mjs:46:27
06-05 18:11:30.468 14436 14829 E GeckoConsole: UpdateSessionStore@resource://gre/modules/SessionStoreFunctions.sys.mjs:16:46
06-05 18:11:30.468 14436 14829 E GeckoConsole: onTabStateUpdate@resource://gre/modules/GeckoViewSessionStore.sys.mjs:149:5
06-05 18:11:30.468 14436 14829 E GeckoConsole: updateSessionStoreFromTabListener@resource://gre/modules/GeckoViewSessionStore.sys.mjs:243:10
06-05 18:11:30.468 14436 14829 E GeckoConsole: SSF_updateSessionStore@resource://gre/modules/SessionStoreFunctions.sys.mjs:46:27
06-05 18:11:30.468 14436 14829 E GeckoConsole: UpdateSessionStore@resource://gre/modules/SessionStoreFunctions.sys.mjs:16:46
06-05 18:11:30.468 14436 14829 E GeckoConsole: onTabStateUpdate@resource://gre/modules/GeckoViewSessionStore.sys.mjs:149:5
06-05 18:11:30.468 14436 14829 E GeckoConsole: updateSessionStoreFromTabListener@resource://gre/modules/GeckoViewSessionStore.sys.mjs:243:10
06-05 18:11:30.468 14436 14829 E GeckoConsole: SSF_updateSessionStore@resource://gre/modules/SessionStoreFunctions.sys.mjs:46:27
06-05 18:11:30.468 14436 14829 E GeckoConsole: UpdateSessionStore@resource://gre/modules/SessionStoreFunctions.sys.mjs:16:46
06-05 18:11:30.468 14436 14829 E GeckoConsole: onTabStateUpdate@resource://gre/modules/GeckoViewSessionStore.sys.mjs:149:5
06-05 18:11:30.468 14436 14829 E GeckoConsole: updateSessionStoreFromTabListener@resource://gre/modules/GeckoViewSessionStore.sys.mjs:243:10
06-05 18:11:30.468 14436 14829 E GeckoConsole: SSF_updateSessionStore@resource://gre/modules/SessionStoreFunctions.sys.mjs:46:27
06-05 18:11:30.468 14436 14829 E GeckoConsole: UpdateSessionStore@resource://gre/modules/SessionStoreFunctions.sys.mjs:16:46
06-05 18:11:30.468 14436 14829 E GeckoConsole: onTabStateUpdate@resource://gre/modules/GeckoViewSessionStore.sys.mjs:149:5
06-05 18:11:30.468 14436 14829 E GeckoConsole: updateSessionStoreFromTabListener@resource://gre/modules/GeckoViewSessionStore.sys.mjs:243:10
06-05 18:11:30.468 14436 14829 E GeckoConsole: SSF_updateSessionStore@resource://gre/modules/SessionStoreFunctions.sys.mjs:46:27
06-05 18:11:30.468 14436 14829 E GeckoConsole: UpdateSessionStore@resource://gre/modules/SessionStoreFunctions.sys.mjs:16:46
06-05 18:11:30.468 14436 14829 E GeckoConsole: onTabStateUpdate@resource://gre/modules/GeckoViewSessionStore.sys.mjs:149:5
06-05 18:11:30.468 14436 14829 E GeckoConsole: updateSessionStoreFromTabListener@resource://gre/modules/GeckoViewSessionStore.sys.mjs:243:10
06-05 18:11:30.468 14436 14829 E GeckoConsole: SSF_updateSessionStore@resource://gre/modules/SessionStoreFunctions.sys.mjs:46:27
06-05 18:11:30.468 14436 14829 E GeckoConsole: UpdateSessionStore@resource://gre/modules/SessionStoreFunctions.sys.mjs:16:46
06-05 18:11:30.469 14436 14829 E GeckoConsole: onTabStateUpdate@resource://gre/modules/GeckoViewSessionStore.sys.mjs:149:5
06-05 18:11:30.469 14436 14829 E GeckoConsole: updateSessionStoreFromTabListener@resource://gre/modules/GeckoViewSessionStore.sys.mjs:243:10
06-05 18:11:30.469 14436 14829 E GeckoConsole: SSF_updateSessionStore@resource://gre/modules/SessionStoreFunctions.sys.mjs:46:27
06-05 18:11:30.469 14436 14829 E GeckoConsole: UpdateSessionStore@resource://gre/modules/SessionStoreFunctions.sys.mjs:16:46
06-05 18:11:30.469 14436 14829 E GeckoConsole: onTabStateUpdate@resource://gre/modules/GeckoViewSessionStore.sys.mjs:149:5
06-05 18:11:30.469 14436 14829 E GeckoConsole: updateSessionStoreFromTabListener@resource://gre/modules/GeckoViewSessionStore.sys.mjs:243:10
06-05 18:11:30.469 14436 14829 E GeckoConsole: SSF_updateSessionStore@resource://gre/modules/SessionStoreFunctions.sys.mjs:46:27
06-05 18:11:30.469 14436 14829 E GeckoConsole: UpdateSessionStore@resource://gre/modules/SessionStoreFunctions.sys.mjs:16:46
06-05 18:11:30.469 14436 14829 E GeckoConsole: onTabStateUpdate@resource://gre/modules/GeckoViewSessionStore.sys.mjs:149:5
06-05 18:11:30.469 14436 14829 E GeckoConsole: updateSessionStoreFromTabListener@resource://gre/modules/GeckoViewSessionStore.sys.mjs:243:10
06-05 18:11:30.469 14436 14829 E GeckoConsole: SSF_updateSessionStore@resource://gre/modules/SessionStoreFunctions.sys.mjs:46:27
06-05 18:11:30.469 14436 14829 E GeckoConsole: UpdateSessionStore@resource://gre/modules/SessionStoreFunctions.sys.mjs:16:46
06-05 18:11:30.469 14436 14829 E GeckoConsole: onTabStateUpdate@resource://gre/modules/GeckoViewSessionStore.sys.mjs:149:5
06-05 18:11:30.469 14436 14829 E GeckoConsole: updateSessionStoreFromTabListener@resource://gre/modules/GeckoViewSessionStore.sys.mjs:243:10
06-05 18:11:30.469 14436 14829 E GeckoConsole: SSF_updateSessionStore@resource://gre/modules/SessionStoreFunctions.sys.mjs:46:27
06-05 18:11:30.469 14436 14829 E GeckoConsole: UpdateSessionStore@resource://gre/modules/SessionStoreFunctions.sys.mjs:16:46
06-05 18:11:30.469 14436 14829 E GeckoConsole: onTabStateUpdate@resource://gre/modules/GeckoViewSessionStore.sys.mjs:149:5
06-05 18:11:30.469 14436 14829 E GeckoConsole: updateSessionStoreFromTabListener@resource://gre/modules/GeckoViewSessionStore.sys.mjs:243:10
06-05 18:11:30.469 14436 14829 E GeckoConsole: SSF_updateSessionStore@resource://gre/modules/SessionStoreFunctions.sys.mjs:46:27
06-05 18:11:30.469 14436 14829 E GeckoConsole: UpdateSessionStore@resource://gre/modules/SessionStoreFunctions.sys.mjs:16:46
06-05 18:11:30.469 14436 14829 E GeckoConsole: onTabStateUpdate@resource://gre/modules/GeckoViewSessionStore.sys.mjs:149:5
06-05 18:11:30.469 14436 14829 E GeckoConsole: updateSessionStoreFromTabListener@resource://gre/modules/GeckoViewSessionStore.sys.mjs:243:10
06-05 18:11:30.469 14436 14829 E GeckoConsole: SSF_updateSessionStore@resource://gre/modules/SessionStoreFunctions.sys.mjs:46:27
06-05 18:11:30.469 14436 14829 E GeckoConsole: UpdateSessionStore@resource://gre/modules/SessionStoreFunctions.sys.mjs:16:46
06-05 18:11:30.469 14436 14829 E GeckoConsole: onTabStateUpdate@resource://gre/modules/GeckoViewSessionStore.sys.mjs:149:5
06-05 18:11:30.469 14436 14829 E GeckoConsole: updateSessionStoreFromTabListener@resource://gre/modules/GeckoViewSessionStore.sys.mjs:243:10
06-05 18:11:30.469 14436 14829 E GeckoConsole: SSF_updateSessionStore@resource://gre/modules/SessionStoreFunctions.sys.mjs:46:27
06-05 18:11:30.469 14436 14829 E GeckoConsole: UpdateSessionStore@resource://gre/modules/SessionStoreFunctions.sys.mjs:16:46
06-05 18:11:30.469 14436 14829 E GeckoConsole: onTabStateUpdate@resource://gre/modules/GeckoViewSessionStore.sys.mjs:149:5
06-05 18:11:30.469 14436 14829 E GeckoConsole: updateSessionStoreFromTabListener@resource://gre/modules/GeckoViewSessionStore.sys.mjs:243:10
06-05 18:11:30.469 14436 14829 E GeckoConsole: SSF_updateSessionStore@resource://gre/modules/SessionStoreFunctions.sys.mjs:46:27
06-05 18:11:30.469 14436 14829 E GeckoConsole: UpdateSessionStore@resource://gre/modules/SessionStoreFunctions.sys.mjs:16:46
06-05 18:11:30.469 14436 14829 E GeckoConsole: onTabStateUpdate@resource://gre/modules/GeckoViewSessionStore.sys.mjs:149:5
06-05 18:11:30.469 14436 14829 E GeckoConsole: updateSessionStoreFromTabListener@resource://gre/modules/GeckoViewSessionStore.sys.mjs:243:10
06-05 18:11:30.469 14436 14829 E GeckoConsole: SSF_updateSessionStore@resource://gre/modules/SessionStoreFunctions.sys.mjs:46:27
06-05 18:11:30.469 14436 14829 E GeckoConsole: UpdateSessionStore@resource://gre/modules/SessionStoreFunctions.sys.mjs:16:46
06-05 18:11:30.469 14436 14829 E GeckoConsole: onTabStateUpdate@resource://gre/modules/GeckoViewSessionStore.sys.mjs:149:5
06-05 18:11:30.469 14436 14829 E GeckoConsole: updateSessionStoreFromTabListener@resource://gre/modules/GeckoViewSessionStore.sys.mjs:243:10
06-05 18:11:30.469 14436 14829 E GeckoConsole: SSF_updateSessionStore@resource://gre/modules/SessionStoreFunctions.sys.mjs:46:27
06-05 18:11:30.469 14436 14829 E GeckoConsole: UpdateSessionStore@resource://gre/modules/SessionStoreFunctions.sys.mjs:16:46
06-05 18:11:30.470 14436 14829 E GeckoConsole: onTabStateUpdate@resource://gre/modules/GeckoViewSessionStore.sys.mjs:149:5
06-05 18:11:30.470 14436 14829 E GeckoConsole: updateSessionStoreFromTabListener@resource://gre/modules/GeckoViewSessionStore.sys.mjs:243:10
06-05 18:11:30.470 14436 14829 E GeckoConsole: SSF_updateSessionStore@resource://gre/modules/SessionStoreFunctions.sys.mjs:46:27
06-05 18:11:30.470 14436 14829 E GeckoConsole: UpdateSessionStore@resource://gre/modules/SessionStoreFunctions.sys.mjs:16:46
06-05 18:11:30.470 14436 14829 E GeckoConsole: onTabStateUpdate@resource://gre/modules/GeckoViewSessionStore.sys.mjs:149:5
06-05 18:11:30.470 14436 14829 E GeckoConsole: updateSessionStoreFromTabListener@resource://gre/modules/GeckoViewSessionStore.sys.mjs:243:10
06-05 18:11:30.470 14436 14829 E GeckoConsole: SSF_updateSessionStore@resource://gre/modules/SessionStoreFunctions.sys.mjs:46:27
06-05 18:11:30.470 14436 14829 E GeckoConsole: UpdateSessionStore@resource://gre/modules/SessionStoreFunctions.sys.mjs:16:46
