06-05 13:19:19.982 14722 14722 W com.vibekey.keyboard: type=1400 audit(0.0:157302): avc: denied { nlmsg_readpriv } for comm=536F636B657420546872656164 scontext=u:r:untrusted_app:s0:c97,c271,c512,c768 tcontext=u:r:untrusted_app:s0:c97,c271,c512,c768 tclass=netlink_route_socket permissive=0 bug=b/155595000 app=com.vibekey.keyboard
06-05 13:19:19.991 14722 14722 W View    : requestLayout() improperly called by helium314.keyboard.latin.panels.BrowserPanelView{31eccf6 V.E...... .......D 0,0-1440,1988} during second layout pass: posting in next frame
06-05 13:19:19.997 14722 14722 W View    : requestLayout() improperly called by helium314.keyboard.latin.panels.BrowserPanelView{31eccf6 V.E...... ......ID 0,0-1440,1988} during layout: running second layout pass
06-05 13:19:20.009 14722 14722 W View    : requestLayout() improperly called by helium314.keyboard.latin.panels.BrowserPanelView{31eccf6 V.E...... ........ 0,0-1440,1988} during second layout pass: posting in next frame
06-05 13:19:20.013 14722 14722 W View    : requestLayout() improperly called by helium314.keyboard.latin.panels.BrowserPanelView{31eccf6 V.E...... ......ID 0,0-1440,1988} during layout: running second layout pass
06-05 13:19:20.018 14722 14722 W View    : requestLayout() improperly called by helium314.keyboard.latin.panels.BrowserPanelView{31eccf6 V.E...... ........ 0,0-1440,1988} during second layout pass: posting in next frame
06-05 13:19:20.032 14722 14722 W View    : requestLayout() improperly called by helium314.keyboard.latin.panels.BrowserPanelView{31eccf6 V.E...... ......ID 0,0-1440,1988} during layout: running second layout pass
06-05 13:19:20.038 14722 14722 W View    : requestLayout() improperly called by helium314.keyboard.latin.panels.BrowserPanelView{31eccf6 V.E...... ........ 0,0-1440,1988} during second layout pass: posting in next frame
06-05 13:19:20.046 15866 15894 W Isolated Web Content: [JavaScript Warning: "This page is in Almost Standards Mode. Page layout may be impacted. For Standards Mode use “<!DOCTYPE html>”." {file: "https://eus.rubiconproject.com/usync.html?&geo=na&co=us" line: 0}]
06-05 13:19:20.047 14722 14722 W View    : requestLayout() improperly called by helium314.keyboard.latin.panels.BrowserPanelView{31eccf6 V.E...... ......ID 0,0-1440,1988} during layout: running second layout pass
06-05 13:19:20.051 14722 14722 W View    : requestLayout() improperly called by helium314.keyboard.latin.panels.BrowserPanelView{31eccf6 V.E...... ........ 0,0-1440,1988} during second layout pass: posting in next frame
06-05 13:19:20.053 15866 15894 W Isolated Web Content: [JavaScript Warning: "The script from “https://eus.rubiconproject.com/usync.js” was loaded even though its MIME type (“text/html”) is not a valid JavaScript MIME type." {file: "https://eus.rubiconproject.com/usync.html?&geo=na&co=us" line: 0}]
06-05 13:19:20.064 14722 14722 W View    : requestLayout() improperly called by helium314.keyboard.latin.panels.BrowserPanelView{31eccf6 V.E...... ......ID 0,0-1440,1988} during layout: running second layout pass
06-05 13:19:20.069 14722 14722 W View    : requestLayout() improperly called by helium314.keyboard.latin.panels.BrowserPanelView{31eccf6 V.E...... ........ 0,0-1440,1988} during second layout pass: posting in next frame
06-05 13:19:20.079 14722 14722 W View    : requestLayout() improperly called by helium314.keyboard.latin.panels.BrowserPanelView{31eccf6 V.E...... ......ID 0,0-1440,1988} during layout: running second layout pass
06-05 13:19:20.086 14722 14722 W View    : requestLayout() improperly called by helium314.keyboard.latin.panels.BrowserPanelView{31eccf6 V.E...... ........ 0,0-1440,1988} during second layout pass: posting in next frame
06-05 13:19:20.099 14722 14722 W View    : requestLayout() improperly called by helium314.keyboard.latin.panels.BrowserPanelView{31eccf6 V.E...... ......ID 0,0-1440,1988} during layout: running second layout pass
06-05 13:19:20.116 14722 14722 W GeckoEventDispatcher: No listener for GeckoView:DismissClipboardPermissionRequest
06-05 13:19:20.117 14722 14722 W View    : requestLayout() improperly called by helium314.keyboard.latin.panels.BrowserPanelView{31eccf6 V.E...... ......ID 0,0-1440,1988} during second layout pass: posting in next frame
06-05 13:19:20.125 14722 14722 W View    : requestLayout() improperly called by helium314.keyboard.latin.panels.BrowserPanelView{31eccf6 V.E...... ......ID 0,0-1440,1988} during layout: running second layout pass
06-05 13:19:20.132 14722 14929 E GeckoConsole: [JavaScript Error: "TypeError: can't access property "WindowEventDispatcher", win is null" {file: "resource://gre/modules/GeckoViewSessionStore.sys.mjs" line: 149}]
06-05 13:19:20.132 14722 14929 E GeckoConsole: onTabStateUpdate@resource://gre/modules/GeckoViewSessionStore.sys.mjs:149:5
06-05 13:19:20.132 14722 14929 E GeckoConsole: updateSessionStoreFromTabListener@resource://gre/modules/GeckoViewSessionStore.sys.mjs:243:10
06-05 13:19:20.132 14722 14929 E GeckoConsole: SSF_updateSessionStore@resource://gre/modules/SessionStoreFunctions.sys.mjs:46:27
06-05 13:19:20.132 14722 14929 E GeckoConsole: UpdateSessionStore@resource://gre/modules/SessionStoreFunctions.sys.mjs:16:46
06-05 13:19:20.132 14722 14722 W View    : requestLayout() improperly called by helium314.keyboard.latin.panels.BrowserPanelView{31eccf6 V.E...... ......ID 0,0-1440,1988} during second layout pass: posting in next frame
06-05 13:19:20.133 14722 14929 E GeckoConsole: [JavaScript Error: "TypeError: can't access property "WindowEventDispatcher", win is null" {file: "resource://gre/modules/GeckoViewSessionStore.sys.mjs" line: 149}]
06-05 13:19:20.133 14722 14929 E GeckoConsole: onTabStateUpdate@resource://gre/modules/GeckoViewSessionStore.sys.mjs:149:5
06-05 13:19:20.133 14722 14929 E GeckoConsole: updateSessionStoreFromTabListener@resource://gre/modules/GeckoViewSessionStore.sys.mjs:243:10
06-05 13:19:20.133 14722 14929 E GeckoConsole: SSF_updateSessionStore@resource://gre/modules/SessionStoreFunctions.sys.mjs:46:27
06-05 13:19:20.133 14722 14929 E GeckoConsole: UpdateSessionStore@resource://gre/modules/SessionStoreFunctions.sys.mjs:16:46
06-05 13:19:20.133 14722 14929 E GeckoConsole: [JavaScript Error: "TypeError: can't access property "WindowEventDispatcher", win is null" {file: "resource://gre/modules/GeckoViewSessionStore.sys.mjs" line: 149}]
06-05 13:19:20.133 14722 14929 E GeckoConsole: onTabStateUpdate@resource://gre/modules/GeckoViewSessionStore.sys.mjs:149:5
06-05 13:19:20.133 14722 14929 E GeckoConsole: updateSessionStoreFromTabListener@resource://gre/modules/GeckoViewSessionStore.sys.mjs:243:10
06-05 13:19:20.133 14722 14929 E GeckoConsole: SSF_updateSessionStore@resource://gre/modules/SessionStoreFunctions.sys.mjs:46:27
06-05 13:19:20.133 14722 14929 E GeckoConsole: UpdateSessionStore@resource://gre/modules/SessionStoreFunctions.sys.mjs:16:46
06-05 13:19:20.134 14722 14929 E GeckoConsole: [JavaScript Error: "TypeError: can't access property "WindowEventDispatcher", win is null" {file: "resource://gre/modules/GeckoViewSessionStore.sys.mjs" line: 149}]
06-05 13:19:20.134 14722 14929 E GeckoConsole: onTabStateUpdate@resource://gre/modules/GeckoViewSessionStore.sys.mjs:149:5
06-05 13:19:20.134 14722 14929 E GeckoConsole: updateSessionStoreFromTabListener@resource://gre/modules/GeckoViewSessionStore.sys.mjs:243:10
06-05 13:19:20.134 14722 14929 E GeckoConsole: SSF_updateSessionStore@resource://gre/modules/SessionStoreFunctions.sys.mjs:46:27
06-05 13:19:20.134 14722 14929 E GeckoConsole: UpdateSessionStore@resource://gre/modules/SessionStoreFunctions.sys.mjs:16:46
06-05 13:19:20.135 14722 14722 W View    : requestLayout() improperly called by helium314.keyboard.latin.panels.BrowserPanelView{31eccf6 V.E...... ......ID 0,0-1440,1988} during layout: running second layout pass
06-05 13:19:20.135 14722 14929 E GeckoConsole: [JavaScript Error: "TypeError: can't access property "WindowEventDispatcher", win is null" {file: "resource://gre/modules/GeckoViewSessionStore.sys.mjs" line: 149}]
06-05 13:19:20.135 14722 14929 E GeckoConsole: onTabStateUpdate@resource://gre/modules/GeckoViewSessionStore.sys.mjs:149:5
06-05 13:19:20.135 14722 14929 E GeckoConsole: updateSessionStoreFromTabListener@resource://gre/modules/GeckoViewSessionStore.sys.mjs:243:10
06-05 13:19:20.135 14722 14929 E GeckoConsole: SSF_updateSessionStore@resource://gre/modules/SessionStoreFunctions.sys.mjs:46:27
06-05 13:19:20.135 14722 14929 E GeckoConsole: UpdateSessionStore@resource://gre/modules/SessionStoreFunctions.sys.mjs:16:46
06-05 13:19:20.136 14722 14929 E GeckoConsole: [JavaScript Error: "TypeError: can't access property "WindowEventDispatcher", win is null" {file: "resource://gre/modules/GeckoViewSessionStore.sys.mjs" line: 149}]
06-05 13:19:20.136 14722 14929 E GeckoConsole: onTabStateUpdate@resource://gre/modules/GeckoViewSessionStore.sys.mjs:149:5
06-05 13:19:20.136 14722 14929 E GeckoConsole: updateSessionStoreFromTabListener@resource://gre/modules/GeckoViewSessionStore.sys.mjs:243:10
06-05 13:19:20.136 14722 14929 E GeckoConsole: SSF_updateSessionStore@resource://gre/modules/SessionStoreFunctions.sys.mjs:46:27
06-05 13:19:20.136 14722 14929 E GeckoConsole: UpdateSessionStore@resource://gre/modules/SessionStoreFunctions.sys.mjs:16:46
06-05 13:19:20.136 14722 14929 E GeckoConsole: [JavaScript Error: "TypeError: can't access property "WindowEventDispatcher", win is null" {file: "resource://gre/modules/GeckoViewSessionStore.sys.mjs" line: 149}]
06-05 13:19:20.136 14722 14929 E GeckoConsole: onTabStateUpdate@resource://gre/modules/GeckoViewSessionStore.sys.mjs:149:5
06-05 13:19:20.136 14722 14929 E GeckoConsole: updateSessionStoreFromTabListener@resource://gre/modules/GeckoViewSessionStore.sys.mjs:243:10
06-05 13:19:20.136 14722 14929 E GeckoConsole: SSF_updateSessionStore@resource://gre/modules/SessionStoreFunctions.sys.mjs:46:27
06-05 13:19:20.136 14722 14929 E GeckoConsole: UpdateSessionStore@resource://gre/modules/SessionStoreFunctions.sys.mjs:16:46
06-05 13:19:20.137 14722 14929 E GeckoConsole: [JavaScript Error: "TypeError: can't access property "WindowEventDispatcher", win is null" {file: "resource://gre/modules/GeckoViewSessionStore.sys.mjs" line: 149}]
06-05 13:19:20.137 14722 14929 E GeckoConsole: onTabStateUpdate@resource://gre/modules/GeckoViewSessionStore.sys.mjs:149:5
06-05 13:19:20.137 14722 14929 E GeckoConsole: updateSessionStoreFromTabListener@resource://gre/modules/GeckoViewSessionStore.sys.mjs:243:10
06-05 13:19:20.137 14722 14929 E GeckoConsole: SSF_updateSessionStore@resource://gre/modules/SessionStoreFunctions.sys.mjs:46:27
06-05 13:19:20.137 14722 14929 E GeckoConsole: UpdateSessionStore@resource://gre/modules/SessionStoreFunctions.sys.mjs:16:46
06-05 13:19:20.139 14722 14722 W View    : requestLayout() improperly called by helium314.keyboard.latin.panels.BrowserPanelView{31eccf6 V.E...... ........ 0,0-1440,1988} during second layout pass: posting in next frame
06-05 13:19:20.146 14722 14722 W View    : requestLayout() improperly called by helium314.keyboard.latin.panels.BrowserPanelView{31eccf6 V.E...... ......ID 0,0-1440,1988} during layout: running second layout pass
06-05 13:19:20.166 14722 14722 W View    : requestLayout() improperly called by helium314.keyboard.latin.panels.BrowserPanelView{31eccf6 V.E...... ........ 0,0-1440,1988} during second layout pass: posting in next frame
06-05 13:19:20.167 14722 14722 W GeckoSession: No history entries found.
06-05 13:19:20.169 14722 14722 W View    : requestLayout() improperly called by helium314.keyboard.latin.panels.BrowserPanelView{31eccf6 V.E...... ......ID 0,0-1440,1988} during layout: running second layout pass
06-05 13:19:20.173 14722 14722 W View    : requestLayout() improperly called by helium314.keyboard.latin.panels.BrowserPanelView{31eccf6 V.E...... ........ 0,0-1440,1988} during second layout pass: posting in next frame
06-05 13:19:20.179 14722 14722 W View    : requestLayout() improperly called by helium314.keyboard.latin.panels.BrowserPanelView{31eccf6 V.E...... ......ID 0,0-1440,1988} during layout: running second layout pass
06-05 13:19:20.195 14722 14722 W View    : requestLayout() improperly called by helium314.keyboard.latin.panels.BrowserPanelView{31eccf6 V.E...... ........ 0,0-1440,1988} during second layout pass: posting in next frame
06-05 13:19:20.197 14722 14722 W View    : requestLayout() improperly called by helium314.keyboard.latin.panels.BrowserPanelView{31eccf6 V.E...... ......ID 0,0-1440,1988} during layout: running second layout pass
06-05 13:19:20.216 14722 14722 W View    : requestLayout() improperly called by helium314.keyboard.latin.panels.BrowserPanelView{31eccf6 V.E...... ........ 0,0-1440,1988} during second layout pass: posting in next frame
06-05 13:19:20.218 14722 14722 W View    : requestLayout() improperly called by helium314.keyboard.latin.panels.BrowserPanelView{31eccf6 V.E...... ......ID 0,0-1440,1988} during layout: running second layout pass
06-05 13:19:20.238 14722 14722 W View    : requestLayout() improperly called by helium314.keyboard.latin.panels.BrowserPanelView{31eccf6 V.E...... ........ 0,0-1440,1988} during second layout pass: posting in next frame
06-05 13:19:20.240 14722 14722 W View    : requestLayout() improperly called by helium314.keyboard.latin.panels.BrowserPanelView{31eccf6 V.E...... ......ID 0,0-1440,1988} during layout: running second layout pass
06-05 13:19:20.245 14722 14722 W View    : requestLayout() improperly called by helium314.keyboard.latin.panels.BrowserPanelView{31eccf6 V.E...... ........ 0,0-1440,1988} during second layout pass: posting in next frame
06-05 13:19:20.247 14722 14722 W View    : requestLayout() improperly called by helium314.keyboard.latin.panels.BrowserPanelView{31eccf6 V.E...... ......ID 0,0-1440,1988} during layout: running second layout pass
06-05 13:19:20.258 14722 14722 W View    : requestLayout() improperly called by helium314.keyboard.latin.panels.BrowserPanelView{31eccf6 V.E...... ........ 0,0-1440,1988} during second layout pass: posting in next frame
06-05 13:19:20.252 14722 14722 W com.vibekey.keyboard: type=1400 audit(0.0:157304): avc: denied { nlmsg_readpriv } for comm=536F636B657420546872656164 scontext=u:r:untrusted_app:s0:c97,c271,c512,c768 tcontext=u:r:untrusted_app:s0:c97,c271,c512,c768 tclass=netlink_route_socket permissive=0 bug=b/155595000 app=com.vibekey.keyboard
06-05 13:19:20.263 14722 14722 W View    : requestLayout() improperly called by helium314.keyboard.latin.panels.BrowserPanelView{31eccf6 V.E...... ......ID 0,0-1440,1988} during layout: running second layout pass
06-05 13:19:20.267 14722 14722 W View    : requestLayout() improperly called by helium314.keyboard.latin.panels.BrowserPanelView{31eccf6 V.E...... ........ 0,0-1440,1988} during second layout pass: posting in next frame
06-05 13:19:20.280 14722 14722 W View    : requestLayout() improperly called by helium314.keyboard.latin.panels.BrowserPanelView{31eccf6 V.E...... ......ID 0,0-1440,1988} during layout: running second layout pass
06-05 13:19:20.280 16056 16074 W Isolated Web Content: [JavaScript Warning: "This page is in Quirks Mode. Page layout may be impacted. For Standards Mode use “<!DOCTYPE html>”." {file: "https://prebid.a-mo.net/isyn?gdpr=&gdpr_consent=&us_privacy=&gpp=&gpp_sid=&s=pbs&cb=https%3A%2F%2Fpbs.fsrv.io%2F%2Fsetuid%3Fbidder%3Damx%26gdpr%3D%26gdpr_consent%3D%26us_privacy%3D%26gpp%3D%26gpp_sid%3D%26f%3Db%26uid%3D" line: 0}]
06-05 13:19:20.295 14722 14722 W View    : requestLayout() improperly called by helium314.keyboard.latin.panels.BrowserPanelView{31eccf6 V.E...... ........ 0,0-1440,1988} during second layout pass: posting in next frame
06-05 13:19:20.299 14722 14722 W View    : requestLayout() improperly called by helium314.keyboard.latin.panels.BrowserPanelView{31eccf6 V.E...... ......ID 0,0-1440,1988} during layout: running second layout pass
06-05 13:19:20.302 16125 16125 E .keyboard:tab3: Unknown bits set in runtime_flags: 0x40000000
06-05 13:19:20.305 14722 14722 W View    : requestLayout() improperly called by helium314.keyboard.latin.panels.BrowserPanelView{31eccf6 V.E...... ........ 0,0-1440,1988} during second layout pass: posting in next frame
06-05 13:19:20.313 14722 14722 W View    : requestLayout() improperly called by helium314.keyboard.latin.panels.BrowserPanelView{31eccf6 V.E...... ......ID 0,0-1440,1988} during layout: running second layout pass
06-05 13:19:20.318 14722 14722 W View    : requestLayout() improperly called by helium314.keyboard.latin.panels.BrowserPanelView{31eccf6 V.E...... ........ 0,0-1440,1988} during second layout pass: posting in next frame
06-05 13:19:20.331 14722 14722 W View    : requestLayout() improperly called by helium314.keyboard.latin.panels.BrowserPanelView{31eccf6 V.E...... ......ID 0,0-1440,1988} during layout: running second layout pass
06-05 13:19:20.338 14722 14722 W View    : requestLayout() improperly called by helium314.keyboard.latin.panels.BrowserPanelView{31eccf6 V.E...... ........ 0,0-1440,1988} during second layout pass: posting in next frame
06-05 13:19:20.348 14722 14722 W View    : requestLayout() improperly called by helium314.keyboard.latin.panels.BrowserPanelView{31eccf6 V.E...... ......ID 0,0-1440,1988} during layout: running second layout pass
06-05 13:19:20.363 14722 14722 W View    : requestLayout() improperly called by helium314.keyboard.latin.panels.BrowserPanelView{31eccf6 V.E...... ........ 0,0-1440,1988} during second layout pass: posting in next frame
06-05 13:19:20.365 14722 14722 W View    : requestLayout() improperly called by helium314.keyboard.latin.panels.BrowserPanelView{31eccf6 V.E...... ......ID 0,0-1440,1988} during layout: running second layout pass
06-05 13:19:20.377 14722 14722 W View    : requestLayout() improperly called by helium314.keyboard.latin.panels.BrowserPanelView{31eccf6 V.E...... ........ 0,0-1440,1988} during second layout pass: posting in next frame
06-05 13:19:20.379 14722 14722 W View    : requestLayout() improperly called by helium314.keyboard.latin.panels.BrowserPanelView{31eccf6 V.E...... ......ID 0,0-1440,1988} during layout: running second layout pass
06-05 13:19:20.391 14722 14722 W View    : requestLayout() improperly called by helium314.keyboard.latin.panels.BrowserPanelView{31eccf6 V.E...... ........ 0,0-1440,1988} during second layout pass: posting in next frame
06-05 13:19:20.397 14722 14722 W View    : requestLayout() improperly called by helium314.keyboard.latin.panels.BrowserPanelView{31eccf6 V.E...... ......ID 0,0-1440,1988} during layout: running second layout pass
06-05 13:19:20.398 16125 16159 E GeckoLibLoad: Load sqlite start
06-05 13:19:20.401 16125 16159 E GeckoLibLoad: Load sqlite done
06-05 13:19:20.402 16125 16159 E GeckoLibLoad: Load nss start
06-05 13:19:20.402 16125 16159 E GeckoLibLoad: Load nss done
06-05 13:19:20.405 14722 14722 W View    : requestLayout() improperly called by helium314.keyboard.latin.panels.BrowserPanelView{31eccf6 V.E...... ........ 0,0-1440,1988} during second layout pass: posting in next frame
06-05 13:19:20.414 14722 14722 W View    : requestLayout() improperly called by helium314.keyboard.latin.panels.BrowserPanelView{31eccf6 V.E...... ......I. 0,0-1440,1988} during layout: running second layout pass
06-05 13:19:20.414 16125 16159 E GeckoLibLoad: Loaded libs in 12.629219ms total, 0ms(0ms) user, 9ms(10ms) system, 0(0) faults
06-05 13:19:20.415 16125 16159 W GeckoThread: zerdatime 356803276 - runGecko
06-05 13:19:20.423 14722 14722 W View    : requestLayout() improperly called by helium314.keyboard.latin.panels.BrowserPanelView{31eccf6 V.E...... ........ 0,0-1440,1988} during second layout pass: posting in next frame
06-05 13:19:20.432 14722 14722 W View    : requestLayout() improperly called by helium314.keyboard.latin.panels.BrowserPanelView{31eccf6 V.E...... ......I. 0,0-1440,1988} during layout: running second layout pass
06-05 13:19:20.438 14722 14722 W View    : requestLayout() improperly called by helium314.keyboard.latin.panels.BrowserPanelView{31eccf6 V.E...... ........ 0,0-1440,1988} during second layout pass: posting in next frame
06-05 13:19:20.446 14722 14722 W View    : requestLayout() improperly called by helium314.keyboard.latin.panels.BrowserPanelView{31eccf6 V.E...... ......I. 0,0-1440,1988} during layout: running second layout pass
06-05 13:19:20.458 14722 14722 W View    : requestLayout() improperly called by helium314.keyboard.latin.panels.BrowserPanelView{31eccf6 V.E...... ........ 0,0-1440,1988} during second layout pass: posting in next frame
06-05 13:19:20.465 14722 14722 W View    : requestLayout() improperly called by helium314.keyboard.latin.panels.BrowserPanelView{31eccf6 V.E...... ......ID 0,0-1440,1988} during layout: running second layout pass
06-05 13:19:20.472 14722 14722 W View    : requestLayout() improperly called by helium314.keyboard.latin.panels.BrowserPanelView{31eccf6 V.E...... ........ 0,0-1440,1988} during second layout pass: posting in next frame
06-05 13:19:20.483 14722 14722 W View    : requestLayout() improperly called by helium314.keyboard.latin.panels.BrowserPanelView{31eccf6 V.E...... ......I. 0,0-1440,1988} during layout: running second layout pass
06-05 13:19:20.494 14722 14722 W View    : requestLayout() improperly called by helium314.keyboard.latin.panels.BrowserPanelView{31eccf6 V.E...... ........ 0,0-1440,1988} during second layout pass: posting in next frame
06-05 13:19:20.496 14722 14722 W View    : requestLayout() improperly called by helium314.keyboard.latin.panels.BrowserPanelView{31eccf6 V.E...... ......I. 0,0-1440,1988} during layout: running second layout pass
06-05 13:19:20.500 14722 14722 W View    : requestLayout() improperly called by helium314.keyboard.latin.panels.BrowserPanelView{31eccf6 V.E...... ........ 0,0-1440,1988} during second layout pass: posting in next frame
06-05 13:19:20.513 14722 14722 W View    : requestLayout() improperly called by helium314.keyboard.latin.panels.BrowserPanelView{31eccf6 V.E...... ......I. 0,0-1440,1988} during layout: running second layout pass
06-05 13:19:20.520 14722 14722 W View    : requestLayout() improperly called by helium314.keyboard.latin.panels.BrowserPanelView{31eccf6 V.E...... ........ 0,0-1440,1988} during second layout pass: posting in next frame
06-05 13:19:20.531 14722 14722 W View    : requestLayout() improperly called by helium314.keyboard.latin.panels.BrowserPanelView{31eccf6 V.E...... ......I. 0,0-1440,1988} during layout: running second layout pass
06-05 13:19:20.535 14722 14722 W View    : requestLayout() improperly called by helium314.keyboard.latin.panels.BrowserPanelView{31eccf6 V.E...... ........ 0,0-1440,1988} during second layout pass: posting in next frame
06-05 13:19:20.547 14722 14722 W View    : requestLayout() improperly called by helium314.keyboard.latin.panels.BrowserPanelView{31eccf6 V.E...... ......ID 0,0-1440,1988} during layout: running second layout pass
06-05 13:19:20.552 14722 14722 W View    : requestLayout() improperly called by helium314.keyboard.latin.panels.BrowserPanelView{31eccf6 V.E...... ........ 0,0-1440,1988} during second layout pass: posting in next frame
06-05 13:19:20.552 14722 14722 W com.vibekey.keyboard: type=1400 audit(0.0:157305): avc: denied { nlmsg_readpriv } for comm=536F636B657420546872656164 scontext=u:r:untrusted_app:s0:c97,c271,c512,c768 tcontext=u:r:untrusted_app:s0:c97,c271,c512,c768 tclass=netlink_route_socket permissive=0 bug=b/155595000 app=com.vibekey.keyboard
06-05 13:19:20.564 14722 14722 W View    : requestLayout() improperly called by helium314.keyboard.latin.panels.BrowserPanelView{31eccf6 V.E...... ......ID 0,0-1440,1988} during layout: running second layout pass
06-05 13:19:20.570 14722 14722 W View    : requestLayout() improperly called by helium314.keyboard.latin.panels.BrowserPanelView{31eccf6 V.E...... ........ 0,0-1440,1988} during second layout pass: posting in next frame
06-05 13:19:20.580 14722 14722 W View    : requestLayout() improperly called by helium314.keyboard.latin.panels.BrowserPanelView{31eccf6 V.E...... ......ID 0,0-1440,1988} during layout: running second layout pass
06-05 13:19:20.584 14722 14722 W View    : requestLayout() improperly called by helium314.keyboard.latin.panels.BrowserPanelView{31eccf6 V.E...... ........ 0,0-1440,1988} during second layout pass: posting in next frame
06-05 13:19:20.596 14722 14722 W View    : requestLayout() improperly called by helium314.keyboard.latin.panels.BrowserPanelView{31eccf6 V.E...... ......ID 0,0-1440,1988} during layout: running second layout pass
06-05 13:19:20.600 14722 14722 W View    : requestLayout() improperly called by helium314.keyboard.latin.panels.BrowserPanelView{31eccf6 V.E...... ........ 0,0-1440,1988} during second layout pass: posting in next frame
06-05 13:19:20.613 14722 14722 W View    : requestLayout() improperly called by helium314.keyboard.latin.panels.BrowserPanelView{31eccf6 V.E...... ......ID 0,0-1440,1988} during layout: running second layout pass
06-05 13:19:20.618 14722 14722 W View    : requestLayout() improperly called by helium314.keyboard.latin.panels.BrowserPanelView{31eccf6 V.E...... ........ 0,0-1440,1988} during second layout pass: posting in next frame
06-05 13:19:20.630 14722 14722 W View    : requestLayout() improperly called by helium314.keyboard.latin.panels.BrowserPanelView{31eccf6 V.E...... ......ID 0,0-1440,1988} during layout: running second layout pass
06-05 13:19:20.634 14722 14722 W View    : requestLayout() improperly called by helium314.keyboard.latin.panels.BrowserPanelView{31eccf6 V.E...... ........ 0,0-1440,1988} during second layout pass: posting in next frame
06-05 13:19:20.648 14722 14722 W View    : requestLayout() improperly called by helium314.keyboard.latin.panels.BrowserPanelView{31eccf6 V.E...... ......ID 0,0-1440,1988} during layout: running second layout pass
06-05 13:19:20.653 14722 14722 W View    : requestLayout() improperly called by helium314.keyboard.latin.panels.BrowserPanelView{31eccf6 V.E...... ........ 0,0-1440,1988} during second layout pass: posting in next frame
06-05 13:19:20.663 14722 14722 W View    : requestLayout() improperly called by helium314.keyboard.latin.panels.BrowserPanelView{31eccf6 V.E...... ......ID 0,0-1440,1988} during layout: running second layout pass
06-05 13:19:20.668 14722 14722 W View    : requestLayout() improperly called by helium314.keyboard.latin.panels.BrowserPanelView{31eccf6 V.E...... ........ 0,0-1440,1988} during second layout pass: posting in next frame
06-05 13:19:20.680 14722 14722 W View    : requestLayout() improperly called by helium314.keyboard.latin.panels.BrowserPanelView{31eccf6 V.E...... ......ID 0,0-1440,1988} during layout: running second layout pass
06-05 13:19:20.684 14722 14722 W View    : requestLayout() improperly called by helium314.keyboard.latin.panels.BrowserPanelView{31eccf6 V.E...... ........ 0,0-1440,1988} during second layout pass: posting in next frame
06-05 13:19:20.697 14722 14722 W View    : requestLayout() improperly called by helium314.keyboard.latin.panels.BrowserPanelView{31eccf6 V.E...... ......ID 0,0-1440,1988} during layout: running second layout pass
06-05 13:19:20.701 14722 14722 W View    : requestLayout() improperly called by helium314.keyboard.latin.panels.BrowserPanelView{31eccf6 V.E...... ........ 0,0-1440,1988} during second layout pass: posting in next frame
06-05 13:19:20.713 14722 14722 W View    : requestLayout() improperly called by helium314.keyboard.latin.panels.BrowserPanelView{31eccf6 V.E...... ......ID 0,0-1440,1988} during layout: running second layout pass
06-05 13:19:20.718 14722 14722 W View    : requestLayout() improperly called by helium314.keyboard.latin.panels.BrowserPanelView{31eccf6 V.E...... ........ 0,0-1440,1988} during second layout pass: posting in next frame
06-05 13:19:20.730 14722 14722 W View    : requestLayout() improperly called by helium314.keyboard.latin.panels.BrowserPanelView{31eccf6 V.E...... ......ID 0,0-1440,1988} during layout: running second layout pass
06-05 13:19:20.735 14722 14722 W View    : requestLayout() improperly called by helium314.keyboard.latin.panels.BrowserPanelView{31eccf6 V.E...... ........ 0,0-1440,1988} during second layout pass: posting in next frame
06-05 13:19:20.747 14722 14722 W View    : requestLayout() improperly called by helium314.keyboard.latin.panels.BrowserPanelView{31eccf6 V.E...... ......ID 0,0-1440,1988} during layout: running second layout pass
06-05 13:19:20.752 14722 14722 W View    : requestLayout() improperly called by helium314.keyboard.latin.panels.BrowserPanelView{31eccf6 V.E...... ........ 0,0-1440,1988} during second layout pass: posting in next frame
06-05 13:19:20.764 14722 14722 W View    : requestLayout() improperly called by helium314.keyboard.latin.panels.BrowserPanelView{31eccf6 V.E...... ......ID 0,0-1440,1988} during layout: running second layout pass
06-05 13:19:20.770 14722 14722 W View    : requestLayout() improperly called by helium314.keyboard.latin.panels.BrowserPanelView{31eccf6 V.E...... ........ 0,0-1440,1988} during second layout pass: posting in next frame
06-05 13:19:20.781 14722 14722 W View    : requestLayout() improperly called by helium314.keyboard.latin.panels.BrowserPanelView{31eccf6 V.E...... ......ID 0,0-1440,1988} during layout: running second layout pass
06-05 13:19:20.792 14722 14722 W View    : requestLayout() improperly called by helium314.keyboard.latin.panels.BrowserPanelView{31eccf6 V.E...... ........ 0,0-1440,1988} during second layout pass: posting in next frame
06-05 13:19:20.797 14722 14722 W View    : requestLayout() improperly called by helium314.keyboard.latin.panels.BrowserPanelView{31eccf6 V.E...... ......ID 0,0-1440,1988} during layout: running second layout pass
06-05 13:19:20.801 14722 14722 W View    : requestLayout() improperly called by helium314.keyboard.latin.panels.BrowserPanelView{31eccf6 V.E...... ........ 0,0-1440,1988} during second layout pass: posting in next frame
06-05 13:19:20.814 14722 14722 W View    : requestLayout() improperly called by helium314.keyboard.latin.panels.BrowserPanelView{31eccf6 V.E...... ......ID 0,0-1440,1988} during layout: running second layout pass
06-05 13:19:20.818 14722 14722 W View    : requestLayout() improperly called by helium314.keyboard.latin.panels.BrowserPanelView{31eccf6 V.E...... ........ 0,0-1440,1988} during second layout pass: posting in next frame
06-05 13:19:20.830 14722 14722 W View    : requestLayout() improperly called by helium314.keyboard.latin.panels.BrowserPanelView{31eccf6 V.E...... ......ID 0,0-1440,1988} during layout: running second layout pass
06-05 13:19:20.836 14722 14722 W View    : requestLayout() improperly called by helium314.keyboard.latin.panels.BrowserPanelView{31eccf6 V.E...... ........ 0,0-1440,1988} during second layout pass: posting in next frame
06-05 13:19:20.847 14722 14722 W View    : requestLayout() improperly called by helium314.keyboard.latin.panels.BrowserPanelView{31eccf6 V.E...... ......ID 0,0-1440,1988} during layout: running second layout pass
06-05 13:19:20.851 14722 14722 W View    : requestLayout() improperly called by helium314.keyboard.latin.panels.BrowserPanelView{31eccf6 V.E...... ........ 0,0-1440,1988} during second layout pass: posting in next frame
06-05 13:19:20.864 14722 14722 W View    : requestLayout() improperly called by helium314.keyboard.latin.panels.BrowserPanelView{31eccf6 V.E...... ......ID 0,0-1440,1988} during layout: running second layout pass
06-05 13:19:20.869 14722 14722 W View    : requestLayout() improperly called by helium314.keyboard.latin.panels.BrowserPanelView{31eccf6 V.E...... ........ 0,0-1440,1988} during second layout pass: posting in next frame
06-05 13:19:20.880 14722 14722 W View    : requestLayout() improperly called by helium314.keyboard.latin.panels.BrowserPanelView{31eccf6 V.E...... ......ID 0,0-1440,1988} during layout: running second layout pass
06-05 13:19:20.885 14722 14722 W View    : requestLayout() improperly called by helium314.keyboard.latin.panels.BrowserPanelView{31eccf6 V.E...... ........ 0,0-1440,1988} during second layout pass: posting in next frame
06-05 13:19:20.897 14722 14722 W View    : requestLayout() improperly called by helium314.keyboard.latin.panels.BrowserPanelView{31eccf6 V.E...... ......ID 0,0-1440,1988} during layout: running second layout pass
06-05 13:19:20.902 14722 14722 W View    : requestLayout() improperly called by helium314.keyboard.latin.panels.BrowserPanelView{31eccf6 V.E...... ........ 0,0-1440,1988} during second layout pass: posting in next frame
06-05 13:19:20.914 14722 14722 W View    : requestLayout() improperly called by helium314.keyboard.latin.panels.BrowserPanelView{31eccf6 V.E...... ......ID 0,0-1440,1988} during layout: running second layout pass
06-05 13:19:20.918 14722 14722 W View    : requestLayout() improperly called by helium314.keyboard.latin.panels.BrowserPanelView{31eccf6 V.E...... ........ 0,0-1440,1988} during second layout pass: posting in next frame
06-05 13:19:20.931 14722 14722 W View    : requestLayout() improperly called by helium314.keyboard.latin.panels.BrowserPanelView{31eccf6 V.E...... ......ID 0,0-1440,1988} during layout: running second layout pass
06-05 13:19:20.936 14722 14722 W View    : requestLayout() improperly called by helium314.keyboard.latin.panels.BrowserPanelView{31eccf6 V.E...... ........ 0,0-1440,1988} during second layout pass: posting in next frame
06-05 13:19:20.947 14722 14722 W View    : requestLayout() improperly called by helium314.keyboard.latin.panels.BrowserPanelView{31eccf6 V.E...... ......I. 0,0-1440,1988} during layout: running second layout pass
06-05 13:19:20.951 14722 14722 W View    : requestLayout() improperly called by helium314.keyboard.latin.panels.BrowserPanelView{31eccf6 V.E...... ........ 0,0-1440,1988} during second layout pass: posting in next frame
06-05 13:19:20.966 14722 14722 W View    : requestLayout() improperly called by helium314.keyboard.latin.panels.BrowserPanelView{31eccf6 V.E...... ......I. 0,0-1440,1988} during layout: running second layout pass
06-05 13:19:20.971 14722 14722 W View    : requestLayout() improperly called by helium314.keyboard.latin.panels.BrowserPanelView{31eccf6 V.E...... ........ 0,0-1440,1988} during second layout pass: posting in next frame
06-05 13:19:20.980 14722 14722 W View    : requestLayout() improperly called by helium314.keyboard.latin.panels.BrowserPanelView{31eccf6 V.E...... ......I. 0,0-1440,1988} during layout: running second layout pass
06-05 13:19:20.984 14722 14722 W View    : requestLayout() improperly called by helium314.keyboard.latin.panels.BrowserPanelView{31eccf6 V.E...... ........ 0,0-1440,1988} during second layout pass: posting in next frame
06-05 13:19:20.997 14722 14722 W View    : requestLayout() improperly called by helium314.keyboard.latin.panels.BrowserPanelView{31eccf6 V.E...... ......I. 0,0-1440,1988} during layout: running second layout pass
06-05 13:19:21.001 14722 14722 W View    : requestLayout() improperly called by helium314.keyboard.latin.panels.BrowserPanelView{31eccf6 V.E...... ........ 0,0-1440,1988} during second layout pass: posting in next frame
06-05 13:19:21.014 14722 14722 W View    : requestLayout() improperly called by helium314.keyboard.latin.panels.BrowserPanelView{31eccf6 V.E...... ......I. 0,0-1440,1988} during layout: running second layout pass
06-05 13:19:21.018 14722 14722 W View    : requestLayout() improperly called by helium314.keyboard.latin.panels.BrowserPanelView{31eccf6 V.E...... ........ 0,0-1440,1988} during second layout pass: posting in next frame
06-05 13:19:21.031 14722 14722 W View    : requestLayout() improperly called by helium314.keyboard.latin.panels.BrowserPanelView{31eccf6 V.E...... ......I. 0,0-1440,1988} during layout: running second layout pass
06-05 13:19:21.036 14722 14722 W View    : requestLayout() improperly called by helium314.keyboard.latin.panels.BrowserPanelView{31eccf6 V.E...... ........ 0,0-1440,1988} during second layout pass: posting in next frame
06-05 13:19:21.047 14722 14722 W View    : requestLayout() improperly called by helium314.keyboard.latin.panels.BrowserPanelView{31eccf6 V.E...... ......I. 0,0-1440,1988} during layout: running second layout pass
06-05 13:19:21.049 16056 16074 E Isolated Web Content: [JavaScript Error: "Cross-Origin Request Blocked: The Same Origin Policy disallows reading the remote resource at https://c3.amx1.net/b?uid=35b4de1a%2D6f95%2D42e2%2D9937%2Dfd7e2d22d391&sh=id%2Ea%2Dmx%2Ecom&. (Reason: CORS header ‘Access-Control-Allow-Origin’ missing). Status code: 403."]
06-05 13:19:21.052 14722 14722 W View    : requestLayout() improperly called by helium314.keyboard.latin.panels.BrowserPanelView{31eccf6 V.E...... ........ 0,0-1440,1988} during second layout pass: posting in next frame
06-05 13:19:21.064 14722 14722 W View    : requestLayout() improperly called by helium314.keyboard.latin.panels.BrowserPanelView{31eccf6 V.E...... ......I. 0,0-1440,1988} during layout: running second layout pass
06-05 13:19:21.069 14722 14722 W View    : requestLayout() improperly called by helium314.keyboard.latin.panels.BrowserPanelView{31eccf6 V.E...... ........ 0,0-1440,1988} during second layout pass: posting in next frame
06-05 13:19:21.081 14722 14722 W View    : requestLayout() improperly called by helium314.keyboard.latin.panels.BrowserPanelView{31eccf6 V.E...... ......I. 0,0-1440,1988} during layout: running second layout pass
06-05 13:19:21.085 14722 14722 W View    : requestLayout() improperly called by helium314.keyboard.latin.panels.BrowserPanelView{31eccf6 V.E...... ........ 0,0-1440,1988} during second layout pass: posting in next frame
06-05 13:19:21.097 14722 14722 W View    : requestLayout() improperly called by helium314.keyboard.latin.panels.BrowserPanelView{31eccf6 V.E...... ......I. 0,0-1440,1988} during layout: running second layout pass
06-05 13:19:21.102 14722 14722 W View    : requestLayout() improperly called by helium314.keyboard.latin.panels.BrowserPanelView{31eccf6 V.E...... ........ 0,0-1440,1988} during second layout pass: posting in next frame
06-05 13:19:21.114 14722 14722 W View    : requestLayout() improperly called by helium314.keyboard.latin.panels.BrowserPanelView{31eccf6 V.E...... ......I. 0,0-1440,1988} during layout: running second layout pass
06-05 13:19:21.118 14722 14722 W View    : requestLayout() improperly called by helium314.keyboard.latin.panels.BrowserPanelView{31eccf6 V.E...... ........ 0,0-1440,1988} during second layout pass: posting in next frame
06-05 13:19:21.131 14722 14722 W View    : requestLayout() improperly called by helium314.keyboard.latin.panels.BrowserPanelView{31eccf6 V.E...... ......I. 0,0-1440,1988} during layout: running second layout pass
06-05 13:19:21.136 14722 14722 W View    : requestLayout() improperly called by helium314.keyboard.latin.panels.BrowserPanelView{31eccf6 V.E...... ........ 0,0-1440,1988} during second layout pass: posting in next frame
06-05 13:19:21.148 14722 14722 W View    : requestLayout() improperly called by helium314.keyboard.latin.panels.BrowserPanelView{31eccf6 V.E...... ......I. 0,0-1440,1988} during layout: running second layout pass
06-05 13:19:21.153 14722 14722 W View    : requestLayout() improperly called by helium314.keyboard.latin.panels.BrowserPanelView{31eccf6 V.E...... ........ 0,0-1440,1988} during second layout pass: posting in next frame
06-05 13:19:21.164 14722 14722 W View    : requestLayout() improperly called by helium314.keyboard.latin.panels.BrowserPanelView{31eccf6 V.E...... ......I. 0,0-1440,1988} during layout: running second layout pass
06-05 13:19:21.169 14722 14722 W View    : requestLayout() improperly called by helium314.keyboard.latin.panels.BrowserPanelView{31eccf6 V.E...... ........ 0,0-1440,1988} during second layout pass: posting in next frame
06-05 13:19:21.181 14722 14722 W View    : requestLayout() improperly called by helium314.keyboard.latin.panels.BrowserPanelView{31eccf6 V.E...... ......I. 0,0-1440,1988} during layout: running second layout pass
06-05 13:19:21.186 14722 14722 W View    : requestLayout() improperly called by helium314.keyboard.latin.panels.BrowserPanelView{31eccf6 V.E...... ........ 0,0-1440,1988} during second layout pass: posting in next frame
06-05 13:19:21.198 14722 14722 W View    : requestLayout() improperly called by helium314.keyboard.latin.panels.BrowserPanelView{31eccf6 V.E...... ......I. 0,0-1440,1988} during layout: running second layout pass
06-05 13:19:21.202 14722 14722 W View    : requestLayout() improperly called by helium314.keyboard.latin.panels.BrowserPanelView{31eccf6 V.E...... ........ 0,0-1440,1988} during second layout pass: posting in next frame
06-05 13:19:21.214 14722 14722 W View    : requestLayout() improperly called by helium314.keyboard.latin.panels.BrowserPanelView{31eccf6 V.E...... ......I. 0,0-1440,1988} during layout: running second layout pass
06-05 13:19:21.218 14722 14722 W View    : requestLayout() improperly called by helium314.keyboard.latin.panels.BrowserPanelView{31eccf6 V.E...... ........ 0,0-1440,1988} during second layout pass: posting in next frame
06-05 13:19:21.231 14722 14722 W View    : requestLayout() improperly called by helium314.keyboard.latin.panels.BrowserPanelView{31eccf6 V.E...... ......I. 0,0-1440,1988} during layout: running second layout pass
06-05 13:19:21.236 14722 14722 W View    : requestLayout() improperly called by helium314.keyboard.latin.panels.BrowserPanelView{31eccf6 V.E...... ........ 0,0-1440,1988} during second layout pass: posting in next frame
06-05 13:19:21.248 14722 14722 W View    : requestLayout() improperly called by helium314.keyboard.latin.panels.BrowserPanelView{31eccf6 V.E...... ......I. 0,0-1440,1988} during layout: running second layout pass
06-05 13:19:21.253 14722 14722 W View    : requestLayout() improperly called by helium314.keyboard.latin.panels.BrowserPanelView{31eccf6 V.E...... ........ 0,0-1440,1988} during second layout pass: posting in next frame
06-05 13:19:21.264 14722 14722 W View    : requestLayout() improperly called by helium314.keyboard.latin.panels.BrowserPanelView{31eccf6 V.E...... ......I. 0,0-1440,1988} during layout: running second layout pass
06-05 13:19:21.269 14722 14722 W View    : requestLayout() improperly called by helium314.keyboard.latin.panels.BrowserPanelView{31eccf6 V.E...... ........ 0,0-1440,1988} during second layout pass: posting in next frame
06-05 13:19:21.281 14722 14722 W View    : requestLayout() improperly called by helium314.keyboard.latin.panels.BrowserPanelView{31eccf6 V.E...... ......I. 0,0-1440,1988} during layout: running second layout pass
06-05 13:19:21.286 14722 14722 W View    : requestLayout() improperly called by helium314.keyboard.latin.panels.BrowserPanelView{31eccf6 V.E...... ........ 0,0-1440,1988} during second layout pass: posting in next frame
06-05 13:19:21.298 14722 14722 W View    : requestLayout() improperly called by helium314.keyboard.latin.panels.BrowserPanelView{31eccf6 V.E...... ......I. 0,0-1440,1988} during layout: running second layout pass
06-05 13:19:21.303 14722 14722 W View    : requestLayout() improperly called by helium314.keyboard.latin.panels.BrowserPanelView{31eccf6 V.E...... ........ 0,0-1440,1988} during second layout pass: posting in next frame
06-05 13:19:21.315 14722 14722 W View    : requestLayout() improperly called by helium314.keyboard.latin.panels.BrowserPanelView{31eccf6 V.E...... ......I. 0,0-1440,1988} during layout: running second layout pass
06-05 13:19:21.319 14722 14722 W View    : requestLayout() improperly called by helium314.keyboard.latin.panels.BrowserPanelView{31eccf6 V.E...... ........ 0,0-1440,1988} during second layout pass: posting in next frame
06-05 13:19:21.331 14722 14722 W View    : requestLayout() improperly called by helium314.keyboard.latin.panels.BrowserPanelView{31eccf6 V.E...... ......I. 0,0-1440,1988} during layout: running second layout pass
06-05 13:19:21.336 14722 14722 W View    : requestLayout() improperly called by helium314.keyboard.latin.panels.BrowserPanelView{31eccf6 V.E...... ........ 0,0-1440,1988} during second layout pass: posting in next frame
06-05 13:19:21.348 14722 14722 W View    : requestLayout() improperly called by helium314.keyboard.latin.panels.BrowserPanelView{31eccf6 V.E...... ......I. 0,0-1440,1988} during layout: running second layout pass
06-05 13:19:21.353 14722 14722 W View    : requestLayout() improperly called by helium314.keyboard.latin.panels.BrowserPanelView{31eccf6 V.E...... ........ 0,0-1440,1988} during second layout pass: posting in next frame
06-05 13:19:21.365 14722 14722 W View    : requestLayout() improperly called by helium314.keyboard.latin.panels.BrowserPanelView{31eccf6 V.E...... ......I. 0,0-1440,1988} during layout: running second layout pass
06-05 13:19:21.371 14722 14722 W View    : requestLayout() improperly called by helium314.keyboard.latin.panels.BrowserPanelView{31eccf6 V.E...... ........ 0,0-1440,1988} during second layout pass: posting in next frame
06-05 13:19:21.381 14722 14722 W View    : requestLayout() improperly called by helium314.keyboard.latin.panels.BrowserPanelView{31eccf6 V.E...... ......I. 0,0-1440,1988} during layout: running second layout pass
06-05 13:19:21.386 14722 14722 W View    : requestLayout() improperly called by helium314.keyboard.latin.panels.BrowserPanelView{31eccf6 V.E...... ........ 0,0-1440,1988} during second layout pass: posting in next frame
06-05 13:19:21.398 14722 14722 W View    : requestLayout() improperly called by helium314.keyboard.latin.panels.BrowserPanelView{31eccf6 V.E...... ......I. 0,0-1440,1988} during layout: running second layout pass
06-05 13:19:21.402 14722 14722 W View    : requestLayout() improperly called by helium314.keyboard.latin.panels.BrowserPanelView{31eccf6 V.E...... ........ 0,0-1440,1988} during second layout pass: posting in next frame
06-05 13:19:21.415 14722 14722 W View    : requestLayout() improperly called by helium314.keyboard.latin.panels.BrowserPanelView{31eccf6 V.E...... ......I. 0,0-1440,1988} during layout: running second layout pass
06-05 13:19:21.419 14722 14722 W View    : requestLayout() improperly called by helium314.keyboard.latin.panels.BrowserPanelView{31eccf6 V.E...... ........ 0,0-1440,1988} during second layout pass: posting in next frame
06-05 13:19:21.432 14722 14722 W View    : requestLayout() improperly called by helium314.keyboard.latin.panels.BrowserPanelView{31eccf6 V.E...... ......I. 0,0-1440,1988} during layout: running second layout pass
06-05 13:19:21.436 14722 14722 W View    : requestLayout() improperly called by helium314.keyboard.latin.panels.BrowserPanelView{31eccf6 V.E...... ........ 0,0-1440,1988} during second layout pass: posting in next frame
06-05 13:19:21.448 14722 14722 W View    : requestLayout() improperly called by helium314.keyboard.latin.panels.BrowserPanelView{31eccf6 V.E...... ......I. 0,0-1440,1988} during layout: running second layout pass
06-05 13:19:21.455 14722 14722 W View    : requestLayout() improperly called by helium314.keyboard.latin.panels.BrowserPanelView{31eccf6 V.E...... ........ 0,0-1440,1988} during second layout pass: posting in next frame
06-05 13:19:21.468 14722 14722 W View    : requestLayout() improperly called by helium314.keyboard.latin.panels.BrowserPanelView{31eccf6 V.E...... ......I. 0,0-1440,1988} during layout: running second layout pass
06-05 13:19:21.472 14722 14722 W View    : requestLayout() improperly called by helium314.keyboard.latin.panels.BrowserPanelView{31eccf6 V.E...... ........ 0,0-1440,1988} during second layout pass: posting in next frame
06-05 13:19:21.484 14722 14722 W View    : requestLayout() improperly called by helium314.keyboard.latin.panels.BrowserPanelView{31eccf6 V.E...... ......I. 0,0-1440,1988} during layout: running second layout pass
06-05 13:19:21.491 14722 14722 W View    : requestLayout() improperly called by helium314.keyboard.latin.panels.BrowserPanelView{31eccf6 V.E...... ........ 0,0-1440,1988} during second layout pass: posting in next frame
06-05 13:19:21.498 14722 14722 W View    : requestLayout() improperly called by helium314.keyboard.latin.panels.BrowserPanelView{31eccf6 V.E...... ......I. 0,0-1440,1988} during layout: running second layout pass
06-05 13:19:21.503 14722 14722 W View    : requestLayout() improperly called by helium314.keyboard.latin.panels.BrowserPanelView{31eccf6 V.E...... ........ 0,0-1440,1988} during second layout pass: posting in next frame
06-05 13:19:21.515 14722 14722 W View    : requestLayout() improperly called by helium314.keyboard.latin.panels.BrowserPanelView{31eccf6 V.E...... ......I. 0,0-1440,1988} during layout: running second layout pass
06-05 13:19:21.520 14722 14722 W View    : requestLayout() improperly called by helium314.keyboard.latin.panels.BrowserPanelView{31eccf6 V.E...... ........ 0,0-1440,1988} during second layout pass: posting in next frame
06-05 13:19:21.532 14722 14722 W View    : requestLayout() improperly called by helium314.keyboard.latin.panels.BrowserPanelView{31eccf6 V.E...... ......I. 0,0-1440,1988} during layout: running second layout pass
06-05 13:19:21.537 14722 14722 W View    : requestLayout() improperly called by helium314.keyboard.latin.panels.BrowserPanelView{31eccf6 V.E...... ........ 0,0-1440,1988} during second layout pass: posting in next frame
06-05 13:19:21.549 14722 14722 W View    : requestLayout() improperly called by helium314.keyboard.latin.panels.BrowserPanelView{31eccf6 V.E...... ......I. 0,0-1440,1988} during layout: running second layout pass
06-05 13:19:21.553 14722 14722 W View    : requestLayout() improperly called by helium314.keyboard.latin.panels.BrowserPanelView{31eccf6 V.E...... ........ 0,0-1440,1988} during second layout pass: posting in next frame
