06-04 10:29:22.320 32331 32331 W View    : requestLayout() improperly called by helium314.keyboard.latin.panels.BrowserPanelView{cf8b627 V.E...... ........ 0,0-1440,2040} during second layout pass: posting in next frame
06-04 10:29:22.329 32331 32331 W View    : requestLayout() improperly called by helium314.keyboard.latin.panels.BrowserPanelView{cf8b627 V.E...... ......I. 0,0-1440,2040} during layout: running second layout pass
06-04 10:29:22.336 32331 32331 W View    : requestLayout() improperly called by helium314.keyboard.latin.panels.BrowserPanelView{cf8b627 V.E...... ........ 0,0-1440,2040} during second layout pass: posting in next frame
06-04 10:29:22.345 32331 32331 W View    : requestLayout() improperly called by helium314.keyboard.latin.panels.BrowserPanelView{cf8b627 V.E...... ......I. 0,0-1440,2040} during layout: running second layout pass
06-04 10:29:22.358 32331 32331 W View    : requestLayout() improperly called by helium314.keyboard.latin.panels.BrowserPanelView{cf8b627 V.E...... ........ 0,0-1440,2040} during second layout pass: posting in next frame
06-04 10:29:22.363 32331 32331 W View    : requestLayout() improperly called by helium314.keyboard.latin.panels.BrowserPanelView{cf8b627 V.E...... ......I. 0,0-1440,2040} during layout: running second layout pass
06-04 10:29:22.373 32331 32331 W View    : requestLayout() improperly called by helium314.keyboard.latin.panels.BrowserPanelView{cf8b627 V.E...... ........ 0,0-1440,2040} during second layout pass: posting in next frame
06-04 10:29:22.380 32331 32331 W View    : requestLayout() improperly called by helium314.keyboard.latin.panels.BrowserPanelView{cf8b627 V.E...... ......I. 0,0-1440,2040} during layout: running second layout pass
06-04 10:29:22.396 32331 32331 W View    : requestLayout() improperly called by helium314.keyboard.latin.panels.BrowserPanelView{cf8b627 V.E...... ........ 0,0-1440,2040} during second layout pass: posting in next frame
06-04 10:29:22.399 32331 32331 W View    : requestLayout() improperly called by helium314.keyboard.latin.panels.BrowserPanelView{cf8b627 V.E...... ......I. 0,0-1440,2040} during layout: running second layout pass
06-04 10:29:22.406 32331 32331 W View    : requestLayout() improperly called by helium314.keyboard.latin.panels.BrowserPanelView{cf8b627 V.E...... ........ 0,0-1440,2040} during second layout pass: posting in next frame
06-04 10:29:22.413 32331 32331 W View    : requestLayout() improperly called by helium314.keyboard.latin.panels.BrowserPanelView{cf8b627 V.E...... ......I. 0,0-1440,2040} during layout: running second layout pass
06-04 10:29:22.420 32331 32331 W View    : requestLayout() improperly called by helium314.keyboard.latin.panels.BrowserPanelView{cf8b627 V.E...... ........ 0,0-1440,2040} during second layout pass: posting in next frame
06-04 10:29:22.427 32331 32331 W View    : requestLayout() improperly called by helium314.keyboard.latin.panels.BrowserPanelView{cf8b627 V.E...... ......I. 0,0-1440,2040} during layout: running second layout pass
06-04 10:29:22.432 32331 32331 W View    : requestLayout() improperly called by helium314.keyboard.latin.panels.BrowserPanelView{cf8b627 V.E...... ........ 0,0-1440,2040} during second layout pass: posting in next frame
06-04 10:29:22.445 32331 32331 W View    : requestLayout() improperly called by helium314.keyboard.latin.panels.BrowserPanelView{cf8b627 V.E...... ......I. 0,0-1440,2040} during layout: running second layout pass
06-04 10:29:22.453 32331 32331 W View    : requestLayout() improperly called by helium314.keyboard.latin.panels.BrowserPanelView{cf8b627 V.E...... ........ 0,0-1440,2040} during second layout pass: posting in next frame
06-04 10:29:22.458 19115 19132 W GeckoEditableChild: No editable parent
06-04 10:29:22.461 32331 32331 W View    : requestLayout() improperly called by helium314.keyboard.latin.panels.BrowserPanelView{cf8b627 V.E...... ......I. 0,0-1440,2040} during layout: running second layout pass
06-04 10:29:22.471 32331 32331 W View    : requestLayout() improperly called by helium314.keyboard.latin.panels.BrowserPanelView{cf8b627 V.E...... ........ 0,0-1440,2040} during second layout pass: posting in next frame
06-04 10:29:22.478 32331 32331 W View    : requestLayout() improperly called by helium314.keyboard.latin.panels.BrowserPanelView{cf8b627 V.E...... ......ID 0,0-1440,2040} during layout: running second layout pass
06-04 10:29:22.483 32331 32331 W View    : requestLayout() improperly called by helium314.keyboard.latin.panels.BrowserPanelView{cf8b627 V.E...... ........ 0,0-1440,2040} during second layout pass: posting in next frame
06-04 10:29:22.494 32331 32331 W View    : requestLayout() improperly called by helium314.keyboard.latin.panels.BrowserPanelView{cf8b627 V.E...... ......ID 0,0-1440,2040} during layout: running second layout pass
06-04 10:29:22.502 32331 32331 W View    : requestLayout() improperly called by helium314.keyboard.latin.panels.BrowserPanelView{cf8b627 V.E...... ........ 0,0-1440,2040} during second layout pass: posting in next frame
06-04 10:29:22.511 32331 32331 W View    : requestLayout() improperly called by helium314.keyboard.latin.panels.BrowserPanelView{cf8b627 V.E...... ......ID 0,0-1440,2040} during layout: running second layout pass
06-04 10:29:22.517 32331 32331 W View    : requestLayout() improperly called by helium314.keyboard.latin.panels.BrowserPanelView{cf8b627 V.E...... ........ 0,0-1440,2040} during second layout pass: posting in next frame
06-04 10:29:22.529 32331 32331 W View    : requestLayout() improperly called by helium314.keyboard.latin.panels.BrowserPanelView{cf8b627 V.E...... ......ID 0,0-1440,2040} during layout: running second layout pass
06-04 10:29:22.534 32331 32331 W View    : requestLayout() improperly called by helium314.keyboard.latin.panels.BrowserPanelView{cf8b627 V.E...... ........ 0,0-1440,2040} during second layout pass: posting in next frame
06-04 10:29:22.535 19115 19132 W Isolated Web Content: [JavaScript Warning: "Layout was forced before the page was fully loaded. If stylesheets are not yet loaded this may cause a flash of unstyled content." {file: "https://www.rt.com/" line: 140}]
06-04 10:29:22.545 32331 32331 W View    : requestLayout() improperly called by helium314.keyboard.latin.panels.BrowserPanelView{cf8b627 V.E...... ......ID 0,0-1440,2040} during layout: running second layout pass
06-04 10:29:22.550 32331 32331 W View    : requestLayout() improperly called by helium314.keyboard.latin.panels.BrowserPanelView{cf8b627 V.E...... ........ 0,0-1440,2040} during second layout pass: posting in next frame
06-04 10:29:22.561 32331 32331 W View    : requestLayout() improperly called by helium314.keyboard.latin.panels.BrowserPanelView{cf8b627 V.E...... ......ID 0,0-1440,2040} during layout: running second layout pass
06-04 10:29:22.567 32331 32331 W View    : requestLayout() improperly called by helium314.keyboard.latin.panels.BrowserPanelView{cf8b627 V.E...... .......D 0,0-1440,2040} during second layout pass: posting in next frame
06-04 10:29:22.578 32331 32331 W View    : requestLayout() improperly called by helium314.keyboard.latin.panels.BrowserPanelView{cf8b627 V.E...... ......ID 0,0-1440,2040} during layout: running second layout pass
06-04 10:29:22.583 32331 32331 W View    : requestLayout() improperly called by helium314.keyboard.latin.panels.BrowserPanelView{cf8b627 V.E...... ........ 0,0-1440,2040} during second layout pass: posting in next frame
06-04 10:29:22.594 32331 32331 W View    : requestLayout() improperly called by helium314.keyboard.latin.panels.BrowserPanelView{cf8b627 V.E...... ......I. 0,0-1440,2040} during layout: running second layout pass
06-04 10:29:22.599 32331 32331 W View    : requestLayout() improperly called by helium314.keyboard.latin.panels.BrowserPanelView{cf8b627 V.E...... ........ 0,0-1440,2040} during second layout pass: posting in next frame
06-04 10:29:22.611 32331 32331 W View    : requestLayout() improperly called by helium314.keyboard.latin.panels.BrowserPanelView{cf8b627 V.E...... ......I. 0,0-1440,2040} during layout: running second layout pass
06-04 10:29:22.617 32331 32331 W View    : requestLayout() improperly called by helium314.keyboard.latin.panels.BrowserPanelView{cf8b627 V.E...... ........ 0,0-1440,2040} during second layout pass: posting in next frame
06-04 10:29:22.628 32331 32331 W View    : requestLayout() improperly called by helium314.keyboard.latin.panels.BrowserPanelView{cf8b627 V.E...... ......I. 0,0-1440,2040} during layout: running second layout pass
06-04 10:29:22.633 32331 32331 W View    : requestLayout() improperly called by helium314.keyboard.latin.panels.BrowserPanelView{cf8b627 V.E...... ........ 0,0-1440,2040} during second layout pass: posting in next frame
06-04 10:29:22.644 32331 32331 W View    : requestLayout() improperly called by helium314.keyboard.latin.panels.BrowserPanelView{cf8b627 V.E...... ......I. 0,0-1440,2040} during layout: running second layout pass
06-04 10:29:22.649 32331 32331 W View    : requestLayout() improperly called by helium314.keyboard.latin.panels.BrowserPanelView{cf8b627 V.E...... ........ 0,0-1440,2040} during second layout pass: posting in next frame
06-04 10:29:22.663 32331 32331 W View    : requestLayout() improperly called by helium314.keyboard.latin.panels.BrowserPanelView{cf8b627 V.E...... ......I. 0,0-1440,2040} during layout: running second layout pass
06-04 10:29:22.668 32331 32331 W View    : requestLayout() improperly called by helium314.keyboard.latin.panels.BrowserPanelView{cf8b627 V.E...... ........ 0,0-1440,2040} during second layout pass: posting in next frame
06-04 10:29:22.679 32331 32331 W View    : requestLayout() improperly called by helium314.keyboard.latin.panels.BrowserPanelView{cf8b627 V.E...... ......I. 0,0-1440,2040} during layout: running second layout pass
06-04 10:29:22.684 32331 32331 W View    : requestLayout() improperly called by helium314.keyboard.latin.panels.BrowserPanelView{cf8b627 V.E...... ........ 0,0-1440,2040} during second layout pass: posting in next frame
06-04 10:29:22.696 32331 32331 W View    : requestLayout() improperly called by helium314.keyboard.latin.panels.BrowserPanelView{cf8b627 V.E...... ......I. 0,0-1440,2040} during layout: running second layout pass
06-04 10:29:22.697 19115 19132 W AudioCapabilities: Unsupported mime audio/ffmpeg
06-04 10:29:22.699 19115 19132 W VideoCapabilities: Unsupported mime video/ffmpeg
06-04 10:29:22.700 19115 19132 W VideoCapabilities: Unrecognized profile/level 0/3 for video/mpeg2
06-04 10:29:22.700 19115 19132 W VideoCapabilities: Unrecognized profile/level 0/3 for video/mpeg2
06-04 10:29:22.709 32331 32331 W View    : requestLayout() improperly called by helium314.keyboard.latin.panels.BrowserPanelView{cf8b627 V.E...... ........ 0,0-1440,2040} during second layout pass: posting in next frame
06-04 10:29:22.711 32331 32331 W View    : requestLayout() improperly called by helium314.keyboard.latin.panels.BrowserPanelView{cf8b627 V.E...... ......I. 0,0-1440,2040} during layout: running second layout pass
06-04 10:29:22.717 32331 32331 W View    : requestLayout() improperly called by helium314.keyboard.latin.panels.BrowserPanelView{cf8b627 V.E...... ........ 0,0-1440,2040} during second layout pass: posting in next frame
06-04 10:29:22.728 32331 32331 W View    : requestLayout() improperly called by helium314.keyboard.latin.panels.BrowserPanelView{cf8b627 V.E...... ......I. 0,0-1440,2040} during layout: running second layout pass
06-04 10:29:22.735 32331 32331 W View    : requestLayout() improperly called by helium314.keyboard.latin.panels.BrowserPanelView{cf8b627 V.E...... ........ 0,0-1440,2040} during second layout pass: posting in next frame
06-04 10:29:22.745 32331 32331 W View    : requestLayout() improperly called by helium314.keyboard.latin.panels.BrowserPanelView{cf8b627 V.E...... ......I. 0,0-1440,2040} during layout: running second layout pass
06-04 10:29:22.752 32331 32331 W View    : requestLayout() improperly called by helium314.keyboard.latin.panels.BrowserPanelView{cf8b627 V.E...... ........ 0,0-1440,2040} during second layout pass: posting in next frame
06-04 10:29:22.762 32331 32331 W View    : requestLayout() improperly called by helium314.keyboard.latin.panels.BrowserPanelView{cf8b627 V.E...... ......I. 0,0-1440,2040} during layout: running second layout pass
06-04 10:29:22.756 32331 32331 W com.vibekey.keyboard: type=1400 audit(0.0:108921): avc: denied { nlmsg_readpriv } for comm=536F636B657420546872656164 scontext=u:r:untrusted_app:s0:c79,c271,c512,c768 tcontext=u:r:untrusted_app:s0:c79,c271,c512,c768 tclass=netlink_route_socket permissive=0 bug=b/155595000 app=com.vibekey.keyboard
06-04 10:29:22.773 32331 32331 W View    : requestLayout() improperly called by helium314.keyboard.latin.panels.BrowserPanelView{cf8b627 V.E...... ........ 0,0-1440,2040} during second layout pass: posting in next frame
06-04 10:29:22.778 32331 32331 W View    : requestLayout() improperly called by helium314.keyboard.latin.panels.BrowserPanelView{cf8b627 V.E...... ......I. 0,0-1440,2040} during layout: running second layout pass
06-04 10:29:22.783 32331 32331 W View    : requestLayout() improperly called by helium314.keyboard.latin.panels.BrowserPanelView{cf8b627 V.E...... ........ 0,0-1440,2040} during second layout pass: posting in next frame
06-04 10:29:22.795 32331 32331 W View    : requestLayout() improperly called by helium314.keyboard.latin.panels.BrowserPanelView{cf8b627 V.E...... ......I. 0,0-1440,2040} during layout: running second layout pass
06-04 10:29:22.798 32331 32331 W View    : requestLayout() improperly called by helium314.keyboard.latin.panels.BrowserPanelView{cf8b627 V.E...... ........ 0,0-1440,2040} during second layout pass: posting in next frame
06-04 10:29:22.812 32331 32331 W View    : requestLayout() improperly called by helium314.keyboard.latin.panels.BrowserPanelView{cf8b627 V.E...... ......I. 0,0-1440,2040} during layout: running second layout pass
06-04 10:29:22.818 32331 32331 W View    : requestLayout() improperly called by helium314.keyboard.latin.panels.BrowserPanelView{cf8b627 V.E...... ........ 0,0-1440,2040} during second layout pass: posting in next frame
06-04 10:29:22.829 32331 32331 W View    : requestLayout() improperly called by helium314.keyboard.latin.panels.BrowserPanelView{cf8b627 V.E...... ......I. 0,0-1440,2040} during layout: running second layout pass
06-04 10:29:22.834 32331 32331 W View    : requestLayout() improperly called by helium314.keyboard.latin.panels.BrowserPanelView{cf8b627 V.E...... ........ 0,0-1440,2040} during second layout pass: posting in next frame
06-04 10:29:22.850 32331 32331 W View    : requestLayout() improperly called by helium314.keyboard.latin.panels.BrowserPanelView{cf8b627 V.E...... ......I. 0,0-1440,2040} during layout: running second layout pass
06-04 10:29:22.854 32331 32331 W View    : requestLayout() improperly called by helium314.keyboard.latin.panels.BrowserPanelView{cf8b627 V.E...... ........ 0,0-1440,2040} during second layout pass: posting in next frame
06-04 10:29:22.861 32331 32331 W View    : requestLayout() improperly called by helium314.keyboard.latin.panels.BrowserPanelView{cf8b627 V.E...... ......I. 0,0-1440,2040} during layout: running second layout pass
06-04 10:29:22.867 32331 32331 W View    : requestLayout() improperly called by helium314.keyboard.latin.panels.BrowserPanelView{cf8b627 V.E...... ........ 0,0-1440,2040} during second layout pass: posting in next frame
06-04 10:29:22.879 32331 32331 W View    : requestLayout() improperly called by helium314.keyboard.latin.panels.BrowserPanelView{cf8b627 V.E...... ......I. 0,0-1440,2040} during layout: running second layout pass
06-04 10:29:22.876 32331 32331 W com.vibekey.keyboard: type=1400 audit(0.0:108922): avc: denied { nlmsg_readpriv } for comm=536F636B657420546872656164 scontext=u:r:untrusted_app:s0:c79,c271,c512,c768 tcontext=u:r:untrusted_app:s0:c79,c271,c512,c768 tclass=netlink_route_socket permissive=0 bug=b/155595000 app=com.vibekey.keyboard
06-04 10:29:22.890 32331 32331 W View    : requestLayout() improperly called by helium314.keyboard.latin.panels.BrowserPanelView{cf8b627 V.E...... ........ 0,0-1440,2040} during second layout pass: posting in next frame
06-04 10:29:22.895 32331 32331 W View    : requestLayout() improperly called by helium314.keyboard.latin.panels.BrowserPanelView{cf8b627 V.E...... ......I. 0,0-1440,2040} during layout: running second layout pass
06-04 10:29:22.900 32331 32331 W View    : requestLayout() improperly called by helium314.keyboard.latin.panels.BrowserPanelView{cf8b627 V.E...... ........ 0,0-1440,2040} during second layout pass: posting in next frame
06-04 10:29:22.911 32331 32331 W View    : requestLayout() improperly called by helium314.keyboard.latin.panels.BrowserPanelView{cf8b627 V.E...... ......I. 0,0-1440,2040} during layout: running second layout pass
06-04 10:29:22.918 32331 32331 W View    : requestLayout() improperly called by helium314.keyboard.latin.panels.BrowserPanelView{cf8b627 V.E...... ........ 0,0-1440,2040} during second layout pass: posting in next frame
06-04 10:29:22.928 32331 32331 W View    : requestLayout() improperly called by helium314.keyboard.latin.panels.BrowserPanelView{cf8b627 V.E...... ......I. 0,0-1440,2040} during layout: running second layout pass
06-04 10:29:22.934 32331 32331 W View    : requestLayout() improperly called by helium314.keyboard.latin.panels.BrowserPanelView{cf8b627 V.E...... ........ 0,0-1440,2040} during second layout pass: posting in next frame
06-04 10:29:22.946 32331 32331 W View    : requestLayout() improperly called by helium314.keyboard.latin.panels.BrowserPanelView{cf8b627 V.E...... ......I. 0,0-1440,2040} during layout: running second layout pass
06-04 10:29:22.956 32331 32331 W View    : requestLayout() improperly called by helium314.keyboard.latin.panels.BrowserPanelView{cf8b627 V.E...... ........ 0,0-1440,2040} during second layout pass: posting in next frame
06-04 10:29:22.962 32331 32331 W View    : requestLayout() improperly called by helium314.keyboard.latin.panels.BrowserPanelView{cf8b627 V.E...... ......I. 0,0-1440,2040} during layout: running second layout pass
06-04 10:29:22.968 32331 32331 W View    : requestLayout() improperly called by helium314.keyboard.latin.panels.BrowserPanelView{cf8b627 V.E...... ........ 0,0-1440,2040} during second layout pass: posting in next frame
06-04 10:29:22.987 32331 32491 E BLASTBufferQueue: BLASTBufferItemConsumer::onDisconnect()
06-04 10:29:22.989 32331 32331 W View    : requestLayout() improperly called by helium314.keyboard.latin.panels.BrowserPanelView{cf8b627 V.E...... ......ID 0,0-1440,2040} during layout: running second layout pass
06-04 10:29:22.992 32331 32331 W View    : requestLayout() improperly called by helium314.keyboard.latin.panels.BrowserPanelView{cf8b627 V.E...... ........ 0,0-1440,2040} during second layout pass: posting in next frame
06-04 10:29:22.995 32331 32331 W View    : requestLayout() improperly called by helium314.keyboard.latin.panels.BrowserPanelView{cf8b627 V.E...... ......I. 0,0-1440,2040} during layout: running second layout pass
06-04 10:29:23.000 32331 32331 W View    : requestLayout() improperly called by helium314.keyboard.latin.panels.BrowserPanelView{cf8b627 V.E...... ........ 0,0-1440,2040} during second layout pass: posting in next frame
06-04 10:29:23.012 32331 32331 W View    : requestLayout() improperly called by helium314.keyboard.latin.panels.BrowserPanelView{cf8b627 V.E...... ......I. 0,0-1440,2040} during layout: running second layout pass
06-04 10:29:23.024 32331 32331 W View    : requestLayout() improperly called by helium314.keyboard.latin.panels.BrowserPanelView{cf8b627 V.E...... ........ 0,0-1440,2040} during second layout pass: posting in next frame
06-04 10:29:23.029 32331 32331 W View    : requestLayout() improperly called by helium314.keyboard.latin.panels.BrowserPanelView{cf8b627 V.E...... ......I. 0,0-1440,2040} during layout: running second layout pass
06-04 10:29:23.040 32331 32331 W View    : requestLayout() improperly called by helium314.keyboard.latin.panels.BrowserPanelView{cf8b627 V.E...... ........ 0,0-1440,2040} during second layout pass: posting in next frame
06-04 10:29:23.046 32331 32331 W View    : requestLayout() improperly called by helium314.keyboard.latin.panels.BrowserPanelView{cf8b627 V.E...... ......I. 0,0-1440,2040} during layout: running second layout pass
06-04 10:29:23.052 32331 32331 W View    : requestLayout() improperly called by helium314.keyboard.latin.panels.BrowserPanelView{cf8b627 V.E...... ........ 0,0-1440,2040} during second layout pass: posting in next frame
06-04 10:29:23.064 32331 32331 W View    : requestLayout() improperly called by helium314.keyboard.latin.panels.BrowserPanelView{cf8b627 V.E...... ......I. 0,0-1440,2040} during layout: running second layout pass
06-04 10:29:23.067 32331 32331 W View    : requestLayout() improperly called by helium314.keyboard.latin.panels.BrowserPanelView{cf8b627 V.E...... ........ 0,0-1440,2040} during second layout pass: posting in next frame
06-04 10:29:23.079 32331 32331 W View    : requestLayout() improperly called by helium314.keyboard.latin.panels.BrowserPanelView{cf8b627 V.E...... ......ID 0,0-1440,2040} during layout: running second layout pass
06-04 10:29:23.089 32331 32331 W View    : requestLayout() improperly called by helium314.keyboard.latin.panels.BrowserPanelView{cf8b627 V.E...... ........ 0,0-1440,2040} during second layout pass: posting in next frame
06-04 10:29:23.097 32331 32331 W View    : requestLayout() improperly called by helium314.keyboard.latin.panels.BrowserPanelView{cf8b627 V.E...... ......I. 0,0-1440,2040} during layout: running second layout pass
06-04 10:29:23.104 32331 32331 W View    : requestLayout() improperly called by helium314.keyboard.latin.panels.BrowserPanelView{cf8b627 V.E...... ........ 0,0-1440,2040} during second layout pass: posting in next frame
06-04 10:29:23.114 32331 32331 W View    : requestLayout() improperly called by helium314.keyboard.latin.panels.BrowserPanelView{cf8b627 V.E...... ......I. 0,0-1440,2040} during layout: running second layout pass
06-04 10:29:23.121 32331 32331 W View    : requestLayout() improperly called by helium314.keyboard.latin.panels.BrowserPanelView{cf8b627 V.E...... ........ 0,0-1440,2040} during second layout pass: posting in next frame
06-04 10:29:23.130 32331 32331 W View    : requestLayout() improperly called by helium314.keyboard.latin.panels.BrowserPanelView{cf8b627 V.E...... ......I. 0,0-1440,2040} during layout: running second layout pass
06-04 10:29:23.140 32331 32331 W View    : requestLayout() improperly called by helium314.keyboard.latin.panels.BrowserPanelView{cf8b627 V.E...... ........ 0,0-1440,2040} during second layout pass: posting in next frame
06-04 10:29:23.147 32331 32331 W View    : requestLayout() improperly called by helium314.keyboard.latin.panels.BrowserPanelView{cf8b627 V.E...... ......I. 0,0-1440,2040} during layout: running second layout pass
06-04 10:29:23.155 32331 32331 W View    : requestLayout() improperly called by helium314.keyboard.latin.panels.BrowserPanelView{cf8b627 V.E...... ........ 0,0-1440,2040} during second layout pass: posting in next frame
06-04 10:29:23.165 32331 32331 W View    : requestLayout() improperly called by helium314.keyboard.latin.panels.BrowserPanelView{cf8b627 V.E...... ......I. 0,0-1440,2040} during layout: running second layout pass
06-04 10:29:23.172 32331 32331 W View    : requestLayout() improperly called by helium314.keyboard.latin.panels.BrowserPanelView{cf8b627 V.E...... ........ 0,0-1440,2040} during second layout pass: posting in next frame
06-04 10:29:23.180 32331 32331 W View    : requestLayout() improperly called by helium314.keyboard.latin.panels.BrowserPanelView{cf8b627 V.E...... ......I. 0,0-1440,2040} during layout: running second layout pass
06-04 10:29:23.190 32331 32331 W View    : requestLayout() improperly called by helium314.keyboard.latin.panels.BrowserPanelView{cf8b627 V.E...... ........ 0,0-1440,2040} during second layout pass: posting in next frame
06-04 10:29:23.196 32331 32331 W View    : requestLayout() improperly called by helium314.keyboard.latin.panels.BrowserPanelView{cf8b627 V.E...... ......I. 0,0-1440,2040} during layout: running second layout pass
06-04 10:29:23.210 32331 32331 W View    : requestLayout() improperly called by helium314.keyboard.latin.panels.BrowserPanelView{cf8b627 V.E...... ........ 0,0-1440,2040} during second layout pass: posting in next frame
06-04 10:29:23.215 32331 32331 W View    : requestLayout() improperly called by helium314.keyboard.latin.panels.BrowserPanelView{cf8b627 V.E...... ......I. 0,0-1440,2040} during layout: running second layout pass
06-04 10:29:23.226 32331 32331 W View    : requestLayout() improperly called by helium314.keyboard.latin.panels.BrowserPanelView{cf8b627 V.E...... ........ 0,0-1440,2040} during second layout pass: posting in next frame
06-04 10:29:23.230 32331 32331 W View    : requestLayout() improperly called by helium314.keyboard.latin.panels.BrowserPanelView{cf8b627 V.E...... ......I. 0,0-1440,2040} during layout: running second layout pass
06-04 10:29:23.235 32331 32331 W View    : requestLayout() improperly called by helium314.keyboard.latin.panels.BrowserPanelView{cf8b627 V.E...... ........ 0,0-1440,2040} during second layout pass: posting in next frame
06-04 10:29:23.238 28753 28753 E .keyboard:tab1: Unknown bits set in runtime_flags: 0x40000000
06-04 10:29:23.248 32331 32331 W View    : requestLayout() improperly called by helium314.keyboard.latin.panels.BrowserPanelView{cf8b627 V.E...... ......I. 0,0-1440,2040} during layout: running second layout pass
06-04 10:29:23.255 32331 32331 W View    : requestLayout() improperly called by helium314.keyboard.latin.panels.BrowserPanelView{cf8b627 V.E...... ........ 0,0-1440,2040} during second layout pass: posting in next frame
06-04 10:29:23.262 32331 32331 W View    : requestLayout() improperly called by helium314.keyboard.latin.panels.BrowserPanelView{cf8b627 V.E...... ......I. 0,0-1440,2040} during layout: running second layout pass
06-04 10:29:23.269 32331 32331 W View    : requestLayout() improperly called by helium314.keyboard.latin.panels.BrowserPanelView{cf8b627 V.E...... ........ 0,0-1440,2040} during second layout pass: posting in next frame
06-04 10:29:23.280 32331 32331 W View    : requestLayout() improperly called by helium314.keyboard.latin.panels.BrowserPanelView{cf8b627 V.E...... ......I. 0,0-1440,2040} during layout: running second layout pass
06-04 10:29:23.289 32331 32331 W View    : requestLayout() improperly called by helium314.keyboard.latin.panels.BrowserPanelView{cf8b627 V.E...... ........ 0,0-1440,2040} during second layout pass: posting in next frame
06-04 10:29:23.297 32331 32331 W View    : requestLayout() improperly called by helium314.keyboard.latin.panels.BrowserPanelView{cf8b627 V.E...... ......I. 0,0-1440,2040} during layout: running second layout pass
06-04 10:29:23.302 32331 32331 W View    : requestLayout() improperly called by helium314.keyboard.latin.panels.BrowserPanelView{cf8b627 V.E...... ........ 0,0-1440,2040} during second layout pass: posting in next frame
06-04 10:29:23.313 32331 32331 W View    : requestLayout() improperly called by helium314.keyboard.latin.panels.BrowserPanelView{cf8b627 V.E...... ......I. 0,0-1440,2040} during layout: running second layout pass
06-04 10:29:23.316 32331 32331 W com.vibekey.keyboard: type=1400 audit(0.0:108923): avc: denied { nlmsg_readpriv } for comm=536F636B657420546872656164 scontext=u:r:untrusted_app:s0:c79,c271,c512,c768 tcontext=u:r:untrusted_app:s0:c79,c271,c512,c768 tclass=netlink_route_socket permissive=0 bug=b/155595000 app=com.vibekey.keyboard
06-04 10:29:23.323 32331 32331 W View    : requestLayout() improperly called by helium314.keyboard.latin.panels.BrowserPanelView{cf8b627 V.E...... ........ 0,0-1440,2040} during second layout pass: posting in next frame
06-04 10:29:23.330 32331 32331 W View    : requestLayout() improperly called by helium314.keyboard.latin.panels.BrowserPanelView{cf8b627 V.E...... ......I. 0,0-1440,2040} during layout: running second layout pass
06-04 10:29:23.338 32331 32331 W View    : requestLayout() improperly called by helium314.keyboard.latin.panels.BrowserPanelView{cf8b627 V.E...... ........ 0,0-1440,2040} during second layout pass: posting in next frame
06-04 10:29:23.340 28753 28770 E GeckoLibLoad: Load sqlite start
06-04 10:29:23.341 28753 28770 E GeckoLibLoad: Load sqlite done
06-04 10:29:23.341 28753 28770 E GeckoLibLoad: Load nss start
06-04 10:29:23.341 28753 28770 E GeckoLibLoad: Load nss done
06-04 10:29:23.346 32331 32331 W View    : requestLayout() improperly called by helium314.keyboard.latin.panels.BrowserPanelView{cf8b627 V.E...... ......I. 0,0-1440,2040} during layout: running second layout pass
06-04 10:29:23.351 28753 28770 E GeckoLibLoad: Loaded libs in 10.065886ms total, 10ms(9ms) user, 0ms(0ms) system, 0(0) faults
06-04 10:29:23.351 28753 28770 W GeckoThread: zerdatime 260206212 - runGecko
06-04 10:29:23.352 32331 32331 W View    : requestLayout() improperly called by helium314.keyboard.latin.panels.BrowserPanelView{cf8b627 V.E...... ........ 0,0-1440,2040} during second layout pass: posting in next frame
06-04 10:29:23.363 32331 32331 W View    : requestLayout() improperly called by helium314.keyboard.latin.panels.BrowserPanelView{cf8b627 V.E...... ......I. 0,0-1440,2040} during layout: running second layout pass
06-04 10:29:23.371 32331 32331 W View    : requestLayout() improperly called by helium314.keyboard.latin.panels.BrowserPanelView{cf8b627 V.E...... ........ 0,0-1440,2040} during second layout pass: posting in next frame
06-04 10:29:23.379 32331 32331 W View    : requestLayout() improperly called by helium314.keyboard.latin.panels.BrowserPanelView{cf8b627 V.E...... ......I. 0,0-1440,2040} during layout: running second layout pass
06-04 10:29:23.384 32331 32331 W View    : requestLayout() improperly called by helium314.keyboard.latin.panels.BrowserPanelView{cf8b627 V.E...... ........ 0,0-1440,2040} during second layout pass: posting in next frame
06-04 10:29:23.396 32331 32331 W View    : requestLayout() improperly called by helium314.keyboard.latin.panels.BrowserPanelView{cf8b627 V.E...... ......I. 0,0-1440,2040} during layout: running second layout pass
06-04 10:29:23.400 32331 32331 W View    : requestLayout() improperly called by helium314.keyboard.latin.panels.BrowserPanelView{cf8b627 V.E...... ........ 0,0-1440,2040} during second layout pass: posting in next frame
06-04 10:29:23.413 32331 32331 W View    : requestLayout() improperly called by helium314.keyboard.latin.panels.BrowserPanelView{cf8b627 V.E...... ......I. 0,0-1440,2040} during layout: running second layout pass
06-04 10:29:23.419 32331 32331 W View    : requestLayout() improperly called by helium314.keyboard.latin.panels.BrowserPanelView{cf8b627 V.E...... ........ 0,0-1440,2040} during second layout pass: posting in next frame
06-04 10:29:23.429 32331 32331 W View    : requestLayout() improperly called by helium314.keyboard.latin.panels.BrowserPanelView{cf8b627 V.E...... ......I. 0,0-1440,2040} during layout: running second layout pass
06-04 10:29:23.435 32331 32331 W View    : requestLayout() improperly called by helium314.keyboard.latin.panels.BrowserPanelView{cf8b627 V.E...... ........ 0,0-1440,2040} during second layout pass: posting in next frame
06-04 10:29:23.447 32331 32331 W View    : requestLayout() improperly called by helium314.keyboard.latin.panels.BrowserPanelView{cf8b627 V.E...... ......I. 0,0-1440,2040} during layout: running second layout pass
06-04 10:29:23.451 32331 32331 W View    : requestLayout() improperly called by helium314.keyboard.latin.panels.BrowserPanelView{cf8b627 V.E...... ........ 0,0-1440,2040} during second layout pass: posting in next frame
06-04 10:29:23.463 32331 32331 W View    : requestLayout() improperly called by helium314.keyboard.latin.panels.BrowserPanelView{cf8b627 V.E...... ......I. 0,0-1440,2040} during layout: running second layout pass
06-04 10:29:23.468 32331 32331 W View    : requestLayout() improperly called by helium314.keyboard.latin.panels.BrowserPanelView{cf8b627 V.E...... ........ 0,0-1440,2040} during second layout pass: posting in next frame
06-04 10:29:23.479 32331 32331 W View    : requestLayout() improperly called by helium314.keyboard.latin.panels.BrowserPanelView{cf8b627 V.E...... ......I. 0,0-1440,2040} during layout: running second layout pass
06-04 10:29:23.485 32331 32331 W View    : requestLayout() improperly called by helium314.keyboard.latin.panels.BrowserPanelView{cf8b627 V.E...... ........ 0,0-1440,2040} during second layout pass: posting in next frame
06-04 10:29:23.476 32331 32331 W com.vibekey.keyboard: type=1400 audit(0.0:108924): avc: denied { nlmsg_readpriv } for comm=536F636B657420546872656164 scontext=u:r:untrusted_app:s0:c79,c271,c512,c768 tcontext=u:r:untrusted_app:s0:c79,c271,c512,c768 tclass=netlink_route_socket permissive=0 bug=b/155595000 app=com.vibekey.keyboard
06-04 10:29:23.498 32331 32331 W View    : requestLayout() improperly called by helium314.keyboard.latin.panels.BrowserPanelView{cf8b627 V.E...... ......I. 0,0-1440,2040} during layout: running second layout pass
06-04 10:29:23.502 32331 32331 W View    : requestLayout() improperly called by helium314.keyboard.latin.panels.BrowserPanelView{cf8b627 V.E...... ........ 0,0-1440,2040} during second layout pass: posting in next frame
06-04 10:29:23.513 32331 32331 W View    : requestLayout() improperly called by helium314.keyboard.latin.panels.BrowserPanelView{cf8b627 V.E...... ......I. 0,0-1440,2040} during layout: running second layout pass
06-04 10:29:23.519 32331 32331 W View    : requestLayout() improperly called by helium314.keyboard.latin.panels.BrowserPanelView{cf8b627 V.E...... ........ 0,0-1440,2040} during second layout pass: posting in next frame
06-04 10:29:23.530 32331 32331 W View    : requestLayout() improperly called by helium314.keyboard.latin.panels.BrowserPanelView{cf8b627 V.E...... ......I. 0,0-1440,2040} during layout: running second layout pass
06-04 10:29:23.538 32331 32331 W View    : requestLayout() improperly called by helium314.keyboard.latin.panels.BrowserPanelView{cf8b627 V.E...... ........ 0,0-1440,2040} during second layout pass: posting in next frame
06-04 10:29:23.546 32331 32331 W View    : requestLayout() improperly called by helium314.keyboard.latin.panels.BrowserPanelView{cf8b627 V.E...... ......I. 0,0-1440,2040} during layout: running second layout pass
06-04 10:29:23.553 32331 32331 W View    : requestLayout() improperly called by helium314.keyboard.latin.panels.BrowserPanelView{cf8b627 V.E...... ........ 0,0-1440,2040} during second layout pass: posting in next frame
06-04 10:29:23.562 32331 32331 W View    : requestLayout() improperly called by helium314.keyboard.latin.panels.BrowserPanelView{cf8b627 V.E...... ......I. 0,0-1440,2040} during layout: running second layout pass
06-04 10:29:23.568 32331 32331 W View    : requestLayout() improperly called by helium314.keyboard.latin.panels.BrowserPanelView{cf8b627 V.E...... ........ 0,0-1440,2040} during second layout pass: posting in next frame
06-04 10:29:23.579 32331 32331 W View    : requestLayout() improperly called by helium314.keyboard.latin.panels.BrowserPanelView{cf8b627 V.E...... ......ID 0,0-1440,2040} during layout: running second layout pass
06-04 10:29:23.590 32331 32331 W View    : requestLayout() improperly called by helium314.keyboard.latin.panels.BrowserPanelView{cf8b627 V.E...... ........ 0,0-1440,2040} during second layout pass: posting in next frame
06-04 10:29:23.597 32331 32331 W View    : requestLayout() improperly called by helium314.keyboard.latin.panels.BrowserPanelView{cf8b627 V.E...... ......I. 0,0-1440,2040} during layout: running second layout pass
06-04 10:29:23.604 32331 32331 W View    : requestLayout() improperly called by helium314.keyboard.latin.panels.BrowserPanelView{cf8b627 V.E...... ........ 0,0-1440,2040} during second layout pass: posting in next frame
06-04 10:29:23.613 32331 32331 W View    : requestLayout() improperly called by helium314.keyboard.latin.panels.BrowserPanelView{cf8b627 V.E...... ......I. 0,0-1440,2040} during layout: running second layout pass
06-04 10:29:23.618 32331 32331 W View    : requestLayout() improperly called by helium314.keyboard.latin.panels.BrowserPanelView{cf8b627 V.E...... ........ 0,0-1440,2040} during second layout pass: posting in next frame
06-04 10:29:23.616 32331 32331 W com.vibekey.keyboard: type=1400 audit(0.0:108925): avc: denied { nlmsg_readpriv } for comm=536F636B657420546872656164 scontext=u:r:untrusted_app:s0:c79,c271,c512,c768 tcontext=u:r:untrusted_app:s0:c79,c271,c512,c768 tclass=netlink_route_socket permissive=0 bug=b/155595000 app=com.vibekey.keyboard
06-04 10:29:23.630 32331 32331 W View    : requestLayout() improperly called by helium314.keyboard.latin.panels.BrowserPanelView{cf8b627 V.E...... ......I. 0,0-1440,2040} during layout: running second layout pass
06-04 10:29:23.637 19115 19132 W Isolated Web Content: [JavaScript Warning: "InstallTrigger is deprecated and will be removed in the future." {file: "https://mc.yandex.ru/metrika/tag.js" line: 16}]
06-04 10:29:23.641 32331 32331 W View    : requestLayout() improperly called by helium314.keyboard.latin.panels.BrowserPanelView{cf8b627 V.E...... ........ 0,0-1440,2040} during second layout pass: posting in next frame
06-04 10:29:23.646 32331 32331 W View    : requestLayout() improperly called by helium314.keyboard.latin.panels.BrowserPanelView{cf8b627 V.E...... ......I. 0,0-1440,2040} during layout: running second layout pass
06-04 10:29:23.651 32331 32331 W View    : requestLayout() improperly called by helium314.keyboard.latin.panels.BrowserPanelView{cf8b627 V.E...... ........ 0,0-1440,2040} during second layout pass: posting in next frame
06-04 10:29:23.664 32331 32331 W View    : requestLayout() improperly called by helium314.keyboard.latin.panels.BrowserPanelView{cf8b627 V.E...... ......I. 0,0-1440,2040} during layout: running second layout pass
06-04 10:29:23.674 32331 32331 W View    : requestLayout() improperly called by helium314.keyboard.latin.panels.BrowserPanelView{cf8b627 V.E...... ........ 0,0-1440,2040} during second layout pass: posting in next frame
06-04 10:29:23.681 32331 32331 W View    : requestLayout() improperly called by helium314.keyboard.latin.panels.BrowserPanelView{cf8b627 V.E...... ......I. 0,0-1440,2040} during layout: running second layout pass
06-04 10:29:23.685 32331 32331 W View    : requestLayout() improperly called by helium314.keyboard.latin.panels.BrowserPanelView{cf8b627 V.E...... ........ 0,0-1440,2040} during second layout pass: posting in next frame
06-04 10:29:23.697 32331 32331 W View    : requestLayout() improperly called by helium314.keyboard.latin.panels.BrowserPanelView{cf8b627 V.E...... ......I. 0,0-1440,2040} during layout: running second layout pass
06-04 10:29:23.702 32331 32331 W View    : requestLayout() improperly called by helium314.keyboard.latin.panels.BrowserPanelView{cf8b627 V.E...... ........ 0,0-1440,2040} during second layout pass: posting in next frame
06-04 10:29:23.713 32331 32331 W View    : requestLayout() improperly called by helium314.keyboard.latin.panels.BrowserPanelView{cf8b627 V.E...... ......I. 0,0-1440,2040} during layout: running second layout pass
06-04 10:29:23.723 32331 32331 W View    : requestLayout() improperly called by helium314.keyboard.latin.panels.BrowserPanelView{cf8b627 V.E...... ........ 0,0-1440,2040} during second layout pass: posting in next frame
06-04 10:29:23.731 32331 32331 W View    : requestLayout() improperly called by helium314.keyboard.latin.panels.BrowserPanelView{cf8b627 V.E...... ......I. 0,0-1440,2040} during layout: running second layout pass
06-04 10:29:23.741 32331 32331 W View    : requestLayout() improperly called by helium314.keyboard.latin.panels.BrowserPanelView{cf8b627 V.E...... ........ 0,0-1440,2040} during second layout pass: posting in next frame
06-04 10:29:23.747 32331 32331 W View    : requestLayout() improperly called by helium314.keyboard.latin.panels.BrowserPanelView{cf8b627 V.E...... ......I. 0,0-1440,2040} during layout: running second layout pass
06-04 10:29:23.751 32331 32331 W View    : requestLayout() improperly called by helium314.keyboard.latin.panels.BrowserPanelView{cf8b627 V.E...... ........ 0,0-1440,2040} during second layout pass: posting in next frame
06-04 10:29:23.763 32331 32331 W View    : requestLayout() improperly called by helium314.keyboard.latin.panels.BrowserPanelView{cf8b627 V.E...... ......I. 0,0-1440,2040} during layout: running second layout pass
06-04 10:29:23.769 32331 32331 W View    : requestLayout() improperly called by helium314.keyboard.latin.panels.BrowserPanelView{cf8b627 V.E...... ........ 0,0-1440,2040} during second layout pass: posting in next frame
06-04 10:29:23.780 32331 32331 W View    : requestLayout() improperly called by helium314.keyboard.latin.panels.BrowserPanelView{cf8b627 V.E...... ......I. 0,0-1440,2040} during layout: running second layout pass
06-04 10:29:23.785 32331 32331 W View    : requestLayout() improperly called by helium314.keyboard.latin.panels.BrowserPanelView{cf8b627 V.E...... ........ 0,0-1440,2040} during second layout pass: posting in next frame
06-04 10:29:23.797 32331 32331 W View    : requestLayout() improperly called by helium314.keyboard.latin.panels.BrowserPanelView{cf8b627 V.E...... ......I. 0,0-1440,2040} during layout: running second layout pass
06-04 10:29:23.802 32331 32331 W View    : requestLayout() improperly called by helium314.keyboard.latin.panels.BrowserPanelView{cf8b627 V.E...... ........ 0,0-1440,2040} during second layout pass: posting in next frame
06-04 10:29:23.817 32331 32331 W View    : requestLayout() improperly called by helium314.keyboard.latin.panels.BrowserPanelView{cf8b627 V.E...... ......I. 0,0-1440,2040} during layout: running second layout pass
06-04 10:29:23.821 32331 32331 W View    : requestLayout() improperly called by helium314.keyboard.latin.panels.BrowserPanelView{cf8b627 V.E...... ........ 0,0-1440,2040} during second layout pass: posting in next frame
06-04 10:29:23.830 32331 32331 W View    : requestLayout() improperly called by helium314.keyboard.latin.panels.BrowserPanelView{cf8b627 V.E...... ......I. 0,0-1440,2040} during layout: running second layout pass
06-04 10:29:23.836 32331 32331 W View    : requestLayout() improperly called by helium314.keyboard.latin.panels.BrowserPanelView{cf8b627 V.E...... ........ 0,0-1440,2040} during second layout pass: posting in next frame
06-04 10:29:23.848 32331 32331 W View    : requestLayout() improperly called by helium314.keyboard.latin.panels.BrowserPanelView{cf8b627 V.E...... ......I. 0,0-1440,2040} during layout: running second layout pass
06-04 10:29:23.855 32331 32331 W View    : requestLayout() improperly called by helium314.keyboard.latin.panels.BrowserPanelView{cf8b627 V.E...... ........ 0,0-1440,2040} during second layout pass: posting in next frame
06-04 10:29:23.863 32331 32331 W View    : requestLayout() improperly called by helium314.keyboard.latin.panels.BrowserPanelView{cf8b627 V.E...... ......I. 0,0-1440,2040} during layout: running second layout pass
06-04 10:29:23.870 32331 32331 W View    : requestLayout() improperly called by helium314.keyboard.latin.panels.BrowserPanelView{cf8b627 V.E...... ........ 0,0-1440,2040} during second layout pass: posting in next frame
06-04 10:29:23.880 32331 32331 W View    : requestLayout() improperly called by helium314.keyboard.latin.panels.BrowserPanelView{cf8b627 V.E...... ......I. 0,0-1440,2040} during layout: running second layout pass
06-04 10:29:23.885 32331 32331 W View    : requestLayout() improperly called by helium314.keyboard.latin.panels.BrowserPanelView{cf8b627 V.E...... ........ 0,0-1440,2040} during second layout pass: posting in next frame
06-04 10:29:23.891 32331 32331 W GeckoEventDispatcher: No listener for GeckoView:DismissClipboardPermissionRequest
06-04 10:29:23.898 32331 32331 W View    : requestLayout() improperly called by helium314.keyboard.latin.panels.BrowserPanelView{cf8b627 V.E...... ......ID 0,0-1440,2040} during layout: running second layout pass
06-04 10:29:23.902 32331 32331 W View    : requestLayout() improperly called by helium314.keyboard.latin.panels.BrowserPanelView{cf8b627 V.E...... .......D 0,0-1440,2040} during second layout pass: posting in next frame
06-04 10:29:23.914 32331 32331 W View    : requestLayout() improperly called by helium314.keyboard.latin.panels.BrowserPanelView{cf8b627 V.E...... ......ID 0,0-1440,2040} during layout: running second layout pass
06-04 10:29:23.918 32331 32331 W View    : requestLayout() improperly called by helium314.keyboard.latin.panels.BrowserPanelView{cf8b627 V.E...... ........ 0,0-1440,2040} during second layout pass: posting in next frame
06-04 10:29:23.929 32331 32331 W View    : requestLayout() improperly called by helium314.keyboard.latin.panels.BrowserPanelView{cf8b627 V.E...... ......I. 0,0-1440,2040} during layout: running second layout pass
06-04 10:29:23.930 19115 28824 E y.keyboard:tab: ofbOpen failed with error=No such file or directory
06-04 10:29:23.930 19115 28824 E y.keyboard:tab: sysOpen failed with error=No such file or directory
06-04 10:29:23.936 32331 32331 W View    : requestLayout() improperly called by helium314.keyboard.latin.panels.BrowserPanelView{cf8b627 V.E...... ........ 0,0-1440,2040} during second layout pass: posting in next frame
06-04 10:29:23.947 32331 32331 W View    : requestLayout() improperly called by helium314.keyboard.latin.panels.BrowserPanelView{cf8b627 V.E...... ......I. 0,0-1440,2040} during layout: running second layout pass
06-04 10:29:23.952 32331 32331 W View    : requestLayout() improperly called by helium314.keyboard.latin.panels.BrowserPanelView{cf8b627 V.E...... ........ 0,0-1440,2040} during second layout pass: posting in next frame
06-04 10:29:23.963 32331 32331 W View    : requestLayout() improperly called by helium314.keyboard.latin.panels.BrowserPanelView{cf8b627 V.E...... ......I. 0,0-1440,2040} during layout: running second layout pass
06-04 10:29:23.972 32331 32331 W View    : requestLayout() improperly called by helium314.keyboard.latin.panels.BrowserPanelView{cf8b627 V.E...... ........ 0,0-1440,2040} during second layout pass: posting in next frame
06-04 10:29:23.980 32331 32331 W View    : requestLayout() improperly called by helium314.keyboard.latin.panels.BrowserPanelView{cf8b627 V.E...... ......I. 0,0-1440,2040} during layout: running second layout pass
06-04 10:29:23.988 32331 32331 W View    : requestLayout() improperly called by helium314.keyboard.latin.panels.BrowserPanelView{cf8b627 V.E...... ........ 0,0-1440,2040} during second layout pass: posting in next frame
06-04 10:29:23.990 28826 28826 E .keyboard:medi: Unknown bits set in runtime_flags: 0x40000000
06-04 10:29:24.000 32331 32331 W View    : requestLayout() improperly called by helium314.keyboard.latin.panels.BrowserPanelView{cf8b627 V.E...... ......I. 0,0-1440,2040} during layout: running second layout pass
06-04 10:29:24.003 32331 32331 W View    : requestLayout() improperly called by helium314.keyboard.latin.panels.BrowserPanelView{cf8b627 V.E...... ........ 0,0-1440,2040} during second layout pass: posting in next frame
06-04 10:29:24.014 32331 32331 W View    : requestLayout() improperly called by helium314.keyboard.latin.panels.BrowserPanelView{cf8b627 V.E...... ......I. 0,0-1440,2040} during layout: running second layout pass
06-04 10:29:24.006 32331 32331 W com.vibekey.keyboard: type=1400 audit(0.0:108926): avc: denied { nlmsg_readpriv } for comm=536F636B657420546872656164 scontext=u:r:untrusted_app:s0:c79,c271,c512,c768 tcontext=u:r:untrusted_app:s0:c79,c271,c512,c768 tclass=netlink_route_socket permissive=0 bug=b/155595000 app=com.vibekey.keyboard
06-04 10:29:24.022 32331 32331 W View    : requestLayout() improperly called by helium314.keyboard.latin.panels.BrowserPanelView{cf8b627 V.E...... ........ 0,0-1440,2040} during second layout pass: posting in next frame
06-04 10:29:24.029 32331 32331 W View    : requestLayout() improperly called by helium314.keyboard.latin.panels.BrowserPanelView{cf8b627 V.E...... ......I. 0,0-1440,2040} during layout: running second layout pass
06-04 10:29:24.035 32331 32331 W View    : requestLayout() improperly called by helium314.keyboard.latin.panels.BrowserPanelView{cf8b627 V.E...... ........ 0,0-1440,2040} during second layout pass: posting in next frame
06-04 10:29:24.046 32331 32331 W View    : requestLayout() improperly called by helium314.keyboard.latin.panels.BrowserPanelView{cf8b627 V.E...... ......I. 0,0-1440,2040} during layout: running second layout pass
06-04 10:29:24.052 32331 32331 W View    : requestLayout() improperly called by helium314.keyboard.latin.panels.BrowserPanelView{cf8b627 V.E...... ........ 0,0-1440,2040} during second layout pass: posting in next frame
06-04 10:29:24.063 32331 32331 W View    : requestLayout() improperly called by helium314.keyboard.latin.panels.BrowserPanelView{cf8b627 V.E...... ......I. 0,0-1440,2040} during layout: running second layout pass
06-04 10:29:24.068 28826 28843 W AudioCapabilities: Unsupported mime audio/ffmpeg
06-04 10:29:24.069 32331 32331 W View    : requestLayout() improperly called by helium314.keyboard.latin.panels.BrowserPanelView{cf8b627 V.E...... ........ 0,0-1440,2040} during second layout pass: posting in next frame
06-04 10:29:24.070 28826 28843 W VideoCapabilities: Unsupported mime video/ffmpeg
06-04 10:29:24.071 28826 28843 W VideoCapabilities: Unrecognized profile/level 0/3 for video/mpeg2
06-04 10:29:24.071 28826 28843 W VideoCapabilities: Unrecognized profile/level 0/3 for video/mpeg2
