06-19 22:50:06.740  7174  7221 E GeckoLibLoad: Loaded libs in 8.955573ms total, 0ms(0ms) user, 5ms(8ms) system, 0(0) faults
06-19 22:50:06.740  7174  7221 W GeckoThread: zerdatime 25170548 - runGecko
06-19 22:50:06.774  7239  7239 E .keyboard:tab2: Unknown bits set in runtime_flags: 0x40000000
06-19 22:50:06.779  7204  7252 E GeckoLibLoad: Load sqlite start
06-19 22:50:06.780  7204  7252 E GeckoLibLoad: Load sqlite done
06-19 22:50:06.781  7204  7252 E GeckoLibLoad: Load nss start
06-19 22:50:06.781  7204  7252 E GeckoLibLoad: Load nss done
06-19 22:50:06.790  7192  7257 E GeckoLibLoad: Load sqlite start
06-19 22:50:06.791  7192  7257 E GeckoLibLoad: Load sqlite done
06-19 22:50:06.791  7192  7257 E GeckoLibLoad: Load nss start
06-19 22:50:06.791  7192  7257 E GeckoLibLoad: Load nss done
06-19 22:50:06.792  7204  7252 E GeckoLibLoad: Loaded libs in 11.635104ms total, 8ms(4ms) user, 0ms(4ms) system, 0(0) faults
06-19 22:50:06.793  7204  7252 W GeckoThread: zerdatime 25170600 - runGecko
06-19 22:50:06.810  7192  7257 E GeckoLibLoad: Loaded libs in 18.205886ms total, 0ms(0ms) user, 9ms(9ms) system, 0(0) faults
06-19 22:50:06.810  7192  7257 W GeckoThread: zerdatime 25170617 - runGecko
06-19 22:50:06.869  7288  7288 E .keyboard:tab3: Unknown bits set in runtime_flags: 0x40000000
06-19 22:50:06.873  7239  7286 E GeckoLibLoad: Load sqlite start
06-19 22:50:06.875  7239  7286 E GeckoLibLoad: Load sqlite done
06-19 22:50:06.886  7239  7286 E GeckoLibLoad: Load nss start
06-19 22:50:06.886  7239  7286 E GeckoLibLoad: Load nss done
06-19 22:50:06.920  7239  7286 E GeckoLibLoad: Loaded libs in 33.895208ms total, 8ms(7ms) user, 6ms(7ms) system, 0(0) faults
06-19 22:50:06.920  7239  7286 W GeckoThread: zerdatime 25170728 - runGecko
06-19 22:50:07.057  7288  7350 E GeckoLibLoad: Load sqlite start
06-19 22:50:07.059  7288  7350 E GeckoLibLoad: Load sqlite done
06-19 22:50:07.061  7288  7350 E GeckoLibLoad: Load nss start
06-19 22:50:07.061  7288  7350 E GeckoLibLoad: Load nss done
06-19 22:50:07.102  5067  7368 E ibekey.keyboar: Attempt to load writable dex file: /data/user/0/com.vibekey.keyboard/app_pccache/5/578BE08874FCCF1D5E008D1EAAD1410DCE35AB9C/pcam.jar
06-19 22:50:07.126  7288  7350 E GeckoLibLoad: Loaded libs in 65.017552ms total, 4ms(5ms) user, 9ms(7ms) system, 0(0) faults
06-19 22:50:07.127  7288  7350 W GeckoThread: zerdatime 25170934 - runGecko
06-19 22:50:07.137  5067  5067 W AdWorker(Defaul: type=1400 audit(0.0:16882): avc: granted { execute } for path="/data/data/com.vibekey.keyboard/app_pccache/5/578BE08874FCCF1D5E008D1EAAD1410DCE35AB9C/pcam.jar" dev="dm-2" ino=4496 scontext=u:r:untrusted_app:s0:c53,c272,c512,c768 tcontext=u:object_r:app_data_file:s0:c53,c272,c512,c768 tclass=file app=com.vibekey.keyboard
06-19 22:50:07.280  7446  7446 E .keyboard:tab2: Unknown bits set in runtime_flags: 0x40000000
06-19 22:50:07.283  5067  7442 W Ads     : Invoke Firebase method getInstance error.
06-19 22:50:07.283  5067  7442 W Ads     : The Google Mobile Ads SDK will not integrate with Firebase. Admob/Firebase integration requires the latest Firebase SDK jar, but Firebase SDK is either missing or out of date
06-19 22:50:07.285  5067  7332 W ServiceBindIntentUtils: Dynamic lookup for intent failed for action: com.google.android.gms.ads.service.CACHE
06-19 22:50:07.387  5067  7494 W ServiceBindIntentUtils: Dynamic lookup for intent failed for action: com.google.android.gms.ads.service.START
06-19 22:50:07.398  5067  7440 W Ads     : Not retrying to fetch app settings
06-19 22:50:07.410  7446  7492 E GeckoLibLoad: Load sqlite start
06-19 22:50:07.411  7446  7492 E GeckoLibLoad: Load sqlite done
06-19 22:50:07.411  7446  7492 E GeckoLibLoad: Load nss start
06-19 22:50:07.411  7446  7492 E GeckoLibLoad: Load nss done
06-19 22:50:07.430  7446  7492 E GeckoLibLoad: Loaded libs in 18.491042ms total, 5ms(4ms) user, 2ms(4ms) system, 0(0) faults
06-19 22:50:07.430  7446  7492 W GeckoThread: zerdatime 25171237 - runGecko
06-19 22:50:07.465  5067  7460 W Ads     : Not retrying to fetch app settings
06-19 22:50:07.813  7602  7602 E y.keyboard:tab: Unknown bits set in runtime_flags: 0x40000000
06-19 22:50:07.968  7602  7631 E GeckoLibLoad: Load sqlite start
06-19 22:50:07.969  7602  7631 E GeckoLibLoad: Load sqlite done
06-19 22:50:07.969  7602  7631 E GeckoLibLoad: Load nss start
06-19 22:50:07.969  7602  7631 E GeckoLibLoad: Load nss done
06-19 22:50:07.991  7602  7631 E GeckoLibLoad: Loaded libs in 21.104531ms total, 8ms(8ms) user, 0ms(0ms) system, 0(0) faults
06-19 22:50:07.991  7602  7631 W GeckoThread: zerdatime 25171798 - runGecko
06-19 22:50:08.042  6269  6293 W libc    : Access denied finding property "vendor.oplus.media.vpp.stutter"
06-19 22:50:08.100  6269  7664 W Codec2Client: query -- param skipped: index = 1107298332.
06-19 22:50:08.111  6269  7664 W Codec2Client: query -- param skipped: index = 1342179345.
06-19 22:50:08.111  6269  7664 W Codec2Client: query -- param skipped: index = 2415921170.
06-19 22:50:08.111  6269  7664 W Codec2Client: query -- param skipped: index = 1610614798.
06-19 22:50:08.116  6269  7664 E ion     : ioctl c0044901 failed with code -1: Inappropriate ioctl for device
06-19 22:50:08.131  6269  6293 W libc    : Access denied finding property "vendor.oplus.media.vpp.stutter"
06-19 22:50:08.132  6269  6293 E MULTIMEDIAConfig: [getInt32:L80] Not find config, Returning default
06-19 22:50:08.132  6269  6293 E MULTIMEDIAConfig: [getInt32:L80] Not find config, Returning default
06-19 22:50:08.132  6269  6293 E OplusACodec: [OplusACodec:204] mSrOsieMMListCheckResult:0x0 mOsieVersion:1
06-19 22:50:08.170  6269  7664 W Codec2Client: query -- param skipped: index = 1342179345.
06-19 22:50:08.170  6269  7664 W Codec2Client: query -- param skipped: index = 2415921170.
06-19 22:50:08.170  6269  7664 W Codec2Client: query -- param skipped: index = 1610614798.
06-19 22:50:08.213  6269  7685 E OplusACodec: [GetVideoCodingTypeFromMime:L1162] mime:video/avc
06-19 22:50:08.328  6269  7664 W Codec2Client: query -- param skipped: index = 1342179345.
06-19 22:50:08.328  6269  7664 W Codec2Client: query -- param skipped: index = 2415921170.
06-19 22:50:08.328  6269  7664 W Codec2Client: query -- param skipped: index = 1610614798.
06-19 22:50:08.339  6269  6289 W libc    : Access denied finding property "vendor.oplus.media.vpp.stutter"
06-19 22:50:08.365  6269  7714 W Codec2Client: query -- param skipped: index = 1107298332.
06-19 22:50:08.369  6269  7714 W Codec2Client: query -- param skipped: index = 1342179345.
06-19 22:50:08.369  6269  7714 W Codec2Client: query -- param skipped: index = 2415921170.
06-19 22:50:08.369  6269  7714 W Codec2Client: query -- param skipped: index = 1610614798.
06-19 22:50:08.397  6269  6289 W libc    : Access denied finding property "vendor.oplus.media.vpp.stutter"
06-19 22:50:08.397  6269  6289 E MULTIMEDIAConfig: [getInt32:L80] Not find config, Returning default
06-19 22:50:08.397  6269  6289 E MULTIMEDIAConfig: [getInt32:L80] Not find config, Returning default
06-19 22:50:08.397  6269  6289 E OplusACodec: [OplusACodec:204] mSrOsieMMListCheckResult:0x0 mOsieVersion:1
06-19 22:50:08.436  6269  7730 E OplusACodec: [GetVideoCodingTypeFromMime:L1162] mime:video/avc
06-19 22:50:08.461  6269  7714 W Codec2Client: query -- param skipped: index = 1342179345.
06-19 22:50:08.461  6269  7714 W Codec2Client: query -- param skipped: index = 2415921170.
06-19 22:50:08.461  6269  7714 W Codec2Client: query -- param skipped: index = 1610614798.
06-19 22:50:08.512  5067  7738 E BLASTBufferQueue: BLASTBufferItemConsumer::onDisconnect()
06-19 22:50:08.793  5067  5067 E Ads     : JS: Uncaught TypeError: Cannot read properties of null (reading 's') (https://pagead2.googlesyndication.com/omsdk/releases/live/omsdk-v1.js:27)
06-19 22:50:08.946  6269  7664 W Codec2Client: query -- param skipped: index = 1342179345.
06-19 22:50:08.946  6269  7664 W Codec2Client: query -- param skipped: index = 2415921170.
06-19 22:50:08.946  6269  7664 W Codec2Client: query -- param skipped: index = 1610614798.
06-19 22:50:09.062  7799  7799 E .keyboard:tab3: Unknown bits set in runtime_flags: 0x40000000
06-19 22:50:09.215  7799  7835 E GeckoLibLoad: Load sqlite start
06-19 22:50:09.216  7799  7835 E GeckoLibLoad: Load sqlite done
06-19 22:50:09.216  7799  7835 E GeckoLibLoad: Load nss start
06-19 22:50:09.216  7799  7835 E GeckoLibLoad: Load nss done
06-19 22:50:09.251  7799  7835 E GeckoLibLoad: Loaded libs in 34.404844ms total, 3ms(8ms) user, 4ms(0ms) system, 0(0) faults
06-19 22:50:09.251  7799  7835 W GeckoThread: zerdatime 25173058 - runGecko
06-19 22:50:09.469  6269  7714 W Codec2Client: query -- param skipped: index = 1342179345.
06-19 22:50:09.469  6269  7714 W Codec2Client: query -- param skipped: index = 2415921170.
06-19 22:50:09.470  6269  7714 W Codec2Client: query -- param skipped: index = 1610614798.
06-19 22:50:09.485  6269  7730 W libc    : Access denied finding property "vendor.oplus.media.vpp.stutter"
06-19 22:50:09.511  6269  6361 W libc    : Access denied finding property "vendor.oplus.media.vpp.stutter"
06-19 22:50:09.511  6269  6361 E MULTIMEDIAConfig: [getInt32:L80] Not find config, Returning default
06-19 22:50:09.511  6269  6361 E MULTIMEDIAConfig: [getInt32:L80] Not find config, Returning default
06-19 22:50:09.511  6269  6361 E OplusACodec: [OplusACodec:204] mSrOsieMMListCheckResult:0x0 mOsieVersion:1
06-19 22:50:09.548  5067  5067 E Ads     : JS: Refused to get unsafe header "X-Afma-Gcache-IsGcacheHit" (https://www.gstatic.com/mysidia/992fc024f222190433002467e84c4f10.js?tag=addon/rewarded_video:436)
06-19 22:50:09.556  6269  7880 E OplusACodec: [GetVideoCodingTypeFromMime:L1162] mime:video/avc
06-19 22:50:09.736  5067  5067 E Ads     : JS: Refused to get unsafe header "X-Afma-Gcache-IsGcacheHit" (https://www.gstatic.com/mysidia/992fc024f222190433002467e84c4f10.js?tag=addon/rewarded_video:436)
06-19 22:50:09.863  5067  5157 W libc    : Access denied finding property "vendor.oplus.media.vpp.stutter"
06-19 22:50:09.866  5067  5157 E MULTIMEDIAConfig: [getInt32:L80] Not find config, Returning default
06-19 22:50:09.866  5067  5157 E MULTIMEDIAConfig: [getInt32:L80] Not find config, Returning default
06-19 22:50:09.866  5067  5157 E OplusACodec: [OplusACodec:204] mSrOsieMMListCheckResult:0x0 mOsieVersion:1
06-19 22:50:09.880  7910  7910 E .keyboard:tab2: Unknown bits set in runtime_flags: 0x40000000
06-19 22:50:09.892  5067  7917 E ListServiceUtils: checkInListByUid module:notify-network-optimize uid:14149 cost 4519us return 0
06-19 22:50:09.893  5067  7917 E OplusACodec: [GetVideoCodingTypeFromMime:L1162] mime:video/x-vnd.on2.vp9
06-19 22:50:10.006  7910  7955 E GeckoLibLoad: Load sqlite start
06-19 22:50:10.010  7910  7955 E GeckoLibLoad: Load sqlite done
06-19 22:50:10.010  7910  7955 E GeckoLibLoad: Load nss start
06-19 22:50:10.010  7910  7955 E GeckoLibLoad: Load nss done
06-19 22:50:10.029  5067  5157 W cr_MediaCodecBridge: Releasing: OMX.qcom.video.decoder.vp9
06-19 22:50:10.031  5067  7908 E ExtensionsLoader: freeAllBuffers: 12 buffers were freed while being dequeued!
06-19 22:50:10.033  5067  5157 W cr_MediaCodecBridge: Codec released
06-19 22:50:10.036  7910  7955 E GeckoLibLoad: Loaded libs in 25.586927ms total, 0ms(2ms) user, 9ms(6ms) system, 0(0) faults
06-19 22:50:10.037  7910  7955 W GeckoThread: zerdatime 25173844 - runGecko
06-19 22:50:10.441  5067  5076 W ibekey.keyboar: Cleared Reference was only reachable from finalizer (only reported once)
06-19 22:50:10.554  5067  5067 W GeckoSession: No history entries found.
06-19 22:50:10.593  6269  7880 W libc    : Access denied finding property "vendor.oplus.media.vpp.stutter"
06-19 22:50:11.474  6269  6293 W libc    : Access denied finding property "vendor.oplus.media.vpp.stutter"
06-19 22:50:11.474  6269  6293 E MULTIMEDIAConfig: [getInt32:L80] Not find config, Returning default
06-19 22:50:11.474  6269  6293 E MULTIMEDIAConfig: [getInt32:L80] Not find config, Returning default
06-19 22:50:11.474  6269  6293 E OplusACodec: [OplusACodec:204] mSrOsieMMListCheckResult:0x0 mOsieVersion:1
06-19 22:50:11.520  6269  8048 E ListServiceUtils: checkInListByUid pid:6269 procName: cost 1177us return -1
06-19 22:50:11.523  6269  8048 E OplusACodec: [GetVideoCodingTypeFromMime:L1162] mime:video/avc
06-19 22:50:11.588  8058  8058 E .keyboard:tab2: Unknown bits set in runtime_flags: 0x40000000
06-19 22:50:11.593  6269  7880 W libc    : Access denied finding property "vendor.oplus.media.vpp.stutter"
06-19 22:50:12.909  8094  8094 E ibekey.keyboar: Unknown bits set in runtime_flags: 0x40000000
06-19 22:50:13.023  8094  8094 W l0      : Could not load system glide typing library jni_latinimegoogle: dlopen failed: library "libjni_latinimegoogle.so" not found
06-19 22:50:13.057  8130  8130 E oard:llm_engin: Unknown bits set in runtime_flags: 0x40000000
06-19 22:50:13.102  8094  8094 W w       : No editor info for this field. Bug?
06-19 22:50:13.108  8094  8094 I VkSwipe : ○ gesture canceled
06-19 22:50:13.108  8094  8094 I VkMultilingual: reset main=pt-BR locales=[pt] count=1
06-19 22:50:13.169  8094  8094 W System  : ClassLoader referenced unknown path: 
06-19 22:50:13.235  8094  8094 E ibekey.keyboar: ofbOpen failed with error=No such file or directory
06-19 22:50:13.235  8094  8094 E ibekey.keyboar: sysOpen failed with error=No such file or directory
06-19 22:50:13.252  8094  8204 W Ads     : Update ad debug logging enablement as false
06-19 22:50:13.275  8094  8094 E MultiApp.Impl: OplusMultiAppImpl
06-19 22:50:13.334  8094  8243 W libc    : Access denied finding property "ro.vendor.api_level"
06-19 22:50:13.338  8094  8094 W chromium: [WARNING:android_webview/browser/network_service/net_helpers.cc:137] HTTP Cache size is: 20971520
06-19 22:50:13.392  8094  8116 W FeatureFlagsImplExport: java.lang.NoClassDefFoundError: Class not found using the boot class loader; no stack trace available
06-19 22:50:13.393  8094  8301 W libc    : Access denied finding property "vendor.camera.aux.packagelist"
06-19 22:50:13.393  8094  8301 W libc    : Access denied finding property "vendor.camera.aux.packagelist"
06-19 22:50:13.394  8094  8225 W libc    : Access denied finding property "vendor.camera.aux.packagelist"
06-19 22:50:13.407  8094  8094 I VkSwipe : ○ gesture canceled
06-19 22:50:13.409  8094  8094 E OplusCustomizeRestrictionManager: sInstance is null, start a new sInstance
06-19 22:50:13.424  8094  8094 I VkEffects: reload anim=scale blur=0px glow=false stickers=false
06-19 22:50:13.492  8094  8094 I VkTyping: ▶ open restart=false pkg=com.android.launcher inputType=589825
06-19 22:50:13.557  8094  8094 I VkSwipe : ○ gesture canceled
06-19 22:50:13.557  8094  8094 I VkMemory: all_closing panel=none phase=IME_HIDDEN java=33MB/384MB native=17MB
06-19 22:50:13.634  8094  8275 W cr_media: BLUETOOTH_CONNECT permission is missing.
06-19 22:50:13.635  8094  8275 W cr_media: getBluetoothAdapter() requires BLUETOOTH permission
06-19 22:50:13.635  8094  8275 W cr_media: registerBluetoothIntentsIfNeeded: Requires BLUETOOTH permission
06-19 22:50:13.663  8094  8094 W View    : requestLayout() improperly called by android.widget.LinearLayout{41b68b V.E...... ......ID 0,1868-1440,2818 #7f0a011b app:id/main_keyboard_frame} during layout: running second layout pass
06-19 22:50:13.752  8094  8293 W AudioCapabilities: Unsupported mime audio/ffmpeg
06-19 22:50:13.753  8094  8293 W VideoCapabilities: Unsupported mime video/ffmpeg
06-19 22:50:13.753  8094  8293 W VideoCapabilities: Unrecognized profile/level 0/3 for video/mpeg2
06-19 22:50:13.753  8094  8293 W VideoCapabilities: Unrecognized profile/level 0/3 for video/mpeg2
06-19 22:50:13.776  8094  8224 E BLASTBufferQueue: BLASTBufferItemConsumer::onDisconnect()
06-19 22:50:14.629  8094  8094 I VkSwipe : ○ gesture canceled
06-19 22:50:14.629  8094  8094 I VkMemory: all_closing panel=none phase=IME_HIDDEN java=38MB/384MB native=42MB
06-19 22:50:14.644  8094  8094 I VkSwipe : ○ gesture canceled
06-19 22:50:14.644  8094  8094 I VkTyping: phase=PANEL_OPEN panel=menu
06-19 22:50:14.644  8094  8094 I VkMemory: open panel=menu phase=PANEL_OPEN java=38MB/384MB native=43MB
06-19 22:50:14.644  8094  8094 I VkPanels: ▶ open menu
06-19 22:50:15.462  8094  8094 I VkSwipe : ○ gesture canceled
06-19 22:50:15.462  8094  8094 I VkMemory: all_closing panel=menu phase=PANEL_OPEN java=39MB/384MB native=39MB
06-19 22:50:15.462  8094  8094 I VkMemory: close panel=menu phase=IME_HIDDEN java=39MB/384MB native=39MB
06-19 22:50:15.519  8094  8094 I VkTyping: gate suppress (typing_start)
06-19 22:50:15.557  8094  8094 I VkTyping: ○ hidden
06-19 22:50:15.558  8094  8094 I VkTyping: gate release (keyboard_hidden)
06-19 22:50:15.558  8094  8094 I VkMemory: keyboard_hidden panel=none phase=IME_HIDDEN java=39MB/384MB native=39MB
06-19 22:50:15.638  8094  8094 W Settings: Setting transition_animation_scale has moved from android.provider.Settings.System to android.provider.Settings.Global, returning read-only value.
06-19 22:50:20.813  8094  8224 E BLASTBufferQueue: BLASTBufferItemConsumer::onDisconnect()
06-19 22:50:21.353  8094  8224 E BLASTBufferQueue: BLASTBufferItemConsumer::onDisconnect()

... (79 Gecko cookie/JS warnings omitted)
... (42 SELinux audit lines omitted)

=== Feature activity (persisted across restarts) ===
2026-06-19 22:46:13.079246 I OnDeviceAssist: ▶ panel open
2026-06-19 22:46:14.081057 I OnDeviceAssist: ▶ tap task=tone_casual in=27 chars
2026-06-19 22:46:14.082888 I OnDeviceAssist: ▶ assist_ipc task=tone_casual in=27 chars
2026-06-19 22:46:15.282673 I OnDeviceAssist: ✓ assist (ime) task=tone_casual 1199ms in=27 out=27
2026-06-19 22:46:15.983575 I OnDeviceAssist: ▶ tap task=tone_pro in=27 chars
2026-06-19 22:46:15.989182 I OnDeviceAssist: ▶ assist_ipc task=tone_pro in=27 chars
2026-06-19 22:46:16.845249 I OnDeviceAssist: ✓ assist (ime) task=tone_pro 855ms in=27 out=32
2026-06-19 22:46:17.531136 I OnDeviceAssist: ▶ tap task=tone_casual in=27 chars
2026-06-19 22:46:17.532427 I OnDeviceAssist: ▶ assist_ipc task=tone_casual in=27 chars
2026-06-19 22:46:18.403877 I OnDeviceAssist: ✓ assist (ime) task=tone_casual 872ms in=27 out=27
2026-06-19 22:46:20.823061 I OnDeviceAssist: ○ blocked task=tone_direct: quota_gate
2026-06-19 22:46:37.199534 I OnDeviceAssist: ▶ panel open
2026-06-19 22:46:38.546022 I OnDeviceAssist: ▶ tap task=tone_casual in=27 chars
2026-06-19 22:46:38.552437 I OnDeviceAssist: ▶ assist_ipc task=tone_casual in=27 chars
2026-06-19 22:46:39.520267 I OnDeviceAssist: ✓ assist (ime) task=tone_casual 968ms in=27 out=27

=== In-memory (current process) ===
2026-06-19 22:50:13.023021 W l0: Could not load system glide typing library jni_latinimegoogle: dlopen failed: library "libjni_latinimegoogle.so" not found
2026-06-19 22:50:13.040742 I startup: Starting com.vibekey.keyboard version 4.1.292 (4392) on Android 12 (SDK 31)
2026-06-19 22:50:13.044421 I LatinIME: Hardware accelerated drawing: true
2026-06-19 22:50:13.070201 I AiApiHelper: Using user-provided Gemini API key
2026-06-19 22:50:13.084569 I SymSpellProvider: Detected asset languages: [en]
2026-06-19 22:50:13.086525 I NgramPredictor: Detected bigram asset languages: []
2026-06-19 22:50:13.087314 I NgramPredictor: Loaded 2 runtime bigram keys for pt
2026-06-19 22:50:13.087588 I NgramPredictor: Loaded 2 runtime trigram keys for pt
2026-06-19 22:50:13.089606 I RecencyTracker: init loaded 1 language file(s)
2026-06-19 22:50:13.090695 I AdaptiveTouchModel: Loaded touch model: 23 keys
2026-06-19 22:50:13.091220 I ContactsSuggProvider: READ_CONTACTS permission not granted, skipping contacts load
2026-06-19 22:50:13.102822 W w: No editor info for this field. Bug?
2026-06-19 22:50:13.102909 I c: loadSettings
2026-06-19 22:50:13.108307 I r: resetDictionaries, force reloading main dictionary: false
2026-06-19 22:50:13.144610 I NgramPredictor: Detected bigram asset languages: []
2026-06-19 22:50:13.145213 I ConsentManager: UMP hydrate skipped: s6.k.getConsentInformation [class android.content.Context]
2026-06-19 22:50:13.145700 I AdManager: AdMob: publisher personalization DISABLED (non-personalized requests)
2026-06-19 22:50:13.149930 I NgramPredictor: Loaded 2 runtime bigram keys for pt
2026-06-19 22:50:13.152912 I NgramPredictor: Loaded 2 runtime trigram keys for pt
2026-06-19 22:50:13.153898 I SymSpellProvider: Detected asset languages: [en]
2026-06-19 22:50:13.215431 I AdManager: MobileAds.initialize scheduled — waiting for SDK + consent before loading ads
2026-06-19 22:50:13.217063 I LatinIME: ringer mode changed, zen_mode on: false
2026-06-19 22:50:13.403250 I c: loadSettings
2026-06-19 22:50:13.426120 I StickerImageManager: No sticker images on disk (empty cache confirmed)
2026-06-19 22:50:13.492305 I LatinIME: Starting input. Cursor position = 0,0
2026-06-19 22:50:13.492643 I c: loadSettings
2026-06-19 22:50:13.767281 I AdManager: Ad preload deferred: MobileAds not initialized yet
2026-06-19 22:50:13.767359 I AdManager: Ad preload deferred: MobileAds not initialized yet
2026-06-19 22:50:14.077885 I AdManager: Ad preload deferred: MobileAds not initialized yet
2026-06-19 22:50:14.078030 I AdManager: Ad preload deferred: MobileAds not initialized yet
2026-06-19 22:50:14.577563 I AdManager: Ad preload deferred: MobileAds not initialized yet
2026-06-19 22:50:14.577718 I AdManager: Ad preload deferred: MobileAds not initialized yet
2026-06-19 22:50:15.492486 I LatinIME: requestHideSelf: 0
2026-06-19 22:50:15.553908 I LatinIME: hideWindow
2026-06-19 22:50:15.557479 I LatinIME: onFinishInputView
2026-06-19 22:50:15.557773 I LatinIME: onWindowHidden
2026-06-19 22:50:15.582245 I AdManager: Ad preload deferred: MobileAds not initialized yet
2026-06-19 22:50:15.582355 I w: InputType.TYPE_NULL is specified
2026-06-19 22:50:15.582415 I c: loadSettings
2026-06-19 22:50:15.798409 I LatinIME: requestHideSelf: 100
2026-06-19 22:50:15.806819 I LatinIME: onFinishInput
2026-06-19 22:50:18.514270 I c: loadSettings
2026-06-19 22:50:21.015713 I LatinIME: onFinishInput
2026-06-19 22:50:22.373398 I LatinIME: onFinishInput