06-01 20:23:09.309   999   999 W View    : requestLayout() improperly called by helium314.keyboard.latin.panels.BrowserPanelView{dad5042 V.E...... ........ 0,0-1440,2040} during second layout pass: posting in next frame
06-01 20:23:09.322   999   999 W View    : requestLayout() improperly called by helium314.keyboard.latin.panels.BrowserPanelView{dad5042 V.E...... ......I. 0,0-1440,2040} during layout: running second layout pass
06-01 20:23:09.326   999   999 W View    : requestLayout() improperly called by helium314.keyboard.latin.panels.BrowserPanelView{dad5042 V.E...... ........ 0,0-1440,2040} during second layout pass: posting in next frame
06-01 20:23:09.330  1548  1564 W Isolated Web Content: [JavaScript Warning: "Cookie “” has been rejected as third-party." {file: "https://cdn.tinypass.com/api/tinypass.min.js" line: 0}]
06-01 20:23:09.338   999   999 W View    : requestLayout() improperly called by helium314.keyboard.latin.panels.BrowserPanelView{dad5042 V.E...... ......I. 0,0-1440,2040} during layout: running second layout pass
06-01 20:23:09.342   999   999 W View    : requestLayout() improperly called by helium314.keyboard.latin.panels.BrowserPanelView{dad5042 V.E...... ........ 0,0-1440,2040} during second layout pass: posting in next frame
06-01 20:23:09.355   999   999 W View    : requestLayout() improperly called by helium314.keyboard.latin.panels.BrowserPanelView{dad5042 V.E...... ......I. 0,0-1440,2040} during layout: running second layout pass
06-01 20:23:09.359   999   999 W View    : requestLayout() improperly called by helium314.keyboard.latin.panels.BrowserPanelView{dad5042 V.E...... ........ 0,0-1440,2040} during second layout pass: posting in next frame
06-01 20:23:09.372   999   999 W View    : requestLayout() improperly called by helium314.keyboard.latin.panels.BrowserPanelView{dad5042 V.E...... ......I. 0,0-1440,2040} during layout: running second layout pass
06-01 20:23:09.378   999   999 W View    : requestLayout() improperly called by helium314.keyboard.latin.panels.BrowserPanelView{dad5042 V.E...... ........ 0,0-1440,2040} during second layout pass: posting in next frame
06-01 20:23:09.363   999   999 W com.vibekey.keyboard: type=1400 audit(0.0:34923): avc: denied { nlmsg_readpriv } for comm=536F636B657420546872656164 scontext=u:r:untrusted_app:s0:c44,c271,c512,c768 tcontext=u:r:untrusted_app:s0:c44,c271,c512,c768 tclass=netlink_route_socket permissive=0 bug=b/155595000 app=com.vibekey.keyboard
06-01 20:23:09.386  1548  1564 W Isolated Web Content: [JavaScript Warning: "Cookie “” has been rejected as third-party." {file: "https://assets.bounceexchange.com/assets/smart-tag/versioned/runtime_c81e76ee00d795b1eebf8d27949f8dc5.br.js" line: 0}]
06-01 20:23:09.386  1548  1564 W Isolated Web Content: [JavaScript Warning: "Request to access cookie or storage on “https://assets.bounceexchange.com/assets/smart-tag/versioned/runtime_c81e76ee00d795b1eebf8d27949f8dc5.br.js” was blocked because we are blocking all third-party storage access requests and Enhanced Tracking Protection is enabled."]
06-01 20:23:09.387  1548  1564 W Isolated Web Content: [JavaScript Warning: "Cookie “” has been rejected as third-party." {file: "https://ping.chartbeat.net/ping?h=cnn.com&p=www.cnn.com%2F&u=By9lGkC6mDFHBtEjvI&d=cnn.com&g=37612&g0=homepage&g1=No%20Author&n=1&f=00001&c=0&x=0&m=0&y=18378&o=384&w=494&j=45&R=1&W=0&I=0&E=0&e=0&r=&PA=https%3A%2F%2Fwww.cnn.com%2F&b=1727&t=CoieL6-Jm-RsLUQGT3Tc5PKoDP&V=151&z=t%3D2gA9ZCwcipt8LPEfBrv-jGCD22tO%26E%3D0%26x%3D0%26c%3D0.02%26y%3D18458%26w%3D496&i=Domestic%20Web%20Homepage&tz=240&sn=1&sv=CmC9sfBfFv-7CpW1uVDzid00Ca53ug&sr=external&sd=1&im=06672ff0&_" line: 0}]
06-01 20:23:09.388   999   999 W View    : requestLayout() improperly called by helium314.keyboard.latin.panels.BrowserPanelView{dad5042 V.E...... ......I. 0,0-1440,2040} during layout: running second layout pass
06-01 20:23:09.393   999   999 W View    : requestLayout() improperly called by helium314.keyboard.latin.panels.BrowserPanelView{dad5042 V.E...... ........ 0,0-1440,2040} during second layout pass: posting in next frame
06-01 20:23:09.394  1548  1564 W Isolated Web Content: [JavaScript Warning: "Cookie “” has been rejected as third-party." {file: "https://client.aps.amazon-adsystem.com/publisher.js" line: 0}]
06-01 20:23:09.398  1548  1564 W Isolated Web Content: [JavaScript Warning: "Request to access cookie or storage on “https://client.aps.amazon-adsystem.com/publisher.js” was blocked because we are blocking all third-party storage access requests and Enhanced Tracking Protection is enabled."]
06-01 20:23:09.399  1548  1564 W Isolated Web Content: [JavaScript Warning: "Cookie “” has been rejected as third-party." {file: "https://ml314.com/utsync.ashx?et=0&eid=64240&ct=js&pi=3517396341521645634&fp=YOUR_USER_ID&cp=https%3A%2F%2Fwww.cnn.com%2F&pv=1780359789384_xvd1oidz8&bl=en-us&cb=4327428&si=1780359778340_xpnnbpbq6&s=384x832&nc=1&v=2.8.2.257-lw&gpp=DBABLA~BVQqAAAAAABY.QA&gpp_sid=7" line: 0}]
06-01 20:23:09.399  1548  1564 W Isolated Web Content: [JavaScript Warning: "Cookie “” has been rejected as third-party." {file: "https://sb.scorecardresearch.com/internal-cs/default/beacon-and.js" line: 0}]
06-01 20:23:09.393   999   999 W com.vibekey.keyboard: type=1400 audit(0.0:34924): avc: denied { nlmsg_readpriv } for comm=536F636B657420546872656164 scontext=u:r:untrusted_app:s0:c44,c271,c512,c768 tcontext=u:r:untrusted_app:s0:c44,c271,c512,c768 tclass=netlink_route_socket permissive=0 bug=b/155595000 app=com.vibekey.keyboard
06-01 20:23:09.406   999   999 W View    : requestLayout() improperly called by helium314.keyboard.latin.panels.BrowserPanelView{dad5042 V.E...... ......I. 0,0-1440,2040} during layout: running second layout pass
06-01 20:23:09.411   999   999 W View    : requestLayout() improperly called by helium314.keyboard.latin.panels.BrowserPanelView{dad5042 V.E...... ........ 0,0-1440,2040} during second layout pass: posting in next frame
06-01 20:23:09.422   999   999 W View    : requestLayout() improperly called by helium314.keyboard.latin.panels.BrowserPanelView{dad5042 V.E...... ......I. 0,0-1440,2040} during layout: running second layout pass
06-01 20:23:09.427   999   999 W View    : requestLayout() improperly called by helium314.keyboard.latin.panels.BrowserPanelView{dad5042 V.E...... ........ 0,0-1440,2040} during second layout pass: posting in next frame
06-01 20:23:09.440   999   999 W View    : requestLayout() improperly called by helium314.keyboard.latin.panels.BrowserPanelView{dad5042 V.E...... ......I. 0,0-1440,2040} during layout: running second layout pass
06-01 20:23:09.433   999   999 W com.vibekey.keyboard: type=1400 audit(0.0:34925): avc: denied { nlmsg_readpriv } for comm=536F636B657420546872656164 scontext=u:r:untrusted_app:s0:c44,c271,c512,c768 tcontext=u:r:untrusted_app:s0:c44,c271,c512,c768 tclass=netlink_route_socket permissive=0 bug=b/155595000 app=com.vibekey.keyboard
06-01 20:23:09.449   999   999 W View    : requestLayout() improperly called by helium314.keyboard.latin.panels.BrowserPanelView{dad5042 V.E...... ........ 0,0-1440,2040} during second layout pass: posting in next frame
06-01 20:23:09.456   999   999 W View    : requestLayout() improperly called by helium314.keyboard.latin.panels.BrowserPanelView{dad5042 V.E...... ......I. 0,0-1440,2040} during layout: running second layout pass
06-01 20:23:09.461   999   999 W View    : requestLayout() improperly called by helium314.keyboard.latin.panels.BrowserPanelView{dad5042 V.E...... ........ 0,0-1440,2040} during second layout pass: posting in next frame
06-01 20:23:09.472   999   999 W View    : requestLayout() improperly called by helium314.keyboard.latin.panels.BrowserPanelView{dad5042 V.E...... ......I. 0,0-1440,2040} during layout: running second layout pass
06-01 20:23:09.463   999   999 W com.vibekey.keyboard: type=1400 audit(0.0:34926): avc: denied { nlmsg_readpriv } for comm=536F636B657420546872656164 scontext=u:r:untrusted_app:s0:c44,c271,c512,c768 tcontext=u:r:untrusted_app:s0:c44,c271,c512,c768 tclass=netlink_route_socket permissive=0 bug=b/155595000 app=com.vibekey.keyboard
06-01 20:23:09.478   999   999 W View    : requestLayout() improperly called by helium314.keyboard.latin.panels.BrowserPanelView{dad5042 V.E...... ........ 0,0-1440,2040} during second layout pass: posting in next frame
06-01 20:23:09.488   999   999 W View    : requestLayout() improperly called by helium314.keyboard.latin.panels.BrowserPanelView{dad5042 V.E...... ......I. 0,0-1440,2040} during layout: running second layout pass
06-01 20:23:09.473   999   999 W com.vibekey.keyboard: type=1400 audit(0.0:34927): avc: denied { nlmsg_readpriv } for comm=536F636B657420546872656164 scontext=u:r:untrusted_app:s0:c44,c271,c512,c768 tcontext=u:r:untrusted_app:s0:c44,c271,c512,c768 tclass=netlink_route_socket permissive=0 bug=b/155595000 app=com.vibekey.keyboard
06-01 20:23:09.492   999   999 W View    : requestLayout() improperly called by helium314.keyboard.latin.panels.BrowserPanelView{dad5042 V.E...... ........ 0,0-1440,2040} during second layout pass: posting in next frame
06-01 20:23:09.505   999   999 W View    : requestLayout() improperly called by helium314.keyboard.latin.panels.BrowserPanelView{dad5042 V.E...... ......I. 0,0-1440,2040} during layout: running second layout pass
06-01 20:23:09.511   999   999 W View    : requestLayout() improperly called by helium314.keyboard.latin.panels.BrowserPanelView{dad5042 V.E...... ........ 0,0-1440,2040} during second layout pass: posting in next frame
06-01 20:23:09.523   999   999 W View    : requestLayout() improperly called by helium314.keyboard.latin.panels.BrowserPanelView{dad5042 V.E...... ......I. 0,0-1440,2040} during layout: running second layout pass
06-01 20:23:09.524  1722  1741 W Isolated Web Content: [JavaScript Warning: "This page is in Almost Standards Mode. Page layout may be impacted. For Standards Mode use “<!DOCTYPE html>”." {file: "https://btloader.com/trustedIframe.html?o=5762268746743808&upapi=true" line: 0}]
06-01 20:23:09.527   999   999 W View    : requestLayout() improperly called by helium314.keyboard.latin.panels.BrowserPanelView{dad5042 V.E...... ........ 0,0-1440,2040} during second layout pass: posting in next frame
06-01 20:23:09.539   999   999 W View    : requestLayout() improperly called by helium314.keyboard.latin.panels.BrowserPanelView{dad5042 V.E...... ......I. 0,0-1440,2040} during layout: running second layout pass
06-01 20:23:09.543   999   999 W View    : requestLayout() improperly called by helium314.keyboard.latin.panels.BrowserPanelView{dad5042 V.E...... ........ 0,0-1440,2040} during second layout pass: posting in next frame
06-01 20:23:09.556  1548  1564 E Isolated Web Content: [JavaScript Error: "Cookie “_cookie_test” has been rejected for invalid domain." {file: "https://www.cnn.com/" line: 0}]
06-01 20:23:09.556   999   999 W View    : requestLayout() improperly called by helium314.keyboard.latin.panels.BrowserPanelView{dad5042 V.E...... ......I. 0,0-1440,2040} during layout: running second layout pass
06-01 20:23:09.556  1548  1564 E Isolated Web Content: [JavaScript Error: "Cookie “_cookie_test” has been rejected for invalid domain." {file: "https://www.cnn.com/" line: 0}]
06-01 20:23:09.560  1548  1564 E Isolated Web Content: [JavaScript Error: "Cookie “_cookie_test” has been rejected for invalid domain." {file: "https://www.cnn.com/" line: 0}]
06-01 20:23:09.560  1548  1564 E Isolated Web Content: [JavaScript Error: "Cookie “_cookie_test” has been rejected for invalid domain." {file: "https://www.cnn.com/" line: 0}]
06-01 20:23:09.560   999   999 W View    : requestLayout() improperly called by helium314.keyboard.latin.panels.BrowserPanelView{dad5042 V.E...... ........ 0,0-1440,2040} during second layout pass: posting in next frame
06-01 20:23:09.561  1548  1564 E Isolated Web Content: [JavaScript Error: "Cookie “_cookie_test” has been rejected for invalid domain." {file: "https://www.cnn.com/" line: 0}]
06-01 20:23:09.561  1548  1564 E Isolated Web Content: [JavaScript Error: "Cookie “_cookie_test” has been rejected for invalid domain." {file: "https://www.cnn.com/" line: 0}]
06-01 20:23:09.573   999   999 W View    : requestLayout() improperly called by helium314.keyboard.latin.panels.BrowserPanelView{dad5042 V.E...... ......I. 0,0-1440,2040} during layout: running second layout pass
06-01 20:23:09.575  1548  1564 E Isolated Web Content: [JavaScript Error: "Cookie “_cookie_test” has been rejected for invalid domain." {file: "https://www.cnn.com/" line: 0}]
06-01 20:23:09.575  1548  1564 E Isolated Web Content: [JavaScript Error: "Cookie “_cookie_test” has been rejected for invalid domain." {file: "https://www.cnn.com/" line: 0}]
06-01 20:23:09.577   999   999 W View    : requestLayout() improperly called by helium314.keyboard.latin.panels.BrowserPanelView{dad5042 V.E...... ........ 0,0-1440,2040} during second layout pass: posting in next frame
06-01 20:23:09.589   999   999 W View    : requestLayout() improperly called by helium314.keyboard.latin.panels.BrowserPanelView{dad5042 V.E...... ......I. 0,0-1440,2040} during layout: running second layout pass
06-01 20:23:09.592   999   999 W View    : requestLayout() improperly called by helium314.keyboard.latin.panels.BrowserPanelView{dad5042 V.E...... ........ 0,0-1440,2040} during second layout pass: posting in next frame
06-01 20:23:09.607   999   999 W View    : requestLayout() improperly called by helium314.keyboard.latin.panels.BrowserPanelView{dad5042 V.E...... ......I. 0,0-1440,2040} during layout: running second layout pass
06-01 20:23:09.614   999   999 W View    : requestLayout() improperly called by helium314.keyboard.latin.panels.BrowserPanelView{dad5042 V.E...... ........ 0,0-1440,2040} during second layout pass: posting in next frame
06-01 20:23:09.619  1548  1564 W Isolated Web Content: [JavaScript Warning: "Cookie “” has been rejected as third-party." {file: "https://secure-us.imrworldwide.com/cgi-bin/m?ci=us-204044h&cg=0&cc=1&si=https%3A//www.cnn.com/&rp=&ts=compact&rnd=1780359788958&ja=1" line: 0}]
06-01 20:23:09.624   999   999 W View    : requestLayout() improperly called by helium314.keyboard.latin.panels.BrowserPanelView{dad5042 V.E...... ......I. 0,0-1440,2040} during layout: running second layout pass
06-01 20:23:09.630   999   999 W View    : requestLayout() improperly called by helium314.keyboard.latin.panels.BrowserPanelView{dad5042 V.E...... ........ 0,0-1440,2040} during second layout pass: posting in next frame
06-01 20:23:09.640   999   999 W View    : requestLayout() improperly called by helium314.keyboard.latin.panels.BrowserPanelView{dad5042 V.E...... ......ID 0,0-1440,2040} during layout: running second layout pass
06-01 20:23:09.649   999   999 W View    : requestLayout() improperly called by helium314.keyboard.latin.panels.BrowserPanelView{dad5042 V.E...... ........ 0,0-1440,2040} during second layout pass: posting in next frame
06-01 20:23:09.657   999   999 W View    : requestLayout() improperly called by helium314.keyboard.latin.panels.BrowserPanelView{dad5042 V.E...... ......I. 0,0-1440,2040} during layout: running second layout pass
06-01 20:23:09.663   999   999 W View    : requestLayout() improperly called by helium314.keyboard.latin.panels.BrowserPanelView{dad5042 V.E...... ........ 0,0-1440,2040} during second layout pass: posting in next frame
06-01 20:23:09.673   999   999 W View    : requestLayout() improperly called by helium314.keyboard.latin.panels.BrowserPanelView{dad5042 V.E...... ......I. 0,0-1440,2040} during layout: running second layout pass
06-01 20:23:09.675  1548  1564 W Isolated Web Content: [JavaScript Warning: "Cookie “” has been rejected as third-party." {file: "https://registry.api.cnn.io/bundles/fave/4.43.1/css" line: 0}]
06-01 20:23:09.676  1548  1564 W Isolated Web Content: [JavaScript Warning: "Cookie “” has been rejected as third-party." {file: "https://registry.api.cnn.io/bundles/fave/4.43.1/vendorHashes" line: 0}]
06-01 20:23:09.676  1548  1564 W Isolated Web Content: [JavaScript Warning: "Request to access cookie or storage on “https://secure-us.imrworldwide.com/cgi-bin/m?ci=us-204044h&cg=0&cc=1&si=https%3A//www.cnn.com/&rp=&ts=compact&rnd=1780359788958&ja=1” was blocked because we are blocking all third-party storage access requests and Enhanced Tracking Protection is enabled."]
06-01 20:23:09.677   999   999 W View    : requestLayout() improperly called by helium314.keyboard.latin.panels.BrowserPanelView{dad5042 V.E...... ........ 0,0-1440,2040} during second layout pass: posting in next frame
06-01 20:23:09.680  1548  1564 W Isolated Web Content: [JavaScript Warning: "Cookie “IMRID=3bc537d0-5e19-11f1-9a51-730c5ee19078; Path=/;Secure;SameSite=None; Domain=imrworldwide.com; Expires=Sun, 27-Jun-2027 00:23:09 GMT; Max-Age=33696000” has been rejected as third-party." {file: "https://secure-us.imrworldwide.com/cgi-bin/m?ci=us-204044h&cg=0&cc=1&si=https%3A//www.cnn.com/&rp=&ts=compact&rnd=1780359788958&ja=1" line: 0}]
06-01 20:23:09.680  1548  1564 W Isolated Web Content: [JavaScript Warning: "Request to access cookie or storage on “https://secure-us.imrworldwide.com/cgi-bin/m?ci=us-204044h&cg=0&cc=1&si=https%3A//www.cnn.com/&rp=&ts=compact&rnd=1780359788958&ja=1” was blocked because we are blocking all third-party storage access requests and Enhanced Tracking Protection is enabled."]
06-01 20:23:09.680  1548  1564 W Isolated Web Content: [JavaScript Warning: "Cookie “u=aHR0cHM6Ly93d3cuY25uLmNvbS8%3D; expires=Tue, 02 Jun 2026 00:23:24 GMT; domain=ml314.com; path=/;SameSite=None; secure” has been rejected as third-party." {file: "https://ml314.com/utsync.ashx?et=0&eid=64240&ct=js&pi=3517396341521645634&fp=YOUR_USER_ID&cp=https%3A%2F%2Fwww.cnn.com%2F&pv=1780359789384_xvd1oidz8&bl=en-us&cb=4327428&si=1780359778340_xpnnbpbq6&s=384x832&nc=1&v=2.8.2.257-lw&gpp=DBABLA~BVQqAAAAAABY.QA&gpp_sid=7" line: 0}]
06-01 20:23:09.680  1548  1564 W Isolated Web Content: [JavaScript Warning: "Cookie “pi=3517396341521645634; expires=Wed, 02 Jun 2027 00:23:09 GMT; domain=ml314.com; path=/; secure; samesite=none; httponly” has been rejected as third-party." {file: "https://ml314.com/utsync.ashx?et=0&eid=64240&ct=js&pi=3517396341521645634&fp=YOUR_USER_ID&cp=https%3A%2F%2Fwww.cnn.com%2F&pv=1780359789384_xvd1oidz8&bl=en-us&cb=4327428&si=1780359778340_xpnnbpbq6&s=384x832&nc=1&v=2.8.2.257-lw&gpp=DBABLA~BVQqAAAAAABY.QA&gpp_sid=7" line: 0}]
06-01 20:23:09.680  1548  1564 W Isolated Web Content: [JavaScript Warning: "Cookie “tp=9%253B06%252F02%252F2026%2B00%253A23%253A09; expires=Tue, 16 Jun 2026 00:23:09 GMT; domain=ml314.com; path=/;SameSite=None; secure” has been rejected as third-party." {file: "https://ml314.com/utsync.ashx?et=0&eid=64240&ct=js&pi=3517396341521645634&fp=YOUR_USER_ID&cp=https%3A%2F%2Fwww.cnn.com%2F&pv=1780359789384_xvd1oidz8&bl=en-us&cb=4327428&si=1780359778340_xpnnbpbq6&s=384x832&nc=1&v=2.8.2.257-lw&gpp=DBABLA~BVQqAAAAAABY.QA&gpp_sid=7" line: 0}]
06-01 20:23:09.680  1548  1564 W Isolated Web Content: [JavaScript Warning: "Cookie “” has been rejected as third-party." {file: "https://securepubads.g.doubleclick.net/pagead/managed/js/gpt/m202605260101/pubads_impl.js" line: 0}]
06-01 20:23:09.680  1548  1564 W Isolated Web Content: [JavaScript Warning: "Request to access cookie or storage on “https://ml314.com/utsync.ashx?et=0&eid=64240&ct=js&pi=3517396341521645634&fp=YOUR_USER_ID&cp=https%3A%2F%2Fwww.cnn.com%2F&pv=1780359789384_xvd1oidz8&bl=en-us&cb=4327428&si=1780359778340_xpnnbpbq6&s=384x832&nc=1&v=2.8.2.257-lw&gpp=DBABLA~BVQqAAAAAABY.QA&gpp_sid=7” was blocked because we are blocking all third-party storage access requests and Enhanced Tracking Protection is enabled."]
06-01 20:23:09.680  1548  1564 W Isolated Web Content: [JavaScript Warning: "Request to access cookie or storage on “https://ml314.com/utsync.ashx?et=0&eid=64240&ct=js&pi=3517396341521645634&fp=YOUR_USER_ID&cp=https%3A%2F%2Fwww.cnn.com%2F&pv=1780359789384_xvd1oidz8&bl=en-us&cb=4327428&si=1780359778340_xpnnbpbq6&s=384x832&nc=1&v=2.8.2.257-lw&gpp=DBABLA~BVQqAAAAAABY.QA&gpp_sid=7” was blocked because we are blocking all third-party storage access requests and Enhanced Tracking Protection is enabled."]
06-01 20:23:09.680  1548  1564 W Isolated Web Content: [JavaScript Warning: "Request to access cookie or storage on “https://ml314.com/utsync.ashx?et=0&eid=64240&ct=js&pi=3517396341521645634&fp=YOUR_USER_ID&cp=https%3A%2F%2Fwww.cnn.com%2F&pv=1780359789384_xvd1oidz8&bl=en-us&cb=4327428&si=1780359778340_xpnnbpbq6&s=384x832&nc=1&v=2.8.2.257-lw&gpp=DBABLA~BVQqAAAAAABY.QA&gpp_sid=7” was blocked because we are blocking all third-party storage access requests and Enhanced Tracking Protection is enabled."]
06-01 20:23:09.680  1548  1564 W Isolated Web Content: [JavaScript Warning: "Request to access cookie or storage on “https://securepubads.g.doubleclick.net/pagead/managed/js/gpt/m202605260101/pubads_impl.js” was blocked because we are blocking all third-party storage access requests and Enhanced Tracking Protection is enabled."]
06-01 20:23:09.684  1548  1564 W Isolated Web Content: [JavaScript Warning: "Cookie “” has been rejected as third-party." {file: "https://btloader.com/trustedIframe.html?o=5762268746743808&upapi=true" line: 0}]
06-01 20:23:09.685  1548  1564 W Isolated Web Content: [JavaScript Warning: "Cookie “” has been rejected as third-party." {file: "https://btloader.com/trustedIframe.html?o=5762268746743808&upapi=true" line: 0}]
06-01 20:23:09.687  1548  1564 W Isolated Web Content: [JavaScript Warning: "Cookie “” has been rejected as third-party." {file: "https://cdn.cxense.com/cx.cce.js" line: 0}]
06-01 20:23:09.687  1548  1564 W Isolated Web Content: [JavaScript Warning: "Cookie “” has been rejected as third-party." {file: "https://c2.piano.io/xbuilder/experience/execute?aid=RCoM2QBLpu" line: 0}]
06-01 20:23:09.687  1548  1564 W Isolated Web Content: [JavaScript Warning: "Request to access cookie or storage on “https://c2.piano.io/xbuilder/experience/execute?aid=RCoM2QBLpu” was blocked because we are blocking all third-party storage access requests and Enhanced Tracking Protection is enabled."]
06-01 20:23:09.687  1548  1564 W Isolated Web Content: [JavaScript Warning: "Cookie “” has been rejected as third-party." {file: "https://secure.cdn.fastclick.net/js/pubcid/latest/pubcid.min.js" line: 0}]
06-01 20:23:09.688  1548  1564 W Isolated Web Content: [JavaScript Warning: "Cookie “__cf_bm=ARbVfbYQErk3WxSETasbC6PbQ2BxmkMjU5BvxTS8VLk-1780359789.7232041-1.0.1.1-adGNpnO4h4HpM6lZH0QPQy35uFAu20pH5ShjVvPlnAYAyWJudJ.DEElKS8lHUAwUnRqwL.chh3._Zmn_v2hHj3is55Hx7APeVJ_SXEnjGxLPyt0JmbS3Q7WISnofT2eh; HttpOnly; SameSite=None; Secure; Path=/; Domain=piano.io; Expires=Tue, 02 Jun 2026 00:53:09 GMT” has been rejected as third-party." {file: "https://c2.piano.io/xbuilder/experience/execute?aid=RCoM2QBLpu" line: 0}]
06-01 20:23:09.688  1548  1564 W Isolated Web Content: [JavaScript Warning: "Request to access cookie or storage on “https://c2.piano.io/xbuilder/experience/execute?aid=RCoM2QBLpu” was blocked because we are blocking all third-party storage access requests and Enhanced Tracking Protection is enabled."]
06-01 20:23:09.688  1548  1564 W Isolated Web Content: [JavaScript Warning: "Cookie “” has been rejected as third-party." {file: "https://config.aps.amazon-adsystem.com/configs/3159" line: 0}]
06-01 20:23:09.690   999   999 W View    : requestLayout() improperly called by helium314.keyboard.latin.panels.BrowserPanelView{dad5042 V.E...... ......I. 0,0-1440,2040} during layout: running second layout pass
06-01 20:23:09.690  1548  1564 W Isolated Web Content: [JavaScript Warning: "Cookie “” has been rejected as third-party." {file: "https://registry.api.cnn.io/bundles/fave/vendor-b9ed4bce/vendor" line: 0}]
06-01 20:23:09.691  1548  1564 W Isolated Web Content: [JavaScript Warning: "Cookie “” has been rejected as third-party." {file: "https://registry.api.cnn.io/bundles/fave/4.43.1/app" line: 0}]
06-01 20:23:09.694   999   999 W View    : requestLayout() improperly called by helium314.keyboard.latin.panels.BrowserPanelView{dad5042 V.E...... ........ 0,0-1440,2040} during second layout pass: posting in next frame
06-01 20:23:09.701  1548  1564 W Isolated Web Content: [JavaScript Warning: "Cookie “” has been rejected as third-party." {file: "https://fonts.googleapis.com/css2?family=Roboto:wght@400;700&display=swap" line: 0}]
06-01 20:23:09.703  1548  1564 W Isolated Web Content: [JavaScript Warning: "Cookie “” has been rejected as third-party." {file: "https://assets.bounceexchange.com/assets/smart-tag/versioned/main-v2_cfab5d00912c80a3941dfd768ed12a3c.br.js" line: 0}]
06-01 20:23:09.706   999   999 W View    : requestLayout() improperly called by helium314.keyboard.latin.panels.BrowserPanelView{dad5042 V.E...... ......I. 0,0-1440,2040} during layout: running second layout pass
06-01 20:23:09.710   999   999 W View    : requestLayout() improperly called by helium314.keyboard.latin.panels.BrowserPanelView{dad5042 V.E...... ........ 0,0-1440,2040} during second layout pass: posting in next frame
06-01 20:23:09.723   999   999 W View    : requestLayout() improperly called by helium314.keyboard.latin.panels.BrowserPanelView{dad5042 V.E...... ......I. 0,0-1440,2040} during layout: running second layout pass
06-01 20:23:09.728   999   999 W View    : requestLayout() improperly called by helium314.keyboard.latin.panels.BrowserPanelView{dad5042 V.E...... ........ 0,0-1440,2040} during second layout pass: posting in next frame
06-01 20:23:09.739   999   999 W View    : requestLayout() improperly called by helium314.keyboard.latin.panels.BrowserPanelView{dad5042 V.E...... ......I. 0,0-1440,2040} during layout: running second layout pass
06-01 20:23:09.744   999   999 W View    : requestLayout() improperly called by helium314.keyboard.latin.panels.BrowserPanelView{dad5042 V.E...... ........ 0,0-1440,2040} during second layout pass: posting in next frame
06-01 20:23:09.748  1548  1564 W Isolated Web Content: [JavaScript Warning: "Cookie “” has been rejected as third-party." {file: "https://assets.bounceexchange.com/assets/smart-tag/versioned/cjs_min_0fb2e79d6d9d9c1e8f577a3a805350a8.js" line: 0}]
06-01 20:23:09.748  1548  1564 W Isolated Web Content: [JavaScript Warning: "Cookie “” has been rejected as third-party." {file: "https://sb.scorecardresearch.com/b?c1=2&c2=6035748&cs_fpcu=91084c3ed2af48798836a9581f25e9ac&cs_it=m1&cv=4.13.1%2B2508250908&ns__t=1780359789707&ns_c=UTF-8&cs_cfg=1101110&cs_gpc=0&cs_ucfr=1&cs_ucc=1&cs_cmp_id=1&gpp_ssv=1&gpp_gpc=0&gpp_oos=222&gpp_oon=1X11100&gpp_sdp=0000000000000000&gpp_pdc=0&gpp_cdc=000&gpp_mct=1&gpp_mom=1&gpp_msm=2&cs_cmp_ie=10&cs_cmp_rt=0&cs_cmp_av=1.1&gpp_sid=7&gpp_smv=1.1&c7=https%3A%2F%2Fwww.cnn.com%2F&c8=Breaking%20News%2C%20Latest%20News%20and%20Videos%20%7C%20CNN&c9=" line: 0}]
06-01 20:23:09.749  1548  1564 W Isolated Web Content: [JavaScript Warning: "Request to access cookie or storage on “https://config.aps.amazon-adsystem.com/configs/3159” was blocked because we are blocking all third-party storage access requests and Enhanced Tracking Protection is enabled."]
06-01 20:23:09.749  1548  1564 W Isolated Web Content: [JavaScript Warning: "Request to access cookie or storage on “https://assets.bounceexchange.com/assets/smart-tag/versioned/main-v2_cfab5d00912c80a3941dfd768ed12a3c.br.js” was blocked because we are blocking all third-party storage access requests and Enhanced Tracking Protection is enabled."]
06-01 20:23:09.749  1548  1564 W Isolated Web Content: [JavaScript Warning: "Request to access cookie or storage on “https://assets.bounceexchange.com/assets/smart-tag/versioned/cjs_min_0fb2e79d6d9d9c1e8f577a3a805350a8.js” was blocked because we are blocking all third-party storage access requests and Enhanced Tracking Protection is enabled."]
06-01 20:23:09.750  1548  1564 W Isolated Web Content: [JavaScript Warning: "Cookie “” has been rejected as third-party." {file: "https://cdn.cxense.com/cx.js" line: 0}]
06-01 20:23:09.750  1548  1564 W Isolated Web Content: [JavaScript Warning: "Cookie “UID=15F655efa641e33e828f4a91780359789; domain=.scorecardresearch.com; path=/; max-age=33696000” has been rejected as third-party." {file: "https://sb.scorecardresearch.com/b?c1=2&c2=6035748&cs_fpcu=91084c3ed2af48798836a9581f25e9ac&cs_it=m1&cv=4.13.1%2B2508250908&ns__t=1780359789707&ns_c=UTF-8&cs_cfg=1101110&cs_gpc=0&cs_ucfr=1&cs_ucc=1&cs_cmp_id=1&gpp_ssv=1&gpp_gpc=0&gpp_oos=222&gpp_oon=1X11100&gpp_sdp=0000000000000000&gpp_pdc=0&gpp_cdc=000&gpp_mct=1&gpp_mom=1&gpp_msm=2&cs_cmp_ie=10&cs_cmp_rt=0&cs_cmp_av=1.1&gpp_sid=7&gpp_smv=1.1&c7=https%3A%2F%2Fwww.cnn.com%2F&c8=Breaking%20News%2C%20Latest%20News%20and%20Videos%20%7C%20CNN&c9=" line: 0}]
06-01 20:23:09.750  1548  1564 W Isolated Web Content: [JavaScript Warning: "Request to access cookie or storage on “https://sb.scorecardresearch.com/b?c1=2&c2=6035748&cs_fpcu=91084c3ed2af48798836a9581f25e9ac&cs_it=m1&cv=4.13.1%2B2508250908&ns__t=1780359789707&ns_c=UTF-8&cs_cfg=1101110&cs_gpc=0&cs_ucfr=1&cs_ucc=1&cs_cmp_id=1&gpp_ssv=1&gpp_gpc=0&gpp_oos=222&gpp_oon=1X11100&gpp_sdp=0000000000000000&gpp_pdc=0&gpp_cdc=000&gpp_mct=1&gpp_mom=1&gpp_msm=2&cs_cmp_ie=10&cs_cmp_rt=0&cs_cmp_av=1.1&gpp_sid=7&gpp_smv=1.1&c7=https%3A%2F%2Fwww.cnn.com%2F&c8=Breaking%20News%2C%20Latest%20News%20and%20Videos%20%7C%20CNN&c9=” was blocked because we are blocking all third-party storage access requests and Enhanced Tracking Protection is enabled."]
06-01 20:23:09.758   999   999 W View    : requestLayout() improperly called by helium314.keyboard.latin.panels.BrowserPanelView{dad5042 V.E...... ......I. 0,0-1440,2040} during layout: running second layout pass
06-01 20:23:09.763   999   999 W View    : requestLayout() improperly called by helium314.keyboard.latin.panels.BrowserPanelView{dad5042 V.E...... ........ 0,0-1440,2040} during second layout pass: posting in next frame
06-01 20:23:09.772   999   999 W View    : requestLayout() improperly called by helium314.keyboard.latin.panels.BrowserPanelView{dad5042 V.E...... ......I. 0,0-1440,2040} during layout: running second layout pass
06-01 20:23:09.777   999   999 W View    : requestLayout() improperly called by helium314.keyboard.latin.panels.BrowserPanelView{dad5042 V.E...... ........ 0,0-1440,2040} during second layout pass: posting in next frame
06-01 20:23:09.790   999   999 W View    : requestLayout() improperly called by helium314.keyboard.latin.panels.BrowserPanelView{dad5042 V.E...... ......I. 0,0-1440,2040} during layout: running second layout pass
06-01 20:23:09.793   999   999 W View    : requestLayout() improperly called by helium314.keyboard.latin.panels.BrowserPanelView{dad5042 V.E...... ........ 0,0-1440,2040} during second layout pass: posting in next frame
06-01 20:23:09.808   999   999 W View    : requestLayout() improperly called by helium314.keyboard.latin.panels.BrowserPanelView{dad5042 V.E...... ......I. 0,0-1440,2040} during layout: running second layout pass
06-01 20:23:09.815   999   999 W View    : requestLayout() improperly called by helium314.keyboard.latin.panels.BrowserPanelView{dad5042 V.E...... ........ 0,0-1440,2040} during second layout pass: posting in next frame
06-01 20:23:09.824   999   999 W View    : requestLayout() improperly called by helium314.keyboard.latin.panels.BrowserPanelView{dad5042 V.E...... ......I. 0,0-1440,2040} during layout: running second layout pass
06-01 20:23:09.831   999   999 W View    : requestLayout() improperly called by helium314.keyboard.latin.panels.BrowserPanelView{dad5042 V.E...... ........ 0,0-1440,2040} during second layout pass: posting in next frame
06-01 20:23:09.836  1548  1564 E Isolated Web Content: [JavaScript Error: "Cookie “_cookie_test” has been rejected for invalid domain." {file: "https://www.cnn.com/" line: 0}]
06-01 20:23:09.836  1548  1564 E Isolated Web Content: [JavaScript Error: "Cookie “_cookie_test” has been rejected for invalid domain." {file: "https://www.cnn.com/" line: 0}]
06-01 20:23:09.839  1548  1564 E Isolated Web Content: [JavaScript Error: "Cookie “_cookie_test” has been rejected for invalid domain." {file: "https://www.cnn.com/" line: 0}]
06-01 20:23:09.839  1548  1564 E Isolated Web Content: [JavaScript Error: "Cookie “_cookie_test” has been rejected for invalid domain." {file: "https://www.cnn.com/" line: 0}]
06-01 20:23:09.840   999   999 W View    : requestLayout() improperly called by helium314.keyboard.latin.panels.BrowserPanelView{dad5042 V.E...... ......I. 0,0-1440,2040} during layout: running second layout pass
06-01 20:23:09.845   999   999 W View    : requestLayout() improperly called by helium314.keyboard.latin.panels.BrowserPanelView{dad5042 V.E...... ........ 0,0-1440,2040} during second layout pass: posting in next frame
06-01 20:23:09.856   999   999 W View    : requestLayout() improperly called by helium314.keyboard.latin.panels.BrowserPanelView{dad5042 V.E...... ......I. 0,0-1440,2040} during layout: running second layout pass
06-01 20:23:09.860   999   999 W View    : requestLayout() improperly called by helium314.keyboard.latin.panels.BrowserPanelView{dad5042 V.E...... ........ 0,0-1440,2040} during second layout pass: posting in next frame
06-01 20:23:09.874   999   999 W View    : requestLayout() improperly called by helium314.keyboard.latin.panels.BrowserPanelView{dad5042 V.E...... ......I. 0,0-1440,2040} during layout: running second layout pass
06-01 20:23:09.878   999   999 W View    : requestLayout() improperly called by helium314.keyboard.latin.panels.BrowserPanelView{dad5042 V.E...... ........ 0,0-1440,2040} during second layout pass: posting in next frame
06-01 20:23:09.883  1548  1564 W Isolated Web Content: [JavaScript Warning: "Cookie “” has been rejected as third-party." {file: "https://sb.scorecardresearch.com/b2?c1=2&c2=6035748&cs_fpcu=91084c3ed2af48798836a9581f25e9ac&cs_it=m1&cv=4.13.1%2B2508250908&ns__t=1780359789707&ns_c=UTF-8&cs_cfg=1101110&cs_gpc=0&cs_ucfr=1&cs_ucc=1&cs_cmp_id=1&gpp_ssv=1&gpp_gpc=0&gpp_oos=222&gpp_oon=1X11100&gpp_sdp=0000000000000000&gpp_pdc=0&gpp_cdc=000&gpp_mct=1&gpp_mom=1&gpp_msm=2&cs_cmp_ie=10&cs_cmp_rt=0&cs_cmp_av=1.1&gpp_sid=7&gpp_smv=1.1&c7=https%3A%2F%2Fwww.cnn.com%2F&c8=Breaking%20News%2C%20Latest%20News%20and%20Videos%20%7C%20CNN&c9=" line: 0}]
06-01 20:23:09.890   999   999 W View    : requestLayout() improperly called by helium314.keyboard.latin.panels.BrowserPanelView{dad5042 V.E...... ......I. 0,0-1440,2040} during layout: running second layout pass
06-01 20:23:09.896   999   999 W View    : requestLayout() improperly called by helium314.keyboard.latin.panels.BrowserPanelView{dad5042 V.E...... ........ 0,0-1440,2040} during second layout pass: posting in next frame
06-01 20:23:09.906   999   999 W View    : requestLayout() improperly called by helium314.keyboard.latin.panels.BrowserPanelView{dad5042 V.E...... ......I. 0,0-1440,2040} during layout: running second layout pass
06-01 20:23:09.909  1548  1564 E Isolated Web Content: [JavaScript Error: "Cookie “_cookie_test” has been rejected for invalid domain." {file: "https://www.cnn.com/" line: 0}]
06-01 20:23:09.909  1548  1564 E Isolated Web Content: [JavaScript Error: "Cookie “_cookie_test” has been rejected for invalid domain." {file: "https://www.cnn.com/" line: 0}]
06-01 20:23:09.911   999   999 W View    : requestLayout() improperly called by helium314.keyboard.latin.panels.BrowserPanelView{dad5042 V.E...... ........ 0,0-1440,2040} during second layout pass: posting in next frame
06-01 20:23:09.924   999   999 W View    : requestLayout() improperly called by helium314.keyboard.latin.panels.BrowserPanelView{dad5042 V.E...... ......I. 0,0-1440,2040} during layout: running second layout pass
06-01 20:23:09.928   999   999 W View    : requestLayout() improperly called by helium314.keyboard.latin.panels.BrowserPanelView{dad5042 V.E...... ........ 0,0-1440,2040} during second layout pass: posting in next frame
06-01 20:23:09.940   999   999 W View    : requestLayout() improperly called by helium314.keyboard.latin.panels.BrowserPanelView{dad5042 V.E...... ......I. 0,0-1440,2040} during layout: running second layout pass
06-01 20:23:09.944   999   999 W View    : requestLayout() improperly called by helium314.keyboard.latin.panels.BrowserPanelView{dad5042 V.E...... ........ 0,0-1440,2040} during second layout pass: posting in next frame
06-01 20:23:09.947  1548  1564 W Isolated Web Content: [JavaScript Warning: "Cookie “” has been rejected as third-party." {file: "https://lightning.warnermediacdn.com/cdp/psmtk/getcdpid.html" line: 0}]
06-01 20:23:09.957   999   999 W View    : requestLayout() improperly called by helium314.keyboard.latin.panels.BrowserPanelView{dad5042 V.E...... ......I. 0,0-1440,2040} during layout: running second layout pass
06-01 20:23:09.960   999   999 W View    : requestLayout() improperly called by helium314.keyboard.latin.panels.BrowserPanelView{dad5042 V.E...... ........ 0,0-1440,2040} during second layout pass: posting in next frame
06-01 20:23:09.974   999   999 W View    : requestLayout() improperly called by helium314.keyboard.latin.panels.BrowserPanelView{dad5042 V.E...... ......I. 0,0-1440,2040} during layout: running second layout pass
06-01 20:23:09.979   999   999 W View    : requestLayout() improperly called by helium314.keyboard.latin.panels.BrowserPanelView{dad5042 V.E...... ........ 0,0-1440,2040} during second layout pass: posting in next frame
06-01 20:23:09.987  1548  1564 W Isolated Web Content: [JavaScript Warning: "Cookie “” has been rejected as third-party." {file: "https://assets.bounceexchange.com/assets/smart-tag/versioned/inbox-v2_f73dad2942eb5f670a0dcf2df7b37067.br.js" line: 0}]
06-01 20:23:09.987  1548  1564 W Isolated Web Content: [JavaScript Warning: "Request to access cookie or storage on “https://assets.bounceexchange.com/assets/smart-tag/versioned/inbox-v2_f73dad2942eb5f670a0dcf2df7b37067.br.js” was blocked because we are blocking all third-party storage access requests and Enhanced Tracking Protection is enabled."]
06-01 20:23:09.987  1548  1564 W Isolated Web Content: [JavaScript Warning: "Cookie “” has been rejected as third-party." {file: "https://assets.bounceexchange.com/assets/smart-tag/versioned/onsite-v2_1238d00d70e4de87443df9eb69ff1a61.br.js" line: 0}]
06-01 20:23:09.987  1548  1564 W Isolated Web Content: [JavaScript Warning: "Cookie “” has been rejected as third-party." {file: "https://assets.bounceexchange.com/assets/smart-tag/versioned/ads-v2_a591f0b98e9e000ec2d396ab273eba50.br.js" line: 0}]
06-01 20:23:09.988  1548  1564 W Isolated Web Content: [JavaScript Warning: "Request to access cookie or storage on “https://assets.bounceexchange.com/assets/smart-tag/versioned/onsite-v2_1238d00d70e4de87443df9eb69ff1a61.br.js” was blocked because we are blocking all third-party storage access requests and Enhanced Tracking Protection is enabled."]
06-01 20:23:09.988  1548  1564 W Isolated Web Content: [JavaScript Warning: "Request to access cookie or storage on “https://assets.bounceexchange.com/assets/smart-tag/versioned/ads-v2_a591f0b98e9e000ec2d396ab273eba50.br.js” was blocked because we are blocking all third-party storage access requests and Enhanced Tracking Protection is enabled."]
06-01 20:23:09.990   999   999 W View    : requestLayout() improperly called by helium314.keyboard.latin.panels.BrowserPanelView{dad5042 V.E...... ......I. 0,0-1440,2040} during layout: running second layout pass
06-01 20:23:09.996   999   999 W View    : requestLayout() improperly called by helium314.keyboard.latin.panels.BrowserPanelView{dad5042 V.E...... ........ 0,0-1440,2040} during second layout pass: posting in next frame
06-01 20:23:10.008   999   999 W View    : requestLayout() improperly called by helium314.keyboard.latin.panels.BrowserPanelView{dad5042 V.E...... ......I. 0,0-1440,2040} during layout: running second layout pass
06-01 20:23:10.014   999   999 W View    : requestLayout() improperly called by helium314.keyboard.latin.panels.BrowserPanelView{dad5042 V.E...... ........ 0,0-1440,2040} during second layout pass: posting in next frame
06-01 20:23:10.023   999   999 W View    : requestLayout() improperly called by helium314.keyboard.latin.panels.BrowserPanelView{dad5042 V.E...... ......I. 0,0-1440,2040} during layout: running second layout pass
06-01 20:23:10.027   999   999 W View    : requestLayout() improperly called by helium314.keyboard.latin.panels.BrowserPanelView{dad5042 V.E...... ........ 0,0-1440,2040} during second layout pass: posting in next frame
06-01 20:23:10.040   999   999 W View    : requestLayout() improperly called by helium314.keyboard.latin.panels.BrowserPanelView{dad5042 V.E...... ......I. 0,0-1440,2040} during layout: running second layout pass
06-01 20:23:10.040  2075  2075 E .keyboard:tab2: Unknown bits set in runtime_flags: 0x40000000
06-01 20:23:10.044   999   999 W View    : requestLayout() improperly called by helium314.keyboard.latin.panels.BrowserPanelView{dad5042 V.E...... ........ 0,0-1440,2040} during second layout pass: posting in next frame
06-01 20:23:10.056   999   999 W View    : requestLayout() improperly called by helium314.keyboard.latin.panels.BrowserPanelView{dad5042 V.E...... ......I. 0,0-1440,2040} during layout: running second layout pass
06-01 20:23:10.059   999   999 W View    : requestLayout() improperly called by helium314.keyboard.latin.panels.BrowserPanelView{dad5042 V.E...... ........ 0,0-1440,2040} during second layout pass: posting in next frame
06-01 20:23:10.078   999   999 W View    : requestLayout() improperly called by helium314.keyboard.latin.panels.BrowserPanelView{dad5042 V.E...... ......I. 0,0-1440,2040} during layout: running second layout pass
06-01 20:23:10.081   999   999 W View    : requestLayout() improperly called by helium314.keyboard.latin.panels.BrowserPanelView{dad5042 V.E...... ........ 0,0-1440,2040} during second layout pass: posting in next frame
06-01 20:23:10.086  1548  1564 E Isolated Web Content: [JavaScript Error: "Cookie “_gd1780359790085_sharedId” has been rejected for invalid domain." {file: "https://www.cnn.com/" line: 0}]
06-01 20:23:10.086  1548  1564 E Isolated Web Content: [JavaScript Error: "Cookie “_gd1780359790085_sharedId” has been rejected for invalid domain." {file: "https://www.cnn.com/" line: 0}]
06-01 20:23:10.091   999   999 W View    : requestLayout() improperly called by helium314.keyboard.latin.panels.BrowserPanelView{dad5042 V.E...... ......ID 0,0-1440,2040} during layout: running second layout pass
06-01 20:23:10.092  1548  1564 E Isolated Web Content: [JavaScript Error: "Cookie “_gd1780359790091_sharedId” has been rejected for invalid domain." {file: "https://www.cnn.com/" line: 0}]
06-01 20:23:10.092  1548  1564 E Isolated Web Content: [JavaScript Error: "Cookie “_gd1780359790091_sharedId” has been rejected for invalid domain." {file: "https://www.cnn.com/" line: 0}]
06-01 20:23:10.094   999   999 W View    : requestLayout() improperly called by helium314.keyboard.latin.panels.BrowserPanelView{dad5042 V.E...... ........ 0,0-1440,2040} during second layout pass: posting in next frame
06-01 20:23:10.100  1548  1564 W Isolated Web Content: [JavaScript Warning: "Cookie “” has been rejected as third-party." {file: "https://match.adsrvr.org/track/rid?ttd_pid=5mvoddd&fmt=json" line: 0}]
06-01 20:23:10.100  1548  1564 W Isolated Web Content: [JavaScript Warning: "Request to access cookie or storage on “https://match.adsrvr.org/track/rid?ttd_pid=5mvoddd&fmt=json” was blocked because we are blocking all third-party storage access requests and Enhanced Tracking Protection is enabled."]
06-01 20:23:10.107   999   999 W View    : requestLayout() improperly called by helium314.keyboard.latin.panels.BrowserPanelView{dad5042 V.E...... ......ID 0,0-1440,2040} during layout: running second layout pass
06-01 20:23:10.109  2075  2122 E GeckoLibLoad: Load sqlite start
06-01 20:23:10.110  2075  2122 E GeckoLibLoad: Load sqlite done
06-01 20:23:10.110  2075  2122 E GeckoLibLoad: Load nss start
06-01 20:23:10.110  2075  2122 E GeckoLibLoad: Load nss done
06-01 20:23:10.111   999   999 W View    : requestLayout() improperly called by helium314.keyboard.latin.panels.BrowserPanelView{dad5042 V.E...... ........ 0,0-1440,2040} during second layout pass: posting in next frame
06-01 20:23:10.119  2075  2122 E GeckoLibLoad: Loaded libs in 9.133489ms total, 1ms(0ms) user, 4ms(8ms) system, 0(0) faults
06-01 20:23:10.120  2075  2122 W GeckoThread: zerdatime 36632981 - runGecko
06-01 20:23:10.125   999   999 W View    : requestLayout() improperly called by helium314.keyboard.latin.panels.BrowserPanelView{dad5042 V.E...... ......ID 0,0-1440,2040} during layout: running second layout pass
06-01 20:23:10.128   999   999 W View    : requestLayout() improperly called by helium314.keyboard.latin.panels.BrowserPanelView{dad5042 V.E...... ........ 0,0-1440,2040} during second layout pass: posting in next frame
06-01 20:23:10.143   999   999 W View    : requestLayout() improperly called by helium314.keyboard.latin.panels.BrowserPanelView{dad5042 V.E...... ......ID 0,0-1440,2040} during layout: running second layout pass
06-01 20:23:10.149   999   999 W View    : requestLayout() improperly called by helium314.keyboard.latin.panels.BrowserPanelView{dad5042 V.E...... .......D 0,0-1440,2040} during second layout pass: posting in next frame
06-01 20:23:10.158   999   999 W View    : requestLayout() improperly called by helium314.keyboard.latin.panels.BrowserPanelView{dad5042 V.E...... ......ID 0,0-1440,2040} during layout: running second layout pass
06-01 20:23:10.162   999   999 W View    : requestLayout() improperly called by helium314.keyboard.latin.panels.BrowserPanelView{dad5042 V.E...... ........ 0,0-1440,2040} during second layout pass: posting in next frame
06-01 20:23:10.174   999   999 W View    : requestLayout() improperly called by helium314.keyboard.latin.panels.BrowserPanelView{dad5042 V.E...... ......ID 0,0-1440,2040} during layout: running second layout pass
06-01 20:23:10.179   999   999 W View    : requestLayout() improperly called by helium314.keyboard.latin.panels.BrowserPanelView{dad5042 V.E...... ........ 0,0-1440,2040} during second layout pass: posting in next frame
06-01 20:23:10.190   999   999 W View    : requestLayout() improperly called by helium314.keyboard.latin.panels.BrowserPanelView{dad5042 V.E...... ......ID 0,0-1440,2040} during layout: running second layout pass
06-01 20:23:10.195   999   999 W View    : requestLayout() improperly called by helium314.keyboard.latin.panels.BrowserPanelView{dad5042 V.E...... ........ 0,0-1440,2040} during second layout pass: posting in next frame
06-01 20:23:10.204  1548  1564 W Isolated Web Content: [JavaScript Warning: "Cookie “” has been rejected as third-party." {file: "https://lightning.warnermediacdn.com/cdp/psmtk/getcdpid.html" line: 0}]
06-01 20:23:10.208   999   999 W View    : requestLayout() improperly called by helium314.keyboard.latin.panels.BrowserPanelView{dad5042 V.E...... ......ID 0,0-1440,2040} during layout: running second layout pass
06-01 20:23:10.211   999   999 W View    : requestLayout() improperly called by helium314.keyboard.latin.panels.BrowserPanelView{dad5042 V.E...... ........ 0,0-1440,2040} during second layout pass: posting in next frame
06-01 20:23:10.226   999   999 W View    : requestLayout() improperly called by helium314.keyboard.latin.panels.BrowserPanelView{dad5042 V.E...... ......ID 0,0-1440,2040} during layout: running second layout pass
06-01 20:23:10.232   999   999 W View    : requestLayout() improperly called by helium314.keyboard.latin.panels.BrowserPanelView{dad5042 V.E...... ........ 0,0-1440,2040} during second layout pass: posting in next frame
06-01 20:23:10.241   999   999 W View    : requestLayout() improperly called by helium314.keyboard.latin.panels.BrowserPanelView{dad5042 V.E...... ......ID 0,0-1440,2040} during layout: running second layout pass
06-01 20:23:10.243  2075  2122 W Isolated Web Content: [JavaScript Warning: "Request to access cookie or storage on “https://lightning.warnermediacdn.com/cdp/psmtk/getcdpid.html” was blocked because we are blocking all third-party storage access requests and Enhanced Tracking Protection is enabled." {file: "https://lightning.warnermediacdn.com/cdp/psmtk/getcdpid.html" line: 38}]
06-01 20:23:10.249   999   999 W View    : requestLayout() improperly called by helium314.keyboard.latin.panels.BrowserPanelView{dad5042 V.E...... ........ 0,0-1440,2040} during second layout pass: posting in next frame
06-01 20:23:10.258   999   999 W View    : requestLayout() improperly called by helium314.keyboard.latin.panels.BrowserPanelView{dad5042 V.E...... ......ID 0,0-1440,2040} during layout: running second layout pass
06-01 20:23:10.263   999   999 W View    : requestLayout() improperly called by helium314.keyboard.latin.panels.BrowserPanelView{dad5042 V.E...... ........ 0,0-1440,2040} during second layout pass: posting in next frame
06-01 20:23:10.274   999   999 W View    : requestLayout() improperly called by helium314.keyboard.latin.panels.BrowserPanelView{dad5042 V.E...... ......ID 0,0-1440,2040} during layout: running second layout pass
06-01 20:23:10.278   999   999 W View    : requestLayout() improperly called by helium314.keyboard.latin.panels.BrowserPanelView{dad5042 V.E...... ........ 0,0-1440,2040} during second layout pass: posting in next frame
06-01 20:23:10.290   999   999 W View    : requestLayout() improperly called by helium314.keyboard.latin.panels.BrowserPanelView{dad5042 V.E...... ......ID 0,0-1440,2040} during layout: running second layout pass
06-01 20:23:10.294   999   999 W View    : requestLayout() improperly called by helium314.keyboard.latin.panels.BrowserPanelView{dad5042 V.E...... ........ 0,0-1440,2040} during second layout pass: posting in next frame
