--------- beginning of crash
07-02 17:14:38.915  7341  7890 F libc    : Fatal signal 7 (SIGBUS), code 2 (BUS_ADRERR), fault addr 0x71892c12b3 in tid 7890 (e), pid 7341 (ibekey.keyboard)
07-02 17:14:40.202 14407 14407 F DEBUG   : Process name is com.vibekey.keyboard, not key_process
07-02 17:14:40.202 14407 14407 F DEBUG   : keyProcess: 0
07-02 17:14:40.203 14407 14407 F DEBUG   : *** *** *** *** *** *** *** *** *** *** *** *** *** *** *** ***
07-02 17:14:40.203 14407 14407 F DEBUG   : Build fingerprint: 'OnePlus/OnePlus7Pro/OnePlus7Pro:12/SKQ1.211113.001/P.202303230244:user/release-keys'
07-02 17:14:40.203 14407 14407 F DEBUG   : Revision: '0'
07-02 17:14:40.203 14407 14407 F DEBUG   : ABI: 'arm64'
07-02 17:14:40.203 14407 14407 F DEBUG   : Timestamp: 2026-07-02 17:14:39.125837901-0400
07-02 17:14:40.203 14407 14407 F DEBUG   : Process uptime: 0s
07-02 17:14:40.203 14407 14407 F DEBUG   : Cmdline: com.vibekey.keyboard
07-02 17:14:40.203 14407 14407 F DEBUG   : pid: 7341, tid: 7890, name: e  >>> com.vibekey.keyboard <<<
07-02 17:14:40.203 14407 14407 F DEBUG   : uid: 14185
07-02 17:14:40.203 14407 14407 F DEBUG   : signal 7 (SIGBUS), code 2 (BUS_ADRERR), fault addr 0x71892c12b3
07-02 17:14:40.203 14407 14407 F DEBUG   :     x0  00000071892ab06c  x1  000000000004a8e8  x2  00000070cfe8bba4  x3  0000007120522bbc
07-02 17:14:40.203 14407 14407 F DEBUG   :     x4  b400007088462448  x5  00000070cfe8be58  x6  0000000000000064  x7  0000000000000064
07-02 17:14:40.203 14407 14407 F DEBUG   :     x8  0000000000000000  x9  000000000004a8e7  x10 0000000000016247  x11 0000000000016248
07-02 17:14:40.203 14407 14407 F DEBUG   :     x12 b40000709fd94000  x13 00000000ffffffec  x14 b4000070c79ebb08  x15 00000000358637bd
07-02 17:14:40.203 14407 14407 F DEBUG   :     x16 00000071205c3980  x17 00000071205222c8  x18 00000070a2034000  x19 00000070cfe8bbf8
07-02 17:14:40.203 14407 14407 F DEBUG   :     x20 00000070cfe8be10  x21 b400007182d82f00  x22 000000000004a8e8  x23 00000070cfe8df80
07-02 17:14:40.203 14407 14407 F DEBUG   :     x24 b400007088462400  x25 b400007182d82f10  x26 0000000000075080  x27 b40000708845e6c0
07-02 17:14:40.203 14407 14407 F DEBUG   :     x28 0000000000000000  x29 00000070cfe8bbb0
07-02 17:14:40.203 14407 14407 F DEBUG   :     lr  0000007120522c30  sp  00000070cfe8bba0  pc  00000071205222f8  pst 0000000020000000
07-02 17:14:40.203 14407 14407 F DEBUG   : backtrace:
07-02 17:14:40.203 14407 14407 F DEBUG   :       #00 pc 00000000000b62f8  /data/app/~~_KM4ofQpiReSFwfv-ZPqTw==/com.vibekey.keyboard-xw3uS-M3QDs3R0KoA1v10w==/lib/arm64/libjni_latinime.so (latinime::PatriciaTrieReadingUtils::getPtNodeArraySizeAndAdvancePosition(unsigned char const*, int, int*)+48) (BuildId: f905dbd1a904967a994cf833116e517b05caa863)
07-02 17:14:40.203 14407 14407 F DEBUG   :       #01 pc 00000000000b6c2c  /data/app/~~_KM4ofQpiReSFwfv-ZPqTw==/com.vibekey.keyboard-xw3uS-M3QDs3R0KoA1v10w==/lib/arm64/libjni_latinime.so (latinime::PatriciaTriePolicy::createAndGetAllChildDicNodes(latinime::DicNode const*, latinime::DicNodeVector*) const+112) (BuildId: f905dbd1a904967a994cf833116e517b05caa863)
07-02 17:14:40.203 14407 14407 F DEBUG   :       #02 pc 00000000000d598c  /data/app/~~_KM4ofQpiReSFwfv-ZPqTw==/com.vibekey.keyboard-xw3uS-M3QDs3R0KoA1v10w==/lib/arm64/libjni_latinime.so (latinime::Suggest::processDicNodeAsOmission(latinime::DicTraverseSession*, latinime::DicNode*) const+84) (BuildId: f905dbd1a904967a994cf833116e517b05caa863)
07-02 17:14:40.203 14407 14407 F DEBUG   :       #03 pc 00000000000d4a88  /data/app/~~_KM4ofQpiReSFwfv-ZPqTw==/com.vibekey.keyboard-xw3uS-M3QDs3R0KoA1v10w==/lib/arm64/libjni_latinime.so (latinime::Suggest::expandCurrentDicNodes(latinime::DicTraverseSession*) const+1732) (BuildId: f905dbd1a904967a994cf833116e517b05caa863)
07-02 17:14:40.203 14407 14407 F DEBUG   :       #04 pc 00000000000d3c0c  /data/app/~~_KM4ofQpiReSFwfv-ZPqTw==/com.vibekey.keyboard-xw3uS-M3QDs3R0KoA1v10w==/lib/arm64/libjni_latinime.so (latinime::Suggest::getSuggestions(latinime::ProximityInfo*, void*, int*, int*, int*, int*, int*, int, float, latinime::SuggestionResults*) const+504) (BuildId: f905dbd1a904967a994cf833116e517b05caa863)
07-02 17:14:40.203 14407 14407 F DEBUG   :       #05 pc 000000000009fd88  /data/app/~~_KM4ofQpiReSFwfv-ZPqTw==/com.vibekey.keyboard-xw3uS-M3QDs3R0KoA1v10w==/lib/arm64/libjni_latinime.so (BuildId: f905dbd1a904967a994cf833116e517b05caa863)
07-02 17:14:40.203 14407 14407 F DEBUG   :       #06 pc 00000000002b03a0  /apex/com.android.art/lib64/libart.so (art_quick_generic_jni_trampoline+144) (BuildId: 1f156fc62660d075a8d675db850b95d5)
07-02 17:14:40.203 14407 14407 F DEBUG   :       #07 pc 000000000072c828  /apex/com.android.art/lib64/libart.so (nterp_helper+1944) (BuildId: 1f156fc62660d075a8d675db850b95d5)
07-02 17:14:40.203 14407 14407 F DEBUG   :       #08 pc 000000000022355a  /data/app/~~_KM4ofQpiReSFwfv-ZPqTw==/com.vibekey.keyboard-xw3uS-M3QDs3R0KoA1v10w==/oat/arm64/base.vdex (com.android.inputmethod.latin.BinaryDictionary.q+614)
07-02 17:14:40.203 14407 14407 F DEBUG   :       #09 pc 000000000072cb98  /apex/com.android.art/lib64/libart.so (nterp_helper+2824) (BuildId: 1f156fc62660d075a8d675db850b95d5)
07-02 17:14:40.203 14407 14407 F DEBUG   :       #10 pc 00000000002232ae  /data/app/~~_KM4ofQpiReSFwfv-ZPqTw==/com.vibekey.keyboard-xw3uS-M3QDs3R0KoA1v10w==/oat/arm64/base.vdex (com.android.inputmethod.latin.BinaryDictionary.d+2)
07-02 17:14:40.203 14407 14407 F DEBUG   :       #11 pc 000000000072cb98  /apex/com.android.art/lib64/libart.so (nterp_helper+2824) (BuildId: 1f156fc62660d075a8d675db850b95d5)
07-02 17:14:40.203 14407 14407 F DEBUG   :       #12 pc 000000000069a80c  /data/app/~~_KM4ofQpiReSFwfv-ZPqTw==/com.vibekey.keyboard-xw3uS-M3QDs3R0KoA1v10w==/oat/arm64/base.vdex (r7.k.d+84)
07-02 17:14:40.203 14407 14407 F DEBUG   :       #13 pc 000000000072cb98  /apex/com.android.art/lib64/libart.so (nterp_helper+2824) (BuildId: 1f156fc62660d075a8d675db850b95d5)
07-02 17:14:40.203 14407 14407 F DEBUG   :       #14 pc 0000000000699932  /data/app/~~_KM4ofQpiReSFwfv-ZPqTw==/com.vibekey.keyboard-xw3uS-M3QDs3R0KoA1v10w==/oat/arm64/base.vdex (r7.e.d+150)
07-02 17:14:40.203 14407 14407 F DEBUG   :       #15 pc 000000000072cb98  /apex/com.android.art/lib64/libart.so (nterp_helper+2824) (BuildId: 1f156fc62660d075a8d675db850b95d5)
07-02 17:14:40.203 14407 14407 F DEBUG   :       #16 pc 00000000005f78e2  /data/app/~~_KM4ofQpiReSFwfv-ZPqTw==/com.vibekey.keyboard-xw3uS-M3QDs3R0KoA1v10w==/oat/arm64/base.vdex (l7.r.j+362)
07-02 17:14:40.203 14407 14407 F DEBUG   :       #17 pc 000000000072cb98  /apex/com.android.art/lib64/libart.so (nterp_helper+2824) (BuildId: 1f156fc62660d075a8d675db850b95d5)
07-02 17:14:40.203 14407 14407 F DEBUG   :       #18 pc 00000000005f71fc  /data/app/~~_KM4ofQpiReSFwfv-ZPqTw==/com.vibekey.keyboard-xw3uS-M3QDs3R0KoA1v10w==/oat/arm64/base.vdex (l7.r.i+252)
07-02 17:14:40.203 14407 14407 F DEBUG   :       #19 pc 000000000072cb98  /apex/com.android.art/lib64/libart.so (nterp_helper+2824) (BuildId: 1f156fc62660d075a8d675db850b95d5)
07-02 17:14:40.203 14407 14407 F DEBUG   :       #20 pc 00000000005f709c  /data/app/~~_KM4ofQpiReSFwfv-ZPqTw==/com.vibekey.keyboard-xw3uS-M3QDs3R0KoA1v10w==/oat/arm64/base.vdex (l7.r.h+148)
07-02 17:14:40.203 14407 14407 F DEBUG   :       #21 pc 000000000072cb98  /apex/com.android.art/lib64/libart.so (nterp_helper+2824) (BuildId: 1f156fc62660d075a8d675db850b95d5)
07-02 17:14:40.203 14407 14407 F DEBUG   :       #22 pc 00000000005fe592  /data/app/~~_KM4ofQpiReSFwfv-ZPqTw==/com.vibekey.keyboard-xw3uS-M3QDs3R0KoA1v10w==/oat/arm64/base.vdex (l7.w0.b+322)
07-02 17:14:40.203 14407 14407 F DEBUG   :       #23 pc 000000000072cb98  /apex/com.android.art/lib64/libart.so (nterp_helper+2824) (BuildId: 1f156fc62660d075a8d675db850b95d5)
07-02 17:14:40.203 14407 14407 F DEBUG   :       #24 pc 00000000006b24f2  /data/app/~~_KM4ofQpiReSFwfv-ZPqTw==/com.vibekey.keyboard-xw3uS-M3QDs3R0KoA1v10w==/oat/arm64/base.vdex (t7.b.l+1458)
07-02 17:14:40.203 14407 14407 F DEBUG   :       #25 pc 000000000072c884  /apex/com.android.art/lib64/libart.so (nterp_helper+2036) (BuildId: 1f156fc62660d075a8d675db850b95d5)
07-02 17:14:40.203 14407 14407 F DEBUG   :       #26 pc 00000000006af566  /data/app/~~_KM4ofQpiReSFwfv-ZPqTw==/com.vibekey.keyboard-xw3uS-M3QDs3R0KoA1v10w==/oat/arm64/base.vdex (t7.c.run+58)
07-02 17:14:40.203 14407 14407 F DEBUG   :       #27 pc 000000000072c884  /apex/com.android.art/lib64/libart.so (nterp_helper+2036) (BuildId: 1f156fc62660d075a8d675db850b95d5)
07-02 17:14:40.203 14407 14407 F DEBUG   :       #28 pc 00000000006af62a  /data/app/~~_KM4ofQpiReSFwfv-ZPqTw==/com.vibekey.keyboard-xw3uS-M3QDs3R0KoA1v10w==/oat/arm64/base.vdex (t7.e.handleMessage+18)
07-02 17:14:40.203 14407 14407 F DEBUG   :       #29 pc 000000000205a4f4  /memfd:jit-zygote-cache (deleted)
--------- beginning of system
07-02 17:14:42.136 14426 14426 E OplusCustomizeRestrictionManager: sInstance is null, start a new sInstance
07-02 17:14:44.393 14426 14462 F libc    : Fatal signal 7 (SIGBUS), code 2 (BUS_ADRERR), fault addr 0x723065500e in tid 14462 (e), pid 14426 (ibekey.keyboard)
07-02 17:14:45.874 14723 14723 F DEBUG   : Process name is com.vibekey.keyboard, not key_process
07-02 17:14:45.874 14723 14723 F DEBUG   : keyProcess: 0
07-02 17:14:45.874 14723 14723 F DEBUG   : *** *** *** *** *** *** *** *** *** *** *** *** *** *** *** ***
07-02 17:14:45.874 14723 14723 F DEBUG   : Build fingerprint: 'OnePlus/OnePlus7Pro/OnePlus7Pro:12/SKQ1.211113.001/P.202303230244:user/release-keys'
07-02 17:14:45.874 14723 14723 F DEBUG   : Revision: '0'
07-02 17:14:45.874 14723 14723 F DEBUG   : ABI: 'arm64'
07-02 17:14:45.874 14723 14723 F DEBUG   : Timestamp: 2026-07-02 17:14:44.692970034-0400
07-02 17:14:45.874 14723 14723 F DEBUG   : Process uptime: 0s
07-02 17:14:45.874 14723 14723 F DEBUG   : Cmdline: com.vibekey.keyboard
07-02 17:14:45.874 14723 14723 F DEBUG   : pid: 14426, tid: 14462, name: e  >>> com.vibekey.keyboard <<<
07-02 17:14:45.874 14723 14723 F DEBUG   : uid: 14185
07-02 17:14:45.874 14723 14723 F DEBUG   : signal 7 (SIGBUS), code 2 (BUS_ADRERR), fault addr 0x723065500e
07-02 17:14:45.874 14723 14723 F DEBUG   :     x0  000000723065406c  x1  0000000000000fa2  x2  000000000004a8e8  x3  b40000717e0ad0c8
07-02 17:14:45.874 14723 14723 F DEBUG   :     x4  b40000717e0ad0b0  x5  0000000000000000  x6  000000719f4dcb84  x7  000000719f4dcb80
07-02 17:14:45.874 14723 14723 F DEBUG   :     x8  000000719f4dcb7c  x9  000000000004a8e7  x10 000000719f4dcb78  x11 000000719f4dcb88
07-02 17:14:45.874 14723 14723 F DEBUG   :     x12 0000000000002649  x13 0000000000000049  x14 000000000000001f  x15 0000007230654fc6
07-02 17:14:45.874 14723 14723 F DEBUG   :     x16 0000007189becab0  x17 0000007189b4b734  x18 000000712a606000  x19 000000719f4def80
07-02 17:14:45.874 14723 14723 F DEBUG   :     x20 000000719f4def80  x21 000000719f4dcb6c  x22 000000719f4dcb70  x23 000000719f4dcb74
07-02 17:14:45.874 14723 14723 F DEBUG   :     x24 000000719f4dcb78  x25 000000719f4dcc90  x26 000000719f4dccc4  x27 0000000000000001
07-02 17:14:45.874 14723 14723 F DEBUG   :     x28 000000719f4dd278  x29 000000719f4dcad0
07-02 17:14:45.874 14723 14723 F DEBUG   :     lr  0000007189b4d984  sp  000000719f4dcac0  pc  0000007189b4b7b0  pst 0000000020000000
07-02 17:14:45.874 14723 14723 F DEBUG   : backtrace:
07-02 17:14:45.874 14723 14723 F DEBUG   :       #00 pc 00000000000b67b0  /data/app/~~_KM4ofQpiReSFwfv-ZPqTw==/com.vibekey.keyboard-xw3uS-M3QDs3R0KoA1v10w==/lib/arm64/libjni_latinime.so (latinime::PatriciaTrieReadingUtils::readPtNodeInfo(unsigned char const*, int, int, latinime::DictionaryShortcutsStructurePolicy const*, latinime::DictionaryBigramsStructurePolicy const*, int const*, unsigned char*, int*, int*, int*, int*, int*, int*, int*)+124) (BuildId: f905dbd1a904967a994cf833116e517b05caa863)
07-02 17:14:45.874 14723 14723 F DEBUG   :       #01 pc 00000000000b8980  /data/app/~~_KM4ofQpiReSFwfv-ZPqTw==/com.vibekey.keyboard-xw3uS-M3QDs3R0KoA1v10w==/lib/arm64/libjni_latinime.so (latinime::Ver2ParticiaTrieNodeReader::fetchPtNodeParamsInBufferFromPtNodePos(int) const+140) (BuildId: f905dbd1a904967a994cf833116e517b05caa863)
07-02 17:14:45.874 14723 14723 F DEBUG   :       #02 pc 00000000000b4b74  /data/app/~~_KM4ofQpiReSFwfv-ZPqTw==/com.vibekey.keyboard-xw3uS-M3QDs3R0KoA1v10w==/lib/arm64/libjni_latinime.so (latinime::DynamicPtReadingHelper::getTerminalPtNodePositionOfWord(int const*, unsigned long, bool)+232) (BuildId: f905dbd1a904967a994cf833116e517b05caa863)
07-02 17:14:45.874 14723 14723 F DEBUG   :       #03 pc 00000000000b7324  /data/app/~~_KM4ofQpiReSFwfv-ZPqTw==/com.vibekey.keyboard-xw3uS-M3QDs3R0KoA1v10w==/lib/arm64/libjni_latinime.so (latinime::PatriciaTriePolicy::getWordId(latinime::IntArrayView, bool) const+184) (BuildId: f905dbd1a904967a994cf833116e517b05caa863)
07-02 17:14:45.874 14723 14723 F DEBUG   :       #04 pc 00000000000a7d54  /data/app/~~_KM4ofQpiReSFwfv-ZPqTw==/com.vibekey.keyboard-xw3uS-M3QDs3R0KoA1v10w==/lib/arm64/libjni_latinime.so (latinime::NgramContext::getWordId(latinime::DictionaryStructureWithBufferPolicy const*, int const*, int, bool, bool)+232) (BuildId: f905dbd1a904967a994cf833116e517b05caa863)
07-02 17:14:45.874 14723 14723 F DEBUG   :       #05 pc 00000000000d337c  /data/app/~~_KM4ofQpiReSFwfv-ZPqTw==/com.vibekey.keyboard-xw3uS-M3QDs3R0KoA1v10w==/lib/arm64/libjni_latinime.so (latinime::DicTraverseSession::init(latinime::Dictionary const*, latinime::NgramContext const*, latinime::SuggestOptions const*)+124) (BuildId: f905dbd1a904967a994cf833116e517b05caa863)
07-02 17:14:45.874 14723 14723 F DEBUG   :       #06 pc 00000000000c8bd0  /data/app/~~_KM4ofQpiReSFwfv-ZPqTw==/com.vibekey.keyboard-xw3uS-M3QDs3R0KoA1v10w==/lib/arm64/libjni_latinime.so (latinime::Dictionary::getSuggestions(latinime::ProximityInfo*, latinime::DicTraverseSession*, int*, int*, int*, int*, int*, int, latinime::NgramContext const*, latinime::SuggestOptions const*, float, latinime::SuggestionResults*) const+104) (BuildId: f905dbd1a904967a994cf833116e517b05caa863)
07-02 17:14:45.874 14723 14723 F DEBUG   :       #07 pc 000000000009fd88  /data/app/~~_KM4ofQpiReSFwfv-ZPqTw==/com.vibekey.keyboard-xw3uS-M3QDs3R0KoA1v10w==/lib/arm64/libjni_latinime.so (BuildId: f905dbd1a904967a994cf833116e517b05caa863)
07-02 17:14:45.874 14723 14723 F DEBUG   :       #08 pc 00000000002b03a0  /apex/com.android.art/lib64/libart.so (art_quick_generic_jni_trampoline+144) (BuildId: 1f156fc62660d075a8d675db850b95d5)
07-02 17:14:45.874 14723 14723 F DEBUG   :       #09 pc 000000000072c828  /apex/com.android.art/lib64/libart.so (nterp_helper+1944) (BuildId: 1f156fc62660d075a8d675db850b95d5)
07-02 17:14:45.874 14723 14723 F DEBUG   :       #10 pc 000000000022355a  /data/app/~~_KM4ofQpiReSFwfv-ZPqTw==/com.vibekey.keyboard-xw3uS-M3QDs3R0KoA1v10w==/oat/arm64/base.vdex (com.android.inputmethod.latin.BinaryDictionary.q+614)
07-02 17:14:45.874 14723 14723 F DEBUG   :       #11 pc 000000000072cb98  /apex/com.android.art/lib64/libart.so (nterp_helper+2824) (BuildId: 1f156fc62660d075a8d675db850b95d5)
07-02 17:14:45.874 14723 14723 F DEBUG   :       #12 pc 00000000002232ae  /data/app/~~_KM4ofQpiReSFwfv-ZPqTw==/com.vibekey.keyboard-xw3uS-M3QDs3R0KoA1v10w==/oat/arm64/base.vdex (com.android.inputmethod.latin.BinaryDictionary.d+2)
07-02 17:14:45.874 14723 14723 F DEBUG   :       #13 pc 000000000072cb98  /apex/com.android.art/lib64/libart.so (nterp_helper+2824) (BuildId: 1f156fc62660d075a8d675db850b95d5)
07-02 17:14:45.874 14723 14723 F DEBUG   :       #14 pc 000000000069a80c  /data/app/~~_KM4ofQpiReSFwfv-ZPqTw==/com.vibekey.keyboard-xw3uS-M3QDs3R0KoA1v10w==/oat/arm64/base.vdex (r7.k.d+84)
07-02 17:14:45.874 14723 14723 F DEBUG   :       #15 pc 000000000072cb98  /apex/com.android.art/lib64/libart.so (nterp_helper+2824) (BuildId: 1f156fc62660d075a8d675db850b95d5)
07-02 17:14:45.874 14723 14723 F DEBUG   :       #16 pc 0000000000699932  /data/app/~~_KM4ofQpiReSFwfv-ZPqTw==/com.vibekey.keyboard-xw3uS-M3QDs3R0KoA1v10w==/oat/arm64/base.vdex (r7.e.d+150)
07-02 17:14:45.874 14723 14723 F DEBUG   :       #17 pc 000000000072cb98  /apex/com.android.art/lib64/libart.so (nterp_helper+2824) (BuildId: 1f156fc62660d075a8d675db850b95d5)
07-02 17:14:45.874 14723 14723 F DEBUG   :       #18 pc 00000000005f78e2  /data/app/~~_KM4ofQpiReSFwfv-ZPqTw==/com.vibekey.keyboard-xw3uS-M3QDs3R0KoA1v10w==/oat/arm64/base.vdex (l7.r.j+362)
07-02 17:14:45.874 14723 14723 F DEBUG   :       #19 pc 000000000072cb98  /apex/com.android.art/lib64/libart.so (nterp_helper+2824) (BuildId: 1f156fc62660d075a8d675db850b95d5)
07-02 17:14:45.874 14723 14723 F DEBUG   :       #20 pc 00000000005f71fc  /data/app/~~_KM4ofQpiReSFwfv-ZPqTw==/com.vibekey.keyboard-xw3uS-M3QDs3R0KoA1v10w==/oat/arm64/base.vdex (l7.r.i+252)
07-02 17:14:45.874 14723 14723 F DEBUG   :       #21 pc 000000000072cb98  /apex/com.android.art/lib64/libart.so (nterp_helper+2824) (BuildId: 1f156fc62660d075a8d675db850b95d5)
07-02 17:14:45.874 14723 14723 F DEBUG   :       #22 pc 00000000005f709c  /data/app/~~_KM4ofQpiReSFwfv-ZPqTw==/com.vibekey.keyboard-xw3uS-M3QDs3R0KoA1v10w==/oat/arm64/base.vdex (l7.r.h+148)
07-02 17:14:45.874 14723 14723 F DEBUG   :       #23 pc 000000000072cb98  /apex/com.android.art/lib64/libart.so (nterp_helper+2824) (BuildId: 1f156fc62660d075a8d675db850b95d5)
07-02 17:14:45.874 14723 14723 F DEBUG   :       #24 pc 00000000005fe5bc  /data/app/~~_KM4ofQpiReSFwfv-ZPqTw==/com.vibekey.keyboard-xw3uS-M3QDs3R0KoA1v10w==/oat/arm64/base.vdex (l7.w0.b+364)
07-02 17:14:45.874 14723 14723 F DEBUG   :       #25 pc 000000000072cb98  /apex/com.android.art/lib64/libart.so (nterp_helper+2824) (BuildId: 1f156fc62660d075a8d675db850b95d5)
07-02 17:14:45.874 14723 14723 F DEBUG   :       #26 pc 00000000006b24f2  /data/app/~~_KM4ofQpiReSFwfv-ZPqTw==/com.vibekey.keyboard-xw3uS-M3QDs3R0KoA1v10w==/oat/arm64/base.vdex (t7.b.l+1458)
07-02 17:14:45.874 14723 14723 F DEBUG   :       #27 pc 000000000072c884  /apex/com.android.art/lib64/libart.so (nterp_helper+2036) (BuildId: 1f156fc62660d075a8d675db850b95d5)
07-02 17:14:45.874 14723 14723 F DEBUG   :       #28 pc 00000000006af566  /data/app/~~_KM4ofQpiReSFwfv-ZPqTw==/com.vibekey.keyboard-xw3uS-M3QDs3R0KoA1v10w==/oat/arm64/base.vdex (t7.c.run+58)
07-02 17:14:45.874 14723 14723 F DEBUG   :       #29 pc 000000000072c884  /apex/com.android.art/lib64/libart.so (nterp_helper+2036) (BuildId: 1f156fc62660d075a8d675db850b95d5)
07-02 17:14:45.874 14723 14723 F DEBUG   :       #30 pc 00000000006af62a  /data/app/~~_KM4ofQpiReSFwfv-ZPqTw==/com.vibekey.keyboard-xw3uS-M3QDs3R0KoA1v10w==/oat/arm64/base.vdex (t7.e.handleMessage+18)
07-02 17:14:45.874 14723 14723 F DEBUG   :       #31 pc 000000000205a4f4  /memfd:jit-zygote-cache (deleted)
07-02 17:14:49.979 14827 14827 E OplusCustomizeRestrictionManager: sInstance is null, start a new sInstance
07-02 17:14:52.595 14827 14861 F libc    : Fatal signal 7 (SIGBUS), code 2 (BUS_ADRERR), fault addr 0x723065500e in tid 14861 (e), pid 14827 (ibekey.keyboard)
07-02 17:14:53.885 15053 15053 F DEBUG   : Process name is com.vibekey.keyboard, not key_process
07-02 17:14:53.885 15053 15053 F DEBUG   : keyProcess: 0
07-02 17:14:53.885 15053 15053 F DEBUG   : *** *** *** *** *** *** *** *** *** *** *** *** *** *** *** ***
07-02 17:14:53.885 15053 15053 F DEBUG   : Build fingerprint: 'OnePlus/OnePlus7Pro/OnePlus7Pro:12/SKQ1.211113.001/P.202303230244:user/release-keys'
07-02 17:14:53.885 15053 15053 F DEBUG   : Revision: '0'
07-02 17:14:53.885 15053 15053 F DEBUG   : ABI: 'arm64'
07-02 17:14:53.885 15053 15053 F DEBUG   : Timestamp: 2026-07-02 17:14:52.743416906-0400
07-02 17:14:53.885 15053 15053 F DEBUG   : Process uptime: 0s
07-02 17:14:53.885 15053 15053 F DEBUG   : Cmdline: com.vibekey.keyboard
07-02 17:14:53.885 15053 15053 F DEBUG   : pid: 14827, tid: 14861, name: e  >>> com.vibekey.keyboard <<<
07-02 17:14:53.885 15053 15053 F DEBUG   : uid: 14185
07-02 17:14:53.885 15053 15053 F DEBUG   : signal 7 (SIGBUS), code 2 (BUS_ADRERR), fault addr 0x723065500e
07-02 17:14:53.885 15053 15053 F DEBUG   :     x0  000000723065406c  x1  0000000000000fa2  x2  000000000004a8e8  x3  b400007188eb3e48
07-02 17:14:53.885 15053 15053 F DEBUG   :     x4  b400007188eb3e30  x5  0000000000000000  x6  000000718ab3b864  x7  000000718ab3b860
07-02 17:14:53.885 15053 15053 F DEBUG   :     x8  000000718ab3b85c  x9  000000000004a8e7  x10 000000718ab3b858  x11 000000718ab3b868
07-02 17:14:53.885 15053 15053 F DEBUG   :     x12 0000000000002649  x13 0000000000000049  x14 000000000000001f  x15 0000007230654fc6
07-02 17:14:53.885 15053 15053 F DEBUG   :     x16 000000712a3a6ab0  x17 000000712a305734  x18 0000007123748000  x19 000000718ab3df80
07-02 17:14:53.885 15053 15053 F DEBUG   :     x20 000000718ab3df80  x21 000000718ab3b84c  x22 000000718ab3b850  x23 000000718ab3b854
07-02 17:14:53.885 15053 15053 F DEBUG   :     x24 000000718ab3b858  x25 000000718ab3b970  x26 000000718ab3b9a4  x27 0000000000000001
07-02 17:14:53.885 15053 15053 F DEBUG   :     x28 000000718ab3bf58  x29 000000718ab3b7b0
07-02 17:14:53.885 15053 15053 F DEBUG   :     lr  000000712a307984  sp  000000718ab3b7a0  pc  000000712a3057b0  pst 0000000020000000
07-02 17:14:53.885 15053 15053 F DEBUG   : backtrace:
07-02 17:14:53.885 15053 15053 F DEBUG   :       #00 pc 00000000000b67b0  /data/app/~~_KM4ofQpiReSFwfv-ZPqTw==/com.vibekey.keyboard-xw3uS-M3QDs3R0KoA1v10w==/lib/arm64/libjni_latinime.so (latinime::PatriciaTrieReadingUtils::readPtNodeInfo(unsigned char const*, int, int, latinime::DictionaryShortcutsStructurePolicy const*, latinime::DictionaryBigramsStructurePolicy const*, int const*, unsigned char*, int*, int*, int*, int*, int*, int*, int*)+124) (BuildId: f905dbd1a904967a994cf833116e517b05caa863)
07-02 17:14:53.885 15053 15053 F DEBUG   :       #01 pc 00000000000b8980  /data/app/~~_KM4ofQpiReSFwfv-ZPqTw==/com.vibekey.keyboard-xw3uS-M3QDs3R0KoA1v10w==/lib/arm64/libjni_latinime.so (latinime::Ver2ParticiaTrieNodeReader::fetchPtNodeParamsInBufferFromPtNodePos(int) const+140) (BuildId: f905dbd1a904967a994cf833116e517b05caa863)
07-02 17:14:53.885 15053 15053 F DEBUG   :       #02 pc 00000000000b4b74  /data/app/~~_KM4ofQpiReSFwfv-ZPqTw==/com.vibekey.keyboard-xw3uS-M3QDs3R0KoA1v10w==/lib/arm64/libjni_latinime.so (latinime::DynamicPtReadingHelper::getTerminalPtNodePositionOfWord(int const*, unsigned long, bool)+232) (BuildId: f905dbd1a904967a994cf833116e517b05caa863)
07-02 17:14:53.885 15053 15053 F DEBUG   :       #03 pc 00000000000b7324  /data/app/~~_KM4ofQpiReSFwfv-ZPqTw==/com.vibekey.keyboard-xw3uS-M3QDs3R0KoA1v10w==/lib/arm64/libjni_latinime.so (latinime::PatriciaTriePolicy::getWordId(latinime::IntArrayView, bool) const+184) (BuildId: f905dbd1a904967a994cf833116e517b05caa863)
07-02 17:14:53.885 15053 15053 F DEBUG   :       #04 pc 00000000000a7d54  /data/app/~~_KM4ofQpiReSFwfv-ZPqTw==/com.vibekey.keyboard-xw3uS-M3QDs3R0KoA1v10w==/lib/arm64/libjni_latinime.so (latinime::NgramContext::getWordId(latinime::DictionaryStructureWithBufferPolicy const*, int const*, int, bool, bool)+232) (BuildId: f905dbd1a904967a994cf833116e517b05caa863)
07-02 17:14:53.885 15053 15053 F DEBUG   :       #05 pc 00000000000d337c  /data/app/~~_KM4ofQpiReSFwfv-ZPqTw==/com.vibekey.keyboard-xw3uS-M3QDs3R0KoA1v10w==/lib/arm64/libjni_latinime.so (latinime::DicTraverseSession::init(latinime::Dictionary const*, latinime::NgramContext const*, latinime::SuggestOptions const*)+124) (BuildId: f905dbd1a904967a994cf833116e517b05caa863)
07-02 17:14:53.885 15053 15053 F DEBUG   :       #06 pc 00000000000c8bd0  /data/app/~~_KM4ofQpiReSFwfv-ZPqTw==/com.vibekey.keyboard-xw3uS-M3QDs3R0KoA1v10w==/lib/arm64/libjni_latinime.so (latinime::Dictionary::getSuggestions(latinime::ProximityInfo*, latinime::DicTraverseSession*, int*, int*, int*, int*, int*, int, latinime::NgramContext const*, latinime::SuggestOptions const*, float, latinime::SuggestionResults*) const+104) (BuildId: f905dbd1a904967a994cf833116e517b05caa863)
07-02 17:14:53.885 15053 15053 F DEBUG   :       #07 pc 000000000009fd88  /data/app/~~_KM4ofQpiReSFwfv-ZPqTw==/com.vibekey.keyboard-xw3uS-M3QDs3R0KoA1v10w==/lib/arm64/libjni_latinime.so (BuildId: f905dbd1a904967a994cf833116e517b05caa863)
07-02 17:14:53.885 15053 15053 F DEBUG   :       #08 pc 00000000002b03a0  /apex/com.android.art/lib64/libart.so (art_quick_generic_jni_trampoline+144) (BuildId: 1f156fc62660d075a8d675db850b95d5)
07-02 17:14:53.885 15053 15053 F DEBUG   :       #09 pc 000000000072c828  /apex/com.android.art/lib64/libart.so (nterp_helper+1944) (BuildId: 1f156fc62660d075a8d675db850b95d5)
07-02 17:14:53.885 15053 15053 F DEBUG   :       #10 pc 000000000022355a  /data/app/~~_KM4ofQpiReSFwfv-ZPqTw==/com.vibekey.keyboard-xw3uS-M3QDs3R0KoA1v10w==/oat/arm64/base.vdex (com.android.inputmethod.latin.BinaryDictionary.q+614)
07-02 17:14:53.885 15053 15053 F DEBUG   :       #11 pc 000000000072cb98  /apex/com.android.art/lib64/libart.so (nterp_helper+2824) (BuildId: 1f156fc62660d075a8d675db850b95d5)
07-02 17:14:53.885 15053 15053 F DEBUG   :       #12 pc 00000000002232ae  /data/app/~~_KM4ofQpiReSFwfv-ZPqTw==/com.vibekey.keyboard-xw3uS-M3QDs3R0KoA1v10w==/oat/arm64/base.vdex (com.android.inputmethod.latin.BinaryDictionary.d+2)
07-02 17:14:53.885 15053 15053 F DEBUG   :       #13 pc 000000000072cb98  /apex/com.android.art/lib64/libart.so (nterp_helper+2824) (BuildId: 1f156fc62660d075a8d675db850b95d5)
07-02 17:14:53.885 15053 15053 F DEBUG   :       #14 pc 000000000069a80c  /data/app/~~_KM4ofQpiReSFwfv-ZPqTw==/com.vibekey.keyboard-xw3uS-M3QDs3R0KoA1v10w==/oat/arm64/base.vdex (r7.k.d+84)
07-02 17:14:53.885 15053 15053 F DEBUG   :       #15 pc 000000000072cb98  /apex/com.android.art/lib64/libart.so (nterp_helper+2824) (BuildId: 1f156fc62660d075a8d675db850b95d5)
07-02 17:14:53.885 15053 15053 F DEBUG   :       #16 pc 0000000000699932  /data/app/~~_KM4ofQpiReSFwfv-ZPqTw==/com.vibekey.keyboard-xw3uS-M3QDs3R0KoA1v10w==/oat/arm64/base.vdex (r7.e.d+150)
07-02 17:14:53.885 15053 15053 F DEBUG   :       #17 pc 000000000072cb98  /apex/com.android.art/lib64/libart.so (nterp_helper+2824) (BuildId: 1f156fc62660d075a8d675db850b95d5)
07-02 17:14:53.885 15053 15053 F DEBUG   :       #18 pc 00000000005f78e2  /data/app/~~_KM4ofQpiReSFwfv-ZPqTw==/com.vibekey.keyboard-xw3uS-M3QDs3R0KoA1v10w==/oat/arm64/base.vdex (l7.r.j+362)
07-02 17:14:53.885 15053 15053 F DEBUG   :       #19 pc 000000000072cb98  /apex/com.android.art/lib64/libart.so (nterp_helper+2824) (BuildId: 1f156fc62660d075a8d675db850b95d5)
07-02 17:14:53.885 15053 15053 F DEBUG   :       #20 pc 00000000005f71fc  /data/app/~~_KM4ofQpiReSFwfv-ZPqTw==/com.vibekey.keyboard-xw3uS-M3QDs3R0KoA1v10w==/oat/arm64/base.vdex (l7.r.i+252)
07-02 17:14:53.885 15053 15053 F DEBUG   :       #21 pc 000000000072cb98  /apex/com.android.art/lib64/libart.so (nterp_helper+2824) (BuildId: 1f156fc62660d075a8d675db850b95d5)
07-02 17:14:53.885 15053 15053 F DEBUG   :       #22 pc 00000000005f709c  /data/app/~~_KM4ofQpiReSFwfv-ZPqTw==/com.vibekey.keyboard-xw3uS-M3QDs3R0KoA1v10w==/oat/arm64/base.vdex (l7.r.h+148)
07-02 17:14:53.885 15053 15053 F DEBUG   :       #23 pc 000000000072cb98  /apex/com.android.art/lib64/libart.so (nterp_helper+2824) (BuildId: 1f156fc62660d075a8d675db850b95d5)
07-02 17:14:53.885 15053 15053 F DEBUG   :       #24 pc 00000000005ff032  /data/app/~~_KM4ofQpiReSFwfv-ZPqTw==/com.vibekey.keyboard-xw3uS-M3QDs3R0KoA1v10w==/oat/arm64/base.vdex (l7.w0.c+266)
07-02 17:14:53.885 15053 15053 F DEBUG   :       #25 pc 000000000072cb98  /apex/com.android.art/lib64/libart.so (nterp_helper+2824) (BuildId: 1f156fc62660d075a8d675db850b95d5)
07-02 17:14:53.885 15053 15053 F DEBUG   :       #26 pc 00000000005feeb0  /data/app/~~_KM4ofQpiReSFwfv-ZPqTw==/com.vibekey.keyboard-xw3uS-M3QDs3R0KoA1v10w==/oat/arm64/base.vdex (l7.w0.b+2656)
07-02 17:14:53.885 15053 15053 F DEBUG   :       #27 pc 000000000072cb98  /apex/com.android.art/lib64/libart.so (nterp_helper+2824) (BuildId: 1f156fc62660d075a8d675db850b95d5)
07-02 17:14:53.885 15053 15053 F DEBUG   :       #28 pc 00000000006b24f2  /data/app/~~_KM4ofQpiReSFwfv-ZPqTw==/com.vibekey.keyboard-xw3uS-M3QDs3R0KoA1v10w==/oat/arm64/base.vdex (t7.b.l+1458)
07-02 17:14:53.885 15053 15053 F DEBUG   :       #29 pc 000000000072c884  /apex/com.android.art/lib64/libart.so (nterp_helper+2036) (BuildId: 1f156fc62660d075a8d675db850b95d5)
07-02 17:14:53.885 15053 15053 F DEBUG   :       #30 pc 00000000005b68f4  /data/app/~~_KM4ofQpiReSFwfv-ZPqTw==/com.vibekey.keyboard-xw3uS-M3QDs3R0KoA1v10w==/oat/arm64/base.vdex (i7.u.run+536)
07-02 17:14:53.885 15053 15053 F DEBUG   :       #31 pc 000000000072c884  /apex/com.android.art/lib64/libart.so (nterp_helper+2036) (BuildId: 1f156fc62660d075a8d675db850b95d5)
07-02 17:14:53.885 15053 15053 F DEBUG   :       #32 pc 00000000006af62a  /data/app/~~_KM4ofQpiReSFwfv-ZPqTw==/com.vibekey.keyboard-xw3uS-M3QDs3R0KoA1v10w==/oat/arm64/base.vdex (t7.e.handleMessage+18)
07-02 17:14:53.885 15053 15053 F DEBUG   :       #33 pc 000000000205a4f4  /memfd:jit-zygote-cache (deleted)
--------- beginning of main
07-02 17:14:55.165 15072 15072 W n0      : Could not load system glide typing library jni_latinimegoogle: dlopen failed: library "libjni_latinimegoogle.so" not found
07-02 17:14:55.275 15072 15072 W w       : No editor info for this field. Bug?
07-02 17:14:55.285 15072 15072 I VkMultilingual: reset main=pt-BR locales=[pt] count=1
07-02 17:14:55.319 15072 15072 W System  : ClassLoader referenced unknown path: 
07-02 17:14:55.374 15072 15072 E ibekey.keyboar: ofbOpen failed with error=No such file or directory
07-02 17:14:55.374 15072 15072 E ibekey.keyboar: sysOpen failed with error=No such file or directory
07-02 17:14:55.390 15072 15122 W Ads     : Update ad debug logging enablement as false
07-02 17:14:55.406 15072 15072 E MultiApp.Impl: OplusMultiAppImpl
07-02 17:14:55.460 15072 15158 W libc    : Access denied finding property "ro.vendor.api_level"
07-02 17:14:55.466 15072 15072 W chromium: [WARNING:android_webview/browser/network_service/net_helpers.cc:137] HTTP Cache size is: 20971520
07-02 17:14:55.502 15072 15096 W FeatureFlagsImplExport: java.lang.NoClassDefFoundError: Class not found using the boot class loader; no stack trace available
07-02 17:14:55.519 15072 15207 W libc    : Access denied finding property "vendor.camera.aux.packagelist"
07-02 17:14:55.519 15072 15207 W libc    : Access denied finding property "vendor.camera.aux.packagelist"
07-02 17:14:55.519 15072 15086 W libc    : Access denied finding property "vendor.camera.aux.packagelist"
07-02 17:14:55.531 15072 15072 E OplusCustomizeRestrictionManager: sInstance is null, start a new sInstance
07-02 17:14:56.314  7397  9047 I OnDeviceAssist: warm ok model=qwen2.5-0.5b-instruct-q4_0.gguf ambient=40 chars 0ms
07-02 17:14:56.664  7397  7470 I OnDeviceAssist: warm ok model=qwen2.5-0.5b-instruct-q4_0.gguf ambient=40 chars 0ms
07-02 17:14:57.190 15072 15072 E Ads     : JS: Uncaught TypeError: Cannot read properties of null (reading 's') (https://pagead2.googlesyndication.com/omsdk/releases/live/omsdk-v1.js:27)
07-02 17:14:57.234 15072 15072 E Ads     : JS: Refused to get unsafe header "X-Afma-Gcache-IsGcacheHit" (https://www.gstatic.com/mysidia/c6afc9c8ff99a44baed674d18749fee6.js?tag=addon/rewarded_video:422)
07-02 17:14:57.285 15072 15135 W Ads     : Not retrying to fetch app settings
07-02 17:14:57.312 15072 15072 E Ads     : JS: Refused to get unsafe header "X-Afma-Gcache-IsGcacheHit" (https://www.gstatic.com/mysidia/c6afc9c8ff99a44baed674d18749fee6.js?tag=addon/rewarded_video:422)
07-02 17:14:57.361 15072 15159 W libc    : Access denied finding property "vendor.oplus.media.vpp.stutter"
07-02 17:14:57.361 15072 15159 E MULTIMEDIAConfig: [getInt32:L80] Not find config, Returning default
07-02 17:14:57.361 15072 15159 E MULTIMEDIAConfig: [getInt32:L80] Not find config, Returning default
07-02 17:14:57.361 15072 15159 E OplusACodec: [OplusACodec:204] mSrOsieMMListCheckResult:0x0 mOsieVersion:1
07-02 17:14:57.368 15072 15072 I VkSwipe : ▶ gesture started locale=pt-BR
07-02 17:14:57.432 15072 15179 E ListServiceUtils: checkInListByUid module:audio-choppy-boost uid:14185 cost 1177us return (null)
07-02 17:14:57.478 15072 15320 E OplusACodec: [GetVideoCodingTypeFromMime:L1162] mime:video/x-vnd.on2.vp9
07-02 17:14:57.539 15321 15321 E libcrashpad_handler_trampoline.so: createInstance(64bit) : createExtendedFactory
07-02 17:14:57.540 15321 15321 E libcrashpad_handler_trampoline.so: createInstance(64bit) : createExtendedFactory
07-02 17:14:57.540 15321 15321 E libcrashpad_handler_trampoline.so: Opened libinputextensionsimpl.so
07-02 17:14:57.541 15321 15321 E libcrashpad_handler_trampoline.so: Opened libinputextensionsimpl.so
07-02 17:14:57.542 15321 15321 E libcrashpad_handler_trampoline.so: createInstance(64bit) : createExtendedFactory
07-02 17:14:57.542 15321 15321 E libcrashpad_handler_trampoline.so: createInstance(64bit) : createExtendedFactory
07-02 17:14:57.542 15321 15321 E libcrashpad_handler_trampoline.so: Opened libsensorextimpl.so
07-02 17:14:57.542 15321 15321 E libcrashpad_handler_trampoline.so: Opened libsensorextimpl.so
07-02 17:14:57.585 15321 15321 E chromium: [0702/171457.585312:ERROR:third_party/crashpad/crashpad/util/process/process_memory_range.cc:75] read out of range
07-02 17:14:57.722 15072 15105 F libc    : Fatal signal 7 (SIGBUS), code 2 (BUS_ADRERR), fault addr 0x723065c000 in tid 15105 (e), pid 15072 (ibekey.keyboard)
07-02 17:14:57.784 15072 15236 E chromium: [ERROR:gpu/command_buffer/service/image_reader_gl_owner.cc:301] no buffers currently available in the reader queue
07-02 17:14:57.828 15340 15340 E DEBUG   : failed to readlink /proc/15105/fd/292: No such file or directory
07-02 17:14:57.828 15340 15340 E DEBUG   : failed to readlink /proc/15105/fd/304: No such file or directory
07-02 17:14:57.828 15340 15340 E DEBUG   : failed to readlink /proc/15105/fd/317: No such file or directory
07-02 17:14:57.835 15072 15154 W cr_MediaCodecBridge: Releasing: OMX.qcom.video.decoder.vp9
07-02 17:14:57.836 15072 15319 E ExtensionsLoader: freeAllBuffers: 13 buffers were freed while being dequeued!
07-02 17:14:57.837 15072 15154 W cr_MediaCodecBridge: Codec released
07-02 17:14:57.866 15340 15340 W crash_dump64: failed to attach to thread 15319: No such process
07-02 17:14:57.866 15340 15340 E crash_dump64: failed to interrupt 15319 to detach: No such process
07-02 17:14:57.866 15340 15340 W crash_dump64: failed to ptrace interrupt thread 15319: No such process
07-02 17:14:57.866 15340 15340 W crash_dump64: failed to attach to thread 15320: No such process
07-02 17:14:57.866 15340 15340 E crash_dump64: failed to interrupt 15320 to detach: No such process
07-02 17:14:57.866 15340 15340 W crash_dump64: failed to ptrace interrupt thread 15320: No such process
07-02 17:14:57.988 15340 15340 E DEBUG   : failed to read /proc/uptime: Permission denied
07-02 17:14:59.038 15340 15340 F DEBUG   : Process name is com.vibekey.keyboard, not key_process
07-02 17:14:59.038 15340 15340 F DEBUG   : keyProcess: 0
07-02 17:14:59.038 15340 15340 F DEBUG   : *** *** *** *** *** *** *** *** *** *** *** *** *** *** *** ***
07-02 17:14:59.038 15340 15340 F DEBUG   : Build fingerprint: 'OnePlus/OnePlus7Pro/OnePlus7Pro:12/SKQ1.211113.001/P.202303230244:user/release-keys'
07-02 17:14:59.038 15340 15340 F DEBUG   : Revision: '0'
07-02 17:14:59.038 15340 15340 F DEBUG   : ABI: 'arm64'
07-02 17:14:59.038 15340 15340 F DEBUG   : Timestamp: 2026-07-02 17:14:57.988085029-0400
07-02 17:14:59.038 15340 15340 F DEBUG   : Process uptime: 0s
07-02 17:14:59.038 15340 15340 F DEBUG   : Cmdline: com.vibekey.keyboard
07-02 17:14:59.038 15340 15340 F DEBUG   : pid: 15072, tid: 15105, name: e  >>> com.vibekey.keyboard <<<
07-02 17:14:59.038 15340 15340 F DEBUG   : uid: 14185
07-02 17:14:59.038 15340 15340 F DEBUG   : signal 7 (SIGBUS), code 2 (BUS_ADRERR), fault addr 0x723065c000
07-02 17:14:59.038 15340 15340 F DEBUG   :     x0  000000723065406c  x1  0000000000007f94  x2  000000000004a8e8  x3  b400007188eb4448
07-02 17:14:59.038 15340 15340 F DEBUG   :     x4  b400007188eb4430  x5  0000000000000000  x6  000000718ab06b84  x7  000000718ab06b80
07-02 17:14:59.038 15340 15340 F DEBUG   :     x8  000000718ab06b7c  x9  000000000004a8e7  x10 000000718ab06b78  x11 000000718ab06b88
07-02 17:14:59.038 15340 15340 F DEBUG   :     x12 000000000001f9e6  x13 00000000000000e6  x14 000000000000001f  x15 000000723065ac08
07-02 17:14:59.038 15340 15340 F DEBUG   :     x16 000000712a3afab0  x17 000000712a30e734  x18 0000007124114000  x19 000000718ab08f80
07-02 17:14:59.038 15340 15340 F DEBUG   :     x20 000000718ab08f80  x21 000000718ab06b6c  x22 000000718ab06b70  x23 000000718ab06b74
07-02 17:14:59.038 15340 15340 F DEBUG   :     x24 000000718ab06b78  x25 000000718ab06c90  x26 000000718ab06cc4  x27 0000000000000001
07-02 17:14:59.038 15340 15340 F DEBUG   :     x28 000000718ab07278  x29 000000718ab06ad0
07-02 17:14:59.038 15340 15340 F DEBUG   :     lr  000000712a310984  sp  000000718ab06ac0  pc  000000712a30e7b0  pst 0000000020000000
07-02 17:14:59.038 15340 15340 F DEBUG   : backtrace:
07-02 17:14:59.038 15340 15340 F DEBUG   :       #00 pc 00000000000b67b0  /data/app/~~_KM4ofQpiReSFwfv-ZPqTw==/com.vibekey.keyboard-xw3uS-M3QDs3R0KoA1v10w==/lib/arm64/libjni_latinime.so (latinime::PatriciaTrieReadingUtils::readPtNodeInfo(unsigned char const*, int, int, latinime::DictionaryShortcutsStructurePolicy const*, latinime::DictionaryBigramsStructurePolicy const*, int const*, unsigned char*, int*, int*, int*, int*, int*, int*, int*)+124) (BuildId: f905dbd1a904967a994cf833116e517b05caa863)
07-02 17:14:59.038 15340 15340 F DEBUG   :       #01 pc 00000000000b8980  /data/app/~~_KM4ofQpiReSFwfv-ZPqTw==/com.vibekey.keyboard-xw3uS-M3QDs3R0KoA1v10w==/lib/arm64/libjni_latinime.so (latinime::Ver2ParticiaTrieNodeReader::fetchPtNodeParamsInBufferFromPtNodePos(int) const+140) (BuildId: f905dbd1a904967a994cf833116e517b05caa863)
07-02 17:14:59.038 15340 15340 F DEBUG   :       #02 pc 00000000000b4b74  /data/app/~~_KM4ofQpiReSFwfv-ZPqTw==/com.vibekey.keyboard-xw3uS-M3QDs3R0KoA1v10w==/lib/arm64/libjni_latinime.so (latinime::DynamicPtReadingHelper::getTerminalPtNodePositionOfWord(int const*, unsigned long, bool)+232) (BuildId: f905dbd1a904967a994cf833116e517b05caa863)
07-02 17:14:59.038 15340 15340 F DEBUG   :       #03 pc 00000000000b7324  /data/app/~~_KM4ofQpiReSFwfv-ZPqTw==/com.vibekey.keyboard-xw3uS-M3QDs3R0KoA1v10w==/lib/arm64/libjni_latinime.so (latinime::PatriciaTriePolicy::getWordId(latinime::IntArrayView, bool) const+184) (BuildId: f905dbd1a904967a994cf833116e517b05caa863)
07-02 17:14:59.038 15340 15340 F DEBUG   :       #04 pc 00000000000a7d54  /data/app/~~_KM4ofQpiReSFwfv-ZPqTw==/com.vibekey.keyboard-xw3uS-M3QDs3R0KoA1v10w==/lib/arm64/libjni_latinime.so (latinime::NgramContext::getWordId(latinime::DictionaryStructureWithBufferPolicy const*, int const*, int, bool, bool)+232) (BuildId: f905dbd1a904967a994cf833116e517b05caa863)
07-02 17:14:59.038 15340 15340 F DEBUG   :       #05 pc 00000000000d337c  /data/app/~~_KM4ofQpiReSFwfv-ZPqTw==/com.vibekey.keyboard-xw3uS-M3QDs3R0KoA1v10w==/lib/arm64/libjni_latinime.so (latinime::DicTraverseSession::init(latinime::Dictionary const*, latinime::NgramContext const*, latinime::SuggestOptions const*)+124) (BuildId: f905dbd1a904967a994cf833116e517b05caa863)
07-02 17:14:59.038 15340 15340 F DEBUG   :       #06 pc 00000000000c8bd0  /data/app/~~_KM4ofQpiReSFwfv-ZPqTw==/com.vibekey.keyboard-xw3uS-M3QDs3R0KoA1v10w==/lib/arm64/libjni_latinime.so (latinime::Dictionary::getSuggestions(latinime::ProximityInfo*, latinime::DicTraverseSession*, int*, int*, int*, int*, int*, int, latinime::NgramContext const*, latinime::SuggestOptions const*, float, latinime::SuggestionResults*) const+104) (BuildId: f905dbd1a904967a994cf833116e517b05caa863)
07-02 17:14:59.038 15340 15340 F DEBUG   :       #07 pc 000000000009fd88  /data/app/~~_KM4ofQpiReSFwfv-ZPqTw==/com.vibekey.keyboard-xw3uS-M3QDs3R0KoA1v10w==/lib/arm64/libjni_latinime.so (BuildId: f905dbd1a904967a994cf833116e517b05caa863)
07-02 17:14:59.038 15340 15340 F DEBUG   :       #08 pc 00000000002b03a0  /apex/com.android.art/lib64/libart.so (art_quick_generic_jni_trampoline+144) (BuildId: 1f156fc62660d075a8d675db850b95d5)
07-02 17:14:59.038 15340 15340 F DEBUG   :       #09 pc 000000000072c828  /apex/com.android.art/lib64/libart.so (nterp_helper+1944) (BuildId: 1f156fc62660d075a8d675db850b95d5)
07-02 17:14:59.038 15340 15340 F DEBUG   :       #10 pc 000000000022355a  /data/app/~~_KM4ofQpiReSFwfv-ZPqTw==/com.vibekey.keyboard-xw3uS-M3QDs3R0KoA1v10w==/oat/arm64/base.vdex (com.android.inputmethod.latin.BinaryDictionary.q+614)
07-02 17:14:59.038 15340 15340 F DEBUG   :       #11 pc 000000000072cb98  /apex/com.android.art/lib64/libart.so (nterp_helper+2824) (BuildId: 1f156fc62660d075a8d675db850b95d5)
07-02 17:14:59.038 15340 15340 F DEBUG   :       #12 pc 00000000002232ae  /data/app/~~_KM4ofQpiReSFwfv-ZPqTw==/com.vibekey.keyboard-xw3uS-M3QDs3R0KoA1v10w==/oat/arm64/base.vdex (com.android.inputmethod.latin.BinaryDictionary.d+2)
07-02 17:14:59.038 15340 15340 F DEBUG   :       #13 pc 000000000072cb98  /apex/com.android.art/lib64/libart.so (nterp_helper+2824) (BuildId: 1f156fc62660d075a8d675db850b95d5)
07-02 17:14:59.038 15340 15340 F DEBUG   :       #14 pc 000000000069a80c  /data/app/~~_KM4ofQpiReSFwfv-ZPqTw==/com.vibekey.keyboard-xw3uS-M3QDs3R0KoA1v10w==/oat/arm64/base.vdex (r7.k.d+84)
07-02 17:14:59.038 15340 15340 F DEBUG   :       #15 pc 000000000072cb98  /apex/com.android.art/lib64/libart.so (nterp_helper+2824) (BuildId: 1f156fc62660d075a8d675db850b95d5)
07-02 17:14:59.038 15340 15340 F DEBUG   :       #16 pc 0000000000699932  /data/app/~~_KM4ofQpiReSFwfv-ZPqTw==/com.vibekey.keyboard-xw3uS-M3QDs3R0KoA1v10w==/oat/arm64/base.vdex (r7.e.d+150)
07-02 17:14:59.038 15340 15340 F DEBUG   :       #17 pc 000000000072cb98  /apex/com.android.art/lib64/libart.so (nterp_helper+2824) (BuildId: 1f156fc62660d075a8d675db850b95d5)
07-02 17:14:59.038 15340 15340 F DEBUG   :       #18 pc 00000000005f78e2  /data/app/~~_KM4ofQpiReSFwfv-ZPqTw==/com.vibekey.keyboard-xw3uS-M3QDs3R0KoA1v10w==/oat/arm64/base.vdex (l7.r.j+362)
07-02 17:14:59.038 15340 15340 F DEBUG   :       #19 pc 000000000072cb98  /apex/com.android.art/lib64/libart.so (nterp_helper+2824) (BuildId: 1f156fc62660d075a8d675db850b95d5)
07-02 17:14:59.038 15340 15340 F DEBUG   :       #20 pc 00000000005f71fc  /data/app/~~_KM4ofQpiReSFwfv-ZPqTw==/com.vibekey.keyboard-xw3uS-M3QDs3R0KoA1v10w==/oat/arm64/base.vdex (l7.r.i+252)
07-02 17:14:59.038 15340 15340 F DEBUG   :       #21 pc 000000000072cb98  /apex/com.android.art/lib64/libart.so (nterp_helper+2824) (BuildId: 1f156fc62660d075a8d675db850b95d5)
07-02 17:14:59.038 15340 15340 F DEBUG   :       #22 pc 00000000005f709c  /data/app/~~_KM4ofQpiReSFwfv-ZPqTw==/com.vibekey.keyboard-xw3uS-M3QDs3R0KoA1v10w==/oat/arm64/base.vdex (l7.r.h+148)
07-02 17:14:59.038 15340 15340 F DEBUG   :       #23 pc 000000000072cb98  /apex/com.android.art/lib64/libart.so (nterp_helper+2824) (BuildId: 1f156fc62660d075a8d675db850b95d5)
07-02 17:14:59.038 15340 15340 F DEBUG   :       #24 pc 00000000005fe5bc  /data/app/~~_KM4ofQpiReSFwfv-ZPqTw==/com.vibekey.keyboard-xw3uS-M3QDs3R0KoA1v10w==/oat/arm64/base.vdex (l7.w0.b+364)
07-02 17:14:59.038 15340 15340 F DEBUG   :       #25 pc 000000000072cb98  /apex/com.android.art/lib64/libart.so (nterp_helper+2824) (BuildId: 1f156fc62660d075a8d675db850b95d5)
07-02 17:14:59.038 15340 15340 F DEBUG   :       #26 pc 00000000006b24f2  /data/app/~~_KM4ofQpiReSFwfv-ZPqTw==/com.vibekey.keyboard-xw3uS-M3QDs3R0KoA1v10w==/oat/arm64/base.vdex (t7.b.l+1458)
07-02 17:14:59.038 15340 15340 F DEBUG   :       #27 pc 000000000072c884  /apex/com.android.art/lib64/libart.so (nterp_helper+2036) (BuildId: 1f156fc62660d075a8d675db850b95d5)
07-02 17:14:59.038 15340 15340 F DEBUG   :       #28 pc 00000000006af566  /data/app/~~_KM4ofQpiReSFwfv-ZPqTw==/com.vibekey.keyboard-xw3uS-M3QDs3R0KoA1v10w==/oat/arm64/base.vdex (t7.c.run+58)
07-02 17:14:59.038 15340 15340 F DEBUG   :       #29 pc 000000000072c884  /apex/com.android.art/lib64/libart.so (nterp_helper+2036) (BuildId: 1f156fc62660d075a8d675db850b95d5)
07-02 17:14:59.038 15340 15340 F DEBUG   :       #30 pc 00000000006af62a  /data/app/~~_KM4ofQpiReSFwfv-ZPqTw==/com.vibekey.keyboard-xw3uS-M3QDs3R0KoA1v10w==/oat/arm64/base.vdex (t7.e.handleMessage+18)
07-02 17:14:59.038 15340 15340 F DEBUG   :       #31 pc 000000000205a4f4  /memfd:jit-zygote-cache (deleted)
07-02 17:15:03.769 15374 15374 E ibekey.keyboar: Unknown bits set in runtime_flags: 0x40000000
07-02 17:15:03.858 15374 15374 W n0      : Could not load system glide typing library jni_latinimegoogle: dlopen failed: library "libjni_latinimegoogle.so" not found
07-02 17:15:03.942 15374 15374 W w       : No editor info for this field. Bug?
07-02 17:15:03.949 15374 15374 I VkMultilingual: reset main=pt-BR locales=[pt] count=1
07-02 17:15:03.983 15374 15374 W System  : ClassLoader referenced unknown path: 
07-02 17:15:04.041 15374 15374 E ibekey.keyboar: ofbOpen failed with error=No such file or directory
07-02 17:15:04.041 15374 15374 E ibekey.keyboar: sysOpen failed with error=No such file or directory
07-02 17:15:04.056 15374 15424 W Ads     : Update ad debug logging enablement as false
07-02 17:15:04.072 15374 15374 E MultiApp.Impl: OplusMultiAppImpl
07-02 17:15:04.125 15374 15457 W libc    : Access denied finding property "ro.vendor.api_level"
07-02 17:15:04.130 15374 15374 W chromium: [WARNING:android_webview/browser/network_service/net_helpers.cc:137] HTTP Cache size is: 20971520
07-02 17:15:04.176 15374 15396 W FeatureFlagsImplExport: java.lang.NoClassDefFoundError: Class not found using the boot class loader; no stack trace available
07-02 17:15:04.183 15374 15489 W libc    : Access denied finding property "vendor.camera.aux.packagelist"
07-02 17:15:04.183 15374 15489 W libc    : Access denied finding property "vendor.camera.aux.packagelist"
07-02 17:15:04.184 15374 15387 W libc    : Access denied finding property "vendor.camera.aux.packagelist"
07-02 17:15:04.196 15374 15374 I VkSwipe : ○ gesture canceled
07-02 17:15:04.198 15374 15374 E OplusCustomizeRestrictionManager: sInstance is null, start a new sInstance
07-02 17:15:04.213 15374 15374 I VkEffects: reload anim=scale blur=562px glow=true stickers=true
07-02 17:15:04.221 15374 15426 E ibekey.keyboar: Attempt to load writable dex file: /data/user/0/com.vibekey.keyboard/app_pccache2/5/7637A808903E06DBB1373A174A3C4F96BA1CCBEF/pcam.jar
07-02 17:15:04.213 15374 15374 W AdWorker(Defaul: type=1400 audit(0.0:5693): avc: granted { execute } for path="/data/data/com.vibekey.keyboard/app_pccache2/5/7637A808903E06DBB1373A174A3C4F96BA1CCBEF/pcam.jar" dev="dm-2" ino=273478 scontext=u:r:untrusted_app:s0:c89,c272,c512,c768 tcontext=u:object_r:app_data_file:s0:c89,c272,c512,c768 tclass=file app=com.vibekey.keyboard
07-02 17:15:04.233 15374 15426 W Ads     : Invoke Firebase method getInstance error.
07-02 17:15:04.233 15374 15426 W Ads     : The Google Mobile Ads SDK will not integrate with Firebase. Admob/Firebase integration requires the latest Firebase SDK jar, but Firebase SDK is either missing or out of date
07-02 17:15:04.241 15374 15490 W ServiceBindIntentUtils: Dynamic lookup for intent failed for action: com.google.android.gms.ads.service.CACHE
07-02 17:15:04.303 15374 15441 W Ads     : Not retrying to fetch app settings
07-02 17:15:04.303 15374 15435 W Ads     : Not retrying to fetch app settings
07-02 17:15:04.303 15374 15433 W Ads     : Not retrying to fetch app settings
07-02 17:15:04.304 15374 15512 W ServiceBindIntentUtils: Dynamic lookup for intent failed for action: com.google.android.gms.ads.service.START
07-02 17:15:04.417 15374 15466 W cr_media: BLUETOOTH_CONNECT permission is missing.
07-02 17:15:04.418 15374 15466 W cr_media: getBluetoothAdapter() requires BLUETOOTH permission
07-02 17:15:04.418 15374 15466 W cr_media: registerBluetoothIntentsIfNeeded: Requires BLUETOOTH permission
07-02 17:15:04.438 15374 15374 W LayerDrawable: Invalid drawable added to LayerDrawable! Drawable already belongs to another owner but does not expose a constant state.
07-02 17:15:04.438 15374 15374 W LayerDrawable: java.lang.RuntimeException
07-02 17:15:04.438 15374 15374 W LayerDrawable: 	at android.graphics.drawable.LayerDrawable$ChildDrawable.<init>(LayerDrawable.java:1857)
07-02 17:15:04.438 15374 15374 W LayerDrawable: 	at android.graphics.drawable.LayerDrawable$LayerState.<init>(LayerDrawable.java:1977)
07-02 17:15:04.438 15374 15374 W LayerDrawable: 	at android.graphics.drawable.LayerDrawable.createConstantState(LayerDrawable.java:174)
07-02 17:15:04.438 15374 15374 W LayerDrawable: 	at android.graphics.drawable.LayerDrawable.mutate(LayerDrawable.java:1782)
07-02 17:15:04.438 15374 15374 W LayerDrawable: 	at helium314.keyboard.latin.InputView.d(r8-map-id-1c6d5e18b0251f1abd6fb0fb186239e06f4ad9334fe9020d92dd7d292bdfef69:355)
07-02 17:15:04.438 15374 15374 W LayerDrawable: 	at l7.a0.a(r8-map-id-1c6d5e18b0251f1abd6fb0fb186239e06f4ad9334fe9020d92dd7d292bdfef69:232)
07-02 17:15:04.438 15374 15374 W LayerDrawable: 	at androidx.lifecycle.e0.run(r8-map-id-1c6d5e18b0251f1abd6fb0fb186239e06f4ad9334fe9020d92dd7d292bdfef69:275)
07-02 17:15:04.438 15374 15374 W LayerDrawable: 	at helium314.keyboard.latin.InputView.c(r8-map-id-1c6d5e18b0251f1abd6fb0fb186239e06f4ad9334fe9020d92dd7d292bdfef69:38)
07-02 17:15:04.438 15374 15374 W LayerDrawable: 	at e7.v.a(r8-map-id-1c6d5e18b0251f1abd6fb0fb186239e06f4ad9334fe9020d92dd7d292bdfef69:15)
07-02 17:15:04.438 15374 15374 W LayerDrawable: 	at a0.d0.invoke(r8-map-id-1c6d5e18b0251f1abd6fb0fb186239e06f4ad9334fe9020d92dd7d292bdfef69:557)
07-02 17:15:04.438 15374 15374 W LayerDrawable: 	at r3.c0.onLayoutChange(r8-map-id-1c6d5e18b0251f1abd6fb0fb186239e06f4ad9334fe9020d92dd7d292bdfef69:6)
07-02 17:15:04.438 15374 15374 W LayerDrawable: 	at android.view.View.layout(View.java:23348)
07-02 17:15:04.438 15374 15374 W LayerDrawable: 	at android.view.ViewGroup.layout(ViewGroup.java:6505)
