06-04 11:05:52.281 22947 22964 W Isolated Web Content: [JavaScript Warning: "Cookie “” has been rejected as third-party." {file: "https://ads.yieldmo.com/pbsync?gdpr=0&gdpr_consent=&us_privacy=1YNN&gpp=DBABLA%7EBVQqAAAAAgA.QA&gpp_sid=7&redirectUri=https%3A%2F%2Fs2s.t13.io%2Fsetuid%3Fbidder%3Dyieldmo%26gdpr%3D0%26gdpr_consent%3D%26us_privacy%3D1YNN%26gpp%3DDBABLA%7EBVQqAAAAAgA.QA%26gpp_sid%3D7%26f%3Di%26uid%3D%24UID" line: 0}]
06-04 11:05:52.281 22947 22964 W Isolated Web Content: [JavaScript Warning: "Request to access cookie or storage on “https://ads.yieldmo.com/pbsync?gdpr=0&gdpr_consent=&us_privacy=1YNN&gpp=DBABLA%7EBVQqAAAAAgA.QA&gpp_sid=7&redirectUri=https%3A%2F%2Fs2s.t13.io%2Fsetuid%3Fbidder%3Dyieldmo%26gdpr%3D0%26gdpr_consent%3D%26us_privacy%3D1YNN%26gpp%3DDBABLA%7EBVQqAAAAAgA.QA%26gpp_sid%3D7%26f%3Di%26uid%3D%24UID” was blocked because we are blocking all third-party storage access requests and Enhanced Tracking Protection is enabled."]
06-04 11:05:52.296 21770 21770 W View    : requestLayout() improperly called by helium314.keyboard.latin.panels.BrowserPanelView{9f8fbf9 V.E...... ........ 0,0-1440,2040} during second layout pass: posting in next frame
06-04 11:05:52.298 21770 21770 W View    : requestLayout() improperly called by helium314.keyboard.latin.panels.BrowserPanelView{9f8fbf9 V.E...... ......I. 0,0-1440,2040} during layout: running second layout pass
06-04 11:05:52.307 21770 21770 W View    : requestLayout() improperly called by helium314.keyboard.latin.panels.BrowserPanelView{9f8fbf9 V.E...... ........ 0,0-1440,2040} during second layout pass: posting in next frame
06-04 11:05:52.314 21770 21770 W View    : requestLayout() improperly called by helium314.keyboard.latin.panels.BrowserPanelView{9f8fbf9 V.E...... ......I. 0,0-1440,2040} during layout: running second layout pass
06-04 11:05:52.324 21770 21770 W View    : requestLayout() improperly called by helium314.keyboard.latin.panels.BrowserPanelView{9f8fbf9 V.E...... ........ 0,0-1440,2040} during second layout pass: posting in next frame
06-04 11:05:52.331 21770 21770 W View    : requestLayout() improperly called by helium314.keyboard.latin.panels.BrowserPanelView{9f8fbf9 V.E...... ......I. 0,0-1440,2040} during layout: running second layout pass
06-04 11:05:52.339 21770 21770 W View    : requestLayout() improperly called by helium314.keyboard.latin.panels.BrowserPanelView{9f8fbf9 V.E...... ........ 0,0-1440,2040} during second layout pass: posting in next frame
06-04 11:05:52.350 21770 21770 W View    : requestLayout() improperly called by helium314.keyboard.latin.panels.BrowserPanelView{9f8fbf9 V.E...... ......I. 0,0-1440,2040} during layout: running second layout pass
06-04 11:05:52.358 21770 21770 W View    : requestLayout() improperly called by helium314.keyboard.latin.panels.BrowserPanelView{9f8fbf9 V.E...... ........ 0,0-1440,2040} during second layout pass: posting in next frame
06-04 11:05:52.365 21770 21770 W View    : requestLayout() improperly called by helium314.keyboard.latin.panels.BrowserPanelView{9f8fbf9 V.E...... ......I. 0,0-1440,2040} during layout: running second layout pass
06-04 11:05:52.373 22947 22964 W Isolated Web Content: [JavaScript Warning: "Cookie “yieldmo_id=whcrsuq77qqct53a2nZa%7C1780531200000%7C0; Max-Age=31536000; Expires=Fri, 04 Jun 2027 15:05:52 GMT; Domain=yieldmo.com; Path=/; Secure; SameSite=None” has been rejected as third-party." {file: "https://ads.yieldmo.com/pbsync?gdpr=0&gdpr_consent=&us_privacy=1YNN&gpp=DBABLA%7EBVQqAAAAAgA.QA&gpp_sid=7&redirectUri=https%3A%2F%2Fs2s.t13.io%2Fsetuid%3Fbidder%3Dyieldmo%26gdpr%3D0%26gdpr_consent%3D%26us_privacy%3D1YNN%26gpp%3DDBABLA%7EBVQqAAAAAgA.QA%26gpp_sid%3D7%26f%3Di%26uid%3D%24UID" line: 0}]
06-04 11:05:52.375 21770 21770 W View    : requestLayout() improperly called by helium314.keyboard.latin.panels.BrowserPanelView{9f8fbf9 V.E...... ........ 0,0-1440,2040} during second layout pass: posting in next frame
06-04 11:05:52.375 22947 22964 W Isolated Web Content: [JavaScript Warning: "Request to access cookie or storage on “https://ads.yieldmo.com/pbsync?gdpr=0&gdpr_consent=&us_privacy=1YNN&gpp=DBABLA%7EBVQqAAAAAgA.QA&gpp_sid=7&redirectUri=https%3A%2F%2Fs2s.t13.io%2Fsetuid%3Fbidder%3Dyieldmo%26gdpr%3D0%26gdpr_consent%3D%26us_privacy%3D1YNN%26gpp%3DDBABLA%7EBVQqAAAAAgA.QA%26gpp_sid%3D7%26f%3Di%26uid%3D%24UID” was blocked because we are blocking all third-party storage access requests and Enhanced Tracking Protection is enabled."]
06-04 11:05:52.378 22947 22964 W Isolated Web Content: [JavaScript Warning: "Cookie “” has been rejected as third-party." {file: "https://s2s.t13.io/setuid?bidder=yieldmo&f=i&uid=whcrsuq77qqct53a2nZa&gdpr=0&gdpr_consent=&gpp=DBABLA~BVQqAAAAAgA.QA&gpp_sid=7&us_privacy=1YNN" line: 0}]
06-04 11:05:52.381 21770 21770 W View    : requestLayout() improperly called by helium314.keyboard.latin.panels.BrowserPanelView{9f8fbf9 V.E...... ......I. 0,0-1440,2040} during layout: running second layout pass
06-04 11:05:52.391 21770 21770 W View    : requestLayout() improperly called by helium314.keyboard.latin.panels.BrowserPanelView{9f8fbf9 V.E...... ........ 0,0-1440,2040} during second layout pass: posting in next frame
06-04 11:05:52.399 21770 21770 W View    : requestLayout() improperly called by helium314.keyboard.latin.panels.BrowserPanelView{9f8fbf9 V.E...... ......I. 0,0-1440,2040} during layout: running second layout pass
06-04 11:05:52.407 21770 21770 W View    : requestLayout() improperly called by helium314.keyboard.latin.panels.BrowserPanelView{9f8fbf9 V.E...... ........ 0,0-1440,2040} during second layout pass: posting in next frame
06-04 11:05:52.416 21770 21770 W View    : requestLayout() improperly called by helium314.keyboard.latin.panels.BrowserPanelView{9f8fbf9 V.E...... ......I. 0,0-1440,2040} during layout: running second layout pass
06-04 11:05:52.425 21770 21770 W View    : requestLayout() improperly called by helium314.keyboard.latin.panels.BrowserPanelView{9f8fbf9 V.E...... ........ 0,0-1440,2040} during second layout pass: posting in next frame
06-04 11:05:52.430 22947 22964 W Isolated Web Content: [JavaScript Warning: "Cookie “uids=eyJ0ZW1wVUlEcyI6eyJ5aWVsZG1vIjp7InVpZCI6IndoY3JzdXE3N3FxY3Q1M2EyblphIiwiZXhwaXJlcyI6IjIwMjYtMDYtMThUMTU6MDU6NTIuOTE3MDQ1MzIyWiJ9fSwib3B0b3V0IjpmYWxzZX0=; Max-Age=7776000; Expires=Wed, 02 Sep 2026 15:05:52 GMT; Path=/; Secure; SameSite=None” has been rejected as third-party." {file: "https://s2s.t13.io/setuid?bidder=yieldmo&f=i&uid=whcrsuq77qqct53a2nZa&gdpr=0&gdpr_consent=&gpp=DBABLA~BVQqAAAAAgA.QA&gpp_sid=7&us_privacy=1YNN" line: 0}]
06-04 11:05:52.431 21770 21770 W View    : requestLayout() improperly called by helium314.keyboard.latin.panels.BrowserPanelView{9f8fbf9 V.E...... ......I. 0,0-1440,2040} during layout: running second layout pass
06-04 11:05:52.431 22947 22964 W Isolated Web Content: [JavaScript Warning: "Request to access cookie or storage on “https://s2s.t13.io/setuid?bidder=yieldmo&f=i&uid=whcrsuq77qqct53a2nZa&gdpr=0&gdpr_consent=&gpp=DBABLA~BVQqAAAAAgA.QA&gpp_sid=7&us_privacy=1YNN” was blocked because we are blocking all third-party storage access requests and Enhanced Tracking Protection is enabled."]
06-04 11:05:52.441 21770 21770 W View    : requestLayout() improperly called by helium314.keyboard.latin.panels.BrowserPanelView{9f8fbf9 V.E...... ........ 0,0-1440,2040} during second layout pass: posting in next frame
06-04 11:05:52.447 21770 21770 W View    : requestLayout() improperly called by helium314.keyboard.latin.panels.BrowserPanelView{9f8fbf9 V.E...... ......I. 0,0-1440,2040} during layout: running second layout pass
06-04 11:05:52.458 21770 21770 W View    : requestLayout() improperly called by helium314.keyboard.latin.panels.BrowserPanelView{9f8fbf9 V.E...... ........ 0,0-1440,2040} during second layout pass: posting in next frame
06-04 11:05:52.464 21770 21770 W View    : requestLayout() improperly called by helium314.keyboard.latin.panels.BrowserPanelView{9f8fbf9 V.E...... ......I. 0,0-1440,2040} during layout: running second layout pass
06-04 11:05:52.475 21770 21770 W View    : requestLayout() improperly called by helium314.keyboard.latin.panels.BrowserPanelView{9f8fbf9 V.E...... ........ 0,0-1440,2040} during second layout pass: posting in next frame
06-04 11:05:52.483 21770 21770 W View    : requestLayout() improperly called by helium314.keyboard.latin.panels.BrowserPanelView{9f8fbf9 V.E...... ......I. 0,0-1440,2040} during layout: running second layout pass
06-04 11:05:52.495 21770 21770 W View    : requestLayout() improperly called by helium314.keyboard.latin.panels.BrowserPanelView{9f8fbf9 V.E...... ........ 0,0-1440,2040} during second layout pass: posting in next frame
06-04 11:05:52.499 21770 21770 W View    : requestLayout() improperly called by helium314.keyboard.latin.panels.BrowserPanelView{9f8fbf9 V.E...... ......I. 0,0-1440,2040} during layout: running second layout pass
06-04 11:05:52.509 21770 21770 W View    : requestLayout() improperly called by helium314.keyboard.latin.panels.BrowserPanelView{9f8fbf9 V.E...... ........ 0,0-1440,2040} during second layout pass: posting in next frame
06-04 11:05:52.516 21770 21770 W View    : requestLayout() improperly called by helium314.keyboard.latin.panels.BrowserPanelView{9f8fbf9 V.E...... ......I. 0,0-1440,2040} during layout: running second layout pass
06-04 11:05:52.526 21770 21770 W View    : requestLayout() improperly called by helium314.keyboard.latin.panels.BrowserPanelView{9f8fbf9 V.E...... ........ 0,0-1440,2040} during second layout pass: posting in next frame
06-04 11:05:52.531 21770 21770 W View    : requestLayout() improperly called by helium314.keyboard.latin.panels.BrowserPanelView{9f8fbf9 V.E...... ......I. 0,0-1440,2040} during layout: running second layout pass
06-04 11:05:52.542 21770 21770 W View    : requestLayout() improperly called by helium314.keyboard.latin.panels.BrowserPanelView{9f8fbf9 V.E...... ........ 0,0-1440,2040} during second layout pass: posting in next frame
06-04 11:05:52.550 21770 21770 W View    : requestLayout() improperly called by helium314.keyboard.latin.panels.BrowserPanelView{9f8fbf9 V.E...... ......I. 0,0-1440,2040} during layout: running second layout pass
06-04 11:05:52.557 21770 21770 W View    : requestLayout() improperly called by helium314.keyboard.latin.panels.BrowserPanelView{9f8fbf9 V.E...... ........ 0,0-1440,2040} during second layout pass: posting in next frame
06-04 11:05:52.565 21770 21770 W View    : requestLayout() improperly called by helium314.keyboard.latin.panels.BrowserPanelView{9f8fbf9 V.E...... ......I. 0,0-1440,2040} during layout: running second layout pass
06-04 11:05:52.575 21770 21770 W View    : requestLayout() improperly called by helium314.keyboard.latin.panels.BrowserPanelView{9f8fbf9 V.E...... ........ 0,0-1440,2040} during second layout pass: posting in next frame
06-04 11:05:52.582 21770 21770 W View    : requestLayout() improperly called by helium314.keyboard.latin.panels.BrowserPanelView{9f8fbf9 V.E...... ......I. 0,0-1440,2040} during layout: running second layout pass
06-04 11:05:52.592 21770 21770 W View    : requestLayout() improperly called by helium314.keyboard.latin.panels.BrowserPanelView{9f8fbf9 V.E...... ........ 0,0-1440,2040} during second layout pass: posting in next frame
06-04 11:05:52.598 21770 21770 W View    : requestLayout() improperly called by helium314.keyboard.latin.panels.BrowserPanelView{9f8fbf9 V.E...... ......I. 0,0-1440,2040} during layout: running second layout pass
06-04 11:05:52.609 21770 21770 W View    : requestLayout() improperly called by helium314.keyboard.latin.panels.BrowserPanelView{9f8fbf9 V.E...... ........ 0,0-1440,2040} during second layout pass: posting in next frame
06-04 11:05:52.615 21770 21770 W View    : requestLayout() improperly called by helium314.keyboard.latin.panels.BrowserPanelView{9f8fbf9 V.E...... ......I. 0,0-1440,2040} during layout: running second layout pass
06-04 11:05:52.626 21770 21770 W View    : requestLayout() improperly called by helium314.keyboard.latin.panels.BrowserPanelView{9f8fbf9 V.E...... ........ 0,0-1440,2040} during second layout pass: posting in next frame
06-04 11:05:52.632 21770 21770 W View    : requestLayout() improperly called by helium314.keyboard.latin.panels.BrowserPanelView{9f8fbf9 V.E...... ......I. 0,0-1440,2040} during layout: running second layout pass
06-04 11:05:52.645 21770 21770 W View    : requestLayout() improperly called by helium314.keyboard.latin.panels.BrowserPanelView{9f8fbf9 V.E...... ........ 0,0-1440,2040} during second layout pass: posting in next frame
06-04 11:05:52.649 21770 21770 W View    : requestLayout() improperly called by helium314.keyboard.latin.panels.BrowserPanelView{9f8fbf9 V.E...... ......I. 0,0-1440,2040} during layout: running second layout pass
06-04 11:05:52.662 21770 21770 W View    : requestLayout() improperly called by helium314.keyboard.latin.panels.BrowserPanelView{9f8fbf9 V.E...... .......D 0,0-1440,2040} during second layout pass: posting in next frame
06-04 11:05:52.664 21770 21770 W View    : requestLayout() improperly called by helium314.keyboard.latin.panels.BrowserPanelView{9f8fbf9 V.E...... ......ID 0,0-1440,2040} during layout: running second layout pass
06-04 11:05:52.670 21770 21770 W View    : requestLayout() improperly called by helium314.keyboard.latin.panels.BrowserPanelView{9f8fbf9 V.E...... ........ 0,0-1440,2040} during second layout pass: posting in next frame
06-04 11:05:52.680 21770 21770 W View    : requestLayout() improperly called by helium314.keyboard.latin.panels.BrowserPanelView{9f8fbf9 V.E...... ......ID 0,0-1440,2040} during layout: running second layout pass
06-04 11:05:52.684 21770 21770 W View    : requestLayout() improperly called by helium314.keyboard.latin.panels.BrowserPanelView{9f8fbf9 V.E...... ........ 0,0-1440,2040} during second layout pass: posting in next frame
06-04 11:05:52.697 21770 21770 W View    : requestLayout() improperly called by helium314.keyboard.latin.panels.BrowserPanelView{9f8fbf9 V.E...... ......ID 0,0-1440,2040} during layout: running second layout pass
06-04 11:05:52.701 21770 21770 W View    : requestLayout() improperly called by helium314.keyboard.latin.panels.BrowserPanelView{9f8fbf9 V.E...... ........ 0,0-1440,2040} during second layout pass: posting in next frame
06-04 11:05:52.714 21770 21770 W View    : requestLayout() improperly called by helium314.keyboard.latin.panels.BrowserPanelView{9f8fbf9 V.E...... ......ID 0,0-1440,2040} during layout: running second layout pass
06-04 11:05:52.706 21770 21770 W com.vibekey.keyboard: type=1400 audit(0.0:111022): avc: denied { nlmsg_readpriv } for comm=536F636B657420546872656164 scontext=u:r:untrusted_app:s0:c80,c271,c512,c768 tcontext=u:r:untrusted_app:s0:c80,c271,c512,c768 tclass=netlink_route_socket permissive=0 bug=b/155595000 app=com.vibekey.keyboard
06-04 11:05:52.719 21770 21770 W View    : requestLayout() improperly called by helium314.keyboard.latin.panels.BrowserPanelView{9f8fbf9 V.E...... ........ 0,0-1440,2040} during second layout pass: posting in next frame
06-04 11:05:52.730 21770 21770 W View    : requestLayout() improperly called by helium314.keyboard.latin.panels.BrowserPanelView{9f8fbf9 V.E...... ......ID 0,0-1440,2040} during layout: running second layout pass
06-04 11:05:52.734 21770 21770 W View    : requestLayout() improperly called by helium314.keyboard.latin.panels.BrowserPanelView{9f8fbf9 V.E...... ........ 0,0-1440,2040} during second layout pass: posting in next frame
06-04 11:05:52.747 21770 21770 W View    : requestLayout() improperly called by helium314.keyboard.latin.panels.BrowserPanelView{9f8fbf9 V.E...... ......ID 0,0-1440,2040} during layout: running second layout pass
06-04 11:05:52.751 21770 21770 W View    : requestLayout() improperly called by helium314.keyboard.latin.panels.BrowserPanelView{9f8fbf9 V.E...... ........ 0,0-1440,2040} during second layout pass: posting in next frame
06-04 11:05:52.764 21770 21770 W View    : requestLayout() improperly called by helium314.keyboard.latin.panels.BrowserPanelView{9f8fbf9 V.E...... ......ID 0,0-1440,2040} during layout: running second layout pass
06-04 11:05:52.769 21770 21770 W View    : requestLayout() improperly called by helium314.keyboard.latin.panels.BrowserPanelView{9f8fbf9 V.E...... ........ 0,0-1440,2040} during second layout pass: posting in next frame
06-04 11:05:52.780 21770 21770 W View    : requestLayout() improperly called by helium314.keyboard.latin.panels.BrowserPanelView{9f8fbf9 V.E...... ......I. 0,0-1440,2040} during layout: running second layout pass
06-04 11:05:52.785 21770 21770 W View    : requestLayout() improperly called by helium314.keyboard.latin.panels.BrowserPanelView{9f8fbf9 V.E...... ........ 0,0-1440,2040} during second layout pass: posting in next frame
06-04 11:05:52.798 21770 21770 W View    : requestLayout() improperly called by helium314.keyboard.latin.panels.BrowserPanelView{9f8fbf9 V.E...... ......I. 0,0-1440,2040} during layout: running second layout pass
06-04 11:05:52.802 21770 21770 W View    : requestLayout() improperly called by helium314.keyboard.latin.panels.BrowserPanelView{9f8fbf9 V.E...... ........ 0,0-1440,2040} during second layout pass: posting in next frame
06-04 11:05:52.813 21770 21770 W GeckoEventDispatcher: No listener for GeckoView:DismissClipboardPermissionRequest
06-04 11:05:52.816 21770 21933 E GeckoConsole: [JavaScript Error: "TypeError: can't access property "WindowEventDispatcher", win is null" {file: "resource://gre/modules/GeckoViewSessionStore.sys.mjs" line: 149}]
06-04 11:05:52.816 21770 21933 E GeckoConsole: onTabStateUpdate@resource://gre/modules/GeckoViewSessionStore.sys.mjs:149:5
06-04 11:05:52.816 21770 21933 E GeckoConsole: updateSessionStoreFromTabListener@resource://gre/modules/GeckoViewSessionStore.sys.mjs:243:10
06-04 11:05:52.816 21770 21933 E GeckoConsole: SSF_updateSessionStore@resource://gre/modules/SessionStoreFunctions.sys.mjs:46:27
06-04 11:05:52.816 21770 21933 E GeckoConsole: UpdateSessionStore@resource://gre/modules/SessionStoreFunctions.sys.mjs:16:46
06-04 11:05:52.818 21770 21933 E GeckoConsole: [JavaScript Error: "TypeError: can't access property "WindowEventDispatcher", win is null" {file: "resource://gre/modules/GeckoViewSessionStore.sys.mjs" line: 149}]
06-04 11:05:52.818 21770 21933 E GeckoConsole: onTabStateUpdate@resource://gre/modules/GeckoViewSessionStore.sys.mjs:149:5
06-04 11:05:52.818 21770 21933 E GeckoConsole: updateSessionStoreFromTabListener@resource://gre/modules/GeckoViewSessionStore.sys.mjs:243:10
06-04 11:05:52.818 21770 21933 E GeckoConsole: SSF_updateSessionStore@resource://gre/modules/SessionStoreFunctions.sys.mjs:46:27
06-04 11:05:52.818 21770 21933 E GeckoConsole: UpdateSessionStore@resource://gre/modules/SessionStoreFunctions.sys.mjs:16:46
06-04 11:05:52.818 21770 21933 E GeckoConsole: [JavaScript Error: "TypeError: can't access property "WindowEventDispatcher", win is null" {file: "resource://gre/modules/GeckoViewSessionStore.sys.mjs" line: 149}]
06-04 11:05:52.818 21770 21933 E GeckoConsole: onTabStateUpdate@resource://gre/modules/GeckoViewSessionStore.sys.mjs:149:5
06-04 11:05:52.818 21770 21933 E GeckoConsole: updateSessionStoreFromTabListener@resource://gre/modules/GeckoViewSessionStore.sys.mjs:243:10
06-04 11:05:52.818 21770 21933 E GeckoConsole: SSF_updateSessionStore@resource://gre/modules/SessionStoreFunctions.sys.mjs:46:27
06-04 11:05:52.818 21770 21933 E GeckoConsole: UpdateSessionStore@resource://gre/modules/SessionStoreFunctions.sys.mjs:16:46
06-04 11:05:52.818 21770 21933 E GeckoConsole: [JavaScript Error: "TypeError: can't access property "WindowEventDispatcher", win is null" {file: "resource://gre/modules/GeckoViewSessionStore.sys.mjs" line: 149}]
06-04 11:05:52.818 21770 21933 E GeckoConsole: onTabStateUpdate@resource://gre/modules/GeckoViewSessionStore.sys.mjs:149:5
06-04 11:05:52.818 21770 21933 E GeckoConsole: updateSessionStoreFromTabListener@resource://gre/modules/GeckoViewSessionStore.sys.mjs:243:10
06-04 11:05:52.818 21770 21933 E GeckoConsole: SSF_updateSessionStore@resource://gre/modules/SessionStoreFunctions.sys.mjs:46:27
06-04 11:05:52.818 21770 21933 E GeckoConsole: UpdateSessionStore@resource://gre/modules/SessionStoreFunctions.sys.mjs:16:46
06-04 11:05:52.819 21770 21933 E GeckoConsole: [JavaScript Error: "TypeError: can't access property "WindowEventDispatcher", win is null" {file: "resource://gre/modules/GeckoViewSessionStore.sys.mjs" line: 149}]
06-04 11:05:52.819 21770 21933 E GeckoConsole: onTabStateUpdate@resource://gre/modules/GeckoViewSessionStore.sys.mjs:149:5
06-04 11:05:52.819 21770 21933 E GeckoConsole: updateSessionStoreFromTabListener@resource://gre/modules/GeckoViewSessionStore.sys.mjs:243:10
06-04 11:05:52.819 21770 21933 E GeckoConsole: SSF_updateSessionStore@resource://gre/modules/SessionStoreFunctions.sys.mjs:46:27
06-04 11:05:52.819 21770 21933 E GeckoConsole: UpdateSessionStore@resource://gre/modules/SessionStoreFunctions.sys.mjs:16:46
06-04 11:05:52.819 21770 21933 E GeckoConsole: [JavaScript Error: "TypeError: can't access property "WindowEventDispatcher", win is null" {file: "resource://gre/modules/GeckoViewSessionStore.sys.mjs" line: 149}]
06-04 11:05:52.819 21770 21933 E GeckoConsole: onTabStateUpdate@resource://gre/modules/GeckoViewSessionStore.sys.mjs:149:5
06-04 11:05:52.819 21770 21933 E GeckoConsole: updateSessionStoreFromTabListener@resource://gre/modules/GeckoViewSessionStore.sys.mjs:243:10
06-04 11:05:52.819 21770 21933 E GeckoConsole: SSF_updateSessionStore@resource://gre/modules/SessionStoreFunctions.sys.mjs:46:27
06-04 11:05:52.819 21770 21933 E GeckoConsole: UpdateSessionStore@resource://gre/modules/SessionStoreFunctions.sys.mjs:16:46
06-04 11:05:52.819 21770 21933 E GeckoConsole: [JavaScript Error: "TypeError: can't access property "WindowEventDispatcher", win is null" {file: "resource://gre/modules/GeckoViewSessionStore.sys.mjs" line: 149}]
06-04 11:05:52.819 21770 21933 E GeckoConsole: onTabStateUpdate@resource://gre/modules/GeckoViewSessionStore.sys.mjs:149:5
06-04 11:05:52.819 21770 21933 E GeckoConsole: updateSessionStoreFromTabListener@resource://gre/modules/GeckoViewSessionStore.sys.mjs:243:10
06-04 11:05:52.819 21770 21933 E GeckoConsole: SSF_updateSessionStore@resource://gre/modules/SessionStoreFunctions.sys.mjs:46:27
06-04 11:05:52.819 21770 21933 E GeckoConsole: UpdateSessionStore@resource://gre/modules/SessionStoreFunctions.sys.mjs:16:46
06-04 11:05:52.819 21770 21933 E GeckoConsole: [JavaScript Error: "TypeError: can't access property "WindowEventDispatcher", win is null" {file: "resource://gre/modules/GeckoViewSessionStore.sys.mjs" line: 149}]
06-04 11:05:52.819 21770 21933 E GeckoConsole: onTabStateUpdate@resource://gre/modules/GeckoViewSessionStore.sys.mjs:149:5
06-04 11:05:52.819 21770 21933 E GeckoConsole: updateSessionStoreFromTabListener@resource://gre/modules/GeckoViewSessionStore.sys.mjs:243:10
06-04 11:05:52.819 21770 21933 E GeckoConsole: SSF_updateSessionStore@resource://gre/modules/SessionStoreFunctions.sys.mjs:46:27
06-04 11:05:52.819 21770 21933 E GeckoConsole: UpdateSessionStore@resource://gre/modules/SessionStoreFunctions.sys.mjs:16:46
06-04 11:05:52.822 21770 21770 W View    : requestLayout() improperly called by helium314.keyboard.latin.panels.BrowserPanelView{9f8fbf9 V.E...... ......ID 0,0-1440,2040} during layout: running second layout pass
06-04 11:05:52.829 21770 21770 W View    : requestLayout() improperly called by helium314.keyboard.latin.panels.BrowserPanelView{9f8fbf9 V.E...... ......ID 0,0-1440,2040} during second layout pass: posting in next frame
06-04 11:05:52.831 21770 21770 W View    : requestLayout() improperly called by helium314.keyboard.latin.panels.BrowserPanelView{9f8fbf9 V.E...... ......ID 0,0-1440,2040} during layout: running second layout pass
06-04 11:05:52.835 22947 22964 W Isolated Web Content: [JavaScript Warning: "Cookie “” has been rejected as third-party." {file: "https://metrics.rapidedge.io/gamera/ingest" line: 0}]
06-04 11:05:52.836 22947 22964 W Isolated Web Content: [JavaScript Warning: "Cookie “” has been rejected as third-party." {file: "https://aax.amazon-adsystem.com/x/px/AWwakDtEsEkTigUUHXG_29iP-MPI6HtDboGEgWAa4WVqAAABnpMrTWwAAAGekytLsw/%7B%22adCsm%22:[%7B%22tld%22:%22www.drudgereport.com%22%7D,%7B%22ns%22:1780585550476,%22st%22:%22568.00%22,%22re%22:%22631.00%22,%22ldTot%22:%2263.00%22%7D,%7B%22lteu%22:%220.00%22,%22ltut%22:%220.00%22,%22ltpq%22:%220.00%22,%22lths%22:%220.00%22,%22ltpm%22:%220.00%22,%22ltdm%22:%220.00%22,%22ltdb%22:%220.00%22,%22ltpst%22:%220.00%22,%22csmTot%22:%221.00%22%7D,%7B%22visible%22:%7B%22stime%22:%22674%22,%22" line: 0}]
06-04 11:05:52.836 22947 22964 W Isolated Web Content: [JavaScript Warning: "Cookie “” has been rejected as third-party." {file: "https://aax.amazon-adsystem.com/x/px/AX3z9Wp8uUc3nfFvJj7zwao05yvte2ZGa5LOIinbP6vLAAABnpMrTWwAAAGekytLsw/%7B%22adCsm%22:[%7B%22tld%22:%22www.drudgereport.com%22%7D,%7B%22ns%22:1780585550503,%22st%22:%22514.00%22,%22re%22:%22602.00%22,%22ldTot%22:%2288.00%22%7D,%7B%22lteu%22:%220.00%22,%22ltut%22:%220.00%22,%22ltpq%22:%220.00%22,%22lths%22:%220.00%22,%22ltpm%22:%220.00%22,%22ltdm%22:%220.00%22,%22ltdb%22:%220.00%22,%22ltpst%22:%220.00%22,%22csmTot%22:%221.00%22%7D,%7B%22visible%22:%7B%22stime%22:%22637%22,%22" line: 0}]
06-04 11:05:52.836 22947 22964 W Isolated Web Content: [JavaScript Warning: "Cookie “” has been rejected as third-party." {file: "https://aax.amazon-adsystem.com/x/px/AWhmS8ZET0ejg7RbkvMEMNFTWdXDtKBAp5bMp56WpFFKAAABnpMrTWwAAAGekytLsw/%7B%22adCsm%22:[%7B%22tld%22:%22www.drudgereport.com%22%7D,%7B%22ns%22:1780585550555,%22st%22:%22470.00%22,%22re%22:%22551.00%22,%22ldTot%22:%2281.00%22%7D,%7B%22lteu%22:%220.00%22,%22ltut%22:%220.00%22,%22ltpq%22:%220.00%22,%22lths%22:%220.00%22,%22ltpm%22:%220.00%22,%22ltdm%22:%220.00%22,%22ltdb%22:%220.00%22,%22ltpst%22:%220.00%22,%22csmTot%22:%222.00%22%7D,%7B%22visible%22:%7B%22stime%22:%22562%22,%22" line: 0}]
06-04 11:05:52.837 22947 22964 W Isolated Web Content: [JavaScript Warning: "Cookie “” has been rejected as third-party." {file: "https://aax.amazon-adsystem.com/x/px/ARWJ_9nMiE3WjJah-48t1sWP4cFi4KxISrEBb0cGSJhIAAABnpMrTWwAAAGekytLsw/%7B%22adCsm%22:[%7B%22tld%22:%22www.drudgereport.com%22%7D,%7B%22ns%22:1780585550608,%22st%22:%22429.00%22,%22re%22:%22499.00%22,%22ldTot%22:%2270.00%22%7D,%7B%22lteu%22:%220.00%22,%22ltut%22:%220.00%22,%22ltpq%22:%220.00%22,%22lths%22:%220.00%22,%22ltpm%22:%220.00%22,%22ltdm%22:%220.00%22,%22ltdb%22:%220.00%22,%22ltpst%22:%220.00%22,%22csmTot%22:%222.00%22%7D,%7B%22visible%22:%7B%22stime%22:%22549%22,%22" line: 0}]
06-04 11:05:52.837 22947 22964 W Isolated Web Content: [JavaScript Warning: "Request to access cookie or storage on “https://aax.amazon-adsystem.com/x/px/AWwakDtEsEkTigUUHXG_29iP-MPI6HtDboGEgWAa4WVqAAABnpMrTWwAAAGekytLsw/%7B%22adCsm%22:[%7B%22tld%22:%22www.drudgereport.com%22%7D,%7B%22ns%22:1780585550476,%22st%22:%22568.00%22,%22re%22:%22631.00%22,%22ldTot%22:%2263.00%22%7D,%7B%22lteu%22:%220.00%22,%22ltut%22:%220.00%22,%22ltpq%22:%220.00%22,%22lths%22:%220.00%22,%22ltpm%22:%220.00%22,%22ltdm%22:%220.00%22,%22ltdb%22:%220.00%22,%22ltpst%22:%220.00%22,%22csmTot%22:%221.00%22%7D,%7B%22visible%22:%7B%22stime%22:%22674%22,%22duration%22:1673%7D,%22hidden%22:%7B%22stime%22:%222347%22,%22duration%22:0%7D,%22prerender%22:%7B%22stime%22:0,%22duration%22:0%7D,%22unloaded%22:%7B%22stime%22:0,%22duration%22:0%7D,%22states%22:%22vh%22%7D],%22pixelId%22:%229cxwnn2jppc%22,%22ts%22:1780585552823,%22ver%22:%22d-1.22%22%7D?cb=7505426” was blocked because we are blocking all third-party storage access requests and Enhanced Tracking Protection is enabled."]
06-04 11:05:52.837 22947 22964 W Isolated Web Content: [JavaScript Warning: "Request to access cookie or storage on “https://aax.amazon-adsystem.com/x/px/AX3z9Wp8uUc3nfFvJj7zwao05yvte2ZGa5LOIinbP6vLAAABnpMrTWwAAAGekytLsw/%7B%22adCsm%22:[%7B%22tld%22:%22www.drudgereport.com%22%7D,%7B%22ns%22:1780585550503,%22st%22:%22514.00%22,%22re%22:%22602.00%22,%22ldTot%22:%2288.00%22%7D,%7B%22lteu%22:%220.00%22,%22ltut%22:%220.00%22,%22ltpq%22:%220.00%22,%22lths%22:%220.00%22,%22ltpm%22:%220.00%22,%22ltdm%22:%220.00%22,%22ltdb%22:%220.00%22,%22ltpst%22:%220.00%22,%22csmTot%22:%221.00%22%7D,%7B%22visible%22:%7B%22stime%22:%22637%22,%22duration%22:1684%7D,%22hidden%22:%7B%22stime%22:%222321%22,%22duration%22:0%7D,%22prerender%22:%7B%22stime%22:0,%22duration%22:0%7D,%22unloaded%22:%7B%22stime%22:0,%22duration%22:0%7D,%22states%22:%22vh%22%7D],%22pixelId%22:%22jr1pqppizh8%22,%22ts%22:1780585552825,%22ver%22:%22d-1.22%22%7D?cb=435841” was blocked because we are blocking all third-party storage access requests and Enhanced Tracking Protection is enabled."]
06-04 11:05:52.837 22947 22964 W Isolated Web Content: [JavaScript Warning: "Request to access cookie or storage on “https://aax.amazon-adsystem.com/x/px/AWhmS8ZET0ejg7RbkvMEMNFTWdXDtKBAp5bMp56WpFFKAAABnpMrTWwAAAGekytLsw/%7B%22adCsm%22:[%7B%22tld%22:%22www.drudgereport.com%22%7D,%7B%22ns%22:1780585550555,%22st%22:%22470.00%22,%22re%22:%22551.00%22,%22ldTot%22:%2281.00%22%7D,%7B%22lteu%22:%220.00%22,%22ltut%22:%220.00%22,%22ltpq%22:%220.00%22,%22lths%22:%220.00%22,%22ltpm%22:%220.00%22,%22ltdm%22:%220.00%22,%22ltdb%22:%220.00%22,%22ltpst%22:%220.00%22,%22csmTot%22:%222.00%22%7D,%7B%22visible%22:%7B%22stime%22:%22562%22,%22duration%22:1710%7D,%22hidden%22:%7B%22stime%22:%222272%22,%22duration%22:0%7D,%22prerender%22:%7B%22stime%22:0,%22duration%22:0%7D,%22unloaded%22:%7B%22stime%22:0,%22duration%22:0%7D,%22states%22:%22vh%22%7D],%22pixelId%22:%22p5z7nxa3cp%22,%22ts%22:1780585552827,%22ver%22:%22d-1.22%22%7D?cb=5946322” was blocked because we are blocking all third-party storage access requests and Enhanced Tracking Protection is enabled."]
06-04 11:05:52.837 22947 22964 W Isolated Web Content: [JavaScript Warning: "Request to access cookie or storage on “https://aax.amazon-adsystem.com/x/px/ARWJ_9nMiE3WjJah-48t1sWP4cFi4KxISrEBb0cGSJhIAAABnpMrTWwAAAGekytLsw/%7B%22adCsm%22:[%7B%22tld%22:%22www.drudgereport.com%22%7D,%7B%22ns%22:1780585550608,%22st%22:%22429.00%22,%22re%22:%22499.00%22,%22ldTot%22:%2270.00%22%7D,%7B%22lteu%22:%220.00%22,%22ltut%22:%220.00%22,%22ltpq%22:%220.00%22,%22lths%22:%220.00%22,%22ltpm%22:%220.00%22,%22ltdm%22:%220.00%22,%22ltdb%22:%220.00%22,%22ltpst%22:%220.00%22,%22csmTot%22:%222.00%22%7D,%7B%22visible%22:%7B%22stime%22:%22549%22,%22duration%22:1672%7D,%22hidden%22:%7B%22stime%22:%222221%22,%22duration%22:0%7D,%22prerender%22:%7B%22stime%22:0,%22duration%22:0%7D,%22unloaded%22:%7B%22stime%22:0,%22duration%22:0%7D,%22states%22:%22vh%22%7D],%22pixelId%22:%22yidz7t6ng1%22,%22ts%22:1780585552829,%22ver%22:%22d-1.22%22%7D?cb=1236037” was blocked because we are blocking all third-party storage access requests and Enhanced Tracking Protection is enabled."]
06-04 11:05:52.846 21770 21770 W View    : requestLayout() improperly called by helium314.keyboard.latin.panels.BrowserPanelView{9f8fbf9 V.E...... ........ 0,0-1440,2040} during second layout pass: posting in next frame
06-04 11:05:52.848 21770 21770 W View    : requestLayout() improperly called by helium314.keyboard.latin.panels.BrowserPanelView{9f8fbf9 V.E...... ......ID 0,0-1440,2040} during layout: running second layout pass
06-04 11:05:52.866 21770 21770 W View    : requestLayout() improperly called by helium314.keyboard.latin.panels.BrowserPanelView{9f8fbf9 V.E...... ........ 0,0-1440,2040} during second layout pass: posting in next frame
06-04 11:05:52.870 21770 21770 W View    : requestLayout() improperly called by helium314.keyboard.latin.panels.BrowserPanelView{9f8fbf9 V.E...... ......ID 0,0-1440,2040} during layout: running second layout pass
06-04 11:05:52.879 21770 21770 W View    : requestLayout() improperly called by helium314.keyboard.latin.panels.BrowserPanelView{9f8fbf9 V.E...... ........ 0,0-1440,2040} during second layout pass: posting in next frame
06-04 11:05:52.881 21770 21770 W View    : requestLayout() improperly called by helium314.keyboard.latin.panels.BrowserPanelView{9f8fbf9 V.E...... ......ID 0,0-1440,2040} during layout: running second layout pass
06-04 11:05:52.888 21770 21770 W View    : requestLayout() improperly called by helium314.keyboard.latin.panels.BrowserPanelView{9f8fbf9 V.E...... ........ 0,0-1440,2040} during second layout pass: posting in next frame
06-04 11:05:52.899 21770 21770 W View    : requestLayout() improperly called by helium314.keyboard.latin.panels.BrowserPanelView{9f8fbf9 V.E...... ......ID 0,0-1440,2040} during layout: running second layout pass
06-04 11:05:52.910 21770 21770 W View    : requestLayout() improperly called by helium314.keyboard.latin.panels.BrowserPanelView{9f8fbf9 V.E...... ........ 0,0-1440,2040} during second layout pass: posting in next frame
06-04 11:05:52.915 21770 21770 W View    : requestLayout() improperly called by helium314.keyboard.latin.panels.BrowserPanelView{9f8fbf9 V.E...... ......ID 0,0-1440,2040} during layout: running second layout pass
06-04 11:05:52.924 21770 21770 W View    : requestLayout() improperly called by helium314.keyboard.latin.panels.BrowserPanelView{9f8fbf9 V.E...... ........ 0,0-1440,2040} during second layout pass: posting in next frame
06-04 11:05:52.932 21770 21770 W View    : requestLayout() improperly called by helium314.keyboard.latin.panels.BrowserPanelView{9f8fbf9 V.E...... ......ID 0,0-1440,2040} during layout: running second layout pass
06-04 11:05:52.939 21770 21770 W View    : requestLayout() improperly called by helium314.keyboard.latin.panels.BrowserPanelView{9f8fbf9 V.E...... ........ 0,0-1440,2040} during second layout pass: posting in next frame
06-04 11:05:52.948 21770 21770 W View    : requestLayout() improperly called by helium314.keyboard.latin.panels.BrowserPanelView{9f8fbf9 V.E...... ......ID 0,0-1440,2040} during layout: running second layout pass
06-04 11:05:52.955 21770 21770 W View    : requestLayout() improperly called by helium314.keyboard.latin.panels.BrowserPanelView{9f8fbf9 V.E...... ........ 0,0-1440,2040} during second layout pass: posting in next frame
06-04 11:05:52.966 21770 21770 W View    : requestLayout() improperly called by helium314.keyboard.latin.panels.BrowserPanelView{9f8fbf9 V.E...... ......ID 0,0-1440,2040} during layout: running second layout pass
06-04 11:05:52.975 21770 21770 W View    : requestLayout() improperly called by helium314.keyboard.latin.panels.BrowserPanelView{9f8fbf9 V.E...... ........ 0,0-1440,2040} during second layout pass: posting in next frame
06-04 11:05:52.983 21770 21770 W View    : requestLayout() improperly called by helium314.keyboard.latin.panels.BrowserPanelView{9f8fbf9 V.E...... ......ID 0,0-1440,2040} during layout: running second layout pass
06-04 11:05:52.991 21770 21770 W View    : requestLayout() improperly called by helium314.keyboard.latin.panels.BrowserPanelView{9f8fbf9 V.E...... ........ 0,0-1440,2040} during second layout pass: posting in next frame
06-04 11:05:52.999 21770 21770 W View    : requestLayout() improperly called by helium314.keyboard.latin.panels.BrowserPanelView{9f8fbf9 V.E...... ......ID 0,0-1440,2040} during layout: running second layout pass
06-04 11:05:53.008 21770 21770 W View    : requestLayout() improperly called by helium314.keyboard.latin.panels.BrowserPanelView{9f8fbf9 V.E...... ........ 0,0-1440,2040} during second layout pass: posting in next frame
06-04 11:05:53.016 21770 21770 W View    : requestLayout() improperly called by helium314.keyboard.latin.panels.BrowserPanelView{9f8fbf9 V.E...... ......ID 0,0-1440,2040} during layout: running second layout pass
06-04 11:05:53.024 21770 21770 W View    : requestLayout() improperly called by helium314.keyboard.latin.panels.BrowserPanelView{9f8fbf9 V.E...... ........ 0,0-1440,2040} during second layout pass: posting in next frame
06-04 11:05:53.033 21770 21770 W View    : requestLayout() improperly called by helium314.keyboard.latin.panels.BrowserPanelView{9f8fbf9 V.E...... ......ID 0,0-1440,2040} during layout: running second layout pass
06-04 11:05:53.044 21770 21770 W View    : requestLayout() improperly called by helium314.keyboard.latin.panels.BrowserPanelView{9f8fbf9 V.E...... ........ 0,0-1440,2040} during second layout pass: posting in next frame
06-04 11:05:53.050 21770 21770 W View    : requestLayout() improperly called by helium314.keyboard.latin.panels.BrowserPanelView{9f8fbf9 V.E...... ......ID 0,0-1440,2040} during layout: running second layout pass
06-04 11:05:53.063 21770 21770 W View    : requestLayout() improperly called by helium314.keyboard.latin.panels.BrowserPanelView{9f8fbf9 V.E...... ........ 0,0-1440,2040} during second layout pass: posting in next frame
06-04 11:05:53.067 21770 21770 W View    : requestLayout() improperly called by helium314.keyboard.latin.panels.BrowserPanelView{9f8fbf9 V.E...... ......ID 0,0-1440,2040} during layout: running second layout pass
06-04 11:05:53.079 21770 21770 W View    : requestLayout() improperly called by helium314.keyboard.latin.panels.BrowserPanelView{9f8fbf9 V.E...... ........ 0,0-1440,2040} during second layout pass: posting in next frame
06-04 11:05:53.083 21770 21770 W View    : requestLayout() improperly called by helium314.keyboard.latin.panels.BrowserPanelView{9f8fbf9 V.E...... ......ID 0,0-1440,2040} during layout: running second layout pass
06-04 11:05:53.097 21770 21770 W View    : requestLayout() improperly called by helium314.keyboard.latin.panels.BrowserPanelView{9f8fbf9 V.E...... ........ 0,0-1440,2040} during second layout pass: posting in next frame
06-04 11:05:53.101 21770 21770 W View    : requestLayout() improperly called by helium314.keyboard.latin.panels.BrowserPanelView{9f8fbf9 V.E...... ......ID 0,0-1440,2040} during layout: running second layout pass
06-04 11:05:53.116 21770 21770 W View    : requestLayout() improperly called by helium314.keyboard.latin.panels.BrowserPanelView{9f8fbf9 V.E...... ........ 0,0-1440,2040} during second layout pass: posting in next frame
06-04 11:05:53.119 21770 21770 W View    : requestLayout() improperly called by helium314.keyboard.latin.panels.BrowserPanelView{9f8fbf9 V.E...... ......I. 0,0-1440,2040} during layout: running second layout pass
06-04 11:05:53.129 21770 21770 W View    : requestLayout() improperly called by helium314.keyboard.latin.panels.BrowserPanelView{9f8fbf9 V.E...... ........ 0,0-1440,2040} during second layout pass: posting in next frame
06-04 11:05:53.133 21770 21770 W View    : requestLayout() improperly called by helium314.keyboard.latin.panels.BrowserPanelView{9f8fbf9 V.E...... ......ID 0,0-1440,2040} during layout: running second layout pass
06-04 11:05:53.145 21770 21770 W View    : requestLayout() improperly called by helium314.keyboard.latin.panels.BrowserPanelView{9f8fbf9 V.E...... ........ 0,0-1440,2040} during second layout pass: posting in next frame
06-04 11:05:53.155 21770 21770 W View    : requestLayout() improperly called by helium314.keyboard.latin.panels.BrowserPanelView{9f8fbf9 V.E...... ......I. 0,0-1440,2040} during layout: running second layout pass
06-04 11:05:53.163 21770 21770 W View    : requestLayout() improperly called by helium314.keyboard.latin.panels.BrowserPanelView{9f8fbf9 V.E...... ........ 0,0-1440,2040} during second layout pass: posting in next frame
06-04 11:05:53.168 21770 21770 W View    : requestLayout() improperly called by helium314.keyboard.latin.panels.BrowserPanelView{9f8fbf9 V.E...... ......I. 0,0-1440,2040} during layout: running second layout pass
06-04 11:05:53.178 21770 21770 W View    : requestLayout() improperly called by helium314.keyboard.latin.panels.BrowserPanelView{9f8fbf9 V.E...... ........ 0,0-1440,2040} during second layout pass: posting in next frame
06-04 11:05:53.184 21770 21770 W View    : requestLayout() improperly called by helium314.keyboard.latin.panels.BrowserPanelView{9f8fbf9 V.E...... ......I. 0,0-1440,2040} during layout: running second layout pass
06-04 11:05:53.196 21770 21770 W View    : requestLayout() improperly called by helium314.keyboard.latin.panels.BrowserPanelView{9f8fbf9 V.E...... ........ 0,0-1440,2040} during second layout pass: posting in next frame
06-04 11:05:53.201 21770 21770 W View    : requestLayout() improperly called by helium314.keyboard.latin.panels.BrowserPanelView{9f8fbf9 V.E...... ......I. 0,0-1440,2040} during layout: running second layout pass
06-04 11:05:53.212 21770 21770 W View    : requestLayout() improperly called by helium314.keyboard.latin.panels.BrowserPanelView{9f8fbf9 V.E...... ........ 0,0-1440,2040} during second layout pass: posting in next frame
06-04 11:05:53.218 21770 21770 W View    : requestLayout() improperly called by helium314.keyboard.latin.panels.BrowserPanelView{9f8fbf9 V.E...... ......I. 0,0-1440,2040} during layout: running second layout pass
06-04 11:05:53.229 21770 21770 W View    : requestLayout() improperly called by helium314.keyboard.latin.panels.BrowserPanelView{9f8fbf9 V.E...... ........ 0,0-1440,2040} during second layout pass: posting in next frame
06-04 11:05:53.234 21770 21770 W View    : requestLayout() improperly called by helium314.keyboard.latin.panels.BrowserPanelView{9f8fbf9 V.E...... ......I. 0,0-1440,2040} during layout: running second layout pass
06-04 11:05:53.245 21770 21770 W View    : requestLayout() improperly called by helium314.keyboard.latin.panels.BrowserPanelView{9f8fbf9 V.E...... ........ 0,0-1440,2040} during second layout pass: posting in next frame
06-04 11:05:53.249 21770 21770 W View    : requestLayout() improperly called by helium314.keyboard.latin.panels.BrowserPanelView{9f8fbf9 V.E...... ......I. 0,0-1440,2040} during layout: running second layout pass
06-04 11:05:53.265 21770 21770 W View    : requestLayout() improperly called by helium314.keyboard.latin.panels.BrowserPanelView{9f8fbf9 V.E...... ........ 0,0-1440,2040} during second layout pass: posting in next frame
06-04 11:05:53.268 21770 21770 W View    : requestLayout() improperly called by helium314.keyboard.latin.panels.BrowserPanelView{9f8fbf9 V.E...... ......I. 0,0-1440,2040} during layout: running second layout pass
06-04 11:05:53.276 21770 21770 W View    : requestLayout() improperly called by helium314.keyboard.latin.panels.BrowserPanelView{9f8fbf9 V.E...... ........ 0,0-1440,2040} during second layout pass: posting in next frame
06-04 11:05:53.285 21770 21770 W View    : requestLayout() improperly called by helium314.keyboard.latin.panels.BrowserPanelView{9f8fbf9 V.E...... ......I. 0,0-1440,2040} during layout: running second layout pass
06-04 11:05:53.297 21770 21770 W View    : requestLayout() improperly called by helium314.keyboard.latin.panels.BrowserPanelView{9f8fbf9 V.E...... ........ 0,0-1440,2040} during second layout pass: posting in next frame
06-04 11:05:53.302 21770 21770 W View    : requestLayout() improperly called by helium314.keyboard.latin.panels.BrowserPanelView{9f8fbf9 V.E...... ......I. 0,0-1440,2040} during layout: running second layout pass
06-04 11:05:53.309 21770 21770 W View    : requestLayout() improperly called by helium314.keyboard.latin.panels.BrowserPanelView{9f8fbf9 V.E...... ........ 0,0-1440,2040} during second layout pass: posting in next frame
06-04 11:05:53.316 21770 21770 W View    : requestLayout() improperly called by helium314.keyboard.latin.panels.BrowserPanelView{9f8fbf9 V.E...... ......I. 0,0-1440,2040} during layout: running second layout pass
06-04 11:05:53.326 21770 21770 W View    : requestLayout() improperly called by helium314.keyboard.latin.panels.BrowserPanelView{9f8fbf9 V.E...... ........ 0,0-1440,2040} during second layout pass: posting in next frame
06-04 11:05:53.333 21770 21770 W View    : requestLayout() improperly called by helium314.keyboard.latin.panels.BrowserPanelView{9f8fbf9 V.E...... ......I. 0,0-1440,2040} during layout: running second layout pass
06-04 11:05:53.346 21770 21770 W View    : requestLayout() improperly called by helium314.keyboard.latin.panels.BrowserPanelView{9f8fbf9 V.E...... ........ 0,0-1440,2040} during second layout pass: posting in next frame
06-04 11:05:53.350 21770 21770 W View    : requestLayout() improperly called by helium314.keyboard.latin.panels.BrowserPanelView{9f8fbf9 V.E...... ......I. 0,0-1440,2040} during layout: running second layout pass
06-04 11:05:53.360 21770 21770 W View    : requestLayout() improperly called by helium314.keyboard.latin.panels.BrowserPanelView{9f8fbf9 V.E...... ........ 0,0-1440,2040} during second layout pass: posting in next frame
06-04 11:05:53.366 21770 21770 W View    : requestLayout() improperly called by helium314.keyboard.latin.panels.BrowserPanelView{9f8fbf9 V.E...... ......I. 0,0-1440,2040} during layout: running second layout pass
06-04 11:05:53.377 21770 21770 W View    : requestLayout() improperly called by helium314.keyboard.latin.panels.BrowserPanelView{9f8fbf9 V.E...... ........ 0,0-1440,2040} during second layout pass: posting in next frame
06-04 11:05:53.384 21770 21770 W View    : requestLayout() improperly called by helium314.keyboard.latin.panels.BrowserPanelView{9f8fbf9 V.E...... ......I. 0,0-1440,2040} during layout: running second layout pass
06-04 11:05:53.395 21770 21770 W View    : requestLayout() improperly called by helium314.keyboard.latin.panels.BrowserPanelView{9f8fbf9 V.E...... ........ 0,0-1440,2040} during second layout pass: posting in next frame
06-04 11:05:53.400 21770 21770 W View    : requestLayout() improperly called by helium314.keyboard.latin.panels.BrowserPanelView{9f8fbf9 V.E...... ......I. 0,0-1440,2040} during layout: running second layout pass
06-04 11:05:53.414 21770 21770 W View    : requestLayout() improperly called by helium314.keyboard.latin.panels.BrowserPanelView{9f8fbf9 V.E...... ........ 0,0-1440,2040} during second layout pass: posting in next frame
06-04 11:05:53.417 21770 21770 W View    : requestLayout() improperly called by helium314.keyboard.latin.panels.BrowserPanelView{9f8fbf9 V.E...... ......I. 0,0-1440,2040} during layout: running second layout pass
06-04 11:05:53.430 21770 21770 W View    : requestLayout() improperly called by helium314.keyboard.latin.panels.BrowserPanelView{9f8fbf9 V.E...... ........ 0,0-1440,2040} during second layout pass: posting in next frame
06-04 11:05:53.434 21770 21770 W View    : requestLayout() improperly called by helium314.keyboard.latin.panels.BrowserPanelView{9f8fbf9 V.E...... ......I. 0,0-1440,2040} during layout: running second layout pass
06-04 11:05:53.445 21770 21770 W View    : requestLayout() improperly called by helium314.keyboard.latin.panels.BrowserPanelView{9f8fbf9 V.E...... ........ 0,0-1440,2040} during second layout pass: posting in next frame
06-04 11:05:53.450 21770 21770 W View    : requestLayout() improperly called by helium314.keyboard.latin.panels.BrowserPanelView{9f8fbf9 V.E...... ......I. 0,0-1440,2040} during layout: running second layout pass
06-04 11:05:53.459 21770 21770 W View    : requestLayout() improperly called by helium314.keyboard.latin.panels.BrowserPanelView{9f8fbf9 V.E...... ........ 0,0-1440,2040} during second layout pass: posting in next frame
06-04 11:05:53.467 21770 21770 W View    : requestLayout() improperly called by helium314.keyboard.latin.panels.BrowserPanelView{9f8fbf9 V.E...... ......I. 0,0-1440,2040} during layout: running second layout pass
06-04 11:05:53.473 21770 21770 W View    : requestLayout() improperly called by helium314.keyboard.latin.panels.BrowserPanelView{9f8fbf9 V.E...... ........ 0,0-1440,2040} during second layout pass: posting in next frame
06-04 11:05:53.486 21770 21770 W View    : requestLayout() improperly called by helium314.keyboard.latin.panels.BrowserPanelView{9f8fbf9 V.E...... ......I. 0,0-1440,2040} during layout: running second layout pass
06-04 11:05:53.497 21770 21770 W View    : requestLayout() improperly called by helium314.keyboard.latin.panels.BrowserPanelView{9f8fbf9 V.E...... ........ 0,0-1440,2040} during second layout pass: posting in next frame
06-04 11:05:53.501 21770 21770 W View    : requestLayout() improperly called by helium314.keyboard.latin.panels.BrowserPanelView{9f8fbf9 V.E...... ......I. 0,0-1440,2040} during layout: running second layout pass
06-04 11:05:53.514 21770 21770 W View    : requestLayout() improperly called by helium314.keyboard.latin.panels.BrowserPanelView{9f8fbf9 V.E...... ........ 0,0-1440,2040} during second layout pass: posting in next frame
06-04 11:05:53.520 21770 21770 W View    : requestLayout() improperly called by helium314.keyboard.latin.panels.BrowserPanelView{9f8fbf9 V.E...... ......ID 0,0-1440,2040} during layout: running second layout pass
06-04 11:05:53.534 21770 21770 W View    : requestLayout() improperly called by helium314.keyboard.latin.panels.BrowserPanelView{9f8fbf9 V.E...... ........ 0,0-1440,2040} during second layout pass: posting in next frame
06-04 11:05:53.537 21770 21770 W View    : requestLayout() improperly called by helium314.keyboard.latin.panels.BrowserPanelView{9f8fbf9 V.E...... ......ID 0,0-1440,2040} during layout: running second layout pass
06-04 11:05:53.546 21770 21770 W View    : requestLayout() improperly called by helium314.keyboard.latin.panels.BrowserPanelView{9f8fbf9 V.E...... ........ 0,0-1440,2040} during second layout pass: posting in next frame
06-04 11:05:53.550 21770 21770 W View    : requestLayout() improperly called by helium314.keyboard.latin.panels.BrowserPanelView{9f8fbf9 V.E...... ......I. 0,0-1440,2040} during layout: running second layout pass
06-04 11:05:53.564 21770 21770 W View    : requestLayout() improperly called by helium314.keyboard.latin.panels.BrowserPanelView{9f8fbf9 V.E...... ........ 0,0-1440,2040} during second layout pass: posting in next frame
06-04 11:05:53.567 21770 21770 W View    : requestLayout() improperly called by helium314.keyboard.latin.panels.BrowserPanelView{9f8fbf9 V.E...... ......I. 0,0-1440,2040} during layout: running second layout pass
