06-02 16:50:52.858  6484  6484 W View    : requestLayout() improperly called by helium314.keyboard.latin.panels.BrowserPanelView{c0bc499 V.E...... ......I. 0,0-1440,2040} during layout: running second layout pass
06-02 16:50:52.861  6484  6484 W View    : requestLayout() improperly called by helium314.keyboard.latin.panels.BrowserPanelView{c0bc499 V.E...... ........ 0,0-1440,2040} during second layout pass: posting in next frame
06-02 16:50:52.876  6484  6484 W View    : requestLayout() improperly called by helium314.keyboard.latin.panels.BrowserPanelView{c0bc499 V.E...... ......I. 0,0-1440,2040} during layout: running second layout pass
06-02 16:50:52.878  6484  6484 W View    : requestLayout() improperly called by helium314.keyboard.latin.panels.BrowserPanelView{c0bc499 V.E...... ........ 0,0-1440,2040} during second layout pass: posting in next frame
06-02 16:50:52.892  6484  6484 W View    : requestLayout() improperly called by helium314.keyboard.latin.panels.BrowserPanelView{c0bc499 V.E...... ......I. 0,0-1440,2040} during layout: running second layout pass
06-02 16:50:52.895  6484  6484 W View    : requestLayout() improperly called by helium314.keyboard.latin.panels.BrowserPanelView{c0bc499 V.E...... ........ 0,0-1440,2040} during second layout pass: posting in next frame
06-02 16:50:52.909  6484  6484 W View    : requestLayout() improperly called by helium314.keyboard.latin.panels.BrowserPanelView{c0bc499 V.E...... ......I. 0,0-1440,2040} during layout: running second layout pass
06-02 16:50:52.912  6484  6484 W View    : requestLayout() improperly called by helium314.keyboard.latin.panels.BrowserPanelView{c0bc499 V.E...... ........ 0,0-1440,2040} during second layout pass: posting in next frame
06-02 16:50:52.926  6484  6484 W View    : requestLayout() improperly called by helium314.keyboard.latin.panels.BrowserPanelView{c0bc499 V.E...... ......I. 0,0-1440,2040} during layout: running second layout pass
06-02 16:50:52.929  6484  6484 W View    : requestLayout() improperly called by helium314.keyboard.latin.panels.BrowserPanelView{c0bc499 V.E...... ........ 0,0-1440,2040} during second layout pass: posting in next frame
06-02 16:50:52.942  6484  6484 W View    : requestLayout() improperly called by helium314.keyboard.latin.panels.BrowserPanelView{c0bc499 V.E...... ......I. 0,0-1440,2040} during layout: running second layout pass
06-02 16:50:52.945  6484  6484 W View    : requestLayout() improperly called by helium314.keyboard.latin.panels.BrowserPanelView{c0bc499 V.E...... ........ 0,0-1440,2040} during second layout pass: posting in next frame
06-02 16:50:52.959  6484  6484 W View    : requestLayout() improperly called by helium314.keyboard.latin.panels.BrowserPanelView{c0bc499 V.E...... ......I. 0,0-1440,2040} during layout: running second layout pass
06-02 16:50:52.962  6484  6484 W View    : requestLayout() improperly called by helium314.keyboard.latin.panels.BrowserPanelView{c0bc499 V.E...... ........ 0,0-1440,2040} during second layout pass: posting in next frame
06-02 16:50:52.976  6484  6484 W View    : requestLayout() improperly called by helium314.keyboard.latin.panels.BrowserPanelView{c0bc499 V.E...... ......ID 0,0-1440,2040} during layout: running second layout pass
06-02 16:50:52.979  6484  6484 W View    : requestLayout() improperly called by helium314.keyboard.latin.panels.BrowserPanelView{c0bc499 V.E...... ........ 0,0-1440,2040} during second layout pass: posting in next frame
06-02 16:50:52.992  6484  6484 W View    : requestLayout() improperly called by helium314.keyboard.latin.panels.BrowserPanelView{c0bc499 V.E...... ......I. 0,0-1440,2040} during layout: running second layout pass
06-02 16:50:52.996  6484  6484 W View    : requestLayout() improperly called by helium314.keyboard.latin.panels.BrowserPanelView{c0bc499 V.E...... ........ 0,0-1440,2040} during second layout pass: posting in next frame
06-02 16:50:53.010  6484  6484 W View    : requestLayout() improperly called by helium314.keyboard.latin.panels.BrowserPanelView{c0bc499 V.E...... ......I. 0,0-1440,2040} during layout: running second layout pass
06-02 16:50:53.013  6484  6484 W View    : requestLayout() improperly called by helium314.keyboard.latin.panels.BrowserPanelView{c0bc499 V.E...... ........ 0,0-1440,2040} during second layout pass: posting in next frame
06-02 16:50:53.026  6484  6484 W View    : requestLayout() improperly called by helium314.keyboard.latin.panels.BrowserPanelView{c0bc499 V.E...... ......I. 0,0-1440,2040} during layout: running second layout pass
06-02 16:50:53.030  6484  6484 W View    : requestLayout() improperly called by helium314.keyboard.latin.panels.BrowserPanelView{c0bc499 V.E...... ........ 0,0-1440,2040} during second layout pass: posting in next frame
06-02 16:50:53.043  6484  6484 W View    : requestLayout() improperly called by helium314.keyboard.latin.panels.BrowserPanelView{c0bc499 V.E...... ......I. 0,0-1440,2040} during layout: running second layout pass
06-02 16:50:53.047  6484  6484 W View    : requestLayout() improperly called by helium314.keyboard.latin.panels.BrowserPanelView{c0bc499 V.E...... ........ 0,0-1440,2040} during second layout pass: posting in next frame
06-02 16:50:53.060  6484  6484 W View    : requestLayout() improperly called by helium314.keyboard.latin.panels.BrowserPanelView{c0bc499 V.E...... ......I. 0,0-1440,2040} during layout: running second layout pass
06-02 16:50:53.063  6484  6484 W View    : requestLayout() improperly called by helium314.keyboard.latin.panels.BrowserPanelView{c0bc499 V.E...... ........ 0,0-1440,2040} during second layout pass: posting in next frame
06-02 16:50:53.076  6484  6484 W View    : requestLayout() improperly called by helium314.keyboard.latin.panels.BrowserPanelView{c0bc499 V.E...... ......I. 0,0-1440,2040} during layout: running second layout pass
06-02 16:50:53.079  6484  6484 W View    : requestLayout() improperly called by helium314.keyboard.latin.panels.BrowserPanelView{c0bc499 V.E...... ........ 0,0-1440,2040} during second layout pass: posting in next frame
06-02 16:50:53.093  6484  6484 W View    : requestLayout() improperly called by helium314.keyboard.latin.panels.BrowserPanelView{c0bc499 V.E...... ......I. 0,0-1440,2040} during layout: running second layout pass
06-02 16:50:53.100  6484  6484 W View    : requestLayout() improperly called by helium314.keyboard.latin.panels.BrowserPanelView{c0bc499 V.E...... ........ 0,0-1440,2040} during second layout pass: posting in next frame
06-02 16:50:53.109  6484  6484 W View    : requestLayout() improperly called by helium314.keyboard.latin.panels.BrowserPanelView{c0bc499 V.E...... ......I. 0,0-1440,2040} during layout: running second layout pass
06-02 16:50:53.113  6484  6484 W View    : requestLayout() improperly called by helium314.keyboard.latin.panels.BrowserPanelView{c0bc499 V.E...... ........ 0,0-1440,2040} during second layout pass: posting in next frame
06-02 16:50:53.126  6484  6484 W View    : requestLayout() improperly called by helium314.keyboard.latin.panels.BrowserPanelView{c0bc499 V.E...... ......I. 0,0-1440,2040} during layout: running second layout pass
06-02 16:50:53.129  6484  6484 W View    : requestLayout() improperly called by helium314.keyboard.latin.panels.BrowserPanelView{c0bc499 V.E...... ........ 0,0-1440,2040} during second layout pass: posting in next frame
06-02 16:50:53.143  6484  6484 W View    : requestLayout() improperly called by helium314.keyboard.latin.panels.BrowserPanelView{c0bc499 V.E...... ......I. 0,0-1440,2040} during layout: running second layout pass
06-02 16:50:53.146  6484  6484 W View    : requestLayout() improperly called by helium314.keyboard.latin.panels.BrowserPanelView{c0bc499 V.E...... ........ 0,0-1440,2040} during second layout pass: posting in next frame
06-02 16:50:53.159  6484  6484 W View    : requestLayout() improperly called by helium314.keyboard.latin.panels.BrowserPanelView{c0bc499 V.E...... ......I. 0,0-1440,2040} during layout: running second layout pass
06-02 16:50:53.136  6484  6484 W com.vibekey.keyboard: type=1400 audit(0.0:60765): avc: denied { nlmsg_readpriv } for comm=536F636B657420546872656164 scontext=u:r:untrusted_app:s0:c55,c271,c512,c768 tcontext=u:r:untrusted_app:s0:c55,c271,c512,c768 tclass=netlink_route_socket permissive=0 bug=b/155595000 app=com.vibekey.keyboard
06-02 16:50:53.162  6484  6484 W View    : requestLayout() improperly called by helium314.keyboard.latin.panels.BrowserPanelView{c0bc499 V.E...... ........ 0,0-1440,2040} during second layout pass: posting in next frame
06-02 16:50:53.176  6484  6484 W View    : requestLayout() improperly called by helium314.keyboard.latin.panels.BrowserPanelView{c0bc499 V.E...... ......I. 0,0-1440,2040} during layout: running second layout pass
06-02 16:50:53.179  6484  6484 W View    : requestLayout() improperly called by helium314.keyboard.latin.panels.BrowserPanelView{c0bc499 V.E...... ........ 0,0-1440,2040} during second layout pass: posting in next frame
06-02 16:50:53.193  6484  6484 W View    : requestLayout() improperly called by helium314.keyboard.latin.panels.BrowserPanelView{c0bc499 V.E...... ......I. 0,0-1440,2040} during layout: running second layout pass
06-02 16:50:53.196  6484  6484 W View    : requestLayout() improperly called by helium314.keyboard.latin.panels.BrowserPanelView{c0bc499 V.E...... ........ 0,0-1440,2040} during second layout pass: posting in next frame
06-02 16:50:53.209  6484  6484 W View    : requestLayout() improperly called by helium314.keyboard.latin.panels.BrowserPanelView{c0bc499 V.E...... ......I. 0,0-1440,2040} during layout: running second layout pass
06-02 16:50:53.213  6484  6484 W View    : requestLayout() improperly called by helium314.keyboard.latin.panels.BrowserPanelView{c0bc499 V.E...... ........ 0,0-1440,2040} during second layout pass: posting in next frame
06-02 16:50:53.216  6484  6484 W com.vibekey.keyboard: type=1400 audit(0.0:60766): avc: denied { nlmsg_readpriv } for comm=536F636B657420546872656164 scontext=u:r:untrusted_app:s0:c55,c271,c512,c768 tcontext=u:r:untrusted_app:s0:c55,c271,c512,c768 tclass=netlink_route_socket permissive=0 bug=b/155595000 app=com.vibekey.keyboard
06-02 16:50:53.227  6484  6484 W View    : requestLayout() improperly called by helium314.keyboard.latin.panels.BrowserPanelView{c0bc499 V.E...... ......I. 0,0-1440,2040} during layout: running second layout pass
06-02 16:50:53.231  6484  6484 W View    : requestLayout() improperly called by helium314.keyboard.latin.panels.BrowserPanelView{c0bc499 V.E...... ........ 0,0-1440,2040} during second layout pass: posting in next frame
06-02 16:50:53.243  6484  6484 W View    : requestLayout() improperly called by helium314.keyboard.latin.panels.BrowserPanelView{c0bc499 V.E...... ......I. 0,0-1440,2040} during layout: running second layout pass
06-02 16:50:53.247  6484  6484 W View    : requestLayout() improperly called by helium314.keyboard.latin.panels.BrowserPanelView{c0bc499 V.E...... ........ 0,0-1440,2040} during second layout pass: posting in next frame
06-02 16:50:53.260  6484  6484 W View    : requestLayout() improperly called by helium314.keyboard.latin.panels.BrowserPanelView{c0bc499 V.E...... ......I. 0,0-1440,2040} during layout: running second layout pass
06-02 16:50:53.262  6484  6484 W View    : requestLayout() improperly called by helium314.keyboard.latin.panels.BrowserPanelView{c0bc499 V.E...... ........ 0,0-1440,2040} during second layout pass: posting in next frame
06-02 16:50:53.270 10605 10621 W AudioCapabilities: Unsupported mime audio/ffmpeg
06-02 16:50:53.271 10605 10621 W VideoCapabilities: Unsupported mime video/ffmpeg
06-02 16:50:53.271 10605 10621 W VideoCapabilities: Unrecognized profile/level 0/3 for video/mpeg2
06-02 16:50:53.271 10605 10621 W VideoCapabilities: Unrecognized profile/level 0/3 for video/mpeg2
06-02 16:50:53.277  6484  6484 W View    : requestLayout() improperly called by helium314.keyboard.latin.panels.BrowserPanelView{c0bc499 V.E...... ......I. 0,0-1440,2040} during layout: running second layout pass
06-02 16:50:53.280  6484  6484 W View    : requestLayout() improperly called by helium314.keyboard.latin.panels.BrowserPanelView{c0bc499 V.E...... ........ 0,0-1440,2040} during second layout pass: posting in next frame
06-02 16:50:53.300  6484  6484 W View    : requestLayout() improperly called by helium314.keyboard.latin.panels.BrowserPanelView{c0bc499 V.E...... ......I. 0,0-1440,2040} during layout: running second layout pass
06-02 16:50:53.305  6484  6484 W View    : requestLayout() improperly called by helium314.keyboard.latin.panels.BrowserPanelView{c0bc499 V.E...... ........ 0,0-1440,2040} during second layout pass: posting in next frame
06-02 16:50:53.311  6484  6484 W View    : requestLayout() improperly called by helium314.keyboard.latin.panels.BrowserPanelView{c0bc499 V.E...... ......I. 0,0-1440,2040} during layout: running second layout pass
06-02 16:50:53.314  6484  6484 W View    : requestLayout() improperly called by helium314.keyboard.latin.panels.BrowserPanelView{c0bc499 V.E...... ........ 0,0-1440,2040} during second layout pass: posting in next frame
06-02 16:50:53.328  6484  6484 W View    : requestLayout() improperly called by helium314.keyboard.latin.panels.BrowserPanelView{c0bc499 V.E...... ......I. 0,0-1440,2040} during layout: running second layout pass
06-02 16:50:53.331  6484  6484 W View    : requestLayout() improperly called by helium314.keyboard.latin.panels.BrowserPanelView{c0bc499 V.E...... ........ 0,0-1440,2040} during second layout pass: posting in next frame
06-02 16:50:53.343  6484  6484 W View    : requestLayout() improperly called by helium314.keyboard.latin.panels.BrowserPanelView{c0bc499 V.E...... ......I. 0,0-1440,2040} during layout: running second layout pass
06-02 16:50:53.347  6484  6484 W View    : requestLayout() improperly called by helium314.keyboard.latin.panels.BrowserPanelView{c0bc499 V.E...... ........ 0,0-1440,2040} during second layout pass: posting in next frame
06-02 16:50:53.360  6484  6484 W View    : requestLayout() improperly called by helium314.keyboard.latin.panels.BrowserPanelView{c0bc499 V.E...... ......I. 0,0-1440,2040} during layout: running second layout pass
06-02 16:50:53.364  6484  6484 W View    : requestLayout() improperly called by helium314.keyboard.latin.panels.BrowserPanelView{c0bc499 V.E...... ........ 0,0-1440,2040} during second layout pass: posting in next frame
06-02 16:50:53.377  6484  6484 W View    : requestLayout() improperly called by helium314.keyboard.latin.panels.BrowserPanelView{c0bc499 V.E...... ......I. 0,0-1440,2040} during layout: running second layout pass
06-02 16:50:53.382  6484  6484 W View    : requestLayout() improperly called by helium314.keyboard.latin.panels.BrowserPanelView{c0bc499 V.E...... ........ 0,0-1440,2040} during second layout pass: posting in next frame
06-02 16:50:53.393  6484  6484 W View    : requestLayout() improperly called by helium314.keyboard.latin.panels.BrowserPanelView{c0bc499 V.E...... ......I. 0,0-1440,2040} during layout: running second layout pass
06-02 16:50:53.397  6484  6484 W View    : requestLayout() improperly called by helium314.keyboard.latin.panels.BrowserPanelView{c0bc499 V.E...... ........ 0,0-1440,2040} during second layout pass: posting in next frame
06-02 16:50:53.411  6484  6484 W View    : requestLayout() improperly called by helium314.keyboard.latin.panels.BrowserPanelView{c0bc499 V.E...... ......I. 0,0-1440,2040} during layout: running second layout pass
06-02 16:50:53.413  6484  6484 W View    : requestLayout() improperly called by helium314.keyboard.latin.panels.BrowserPanelView{c0bc499 V.E...... ........ 0,0-1440,2040} during second layout pass: posting in next frame
06-02 16:50:53.427  6484  6484 W View    : requestLayout() improperly called by helium314.keyboard.latin.panels.BrowserPanelView{c0bc499 V.E...... ......I. 0,0-1440,2040} during layout: running second layout pass
06-02 16:50:53.430  6484  6484 W View    : requestLayout() improperly called by helium314.keyboard.latin.panels.BrowserPanelView{c0bc499 V.E...... ........ 0,0-1440,2040} during second layout pass: posting in next frame
06-02 16:50:53.444  6484  6484 W View    : requestLayout() improperly called by helium314.keyboard.latin.panels.BrowserPanelView{c0bc499 V.E...... ......I. 0,0-1440,2040} during layout: running second layout pass
06-02 16:50:53.447  6484  6484 W View    : requestLayout() improperly called by helium314.keyboard.latin.panels.BrowserPanelView{c0bc499 V.E...... ........ 0,0-1440,2040} during second layout pass: posting in next frame
06-02 16:50:53.460  6484  6484 W View    : requestLayout() improperly called by helium314.keyboard.latin.panels.BrowserPanelView{c0bc499 V.E...... ......I. 0,0-1440,2040} during layout: running second layout pass
06-02 16:50:53.463  6484  6484 W View    : requestLayout() improperly called by helium314.keyboard.latin.panels.BrowserPanelView{c0bc499 V.E...... ........ 0,0-1440,2040} during second layout pass: posting in next frame
06-02 16:50:53.477  6484  6484 W View    : requestLayout() improperly called by helium314.keyboard.latin.panels.BrowserPanelView{c0bc499 V.E...... ......ID 0,0-1440,2040} during layout: running second layout pass
06-02 16:50:53.480  6484  6484 W View    : requestLayout() improperly called by helium314.keyboard.latin.panels.BrowserPanelView{c0bc499 V.E...... ........ 0,0-1440,2040} during second layout pass: posting in next frame
06-02 16:50:53.494  6484  6484 W View    : requestLayout() improperly called by helium314.keyboard.latin.panels.BrowserPanelView{c0bc499 V.E...... ......I. 0,0-1440,2040} during layout: running second layout pass
06-02 16:50:53.498  6484  6484 W View    : requestLayout() improperly called by helium314.keyboard.latin.panels.BrowserPanelView{c0bc499 V.E...... ........ 0,0-1440,2040} during second layout pass: posting in next frame
06-02 16:50:53.502 10605 10621 W Isolated Web Content: [JavaScript Warning: "The script from “https://tag.wknd.ai/340/i.js” was loaded even though its MIME type (“text/plain”) is not a valid JavaScript MIME type." {file: "https://www.cnn.com/" line: 0}]
06-02 16:50:53.512  6484  6484 W View    : requestLayout() improperly called by helium314.keyboard.latin.panels.BrowserPanelView{c0bc499 V.E...... ......I. 0,0-1440,2040} during layout: running second layout pass
06-02 16:50:53.515  6484  6484 W View    : requestLayout() improperly called by helium314.keyboard.latin.panels.BrowserPanelView{c0bc499 V.E...... ........ 0,0-1440,2040} during second layout pass: posting in next frame
06-02 16:50:53.527  6484  6484 W View    : requestLayout() improperly called by helium314.keyboard.latin.panels.BrowserPanelView{c0bc499 V.E...... ......I. 0,0-1440,2040} during layout: running second layout pass
06-02 16:50:53.531  6484  6484 W View    : requestLayout() improperly called by helium314.keyboard.latin.panels.BrowserPanelView{c0bc499 V.E...... ........ 0,0-1440,2040} during second layout pass: posting in next frame
06-02 16:50:53.544  6484  6484 W View    : requestLayout() improperly called by helium314.keyboard.latin.panels.BrowserPanelView{c0bc499 V.E...... ......I. 0,0-1440,2040} during layout: running second layout pass
06-02 16:50:53.547  6484  6484 W View    : requestLayout() improperly called by helium314.keyboard.latin.panels.BrowserPanelView{c0bc499 V.E...... ........ 0,0-1440,2040} during second layout pass: posting in next frame
06-02 16:50:53.561  6484  6484 W View    : requestLayout() improperly called by helium314.keyboard.latin.panels.BrowserPanelView{c0bc499 V.E...... ......I. 0,0-1440,2040} during layout: running second layout pass
06-02 16:50:53.563  6484  6484 W View    : requestLayout() improperly called by helium314.keyboard.latin.panels.BrowserPanelView{c0bc499 V.E...... ........ 0,0-1440,2040} during second layout pass: posting in next frame
06-02 16:50:53.577  6484  6484 W View    : requestLayout() improperly called by helium314.keyboard.latin.panels.BrowserPanelView{c0bc499 V.E...... ......I. 0,0-1440,2040} during layout: running second layout pass
06-02 16:50:53.580  6484  6484 W View    : requestLayout() improperly called by helium314.keyboard.latin.panels.BrowserPanelView{c0bc499 V.E...... ........ 0,0-1440,2040} during second layout pass: posting in next frame
06-02 16:50:53.594  6484  6484 W View    : requestLayout() improperly called by helium314.keyboard.latin.panels.BrowserPanelView{c0bc499 V.E...... ......I. 0,0-1440,2040} during layout: running second layout pass
06-02 16:50:53.597  6484  6484 W View    : requestLayout() improperly called by helium314.keyboard.latin.panels.BrowserPanelView{c0bc499 V.E...... ........ 0,0-1440,2040} during second layout pass: posting in next frame
06-02 16:50:53.611  6484  6484 W View    : requestLayout() improperly called by helium314.keyboard.latin.panels.BrowserPanelView{c0bc499 V.E...... ......I. 0,0-1440,2040} during layout: running second layout pass
06-02 16:50:53.615  6484  6484 W View    : requestLayout() improperly called by helium314.keyboard.latin.panels.BrowserPanelView{c0bc499 V.E...... ........ 0,0-1440,2040} during second layout pass: posting in next frame
06-02 16:50:53.619 10605 10621 W Isolated Web Content: [JavaScript Warning: "Autoplay is only allowed when approved by the user, the site is activated by the user, or media is muted." {file: "https://www.cnn.com/media/sites/js/bundles/cnn-adfuel-68aea82e3c12aa991ba88c3418167a78a4ba4ae912410f5e81c9e23d1f42677a.min.js" line: 1}]
06-02 16:50:53.628  6484  6484 W View    : requestLayout() improperly called by helium314.keyboard.latin.panels.BrowserPanelView{c0bc499 V.E...... ......I. 0,0-1440,2040} during layout: running second layout pass
06-02 16:50:53.631  6484  6484 W View    : requestLayout() improperly called by helium314.keyboard.latin.panels.BrowserPanelView{c0bc499 V.E...... ........ 0,0-1440,2040} during second layout pass: posting in next frame
06-02 16:50:53.645  6484  6484 W View    : requestLayout() improperly called by helium314.keyboard.latin.panels.BrowserPanelView{c0bc499 V.E...... ......I. 0,0-1440,2040} during layout: running second layout pass
06-02 16:50:53.649  6484  6484 W View    : requestLayout() improperly called by helium314.keyboard.latin.panels.BrowserPanelView{c0bc499 V.E...... ........ 0,0-1440,2040} during second layout pass: posting in next frame
06-02 16:50:53.661  6484  6484 W View    : requestLayout() improperly called by helium314.keyboard.latin.panels.BrowserPanelView{c0bc499 V.E...... ......I. 0,0-1440,2040} during layout: running second layout pass
06-02 16:50:53.665  6484  6484 W View    : requestLayout() improperly called by helium314.keyboard.latin.panels.BrowserPanelView{c0bc499 V.E...... ........ 0,0-1440,2040} during second layout pass: posting in next frame
06-02 16:50:53.678  6484  6484 W View    : requestLayout() improperly called by helium314.keyboard.latin.panels.BrowserPanelView{c0bc499 V.E...... ......I. 0,0-1440,2040} during layout: running second layout pass
06-02 16:50:53.681  6484  6484 W View    : requestLayout() improperly called by helium314.keyboard.latin.panels.BrowserPanelView{c0bc499 V.E...... ........ 0,0-1440,2040} during second layout pass: posting in next frame
06-02 16:50:53.694  6484  6484 W View    : requestLayout() improperly called by helium314.keyboard.latin.panels.BrowserPanelView{c0bc499 V.E...... ......I. 0,0-1440,2040} during layout: running second layout pass
06-02 16:50:53.698  6484  6484 W View    : requestLayout() improperly called by helium314.keyboard.latin.panels.BrowserPanelView{c0bc499 V.E...... ........ 0,0-1440,2040} during second layout pass: posting in next frame
06-02 16:50:53.716  6484  6484 W View    : requestLayout() improperly called by helium314.keyboard.latin.panels.BrowserPanelView{c0bc499 V.E...... ......I. 0,0-1440,2040} during layout: running second layout pass
06-02 16:50:53.719  6484  6484 W View    : requestLayout() improperly called by helium314.keyboard.latin.panels.BrowserPanelView{c0bc499 V.E...... .......D 0,0-1440,2040} during second layout pass: posting in next frame
06-02 16:50:53.727  6484  6484 W View    : requestLayout() improperly called by helium314.keyboard.latin.panels.BrowserPanelView{c0bc499 V.E...... ......ID 0,0-1440,2040} during layout: running second layout pass
06-02 16:50:53.734  6484  6484 W View    : requestLayout() improperly called by helium314.keyboard.latin.panels.BrowserPanelView{c0bc499 V.E...... ........ 0,0-1440,2040} during second layout pass: posting in next frame
06-02 16:50:53.745  6484  6484 W View    : requestLayout() improperly called by helium314.keyboard.latin.panels.BrowserPanelView{c0bc499 V.E...... ......I. 0,0-1440,2040} during layout: running second layout pass
06-02 16:50:53.748  6484  6484 W View    : requestLayout() improperly called by helium314.keyboard.latin.panels.BrowserPanelView{c0bc499 V.E...... ........ 0,0-1440,2040} during second layout pass: posting in next frame
06-02 16:50:53.754 10605 10787 E .keyboard:tab1: ofbOpen failed with error=No such file or directory
06-02 16:50:53.754 10605 10787 E .keyboard:tab1: sysOpen failed with error=No such file or directory
06-02 16:50:53.761  6484  6484 W View    : requestLayout() improperly called by helium314.keyboard.latin.panels.BrowserPanelView{c0bc499 V.E...... ......I. 0,0-1440,2040} during layout: running second layout pass
06-02 16:50:53.765  6484  6484 W View    : requestLayout() improperly called by helium314.keyboard.latin.panels.BrowserPanelView{c0bc499 V.E...... ........ 0,0-1440,2040} during second layout pass: posting in next frame
06-02 16:50:53.769 26393 29196 W libc    : Access denied finding property "vendor.oplus.media.vpp.stutter"
06-02 16:50:53.766  6484  6484 W com.vibekey.keyboard: type=1400 audit(0.0:60771): avc: denied { nlmsg_readpriv } for comm=536F636B657420546872656164 scontext=u:r:untrusted_app:s0:c55,c271,c512,c768 tcontext=u:r:untrusted_app:s0:c55,c271,c512,c768 tclass=netlink_route_socket permissive=0 bug=b/155595000 app=com.vibekey.keyboard
06-02 16:50:53.778  6484  6484 W View    : requestLayout() improperly called by helium314.keyboard.latin.panels.BrowserPanelView{c0bc499 V.E...... ......I. 0,0-1440,2040} during layout: running second layout pass
06-02 16:50:53.781  6484  6484 W View    : requestLayout() improperly called by helium314.keyboard.latin.panels.BrowserPanelView{c0bc499 V.E...... ........ 0,0-1440,2040} during second layout pass: posting in next frame
06-02 16:50:53.786 26393 10789 W Codec2Client: query -- param skipped: index = 1107298332.
06-02 16:50:53.789 26393 10789 W Codec2Client: query -- param skipped: index = 1342179345.
06-02 16:50:53.790 26393 10789 W Codec2Client: query -- param skipped: index = 2415921170.
06-02 16:50:53.790 26393 10789 W Codec2Client: query -- param skipped: index = 1610614798.
06-02 16:50:53.795  6484  6484 W View    : requestLayout() improperly called by helium314.keyboard.latin.panels.BrowserPanelView{c0bc499 V.E...... ......I. 0,0-1440,2040} during layout: running second layout pass
06-02 16:50:53.797  6484  6484 W View    : requestLayout() improperly called by helium314.keyboard.latin.panels.BrowserPanelView{c0bc499 V.E...... ........ 0,0-1440,2040} during second layout pass: posting in next frame
06-02 16:50:53.798 26393 29551 W libc    : Access denied finding property "vendor.oplus.media.vpp.stutter"
06-02 16:50:53.798 26393 29551 E MULTIMEDIAConfig: [getInt32:L80] Not find config, Returning default
06-02 16:50:53.798 26393 29551 E MULTIMEDIAConfig: [getInt32:L80] Not find config, Returning default
06-02 16:50:53.798 26393 29551 E OplusACodec: [OplusACodec:204] mSrOsieMMListCheckResult:0x0 mOsieVersion:1
06-02 16:50:53.812  6484  6484 W View    : requestLayout() improperly called by helium314.keyboard.latin.panels.BrowserPanelView{c0bc499 V.E...... ......I. 0,0-1440,2040} during layout: running second layout pass
06-02 16:50:53.815  6484  6484 W View    : requestLayout() improperly called by helium314.keyboard.latin.panels.BrowserPanelView{c0bc499 V.E...... ........ 0,0-1440,2040} during second layout pass: posting in next frame
06-02 16:50:53.826 26393 10793 E OplusACodec: [GetVideoCodingTypeFromMime:L1162] mime:video/avc
06-02 16:50:53.816  6484  6484 W com.vibekey.keyboard: type=1400 audit(0.0:60772): avc: denied { nlmsg_readpriv } for comm=536F636B657420546872656164 scontext=u:r:untrusted_app:s0:c55,c271,c512,c768 tcontext=u:r:untrusted_app:s0:c55,c271,c512,c768 tclass=netlink_route_socket permissive=0 bug=b/155595000 app=com.vibekey.keyboard
06-02 16:50:53.829  6484  6484 W View    : requestLayout() improperly called by helium314.keyboard.latin.panels.BrowserPanelView{c0bc499 V.E...... ......I. 0,0-1440,2040} during layout: running second layout pass
06-02 16:50:53.832  6484  6484 W View    : requestLayout() improperly called by helium314.keyboard.latin.panels.BrowserPanelView{c0bc499 V.E...... ........ 0,0-1440,2040} during second layout pass: posting in next frame
06-02 16:50:53.845  6484  6484 W View    : requestLayout() improperly called by helium314.keyboard.latin.panels.BrowserPanelView{c0bc499 V.E...... ......I. 0,0-1440,2040} during layout: running second layout pass
06-02 16:50:53.850  6484  6484 W View    : requestLayout() improperly called by helium314.keyboard.latin.panels.BrowserPanelView{c0bc499 V.E...... ........ 0,0-1440,2040} during second layout pass: posting in next frame
06-02 16:50:53.869  6484  6484 W View    : requestLayout() improperly called by helium314.keyboard.latin.panels.BrowserPanelView{c0bc499 V.E...... ......ID 0,0-1440,2040} during layout: running second layout pass
06-02 16:50:53.869 26393 29196 W libc    : Access denied finding property "vendor.oplus.media.vpp.stutter"
06-02 16:50:53.869 26393 29196 E MULTIMEDIAConfig: [getInt32:L80] Not find config, Returning default
06-02 16:50:53.869 26393 29196 E MULTIMEDIAConfig: [getInt32:L80] Not find config, Returning default
06-02 16:50:53.869 26393 29196 E OplusACodec: [OplusACodec:204] mSrOsieMMListCheckResult:0x0 mOsieVersion:1
06-02 16:50:53.875  6484  6484 W View    : requestLayout() improperly called by helium314.keyboard.latin.panels.BrowserPanelView{c0bc499 V.E...... ........ 0,0-1440,2040} during second layout pass: posting in next frame
06-02 16:50:53.880  6484  6484 W View    : requestLayout() improperly called by helium314.keyboard.latin.panels.BrowserPanelView{c0bc499 V.E...... ......ID 0,0-1440,2040} during layout: running second layout pass
06-02 16:50:53.884  6484  6484 W View    : requestLayout() improperly called by helium314.keyboard.latin.panels.BrowserPanelView{c0bc499 V.E...... ........ 0,0-1440,2040} during second layout pass: posting in next frame
06-02 16:50:53.876  6484  6484 W com.vibekey.keyboard: type=1400 audit(0.0:60773): avc: denied { nlmsg_readpriv } for comm=536F636B657420546872656164 scontext=u:r:untrusted_app:s0:c55,c271,c512,c768 tcontext=u:r:untrusted_app:s0:c55,c271,c512,c768 tclass=netlink_route_socket permissive=0 bug=b/155595000 app=com.vibekey.keyboard
06-02 16:50:53.892 26393 10804 E OplusACodec: [GetVideoCodingTypeFromMime:L1162] mime:video/avc
06-02 16:50:53.895  6484  6484 W View    : requestLayout() improperly called by helium314.keyboard.latin.panels.BrowserPanelView{c0bc499 V.E...... ......ID 0,0-1440,2040} during layout: running second layout pass
06-02 16:50:53.876  6484  6484 W com.vibekey.keyboard: type=1400 audit(0.0:60774): avc: denied { nlmsg_readpriv } for comm=536F636B657420546872656164 scontext=u:r:untrusted_app:s0:c55,c271,c512,c768 tcontext=u:r:untrusted_app:s0:c55,c271,c512,c768 tclass=netlink_route_socket permissive=0 bug=b/155595000 app=com.vibekey.keyboard
06-02 16:50:53.897  6484  6484 W View    : requestLayout() improperly called by helium314.keyboard.latin.panels.BrowserPanelView{c0bc499 V.E...... ........ 0,0-1440,2040} during second layout pass: posting in next frame
06-02 16:50:53.912  6484  6484 W View    : requestLayout() improperly called by helium314.keyboard.latin.panels.BrowserPanelView{c0bc499 V.E...... ......ID 0,0-1440,2040} during layout: running second layout pass
06-02 16:50:53.916  6484  6484 W View    : requestLayout() improperly called by helium314.keyboard.latin.panels.BrowserPanelView{c0bc499 V.E...... ........ 0,0-1440,2040} during second layout pass: posting in next frame
06-02 16:50:53.928  6484  6484 W View    : requestLayout() improperly called by helium314.keyboard.latin.panels.BrowserPanelView{c0bc499 V.E...... ......ID 0,0-1440,2040} during layout: running second layout pass
06-02 16:50:53.932  6484  6484 W View    : requestLayout() improperly called by helium314.keyboard.latin.panels.BrowserPanelView{c0bc499 V.E...... ........ 0,0-1440,2040} during second layout pass: posting in next frame
06-02 16:50:53.926  6484  6484 W com.vibekey.keyboard: type=1400 audit(0.0:60775): avc: denied { nlmsg_readpriv } for comm=536F636B657420546872656164 scontext=u:r:untrusted_app:s0:c55,c271,c512,c768 tcontext=u:r:untrusted_app:s0:c55,c271,c512,c768 tclass=netlink_route_socket permissive=0 bug=b/155595000 app=com.vibekey.keyboard
06-02 16:50:53.946  6484  6484 W View    : requestLayout() improperly called by helium314.keyboard.latin.panels.BrowserPanelView{c0bc499 V.E...... ......ID 0,0-1440,2040} during layout: running second layout pass
06-02 16:50:53.949 26393 29551 W libc    : Access denied finding property "vendor.oplus.media.vpp.stutter"
06-02 16:50:53.949 26393 29551 E MULTIMEDIAConfig: [getInt32:L80] Not find config, Returning default
06-02 16:50:53.949 26393 29551 E MULTIMEDIAConfig: [getInt32:L80] Not find config, Returning default
06-02 16:50:53.949 26393 29551 E OplusACodec: [OplusACodec:204] mSrOsieMMListCheckResult:0x0 mOsieVersion:1
06-02 16:50:53.950  6484  6484 W View    : requestLayout() improperly called by helium314.keyboard.latin.panels.BrowserPanelView{c0bc499 V.E...... ........ 0,0-1440,2040} during second layout pass: posting in next frame
06-02 16:50:53.961  6484  6484 W View    : requestLayout() improperly called by helium314.keyboard.latin.panels.BrowserPanelView{c0bc499 V.E...... ......ID 0,0-1440,2040} during layout: running second layout pass
06-02 16:50:53.965  6484  6484 W View    : requestLayout() improperly called by helium314.keyboard.latin.panels.BrowserPanelView{c0bc499 V.E...... ........ 0,0-1440,2040} during second layout pass: posting in next frame
06-02 16:50:53.979  6484  6484 W View    : requestLayout() improperly called by helium314.keyboard.latin.panels.BrowserPanelView{c0bc499 V.E...... ......ID 0,0-1440,2040} during layout: running second layout pass
06-02 16:50:53.980 26393 10811 E OplusACodec: [GetVideoCodingTypeFromMime:L1162] mime:video/avc
06-02 16:50:53.984  6484  6484 W View    : requestLayout() improperly called by helium314.keyboard.latin.panels.BrowserPanelView{c0bc499 V.E...... ........ 0,0-1440,2040} during second layout pass: posting in next frame
06-02 16:50:53.996  6484  6484 W View    : requestLayout() improperly called by helium314.keyboard.latin.panels.BrowserPanelView{c0bc499 V.E...... ......ID 0,0-1440,2040} during layout: running second layout pass
06-02 16:50:53.999  6484  6484 W View    : requestLayout() improperly called by helium314.keyboard.latin.panels.BrowserPanelView{c0bc499 V.E...... ........ 0,0-1440,2040} during second layout pass: posting in next frame
06-02 16:50:54.014  6484  6484 W View    : requestLayout() improperly called by helium314.keyboard.latin.panels.BrowserPanelView{c0bc499 V.E...... ......ID 0,0-1440,2040} during layout: running second layout pass
06-02 16:50:54.019  6484  6484 W View    : requestLayout() improperly called by helium314.keyboard.latin.panels.BrowserPanelView{c0bc499 V.E...... ........ 0,0-1440,2040} during second layout pass: posting in next frame
06-02 16:50:54.030  6484  6484 W View    : requestLayout() improperly called by helium314.keyboard.latin.panels.BrowserPanelView{c0bc499 V.E...... ......ID 0,0-1440,2040} during layout: running second layout pass
06-02 16:50:54.033  6484  6484 W View    : requestLayout() improperly called by helium314.keyboard.latin.panels.BrowserPanelView{c0bc499 V.E...... ........ 0,0-1440,2040} during second layout pass: posting in next frame
06-02 16:50:54.039 26393 29196 W libc    : Access denied finding property "vendor.oplus.media.vpp.stutter"
06-02 16:50:54.045  6484  6484 W View    : requestLayout() improperly called by helium314.keyboard.latin.panels.BrowserPanelView{c0bc499 V.E...... ......ID 0,0-1440,2040} during layout: running second layout pass
06-02 16:50:54.050  6484  6484 W View    : requestLayout() improperly called by helium314.keyboard.latin.panels.BrowserPanelView{c0bc499 V.E...... ........ 0,0-1440,2040} during second layout pass: posting in next frame
06-02 16:50:54.053 26393 10819 W Codec2Client: query -- param skipped: index = 1107298332.
06-02 16:50:54.058 26393 10819 W Codec2Client: query -- param skipped: index = 1342179345.
06-02 16:50:54.058 26393 10819 W Codec2Client: query -- param skipped: index = 2415921170.
06-02 16:50:54.058 26393 10819 W Codec2Client: query -- param skipped: index = 1610614798.
06-02 16:50:54.062  6484  6484 W View    : requestLayout() improperly called by helium314.keyboard.latin.panels.BrowserPanelView{c0bc499 V.E...... ......ID 0,0-1440,2040} during layout: running second layout pass
06-02 16:50:54.066  6484  6484 W View    : requestLayout() improperly called by helium314.keyboard.latin.panels.BrowserPanelView{c0bc499 V.E...... ........ 0,0-1440,2040} during second layout pass: posting in next frame
06-02 16:50:54.075 26393 26431 W libc    : Access denied finding property "vendor.oplus.media.vpp.stutter"
06-02 16:50:54.075 26393 26431 E MULTIMEDIAConfig: [getInt32:L80] Not find config, Returning default
06-02 16:50:54.075 26393 26431 E MULTIMEDIAConfig: [getInt32:L80] Not find config, Returning default
06-02 16:50:54.075 26393 26431 E OplusACodec: [OplusACodec:204] mSrOsieMMListCheckResult:0x0 mOsieVersion:1
06-02 16:50:54.080  6484  6484 W View    : requestLayout() improperly called by helium314.keyboard.latin.panels.BrowserPanelView{c0bc499 V.E...... ......ID 0,0-1440,2040} during layout: running second layout pass
06-02 16:50:54.084  6484  6484 W View    : requestLayout() improperly called by helium314.keyboard.latin.panels.BrowserPanelView{c0bc499 V.E...... ........ 0,0-1440,2040} during second layout pass: posting in next frame
06-02 16:50:54.095  6484  6484 W View    : requestLayout() improperly called by helium314.keyboard.latin.panels.BrowserPanelView{c0bc499 V.E...... ......ID 0,0-1440,2040} during layout: running second layout pass
06-02 16:50:54.099  6484  6484 W View    : requestLayout() improperly called by helium314.keyboard.latin.panels.BrowserPanelView{c0bc499 V.E...... ........ 0,0-1440,2040} during second layout pass: posting in next frame
06-02 16:50:54.113 26393 10835 E OplusACodec: [GetVideoCodingTypeFromMime:L1162] mime:video/avc
06-02 16:50:54.113  6484  6484 W View    : requestLayout() improperly called by helium314.keyboard.latin.panels.BrowserPanelView{c0bc499 V.E...... ......ID 0,0-1440,2040} during layout: running second layout pass
06-02 16:50:54.119  6484  6484 W View    : requestLayout() improperly called by helium314.keyboard.latin.panels.BrowserPanelView{c0bc499 V.E...... ........ 0,0-1440,2040} during second layout pass: posting in next frame
06-02 16:50:54.129  6484  6484 W View    : requestLayout() improperly called by helium314.keyboard.latin.panels.BrowserPanelView{c0bc499 V.E...... ......ID 0,0-1440,2040} during layout: running second layout pass
06-02 16:50:54.133  6484  6484 W View    : requestLayout() improperly called by helium314.keyboard.latin.panels.BrowserPanelView{c0bc499 V.E...... ........ 0,0-1440,2040} during second layout pass: posting in next frame
06-02 16:50:54.147  6484  6484 W View    : requestLayout() improperly called by helium314.keyboard.latin.panels.BrowserPanelView{c0bc499 V.E...... ......ID 0,0-1440,2040} during layout: running second layout pass
06-02 16:50:54.148 10839 10839 E .keyboard:tab2: Unknown bits set in runtime_flags: 0x40000000
06-02 16:50:54.158 10605 10621 E Isolated Web Content: [JavaScript Error: "Cookie “_cookie_test” has been rejected for invalid domain." {file: "https://www.cnn.com/" line: 0}]
06-02 16:50:54.158  6484  6484 W View    : requestLayout() improperly called by helium314.keyboard.latin.panels.BrowserPanelView{c0bc499 V.E...... ........ 0,0-1440,2040} during second layout pass: posting in next frame
06-02 16:50:54.158 10605 10621 E Isolated Web Content: [JavaScript Error: "Cookie “_cookie_test” has been rejected for invalid domain." {file: "https://www.cnn.com/" line: 0}]
06-02 16:50:54.162 10605 10621 E Isolated Web Content: [JavaScript Error: "Cookie “_cookie_test” has been rejected for invalid domain." {file: "https://www.cnn.com/" line: 0}]
06-02 16:50:54.162 10605 10621 E Isolated Web Content: [JavaScript Error: "Cookie “_cookie_test” has been rejected for invalid domain." {file: "https://www.cnn.com/" line: 0}]
06-02 16:50:54.162  6484  6484 W View    : requestLayout() improperly called by helium314.keyboard.latin.panels.BrowserPanelView{c0bc499 V.E...... ......I. 0,0-1440,2040} during layout: running second layout pass
06-02 16:50:54.164 10605 10621 E Isolated Web Content: [JavaScript Error: "Cookie “_cookie_test” has been rejected for invalid domain." {file: "https://www.cnn.com/" line: 0}]
06-02 16:50:54.164 10605 10621 E Isolated Web Content: [JavaScript Error: "Cookie “_cookie_test” has been rejected for invalid domain." {file: "https://www.cnn.com/" line: 0}]
06-02 16:50:54.166  6484  6484 W View    : requestLayout() improperly called by helium314.keyboard.latin.panels.BrowserPanelView{c0bc499 V.E...... ........ 0,0-1440,2040} during second layout pass: posting in next frame
06-02 16:50:54.175 26393 26431 W libc    : Access denied finding property "vendor.oplus.media.vpp.stutter"
06-02 16:50:54.176 26393 26431 E MULTIMEDIAConfig: [getInt32:L80] Not find config, Returning default
06-02 16:50:54.176 26393 26431 E MULTIMEDIAConfig: [getInt32:L80] Not find config, Returning default
06-02 16:50:54.176 26393 26431 E OplusACodec: [OplusACodec:204] mSrOsieMMListCheckResult:0x0 mOsieVersion:1
06-02 16:50:54.179  6484  6484 W View    : requestLayout() improperly called by helium314.keyboard.latin.panels.BrowserPanelView{c0bc499 V.E...... ......I. 0,0-1440,2040} during layout: running second layout pass
06-02 16:50:54.181 10605 10621 E Isolated Web Content: [JavaScript Error: "Cookie “_cookie_test” has been rejected for invalid domain." {file: "https://www.cnn.com/" line: 0}]
06-02 16:50:54.181 10605 10621 E Isolated Web Content: [JavaScript Error: "Cookie “_cookie_test” has been rejected for invalid domain." {file: "https://www.cnn.com/" line: 0}]
06-02 16:50:54.183  6484  6484 W View    : requestLayout() improperly called by helium314.keyboard.latin.panels.BrowserPanelView{c0bc499 V.E...... ........ 0,0-1440,2040} during second layout pass: posting in next frame
06-02 16:50:54.196  6484  6484 W View    : requestLayout() improperly called by helium314.keyboard.latin.panels.BrowserPanelView{c0bc499 V.E...... ......I. 0,0-1440,2040} during layout: running second layout pass
06-02 16:50:54.199  6484  6484 W View    : requestLayout() improperly called by helium314.keyboard.latin.panels.BrowserPanelView{c0bc499 V.E...... ........ 0,0-1440,2040} during second layout pass: posting in next frame
06-02 16:50:54.212  6484  6484 W View    : requestLayout() improperly called by helium314.keyboard.latin.panels.BrowserPanelView{c0bc499 V.E...... ......I. 0,0-1440,2040} during layout: running second layout pass
06-02 16:50:54.215  6484  6484 W View    : requestLayout() improperly called by helium314.keyboard.latin.panels.BrowserPanelView{c0bc499 V.E...... ........ 0,0-1440,2040} during second layout pass: posting in next frame
06-02 16:50:54.216 26393 10859 E OplusACodec: [GetVideoCodingTypeFromMime:L1162] mime:video/avc
06-02 16:50:54.222 10839 10864 E GeckoLibLoad: Load sqlite start
06-02 16:50:54.223 10839 10864 E GeckoLibLoad: Load sqlite done
06-02 16:50:54.223 10839 10864 E GeckoLibLoad: Load nss start
06-02 16:50:54.223 10839 10864 E GeckoLibLoad: Load nss done
06-02 16:50:54.229  6484  6484 W View    : requestLayout() improperly called by helium314.keyboard.latin.panels.BrowserPanelView{c0bc499 V.E...... ......I. 0,0-1440,2040} during layout: running second layout pass
06-02 16:50:54.233 10839 10864 E GeckoLibLoad: Loaded libs in 9.836407ms total, 8ms(8ms) user, 0ms(1ms) system, 0(0) faults
06-02 16:50:54.233 10839 10864 W GeckoThread: zerdatime 110297094 - runGecko
06-02 16:50:54.233  6484  6484 W View    : requestLayout() improperly called by helium314.keyboard.latin.panels.BrowserPanelView{c0bc499 V.E...... ........ 0,0-1440,2040} during second layout pass: posting in next frame
06-02 16:50:54.243 26393 10789 W Codec2Client: query -- param skipped: index = 1342179345.
06-02 16:50:54.243 26393 10789 W Codec2Client: query -- param skipped: index = 2415921170.
06-02 16:50:54.243 26393 10789 W Codec2Client: query -- param skipped: index = 1610614798.
06-02 16:50:54.246  6484  6484 W View    : requestLayout() improperly called by helium314.keyboard.latin.panels.BrowserPanelView{c0bc499 V.E...... ......I. 0,0-1440,2040} during layout: running second layout pass
06-02 16:50:54.251  6484  6484 W View    : requestLayout() improperly called by helium314.keyboard.latin.panels.BrowserPanelView{c0bc499 V.E...... ........ 0,0-1440,2040} during second layout pass: posting in next frame
06-02 16:50:54.262  6484  6484 W View    : requestLayout() improperly called by helium314.keyboard.latin.panels.BrowserPanelView{c0bc499 V.E...... ......I. 0,0-1440,2040} during layout: running second layout pass
06-02 16:50:54.266  6484  6484 W View    : requestLayout() improperly called by helium314.keyboard.latin.panels.BrowserPanelView{c0bc499 V.E...... ........ 0,0-1440,2040} during second layout pass: posting in next frame
06-02 16:50:54.286  6484  6484 W View    : requestLayout() improperly called by helium314.keyboard.latin.panels.BrowserPanelView{c0bc499 V.E...... ......I. 0,0-1440,2040} during layout: running second layout pass
06-02 16:50:54.290  6484  6484 W View    : requestLayout() improperly called by helium314.keyboard.latin.panels.BrowserPanelView{c0bc499 V.E...... ........ 0,0-1440,2040} during second layout pass: posting in next frame
06-02 16:50:54.297  6484  6484 W View    : requestLayout() improperly called by helium314.keyboard.latin.panels.BrowserPanelView{c0bc499 V.E...... ......I. 0,0-1440,2040} during layout: running second layout pass
06-02 16:50:54.300  6484  6484 W View    : requestLayout() improperly called by helium314.keyboard.latin.panels.BrowserPanelView{c0bc499 V.E...... ........ 0,0-1440,2040} during second layout pass: posting in next frame
06-02 16:50:54.306 26393 10819 W Codec2Client: query -- param skipped: index = 1342179345.
06-02 16:50:54.306 26393 10819 W Codec2Client: query -- param skipped: index = 2415921170.
06-02 16:50:54.306 26393 10819 W Codec2Client: query -- param skipped: index = 1610614798.
06-02 16:50:54.312  6484  6484 W View    : requestLayout() improperly called by helium314.keyboard.latin.panels.BrowserPanelView{c0bc499 V.E...... ......I. 0,0-1440,2040} during layout: running second layout pass
06-02 16:50:54.316  6484  6484 W View    : requestLayout() improperly called by helium314.keyboard.latin.panels.BrowserPanelView{c0bc499 V.E...... ........ 0,0-1440,2040} during second layout pass: posting in next frame
06-02 16:50:54.329  6484  6484 W View    : requestLayout() improperly called by helium314.keyboard.latin.panels.BrowserPanelView{c0bc499 V.E...... ......I. 0,0-1440,2040} during layout: running second layout pass
06-02 16:50:54.332  6484  6484 W View    : requestLayout() improperly called by helium314.keyboard.latin.panels.BrowserPanelView{c0bc499 V.E...... ........ 0,0-1440,2040} during second layout pass: posting in next frame
06-02 16:50:54.344  6484 10887 W ServiceBindIntentUtils: Dynamic lookup for intent failed for action: com.google.android.gms.ads.service.START
06-02 16:50:54.346  6484  6484 W View    : requestLayout() improperly called by helium314.keyboard.latin.panels.BrowserPanelView{c0bc499 V.E...... ......I. 0,0-1440,2040} during layout: running second layout pass
06-02 16:50:54.350  6484  6484 W View    : requestLayout() improperly called by helium314.keyboard.latin.panels.BrowserPanelView{c0bc499 V.E...... ........ 0,0-1440,2040} during second layout pass: posting in next frame
06-02 16:50:54.363  6484  6484 W View    : requestLayout() improperly called by helium314.keyboard.latin.panels.BrowserPanelView{c0bc499 V.E...... ......I. 0,0-1440,2040} during layout: running second layout pass
06-02 16:50:54.373  6484  6484 W View    : requestLayout() improperly called by helium314.keyboard.latin.panels.BrowserPanelView{c0bc499 V.E...... ........ 0,0-1440,2040} during second layout pass: posting in next frame
06-02 16:50:54.379  6484  6484 W View    : requestLayout() improperly called by helium314.keyboard.latin.panels.BrowserPanelView{c0bc499 V.E...... ......I. 0,0-1440,2040} during layout: running second layout pass
06-02 16:50:54.383  6484  6484 W View    : requestLayout() improperly called by helium314.keyboard.latin.panels.BrowserPanelView{c0bc499 V.E...... ........ 0,0-1440,2040} during second layout pass: posting in next frame
06-02 16:50:54.397  6484  6484 W View    : requestLayout() improperly called by helium314.keyboard.latin.panels.BrowserPanelView{c0bc499 V.E...... ......I. 0,0-1440,2040} during layout: running second layout pass
06-02 16:50:54.400  6484  6484 W View    : requestLayout() improperly called by helium314.keyboard.latin.panels.BrowserPanelView{c0bc499 V.E...... ........ 0,0-1440,2040} during second layout pass: posting in next frame
06-02 16:50:54.404  6484 10875 W Ads     : Not retrying to fetch app settings
