05-30 22:09:27.433  1190  1190 E cr_WebViewChromiumAwInit: 	at m84.dum.run(:com.google.android.gms.policy_ads_fdr_dynamite@260480608@260480602017.868869642.868869642:38)
05-30 22:09:27.433  1190  1190 E cr_WebViewChromiumAwInit: 	at android.os.Handler.handleCallback(Handler.java:938)
05-30 22:09:27.433  1190  1190 E cr_WebViewChromiumAwInit: 	at android.os.Handler.dispatchMessage(Handler.java:99)
05-30 22:09:27.433  1190  1190 E cr_WebViewChromiumAwInit: 	at m84.byc.a(:com.google.android.gms.policy_ads_fdr_dynamite@260480608@260480602017.868869642.868869642:1)
05-30 22:09:27.433  1190  1190 E cr_WebViewChromiumAwInit: 	at com.google.android.gms.ads.internal.util.f.a(:com.google.android.gms.policy_ads_fdr_dynamite@260480608@260480602017.868869642.868869642:1)
05-30 22:09:27.433  1190  1190 E cr_WebViewChromiumAwInit: 	at m84.byc.dispatchMessage(:com.google.android.gms.policy_ads_fdr_dynamite@260480608@260480602017.868869642.868869642:1)
05-30 22:09:27.433  1190  1190 E cr_WebViewChromiumAwInit: 	at android.os.Looper.loopOnce(Looper.java:233)
05-30 22:09:27.433  1190  1190 E cr_WebViewChromiumAwInit: 	at android.os.Looper.loop(Looper.java:344)
05-30 22:09:27.433  1190  1190 E cr_WebViewChromiumAwInit: 	at android.app.ActivityThread.main(ActivityThread.java:8212)
05-30 22:09:27.433  1190  1190 E cr_WebViewChromiumAwInit: 	at java.lang.reflect.Method.invoke(Native Method)
05-30 22:09:27.433  1190  1190 E cr_WebViewChromiumAwInit: 	at com.android.internal.os.RuntimeInit$MethodAndArgsCaller.run(RuntimeInit.java:584)
05-30 22:09:27.433  1190  1190 E cr_WebViewChromiumAwInit: 	at com.android.internal.os.ZygoteInit.main(ZygoteInit.java:1034)
05-30 22:09:27.440  1190  1190 W AdManager: Interstitial ad failed to load: code=0 message=Internal error.
05-30 22:09:27.442  1190  1190 E ANR_LOG : >>> msg's executing time is too long
05-30 22:09:27.443  1190  1190 E ANR_LOG : Blocked msg = { when=-1s572ms what=0 target=com.google.android.gms.ads.internal.util.f callback=m84.duk } , cost  = 1571 ms
05-30 22:09:27.443  1190  1190 E ANR_LOG : >>>Current msg List is:
05-30 22:09:27.443  1190  1190 E ANR_LOG : Current msg <1> = { when=-1s342ms what=131 target=android.app.ActivityThread$H obj=android.app.ActivityThread$ProviderRefCount@716016e }
05-30 22:09:27.443  1190  1190 E ANR_LOG : Current msg <2> = { when=+9s190ms what=0 target=android.os.Handler callback=d8.b }
05-30 22:09:27.443  1190  1190 E ANR_LOG : Current msg <3> = { when=+12s619ms what=0 target=android.os.Handler callback=d8.b }
05-30 22:09:27.443  1190  1190 E ANR_LOG : Current msg <4> = { when=+14s999ms what=0 target=android.os.Handler callback=d8.b }
05-30 22:09:27.443  1190  1190 E ANR_LOG : >>>CURRENT MSG DUMP OVER<<<
05-30 22:09:27.533  1552  1552 E cr_WebViewChromiumAwInit: WebView chromium startup failed
05-30 22:09:27.533  1552  1552 E cr_WebViewChromiumAwInit: java.lang.RuntimeException: Using WebView from more than one process at once with the same data directory is not supported. https://crbug.com/558377 : Current process com.vibekey.keyboard:tab28 (pid 1552), lock owner  unknown
05-30 22:09:27.533  1552  1552 E cr_WebViewChromiumAwInit: 	at org.chromium.android_webview.AwDataDirLock.b(chromium-SystemWebViewGoogle6432.aab-stable-777817803:252)
05-30 22:09:27.533  1552  1552 E cr_WebViewChromiumAwInit: 	at org.chromium.android_webview.AwBrowserProcess.h(chromium-SystemWebViewGoogle6432.aab-stable-777817803:17)
05-30 22:09:27.533  1552  1552 E cr_WebViewChromiumAwInit: 	at WV.n43.run(chromium-SystemWebViewGoogle6432.aab-stable-777817803:10)
05-30 22:09:27.533  1552  1552 E cr_WebViewChromiumAwInit: 	at WV.r43.run(chromium-SystemWebViewGoogle6432.aab-stable-777817803:82)
05-30 22:09:27.533  1552  1552 E cr_WebViewChromiumAwInit: 	at WV.t43.b(chromium-SystemWebViewGoogle6432.aab-stable-777817803:7)
05-30 22:09:27.533  1552  1552 E cr_WebViewChromiumAwInit: 	at com.android.webview.chromium.o0.k(chromium-SystemWebViewGoogle6432.aab-stable-777817803:113)
05-30 22:09:27.533  1552  1552 E cr_WebViewChromiumAwInit: 	at com.android.webview.chromium.o0.o(chromium-SystemWebViewGoogle6432.aab-stable-777817803:64)
05-30 22:09:27.533  1552  1552 E cr_WebViewChromiumAwInit: 	at com.android.webview.chromium.o0.n(chromium-SystemWebViewGoogle6432.aab-stable-777817803:2)
05-30 22:09:27.533  1552  1552 E cr_WebViewChromiumAwInit: 	at com.android.webview.chromium.WebViewChromium.init(chromium-SystemWebViewGoogle6432.aab-stable-777817803:62)
05-30 22:09:27.533  1552  1552 E cr_WebViewChromiumAwInit: 	at android.webkit.WebView.<init>(WebView.java:448)
05-30 22:09:27.533  1552  1552 E cr_WebViewChromiumAwInit: 	at android.webkit.WebView.<init>(WebView.java:368)
05-30 22:09:27.533  1552  1552 E cr_WebViewChromiumAwInit: 	at android.webkit.WebView.<init>(WebView.java:350)
05-30 22:09:27.533  1552  1552 E cr_WebViewChromiumAwInit: 	at android.webkit.WebView.<init>(WebView.java:337)
05-30 22:09:27.533  1552  1552 E cr_WebViewChromiumAwInit: 	at android.webkit.WebView.<init>(WebView.java:327)
05-30 22:09:27.533  1552  1552 E cr_WebViewChromiumAwInit: 	at com.google.android.gms.ads.internal.webview.ai.<init>(:com.google.android.gms.policy_ads_fdr_dynamite@260480608@260480602017.868869642.868869642:1)
05-30 22:09:27.533  1552  1552 E cr_WebViewChromiumAwInit: 	at com.google.android.gms.ads.internal.webview.u.cp(:com.google.android.gms.policy_ads_fdr_dynamite@260480608@260480602017.868869642.868869642:59)
05-30 22:09:27.533  1552  1552 E cr_WebViewChromiumAwInit: 	at com.google.android.gms.ads.internal.webview.w.a(:com.google.android.gms.policy_ads_fdr_dynamite@260480608@260480602017.868869642.868869642:65)
05-30 22:09:27.533  1552  1552 E cr_WebViewChromiumAwInit: 	at com.google.android.gms.ads.internal.webview.s.a(:com.google.android.gms.policy_ads_fdr_dynamite@260480608@260480602017.868869642.868869642:41)
05-30 22:09:27.533  1552  1552 E cr_WebViewChromiumAwInit: 	at m84.dwu.a(:com.google.android.gms.policy_ads_fdr_dynamite@260480608@260480602017.868869642.868869642:3)
05-30 22:09:27.533  1552  1552 E cr_WebViewChromiumAwInit: 	at m84.dwc.run(:com.google.android.gms.policy_ads_fdr_dynamite@260480608@260480602017.868869642.868869642:19)
05-30 22:09:27.533  1552  1552 E cr_WebViewChromiumAwInit: 	at m84.dww.run(:com.google.android.gms.policy_ads_fdr_dynamite@260480608@260480602017.868869642.868869642:5)
05-30 22:09:27.533  1552  1552 E cr_WebViewChromiumAwInit: 	at android.os.Handler.handleCallback(Handler.java:938)
05-30 22:09:27.533  1552  1552 E cr_WebViewChromiumAwInit: 	at android.os.Handler.dispatchMessage(Handler.java:99)
05-30 22:09:27.533  1552  1552 E cr_WebViewChromiumAwInit: 	at m84.byc.a(:com.google.android.gms.policy_ads_fdr_dynamite@260480608@260480602017.868869642.868869642:1)
05-30 22:09:27.533  1552  1552 E cr_WebViewChromiumAwInit: 	at com.google.android.gms.ads.internal.util.f.a(:com.google.android.gms.policy_ads_fdr_dynamite@260480608@260480602017.868869642.868869642:1)
05-30 22:09:27.533  1552  1552 E cr_WebViewChromiumAwInit: 	at m84.byc.dispatchMessage(:com.google.android.gms.policy_ads_fdr_dynamite@260480608@260480602017.868869642.868869642:1)
05-30 22:09:27.533  1552  1552 E cr_WebViewChromiumAwInit: 	at android.os.Looper.loopOnce(Looper.java:233)
05-30 22:09:27.533  1552  1552 E cr_WebViewChromiumAwInit: 	at android.os.Looper.loop(Looper.java:344)
05-30 22:09:27.533  1552  1552 E cr_WebViewChromiumAwInit: 	at android.app.ActivityThread.main(ActivityThread.java:8212)
05-30 22:09:27.533  1552  1552 E cr_WebViewChromiumAwInit: 	at java.lang.reflect.Method.invoke(Native Method)
05-30 22:09:27.533  1552  1552 E cr_WebViewChromiumAwInit: 	at com.android.internal.os.RuntimeInit$MethodAndArgsCaller.run(RuntimeInit.java:584)
05-30 22:09:27.533  1552  1552 E cr_WebViewChromiumAwInit: 	at com.android.internal.os.ZygoteInit.main(ZygoteInit.java:1034)
05-30 22:09:27.534  1552  1552 E ANR_LOG : >>> msg's executing time is too long
05-30 22:09:27.534  1552  1552 E ANR_LOG : Blocked msg = { when=-1s584ms what=0 target=com.google.android.gms.ads.internal.util.f callback=m84.dww } , cost  = 1583 ms
05-30 22:09:27.534  1552  1552 E ANR_LOG : >>>Current msg List is:
05-30 22:09:27.534  1552  1552 E ANR_LOG : Current msg <1> = { when=-746ms what=0 target=com.google.android.gms.ads.internal.util.f callback=m84.duk }
05-30 22:09:27.535  1552  1552 E ANR_LOG : Current msg <2> = { when=-558ms what=131 target=android.app.ActivityThread$H obj=android.app.ActivityThread$ProviderRefCount@907f358 }
05-30 22:09:27.535  1552  1552 E ANR_LOG : Current msg <3> = { when=+11s27ms what=0 target=android.os.Handler callback=d8.b }
05-30 22:09:27.535  1552  1552 E ANR_LOG : >>>CURRENT MSG DUMP OVER<<<
05-30 22:09:27.538  1552  1552 E cr_WebViewChromiumAwInit: finishVariationsInitLocked() called before startVariationsInit()
05-30 22:09:27.606 29326 29326 W View    : requestLayout() improperly called by android.widget.FrameLayout{cb8d22d V.E...... ......ID 0,1677-1440,1857 #7f0a0087 app:id/browser_nav_footer_float} during layout: running second layout pass
05-30 22:09:27.612 29326 29326 E GeckoView: Failed to attach WindowInsetsListener: 
05-30 22:09:27.612 29326 29326 E GeckoView: java.lang.NullPointerException: Attempt to invoke virtual method 'android.view.Window android.app.Activity.getWindow()' on a null object reference
05-30 22:09:27.612 29326 29326 E GeckoView: 	at org.mozilla.geckoview.GeckoView.attachWindowInsetsListener(r8-map-id-1550520f2f88e0c446d9073ca41368c037a89c5dd2aad09f8805aa9c0f5af6c7:1)
05-30 22:09:27.612 29326 29326 E GeckoView: 	at org.mozilla.geckoview.GeckoView.onAttachedToWindow(r8-map-id-1550520f2f88e0c446d9073ca41368c037a89c5dd2aad09f8805aa9c0f5af6c7:49)
05-30 22:09:27.612 29326 29326 E GeckoView: 	at android.view.View.dispatchAttachedToWindow(View.java:20900)
05-30 22:09:27.612 29326 29326 E GeckoView: 	at android.view.ViewGroup.dispatchAttachedToWindow(ViewGroup.java:3539)
05-30 22:09:27.612 29326 29326 E GeckoView: 	at android.view.ViewGroup.addViewInner(ViewGroup.java:5378)
05-30 22:09:27.612 29326 29326 E GeckoView: 	at android.view.ViewGroup.addView(ViewGroup.java:5156)
05-30 22:09:27.612 29326 29326 E GeckoView: 	at android.view.ViewGroup.addView(ViewGroup.java:5096)
05-30 22:09:27.612 29326 29326 E GeckoView: 	at helium314.keyboard.latin.panels.BrowserPanelView.Y(r8-map-id-1550520f2f88e0c446d9073ca41368c037a89c5dd2aad09f8805aa9c0f5af6c7:329)
05-30 22:09:27.612 29326 29326 E GeckoView: 	at helium314.keyboard.latin.panels.BrowserPanelView.G0(r8-map-id-1550520f2f88e0c446d9073ca41368c037a89c5dd2aad09f8805aa9c0f5af6c7:58)
05-30 22:09:27.612 29326 29326 E GeckoView: 	at c5.t.run(r8-map-id-1550520f2f88e0c446d9073ca41368c037a89c5dd2aad09f8805aa9c0f5af6c7:622)
05-30 22:09:27.612 29326 29326 E GeckoView: 	at g7.y.onGlobalLayout(r8-map-id-1550520f2f88e0c446d9073ca41368c037a89c5dd2aad09f8805aa9c0f5af6c7:8)
05-30 22:09:27.612 29326 29326 E GeckoView: 	at android.view.ViewTreeObserver.dispatchOnGlobalLayout(ViewTreeObserver.java:1061)
05-30 22:09:27.612 29326 29326 E GeckoView: 	at android.view.ViewRootImpl.performTraversals(ViewRootImpl.java:3407)
05-30 22:09:27.612 29326 29326 E GeckoView: 	at android.view.ViewRootImpl.doTraversal(ViewRootImpl.java:2305)
05-30 22:09:27.612 29326 29326 E GeckoView: 	at android.view.ViewRootImpl$TraversalRunnable.run(ViewRootImpl.java:9133)
05-30 22:09:27.612 29326 29326 E GeckoView: 	at android.view.Choreographer$CallbackRecord.run(Choreographer.java:1232)
05-30 22:09:27.612 29326 29326 E GeckoView: 	at android.view.Choreographer.doCallbacks(Choreographer.java:1029)
05-30 22:09:27.612 29326 29326 E GeckoView: 	at android.view.Choreographer.doFrame(Choreographer.java:934)
05-30 22:09:27.612 29326 29326 E GeckoView: 	at android.view.Choreographer$FrameDisplayEventReceiver.run(Choreographer.java:1217)
05-30 22:09:27.612 29326 29326 E GeckoView: 	at android.os.Handler.handleCallback(Handler.java:938)
05-30 22:09:27.612 29326 29326 E GeckoView: 	at android.os.Handler.dispatchMessage(Handler.java:99)
05-30 22:09:27.612 29326 29326 E GeckoView: 	at android.os.Looper.loopOnce(Looper.java:233)
05-30 22:09:27.612 29326 29326 E GeckoView: 	at android.os.Looper.loop(Looper.java:344)
05-30 22:09:27.612 29326 29326 E GeckoView: 	at android.app.ActivityThread.main(ActivityThread.java:8212)
05-30 22:09:27.612 29326 29326 E GeckoView: 	at java.lang.reflect.Method.invoke(Native Method)
05-30 22:09:27.612 29326 29326 E GeckoView: 	at com.android.internal.os.RuntimeInit$MethodAndArgsCaller.run(RuntimeInit.java:584)
05-30 22:09:27.612 29326 29326 E GeckoView: 	at com.android.internal.os.ZygoteInit.main(ZygoteInit.java:1034)
05-30 22:09:27.633 29326 29326 W View    : requestLayout() improperly called by helium314.keyboard.latin.panels.BrowserPanelView{a4a2db1 V.E...... ......ID 0,0-1440,2040} during layout: running second layout pass
05-30 22:09:27.641  1244  1244 E cr_WebViewChromiumAwInit: WebView chromium startup failed
05-30 22:09:27.641  1244  1244 E cr_WebViewChromiumAwInit: java.lang.RuntimeException: Using WebView from more than one process at once with the same data directory is not supported. https://crbug.com/558377 : Current process com.vibekey.keyboard:tab16 (pid 1244), lock owner  unknown
05-30 22:09:27.641  1244  1244 E cr_WebViewChromiumAwInit: 	at org.chromium.android_webview.AwDataDirLock.b(chromium-SystemWebViewGoogle6432.aab-stable-777817803:252)
05-30 22:09:27.641  1244  1244 E cr_WebViewChromiumAwInit: 	at org.chromium.android_webview.AwBrowserProcess.h(chromium-SystemWebViewGoogle6432.aab-stable-777817803:17)
05-30 22:09:27.641  1244  1244 E cr_WebViewChromiumAwInit: 	at WV.n43.run(chromium-SystemWebViewGoogle6432.aab-stable-777817803:10)
05-30 22:09:27.641  1244  1244 E cr_WebViewChromiumAwInit: 	at WV.r43.run(chromium-SystemWebViewGoogle6432.aab-stable-777817803:82)
05-30 22:09:27.641  1244  1244 E cr_WebViewChromiumAwInit: 	at WV.t43.b(chromium-SystemWebViewGoogle6432.aab-stable-777817803:7)
05-30 22:09:27.641  1244  1244 E cr_WebViewChromiumAwInit: 	at com.android.webview.chromium.o0.k(chromium-SystemWebViewGoogle6432.aab-stable-777817803:113)
05-30 22:09:27.641  1244  1244 E cr_WebViewChromiumAwInit: 	at com.android.webview.chromium.o0.o(chromium-SystemWebViewGoogle6432.aab-stable-777817803:64)
05-30 22:09:27.641  1244  1244 E cr_WebViewChromiumAwInit: 	at com.android.webview.chromium.o0.n(chromium-SystemWebViewGoogle6432.aab-stable-777817803:2)
05-30 22:09:27.641  1244  1244 E cr_WebViewChromiumAwInit: 	at com.android.webview.chromium.WebViewChromium.init(chromium-SystemWebViewGoogle6432.aab-stable-777817803:62)
05-30 22:09:27.641  1244  1244 E cr_WebViewChromiumAwInit: 	at android.webkit.WebView.<init>(WebView.java:448)
05-30 22:09:27.641  1244  1244 E cr_WebViewChromiumAwInit: 	at android.webkit.WebView.<init>(WebView.java:368)
05-30 22:09:27.641  1244  1244 E cr_WebViewChromiumAwInit: 	at android.webkit.WebView.<init>(WebView.java:350)
05-30 22:09:27.641  1244  1244 E cr_WebViewChromiumAwInit: 	at android.webkit.WebView.<init>(WebView.java:337)
05-30 22:09:27.641  1244  1244 E cr_WebViewChromiumAwInit: 	at android.webkit.WebView.<init>(WebView.java:327)
05-30 22:09:27.641  1244  1244 E cr_WebViewChromiumAwInit: 	at com.google.android.gms.ads.internal.webview.ai.<init>(:com.google.android.gms.policy_ads_fdr_dynamite@260480608@260480602017.868869642.868869642:1)
05-30 22:09:27.641  1244  1244 E cr_WebViewChromiumAwInit: 	at com.google.android.gms.ads.internal.webview.u.cp(:com.google.android.gms.policy_ads_fdr_dynamite@260480608@260480602017.868869642.868869642:59)
05-30 22:09:27.641  1244  1244 E cr_WebViewChromiumAwInit: 	at com.google.android.gms.ads.internal.webview.w.a(:com.google.android.gms.policy_ads_fdr_dynamite@260480608@260480602017.868869642.868869642:65)
05-30 22:09:27.641  1244  1244 E cr_WebViewChromiumAwInit: 	at com.google.android.gms.ads.nonagon.ad.webview.l.b(:com.google.android.gms.policy_ads_fdr_dynamite@260480608@260480602017.868869642.868869642:44)
05-30 22:09:27.641  1244  1244 E cr_WebViewChromiumAwInit: 	at com.google.android.gms.ads.nonagon.render.db.a(:com.google.android.gms.policy_ads_fdr_dynamite@260480608@260480602017.868869642.868869642:49)
05-30 22:09:27.641  1244  1244 E cr_WebViewChromiumAwInit: 	at m84.duk.g(:com.google.android.gms.policy_ads_fdr_dynamite@260480608@260480602017.868869642.868869642:3)
05-30 22:09:27.641  1244  1244 E cr_WebViewChromiumAwInit: 	at m84.dum.run(:com.google.android.gms.policy_ads_fdr_dynamite@260480608@260480602017.868869642.868869642:38)
05-30 22:09:27.641  1244  1244 E cr_WebViewChromiumAwInit: 	at android.os.Handler.handleCallback(Handler.java:938)
05-30 22:09:27.641  1244  1244 E cr_WebViewChromiumAwInit: 	at android.os.Handler.dispatchMessage(Handler.java:99)
05-30 22:09:27.641  1244  1244 E cr_WebViewChromiumAwInit: 	at m84.byc.a(:com.google.android.gms.policy_ads_fdr_dynamite@260480608@260480602017.868869642.868869642:1)
05-30 22:09:27.641  1244  1244 E cr_WebViewChromiumAwInit: 	at com.google.android.gms.ads.internal.util.f.a(:com.google.android.gms.policy_ads_fdr_dynamite@260480608@260480602017.868869642.868869642:1)
05-30 22:09:27.641  1244  1244 E cr_WebViewChromiumAwInit: 	at m84.byc.dispatchMessage(:com.google.android.gms.policy_ads_fdr_dynamite@260480608@260480602017.868869642.868869642:1)
05-30 22:09:27.641  1244  1244 E cr_WebViewChromiumAwInit: 	at android.os.Looper.loopOnce(Looper.java:233)
05-30 22:09:27.641  1244  1244 E cr_WebViewChromiumAwInit: 	at android.os.Looper.loop(Looper.java:344)
05-30 22:09:27.641  1244  1244 E cr_WebViewChromiumAwInit: 	at android.app.ActivityThread.main(ActivityThread.java:8212)
05-30 22:09:27.641  1244  1244 E cr_WebViewChromiumAwInit: 	at java.lang.reflect.Method.invoke(Native Method)
05-30 22:09:27.641  1244  1244 E cr_WebViewChromiumAwInit: 	at com.android.internal.os.RuntimeInit$MethodAndArgsCaller.run(RuntimeInit.java:584)
05-30 22:09:27.641  1244  1244 E cr_WebViewChromiumAwInit: 	at com.android.internal.os.ZygoteInit.main(ZygoteInit.java:1034)
05-30 22:09:27.646  1244  1244 W AdManager: Rewarded load failed tier=PRIMARY code=0 domain=com.google.android.gms.ads message=Internal error.
05-30 22:09:27.648 29326 29326 W View    : requestLayout() improperly called by helium314.keyboard.latin.panels.BrowserPanelView{a4a2db1 V.E...... ......ID 0,0-1440,2040} during layout: running second layout pass
05-30 22:09:27.648  1244  1244 E ANR_LOG : >>> msg's executing time is too long
05-30 22:09:27.648  1244  1244 E ANR_LOG : Blocked msg = { when=-1s584ms what=0 target=com.google.android.gms.ads.internal.util.f callback=m84.duk } , cost  = 1583 ms
05-30 22:09:27.648  1244  1244 E ANR_LOG : >>>Current msg List is:
05-30 22:09:27.648  1244  1244 E ANR_LOG : Current msg <1> = { when=-1s444ms what=131 target=android.app.ActivityThread$H obj=android.app.ActivityThread$ProviderRefCount@907f358 }
05-30 22:09:27.648  1244  1244 E ANR_LOG : Current msg <2> = { when=+9s5ms what=0 target=android.os.Handler callback=d8.b }
05-30 22:09:27.648  1244  1244 E ANR_LOG : Current msg <3> = { when=+11s722ms what=0 target=android.os.Handler callback=d8.b }
05-30 22:09:27.649  1244  1244 E ANR_LOG : Current msg <4> = { when=+14s999ms what=0 target=android.os.Handler callback=d8.b }
05-30 22:09:27.649  1244  1244 E ANR_LOG : >>>CURRENT MSG DUMP OVER<<<
05-30 22:09:27.653 29326 29326 W View    : requestLayout() improperly called by helium314.keyboard.latin.panels.BrowserPanelView{a4a2db1 V.E...... ......I. 0,0-1440,2040} during second layout pass: posting in next frame
05-30 22:09:27.654 30117 30247 W GeckoEditableChild: No editable parent
05-30 22:09:27.657 29326 29326 W View    : requestLayout() improperly called by helium314.keyboard.latin.panels.BrowserPanelView{a4a2db1 V.E...... ......ID 0,0-1440,2040} during layout: running second layout pass
05-30 22:09:27.662 29326 29326 W View    : requestLayout() improperly called by helium314.keyboard.latin.panels.BrowserPanelView{a4a2db1 V.E...... ......ID 0,0-1440,2040} during second layout pass: posting in next frame
05-30 22:09:27.684 29326 29341 E BLASTBufferQueue: [SurfaceView[InputMethod]#8](f:0,a:0) rejecting buffer:active_size=1440x1853, requested_size=1440x1853 buffer{size=1440x1861 transform=0}
05-30 22:09:27.693 29326 29341 E BLASTBufferQueue: BLASTBufferItemConsumer::onDisconnect()
05-30 22:09:27.695 29326 29326 W View    : requestLayout() improperly called by helium314.keyboard.latin.panels.BrowserPanelView{a4a2db1 V.E...... ......ID 0,0-1440,2040} during layout: running second layout pass
05-30 22:09:27.701 29326 29326 W View    : requestLayout() improperly called by helium314.keyboard.latin.panels.BrowserPanelView{a4a2db1 V.E...... ......ID 0,0-1440,2040} during second layout pass: posting in next frame
05-30 22:09:27.704 29326 29326 W View    : requestLayout() improperly called by helium314.keyboard.latin.panels.BrowserPanelView{a4a2db1 V.E...... ......ID 0,0-1440,2040} during layout: running second layout pass
05-30 22:09:27.708 29326 29326 W View    : requestLayout() improperly called by helium314.keyboard.latin.panels.BrowserPanelView{a4a2db1 V.E...... ......ID 0,0-1440,2040} during second layout pass: posting in next frame
05-30 22:09:27.710 29326 29326 W View    : requestLayout() improperly called by helium314.keyboard.latin.panels.BrowserPanelView{a4a2db1 V.E...... ......ID 0,0-1440,2040} during layout: running second layout pass
05-30 22:09:27.721 29326 29326 W View    : requestLayout() improperly called by helium314.keyboard.latin.panels.BrowserPanelView{a4a2db1 V.E...... ........ 0,0-1440,2040} during second layout pass: posting in next frame
05-30 22:09:27.725 29326 29326 W View    : requestLayout() improperly called by helium314.keyboard.latin.panels.BrowserPanelView{a4a2db1 V.E...... ......I. 0,0-1440,2040} during layout: running second layout pass
05-30 22:09:27.739 29326 29326 W View    : requestLayout() improperly called by helium314.keyboard.latin.panels.BrowserPanelView{a4a2db1 V.E...... ........ 0,0-1440,2040} during second layout pass: posting in next frame
05-30 22:09:27.742 29326 29326 W View    : requestLayout() improperly called by helium314.keyboard.latin.panels.BrowserPanelView{a4a2db1 V.E...... ......I. 0,0-1440,2040} during layout: running second layout pass
05-30 22:09:27.755 29326 29326 W View    : requestLayout() improperly called by helium314.keyboard.latin.panels.BrowserPanelView{a4a2db1 V.E...... ........ 0,0-1440,2040} during second layout pass: posting in next frame
05-30 22:09:27.758 29326 29326 W View    : requestLayout() improperly called by helium314.keyboard.latin.panels.BrowserPanelView{a4a2db1 V.E...... ......ID 0,0-1440,2040} during layout: running second layout pass
05-30 22:09:27.771 29326 29326 W View    : requestLayout() improperly called by helium314.keyboard.latin.panels.BrowserPanelView{a4a2db1 V.E...... ........ 0,0-1440,2040} during second layout pass: posting in next frame
05-30 22:09:27.776 29326 29326 W View    : requestLayout() improperly called by helium314.keyboard.latin.panels.BrowserPanelView{a4a2db1 V.E...... ......I. 0,0-1440,2040} during layout: running second layout pass
05-30 22:09:27.786 29326 29326 W View    : requestLayout() improperly called by helium314.keyboard.latin.panels.BrowserPanelView{a4a2db1 V.E...... ........ 0,0-1440,2040} during second layout pass: posting in next frame
05-30 22:09:27.793 29326 29326 W View    : requestLayout() improperly called by helium314.keyboard.latin.panels.BrowserPanelView{a4a2db1 V.E...... ......I. 0,0-1440,2040} during layout: running second layout pass
05-30 22:09:27.802 29326 29326 W View    : requestLayout() improperly called by helium314.keyboard.latin.panels.BrowserPanelView{a4a2db1 V.E...... ......ID 0,0-1440,2040} during second layout pass: posting in next frame
05-30 22:09:27.812 29326 29326 W View    : requestLayout() improperly called by helium314.keyboard.latin.panels.BrowserPanelView{a4a2db1 V.E...... ......ID 0,0-1440,2040} during layout: running second layout pass
05-30 22:09:27.822 29326 29326 W View    : requestLayout() improperly called by helium314.keyboard.latin.panels.BrowserPanelView{a4a2db1 V.E...... ........ 0,0-1440,2040} during second layout pass: posting in next frame
05-30 22:09:27.828 29326 29326 W View    : requestLayout() improperly called by helium314.keyboard.latin.panels.BrowserPanelView{a4a2db1 V.E...... ......ID 0,0-1440,2040} during layout: running second layout pass
05-30 22:09:27.836 29326 29326 W View    : requestLayout() improperly called by helium314.keyboard.latin.panels.BrowserPanelView{a4a2db1 V.E...... ........ 0,0-1440,2040} during second layout pass: posting in next frame
05-30 22:09:27.844 29326 29326 W View    : requestLayout() improperly called by helium314.keyboard.latin.panels.BrowserPanelView{a4a2db1 V.E...... ......I. 0,0-1440,2040} during layout: running second layout pass
05-30 22:09:27.855 29326 29326 W View    : requestLayout() improperly called by helium314.keyboard.latin.panels.BrowserPanelView{a4a2db1 V.E...... ........ 0,0-1440,2040} during second layout pass: posting in next frame
05-30 22:09:27.858 29326 29326 W View    : requestLayout() improperly called by helium314.keyboard.latin.panels.BrowserPanelView{a4a2db1 V.E...... ......I. 0,0-1440,2040} during layout: running second layout pass
05-30 22:09:27.865 29326 29326 W View    : requestLayout() improperly called by helium314.keyboard.latin.panels.BrowserPanelView{a4a2db1 V.E...... ........ 0,0-1440,2040} during second layout pass: posting in next frame
05-30 22:09:27.875 29326 29326 W View    : requestLayout() improperly called by helium314.keyboard.latin.panels.BrowserPanelView{a4a2db1 V.E...... ......I. 0,0-1440,2040} during layout: running second layout pass
05-30 22:09:27.879 29326 29326 W View    : requestLayout() improperly called by helium314.keyboard.latin.panels.BrowserPanelView{a4a2db1 V.E...... ........ 0,0-1440,2040} during second layout pass: posting in next frame
05-30 22:09:27.892 29326 29326 W View    : requestLayout() improperly called by helium314.keyboard.latin.panels.BrowserPanelView{a4a2db1 V.E...... ......I. 0,0-1440,2040} during layout: running second layout pass
05-30 22:09:27.884 29326 29326 W com.vibekey.keyboard: type=1400 audit(0.0:8268): avc: denied { nlmsg_readpriv } for comm=536F636B657420546872656164 scontext=u:r:untrusted_app:s0:c2,c271,c512,c768 tcontext=u:r:untrusted_app:s0:c2,c271,c512,c768 tclass=netlink_route_socket permissive=0 bug=b/155595000 app=com.vibekey.keyboard
05-30 22:09:27.895 29326 29326 W View    : requestLayout() improperly called by helium314.keyboard.latin.panels.BrowserPanelView{a4a2db1 V.E...... ........ 0,0-1440,2040} during second layout pass: posting in next frame
05-30 22:09:27.884 29326 29326 W com.vibekey.keyboard: type=1400 audit(0.0:8269): avc: denied { nlmsg_readpriv } for comm=536F636B657420546872656164 scontext=u:r:untrusted_app:s0:c2,c271,c512,c768 tcontext=u:r:untrusted_app:s0:c2,c271,c512,c768 tclass=netlink_route_socket permissive=0 bug=b/155595000 app=com.vibekey.keyboard
05-30 22:09:27.908 29326 29326 W View    : requestLayout() improperly called by helium314.keyboard.latin.panels.BrowserPanelView{a4a2db1 V.E...... ......I. 0,0-1440,2040} during layout: running second layout pass
05-30 22:09:27.911 29326 29326 W View    : requestLayout() improperly called by helium314.keyboard.latin.panels.BrowserPanelView{a4a2db1 V.E...... ........ 0,0-1440,2040} during second layout pass: posting in next frame
05-30 22:09:27.925 29326 29326 W View    : requestLayout() improperly called by helium314.keyboard.latin.panels.BrowserPanelView{a4a2db1 V.E...... ......I. 0,0-1440,2040} during layout: running second layout pass
05-30 22:09:27.933 29326 29326 W View    : requestLayout() improperly called by helium314.keyboard.latin.panels.BrowserPanelView{a4a2db1 V.E...... ........ 0,0-1440,2040} during second layout pass: posting in next frame
05-30 22:09:27.924 29326 29326 W com.vibekey.keyboard: type=1400 audit(0.0:8270): avc: denied { nlmsg_readpriv } for comm=536F636B657420546872656164 scontext=u:r:untrusted_app:s0:c2,c271,c512,c768 tcontext=u:r:untrusted_app:s0:c2,c271,c512,c768 tclass=netlink_route_socket permissive=0 bug=b/155595000 app=com.vibekey.keyboard
05-30 22:09:27.942 29326 29326 W View    : requestLayout() improperly called by helium314.keyboard.latin.panels.BrowserPanelView{a4a2db1 V.E...... ......I. 0,0-1440,2040} during layout: running second layout pass
05-30 22:09:27.951 29326 29326 W View    : requestLayout() improperly called by helium314.keyboard.latin.panels.BrowserPanelView{a4a2db1 V.E...... ......ID 0,0-1440,2040} during second layout pass: posting in next frame
05-30 22:09:27.959 29326 29326 W View    : requestLayout() improperly called by helium314.keyboard.latin.panels.BrowserPanelView{a4a2db1 V.E...... ......ID 0,0-1440,2040} during layout: running second layout pass
05-30 22:09:27.964 29326 29326 W View    : requestLayout() improperly called by helium314.keyboard.latin.panels.BrowserPanelView{a4a2db1 V.E...... ........ 0,0-1440,2040} during second layout pass: posting in next frame
05-30 22:09:27.976 29326 29326 W View    : requestLayout() improperly called by helium314.keyboard.latin.panels.BrowserPanelView{a4a2db1 V.E...... ......I. 0,0-1440,2040} during layout: running second layout pass
05-30 22:09:27.980 29326 29326 W View    : requestLayout() improperly called by helium314.keyboard.latin.panels.BrowserPanelView{a4a2db1 V.E...... ........ 0,0-1440,2040} during second layout pass: posting in next frame
05-30 22:09:27.992 29326 29326 W View    : requestLayout() improperly called by helium314.keyboard.latin.panels.BrowserPanelView{a4a2db1 V.E...... ......I. 0,0-1440,2040} during layout: running second layout pass
05-30 22:09:27.995 29326 29326 W View    : requestLayout() improperly called by helium314.keyboard.latin.panels.BrowserPanelView{a4a2db1 V.E...... ........ 0,0-1440,2040} during second layout pass: posting in next frame
05-30 22:09:28.009 29326 29326 W View    : requestLayout() improperly called by helium314.keyboard.latin.panels.BrowserPanelView{a4a2db1 V.E...... ......I. 0,0-1440,2040} during layout: running second layout pass
05-30 22:09:28.012 29326 29326 W View    : requestLayout() improperly called by helium314.keyboard.latin.panels.BrowserPanelView{a4a2db1 V.E...... ........ 0,0-1440,2040} during second layout pass: posting in next frame
05-30 22:09:28.027 29326 29326 W View    : requestLayout() improperly called by helium314.keyboard.latin.panels.BrowserPanelView{a4a2db1 V.E...... ......I. 0,0-1440,2040} during layout: running second layout pass
05-30 22:09:28.032 29326 29326 W View    : requestLayout() improperly called by helium314.keyboard.latin.panels.BrowserPanelView{a4a2db1 V.E...... ........ 0,0-1440,2040} during second layout pass: posting in next frame
05-30 22:09:28.043 29326 29326 W View    : requestLayout() improperly called by helium314.keyboard.latin.panels.BrowserPanelView{a4a2db1 V.E...... ......I. 0,0-1440,2040} during layout: running second layout pass
05-30 22:09:28.047 29326 29326 W View    : requestLayout() improperly called by helium314.keyboard.latin.panels.BrowserPanelView{a4a2db1 V.E...... ........ 0,0-1440,2040} during second layout pass: posting in next frame
05-30 22:09:28.059 29326 29326 W View    : requestLayout() improperly called by helium314.keyboard.latin.panels.BrowserPanelView{a4a2db1 V.E...... ......I. 0,0-1440,2040} during layout: running second layout pass
05-30 22:09:28.062 29326 29326 W View    : requestLayout() improperly called by helium314.keyboard.latin.panels.BrowserPanelView{a4a2db1 V.E...... ........ 0,0-1440,2040} during second layout pass: posting in next frame
05-30 22:09:28.076 29326 29326 W View    : requestLayout() improperly called by helium314.keyboard.latin.panels.BrowserPanelView{a4a2db1 V.E...... ......I. 0,0-1440,2040} during layout: running second layout pass
05-30 22:09:28.080 29326 29326 W View    : requestLayout() improperly called by helium314.keyboard.latin.panels.BrowserPanelView{a4a2db1 V.E...... ........ 0,0-1440,2040} during second layout pass: posting in next frame
05-30 22:09:28.086 30194 30194 E cr_WebViewChromiumAwInit: finishVariationsInitLocked() called before startVariationsInit()
05-30 22:09:28.092 29326 29326 W View    : requestLayout() improperly called by helium314.keyboard.latin.panels.BrowserPanelView{a4a2db1 V.E...... ......I. 0,0-1440,2040} during layout: running second layout pass
05-30 22:09:28.095 29326 29326 W View    : requestLayout() improperly called by helium314.keyboard.latin.panels.BrowserPanelView{a4a2db1 V.E...... ........ 0,0-1440,2040} during second layout pass: posting in next frame
05-30 22:09:28.105 31789 31830 W Isolated Web Content: [JavaScript Warning: "Layout was forced before the page was fully loaded. If stylesheets are not yet loaded this may cause a flash of unstyled content." {file: "https://static.foxnews.com/static/orion/scripts/core/ag.core.js?v=202653130" line: 149}]
05-30 22:09:28.109 29326 29326 W View    : requestLayout() improperly called by helium314.keyboard.latin.panels.BrowserPanelView{a4a2db1 V.E...... ......I. 0,0-1440,2040} during layout: running second layout pass
05-30 22:09:28.114 29326 29326 W View    : requestLayout() improperly called by helium314.keyboard.latin.panels.BrowserPanelView{a4a2db1 V.E...... ........ 0,0-1440,2040} during second layout pass: posting in next frame
05-30 22:09:28.119  3928  3928 E cr_WebViewChromiumAwInit: finishVariationsInitLocked() called before startVariationsInit()
05-30 22:09:28.126 29326 29326 W View    : requestLayout() improperly called by helium314.keyboard.latin.panels.BrowserPanelView{a4a2db1 V.E...... ......I. 0,0-1440,2040} during layout: running second layout pass
05-30 22:09:28.129 29326 29326 W View    : requestLayout() improperly called by helium314.keyboard.latin.panels.BrowserPanelView{a4a2db1 V.E...... ........ 0,0-1440,2040} during second layout pass: posting in next frame
05-30 22:09:28.141 29326 29326 W View    : requestLayout() improperly called by helium314.keyboard.latin.panels.BrowserPanelView{a4a2db1 V.E...... ......I. 0,0-1440,2040} during layout: running second layout pass
05-30 22:09:28.145 29326 29326 W View    : requestLayout() improperly called by helium314.keyboard.latin.panels.BrowserPanelView{a4a2db1 V.E...... ........ 0,0-1440,2040} during second layout pass: posting in next frame
05-30 22:09:28.159 29326 29326 W View    : requestLayout() improperly called by helium314.keyboard.latin.panels.BrowserPanelView{a4a2db1 V.E...... ......I. 0,0-1440,2040} during layout: running second layout pass
05-30 22:09:28.162 29326 29326 W View    : requestLayout() improperly called by helium314.keyboard.latin.panels.BrowserPanelView{a4a2db1 V.E...... ........ 0,0-1440,2040} during second layout pass: posting in next frame
05-30 22:09:28.164  3928  3987 E System  : Uncaught exception thrown by finalizer
05-30 22:09:28.165  3928  3987 E System  : java.lang.NullPointerException: Attempt to invoke virtual method 'void com.google.android.gms.ads.internal.webview.r.d()' on a null object reference
05-30 22:09:28.165  3928  3987 E System  : 	at com.google.android.gms.ads.internal.webview.ai.finalize(:com.google.android.gms.policy_ads_fdr_dynamite@260480608@260480602017.868869642.868869642:8)
05-30 22:09:28.165  3928  3987 E System  : 	at java.lang.Daemons$FinalizerDaemon.doFinalize(Daemons.java:389)
05-30 22:09:28.165  3928  3987 E System  : 	at java.lang.Daemons$FinalizerDaemon.processReference(Daemons.java:369)
05-30 22:09:28.165  3928  3987 E System  : 	at java.lang.Daemons$FinalizerDaemon.runInternal(Daemons.java:341)
05-30 22:09:28.165  3928  3987 E System  : 	at java.lang.Daemons$Daemon.run(Daemons.java:135)
05-30 22:09:28.165  3928  3987 E System  : 	at java.lang.Thread.run(Thread.java:1564)
05-30 22:09:28.165  3928  3987 E System  : Uncaught exception thrown by finalizer
05-30 22:09:28.165  3928  3987 E System  : java.lang.NullPointerException: Attempt to invoke virtual method 'void com.google.android.gms.ads.internal.webview.r.d()' on a null object reference
05-30 22:09:28.165  3928  3987 E System  : 	at com.google.android.gms.ads.internal.webview.ai.finalize(:com.google.android.gms.policy_ads_fdr_dynamite@260480608@260480602017.868869642.868869642:8)
05-30 22:09:28.165  3928  3987 E System  : 	at java.lang.Daemons$FinalizerDaemon.doFinalize(Daemons.java:389)
05-30 22:09:28.165  3928  3987 E System  : 	at java.lang.Daemons$FinalizerDaemon.processReference(Daemons.java:369)
05-30 22:09:28.165  3928  3987 E System  : 	at java.lang.Daemons$FinalizerDaemon.runInternal(Daemons.java:341)
05-30 22:09:28.165  3928  3987 E System  : 	at java.lang.Daemons$Daemon.run(Daemons.java:135)
05-30 22:09:28.165  3928  3987 E System  : 	at java.lang.Thread.run(Thread.java:1564)
05-30 22:09:28.175 29326 29326 W View    : requestLayout() improperly called by helium314.keyboard.latin.panels.BrowserPanelView{a4a2db1 V.E...... ......I. 0,0-1440,2040} during layout: running second layout pass
05-30 22:09:28.177 29326 29326 W View    : requestLayout() improperly called by helium314.keyboard.latin.panels.BrowserPanelView{a4a2db1 V.E...... ........ 0,0-1440,2040} during second layout pass: posting in next frame
05-30 22:09:28.192 29326 29326 W View    : requestLayout() improperly called by helium314.keyboard.latin.panels.BrowserPanelView{a4a2db1 V.E...... ......I. 0,0-1440,2040} during layout: running second layout pass
05-30 22:09:28.195 29326 29326 W View    : requestLayout() improperly called by helium314.keyboard.latin.panels.BrowserPanelView{a4a2db1 V.E...... ........ 0,0-1440,2040} during second layout pass: posting in next frame
05-30 22:09:28.209 29326 29326 W View    : requestLayout() improperly called by helium314.keyboard.latin.panels.BrowserPanelView{a4a2db1 V.E...... ......I. 0,0-1440,2040} during layout: running second layout pass
05-30 22:09:28.212 29326 29326 W View    : requestLayout() improperly called by helium314.keyboard.latin.panels.BrowserPanelView{a4a2db1 V.E...... .......D 0,0-1440,2040} during second layout pass: posting in next frame
05-30 22:09:28.225 29326 29326 W View    : requestLayout() improperly called by helium314.keyboard.latin.panels.BrowserPanelView{a4a2db1 V.E...... ......ID 0,0-1440,2040} during layout: running second layout pass
05-30 22:09:28.229 29326 29326 W View    : requestLayout() improperly called by helium314.keyboard.latin.panels.BrowserPanelView{a4a2db1 V.E...... ........ 0,0-1440,2040} during second layout pass: posting in next frame
05-30 22:09:28.242 29326 29326 W View    : requestLayout() improperly called by helium314.keyboard.latin.panels.BrowserPanelView{a4a2db1 V.E...... ......ID 0,0-1440,2040} during layout: running second layout pass
05-30 22:09:28.246 29326 29326 W View    : requestLayout() improperly called by helium314.keyboard.latin.panels.BrowserPanelView{a4a2db1 V.E...... ........ 0,0-1440,2040} during second layout pass: posting in next frame
05-30 22:09:28.259 29326 29326 W View    : requestLayout() improperly called by helium314.keyboard.latin.panels.BrowserPanelView{a4a2db1 V.E...... ......ID 0,0-1440,2040} during layout: running second layout pass
05-30 22:09:28.263 29326 29326 W View    : requestLayout() improperly called by helium314.keyboard.latin.panels.BrowserPanelView{a4a2db1 V.E...... ........ 0,0-1440,2040} during second layout pass: posting in next frame
05-30 22:09:28.254 29326 29326 W com.vibekey.keyboard: type=1400 audit(0.0:8271): avc: denied { nlmsg_readpriv } for comm=536F636B657420546872656164 scontext=u:r:untrusted_app:s0:c2,c271,c512,c768 tcontext=u:r:untrusted_app:s0:c2,c271,c512,c768 tclass=netlink_route_socket permissive=0 bug=b/155595000 app=com.vibekey.keyboard
05-30 22:09:28.277 29326 29326 W View    : requestLayout() improperly called by helium314.keyboard.latin.panels.BrowserPanelView{a4a2db1 V.E...... ......ID 0,0-1440,2040} during layout: running second layout pass
05-30 22:09:28.284 29326 29326 W View    : requestLayout() improperly called by helium314.keyboard.latin.panels.BrowserPanelView{a4a2db1 V.E...... ........ 0,0-1440,2040} during second layout pass: posting in next frame
05-30 22:09:28.292 29326 29326 W View    : requestLayout() improperly called by helium314.keyboard.latin.panels.BrowserPanelView{a4a2db1 V.E...... ......ID 0,0-1440,2040} during layout: running second layout pass
05-30 22:09:28.295  2865  2865 E cr_WebViewChromiumAwInit: WebView chromium startup failed
05-30 22:09:28.295  2865  2865 E cr_WebViewChromiumAwInit: java.lang.RuntimeException: Using WebView from more than one process at once with the same data directory is not supported. https://crbug.com/558377 : Current process com.vibekey.keyboard:tab31 (pid 2865), lock owner  unknown
05-30 22:09:28.295  2865  2865 E cr_WebViewChromiumAwInit: 	at org.chromium.android_webview.AwDataDirLock.b(chromium-SystemWebViewGoogle6432.aab-stable-777817803:252)
05-30 22:09:28.295  2865  2865 E cr_WebViewChromiumAwInit: 	at org.chromium.android_webview.AwBrowserProcess.h(chromium-SystemWebViewGoogle6432.aab-stable-777817803:17)
05-30 22:09:28.295  2865  2865 E cr_WebViewChromiumAwInit: 	at WV.n43.run(chromium-SystemWebViewGoogle6432.aab-stable-777817803:10)
05-30 22:09:28.295  2865  2865 E cr_WebViewChromiumAwInit: 	at WV.r43.run(chromium-SystemWebViewGoogle6432.aab-stable-777817803:82)
05-30 22:09:28.295  2865  2865 E cr_WebViewChromiumAwInit: 	at WV.t43.b(chromium-SystemWebViewGoogle6432.aab-stable-777817803:7)
05-30 22:09:28.295  2865  2865 E cr_WebViewChromiumAwInit: 	at com.android.webview.chromium.o0.k(chromium-SystemWebViewGoogle6432.aab-stable-777817803:113)
05-30 22:09:28.295  2865  2865 E cr_WebViewChromiumAwInit: 	at com.android.webview.chromium.o0.o(chromium-SystemWebViewGoogle6432.aab-stable-777817803:64)
05-30 22:09:28.295  2865  2865 E cr_WebViewChromiumAwInit: 	at com.android.webview.chromium.o0.n(chromium-SystemWebViewGoogle6432.aab-stable-777817803:2)
05-30 22:09:28.295  2865  2865 E cr_WebViewChromiumAwInit: 	at com.android.webview.chromium.WebViewChromium.init(chromium-SystemWebViewGoogle6432.aab-stable-777817803:62)
05-30 22:09:28.295  2865  2865 E cr_WebViewChromiumAwInit: 	at android.webkit.WebView.<init>(WebView.java:448)
05-30 22:09:28.295  2865  2865 E cr_WebViewChromiumAwInit: 	at android.webkit.WebView.<init>(WebView.java:368)
05-30 22:09:28.295  2865  2865 E cr_WebViewChromiumAwInit: 	at android.webkit.WebView.<init>(WebView.java:350)
05-30 22:09:28.295  2865  2865 E cr_WebViewChromiumAwInit: 	at android.webkit.WebView.<init>(WebView.java:337)
05-30 22:09:28.295  2865  2865 E cr_WebViewChromiumAwInit: 	at android.webkit.WebView.<init>(WebView.java:327)
05-30 22:09:28.295  2865  2865 E cr_WebViewChromiumAwInit: 	at com.google.android.gms.ads.internal.webview.ai.<init>(:com.google.android.gms.policy_ads_fdr_dynamite@260480608@260480602017.868869642.868869642:1)
05-30 22:09:28.295  2865  2865 E cr_WebViewChromiumAwInit: 	at com.google.android.gms.ads.internal.webview.u.cp(:com.google.android.gms.policy_ads_fdr_dynamite@260480608@260480602017.868869642.868869642:59)
05-30 22:09:28.295  2865  2865 E cr_WebViewChromiumAwInit: 	at com.google.android.gms.ads.internal.webview.w.a(:com.google.android.gms.policy_ads_fdr_dynamite@260480608@260480602017.868869642.868869642:65)
05-30 22:09:28.295  2865  2865 E cr_WebViewChromiumAwInit: 	at com.google.android.gms.ads.nonagon.ad.webview.l.b(:com.google.android.gms.policy_ads_fdr_dynamite@260480608@260480602017.868869642.868869642:44)
05-30 22:09:28.295  2865  2865 E cr_WebViewChromiumAwInit: 	at com.google.android.gms.ads.nonagon.render.db.a(:com.google.android.gms.policy_ads_fdr_dynamite@260480608@260480602017.868869642.868869642:49)
05-30 22:09:28.295  2865  2865 E cr_WebViewChromiumAwInit: 	at m84.duk.g(:com.google.android.gms.policy_ads_fdr_dynamite@260480608@260480602017.868869642.868869642:3)
05-30 22:09:28.295  2865  2865 E cr_WebViewChromiumAwInit: 	at m84.dum.run(:com.google.android.gms.policy_ads_fdr_dynamite@260480608@260480602017.868869642.868869642:38)
05-30 22:09:28.295  2865  2865 E cr_WebViewChromiumAwInit: 	at android.os.Handler.handleCallback(Handler.java:938)
05-30 22:09:28.295  2865  2865 E cr_WebViewChromiumAwInit: 	at android.os.Handler.dispatchMessage(Handler.java:99)
05-30 22:09:28.295  2865  2865 E cr_WebViewChromiumAwInit: 	at m84.byc.a(:com.google.android.gms.policy_ads_fdr_dynamite@260480608@260480602017.868869642.868869642:1)
05-30 22:09:28.295  2865  2865 E cr_WebViewChromiumAwInit: 	at com.google.android.gms.ads.internal.util.f.a(:com.google.android.gms.policy_ads_fdr_dynamite@260480608@260480602017.868869642.868869642:1)
05-30 22:09:28.295  2865  2865 E cr_WebViewChromiumAwInit: 	at m84.byc.dispatchMessage(:com.google.android.gms.policy_ads_fdr_dynamite@260480608@260480602017.868869642.868869642:1)
05-30 22:09:28.295  2865  2865 E cr_WebViewChromiumAwInit: 	at android.os.Looper.loopOnce(Looper.java:233)
05-30 22:09:28.295  2865  2865 E cr_WebViewChromiumAwInit: 	at android.os.Looper.loop(Looper.java:344)
05-30 22:09:28.295  2865  2865 E cr_WebViewChromiumAwInit: 	at android.app.ActivityThread.main(ActivityThread.java:8212)
05-30 22:09:28.295  2865  2865 E cr_WebViewChromiumAwInit: 	at java.lang.reflect.Method.invoke(Native Method)
05-30 22:09:28.295  2865  2865 E cr_WebViewChromiumAwInit: 	at com.android.internal.os.RuntimeInit$MethodAndArgsCaller.run(RuntimeInit.java:584)
05-30 22:09:28.295  2865  2865 E cr_WebViewChromiumAwInit: 	at com.android.internal.os.ZygoteInit.main(ZygoteInit.java:1034)
05-30 22:09:28.298  2865  2865 W AdManager: Rewarded load failed tier=PRIMARY code=0 domain=com.google.android.gms.ads message=Internal error.
05-30 22:09:28.299  2865  2865 E ANR_LOG : >>> msg's executing time is too long
05-30 22:09:28.299  2865  2865 E ANR_LOG : Blocked msg = { when=-1s577ms what=0 target=com.google.android.gms.ads.internal.util.f callback=m84.duk } , cost  = 1575 ms
05-30 22:09:28.299  2865  2865 E ANR_LOG : >>>Current msg List is:
05-30 22:09:28.299  2865  2865 E ANR_LOG : Current msg <1> = { when=-1s448ms what=131 target=android.app.ActivityThread$H obj=android.app.ActivityThread$ProviderRefCount@ec97c6c }
05-30 22:09:28.299  2865  2865 E ANR_LOG : Current msg <2> = { when=+9s96ms what=0 target=android.os.Handler callback=d8.b }
05-30 22:09:28.299  2865  2865 E ANR_LOG : Current msg <3> = { when=+12s58ms what=0 target=android.os.Handler callback=d8.b }
05-30 22:09:28.299  2865  2865 E ANR_LOG : Current msg <4> = { when=+15s0ms what=0 target=android.os.Handler callback=d8.b }
05-30 22:09:28.299  2865  2865 E ANR_LOG : >>>CURRENT MSG DUMP OVER<<<
05-30 22:09:28.299 29326 29326 W View    : requestLayout() improperly called by helium314.keyboard.latin.panels.BrowserPanelView{a4a2db1 V.E...... ........ 0,0-1440,2040} during second layout pass: posting in next frame
05-30 22:09:28.304  4963  4963 E cr_WebViewChromiumAwInit: finishVariationsInitLocked() called before startVariationsInit()
05-30 22:09:28.309 29326 29326 W View    : requestLayout() improperly called by helium314.keyboard.latin.panels.BrowserPanelView{a4a2db1 V.E...... ......ID 0,0-1440,2040} during layout: running second layout pass
05-30 22:09:28.315 29326 29326 W View    : requestLayout() improperly called by helium314.keyboard.latin.panels.BrowserPanelView{a4a2db1 V.E...... ........ 0,0-1440,2040} during second layout pass: posting in next frame
05-30 22:09:28.319  4947  4947 E cr_WebViewChromiumAwInit: WebView chromium startup failed
05-30 22:09:28.319  4947  4947 E cr_WebViewChromiumAwInit: java.lang.RuntimeException: Using WebView from more than one process at once with the same data directory is not supported. https://crbug.com/558377 : Current process com.vibekey.keyboard:tab36 (pid 4947), lock owner  unknown
05-30 22:09:28.319  4947  4947 E cr_WebViewChromiumAwInit: 	at org.chromium.android_webview.AwDataDirLock.b(chromium-SystemWebViewGoogle6432.aab-stable-777817803:252)
05-30 22:09:28.319  4947  4947 E cr_WebViewChromiumAwInit: 	at org.chromium.android_webview.AwBrowserProcess.h(chromium-SystemWebViewGoogle6432.aab-stable-777817803:17)
05-30 22:09:28.319  4947  4947 E cr_WebViewChromiumAwInit: 	at WV.n43.run(chromium-SystemWebViewGoogle6432.aab-stable-777817803:10)
05-30 22:09:28.319  4947  4947 E cr_WebViewChromiumAwInit: 	at WV.r43.run(chromium-SystemWebViewGoogle6432.aab-stable-777817803:82)
05-30 22:09:28.319  4947  4947 E cr_WebViewChromiumAwInit: 	at WV.t43.b(chromium-SystemWebViewGoogle6432.aab-stable-777817803:7)
05-30 22:09:28.319  4947  4947 E cr_WebViewChromiumAwInit: 	at com.android.webview.chromium.o0.k(chromium-SystemWebViewGoogle6432.aab-stable-777817803:113)
05-30 22:09:28.319  4947  4947 E cr_WebViewChromiumAwInit: 	at com.android.webview.chromium.o0.o(chromium-SystemWebViewGoogle6432.aab-stable-777817803:64)
05-30 22:09:28.319  4947  4947 E cr_WebViewChromiumAwInit: 	at com.android.webview.chromium.o0.n(chromium-SystemWebViewGoogle6432.aab-stable-777817803:2)
05-30 22:09:28.319  4947  4947 E cr_WebViewChromiumAwInit: 	at com.android.webview.chromium.WebViewChromium.init(chromium-SystemWebViewGoogle6432.aab-stable-777817803:62)
05-30 22:09:28.319  4947  4947 E cr_WebViewChromiumAwInit: 	at android.webkit.WebView.<init>(WebView.java:448)
05-30 22:09:28.319  4947  4947 E cr_WebViewChromiumAwInit: 	at android.webkit.WebView.<init>(WebView.java:368)
05-30 22:09:28.319  4947  4947 E cr_WebViewChromiumAwInit: 	at android.webkit.WebView.<init>(WebView.java:350)
05-30 22:09:28.319  4947  4947 E cr_WebViewChromiumAwInit: 	at android.webkit.WebView.<init>(WebView.java:337)
05-30 22:09:28.319  4947  4947 E cr_WebViewChromiumAwInit: 	at android.webkit.WebView.<init>(WebView.java:327)
05-30 22:09:28.319  4947  4947 E cr_WebViewChromiumAwInit: 	at com.google.android.gms.ads.internal.webview.ai.<init>(:com.google.android.gms.policy_ads_fdr_dynamite@260480608@260480602017.868869642.868869642:1)
