06-04 11:44:33.636  3308  3308 W View    : requestLayout() improperly called by helium314.keyboard.latin.panels.BrowserPanelView{d09bc1d V.E...... ......ID 0,0-1440,2040} during layout: running second layout pass
06-04 11:44:33.650  3308  3308 W View    : requestLayout() improperly called by helium314.keyboard.latin.panels.BrowserPanelView{d09bc1d V.E...... ........ 0,0-1440,2040} during second layout pass: posting in next frame
06-04 11:44:33.657  3308  3308 W View    : requestLayout() improperly called by helium314.keyboard.latin.panels.BrowserPanelView{d09bc1d V.E...... ......ID 0,0-1440,2040} during layout: running second layout pass
06-04 11:44:33.662  3308  3308 W View    : requestLayout() improperly called by helium314.keyboard.latin.panels.BrowserPanelView{d09bc1d V.E...... ......I. 0,0-1440,2040} during second layout pass: posting in next frame
06-04 11:44:33.671  3308  3308 W View    : requestLayout() improperly called by helium314.keyboard.latin.panels.BrowserPanelView{d09bc1d V.E...... ......ID 0,0-1440,2040} during layout: running second layout pass
06-04 11:44:33.676  3308  3308 W View    : requestLayout() improperly called by helium314.keyboard.latin.panels.BrowserPanelView{d09bc1d V.E...... ........ 0,0-1440,2040} during second layout pass: posting in next frame
06-04 11:44:33.688  3308  3308 W View    : requestLayout() improperly called by helium314.keyboard.latin.panels.BrowserPanelView{d09bc1d V.E...... ......I. 0,0-1440,2040} during layout: running second layout pass
06-04 11:44:33.696  3308  3308 W View    : requestLayout() improperly called by helium314.keyboard.latin.panels.BrowserPanelView{d09bc1d V.E...... ........ 0,0-1440,2040} during second layout pass: posting in next frame
06-04 11:44:33.707  3308  3308 W View    : requestLayout() improperly called by helium314.keyboard.latin.panels.BrowserPanelView{d09bc1d V.E...... ......I. 0,0-1440,2040} during layout: running second layout pass
06-04 11:44:33.713  3308  3308 W View    : requestLayout() improperly called by helium314.keyboard.latin.panels.BrowserPanelView{d09bc1d V.E...... ........ 0,0-1440,2040} during second layout pass: posting in next frame
06-04 11:44:33.722  3308  3308 W View    : requestLayout() improperly called by helium314.keyboard.latin.panels.BrowserPanelView{d09bc1d V.E...... ......I. 0,0-1440,2040} during layout: running second layout pass
06-04 11:44:33.736  3308  3308 W View    : requestLayout() improperly called by helium314.keyboard.latin.panels.BrowserPanelView{d09bc1d V.E...... ......ID 0,0-1440,2040} during second layout pass: posting in next frame
06-04 11:44:33.740  3308  3308 W View    : requestLayout() improperly called by helium314.keyboard.latin.panels.BrowserPanelView{d09bc1d V.E...... ......ID 0,0-1440,2040} during layout: running second layout pass
06-04 11:44:33.742  3805  3805 E .keyboard:tab2: Unknown bits set in runtime_flags: 0x40000000
06-04 11:44:33.747  3308  3308 W View    : requestLayout() improperly called by helium314.keyboard.latin.panels.BrowserPanelView{d09bc1d V.E...... ......I. 0,0-1440,2040} during second layout pass: posting in next frame
06-04 11:44:33.755  3308  3308 W View    : requestLayout() improperly called by helium314.keyboard.latin.panels.BrowserPanelView{d09bc1d V.E...... ......I. 0,0-1440,2040} during layout: running second layout pass
06-04 11:44:33.759  3308  3308 W View    : requestLayout() improperly called by helium314.keyboard.latin.panels.BrowserPanelView{d09bc1d V.E...... ......ID 0,0-1440,2040} during second layout pass: posting in next frame
06-04 11:44:33.772  3308  3308 W View    : requestLayout() improperly called by helium314.keyboard.latin.panels.BrowserPanelView{d09bc1d V.E...... ......ID 0,0-1440,2040} during layout: running second layout pass
06-04 11:44:33.777  3308  3308 W View    : requestLayout() improperly called by helium314.keyboard.latin.panels.BrowserPanelView{d09bc1d V.E...... ........ 0,0-1440,2040} during second layout pass: posting in next frame
06-04 11:44:33.791  3308  3308 W View    : requestLayout() improperly called by helium314.keyboard.latin.panels.BrowserPanelView{d09bc1d V.E...... ......I. 0,0-1440,2040} during layout: running second layout pass
06-04 11:44:33.799  3308  3308 W View    : requestLayout() improperly called by helium314.keyboard.latin.panels.BrowserPanelView{d09bc1d V.E...... ........ 0,0-1440,2040} during second layout pass: posting in next frame
06-04 11:44:33.804  3308  3308 W View    : requestLayout() improperly called by helium314.keyboard.latin.panels.BrowserPanelView{d09bc1d V.E...... ......I. 0,0-1440,2040} during layout: running second layout pass
06-04 11:44:33.808  3308  3308 W View    : requestLayout() improperly called by helium314.keyboard.latin.panels.BrowserPanelView{d09bc1d V.E...... ........ 0,0-1440,2040} during second layout pass: posting in next frame
06-04 11:44:33.821  3308  3308 W View    : requestLayout() improperly called by helium314.keyboard.latin.panels.BrowserPanelView{d09bc1d V.E...... ......I. 0,0-1440,2040} during layout: running second layout pass
06-04 11:44:33.825  3308  3308 W View    : requestLayout() improperly called by helium314.keyboard.latin.panels.BrowserPanelView{d09bc1d V.E...... ........ 0,0-1440,2040} during second layout pass: posting in next frame
06-04 11:44:33.827  3805  3855 E GeckoLibLoad: Load sqlite start
06-04 11:44:33.829  3805  3855 E GeckoLibLoad: Load sqlite done
06-04 11:44:33.829  3805  3855 E GeckoLibLoad: Load nss start
06-04 11:44:33.829  3805  3855 E GeckoLibLoad: Load nss done
06-04 11:44:33.838  3308  3308 W View    : requestLayout() improperly called by helium314.keyboard.latin.panels.BrowserPanelView{d09bc1d V.E...... ......I. 0,0-1440,2040} during layout: running second layout pass
06-04 11:44:33.842  3805  3855 E GeckoLibLoad: Loaded libs in 12.327240ms total, 0ms(0ms) user, 6ms(12ms) system, 0(0) faults
06-04 11:44:33.842  3308  3308 W View    : requestLayout() improperly called by helium314.keyboard.latin.panels.BrowserPanelView{d09bc1d V.E...... ........ 0,0-1440,2040} during second layout pass: posting in next frame
06-04 11:44:33.842  3805  3855 W GeckoThread: zerdatime 264716703 - runGecko
06-04 11:44:33.854  3308  3308 W View    : requestLayout() improperly called by helium314.keyboard.latin.panels.BrowserPanelView{d09bc1d V.E...... ......I. 0,0-1440,2040} during layout: running second layout pass
06-04 11:44:33.863  3308  3308 W View    : requestLayout() improperly called by helium314.keyboard.latin.panels.BrowserPanelView{d09bc1d V.E...... ........ 0,0-1440,2040} during second layout pass: posting in next frame
06-04 11:44:33.872  3308  3308 W View    : requestLayout() improperly called by helium314.keyboard.latin.panels.BrowserPanelView{d09bc1d V.E...... ......I. 0,0-1440,2040} during layout: running second layout pass
06-04 11:44:33.876  3308  3308 W View    : requestLayout() improperly called by helium314.keyboard.latin.panels.BrowserPanelView{d09bc1d V.E...... ........ 0,0-1440,2040} during second layout pass: posting in next frame
06-04 11:44:33.889  3308  3308 W View    : requestLayout() improperly called by helium314.keyboard.latin.panels.BrowserPanelView{d09bc1d V.E...... ......I. 0,0-1440,2040} during layout: running second layout pass
06-04 11:44:33.894  3308  3308 W View    : requestLayout() improperly called by helium314.keyboard.latin.panels.BrowserPanelView{d09bc1d V.E...... ........ 0,0-1440,2040} during second layout pass: posting in next frame
06-04 11:44:33.905  3308  3308 W View    : requestLayout() improperly called by helium314.keyboard.latin.panels.BrowserPanelView{d09bc1d V.E...... ......I. 0,0-1440,2040} during layout: running second layout pass
06-04 11:44:33.910  3308  3308 W View    : requestLayout() improperly called by helium314.keyboard.latin.panels.BrowserPanelView{d09bc1d V.E...... ........ 0,0-1440,2040} during second layout pass: posting in next frame
06-04 11:44:33.922  3308  3308 W View    : requestLayout() improperly called by helium314.keyboard.latin.panels.BrowserPanelView{d09bc1d V.E...... ......I. 0,0-1440,2040} during layout: running second layout pass
06-04 11:44:33.928  3308  3308 W View    : requestLayout() improperly called by helium314.keyboard.latin.panels.BrowserPanelView{d09bc1d V.E...... ........ 0,0-1440,2040} during second layout pass: posting in next frame
06-04 11:44:33.938  3308  3308 W View    : requestLayout() improperly called by helium314.keyboard.latin.panels.BrowserPanelView{d09bc1d V.E...... ......I. 0,0-1440,2040} during layout: running second layout pass
06-04 11:44:33.944  3308  3308 W View    : requestLayout() improperly called by helium314.keyboard.latin.panels.BrowserPanelView{d09bc1d V.E...... ........ 0,0-1440,2040} during second layout pass: posting in next frame
06-04 11:44:33.951  3805  3855 W GeckoEditableChild: No editable parent
06-04 11:44:33.954  3308  3308 W View    : requestLayout() improperly called by helium314.keyboard.latin.panels.BrowserPanelView{d09bc1d V.E...... ......I. 0,0-1440,2040} during layout: running second layout pass
06-04 11:44:33.961  3308  3308 W View    : requestLayout() improperly called by helium314.keyboard.latin.panels.BrowserPanelView{d09bc1d V.E...... ........ 0,0-1440,2040} during second layout pass: posting in next frame
06-04 11:44:33.972  3308  3308 W View    : requestLayout() improperly called by helium314.keyboard.latin.panels.BrowserPanelView{d09bc1d V.E...... ......I. 0,0-1440,2040} during layout: running second layout pass
06-04 11:44:33.985  3308  3308 W View    : requestLayout() improperly called by helium314.keyboard.latin.panels.BrowserPanelView{d09bc1d V.E...... ........ 0,0-1440,2040} during second layout pass: posting in next frame
06-04 11:44:33.992  3308  3308 W View    : requestLayout() improperly called by helium314.keyboard.latin.panels.BrowserPanelView{d09bc1d V.E...... ......ID 0,0-1440,2040} during layout: running second layout pass
06-04 11:44:34.013  3308  3308 W View    : requestLayout() improperly called by helium314.keyboard.latin.panels.BrowserPanelView{d09bc1d V.E...... ........ 0,0-1440,2040} during second layout pass: posting in next frame
06-04 11:44:34.006  3308  3308 W com.vibekey.keyboard: type=1400 audit(0.0:113186): avc: denied { nlmsg_readpriv } for comm=536F636B657420546872656164 scontext=u:r:untrusted_app:s0:c82,c271,c512,c768 tcontext=u:r:untrusted_app:s0:c82,c271,c512,c768 tclass=netlink_route_socket permissive=0 bug=b/155595000 app=com.vibekey.keyboard
06-04 11:44:34.015  3308  3308 W View    : requestLayout() improperly called by helium314.keyboard.latin.panels.BrowserPanelView{d09bc1d V.E...... ......ID 0,0-1440,2040} during layout: running second layout pass
06-04 11:44:34.021  3308  3308 W View    : requestLayout() improperly called by helium314.keyboard.latin.panels.BrowserPanelView{d09bc1d V.E...... ........ 0,0-1440,2040} during second layout pass: posting in next frame
06-04 11:44:34.023  3308  3308 W View    : requestLayout() improperly called by helium314.keyboard.latin.panels.BrowserPanelView{d09bc1d V.E...... ......ID 0,0-1440,2040} during layout: running second layout pass
06-04 11:44:34.033  3308  3308 W View    : requestLayout() improperly called by helium314.keyboard.latin.panels.BrowserPanelView{d09bc1d V.E...... ........ 0,0-1440,2040} during second layout pass: posting in next frame
06-04 11:44:34.038  3308  3308 W View    : requestLayout() improperly called by helium314.keyboard.latin.panels.BrowserPanelView{d09bc1d V.E...... ......ID 0,0-1440,2040} during layout: running second layout pass
06-04 11:44:34.016  3308  3308 W com.vibekey.keyboard: type=1400 audit(0.0:113188): avc: denied { nlmsg_readpriv } for comm=536F636B657420546872656164 scontext=u:r:untrusted_app:s0:c82,c271,c512,c768 tcontext=u:r:untrusted_app:s0:c82,c271,c512,c768 tclass=netlink_route_socket permissive=0 bug=b/155595000 app=com.vibekey.keyboard
06-04 11:44:34.016  3308  3308 W com.vibekey.keyboard: type=1400 audit(0.0:113189): avc: denied { nlmsg_readpriv } for comm=536F636B657420546872656164 scontext=u:r:untrusted_app:s0:c82,c271,c512,c768 tcontext=u:r:untrusted_app:s0:c82,c271,c512,c768 tclass=netlink_route_socket permissive=0 bug=b/155595000 app=com.vibekey.keyboard
06-04 11:44:34.026  3308  3308 W com.vibekey.keyboard: type=1400 audit(0.0:113190): avc: denied { nlmsg_readpriv } for comm=536F636B657420546872656164 scontext=u:r:untrusted_app:s0:c82,c271,c512,c768 tcontext=u:r:untrusted_app:s0:c82,c271,c512,c768 tclass=netlink_route_socket permissive=0 bug=b/155595000 app=com.vibekey.keyboard
06-04 11:44:34.047  3308  3308 W View    : requestLayout() improperly called by helium314.keyboard.latin.panels.BrowserPanelView{d09bc1d V.E...... ........ 0,0-1440,2040} during second layout pass: posting in next frame
06-04 11:44:34.055  3308  3308 W View    : requestLayout() improperly called by helium314.keyboard.latin.panels.BrowserPanelView{d09bc1d V.E...... ......ID 0,0-1440,2040} during layout: running second layout pass
06-04 11:44:34.061  3308  3308 W View    : requestLayout() improperly called by helium314.keyboard.latin.panels.BrowserPanelView{d09bc1d V.E...... ........ 0,0-1440,2040} during second layout pass: posting in next frame
06-04 11:44:34.073  3308  3308 W View    : requestLayout() improperly called by helium314.keyboard.latin.panels.BrowserPanelView{d09bc1d V.E...... ......ID 0,0-1440,2040} during layout: running second layout pass
06-04 11:44:34.080  3308  3308 W View    : requestLayout() improperly called by helium314.keyboard.latin.panels.BrowserPanelView{d09bc1d V.E...... ........ 0,0-1440,2040} during second layout pass: posting in next frame
06-04 11:44:34.090  3308  3308 W View    : requestLayout() improperly called by helium314.keyboard.latin.panels.BrowserPanelView{d09bc1d V.E...... ......ID 0,0-1440,2040} during layout: running second layout pass
06-04 11:44:34.076  3308  3308 W com.vibekey.keyboard: type=1400 audit(0.0:113191): avc: denied { nlmsg_readpriv } for comm=536F636B657420546872656164 scontext=u:r:untrusted_app:s0:c82,c271,c512,c768 tcontext=u:r:untrusted_app:s0:c82,c271,c512,c768 tclass=netlink_route_socket permissive=0 bug=b/155595000 app=com.vibekey.keyboard
06-04 11:44:34.095  3308  3308 W View    : requestLayout() improperly called by helium314.keyboard.latin.panels.BrowserPanelView{d09bc1d V.E...... ........ 0,0-1440,2040} during second layout pass: posting in next frame
06-04 11:44:34.105  3308  3308 W View    : requestLayout() improperly called by helium314.keyboard.latin.panels.BrowserPanelView{d09bc1d V.E...... ......I. 0,0-1440,2040} during layout: running second layout pass
06-04 11:44:34.109  3308  3308 W View    : requestLayout() improperly called by helium314.keyboard.latin.panels.BrowserPanelView{d09bc1d V.E...... ........ 0,0-1440,2040} during second layout pass: posting in next frame
06-04 11:44:34.122  3308  3308 W View    : requestLayout() improperly called by helium314.keyboard.latin.panels.BrowserPanelView{d09bc1d V.E...... ......I. 0,0-1440,2040} during layout: running second layout pass
06-04 11:44:34.126  3308  3308 W View    : requestLayout() improperly called by helium314.keyboard.latin.panels.BrowserPanelView{d09bc1d V.E...... ........ 0,0-1440,2040} during second layout pass: posting in next frame
06-04 11:44:34.140  3308  3308 W View    : requestLayout() improperly called by helium314.keyboard.latin.panels.BrowserPanelView{d09bc1d V.E...... ......I. 0,0-1440,2040} during layout: running second layout pass
06-04 11:44:34.144  3308  3308 W View    : requestLayout() improperly called by helium314.keyboard.latin.panels.BrowserPanelView{d09bc1d V.E...... ........ 0,0-1440,2040} during second layout pass: posting in next frame
06-04 11:44:34.155  3308  3308 W View    : requestLayout() improperly called by helium314.keyboard.latin.panels.BrowserPanelView{d09bc1d V.E...... ......I. 0,0-1440,2040} during layout: running second layout pass
06-04 11:44:34.159  3308  3308 W View    : requestLayout() improperly called by helium314.keyboard.latin.panels.BrowserPanelView{d09bc1d V.E...... ........ 0,0-1440,2040} during second layout pass: posting in next frame
06-04 11:44:34.172  3308  3308 W View    : requestLayout() improperly called by helium314.keyboard.latin.panels.BrowserPanelView{d09bc1d V.E...... ......I. 0,0-1440,2040} during layout: running second layout pass
06-04 11:44:34.176  3308  3308 W View    : requestLayout() improperly called by helium314.keyboard.latin.panels.BrowserPanelView{d09bc1d V.E...... ........ 0,0-1440,2040} during second layout pass: posting in next frame
06-04 11:44:34.188  3308  3308 W View    : requestLayout() improperly called by helium314.keyboard.latin.panels.BrowserPanelView{d09bc1d V.E...... ......I. 0,0-1440,2040} during layout: running second layout pass
06-04 11:44:34.192  3308  3308 W View    : requestLayout() improperly called by helium314.keyboard.latin.panels.BrowserPanelView{d09bc1d V.E...... ........ 0,0-1440,2040} during second layout pass: posting in next frame
06-04 11:44:34.205  3308  3308 W View    : requestLayout() improperly called by helium314.keyboard.latin.panels.BrowserPanelView{d09bc1d V.E...... ......I. 0,0-1440,2040} during layout: running second layout pass
06-04 11:44:34.210  3308  3308 W View    : requestLayout() improperly called by helium314.keyboard.latin.panels.BrowserPanelView{d09bc1d V.E...... ........ 0,0-1440,2040} during second layout pass: posting in next frame
06-04 11:44:34.222  3308  3308 W View    : requestLayout() improperly called by helium314.keyboard.latin.panels.BrowserPanelView{d09bc1d V.E...... ......I. 0,0-1440,2040} during layout: running second layout pass
06-04 11:44:34.232  3308  3308 W View    : requestLayout() improperly called by helium314.keyboard.latin.panels.BrowserPanelView{d09bc1d V.E...... ........ 0,0-1440,2040} during second layout pass: posting in next frame
06-04 11:44:34.238  3308  3308 W View    : requestLayout() improperly called by helium314.keyboard.latin.panels.BrowserPanelView{d09bc1d V.E...... ......I. 0,0-1440,2040} during layout: running second layout pass
06-04 11:44:34.243  3308  3308 W View    : requestLayout() improperly called by helium314.keyboard.latin.panels.BrowserPanelView{d09bc1d V.E...... .......D 0,0-1440,2040} during second layout pass: posting in next frame
06-04 11:44:34.255  3308  3308 W View    : requestLayout() improperly called by helium314.keyboard.latin.panels.BrowserPanelView{d09bc1d V.E...... ......ID 0,0-1440,2040} during layout: running second layout pass
06-04 11:44:34.260  3308  3308 W View    : requestLayout() improperly called by helium314.keyboard.latin.panels.BrowserPanelView{d09bc1d V.E...... ........ 0,0-1440,2040} during second layout pass: posting in next frame
06-04 11:44:34.272  3308  3308 W View    : requestLayout() improperly called by helium314.keyboard.latin.panels.BrowserPanelView{d09bc1d V.E...... ......I. 0,0-1440,2040} during layout: running second layout pass
06-04 11:44:34.277  3308  3308 W View    : requestLayout() improperly called by helium314.keyboard.latin.panels.BrowserPanelView{d09bc1d V.E...... ........ 0,0-1440,2040} during second layout pass: posting in next frame
06-04 11:44:34.289  3308  3308 W View    : requestLayout() improperly called by helium314.keyboard.latin.panels.BrowserPanelView{d09bc1d V.E...... ......I. 0,0-1440,2040} during layout: running second layout pass
06-04 11:44:34.296  3308  3308 W View    : requestLayout() improperly called by helium314.keyboard.latin.panels.BrowserPanelView{d09bc1d V.E...... ........ 0,0-1440,2040} during second layout pass: posting in next frame
06-04 11:44:34.305  3308  3308 W View    : requestLayout() improperly called by helium314.keyboard.latin.panels.BrowserPanelView{d09bc1d V.E...... ......I. 0,0-1440,2040} during layout: running second layout pass
06-04 11:44:34.312  3308  3308 W View    : requestLayout() improperly called by helium314.keyboard.latin.panels.BrowserPanelView{d09bc1d V.E...... ........ 0,0-1440,2040} during second layout pass: posting in next frame
06-04 11:44:34.322  3308  3308 W View    : requestLayout() improperly called by helium314.keyboard.latin.panels.BrowserPanelView{d09bc1d V.E...... ......I. 0,0-1440,2040} during layout: running second layout pass
06-04 11:44:34.328  3308  3308 W View    : requestLayout() improperly called by helium314.keyboard.latin.panels.BrowserPanelView{d09bc1d V.E...... ........ 0,0-1440,2040} during second layout pass: posting in next frame
06-04 11:44:34.340  3308  3308 W View    : requestLayout() improperly called by helium314.keyboard.latin.panels.BrowserPanelView{d09bc1d V.E...... ......I. 0,0-1440,2040} during layout: running second layout pass
06-04 11:44:34.345  3308  3308 W View    : requestLayout() improperly called by helium314.keyboard.latin.panels.BrowserPanelView{d09bc1d V.E...... ........ 0,0-1440,2040} during second layout pass: posting in next frame
06-04 11:44:34.356  3308  3308 W View    : requestLayout() improperly called by helium314.keyboard.latin.panels.BrowserPanelView{d09bc1d V.E...... ......I. 0,0-1440,2040} during layout: running second layout pass
06-04 11:44:34.361  3308  3308 W View    : requestLayout() improperly called by helium314.keyboard.latin.panels.BrowserPanelView{d09bc1d V.E...... ........ 0,0-1440,2040} during second layout pass: posting in next frame
06-04 11:44:34.372  3308  3308 W View    : requestLayout() improperly called by helium314.keyboard.latin.panels.BrowserPanelView{d09bc1d V.E...... ......I. 0,0-1440,2040} during layout: running second layout pass
06-04 11:44:34.378  3308  3308 W View    : requestLayout() improperly called by helium314.keyboard.latin.panels.BrowserPanelView{d09bc1d V.E...... ........ 0,0-1440,2040} during second layout pass: posting in next frame
06-04 11:44:34.389  3308  3308 W View    : requestLayout() improperly called by helium314.keyboard.latin.panels.BrowserPanelView{d09bc1d V.E...... ......I. 0,0-1440,2040} during layout: running second layout pass
06-04 11:44:34.394  3308  3308 W View    : requestLayout() improperly called by helium314.keyboard.latin.panels.BrowserPanelView{d09bc1d V.E...... ........ 0,0-1440,2040} during second layout pass: posting in next frame
06-04 11:44:34.406  3308  3308 W View    : requestLayout() improperly called by helium314.keyboard.latin.panels.BrowserPanelView{d09bc1d V.E...... ......I. 0,0-1440,2040} during layout: running second layout pass
06-04 11:44:34.410  3308  3308 W View    : requestLayout() improperly called by helium314.keyboard.latin.panels.BrowserPanelView{d09bc1d V.E...... ........ 0,0-1440,2040} during second layout pass: posting in next frame
06-04 11:44:34.423  3308  3308 W View    : requestLayout() improperly called by helium314.keyboard.latin.panels.BrowserPanelView{d09bc1d V.E...... ......I. 0,0-1440,2040} during layout: running second layout pass
06-04 11:44:34.429  3308  3308 W View    : requestLayout() improperly called by helium314.keyboard.latin.panels.BrowserPanelView{d09bc1d V.E...... ........ 0,0-1440,2040} during second layout pass: posting in next frame
06-04 11:44:34.440  3308  3308 W View    : requestLayout() improperly called by helium314.keyboard.latin.panels.BrowserPanelView{d09bc1d V.E...... ......I. 0,0-1440,2040} during layout: running second layout pass
06-04 11:44:34.447  3308  3308 W View    : requestLayout() improperly called by helium314.keyboard.latin.panels.BrowserPanelView{d09bc1d V.E...... ........ 0,0-1440,2040} during second layout pass: posting in next frame
06-04 11:44:34.455  3308  3308 W View    : requestLayout() improperly called by helium314.keyboard.latin.panels.BrowserPanelView{d09bc1d V.E...... ......I. 0,0-1440,2040} during layout: running second layout pass
06-04 11:44:34.460  3308  3308 W View    : requestLayout() improperly called by helium314.keyboard.latin.panels.BrowserPanelView{d09bc1d V.E...... ........ 0,0-1440,2040} during second layout pass: posting in next frame
06-04 11:44:34.472  3308  3308 W View    : requestLayout() improperly called by helium314.keyboard.latin.panels.BrowserPanelView{d09bc1d V.E...... ......I. 0,0-1440,2040} during layout: running second layout pass
06-04 11:44:34.466  3308  3308 W com.vibekey.keyboard: type=1400 audit(0.0:113192): avc: denied { nlmsg_readpriv } for comm=536F636B657420546872656164 scontext=u:r:untrusted_app:s0:c82,c271,c512,c768 tcontext=u:r:untrusted_app:s0:c82,c271,c512,c768 tclass=netlink_route_socket permissive=0 bug=b/155595000 app=com.vibekey.keyboard
06-04 11:44:34.480  3308  3308 W View    : requestLayout() improperly called by helium314.keyboard.latin.panels.BrowserPanelView{d09bc1d V.E...... ........ 0,0-1440,2040} during second layout pass: posting in next frame
06-04 11:44:34.489  3308  3308 W View    : requestLayout() improperly called by helium314.keyboard.latin.panels.BrowserPanelView{d09bc1d V.E...... ......I. 0,0-1440,2040} during layout: running second layout pass
06-04 11:44:34.494  3308  3308 W View    : requestLayout() improperly called by helium314.keyboard.latin.panels.BrowserPanelView{d09bc1d V.E...... ........ 0,0-1440,2040} during second layout pass: posting in next frame
06-04 11:44:34.506  3308  3308 W View    : requestLayout() improperly called by helium314.keyboard.latin.panels.BrowserPanelView{d09bc1d V.E...... ......I. 0,0-1440,2040} during layout: running second layout pass
06-04 11:44:34.510  3308  3308 W View    : requestLayout() improperly called by helium314.keyboard.latin.panels.BrowserPanelView{d09bc1d V.E...... ........ 0,0-1440,2040} during second layout pass: posting in next frame
06-04 11:44:34.522  3308  3308 W View    : requestLayout() improperly called by helium314.keyboard.latin.panels.BrowserPanelView{d09bc1d V.E...... ......I. 0,0-1440,2040} during layout: running second layout pass
06-04 11:44:34.534  3308  3308 W View    : requestLayout() improperly called by helium314.keyboard.latin.panels.BrowserPanelView{d09bc1d V.E...... ........ 0,0-1440,2040} during second layout pass: posting in next frame
06-04 11:44:34.540  3308  3308 W View    : requestLayout() improperly called by helium314.keyboard.latin.panels.BrowserPanelView{d09bc1d V.E...... ......I. 0,0-1440,2040} during layout: running second layout pass
06-04 11:44:34.547  3308  3308 W View    : requestLayout() improperly called by helium314.keyboard.latin.panels.BrowserPanelView{d09bc1d V.E...... ........ 0,0-1440,2040} during second layout pass: posting in next frame
06-04 11:44:34.557  3308  3308 W View    : requestLayout() improperly called by helium314.keyboard.latin.panels.BrowserPanelView{d09bc1d V.E...... ......I. 0,0-1440,2040} during layout: running second layout pass
06-04 11:44:34.562  3308  3308 W View    : requestLayout() improperly called by helium314.keyboard.latin.panels.BrowserPanelView{d09bc1d V.E...... ........ 0,0-1440,2040} during second layout pass: posting in next frame
06-04 11:44:34.574  3308  3308 W View    : requestLayout() improperly called by helium314.keyboard.latin.panels.BrowserPanelView{d09bc1d V.E...... ......I. 0,0-1440,2040} during layout: running second layout pass
06-04 11:44:34.582  3308  3308 W View    : requestLayout() improperly called by helium314.keyboard.latin.panels.BrowserPanelView{d09bc1d V.E...... ........ 0,0-1440,2040} during second layout pass: posting in next frame
06-04 11:44:34.590  3308  3308 W View    : requestLayout() improperly called by helium314.keyboard.latin.panels.BrowserPanelView{d09bc1d V.E...... ......I. 0,0-1440,2040} during layout: running second layout pass
06-04 11:44:34.598  3308  3308 W View    : requestLayout() improperly called by helium314.keyboard.latin.panels.BrowserPanelView{d09bc1d V.E...... ........ 0,0-1440,2040} during second layout pass: posting in next frame
06-04 11:44:34.607  3308  3308 W View    : requestLayout() improperly called by helium314.keyboard.latin.panels.BrowserPanelView{d09bc1d V.E...... ......I. 0,0-1440,2040} during layout: running second layout pass
06-04 11:44:34.612  3308  3308 W View    : requestLayout() improperly called by helium314.keyboard.latin.panels.BrowserPanelView{d09bc1d V.E...... ........ 0,0-1440,2040} during second layout pass: posting in next frame
06-04 11:44:34.622  3805  3855 W AudioCapabilities: Unsupported mime audio/ffmpeg
06-04 11:44:34.623  3805  3855 W VideoCapabilities: Unsupported mime video/ffmpeg
06-04 11:44:34.623  3805  3855 W VideoCapabilities: Unrecognized profile/level 0/3 for video/mpeg2
06-04 11:44:34.623  3805  3855 W VideoCapabilities: Unrecognized profile/level 0/3 for video/mpeg2
06-04 11:44:34.624  3308  3308 W View    : requestLayout() improperly called by helium314.keyboard.latin.panels.BrowserPanelView{d09bc1d V.E...... ......I. 0,0-1440,2040} during layout: running second layout pass
06-04 11:44:34.636  3308  3308 W View    : requestLayout() improperly called by helium314.keyboard.latin.panels.BrowserPanelView{d09bc1d V.E...... ........ 0,0-1440,2040} during second layout pass: posting in next frame
06-04 11:44:34.639  3308  3308 W View    : requestLayout() improperly called by helium314.keyboard.latin.panels.BrowserPanelView{d09bc1d V.E...... ......I. 0,0-1440,2040} during layout: running second layout pass
06-04 11:44:34.645  3308  3308 W View    : requestLayout() improperly called by helium314.keyboard.latin.panels.BrowserPanelView{d09bc1d V.E...... ........ 0,0-1440,2040} during second layout pass: posting in next frame
06-04 11:44:34.656  3308  3308 W View    : requestLayout() improperly called by helium314.keyboard.latin.panels.BrowserPanelView{d09bc1d V.E...... ......I. 0,0-1440,2040} during layout: running second layout pass
06-04 11:44:34.660  3308  3308 W View    : requestLayout() improperly called by helium314.keyboard.latin.panels.BrowserPanelView{d09bc1d V.E...... ........ 0,0-1440,2040} during second layout pass: posting in next frame
06-04 11:44:34.674  3308  3308 W View    : requestLayout() improperly called by helium314.keyboard.latin.panels.BrowserPanelView{d09bc1d V.E...... ......ID 0,0-1440,2040} during layout: running second layout pass
06-04 11:44:34.681  3308  3308 W View    : requestLayout() improperly called by helium314.keyboard.latin.panels.BrowserPanelView{d09bc1d V.E...... ........ 0,0-1440,2040} during second layout pass: posting in next frame
06-04 11:44:34.694  3308  3308 W View    : requestLayout() improperly called by helium314.keyboard.latin.panels.BrowserPanelView{d09bc1d V.E...... ......ID 0,0-1440,2040} during layout: running second layout pass
06-04 11:44:34.705  3308  3308 W View    : requestLayout() improperly called by helium314.keyboard.latin.panels.BrowserPanelView{d09bc1d V.E...... ........ 0,0-1440,2040} during second layout pass: posting in next frame
06-04 11:44:34.714  3308  3308 W View    : requestLayout() improperly called by helium314.keyboard.latin.panels.BrowserPanelView{d09bc1d V.E...... ......ID 0,0-1440,2040} during layout: running second layout pass
06-04 11:44:34.730  3308  3308 W View    : requestLayout() improperly called by helium314.keyboard.latin.panels.BrowserPanelView{d09bc1d V.E...... ........ 0,0-1440,2040} during second layout pass: posting in next frame
06-04 11:44:34.734  3308  3308 W View    : requestLayout() improperly called by helium314.keyboard.latin.panels.BrowserPanelView{d09bc1d V.E...... ......ID 0,0-1440,2040} during layout: running second layout pass
06-04 11:44:34.743  3308  3308 W View    : requestLayout() improperly called by helium314.keyboard.latin.panels.BrowserPanelView{d09bc1d V.E...... ........ 0,0-1440,2040} during second layout pass: posting in next frame
06-04 11:44:34.744  3308  3308 W View    : requestLayout() improperly called by helium314.keyboard.latin.panels.BrowserPanelView{d09bc1d V.E...... ......ID 0,0-1440,2040} during layout: running second layout pass
06-04 11:44:34.750  3308  3308 W View    : requestLayout() improperly called by helium314.keyboard.latin.panels.BrowserPanelView{d09bc1d V.E...... .......D 0,0-1440,2040} during second layout pass: posting in next frame
06-04 11:44:34.759  3308  3308 W View    : requestLayout() improperly called by helium314.keyboard.latin.panels.BrowserPanelView{d09bc1d V.E...... ......ID 0,0-1440,2040} during layout: running second layout pass
06-04 11:44:34.768  3308  3308 W View    : requestLayout() improperly called by helium314.keyboard.latin.panels.BrowserPanelView{d09bc1d V.E...... ........ 0,0-1440,2040} during second layout pass: posting in next frame
06-04 11:44:34.773  3308  3308 W View    : requestLayout() improperly called by helium314.keyboard.latin.panels.BrowserPanelView{d09bc1d V.E...... ......ID 0,0-1440,2040} during layout: running second layout pass
06-04 11:44:34.782  3308  3308 W View    : requestLayout() improperly called by helium314.keyboard.latin.panels.BrowserPanelView{d09bc1d V.E...... ........ 0,0-1440,2040} during second layout pass: posting in next frame
06-04 11:44:34.816  3308  3308 W View    : requestLayout() improperly called by helium314.keyboard.latin.panels.BrowserPanelView{d09bc1d V.E...... ......ID 0,0-1440,2040} during layout: running second layout pass
06-04 11:44:34.830  3308  3308 W View    : requestLayout() improperly called by helium314.keyboard.latin.panels.BrowserPanelView{d09bc1d V.E...... ......ID 0,0-1440,2040} during second layout pass: posting in next frame
06-04 11:44:34.832  3308  3308 W View    : requestLayout() improperly called by helium314.keyboard.latin.panels.BrowserPanelView{d09bc1d V.E...... ......ID 0,0-1440,2040} during layout: running second layout pass
06-04 11:44:34.837  3308  3308 W View    : requestLayout() improperly called by helium314.keyboard.latin.panels.BrowserPanelView{d09bc1d V.E...... ........ 0,0-1440,2040} during second layout pass: posting in next frame
06-04 11:44:34.841  3308  3308 W View    : requestLayout() improperly called by helium314.keyboard.latin.panels.BrowserPanelView{d09bc1d V.E...... ......ID 0,0-1440,2040} during layout: running second layout pass
06-04 11:44:34.850  3308  3308 W View    : requestLayout() improperly called by helium314.keyboard.latin.panels.BrowserPanelView{d09bc1d V.E...... ........ 0,0-1440,2040} during second layout pass: posting in next frame
06-04 11:44:34.857  3308  3308 W View    : requestLayout() improperly called by helium314.keyboard.latin.panels.BrowserPanelView{d09bc1d V.E...... ......ID 0,0-1440,2040} during layout: running second layout pass
06-04 11:44:34.869  3308  3308 W View    : requestLayout() improperly called by helium314.keyboard.latin.panels.BrowserPanelView{d09bc1d V.E...... ........ 0,0-1440,2040} during second layout pass: posting in next frame
06-04 11:44:34.874  3308  3308 W View    : requestLayout() improperly called by helium314.keyboard.latin.panels.BrowserPanelView{d09bc1d V.E...... ......ID 0,0-1440,2040} during layout: running second layout pass
06-04 11:44:34.882  3308  3308 W View    : requestLayout() improperly called by helium314.keyboard.latin.panels.BrowserPanelView{d09bc1d V.E...... ........ 0,0-1440,2040} during second layout pass: posting in next frame
06-04 11:44:34.890  3308  3308 W View    : requestLayout() improperly called by helium314.keyboard.latin.panels.BrowserPanelView{d09bc1d V.E...... ......ID 0,0-1440,2040} during layout: running second layout pass
06-04 11:44:34.897  3308  3308 W View    : requestLayout() improperly called by helium314.keyboard.latin.panels.BrowserPanelView{d09bc1d V.E...... ........ 0,0-1440,2040} during second layout pass: posting in next frame
06-04 11:44:34.907  3308  3308 W View    : requestLayout() improperly called by helium314.keyboard.latin.panels.BrowserPanelView{d09bc1d V.E...... ......ID 0,0-1440,2040} during layout: running second layout pass
06-04 11:44:34.917  3308  3308 W View    : requestLayout() improperly called by helium314.keyboard.latin.panels.BrowserPanelView{d09bc1d V.E...... ........ 0,0-1440,2040} during second layout pass: posting in next frame
06-04 11:44:34.925  3308  3308 W View    : requestLayout() improperly called by helium314.keyboard.latin.panels.BrowserPanelView{d09bc1d V.E...... ......ID 0,0-1440,2040} during layout: running second layout pass
06-04 11:44:34.936  3308  3308 W View    : requestLayout() improperly called by helium314.keyboard.latin.panels.BrowserPanelView{d09bc1d V.E...... ........ 0,0-1440,2040} during second layout pass: posting in next frame
06-04 11:44:34.942  3308  3308 W View    : requestLayout() improperly called by helium314.keyboard.latin.panels.BrowserPanelView{d09bc1d V.E...... ......ID 0,0-1440,2040} during layout: running second layout pass
06-04 11:44:34.955  3308  3308 W View    : requestLayout() improperly called by helium314.keyboard.latin.panels.BrowserPanelView{d09bc1d V.E...... ........ 0,0-1440,2040} during second layout pass: posting in next frame
06-04 11:44:34.957  3308  3308 W View    : requestLayout() improperly called by helium314.keyboard.latin.panels.BrowserPanelView{d09bc1d V.E...... ......ID 0,0-1440,2040} during layout: running second layout pass
06-04 11:44:34.967  3308  3308 W View    : requestLayout() improperly called by helium314.keyboard.latin.panels.BrowserPanelView{d09bc1d V.E...... ........ 0,0-1440,2040} during second layout pass: posting in next frame
06-04 11:44:34.974  3308  3308 W View    : requestLayout() improperly called by helium314.keyboard.latin.panels.BrowserPanelView{d09bc1d V.E...... ......ID 0,0-1440,2040} during layout: running second layout pass
06-04 11:44:34.982  3308  3308 W View    : requestLayout() improperly called by helium314.keyboard.latin.panels.BrowserPanelView{d09bc1d V.E...... ........ 0,0-1440,2040} during second layout pass: posting in next frame
06-04 11:44:34.990  3308  3308 W View    : requestLayout() improperly called by helium314.keyboard.latin.panels.BrowserPanelView{d09bc1d V.E...... ......ID 0,0-1440,2040} during layout: running second layout pass
06-04 11:44:34.998  3308  3308 W View    : requestLayout() improperly called by helium314.keyboard.latin.panels.BrowserPanelView{d09bc1d V.E...... ........ 0,0-1440,2040} during second layout pass: posting in next frame
06-04 11:44:35.008  3308  3308 W View    : requestLayout() improperly called by helium314.keyboard.latin.panels.BrowserPanelView{d09bc1d V.E...... ......ID 0,0-1440,2040} during layout: running second layout pass
06-04 11:44:35.014  3308  3308 W View    : requestLayout() improperly called by helium314.keyboard.latin.panels.BrowserPanelView{d09bc1d V.E...... ........ 0,0-1440,2040} during second layout pass: posting in next frame
06-04 11:44:35.025  3308  3308 W View    : requestLayout() improperly called by helium314.keyboard.latin.panels.BrowserPanelView{d09bc1d V.E...... ......ID 0,0-1440,2040} during layout: running second layout pass
06-04 11:44:35.033  3308  3308 W View    : requestLayout() improperly called by helium314.keyboard.latin.panels.BrowserPanelView{d09bc1d V.E...... ........ 0,0-1440,2040} during second layout pass: posting in next frame
06-04 11:44:35.039  3308  3308 W View    : requestLayout() improperly called by helium314.keyboard.latin.panels.BrowserPanelView{d09bc1d V.E...... ......ID 0,0-1440,2040} during layout: running second layout pass
06-04 11:44:35.047  3308  3308 W View    : requestLayout() improperly called by helium314.keyboard.latin.panels.BrowserPanelView{d09bc1d V.E...... ........ 0,0-1440,2040} during second layout pass: posting in next frame
06-04 11:44:35.058  3308  3308 W View    : requestLayout() improperly called by helium314.keyboard.latin.panels.BrowserPanelView{d09bc1d V.E...... ......ID 0,0-1440,2040} during layout: running second layout pass
06-04 11:44:35.063  3308  3308 W View    : requestLayout() improperly called by helium314.keyboard.latin.panels.BrowserPanelView{d09bc1d V.E...... ........ 0,0-1440,2040} during second layout pass: posting in next frame
06-04 11:44:35.056  3308  3308 W com.vibekey.keyboard: type=1400 audit(0.0:113196): avc: denied { nlmsg_readpriv } for comm=536F636B657420546872656164 scontext=u:r:untrusted_app:s0:c82,c271,c512,c768 tcontext=u:r:untrusted_app:s0:c82,c271,c512,c768 tclass=netlink_route_socket permissive=0 bug=b/155595000 app=com.vibekey.keyboard
06-04 11:44:35.074  3308  3308 W View    : requestLayout() improperly called by helium314.keyboard.latin.panels.BrowserPanelView{d09bc1d V.E...... ......ID 0,0-1440,2040} during layout: running second layout pass
06-04 11:44:35.079  3805  3855 W Isolated Web Content: [JavaScript Warning: "The script from “https://tag.wknd.ai/340/i.js” was loaded even though its MIME type (“text/plain”) is not a valid JavaScript MIME type." {file: "https://www.cnn.com/" line: 0}]
06-04 11:44:35.080  3308  3308 W View    : requestLayout() improperly called by helium314.keyboard.latin.panels.BrowserPanelView{d09bc1d V.E...... ........ 0,0-1440,2040} during second layout pass: posting in next frame
06-04 11:44:35.090  3308  3308 W View    : requestLayout() improperly called by helium314.keyboard.latin.panels.BrowserPanelView{d09bc1d V.E...... ......ID 0,0-1440,2040} during layout: running second layout pass
06-04 11:44:35.096  3308  3308 W View    : requestLayout() improperly called by helium314.keyboard.latin.panels.BrowserPanelView{d09bc1d V.E...... ........ 0,0-1440,2040} during second layout pass: posting in next frame
06-04 11:44:35.107  3308  3308 W View    : requestLayout() improperly called by helium314.keyboard.latin.panels.BrowserPanelView{d09bc1d V.E...... ......I. 0,0-1440,2040} during layout: running second layout pass
06-04 11:44:35.113  3308  3308 W View    : requestLayout() improperly called by helium314.keyboard.latin.panels.BrowserPanelView{d09bc1d V.E...... ........ 0,0-1440,2040} during second layout pass: posting in next frame
06-04 11:44:35.124  3308  3308 W View    : requestLayout() improperly called by helium314.keyboard.latin.panels.BrowserPanelView{d09bc1d V.E...... ......I. 0,0-1440,2040} during layout: running second layout pass
06-04 11:44:35.128  3805  3855 W Isolated Web Content: [JavaScript Warning: "Autoplay is only allowed when approved by the user, the site is activated by the user, or media is muted." {file: "https://www.cnn.com/media/sites/js/bundles/cnn-adfuel-68aea82e3c12aa991ba88c3418167a78a4ba4ae912410f5e81c9e23d1f42677a.min.js" line: 1}]
06-04 11:44:35.139  3308  3308 W View    : requestLayout() improperly called by helium314.keyboard.latin.panels.BrowserPanelView{d09bc1d V.E...... ........ 0,0-1440,2040} during second layout pass: posting in next frame
06-04 11:44:35.141  3308  3308 W View    : requestLayout() improperly called by helium314.keyboard.latin.panels.BrowserPanelView{d09bc1d V.E...... ......ID 0,0-1440,2040} during layout: running second layout pass
06-04 11:44:35.149  3308  3308 W View    : requestLayout() improperly called by helium314.keyboard.latin.panels.BrowserPanelView{d09bc1d V.E...... ........ 0,0-1440,2040} during second layout pass: posting in next frame
06-04 11:44:35.159  3308  3308 W View    : requestLayout() improperly called by helium314.keyboard.latin.panels.BrowserPanelView{d09bc1d V.E...... ......I. 0,0-1440,2040} during layout: running second layout pass
06-04 11:44:35.174  3308  3308 W View    : requestLayout() improperly called by helium314.keyboard.latin.panels.BrowserPanelView{d09bc1d V.E...... ........ 0,0-1440,2040} during second layout pass: posting in next frame
06-04 11:44:35.192  3308  3308 W View    : requestLayout() improperly called by helium314.keyboard.latin.panels.BrowserPanelView{d09bc1d V.E...... ......I. 0,0-1440,2040} during layout: running second layout pass
06-04 11:44:35.200  3308  3308 W GeckoSession: No history entries found.
06-04 11:44:35.201  3308  3308 W View    : requestLayout() improperly called by helium314.keyboard.latin.panels.BrowserPanelView{d09bc1d V.E...... ........ 0,0-1440,2040} during second layout pass: posting in next frame
06-04 11:44:35.209  3308  3308 W View    : requestLayout() improperly called by helium314.keyboard.latin.panels.BrowserPanelView{d09bc1d V.E...... ......ID 0,0-1440,2040} during layout: running second layout pass
06-04 11:44:35.224  3308  3308 W View    : requestLayout() improperly called by helium314.keyboard.latin.panels.BrowserPanelView{d09bc1d V.E...... ........ 0,0-1440,2040} during second layout pass: posting in next frame
06-04 11:44:35.226  3308  3308 W View    : requestLayout() improperly called by helium314.keyboard.latin.panels.BrowserPanelView{d09bc1d V.E...... ......I. 0,0-1440,2040} during layout: running second layout pass
06-04 11:44:35.241  3308  3308 W View    : requestLayout() improperly called by helium314.keyboard.latin.panels.BrowserPanelView{d09bc1d V.E...... ........ 0,0-1440,2040} during second layout pass: posting in next frame
06-04 11:44:35.246  3308  3308 W View    : requestLayout() improperly called by helium314.keyboard.latin.panels.BrowserPanelView{d09bc1d V.E...... ......I. 0,0-1440,2040} during layout: running second layout pass
06-04 11:44:35.253  3308  3308 W View    : requestLayout() improperly called by helium314.keyboard.latin.panels.BrowserPanelView{d09bc1d V.E...... ........ 0,0-1440,2040} during second layout pass: posting in next frame
06-04 11:44:35.258  3308  3308 W View    : requestLayout() improperly called by helium314.keyboard.latin.panels.BrowserPanelView{d09bc1d V.E...... ......ID 0,0-1440,2040} during layout: running second layout pass
06-04 11:44:35.264  3308  3308 W View    : requestLayout() improperly called by helium314.keyboard.latin.panels.BrowserPanelView{d09bc1d V.E...... ........ 0,0-1440,2040} during second layout pass: posting in next frame
06-04 11:44:35.256  3308  3308 W com.vibekey.keyboard: type=1400 audit(0.0:113197): avc: denied { nlmsg_readpriv } for comm=536F636B657420546872656164 scontext=u:r:untrusted_app:s0:c82,c271,c512,c768 tcontext=u:r:untrusted_app:s0:c82,c271,c512,c768 tclass=netlink_route_socket permissive=0 bug=b/155595000 app=com.vibekey.keyboard
06-04 11:44:35.274  3308  3308 W View    : requestLayout() improperly called by helium314.keyboard.latin.panels.BrowserPanelView{d09bc1d V.E...... ......I. 0,0-1440,2040} during layout: running second layout pass
06-04 11:44:35.283  3308  3308 W View    : requestLayout() improperly called by helium314.keyboard.latin.panels.BrowserPanelView{d09bc1d V.E...... ........ 0,0-1440,2040} during second layout pass: posting in next frame
06-04 11:44:35.294  3308  3308 W View    : requestLayout() improperly called by helium314.keyboard.latin.panels.BrowserPanelView{d09bc1d V.E...... ......I. 0,0-1440,2040} during layout: running second layout pass
06-04 11:44:35.299  3308  3308 W View    : requestLayout() improperly called by helium314.keyboard.latin.panels.BrowserPanelView{d09bc1d V.E...... ........ 0,0-1440,2040} during second layout pass: posting in next frame
06-04 11:44:35.311  3308  3308 W View    : requestLayout() improperly called by helium314.keyboard.latin.panels.BrowserPanelView{d09bc1d V.E...... ......ID 0,0-1440,2040} during layout: running second layout pass
06-04 11:44:35.317  3308  3308 W View    : requestLayout() improperly called by helium314.keyboard.latin.panels.BrowserPanelView{d09bc1d V.E...... ........ 0,0-1440,2040} during second layout pass: posting in next frame
06-04 11:44:35.326  3308  3308 W View    : requestLayout() improperly called by helium314.keyboard.latin.panels.BrowserPanelView{d09bc1d V.E...... ......ID 0,0-1440,2040} during layout: running second layout pass
06-04 11:44:35.336  3308  3308 W View    : requestLayout() improperly called by helium314.keyboard.latin.panels.BrowserPanelView{d09bc1d V.E...... .......D 0,0-1440,2040} during second layout pass: posting in next frame
06-04 11:44:35.342  3308  3308 W View    : requestLayout() improperly called by helium314.keyboard.latin.panels.BrowserPanelView{d09bc1d V.E...... ......ID 0,0-1440,2040} during layout: running second layout pass
06-04 11:44:35.351  3308  3308 W View    : requestLayout() improperly called by helium314.keyboard.latin.panels.BrowserPanelView{d09bc1d V.E...... ........ 0,0-1440,2040} during second layout pass: posting in next frame
06-04 11:44:35.358  3308  3308 W View    : requestLayout() improperly called by helium314.keyboard.latin.panels.BrowserPanelView{d09bc1d V.E...... ......ID 0,0-1440,2040} during layout: running second layout pass
06-04 11:44:35.363  3308  3308 W View    : requestLayout() improperly called by helium314.keyboard.latin.panels.BrowserPanelView{d09bc1d V.E...... ........ 0,0-1440,2040} during second layout pass: posting in next frame
06-04 11:44:35.375  3308  3308 W View    : requestLayout() improperly called by helium314.keyboard.latin.panels.BrowserPanelView{d09bc1d V.E...... ......ID 0,0-1440,2040} during layout: running second layout pass
06-04 11:44:35.386  3308  3308 W View    : requestLayout() improperly called by helium314.keyboard.latin.panels.BrowserPanelView{d09bc1d V.E...... ........ 0,0-1440,2040} during second layout pass: posting in next frame
06-04 11:44:35.391  3308  3308 W View    : requestLayout() improperly called by helium314.keyboard.latin.panels.BrowserPanelView{d09bc1d V.E...... ......ID 0,0-1440,2040} during layout: running second layout pass
06-04 11:44:35.401  3308  3308 W View    : requestLayout() improperly called by helium314.keyboard.latin.panels.BrowserPanelView{d09bc1d V.E...... ........ 0,0-1440,2040} during second layout pass: posting in next frame
06-04 11:44:35.408  3308  3308 W View    : requestLayout() improperly called by helium314.keyboard.latin.panels.BrowserPanelView{d09bc1d V.E...... ......ID 0,0-1440,2040} during layout: running second layout pass
06-04 11:44:35.420  3308  3308 W View    : requestLayout() improperly called by helium314.keyboard.latin.panels.BrowserPanelView{d09bc1d V.E...... ........ 0,0-1440,2040} during second layout pass: posting in next frame
06-04 11:44:35.424  3308  3308 W View    : requestLayout() improperly called by helium314.keyboard.latin.panels.BrowserPanelView{d09bc1d V.E...... ......ID 0,0-1440,2040} during layout: running second layout pass
