--------- beginning of system
05-31 13:34:20.272 20692 23915 E ActivityThread: Failed to find provider info for com.oplus.statistics.provider
05-31 13:34:20.272 20692 23915 E OplusStatistics--: IllegalArgumentException:java.lang.IllegalArgumentException: Unknown URL content://com.oplus.statistics.provider/track_event
--------- beginning of crash
05-31 13:35:17.363 20692 20692 E AndroidRuntime: FATAL EXCEPTION: main
05-31 13:35:17.363 20692 20692 E AndroidRuntime: Process: com.vibekey.keyboard, PID: 20692
05-31 13:35:17.363 20692 20692 E AndroidRuntime: java.lang.NullPointerException: Attempt to invoke virtual method 'android.graphics.drawable.Drawable android.graphics.drawable.Drawable$ConstantState.newDrawable()' on a null object reference
05-31 13:35:17.363 20692 20692 E AndroidRuntime: 	at helium314.keyboard.latin.InputView.g(r8-map-id-fb3ff54fd4615d79dce01c0c6781aca36777717ffd7254174006360d2cb3b111:559)
05-31 13:35:17.363 20692 20692 E AndroidRuntime: 	at h8.b.l(r8-map-id-fb3ff54fd4615d79dce01c0c6781aca36777717ffd7254174006360d2cb3b111:311)
05-31 13:35:17.363 20692 20692 E AndroidRuntime: 	at h8.b.k(r8-map-id-fb3ff54fd4615d79dce01c0c6781aca36777717ffd7254174006360d2cb3b111:327)
05-31 13:35:17.363 20692 20692 E AndroidRuntime: 	at y7.q.run(r8-map-id-fb3ff54fd4615d79dce01c0c6781aca36777717ffd7254174006360d2cb3b111:288)
05-31 13:35:17.363 20692 20692 E AndroidRuntime: 	at android.os.Handler.handleCallback(Handler.java:938)
05-31 13:35:17.363 20692 20692 E AndroidRuntime: 	at android.os.Handler.dispatchMessage(Handler.java:99)
05-31 13:35:17.363 20692 20692 E AndroidRuntime: 	at android.os.Looper.loopOnce(Looper.java:233)
05-31 13:35:17.363 20692 20692 E AndroidRuntime: 	at android.os.Looper.loop(Looper.java:344)
05-31 13:35:17.363 20692 20692 E AndroidRuntime: 	at android.app.ActivityThread.main(ActivityThread.java:8212)
05-31 13:35:17.363 20692 20692 E AndroidRuntime: 	at java.lang.reflect.Method.invoke(Native Method)
05-31 13:35:17.363 20692 20692 E AndroidRuntime: 	at com.android.internal.os.RuntimeInit$MethodAndArgsCaller.run(RuntimeInit.java:584)
05-31 13:35:17.363 20692 20692 E AndroidRuntime: 	at com.android.internal.os.ZygoteInit.main(ZygoteInit.java:1034)
05-31 13:35:20.106 29462 29462 E OplusCustomizeRestrictionManager: sInstance is null, start a new sInstance
05-31 13:35:25.865 29462 29462 E AndroidRuntime: FATAL EXCEPTION: main
05-31 13:35:25.865 29462 29462 E AndroidRuntime: Process: com.vibekey.keyboard, PID: 29462
05-31 13:35:25.865 29462 29462 E AndroidRuntime: java.lang.NullPointerException: Attempt to invoke virtual method 'android.graphics.drawable.Drawable android.graphics.drawable.Drawable$ConstantState.newDrawable()' on a null object reference
05-31 13:35:25.865 29462 29462 E AndroidRuntime: 	at helium314.keyboard.latin.InputView.g(r8-map-id-fb3ff54fd4615d79dce01c0c6781aca36777717ffd7254174006360d2cb3b111:559)
05-31 13:35:25.865 29462 29462 E AndroidRuntime: 	at h8.b.l(r8-map-id-fb3ff54fd4615d79dce01c0c6781aca36777717ffd7254174006360d2cb3b111:311)
05-31 13:35:25.865 29462 29462 E AndroidRuntime: 	at h8.b.k(r8-map-id-fb3ff54fd4615d79dce01c0c6781aca36777717ffd7254174006360d2cb3b111:327)
05-31 13:35:25.865 29462 29462 E AndroidRuntime: 	at y7.q.run(r8-map-id-fb3ff54fd4615d79dce01c0c6781aca36777717ffd7254174006360d2cb3b111:288)
05-31 13:35:25.865 29462 29462 E AndroidRuntime: 	at android.os.Handler.handleCallback(Handler.java:938)
05-31 13:35:25.865 29462 29462 E AndroidRuntime: 	at android.os.Handler.dispatchMessage(Handler.java:99)
05-31 13:35:25.865 29462 29462 E AndroidRuntime: 	at android.os.Looper.loopOnce(Looper.java:233)
05-31 13:35:25.865 29462 29462 E AndroidRuntime: 	at android.os.Looper.loop(Looper.java:344)
05-31 13:35:25.865 29462 29462 E AndroidRuntime: 	at android.app.ActivityThread.main(ActivityThread.java:8212)
05-31 13:35:25.865 29462 29462 E AndroidRuntime: 	at java.lang.reflect.Method.invoke(Native Method)
05-31 13:35:25.865 29462 29462 E AndroidRuntime: 	at com.android.internal.os.RuntimeInit$MethodAndArgsCaller.run(RuntimeInit.java:584)
05-31 13:35:25.865 29462 29462 E AndroidRuntime: 	at com.android.internal.os.ZygoteInit.main(ZygoteInit.java:1034)
05-31 13:35:34.480 29973 29973 E OplusCustomizeRestrictionManager: sInstance is null, start a new sInstance
05-31 13:35:40.021 29973 29973 E AndroidRuntime: FATAL EXCEPTION: main
05-31 13:35:40.021 29973 29973 E AndroidRuntime: Process: com.vibekey.keyboard, PID: 29973
05-31 13:35:40.021 29973 29973 E AndroidRuntime: java.lang.NullPointerException: Attempt to invoke virtual method 'android.graphics.drawable.Drawable android.graphics.drawable.Drawable$ConstantState.newDrawable()' on a null object reference
05-31 13:35:40.021 29973 29973 E AndroidRuntime: 	at helium314.keyboard.latin.InputView.g(r8-map-id-fb3ff54fd4615d79dce01c0c6781aca36777717ffd7254174006360d2cb3b111:559)
05-31 13:35:40.021 29973 29973 E AndroidRuntime: 	at h8.b.l(r8-map-id-fb3ff54fd4615d79dce01c0c6781aca36777717ffd7254174006360d2cb3b111:311)
05-31 13:35:40.021 29973 29973 E AndroidRuntime: 	at h8.b.k(r8-map-id-fb3ff54fd4615d79dce01c0c6781aca36777717ffd7254174006360d2cb3b111:327)
05-31 13:35:40.021 29973 29973 E AndroidRuntime: 	at y7.q.run(r8-map-id-fb3ff54fd4615d79dce01c0c6781aca36777717ffd7254174006360d2cb3b111:288)
05-31 13:35:40.021 29973 29973 E AndroidRuntime: 	at android.os.Handler.handleCallback(Handler.java:938)
05-31 13:35:40.021 29973 29973 E AndroidRuntime: 	at android.os.Handler.dispatchMessage(Handler.java:99)
05-31 13:35:40.021 29973 29973 E AndroidRuntime: 	at android.os.Looper.loopOnce(Looper.java:233)
05-31 13:35:40.021 29973 29973 E AndroidRuntime: 	at android.os.Looper.loop(Looper.java:344)
05-31 13:35:40.021 29973 29973 E AndroidRuntime: 	at android.app.ActivityThread.main(ActivityThread.java:8212)
05-31 13:35:40.021 29973 29973 E AndroidRuntime: 	at java.lang.reflect.Method.invoke(Native Method)
05-31 13:35:40.021 29973 29973 E AndroidRuntime: 	at com.android.internal.os.RuntimeInit$MethodAndArgsCaller.run(RuntimeInit.java:584)
05-31 13:35:40.021 29973 29973 E AndroidRuntime: 	at com.android.internal.os.ZygoteInit.main(ZygoteInit.java:1034)
05-31 13:35:42.166 30332 30332 E OplusCustomizeRestrictionManager: sInstance is null, start a new sInstance
05-31 13:35:54.307 30332 30555 E ActivityThread: Failed to find provider info for com.oplus.statistics.provider
05-31 13:35:54.308 30332 30555 E OplusStatistics--: IllegalArgumentException:java.lang.IllegalArgumentException: Unknown URL content://com.oplus.statistics.provider/track_event
05-31 13:36:06.056 30332 30332 E AndroidRuntime: FATAL EXCEPTION: main
05-31 13:36:06.056 30332 30332 E AndroidRuntime: Process: com.vibekey.keyboard, PID: 30332
05-31 13:36:06.056 30332 30332 E AndroidRuntime: java.lang.NullPointerException: Attempt to invoke virtual method 'android.graphics.drawable.Drawable android.graphics.drawable.Drawable$ConstantState.newDrawable()' on a null object reference
05-31 13:36:06.056 30332 30332 E AndroidRuntime: 	at helium314.keyboard.latin.InputView.g(r8-map-id-fb3ff54fd4615d79dce01c0c6781aca36777717ffd7254174006360d2cb3b111:559)
05-31 13:36:06.056 30332 30332 E AndroidRuntime: 	at h8.b.l(r8-map-id-fb3ff54fd4615d79dce01c0c6781aca36777717ffd7254174006360d2cb3b111:311)
05-31 13:36:06.056 30332 30332 E AndroidRuntime: 	at h8.b.k(r8-map-id-fb3ff54fd4615d79dce01c0c6781aca36777717ffd7254174006360d2cb3b111:327)
05-31 13:36:06.056 30332 30332 E AndroidRuntime: 	at y7.q.run(r8-map-id-fb3ff54fd4615d79dce01c0c6781aca36777717ffd7254174006360d2cb3b111:288)
05-31 13:36:06.056 30332 30332 E AndroidRuntime: 	at android.os.Handler.handleCallback(Handler.java:938)
05-31 13:36:06.056 30332 30332 E AndroidRuntime: 	at android.os.Handler.dispatchMessage(Handler.java:99)
05-31 13:36:06.056 30332 30332 E AndroidRuntime: 	at android.os.Looper.loopOnce(Looper.java:233)
05-31 13:36:06.056 30332 30332 E AndroidRuntime: 	at android.os.Looper.loop(Looper.java:344)
05-31 13:36:06.056 30332 30332 E AndroidRuntime: 	at android.app.ActivityThread.main(ActivityThread.java:8212)
05-31 13:36:06.056 30332 30332 E AndroidRuntime: 	at java.lang.reflect.Method.invoke(Native Method)
05-31 13:36:06.056 30332 30332 E AndroidRuntime: 	at com.android.internal.os.RuntimeInit$MethodAndArgsCaller.run(RuntimeInit.java:584)
05-31 13:36:06.056 30332 30332 E AndroidRuntime: 	at com.android.internal.os.ZygoteInit.main(ZygoteInit.java:1034)
05-31 13:36:08.793 31491 31491 E OplusCustomizeRestrictionManager: sInstance is null, start a new sInstance
05-31 13:36:25.838 31491 31910 E ActivityThread: Failed to find provider info for com.oplus.statistics.provider
05-31 13:36:25.838 31491 31910 E OplusStatistics--: IllegalArgumentException:java.lang.IllegalArgumentException: Unknown URL content://com.oplus.statistics.provider/track_event
05-31 13:36:30.888 31491 31491 E AndroidRuntime: FATAL EXCEPTION: main
05-31 13:36:30.888 31491 31491 E AndroidRuntime: Process: com.vibekey.keyboard, PID: 31491
05-31 13:36:30.888 31491 31491 E AndroidRuntime: java.lang.NullPointerException: Attempt to invoke virtual method 'android.graphics.drawable.Drawable android.graphics.drawable.Drawable$ConstantState.newDrawable()' on a null object reference
05-31 13:36:30.888 31491 31491 E AndroidRuntime: 	at helium314.keyboard.latin.InputView.g(r8-map-id-fb3ff54fd4615d79dce01c0c6781aca36777717ffd7254174006360d2cb3b111:559)
05-31 13:36:30.888 31491 31491 E AndroidRuntime: 	at h8.b.l(r8-map-id-fb3ff54fd4615d79dce01c0c6781aca36777717ffd7254174006360d2cb3b111:311)
05-31 13:36:30.888 31491 31491 E AndroidRuntime: 	at h8.b.k(r8-map-id-fb3ff54fd4615d79dce01c0c6781aca36777717ffd7254174006360d2cb3b111:327)
05-31 13:36:30.888 31491 31491 E AndroidRuntime: 	at y7.q.run(r8-map-id-fb3ff54fd4615d79dce01c0c6781aca36777717ffd7254174006360d2cb3b111:288)
05-31 13:36:30.888 31491 31491 E AndroidRuntime: 	at android.os.Handler.handleCallback(Handler.java:938)
05-31 13:36:30.888 31491 31491 E AndroidRuntime: 	at android.os.Handler.dispatchMessage(Handler.java:99)
05-31 13:36:30.888 31491 31491 E AndroidRuntime: 	at android.os.Looper.loopOnce(Looper.java:233)
05-31 13:36:30.888 31491 31491 E AndroidRuntime: 	at android.os.Looper.loop(Looper.java:344)
05-31 13:36:30.888 31491 31491 E AndroidRuntime: 	at android.app.ActivityThread.main(ActivityThread.java:8212)
05-31 13:36:30.888 31491 31491 E AndroidRuntime: 	at java.lang.reflect.Method.invoke(Native Method)
05-31 13:36:30.888 31491 31491 E AndroidRuntime: 	at com.android.internal.os.RuntimeInit$MethodAndArgsCaller.run(RuntimeInit.java:584)
05-31 13:36:30.888 31491 31491 E AndroidRuntime: 	at com.android.internal.os.ZygoteInit.main(ZygoteInit.java:1034)
05-31 13:36:33.124 32070 32070 E OplusCustomizeRestrictionManager: sInstance is null, start a new sInstance
--------- beginning of main
05-31 13:36:39.743 32070 32534 W libc    : Access denied finding property "vendor.oplus.media.vpp.stutter"
05-31 13:36:39.784 32070 32543 W Codec2Client: query -- param skipped: index = 1107298332.
05-31 13:36:39.795 32070 32543 W Codec2Client: query -- param skipped: index = 1342179345.
05-31 13:36:39.795 32070 32543 W Codec2Client: query -- param skipped: index = 2415921170.
05-31 13:36:39.795 32070 32543 W Codec2Client: query -- param skipped: index = 1610614798.
05-31 13:36:39.801 32070 32543 E ion     : ioctl c0044901 failed with code -1: Inappropriate ioctl for device
05-31 13:36:39.828 32070 32534 W libc    : Access denied finding property "vendor.oplus.media.vpp.stutter"
05-31 13:36:39.828 32070 32534 E MULTIMEDIAConfig: [getInt32:L80] Not find config, Returning default
05-31 13:36:39.828 32070 32534 E MULTIMEDIAConfig: [getInt32:L80] Not find config, Returning default
05-31 13:36:39.828 32070 32534 E OplusACodec: [OplusACodec:204] mSrOsieMMListCheckResult:0x0 mOsieVersion:1
05-31 13:36:39.864 32070 32552 E OplusACodec: [GetVideoCodingTypeFromMime:L1162] mime:video/x-vnd.on2.vp9
05-31 13:36:39.963 32070 32551 W MediaCodec: mapFormat: no mediaType information
05-31 13:36:40.941 32070 32552 W libc    : Access denied finding property "vendor.oplus.media.vpp.stutter"
05-31 13:36:41.946 32070 32552 W libc    : Access denied finding property "vendor.oplus.media.vpp.stutter"
05-31 13:36:42.952 32070 32552 W libc    : Access denied finding property "vendor.oplus.media.vpp.stutter"
05-31 13:36:43.957 32070 32552 W libc    : Access denied finding property "vendor.oplus.media.vpp.stutter"
05-31 13:36:44.955 32070 32079 W ibekey.keyboar: Cleared Reference was only reachable from finalizer (only reported once)
05-31 13:36:44.961 32070 32552 W libc    : Access denied finding property "vendor.oplus.media.vpp.stutter"
05-31 13:36:45.128 32070 32070 E ANR_LOG : >>> msg's executing time is too long
05-31 13:36:45.128 32070 32070 E ANR_LOG : Blocked msg = { when=-2s283ms what=0 target=android.os.Handler callback=com.google.android.gms.ads.omid.library.walking.e } , cost  = 2283 ms
05-31 13:36:45.128 32070 32070 E ANR_LOG : >>>Current msg List is:
05-31 13:36:45.128 32070 32070 E ANR_LOG : Current msg <1> = { when=-2s281ms what=1 target=android.os.AsyncTask$InternalHandler obj=android.os.AsyncTask$AsyncTaskResult@bfb0a5d }
05-31 13:36:45.128 32070 32070 E ANR_LOG : Current msg <2> = { when=-2s83ms what=0 target=android.os.Handler callback=com.google.android.gms.ads.omid.library.walking.f }
05-31 13:36:45.128 32070 32070 E ANR_LOG : Current msg <3> = { when=-1s98ms what=9 target=n7.i0 }
05-31 13:36:45.128 32070 32070 E ANR_LOG : Current msg <4> = { when=-901ms what=0 target=com.google.android.gms.ads.internal.util.f callback=com.google.android.gms.ads.internal.js.o }
05-31 13:36:45.129 32070 32070 E ANR_LOG : Current msg <5> = { when=-2ms what=32 target=com.android.internal.os.HandlerCaller$MyHandler obj=com.android.internal.os.SomeArgs@7f9efd2 }
05-31 13:36:45.129 32070 32070 E ANR_LOG : Current msg <6> = { when=+2s171ms what=0 target=com.google.android.gms.ads.internal.util.f callback=com.google.android.gms.ads.internal.js.o }
05-31 13:36:45.129 32070 32070 E ANR_LOG : Current msg <7> = { when=+47s965ms what=0 target=com.google.android.gms.ads.internal.util.f callback=com.google.android.gms.ads.internal.js.v }
05-31 13:36:45.129 32070 32269 E ActivityThread: Failed to find provider info for com.oplus.statistics.provider
05-31 13:36:45.129 32070 32070 E ANR_LOG : Current msg <8> = { when=+50s859ms what=0 target=com.google.android.gms.ads.internal.util.f callback=com.google.android.gms.ads.internal.js.v }
05-31 13:36:45.129 32070 32070 E ANR_LOG : >>>CURRENT MSG DUMP OVER<<<
05-31 13:36:45.129 32070 32269 E OplusStatistics--: IllegalArgumentException:java.lang.IllegalArgumentException: Unknown URL content://com.oplus.statistics.provider/track_event
05-31 13:36:45.966 32070 32552 W libc    : Access denied finding property "vendor.oplus.media.vpp.stutter"
05-31 13:36:46.971 32070 32552 W libc    : Access denied finding property "vendor.oplus.media.vpp.stutter"
05-31 13:36:47.976 32070 32552 W libc    : Access denied finding property "vendor.oplus.media.vpp.stutter"
05-31 13:36:48.981 32070 32552 W libc    : Access denied finding property "vendor.oplus.media.vpp.stutter"
05-31 13:36:49.986 32070 32552 W libc    : Access denied finding property "vendor.oplus.media.vpp.stutter"
05-31 13:36:50.991 32070 32552 W libc    : Access denied finding property "vendor.oplus.media.vpp.stutter"
05-31 13:36:51.874 32070 32070 E ANR_LOG : >>> msg's executing time is too long
05-31 13:36:51.874 32070 32070 E ANR_LOG : Blocked msg = { when=-3s863ms what=0 target=android.os.Handler callback=com.google.android.gms.ads.omid.library.walking.e } , cost  = 3863 ms
05-31 13:36:51.874 32070 32070 E ANR_LOG : >>>Current msg List is:
05-31 13:36:51.874 32070 32070 E ANR_LOG : Current msg <1> = { when=-3s663ms what=0 target=android.os.Handler callback=com.google.android.gms.ads.omid.library.walking.f }
05-31 13:36:51.875 32070 32070 E ANR_LOG : Current msg <2> = { when=-1s727ms what=0 target=WV.vw2 obj=com.google.android.gms.safetynet.service.START }
05-31 13:36:51.875 32070 32070 E ANR_LOG : Current msg <3> = { when=-1s727ms what=0 target=WV.vw2 obj=com.google.android.gms.usagereporting.service.START }
05-31 13:36:51.875 32070 32070 E ANR_LOG : Current msg <4> = { when=-1s702ms what=0 target=android.os.Handler callback=android.inputmethodservice.InputMethodService$$ExternalSyntheticLambda2 }
05-31 13:36:51.875 32070 32070 E ANR_LOG : Current msg <5> = { when=-3ms what=0 target=android.os.Handler callback=android.database.ContentObserver$$ExternalSyntheticLambda0 }
05-31 13:36:51.875 32070 32070 E ANR_LOG : Current msg <6> = { when=-2ms what=0 target=android.os.Handler callback=android.database.ContentObserver$$ExternalSyntheticLambda0 }
05-31 13:36:51.875 32070 32070 E ANR_LOG : Current msg <7> = { when=-2ms what=1 target=android.os.AsyncTask$InternalHandler obj=android.os.AsyncTask$AsyncTaskResult@ae948a3 }
05-31 13:36:51.875 32070 32070 E ANR_LOG : Current msg <8> = { when=+4s999ms what=0 target=WV.vw2 obj=com.google.android.gms.safebrowsing.SafeBrowsingService.START }
05-31 13:36:51.875 32070 32070 E ANR_LOG : Current msg <9> = { when=+41s216ms what=0 target=com.google.android.gms.ads.internal.util.f callback=com.google.android.gms.ads.internal.js.v }
05-31 13:36:51.875 32070 32070 E ANR_LOG : Current msg <10> = { when=+44s110ms what=0 target=com.google.android.gms.ads.internal.util.f callback=com.google.android.gms.ads.internal.js.v }
05-31 13:36:51.875 32070 32070 E ANR_LOG : >>>CURRENT MSG DUMP OVER<<<
05-31 13:36:51.964 32070 32614 E FilePhenotypeFlags: Config package com.google.android.gms.clearcut_client#com.vibekey.keyboard cannot use FILE backing without declarative registration. See go/phenotype-android-integration#phenotype for more information. This will lead to stale flags.
05-31 13:36:51.996 32070 32552 W libc    : Access denied finding property "vendor.oplus.media.vpp.stutter"
05-31 13:36:52.063 32070 32614 E FilePhenotypeFlags: Config package com.google.android.gms.clearcut_client#com.vibekey.keyboard cannot use FILE backing without declarative registration. See go/phenotype-android-integration#phenotype for more information. This will lead to stale flags.
05-31 13:36:52.064 32070 32614 E FilePhenotypeFlags: Config package com.google.android.gms.clearcut_client#com.vibekey.keyboard cannot use FILE backing without declarative registration. See go/phenotype-android-integration#phenotype for more information. This will lead to stale flags.
05-31 13:36:53.001 32070 32552 W libc    : Access denied finding property "vendor.oplus.media.vpp.stutter"
05-31 13:36:54.007 32070 32552 W libc    : Access denied finding property "vendor.oplus.media.vpp.stutter"
05-31 13:36:55.007 32070 32552 W libc    : Access denied finding property "vendor.oplus.media.vpp.stutter"
05-31 13:36:56.008 32070 32552 W libc    : Access denied finding property "vendor.oplus.media.vpp.stutter"
05-31 13:36:56.096 32070 32070 W LayerDrawable: Invalid drawable added to LayerDrawable! Drawable already belongs to another owner but does not expose a constant state.
05-31 13:36:56.096 32070 32070 W LayerDrawable: java.lang.RuntimeException
05-31 13:36:56.096 32070 32070 W LayerDrawable: 	at android.graphics.drawable.LayerDrawable$ChildDrawable.<init>(LayerDrawable.java:1857)
05-31 13:36:56.096 32070 32070 W LayerDrawable: 	at android.graphics.drawable.LayerDrawable$LayerState.<init>(LayerDrawable.java:1977)
05-31 13:36:56.096 32070 32070 W LayerDrawable: 	at android.graphics.drawable.LayerDrawable.createConstantState(LayerDrawable.java:174)
05-31 13:36:56.096 32070 32070 W LayerDrawable: 	at android.graphics.drawable.LayerDrawable.mutate(LayerDrawable.java:1782)
05-31 13:36:56.096 32070 32070 W LayerDrawable: 	at y7.s3.j(r8-map-id-fb3ff54fd4615d79dce01c0c6781aca36777717ffd7254174006360d2cb3b111:83)
05-31 13:36:56.096 32070 32070 W LayerDrawable: 	at helium314.keyboard.latin.panels.AiThemePanelView.f(r8-map-id-fb3ff54fd4615d79dce01c0c6781aca36777717ffd7254174006360d2cb3b111:185)
05-31 13:36:56.096 32070 32070 W LayerDrawable: 	at helium314.keyboard.latin.panels.AiThemePanelView.A0(r8-map-id-fb3ff54fd4615d79dce01c0c6781aca36777717ffd7254174006360d2cb3b111:39)
05-31 13:36:56.096 32070 32070 W LayerDrawable: 	at v7.b.u(r8-map-id-fb3ff54fd4615d79dce01c0c6781aca36777717ffd7254174006360d2cb3b111:314)
05-31 13:36:56.096 32070 32070 W LayerDrawable: 	at helium314.keyboard.latin.LatinIME.l(r8-map-id-fb3ff54fd4615d79dce01c0c6781aca36777717ffd7254174006360d2cb3b111:36)
05-31 13:36:56.096 32070 32070 W LayerDrawable: 	at g7.m.a(r8-map-id-fb3ff54fd4615d79dce01c0c6781aca36777717ffd7254174006360d2cb3b111:266)
05-31 13:36:56.096 32070 32070 W LayerDrawable: 	at helium314.keyboard.latin.suggestions.SuggestionStripView.onClick(r8-map-id-fb3ff54fd4615d79dce01c0c6781aca36777717ffd7254174006360d2cb3b111:45)
05-31 13:36:56.096 32070 32070 W LayerDrawable: 	at android.view.View.performClick(View.java:7488)
05-31 13:36:56.096 32070 32070 W LayerDrawable: 	at android.view.View.performClickInternal(View.java:7464)
05-31 13:36:56.096 32070 32070 W LayerDrawable: 	at android.view.View.access$3700(View.java:841)
05-31 13:36:56.096 32070 32070 W LayerDrawable: 	at android.view.View$PerformClick.run(View.java:28911)
05-31 13:36:56.096 32070 32070 W LayerDrawable: 	at android.os.Handler.handleCallback(Handler.java:938)
05-31 13:36:56.096 32070 32070 W LayerDrawable: 	at android.os.Handler.dispatchMessage(Handler.java:99)
05-31 13:36:56.096 32070 32070 W LayerDrawable: 	at android.os.Looper.loopOnce(Looper.java:233)
05-31 13:36:56.096 32070 32070 W LayerDrawable: 	at android.os.Looper.loop(Looper.java:344)
05-31 13:36:56.096 32070 32070 W LayerDrawable: 	at android.app.ActivityThread.main(ActivityThread.java:8212)
05-31 13:36:56.096 32070 32070 W LayerDrawable: 	at java.lang.reflect.Method.invoke(Native Method)
05-31 13:36:56.096 32070 32070 W LayerDrawable: 	at com.android.internal.os.RuntimeInit$MethodAndArgsCaller.run(RuntimeInit.java:584)
05-31 13:36:56.096 32070 32070 W LayerDrawable: 	at com.android.internal.os.ZygoteInit.main(ZygoteInit.java:1034)
05-31 13:36:56.097 32070 32070 W LayerDrawable: Invalid drawable added to LayerDrawable! Drawable already belongs to another owner but does not expose a constant state.
05-31 13:36:56.097 32070 32070 W LayerDrawable: java.lang.RuntimeException
05-31 13:36:56.097 32070 32070 W LayerDrawable: 	at android.graphics.drawable.LayerDrawable$ChildDrawable.<init>(LayerDrawable.java:1857)
05-31 13:36:56.097 32070 32070 W LayerDrawable: 	at android.graphics.drawable.LayerDrawable$LayerState.<init>(LayerDrawable.java:1977)
05-31 13:36:56.097 32070 32070 W LayerDrawable: 	at android.graphics.drawable.LayerDrawable.createConstantState(LayerDrawable.java:174)
05-31 13:36:56.097 32070 32070 W LayerDrawable: 	at android.graphics.drawable.LayerDrawable.mutate(LayerDrawable.java:1782)
05-31 13:36:56.097 32070 32070 W LayerDrawable: 	at y7.s3.j(r8-map-id-fb3ff54fd4615d79dce01c0c6781aca36777717ffd7254174006360d2cb3b111:83)
05-31 13:36:56.097 32070 32070 W LayerDrawable: 	at helium314.keyboard.latin.panels.AiThemePanelView.f(r8-map-id-fb3ff54fd4615d79dce01c0c6781aca36777717ffd7254174006360d2cb3b111:185)
05-31 13:36:56.097 32070 32070 W LayerDrawable: 	at helium314.keyboard.latin.panels.AiThemePanelView.A0(r8-map-id-fb3ff54fd4615d79dce01c0c6781aca36777717ffd7254174006360d2cb3b111:39)
05-31 13:36:56.097 32070 32070 W LayerDrawable: 	at v7.b.u(r8-map-id-fb3ff54fd4615d79dce01c0c6781aca36777717ffd7254174006360d2cb3b111:314)
05-31 13:36:56.097 32070 32070 W LayerDrawable: 	at helium314.keyboard.latin.LatinIME.l(r8-map-id-fb3ff54fd4615d79dce01c0c6781aca36777717ffd7254174006360d2cb3b111:36)
05-31 13:36:56.097 32070 32070 W LayerDrawable: 	at g7.m.a(r8-map-id-fb3ff54fd4615d79dce01c0c6781aca36777717ffd7254174006360d2cb3b111:266)
05-31 13:36:56.097 32070 32070 W LayerDrawable: 	at helium314.keyboard.latin.suggestions.SuggestionStripView.onClick(r8-map-id-fb3ff54fd4615d79dce01c0c6781aca36777717ffd7254174006360d2cb3b111:45)
05-31 13:36:56.097 32070 32070 W LayerDrawable: 	at android.view.View.performClick(View.java:7488)
05-31 13:36:56.097 32070 32070 W LayerDrawable: 	at android.view.View.performClickInternal(View.java:7464)
05-31 13:36:56.097 32070 32070 W LayerDrawable: 	at android.view.View.access$3700(View.java:841)
05-31 13:36:56.097 32070 32070 W LayerDrawable: 	at android.view.View$PerformClick.run(View.java:28911)
05-31 13:36:56.097 32070 32070 W LayerDrawable: 	at android.os.Handler.handleCallback(Handler.java:938)
05-31 13:36:56.097 32070 32070 W LayerDrawable: 	at android.os.Handler.dispatchMessage(Handler.java:99)
05-31 13:36:56.097 32070 32070 W LayerDrawable: 	at android.os.Looper.loopOnce(Looper.java:233)
05-31 13:36:56.097 32070 32070 W LayerDrawable: 	at android.os.Looper.loop(Looper.java:344)
05-31 13:36:56.097 32070 32070 W LayerDrawable: 	at android.app.ActivityThread.main(ActivityThread.java:8212)
05-31 13:36:56.097 32070 32070 W LayerDrawable: 	at java.lang.reflect.Method.invoke(Native Method)
05-31 13:36:56.097 32070 32070 W LayerDrawable: 	at com.android.internal.os.RuntimeInit$MethodAndArgsCaller.run(RuntimeInit.java:584)
05-31 13:36:56.097 32070 32070 W LayerDrawable: 	at com.android.internal.os.ZygoteInit.main(ZygoteInit.java:1034)
05-31 13:36:56.098 32070 32070 W LayerDrawable: Invalid drawable added to LayerDrawable! Drawable already belongs to another owner but does not expose a constant state.
05-31 13:36:56.098 32070 32070 W LayerDrawable: java.lang.RuntimeException
05-31 13:36:56.098 32070 32070 W LayerDrawable: 	at android.graphics.drawable.LayerDrawable$ChildDrawable.<init>(LayerDrawable.java:1857)
05-31 13:36:56.098 32070 32070 W LayerDrawable: 	at android.graphics.drawable.LayerDrawable$LayerState.<init>(LayerDrawable.java:1977)
05-31 13:36:56.098 32070 32070 W LayerDrawable: 	at android.graphics.drawable.LayerDrawable.createConstantState(LayerDrawable.java:174)
05-31 13:36:56.098 32070 32070 W LayerDrawable: 	at android.graphics.drawable.LayerDrawable.mutate(LayerDrawable.java:1782)
05-31 13:36:56.098 32070 32070 W LayerDrawable: 	at y7.s3.j(r8-map-id-fb3ff54fd4615d79dce01c0c6781aca36777717ffd7254174006360d2cb3b111:83)
05-31 13:36:56.098 32070 32070 W LayerDrawable: 	at helium314.keyboard.latin.panels.AiThemePanelView.f(r8-map-id-fb3ff54fd4615d79dce01c0c6781aca36777717ffd7254174006360d2cb3b111:185)
05-31 13:36:56.098 32070 32070 W LayerDrawable: 	at helium314.keyboard.latin.panels.AiThemePanelView.A0(r8-map-id-fb3ff54fd4615d79dce01c0c6781aca36777717ffd7254174006360d2cb3b111:39)
05-31 13:36:56.098 32070 32070 W LayerDrawable: 	at v7.b.u(r8-map-id-fb3ff54fd4615d79dce01c0c6781aca36777717ffd7254174006360d2cb3b111:314)
05-31 13:36:56.098 32070 32070 W LayerDrawable: 	at helium314.keyboard.latin.LatinIME.l(r8-map-id-fb3ff54fd4615d79dce01c0c6781aca36777717ffd7254174006360d2cb3b111:36)
05-31 13:36:56.098 32070 32070 W LayerDrawable: 	at g7.m.a(r8-map-id-fb3ff54fd4615d79dce01c0c6781aca36777717ffd7254174006360d2cb3b111:266)
05-31 13:36:56.098 32070 32070 W LayerDrawable: 	at helium314.keyboard.latin.suggestions.SuggestionStripView.onClick(r8-map-id-fb3ff54fd4615d79dce01c0c6781aca36777717ffd7254174006360d2cb3b111:45)
05-31 13:36:56.098 32070 32070 W LayerDrawable: 	at android.view.View.performClick(View.java:7488)
05-31 13:36:56.098 32070 32070 W LayerDrawable: 	at android.view.View.performClickInternal(View.java:7464)
05-31 13:36:56.098 32070 32070 W LayerDrawable: 	at android.view.View.access$3700(View.java:841)
05-31 13:36:56.098 32070 32070 W LayerDrawable: 	at android.view.View$PerformClick.run(View.java:28911)
05-31 13:36:56.098 32070 32070 W LayerDrawable: 	at android.os.Handler.handleCallback(Handler.java:938)
05-31 13:36:56.098 32070 32070 W LayerDrawable: 	at android.os.Handler.dispatchMessage(Handler.java:99)
05-31 13:36:56.098 32070 32070 W LayerDrawable: 	at android.os.Looper.loopOnce(Looper.java:233)
05-31 13:36:56.098 32070 32070 W LayerDrawable: 	at android.os.Looper.loop(Looper.java:344)
05-31 13:36:56.098 32070 32070 W LayerDrawable: 	at android.app.ActivityThread.main(ActivityThread.java:8212)
05-31 13:36:56.098 32070 32070 W LayerDrawable: 	at java.lang.reflect.Method.invoke(Native Method)
05-31 13:36:56.098 32070 32070 W LayerDrawable: 	at com.android.internal.os.RuntimeInit$MethodAndArgsCaller.run(RuntimeInit.java:584)
05-31 13:36:56.098 32070 32070 W LayerDrawable: 	at com.android.internal.os.ZygoteInit.main(ZygoteInit.java:1034)
05-31 13:36:57.009 32070 32552 W libc    : Access denied finding property "vendor.oplus.media.vpp.stutter"
05-31 13:36:58.009 32070 32552 W libc    : Access denied finding property "vendor.oplus.media.vpp.stutter"
05-31 13:36:58.762 32070 32070 W View    : requestLayout() improperly called by android.widget.FrameLayout{2b2f6ae V.E...... ......ID 0,1677-1440,1857 #7f0a0087 app:id/browser_nav_footer_float} during layout: running second layout pass
05-31 13:36:58.782 32070 32070 E GeckoView: Failed to attach WindowInsetsListener: 
05-31 13:36:58.782 32070 32070 E GeckoView: java.lang.NullPointerException: Attempt to invoke virtual method 'android.view.Window android.app.Activity.getWindow()' on a null object reference
05-31 13:36:58.782 32070 32070 E GeckoView: 	at org.mozilla.geckoview.GeckoView.attachWindowInsetsListener(r8-map-id-fb3ff54fd4615d79dce01c0c6781aca36777717ffd7254174006360d2cb3b111:1)
05-31 13:36:58.782 32070 32070 E GeckoView: 	at org.mozilla.geckoview.GeckoView.onAttachedToWindow(r8-map-id-fb3ff54fd4615d79dce01c0c6781aca36777717ffd7254174006360d2cb3b111:49)
05-31 13:36:58.782 32070 32070 E GeckoView: 	at android.view.View.dispatchAttachedToWindow(View.java:20900)
05-31 13:36:58.782 32070 32070 E GeckoView: 	at android.view.ViewGroup.dispatchAttachedToWindow(ViewGroup.java:3539)
05-31 13:36:58.782 32070 32070 E GeckoView: 	at android.view.ViewGroup.addViewInner(ViewGroup.java:5378)
05-31 13:36:58.782 32070 32070 E GeckoView: 	at android.view.ViewGroup.addView(ViewGroup.java:5156)
05-31 13:36:58.782 32070 32070 E GeckoView: 	at android.view.ViewGroup.addView(ViewGroup.java:5096)
05-31 13:36:58.782 32070 32070 E GeckoView: 	at helium314.keyboard.latin.panels.BrowserPanelView.Z(r8-map-id-fb3ff54fd4615d79dce01c0c6781aca36777717ffd7254174006360d2cb3b111:62)
05-31 13:36:58.782 32070 32070 E GeckoView: 	at helium314.keyboard.latin.panels.BrowserPanelView.Y(r8-map-id-fb3ff54fd4615d79dce01c0c6781aca36777717ffd7254174006360d2cb3b111:296)
05-31 13:36:58.782 32070 32070 E GeckoView: 	at helium314.keyboard.latin.panels.BrowserPanelView.H0(r8-map-id-fb3ff54fd4615d79dce01c0c6781aca36777717ffd7254174006360d2cb3b111:58)
05-31 13:36:58.782 32070 32070 E GeckoView: 	at c5.t.run(r8-map-id-fb3ff54fd4615d79dce01c0c6781aca36777717ffd7254174006360d2cb3b111:622)
05-31 13:36:58.782 32070 32070 E GeckoView: 	at g7.y.onGlobalLayout(r8-map-id-fb3ff54fd4615d79dce01c0c6781aca36777717ffd7254174006360d2cb3b111:8)
05-31 13:36:58.782 32070 32070 E GeckoView: 	at android.view.ViewTreeObserver.dispatchOnGlobalLayout(ViewTreeObserver.java:1061)
05-31 13:36:58.782 32070 32070 E GeckoView: 	at android.view.ViewRootImpl.performTraversals(ViewRootImpl.java:3407)
05-31 13:36:58.782 32070 32070 E GeckoView: 	at android.view.ViewRootImpl.doTraversal(ViewRootImpl.java:2305)
05-31 13:36:58.782 32070 32070 E GeckoView: 	at android.view.ViewRootImpl$TraversalRunnable.run(ViewRootImpl.java:9133)
05-31 13:36:58.782 32070 32070 E GeckoView: 	at android.view.Choreographer$CallbackRecord.run(Choreographer.java:1232)
05-31 13:36:58.782 32070 32070 E GeckoView: 	at android.view.Choreographer.doCallbacks(Choreographer.java:1029)
05-31 13:36:58.782 32070 32070 E GeckoView: 	at android.view.Choreographer.doFrame(Choreographer.java:934)
05-31 13:36:58.782 32070 32070 E GeckoView: 	at android.view.Choreographer$FrameDisplayEventReceiver.run(Choreographer.java:1217)
05-31 13:36:58.782 32070 32070 E GeckoView: 	at android.os.Handler.handleCallback(Handler.java:938)
05-31 13:36:58.782 32070 32070 E GeckoView: 	at android.os.Handler.dispatchMessage(Handler.java:99)
05-31 13:36:58.782 32070 32070 E GeckoView: 	at android.os.Looper.loopOnce(Looper.java:233)
05-31 13:36:58.782 32070 32070 E GeckoView: 	at android.os.Looper.loop(Looper.java:344)
05-31 13:36:58.782 32070 32070 E GeckoView: 	at android.app.ActivityThread.main(ActivityThread.java:8212)
05-31 13:36:58.782 32070 32070 E GeckoView: 	at java.lang.reflect.Method.invoke(Native Method)
05-31 13:36:58.782 32070 32070 E GeckoView: 	at com.android.internal.os.RuntimeInit$MethodAndArgsCaller.run(RuntimeInit.java:584)
05-31 13:36:58.782 32070 32070 E GeckoView: 	at com.android.internal.os.ZygoteInit.main(ZygoteInit.java:1034)
05-31 13:36:58.824 32070 32070 W View    : requestLayout() improperly called by helium314.keyboard.latin.panels.BrowserPanelView{cfa3207 V.E...... ......ID 0,0-1440,2040} during layout: running second layout pass
05-31 13:36:58.854 32070 32070 W View    : requestLayout() improperly called by helium314.keyboard.latin.panels.BrowserPanelView{cfa3207 V.E...... ......ID 0,0-1440,2040} during layout: running second layout pass
05-31 13:36:58.860 32070 32070 W View    : requestLayout() improperly called by helium314.keyboard.latin.panels.BrowserPanelView{cfa3207 V.E...... ......I. 0,0-1440,2040} during second layout pass: posting in next frame
05-31 13:36:58.864 32070 32070 W View    : requestLayout() improperly called by helium314.keyboard.latin.panels.BrowserPanelView{cfa3207 V.E...... ......ID 0,0-1440,2040} during layout: running second layout pass
05-31 13:36:58.874 32070 32070 W View    : requestLayout() improperly called by helium314.keyboard.latin.panels.BrowserPanelView{cfa3207 V.E...... ........ 0,0-1440,2040} during second layout pass: posting in next frame
05-31 13:36:58.877 32070 32070 W View    : requestLayout() improperly called by helium314.keyboard.latin.panels.BrowserPanelView{cfa3207 V.E...... ......ID 0,0-1440,2040} during layout: running second layout pass
05-31 13:36:58.882 32070 32070 W View    : requestLayout() improperly called by helium314.keyboard.latin.panels.BrowserPanelView{cfa3207 V.E...... ........ 0,0-1440,2040} during second layout pass: posting in next frame
05-31 13:36:58.884 32070 32070 W View    : requestLayout() improperly called by helium314.keyboard.latin.panels.BrowserPanelView{cfa3207 V.E...... ......ID 0,0-1440,2040} during layout: running second layout pass
05-31 13:36:58.890 32070 32070 W View    : requestLayout() improperly called by helium314.keyboard.latin.panels.BrowserPanelView{cfa3207 V.E...... ........ 0,0-1440,2040} during second layout pass: posting in next frame
05-31 13:36:58.900 32070 32070 W View    : requestLayout() improperly called by helium314.keyboard.latin.panels.BrowserPanelView{cfa3207 V.E...... ......I. 0,0-1440,2040} during layout: running second layout pass
05-31 13:36:58.905 32070 32070 W View    : requestLayout() improperly called by helium314.keyboard.latin.panels.BrowserPanelView{cfa3207 V.E...... ........ 0,0-1440,2040} during second layout pass: posting in next frame
05-31 13:36:58.906 32656 32656 E ey.keyboard:gp: Unknown bits set in runtime_flags: 0x40000000
05-31 13:36:58.916 32070 32070 W View    : requestLayout() improperly called by helium314.keyboard.latin.panels.BrowserPanelView{cfa3207 V.E...... ......I. 0,0-1440,2040} during layout: running second layout pass
05-31 13:36:58.921 32070 32070 W View    : requestLayout() improperly called by helium314.keyboard.latin.panels.BrowserPanelView{cfa3207 V.E...... ........ 0,0-1440,2040} during second layout pass: posting in next frame
05-31 13:36:58.933 32070 32070 W View    : requestLayout() improperly called by helium314.keyboard.latin.panels.BrowserPanelView{cfa3207 V.E...... ......I. 0,0-1440,2040} during layout: running second layout pass
05-31 13:36:58.939 32070 32070 W View    : requestLayout() improperly called by helium314.keyboard.latin.panels.BrowserPanelView{cfa3207 V.E...... ......ID 0,0-1440,2040} during second layout pass: posting in next frame
05-31 13:36:58.950 32070 32070 W View    : requestLayout() improperly called by helium314.keyboard.latin.panels.BrowserPanelView{cfa3207 V.E...... ......ID 0,0-1440,2040} during layout: running second layout pass
05-31 13:36:58.957 32070 32070 W View    : requestLayout() improperly called by helium314.keyboard.latin.panels.BrowserPanelView{cfa3207 V.E...... ........ 0,0-1440,2040} during second layout pass: posting in next frame
05-31 13:36:58.967 32070 32070 W View    : requestLayout() improperly called by helium314.keyboard.latin.panels.BrowserPanelView{cfa3207 V.E...... ......I. 0,0-1440,2040} during layout: running second layout pass
05-31 13:36:58.973 32070 32070 W View    : requestLayout() improperly called by helium314.keyboard.latin.panels.BrowserPanelView{cfa3207 V.E...... ........ 0,0-1440,2040} during second layout pass: posting in next frame
05-31 13:36:58.984 32070 32070 W View    : requestLayout() improperly called by helium314.keyboard.latin.panels.BrowserPanelView{cfa3207 V.E...... ......I. 0,0-1440,2040} during layout: running second layout pass
05-31 13:36:58.989 32070 32070 W View    : requestLayout() improperly called by helium314.keyboard.latin.panels.BrowserPanelView{cfa3207 V.E...... ........ 0,0-1440,2040} during second layout pass: posting in next frame
05-31 13:36:59.000 32070 32070 W View    : requestLayout() improperly called by helium314.keyboard.latin.panels.BrowserPanelView{cfa3207 V.E...... ......I. 0,0-1440,2040} during layout: running second layout pass
05-31 13:36:59.005 32070 32070 W View    : requestLayout() improperly called by helium314.keyboard.latin.panels.BrowserPanelView{cfa3207 V.E...... ......I. 0,0-1440,2040} during second layout pass: posting in next frame
05-31 13:36:59.010 32070 32552 W libc    : Access denied finding property "vendor.oplus.media.vpp.stutter"
05-31 13:36:59.017 32070 32070 W View    : requestLayout() improperly called by helium314.keyboard.latin.panels.BrowserPanelView{cfa3207 V.E...... ......I. 0,0-1440,2040} during layout: running second layout pass
05-31 13:36:59.022 32070 32070 W View    : requestLayout() improperly called by helium314.keyboard.latin.panels.BrowserPanelView{cfa3207 V.E...... ........ 0,0-1440,2040} during second layout pass: posting in next frame
05-31 13:36:59.030 32656 32674 E GeckoLibLoad: Load sqlite start
05-31 13:36:59.033 32656 32674 E GeckoLibLoad: Load sqlite done
05-31 13:36:59.034 32656 32674 E GeckoLibLoad: Load nss start
05-31 13:36:59.034 32656 32674 E GeckoLibLoad: Load nss done
05-31 13:36:59.034 32070 32070 W View    : requestLayout() improperly called by helium314.keyboard.latin.panels.BrowserPanelView{cfa3207 V.E...... ......I. 0,0-1440,2040} during layout: running second layout pass
05-31 13:36:59.038 32070 32070 W View    : requestLayout() improperly called by helium314.keyboard.latin.panels.BrowserPanelView{cfa3207 V.E...... ........ 0,0-1440,2040} during second layout pass: posting in next frame
05-31 13:36:59.050 32070 32070 W View    : requestLayout() improperly called by helium314.keyboard.latin.panels.BrowserPanelView{cfa3207 V.E...... ......I. 0,0-1440,2040} during layout: running second layout pass
05-31 13:36:59.055 32070 32070 W View    : requestLayout() improperly called by helium314.keyboard.latin.panels.BrowserPanelView{cfa3207 V.E...... ........ 0,0-1440,2040} during second layout pass: posting in next frame
05-31 13:36:59.057 32656 32674 E GeckoLibLoad: Loaded libs in 23.629427ms total, 0ms(0ms) user, 11ms(14ms) system, 5(5) faults
05-31 13:36:59.058 32656 32674 W GeckoThread: zerdatime 67047516 - runGecko
05-31 13:36:59.067 32070 32070 W View    : requestLayout() improperly called by helium314.keyboard.latin.panels.BrowserPanelView{cfa3207 V.E...... ......I. 0,0-1440,2040} during layout: running second layout pass
05-31 13:36:59.071 32070 32070 W View    : requestLayout() improperly called by helium314.keyboard.latin.panels.BrowserPanelView{cfa3207 V.E...... ........ 0,0-1440,2040} during second layout pass: posting in next frame
05-31 13:36:59.084 32070 32070 W View    : requestLayout() improperly called by helium314.keyboard.latin.panels.BrowserPanelView{cfa3207 V.E...... ......I. 0,0-1440,2040} during layout: running second layout pass
05-31 13:36:59.090 32070 32070 W View    : requestLayout() improperly called by helium314.keyboard.latin.panels.BrowserPanelView{cfa3207 V.E...... ........ 0,0-1440,2040} during second layout pass: posting in next frame
05-31 13:36:59.101 32070 32070 W View    : requestLayout() improperly called by helium314.keyboard.latin.panels.BrowserPanelView{cfa3207 V.E...... ......I. 0,0-1440,2040} during layout: running second layout pass
05-31 13:36:59.108 32070 32070 W View    : requestLayout() improperly called by helium314.keyboard.latin.panels.BrowserPanelView{cfa3207 V.E...... ........ 0,0-1440,2040} during second layout pass: posting in next frame
05-31 13:36:59.108 32656 32695 W AudioCapabilities: Unsupported mime audio/ffmpeg
05-31 13:36:59.109 32656 32695 W VideoCapabilities: Unsupported mime video/ffmpeg
05-31 13:36:59.110 32656 32695 W VideoCapabilities: Unrecognized profile/level 0/3 for video/mpeg2
05-31 13:36:59.110 32656 32695 W VideoCapabilities: Unrecognized profile/level 0/3 for video/mpeg2
05-31 13:36:59.117 32070 32070 W View    : requestLayout() improperly called by helium314.keyboard.latin.panels.BrowserPanelView{cfa3207 V.E...... ......I. 0,0-1440,2040} during layout: running second layout pass
05-31 13:36:59.123 32070 32070 W View    : requestLayout() improperly called by helium314.keyboard.latin.panels.BrowserPanelView{cfa3207 V.E...... ........ 0,0-1440,2040} during second layout pass: posting in next frame
05-31 13:36:59.135 32070 32070 W View    : requestLayout() improperly called by helium314.keyboard.latin.panels.BrowserPanelView{cfa3207 V.E...... ......I. 0,0-1440,2040} during layout: running second layout pass
05-31 13:36:59.143 32070 32070 W View    : requestLayout() improperly called by helium314.keyboard.latin.panels.BrowserPanelView{cfa3207 V.E...... ........ 0,0-1440,2040} during second layout pass: posting in next frame
05-31 13:36:59.151 32070 32070 W View    : requestLayout() improperly called by helium314.keyboard.latin.panels.BrowserPanelView{cfa3207 V.E...... ......I. 0,0-1440,2040} during layout: running second layout pass
05-31 13:36:59.156 32070 32070 W View    : requestLayout() improperly called by helium314.keyboard.latin.panels.BrowserPanelView{cfa3207 V.E...... ........ 0,0-1440,2040} during second layout pass: posting in next frame
05-31 13:36:59.165 32301 32321 E GeckoLibLoad: Load sqlite start
05-31 13:36:59.167 32301 32321 E GeckoLibLoad: Load sqlite done
05-31 13:36:59.167 32301 32321 E GeckoLibLoad: Load nss start
05-31 13:36:59.167 32301 32321 E GeckoLibLoad: Load nss done
05-31 13:36:59.167 32070 32070 W View    : requestLayout() improperly called by helium314.keyboard.latin.panels.BrowserPanelView{cfa3207 V.E...... ......I. 0,0-1440,2040} during layout: running second layout pass
05-31 13:36:59.174 32070 32070 W View    : requestLayout() improperly called by helium314.keyboard.latin.panels.BrowserPanelView{cfa3207 V.E...... ........ 0,0-1440,2040} during second layout pass: posting in next frame
05-31 13:36:59.182 32301 32321 E GeckoLibLoad: Loaded libs in 15.092083ms total, 0ms(0ms) user, 9ms(10ms) system, 0(0) faults
05-31 13:36:59.183 32301 32321 W GeckoThread: zerdatime 67047640 - runGecko
05-31 13:36:59.186 32070 32070 W View    : requestLayout() improperly called by helium314.keyboard.latin.panels.BrowserPanelView{cfa3207 V.E...... ......I. 0,0-1440,2040} during layout: running second layout pass
05-31 13:36:59.197 32070 32070 W View    : requestLayout() improperly called by helium314.keyboard.latin.panels.BrowserPanelView{cfa3207 V.E...... ........ 0,0-1440,2040} during second layout pass: posting in next frame
05-31 13:36:59.200 32656 32670 E ey.keyboard:gp: ofbOpen failed with error=No such file or directory
05-31 13:36:59.200 32656 32670 E ey.keyboard:gp: sysOpen failed with error=No such file or directory
05-31 13:36:59.212 32070 32070 W View    : requestLayout() improperly called by helium314.keyboard.latin.panels.BrowserPanelView{cfa3207 V.E...... ......I. 0,0-1440,2040} during layout: running second layout pass
05-31 13:36:59.218 32070 32070 W View    : requestLayout() improperly called by helium314.keyboard.latin.panels.BrowserPanelView{cfa3207 V.E...... ........ 0,0-1440,2040} during second layout pass: posting in next frame
05-31 13:36:59.231 32070 32070 W View    : requestLayout() improperly called by helium314.keyboard.latin.panels.BrowserPanelView{cfa3207 V.E...... ......ID 0,0-1440,2040} during layout: running second layout pass
05-31 13:36:59.241 32070 32070 W View    : requestLayout() improperly called by helium314.keyboard.latin.panels.BrowserPanelView{cfa3207 V.E...... ........ 0,0-1440,2040} during second layout pass: posting in next frame
05-31 13:36:59.242 32070 32070 W View    : requestLayout() improperly called by helium314.keyboard.latin.panels.BrowserPanelView{cfa3207 V.E...... ......I. 0,0-1440,2040} during layout: running second layout pass
05-31 13:36:59.251 32070 32070 W View    : requestLayout() improperly called by helium314.keyboard.latin.panels.BrowserPanelView{cfa3207 V.E...... ........ 0,0-1440,2040} during second layout pass: posting in next frame
05-31 13:36:59.253 32070 32070 W View    : requestLayout() improperly called by helium314.keyboard.latin.panels.BrowserPanelView{cfa3207 V.E...... ......I. 0,0-1440,2040} during layout: running second layout pass
05-31 13:36:59.261 32070 32070 W View    : requestLayout() improperly called by helium314.keyboard.latin.panels.BrowserPanelView{cfa3207 V.E...... ........ 0,0-1440,2040} during second layout pass: posting in next frame
05-31 13:36:59.269 32070 32070 W View    : requestLayout() improperly called by helium314.keyboard.latin.panels.BrowserPanelView{cfa3207 V.E...... ......I. 0,0-1440,2040} during layout: running second layout pass
05-31 13:36:59.281 32070 32070 W View    : requestLayout() improperly called by helium314.keyboard.latin.panels.BrowserPanelView{cfa3207 V.E...... ........ 0,0-1440,2040} during second layout pass: posting in next frame
05-31 13:36:59.285 32070 32070 W View    : requestLayout() improperly called by helium314.keyboard.latin.panels.BrowserPanelView{cfa3207 V.E...... ......I. 0,0-1440,2040} during layout: running second layout pass
05-31 13:36:59.290 32070 32070 W View    : requestLayout() improperly called by helium314.keyboard.latin.panels.BrowserPanelView{cfa3207 V.E...... ........ 0,0-1440,2040} during second layout pass: posting in next frame
05-31 13:36:59.303 32070 32070 W View    : requestLayout() improperly called by helium314.keyboard.latin.panels.BrowserPanelView{cfa3207 V.E...... ......I. 0,0-1440,2040} during layout: running second layout pass
05-31 13:36:59.314 32070 32070 W View    : requestLayout() improperly called by helium314.keyboard.latin.panels.BrowserPanelView{cfa3207 V.E...... ........ 0,0-1440,2040} during second layout pass: posting in next frame
05-31 13:36:59.319 32070 32070 W View    : requestLayout() improperly called by helium314.keyboard.latin.panels.BrowserPanelView{cfa3207 V.E...... ......ID 0,0-1440,2040} during layout: running second layout pass
05-31 13:36:59.325 32070 32070 W View    : requestLayout() improperly called by helium314.keyboard.latin.panels.BrowserPanelView{cfa3207 V.E...... ........ 0,0-1440,2040} during second layout pass: posting in next frame
05-31 13:36:59.337 32070 32070 W View    : requestLayout() improperly called by helium314.keyboard.latin.panels.BrowserPanelView{cfa3207 V.E...... ......I. 0,0-1440,2040} during layout: running second layout pass
05-31 13:36:59.343 32070 32070 W View    : requestLayout() improperly called by helium314.keyboard.latin.panels.BrowserPanelView{cfa3207 V.E...... ......I. 0,0-1440,2040} during second layout pass: posting in next frame
05-31 13:36:59.352 32070 32070 W View    : requestLayout() improperly called by helium314.keyboard.latin.panels.BrowserPanelView{cfa3207 V.E...... ......I. 0,0-1440,2040} during layout: running second layout pass
05-31 13:36:59.357 32070 32070 W View    : requestLayout() improperly called by helium314.keyboard.latin.panels.BrowserPanelView{cfa3207 V.E...... ........ 0,0-1440,2040} during second layout pass: posting in next frame
05-31 13:36:59.373 32070 32106 E BLASTBufferQueue: BLASTBufferItemConsumer::onDisconnect()
05-31 13:36:59.375 32070 32070 W View    : requestLayout() improperly called by helium314.keyboard.latin.panels.BrowserPanelView{cfa3207 V.E...... ......ID 0,0-1440,2040} during layout: running second layout pass
05-31 13:36:59.385 32070 32070 W View    : requestLayout() improperly called by helium314.keyboard.latin.panels.BrowserPanelView{cfa3207 V.E...... ......ID 0,0-1440,2040} during second layout pass: posting in next frame
05-31 13:36:59.388 32070 32070 W View    : requestLayout() improperly called by helium314.keyboard.latin.panels.BrowserPanelView{cfa3207 V.E...... ......ID 0,0-1440,2040} during layout: running second layout pass
05-31 13:36:59.394 32070 32070 W View    : requestLayout() improperly called by helium314.keyboard.latin.panels.BrowserPanelView{cfa3207 V.E...... ........ 0,0-1440,2040} during second layout pass: posting in next frame
05-31 13:36:59.402 32070 32070 W View    : requestLayout() improperly called by helium314.keyboard.latin.panels.BrowserPanelView{cfa3207 V.E...... ......I. 0,0-1440,2040} during layout: running second layout pass
05-31 13:36:59.408 32070 32070 W View    : requestLayout() improperly called by helium314.keyboard.latin.panels.BrowserPanelView{cfa3207 V.E...... ........ 0,0-1440,2040} during second layout pass: posting in next frame
05-31 13:36:59.418 32070 32070 W View    : requestLayout() improperly called by helium314.keyboard.latin.panels.BrowserPanelView{cfa3207 V.E...... ......I. 0,0-1440,2040} during layout: running second layout pass
