--------- beginning of crash
06-02 13:44:20.688   436  1522 F libc    : Fatal signal 11 (SIGSEGV), code 1 (SEGV_MAPERR), fault addr 0x0 in tid 1522 (launcher), pid 436 (AndroidUI)
06-02 13:44:22.272  9865  9865 F DEBUG   : Process name is com.vibekey.keyboard, not key_process
06-02 13:44:22.272  9865  9865 F DEBUG   : keyProcess: 0
06-02 13:44:22.272  9865  9865 F DEBUG   : *** *** *** *** *** *** *** *** *** *** *** *** *** *** *** ***
06-02 13:44:22.272  9865  9865 F DEBUG   : Build fingerprint: 'OnePlus/OnePlus7Pro/OnePlus7Pro:12/SKQ1.211113.001/P.202303230244:user/release-keys'
06-02 13:44:22.272  9865  9865 F DEBUG   : Revision: '0'
06-02 13:44:22.272  9865  9865 F DEBUG   : ABI: 'arm64'
06-02 13:44:22.272  9865  9865 F DEBUG   : Timestamp: 2026-06-02 13:44:20.918582528-0400
06-02 13:44:22.272  9865  9865 F DEBUG   : Process uptime: 0s
06-02 13:44:22.272  9865  9865 F DEBUG   : Cmdline: com.vibekey.keyboard
06-02 13:44:22.272  9865  9865 F DEBUG   : pid: 436, tid: 1522, name: launcher  >>> com.vibekey.keyboard <<<
06-02 13:44:22.272  9865  9865 F DEBUG   : uid: 13891
06-02 13:44:22.272  9865  9865 F DEBUG   : signal 11 (SIGSEGV), code 1 (SEGV_MAPERR), fault addr 0x0
06-02 13:44:22.272  9865  9865 F DEBUG   : Cause: null pointer dereference
06-02 13:44:22.272  9865  9865 F DEBUG   :     x0  0000000000000000  x1  00000000000005f2  x2  000000000000000b  x3  000000766d603da0
06-02 13:44:22.272  9865  9865 F DEBUG   :     x4  0000007694d1c400  x5  0000007694d1c400  x6  0000007694d1c400  x7  0000000000000000
06-02 13:44:22.272  9865  9865 F DEBUG   :     x8  00000000000000f0  x9  db746b027190efc7  x10 0000007696b4068c  x11 0000000000000000
06-02 13:44:22.272  9865  9865 F DEBUG   :     x12 00000000ffffffff  x13 0000000000000000  x14 00000075bb24b0f0  x15 00000076756011fc
06-02 13:44:22.272  9865  9865 F DEBUG   :     x16 000000757ca4b410  x17 00000076790b8f10  x18 00000074711fe000  x19 000000000000000b
06-02 13:44:22.272  9865  9865 F DEBUG   :     x20 000000766d603da0  x21 00000000000001b4  x22 000000766d603b90  x23 0000000000000001
06-02 13:44:22.272  9865  9865 F DEBUG   :     x24 0000007488642610  x25 00000075bb24c000  x26 0000007694d1d698  x27 0000007694d1c408
06-02 13:44:22.272  9865  9865 F DEBUG   :     x28 0000000000000400  x29 000000766d603bb0
06-02 13:44:22.272  9865  9865 F DEBUG   :     lr  0000007576c73da0  sp  000000766d603b90  pc  00000076790b8f34  pst 0000000000000000
06-02 13:44:22.272  9865  9865 F DEBUG   : backtrace:
06-02 13:44:22.272  9865  9865 F DEBUG   :       #00 pc 0000000000075f34  /apex/com.android.runtime/lib64/bionic/libc.so (syscall+36) (BuildId: bbbdeb7c87c74f1491f92c6e605095b0)
06-02 13:44:22.272  9865  9865 F DEBUG   :       #01 pc 0000000004062d9c  /data/app/~~0vURfNRJhP5qOxDjXMAdJA==/com.google.android.webview-1jICq8A_gawMkQD3QY60ZA==/base.apk!libwebviewchromium.so (BuildId: 6830cf8493d489d274dd2200dc390799760c2507)
06-02 13:44:22.272  9865  9865 F DEBUG   :       #02 pc 0000000004059518  /data/app/~~0vURfNRJhP5qOxDjXMAdJA==/com.google.android.webview-1jICq8A_gawMkQD3QY60ZA==/base.apk!libwebviewchromium.so (BuildId: 6830cf8493d489d274dd2200dc390799760c2507)
06-02 13:44:22.272  9865  9865 F DEBUG   :       #03 pc 000000000729d1dc  /data/app/~~o0IDpf5dZyI1QwCvAigHGA==/com.vibekey.keyboard-ND4J-sNbdy9txQXN6K2k8A==/lib/arm64/libxul.so (BuildId: 4a35ccb91ce54a7d8afe95f435ee2ee2cc640e58)
06-02 13:44:22.272  9865  9865 F DEBUG   :       #04 pc 0000000007721500  /data/app/~~o0IDpf5dZyI1QwCvAigHGA==/com.vibekey.keyboard-ND4J-sNbdy9txQXN6K2k8A==/lib/arm64/libxul.so (BuildId: 4a35ccb91ce54a7d8afe95f435ee2ee2cc640e58)
06-02 13:44:22.272  9865  9865 F DEBUG   :       #05 pc 0000000000006f94  /apex/com.android.art/lib64/libsigchain.so (art::SignalChain::Handler(int, siginfo*, void*)+1148) (BuildId: 1d71636c1517ecf3fa421563ba6710f3)
06-02 13:44:22.272  9865  9865 F DEBUG   :       #06 pc 0000000000000638  [vdso] (__kernel_rt_sigreturn+0)
06-02 13:44:22.272  9865  9865 F DEBUG   :       #07 pc 00000000044f860c  /data/app/~~o0IDpf5dZyI1QwCvAigHGA==/com.vibekey.keyboard-ND4J-sNbdy9txQXN6K2k8A==/lib/arm64/libxul.so (BuildId: 4a35ccb91ce54a7d8afe95f435ee2ee2cc640e58)
06-02 13:44:22.272  9865  9865 F DEBUG   :       #08 pc 00000000038cb360  /data/app/~~o0IDpf5dZyI1QwCvAigHGA==/com.vibekey.keyboard-ND4J-sNbdy9txQXN6K2k8A==/lib/arm64/libxul.so (BuildId: 4a35ccb91ce54a7d8afe95f435ee2ee2cc640e58)
06-02 13:44:22.272  9865  9865 F DEBUG   :       #09 pc 000000000394a4ac  /data/app/~~o0IDpf5dZyI1QwCvAigHGA==/com.vibekey.keyboard-ND4J-sNbdy9txQXN6K2k8A==/lib/arm64/libxul.so (BuildId: 4a35ccb91ce54a7d8afe95f435ee2ee2cc640e58)
06-02 13:44:22.272  9865  9865 F DEBUG   :       #10 pc 0000000003946cfc  /data/app/~~o0IDpf5dZyI1QwCvAigHGA==/com.vibekey.keyboard-ND4J-sNbdy9txQXN6K2k8A==/lib/arm64/libxul.so (BuildId: 4a35ccb91ce54a7d8afe95f435ee2ee2cc640e58)
06-02 13:44:22.272  9865  9865 F DEBUG   :       #11 pc 0000000002f16118  /data/app/~~o0IDpf5dZyI1QwCvAigHGA==/com.vibekey.keyboard-ND4J-sNbdy9txQXN6K2k8A==/lib/arm64/libxul.so (BuildId: 4a35ccb91ce54a7d8afe95f435ee2ee2cc640e58)
06-02 13:44:22.272  9865  9865 F DEBUG   :       #12 pc 0000000002f1ef68  /data/app/~~o0IDpf5dZyI1QwCvAigHGA==/com.vibekey.keyboard-ND4J-sNbdy9txQXN6K2k8A==/lib/arm64/libxul.so (BuildId: 4a35ccb91ce54a7d8afe95f435ee2ee2cc640e58)
06-02 13:44:22.272  9865  9865 F DEBUG   :       #13 pc 0000000002f1e3e8  /data/app/~~o0IDpf5dZyI1QwCvAigHGA==/com.vibekey.keyboard-ND4J-sNbdy9txQXN6K2k8A==/lib/arm64/libxul.so (BuildId: 4a35ccb91ce54a7d8afe95f435ee2ee2cc640e58)
06-02 13:44:22.272  9865  9865 F DEBUG   :       #14 pc 00000000041b0ae4  /data/app/~~o0IDpf5dZyI1QwCvAigHGA==/com.vibekey.keyboard-ND4J-sNbdy9txQXN6K2k8A==/lib/arm64/libxul.so (BuildId: 4a35ccb91ce54a7d8afe95f435ee2ee2cc640e58)
06-02 13:44:22.272  9865  9865 F DEBUG   :       #15 pc 00000000041b0668  /data/app/~~o0IDpf5dZyI1QwCvAigHGA==/com.vibekey.keyboard-ND4J-sNbdy9txQXN6K2k8A==/lib/arm64/libxul.so (BuildId: 4a35ccb91ce54a7d8afe95f435ee2ee2cc640e58)
06-02 13:44:22.272  9865  9865 F DEBUG   :       #16 pc 00000000001dae5c  /data/app/~~o0IDpf5dZyI1QwCvAigHGA==/com.vibekey.keyboard-ND4J-sNbdy9txQXN6K2k8A==/lib/arm64/libnss3.so (BuildId: b089d343de37b8a21215387a791de798513aaf64)
06-02 13:44:22.272  9865  9865 F DEBUG   :       #17 pc 000000000009e0bc  /data/app/~~o0IDpf5dZyI1QwCvAigHGA==/com.vibekey.keyboard-ND4J-sNbdy9txQXN6K2k8A==/lib/arm64/libmozglue.so (BuildId: 8d82c5d136d7c01bbfb799da8ac843daefd5a4ec)
06-02 13:44:22.272  9865  9865 F DEBUG   :       #18 pc 00000000000deb44  /apex/com.android.runtime/lib64/bionic/libc.so (__pthread_start(void*)+264) (BuildId: bbbdeb7c87c74f1491f92c6e605095b0)
06-02 13:44:22.272  9865  9865 F DEBUG   :       #19 pc 000000000007b2fc  /apex/com.android.runtime/lib64/bionic/libc.so (__start_thread+68) (BuildId: bbbdeb7c87c74f1491f92c6e605095b0)
--------- beginning of system
06-02 14:19:11.009  9939 25001 E ActivityThread: Failed to find provider info for com.oplus.statistics.provider
06-02 14:19:11.009  9939 25001 E OplusStatistics--: IllegalArgumentException:java.lang.IllegalArgumentException: Unknown URL content://com.oplus.statistics.provider/track_event
06-02 14:20:29.576  9939 25001 E ActivityThread: Failed to find provider info for com.oplus.statistics.provider
06-02 14:20:29.577  9939 25001 E OplusStatistics--: IllegalArgumentException:java.lang.IllegalArgumentException: Unknown URL content://com.oplus.statistics.provider/track_event
--------- beginning of main
06-02 14:20:51.002  9939  9939 W View    : requestLayout() improperly called by helium314.keyboard.latin.panels.BrowserPanelView{beeb106 V.E...... ......ID 0,0-1440,2040} during second layout pass: posting in next frame
06-02 14:20:51.023  9939 22510 E BLASTBufferQueue: [SurfaceView[InputMethod]#28](f:0,a:0) rejecting buffer:active_size=1440x1853, requested_size=1440x1853 buffer{size=1440x1861 transform=0}
06-02 14:20:51.024  9939 22510 E BLASTBufferQueue: BLASTBufferItemConsumer::onDisconnect()
06-02 14:20:51.025  1850  1850 E .keyboard:tab3: Unknown bits set in runtime_flags: 0x40000000
06-02 14:20:51.027  9939  9939 W View    : requestLayout() improperly called by helium314.keyboard.latin.panels.BrowserPanelView{beeb106 V.E...... ......ID 0,0-1440,2040} during layout: running second layout pass
06-02 14:20:51.031  9939  9939 W View    : requestLayout() improperly called by helium314.keyboard.latin.panels.BrowserPanelView{beeb106 V.E...... ......ID 0,0-1440,2040} during second layout pass: posting in next frame
06-02 14:20:51.033  9939  9939 W View    : requestLayout() improperly called by helium314.keyboard.latin.panels.BrowserPanelView{beeb106 V.E...... ......ID 0,0-1440,2040} during layout: running second layout pass
06-02 14:20:51.034  9939 32382 W Ads     : Not retrying to fetch app settings
06-02 14:20:51.038  9939  9939 W View    : requestLayout() improperly called by helium314.keyboard.latin.panels.BrowserPanelView{beeb106 V.E...... .......D 0,0-1440,2040} during second layout pass: posting in next frame
06-02 14:20:51.043  9939  9939 W View    : requestLayout() improperly called by helium314.keyboard.latin.panels.BrowserPanelView{beeb106 V.E...... ......ID 0,0-1440,2040} during layout: running second layout pass
06-02 14:20:51.045  9939  9939 W View    : requestLayout() improperly called by helium314.keyboard.latin.panels.BrowserPanelView{beeb106 V.E...... ........ 0,0-1440,2040} during second layout pass: posting in next frame
06-02 14:20:51.061  9939  9939 W View    : requestLayout() improperly called by helium314.keyboard.latin.panels.BrowserPanelView{beeb106 V.E...... ......I. 0,0-1440,2040} during layout: running second layout pass
06-02 14:20:51.066  9939  9939 W View    : requestLayout() improperly called by helium314.keyboard.latin.panels.BrowserPanelView{beeb106 V.E...... ........ 0,0-1440,2040} during second layout pass: posting in next frame
06-02 14:20:51.077  9939  9939 W View    : requestLayout() improperly called by helium314.keyboard.latin.panels.BrowserPanelView{beeb106 V.E...... ......ID 0,0-1440,2040} during layout: running second layout pass
06-02 14:20:51.083  9939  9939 W View    : requestLayout() improperly called by helium314.keyboard.latin.panels.BrowserPanelView{beeb106 V.E...... ........ 0,0-1440,2040} during second layout pass: posting in next frame
06-02 14:20:51.093  9939  9939 W View    : requestLayout() improperly called by helium314.keyboard.latin.panels.BrowserPanelView{beeb106 V.E...... ......I. 0,0-1440,2040} during layout: running second layout pass
06-02 14:20:51.094  1850  1989 E GeckoLibLoad: Load sqlite start
06-02 14:20:51.096  9939  9939 W View    : requestLayout() improperly called by helium314.keyboard.latin.panels.BrowserPanelView{beeb106 V.E...... ........ 0,0-1440,2040} during second layout pass: posting in next frame
06-02 14:20:51.097  1850  1989 E GeckoLibLoad: Load sqlite done
06-02 14:20:51.097  1850  1989 E GeckoLibLoad: Load nss start
06-02 14:20:51.097  1850  1989 E GeckoLibLoad: Load nss done
06-02 14:20:51.111  9939  9939 W View    : requestLayout() improperly called by helium314.keyboard.latin.panels.BrowserPanelView{beeb106 V.E...... ......I. 0,0-1440,2040} during layout: running second layout pass
06-02 14:20:51.116  9939  9939 W View    : requestLayout() improperly called by helium314.keyboard.latin.panels.BrowserPanelView{beeb106 V.E...... ........ 0,0-1440,2040} during second layout pass: posting in next frame
06-02 14:20:51.123  1850  1989 E GeckoLibLoad: Loaded libs in 25.800625ms total, 11ms(15ms) user, 8ms(7ms) system, 0(0) faults
06-02 14:20:51.124  1850  1989 W GeckoThread: zerdatime 101293985 - runGecko
06-02 14:20:51.126  1994  1994 E .keyboard:tab1: Unknown bits set in runtime_flags: 0x40000000
06-02 14:20:51.127  9939  9939 W View    : requestLayout() improperly called by helium314.keyboard.latin.panels.BrowserPanelView{beeb106 V.E...... ......I. 0,0-1440,2040} during layout: running second layout pass
06-02 14:20:51.132  9939  9939 W View    : requestLayout() improperly called by helium314.keyboard.latin.panels.BrowserPanelView{beeb106 V.E...... ......ID 0,0-1440,2040} during second layout pass: posting in next frame
06-02 14:20:51.143  9939  9939 W View    : requestLayout() improperly called by helium314.keyboard.latin.panels.BrowserPanelView{beeb106 V.E...... ......ID 0,0-1440,2040} during layout: running second layout pass
06-02 14:20:51.148  9939  9939 W View    : requestLayout() improperly called by helium314.keyboard.latin.panels.BrowserPanelView{beeb106 V.E...... ........ 0,0-1440,2040} during second layout pass: posting in next frame
06-02 14:20:51.161  9939  9939 W View    : requestLayout() improperly called by helium314.keyboard.latin.panels.BrowserPanelView{beeb106 V.E...... ......I. 0,0-1440,2040} during layout: running second layout pass
06-02 14:20:51.165  9939  9939 W View    : requestLayout() improperly called by helium314.keyboard.latin.panels.BrowserPanelView{beeb106 V.E...... ........ 0,0-1440,2040} during second layout pass: posting in next frame
06-02 14:20:51.177  9939  9939 W View    : requestLayout() improperly called by helium314.keyboard.latin.panels.BrowserPanelView{beeb106 V.E...... ......I. 0,0-1440,2040} during layout: running second layout pass
06-02 14:20:51.182  9939  9939 W View    : requestLayout() improperly called by helium314.keyboard.latin.panels.BrowserPanelView{beeb106 V.E...... ........ 0,0-1440,2040} during second layout pass: posting in next frame
06-02 14:20:51.193  9939  9939 W View    : requestLayout() improperly called by helium314.keyboard.latin.panels.BrowserPanelView{beeb106 V.E...... ......I. 0,0-1440,2040} during layout: running second layout pass
06-02 14:20:51.196  9939  9939 W View    : requestLayout() improperly called by helium314.keyboard.latin.panels.BrowserPanelView{beeb106 V.E...... ........ 0,0-1440,2040} during second layout pass: posting in next frame
06-02 14:20:51.206  1994  2089 E GeckoLibLoad: Load sqlite start
06-02 14:20:51.209  1994  2089 E GeckoLibLoad: Load sqlite done
06-02 14:20:51.210  1994  2089 E GeckoLibLoad: Load nss start
06-02 14:20:51.210  1994  2089 E GeckoLibLoad: Load nss done
06-02 14:20:51.210  9939  9939 W View    : requestLayout() improperly called by helium314.keyboard.latin.panels.BrowserPanelView{beeb106 V.E...... ......I. 0,0-1440,2040} during layout: running second layout pass
06-02 14:20:51.215  9939  9939 W View    : requestLayout() improperly called by helium314.keyboard.latin.panels.BrowserPanelView{beeb106 V.E...... ........ 0,0-1440,2040} during second layout pass: posting in next frame
06-02 14:20:51.216  1850  1989 W Isolated Web Content: [JavaScript Warning: "Content-Security-Policy: Ignoring “'report-sample'” within script-src: ‘strict-dynamic’ specified" {file: "https://www.google.com/" line: 0}]
06-02 14:20:51.216  1850  1989 W Isolated Web Content: [JavaScript Warning: "Content-Security-Policy: Ignoring “'unsafe-inline'” within script-src: ‘strict-dynamic’ specified" {file: "https://www.google.com/" line: 0}]
06-02 14:20:51.216  1850  1989 W Isolated Web Content: [JavaScript Warning: "Content-Security-Policy: Ignoring “https:” within script-src: ‘strict-dynamic’ specified" {file: "https://www.google.com/" line: 0}]
06-02 14:20:51.216  1850  1989 W Isolated Web Content: [JavaScript Warning: "Content-Security-Policy: Ignoring “http:” within script-src: ‘strict-dynamic’ specified" {file: "https://www.google.com/" line: 0}]
06-02 14:20:51.216  1850  1989 W Isolated Web Content: [JavaScript Warning: "Content-Security-Policy: Ignoring “'unsafe-inline'” within script-src: nonce-source or hash-source specified" {file: "https://www.google.com/" line: 0}]
06-02 14:20:51.217  1850  1989 W GeckoEditableChild: No editable parent
06-02 14:20:51.227  9939  9939 W View    : requestLayout() improperly called by helium314.keyboard.latin.panels.BrowserPanelView{beeb106 V.E...... ......I. 0,0-1440,2040} during layout: running second layout pass
06-02 14:20:51.233  1994  2089 E GeckoLibLoad: Loaded libs in 22.885104ms total, 8ms(8ms) user, 11ms(13ms) system, 0(0) faults
06-02 14:20:51.233  1994  2089 W GeckoThread: zerdatime 101294094 - runGecko
06-02 14:20:51.233  9939  9939 W View    : requestLayout() improperly called by helium314.keyboard.latin.panels.BrowserPanelView{beeb106 V.E...... ........ 0,0-1440,2040} during second layout pass: posting in next frame
06-02 14:20:51.241  1850  1989 W Isolated Web Content: [JavaScript Warning: "Empty string passed to getElementById()." {file: "https://www.google.com/" line: 65}]
06-02 14:20:51.244  9939  9939 W View    : requestLayout() improperly called by helium314.keyboard.latin.panels.BrowserPanelView{beeb106 V.E...... ......I. 0,0-1440,2040} during layout: running second layout pass
06-02 14:20:51.250  9939  9939 W View    : requestLayout() improperly called by helium314.keyboard.latin.panels.BrowserPanelView{beeb106 V.E...... ........ 0,0-1440,2040} during second layout pass: posting in next frame
06-02 14:20:51.260  9939  9939 W View    : requestLayout() improperly called by helium314.keyboard.latin.panels.BrowserPanelView{beeb106 V.E...... ......ID 0,0-1440,2040} during layout: running second layout pass
06-02 14:20:51.266  9939  9939 W View    : requestLayout() improperly called by helium314.keyboard.latin.panels.BrowserPanelView{beeb106 V.E...... ........ 0,0-1440,2040} during second layout pass: posting in next frame
06-02 14:20:51.277  9939  9939 W View    : requestLayout() improperly called by helium314.keyboard.latin.panels.BrowserPanelView{beeb106 V.E...... ......I. 0,0-1440,2040} during layout: running second layout pass
06-02 14:20:51.283  9939  9939 W View    : requestLayout() improperly called by helium314.keyboard.latin.panels.BrowserPanelView{beeb106 V.E...... .......D 0,0-1440,2040} during second layout pass: posting in next frame
06-02 14:20:51.293  9939  9939 W View    : requestLayout() improperly called by helium314.keyboard.latin.panels.BrowserPanelView{beeb106 V.E...... ......ID 0,0-1440,2040} during layout: running second layout pass
06-02 14:20:51.296  9939  9939 W View    : requestLayout() improperly called by helium314.keyboard.latin.panels.BrowserPanelView{beeb106 V.E...... ........ 0,0-1440,2040} during second layout pass: posting in next frame
06-02 14:20:51.310  9939  9939 W View    : requestLayout() improperly called by helium314.keyboard.latin.panels.BrowserPanelView{beeb106 V.E...... ......I. 0,0-1440,2040} during layout: running second layout pass
06-02 14:20:51.315  9939  9939 W View    : requestLayout() improperly called by helium314.keyboard.latin.panels.BrowserPanelView{beeb106 V.E...... ........ 0,0-1440,2040} during second layout pass: posting in next frame
06-02 14:20:51.327  9939  9939 W View    : requestLayout() improperly called by helium314.keyboard.latin.panels.BrowserPanelView{beeb106 V.E...... ......I. 0,0-1440,2040} during layout: running second layout pass
06-02 14:20:51.333  9939  9939 W View    : requestLayout() improperly called by helium314.keyboard.latin.panels.BrowserPanelView{beeb106 V.E...... ......ID 0,0-1440,2040} during second layout pass: posting in next frame
06-02 14:20:51.349  9939 29465 E BLASTBufferQueue: BLASTBufferItemConsumer::onDisconnect()
06-02 14:20:51.351  9939  9939 W View    : requestLayout() improperly called by helium314.keyboard.latin.panels.BrowserPanelView{beeb106 V.E...... ......ID 0,0-1440,2040} during layout: running second layout pass
06-02 14:20:51.355  9939  9939 W View    : requestLayout() improperly called by helium314.keyboard.latin.panels.BrowserPanelView{beeb106 V.E...... ........ 0,0-1440,2040} during second layout pass: posting in next frame
06-02 14:20:51.360  9939  9939 W View    : requestLayout() improperly called by helium314.keyboard.latin.panels.BrowserPanelView{beeb106 V.E...... ......I. 0,0-1440,2040} during layout: running second layout pass
06-02 14:20:51.366  9939  9939 W View    : requestLayout() improperly called by helium314.keyboard.latin.panels.BrowserPanelView{beeb106 V.E...... ........ 0,0-1440,2040} during second layout pass: posting in next frame
06-02 14:20:51.382  9939  9939 W View    : requestLayout() improperly called by helium314.keyboard.latin.panels.BrowserPanelView{beeb106 V.E...... ......I. 0,0-1440,2040} during layout: running second layout pass
06-02 14:20:51.385  9939  9939 W AdManager: Rewarded load failed tier=PRIMARY code=1 domain=com.google.android.gms.ads message=Error building request URL: Too many recently failed requests for ad unit ID: ca-app-pub-6765609171282681/3310587093. You must wait a few seconds before making another ad request.
06-02 14:20:51.386  9939  9939 W AdManager: Interstitial ad failed to load: code=1 message=Error building request URL: Too many recently failed requests for ad unit ID: ca-app-pub-6765609171282681/8371342086. You must wait a few seconds before making another ad request.
06-02 14:20:51.386  9939  9939 W View    : requestLayout() improperly called by helium314.keyboard.latin.panels.BrowserPanelView{beeb106 V.E...... ........ 0,0-1440,2040} during second layout pass: posting in next frame
06-02 14:20:51.395  9939  9939 W View    : requestLayout() improperly called by helium314.keyboard.latin.panels.BrowserPanelView{beeb106 V.E...... ......I. 0,0-1440,2040} during layout: running second layout pass
06-02 14:20:51.400  9939  9939 W View    : requestLayout() improperly called by helium314.keyboard.latin.panels.BrowserPanelView{beeb106 V.E...... ........ 0,0-1440,2040} during second layout pass: posting in next frame
06-02 14:20:51.411  9939  9939 W View    : requestLayout() improperly called by helium314.keyboard.latin.panels.BrowserPanelView{beeb106 V.E...... ......I. 0,0-1440,2040} during layout: running second layout pass
06-02 14:20:51.418  9939  9939 W View    : requestLayout() improperly called by helium314.keyboard.latin.panels.BrowserPanelView{beeb106 V.E...... .......D 0,0-1440,2040} during second layout pass: posting in next frame
06-02 14:20:51.428  9939  9939 W View    : requestLayout() improperly called by helium314.keyboard.latin.panels.BrowserPanelView{beeb106 V.E...... ......ID 0,0-1440,2040} during layout: running second layout pass
06-02 14:20:51.432  9939  9939 W View    : requestLayout() improperly called by helium314.keyboard.latin.panels.BrowserPanelView{beeb106 V.E...... ........ 0,0-1440,2040} during second layout pass: posting in next frame
06-02 14:20:51.444  9939  9939 W View    : requestLayout() improperly called by helium314.keyboard.latin.panels.BrowserPanelView{beeb106 V.E...... ......ID 0,0-1440,2040} during layout: running second layout pass
06-02 14:20:51.448  9939  9939 W View    : requestLayout() improperly called by helium314.keyboard.latin.panels.BrowserPanelView{beeb106 V.E...... ........ 0,0-1440,2040} during second layout pass: posting in next frame
06-02 14:20:51.451  1850  1989 W Isolated Web Content: [JavaScript Warning: "Empty string passed to getElementById()." {file: "https://www.google.com/xjs/_/js/k=xjs.hm.en.FrGEQgohjYs.2019.O/am=AAAAAAAAAAAAAAAAAAAAAAAAAAAAAAAAAAAAAAAAAAAAAAAAAAAAAAAAAAIAAgAAAAAgQAAAAAAAAAAAAAAAAAhAAAAAAAAAAAAAAAAAAAAAAIiAAAAAAAAAAAAAAAEABAAABAAAAAAAABgAQAAAEEACAAQAAwAAAAAAAAAAAAAAAAAAECACAAAABAAA4A8AjAAAAAAAAAAAAAAAAABIAAAAAAAAAAAAYAEAAEADAAAAEAACAAAAAAAAAAAAAAAAAABAAAAAAAAAAAAAAAABAAAAgAAAAAAIAAAAAAAAAAgAAAAAAACAAAAAAAAAAAAAAAAAEFAAAAAAEAAAAAAAAAAAAQAAAAAAAAAAAAAAAAAwAAAAAAEAAAAAAAAAAAAAAAAAADgAACAgAAAAAAAAgUAAgAAAAABAAuCBgCGaAgAAAAAAAAAAAAAAAAAAAA" line: 187}]
06-02 14:20:51.461  9939  9939 W View    : requestLayout() improperly called by helium314.keyboard.latin.panels.BrowserPanelView{beeb106 V.E...... ......ID 0,0-1440,2040} during layout: running second layout pass
06-02 14:20:51.465  9939  9939 W View    : requestLayout() improperly called by helium314.keyboard.latin.panels.BrowserPanelView{beeb106 V.E...... ........ 0,0-1440,2040} during second layout pass: posting in next frame
06-02 14:20:51.477  9939  9939 W View    : requestLayout() improperly called by helium314.keyboard.latin.panels.BrowserPanelView{beeb106 V.E...... ......ID 0,0-1440,2040} during layout: running second layout pass
06-02 14:20:51.480  9939  9939 W View    : requestLayout() improperly called by helium314.keyboard.latin.panels.BrowserPanelView{beeb106 V.E...... ........ 0,0-1440,2040} during second layout pass: posting in next frame
06-02 14:20:51.494  9939  9939 W View    : requestLayout() improperly called by helium314.keyboard.latin.panels.BrowserPanelView{beeb106 V.E...... ......ID 0,0-1440,2040} during layout: running second layout pass
06-02 14:20:51.496  9939  9939 W View    : requestLayout() improperly called by helium314.keyboard.latin.panels.BrowserPanelView{beeb106 V.E...... ........ 0,0-1440,2040} during second layout pass: posting in next frame
06-02 14:20:51.501  9939 32382 W Ads     : Not retrying to fetch app settings
06-02 14:20:51.510  9939  9939 W View    : requestLayout() improperly called by helium314.keyboard.latin.panels.BrowserPanelView{beeb106 V.E...... ......ID 0,0-1440,2040} during layout: running second layout pass
06-02 14:20:51.511  9939 32389 W Ads     : Not retrying to fetch app settings
06-02 14:20:51.515  9939  9939 W View    : requestLayout() improperly called by helium314.keyboard.latin.panels.BrowserPanelView{beeb106 V.E...... ........ 0,0-1440,2040} during second layout pass: posting in next frame
06-02 14:20:51.527  9939  9939 W View    : requestLayout() improperly called by helium314.keyboard.latin.panels.BrowserPanelView{beeb106 V.E...... ......ID 0,0-1440,2040} during layout: running second layout pass
06-02 14:20:51.531  9939  9939 W View    : requestLayout() improperly called by helium314.keyboard.latin.panels.BrowserPanelView{beeb106 V.E...... ........ 0,0-1440,2040} during second layout pass: posting in next frame
06-02 14:20:51.544  9939  9939 W View    : requestLayout() improperly called by helium314.keyboard.latin.panels.BrowserPanelView{beeb106 V.E...... ......I. 0,0-1440,2040} during layout: running second layout pass
06-02 14:20:51.549  9939  9939 W View    : requestLayout() improperly called by helium314.keyboard.latin.panels.BrowserPanelView{beeb106 V.E...... ........ 0,0-1440,2040} during second layout pass: posting in next frame
06-02 14:20:51.552  9939 22510 E BLASTBufferQueue: BLASTBufferItemConsumer::onDisconnect()
06-02 14:20:51.590  9939  9939 E GeckoView: Failed to detach WindowInsetsListener: 
06-02 14:20:51.590  9939  9939 E GeckoView: java.lang.NullPointerException: Attempt to invoke virtual method 'android.view.Window android.app.Activity.getWindow()' on a null object reference
06-02 14:20:51.590  9939  9939 E GeckoView: 	at org.mozilla.geckoview.GeckoView.detachWindowInsetsListener(r8-map-id-85bb38a905de45152437ca334b351eb80adb24a621cdd65ea75e25d63ae7e63c:1)
06-02 14:20:51.590  9939  9939 E GeckoView: 	at org.mozilla.geckoview.GeckoView.onDetachedFromWindow(r8-map-id-85bb38a905de45152437ca334b351eb80adb24a621cdd65ea75e25d63ae7e63c:25)
06-02 14:20:51.590  9939  9939 E GeckoView: 	at android.view.View.dispatchDetachedFromWindow(View.java:20955)
06-02 14:20:51.590  9939  9939 E GeckoView: 	at android.view.ViewGroup.dispatchDetachedFromWindow(ViewGroup.java:4014)
06-02 14:20:51.590  9939  9939 E GeckoView: 	at android.view.ViewGroup.removeViewInternal(ViewGroup.java:5660)
06-02 14:20:51.590  9939  9939 E GeckoView: 	at android.view.ViewGroup.removeViewInternal(ViewGroup.java:5631)
06-02 14:20:51.590  9939  9939 E GeckoView: 	at android.view.ViewGroup.removeView(ViewGroup.java:5562)
06-02 14:20:51.590  9939  9939 E GeckoView: 	at t3.m.run(r8-map-id-85bb38a905de45152437ca334b351eb80adb24a621cdd65ea75e25d63ae7e63c:29)
06-02 14:20:51.590  9939  9939 E GeckoView: 	at android.os.Handler.handleCallback(Handler.java:938)
06-02 14:20:51.590  9939  9939 E GeckoView: 	at android.os.Handler.dispatchMessage(Handler.java:99)
06-02 14:20:51.590  9939  9939 E GeckoView: 	at android.os.Looper.loopOnce(Looper.java:233)
06-02 14:20:51.590  9939  9939 E GeckoView: 	at android.os.Looper.loop(Looper.java:344)
06-02 14:20:51.590  9939  9939 E GeckoView: 	at android.app.ActivityThread.main(ActivityThread.java:8212)
06-02 14:20:51.590  9939  9939 E GeckoView: 	at java.lang.reflect.Method.invoke(Native Method)
06-02 14:20:51.590  9939  9939 E GeckoView: 	at com.android.internal.os.RuntimeInit$MethodAndArgsCaller.run(RuntimeInit.java:584)
06-02 14:20:51.590  9939  9939 E GeckoView: 	at com.android.internal.os.ZygoteInit.main(ZygoteInit.java:1034)
06-02 14:20:51.592  9939  9939 W View    : requestLayout() improperly called by helium314.keyboard.latin.panels.BrowserPanelView{beeb106 G.E...... ......ID 0,0-1440,2040} during second layout pass: posting in next frame
06-02 14:20:51.614  9939 10165 E GeckoConsole: [JavaScript Error: "TypeError: can't access property "WindowEventDispatcher", win is null" {file: "resource://gre/modules/GeckoViewSessionStore.sys.mjs" line: 149}]
06-02 14:20:51.614  9939 10165 E GeckoConsole: onTabStateUpdate@resource://gre/modules/GeckoViewSessionStore.sys.mjs:149:5
06-02 14:20:51.614  9939 10165 E GeckoConsole: updateSessionStoreFromTabListener@resource://gre/modules/GeckoViewSessionStore.sys.mjs:243:10
06-02 14:20:51.614  9939 10165 E GeckoConsole: SSF_updateSessionStore@resource://gre/modules/SessionStoreFunctions.sys.mjs:46:27
06-02 14:20:51.614  9939 10165 E GeckoConsole: UpdateSessionStore@resource://gre/modules/SessionStoreFunctions.sys.mjs:16:46
06-02 14:20:51.615  9939 10165 E GeckoConsole: [JavaScript Error: "TypeError: can't access property "WindowEventDispatcher", win is null" {file: "resource://gre/modules/GeckoViewSessionStore.sys.mjs" line: 149}]
06-02 14:20:51.615  9939 10165 E GeckoConsole: onTabStateUpdate@resource://gre/modules/GeckoViewSessionStore.sys.mjs:149:5
06-02 14:20:51.615  9939 10165 E GeckoConsole: updateSessionStoreFromTabListener@resource://gre/modules/GeckoViewSessionStore.sys.mjs:243:10
06-02 14:20:51.615  9939 10165 E GeckoConsole: SSF_updateSessionStore@resource://gre/modules/SessionStoreFunctions.sys.mjs:46:27
06-02 14:20:51.615  9939 10165 E GeckoConsole: UpdateSessionStore@resource://gre/modules/SessionStoreFunctions.sys.mjs:16:46
06-02 14:20:51.656  9939  9939 W AdManager: Native ad failed to load: code=1 message=Error building request URL: Too many recently failed requests for ad unit ID: ca-app-pub-6765609171282681/4767072755. You must wait a few seconds before making another ad request.
06-02 14:20:51.996  9939 32391 W Ads     : Not retrying to fetch app settings
06-02 14:20:52.067  9939  9939 W AdManager: Rewarded load failed tier=PRIMARY code=1 domain=com.google.android.gms.ads message=Error building request URL: Too many recently failed requests for ad unit ID: ca-app-pub-6765609171282681/3310587093. You must wait a few seconds before making another ad request.
06-02 14:20:52.072  9939  9939 W AdManager: Interstitial ad failed to load: code=1 message=Error building request URL: Too many recently failed requests for ad unit ID: ca-app-pub-6765609171282681/8371342086. You must wait a few seconds before making another ad request.
06-02 14:20:52.212  9939 32310 W Ads     : Not retrying to fetch app settings
06-02 14:20:52.530  9939  9939 W AdManager: Native ad failed to load: code=1 message=Error building request URL: Too many recently failed requests for ad unit ID: ca-app-pub-6765609171282681/4767072755. You must wait a few seconds before making another ad request.
06-02 14:20:52.812  9939  9939 W AdManager: Rewarded load failed tier=PRIMARY code=1 domain=com.google.android.gms.ads message=Error building request URL: Too many recently failed requests for ad unit ID: ca-app-pub-6765609171282681/3310587093. You must wait a few seconds before making another ad request.
06-02 14:20:52.995  9939 32310 W Ads     : Not retrying to fetch app settings
06-02 14:20:52.999  9939 32392 W Ads     : Not retrying to fetch app settings
06-02 14:20:53.033  9939  9939 W AdManager: Interstitial ad failed to load: code=1 message=Error building request URL: Too many recently failed requests for ad unit ID: ca-app-pub-6765609171282681/8371342086. You must wait a few seconds before making another ad request.
06-02 14:20:53.491  9939 32310 W Ads     : Not retrying to fetch app settings
06-02 14:20:53.529  9939  9939 W AdManager: Rewarded load failed tier=PRIMARY code=1 domain=com.google.android.gms.ads message=Error building request URL: Too many recently failed requests for ad unit ID: ca-app-pub-6765609171282681/3310587093. You must wait a few seconds before making another ad request.
06-02 14:20:53.542  9939  9939 W AdManager: Native ad failed to load: code=1 message=Error building request URL: Too many recently failed requests for ad unit ID: ca-app-pub-6765609171282681/4767072755. You must wait a few seconds before making another ad request.
06-02 14:20:53.995  9939 32389 W Ads     : Not retrying to fetch app settings
06-02 14:20:54.005  9939 32384 W Ads     : Not retrying to fetch app settings
06-02 14:20:54.030  9939  9939 W AdManager: Interstitial ad failed to load: code=1 message=Error building request URL: Too many recently failed requests for ad unit ID: ca-app-pub-6765609171282681/8371342086. You must wait a few seconds before making another ad request.
06-02 14:20:54.493  9939 32389 W Ads     : Not retrying to fetch app settings
06-02 14:20:54.529  9939  9939 W AdManager: Rewarded load failed tier=PRIMARY code=1 domain=com.google.android.gms.ads message=Error building request URL: Too many recently failed requests for ad unit ID: ca-app-pub-6765609171282681/3310587093. You must wait a few seconds before making another ad request.
06-02 14:20:54.541  9939  9939 W AdManager: Native ad failed to load: code=1 message=Error building request URL: Too many recently failed requests for ad unit ID: ca-app-pub-6765609171282681/4767072755. You must wait a few seconds before making another ad request.
06-02 14:20:55.003  9939 32388 W Ads     : Not retrying to fetch app settings
06-02 14:20:55.012  9939 32384 W Ads     : Not retrying to fetch app settings
06-02 14:20:55.031  9939  9939 W AdManager: Interstitial ad failed to load: code=1 message=Error building request URL: Too many recently failed requests for ad unit ID: ca-app-pub-6765609171282681/8371342086. You must wait a few seconds before making another ad request.
06-02 14:20:55.514  9939  9939 W AdManager: Rewarded load failed tier=PRIMARY code=3 domain=com.google.android.gms.ads message=Publisher data not found. <https://support.google.com/admob/answer/9905175#9>
06-02 14:20:55.610  9939  9939 W AdManager: Native ad failed to load: code=1 message=Error building request URL: Too many recently failed requests for ad unit ID: ca-app-pub-6765609171282681/4767072755. You must wait a few seconds before making another ad request.
06-02 14:20:57.508  9939 10055 E BLASTBufferQueue: BLASTBufferItemConsumer::onDisconnect()
06-02 14:21:00.706  9939  9989 W VibeKeyProfiler: Slow Native Suggest: Total=8.98ms | Init=0.07ms | TrieExpand(x15)=8.88ms | Scoring=0.03ms | inputSize=1
06-02 14:21:00.711  9939  9989 W VibeKeyProfiler: Slow Kotlin Suggest: Total=18.62ms | locales=1 | typedLen=0 | candidates=18
06-02 14:21:00.984  2317  2317 E libcrashpad_handler_trampoline.so: createInstance(64bit) : createExtendedFactory
06-02 14:21:00.986  2317  2317 E libcrashpad_handler_trampoline.so: createInstance(64bit) : createExtendedFactory
06-02 14:21:00.986  2317  2317 E libcrashpad_handler_trampoline.so: Opened libinputextensionsimpl.so
06-02 14:21:00.986  2317  2317 E libcrashpad_handler_trampoline.so: Opened libinputextensionsimpl.so
06-02 14:21:00.988  2317  2317 E libcrashpad_handler_trampoline.so: createInstance(64bit) : createExtendedFactory
06-02 14:21:00.988  2317  2317 E libcrashpad_handler_trampoline.so: createInstance(64bit) : createExtendedFactory
06-02 14:21:00.988  2317  2317 E libcrashpad_handler_trampoline.so: Opened libsensorextimpl.so
06-02 14:21:00.988  2317  2317 E libcrashpad_handler_trampoline.so: Opened libsensorextimpl.so
06-02 14:21:01.231  2317  2317 E chromium: [0602/142101.230684:ERROR:third_party/crashpad/crashpad/util/process/process_memory_range.cc:75] read out of range
06-02 14:21:01.502  9939  9989 F libc    : Fatal signal 7 (SIGBUS), code 2 (BUS_ADRERR), fault addr 0x767e978000 in tid 9989 (d), pid 9939 (AndroidUI)
06-02 14:21:01.889  2361  2361 E DEBUG   : failed to read /proc/uptime: Permission denied
06-02 14:21:02.713  9939 25001 E ActivityThread: Failed to find provider info for com.oplus.statistics.provider
06-02 14:21:02.713  9939 25001 E OplusStatistics--: IllegalArgumentException:java.lang.IllegalArgumentException: Unknown URL content://com.oplus.statistics.provider/track_event
06-02 14:21:03.051  2361  2361 F DEBUG   : Process name is com.vibekey.keyboard, not key_process
06-02 14:21:03.051  2361  2361 F DEBUG   : keyProcess: 0
06-02 14:21:03.051  2361  2361 F DEBUG   : *** *** *** *** *** *** *** *** *** *** *** *** *** *** *** ***
06-02 14:21:03.051  2361  2361 F DEBUG   : Build fingerprint: 'OnePlus/OnePlus7Pro/OnePlus7Pro:12/SKQ1.211113.001/P.202303230244:user/release-keys'
06-02 14:21:03.051  2361  2361 F DEBUG   : Revision: '0'
06-02 14:21:03.051  2361  2361 F DEBUG   : ABI: 'arm64'
06-02 14:21:03.051  2361  2361 F DEBUG   : Timestamp: 2026-06-02 14:21:01.889039500-0400
06-02 14:21:03.051  2361  2361 F DEBUG   : Process uptime: 0s
06-02 14:21:03.051  2361  2361 F DEBUG   : Cmdline: com.vibekey.keyboard
06-02 14:21:03.051  2361  2361 F DEBUG   : pid: 9939, tid: 9989, name: d  >>> com.vibekey.keyboard <<<
06-02 14:21:03.051  2361  2361 F DEBUG   : uid: 13891
06-02 14:21:03.051  2361  2361 F DEBUG   : signal 7 (SIGBUS), code 2 (BUS_ADRERR), fault addr 0x767e978000
06-02 14:21:03.051  2361  2361 F DEBUG   :     x0  0000000000000000  x1  0000000000002705  x2  0000000000000007  x3  000000768a6d1da0
06-02 14:21:03.051  2361  2361 F DEBUG   :     x4  000000768a6d16a8  x5  000000768a6d16a8  x6  000000768a6d16a8  x7  0000000000000000
06-02 14:21:03.051  2361  2361 F DEBUG   :     x8  00000000000000f0  x9  db746b027190efc7  x10 0000000000004001  x11 0000000000000000
06-02 14:21:03.051  2361  2361 F DEBUG   :     x12 00000000ffffffff  x13 0000000000000000  x14 000000000000001f  x15 000000767e977f9d
06-02 14:21:03.051  2361  2361 F DEBUG   :     x16 000000757ca4b410  x17 00000076790b8f10  x18 0000007533182000  x19 0000000000000007
06-02 14:21:03.051  2361  2361 F DEBUG   :     x20 000000768a6d1da0  x21 00000000000026d3  x22 000000768a6d1d00  x23 0000000000000001
06-02 14:21:03.051  2361  2361 F DEBUG   :     x24 0000000080000000  x25 b4000075bb0a6fb0  x26 00000075ccb64024  x27 0000000000000001
06-02 14:21:03.051  2361  2361 F DEBUG   :     x28 00000075ccb645d8  x29 000000768a6d1d20
06-02 14:21:03.051  2361  2361 F DEBUG   :     lr  0000007576c73da0  sp  000000768a6d1d00  pc  00000076790b8f34  pst 0000000000000000
06-02 14:21:03.051  2361  2361 F DEBUG   : backtrace:
06-02 14:21:03.051  2361  2361 F DEBUG   :       #00 pc 0000000000075f34  /apex/com.android.runtime/lib64/bionic/libc.so (syscall+36) (BuildId: bbbdeb7c87c74f1491f92c6e605095b0)
06-02 14:21:03.051  2361  2361 F DEBUG   :       #01 pc 0000000004062d9c  /data/app/~~0vURfNRJhP5qOxDjXMAdJA==/com.google.android.webview-1jICq8A_gawMkQD3QY60ZA==/base.apk!libwebviewchromium.so (BuildId: 6830cf8493d489d274dd2200dc390799760c2507)
06-02 14:21:03.051  2361  2361 F DEBUG   :       #02 pc 0000000004059518  /data/app/~~0vURfNRJhP5qOxDjXMAdJA==/com.google.android.webview-1jICq8A_gawMkQD3QY60ZA==/base.apk!libwebviewchromium.so (BuildId: 6830cf8493d489d274dd2200dc390799760c2507)
06-02 14:21:03.051  2361  2361 F DEBUG   :       #03 pc 0000000000000638  [vdso] (__kernel_rt_sigreturn+0)
06-02 14:21:03.051  2361  2361 F DEBUG   :       #04 pc 00000000000b69b8  /data/app/~~o0IDpf5dZyI1QwCvAigHGA==/com.vibekey.keyboard-ND4J-sNbdy9txQXN6K2k8A==/lib/arm64/libjni_latinime.so (latinime::ShortcutListReadingUtils::getShortcutListSizeAndForwardPointer(latinime::ReadOnlyByteArrayView, int*)+0) (BuildId: 8d76756a997f3dfd1fecc1bfb186b1b8aa252cdd)
06-02 14:21:03.051  2361  2361 F DEBUG   :       #05 pc 00000000000b2e04  /data/app/~~o0IDpf5dZyI1QwCvAigHGA==/com.vibekey.keyboard-ND4J-sNbdy9txQXN6K2k8A==/lib/arm64/libjni_latinime.so (latinime::ShortcutListPolicy::skipAllShortcuts(int*) const+32) (BuildId: 8d76756a997f3dfd1fecc1bfb186b1b8aa252cdd)
06-02 14:21:03.051  2361  2361 F DEBUG   :       #06 pc 00000000000b6924  /data/app/~~o0IDpf5dZyI1QwCvAigHGA==/com.vibekey.keyboard-ND4J-sNbdy9txQXN6K2k8A==/lib/arm64/libjni_latinime.so (latinime::PatriciaTrieReadingUtils::readPtNodeInfo(unsigned char const*, int, int, latinime::DictionaryShortcutsStructurePolicy const*, latinime::DictionaryBigramsStructurePolicy const*, int const*, unsigned char*, int*, int*, int*, int*, int*, int*, int*)+688) (BuildId: 8d76756a997f3dfd1fecc1bfb186b1b8aa252cdd)
06-02 14:21:03.051  2361  2361 F DEBUG   :       #07 pc 00000000000b883c  /data/app/~~o0IDpf5dZyI1QwCvAigHGA==/com.vibekey.keyboard-ND4J-sNbdy9txQXN6K2k8A==/lib/arm64/libjni_latinime.so (latinime::Ver2ParticiaTrieNodeReader::fetchPtNodeParamsInBufferFromPtNodePos(int) const+140) (BuildId: 8d76756a997f3dfd1fecc1bfb186b1b8aa252cdd)
06-02 14:21:03.051  2361  2361 F DEBUG   :       #08 pc 00000000000b4ae0  /data/app/~~o0IDpf5dZyI1QwCvAigHGA==/com.vibekey.keyboard-ND4J-sNbdy9txQXN6K2k8A==/lib/arm64/libjni_latinime.so (latinime::DynamicPtReadingHelper::getTerminalPtNodePositionOfWord(int const*, unsigned long, bool)+232) (BuildId: 8d76756a997f3dfd1fecc1bfb186b1b8aa252cdd)
06-02 14:21:03.052  2361  2361 F DEBUG   :       #09 pc 00000000000b71e0  /data/app/~~o0IDpf5dZyI1QwCvAigHGA==/com.vibekey.keyboard-ND4J-sNbdy9txQXN6K2k8A==/lib/arm64/libjni_latinime.so (latinime::PatriciaTriePolicy::getWordId(latinime::IntArrayView, bool) const+184) (BuildId: 8d76756a997f3dfd1fecc1bfb186b1b8aa252cdd)
06-02 14:21:03.052  2361  2361 F DEBUG   :       #10 pc 00000000000a7d0c  /data/app/~~o0IDpf5dZyI1QwCvAigHGA==/com.vibekey.keyboard-ND4J-sNbdy9txQXN6K2k8A==/lib/arm64/libjni_latinime.so (latinime::NgramContext::getWordId(latinime::DictionaryStructureWithBufferPolicy const*, int const*, int, bool, bool)+232) (BuildId: 8d76756a997f3dfd1fecc1bfb186b1b8aa252cdd)
06-02 14:21:03.052  2361  2361 F DEBUG   :       #11 pc 00000000000d3224  /data/app/~~o0IDpf5dZyI1QwCvAigHGA==/com.vibekey.keyboard-ND4J-sNbdy9txQXN6K2k8A==/lib/arm64/libjni_latinime.so (latinime::DicTraverseSession::init(latinime::Dictionary const*, latinime::NgramContext const*, latinime::SuggestOptions const*)+116) (BuildId: 8d76756a997f3dfd1fecc1bfb186b1b8aa252cdd)
06-02 14:21:03.052  2361  2361 F DEBUG   :       #12 pc 00000000000c8a80  /data/app/~~o0IDpf5dZyI1QwCvAigHGA==/com.vibekey.keyboard-ND4J-sNbdy9txQXN6K2k8A==/lib/arm64/libjni_latinime.so (latinime::Dictionary::getSuggestions(latinime::ProximityInfo*, latinime::DicTraverseSession*, int*, int*, int*, int*, int*, int, latinime::NgramContext const*, latinime::SuggestOptions const*, float, latinime::SuggestionResults*) const+104) (BuildId: 8d76756a997f3dfd1fecc1bfb186b1b8aa252cdd)
06-02 14:21:03.052  2361  2361 F DEBUG   :       #13 pc 000000000009fd58  /data/app/~~o0IDpf5dZyI1QwCvAigHGA==/com.vibekey.keyboard-ND4J-sNbdy9txQXN6K2k8A==/lib/arm64/libjni_latinime.so (BuildId: 8d76756a997f3dfd1fecc1bfb186b1b8aa252cdd)
06-02 14:21:03.052  2361  2361 F DEBUG   :       #14 pc 00000000002c2100  /apex/com.android.art/lib64/libart.so (art_quick_generic_jni_trampoline+144) (BuildId: 7087b2f2160bfbf3335d54ba9779e325)
06-02 14:21:03.052  2361  2361 F DEBUG   :       #15 pc 00000000006692dc  /apex/com.android.art/lib64/libart.so (nterp_helper+3852) (BuildId: 7087b2f2160bfbf3335d54ba9779e325)
06-02 14:21:03.052  2361  2361 F DEBUG   :       #16 pc 000000000022ef7e  /data/app/~~o0IDpf5dZyI1QwCvAigHGA==/com.vibekey.keyboard-ND4J-sNbdy9txQXN6K2k8A==/oat/arm64/base.vdex (com.android.inputmethod.latin.BinaryDictionary.d+546)
06-02 14:21:03.052  2361  2361 F DEBUG   :       #17 pc 0000000000669a28  /apex/com.android.art/lib64/libart.so (nterp_helper+5720) (BuildId: 7087b2f2160bfbf3335d54ba9779e325)
06-02 14:21:03.052  2361  2361 F DEBUG   :       #18 pc 0000000000aa67ae  /data/app/~~o0IDpf5dZyI1QwCvAigHGA==/com.vibekey.keyboard-ND4J-sNbdy9txQXN6K2k8A==/oat/arm64/base.vdex (t7.l.d+50)
06-02 14:21:03.052  2361  2361 F DEBUG   :       #19 pc 0000000000669a28  /apex/com.android.art/lib64/libart.so (nterp_helper+5720) (BuildId: 7087b2f2160bfbf3335d54ba9779e325)
06-02 14:21:03.052  2361  2361 F DEBUG   :       #20 pc 0000000000aa57be  /data/app/~~o0IDpf5dZyI1QwCvAigHGA==/com.vibekey.keyboard-ND4J-sNbdy9txQXN6K2k8A==/oat/arm64/base.vdex (t7.e.d+150)
06-02 14:21:03.052  2361  2361 F DEBUG   :       #21 pc 0000000000669a28  /apex/com.android.art/lib64/libart.so (nterp_helper+5720) (BuildId: 7087b2f2160bfbf3335d54ba9779e325)
06-02 14:21:03.052  2361  2361 F DEBUG   :       #22 pc 000000000057ff10  /data/app/~~o0IDpf5dZyI1QwCvAigHGA==/com.vibekey.keyboard-ND4J-sNbdy9txQXN6K2k8A==/oat/arm64/base.vdex (n7.p.h+216)
06-02 14:21:03.052  2361  2361 F DEBUG   :       #23 pc 0000000000669a28  /apex/com.android.art/lib64/libart.so (nterp_helper+5720) (BuildId: 7087b2f2160bfbf3335d54ba9779e325)
06-02 14:21:03.052  2361  2361 F DEBUG   :       #24 pc 000000000057fa9c  /data/app/~~o0IDpf5dZyI1QwCvAigHGA==/com.vibekey.keyboard-ND4J-sNbdy9txQXN6K2k8A==/oat/arm64/base.vdex (n7.p.g+384)
06-02 14:21:03.052  2361  2361 F DEBUG   :       #25 pc 0000000000669a28  /apex/com.android.art/lib64/libart.so (nterp_helper+5720) (BuildId: 7087b2f2160bfbf3335d54ba9779e325)
06-02 14:21:03.052  2361  2361 F DEBUG   :       #26 pc 0000000000586c8a  /data/app/~~o0IDpf5dZyI1QwCvAigHGA==/com.vibekey.keyboard-ND4J-sNbdy9txQXN6K2k8A==/oat/arm64/base.vdex (n7.k1.b+310)
06-02 14:21:03.052  2361  2361 F DEBUG   :       #27 pc 0000000000669a28  /apex/com.android.art/lib64/libart.so (nterp_helper+5720) (BuildId: 7087b2f2160bfbf3335d54ba9779e325)
06-02 14:21:03.052  2361  2361 F DEBUG   :       #28 pc 0000000000aad660  /data/app/~~o0IDpf5dZyI1QwCvAigHGA==/com.vibekey.keyboard-ND4J-sNbdy9txQXN6K2k8A==/oat/arm64/base.vdex (v7.b.l+1468)
06-02 14:21:03.052  2361  2361 F DEBUG   :       #29 pc 0000000000669324  /apex/com.android.art/lib64/libart.so (nterp_helper+3924) (BuildId: 7087b2f2160bfbf3335d54ba9779e325)
06-02 14:21:03.052  2361  2361 F DEBUG   :       #30 pc 0000000000582160  /data/app/~~o0IDpf5dZyI1QwCvAigHGA==/com.vibekey.keyboard-ND4J-sNbdy9txQXN6K2k8A==/oat/arm64/base.vdex (n7.v.run+72)
06-02 14:21:03.052  2361  2361 F DEBUG   :       #31 pc 000000000066a144  /apex/com.android.art/lib64/libart.so (nterp_helper+7540) (BuildId: 7087b2f2160bfbf3335d54ba9779e325)
06-02 14:21:03.052  2361  2361 F DEBUG   :       #32 pc 0000000000aaa7e2  /data/app/~~o0IDpf5dZyI1QwCvAigHGA==/com.vibekey.keyboard-ND4J-sNbdy9txQXN6K2k8A==/oat/arm64/base.vdex (v7.d.handleMessage+18)
06-02 14:21:03.052  2361  2361 F DEBUG   :       #33 pc 000000000205b2d4  /memfd:jit-zygote-cache (deleted)
06-02 14:21:04.230  2389  2389 E ibekey.keyboar: Unknown bits set in runtime_flags: 0x40000000
06-02 14:21:04.328  2389  2389 W f0      : Could not load system glide typing library jni_latinimegoogle: dlopen failed: library "libjni_latinimegoogle.so" not found
06-02 14:21:04.422  2389  2389 W u       : No editor info for this field. Bug?
06-02 14:21:04.454  2389  2389 W ibekey.keyboar: ClassLoaderContext classpath size mismatch. expected=1, found=0 (DLC[];PCL[base.apk*4009363210]{PCL[/system/framework/org.apache.http.legacy.jar*3034548894]#PCL[/apex/com.android.extservices/javalib/android.ext.adservices.jar*3839736497]#PCL[/system/framework/com.android.location.provider.jar*3633238672]#PCL[/system/framework/com.android.media.remotedisplay.jar*3472798123]#PCL[/apex/com.android.extservices/javalib/android.ext.adservices.jar*3839736497]} | DLC[];PCL[])
06-02 14:21:04.461  2389  2389 W System  : ClassLoader referenced unknown path: 
06-02 14:21:04.465  2389  2389 W ibekey.keyboar: ClassLoaderContext classpath element checksum mismatch. expected=4009363210, found=860287709 (DLC[];PCL[base.apk*4009363210]{PCL[/system/framework/org.apache.http.legacy.jar*3034548894]#PCL[/apex/com.android.extservices/javalib/android.ext.adservices.jar*3839736497]#PCL[/system/framework/com.android.location.provider.jar*3633238672]#PCL[/system/framework/com.android.media.remotedisplay.jar*3472798123]#PCL[/apex/com.android.extservices/javalib/android.ext.adservices.jar*3839736497]} | DLC[];PCL[/data/app/~~o0IDpf5dZyI1QwCvAigHGA==/com.vibekey.keyboard-ND4J-sNbdy9txQXN6K2k8A==/base.apk*860287709]{PCL[/apex/com.android.extservices/javalib/android.ext.adservices.jar*3839736497]})
06-02 14:21:04.523  2389  2389 E ibekey.keyboar: ofbOpen failed with error=No such file or directory
06-02 14:21:04.523  2389  2389 E ibekey.keyboar: sysOpen failed with error=No such file or directory
06-02 14:21:04.560  2389  2389 E MultiApp.Impl: OplusMultiAppImpl
06-02 14:21:04.640  2389  2612 W libc    : Access denied finding property "ro.vendor.api_level"
06-02 14:21:04.646  2389  2389 W chromium: [WARNING:android_webview/browser/network_service/net_helpers.cc:137] HTTP Cache size is: 20971520
06-02 14:21:04.702  2389  2537 W Ads     : Update ad debug logging enablement as false
06-02 14:21:04.709  2389  2663 W libc    : Access denied finding property "vendor.camera.aux.packagelist"
06-02 14:21:04.709  2389  2663 W libc    : Access denied finding property "vendor.camera.aux.packagelist"
06-02 14:21:04.711  2389  2503 W libc    : Access denied finding property "vendor.camera.aux.packagelist"
06-02 14:21:04.718  2389  2389 E OplusCustomizeRestrictionManager: sInstance is null, start a new sInstance
06-02 14:21:04.984  2389  2613 W cr_media: BLUETOOTH_CONNECT permission is missing.
06-02 14:21:04.985  2389  2613 W cr_media: getBluetoothAdapter() requires BLUETOOTH permission
06-02 14:21:04.985  2389  2613 W cr_media: registerBluetoothIntentsIfNeeded: Requires BLUETOOTH permission
