=== VibeKey 4.5.155 (4523) ===

--------- beginning of system
07-23 11:29:35.961 31716 31716 E OplusCustomizeRestrictionManager: sInstance is null, start a new sInstance
--------- beginning of main
07-23 11:31:04.870 31716 31716 W VkStall : MAIN-THREAD STALL 121ms during: >>>>> Dispatching to Handler (android.os.Handler) {99c762a} b9.k@bd0250d: 0
07-23 11:31:05.076 31716 31716 I VkTyping: ○ hidden
07-23 11:31:05.638 31716 31716 W VkStall : MAIN-THREAD STALL 455ms (imeHideInProgress) during: >>>>> Dispatching to Handler (android.os.Handler) {99c762a} b9.k@72d219d: 0
07-23 11:31:05.804 31716 31716 I VkTyping: ▶ open restart=false pkg=len=20 inputType=589825
07-23 11:31:06.026 31716 31716 W VkStall : MAIN-THREAD STALL 231ms during: >>>>> Dispatching to Handler (com.android.internal.os.HandlerCaller$MyHandler) {6eef9c5} null: 60
07-23 11:31:06.045 31716 31716 I VkKeyPreview: placerSync parent=FrameLayout wrapperW=1440 placerW=1440
07-23 11:31:06.100 31716 31716 I VkFastTyping: async fetch style=1 seq=-1
07-23 11:31:06.129 31716 32368 W VibeKeyProfiler: Slow Native Suggest: Total=26.43ms | Init=1.69ms | TrieExpand(x40)=24.71ms | Scoring=0.03ms | inputSize=41
07-23 11:31:06.131 31716 32368 I VkSuggestions: decode typedLen=41 candidates=18 locales=1 28,7ms
07-23 11:31:06.131 31716 32368 W VkSuggestions: slow frame 28,7ms locales=1 typedLen=41 candidates=18
07-23 11:31:06.137 31716 32368 I VkSuggestions: strip composing typedLen=41 candidates=19 autocorrect=false top=len=41 locale=en token=351 gen=4
07-23 11:31:06.138 31716 31716 I VkStripPipeline: setSuggestions composing size=19 style=1 token=351 gen=4 typed=len=41
07-23 11:31:06.144 31716 31716 I VkSuggestions: stripUi prediction=false children=5 [len=41|len=3|len=3]
07-23 11:31:06.144 31716 31716 I VkStripPipeline: slotBind composing children=5 [len=41|len=3|len=3]
07-23 11:31:06.268 31716 32368 I VkSuggestions: decode typedLen=41 candidates=0 locales=1 0,4ms
07-23 11:31:06.269 31716 32368 I VkSuggestions: strip composing typedLen=41 candidates=1 autocorrect=false top=len=41 locale=en token=351 gen=4
07-23 11:31:06.269 31716 31716 I VkStripPipeline: setSuggestions composing size=1 style=1 token=351 gen=4 typed=len=41
07-23 11:31:06.271 31716 31716 I VkSuggestions: stripUi prediction=false children=1 [len=41]
07-23 11:31:06.271 31716 31716 I VkStripPipeline: slotBind composing children=1 [len=41]
07-23 11:31:06.465 31716 31716 I VkTyping: ▶ open restart=true pkg=len=20 inputType=589825
07-23 11:31:06.567 31716 31716 I VkKeyPreview: placerSync parent=FrameLayout wrapperW=1440 placerW=1440
07-23 11:31:06.787 31716 31716 I VkKeyPreview: placerSync parent=FrameLayout wrapperW=1440 placerW=1440
07-23 11:31:06.824 31748 31748 W DefaultDispatch: type=1400 audit(0.0:288088): avc: denied { read } for name="/" dev="dm-0" ino=2 scontext=u:r:untrusted_app:s0:c59,c273,c512,c768 tcontext=u:object_r:rootfs:s0 tclass=dir permissive=0 app=com.vibekey.keyboard
07-23 11:31:06.824 31748 31748 W DefaultDispatch: type=1400 audit(0.0:288089): avc: denied { read } for name="/" dev="dm-0" ino=2 scontext=u:r:untrusted_app:s0:c59,c273,c512,c768 tcontext=u:object_r:rootfs:s0 tclass=dir permissive=0 app=com.vibekey.keyboard
07-23 11:31:06.824 31748 31748 W DefaultDispatch: type=1400 audit(0.0:288090): avc: denied { read } for name="/" dev="dm-0" ino=2 scontext=u:r:untrusted_app:s0:c59,c273,c512,c768 tcontext=u:object_r:rootfs:s0 tclass=dir permissive=0 app=com.vibekey.keyboard
07-23 11:31:06.824 31748 31748 W DefaultDispatch: type=1400 audit(0.0:288091): avc: denied { read } for name="/" dev="dm-0" ino=2 scontext=u:r:untrusted_app:s0:c59,c273,c512,c768 tcontext=u:object_r:rootfs:s0 tclass=dir permissive=0 app=com.vibekey.keyboard
07-23 11:31:07.286 31716 31716 I VkKeyPreview: show key=printable instant=true pool showing=1 free=1
07-23 11:31:07.286 31716 31716 I VkKeyPreview: popupAnim key=printable type=instant dur=0ms scale=1.0
07-23 11:31:07.386 31716 31716 I VkKeyPreview: dismiss key=printable reason=release_anim pool showing=0 free=2
07-23 11:31:07.386 31716 31716 I VkKeyPress: keys pressed=333
07-23 11:31:07.468 31716 31741 I OnDeviceAssist: ▶ assist_ipc task=topic_tags in=1 chars
07-23 11:31:07.479 31716 31716 I VkKeyPreview: show key=printable instant=true pool showing=1 free=1
07-23 11:31:07.480 31716 31716 I VkKeyPreview: popupAnim key=printable type=instant dur=0ms scale=1.0
07-23 11:31:07.507 31716 32368 W VibeKeyProfiler: Slow Native Suggest: Total=13.43ms | Init=0.23ms | TrieExpand(x20)=13.18ms | Scoring=0.02ms | inputSize=1
07-23 11:31:07.508 31716 32368 I VkSuggestions: decode typedLen=1 candidates=18 locales=1 13,8ms
07-23 11:31:07.512 31716 32368 I VkSuggestions: strip composing typedLen=1 candidates=19 autocorrect=false top=len=1 locale=en token=353 gen=4
07-23 11:31:07.512 31716 31716 I VkStripPipeline: setSuggestions composing size=19 style=1 token=353 gen=4 typed=len=1
07-23 11:31:07.521 31716 31716 I VkSuggestions: stripUi prediction=false children=5 [len=1|len=1|len=4]
07-23 11:31:07.521 31716 31716 I VkStripPipeline: slotBind composing children=5 [len=1|len=1|len=4]
07-23 11:31:07.586 31716 31716 I VkKeyPreview: dismiss key=printable reason=release_anim pool showing=0 free=2
07-23 11:31:07.623 31716 31716 I VkKeyPreview: show key=printable instant=true pool showing=1 free=1
07-23 11:31:07.623 31716 31716 I VkKeyPreview: popupAnim key=printable type=instant dur=0ms scale=1.0
07-23 11:31:07.694 31716 32368 I VkSuggestions: decode typedLen=2 candidates=18 locales=1 3,7ms
07-23 11:31:07.709 31716 32368 I VkSuggestions: strip composing typedLen=2 candidates=18 autocorrect=false top=len=2 locale=en token=354 gen=4
07-23 11:31:07.709 31716 31716 I VkStripPipeline: setSuggestions composing size=18 style=1 token=354 gen=4 typed=len=2
07-23 11:31:07.710 31716 31716 I VkSuggestions: stripUi prediction=false children=5 [len=2|len=2|len=2]
07-23 11:31:07.710 31716 31716 I VkStripPipeline: slotBind composing children=5 [len=2|len=2|len=2]
07-23 11:31:07.711 31716 31716 I VkKeyPreview: show key=printable instant=true pool showing=2 free=0
07-23 11:31:07.712 31716 31716 I VkKeyPreview: popupAnim key=printable type=instant dur=0ms scale=1.0
07-23 11:31:07.738 31716 31716 I VkKeyPreview: dismiss key=printable reason=release_anim pool showing=1 free=1
07-23 11:31:07.778 31716 31716 I VkKeyPreview: dismiss key=printable reason=release_anim pool showing=0 free=2
07-23 11:31:07.851 31748 31767 I OnDeviceAssist: warm ok model=qwen2.5-0.5b-instruct-q4_0.gguf ambient=327 chars 991ms
07-23 11:31:07.855 31748 31767 I OnDeviceAssist: dispatch task=topic_tags in=1 chars engine=Ready
07-23 11:31:07.858 31748 31767 I OnDeviceAssist: ▶ runSync task=topic_tags in=1 chars locale=en
07-23 11:31:07.860 31748 31767 I OnDeviceAssist: → llm task=topic_tags model=qwen2.5-0.5b-instruct-q4_0.gguf temp=0.22 maxTok=33
07-23 11:31:07.863 31716 31716 I VkKeyPreview: show key=printable instant=true pool showing=1 free=1
07-23 11:31:07.863 31716 31716 I VkKeyPreview: popupAnim key=printable type=instant dur=0ms scale=1.0
07-23 11:31:07.885 31716 32368 I VkSuggestions: decode typedLen=4 candidates=18 locales=1 3,1ms
07-23 11:31:07.886 31716 32368 I VkTextCorrection: threshold len=4→len=4 score=0,000 thr=0,140 ○
07-23 11:31:07.886 31716 32368 I VkSuggestions: strip composing typedLen=4 candidates=19 autocorrect=false top=len=4 locale=en token=356 gen=4
07-23 11:31:07.886 31716 31716 I VkStripPipeline: setSuggestions composing size=19 style=1 token=356 gen=4 typed=len=4
07-23 11:31:07.888 31716 31716 I VkSuggestions: stripUi prediction=false children=5 [len=4|len=4|len=4]
07-23 11:31:07.888 31716 31716 I VkStripPipeline: slotBind composing children=5 [len=4|len=4|len=4]
07-23 11:31:07.962 31716 31716 I VkKeyPreview: dismiss key=printable reason=release_anim pool showing=0 free=2
07-23 11:31:08.017 31716 31716 I VkKeyPreview: show key=printable instant=true pool showing=1 free=1
07-23 11:31:08.017 31716 31716 I VkKeyPreview: popupAnim key=printable type=instant dur=0ms scale=1.0
07-23 11:31:08.093 31716 32368 W VibeKeyProfiler: Slow Native Suggest: Total=10.29ms | Init=0.19ms | TrieExpand(x11)=10.05ms | Scoring=0.05ms | inputSize=5
07-23 11:31:08.094 31716 32368 I VkSuggestions: decode typedLen=5 candidates=18 locales=1 11,3ms
07-23 11:31:08.095 31716 32368 I VkTextCorrection: threshold len=5→len=5 score=0,000 thr=0,140 ○
07-23 11:31:08.097 31716 32368 I VkSuggestions: strip composing typedLen=5 candidates=19 autocorrect=false top=len=5 locale=en token=357 gen=4
07-23 11:31:08.097 31716 31716 I VkStripPipeline: setSuggestions composing size=19 style=1 token=357 gen=4 typed=len=5
07-23 11:31:08.099 31716 31716 I VkSuggestions: stripUi prediction=false children=5 [len=5|len=5|len=4]
07-23 11:31:08.099 31716 31716 I VkStripPipeline: slotBind composing children=5 [len=5|len=5|len=4]
07-23 11:31:08.123 31716 31716 I VkKeyPreview: dismiss key=printable reason=release_anim pool showing=0 free=2
07-23 11:31:08.245 31716 32368 W VibeKeyProfiler: Slow Native Suggest: Total=11.93ms | Init=0.30ms | TrieExpand(x8)=11.58ms | Scoring=0.05ms | inputSize=6
07-23 11:31:08.247 31716 32368 I VkSuggestions: decode typedLen=6 candidates=18 locales=1 13,9ms
07-23 11:31:08.252 31716 32368 I VkTextCorrection: threshold len=6→len=6 score=0,000 thr=0,140 ○
07-23 11:31:08.256 31716 32368 I VkSuggestions: strip composing typedLen=6 candidates=19 autocorrect=false top=len=6 locale=en token=357 gen=4
07-23 11:31:08.256 31716 31716 I VkStripPipeline: setSuggestions composing size=19 style=1 token=357 gen=4 typed=len=6
07-23 11:31:08.260 31716 31716 I VkSuggestions: stripUi prediction=false children=5 [len=6|len=3|len=1]
07-23 11:31:08.260 31716 31716 I VkStripPipeline: slotBind composing children=5 [len=6|len=3|len=1]
07-23 11:31:08.748 31716 31716 I VkEffects: reload keyPress=scale popup=fade popupFx=true blur=0px glow=false stickers=true
07-23 11:31:08.993 31716 31716 W VkStall : MAIN-THREAD STALL 264ms during: >>>>> Dispatching to Handler (android.os.Handler) {99c762a} b9.k@a9144a: 0
07-23 11:31:09.003 31716 31716 I VkKeyPress: strip pick code=-10060
07-23 11:31:09.010 31716 31716 I VkPanels: ▶ open ai_theme
07-23 11:31:09.151 31716 31716 W VkStall : MAIN-THREAD STALL 148ms during: >>>>> Dispatching to Handler (android.view.ViewRootImpl$ViewRootHandler) {91c22d4} android.view.View$PerformClick@e063d08: 0
07-23 11:31:09.213 31716 31716 I VkKeyPreview: placerSync parent=FrameLayout wrapperW=1440 placerW=1440
07-23 11:31:09.233 31716  1076 W ServiceBindIntentUtils: Dynamic lookup for intent failed for action: com.google.android.gms.ads.service.CACHE
07-23 11:31:09.303 31716  4251 W ServiceBindIntentUtils: Dynamic lookup for intent failed for action: com.google.android.gms.ads.service.START
07-23 11:31:09.330 31716  4229 W Ads     : Not retrying to fetch app settings
07-23 11:31:09.921 31716 31716 I VkKeyPreview: show key=printable instant=true pool showing=1 free=0
07-23 11:31:09.921 31716 31716 I VkKeyPreview: popupAnim key=printable type=instant dur=0ms scale=1.0
07-23 11:31:09.992 31716 31716 I VkKeyPreview: dismiss key=printable reason=release_anim pool showing=0 free=1
07-23 11:31:10.095 31716 31716 I VkKeyPreview: show key=printable instant=true pool showing=1 free=0
07-23 11:31:10.095 31716 31716 I VkKeyPreview: popupAnim key=printable type=instant dur=0ms scale=1.0
07-23 11:31:10.195 31716 31716 I VkKeyPreview: dismiss key=printable reason=release_anim pool showing=0 free=1
07-23 11:31:10.291 31716 31716 I VkKeyPreview: show key=printable instant=true pool showing=1 free=0
07-23 11:31:10.291 31716 31716 I VkKeyPreview: popupAnim key=printable type=instant dur=0ms scale=1.0
07-23 11:31:10.375 31716 31716 I VkKeyPreview: dismiss key=printable reason=release_anim pool showing=0 free=1
07-23 11:31:10.426 31716 31716 I VkKeyPreview: show key=printable instant=true pool showing=1 free=0
07-23 11:31:10.426 31716 31716 I VkKeyPreview: popupAnim key=printable type=instant dur=0ms scale=1.0
07-23 11:31:10.543 31716 31716 I VkKeyPreview: show key=printable instant=true pool showing=2 free=0
07-23 11:31:10.543 31716 31716 I VkKeyPreview: popupAnim key=printable type=instant dur=0ms scale=1.0
07-23 11:31:10.543 31716 31716 I VkKeyPreview: dismiss key=printable reason=release_anim pool showing=1 free=1
07-23 11:31:10.543 31716 31716 I VkKeyPress: keys pressed=342
07-23 11:31:10.632 31716 31716 I VkKeyPreview: dismiss key=printable reason=release_anim pool showing=0 free=2
07-23 11:31:10.714 31716 31716 I VkKeyPreview: show key=printable instant=true pool showing=1 free=1
07-23 11:31:10.714 31716 31716 I VkKeyPreview: popupAnim key=printable type=instant dur=0ms scale=1.0
07-23 11:31:10.801 31716 31716 I VkKeyPreview: dismiss key=printable reason=release_anim pool showing=0 free=2
07-23 11:31:10.814 31716 31716 I VkKeyPreview: show key=printable instant=true pool showing=1 free=1
07-23 11:31:10.814 31716 31716 I VkKeyPreview: popupAnim key=printable type=instant dur=0ms scale=1.0
07-23 11:31:10.918 31716 31716 I VkKeyPreview: dismiss key=printable reason=release_anim pool showing=0 free=2
07-23 11:31:11.074 31748 31767 I OnDeviceAssist: ✓ llm task=topic_tags 3214ms out=99 chars
07-23 11:31:11.076 31748 31767 I OnDeviceAssist: done task=topic_tags 3598ms out=99 chars
07-23 11:31:11.076 31716  3848 I OnDeviceAssist: ✓ assist (ime) task=topic_tags 3613ms in=1 out=99
07-23 11:31:11.448 31716 31716 I VkKeyPress: strip pick code=-10060
07-23 11:31:11.455 31716 31716 I VkPanels: ○ close ai_theme
07-23 11:31:11.463 31716 31716 I VkEffects: reload keyPress=scale popup=none popupFx=true blur=80px glow=true stickers=true
07-23 11:31:11.559 31716 31716 I VkKeyPreview: placerSync parent=FrameLayout wrapperW=1440 placerW=1440
07-23 11:31:11.631 31716 31946 E chromium: [ERROR:net/socket/ssl_client_socket_impl.cc:963] handshake failed; returned -1, SSL error code 1, net_error -101
07-23 11:31:11.681 31716 31716 W Ads     : GET LOCATION COMPILED
07-23 11:31:11.722 31716 31946 E chromium: [ERROR:net/socket/ssl_client_socket_impl.cc:963] handshake failed; returned -1, SSL error code 1, net_error -101
07-23 11:31:11.966 31716 31716 I VkKeyPreview: show key=printable instant=true pool showing=1 free=1
07-23 11:31:11.967 31716 31716 I VkKeyPreview: popupAnim key=printable type=instant dur=0ms scale=1.0
07-23 11:31:11.992 31716 31716 E Ads     : JS: Refused to get unsafe header "X-Afma-Gcache-IsGcacheHit" (https://www.gstatic.com/mysidia/de28559923ac1e0d0f3fe91ec2f8fac0.js?tag=addon/rewarded_brand_video:683)
07-23 11:31:12.000 31716 31716 E Ads     : JS: Refused to get unsafe header "X-Afma-Gcache-IsGcacheHit" (https://www.gstatic.com/mysidia/de28559923ac1e0d0f3fe91ec2f8fac0.js?tag=addon/rewarded_brand_video:683)
07-23 11:31:12.015 31716 31716 I VkKeyPreview: dismiss key=printable reason=release_anim pool showing=0 free=2
07-23 11:31:12.103 31716 31934 W libc    : Access denied finding property "vendor.oplus.media.vpp.stutter"
07-23 11:31:12.106 31716 31934 E MULTIMEDIAConfig: [getInt32:L80] Not find config, Returning default
07-23 11:31:12.106 31716 31934 E MULTIMEDIAConfig: [getInt32:L80] Not find config, Returning default
07-23 11:31:12.106 31716 31934 E OplusACodec: [OplusACodec:204] mSrOsieMMListCheckResult:0x0 mOsieVersion:1
07-23 11:31:12.121 31716 31716 I VkKeyPreview: show key=printable instant=true pool showing=1 free=1
07-23 11:31:12.121 31716 31716 I VkKeyPreview: popupAnim key=printable type=instant dur=0ms scale=1.0
07-23 11:31:12.143 31716 32368 I VkNgram : merge locale=en prev=len=7 preds=8 contextual=0 assets=true
07-23 11:31:12.145 31716 32368 I VkTextCorrection: rerank prediction head len=3→len=1
07-23 11:31:12.150 31716 32368 I VkSuggestions: strip prediction typedLen=0 candidates=3 autocorrect=false top=len=1 locale=en token=369 gen=4
07-23 11:31:12.150 31716 31716 I VkStripPipeline: setSuggestions prediction size=3 style=6 token=369 gen=4
07-23 11:31:12.157 31716 31716 I VkSuggestions: stripUi prediction=true children=5 [len=2|len=1|len=3]
07-23 11:31:12.157 31716 31716 I VkStripPipeline: slotBind prediction children=5 [len=2|len=1|len=3]
07-23 11:31:12.204 31716 31716 I VkKeyPreview: dismiss key=printable reason=release_anim pool showing=0 free=2
07-23 11:31:12.204 31716  4553 E OplusACodec: [GetVideoCodingTypeFromMime:L1162] mime:video/x-vnd.on2.vp9
07-23 11:31:12.282 31716 31716 I VkKeyPreview: show key=printable instant=true pool showing=1 free=1
07-23 11:31:12.282 31716 31716 I VkKeyPreview: popupAnim key=printable type=instant dur=0ms scale=1.0
07-23 11:31:12.317 31716 32368 I VkNgram : merge locale=en prev=len=8 preds=8 contextual=0 assets=true
07-23 11:31:12.318 31716 32368 I VkSuggestions: strip prediction typedLen=0 candidates=3 autocorrect=false top=len=3 locale=en token=370 gen=4
07-23 11:31:12.318 31716 31716 I VkStripPipeline: setSuggestions prediction size=3 style=6 token=370 gen=4
07-23 11:31:12.319 31716 31716 I VkSuggestions: stripUi prediction=true children=5 [len=2|len=3|len=1]
07-23 11:31:12.319 31716 31716 I VkStripPipeline: slotBind prediction children=5 [len=2|len=3|len=1]
07-23 11:31:12.348 31716 31716 I VkKeyPreview: show key=printable instant=true pool showing=2 free=0
07-23 11:31:12.349 31716 31716 I VkKeyPreview: popupAnim key=printable type=instant dur=0ms scale=1.0
07-23 11:31:12.369 31716 31935 W cr_MediaCodecBridge: Releasing: OMX.qcom.video.decoder.vp9
07-23 11:31:12.371 31716  4551 E ExtensionsLoader: freeAllBuffers: 13 buffers were freed while being dequeued!
07-23 11:31:12.373 31716 31935 W cr_MediaCodecBridge: Codec released
07-23 11:31:12.388 31716 31716 I VkKeyPreview: dismiss key=printable reason=release_anim pool showing=1 free=1
07-23 11:31:12.421 31716 31716 I VkKeyPreview: dismiss key=printable reason=release_anim pool showing=0 free=2
07-23 11:31:12.518 31716 31716 I VkKeyPreview: show key=printable instant=true pool showing=1 free=1
07-23 11:31:12.518 31716 31716 I VkKeyPreview: popupAnim key=printable type=instant dur=0ms scale=1.0
07-23 11:31:12.548 31716 32368 I VkNgram : merge locale=en prev=len=10 preds=8 contextual=0 assets=true
07-23 11:31:12.549 31716 32368 I VkSuggestions: strip prediction typedLen=0 candidates=3 autocorrect=false top=len=3 locale=en token=372 gen=4
07-23 11:31:12.549 31716 31716 I VkStripPipeline: setSuggestions prediction size=3 style=6 token=372 gen=4
07-23 11:31:12.550 31716 31716 I VkSuggestions: stripUi prediction=true children=5 [len=2|len=3|len=2]
07-23 11:31:12.550 31716 31716 I VkStripPipeline: slotBind prediction children=5 [len=2|len=3|len=2]
07-23 11:31:12.630 31716 31716 I VkKeyPreview: dismiss key=printable reason=release_anim pool showing=0 free=2
07-23 11:31:12.668 31716 31716 I VkKeyPreview: show key=printable instant=true pool showing=1 free=1
07-23 11:31:12.668 31716 31716 I VkKeyPreview: popupAnim key=printable type=instant dur=0ms scale=1.0
07-23 11:31:12.747 31716 32368 I VkNgram : merge locale=en prev=len=11 preds=8 contextual=0 assets=true
07-23 11:31:12.747 31716 32368 I VkTextCorrection: rerank prediction head len=3→len=2
07-23 11:31:12.747 31716 32368 I VkSuggestions: strip prediction typedLen=0 candidates=3 autocorrect=false top=len=2 locale=en token=373 gen=4
07-23 11:31:12.748 31716 31716 I VkStripPipeline: setSuggestions prediction size=3 style=6 token=373 gen=4
07-23 11:31:12.748 31716 31716 I VkSuggestions: stripUi prediction=true children=5 [len=3|len=2|len=2]
07-23 11:31:12.748 31716 31716 I VkStripPipeline: slotBind prediction children=5 [len=3|len=2|len=2]
07-23 11:31:12.773 31716 31716 I VkKeyPreview: dismiss key=printable reason=release_anim pool showing=0 free=2
07-23 11:31:12.781 31716 31716 I VkKeyPreview: show key=printable instant=true pool showing=1 free=1
07-23 11:31:12.781 31716 31716 I VkKeyPreview: popupAnim key=printable type=instant dur=0ms scale=1.0
07-23 11:31:12.872 31716 31716 I VkKeyPreview: dismiss key=printable reason=release_anim pool showing=0 free=2
07-23 11:31:12.951 31716 31716 I VkKeyPreview: show key=printable instant=true pool showing=1 free=1
07-23 11:31:12.952 31716 31716 I VkKeyPreview: popupAnim key=printable type=instant dur=0ms scale=1.0
07-23 11:31:12.980 31716 32368 I VkNgram : merge locale=en prev=len=13 preds=8 contextual=0 assets=true
07-23 11:31:12.981 31716 32368 I VkTextCorrection: rerank prediction head len=3→len=2
07-23 11:31:12.981 31716 32368 I VkSuggestions: strip prediction typedLen=0 candidates=3 autocorrect=false top=len=2 locale=en token=375 gen=4
07-23 11:31:12.981 31716 31716 I VkStripPipeline: setSuggestions prediction size=3 style=6 token=375 gen=4
07-23 11:31:12.982 31716 31716 I VkSuggestions: stripUi prediction=true children=5 [len=1|len=2|len=2]
07-23 11:31:12.982 31716 31716 I VkStripPipeline: slotBind prediction children=5 [len=1|len=2|len=2]
07-23 11:31:13.055 31716 31716 I VkKeyPreview: dismiss key=printable reason=release_anim pool showing=0 free=2
07-23 11:31:13.066 31716 31716 I VkKeyPreview: show key=printable instant=true pool showing=1 free=1
07-23 11:31:13.066 31716 31716 I VkKeyPreview: popupAnim key=printable type=instant dur=0ms scale=1.0
07-23 11:31:13.165 31716 32368 I VkNgram : merge locale=en prev=len=14 preds=8 contextual=0 assets=true
07-23 11:31:13.167 31716 32368 I VkTextCorrection: rerank prediction head len=3→len=1
07-23 11:31:13.168 31716 32368 I VkSuggestions: strip prediction typedLen=0 candidates=3 autocorrect=false top=len=1 locale=en token=376 gen=4
07-23 11:31:13.168 31716 31716 I VkStripPipeline: setSuggestions prediction size=3 style=6 token=376 gen=4
07-23 11:31:13.169 31716 31716 I VkSuggestions: stripUi prediction=true children=5 [len=2|len=1|len=3]
07-23 11:31:13.169 31716 31716 I VkStripPipeline: slotBind prediction children=5 [len=2|len=1|len=3]
07-23 11:31:13.189 31716 31716 I VkKeyPreview: dismiss key=printable reason=release_anim pool showing=0 free=2
07-23 11:31:13.206 31716 31716 I VkKeyPreview: show key=printable instant=true pool showing=1 free=1
07-23 11:31:13.206 31716 31716 I VkKeyPreview: popupAnim key=printable type=instant dur=0ms scale=1.0
07-23 11:31:13.289 31716 31716 I VkKeyPreview: dismiss key=printable reason=release_anim pool showing=0 free=2
07-23 11:31:13.399 31716 32368 I VkNgram : merge locale=en prev=len=16 preds=8 contextual=0 assets=true
07-23 11:31:13.400 31716 32368 I VkSuggestions: strip prediction typedLen=0 candidates=3 autocorrect=false top=len=3 locale=en token=377 gen=4
07-23 11:31:13.400 31716 31716 I VkStripPipeline: setSuggestions prediction size=3 style=6 token=377 gen=4
07-23 11:31:13.401 31716 31716 I VkSuggestions: stripUi prediction=true children=5 [len=2|len=3|len=1]
07-23 11:31:13.402 31716 31716 I VkStripPipeline: slotBind prediction children=5 [len=2|len=3|len=1]
07-23 11:31:14.034 31716 31716 W VkStall : MAIN-THREAD STALL 174ms during: >>>>> Dispatching to Handler (android.os.Handler) {99c762a} b9.k@7b6c3fe: 0
07-23 11:31:14.046 31716 31716 I VkKeyPress: strip pick code=-10070
07-23 11:31:14.061 31716 31716 I VkPanels: ▶ open menu
07-23 11:31:14.065 31716 31741 I VkLocaleAssets: ▶ batch source=menu_panel count=5 [cooldown]
07-23 11:31:14.125 31716 31716 I VkKeyPreview: placerSync parent=FrameLayout wrapperW=1440 placerW=1440
07-23 11:31:14.420 31716 31716 I VkKeyPreview: show key=printable instant=true pool showing=1 free=0
07-23 11:31:14.420 31716 31716 I VkKeyPreview: popupAnim key=printable type=instant dur=0ms scale=1.0
07-23 11:31:14.491 31716 31716 I VkKeyPreview: dismiss key=printable reason=release_anim pool showing=0 free=1
07-23 11:31:14.491 31716 31716 I VkKeyPress: keys pressed=356
07-23 11:31:14.594 31716 31716 I VkKeyPreview: show key=printable instant=true pool showing=1 free=0
07-23 11:31:14.594 31716 31716 I VkKeyPreview: popupAnim key=printable type=instant dur=0ms scale=1.0
07-23 11:31:14.600 31716 32368 I VkNgram : merge locale=en prev=len=17 preds=8 contextual=0 assets=true
07-23 11:31:14.601 31716 32368 I VkSuggestions: strip prediction typedLen=0 candidates=3 autocorrect=false top=len=3 locale=en token=380 gen=4
07-23 11:31:14.675 31716 31716 I VkKeyPreview: dismiss key=printable reason=release_anim pool showing=0 free=1
07-23 11:31:14.710 31716 31716 I VkKeyPreview: show key=printable instant=true pool showing=1 free=0
07-23 11:31:14.710 31716 31716 I VkKeyPreview: popupAnim key=printable type=instant dur=0ms scale=1.0
07-23 11:31:14.785 31716 32368 I VkNgram : merge locale=en prev=len=18 preds=8 contextual=0 assets=true
07-23 11:31:14.785 31716 32368 I VkTextCorrection: rerank prediction head len=3→len=2
07-23 11:31:14.785 31716 32368 I VkSuggestions: strip prediction typedLen=0 candidates=3 autocorrect=false top=len=2 locale=en token=381 gen=4
07-23 11:31:14.804 31716 31716 I VkKeyPreview: show key=printable instant=true pool showing=2 free=0
07-23 11:31:14.804 31716 31716 I VkKeyPreview: popupAnim key=printable type=instant dur=0ms scale=1.0
07-23 11:31:14.820 31716 31716 I VkKeyPreview: dismiss key=printable reason=release_anim pool showing=1 free=1
07-23 11:31:14.903 31716 31716 I VkKeyPreview: dismiss key=printable reason=release_anim pool showing=0 free=2
07-23 11:31:15.021 31716 32368 I VkNgram : merge locale=en prev=len=20 preds=8 contextual=0 assets=true
07-23 11:31:15.022 31716 32368 I VkTextCorrection: rerank prediction head len=3→len=2
07-23 11:31:15.023 31716 32368 I VkSuggestions: strip prediction typedLen=0 candidates=3 autocorrect=false top=len=2 locale=en token=382 gen=4
07-23 11:31:15.038 31716  4083 E ActivityThread: Failed to find provider info for com.oplus.statistics.provider
07-23 11:31:15.038 31716  4083 E OplusStatistics--: IllegalArgumentException:java.lang.IllegalArgumentException: Unknown URL content://com.oplus.statistics.provider/track_event
07-23 11:31:15.963 31716 31716 I VkKeyPress: strip pick code=-10070
07-23 11:31:15.963 31716 31716 I VkPanels: ○ close menu
07-23 11:31:17.073 31716 31716 I VkTyping: ○ hidden
07-23 11:31:17.895 31716 31716 I VkTyping: ▶ open restart=false pkg=len=20 inputType=589825
07-23 11:31:18.015 31716 31716 W VkStall : MAIN-THREAD STALL 128ms during: >>>>> Dispatching to Handler (com.android.internal.os.HandlerCaller$MyHandler) {6eef9c5} null: 60
07-23 11:31:18.033 31716 31716 I VkKeyPreview: placerSync parent=FrameLayout wrapperW=1440 placerW=1440
07-23 11:31:18.098 31716 32368 W VibeKeyProfiler: Slow Native Suggest: Total=13.91ms | Init=1.08ms | TrieExpand(x20)=12.81ms | Scoring=0.02ms | inputSize=20
07-23 11:31:18.098 31716 32368 I VkSuggestions: decode typedLen=20 candidates=18 locales=1 14,3ms
07-23 11:31:18.101 31716 32368 I VkSuggestions: strip composing typedLen=20 candidates=19 autocorrect=false top=len=20 locale=en token=385 gen=4
07-23 11:31:18.101 31716 31716 I VkStripPipeline: setSuggestions composing size=19 style=1 token=385 gen=4 typed=len=20
07-23 11:31:18.104 31716 31716 I VkSuggestions: stripUi prediction=false children=5 [len=20|len=5|len=5]
07-23 11:31:18.105 31716 31716 I VkStripPipeline: slotBind composing children=5 [len=20|len=5|len=5]
07-23 11:31:19.205 31716 31716 I VkKeyPreview: show key=printable instant=true pool showing=1 free=1
07-23 11:31:19.205 31716 31716 I VkKeyPreview: popupAnim key=printable type=instant dur=0ms scale=1.0
07-23 11:31:19.277 31716 31716 I VkKeyPreview: dismiss key=printable reason=release_anim pool showing=0 free=2
07-23 11:31:19.277 31716 31716 I VkKeyPress: keys pressed=360
07-23 11:31:19.388 31716 31716 I VkKeyPreview: show key=printable instant=true pool showing=1 free=1
07-23 11:31:19.388 31716 31716 I VkKeyPreview: popupAnim key=printable type=instant dur=0ms scale=1.0
07-23 11:31:19.405 31716 32368 W VibeKeyProfiler: Slow Native Suggest: Total=10.32ms | Init=0.21ms | TrieExpand(x21)=10.09ms | Scoring=0.02ms | inputSize=21
07-23 11:31:19.405 31716 32368 I VkSuggestions: decode typedLen=21 candidates=18 locales=1 10,7ms
07-23 11:31:19.408 31716 32368 I VkSuggestions: strip composing typedLen=21 candidates=19 autocorrect=false top=len=21 locale=en token=387 gen=4
07-23 11:31:19.408 31716 31716 I VkStripPipeline: setSuggestions composing size=19 style=1 token=387 gen=4 typed=len=21
07-23 11:31:19.410 31716 31716 I VkSuggestions: stripUi prediction=false children=5 [len=21|len=5|len=5]
07-23 11:31:19.410 31716 31716 I VkStripPipeline: slotBind composing children=5 [len=21|len=5|len=5]
07-23 11:31:19.461 31716 31716 I VkKeyPreview: dismiss key=printable reason=release_anim pool showing=0 free=2
07-23 11:31:19.533 31716 31716 I VkKeyPreview: show key=printable instant=true pool showing=1 free=1
07-23 11:31:19.533 31716 31716 I VkKeyPreview: popupAnim key=printable type=instant dur=0ms scale=1.0
07-23 11:31:19.566 31716 32368 I VkSuggestions: decode typedLen=22 candidates=18 locales=1 2,2ms
07-23 11:31:19.568 31716 32368 I VkSuggestions: strip composing typedLen=22 candidates=19 autocorrect=false top=len=22 locale=en token=388 gen=4
07-23 11:31:19.568 31716 31716 I VkStripPipeline: setSuggestions composing size=19 style=1 token=388 gen=4 typed=len=22
07-23 11:31:19.569 31716 31716 I VkSuggestions: stripUi prediction=false children=5 [len=22|len=5|len=5]
07-23 11:31:19.569 31716 31716 I VkStripPipeline: slotBind composing children=5 [len=22|len=5|len=5]
07-23 11:31:19.571 31716 31716 I VkKeyPreview: show key=printable instant=true pool showing=2 free=0
07-23 11:31:19.571 31716 31716 I VkKeyPreview: popupAnim key=printable type=instant dur=0ms scale=1.0
07-23 11:31:19.590 31748 31767 I OnDeviceAssist: warm ok model=qwen2.5-0.5b-instruct-q4_0.gguf ambient=53 chars 783ms
07-23 11:31:19.646 31716 31716 I VkKeyPreview: dismiss key=printable reason=release_anim pool showing=1 free=1
07-23 11:31:19.647 31716 31716 I VkKeyPreview: dismiss key=printable reason=release_anim pool showing=0 free=2
07-23 11:31:19.716 31716 31716 I VkKeyPreview: show key=printable instant=true pool showing=1 free=1
07-23 11:31:19.716 31716 31716 I VkKeyPreview: popupAnim key=printable type=instant dur=0ms scale=1.0
07-23 11:31:19.764 31716 32368 I VkSuggestions: decode typedLen=24 candidates=18 locales=1 2,8ms
07-23 11:31:19.766 31716 32368 I VkSuggestions: strip composing typedLen=24 candidates=19 autocorrect=false top=len=24 locale=en token=390 gen=4
07-23 11:31:19.766 31716 31716 I VkStripPipeline: setSuggestions composing size=19 style=1 token=390 gen=4 typed=len=24
07-23 11:31:19.768 31716 31716 I VkSuggestions: stripUi prediction=false children=5 [len=24|len=5|len=5]
07-23 11:31:19.768 31716 31716 I VkStripPipeline: slotBind composing children=5 [len=24|len=5|len=5]
07-23 11:31:19.811 31716 31716 I VkKeyPreview: dismiss key=printable reason=release_anim pool showing=0 free=2
07-23 11:31:19.890 31716 31716 I VkKeyPreview: show key=printable instant=true pool showing=1 free=1
07-23 11:31:19.890 31716 31716 I VkKeyPreview: popupAnim key=printable type=instant dur=0ms scale=1.0
07-23 11:31:19.915 31716 32368 I VkSuggestions: decode typedLen=25 candidates=18 locales=1 1,4ms
07-23 11:31:19.917 31716 32368 I VkSuggestions: strip composing typedLen=25 candidates=19 autocorrect=false top=len=25 locale=en token=391 gen=4
07-23 11:31:19.917 31716 31716 I VkStripPipeline: setSuggestions composing size=19 style=1 token=391 gen=4 typed=len=25
07-23 11:31:19.919 31716 31716 I VkSuggestions: stripUi prediction=false children=5 [len=25|len=5|len=5]
07-23 11:31:19.919 31716 31716 I VkStripPipeline: slotBind composing children=5 [len=25|len=5|len=5]
07-23 11:31:19.996 31716 31716 I VkKeyPreview: dismiss key=printable reason=release_anim pool showing=0 free=2
07-23 11:31:20.033 31716 31716 I VkKeyPreview: show key=printable instant=true pool showing=1 free=1
07-23 11:31:20.033 31716 31716 I VkKeyPreview: popupAnim key=printable type=instant dur=0ms scale=1.0
07-23 11:31:20.100 31716 32368 I VkSuggestions: decode typedLen=26 candidates=18 locales=1 1,3ms
07-23 11:31:20.102 31716 32368 I VkSuggestions: strip composing typedLen=26 candidates=19 autocorrect=false top=len=26 locale=en token=392 gen=4
07-23 11:31:20.102 31716 31716 I VkStripPipeline: setSuggestions composing size=19 style=1 token=392 gen=4 typed=len=26
07-23 11:31:20.104 31716 31716 I VkSuggestions: stripUi prediction=false children=5 [len=26|len=5|len=5]
07-23 11:31:20.104 31716 31716 I VkStripPipeline: slotBind composing children=5 [len=26|len=5|len=5]
07-23 11:31:20.147 31716 31716 I VkKeyPreview: dismiss key=printable reason=release_anim pool showing=0 free=2
07-23 11:31:20.163 31716 31716 I VkKeyPreview: show key=printable instant=true pool showing=1 free=1
07-23 11:31:20.163 31716 31716 I VkKeyPreview: popupAnim key=printable type=instant dur=0ms scale=1.0
07-23 11:31:20.248 31716 31716 I VkKeyPreview: dismiss key=printable reason=release_anim pool showing=0 free=2
07-23 11:31:20.351 31716 31716 I VkKeyPreview: show key=printable instant=true pool showing=1 free=1
07-23 11:31:20.351 31716 31716 I VkKeyPreview: popupAnim key=printable type=instant dur=0ms scale=1.0
07-23 11:31:20.365 31716 32368 I VkSuggestions: decode typedLen=28 candidates=18 locales=1 2,1ms
07-23 11:31:20.367 31716 32368 I VkSuggestions: strip composing typedLen=28 candidates=19 autocorrect=false top=len=28 locale=en token=394 gen=4
07-23 11:31:20.367 31716 31716 I VkStripPipeline: setSuggestions composing size=19 style=1 token=394 gen=4 typed=len=28
07-23 11:31:20.369 31716 31716 I VkSuggestions: stripUi prediction=false children=5 [len=28|len=5|len=5]
07-23 11:31:20.369 31716 31716 I VkStripPipeline: slotBind composing children=5 [len=28|len=5|len=5]
07-23 11:31:20.430 31716 31716 I VkKeyPreview: dismiss key=printable reason=release_anim pool showing=0 free=2
07-23 11:31:20.517 31716 31716 I VkKeyPreview: show key=printable instant=true pool showing=1 free=1
07-23 11:31:20.517 31716 31716 I VkKeyPreview: popupAnim key=printable type=instant dur=0ms scale=1.0
07-23 11:31:20.535 31716 32368 I VkSuggestions: decode typedLen=29 candidates=18 locales=1 1,7ms
07-23 11:31:20.537 31716 32368 I VkSuggestions: strip composing typedLen=29 candidates=19 autocorrect=false top=len=29 locale=en token=395 gen=4
07-23 11:31:20.538 31716 31716 I VkStripPipeline: setSuggestions composing size=19 style=1 token=395 gen=4 typed=len=29
07-23 11:31:20.540 31716 31716 I VkSuggestions: stripUi prediction=false children=5 [len=29|len=5|len=5]
07-23 11:31:20.540 31716 31716 I VkStripPipeline: slotBind composing children=5 [len=29|len=5|len=5]
07-23 11:31:20.606 31716 31716 I VkKeyPreview: dismiss key=printable reason=release_anim pool showing=0 free=2
07-23 11:31:20.702 31716 31716 I VkKeyPreview: show key=printable instant=true pool showing=1 free=1
07-23 11:31:20.702 31716 31716 I VkKeyPreview: popupAnim key=printable type=instant dur=0ms scale=1.0
07-23 11:31:20.716 31716 32368 I VkSuggestions: decode typedLen=30 candidates=18 locales=1 1,9ms
07-23 11:31:20.718 31716 32368 I VkSuggestions: strip composing typedLen=30 candidates=19 autocorrect=false top=len=30 locale=en token=396 gen=4
07-23 11:31:20.718 31716 31716 I VkStripPipeline: setSuggestions composing size=19 style=1 token=396 gen=4 typed=len=30
07-23 11:31:20.720 31716 31716 I VkSuggestions: stripUi prediction=false children=5 [len=30|len=5|len=5]
07-23 11:31:20.720 31716 31716 I VkStripPipeline: slotBind composing children=5 [len=30|len=5|len=5]
07-23 11:31:20.791 31716 31716 I VkKeyPreview: dismiss key=printable reason=release_anim pool showing=0 free=2
07-23 11:31:20.877 31716 31716 I VkKeyPreview: show key=printable instant=true pool showing=1 free=1
07-23 11:31:20.877 31716 31716 I VkKeyPreview: popupAnim key=printable type=instant dur=0ms scale=1.0
07-23 11:31:20.896 31716 32368 I VkSuggestions: decode typedLen=31 candidates=18 locales=1 2,0ms
07-23 11:31:20.898 31716 32368 I VkSuggestions: strip composing typedLen=31 candidates=19 autocorrect=false top=len=31 locale=en token=397 gen=4
07-23 11:31:20.898 31716 31716 I VkStripPipeline: setSuggestions composing size=19 style=1 token=397 gen=4 typed=len=31
07-23 11:31:20.900 31716 31716 I VkSuggestions: stripUi prediction=false children=5 [len=31|len=5|len=5]
07-23 11:31:20.900 31716 31716 I VkStripPipeline: slotBind composing children=5 [len=31|len=5|len=5]
07-23 11:31:20.990 31716 31716 I VkKeyPreview: dismiss key=printable reason=release_anim pool showing=0 free=2
07-23 11:31:21.006 31716 31716 I VkKeyPreview: show key=printable instant=true pool showing=1 free=1
07-23 11:31:21.007 31716 31716 I VkKeyPreview: popupAnim key=printable type=instant dur=0ms scale=1.0
07-23 11:31:21.072 31716 31716 I VkKeyPreview: dismiss key=printable reason=release_anim pool showing=0 free=2
07-23 11:31:21.183 31716 32368 I VkSuggestions: decode typedLen=33 candidates=18 locales=1 6,9ms
07-23 11:31:21.188 31716 32368 I VkSuggestions: strip composing typedLen=33 candidates=19 autocorrect=false top=len=33 locale=en token=398 gen=4
07-23 11:31:21.188 31716 31716 I VkStripPipeline: setSuggestions composing size=19 style=1 token=398 gen=4 typed=len=33
07-23 11:31:21.192 31716 31716 I VkSuggestions: stripUi prediction=false children=5 [len=33|len=5|len=5]
07-23 11:31:21.192 31716 31716 I VkStripPipeline: slotBind composing children=5 [len=33|len=5|len=5]
07-23 11:31:21.195 31716 31716 I VkKeyPreview: show key=printable instant=true pool showing=1 free=1
07-23 11:31:21.195 31716 31716 I VkKeyPreview: popupAnim key=printable type=instant dur=0ms scale=1.0
07-23 11:31:21.249 31716 31716 I VkKeyPreview: dismiss key=printable reason=release_anim pool showing=0 free=2
07-23 11:31:21.362 31716 32368 I VkSuggestions: decode typedLen=34 candidates=18 locales=1 8,3ms
07-23 11:31:21.367 31716 32368 I VkSuggestions: strip composing typedLen=34 candidates=19 autocorrect=false top=len=34 locale=en token=399 gen=4
07-23 11:31:21.367 31716 31716 I VkStripPipeline: setSuggestions composing size=19 style=1 token=399 gen=4 typed=len=34
07-23 11:31:21.370 31716 31716 I VkSuggestions: stripUi prediction=false children=5 [len=34|len=5|len=5]
07-23 11:31:21.370 31716 31716 I VkStripPipeline: slotBind composing children=5 [len=34|len=5|len=5]
07-23 11:31:21.372 31716 31716 I VkKeyPreview: show key=printable instant=true pool showing=1 free=1
07-23 11:31:21.372 31716 31716 I VkKeyPreview: popupAnim key=printable type=instant dur=0ms scale=1.0
07-23 11:31:21.416 31716 31716 I VkKeyPreview: dismiss key=printable reason=release_anim pool showing=0 free=2
07-23 11:31:21.516 31716 31716 I VkKeyPreview: show key=printable instant=true pool showing=1 free=1
07-23 11:31:21.516 31716 31716 I VkKeyPreview: popupAnim key=printable type=instant dur=0ms scale=1.0
07-23 11:31:21.535 31716 32368 I VkSuggestions: decode typedLen=35 candidates=18 locales=1 2,7ms
07-23 11:31:21.537 31716 32368 I VkSuggestions: strip composing typedLen=35 candidates=19 autocorrect=false top=len=35 locale=en token=401 gen=4
07-23 11:31:21.537 31716 31716 I VkStripPipeline: setSuggestions composing size=19 style=1 token=401 gen=4 typed=len=35
07-23 11:31:21.538 31716 31716 I VkSuggestions: stripUi prediction=false children=5 [len=35|len=5|len=5]
07-23 11:31:21.538 31716 31716 I VkStripPipeline: slotBind composing children=5 [len=35|len=5|len=5]
07-23 11:31:21.573 31716 31716 I VkKeyPreview: dismiss key=printable reason=release_anim pool showing=0 free=2
07-23 11:31:21.641 31716 31716 I VkKeyPreview: show key=printable instant=true pool showing=1 free=1
07-23 11:31:21.641 31716 31716 I VkKeyPreview: popupAnim key=printable type=instant dur=0ms scale=1.0
07-23 11:31:21.678 31716 32368 I VkSuggestions: decode typedLen=36 candidates=18 locales=1 2,5ms
07-23 11:31:21.680 31716 32368 I VkSuggestions: strip composing typedLen=36 candidates=19 autocorrect=false top=len=36 locale=en token=402 gen=4
07-23 11:31:21.680 31716 31716 I VkStripPipeline: setSuggestions composing size=19 style=1 token=402 gen=4 typed=len=36
07-23 11:31:21.682 31716 31716 I VkSuggestions: stripUi prediction=false children=5 [len=36|len=5|len=5]
07-23 11:31:21.682 31716 31716 I VkStripPipeline: slotBind composing children=5 [len=36|len=5|len=5]
07-23 11:31:21.774 31716 31716 I VkKeyPreview: dismiss key=printable reason=release_anim pool showing=0 free=2
07-23 11:31:21.784 31716 31716 I VkKeyPreview: show key=printable instant=true pool showing=1 free=1
07-23 11:31:21.784 31716 31716 I VkKeyPreview: popupAnim key=printable type=instant dur=0ms scale=1.0
07-23 11:31:21.833 31716 31716 I VkKeyPreview: dismiss key=printable reason=release_anim pool showing=0 free=2
07-23 11:31:21.919 31716 31716 I VkKeyPreview: show key=printable instant=true pool showing=1 free=1
07-23 11:31:21.920 31716 31716 I VkKeyPreview: popupAnim key=printable type=instant dur=0ms scale=1.0
07-23 11:31:21.937 31716 32368 I VkSuggestions: decode typedLen=38 candidates=18 locales=1 3,1ms
07-23 11:31:21.939 31716 32368 I VkSuggestions: strip composing typedLen=38 candidates=19 autocorrect=false top=len=38 locale=en token=404 gen=4
07-23 11:31:21.940 31716 31716 I VkStripPipeline: setSuggestions composing size=19 style=1 token=404 gen=4 typed=len=38
07-23 11:31:21.941 31716 31716 I VkSuggestions: stripUi prediction=false children=5 [len=38|len=5|len=5]
07-23 11:31:21.941 31716 31716 I VkStripPipeline: slotBind composing children=5 [len=38|len=5|len=5]
07-23 11:31:22.033 31716 31716 I VkKeyPreview: dismiss key=printable reason=release_anim pool showing=0 free=2
07-23 11:31:22.059 31716 31716 I VkKeyPreview: show key=printable instant=true pool showing=1 free=1
07-23 11:31:22.059 31716 31716 I VkKeyPreview: popupAnim key=printable type=instant dur=0ms scale=1.0
07-23 11:31:22.139 31716 32368 I VkSuggestions: decode typedLen=39 candidates=18 locales=1 2,2ms
07-23 11:31:22.142 31716 32368 I VkSuggestions: strip composing typedLen=39 candidates=19 autocorrect=false top=len=39 locale=en token=405 gen=4
07-23 11:31:22.142 31716 31716 I VkStripPipeline: setSuggestions composing size=19 style=1 token=405 gen=4 typed=len=39
07-23 11:31:22.144 31716 31716 I VkSuggestions: stripUi prediction=false children=5 [len=39|len=5|len=5]
07-23 11:31:22.144 31716 31716 I VkStripPipeline: slotBind composing children=5 [len=39|len=5|len=5]
07-23 11:31:22.158 31716 31716 I VkKeyPreview: dismiss key=printable reason=release_anim pool showing=0 free=2
07-23 11:31:22.266 31716 32368 I VkSuggestions: decode typedLen=40 candidates=18 locales=1 5,3ms
07-23 11:31:22.272 31716 32368 I VkSuggestions: strip composing typedLen=40 candidates=19 autocorrect=false top=len=40 locale=en token=405 gen=4
07-23 11:31:22.273 31716 31716 I VkStripPipeline: setSuggestions composing size=19 style=1 token=405 gen=4 typed=len=40
07-23 11:31:22.277 31716 31716 I VkSuggestions: stripUi prediction=false children=5 [len=40|len=5|len=5]
07-23 11:31:22.277 31716 31716 I VkStripPipeline: slotBind composing children=5 [len=40|len=5|len=5]
07-23 11:31:22.866 31716 31716 I VkEffects: keyPressAnim burst=2 type=scale lastPhase=down
07-23 11:31:23.267 31716 31716 I VkKeyPress: keys pressed=380
07-23 11:31:25.391 31716 31716 W VkStall : MAIN-THREAD STALL 148ms during: >>>>> Dispatching to Handler (s8.t0) {d85373c} null: 1
07-23 11:31:25.495 31716 32368 I VkNgram : merge locale=en prev=len=0 preds=8 contextual=0 assets=true
07-23 11:31:25.496 31716 32368 I VkTextCorrection: rerank prediction head len=3→len=1
07-23 11:31:25.496 31716 32368 I VkSuggestions: strip prediction typedLen=0 candidates=3 autocorrect=false top=len=1 locale=en token=406 gen=4
07-23 11:31:25.507 31716 31716 I VkStripPipeline: setSuggestions prediction size=3 style=7 token=406 gen=4
07-23 11:31:25.510 31716 31716 I VkSuggestions: stripUi prediction=true children=5 [len=2|len=1|len=3]
07-23 11:31:25.510 31716 31716 I VkStripPipeline: slotBind prediction children=5 [len=2|len=1|len=3]
07-23 11:31:25.721 31716 31716 I VkKeyPreview: show key=printable instant=true pool showing=1 free=1
07-23 11:31:25.721 31716 31716 I VkKeyPreview: popupAnim key=printable type=instant dur=0ms scale=1.0
07-23 11:31:25.791 31716 31716 I VkKeyPreview: dismiss key=printable reason=release_anim pool showing=0 free=2
07-23 11:31:25.900 31716 32368 I VkSuggestions: decode typedLen=1 candidates=18 locales=1 6,8ms
07-23 11:31:25.901 31716 32368 I VkSuggestions: strip composing typedLen=1 candidates=19 autocorrect=false top=len=1 locale=en token=407 gen=4
07-23 11:31:25.901 31716 31716 I VkStripPipeline: setSuggestions composing size=19 style=1 token=407 gen=4 typed=len=1
07-23 11:31:25.902 31716 31716 I VkSuggestions: stripUi prediction=false children=5 [len=1|len=1|len=4]
07-23 11:31:25.902 31716 31716 I VkStripPipeline: slotBind composing children=5 [len=1|len=1|len=4]
07-23 11:31:25.904 31716 31716 I VkKeyPreview: show key=printable instant=true pool showing=1 free=1
07-23 11:31:25.904 31716 31716 I VkKeyPreview: popupAnim key=printable type=instant dur=0ms scale=1.0
07-23 11:31:26.000 31716 31716 I VkKeyPreview: dismiss key=printable reason=release_anim pool showing=0 free=2
07-23 11:31:26.094 31716 31716 I VkKeyPreview: show key=printable instant=true pool showing=1 free=1
07-23 11:31:26.094 31716 31716 I VkKeyPreview: popupAnim key=printable type=instant dur=0ms scale=1.0
07-23 11:31:26.111 31716 32368 I VkSuggestions: decode typedLen=2 candidates=18 locales=1 2,5ms
07-23 11:31:26.112 31716 32368 I VkTextCorrection: threshold len=2→len=2 score=0,000 thr=0,140 ○
07-23 11:31:26.112 31716 32368 I VkSuggestions: strip composing typedLen=2 candidates=17 autocorrect=false top=len=2 locale=en token=409 gen=4
07-23 11:31:26.112 31716 31716 I VkStripPipeline: setSuggestions composing size=17 style=1 token=409 gen=4 typed=len=2
07-23 11:31:26.114 31716 31716 I VkSuggestions: stripUi prediction=false children=5 [len=2|len=2|len=2]
07-23 11:31:26.114 31716 31716 I VkStripPipeline: slotBind composing children=5 [len=2|len=2|len=2]
07-23 11:31:26.201 31716 31716 I VkKeyPreview: show key=printable instant=true pool showing=2 free=0
07-23 11:31:26.201 31716 31716 I VkKeyPreview: popupAnim key=printable type=instant dur=0ms scale=1.0
07-23 11:31:26.226 31716 31716 I VkKeyPreview: dismiss key=printable reason=release_anim pool showing=1 free=1
07-23 11:31:26.301 31716 31716 I VkKeyPreview: dismiss key=printable reason=release_anim pool showing=0 free=2
07-23 11:31:26.301 31716 31716 I VkKeyPress: keys pressed=425
07-23 11:31:26.413 31716 32368 I VkSuggestions: decode typedLen=4 candidates=18 locales=1 6,8ms
07-23 11:31:26.421 31716 32368 I VkTextCorrection: threshold len=4→len=4 score=0,000 thr=0,140 ○
07-23 11:31:26.422 31716 32368 I VkSuggestions: strip composing typedLen=4 candidates=19 autocorrect=false top=len=4 locale=en token=410 gen=4
07-23 11:31:26.422 31716 31716 I VkStripPipeline: setSuggestions composing size=19 style=1 token=410 gen=4 typed=len=4
07-23 11:31:26.424 31716 31716 I VkSuggestions: stripUi prediction=false children=5 [len=4|len=4|len=4]
07-23 11:31:26.424 31716 31716 I VkStripPipeline: slotBind composing children=5 [len=4|len=4|len=4]
07-23 11:31:26.437 31716 31716 I VkKeyPreview: show key=printable instant=true pool showing=1 free=1
07-23 11:31:26.437 31716 31716 I VkKeyPreview: popupAnim key=printable type=instant dur=0ms scale=1.0
07-23 11:31:26.517 31716 31716 I VkKeyPreview: dismiss key=printable reason=release_anim pool showing=0 free=2
07-23 11:31:26.605 31716 31716 I VkKeyPreview: show key=printable instant=true pool showing=1 free=1
07-23 11:31:26.605 31716 31716 I VkKeyPreview: popupAnim key=printable type=instant dur=0ms scale=1.0
07-23 11:31:26.620 31716 32368 I VkSuggestions: decode typedLen=5 candidates=18 locales=1 1,9ms
07-23 11:31:26.621 31716 32368 I VkTextCorrection: threshold len=5→len=5 score=0,000 thr=0,140 ○
07-23 11:31:26.621 31716 32368 I VkSuggestions: strip composing typedLen=5 candidates=19 autocorrect=false top=len=5 locale=en token=412 gen=4
07-23 11:31:26.621 31716 31716 I VkStripPipeline: setSuggestions composing size=19 style=1 token=412 gen=4 typed=len=5
07-23 11:31:26.622 31716 31716 I VkSuggestions: stripUi prediction=false children=5 [len=5|len=5|len=5]
07-23 11:31:26.622 31716 31716 I VkStripPipeline: slotBind composing children=5 [len=5|len=5|len=5]
07-23 11:31:26.719 31716 31716 I VkKeyPreview: dismiss key=printable reason=release_anim pool showing=0 free=2
07-23 11:31:26.766 31716 31716 I VkKeyPreview: show key=printable instant=true pool showing=1 free=1
07-23 11:31:26.766 31716 31716 I VkKeyPreview: popupAnim key=printable type=instant dur=0ms scale=1.0
07-23 11:31:26.824 31716 32368 I VkSuggestions: decode typedLen=6 candidates=18 locales=1 2,6ms
07-23 11:31:26.825 31716 32368 I VkTextCorrection: threshold len=6→len=7 score=0,000 thr=0,140 ○
07-23 11:31:26.826 31716 32368 I VkSuggestions: strip composing typedLen=6 candidates=19 autocorrect=false top=len=6 locale=en token=413 gen=4
07-23 11:31:26.826 31716 31716 I VkStripPipeline: setSuggestions composing size=19 style=1 token=413 gen=4 typed=len=6
07-23 11:31:26.828 31716 31716 I VkSuggestions: stripUi prediction=false children=5 [len=6|len=2|len=2]
07-23 11:31:26.828 31716 31716 I VkStripPipeline: slotBind composing children=5 [len=6|len=2|len=2]
07-23 11:31:26.896 31716 31716 I VkKeyPreview: dismiss key=printable reason=release_anim pool showing=0 free=2
07-23 11:31:26.938 31716 31716 I VkKeyPreview: show key=printable instant=true pool showing=1 free=1
07-23 11:31:26.938 31716 31716 I VkKeyPreview: popupAnim key=printable type=instant dur=0ms scale=1.0
07-23 11:31:27.001 31716 32368 I VkSuggestions: decode typedLen=7 candidates=18 locales=1 2,6ms
07-23 11:31:27.002 31716 32368 I VkTextCorrection: threshold len=7→len=7 score=0,000 thr=0,140 ○
07-23 11:31:27.003 31716 32368 I VkSuggestions: strip composing typedLen=7 candidates=19 autocorrect=false top=len=7 locale=en token=414 gen=4
07-23 11:31:27.003 31716 31716 I VkStripPipeline: setSuggestions composing size=19 style=1 token=414 gen=4 typed=len=7
07-23 11:31:27.004 31716 31716 I VkSuggestions: stripUi prediction=false children=5 [len=7|len=7|len=2]
07-23 11:31:27.004 31716 31716 I VkStripPipeline: slotBind composing children=5 [len=7|len=7|len=2]
