06-03 16:15:28.981 11640 11640 W View    : requestLayout() improperly called by helium314.keyboard.latin.panels.BrowserPanelView{27dc891 V.E...... ........ 0,0-1440,2040} during second layout pass: posting in next frame
06-03 16:15:28.994 11640 11640 W View    : requestLayout() improperly called by helium314.keyboard.latin.panels.BrowserPanelView{27dc891 V.E...... ......I. 0,0-1440,2040} during layout: running second layout pass
06-03 16:15:29.000 11640 11640 W View    : requestLayout() improperly called by helium314.keyboard.latin.panels.BrowserPanelView{27dc891 V.E...... ........ 0,0-1440,2040} during second layout pass: posting in next frame
06-03 16:15:29.011 11640 11640 W View    : requestLayout() improperly called by helium314.keyboard.latin.panels.BrowserPanelView{27dc891 V.E...... ......I. 0,0-1440,2040} during layout: running second layout pass
06-03 16:15:29.014 11640 11640 W View    : requestLayout() improperly called by helium314.keyboard.latin.panels.BrowserPanelView{27dc891 V.E...... ........ 0,0-1440,2040} during second layout pass: posting in next frame
06-03 16:15:29.028 11640 11640 W View    : requestLayout() improperly called by helium314.keyboard.latin.panels.BrowserPanelView{27dc891 V.E...... ......I. 0,0-1440,2040} during layout: running second layout pass
06-03 16:15:29.031 11640 11640 W View    : requestLayout() improperly called by helium314.keyboard.latin.panels.BrowserPanelView{27dc891 V.E...... ........ 0,0-1440,2040} during second layout pass: posting in next frame
06-03 16:15:29.041 12203 12221 E GeckoLibLoad: Load sqlite start
06-03 16:15:29.042 12203 12221 E GeckoLibLoad: Load sqlite done
06-03 16:15:29.042 12203 12221 E GeckoLibLoad: Load nss start
06-03 16:15:29.042 12203 12221 E GeckoLibLoad: Load nss done
06-03 16:15:29.045 11640 11640 W View    : requestLayout() improperly called by helium314.keyboard.latin.panels.BrowserPanelView{27dc891 V.E...... ......I. 0,0-1440,2040} during layout: running second layout pass
06-03 16:15:29.051 11640 11640 W View    : requestLayout() improperly called by helium314.keyboard.latin.panels.BrowserPanelView{27dc891 V.E...... ........ 0,0-1440,2040} during second layout pass: posting in next frame
06-03 16:15:29.052 12203 12221 E GeckoLibLoad: Loaded libs in 10.107500ms total, 8ms(9ms) user, 0ms(0ms) system, 0(0) faults
06-03 16:15:29.053 12203 12221 W GeckoThread: zerdatime 194571914 - runGecko
06-03 16:15:29.062 11640 11640 W View    : requestLayout() improperly called by helium314.keyboard.latin.panels.BrowserPanelView{27dc891 V.E...... ......I. 0,0-1440,2040} during layout: running second layout pass
06-03 16:15:29.066 11640 11640 W View    : requestLayout() improperly called by helium314.keyboard.latin.panels.BrowserPanelView{27dc891 V.E...... ........ 0,0-1440,2040} during second layout pass: posting in next frame
06-03 16:15:29.079 11640 11640 W View    : requestLayout() improperly called by helium314.keyboard.latin.panels.BrowserPanelView{27dc891 V.E...... ......I. 0,0-1440,2040} during layout: running second layout pass
06-03 16:15:29.083 11640 11640 W View    : requestLayout() improperly called by helium314.keyboard.latin.panels.BrowserPanelView{27dc891 V.E...... ........ 0,0-1440,2040} during second layout pass: posting in next frame
06-03 16:15:29.099 11640 11640 W View    : requestLayout() improperly called by helium314.keyboard.latin.panels.BrowserPanelView{27dc891 V.E...... ......I. 0,0-1440,2040} during layout: running second layout pass
06-03 16:15:29.106 11640 11640 W View    : requestLayout() improperly called by helium314.keyboard.latin.panels.BrowserPanelView{27dc891 V.E...... ........ 0,0-1440,2040} during second layout pass: posting in next frame
06-03 16:15:29.113 11640 11640 W View    : requestLayout() improperly called by helium314.keyboard.latin.panels.BrowserPanelView{27dc891 V.E...... ......I. 0,0-1440,2040} during layout: running second layout pass
06-03 16:15:29.117 11640 11640 W View    : requestLayout() improperly called by helium314.keyboard.latin.panels.BrowserPanelView{27dc891 V.E...... ........ 0,0-1440,2040} during second layout pass: posting in next frame
06-03 16:15:29.129 11640 11640 W View    : requestLayout() improperly called by helium314.keyboard.latin.panels.BrowserPanelView{27dc891 V.E...... ......I. 0,0-1440,2040} during layout: running second layout pass
06-03 16:15:29.134 11640 11640 W View    : requestLayout() improperly called by helium314.keyboard.latin.panels.BrowserPanelView{27dc891 V.E...... ........ 0,0-1440,2040} during second layout pass: posting in next frame
06-03 16:15:29.143 12203 12221 W GeckoEditableChild: No editable parent
06-03 16:15:29.148 11640 11640 W View    : requestLayout() improperly called by helium314.keyboard.latin.panels.BrowserPanelView{27dc891 V.E...... ......I. 0,0-1440,2040} during layout: running second layout pass
06-03 16:15:29.152 11640 11640 W View    : requestLayout() improperly called by helium314.keyboard.latin.panels.BrowserPanelView{27dc891 V.E...... ........ 0,0-1440,2040} during second layout pass: posting in next frame
06-03 16:15:29.162 11640 11640 W View    : requestLayout() improperly called by helium314.keyboard.latin.panels.BrowserPanelView{27dc891 V.E...... ......I. 0,0-1440,2040} during layout: running second layout pass
06-03 16:15:29.167 11640 11640 W View    : requestLayout() improperly called by helium314.keyboard.latin.panels.BrowserPanelView{27dc891 V.E...... .......D 0,0-1440,2040} during second layout pass: posting in next frame
06-03 16:15:29.153 11640 11640 W com.vibekey.keyboard: type=1400 audit(0.0:93651): avc: denied { nlmsg_readpriv } for comm=536F636B657420546872656164 scontext=u:r:untrusted_app:s0:c78,c271,c512,c768 tcontext=u:r:untrusted_app:s0:c78,c271,c512,c768 tclass=netlink_route_socket permissive=0 bug=b/155595000 app=com.vibekey.keyboard
06-03 16:15:29.179 11640 11640 W View    : requestLayout() improperly called by helium314.keyboard.latin.panels.BrowserPanelView{27dc891 V.E...... ......ID 0,0-1440,2040} during layout: running second layout pass
06-03 16:15:29.184 11640 11640 W View    : requestLayout() improperly called by helium314.keyboard.latin.panels.BrowserPanelView{27dc891 V.E...... ........ 0,0-1440,2040} during second layout pass: posting in next frame
06-03 16:15:29.195 11640 11640 W View    : requestLayout() improperly called by helium314.keyboard.latin.panels.BrowserPanelView{27dc891 V.E...... ......ID 0,0-1440,2040} during layout: running second layout pass
06-03 16:15:29.199 11640 11640 W View    : requestLayout() improperly called by helium314.keyboard.latin.panels.BrowserPanelView{27dc891 V.E...... ........ 0,0-1440,2040} during second layout pass: posting in next frame
06-03 16:15:29.212 11640 11640 W View    : requestLayout() improperly called by helium314.keyboard.latin.panels.BrowserPanelView{27dc891 V.E...... ......ID 0,0-1440,2040} during layout: running second layout pass
06-03 16:15:29.221 11640 11640 W View    : requestLayout() improperly called by helium314.keyboard.latin.panels.BrowserPanelView{27dc891 V.E...... ........ 0,0-1440,2040} during second layout pass: posting in next frame
06-03 16:15:29.230 11640 11640 W View    : requestLayout() improperly called by helium314.keyboard.latin.panels.BrowserPanelView{27dc891 V.E...... ......ID 0,0-1440,2040} during layout: running second layout pass
06-03 16:15:29.233 11640 11640 W View    : requestLayout() improperly called by helium314.keyboard.latin.panels.BrowserPanelView{27dc891 V.E...... ........ 0,0-1440,2040} during second layout pass: posting in next frame
06-03 16:15:29.247 11640 11640 W View    : requestLayout() improperly called by helium314.keyboard.latin.panels.BrowserPanelView{27dc891 V.E...... ......ID 0,0-1440,2040} during layout: running second layout pass
06-03 16:15:29.251 11640 11640 W View    : requestLayout() improperly called by helium314.keyboard.latin.panels.BrowserPanelView{27dc891 V.E...... ........ 0,0-1440,2040} during second layout pass: posting in next frame
06-03 16:15:29.262 11640 11640 W View    : requestLayout() improperly called by helium314.keyboard.latin.panels.BrowserPanelView{27dc891 V.E...... ......ID 0,0-1440,2040} during layout: running second layout pass
06-03 16:15:29.265 11640 11640 W View    : requestLayout() improperly called by helium314.keyboard.latin.panels.BrowserPanelView{27dc891 V.E...... ........ 0,0-1440,2040} during second layout pass: posting in next frame
06-03 16:15:29.279 11640 11640 W View    : requestLayout() improperly called by helium314.keyboard.latin.panels.BrowserPanelView{27dc891 V.E...... ......ID 0,0-1440,2040} during layout: running second layout pass
06-03 16:15:29.282 11640 11640 W View    : requestLayout() improperly called by helium314.keyboard.latin.panels.BrowserPanelView{27dc891 V.E...... .......D 0,0-1440,2040} during second layout pass: posting in next frame
06-03 16:15:29.295 11640 11640 W View    : requestLayout() improperly called by helium314.keyboard.latin.panels.BrowserPanelView{27dc891 V.E...... ......ID 0,0-1440,2040} during layout: running second layout pass
06-03 16:15:29.299 11640 11640 W View    : requestLayout() improperly called by helium314.keyboard.latin.panels.BrowserPanelView{27dc891 V.E...... ........ 0,0-1440,2040} during second layout pass: posting in next frame
06-03 16:15:29.313 11640 11640 W com.vibekey.keyboard: type=1400 audit(0.0:93652): avc: denied { nlmsg_readpriv } for comm=536F636B657420546872656164 scontext=u:r:untrusted_app:s0:c78,c271,c512,c768 tcontext=u:r:untrusted_app:s0:c78,c271,c512,c768 tclass=netlink_route_socket permissive=0 bug=b/155595000 app=com.vibekey.keyboard
06-03 16:15:29.312 11640 11640 W View    : requestLayout() improperly called by helium314.keyboard.latin.panels.BrowserPanelView{27dc891 V.E...... ......I. 0,0-1440,2040} during layout: running second layout pass
06-03 16:15:29.317 11640 11640 W View    : requestLayout() improperly called by helium314.keyboard.latin.panels.BrowserPanelView{27dc891 V.E...... ........ 0,0-1440,2040} during second layout pass: posting in next frame
06-03 16:15:29.328 11640 11640 W View    : requestLayout() improperly called by helium314.keyboard.latin.panels.BrowserPanelView{27dc891 V.E...... ......I. 0,0-1440,2040} during layout: running second layout pass
06-03 16:15:29.331 11640 11640 W View    : requestLayout() improperly called by helium314.keyboard.latin.panels.BrowserPanelView{27dc891 V.E...... ........ 0,0-1440,2040} during second layout pass: posting in next frame
06-03 16:15:29.313 11640 11640 W com.vibekey.keyboard: type=1400 audit(0.0:93653): avc: denied { nlmsg_readpriv } for comm=536F636B657420546872656164 scontext=u:r:untrusted_app:s0:c78,c271,c512,c768 tcontext=u:r:untrusted_app:s0:c78,c271,c512,c768 tclass=netlink_route_socket permissive=0 bug=b/155595000 app=com.vibekey.keyboard
06-03 16:15:29.345 11640 11640 W View    : requestLayout() improperly called by helium314.keyboard.latin.panels.BrowserPanelView{27dc891 V.E...... ......I. 0,0-1440,2040} during layout: running second layout pass
06-03 16:15:29.348 11640 11640 W View    : requestLayout() improperly called by helium314.keyboard.latin.panels.BrowserPanelView{27dc891 V.E...... ........ 0,0-1440,2040} during second layout pass: posting in next frame
06-03 16:15:29.362 11640 11640 W View    : requestLayout() improperly called by helium314.keyboard.latin.panels.BrowserPanelView{27dc891 V.E...... ......I. 0,0-1440,2040} during layout: running second layout pass
06-03 16:15:29.365 11640 11640 W View    : requestLayout() improperly called by helium314.keyboard.latin.panels.BrowserPanelView{27dc891 V.E...... ........ 0,0-1440,2040} during second layout pass: posting in next frame
06-03 16:15:29.379 11640 11640 W View    : requestLayout() improperly called by helium314.keyboard.latin.panels.BrowserPanelView{27dc891 V.E...... ......I. 0,0-1440,2040} during layout: running second layout pass
06-03 16:15:29.382 11640 11640 W View    : requestLayout() improperly called by helium314.keyboard.latin.panels.BrowserPanelView{27dc891 V.E...... ........ 0,0-1440,2040} during second layout pass: posting in next frame
06-03 16:15:29.396 11640 11640 W View    : requestLayout() improperly called by helium314.keyboard.latin.panels.BrowserPanelView{27dc891 V.E...... ......I. 0,0-1440,2040} during layout: running second layout pass
06-03 16:15:29.399 11640 11640 W View    : requestLayout() improperly called by helium314.keyboard.latin.panels.BrowserPanelView{27dc891 V.E...... ........ 0,0-1440,2040} during second layout pass: posting in next frame
06-03 16:15:29.412 11640 11640 W View    : requestLayout() improperly called by helium314.keyboard.latin.panels.BrowserPanelView{27dc891 V.E...... ......I. 0,0-1440,2040} during layout: running second layout pass
06-03 16:15:29.417 11640 11640 W View    : requestLayout() improperly called by helium314.keyboard.latin.panels.BrowserPanelView{27dc891 V.E...... ........ 0,0-1440,2040} during second layout pass: posting in next frame
06-03 16:15:29.429 11640 11640 W View    : requestLayout() improperly called by helium314.keyboard.latin.panels.BrowserPanelView{27dc891 V.E...... ......I. 0,0-1440,2040} during layout: running second layout pass
06-03 16:15:29.432 11640 11640 W View    : requestLayout() improperly called by helium314.keyboard.latin.panels.BrowserPanelView{27dc891 V.E...... ........ 0,0-1440,2040} during second layout pass: posting in next frame
06-03 16:15:29.446 11640 11640 W View    : requestLayout() improperly called by helium314.keyboard.latin.panels.BrowserPanelView{27dc891 V.E...... ......I. 0,0-1440,2040} during layout: running second layout pass
06-03 16:15:29.450 11640 11640 W View    : requestLayout() improperly called by helium314.keyboard.latin.panels.BrowserPanelView{27dc891 V.E...... ........ 0,0-1440,2040} during second layout pass: posting in next frame
06-03 16:15:29.462 11640 11640 W View    : requestLayout() improperly called by helium314.keyboard.latin.panels.BrowserPanelView{27dc891 V.E...... ......I. 0,0-1440,2040} during layout: running second layout pass
06-03 16:15:29.466 11640 11640 W View    : requestLayout() improperly called by helium314.keyboard.latin.panels.BrowserPanelView{27dc891 V.E...... ........ 0,0-1440,2040} during second layout pass: posting in next frame
06-03 16:15:29.470 12363 12363 E .keyboard:tab1: Unknown bits set in runtime_flags: 0x40000000
06-03 16:15:29.479 11640 11640 W View    : requestLayout() improperly called by helium314.keyboard.latin.panels.BrowserPanelView{27dc891 V.E...... ......I. 0,0-1440,2040} during layout: running second layout pass
06-03 16:15:29.482 11640 11640 W View    : requestLayout() improperly called by helium314.keyboard.latin.panels.BrowserPanelView{27dc891 V.E...... ........ 0,0-1440,2040} during second layout pass: posting in next frame
06-03 16:15:29.496 11640 11640 W View    : requestLayout() improperly called by helium314.keyboard.latin.panels.BrowserPanelView{27dc891 V.E...... ......I. 0,0-1440,2040} during layout: running second layout pass
06-03 16:15:29.502 11640 11640 W View    : requestLayout() improperly called by helium314.keyboard.latin.panels.BrowserPanelView{27dc891 V.E...... ........ 0,0-1440,2040} during second layout pass: posting in next frame
06-03 16:15:29.512 11640 11640 W View    : requestLayout() improperly called by helium314.keyboard.latin.panels.BrowserPanelView{27dc891 V.E...... ......I. 0,0-1440,2040} during layout: running second layout pass
06-03 16:15:29.518 11640 11640 W View    : requestLayout() improperly called by helium314.keyboard.latin.panels.BrowserPanelView{27dc891 V.E...... ........ 0,0-1440,2040} during second layout pass: posting in next frame
06-03 16:15:29.529 11640 11640 W View    : requestLayout() improperly called by helium314.keyboard.latin.panels.BrowserPanelView{27dc891 V.E...... ......I. 0,0-1440,2040} during layout: running second layout pass
06-03 16:15:29.534 11640 11640 W View    : requestLayout() improperly called by helium314.keyboard.latin.panels.BrowserPanelView{27dc891 V.E...... ........ 0,0-1440,2040} during second layout pass: posting in next frame
06-03 16:15:29.536 12363 12387 E GeckoLibLoad: Load sqlite start
06-03 16:15:29.536 12363 12387 E GeckoLibLoad: Load sqlite done
06-03 16:15:29.537 12363 12387 E GeckoLibLoad: Load nss start
06-03 16:15:29.537 12363 12387 E GeckoLibLoad: Load nss done
06-03 16:15:29.546 11640 11640 W View    : requestLayout() improperly called by helium314.keyboard.latin.panels.BrowserPanelView{27dc891 V.E...... ......I. 0,0-1440,2040} during layout: running second layout pass
06-03 16:15:29.551 11640 11640 W View    : requestLayout() improperly called by helium314.keyboard.latin.panels.BrowserPanelView{27dc891 V.E...... ........ 0,0-1440,2040} during second layout pass: posting in next frame
06-03 16:15:29.554 12363 12387 E GeckoLibLoad: Loaded libs in 17.504375ms total, 0ms(0ms) user, 7ms(9ms) system, 0(0) faults
06-03 16:15:29.554 12363 12387 W GeckoThread: zerdatime 194572415 - runGecko
06-03 16:15:29.563 11640 11640 W View    : requestLayout() improperly called by helium314.keyboard.latin.panels.BrowserPanelView{27dc891 V.E...... ......I. 0,0-1440,2040} during layout: running second layout pass
06-03 16:15:29.567 11640 11640 W View    : requestLayout() improperly called by helium314.keyboard.latin.panels.BrowserPanelView{27dc891 V.E...... ........ 0,0-1440,2040} during second layout pass: posting in next frame
06-03 16:15:29.581 11640 11640 W View    : requestLayout() improperly called by helium314.keyboard.latin.panels.BrowserPanelView{27dc891 V.E...... ......I. 0,0-1440,2040} during layout: running second layout pass
06-03 16:15:29.583 12203 12221 W Isolated Web Content: [JavaScript Warning: "Layout was forced before the page was fully loaded. If stylesheets are not yet loaded this may cause a flash of unstyled content." {file: "https://static.foxnews.com/static/orion/scripts/core/ag.core.js?v=202663211" line: 149}]
06-03 16:15:29.587 11640 11640 W View    : requestLayout() improperly called by helium314.keyboard.latin.panels.BrowserPanelView{27dc891 V.E...... ........ 0,0-1440,2040} during second layout pass: posting in next frame
06-03 16:15:29.596 11640 11640 W View    : requestLayout() improperly called by helium314.keyboard.latin.panels.BrowserPanelView{27dc891 V.E...... ......I. 0,0-1440,2040} during layout: running second layout pass
06-03 16:15:29.599 11640 11640 W View    : requestLayout() improperly called by helium314.keyboard.latin.panels.BrowserPanelView{27dc891 V.E...... ........ 0,0-1440,2040} during second layout pass: posting in next frame
06-03 16:15:29.613 11640 11640 W View    : requestLayout() improperly called by helium314.keyboard.latin.panels.BrowserPanelView{27dc891 V.E...... ......I. 0,0-1440,2040} during layout: running second layout pass
06-03 16:15:29.617 11640 11640 W View    : requestLayout() improperly called by helium314.keyboard.latin.panels.BrowserPanelView{27dc891 V.E...... ........ 0,0-1440,2040} during second layout pass: posting in next frame
06-03 16:15:29.630 11640 11640 W View    : requestLayout() improperly called by helium314.keyboard.latin.panels.BrowserPanelView{27dc891 V.E...... ......I. 0,0-1440,2040} during layout: running second layout pass
06-03 16:15:29.634 11640 11640 W View    : requestLayout() improperly called by helium314.keyboard.latin.panels.BrowserPanelView{27dc891 V.E...... ........ 0,0-1440,2040} during second layout pass: posting in next frame
06-03 16:15:29.647 11640 11640 W View    : requestLayout() improperly called by helium314.keyboard.latin.panels.BrowserPanelView{27dc891 V.E...... ......I. 0,0-1440,2040} during layout: running second layout pass
06-03 16:15:29.651 11640 11640 W View    : requestLayout() improperly called by helium314.keyboard.latin.panels.BrowserPanelView{27dc891 V.E...... ........ 0,0-1440,2040} during second layout pass: posting in next frame
06-03 16:15:29.665 11640 11640 W View    : requestLayout() improperly called by helium314.keyboard.latin.panels.BrowserPanelView{27dc891 V.E...... ......I. 0,0-1440,2040} during layout: running second layout pass
06-03 16:15:29.668 11640 11640 W View    : requestLayout() improperly called by helium314.keyboard.latin.panels.BrowserPanelView{27dc891 V.E...... ........ 0,0-1440,2040} during second layout pass: posting in next frame
06-03 16:15:29.672 12203 12221 W AudioCapabilities: Unsupported mime audio/ffmpeg
06-03 16:15:29.672 12203 12221 W VideoCapabilities: Unsupported mime video/ffmpeg
06-03 16:15:29.673 12203 12221 W VideoCapabilities: Unrecognized profile/level 0/3 for video/mpeg2
06-03 16:15:29.673 12203 12221 W VideoCapabilities: Unrecognized profile/level 0/3 for video/mpeg2
06-03 16:15:29.680 11640 11640 W View    : requestLayout() improperly called by helium314.keyboard.latin.panels.BrowserPanelView{27dc891 V.E...... ......I. 0,0-1440,2040} during layout: running second layout pass
06-03 16:15:29.686 11640 11640 W View    : requestLayout() improperly called by helium314.keyboard.latin.panels.BrowserPanelView{27dc891 V.E...... ........ 0,0-1440,2040} during second layout pass: posting in next frame
06-03 16:15:29.696 11640 11640 W View    : requestLayout() improperly called by helium314.keyboard.latin.panels.BrowserPanelView{27dc891 V.E...... ......I. 0,0-1440,2040} during layout: running second layout pass
06-03 16:15:29.699 11640 11640 W View    : requestLayout() improperly called by helium314.keyboard.latin.panels.BrowserPanelView{27dc891 V.E...... ........ 0,0-1440,2040} during second layout pass: posting in next frame
06-03 16:15:29.714 11640 11640 W View    : requestLayout() improperly called by helium314.keyboard.latin.panels.BrowserPanelView{27dc891 V.E...... ......I. 0,0-1440,2040} during layout: running second layout pass
06-03 16:15:29.718 11640 11640 W View    : requestLayout() improperly called by helium314.keyboard.latin.panels.BrowserPanelView{27dc891 V.E...... ........ 0,0-1440,2040} during second layout pass: posting in next frame
06-03 16:15:29.731 11640 11640 W View    : requestLayout() improperly called by helium314.keyboard.latin.panels.BrowserPanelView{27dc891 V.E...... ......I. 0,0-1440,2040} during layout: running second layout pass
06-03 16:15:29.733 11640 11640 W com.vibekey.keyboard: type=1400 audit(0.0:93654): avc: denied { nlmsg_readpriv } for comm=536F636B657420546872656164 scontext=u:r:untrusted_app:s0:c78,c271,c512,c768 tcontext=u:r:untrusted_app:s0:c78,c271,c512,c768 tclass=netlink_route_socket permissive=0 bug=b/155595000 app=com.vibekey.keyboard
06-03 16:15:29.751 11640 11640 W View    : requestLayout() improperly called by helium314.keyboard.latin.panels.BrowserPanelView{27dc891 V.E...... ........ 0,0-1440,2040} during second layout pass: posting in next frame
06-03 16:15:29.753 11640 11640 W View    : requestLayout() improperly called by helium314.keyboard.latin.panels.BrowserPanelView{27dc891 V.E...... ......I. 0,0-1440,2040} during layout: running second layout pass
06-03 16:15:29.757 11640 11640 W View    : requestLayout() improperly called by helium314.keyboard.latin.panels.BrowserPanelView{27dc891 V.E...... ........ 0,0-1440,2040} during second layout pass: posting in next frame
06-03 16:15:29.764 11640 11640 W View    : requestLayout() improperly called by helium314.keyboard.latin.panels.BrowserPanelView{27dc891 V.E...... ......I. 0,0-1440,2040} during layout: running second layout pass
06-03 16:15:29.769 11640 11640 W View    : requestLayout() improperly called by helium314.keyboard.latin.panels.BrowserPanelView{27dc891 V.E...... ........ 0,0-1440,2040} during second layout pass: posting in next frame
06-03 16:15:29.763 11640 11640 W com.vibekey.keyboard: type=1400 audit(0.0:93655): avc: denied { nlmsg_readpriv } for comm=536F636B657420546872656164 scontext=u:r:untrusted_app:s0:c78,c271,c512,c768 tcontext=u:r:untrusted_app:s0:c78,c271,c512,c768 tclass=netlink_route_socket permissive=0 bug=b/155595000 app=com.vibekey.keyboard
06-03 16:15:29.781 11640 11640 W View    : requestLayout() improperly called by helium314.keyboard.latin.panels.BrowserPanelView{27dc891 V.E...... ......I. 0,0-1440,2040} during layout: running second layout pass
06-03 16:15:29.787 11640 11640 W View    : requestLayout() improperly called by helium314.keyboard.latin.panels.BrowserPanelView{27dc891 V.E...... ........ 0,0-1440,2040} during second layout pass: posting in next frame
06-03 16:15:29.797 11640 11640 W View    : requestLayout() improperly called by helium314.keyboard.latin.panels.BrowserPanelView{27dc891 V.E...... ......ID 0,0-1440,2040} during layout: running second layout pass
06-03 16:15:29.802 11640 11640 W View    : requestLayout() improperly called by helium314.keyboard.latin.panels.BrowserPanelView{27dc891 V.E...... ........ 0,0-1440,2040} during second layout pass: posting in next frame
06-03 16:15:29.803 11640 11640 W com.vibekey.keyboard: type=1400 audit(0.0:93656): avc: denied { nlmsg_readpriv } for comm=536F636B657420546872656164 scontext=u:r:untrusted_app:s0:c78,c271,c512,c768 tcontext=u:r:untrusted_app:s0:c78,c271,c512,c768 tclass=netlink_route_socket permissive=0 bug=b/155595000 app=com.vibekey.keyboard
06-03 16:15:29.815 11640 11640 W View    : requestLayout() improperly called by helium314.keyboard.latin.panels.BrowserPanelView{27dc891 V.E...... ......I. 0,0-1440,2040} during layout: running second layout pass
06-03 16:15:29.820 11640 11640 W View    : requestLayout() improperly called by helium314.keyboard.latin.panels.BrowserPanelView{27dc891 V.E...... ........ 0,0-1440,2040} during second layout pass: posting in next frame
06-03 16:15:29.831 11640 11640 W View    : requestLayout() improperly called by helium314.keyboard.latin.panels.BrowserPanelView{27dc891 V.E...... ......I. 0,0-1440,2040} during layout: running second layout pass
06-03 16:15:29.834 11640 11640 W View    : requestLayout() improperly called by helium314.keyboard.latin.panels.BrowserPanelView{27dc891 V.E...... ........ 0,0-1440,2040} during second layout pass: posting in next frame
06-03 16:15:29.847 11640 11640 W View    : requestLayout() improperly called by helium314.keyboard.latin.panels.BrowserPanelView{27dc891 V.E...... ......I. 0,0-1440,2040} during layout: running second layout pass
06-03 16:15:29.850 11640 11640 W View    : requestLayout() improperly called by helium314.keyboard.latin.panels.BrowserPanelView{27dc891 V.E...... ........ 0,0-1440,2040} during second layout pass: posting in next frame
06-03 16:15:29.864 11640 11640 W View    : requestLayout() improperly called by helium314.keyboard.latin.panels.BrowserPanelView{27dc891 V.E...... ......I. 0,0-1440,2040} during layout: running second layout pass
06-03 16:15:29.868 11640 11640 W View    : requestLayout() improperly called by helium314.keyboard.latin.panels.BrowserPanelView{27dc891 V.E...... .......D 0,0-1440,2040} during second layout pass: posting in next frame
06-03 16:15:29.881 11640 11640 W View    : requestLayout() improperly called by helium314.keyboard.latin.panels.BrowserPanelView{27dc891 V.E...... ......ID 0,0-1440,2040} during layout: running second layout pass
06-03 16:15:29.891 11640 11640 W View    : requestLayout() improperly called by helium314.keyboard.latin.panels.BrowserPanelView{27dc891 V.E...... ........ 0,0-1440,2040} during second layout pass: posting in next frame
06-03 16:15:29.898 11640 11640 W View    : requestLayout() improperly called by helium314.keyboard.latin.panels.BrowserPanelView{27dc891 V.E...... ......I. 0,0-1440,2040} during layout: running second layout pass
06-03 16:15:29.902 11640 11640 W View    : requestLayout() improperly called by helium314.keyboard.latin.panels.BrowserPanelView{27dc891 V.E...... ........ 0,0-1440,2040} during second layout pass: posting in next frame
06-03 16:15:29.915 11640 11640 W View    : requestLayout() improperly called by helium314.keyboard.latin.panels.BrowserPanelView{27dc891 V.E...... ......I. 0,0-1440,2040} during layout: running second layout pass
06-03 16:15:29.919 11640 11640 W View    : requestLayout() improperly called by helium314.keyboard.latin.panels.BrowserPanelView{27dc891 V.E...... ........ 0,0-1440,2040} during second layout pass: posting in next frame
06-03 16:15:29.929 12203 12221 W Isolated Web Content: [JavaScript Warning: "Unexpected value noise parsing type attribute." {file: "https://static.foxnews.com/static/orion/styles/img/fox-news/pages/games/game-hub/background/pickle-bg.svg" line: 0}]
06-03 16:15:29.931 12203 12221 W Isolated Web Content: [JavaScript Warning: "Unexpected value noise parsing type attribute." {file: "https://static.foxnews.com/static/orion/styles/img/fox-news/pages/games/game-hub/background/stacked-bg.svg" line: 0}]
06-03 16:15:29.931 11640 11640 W View    : requestLayout() improperly called by helium314.keyboard.latin.panels.BrowserPanelView{27dc891 V.E...... ......I. 0,0-1440,2040} during layout: running second layout pass
06-03 16:15:29.933 12203 12221 W Isolated Web Content: [JavaScript Warning: "Unexpected value noise parsing type attribute." {file: "https://static.foxnews.com/static/orion/styles/img/fox-news/pages/games/game-hub/background/downwords-bg.svg" line: 0}]
06-03 16:15:29.935 12203 12221 W Isolated Web Content: [JavaScript Warning: "Unexpected value noise parsing type attribute." {file: "https://static.foxnews.com/static/orion/styles/img/fox-news/pages/games/game-hub/background/5-across-bg.svg" line: 0}]
06-03 16:15:29.941 11640 11640 W View    : requestLayout() improperly called by helium314.keyboard.latin.panels.BrowserPanelView{27dc891 V.E...... ........ 0,0-1440,2040} during second layout pass: posting in next frame
06-03 16:15:29.948 11640 11640 W View    : requestLayout() improperly called by helium314.keyboard.latin.panels.BrowserPanelView{27dc891 V.E...... ......I. 0,0-1440,2040} during layout: running second layout pass
06-03 16:15:29.952 11640 11640 W View    : requestLayout() improperly called by helium314.keyboard.latin.panels.BrowserPanelView{27dc891 V.E...... ........ 0,0-1440,2040} during second layout pass: posting in next frame
06-03 16:15:29.964 11640 11640 W View    : requestLayout() improperly called by helium314.keyboard.latin.panels.BrowserPanelView{27dc891 V.E...... ......I. 0,0-1440,2040} during layout: running second layout pass
06-03 16:15:29.968 11640 11640 W View    : requestLayout() improperly called by helium314.keyboard.latin.panels.BrowserPanelView{27dc891 V.E...... ........ 0,0-1440,2040} during second layout pass: posting in next frame
06-03 16:15:29.981 11640 11640 W View    : requestLayout() improperly called by helium314.keyboard.latin.panels.BrowserPanelView{27dc891 V.E...... ......I. 0,0-1440,2040} during layout: running second layout pass
06-03 16:15:29.985 11640 11640 W View    : requestLayout() improperly called by helium314.keyboard.latin.panels.BrowserPanelView{27dc891 V.E...... ........ 0,0-1440,2040} during second layout pass: posting in next frame
06-03 16:15:29.998 11640 11640 W View    : requestLayout() improperly called by helium314.keyboard.latin.panels.BrowserPanelView{27dc891 V.E...... ......I. 0,0-1440,2040} during layout: running second layout pass
06-03 16:15:30.003 11640 11640 W View    : requestLayout() improperly called by helium314.keyboard.latin.panels.BrowserPanelView{27dc891 V.E...... ........ 0,0-1440,2040} during second layout pass: posting in next frame
06-03 16:15:30.016 11640 11640 W View    : requestLayout() improperly called by helium314.keyboard.latin.panels.BrowserPanelView{27dc891 V.E...... ......I. 0,0-1440,2040} during layout: running second layout pass
06-03 16:15:30.023 11640 11640 W View    : requestLayout() improperly called by helium314.keyboard.latin.panels.BrowserPanelView{27dc891 V.E...... ........ 0,0-1440,2040} during second layout pass: posting in next frame
06-03 16:15:30.032 11640 11640 W View    : requestLayout() improperly called by helium314.keyboard.latin.panels.BrowserPanelView{27dc891 V.E...... ......I. 0,0-1440,2040} during layout: running second layout pass
06-03 16:15:30.039 11640 11640 W View    : requestLayout() improperly called by helium314.keyboard.latin.panels.BrowserPanelView{27dc891 V.E...... ........ 0,0-1440,2040} during second layout pass: posting in next frame
06-03 16:15:30.048 11640 11640 W View    : requestLayout() improperly called by helium314.keyboard.latin.panels.BrowserPanelView{27dc891 V.E...... ......I. 0,0-1440,2040} during layout: running second layout pass
06-03 16:15:30.053 11640 11640 W View    : requestLayout() improperly called by helium314.keyboard.latin.panels.BrowserPanelView{27dc891 V.E...... ........ 0,0-1440,2040} during second layout pass: posting in next frame
06-03 16:15:30.057 12203 12221 E Isolated Web Content: [JavaScript Error: "Cookie “cto_tld_test” has been rejected for invalid domain." {file: "https://www.foxnews.com/" line: 0}]
06-03 16:15:30.057 12203 12221 E Isolated Web Content: [JavaScript Error: "Cookie “cto_tld_test” has been rejected for invalid domain." {file: "https://www.foxnews.com/" line: 0}]
06-03 16:15:30.065 11640 11640 W View    : requestLayout() improperly called by helium314.keyboard.latin.panels.BrowserPanelView{27dc891 V.E...... ......I. 0,0-1440,2040} during layout: running second layout pass
06-03 16:15:30.070 11640 11640 W View    : requestLayout() improperly called by helium314.keyboard.latin.panels.BrowserPanelView{27dc891 V.E...... ........ 0,0-1440,2040} during second layout pass: posting in next frame
06-03 16:15:30.082 11640 11640 W View    : requestLayout() improperly called by helium314.keyboard.latin.panels.BrowserPanelView{27dc891 V.E...... ......I. 0,0-1440,2040} during layout: running second layout pass
06-03 16:15:30.088 11640 11640 W View    : requestLayout() improperly called by helium314.keyboard.latin.panels.BrowserPanelView{27dc891 V.E...... ........ 0,0-1440,2040} during second layout pass: posting in next frame
06-03 16:15:30.083 11640 11640 W com.vibekey.keyboard: type=1400 audit(0.0:93657): avc: denied { nlmsg_readpriv } for comm=536F636B657420546872656164 scontext=u:r:untrusted_app:s0:c78,c271,c512,c768 tcontext=u:r:untrusted_app:s0:c78,c271,c512,c768 tclass=netlink_route_socket permissive=0 bug=b/155595000 app=com.vibekey.keyboard
06-03 16:15:30.094 12203 12440 E .keyboard:tab2: ofbOpen failed with error=No such file or directory
06-03 16:15:30.094 12203 12440 E .keyboard:tab2: sysOpen failed with error=No such file or directory
06-03 16:15:30.099 11640 11640 W View    : requestLayout() improperly called by helium314.keyboard.latin.panels.BrowserPanelView{27dc891 V.E...... ......I. 0,0-1440,2040} during layout: running second layout pass
06-03 16:15:30.104 11640 11640 W View    : requestLayout() improperly called by helium314.keyboard.latin.panels.BrowserPanelView{27dc891 V.E...... ........ 0,0-1440,2040} during second layout pass: posting in next frame
06-03 16:15:30.115 11640 11640 W View    : requestLayout() improperly called by helium314.keyboard.latin.panels.BrowserPanelView{27dc891 V.E...... ......I. 0,0-1440,2040} during layout: running second layout pass
06-03 16:15:30.123 11640 11640 W View    : requestLayout() improperly called by helium314.keyboard.latin.panels.BrowserPanelView{27dc891 V.E...... ........ 0,0-1440,2040} during second layout pass: posting in next frame
06-03 16:15:30.124  9241 11633 W libc    : Access denied finding property "vendor.oplus.media.vpp.stutter"
06-03 16:15:30.125  9241 11633 E MULTIMEDIAConfig: [getInt32:L80] Not find config, Returning default
06-03 16:15:30.125  9241 11633 E MULTIMEDIAConfig: [getInt32:L80] Not find config, Returning default
06-03 16:15:30.125  9241 11633 E OplusACodec: [OplusACodec:204] mSrOsieMMListCheckResult:0x0 mOsieVersion:1
06-03 16:15:30.131 11640 11640 W View    : requestLayout() improperly called by helium314.keyboard.latin.panels.BrowserPanelView{27dc891 V.E...... ......I. 0,0-1440,2040} during layout: running second layout pass
06-03 16:15:30.139 11640 11640 W View    : requestLayout() improperly called by helium314.keyboard.latin.panels.BrowserPanelView{27dc891 V.E...... ........ 0,0-1440,2040} during second layout pass: posting in next frame
06-03 16:15:30.148 11640 11640 W View    : requestLayout() improperly called by helium314.keyboard.latin.panels.BrowserPanelView{27dc891 V.E...... ......I. 0,0-1440,2040} during layout: running second layout pass
06-03 16:15:30.153 11640 11640 W View    : requestLayout() improperly called by helium314.keyboard.latin.panels.BrowserPanelView{27dc891 V.E...... ........ 0,0-1440,2040} during second layout pass: posting in next frame
06-03 16:15:30.158  9241 12450 E OplusACodec: [GetVideoCodingTypeFromMime:L1162] mime:video/avc
06-03 16:15:30.160 11640 12453 E FilePhenotypeFlags: Config package com.google.android.gms.clearcut_client#com.vibekey.keyboard cannot use FILE backing without declarative registration. See go/phenotype-android-integration#phenotype for more information. This will lead to stale flags.
06-03 16:15:30.166 11640 11640 W View    : requestLayout() improperly called by helium314.keyboard.latin.panels.BrowserPanelView{27dc891 V.E...... ......I. 0,0-1440,2040} during layout: running second layout pass
06-03 16:15:30.180 11640 11640 W View    : requestLayout() improperly called by helium314.keyboard.latin.panels.BrowserPanelView{27dc891 V.E...... ........ 0,0-1440,2040} during second layout pass: posting in next frame
06-03 16:15:30.183 11640 11640 W View    : requestLayout() improperly called by helium314.keyboard.latin.panels.BrowserPanelView{27dc891 V.E...... ......I. 0,0-1440,2040} during layout: running second layout pass
06-03 16:15:30.186 11640 11640 W View    : requestLayout() improperly called by helium314.keyboard.latin.panels.BrowserPanelView{27dc891 V.E...... ........ 0,0-1440,2040} during second layout pass: posting in next frame
06-03 16:15:30.199 11640 11640 W View    : requestLayout() improperly called by helium314.keyboard.latin.panels.BrowserPanelView{27dc891 V.E...... ......I. 0,0-1440,2040} during layout: running second layout pass
06-03 16:15:30.202 11640 11640 W View    : requestLayout() improperly called by helium314.keyboard.latin.panels.BrowserPanelView{27dc891 V.E...... ........ 0,0-1440,2040} during second layout pass: posting in next frame
06-03 16:15:30.215 11640 11640 W View    : requestLayout() improperly called by helium314.keyboard.latin.panels.BrowserPanelView{27dc891 V.E...... ......I. 0,0-1440,2040} during layout: running second layout pass
06-03 16:15:30.219 11640 11640 W View    : requestLayout() improperly called by helium314.keyboard.latin.panels.BrowserPanelView{27dc891 V.E...... ........ 0,0-1440,2040} during second layout pass: posting in next frame
06-03 16:15:30.232 11640 11640 W View    : requestLayout() improperly called by helium314.keyboard.latin.panels.BrowserPanelView{27dc891 V.E...... ......I. 0,0-1440,2040} during layout: running second layout pass
06-03 16:15:30.238 11640 11640 W View    : requestLayout() improperly called by helium314.keyboard.latin.panels.BrowserPanelView{27dc891 V.E...... ........ 0,0-1440,2040} during second layout pass: posting in next frame
06-03 16:15:30.239 11640 12453 E FilePhenotypeFlags: Config package com.google.android.gms.clearcut_client#com.vibekey.keyboard cannot use FILE backing without declarative registration. See go/phenotype-android-integration#phenotype for more information. This will lead to stale flags.
06-03 16:15:30.240 11640 12453 E FilePhenotypeFlags: Config package com.google.android.gms.clearcut_client#com.vibekey.keyboard cannot use FILE backing without declarative registration. See go/phenotype-android-integration#phenotype for more information. This will lead to stale flags.
06-03 16:15:30.248 11640 11640 W View    : requestLayout() improperly called by helium314.keyboard.latin.panels.BrowserPanelView{27dc891 V.E...... ......I. 0,0-1440,2040} during layout: running second layout pass
06-03 16:15:30.252 11640 11640 W View    : requestLayout() improperly called by helium314.keyboard.latin.panels.BrowserPanelView{27dc891 V.E...... ........ 0,0-1440,2040} during second layout pass: posting in next frame
06-03 16:15:30.266 11640 11640 W View    : requestLayout() improperly called by helium314.keyboard.latin.panels.BrowserPanelView{27dc891 V.E...... ......I. 0,0-1440,2040} during layout: running second layout pass
06-03 16:15:30.269 11640 11640 W View    : requestLayout() improperly called by helium314.keyboard.latin.panels.BrowserPanelView{27dc891 V.E...... ........ 0,0-1440,2040} during second layout pass: posting in next frame
06-03 16:15:30.283 11640 11640 W View    : requestLayout() improperly called by helium314.keyboard.latin.panels.BrowserPanelView{27dc891 V.E...... ......I. 0,0-1440,2040} during layout: running second layout pass
06-03 16:15:30.292 11640 11640 W View    : requestLayout() improperly called by helium314.keyboard.latin.panels.BrowserPanelView{27dc891 V.E...... ........ 0,0-1440,2040} during second layout pass: posting in next frame
06-03 16:15:30.298 11640 11640 W View    : requestLayout() improperly called by helium314.keyboard.latin.panels.BrowserPanelView{27dc891 V.E...... ......ID 0,0-1440,2040} during layout: running second layout pass
06-03 16:15:30.303 11640 11640 W View    : requestLayout() improperly called by helium314.keyboard.latin.panels.BrowserPanelView{27dc891 V.E...... ........ 0,0-1440,2040} during second layout pass: posting in next frame
06-03 16:15:30.315 11640 11640 W View    : requestLayout() improperly called by helium314.keyboard.latin.panels.BrowserPanelView{27dc891 V.E...... ......I. 0,0-1440,2040} during layout: running second layout pass
06-03 16:15:30.320 11640 11640 W View    : requestLayout() improperly called by helium314.keyboard.latin.panels.BrowserPanelView{27dc891 V.E...... ........ 0,0-1440,2040} during second layout pass: posting in next frame
06-03 16:15:30.333 11640 11640 W View    : requestLayout() improperly called by helium314.keyboard.latin.panels.BrowserPanelView{27dc891 V.E...... ......I. 0,0-1440,2040} during layout: running second layout pass
06-03 16:15:30.337 11640 11640 W View    : requestLayout() improperly called by helium314.keyboard.latin.panels.BrowserPanelView{27dc891 V.E...... ........ 0,0-1440,2040} during second layout pass: posting in next frame
06-03 16:15:30.350 11640 11640 W View    : requestLayout() improperly called by helium314.keyboard.latin.panels.BrowserPanelView{27dc891 V.E...... ......I. 0,0-1440,2040} during layout: running second layout pass
06-03 16:15:30.354 11640 11640 W View    : requestLayout() improperly called by helium314.keyboard.latin.panels.BrowserPanelView{27dc891 V.E...... ........ 0,0-1440,2040} during second layout pass: posting in next frame
06-03 16:15:30.365 11640 11640 W View    : requestLayout() improperly called by helium314.keyboard.latin.panels.BrowserPanelView{27dc891 V.E...... ......I. 0,0-1440,2040} during layout: running second layout pass
06-03 16:15:30.369 11640 11640 W View    : requestLayout() improperly called by helium314.keyboard.latin.panels.BrowserPanelView{27dc891 V.E...... ........ 0,0-1440,2040} during second layout pass: posting in next frame
06-03 16:15:30.383 11640 11640 W View    : requestLayout() improperly called by helium314.keyboard.latin.panels.BrowserPanelView{27dc891 V.E...... ......I. 0,0-1440,2040} during layout: running second layout pass
06-03 16:15:30.386 11640 11640 W View    : requestLayout() improperly called by helium314.keyboard.latin.panels.BrowserPanelView{27dc891 V.E...... ........ 0,0-1440,2040} during second layout pass: posting in next frame
06-03 16:15:30.400 11640 11640 W View    : requestLayout() improperly called by helium314.keyboard.latin.panels.BrowserPanelView{27dc891 V.E...... ......I. 0,0-1440,2040} during layout: running second layout pass
06-03 16:15:30.408 11640 11640 W View    : requestLayout() improperly called by helium314.keyboard.latin.panels.BrowserPanelView{27dc891 V.E...... ........ 0,0-1440,2040} during second layout pass: posting in next frame
06-03 16:15:30.416 11640 11640 W View    : requestLayout() improperly called by helium314.keyboard.latin.panels.BrowserPanelView{27dc891 V.E...... ......I. 0,0-1440,2040} during layout: running second layout pass
06-03 16:15:30.421 11640 11640 W View    : requestLayout() improperly called by helium314.keyboard.latin.panels.BrowserPanelView{27dc891 V.E...... ........ 0,0-1440,2040} during second layout pass: posting in next frame
06-03 16:15:30.434 11640 11640 W View    : requestLayout() improperly called by helium314.keyboard.latin.panels.BrowserPanelView{27dc891 V.E...... ......I. 0,0-1440,2040} during layout: running second layout pass
06-03 16:15:30.439 11640 11640 W View    : requestLayout() improperly called by helium314.keyboard.latin.panels.BrowserPanelView{27dc891 V.E...... ........ 0,0-1440,2040} during second layout pass: posting in next frame
06-03 16:15:30.451 11640 11640 W View    : requestLayout() improperly called by helium314.keyboard.latin.panels.BrowserPanelView{27dc891 V.E...... ......I. 0,0-1440,2040} during layout: running second layout pass
06-03 16:15:30.457 11640 11640 W View    : requestLayout() improperly called by helium314.keyboard.latin.panels.BrowserPanelView{27dc891 V.E...... ........ 0,0-1440,2040} during second layout pass: posting in next frame
06-03 16:15:30.466 11640 11640 W View    : requestLayout() improperly called by helium314.keyboard.latin.panels.BrowserPanelView{27dc891 V.E...... ......I. 0,0-1440,2040} during layout: running second layout pass
06-03 16:15:30.472 11640 11640 W View    : requestLayout() improperly called by helium314.keyboard.latin.panels.BrowserPanelView{27dc891 V.E...... ........ 0,0-1440,2040} during second layout pass: posting in next frame
06-03 16:15:30.482 11640 11640 W View    : requestLayout() improperly called by helium314.keyboard.latin.panels.BrowserPanelView{27dc891 V.E...... ......I. 0,0-1440,2040} during layout: running second layout pass
06-03 16:15:30.487 11640 11640 W View    : requestLayout() improperly called by helium314.keyboard.latin.panels.BrowserPanelView{27dc891 V.E...... ........ 0,0-1440,2040} during second layout pass: posting in next frame
06-03 16:15:30.499 11640 11640 W View    : requestLayout() improperly called by helium314.keyboard.latin.panels.BrowserPanelView{27dc891 V.E...... ......I. 0,0-1440,2040} during layout: running second layout pass
06-03 16:15:30.493 11640 11640 W com.vibekey.keyboard: type=1400 audit(0.0:93661): avc: denied { nlmsg_readpriv } for comm=536F636B657420546872656164 scontext=u:r:untrusted_app:s0:c78,c271,c512,c768 tcontext=u:r:untrusted_app:s0:c78,c271,c512,c768 tclass=netlink_route_socket permissive=0 bug=b/155595000 app=com.vibekey.keyboard
06-03 16:15:30.504 11640 11640 W View    : requestLayout() improperly called by helium314.keyboard.latin.panels.BrowserPanelView{27dc891 V.E...... ........ 0,0-1440,2040} during second layout pass: posting in next frame
06-03 16:15:30.510 12203 12221 W Isolated Web Content: [JavaScript Warning: "Autoplay is only allowed when approved by the user, the site is activated by the user, or media is muted." {file: "https://static.foxnews.com/static/strike/scripts/libs/prebid.js" line: 1}]
06-03 16:15:30.516 11640 11640 W View    : requestLayout() improperly called by helium314.keyboard.latin.panels.BrowserPanelView{27dc891 V.E...... ......I. 0,0-1440,2040} during layout: running second layout pass
06-03 16:15:30.520 11640 11640 W View    : requestLayout() improperly called by helium314.keyboard.latin.panels.BrowserPanelView{27dc891 V.E...... ........ 0,0-1440,2040} during second layout pass: posting in next frame
06-03 16:15:30.533 11640 11640 W View    : requestLayout() improperly called by helium314.keyboard.latin.panels.BrowserPanelView{27dc891 V.E...... ......I. 0,0-1440,2040} during layout: running second layout pass
06-03 16:15:30.536 11640 11640 W View    : requestLayout() improperly called by helium314.keyboard.latin.panels.BrowserPanelView{27dc891 V.E...... ........ 0,0-1440,2040} during second layout pass: posting in next frame
06-03 16:15:30.543 12203 12221 W Isolated Web Content: [JavaScript Warning: "Autoplay is only allowed when approved by the user, the site is activated by the user, or media is muted." {file: "https://www.foxnews.com/" line: 0}]
06-03 16:15:30.549 11640 11640 W View    : requestLayout() improperly called by helium314.keyboard.latin.panels.BrowserPanelView{27dc891 V.E...... ......I. 0,0-1440,2040} during layout: running second layout pass
06-03 16:15:30.553 11640 11640 W View    : requestLayout() improperly called by helium314.keyboard.latin.panels.BrowserPanelView{27dc891 V.E...... ........ 0,0-1440,2040} during second layout pass: posting in next frame
06-03 16:15:30.565 11640 11640 W View    : requestLayout() improperly called by helium314.keyboard.latin.panels.BrowserPanelView{27dc891 V.E...... ......I. 0,0-1440,2040} during layout: running second layout pass
06-03 16:15:30.570 11640 11640 W View    : requestLayout() improperly called by helium314.keyboard.latin.panels.BrowserPanelView{27dc891 V.E...... ........ 0,0-1440,2040} during second layout pass: posting in next frame
06-03 16:15:30.582 11640 11640 W View    : requestLayout() improperly called by helium314.keyboard.latin.panels.BrowserPanelView{27dc891 V.E...... ......I. 0,0-1440,2040} during layout: running second layout pass
06-03 16:15:30.586 11640 11640 W View    : requestLayout() improperly called by helium314.keyboard.latin.panels.BrowserPanelView{27dc891 V.E...... ........ 0,0-1440,2040} during second layout pass: posting in next frame
06-03 16:15:30.599 11640 11640 W View    : requestLayout() improperly called by helium314.keyboard.latin.panels.BrowserPanelView{27dc891 V.E...... ......I. 0,0-1440,2040} during layout: running second layout pass
