=== VibeKey 4.1.289 (4389) ===

--------- beginning of system
06-12 16:13:04.549  6229  6229 E OplusCustomizeRestrictionManager: sInstance is null, start a new sInstance
06-12 16:14:20.219  6229  7302 E ActivityThread: Failed to find provider info for com.oplus.statistics.provider
06-12 16:14:20.219  6229  7302 E OplusStatistics--: IllegalArgumentException:java.lang.IllegalArgumentException: Unknown URL content://com.oplus.statistics.provider/track_event
06-12 16:16:00.480  6229  7302 E ActivityThread: Failed to find provider info for com.oplus.statistics.provider
06-12 16:16:00.480  6229  7302 E OplusStatistics--: IllegalArgumentException:java.lang.IllegalArgumentException: Unknown URL content://com.oplus.statistics.provider/track_event
--------- beginning of main
06-12 16:16:48.090  6229  9169 W libc    : Access denied finding property "vendor.oplus.media.vpp.stutter"
06-12 16:16:49.090  6229  9169 W libc    : Access denied finding property "vendor.oplus.media.vpp.stutter"
06-12 16:16:50.091  6229  9169 W libc    : Access denied finding property "vendor.oplus.media.vpp.stutter"
06-12 16:16:51.092  6229  9169 W libc    : Access denied finding property "vendor.oplus.media.vpp.stutter"
06-12 16:16:52.094  6229  9169 W libc    : Access denied finding property "vendor.oplus.media.vpp.stutter"
06-12 16:16:52.211  6229  6290 E BLASTBufferQueue: BLASTBufferItemConsumer::onDisconnect()
06-12 16:16:53.095  6229  9169 W libc    : Access denied finding property "vendor.oplus.media.vpp.stutter"
06-12 16:16:54.095  6229  9169 W libc    : Access denied finding property "vendor.oplus.media.vpp.stutter"
06-12 16:16:55.096  6229  9169 W libc    : Access denied finding property "vendor.oplus.media.vpp.stutter"
06-12 16:16:56.096  6229  9169 W libc    : Access denied finding property "vendor.oplus.media.vpp.stutter"
06-12 16:16:57.097  6229  6229 I VkThemes: ▶ generate ref=false descLen=5
06-12 16:16:57.100  6229  9169 W libc    : Access denied finding property "vendor.oplus.media.vpp.stutter"
06-12 16:16:57.102  6229  7302 E ActivityThread: Failed to find provider info for com.oplus.statistics.provider
06-12 16:16:57.102  6229  7302 E OplusStatistics--: IllegalArgumentException:java.lang.IllegalArgumentException: Unknown URL content://com.oplus.statistics.provider/track_event
06-12 16:16:57.134  6229  6379 W cr_MediaCodecBridge: Releasing: OMX.qcom.video.decoder.vp9
06-12 16:16:57.139  6229  9168 E ExtensionsLoader: freeAllBuffers: 4 buffers were freed while being dequeued!
06-12 16:16:57.144  6229  6379 W cr_MediaCodecBridge: Codec released
06-12 16:16:57.158  6229  6473 W ServiceBindIntentUtils: Dynamic lookup for intent failed for action: com.google.android.gms.ads.service.CACHE
06-12 16:16:57.241  6229  9271 W ServiceBindIntentUtils: Dynamic lookup for intent failed for action: com.google.android.gms.ads.service.START
06-12 16:16:57.283  6229  6229 I VkTyping: ▶ open restart=false pkg=com.android.launcher inputType=589825
06-12 16:16:57.610  6229  6290 E BLASTBufferQueue: BLASTBufferItemConsumer::onDisconnect()
06-12 16:16:57.624  6229  6290 E BLASTBufferQueue: BLASTBufferItemConsumer::onDisconnect()
06-12 16:16:58.219  6294  6356 I OnDeviceAssist: warm ok model=qwen2.5-0.5b-instruct-q4_0.gguf ambient=81 chars 1ms
06-12 16:16:58.275  6229  6229 E Ads     : JS: Refused to get unsafe header "X-Afma-Gcache-IsGcacheHit" (https://www.gstatic.com/mysidia/1481c091d9df379c2904f938e54fba0c.js?tag=addon/rewarded_video:435)
06-12 16:16:58.289  6229  6229 E Ads     : JS: Refused to get unsafe header "X-Afma-Gcache-IsGcacheHit" (https://www.gstatic.com/mysidia/1481c091d9df379c2904f938e54fba0c.js?tag=addon/rewarded_video:435)
06-12 16:16:58.314  6229  6379 W libc    : Access denied finding property "vendor.oplus.media.vpp.stutter"
06-12 16:16:58.314  6229  6379 E MULTIMEDIAConfig: [getInt32:L80] Not find config, Returning default
06-12 16:16:58.314  6229  6379 E MULTIMEDIAConfig: [getInt32:L80] Not find config, Returning default
06-12 16:16:58.314  6229  6379 E OplusACodec: [OplusACodec:204] mSrOsieMMListCheckResult:0x0 mOsieVersion:1
06-12 16:16:58.331  6229  9349 E OplusACodec: [GetVideoCodingTypeFromMime:L1162] mime:video/x-vnd.on2.vp9
06-12 16:16:58.442  6229  6379 W cr_MediaCodecBridge: Releasing: OMX.qcom.video.decoder.vp9
06-12 16:16:58.445  6229  9348 E ExtensionsLoader: freeAllBuffers: 13 buffers were freed while being dequeued!
06-12 16:16:58.446  6229  6379 W cr_MediaCodecBridge: Codec released
06-12 16:16:58.565  6229  6229 I VkThemes: ✓ generate 1468ms theme=Minimalist Swiss White
06-12 16:16:58.673  6229  6229 I VkEffects: reload anim=fade blur=0px glow=false stickers=true
06-12 16:16:58.675  6229  6229 I VkThemes: apply theme=Minimalist Swiss White (ai_generate)
06-12 16:16:58.677  6229  6229 I VkSwipe : ○ gesture canceled
06-12 16:16:58.678  6229  6229 I VkSwipe : ○ gesture canceled
06-12 16:16:58.799  6229  7344 W Ads     : Not retrying to fetch app settings
06-12 16:16:58.853  6229  6229 I VkFavorites: save theme Minimalist Swiss White → SAVED
06-12 16:16:58.860  6229  6229 W View    : requestLayout() improperly called by android.widget.LinearLayout{98502ab V.E...... ......ID 0,1868-1440,2818 #7f0a011b app:id/main_keyboard_frame} during layout: running second layout pass
06-12 16:16:59.600  6229  6229 I VkPanels: ▶ open menu
06-12 16:17:01.072  9386  9386 E libcrashpad_handler_trampoline.so: createInstance(64bit) : createExtendedFactory
06-12 16:17:01.078  9386  9386 E libcrashpad_handler_trampoline.so: createInstance(64bit) : createExtendedFactory
06-12 16:17:01.078  9386  9386 E libcrashpad_handler_trampoline.so: Opened libinputextensionsimpl.so
06-12 16:17:01.078  9386  9386 E libcrashpad_handler_trampoline.so: Opened libinputextensionsimpl.so
06-12 16:17:01.080  9386  9386 E libcrashpad_handler_trampoline.so: createInstance(64bit) : createExtendedFactory
06-12 16:17:01.081  9386  9386 E libcrashpad_handler_trampoline.so: createInstance(64bit) : createExtendedFactory
06-12 16:17:01.081  9386  9386 E libcrashpad_handler_trampoline.so: Opened libsensorextimpl.so
06-12 16:17:01.081  9386  9386 E libcrashpad_handler_trampoline.so: Opened libsensorextimpl.so
06-12 16:17:01.271  9386  9386 E chromium: [0612/161701.271276:ERROR:third_party/crashpad/crashpad/util/process/process_memory_range.cc:75] read out of range
06-12 16:17:01.383  6229  6229 W b       : Suggestion generation timed out
--------- beginning of crash
06-12 16:17:01.394  6229  6462 F libc    : Fatal signal 7 (SIGBUS), code 2 (BUS_ADRERR), fault addr 0x75b72b4f4d in tid 6462 (d), pid 6229 (AndroidUI)
06-12 16:17:01.744  9390  9390 E DEBUG   : failed to read /proc/uptime: Permission denied
06-12 16:17:02.186  6229  6229 W b       : Suggestion generation timed out
06-12 16:17:02.769  6229  6229 W b       : Suggestion generation timed out
06-12 16:17:02.919  9390  9390 F DEBUG   : Process name is com.vibekey.keyboard, not key_process
06-12 16:17:02.919  9390  9390 F DEBUG   : keyProcess: 0
06-12 16:17:02.919  9390  9390 F DEBUG   : *** *** *** *** *** *** *** *** *** *** *** *** *** *** *** ***
06-12 16:17:02.919  9390  9390 F DEBUG   : Build fingerprint: 'OnePlus/OnePlus7Pro/OnePlus7Pro:12/SKQ1.211113.001/P.202303230244:user/release-keys'
06-12 16:17:02.919  9390  9390 F DEBUG   : Revision: '0'
06-12 16:17:02.919  9390  9390 F DEBUG   : ABI: 'arm64'
06-12 16:17:02.919  9390  9390 F DEBUG   : Timestamp: 2026-06-12 16:17:01.743917683-0400
06-12 16:17:02.919  9390  9390 F DEBUG   : Process uptime: 0s
06-12 16:17:02.919  9390  9390 F DEBUG   : Cmdline: com.vibekey.keyboard
06-12 16:17:02.919  9390  9390 F DEBUG   : pid: 6229, tid: 6462, name: d  >>> com.vibekey.keyboard <<<
06-12 16:17:02.919  9390  9390 F DEBUG   : uid: 14061
06-12 16:17:02.919  9390  9390 F DEBUG   : signal 7 (SIGBUS), code 2 (BUS_ADRERR), fault addr 0x75b72b4f4d
06-12 16:17:02.919  9390  9390 F DEBUG   :     x0  0000000000000000  x1  000000000000193e  x2  0000000000000007  x3  000000766e27cda0
06-12 16:17:02.919  9390  9390 F DEBUG   :     x4  000000766e27c6a8  x5  000000766e27c6a8  x6  000000766e27c6a8  x7  0000000000000000
06-12 16:17:02.919  9390  9390 F DEBUG   :     x8  00000000000000f0  x9  db746b027190efc7  x10 0000000000004001  x11 0000000000000000
06-12 16:17:02.919  9390  9390 F DEBUG   :     x12 00000000ffffffff  x13 0000000000000000  x14 000000000000001f  x15 00000075b729339e
06-12 16:17:02.919  9390  9390 F DEBUG   :     x16 000000757caad3a8  x17 00000076790b8f10  x18 00000074db18a000  x19 0000000000000007
06-12 16:17:02.919  9390  9390 F DEBUG   :     x20 000000766e27cda0  x21 0000000000001855  x22 000000766e27cd00  x23 0000000000000001
06-12 16:17:02.919  9390  9390 F DEBUG   :     x24 00000074ede5c000  x25 00000074ede59e10  x26 00000074ede59e44  x27 0000000000000001
06-12 16:17:02.919  9390  9390 F DEBUG   :     x28 00000074ede5a438  x29 000000766e27cd20
06-12 16:17:02.919  9390  9390 F DEBUG   :     lr  0000007576cbabc8  sp  000000766e27cd00  pc  00000076790b8f34  pst 0000000000000000
06-12 16:17:02.919  9390  9390 F DEBUG   : backtrace:
06-12 16:17:02.919  9390  9390 F DEBUG   :       #00 pc 0000000000075f34  /apex/com.android.runtime/lib64/bionic/libc.so (syscall+36) (BuildId: bbbdeb7c87c74f1491f92c6e605095b0)
06-12 16:17:02.919  9390  9390 F DEBUG   :       #01 pc 00000000040a9bc4  /data/app/~~-XGWjzmdoRrM1YaZYK883A==/com.google.android.webview-HvpxCmuUIjPsZ4yTEw8s4w==/base.apk!libwebviewchromium.so (BuildId: f447b77da2d76e8d4d133b66c727c3ae532b54bf)
06-12 16:17:02.919  9390  9390 F DEBUG   :       #02 pc 00000000040a03c4  /data/app/~~-XGWjzmdoRrM1YaZYK883A==/com.google.android.webview-HvpxCmuUIjPsZ4yTEw8s4w==/base.apk!libwebviewchromium.so (BuildId: f447b77da2d76e8d4d133b66c727c3ae532b54bf)
06-12 16:17:02.919  9390  9390 F DEBUG   :       #03 pc 0000000000000638  [vdso] (__kernel_rt_sigreturn+0)
06-12 16:17:02.919  9390  9390 F DEBUG   :       #04 pc 00000000000b62f4  /data/app/~~hO0XC-eZlB-G11CPCASIaA==/com.vibekey.keyboard-IXqGMHzc8GaC_xGU8LWRUQ==/lib/arm64/libjni_latinime.so (latinime::PatriciaTrieReadingUtils::getPtNodeArraySizeAndAdvancePosition(unsigned char const*, int, int*)+44) (BuildId: f905dbd1a904967a994cf833116e517b05caa863)
06-12 16:17:02.919  9390  9390 F DEBUG   :       #05 pc 00000000000b8b34  /data/app/~~hO0XC-eZlB-G11CPCASIaA==/com.vibekey.keyboard-IXqGMHzc8GaC_xGU8LWRUQ==/lib/arm64/libjni_latinime.so (latinime::Ver2PtNodeArrayReader::readPtNodeArrayInfoAndReturnIfValid(int, int*, int*) const+80) (BuildId: f905dbd1a904967a994cf833116e517b05caa863)
06-12 16:17:02.919  9390  9390 F DEBUG   :       #06 pc 00000000000b4ce8  /data/app/~~hO0XC-eZlB-G11CPCASIaA==/com.vibekey.keyboard-IXqGMHzc8GaC_xGU8LWRUQ==/lib/arm64/libjni_latinime.so (latinime::DynamicPtReadingHelper::nextPtNodeArray()+68) (BuildId: f905dbd1a904967a994cf833116e517b05caa863)
06-12 16:17:02.919  9390  9390 F DEBUG   :       #07 pc 00000000000b4c3c  /data/app/~~hO0XC-eZlB-G11CPCASIaA==/com.vibekey.keyboard-IXqGMHzc8GaC_xGU8LWRUQ==/lib/arm64/libjni_latinime.so (latinime::DynamicPtReadingHelper::getTerminalPtNodePositionOfWord(int const*, unsigned long, bool)+432) (BuildId: f905dbd1a904967a994cf833116e517b05caa863)
06-12 16:17:02.919  9390  9390 F DEBUG   :       #08 pc 00000000000b7324  /data/app/~~hO0XC-eZlB-G11CPCASIaA==/com.vibekey.keyboard-IXqGMHzc8GaC_xGU8LWRUQ==/lib/arm64/libjni_latinime.so (latinime::PatriciaTriePolicy::getWordId(latinime::IntArrayView, bool) const+184) (BuildId: f905dbd1a904967a994cf833116e517b05caa863)
06-12 16:17:02.919  9390  9390 F DEBUG   :       #09 pc 00000000000a7d54  /data/app/~~hO0XC-eZlB-G11CPCASIaA==/com.vibekey.keyboard-IXqGMHzc8GaC_xGU8LWRUQ==/lib/arm64/libjni_latinime.so (latinime::NgramContext::getWordId(latinime::DictionaryStructureWithBufferPolicy const*, int const*, int, bool, bool)+232) (BuildId: f905dbd1a904967a994cf833116e517b05caa863)
06-12 16:17:02.919  9390  9390 F DEBUG   :       #10 pc 00000000000d337c  /data/app/~~hO0XC-eZlB-G11CPCASIaA==/com.vibekey.keyboard-IXqGMHzc8GaC_xGU8LWRUQ==/lib/arm64/libjni_latinime.so (latinime::DicTraverseSession::init(latinime::Dictionary const*, latinime::NgramContext const*, latinime::SuggestOptions const*)+124) (BuildId: f905dbd1a904967a994cf833116e517b05caa863)
06-12 16:17:02.919  9390  9390 F DEBUG   :       #11 pc 00000000000c8bd0  /data/app/~~hO0XC-eZlB-G11CPCASIaA==/com.vibekey.keyboard-IXqGMHzc8GaC_xGU8LWRUQ==/lib/arm64/libjni_latinime.so (latinime::Dictionary::getSuggestions(latinime::ProximityInfo*, latinime::DicTraverseSession*, int*, int*, int*, int*, int*, int, latinime::NgramContext const*, latinime::SuggestOptions const*, float, latinime::SuggestionResults*) const+104) (BuildId: f905dbd1a904967a994cf833116e517b05caa863)
06-12 16:17:02.919  9390  9390 F DEBUG   :       #12 pc 000000000009fd88  /data/app/~~hO0XC-eZlB-G11CPCASIaA==/com.vibekey.keyboard-IXqGMHzc8GaC_xGU8LWRUQ==/lib/arm64/libjni_latinime.so (BuildId: f905dbd1a904967a994cf833116e517b05caa863)
06-12 16:17:02.919  9390  9390 F DEBUG   :       #13 pc 00000000002c2100  /apex/com.android.art/lib64/libart.so (art_quick_generic_jni_trampoline+144) (BuildId: 7087b2f2160bfbf3335d54ba9779e325)
06-12 16:17:02.919  9390  9390 F DEBUG   :       #14 pc 000000000215b0c0  /memfd:jit-cache (deleted)
06-12 16:17:04.266  9420  9420 E ibekey.keyboar: Unknown bits set in runtime_flags: 0x40000000
06-12 16:17:04.397  9420  9420 W f0      : Could not load system glide typing library jni_latinimegoogle: dlopen failed: library "libjni_latinimegoogle.so" not found
06-12 16:17:04.550  9420  9420 W c       : onSharedPreferenceChanged called before loadSettings.
06-12 16:17:04.550  9420  9420 W t       : No editor info for this field. Bug?
06-12 16:17:04.562  9420  9420 I VkMultilingual: reset main=pt-BR locales=[pt,es,fr] count=3
06-12 16:17:04.593  9420  9420 W ibekey.keyboar: ClassLoaderContext classpath size mismatch. expected=1, found=0 (DLC[];PCL[base.apk*116719914]{PCL[/system/framework/org.apache.http.legacy.jar*3034548894]#PCL[/apex/com.android.extservices/javalib/android.ext.adservices.jar*3839736497]#PCL[/system/framework/com.android.location.provider.jar*3633238672]#PCL[/system/framework/com.android.media.remotedisplay.jar*3472798123]#PCL[/apex/com.android.extservices/javalib/android.ext.adservices.jar*3839736497]} | DLC[];PCL[])
06-12 16:17:04.601  9420  9420 W System  : ClassLoader referenced unknown path: 
06-12 16:17:04.608  9420  9420 W ibekey.keyboar: ClassLoaderContext classpath element checksum mismatch. expected=116719914, found=1046792304 (DLC[];PCL[base.apk*116719914]{PCL[/system/framework/org.apache.http.legacy.jar*3034548894]#PCL[/apex/com.android.extservices/javalib/android.ext.adservices.jar*3839736497]#PCL[/system/framework/com.android.location.provider.jar*3633238672]#PCL[/system/framework/com.android.media.remotedisplay.jar*3472798123]#PCL[/apex/com.android.extservices/javalib/android.ext.adservices.jar*3839736497]} | DLC[];PCL[/data/app/~~hO0XC-eZlB-G11CPCASIaA==/com.vibekey.keyboard-IXqGMHzc8GaC_xGU8LWRUQ==/base.apk*1046792304]{PCL[/apex/com.android.extservices/javalib/android.ext.adservices.jar*3839736497]})
06-12 16:17:04.677  9420  9420 E ibekey.keyboar: ofbOpen failed with error=No such file or directory
06-12 16:17:04.677  9420  9420 E ibekey.keyboar: sysOpen failed with error=No such file or directory
06-12 16:17:04.694  9420  9477 W Ads     : Update ad debug logging enablement as false
06-12 16:17:04.714  9420  9420 E MultiApp.Impl: OplusMultiAppImpl
06-12 16:17:04.786  9420  9420 W libc    : Access denied finding property "ro.vendor.api_level"
06-12 16:17:04.788  9420  9420 W chromium: [WARNING:android_webview/browser/network_service/net_helpers.cc:137] HTTP Cache size is: 20971520
06-12 16:17:04.876  9420  9420 I VkSwipe : ○ gesture canceled
06-12 16:17:04.881  9420  9420 E OplusCustomizeRestrictionManager: sInstance is null, start a new sInstance
06-12 16:17:04.892  9420  9537 W libc    : Access denied finding property "vendor.camera.aux.packagelist"
06-12 16:17:04.892  9420  9537 W libc    : Access denied finding property "vendor.camera.aux.packagelist"
06-12 16:17:04.896  9420  9456 W libc    : Access denied finding property "vendor.camera.aux.packagelist"
06-12 16:17:04.904  9420  9420 I VkEffects: reload anim=fade blur=0px glow=false stickers=true
06-12 16:17:05.025  9420  9420 I VkTyping: ▶ open restart=false pkg=com.android.launcher inputType=589825
06-12 16:17:05.160  9420  9420 W View    : requestLayout() improperly called by android.widget.LinearLayout{1fb4549 V.E...... ......ID 0,1868-1440,2818 #7f0a011b app:id/main_keyboard_frame} during layout: running second layout pass
06-12 16:17:05.284  9420  9512 W cr_media: BLUETOOTH_CONNECT permission is missing.
06-12 16:17:05.285  9420  9512 W cr_media: getBluetoothAdapter() requires BLUETOOTH permission
06-12 16:17:05.285  9420  9512 W cr_media: registerBluetoothIntentsIfNeeded: Requires BLUETOOTH permission
06-12 16:17:05.405  9420  9454 W VibeKeyProfiler: Slow Native Suggest: Total=14.38ms | Init=0.02ms | TrieExpand(x7)=14.34ms | Scoring=0.02ms | inputSize=14
06-12 16:17:05.422  9420  9454 I VkSuggestions: decode typedLen=14 candidates=18 locales=3 76,7ms
06-12 16:17:05.423  9420  9454 W VkSuggestions: slow frame 76,7ms locales=3 typedLen=14 candidates=18 parallelWait=76,5ms
06-12 16:17:05.463  9420  9523 W AudioCapabilities: Unsupported mime audio/ffmpeg
06-12 16:17:05.466  9420  9454 I VkSuggestions: strip composing typedLen=14 candidates=11 autocorrect=false top=amigoiyyeiiuue locale=pt
06-12 16:17:05.468  9420  9523 W VideoCapabilities: Unsupported mime video/ffmpeg
06-12 16:17:05.469  9420  9523 W VideoCapabilities: Unrecognized profile/level 0/3 for video/mpeg2
06-12 16:17:05.469  9420  9523 W VideoCapabilities: Unrecognized profile/level 0/3 for video/mpeg2
06-12 16:17:05.487  9420  9573 W Settings: Setting animator_duration_scale has moved from android.provider.Settings.System to android.provider.Settings.Global, returning read-only global URI.
06-12 16:17:05.507  9420  9573 E GeckoLibLoad: Load sqlite start
06-12 16:17:05.510  9420  9573 E GeckoLibLoad: Load sqlite done
06-12 16:17:05.510  9420  9573 E GeckoLibLoad: Load nss start
06-12 16:17:05.510  9420  9573 E GeckoLibLoad: Load nss done
06-12 16:17:05.654  9420  9573 E GeckoLibLoad: Loaded libs in 143.548749ms total, 5ms(353ms) user, 21ms(89ms) system, 69(70) faults
06-12 16:17:05.654  9420  9573 W GeckoThread: zerdatime 972266519 - runGecko
06-12 16:17:05.665  9420  9420 I VkTyping: ▶ open restart=true pkg=com.android.launcher inputType=589825
06-12 16:17:05.737  6294  6867 I OnDeviceAssist: warm ok model=qwen2.5-0.5b-instruct-q4_0.gguf ambient=90 chars 1ms
06-12 16:17:05.894  9420  9420 W com.vibekey.keyboard: type=1400 audit(0.0:411948): avc: denied { bind } for comm=4E65746C696E6B204D6F6E69746F72 scontext=u:r:untrusted_app:s0:c221,c271,c512,c768 tcontext=u:r:untrusted_app:s0:c221,c271,c512,c768 tclass=netlink_route_socket permissive=0 bug=b/155595000 app=com.vibekey.keyboard
06-12 16:17:05.969  9420  9573 E ibekey.keyboar: hiddenapi: Accessing hidden field Ljava/lang/Boolean;->value:Z (runtime_flags=0, domain=core-platform, api=max-target-p) from Lorg/mozilla/gecko/GeckoThread; (domain=app, TargetSdkVersion=35) using JNI: denied
06-12 16:17:05.971  9420  9573 E ibekey.keyboar: hiddenapi: Accessing hidden field Ljava/lang/Integer;->value:I (runtime_flags=0, domain=core-platform, api=max-target-p) from Lorg/mozilla/gecko/GeckoThread; (domain=app, TargetSdkVersion=35) using JNI: denied
06-12 16:17:05.971  9420  9573 E ibekey.keyboar: hiddenapi: Accessing hidden field Ljava/lang/Long;->value:J (runtime_flags=0, domain=core-platform, api=max-target-p) from Lorg/mozilla/gecko/GeckoThread; (domain=app, TargetSdkVersion=35) using JNI: denied
06-12 16:17:05.971  9420  9573 E ibekey.keyboar: hiddenapi: Accessing hidden field Ljava/lang/Double;->value:D (runtime_flags=0, domain=core-platform, api=max-target-p) from Lorg/mozilla/gecko/GeckoThread; (domain=app, TargetSdkVersion=35) using JNI: denied
06-12 16:17:06.029  9599  9599 E .keyboard:tab1: Unknown bits set in runtime_flags: 0x40000000
06-12 16:17:06.534  6294  6356 I OnDeviceAssist: warm ok model=qwen2.5-0.5b-instruct-q4_0.gguf ambient=40 chars 0ms
06-12 16:17:06.711  9420  9454 I VkSuggestions: decode typedLen=2 candidates=18 locales=3 14,3ms
06-12 16:17:06.713  9420  9454 I VkSuggestions: strip composing typedLen=2 candidates=14 autocorrect=false top=jh locale=pt
06-12 16:17:06.971  9420  9454 W VibeKeyProfiler: Slow Native Suggest: Total=11.83ms | Init=0.26ms | TrieExpand(x12)=11.52ms | Scoring=0.04ms | inputSize=3
06-12 16:17:06.991  9420  9454 W VibeKeyProfiler: Slow Native Suggest: Total=11.06ms | Init=0.22ms | TrieExpand(x12)=10.79ms | Scoring=0.04ms | inputSize=3
06-12 16:17:07.001  9420  9454 I VkSuggestions: decode typedLen=3 candidates=18 locales=3 43,0ms
06-12 16:17:07.002  9420  9454 W VkSuggestions: slow frame 43,0ms locales=3 typedLen=3 candidates=18 parallelWait=42,5ms
06-12 16:17:07.004  9420  9454 I VkSuggestions: strip composing typedLen=3 candidates=16 autocorrect=false top=jhh locale=pt
06-12 16:17:07.172  9420  9454 W VibeKeyProfiler: Slow Native Suggest: Total=29.59ms | Init=0.24ms | TrieExpand(x9)=29.14ms | Scoring=0.20ms | inputSize=4
06-12 16:17:07.195  9420  9454 W VibeKeyProfiler: Slow Native Suggest: Total=11.95ms | Init=0.10ms | TrieExpand(x12)=11.77ms | Scoring=0.07ms | inputSize=4
06-12 16:17:07.207  9420  9454 I VkSuggestions: decode typedLen=4 candidates=18 locales=3 69,3ms
06-12 16:17:07.210  9420  9454 W VkSuggestions: slow frame 69,3ms locales=3 typedLen=4 candidates=18 parallelWait=68,9ms
06-12 16:17:07.214  9420  9454 I VkSuggestions: strip composing typedLen=4 candidates=16 autocorrect=false top=jhhd locale=pt
06-12 16:17:08.191  9420  9420 I VkSwipe : ▶ gesture started locale=pt-BR
06-12 16:17:08.220  9420  9454 W VibeKeyProfiler: Slow Native Suggest: Total=11.77ms | Init=0.01ms | TrieExpand(x18)=11.74ms | Scoring=0.02ms | inputSize=1
06-12 16:17:08.227  9420  9454 I VkSuggestions: decode typedLen=0 candidates=18 locales=3 31,2ms
06-12 16:17:08.227  9420  9454 W VkSuggestions: slow frame 31,2ms locales=3 typedLen=0 candidates=18 parallelWait=31,1ms
06-12 16:17:08.238  9420  9454 I VkSuggestions: decode typedLen=4 candidates=18 locales=3 8,9ms
06-12 16:17:08.251  9420  9454 I VkSuggestions: decode typedLen=0 candidates=18 locales=3 12,2ms
06-12 16:17:08.368  9420  9454 I VkSuggestions: decode typedLen=4 candidates=18 locales=3 14,0ms
06-12 16:17:08.387  9420  9454 I VkSuggestions: decode typedLen=0 candidates=18 locales=3 18,5ms
06-12 16:17:08.387  9420  9454 W VkSuggestions: slow frame 18,5ms locales=3 typedLen=0 candidates=18 parallelWait=18,4ms
06-12 16:17:08.414  9420  9420 I VkSwipe : ✓ gesture points=39 decodedLen=4 candidates=15 top=jiti 223ms
06-12 16:17:09.049  9420  9420 I VkSwipe : ▶ gesture started locale=pt-BR
06-12 16:17:09.065  9420  9454 W VibeKeyProfiler: Slow Native Suggest: Total=11.51ms | Init=0.10ms | TrieExpand(x15)=11.36ms | Scoring=0.05ms | inputSize=2
06-12 16:17:09.082  9420  9454 W VibeKeyProfiler: Slow Native Suggest: Total=10.78ms | Init=0.08ms | TrieExpand(x12)=10.65ms | Scoring=0.05ms | inputSize=2
06-12 16:17:09.089  9420  9454 W VkSuggestions: slow frame 35,5ms locales=3 typedLen=0 candidates=18 parallelWait=35,4ms
06-12 16:17:09.183  9420  9454 I VkSuggestions: decode typedLen=2 candidates=18 locales=3 18,5ms
06-12 16:17:09.184  9420  9454 W VkSuggestions: slow frame 18,5ms locales=3 typedLen=2 candidates=18 parallelWait=18,2ms
06-12 16:17:09.195  9420  9454 W VibeKeyProfiler: Slow Native Suggest: Total=10.36ms | Init=0.12ms | TrieExpand(x7)=10.19ms | Scoring=0.05ms | inputSize=10
06-12 16:17:09.217  9420  9454 W VibeKeyProfiler: Slow Native Suggest: Total=13.48ms | Init=0.11ms | TrieExpand(x7)=13.32ms | Scoring=0.04ms | inputSize=10
06-12 16:17:09.228  9420  9454 I VkSuggestions: decode typedLen=0 candidates=18 locales=3 43,5ms
06-12 16:17:09.229  9420  9454 W VkSuggestions: slow frame 43,5ms locales=3 typedLen=0 candidates=18 parallelWait=43,0ms
06-12 16:17:09.930  9420  9454 W VibeKeyProfiler: Slow Native Suggest: Total=11.38ms | Init=0.10ms | TrieExpand(x11)=11.24ms | Scoring=0.04ms | inputSize=3
06-12 16:17:09.943  9420  9454 I VkSuggestions: decode typedLen=3 candidates=18 locales=3 25,1ms
06-12 16:17:09.943  9420  9454 W VkSuggestions: slow frame 25,1ms locales=3 typedLen=3 candidates=18 parallelWait=24,9ms
06-12 16:17:09.958  9420  9454 I VkSuggestions: decode typedLen=0 candidates=18 locales=3 14,1ms
06-12 16:17:09.968  9420  9420 I VkSwipe : ✓ gesture points=41 decodedLen=3 candidates=13 top=hop 919ms
06-12 16:17:10.515  9420  9454 I VkSuggestions: decode typedLen=1 candidates=18 locales=3 25,0ms
06-12 16:17:10.515  9420  9454 W VkSuggestions: slow frame 25,0ms locales=3 typedLen=1 candidates=18 parallelWait=24,9ms
06-12 16:17:10.516  9420  9454 I VkSuggestions: strip composing typedLen=1 candidates=16 autocorrect=false top=d locale=pt
06-12 16:17:10.645  9420  9454 I VkSuggestions: decode typedLen=2 candidates=18 locales=3 17,6ms
06-12 16:17:10.645  9420  9454 W VkSuggestions: slow frame 17,6ms locales=3 typedLen=2 candidates=18 parallelWait=17,5ms
06-12 16:17:10.646  9420  9454 I VkSuggestions: strip composing typedLen=2 candidates=13 autocorrect=false top=du locale=pt
06-12 16:17:12.275  9420  9454 W VibeKeyProfiler: Slow Native Suggest: Total=11.44ms | Init=0.19ms | TrieExpand(x6)=11.20ms | Scoring=0.04ms | inputSize=8
06-12 16:17:12.288  9420  9454 I VkSuggestions: decode typedLen=8 candidates=18 locales=3 24,6ms
06-12 16:17:12.289  9420  9454 W VkSuggestions: slow frame 24,6ms locales=3 typedLen=8 candidates=18 parallelWait=24,4ms
06-12 16:17:12.295  9420  9454 I VkSuggestions: strip composing typedLen=8 candidates=18 autocorrect=false top=duyhejje locale=pt
06-12 16:17:12.569  9420  9454 I VkSuggestions: decode typedLen=9 candidates=18 locales=3 12,4ms
06-12 16:17:12.575  9420  9454 I VkSuggestions: strip composing typedLen=9 candidates=19 autocorrect=false top=duyhejjeu locale=pt
06-12 16:17:12.739  9420  9454 I VkSuggestions: decode typedLen=10 candidates=18 locales=3 6,5ms
06-12 16:17:12.740  9420  9454 I VkSuggestions: strip composing typedLen=10 candidates=19 autocorrect=false top=duyhejjeuu locale=pt
06-12 16:17:14.701  9420  9685 E ibekey.keyboar: Attempt to load writable dex file: /data/user/0/com.vibekey.keyboard/app_pccache/5/C571D7DB2E7379E33F5626D87812BBADE73E9BAD/pcam.jar
06-12 16:17:14.704  9420  9420 W AdWorker(Defaul: type=1400 audit(0.0:411953): avc: granted { execute } for path="/data/data/com.vibekey.keyboard/app_pccache/5/C571D7DB2E7379E33F5626D87812BBADE73E9BAD/pcam.jar" dev="dm-2" ino=132025 scontext=u:r:untrusted_app:s0:c221,c271,c512,c768 tcontext=u:object_r:app_data_file:s0:c221,c271,c512,c768 tclass=file app=com.vibekey.keyboard
06-12 16:17:14.723  9420  9584 W Ads     : Invoke Firebase method getInstance error.
06-12 16:17:14.723  9420  9584 W Ads     : The Google Mobile Ads SDK will not integrate with Firebase. Admob/Firebase integration requires the latest Firebase SDK jar, but Firebase SDK is either missing or out of date
06-12 16:17:14.745  9420  9683 W ServiceBindIntentUtils: Dynamic lookup for intent failed for action: com.google.android.gms.ads.service.CACHE
06-12 16:17:14.793  9420  9712 W ServiceBindIntentUtils: Dynamic lookup for intent failed for action: com.google.android.gms.ads.service.START
06-12 16:17:14.813  9420  9705 W Ads     : Not retrying to fetch app settings
06-12 16:17:14.825  9420  9584 W Ads     : Not retrying to fetch app settings
06-12 16:17:14.950  9420  9454 I VkSuggestions: decode typedLen=4 candidates=18 locales=3 13,5ms
06-12 16:17:14.954  9420  9454 I VkSuggestions: strip composing typedLen=4 candidates=14 autocorrect=false top=jhhd locale=pt
06-12 16:17:15.198  9420  9420 W AdManager: Rewarded load failed tier=PRIMARY code=3 domain=com.google.android.gms.ads message=No fill.
06-12 16:17:15.254  9420  9454 I VkSuggestions: decode typedLen=0 candidates=1 locales=3 1,0ms
06-12 16:17:15.256  9420  9454 I VkSuggestions: strip prediction typedLen=0 candidates=1 autocorrect=false top=hola locale=pt
06-12 16:17:15.884  9420  9420 E Ads     : JS: Uncaught TypeError: Cannot read properties of null (reading 's') (https://pagead2.googlesyndication.com/omsdk/releases/live/omsdk-v1.js:27)
06-12 16:17:16.315  9420  9454 I VkSuggestions: decode typedLen=1 candidates=18 locales=3 22,5ms
06-12 16:17:16.315  9420  9454 W VkSuggestions: slow frame 22,5ms locales=3 typedLen=1 candidates=18 parallelWait=22,3ms
06-12 16:17:16.316  9420  9454 I VkSuggestions: strip composing typedLen=1 candidates=18 autocorrect=false top=h locale=pt
06-12 16:17:16.583  9420  9454 I VkSuggestions: decode typedLen=2 candidates=18 locales=3 16,9ms
06-12 16:17:16.583  9420  9454 W VkSuggestions: slow frame 16,9ms locales=3 typedLen=2 candidates=18 parallelWait=16,8ms
06-12 16:17:16.584  9420  9454 I VkSuggestions: strip composing typedLen=2 candidates=17 autocorrect=false top=hi locale=pt
06-12 16:17:16.790  9420  9454 I VkSuggestions: decode typedLen=3 candidates=18 locales=3 12,5ms
06-12 16:17:16.791  9420  9454 I VkSuggestions: strip composing typedLen=3 candidates=18 autocorrect=false top=hie locale=pt
06-12 16:17:16.939  9420  9454 I VkSuggestions: decode typedLen=4 candidates=18 locales=3 23,0ms
06-12 16:17:16.939  9420  9454 W VkSuggestions: slow frame 23,0ms locales=3 typedLen=4 candidates=18 parallelWait=22,8ms
06-12 16:17:16.942  9420  9454 I VkSuggestions: strip composing typedLen=4 candidates=18 autocorrect=false top=hieu locale=pt
06-12 16:17:18.169  9420  9454 I VkSuggestions: strip prediction typedLen=0 candidates=1 autocorrect=false top=hola locale=pt
06-12 16:17:18.376  9420  9420 I VkSwipe : ▶ gesture started locale=pt-BR
06-12 16:17:18.466  9420  9454 I VkSuggestions: decode typedLen=2 candidates=18 locales=3 21,0ms
06-12 16:17:18.467  9420  9454 W VkSuggestions: slow frame 21,0ms locales=3 typedLen=2 candidates=18 parallelWait=20,8ms
06-12 16:17:18.490  9420  9454 W VibeKeyProfiler: Slow Native Suggest: Total=9.48ms | Init=0.04ms | TrieExpand(x6)=9.39ms | Scoring=0.05ms | inputSize=10
06-12 16:17:18.495  9420  9454 I VkSuggestions: decode typedLen=0 candidates=18 locales=3 27,8ms
06-12 16:17:18.495  9420  9454 W VkSuggestions: slow frame 27,8ms locales=3 typedLen=0 candidates=18 parallelWait=27,7ms
06-12 16:17:18.666  9420  9454 I VkSuggestions: decode typedLen=3 candidates=18 locales=3 17,7ms
06-12 16:17:18.666  9420  9454 W VkSuggestions: slow frame 17,7ms locales=3 typedLen=3 candidates=18 parallelWait=17,6ms
06-12 16:17:18.679  9420  9454 W VibeKeyProfiler: Slow Native Suggest: Total=8.30ms | Init=0.08ms | TrieExpand(x14)=8.20ms | Scoring=0.02ms | inputSize=21
06-12 16:17:18.689  9420  9454 I VkSuggestions: decode typedLen=0 candidates=18 locales=3 22,1ms
06-12 16:17:18.689  9420  9454 W VkSuggestions: slow frame 22,1ms locales=3 typedLen=0 candidates=18 parallelWait=21,9ms
06-12 16:17:18.959  9420  9454 I VkSuggestions: decode typedLen=4 candidates=18 locales=3 16,7ms
06-12 16:17:18.960  9420  9454 W VkSuggestions: slow frame 16,7ms locales=3 typedLen=4 candidates=18 parallelWait=16,5ms
06-12 16:17:18.979  9420  9454 W VibeKeyProfiler: Slow Native Suggest: Total=13.35ms | Init=0.12ms | TrieExpand(x20)=13.21ms | Scoring=0.02ms | inputSize=39
06-12 16:17:18.988  9420  9454 I VkSuggestions: decode typedLen=0 candidates=18 locales=3 27,9ms
06-12 16:17:18.988  9420  9454 W VkSuggestions: slow frame 27,9ms locales=3 typedLen=0 candidates=18 parallelWait=27,7ms
06-12 16:17:18.999  9420  9420 I VkSwipe : ✓ gesture points=39 decodedLen=4 candidates=16 top=johb 622ms
06-12 16:17:19.289  9420  9454 I VkSuggestions: decode typedLen=1 candidates=18 locales=3 18,2ms
06-12 16:17:19.289  9420  9454 W VkSuggestions: slow frame 18,2ms locales=3 typedLen=1 candidates=18 parallelWait=17,9ms
06-12 16:17:19.291  9420  9454 I VkAutocorrect: offered: e → e
06-12 16:17:19.291  9420  9454 I VkSuggestions: strip composing typedLen=1 candidates=18 autocorrect=true top=e locale=fr
06-12 16:17:19.436  9420  9454 I VkSuggestions: decode typedLen=2 candidates=18 locales=3 11,5ms
06-12 16:17:19.438  9420  9454 I VkSuggestions: strip composing typedLen=2 candidates=15 autocorrect=false top=ej locale=fr
06-12 16:17:19.603  9420  9454 I VkSuggestions: decode typedLen=3 candidates=18 locales=3 11,4ms
06-12 16:17:19.604  9420  9454 I VkSuggestions: strip composing typedLen=3 candidates=16 autocorrect=false top=ejj locale=fr
06-12 16:17:19.779  9420  9454 I VkSuggestions: decode typedLen=4 candidates=18 locales=3 9,6ms
06-12 16:17:19.781  9420  9454 I VkSuggestions: strip composing typedLen=4 candidates=18 autocorrect=false top=ejjh locale=fr
06-12 16:17:19.931  9420  9454 I VkSuggestions: decode typedLen=5 candidates=18 locales=3 5,9ms
06-12 16:17:19.932  9420  9454 I VkSuggestions: strip composing typedLen=5 candidates=18 autocorrect=false top=ejjhh locale=fr
06-12 16:17:20.164  9420  9454 I VkSuggestions: decode typedLen=7 candidates=18 locales=3 4,2ms
06-12 16:17:20.166  9420  9454 I VkSuggestions: strip composing typedLen=7 candidates=19 autocorrect=false top=ejjhhei locale=fr
06-12 16:17:20.324  9420  9454 I VkSuggestions: decode typedLen=8 candidates=18 locales=3 3,3ms
06-12 16:17:20.326  9420  9454 I VkSuggestions: strip composing typedLen=8 candidates=19 autocorrect=false top=ejjhheii locale=fr
06-12 16:17:20.449  9420  9765 E FilePhenotypeFlags: Config package com.google.android.gms.clearcut_client#com.vibekey.keyboard cannot use FILE backing without declarative registration. See go/phenotype-android-integration#phenotype for more information. This will lead to stale flags.
06-12 16:17:20.469  9420  9765 E FilePhenotypeFlags: Config package com.google.android.gms.clearcut_client#com.vibekey.keyboard cannot use FILE backing without declarative registration. See go/phenotype-android-integration#phenotype for more information. This will lead to stale flags.
06-12 16:17:20.469  9420  9765 E FilePhenotypeFlags: Config package com.google.android.gms.clearcut_client#com.vibekey.keyboard cannot use FILE backing without declarative registration. See go/phenotype-android-integration#phenotype for more information. This will lead to stale flags.
06-12 16:17:20.484  9420  9454 I VkSuggestions: decode typedLen=9 candidates=18 locales=3 10,2ms
06-12 16:17:20.485  9420  9454 I VkSuggestions: strip composing typedLen=9 candidates=19 autocorrect=false top=ejjhheiie locale=fr
06-12 16:17:20.646  9420  9454 I VkSuggestions: decode typedLen=10 candidates=18 locales=3 11,8ms
06-12 16:17:20.647  9420  9454 I VkSuggestions: strip composing typedLen=10 candidates=19 autocorrect=false top=ejjhheiien locale=fr
06-12 16:17:20.815  9420  9454 I VkSuggestions: decode typedLen=11 candidates=18 locales=3 18,9ms
06-12 16:17:20.815  9420  9454 W VkSuggestions: slow frame 18,9ms locales=3 typedLen=11 candidates=18 parallelWait=18,7ms
06-12 16:17:20.817  9420  9454 I VkSuggestions: strip composing typedLen=11 candidates=19 autocorrect=false top=ejjhheiienn locale=fr
06-12 16:17:21.008  9420  9454 I VkSuggestions: decode typedLen=12 candidates=18 locales=3 10,8ms
06-12 16:17:21.009  9420  9454 I VkSuggestions: strip composing typedLen=12 candidates=19 autocorrect=false top=ejjhheiiennh locale=fr
06-12 16:17:21.161  9420  9454 I VkSuggestions: decode typedLen=13 candidates=18 locales=3 14,4ms
06-12 16:17:21.163  9420  9454 I VkSuggestions: strip composing typedLen=13 candidates=19 autocorrect=false top=ejjhheiiennhe locale=fr
06-12 16:17:22.904  9420  9454 I VkSuggestions: strip prediction typedLen=0 candidates=1 autocorrect=false top=hola locale=fr
06-12 16:17:23.496  9420  9454 I VkSuggestions: decode typedLen=1 candidates=18 locales=3 29,4ms
06-12 16:17:23.496  9420  9454 W VkSuggestions: slow frame 29,4ms locales=3 typedLen=1 candidates=18 parallelWait=29,3ms
06-12 16:17:23.497  9420  9454 I VkSuggestions: strip composing typedLen=1 candidates=18 autocorrect=false top=j locale=fr
06-12 16:17:23.700  9420  9454 I VkSuggestions: decode typedLen=2 candidates=18 locales=3 15,1ms
06-12 16:17:23.702  9420  9454 I VkSuggestions: strip composing typedLen=2 candidates=18 autocorrect=false top=ju locale=fr
06-12 16:17:23.862  9420  9454 I VkSuggestions: decode typedLen=3 candidates=18 locales=3 11,2ms
06-12 16:17:23.863  9420  9454 I VkSuggestions: strip composing typedLen=3 candidates=18 autocorrect=false top=juh locale=fr
06-12 16:17:24.088  9420  9454 I VkSuggestions: decode typedLen=5 candidates=18 locales=3 11,2ms
06-12 16:17:24.090  9420  9454 I VkSuggestions: strip composing typedLen=5 candidates=19 autocorrect=false top=juheh locale=fr
06-12 16:17:24.255  9420  9454 I VkSuggestions: decode typedLen=6 candidates=18 locales=3 4,1ms
06-12 16:17:24.257  9420  9454 I VkSuggestions: strip composing typedLen=6 candidates=19 autocorrect=false top=juhehh locale=fr
06-12 16:17:24.398  9420  9454 I VkSuggestions: decode typedLen=7 candidates=18 locales=3 8,3ms
06-12 16:17:24.400  9420  9454 I VkSuggestions: strip composing typedLen=7 candidates=19 autocorrect=false top=juhehhe locale=fr
06-12 16:17:25.642  9420  9454 I VkSuggestions: strip prediction typedLen=0 candidates=1 autocorrect=false top=hola locale=fr
06-12 16:17:26.250  9420  9454 I VkSuggestions: decode typedLen=1 candidates=18 locales=3 17,5ms
06-12 16:17:26.251  9420  9454 W VkSuggestions: slow frame 17,5ms locales=3 typedLen=1 candidates=18 parallelWait=17,3ms
06-12 16:17:26.252  9420  9454 I VkSuggestions: strip composing typedLen=1 candidates=15 autocorrect=false top=u locale=fr
06-12 16:17:26.408  9420  9454 I VkSuggestions: decode typedLen=2 candidates=18 locales=3 14,1ms
06-12 16:17:26.409  9420  9454 I VkSuggestions: strip composing typedLen=2 candidates=18 autocorrect=false top=uu locale=fr
06-12 16:17:26.595  9420  9454 I VkSuggestions: decode typedLen=3 candidates=18 locales=3 11,7ms
06-12 16:17:26.597  9420  9454 I VkSuggestions: strip composing typedLen=3 candidates=19 autocorrect=false top=uuy locale=fr
06-12 16:17:26.833  9420  9454 I VkSuggestions: decode typedLen=5 candidates=18 locales=3 10,1ms
06-12 16:17:26.834  9420  9454 I VkSuggestions: strip composing typedLen=5 candidates=18 autocorrect=false top=uuyeh locale=fr
06-12 16:17:26.984  9420  9454 I VkSuggestions: decode typedLen=6 candidates=18 locales=3 5,7ms
06-12 16:17:26.986  9420  9454 I VkSuggestions: strip composing typedLen=6 candidates=17 autocorrect=false top=uuyehh locale=fr
06-12 16:17:27.128  9420  9454 I VkSuggestions: decode typedLen=7 candidates=18 locales=3 10,3ms
06-12 16:17:27.132  9420  9454 I VkSuggestions: strip composing typedLen=7 candidates=18 autocorrect=false top=uuyehhe locale=fr
06-12 16:17:28.177  9420  9454 I VkSuggestions: strip prediction typedLen=0 candidates=1 autocorrect=false top=hola locale=fr
06-12 16:17:28.394  9420  9420 I VkSwipe : ▶ gesture started locale=pt-BR
06-12 16:17:28.412  9420  9454 I VkSuggestions: decode typedLen=0 candidates=18 locales=3 16,2ms
06-12 16:17:28.412  9420  9454 W VkSuggestions: slow frame 16,2ms locales=3 typedLen=0 candidates=18 parallelWait=16,0ms
06-12 16:17:28.517  9420  9454 I VkSuggestions: decode typedLen=2 candidates=18 locales=3 17,9ms
06-12 16:17:28.517  9420  9454 W VkSuggestions: slow frame 17,9ms locales=3 typedLen=2 candidates=18 parallelWait=17,7ms
06-12 16:17:28.537  9420  9454 W VibeKeyProfiler: Slow Native Suggest: Total=8.11ms | Init=0.08ms | TrieExpand(x13)=8.01ms | Scoring=0.01ms | inputSize=13
06-12 16:17:28.537  9420  9454 I VkSuggestions: decode typedLen=0 candidates=18 locales=3 19,9ms
06-12 16:17:28.538  9420  9454 W VkSuggestions: slow frame 19,9ms locales=3 typedLen=0 candidates=18 parallelWait=19,8ms
06-12 16:17:28.554  9420  9454 I VkSuggestions: decode typedLen=2 candidates=18 locales=3 14,9ms
06-12 16:17:28.566  9420  9454 I VkSuggestions: decode typedLen=0 candidates=18 locales=3 11,3ms
06-12 16:17:28.762  9420  9420 I VkSwipe : ▶ gesture started locale=pt-BR
06-12 16:17:28.780  9420  9454 W VibeKeyProfiler: Slow Native Suggest: Total=8.84ms | Init=0.27ms | TrieExpand(x22)=8.54ms | Scoring=0.03ms | inputSize=1
06-12 16:17:28.794  9420  9454 W VkSuggestions: slow frame 30,7ms locales=3 typedLen=0 candidates=18 parallelWait=30,6ms
06-12 16:17:28.878  9420  9454 I VkSuggestions: decode typedLen=2 candidates=18 locales=3 14,0ms
06-12 16:17:28.898  9420  9454 I VkSuggestions: decode typedLen=0 candidates=18 locales=3 19,5ms
06-12 16:17:28.898  9420  9454 W VkSuggestions: slow frame 19,5ms locales=3 typedLen=0 candidates=18 parallelWait=19,4ms
06-12 16:17:29.375  9420  9454 I VkSuggestions: decode typedLen=3 candidates=18 locales=3 13,0ms
06-12 16:17:29.399  9420  9454 W VibeKeyProfiler: Slow Native Suggest: Total=12.50ms | Init=0.09ms | TrieExpand(x12)=12.39ms | Scoring=0.02ms | inputSize=46
06-12 16:17:29.400  9420  9454 I VkSuggestions: decode typedLen=0 candidates=18 locales=3 24,0ms
06-12 16:17:29.400  9420  9454 W VkSuggestions: slow frame 24,0ms locales=3 typedLen=0 candidates=18 parallelWait=23,9ms
06-12 16:17:29.414  9420  9420 I VkSwipe : ✓ gesture points=46 decodedLen=3 candidates=12 top=rnp 652ms
06-12 16:17:30.222  9420  9804 W ServiceBindIntentUtils: Dynamic lookup for intent failed for action: com.google.android.gms.ads.service.START
06-12 16:17:31.031  9420  9420 E Ads     : JS: Refused to get unsafe header "X-Afma-Gcache-IsGcacheHit" (https://www.gstatic.com/mysidia/1481c091d9df379c2904f938e54fba0c.js?tag=addon/rewarded_video:435)
06-12 16:17:31.115  9420  9420 E Ads     : JS: Refused to get unsafe header "X-Afma-Gcache-IsGcacheHit" (https://www.gstatic.com/mysidia/1481c091d9df379c2904f938e54fba0c.js?tag=addon/rewarded_video:435)
06-12 16:17:31.168  9420  9501 W libc    : Access denied finding property "vendor.oplus.media.vpp.stutter"
06-12 16:17:31.173  9420  9501 E MULTIMEDIAConfig: [getInt32:L80] Not find config, Returning default
06-12 16:17:31.173  9420  9501 E MULTIMEDIAConfig: [getInt32:L80] Not find config, Returning default
06-12 16:17:31.174  9420  9501 E OplusACodec: [OplusACodec:204] mSrOsieMMListCheckResult:0x0 mOsieVersion:1
06-12 16:17:31.200  9420  9827 E OplusACodec: [GetVideoCodingTypeFromMime:L1162] mime:video/x-vnd.on2.vp9
06-12 16:17:31.290  9420  9501 W cr_MediaCodecBridge: Releasing: OMX.qcom.video.decoder.vp9
06-12 16:17:31.291  9420  9826 E ExtensionsLoader: freeAllBuffers: 13 buffers were freed while being dequeued!
06-12 16:17:31.291  9420  9501 W cr_MediaCodecBridge: Codec released
06-12 16:17:31.363  9420  9420 I VkPanels: ▶ open menu
06-12 16:17:32.985  9420  9420 I VkTyping: ○ hidden
06-12 16:17:33.134  9420  9420 W Settings: Setting transition_animation_scale has moved from android.provider.Settings.System to android.provider.Settings.Global, returning read-only value.
06-12 16:17:34.319  9420  9429 W ibekey.keyboar: Cleared Reference was only reachable from finalizer (only reported once)
06-12 16:17:36.441  9420  9491 E BLASTBufferQueue: BLASTBufferItemConsumer::onDisconnect()

=== Feature activity (persisted across restarts) ===
2026-06-12 16:13:02.389687 I VkFavorites: save card Bitcoin Vibe activate=false
2026-06-12 16:13:02.458884 I VkFavorites: save card Doge Meme activate=false
2026-06-12 16:13:02.525591 I VkFavorites: save card Ethereum Vibes activate=false
2026-06-12 16:13:02.575440 I VkFavorites: save card India Popular City activate=false
2026-06-12 16:13:02.654933 I VkFavorites: save card Miami Beach Crypto activate=false
2026-06-12 16:13:02.722665 I VkFavorites: save card Nike Sneakers Crypto activate=false
2026-06-12 16:13:02.771364 I VkFavorites: save card Pepe Meme Frog activate=false
2026-06-12 16:13:02.824960 I VkFavorites: save card Times Square NFT activate=false
2026-06-12 16:13:02.920142 I VkMultilingual: reset main=pt-BR locales=[pt] count=1
2026-06-12 16:13:09.541028 I VkSwipe: ○ gesture canceled
2026-06-12 16:13:09.557439 I VkEffects: reload anim=scale blur=562px glow=true stickers=true
2026-06-12 16:13:09.669246 I VkTyping: ▶ open restart=false pkg=com.android.launcher inputType=589825
2026-06-12 16:13:10.861622 I VkPanels: ▶ open menu
2026-06-12 16:13:11.512450 I VkMultilingual: menu languages total=1
2026-06-12 16:13:18.547936 I VkMultilingual: reset main=pt-BR locales=[pt,es] count=2
2026-06-12 16:13:19.702969 I VkPanels: ▶ open menu
2026-06-12 16:13:22.366676 I VkSuggestions: decode typedLen=3 candidates=17 locales=2 13,6ms
2026-06-12 16:13:22.377361 I VkAutocorrect: offered: hol → hol
2026-06-12 16:13:22.377734 I VkSuggestions: strip composing typedLen=3 candidates=14 autocorrect=true top=hol locale=pt
2026-06-12 16:13:22.729059 I VkSuggestions: decode typedLen=4 candidates=18 locales=2 34,9ms
2026-06-12 16:13:22.729859 W VkSuggestions: slow frame 34,9ms locales=2 typedLen=4 candidates=18 parallelWait=34,4ms
2026-06-12 16:13:22.736512 I VkSuggestions: strip composing typedLen=4 candidates=12 autocorrect=false top=hola locale=pt
2026-06-12 16:13:23.050770 I VkAutocorrect: kept (typing): hola
2026-06-12 16:13:23.162913 I VkSuggestions: strip prediction typedLen=0 candidates=1 autocorrect=false top=hola locale=pt
2026-06-12 16:13:24.353126 I VkSuggestions: decode typedLen=1 candidates=18 locales=2 16,7ms
2026-06-12 16:13:24.353574 W VkSuggestions: slow frame 16,7ms locales=2 typedLen=1 candidates=18 parallelWait=16,4ms
2026-06-12 16:13:24.354856 I VkSuggestions: strip composing typedLen=1 candidates=17 autocorrect=false top=a locale=pt
2026-06-12 16:13:24.483010 I VkSuggestions: decode typedLen=2 candidates=18 locales=2 11,9ms
2026-06-12 16:13:24.488625 I VkSuggestions: strip composing typedLen=2 candidates=13 autocorrect=false top=am locale=pt
2026-06-12 16:13:24.833322 I VkSuggestions: decode typedLen=3 candidates=18 locales=2 10,7ms
2026-06-12 16:13:24.834573 I VkSuggestions: strip composing typedLen=3 candidates=15 autocorrect=false top=amo locale=pt
2026-06-12 16:13:25.109447 I VkSuggestions: decode typedLen=5 candidates=17 locales=2 14,9ms
2026-06-12 16:13:25.112206 I VkAutocorrect: offered: amofo → amofo
2026-06-12 16:13:25.112632 I VkSuggestions: strip composing typedLen=5 candidates=15 autocorrect=true top=amofo locale=pt
2026-06-12 16:13:25.886905 I VkAutocorrect: picked: amigo
2026-06-12 16:13:25.995193 I VkSuggestions: strip prediction typedLen=0 candidates=2 autocorrect=false top=hola locale=pt
2026-06-12 16:13:26.726076 I VkSuggestions: decode typedLen=2 candidates=18 locales=2 27,9ms
2026-06-12 16:13:26.726676 W VkSuggestions: slow frame 27,9ms locales=2 typedLen=2 candidates=18 parallelWait=27,6ms
2026-06-12 16:13:26.728661 I VkSuggestions: strip composing typedLen=2 candidates=16 autocorrect=false top=co locale=pt
2026-06-12 16:13:26.882510 I VkSuggestions: decode typedLen=3 candidates=18 locales=2 9,1ms
2026-06-12 16:13:26.883942 I VkSuggestions: strip composing typedLen=3 candidates=16 autocorrect=false top=com locale=pt
2026-06-12 16:13:27.085983 I VkSuggestions: decode typedLen=4 candidates=18 locales=2 27,8ms
2026-06-12 16:13:27.086428 W VkSuggestions: slow frame 27,8ms locales=2 typedLen=4 candidates=18 parallelWait=27,4ms
2026-06-12 16:13:27.088579 I VkSuggestions: strip composing typedLen=4 candidates=13 autocorrect=false top=como locale=pt
2026-06-12 16:13:27.584082 I VkAutocorrect: kept (typing): como
2026-06-12 16:13:27.690498 I VkSuggestions: strip prediction typedLen=0 candidates=3 autocorrect=false top=como locale=pt
2026-06-12 16:13:28.094248 I VkSuggestions: decode typedLen=1 candidates=18 locales=2 15,4ms
2026-06-12 16:13:28.095637 I VkAutocorrect: offered: e → e
2026-06-12 16:13:28.095896 I VkSuggestions: strip composing typedLen=1 candidates=18 autocorrect=true top=e locale=pt
2026-06-12 16:13:28.257545 I VkSuggestions: decode typedLen=2 candidates=18 locales=2 10,4ms
2026-06-12 16:13:28.259191 I VkSuggestions: strip composing typedLen=2 candidates=16 autocorrect=false top=ew locale=pt
2026-06-12 16:13:28.448680 I VkSuggestions: decode typedLen=3 candidates=18 locales=2 27,6ms
2026-06-12 16:13:28.449127 W VkSuggestions: slow frame 27,6ms locales=2 typedLen=3 candidates=18 parallelWait=27,4ms
2026-06-12 16:13:28.450722 I VkAutocorrect: offered: ewt → ewt
2026-06-12 16:13:28.450962 I VkSuggestions: strip composing typedLen=3 candidates=14 autocorrect=true top=ewt locale=pt
2026-06-12 16:13:28.622584 I VkSuggestions: decode typedLen=4 candidates=18 locales=2 9,9ms
2026-06-12 16:13:28.624087 I VkAutocorrect: offered: ewta → ewta
2026-06-12 16:13:28.624348 I VkSuggestions: strip composing typedLen=4 candidates=16 autocorrect=true top=ewta locale=pt
2026-06-12 16:13:28.669461 I VkAutocorrect: committed (typing): ewta → esta
2026-06-12 16:13:28.774937 I VkSuggestions: strip prediction typedLen=0 candidates=3 autocorrect=false top=como locale=pt
2026-06-12 16:13:29.382762 I VkSuggestions: decode typedLen=1 candidates=18 locales=2 25,9ms
2026-06-12 16:13:29.383 W VkSuggestions: slow frame 25,9ms locales=2 typedLen=1 candidates=18 parallelWait=25,7ms
2026-06-12 16:13:29.383894 I VkSuggestions: strip composing typedLen=1 candidates=18 autocorrect=false top=t locale=pt
2026-06-12 16:13:29.594893 I VkSuggestions: decode typedLen=2 candidates=18 locales=2 23,3ms
2026-06-12 16:13:29.595306 W VkSuggestions: slow frame 23,3ms locales=2 typedLen=2 candidates=18 parallelWait=23,1ms
2026-06-12 16:13:29.596881 I VkSuggestions: strip composing typedLen=2 candidates=15 autocorrect=false top=tu locale=pt
2026-06-12 16:13:29.788074 I VkSuggestions: decode typedLen=3 candidates=18 locales=2 13,3ms
2026-06-12 16:13:29.791277 I VkAutocorrect: offered: tui → tui
2026-06-12 16:13:29.791719 I VkSuggestions: strip composing typedLen=3 candidates=18 autocorrect=true top=tui locale=pt
2026-06-12 16:13:30.811968 I VkSuggestions: decode typedLen=2 candidates=18 locales=2 24,5ms
2026-06-12 16:13:30.812539 W VkSuggestions: slow frame 24,5ms locales=2 typedLen=2 candidates=18 parallelWait=24,2ms
2026-06-12 16:13:30.815200 I VkSuggestions: strip composing typedLen=2 candidates=15 autocorrect=false top=tu locale=pt
