=== VibeKey 4.5.15 (4515) ===

--------- beginning of crash
06-23 20:55:05.851  9505 10991 F libc    : Fatal signal 11 (SIGSEGV), code 1 (SEGV_MAPERR), fault addr 0x0 in tid 10991 (launcher), pid 9505 (AndroidUI)
06-23 20:55:07.717 19362 19362 F DEBUG   : Process name is com.vibekey.keyboard, not key_process
06-23 20:55:07.717 19362 19362 F DEBUG   : keyProcess: 0
06-23 20:55:07.717 19362 19362 F DEBUG   : *** *** *** *** *** *** *** *** *** *** *** *** *** *** *** ***
06-23 20:55:07.717 19362 19362 F DEBUG   : Build fingerprint: 'OnePlus/OnePlus7Pro/OnePlus7Pro:12/SKQ1.211113.001/P.202303230244:user/release-keys'
06-23 20:55:07.717 19362 19362 F DEBUG   : Revision: '0'
06-23 20:55:07.717 19362 19362 F DEBUG   : ABI: 'arm64'
06-23 20:55:07.717 19362 19362 F DEBUG   : Timestamp: 2026-06-23 20:55:06.195989202-0400
06-23 20:55:07.717 19362 19362 F DEBUG   : Process uptime: 0s
06-23 20:55:07.717 19362 19362 F DEBUG   : Cmdline: com.vibekey.keyboard
06-23 20:55:07.717 19362 19362 F DEBUG   : pid: 9505, tid: 10991, name: launcher  >>> com.vibekey.keyboard <<<
06-23 20:55:07.717 19362 19362 F DEBUG   : uid: 14156
06-23 20:55:07.717 19362 19362 F DEBUG   : signal 11 (SIGSEGV), code 1 (SEGV_MAPERR), fault addr 0x0
06-23 20:55:07.717 19362 19362 F DEBUG   : Cause: null pointer dereference
06-23 20:55:07.717 19362 19362 F DEBUG   :     x0  0000000000000000  x1  0000000000002aef  x2  000000000000000b  x3  0000007b78882da0
06-23 20:55:07.717 19362 19362 F DEBUG   :     x4  0000007c082b6400  x5  0000007c082b6400  x6  0000007c082b6400  x7  0000000000000000
06-23 20:55:07.717 19362 19362 F DEBUG   :     x8  00000000000000f0  x9  152c0acfb0999b33  x10 0000007c3252768c  x11 0000000000000000
06-23 20:55:07.717 19362 19362 F DEBUG   :     x12 00000000ffffffff  x13 0000000000000000  x14 0000007c155c2a08  x15 0000000008da2a78
06-23 20:55:07.717 19362 19362 F DEBUG   :     x16 0000007b20ca23a8  x17 0000007c270b7f10  x18 0000007846e3c000  x19 000000000000000b
06-23 20:55:07.717 19362 19362 F DEBUG   :     x20 0000007b78882da0  x21 0000000000002521  x22 0000007b78882b90  x23 0000000000000001
06-23 20:55:07.717 19362 19362 F DEBUG   :     x24 000000785bd82610  x25 0000007af9445f80  x26 0000007c082b7698  x27 0000007c082b6408
06-23 20:55:07.717 19362 19362 F DEBUG   :     x28 0000000000000400  x29 0000007b78882bb0
06-23 20:55:07.717 19362 19362 F DEBUG   :     lr  0000007b1aeafbc8  sp  0000007b78882b90  pc  0000007c270b7f34  pst 0000000000000000
06-23 20:55:07.717 19362 19362 F DEBUG   : backtrace:
06-23 20:55:07.717 19362 19362 F DEBUG   :       #00 pc 0000000000075f34  /apex/com.android.runtime/lib64/bionic/libc.so (syscall+36) (BuildId: bbbdeb7c87c74f1491f92c6e605095b0)
06-23 20:55:07.717 19362 19362 F DEBUG   :       #01 pc 00000000040a9bc4  /data/app/~~-XGWjzmdoRrM1YaZYK883A==/com.google.android.webview-HvpxCmuUIjPsZ4yTEw8s4w==/base.apk!libwebviewchromium.so (BuildId: f447b77da2d76e8d4d133b66c727c3ae532b54bf)
06-23 20:55:07.717 19362 19362 F DEBUG   :       #02 pc 00000000040a03c4  /data/app/~~-XGWjzmdoRrM1YaZYK883A==/com.google.android.webview-HvpxCmuUIjPsZ4yTEw8s4w==/base.apk!libwebviewchromium.so (BuildId: f447b77da2d76e8d4d133b66c727c3ae532b54bf)
06-23 20:55:07.717 19362 19362 F DEBUG   :       #03 pc 000000000729d1dc  /data/app/~~HWpuY-q_6suEr22CABfl6A==/com.vibekey.keyboard-AgH9DCOREi_Qasft4Kh-Ig==/lib/arm64/libxul.so (BuildId: 4a35ccb91ce54a7d8afe95f435ee2ee2cc640e58)
06-23 20:55:07.717 19362 19362 F DEBUG   :       #04 pc 0000000007721500  /data/app/~~HWpuY-q_6suEr22CABfl6A==/com.vibekey.keyboard-AgH9DCOREi_Qasft4Kh-Ig==/lib/arm64/libxul.so (BuildId: 4a35ccb91ce54a7d8afe95f435ee2ee2cc640e58)
06-23 20:55:07.717 19362 19362 F DEBUG   :       #05 pc 00000000000070a0  /apex/com.android.art/lib64/libsigchain.so (art::SignalChain::Handler(int, siginfo*, void*)+1152) (BuildId: b6eee6262e0caa13108e99cc46dd5b5d)
06-23 20:55:07.717 19362 19362 F DEBUG   :       #06 pc 0000000000000638  [vdso] (__kernel_rt_sigreturn+0)
06-23 20:55:07.717 19362 19362 F DEBUG   :       #07 pc 00000000044f860c  /data/app/~~HWpuY-q_6suEr22CABfl6A==/com.vibekey.keyboard-AgH9DCOREi_Qasft4Kh-Ig==/lib/arm64/libxul.so (BuildId: 4a35ccb91ce54a7d8afe95f435ee2ee2cc640e58)
06-23 20:55:07.717 19362 19362 F DEBUG   :       #08 pc 00000000038cb360  /data/app/~~HWpuY-q_6suEr22CABfl6A==/com.vibekey.keyboard-AgH9DCOREi_Qasft4Kh-Ig==/lib/arm64/libxul.so (BuildId: 4a35ccb91ce54a7d8afe95f435ee2ee2cc640e58)
06-23 20:55:07.717 19362 19362 F DEBUG   :       #09 pc 000000000394a4ac  /data/app/~~HWpuY-q_6suEr22CABfl6A==/com.vibekey.keyboard-AgH9DCOREi_Qasft4Kh-Ig==/lib/arm64/libxul.so (BuildId: 4a35ccb91ce54a7d8afe95f435ee2ee2cc640e58)
06-23 20:55:07.717 19362 19362 F DEBUG   :       #10 pc 0000000003946cfc  /data/app/~~HWpuY-q_6suEr22CABfl6A==/com.vibekey.keyboard-AgH9DCOREi_Qasft4Kh-Ig==/lib/arm64/libxul.so (BuildId: 4a35ccb91ce54a7d8afe95f435ee2ee2cc640e58)
06-23 20:55:07.717 19362 19362 F DEBUG   :       #11 pc 0000000002f16118  /data/app/~~HWpuY-q_6suEr22CABfl6A==/com.vibekey.keyboard-AgH9DCOREi_Qasft4Kh-Ig==/lib/arm64/libxul.so (BuildId: 4a35ccb91ce54a7d8afe95f435ee2ee2cc640e58)
06-23 20:55:07.717 19362 19362 F DEBUG   :       #12 pc 0000000002f1ef68  /data/app/~~HWpuY-q_6suEr22CABfl6A==/com.vibekey.keyboard-AgH9DCOREi_Qasft4Kh-Ig==/lib/arm64/libxul.so (BuildId: 4a35ccb91ce54a7d8afe95f435ee2ee2cc640e58)
06-23 20:55:07.717 19362 19362 F DEBUG   :       #13 pc 0000000002f1e3e8  /data/app/~~HWpuY-q_6suEr22CABfl6A==/com.vibekey.keyboard-AgH9DCOREi_Qasft4Kh-Ig==/lib/arm64/libxul.so (BuildId: 4a35ccb91ce54a7d8afe95f435ee2ee2cc640e58)
06-23 20:55:07.717 19362 19362 F DEBUG   :       #14 pc 00000000041b0ae4  /data/app/~~HWpuY-q_6suEr22CABfl6A==/com.vibekey.keyboard-AgH9DCOREi_Qasft4Kh-Ig==/lib/arm64/libxul.so (BuildId: 4a35ccb91ce54a7d8afe95f435ee2ee2cc640e58)
06-23 20:55:07.717 19362 19362 F DEBUG   :       #15 pc 00000000041b0668  /data/app/~~HWpuY-q_6suEr22CABfl6A==/com.vibekey.keyboard-AgH9DCOREi_Qasft4Kh-Ig==/lib/arm64/libxul.so (BuildId: 4a35ccb91ce54a7d8afe95f435ee2ee2cc640e58)
06-23 20:55:07.717 19362 19362 F DEBUG   :       #16 pc 00000000001dae5c  /data/app/~~HWpuY-q_6suEr22CABfl6A==/com.vibekey.keyboard-AgH9DCOREi_Qasft4Kh-Ig==/lib/arm64/libnss3.so (BuildId: b089d343de37b8a21215387a791de798513aaf64)
06-23 20:55:07.717 19362 19362 F DEBUG   :       #17 pc 000000000009e0bc  /data/app/~~HWpuY-q_6suEr22CABfl6A==/com.vibekey.keyboard-AgH9DCOREi_Qasft4Kh-Ig==/lib/arm64/libmozglue.so (BuildId: 8d82c5d136d7c01bbfb799da8ac843daefd5a4ec)
06-23 20:55:07.717 19362 19362 F DEBUG   :       #18 pc 00000000000deb44  /apex/com.android.runtime/lib64/bionic/libc.so (__pthread_start(void*)+264) (BuildId: bbbdeb7c87c74f1491f92c6e605095b0)
06-23 20:55:07.717 19362 19362 F DEBUG   :       #19 pc 000000000007b2fc  /apex/com.android.runtime/lib64/bionic/libc.so (__start_thread+68) (BuildId: bbbdeb7c87c74f1491f92c6e605095b0)
--------- beginning of system
06-23 20:56:52.660 19443 23271 E ActivityThread: Failed to find provider info for com.oplus.statistics.provider
06-23 20:56:52.661 19443 23271 E OplusStatistics--: IllegalArgumentException:java.lang.IllegalArgumentException: Unknown URL content://com.oplus.statistics.provider/track_event
06-23 20:56:56.709 23488 23488 E OplusCustomizeRestrictionManager: sInstance is null, start a new sInstance
06-23 20:57:08.215 23488 23650 E ActivityThread: Failed to find provider info for com.oplus.statistics.provider
06-23 20:57:08.215 23488 23650 E OplusStatistics--: IllegalArgumentException:java.lang.IllegalArgumentException: Unknown URL content://com.oplus.statistics.provider/track_event
06-23 20:57:21.291 23488 23650 E ActivityThread: Failed to find provider info for com.oplus.statistics.provider
06-23 20:57:21.291 23488 23650 E OplusStatistics--: IllegalArgumentException:java.lang.IllegalArgumentException: Unknown URL content://com.oplus.statistics.provider/track_event
06-23 20:57:39.929 24287 24287 E OplusCustomizeRestrictionManager: sInstance is null, start a new sInstance
06-23 20:57:58.531 24287 24499 E ActivityThread: Failed to find provider info for com.oplus.statistics.provider
06-23 20:57:58.531 24287 24499 E OplusStatistics--: IllegalArgumentException:java.lang.IllegalArgumentException: Unknown URL content://com.oplus.statistics.provider/track_event
06-23 20:58:12.826 24287 24499 E ActivityThread: Failed to find provider info for com.oplus.statistics.provider
06-23 20:58:12.826 24287 24499 E OplusStatistics--: IllegalArgumentException:java.lang.IllegalArgumentException: Unknown URL content://com.oplus.statistics.provider/track_event
06-23 20:58:25.487 24287 24499 E ActivityThread: Failed to find provider info for com.oplus.statistics.provider
06-23 20:58:25.487 24287 24499 E OplusStatistics--: IllegalArgumentException:java.lang.IllegalArgumentException: Unknown URL content://com.oplus.statistics.provider/track_event
06-23 20:58:31.682 26377 26377 E OplusCustomizeRestrictionManager: sInstance is null, start a new sInstance
06-23 20:59:01.479 26377 27573 E ActivityThread: Failed to find provider info for com.oplus.statistics.provider
06-23 20:59:01.479 26377 27573 E OplusStatistics--: IllegalArgumentException:java.lang.IllegalArgumentException: Unknown URL content://com.oplus.statistics.provider/track_event
06-23 20:59:06.298 27772 27772 E OplusCustomizeRestrictionManager: sInstance is null, start a new sInstance
06-23 20:59:22.901 27772 27964 E ActivityThread: Failed to find provider info for com.oplus.statistics.provider
06-23 20:59:22.901 27772 27964 E OplusStatistics--: IllegalArgumentException:java.lang.IllegalArgumentException: Unknown URL content://com.oplus.statistics.provider/track_event
--------- beginning of main
06-23 20:59:31.901 27772 27772 I VkBrowser: ▶ panel open incognito=false tabs=0 queryLen=0
06-23 20:59:31.914 27772 27772 E BrowserPanel: Gecko engine creation failed
06-23 20:59:31.914 27772 27772 E BrowserPanel: java.lang.IllegalStateException: Only one GeckoRuntime instance is allowed
06-23 20:59:31.914 27772 27772 E BrowserPanel: 	at org.mozilla.geckoview.GeckoRuntime.<init>(r8-map-id-4a0e4652b9b391ae2a57950b81581298b26dea7bce15e6b5110dc0a27e6e9861:14)
06-23 20:59:31.914 27772 27772 E BrowserPanel: 	at org.mozilla.geckoview.GeckoRuntime.create(r8-map-id-4a0e4652b9b391ae2a57950b81581298b26dea7bce15e6b5110dc0a27e6e9861:4)
06-23 20:59:31.914 27772 27772 E BrowserPanel: 	at a8.y2.a(r8-map-id-4a0e4652b9b391ae2a57950b81581298b26dea7bce15e6b5110dc0a27e6e9861:114)
06-23 20:59:31.914 27772 27772 E BrowserPanel: 	at a8.v2.<init>(r8-map-id-4a0e4652b9b391ae2a57950b81581298b26dea7bce15e6b5110dc0a27e6e9861:168)
06-23 20:59:31.914 27772 27772 E BrowserPanel: 	at helium314.keyboard.latin.panels.BrowserPanelView.Z(r8-map-id-4a0e4652b9b391ae2a57950b81581298b26dea7bce15e6b5110dc0a27e6e9861:368)
06-23 20:59:31.914 27772 27772 E BrowserPanel: 	at helium314.keyboard.latin.panels.BrowserPanelView.H0(r8-map-id-4a0e4652b9b391ae2a57950b81581298b26dea7bce15e6b5110dc0a27e6e9861:225)
06-23 20:59:31.914 27772 27772 E BrowserPanel: 	at i7.w.run(r8-map-id-4a0e4652b9b391ae2a57950b81581298b26dea7bce15e6b5110dc0a27e6e9861:35)
06-23 20:59:31.914 27772 27772 E BrowserPanel: 	at android.os.Handler.handleCallback(Handler.java:938)
06-23 20:59:31.914 27772 27772 E BrowserPanel: 	at android.os.Handler.dispatchMessage(Handler.java:99)
06-23 20:59:31.914 27772 27772 E BrowserPanel: 	at android.os.Looper.loopOnce(Looper.java:233)
06-23 20:59:31.914 27772 27772 E BrowserPanel: 	at android.os.Looper.loop(Looper.java:344)
06-23 20:59:31.914 27772 27772 E BrowserPanel: 	at android.app.ActivityThread.main(ActivityThread.java:8212)
06-23 20:59:31.914 27772 27772 E BrowserPanel: 	at java.lang.reflect.Method.invoke(Native Method)
06-23 20:59:31.914 27772 27772 E BrowserPanel: 	at com.android.internal.os.RuntimeInit$MethodAndArgsCaller.run(RuntimeInit.java:584)
06-23 20:59:31.914 27772 27772 E BrowserPanel: 	at com.android.internal.os.ZygoteInit.main(ZygoteInit.java:1034)
06-23 20:59:31.920 27772 27772 I VkSwipe : ○ gesture canceled
06-23 20:59:31.973 27772 27772 W BrowserPanel: Gecko engine missing — retrying init
06-23 20:59:31.976 27772 27772 E BrowserPanel: Gecko engine creation failed
06-23 20:59:31.976 27772 27772 E BrowserPanel: java.lang.IllegalStateException: Only one GeckoRuntime instance is allowed
06-23 20:59:31.976 27772 27772 E BrowserPanel: 	at org.mozilla.geckoview.GeckoRuntime.<init>(r8-map-id-4a0e4652b9b391ae2a57950b81581298b26dea7bce15e6b5110dc0a27e6e9861:14)
06-23 20:59:31.976 27772 27772 E BrowserPanel: 	at org.mozilla.geckoview.GeckoRuntime.create(r8-map-id-4a0e4652b9b391ae2a57950b81581298b26dea7bce15e6b5110dc0a27e6e9861:4)
06-23 20:59:31.976 27772 27772 E BrowserPanel: 	at a8.y2.a(r8-map-id-4a0e4652b9b391ae2a57950b81581298b26dea7bce15e6b5110dc0a27e6e9861:114)
06-23 20:59:31.976 27772 27772 E BrowserPanel: 	at a8.v2.<init>(r8-map-id-4a0e4652b9b391ae2a57950b81581298b26dea7bce15e6b5110dc0a27e6e9861:168)
06-23 20:59:31.976 27772 27772 E BrowserPanel: 	at helium314.keyboard.latin.panels.BrowserPanelView.Z(r8-map-id-4a0e4652b9b391ae2a57950b81581298b26dea7bce15e6b5110dc0a27e6e9861:368)
06-23 20:59:31.976 27772 27772 E BrowserPanel: 	at helium314.keyboard.latin.panels.BrowserPanelView.O(r8-map-id-4a0e4652b9b391ae2a57950b81581298b26dea7bce15e6b5110dc0a27e6e9861:17)
06-23 20:59:31.976 27772 27772 E BrowserPanel: 	at a8.a3.run(r8-map-id-4a0e4652b9b391ae2a57950b81581298b26dea7bce15e6b5110dc0a27e6e9861:205)
06-23 20:59:31.976 27772 27772 E BrowserPanel: 	at android.os.Handler.handleCallback(Handler.java:938)
06-23 20:59:31.976 27772 27772 E BrowserPanel: 	at android.os.Handler.dispatchMessage(Handler.java:99)
06-23 20:59:31.976 27772 27772 E BrowserPanel: 	at android.os.Looper.loopOnce(Looper.java:233)
06-23 20:59:31.976 27772 27772 E BrowserPanel: 	at android.os.Looper.loop(Looper.java:344)
06-23 20:59:31.976 27772 27772 E BrowserPanel: 	at android.app.ActivityThread.main(ActivityThread.java:8212)
06-23 20:59:31.976 27772 27772 E BrowserPanel: 	at java.lang.reflect.Method.invoke(Native Method)
06-23 20:59:31.976 27772 27772 E BrowserPanel: 	at com.android.internal.os.RuntimeInit$MethodAndArgsCaller.run(RuntimeInit.java:584)
06-23 20:59:31.976 27772 27772 E BrowserPanel: 	at com.android.internal.os.ZygoteInit.main(ZygoteInit.java:1034)
06-23 20:59:31.978 27772 28143 E GeckoConsole: [JavaScript Error: "TypeError: can't access property "WindowEventDispatcher", win is null" {file: "resource://gre/modules/GeckoViewSessionStore.sys.mjs" line: 149}]
06-23 20:59:31.978 27772 28143 E GeckoConsole: onTabStateUpdate@resource://gre/modules/GeckoViewSessionStore.sys.mjs:149:5
06-23 20:59:31.978 27772 28143 E GeckoConsole: updateSessionStoreFromTabListener@resource://gre/modules/GeckoViewSessionStore.sys.mjs:243:10
06-23 20:59:31.988 27772 27772 E BrowserPanel: Gecko engine creation failed
06-23 20:59:31.988 27772 27772 E BrowserPanel: java.lang.IllegalStateException: Only one GeckoRuntime instance is allowed
06-23 20:59:31.988 27772 27772 E BrowserPanel: 	at org.mozilla.geckoview.GeckoRuntime.<init>(r8-map-id-4a0e4652b9b391ae2a57950b81581298b26dea7bce15e6b5110dc0a27e6e9861:14)
06-23 20:59:31.988 27772 27772 E BrowserPanel: 	at org.mozilla.geckoview.GeckoRuntime.create(r8-map-id-4a0e4652b9b391ae2a57950b81581298b26dea7bce15e6b5110dc0a27e6e9861:4)
06-23 20:59:31.988 27772 27772 E BrowserPanel: 	at a8.y2.a(r8-map-id-4a0e4652b9b391ae2a57950b81581298b26dea7bce15e6b5110dc0a27e6e9861:114)
06-23 20:59:31.988 27772 27772 E BrowserPanel: 	at a8.v2.<init>(r8-map-id-4a0e4652b9b391ae2a57950b81581298b26dea7bce15e6b5110dc0a27e6e9861:168)
06-23 20:59:31.988 27772 27772 E BrowserPanel: 	at helium314.keyboard.latin.panels.BrowserPanelView.Z(r8-map-id-4a0e4652b9b391ae2a57950b81581298b26dea7bce15e6b5110dc0a27e6e9861:368)
06-23 20:59:31.988 27772 27772 E BrowserPanel: 	at a8.a3.run(r8-map-id-4a0e4652b9b391ae2a57950b81581298b26dea7bce15e6b5110dc0a27e6e9861:128)
06-23 20:59:31.988 27772 27772 E BrowserPanel: 	at android.os.Handler.handleCallback(Handler.java:938)
06-23 20:59:31.988 27772 27772 E BrowserPanel: 	at android.os.Handler.dispatchMessage(Handler.java:99)
06-23 20:59:31.988 27772 27772 E BrowserPanel: 	at android.os.Looper.loopOnce(Looper.java:233)
06-23 20:59:31.988 27772 27772 E BrowserPanel: 	at android.os.Looper.loop(Looper.java:344)
06-23 20:59:31.988 27772 27772 E BrowserPanel: 	at android.app.ActivityThread.main(ActivityThread.java:8212)
06-23 20:59:31.988 27772 27772 E BrowserPanel: 	at java.lang.reflect.Method.invoke(Native Method)
06-23 20:59:31.988 27772 27772 E BrowserPanel: 	at com.android.internal.os.RuntimeInit$MethodAndArgsCaller.run(RuntimeInit.java:584)
06-23 20:59:31.988 27772 27772 E BrowserPanel: 	at com.android.internal.os.ZygoteInit.main(ZygoteInit.java:1034)
06-23 20:59:32.052 27772 27772 E BrowserPanel: Gecko engine creation failed
06-23 20:59:32.052 27772 27772 E BrowserPanel: java.lang.IllegalStateException: Only one GeckoRuntime instance is allowed
06-23 20:59:32.052 27772 27772 E BrowserPanel: 	at org.mozilla.geckoview.GeckoRuntime.<init>(r8-map-id-4a0e4652b9b391ae2a57950b81581298b26dea7bce15e6b5110dc0a27e6e9861:14)
06-23 20:59:32.052 27772 27772 E BrowserPanel: 	at org.mozilla.geckoview.GeckoRuntime.create(r8-map-id-4a0e4652b9b391ae2a57950b81581298b26dea7bce15e6b5110dc0a27e6e9861:4)
06-23 20:59:32.052 27772 27772 E BrowserPanel: 	at a8.y2.a(r8-map-id-4a0e4652b9b391ae2a57950b81581298b26dea7bce15e6b5110dc0a27e6e9861:114)
06-23 20:59:32.052 27772 27772 E BrowserPanel: 	at a8.v2.<init>(r8-map-id-4a0e4652b9b391ae2a57950b81581298b26dea7bce15e6b5110dc0a27e6e9861:168)
06-23 20:59:32.052 27772 27772 E BrowserPanel: 	at helium314.keyboard.latin.panels.BrowserPanelView.Z(r8-map-id-4a0e4652b9b391ae2a57950b81581298b26dea7bce15e6b5110dc0a27e6e9861:368)
06-23 20:59:32.052 27772 27772 E BrowserPanel: 	at a8.a3.run(r8-map-id-4a0e4652b9b391ae2a57950b81581298b26dea7bce15e6b5110dc0a27e6e9861:128)
06-23 20:59:32.052 27772 27772 E BrowserPanel: 	at android.os.Handler.handleCallback(Handler.java:938)
06-23 20:59:32.052 27772 27772 E BrowserPanel: 	at android.os.Handler.dispatchMessage(Handler.java:99)
06-23 20:59:32.052 27772 27772 E BrowserPanel: 	at android.os.Looper.loopOnce(Looper.java:233)
06-23 20:59:32.052 27772 27772 E BrowserPanel: 	at android.os.Looper.loop(Looper.java:344)
06-23 20:59:32.052 27772 27772 E BrowserPanel: 	at android.app.ActivityThread.main(ActivityThread.java:8212)
06-23 20:59:32.052 27772 27772 E BrowserPanel: 	at java.lang.reflect.Method.invoke(Native Method)
06-23 20:59:32.052 27772 27772 E BrowserPanel: 	at com.android.internal.os.RuntimeInit$MethodAndArgsCaller.run(RuntimeInit.java:584)
06-23 20:59:32.052 27772 27772 E BrowserPanel: 	at com.android.internal.os.ZygoteInit.main(ZygoteInit.java:1034)
06-23 20:59:32.057 27772 27772 E BrowserPanel: Gecko engine creation failed
06-23 20:59:32.057 27772 27772 E BrowserPanel: java.lang.IllegalStateException: Only one GeckoRuntime instance is allowed
06-23 20:59:32.057 27772 27772 E BrowserPanel: 	at org.mozilla.geckoview.GeckoRuntime.<init>(r8-map-id-4a0e4652b9b391ae2a57950b81581298b26dea7bce15e6b5110dc0a27e6e9861:14)
06-23 20:59:32.057 27772 27772 E BrowserPanel: 	at org.mozilla.geckoview.GeckoRuntime.create(r8-map-id-4a0e4652b9b391ae2a57950b81581298b26dea7bce15e6b5110dc0a27e6e9861:4)
06-23 20:59:32.057 27772 27772 E BrowserPanel: 	at a8.y2.a(r8-map-id-4a0e4652b9b391ae2a57950b81581298b26dea7bce15e6b5110dc0a27e6e9861:114)
06-23 20:59:32.057 27772 27772 E BrowserPanel: 	at a8.v2.<init>(r8-map-id-4a0e4652b9b391ae2a57950b81581298b26dea7bce15e6b5110dc0a27e6e9861:168)
06-23 20:59:32.057 27772 27772 E BrowserPanel: 	at helium314.keyboard.latin.panels.BrowserPanelView.Z(r8-map-id-4a0e4652b9b391ae2a57950b81581298b26dea7bce15e6b5110dc0a27e6e9861:368)
06-23 20:59:32.057 27772 27772 E BrowserPanel: 	at a8.a3.run(r8-map-id-4a0e4652b9b391ae2a57950b81581298b26dea7bce15e6b5110dc0a27e6e9861:128)
06-23 20:59:32.057 27772 27772 E BrowserPanel: 	at android.os.Handler.handleCallback(Handler.java:938)
06-23 20:59:32.057 27772 27772 E BrowserPanel: 	at android.os.Handler.dispatchMessage(Handler.java:99)
06-23 20:59:32.057 27772 27772 E BrowserPanel: 	at android.os.Looper.loopOnce(Looper.java:233)
06-23 20:59:32.057 27772 27772 E BrowserPanel: 	at android.os.Looper.loop(Looper.java:344)
06-23 20:59:32.057 27772 27772 E BrowserPanel: 	at android.app.ActivityThread.main(ActivityThread.java:8212)
06-23 20:59:32.057 27772 27772 E BrowserPanel: 	at java.lang.reflect.Method.invoke(Native Method)
06-23 20:59:32.057 27772 27772 E BrowserPanel: 	at com.android.internal.os.RuntimeInit$MethodAndArgsCaller.run(RuntimeInit.java:584)
06-23 20:59:32.057 27772 27772 E BrowserPanel: 	at com.android.internal.os.ZygoteInit.main(ZygoteInit.java:1034)
06-23 20:59:32.119 27772 27772 E BrowserPanel: Gecko engine creation failed
06-23 20:59:32.119 27772 27772 E BrowserPanel: java.lang.IllegalStateException: Only one GeckoRuntime instance is allowed
06-23 20:59:32.119 27772 27772 E BrowserPanel: 	at org.mozilla.geckoview.GeckoRuntime.<init>(r8-map-id-4a0e4652b9b391ae2a57950b81581298b26dea7bce15e6b5110dc0a27e6e9861:14)
06-23 20:59:32.119 27772 27772 E BrowserPanel: 	at org.mozilla.geckoview.GeckoRuntime.create(r8-map-id-4a0e4652b9b391ae2a57950b81581298b26dea7bce15e6b5110dc0a27e6e9861:4)
06-23 20:59:32.119 27772 27772 E BrowserPanel: 	at a8.y2.a(r8-map-id-4a0e4652b9b391ae2a57950b81581298b26dea7bce15e6b5110dc0a27e6e9861:114)
06-23 20:59:32.119 27772 27772 E BrowserPanel: 	at a8.v2.<init>(r8-map-id-4a0e4652b9b391ae2a57950b81581298b26dea7bce15e6b5110dc0a27e6e9861:168)
06-23 20:59:32.119 27772 27772 E BrowserPanel: 	at helium314.keyboard.latin.panels.BrowserPanelView.Z(r8-map-id-4a0e4652b9b391ae2a57950b81581298b26dea7bce15e6b5110dc0a27e6e9861:368)
06-23 20:59:32.119 27772 27772 E BrowserPanel: 	at a8.a3.run(r8-map-id-4a0e4652b9b391ae2a57950b81581298b26dea7bce15e6b5110dc0a27e6e9861:128)
06-23 20:59:32.119 27772 27772 E BrowserPanel: 	at android.os.Handler.handleCallback(Handler.java:938)
06-23 20:59:32.119 27772 27772 E BrowserPanel: 	at android.os.Handler.dispatchMessage(Handler.java:99)
06-23 20:59:32.119 27772 27772 E BrowserPanel: 	at android.os.Looper.loopOnce(Looper.java:233)
06-23 20:59:32.119 27772 27772 E BrowserPanel: 	at android.os.Looper.loop(Looper.java:344)
06-23 20:59:32.119 27772 27772 E BrowserPanel: 	at android.app.ActivityThread.main(ActivityThread.java:8212)
06-23 20:59:32.119 27772 27772 E BrowserPanel: 	at java.lang.reflect.Method.invoke(Native Method)
06-23 20:59:32.119 27772 27772 E BrowserPanel: 	at com.android.internal.os.RuntimeInit$MethodAndArgsCaller.run(RuntimeInit.java:584)
06-23 20:59:32.119 27772 27772 E BrowserPanel: 	at com.android.internal.os.ZygoteInit.main(ZygoteInit.java:1034)
06-23 20:59:32.122 27772 27772 W BrowserPanel: Gecko engine missing — retrying init
06-23 20:59:32.127 27772 27772 E BrowserPanel: Gecko engine creation failed
06-23 20:59:32.127 27772 27772 E BrowserPanel: java.lang.IllegalStateException: Only one GeckoRuntime instance is allowed
06-23 20:59:32.127 27772 27772 E BrowserPanel: 	at org.mozilla.geckoview.GeckoRuntime.<init>(r8-map-id-4a0e4652b9b391ae2a57950b81581298b26dea7bce15e6b5110dc0a27e6e9861:14)
06-23 20:59:32.127 27772 27772 E BrowserPanel: 	at org.mozilla.geckoview.GeckoRuntime.create(r8-map-id-4a0e4652b9b391ae2a57950b81581298b26dea7bce15e6b5110dc0a27e6e9861:4)
06-23 20:59:32.127 27772 27772 E BrowserPanel: 	at a8.y2.a(r8-map-id-4a0e4652b9b391ae2a57950b81581298b26dea7bce15e6b5110dc0a27e6e9861:114)
06-23 20:59:32.127 27772 27772 E BrowserPanel: 	at a8.v2.<init>(r8-map-id-4a0e4652b9b391ae2a57950b81581298b26dea7bce15e6b5110dc0a27e6e9861:168)
06-23 20:59:32.127 27772 27772 E BrowserPanel: 	at helium314.keyboard.latin.panels.BrowserPanelView.Z(r8-map-id-4a0e4652b9b391ae2a57950b81581298b26dea7bce15e6b5110dc0a27e6e9861:368)
06-23 20:59:32.127 27772 27772 E BrowserPanel: 	at helium314.keyboard.latin.panels.BrowserPanelView.O(r8-map-id-4a0e4652b9b391ae2a57950b81581298b26dea7bce15e6b5110dc0a27e6e9861:17)
06-23 20:59:32.127 27772 27772 E BrowserPanel: 	at a8.a3.run(r8-map-id-4a0e4652b9b391ae2a57950b81581298b26dea7bce15e6b5110dc0a27e6e9861:199)
06-23 20:59:32.127 27772 27772 E BrowserPanel: 	at android.os.Handler.handleCallback(Handler.java:938)
06-23 20:59:32.127 27772 27772 E BrowserPanel: 	at android.os.Handler.dispatchMessage(Handler.java:99)
06-23 20:59:32.127 27772 27772 E BrowserPanel: 	at android.os.Looper.loopOnce(Looper.java:233)
06-23 20:59:32.127 27772 27772 E BrowserPanel: 	at android.os.Looper.loop(Looper.java:344)
06-23 20:59:32.127 27772 27772 E BrowserPanel: 	at android.app.ActivityThread.main(ActivityThread.java:8212)
06-23 20:59:32.127 27772 27772 E BrowserPanel: 	at java.lang.reflect.Method.invoke(Native Method)
06-23 20:59:32.127 27772 27772 E BrowserPanel: 	at com.android.internal.os.RuntimeInit$MethodAndArgsCaller.run(RuntimeInit.java:584)
06-23 20:59:32.127 27772 27772 E BrowserPanel: 	at com.android.internal.os.ZygoteInit.main(ZygoteInit.java:1034)
06-23 20:59:32.131 27772 27772 E BrowserPanel: Gecko engine creation failed
06-23 20:59:32.131 27772 27772 E BrowserPanel: java.lang.IllegalStateException: Only one GeckoRuntime instance is allowed
06-23 20:59:32.131 27772 27772 E BrowserPanel: 	at org.mozilla.geckoview.GeckoRuntime.<init>(r8-map-id-4a0e4652b9b391ae2a57950b81581298b26dea7bce15e6b5110dc0a27e6e9861:14)
06-23 20:59:32.131 27772 27772 E BrowserPanel: 	at org.mozilla.geckoview.GeckoRuntime.create(r8-map-id-4a0e4652b9b391ae2a57950b81581298b26dea7bce15e6b5110dc0a27e6e9861:4)
06-23 20:59:32.131 27772 27772 E BrowserPanel: 	at a8.y2.a(r8-map-id-4a0e4652b9b391ae2a57950b81581298b26dea7bce15e6b5110dc0a27e6e9861:114)
06-23 20:59:32.131 27772 27772 E BrowserPanel: 	at a8.v2.<init>(r8-map-id-4a0e4652b9b391ae2a57950b81581298b26dea7bce15e6b5110dc0a27e6e9861:168)
06-23 20:59:32.131 27772 27772 E BrowserPanel: 	at helium314.keyboard.latin.panels.BrowserPanelView.Z(r8-map-id-4a0e4652b9b391ae2a57950b81581298b26dea7bce15e6b5110dc0a27e6e9861:368)
06-23 20:59:32.131 27772 27772 E BrowserPanel: 	at a8.a3.run(r8-map-id-4a0e4652b9b391ae2a57950b81581298b26dea7bce15e6b5110dc0a27e6e9861:128)
06-23 20:59:32.131 27772 27772 E BrowserPanel: 	at android.os.Handler.handleCallback(Handler.java:938)
06-23 20:59:32.131 27772 27772 E BrowserPanel: 	at android.os.Handler.dispatchMessage(Handler.java:99)
06-23 20:59:32.131 27772 27772 E BrowserPanel: 	at android.os.Looper.loopOnce(Looper.java:233)
06-23 20:59:32.131 27772 27772 E BrowserPanel: 	at android.os.Looper.loop(Looper.java:344)
06-23 20:59:32.131 27772 27772 E BrowserPanel: 	at android.app.ActivityThread.main(ActivityThread.java:8212)
06-23 20:59:32.131 27772 27772 E BrowserPanel: 	at java.lang.reflect.Method.invoke(Native Method)
06-23 20:59:32.131 27772 27772 E BrowserPanel: 	at com.android.internal.os.RuntimeInit$MethodAndArgsCaller.run(RuntimeInit.java:584)
06-23 20:59:32.131 27772 27772 E BrowserPanel: 	at com.android.internal.os.ZygoteInit.main(ZygoteInit.java:1034)
06-23 20:59:32.189 27772 27772 E BrowserPanel: Gecko engine creation failed
06-23 20:59:32.189 27772 27772 E BrowserPanel: java.lang.IllegalStateException: Only one GeckoRuntime instance is allowed
06-23 20:59:32.189 27772 27772 E BrowserPanel: 	at org.mozilla.geckoview.GeckoRuntime.<init>(r8-map-id-4a0e4652b9b391ae2a57950b81581298b26dea7bce15e6b5110dc0a27e6e9861:14)
06-23 20:59:32.189 27772 27772 E BrowserPanel: 	at org.mozilla.geckoview.GeckoRuntime.create(r8-map-id-4a0e4652b9b391ae2a57950b81581298b26dea7bce15e6b5110dc0a27e6e9861:4)
06-23 20:59:32.189 27772 27772 E BrowserPanel: 	at a8.y2.a(r8-map-id-4a0e4652b9b391ae2a57950b81581298b26dea7bce15e6b5110dc0a27e6e9861:114)
06-23 20:59:32.189 27772 27772 E BrowserPanel: 	at a8.v2.<init>(r8-map-id-4a0e4652b9b391ae2a57950b81581298b26dea7bce15e6b5110dc0a27e6e9861:168)
06-23 20:59:32.189 27772 27772 E BrowserPanel: 	at helium314.keyboard.latin.panels.BrowserPanelView.Z(r8-map-id-4a0e4652b9b391ae2a57950b81581298b26dea7bce15e6b5110dc0a27e6e9861:368)
06-23 20:59:32.189 27772 27772 E BrowserPanel: 	at a8.a3.run(r8-map-id-4a0e4652b9b391ae2a57950b81581298b26dea7bce15e6b5110dc0a27e6e9861:128)
06-23 20:59:32.189 27772 27772 E BrowserPanel: 	at android.os.Handler.handleCallback(Handler.java:938)
06-23 20:59:32.189 27772 27772 E BrowserPanel: 	at android.os.Handler.dispatchMessage(Handler.java:99)
06-23 20:59:32.189 27772 27772 E BrowserPanel: 	at android.os.Looper.loopOnce(Looper.java:233)
06-23 20:59:32.189 27772 27772 E BrowserPanel: 	at android.os.Looper.loop(Looper.java:344)
06-23 20:59:32.189 27772 27772 E BrowserPanel: 	at android.app.ActivityThread.main(ActivityThread.java:8212)
06-23 20:59:32.189 27772 27772 E BrowserPanel: 	at java.lang.reflect.Method.invoke(Native Method)
06-23 20:59:32.189 27772 27772 E BrowserPanel: 	at com.android.internal.os.RuntimeInit$MethodAndArgsCaller.run(RuntimeInit.java:584)
06-23 20:59:32.189 27772 27772 E BrowserPanel: 	at com.android.internal.os.ZygoteInit.main(ZygoteInit.java:1034)
06-23 20:59:33.489 29173 29173 E ibekey.keyboar: Unknown bits set in runtime_flags: 0x40000000
06-23 20:59:33.815 29173 29173 W g0      : Could not load system glide typing library jni_latinimegoogle: dlopen failed: library "libjni_latinimegoogle.so" not found
06-23 20:59:34.065 29173 29173 W t       : No editor info for this field. Bug?
06-23 20:59:34.089 29173 29173 I VkMultilingual: reset main=pt-BR locales=[pt,fr] count=2
06-23 20:59:34.116 29173 29306 E BinaryDictionary: Dictionary file missing: /data/user/0/com.vibekey.keyboard/files/userunigram.fr.dict
06-23 20:59:34.135 29173 29306 E BinaryDictionary: Dictionary file missing: /data/user/0/com.vibekey.keyboard/files/userunigram.fr.dict
06-23 20:59:34.158 29173 29173 W System  : ClassLoader referenced unknown path: 
06-23 20:59:34.237 29173 29249 W FeatureFlagsImplExport: java.lang.NoClassDefFoundError: Class not found using the boot class loader; no stack trace available
06-23 20:59:34.306 29173 29173 E ibekey.keyboar: ofbOpen failed with error=No such file or directory
06-23 20:59:34.306 29173 29173 E ibekey.keyboar: sysOpen failed with error=No such file or directory
06-23 20:59:34.326 29173 29322 W Ads     : Update ad debug logging enablement as false
06-23 20:59:34.372 29173 29173 E MultiApp.Impl: OplusMultiAppImpl
06-23 20:59:34.532 29173 29390 W libc    : Access denied finding property "ro.vendor.api_level"
06-23 20:59:34.540 29173 29173 W chromium: [WARNING:android_webview/browser/network_service/net_helpers.cc:137] HTTP Cache size is: 20971520
06-23 20:59:34.647 29173 29412 W libc    : Access denied finding property "vendor.camera.aux.packagelist"
06-23 20:59:34.648 29173 29412 W libc    : Access denied finding property "vendor.camera.aux.packagelist"
06-23 20:59:34.649 29173 29198 W libc    : Access denied finding property "vendor.camera.aux.packagelist"
06-23 20:59:34.683 29173 29394 W cr_media: BLUETOOTH_CONNECT permission is missing.
06-23 20:59:34.684 29173 29394 W cr_media: getBluetoothAdapter() requires BLUETOOTH permission
06-23 20:59:34.684 29173 29394 W cr_media: registerBluetoothIntentsIfNeeded: Requires BLUETOOTH permission
06-23 20:59:34.895 29173 29403 W AudioCapabilities: Unsupported mime audio/ffmpeg
06-23 20:59:34.896 29173 29403 W VideoCapabilities: Unsupported mime video/ffmpeg
06-23 20:59:34.898 29173 29403 W VideoCapabilities: Unrecognized profile/level 0/3 for video/mpeg2
06-23 20:59:34.898 29173 29403 W VideoCapabilities: Unrecognized profile/level 0/3 for video/mpeg2
06-23 20:59:37.073 29173 29173 I VkSwipe : ○ gesture canceled
06-23 20:59:37.076 29173 29173 E OplusCustomizeRestrictionManager: sInstance is null, start a new sInstance
06-23 20:59:37.090 29173 29173 I VkEffects: reload anim=scale blur=0px glow=false stickers=true
06-23 20:59:37.110 29173 29248 I VkVibeCards: loaded 5 cards (disk)
06-23 20:59:37.187 29173 29173 I VkTyping: ▶ open restart=false pkg=com.android.launcher inputType=589825
06-23 20:59:37.265 29173 29173 I VkSwipe : ○ gesture canceled
06-23 20:59:37.266 29173 29173 I VkTyping: ○ suggest+swipe suspended (panel/assist/download)
06-23 20:59:37.308 29173 29173 W View    : requestLayout() improperly called by android.widget.LinearLayout{c325ec V.E...... ......ID 0,1868-1440,2818 #7f0a011b app:id/main_keyboard_frame} during layout: running second layout pass
06-23 20:59:37.384 29173 29346 E BLASTBufferQueue: BLASTBufferItemConsumer::onDisconnect()
06-23 20:59:37.860 29173 29173 I VkTyping: ▶ suggest+swipe resumed
06-23 20:59:37.898 24129 24447 I OnDeviceAssist: warm ok model=qwen2.5-0.5b-instruct-q4_0.gguf ambient=40 chars 0ms
06-23 20:59:39.147 29173 29173 I VkPanels: ▶ open menu
06-23 20:59:39.476 29173 29173 I VkSwipe : ○ gesture canceled
06-23 20:59:39.477 29173 29173 I VkTyping: ○ suggest+swipe suspended (panel/assist/download)
06-23 20:59:40.588 29173 29280 I VkSuggestions: decode typedLen=4 candidates=18 locales=1 7,8ms
06-23 20:59:40.599 29173 29280 I VkSuggestions: strip composing typedLen=4 candidates=19 autocorrect=false top=jhhd locale=pt
06-23 20:59:41.191 29173 29280 I VkSuggestions: decode typedLen=5 candidates=18 locales=1 4,9ms
06-23 20:59:41.192 29173 29280 I VkSuggestions: strip composing typedLen=5 candidates=18 autocorrect=false top=jhhdi locale=pt
06-23 20:59:41.410 29173 29280 I VkSuggestions: decode typedLen=6 candidates=18 locales=1 3,2ms
06-23 20:59:41.412 29173 29280 I VkSuggestions: strip composing typedLen=6 candidates=19 autocorrect=false top=jhhdih locale=pt
06-23 20:59:41.587 29173 29280 I VkSuggestions: decode typedLen=7 candidates=18 locales=1 3,1ms
06-23 20:59:41.588 29173 29280 I VkSuggestions: strip composing typedLen=7 candidates=18 autocorrect=false top=jhhdihg locale=pt
06-23 20:59:41.762 29173 29280 I VkSuggestions: decode typedLen=8 candidates=18 locales=1 3,3ms
06-23 20:59:41.763 29173 29280 I VkSuggestions: strip composing typedLen=8 candidates=19 autocorrect=false top=jhhdihgd locale=pt
06-23 20:59:42.735 29173 29280 W VibeKeyProfiler: Slow Native Suggest: Total=11.48ms | Init=0.74ms | TrieExpand(x4)=10.68ms | Scoring=0.05ms | inputSize=9
06-23 20:59:42.739 29173 29280 I VkSuggestions: decode typedLen=9 candidates=18 locales=1 15,2ms
06-23 20:59:42.745 29173 29280 I VkSuggestions: strip composing typedLen=9 candidates=19 autocorrect=false top=jhhdihgdj locale=pt
06-23 20:59:42.990 29173 29280 I VkSuggestions: decode typedLen=10 candidates=18 locales=1 6,7ms
06-23 20:59:42.991 29173 29280 I VkSuggestions: strip composing typedLen=10 candidates=19 autocorrect=false top=jhhdihgdjh locale=pt
06-23 20:59:43.154 29173 29280 I VkSuggestions: decode typedLen=11 candidates=18 locales=1 6,4ms
06-23 20:59:43.156 29173 29280 I VkSuggestions: strip composing typedLen=11 candidates=19 autocorrect=false top=jhhdihgdjhh locale=pt
06-23 20:59:43.418 29173 29280 I VkSuggestions: decode typedLen=13 candidates=18 locales=1 8,6ms
06-23 20:59:43.419 29173 29280 I VkSuggestions: strip composing typedLen=13 candidates=19 autocorrect=false top=jhhdihgdjhheu locale=pt
06-23 20:59:43.598 29173 29280 I VkSuggestions: decode typedLen=14 candidates=18 locales=1 7,0ms
06-23 20:59:43.601 29173 29280 I VkSuggestions: strip composing typedLen=14 candidates=19 autocorrect=false top=jhhdihgdjhheuu locale=pt
06-23 20:59:43.714 29173 29280 I VkSuggestions: decode typedLen=15 candidates=18 locales=1 6,9ms
06-23 20:59:43.716 29173 29280 I VkSuggestions: strip composing typedLen=15 candidates=19 autocorrect=false top=jhhdihgdjhheuue locale=pt
06-23 20:59:43.839 29173 29280 I VkSuggestions: decode typedLen=16 candidates=18 locales=1 7,0ms
06-23 20:59:43.841 29173 29280 I VkSuggestions: strip composing typedLen=16 candidates=19 autocorrect=false top=jhhdihgdjhheuueu locale=pt
06-23 20:59:43.997 29173 29280 W VibeKeyProfiler: Slow Native Suggest: Total=10.21ms | Init=0.16ms | TrieExpand(x6)=10.01ms | Scoring=0.04ms | inputSize=17
06-23 20:59:43.998 29173 29280 I VkSuggestions: decode typedLen=17 candidates=18 locales=1 20,3ms
06-23 20:59:44.000 29173 29280 W VkSuggestions: slow frame 20,3ms locales=1 typedLen=17 candidates=18
06-23 20:59:44.002 29173 29280 I VkSuggestions: strip composing typedLen=17 candidates=19 autocorrect=false top=jhhdihgdjhheuueue locale=pt
06-23 20:59:44.334 29173 29537 E ibekey.keyboar: Attempt to load writable dex file: /data/user/0/com.vibekey.keyboard/app_pccache2/5/7579537A079A370F6D93E7917A81C037D7D280CA/pcam.jar
06-23 20:59:44.337 29173 29539 W Ads     : Invoke Firebase method getInstance error.
06-23 20:59:44.337 29173 29539 W Ads     : The Google Mobile Ads SDK will not integrate with Firebase. Admob/Firebase integration requires the latest Firebase SDK jar, but Firebase SDK is either missing or out of date
06-23 20:59:44.346 29173 29522 W ServiceBindIntentUtils: Dynamic lookup for intent failed for action: com.google.android.gms.ads.service.CACHE
06-23 20:59:44.331 29173 29173 W AdWorker(Defaul: type=1400 audit(0.0:8807): avc: granted { execute } for path="/data/data/com.vibekey.keyboard/app_pccache2/5/7579537A079A370F6D93E7917A81C037D7D280CA/pcam.jar" dev="dm-2" ino=273350 scontext=u:r:untrusted_app:s0:c60,c272,c512,c768 tcontext=u:object_r:app_data_file:s0:c60,c272,c512,c768 tclass=file app=com.vibekey.keyboard
06-23 20:59:44.427 29173 29535 W Ads     : Not retrying to fetch app settings
06-23 20:59:44.429 29173 29527 W Ads     : Not retrying to fetch app settings
06-23 20:59:44.429 29173 29552 W ServiceBindIntentUtils: Dynamic lookup for intent failed for action: com.google.android.gms.ads.service.START
06-23 20:59:45.225 29173 29173 E Ads     : JS: Uncaught TypeError: Cannot read properties of null (reading 's') (https://pagead2.googlesyndication.com/omsdk/releases/live/omsdk-v1.js:27)
06-23 20:59:45.346 29173 29280 I VkSuggestions: decode typedLen=18 candidates=18 locales=1 6,9ms
06-23 20:59:45.347 29173 29280 I VkSuggestions: strip composing typedLen=18 candidates=19 autocorrect=false top=jhhdihgdjhheuueueo locale=pt
06-23 20:59:45.352 29173 29173 E Ads     : JS: Refused to get unsafe header "X-Afma-Gcache-IsGcacheHit" (https://www.gstatic.com/mysidia/b52a9248ee4763a0737df41a1273af17.js?tag=addon/rewarded_video:436)
06-23 20:59:45.404 29173 29173 E Ads     : JS: Refused to get unsafe header "X-Afma-Gcache-IsGcacheHit" (https://www.gstatic.com/mysidia/b52a9248ee4763a0737df41a1273af17.js?tag=addon/rewarded_video:436)
06-23 20:59:45.422 29173 29387 W libc    : Access denied finding property "vendor.oplus.media.vpp.stutter"
06-23 20:59:45.423 29173 29387 E MULTIMEDIAConfig: [getInt32:L80] Not find config, Returning default
06-23 20:59:45.423 29173 29387 E MULTIMEDIAConfig: [getInt32:L80] Not find config, Returning default
06-23 20:59:45.423 29173 29387 E OplusACodec: [OplusACodec:204] mSrOsieMMListCheckResult:0x0 mOsieVersion:1
06-23 20:59:45.445 29173 29609 E OplusACodec: [GetVideoCodingTypeFromMime:L1162] mime:video/x-vnd.on2.vp9
06-23 20:59:45.520 29173 29387 W cr_MediaCodecBridge: Releasing: OMX.qcom.video.decoder.vp9
06-23 20:59:45.521 29173 29608 E ExtensionsLoader: freeAllBuffers: 13 buffers were freed while being dequeued!
06-23 20:59:45.522 29173 29387 W cr_MediaCodecBridge: Codec released
06-23 20:59:46.491 29173 29280 W VibeKeyProfiler: Slow Native Suggest: Total=11.24ms | Init=0.12ms | TrieExpand(x6)=11.08ms | Scoring=0.04ms | inputSize=19
06-23 20:59:46.492 29173 29280 I VkSuggestions: decode typedLen=19 candidates=18 locales=1 17,8ms
06-23 20:59:46.493 29173 29280 W VkSuggestions: slow frame 17,8ms locales=1 typedLen=19 candidates=18
06-23 20:59:46.497 29173 29280 I VkSuggestions: strip composing typedLen=19 candidates=19 autocorrect=false top=jhhdihgdjhheuueueoi locale=pt
06-23 20:59:46.747 29173 29280 I VkSuggestions: decode typedLen=20 candidates=18 locales=1 5,7ms
06-23 20:59:46.749 29173 29280 I VkSuggestions: strip composing typedLen=20 candidates=19 autocorrect=false top=jhhdihgdjhheuueueoii locale=pt
06-23 20:59:46.917 29173 29280 I VkSuggestions: decode typedLen=21 candidates=18 locales=1 7,1ms
06-23 20:59:46.920 29173 29280 I VkSuggestions: strip composing typedLen=21 candidates=19 autocorrect=false top=jhhdihgdjhheuueueoiih locale=pt
06-23 20:59:47.157 29173 29280 I VkSuggestions: decode typedLen=23 candidates=18 locales=1 5,5ms
06-23 20:59:47.158 29173 29280 I VkSuggestions: strip composing typedLen=23 candidates=19 autocorrect=false top=jhhdihgdjhheuueueoiiheh locale=pt
06-23 20:59:47.342 29173 29280 I VkSuggestions: decode typedLen=24 candidates=18 locales=1 11,9ms
06-23 20:59:47.346 29173 29280 I VkSuggestions: strip composing typedLen=24 candidates=19 autocorrect=false top=jhhdihgdjhheuueueoiihehe locale=pt
06-23 20:59:48.802 29173 29280 I VkSuggestions: decode typedLen=25 candidates=18 locales=1 13,5ms
06-23 20:59:48.805 29173 29280 I VkSuggestions: strip composing typedLen=25 candidates=19 autocorrect=false top=jhhdihgdjhheuueueoiihehei locale=pt
06-23 20:59:49.227 29173 29280 W VibeKeyProfiler: Slow Native Suggest: Total=8.25ms | Init=0.32ms | TrieExpand(x5)=7.89ms | Scoring=0.04ms | inputSize=27
06-23 20:59:49.236 29173 29280 W VibeKeyProfiler: Slow Native Suggest: Total=8.29ms | Init=0.18ms | TrieExpand(x6)=8.09ms | Scoring=0.02ms | inputSize=27
06-23 20:59:49.237 29173 29280 I VkSuggestions: decode typedLen=27 candidates=18 locales=1 18,8ms
06-23 20:59:49.237 29173 29280 W VkSuggestions: slow frame 18,8ms locales=1 typedLen=27 candidates=18
06-23 20:59:49.240 29173 29280 I VkSuggestions: strip composing typedLen=27 candidates=19 autocorrect=false top=jhhdihgdjhheuueueoiiheheieu locale=pt
06-23 20:59:49.415 29173 29280 I VkSuggestions: decode typedLen=28 candidates=18 locales=1 5,6ms
06-23 20:59:49.417 29173 29280 I VkSuggestions: strip composing typedLen=28 candidates=19 autocorrect=false top=jhhdihgdjhheuueueoiiheheieuu locale=pt
06-23 20:59:49.637 29173 29280 I VkSuggestions: decode typedLen=30 candidates=18 locales=1 5,9ms
06-23 20:59:49.640 29173 29280 I VkSuggestions: strip composing typedLen=30 candidates=19 autocorrect=false top=jhhdihgdjhheuueueoiiheheieuueu locale=pt
06-23 20:59:49.742 29173 29632 E FilePhenotypeFlags: Config package com.google.android.gms.clearcut_client#com.vibekey.keyboard cannot use FILE backing without declarative registration. See go/phenotype-android-integration#phenotype for more information. This will lead to stale flags.
06-23 20:59:49.755 29173 29632 E FilePhenotypeFlags: Config package com.google.android.gms.clearcut_client#com.vibekey.keyboard cannot use FILE backing without declarative registration. See go/phenotype-android-integration#phenotype for more information. This will lead to stale flags.
06-23 20:59:49.755 29173 29632 E FilePhenotypeFlags: Config package com.google.android.gms.clearcut_client#com.vibekey.keyboard cannot use FILE backing without declarative registration. See go/phenotype-android-integration#phenotype for more information. This will lead to stale flags.
06-23 20:59:49.817 29173 29280 W VibeKeyProfiler: Slow Native Suggest: Total=12.27ms | Init=0.19ms | TrieExpand(x6)=12.03ms | Scoring=0.05ms | inputSize=32
06-23 20:59:49.819 29173 29280 I VkSuggestions: decode typedLen=32 candidates=18 locales=1 22,7ms
06-23 20:59:49.820 29173 29280 W VkSuggestions: slow frame 22,7ms locales=1 typedLen=32 candidates=18
06-23 20:59:49.823 29173 29280 I VkSuggestions: strip composing typedLen=32 candidates=19 autocorrect=false top=jhhdihgdjhheuueueoiiheheieuueueu locale=pt
06-23 20:59:51.531 29173 29280 I VkSuggestions: decode typedLen=33 candidates=18 locales=1 14,0ms
06-23 20:59:51.534 29173 29280 I VkSuggestions: strip composing typedLen=33 candidates=19 autocorrect=false top=jhhdihgdjhheuueueoiiheheieuueueuo locale=pt
06-23 20:59:51.827 29173 29280 I VkSuggestions: decode typedLen=34 candidates=18 locales=1 6,2ms
06-23 20:59:51.830 29173 29280 I VkSuggestions: strip composing typedLen=34 candidates=19 autocorrect=false top=jhhdihgdjhheuueueoiiheheieuueueuoe locale=pt
06-23 20:59:51.979 29173 29280 I VkSuggestions: decode typedLen=35 candidates=18 locales=1 9,2ms
06-23 20:59:51.982 29173 29280 I VkSuggestions: strip composing typedLen=35 candidates=19 autocorrect=false top=jhhdihgdjhheuueueoiiheheieuueueuoej locale=pt
06-23 20:59:52.166 29173 29280 I VkSuggestions: decode typedLen=36 candidates=18 locales=1 5,6ms
06-23 20:59:52.168 29173 29280 I VkSuggestions: strip composing typedLen=36 candidates=19 autocorrect=false top=jhhdihgdjhheuueueoiiheheieuueueuoejh locale=pt
06-23 20:59:52.308 29173 29280 W VibeKeyProfiler: Slow Native Suggest: Total=10.32ms | Init=0.09ms | TrieExpand(x6)=10.18ms | Scoring=0.04ms | inputSize=37
06-23 20:59:52.309 29173 29280 I VkSuggestions: decode typedLen=37 candidates=18 locales=1 14,1ms
06-23 20:59:52.317 29173 29280 I VkSuggestions: strip composing typedLen=37 candidates=19 autocorrect=false top=jhhdihgdjhheuueueoiiheheieuueueuoejhe locale=pt
06-23 20:59:56.184 29173 29280 I VkSuggestions: decode typedLen=1 candidates=18 locales=1 13,0ms
06-23 20:59:56.185 29173 29280 I VkSuggestions: strip composing typedLen=1 candidates=19 autocorrect=false top=l locale=pt
06-23 20:59:56.560 29173 29280 I VkSuggestions: decode typedLen=2 candidates=18 locales=1 8,9ms
06-23 20:59:56.562 29173 29280 I VkSuggestions: strip composing typedLen=2 candidates=19 autocorrect=false top=ls locale=pt
06-23 20:59:56.694 29173 29280 I VkSuggestions: decode typedLen=3 candidates=18 locales=1 7,2ms
06-23 20:59:56.695 29173 29280 I VkSuggestions: strip composing typedLen=3 candidates=19 autocorrect=false top=lsh locale=pt
06-23 20:59:56.891 29173 29280 I VkSuggestions: decode typedLen=4 candidates=18 locales=1 7,7ms
06-23 20:59:56.892 29173 29280 I VkSuggestions: strip composing typedLen=4 candidates=19 autocorrect=false top=lshg locale=pt
06-23 20:59:57.018 29173 29280 I VkSuggestions: decode typedLen=5 candidates=18 locales=1 4,5ms
06-23 20:59:57.019 29173 29280 I VkSuggestions: strip composing typedLen=5 candidates=19 autocorrect=false top=lshgd locale=pt
06-23 20:59:57.773 29173 29280 W VibeKeyProfiler: Slow Native Suggest: Total=15.43ms | Init=1.04ms | TrieExpand(x10)=14.29ms | Scoring=0.09ms | inputSize=6
06-23 20:59:57.780 29173 29280 I VkSuggestions: decode typedLen=6 candidates=18 locales=1 22,7ms
06-23 20:59:57.781 29173 29280 W VkSuggestions: slow frame 22,7ms locales=1 typedLen=6 candidates=18
06-23 20:59:57.785 29173 29280 I VkSuggestions: strip composing typedLen=6 candidates=19 autocorrect=false top=lshgdi locale=pt
06-23 20:59:58.194 29173 29280 I VkSuggestions: decode typedLen=7 candidates=18 locales=1 8,8ms
06-23 20:59:58.197 29173 29280 I VkSuggestions: strip composing typedLen=7 candidates=19 autocorrect=false top=lshgdif locale=pt
06-23 21:00:00.456 29173 29280 I VkSuggestions: decode typedLen=1 candidates=18 locales=1 8,9ms
06-23 21:00:00.457 29173 29280 I VkSuggestions: strip composing typedLen=1 candidates=19 autocorrect=false top=d locale=pt
06-23 21:00:01.444 29173 29280 I VkSuggestions: decode typedLen=2 candidates=18 locales=1 11,4ms
06-23 21:00:01.445 29173 29280 I VkSuggestions: strip composing typedLen=2 candidates=18 autocorrect=false top=de locale=pt
06-23 21:00:03.157 29173 29173 I VkTyping: ▶ suggest+swipe resumed
06-23 21:00:03.158 29173 29173 I VkPanels: ▶ open menu
06-23 21:00:04.074 29173 29173 I VkSwipe : ○ gesture canceled
06-23 21:00:04.074 29173 29173 I VkTyping: ○ suggest+swipe suspended (panel/assist/download)
06-23 21:00:04.139 29173 29173 I VkTyping: ○ hidden
06-23 21:00:04.212 29173 29173 W Settings: Setting transition_animation_scale has moved from android.provider.Settings.System to android.provider.Settings.Global, returning read-only value.
06-23 21:00:04.542 29173 29185 W ibekey.keyboar: Cleared Reference was only reachable from finalizer (only reported once)
06-23 21:00:07.552 29173 29346 E BLASTBufferQueue: BLASTBufferItemConsumer::onDisconnect()

... (22 GeckoConsole SessionStore lines omitted)

=== Feature activity (persisted across restarts) ===
2026-06-23 20:52:04.774696 I VkFavorites: save card Bitcoin Vibe activate=false
2026-06-23 20:52:04.843291 I VkFavorites: save card Doge Meme activate=false
2026-06-23 20:52:04.910239 I VkFavorites: save card Ethereum Vibes activate=false
2026-06-23 20:52:04.959166 I VkFavorites: save card India Popular City activate=false
2026-06-23 20:52:05.037256 I VkFavorites: save card Miami Beach Crypto activate=false
2026-06-23 20:52:05.108051 I VkFavorites: save card Nike Sneakers Crypto activate=false
2026-06-23 20:52:05.156160 I VkFavorites: save card Pepe Meme Frog activate=false
2026-06-23 20:52:05.210291 I VkFavorites: save card Times Square NFT activate=false
2026-06-23 20:52:05.254972 I VkMultilingual: reset main=pt-BR locales=[pt] count=1
2026-06-23 20:52:10.713730 I VkSwipe: ○ gesture canceled
2026-06-23 20:52:10.735534 I VkEffects: reload anim=scale blur=562px glow=true stickers=true
2026-06-23 20:52:10.806749 I VkTyping: ▶ open restart=false pkg=com.android.launcher inputType=589825
2026-06-23 20:52:10.885017 I VkSwipe: ○ gesture canceled
2026-06-23 20:52:10.885245 I VkTyping: ○ suggest+swipe suspended (panel/assist/download)
2026-06-23 20:52:12.238342 I VkSwipe: ○ gesture canceled
2026-06-23 20:52:12.238620 I VkPanels: ▶ open menu
2026-06-23 20:52:12.238740 I VkSwipe: ○ gesture canceled
2026-06-23 20:52:12.587672 I VkSwipe: ○ gesture canceled
2026-06-23 20:52:13.204329 I VkSwipe: ○ gesture canceled
2026-06-23 20:52:13.204539 I VkPanels: ▶ open menu
2026-06-23 20:52:13.204624 I VkSwipe: ○ gesture canceled
2026-06-23 20:52:13.909144 I VkMultilingual: menu languages total=1
2026-06-23 20:52:18.761854 I VkSwipe: ○ gesture canceled
2026-06-23 20:52:18.772891 I VkMultilingual: reset main=pt-BR locales=[pt,fr] count=2
2026-06-23 20:52:20.366440 I VkMultilingual: menu languages total=2
2026-06-23 20:52:22.533334 I VkSwipe: ○ gesture canceled
2026-06-23 20:52:22.583374 I VkMultilingual: reset main=hi locales=[fr,hi] count=2
2026-06-23 20:52:24.110810 I VkSwipe: ○ gesture canceled
2026-06-23 20:52:25.238401 I VkSwipe: ○ gesture canceled
2026-06-23 20:52:25.238668 I VkPanels: ▶ open menu
