--------- beginning of system
06-01 18:08:57.082 13734 13734 E OplusCustomizeRestrictionManager: sInstance is null, start a new sInstance
06-01 18:09:10.476 13734 14154 E ActivityThread: Failed to find provider info for com.oplus.statistics.provider
06-01 18:09:10.476 13734 14154 E OplusStatistics--: IllegalArgumentException:java.lang.IllegalArgumentException: Unknown URL content://com.oplus.statistics.provider/track_event
06-01 18:09:25.330 13734 14154 E ActivityThread: Failed to find provider info for com.oplus.statistics.provider
06-01 18:09:25.330 13734 14154 E OplusStatistics--: IllegalArgumentException:java.lang.IllegalArgumentException: Unknown URL content://com.oplus.statistics.provider/track_event
06-01 18:09:40.160 13734 14154 E ActivityThread: Failed to find provider info for com.oplus.statistics.provider
06-01 18:09:40.160 13734 14154 E OplusStatistics--: IllegalArgumentException:java.lang.IllegalArgumentException: Unknown URL content://com.oplus.statistics.provider/track_event
06-01 18:09:54.468 14704 14704 E OplusCustomizeRestrictionManager: sInstance is null, start a new sInstance
--------- beginning of crash
06-01 18:11:30.735 14704 14855 F libc    : Fatal signal 11 (SIGSEGV), code 1 (SEGV_MAPERR), fault addr 0x0 in tid 14855 (Gecko), pid 14704 (AndroidUI)
06-01 18:11:32.082 18417 18417 F DEBUG   : Process name is com.vibekey.keyboard, not key_process
06-01 18:11:32.082 18417 18417 F DEBUG   : keyProcess: 0
06-01 18:11:32.082 18417 18417 F DEBUG   : *** *** *** *** *** *** *** *** *** *** *** *** *** *** *** ***
06-01 18:11:32.082 18417 18417 F DEBUG   : Build fingerprint: 'OnePlus/OnePlus7Pro/OnePlus7Pro:12/SKQ1.211113.001/P.202303230244:user/release-keys'
06-01 18:11:32.082 18417 18417 F DEBUG   : Revision: '0'
06-01 18:11:32.082 18417 18417 F DEBUG   : ABI: 'arm64'
06-01 18:11:32.082 18417 18417 F DEBUG   : Timestamp: 2026-06-01 18:11:30.959416449-0400
06-01 18:11:32.082 18417 18417 F DEBUG   : Process uptime: 0s
06-01 18:11:32.082 18417 18417 F DEBUG   : Cmdline: com.vibekey.keyboard
06-01 18:11:32.082 18417 18417 F DEBUG   : pid: 14704, tid: 14855, name: Gecko  >>> com.vibekey.keyboard <<<
06-01 18:11:32.082 18417 18417 F DEBUG   : uid: 13881
06-01 18:11:32.082 18417 18417 F DEBUG   : signal 11 (SIGSEGV), code 1 (SEGV_MAPERR), fault addr 0x0
06-01 18:11:32.082 18417 18417 F DEBUG   : Cause: null pointer dereference
06-01 18:11:32.082 18417 18417 F DEBUG   :     x0  0000000000000000  x1  0000000000003a07  x2  000000000000000b  x3  000000766e1c2da0
06-01 18:11:32.082 18417 18417 F DEBUG   :     x4  0000007694d1c400  x5  0000007694d1c400  x6  0000007694d1c400  x7  0000000000000000
06-01 18:11:32.082 18417 18417 F DEBUG   :     x8  00000000000000f0  x9  db746b027190efc7  x10 0000007696b4068c  x11 0000000000000000
06-01 18:11:32.082 18417 18417 F DEBUG   :     x12 00000000ffffffff  x13 0000000000000000  x14 00282fe24a19f97b  x15 0000ef8d7ae9222f
06-01 18:11:32.082 18417 18417 F DEBUG   :     x16 000000757ca4b410  x17 00000076790b8f10  x18 00000074d1a06000  x19 000000000000000b
06-01 18:11:32.082 18417 18417 F DEBUG   :     x20 000000766e1c2da0  x21 0000000000003970  x22 000000766e1c2b90  x23 0000000000000001
06-01 18:11:32.082 18417 18417 F DEBUG   :     x24 00000074c91892d8  x25 00000074d302b000  x26 0000007694d1d698  x27 0000007694d1c408
06-01 18:11:32.082 18417 18417 F DEBUG   :     x28 0000000000000400  x29 000000766e1c2bb0
06-01 18:11:32.082 18417 18417 F DEBUG   :     lr  0000007576c73da0  sp  000000766e1c2b90  pc  00000076790b8f34  pst 0000000000000000
06-01 18:11:32.082 18417 18417 F DEBUG   : backtrace:
06-01 18:11:32.082 18417 18417 F DEBUG   :       #00 pc 0000000000075f34  /apex/com.android.runtime/lib64/bionic/libc.so (syscall+36) (BuildId: bbbdeb7c87c74f1491f92c6e605095b0)
06-01 18:11:32.082 18417 18417 F DEBUG   :       #01 pc 0000000004062d9c  /data/app/~~0vURfNRJhP5qOxDjXMAdJA==/com.google.android.webview-1jICq8A_gawMkQD3QY60ZA==/base.apk!libwebviewchromium.so (BuildId: 6830cf8493d489d274dd2200dc390799760c2507)
06-01 18:11:32.082 18417 18417 F DEBUG   :       #02 pc 0000000004059518  /data/app/~~0vURfNRJhP5qOxDjXMAdJA==/com.google.android.webview-1jICq8A_gawMkQD3QY60ZA==/base.apk!libwebviewchromium.so (BuildId: 6830cf8493d489d274dd2200dc390799760c2507)
06-01 18:11:32.082 18417 18417 F DEBUG   :       #03 pc 000000000729d1dc  /data/app/~~wQ8RE4b6EuVrDO1jU9fckw==/com.vibekey.keyboard-8q6NMqO2NiSF2oh1leNm5Q==/lib/arm64/libxul.so (BuildId: 4a35ccb91ce54a7d8afe95f435ee2ee2cc640e58)
06-01 18:11:32.082 18417 18417 F DEBUG   :       #04 pc 0000000007721500  /data/app/~~wQ8RE4b6EuVrDO1jU9fckw==/com.vibekey.keyboard-8q6NMqO2NiSF2oh1leNm5Q==/lib/arm64/libxul.so (BuildId: 4a35ccb91ce54a7d8afe95f435ee2ee2cc640e58)
06-01 18:11:32.082 18417 18417 F DEBUG   :       #05 pc 0000000000006f94  /apex/com.android.art/lib64/libsigchain.so (art::SignalChain::Handler(int, siginfo*, void*)+1148) (BuildId: 1d71636c1517ecf3fa421563ba6710f3)
06-01 18:11:32.082 18417 18417 F DEBUG   :       #06 pc 0000000000000638  [vdso] (__kernel_rt_sigreturn+0)
06-01 18:11:32.082 18417 18417 F DEBUG   :       #07 pc 00000000045b52d4  /data/app/~~wQ8RE4b6EuVrDO1jU9fckw==/com.vibekey.keyboard-8q6NMqO2NiSF2oh1leNm5Q==/lib/arm64/libxul.so (BuildId: 4a35ccb91ce54a7d8afe95f435ee2ee2cc640e58)
06-01 18:11:32.082 18417 18417 F DEBUG   :       #08 pc 00000000045b51dc  /data/app/~~wQ8RE4b6EuVrDO1jU9fckw==/com.vibekey.keyboard-8q6NMqO2NiSF2oh1leNm5Q==/lib/arm64/libxul.so (BuildId: 4a35ccb91ce54a7d8afe95f435ee2ee2cc640e58)
06-01 18:11:32.082 18417 18417 F DEBUG   :       #09 pc 0000000003266d38  /data/app/~~wQ8RE4b6EuVrDO1jU9fckw==/com.vibekey.keyboard-8q6NMqO2NiSF2oh1leNm5Q==/lib/arm64/libxul.so (BuildId: 4a35ccb91ce54a7d8afe95f435ee2ee2cc640e58)
06-01 18:11:32.082 18417 18417 F DEBUG   :       #10 pc 0000000002f1f7fc  /data/app/~~wQ8RE4b6EuVrDO1jU9fckw==/com.vibekey.keyboard-8q6NMqO2NiSF2oh1leNm5Q==/lib/arm64/libxul.so (BuildId: 4a35ccb91ce54a7d8afe95f435ee2ee2cc640e58)
06-01 18:11:32.082 18417 18417 F DEBUG   :       #11 pc 0000000002f1e7ac  /data/app/~~wQ8RE4b6EuVrDO1jU9fckw==/com.vibekey.keyboard-8q6NMqO2NiSF2oh1leNm5Q==/lib/arm64/libxul.so (BuildId: 4a35ccb91ce54a7d8afe95f435ee2ee2cc640e58)
06-01 18:11:32.082 18417 18417 F DEBUG   :       #12 pc 00000000041b0ae4  /data/app/~~wQ8RE4b6EuVrDO1jU9fckw==/com.vibekey.keyboard-8q6NMqO2NiSF2oh1leNm5Q==/lib/arm64/libxul.so (BuildId: 4a35ccb91ce54a7d8afe95f435ee2ee2cc640e58)
06-01 18:11:32.082 18417 18417 F DEBUG   :       #13 pc 0000000003f73378  /data/app/~~wQ8RE4b6EuVrDO1jU9fckw==/com.vibekey.keyboard-8q6NMqO2NiSF2oh1leNm5Q==/lib/arm64/libxul.so (BuildId: 4a35ccb91ce54a7d8afe95f435ee2ee2cc640e58)
06-01 18:11:32.082 18417 18417 F DEBUG   :       #14 pc 0000000004626ad0  /data/app/~~wQ8RE4b6EuVrDO1jU9fckw==/com.vibekey.keyboard-8q6NMqO2NiSF2oh1leNm5Q==/lib/arm64/libxul.so (BuildId: 4a35ccb91ce54a7d8afe95f435ee2ee2cc640e58)
06-01 18:11:32.082 18417 18417 F DEBUG   :       #15 pc 00000000042d59cc  /data/app/~~wQ8RE4b6EuVrDO1jU9fckw==/com.vibekey.keyboard-8q6NMqO2NiSF2oh1leNm5Q==/lib/arm64/libxul.so (BuildId: 4a35ccb91ce54a7d8afe95f435ee2ee2cc640e58)
06-01 18:11:32.082 18417 18417 F DEBUG   :       #16 pc 00000000043bf100  /data/app/~~wQ8RE4b6EuVrDO1jU9fckw==/com.vibekey.keyboard-8q6NMqO2NiSF2oh1leNm5Q==/lib/arm64/libxul.so (BuildId: 4a35ccb91ce54a7d8afe95f435ee2ee2cc640e58)
06-01 18:11:32.082 18417 18417 F DEBUG   :       #17 pc 000000000462ccdc  /data/app/~~wQ8RE4b6EuVrDO1jU9fckw==/com.vibekey.keyboard-8q6NMqO2NiSF2oh1leNm5Q==/lib/arm64/libxul.so (BuildId: 4a35ccb91ce54a7d8afe95f435ee2ee2cc640e58)
06-01 18:11:32.082 18417 18417 F DEBUG   :       #18 pc 000000000009a1d4  /data/app/~~wQ8RE4b6EuVrDO1jU9fckw==/com.vibekey.keyboard-8q6NMqO2NiSF2oh1leNm5Q==/lib/arm64/libmozglue.so (Java_org_mozilla_gecko_mozglue_GeckoLoader_nativeRun+956) (BuildId: 8d82c5d136d7c01bbfb799da8ac843daefd5a4ec)
06-01 18:11:32.082 18417 18417 F DEBUG   :       #19 pc 00000000002c2100  /apex/com.android.art/lib64/libart.so (art_quick_generic_jni_trampoline+144) (BuildId: 7087b2f2160bfbf3335d54ba9779e325)
06-01 18:11:32.083 18417 18417 F DEBUG   :       #20 pc 0000000000668468  /apex/com.android.art/lib64/libart.so (nterp_helper+152) (BuildId: 7087b2f2160bfbf3335d54ba9779e325)
06-01 18:11:32.083 18417 18417 F DEBUG   :       #21 pc 0000000000a43d5c  /data/app/~~wQ8RE4b6EuVrDO1jU9fckw==/com.vibekey.keyboard-8q6NMqO2NiSF2oh1leNm5Q==/oat/arm64/base.vdex (org.mozilla.gecko.GeckoThread.run+1552)
06-01 18:11:32.083 18417 18417 F DEBUG   :       #22 pc 00000000002aad94  /apex/com.android.art/lib64/libart.so (art_quick_invoke_stub+612) (BuildId: 7087b2f2160bfbf3335d54ba9779e325)
06-01 18:11:32.083 18417 18417 F DEBUG   :       #23 pc 00000000002707ac  /apex/com.android.art/lib64/libart.so (art::ArtMethod::Invoke(art::Thread*, unsigned int*, unsigned int, art::JValue*, char const*)+220) (BuildId: 7087b2f2160bfbf3335d54ba9779e325)
06-01 18:11:32.083 18417 18417 F DEBUG   :       #24 pc 00000000004bdc28  /apex/com.android.art/lib64/libart.so (art::Thread::CreateCallback(void*)+1184) (BuildId: 7087b2f2160bfbf3335d54ba9779e325)
06-01 18:11:32.083 18417 18417 F DEBUG   :       #25 pc 00000000000deb44  /apex/com.android.runtime/lib64/bionic/libc.so (__pthread_start(void*)+264) (BuildId: bbbdeb7c87c74f1491f92c6e605095b0)
06-01 18:11:32.083 18417 18417 F DEBUG   :       #26 pc 000000000007b2fc  /apex/com.android.runtime/lib64/bionic/libc.so (__start_thread+68) (BuildId: bbbdeb7c87c74f1491f92c6e605095b0)
06-01 18:11:33.800 18442 18442 E OplusCustomizeRestrictionManager: sInstance is null, start a new sInstance
06-01 18:11:43.280 18923 18923 E OplusCustomizeRestrictionManager: sInstance is null, start a new sInstance
06-01 18:11:49.586 18923 19127 F libc    : Fatal signal 11 (SIGSEGV), code 1 (SEGV_MAPERR), fault addr 0x0 in tid 19127 (Gecko), pid 18923 (AndroidUI)
06-01 18:11:50.508 19402 19402 F DEBUG   : Process name is com.vibekey.keyboard, not key_process
06-01 18:11:50.508 19402 19402 F DEBUG   : keyProcess: 0
06-01 18:11:50.508 19402 19402 F DEBUG   : *** *** *** *** *** *** *** *** *** *** *** *** *** *** *** ***
06-01 18:11:50.508 19402 19402 F DEBUG   : Build fingerprint: 'OnePlus/OnePlus7Pro/OnePlus7Pro:12/SKQ1.211113.001/P.202303230244:user/release-keys'
06-01 18:11:50.508 19402 19402 F DEBUG   : Revision: '0'
06-01 18:11:50.508 19402 19402 F DEBUG   : ABI: 'arm64'
06-01 18:11:50.508 19402 19402 F DEBUG   : Timestamp: 2026-06-01 18:11:49.831018421-0400
06-01 18:11:50.508 19402 19402 F DEBUG   : Process uptime: 0s
06-01 18:11:50.508 19402 19402 F DEBUG   : Cmdline: com.vibekey.keyboard
06-01 18:11:50.508 19402 19402 F DEBUG   : pid: 18923, tid: 19127, name: Gecko  >>> com.vibekey.keyboard <<<
06-01 18:11:50.508 19402 19402 F DEBUG   : uid: 13881
06-01 18:11:50.508 19402 19402 F DEBUG   : signal 11 (SIGSEGV), code 1 (SEGV_MAPERR), fault addr 0x0
06-01 18:11:50.508 19402 19402 F DEBUG   : Cause: null pointer dereference
06-01 18:11:50.508 19402 19402 F DEBUG   :     x0  0000000000000000  x1  0000000000004ab7  x2  000000000000000b  x3  0000007669641da0
06-01 18:11:50.508 19402 19402 F DEBUG   :     x4  0000007694d1c400  x5  0000007694d1c400  x6  0000007694d1c400  x7  0000000000000000
06-01 18:11:50.508 19402 19402 F DEBUG   :     x8  00000000000000f0  x9  db746b027190efc7  x10 0000007696b4068c  x11 0000000000000000
06-01 18:11:50.508 19402 19402 F DEBUG   :     x12 00000000ffffffff  x13 0000000000000000  x14 0010585e429fe97b  x15 0000dab90abe99a5
06-01 18:11:50.508 19402 19402 F DEBUG   :     x16 000000757ca4b410  x17 00000076790b8f10  x18 00000074cfbe6000  x19 000000000000000b
06-01 18:11:50.508 19402 19402 F DEBUG   :     x20 0000007669641da0  x21 00000000000049eb  x22 0000007669641b90  x23 0000000000000001
06-01 18:11:50.508 19402 19402 F DEBUG   :     x24 00000074c2f252d8  x25 00000074d121b000  x26 0000007694d1d698  x27 0000007694d1c408
06-01 18:11:50.508 19402 19402 F DEBUG   :     x28 0000000000000400  x29 0000007669641bb0
06-01 18:11:50.508 19402 19402 F DEBUG   :     lr  0000007576c73da0  sp  0000007669641b90  pc  00000076790b8f34  pst 0000000000000000
06-01 18:11:50.508 19402 19402 F DEBUG   : backtrace:
06-01 18:11:50.508 19402 19402 F DEBUG   :       #00 pc 0000000000075f34  /apex/com.android.runtime/lib64/bionic/libc.so (syscall+36) (BuildId: bbbdeb7c87c74f1491f92c6e605095b0)
06-01 18:11:50.508 19402 19402 F DEBUG   :       #01 pc 0000000004062d9c  /data/app/~~0vURfNRJhP5qOxDjXMAdJA==/com.google.android.webview-1jICq8A_gawMkQD3QY60ZA==/base.apk!libwebviewchromium.so (BuildId: 6830cf8493d489d274dd2200dc390799760c2507)
06-01 18:11:50.508 19402 19402 F DEBUG   :       #02 pc 0000000004059518  /data/app/~~0vURfNRJhP5qOxDjXMAdJA==/com.google.android.webview-1jICq8A_gawMkQD3QY60ZA==/base.apk!libwebviewchromium.so (BuildId: 6830cf8493d489d274dd2200dc390799760c2507)
06-01 18:11:50.508 19402 19402 F DEBUG   :       #03 pc 000000000729d1dc  /data/app/~~wQ8RE4b6EuVrDO1jU9fckw==/com.vibekey.keyboard-8q6NMqO2NiSF2oh1leNm5Q==/lib/arm64/libxul.so (BuildId: 4a35ccb91ce54a7d8afe95f435ee2ee2cc640e58)
06-01 18:11:50.508 19402 19402 F DEBUG   :       #04 pc 0000000007721500  /data/app/~~wQ8RE4b6EuVrDO1jU9fckw==/com.vibekey.keyboard-8q6NMqO2NiSF2oh1leNm5Q==/lib/arm64/libxul.so (BuildId: 4a35ccb91ce54a7d8afe95f435ee2ee2cc640e58)
06-01 18:11:50.508 19402 19402 F DEBUG   :       #05 pc 0000000000006f94  /apex/com.android.art/lib64/libsigchain.so (art::SignalChain::Handler(int, siginfo*, void*)+1148) (BuildId: 1d71636c1517ecf3fa421563ba6710f3)
06-01 18:11:50.509 19402 19402 F DEBUG   :       #06 pc 0000000000000638  [vdso] (__kernel_rt_sigreturn+0)
06-01 18:11:50.509 19402 19402 F DEBUG   :       #07 pc 00000000045b52d4  /data/app/~~wQ8RE4b6EuVrDO1jU9fckw==/com.vibekey.keyboard-8q6NMqO2NiSF2oh1leNm5Q==/lib/arm64/libxul.so (BuildId: 4a35ccb91ce54a7d8afe95f435ee2ee2cc640e58)
06-01 18:11:50.509 19402 19402 F DEBUG   :       #08 pc 00000000045b51dc  /data/app/~~wQ8RE4b6EuVrDO1jU9fckw==/com.vibekey.keyboard-8q6NMqO2NiSF2oh1leNm5Q==/lib/arm64/libxul.so (BuildId: 4a35ccb91ce54a7d8afe95f435ee2ee2cc640e58)
06-01 18:11:50.509 19402 19402 F DEBUG   :       #09 pc 0000000003266d38  /data/app/~~wQ8RE4b6EuVrDO1jU9fckw==/com.vibekey.keyboard-8q6NMqO2NiSF2oh1leNm5Q==/lib/arm64/libxul.so (BuildId: 4a35ccb91ce54a7d8afe95f435ee2ee2cc640e58)
06-01 18:11:50.509 19402 19402 F DEBUG   :       #10 pc 0000000002f1f7fc  /data/app/~~wQ8RE4b6EuVrDO1jU9fckw==/com.vibekey.keyboard-8q6NMqO2NiSF2oh1leNm5Q==/lib/arm64/libxul.so (BuildId: 4a35ccb91ce54a7d8afe95f435ee2ee2cc640e58)
06-01 18:11:50.509 19402 19402 F DEBUG   :       #11 pc 0000000002f1e7ac  /data/app/~~wQ8RE4b6EuVrDO1jU9fckw==/com.vibekey.keyboard-8q6NMqO2NiSF2oh1leNm5Q==/lib/arm64/libxul.so (BuildId: 4a35ccb91ce54a7d8afe95f435ee2ee2cc640e58)
06-01 18:11:50.509 19402 19402 F DEBUG   :       #12 pc 00000000041b0ae4  /data/app/~~wQ8RE4b6EuVrDO1jU9fckw==/com.vibekey.keyboard-8q6NMqO2NiSF2oh1leNm5Q==/lib/arm64/libxul.so (BuildId: 4a35ccb91ce54a7d8afe95f435ee2ee2cc640e58)
06-01 18:11:50.509 19402 19402 F DEBUG   :       #13 pc 0000000003f73378  /data/app/~~wQ8RE4b6EuVrDO1jU9fckw==/com.vibekey.keyboard-8q6NMqO2NiSF2oh1leNm5Q==/lib/arm64/libxul.so (BuildId: 4a35ccb91ce54a7d8afe95f435ee2ee2cc640e58)
06-01 18:11:50.509 19402 19402 F DEBUG   :       #14 pc 0000000004626ad0  /data/app/~~wQ8RE4b6EuVrDO1jU9fckw==/com.vibekey.keyboard-8q6NMqO2NiSF2oh1leNm5Q==/lib/arm64/libxul.so (BuildId: 4a35ccb91ce54a7d8afe95f435ee2ee2cc640e58)
06-01 18:11:50.509 19402 19402 F DEBUG   :       #15 pc 00000000042d59cc  /data/app/~~wQ8RE4b6EuVrDO1jU9fckw==/com.vibekey.keyboard-8q6NMqO2NiSF2oh1leNm5Q==/lib/arm64/libxul.so (BuildId: 4a35ccb91ce54a7d8afe95f435ee2ee2cc640e58)
06-01 18:11:50.509 19402 19402 F DEBUG   :       #16 pc 00000000043bf100  /data/app/~~wQ8RE4b6EuVrDO1jU9fckw==/com.vibekey.keyboard-8q6NMqO2NiSF2oh1leNm5Q==/lib/arm64/libxul.so (BuildId: 4a35ccb91ce54a7d8afe95f435ee2ee2cc640e58)
06-01 18:11:50.509 19402 19402 F DEBUG   :       #17 pc 000000000462ccdc  /data/app/~~wQ8RE4b6EuVrDO1jU9fckw==/com.vibekey.keyboard-8q6NMqO2NiSF2oh1leNm5Q==/lib/arm64/libxul.so (BuildId: 4a35ccb91ce54a7d8afe95f435ee2ee2cc640e58)
06-01 18:11:50.509 19402 19402 F DEBUG   :       #18 pc 000000000009a1d4  /data/app/~~wQ8RE4b6EuVrDO1jU9fckw==/com.vibekey.keyboard-8q6NMqO2NiSF2oh1leNm5Q==/lib/arm64/libmozglue.so (Java_org_mozilla_gecko_mozglue_GeckoLoader_nativeRun+956) (BuildId: 8d82c5d136d7c01bbfb799da8ac843daefd5a4ec)
06-01 18:11:50.509 19402 19402 F DEBUG   :       #19 pc 00000000002c2100  /apex/com.android.art/lib64/libart.so (art_quick_generic_jni_trampoline+144) (BuildId: 7087b2f2160bfbf3335d54ba9779e325)
06-01 18:11:50.509 19402 19402 F DEBUG   :       #20 pc 0000000000668468  /apex/com.android.art/lib64/libart.so (nterp_helper+152) (BuildId: 7087b2f2160bfbf3335d54ba9779e325)
06-01 18:11:50.509 19402 19402 F DEBUG   :       #21 pc 0000000000a43d5c  /data/app/~~wQ8RE4b6EuVrDO1jU9fckw==/com.vibekey.keyboard-8q6NMqO2NiSF2oh1leNm5Q==/oat/arm64/base.vdex (org.mozilla.gecko.GeckoThread.run+1552)
06-01 18:11:50.509 19402 19402 F DEBUG   :       #22 pc 00000000002aad94  /apex/com.android.art/lib64/libart.so (art_quick_invoke_stub+612) (BuildId: 7087b2f2160bfbf3335d54ba9779e325)
06-01 18:11:50.509 19402 19402 F DEBUG   :       #23 pc 00000000002707ac  /apex/com.android.art/lib64/libart.so (art::ArtMethod::Invoke(art::Thread*, unsigned int*, unsigned int, art::JValue*, char const*)+220) (BuildId: 7087b2f2160bfbf3335d54ba9779e325)
06-01 18:11:50.509 19402 19402 F DEBUG   :       #24 pc 00000000004bdc28  /apex/com.android.art/lib64/libart.so (art::Thread::CreateCallback(void*)+1184) (BuildId: 7087b2f2160bfbf3335d54ba9779e325)
06-01 18:11:50.509 19402 19402 F DEBUG   :       #25 pc 00000000000deb44  /apex/com.android.runtime/lib64/bionic/libc.so (__pthread_start(void*)+264) (BuildId: bbbdeb7c87c74f1491f92c6e605095b0)
06-01 18:11:50.509 19402 19402 F DEBUG   :       #26 pc 000000000007b2fc  /apex/com.android.runtime/lib64/bionic/libc.so (__start_thread+68) (BuildId: bbbdeb7c87c74f1491f92c6e605095b0)
06-01 18:11:52.254 19417 19417 E OplusCustomizeRestrictionManager: sInstance is null, start a new sInstance
06-01 18:12:02.661 19417 19569 E ActivityThread: Failed to find provider info for com.oplus.statistics.provider
06-01 18:12:02.661 19417 19569 E OplusStatistics--: IllegalArgumentException:java.lang.IllegalArgumentException: Unknown URL content://com.oplus.statistics.provider/track_event
06-01 18:12:08.923 20289 20289 E OplusCustomizeRestrictionManager: sInstance is null, start a new sInstance
06-01 18:12:14.982 20289 20434 F libc    : Fatal signal 11 (SIGSEGV), code 1 (SEGV_MAPERR), fault addr 0x0 in tid 20434 (Gecko), pid 20289 (AndroidUI)
06-01 18:12:15.866 20777 20777 F DEBUG   : Process name is com.vibekey.keyboard, not key_process
06-01 18:12:15.866 20777 20777 F DEBUG   : keyProcess: 0
06-01 18:12:15.866 20777 20777 F DEBUG   : *** *** *** *** *** *** *** *** *** *** *** *** *** *** *** ***
06-01 18:12:15.866 20777 20777 F DEBUG   : Build fingerprint: 'OnePlus/OnePlus7Pro/OnePlus7Pro:12/SKQ1.211113.001/P.202303230244:user/release-keys'
06-01 18:12:15.866 20777 20777 F DEBUG   : Revision: '0'
06-01 18:12:15.866 20777 20777 F DEBUG   : ABI: 'arm64'
06-01 18:12:15.866 20777 20777 F DEBUG   : Timestamp: 2026-06-01 18:12:15.233961484-0400
06-01 18:12:15.866 20777 20777 F DEBUG   : Process uptime: 0s
06-01 18:12:15.866 20777 20777 F DEBUG   : Cmdline: com.vibekey.keyboard
06-01 18:12:15.866 20777 20777 F DEBUG   : pid: 20289, tid: 20434, name: Gecko  >>> com.vibekey.keyboard <<<
06-01 18:12:15.866 20777 20777 F DEBUG   : uid: 13881
06-01 18:12:15.866 20777 20777 F DEBUG   : signal 11 (SIGSEGV), code 1 (SEGV_MAPERR), fault addr 0x0
06-01 18:12:15.866 20777 20777 F DEBUG   : Cause: null pointer dereference
06-01 18:12:15.866 20777 20777 F DEBUG   :     x0  0000000000000000  x1  0000000000004fd2  x2  000000000000000b  x3  000000766e1c2da0
06-01 18:12:15.866 20777 20777 F DEBUG   :     x4  0000007694d1c400  x5  0000007694d1c400  x6  0000007694d1c400  x7  0000000000000000
06-01 18:12:15.866 20777 20777 F DEBUG   :     x8  00000000000000f0  x9  db746b027190efc7  x10 0000007696b4068c  x11 0000000000000000
06-01 18:12:15.866 20777 20777 F DEBUG   :     x12 00000000ffffffff  x13 0000000000000000  x14 0027974bb8f06b7b  x15 00010a0f5e68f6c1
06-01 18:12:15.866 20777 20777 F DEBUG   :     x16 000000757ca4b410  x17 00000076790b8f10  x18 00000074d99fe000  x19 000000000000000b
06-01 18:12:15.866 20777 20777 F DEBUG   :     x20 000000766e1c2da0  x21 0000000000004f41  x22 000000766e1c2b90  x23 0000000000000001
06-01 18:12:15.866 20777 20777 F DEBUG   :     x24 00000074cd7492d8  x25 00000074da610000  x26 0000007694d1d698  x27 0000007694d1c408
06-01 18:12:15.866 20777 20777 F DEBUG   :     x28 0000000000000400  x29 000000766e1c2bb0
06-01 18:12:15.866 20777 20777 F DEBUG   :     lr  0000007576c73da0  sp  000000766e1c2b90  pc  00000076790b8f34  pst 0000000000000000
06-01 18:12:15.866 20777 20777 F DEBUG   : backtrace:
06-01 18:12:15.866 20777 20777 F DEBUG   :       #00 pc 0000000000075f34  /apex/com.android.runtime/lib64/bionic/libc.so (syscall+36) (BuildId: bbbdeb7c87c74f1491f92c6e605095b0)
06-01 18:12:15.866 20777 20777 F DEBUG   :       #01 pc 0000000004062d9c  /data/app/~~0vURfNRJhP5qOxDjXMAdJA==/com.google.android.webview-1jICq8A_gawMkQD3QY60ZA==/base.apk!libwebviewchromium.so (BuildId: 6830cf8493d489d274dd2200dc390799760c2507)
06-01 18:12:15.866 20777 20777 F DEBUG   :       #02 pc 0000000004059518  /data/app/~~0vURfNRJhP5qOxDjXMAdJA==/com.google.android.webview-1jICq8A_gawMkQD3QY60ZA==/base.apk!libwebviewchromium.so (BuildId: 6830cf8493d489d274dd2200dc390799760c2507)
06-01 18:12:15.866 20777 20777 F DEBUG   :       #03 pc 000000000729d1dc  /data/app/~~wQ8RE4b6EuVrDO1jU9fckw==/com.vibekey.keyboard-8q6NMqO2NiSF2oh1leNm5Q==/lib/arm64/libxul.so (BuildId: 4a35ccb91ce54a7d8afe95f435ee2ee2cc640e58)
06-01 18:12:15.867 20777 20777 F DEBUG   :       #04 pc 0000000007721500  /data/app/~~wQ8RE4b6EuVrDO1jU9fckw==/com.vibekey.keyboard-8q6NMqO2NiSF2oh1leNm5Q==/lib/arm64/libxul.so (BuildId: 4a35ccb91ce54a7d8afe95f435ee2ee2cc640e58)
06-01 18:12:15.867 20777 20777 F DEBUG   :       #05 pc 0000000000006f94  /apex/com.android.art/lib64/libsigchain.so (art::SignalChain::Handler(int, siginfo*, void*)+1148) (BuildId: 1d71636c1517ecf3fa421563ba6710f3)
06-01 18:12:15.867 20777 20777 F DEBUG   :       #06 pc 0000000000000638  [vdso] (__kernel_rt_sigreturn+0)
06-01 18:12:15.867 20777 20777 F DEBUG   :       #07 pc 00000000045b52d4  /data/app/~~wQ8RE4b6EuVrDO1jU9fckw==/com.vibekey.keyboard-8q6NMqO2NiSF2oh1leNm5Q==/lib/arm64/libxul.so (BuildId: 4a35ccb91ce54a7d8afe95f435ee2ee2cc640e58)
06-01 18:12:15.867 20777 20777 F DEBUG   :       #08 pc 00000000045b51dc  /data/app/~~wQ8RE4b6EuVrDO1jU9fckw==/com.vibekey.keyboard-8q6NMqO2NiSF2oh1leNm5Q==/lib/arm64/libxul.so (BuildId: 4a35ccb91ce54a7d8afe95f435ee2ee2cc640e58)
06-01 18:12:15.867 20777 20777 F DEBUG   :       #09 pc 0000000003266d38  /data/app/~~wQ8RE4b6EuVrDO1jU9fckw==/com.vibekey.keyboard-8q6NMqO2NiSF2oh1leNm5Q==/lib/arm64/libxul.so (BuildId: 4a35ccb91ce54a7d8afe95f435ee2ee2cc640e58)
06-01 18:12:15.867 20777 20777 F DEBUG   :       #10 pc 0000000002f1f7fc  /data/app/~~wQ8RE4b6EuVrDO1jU9fckw==/com.vibekey.keyboard-8q6NMqO2NiSF2oh1leNm5Q==/lib/arm64/libxul.so (BuildId: 4a35ccb91ce54a7d8afe95f435ee2ee2cc640e58)
06-01 18:12:15.867 20777 20777 F DEBUG   :       #11 pc 0000000002f1e7ac  /data/app/~~wQ8RE4b6EuVrDO1jU9fckw==/com.vibekey.keyboard-8q6NMqO2NiSF2oh1leNm5Q==/lib/arm64/libxul.so (BuildId: 4a35ccb91ce54a7d8afe95f435ee2ee2cc640e58)
06-01 18:12:15.867 20777 20777 F DEBUG   :       #12 pc 00000000041b0ae4  /data/app/~~wQ8RE4b6EuVrDO1jU9fckw==/com.vibekey.keyboard-8q6NMqO2NiSF2oh1leNm5Q==/lib/arm64/libxul.so (BuildId: 4a35ccb91ce54a7d8afe95f435ee2ee2cc640e58)
06-01 18:12:15.867 20777 20777 F DEBUG   :       #13 pc 0000000003f73378  /data/app/~~wQ8RE4b6EuVrDO1jU9fckw==/com.vibekey.keyboard-8q6NMqO2NiSF2oh1leNm5Q==/lib/arm64/libxul.so (BuildId: 4a35ccb91ce54a7d8afe95f435ee2ee2cc640e58)
06-01 18:12:15.867 20777 20777 F DEBUG   :       #14 pc 0000000004626ad0  /data/app/~~wQ8RE4b6EuVrDO1jU9fckw==/com.vibekey.keyboard-8q6NMqO2NiSF2oh1leNm5Q==/lib/arm64/libxul.so (BuildId: 4a35ccb91ce54a7d8afe95f435ee2ee2cc640e58)
06-01 18:12:15.867 20777 20777 F DEBUG   :       #15 pc 00000000042d59cc  /data/app/~~wQ8RE4b6EuVrDO1jU9fckw==/com.vibekey.keyboard-8q6NMqO2NiSF2oh1leNm5Q==/lib/arm64/libxul.so (BuildId: 4a35ccb91ce54a7d8afe95f435ee2ee2cc640e58)
06-01 18:12:15.867 20777 20777 F DEBUG   :       #16 pc 00000000043bf100  /data/app/~~wQ8RE4b6EuVrDO1jU9fckw==/com.vibekey.keyboard-8q6NMqO2NiSF2oh1leNm5Q==/lib/arm64/libxul.so (BuildId: 4a35ccb91ce54a7d8afe95f435ee2ee2cc640e58)
06-01 18:12:15.867 20777 20777 F DEBUG   :       #17 pc 000000000462ccdc  /data/app/~~wQ8RE4b6EuVrDO1jU9fckw==/com.vibekey.keyboard-8q6NMqO2NiSF2oh1leNm5Q==/lib/arm64/libxul.so (BuildId: 4a35ccb91ce54a7d8afe95f435ee2ee2cc640e58)
06-01 18:12:15.867 20777 20777 F DEBUG   :       #18 pc 000000000009a1d4  /data/app/~~wQ8RE4b6EuVrDO1jU9fckw==/com.vibekey.keyboard-8q6NMqO2NiSF2oh1leNm5Q==/lib/arm64/libmozglue.so (Java_org_mozilla_gecko_mozglue_GeckoLoader_nativeRun+956) (BuildId: 8d82c5d136d7c01bbfb799da8ac843daefd5a4ec)
06-01 18:12:15.867 20777 20777 F DEBUG   :       #19 pc 00000000002c2100  /apex/com.android.art/lib64/libart.so (art_quick_generic_jni_trampoline+144) (BuildId: 7087b2f2160bfbf3335d54ba9779e325)
06-01 18:12:15.867 20777 20777 F DEBUG   :       #20 pc 0000000000668468  /apex/com.android.art/lib64/libart.so (nterp_helper+152) (BuildId: 7087b2f2160bfbf3335d54ba9779e325)
06-01 18:12:15.867 20777 20777 F DEBUG   :       #21 pc 0000000000a43d5c  /data/app/~~wQ8RE4b6EuVrDO1jU9fckw==/com.vibekey.keyboard-8q6NMqO2NiSF2oh1leNm5Q==/oat/arm64/base.vdex (org.mozilla.gecko.GeckoThread.run+1552)
06-01 18:12:15.867 20777 20777 F DEBUG   :       #22 pc 00000000002aad94  /apex/com.android.art/lib64/libart.so (art_quick_invoke_stub+612) (BuildId: 7087b2f2160bfbf3335d54ba9779e325)
06-01 18:12:15.867 20777 20777 F DEBUG   :       #23 pc 00000000002707ac  /apex/com.android.art/lib64/libart.so (art::ArtMethod::Invoke(art::Thread*, unsigned int*, unsigned int, art::JValue*, char const*)+220) (BuildId: 7087b2f2160bfbf3335d54ba9779e325)
06-01 18:12:15.867 20777 20777 F DEBUG   :       #24 pc 00000000004bdc28  /apex/com.android.art/lib64/libart.so (art::Thread::CreateCallback(void*)+1184) (BuildId: 7087b2f2160bfbf3335d54ba9779e325)
06-01 18:12:15.867 20777 20777 F DEBUG   :       #25 pc 00000000000deb44  /apex/com.android.runtime/lib64/bionic/libc.so (__pthread_start(void*)+264) (BuildId: bbbdeb7c87c74f1491f92c6e605095b0)
06-01 18:12:15.867 20777 20777 F DEBUG   :       #26 pc 000000000007b2fc  /apex/com.android.runtime/lib64/bionic/libc.so (__start_thread+68) (BuildId: bbbdeb7c87c74f1491f92c6e605095b0)
06-01 18:12:17.616 20796 20796 E OplusCustomizeRestrictionManager: sInstance is null, start a new sInstance
06-01 18:12:25.231 21329 21329 E OplusCustomizeRestrictionManager: sInstance is null, start a new sInstance
--------- beginning of main
06-01 18:12:41.907 21329 21329 W View    : requestLayout() improperly called by helium314.keyboard.latin.panels.BrowserPanelView{9984eeb V.E...... ........ 0,0-1440,2040} during second layout pass: posting in next frame
06-01 18:12:41.921 21329 21329 W View    : requestLayout() improperly called by helium314.keyboard.latin.panels.BrowserPanelView{9984eeb V.E...... ......I. 0,0-1440,2040} during layout: running second layout pass
06-01 18:12:41.926 21329 21329 W View    : requestLayout() improperly called by helium314.keyboard.latin.panels.BrowserPanelView{9984eeb V.E...... ........ 0,0-1440,2040} during second layout pass: posting in next frame
06-01 18:12:41.937 21329 21329 W View    : requestLayout() improperly called by helium314.keyboard.latin.panels.BrowserPanelView{9984eeb V.E...... ......I. 0,0-1440,2040} during layout: running second layout pass
06-01 18:12:41.940 21329 21329 W View    : requestLayout() improperly called by helium314.keyboard.latin.panels.BrowserPanelView{9984eeb V.E...... ........ 0,0-1440,2040} during second layout pass: posting in next frame
06-01 18:12:41.955 21329 21329 W View    : requestLayout() improperly called by helium314.keyboard.latin.panels.BrowserPanelView{9984eeb V.E...... ......I. 0,0-1440,2040} during layout: running second layout pass
06-01 18:12:41.959 21329 21329 W View    : requestLayout() improperly called by helium314.keyboard.latin.panels.BrowserPanelView{9984eeb V.E...... ........ 0,0-1440,2040} during second layout pass: posting in next frame
06-01 18:12:41.971 21329 21329 W View    : requestLayout() improperly called by helium314.keyboard.latin.panels.BrowserPanelView{9984eeb V.E...... ......I. 0,0-1440,2040} during layout: running second layout pass
06-01 18:12:41.976 21329 21329 W View    : requestLayout() improperly called by helium314.keyboard.latin.panels.BrowserPanelView{9984eeb V.E...... ........ 0,0-1440,2040} during second layout pass: posting in next frame
06-01 18:12:41.988 21329 21329 W View    : requestLayout() improperly called by helium314.keyboard.latin.panels.BrowserPanelView{9984eeb V.E...... ......I. 0,0-1440,2040} during layout: running second layout pass
06-01 18:12:41.993 21329 21329 W View    : requestLayout() improperly called by helium314.keyboard.latin.panels.BrowserPanelView{9984eeb V.E...... ........ 0,0-1440,2040} during second layout pass: posting in next frame
06-01 18:12:42.004 21329 21329 W View    : requestLayout() improperly called by helium314.keyboard.latin.panels.BrowserPanelView{9984eeb V.E...... ......I. 0,0-1440,2040} during layout: running second layout pass
06-01 18:12:42.008 21329 21329 W View    : requestLayout() improperly called by helium314.keyboard.latin.panels.BrowserPanelView{9984eeb V.E...... ........ 0,0-1440,2040} during second layout pass: posting in next frame
06-01 18:12:42.008 22049 22069 W Isolated Web Content: [JavaScript Warning: "unreachable code after return statement" {file: "https://cdn.registerdisney.go.com/v4/bundle/web/ESPN-ONESITE.WEB/en-US?cssOverride=https%3A%2F%2Fsecure.espncdn.com%2Fcombiner%2Fc%3Fcss%3Ddisneyid%2Fcorev4.css&logLevel=INFO" line: 13}]
06-01 18:12:42.021 21329 21329 W View    : requestLayout() improperly called by helium314.keyboard.latin.panels.BrowserPanelView{9984eeb V.E...... ......I. 0,0-1440,2040} during layout: running second layout pass
06-01 18:12:42.024 21329 21329 W View    : requestLayout() improperly called by helium314.keyboard.latin.panels.BrowserPanelView{9984eeb V.E...... ........ 0,0-1440,2040} during second layout pass: posting in next frame
06-01 18:12:42.037 21329 21329 W View    : requestLayout() improperly called by helium314.keyboard.latin.panels.BrowserPanelView{9984eeb V.E...... ......I. 0,0-1440,2040} during layout: running second layout pass
06-01 18:12:42.041 21329 21329 W View    : requestLayout() improperly called by helium314.keyboard.latin.panels.BrowserPanelView{9984eeb V.E...... ........ 0,0-1440,2040} during second layout pass: posting in next frame
06-01 18:12:42.054 21329 21329 W View    : requestLayout() improperly called by helium314.keyboard.latin.panels.BrowserPanelView{9984eeb V.E...... ......I. 0,0-1440,2040} during layout: running second layout pass
06-01 18:12:42.057 21329 21329 W View    : requestLayout() improperly called by helium314.keyboard.latin.panels.BrowserPanelView{9984eeb V.E...... ........ 0,0-1440,2040} during second layout pass: posting in next frame
06-01 18:12:42.070 21329 21329 W View    : requestLayout() improperly called by helium314.keyboard.latin.panels.BrowserPanelView{9984eeb V.E...... ......I. 0,0-1440,2040} during layout: running second layout pass
06-01 18:12:42.075 21329 21329 W View    : requestLayout() improperly called by helium314.keyboard.latin.panels.BrowserPanelView{9984eeb V.E...... ........ 0,0-1440,2040} during second layout pass: posting in next frame
06-01 18:12:42.080 22073 22103 E Isolated Web Content: [JavaScript Error: "Cookie “AWSALBCORS” rejected because it has the “SameSite=None” attribute but is missing the “secure” attribute." {file: "https://sp.auth.adobe.com/entitlement/v4/AccessEnablerProxy.js" line: 0}]
06-01 18:12:42.083 22049 22069 W Isolated Web Content: [JavaScript Warning: "Ignoring unsupported entryTypes: longtask." {file: "https://cdn.registerdisney.go.com/v4/bundle/web/ESPN-ONESITE.WEB/en-US?cssOverride=https%3A%2F%2Fsecure.espncdn.com%2Fcombiner%2Fc%3Fcss%3Ddisneyid%2Fcorev4.css&logLevel=INFO" line: 13}]
06-01 18:12:42.087 21329 21329 W View    : requestLayout() improperly called by helium314.keyboard.latin.panels.BrowserPanelView{9984eeb V.E...... ......I. 0,0-1440,2040} during layout: running second layout pass
06-01 18:12:42.095 21329 21329 W View    : requestLayout() improperly called by helium314.keyboard.latin.panels.BrowserPanelView{9984eeb V.E...... ........ 0,0-1440,2040} during second layout pass: posting in next frame
06-01 18:12:42.105 21329 21329 W View    : requestLayout() improperly called by helium314.keyboard.latin.panels.BrowserPanelView{9984eeb V.E...... ......I. 0,0-1440,2040} during layout: running second layout pass
06-01 18:12:42.108 21329 21329 W View    : requestLayout() improperly called by helium314.keyboard.latin.panels.BrowserPanelView{9984eeb V.E...... ........ 0,0-1440,2040} during second layout pass: posting in next frame
06-01 18:12:42.121 21329 21329 W View    : requestLayout() improperly called by helium314.keyboard.latin.panels.BrowserPanelView{9984eeb V.E...... ......I. 0,0-1440,2040} during layout: running second layout pass
06-01 18:12:42.126 21329 21329 W View    : requestLayout() improperly called by helium314.keyboard.latin.panels.BrowserPanelView{9984eeb V.E...... ........ 0,0-1440,2040} during second layout pass: posting in next frame
06-01 18:12:42.137 21329 21329 W View    : requestLayout() improperly called by helium314.keyboard.latin.panels.BrowserPanelView{9984eeb V.E...... ......I. 0,0-1440,2040} during layout: running second layout pass
06-01 18:12:42.142 21329 21329 W View    : requestLayout() improperly called by helium314.keyboard.latin.panels.BrowserPanelView{9984eeb V.E...... ........ 0,0-1440,2040} during second layout pass: posting in next frame
06-01 18:12:42.154 21329 21329 W View    : requestLayout() improperly called by helium314.keyboard.latin.panels.BrowserPanelView{9984eeb V.E...... ......I. 0,0-1440,2040} during layout: running second layout pass
06-01 18:12:42.157 21329 21329 W View    : requestLayout() improperly called by helium314.keyboard.latin.panels.BrowserPanelView{9984eeb V.E...... ........ 0,0-1440,2040} during second layout pass: posting in next frame
06-01 18:12:42.165 21792 21809 E Isolated Web Content: [JavaScript Error: "Cookie “AWSALBCORS” rejected because it has the “SameSite=None” attribute but is missing the “secure” attribute." {file: "https://sp.auth.adobe.com/entitlement/v4/AccessEnablerProxy.html?9f61ce3349740cda7528#https%3A%2F%2Fwww.espn.com%2F" line: 0}]
06-01 18:12:42.171 21329 21329 W View    : requestLayout() improperly called by helium314.keyboard.latin.panels.BrowserPanelView{9984eeb V.E...... ......I. 0,0-1440,2040} during layout: running second layout pass
06-01 18:12:42.175 21329 21329 W View    : requestLayout() improperly called by helium314.keyboard.latin.panels.BrowserPanelView{9984eeb V.E...... .......D 0,0-1440,2040} during second layout pass: posting in next frame
06-01 18:12:42.187 21792 21809 W Isolated Web Content: [JavaScript Warning: "The character encoding of a framed document was not declared. The document may appear different if viewed without the document framing it." {file: "https://www.espn.com/login/responder/v4/index.html?clientId=ESPN-ONESITE.WEB&environment=PROD" line: 0}]
06-01 18:12:42.188 21329 21329 W View    : requestLayout() improperly called by helium314.keyboard.latin.panels.BrowserPanelView{9984eeb V.E...... ......ID 0,0-1440,2040} during layout: running second layout pass
06-01 18:12:42.191 21329 21329 W View    : requestLayout() improperly called by helium314.keyboard.latin.panels.BrowserPanelView{9984eeb V.E...... ........ 0,0-1440,2040} during second layout pass: posting in next frame
06-01 18:12:42.205 21329 21329 W View    : requestLayout() improperly called by helium314.keyboard.latin.panels.BrowserPanelView{9984eeb V.E...... ......I. 0,0-1440,2040} during layout: running second layout pass
06-01 18:12:42.211 21329 21329 W View    : requestLayout() improperly called by helium314.keyboard.latin.panels.BrowserPanelView{9984eeb V.E...... ........ 0,0-1440,2040} during second layout pass: posting in next frame
06-01 18:12:42.204 21329 21329 W com.vibekey.keyboard: type=1400 audit(0.0:31886): avc: denied { nlmsg_readpriv } for comm=536F636B657420546872656164 scontext=u:r:untrusted_app:s0:c41,c271,c512,c768 tcontext=u:r:untrusted_app:s0:c41,c271,c512,c768 tclass=netlink_route_socket permissive=0 bug=b/155595000 app=com.vibekey.keyboard
06-01 18:12:42.223 21329 21329 W View    : requestLayout() improperly called by helium314.keyboard.latin.panels.BrowserPanelView{9984eeb V.E...... ......ID 0,0-1440,2040} during layout: running second layout pass
06-01 18:12:42.226 21329 21329 W View    : requestLayout() improperly called by helium314.keyboard.latin.panels.BrowserPanelView{9984eeb V.E...... ........ 0,0-1440,2040} during second layout pass: posting in next frame
06-01 18:12:42.238 21329 21329 W View    : requestLayout() improperly called by helium314.keyboard.latin.panels.BrowserPanelView{9984eeb V.E...... ......I. 0,0-1440,2040} during layout: running second layout pass
06-01 18:12:42.241 21329 21329 W View    : requestLayout() improperly called by helium314.keyboard.latin.panels.BrowserPanelView{9984eeb V.E...... .......D 0,0-1440,2040} during second layout pass: posting in next frame
06-01 18:12:42.255 21329 21329 W View    : requestLayout() improperly called by helium314.keyboard.latin.panels.BrowserPanelView{9984eeb V.E...... ......ID 0,0-1440,2040} during layout: running second layout pass
06-01 18:12:42.258 21329 21329 W View    : requestLayout() improperly called by helium314.keyboard.latin.panels.BrowserPanelView{9984eeb V.E...... .......D 0,0-1440,2040} during second layout pass: posting in next frame
06-01 18:12:42.272 21329 21329 W View    : requestLayout() improperly called by helium314.keyboard.latin.panels.BrowserPanelView{9984eeb V.E...... ......ID 0,0-1440,2040} during layout: running second layout pass
06-01 18:12:42.276 21329 21329 W View    : requestLayout() improperly called by helium314.keyboard.latin.panels.BrowserPanelView{9984eeb V.E...... ........ 0,0-1440,2040} during second layout pass: posting in next frame
06-01 18:12:42.264 21329 21329 W com.vibekey.keyboard: type=1400 audit(0.0:31887): avc: denied { nlmsg_readpriv } for comm=536F636B657420546872656164 scontext=u:r:untrusted_app:s0:c41,c271,c512,c768 tcontext=u:r:untrusted_app:s0:c41,c271,c512,c768 tclass=netlink_route_socket permissive=0 bug=b/155595000 app=com.vibekey.keyboard
06-01 18:12:42.291 21329 21329 W View    : requestLayout() improperly called by helium314.keyboard.latin.panels.BrowserPanelView{9984eeb V.E...... ......ID 0,0-1440,2040} during layout: running second layout pass
06-01 18:12:42.294 21329 21329 W View    : requestLayout() improperly called by helium314.keyboard.latin.panels.BrowserPanelView{9984eeb V.E...... ........ 0,0-1440,2040} during second layout pass: posting in next frame
06-01 18:12:42.304 21329 21329 W View    : requestLayout() improperly called by helium314.keyboard.latin.panels.BrowserPanelView{9984eeb V.E...... ......ID 0,0-1440,2040} during layout: running second layout pass
06-01 18:12:42.308 21329 21329 W View    : requestLayout() improperly called by helium314.keyboard.latin.panels.BrowserPanelView{9984eeb V.E...... ........ 0,0-1440,2040} during second layout pass: posting in next frame
06-01 18:12:42.321 21329 21329 W View    : requestLayout() improperly called by helium314.keyboard.latin.panels.BrowserPanelView{9984eeb V.E...... ......ID 0,0-1440,2040} during layout: running second layout pass
06-01 18:12:42.325 21329 21329 W View    : requestLayout() improperly called by helium314.keyboard.latin.panels.BrowserPanelView{9984eeb V.E...... ........ 0,0-1440,2040} during second layout pass: posting in next frame
06-01 18:12:42.338 21329 21329 W View    : requestLayout() improperly called by helium314.keyboard.latin.panels.BrowserPanelView{9984eeb V.E...... ......ID 0,0-1440,2040} during layout: running second layout pass
06-01 18:12:42.342 21329 21329 W View    : requestLayout() improperly called by helium314.keyboard.latin.panels.BrowserPanelView{9984eeb V.E...... ........ 0,0-1440,2040} during second layout pass: posting in next frame
06-01 18:12:42.354 21329 21329 W View    : requestLayout() improperly called by helium314.keyboard.latin.panels.BrowserPanelView{9984eeb V.E...... ......ID 0,0-1440,2040} during layout: running second layout pass
06-01 18:12:42.358 21329 21329 W View    : requestLayout() improperly called by helium314.keyboard.latin.panels.BrowserPanelView{9984eeb V.E...... ........ 0,0-1440,2040} during second layout pass: posting in next frame
06-01 18:12:42.360 21792 21809 E Isolated Web Content: [JavaScript Error: "Cookie “AWSALBCORS” rejected because it has the “SameSite=None” attribute but is missing the “secure” attribute." {file: "https://sp.auth.adobe.com/o/client/register" line: 0}]
06-01 18:12:42.371 21329 21329 W View    : requestLayout() improperly called by helium314.keyboard.latin.panels.BrowserPanelView{9984eeb V.E...... ......ID 0,0-1440,2040} during layout: running second layout pass
06-01 18:12:42.375 21329 21329 W View    : requestLayout() improperly called by helium314.keyboard.latin.panels.BrowserPanelView{9984eeb V.E...... ........ 0,0-1440,2040} during second layout pass: posting in next frame
06-01 18:12:42.388 21329 21329 W View    : requestLayout() improperly called by helium314.keyboard.latin.panels.BrowserPanelView{9984eeb V.E...... ......ID 0,0-1440,2040} during layout: running second layout pass
06-01 18:12:42.393 21329 21329 W View    : requestLayout() improperly called by helium314.keyboard.latin.panels.BrowserPanelView{9984eeb V.E...... ........ 0,0-1440,2040} during second layout pass: posting in next frame
06-01 18:12:42.405 21329 21329 W View    : requestLayout() improperly called by helium314.keyboard.latin.panels.BrowserPanelView{9984eeb V.E...... ......ID 0,0-1440,2040} during layout: running second layout pass
06-01 18:12:42.410 21329 21329 W View    : requestLayout() improperly called by helium314.keyboard.latin.panels.BrowserPanelView{9984eeb V.E...... ........ 0,0-1440,2040} during second layout pass: posting in next frame
06-01 18:12:42.422 21329 21329 W View    : requestLayout() improperly called by helium314.keyboard.latin.panels.BrowserPanelView{9984eeb V.E...... ......ID 0,0-1440,2040} during layout: running second layout pass
06-01 18:12:42.427 21329 21329 W View    : requestLayout() improperly called by helium314.keyboard.latin.panels.BrowserPanelView{9984eeb V.E...... ........ 0,0-1440,2040} during second layout pass: posting in next frame
06-01 18:12:42.443 21329 21329 W View    : requestLayout() improperly called by helium314.keyboard.latin.panels.BrowserPanelView{9984eeb V.E...... ......I. 0,0-1440,2040} during layout: running second layout pass
06-01 18:12:42.448 21329 21329 W View    : requestLayout() improperly called by helium314.keyboard.latin.panels.BrowserPanelView{9984eeb V.E...... ........ 0,0-1440,2040} during second layout pass: posting in next frame
06-01 18:12:42.455 21329 21329 W View    : requestLayout() improperly called by helium314.keyboard.latin.panels.BrowserPanelView{9984eeb V.E...... ......ID 0,0-1440,2040} during layout: running second layout pass
06-01 18:12:42.458 21329 21329 W View    : requestLayout() improperly called by helium314.keyboard.latin.panels.BrowserPanelView{9984eeb V.E...... ........ 0,0-1440,2040} during second layout pass: posting in next frame
06-01 18:12:42.471 21329 21329 W View    : requestLayout() improperly called by helium314.keyboard.latin.panels.BrowserPanelView{9984eeb V.E...... ......I. 0,0-1440,2040} during layout: running second layout pass
06-01 18:12:42.473 21329 21329 W View    : requestLayout() improperly called by helium314.keyboard.latin.panels.BrowserPanelView{9984eeb V.E...... ........ 0,0-1440,2040} during second layout pass: posting in next frame
06-01 18:12:42.489 21329 21329 W View    : requestLayout() improperly called by helium314.keyboard.latin.panels.BrowserPanelView{9984eeb V.E...... ......I. 0,0-1440,2040} during layout: running second layout pass
06-01 18:12:42.492 21329 21329 W View    : requestLayout() improperly called by helium314.keyboard.latin.panels.BrowserPanelView{9984eeb V.E...... ........ 0,0-1440,2040} during second layout pass: posting in next frame
06-01 18:12:42.507 21329 21329 W View    : requestLayout() improperly called by helium314.keyboard.latin.panels.BrowserPanelView{9984eeb V.E...... ......ID 0,0-1440,2040} during layout: running second layout pass
06-01 18:12:42.513 21329 21329 W View    : requestLayout() improperly called by helium314.keyboard.latin.panels.BrowserPanelView{9984eeb V.E...... ........ 0,0-1440,2040} during second layout pass: posting in next frame
06-01 18:12:42.504 21329 21329 W com.vibekey.keyboard: type=1400 audit(0.0:31888): avc: denied { nlmsg_readpriv } for comm=536F636B657420546872656164 scontext=u:r:untrusted_app:s0:c41,c271,c512,c768 tcontext=u:r:untrusted_app:s0:c41,c271,c512,c768 tclass=netlink_route_socket permissive=0 bug=b/155595000 app=com.vibekey.keyboard
06-01 18:12:42.521 21329 21329 W View    : requestLayout() improperly called by helium314.keyboard.latin.panels.BrowserPanelView{9984eeb V.E...... ......ID 0,0-1440,2040} during layout: running second layout pass
06-01 18:12:42.524 21329 21329 W View    : requestLayout() improperly called by helium314.keyboard.latin.panels.BrowserPanelView{9984eeb V.E...... ........ 0,0-1440,2040} during second layout pass: posting in next frame
06-01 18:12:42.527 21689 21706 W Isolated Web Content: [JavaScript Warning: "Content-Security-Policy: Ignoring “'unsafe-inline'” within script-src: ‘strict-dynamic’ specified" {file: "https://www.google.com/recaptcha/enterprise/anchor?ar=1&k=6LciB_gZAAAAAA_mwJ4G0XZ0BXWvLTt67V7YizXx&co=aHR0cHM6Ly9jZG4ucmVnaXN0ZXJkaXNuZXkuZ28uY29tOjQ0Mw..&hl=en&v=hsFBb1u5wWWWkWP4in1ua2cQ&size=invisible&anchor-ms=20000&execute-ms=30000&cb=efjh5ot3iiv8" line: 0}]
06-01 18:12:42.527 21689 21706 W Isolated Web Content: [JavaScript Warning: "Content-Security-Policy: Ignoring “https:” within script-src: ‘strict-dynamic’ specified" {file: "https://www.google.com/recaptcha/enterprise/anchor?ar=1&k=6LciB_gZAAAAAA_mwJ4G0XZ0BXWvLTt67V7YizXx&co=aHR0cHM6Ly9jZG4ucmVnaXN0ZXJkaXNuZXkuZ28uY29tOjQ0Mw..&hl=en&v=hsFBb1u5wWWWkWP4in1ua2cQ&size=invisible&anchor-ms=20000&execute-ms=30000&cb=efjh5ot3iiv8" line: 0}]
06-01 18:12:42.527 21689 21706 W Isolated Web Content: [JavaScript Warning: "Content-Security-Policy: Ignoring “http:” within script-src: ‘strict-dynamic’ specified" {file: "https://www.google.com/recaptcha/enterprise/anchor?ar=1&k=6LciB_gZAAAAAA_mwJ4G0XZ0BXWvLTt67V7YizXx&co=aHR0cHM6Ly9jZG4ucmVnaXN0ZXJkaXNuZXkuZ28uY29tOjQ0Mw..&hl=en&v=hsFBb1u5wWWWkWP4in1ua2cQ&size=invisible&anchor-ms=20000&execute-ms=30000&cb=efjh5ot3iiv8" line: 0}]
06-01 18:12:42.527 21689 21706 W Isolated Web Content: [JavaScript Warning: "Content-Security-Policy: Ignoring “'unsafe-inline'” within script-src: nonce-source or hash-source specified" {file: "https://www.google.com/recaptcha/enterprise/anchor?ar=1&k=6LciB_gZAAAAAA_mwJ4G0XZ0BXWvLTt67V7YizXx&co=aHR0cHM6Ly9jZG4ucmVnaXN0ZXJkaXNuZXkuZ28uY29tOjQ0Mw..&hl=en&v=hsFBb1u5wWWWkWP4in1ua2cQ&size=invisible&anchor-ms=20000&execute-ms=30000&cb=efjh5ot3iiv8" line: 0}]
06-01 18:12:42.528 21792 21809 E Isolated Web Content: [JavaScript Error: "Cookie “AWSALBCORS” rejected because it has the “SameSite=None” attribute but is missing the “secure” attribute." {file: "https://sp.auth.adobe.com/o/client/token" line: 0}]
06-01 18:12:42.538 21329 21329 W View    : requestLayout() improperly called by helium314.keyboard.latin.panels.BrowserPanelView{9984eeb V.E...... ......I. 0,0-1440,2040} during layout: running second layout pass
06-01 18:12:42.541 21329 21329 W View    : requestLayout() improperly called by helium314.keyboard.latin.panels.BrowserPanelView{9984eeb V.E...... .......D 0,0-1440,2040} during second layout pass: posting in next frame
06-01 18:12:42.555 21329 21329 W View    : requestLayout() improperly called by helium314.keyboard.latin.panels.BrowserPanelView{9984eeb V.E...... ......ID 0,0-1440,2040} during layout: running second layout pass
06-01 18:12:42.558 21329 21329 W View    : requestLayout() improperly called by helium314.keyboard.latin.panels.BrowserPanelView{9984eeb V.E...... ........ 0,0-1440,2040} during second layout pass: posting in next frame
06-01 18:12:42.571 21329 21329 W View    : requestLayout() improperly called by helium314.keyboard.latin.panels.BrowserPanelView{9984eeb V.E...... ......ID 0,0-1440,2040} during layout: running second layout pass
06-01 18:12:42.574 21329 21329 W View    : requestLayout() improperly called by helium314.keyboard.latin.panels.BrowserPanelView{9984eeb V.E...... ........ 0,0-1440,2040} during second layout pass: posting in next frame
06-01 18:12:42.588 21329 21329 W View    : requestLayout() improperly called by helium314.keyboard.latin.panels.BrowserPanelView{9984eeb V.E...... ......I. 0,0-1440,2040} during layout: running second layout pass
06-01 18:12:42.591 21329 21329 W View    : requestLayout() improperly called by helium314.keyboard.latin.panels.BrowserPanelView{9984eeb V.E...... .......D 0,0-1440,2040} during second layout pass: posting in next frame
