05-31 11:30:39.373 17433 17433 W AdWorker(Defaul: type=1400 audit(0.0:31931): avc: granted { execute } for path="/data/data/com.vibekey.keyboard/app_pccache/5/56714EC4B397821146ACB6EC79A53312EEB47CCA/pcam.jar" dev="dm-2" ino=789149 scontext=u:r:untrusted_app:s0:c7,c271,c512,c768 tcontext=u:object_r:app_data_file:s0:c7,c271,c512,c768 tclass=file app=com.vibekey.keyboard
05-31 11:30:39.373 17433 17519 W Ads     : Invoke Firebase method getInstance error.
05-31 11:30:39.373 17433 17519 W Ads     : The Google Mobile Ads SDK will not integrate with Firebase. Admob/Firebase integration requires the latest Firebase SDK jar, but Firebase SDK is either missing or out of date
05-31 11:30:39.381 17433 17575 W ServiceBindIntentUtils: Dynamic lookup for intent failed for action: com.google.android.gms.ads.service.CACHE
05-31 11:30:39.459 17433 17485 W Ads     : Not retrying to fetch app settings
05-31 11:30:39.464 17433 17517 W Ads     : Not retrying to fetch app settings
05-31 11:30:39.472 17433 17605 W ServiceBindIntentUtils: Dynamic lookup for intent failed for action: com.google.android.gms.ads.service.START
05-31 11:30:39.474 17433 17486 W Ads     : Not retrying to fetch app settings
05-31 11:30:39.539 17433 17433 W LayerDrawable: Invalid drawable added to LayerDrawable! Drawable already belongs to another owner but does not expose a constant state.
05-31 11:30:39.539 17433 17433 W LayerDrawable: java.lang.RuntimeException
05-31 11:30:39.539 17433 17433 W LayerDrawable: 	at android.graphics.drawable.LayerDrawable$ChildDrawable.<init>(LayerDrawable.java:1857)
05-31 11:30:39.539 17433 17433 W LayerDrawable: 	at android.graphics.drawable.LayerDrawable$LayerState.<init>(LayerDrawable.java:1977)
05-31 11:30:39.539 17433 17433 W LayerDrawable: 	at android.graphics.drawable.LayerDrawable.createConstantState(LayerDrawable.java:174)
05-31 11:30:39.539 17433 17433 W LayerDrawable: 	at android.graphics.drawable.LayerDrawable.mutate(LayerDrawable.java:1782)
05-31 11:30:39.539 17433 17433 W LayerDrawable: 	at y7.r3.j(r8-map-id-017af8926fce1dc0ad65912574719f65206f610252a0ea8190fe010c9cd2c4a0:83)
05-31 11:30:39.539 17433 17433 W LayerDrawable: 	at helium314.keyboard.latin.panels.AiThemePanelView.f(r8-map-id-017af8926fce1dc0ad65912574719f65206f610252a0ea8190fe010c9cd2c4a0:185)
05-31 11:30:39.539 17433 17433 W LayerDrawable: 	at helium314.keyboard.latin.panels.AiThemePanelView.T(r8-map-id-017af8926fce1dc0ad65912574719f65206f610252a0ea8190fe010c9cd2c4a0:88)
05-31 11:30:39.539 17433 17433 W LayerDrawable: 	at helium314.keyboard.latin.panels.AiThemePanelView.S(r8-map-id-017af8926fce1dc0ad65912574719f65206f610252a0ea8190fe010c9cd2c4a0:53)
05-31 11:30:39.539 17433 17433 W LayerDrawable: 	at g7.b0.r(r8-map-id-017af8926fce1dc0ad65912574719f65206f610252a0ea8190fe010c9cd2c4a0:192)
05-31 11:30:39.539 17433 17433 W LayerDrawable: 	at g7.b0.U(r8-map-id-017af8926fce1dc0ad65912574719f65206f610252a0ea8190fe010c9cd2c4a0:53)
05-31 11:30:39.539 17433 17433 W LayerDrawable: 	at g7.b0.R(r8-map-id-017af8926fce1dc0ad65912574719f65206f610252a0ea8190fe010c9cd2c4a0:3)
05-31 11:30:39.539 17433 17433 W LayerDrawable: 	at k7.o0.c(r8-map-id-017af8926fce1dc0ad65912574719f65206f610252a0ea8190fe010c9cd2c4a0:12)
05-31 11:30:39.539 17433 17433 W LayerDrawable: 	at k7.o0.b(r8-map-id-017af8926fce1dc0ad65912574719f65206f610252a0ea8190fe010c9cd2c4a0:51)
05-31 11:30:39.539 17433 17433 W LayerDrawable: 	at g7.b0.w(r8-map-id-017af8926fce1dc0ad65912574719f65206f610252a0ea8190fe010c9cd2c4a0:91)
05-31 11:30:39.539 17433 17433 W LayerDrawable: 	at g7.b0.H(r8-map-id-017af8926fce1dc0ad65912574719f65206f610252a0ea8190fe010c9cd2c4a0:30)
05-31 11:30:39.539 17433 17433 W LayerDrawable: 	at helium314.keyboard.latin.LatinIME.onStartInputView(r8-map-id-017af8926fce1dc0ad65912574719f65206f610252a0ea8190fe010c9cd2c4a0:926)
05-31 11:30:39.539 17433 17433 W LayerDrawable: 	at android.inputmethodservice.InputMethodService.startViews(InputMethodService.java:2400)
05-31 11:30:39.539 17433 17433 W LayerDrawable: 	at android.inputmethodservice.InputMethodService.showWindow(InputMethodService.java:2341)
05-31 11:30:39.539 17433 17433 W LayerDrawable: 	at android.inputmethodservice.InputMethodService$InputMethodImpl.showSoftInput(InputMethodService.java:848)
05-31 11:30:39.539 17433 17433 W LayerDrawable: 	at android.inputmethodservice.InputMethodService$InputMethodImpl.showSoftInputWithToken(InputMethodService.java:817)
05-31 11:30:39.539 17433 17433 W LayerDrawable: 	at android.inputmethodservice.IInputMethodWrapper.executeMessage(IInputMethodWrapper.java:225)
05-31 11:30:39.539 17433 17433 W LayerDrawable: 	at com.android.internal.os.HandlerCaller$MyHandler.handleMessage(HandlerCaller.java:44)
05-31 11:30:39.539 17433 17433 W LayerDrawable: 	at android.os.Handler.dispatchMessage(Handler.java:106)
05-31 11:30:39.539 17433 17433 W LayerDrawable: 	at android.os.Looper.loopOnce(Looper.java:233)
05-31 11:30:39.539 17433 17433 W LayerDrawable: 	at android.os.Looper.loop(Looper.java:344)
05-31 11:30:39.539 17433 17433 W LayerDrawable: 	at android.app.ActivityThread.main(ActivityThread.java:8212)
05-31 11:30:39.539 17433 17433 W LayerDrawable: 	at java.lang.reflect.Method.invoke(Native Method)
05-31 11:30:39.539 17433 17433 W LayerDrawable: 	at com.android.internal.os.RuntimeInit$MethodAndArgsCaller.run(RuntimeInit.java:584)
05-31 11:30:39.539 17433 17433 W LayerDrawable: 	at com.android.internal.os.ZygoteInit.main(ZygoteInit.java:1034)
05-31 11:30:39.540 17433 17433 W LayerDrawable: Invalid drawable added to LayerDrawable! Drawable already belongs to another owner but does not expose a constant state.
05-31 11:30:39.540 17433 17433 W LayerDrawable: java.lang.RuntimeException
05-31 11:30:39.540 17433 17433 W LayerDrawable: 	at android.graphics.drawable.LayerDrawable$ChildDrawable.<init>(LayerDrawable.java:1857)
05-31 11:30:39.540 17433 17433 W LayerDrawable: 	at android.graphics.drawable.LayerDrawable$LayerState.<init>(LayerDrawable.java:1977)
05-31 11:30:39.540 17433 17433 W LayerDrawable: 	at android.graphics.drawable.LayerDrawable.createConstantState(LayerDrawable.java:174)
05-31 11:30:39.540 17433 17433 W LayerDrawable: 	at android.graphics.drawable.LayerDrawable.mutate(LayerDrawable.java:1782)
05-31 11:30:39.540 17433 17433 W LayerDrawable: 	at y7.r3.j(r8-map-id-017af8926fce1dc0ad65912574719f65206f610252a0ea8190fe010c9cd2c4a0:83)
05-31 11:30:39.540 17433 17433 W LayerDrawable: 	at helium314.keyboard.latin.panels.AiThemePanelView.f(r8-map-id-017af8926fce1dc0ad65912574719f65206f610252a0ea8190fe010c9cd2c4a0:185)
05-31 11:30:39.540 17433 17433 W LayerDrawable: 	at helium314.keyboard.latin.panels.AiThemePanelView.T(r8-map-id-017af8926fce1dc0ad65912574719f65206f610252a0ea8190fe010c9cd2c4a0:88)
05-31 11:30:39.540 17433 17433 W LayerDrawable: 	at helium314.keyboard.latin.panels.AiThemePanelView.S(r8-map-id-017af8926fce1dc0ad65912574719f65206f610252a0ea8190fe010c9cd2c4a0:53)
05-31 11:30:39.540 17433 17433 W LayerDrawable: 	at g7.b0.r(r8-map-id-017af8926fce1dc0ad65912574719f65206f610252a0ea8190fe010c9cd2c4a0:192)
05-31 11:30:39.540 17433 17433 W LayerDrawable: 	at g7.b0.U(r8-map-id-017af8926fce1dc0ad65912574719f65206f610252a0ea8190fe010c9cd2c4a0:53)
05-31 11:30:39.540 17433 17433 W LayerDrawable: 	at g7.b0.R(r8-map-id-017af8926fce1dc0ad65912574719f65206f610252a0ea8190fe010c9cd2c4a0:3)
05-31 11:30:39.540 17433 17433 W LayerDrawable: 	at k7.o0.c(r8-map-id-017af8926fce1dc0ad65912574719f65206f610252a0ea8190fe010c9cd2c4a0:12)
05-31 11:30:39.540 17433 17433 W LayerDrawable: 	at k7.o0.b(r8-map-id-017af8926fce1dc0ad65912574719f65206f610252a0ea8190fe010c9cd2c4a0:51)
05-31 11:30:39.540 17433 17433 W LayerDrawable: 	at g7.b0.w(r8-map-id-017af8926fce1dc0ad65912574719f65206f610252a0ea8190fe010c9cd2c4a0:91)
05-31 11:30:39.540 17433 17433 W LayerDrawable: 	at g7.b0.H(r8-map-id-017af8926fce1dc0ad65912574719f65206f610252a0ea8190fe010c9cd2c4a0:30)
05-31 11:30:39.540 17433 17433 W LayerDrawable: 	at helium314.keyboard.latin.LatinIME.onStartInputView(r8-map-id-017af8926fce1dc0ad65912574719f65206f610252a0ea8190fe010c9cd2c4a0:926)
05-31 11:30:39.540 17433 17433 W LayerDrawable: 	at android.inputmethodservice.InputMethodService.startViews(InputMethodService.java:2400)
05-31 11:30:39.540 17433 17433 W LayerDrawable: 	at android.inputmethodservice.InputMethodService.showWindow(InputMethodService.java:2341)
05-31 11:30:39.540 17433 17433 W LayerDrawable: 	at android.inputmethodservice.InputMethodService$InputMethodImpl.showSoftInput(InputMethodService.java:848)
05-31 11:30:39.540 17433 17433 W LayerDrawable: 	at android.inputmethodservice.InputMethodService$InputMethodImpl.showSoftInputWithToken(InputMethodService.java:817)
05-31 11:30:39.540 17433 17433 W LayerDrawable: 	at android.inputmethodservice.IInputMethodWrapper.executeMessage(IInputMethodWrapper.java:225)
05-31 11:30:39.540 17433 17433 W LayerDrawable: 	at com.android.internal.os.HandlerCaller$MyHandler.handleMessage(HandlerCaller.java:44)
05-31 11:30:39.540 17433 17433 W LayerDrawable: 	at android.os.Handler.dispatchMessage(Handler.java:106)
05-31 11:30:39.540 17433 17433 W LayerDrawable: 	at android.os.Looper.loopOnce(Looper.java:233)
05-31 11:30:39.540 17433 17433 W LayerDrawable: 	at android.os.Looper.loop(Looper.java:344)
05-31 11:30:39.540 17433 17433 W LayerDrawable: 	at android.app.ActivityThread.main(ActivityThread.java:8212)
05-31 11:30:39.540 17433 17433 W LayerDrawable: 	at java.lang.reflect.Method.invoke(Native Method)
05-31 11:30:39.540 17433 17433 W LayerDrawable: 	at com.android.internal.os.RuntimeInit$MethodAndArgsCaller.run(RuntimeInit.java:584)
05-31 11:30:39.540 17433 17433 W LayerDrawable: 	at com.android.internal.os.ZygoteInit.main(ZygoteInit.java:1034)
05-31 11:30:39.540 17433 17433 W LayerDrawable: Invalid drawable added to LayerDrawable! Drawable already belongs to another owner but does not expose a constant state.
05-31 11:30:39.540 17433 17433 W LayerDrawable: java.lang.RuntimeException
05-31 11:30:39.540 17433 17433 W LayerDrawable: 	at android.graphics.drawable.LayerDrawable$ChildDrawable.<init>(LayerDrawable.java:1857)
05-31 11:30:39.540 17433 17433 W LayerDrawable: 	at android.graphics.drawable.LayerDrawable$LayerState.<init>(LayerDrawable.java:1977)
05-31 11:30:39.540 17433 17433 W LayerDrawable: 	at android.graphics.drawable.LayerDrawable.createConstantState(LayerDrawable.java:174)
05-31 11:30:39.540 17433 17433 W LayerDrawable: 	at android.graphics.drawable.LayerDrawable.mutate(LayerDrawable.java:1782)
05-31 11:30:39.540 17433 17433 W LayerDrawable: 	at y7.r3.j(r8-map-id-017af8926fce1dc0ad65912574719f65206f610252a0ea8190fe010c9cd2c4a0:83)
05-31 11:30:39.540 17433 17433 W LayerDrawable: 	at helium314.keyboard.latin.panels.AiThemePanelView.f(r8-map-id-017af8926fce1dc0ad65912574719f65206f610252a0ea8190fe010c9cd2c4a0:185)
05-31 11:30:39.540 17433 17433 W LayerDrawable: 	at helium314.keyboard.latin.panels.AiThemePanelView.T(r8-map-id-017af8926fce1dc0ad65912574719f65206f610252a0ea8190fe010c9cd2c4a0:88)
05-31 11:30:39.540 17433 17433 W LayerDrawable: 	at helium314.keyboard.latin.panels.AiThemePanelView.S(r8-map-id-017af8926fce1dc0ad65912574719f65206f610252a0ea8190fe010c9cd2c4a0:53)
05-31 11:30:39.540 17433 17433 W LayerDrawable: 	at g7.b0.r(r8-map-id-017af8926fce1dc0ad65912574719f65206f610252a0ea8190fe010c9cd2c4a0:192)
05-31 11:30:39.540 17433 17433 W LayerDrawable: 	at g7.b0.U(r8-map-id-017af8926fce1dc0ad65912574719f65206f610252a0ea8190fe010c9cd2c4a0:53)
05-31 11:30:39.540 17433 17433 W LayerDrawable: 	at g7.b0.R(r8-map-id-017af8926fce1dc0ad65912574719f65206f610252a0ea8190fe010c9cd2c4a0:3)
05-31 11:30:39.540 17433 17433 W LayerDrawable: 	at k7.o0.c(r8-map-id-017af8926fce1dc0ad65912574719f65206f610252a0ea8190fe010c9cd2c4a0:12)
05-31 11:30:39.540 17433 17433 W LayerDrawable: 	at k7.o0.b(r8-map-id-017af8926fce1dc0ad65912574719f65206f610252a0ea8190fe010c9cd2c4a0:51)
05-31 11:30:39.540 17433 17433 W LayerDrawable: 	at g7.b0.w(r8-map-id-017af8926fce1dc0ad65912574719f65206f610252a0ea8190fe010c9cd2c4a0:91)
05-31 11:30:39.540 17433 17433 W LayerDrawable: 	at g7.b0.H(r8-map-id-017af8926fce1dc0ad65912574719f65206f610252a0ea8190fe010c9cd2c4a0:30)
05-31 11:30:39.540 17433 17433 W LayerDrawable: 	at helium314.keyboard.latin.LatinIME.onStartInputView(r8-map-id-017af8926fce1dc0ad65912574719f65206f610252a0ea8190fe010c9cd2c4a0:926)
05-31 11:30:39.540 17433 17433 W LayerDrawable: 	at android.inputmethodservice.InputMethodService.startViews(InputMethodService.java:2400)
05-31 11:30:39.540 17433 17433 W LayerDrawable: 	at android.inputmethodservice.InputMethodService.showWindow(InputMethodService.java:2341)
05-31 11:30:39.540 17433 17433 W LayerDrawable: 	at android.inputmethodservice.InputMethodService$InputMethodImpl.showSoftInput(InputMethodService.java:848)
05-31 11:30:39.540 17433 17433 W LayerDrawable: 	at android.inputmethodservice.InputMethodService$InputMethodImpl.showSoftInputWithToken(InputMethodService.java:817)
05-31 11:30:39.540 17433 17433 W LayerDrawable: 	at android.inputmethodservice.IInputMethodWrapper.executeMessage(IInputMethodWrapper.java:225)
05-31 11:30:39.540 17433 17433 W LayerDrawable: 	at com.android.internal.os.HandlerCaller$MyHandler.handleMessage(HandlerCaller.java:44)
05-31 11:30:39.540 17433 17433 W LayerDrawable: 	at android.os.Handler.dispatchMessage(Handler.java:106)
05-31 11:30:39.540 17433 17433 W LayerDrawable: 	at android.os.Looper.loopOnce(Looper.java:233)
05-31 11:30:39.540 17433 17433 W LayerDrawable: 	at android.os.Looper.loop(Looper.java:344)
05-31 11:30:39.540 17433 17433 W LayerDrawable: 	at android.app.ActivityThread.main(ActivityThread.java:8212)
05-31 11:30:39.540 17433 17433 W LayerDrawable: 	at java.lang.reflect.Method.invoke(Native Method)
05-31 11:30:39.540 17433 17433 W LayerDrawable: 	at com.android.internal.os.RuntimeInit$MethodAndArgsCaller.run(RuntimeInit.java:584)
05-31 11:30:39.540 17433 17433 W LayerDrawable: 	at com.android.internal.os.ZygoteInit.main(ZygoteInit.java:1034)
05-31 11:30:39.599 17433 17541 W cr_media: BLUETOOTH_CONNECT permission is missing.
05-31 11:30:39.599 17433 17541 W cr_media: getBluetoothAdapter() requires BLUETOOTH permission
05-31 11:30:39.599 17433 17541 W cr_media: registerBluetoothIntentsIfNeeded: Requires BLUETOOTH permission
05-31 11:30:39.641 17433 17433 W View    : requestLayout() improperly called by android.widget.LinearLayout{4460db9 V.E...... ......ID 0,1973-1440,2923 #7f0a011b app:id/main_keyboard_frame} during layout: running second layout pass
05-31 11:30:39.752 17433 17560 W AudioCapabilities: Unsupported mime audio/ffmpeg
05-31 11:30:39.753 17433 17560 W VideoCapabilities: Unsupported mime video/ffmpeg
05-31 11:30:39.753 17433 17560 W VideoCapabilities: Unrecognized profile/level 0/3 for video/mpeg2
05-31 11:30:39.753 17433 17560 W VideoCapabilities: Unrecognized profile/level 0/3 for video/mpeg2
05-31 11:30:39.820 17433 17523 E BLASTBufferQueue: BLASTBufferItemConsumer::onDisconnect()
05-31 11:30:39.905 17433 17657 W Settings: Setting animator_duration_scale has moved from android.provider.Settings.System to android.provider.Settings.Global, returning read-only global URI.
05-31 11:30:39.909 17433 17657 E GeckoLibLoad: Load sqlite start
05-31 11:30:39.910 17433 17657 E GeckoLibLoad: Load sqlite done
05-31 11:30:39.910 17433 17657 E GeckoLibLoad: Load nss start
05-31 11:30:39.910 17433 17657 E GeckoLibLoad: Load nss done
05-31 11:30:39.924 17433 17657 E GeckoLibLoad: Loaded libs in 14.326511ms total, 0ms(80ms) user, 8ms(6ms) system, 0(0) faults
05-31 11:30:39.926 17433 17657 W GeckoThread: zerdatime 59468383 - runGecko
05-31 11:30:39.994 17433 17657 E ibekey.keyboar: hiddenapi: Accessing hidden field Ljava/lang/Boolean;->value:Z (runtime_flags=0, domain=core-platform, api=max-target-p) from Lorg/mozilla/gecko/GeckoThread; (domain=app, TargetSdkVersion=35) using JNI: denied
05-31 11:30:39.994 17433 17657 E ibekey.keyboar: hiddenapi: Accessing hidden field Ljava/lang/Integer;->value:I (runtime_flags=0, domain=core-platform, api=max-target-p) from Lorg/mozilla/gecko/GeckoThread; (domain=app, TargetSdkVersion=35) using JNI: denied
05-31 11:30:39.994 17433 17657 E ibekey.keyboar: hiddenapi: Accessing hidden field Ljava/lang/Long;->value:J (runtime_flags=0, domain=core-platform, api=max-target-p) from Lorg/mozilla/gecko/GeckoThread; (domain=app, TargetSdkVersion=35) using JNI: denied
05-31 11:30:39.994 17433 17657 E ibekey.keyboar: hiddenapi: Accessing hidden field Ljava/lang/Double;->value:D (runtime_flags=0, domain=core-platform, api=max-target-p) from Lorg/mozilla/gecko/GeckoThread; (domain=app, TargetSdkVersion=35) using JNI: denied
05-31 11:30:39.993 17433 17433 W com.vibekey.keyboard: type=1400 audit(0.0:31932): avc: denied { bind } for comm=4E65746C696E6B204D6F6E69746F72 scontext=u:r:untrusted_app:s0:c7,c271,c512,c768 tcontext=u:r:untrusted_app:s0:c7,c271,c512,c768 tclass=netlink_route_socket permissive=0 bug=b/155595000 app=com.vibekey.keyboard
05-31 11:30:40.060 17682 17682 E .keyboard:tab2: Unknown bits set in runtime_flags: 0x40000000
05-31 11:30:40.869 17433 17433 E Ads     : JS: Uncaught TypeError: Cannot read properties of null (reading 's') (https://pagead2.googlesyndication.com/omsdk/releases/live/omsdk-v1.js:27)
05-31 11:30:41.098 17433 17486 W Ads     : Not retrying to fetch app settings
05-31 11:30:41.207 17433 17433 W View    : requestLayout() improperly called by android.widget.FrameLayout{55b6a9b V.E...... ......ID 0,1677-1440,1857 #7f0a0087 app:id/browser_nav_footer_float} during layout: running second layout pass
05-31 11:30:41.224 17433 17433 E BrowserPanel: Gecko engine creation failed
05-31 11:30:41.224 17433 17433 E BrowserPanel: java.lang.IllegalStateException: Only one GeckoRuntime instance is allowed
05-31 11:30:41.224 17433 17433 E BrowserPanel: 	at org.mozilla.geckoview.GeckoRuntime.<init>(r8-map-id-017af8926fce1dc0ad65912574719f65206f610252a0ea8190fe010c9cd2c4a0:14)
05-31 11:30:41.224 17433 17433 E BrowserPanel: 	at org.mozilla.geckoview.GeckoRuntime.create(r8-map-id-017af8926fce1dc0ad65912574719f65206f610252a0ea8190fe010c9cd2c4a0:4)
05-31 11:30:41.224 17433 17433 E BrowserPanel: 	at y7.x1.a(r8-map-id-017af8926fce1dc0ad65912574719f65206f610252a0ea8190fe010c9cd2c4a0:171)
05-31 11:30:41.224 17433 17433 E BrowserPanel: 	at y7.x1.c(r8-map-id-017af8926fce1dc0ad65912574719f65206f610252a0ea8190fe010c9cd2c4a0:54)
05-31 11:30:41.224 17433 17433 E BrowserPanel: 	at y7.u1.<init>(r8-map-id-017af8926fce1dc0ad65912574719f65206f610252a0ea8190fe010c9cd2c4a0:83)
05-31 11:30:41.224 17433 17433 E BrowserPanel: 	at helium314.keyboard.latin.panels.BrowserPanelView.Y(r8-map-id-017af8926fce1dc0ad65912574719f65206f610252a0ea8190fe010c9cd2c4a0:312)
05-31 11:30:41.224 17433 17433 E BrowserPanel: 	at helium314.keyboard.latin.panels.BrowserPanelView.H0(r8-map-id-017af8926fce1dc0ad65912574719f65206f610252a0ea8190fe010c9cd2c4a0:58)
05-31 11:30:41.224 17433 17433 E BrowserPanel: 	at c5.t.run(r8-map-id-017af8926fce1dc0ad65912574719f65206f610252a0ea8190fe010c9cd2c4a0:622)
05-31 11:30:41.224 17433 17433 E BrowserPanel: 	at g7.y.onGlobalLayout(r8-map-id-017af8926fce1dc0ad65912574719f65206f610252a0ea8190fe010c9cd2c4a0:8)
05-31 11:30:41.224 17433 17433 E BrowserPanel: 	at android.view.ViewTreeObserver.dispatchOnGlobalLayout(ViewTreeObserver.java:1061)
05-31 11:30:41.224 17433 17433 E BrowserPanel: 	at android.view.ViewRootImpl.performTraversals(ViewRootImpl.java:3407)
05-31 11:30:41.224 17433 17433 E BrowserPanel: 	at android.view.ViewRootImpl.doTraversal(ViewRootImpl.java:2305)
05-31 11:30:41.224 17433 17433 E BrowserPanel: 	at android.view.ViewRootImpl$TraversalRunnable.run(ViewRootImpl.java:9133)
05-31 11:30:41.224 17433 17433 E BrowserPanel: 	at android.view.Choreographer$CallbackRecord.run(Choreographer.java:1232)
05-31 11:30:41.224 17433 17433 E BrowserPanel: 	at android.view.Choreographer.doCallbacks(Choreographer.java:1029)
05-31 11:30:41.224 17433 17433 E BrowserPanel: 	at android.view.Choreographer.doFrame(Choreographer.java:934)
05-31 11:30:41.224 17433 17433 E BrowserPanel: 	at android.view.Choreographer$FrameDisplayEventReceiver.run(Choreographer.java:1217)
05-31 11:30:41.224 17433 17433 E BrowserPanel: 	at android.os.Handler.handleCallback(Handler.java:938)
05-31 11:30:41.224 17433 17433 E BrowserPanel: 	at android.os.Handler.dispatchMessage(Handler.java:99)
05-31 11:30:41.224 17433 17433 E BrowserPanel: 	at android.os.Looper.loopOnce(Looper.java:233)
05-31 11:30:41.224 17433 17433 E BrowserPanel: 	at android.os.Looper.loop(Looper.java:344)
05-31 11:30:41.224 17433 17433 E BrowserPanel: 	at android.app.ActivityThread.main(ActivityThread.java:8212)
05-31 11:30:41.224 17433 17433 E BrowserPanel: 	at java.lang.reflect.Method.invoke(Native Method)
05-31 11:30:41.224 17433 17433 E BrowserPanel: 	at com.android.internal.os.RuntimeInit$MethodAndArgsCaller.run(RuntimeInit.java:584)
05-31 11:30:41.224 17433 17433 E BrowserPanel: 	at com.android.internal.os.ZygoteInit.main(ZygoteInit.java:1034)
05-31 11:30:41.229 17433 17433 E BrowserPanel: Gecko engine creation failed
05-31 11:30:41.229 17433 17433 E BrowserPanel: java.lang.IllegalStateException: Only one GeckoRuntime instance is allowed
05-31 11:30:41.229 17433 17433 E BrowserPanel: 	at org.mozilla.geckoview.GeckoRuntime.<init>(r8-map-id-017af8926fce1dc0ad65912574719f65206f610252a0ea8190fe010c9cd2c4a0:14)
05-31 11:30:41.229 17433 17433 E BrowserPanel: 	at org.mozilla.geckoview.GeckoRuntime.create(r8-map-id-017af8926fce1dc0ad65912574719f65206f610252a0ea8190fe010c9cd2c4a0:4)
05-31 11:30:41.229 17433 17433 E BrowserPanel: 	at y7.x1.a(r8-map-id-017af8926fce1dc0ad65912574719f65206f610252a0ea8190fe010c9cd2c4a0:171)
05-31 11:30:41.229 17433 17433 E BrowserPanel: 	at y7.x1.c(r8-map-id-017af8926fce1dc0ad65912574719f65206f610252a0ea8190fe010c9cd2c4a0:54)
05-31 11:30:41.229 17433 17433 E BrowserPanel: 	at y7.u1.<init>(r8-map-id-017af8926fce1dc0ad65912574719f65206f610252a0ea8190fe010c9cd2c4a0:83)
05-31 11:30:41.229 17433 17433 E BrowserPanel: 	at helium314.keyboard.latin.panels.BrowserPanelView.Y(r8-map-id-017af8926fce1dc0ad65912574719f65206f610252a0ea8190fe010c9cd2c4a0:312)
05-31 11:30:41.229 17433 17433 E BrowserPanel: 	at helium314.keyboard.latin.panels.BrowserPanelView.u(r8-map-id-017af8926fce1dc0ad65912574719f65206f610252a0ea8190fe010c9cd2c4a0:69)
05-31 11:30:41.229 17433 17433 E BrowserPanel: 	at helium314.keyboard.latin.panels.BrowserPanelView.H0(r8-map-id-017af8926fce1dc0ad65912574719f65206f610252a0ea8190fe010c9cd2c4a0:332)
05-31 11:30:41.229 17433 17433 E BrowserPanel: 	at c5.t.run(r8-map-id-017af8926fce1dc0ad65912574719f65206f610252a0ea8190fe010c9cd2c4a0:622)
05-31 11:30:41.229 17433 17433 E BrowserPanel: 	at g7.y.onGlobalLayout(r8-map-id-017af8926fce1dc0ad65912574719f65206f610252a0ea8190fe010c9cd2c4a0:8)
05-31 11:30:41.229 17433 17433 E BrowserPanel: 	at android.view.ViewTreeObserver.dispatchOnGlobalLayout(ViewTreeObserver.java:1061)
05-31 11:30:41.229 17433 17433 E BrowserPanel: 	at android.view.ViewRootImpl.performTraversals(ViewRootImpl.java:3407)
05-31 11:30:41.229 17433 17433 E BrowserPanel: 	at android.view.ViewRootImpl.doTraversal(ViewRootImpl.java:2305)
05-31 11:30:41.229 17433 17433 E BrowserPanel: 	at android.view.ViewRootImpl$TraversalRunnable.run(ViewRootImpl.java:9133)
05-31 11:30:41.229 17433 17433 E BrowserPanel: 	at android.view.Choreographer$CallbackRecord.run(Choreographer.java:1232)
05-31 11:30:41.229 17433 17433 E BrowserPanel: 	at android.view.Choreographer.doCallbacks(Choreographer.java:1029)
05-31 11:30:41.229 17433 17433 E BrowserPanel: 	at android.view.Choreographer.doFrame(Choreographer.java:934)
05-31 11:30:41.229 17433 17433 E BrowserPanel: 	at android.view.Choreographer$FrameDisplayEventReceiver.run(Choreographer.java:1217)
05-31 11:30:41.229 17433 17433 E BrowserPanel: 	at android.os.Handler.handleCallback(Handler.java:938)
05-31 11:30:41.229 17433 17433 E BrowserPanel: 	at android.os.Handler.dispatchMessage(Handler.java:99)
05-31 11:30:41.229 17433 17433 E BrowserPanel: 	at android.os.Looper.loopOnce(Looper.java:233)
05-31 11:30:41.229 17433 17433 E BrowserPanel: 	at android.os.Looper.loop(Looper.java:344)
05-31 11:30:41.229 17433 17433 E BrowserPanel: 	at android.app.ActivityThread.main(ActivityThread.java:8212)
05-31 11:30:41.229 17433 17433 E BrowserPanel: 	at java.lang.reflect.Method.invoke(Native Method)
05-31 11:30:41.229 17433 17433 E BrowserPanel: 	at com.android.internal.os.RuntimeInit$MethodAndArgsCaller.run(RuntimeInit.java:584)
05-31 11:30:41.229 17433 17433 E BrowserPanel: 	at com.android.internal.os.ZygoteInit.main(ZygoteInit.java:1034)
05-31 11:30:41.229 17433 17433 E BrowserPanel: addNewTab: Gecko engine null — deferring load
05-31 11:30:41.299 17433 17433 W View    : requestLayout() improperly called by helium314.keyboard.latin.panels.BrowserPanelView{4e69ee8 V.E...... ......ID 0,0-1440,2040} during layout: running second layout pass
05-31 11:30:41.319 17433 17433 E BrowserPanel: Gecko engine creation failed
05-31 11:30:41.319 17433 17433 E BrowserPanel: java.lang.IllegalStateException: Only one GeckoRuntime instance is allowed
05-31 11:30:41.319 17433 17433 E BrowserPanel: 	at org.mozilla.geckoview.GeckoRuntime.<init>(r8-map-id-017af8926fce1dc0ad65912574719f65206f610252a0ea8190fe010c9cd2c4a0:14)
05-31 11:30:41.319 17433 17433 E BrowserPanel: 	at org.mozilla.geckoview.GeckoRuntime.create(r8-map-id-017af8926fce1dc0ad65912574719f65206f610252a0ea8190fe010c9cd2c4a0:4)
05-31 11:30:41.319 17433 17433 E BrowserPanel: 	at y7.x1.a(r8-map-id-017af8926fce1dc0ad65912574719f65206f610252a0ea8190fe010c9cd2c4a0:171)
05-31 11:30:41.319 17433 17433 E BrowserPanel: 	at y7.x1.c(r8-map-id-017af8926fce1dc0ad65912574719f65206f610252a0ea8190fe010c9cd2c4a0:54)
05-31 11:30:41.319 17433 17433 E BrowserPanel: 	at y7.u1.<init>(r8-map-id-017af8926fce1dc0ad65912574719f65206f610252a0ea8190fe010c9cd2c4a0:83)
05-31 11:30:41.319 17433 17433 E BrowserPanel: 	at helium314.keyboard.latin.panels.BrowserPanelView.Y(r8-map-id-017af8926fce1dc0ad65912574719f65206f610252a0ea8190fe010c9cd2c4a0:312)
05-31 11:30:41.319 17433 17433 E BrowserPanel: 	at y7.f2.run(r8-map-id-017af8926fce1dc0ad65912574719f65206f610252a0ea8190fe010c9cd2c4a0:13)
05-31 11:30:41.319 17433 17433 E BrowserPanel: 	at android.os.Handler.handleCallback(Handler.java:938)
05-31 11:30:41.319 17433 17433 E BrowserPanel: 	at android.os.Handler.dispatchMessage(Handler.java:99)
05-31 11:30:41.319 17433 17433 E BrowserPanel: 	at android.os.Looper.loopOnce(Looper.java:233)
05-31 11:30:41.319 17433 17433 E BrowserPanel: 	at android.os.Looper.loop(Looper.java:344)
05-31 11:30:41.319 17433 17433 E BrowserPanel: 	at android.app.ActivityThread.main(ActivityThread.java:8212)
05-31 11:30:41.319 17433 17433 E BrowserPanel: 	at java.lang.reflect.Method.invoke(Native Method)
05-31 11:30:41.319 17433 17433 E BrowserPanel: 	at com.android.internal.os.RuntimeInit$MethodAndArgsCaller.run(RuntimeInit.java:584)
05-31 11:30:41.319 17433 17433 E BrowserPanel: 	at com.android.internal.os.ZygoteInit.main(ZygoteInit.java:1034)
05-31 11:30:41.319 17433 17433 W BrowserPanel: Gecko engine missing — retrying init
05-31 11:30:41.324 17433 17433 E BrowserPanel: Gecko engine creation failed
05-31 11:30:41.324 17433 17433 E BrowserPanel: java.lang.IllegalStateException: Only one GeckoRuntime instance is allowed
05-31 11:30:41.324 17433 17433 E BrowserPanel: 	at org.mozilla.geckoview.GeckoRuntime.<init>(r8-map-id-017af8926fce1dc0ad65912574719f65206f610252a0ea8190fe010c9cd2c4a0:14)
05-31 11:30:41.324 17433 17433 E BrowserPanel: 	at org.mozilla.geckoview.GeckoRuntime.create(r8-map-id-017af8926fce1dc0ad65912574719f65206f610252a0ea8190fe010c9cd2c4a0:4)
05-31 11:30:41.324 17433 17433 E BrowserPanel: 	at y7.x1.a(r8-map-id-017af8926fce1dc0ad65912574719f65206f610252a0ea8190fe010c9cd2c4a0:171)
05-31 11:30:41.324 17433 17433 E BrowserPanel: 	at y7.x1.c(r8-map-id-017af8926fce1dc0ad65912574719f65206f610252a0ea8190fe010c9cd2c4a0:54)
05-31 11:30:41.324 17433 17433 E BrowserPanel: 	at y7.u1.<init>(r8-map-id-017af8926fce1dc0ad65912574719f65206f610252a0ea8190fe010c9cd2c4a0:83)
05-31 11:30:41.324 17433 17433 E BrowserPanel: 	at helium314.keyboard.latin.panels.BrowserPanelView.Y(r8-map-id-017af8926fce1dc0ad65912574719f65206f610252a0ea8190fe010c9cd2c4a0:312)
05-31 11:30:41.324 17433 17433 E BrowserPanel: 	at helium314.keyboard.latin.panels.BrowserPanelView.O(r8-map-id-017af8926fce1dc0ad65912574719f65206f610252a0ea8190fe010c9cd2c4a0:17)
05-31 11:30:41.324 17433 17433 E BrowserPanel: 	at y7.f2.run(r8-map-id-017af8926fce1dc0ad65912574719f65206f610252a0ea8190fe010c9cd2c4a0:42)
05-31 11:30:41.324 17433 17433 E BrowserPanel: 	at android.os.Handler.handleCallback(Handler.java:938)
05-31 11:30:41.324 17433 17433 E BrowserPanel: 	at android.os.Handler.dispatchMessage(Handler.java:99)
05-31 11:30:41.324 17433 17433 E BrowserPanel: 	at android.os.Looper.loopOnce(Looper.java:233)
05-31 11:30:41.324 17433 17433 E BrowserPanel: 	at android.os.Looper.loop(Looper.java:344)
05-31 11:30:41.324 17433 17433 E BrowserPanel: 	at android.app.ActivityThread.main(ActivityThread.java:8212)
05-31 11:30:41.324 17433 17433 E BrowserPanel: 	at java.lang.reflect.Method.invoke(Native Method)
05-31 11:30:41.324 17433 17433 E BrowserPanel: 	at com.android.internal.os.RuntimeInit$MethodAndArgsCaller.run(RuntimeInit.java:584)
05-31 11:30:41.324 17433 17433 E BrowserPanel: 	at com.android.internal.os.ZygoteInit.main(ZygoteInit.java:1034)
05-31 11:30:41.324 17433 17433 W BrowserPanel: Gecko engine missing — retrying init
05-31 11:30:41.332 17433 17433 E BrowserPanel: Gecko engine creation failed
05-31 11:30:41.332 17433 17433 E BrowserPanel: java.lang.IllegalStateException: Only one GeckoRuntime instance is allowed
05-31 11:30:41.332 17433 17433 E BrowserPanel: 	at org.mozilla.geckoview.GeckoRuntime.<init>(r8-map-id-017af8926fce1dc0ad65912574719f65206f610252a0ea8190fe010c9cd2c4a0:14)
05-31 11:30:41.332 17433 17433 E BrowserPanel: 	at org.mozilla.geckoview.GeckoRuntime.create(r8-map-id-017af8926fce1dc0ad65912574719f65206f610252a0ea8190fe010c9cd2c4a0:4)
05-31 11:30:41.332 17433 17433 E BrowserPanel: 	at y7.x1.a(r8-map-id-017af8926fce1dc0ad65912574719f65206f610252a0ea8190fe010c9cd2c4a0:171)
05-31 11:30:41.332 17433 17433 E BrowserPanel: 	at y7.x1.c(r8-map-id-017af8926fce1dc0ad65912574719f65206f610252a0ea8190fe010c9cd2c4a0:54)
05-31 11:30:41.332 17433 17433 E BrowserPanel: 	at y7.u1.<init>(r8-map-id-017af8926fce1dc0ad65912574719f65206f610252a0ea8190fe010c9cd2c4a0:83)
05-31 11:30:41.332 17433 17433 E BrowserPanel: 	at helium314.keyboard.latin.panels.BrowserPanelView.Y(r8-map-id-017af8926fce1dc0ad65912574719f65206f610252a0ea8190fe010c9cd2c4a0:312)
05-31 11:30:41.332 17433 17433 E BrowserPanel: 	at helium314.keyboard.latin.panels.BrowserPanelView.O(r8-map-id-017af8926fce1dc0ad65912574719f65206f610252a0ea8190fe010c9cd2c4a0:17)
05-31 11:30:41.332 17433 17433 E BrowserPanel: 	at y7.z1.run(r8-map-id-017af8926fce1dc0ad65912574719f65206f610252a0ea8190fe010c9cd2c4a0:425)
05-31 11:30:41.332 17433 17433 E BrowserPanel: 	at android.os.Handler.handleCallback(Handler.java:938)
05-31 11:30:41.332 17433 17433 E BrowserPanel: 	at android.os.Handler.dispatchMessage(Handler.java:99)
05-31 11:30:41.332 17433 17433 E BrowserPanel: 	at android.os.Looper.loopOnce(Looper.java:233)
05-31 11:30:41.332 17433 17433 E BrowserPanel: 	at android.os.Looper.loop(Looper.java:344)
05-31 11:30:41.332 17433 17433 E BrowserPanel: 	at android.app.ActivityThread.main(ActivityThread.java:8212)
05-31 11:30:41.332 17433 17433 E BrowserPanel: 	at java.lang.reflect.Method.invoke(Native Method)
05-31 11:30:41.332 17433 17433 E BrowserPanel: 	at com.android.internal.os.RuntimeInit$MethodAndArgsCaller.run(RuntimeInit.java:584)
05-31 11:30:41.332 17433 17433 E BrowserPanel: 	at com.android.internal.os.ZygoteInit.main(ZygoteInit.java:1034)
05-31 11:30:41.350 17433 17433 W View    : requestLayout() improperly called by helium314.keyboard.latin.panels.BrowserPanelView{4e69ee8 V.E...... ......ID 0,0-1440,2040} during layout: running second layout pass
05-31 11:30:41.369 17433 17433 E BrowserPanel: Gecko engine creation failed
05-31 11:30:41.369 17433 17433 E BrowserPanel: java.lang.IllegalStateException: Only one GeckoRuntime instance is allowed
05-31 11:30:41.369 17433 17433 E BrowserPanel: 	at org.mozilla.geckoview.GeckoRuntime.<init>(r8-map-id-017af8926fce1dc0ad65912574719f65206f610252a0ea8190fe010c9cd2c4a0:14)
05-31 11:30:41.369 17433 17433 E BrowserPanel: 	at org.mozilla.geckoview.GeckoRuntime.create(r8-map-id-017af8926fce1dc0ad65912574719f65206f610252a0ea8190fe010c9cd2c4a0:4)
05-31 11:30:41.369 17433 17433 E BrowserPanel: 	at y7.x1.a(r8-map-id-017af8926fce1dc0ad65912574719f65206f610252a0ea8190fe010c9cd2c4a0:171)
05-31 11:30:41.369 17433 17433 E BrowserPanel: 	at y7.x1.c(r8-map-id-017af8926fce1dc0ad65912574719f65206f610252a0ea8190fe010c9cd2c4a0:54)
05-31 11:30:41.369 17433 17433 E BrowserPanel: 	at y7.u1.<init>(r8-map-id-017af8926fce1dc0ad65912574719f65206f610252a0ea8190fe010c9cd2c4a0:83)
05-31 11:30:41.369 17433 17433 E BrowserPanel: 	at helium314.keyboard.latin.panels.BrowserPanelView.Y(r8-map-id-017af8926fce1dc0ad65912574719f65206f610252a0ea8190fe010c9cd2c4a0:312)
05-31 11:30:41.369 17433 17433 E BrowserPanel: 	at y7.z1.run(r8-map-id-017af8926fce1dc0ad65912574719f65206f610252a0ea8190fe010c9cd2c4a0:233)
05-31 11:30:41.369 17433 17433 E BrowserPanel: 	at android.os.Handler.handleCallback(Handler.java:938)
05-31 11:30:41.369 17433 17433 E BrowserPanel: 	at android.os.Handler.dispatchMessage(Handler.java:99)
05-31 11:30:41.369 17433 17433 E BrowserPanel: 	at android.os.Looper.loopOnce(Looper.java:233)
05-31 11:30:41.369 17433 17433 E BrowserPanel: 	at android.os.Looper.loop(Looper.java:344)
05-31 11:30:41.369 17433 17433 E BrowserPanel: 	at android.app.ActivityThread.main(ActivityThread.java:8212)
05-31 11:30:41.369 17433 17433 E BrowserPanel: 	at java.lang.reflect.Method.invoke(Native Method)
05-31 11:30:41.369 17433 17433 E BrowserPanel: 	at com.android.internal.os.RuntimeInit$MethodAndArgsCaller.run(RuntimeInit.java:584)
05-31 11:30:41.369 17433 17433 E BrowserPanel: 	at com.android.internal.os.ZygoteInit.main(ZygoteInit.java:1034)
05-31 11:30:41.376 17433 17433 E BrowserPanel: Gecko engine creation failed
05-31 11:30:41.376 17433 17433 E BrowserPanel: java.lang.IllegalStateException: Only one GeckoRuntime instance is allowed
05-31 11:30:41.376 17433 17433 E BrowserPanel: 	at org.mozilla.geckoview.GeckoRuntime.<init>(r8-map-id-017af8926fce1dc0ad65912574719f65206f610252a0ea8190fe010c9cd2c4a0:14)
05-31 11:30:41.376 17433 17433 E BrowserPanel: 	at org.mozilla.geckoview.GeckoRuntime.create(r8-map-id-017af8926fce1dc0ad65912574719f65206f610252a0ea8190fe010c9cd2c4a0:4)
05-31 11:30:41.376 17433 17433 E BrowserPanel: 	at y7.x1.a(r8-map-id-017af8926fce1dc0ad65912574719f65206f610252a0ea8190fe010c9cd2c4a0:171)
05-31 11:30:41.376 17433 17433 E BrowserPanel: 	at y7.x1.c(r8-map-id-017af8926fce1dc0ad65912574719f65206f610252a0ea8190fe010c9cd2c4a0:54)
05-31 11:30:41.376 17433 17433 E BrowserPanel: 	at y7.u1.<init>(r8-map-id-017af8926fce1dc0ad65912574719f65206f610252a0ea8190fe010c9cd2c4a0:83)
05-31 11:30:41.376 17433 17433 E BrowserPanel: 	at helium314.keyboard.latin.panels.BrowserPanelView.Y(r8-map-id-017af8926fce1dc0ad65912574719f65206f610252a0ea8190fe010c9cd2c4a0:312)
05-31 11:30:41.376 17433 17433 E BrowserPanel: 	at y7.z1.run(r8-map-id-017af8926fce1dc0ad65912574719f65206f610252a0ea8190fe010c9cd2c4a0:233)
05-31 11:30:41.376 17433 17433 E BrowserPanel: 	at android.os.Handler.handleCallback(Handler.java:938)
05-31 11:30:41.376 17433 17433 E BrowserPanel: 	at android.os.Handler.dispatchMessage(Handler.java:99)
05-31 11:30:41.376 17433 17433 E BrowserPanel: 	at android.os.Looper.loopOnce(Looper.java:233)
05-31 11:30:41.376 17433 17433 E BrowserPanel: 	at android.os.Looper.loop(Looper.java:344)
05-31 11:30:41.376 17433 17433 E BrowserPanel: 	at android.app.ActivityThread.main(ActivityThread.java:8212)
05-31 11:30:41.376 17433 17433 E BrowserPanel: 	at java.lang.reflect.Method.invoke(Native Method)
05-31 11:30:41.376 17433 17433 E BrowserPanel: 	at com.android.internal.os.RuntimeInit$MethodAndArgsCaller.run(RuntimeInit.java:584)
05-31 11:30:41.376 17433 17433 E BrowserPanel: 	at com.android.internal.os.ZygoteInit.main(ZygoteInit.java:1034)
05-31 11:30:41.378 17433 17433 W View    : requestLayout() improperly called by helium314.keyboard.latin.panels.BrowserPanelView{4e69ee8 V.E...... ........ 0,0-1440,2040} during second layout pass: posting in next frame
05-31 11:30:41.381 17433 17433 W View    : requestLayout() improperly called by helium314.keyboard.latin.panels.BrowserPanelView{4e69ee8 V.E...... ......ID 0,0-1440,2040} during layout: running second layout pass
05-31 11:30:41.394 17433 17433 W View    : requestLayout() improperly called by helium314.keyboard.latin.panels.BrowserPanelView{4e69ee8 V.E...... ........ 0,0-1440,2040} during second layout pass: posting in next frame
05-31 11:30:41.403 17433 17433 E BrowserPanel: Gecko engine creation failed
05-31 11:30:41.403 17433 17433 E BrowserPanel: java.lang.IllegalStateException: Only one GeckoRuntime instance is allowed
05-31 11:30:41.403 17433 17433 E BrowserPanel: 	at org.mozilla.geckoview.GeckoRuntime.<init>(r8-map-id-017af8926fce1dc0ad65912574719f65206f610252a0ea8190fe010c9cd2c4a0:14)
05-31 11:30:41.403 17433 17433 E BrowserPanel: 	at org.mozilla.geckoview.GeckoRuntime.create(r8-map-id-017af8926fce1dc0ad65912574719f65206f610252a0ea8190fe010c9cd2c4a0:4)
05-31 11:30:41.403 17433 17433 E BrowserPanel: 	at y7.x1.a(r8-map-id-017af8926fce1dc0ad65912574719f65206f610252a0ea8190fe010c9cd2c4a0:171)
05-31 11:30:41.403 17433 17433 E BrowserPanel: 	at y7.x1.c(r8-map-id-017af8926fce1dc0ad65912574719f65206f610252a0ea8190fe010c9cd2c4a0:54)
05-31 11:30:41.403 17433 17433 E BrowserPanel: 	at y7.u1.<init>(r8-map-id-017af8926fce1dc0ad65912574719f65206f610252a0ea8190fe010c9cd2c4a0:83)
05-31 11:30:41.403 17433 17433 E BrowserPanel: 	at helium314.keyboard.latin.panels.BrowserPanelView.Y(r8-map-id-017af8926fce1dc0ad65912574719f65206f610252a0ea8190fe010c9cd2c4a0:312)
05-31 11:30:41.403 17433 17433 E BrowserPanel: 	at y7.z1.run(r8-map-id-017af8926fce1dc0ad65912574719f65206f610252a0ea8190fe010c9cd2c4a0:233)
05-31 11:30:41.403 17433 17433 E BrowserPanel: 	at android.os.Handler.handleCallback(Handler.java:938)
05-31 11:30:41.403 17433 17433 E BrowserPanel: 	at android.os.Handler.dispatchMessage(Handler.java:99)
05-31 11:30:41.403 17433 17433 E BrowserPanel: 	at android.os.Looper.loopOnce(Looper.java:233)
05-31 11:30:41.403 17433 17433 E BrowserPanel: 	at android.os.Looper.loop(Looper.java:344)
05-31 11:30:41.403 17433 17433 E BrowserPanel: 	at android.app.ActivityThread.main(ActivityThread.java:8212)
05-31 11:30:41.403 17433 17433 E BrowserPanel: 	at java.lang.reflect.Method.invoke(Native Method)
05-31 11:30:41.403 17433 17433 E BrowserPanel: 	at com.android.internal.os.RuntimeInit$MethodAndArgsCaller.run(RuntimeInit.java:584)
05-31 11:30:41.403 17433 17433 E BrowserPanel: 	at com.android.internal.os.ZygoteInit.main(ZygoteInit.java:1034)
05-31 11:30:41.409 17433 17433 W View    : requestLayout() improperly called by helium314.keyboard.latin.panels.BrowserPanelView{4e69ee8 V.E...... ......I. 0,0-1440,2040} during layout: running second layout pass
05-31 11:30:45.283 17758 17758 E ibekey.keyboar: Unknown bits set in runtime_flags: 0x40000000
05-31 11:30:45.383 17758 17758 W f0      : Could not load system glide typing library jni_latinimegoogle: dlopen failed: library "libjni_latinimegoogle.so" not found
05-31 11:30:45.474 17758 17758 W u       : No editor info for this field. Bug?
05-31 11:30:45.539 17758 17758 W ibekey.keyboar: ClassLoaderContext classpath size mismatch. expected=1, found=0 (DLC[];PCL[base.apk*4009363210]{PCL[/system/framework/org.apache.http.legacy.jar*3034548894]#PCL[/apex/com.android.extservices/javalib/android.ext.adservices.jar*3839736497]#PCL[/system/framework/com.android.location.provider.jar*3633238672]#PCL[/system/framework/com.android.media.remotedisplay.jar*3472798123]#PCL[/apex/com.android.extservices/javalib/android.ext.adservices.jar*3839736497]} | DLC[];PCL[])
05-31 11:30:45.548 17758 17758 W System  : ClassLoader referenced unknown path: 
05-31 11:30:45.551 17758 17758 W ibekey.keyboar: ClassLoaderContext classpath element checksum mismatch. expected=4009363210, found=2791395536 (DLC[];PCL[base.apk*4009363210]{PCL[/system/framework/org.apache.http.legacy.jar*3034548894]#PCL[/apex/com.android.extservices/javalib/android.ext.adservices.jar*3839736497]#PCL[/system/framework/com.android.location.provider.jar*3633238672]#PCL[/system/framework/com.android.media.remotedisplay.jar*3472798123]#PCL[/apex/com.android.extservices/javalib/android.ext.adservices.jar*3839736497]} | DLC[];PCL[/data/app/~~w2CdYsZ90Ab7BnRX8XJqQw==/com.vibekey.keyboard-YCbzRZBovpDukBmsj7LbFA==/base.apk*2791395536]{PCL[/apex/com.android.extservices/javalib/android.ext.adservices.jar*3839736497]})
05-31 11:30:45.609 17758 17758 E ibekey.keyboar: ofbOpen failed with error=No such file or directory
05-31 11:30:45.609 17758 17758 E ibekey.keyboar: sysOpen failed with error=No such file or directory
05-31 11:30:45.625 17758 17823 W Ads     : Update ad debug logging enablement as false
05-31 11:30:45.642 17758 17758 E MultiApp.Impl: OplusMultiAppImpl
05-31 11:30:45.711 17758 17868 W libc    : Access denied finding property "ro.vendor.api_level"
05-31 11:30:45.716 17758 17758 W chromium: [WARNING:android_webview/browser/network_service/net_helpers.cc:137] HTTP Cache size is: 20971520
05-31 11:30:45.787 17758 17917 W libc    : Access denied finding property "vendor.camera.aux.packagelist"
05-31 11:30:45.787 17758 17917 W libc    : Access denied finding property "vendor.camera.aux.packagelist"
05-31 11:30:45.788 17758 17855 W libc    : Access denied finding property "vendor.camera.aux.packagelist"
05-31 11:30:45.788 17758 17758 E OplusCustomizeRestrictionManager: sInstance is null, start a new sInstance
05-31 11:30:45.813 17758 17825 E ibekey.keyboar: Attempt to load writable dex file: /data/user/0/com.vibekey.keyboard/app_pccache/5/56714EC4B397821146ACB6EC79A53312EEB47CCA/pcam.jar
05-31 11:30:45.813 17758 17758 W AdWorker(Defaul: type=1400 audit(0.0:31943): avc: granted { execute } for path="/data/data/com.vibekey.keyboard/app_pccache/5/56714EC4B397821146ACB6EC79A53312EEB47CCA/pcam.jar" dev="dm-2" ino=789149 scontext=u:r:untrusted_app:s0:c7,c271,c512,c768 tcontext=u:object_r:app_data_file:s0:c7,c271,c512,c768 tclass=file app=com.vibekey.keyboard
05-31 11:30:45.845 17758 17822 W Ads     : Invoke Firebase method getInstance error.
05-31 11:30:45.845 17758 17822 W Ads     : The Google Mobile Ads SDK will not integrate with Firebase. Admob/Firebase integration requires the latest Firebase SDK jar, but Firebase SDK is either missing or out of date
05-31 11:30:45.851 17758 17918 W ServiceBindIntentUtils: Dynamic lookup for intent failed for action: com.google.android.gms.ads.service.CACHE
05-31 11:30:46.010 17758 17758 W LayerDrawable: Invalid drawable added to LayerDrawable! Drawable already belongs to another owner but does not expose a constant state.
05-31 11:30:46.010 17758 17758 W LayerDrawable: java.lang.RuntimeException
05-31 11:30:46.010 17758 17758 W LayerDrawable: 	at android.graphics.drawable.LayerDrawable$ChildDrawable.<init>(LayerDrawable.java:1857)
05-31 11:30:46.010 17758 17758 W LayerDrawable: 	at android.graphics.drawable.LayerDrawable$LayerState.<init>(LayerDrawable.java:1977)
05-31 11:30:46.010 17758 17758 W LayerDrawable: 	at android.graphics.drawable.LayerDrawable.createConstantState(LayerDrawable.java:174)
05-31 11:30:46.010 17758 17758 W LayerDrawable: 	at android.graphics.drawable.LayerDrawable.mutate(LayerDrawable.java:1782)
05-31 11:30:46.010 17758 17758 W LayerDrawable: 	at y7.r3.j(r8-map-id-017af8926fce1dc0ad65912574719f65206f610252a0ea8190fe010c9cd2c4a0:83)
05-31 11:30:46.010 17758 17758 W LayerDrawable: 	at helium314.keyboard.latin.panels.AiThemePanelView.f(r8-map-id-017af8926fce1dc0ad65912574719f65206f610252a0ea8190fe010c9cd2c4a0:185)
05-31 11:30:46.010 17758 17758 W LayerDrawable: 	at helium314.keyboard.latin.panels.AiThemePanelView.T(r8-map-id-017af8926fce1dc0ad65912574719f65206f610252a0ea8190fe010c9cd2c4a0:88)
05-31 11:30:46.010 17758 17758 W LayerDrawable: 	at helium314.keyboard.latin.panels.AiThemePanelView.S(r8-map-id-017af8926fce1dc0ad65912574719f65206f610252a0ea8190fe010c9cd2c4a0:53)
05-31 11:30:46.010 17758 17758 W LayerDrawable: 	at g7.b0.r(r8-map-id-017af8926fce1dc0ad65912574719f65206f610252a0ea8190fe010c9cd2c4a0:192)
05-31 11:30:46.010 17758 17758 W LayerDrawable: 	at g7.b0.U(r8-map-id-017af8926fce1dc0ad65912574719f65206f610252a0ea8190fe010c9cd2c4a0:53)
05-31 11:30:46.010 17758 17758 W LayerDrawable: 	at g7.b0.R(r8-map-id-017af8926fce1dc0ad65912574719f65206f610252a0ea8190fe010c9cd2c4a0:3)
05-31 11:30:46.010 17758 17758 W LayerDrawable: 	at k7.o0.c(r8-map-id-017af8926fce1dc0ad65912574719f65206f610252a0ea8190fe010c9cd2c4a0:12)
05-31 11:30:46.010 17758 17758 W LayerDrawable: 	at k7.o0.b(r8-map-id-017af8926fce1dc0ad65912574719f65206f610252a0ea8190fe010c9cd2c4a0:51)
05-31 11:30:46.010 17758 17758 W LayerDrawable: 	at g7.b0.w(r8-map-id-017af8926fce1dc0ad65912574719f65206f610252a0ea8190fe010c9cd2c4a0:91)
05-31 11:30:46.010 17758 17758 W LayerDrawable: 	at g7.b0.H(r8-map-id-017af8926fce1dc0ad65912574719f65206f610252a0ea8190fe010c9cd2c4a0:30)
05-31 11:30:46.010 17758 17758 W LayerDrawable: 	at helium314.keyboard.latin.LatinIME.onStartInputView(r8-map-id-017af8926fce1dc0ad65912574719f65206f610252a0ea8190fe010c9cd2c4a0:926)
05-31 11:30:46.010 17758 17758 W LayerDrawable: 	at android.inputmethodservice.InputMethodService.startViews(InputMethodService.java:2400)
05-31 11:30:46.010 17758 17758 W LayerDrawable: 	at android.inputmethodservice.InputMethodService.showWindow(InputMethodService.java:2341)
05-31 11:30:46.010 17758 17758 W LayerDrawable: 	at android.inputmethodservice.InputMethodService$InputMethodImpl.showSoftInput(InputMethodService.java:848)
05-31 11:30:46.010 17758 17758 W LayerDrawable: 	at android.inputmethodservice.InputMethodService$InputMethodImpl.showSoftInputWithToken(InputMethodService.java:817)
05-31 11:30:46.010 17758 17758 W LayerDrawable: 	at android.inputmethodservice.IInputMethodWrapper.executeMessage(IInputMethodWrapper.java:225)
05-31 11:30:46.010 17758 17758 W LayerDrawable: 	at com.android.internal.os.HandlerCaller$MyHandler.handleMessage(HandlerCaller.java:44)
05-31 11:30:46.010 17758 17758 W LayerDrawable: 	at android.os.Handler.dispatchMessage(Handler.java:106)
05-31 11:30:46.010 17758 17758 W LayerDrawable: 	at android.os.Looper.loopOnce(Looper.java:233)
05-31 11:30:46.010 17758 17758 W LayerDrawable: 	at android.os.Looper.loop(Looper.java:344)
05-31 11:30:46.010 17758 17758 W LayerDrawable: 	at android.app.ActivityThread.main(ActivityThread.java:8212)
05-31 11:30:46.010 17758 17758 W LayerDrawable: 	at java.lang.reflect.Method.invoke(Native Method)
05-31 11:30:46.010 17758 17758 W LayerDrawable: 	at com.android.internal.os.RuntimeInit$MethodAndArgsCaller.run(RuntimeInit.java:584)
05-31 11:30:46.010 17758 17758 W LayerDrawable: 	at com.android.internal.os.ZygoteInit.main(ZygoteInit.java:1034)
05-31 11:30:46.011 17758 17758 W LayerDrawable: Invalid drawable added to LayerDrawable! Drawable already belongs to another owner but does not expose a constant state.
05-31 11:30:46.011 17758 17758 W LayerDrawable: java.lang.RuntimeException
05-31 11:30:46.011 17758 17758 W LayerDrawable: 	at android.graphics.drawable.LayerDrawable$ChildDrawable.<init>(LayerDrawable.java:1857)
05-31 11:30:46.011 17758 17758 W LayerDrawable: 	at android.graphics.drawable.LayerDrawable$LayerState.<init>(LayerDrawable.java:1977)
05-31 11:30:46.011 17758 17758 W LayerDrawable: 	at android.graphics.drawable.LayerDrawable.createConstantState(LayerDrawable.java:174)
05-31 11:30:46.011 17758 17758 W LayerDrawable: 	at android.graphics.drawable.LayerDrawable.mutate(LayerDrawable.java:1782)
05-31 11:30:46.011 17758 17758 W LayerDrawable: 	at y7.r3.j(r8-map-id-017af8926fce1dc0ad65912574719f65206f610252a0ea8190fe010c9cd2c4a0:83)
05-31 11:30:46.011 17758 17758 W LayerDrawable: 	at helium314.keyboard.latin.panels.AiThemePanelView.f(r8-map-id-017af8926fce1dc0ad65912574719f65206f610252a0ea8190fe010c9cd2c4a0:185)
05-31 11:30:46.011 17758 17758 W LayerDrawable: 	at helium314.keyboard.latin.panels.AiThemePanelView.T(r8-map-id-017af8926fce1dc0ad65912574719f65206f610252a0ea8190fe010c9cd2c4a0:88)
05-31 11:30:46.011 17758 17758 W LayerDrawable: 	at helium314.keyboard.latin.panels.AiThemePanelView.S(r8-map-id-017af8926fce1dc0ad65912574719f65206f610252a0ea8190fe010c9cd2c4a0:53)
05-31 11:30:46.011 17758 17758 W LayerDrawable: 	at g7.b0.r(r8-map-id-017af8926fce1dc0ad65912574719f65206f610252a0ea8190fe010c9cd2c4a0:192)
05-31 11:30:46.011 17758 17758 W LayerDrawable: 	at g7.b0.U(r8-map-id-017af8926fce1dc0ad65912574719f65206f610252a0ea8190fe010c9cd2c4a0:53)
05-31 11:30:46.011 17758 17758 W LayerDrawable: 	at g7.b0.R(r8-map-id-017af8926fce1dc0ad65912574719f65206f610252a0ea8190fe010c9cd2c4a0:3)
05-31 11:30:46.011 17758 17758 W LayerDrawable: 	at k7.o0.c(r8-map-id-017af8926fce1dc0ad65912574719f65206f610252a0ea8190fe010c9cd2c4a0:12)
05-31 11:30:46.011 17758 17758 W LayerDrawable: 	at k7.o0.b(r8-map-id-017af8926fce1dc0ad65912574719f65206f610252a0ea8190fe010c9cd2c4a0:51)
05-31 11:30:46.011 17758 17758 W LayerDrawable: 	at g7.b0.w(r8-map-id-017af8926fce1dc0ad65912574719f65206f610252a0ea8190fe010c9cd2c4a0:91)
05-31 11:30:46.011 17758 17758 W LayerDrawable: 	at g7.b0.H(r8-map-id-017af8926fce1dc0ad65912574719f65206f610252a0ea8190fe010c9cd2c4a0:30)
05-31 11:30:46.011 17758 17758 W LayerDrawable: 	at helium314.keyboard.latin.LatinIME.onStartInputView(r8-map-id-017af8926fce1dc0ad65912574719f65206f610252a0ea8190fe010c9cd2c4a0:926)
05-31 11:30:46.011 17758 17758 W LayerDrawable: 	at android.inputmethodservice.InputMethodService.startViews(InputMethodService.java:2400)
