=== VibeKey 4.5.159 (4527) ===

--------- beginning of system
07-23 12:49:10.481 22861 22861 E OplusCustomizeRestrictionManager: sInstance is null, start a new sInstance
--------- beginning of crash
07-23 12:49:17.757 22861 22861 E AndroidRuntime: FATAL EXCEPTION: main
07-23 12:49:17.757 22861 22861 E AndroidRuntime: Process: com.vibekey.keyboard, PID: 22861
07-23 12:49:17.757 22861 22861 E AndroidRuntime: java.lang.IllegalArgumentException: placer is neither FrameLayout nor RelativeLayout: android.widget.LinearLayout
07-23 12:49:17.757 22861 22861 E AndroidRuntime: 	at q9.h2.G(r8-map-id-03d4de7e4e21309482f61882c6708aa3f823150c58f5cd69baa458c9b57fdade:47)
07-23 12:49:17.757 22861 22861 E AndroidRuntime: 	at helium314.keyboard.keyboard.MainKeyboardView.D(r8-map-id-03d4de7e4e21309482f61882c6708aa3f823150c58f5cd69baa458c9b57fdade:68)
07-23 12:49:17.757 22861 22861 E AndroidRuntime: 	at helium314.keyboard.keyboard.MainKeyboardView.H(r8-map-id-03d4de7e4e21309482f61882c6708aa3f823150c58f5cd69baa458c9b57fdade:57)
07-23 12:49:17.757 22861 22861 E AndroidRuntime: 	at o8.d0.w(r8-map-id-03d4de7e4e21309482f61882c6708aa3f823150c58f5cd69baa458c9b57fdade:141)
07-23 12:49:17.757 22861 22861 E AndroidRuntime: 	at o8.d0.m(r8-map-id-03d4de7e4e21309482f61882c6708aa3f823150c58f5cd69baa458c9b57fdade:226)
07-23 12:49:17.757 22861 22861 E AndroidRuntime: 	at o8.d0.t(r8-map-id-03d4de7e4e21309482f61882c6708aa3f823150c58f5cd69baa458c9b57fdade:1181)
07-23 12:49:17.757 22861 22861 E AndroidRuntime: 	at helium314.keyboard.keyboard.MainKeyboardView.onTouchEvent(r8-map-id-03d4de7e4e21309482f61882c6708aa3f823150c58f5cd69baa458c9b57fdade:247)
07-23 12:49:17.757 22861 22861 E AndroidRuntime: 	at android.view.View.dispatchTouchEvent(View.java:14632)
07-23 12:49:17.757 22861 22861 E AndroidRuntime: 	at android.view.ViewGroup.dispatchTransformedTouchEvent(ViewGroup.java:3169)
07-23 12:49:17.757 22861 22861 E AndroidRuntime: 	at android.view.ViewGroup.dispatchTouchEvent(ViewGroup.java:2788)
07-23 12:49:17.757 22861 22861 E AndroidRuntime: 	at android.view.ViewGroup.dispatchTransformedTouchEvent(ViewGroup.java:3169)
07-23 12:49:17.757 22861 22861 E AndroidRuntime: 	at android.view.ViewGroup.dispatchTouchEvent(ViewGroup.java:2788)
07-23 12:49:17.757 22861 22861 E AndroidRuntime: 	at android.view.ViewGroup.dispatchTransformedTouchEvent(ViewGroup.java:3169)
07-23 12:49:17.757 22861 22861 E AndroidRuntime: 	at android.view.ViewGroup.dispatchTouchEvent(ViewGroup.java:2788)
07-23 12:49:17.757 22861 22861 E AndroidRuntime: 	at android.view.ViewGroup.dispatchTransformedTouchEvent(ViewGroup.java:3169)
07-23 12:49:17.757 22861 22861 E AndroidRuntime: 	at android.view.ViewGroup.dispatchTouchEvent(ViewGroup.java:2788)
07-23 12:49:17.757 22861 22861 E AndroidRuntime: 	at android.view.ViewGroup.dispatchTransformedTouchEvent(ViewGroup.java:3169)
07-23 12:49:17.757 22861 22861 E AndroidRuntime: 	at android.view.ViewGroup.dispatchTouchEvent(ViewGroup.java:2788)
07-23 12:49:17.757 22861 22861 E AndroidRuntime: 	at android.view.ViewGroup.dispatchTransformedTouchEvent(ViewGroup.java:3169)
07-23 12:49:17.757 22861 22861 E AndroidRuntime: 	at android.view.ViewGroup.dispatchTouchEvent(ViewGroup.java:2788)
07-23 12:49:17.757 22861 22861 E AndroidRuntime: 	at android.view.ViewGroup.dispatchTransformedTouchEvent(ViewGroup.java:3169)
07-23 12:49:17.757 22861 22861 E AndroidRuntime: 	at android.view.ViewGroup.dispatchTouchEvent(ViewGroup.java:2788)
07-23 12:49:17.757 22861 22861 E AndroidRuntime: 	at android.view.ViewGroup.dispatchTransformedTouchEvent(ViewGroup.java:3169)
07-23 12:49:17.757 22861 22861 E AndroidRuntime: 	at android.view.ViewGroup.dispatchTouchEvent(ViewGroup.java:2788)
07-23 12:49:17.757 22861 22861 E AndroidRuntime: 	at com.android.internal.policy.DecorView.superDispatchTouchEvent(DecorView.java:573)
07-23 12:49:17.757 22861 22861 E AndroidRuntime: 	at com.android.internal.policy.PhoneWindow.superDispatchTouchEvent(PhoneWindow.java:1911)
07-23 12:49:17.757 22861 22861 E AndroidRuntime: 	at android.app.Dialog.dispatchTouchEvent(Dialog.java:913)
07-23 12:49:17.757 22861 22861 E AndroidRuntime: 	at android.inputmethodservice.SoftInputWindow.dispatchTouchEvent(SoftInputWindow.java:168)
07-23 12:49:17.757 22861 22861 E AndroidRuntime: 	at com.android.internal.policy.DecorView.dispatchTouchEvent(DecorView.java:521)
07-23 12:49:17.757 22861 22861 E AndroidRuntime: 	at android.view.View.dispatchPointerEvent(View.java:14899)
07-23 12:49:17.757 22861 22861 E AndroidRuntime: 	at android.view.ViewRootImpl$ViewPostImeInputStage.processPointerEvent(ViewRootImpl.java:6755)
07-23 12:49:17.757 22861 22861 E AndroidRuntime: 	at android.view.ViewRootImpl$ViewPostImeInputStage.onProcess(ViewRootImpl.java:6526)
07-23 12:49:17.757 22861 22861 E AndroidRuntime: 	at android.view.ViewRootImpl$InputStage.deliver(ViewRootImpl.java:5995)
07-23 12:49:17.757 22861 22861 E AndroidRuntime: 	at android.view.ViewRootImpl$InputStage.onDeliverToNext(ViewRootImpl.java:6057)
07-23 12:49:17.757 22861 22861 E AndroidRuntime: 	at android.view.ViewRootImpl$InputStage.forward(ViewRootImpl.java:6018)
07-23 12:49:17.757 22861 22861 E AndroidRuntime: 	at android.view.ViewRootImpl$AsyncInputStage.forward(ViewRootImpl.java:6192)
07-23 12:49:17.757 22861 22861 E AndroidRuntime: 	at android.view.ViewRootImpl$InputStage.apply(ViewRootImpl.java:6026)
07-23 12:49:17.757 22861 22861 E AndroidRuntime: 	at android.view.ViewRootImpl$AsyncInputStage.apply(ViewRootImpl.java:6249)
07-23 12:49:17.757 22861 22861 E AndroidRuntime: 	at android.view.ViewRootImpl$InputStage.deliver(ViewRootImpl.java:5999)
07-23 12:49:17.757 22861 22861 E AndroidRuntime: 	at android.view.ViewRootImpl$InputStage.onDeliverToNext(ViewRootImpl.java:6057)
07-23 12:49:17.757 22861 22861 E AndroidRuntime: 	at android.view.ViewRootImpl$InputStage.forward(ViewRootImpl.java:6018)
07-23 12:49:17.757 22861 22861 E AndroidRuntime: 	at android.view.ViewRootImpl$InputStage.apply(ViewRootImpl.java:6026)
07-23 12:49:17.757 22861 22861 E AndroidRuntime: 	at android.view.ViewRootImpl$InputStage.deliver(ViewRootImpl.java:5999)
07-23 12:49:17.757 22861 22861 E AndroidRuntime: 	at android.view.ViewRootImpl.deliverInputEvent(ViewRootImpl.java:9034)
07-23 12:49:17.757 22861 22861 E AndroidRuntime: 	at android.view.ViewRootImpl.doProcessInputEvents(ViewRootImpl.java:8985)
07-23 12:49:17.757 22861 22861 E AndroidRuntime: 	at android.view.ViewRootImpl.enqueueInputEvent(ViewRootImpl.java:8941)
07-23 12:49:17.757 22861 22861 E AndroidRuntime: 	at android.view.ViewRootImpl$WindowInputEventReceiver.onInputEvent(ViewRootImpl.java:9177)
07-23 12:49:17.757 22861 22861 E AndroidRuntime: 	at android.view.InputEventReceiver.dispatchInputEvent(InputEventReceiver.java:266)
07-23 12:49:17.757 22861 22861 E AndroidRuntime: 	at android.os.MessageQueue.nativePollOnce(Native Method)
07-23 12:49:17.757 22861 22861 E AndroidRuntime: 	at android.os.MessageQueue.next(MessageQueue.java:339)
07-23 12:49:17.757 22861 22861 E AndroidRuntime: 	at android.os.Looper.loopOnce(Looper.java:179)
07-23 12:49:17.757 22861 22861 E AndroidRuntime: 	at android.os.Looper.loop(Looper.java:344)
07-23 12:49:17.757 22861 22861 E AndroidRuntime: 	at android.app.ActivityThread.main(ActivityThread.java:8212)
07-23 12:49:17.757 22861 22861 E AndroidRuntime: 	at java.lang.reflect.Method.invoke(Native Method)
07-23 12:49:17.757 22861 22861 E AndroidRuntime: 	at com.android.internal.os.RuntimeInit$MethodAndArgsCaller.run(RuntimeInit.java:584)
07-23 12:49:17.757 22861 22861 E AndroidRuntime: 	at com.android.internal.os.ZygoteInit.main(ZygoteInit.java:1034)
--------- beginning of main
07-23 12:49:23.718 23465 23465 E ibekey.keyboar: Unknown bits set in runtime_flags: 0x40000000
07-23 12:49:23.859 23465 23465 W m0      : Could not load system glide typing library jni_latinimegoogle: dlopen failed: library "libjni_latinimegoogle.so" not found
07-23 12:49:23.989 23465 23465 I VkNgram : registered lang=en source=bundled
07-23 12:49:24.026 23465 23465 W c       : onSharedPreferenceChanged called before loadSettings.
07-23 12:49:24.097 23465 23465 W c       : onSharedPreferenceChanged called before loadSettings.
07-23 12:49:24.113 23465 23465 W c       : onSharedPreferenceChanged called before loadSettings.
07-23 12:49:24.128 23465 23465 W z       : No editor info for this field. Bug?
07-23 12:49:24.136 23465 23496 I VkMultilingual: reset main=pt-BR locales=[pt] count=1
07-23 12:49:24.138 23465 23496 I VkDictionaries: ▶ async reload main dicts locales=1
07-23 12:49:24.140 23465 23496 I VkDictionaries: ✓ open emoji pt-BR
07-23 12:49:24.141 23465 23496 I VkDictionaries: ✓ open main pt-BR
07-23 12:49:24.141 23465 23496 I VkDictionaries: collection pt-BR dicts=2 emoji=true
07-23 12:49:24.145 23465 23512 I VkLocaleAssets: ▶ startup download begin
07-23 12:49:24.146 23465 23512 I VkNgram : registered lang=en source=bundled
07-23 12:49:24.148 23465 23512 I VkLocaleAssets: ▶ batch source=startup count=5 [pt-BR,en-AU,es,fr,hi]
07-23 12:49:24.162 23465 23512 I VkLocaleAssets: preload predictors pt-BR
07-23 12:49:24.163 23465 23512 I VkLocaleAssets: ○ ready pt-BR (cached)
07-23 12:49:24.189 23465 23512 I VkLocaleAssets: ▶ fetch en-AU main=false emoji=true bigram=false
07-23 12:49:24.233 23465 23465 E ibekey.keyboar: ofbOpen failed with error=No such file or directory
07-23 12:49:24.233 23465 23465 E ibekey.keyboar: sysOpen failed with error=No such file or directory
07-23 12:49:24.274 23465 23465 E OplusCustomizeRestrictionManager: sInstance is null, start a new sInstance
07-23 12:49:24.293 23465 23465 I VkEffects: reload keyPress=scale popup=none popupFx=true blur=80px glow=true stickers=true
07-23 12:49:24.388 23465 23465 I VkTyping: ▶ open restart=false pkg=len=20 inputType=589825
07-23 12:49:24.392 23465 23465 I VkDictionaries: ✓ open emoji pt-BR
07-23 12:49:24.431 23465 23512 W FeatureFlagsImplExport: java.lang.NoClassDefFoundError: Class not found using the boot class loader; no stack trace available
07-23 12:49:24.485 23465 23465 W VkStall : MAIN-THREAD STALL 215ms during: >>>>> Dispatching to Handler (com.android.internal.os.HandlerCaller$MyHandler) {b9095cc} null: 60
07-23 12:49:24.507 23465 23465 W View    : requestLayout() improperly called by android.widget.LinearLayout{7bef5ab V.E...... ......ID 0,1868-1440,2818 #7f0a00fc app:id/main_keyboard_frame} during layout: running second layout pass
07-23 12:49:24.553 23465 23515 I VkNgram : model ready locale=pt-BR gen=1 388ms
07-23 12:49:24.609 23465 23465 W VkStall : MAIN-THREAD STALL 122ms during: >>>>> Dispatching to Handler (android.view.Choreographer$FrameHandler) {d5900a3} android.view.Choreographer$FrameDisplayEventReceiver@e291fa0: 0
07-23 12:49:24.612 23465 23465 I VkStripPipeline: setSuggestions composing size=0 style=0 token=-1 gen=-1
07-23 12:49:24.612 23465 23465 I VkStripPipeline: slotBind composing children=0 []
07-23 12:49:24.675 23465 23516 E BLASTBufferQueue: BLASTBufferItemConsumer::onDisconnect()
07-23 12:49:24.807 23465 23498 I VkNgram : merge locale=pt prev=len=0 preds=8 contextual=0 assets=true
07-23 12:49:24.820 23465 23498 I VkSuggestions: strip prediction typedLen=0 candidates=3 autocorrect=false top=len=1 locale=pt token=2 gen=0
07-23 12:49:24.822 23465 23465 I VkStripPipeline: setSuggestions prediction size=3 style=7 token=2 gen=0
07-23 12:49:24.825 23465 23465 I VkSuggestions: stripUi prediction=true children=5 [len=1|len=1|len=2]
07-23 12:49:24.825 23465 23465 I VkStripPipeline: slotBind prediction children=5 [len=1|len=1|len=2]
07-23 12:49:25.382 23465 23512 I VkLocaleAssets: ✓ en-AU emoji
07-23 12:49:25.383 23465 23512 I VkLocaleAssets: preload predictors en-AU
07-23 12:49:25.383 23465 23512 I VkLocaleAssets: ✓ ready en-AU (fetched)
07-23 12:49:25.391 23465 23512 I VkLocaleAssets: preload predictors es
07-23 12:49:25.391 23465 23512 I VkLocaleAssets: ○ ready es (cached)
07-23 12:49:25.396 23465 23512 I VkLocaleAssets: preload predictors fr
07-23 12:49:25.396 23465 23512 I VkLocaleAssets: ○ ready fr (cached)
07-23 12:49:25.407 23465 23512 I VkLocaleAssets: preload predictors hi
07-23 12:49:25.407 23465 23512 I VkLocaleAssets: ○ ready hi (cached)
07-23 12:49:25.407 23465 23512 I VkLocaleAssets: ✓ batch source=startup locales=5 fetched=1
07-23 12:49:25.407 23465 23512 I VkLocaleAssets: ✓ startup done locales=5 retries=0
07-23 12:49:25.518 23465 23465 I VkKeyPreview: show key=printable instant=true pool showing=1 free=0
07-23 12:49:25.518 23465 23465 I VkKeyPreview: popupAnim key=printable type=instant dur=0ms scale=1.0
07-23 12:49:25.571 23465 23465 I VkKeyPreview: dismiss key=printable reason=release_anim pool showing=0 free=1
07-23 12:49:25.571 23465 23465 I VkKeyPress: keys pressed=1
07-23 12:49:25.676 23465 23465 I VkKeyPreview: show key=printable instant=true pool showing=1 free=0
07-23 12:49:25.676 23465 23465 I VkKeyPreview: popupAnim key=printable type=instant dur=0ms scale=1.0
07-23 12:49:25.709 23465 23498 W VibeKeyProfiler: Slow Native Suggest: Total=14.61ms | Init=0.04ms | TrieExpand(x18)=14.52ms | Scoring=0.05ms | inputSize=1
07-23 12:49:25.731 23465 23498 W VibeKeyProfiler: Slow Native Suggest: Total=21.32ms | Init=0.03ms | TrieExpand(x18)=21.24ms | Scoring=0.06ms | inputSize=1
07-23 12:49:25.732 23465 23498 I VkSuggestions: decode typedLen=1 candidates=18 locales=1 38,8ms
07-23 12:49:25.733 23465 23498 W VkSuggestions: slow frame 38,8ms locales=1 typedLen=1 candidates=18
07-23 12:49:26.178 23465 23465 W d       : Suggestion generation timed out
07-23 12:49:26.178 23465 23465 W VkStall : MAIN-THREAD STALL 487ms during: >>>>> Dispatching to Handler (v8.l0) {abeaf3} null: 2
07-23 12:49:26.179 23465 23465 I VkKeyPreview: dismiss key=printable reason=release_anim pool showing=0 free=1
07-23 12:49:26.184 23465 23465 I VkKeyPreview: show key=printable instant=true pool showing=1 free=0
07-23 12:49:26.184 23465 23465 I VkKeyPreview: popupAnim key=printable type=instant dur=0ms scale=1.0
07-23 12:49:26.185 23465 23465 I VkKeyPreview: dismiss key=printable reason=release_anim pool showing=0 free=1
07-23 12:49:26.188 23465 23498 I VkSuggestions: strip composing typedLen=3 candidates=19 autocorrect=false top=len=1 locale=pt token=5 gen=0
07-23 12:49:26.189 23465 23498 I VkStripPipeline: staleDrop syncDecode token=4 gen=0
07-23 12:49:26.190 23465 23544 I VkNgram : model ready locale=en-AU gen=1 805ms
07-23 12:49:26.202 23465 23465 I VkKeyPreview: show key=printable instant=true pool showing=1 free=0
07-23 12:49:26.202 23465 23465 I VkKeyPreview: popupAnim key=printable type=instant dur=0ms scale=1.0
07-23 12:49:26.204 23465 23465 I VkKeyPreview: show key=printable instant=true pool showing=2 free=0
07-23 12:49:26.204 23465 23465 I VkKeyPreview: popupAnim key=printable type=instant dur=0ms scale=1.0
07-23 12:49:26.204 23465 23465 I VkKeyPreview: dismiss key=printable reason=release_anim pool showing=1 free=1
07-23 12:49:26.235 23465 23465 I VkKeyPreview: dismiss key=printable reason=release_anim pool showing=0 free=2
07-23 12:49:26.266 23465 23515 I VkNgram : model ready locale=en-AU gen=2 730ms
07-23 12:49:26.361 23465 23498 I VkSuggestions: decode typedLen=5 candidates=18 locales=1 7,0ms
07-23 12:49:26.361 23465 23498 I VkTextCorrection: threshold len=5→len=5 score=0,000 thr=0,140 ○
07-23 12:49:26.370 23465 23498 I VkSuggestions: strip composing typedLen=5 candidates=19 autocorrect=false top=len=5 locale=pt token=7 gen=0
07-23 12:49:26.370 23465 23465 I VkStripPipeline: setSuggestions composing size=19 style=1 token=7 gen=0 typed=len=5
07-23 12:49:26.371 23465 23465 I VkSuggestions: stripUi prediction=false children=5 [len=5|len=5|len=3]
07-23 12:49:26.371 23465 23465 I VkStripPipeline: slotBind composing children=5 [len=5|len=5|len=3]
07-23 12:49:26.493 23465 23544 I VkNgram : model ready locale=es gen=1 303ms
07-23 12:49:26.546 23465 23465 I VkKeyPreview: show key=printable instant=true pool showing=1 free=1
07-23 12:49:26.546 23465 23465 I VkKeyPreview: popupAnim key=printable type=instant dur=0ms scale=1.0
07-23 12:49:26.625 23465 23465 I VkKeyPreview: dismiss key=printable reason=release_anim pool showing=0 free=2
07-23 12:49:26.725 23465 23465 I VkKeyPreview: show key=printable instant=true pool showing=1 free=1
07-23 12:49:26.725 23465 23465 I VkKeyPreview: popupAnim key=printable type=instant dur=0ms scale=1.0
07-23 12:49:26.742 23465 23498 I VkSuggestions: decode typedLen=6 candidates=18 locales=1 3,9ms
07-23 12:49:26.744 23465 23498 I VkTextCorrection: threshold len=6→len=6 score=0,000 thr=0,140 ○
07-23 12:49:26.757 23465 23498 I VkSuggestions: strip composing typedLen=6 candidates=19 autocorrect=false top=len=6 locale=pt token=9 gen=0
07-23 12:49:26.757 23465 23465 I VkStripPipeline: setSuggestions composing size=19 style=1 token=9 gen=0 typed=len=6
07-23 12:49:26.761 23465 23465 I VkSuggestions: stripUi prediction=false children=5 [len=6|len=2|len=2]
07-23 12:49:26.761 23465 23465 I VkStripPipeline: slotBind composing children=5 [len=6|len=2|len=2]
07-23 12:49:26.819 23465 23465 I VkKeyPreview: dismiss key=printable reason=release_anim pool showing=0 free=2
07-23 12:49:26.894 23465 23544 I VkNgram : model ready locale=fr gen=1 400ms
07-23 12:49:26.907 23465 23465 I VkKeyPreview: show key=printable instant=true pool showing=1 free=1
07-23 12:49:26.907 23465 23465 I VkKeyPreview: popupAnim key=printable type=instant dur=0ms scale=1.0
07-23 12:49:26.933 23465 23498 W VibeKeyProfiler: Slow Native Suggest: Total=8.22ms | Init=0.17ms | TrieExpand(x4)=8.04ms | Scoring=0.02ms | inputSize=7
07-23 12:49:26.937 23465 23498 I VkSuggestions: decode typedLen=7 candidates=18 locales=1 10,7ms
07-23 12:49:26.938 23465 23498 I VkTextCorrection: threshold len=7→len=7 score=0,000 thr=0,140 ○
07-23 12:49:26.942 23465 23498 I VkSuggestions: strip composing typedLen=7 candidates=19 autocorrect=false top=len=7 locale=pt token=10 gen=0
07-23 12:49:26.942 23465 23465 I VkStripPipeline: setSuggestions composing size=19 style=1 token=10 gen=0 typed=len=7
07-23 12:49:26.944 23465 23465 I VkSuggestions: stripUi prediction=false children=5 [len=7|len=2|len=4]
07-23 12:49:26.944 23465 23465 I VkStripPipeline: slotBind composing children=5 [len=7|len=2|len=4]
07-23 12:49:26.985 23465 23465 I VkKeyPreview: dismiss key=printable reason=release_anim pool showing=0 free=2
07-23 12:49:27.062 23465 23465 I VkKeyPreview: show key=printable instant=true pool showing=1 free=1
07-23 12:49:27.062 23465 23465 I VkKeyPreview: popupAnim key=printable type=instant dur=0ms scale=1.0
07-23 12:49:27.074 23465 23544 I VkNgram : model ready locale=hi gen=1 180ms
07-23 12:49:27.092 23465 23498 I VkSuggestions: decode typedLen=8 candidates=18 locales=1 3,0ms
07-23 12:49:27.093 23465 23498 I VkTextCorrection: threshold len=8→len=7 score=0,000 thr=0,140 ○
07-23 12:49:27.094 23465 23498 I VkSuggestions: strip composing typedLen=8 candidates=19 autocorrect=false top=len=8 locale=pt token=11 gen=0
07-23 12:49:27.094 23465 23465 I VkStripPipeline: setSuggestions composing size=19 style=1 token=11 gen=0 typed=len=8
07-23 12:49:27.096 23465 23465 I VkSuggestions: stripUi prediction=false children=5 [len=8|len=2|len=2]
07-23 12:49:27.096 23465 23465 I VkStripPipeline: slotBind composing children=5 [len=8|len=2|len=2]
07-23 12:49:27.177 23465 23465 I VkKeyPreview: dismiss key=printable reason=release_anim pool showing=0 free=2
07-23 12:49:27.183 23465 23465 I VkKeyPreview: show key=printable instant=true pool showing=1 free=1
07-23 12:49:27.183 23465 23465 I VkKeyPreview: popupAnim key=printable type=instant dur=0ms scale=1.0
07-23 12:49:27.294 23465 23498 W VibeKeyProfiler: Slow Native Suggest: Total=9.75ms | Init=0.27ms | TrieExpand(x4)=9.44ms | Scoring=0.04ms | inputSize=9
07-23 12:49:27.295 23465 23498 I VkSuggestions: decode typedLen=9 candidates=18 locales=1 12,8ms
07-23 12:49:27.298 23465 23498 I VkTextCorrection: threshold len=9→len=10 score=0,000 thr=0,140 ○
07-23 12:49:27.300 23465 23498 I VkSuggestions: strip composing typedLen=9 candidates=19 autocorrect=false top=len=9 locale=pt token=12 gen=0
07-23 12:49:27.301 23465 23465 I VkStripPipeline: setSuggestions composing size=19 style=1 token=12 gen=0 typed=len=9
07-23 12:49:27.303 23465 23465 I VkSuggestions: stripUi prediction=false children=5 [len=9|len=2|len=4]
07-23 12:49:27.303 23465 23465 I VkStripPipeline: slotBind composing children=5 [len=9|len=2|len=4]
07-23 12:49:27.341 23465 23465 I VkKeyPreview: dismiss key=printable reason=release_anim pool showing=0 free=2
07-23 12:49:27.373 23465 23465 I VkKeyPreview: show key=printable instant=true pool showing=1 free=1
07-23 12:49:27.374 23465 23465 I VkKeyPreview: popupAnim key=printable type=instant dur=0ms scale=1.0
07-23 12:49:27.420 23465 23465 I VkKeyPreview: dismiss key=printable reason=release_anim pool showing=0 free=2
07-23 12:49:27.508 23465 23465 I VkKeyPreview: show key=printable instant=true pool showing=1 free=1
07-23 12:49:27.508 23465 23465 I VkKeyPreview: popupAnim key=printable type=instant dur=0ms scale=1.0
07-23 12:49:27.547 23465 23498 I VkSuggestions: decode typedLen=11 candidates=18 locales=1 9,7ms
07-23 12:49:27.553 23465 23498 I VkTextCorrection: threshold len=11→len=12 score=0,000 thr=0,140 ○
07-23 12:49:27.555 23465 23498 I VkSuggestions: strip composing typedLen=11 candidates=19 autocorrect=false top=len=11 locale=pt token=14 gen=0
07-23 12:49:27.556 23465 23465 I VkStripPipeline: setSuggestions composing size=19 style=1 token=14 gen=0 typed=len=11
07-23 12:49:27.561 23465 23465 I VkSuggestions: stripUi prediction=false children=5 [len=11|len=2|len=2]
07-23 12:49:27.561 23465 23465 I VkStripPipeline: slotBind composing children=5 [len=11|len=2|len=2]
07-23 12:49:27.606 23465 23465 I VkKeyPreview: dismiss key=printable reason=release_anim pool showing=0 free=2
07-23 12:49:27.672 23465 23465 I VkKeyPreview: show key=printable instant=true pool showing=1 free=1
07-23 12:49:27.672 23465 23465 I VkKeyPreview: popupAnim key=printable type=instant dur=0ms scale=1.0
07-23 12:49:27.737 23465 23498 W VibeKeyProfiler: Slow Native Suggest: Total=15.31ms | Init=0.39ms | TrieExpand(x7)=14.87ms | Scoring=0.04ms | inputSize=12
07-23 12:49:27.743 23465 23498 I VkSuggestions: decode typedLen=12 candidates=18 locales=1 21,8ms
07-23 12:49:27.743 23465 23498 W VkSuggestions: slow frame 21,8ms locales=1 typedLen=12 candidates=18
07-23 12:49:27.747 23465 23498 I VkTextCorrection: threshold len=12→len=12 score=0,000 thr=0,140 ○
07-23 12:49:27.752 23465 23498 I VkSuggestions: strip composing typedLen=12 candidates=19 autocorrect=false top=len=12 locale=pt token=15 gen=0
07-23 12:49:27.752 23465 23465 I VkStripPipeline: setSuggestions composing size=19 style=1 token=15 gen=0 typed=len=12
07-23 12:49:27.754 23465 23465 I VkSuggestions: stripUi prediction=false children=5 [len=12|len=2|len=2]
07-23 12:49:27.754 23465 23465 I VkStripPipeline: slotBind composing children=5 [len=12|len=2|len=2]
07-23 12:49:27.779 23465 23465 I VkKeyPreview: dismiss key=printable reason=release_anim pool showing=0 free=2
07-23 12:49:27.787 23465 23465 I VkKeyPreview: show key=printable instant=true pool showing=1 free=1
07-23 12:49:27.787 23465 23465 I VkKeyPreview: popupAnim key=printable type=instant dur=0ms scale=1.0
07-23 12:49:27.900 23465 23498 I VkSuggestions: decode typedLen=13 candidates=18 locales=1 11,3ms
07-23 12:49:27.904 23465 23498 I VkTextCorrection: threshold len=13→len=15 score=0,000 thr=0,140 ○
07-23 12:49:27.907 23465 23498 I VkSuggestions: strip composing typedLen=13 candidates=19 autocorrect=false top=len=13 locale=pt token=16 gen=0
07-23 12:49:27.907 23465 23465 I VkStripPipeline: setSuggestions composing size=19 style=1 token=16 gen=0 typed=len=13
07-23 12:49:27.909 23465 23465 I VkSuggestions: stripUi prediction=false children=5 [len=13|len=2|len=2]
07-23 12:49:27.909 23465 23465 I VkStripPipeline: slotBind composing children=5 [len=13|len=2|len=2]
07-23 12:49:27.923 23465 23465 I VkKeyPreview: dismiss key=printable reason=release_anim pool showing=0 free=2
07-23 12:49:27.938 23465 23465 I VkKeyPreview: show key=printable instant=true pool showing=1 free=1
07-23 12:49:27.938 23465 23465 I VkKeyPreview: popupAnim key=printable type=instant dur=0ms scale=1.0
07-23 12:49:28.004 23465 23465 I VkKeyPreview: dismiss key=printable reason=release_anim pool showing=0 free=2
07-23 12:49:28.090 23465 23465 I VkKeyPreview: show key=printable instant=true pool showing=1 free=1
07-23 12:49:28.090 23465 23465 I VkKeyPreview: popupAnim key=printable type=instant dur=0ms scale=1.0
07-23 12:49:28.124 23465 23498 W VibeKeyProfiler: Slow Native Suggest: Total=12.00ms | Init=0.48ms | TrieExpand(x7)=11.51ms | Scoring=0.02ms | inputSize=15
07-23 12:49:28.125 23465 23498 I VkSuggestions: decode typedLen=15 candidates=18 locales=1 14,6ms
07-23 12:49:28.126 23465 23498 I VkTextCorrection: threshold len=15→len=17 score=0,000 thr=0,140 ○
07-23 12:49:28.127 23465 23498 I VkSuggestions: strip composing typedLen=15 candidates=19 autocorrect=false top=len=15 locale=pt token=18 gen=0
07-23 12:49:28.127 23465 23465 I VkStripPipeline: setSuggestions composing size=19 style=1 token=18 gen=0 typed=len=15
07-23 12:49:28.129 23465 23465 I VkSuggestions: stripUi prediction=false children=5 [len=15|len=2|len=2]
07-23 12:49:28.130 23465 23465 I VkStripPipeline: slotBind composing children=5 [len=15|len=2|len=2]
07-23 12:49:28.211 23465 23465 I VkKeyPreview: dismiss key=printable reason=release_anim pool showing=0 free=2
07-23 12:49:28.281 23465 23465 I VkKeyPreview: show key=printable instant=true pool showing=1 free=1
07-23 12:49:28.281 23465 23465 I VkKeyPreview: popupAnim key=printable type=instant dur=0ms scale=1.0
07-23 12:49:28.324 23465 23498 I VkSuggestions: decode typedLen=16 candidates=18 locales=1 9,7ms
07-23 12:49:28.328 23465 23498 I VkTextCorrection: threshold len=16→len=19 score=0,000 thr=0,140 ○
07-23 12:49:28.330 23465 23498 I VkSuggestions: strip composing typedLen=16 candidates=19 autocorrect=false top=len=16 locale=pt token=19 gen=0
07-23 12:49:28.330 23465 23465 I VkStripPipeline: setSuggestions composing size=19 style=1 token=19 gen=0 typed=len=16
07-23 12:49:28.333 23465 23465 I VkSuggestions: stripUi prediction=false children=5 [len=16|len=2|len=2]
07-23 12:49:28.333 23465 23465 I VkStripPipeline: slotBind composing children=5 [len=16|len=2|len=2]
07-23 12:49:28.423 23465 23465 I VkKeyPreview: dismiss key=printable reason=release_anim pool showing=0 free=2
07-23 12:49:28.508 23465 23465 I VkKeyPreview: show key=printable instant=true pool showing=1 free=1
07-23 12:49:28.508 23465 23465 I VkKeyPreview: popupAnim key=printable type=instant dur=0ms scale=1.0
07-23 12:49:28.545 23465 23498 I VkSuggestions: decode typedLen=17 candidates=18 locales=1 5,9ms
07-23 12:49:28.548 23465 23498 I VkTextCorrection: threshold len=17→len=20 score=0,000 thr=0,140 ○
07-23 12:49:28.549 23465 23498 I VkSuggestions: strip composing typedLen=17 candidates=19 autocorrect=false top=len=17 locale=pt token=20 gen=0
07-23 12:49:28.549 23465 23465 I VkStripPipeline: setSuggestions composing size=19 style=1 token=20 gen=0 typed=len=17
07-23 12:49:28.551 23465 23465 I VkSuggestions: stripUi prediction=false children=5 [len=17|len=2|len=2]
07-23 12:49:28.551 23465 23465 I VkStripPipeline: slotBind composing children=5 [len=17|len=2|len=2]
07-23 12:49:28.639 23465 23465 I VkKeyPreview: dismiss key=printable reason=release_anim pool showing=0 free=2
07-23 12:49:28.639 23465 23465 I VkKeyPress: keys pressed=18
07-23 12:49:28.657 23465 23465 I VkKeyPreview: show key=printable instant=true pool showing=1 free=1
07-23 12:49:28.657 23465 23465 I VkKeyPreview: popupAnim key=printable type=instant dur=0ms scale=1.0
07-23 12:49:28.760 23465 23498 I VkSuggestions: decode typedLen=18 candidates=18 locales=1 5,3ms
07-23 12:49:28.762 23465 23498 I VkTextCorrection: threshold len=18→len=21 score=0,000 thr=0,140 ○
07-23 12:49:28.763 23465 23498 I VkSuggestions: strip composing typedLen=18 candidates=19 autocorrect=false top=len=18 locale=pt token=21 gen=0
07-23 12:49:28.763 23465 23465 I VkStripPipeline: setSuggestions composing size=19 style=1 token=21 gen=0 typed=len=18
07-23 12:49:28.765 23465 23465 I VkSuggestions: stripUi prediction=false children=5 [len=18|len=2|len=2]
07-23 12:49:28.765 23465 23465 I VkStripPipeline: slotBind composing children=5 [len=18|len=2|len=2]
07-23 12:49:28.779 23465 23465 I VkKeyPreview: dismiss key=printable reason=release_anim pool showing=0 free=2
07-23 12:49:28.887 23465 23498 I VkSuggestions: decode typedLen=19 candidates=18 locales=1 5,5ms
07-23 12:49:28.888 23465 23498 I VkTextCorrection: threshold len=19→len=23 score=0,000 thr=0,140 ○
07-23 12:49:28.889 23465 23498 I VkSuggestions: strip composing typedLen=19 candidates=19 autocorrect=false top=len=19 locale=pt token=21 gen=0
07-23 12:49:28.889 23465 23465 I VkStripPipeline: setSuggestions composing size=19 style=1 token=21 gen=0 typed=len=19
07-23 12:49:28.891 23465 23465 I VkSuggestions: stripUi prediction=false children=5 [len=19|len=2|len=2]
07-23 12:49:28.891 23465 23465 I VkStripPipeline: slotBind composing children=5 [len=19|len=2|len=2]
07-23 12:49:29.411 23465 23465 I VkEffects: keyPressAnim burst=1 type=scale lastPhase=down
07-23 12:49:29.497 23465 23465 I VkStripPipeline: langSwitch main=pt-BR token=23 gen=1
07-23 12:49:29.506 23465 23465 I VkStripPipeline: setSuggestions composing size=0 style=0 token=-1 gen=-1
07-23 12:49:29.507 23465 23465 I VkStripPipeline: slotBind composing children=0 []
07-23 12:49:29.507 23465 23465 I VkLanguageSettings: select en-AU
07-23 12:49:29.517 23465 23465 I VkDictionaries: ✓ open emoji en-AU
07-23 12:49:29.566 23465 23465 I VkLanguageSettings: cycle dir=1 → en-AU
07-23 12:49:29.577 23465 23512 I VkMultilingual: reset main=en-AU locales=[en] count=1
07-23 12:49:29.580 23465 23512 I VkDictionaries: ▶ async reload main dicts locales=1
07-23 12:49:29.592 23465 23520 I VkDictionaries: ✓ open emoji en-AU
07-23 12:49:29.610 23465 23520 I VkDictionaries: ✓ open main en-AU
07-23 12:49:29.610 23465 23520 I VkDictionaries: collection en-AU dicts=2 emoji=true
07-23 12:49:30.060 23465 23465 I VkKeyPreview: show key=printable instant=true pool showing=1 free=1
07-23 12:49:30.060 23465 23465 I VkKeyPreview: popupAnim key=printable type=instant dur=0ms scale=1.0
07-23 12:49:30.147 23465 23465 I VkKeyPreview: dismiss key=printable reason=release_anim pool showing=0 free=2
07-23 12:49:30.251 23465 23465 I VkKeyPreview: show key=printable instant=true pool showing=1 free=1
07-23 12:49:30.251 23465 23465 I VkKeyPreview: popupAnim key=printable type=instant dur=0ms scale=1.0
07-23 12:49:30.260 23465 23498 I VkNgram : merge locale=en prev=len=20 preds=8 contextual=0 assets=true
07-23 12:49:30.262 23465 23498 I VkSuggestions: strip prediction typedLen=0 candidates=3 autocorrect=false top=len=3 locale=en token=26 gen=1
07-23 12:49:30.263 23465 23465 I VkStripPipeline: setSuggestions prediction size=3 style=6 token=26 gen=1
07-23 12:49:30.265 23465 23465 I VkSuggestions: stripUi prediction=true children=5 [len=2|len=3|len=1]
07-23 12:49:30.265 23465 23465 I VkStripPipeline: slotBind prediction children=5 [len=2|len=3|len=1]
07-23 12:49:30.331 23465 23465 I VkKeyPreview: dismiss key=printable reason=release_anim pool showing=0 free=2
07-23 12:49:30.416 23465 23465 I VkKeyPreview: show key=printable instant=true pool showing=1 free=1
07-23 12:49:30.416 23465 23465 I VkKeyPreview: popupAnim key=printable type=instant dur=0ms scale=1.0
07-23 12:49:30.441 23465 23498 I VkNgram : merge locale=en prev=len=21 preds=8 contextual=0 assets=true
07-23 12:49:30.442 23465 23498 I VkSuggestions: strip prediction typedLen=0 candidates=3 autocorrect=false top=len=3 locale=en token=27 gen=1
07-23 12:49:30.442 23465 23465 I VkStripPipeline: setSuggestions prediction size=3 style=6 token=27 gen=1
07-23 12:49:30.515 23465 23465 I VkKeyPreview: dismiss key=printable reason=release_anim pool showing=0 free=2
07-23 12:49:30.558 23465 23465 I VkKeyPreview: show key=printable instant=true pool showing=1 free=1
07-23 12:49:30.558 23465 23465 I VkKeyPreview: popupAnim key=printable type=instant dur=0ms scale=1.0
07-23 12:49:30.625 23465 23498 I VkNgram : merge locale=en prev=len=22 preds=8 contextual=0 assets=true
07-23 12:49:30.625 23465 23498 I VkTextCorrection: rerank prediction head len=3→len=1
07-23 12:49:30.626 23465 23498 I VkSuggestions: strip prediction typedLen=0 candidates=3 autocorrect=false top=len=1 locale=en token=28 gen=1
07-23 12:49:30.626 23465 23465 I VkStripPipeline: setSuggestions prediction size=3 style=6 token=28 gen=1
07-23 12:49:30.627 23465 23465 I VkSuggestions: stripUi prediction=true children=5 [len=2|len=1|len=2]
07-23 12:49:30.627 23465 23465 I VkStripPipeline: slotBind prediction children=5 [len=2|len=1|len=2]
07-23 12:49:30.692 23465 23465 I VkKeyPreview: show key=printable instant=true pool showing=2 free=0
07-23 12:49:30.692 23465 23465 I VkKeyPreview: popupAnim key=printable type=instant dur=0ms scale=1.0
07-23 12:49:30.708 23465 23465 I VkKeyPreview: dismiss key=printable reason=release_anim pool showing=1 free=1
07-23 12:49:30.783 23465 23465 I VkKeyPreview: dismiss key=printable reason=release_anim pool showing=0 free=2
07-23 12:49:30.878 23465 23465 I VkKeyPreview: show key=printable instant=true pool showing=1 free=1
07-23 12:49:30.878 23465 23465 I VkKeyPreview: popupAnim key=printable type=instant dur=0ms scale=1.0
07-23 12:49:30.895 23465 23498 I VkNgram : merge locale=en prev=len=24 preds=8 contextual=0 assets=true
07-23 12:49:30.896 23465 23498 I VkTextCorrection: rerank prediction head len=3→len=1
07-23 12:49:30.896 23465 23498 I VkSuggestions: strip prediction typedLen=0 candidates=3 autocorrect=false top=len=1 locale=en token=30 gen=1
07-23 12:49:30.897 23465 23465 I VkStripPipeline: setSuggestions prediction size=3 style=6 token=30 gen=1
07-23 12:49:30.966 23465 23465 I VkKeyPreview: dismiss key=printable reason=release_anim pool showing=0 free=2
07-23 12:49:31.038 23465 23465 I VkKeyPreview: show key=printable instant=true pool showing=1 free=1
07-23 12:49:31.038 23465 23465 I VkKeyPreview: popupAnim key=printable type=instant dur=0ms scale=1.0
07-23 12:49:31.075 23465 23498 I VkNgram : merge locale=en prev=len=25 preds=8 contextual=0 assets=true
07-23 12:49:31.076 23465 23498 I VkTextCorrection: rerank prediction head len=3→len=2
07-23 12:49:31.076 23465 23498 I VkSuggestions: strip prediction typedLen=0 candidates=3 autocorrect=false top=len=2 locale=en token=31 gen=1
07-23 12:49:31.076 23465 23465 I VkStripPipeline: setSuggestions prediction size=3 style=6 token=31 gen=1
07-23 12:49:31.077 23465 23465 I VkSuggestions: stripUi prediction=true children=5 [len=3|len=2|len=2]
07-23 12:49:31.078 23465 23465 I VkStripPipeline: slotBind prediction children=5 [len=3|len=2|len=2]
07-23 12:49:31.132 23465 23465 I VkKeyPreview: dismiss key=printable reason=release_anim pool showing=0 free=2
07-23 12:49:31.205 23465 23465 I VkKeyPreview: show key=printable instant=true pool showing=1 free=1
07-23 12:49:31.205 23465 23465 I VkKeyPreview: popupAnim key=printable type=instant dur=0ms scale=1.0
07-23 12:49:31.234 23465 23465 I VkKeyPreview: show key=printable instant=true pool showing=2 free=0
07-23 12:49:31.234 23465 23465 I VkKeyPreview: popupAnim key=printable type=instant dur=0ms scale=1.0
07-23 12:49:31.242 23465 23498 I VkNgram : merge locale=en prev=len=26 preds=8 contextual=0 assets=true
07-23 12:49:31.244 23465 23498 I VkSuggestions: strip prediction typedLen=0 candidates=3 autocorrect=false top=len=3 locale=en token=33 gen=1
07-23 12:49:31.244 23465 23465 I VkStripPipeline: setSuggestions prediction size=3 style=6 token=33 gen=1
07-23 12:49:31.245 23465 23465 I VkSuggestions: stripUi prediction=true children=5 [len=2|len=3|len=2]
07-23 12:49:31.245 23465 23465 I VkStripPipeline: slotBind prediction children=5 [len=2|len=3|len=2]
07-23 12:49:31.300 23465 23465 I VkKeyPreview: dismiss key=printable reason=release_anim pool showing=1 free=1
07-23 12:49:31.359 23465 23465 I VkKeyPreview: dismiss key=printable reason=release_anim pool showing=0 free=2
07-23 12:49:31.435 23465 23465 I VkKeyPreview: show key=printable instant=true pool showing=1 free=1
07-23 12:49:31.435 23465 23465 I VkKeyPreview: popupAnim key=printable type=instant dur=0ms scale=1.0
07-23 12:49:31.476 23465 23498 I VkNgram : merge locale=en prev=len=28 preds=8 contextual=0 assets=true
07-23 12:49:31.477 23465 23498 I VkSuggestions: strip prediction typedLen=0 candidates=3 autocorrect=false top=len=3 locale=en token=34 gen=1
07-23 12:49:31.477 23465 23465 I VkStripPipeline: setSuggestions prediction size=3 style=6 token=34 gen=1
07-23 12:49:31.478 23465 23465 I VkSuggestions: stripUi prediction=true children=5 [len=2|len=3|len=1]
07-23 12:49:31.478 23465 23465 I VkStripPipeline: slotBind prediction children=5 [len=2|len=3|len=1]
07-23 12:49:31.525 23465 23465 I VkKeyPreview: dismiss key=printable reason=release_anim pool showing=0 free=2
07-23 12:49:31.601 23465 23465 I VkKeyPreview: show key=printable instant=true pool showing=1 free=1
07-23 12:49:31.601 23465 23465 I VkKeyPreview: popupAnim key=printable type=instant dur=0ms scale=1.0
07-23 12:49:31.643 23465 23498 I VkNgram : merge locale=en prev=len=29 preds=8 contextual=0 assets=true
07-23 12:49:31.643 23465 23498 I VkTextCorrection: rerank prediction head len=3→len=1
07-23 12:49:31.644 23465 23498 I VkSuggestions: strip prediction typedLen=0 candidates=3 autocorrect=false top=len=1 locale=en token=35 gen=1
07-23 12:49:31.644 23465 23465 I VkStripPipeline: setSuggestions prediction size=3 style=6 token=35 gen=1
07-23 12:49:31.646 23465 23465 I VkSuggestions: stripUi prediction=true children=5 [len=3|len=1|len=2]
07-23 12:49:31.646 23465 23465 I VkStripPipeline: slotBind prediction children=5 [len=3|len=1|len=2]
07-23 12:49:31.660 23465 23465 I VkKeyPreview: show key=printable instant=true pool showing=2 free=0
07-23 12:49:31.661 23465 23465 I VkKeyPreview: popupAnim key=printable type=instant dur=0ms scale=1.0
07-23 12:49:31.726 23465 23465 I VkKeyPreview: dismiss key=printable reason=release_anim pool showing=1 free=1
07-23 12:49:31.726 23465 23465 I VkKeyPress: keys pressed=31
07-23 12:49:31.741 23465 23465 I VkKeyPreview: dismiss key=printable reason=release_anim pool showing=0 free=2
07-23 12:49:31.813 23465 23465 I VkKeyPreview: show key=printable instant=true pool showing=1 free=1
07-23 12:49:31.813 23465 23465 I VkKeyPreview: popupAnim key=printable type=instant dur=0ms scale=1.0
07-23 12:49:31.879 23465 23498 I VkNgram : merge locale=en prev=len=31 preds=8 contextual=0 assets=true
07-23 12:49:31.879 23465 23498 I VkTextCorrection: rerank prediction head len=3→len=1
07-23 12:49:31.880 23465 23498 I VkSuggestions: strip prediction typedLen=0 candidates=3 autocorrect=false top=len=1 locale=en token=37 gen=1
07-23 12:49:31.880 23465 23465 I VkStripPipeline: setSuggestions prediction size=3 style=6 token=37 gen=1
07-23 12:49:31.926 23465 23465 I VkKeyPreview: dismiss key=printable reason=release_anim pool showing=0 free=2
07-23 12:49:32.049 23465 23498 I VkNgram : merge locale=en prev=len=32 preds=8 contextual=0 assets=true
07-23 12:49:32.050 23465 23498 I VkTextCorrection: rerank prediction head len=3→len=2
07-23 12:49:32.051 23465 23498 I VkSuggestions: strip prediction typedLen=0 candidates=3 autocorrect=false top=len=2 locale=en token=37 gen=1
07-23 12:49:32.054 23465 23465 I VkSuggestions: stripUi prediction=true children=5 [len=3|len=2|len=2]
07-23 12:49:32.054 23465 23465 I VkStripPipeline: slotBind prediction children=5 [len=3|len=2|len=2]
07-23 12:49:32.606 23465 23465 I VkKeyPreview: show key=printable instant=true pool showing=1 free=1
07-23 12:49:32.606 23465 23465 I VkKeyPreview: popupAnim key=printable type=instant dur=0ms scale=1.0
07-23 12:49:32.695 23465 23465 I VkKeyPreview: dismiss key=printable reason=release_anim pool showing=0 free=2
07-23 12:49:32.779 23465 23465 I VkKeyPreview: show key=printable instant=true pool showing=1 free=1
07-23 12:49:32.780 23465 23465 I VkKeyPreview: popupAnim key=printable type=instant dur=0ms scale=1.0
07-23 12:49:32.816 23465 23498 I VkNgram : merge locale=en prev=len=33 preds=8 contextual=0 assets=true
07-23 12:49:32.817 23465 23498 I VkSuggestions: strip prediction typedLen=0 candidates=3 autocorrect=false top=len=3 locale=en token=39 gen=1
07-23 12:49:32.818 23465 23465 I VkStripPipeline: setSuggestions prediction size=3 style=6 token=39 gen=1
07-23 12:49:32.819 23465 23465 I VkSuggestions: stripUi prediction=true children=5 [len=2|len=3|len=2]
07-23 12:49:32.819 23465 23465 I VkStripPipeline: slotBind prediction children=5 [len=2|len=3|len=2]
07-23 12:49:32.878 23465 23465 I VkKeyPreview: dismiss key=printable reason=release_anim pool showing=0 free=2
07-23 12:49:32.982 23465 23465 I VkKeyPreview: show key=printable instant=true pool showing=1 free=1
07-23 12:49:32.982 23465 23465 I VkKeyPreview: popupAnim key=printable type=instant dur=0ms scale=1.0
07-23 12:49:32.996 23465 23498 I VkNgram : merge locale=en prev=len=34 preds=8 contextual=0 assets=true
07-23 12:49:32.996 23465 23498 I VkSuggestions: strip prediction typedLen=0 candidates=3 autocorrect=false top=len=3 locale=en token=40 gen=1
07-23 12:49:32.997 23465 23465 I VkStripPipeline: setSuggestions prediction size=3 style=6 token=40 gen=1
07-23 12:49:32.997 23465 23465 I VkSuggestions: stripUi prediction=true children=5 [len=1|len=3|len=2]
07-23 12:49:32.998 23465 23465 I VkStripPipeline: slotBind prediction children=5 [len=1|len=3|len=2]
07-23 12:49:33.004 23465 23465 I VkKeyPreview: show key=printable instant=true pool showing=2 free=0
07-23 12:49:33.004 23465 23465 I VkKeyPreview: popupAnim key=printable type=instant dur=0ms scale=1.0
07-23 12:49:33.061 23465 23465 I VkKeyPreview: dismiss key=printable reason=release_anim pool showing=1 free=1
07-23 12:49:33.165 23465 23465 I VkKeyPreview: show key=printable instant=true pool showing=2 free=0
07-23 12:49:33.165 23465 23465 I VkKeyPreview: popupAnim key=printable type=instant dur=0ms scale=1.0
07-23 12:49:33.170 23465 23465 I VkKeyPreview: dismiss key=printable reason=release_anim pool showing=1 free=1
07-23 12:49:33.249 23465 23465 I VkKeyPreview: dismiss key=printable reason=release_anim pool showing=0 free=2
07-23 12:49:33.367 23465 23498 I VkNgram : merge locale=en prev=len=37 preds=8 contextual=0 assets=true
07-23 12:49:33.368 23465 23498 I VkTextCorrection: rerank prediction head len=3→len=2
07-23 12:49:33.370 23465 23498 I VkSuggestions: strip prediction typedLen=0 candidates=3 autocorrect=false top=len=2 locale=en token=42 gen=1
07-23 12:49:33.371 23465 23465 I VkStripPipeline: setSuggestions prediction size=3 style=6 token=42 gen=1
07-23 12:49:33.373 23465 23465 I VkSuggestions: stripUi prediction=true children=5 [len=1|len=2|len=3]
07-23 12:49:33.373 23465 23465 I VkStripPipeline: slotBind prediction children=5 [len=1|len=2|len=3]
07-23 12:49:34.028 23465 23465 I VkEffects: reload keyPress=bounce popup=none popupFx=true blur=0px glow=true stickers=true
07-23 12:49:34.192 23465 23465 W VkStall : MAIN-THREAD STALL 171ms during: >>>>> Dispatching to Handler (android.os.Handler) {781ae43} b9.k@21ccc0: 0
07-23 12:49:34.203 23465 23465 I VkKeyPress: strip pick code=-10070
07-23 12:49:34.216 23465 23465 I VkPanels: ▶ open menu
07-23 12:49:34.222 23465 23520 I VkLocaleAssets: ▶ batch source=menu_panel count=5 [en-AU,es,fr,hi,pt-BR]
07-23 12:49:34.225 23465 23520 I VkLocaleAssets: preload predictors en-AU
07-23 12:49:34.225 23465 23520 I VkLocaleAssets: ○ ready en-AU (cached)
07-23 12:49:34.243 23465 23520 I VkLocaleAssets: preload predictors es
07-23 12:49:34.243 23465 23520 I VkLocaleAssets: ○ ready es (cached)
07-23 12:49:34.250 23465 23520 I VkLocaleAssets: preload predictors fr
07-23 12:49:34.250 23465 23520 I VkLocaleAssets: ○ ready fr (cached)
07-23 12:49:34.258 23465 23520 I VkLocaleAssets: preload predictors hi
07-23 12:49:34.258 23465 23520 I VkLocaleAssets: ○ ready hi (cached)
07-23 12:49:34.267 23465 23520 I VkLocaleAssets: preload predictors pt-BR
07-23 12:49:34.267 23465 23520 I VkLocaleAssets: ○ ready pt-BR (cached)
07-23 12:49:34.267 23465 23520 I VkLocaleAssets: ✓ batch source=menu_panel locales=5 fetched=0
07-23 12:49:34.787 23465 23465 E InputEventReceiver: Exception dispatching input event.
07-23 12:49:34.787 23465 23465 E MessageQueue-JNI: Exception in MessageQueue callback: handleReceiveCallback
07-23 12:49:34.791 23465 23465 E MessageQueue-JNI: java.lang.IllegalArgumentException: placer is neither FrameLayout nor RelativeLayout: android.widget.LinearLayout
07-23 12:49:34.791 23465 23465 E MessageQueue-JNI: 	at q9.h2.G(r8-map-id-03d4de7e4e21309482f61882c6708aa3f823150c58f5cd69baa458c9b57fdade:47)
07-23 12:49:34.791 23465 23465 E MessageQueue-JNI: 	at helium314.keyboard.keyboard.MainKeyboardView.D(r8-map-id-03d4de7e4e21309482f61882c6708aa3f823150c58f5cd69baa458c9b57fdade:68)
07-23 12:49:34.791 23465 23465 E MessageQueue-JNI: 	at helium314.keyboard.keyboard.MainKeyboardView.H(r8-map-id-03d4de7e4e21309482f61882c6708aa3f823150c58f5cd69baa458c9b57fdade:57)
07-23 12:49:34.791 23465 23465 E MessageQueue-JNI: 	at o8.d0.w(r8-map-id-03d4de7e4e21309482f61882c6708aa3f823150c58f5cd69baa458c9b57fdade:141)
07-23 12:49:34.791 23465 23465 E MessageQueue-JNI: 	at o8.d0.m(r8-map-id-03d4de7e4e21309482f61882c6708aa3f823150c58f5cd69baa458c9b57fdade:226)
07-23 12:49:34.791 23465 23465 E MessageQueue-JNI: 	at o8.d0.t(r8-map-id-03d4de7e4e21309482f61882c6708aa3f823150c58f5cd69baa458c9b57fdade:1181)
07-23 12:49:34.791 23465 23465 E MessageQueue-JNI: 	at helium314.keyboard.keyboard.MainKeyboardView.onTouchEvent(r8-map-id-03d4de7e4e21309482f61882c6708aa3f823150c58f5cd69baa458c9b57fdade:247)
07-23 12:49:34.791 23465 23465 E MessageQueue-JNI: 	at android.view.View.dispatchTouchEvent(View.java:14632)
07-23 12:49:34.791 23465 23465 E MessageQueue-JNI: 	at android.view.ViewGroup.dispatchTransformedTouchEvent(ViewGroup.java:3169)
07-23 12:49:34.791 23465 23465 E MessageQueue-JNI: 	at android.view.ViewGroup.dispatchTouchEvent(ViewGroup.java:2788)
07-23 12:49:34.791 23465 23465 E MessageQueue-JNI: 	at android.view.ViewGroup.dispatchTransformedTouchEvent(ViewGroup.java:3169)
07-23 12:49:34.791 23465 23465 E MessageQueue-JNI: 	at android.view.ViewGroup.dispatchTouchEvent(ViewGroup.java:2788)
07-23 12:49:34.791 23465 23465 E MessageQueue-JNI: 	at android.view.ViewGroup.dispatchTransformedTouchEvent(ViewGroup.java:3169)
07-23 12:49:34.791 23465 23465 E MessageQueue-JNI: 	at android.view.ViewGroup.dispatchTouchEvent(ViewGroup.java:2788)
07-23 12:49:34.791 23465 23465 E MessageQueue-JNI: 	at android.view.ViewGroup.dispatchTransformedTouchEvent(ViewGroup.java:3169)
07-23 12:49:34.791 23465 23465 E MessageQueue-JNI: 	at android.view.ViewGroup.dispatchTouchEvent(ViewGroup.java:2788)
07-23 12:49:34.791 23465 23465 E MessageQueue-JNI: 	at android.view.ViewGroup.dispatchTransformedTouchEvent(ViewGroup.java:3169)
07-23 12:49:34.791 23465 23465 E MessageQueue-JNI: 	at android.view.ViewGroup.dispatchTouchEvent(ViewGroup.java:2788)
07-23 12:49:34.791 23465 23465 E MessageQueue-JNI: 	at android.view.ViewGroup.dispatchTransformedTouchEvent(ViewGroup.java:3169)
07-23 12:49:34.791 23465 23465 E MessageQueue-JNI: 	at android.view.ViewGroup.dispatchTouchEvent(ViewGroup.java:2788)
07-23 12:49:34.791 23465 23465 E MessageQueue-JNI: 	at android.view.ViewGroup.dispatchTransformedTouchEvent(ViewGroup.java:3169)
07-23 12:49:34.791 23465 23465 E MessageQueue-JNI: 	at android.view.ViewGroup.dispatchTouchEvent(ViewGroup.java:2788)
07-23 12:49:34.791 23465 23465 E MessageQueue-JNI: 	at android.view.ViewGroup.dispatchTransformedTouchEvent(ViewGroup.java:3169)
07-23 12:49:34.791 23465 23465 E MessageQueue-JNI: 	at android.view.ViewGroup.dispatchTouchEvent(ViewGroup.java:2788)
07-23 12:49:34.791 23465 23465 E MessageQueue-JNI: 	at com.android.internal.policy.DecorView.superDispatchTouchEvent(DecorView.java:573)
07-23 12:49:34.791 23465 23465 E MessageQueue-JNI: 	at com.android.internal.policy.PhoneWindow.superDispatchTouchEvent(PhoneWindow.java:1911)
07-23 12:49:34.791 23465 23465 E MessageQueue-JNI: 	at android.app.Dialog.dispatchTouchEvent(Dialog.java:913)
07-23 12:49:34.791 23465 23465 E MessageQueue-JNI: 	at android.inputmethodservice.SoftInputWindow.dispatchTouchEvent(SoftInputWindow.java:168)
07-23 12:49:34.791 23465 23465 E MessageQueue-JNI: 	at com.android.internal.policy.DecorView.dispatchTouchEvent(DecorView.java:521)
07-23 12:49:34.791 23465 23465 E MessageQueue-JNI: 	at android.view.View.dispatchPointerEvent(View.java:14899)
07-23 12:49:34.791 23465 23465 E MessageQueue-JNI: 	at android.view.ViewRootImpl$ViewPostImeInputStage.processPointerEvent(ViewRootImpl.java:6755)
07-23 12:49:34.791 23465 23465 E MessageQueue-JNI: 	at android.view.ViewRootImpl$ViewPostImeInputStage.onProcess(ViewRootImpl.java:6526)
07-23 12:49:34.791 23465 23465 E MessageQueue-JNI: 	at android.view.ViewRootImpl$InputStage.deliver(ViewRootImpl.java:5995)
07-23 12:49:34.791 23465 23465 E MessageQueue-JNI: 	at android.view.ViewRootImpl$InputStage.onDeliverToNext(ViewRootImpl.java:6057)
07-23 12:49:34.791 23465 23465 E MessageQueue-JNI: 	at android.view.ViewRootImpl$InputStage.forward(ViewRootImpl.java:6018)
07-23 12:49:34.791 23465 23465 E MessageQueue-JNI: 	at android.view.ViewRootImpl$AsyncInputStage.forward(ViewRootImpl.java:6192)
07-23 12:49:34.791 23465 23465 E MessageQueue-JNI: 	at android.view.ViewRootImpl$InputStage.apply(ViewRootImpl.java:6026)
07-23 12:49:34.791 23465 23465 E MessageQueue-JNI: 	at android.view.ViewRootImpl$AsyncInputStage.apply(ViewRootImpl.java:6249)
07-23 12:49:34.791 23465 23465 E MessageQueue-JNI: 	at android.view.ViewRootImpl$InputStage.deliver(ViewRootImpl.java:5999)
07-23 12:49:34.791 23465 23465 E MessageQueue-JNI: 	at android.view.ViewRootImpl$InputStage.onDeliverToNext(ViewRootImpl.java:6057)
07-23 12:49:34.791 23465 23465 E MessageQueue-JNI: 	at android.view.ViewRootImpl$InputStage.forward(ViewRootImpl.java:6018)
