=== VibeKey 4.5.148 (4516) ===

--------- beginning of system
07-22 22:03:17.686  8883  8883 E OplusCustomizeRestrictionManager: sInstance is null, start a new sInstance
--------- beginning of main
07-22 22:04:26.976  8883  8883 I VkKeyPreview: show key=printable instant=true pool showing=1 free=0
07-22 22:04:26.976  8883  8883 I VkKeyPreview: popupAnim key=printable type=instant dur=0ms scale=1.0
07-22 22:04:27.039  8883  8883 I VkKeyPreview: dismiss key=printable reason=release_anim pool showing=0 free=1
07-22 22:04:27.137  8883  8883 I VkKeyPreview: show key=printable instant=true pool showing=1 free=0
07-22 22:04:27.137  8883  8883 I VkKeyPreview: popupAnim key=printable type=instant dur=0ms scale=1.0
07-22 22:04:27.160  8883  9240 I VkSuggestions: decode typedLen=1 candidates=18 locales=1 9,3ms
07-22 22:04:27.163  8883  9240 I VkSuggestions: strip composing typedLen=1 candidates=16 autocorrect=false top=len=1 locale=en token=113 gen=6
07-22 22:04:27.164  8883  8883 I VkStripPipeline: setSuggestions composing size=16 style=1 token=113 gen=6 typed=len=1
07-22 22:04:27.164  8883  8883 I VkSuggestions: stripUi prediction=false children=5 [len=1|len=2|len=2]
07-22 22:04:27.165  8883  8883 I VkStripPipeline: slotBind composing children=5 [len=1|len=2|len=2]
07-22 22:04:27.224  8883  8883 I VkKeyPreview: dismiss key=printable reason=release_anim pool showing=0 free=1
07-22 22:04:27.311  8883  8883 I VkKeyPreview: show key=printable instant=true pool showing=1 free=0
07-22 22:04:27.311  8883  8883 I VkKeyPreview: popupAnim key=printable type=instant dur=0ms scale=1.0
07-22 22:04:27.330  8883  9240 I VkSuggestions: decode typedLen=2 candidates=18 locales=1 3,2ms
07-22 22:04:27.334  8883  9240 I VkTextCorrection: threshold len=2→len=2 score=0,238 thr=0,140 ✓
07-22 22:04:27.335  8883  9240 I VkAutocorrect: will correct: len=2 → len=2
07-22 22:04:27.335  8883  9240 I VkSuggestions: strip composing typedLen=2 candidates=19 autocorrect=true top=len=2 locale=en token=114 gen=6
07-22 22:04:27.337  8883  8883 I VkStripPipeline: setSuggestions composing size=19 style=1 token=114 gen=6 typed=len=2
07-22 22:04:27.341  8883  8883 I VkSuggestions: stripUi prediction=false children=5 [len=2|len=2|len=2]
07-22 22:04:27.342  8883  8883 I VkStripPipeline: slotBind composing children=5 [len=2|len=2|len=2]
07-22 22:04:27.416  8883  8883 I VkKeyPreview: dismiss key=printable reason=release_anim pool showing=0 free=1
07-22 22:04:27.540  8883  9240 I VkSuggestions: decode typedLen=3 candidates=18 locales=1 6,0ms
07-22 22:04:27.541  8883  9240 I VkTextCorrection: threshold len=3→len=3 score=0,003 thr=0,140 ○
07-22 22:04:27.542  8883  9240 I VkSuggestions: strip composing typedLen=3 candidates=17 autocorrect=false top=len=3 locale=en token=114 gen=6
07-22 22:04:27.543  8883  8883 I VkStripPipeline: setSuggestions composing size=17 style=1 token=114 gen=6 typed=len=3
07-22 22:04:27.545  8883  8883 I VkSuggestions: stripUi prediction=false children=5 [len=3|len=3|len=3]
07-22 22:04:27.545  8883  8883 I VkStripPipeline: slotBind composing children=5 [len=3|len=3|len=3]
07-22 22:04:27.547  8883  8883 I VkKeyPreview: show key=printable instant=true pool showing=1 free=0
07-22 22:04:27.547  8883  8883 I VkKeyPreview: popupAnim key=printable type=instant dur=0ms scale=1.0
07-22 22:04:27.618  8883  8883 I VkKeyPreview: dismiss key=printable reason=release_anim pool showing=0 free=1
07-22 22:04:27.721  8883  8883 I VkKeyPreview: show key=printable instant=true pool showing=1 free=0
07-22 22:04:27.721  8883  8883 I VkKeyPreview: popupAnim key=printable type=instant dur=0ms scale=1.0
07-22 22:04:27.737  8883  9240 I VkSuggestions: decode typedLen=4 candidates=18 locales=1 2,9ms
07-22 22:04:27.737  8883  9240 I VkTextCorrection: threshold len=4→len=4 score=0,000 thr=0,140 ○
07-22 22:04:27.738  8883  9240 I VkSuggestions: strip composing typedLen=4 candidates=17 autocorrect=false top=len=4 locale=en token=116 gen=6
07-22 22:04:27.738  8883  8883 I VkStripPipeline: setSuggestions composing size=17 style=1 token=116 gen=6 typed=len=4
07-22 22:04:27.739  8883  8883 I VkSuggestions: stripUi prediction=false children=5 [len=4|len=4|len=4]
07-22 22:04:27.739  8883  8883 I VkStripPipeline: slotBind composing children=5 [len=4|len=4|len=4]
07-22 22:04:27.801  8883  8883 I VkKeyPreview: dismiss key=printable reason=release_anim pool showing=0 free=1
07-22 22:04:27.896  8883  8883 I VkKeyPreview: show key=printable instant=true pool showing=1 free=0
07-22 22:04:27.896  8883  8883 I VkKeyPreview: popupAnim key=printable type=instant dur=0ms scale=1.0
07-22 22:04:27.905  8883  9240 I VkSuggestions: decode typedLen=5 candidates=18 locales=1 1,9ms
07-22 22:04:27.906  8883  9240 I VkTextCorrection: threshold len=5→len=6 score=0,000 thr=0,140 ○
07-22 22:04:27.906  8883  9240 I VkSuggestions: strip composing typedLen=5 candidates=18 autocorrect=false top=len=5 locale=en token=117 gen=6
07-22 22:04:27.906  8883  8883 I VkStripPipeline: setSuggestions composing size=18 style=1 token=117 gen=6 typed=len=5
07-22 22:04:27.908  8883  8883 I VkSuggestions: stripUi prediction=false children=5 [len=5|len=2|len=5]
07-22 22:04:27.908  8883  8883 I VkStripPipeline: slotBind composing children=5 [len=5|len=2|len=5]
07-22 22:04:27.984  8883  8883 I VkEffects: keyPressAnim burst=12 type=scale lastPhase=up
07-22 22:04:27.985  8883  8883 I VkKeyPreview: dismiss key=printable reason=release_anim pool showing=0 free=1
07-22 22:04:27.985  8883  8883 I VkKeyPress: keys pressed=152
07-22 22:04:28.055  8883  8883 I VkKeyPreview: show key=printable instant=true pool showing=1 free=0
07-22 22:04:28.055  8883  8883 I VkKeyPreview: popupAnim key=printable type=instant dur=0ms scale=1.0
07-22 22:04:28.086  8883  8883 I VkKeyPreview: show key=printable instant=true pool showing=2 free=0
07-22 22:04:28.086  8883  8883 I VkKeyPreview: popupAnim key=printable type=instant dur=0ms scale=1.0
07-22 22:04:28.089  8883  9240 I VkSuggestions: decode typedLen=6 candidates=18 locales=1 2,1ms
07-22 22:04:28.089  8883  9240 I VkTextCorrection: threshold len=6→len=6 score=0,000 thr=0,140 ○
07-22 22:04:28.090  8883  9240 I VkSuggestions: strip composing typedLen=6 candidates=18 autocorrect=false top=len=6 locale=en token=119 gen=6
07-22 22:04:28.090  8883  8883 I VkStripPipeline: setSuggestions composing size=18 style=1 token=119 gen=6 typed=len=6
07-22 22:04:28.091  8883  8883 I VkSuggestions: stripUi prediction=false children=5 [len=6|len=6|len=2]
07-22 22:04:28.091  8883  8883 I VkStripPipeline: slotBind composing children=5 [len=6|len=6|len=2]
07-22 22:04:28.153  8883  8883 I VkKeyPreview: dismiss key=printable reason=release_anim pool showing=1 free=1
07-22 22:04:28.177  8883  8883 I VkKeyPreview: dismiss key=printable reason=release_anim pool showing=0 free=2
07-22 22:04:28.272  8883  8883 I VkKeyPreview: show key=printable instant=true pool showing=1 free=1
07-22 22:04:28.272  8883  8883 I VkKeyPreview: popupAnim key=printable type=instant dur=0ms scale=1.0
07-22 22:04:28.288  8883  9240 I VkSuggestions: decode typedLen=8 candidates=18 locales=1 2,7ms
07-22 22:04:28.289  8883  9240 I VkTextCorrection: threshold len=8→len=10 score=0,000 thr=0,140 ○
07-22 22:04:28.289  8883  9240 I VkSuggestions: strip composing typedLen=8 candidates=19 autocorrect=false top=len=8 locale=en token=120 gen=6
07-22 22:04:28.289  8883  8883 I VkStripPipeline: setSuggestions composing size=19 style=1 token=120 gen=6 typed=len=8
07-22 22:04:28.291  8883  8883 I VkSuggestions: stripUi prediction=false children=5 [len=8|len=2|len=2]
07-22 22:04:28.291  8883  8883 I VkStripPipeline: slotBind composing children=5 [len=8|len=2|len=2]
07-22 22:04:28.394  8883  8883 I VkKeyPreview: dismiss key=printable reason=release_anim pool showing=0 free=2
07-22 22:04:28.431  8883  8883 I VkKeyPreview: show key=printable instant=true pool showing=1 free=1
07-22 22:04:28.431  8883  8883 I VkKeyPreview: popupAnim key=printable type=instant dur=0ms scale=1.0
07-22 22:04:28.499  8883  9240 I VkSuggestions: decode typedLen=9 candidates=18 locales=1 2,2ms
07-22 22:04:28.500  8883  9240 I VkTextCorrection: threshold len=9→len=11 score=0,000 thr=0,140 ○
07-22 22:04:28.500  8883  9240 I VkSuggestions: strip composing typedLen=9 candidates=19 autocorrect=false top=len=9 locale=en token=121 gen=6
07-22 22:04:28.500  8883  8883 I VkStripPipeline: setSuggestions composing size=19 style=1 token=121 gen=6 typed=len=9
07-22 22:04:28.502  8883  8883 I VkSuggestions: stripUi prediction=false children=5 [len=9|len=2|len=2]
07-22 22:04:28.502  8883  8883 I VkStripPipeline: slotBind composing children=5 [len=9|len=2|len=2]
07-22 22:04:28.561  8883  8883 I VkKeyPreview: dismiss key=printable reason=release_anim pool showing=0 free=2
07-22 22:04:28.615  8883  8883 I VkKeyPreview: show key=printable instant=true pool showing=1 free=1
07-22 22:04:28.615  8883  8883 I VkKeyPreview: popupAnim key=printable type=instant dur=0ms scale=1.0
07-22 22:04:28.665  8883  9240 I VkSuggestions: decode typedLen=10 candidates=18 locales=1 2,3ms
07-22 22:04:28.666  8883  9240 I VkTextCorrection: threshold len=10→len=12 score=0,000 thr=0,140 ○
07-22 22:04:28.666  8883  9240 I VkSuggestions: strip composing typedLen=10 candidates=19 autocorrect=false top=len=10 locale=en token=122 gen=6
07-22 22:04:28.667  8883  8883 I VkStripPipeline: setSuggestions composing size=19 style=1 token=122 gen=6 typed=len=10
07-22 22:04:28.669  8883  8883 I VkSuggestions: stripUi prediction=false children=5 [len=10|len=2|len=2]
07-22 22:04:28.669  8883  8883 I VkStripPipeline: slotBind composing children=5 [len=10|len=2|len=2]
07-22 22:04:28.703  8883  8883 I VkKeyPreview: dismiss key=printable reason=release_anim pool showing=0 free=2
07-22 22:04:28.814  8883  9240 I VkSuggestions: decode typedLen=11 candidates=18 locales=1 6,2ms
07-22 22:04:28.816  8883  9240 I VkTextCorrection: threshold len=11→len=14 score=0,000 thr=0,140 ○
07-22 22:04:28.817  8883  9240 I VkSuggestions: strip composing typedLen=11 candidates=19 autocorrect=false top=len=11 locale=en token=122 gen=6
07-22 22:04:28.817  8883  8883 I VkStripPipeline: setSuggestions composing size=19 style=1 token=122 gen=6 typed=len=11
07-22 22:04:28.821  8883  8883 I VkSuggestions: stripUi prediction=false children=5 [len=11|len=2|len=2]
07-22 22:04:28.821  8883  8883 I VkStripPipeline: slotBind composing children=5 [len=11|len=2|len=2]
07-22 22:04:28.824  8883  8883 I VkKeyPreview: show key=printable instant=true pool showing=1 free=1
07-22 22:04:28.824  8883  8883 I VkKeyPreview: popupAnim key=printable type=instant dur=0ms scale=1.0
07-22 22:04:28.880  8883  8883 I VkKeyPreview: dismiss key=printable reason=release_anim pool showing=0 free=2
07-22 22:04:28.990  8883  9240 I VkSuggestions: decode typedLen=12 candidates=18 locales=1 5,9ms
07-22 22:04:28.991  8883  9240 I VkTextCorrection: threshold len=12→len=14 score=0,000 thr=0,140 ○
07-22 22:04:28.992  8883  9240 I VkSuggestions: strip composing typedLen=12 candidates=19 autocorrect=false top=len=12 locale=en token=123 gen=6
07-22 22:04:28.992  8883  8883 I VkStripPipeline: setSuggestions composing size=19 style=1 token=123 gen=6 typed=len=12
07-22 22:04:28.996  8883  8883 I VkSuggestions: stripUi prediction=false children=5 [len=12|len=2|len=2]
07-22 22:04:28.996  8883  8883 I VkStripPipeline: slotBind composing children=5 [len=12|len=2|len=2]
07-22 22:04:29.532  8883  8883 I VkStripPipeline: langSwitch main=en-AU token=125 gen=7
07-22 22:04:29.538  8883  8883 I VkStripPipeline: setSuggestions composing size=0 style=0 token=-1 gen=-1
07-22 22:04:29.538  8883  8883 I VkStripPipeline: slotBind composing children=0 []
07-22 22:04:29.538  8883  8883 I VkLanguageSettings: select es
07-22 22:04:29.551  8883  8883 I VkDictionaries: ✓ open emoji es
07-22 22:04:29.573  8883  8883 I VkLanguageSettings: cycle dir=1 → es
07-22 22:04:29.587  8883  9824 I VkMultilingual: reset main=es locales=[es] count=1
07-22 22:04:29.589  8883  9824 I VkDictionaries: ▶ async reload main dicts locales=1
07-22 22:04:29.594  8883  9824 I VkDictionaries: ✓ open main es
07-22 22:04:29.594  8883  9824 I VkDictionaries: ✓ open emoji es
07-22 22:04:29.594  8883  9824 I VkDictionaries: collection es dicts=2 emoji=true
07-22 22:04:30.080  8883  8883 I VkKeyPreview: show key=printable instant=true pool showing=1 free=0
07-22 22:04:30.081  8883  8883 I VkKeyPreview: popupAnim key=printable type=instant dur=0ms scale=1.0
07-22 22:04:30.175  8883  8883 I VkKeyPreview: dismiss key=printable reason=release_anim pool showing=0 free=1
07-22 22:04:30.286  8883  8883 I VkKeyPreview: show key=printable instant=true pool showing=1 free=0
07-22 22:04:30.286  8883  8883 I VkKeyPreview: popupAnim key=printable type=instant dur=0ms scale=1.0
07-22 22:04:30.296  8883  9240 I VkNgram : merge locale=es prev=len=13 preds=8 contextual=0 assets=true
07-22 22:04:30.297  8883  9240 I VkSuggestions: strip prediction typedLen=0 candidates=3 autocorrect=false top=len=2 locale=es token=128 gen=7
07-22 22:04:30.298  8883  8883 I VkStripPipeline: setSuggestions prediction size=3 style=6 token=128 gen=7
07-22 22:04:30.299  8883  8883 I VkSuggestions: stripUi prediction=true children=5 [len=3|len=2|len=2]
07-22 22:04:30.299  8883  8883 I VkStripPipeline: slotBind prediction children=5 [len=3|len=2|len=2]
07-22 22:04:30.360  8883  8883 I VkKeyPreview: dismiss key=printable reason=release_anim pool showing=0 free=1
07-22 22:04:30.435  8883  8883 I VkKeyPreview: show key=printable instant=true pool showing=1 free=0
07-22 22:04:30.435  8883  8883 I VkKeyPreview: popupAnim key=printable type=instant dur=0ms scale=1.0
07-22 22:04:30.478  8883  9240 I VkNgram : merge locale=es prev=len=14 preds=8 contextual=0 assets=true
07-22 22:04:30.478  8883  9240 I VkTextCorrection: rerank prediction head len=2→len=2
07-22 22:04:30.479  8883  9240 I VkSuggestions: strip prediction typedLen=0 candidates=3 autocorrect=false top=len=2 locale=es token=129 gen=7
07-22 22:04:30.479  8883  8883 I VkStripPipeline: setSuggestions prediction size=3 style=6 token=129 gen=7
07-22 22:04:30.480  8883  8883 I VkSuggestions: stripUi prediction=true children=5 [len=2|len=2|len=3]
07-22 22:04:30.480  8883  8883 I VkStripPipeline: slotBind prediction children=5 [len=2|len=2|len=3]
07-22 22:04:30.543  8883  8883 I VkKeyPreview: dismiss key=printable reason=release_anim pool showing=0 free=1
07-22 22:04:30.614  8883  8883 I VkKeyPreview: show key=printable instant=true pool showing=1 free=0
07-22 22:04:30.614  8883  8883 I VkKeyPreview: popupAnim key=printable type=instant dur=0ms scale=1.0
07-22 22:04:30.662  8883  9240 I VkNgram : merge locale=es prev=len=15 preds=8 contextual=0 assets=true
07-22 22:04:30.662  8883  9240 I VkTextCorrection: rerank prediction head len=2→len=2
07-22 22:04:30.663  8883  9240 I VkSuggestions: strip prediction typedLen=0 candidates=3 autocorrect=false top=len=2 locale=es token=130 gen=7
07-22 22:04:30.663  8883  8883 I VkStripPipeline: setSuggestions prediction size=3 style=6 token=130 gen=7
07-22 22:04:30.665  8883  8883 I VkSuggestions: stripUi prediction=true children=5 [len=3|len=2|len=2]
07-22 22:04:30.665  8883  8883 I VkStripPipeline: slotBind prediction children=5 [len=3|len=2|len=2]
07-22 22:04:30.746  8883  8883 I VkKeyPreview: show key=printable instant=true pool showing=2 free=0
07-22 22:04:30.746  8883  8883 I VkKeyPreview: popupAnim key=printable type=instant dur=0ms scale=1.0
07-22 22:04:30.752  8883  8883 I VkKeyPreview: dismiss key=printable reason=release_anim pool showing=1 free=1
07-22 22:04:30.832  8883  8883 I VkKeyPreview: dismiss key=printable reason=release_anim pool showing=0 free=2
07-22 22:04:30.956  8883  9240 I VkNgram : merge locale=es prev=len=17 preds=8 contextual=0 assets=true
07-22 22:04:30.957  8883  9240 I VkTextCorrection: rerank prediction head len=2→len=2
07-22 22:04:30.959  8883  9240 I VkSuggestions: strip prediction typedLen=0 candidates=3 autocorrect=false top=len=2 locale=es token=131 gen=7
07-22 22:04:30.960  8883  8883 I VkStripPipeline: setSuggestions prediction size=3 style=6 token=131 gen=7
07-22 22:04:30.963  8883  8883 I VkSuggestions: stripUi prediction=true children=5 [len=2|len=2|len=3]
07-22 22:04:30.963  8883  8883 I VkStripPipeline: slotBind prediction children=5 [len=2|len=2|len=3]
07-22 22:04:30.966  8883  8883 I VkKeyPreview: show key=printable instant=true pool showing=1 free=1
07-22 22:04:30.966  8883  8883 I VkKeyPreview: popupAnim key=printable type=instant dur=0ms scale=1.0
07-22 22:04:31.027  8883  8883 I VkEffects: keyPressAnim burst=26 type=scale lastPhase=up
07-22 22:04:31.028  8883  8883 I VkKeyPreview: dismiss key=printable reason=release_anim pool showing=0 free=2
07-22 22:04:31.028  8883  8883 I VkKeyPress: keys pressed=165
07-22 22:04:31.142  8883  8883 I VkKeyPreview: show key=printable instant=true pool showing=1 free=1
07-22 22:04:31.142  8883  8883 I VkKeyPreview: popupAnim key=printable type=instant dur=0ms scale=1.0
07-22 22:04:31.147  8883  9240 I VkNgram : merge locale=es prev=len=18 preds=8 contextual=0 assets=true
07-22 22:04:31.148  8883  9240 I VkSuggestions: strip prediction typedLen=0 candidates=3 autocorrect=false top=len=2 locale=es token=133 gen=7
07-22 22:04:31.148  8883  8883 I VkStripPipeline: setSuggestions prediction size=3 style=6 token=133 gen=7
07-22 22:04:31.220  8883  8883 I VkKeyPreview: dismiss key=printable reason=release_anim pool showing=0 free=2
07-22 22:04:31.290  8883  8883 I VkKeyPreview: show key=printable instant=true pool showing=1 free=1
07-22 22:04:31.290  8883  8883 I VkKeyPreview: popupAnim key=printable type=instant dur=0ms scale=1.0
07-22 22:04:31.330  8883  9240 I VkNgram : merge locale=es prev=len=19 preds=8 contextual=0 assets=true
07-22 22:04:31.332  8883  9240 I VkSuggestions: strip prediction typedLen=0 candidates=3 autocorrect=false top=len=2 locale=es token=134 gen=7
07-22 22:04:31.332  8883  8883 I VkStripPipeline: setSuggestions prediction size=3 style=6 token=134 gen=7
07-22 22:04:31.334  8883  8883 I VkSuggestions: stripUi prediction=true children=5 [len=3|len=2|len=2]
07-22 22:04:31.334  8883  8883 I VkStripPipeline: slotBind prediction children=5 [len=3|len=2|len=2]
07-22 22:04:31.404  8883  8883 I VkKeyPreview: dismiss key=printable reason=release_anim pool showing=0 free=2
07-22 22:04:31.430  8883  8883 I VkKeyPreview: show key=printable instant=true pool showing=1 free=1
07-22 22:04:31.430  8883  8883 I VkKeyPreview: popupAnim key=printable type=instant dur=0ms scale=1.0
07-22 22:04:31.513  8883  9240 I VkNgram : merge locale=es prev=len=20 preds=8 contextual=0 assets=true
07-22 22:04:31.513  8883  9240 I VkTextCorrection: rerank prediction head len=2→len=2
07-22 22:04:31.514  8883  9240 I VkSuggestions: strip prediction typedLen=0 candidates=3 autocorrect=false top=len=2 locale=es token=135 gen=7
07-22 22:04:31.514  8883  8883 I VkStripPipeline: setSuggestions prediction size=3 style=6 token=135 gen=7
07-22 22:04:31.515  8883  8883 I VkSuggestions: stripUi prediction=true children=5 [len=2|len=2|len=3]
07-22 22:04:31.515  8883  8883 I VkStripPipeline: slotBind prediction children=5 [len=2|len=2|len=3]
07-22 22:04:31.554  8883  8883 I VkKeyPreview: dismiss key=printable reason=release_anim pool showing=0 free=2
07-22 22:04:31.566  8883  8883 I VkKeyPreview: show key=printable instant=true pool showing=1 free=1
07-22 22:04:31.566  8883  8883 I VkKeyPreview: popupAnim key=printable type=instant dur=0ms scale=1.0
07-22 22:04:31.646  8883  8883 I VkKeyPreview: dismiss key=printable reason=release_anim pool showing=0 free=2
07-22 22:04:31.725  8883  8883 I VkKeyPreview: show key=printable instant=true pool showing=1 free=1
07-22 22:04:31.725  8883  8883 I VkKeyPreview: popupAnim key=printable type=instant dur=0ms scale=1.0
07-22 22:04:31.764  8883  9240 I VkNgram : merge locale=es prev=len=22 preds=8 contextual=0 assets=true
07-22 22:04:31.764  8883  9240 I VkTextCorrection: rerank prediction head len=2→len=2
07-22 22:04:31.765  8883  9240 I VkSuggestions: strip prediction typedLen=0 candidates=3 autocorrect=false top=len=2 locale=es token=137 gen=7
07-22 22:04:31.766  8883  8883 I VkStripPipeline: setSuggestions prediction size=3 style=6 token=137 gen=7
07-22 22:04:31.821  8883  8883 I VkKeyPreview: dismiss key=printable reason=release_anim pool showing=0 free=2
07-22 22:04:31.834  8883  8883 I VkKeyPreview: show key=printable instant=true pool showing=1 free=1
07-22 22:04:31.834  8883  8883 I VkKeyPreview: popupAnim key=printable type=instant dur=0ms scale=1.0
07-22 22:04:31.931  8883  9240 I VkNgram : merge locale=es prev=len=23 preds=8 contextual=0 assets=true
07-22 22:04:31.931  8883  9240 I VkTextCorrection: rerank prediction head len=2→len=3
07-22 22:04:31.932  8883  9240 I VkSuggestions: strip prediction typedLen=0 candidates=3 autocorrect=false top=len=3 locale=es token=138 gen=7
07-22 22:04:31.932  8883  8883 I VkStripPipeline: setSuggestions prediction size=3 style=6 token=138 gen=7
07-22 22:04:31.933  8883  8883 I VkSuggestions: stripUi prediction=true children=5 [len=2|len=3|len=2]
07-22 22:04:31.933  8883  8883 I VkStripPipeline: slotBind prediction children=5 [len=2|len=3|len=2]
07-22 22:04:31.949  8883  8883 I VkKeyPreview: dismiss key=printable reason=release_anim pool showing=0 free=2
07-22 22:04:32.066  8883  9240 I VkNgram : merge locale=es prev=len=24 preds=8 contextual=0 assets=true
07-22 22:04:32.067  8883  9240 I VkSuggestions: strip prediction typedLen=0 candidates=3 autocorrect=false top=len=2 locale=es token=138 gen=7
07-22 22:04:32.068  8883  8883 I VkSuggestions: stripUi prediction=true children=5 [len=2|len=2|len=3]
07-22 22:04:32.069  8883  8883 I VkStripPipeline: slotBind prediction children=5 [len=2|len=2|len=3]
07-22 22:04:32.185  8883  8883 I VkKeyPreview: show key=printable instant=true pool showing=1 free=1
07-22 22:04:32.185  8883  8883 I VkKeyPreview: popupAnim key=printable type=instant dur=0ms scale=1.0
07-22 22:04:32.282  8883  8883 I VkKeyPreview: dismiss key=printable reason=release_anim pool showing=0 free=2
07-22 22:04:32.385  8883  8883 I VkKeyPreview: show key=printable instant=true pool showing=1 free=1
07-22 22:04:32.385  8883  8883 I VkKeyPreview: popupAnim key=printable type=instant dur=0ms scale=1.0
07-22 22:04:32.399  8883  9240 I VkNgram : merge locale=es prev=len=25 preds=8 contextual=0 assets=true
07-22 22:04:32.400  8883  9240 I VkSuggestions: strip prediction typedLen=0 candidates=3 autocorrect=false top=len=2 locale=es token=140 gen=7
07-22 22:04:32.400  8883  8883 I VkStripPipeline: setSuggestions prediction size=3 style=6 token=140 gen=7
07-22 22:04:32.401  8883  8883 I VkSuggestions: stripUi prediction=true children=5 [len=2|len=2|len=2]
07-22 22:04:32.401  8883  8883 I VkStripPipeline: slotBind prediction children=5 [len=2|len=2|len=2]
07-22 22:04:32.474  8883  8883 I VkKeyPreview: dismiss key=printable reason=release_anim pool showing=0 free=2
07-22 22:04:32.563  8883  8883 I VkKeyPreview: show key=printable instant=true pool showing=1 free=1
07-22 22:04:32.563  8883  8883 I VkKeyPreview: popupAnim key=printable type=instant dur=0ms scale=1.0
07-22 22:04:32.583  8883  9240 I VkNgram : merge locale=es prev=len=26 preds=8 contextual=0 assets=true
07-22 22:04:32.584  8883  9240 I VkTextCorrection: rerank prediction head len=2→len=2
07-22 22:04:32.584  8883  9240 I VkSuggestions: strip prediction typedLen=0 candidates=3 autocorrect=false top=len=2 locale=es token=141 gen=7
07-22 22:04:32.584  8883  8883 I VkStripPipeline: setSuggestions prediction size=3 style=6 token=141 gen=7
07-22 22:04:32.666  8883  8883 I VkKeyPreview: dismiss key=printable reason=release_anim pool showing=0 free=2
07-22 22:04:32.787  8883  9240 I VkNgram : merge locale=es prev=len=27 preds=8 contextual=0 assets=true
07-22 22:04:32.788  8883  9240 I VkTextCorrection: rerank prediction head len=2→len=2
07-22 22:04:33.216  8883  8883 I VkKeyPreview: show key=printable instant=true pool showing=1 free=1
07-22 22:04:33.216  8883  8883 I VkKeyPreview: popupAnim key=printable type=instant dur=0ms scale=1.0
07-22 22:04:33.285  8883  8883 I VkKeyPreview: dismiss key=printable reason=release_anim pool showing=0 free=2
07-22 22:04:33.402  8883  9240 I VkNgram : merge locale=es prev=len=28 preds=8 contextual=0 assets=true
07-22 22:04:33.403  8883  9240 I VkTextCorrection: rerank prediction head len=2→len=2
07-22 22:04:33.403  8883  9240 I VkSuggestions: strip prediction typedLen=0 candidates=3 autocorrect=false top=len=2 locale=es token=142 gen=7
07-22 22:04:33.403  8883  8883 I VkStripPipeline: setSuggestions prediction size=3 style=6 token=142 gen=7
07-22 22:04:33.404  8883  8883 I VkSuggestions: stripUi prediction=true children=5 [len=3|len=2|len=2]
07-22 22:04:33.404  8883  8883 I VkStripPipeline: slotBind prediction children=5 [len=3|len=2|len=2]
07-22 22:04:33.406  8883  8883 I VkKeyPreview: show key=printable instant=true pool showing=1 free=1
07-22 22:04:33.406  8883  8883 I VkKeyPreview: popupAnim key=printable type=instant dur=0ms scale=1.0
07-22 22:04:33.502  8883  8883 I VkKeyPreview: dismiss key=printable reason=release_anim pool showing=0 free=2
07-22 22:04:33.539  8883  8883 I VkKeyPreview: show key=printable instant=true pool showing=1 free=1
07-22 22:04:33.539  8883  8883 I VkKeyPreview: popupAnim key=printable type=instant dur=0ms scale=1.0
07-22 22:04:33.620  8883  9240 I VkNgram : merge locale=es prev=len=29 preds=8 contextual=0 assets=true
07-22 22:04:33.620  8883  9240 I VkSuggestions: strip prediction typedLen=0 candidates=3 autocorrect=false top=len=2 locale=es token=144 gen=7
07-22 22:04:33.620  8883  8883 I VkStripPipeline: setSuggestions prediction size=3 style=6 token=144 gen=7
07-22 22:04:33.621  8883  8883 I VkSuggestions: stripUi prediction=true children=5 [len=3|len=2|len=3]
07-22 22:04:33.622  8883  8883 I VkStripPipeline: slotBind prediction children=5 [len=3|len=2|len=3]
07-22 22:04:33.661  8883  8883 I VkKeyPreview: dismiss key=printable reason=release_anim pool showing=0 free=2
07-22 22:04:33.771  8883  9240 I VkNgram : merge locale=es prev=len=30 preds=8 contextual=0 assets=true
07-22 22:04:33.773  8883  8883 I VkSuggestions: stripUi prediction=true children=5 [len=2|len=2|len=3]
07-22 22:04:33.773  8883  8883 I VkStripPipeline: slotBind prediction children=5 [len=2|len=2|len=3]
07-22 22:04:34.696  8883  8883 I VkEffects: keyPressAnim burst=25 type=scale lastPhase=down
07-22 22:04:34.696  8883  8883 I VkKeyPreview: show key=printable instant=true pool showing=1 free=1
07-22 22:04:34.696  8883  8883 I VkKeyPreview: popupAnim key=printable type=instant dur=0ms scale=1.0
07-22 22:04:34.996  8883  8883 I VkEffects: longPressGlow key=printable type=none
07-22 22:04:34.997  8883  8883 I VkKeyPreview: dismiss key=printable reason=release pool showing=0 free=2
07-22 22:04:35.418  8883  8883 I VkKeyPress: keys pressed=178
07-22 22:04:35.545  8883  9240 I VkNgram : merge locale=es prev=len=31 preds=8 contextual=0 assets=true
07-22 22:04:35.546  8883  9240 I VkTextCorrection: rerank prediction head len=2→len=3
07-22 22:04:35.546  8883  9240 I VkSuggestions: strip prediction typedLen=0 candidates=3 autocorrect=false top=len=3 locale=es token=145 gen=7
07-22 22:04:35.547  8883  8883 I VkStripPipeline: setSuggestions prediction size=3 style=6 token=145 gen=7
07-22 22:04:35.548  8883  8883 I VkSuggestions: stripUi prediction=true children=5 [len=2|len=3|len=2]
07-22 22:04:35.548  8883  8883 I VkStripPipeline: slotBind prediction children=5 [len=2|len=3|len=2]
07-22 22:04:35.798  8883  8883 I VkKeyPreview: show key=printable instant=true pool showing=1 free=1
07-22 22:04:35.798  8883  8883 I VkKeyPreview: popupAnim key=printable type=instant dur=0ms scale=1.0
07-22 22:04:35.851  8883  8883 I VkKeyPreview: dismiss key=printable reason=release_anim pool showing=0 free=2
07-22 22:04:35.961  8883  9240 I VkNgram : merge locale=es prev=len=32 preds=8 contextual=0 assets=true
07-22 22:04:35.961  8883  9240 I VkTextCorrection: rerank prediction head len=2→len=2
07-22 22:04:35.962  8883  9240 I VkSuggestions: strip prediction typedLen=0 candidates=3 autocorrect=false top=len=2 locale=es token=146 gen=7
07-22 22:04:35.962  8883  8883 I VkStripPipeline: setSuggestions prediction size=3 style=6 token=146 gen=7
07-22 22:04:35.963  8883  8883 I VkSuggestions: stripUi prediction=true children=5 [len=3|len=2|len=2]
07-22 22:04:35.963  8883  8883 I VkStripPipeline: slotBind prediction children=5 [len=3|len=2|len=2]
07-22 22:04:36.257  8883  8883 I VkKeyPreview: show key=printable instant=true pool showing=1 free=1
07-22 22:04:36.257  8883  8883 I VkKeyPreview: popupAnim key=printable type=instant dur=0ms scale=1.0
07-22 22:04:36.555  8883  8883 I VkEffects: longPressGlow key=printable type=none
07-22 22:04:36.556  8883  8883 I VkKeyPreview: dismiss key=printable reason=release pool showing=0 free=2
07-22 22:04:37.638  8883  9240 I VkNgram : merge locale=es prev=len=33 preds=8 contextual=0 assets=true
07-22 22:04:37.639  8883  9240 I VkTextCorrection: rerank prediction head len=2→len=2
07-22 22:04:37.640  8883  9240 I VkSuggestions: strip prediction typedLen=0 candidates=3 autocorrect=false top=len=2 locale=es token=147 gen=7
07-22 22:04:37.641  8883  8883 I VkStripPipeline: setSuggestions prediction size=3 style=6 token=147 gen=7
07-22 22:04:37.643  8883  8883 I VkSuggestions: stripUi prediction=true children=5 [len=2|len=2|len=2]
07-22 22:04:37.643  8883  8883 I VkStripPipeline: slotBind prediction children=5 [len=2|len=2|len=2]
07-22 22:04:37.949  8883  8883 I VkEffects: keyPressAnim burst=10 type=scale lastPhase=down
07-22 22:04:37.951  8883  8883 I VkKeyPreview: show key=printable instant=true pool showing=1 free=1
07-22 22:04:37.951  8883  8883 I VkKeyPreview: popupAnim key=printable type=instant dur=0ms scale=1.0
07-22 22:04:38.249  8883  8883 I VkEffects: longPressGlow key=printable type=none
07-22 22:04:38.250  8883  8883 I VkKeyPreview: dismiss key=printable reason=release pool showing=0 free=2
07-22 22:04:38.675  8883  8883 I VkKeyPress: keys pressed=181
07-22 22:04:38.780  8883  9240 I VkNgram : merge locale=es prev=len=34 preds=8 contextual=0 assets=true
07-22 22:04:38.782  8883  9240 I VkSuggestions: strip prediction typedLen=0 candidates=3 autocorrect=false top=len=2 locale=es token=148 gen=7
07-22 22:04:38.783  8883  8883 I VkStripPipeline: setSuggestions prediction size=3 style=6 token=148 gen=7
07-22 22:04:38.785  8883  8883 I VkSuggestions: stripUi prediction=true children=5 [len=3|len=2|len=2]
07-22 22:04:38.785  8883  8883 I VkStripPipeline: slotBind prediction children=5 [len=3|len=2|len=2]
07-22 22:04:38.941  8883  8883 I VkKeyPreview: show key=printable instant=true pool showing=1 free=1
07-22 22:04:38.941  8883  8883 I VkKeyPreview: popupAnim key=printable type=instant dur=0ms scale=1.0
07-22 22:04:39.241  8883  8883 I VkEffects: longPressGlow key=printable type=none
07-22 22:04:39.242  8883  8883 I VkKeyPreview: dismiss key=printable reason=release pool showing=0 free=2
07-22 22:04:41.015  8883  8883 I VkEffects: keyPressAnim burst=7 type=scale lastPhase=up
07-22 22:04:41.135  8883  9240 W VibeKeyProfiler: Slow Native Suggest: Total=10.77ms | Init=0.02ms | TrieExpand(x19)=10.68ms | Scoring=0.07ms | inputSize=1
07-22 22:04:41.148  8883  9240 W VibeKeyProfiler: Slow Native Suggest: Total=11.70ms | Init=0.03ms | TrieExpand(x14)=11.62ms | Scoring=0.06ms | inputSize=1
07-22 22:04:41.149  8883  9240 I VkSuggestions: decode typedLen=1 candidates=18 locales=1 25,0ms
07-22 22:04:41.150  8883  9240 W VkSuggestions: slow frame 25,0ms locales=1 typedLen=1 candidates=18
07-22 22:04:41.157  8883  9240 I VkSuggestions: strip composing typedLen=1 candidates=19 autocorrect=false top=len=1 locale=es token=149 gen=7
07-22 22:04:41.157  8883  8883 I VkStripPipeline: setSuggestions composing size=19 style=1 token=149 gen=7 typed=len=1
07-22 22:04:41.159  8883  8883 I VkSuggestions: stripUi prediction=false children=5 [len=1|len=4|len=5]
07-22 22:04:41.159  8883  8883 I VkStripPipeline: slotBind composing children=5 [len=1|len=4|len=5]
07-22 22:04:41.367  8883  8883 I VkKeyPreview: show key=printable instant=true pool showing=1 free=1
07-22 22:04:41.367  8883  8883 I VkKeyPreview: popupAnim key=printable type=instant dur=0ms scale=1.0
07-22 22:04:41.666  8883  8883 I VkEffects: longPressGlow key=printable type=none
07-22 22:04:41.667  8883  8883 I VkKeyPreview: dismiss key=printable reason=release pool showing=0 free=2
07-22 22:04:42.770  8883  8883 I VkKeyPress: keys pressed=183
07-22 22:04:42.891  8883  9240 I VkSuggestions: decode typedLen=2 candidates=18 locales=1 12,5ms
07-22 22:04:42.893  8883  9240 I VkSuggestions: strip composing typedLen=2 candidates=19 autocorrect=false top=len=2 locale=es token=150 gen=7
07-22 22:04:42.894  8883  8883 I VkStripPipeline: setSuggestions composing size=19 style=1 token=150 gen=7 typed=len=2
07-22 22:04:42.895  8883  8883 I VkSuggestions: stripUi prediction=false children=5 [len=2|len=2|len=2]
07-22 22:04:42.896  8883  8883 I VkStripPipeline: slotBind composing children=5 [len=2|len=2|len=2]
07-22 22:04:44.416  8883  8883 I VkEffects: keyPressAnim burst=5 type=scale lastPhase=down
07-22 22:04:44.418  8883  8883 I VkKeyPreview: show key=printable instant=true pool showing=1 free=1
07-22 22:04:44.418  8883  8883 I VkKeyPreview: popupAnim key=printable type=instant dur=0ms scale=1.0
07-22 22:04:44.717  8883  8883 I VkEffects: longPressGlow key=printable type=none
07-22 22:04:44.718  8883  8883 I VkKeyPreview: dismiss key=printable reason=release pool showing=0 free=2
07-22 22:04:45.613  8883  9240 W VibeKeyProfiler: Slow Native Suggest: Total=9.71ms | Init=0.15ms | TrieExpand(x9)=9.49ms | Scoring=0.06ms | inputSize=3
07-22 22:04:45.614  8883  9240 I VkSuggestions: decode typedLen=3 candidates=18 locales=1 17,5ms
07-22 22:04:45.614  8883  9240 W VkSuggestions: slow frame 17,5ms locales=1 typedLen=3 candidates=18
07-22 22:04:45.618  8883  9240 I VkSuggestions: strip composing typedLen=3 candidates=19 autocorrect=false top=len=3 locale=es token=151 gen=7
07-22 22:04:45.619  8883  8883 I VkStripPipeline: setSuggestions composing size=19 style=1 token=151 gen=7 typed=len=3
07-22 22:04:45.620  8883  8883 I VkSuggestions: stripUi prediction=false children=5 [len=3|len=2|len=5]
07-22 22:04:45.620  8883  8883 I VkStripPipeline: slotBind composing children=5 [len=3|len=2|len=5]
07-22 22:04:45.866  8883  8883 I VkKeyPreview: show key=printable instant=true pool showing=1 free=1
07-22 22:04:45.866  8883  8883 I VkKeyPreview: popupAnim key=printable type=instant dur=0ms scale=1.0
07-22 22:04:46.164  8883  8883 I VkEffects: longPressGlow key=printable type=none
07-22 22:04:46.166  8883  8883 I VkKeyPreview: dismiss key=printable reason=release pool showing=0 free=2
07-22 22:04:46.683  8883  8883 I VkKeyPress: keys pressed=185
07-22 22:04:46.806  8883  9240 W VibeKeyProfiler: Slow Native Suggest: Total=9.92ms | Init=0.11ms | TrieExpand(x4)=9.75ms | Scoring=0.05ms | inputSize=4
07-22 22:04:46.807  8883  9240 I VkSuggestions: decode typedLen=4 candidates=18 locales=1 16,5ms
07-22 22:04:46.807  8883  9240 W VkSuggestions: slow frame 16,5ms locales=1 typedLen=4 candidates=18
07-22 22:04:46.811  8883  9240 I VkSuggestions: strip composing typedLen=4 candidates=18 autocorrect=false top=len=4 locale=es token=152 gen=7
07-22 22:04:46.812  8883  8883 I VkStripPipeline: setSuggestions composing size=18 style=1 token=152 gen=7 typed=len=4
07-22 22:04:46.814  8883  8883 I VkSuggestions: stripUi prediction=false children=5 [len=4|len=2|len=2]
07-22 22:04:46.814  8883  8883 I VkStripPipeline: slotBind composing children=5 [len=4|len=2|len=2]
07-22 22:04:47.090  8883  8883 I VkKeyPreview: show key=printable instant=true pool showing=1 free=1
07-22 22:04:47.091  8883  8883 I VkKeyPreview: popupAnim key=printable type=instant dur=0ms scale=1.0
07-22 22:04:47.389  8883  8883 I VkEffects: longPressGlow key=printable type=none
07-22 22:04:47.390  8883  8883 I VkKeyPreview: dismiss key=printable reason=release pool showing=0 free=2
07-22 22:04:47.921  8883  8883 I VkEffects: keyPressAnim burst=11 type=scale lastPhase=up
07-22 22:04:48.041  8883  9240 I VkSuggestions: decode typedLen=5 candidates=18 locales=1 9,2ms
07-22 22:04:48.044  8883  9240 I VkSuggestions: strip composing typedLen=5 candidates=18 autocorrect=false top=len=5 locale=es token=153 gen=7
07-22 22:04:48.045  8883  8883 I VkStripPipeline: setSuggestions composing size=18 style=1 token=153 gen=7 typed=len=5
07-22 22:04:48.047  8883  8883 I VkSuggestions: stripUi prediction=false children=5 [len=5|len=2|len=2]
07-22 22:04:48.047  8883  8883 I VkStripPipeline: slotBind composing children=5 [len=5|len=2|len=2]
07-22 22:04:48.096  8883  8883 I VkKeyPreview: show key=printable instant=true pool showing=1 free=1
07-22 22:04:48.096  8883  8883 I VkKeyPreview: popupAnim key=printable type=instant dur=0ms scale=1.0
07-22 22:04:48.395  8883  8883 I VkEffects: longPressGlow key=printable type=none
07-22 22:04:48.396  8883  8883 I VkKeyPreview: dismiss key=printable reason=release pool showing=0 free=2
07-22 22:04:49.194  8883  9240 I VkSuggestions: decode typedLen=6 candidates=0 locales=1 4,5ms
07-22 22:04:49.196  8883  9240 I VkSuggestions: strip composing typedLen=6 candidates=1 autocorrect=false top=len=6 locale=es token=154 gen=7
07-22 22:04:49.197  8883  8883 I VkStripPipeline: setSuggestions composing size=18 style=1 token=154 gen=7 typed=len=6
07-22 22:04:49.200  8883  8883 I VkSuggestions: stripUi prediction=false children=5 [len=6|len=2|len=2]
07-22 22:04:49.200  8883  8883 I VkStripPipeline: slotBind composing children=5 [len=6|len=2|len=2]
07-22 22:04:49.445  8883  8883 I VkKeyPreview: show key=printable instant=true pool showing=1 free=1
07-22 22:04:49.445  8883  8883 I VkKeyPreview: popupAnim key=printable type=instant dur=0ms scale=1.0
07-22 22:04:49.743  8883  8883 I VkEffects: longPressGlow key=printable type=none
07-22 22:04:49.744  8883  8883 I VkKeyPreview: dismiss key=printable reason=release pool showing=0 free=2
07-22 22:04:50.175  8883  8883 I VkKeyPress: keys pressed=188
07-22 22:04:50.283  8883  9240 I VkSuggestions: decode typedLen=7 candidates=0 locales=1 2,7ms
07-22 22:04:50.285  8883  9240 I VkSuggestions: strip composing typedLen=7 candidates=1 autocorrect=false top=len=7 locale=es token=155 gen=7
07-22 22:04:50.285  8883  8883 I VkStripPipeline: setSuggestions composing size=18 style=1 token=155 gen=7 typed=len=7
07-22 22:04:50.290  8883  8883 I VkSuggestions: stripUi prediction=false children=5 [len=7|len=2|len=2]
07-22 22:04:50.290  8883  8883 I VkStripPipeline: slotBind composing children=5 [len=7|len=2|len=2]
07-22 22:04:50.314  8883  8883 I VkKeyPreview: show key=printable instant=true pool showing=1 free=1
07-22 22:04:50.314  8883  8883 I VkKeyPreview: popupAnim key=printable type=instant dur=0ms scale=1.0
07-22 22:04:50.398  8883  8883 I VkKeyPreview: dismiss key=printable reason=release_anim pool showing=0 free=2
07-22 22:04:50.485  8883  8883 I VkKeyPreview: show key=printable instant=true pool showing=1 free=1
07-22 22:04:50.485  8883  8883 I VkKeyPreview: popupAnim key=printable type=instant dur=0ms scale=1.0
07-22 22:04:50.505  8883  9240 I VkSuggestions: decode typedLen=8 candidates=15 locales=1 4,1ms
07-22 22:04:50.506  8883  9240 I VkSuggestions: strip composing typedLen=8 candidates=15 autocorrect=false top=len=8 locale=es token=157 gen=7
07-22 22:04:50.507  8883  8883 I VkStripPipeline: setSuggestions composing size=15 style=1 token=157 gen=7 typed=len=8
07-22 22:04:50.511  8883  8883 I VkSuggestions: stripUi prediction=false children=5 [len=8|len=2|len=4]
07-22 22:04:50.512  8883  8883 I VkStripPipeline: slotBind composing children=5 [len=8|len=2|len=4]
07-22 22:04:50.573  8883  8883 I VkKeyPreview: dismiss key=printable reason=release_anim pool showing=0 free=2
07-22 22:04:50.646  8883  8883 I VkKeyPreview: show key=printable instant=true pool showing=1 free=1
07-22 22:04:50.646  8883  8883 I VkKeyPreview: popupAnim key=printable type=instant dur=0ms scale=1.0
07-22 22:04:50.681  8883  9240 I VkSuggestions: decode typedLen=9 candidates=18 locales=1 5,2ms
07-22 22:04:50.682  8883  9240 I VkSuggestions: strip composing typedLen=9 candidates=18 autocorrect=false top=len=9 locale=es token=158 gen=7
07-22 22:04:50.682  8883  8883 I VkStripPipeline: setSuggestions composing size=18 style=1 token=158 gen=7 typed=len=9
07-22 22:04:50.684  8883  8883 I VkSuggestions: stripUi prediction=false children=5 [len=9|len=2|len=2]
07-22 22:04:50.684  8883  8883 I VkStripPipeline: slotBind composing children=5 [len=9|len=2|len=2]
07-22 22:04:50.742  8883  8883 I VkKeyPreview: dismiss key=printable reason=release_anim pool showing=0 free=2
07-22 22:04:50.784  8883  8883 I VkKeyPreview: show key=printable instant=true pool showing=1 free=1
07-22 22:04:50.784  8883  8883 I VkKeyPreview: popupAnim key=printable type=instant dur=0ms scale=1.0
07-22 22:04:50.851  8883  9240 I VkSuggestions: decode typedLen=10 candidates=18 locales=1 6,0ms
07-22 22:04:50.852  8883  9240 I VkSuggestions: strip composing typedLen=10 candidates=18 autocorrect=false top=len=10 locale=es token=159 gen=7
07-22 22:04:50.853  8883  8883 I VkStripPipeline: setSuggestions composing size=18 style=1 token=159 gen=7 typed=len=10
07-22 22:04:50.854  8883  8883 I VkSuggestions: stripUi prediction=false children=5 [len=10|len=2|len=2]
07-22 22:04:50.854  8883  8883 I VkStripPipeline: slotBind composing children=5 [len=10|len=2|len=2]
07-22 22:04:50.902  8883  8883 I VkKeyPreview: show key=printable instant=true pool showing=2 free=0
07-22 22:04:50.902  8883  8883 I VkKeyPreview: popupAnim key=printable type=instant dur=0ms scale=1.0
07-22 22:04:50.909  8883  8883 I VkKeyPreview: dismiss key=printable reason=release_anim pool showing=1 free=1
07-22 22:04:50.968  8883  8883 I VkEffects: keyPressAnim burst=18 type=scale lastPhase=up
07-22 22:04:50.968  8883  8883 I VkKeyPreview: dismiss key=printable reason=release_anim pool showing=0 free=2
07-22 22:04:51.053  8883  8883 I VkKeyPreview: show key=printable instant=true pool showing=1 free=1
07-22 22:04:51.053  8883  8883 I VkKeyPreview: popupAnim key=printable type=instant dur=0ms scale=1.0
07-22 22:04:51.076  8883  9240 I VkSuggestions: decode typedLen=12 candidates=18 locales=1 5,1ms
07-22 22:04:51.077  8883  9240 I VkSuggestions: strip composing typedLen=12 candidates=18 autocorrect=false top=len=12 locale=es token=161 gen=7
07-22 22:04:51.077  8883  8883 I VkStripPipeline: setSuggestions composing size=18 style=1 token=161 gen=7 typed=len=12
07-22 22:04:51.079  8883  8883 I VkSuggestions: stripUi prediction=false children=5 [len=12|len=2|len=2]
07-22 22:04:51.079  8883  8883 I VkStripPipeline: slotBind composing children=5 [len=12|len=2|len=2]
07-22 22:04:51.135  8883  8883 I VkKeyPreview: dismiss key=printable reason=release_anim pool showing=0 free=2
07-22 22:04:51.221  8883  8883 I VkKeyPreview: show key=printable instant=true pool showing=1 free=1
07-22 22:04:51.221  8883  8883 I VkKeyPreview: popupAnim key=printable type=instant dur=0ms scale=1.0
07-22 22:04:51.242  8883  9240 I VkSuggestions: decode typedLen=13 candidates=18 locales=1 5,4ms
07-22 22:04:51.244  8883  9240 I VkSuggestions: strip composing typedLen=13 candidates=18 autocorrect=false top=len=13 locale=es token=162 gen=7
07-22 22:04:51.244  8883  8883 I VkStripPipeline: setSuggestions composing size=18 style=1 token=162 gen=7 typed=len=13
07-22 22:04:51.245  8883  8883 I VkSuggestions: stripUi prediction=false children=5 [len=13|len=2|len=2]
07-22 22:04:51.245  8883  8883 I VkStripPipeline: slotBind composing children=5 [len=13|len=2|len=2]
07-22 22:04:51.301  8883  8883 I VkKeyPreview: dismiss key=printable reason=release_anim pool showing=0 free=2
07-22 22:04:51.363  8883  8883 I VkKeyPreview: show key=printable instant=true pool showing=1 free=1
07-22 22:04:51.363  8883  8883 I VkKeyPreview: popupAnim key=printable type=instant dur=0ms scale=1.0
07-22 22:04:51.410  8883  9240 I VkSuggestions: decode typedLen=14 candidates=18 locales=1 5,6ms
07-22 22:04:51.411  8883  9240 I VkSuggestions: strip composing typedLen=14 candidates=18 autocorrect=false top=len=14 locale=es token=163 gen=7
07-22 22:04:51.412  8883  8883 I VkStripPipeline: setSuggestions composing size=18 style=1 token=163 gen=7 typed=len=14
07-22 22:04:51.413  8883  8883 I VkSuggestions: stripUi prediction=false children=5 [len=14|len=2|len=2]
07-22 22:04:51.413  8883  8883 I VkStripPipeline: slotBind composing children=5 [len=14|len=2|len=2]
07-22 22:04:51.478  8883  8883 I VkKeyPreview: dismiss key=printable reason=release_anim pool showing=0 free=2
07-22 22:04:51.531  8883  8883 I VkKeyPreview: show key=printable instant=true pool showing=1 free=1
07-22 22:04:51.531  8883  8883 I VkKeyPreview: popupAnim key=printable type=instant dur=0ms scale=1.0
07-22 22:04:51.588  8883  9240 I VkSuggestions: decode typedLen=15 candidates=18 locales=1 6,9ms
07-22 22:04:51.590  8883  9240 I VkSuggestions: strip composing typedLen=15 candidates=18 autocorrect=false top=len=15 locale=es token=164 gen=7
07-22 22:04:51.590  8883  8883 I VkStripPipeline: setSuggestions composing size=18 style=1 token=164 gen=7 typed=len=15
07-22 22:04:51.592  8883  8883 I VkSuggestions: stripUi prediction=false children=5 [len=15|len=2|len=2]
07-22 22:04:51.592  8883  8883 I VkStripPipeline: slotBind composing children=5 [len=15|len=2|len=2]
07-22 22:04:51.635  8883  8883 I VkKeyPreview: dismiss key=printable reason=release_anim pool showing=0 free=2
07-22 22:04:51.748  8883  9240 I VkSuggestions: decode typedLen=16 candidates=18 locales=1 8,5ms
07-22 22:04:51.750  8883  9240 I VkSuggestions: strip composing typedLen=16 candidates=18 autocorrect=false top=len=16 locale=es token=164 gen=7
07-22 22:04:51.751  8883  8883 I VkStripPipeline: setSuggestions composing size=18 style=1 token=164 gen=7 typed=len=16
07-22 22:04:51.753  8883  8883 I VkSuggestions: stripUi prediction=false children=5 [len=16|len=2|len=2]
07-22 22:04:51.753  8883  8883 I VkStripPipeline: slotBind composing children=5 [len=16|len=2|len=2]
07-22 22:04:53.194  8883  9240 I VkSuggestions: decode typedLen=33 candidates=18 locales=1 13,8ms
07-22 22:04:53.196  8883  9240 I VkSuggestions: strip composing typedLen=33 candidates=18 autocorrect=false top=len=33 locale=es token=165 gen=7
07-22 22:04:53.197  8883  8883 I VkStripPipeline: setSuggestions composing size=18 style=1 token=165 gen=7 typed=len=33
07-22 22:04:53.200  8883  8883 I VkSuggestions: stripUi prediction=false children=5 [len=33|len=3|len=3]
07-22 22:04:53.200  8883  8883 I VkStripPipeline: slotBind composing children=5 [len=33|len=3|len=3]
07-22 22:04:53.211  8883  8883 I VkKeyPress: keys pressed=215
07-22 22:04:54.983  8883  8883 W VkStall : MAIN-THREAD STALL 148ms during: >>>>> Dispatching to Handler (s8.t0) {da2fe36} null: 1
07-22 22:04:55.085  8883  9240 I VkNgram : merge locale=es prev=len=0 preds=8 contextual=0 assets=true
07-22 22:04:55.086  8883  9240 I VkSuggestions: strip prediction typedLen=0 candidates=3 autocorrect=false top=len=2 locale=es token=165 gen=7
07-22 22:04:55.098  8883  8883 I VkStripPipeline: setSuggestions prediction size=3 style=7 token=165 gen=7
07-22 22:04:55.102  8883  8883 I VkSuggestions: stripUi prediction=true children=5 [len=2|len=2|len=3]
07-22 22:04:55.102  8883  8883 I VkStripPipeline: slotBind prediction children=5 [len=2|len=2|len=3]
07-22 22:04:55.250  8883  8883 I VkEffects: keyPressAnim burst=10 type=scale lastPhase=up
07-22 22:04:55.582  8883  8883 I VkKeyPreview: show key=printable instant=true pool showing=1 free=1
07-22 22:04:55.583  8883  8883 I VkKeyPreview: popupAnim key=printable type=instant dur=0ms scale=1.0
07-22 22:04:55.684  8883  8883 I VkKeyPreview: dismiss key=printable reason=release_anim pool showing=0 free=2
07-22 22:04:55.788  8883  8883 I VkKeyPreview: show key=printable instant=true pool showing=1 free=1
07-22 22:04:55.788  8883  8883 I VkKeyPreview: popupAnim key=printable type=instant dur=0ms scale=1.0
07-22 22:04:55.797  8883  9240 I VkSuggestions: decode typedLen=1 candidates=18 locales=1 7,7ms
07-22 22:04:55.797  8883  9240 I VkTextCorrection: rerank composing head len=5→len=3
07-22 22:04:55.798  8883  9240 I VkTextCorrection: threshold len=1→len=3 score=0,000 thr=0,140 ○
07-22 22:04:55.798  8883  9240 I VkSuggestions: strip composing typedLen=1 candidates=18 autocorrect=false top=len=1 locale=es token=167 gen=7
07-22 22:04:55.798  8883  8883 I VkStripPipeline: setSuggestions composing size=18 style=1 token=167 gen=7 typed=len=1
07-22 22:04:55.800  8883  8883 I VkSuggestions: stripUi prediction=false children=5 [len=1|len=3|len=4]
07-22 22:04:55.800  8883  8883 I VkStripPipeline: slotBind composing children=5 [len=1|len=3|len=4]
07-22 22:04:55.866  8883  8883 I VkKeyPreview: dismiss key=printable reason=release_anim pool showing=0 free=2
07-22 22:04:55.987  8883  9240 W VibeKeyProfiler: Slow Native Suggest: Total=8.98ms | Init=0.06ms | TrieExpand(x13)=8.90ms | Scoring=0.02ms | inputSize=2
07-22 22:04:55.988  8883  9240 I VkSuggestions: decode typedLen=2 candidates=18 locales=1 18,4ms
07-22 22:04:55.988  8883  9240 W VkSuggestions: slow frame 18,4ms locales=1 typedLen=2 candidates=18
07-22 22:04:55.991  8883  9240 I VkTextCorrection: rerank composing head len=2→len=4
07-22 22:04:55.991  8883  9240 I VkTextCorrection: threshold len=2→len=4 score=0,000 thr=0,140 ○
07-22 22:04:55.991  8883  9240 I VkSuggestions: strip composing typedLen=2 candidates=19 autocorrect=false top=len=2 locale=es token=167 gen=7
07-22 22:04:55.991  8883  8883 I VkStripPipeline: setSuggestions composing size=19 style=1 token=167 gen=7 typed=len=2
07-22 22:04:55.993  8883  8883 I VkSuggestions: stripUi prediction=false children=5 [len=2|len=4|len=2]
07-22 22:04:55.993  8883  8883 I VkStripPipeline: slotBind composing children=5 [len=2|len=4|len=2]
07-22 22:04:55.995  8883  8883 I VkKeyPreview: show key=printable instant=true pool showing=1 free=1
