06-03 12:58:00.558 21472 21472 W View    : requestLayout() improperly called by helium314.keyboard.latin.panels.BrowserPanelView{a7468ee V.E...... ......I. 0,0-1440,2040} during layout: running second layout pass
06-03 12:58:00.568 21472 21472 W View    : requestLayout() improperly called by helium314.keyboard.latin.panels.BrowserPanelView{a7468ee V.E...... ........ 0,0-1440,2040} during second layout pass: posting in next frame
06-03 12:58:00.577 21472 21472 W View    : requestLayout() improperly called by helium314.keyboard.latin.panels.BrowserPanelView{a7468ee V.E...... ......I. 0,0-1440,2040} during layout: running second layout pass
06-03 12:58:00.581 24659 24675 W Isolated Web Content: [JavaScript Warning: "Autoplay is only allowed when approved by the user, the site is activated by the user, or media is muted." {file: "https://www.cnn.com/" line: 0}]
06-03 12:58:00.583 21472 21472 W View    : requestLayout() improperly called by helium314.keyboard.latin.panels.BrowserPanelView{a7468ee V.E...... ........ 0,0-1440,2040} during second layout pass: posting in next frame
06-03 12:58:00.588 24789 24902 E OplusACodec: [GetVideoCodingTypeFromMime:L1162] mime:video/avc
06-03 12:58:00.593 21472 21472 W View    : requestLayout() improperly called by helium314.keyboard.latin.panels.BrowserPanelView{a7468ee V.E...... ......I. 0,0-1440,2040} during layout: running second layout pass
06-03 12:58:00.600 21472 21472 W View    : requestLayout() improperly called by helium314.keyboard.latin.panels.BrowserPanelView{a7468ee V.E...... ........ 0,0-1440,2040} during second layout pass: posting in next frame
06-03 12:58:00.605 24659 24675 W Isolated Web Content: [JavaScript Warning: "Autoplay is only allowed when approved by the user, the site is activated by the user, or media is muted." {file: "https://www.cnn.com/" line: 0}]
06-03 12:58:00.609 21472 21472 W View    : requestLayout() improperly called by helium314.keyboard.latin.panels.BrowserPanelView{a7468ee V.E...... ......I. 0,0-1440,2040} during layout: running second layout pass
06-03 12:58:00.621 21472 21472 W View    : requestLayout() improperly called by helium314.keyboard.latin.panels.BrowserPanelView{a7468ee V.E...... ........ 0,0-1440,2040} during second layout pass: posting in next frame
06-03 12:58:00.625 21472 21472 W View    : requestLayout() improperly called by helium314.keyboard.latin.panels.BrowserPanelView{a7468ee V.E...... ......I. 0,0-1440,2040} during layout: running second layout pass
06-03 12:58:00.627 24789 24856 W Codec2Client: query -- param skipped: index = 1342179345.
06-03 12:58:00.627 24789 24856 W Codec2Client: query -- param skipped: index = 2415921170.
06-03 12:58:00.627 24789 24856 W Codec2Client: query -- param skipped: index = 1610614798.
06-03 12:58:00.634 21472 21472 W View    : requestLayout() improperly called by helium314.keyboard.latin.panels.BrowserPanelView{a7468ee V.E...... ........ 0,0-1440,2040} during second layout pass: posting in next frame
06-03 12:58:00.642 21472 21472 W View    : requestLayout() improperly called by helium314.keyboard.latin.panels.BrowserPanelView{a7468ee V.E...... ......I. 0,0-1440,2040} during layout: running second layout pass
06-03 12:58:00.652 21472 21472 W View    : requestLayout() improperly called by helium314.keyboard.latin.panels.BrowserPanelView{a7468ee V.E...... ........ 0,0-1440,2040} during second layout pass: posting in next frame
06-03 12:58:00.658 21472 21472 W View    : requestLayout() improperly called by helium314.keyboard.latin.panels.BrowserPanelView{a7468ee V.E...... ......I. 0,0-1440,2040} during layout: running second layout pass
06-03 12:58:00.669 21472 21472 W View    : requestLayout() improperly called by helium314.keyboard.latin.panels.BrowserPanelView{a7468ee V.E...... ........ 0,0-1440,2040} during second layout pass: posting in next frame
06-03 12:58:00.677 21472 21472 W View    : requestLayout() improperly called by helium314.keyboard.latin.panels.BrowserPanelView{a7468ee V.E...... ......I. 0,0-1440,2040} during layout: running second layout pass
06-03 12:58:00.683 21472 21472 W View    : requestLayout() improperly called by helium314.keyboard.latin.panels.BrowserPanelView{a7468ee V.E...... ........ 0,0-1440,2040} during second layout pass: posting in next frame
06-03 12:58:00.695 21472 21472 W View    : requestLayout() improperly called by helium314.keyboard.latin.panels.BrowserPanelView{a7468ee V.E...... ......I. 0,0-1440,2040} during layout: running second layout pass
06-03 12:58:00.711 21472 21472 W View    : requestLayout() improperly called by helium314.keyboard.latin.panels.BrowserPanelView{a7468ee V.E...... .......D 0,0-1440,2040} during second layout pass: posting in next frame
06-03 12:58:00.714 21472 21472 W View    : requestLayout() improperly called by helium314.keyboard.latin.panels.BrowserPanelView{a7468ee V.E...... ......ID 0,0-1440,2040} during layout: running second layout pass
06-03 12:58:00.726 21472 21472 W View    : requestLayout() improperly called by helium314.keyboard.latin.panels.BrowserPanelView{a7468ee V.E...... ........ 0,0-1440,2040} during second layout pass: posting in next frame
06-03 12:58:00.728 21472 21472 W View    : requestLayout() improperly called by helium314.keyboard.latin.panels.BrowserPanelView{a7468ee V.E...... ......ID 0,0-1440,2040} during layout: running second layout pass
06-03 12:58:00.745 21472 21472 W View    : requestLayout() improperly called by helium314.keyboard.latin.panels.BrowserPanelView{a7468ee V.E...... ........ 0,0-1440,2040} during second layout pass: posting in next frame
06-03 12:58:00.748 21472 21472 W View    : requestLayout() improperly called by helium314.keyboard.latin.panels.BrowserPanelView{a7468ee V.E...... ......ID 0,0-1440,2040} during layout: running second layout pass
06-03 12:58:00.761 21472 21472 W View    : requestLayout() improperly called by helium314.keyboard.latin.panels.BrowserPanelView{a7468ee V.E...... ........ 0,0-1440,2040} during second layout pass: posting in next frame
06-03 12:58:00.768 21472 21472 W View    : requestLayout() improperly called by helium314.keyboard.latin.panels.BrowserPanelView{a7468ee V.E...... ......ID 0,0-1440,2040} during layout: running second layout pass
06-03 12:58:00.782 21472 21472 W View    : requestLayout() improperly called by helium314.keyboard.latin.panels.BrowserPanelView{a7468ee V.E...... ........ 0,0-1440,2040} during second layout pass: posting in next frame
06-03 12:58:00.788 21472 21472 W View    : requestLayout() improperly called by helium314.keyboard.latin.panels.BrowserPanelView{a7468ee V.E...... ......ID 0,0-1440,2040} during layout: running second layout pass
06-03 12:58:00.800 21472 21472 W View    : requestLayout() improperly called by helium314.keyboard.latin.panels.BrowserPanelView{a7468ee V.E...... ........ 0,0-1440,2040} during second layout pass: posting in next frame
06-03 12:58:00.805 21472 21472 W View    : requestLayout() improperly called by helium314.keyboard.latin.panels.BrowserPanelView{a7468ee V.E...... ......ID 0,0-1440,2040} during layout: running second layout pass
06-03 12:58:00.826 21472 21472 W GeckoEventDispatcher: No listener for GeckoView:DismissClipboardPermissionRequest
06-03 12:58:00.840 24659 24675 E Isolated Web Content: [JavaScript Error: "TypeError: can't access property "track", window.zion_analytics is undefined" {file: "https://www.cnn.com/" line: 13108}]
06-03 12:58:00.840 24659 24675 E Isolated Web Content: c@https://www.cnn.com/:13108:1220
06-03 12:58:00.840 24659 24675 E Isolated Web Content: T@https://www.cnn.com/:13108:1443
06-03 12:58:00.844 24789 24867 W Codec2Client: query -- param skipped: index = 1342179345.
06-03 12:58:00.844 24789 24867 W Codec2Client: query -- param skipped: index = 2415921170.
06-03 12:58:00.844 24789 24867 W Codec2Client: query -- param skipped: index = 1610614798.
06-03 12:58:00.867 24789 24894 W Codec2Client: query -- param skipped: index = 1342179345.
06-03 12:58:00.867 24789 24894 W Codec2Client: query -- param skipped: index = 2415921170.
06-03 12:58:00.867 24789 24894 W Codec2Client: query -- param skipped: index = 1610614798.
06-03 12:58:00.876 21472 21472 W View    : requestLayout() improperly called by helium314.keyboard.latin.panels.BrowserPanelView{a7468ee G.E...... ......ID 0,0-1440,2040} during second layout pass: posting in next frame
06-03 12:58:00.897 21472 21472 W View    : requestLayout() improperly called by helium314.keyboard.latin.panels.BrowserPanelView{a7468ee G.E...... ......ID 0,0-1440,2040} during second layout pass: posting in next frame
06-03 12:58:01.312 21472 21472 W com.vibekey.keyboard: type=1400 audit(0.0:84475): avc: denied { nlmsg_readpriv } for comm=536F636B657420546872656164 scontext=u:r:untrusted_app:s0:c73,c271,c512,c768 tcontext=u:r:untrusted_app:s0:c73,c271,c512,c768 tclass=netlink_route_socket permissive=0 bug=b/155595000 app=com.vibekey.keyboard
06-03 12:58:01.472 21472 21472 W com.vibekey.keyboard: type=1400 audit(0.0:84476): avc: denied { nlmsg_readpriv } for comm=536F636B657420546872656164 scontext=u:r:untrusted_app:s0:c73,c271,c512,c768 tcontext=u:r:untrusted_app:s0:c73,c271,c512,c768 tclass=netlink_route_socket permissive=0 bug=b/155595000 app=com.vibekey.keyboard
06-03 12:58:01.500 24936 24936 E y.keyboard:tab: Unknown bits set in runtime_flags: 0x40000000
06-03 12:58:01.544 24936 24952 E GeckoLibLoad: Load sqlite start
06-03 12:58:01.545 24936 24952 E GeckoLibLoad: Load sqlite done
06-03 12:58:01.545 24936 24952 E GeckoLibLoad: Load nss start
06-03 12:58:01.545 24936 24952 E GeckoLibLoad: Load nss done
06-03 12:58:01.553 24936 24952 E GeckoLibLoad: Loaded libs in 7.816667ms total, 4ms(7ms) user, 0ms(0ms) system, 0(0) faults
06-03 12:58:01.553 24936 24952 W GeckoThread: zerdatime 182724414 - runGecko
06-03 12:58:01.568 21472 21472 W GeckoEventDispatcher: No listener for GeckoView:DismissClipboardPermissionRequest
06-03 12:58:01.585 21472 21472 W View    : requestLayout() improperly called by helium314.keyboard.latin.panels.BrowserPanelView{a7468ee V.E...... ......ID 0,0-1440,2040} during layout: running second layout pass
06-03 12:58:01.613 24659 24675 E Isolated Web Content: [JavaScript Error: "TypeError: can't access property "track", window.zion_analytics is undefined" {file: "https://www.cnn.com/" line: 13108}]
06-03 12:58:01.613 24659 24675 E Isolated Web Content: c@https://www.cnn.com/:13108:1220
06-03 12:58:01.613 24659 24675 E Isolated Web Content: T@https://www.cnn.com/:13108:1443
06-03 12:58:01.615 21472 21472 W View    : requestLayout() improperly called by helium314.keyboard.latin.panels.BrowserPanelView{a7468ee V.E...... ......ID 0,0-1440,2040} during layout: running second layout pass
06-03 12:58:01.620 21472 21472 W View    : requestLayout() improperly called by helium314.keyboard.latin.panels.BrowserPanelView{a7468ee V.E...... ........ 0,0-1440,2040} during second layout pass: posting in next frame
06-03 12:58:01.623 21472 21472 W View    : requestLayout() improperly called by helium314.keyboard.latin.panels.BrowserPanelView{a7468ee V.E...... ......ID 0,0-1440,2040} during layout: running second layout pass
06-03 12:58:01.626 21472 21472 W View    : requestLayout() improperly called by helium314.keyboard.latin.panels.BrowserPanelView{a7468ee V.E...... ........ 0,0-1440,2040} during second layout pass: posting in next frame
06-03 12:58:01.628 21472 21472 W View    : requestLayout() improperly called by helium314.keyboard.latin.panels.BrowserPanelView{a7468ee V.E...... ......ID 0,0-1440,2040} during layout: running second layout pass
06-03 12:58:01.637 21472 21472 W View    : requestLayout() improperly called by helium314.keyboard.latin.panels.BrowserPanelView{a7468ee V.E...... ........ 0,0-1440,2040} during second layout pass: posting in next frame
06-03 12:58:01.644 21472 21472 W View    : requestLayout() improperly called by helium314.keyboard.latin.panels.BrowserPanelView{a7468ee V.E...... ......ID 0,0-1440,2040} during layout: running second layout pass
06-03 12:58:01.653 21472 21472 W View    : requestLayout() improperly called by helium314.keyboard.latin.panels.BrowserPanelView{a7468ee V.E...... ........ 0,0-1440,2040} during second layout pass: posting in next frame
06-03 12:58:01.663 21472 21472 W View    : requestLayout() improperly called by helium314.keyboard.latin.panels.BrowserPanelView{a7468ee V.E...... ......I. 0,0-1440,2040} during layout: running second layout pass
06-03 12:58:01.672 21472 21472 W View    : requestLayout() improperly called by helium314.keyboard.latin.panels.BrowserPanelView{a7468ee V.E...... ........ 0,0-1440,2040} during second layout pass: posting in next frame
06-03 12:58:01.678 21472 21472 W View    : requestLayout() improperly called by helium314.keyboard.latin.panels.BrowserPanelView{a7468ee V.E...... ......I. 0,0-1440,2040} during layout: running second layout pass
06-03 12:58:01.687 21472 21472 W View    : requestLayout() improperly called by helium314.keyboard.latin.panels.BrowserPanelView{a7468ee V.E...... ........ 0,0-1440,2040} during second layout pass: posting in next frame
06-03 12:58:01.694 21472 21472 W View    : requestLayout() improperly called by helium314.keyboard.latin.panels.BrowserPanelView{a7468ee V.E...... ......I. 0,0-1440,2040} during layout: running second layout pass
06-03 12:58:01.704 21472 21472 W View    : requestLayout() improperly called by helium314.keyboard.latin.panels.BrowserPanelView{a7468ee V.E...... ........ 0,0-1440,2040} during second layout pass: posting in next frame
06-03 12:58:01.712 21472 21472 W View    : requestLayout() improperly called by helium314.keyboard.latin.panels.BrowserPanelView{a7468ee V.E...... ......I. 0,0-1440,2040} during layout: running second layout pass
06-03 12:58:01.721 21472 21472 W View    : requestLayout() improperly called by helium314.keyboard.latin.panels.BrowserPanelView{a7468ee V.E...... ......ID 0,0-1440,2040} during second layout pass: posting in next frame
06-03 12:58:01.729 21472 21472 W View    : requestLayout() improperly called by helium314.keyboard.latin.panels.BrowserPanelView{a7468ee V.E...... ......ID 0,0-1440,2040} during layout: running second layout pass
06-03 12:58:01.737 21472 21472 W View    : requestLayout() improperly called by helium314.keyboard.latin.panels.BrowserPanelView{a7468ee V.E...... ........ 0,0-1440,2040} during second layout pass: posting in next frame
06-03 12:58:01.744 21472 21472 W View    : requestLayout() improperly called by helium314.keyboard.latin.panels.BrowserPanelView{a7468ee V.E...... ......I. 0,0-1440,2040} during layout: running second layout pass
06-03 12:58:01.751 21472 21472 W View    : requestLayout() improperly called by helium314.keyboard.latin.panels.BrowserPanelView{a7468ee V.E...... ........ 0,0-1440,2040} during second layout pass: posting in next frame
06-03 12:58:01.761 21472 21472 W View    : requestLayout() improperly called by helium314.keyboard.latin.panels.BrowserPanelView{a7468ee V.E...... ......I. 0,0-1440,2040} during layout: running second layout pass
06-03 12:58:01.766 21472 21472 W View    : requestLayout() improperly called by helium314.keyboard.latin.panels.BrowserPanelView{a7468ee V.E...... ........ 0,0-1440,2040} during second layout pass: posting in next frame
06-03 12:58:01.778 21472 21472 W View    : requestLayout() improperly called by helium314.keyboard.latin.panels.BrowserPanelView{a7468ee V.E...... ......I. 0,0-1440,2040} during layout: running second layout pass
06-03 12:58:01.784 21472 21472 W View    : requestLayout() improperly called by helium314.keyboard.latin.panels.BrowserPanelView{a7468ee V.E...... ......ID 0,0-1440,2040} during second layout pass: posting in next frame
06-03 12:58:01.794 21472 21472 W View    : requestLayout() improperly called by helium314.keyboard.latin.panels.BrowserPanelView{a7468ee V.E...... ......ID 0,0-1440,2040} during layout: running second layout pass
06-03 12:58:01.800 21472 21472 W View    : requestLayout() improperly called by helium314.keyboard.latin.panels.BrowserPanelView{a7468ee V.E...... ........ 0,0-1440,2040} during second layout pass: posting in next frame
06-03 12:58:01.812 21472 21472 W View    : requestLayout() improperly called by helium314.keyboard.latin.panels.BrowserPanelView{a7468ee V.E...... ......I. 0,0-1440,2040} during layout: running second layout pass
06-03 12:58:01.818 21472 21472 W View    : requestLayout() improperly called by helium314.keyboard.latin.panels.BrowserPanelView{a7468ee V.E...... ........ 0,0-1440,2040} during second layout pass: posting in next frame
06-03 12:58:01.829 21472 21472 W View    : requestLayout() improperly called by helium314.keyboard.latin.panels.BrowserPanelView{a7468ee V.E...... ......I. 0,0-1440,2040} during layout: running second layout pass
06-03 12:58:01.837 21472 21472 W View    : requestLayout() improperly called by helium314.keyboard.latin.panels.BrowserPanelView{a7468ee V.E...... ........ 0,0-1440,2040} during second layout pass: posting in next frame
06-03 12:58:01.845 21472 21472 W View    : requestLayout() improperly called by helium314.keyboard.latin.panels.BrowserPanelView{a7468ee V.E...... ......I. 0,0-1440,2040} during layout: running second layout pass
06-03 12:58:01.854 21472 21472 W View    : requestLayout() improperly called by helium314.keyboard.latin.panels.BrowserPanelView{a7468ee V.E...... ........ 0,0-1440,2040} during second layout pass: posting in next frame
06-03 12:58:01.863 21472 21472 W View    : requestLayout() improperly called by helium314.keyboard.latin.panels.BrowserPanelView{a7468ee V.E...... ......I. 0,0-1440,2040} during layout: running second layout pass
06-03 12:58:01.872 21472 21472 W View    : requestLayout() improperly called by helium314.keyboard.latin.panels.BrowserPanelView{a7468ee V.E...... ........ 0,0-1440,2040} during second layout pass: posting in next frame
06-03 12:58:01.878 21472 21472 W View    : requestLayout() improperly called by helium314.keyboard.latin.panels.BrowserPanelView{a7468ee V.E...... ......I. 0,0-1440,2040} during layout: running second layout pass
06-03 12:58:01.887 21472 21472 W View    : requestLayout() improperly called by helium314.keyboard.latin.panels.BrowserPanelView{a7468ee V.E...... ........ 0,0-1440,2040} during second layout pass: posting in next frame
06-03 12:58:01.894 21472 21472 W View    : requestLayout() improperly called by helium314.keyboard.latin.panels.BrowserPanelView{a7468ee V.E...... ......I. 0,0-1440,2040} during layout: running second layout pass
06-03 12:58:01.903 21472 21472 W View    : requestLayout() improperly called by helium314.keyboard.latin.panels.BrowserPanelView{a7468ee V.E...... ........ 0,0-1440,2040} during second layout pass: posting in next frame
06-03 12:58:01.912 21472 21472 W View    : requestLayout() improperly called by helium314.keyboard.latin.panels.BrowserPanelView{a7468ee V.E...... ......I. 0,0-1440,2040} during layout: running second layout pass
06-03 12:58:01.919 21472 21472 W View    : requestLayout() improperly called by helium314.keyboard.latin.panels.BrowserPanelView{a7468ee V.E...... ........ 0,0-1440,2040} during second layout pass: posting in next frame
06-03 12:58:01.930 21472 21472 W View    : requestLayout() improperly called by helium314.keyboard.latin.panels.BrowserPanelView{a7468ee V.E...... ......I. 0,0-1440,2040} during layout: running second layout pass
06-03 12:58:01.938 21472 21472 W View    : requestLayout() improperly called by helium314.keyboard.latin.panels.BrowserPanelView{a7468ee V.E...... ........ 0,0-1440,2040} during second layout pass: posting in next frame
06-03 12:58:01.945 21472 21472 W View    : requestLayout() improperly called by helium314.keyboard.latin.panels.BrowserPanelView{a7468ee V.E...... ......I. 0,0-1440,2040} during layout: running second layout pass
06-03 12:58:01.954 21472 21472 W View    : requestLayout() improperly called by helium314.keyboard.latin.panels.BrowserPanelView{a7468ee V.E...... ........ 0,0-1440,2040} during second layout pass: posting in next frame
06-03 12:58:01.962 21472 21472 W View    : requestLayout() improperly called by helium314.keyboard.latin.panels.BrowserPanelView{a7468ee V.E...... ......I. 0,0-1440,2040} during layout: running second layout pass
06-03 12:58:01.970 21472 21472 W View    : requestLayout() improperly called by helium314.keyboard.latin.panels.BrowserPanelView{a7468ee V.E...... ........ 0,0-1440,2040} during second layout pass: posting in next frame
06-03 12:58:01.978 21472 21472 W View    : requestLayout() improperly called by helium314.keyboard.latin.panels.BrowserPanelView{a7468ee V.E...... ......I. 0,0-1440,2040} during layout: running second layout pass
06-03 12:58:01.984 21472 21472 W View    : requestLayout() improperly called by helium314.keyboard.latin.panels.BrowserPanelView{a7468ee V.E...... ........ 0,0-1440,2040} during second layout pass: posting in next frame
06-03 12:58:01.985 24982 24982 E .keyboard:tab3: Unknown bits set in runtime_flags: 0x40000000
06-03 12:58:01.997 21472 21472 W View    : requestLayout() improperly called by helium314.keyboard.latin.panels.BrowserPanelView{a7468ee V.E...... ......I. 0,0-1440,2040} during layout: running second layout pass
06-03 12:58:02.002 21472 21472 W View    : requestLayout() improperly called by helium314.keyboard.latin.panels.BrowserPanelView{a7468ee V.E...... ........ 0,0-1440,2040} during second layout pass: posting in next frame
06-03 12:58:02.011 21472 21472 W View    : requestLayout() improperly called by helium314.keyboard.latin.panels.BrowserPanelView{a7468ee V.E...... ......I. 0,0-1440,2040} during layout: running second layout pass
06-03 12:58:02.017 21472 21472 W View    : requestLayout() improperly called by helium314.keyboard.latin.panels.BrowserPanelView{a7468ee V.E...... ........ 0,0-1440,2040} during second layout pass: posting in next frame
06-03 12:58:02.028 21472 21472 W View    : requestLayout() improperly called by helium314.keyboard.latin.panels.BrowserPanelView{a7468ee V.E...... ......I. 0,0-1440,2040} during layout: running second layout pass
06-03 12:58:02.035 21472 21472 W View    : requestLayout() improperly called by helium314.keyboard.latin.panels.BrowserPanelView{a7468ee V.E...... ........ 0,0-1440,2040} during second layout pass: posting in next frame
06-03 12:58:02.045 21472 21472 W View    : requestLayout() improperly called by helium314.keyboard.latin.panels.BrowserPanelView{a7468ee V.E...... ......I. 0,0-1440,2040} during layout: running second layout pass
06-03 12:58:02.050 21472 21472 W View    : requestLayout() improperly called by helium314.keyboard.latin.panels.BrowserPanelView{a7468ee V.E...... ........ 0,0-1440,2040} during second layout pass: posting in next frame
06-03 12:58:02.061 21472 21472 W View    : requestLayout() improperly called by helium314.keyboard.latin.panels.BrowserPanelView{a7468ee V.E...... ......I. 0,0-1440,2040} during layout: running second layout pass
06-03 12:58:02.067 21472 21472 W View    : requestLayout() improperly called by helium314.keyboard.latin.panels.BrowserPanelView{a7468ee V.E...... ........ 0,0-1440,2040} during second layout pass: posting in next frame
06-03 12:58:02.068 24982 24999 E GeckoLibLoad: Load sqlite start
06-03 12:58:02.069 24982 24999 E GeckoLibLoad: Load sqlite done
06-03 12:58:02.069 24982 24999 E GeckoLibLoad: Load nss start
06-03 12:58:02.069 24982 24999 E GeckoLibLoad: Load nss done
06-03 12:58:02.078 21472 21472 W View    : requestLayout() improperly called by helium314.keyboard.latin.panels.BrowserPanelView{a7468ee V.E...... ......I. 0,0-1440,2040} during layout: running second layout pass
06-03 12:58:02.081 24982 24999 E GeckoLibLoad: Loaded libs in 11.614063ms total, 7ms(9ms) user, 0ms(0ms) system, 0(0) faults
06-03 12:58:02.081 24982 24999 W GeckoThread: zerdatime 182724942 - runGecko
06-03 12:58:02.084 21472 21472 W View    : requestLayout() improperly called by helium314.keyboard.latin.panels.BrowserPanelView{a7468ee V.E...... ........ 0,0-1440,2040} during second layout pass: posting in next frame
06-03 12:58:02.094 21472 21472 W View    : requestLayout() improperly called by helium314.keyboard.latin.panels.BrowserPanelView{a7468ee V.E...... ......I. 0,0-1440,2040} during layout: running second layout pass
06-03 12:58:02.097 21472 21472 W View    : requestLayout() improperly called by helium314.keyboard.latin.panels.BrowserPanelView{a7468ee V.E...... .......D 0,0-1440,2040} during second layout pass: posting in next frame
06-03 12:58:02.112 21472 21472 W View    : requestLayout() improperly called by helium314.keyboard.latin.panels.BrowserPanelView{a7468ee V.E...... ......ID 0,0-1440,2040} during layout: running second layout pass
06-03 12:58:02.115 21472 21472 W View    : requestLayout() improperly called by helium314.keyboard.latin.panels.BrowserPanelView{a7468ee V.E...... ........ 0,0-1440,2040} during second layout pass: posting in next frame
06-03 12:58:02.128 21472 21472 W View    : requestLayout() improperly called by helium314.keyboard.latin.panels.BrowserPanelView{a7468ee V.E...... ......I. 0,0-1440,2040} during layout: running second layout pass
06-03 12:58:02.135 21472 21472 W View    : requestLayout() improperly called by helium314.keyboard.latin.panels.BrowserPanelView{a7468ee V.E...... ........ 0,0-1440,2040} during second layout pass: posting in next frame
06-03 12:58:02.145 21472 21472 W View    : requestLayout() improperly called by helium314.keyboard.latin.panels.BrowserPanelView{a7468ee V.E...... ......I. 0,0-1440,2040} during layout: running second layout pass
06-03 12:58:02.151 21472 21472 W View    : requestLayout() improperly called by helium314.keyboard.latin.panels.BrowserPanelView{a7468ee V.E...... ........ 0,0-1440,2040} during second layout pass: posting in next frame
06-03 12:58:02.162 21472 21472 W View    : requestLayout() improperly called by helium314.keyboard.latin.panels.BrowserPanelView{a7468ee V.E...... ......I. 0,0-1440,2040} during layout: running second layout pass
06-03 12:58:02.167 21472 21472 W View    : requestLayout() improperly called by helium314.keyboard.latin.panels.BrowserPanelView{a7468ee V.E...... ........ 0,0-1440,2040} during second layout pass: posting in next frame
06-03 12:58:02.179 21472 21472 W View    : requestLayout() improperly called by helium314.keyboard.latin.panels.BrowserPanelView{a7468ee V.E...... ......I. 0,0-1440,2040} during layout: running second layout pass
06-03 12:58:02.187 21472 21472 W View    : requestLayout() improperly called by helium314.keyboard.latin.panels.BrowserPanelView{a7468ee V.E...... ........ 0,0-1440,2040} during second layout pass: posting in next frame
06-03 12:58:02.196 21472 21472 W View    : requestLayout() improperly called by helium314.keyboard.latin.panels.BrowserPanelView{a7468ee V.E...... ......I. 0,0-1440,2040} during layout: running second layout pass
06-03 12:58:02.202 21472 21472 W View    : requestLayout() improperly called by helium314.keyboard.latin.panels.BrowserPanelView{a7468ee V.E...... ........ 0,0-1440,2040} during second layout pass: posting in next frame
06-03 12:58:02.213 21472 21472 W View    : requestLayout() improperly called by helium314.keyboard.latin.panels.BrowserPanelView{a7468ee V.E...... ......I. 0,0-1440,2040} during layout: running second layout pass
06-03 12:58:02.221 21472 21472 W View    : requestLayout() improperly called by helium314.keyboard.latin.panels.BrowserPanelView{a7468ee V.E...... ........ 0,0-1440,2040} during second layout pass: posting in next frame
06-03 12:58:02.230 21472 21472 W View    : requestLayout() improperly called by helium314.keyboard.latin.panels.BrowserPanelView{a7468ee V.E...... ......I. 0,0-1440,2040} during layout: running second layout pass
06-03 12:58:02.240 21472 21472 W View    : requestLayout() improperly called by helium314.keyboard.latin.panels.BrowserPanelView{a7468ee V.E...... ........ 0,0-1440,2040} during second layout pass: posting in next frame
06-03 12:58:02.246 21472 21472 W View    : requestLayout() improperly called by helium314.keyboard.latin.panels.BrowserPanelView{a7468ee V.E...... ......I. 0,0-1440,2040} during layout: running second layout pass
06-03 12:58:02.255 21472 21472 W View    : requestLayout() improperly called by helium314.keyboard.latin.panels.BrowserPanelView{a7468ee V.E...... ........ 0,0-1440,2040} during second layout pass: posting in next frame
06-03 12:58:02.263 21472 21472 W View    : requestLayout() improperly called by helium314.keyboard.latin.panels.BrowserPanelView{a7468ee V.E...... ......I. 0,0-1440,2040} during layout: running second layout pass
06-03 12:58:02.276 21472 21472 W View    : requestLayout() improperly called by helium314.keyboard.latin.panels.BrowserPanelView{a7468ee V.E...... .......D 0,0-1440,2040} during second layout pass: posting in next frame
06-03 12:58:02.278 21472 21472 W View    : requestLayout() improperly called by helium314.keyboard.latin.panels.BrowserPanelView{a7468ee V.E...... ......ID 0,0-1440,2040} during layout: running second layout pass
06-03 12:58:02.284 21472 21472 W View    : requestLayout() improperly called by helium314.keyboard.latin.panels.BrowserPanelView{a7468ee V.E...... .......D 0,0-1440,2040} during second layout pass: posting in next frame
06-03 12:58:02.294 21472 21472 W View    : requestLayout() improperly called by helium314.keyboard.latin.panels.BrowserPanelView{a7468ee V.E...... ......ID 0,0-1440,2040} during layout: running second layout pass
06-03 12:58:02.297 21472 21472 W View    : requestLayout() improperly called by helium314.keyboard.latin.panels.BrowserPanelView{a7468ee V.E...... ........ 0,0-1440,2040} during second layout pass: posting in next frame
06-03 12:58:02.311 21472 21472 W View    : requestLayout() improperly called by helium314.keyboard.latin.panels.BrowserPanelView{a7468ee V.E...... ......I. 0,0-1440,2040} during layout: running second layout pass
06-03 12:58:02.316 21472 21472 W View    : requestLayout() improperly called by helium314.keyboard.latin.panels.BrowserPanelView{a7468ee V.E...... ........ 0,0-1440,2040} during second layout pass: posting in next frame
06-03 12:58:02.328 21472 21472 W View    : requestLayout() improperly called by helium314.keyboard.latin.panels.BrowserPanelView{a7468ee V.E...... ......I. 0,0-1440,2040} during layout: running second layout pass
06-03 12:58:02.334 21472 21472 W View    : requestLayout() improperly called by helium314.keyboard.latin.panels.BrowserPanelView{a7468ee V.E...... ........ 0,0-1440,2040} during second layout pass: posting in next frame
06-03 12:58:02.345 21472 21472 W View    : requestLayout() improperly called by helium314.keyboard.latin.panels.BrowserPanelView{a7468ee V.E...... ......I. 0,0-1440,2040} during layout: running second layout pass
06-03 12:58:02.351 21472 21472 W View    : requestLayout() improperly called by helium314.keyboard.latin.panels.BrowserPanelView{a7468ee V.E...... ........ 0,0-1440,2040} during second layout pass: posting in next frame
06-03 12:58:02.362 21472 21472 W View    : requestLayout() improperly called by helium314.keyboard.latin.panels.BrowserPanelView{a7468ee V.E...... ......I. 0,0-1440,2040} during layout: running second layout pass
06-03 12:58:02.368 21472 21472 W View    : requestLayout() improperly called by helium314.keyboard.latin.panels.BrowserPanelView{a7468ee V.E...... ........ 0,0-1440,2040} during second layout pass: posting in next frame
06-03 12:58:02.378 21472 21472 W View    : requestLayout() improperly called by helium314.keyboard.latin.panels.BrowserPanelView{a7468ee V.E...... ......I. 0,0-1440,2040} during layout: running second layout pass
06-03 12:58:02.385 21472 21472 W View    : requestLayout() improperly called by helium314.keyboard.latin.panels.BrowserPanelView{a7468ee V.E...... ........ 0,0-1440,2040} during second layout pass: posting in next frame
06-03 12:58:02.395 21472 21472 W View    : requestLayout() improperly called by helium314.keyboard.latin.panels.BrowserPanelView{a7468ee V.E...... ......I. 0,0-1440,2040} during layout: running second layout pass
06-03 12:58:02.401 21472 21472 W View    : requestLayout() improperly called by helium314.keyboard.latin.panels.BrowserPanelView{a7468ee V.E...... ........ 0,0-1440,2040} during second layout pass: posting in next frame
06-03 12:58:02.411 21472 21472 W View    : requestLayout() improperly called by helium314.keyboard.latin.panels.BrowserPanelView{a7468ee V.E...... ......I. 0,0-1440,2040} during layout: running second layout pass
06-03 12:58:02.414 21472 21472 W View    : requestLayout() improperly called by helium314.keyboard.latin.panels.BrowserPanelView{a7468ee V.E...... ........ 0,0-1440,2040} during second layout pass: posting in next frame
06-03 12:58:02.430 21472 21472 W View    : requestLayout() improperly called by helium314.keyboard.latin.panels.BrowserPanelView{a7468ee V.E...... ......I. 0,0-1440,2040} during layout: running second layout pass
06-03 12:58:02.436 21472 21472 W View    : requestLayout() improperly called by helium314.keyboard.latin.panels.BrowserPanelView{a7468ee V.E...... ........ 0,0-1440,2040} during second layout pass: posting in next frame
06-03 12:58:02.448 21472 21472 W View    : requestLayout() improperly called by helium314.keyboard.latin.panels.BrowserPanelView{a7468ee V.E...... ......I. 0,0-1440,2040} during layout: running second layout pass
06-03 12:58:02.455 21472 21472 W View    : requestLayout() improperly called by helium314.keyboard.latin.panels.BrowserPanelView{a7468ee V.E...... ........ 0,0-1440,2040} during second layout pass: posting in next frame
06-03 12:58:02.463 21472 21472 W View    : requestLayout() improperly called by helium314.keyboard.latin.panels.BrowserPanelView{a7468ee V.E...... ......I. 0,0-1440,2040} during layout: running second layout pass
06-03 12:58:02.470 21472 21472 W View    : requestLayout() improperly called by helium314.keyboard.latin.panels.BrowserPanelView{a7468ee V.E...... ........ 0,0-1440,2040} during second layout pass: posting in next frame
06-03 12:58:02.481 21472 21472 W View    : requestLayout() improperly called by helium314.keyboard.latin.panels.BrowserPanelView{a7468ee V.E...... ......I. 0,0-1440,2040} during layout: running second layout pass
06-03 12:58:02.488 21472 21472 W View    : requestLayout() improperly called by helium314.keyboard.latin.panels.BrowserPanelView{a7468ee V.E...... ........ 0,0-1440,2040} during second layout pass: posting in next frame
06-03 12:58:02.497 21472 21472 W View    : requestLayout() improperly called by helium314.keyboard.latin.panels.BrowserPanelView{a7468ee V.E...... ......I. 0,0-1440,2040} during layout: running second layout pass
06-03 12:58:02.503 21472 21472 W View    : requestLayout() improperly called by helium314.keyboard.latin.panels.BrowserPanelView{a7468ee V.E...... ........ 0,0-1440,2040} during second layout pass: posting in next frame
06-03 12:58:02.514 21472 21472 W View    : requestLayout() improperly called by helium314.keyboard.latin.panels.BrowserPanelView{a7468ee V.E...... ......I. 0,0-1440,2040} during layout: running second layout pass
06-03 12:58:02.520 21472 21472 W View    : requestLayout() improperly called by helium314.keyboard.latin.panels.BrowserPanelView{a7468ee V.E...... ........ 0,0-1440,2040} during second layout pass: posting in next frame
06-03 12:58:02.530 21472 21472 W View    : requestLayout() improperly called by helium314.keyboard.latin.panels.BrowserPanelView{a7468ee V.E...... ......I. 0,0-1440,2040} during layout: running second layout pass
06-03 12:58:02.537 21472 21472 W View    : requestLayout() improperly called by helium314.keyboard.latin.panels.BrowserPanelView{a7468ee V.E...... ........ 0,0-1440,2040} during second layout pass: posting in next frame
06-03 12:58:02.548 21472 21472 W View    : requestLayout() improperly called by helium314.keyboard.latin.panels.BrowserPanelView{a7468ee V.E...... ......I. 0,0-1440,2040} during layout: running second layout pass
06-03 12:58:02.556 21472 21472 W View    : requestLayout() improperly called by helium314.keyboard.latin.panels.BrowserPanelView{a7468ee V.E...... ........ 0,0-1440,2040} during second layout pass: posting in next frame
06-03 12:58:02.563 21472 21472 W View    : requestLayout() improperly called by helium314.keyboard.latin.panels.BrowserPanelView{a7468ee V.E...... ......I. 0,0-1440,2040} during layout: running second layout pass
06-03 12:58:02.573 21472 21472 W View    : requestLayout() improperly called by helium314.keyboard.latin.panels.BrowserPanelView{a7468ee V.E...... ........ 0,0-1440,2040} during second layout pass: posting in next frame
06-03 12:58:02.580 21472 21472 W View    : requestLayout() improperly called by helium314.keyboard.latin.panels.BrowserPanelView{a7468ee V.E...... ......I. 0,0-1440,2040} during layout: running second layout pass
06-03 12:58:02.589 21472 21472 W View    : requestLayout() improperly called by helium314.keyboard.latin.panels.BrowserPanelView{a7468ee V.E...... ........ 0,0-1440,2040} during second layout pass: posting in next frame
06-03 12:58:02.597 21472 21472 W View    : requestLayout() improperly called by helium314.keyboard.latin.panels.BrowserPanelView{a7468ee V.E...... ......I. 0,0-1440,2040} during layout: running second layout pass
06-03 12:58:02.606 21472 21472 W View    : requestLayout() improperly called by helium314.keyboard.latin.panels.BrowserPanelView{a7468ee V.E...... ........ 0,0-1440,2040} during second layout pass: posting in next frame
06-03 12:58:02.614 21472 21472 W View    : requestLayout() improperly called by helium314.keyboard.latin.panels.BrowserPanelView{a7468ee V.E...... ......I. 0,0-1440,2040} during layout: running second layout pass
06-03 12:58:02.623 21472 21472 W View    : requestLayout() improperly called by helium314.keyboard.latin.panels.BrowserPanelView{a7468ee V.E...... ........ 0,0-1440,2040} during second layout pass: posting in next frame
06-03 12:58:02.630 21472 21472 W View    : requestLayout() improperly called by helium314.keyboard.latin.panels.BrowserPanelView{a7468ee V.E...... ......I. 0,0-1440,2040} during layout: running second layout pass
06-03 12:58:02.639 21472 21472 W View    : requestLayout() improperly called by helium314.keyboard.latin.panels.BrowserPanelView{a7468ee V.E...... ........ 0,0-1440,2040} during second layout pass: posting in next frame
06-03 12:58:02.646 21472 21472 W View    : requestLayout() improperly called by helium314.keyboard.latin.panels.BrowserPanelView{a7468ee V.E...... ......I. 0,0-1440,2040} during layout: running second layout pass
06-03 12:58:02.656 21472 21472 W View    : requestLayout() improperly called by helium314.keyboard.latin.panels.BrowserPanelView{a7468ee V.E...... ........ 0,0-1440,2040} during second layout pass: posting in next frame
06-03 12:58:02.663 21472 21472 W View    : requestLayout() improperly called by helium314.keyboard.latin.panels.BrowserPanelView{a7468ee V.E...... ......I. 0,0-1440,2040} during layout: running second layout pass
06-03 12:58:02.673 21472 21472 W View    : requestLayout() improperly called by helium314.keyboard.latin.panels.BrowserPanelView{a7468ee V.E...... ........ 0,0-1440,2040} during second layout pass: posting in next frame
06-03 12:58:02.682 21472 21472 W View    : requestLayout() improperly called by helium314.keyboard.latin.panels.BrowserPanelView{a7468ee V.E...... ......I. 0,0-1440,2040} during layout: running second layout pass
06-03 12:58:02.690 21472 21472 W View    : requestLayout() improperly called by helium314.keyboard.latin.panels.BrowserPanelView{a7468ee V.E...... ........ 0,0-1440,2040} during second layout pass: posting in next frame
06-03 12:58:02.696 21472 21472 W View    : requestLayout() improperly called by helium314.keyboard.latin.panels.BrowserPanelView{a7468ee V.E...... ......I. 0,0-1440,2040} during layout: running second layout pass
06-03 12:58:02.705 21472 21472 W View    : requestLayout() improperly called by helium314.keyboard.latin.panels.BrowserPanelView{a7468ee V.E...... ........ 0,0-1440,2040} during second layout pass: posting in next frame
06-03 12:58:02.714 21472 21472 W View    : requestLayout() improperly called by helium314.keyboard.latin.panels.BrowserPanelView{a7468ee V.E...... ......I. 0,0-1440,2040} during layout: running second layout pass
06-03 12:58:02.722 21472 21472 W View    : requestLayout() improperly called by helium314.keyboard.latin.panels.BrowserPanelView{a7468ee V.E...... ........ 0,0-1440,2040} during second layout pass: posting in next frame
06-03 12:58:02.730 21472 21472 W View    : requestLayout() improperly called by helium314.keyboard.latin.panels.BrowserPanelView{a7468ee V.E...... ......I. 0,0-1440,2040} during layout: running second layout pass
06-03 12:58:02.740 21472 21472 W View    : requestLayout() improperly called by helium314.keyboard.latin.panels.BrowserPanelView{a7468ee V.E...... ........ 0,0-1440,2040} during second layout pass: posting in next frame
06-03 12:58:02.747 21472 21472 W View    : requestLayout() improperly called by helium314.keyboard.latin.panels.BrowserPanelView{a7468ee V.E...... ......I. 0,0-1440,2040} during layout: running second layout pass
06-03 12:58:02.756 21472 21472 W View    : requestLayout() improperly called by helium314.keyboard.latin.panels.BrowserPanelView{a7468ee V.E...... ........ 0,0-1440,2040} during second layout pass: posting in next frame
06-03 12:58:02.763 21472 21472 W View    : requestLayout() improperly called by helium314.keyboard.latin.panels.BrowserPanelView{a7468ee V.E...... ......I. 0,0-1440,2040} during layout: running second layout pass
06-03 12:58:02.774 21472 21472 W View    : requestLayout() improperly called by helium314.keyboard.latin.panels.BrowserPanelView{a7468ee V.E...... ........ 0,0-1440,2040} during second layout pass: posting in next frame
06-03 12:58:02.781 21472 21472 W View    : requestLayout() improperly called by helium314.keyboard.latin.panels.BrowserPanelView{a7468ee V.E...... ......I. 0,0-1440,2040} during layout: running second layout pass
06-03 12:58:02.790 21472 21472 W View    : requestLayout() improperly called by helium314.keyboard.latin.panels.BrowserPanelView{a7468ee V.E...... ........ 0,0-1440,2040} during second layout pass: posting in next frame
06-03 12:58:02.797 21472 21472 W View    : requestLayout() improperly called by helium314.keyboard.latin.panels.BrowserPanelView{a7468ee V.E...... ......I. 0,0-1440,2040} during layout: running second layout pass
06-03 12:58:02.806 21472 21472 W View    : requestLayout() improperly called by helium314.keyboard.latin.panels.BrowserPanelView{a7468ee V.E...... ........ 0,0-1440,2040} during second layout pass: posting in next frame
06-03 12:58:02.815 21472 21472 W View    : requestLayout() improperly called by helium314.keyboard.latin.panels.BrowserPanelView{a7468ee V.E...... ......I. 0,0-1440,2040} during layout: running second layout pass
06-03 12:58:02.823 21472 21472 W View    : requestLayout() improperly called by helium314.keyboard.latin.panels.BrowserPanelView{a7468ee V.E...... ........ 0,0-1440,2040} during second layout pass: posting in next frame
06-03 12:58:02.832 21472 21472 W View    : requestLayout() improperly called by helium314.keyboard.latin.panels.BrowserPanelView{a7468ee V.E...... ......I. 0,0-1440,2040} during layout: running second layout pass
06-03 12:58:02.838 21472 21472 W View    : requestLayout() improperly called by helium314.keyboard.latin.panels.BrowserPanelView{a7468ee V.E...... ........ 0,0-1440,2040} during second layout pass: posting in next frame
06-03 12:58:02.848 21472 21472 W View    : requestLayout() improperly called by helium314.keyboard.latin.panels.BrowserPanelView{a7468ee V.E...... ......I. 0,0-1440,2040} during layout: running second layout pass
06-03 12:58:02.855 21472 21472 W View    : requestLayout() improperly called by helium314.keyboard.latin.panels.BrowserPanelView{a7468ee V.E...... ........ 0,0-1440,2040} during second layout pass: posting in next frame
06-03 12:58:02.865 21472 21472 W View    : requestLayout() improperly called by helium314.keyboard.latin.panels.BrowserPanelView{a7468ee V.E...... ......I. 0,0-1440,2040} during layout: running second layout pass
06-03 12:58:02.872 21472 21472 W View    : requestLayout() improperly called by helium314.keyboard.latin.panels.BrowserPanelView{a7468ee V.E...... ........ 0,0-1440,2040} during second layout pass: posting in next frame
06-03 12:58:02.882 21472 21472 W View    : requestLayout() improperly called by helium314.keyboard.latin.panels.BrowserPanelView{a7468ee V.E...... ......I. 0,0-1440,2040} during layout: running second layout pass
06-03 12:58:02.889 21472 21472 W View    : requestLayout() improperly called by helium314.keyboard.latin.panels.BrowserPanelView{a7468ee V.E...... ........ 0,0-1440,2040} during second layout pass: posting in next frame
06-03 12:58:02.899 21472 21472 W View    : requestLayout() improperly called by helium314.keyboard.latin.panels.BrowserPanelView{a7468ee V.E...... ......I. 0,0-1440,2040} during layout: running second layout pass
06-03 12:58:02.906 21472 21472 W View    : requestLayout() improperly called by helium314.keyboard.latin.panels.BrowserPanelView{a7468ee V.E...... ........ 0,0-1440,2040} during second layout pass: posting in next frame
06-03 12:58:02.915 21472 21472 W View    : requestLayout() improperly called by helium314.keyboard.latin.panels.BrowserPanelView{a7468ee V.E...... ......I. 0,0-1440,2040} during layout: running second layout pass
06-03 12:58:02.922 21472 21472 W View    : requestLayout() improperly called by helium314.keyboard.latin.panels.BrowserPanelView{a7468ee V.E...... ........ 0,0-1440,2040} during second layout pass: posting in next frame
06-03 12:58:02.932 21472 21472 W View    : requestLayout() improperly called by helium314.keyboard.latin.panels.BrowserPanelView{a7468ee V.E...... ......I. 0,0-1440,2040} during layout: running second layout pass
06-03 12:58:02.939 21472 21472 W View    : requestLayout() improperly called by helium314.keyboard.latin.panels.BrowserPanelView{a7468ee V.E...... ........ 0,0-1440,2040} during second layout pass: posting in next frame
06-03 12:58:02.948 21472 21472 W View    : requestLayout() improperly called by helium314.keyboard.latin.panels.BrowserPanelView{a7468ee V.E...... ......I. 0,0-1440,2040} during layout: running second layout pass
06-03 12:58:02.955 21472 21472 W View    : requestLayout() improperly called by helium314.keyboard.latin.panels.BrowserPanelView{a7468ee V.E...... ........ 0,0-1440,2040} during second layout pass: posting in next frame
06-03 12:58:02.965 21472 21472 W View    : requestLayout() improperly called by helium314.keyboard.latin.panels.BrowserPanelView{a7468ee V.E...... ......I. 0,0-1440,2040} during layout: running second layout pass
06-03 12:58:02.972 21472 21472 W View    : requestLayout() improperly called by helium314.keyboard.latin.panels.BrowserPanelView{a7468ee V.E...... ........ 0,0-1440,2040} during second layout pass: posting in next frame
06-03 12:58:02.983 21472 21472 W View    : requestLayout() improperly called by helium314.keyboard.latin.panels.BrowserPanelView{a7468ee V.E...... ......I. 0,0-1440,2040} during layout: running second layout pass
06-03 12:58:02.991 21472 21472 W View    : requestLayout() improperly called by helium314.keyboard.latin.panels.BrowserPanelView{a7468ee V.E...... ........ 0,0-1440,2040} during second layout pass: posting in next frame
06-03 12:58:02.999 21472 21472 W View    : requestLayout() improperly called by helium314.keyboard.latin.panels.BrowserPanelView{a7468ee V.E...... ......I. 0,0-1440,2040} during layout: running second layout pass
06-03 12:58:03.006 21472 21472 W View    : requestLayout() improperly called by helium314.keyboard.latin.panels.BrowserPanelView{a7468ee V.E...... ........ 0,0-1440,2040} during second layout pass: posting in next frame
06-03 12:58:03.015 21472 21472 W View    : requestLayout() improperly called by helium314.keyboard.latin.panels.BrowserPanelView{a7468ee V.E...... ......I. 0,0-1440,2040} during layout: running second layout pass
06-03 12:58:03.022 21472 21472 W View    : requestLayout() improperly called by helium314.keyboard.latin.panels.BrowserPanelView{a7468ee V.E...... ........ 0,0-1440,2040} during second layout pass: posting in next frame
06-03 12:58:03.032 21472 21472 W View    : requestLayout() improperly called by helium314.keyboard.latin.panels.BrowserPanelView{a7468ee V.E...... ......I. 0,0-1440,2040} during layout: running second layout pass
06-03 12:58:03.038 21472 21472 W View    : requestLayout() improperly called by helium314.keyboard.latin.panels.BrowserPanelView{a7468ee V.E...... ........ 0,0-1440,2040} during second layout pass: posting in next frame
06-03 12:58:03.048 21472 21472 W View    : requestLayout() improperly called by helium314.keyboard.latin.panels.BrowserPanelView{a7468ee V.E...... ......I. 0,0-1440,2040} during layout: running second layout pass
06-03 12:58:03.055 21472 21472 W View    : requestLayout() improperly called by helium314.keyboard.latin.panels.BrowserPanelView{a7468ee V.E...... ........ 0,0-1440,2040} during second layout pass: posting in next frame
06-03 12:58:03.065 21472 21472 W View    : requestLayout() improperly called by helium314.keyboard.latin.panels.BrowserPanelView{a7468ee V.E...... ......I. 0,0-1440,2040} during layout: running second layout pass
06-03 12:58:03.073 21472 21472 W View    : requestLayout() improperly called by helium314.keyboard.latin.panels.BrowserPanelView{a7468ee V.E...... ........ 0,0-1440,2040} during second layout pass: posting in next frame
06-03 12:58:03.081 21472 21472 W View    : requestLayout() improperly called by helium314.keyboard.latin.panels.BrowserPanelView{a7468ee V.E...... ......I. 0,0-1440,2040} during layout: running second layout pass
06-03 12:58:03.090 21472 21472 W View    : requestLayout() improperly called by helium314.keyboard.latin.panels.BrowserPanelView{a7468ee V.E...... ........ 0,0-1440,2040} during second layout pass: posting in next frame
