=== VibeKey 4.1.277 (4377) ===

--------- beginning of system
06-18 11:15:33.119 21984 21984 E OplusCustomizeRestrictionManager: sInstance is null, start a new sInstance
06-18 11:15:52.016 21984 22917 E ActivityThread: Failed to find provider info for com.oplus.statistics.provider
06-18 11:15:52.016 21984 22917 E OplusStatistics--: IllegalArgumentException:java.lang.IllegalArgumentException: Unknown URL content://com.oplus.statistics.provider/track_event
06-18 11:16:13.000 26233 26233 E OplusCustomizeRestrictionManager: sInstance is null, start a new sInstance
06-18 11:16:35.764 26233 27300 E ActivityThread: Failed to find provider info for com.oplus.statistics.provider
06-18 11:16:35.764 26233 27300 E OplusStatistics--: IllegalArgumentException:java.lang.IllegalArgumentException: Unknown URL content://com.oplus.statistics.provider/track_event
--------- beginning of main
06-18 11:16:36.438 26233 27546 W libc    : Access denied finding property "vendor.oplus.media.vpp.stutter"
06-18 11:16:37.439 26233 27546 W libc    : Access denied finding property "vendor.oplus.media.vpp.stutter"
06-18 11:16:38.440 26233 27546 W libc    : Access denied finding property "vendor.oplus.media.vpp.stutter"
06-18 11:16:38.719 26233 26344 E BLASTBufferQueue: BLASTBufferItemConsumer::onDisconnect()
06-18 11:16:39.440 26233 27546 W libc    : Access denied finding property "vendor.oplus.media.vpp.stutter"
06-18 11:16:40.441 26233 27546 W libc    : Access denied finding property "vendor.oplus.media.vpp.stutter"
06-18 11:16:41.441 26233 27546 W libc    : Access denied finding property "vendor.oplus.media.vpp.stutter"
06-18 11:16:42.442 26233 27546 W libc    : Access denied finding property "vendor.oplus.media.vpp.stutter"
06-18 11:16:43.232 26233 26233 I VkThemes: ▶ generate ref=false descLen=5
06-18 11:16:43.343 26233 27544 W chromium: [WARNING:services/audio/sync_reader.cc:154] ASR: No room in socket buffer.: Broken pipe (32)
06-18 11:16:43.363 26233 26366 W cr_MediaCodecBridge: Releasing: OMX.qcom.video.decoder.vp9
06-18 11:16:43.373 26233 27543 E ExtensionsLoader: freeAllBuffers: 7 buffers were freed while being dequeued!
06-18 11:16:43.374 26233 26366 W cr_MediaCodecBridge: Codec released
06-18 11:16:43.519 26233 27724 W ServiceBindIntentUtils: Dynamic lookup for intent failed for action: com.google.android.gms.ads.service.START
06-18 11:16:43.520 26233 26233 I VkTyping: ▶ open restart=false pkg=com.android.launcher inputType=589825
06-18 11:16:43.532 26233 26233 I VkMultilingual: reset main=pt-BR locales=[pt,es] count=2
06-18 11:16:43.552 26233 26233 I VkMultilingual: reset main=pt-BR locales=[pt,es] count=2
06-18 11:16:43.807 26233 26344 E BLASTBufferQueue: BLASTBufferItemConsumer::onDisconnect()
06-18 11:16:43.813 26233 26344 E BLASTBufferQueue: BLASTBufferItemConsumer::onDisconnect()
06-18 11:16:43.919 26233 26274 W AiApiHelper: createCachedContent: 403 {
06-18 11:16:43.919 26233 26274 W AiApiHelper:   "error": {
06-18 11:16:43.919 26233 26274 W AiApiHelper:     "code": 403,
06-18 11:16:43.919 26233 26274 W AiApiHelper:     "message": "Permission denied: Consumer 'api_key:AIzaSyAywTMr9VKVl7TjXs9HZfUAVYMPCXmGHv4' has been suspended.",
06-18 11:16:43.919 26233 26274 W AiApiHelper:     "status": "PERMISSION_DENIED",
06-18 11:16:43.919 26233 26274 W AiApiHelper:     "details": [
06-18 11:16:43.919 26233 26274 W AiApiHelper:       {
06-18 11:16:43.919 26233 26274 W AiApiHelper:         "@type": "type.googleapis.com/google.rpc.ErrorInfo",
06-18 11:16:43.919 26233 26274 W AiApiHelper:         "reason": "CONSUMER_SUSPENDED",
06-18 11:16:43.919 26233 26274 W AiApiHelper:         "domain": "googleapis.com",
06-18 11:16:43.919 26233 26274 W AiApiHelper:         "metadata": {
06-18 11:16:43.919 26233 26274 W AiApiHelper:           "consumer": "projects/424483640868",
06-18 11:16:43.919 26233 26274 W AiApiHelper:           "service": "generativelanguage.googleapis.com",
06-18 11:16:43.919 26233 26274 W AiApiHelper:           "containerInfo": "api_key:AIzaSyAywTMr9VKVl7TjXs9HZfUAVYMPCXmGHv4"
06-18 11:16:43.919 26233 26274 W AiApiHelper:         }
06-18 11:16:43.919 26233 26274 W AiApiHelper:       },
06-18 11:16:43.919 26233 26274 W AiApiHelper:       {
06-18 11:16:43.919 26233 26274 W AiApiHelper:         "@type": "type.googleapis.com/google.rpc.LocalizedMessage",
06-18 11:16:43.919 26233 26274 W AiApiHelper:         "locale": "en-US",
06-18 11:16:43.919 26233 26274 W AiApiHelper:         "message": "Permission denied: Consumer 'api_key:AIzaSyAywTMr9VKVl7TjXs9HZfUAVYMPCXmGHv4' has been suspended."
06-18 11:16:43.919 26233 26274 W AiApiHelper:       }
06-18 11:16:43.919 26233 26274 W AiApiHelper:     ]
06-18 11:16:43.919 26233 26274 W AiApiHelper:   }
06-18 11:16:43.919 26233 26274 W AiApiHelper: }
06-18 11:16:44.052 26233 26233 W VkThemes: ✗ generate 820ms
06-18 11:16:44.053 26233 26233 W AiThemeBridge: Generation failed
06-18 11:16:44.053 26233 26233 W AiThemeBridge: java.lang.Exception: Gemini [gemini-2.5-flash-lite] 403: {
06-18 11:16:44.053 26233 26233 W AiThemeBridge:   "error": {
06-18 11:16:44.053 26233 26233 W AiThemeBridge:     "code": 403,
06-18 11:16:44.053 26233 26233 W AiThemeBridge:     "message": "Permission denied: Consumer 'api_key:AIzaSyAywTMr9VKVl7TjXs9HZfUAVYMPCXmGHv4' has been suspended.",
06-18 11:16:44.053 26233 26233 W AiThemeBridge:     "status": "PERMISSION_DENIED",
06-18 11:16:44.053 26233 26233 W AiThemeBridge:     "details": [
06-18 11:16:44.053 26233 26233 W AiThemeBridge:       {
06-18 11:16:44.053 26233 26233 W AiThemeBridge:         "@type": "type.googleapis.com/google.rpc.ErrorInfo",
06-18 11:16:44.053 26233 26233 W AiThemeBridge:         "reason": "CONSUMER_SUSPENDED",
06-18 11:16:44.053 26233 26233 W AiThemeBridge:         "domain": "googleapis.com",
06-18 11:16:44.053 26233 26233 W AiThemeBridge:         "metadata": {
06-18 11:16:44.053 26233 26233 W AiThemeBridge:           "service": "generativelanguage.googleapis.com",
06-18 11:16:44.053 26233 26233 W AiThemeBridge:           "containerInfo": "api_key:AIzaSyAywTMr9VKVl7TjXs9HZfUAVYMPCXmGHv4",
06-18 11:16:44.053 26233 26233 W AiThemeBridge:           "consumer": "projects/424483640868"
06-18 11:16:44.053 26233 26233 W AiThemeBridge:         }
06-18 11:16:44.053 26233 26233 W AiThemeBridge:       },
06-18 11:16:44.053 26233 26233 W AiThemeBridge:       {
06-18 11:16:44.053 26233 26233 W AiThemeBridge:         "@type": "type.googleapis.com/google.rpc.LocalizedMessage",
06-18 11:16:44.053 26233 26233 W AiThemeBridge:         "locale": "en-US",
06-18 11:16:44.053 26233 26233 W AiThemeBridge:         "message": "Permission denied: Consumer 'api_key:AIzaSyAywTMr9VKVl7TjXs9HZfUAVYMPCXmGHv4' has been suspended."
06-18 11:16:44.053 26233 26233 W AiThemeBridge:       }
06-18 11:16:44.053 26233 26233 W AiThemeBridge:     ]
06-18 11:16:44.053 26233 26233 W AiThemeBridge:   }
06-18 11:16:44.053 26233 26233 W AiThemeBridge: }
06-18 11:16:44.053 26233 26233 W AiThemeBridge: 
06-18 11:16:44.053 26233 26233 W AiThemeBridge: 	at q7.f.invokeSuspend(r8-map-id-ce1158ad9b795f3ad0ee1f95ae8833a44d84ead021af0627ba5355339fd5d70c:294)
06-18 11:16:44.053 26233 26233 W AiThemeBridge: 	at v8.a.resumeWith(r8-map-id-ce1158ad9b795f3ad0ee1f95ae8833a44d84ead021af0627ba5355339fd5d70c:9)
06-18 11:16:44.053 26233 26233 W AiThemeBridge: 	at o9.h0.run(r8-map-id-ce1158ad9b795f3ad0ee1f95ae8833a44d84ead021af0627ba5355339fd5d70c:115)
06-18 11:16:44.053 26233 26233 W AiThemeBridge: 	at c5.s.run(r8-map-id-ce1158ad9b795f3ad0ee1f95ae8833a44d84ead021af0627ba5355339fd5d70c:76)
06-18 11:16:44.053 26233 26233 W AiThemeBridge: 	at v9.j.run(r8-map-id-ce1158ad9b795f3ad0ee1f95ae8833a44d84ead021af0627ba5355339fd5d70c:3)
06-18 11:16:44.053 26233 26233 W AiThemeBridge: 	at v9.a.run(r8-map-id-ce1158ad9b795f3ad0ee1f95ae8833a44d84ead021af0627ba5355339fd5d70c:88)
06-18 11:16:44.927 26233 26233 E Ads     : JS: Refused to get unsafe header "X-Afma-Gcache-IsGcacheHit" (https://www.gstatic.com/mysidia/992fc024f222190433002467e84c4f10.js?tag=addon/rewarded_video:436)
06-18 11:16:45.048 26233 26233 E Ads     : JS: Refused to get unsafe header "X-Afma-Gcache-IsGcacheHit" (https://www.gstatic.com/mysidia/992fc024f222190433002467e84c4f10.js?tag=addon/rewarded_video:436)
06-18 11:16:45.066 26233 26366 W libc    : Access denied finding property "vendor.oplus.media.vpp.stutter"
06-18 11:16:45.066 26233 26366 E MULTIMEDIAConfig: [getInt32:L80] Not find config, Returning default
06-18 11:16:45.066 26233 26366 E MULTIMEDIAConfig: [getInt32:L80] Not find config, Returning default
06-18 11:16:45.066 26233 26366 E OplusACodec: [OplusACodec:204] mSrOsieMMListCheckResult:0x0 mOsieVersion:1
06-18 11:16:45.087 26233 27756 E OplusACodec: [GetVideoCodingTypeFromMime:L1162] mime:video/x-vnd.on2.vp9
06-18 11:16:45.183 26233 26366 W cr_MediaCodecBridge: Releasing: OMX.qcom.video.decoder.vp9
06-18 11:16:45.185 26233 27755 E ExtensionsLoader: freeAllBuffers: 13 buffers were freed while being dequeued!
06-18 11:16:45.185 26233 26366 W cr_MediaCodecBridge: Codec released
06-18 11:16:45.458 26233 26233 I VkTyping: typing focus — background suppressed (browserActive=false)
06-18 11:16:45.633 26233 26281 W VibeKeyProfiler: Slow Native Suggest: Total=8.84ms | Init=0.08ms | TrieExpand(x15)=8.73ms | Scoring=0.02ms | inputSize=7
06-18 11:16:45.640 26233 26281 I VkSuggestions: decode typedLen=7 candidates=18 locales=1 18,4ms
06-18 11:16:45.640 26233 26281 W VkSuggestions: slow frame 18,4ms locales=1 typedLen=7 candidates=18
06-18 11:16:45.645 26233 26281 I VkSuggestions: strip composing typedLen=7 candidates=18 autocorrect=false top=prontoj locale=pt
06-18 11:16:45.851 26233 26281 I VkSuggestions: decode typedLen=8 candidates=18 locales=1 6,7ms
06-18 11:16:45.854 26233 26281 I VkSuggestions: strip composing typedLen=8 candidates=19 autocorrect=false top=prontojh locale=pt
06-18 11:16:46.208 26233 26281 I VkSuggestions: decode typedLen=10 candidates=18 locales=1 5,0ms
06-18 11:16:46.211 26233 26281 I VkSuggestions: strip composing typedLen=10 candidates=18 autocorrect=false top=prontojhyd locale=pt
06-18 11:16:46.416 26233 26233 I VkSwipe : ▶ gesture started locale=pt-BR
06-18 11:16:46.441 26233 26281 I VkSuggestions: decode typedLen=0 candidates=18 locales=1 18,9ms
06-18 11:16:46.441 26233 26281 W VkSuggestions: slow frame 18,9ms locales=1 typedLen=0 candidates=18
06-18 11:16:46.542 26233 26281 I VkSuggestions: decode typedLen=3 candidates=18 locales=1 7,0ms
06-18 11:16:46.556 26233 26281 W VibeKeyProfiler: Slow Native Suggest: Total=12.66ms | Init=0.37ms | TrieExpand(x17)=12.27ms | Scoring=0.01ms | inputSize=19
06-18 11:16:46.561 26233 26281 I VkSuggestions: decode typedLen=0 candidates=17 locales=1 18,0ms
06-18 11:16:46.561 26233 26281 W VkSuggestions: slow frame 18,0ms locales=1 typedLen=0 candidates=17
06-18 11:16:46.744 26233 26281 I VkSuggestions: decode typedLen=4 candidates=18 locales=1 8,6ms
06-18 11:16:46.753 26233 26281 I VkSuggestions: decode typedLen=0 candidates=17 locales=1 8,6ms
06-18 11:16:46.861 26233 26281 I VkSuggestions: decode typedLen=4 candidates=18 locales=1 8,1ms
06-18 11:16:46.875 26233 26281 W VibeKeyProfiler: Slow Native Suggest: Total=13.58ms | Init=0.10ms | TrieExpand(x17)=13.46ms | Scoring=0.02ms | inputSize=38
06-18 11:16:46.881 26233 26281 I VkSuggestions: decode typedLen=0 candidates=17 locales=1 18,8ms
06-18 11:16:46.881 26233 26281 W VkSuggestions: slow frame 18,8ms locales=1 typedLen=0 candidates=17
06-18 11:16:46.964 26233 26281 I VkSuggestions: decode typedLen=4 candidates=18 locales=1 7,4ms
06-18 11:16:46.977 26233 26281 W VibeKeyProfiler: Slow Native Suggest: Total=12.77ms | Init=0.12ms | TrieExpand(x17)=12.64ms | Scoring=0.02ms | inputSize=39
06-18 11:16:46.982 26233 26281 I VkSuggestions: decode typedLen=0 candidates=17 locales=1 17,4ms
06-18 11:16:46.982 26233 26281 W VkSuggestions: slow frame 17,4ms locales=1 typedLen=0 candidates=17
06-18 11:16:46.996 26233 26233 I VkSwipe : ✓ gesture points=39 decodedLen=4 candidates=18 top=Ohio 580ms
06-18 11:16:47.564 26233 26281 I VkSuggestions: decode typedLen=2 candidates=18 locales=1 6,6ms
06-18 11:16:47.565 26233 26281 I VkSuggestions: strip composing typedLen=2 candidates=19 autocorrect=false top=uy locale=pt
06-18 11:16:47.757 26233 26281 I VkSuggestions: decode typedLen=3 candidates=17 locales=1 6,8ms
06-18 11:16:47.760 26233 26281 I VkSuggestions: strip composing typedLen=3 candidates=16 autocorrect=false top=uyy locale=pt
06-18 11:16:47.981 26233 26281 I VkSuggestions: decode typedLen=4 candidates=18 locales=1 5,2ms
06-18 11:16:47.983 26233 26281 I VkSuggestions: strip composing typedLen=4 candidates=19 autocorrect=false top=uyyd locale=pt
06-18 11:16:48.349 26233 26281 I VkSuggestions: decode typedLen=6 candidates=18 locales=1 4,6ms
06-18 11:16:48.351 26233 26281 I VkSuggestions: strip composing typedLen=6 candidates=17 autocorrect=false top=uyydej locale=pt
06-18 11:16:48.645 26233 26281 I VkSuggestions: decode typedLen=8 candidates=18 locales=1 6,0ms
06-18 11:16:48.650 26233 26281 I VkSuggestions: strip composing typedLen=8 candidates=15 autocorrect=false top=uyydejje locale=pt
06-18 11:16:50.344 26233 26281 W VibeKeyProfiler: Slow Native Suggest: Total=23.27ms | Init=0.96ms | TrieExpand(x19)=22.25ms | Scoring=0.05ms | inputSize=4
06-18 11:16:50.359 26233 26281 W VibeKeyProfiler: Slow Native Suggest: Total=13.65ms | Init=0.43ms | TrieExpand(x14)=13.10ms | Scoring=0.12ms | inputSize=4
06-18 11:16:50.362 26233 26281 I VkSuggestions: decode typedLen=4 candidates=18 locales=1 40,5ms
06-18 11:16:50.364 26233 26281 W VkSuggestions: slow frame 40,5ms locales=1 typedLen=4 candidates=18
06-18 11:16:50.367 26233 26281 I VkSuggestions: strip composing typedLen=4 candidates=18 autocorrect=false top=pron locale=pt
06-18 11:16:50.647 26233 26281 W VibeKeyProfiler: Slow Native Suggest: Total=23.62ms | Init=0.90ms | TrieExpand(x19)=22.65ms | Scoring=0.06ms | inputSize=3
06-18 11:16:50.661 26233 26281 W VibeKeyProfiler: Slow Native Suggest: Total=13.76ms | Init=0.49ms | TrieExpand(x19)=13.21ms | Scoring=0.05ms | inputSize=3
06-18 11:16:50.663 26233 26281 I VkSuggestions: decode typedLen=3 candidates=18 locales=1 40,4ms
06-18 11:16:50.664 26233 26281 W VkSuggestions: slow frame 40,4ms locales=1 typedLen=3 candidates=18
06-18 11:16:50.670 26233 26281 I VkSuggestions: strip composing typedLen=3 candidates=18 autocorrect=false top=pro locale=pt
06-18 11:16:52.606 26233 26281 W VibeKeyProfiler: Slow Native Suggest: Total=44.74ms | Init=0.87ms | TrieExpand(x17)=43.80ms | Scoring=0.06ms | inputSize=6
06-18 11:16:52.620 26233 26281 W VibeKeyProfiler: Slow Native Suggest: Total=13.41ms | Init=0.45ms | TrieExpand(x14)=12.90ms | Scoring=0.06ms | inputSize=6
06-18 11:16:52.622 26233 26281 I VkSuggestions: decode typedLen=6 candidates=18 locales=1 61,1ms
06-18 11:16:52.624 26233 26281 W VkSuggestions: slow frame 61,1ms locales=1 typedLen=6 candidates=18
06-18 11:16:52.628 26233 26281 I VkSuggestions: strip composing typedLen=6 candidates=18 autocorrect=false top=pronto locale=pt
06-18 11:16:52.746 26233 26233 I VkAutocorrect: kept (typing): pronto
06-18 11:16:52.935 26233 26281 I VkSuggestions: strip prediction typedLen=0 candidates=3 autocorrect=false top=pronto locale=pt
06-18 11:16:54.420 26233 26281 I VkSuggestions: decode typedLen=1 candidates=18 locales=1 9,1ms
06-18 11:16:54.421 26233 26281 I VkSuggestions: strip composing typedLen=1 candidates=19 autocorrect=false top=u locale=pt
06-18 11:16:54.635 26233 26281 I VkSuggestions: decode typedLen=2 candidates=18 locales=1 7,3ms
06-18 11:16:54.637 26233 26281 I VkSuggestions: strip composing typedLen=2 candidates=19 autocorrect=false top=uu locale=pt
06-18 11:16:54.826 26233 26281 I VkSuggestions: decode typedLen=3 candidates=18 locales=1 9,9ms
06-18 11:16:54.828 26233 26281 I VkSuggestions: strip composing typedLen=3 candidates=18 autocorrect=false top=uus locale=pt
06-18 11:16:55.137 26233 26281 I VkSuggestions: decode typedLen=2 candidates=18 locales=1 7,6ms
06-18 11:16:55.139 26233 26281 I VkSuggestions: strip composing typedLen=2 candidates=19 autocorrect=false top=uu locale=pt
06-18 11:16:55.312 26233 26281 I VkSuggestions: decode typedLen=1 candidates=18 locales=1 6,8ms
06-18 11:16:55.314 26233 26281 I VkSuggestions: strip composing typedLen=1 candidates=19 autocorrect=false top=u locale=pt
06-18 11:16:55.520 26233 26281 I VkSuggestions: strip prediction typedLen=0 candidates=3 autocorrect=false top=pronto locale=pt
06-18 11:16:56.839 26233 26233 I VkAutocorrect: kept (typing): pronto
06-18 11:16:58.597 26233 26233 I VkPanels: ▶ open browser
06-18 11:16:58.605 26233 26233 W View    : requestLayout() improperly called by android.widget.FrameLayout{e0b9175 V.E...... ......ID 0,1625-1440,1805 #7f0a0087 app:id/browser_nav_footer_float} during layout: running second layout pass
06-18 11:16:58.606 26233 26233 I VkBrowser: ▶ panel open incognito=false tabs=0 queryLen=0
06-18 11:16:58.640 26233 27970 W Settings: Setting animator_duration_scale has moved from android.provider.Settings.System to android.provider.Settings.Global, returning read-only global URI.
06-18 11:16:58.644 26233 27970 E GeckoLibLoad: Load sqlite start
06-18 11:16:58.646 26233 26233 E GeckoView: Failed to attach WindowInsetsListener: 
06-18 11:16:58.646 26233 26233 E GeckoView: java.lang.NullPointerException: Attempt to invoke virtual method 'android.view.Window android.app.Activity.getWindow()' on a null object reference
06-18 11:16:58.646 26233 26233 E GeckoView: 	at org.mozilla.geckoview.GeckoView.attachWindowInsetsListener(r8-map-id-ce1158ad9b795f3ad0ee1f95ae8833a44d84ead021af0627ba5355339fd5d70c:1)
06-18 11:16:58.646 26233 26233 E GeckoView: 	at org.mozilla.geckoview.GeckoView.onAttachedToWindow(r8-map-id-ce1158ad9b795f3ad0ee1f95ae8833a44d84ead021af0627ba5355339fd5d70c:49)
06-18 11:16:58.646 26233 26233 E GeckoView: 	at helium314.keyboard.latin.panels.ImeGeckoView.onAttachedToWindow(r8-map-id-ce1158ad9b795f3ad0ee1f95ae8833a44d84ead021af0627ba5355339fd5d70c:4)
06-18 11:16:58.646 26233 26233 E GeckoView: 	at android.view.View.dispatchAttachedToWindow(View.java:20900)
06-18 11:16:58.646 26233 26233 E GeckoView: 	at android.view.ViewGroup.dispatchAttachedToWindow(ViewGroup.java:3539)
06-18 11:16:58.646 26233 26233 E GeckoView: 	at android.view.ViewGroup.addViewInner(ViewGroup.java:5378)
06-18 11:16:58.646 26233 26233 E GeckoView: 	at android.view.ViewGroup.addView(ViewGroup.java:5156)
06-18 11:16:58.646 26233 26233 E GeckoView: 	at android.view.ViewGroup.addView(ViewGroup.java:5096)
06-18 11:16:58.646 26233 26233 E GeckoView: 	at helium314.keyboard.latin.panels.BrowserPanelView.Z(r8-map-id-ce1158ad9b795f3ad0ee1f95ae8833a44d84ead021af0627ba5355339fd5d70c:272)
06-18 11:16:58.646 26233 26233 E GeckoView: 	at helium314.keyboard.latin.panels.BrowserPanelView.H0(r8-map-id-ce1158ad9b795f3ad0ee1f95ae8833a44d84ead021af0627ba5355339fd5d70c:232)
06-18 11:16:58.646 26233 26233 E GeckoView: 	at c5.s.run(r8-map-id-ce1158ad9b795f3ad0ee1f95ae8833a44d84ead021af0627ba5355339fd5d70c:622)
06-18 11:16:58.646 26233 26233 E GeckoView: 	at i7.z.onGlobalLayout(r8-map-id-ce1158ad9b795f3ad0ee1f95ae8833a44d84ead021af0627ba5355339fd5d70c:8)
06-18 11:16:58.646 26233 26233 E GeckoView: 	at android.view.ViewTreeObserver.dispatchOnGlobalLayout(ViewTreeObserver.java:1061)
06-18 11:16:58.646 26233 26233 E GeckoView: 	at android.view.ViewRootImpl.performTraversals(ViewRootImpl.java:3407)
06-18 11:16:58.646 26233 26233 E GeckoView: 	at android.view.ViewRootImpl.doTraversal(ViewRootImpl.java:2305)
06-18 11:16:58.646 26233 26233 E GeckoView: 	at android.view.ViewRootImpl$TraversalRunnable.run(ViewRootImpl.java:9133)
06-18 11:16:58.646 26233 26233 E GeckoView: 	at android.view.Choreographer$CallbackRecord.run(Choreographer.java:1232)
06-18 11:16:58.646 26233 26233 E GeckoView: 	at android.view.Choreographer.doCallbacks(Choreographer.java:1029)
06-18 11:16:58.646 26233 26233 E GeckoView: 	at android.view.Choreographer.doFrame(Choreographer.java:934)
06-18 11:16:58.646 26233 26233 E GeckoView: 	at android.view.Choreographer$FrameDisplayEventReceiver.run(Choreographer.java:1217)
06-18 11:16:58.646 26233 26233 E GeckoView: 	at android.os.Handler.handleCallback(Handler.java:938)
06-18 11:16:58.646 26233 26233 E GeckoView: 	at android.os.Handler.dispatchMessage(Handler.java:99)
06-18 11:16:58.646 26233 26233 E GeckoView: 	at android.os.Looper.loopOnce(Looper.java:233)
06-18 11:16:58.646 26233 26233 E GeckoView: 	at android.os.Looper.loop(Looper.java:344)
06-18 11:16:58.646 26233 26233 E GeckoView: 	at android.app.ActivityThread.main(ActivityThread.java:8212)
06-18 11:16:58.646 26233 26233 E GeckoView: 	at java.lang.reflect.Method.invoke(Native Method)
06-18 11:16:58.646 26233 26233 E GeckoView: 	at com.android.internal.os.RuntimeInit$MethodAndArgsCaller.run(RuntimeInit.java:584)
06-18 11:16:58.646 26233 26233 E GeckoView: 	at com.android.internal.os.ZygoteInit.main(ZygoteInit.java:1034)
06-18 11:16:58.650 26233 27970 E GeckoLibLoad: Load sqlite done
06-18 11:16:58.650 26233 27970 E GeckoLibLoad: Load nss start
06-18 11:16:58.650 26233 27970 E GeckoLibLoad: Load nss done
06-18 11:16:58.684 26233 26233 I VkBrowser: → load host=marketwatch.com
06-18 11:16:58.775 26233 27970 E GeckoLibLoad: Loaded libs in 124.617031ms total, 6ms(53ms) user, 18ms(49ms) system, 74(75) faults
06-18 11:16:58.776 26233 27970 W GeckoThread: zerdatime 1472659640 - runGecko
06-18 11:16:58.848 26233 26233 I VkBrowser: → load host=marketwatch.com
06-18 11:16:58.930 26233 27970 E ibekey.keyboar: hiddenapi: Accessing hidden field Ljava/lang/Boolean;->value:Z (runtime_flags=0, domain=core-platform, api=max-target-p) from Lorg/mozilla/gecko/GeckoThread; (domain=app, TargetSdkVersion=35) using JNI: denied
06-18 11:16:58.930 26233 27970 E ibekey.keyboar: hiddenapi: Accessing hidden field Ljava/lang/Integer;->value:I (runtime_flags=0, domain=core-platform, api=max-target-p) from Lorg/mozilla/gecko/GeckoThread; (domain=app, TargetSdkVersion=35) using JNI: denied
06-18 11:16:58.930 26233 27970 E ibekey.keyboar: hiddenapi: Accessing hidden field Ljava/lang/Long;->value:J (runtime_flags=0, domain=core-platform, api=max-target-p) from Lorg/mozilla/gecko/GeckoThread; (domain=app, TargetSdkVersion=35) using JNI: denied
06-18 11:16:58.930 26233 27970 E ibekey.keyboar: hiddenapi: Accessing hidden field Ljava/lang/Double;->value:D (runtime_flags=0, domain=core-platform, api=max-target-p) from Lorg/mozilla/gecko/GeckoThread; (domain=app, TargetSdkVersion=35) using JNI: denied
06-18 11:16:58.976 27989 27989 E .keyboard:tab1: Unknown bits set in runtime_flags: 0x40000000
06-18 11:16:59.091 28027 28027 E ey.keyboard:gp: Unknown bits set in runtime_flags: 0x40000000
06-18 11:16:59.132 27989 28033 E GeckoLibLoad: Load sqlite start
06-18 11:16:59.134 27989 28033 E GeckoLibLoad: Load sqlite done
06-18 11:16:59.134 27989 28033 E GeckoLibLoad: Load nss start
06-18 11:16:59.134 27989 28033 E GeckoLibLoad: Load nss done
06-18 11:16:59.145 27989 28033 E GeckoLibLoad: Loaded libs in 10.803958ms total, 9ms(10ms) user, 0ms(0ms) system, 0(0) faults
06-18 11:16:59.145 27989 28033 W GeckoThread: zerdatime 1472660009 - runGecko
06-18 11:16:59.163 28027 28048 E GeckoLibLoad: Load sqlite start
06-18 11:16:59.164 28027 28048 E GeckoLibLoad: Load sqlite done
06-18 11:16:59.164 28027 28048 E GeckoLibLoad: Load nss start
06-18 11:16:59.164 28027 28048 E GeckoLibLoad: Load nss done
06-18 11:16:59.171 26233 26233 I VkBrowser: → load host=marketwatch.com
06-18 11:16:59.177 28027 28048 E GeckoLibLoad: Loaded libs in 12.660729ms total, 6ms(8ms) user, 0ms(0ms) system, 0(0) faults
06-18 11:16:59.177 28027 28048 W GeckoThread: zerdatime 1472660041 - runGecko
06-18 11:16:59.220 28027 28070 W AudioCapabilities: Unsupported mime audio/ffmpeg
06-18 11:16:59.221 28027 28070 W VideoCapabilities: Unsupported mime video/ffmpeg
06-18 11:16:59.221 28027 28070 W VideoCapabilities: Unrecognized profile/level 0/3 for video/mpeg2
06-18 11:16:59.221 28027 28070 W VideoCapabilities: Unrecognized profile/level 0/3 for video/mpeg2
06-18 11:16:59.238 28027 28043 E ey.keyboard:gp: ofbOpen failed with error=No such file or directory
06-18 11:16:59.238 28027 28043 E ey.keyboard:gp: sysOpen failed with error=No such file or directory
06-18 11:16:59.266 27989 28033 W GeckoEditableChild: No editable parent
06-18 11:16:59.321 26233 26247 E BLASTBufferQueue: [SurfaceView[InputMethod]#4](f:0,a:0) rejecting buffer:active_size=1440x1801, requested_size=1440x1801 buffer{size=1440x1809 transform=0}
06-18 11:16:59.321 26233 26247 E BLASTBufferQueue: BLASTBufferItemConsumer::onDisconnect()
06-18 11:16:59.326 26233 26233 I VkBrowser: ✓ page host=www.marketwatch.com
06-18 11:16:59.328 26233 26233 I VkBrowser: ✓ page host=marketwatch.com
06-18 11:16:59.394 26233 27970 W GeckoConsole: [JavaScript Warning: "Missing resource in locale pt-BR: netwerk/necko.ftl"]
06-18 11:16:59.394 26233 27970 W GeckoConsole: [JavaScript Warning: "Missing resource in locale pt-PT: netwerk/necko.ftl"]
06-18 11:16:59.493 28141 28141 E .keyboard:tab1: Unknown bits set in runtime_flags: 0x40000000
06-18 11:16:59.568 28141 28158 E GeckoLibLoad: Load sqlite start
06-18 11:16:59.571 28141 28158 E GeckoLibLoad: Load sqlite done
06-18 11:16:59.571 28141 28158 E GeckoLibLoad: Load nss start
06-18 11:16:59.571 28141 28158 E GeckoLibLoad: Load nss done
06-18 11:16:59.580 28141 28158 E GeckoLibLoad: Loaded libs in 8.956146ms total, 0ms(0ms) user, 1ms(8ms) system, 0(0) faults
06-18 11:16:59.581 28141 28158 W GeckoThread: zerdatime 1472660445 - runGecko
06-18 11:16:59.682 28141 28158 W GeckoEditableChild: No editable parent
06-18 11:16:59.683 28141 28158 W Isolated Web Content: [JavaScript Warning: "Missing resource in locale pt-BR: netwerk/necko.ftl"]
06-18 11:16:59.683 28141 28158 W Isolated Web Content: [JavaScript Warning: "Missing resource in locale pt-PT: netwerk/necko.ftl"]
06-18 11:16:59.748 28141 28158 W Isolated Web Content: [JavaScript Warning: "Preload of https://config.aps.amazon-adsystem.com/configs/3482 was ignored due to unknown “as” or “type” values, or non-matching “media” attribute." {file: "https://www.marketwatch.com/" line: 0}]
06-18 11:17:01.047 28141 28158 W AudioCapabilities: Unsupported mime audio/ffmpeg
06-18 11:17:01.048 28141 28158 W VideoCapabilities: Unsupported mime video/ffmpeg
06-18 11:17:01.048 28141 28158 W VideoCapabilities: Unrecognized profile/level 0/3 for video/mpeg2
06-18 11:17:01.048 28141 28158 W VideoCapabilities: Unrecognized profile/level 0/3 for video/mpeg2
06-18 11:17:01.182 28141 28284 E .keyboard:tab1: ofbOpen failed with error=No such file or directory
06-18 11:17:01.182 28141 28284 E .keyboard:tab1: sysOpen failed with error=No such file or directory
06-18 11:17:01.221 28290 28290 E .keyboard:medi: Unknown bits set in runtime_flags: 0x40000000
06-18 11:17:01.279 28290 28304 E .keyboard:medi: ofbOpen failed with error=No such file or directory
06-18 11:17:01.279 28290 28304 E .keyboard:medi: sysOpen failed with error=No such file or directory
06-18 11:17:01.285 28290 28304 W AudioCapabilities: Unsupported mime audio/ffmpeg
06-18 11:17:01.286 28290 28304 W VideoCapabilities: Unsupported mime video/ffmpeg
06-18 11:17:01.286 28290 28304 W VideoCapabilities: Unrecognized profile/level 0/3 for video/mpeg2
06-18 11:17:01.287 28290 28304 W VideoCapabilities: Unrecognized profile/level 0/3 for video/mpeg2
06-18 11:17:01.295 28290 28304 W libc    : Access denied finding property "vendor.oplus.media.vpp.stutter"
06-18 11:17:01.298 28290 28304 E MULTIMEDIAConfig: [getInt32:L80] Not find config, Returning default
06-18 11:17:01.298 28290 28304 E MULTIMEDIAConfig: [getInt32:L80] Not find config, Returning default
06-18 11:17:01.298 28290 28304 E OplusACodec: [OplusACodec:204] mSrOsieMMListCheckResult:0x0 mOsieVersion:1
06-18 11:17:01.379 28290 28317 E OplusACodec: [GetVideoCodingTypeFromMime:L1162] mime:video/avc
06-18 11:17:01.483 26233 26247 E BLASTBufferQueue: BLASTBufferItemConsumer::onDisconnect()
06-18 11:17:01.487 26233 26233 I VkBrowser: ✓ page host=www.marketwatch.com title=MarketWatch: Stock Market News - Financi…
06-18 11:17:02.214 28418 28418 E .keyboard:tab1: Unknown bits set in runtime_flags: 0x40000000
06-18 11:17:02.286 28418 28448 E GeckoLibLoad: Load sqlite start
06-18 11:17:02.287 28418 28448 E GeckoLibLoad: Load sqlite done
06-18 11:17:02.288 28418 28448 E GeckoLibLoad: Load nss start
06-18 11:17:02.288 28418 28448 E GeckoLibLoad: Load nss done
06-18 11:17:02.305 28418 28448 E GeckoLibLoad: Loaded libs in 17.505990ms total, 10ms(10ms) user, 0ms(0ms) system, 0(0) faults
06-18 11:17:02.305 28418 28448 W GeckoThread: zerdatime 1472663170 - runGecko
06-18 11:17:03.212 28626 28626 E y.keyboard:tab: Unknown bits set in runtime_flags: 0x40000000
06-18 11:17:03.298 28626 28646 E GeckoLibLoad: Load sqlite start
06-18 11:17:03.299 28626 28646 E GeckoLibLoad: Load sqlite done
06-18 11:17:03.300 28626 28646 E GeckoLibLoad: Load nss start
06-18 11:17:03.300 28626 28646 E GeckoLibLoad: Load nss done
06-18 11:17:03.348 28626 28646 E GeckoLibLoad: Loaded libs in 48.301511ms total, 5ms(6ms) user, 6ms(6ms) system, 7(7) faults
06-18 11:17:03.349 28626 28646 W GeckoThread: zerdatime 1472664213 - runGecko
06-18 11:17:03.760 26233 27745 E BLASTBufferQueue: BLASTBufferItemConsumer::onDisconnect()
06-18 11:17:03.762 26233 26233 E GeckoView: Failed to detach WindowInsetsListener: 
06-18 11:17:03.762 26233 26233 E GeckoView: 	at org.mozilla.geckoview.GeckoView.detachWindowInsetsListener(r8-map-id-ce1158ad9b795f3ad0ee1f95ae8833a44d84ead021af0627ba5355339fd5d70c:1)
06-18 11:17:03.762 26233 26233 E GeckoView: 	at org.mozilla.geckoview.GeckoView.onDetachedFromWindow(r8-map-id-ce1158ad9b795f3ad0ee1f95ae8833a44d84ead021af0627ba5355339fd5d70c:25)
06-18 11:17:03.762 26233 26233 E GeckoView: 	at helium314.keyboard.latin.panels.ImeGeckoView.onDetachedFromWindow(r8-map-id-ce1158ad9b795f3ad0ee1f95ae8833a44d84ead021af0627ba5355339fd5d70c:1)
06-18 11:17:03.762 26233 26233 E GeckoView: 	at android.view.View.dispatchDetachedFromWindow(View.java:20955)
06-18 11:17:03.762 26233 26233 E GeckoView: 	at android.view.ViewGroup.dispatchDetachedFromWindow(ViewGroup.java:4014)
06-18 11:17:03.762 26233 26233 E GeckoView: 	at android.view.ViewGroup.removeViewInternal(ViewGroup.java:5660)
06-18 11:17:03.762 26233 26233 E GeckoView: 	at android.view.ViewGroup.removeViewInternal(ViewGroup.java:5631)
06-18 11:17:03.762 26233 26233 E GeckoView: 	at android.view.ViewGroup.removeView(ViewGroup.java:5562)
06-18 11:17:03.762 26233 26233 E GeckoView: 	at a8.t0.run(r8-map-id-ce1158ad9b795f3ad0ee1f95ae8833a44d84ead021af0627ba5355339fd5d70c:1198)
06-18 11:17:03.762 26233 26233 E GeckoView: 	at helium314.keyboard.latin.panels.BrowserPanelView.R(r8-map-id-ce1158ad9b795f3ad0ee1f95ae8833a44d84ead021af0627ba5355339fd5d70c:142)
06-18 11:17:03.762 26233 26233 E GeckoView: 	at helium314.keyboard.latin.panels.BrowserPanelView.I0(r8-map-id-ce1158ad9b795f3ad0ee1f95ae8833a44d84ead021af0627ba5355339fd5d70c:73)
06-18 11:17:03.762 26233 26233 E GeckoView: 	at i7.c0.r(r8-map-id-ce1158ad9b795f3ad0ee1f95ae8833a44d84ead021af0627ba5355339fd5d70c:149)
06-18 11:17:03.762 26233 26233 E GeckoView: 	at i7.c0.Q(r8-map-id-ce1158ad9b795f3ad0ee1f95ae8833a44d84ead021af0627ba5355339fd5d70c:17)
06-18 11:17:03.762 26233 26233 E GeckoView: 	at a8.h5.a(r8-map-id-ce1158ad9b795f3ad0ee1f95ae8833a44d84ead021af0627ba5355339fd5d70c:3)
06-18 11:17:03.762 26233 26233 E GeckoView: 	at a8.f3.onClick(r8-map-id-ce1158ad9b795f3ad0ee1f95ae8833a44d84ead021af0627ba5355339fd5d70c:207)
06-18 11:17:03.762 26233 26233 E GeckoView: 	at android.view.View.performClick(View.java:7488)
06-18 11:17:03.762 26233 26233 E GeckoView: 	at android.view.View.performClickInternal(View.java:7464)
06-18 11:17:03.762 26233 26233 E GeckoView: 	at android.view.View.access$3700(View.java:841)
06-18 11:17:03.762 26233 26233 E GeckoView: 	at android.view.View$PerformClick.run(View.java:28911)
06-18 11:17:03.762 26233 26233 E GeckoView: 	at android.os.Handler.handleCallback(Handler.java:938)
06-18 11:17:03.762 26233 26233 E GeckoView: 	at android.os.Handler.dispatchMessage(Handler.java:99)
06-18 11:17:03.762 26233 26233 E GeckoView: 	at android.os.Looper.loopOnce(Looper.java:233)
06-18 11:17:03.762 26233 26233 E GeckoView: 	at android.os.Looper.loop(Looper.java:344)
06-18 11:17:03.762 26233 26233 E GeckoView: 	at android.app.ActivityThread.main(ActivityThread.java:8212)
06-18 11:17:03.762 26233 26233 E GeckoView: 	at java.lang.reflect.Method.invoke(Native Method)
06-18 11:17:03.762 26233 26233 E GeckoView: 	at com.android.internal.os.RuntimeInit$MethodAndArgsCaller.run(RuntimeInit.java:584)
06-18 11:17:03.762 26233 26233 E GeckoView: 	at com.android.internal.os.ZygoteInit.main(ZygoteInit.java:1034)
06-18 11:17:03.768 26233 27970 E GeckoConsole: [JavaScript Error: "TypeError: can't access property "WindowEventDispatcher", win is null" {file: "resource://gre/modules/GeckoViewSessionStore.sys.mjs" line: 149}]
06-18 11:17:03.768 26233 27970 E GeckoConsole: onTabStateUpdate@resource://gre/modules/GeckoViewSessionStore.sys.mjs:149:5
06-18 11:17:03.768 26233 27970 E GeckoConsole: updateSessionStoreFromTabListener@resource://gre/modules/GeckoViewSessionStore.sys.mjs:243:10
06-18 11:17:03.870 28705 28705 E .keyboard:tab1: Unknown bits set in runtime_flags: 0x40000000
06-18 11:17:03.888 26233 26233 W GeckoSession: No history entries found.
06-18 11:17:03.893 28714 28714 E .keyboard:tab2: Unknown bits set in runtime_flags: 0x40000000
06-18 11:17:03.939 28735 28735 E .keyboard:tab2: Unknown bits set in runtime_flags: 0x40000000
06-18 11:17:03.999 28705 28753 E GeckoLibLoad: Load sqlite start
06-18 11:17:04.000 28705 28753 E GeckoLibLoad: Load sqlite done
06-18 11:17:04.001 28705 28753 E GeckoLibLoad: Load nss start
06-18 11:17:04.001 28705 28753 E GeckoLibLoad: Load nss done
06-18 11:17:04.003 28714 28754 E GeckoLibLoad: Load sqlite start
06-18 11:17:04.007 28714 28754 E GeckoLibLoad: Load sqlite done
06-18 11:17:04.008 28714 28754 E GeckoLibLoad: Load nss start
06-18 11:17:04.008 28714 28754 E GeckoLibLoad: Load nss done
06-18 11:17:04.038 28705 28753 E GeckoLibLoad: Loaded libs in 37.245573ms total, 8ms(4ms) user, 0ms(6ms) system, 0(0) faults
06-18 11:17:04.038 28705 28753 W GeckoThread: zerdatime 1472664903 - runGecko
06-18 11:17:04.047 28714 28754 E GeckoLibLoad: Loaded libs in 39.291302ms total, 0ms(3ms) user, 19ms(18ms) system, 0(0) faults
06-18 11:17:04.047 28714 28754 W GeckoThread: zerdatime 1472664912 - runGecko
06-18 11:17:04.073 28735 28763 E GeckoLibLoad: Load sqlite start
06-18 11:17:04.074 28735 28763 E GeckoLibLoad: Load sqlite done
06-18 11:17:04.074 28735 28763 E GeckoLibLoad: Load nss start
06-18 11:17:04.074 28735 28763 E GeckoLibLoad: Load nss done
06-18 11:17:04.086 28735 28763 E GeckoLibLoad: Loaded libs in 12.292656ms total, 0ms(0ms) user, 10ms(9ms) system, 0(0) faults
06-18 11:17:04.087 28735 28763 W GeckoThread: zerdatime 1472664951 - runGecko
06-18 11:17:04.373 28828 28828 E .keyboard:tab3: Unknown bits set in runtime_flags: 0x40000000
06-18 11:17:04.412 28141 28158 E Isolated Web Content: Location: https://api.permutive.com/v1.0/state?fetch_unseen=false&k=6c1a38c7-5ed9-4ac8-b4dc-ff261fe14746
06-18 11:17:04.412 28141 28158 E Isolated Web Content: Line Number 1, Column 1:" {file: "https://api.permutive.com/v1.0/state?fetch_unseen=false&k=6c1a38c7-5ed9-4ac8-b4dc-ff261fe14746" line: 1}]
06-18 11:17:04.471 28828 28852 E GeckoLibLoad: Load sqlite start
06-18 11:17:04.473 28828 28852 E GeckoLibLoad: Load sqlite done
06-18 11:17:04.474 28828 28852 E GeckoLibLoad: Load nss start
06-18 11:17:04.475 28828 28852 E GeckoLibLoad: Load nss done
06-18 11:17:04.494 28828 28852 E GeckoLibLoad: Loaded libs in 19.454010ms total, 0ms(0ms) user, 11ms(12ms) system, 4(4) faults
06-18 11:17:04.494 28828 28852 W GeckoThread: zerdatime 1472665359 - runGecko
06-18 11:17:04.510 28854 28854 E .keyboard:tab1: Unknown bits set in runtime_flags: 0x40000000
06-18 11:17:04.606 28897 28897 E y.keyboard:tab: Unknown bits set in runtime_flags: 0x40000000
06-18 11:17:04.607 28854 28896 E GeckoLibLoad: Load sqlite start
06-18 11:17:04.609 28854 28896 E GeckoLibLoad: Load sqlite done
06-18 11:17:04.609 28854 28896 E GeckoLibLoad: Load nss start
06-18 11:17:04.609 28854 28896 E GeckoLibLoad: Load nss done
06-18 11:17:04.622 28854 28896 E GeckoLibLoad: Loaded libs in 13.352916ms total, 0ms(0ms) user, 7ms(10ms) system, 0(0) faults
06-18 11:17:04.623 28854 28896 W GeckoThread: zerdatime 1472665488 - runGecko
06-18 11:17:04.690 28897 28935 E GeckoLibLoad: Load sqlite start
06-18 11:17:04.692 28897 28935 E GeckoLibLoad: Load sqlite done
06-18 11:17:04.697 28897 28935 E GeckoLibLoad: Load nss start
06-18 11:17:04.697 28897 28935 E GeckoLibLoad: Load nss done
06-18 11:17:04.708 28897 28935 E GeckoLibLoad: Loaded libs in 10.928229ms total, 3ms(0ms) user, 6ms(9ms) system, 0(0) faults
06-18 11:17:04.709 28897 28935 W GeckoThread: zerdatime 1472665573 - runGecko
06-18 11:17:05.176 29036 29036 E .keyboard:tab3: Unknown bits set in runtime_flags: 0x40000000
06-18 11:17:05.260 29036 29054 E GeckoLibLoad: Load sqlite start
06-18 11:17:05.262 29036 29054 E GeckoLibLoad: Load sqlite done
06-18 11:17:05.263 29036 29054 E GeckoLibLoad: Load nss start
06-18 11:17:05.263 29036 29054 E GeckoLibLoad: Load nss done
06-18 11:17:05.277 29036 29054 E GeckoLibLoad: Loaded libs in 13.765625ms total, 7ms(5ms) user, 1ms(2ms) system, 0(0) faults
06-18 11:17:05.277 29036 29054 W GeckoThread: zerdatime 1472666141 - runGecko
06-18 11:17:05.284 26233 26233 I VkSwipe : ▶ gesture started locale=pt-BR
06-18 11:17:05.294 26233 26233 I VkTyping: typing focus — background suppressed (browserActive=false)
06-18 11:17:05.316 28828 28852 W Isolated Web Content: g@https://www.dianomi.com/cdn-cgi/challenge-platform/scripts/jsd/main.js:1:4458
06-18 11:17:05.316 28828 28852 W Isolated Web Content: h@https://www.dianomi.com/cdn-cgi/challenge-platform/scripts/jsd/main.js:1:4199
06-18 11:17:05.316 28828 28852 W Isolated Web Content: c@https://www.dianomi.com/cdn-cgi/challenge-platform/scripts/jsd/main.js:1:10858
06-18 11:17:05.316 28828 28852 W Isolated Web Content: VSNuA@https://www.dianomi.com/cdn-cgi/challenge-platform/scripts/jsd/main.js:1:15465
06-18 11:17:05.316 28828 28852 W Isolated Web Content: Y@https://www.dianomi.com/cdn-cgi/challenge-platform/scripts/jsd/main.js:1:15523
06-18 11:17:05.316 28828 28852 W Isolated Web Content: gMmpu@https://www.dianomi.com/cdn-cgi/challenge-platform/scripts/jsd/main.js:1:18260
06-18 11:17:05.316 28828 28852 W Isolated Web Content: p@https://www.dianomi.com/cdn-cgi/challenge-platform/scripts/jsd/main.js:1:18468
06-18 11:17:05.316 28828 28852 W Isolated Web Content: JVWqx@https://www.dianomi.com/cdn-cgi/challenge-platform/scripts/jsd/main.js:1:18226
06-18 11:17:05.316 28828 28852 W Isolated Web Content: k@https://www.dianomi.com/cdn-cgi/challenge-platform/scripts/jsd/main.js:1:18529
06-18 11:17:05.316 28828 28852 W Isolated Web Content: @https://www.dianomi.com/cdn-cgi/challenge-platform/scripts/jsd/main.js:1:8154
06-18 11:17:05.316 28828 28852 W Isolated Web Content: @https://www.dianomi.com/cdn-cgi/challenge-platform/scripts/jsd/main.js:1:18830
06-18 11:17:05.316 28828 28852 W Isolated Web Content: " {file: "https://www.dianomi.com/cdn-cgi/challenge-platform/scripts/j
06-18 11:17:05.325 26233 26281 W VibeKeyProfiler: Slow Native Suggest: Total=22.12ms | Init=0.28ms | TrieExpand(x15)=21.82ms | Scoring=0.03ms | inputSize=1
06-18 11:17:05.332 26233 27970 W GeckoConsole: [JavaScript Warning: "Missing resource in locale pt-BR: dom/media.ftl"]
06-18 11:17:05.333 26233 27970 W GeckoConsole: [JavaScript Warning: "Missing resource in locale pt-PT: dom/media.ftl"]
06-18 11:17:05.336 26233 26281 I VkSuggestions: decode typedLen=0 candidates=18 locales=1 40,6ms
06-18 11:17:05.336 26233 26281 W VkSuggestions: slow frame 40,6ms locales=1 typedLen=0 candidates=18
06-18 11:17:05.399 26233 26281 I VkSuggestions: decode typedLen=2 candidates=18 locales=1 10,6ms
06-18 11:17:05.411 26233 26281 W VibeKeyProfiler: Slow Native Suggest: Total=11.85ms | Init=0.06ms | TrieExpand(x10)=11.77ms | Scoring=0.02ms | inputSize=10
06-18 11:17:05.416 26233 26281 I VkSuggestions: decode typedLen=0 candidates=16 locales=1 16,8ms
06-18 11:17:05.416 26233 26281 W VkSuggestions: slow frame 16,8ms locales=1 typedLen=0 candidates=16
06-18 11:17:05.593 26233 26281 I VkSuggestions: decode typedLen=3 candidates=18 locales=1 6,5ms
06-18 11:17:05.604 26233 26281 W VibeKeyProfiler: Slow Native Suggest: Total=10.39ms | Init=0.10ms | TrieExpand(x16)=10.28ms | Scoring=0.02ms | inputSize=23
06-18 11:17:05.609 26233 26281 I VkSuggestions: decode typedLen=0 candidates=16 locales=1 15,4ms
06-18 11:17:05.784 26233 26281 I VkSuggestions: decode typedLen=4 candidates=18 locales=1 12,3ms
06-18 11:17:05.793 26233 26281 I VkSuggestions: decode typedLen=0 candidates=16 locales=1 8,1ms
06-18 11:17:05.810 26233 26281 I VkSuggestions: decode typedLen=4 candidates=18 locales=1 8,5ms
06-18 11:17:05.825 26233 26281 W VibeKeyProfiler: Slow Native Suggest: Total=14.47ms | Init=0.15ms | TrieExpand(x29)=14.30ms | Scoring=0.02ms | inputSize=35
06-18 11:17:05.830 26233 26281 I VkSuggestions: decode typedLen=0 candidates=16 locales=1 19,5ms
06-18 11:17:05.830 26233 26281 W VkSuggestions: slow frame 19,5ms locales=1 typedLen=0 candidates=16
06-18 11:17:05.852 26233 26233 I VkSwipe : ✓ gesture points=35 decodedLen=4 candidates=18 top=John 567ms
06-18 11:17:11.500 29150 29150 E ibekey.keyboar: Unknown bits set in runtime_flags: 0x40000000
06-18 11:17:11.768 29150 29150 W g0      : Could not load system glide typing library jni_latinimegoogle: dlopen failed: library "libjni_latinimegoogle.so" not found
06-18 11:17:11.905 29150 29150 W t       : No editor info for this field. Bug?
06-18 11:17:11.916 29150 29150 I VkMultilingual: reset main=pt-BR locales=[pt,es] count=2
06-18 11:17:11.993 29150 29150 W ibekey.keyboar: ClassLoaderContext classpath size mismatch. expected=1, found=0 (DLC[];PCL[base.apk*116719914]{PCL[/system/framework/org.apache.http.legacy.jar*3034548894]#PCL[/apex/com.android.extservices/javalib/android.ext.adservices.jar*3839736497]#PCL[/system/framework/com.android.location.provider.jar*3633238672]#PCL[/system/framework/com.android.media.remotedisplay.jar*3472798123]#PCL[/apex/com.android.extservices/javalib/android.ext.adservices.jar*3839736497]} | DLC[];PCL[])
06-18 11:17:12.014 29150 29150 W System  : ClassLoader referenced unknown path: 
06-18 11:17:12.028 29150 29150 W ibekey.keyboar: ClassLoaderContext classpath element checksum mismatch. expected=116719914, found=472668353 (DLC[];PCL[base.apk*116719914]{PCL[/system/framework/org.apache.http.legacy.jar*3034548894]#PCL[/apex/com.android.extservices/javalib/android.ext.adservices.jar*3839736497]#PCL[/system/framework/com.android.location.provider.jar*3633238672]#PCL[/system/framework/com.android.media.remotedisplay.jar*3472798123]#PCL[/apex/com.android.extservices/javalib/android.ext.adservices.jar*3839736497]} | DLC[];PCL[/data/app/~~l6VoXCaVPlKU0beS7--dfg==/com.vibekey.keyboard-a3E7P_HPoJJCLceFqBxVaA==/base.apk*472668353]{PCL[/apex/com.android.extservices/javalib/android.ext.adservices.jar*3839736497]})
06-18 11:17:12.538 29150 29150 E ibekey.keyboar: ofbOpen failed with error=No such file or directory
06-18 11:17:12.538 29150 29150 E ibekey.keyboar: sysOpen failed with error=No such file or directory
06-18 11:17:12.575 29150 29233 W Ads     : Update ad debug logging enablement as false
06-18 11:17:12.649 29150 29150 E MultiApp.Impl: OplusMultiAppImpl
06-18 11:17:12.754 29150 29282 W libc    : Access denied finding property "ro.vendor.api_level"
06-18 11:17:12.760 29150 29150 W chromium: [WARNING:android_webview/browser/network_service/net_helpers.cc:137] HTTP Cache size is: 20971520
06-18 11:17:12.830 29150 29298 W libc    : Access denied finding property "vendor.camera.aux.packagelist"
06-18 11:17:12.830 29150 29298 W libc    : Access denied finding property "vendor.camera.aux.packagelist"
06-18 11:17:12.831 29150 29165 W libc    : Access denied finding property "vendor.camera.aux.packagelist"
06-18 11:17:12.839 29150 29150 I VkSwipe : ○ gesture canceled
06-18 11:17:12.842 29150 29150 E OplusCustomizeRestrictionManager: sInstance is null, start a new sInstance
06-18 11:17:12.858 29150 29150 I VkEffects: reload anim=scale blur=562px glow=true stickers=true
06-18 11:17:12.962 29150 29150 I VkTyping: ▶ open restart=false pkg=com.android.launcher inputType=589825
06-18 11:17:12.967 29150 29150 I VkMultilingual: reset main=pt-BR locales=[pt,es] count=2
06-18 11:17:12.977 29150 29150 I VkMultilingual: reset main=pt-BR locales=[pt,es] count=2
06-18 11:17:13.111 29150 29284 W cr_media: BLUETOOTH_CONNECT permission is missing.
06-18 11:17:13.111 29150 29284 W cr_media: getBluetoothAdapter() requires BLUETOOTH permission
06-18 11:17:13.112 29150 29284 W cr_media: registerBluetoothIntentsIfNeeded: Requires BLUETOOTH permission
06-18 11:17:13.307 29150 29150 W View    : requestLayout() improperly called by android.widget.LinearLayout{ba3150a V.E...... ......ID 0,1868-1440,2818 #7f0a011b app:id/main_keyboard_frame} during layout: running second layout pass
06-18 11:17:13.390 29150 29291 W AudioCapabilities: Unsupported mime audio/ffmpeg
06-18 11:17:13.394 29150 29291 W VideoCapabilities: Unsupported mime video/ffmpeg
06-18 11:17:13.394 29150 29291 W VideoCapabilities: Unrecognized profile/level 0/3 for video/mpeg2
06-18 11:17:13.394 29150 29291 W VideoCapabilities: Unrecognized profile/level 0/3 for video/mpeg2
06-18 11:17:13.445 29150 29248 E BLASTBufferQueue: BLASTBufferItemConsumer::onDisconnect()
06-18 11:17:14.283 29150 29150 I VkTyping: typing focus — background suppressed (browserActive=false)
06-18 11:17:14.311 29150 29150 I VkPanels: ▶ open menu
06-18 11:17:15.119 29150 29150 I VkTyping: ○ hidden
06-18 11:17:15.220 29150 29150 W Settings: Setting transition_animation_scale has moved from android.provider.Settings.System to android.provider.Settings.Global, returning read-only value.
06-18 11:17:18.355 29150 29248 E BLASTBufferQueue: BLASTBufferItemConsumer::onDisconnect()

... (84 Gecko cookie/JS warnings omitted)
... (77 GeckoConsole SessionStore lines omitted)
... (1 GeckoView detach warnings omitted)

=== Feature activity (persisted across restarts) ===
2026-06-18 11:12:25.858536 I VkFavorites: save card Bitcoin Vibe activate=false
2026-06-18 11:12:25.929286 I VkFavorites: save card Doge Meme activate=false
2026-06-18 11:12:25.994258 I VkFavorites: save card Ethereum Vibes activate=false
2026-06-18 11:12:26.044628 I VkFavorites: save card India Popular City activate=false
2026-06-18 11:12:26.125071 I VkFavorites: save card Miami Beach Crypto activate=false
2026-06-18 11:12:26.198051 I VkFavorites: save card Nike Sneakers Crypto activate=false
2026-06-18 11:12:26.246879 I VkFavorites: save card Pepe Meme Frog activate=false
2026-06-18 11:12:26.299602 I VkFavorites: save card Times Square NFT activate=false
2026-06-18 11:12:26.368167 I VkMultilingual: reset main=pt-BR locales=[pt] count=1
2026-06-18 11:12:38.533697 I VkSwipe: ○ gesture canceled
2026-06-18 11:12:38.583044 I VkEffects: reload anim=scale blur=562px glow=true stickers=true
2026-06-18 11:12:38.714843 I VkTyping: ▶ open restart=false pkg=com.android.launcher inputType=589825
2026-06-18 11:12:40.050508 I VkTyping: typing focus — background suppressed (browserActive=false)
2026-06-18 11:12:40.169492 I VkSuggestions: decode typedLen=1 candidates=0 locales=1 2,5ms
2026-06-18 11:12:40.170273 I VkSuggestions: strip composing typedLen=1 candidates=1 autocorrect=false top=h locale=pt
2026-06-18 11:12:40.367668 I VkSuggestions: decode typedLen=2 candidates=0 locales=1 0,1ms
2026-06-18 11:12:40.372830 I VkSuggestions: strip composing typedLen=2 candidates=1 autocorrect=false top=ho locale=pt
2026-06-18 11:12:40.583441 I VkSuggestions: decode typedLen=3 candidates=0 locales=1 0,2ms
2026-06-18 11:12:40.586150 I VkSuggestions: strip composing typedLen=3 candidates=1 autocorrect=false top=hol locale=pt
2026-06-18 11:12:40.704944 I VkSuggestions: decode typedLen=4 candidates=0 locales=1 0,1ms
2026-06-18 11:12:40.705779 I VkSuggestions: strip composing typedLen=4 candidates=1 autocorrect=false top=hola locale=pt
2026-06-18 11:12:41.045902 I VkSuggestions: decode typedLen=5 candidates=0 locales=1 0,3ms
2026-06-18 11:12:41.048051 I VkSuggestions: strip composing typedLen=5 candidates=1 autocorrect=false top=holab locale=pt
2026-06-18 11:12:42.080031 I VkSuggestions: decode typedLen=4 candidates=0 locales=1 0,3ms
2026-06-18 11:12:42.081269 I VkSuggestions: strip composing typedLen=4 candidates=1 autocorrect=false top=hola locale=pt
2026-06-18 11:12:42.669947 I VkAutocorrect: kept (typing): hola
2026-06-18 11:12:42.785349 I VkSuggestions: strip prediction typedLen=0 candidates=1 autocorrect=false top=hola locale=pt
2026-06-18 11:12:43.140218 I VkSuggestions: decode typedLen=1 candidates=0 locales=1 0,2ms
2026-06-18 11:12:43.140829 I VkSuggestions: strip composing typedLen=1 candidates=1 autocorrect=false top=a locale=pt
2026-06-18 11:12:44.502474 I VkSuggestions: strip prediction typedLen=0 candidates=1 autocorrect=false top=hola locale=pt
2026-06-18 11:12:44.828957 I VkSuggestions: strip composing typedLen=1 candidates=1 autocorrect=false top=m locale=pt
2026-06-18 11:12:45.571396 I VkSuggestions: decode typedLen=2 candidates=0 locales=1 0,2ms
2026-06-18 11:12:45.572060 I VkSuggestions: strip composing typedLen=2 candidates=1 autocorrect=false top=ma locale=pt
2026-06-18 11:12:45.829504 I VkSuggestions: decode typedLen=3 candidates=0 locales=1 0,1ms
2026-06-18 11:12:45.830202 I VkSuggestions: strip composing typedLen=3 candidates=1 autocorrect=false top=mar locale=pt
2026-06-18 11:12:46.046480 I VkSuggestions: decode typedLen=5 candidates=0 locales=1 0,2ms
2026-06-18 11:12:46.047528 I VkSuggestions: strip composing typedLen=5 candidates=1 autocorrect=false top=maris locale=pt
