06-02 14:21:05.023  2389  2389 W View    : requestLayout() improperly called by android.widget.LinearLayout{6e15481 V.E...... ......ID 0,1973-1440,2923 #7f0a011b app:id/main_keyboard_frame} during layout: running second layout pass
06-02 14:21:05.100  2389  2650 W AudioCapabilities: Unsupported mime audio/ffmpeg
06-02 14:21:05.100  2389  2650 W VideoCapabilities: Unsupported mime video/ffmpeg
06-02 14:21:05.101  2389  2650 W VideoCapabilities: Unrecognized profile/level 0/3 for video/mpeg2
06-02 14:21:05.101  2389  2650 W VideoCapabilities: Unrecognized profile/level 0/3 for video/mpeg2
06-02 14:21:05.195  2389  2808 W Settings: Setting animator_duration_scale has moved from android.provider.Settings.System to android.provider.Settings.Global, returning read-only global URI.
06-02 14:21:05.202  2389  2808 E GeckoLibLoad: Load sqlite start
06-02 14:21:05.211  2389  2808 E GeckoLibLoad: Load sqlite done
06-02 14:21:05.211  2389  2808 E GeckoLibLoad: Load nss start
06-02 14:21:05.211  2389  2808 E GeckoLibLoad: Load nss done
06-02 14:21:05.221  2389  2808 E GeckoLibLoad: Loaded libs in 9.422083ms total, 0ms(13ms) user, 8ms(20ms) system, 0(0) faults
06-02 14:21:05.221  2389  2808 W GeckoThread: zerdatime 101308082 - runGecko
06-02 14:21:05.301  2389  2808 E ibekey.keyboar: hiddenapi: Accessing hidden field Ljava/lang/Boolean;->value:Z (runtime_flags=0, domain=core-platform, api=max-target-p) from Lorg/mozilla/gecko/GeckoThread; (domain=app, TargetSdkVersion=35) using JNI: denied
06-02 14:21:05.301  2389  2808 E ibekey.keyboar: hiddenapi: Accessing hidden field Ljava/lang/Integer;->value:I (runtime_flags=0, domain=core-platform, api=max-target-p) from Lorg/mozilla/gecko/GeckoThread; (domain=app, TargetSdkVersion=35) using JNI: denied
06-02 14:21:05.301  2389  2808 E ibekey.keyboar: hiddenapi: Accessing hidden field Ljava/lang/Long;->value:J (runtime_flags=0, domain=core-platform, api=max-target-p) from Lorg/mozilla/gecko/GeckoThread; (domain=app, TargetSdkVersion=35) using JNI: denied
06-02 14:21:05.301  2389  2808 E ibekey.keyboar: hiddenapi: Accessing hidden field Ljava/lang/Double;->value:D (runtime_flags=0, domain=core-platform, api=max-target-p) from Lorg/mozilla/gecko/GeckoThread; (domain=app, TargetSdkVersion=35) using JNI: denied
06-02 14:21:05.357  2842  2842 E y.keyboard:tab: Unknown bits set in runtime_flags: 0x40000000
06-02 14:21:06.200  2912  2912 E libcrashpad_handler_trampoline.so: createInstance(64bit) : createExtendedFactory
06-02 14:21:06.201  2912  2912 E libcrashpad_handler_trampoline.so: createInstance(64bit) : createExtendedFactory
06-02 14:21:06.201  2912  2912 E libcrashpad_handler_trampoline.so: Opened libinputextensionsimpl.so
06-02 14:21:06.201  2912  2912 E libcrashpad_handler_trampoline.so: Opened libinputextensionsimpl.so
06-02 14:21:06.203  2912  2912 E libcrashpad_handler_trampoline.so: createInstance(64bit) : createExtendedFactory
06-02 14:21:06.203  2912  2912 E libcrashpad_handler_trampoline.so: createInstance(64bit) : createExtendedFactory
06-02 14:21:06.203  2912  2912 E libcrashpad_handler_trampoline.so: Opened libsensorextimpl.so
06-02 14:21:06.203  2912  2912 E libcrashpad_handler_trampoline.so: Opened libsensorextimpl.so
06-02 14:21:06.337  2389  2500 F libc    : Fatal signal 7 (SIGBUS), code 2 (BUS_ADRERR), fault addr 0x766528c392 in tid 2500 (d), pid 2389 (AndroidUI)
06-02 14:21:06.578  2916  2916 E DEBUG   : failed to read /proc/uptime: Permission denied
06-02 14:21:07.356  2916  2916 F DEBUG   : Process name is com.vibekey.keyboard, not key_process
06-02 14:21:07.356  2916  2916 F DEBUG   : keyProcess: 0
06-02 14:21:07.356  2916  2916 F DEBUG   : *** *** *** *** *** *** *** *** *** *** *** *** *** *** *** ***
06-02 14:21:07.356  2916  2916 F DEBUG   : Build fingerprint: 'OnePlus/OnePlus7Pro/OnePlus7Pro:12/SKQ1.211113.001/P.202303230244:user/release-keys'
06-02 14:21:07.356  2916  2916 F DEBUG   : Revision: '0'
06-02 14:21:07.356  2916  2916 F DEBUG   : ABI: 'arm64'
06-02 14:21:07.356  2916  2916 F DEBUG   : Timestamp: 2026-06-02 14:21:06.578500384-0400
06-02 14:21:07.356  2916  2916 F DEBUG   : Process uptime: 0s
06-02 14:21:07.356  2916  2916 F DEBUG   : Cmdline: com.vibekey.keyboard
06-02 14:21:07.356  2916  2916 F DEBUG   : pid: 2389, tid: 2500, name: d  >>> com.vibekey.keyboard <<<
06-02 14:21:07.356  2916  2916 F DEBUG   : uid: 13891
06-02 14:21:07.356  2916  2916 F DEBUG   : signal 7 (SIGBUS), code 2 (BUS_ADRERR), fault addr 0x766528c392
06-02 14:21:07.356  2916  2916 F DEBUG   :     x0  0000000000000000  x1  00000000000009c4  x2  0000000000000007  x3  000000768a7feda0
06-02 14:21:07.356  2916  2916 F DEBUG   :     x4  000000768a7fe6a8  x5  000000768a7fe6a8  x6  000000768a7fe6a8  x7  0000000000000000
06-02 14:21:07.356  2916  2916 F DEBUG   :     x8  00000000000000f0  x9  db746b027190efc7  x10 0000000000004001  x11 0000000000000000
06-02 14:21:07.356  2916  2916 F DEBUG   :     x12 00000000ffffffff  x13 0000000000000000  x14 0000000000000100  x15 0000000000000000
06-02 14:21:07.356  2916  2916 F DEBUG   :     x16 000000757ca4b410  x17 00000076790b8f10  x18 000000755f542000  x19 0000000000000007
06-02 14:21:07.356  2916  2916 F DEBUG   :     x20 000000768a7feda0  x21 0000000000000955  x22 000000768a7fed00  x23 0000000000000001
06-02 14:21:07.356  2916  2916 F DEBUG   :     x24 b400007414641f40  x25 b4000075cacb2390  x26 0000000000074680  x27 b40000741460d100
06-02 14:21:07.356  2916  2916 F DEBUG   :     x28 0000000000000000  x29 000000768a7fed20
06-02 14:21:07.356  2916  2916 F DEBUG   :     lr  0000007576c73da0  sp  000000768a7fed00  pc  00000076790b8f34  pst 0000000000000000
06-02 14:21:07.356  2916  2916 F DEBUG   : backtrace:
06-02 14:21:07.356  2916  2916 F DEBUG   :       #00 pc 0000000000075f34  /apex/com.android.runtime/lib64/bionic/libc.so (syscall+36) (BuildId: bbbdeb7c87c74f1491f92c6e605095b0)
06-02 14:21:07.356  2916  2916 F DEBUG   :       #01 pc 0000000004062d9c  /data/app/~~0vURfNRJhP5qOxDjXMAdJA==/com.google.android.webview-1jICq8A_gawMkQD3QY60ZA==/base.apk!libwebviewchromium.so (BuildId: 6830cf8493d489d274dd2200dc390799760c2507)
06-02 14:21:07.356  2916  2916 F DEBUG   :       #02 pc 0000000004059518  /data/app/~~0vURfNRJhP5qOxDjXMAdJA==/com.google.android.webview-1jICq8A_gawMkQD3QY60ZA==/base.apk!libwebviewchromium.so (BuildId: 6830cf8493d489d274dd2200dc390799760c2507)
06-02 14:21:07.356  2916  2916 F DEBUG   :       #03 pc 0000000000000638  [vdso] (__kernel_rt_sigreturn+0)
06-02 14:21:07.356  2916  2916 F DEBUG   :       #04 pc 00000000000b623c  /data/app/~~o0IDpf5dZyI1QwCvAigHGA==/com.vibekey.keyboard-ND4J-sNbdy9txQXN6K2k8A==/lib/arm64/libjni_latinime.so (latinime::PatriciaTrieReadingUtils::getPtNodeArraySizeAndAdvancePosition(unsigned char const*, int*)+8) (BuildId: 8d76756a997f3dfd1fecc1bfb186b1b8aa252cdd)
06-02 14:21:07.357  2916  2916 F DEBUG   :       #05 pc 00000000000b6b50  /data/app/~~o0IDpf5dZyI1QwCvAigHGA==/com.vibekey.keyboard-ND4J-sNbdy9txQXN6K2k8A==/lib/arm64/libjni_latinime.so (latinime::PatriciaTriePolicy::createAndGetAllChildDicNodes(latinime::DicNode const*, latinime::DicNodeVector*) const+108) (BuildId: 8d76756a997f3dfd1fecc1bfb186b1b8aa252cdd)
06-02 14:21:07.357  2916  2916 F DEBUG   :       #06 pc 00000000000d581c  /data/app/~~o0IDpf5dZyI1QwCvAigHGA==/com.vibekey.keyboard-ND4J-sNbdy9txQXN6K2k8A==/lib/arm64/libjni_latinime.so (latinime::Suggest::processDicNodeAsOmission(latinime::DicTraverseSession*, latinime::DicNode*) const+84) (BuildId: 8d76756a997f3dfd1fecc1bfb186b1b8aa252cdd)
06-02 14:21:07.357  2916  2916 F DEBUG   :       #07 pc 00000000000d4918  /data/app/~~o0IDpf5dZyI1QwCvAigHGA==/com.vibekey.keyboard-ND4J-sNbdy9txQXN6K2k8A==/lib/arm64/libjni_latinime.so (latinime::Suggest::expandCurrentDicNodes(latinime::DicTraverseSession*) const+1732) (BuildId: 8d76756a997f3dfd1fecc1bfb186b1b8aa252cdd)
06-02 14:21:07.357  2916  2916 F DEBUG   :       #08 pc 00000000000d3a9c  /data/app/~~o0IDpf5dZyI1QwCvAigHGA==/com.vibekey.keyboard-ND4J-sNbdy9txQXN6K2k8A==/lib/arm64/libjni_latinime.so (latinime::Suggest::getSuggestions(latinime::ProximityInfo*, void*, int*, int*, int*, int*, int*, int, float, latinime::SuggestionResults*) const+504) (BuildId: 8d76756a997f3dfd1fecc1bfb186b1b8aa252cdd)
06-02 14:21:07.357  2916  2916 F DEBUG   :       #09 pc 000000000009fd58  /data/app/~~o0IDpf5dZyI1QwCvAigHGA==/com.vibekey.keyboard-ND4J-sNbdy9txQXN6K2k8A==/lib/arm64/libjni_latinime.so (BuildId: 8d76756a997f3dfd1fecc1bfb186b1b8aa252cdd)
06-02 14:21:07.357  2916  2916 F DEBUG   :       #10 pc 00000000002c2100  /apex/com.android.art/lib64/libart.so (art_quick_generic_jni_trampoline+144) (BuildId: 7087b2f2160bfbf3335d54ba9779e325)
06-02 14:21:07.357  2916  2916 F DEBUG   :       #11 pc 00000000006692dc  /apex/com.android.art/lib64/libart.so (nterp_helper+3852) (BuildId: 7087b2f2160bfbf3335d54ba9779e325)
06-02 14:21:07.357  2916  2916 F DEBUG   :       #12 pc 000000000022ef7e  /data/app/~~o0IDpf5dZyI1QwCvAigHGA==/com.vibekey.keyboard-ND4J-sNbdy9txQXN6K2k8A==/oat/arm64/base.vdex (com.android.inputmethod.latin.BinaryDictionary.d+546)
06-02 14:21:07.357  2916  2916 F DEBUG   :       #13 pc 0000000000669a28  /apex/com.android.art/lib64/libart.so (nterp_helper+5720) (BuildId: 7087b2f2160bfbf3335d54ba9779e325)
06-02 14:21:07.357  2916  2916 F DEBUG   :       #14 pc 0000000000aa67ae  /data/app/~~o0IDpf5dZyI1QwCvAigHGA==/com.vibekey.keyboard-ND4J-sNbdy9txQXN6K2k8A==/oat/arm64/base.vdex (t7.l.d+50)
06-02 14:21:07.357  2916  2916 F DEBUG   :       #15 pc 0000000000669a28  /apex/com.android.art/lib64/libart.so (nterp_helper+5720) (BuildId: 7087b2f2160bfbf3335d54ba9779e325)
06-02 14:21:07.357  2916  2916 F DEBUG   :       #16 pc 0000000000aa57be  /data/app/~~o0IDpf5dZyI1QwCvAigHGA==/com.vibekey.keyboard-ND4J-sNbdy9txQXN6K2k8A==/oat/arm64/base.vdex (t7.e.d+150)
06-02 14:21:07.357  2916  2916 F DEBUG   :       #17 pc 0000000000669a28  /apex/com.android.art/lib64/libart.so (nterp_helper+5720) (BuildId: 7087b2f2160bfbf3335d54ba9779e325)
06-02 14:21:07.357  2916  2916 F DEBUG   :       #18 pc 000000000057ff10  /data/app/~~o0IDpf5dZyI1QwCvAigHGA==/com.vibekey.keyboard-ND4J-sNbdy9txQXN6K2k8A==/oat/arm64/base.vdex (n7.p.h+216)
06-02 14:21:07.357  2916  2916 F DEBUG   :       #19 pc 0000000000669a28  /apex/com.android.art/lib64/libart.so (nterp_helper+5720) (BuildId: 7087b2f2160bfbf3335d54ba9779e325)
06-02 14:21:07.357  2916  2916 F DEBUG   :       #20 pc 000000000057fa9c  /data/app/~~o0IDpf5dZyI1QwCvAigHGA==/com.vibekey.keyboard-ND4J-sNbdy9txQXN6K2k8A==/oat/arm64/base.vdex (n7.p.g+384)
06-02 14:21:07.357  2916  2916 F DEBUG   :       #21 pc 0000000000669a28  /apex/com.android.art/lib64/libart.so (nterp_helper+5720) (BuildId: 7087b2f2160bfbf3335d54ba9779e325)
06-02 14:21:07.357  2916  2916 F DEBUG   :       #22 pc 0000000000586cb0  /data/app/~~o0IDpf5dZyI1QwCvAigHGA==/com.vibekey.keyboard-ND4J-sNbdy9txQXN6K2k8A==/oat/arm64/base.vdex (n7.k1.b+348)
06-02 14:21:07.357  2916  2916 F DEBUG   :       #23 pc 0000000000669a28  /apex/com.android.art/lib64/libart.so (nterp_helper+5720) (BuildId: 7087b2f2160bfbf3335d54ba9779e325)
06-02 14:21:07.357  2916  2916 F DEBUG   :       #24 pc 0000000000aad660  /data/app/~~o0IDpf5dZyI1QwCvAigHGA==/com.vibekey.keyboard-ND4J-sNbdy9txQXN6K2k8A==/oat/arm64/base.vdex (v7.b.l+1468)
06-02 14:21:07.357  2916  2916 F DEBUG   :       #25 pc 0000000000669324  /apex/com.android.art/lib64/libart.so (nterp_helper+3924) (BuildId: 7087b2f2160bfbf3335d54ba9779e325)
06-02 14:21:07.357  2916  2916 F DEBUG   :       #26 pc 0000000000582160  /data/app/~~o0IDpf5dZyI1QwCvAigHGA==/com.vibekey.keyboard-ND4J-sNbdy9txQXN6K2k8A==/oat/arm64/base.vdex (n7.v.run+72)
06-02 14:21:07.357  2916  2916 F DEBUG   :       #27 pc 000000000066a144  /apex/com.android.art/lib64/libart.so (nterp_helper+7540) (BuildId: 7087b2f2160bfbf3335d54ba9779e325)
06-02 14:21:07.357  2916  2916 F DEBUG   :       #28 pc 0000000000aaa7e2  /data/app/~~o0IDpf5dZyI1QwCvAigHGA==/com.vibekey.keyboard-ND4J-sNbdy9txQXN6K2k8A==/oat/arm64/base.vdex (v7.d.handleMessage+18)
06-02 14:21:07.357  2916  2916 F DEBUG   :       #29 pc 000000000205b2d4  /memfd:jit-zygote-cache (deleted)
06-02 14:21:07.680   676   676 W LlmEngineService: Severe memory pressure (15); evicting on-device LLM.
06-02 14:21:11.546  2945  2945 E ibekey.keyboar: Unknown bits set in runtime_flags: 0x40000000
06-02 14:21:11.690  2945  2945 W f0      : Could not load system glide typing library jni_latinimegoogle: dlopen failed: library "libjni_latinimegoogle.so" not found
06-02 14:21:11.774  2945  2945 W u       : No editor info for this field. Bug?
06-02 14:21:11.812  2945  2945 W ibekey.keyboar: ClassLoaderContext classpath size mismatch. expected=1, found=0 (DLC[];PCL[base.apk*4009363210]{PCL[/system/framework/org.apache.http.legacy.jar*3034548894]#PCL[/apex/com.android.extservices/javalib/android.ext.adservices.jar*3839736497]#PCL[/system/framework/com.android.location.provider.jar*3633238672]#PCL[/system/framework/com.android.media.remotedisplay.jar*3472798123]#PCL[/apex/com.android.extservices/javalib/android.ext.adservices.jar*3839736497]} | DLC[];PCL[])
06-02 14:21:11.821  2945  2945 W System  : ClassLoader referenced unknown path: 
06-02 14:21:11.824  2945  2945 W ibekey.keyboar: ClassLoaderContext classpath element checksum mismatch. expected=4009363210, found=860287709 (DLC[];PCL[base.apk*4009363210]{PCL[/system/framework/org.apache.http.legacy.jar*3034548894]#PCL[/apex/com.android.extservices/javalib/android.ext.adservices.jar*3839736497]#PCL[/system/framework/com.android.location.provider.jar*3633238672]#PCL[/system/framework/com.android.media.remotedisplay.jar*3472798123]#PCL[/apex/com.android.extservices/javalib/android.ext.adservices.jar*3839736497]} | DLC[];PCL[/data/app/~~o0IDpf5dZyI1QwCvAigHGA==/com.vibekey.keyboard-ND4J-sNbdy9txQXN6K2k8A==/base.apk*860287709]{PCL[/apex/com.android.extservices/javalib/android.ext.adservices.jar*3839736497]})
06-02 14:21:11.874  2945  2945 E ibekey.keyboar: ofbOpen failed with error=No such file or directory
06-02 14:21:11.874  2945  2945 E ibekey.keyboar: sysOpen failed with error=No such file or directory
06-02 14:21:11.902  2945  2945 E MultiApp.Impl: OplusMultiAppImpl
06-02 14:21:11.956  2945  3064 W libc    : Access denied finding property "ro.vendor.api_level"
06-02 14:21:11.963  2945  2945 W chromium: [WARNING:android_webview/browser/network_service/net_helpers.cc:137] HTTP Cache size is: 20971520
06-02 14:21:12.013  2945  3007 W Ads     : Update ad debug logging enablement as false
06-02 14:21:12.015  2945  2945 E OplusCustomizeRestrictionManager: sInstance is null, start a new sInstance
06-02 14:21:12.022  2945  3110 W libc    : Access denied finding property "vendor.camera.aux.packagelist"
06-02 14:21:12.022  2945  3110 W libc    : Access denied finding property "vendor.camera.aux.packagelist"
06-02 14:21:12.023  2945  3023 W libc    : Access denied finding property "vendor.camera.aux.packagelist"
06-02 14:21:12.263  2945  2945 W View    : requestLayout() improperly called by android.widget.LinearLayout{6d248f0 V.E...... ......ID 0,1973-1440,2923 #7f0a011b app:id/main_keyboard_frame} during layout: running second layout pass
06-02 14:21:12.319  2945  3060 W cr_media: BLUETOOTH_CONNECT permission is missing.
06-02 14:21:12.319  2945  3060 W cr_media: getBluetoothAdapter() requires BLUETOOTH permission
06-02 14:21:12.319  2945  3060 W cr_media: registerBluetoothIntentsIfNeeded: Requires BLUETOOTH permission
06-02 14:21:12.422  2945  3085 W AudioCapabilities: Unsupported mime audio/ffmpeg
06-02 14:21:12.422  2945  3085 W VideoCapabilities: Unsupported mime video/ffmpeg
06-02 14:21:12.423  2945  3085 W VideoCapabilities: Unrecognized profile/level 0/3 for video/mpeg2
06-02 14:21:12.423  2945  3085 W VideoCapabilities: Unrecognized profile/level 0/3 for video/mpeg2
06-02 14:21:12.442  2945  3193 W Settings: Setting animator_duration_scale has moved from android.provider.Settings.System to android.provider.Settings.Global, returning read-only global URI.
06-02 14:21:12.445  2945  3193 E GeckoLibLoad: Load sqlite start
06-02 14:21:12.446  2945  3193 E GeckoLibLoad: Load sqlite done
06-02 14:21:12.446  2945  3193 E GeckoLibLoad: Load nss start
06-02 14:21:12.446  2945  3193 E GeckoLibLoad: Load nss done
06-02 14:21:12.457  2945  3193 E GeckoLibLoad: Loaded libs in 10.467864ms total, 10ms(38ms) user, 0ms(13ms) system, 0(0) faults
06-02 14:21:12.457  2945  3193 W GeckoThread: zerdatime 101315318 - runGecko
06-02 14:21:12.512  2945  2945 W com.vibekey.keyboard: type=1400 audit(0.0:49972): avc: denied { bind } for comm=4E65746C696E6B204D6F6E69746F72 scontext=u:r:untrusted_app:s0:c51,c271,c512,c768 tcontext=u:r:untrusted_app:s0:c51,c271,c512,c768 tclass=netlink_route_socket permissive=0 bug=b/155595000 app=com.vibekey.keyboard
06-02 14:21:12.532  2945  3193 E ibekey.keyboar: hiddenapi: Accessing hidden field Ljava/lang/Boolean;->value:Z (runtime_flags=0, domain=core-platform, api=max-target-p) from Lorg/mozilla/gecko/GeckoThread; (domain=app, TargetSdkVersion=35) using JNI: denied
06-02 14:21:12.532  2945  3193 E ibekey.keyboar: hiddenapi: Accessing hidden field Ljava/lang/Integer;->value:I (runtime_flags=0, domain=core-platform, api=max-target-p) from Lorg/mozilla/gecko/GeckoThread; (domain=app, TargetSdkVersion=35) using JNI: denied
06-02 14:21:12.532  2945  3193 E ibekey.keyboar: hiddenapi: Accessing hidden field Ljava/lang/Long;->value:J (runtime_flags=0, domain=core-platform, api=max-target-p) from Lorg/mozilla/gecko/GeckoThread; (domain=app, TargetSdkVersion=35) using JNI: denied
06-02 14:21:12.532  2945  3193 E ibekey.keyboar: hiddenapi: Accessing hidden field Ljava/lang/Double;->value:D (runtime_flags=0, domain=core-platform, api=max-target-p) from Lorg/mozilla/gecko/GeckoThread; (domain=app, TargetSdkVersion=35) using JNI: denied
06-02 14:21:12.581  3244  3244 E y.keyboard:tab: Unknown bits set in runtime_flags: 0x40000000
06-02 14:21:16.178  2945  2988 W VibeKeyProfiler: Slow Native Suggest: Total=17.78ms | Init=0.16ms | TrieExpand(x24)=17.59ms | Scoring=0.02ms | inputSize=30
06-02 14:21:16.184  2945  2988 W VibeKeyProfiler: Slow Kotlin Suggest: Total=23.32ms | locales=1 | typedLen=0 | candidates=17
06-02 14:21:16.549  2945  2988 W VibeKeyProfiler: Slow Native Suggest: Total=22.10ms | Init=0.19ms | TrieExpand(x36)=21.89ms | Scoring=0.02ms | inputSize=46
06-02 14:21:16.558  2945  2988 W VibeKeyProfiler: Slow Kotlin Suggest: Total=31.41ms | locales=1 | typedLen=0 | candidates=17
06-02 14:21:16.637  2945  2988 W VibeKeyProfiler: Slow Native Suggest: Total=21.86ms | Init=0.13ms | TrieExpand(x36)=21.71ms | Scoring=0.02ms | inputSize=46
06-02 14:21:16.643  2945  2988 W VibeKeyProfiler: Slow Kotlin Suggest: Total=27.53ms | locales=1 | typedLen=0 | candidates=17
06-02 14:21:20.114  2945  2988 W VibeKeyProfiler: Slow Native Suggest: Total=9.32ms | Init=0.14ms | TrieExpand(x11)=9.16ms | Scoring=0.02ms | inputSize=11
06-02 14:21:20.797  2945  2988 W VibeKeyProfiler: Slow Native Suggest: Total=10.73ms | Init=0.16ms | TrieExpand(x19)=10.56ms | Scoring=0.01ms | inputSize=53
06-02 14:21:20.926  2945  2988 W VibeKeyProfiler: Slow Native Suggest: Total=10.07ms | Init=0.18ms | TrieExpand(x19)=9.88ms | Scoring=0.02ms | inputSize=54
06-02 14:21:21.039  2945  2988 W VibeKeyProfiler: Slow Native Suggest: Total=10.30ms | Init=0.20ms | TrieExpand(x19)=10.09ms | Scoring=0.01ms | inputSize=55
06-02 14:21:21.068  2945  2988 W VibeKeyProfiler: Slow Native Suggest: Total=9.53ms | Init=0.15ms | TrieExpand(x19)=9.36ms | Scoring=0.02ms | inputSize=55
06-02 14:21:21.908  2945  3365 E ibekey.keyboar: Attempt to load writable dex file: /data/user/0/com.vibekey.keyboard/app_pccache/5/8EBCAAEC2B76C0A33B03137E81AA4B249A0F4C11/pcam.jar
06-02 14:21:21.912  2945  3375 W Ads     : Invoke Firebase method getInstance error.
06-02 14:21:21.912  2945  3375 W Ads     : The Google Mobile Ads SDK will not integrate with Firebase. Admob/Firebase integration requires the latest Firebase SDK jar, but Firebase SDK is either missing or out of date
06-02 14:21:21.912  2945  2945 W AdWorker(Defaul: type=1400 audit(0.0:49975): avc: granted { execute } for path="/data/data/com.vibekey.keyboard/app_pccache/5/8EBCAAEC2B76C0A33B03137E81AA4B249A0F4C11/pcam.jar" dev="dm-2" ino=789141 scontext=u:r:untrusted_app:s0:c51,c271,c512,c768 tcontext=u:object_r:app_data_file:s0:c51,c271,c512,c768 tclass=file app=com.vibekey.keyboard
06-02 14:21:21.921  2945  3362 W ServiceBindIntentUtils: Dynamic lookup for intent failed for action: com.google.android.gms.ads.service.CACHE
06-02 14:21:22.000  2945  3376 W Ads     : Not retrying to fetch app settings
06-02 14:21:22.002  2945  3389 W ServiceBindIntentUtils: Dynamic lookup for intent failed for action: com.google.android.gms.ads.service.START
06-02 14:21:22.024  2945  3007 W Ads     : Not retrying to fetch app settings
06-02 14:21:22.369  2945  2945 W AdManager: Native ad failed to load: code=3 message=Publisher data not found. <https://support.google.com/admob/answer/9905175#9>
06-02 14:21:22.517  2945  2945 W AdManager: Rewarded load failed tier=PRIMARY code=3 domain=com.google.android.gms.ads message=Publisher data not found. <https://support.google.com/admob/answer/9905175#9>
06-02 14:21:22.522  2945  2945 W AdManager: Interstitial ad failed to load: code=3 message=Publisher data not found. <https://support.google.com/admob/answer/9905175#9>
06-02 14:21:24.082  2945  2988 W VibeKeyProfiler: Slow Native Suggest: Total=8.11ms | Init=0.14ms | TrieExpand(x10)=7.95ms | Scoring=0.02ms | inputSize=10
06-02 14:21:24.459  2945  2988 W VibeKeyProfiler: Slow Native Suggest: Total=13.20ms | Init=0.17ms | TrieExpand(x29)=13.01ms | Scoring=0.02ms | inputSize=37
06-02 14:21:24.464  2945  2988 W VibeKeyProfiler: Slow Kotlin Suggest: Total=19.08ms | locales=1 | typedLen=0 | candidates=17
06-02 14:21:24.791  2945  2988 W VibeKeyProfiler: Slow Native Suggest: Total=16.68ms | Init=0.19ms | TrieExpand(x38)=16.47ms | Scoring=0.02ms | inputSize=52
06-02 14:21:24.796  2945  2988 W VibeKeyProfiler: Slow Kotlin Suggest: Total=21.43ms | locales=1 | typedLen=0 | candidates=17
06-02 14:21:24.906  2945  2988 W VibeKeyProfiler: Slow Native Suggest: Total=15.69ms | Init=0.16ms | TrieExpand(x38)=15.51ms | Scoring=0.02ms | inputSize=53
06-02 14:21:24.912  2945  2988 W VibeKeyProfiler: Slow Kotlin Suggest: Total=20.83ms | locales=1 | typedLen=0 | candidates=17
06-02 14:21:25.021  2945  2988 W VibeKeyProfiler: Slow Native Suggest: Total=18.62ms | Init=0.19ms | TrieExpand(x38)=18.42ms | Scoring=0.02ms | inputSize=54
06-02 14:21:25.026  2945  2988 W VibeKeyProfiler: Slow Kotlin Suggest: Total=23.60ms | locales=1 | typedLen=0 | candidates=17
06-02 14:21:25.049  2945  2988 W VibeKeyProfiler: Slow Native Suggest: Total=15.85ms | Init=0.18ms | TrieExpand(x38)=15.66ms | Scoring=0.02ms | inputSize=54
06-02 14:21:25.054  2945  2988 W VibeKeyProfiler: Slow Kotlin Suggest: Total=21.32ms | locales=1 | typedLen=0 | candidates=17
06-02 14:21:26.671  2945  2988 W VibeKeyProfiler: Slow Native Suggest: Total=9.63ms | Init=0.13ms | TrieExpand(x9)=9.48ms | Scoring=0.02ms | inputSize=9
06-02 14:21:27.121  2945  2988 W VibeKeyProfiler: Slow Native Suggest: Total=9.34ms | Init=0.12ms | TrieExpand(x20)=9.21ms | Scoring=0.02ms | inputSize=29
06-02 14:21:27.422  2945  3441 E FilePhenotypeFlags: Config package com.google.android.gms.clearcut_client#com.vibekey.keyboard cannot use FILE backing without declarative registration. See go/phenotype-android-integration#phenotype for more information. This will lead to stale flags.
06-02 14:21:27.442  2945  3441 E FilePhenotypeFlags: Config package com.google.android.gms.clearcut_client#com.vibekey.keyboard cannot use FILE backing without declarative registration. See go/phenotype-android-integration#phenotype for more information. This will lead to stale flags.
06-02 14:21:27.442  2945  3441 E FilePhenotypeFlags: Config package com.google.android.gms.clearcut_client#com.vibekey.keyboard cannot use FILE backing without declarative registration. See go/phenotype-android-integration#phenotype for more information. This will lead to stale flags.
06-02 14:21:27.534  2945  2988 W VibeKeyProfiler: Slow Native Suggest: Total=16.82ms | Init=0.23ms | TrieExpand(x36)=16.57ms | Scoring=0.02ms | inputSize=54
06-02 14:21:27.539  2945  2988 W VibeKeyProfiler: Slow Kotlin Suggest: Total=21.80ms | locales=1 | typedLen=0 | candidates=17
06-02 14:21:27.652  2945  2988 W VibeKeyProfiler: Slow Native Suggest: Total=17.66ms | Init=0.26ms | TrieExpand(x36)=17.38ms | Scoring=0.02ms | inputSize=55
06-02 14:21:27.657  2945  2988 W VibeKeyProfiler: Slow Kotlin Suggest: Total=23.37ms | locales=1 | typedLen=0 | candidates=17
06-02 14:21:27.728  2945  2988 W VibeKeyProfiler: Slow Native Suggest: Total=15.45ms | Init=0.18ms | TrieExpand(x36)=15.24ms | Scoring=0.02ms | inputSize=55
06-02 14:21:27.734  2945  2988 W VibeKeyProfiler: Slow Kotlin Suggest: Total=20.88ms | locales=1 | typedLen=0 | candidates=17
06-02 14:21:29.907  2945  2988 W VibeKeyProfiler: Slow Native Suggest: Total=10.18ms | Init=0.01ms | TrieExpand(x12)=10.16ms | Scoring=0.02ms | inputSize=3
06-02 14:21:30.081  2945  2988 W VibeKeyProfiler: Slow Native Suggest: Total=9.18ms | Init=0.10ms | TrieExpand(x15)=9.06ms | Scoring=0.02ms | inputSize=35
06-02 14:21:30.385  2945  2988 W VibeKeyProfiler: Slow Native Suggest: Total=24.14ms | Init=0.18ms | TrieExpand(x36)=23.94ms | Scoring=0.02ms | inputSize=54
06-02 14:21:30.390  2945  2988 W VibeKeyProfiler: Slow Kotlin Suggest: Total=29.14ms | locales=1 | typedLen=0 | candidates=18
06-02 14:21:37.393  2945  3560 W ServiceBindIntentUtils: Dynamic lookup for intent failed for action: com.google.android.gms.ads.service.START
06-02 14:21:37.554  2945  3552 W Ads     : Not retrying to fetch app settings
06-02 14:21:37.564  2945  3541 W Ads     : Not retrying to fetch app settings
06-02 14:21:37.856  2945  2945 W AdManager: Native ad failed to load: code=3 message=Publisher data not found. <https://support.google.com/admob/answer/9905175#9>
06-02 14:21:37.992  2945  2945 W AdManager: Rewarded load failed tier=PRIMARY code=3 domain=com.google.android.gms.ads message=Publisher data not found. <https://support.google.com/admob/answer/9905175#9>
06-02 14:21:38.025  2945  2945 W AdManager: Interstitial ad failed to load: code=3 message=Publisher data not found. <https://support.google.com/admob/answer/9905175#9>
06-02 14:21:45.281  2945  2988 W VibeKeyProfiler: Slow Native Suggest: Total=11.51ms | Init=0.09ms | TrieExpand(x12)=11.31ms | Scoring=0.10ms | inputSize=3
06-02 14:21:45.286  2945  2973 W VibeKeyProfiler: Slow Native Suggest: Total=11.67ms | Init=0.10ms | TrieExpand(x22)=11.56ms | Scoring=0.01ms | inputSize=3
06-02 14:21:45.290  2945  2988 W VibeKeyProfiler: Slow Kotlin Suggest: Total=23.45ms | locales=3 | typedLen=0 | candidates=18 parallelWait=22.98ms
06-02 14:21:45.516  2945  2969 W VibeKeyProfiler: Slow Native Suggest: Total=10.08ms | Init=0.06ms | TrieExpand(x20)=9.99ms | Scoring=0.03ms | inputSize=2
06-02 14:21:45.520  2945  2988 W VibeKeyProfiler: Slow Kotlin Suggest: Total=16.36ms | locales=3 | typedLen=2 | candidates=18 parallelWait=16.23ms
06-02 14:21:45.536  2945  2988 W VibeKeyProfiler: Slow Native Suggest: Total=12.93ms | Init=0.18ms | TrieExpand(x4)=12.71ms | Scoring=0.04ms | inputSize=24
06-02 14:21:45.538  2945  2973 W VibeKeyProfiler: Slow Native Suggest: Total=11.69ms | Init=0.11ms | TrieExpand(x4)=11.54ms | Scoring=0.04ms | inputSize=24
06-02 14:21:45.544  2945  2988 W VibeKeyProfiler: Slow Kotlin Suggest: Total=23.92ms | locales=3 | typedLen=0 | candidates=18 parallelWait=23.53ms
06-02 14:21:45.635  2945  2969 W VibeKeyProfiler: Slow Native Suggest: Total=9.83ms | Init=0.16ms | TrieExpand(x20)=9.63ms | Scoring=0.05ms | inputSize=2
06-02 14:21:45.641  2945  2988 W VibeKeyProfiler: Slow Kotlin Suggest: Total=20.56ms | locales=3 | typedLen=2 | candidates=18 parallelWait=20.40ms
06-02 14:21:45.652  2945  2973 W VibeKeyProfiler: Slow Native Suggest: Total=9.51ms | Init=0.13ms | TrieExpand(x6)=9.36ms | Scoring=0.02ms | inputSize=33
06-02 14:21:50.471  2945  2988 W VibeKeyProfiler: Slow Native Suggest: Total=9.62ms | Init=0.05ms | TrieExpand(x15)=9.52ms | Scoring=0.05ms | inputSize=3
06-02 14:21:50.477  2945  2988 W VibeKeyProfiler: Slow Kotlin Suggest: Total=16.32ms | locales=3 | typedLen=3 | candidates=18 parallelWait=15.94ms
06-02 14:21:52.919  2945  3670 W ServiceBindIntentUtils: Dynamic lookup for intent failed for action: com.google.android.gms.ads.service.START
06-02 14:21:53.028  2945  3658 W Ads     : Not retrying to fetch app settings
06-02 14:21:53.048  2945  3658 W Ads     : Not retrying to fetch app settings
06-02 14:21:53.200  2945  2945 W AdManager: Native ad failed to load: code=3 message=Publisher data not found. <https://support.google.com/admob/answer/9905175#9>
06-02 14:21:53.274  2945  2945 W View    : requestLayout() improperly called by android.widget.FrameLayout{d09c66a V.E...... ......ID 0,1677-1440,1857 #7f0a0087 app:id/browser_nav_footer_float} during layout: running second layout pass
06-02 14:21:53.286  2945  2945 E GeckoView: Failed to attach WindowInsetsListener: 
06-02 14:21:53.286  2945  2945 E GeckoView: java.lang.NullPointerException: Attempt to invoke virtual method 'android.view.Window android.app.Activity.getWindow()' on a null object reference
06-02 14:21:53.286  2945  2945 E GeckoView: 	at org.mozilla.geckoview.GeckoView.attachWindowInsetsListener(r8-map-id-85bb38a905de45152437ca334b351eb80adb24a621cdd65ea75e25d63ae7e63c:1)
06-02 14:21:53.286  2945  2945 E GeckoView: 	at org.mozilla.geckoview.GeckoView.onAttachedToWindow(r8-map-id-85bb38a905de45152437ca334b351eb80adb24a621cdd65ea75e25d63ae7e63c:49)
06-02 14:21:53.286  2945  2945 E GeckoView: 	at android.view.View.dispatchAttachedToWindow(View.java:20900)
06-02 14:21:53.286  2945  2945 E GeckoView: 	at android.view.ViewGroup.dispatchAttachedToWindow(ViewGroup.java:3539)
06-02 14:21:53.286  2945  2945 E GeckoView: 	at android.view.ViewGroup.addViewInner(ViewGroup.java:5378)
06-02 14:21:53.286  2945  2945 E GeckoView: 	at android.view.ViewGroup.addView(ViewGroup.java:5156)
06-02 14:21:53.286  2945  2945 E GeckoView: 	at android.view.ViewGroup.addView(ViewGroup.java:5096)
06-02 14:21:53.286  2945  2945 E GeckoView: 	at helium314.keyboard.latin.panels.BrowserPanelView.V(r8-map-id-85bb38a905de45152437ca334b351eb80adb24a621cdd65ea75e25d63ae7e63c:259)
06-02 14:21:53.286  2945  2945 E GeckoView: 	at helium314.keyboard.latin.panels.BrowserPanelView.E0(r8-map-id-85bb38a905de45152437ca334b351eb80adb24a621cdd65ea75e25d63ae7e63c:64)
06-02 14:21:53.286  2945  2945 E GeckoView: 	at c5.t.run(r8-map-id-85bb38a905de45152437ca334b351eb80adb24a621cdd65ea75e25d63ae7e63c:622)
06-02 14:21:53.286  2945  2945 E GeckoView: 	at g7.y.onGlobalLayout(r8-map-id-85bb38a905de45152437ca334b351eb80adb24a621cdd65ea75e25d63ae7e63c:8)
06-02 14:21:53.286  2945  2945 E GeckoView: 	at android.view.ViewTreeObserver.dispatchOnGlobalLayout(ViewTreeObserver.java:1061)
06-02 14:21:53.286  2945  2945 E GeckoView: 	at android.view.ViewRootImpl.performTraversals(ViewRootImpl.java:3407)
06-02 14:21:53.286  2945  2945 E GeckoView: 	at android.view.ViewRootImpl.doTraversal(ViewRootImpl.java:2305)
06-02 14:21:53.286  2945  2945 E GeckoView: 	at android.view.ViewRootImpl$TraversalRunnable.run(ViewRootImpl.java:9133)
06-02 14:21:53.286  2945  2945 E GeckoView: 	at android.view.Choreographer$CallbackRecord.run(Choreographer.java:1232)
06-02 14:21:53.286  2945  2945 E GeckoView: 	at android.view.Choreographer.doCallbacks(Choreographer.java:1029)
06-02 14:21:53.286  2945  2945 E GeckoView: 	at android.view.Choreographer.doFrame(Choreographer.java:934)
06-02 14:21:53.286  2945  2945 E GeckoView: 	at android.view.Choreographer$FrameDisplayEventReceiver.run(Choreographer.java:1217)
06-02 14:21:53.286  2945  2945 E GeckoView: 	at android.os.Handler.handleCallback(Handler.java:938)
06-02 14:21:53.286  2945  2945 E GeckoView: 	at android.os.Handler.dispatchMessage(Handler.java:99)
06-02 14:21:53.286  2945  2945 E GeckoView: 	at android.os.Looper.loopOnce(Looper.java:233)
06-02 14:21:53.286  2945  2945 E GeckoView: 	at android.os.Looper.loop(Looper.java:344)
06-02 14:21:53.286  2945  2945 E GeckoView: 	at android.app.ActivityThread.main(ActivityThread.java:8212)
06-02 14:21:53.286  2945  2945 E GeckoView: 	at java.lang.reflect.Method.invoke(Native Method)
06-02 14:21:53.286  2945  2945 E GeckoView: 	at com.android.internal.os.RuntimeInit$MethodAndArgsCaller.run(RuntimeInit.java:584)
06-02 14:21:53.286  2945  2945 E GeckoView: 	at com.android.internal.os.ZygoteInit.main(ZygoteInit.java:1034)
06-02 14:21:53.305  2945  2945 W View    : requestLayout() improperly called by helium314.keyboard.latin.panels.BrowserPanelView{7b5f782 V.E...... ......ID 0,0-1440,2040} during layout: running second layout pass
06-02 14:21:53.329  2945  2945 W View    : requestLayout() improperly called by helium314.keyboard.latin.panels.BrowserPanelView{7b5f782 V.E...... ......ID 0,0-1440,2040} during layout: running second layout pass
06-02 14:21:53.334  2945  2945 W View    : requestLayout() improperly called by helium314.keyboard.latin.panels.BrowserPanelView{7b5f782 V.E...... ......I. 0,0-1440,2040} during second layout pass: posting in next frame
06-02 14:21:53.339  2945  2945 W View    : requestLayout() improperly called by helium314.keyboard.latin.panels.BrowserPanelView{7b5f782 V.E...... ......ID 0,0-1440,2040} during layout: running second layout pass
06-02 14:21:53.342  3695  3695 E ey.keyboard:gp: Unknown bits set in runtime_flags: 0x40000000
06-02 14:21:53.342  2945  2945 W View    : requestLayout() improperly called by helium314.keyboard.latin.panels.BrowserPanelView{7b5f782 V.E...... ........ 0,0-1440,2040} during second layout pass: posting in next frame
06-02 14:21:53.343  2945  2945 W AdManager: Interstitial ad failed to load: code=3 message=Publisher data not found. <https://support.google.com/admob/answer/9905175#9>
06-02 14:21:53.348  2945  2945 W View    : requestLayout() improperly called by helium314.keyboard.latin.panels.BrowserPanelView{7b5f782 V.E...... ......ID 0,0-1440,2040} during layout: running second layout pass
06-02 14:21:53.352  2945  2945 W View    : requestLayout() improperly called by helium314.keyboard.latin.panels.BrowserPanelView{7b5f782 V.E...... ........ 0,0-1440,2040} during second layout pass: posting in next frame
06-02 14:21:53.365  2945  2945 W View    : requestLayout() improperly called by helium314.keyboard.latin.panels.BrowserPanelView{7b5f782 V.E...... ......ID 0,0-1440,2040} during layout: running second layout pass
06-02 14:21:53.371  2945  2945 W View    : requestLayout() improperly called by helium314.keyboard.latin.panels.BrowserPanelView{7b5f782 V.E...... ........ 0,0-1440,2040} during second layout pass: posting in next frame
06-02 14:21:53.382  2945  2945 W View    : requestLayout() improperly called by helium314.keyboard.latin.panels.BrowserPanelView{7b5f782 V.E...... ......I. 0,0-1440,2040} during layout: running second layout pass
06-02 14:21:53.387  2945  2945 W View    : requestLayout() improperly called by helium314.keyboard.latin.panels.BrowserPanelView{7b5f782 V.E...... ........ 0,0-1440,2040} during second layout pass: posting in next frame
06-02 14:21:53.399  2945  2945 W View    : requestLayout() improperly called by helium314.keyboard.latin.panels.BrowserPanelView{7b5f782 V.E...... ......I. 0,0-1440,2040} during layout: running second layout pass
06-02 14:21:53.403  2945  2945 W View    : requestLayout() improperly called by helium314.keyboard.latin.panels.BrowserPanelView{7b5f782 V.E...... ........ 0,0-1440,2040} during second layout pass: posting in next frame
06-02 14:21:53.403  3695  3721 E GeckoLibLoad: Load sqlite start
06-02 14:21:53.404  3695  3721 E GeckoLibLoad: Load sqlite done
06-02 14:21:53.404  3695  3721 E GeckoLibLoad: Load nss start
06-02 14:21:53.404  3695  3721 E GeckoLibLoad: Load nss done
06-02 14:21:53.414  3695  3721 E GeckoLibLoad: Loaded libs in 9.462917ms total, 9ms(9ms) user, 0ms(0ms) system, 0(0) faults
06-02 14:21:53.414  3695  3721 W GeckoThread: zerdatime 101356275 - runGecko
06-02 14:21:53.415  2945  2945 W View    : requestLayout() improperly called by helium314.keyboard.latin.panels.BrowserPanelView{7b5f782 V.E...... ......I. 0,0-1440,2040} during layout: running second layout pass
06-02 14:21:53.419  2945  2945 W View    : requestLayout() improperly called by helium314.keyboard.latin.panels.BrowserPanelView{7b5f782 V.E...... ........ 0,0-1440,2040} during second layout pass: posting in next frame
06-02 14:21:53.435  3695  3766 W AudioCapabilities: Unsupported mime audio/ffmpeg
06-02 14:21:53.436  3695  3766 W VideoCapabilities: Unsupported mime video/ffmpeg
06-02 14:21:53.436  3695  3766 W VideoCapabilities: Unrecognized profile/level 0/3 for video/mpeg2
06-02 14:21:53.437  3695  3766 W VideoCapabilities: Unrecognized profile/level 0/3 for video/mpeg2
06-02 14:21:53.440  2945  2945 W View    : requestLayout() improperly called by helium314.keyboard.latin.panels.BrowserPanelView{7b5f782 V.E...... ......I. 0,0-1440,2040} during layout: running second layout pass
06-02 14:21:53.444  2945  2945 W View    : requestLayout() improperly called by helium314.keyboard.latin.panels.BrowserPanelView{7b5f782 V.E...... ........ 0,0-1440,2040} during second layout pass: posting in next frame
06-02 14:21:53.448  2945  2945 W View    : requestLayout() improperly called by helium314.keyboard.latin.panels.BrowserPanelView{7b5f782 V.E...... ......ID 0,0-1440,2040} during layout: running second layout pass
06-02 14:21:53.452  2945  2945 W View    : requestLayout() improperly called by helium314.keyboard.latin.panels.BrowserPanelView{7b5f782 V.E...... ........ 0,0-1440,2040} during second layout pass: posting in next frame
06-02 14:21:53.465  2945  2945 W View    : requestLayout() improperly called by helium314.keyboard.latin.panels.BrowserPanelView{7b5f782 V.E...... ......I. 0,0-1440,2040} during layout: running second layout pass
06-02 14:21:53.468  2945  2945 W View    : requestLayout() improperly called by helium314.keyboard.latin.panels.BrowserPanelView{7b5f782 V.E...... ........ 0,0-1440,2040} during second layout pass: posting in next frame
06-02 14:21:53.482  2945  2945 W View    : requestLayout() improperly called by helium314.keyboard.latin.panels.BrowserPanelView{7b5f782 V.E...... ......I. 0,0-1440,2040} during layout: running second layout pass
06-02 14:21:53.484  3244  3306 E GeckoLibLoad: Load sqlite start
06-02 14:21:53.485  2945  2945 W View    : requestLayout() improperly called by helium314.keyboard.latin.panels.BrowserPanelView{7b5f782 V.E...... ........ 0,0-1440,2040} during second layout pass: posting in next frame
06-02 14:21:53.486  3244  3306 E GeckoLibLoad: Load sqlite done
06-02 14:21:53.486  3244  3306 E GeckoLibLoad: Load nss start
06-02 14:21:53.486  3244  3306 E GeckoLibLoad: Load nss done
06-02 14:21:53.496  3244  3306 E GeckoLibLoad: Loaded libs in 9.951198ms total, 0ms(1ms) user, 4ms(7ms) system, 0(0) faults
06-02 14:21:53.496  3244  3306 W GeckoThread: zerdatime 101356357 - runGecko
06-02 14:21:53.499  2945  2945 W View    : requestLayout() improperly called by helium314.keyboard.latin.panels.BrowserPanelView{7b5f782 V.E...... ......I. 0,0-1440,2040} during layout: running second layout pass
06-02 14:21:53.506  2945  2945 W View    : requestLayout() improperly called by helium314.keyboard.latin.panels.BrowserPanelView{7b5f782 V.E...... ........ 0,0-1440,2040} during second layout pass: posting in next frame
06-02 14:21:53.513  3695  3715 E ey.keyboard:gp: ofbOpen failed with error=No such file or directory
06-02 14:21:53.513  3695  3715 E ey.keyboard:gp: sysOpen failed with error=No such file or directory
06-02 14:21:53.519  2945  2945 W View    : requestLayout() improperly called by helium314.keyboard.latin.panels.BrowserPanelView{7b5f782 V.E...... ......I. 0,0-1440,2040} during layout: running second layout pass
06-02 14:21:53.512  2945  2945 W com.vibekey.keyboard: type=1400 audit(0.0:49985): avc: denied { nlmsg_readpriv } for comm=536F636B657420546872656164 scontext=u:r:untrusted_app:s0:c51,c271,c512,c768 tcontext=u:r:untrusted_app:s0:c51,c271,c512,c768 tclass=netlink_route_socket permissive=0 bug=b/155595000 app=com.vibekey.keyboard
06-02 14:21:53.525  2945  2945 W View    : requestLayout() improperly called by helium314.keyboard.latin.panels.BrowserPanelView{7b5f782 V.E...... ......ID 0,0-1440,2040} during second layout pass: posting in next frame
06-02 14:21:53.526  2945  2945 W AdManager: Rewarded load failed tier=PRIMARY code=3 domain=com.google.android.gms.ads message=Publisher data not found. <https://support.google.com/admob/answer/9905175#9>
06-02 14:21:53.534  2945  2945 W View    : requestLayout() improperly called by helium314.keyboard.latin.panels.BrowserPanelView{7b5f782 V.E...... ......ID 0,0-1440,2040} during layout: running second layout pass
06-02 14:21:53.538  2945  2945 W View    : requestLayout() improperly called by helium314.keyboard.latin.panels.BrowserPanelView{7b5f782 V.E...... ........ 0,0-1440,2040} during second layout pass: posting in next frame
06-02 14:21:53.550  2945  2945 W View    : requestLayout() improperly called by helium314.keyboard.latin.panels.BrowserPanelView{7b5f782 V.E...... ......I. 0,0-1440,2040} during layout: running second layout pass
06-02 14:21:53.553  2945  2945 W View    : requestLayout() improperly called by helium314.keyboard.latin.panels.BrowserPanelView{7b5f782 V.E...... ........ 0,0-1440,2040} during second layout pass: posting in next frame
06-02 14:21:53.566  2945  2945 W View    : requestLayout() improperly called by helium314.keyboard.latin.panels.BrowserPanelView{7b5f782 V.E...... ......ID 0,0-1440,2040} during layout: running second layout pass
06-02 14:21:53.569  2945  2945 W View    : requestLayout() improperly called by helium314.keyboard.latin.panels.BrowserPanelView{7b5f782 V.E...... ........ 0,0-1440,2040} during second layout pass: posting in next frame
06-02 14:21:53.582  2945  2945 W View    : requestLayout() improperly called by helium314.keyboard.latin.panels.BrowserPanelView{7b5f782 V.E...... ......I. 0,0-1440,2040} during layout: running second layout pass
06-02 14:21:53.588  2945  2945 W View    : requestLayout() improperly called by helium314.keyboard.latin.panels.BrowserPanelView{7b5f782 V.E...... ........ 0,0-1440,2040} during second layout pass: posting in next frame
06-02 14:21:53.609  2945  2960 E BLASTBufferQueue: BLASTBufferItemConsumer::onDisconnect()
06-02 14:21:53.611  2945  2945 W View    : requestLayout() improperly called by helium314.keyboard.latin.panels.BrowserPanelView{7b5f782 V.E...... ......ID 0,0-1440,2040} during layout: running second layout pass
06-02 14:21:53.618  2945  2945 W View    : requestLayout() improperly called by helium314.keyboard.latin.panels.BrowserPanelView{7b5f782 V.E...... ......ID 0,0-1440,2040} during second layout pass: posting in next frame
06-02 14:21:53.621  2945  2945 W View    : requestLayout() improperly called by helium314.keyboard.latin.panels.BrowserPanelView{7b5f782 V.E...... ......ID 0,0-1440,2040} during layout: running second layout pass
06-02 14:21:53.625  2945  2945 W View    : requestLayout() improperly called by helium314.keyboard.latin.panels.BrowserPanelView{7b5f782 V.E...... ........ 0,0-1440,2040} during second layout pass: posting in next frame
06-02 14:21:53.632  2945  2945 W View    : requestLayout() improperly called by helium314.keyboard.latin.panels.BrowserPanelView{7b5f782 V.E...... ......I. 0,0-1440,2040} during layout: running second layout pass
06-02 14:21:53.635  2945  2945 W View    : requestLayout() improperly called by helium314.keyboard.latin.panels.BrowserPanelView{7b5f782 V.E...... ........ 0,0-1440,2040} during second layout pass: posting in next frame
06-02 14:21:53.649  2945  2945 W View    : requestLayout() improperly called by helium314.keyboard.latin.panels.BrowserPanelView{7b5f782 V.E...... ......I. 0,0-1440,2040} during layout: running second layout pass
06-02 14:21:53.652  2945  2945 W View    : requestLayout() improperly called by helium314.keyboard.latin.panels.BrowserPanelView{7b5f782 V.E...... ........ 0,0-1440,2040} during second layout pass: posting in next frame
06-02 14:21:53.667  2945  2945 W View    : requestLayout() improperly called by helium314.keyboard.latin.panels.BrowserPanelView{7b5f782 V.E...... ......I. 0,0-1440,2040} during layout: running second layout pass
06-02 14:21:53.672  2945  2945 W View    : requestLayout() improperly called by helium314.keyboard.latin.panels.BrowserPanelView{7b5f782 V.E...... ........ 0,0-1440,2040} during second layout pass: posting in next frame
06-02 14:21:53.684  2945  2945 W View    : requestLayout() improperly called by helium314.keyboard.latin.panels.BrowserPanelView{7b5f782 V.E...... ......I. 0,0-1440,2040} during layout: running second layout pass
06-02 14:21:53.689  2945  2945 W View    : requestLayout() improperly called by helium314.keyboard.latin.panels.BrowserPanelView{7b5f782 V.E...... ........ 0,0-1440,2040} during second layout pass: posting in next frame
06-02 14:21:53.699  2945  2945 W View    : requestLayout() improperly called by helium314.keyboard.latin.panels.BrowserPanelView{7b5f782 V.E...... ......I. 0,0-1440,2040} during layout: running second layout pass
06-02 14:21:53.704  2945  2945 W View    : requestLayout() improperly called by helium314.keyboard.latin.panels.BrowserPanelView{7b5f782 V.E...... ......ID 0,0-1440,2040} during second layout pass: posting in next frame
06-02 14:21:53.718  2945  2945 W View    : requestLayout() improperly called by helium314.keyboard.latin.panels.BrowserPanelView{7b5f782 V.E...... ......ID 0,0-1440,2040} during layout: running second layout pass
06-02 14:21:53.722  2945  2945 W View    : requestLayout() improperly called by helium314.keyboard.latin.panels.BrowserPanelView{7b5f782 V.E...... ........ 0,0-1440,2040} during second layout pass: posting in next frame
06-02 14:21:53.726  3982  3982 E .keyboard:tab2: Unknown bits set in runtime_flags: 0x40000000
06-02 14:21:53.732  2945  2945 W View    : requestLayout() improperly called by helium314.keyboard.latin.panels.BrowserPanelView{7b5f782 V.E...... ......I. 0,0-1440,2040} during layout: running second layout pass
06-02 14:21:53.735  2945  2945 W View    : requestLayout() improperly called by helium314.keyboard.latin.panels.BrowserPanelView{7b5f782 V.E...... ........ 0,0-1440,2040} during second layout pass: posting in next frame
06-02 14:21:53.751  2945  2945 W View    : requestLayout() improperly called by helium314.keyboard.latin.panels.BrowserPanelView{7b5f782 V.E...... ......I. 0,0-1440,2040} during layout: running second layout pass
06-02 14:21:53.754  2945  2945 W View    : requestLayout() improperly called by helium314.keyboard.latin.panels.BrowserPanelView{7b5f782 V.E...... ........ 0,0-1440,2040} during second layout pass: posting in next frame
06-02 14:21:53.766  2945  2945 W View    : requestLayout() improperly called by helium314.keyboard.latin.panels.BrowserPanelView{7b5f782 V.E...... ......I. 0,0-1440,2040} during layout: running second layout pass
06-02 14:21:53.769  2945  2945 W View    : requestLayout() improperly called by helium314.keyboard.latin.panels.BrowserPanelView{7b5f782 V.E...... ........ 0,0-1440,2040} during second layout pass: posting in next frame
06-02 14:21:53.782  2945  2945 W View    : requestLayout() improperly called by helium314.keyboard.latin.panels.BrowserPanelView{7b5f782 V.E...... ......I. 0,0-1440,2040} during layout: running second layout pass
06-02 14:21:53.785  2945  2945 W View    : requestLayout() improperly called by helium314.keyboard.latin.panels.BrowserPanelView{7b5f782 V.E...... ........ 0,0-1440,2040} during second layout pass: posting in next frame
06-02 14:21:53.787  3982  4030 E GeckoLibLoad: Load sqlite start
06-02 14:21:53.788  3982  4030 E GeckoLibLoad: Load sqlite done
06-02 14:21:53.788  3982  4030 E GeckoLibLoad: Load nss start
06-02 14:21:53.788  3982  4030 E GeckoLibLoad: Load nss done
06-02 14:21:53.798  3982  4030 E GeckoLibLoad: Loaded libs in 9.125625ms total, 8ms(9ms) user, 0ms(0ms) system, 0(0) faults
06-02 14:21:53.798  3982  4030 W GeckoThread: zerdatime 101356659 - runGecko
06-02 14:21:53.799  2945  2945 W View    : requestLayout() improperly called by helium314.keyboard.latin.panels.BrowserPanelView{7b5f782 V.E...... ......I. 0,0-1440,2040} during layout: running second layout pass
06-02 14:21:53.802  2945  2945 W View    : requestLayout() improperly called by helium314.keyboard.latin.panels.BrowserPanelView{7b5f782 V.E...... ........ 0,0-1440,2040} during second layout pass: posting in next frame
06-02 14:21:53.816  2945  2945 W View    : requestLayout() improperly called by helium314.keyboard.latin.panels.BrowserPanelView{7b5f782 V.E...... ......I. 0,0-1440,2040} during layout: running second layout pass
06-02 14:21:53.820  2945  2945 W View    : requestLayout() improperly called by helium314.keyboard.latin.panels.BrowserPanelView{7b5f782 V.E...... ........ 0,0-1440,2040} during second layout pass: posting in next frame
06-02 14:21:53.832  2945  2945 W View    : requestLayout() improperly called by helium314.keyboard.latin.panels.BrowserPanelView{7b5f782 V.E...... ......I. 0,0-1440,2040} during layout: running second layout pass
06-02 14:21:53.835  2945  2945 W View    : requestLayout() improperly called by helium314.keyboard.latin.panels.BrowserPanelView{7b5f782 V.E...... ........ 0,0-1440,2040} during second layout pass: posting in next frame
06-02 14:21:53.850  2945  2945 W View    : requestLayout() improperly called by helium314.keyboard.latin.panels.BrowserPanelView{7b5f782 V.E...... ......I. 0,0-1440,2040} during layout: running second layout pass
