=== VibeKey 4.1.308 (4408) ===

--------- beginning of system
06-14 14:05:50.695  6387  6387 E OplusCustomizeRestrictionManager: sInstance is null, start a new sInstance
06-14 14:07:07.175  6387  7446 E ActivityThread: Failed to find provider info for com.oplus.statistics.provider
06-14 14:07:07.175  6387  7446 E OplusStatistics--: IllegalArgumentException:java.lang.IllegalArgumentException: Unknown URL content://com.oplus.statistics.provider/track_event
--------- beginning of crash
06-14 14:07:53.467  6387  6490 F libc    : Fatal signal 11 (SIGSEGV), code 1 (SEGV_MAPERR), fault addr 0x680000004f in tid 6490 (ExecutorUtils), pid 6387 (AndroidUI)
06-14 14:07:55.115  7955  7955 F DEBUG   : Process name is com.vibekey.keyboard, not key_process
06-14 14:07:55.115  7955  7955 F DEBUG   : keyProcess: 0
06-14 14:07:55.115  7955  7955 F DEBUG   : *** *** *** *** *** *** *** *** *** *** *** *** *** *** *** ***
06-14 14:07:55.115  7955  7955 F DEBUG   : Build fingerprint: 'OnePlus/OnePlus7Pro/OnePlus7Pro:12/SKQ1.211113.001/P.202303230244:user/release-keys'
06-14 14:07:55.115  7955  7955 F DEBUG   : Revision: '0'
06-14 14:07:55.115  7955  7955 F DEBUG   : ABI: 'arm64'
06-14 14:07:55.115  7955  7955 F DEBUG   : Timestamp: 2026-06-14 14:07:53.712272363-0400
06-14 14:07:55.115  7955  7955 F DEBUG   : Process uptime: 0s
06-14 14:07:55.115  7955  7955 F DEBUG   : Cmdline: com.vibekey.keyboard
06-14 14:07:55.115  7955  7955 F DEBUG   : pid: 6387, tid: 6490, name: ExecutorUtils  >>> com.vibekey.keyboard <<<
06-14 14:07:55.115  7955  7955 F DEBUG   : uid: 14079
06-14 14:07:55.115  7955  7955 F DEBUG   : signal 11 (SIGSEGV), code 1 (SEGV_MAPERR), fault addr 0x680000004f
06-14 14:07:55.115  7955  7955 F DEBUG   :     x0  0000000000000000  x1  000000000000195a  x2  000000000000000b  x3  000000768da0eda0
06-14 14:07:55.115  7955  7955 F DEBUG   :     x4  0000007694d1c400  x5  0000007694d1c400  x6  0000007694d1c400  x7  0000000000000000
06-14 14:07:55.115  7955  7955 F DEBUG   :     x8  00000000000000f0  x9  db746b027190efc7  x10 0000007696b4068c  x11 0000000000000000
06-14 14:07:55.115  7955  7955 F DEBUG   :     x12 00000000ffffffff  x13 0000000000000000  x14 0000000000000000  x15 00000000ebad6a89
06-14 14:07:55.115  7955  7955 F DEBUG   :     x16 000000757caad3a8  x17 00000076790b8f10  x18 0000007562e6e000  x19 000000000000000b
06-14 14:07:55.115  7955  7955 F DEBUG   :     x20 000000768da0eda0  x21 00000000000018f3  x22 000000768da0eb90  x23 0000000000000001
06-14 14:07:55.115  7955  7955 F DEBUG   :     x24 0000007557105d5c  x25 00000075dbdb0000  x26 0000007694d1d698  x27 0000007694d1c408
06-14 14:07:55.115  7955  7955 F DEBUG   :     x28 0000000000000400  x29 000000768da0ebb0
06-14 14:07:55.115  7955  7955 F DEBUG   :     lr  0000007576cbabc8  sp  000000768da0eb90  pc  00000076790b8f34  pst 0000000000000000
06-14 14:07:55.115  7955  7955 F DEBUG   : backtrace:
06-14 14:07:55.115  7955  7955 F DEBUG   :       #00 pc 0000000000075f34  /apex/com.android.runtime/lib64/bionic/libc.so (syscall+36) (BuildId: bbbdeb7c87c74f1491f92c6e605095b0)
06-14 14:07:55.115  7955  7955 F DEBUG   :       #01 pc 00000000040a9bc4  /data/app/~~-XGWjzmdoRrM1YaZYK883A==/com.google.android.webview-HvpxCmuUIjPsZ4yTEw8s4w==/base.apk!libwebviewchromium.so (BuildId: f447b77da2d76e8d4d133b66c727c3ae532b54bf)
06-14 14:07:55.115  7955  7955 F DEBUG   :       #02 pc 00000000040a03c4  /data/app/~~-XGWjzmdoRrM1YaZYK883A==/com.google.android.webview-HvpxCmuUIjPsZ4yTEw8s4w==/base.apk!libwebviewchromium.so (BuildId: f447b77da2d76e8d4d133b66c727c3ae532b54bf)
06-14 14:07:55.115  7955  7955 F DEBUG   :       #03 pc 000000000729d1dc  /data/app/~~YF5FQjGU7t-IjIiYd7TAFg==/com.vibekey.keyboard-yNB_0qBjo0aqBIpGV9Wx9Q==/lib/arm64/libxul.so (BuildId: 4a35ccb91ce54a7d8afe95f435ee2ee2cc640e58)
06-14 14:07:55.115  7955  7955 F DEBUG   :       #04 pc 0000000007721500  /data/app/~~YF5FQjGU7t-IjIiYd7TAFg==/com.vibekey.keyboard-yNB_0qBjo0aqBIpGV9Wx9Q==/lib/arm64/libxul.so (BuildId: 4a35ccb91ce54a7d8afe95f435ee2ee2cc640e58)
06-14 14:07:55.115  7955  7955 F DEBUG   :       #05 pc 0000000000006f94  /apex/com.android.art/lib64/libsigchain.so (art::SignalChain::Handler(int, siginfo*, void*)+1148) (BuildId: 1d71636c1517ecf3fa421563ba6710f3)
06-14 14:07:55.115  7955  7955 F DEBUG   :       #06 pc 0000000000000638  [vdso] (__kernel_rt_sigreturn+0)
06-14 14:07:55.115  7955  7955 F DEBUG   :       #07 pc 00000000000a3d58  /data/app/~~YF5FQjGU7t-IjIiYd7TAFg==/com.vibekey.keyboard-yNB_0qBjo0aqBIpGV9Wx9Q==/lib/arm64/libjni_latinime.so (BuildId: f905dbd1a904967a994cf833116e517b05caa863)
06-14 14:07:55.115  7955  7955 F DEBUG   :       #08 pc 00000000002c2100  /apex/com.android.art/lib64/libart.so (art_quick_generic_jni_trampoline+144) (BuildId: 7087b2f2160bfbf3335d54ba9779e325)
06-14 14:07:55.115  7955  7955 F DEBUG   :       #09 pc 0000000000668b6c  /apex/com.android.art/lib64/libart.so (nterp_helper+1948) (BuildId: 7087b2f2160bfbf3335d54ba9779e325)
06-14 14:07:55.115  7955  7955 F DEBUG   :       #10 pc 0000000000228e1c  /data/app/~~YF5FQjGU7t-IjIiYd7TAFg==/com.vibekey.keyboard-yNB_0qBjo0aqBIpGV9Wx9Q==/oat/arm64/base.vdex (com.android.inputmethod.latin.DicTraverseSession.a+16)
06-14 14:07:55.115  7955  7955 F DEBUG   :       #11 pc 0000000000669324  /apex/com.android.art/lib64/libart.so (nterp_helper+3924) (BuildId: 7087b2f2160bfbf3335d54ba9779e325)
06-14 14:07:55.115  7955  7955 F DEBUG   :       #12 pc 00000000002289b8  /data/app/~~YF5FQjGU7t-IjIiYd7TAFg==/com.vibekey.keyboard-yNB_0qBjo0aqBIpGV9Wx9Q==/oat/arm64/base.vdex (com.android.inputmethod.latin.BinaryDictionary.a+44)
06-14 14:07:55.115  7955  7955 F DEBUG   :       #13 pc 0000000000669324  /apex/com.android.art/lib64/libart.so (nterp_helper+3924) (BuildId: 7087b2f2160bfbf3335d54ba9779e325)
06-14 14:07:55.115  7955  7955 F DEBUG   :       #14 pc 0000000000228ae4  /data/app/~~YF5FQjGU7t-IjIiYd7TAFg==/com.vibekey.keyboard-yNB_0qBjo0aqBIpGV9Wx9Q==/oat/arm64/base.vdex (com.android.inputmethod.latin.BinaryDictionary.l+44)
06-14 14:07:55.115  7955  7955 F DEBUG   :       #15 pc 0000000000669324  /apex/com.android.art/lib64/libart.so (nterp_helper+3924) (BuildId: 7087b2f2160bfbf3335d54ba9779e325)
06-14 14:07:55.115  7955  7955 F DEBUG   :       #16 pc 0000000000ae8292  /data/app/~~YF5FQjGU7t-IjIiYd7TAFg==/com.vibekey.keyboard-yNB_0qBjo0aqBIpGV9Wx9Q==/oat/arm64/base.vdex (v7.g.run+238)
06-14 14:07:55.115  7955  7955 F DEBUG   :       #17 pc 000000000066a144  /apex/com.android.art/lib64/libart.so (nterp_helper+7540) (BuildId: 7087b2f2160bfbf3335d54ba9779e325)
06-14 14:07:55.115  7955  7955 F DEBUG   :       #18 pc 0000000000935798  /data/app/~~YF5FQjGU7t-IjIiYd7TAFg==/com.vibekey.keyboard-yNB_0qBjo0aqBIpGV9Wx9Q==/oat/arm64/base.vdex (a8.z0.run+276)
06-14 14:07:55.115  7955  7955 F DEBUG   :       #19 pc 00000000022d2950  /memfd:jit-zygote-cache (deleted)
06-14 14:07:57.428  7997  7997 E OplusCustomizeRestrictionManager: sInstance is null, start a new sInstance
06-14 14:08:23.050  7997  8407 E ActivityThread: Failed to find provider info for com.oplus.statistics.provider
06-14 14:08:23.050  7997  8407 E OplusStatistics--: IllegalArgumentException:java.lang.IllegalArgumentException: Unknown URL content://com.oplus.statistics.provider/track_event
06-14 14:08:35.949  7997  8040 F libc    : Pointer tag for 0xffffffffffffffff was truncated, see 'https://source.android.com/devices/tech/debug/tagged-pointers'.
06-14 14:08:38.757  8746  8746 E OplusCustomizeRestrictionManager: sInstance is null, start a new sInstance
06-14 14:08:57.151  8746  9164 E ActivityThread: Failed to find provider info for com.oplus.statistics.provider
06-14 14:08:57.151  8746  9164 E OplusStatistics--: IllegalArgumentException:java.lang.IllegalArgumentException: Unknown URL content://com.oplus.statistics.provider/track_event
06-14 14:09:25.006  9559  9559 E OplusCustomizeRestrictionManager: sInstance is null, start a new sInstance
06-14 14:09:29.928  9559  9596 F libc    : Fatal signal 7 (SIGBUS), code 2 (BUS_ADRERR), fault addr 0x76664413cd in tid 9596 (d), pid 9559 (AndroidUI)
06-14 14:09:31.190  9999  9999 F DEBUG   : Process name is com.vibekey.keyboard, not key_process
06-14 14:09:31.190  9999  9999 F DEBUG   : keyProcess: 0
06-14 14:09:31.190  9999  9999 F DEBUG   : *** *** *** *** *** *** *** *** *** *** *** *** *** *** *** ***
06-14 14:09:31.190  9999  9999 F DEBUG   : Build fingerprint: 'OnePlus/OnePlus7Pro/OnePlus7Pro:12/SKQ1.211113.001/P.202303230244:user/release-keys'
06-14 14:09:31.190  9999  9999 F DEBUG   : Revision: '0'
06-14 14:09:31.190  9999  9999 F DEBUG   : ABI: 'arm64'
06-14 14:09:31.190  9999  9999 F DEBUG   : Timestamp: 2026-06-14 14:09:30.184620556-0400
06-14 14:09:31.190  9999  9999 F DEBUG   : Process uptime: 0s
06-14 14:09:31.190  9999  9999 F DEBUG   : Cmdline: com.vibekey.keyboard
06-14 14:09:31.190  9999  9999 F DEBUG   : pid: 9559, tid: 9596, name: d  >>> com.vibekey.keyboard <<<
06-14 14:09:31.190  9999  9999 F DEBUG   : uid: 14079
06-14 14:09:31.190  9999  9999 F DEBUG   : signal 7 (SIGBUS), code 2 (BUS_ADRERR), fault addr 0x76664413cd
06-14 14:09:31.190  9999  9999 F DEBUG   :     x0  0000000000000000  x1  000000000000257c  x2  0000000000000007  x3  000000768a6d1da0
06-14 14:09:31.190  9999  9999 F DEBUG   :     x4  000000768a6d16a8  x5  000000768a6d16a8  x6  000000768a6d16a8  x7  0000000000000000
06-14 14:09:31.190  9999  9999 F DEBUG   :     x8  00000000000000f0  x9  db746b027190efc7  x10 0000000000004001  x11 0000000000000000
06-14 14:09:31.190  9999  9999 F DEBUG   :     x12 00000000ffffffff  x13 0000000000000000  x14 0000000000000013  x15 00000000b58637bd
06-14 14:09:31.190  9999  9999 F DEBUG   :     x16 000000757caad3a8  x17 00000076790b8f10  x18 0000007530dc4000  x19 0000000000000007
06-14 14:09:31.190  9999  9999 F DEBUG   :     x20 000000768a6d1da0  x21 0000000000002557  x22 000000768a6d1d00  x23 0000000000000001
06-14 14:09:31.190  9999  9999 F DEBUG   :     x24 b40000742bfa45c0  x25 0000000000000000  x26 0000000000000140  x27 b40000742bfa45c0
06-14 14:09:31.190  9999  9999 F DEBUG   :     x28 0000000000000001  x29 000000768a6d1d20
06-14 14:09:31.190  9999  9999 F DEBUG   :     lr  0000007576cbabc8  sp  000000768a6d1d00  pc  00000076790b8f34  pst 0000000000000000
06-14 14:09:31.190  9999  9999 F DEBUG   : backtrace:
06-14 14:09:31.190  9999  9999 F DEBUG   :       #00 pc 0000000000075f34  /apex/com.android.runtime/lib64/bionic/libc.so (syscall+36) (BuildId: bbbdeb7c87c74f1491f92c6e605095b0)
06-14 14:09:31.190  9999  9999 F DEBUG   :       #01 pc 00000000040a9bc4  /data/app/~~-XGWjzmdoRrM1YaZYK883A==/com.google.android.webview-HvpxCmuUIjPsZ4yTEw8s4w==/base.apk!libwebviewchromium.so (BuildId: f447b77da2d76e8d4d133b66c727c3ae532b54bf)
06-14 14:09:31.190  9999  9999 F DEBUG   :       #02 pc 00000000040a03c4  /data/app/~~-XGWjzmdoRrM1YaZYK883A==/com.google.android.webview-HvpxCmuUIjPsZ4yTEw8s4w==/base.apk!libwebviewchromium.so (BuildId: f447b77da2d76e8d4d133b66c727c3ae532b54bf)
06-14 14:09:31.190  9999  9999 F DEBUG   :       #03 pc 0000000000000638  [vdso] (__kernel_rt_sigreturn+0)
06-14 14:09:31.190  9999  9999 F DEBUG   :       #04 pc 00000000000b62f4  /data/app/~~YF5FQjGU7t-IjIiYd7TAFg==/com.vibekey.keyboard-yNB_0qBjo0aqBIpGV9Wx9Q==/lib/arm64/libjni_latinime.so (latinime::PatriciaTrieReadingUtils::getPtNodeArraySizeAndAdvancePosition(unsigned char const*, int, int*)+44) (BuildId: f905dbd1a904967a994cf833116e517b05caa863)
06-14 14:09:31.190  9999  9999 F DEBUG   :       #05 pc 00000000000b6c2c  /data/app/~~YF5FQjGU7t-IjIiYd7TAFg==/com.vibekey.keyboard-yNB_0qBjo0aqBIpGV9Wx9Q==/lib/arm64/libjni_latinime.so (latinime::PatriciaTriePolicy::createAndGetAllChildDicNodes(latinime::DicNode const*, latinime::DicNodeVector*) const+112) (BuildId: f905dbd1a904967a994cf833116e517b05caa863)
06-14 14:09:31.190  9999  9999 F DEBUG   :       #06 pc 00000000000d4928  /data/app/~~YF5FQjGU7t-IjIiYd7TAFg==/com.vibekey.keyboard-yNB_0qBjo0aqBIpGV9Wx9Q==/lib/arm64/libjni_latinime.so (latinime::Suggest::expandCurrentDicNodes(latinime::DicTraverseSession*) const+1380) (BuildId: f905dbd1a904967a994cf833116e517b05caa863)
06-14 14:09:31.190  9999  9999 F DEBUG   :       #07 pc 00000000000d3c0c  /data/app/~~YF5FQjGU7t-IjIiYd7TAFg==/com.vibekey.keyboard-yNB_0qBjo0aqBIpGV9Wx9Q==/lib/arm64/libjni_latinime.so (latinime::Suggest::getSuggestions(latinime::ProximityInfo*, void*, int*, int*, int*, int*, int*, int, float, latinime::SuggestionResults*) const+504) (BuildId: f905dbd1a904967a994cf833116e517b05caa863)
06-14 14:09:31.190  9999  9999 F DEBUG   :       #08 pc 000000000009fd88  /data/app/~~YF5FQjGU7t-IjIiYd7TAFg==/com.vibekey.keyboard-yNB_0qBjo0aqBIpGV9Wx9Q==/lib/arm64/libjni_latinime.so (BuildId: f905dbd1a904967a994cf833116e517b05caa863)
06-14 14:09:31.190  9999  9999 F DEBUG   :       #09 pc 00000000002c2100  /apex/com.android.art/lib64/libart.so (art_quick_generic_jni_trampoline+144) (BuildId: 7087b2f2160bfbf3335d54ba9779e325)
06-14 14:09:31.190  9999  9999 F DEBUG   :       #10 pc 00000000006692dc  /apex/com.android.art/lib64/libart.so (nterp_helper+3852) (BuildId: 7087b2f2160bfbf3335d54ba9779e325)
06-14 14:09:31.190  9999  9999 F DEBUG   :       #11 pc 0000000000228764  /data/app/~~YF5FQjGU7t-IjIiYd7TAFg==/com.vibekey.keyboard-yNB_0qBjo0aqBIpGV9Wx9Q==/oat/arm64/base.vdex (com.android.inputmethod.latin.BinaryDictionary.q+572)
06-14 14:09:31.190  9999  9999 F DEBUG   :       #12 pc 0000000000669a28  /apex/com.android.art/lib64/libart.so (nterp_helper+5720) (BuildId: 7087b2f2160bfbf3335d54ba9779e325)
06-14 14:09:31.190  9999  9999 F DEBUG   :       #13 pc 00000000002284e2  /data/app/~~YF5FQjGU7t-IjIiYd7TAFg==/com.vibekey.keyboard-yNB_0qBjo0aqBIpGV9Wx9Q==/oat/arm64/base.vdex (com.android.inputmethod.latin.BinaryDictionary.d+2)
06-14 14:09:31.190  9999  9999 F DEBUG   :       #14 pc 0000000000669a28  /apex/com.android.art/lib64/libart.so (nterp_helper+5720) (BuildId: 7087b2f2160bfbf3335d54ba9779e325)
06-14 14:09:31.190  9999  9999 F DEBUG   :       #15 pc 0000000000ae8cbe  /data/app/~~YF5FQjGU7t-IjIiYd7TAFg==/com.vibekey.keyboard-yNB_0qBjo0aqBIpGV9Wx9Q==/oat/arm64/base.vdex (v7.k.d+50)
06-14 14:09:31.190  9999  9999 F DEBUG   :       #16 pc 0000000000669a28  /apex/com.android.art/lib64/libart.so (nterp_helper+5720) (BuildId: 7087b2f2160bfbf3335d54ba9779e325)
06-14 14:09:31.190  9999  9999 F DEBUG   :       #17 pc 0000000000ae7e06  /data/app/~~YF5FQjGU7t-IjIiYd7TAFg==/com.vibekey.keyboard-yNB_0qBjo0aqBIpGV9Wx9Q==/oat/arm64/base.vdex (v7.e.d+150)
06-14 14:09:31.190  9999  9999 F DEBUG   :       #18 pc 000000000202b818  /memfd:jit-cache (deleted)
06-14 14:09:33.636 10017 10017 E OplusCustomizeRestrictionManager: sInstance is null, start a new sInstance
06-14 14:09:38.694 10017 10053 F libc    : Fatal signal 7 (SIGBUS), code 2 (BUS_ADRERR), fault addr 0x7666433bb6 in tid 10053 (d), pid 10017 (AndroidUI)
06-14 14:09:39.755 10274 10274 F DEBUG   : Process name is com.vibekey.keyboard, not key_process
06-14 14:09:39.755 10274 10274 F DEBUG   : keyProcess: 0
06-14 14:09:39.755 10274 10274 F DEBUG   : *** *** *** *** *** *** *** *** *** *** *** *** *** *** *** ***
06-14 14:09:39.755 10274 10274 F DEBUG   : Build fingerprint: 'OnePlus/OnePlus7Pro/OnePlus7Pro:12/SKQ1.211113.001/P.202303230244:user/release-keys'
06-14 14:09:39.755 10274 10274 F DEBUG   : Revision: '0'
06-14 14:09:39.755 10274 10274 F DEBUG   : ABI: 'arm64'
06-14 14:09:39.755 10274 10274 F DEBUG   : Timestamp: 2026-06-14 14:09:38.950883677-0400
06-14 14:09:39.755 10274 10274 F DEBUG   : Process uptime: 0s
06-14 14:09:39.755 10274 10274 F DEBUG   : Cmdline: com.vibekey.keyboard
06-14 14:09:39.755 10274 10274 F DEBUG   : pid: 10017, tid: 10053, name: d  >>> com.vibekey.keyboard <<<
06-14 14:09:39.755 10274 10274 F DEBUG   : uid: 14079
06-14 14:09:39.755 10274 10274 F DEBUG   : signal 7 (SIGBUS), code 2 (BUS_ADRERR), fault addr 0x7666433bb6
06-14 14:09:39.755 10274 10274 F DEBUG   :     x0  0000000000000000  x1  0000000000002745  x2  0000000000000007  x3  000000768a6d1da0
06-14 14:09:39.755 10274 10274 F DEBUG   :     x4  000000768a6d16a8  x5  000000768a6d16a8  x6  000000768a6d16a8  x7  0000000000000000
06-14 14:09:39.755 10274 10274 F DEBUG   :     x8  00000000000000f0  x9  db746b027190efc7  x10 0000000000004001  x11 0000000000000000
06-14 14:09:39.755 10274 10274 F DEBUG   :     x12 00000000ffffffff  x13 0000000000000000  x14 b400007404a3d4c8  x15 00000000358637bd
06-14 14:09:39.755 10274 10274 F DEBUG   :     x16 000000757caad3a8  x17 00000076790b8f10  x18 000000755e7bc000  x19 0000000000000007
06-14 14:09:39.755 10274 10274 F DEBUG   :     x20 000000768a6d1da0  x21 0000000000002721  x22 000000768a6d1d00  x23 0000000000000001
06-14 14:09:39.755 10274 10274 F DEBUG   :     x24 b40000741f411f80  x25 b4000075cb8b6110  x26 00000000000756c0  x27 b40000741f40d200
06-14 14:09:39.755 10274 10274 F DEBUG   :     x28 0000000000000000  x29 000000768a6d1d20
06-14 14:09:39.755 10274 10274 F DEBUG   :     lr  0000007576cbabc8  sp  000000768a6d1d00  pc  00000076790b8f34  pst 0000000000000000
06-14 14:09:39.755 10274 10274 F DEBUG   : backtrace:
06-14 14:09:39.755 10274 10274 F DEBUG   :       #00 pc 0000000000075f34  /apex/com.android.runtime/lib64/bionic/libc.so (syscall+36) (BuildId: bbbdeb7c87c74f1491f92c6e605095b0)
06-14 14:09:39.755 10274 10274 F DEBUG   :       #01 pc 00000000040a9bc4  /data/app/~~-XGWjzmdoRrM1YaZYK883A==/com.google.android.webview-HvpxCmuUIjPsZ4yTEw8s4w==/base.apk!libwebviewchromium.so (BuildId: f447b77da2d76e8d4d133b66c727c3ae532b54bf)
06-14 14:09:39.755 10274 10274 F DEBUG   :       #02 pc 00000000040a03c4  /data/app/~~-XGWjzmdoRrM1YaZYK883A==/com.google.android.webview-HvpxCmuUIjPsZ4yTEw8s4w==/base.apk!libwebviewchromium.so (BuildId: f447b77da2d76e8d4d133b66c727c3ae532b54bf)
06-14 14:09:39.755 10274 10274 F DEBUG   :       #03 pc 0000000000000638  [vdso] (__kernel_rt_sigreturn+0)
06-14 14:09:39.755 10274 10274 F DEBUG   :       #04 pc 00000000000b62f4  /data/app/~~YF5FQjGU7t-IjIiYd7TAFg==/com.vibekey.keyboard-yNB_0qBjo0aqBIpGV9Wx9Q==/lib/arm64/libjni_latinime.so (latinime::PatriciaTrieReadingUtils::getPtNodeArraySizeAndAdvancePosition(unsigned char const*, int, int*)+44) (BuildId: f905dbd1a904967a994cf833116e517b05caa863)
06-14 14:09:39.755 10274 10274 F DEBUG   :       #05 pc 00000000000b6c2c  /data/app/~~YF5FQjGU7t-IjIiYd7TAFg==/com.vibekey.keyboard-yNB_0qBjo0aqBIpGV9Wx9Q==/lib/arm64/libjni_latinime.so (latinime::PatriciaTriePolicy::createAndGetAllChildDicNodes(latinime::DicNode const*, latinime::DicNodeVector*) const+112) (BuildId: f905dbd1a904967a994cf833116e517b05caa863)
06-14 14:09:39.755 10274 10274 F DEBUG   :       #06 pc 00000000000d598c  /data/app/~~YF5FQjGU7t-IjIiYd7TAFg==/com.vibekey.keyboard-yNB_0qBjo0aqBIpGV9Wx9Q==/lib/arm64/libjni_latinime.so (latinime::Suggest::processDicNodeAsOmission(latinime::DicTraverseSession*, latinime::DicNode*) const+84) (BuildId: f905dbd1a904967a994cf833116e517b05caa863)
06-14 14:09:39.755 10274 10274 F DEBUG   :       #07 pc 00000000000d4a88  /data/app/~~YF5FQjGU7t-IjIiYd7TAFg==/com.vibekey.keyboard-yNB_0qBjo0aqBIpGV9Wx9Q==/lib/arm64/libjni_latinime.so (latinime::Suggest::expandCurrentDicNodes(latinime::DicTraverseSession*) const+1732) (BuildId: f905dbd1a904967a994cf833116e517b05caa863)
06-14 14:09:39.755 10274 10274 F DEBUG   :       #08 pc 00000000000d3c0c  /data/app/~~YF5FQjGU7t-IjIiYd7TAFg==/com.vibekey.keyboard-yNB_0qBjo0aqBIpGV9Wx9Q==/lib/arm64/libjni_latinime.so (latinime::Suggest::getSuggestions(latinime::ProximityInfo*, void*, int*, int*, int*, int*, int*, int, float, latinime::SuggestionResults*) const+504) (BuildId: f905dbd1a904967a994cf833116e517b05caa863)
06-14 14:09:39.755 10274 10274 F DEBUG   :       #09 pc 000000000009fd88  /data/app/~~YF5FQjGU7t-IjIiYd7TAFg==/com.vibekey.keyboard-yNB_0qBjo0aqBIpGV9Wx9Q==/lib/arm64/libjni_latinime.so (BuildId: f905dbd1a904967a994cf833116e517b05caa863)
06-14 14:09:39.755 10274 10274 F DEBUG   :       #10 pc 00000000002c2100  /apex/com.android.art/lib64/libart.so (art_quick_generic_jni_trampoline+144) (BuildId: 7087b2f2160bfbf3335d54ba9779e325)
06-14 14:09:39.755 10274 10274 F DEBUG   :       #11 pc 00000000006692dc  /apex/com.android.art/lib64/libart.so (nterp_helper+3852) (BuildId: 7087b2f2160bfbf3335d54ba9779e325)
06-14 14:09:39.755 10274 10274 F DEBUG   :       #12 pc 0000000000228764  /data/app/~~YF5FQjGU7t-IjIiYd7TAFg==/com.vibekey.keyboard-yNB_0qBjo0aqBIpGV9Wx9Q==/oat/arm64/base.vdex (com.android.inputmethod.latin.BinaryDictionary.q+572)
06-14 14:09:39.755 10274 10274 F DEBUG   :       #13 pc 0000000000669a28  /apex/com.android.art/lib64/libart.so (nterp_helper+5720) (BuildId: 7087b2f2160bfbf3335d54ba9779e325)
06-14 14:09:39.755 10274 10274 F DEBUG   :       #14 pc 00000000002284e2  /data/app/~~YF5FQjGU7t-IjIiYd7TAFg==/com.vibekey.keyboard-yNB_0qBjo0aqBIpGV9Wx9Q==/oat/arm64/base.vdex (com.android.inputmethod.latin.BinaryDictionary.d+2)
06-14 14:09:39.755 10274 10274 F DEBUG   :       #15 pc 0000000000669a28  /apex/com.android.art/lib64/libart.so (nterp_helper+5720) (BuildId: 7087b2f2160bfbf3335d54ba9779e325)
06-14 14:09:39.755 10274 10274 F DEBUG   :       #16 pc 0000000000ae8cbe  /data/app/~~YF5FQjGU7t-IjIiYd7TAFg==/com.vibekey.keyboard-yNB_0qBjo0aqBIpGV9Wx9Q==/oat/arm64/base.vdex (v7.k.d+50)
06-14 14:09:39.755 10274 10274 F DEBUG   :       #17 pc 0000000000669a28  /apex/com.android.art/lib64/libart.so (nterp_helper+5720) (BuildId: 7087b2f2160bfbf3335d54ba9779e325)
06-14 14:09:39.755 10274 10274 F DEBUG   :       #18 pc 0000000000ae7e06  /data/app/~~YF5FQjGU7t-IjIiYd7TAFg==/com.vibekey.keyboard-yNB_0qBjo0aqBIpGV9Wx9Q==/oat/arm64/base.vdex (v7.e.d+150)
06-14 14:09:39.755 10274 10274 F DEBUG   :       #19 pc 0000000000669a28  /apex/com.android.art/lib64/libart.so (nterp_helper+5720) (BuildId: 7087b2f2160bfbf3335d54ba9779e325)
06-14 14:09:39.755 10274 10274 F DEBUG   :       #20 pc 00000000005b4f46  /data/app/~~YF5FQjGU7t-IjIiYd7TAFg==/com.vibekey.keyboard-yNB_0qBjo0aqBIpGV9Wx9Q==/oat/arm64/base.vdex (p7.o.i+334)
06-14 14:09:39.755 10274 10274 F DEBUG   :       #21 pc 0000000000669a28  /apex/com.android.art/lib64/libart.so (nterp_helper+5720) (BuildId: 7087b2f2160bfbf3335d54ba9779e325)
06-14 14:09:39.755 10274 10274 F DEBUG   :       #22 pc 00000000005b48a0  /data/app/~~YF5FQjGU7t-IjIiYd7TAFg==/com.vibekey.keyboard-yNB_0qBjo0aqBIpGV9Wx9Q==/oat/arm64/base.vdex (p7.o.h+252)
06-14 14:09:39.755 10274 10274 F DEBUG   :       #23 pc 0000000000669a28  /apex/com.android.art/lib64/libart.so (nterp_helper+5720) (BuildId: 7087b2f2160bfbf3335d54ba9779e325)
06-14 14:09:39.755 10274 10274 F DEBUG   :       #24 pc 00000000005b475c  /data/app/~~YF5FQjGU7t-IjIiYd7TAFg==/com.vibekey.keyboard-yNB_0qBjo0aqBIpGV9Wx9Q==/oat/arm64/base.vdex (p7.o.g+112)
06-14 14:09:39.755 10274 10274 F DEBUG   :       #25 pc 0000000000669a28  /apex/com.android.art/lib64/libart.so (nterp_helper+5720) (BuildId: 7087b2f2160bfbf3335d54ba9779e325)
06-14 14:09:39.755 10274 10274 F DEBUG   :       #26 pc 00000000005bce32  /data/app/~~YF5FQjGU7t-IjIiYd7TAFg==/com.vibekey.keyboard-yNB_0qBjo0aqBIpGV9Wx9Q==/oat/arm64/base.vdex (p7.i1.c+266)
06-14 14:09:39.755 10274 10274 F DEBUG   :       #27 pc 0000000000669a28  /apex/com.android.art/lib64/libart.so (nterp_helper+5720) (BuildId: 7087b2f2160bfbf3335d54ba9779e325)
06-14 14:09:39.755 10274 10274 F DEBUG   :       #28 pc 00000000005bccb0  /data/app/~~YF5FQjGU7t-IjIiYd7TAFg==/com.vibekey.keyboard-yNB_0qBjo0aqBIpGV9Wx9Q==/oat/arm64/base.vdex (p7.i1.b+2656)
06-14 14:09:39.755 10274 10274 F DEBUG   :       #29 pc 0000000000669a28  /apex/com.android.art/lib64/libart.so (nterp_helper+5720) (BuildId: 7087b2f2160bfbf3335d54ba9779e325)
06-14 14:09:39.755 10274 10274 F DEBUG   :       #30 pc 0000000000aefe92  /data/app/~~YF5FQjGU7t-IjIiYd7TAFg==/com.vibekey.keyboard-yNB_0qBjo0aqBIpGV9Wx9Q==/oat/arm64/base.vdex (x7.b.m+1458)
06-14 14:09:39.755 10274 10274 F DEBUG   :       #31 pc 0000000000669324  /apex/com.android.art/lib64/libart.so (nterp_helper+3924) (BuildId: 7087b2f2160bfbf3335d54ba9779e325)
06-14 14:09:39.755 10274 10274 F DEBUG   :       #32 pc 00000000001a3a7e  /data/app/~~YF5FQjGU7t-IjIiYd7TAFg==/com.vibekey.keyboard-yNB_0qBjo0aqBIpGV9Wx9Q==/oat/arm64/base.vdex (a5.a.run+102)
06-14 14:09:39.755 10274 10274 F DEBUG   :       #33 pc 000000000066a144  /apex/com.android.art/lib64/libart.so (nterp_helper+7540) (BuildId: 7087b2f2160bfbf3335d54ba9779e325)
06-14 14:09:39.755 10274 10274 F DEBUG   :       #34 pc 0000000000aecd52  /data/app/~~YF5FQjGU7t-IjIiYd7TAFg==/com.vibekey.keyboard-yNB_0qBjo0aqBIpGV9Wx9Q==/oat/arm64/base.vdex (x7.d.handleMessage+18)
06-14 14:09:39.755 10274 10274 F DEBUG   :       #35 pc 000000000205b2d4  /memfd:jit-zygote-cache (deleted)
06-14 14:09:42.139 10298 10298 E OplusCustomizeRestrictionManager: sInstance is null, start a new sInstance
--------- beginning of main
06-14 14:09:44.014 10298 10336 W VibeKeyProfiler: Slow Native Suggest: Total=17.35ms | Init=0.19ms | TrieExpand(x5)=17.11ms | Scoring=0.04ms | inputSize=5
06-14 14:09:44.034 10298 10336 W VibeKeyProfiler: Slow Native Suggest: Total=9.26ms | Init=0.11ms | TrieExpand(x5)=9.10ms | Scoring=0.04ms | inputSize=5
06-14 14:09:44.046 10298 10336 W VibeKeyProfiler: Slow Native Suggest: Total=9.24ms | Init=0.11ms | TrieExpand(x7)=9.08ms | Scoring=0.04ms | inputSize=5
06-14 14:09:44.053 10298 10336 I VkSuggestions: decode typedLen=5 candidates=18 locales=3 57,2ms
06-14 14:09:44.053 10298 10336 W VkSuggestions: slow frame 57,2ms locales=3 typedLen=5 candidates=18 parallelWait=56,8ms
06-14 14:09:44.057 10298 10336 I VkSuggestions: strip composing typedLen=5 candidates=18 autocorrect=false top=jhgsi locale=pt
06-14 14:09:44.191 10298 10336 I VkSuggestions: decode typedLen=6 candidates=18 locales=3 2,5ms
06-14 14:09:44.193 10298 10336 I VkSuggestions: strip composing typedLen=6 candidates=16 autocorrect=false top=jhgsii locale=pt
06-14 14:09:44.359 10298 10336 I VkSuggestions: decode typedLen=7 candidates=16 locales=3 9,1ms
06-14 14:09:44.364 10298 10336 I VkSuggestions: strip composing typedLen=7 candidates=13 autocorrect=false top=jhgsiiy locale=pt
06-14 14:09:45.050 10298 10336 I VkSuggestions: decode typedLen=11 candidates=18 locales=3 12,7ms
06-14 14:09:45.053 10298 10336 I VkSuggestions: strip composing typedLen=11 candidates=18 autocorrect=false top=jhgsiiyygbe locale=pt
06-14 14:09:45.243 10298 10336 W VibeKeyProfiler: Slow Native Suggest: Total=11.43ms | Init=0.11ms | TrieExpand(x5)=11.28ms | Scoring=0.04ms | inputSize=12
06-14 14:09:45.263 10298 10336 I VkSuggestions: decode typedLen=12 candidates=18 locales=3 32,8ms
06-14 14:09:45.264 10298 10336 W VkSuggestions: slow frame 32,8ms locales=3 typedLen=12 candidates=18 parallelWait=32,6ms
06-14 14:09:45.265 10298 10336 I VkSuggestions: strip composing typedLen=12 candidates=16 autocorrect=false top=jhgsiiyygbej locale=pt
06-14 14:09:45.440 10298 10336 W VibeKeyProfiler: Slow Native Suggest: Total=9.09ms | Init=0.10ms | TrieExpand(x5)=8.94ms | Scoring=0.04ms | inputSize=13
06-14 14:09:45.452 10298 10336 I VkSuggestions: decode typedLen=13 candidates=18 locales=3 38,1ms
06-14 14:09:45.452 10298 10336 W VkSuggestions: slow frame 38,1ms locales=3 typedLen=13 candidates=18 parallelWait=37,9ms
06-14 14:09:45.454 10298 10336 I VkSuggestions: strip composing typedLen=13 candidates=16 autocorrect=false top=jhgsiiyygbejj locale=pt
06-14 14:09:45.734 10298 10336 W VibeKeyProfiler: Slow Native Suggest: Total=9.86ms | Init=0.11ms | TrieExpand(x5)=9.70ms | Scoring=0.05ms | inputSize=15
06-14 14:09:45.757 10298 10336 W VibeKeyProfiler: Slow Native Suggest: Total=10.19ms | Init=0.19ms | TrieExpand(x5)=9.96ms | Scoring=0.05ms | inputSize=15
06-14 14:09:45.768 10298 10336 W VibeKeyProfiler: Slow Native Suggest: Total=8.61ms | Init=0.12ms | TrieExpand(x6)=8.44ms | Scoring=0.05ms | inputSize=15
06-14 14:09:45.773 10298 10336 I VkSuggestions: decode typedLen=15 candidates=18 locales=3 50,6ms
06-14 14:09:45.774 10298 10336 W VkSuggestions: slow frame 50,6ms locales=3 typedLen=15 candidates=18 parallelWait=50,2ms
06-14 14:09:45.778 10298 10336 I VkSuggestions: strip composing typedLen=15 candidates=16 autocorrect=false top=jhgsiiyygbejjdi locale=pt
06-14 14:09:46.896 10298 10336 W VibeKeyProfiler: Slow Native Suggest: Total=9.80ms | Init=0.13ms | TrieExpand(x6)=9.62ms | Scoring=0.05ms | inputSize=21
06-14 14:09:46.900 10298 10336 I VkSuggestions: decode typedLen=21 candidates=18 locales=3 34,7ms
06-14 14:09:46.900 10298 10336 W VkSuggestions: slow frame 34,7ms locales=3 typedLen=21 candidates=18 parallelWait=34,6ms
06-14 14:09:46.902 10298 10336 I VkSuggestions: strip composing typedLen=21 candidates=16 autocorrect=false top=jhgsiiyygbejjdiuygegb locale=pt
06-14 14:09:47.159 10298 10336 W VibeKeyProfiler: Slow Native Suggest: Total=8.67ms | Init=0.12ms | TrieExpand(x5)=8.50ms | Scoring=0.05ms | inputSize=23
06-14 14:09:47.176 10298 10336 W VibeKeyProfiler: Slow Native Suggest: Total=8.49ms | Init=0.12ms | TrieExpand(x5)=8.33ms | Scoring=0.04ms | inputSize=23
06-14 14:09:47.187 10298 10336 W VibeKeyProfiler: Slow Native Suggest: Total=8.39ms | Init=0.12ms | TrieExpand(x6)=8.23ms | Scoring=0.04ms | inputSize=23
06-14 14:09:47.192 10298 10336 I VkSuggestions: decode typedLen=23 candidates=18 locales=3 42,5ms
06-14 14:09:47.193 10298 10336 W VkSuggestions: slow frame 42,5ms locales=3 typedLen=23 candidates=18 parallelWait=42,1ms
06-14 14:09:47.197 10298 10336 I VkSuggestions: strip composing typedLen=23 candidates=16 autocorrect=false top=jhgsiiyygbejjdiuygegbek locale=pt
06-14 14:09:47.423 10298 10336 W VibeKeyProfiler: Slow Native Suggest: Total=9.30ms | Init=0.13ms | TrieExpand(x5)=9.12ms | Scoring=0.05ms | inputSize=24
06-14 14:09:47.440 10298 10336 W VibeKeyProfiler: Slow Native Suggest: Total=8.51ms | Init=0.12ms | TrieExpand(x5)=8.35ms | Scoring=0.04ms | inputSize=24
06-14 14:09:47.450 10298 10336 W VibeKeyProfiler: Slow Native Suggest: Total=8.58ms | Init=0.11ms | TrieExpand(x6)=8.42ms | Scoring=0.05ms | inputSize=24
06-14 14:09:47.455 10298 10336 I VkSuggestions: decode typedLen=24 candidates=18 locales=3 45,6ms
06-14 14:09:47.456 10298 10336 W VkSuggestions: slow frame 45,6ms locales=3 typedLen=24 candidates=18 parallelWait=43,3ms
06-14 14:09:47.460 10298 10336 I VkSuggestions: strip composing typedLen=24 candidates=16 autocorrect=false top=jhgsiiyygbejjdiuygegbeko locale=pt
06-14 14:09:48.780 10298 10336 I VkSuggestions: decode typedLen=31 candidates=18 locales=3 27,3ms
06-14 14:09:48.781 10298 10336 W VkSuggestions: slow frame 27,3ms locales=3 typedLen=31 candidates=18 parallelWait=26,9ms
06-14 14:09:48.785 10298 10336 I VkSuggestions: strip composing typedLen=31 candidates=16 autocorrect=false top=jhgsiiyygbejjdiuygegbekoouuehhh locale=pt
06-14 14:09:49.001 10298 10336 I VkSuggestions: decode typedLen=33 candidates=18 locales=3 14,3ms
06-14 14:09:49.003 10298 10336 I VkSuggestions: strip composing typedLen=33 candidates=16 autocorrect=false top=jhgsiiyygbejjdiuygegbekoouuehhhej locale=pt
06-14 14:09:49.166 10298 10336 I VkSuggestions: decode typedLen=34 candidates=18 locales=3 13,6ms
06-14 14:09:49.167 10298 10336 I VkSuggestions: strip composing typedLen=34 candidates=16 autocorrect=false top=jhgsiiyygbejjdiuygegbekoouuehhhejj locale=pt
06-14 14:09:49.317 10298 10336 I VkSuggestions: decode typedLen=35 candidates=18 locales=3 13,8ms
06-14 14:09:49.319 10298 10336 I VkSuggestions: strip composing typedLen=35 candidates=16 autocorrect=false top=jhgsiiyygbejjdiuygegbekoouuehhhejjj locale=pt
06-14 14:09:49.501 10298 10336 I VkSuggestions: decode typedLen=36 candidates=18 locales=3 14,4ms
06-14 14:09:49.503 10298 10336 I VkSuggestions: strip composing typedLen=36 candidates=16 autocorrect=false top=jhgsiiyygbejjdiuygegbekoouuehhhejjjk locale=pt
06-14 14:09:49.677 10298 10336 I VkSuggestions: decode typedLen=37 candidates=18 locales=3 13,8ms
06-14 14:09:49.679 10298 10336 I VkSuggestions: strip composing typedLen=37 candidates=16 autocorrect=false top=jhgsiiyygbejjdiuygegbekoouuehhhejjjki locale=pt
06-14 14:09:49.885 10298 10336 I VkSuggestions: decode typedLen=38 candidates=18 locales=3 13,6ms
06-14 14:09:49.887 10298 10336 I VkSuggestions: strip composing typedLen=38 candidates=16 autocorrect=false top=jhgsiiyygbejjdiuygegbekoouuehhhejjjkii locale=pt
06-14 14:09:50.062 10298 10336 I VkSuggestions: decode typedLen=39 candidates=18 locales=3 13,7ms
06-14 14:09:50.063 10298 10336 I VkSuggestions: strip composing typedLen=39 candidates=16 autocorrect=false top=jhgsiiyygbejjdiuygegbekoouuehhhejjjkiiy locale=pt
06-14 14:09:50.240 10298 10336 I VkSuggestions: decode typedLen=40 candidates=18 locales=3 16,6ms
06-14 14:09:50.241 10298 10336 W VkSuggestions: slow frame 16,6ms locales=3 typedLen=40 candidates=18 parallelWait=16,4ms
06-14 14:09:50.242 10298 10336 I VkSuggestions: strip composing typedLen=40 candidates=16 autocorrect=false top=jhgsiiyygbejjdiuygegbekoouuehhhejjjkiiyg locale=pt
06-14 14:09:50.486 10298 10336 I VkSuggestions: decode typedLen=42 candidates=18 locales=3 13,4ms
06-14 14:09:50.488 10298 10336 I VkSuggestions: strip composing typedLen=42 candidates=16 autocorrect=false top=jhgsiiyygbejjdiuygegbekoouuehhhejjjkiiygeh locale=pt
06-14 14:09:50.671 10298 10336 I VkSuggestions: decode typedLen=43 candidates=18 locales=3 13,4ms
06-14 14:09:50.672 10298 10336 I VkSuggestions: strip composing typedLen=43 candidates=16 autocorrect=false top=jhgsiiyygbejjdiuygegbekoouuehhhejjjkiiygehe locale=pt
06-14 14:09:51.307 10298 10298 I VkSwipe : ▶ gesture started locale=pt-BR
06-14 14:09:51.346 10298 10336 I VkSuggestions: decode typedLen=0 candidates=18 locales=3 36,4ms
06-14 14:09:51.347 10298 10336 W VkSuggestions: slow frame 36,4ms locales=3 typedLen=0 candidates=18 parallelWait=36,2ms
06-14 14:09:51.442 10298 10336 I VkSuggestions: decode typedLen=2 candidates=18 locales=3 16,9ms
06-14 14:09:51.443 10298 10336 W VkSuggestions: slow frame 16,9ms locales=3 typedLen=2 candidates=18 parallelWait=16,7ms
06-14 14:09:51.464 10298 10336 I VkSuggestions: decode typedLen=0 candidates=18 locales=3 20,5ms
06-14 14:09:51.464 10298 10336 W VkSuggestions: slow frame 20,5ms locales=3 typedLen=0 candidates=18 parallelWait=20,4ms
06-14 14:09:51.555 10298 10336 I VkSuggestions: decode typedLen=3 candidates=18 locales=3 12,9ms
06-14 14:09:51.574 10298 10336 I VkSuggestions: decode typedLen=0 candidates=18 locales=3 18,4ms
06-14 14:09:51.574 10298 10336 W VkSuggestions: slow frame 18,4ms locales=3 typedLen=0 candidates=18 parallelWait=18,2ms
06-14 14:09:51.828 10298 10336 I VkSuggestions: decode typedLen=4 candidates=17 locales=3 14,8ms
06-14 14:09:51.847 10298 10336 I VkSuggestions: decode typedLen=0 candidates=18 locales=3 18,4ms
06-14 14:09:51.848 10298 10336 W VkSuggestions: slow frame 18,4ms locales=3 typedLen=0 candidates=18 parallelWait=18,2ms
06-14 14:09:51.965 10298 10570 E ibekey.keyboar: Attempt to load writable dex file: /data/user/0/com.vibekey.keyboard/app_pccache/5/C571D7DB2E7379E33F5626D87812BBADE73E9BAD/pcam.jar
06-14 14:09:51.971 10298 10581 W Ads     : Invoke Firebase method getInstance error.
06-14 14:09:51.971 10298 10581 W Ads     : The Google Mobile Ads SDK will not integrate with Firebase. Admob/Firebase integration requires the latest Firebase SDK jar, but Firebase SDK is either missing or out of date
06-14 14:09:51.978 10298 10568 W ServiceBindIntentUtils: Dynamic lookup for intent failed for action: com.google.android.gms.ads.service.CACHE
06-14 14:09:52.064 10298 10580 W Ads     : Not retrying to fetch app settings
06-14 14:09:52.066 10298 10599 W ServiceBindIntentUtils: Dynamic lookup for intent failed for action: com.google.android.gms.ads.service.START
06-14 14:09:52.068 10298 10581 W Ads     : Not retrying to fetch app settings
06-14 14:09:52.140 10298 10336 I VkSuggestions: decode typedLen=6 candidates=17 locales=3 11,2ms
06-14 14:09:52.156 10298 10336 I VkSuggestions: decode typedLen=0 candidates=18 locales=3 15,6ms
06-14 14:09:52.220 10298 10336 I VkSuggestions: decode typedLen=6 candidates=17 locales=3 14,9ms
06-14 14:09:52.238 10298 10336 I VkSuggestions: decode typedLen=0 candidates=18 locales=3 17,6ms
06-14 14:09:52.238 10298 10336 W VkSuggestions: slow frame 17,6ms locales=3 typedLen=0 candidates=18 parallelWait=17,4ms
06-14 14:09:52.258 10298 10298 I VkSwipe : ✓ gesture points=66 decodedLen=4 candidates=14 top=Igor 952ms
06-14 14:09:52.529 10298 10298 I VkSwipe : ▶ gesture started locale=pt-BR
06-14 14:09:52.542 10298 10336 W VibeKeyProfiler: Slow Native Suggest: Total=11.27ms | Init=0.11ms | TrieExpand(x14)=11.11ms | Scoring=0.05ms | inputSize=3
06-14 14:09:52.566 10298 10336 W VibeKeyProfiler: Slow Native Suggest: Total=10.00ms | Init=0.11ms | TrieExpand(x15)=9.87ms | Scoring=0.02ms | inputSize=3
06-14 14:09:52.574 10298 10336 W VkSuggestions: slow frame 43,1ms locales=3 typedLen=0 candidates=18 parallelWait=42,9ms
06-14 14:09:52.665 10298 10336 I VkSuggestions: decode typedLen=2 candidates=18 locales=3 18,0ms
06-14 14:09:52.665 10298 10336 W VkSuggestions: slow frame 18,0ms locales=3 typedLen=2 candidates=18 parallelWait=17,9ms
06-14 14:09:52.685 10298 10336 I VkSuggestions: decode typedLen=0 candidates=18 locales=3 19,9ms
06-14 14:09:52.685 10298 10336 W VkSuggestions: slow frame 19,9ms locales=3 typedLen=0 candidates=18 parallelWait=19,8ms
06-14 14:09:52.701 10298 10336 I VkSuggestions: decode typedLen=3 candidates=18 locales=3 13,7ms
06-14 14:09:52.718 10298 10336 I VkSuggestions: decode typedLen=0 candidates=18 locales=3 16,7ms
06-14 14:09:52.718 10298 10336 W VkSuggestions: slow frame 16,7ms locales=3 typedLen=0 candidates=18 parallelWait=16,6ms
06-14 14:09:52.730 10298 10298 I VkSwipe : ✓ gesture points=26 decodedLen=2 candidates=12 top=do 201ms
06-14 14:09:52.962 10298 10298 I VkSwipe : ▶ gesture started locale=pt-BR
06-14 14:09:52.980 10298 10298 E Ads     : JS: Uncaught TypeError: Cannot read properties of null (reading 's') (https://pagead2.googlesyndication.com/omsdk/releases/live/omsdk-v1.js:27)
06-14 14:09:52.993 10298 10298 E Ads     : JS: Refused to get unsafe header "X-Afma-Gcache-IsGcacheHit" (https://www.gstatic.com/mysidia/1481c091d9df379c2904f938e54fba0c.js?tag=addon/rewarded_video:435)
06-14 14:09:53.024 10298 10336 W VibeKeyProfiler: Slow Native Suggest: Total=9.51ms | Init=0.10ms | TrieExpand(x13)=9.35ms | Scoring=0.05ms | inputSize=2
06-14 14:09:53.039 10298 10336 I VkSuggestions: decode typedLen=2 candidates=18 locales=3 24,6ms
06-14 14:09:53.040 10298 10336 W VkSuggestions: slow frame 24,6ms locales=3 typedLen=2 candidates=18 parallelWait=24,5ms
06-14 14:09:53.061 10298 10336 I VkSuggestions: decode typedLen=0 candidates=18 locales=3 20,6ms
06-14 14:09:53.061 10298 10336 W VkSuggestions: slow frame 20,6ms locales=3 typedLen=0 candidates=18 parallelWait=20,4ms
06-14 14:09:53.089 10298 10298 E Ads     : JS: Refused to get unsafe header "X-Afma-Gcache-IsGcacheHit" (https://www.gstatic.com/mysidia/1481c091d9df379c2904f938e54fba0c.js?tag=addon/rewarded_video:435)
06-14 14:09:53.120 10298 10413 W libc    : Access denied finding property "vendor.oplus.media.vpp.stutter"
06-14 14:09:53.120 10298 10413 E MULTIMEDIAConfig: [getInt32:L80] Not find config, Returning default
06-14 14:09:53.120 10298 10413 E MULTIMEDIAConfig: [getInt32:L80] Not find config, Returning default
06-14 14:09:53.120 10298 10413 E OplusACodec: [OplusACodec:204] mSrOsieMMListCheckResult:0x0 mOsieVersion:1
06-14 14:09:53.146 10298 10655 E OplusACodec: [GetVideoCodingTypeFromMime:L1162] mime:video/x-vnd.on2.vp9
06-14 14:09:53.244 10298 10411 W cr_MediaCodecBridge: Releasing: OMX.qcom.video.decoder.vp9
06-14 14:09:53.246 10298 10654 E ExtensionsLoader: freeAllBuffers: 13 buffers were freed while being dequeued!
06-14 14:09:53.247 10298 10411 W cr_MediaCodecBridge: Codec released
06-14 14:09:53.277 10298 10336 I VkSuggestions: decode typedLen=2 candidates=18 locales=3 13,6ms
06-14 14:09:53.283 10298 10336 I VkSuggestions: decode typedLen=0 candidates=18 locales=3 4,9ms
06-14 14:09:53.529 10298 10336 I VkSuggestions: decode typedLen=3 candidates=18 locales=3 13,0ms
06-14 14:09:53.546 10298 10336 I VkSuggestions: decode typedLen=0 candidates=18 locales=3 16,7ms
06-14 14:09:53.546 10298 10336 W VkSuggestions: slow frame 16,7ms locales=3 typedLen=0 candidates=18 parallelWait=16,5ms
06-14 14:09:53.587 10298 10336 I VkSuggestions: decode typedLen=3 candidates=18 locales=3 12,3ms
06-14 14:09:53.604 10298 10336 I VkSuggestions: decode typedLen=0 candidates=18 locales=3 16,4ms
06-14 14:09:53.604 10298 10336 W VkSuggestions: slow frame 16,4ms locales=3 typedLen=0 candidates=18 parallelWait=16,2ms
06-14 14:09:53.630 10298 10298 I VkSwipe : ✓ gesture points=41 decodedLen=2 candidates=14 top=hl 667ms
06-14 14:09:53.805 10298 10307 W ibekey.keyboar: Cleared Reference was only reachable from finalizer (only reported once)
06-14 14:09:53.915 10298 10336 I VkSuggestions: decode typedLen=1 candidates=18 locales=3 31,2ms
06-14 14:09:53.915 10298 10336 W VkSuggestions: slow frame 31,2ms locales=3 typedLen=1 candidates=18 parallelWait=30,8ms
06-14 14:09:53.917 10298 10336 I VkSuggestions: strip composing typedLen=1 candidates=18 autocorrect=false top=h locale=fr
06-14 14:09:54.090 10298 10336 I VkSuggestions: decode typedLen=2 candidates=18 locales=3 12,6ms
06-14 14:09:54.091 10298 10336 I VkSuggestions: strip composing typedLen=2 candidates=13 autocorrect=false top=hh locale=fr
06-14 14:09:54.293 10298 10336 I VkSuggestions: decode typedLen=3 candidates=18 locales=3 14,3ms
06-14 14:09:54.294 10298 10336 I VkSuggestions: strip composing typedLen=3 candidates=13 autocorrect=false top=hhd locale=fr
06-14 14:09:54.447 10298 10336 I VkSuggestions: decode typedLen=4 candidates=18 locales=3 25,5ms
06-14 14:09:54.448 10298 10336 W VkSuggestions: slow frame 25,5ms locales=3 typedLen=4 candidates=18 parallelWait=25,3ms
06-14 14:09:54.450 10298 10336 I VkSuggestions: strip composing typedLen=4 candidates=17 autocorrect=false top=hhdi locale=fr
06-14 14:09:55.350 10298 10298 I VkPanels: ▶ open ai_theme
06-14 14:09:55.398 10298 10567 W Ads     : Not retrying to fetch app settings
06-14 14:09:57.513 10298 10674 E FilePhenotypeFlags: Config package com.google.android.gms.clearcut_client#com.vibekey.keyboard cannot use FILE backing without declarative registration. See go/phenotype-android-integration#phenotype for more information. This will lead to stale flags.
06-14 14:09:57.522 10298 10674 E FilePhenotypeFlags: Config package com.google.android.gms.clearcut_client#com.vibekey.keyboard cannot use FILE backing without declarative registration. See go/phenotype-android-integration#phenotype for more information. This will lead to stale flags.
06-14 14:09:57.522 10298 10674 E FilePhenotypeFlags: Config package com.google.android.gms.clearcut_client#com.vibekey.keyboard cannot use FILE backing without declarative registration. See go/phenotype-android-integration#phenotype for more information. This will lead to stale flags.
06-14 14:10:00.633 10298 10298 I VkPanels: ▶ open menu
06-14 14:10:01.781 10677 10677 E libcrashpad_handler_trampoline.so: createInstance(64bit) : createExtendedFactory
06-14 14:10:01.782 10677 10677 E libcrashpad_handler_trampoline.so: createInstance(64bit) : createExtendedFactory
06-14 14:10:01.782 10677 10677 E libcrashpad_handler_trampoline.so: Opened libinputextensionsimpl.so
06-14 14:10:01.782 10677 10677 E libcrashpad_handler_trampoline.so: Opened libinputextensionsimpl.so
06-14 14:10:01.784 10677 10677 E libcrashpad_handler_trampoline.so: createInstance(64bit) : createExtendedFactory
06-14 14:10:01.784 10677 10677 E libcrashpad_handler_trampoline.so: createInstance(64bit) : createExtendedFactory
06-14 14:10:01.784 10677 10677 E libcrashpad_handler_trampoline.so: Opened libsensorextimpl.so
06-14 14:10:01.784 10677 10677 E libcrashpad_handler_trampoline.so: Opened libsensorextimpl.so
06-14 14:10:01.828 10677 10677 E chromium: [0614/141001.827978:ERROR:third_party/crashpad/crashpad/util/process/process_memory_range.cc:75] read out of range
06-14 14:10:02.008 10298 10298 F libc    : Fatal signal 7 (SIGBUS), code 2 (BUS_ADRERR), fault addr 0x76665fa104 in tid 10298 (AndroidUI), pid 10298 (AndroidUI)
06-14 14:10:02.320 10680 10680 E DEBUG   : failed to read /proc/uptime: Permission denied
06-14 14:10:03.172 10680 10680 F DEBUG   : Process name is com.vibekey.keyboard, not key_process
06-14 14:10:03.172 10680 10680 F DEBUG   : keyProcess: 0
06-14 14:10:03.172 10680 10680 F DEBUG   : *** *** *** *** *** *** *** *** *** *** *** *** *** *** *** ***
06-14 14:10:03.172 10680 10680 F DEBUG   : Build fingerprint: 'OnePlus/OnePlus7Pro/OnePlus7Pro:12/SKQ1.211113.001/P.202303230244:user/release-keys'
06-14 14:10:03.172 10680 10680 F DEBUG   : Revision: '0'
06-14 14:10:03.172 10680 10680 F DEBUG   : ABI: 'arm64'
06-14 14:10:03.172 10680 10680 F DEBUG   : Timestamp: 2026-06-14 14:10:02.319393616-0400
06-14 14:10:03.172 10680 10680 F DEBUG   : Process uptime: 0s
06-14 14:10:03.172 10680 10680 F DEBUG   : Cmdline: com.vibekey.keyboard
06-14 14:10:03.172 10680 10680 F DEBUG   : pid: 10298, tid: 10298, name: AndroidUI  >>> com.vibekey.keyboard <<<
06-14 14:10:03.172 10680 10680 F DEBUG   : uid: 14079
06-14 14:10:03.172 10680 10680 F DEBUG   : signal 7 (SIGBUS), code 2 (BUS_ADRERR), fault addr 0x76665fa104
06-14 14:10:03.172 10680 10680 F DEBUG   :     x0  0000000000000000  x1  000000000000283a  x2  0000000000000007  x3  0000007696ae1da0
06-14 14:10:03.172 10680 10680 F DEBUG   :     x4  0000007696ae16a8  x5  0000007696ae16a8  x6  0000007696ae16a8  x7  0000000000000000
06-14 14:10:03.172 10680 10680 F DEBUG   :     x8  00000000000000f0  x9  db746b027190efc7  x10 0000000000004001  x11 0000000000000000
06-14 14:10:03.172 10680 10680 F DEBUG   :     x12 00000000ffffffff  x13 0000000000000000  x14 000000000000001f  x15 00000076665dc39e
06-14 14:10:03.172 10680 10680 F DEBUG   :     x16 000000757caad3a8  x17 00000076790b8f10  x18 00000076960ae000  x19 0000000000000007
06-14 14:10:03.172 10680 10680 F DEBUG   :     x20 0000007696ae1da0  x21 000000000000283a  x22 0000007696ae1d00  x23 0000000000000001
06-14 14:10:03.172 10680 10680 F DEBUG   :     x24 00000076957f5000  x25 0000007fd1e7bc90  x26 0000007fd1e7bcc4  x27 0000000000000001
06-14 14:10:03.172 10680 10680 F DEBUG   :     x28 0000007fd1e7bf60  x29 0000007696ae1d20
06-14 14:10:03.172 10680 10680 F DEBUG   :     lr  0000007576cbabc8  sp  0000007696ae1d00  pc  00000076790b8f34  pst 0000000000000000
06-14 14:10:03.172 10680 10680 F DEBUG   : backtrace:
06-14 14:10:03.172 10680 10680 F DEBUG   :       #00 pc 0000000000075f34  /apex/com.android.runtime/lib64/bionic/libc.so (syscall+36) (BuildId: bbbdeb7c87c74f1491f92c6e605095b0)
06-14 14:10:03.172 10680 10680 F DEBUG   :       #01 pc 00000000040a9bc4  /data/app/~~-XGWjzmdoRrM1YaZYK883A==/com.google.android.webview-HvpxCmuUIjPsZ4yTEw8s4w==/base.apk!libwebviewchromium.so (BuildId: f447b77da2d76e8d4d133b66c727c3ae532b54bf)
06-14 14:10:03.172 10680 10680 F DEBUG   :       #02 pc 00000000040a03c4  /data/app/~~-XGWjzmdoRrM1YaZYK883A==/com.google.android.webview-HvpxCmuUIjPsZ4yTEw8s4w==/base.apk!libwebviewchromium.so (BuildId: f447b77da2d76e8d4d133b66c727c3ae532b54bf)
06-14 14:10:03.172 10680 10680 F DEBUG   :       #03 pc 0000000000000638  [vdso] (__kernel_rt_sigreturn+0)
06-14 14:10:03.172 10680 10680 F DEBUG   :       #04 pc 00000000000b62f4  /data/app/~~YF5FQjGU7t-IjIiYd7TAFg==/com.vibekey.keyboard-yNB_0qBjo0aqBIpGV9Wx9Q==/lib/arm64/libjni_latinime.so (latinime::PatriciaTrieReadingUtils::getPtNodeArraySizeAndAdvancePosition(unsigned char const*, int, int*)+44) (BuildId: f905dbd1a904967a994cf833116e517b05caa863)
06-14 14:10:03.172 10680 10680 F DEBUG   :       #05 pc 00000000000b8b34  /data/app/~~YF5FQjGU7t-IjIiYd7TAFg==/com.vibekey.keyboard-yNB_0qBjo0aqBIpGV9Wx9Q==/lib/arm64/libjni_latinime.so (latinime::Ver2PtNodeArrayReader::readPtNodeArrayInfoAndReturnIfValid(int, int*, int*) const+80) (BuildId: f905dbd1a904967a994cf833116e517b05caa863)
06-14 14:10:03.172 10680 10680 F DEBUG   :       #06 pc 00000000000b4ce8  /data/app/~~YF5FQjGU7t-IjIiYd7TAFg==/com.vibekey.keyboard-yNB_0qBjo0aqBIpGV9Wx9Q==/lib/arm64/libjni_latinime.so (latinime::DynamicPtReadingHelper::nextPtNodeArray()+68) (BuildId: f905dbd1a904967a994cf833116e517b05caa863)
06-14 14:10:03.172 10680 10680 F DEBUG   :       #07 pc 00000000000b4c3c  /data/app/~~YF5FQjGU7t-IjIiYd7TAFg==/com.vibekey.keyboard-yNB_0qBjo0aqBIpGV9Wx9Q==/lib/arm64/libjni_latinime.so (latinime::DynamicPtReadingHelper::getTerminalPtNodePositionOfWord(int const*, unsigned long, bool)+432) (BuildId: f905dbd1a904967a994cf833116e517b05caa863)
06-14 14:10:03.172 10680 10680 F DEBUG   :       #08 pc 00000000000b7324  /data/app/~~YF5FQjGU7t-IjIiYd7TAFg==/com.vibekey.keyboard-yNB_0qBjo0aqBIpGV9Wx9Q==/lib/arm64/libjni_latinime.so (latinime::PatriciaTriePolicy::getWordId(latinime::IntArrayView, bool) const+184) (BuildId: f905dbd1a904967a994cf833116e517b05caa863)
06-14 14:10:03.172 10680 10680 F DEBUG   :       #09 pc 00000000000c8ecc  /data/app/~~YF5FQjGU7t-IjIiYd7TAFg==/com.vibekey.keyboard-yNB_0qBjo0aqBIpGV9Wx9Q==/lib/arm64/libjni_latinime.so (latinime::Dictionary::getProbability(latinime::IntArrayView) const+56) (BuildId: f905dbd1a904967a994cf833116e517b05caa863)
06-14 14:10:03.172 10680 10680 F DEBUG   :       #10 pc 000000000009ff04  /data/app/~~YF5FQjGU7t-IjIiYd7TAFg==/com.vibekey.keyboard-yNB_0qBjo0aqBIpGV9Wx9Q==/lib/arm64/libjni_latinime.so (BuildId: f905dbd1a904967a994cf833116e517b05caa863)
06-14 14:10:03.172 10680 10680 F DEBUG   :       #11 pc 00000000002c2100  /apex/com.android.art/lib64/libart.so (art_quick_generic_jni_trampoline+144) (BuildId: 7087b2f2160bfbf3335d54ba9779e325)
06-14 14:10:03.172 10680 10680 F DEBUG   :       #12 pc 0000000000668b6c  /apex/com.android.art/lib64/libart.so (nterp_helper+1948) (BuildId: 7087b2f2160bfbf3335d54ba9779e325)
06-14 14:10:03.172 10680 10680 F DEBUG   :       #13 pc 00000000002284c4  /data/app/~~YF5FQjGU7t-IjIiYd7TAFg==/com.vibekey.keyboard-yNB_0qBjo0aqBIpGV9Wx9Q==/oat/arm64/base.vdex (com.android.inputmethod.latin.BinaryDictionary.c+28)
