07-22 19:39:17.913 28145 28460 I VkTextCorrection: threshold len=6→len=6 score=0,000 thr=0,140 ○
07-22 19:39:17.914 28145 28460 I VkSuggestions: strip composing typedLen=6 candidates=17 autocorrect=false top=len=6 locale=pt token=110 gen=6
07-22 19:39:17.915 28145 28145 I VkStripPipeline: setSuggestions composing size=17 style=1 token=110 gen=6 typed=len=6
07-22 19:39:17.918 28145 28145 I VkSuggestions: stripUi prediction=false children=5 [len=6|len=6|len=2]
07-22 19:39:17.918 28145 28145 I VkStripPipeline: slotBind composing children=5 [len=6|len=6|len=2]
07-22 19:39:18.853 28145 28145 I VkKeyPress: keys pressed=179
07-22 19:39:19.188 28145 28145 W VkStall : MAIN-THREAD STALL 185ms during: >>>>> Dispatching to Handler (s8.t0) {5ffc50f} null: 1
07-22 19:39:19.291 28145 28460 I VkTextCorrection: rerank prediction head len=1→len=1
07-22 19:39:19.292 28145 28460 I VkSuggestions: strip prediction typedLen=0 candidates=3 autocorrect=false top=len=1 locale=pt token=111 gen=6
07-22 19:39:19.295 28145 28145 I VkStripPipeline: setSuggestions prediction size=3 style=7 token=111 gen=6
07-22 19:39:19.297 28145 28145 I VkSuggestions: stripUi prediction=true children=5 [len=1|len=1|len=2]
07-22 19:39:19.298 28145 28145 I VkStripPipeline: slotBind prediction children=5 [len=1|len=1|len=2]
07-22 19:39:21.241 28145 28145 I VkStripPipeline: langSwitch main=pt-BR token=113 gen=7
07-22 19:39:21.247 28145 28145 I VkStripPipeline: setSuggestions composing size=0 style=0 token=-1 gen=-1
07-22 19:39:21.248 28145 28145 I VkStripPipeline: slotBind composing children=0 []
07-22 19:39:21.248 28145 28145 I VkLanguageSettings: select en-AU
07-22 19:39:21.306 28145 28145 I VkLanguageSettings: cycle dir=1 → en-AU
07-22 19:39:21.325 28145 28630 I VkMultilingual: reset main=en-AU locales=[en] count=1
07-22 19:39:21.333 28145 28630 I VkDictionaries: ▶ async reload main dicts locales=1
07-22 19:39:21.350 28145 28630 I VkDictionaries: ✓ open main en-AU
07-22 19:39:21.350 28145 28630 I VkDictionaries: collection en-AU dicts=1 emoji=true
07-22 19:39:22.064 28145 28543 I VkNgram : model ready locale=en-AU gen=1 348ms
07-22 19:39:22.319 28145 28145 I VkKeyPress: keys pressed=189
07-22 19:39:22.319 28145 28145 I VkStripPipeline: langSwitch main=en-AU token=116 gen=8
07-22 19:39:22.321 28145 28145 I VkLanguageSettings: select es
07-22 19:39:22.333 28145 28145 I VkDictionaries: ✓ open emoji es
07-22 19:39:22.364 28145 28145 I VkLanguageSettings: cycle dir=1 → es
07-22 19:39:22.373 28145 28630 I VkMultilingual: reset main=es locales=[es] count=1
07-22 19:39:22.378 28145 28630 I VkDictionaries: ▶ async reload main dicts locales=1
07-22 19:39:22.383 28145 28630 I VkDictionaries: ✓ open emoji es
07-22 19:39:22.400 28145 28630 I VkDictionaries: ✓ open main es
07-22 19:39:22.400 28145 28630 I VkDictionaries: collection es dicts=2 emoji=true
07-22 19:39:24.431 28145 28460 I VkSuggestions: decode typedLen=1 candidates=18 locales=1 8,8ms
07-22 19:39:24.432 28145 28460 I VkSuggestions: strip composing typedLen=1 candidates=19 autocorrect=false top=len=1 locale=es token=120 gen=8
07-22 19:39:24.433 28145 28145 I VkStripPipeline: setSuggestions composing size=19 style=1 token=120 gen=8 typed=len=1
07-22 19:39:24.434 28145 28145 I VkSuggestions: stripUi prediction=false children=5 [len=1|len=1|len=2]
07-22 19:39:24.434 28145 28145 I VkStripPipeline: slotBind composing children=5 [len=1|len=1|len=2]
07-22 19:39:24.597 28145 28460 I VkSuggestions: decode typedLen=2 candidates=18 locales=1 8,1ms
07-22 19:39:24.597 28145 28460 I VkTextCorrection: threshold len=2→len=2 score=0,179 thr=0,140 ✓
07-22 19:39:24.598 28145 28460 I VkAutocorrect: will correct: len=2 → len=2
07-22 19:39:24.598 28145 28460 I VkSuggestions: strip composing typedLen=2 candidates=17 autocorrect=true top=len=2 locale=es token=121 gen=8
07-22 19:39:24.601 28145 28145 I VkStripPipeline: setSuggestions composing size=17 style=1 token=121 gen=8 typed=len=2
07-22 19:39:24.603 28145 28145 I VkSuggestions: stripUi prediction=false children=5 [len=2|len=2|len=2]
07-22 19:39:24.603 28145 28145 I VkStripPipeline: slotBind composing children=5 [len=2|len=2|len=2]
07-22 19:39:24.759 28145 28460 I VkSuggestions: decode typedLen=3 candidates=18 locales=1 8,1ms
07-22 19:39:24.760 28145 28460 I VkTextCorrection: threshold len=3→len=3 score=0,000 thr=0,140 ○
07-22 19:39:24.760 28145 28460 I VkSuggestions: strip composing typedLen=3 candidates=19 autocorrect=false top=len=3 locale=es token=122 gen=8
07-22 19:39:24.762 28145 28145 I VkStripPipeline: setSuggestions composing size=19 style=1 token=122 gen=8 typed=len=3
07-22 19:39:24.764 28145 28145 I VkSuggestions: stripUi prediction=false children=5 [len=3|len=3|len=3]
07-22 19:39:24.764 28145 28145 I VkStripPipeline: slotBind composing children=5 [len=3|len=3|len=3]
07-22 19:39:24.878 28145 28460 I VkSuggestions: decode typedLen=4 candidates=18 locales=1 5,6ms
07-22 19:39:24.878 28145 28460 I VkTextCorrection: threshold len=4→len=3 score=0,000 thr=0,140 ○
07-22 19:39:24.879 28145 28460 I VkSuggestions: strip composing typedLen=4 candidates=19 autocorrect=false top=len=4 locale=es token=123 gen=8
07-22 19:39:24.879 28145 28145 I VkStripPipeline: setSuggestions composing size=19 style=1 token=123 gen=8 typed=len=4
07-22 19:39:24.881 28145 28145 I VkSuggestions: stripUi prediction=false children=5 [len=4|len=3|len=3]
07-22 19:39:24.881 28145 28145 I VkStripPipeline: slotBind composing children=5 [len=4|len=3|len=3]
07-22 19:39:24.989 28145 28460 I VkSuggestions: decode typedLen=5 candidates=18 locales=1 4,9ms
07-22 19:39:24.990 28145 28460 I VkTextCorrection: threshold len=5→len=6 score=0,000 thr=0,140 ○
07-22 19:39:24.991 28145 28460 I VkSuggestions: strip composing typedLen=5 candidates=19 autocorrect=false top=len=5 locale=es token=124 gen=8
07-22 19:39:24.991 28145 28145 I VkStripPipeline: setSuggestions composing size=19 style=1 token=124 gen=8 typed=len=5
07-22 19:39:24.992 28145 28145 I VkSuggestions: stripUi prediction=false children=5 [len=5|len=2|len=3]
07-22 19:39:24.992 28145 28145 I VkStripPipeline: slotBind composing children=5 [len=5|len=2|len=3]
07-22 19:39:25.152 28145 28460 I VkSuggestions: decode typedLen=6 candidates=18 locales=1 8,3ms
07-22 19:39:25.153 28145 28460 I VkTextCorrection: threshold len=6→len=6 score=0,000 thr=0,140 ○
07-22 19:39:25.154 28145 28460 I VkSuggestions: strip composing typedLen=6 candidates=18 autocorrect=false top=len=6 locale=es token=124 gen=8
07-22 19:39:25.155 28145 28145 I VkStripPipeline: setSuggestions composing size=18 style=1 token=124 gen=8 typed=len=6
07-22 19:39:25.160 28145 28145 I VkSuggestions: stripUi prediction=false children=5 [len=6|len=2|len=2]
07-22 19:39:25.160 28145 28145 I VkStripPipeline: slotBind composing children=5 [len=6|len=2|len=2]
07-22 19:39:25.506 28145 28145 I VkKeyPress: keys pressed=206
07-22 19:39:25.506 28145 28145 I VkStripPipeline: langSwitch main=es token=126 gen=9
07-22 19:39:25.508 28145 28145 I VkStripPipeline: setSuggestions composing size=0 style=0 token=-1 gen=-1
07-22 19:39:25.509 28145 28145 I VkStripPipeline: slotBind composing children=0 []
07-22 19:39:25.509 28145 28145 I VkLanguageSettings: select fr
07-22 19:39:25.515 28145 28145 I VkDictionaries: ✓ open emoji fr
07-22 19:39:25.534 28145 28145 I VkLanguageSettings: cycle dir=1 → fr
07-22 19:39:25.966 28145 28145 I VkFastTyping: async fetch style=1 seq=-1
07-22 19:39:26.218 28145 28460 I VkSuggestions: strip composing typedLen=7 candidates=1 autocorrect=false top=len=7 locale=es token=129 gen=9
07-22 19:39:26.391 28145 28145 W d       : Suggestion generation timed out
07-22 19:39:26.391 28145 28145 W VkStall : MAIN-THREAD STALL 350ms during: >>>>> Dispatching to Handler (v8.l0) {79972ee} null: 2
07-22 19:39:26.411 28145 28181 I VkMultilingual: reset main=fr locales=[fr] count=1
07-22 19:39:26.413 28145 28181 I VkDictionaries: ▶ async reload main dicts locales=1
07-22 19:39:26.414 28145 28460 I VkSuggestions: strip composing typedLen=9 candidates=1 autocorrect=false top=len=7 locale=fr token=130 gen=9
07-22 19:39:26.414 28145 28460 I VkStripPipeline: staleDrop syncDecode token=129 gen=9
07-22 19:39:26.416 28145 28181 I VkDictionaries: ✓ open emoji fr
07-22 19:39:26.418 28145 28181 I VkDictionaries: ✓ open main fr
07-22 19:39:26.418 28145 28181 I VkDictionaries: collection fr dicts=2 emoji=true
07-22 19:39:26.552 28145 28460 I VkSuggestions: decode typedLen=11 candidates=18 locales=1 73,4ms
07-22 19:39:26.552 28145 28460 W VkSuggestions: slow frame 73,4ms locales=1 typedLen=11 candidates=18
07-22 19:39:26.553 28145 28460 I VkSuggestions: strip composing typedLen=11 candidates=19 autocorrect=false top=len=11 locale=fr token=132 gen=9
07-22 19:39:26.554 28145 28145 I VkStripPipeline: setSuggestions composing size=19 style=1 token=132 gen=9 typed=len=11
07-22 19:39:26.556 28145 28145 I VkSuggestions: stripUi prediction=false children=5 [len=11|len=5|len=5]
07-22 19:39:26.556 28145 28145 I VkStripPipeline: slotBind composing children=5 [len=11|len=5|len=5]
07-22 19:39:26.692 28145 28460 W VkSuggestions: slow frame 99,8ms locales=1 typedLen=11 candidates=18
07-22 19:39:26.846 28145 28460 W VibeKeyProfiler: Slow Native Suggest: Total=10.83ms | Init=0.09ms | TrieExpand(x12)=10.71ms | Scoring=0.02ms | inputSize=12
07-22 19:39:26.847 28145 28460 I VkSuggestions: decode typedLen=12 candidates=18 locales=1 18,5ms
07-22 19:39:26.847 28145 28460 W VkSuggestions: slow frame 18,5ms locales=1 typedLen=12 candidates=18
07-22 19:39:26.850 28145 28460 I VkSuggestions: strip composing typedLen=12 candidates=19 autocorrect=false top=len=12 locale=fr token=133 gen=9
07-22 19:39:26.851 28145 28145 I VkStripPipeline: setSuggestions composing size=19 style=1 token=133 gen=9 typed=len=12
07-22 19:39:26.854 28145 28145 I VkSuggestions: stripUi prediction=false children=5 [len=12|len=5|len=5]
07-22 19:39:26.854 28145 28145 I VkStripPipeline: slotBind composing children=5 [len=12|len=5|len=5]
07-22 19:39:27.065 28145 28460 I VkSuggestions: decode typedLen=13 candidates=18 locales=1 5,1ms
07-22 19:39:27.067 28145 28460 I VkSuggestions: strip composing typedLen=13 candidates=19 autocorrect=false top=len=13 locale=fr token=135 gen=9
07-22 19:39:27.067 28145 28145 I VkStripPipeline: setSuggestions composing size=19 style=1 token=135 gen=9 typed=len=13
07-22 19:39:27.069 28145 28145 I VkSuggestions: stripUi prediction=false children=5 [len=13|len=5|len=5]
07-22 19:39:27.069 28145 28145 I VkStripPipeline: slotBind composing children=5 [len=13|len=5|len=5]
07-22 19:39:27.334 28145 28460 I VkSuggestions: decode typedLen=15 candidates=18 locales=1 5,3ms
07-22 19:39:27.336 28145 28460 I VkSuggestions: strip composing typedLen=15 candidates=19 autocorrect=false top=len=15 locale=fr token=136 gen=9
07-22 19:39:27.336 28145 28145 I VkStripPipeline: setSuggestions composing size=19 style=1 token=136 gen=9 typed=len=15
07-22 19:39:27.338 28145 28145 I VkSuggestions: stripUi prediction=false children=5 [len=15|len=5|len=5]
07-22 19:39:27.339 28145 28145 I VkStripPipeline: slotBind composing children=5 [len=15|len=5|len=5]
07-22 19:39:27.542 28145 28460 I VkSuggestions: decode typedLen=16 candidates=16 locales=1 4,8ms
07-22 19:39:27.543 28145 28460 I VkSuggestions: strip composing typedLen=16 candidates=17 autocorrect=false top=len=16 locale=fr token=138 gen=9
07-22 19:39:27.543 28145 28145 I VkStripPipeline: setSuggestions composing size=17 style=1 token=138 gen=9 typed=len=16
07-22 19:39:27.547 28145 28145 I VkSuggestions: stripUi prediction=false children=5 [len=16|len=2|len=2]
07-22 19:39:27.547 28145 28145 I VkStripPipeline: slotBind composing children=5 [len=16|len=2|len=2]
07-22 19:39:27.693 28145 28460 I VkSuggestions: decode typedLen=17 candidates=16 locales=1 4,4ms
07-22 19:39:27.695 28145 28460 I VkSuggestions: strip composing typedLen=17 candidates=17 autocorrect=false top=len=17 locale=fr token=139 gen=9
07-22 19:39:27.695 28145 28145 I VkStripPipeline: setSuggestions composing size=17 style=1 token=139 gen=9 typed=len=17
07-22 19:39:27.698 28145 28145 I VkSuggestions: stripUi prediction=false children=5 [len=17|len=2|len=2]
07-22 19:39:27.698 28145 28145 I VkStripPipeline: slotBind composing children=5 [len=17|len=2|len=2]
07-22 19:39:27.830 28145 28460 I VkSuggestions: decode typedLen=18 candidates=18 locales=1 8,8ms
07-22 19:39:27.831 28145 28460 I VkSuggestions: strip composing typedLen=18 candidates=19 autocorrect=false top=len=18 locale=fr token=140 gen=9
07-22 19:39:27.831 28145 28145 I VkStripPipeline: setSuggestions composing size=19 style=1 token=140 gen=9 typed=len=18
07-22 19:39:27.833 28145 28145 I VkSuggestions: stripUi prediction=false children=5 [len=18|len=5|len=5]
07-22 19:39:27.833 28145 28145 I VkStripPipeline: slotBind composing children=5 [len=18|len=5|len=5]
07-22 19:39:28.094 28145 28460 W VibeKeyProfiler: Slow Native Suggest: Total=11.19ms | Init=0.35ms | TrieExpand(x5)=10.80ms | Scoring=0.04ms | inputSize=20
07-22 19:39:28.111 28145 28460 W VibeKeyProfiler: Slow Native Suggest: Total=15.85ms | Init=0.18ms | TrieExpand(x14)=15.64ms | Scoring=0.02ms | inputSize=20
07-22 19:39:28.111 28145 28460 I VkSuggestions: decode typedLen=20 candidates=18 locales=1 29,2ms
07-22 19:39:28.112 28145 28460 W VkSuggestions: slow frame 29,2ms locales=1 typedLen=20 candidates=18
07-22 19:39:28.114 28145 28460 I VkSuggestions: strip composing typedLen=20 candidates=19 autocorrect=false top=len=20 locale=fr token=141 gen=9
07-22 19:39:28.115 28145 28145 I VkStripPipeline: setSuggestions composing size=19 style=1 token=141 gen=9 typed=len=20
07-22 19:39:28.119 28145 28145 I VkSuggestions: stripUi prediction=false children=5 [len=20|len=5|len=5]
07-22 19:39:28.119 28145 28145 I VkStripPipeline: slotBind composing children=5 [len=20|len=5|len=5]
07-22 19:39:28.643 28145 28145 I VkKeyPress: keys pressed=221
07-22 19:39:29.787 28145 28460 I VkNgram : merge locale=fr prev=len=0 preds=8 contextual=0 assets=true
07-22 19:39:29.788 28145 28460 I VkSuggestions: strip prediction typedLen=0 candidates=3 autocorrect=false top=len=2 locale=fr token=142 gen=9
07-22 19:39:29.791 28145 28145 I VkStripPipeline: setSuggestions prediction size=3 style=7 token=142 gen=9
07-22 19:39:29.795 28145 28145 I VkSuggestions: stripUi prediction=true children=5 [len=3|len=2|len=2]
07-22 19:39:29.795 28145 28145 I VkStripPipeline: slotBind prediction children=5 [len=3|len=2|len=2]
07-22 19:39:30.425 28145 28145 I VkStripPipeline: langSwitch main=fr token=144 gen=10
07-22 19:39:30.428 28145 28145 I VkStripPipeline: setSuggestions composing size=0 style=0 token=-1 gen=-1
07-22 19:39:30.428 28145 28145 I VkStripPipeline: slotBind composing children=0 []
07-22 19:39:30.428 28145 28145 I VkLanguageSettings: select hi
07-22 19:39:30.436 28145 28145 I VkDictionaries: ✓ open emoji hi
07-22 19:39:30.453 28145 28145 I VkLanguageSettings: cycle dir=1 → hi
07-22 19:39:30.466 28145 28630 I VkMultilingual: reset main=hi locales=[hi] count=1
07-22 19:39:30.468 28145 28630 I VkDictionaries: ▶ async reload main dicts locales=1
07-22 19:39:30.470 28145 28472 I VkDictionaries: ✓ open emoji hi
07-22 19:39:30.472 28145 28472 I VkDictionaries: ✓ open main hi
07-22 19:39:30.472 28145 28472 I VkDictionaries: collection hi dicts=2 emoji=true
07-22 19:39:31.040 28145 28460 I VkSuggestions: decode typedLen=1 candidates=18 locales=1 17,1ms
07-22 19:39:31.040 28145 28460 W VkSuggestions: slow frame 17,1ms locales=1 typedLen=1 candidates=18
07-22 19:39:31.041 28145 28460 I VkSuggestions: strip composing typedLen=1 candidates=19 autocorrect=false top=len=1 locale=hi token=148 gen=10
07-22 19:39:31.042 28145 28145 I VkStripPipeline: setSuggestions composing size=19 style=1 token=148 gen=10 typed=len=1
07-22 19:39:31.043 28145 28145 I VkSuggestions: stripUi prediction=false children=5 [len=1|len=2|len=2]
07-22 19:39:31.043 28145 28145 I VkStripPipeline: slotBind composing children=5 [len=1|len=2|len=2]
07-22 19:39:31.302 28145 28460 I VkSuggestions: decode typedLen=4 candidates=18 locales=1 12,5ms
07-22 19:39:31.303 28145 28460 I VkTextCorrection: threshold len=4→len=4 score=0,454 thr=0,140 ✓
07-22 19:39:31.304 28145 28460 I VkSuggestions: strip composing typedLen=4 candidates=17 autocorrect=false top=len=4 locale=hi token=150 gen=10
07-22 19:39:31.304 28145 28145 I VkStripPipeline: setSuggestions composing size=17 style=1 token=150 gen=10 typed=len=4
07-22 19:39:31.305 28145 28145 I VkSuggestions: stripUi prediction=false children=5 [len=4|len=4|len=6]
07-22 19:39:31.305 28145 28145 I VkStripPipeline: slotBind composing children=5 [len=4|len=4|len=6]
07-22 19:39:31.500 28145 28460 I VkSuggestions: decode typedLen=5 candidates=18 locales=1 9,0ms
07-22 19:39:31.501 28145 28460 I VkTextCorrection: threshold len=5→len=5 score=0,187 thr=0,140 ✓
07-22 19:39:31.502 28145 28460 I VkAutocorrect: will correct: len=5 → len=5
07-22 19:39:31.502 28145 28460 I VkSuggestions: strip composing typedLen=5 candidates=16 autocorrect=true top=len=5 locale=hi token=151 gen=10
07-22 19:39:31.504 28145 28145 I VkStripPipeline: setSuggestions composing size=16 style=1 token=151 gen=10 typed=len=5
07-22 19:39:31.506 28145 28145 I VkSuggestions: stripUi prediction=false children=5 [len=5|len=5|len=6]
07-22 19:39:31.506 28145 28145 I VkStripPipeline: slotBind composing children=5 [len=5|len=5|len=6]
07-22 19:39:31.700 28145 28460 W VibeKeyProfiler: Slow Native Suggest: Total=13.33ms | Init=0.08ms | TrieExpand(x5)=13.22ms | Scoring=0.03ms | inputSize=7
07-22 19:39:31.701 28145 28460 I VkSuggestions: decode typedLen=7 candidates=18 locales=1 15,1ms
07-22 19:39:31.703 28145 28460 I VkTextCorrection: threshold len=7→len=8 score=0,119 thr=0,140 ○
07-22 19:39:31.704 28145 28460 I VkSuggestions: strip composing typedLen=7 candidates=19 autocorrect=false top=len=7 locale=hi token=152 gen=10
07-22 19:39:31.709 28145 28145 I VkStripPipeline: setSuggestions composing size=19 style=1 token=152 gen=10 typed=len=7
07-22 19:39:31.712 28145 28145 I VkSuggestions: stripUi prediction=false children=5 [len=7|len=4|len=4]
07-22 19:39:31.712 28145 28145 I VkStripPipeline: slotBind composing children=5 [len=7|len=4|len=4]
07-22 19:39:32.249 28145 28145 I VkKeyPress: keys pressed=255
07-22 19:39:32.249 28145 28145 I VkStripPipeline: langSwitch main=hi token=154 gen=11
07-22 19:39:32.253 28145 28145 I VkStripPipeline: setSuggestions composing size=0 style=0 token=-1 gen=-1
07-22 19:39:32.253 28145 28145 I VkStripPipeline: slotBind composing children=0 []
07-22 19:39:32.253 28145 28145 I VkLanguageSettings: select pt-BR
07-22 19:39:32.262 28145 28145 I VkDictionaries: ✓ open emoji pt-BR
07-22 19:39:32.274 28145 28145 I VkLanguageSettings: cycle dir=1 → pt-BR
07-22 19:39:32.283 28145 28630 I VkMultilingual: reset main=pt-BR locales=[pt] count=1
07-22 19:39:32.284 28145 28630 I VkDictionaries: ▶ async reload main dicts locales=1
07-22 19:39:32.287 28145 28472 I VkDictionaries: ✓ open emoji pt-BR
07-22 19:39:32.287 28145 28472 I VkDictionaries: ✓ open main pt-BR
07-22 19:39:32.287 28145 28472 I VkDictionaries: collection pt-BR dicts=2 emoji=true
07-22 19:39:32.738 28145 28460 I VkSuggestions: decode typedLen=1 candidates=18 locales=1 14,4ms
07-22 19:39:32.739 28145 28460 I VkSuggestions: strip composing typedLen=1 candidates=19 autocorrect=false top=len=1 locale=pt token=157 gen=11
07-22 19:39:32.815 28145 28145 I VkStripPipeline: setSuggestions composing size=19 style=1 token=157 gen=11 typed=len=1
07-22 19:39:32.816 28145 28145 I VkSuggestions: stripUi prediction=false children=5 [len=1|len=1|len=2]
07-22 19:39:32.816 28145 28145 I VkStripPipeline: slotBind composing children=5 [len=1|len=1|len=2]
07-22 19:39:33.049 28145 28460 I VkSuggestions: decode typedLen=3 candidates=18 locales=1 6,8ms
07-22 19:39:33.050 28145 28460 I VkSuggestions: strip composing typedLen=3 candidates=19 autocorrect=false top=len=3 locale=pt token=159 gen=11
07-22 19:39:33.050 28145 28145 I VkStripPipeline: setSuggestions composing size=19 style=1 token=159 gen=11 typed=len=3
07-22 19:39:33.051 28145 28145 I VkSuggestions: stripUi prediction=false children=5 [len=3|len=3|len=3]
07-22 19:39:33.051 28145 28145 I VkStripPipeline: slotBind composing children=5 [len=3|len=3|len=3]
07-22 19:39:33.224 28145 28460 I VkSuggestions: decode typedLen=4 candidates=18 locales=1 6,4ms
07-22 19:39:33.225 28145 28460 I VkSuggestions: strip composing typedLen=4 candidates=19 autocorrect=false top=len=4 locale=pt token=160 gen=11
07-22 19:39:33.225 28145 28145 I VkStripPipeline: setSuggestions composing size=19 style=1 token=160 gen=11 typed=len=4
07-22 19:39:33.226 28145 28145 I VkSuggestions: stripUi prediction=false children=5 [len=4|len=4|len=4]
07-22 19:39:33.226 28145 28145 I VkStripPipeline: slotBind composing children=5 [len=4|len=4|len=4]
07-22 19:39:33.358 28145 28460 I VkSuggestions: decode typedLen=5 candidates=18 locales=1 5,3ms
07-22 19:39:33.360 28145 28460 I VkSuggestions: strip composing typedLen=5 candidates=19 autocorrect=false top=len=5 locale=pt token=161 gen=11
07-22 19:39:33.360 28145 28145 I VkStripPipeline: setSuggestions composing size=19 style=1 token=161 gen=11 typed=len=5
07-22 19:39:33.362 28145 28145 I VkSuggestions: stripUi prediction=false children=5 [len=5|len=7|len=7]
07-22 19:39:33.362 28145 28145 I VkStripPipeline: slotBind composing children=5 [len=5|len=7|len=7]
07-22 19:39:33.473 28145 28460 I VkSuggestions: decode typedLen=6 candidates=18 locales=1 3,5ms
07-22 19:39:33.474 28145 28460 I VkSuggestions: strip composing typedLen=6 candidates=19 autocorrect=false top=len=6 locale=pt token=162 gen=11
07-22 19:39:33.474 28145 28145 I VkStripPipeline: setSuggestions composing size=19 style=1 token=162 gen=11 typed=len=6
07-22 19:39:33.475 28145 28145 I VkSuggestions: stripUi prediction=false children=5 [len=6|len=2|len=9]
07-22 19:39:33.475 28145 28145 I VkStripPipeline: slotBind composing children=5 [len=6|len=2|len=9]
07-22 19:39:33.598 28145 28460 I VkSuggestions: decode typedLen=7 candidates=18 locales=1 9,6ms
07-22 19:39:33.601 28145 28460 I VkSuggestions: strip composing typedLen=7 candidates=19 autocorrect=false top=len=7 locale=pt token=162 gen=11
07-22 19:39:33.603 28145 28145 I VkStripPipeline: setSuggestions composing size=19 style=1 token=162 gen=11 typed=len=7
07-22 19:39:33.609 28145 28145 I VkSuggestions: stripUi prediction=false children=5 [len=7|len=2|len=2]
07-22 19:39:33.609 28145 28145 I VkStripPipeline: slotBind composing children=5 [len=7|len=2|len=2]
07-22 19:39:34.496 28145 28145 I VkAutocorrect: picked: len=7
07-22 19:39:34.601 28145 28460 I VkNgram : merge locale=pt prev=len=14 preds=8 contextual=0 assets=true
07-22 19:39:34.603 28145 28460 I VkSuggestions: strip prediction typedLen=0 candidates=3 autocorrect=false top=len=1 locale=pt token=162 gen=12
07-22 19:39:34.604 28145 28145 I VkStripPipeline: setSuggestions prediction size=3 style=6 token=162 gen=12
07-22 19:39:34.607 28145 28145 I VkSuggestions: stripUi prediction=true children=5 [len=2|len=1|len=2]
07-22 19:39:34.608 28145 28145 I VkStripPipeline: slotBind prediction children=5 [len=2|len=1|len=2]
07-22 19:39:35.326 28145 28460 I VkSuggestions: decode typedLen=3 candidates=18 locales=1 6,7ms
07-22 19:39:35.327 28145 28460 I VkTextCorrection: threshold len=3→len=3 score=0,024 thr=0,140 ○
07-22 19:39:35.329 28145 28460 I VkSuggestions: strip composing typedLen=3 candidates=19 autocorrect=false top=len=3 locale=pt token=166 gen=12
07-22 19:39:35.329 28145 28145 I VkStripPipeline: setSuggestions composing size=19 style=1 token=166 gen=12 typed=len=3
07-22 19:39:35.330 28145 28145 I VkSuggestions: stripUi prediction=false children=5 [len=3|len=3|len=3]
07-22 19:39:35.330 28145 28145 I VkStripPipeline: slotBind composing children=5 [len=3|len=3|len=3]
07-22 19:39:35.347 28145 28145 I VkKeyPress: keys pressed=266
07-22 19:39:35.547 28145 28460 W VibeKeyProfiler: Slow Native Suggest: Total=10.86ms | Init=0.42ms | TrieExpand(x4)=10.40ms | Scoring=0.04ms | inputSize=5
07-22 19:39:35.553 28145 28460 I VkSuggestions: decode typedLen=5 candidates=18 locales=1 17,5ms
07-22 19:39:35.553 28145 28460 W VkSuggestions: slow frame 17,5ms locales=1 typedLen=5 candidates=18
07-22 19:39:35.555 28145 28460 I VkTextCorrection: threshold len=5→len=4 score=0,000 thr=0,140 ○
07-22 19:39:35.557 28145 28460 I VkSuggestions: strip composing typedLen=5 candidates=19 autocorrect=false top=len=5 locale=pt token=167 gen=12
07-22 19:39:35.558 28145 28145 I VkStripPipeline: setSuggestions composing size=19 style=1 token=167 gen=12 typed=len=5
07-22 19:39:35.563 28145 28145 I VkSuggestions: stripUi prediction=false children=5 [len=5|len=4|len=4]
07-22 19:39:35.564 28145 28145 I VkStripPipeline: slotBind composing children=5 [len=5|len=4|len=4]
07-22 19:39:36.422 28145 28460 W VibeKeyProfiler: Slow Native Suggest: Total=10.74ms | Init=0.28ms | TrieExpand(x6)=10.42ms | Scoring=0.04ms | inputSize=7
07-22 19:39:36.430 28145 28460 W VibeKeyProfiler: Slow Native Suggest: Total=8.39ms | Init=0.29ms | TrieExpand(x7)=8.07ms | Scoring=0.02ms | inputSize=7
07-22 19:39:36.431 28145 28460 I VkSuggestions: decode typedLen=7 candidates=18 locales=1 20,8ms
07-22 19:39:36.431 28145 28460 W VkSuggestions: slow frame 20,8ms locales=1 typedLen=7 candidates=18
07-22 19:39:36.433 28145 28460 I VkSuggestions: strip composing typedLen=7 candidates=19 autocorrect=false top=len=7 locale=pt token=168 gen=12
07-22 19:39:36.434 28145 28145 I VkStripPipeline: setSuggestions composing size=19 style=1 token=168 gen=12 typed=len=7
07-22 19:39:36.436 28145 28145 I VkSuggestions: stripUi prediction=false children=5 [len=7|len=3|len=3]
07-22 19:39:36.436 28145 28145 I VkStripPipeline: slotBind composing children=5 [len=7|len=3|len=3]
07-22 19:39:36.848 28145 28145 I VkStripPipeline: setSuggestions composing size=0 style=0 token=-1 gen=-1
07-22 19:39:36.849 28145 28145 I VkStripPipeline: slotBind composing children=0 []
07-22 19:39:36.917 28145 28460 I VkNgram : merge locale=pt prev=len=5 preds=8 contextual=0 assets=true
07-22 19:39:36.922 28145 28460 I VkSuggestions: strip prediction typedLen=0 candidates=3 autocorrect=false top=len=1 locale=pt token=168 gen=12
07-22 19:39:36.922 28145 28145 I VkStripPipeline: setSuggestions prediction size=3 style=6 token=168 gen=12
07-22 19:39:36.928 28145 28145 I VkSuggestions: stripUi prediction=true children=5 [len=1|len=1|len=2]
07-22 19:39:36.928 28145 28145 I VkStripPipeline: slotBind prediction children=5 [len=1|len=1|len=2]
07-22 19:39:36.965 28145 28145 I VkStripPipeline: setSuggestions composing size=0 style=0 token=-1 gen=-1
07-22 19:39:36.966 28145 28145 I VkStripPipeline: slotBind composing children=0 []
07-22 19:39:37.127 28145 28460 I VkNgram : merge locale=pt prev=len=1 preds=8 contextual=0 assets=true
07-22 19:39:37.128 28145 28460 I VkTextCorrection: rerank prediction head len=1→len=2
07-22 19:39:37.130 28145 28460 I VkSuggestions: strip prediction typedLen=0 candidates=3 autocorrect=false top=len=2 locale=pt token=168 gen=12
07-22 19:39:37.130 28145 28145 I VkStripPipeline: setSuggestions prediction size=3 style=6 token=168 gen=12
07-22 19:39:37.132 28145 28145 I VkSuggestions: stripUi prediction=true children=5 [len=2|len=2|len=1]
07-22 19:39:37.132 28145 28145 I VkStripPipeline: slotBind prediction children=5 [len=2|len=2|len=1]
07-22 19:39:37.298 28145 28460 I VkNgram : merge locale=pt prev=len=0 preds=8 contextual=0 assets=true
07-22 19:39:37.298 28145 28460 I VkTextCorrection: rerank prediction head len=1→len=1
07-22 19:39:37.299 28145 28460 I VkSuggestions: strip prediction typedLen=0 candidates=3 autocorrect=false top=len=1 locale=pt token=168 gen=12
07-22 19:39:37.302 28145 28145 I VkStripPipeline: setSuggestions prediction size=3 style=7 token=168 gen=12
07-22 19:39:37.304 28145 28145 I VkSuggestions: stripUi prediction=true children=5 [len=2|len=1|len=2]
07-22 19:39:37.304 28145 28145 I VkStripPipeline: slotBind prediction children=5 [len=2|len=1|len=2]
07-22 19:39:38.397 28145 28145 I VkKeyPress: keys pressed=296
07-22 19:39:38.513 28145 28460 W VibeKeyProfiler: Slow Native Suggest: Total=9.71ms | Init=1.03ms | TrieExpand(x15)=8.65ms | Scoring=0.02ms | inputSize=1
07-22 19:39:38.517 28145 28460 I VkSuggestions: decode typedLen=1 candidates=18 locales=1 15,2ms
07-22 19:39:38.518 28145 28460 I VkSuggestions: strip composing typedLen=1 candidates=19 autocorrect=false top=len=1 locale=pt token=169 gen=12
07-22 19:39:38.518 28145 28145 I VkStripPipeline: setSuggestions composing size=19 style=1 token=169 gen=12 typed=len=1
07-22 19:39:38.520 28145 28145 I VkSuggestions: stripUi prediction=false children=5 [len=1|len=10|len=2]
07-22 19:39:38.520 28145 28145 I VkStripPipeline: slotBind composing children=5 [len=1|len=10|len=2]
07-22 19:39:38.698 28145 28460 I VkSuggestions: decode typedLen=2 candidates=18 locales=1 7,1ms
07-22 19:39:38.699 28145 28460 I VkTextCorrection: threshold len=2→len=2 score=0,056 thr=0,140 ○
07-22 19:39:38.700 28145 28460 I VkSuggestions: strip composing typedLen=2 candidates=17 autocorrect=false top=len=2 locale=pt token=171 gen=12
07-22 19:39:38.700 28145 28145 I VkStripPipeline: setSuggestions composing size=17 style=1 token=171 gen=12 typed=len=2
07-22 19:39:38.702 28145 28145 I VkSuggestions: stripUi prediction=false children=5 [len=2|len=2|len=2]
07-22 19:39:38.702 28145 28145 I VkStripPipeline: slotBind composing children=5 [len=2|len=2|len=2]
07-22 19:39:38.822 28145 28460 I VkSuggestions: decode typedLen=3 candidates=18 locales=1 7,1ms
07-22 19:39:38.823 28145 28460 I VkTextCorrection: threshold len=3→len=3 score=0,008 thr=0,140 ○
07-22 19:39:38.824 28145 28460 I VkSuggestions: strip composing typedLen=3 candidates=18 autocorrect=false top=len=3 locale=pt token=172 gen=12
07-22 19:39:38.824 28145 28145 I VkStripPipeline: setSuggestions composing size=18 style=1 token=172 gen=12 typed=len=3
07-22 19:39:38.825 28145 28145 I VkSuggestions: stripUi prediction=false children=5 [len=3|len=3|len=3]
07-22 19:39:38.825 28145 28145 I VkStripPipeline: slotBind composing children=5 [len=3|len=3|len=3]
07-22 19:39:38.984 28145 28460 I VkSuggestions: decode typedLen=4 candidates=18 locales=1 6,1ms
07-22 19:39:38.985 28145 28460 I VkTextCorrection: threshold len=4→len=4 score=0,000 thr=0,140 ○
07-22 19:39:38.985 28145 28460 I VkSuggestions: strip composing typedLen=4 candidates=19 autocorrect=false top=len=4 locale=pt token=173 gen=12
07-22 19:39:38.986 28145 28145 I VkStripPipeline: setSuggestions composing size=19 style=1 token=173 gen=12 typed=len=4
07-22 19:39:38.987 28145 28145 I VkSuggestions: stripUi prediction=false children=5 [len=4|len=4|len=3]
07-22 19:39:38.987 28145 28145 I VkStripPipeline: slotBind composing children=5 [len=4|len=4|len=3]
07-22 19:39:39.164 28145 28460 I VkSuggestions: decode typedLen=5 candidates=18 locales=1 4,4ms
07-22 19:39:39.165 28145 28460 I VkTextCorrection: threshold len=5→len=6 score=0,000 thr=0,140 ○
07-22 19:39:39.165 28145 28460 I VkSuggestions: strip composing typedLen=5 candidates=19 autocorrect=false top=len=5 locale=pt token=174 gen=12
07-22 19:39:39.166 28145 28145 I VkStripPipeline: setSuggestions composing size=19 style=1 token=174 gen=12 typed=len=5
07-22 19:39:39.168 28145 28145 I VkSuggestions: stripUi prediction=false children=5 [len=5|len=6|len=7]
07-22 19:39:39.168 28145 28145 I VkStripPipeline: slotBind composing children=5 [len=5|len=6|len=7]
07-22 19:39:39.315 28145 28460 I VkSuggestions: decode typedLen=6 candidates=18 locales=1 5,3ms
07-22 19:39:39.317 28145 28460 I VkTextCorrection: threshold len=6→len=6 score=0,000 thr=0,140 ○
07-22 19:39:39.318 28145 28460 I VkSuggestions: strip composing typedLen=6 candidates=19 autocorrect=false top=len=6 locale=pt token=174 gen=12
07-22 19:39:39.319 28145 28145 I VkStripPipeline: setSuggestions composing size=19 style=1 token=174 gen=12 typed=len=6
07-22 19:39:39.322 28145 28145 I VkSuggestions: stripUi prediction=false children=5 [len=6|len=6|len=6]
07-22 19:39:39.323 28145 28145 I VkStripPipeline: slotBind composing children=5 [len=6|len=6|len=6]
07-22 19:39:40.383 28145 28145 W VkStall : MAIN-THREAD STALL 133ms during: >>>>> Dispatching to Handler (s8.t0) {89a73b0} null: 1
07-22 19:39:40.486 28145 28460 I VkTextCorrection: rerank prediction head len=1→len=1
07-22 19:39:40.487 28145 28460 I VkSuggestions: strip prediction typedLen=0 candidates=3 autocorrect=false top=len=1 locale=pt token=175 gen=12
07-22 19:39:40.492 28145 28145 I VkStripPipeline: setSuggestions prediction size=3 style=7 token=175 gen=12
07-22 19:39:40.494 28145 28145 I VkSuggestions: stripUi prediction=true children=5 [len=1|len=1|len=2]
07-22 19:39:40.494 28145 28145 I VkStripPipeline: slotBind prediction children=5 [len=1|len=1|len=2]
07-22 19:39:41.905 28145 28145 I VkKeyPress: keys pressed=314
07-22 19:39:42.018 28145 28460 I VkSuggestions: decode typedLen=1 candidates=18 locales=1 8,5ms
07-22 19:39:42.019 28145 28460 I VkTextCorrection: rerank composing head len=4→len=3
07-22 19:39:42.019 28145 28460 I VkTextCorrection: threshold len=1→len=3 score=0,000 thr=0,140 ○
07-22 19:39:42.020 28145 28460 I VkSuggestions: strip composing typedLen=1 candidates=17 autocorrect=false top=len=1 locale=pt token=177 gen=12
07-22 19:39:42.020 28145 28145 I VkStripPipeline: setSuggestions composing size=17 style=1 token=177 gen=12 typed=len=1
07-22 19:39:42.022 28145 28145 I VkSuggestions: stripUi prediction=false children=5 [len=1|len=3|len=3]
07-22 19:39:42.022 28145 28145 I VkStripPipeline: slotBind composing children=5 [len=1|len=3|len=3]
07-22 19:39:42.222 28145 28460 I VkSuggestions: decode typedLen=2 candidates=18 locales=1 6,7ms
07-22 19:39:42.222 28145 28460 I VkTextCorrection: rerank composing head len=2→len=4
07-22 19:39:42.222 28145 28460 I VkTextCorrection: threshold len=2→len=4 score=0,000 thr=0,140 ○
07-22 19:39:42.223 28145 28460 I VkSuggestions: strip composing typedLen=2 candidates=18 autocorrect=false top=len=2 locale=pt token=178 gen=12
07-22 19:39:42.223 28145 28145 I VkStripPipeline: setSuggestions composing size=18 style=1 token=178 gen=12 typed=len=2
07-22 19:39:42.224 28145 28145 I VkSuggestions: stripUi prediction=false children=5 [len=2|len=4|len=2]
07-22 19:39:42.224 28145 28145 I VkStripPipeline: slotBind composing children=5 [len=2|len=4|len=2]
07-22 19:39:42.417 28145 28460 I VkSuggestions: decode typedLen=3 candidates=18 locales=1 16,1ms
07-22 19:39:42.417 28145 28460 W VkSuggestions: slow frame 16,1ms locales=1 typedLen=3 candidates=18
07-22 19:39:42.419 28145 28460 I VkTextCorrection: rerank composing head len=3→len=2
07-22 19:39:42.420 28145 28460 I VkTextCorrection: threshold len=3→len=2 score=0,000 thr=0,140 ○
07-22 19:39:42.421 28145 28460 I VkSuggestions: strip composing typedLen=3 candidates=16 autocorrect=false top=len=3 locale=pt token=178 gen=12
07-22 19:39:42.422 28145 28145 I VkStripPipeline: setSuggestions composing size=16 style=1 token=178 gen=12 typed=len=3
07-22 19:39:42.425 28145 28145 I VkSuggestions: stripUi prediction=false children=5 [len=3|len=2|len=2]
07-22 19:39:42.425 28145 28145 I VkStripPipeline: slotBind composing children=5 [len=3|len=2|len=2]
07-22 19:39:42.950 28145 28145 I VkAutocorrect: picked: len=3
07-22 19:39:43.054 28145 28460 I VkNgram : contextual locale=pt prev=len=3 → len=3, len=8, len=5
07-22 19:39:43.054 28145 28460 I VkNgram : merge locale=pt prev=len=3 preds=8 contextual=5 assets=true
07-22 19:39:43.055 28145 28460 I VkTextCorrection: rerank prediction head len=10→len=8
07-22 19:39:43.055 28145 28460 I VkSuggestions: strip prediction typedLen=0 candidates=3 autocorrect=false top=len=8 locale=pt token=178 gen=13
07-22 19:39:43.056 28145 28145 I VkStripPipeline: setSuggestions prediction size=3 style=6 token=178 gen=13
07-22 19:39:43.059 28145 28145 I VkSuggestions: stripUi prediction=true children=5 [len=10|len=8|len=3]
07-22 19:39:43.059 28145 28145 I VkStripPipeline: slotBind prediction children=5 [len=10|len=8|len=3]
07-22 19:39:43.712 28145 28460 I VkSuggestions: decode typedLen=1 candidates=18 locales=1 9,1ms
07-22 19:39:43.713 28145 28460 I VkSuggestions: strip composing typedLen=1 candidates=18 autocorrect=false top=len=1 locale=pt token=180 gen=13
07-22 19:39:43.713 28145 28145 I VkStripPipeline: setSuggestions composing size=18 style=1 token=180 gen=13 typed=len=1
07-22 19:39:43.714 28145 28145 I VkSuggestions: stripUi prediction=false children=5 [len=1|len=2|len=2]
07-22 19:39:43.714 28145 28145 I VkStripPipeline: slotBind composing children=5 [len=1|len=2|len=2]
07-22 19:39:43.955 28145 28460 W VibeKeyProfiler: Slow Native Suggest: Total=11.90ms | Init=0.17ms | TrieExpand(x18)=11.68ms | Scoring=0.05ms | inputSize=3
07-22 19:39:43.966 28145 28460 W VibeKeyProfiler: Slow Native Suggest: Total=10.47ms | Init=0.09ms | TrieExpand(x18)=10.33ms | Scoring=0.04ms | inputSize=3
07-22 19:39:43.967 28145 28460 I VkSuggestions: decode typedLen=3 candidates=18 locales=1 24,4ms
07-22 19:39:43.967 28145 28460 W VkSuggestions: slow frame 24,4ms locales=1 typedLen=3 candidates=18
07-22 19:39:43.970 28145 28460 I VkTextCorrection: threshold len=3→len=3 score=1,471 thr=0,140 ✓
07-22 19:39:43.971 28145 28460 I VkSuggestions: strip composing typedLen=3 candidates=18 autocorrect=false top=len=3 locale=pt token=181 gen=13
07-22 19:39:43.972 28145 28145 I VkStripPipeline: setSuggestions composing size=18 style=1 token=181 gen=13 typed=len=3
07-22 19:39:43.974 28145 28145 I VkSuggestions: stripUi prediction=false children=5 [len=3|len=3|len=2]
07-22 19:39:43.974 28145 28145 I VkStripPipeline: slotBind composing children=5 [len=3|len=3|len=2]
07-22 19:39:44.437 28145 28145 I VkAutocorrect: picked: len=3
07-22 19:39:44.541 28145 28460 I VkNgram : contextual locale=pt prev=len=3 → len=3, len=2, len=4
07-22 19:39:44.541 28145 28460 I VkNgram : merge locale=pt prev=len=3 preds=1 contextual=5 assets=true
07-22 19:39:44.542 28145 28460 I VkTextCorrection: rerank prediction head len=3→len=4
07-22 19:39:44.543 28145 28460 I VkSuggestions: strip prediction typedLen=0 candidates=3 autocorrect=false top=len=4 locale=pt token=181 gen=14
07-22 19:39:44.544 28145 28145 I VkStripPipeline: setSuggestions prediction size=3 style=6 token=181 gen=14
07-22 19:39:44.546 28145 28145 I VkSuggestions: stripUi prediction=true children=5 [len=2|len=4|len=3]
07-22 19:39:44.546 28145 28145 I VkStripPipeline: slotBind prediction children=5 [len=2|len=4|len=3]
07-22 19:39:45.240 28145 28145 I VkKeyPress: keys pressed=320
07-22 19:39:45.451 28145 28460 I VkSuggestions: decode typedLen=2 candidates=18 locales=1 8,8ms
07-22 19:39:45.451 28145 28460 I VkTextCorrection: threshold len=2→len=2 score=1,483 thr=0,140 ✓
07-22 19:39:45.452 28145 28460 I VkAutocorrect: will correct: len=2 → len=2
07-22 19:39:45.452 28145 28460 I VkSuggestions: strip composing typedLen=2 candidates=18 autocorrect=true top=len=2 locale=pt token=184 gen=14
07-22 19:39:45.454 28145 28145 I VkStripPipeline: setSuggestions composing size=18 style=1 token=184 gen=14 typed=len=2
07-22 19:39:45.456 28145 28145 I VkSuggestions: stripUi prediction=false children=5 [len=2|len=2|len=2]
07-22 19:39:45.456 28145 28145 I VkStripPipeline: slotBind composing children=5 [len=2|len=2|len=2]
07-22 19:39:45.584 28145 28460 I VkSuggestions: decode typedLen=3 candidates=18 locales=1 9,9ms
07-22 19:39:45.585 28145 28460 I VkTextCorrection: threshold len=3→len=4 score=0,191 thr=0,140 ✓
07-22 19:39:45.586 28145 28460 I VkAutocorrect: will correct: len=3 → len=9
07-22 19:39:45.586 28145 28460 I VkSuggestions: strip composing typedLen=3 candidates=18 autocorrect=true top=len=3 locale=pt token=184 gen=14
07-22 19:39:45.587 28145 28145 I VkStripPipeline: setSuggestions composing size=18 style=1 token=184 gen=14 typed=len=3
07-22 19:39:45.588 28145 28145 I VkSuggestions: stripUi prediction=false children=5 [len=3|len=9|len=5]
07-22 19:39:45.589 28145 28145 I VkStripPipeline: slotBind composing children=5 [len=3|len=9|len=5]
07-22 19:39:46.748 28145 28460 I VkSuggestions: decode typedLen=4 candidates=18 locales=1 9,6ms
07-22 19:39:46.749 28145 28460 I VkTextCorrection: threshold len=4→len=4 score=1,744 thr=0,140 ✓
07-22 19:39:46.750 28145 28460 I VkSuggestions: strip composing typedLen=4 candidates=18 autocorrect=true top=len=4 locale=pt token=185 gen=14
07-22 19:39:46.751 28145 28145 I VkStripPipeline: setSuggestions composing size=18 style=1 token=185 gen=14 typed=len=4
07-22 19:39:46.751 28145 28145 I VkStripPipeline: sanitize composing rows 18→17
07-22 19:39:46.752 28145 28145 I VkSuggestions: stripUi prediction=false children=5 [len=4|len=4|len=5]
07-22 19:39:46.752 28145 28145 I VkStripPipeline: slotBind composing children=5 [len=4|len=4|len=5]
07-22 19:39:48.115 28145 28460 I VkSuggestions: decode typedLen=3 candidates=18 locales=1 7,2ms
07-22 19:39:48.116 28145 28460 I VkTextCorrection: threshold len=3→len=4 score=0,191 thr=0,140 ✓
07-22 19:39:48.116 28145 28460 I VkAutocorrect: will correct: len=3 → len=9
07-22 19:39:48.116 28145 28460 I VkSuggestions: strip composing typedLen=3 candidates=18 autocorrect=true top=len=3 locale=pt token=187 gen=14
07-22 19:39:48.117 28145 28145 I VkStripPipeline: setSuggestions composing size=18 style=1 token=187 gen=14 typed=len=3
07-22 19:39:48.118 28145 28145 I VkSuggestions: stripUi prediction=false children=5 [len=3|len=9|len=5]
07-22 19:39:48.118 28145 28145 I VkStripPipeline: slotBind composing children=5 [len=3|len=9|len=5]
07-22 19:39:48.271 28145 28460 I VkSuggestions: decode typedLen=2 candidates=18 locales=1 13,6ms
07-22 19:39:48.272 28145 28460 I VkTextCorrection: threshold len=2→len=2 score=1,483 thr=0,140 ✓
07-22 19:39:48.273 28145 28460 I VkAutocorrect: will correct: len=2 → len=2
07-22 19:39:48.273 28145 28460 I VkSuggestions: strip composing typedLen=2 candidates=18 autocorrect=true top=len=2 locale=pt token=187 gen=14
07-22 19:39:48.274 28145 28145 I VkStripPipeline: setSuggestions composing size=18 style=1 token=187 gen=14 typed=len=2
07-22 19:39:48.276 28145 28145 I VkSuggestions: stripUi prediction=false children=5 [len=2|len=2|len=2]
07-22 19:39:48.276 28145 28145 I VkStripPipeline: slotBind composing children=5 [len=2|len=2|len=2]
07-22 19:39:49.007 28145 28145 I VkKeyPress: keys pressed=326
07-22 19:39:49.125 28145 28460 W VibeKeyProfiler: Slow Native Suggest: Total=13.45ms | Init=0.72ms | TrieExpand(x15)=12.67ms | Scoring=0.06ms | inputSize=3
07-22 19:39:49.132 28145 28460 I VkSuggestions: decode typedLen=3 candidates=18 locales=1 21,0ms
07-22 19:39:49.132 28145 28460 W VkSuggestions: slow frame 21,0ms locales=1 typedLen=3 candidates=18
07-22 19:39:49.133 28145 28460 I VkTextCorrection: threshold len=3→len=4 score=0,206 thr=0,140 ✓
07-22 19:39:49.135 28145 28460 I VkAutocorrect: will correct: len=3 → len=9
07-22 19:39:49.135 28145 28460 I VkSuggestions: strip composing typedLen=3 candidates=18 autocorrect=true top=len=3 locale=pt token=188 gen=14
07-22 19:39:49.135 28145 28145 I VkStripPipeline: setSuggestions composing size=18 style=1 token=188 gen=14 typed=len=3
07-22 19:39:49.137 28145 28145 I VkSuggestions: stripUi prediction=false children=5 [len=3|len=9|len=5]
07-22 19:39:49.137 28145 28145 I VkStripPipeline: slotBind composing children=5 [len=3|len=9|len=5]
07-22 19:39:49.480 28145 28460 W VibeKeyProfiler: Slow Native Suggest: Total=9.73ms | Init=0.15ms | TrieExpand(x15)=9.55ms | Scoring=0.03ms | inputSize=4
07-22 19:39:49.489 28145 28460 I VkSuggestions: decode typedLen=4 candidates=18 locales=1 19,1ms
07-22 19:39:49.489 28145 28460 W VkSuggestions: slow frame 19,1ms locales=1 typedLen=4 candidates=18
07-22 19:39:49.491 28145 28460 I VkTextCorrection: threshold len=4→len=4 score=1,766 thr=0,140 ✓
07-22 19:39:49.493 28145 28460 I VkSuggestions: strip composing typedLen=4 candidates=18 autocorrect=true top=len=4 locale=pt token=189 gen=14
07-22 19:39:49.494 28145 28145 I VkStripPipeline: setSuggestions composing size=18 style=1 token=189 gen=14 typed=len=4
07-22 19:39:49.494 28145 28145 I VkStripPipeline: sanitize composing rows 18→17
07-22 19:39:49.496 28145 28145 I VkSuggestions: stripUi prediction=false children=5 [len=4|len=4|len=5]
07-22 19:39:49.496 28145 28145 I VkStripPipeline: slotBind composing children=5 [len=4|len=4|len=5]
07-22 19:39:53.786 28145 28145 I VkKeyPress: keys pressed=328
07-22 19:39:53.788 28145 28145 I VkAutocorrect: kept (typing): len=4
07-22 19:39:53.891 28145 28460 I VkNgram : contextual locale=pt prev=len=4 → len=1, len=3, len=3
07-22 19:39:53.891 28145 28460 I VkNgram : merge locale=pt prev=len=4 preds=5 contextual=5 assets=true
07-22 19:39:53.893 28145 28460 I VkSuggestions: strip prediction typedLen=0 candidates=3 autocorrect=false top=len=1 locale=pt token=190 gen=15
07-22 19:39:53.894 28145 28145 I VkStripPipeline: setSuggestions prediction size=3 style=6 token=190 gen=15
07-22 19:39:53.896 28145 28145 I VkSuggestions: stripUi prediction=true children=5 [len=3|len=1|len=3]
07-22 19:39:53.897 28145 28145 I VkStripPipeline: slotBind prediction children=5 [len=3|len=1|len=3]
07-22 19:39:55.335 28145 28460 I VkSuggestions: decode typedLen=2 candidates=18 locales=1 6,7ms
07-22 19:39:55.335 28145 28460 I VkTextCorrection: threshold len=2→len=2 score=1,490 thr=0,140 ✓
07-22 19:39:55.336 28145 28460 I VkAutocorrect: will correct: len=2 → len=2
07-22 19:39:55.336 28145 28460 I VkSuggestions: strip composing typedLen=2 candidates=18 autocorrect=true top=len=2 locale=pt token=193 gen=15
07-22 19:39:55.339 28145 28145 I VkStripPipeline: setSuggestions composing size=18 style=1 token=193 gen=15 typed=len=2
07-22 19:39:55.340 28145 28145 I VkSuggestions: stripUi prediction=false children=5 [len=2|len=2|len=2]
07-22 19:39:55.340 28145 28145 I VkStripPipeline: slotBind composing children=5 [len=2|len=2|len=2]
07-22 19:39:55.507 28145 28460 I VkSuggestions: decode typedLen=3 candidates=18 locales=1 11,5ms
07-22 19:39:55.508 28145 28460 I VkTextCorrection: threshold len=3→len=4 score=0,209 thr=0,140 ✓
07-22 19:39:55.510 28145 28460 I VkAutocorrect: will correct: len=3 → len=9
07-22 19:39:55.510 28145 28460 I VkSuggestions: strip composing typedLen=3 candidates=18 autocorrect=true top=len=3 locale=pt token=193 gen=15
07-22 19:39:55.510 28145 28145 I VkStripPipeline: setSuggestions composing size=18 style=1 token=193 gen=15 typed=len=3
07-22 19:39:55.512 28145 28145 I VkSuggestions: stripUi prediction=false children=5 [len=3|len=9|len=5]
07-22 19:39:55.512 28145 28145 I VkStripPipeline: slotBind composing children=5 [len=3|len=9|len=5]
07-22 19:39:56.751 28145 28460 W VibeKeyProfiler: Slow Native Suggest: Total=11.53ms | Init=0.62ms | TrieExpand(x12)=10.87ms | Scoring=0.04ms | inputSize=4
07-22 19:39:56.760 28145 28460 I VkSuggestions: decode typedLen=4 candidates=18 locales=1 20,5ms
07-22 19:39:56.760 28145 28460 W VkSuggestions: slow frame 20,5ms locales=1 typedLen=4 candidates=18
07-22 19:39:56.762 28145 28460 I VkTextCorrection: threshold len=4→len=4 score=1,774 thr=0,140 ✓
07-22 19:39:56.764 28145 28460 I VkSuggestions: strip composing typedLen=4 candidates=18 autocorrect=true top=len=4 locale=pt token=194 gen=15
07-22 19:39:56.765 28145 28145 I VkStripPipeline: setSuggestions composing size=18 style=1 token=194 gen=15 typed=len=4
07-22 19:39:56.765 28145 28145 I VkStripPipeline: sanitize composing rows 18→17
07-22 19:39:56.767 28145 28145 I VkSuggestions: stripUi prediction=false children=5 [len=4|len=4|len=5]
07-22 19:39:56.767 28145 28145 I VkStripPipeline: slotBind composing children=5 [len=4|len=4|len=5]
07-22 19:39:58.599 28145 28145 I VkKeyPress: keys pressed=333
07-22 19:39:58.816 28145 28145 I VkStripPipeline: setSuggestions composing size=6 style=5 token=195 gen=15 typed=len=4
07-22 19:39:59.062 28145 28145 I VkStripPipeline: setSuggestions composing size=6 style=5 token=195 gen=15 typed=len=3
07-22 19:39:59.063 28145 28145 I VkSuggestions: stripUi prediction=false children=5 [len=3|len=3|len=2]
07-22 19:39:59.063 28145 28145 I VkStripPipeline: slotBind composing children=5 [len=3|len=3|len=2]
07-22 19:39:59.264 28145 28145 I VkSuggestions: stripUi prediction=false children=5 [len=3|len=2|len=2]
07-22 19:39:59.264 28145 28145 I VkStripPipeline: slotBind composing children=5 [len=3|len=2|len=2]
07-22 19:39:59.610 28145 28460 I VkNgram : merge locale=pt prev=len=0 preds=8 contextual=0 assets=true
07-22 19:39:59.610 28145 28460 I VkSuggestions: strip prediction typedLen=0 candidates=3 autocorrect=false top=len=1 locale=pt token=195 gen=15
07-22 19:39:59.612 28145 28145 I VkStripPipeline: setSuggestions prediction size=3 style=7 token=195 gen=15
07-22 19:39:59.613 28145 28145 I VkSuggestions: stripUi prediction=true children=5 [len=1|len=1|len=2]
07-22 19:39:59.613 28145 28145 I VkStripPipeline: slotBind prediction children=5 [len=1|len=1|len=2]
07-22 19:40:02.701 28145 28145 I VkKeyPress: keys pressed=356
07-22 19:40:02.812 28145 28460 I VkSuggestions: decode typedLen=1 candidates=18 locales=1 8,4ms
07-22 19:40:02.812 28145 28460 I VkTextCorrection: rerank composing head len=4→len=2
07-22 19:40:02.812 28145 28460 I VkTextCorrection: threshold len=1→len=2 score=0,000 thr=0,140 ○
07-22 19:40:02.812 28145 28460 I VkSuggestions: strip composing typedLen=1 candidates=17 autocorrect=false top=len=1 locale=pt token=197 gen=15
07-22 19:40:02.813 28145 28145 I VkStripPipeline: setSuggestions composing size=17 style=1 token=197 gen=15 typed=len=1
07-22 19:40:02.814 28145 28145 I VkSuggestions: stripUi prediction=false children=5 [len=1|len=2|len=3]
07-22 19:40:02.814 28145 28145 I VkStripPipeline: slotBind composing children=5 [len=1|len=2|len=3]
07-22 19:40:02.952 28145 28460 I VkSuggestions: decode typedLen=2 candidates=18 locales=1 7,7ms
07-22 19:40:02.953 28145 28460 I VkTextCorrection: threshold len=2→len=2 score=1,493 thr=0,140 ✓
07-22 19:40:02.953 28145 28460 I VkAutocorrect: will correct: len=2 → len=2
07-22 19:40:02.953 28145 28460 I VkSuggestions: strip composing typedLen=2 candidates=18 autocorrect=true top=len=2 locale=pt token=198 gen=15
07-22 19:40:02.954 28145 28145 I VkStripPipeline: setSuggestions composing size=18 style=1 token=198 gen=15 typed=len=2
