=== VibeKey 4.1.267 (4367) ===

--------- beginning of system
06-17 12:36:01.247 28923 30335 E ActivityThread: Failed to find provider info for com.oplus.statistics.provider
06-17 12:36:01.247 28923 30335 E OplusStatistics--: IllegalArgumentException:java.lang.IllegalArgumentException: Unknown URL content://com.oplus.statistics.provider/track_event
--------- beginning of crash
06-17 12:36:13.358 28923 29375 F libc    : Fatal signal 7 (SIGBUS), code 2 (BUS_ADRERR), fault addr 0x7560521465 in tid 29375 (d), pid 28923 (AndroidUI)
06-17 12:36:14.973 13557 13557 F DEBUG   : Process name is com.vibekey.keyboard, not key_process
06-17 12:36:14.973 13557 13557 F DEBUG   : keyProcess: 0
06-17 12:36:14.973 13557 13557 F DEBUG   : *** *** *** *** *** *** *** *** *** *** *** *** *** *** *** ***
06-17 12:36:14.973 13557 13557 F DEBUG   : Build fingerprint: 'OnePlus/OnePlus7Pro/OnePlus7Pro:12/SKQ1.211113.001/P.202303230244:user/release-keys'
06-17 12:36:14.973 13557 13557 F DEBUG   : Revision: '0'
06-17 12:36:14.973 13557 13557 F DEBUG   : ABI: 'arm64'
06-17 12:36:14.973 13557 13557 F DEBUG   : Timestamp: 2026-06-17 12:36:13.670166704-0400
06-17 12:36:14.973 13557 13557 F DEBUG   : Process uptime: 0s
06-17 12:36:14.973 13557 13557 F DEBUG   : Cmdline: com.vibekey.keyboard
06-17 12:36:14.973 13557 13557 F DEBUG   : pid: 28923, tid: 29375, name: d  >>> com.vibekey.keyboard <<<
06-17 12:36:14.973 13557 13557 F DEBUG   : uid: 14123
06-17 12:36:14.973 13557 13557 F DEBUG   : signal 7 (SIGBUS), code 2 (BUS_ADRERR), fault addr 0x7560521465
06-17 12:36:14.973 13557 13557 F DEBUG   :     x0  0000000000000000  x1  00000000000072bf  x2  0000000000000007  x3  00000076653feda0
06-17 12:36:14.973 13557 13557 F DEBUG   :     x4  00000076653fe6a8  x5  00000076653fe6a8  x6  00000076653fe6a8  x7  0000000000000000
06-17 12:36:14.973 13557 13557 F DEBUG   :     x8  00000000000000f0  x9  db746b027190efc7  x10 0000000000004001  x11 0000000000000000
06-17 12:36:14.973 13557 13557 F DEBUG   :     x12 00000000ffffffff  x13 0000000000000000  x14 0000000000000013  x15 00000000b58637bd
06-17 12:36:14.973 13557 13557 F DEBUG   :     x16 000000757caad3a8  x17 00000076790b8f10  x18 00000074a24b0000  x19 0000000000000007
06-17 12:36:14.973 13557 13557 F DEBUG   :     x20 00000076653feda0  x21 00000000000070fb  x22 00000076653fed00  x23 0000000000000001
06-17 12:36:14.973 13557 13557 F DEBUG   :     x24 b4000075c4b54780  x25 b4000075bb0a6f10  x26 0000000000075080  x27 b4000075c4b50180
06-17 12:36:14.973 13557 13557 F DEBUG   :     x28 0000000000000000  x29 00000076653fed20
06-17 12:36:14.973 13557 13557 F DEBUG   :     lr  0000007576cbabc8  sp  00000076653fed00  pc  00000076790b8f34  pst 0000000000000000
06-17 12:36:14.973 13557 13557 F DEBUG   : backtrace:
06-17 12:36:14.973 13557 13557 F DEBUG   :       #00 pc 0000000000075f34  /apex/com.android.runtime/lib64/bionic/libc.so (syscall+36) (BuildId: bbbdeb7c87c74f1491f92c6e605095b0)
06-17 12:36:14.973 13557 13557 F DEBUG   :       #01 pc 00000000040a9bc4  /data/app/~~-XGWjzmdoRrM1YaZYK883A==/com.google.android.webview-HvpxCmuUIjPsZ4yTEw8s4w==/base.apk!libwebviewchromium.so (BuildId: f447b77da2d76e8d4d133b66c727c3ae532b54bf)
06-17 12:36:14.973 13557 13557 F DEBUG   :       #02 pc 00000000040a03c4  /data/app/~~-XGWjzmdoRrM1YaZYK883A==/com.google.android.webview-HvpxCmuUIjPsZ4yTEw8s4w==/base.apk!libwebviewchromium.so (BuildId: f447b77da2d76e8d4d133b66c727c3ae532b54bf)
06-17 12:36:14.973 13557 13557 F DEBUG   :       #03 pc 0000000000000638  [vdso] (__kernel_rt_sigreturn+0)
06-17 12:36:14.973 13557 13557 F DEBUG   :       #04 pc 00000000000b62f4  /data/app/~~pCbbyCE2kA0rPqOo6YB3OQ==/com.vibekey.keyboard-UHqitjDrsZCd1wOr8lTfbQ==/lib/arm64/libjni_latinime.so (latinime::PatriciaTrieReadingUtils::getPtNodeArraySizeAndAdvancePosition(unsigned char const*, int, int*)+44) (BuildId: f905dbd1a904967a994cf833116e517b05caa863)
06-17 12:36:14.973 13557 13557 F DEBUG   :       #05 pc 00000000000b6c2c  /data/app/~~pCbbyCE2kA0rPqOo6YB3OQ==/com.vibekey.keyboard-UHqitjDrsZCd1wOr8lTfbQ==/lib/arm64/libjni_latinime.so (latinime::PatriciaTriePolicy::createAndGetAllChildDicNodes(latinime::DicNode const*, latinime::DicNodeVector*) const+112) (BuildId: f905dbd1a904967a994cf833116e517b05caa863)
06-17 12:36:14.973 13557 13557 F DEBUG   :       #06 pc 00000000000d598c  /data/app/~~pCbbyCE2kA0rPqOo6YB3OQ==/com.vibekey.keyboard-UHqitjDrsZCd1wOr8lTfbQ==/lib/arm64/libjni_latinime.so (latinime::Suggest::processDicNodeAsOmission(latinime::DicTraverseSession*, latinime::DicNode*) const+84) (BuildId: f905dbd1a904967a994cf833116e517b05caa863)
06-17 12:36:14.973 13557 13557 F DEBUG   :       #07 pc 00000000000d4a88  /data/app/~~pCbbyCE2kA0rPqOo6YB3OQ==/com.vibekey.keyboard-UHqitjDrsZCd1wOr8lTfbQ==/lib/arm64/libjni_latinime.so (latinime::Suggest::expandCurrentDicNodes(latinime::DicTraverseSession*) const+1732) (BuildId: f905dbd1a904967a994cf833116e517b05caa863)
06-17 12:36:14.973 13557 13557 F DEBUG   :       #08 pc 00000000000d3c0c  /data/app/~~pCbbyCE2kA0rPqOo6YB3OQ==/com.vibekey.keyboard-UHqitjDrsZCd1wOr8lTfbQ==/lib/arm64/libjni_latinime.so (latinime::Suggest::getSuggestions(latinime::ProximityInfo*, void*, int*, int*, int*, int*, int*, int, float, latinime::SuggestionResults*) const+504) (BuildId: f905dbd1a904967a994cf833116e517b05caa863)
06-17 12:36:14.973 13557 13557 F DEBUG   :       #09 pc 000000000009fd88  /data/app/~~pCbbyCE2kA0rPqOo6YB3OQ==/com.vibekey.keyboard-UHqitjDrsZCd1wOr8lTfbQ==/lib/arm64/libjni_latinime.so (BuildId: f905dbd1a904967a994cf833116e517b05caa863)
06-17 12:36:14.973 13557 13557 F DEBUG   :       #10 pc 00000000002c2100  /apex/com.android.art/lib64/libart.so (art_quick_generic_jni_trampoline+144) (BuildId: 7087b2f2160bfbf3335d54ba9779e325)
06-17 12:36:14.973 13557 13557 F DEBUG   :       #11 pc 00000000006692dc  /apex/com.android.art/lib64/libart.so (nterp_helper+3852) (BuildId: 7087b2f2160bfbf3335d54ba9779e325)
06-17 12:36:14.973 13557 13557 F DEBUG   :       #12 pc 0000000000228634  /data/app/~~pCbbyCE2kA0rPqOo6YB3OQ==/com.vibekey.keyboard-UHqitjDrsZCd1wOr8lTfbQ==/oat/arm64/base.vdex (com.android.inputmethod.latin.BinaryDictionary.q+572)
06-17 12:36:14.973 13557 13557 F DEBUG   :       #13 pc 0000000000669a28  /apex/com.android.art/lib64/libart.so (nterp_helper+5720) (BuildId: 7087b2f2160bfbf3335d54ba9779e325)
06-17 12:36:14.973 13557 13557 F DEBUG   :       #14 pc 00000000002283b2  /data/app/~~pCbbyCE2kA0rPqOo6YB3OQ==/com.vibekey.keyboard-UHqitjDrsZCd1wOr8lTfbQ==/oat/arm64/base.vdex (com.android.inputmethod.latin.BinaryDictionary.d+2)
06-17 12:36:14.973 13557 13557 F DEBUG   :       #15 pc 0000000000669a28  /apex/com.android.art/lib64/libart.so (nterp_helper+5720) (BuildId: 7087b2f2160bfbf3335d54ba9779e325)
06-17 12:36:14.973 13557 13557 F DEBUG   :       #16 pc 0000000000ae7362  /data/app/~~pCbbyCE2kA0rPqOo6YB3OQ==/com.vibekey.keyboard-UHqitjDrsZCd1wOr8lTfbQ==/oat/arm64/base.vdex (v7.k.d+50)
06-17 12:36:14.973 13557 13557 F DEBUG   :       #17 pc 0000000000669a28  /apex/com.android.art/lib64/libart.so (nterp_helper+5720) (BuildId: 7087b2f2160bfbf3335d54ba9779e325)
06-17 12:36:14.973 13557 13557 F DEBUG   :       #18 pc 0000000000ae64aa  /data/app/~~pCbbyCE2kA0rPqOo6YB3OQ==/com.vibekey.keyboard-UHqitjDrsZCd1wOr8lTfbQ==/oat/arm64/base.vdex (v7.e.d+150)
06-17 12:36:14.973 13557 13557 F DEBUG   :       #19 pc 0000000000669a28  /apex/com.android.art/lib64/libart.so (nterp_helper+5720) (BuildId: 7087b2f2160bfbf3335d54ba9779e325)
06-17 12:36:14.973 13557 13557 F DEBUG   :       #20 pc 00000000005b49ca  /data/app/~~pCbbyCE2kA0rPqOo6YB3OQ==/com.vibekey.keyboard-UHqitjDrsZCd1wOr8lTfbQ==/oat/arm64/base.vdex (p7.o.i+334)
06-17 12:36:14.973 13557 13557 F DEBUG   :       #21 pc 0000000000669a28  /apex/com.android.art/lib64/libart.so (nterp_helper+5720) (BuildId: 7087b2f2160bfbf3335d54ba9779e325)
06-17 12:36:14.973 13557 13557 F DEBUG   :       #22 pc 00000000005b4324  /data/app/~~pCbbyCE2kA0rPqOo6YB3OQ==/com.vibekey.keyboard-UHqitjDrsZCd1wOr8lTfbQ==/oat/arm64/base.vdex (p7.o.h+252)
06-17 12:36:14.973 13557 13557 F DEBUG   :       #23 pc 0000000000669a28  /apex/com.android.art/lib64/libart.so (nterp_helper+5720) (BuildId: 7087b2f2160bfbf3335d54ba9779e325)
06-17 12:36:14.973 13557 13557 F DEBUG   :       #24 pc 00000000005b41e0  /data/app/~~pCbbyCE2kA0rPqOo6YB3OQ==/com.vibekey.keyboard-UHqitjDrsZCd1wOr8lTfbQ==/oat/arm64/base.vdex (p7.o.g+112)
06-17 12:36:14.973 13557 13557 F DEBUG   :       #25 pc 0000000002113274  /memfd:jit-cache (deleted)
06-17 12:36:17.645 13597 13597 E OplusCustomizeRestrictionManager: sInstance is null, start a new sInstance
06-17 12:36:19.897 13597 13633 F libc    : Fatal signal 7 (SIGBUS), code 2 (BUS_ADRERR), fault addr 0x76665e4000 in tid 13633 (d), pid 13597 (AndroidUI)
06-17 12:36:21.088 13865 13865 F DEBUG   : Process name is com.vibekey.keyboard, not key_process
06-17 12:36:21.088 13865 13865 F DEBUG   : keyProcess: 0
06-17 12:36:21.088 13865 13865 F DEBUG   : *** *** *** *** *** *** *** *** *** *** *** *** *** *** *** ***
06-17 12:36:21.088 13865 13865 F DEBUG   : Build fingerprint: 'OnePlus/OnePlus7Pro/OnePlus7Pro:12/SKQ1.211113.001/P.202303230244:user/release-keys'
06-17 12:36:21.088 13865 13865 F DEBUG   : Revision: '0'
06-17 12:36:21.088 13865 13865 F DEBUG   : ABI: 'arm64'
06-17 12:36:21.088 13865 13865 F DEBUG   : Timestamp: 2026-06-17 12:36:20.162483368-0400
06-17 12:36:21.088 13865 13865 F DEBUG   : Process uptime: 0s
06-17 12:36:21.088 13865 13865 F DEBUG   : Cmdline: com.vibekey.keyboard
06-17 12:36:21.088 13865 13865 F DEBUG   : pid: 13597, tid: 13633, name: d  >>> com.vibekey.keyboard <<<
06-17 12:36:21.088 13865 13865 F DEBUG   : uid: 14123
06-17 12:36:21.088 13865 13865 F DEBUG   : signal 7 (SIGBUS), code 2 (BUS_ADRERR), fault addr 0x76665e4000
06-17 12:36:21.088 13865 13865 F DEBUG   :     x0  0000000000000000  x1  0000000000003541  x2  0000000000000007  x3  000000768a6d1da0
06-17 12:36:21.088 13865 13865 F DEBUG   :     x4  000000768a6d16a8  x5  000000768a6d16a8  x6  000000768a6d16a8  x7  0000000000000000
06-17 12:36:21.088 13865 13865 F DEBUG   :     x8  00000000000000f0  x9  db746b027190efc7  x10 0000000000004001  x11 0000000000000000
06-17 12:36:21.088 13865 13865 F DEBUG   :     x12 00000000ffffffff  x13 0000000000000000  x14 000000000000001f  x15 00000076665e2c08
06-17 12:36:21.088 13865 13865 F DEBUG   :     x16 000000757caad3a8  x17 00000076790b8f10  x18 000000755de2e000  x19 0000000000000007
06-17 12:36:21.088 13865 13865 F DEBUG   :     x20 000000768a6d1da0  x21 000000000000351d  x22 000000768a6d1d00  x23 0000000000000001
06-17 12:36:21.088 13865 13865 F DEBUG   :     x24 00000075ccb4a8d8  x25 00000075ccb4a9f0  x26 00000075ccb4aa24  x27 0000000000000001
06-17 12:36:21.088 13865 13865 F DEBUG   :     x28 00000075ccb4afd8  x29 000000768a6d1d20
06-17 12:36:21.088 13865 13865 F DEBUG   :     lr  0000007576cbabc8  sp  000000768a6d1d00  pc  00000076790b8f34  pst 0000000000000000
06-17 12:36:21.088 13865 13865 F DEBUG   : backtrace:
06-17 12:36:21.088 13865 13865 F DEBUG   :       #00 pc 0000000000075f34  /apex/com.android.runtime/lib64/bionic/libc.so (syscall+36) (BuildId: bbbdeb7c87c74f1491f92c6e605095b0)
06-17 12:36:21.088 13865 13865 F DEBUG   :       #01 pc 00000000040a9bc4  /data/app/~~-XGWjzmdoRrM1YaZYK883A==/com.google.android.webview-HvpxCmuUIjPsZ4yTEw8s4w==/base.apk!libwebviewchromium.so (BuildId: f447b77da2d76e8d4d133b66c727c3ae532b54bf)
06-17 12:36:21.088 13865 13865 F DEBUG   :       #02 pc 00000000040a03c4  /data/app/~~-XGWjzmdoRrM1YaZYK883A==/com.google.android.webview-HvpxCmuUIjPsZ4yTEw8s4w==/base.apk!libwebviewchromium.so (BuildId: f447b77da2d76e8d4d133b66c727c3ae532b54bf)
06-17 12:36:21.088 13865 13865 F DEBUG   :       #03 pc 0000000000000638  [vdso] (__kernel_rt_sigreturn+0)
06-17 12:36:21.088 13865 13865 F DEBUG   :       #04 pc 00000000000b67ac  /data/app/~~pCbbyCE2kA0rPqOo6YB3OQ==/com.vibekey.keyboard-UHqitjDrsZCd1wOr8lTfbQ==/lib/arm64/libjni_latinime.so (latinime::PatriciaTrieReadingUtils::readPtNodeInfo(unsigned char const*, int, int, latinime::DictionaryShortcutsStructurePolicy const*, latinime::DictionaryBigramsStructurePolicy const*, int const*, unsigned char*, int*, int*, int*, int*, int*, int*, int*)+120) (BuildId: f905dbd1a904967a994cf833116e517b05caa863)
06-17 12:36:21.088 13865 13865 F DEBUG   :       #05 pc 00000000000b8980  /data/app/~~pCbbyCE2kA0rPqOo6YB3OQ==/com.vibekey.keyboard-UHqitjDrsZCd1wOr8lTfbQ==/lib/arm64/libjni_latinime.so (latinime::Ver2ParticiaTrieNodeReader::fetchPtNodeParamsInBufferFromPtNodePos(int) const+140) (BuildId: f905dbd1a904967a994cf833116e517b05caa863)
06-17 12:36:21.088 13865 13865 F DEBUG   :       #06 pc 00000000000b4b74  /data/app/~~pCbbyCE2kA0rPqOo6YB3OQ==/com.vibekey.keyboard-UHqitjDrsZCd1wOr8lTfbQ==/lib/arm64/libjni_latinime.so (latinime::DynamicPtReadingHelper::getTerminalPtNodePositionOfWord(int const*, unsigned long, bool)+232) (BuildId: f905dbd1a904967a994cf833116e517b05caa863)
06-17 12:36:21.088 13865 13865 F DEBUG   :       #07 pc 00000000000b7324  /data/app/~~pCbbyCE2kA0rPqOo6YB3OQ==/com.vibekey.keyboard-UHqitjDrsZCd1wOr8lTfbQ==/lib/arm64/libjni_latinime.so (latinime::PatriciaTriePolicy::getWordId(latinime::IntArrayView, bool) const+184) (BuildId: f905dbd1a904967a994cf833116e517b05caa863)
06-17 12:36:21.088 13865 13865 F DEBUG   :       #08 pc 00000000000a7d54  /data/app/~~pCbbyCE2kA0rPqOo6YB3OQ==/com.vibekey.keyboard-UHqitjDrsZCd1wOr8lTfbQ==/lib/arm64/libjni_latinime.so (latinime::NgramContext::getWordId(latinime::DictionaryStructureWithBufferPolicy const*, int const*, int, bool, bool)+232) (BuildId: f905dbd1a904967a994cf833116e517b05caa863)
06-17 12:36:21.088 13865 13865 F DEBUG   :       #09 pc 00000000000d337c  /data/app/~~pCbbyCE2kA0rPqOo6YB3OQ==/com.vibekey.keyboard-UHqitjDrsZCd1wOr8lTfbQ==/lib/arm64/libjni_latinime.so (latinime::DicTraverseSession::init(latinime::Dictionary const*, latinime::NgramContext const*, latinime::SuggestOptions const*)+124) (BuildId: f905dbd1a904967a994cf833116e517b05caa863)
06-17 12:36:21.088 13865 13865 F DEBUG   :       #10 pc 00000000000c8bd0  /data/app/~~pCbbyCE2kA0rPqOo6YB3OQ==/com.vibekey.keyboard-UHqitjDrsZCd1wOr8lTfbQ==/lib/arm64/libjni_latinime.so (latinime::Dictionary::getSuggestions(latinime::ProximityInfo*, latinime::DicTraverseSession*, int*, int*, int*, int*, int*, int, latinime::NgramContext const*, latinime::SuggestOptions const*, float, latinime::SuggestionResults*) const+104) (BuildId: f905dbd1a904967a994cf833116e517b05caa863)
06-17 12:36:21.088 13865 13865 F DEBUG   :       #11 pc 000000000009fd88  /data/app/~~pCbbyCE2kA0rPqOo6YB3OQ==/com.vibekey.keyboard-UHqitjDrsZCd1wOr8lTfbQ==/lib/arm64/libjni_latinime.so (BuildId: f905dbd1a904967a994cf833116e517b05caa863)
06-17 12:36:21.088 13865 13865 F DEBUG   :       #12 pc 00000000002c2100  /apex/com.android.art/lib64/libart.so (art_quick_generic_jni_trampoline+144) (BuildId: 7087b2f2160bfbf3335d54ba9779e325)
06-17 12:36:21.088 13865 13865 F DEBUG   :       #13 pc 00000000006692dc  /apex/com.android.art/lib64/libart.so (nterp_helper+3852) (BuildId: 7087b2f2160bfbf3335d54ba9779e325)
06-17 12:36:21.088 13865 13865 F DEBUG   :       #14 pc 0000000000228634  /data/app/~~pCbbyCE2kA0rPqOo6YB3OQ==/com.vibekey.keyboard-UHqitjDrsZCd1wOr8lTfbQ==/oat/arm64/base.vdex (com.android.inputmethod.latin.BinaryDictionary.q+572)
06-17 12:36:21.088 13865 13865 F DEBUG   :       #15 pc 0000000000669a28  /apex/com.android.art/lib64/libart.so (nterp_helper+5720) (BuildId: 7087b2f2160bfbf3335d54ba9779e325)
06-17 12:36:21.088 13865 13865 F DEBUG   :       #16 pc 00000000002283b2  /data/app/~~pCbbyCE2kA0rPqOo6YB3OQ==/com.vibekey.keyboard-UHqitjDrsZCd1wOr8lTfbQ==/oat/arm64/base.vdex (com.android.inputmethod.latin.BinaryDictionary.d+2)
06-17 12:36:21.088 13865 13865 F DEBUG   :       #17 pc 0000000000669a28  /apex/com.android.art/lib64/libart.so (nterp_helper+5720) (BuildId: 7087b2f2160bfbf3335d54ba9779e325)
06-17 12:36:21.088 13865 13865 F DEBUG   :       #18 pc 0000000000ae7362  /data/app/~~pCbbyCE2kA0rPqOo6YB3OQ==/com.vibekey.keyboard-UHqitjDrsZCd1wOr8lTfbQ==/oat/arm64/base.vdex (v7.k.d+50)
06-17 12:36:21.088 13865 13865 F DEBUG   :       #19 pc 0000000000669a28  /apex/com.android.art/lib64/libart.so (nterp_helper+5720) (BuildId: 7087b2f2160bfbf3335d54ba9779e325)
06-17 12:36:21.088 13865 13865 F DEBUG   :       #20 pc 0000000000ae64aa  /data/app/~~pCbbyCE2kA0rPqOo6YB3OQ==/com.vibekey.keyboard-UHqitjDrsZCd1wOr8lTfbQ==/oat/arm64/base.vdex (v7.e.d+150)
06-17 12:36:21.088 13865 13865 F DEBUG   :       #21 pc 0000000000669a28  /apex/com.android.art/lib64/libart.so (nterp_helper+5720) (BuildId: 7087b2f2160bfbf3335d54ba9779e325)
06-17 12:36:21.088 13865 13865 F DEBUG   :       #22 pc 00000000005b49ca  /data/app/~~pCbbyCE2kA0rPqOo6YB3OQ==/com.vibekey.keyboard-UHqitjDrsZCd1wOr8lTfbQ==/oat/arm64/base.vdex (p7.o.i+334)
06-17 12:36:21.088 13865 13865 F DEBUG   :       #23 pc 0000000000669a28  /apex/com.android.art/lib64/libart.so (nterp_helper+5720) (BuildId: 7087b2f2160bfbf3335d54ba9779e325)
06-17 12:36:21.088 13865 13865 F DEBUG   :       #24 pc 00000000005b4324  /data/app/~~pCbbyCE2kA0rPqOo6YB3OQ==/com.vibekey.keyboard-UHqitjDrsZCd1wOr8lTfbQ==/oat/arm64/base.vdex (p7.o.h+252)
06-17 12:36:21.088 13865 13865 F DEBUG   :       #25 pc 0000000000669a28  /apex/com.android.art/lib64/libart.so (nterp_helper+5720) (BuildId: 7087b2f2160bfbf3335d54ba9779e325)
06-17 12:36:21.088 13865 13865 F DEBUG   :       #26 pc 00000000005b41e0  /data/app/~~pCbbyCE2kA0rPqOo6YB3OQ==/com.vibekey.keyboard-UHqitjDrsZCd1wOr8lTfbQ==/oat/arm64/base.vdex (p7.o.g+112)
06-17 12:36:21.088 13865 13865 F DEBUG   :       #27 pc 0000000000669a28  /apex/com.android.art/lib64/libart.so (nterp_helper+5720) (BuildId: 7087b2f2160bfbf3335d54ba9779e325)
06-17 12:36:21.088 13865 13865 F DEBUG   :       #28 pc 00000000005bc8b6  /data/app/~~pCbbyCE2kA0rPqOo6YB3OQ==/com.vibekey.keyboard-UHqitjDrsZCd1wOr8lTfbQ==/oat/arm64/base.vdex (p7.i1.c+266)
06-17 12:36:21.088 13865 13865 F DEBUG   :       #29 pc 0000000000669a28  /apex/com.android.art/lib64/libart.so (nterp_helper+5720) (BuildId: 7087b2f2160bfbf3335d54ba9779e325)
06-17 12:36:21.088 13865 13865 F DEBUG   :       #30 pc 00000000005bc734  /data/app/~~pCbbyCE2kA0rPqOo6YB3OQ==/com.vibekey.keyboard-UHqitjDrsZCd1wOr8lTfbQ==/oat/arm64/base.vdex (p7.i1.b+2656)
06-17 12:36:21.088 13865 13865 F DEBUG   :       #31 pc 0000000000669a28  /apex/com.android.art/lib64/libart.so (nterp_helper+5720) (BuildId: 7087b2f2160bfbf3335d54ba9779e325)
06-17 12:36:21.088 13865 13865 F DEBUG   :       #32 pc 0000000000aee536  /data/app/~~pCbbyCE2kA0rPqOo6YB3OQ==/com.vibekey.keyboard-UHqitjDrsZCd1wOr8lTfbQ==/oat/arm64/base.vdex (x7.b.m+1458)
06-17 12:36:21.088 13865 13865 F DEBUG   :       #33 pc 0000000000669324  /apex/com.android.art/lib64/libart.so (nterp_helper+3924) (BuildId: 7087b2f2160bfbf3335d54ba9779e325)
06-17 12:36:21.088 13865 13865 F DEBUG   :       #34 pc 00000000001a39ba  /data/app/~~pCbbyCE2kA0rPqOo6YB3OQ==/com.vibekey.keyboard-UHqitjDrsZCd1wOr8lTfbQ==/oat/arm64/base.vdex (a5.a.run+102)
06-17 12:36:21.088 13865 13865 F DEBUG   :       #35 pc 000000000066a144  /apex/com.android.art/lib64/libart.so (nterp_helper+7540) (BuildId: 7087b2f2160bfbf3335d54ba9779e325)
06-17 12:36:21.088 13865 13865 F DEBUG   :       #36 pc 0000000000aeb3f6  /data/app/~~pCbbyCE2kA0rPqOo6YB3OQ==/com.vibekey.keyboard-UHqitjDrsZCd1wOr8lTfbQ==/oat/arm64/base.vdex (x7.d.handleMessage+18)
06-17 12:36:21.088 13865 13865 F DEBUG   :       #37 pc 000000000205b2d4  /memfd:jit-zygote-cache (deleted)
06-17 12:36:23.124 13898 13898 E OplusCustomizeRestrictionManager: sInstance is null, start a new sInstance
06-17 12:36:25.533 13898 13932 F libc    : Fatal signal 7 (SIGBUS), code 2 (BUS_ADRERR), fault addr 0x766660a1b8 in tid 13932 (d), pid 13898 (AndroidUI)
06-17 12:36:26.667 14147 14147 F DEBUG   : Process name is com.vibekey.keyboard, not key_process
06-17 12:36:26.667 14147 14147 F DEBUG   : keyProcess: 0
06-17 12:36:26.667 14147 14147 F DEBUG   : *** *** *** *** *** *** *** *** *** *** *** *** *** *** *** ***
06-17 12:36:26.667 14147 14147 F DEBUG   : Build fingerprint: 'OnePlus/OnePlus7Pro/OnePlus7Pro:12/SKQ1.211113.001/P.202303230244:user/release-keys'
06-17 12:36:26.667 14147 14147 F DEBUG   : Revision: '0'
06-17 12:36:26.667 14147 14147 F DEBUG   : ABI: 'arm64'
06-17 12:36:26.667 14147 14147 F DEBUG   : Timestamp: 2026-06-17 12:36:25.810363679-0400
06-17 12:36:26.667 14147 14147 F DEBUG   : Process uptime: 0s
06-17 12:36:26.667 14147 14147 F DEBUG   : Cmdline: com.vibekey.keyboard
06-17 12:36:26.667 14147 14147 F DEBUG   : pid: 13898, tid: 13932, name: d  >>> com.vibekey.keyboard <<<
06-17 12:36:26.667 14147 14147 F DEBUG   : uid: 14123
06-17 12:36:26.667 14147 14147 F DEBUG   : signal 7 (SIGBUS), code 2 (BUS_ADRERR), fault addr 0x766660a1b8
06-17 12:36:26.667 14147 14147 F DEBUG   :     x0  0000000000000000  x1  000000000000366c  x2  0000000000000007  x3  000000768a6d1da0
06-17 12:36:26.667 14147 14147 F DEBUG   :     x4  000000768a6d16a8  x5  000000768a6d16a8  x6  000000768a6d16a8  x7  0000000000000000
06-17 12:36:26.667 14147 14147 F DEBUG   :     x8  00000000000000f0  x9  db746b027190efc7  x10 0000000000004001  x11 0000000000000000
06-17 12:36:26.667 14147 14147 F DEBUG   :     x12 00000000ffffffff  x13 0000000000000000  x14 0000000000000013  x15 00000000b58637bd
06-17 12:36:26.667 14147 14147 F DEBUG   :     x16 000000757caad3a8  x17 00000076790b8f10  x18 000000755a76a000  x19 0000000000000007
06-17 12:36:26.667 14147 14147 F DEBUG   :     x20 000000768a6d1da0  x21 000000000000364a  x22 000000768a6d1d00  x23 0000000000000001
06-17 12:36:26.667 14147 14147 F DEBUG   :     x24 b4000074040d57c0  x25 b4000075bb0a6310  x26 0000000000075080  x27 b4000074040d0680
06-17 12:36:26.667 14147 14147 F DEBUG   :     x28 0000000000000000  x29 000000768a6d1d20
06-17 12:36:26.667 14147 14147 F DEBUG   :     lr  0000007576cbabc8  sp  000000768a6d1d00  pc  00000076790b8f34  pst 0000000000000000
06-17 12:36:26.668 14147 14147 F DEBUG   : backtrace:
06-17 12:36:26.668 14147 14147 F DEBUG   :       #00 pc 0000000000075f34  /apex/com.android.runtime/lib64/bionic/libc.so (syscall+36) (BuildId: bbbdeb7c87c74f1491f92c6e605095b0)
06-17 12:36:26.668 14147 14147 F DEBUG   :       #01 pc 00000000040a9bc4  /data/app/~~-XGWjzmdoRrM1YaZYK883A==/com.google.android.webview-HvpxCmuUIjPsZ4yTEw8s4w==/base.apk!libwebviewchromium.so (BuildId: f447b77da2d76e8d4d133b66c727c3ae532b54bf)
06-17 12:36:26.668 14147 14147 F DEBUG   :       #02 pc 00000000040a03c4  /data/app/~~-XGWjzmdoRrM1YaZYK883A==/com.google.android.webview-HvpxCmuUIjPsZ4yTEw8s4w==/base.apk!libwebviewchromium.so (BuildId: f447b77da2d76e8d4d133b66c727c3ae532b54bf)
06-17 12:36:26.668 14147 14147 F DEBUG   :       #03 pc 0000000000000638  [vdso] (__kernel_rt_sigreturn+0)
06-17 12:36:26.668 14147 14147 F DEBUG   :       #04 pc 00000000000b62f4  /data/app/~~pCbbyCE2kA0rPqOo6YB3OQ==/com.vibekey.keyboard-UHqitjDrsZCd1wOr8lTfbQ==/lib/arm64/libjni_latinime.so (latinime::PatriciaTrieReadingUtils::getPtNodeArraySizeAndAdvancePosition(unsigned char const*, int, int*)+44) (BuildId: f905dbd1a904967a994cf833116e517b05caa863)
06-17 12:36:26.668 14147 14147 F DEBUG   :       #05 pc 00000000000b6c2c  /data/app/~~pCbbyCE2kA0rPqOo6YB3OQ==/com.vibekey.keyboard-UHqitjDrsZCd1wOr8lTfbQ==/lib/arm64/libjni_latinime.so (latinime::PatriciaTriePolicy::createAndGetAllChildDicNodes(latinime::DicNode const*, latinime::DicNodeVector*) const+112) (BuildId: f905dbd1a904967a994cf833116e517b05caa863)
06-17 12:36:26.668 14147 14147 F DEBUG   :       #06 pc 00000000000d598c  /data/app/~~pCbbyCE2kA0rPqOo6YB3OQ==/com.vibekey.keyboard-UHqitjDrsZCd1wOr8lTfbQ==/lib/arm64/libjni_latinime.so (latinime::Suggest::processDicNodeAsOmission(latinime::DicTraverseSession*, latinime::DicNode*) const+84) (BuildId: f905dbd1a904967a994cf833116e517b05caa863)
06-17 12:36:26.668 14147 14147 F DEBUG   :       #07 pc 00000000000d4a88  /data/app/~~pCbbyCE2kA0rPqOo6YB3OQ==/com.vibekey.keyboard-UHqitjDrsZCd1wOr8lTfbQ==/lib/arm64/libjni_latinime.so (latinime::Suggest::expandCurrentDicNodes(latinime::DicTraverseSession*) const+1732) (BuildId: f905dbd1a904967a994cf833116e517b05caa863)
06-17 12:36:26.668 14147 14147 F DEBUG   :       #08 pc 00000000000d3c0c  /data/app/~~pCbbyCE2kA0rPqOo6YB3OQ==/com.vibekey.keyboard-UHqitjDrsZCd1wOr8lTfbQ==/lib/arm64/libjni_latinime.so (latinime::Suggest::getSuggestions(latinime::ProximityInfo*, void*, int*, int*, int*, int*, int*, int, float, latinime::SuggestionResults*) const+504) (BuildId: f905dbd1a904967a994cf833116e517b05caa863)
06-17 12:36:26.668 14147 14147 F DEBUG   :       #09 pc 000000000009fd88  /data/app/~~pCbbyCE2kA0rPqOo6YB3OQ==/com.vibekey.keyboard-UHqitjDrsZCd1wOr8lTfbQ==/lib/arm64/libjni_latinime.so (BuildId: f905dbd1a904967a994cf833116e517b05caa863)
06-17 12:36:26.668 14147 14147 F DEBUG   :       #10 pc 00000000002c2100  /apex/com.android.art/lib64/libart.so (art_quick_generic_jni_trampoline+144) (BuildId: 7087b2f2160bfbf3335d54ba9779e325)
06-17 12:36:26.668 14147 14147 F DEBUG   :       #11 pc 00000000006692dc  /apex/com.android.art/lib64/libart.so (nterp_helper+3852) (BuildId: 7087b2f2160bfbf3335d54ba9779e325)
06-17 12:36:26.668 14147 14147 F DEBUG   :       #12 pc 0000000000228634  /data/app/~~pCbbyCE2kA0rPqOo6YB3OQ==/com.vibekey.keyboard-UHqitjDrsZCd1wOr8lTfbQ==/oat/arm64/base.vdex (com.android.inputmethod.latin.BinaryDictionary.q+572)
06-17 12:36:26.668 14147 14147 F DEBUG   :       #13 pc 0000000000669a28  /apex/com.android.art/lib64/libart.so (nterp_helper+5720) (BuildId: 7087b2f2160bfbf3335d54ba9779e325)
06-17 12:36:26.668 14147 14147 F DEBUG   :       #14 pc 00000000002283b2  /data/app/~~pCbbyCE2kA0rPqOo6YB3OQ==/com.vibekey.keyboard-UHqitjDrsZCd1wOr8lTfbQ==/oat/arm64/base.vdex (com.android.inputmethod.latin.BinaryDictionary.d+2)
06-17 12:36:26.668 14147 14147 F DEBUG   :       #15 pc 0000000000669a28  /apex/com.android.art/lib64/libart.so (nterp_helper+5720) (BuildId: 7087b2f2160bfbf3335d54ba9779e325)
06-17 12:36:26.668 14147 14147 F DEBUG   :       #16 pc 0000000000ae7362  /data/app/~~pCbbyCE2kA0rPqOo6YB3OQ==/com.vibekey.keyboard-UHqitjDrsZCd1wOr8lTfbQ==/oat/arm64/base.vdex (v7.k.d+50)
06-17 12:36:26.668 14147 14147 F DEBUG   :       #17 pc 0000000000669a28  /apex/com.android.art/lib64/libart.so (nterp_helper+5720) (BuildId: 7087b2f2160bfbf3335d54ba9779e325)
06-17 12:36:26.668 14147 14147 F DEBUG   :       #18 pc 0000000000ae64aa  /data/app/~~pCbbyCE2kA0rPqOo6YB3OQ==/com.vibekey.keyboard-UHqitjDrsZCd1wOr8lTfbQ==/oat/arm64/base.vdex (v7.e.d+150)
06-17 12:36:26.668 14147 14147 F DEBUG   :       #19 pc 0000000000669a28  /apex/com.android.art/lib64/libart.so (nterp_helper+5720) (BuildId: 7087b2f2160bfbf3335d54ba9779e325)
06-17 12:36:26.668 14147 14147 F DEBUG   :       #20 pc 00000000005b49ca  /data/app/~~pCbbyCE2kA0rPqOo6YB3OQ==/com.vibekey.keyboard-UHqitjDrsZCd1wOr8lTfbQ==/oat/arm64/base.vdex (p7.o.i+334)
06-17 12:36:26.668 14147 14147 F DEBUG   :       #21 pc 0000000000669a28  /apex/com.android.art/lib64/libart.so (nterp_helper+5720) (BuildId: 7087b2f2160bfbf3335d54ba9779e325)
06-17 12:36:26.668 14147 14147 F DEBUG   :       #22 pc 00000000005b4324  /data/app/~~pCbbyCE2kA0rPqOo6YB3OQ==/com.vibekey.keyboard-UHqitjDrsZCd1wOr8lTfbQ==/oat/arm64/base.vdex (p7.o.h+252)
06-17 12:36:26.668 14147 14147 F DEBUG   :       #23 pc 0000000000669a28  /apex/com.android.art/lib64/libart.so (nterp_helper+5720) (BuildId: 7087b2f2160bfbf3335d54ba9779e325)
06-17 12:36:26.668 14147 14147 F DEBUG   :       #24 pc 00000000005b41e0  /data/app/~~pCbbyCE2kA0rPqOo6YB3OQ==/com.vibekey.keyboard-UHqitjDrsZCd1wOr8lTfbQ==/oat/arm64/base.vdex (p7.o.g+112)
06-17 12:36:26.668 14147 14147 F DEBUG   :       #25 pc 0000000000669a28  /apex/com.android.art/lib64/libart.so (nterp_helper+5720) (BuildId: 7087b2f2160bfbf3335d54ba9779e325)
06-17 12:36:26.668 14147 14147 F DEBUG   :       #26 pc 00000000005bbe40  /data/app/~~pCbbyCE2kA0rPqOo6YB3OQ==/com.vibekey.keyboard-UHqitjDrsZCd1wOr8lTfbQ==/oat/arm64/base.vdex (p7.i1.b+364)
06-17 12:36:26.668 14147 14147 F DEBUG   :       #27 pc 0000000000669a28  /apex/com.android.art/lib64/libart.so (nterp_helper+5720) (BuildId: 7087b2f2160bfbf3335d54ba9779e325)
06-17 12:36:26.668 14147 14147 F DEBUG   :       #28 pc 0000000000aee536  /data/app/~~pCbbyCE2kA0rPqOo6YB3OQ==/com.vibekey.keyboard-UHqitjDrsZCd1wOr8lTfbQ==/oat/arm64/base.vdex (x7.b.m+1458)
06-17 12:36:26.668 14147 14147 F DEBUG   :       #29 pc 0000000000669324  /apex/com.android.art/lib64/libart.so (nterp_helper+3924) (BuildId: 7087b2f2160bfbf3335d54ba9779e325)
06-17 12:36:26.668 14147 14147 F DEBUG   :       #30 pc 00000000005b6b98  /data/app/~~pCbbyCE2kA0rPqOo6YB3OQ==/com.vibekey.keyboard-UHqitjDrsZCd1wOr8lTfbQ==/oat/arm64/base.vdex (p7.u.run+72)
06-17 12:36:26.668 14147 14147 F DEBUG   :       #31 pc 000000000066a144  /apex/com.android.art/lib64/libart.so (nterp_helper+7540) (BuildId: 7087b2f2160bfbf3335d54ba9779e325)
06-17 12:36:26.668 14147 14147 F DEBUG   :       #32 pc 0000000000aeb3f6  /data/app/~~pCbbyCE2kA0rPqOo6YB3OQ==/com.vibekey.keyboard-UHqitjDrsZCd1wOr8lTfbQ==/oat/arm64/base.vdex (x7.d.handleMessage+18)
06-17 12:36:26.668 14147 14147 F DEBUG   :       #33 pc 000000000205b2d4  /memfd:jit-zygote-cache (deleted)
06-17 12:36:32.702 14167 14167 E OplusCustomizeRestrictionManager: sInstance is null, start a new sInstance
06-17 12:37:50.573 14167 18956 E ActivityThread: Failed to find provider info for com.oplus.statistics.provider
06-17 12:37:50.573 14167 18956 E OplusStatistics--: IllegalArgumentException:java.lang.IllegalArgumentException: Unknown URL content://com.oplus.statistics.provider/track_event
--------- beginning of main
06-17 12:37:56.598 14167 14201 I VkSuggestions: decode typedLen=0 candidates=18 locales=3 8,6ms
06-17 12:37:56.606 14167 14167 I VkSwipe : ✓ gesture points=40 decodedLen=3 candidates=15 top=fgv 654ms
06-17 12:37:56.770 14167 14167 I VkSwipe : ▶ gesture started locale=pt-BR
06-17 12:37:56.800 14167 14201 W VkSuggestions: slow frame 24,3ms locales=3 typedLen=0 candidates=18 parallelWait=24,2ms
06-17 12:37:56.910 14167 14201 I VkSuggestions: decode typedLen=2 candidates=18 locales=3 12,2ms
06-17 12:37:56.923 14167 14201 I VkSuggestions: decode typedLen=0 candidates=18 locales=3 11,8ms
06-17 12:37:56.930 14167 14167 I VkSwipe : ✓ gesture points=15 decodedLen=2 candidates=17 top=go 160ms
06-17 12:37:57.383 14167 14201 I VkSuggestions: decode typedLen=1 candidates=18 locales=3 22,0ms
06-17 12:37:57.384 14167 14201 W VkSuggestions: slow frame 22,0ms locales=3 typedLen=1 candidates=18 parallelWait=21,6ms
06-17 12:37:57.385 14167 14201 I VkAutocorrect: offered: e → e
06-17 12:37:57.386 14167 14201 I VkSuggestions: strip composing typedLen=1 candidates=18 autocorrect=true top=e locale=pt
06-17 12:37:57.602 14167 14201 I VkSuggestions: decode typedLen=2 candidates=18 locales=3 8,2ms
06-17 12:37:57.603 14167 14201 I VkSuggestions: strip composing typedLen=2 candidates=13 autocorrect=false top=eh locale=pt
06-17 12:37:57.784 14167 14201 I VkSuggestions: decode typedLen=3 candidates=18 locales=3 7,9ms
06-17 12:37:57.786 14167 14201 I VkSuggestions: strip composing typedLen=3 candidates=16 autocorrect=false top=ehh locale=pt
06-17 12:37:57.967 14167 14201 I VkSuggestions: decode typedLen=4 candidates=18 locales=3 6,6ms
06-17 12:37:57.969 14167 14201 I VkSuggestions: strip composing typedLen=4 candidates=19 autocorrect=false top=ehhh locale=pt
06-17 12:37:58.054 14167 14167 I VkThemes: ✓ generate 7727ms theme=White Crypto Clean
06-17 12:37:58.192 14167 14167 I VkEffects: reload anim=fade blur=0px glow=false stickers=true
06-17 12:37:58.197 14167 14167 I VkThemes: apply theme=White Crypto Clean (ai_generate)
06-17 12:37:58.200 14167 14167 I VkSwipe : ○ gesture canceled
06-17 12:37:58.203 14167 14167 I VkSwipe : ○ gesture canceled
06-17 12:37:58.414 14167 20049 W ServiceBindIntentUtils: Dynamic lookup for intent failed for action: com.google.android.gms.ads.service.START
06-17 12:37:58.449 14167 14167 I VkFavorites: save theme White Crypto Clean → SAVED
06-17 12:37:58.466 14167 14167 W View    : requestLayout() improperly called by android.widget.LinearLayout{9bd5259 V.E...... ......ID 0,1868-1440,2818 #7f0a011b app:id/main_keyboard_frame} during layout: running second layout pass
06-17 12:37:58.477 14167 14201 I VkSuggestions: decode typedLen=5 candidates=18 locales=3 4,6ms
06-17 12:37:58.479 14167 14201 I VkSuggestions: strip composing typedLen=5 candidates=19 autocorrect=false top=ehhhd locale=pt
06-17 12:37:59.715 14167 14201 I VkSuggestions: decode typedLen=4 candidates=18 locales=3 9,9ms
06-17 12:37:59.716 14167 14201 I VkSuggestions: strip composing typedLen=4 candidates=19 autocorrect=false top=ehhh locale=pt
06-17 12:37:59.913 14167 14201 I VkSuggestions: decode typedLen=3 candidates=18 locales=3 7,9ms
06-17 12:37:59.914 14167 14201 I VkSuggestions: strip composing typedLen=3 candidates=16 autocorrect=false top=ehh locale=pt
06-17 12:38:00.879 14167 14201 I VkSuggestions: strip prediction typedLen=0 candidates=3 autocorrect=false top=hola locale=pt
06-17 12:38:03.045 14167 14201 W VibeKeyProfiler: Slow Native Suggest: Total=9.30ms | Init=0.24ms | TrieExpand(x18)=9.04ms | Scoring=0.02ms | inputSize=1
06-17 12:38:03.054 14167 14201 I VkSuggestions: decode typedLen=1 candidates=18 locales=3 25,7ms
06-17 12:38:03.055 14167 14201 W VkSuggestions: slow frame 25,7ms locales=3 typedLen=1 candidates=18 parallelWait=25,6ms
06-17 12:38:03.056 14167 14201 I VkSuggestions: strip composing typedLen=1 candidates=19 autocorrect=false top=j locale=pt
06-17 12:38:03.252 14167 14201 I VkSuggestions: decode typedLen=2 candidates=18 locales=3 8,7ms
06-17 12:38:03.254 14167 14201 I VkSuggestions: strip composing typedLen=2 candidates=12 autocorrect=false top=jh locale=pt
06-17 12:38:03.435 14167 14201 I VkSuggestions: decode typedLen=3 candidates=18 locales=3 7,3ms
06-17 12:38:03.437 14167 14201 I VkSuggestions: strip composing typedLen=3 candidates=16 autocorrect=false top=jhh locale=pt
06-17 12:38:03.623 14167 14201 I VkSuggestions: decode typedLen=4 candidates=18 locales=3 7,7ms
06-17 12:38:03.625 14167 14201 I VkSuggestions: strip composing typedLen=4 candidates=17 autocorrect=false top=jhhd locale=pt
06-17 12:38:04.525 14167 14167 I VkAutocorrect: kept (typing): jhhd
06-17 12:38:05.037 14167 14201 I VkSuggestions: decode typedLen=3 candidates=18 locales=3 6,9ms
06-17 12:38:05.038 14167 14201 I VkSuggestions: strip composing typedLen=3 candidates=17 autocorrect=false top=jhh locale=pt
06-17 12:38:05.178 14167 14201 I VkSuggestions: decode typedLen=2 candidates=18 locales=3 6,9ms
06-17 12:38:05.179 14167 14201 I VkSuggestions: strip composing typedLen=2 candidates=13 autocorrect=false top=jh locale=pt
06-17 12:38:05.405 14167 14201 I VkSuggestions: decode typedLen=1 candidates=18 locales=3 17,2ms
06-17 12:38:05.406 14167 14201 W VkSuggestions: slow frame 17,2ms locales=3 typedLen=1 candidates=18 parallelWait=17,0ms
06-17 12:38:05.406 14167 14201 I VkSuggestions: strip composing typedLen=1 candidates=19 autocorrect=false top=j locale=pt
06-17 12:38:05.544 14167 14201 I VkSuggestions: strip prediction typedLen=0 candidates=3 autocorrect=false top=hola locale=pt
06-17 12:38:07.079 14167 14201 W VibeKeyProfiler: Slow Native Suggest: Total=14.08ms | Init=0.03ms | TrieExpand(x18)=14.03ms | Scoring=0.03ms | inputSize=1
06-17 12:38:07.093 14167 14201 W VkSuggestions: slow frame 28,0ms locales=3 typedLen=1 candidates=18 parallelWait=27,9ms
06-17 12:38:07.094 14167 14201 I VkSuggestions: strip composing typedLen=1 candidates=18 autocorrect=false top=h locale=pt
06-17 12:38:07.287 14167 14201 I VkSuggestions: decode typedLen=2 candidates=18 locales=3 7,1ms
06-17 12:38:07.288 14167 14201 I VkSuggestions: strip composing typedLen=2 candidates=17 autocorrect=false top=ho locale=pt
06-17 12:38:07.487 14167 14201 I VkSuggestions: decode typedLen=3 candidates=17 locales=3 8,5ms
06-17 12:38:07.488 14167 14201 I VkSuggestions: strip composing typedLen=3 candidates=12 autocorrect=false top=hol locale=pt
06-17 12:38:07.615 14167 14201 I VkSuggestions: decode typedLen=4 candidates=18 locales=3 12,3ms
06-17 12:38:07.617 14167 14201 I VkSuggestions: strip composing typedLen=4 candidates=13 autocorrect=false top=hola locale=pt
06-17 12:38:08.605 14167 14167 I VkAutocorrect: kept (typing): hola
06-17 12:38:08.721 14167 14201 I VkSuggestions: strip prediction typedLen=0 candidates=1 autocorrect=false top=amigs locale=pt
06-17 12:38:09.431 14167 14201 W VibeKeyProfiler: Slow Native Suggest: Total=10.24ms | Init=0.18ms | TrieExpand(x12)=10.01ms | Scoring=0.04ms | inputSize=2
06-17 12:38:09.440 14167 14201 I VkSuggestions: decode typedLen=2 candidates=18 locales=3 26,2ms
06-17 12:38:09.441 14167 14201 W VkSuggestions: slow frame 26,2ms locales=3 typedLen=2 candidates=18 parallelWait=26,0ms
06-17 12:38:09.443 14167 14201 I VkSuggestions: strip composing typedLen=2 candidates=16 autocorrect=false top=ma locale=pt
06-17 12:38:09.681 14167 14201 I VkSuggestions: decode typedLen=3 candidates=18 locales=3 8,5ms
06-17 12:38:09.683 14167 14201 I VkSuggestions: strip composing typedLen=3 candidates=16 autocorrect=false top=mar locale=pt
06-17 12:38:09.849 14167 14201 I VkSuggestions: decode typedLen=4 candidates=18 locales=3 9,9ms
06-17 12:38:09.852 14167 14201 I VkSuggestions: strip composing typedLen=4 candidates=16 autocorrect=false top=mari locale=pt
06-17 12:38:09.964 14167 14201 I VkSuggestions: decode typedLen=5 candidates=18 locales=3 5,5ms
06-17 12:38:09.965 14167 14201 I VkAutocorrect: offered: maria → maria
06-17 12:38:09.965 14167 14201 I VkSuggestions: strip composing typedLen=5 candidates=15 autocorrect=true top=maria locale=pt
06-17 12:38:10.015 14167 14167 I VkAutocorrect: committed (typing): maria → María
06-17 12:38:10.124 14167 14201 I VkSuggestions: strip prediction typedLen=0 candidates=3 autocorrect=false top=hola locale=pt
06-17 12:38:10.978 14167 14201 I VkSuggestions: decode typedLen=1 candidates=18 locales=3 18,2ms
06-17 12:38:10.978 14167 14201 W VkSuggestions: slow frame 18,2ms locales=3 typedLen=1 candidates=18 parallelWait=18,1ms
06-17 12:38:10.979 14167 14201 I VkSuggestions: strip composing typedLen=1 candidates=18 autocorrect=false top=c locale=pt
06-17 12:38:11.104 14167 14201 W VibeKeyProfiler: Slow Native Suggest: Total=9.87ms | Init=0.14ms | TrieExpand(x17)=9.69ms | Scoring=0.03ms | inputSize=2
06-17 12:38:11.108 14167 14201 I VkSuggestions: decode typedLen=2 candidates=18 locales=3 22,2ms
06-17 12:38:11.109 14167 14201 W VkSuggestions: slow frame 22,2ms locales=3 typedLen=2 candidates=18 parallelWait=22,1ms
06-17 12:38:11.110 14167 14201 I VkSuggestions: strip composing typedLen=2 candidates=13 autocorrect=false top=co locale=pt
06-17 12:38:11.308 14167 14201 I VkSuggestions: decode typedLen=3 candidates=18 locales=3 12,2ms
06-17 12:38:11.309 14167 14201 I VkSuggestions: strip composing typedLen=3 candidates=16 autocorrect=false top=com locale=pt
06-17 12:38:11.518 14167 14201 I VkSuggestions: decode typedLen=4 candidates=18 locales=3 15,4ms
06-17 12:38:11.520 14167 14201 I VkSuggestions: strip composing typedLen=4 candidates=16 autocorrect=false top=como locale=pt
06-17 12:38:11.618 14167 14167 I VkAutocorrect: kept (typing): como
06-17 12:38:11.827 14167 14201 W VibeKeyProfiler: Slow Native Suggest: Total=8.29ms | Init=0.79ms | TrieExpand(x18)=7.46ms | Scoring=0.03ms | inputSize=1
06-17 12:38:11.845 14167 14201 I VkSuggestions: decode typedLen=1 candidates=18 locales=3 25,8ms
06-17 12:38:11.845 14167 14201 W VkSuggestions: slow frame 25,8ms locales=3 typedLen=1 candidates=18 parallelWait=25,5ms
06-17 12:38:11.846 14167 14201 I VkAutocorrect: offered: e → e
06-17 12:38:11.846 14167 14201 I VkSuggestions: strip composing typedLen=1 candidates=18 autocorrect=true top=e locale=pt
06-17 12:38:12.018 14167 14201 I VkSuggestions: decode typedLen=2 candidates=18 locales=3 13,7ms
06-17 12:38:12.020 14167 14201 I VkAutocorrect: offered: es → es
06-17 12:38:12.020 14167 14201 I VkSuggestions: strip composing typedLen=2 candidates=13 autocorrect=true top=es locale=pt
06-17 12:38:12.215 14167 14201 W VibeKeyProfiler: Slow Native Suggest: Total=10.78ms | Init=0.22ms | TrieExpand(x22)=10.54ms | Scoring=0.02ms | inputSize=3
06-17 12:38:12.225 14167 14201 I VkSuggestions: decode typedLen=3 candidates=18 locales=3 21,0ms
06-17 12:38:12.226 14167 14201 W VkSuggestions: slow frame 21,0ms locales=3 typedLen=3 candidates=18 parallelWait=20,9ms
06-17 12:38:12.227 14167 14201 I VkSuggestions: strip composing typedLen=3 candidates=14 autocorrect=false top=est locale=pt
06-17 12:38:12.435 14167 14201 I VkSuggestions: decode typedLen=4 candidates=18 locales=3 11,9ms
06-17 12:38:12.436 14167 14201 I VkSuggestions: strip composing typedLen=4 candidates=16 autocorrect=false top=esta locale=pt
06-17 12:38:12.494 14167 14167 I VkAutocorrect: kept (typing): esta
06-17 12:38:12.600 14167 14201 I VkSuggestions: strip prediction typedLen=0 candidates=3 autocorrect=false top=como locale=pt
06-17 12:38:13.142 14167 14201 W VibeKeyProfiler: Slow Native Suggest: Total=12.30ms | Init=1.49ms | TrieExpand(x15)=10.76ms | Scoring=0.05ms | inputSize=1
06-17 12:38:13.154 14167 14201 W VibeKeyProfiler: Slow Native Suggest: Total=11.92ms | Init=0.72ms | TrieExpand(x15)=11.17ms | Scoring=0.03ms | inputSize=1
06-17 12:38:13.164 14167 14201 I VkSuggestions: decode typedLen=1 candidates=18 locales=3 34,6ms
06-17 12:38:13.165 14167 14201 W VkSuggestions: slow frame 34,6ms locales=3 typedLen=1 candidates=18 parallelWait=34,4ms
06-17 12:38:13.165 14167 14201 I VkSuggestions: strip composing typedLen=1 candidates=17 autocorrect=false top=t locale=pt
06-17 12:38:13.379 14167 14201 I VkSuggestions: decode typedLen=2 candidates=18 locales=3 13,8ms
06-17 12:38:13.381 14167 14201 I VkSuggestions: strip composing typedLen=2 candidates=14 autocorrect=false top=tu locale=pt
06-17 12:38:13.647 14167 14167 I VkAutocorrect: kept (typing): tu
06-17 12:38:13.753 14167 14201 I VkSuggestions: strip prediction typedLen=0 candidates=3 autocorrect=false top=como locale=pt
06-17 12:38:14.412 14167 14201 W VibeKeyProfiler: Slow Native Suggest: Total=11.29ms | Init=0.28ms | TrieExpand(x18)=10.94ms | Scoring=0.06ms | inputSize=1
06-17 12:38:14.428 14167 14201 I VkSuggestions: decode typedLen=1 candidates=18 locales=3 27,6ms
06-17 12:38:14.428 14167 14201 W VkSuggestions: slow frame 27,6ms locales=3 typedLen=1 candidates=18 parallelWait=27,5ms
06-17 12:38:14.429 14167 14201 I VkSuggestions: strip composing typedLen=1 candidates=19 autocorrect=false top=h locale=pt
06-17 12:38:14.605 14167 14201 I VkSuggestions: decode typedLen=2 candidates=18 locales=3 11,8ms
06-17 12:38:14.606 14167 14201 I VkSuggestions: strip composing typedLen=2 candidates=16 autocorrect=false top=ho locale=pt
06-17 12:38:14.812 14167 14201 I VkSuggestions: decode typedLen=3 candidates=18 locales=3 11,1ms
06-17 12:38:14.815 14167 14201 I VkSuggestions: strip composing typedLen=3 candidates=14 autocorrect=false top=hoy locale=pt
06-17 12:38:15.141 14167 14201 I VkSuggestions: decode typedLen=4 candidates=18 locales=3 13,4ms
06-17 12:38:15.143 14167 14201 I VkSuggestions: strip composing typedLen=4 candidates=16 autocorrect=false top=hoyb locale=pt
06-17 12:38:15.333 14167 14201 I VkSuggestions: decode typedLen=5 candidates=18 locales=3 7,4ms
06-17 12:38:15.336 14167 14201 I VkSuggestions: strip composing typedLen=5 candidates=17 autocorrect=false top=hoybt locale=pt
06-17 12:38:15.552 14167 14201 I VkSuggestions: decode typedLen=6 candidates=18 locales=3 6,5ms
06-17 12:38:15.555 14167 14201 I VkSuggestions: strip composing typedLen=6 candidates=19 autocorrect=false top=hoybte locale=pt
06-17 12:38:15.710 14167 14167 I VkAutocorrect: kept (typing): hoybte
06-17 12:38:15.813 14167 14201 I VkSuggestions: strip prediction typedLen=0 candidates=3 autocorrect=false top=como locale=pt
06-17 12:38:15.977 14167 14201 W VibeKeyProfiler: Slow Native Suggest: Total=11.77ms | Init=0.25ms | TrieExpand(x15)=11.47ms | Scoring=0.04ms | inputSize=1
06-17 12:38:15.991 14167 14201 W VibeKeyProfiler: Slow Native Suggest: Total=13.47ms | Init=0.32ms | TrieExpand(x16)=13.10ms | Scoring=0.04ms | inputSize=1
06-17 12:38:16.005 14167 14201 W VibeKeyProfiler: Slow Native Suggest: Total=13.01ms | Init=0.32ms | TrieExpand(x26)=12.63ms | Scoring=0.05ms | inputSize=1
06-17 12:38:16.016 14167 14201 W VibeKeyProfiler: Slow Native Suggest: Total=10.40ms | Init=0.21ms | TrieExpand(x14)=10.12ms | Scoring=0.06ms | inputSize=1
06-17 12:38:16.019 14167 14201 I VkSuggestions: decode typedLen=1 candidates=18 locales=3 53,6ms
06-17 12:38:16.020 14167 14201 W VkSuggestions: slow frame 53,6ms locales=3 typedLen=1 candidates=18 parallelWait=53,1ms
06-17 12:38:16.021 14167 14201 I VkSuggestions: strip composing typedLen=1 candidates=15 autocorrect=false top=c locale=pt
06-17 12:38:16.225 14167 14201 I VkSuggestions: decode typedLen=2 candidates=18 locales=3 8,3ms
06-17 12:38:16.226 14167 14201 I VkAutocorrect: offered: ce → ce
06-17 12:38:16.227 14167 14201 I VkSuggestions: strip composing typedLen=2 candidates=16 autocorrect=true top=ce locale=pt
06-17 12:38:16.429 14167 14201 W VibeKeyProfiler: Slow Native Suggest: Total=9.80ms | Init=0.06ms | TrieExpand(x15)=9.69ms | Scoring=0.04ms | inputSize=3
06-17 12:38:16.437 14167 14201 I VkSuggestions: decode typedLen=3 candidates=18 locales=3 24,0ms
06-17 12:38:16.438 14167 14201 W VkSuggestions: slow frame 24,0ms locales=3 typedLen=3 candidates=18 parallelWait=23,9ms
06-17 12:38:16.439 14167 14201 I VkAutocorrect: offered: ceo → ceo
06-17 12:38:16.440 14167 14201 I VkSuggestions: strip composing typedLen=3 candidates=15 autocorrect=true top=ceo locale=pt
06-17 12:38:16.988 14167 14176 W ibekey.keyboar: Cleared Reference was only reachable from finalizer (only reported once)
06-17 12:38:17.393 14167 14167 I VkAutocorrect: picked: veo
06-17 12:38:17.501 14167 14201 I VkSuggestions: strip prediction typedLen=0 candidates=3 autocorrect=false top=como locale=es
06-17 12:38:18.385 14167 14201 I VkSuggestions: decode typedLen=2 candidates=18 locales=3 20,6ms
06-17 12:38:18.385 14167 14201 W VkSuggestions: slow frame 20,6ms locales=3 typedLen=2 candidates=18 parallelWait=20,4ms
06-17 12:38:18.387 14167 14201 I VkSuggestions: strip composing typedLen=2 candidates=17 autocorrect=false top=ve locale=es
06-17 12:38:18.546 14167 14201 I VkSuggestions: decode typedLen=6 candidates=18 locales=3 11,6ms
06-17 12:38:18.548 14167 14201 I VkSuggestions: strip composing typedLen=6 candidates=19 autocorrect=false top=hoybte locale=es
06-17 12:38:18.967 14167 14201 I VkSuggestions: decode typedLen=5 candidates=18 locales=3 8,7ms
06-17 12:38:18.968 14167 14201 I VkSuggestions: strip composing typedLen=5 candidates=18 autocorrect=false top=hoybt locale=es
06-17 12:38:19.146 14167 14201 I VkSuggestions: decode typedLen=4 candidates=18 locales=3 7,6ms
06-17 12:38:19.147 14167 14201 I VkSuggestions: strip composing typedLen=4 candidates=16 autocorrect=false top=hoyb locale=es
06-17 12:38:19.294 14167 14201 I VkSuggestions: decode typedLen=3 candidates=18 locales=3 11,7ms
06-17 12:38:19.295 14167 14201 I VkSuggestions: strip composing typedLen=3 candidates=15 autocorrect=false top=hoy locale=es
06-17 12:38:19.565 14167 14167 I VkAutocorrect: kept (typing): hoy
06-17 12:38:19.675 14167 14201 I VkSuggestions: strip prediction typedLen=0 candidates=3 autocorrect=false top=como locale=es
06-17 12:38:20.755 14167 14201 W VibeKeyProfiler: Slow Native Suggest: Total=10.96ms | Init=0.22ms | TrieExpand(x15)=10.69ms | Scoring=0.04ms | inputSize=1
06-17 12:38:20.769 14167 14201 W VibeKeyProfiler: Slow Native Suggest: Total=13.36ms | Init=0.11ms | TrieExpand(x15)=13.21ms | Scoring=0.04ms | inputSize=1
06-17 12:38:20.783 14167 14201 I VkSuggestions: decode typedLen=1 candidates=18 locales=3 38,6ms
06-17 12:38:20.784 14167 14201 W VkSuggestions: slow frame 38,6ms locales=3 typedLen=1 candidates=18 parallelWait=38,3ms
06-17 12:38:20.785 14167 14201 I VkSuggestions: strip composing typedLen=1 candidates=18 autocorrect=false top=t locale=es
06-17 12:38:20.995 14167 14201 I VkSuggestions: decode typedLen=2 candidates=18 locales=3 9,4ms
06-17 12:38:20.997 14167 14201 I VkSuggestions: strip composing typedLen=2 candidates=15 autocorrect=false top=te locale=es
06-17 12:38:21.077 14167 14167 I VkAutocorrect: kept (typing): te
06-17 12:38:21.179 14167 14201 I VkSuggestions: strip prediction typedLen=0 candidates=3 autocorrect=false top=como locale=es
06-17 12:38:21.365 14167 14201 W VibeKeyProfiler: Slow Native Suggest: Total=11.76ms | Init=0.15ms | TrieExpand(x15)=11.56ms | Scoring=0.05ms | inputSize=1
06-17 12:38:21.376 14167 14201 W VibeKeyProfiler: Slow Native Suggest: Total=10.43ms | Init=0.11ms | TrieExpand(x16)=10.28ms | Scoring=0.03ms | inputSize=1
06-17 12:38:21.387 14167 14201 I VkSuggestions: decode typedLen=1 candidates=18 locales=3 33,7ms
06-17 12:38:21.388 14167 14201 W VkSuggestions: slow frame 33,7ms locales=3 typedLen=1 candidates=18 parallelWait=33,5ms
06-17 12:38:21.389 14167 14201 I VkSuggestions: strip composing typedLen=1 candidates=16 autocorrect=false top=c locale=es
06-17 12:38:21.651 14167 14201 I VkSuggestions: decode typedLen=2 candidates=18 locales=3 16,7ms
06-17 12:38:21.651 14167 14201 W VkSuggestions: slow frame 16,7ms locales=3 typedLen=2 candidates=18 parallelWait=16,6ms
06-17 12:38:21.652 14167 14201 I VkSuggestions: strip composing typedLen=2 candidates=15 autocorrect=false top=ce locale=es
06-17 12:38:21.790 14167 14201 I VkSuggestions: decode typedLen=3 candidates=18 locales=3 12,4ms
06-17 12:38:21.791 14167 14201 I VkAutocorrect: offered: ceo → ceo
06-17 12:38:21.791 14167 14201 I VkSuggestions: strip composing typedLen=3 candidates=16 autocorrect=true top=ceo locale=es
06-17 12:38:22.837 14167 14167 I VkAutocorrect: picked: veo
06-17 12:38:22.943 14167 14201 I VkSuggestions: strip prediction typedLen=0 candidates=3 autocorrect=false top=como locale=es
