--------- beginning of system
06-03 12:10:06.384 31475 31475 E OplusCustomizeRestrictionManager: sInstance is null, start a new sInstance
06-03 12:10:37.116 31475 32361 E ActivityThread: Failed to find provider info for com.oplus.statistics.provider
06-03 12:10:37.117 31475 32361 E OplusStatistics--: IllegalArgumentException:java.lang.IllegalArgumentException: Unknown URL content://com.oplus.statistics.provider/track_event
06-03 12:17:58.665 31475 32361 E ActivityThread: Failed to find provider info for com.oplus.statistics.provider
06-03 12:17:58.665 31475 32361 E OplusStatistics--: IllegalArgumentException:java.lang.IllegalArgumentException: Unknown URL content://com.oplus.statistics.provider/track_event
--------- beginning of main
06-03 12:18:24.149 31475 31475 W GeckoEventDispatcher: No listener for GeckoView:DismissClipboardPermissionRequest
06-03 12:18:24.151 31475 31475 W GeckoEventDispatcher: No listener for GeckoView:DismissClipboardPermissionRequest
06-03 12:18:24.154 31475 31786 E GeckoConsole: [JavaScript Error: "TypeError: can't access property "WindowEventDispatcher", win is null" {file: "resource://gre/modules/GeckoViewSessionStore.sys.mjs" line: 149}]
06-03 12:18:24.154 31475 31786 E GeckoConsole: onTabStateUpdate@resource://gre/modules/GeckoViewSessionStore.sys.mjs:149:5
06-03 12:18:24.154 31475 31786 E GeckoConsole: updateSessionStoreFromTabListener@resource://gre/modules/GeckoViewSessionStore.sys.mjs:243:10
06-03 12:18:24.154 31475 31786 E GeckoConsole: SSF_updateSessionStore@resource://gre/modules/SessionStoreFunctions.sys.mjs:46:27
06-03 12:18:24.154 31475 31786 E GeckoConsole: UpdateSessionStore@resource://gre/modules/SessionStoreFunctions.sys.mjs:16:46
06-03 12:18:24.154 31475 31786 E GeckoConsole: [JavaScript Error: "TypeError: can't access property "WindowEventDispatcher", win is null" {file: "resource://gre/modules/GeckoViewSessionStore.sys.mjs" line: 149}]
06-03 12:18:24.154 31475 31786 E GeckoConsole: onTabStateUpdate@resource://gre/modules/GeckoViewSessionStore.sys.mjs:149:5
06-03 12:18:24.154 31475 31786 E GeckoConsole: updateSessionStoreFromTabListener@resource://gre/modules/GeckoViewSessionStore.sys.mjs:243:10
06-03 12:18:24.154 31475 31786 E GeckoConsole: SSF_updateSessionStore@resource://gre/modules/SessionStoreFunctions.sys.mjs:46:27
06-03 12:18:24.154 31475 31786 E GeckoConsole: UpdateSessionStore@resource://gre/modules/SessionStoreFunctions.sys.mjs:16:46
06-03 12:18:24.154 31475 31786 E GeckoConsole: [JavaScript Error: "TypeError: can't access property "WindowEventDispatcher", win is null" {file: "resource://gre/modules/GeckoViewSessionStore.sys.mjs" line: 149}]
06-03 12:18:24.154 31475 31786 E GeckoConsole: onTabStateUpdate@resource://gre/modules/GeckoViewSessionStore.sys.mjs:149:5
06-03 12:18:24.154 31475 31786 E GeckoConsole: updateSessionStoreFromTabListener@resource://gre/modules/GeckoViewSessionStore.sys.mjs:243:10
06-03 12:18:24.154 31475 31786 E GeckoConsole: SSF_updateSessionStore@resource://gre/modules/SessionStoreFunctions.sys.mjs:46:27
06-03 12:18:24.154 31475 31786 E GeckoConsole: UpdateSessionStore@resource://gre/modules/SessionStoreFunctions.sys.mjs:16:46
06-03 12:18:24.160 31475 31786 E GeckoConsole: [JavaScript Error: "TypeError: can't access property "WindowEventDispatcher", win is null" {file: "resource://gre/modules/GeckoViewSessionStore.sys.mjs" line: 149}]
06-03 12:18:24.160 31475 31786 E GeckoConsole: onTabStateUpdate@resource://gre/modules/GeckoViewSessionStore.sys.mjs:149:5
06-03 12:18:24.160 31475 31786 E GeckoConsole: updateSessionStoreFromTabListener@resource://gre/modules/GeckoViewSessionStore.sys.mjs:243:10
06-03 12:18:24.160 31475 31786 E GeckoConsole: SSF_updateSessionStore@resource://gre/modules/SessionStoreFunctions.sys.mjs:46:27
06-03 12:18:24.160 31475 31786 E GeckoConsole: UpdateSessionStore@resource://gre/modules/SessionStoreFunctions.sys.mjs:16:46
06-03 12:18:39.916 31475 31475 E Ads     : JS: Uncaught TypeError: Cannot read properties of null (reading 's') (https://pagead2.googlesyndication.com/omsdk/releases/live/omsdk-v1.js:27)
06-03 12:18:46.085 31475 31475 W GeckoEventDispatcher: No listener for GeckoView:DismissClipboardPermissionRequest
06-03 12:18:46.087 31475 31475 W GeckoEventDispatcher: No listener for GeckoView:DismissClipboardPermissionRequest
06-03 12:18:46.087 31475 31786 E GeckoConsole: [JavaScript Error: "TypeError: can't access property "WindowEventDispatcher", win is null" {file: "resource://gre/modules/GeckoViewSessionStore.sys.mjs" line: 149}]
06-03 12:18:46.087 31475 31786 E GeckoConsole: onTabStateUpdate@resource://gre/modules/GeckoViewSessionStore.sys.mjs:149:5
06-03 12:18:46.087 31475 31786 E GeckoConsole: updateSessionStoreFromTabListener@resource://gre/modules/GeckoViewSessionStore.sys.mjs:243:10
06-03 12:18:46.087 31475 31786 E GeckoConsole: SSF_updateSessionStore@resource://gre/modules/SessionStoreFunctions.sys.mjs:46:27
06-03 12:18:46.087 31475 31786 E GeckoConsole: UpdateSessionStore@resource://gre/modules/SessionStoreFunctions.sys.mjs:16:46
06-03 12:18:46.094 31475 31786 E GeckoConsole: [JavaScript Error: "TypeError: can't access property "WindowEventDispatcher", win is null" {file: "resource://gre/modules/GeckoViewSessionStore.sys.mjs" line: 149}]
06-03 12:18:46.094 31475 31786 E GeckoConsole: onTabStateUpdate@resource://gre/modules/GeckoViewSessionStore.sys.mjs:149:5
06-03 12:18:46.094 31475 31786 E GeckoConsole: updateSessionStoreFromTabListener@resource://gre/modules/GeckoViewSessionStore.sys.mjs:243:10
06-03 12:18:46.094 31475 31786 E GeckoConsole: SSF_updateSessionStore@resource://gre/modules/SessionStoreFunctions.sys.mjs:46:27
06-03 12:18:46.094 31475 31786 E GeckoConsole: UpdateSessionStore@resource://gre/modules/SessionStoreFunctions.sys.mjs:16:46
06-03 12:18:46.097 31475 31786 E GeckoConsole: [JavaScript Error: "TypeError: can't access property "WindowEventDispatcher", win is null" {file: "resource://gre/modules/GeckoViewSessionStore.sys.mjs" line: 149}]
06-03 12:18:46.097 31475 31786 E GeckoConsole: onTabStateUpdate@resource://gre/modules/GeckoViewSessionStore.sys.mjs:149:5
06-03 12:18:46.097 31475 31786 E GeckoConsole: updateSessionStoreFromTabListener@resource://gre/modules/GeckoViewSessionStore.sys.mjs:243:10
06-03 12:18:46.097 31475 31786 E GeckoConsole: SSF_updateSessionStore@resource://gre/modules/SessionStoreFunctions.sys.mjs:46:27
06-03 12:18:46.097 31475 31786 E GeckoConsole: UpdateSessionStore@resource://gre/modules/SessionStoreFunctions.sys.mjs:16:46
06-03 12:18:46.098 31475 31786 E GeckoConsole: [JavaScript Error: "TypeError: can't access property "WindowEventDispatcher", win is null" {file: "resource://gre/modules/GeckoViewSessionStore.sys.mjs" line: 149}]
06-03 12:18:46.098 31475 31786 E GeckoConsole: onTabStateUpdate@resource://gre/modules/GeckoViewSessionStore.sys.mjs:149:5
06-03 12:18:46.098 31475 31786 E GeckoConsole: updateSessionStoreFromTabListener@resource://gre/modules/GeckoViewSessionStore.sys.mjs:243:10
06-03 12:18:46.098 31475 31786 E GeckoConsole: SSF_updateSessionStore@resource://gre/modules/SessionStoreFunctions.sys.mjs:46:27
06-03 12:18:46.098 31475 31786 E GeckoConsole: UpdateSessionStore@resource://gre/modules/SessionStoreFunctions.sys.mjs:16:46
06-03 12:18:46.804 31475 31475 W GeckoEventDispatcher: No listener for GeckoView:DismissClipboardPermissionRequest
06-03 12:18:46.806 31475 31475 W GeckoEventDispatcher: No listener for GeckoView:DismissClipboardPermissionRequest
06-03 12:18:46.806 31475 31786 E GeckoConsole: [JavaScript Error: "TypeError: can't access property "WindowEventDispatcher", win is null" {file: "resource://gre/modules/GeckoViewSessionStore.sys.mjs" line: 149}]
06-03 12:18:46.806 31475 31786 E GeckoConsole: onTabStateUpdate@resource://gre/modules/GeckoViewSessionStore.sys.mjs:149:5
06-03 12:18:46.806 31475 31786 E GeckoConsole: updateSessionStoreFromTabListener@resource://gre/modules/GeckoViewSessionStore.sys.mjs:243:10
06-03 12:18:46.806 31475 31786 E GeckoConsole: SSF_updateSessionStore@resource://gre/modules/SessionStoreFunctions.sys.mjs:46:27
06-03 12:18:46.806 31475 31786 E GeckoConsole: UpdateSessionStore@resource://gre/modules/SessionStoreFunctions.sys.mjs:16:46
06-03 12:18:46.809 31475 31786 E GeckoConsole: [JavaScript Error: "TypeError: can't access property "WindowEventDispatcher", win is null" {file: "resource://gre/modules/GeckoViewSessionStore.sys.mjs" line: 149}]
06-03 12:18:46.809 31475 31786 E GeckoConsole: onTabStateUpdate@resource://gre/modules/GeckoViewSessionStore.sys.mjs:149:5
06-03 12:18:46.809 31475 31786 E GeckoConsole: updateSessionStoreFromTabListener@resource://gre/modules/GeckoViewSessionStore.sys.mjs:243:10
06-03 12:18:46.809 31475 31786 E GeckoConsole: SSF_updateSessionStore@resource://gre/modules/SessionStoreFunctions.sys.mjs:46:27
06-03 12:18:46.809 31475 31786 E GeckoConsole: UpdateSessionStore@resource://gre/modules/SessionStoreFunctions.sys.mjs:16:46
06-03 12:18:46.810 31475 31786 E GeckoConsole: [JavaScript Error: "TypeError: can't access property "WindowEventDispatcher", win is null" {file: "resource://gre/modules/GeckoViewSessionStore.sys.mjs" line: 149}]
06-03 12:18:46.810 31475 31786 E GeckoConsole: onTabStateUpdate@resource://gre/modules/GeckoViewSessionStore.sys.mjs:149:5
06-03 12:18:46.810 31475 31786 E GeckoConsole: updateSessionStoreFromTabListener@resource://gre/modules/GeckoViewSessionStore.sys.mjs:243:10
06-03 12:18:46.810 31475 31786 E GeckoConsole: SSF_updateSessionStore@resource://gre/modules/SessionStoreFunctions.sys.mjs:46:27
06-03 12:18:46.810 31475 31786 E GeckoConsole: UpdateSessionStore@resource://gre/modules/SessionStoreFunctions.sys.mjs:16:46
06-03 12:18:46.811 31475 31786 E GeckoConsole: [JavaScript Error: "TypeError: can't access property "WindowEventDispatcher", win is null" {file: "resource://gre/modules/GeckoViewSessionStore.sys.mjs" line: 149}]
06-03 12:18:46.811 31475 31786 E GeckoConsole: onTabStateUpdate@resource://gre/modules/GeckoViewSessionStore.sys.mjs:149:5
06-03 12:18:46.811 31475 31786 E GeckoConsole: updateSessionStoreFromTabListener@resource://gre/modules/GeckoViewSessionStore.sys.mjs:243:10
06-03 12:18:46.811 31475 31786 E GeckoConsole: SSF_updateSessionStore@resource://gre/modules/SessionStoreFunctions.sys.mjs:46:27
06-03 12:18:46.811 31475 31786 E GeckoConsole: UpdateSessionStore@resource://gre/modules/SessionStoreFunctions.sys.mjs:16:46
06-03 12:18:46.833 31475 31475 W GeckoEventDispatcher: No listener for GeckoView:DismissClipboardPermissionRequest
06-03 12:18:46.846 31475 31475 W View    : requestLayout() improperly called by helium314.keyboard.latin.panels.BrowserPanelView{f15278c V.E...... ......ID 0,0-1440,2040} during layout: running second layout pass
06-03 12:18:46.832 31475 31475 W com.vibekey.keyboard: type=1400 audit(0.0:82974): avc: denied { nlmsg_readpriv } for comm=536F636B657420546872656164 scontext=u:r:untrusted_app:s0:c71,c271,c512,c768 tcontext=u:r:untrusted_app:s0:c71,c271,c512,c768 tclass=netlink_route_socket permissive=0 bug=b/155595000 app=com.vibekey.keyboard
06-03 12:18:46.857  7512  7534 E Isolated Web Content: [JavaScript Error: "TypeError: can't access property "track", window.zion_analytics is undefined" {file: "https://www.cnn.com/" line: 13108}]
06-03 12:18:46.857  7512  7534 E Isolated Web Content: c@https://www.cnn.com/:13108:1220
06-03 12:18:46.857  7512  7534 E Isolated Web Content: T@https://www.cnn.com/:13108:1443
06-03 12:18:46.863 31475 31475 W View    : requestLayout() improperly called by helium314.keyboard.latin.panels.BrowserPanelView{f15278c V.E...... ......ID 0,0-1440,2040} during layout: running second layout pass
06-03 12:18:46.867 31475 31475 W View    : requestLayout() improperly called by helium314.keyboard.latin.panels.BrowserPanelView{f15278c V.E...... ........ 0,0-1440,2040} during second layout pass: posting in next frame
06-03 12:18:46.868 31475 31475 W View    : requestLayout() improperly called by helium314.keyboard.latin.panels.BrowserPanelView{f15278c V.E...... ......ID 0,0-1440,2040} during layout: running second layout pass
06-03 12:18:46.872 31475 31475 W View    : requestLayout() improperly called by helium314.keyboard.latin.panels.BrowserPanelView{f15278c V.E...... ........ 0,0-1440,2040} during second layout pass: posting in next frame
06-03 12:18:46.883 31475 31475 W View    : requestLayout() improperly called by helium314.keyboard.latin.panels.BrowserPanelView{f15278c V.E...... ......ID 0,0-1440,2040} during layout: running second layout pass
06-03 12:18:46.890 31475 31475 W View    : requestLayout() improperly called by helium314.keyboard.latin.panels.BrowserPanelView{f15278c V.E...... ........ 0,0-1440,2040} during second layout pass: posting in next frame
06-03 12:18:46.898 31475 31475 W View    : requestLayout() improperly called by helium314.keyboard.latin.panels.BrowserPanelView{f15278c V.E...... ......ID 0,0-1440,2040} during layout: running second layout pass
06-03 12:18:46.916 31475 31475 W View    : requestLayout() improperly called by helium314.keyboard.latin.panels.BrowserPanelView{f15278c V.E...... ........ 0,0-1440,2040} during second layout pass: posting in next frame
06-03 12:18:46.919 31475 31475 W View    : requestLayout() improperly called by helium314.keyboard.latin.panels.BrowserPanelView{f15278c V.E...... ......ID 0,0-1440,2040} during layout: running second layout pass
06-03 12:18:46.923 31475 31475 W View    : requestLayout() improperly called by helium314.keyboard.latin.panels.BrowserPanelView{f15278c V.E...... ........ 0,0-1440,2040} during second layout pass: posting in next frame
06-03 12:18:46.933 31475 31475 W View    : requestLayout() improperly called by helium314.keyboard.latin.panels.BrowserPanelView{f15278c V.E...... ......I. 0,0-1440,2040} during layout: running second layout pass
06-03 12:18:46.940 31475 31475 W View    : requestLayout() improperly called by helium314.keyboard.latin.panels.BrowserPanelView{f15278c V.E...... ........ 0,0-1440,2040} during second layout pass: posting in next frame
06-03 12:18:46.950 31475 31475 W View    : requestLayout() improperly called by helium314.keyboard.latin.panels.BrowserPanelView{f15278c V.E...... ......I. 0,0-1440,2040} during layout: running second layout pass
06-03 12:18:46.958 31475 31475 W View    : requestLayout() improperly called by helium314.keyboard.latin.panels.BrowserPanelView{f15278c V.E...... ........ 0,0-1440,2040} during second layout pass: posting in next frame
06-03 12:18:46.967 31475 31475 W View    : requestLayout() improperly called by helium314.keyboard.latin.panels.BrowserPanelView{f15278c V.E...... ......I. 0,0-1440,2040} during layout: running second layout pass
06-03 12:18:46.981 31475 31475 W View    : requestLayout() improperly called by helium314.keyboard.latin.panels.BrowserPanelView{f15278c V.E...... ........ 0,0-1440,2040} during second layout pass: posting in next frame
06-03 12:18:46.984 31475 31475 W View    : requestLayout() improperly called by helium314.keyboard.latin.panels.BrowserPanelView{f15278c V.E...... ......I. 0,0-1440,2040} during layout: running second layout pass
06-03 12:18:46.992 31475 31475 W View    : requestLayout() improperly called by helium314.keyboard.latin.panels.BrowserPanelView{f15278c V.E...... ........ 0,0-1440,2040} during second layout pass: posting in next frame
06-03 12:18:47.000 31475 31475 W View    : requestLayout() improperly called by helium314.keyboard.latin.panels.BrowserPanelView{f15278c V.E...... ......I. 0,0-1440,2040} during layout: running second layout pass
06-03 12:18:47.011 31475 31475 W View    : requestLayout() improperly called by helium314.keyboard.latin.panels.BrowserPanelView{f15278c V.E...... ........ 0,0-1440,2040} during second layout pass: posting in next frame
06-03 12:18:47.016 31475 31475 W View    : requestLayout() improperly called by helium314.keyboard.latin.panels.BrowserPanelView{f15278c V.E...... ......I. 0,0-1440,2040} during layout: running second layout pass
06-03 12:18:47.025 31475 31475 W View    : requestLayout() improperly called by helium314.keyboard.latin.panels.BrowserPanelView{f15278c V.E...... ........ 0,0-1440,2040} during second layout pass: posting in next frame
06-03 12:18:47.033 31475 31475 W View    : requestLayout() improperly called by helium314.keyboard.latin.panels.BrowserPanelView{f15278c V.E...... ......I. 0,0-1440,2040} during layout: running second layout pass
06-03 12:18:47.055 31475 31475 W View    : requestLayout() improperly called by helium314.keyboard.latin.panels.BrowserPanelView{f15278c V.E...... ........ 0,0-1440,2040} during second layout pass: posting in next frame
06-03 12:18:47.057 31475 31475 W View    : requestLayout() improperly called by helium314.keyboard.latin.panels.BrowserPanelView{f15278c V.E...... ......I. 0,0-1440,2040} during layout: running second layout pass
06-03 12:18:47.062 31475 31475 W View    : requestLayout() improperly called by helium314.keyboard.latin.panels.BrowserPanelView{f15278c V.E...... ........ 0,0-1440,2040} during second layout pass: posting in next frame
06-03 12:18:47.066 31475 31475 W View    : requestLayout() improperly called by helium314.keyboard.latin.panels.BrowserPanelView{f15278c V.E...... ......I. 0,0-1440,2040} during layout: running second layout pass
06-03 12:18:47.074 31475 31475 W View    : requestLayout() improperly called by helium314.keyboard.latin.panels.BrowserPanelView{f15278c V.E...... ........ 0,0-1440,2040} during second layout pass: posting in next frame
06-03 12:18:47.083 31475 31475 W View    : requestLayout() improperly called by helium314.keyboard.latin.panels.BrowserPanelView{f15278c V.E...... ......I. 0,0-1440,2040} during layout: running second layout pass
06-03 12:18:47.090 31475 31475 W View    : requestLayout() improperly called by helium314.keyboard.latin.panels.BrowserPanelView{f15278c V.E...... ........ 0,0-1440,2040} during second layout pass: posting in next frame
06-03 12:18:47.100 31475 31475 W View    : requestLayout() improperly called by helium314.keyboard.latin.panels.BrowserPanelView{f15278c V.E...... ......I. 0,0-1440,2040} during layout: running second layout pass
06-03 12:18:47.111 31475 31475 W View    : requestLayout() improperly called by helium314.keyboard.latin.panels.BrowserPanelView{f15278c V.E...... ........ 0,0-1440,2040} during second layout pass: posting in next frame
06-03 12:18:47.116 31475 31475 W View    : requestLayout() improperly called by helium314.keyboard.latin.panels.BrowserPanelView{f15278c V.E...... ......I. 0,0-1440,2040} during layout: running second layout pass
06-03 12:18:47.132 31475 31475 W View    : requestLayout() improperly called by helium314.keyboard.latin.panels.BrowserPanelView{f15278c V.E...... ........ 0,0-1440,2040} during second layout pass: posting in next frame
06-03 12:18:47.134 31475 31475 W View    : requestLayout() improperly called by helium314.keyboard.latin.panels.BrowserPanelView{f15278c V.E...... ......I. 0,0-1440,2040} during layout: running second layout pass
06-03 12:18:47.145 31475 31475 W View    : requestLayout() improperly called by helium314.keyboard.latin.panels.BrowserPanelView{f15278c V.E...... ........ 0,0-1440,2040} during second layout pass: posting in next frame
06-03 12:18:47.150 31475 31475 W View    : requestLayout() improperly called by helium314.keyboard.latin.panels.BrowserPanelView{f15278c V.E...... ......I. 0,0-1440,2040} during layout: running second layout pass
06-03 12:18:47.160 31475 31475 W View    : requestLayout() improperly called by helium314.keyboard.latin.panels.BrowserPanelView{f15278c V.E...... ........ 0,0-1440,2040} during second layout pass: posting in next frame
06-03 12:18:47.166 31475 31475 W View    : requestLayout() improperly called by helium314.keyboard.latin.panels.BrowserPanelView{f15278c V.E...... ......I. 0,0-1440,2040} during layout: running second layout pass
06-03 12:18:47.174 31475 31475 W View    : requestLayout() improperly called by helium314.keyboard.latin.panels.BrowserPanelView{f15278c V.E...... ........ 0,0-1440,2040} during second layout pass: posting in next frame
06-03 12:18:47.183 31475 31475 W View    : requestLayout() improperly called by helium314.keyboard.latin.panels.BrowserPanelView{f15278c V.E...... ......I. 0,0-1440,2040} during layout: running second layout pass
06-03 12:18:47.192 31475 31475 W View    : requestLayout() improperly called by helium314.keyboard.latin.panels.BrowserPanelView{f15278c V.E...... ........ 0,0-1440,2040} during second layout pass: posting in next frame
06-03 12:18:47.201 31475 31475 W View    : requestLayout() improperly called by helium314.keyboard.latin.panels.BrowserPanelView{f15278c V.E...... ......I. 0,0-1440,2040} during layout: running second layout pass
06-03 12:18:47.210 31475 31475 W View    : requestLayout() improperly called by helium314.keyboard.latin.panels.BrowserPanelView{f15278c V.E...... ........ 0,0-1440,2040} during second layout pass: posting in next frame
06-03 12:18:47.217 31475 31475 W View    : requestLayout() improperly called by helium314.keyboard.latin.panels.BrowserPanelView{f15278c V.E...... ......I. 0,0-1440,2040} during layout: running second layout pass
06-03 12:18:47.226 31475 31475 W View    : requestLayout() improperly called by helium314.keyboard.latin.panels.BrowserPanelView{f15278c V.E...... ........ 0,0-1440,2040} during second layout pass: posting in next frame
06-03 12:18:47.233 31475 31475 W View    : requestLayout() improperly called by helium314.keyboard.latin.panels.BrowserPanelView{f15278c V.E...... ......I. 0,0-1440,2040} during layout: running second layout pass
06-03 12:18:47.243 31475 31475 W View    : requestLayout() improperly called by helium314.keyboard.latin.panels.BrowserPanelView{f15278c V.E...... ........ 0,0-1440,2040} during second layout pass: posting in next frame
06-03 12:18:47.250 31475 31475 W View    : requestLayout() improperly called by helium314.keyboard.latin.panels.BrowserPanelView{f15278c V.E...... ......I. 0,0-1440,2040} during layout: running second layout pass
06-03 12:18:47.260 31475 31475 W View    : requestLayout() improperly called by helium314.keyboard.latin.panels.BrowserPanelView{f15278c V.E...... ........ 0,0-1440,2040} during second layout pass: posting in next frame
06-03 12:18:47.267 31475 31475 W View    : requestLayout() improperly called by helium314.keyboard.latin.panels.BrowserPanelView{f15278c V.E...... ......I. 0,0-1440,2040} during layout: running second layout pass
06-03 12:18:47.275 31475 31475 W View    : requestLayout() improperly called by helium314.keyboard.latin.panels.BrowserPanelView{f15278c V.E...... ........ 0,0-1440,2040} during second layout pass: posting in next frame
06-03 12:18:47.284 31475 31475 W View    : requestLayout() improperly called by helium314.keyboard.latin.panels.BrowserPanelView{f15278c V.E...... ......I. 0,0-1440,2040} during layout: running second layout pass
06-03 12:18:47.294 31475 31475 W View    : requestLayout() improperly called by helium314.keyboard.latin.panels.BrowserPanelView{f15278c V.E...... .......D 0,0-1440,2040} during second layout pass: posting in next frame
06-03 12:18:47.299 31475 31475 W View    : requestLayout() improperly called by helium314.keyboard.latin.panels.BrowserPanelView{f15278c V.E...... ......ID 0,0-1440,2040} during layout: running second layout pass
06-03 12:18:47.303 31475 31475 W View    : requestLayout() improperly called by helium314.keyboard.latin.panels.BrowserPanelView{f15278c V.E...... ........ 0,0-1440,2040} during second layout pass: posting in next frame
06-03 12:18:47.315 31475 31475 W View    : requestLayout() improperly called by helium314.keyboard.latin.panels.BrowserPanelView{f15278c V.E...... ......ID 0,0-1440,2040} during layout: running second layout pass
06-03 12:18:47.319 31475 31475 W View    : requestLayout() improperly called by helium314.keyboard.latin.panels.BrowserPanelView{f15278c V.E...... ........ 0,0-1440,2040} during second layout pass: posting in next frame
06-03 12:18:47.333 31475 31475 W View    : requestLayout() improperly called by helium314.keyboard.latin.panels.BrowserPanelView{f15278c V.E...... ......ID 0,0-1440,2040} during layout: running second layout pass
06-03 12:18:47.337 31475 31475 W View    : requestLayout() improperly called by helium314.keyboard.latin.panels.BrowserPanelView{f15278c V.E...... ........ 0,0-1440,2040} during second layout pass: posting in next frame
06-03 12:18:47.349 31475 31475 W View    : requestLayout() improperly called by helium314.keyboard.latin.panels.BrowserPanelView{f15278c V.E...... ......ID 0,0-1440,2040} during layout: running second layout pass
06-03 12:18:47.354 31475 31475 W View    : requestLayout() improperly called by helium314.keyboard.latin.panels.BrowserPanelView{f15278c V.E...... ........ 0,0-1440,2040} during second layout pass: posting in next frame
06-03 12:18:47.366 31475 31475 W View    : requestLayout() improperly called by helium314.keyboard.latin.panels.BrowserPanelView{f15278c V.E...... ......ID 0,0-1440,2040} during layout: running second layout pass
06-03 12:18:47.370 31475 31475 W View    : requestLayout() improperly called by helium314.keyboard.latin.panels.BrowserPanelView{f15278c V.E...... ........ 0,0-1440,2040} during second layout pass: posting in next frame
06-03 12:18:47.383 31475 31475 W View    : requestLayout() improperly called by helium314.keyboard.latin.panels.BrowserPanelView{f15278c V.E...... ......ID 0,0-1440,2040} during layout: running second layout pass
06-03 12:18:47.390 31475 31475 W View    : requestLayout() improperly called by helium314.keyboard.latin.panels.BrowserPanelView{f15278c V.E...... ........ 0,0-1440,2040} during second layout pass: posting in next frame
06-03 12:18:47.399 31475 31475 W View    : requestLayout() improperly called by helium314.keyboard.latin.panels.BrowserPanelView{f15278c V.E...... ......ID 0,0-1440,2040} during layout: running second layout pass
06-03 12:18:47.402 31475 31475 W View    : requestLayout() improperly called by helium314.keyboard.latin.panels.BrowserPanelView{f15278c V.E...... ........ 0,0-1440,2040} during second layout pass: posting in next frame
06-03 12:18:47.404 31475 31475 W GeckoEventDispatcher: No listener for GeckoView:DismissClipboardPermissionRequest
06-03 12:18:47.405 31475 31475 W GeckoEventDispatcher: No listener for GeckoView:DismissClipboardPermissionRequest
06-03 12:18:47.405 31475 31786 E GeckoConsole: [JavaScript Error: "TypeError: can't access property "WindowEventDispatcher", win is null" {file: "resource://gre/modules/GeckoViewSessionStore.sys.mjs" line: 149}]
06-03 12:18:47.405 31475 31786 E GeckoConsole: onTabStateUpdate@resource://gre/modules/GeckoViewSessionStore.sys.mjs:149:5
06-03 12:18:47.405 31475 31786 E GeckoConsole: updateSessionStoreFromTabListener@resource://gre/modules/GeckoViewSessionStore.sys.mjs:243:10
06-03 12:18:47.405 31475 31786 E GeckoConsole: SSF_updateSessionStore@resource://gre/modules/SessionStoreFunctions.sys.mjs:46:27
06-03 12:18:47.405 31475 31786 E GeckoConsole: UpdateSessionStore@resource://gre/modules/SessionStoreFunctions.sys.mjs:16:46
06-03 12:18:47.405  7512  7534 E Isolated Web Content: [JavaScript Error: "TypeError: can't access property "track", window.zion_analytics is undefined" {file: "https://www.cnn.com/" line: 13108}]
06-03 12:18:47.405  7512  7534 E Isolated Web Content: c@https://www.cnn.com/:13108:1220
06-03 12:18:47.405  7512  7534 E Isolated Web Content: T@https://www.cnn.com/:13108:1443
06-03 12:18:47.405 31475 31786 E GeckoConsole: [JavaScript Error: "TypeError: can't access property "WindowEventDispatcher", win is null" {file: "resource://gre/modules/GeckoViewSessionStore.sys.mjs" line: 149}]
06-03 12:18:47.405 31475 31786 E GeckoConsole: onTabStateUpdate@resource://gre/modules/GeckoViewSessionStore.sys.mjs:149:5
06-03 12:18:47.405 31475 31786 E GeckoConsole: updateSessionStoreFromTabListener@resource://gre/modules/GeckoViewSessionStore.sys.mjs:243:10
06-03 12:18:47.405 31475 31786 E GeckoConsole: SSF_updateSessionStore@resource://gre/modules/SessionStoreFunctions.sys.mjs:46:27
06-03 12:18:47.405 31475 31786 E GeckoConsole: UpdateSessionStore@resource://gre/modules/SessionStoreFunctions.sys.mjs:16:46
06-03 12:18:47.408 31475 31786 E GeckoConsole: [JavaScript Error: "TypeError: can't access property "WindowEventDispatcher", win is null" {file: "resource://gre/modules/GeckoViewSessionStore.sys.mjs" line: 149}]
06-03 12:18:47.408 31475 31786 E GeckoConsole: onTabStateUpdate@resource://gre/modules/GeckoViewSessionStore.sys.mjs:149:5
06-03 12:18:47.408 31475 31786 E GeckoConsole: updateSessionStoreFromTabListener@resource://gre/modules/GeckoViewSessionStore.sys.mjs:243:10
06-03 12:18:47.408 31475 31786 E GeckoConsole: SSF_updateSessionStore@resource://gre/modules/SessionStoreFunctions.sys.mjs:46:27
06-03 12:18:47.408 31475 31786 E GeckoConsole: UpdateSessionStore@resource://gre/modules/SessionStoreFunctions.sys.mjs:16:46
06-03 12:18:47.408 31475 31786 E GeckoConsole: [JavaScript Error: "TypeError: can't access property "WindowEventDispatcher", win is null" {file: "resource://gre/modules/GeckoViewSessionStore.sys.mjs" line: 149}]
06-03 12:18:47.408 31475 31786 E GeckoConsole: onTabStateUpdate@resource://gre/modules/GeckoViewSessionStore.sys.mjs:149:5
06-03 12:18:47.408 31475 31786 E GeckoConsole: updateSessionStoreFromTabListener@resource://gre/modules/GeckoViewSessionStore.sys.mjs:243:10
06-03 12:18:47.408 31475 31786 E GeckoConsole: SSF_updateSessionStore@resource://gre/modules/SessionStoreFunctions.sys.mjs:46:27
06-03 12:18:47.408 31475 31786 E GeckoConsole: UpdateSessionStore@resource://gre/modules/SessionStoreFunctions.sys.mjs:16:46
06-03 12:18:47.431 31475 31475 W View    : requestLayout() improperly called by helium314.keyboard.latin.panels.BrowserPanelView{f15278c G.E...... ......ID 0,0-0,0} during second layout pass: posting in next frame
06-03 12:18:47.943 31475 31475 W GeckoEventDispatcher: No listener for GeckoView:DismissClipboardPermissionRequest
06-03 12:18:47.945 31475 31786 E GeckoConsole: [JavaScript Error: "TypeError: can't access property "WindowEventDispatcher", win is null" {file: "resource://gre/modules/GeckoViewSessionStore.sys.mjs" line: 149}]
06-03 12:18:47.945 31475 31786 E GeckoConsole: onTabStateUpdate@resource://gre/modules/GeckoViewSessionStore.sys.mjs:149:5
06-03 12:18:47.945 31475 31786 E GeckoConsole: updateSessionStoreFromTabListener@resource://gre/modules/GeckoViewSessionStore.sys.mjs:243:10
06-03 12:18:47.945 31475 31786 E GeckoConsole: SSF_updateSessionStore@resource://gre/modules/SessionStoreFunctions.sys.mjs:46:27
06-03 12:18:47.945 31475 31786 E GeckoConsole: UpdateSessionStore@resource://gre/modules/SessionStoreFunctions.sys.mjs:16:46
06-03 12:18:47.945 31475 31475 W GeckoEventDispatcher: No listener for GeckoView:DismissClipboardPermissionRequest
06-03 12:18:47.945 31475 31786 E GeckoConsole: [JavaScript Error: "TypeError: can't access property "WindowEventDispatcher", win is null" {file: "resource://gre/modules/GeckoViewSessionStore.sys.mjs" line: 149}]
06-03 12:18:47.945 31475 31786 E GeckoConsole: onTabStateUpdate@resource://gre/modules/GeckoViewSessionStore.sys.mjs:149:5
06-03 12:18:47.945 31475 31786 E GeckoConsole: updateSessionStoreFromTabListener@resource://gre/modules/GeckoViewSessionStore.sys.mjs:243:10
06-03 12:18:47.945 31475 31786 E GeckoConsole: SSF_updateSessionStore@resource://gre/modules/SessionStoreFunctions.sys.mjs:46:27
06-03 12:18:47.945 31475 31786 E GeckoConsole: UpdateSessionStore@resource://gre/modules/SessionStoreFunctions.sys.mjs:16:46
06-03 12:18:47.947 31475 31786 E GeckoConsole: [JavaScript Error: "TypeError: can't access property "WindowEventDispatcher", win is null" {file: "resource://gre/modules/GeckoViewSessionStore.sys.mjs" line: 149}]
06-03 12:18:47.947 31475 31786 E GeckoConsole: onTabStateUpdate@resource://gre/modules/GeckoViewSessionStore.sys.mjs:149:5
06-03 12:18:47.947 31475 31786 E GeckoConsole: updateSessionStoreFromTabListener@resource://gre/modules/GeckoViewSessionStore.sys.mjs:243:10
06-03 12:18:47.947 31475 31786 E GeckoConsole: SSF_updateSessionStore@resource://gre/modules/SessionStoreFunctions.sys.mjs:46:27
06-03 12:18:47.947 31475 31786 E GeckoConsole: UpdateSessionStore@resource://gre/modules/SessionStoreFunctions.sys.mjs:16:46
06-03 12:18:47.947 31475 31786 E GeckoConsole: [JavaScript Error: "TypeError: can't access property "WindowEventDispatcher", win is null" {file: "resource://gre/modules/GeckoViewSessionStore.sys.mjs" line: 149}]
06-03 12:18:47.947 31475 31786 E GeckoConsole: onTabStateUpdate@resource://gre/modules/GeckoViewSessionStore.sys.mjs:149:5
06-03 12:18:47.947 31475 31786 E GeckoConsole: updateSessionStoreFromTabListener@resource://gre/modules/GeckoViewSessionStore.sys.mjs:243:10
06-03 12:18:47.947 31475 31786 E GeckoConsole: SSF_updateSessionStore@resource://gre/modules/SessionStoreFunctions.sys.mjs:46:27
06-03 12:18:47.947 31475 31786 E GeckoConsole: UpdateSessionStore@resource://gre/modules/SessionStoreFunctions.sys.mjs:16:46
06-03 12:18:48.311 31475 31475 W GeckoEventDispatcher: No listener for GeckoView:DismissClipboardPermissionRequest
06-03 12:18:48.312 31475 31786 E GeckoConsole: [JavaScript Error: "TypeError: can't access property "WindowEventDispatcher", win is null" {file: "resource://gre/modules/GeckoViewSessionStore.sys.mjs" line: 149}]
06-03 12:18:48.312 31475 31786 E GeckoConsole: onTabStateUpdate@resource://gre/modules/GeckoViewSessionStore.sys.mjs:149:5
06-03 12:18:48.312 31475 31786 E GeckoConsole: updateSessionStoreFromTabListener@resource://gre/modules/GeckoViewSessionStore.sys.mjs:243:10
06-03 12:18:48.312 31475 31786 E GeckoConsole: SSF_updateSessionStore@resource://gre/modules/SessionStoreFunctions.sys.mjs:46:27
06-03 12:18:48.312 31475 31786 E GeckoConsole: UpdateSessionStore@resource://gre/modules/SessionStoreFunctions.sys.mjs:16:46
06-03 12:18:48.312 31475 31786 E GeckoConsole: [JavaScript Error: "TypeError: can't access property "WindowEventDispatcher", win is null" {file: "resource://gre/modules/GeckoViewSessionStore.sys.mjs" line: 149}]
06-03 12:18:48.312 31475 31786 E GeckoConsole: onTabStateUpdate@resource://gre/modules/GeckoViewSessionStore.sys.mjs:149:5
06-03 12:18:48.312 31475 31786 E GeckoConsole: updateSessionStoreFromTabListener@resource://gre/modules/GeckoViewSessionStore.sys.mjs:243:10
06-03 12:18:48.312 31475 31786 E GeckoConsole: SSF_updateSessionStore@resource://gre/modules/SessionStoreFunctions.sys.mjs:46:27
06-03 12:18:48.312 31475 31786 E GeckoConsole: UpdateSessionStore@resource://gre/modules/SessionStoreFunctions.sys.mjs:16:46
06-03 12:18:48.312 31475 31475 W GeckoEventDispatcher: No listener for GeckoView:DismissClipboardPermissionRequest
06-03 12:18:48.314 31475 31786 E GeckoConsole: [JavaScript Error: "TypeError: can't access property "WindowEventDispatcher", win is null" {file: "resource://gre/modules/GeckoViewSessionStore.sys.mjs" line: 149}]
06-03 12:18:48.314 31475 31786 E GeckoConsole: onTabStateUpdate@resource://gre/modules/GeckoViewSessionStore.sys.mjs:149:5
06-03 12:18:48.314 31475 31786 E GeckoConsole: updateSessionStoreFromTabListener@resource://gre/modules/GeckoViewSessionStore.sys.mjs:243:10
06-03 12:18:48.314 31475 31786 E GeckoConsole: SSF_updateSessionStore@resource://gre/modules/SessionStoreFunctions.sys.mjs:46:27
06-03 12:18:48.314 31475 31786 E GeckoConsole: UpdateSessionStore@resource://gre/modules/SessionStoreFunctions.sys.mjs:16:46
06-03 12:18:48.314 31475 31786 E GeckoConsole: [JavaScript Error: "TypeError: can't access property "WindowEventDispatcher", win is null" {file: "resource://gre/modules/GeckoViewSessionStore.sys.mjs" line: 149}]
06-03 12:18:48.314 31475 31786 E GeckoConsole: onTabStateUpdate@resource://gre/modules/GeckoViewSessionStore.sys.mjs:149:5
06-03 12:18:48.314 31475 31786 E GeckoConsole: updateSessionStoreFromTabListener@resource://gre/modules/GeckoViewSessionStore.sys.mjs:243:10
06-03 12:18:48.314 31475 31786 E GeckoConsole: SSF_updateSessionStore@resource://gre/modules/SessionStoreFunctions.sys.mjs:46:27
06-03 12:18:48.314 31475 31786 E GeckoConsole: UpdateSessionStore@resource://gre/modules/SessionStoreFunctions.sys.mjs:16:46
06-03 12:18:49.195 31475 31475 W GeckoEventDispatcher: No listener for GeckoView:DismissClipboardPermissionRequest
06-03 12:18:49.196 31475 31786 E GeckoConsole: [JavaScript Error: "TypeError: can't access property "WindowEventDispatcher", win is null" {file: "resource://gre/modules/GeckoViewSessionStore.sys.mjs" line: 149}]
06-03 12:18:49.196 31475 31786 E GeckoConsole: onTabStateUpdate@resource://gre/modules/GeckoViewSessionStore.sys.mjs:149:5
06-03 12:18:49.196 31475 31786 E GeckoConsole: updateSessionStoreFromTabListener@resource://gre/modules/GeckoViewSessionStore.sys.mjs:243:10
06-03 12:18:49.196 31475 31786 E GeckoConsole: SSF_updateSessionStore@resource://gre/modules/SessionStoreFunctions.sys.mjs:46:27
06-03 12:18:49.196 31475 31786 E GeckoConsole: UpdateSessionStore@resource://gre/modules/SessionStoreFunctions.sys.mjs:16:46
06-03 12:18:49.196 31475 31786 E GeckoConsole: [JavaScript Error: "TypeError: can't access property "WindowEventDispatcher", win is null" {file: "resource://gre/modules/GeckoViewSessionStore.sys.mjs" line: 149}]
06-03 12:18:49.196 31475 31786 E GeckoConsole: onTabStateUpdate@resource://gre/modules/GeckoViewSessionStore.sys.mjs:149:5
06-03 12:18:49.196 31475 31786 E GeckoConsole: updateSessionStoreFromTabListener@resource://gre/modules/GeckoViewSessionStore.sys.mjs:243:10
06-03 12:18:49.196 31475 31786 E GeckoConsole: SSF_updateSessionStore@resource://gre/modules/SessionStoreFunctions.sys.mjs:46:27
06-03 12:18:49.196 31475 31786 E GeckoConsole: UpdateSessionStore@resource://gre/modules/SessionStoreFunctions.sys.mjs:16:46
06-03 12:18:49.197 31475 31475 W GeckoEventDispatcher: No listener for GeckoView:DismissClipboardPermissionRequest
06-03 12:18:49.198 31475 31786 E GeckoConsole: [JavaScript Error: "TypeError: can't access property "WindowEventDispatcher", win is null" {file: "resource://gre/modules/GeckoViewSessionStore.sys.mjs" line: 149}]
06-03 12:18:49.198 31475 31786 E GeckoConsole: onTabStateUpdate@resource://gre/modules/GeckoViewSessionStore.sys.mjs:149:5
06-03 12:18:49.198 31475 31786 E GeckoConsole: updateSessionStoreFromTabListener@resource://gre/modules/GeckoViewSessionStore.sys.mjs:243:10
06-03 12:18:49.198 31475 31786 E GeckoConsole: SSF_updateSessionStore@resource://gre/modules/SessionStoreFunctions.sys.mjs:46:27
06-03 12:18:49.198 31475 31786 E GeckoConsole: UpdateSessionStore@resource://gre/modules/SessionStoreFunctions.sys.mjs:16:46
06-03 12:18:49.199 31475 31786 E GeckoConsole: [JavaScript Error: "TypeError: can't access property "WindowEventDispatcher", win is null" {file: "resource://gre/modules/GeckoViewSessionStore.sys.mjs" line: 149}]
06-03 12:18:49.199 31475 31786 E GeckoConsole: onTabStateUpdate@resource://gre/modules/GeckoViewSessionStore.sys.mjs:149:5
06-03 12:18:49.199 31475 31786 E GeckoConsole: updateSessionStoreFromTabListener@resource://gre/modules/GeckoViewSessionStore.sys.mjs:243:10
06-03 12:18:49.199 31475 31786 E GeckoConsole: SSF_updateSessionStore@resource://gre/modules/SessionStoreFunctions.sys.mjs:46:27
06-03 12:18:49.199 31475 31786 E GeckoConsole: UpdateSessionStore@resource://gre/modules/SessionStoreFunctions.sys.mjs:16:46
06-03 12:18:59.156 31475 31475 W GeckoEventDispatcher: No listener for GeckoView:DismissClipboardPermissionRequest
06-03 12:18:59.158 31475 31475 W GeckoEventDispatcher: No listener for GeckoView:DismissClipboardPermissionRequest
06-03 12:18:59.158 31475 31786 E GeckoConsole: [JavaScript Error: "TypeError: can't access property "WindowEventDispatcher", win is null" {file: "resource://gre/modules/GeckoViewSessionStore.sys.mjs" line: 149}]
06-03 12:18:59.158 31475 31786 E GeckoConsole: onTabStateUpdate@resource://gre/modules/GeckoViewSessionStore.sys.mjs:149:5
06-03 12:18:59.158 31475 31786 E GeckoConsole: updateSessionStoreFromTabListener@resource://gre/modules/GeckoViewSessionStore.sys.mjs:243:10
06-03 12:18:59.158 31475 31786 E GeckoConsole: SSF_updateSessionStore@resource://gre/modules/SessionStoreFunctions.sys.mjs:46:27
06-03 12:18:59.158 31475 31786 E GeckoConsole: UpdateSessionStore@resource://gre/modules/SessionStoreFunctions.sys.mjs:16:46
06-03 12:18:59.158 31475 31786 E GeckoConsole: [JavaScript Error: "TypeError: can't access property "WindowEventDispatcher", win is null" {file: "resource://gre/modules/GeckoViewSessionStore.sys.mjs" line: 149}]
06-03 12:18:59.158 31475 31786 E GeckoConsole: onTabStateUpdate@resource://gre/modules/GeckoViewSessionStore.sys.mjs:149:5
06-03 12:18:59.158 31475 31786 E GeckoConsole: updateSessionStoreFromTabListener@resource://gre/modules/GeckoViewSessionStore.sys.mjs:243:10
06-03 12:18:59.158 31475 31786 E GeckoConsole: SSF_updateSessionStore@resource://gre/modules/SessionStoreFunctions.sys.mjs:46:27
06-03 12:18:59.158 31475 31786 E GeckoConsole: UpdateSessionStore@resource://gre/modules/SessionStoreFunctions.sys.mjs:16:46
06-03 12:18:59.159 31475 31786 E GeckoConsole: [JavaScript Error: "TypeError: can't access property "WindowEventDispatcher", win is null" {file: "resource://gre/modules/GeckoViewSessionStore.sys.mjs" line: 149}]
06-03 12:18:59.159 31475 31786 E GeckoConsole: onTabStateUpdate@resource://gre/modules/GeckoViewSessionStore.sys.mjs:149:5
06-03 12:18:59.159 31475 31786 E GeckoConsole: updateSessionStoreFromTabListener@resource://gre/modules/GeckoViewSessionStore.sys.mjs:243:10
06-03 12:18:59.159 31475 31786 E GeckoConsole: SSF_updateSessionStore@resource://gre/modules/SessionStoreFunctions.sys.mjs:46:27
06-03 12:18:59.159 31475 31786 E GeckoConsole: UpdateSessionStore@resource://gre/modules/SessionStoreFunctions.sys.mjs:16:46
06-03 12:18:59.160 31475 31786 E GeckoConsole: [JavaScript Error: "TypeError: can't access property "WindowEventDispatcher", win is null" {file: "resource://gre/modules/GeckoViewSessionStore.sys.mjs" line: 149}]
06-03 12:18:59.160 31475 31786 E GeckoConsole: onTabStateUpdate@resource://gre/modules/GeckoViewSessionStore.sys.mjs:149:5
06-03 12:18:59.160 31475 31786 E GeckoConsole: updateSessionStoreFromTabListener@resource://gre/modules/GeckoViewSessionStore.sys.mjs:243:10
06-03 12:18:59.160 31475 31786 E GeckoConsole: SSF_updateSessionStore@resource://gre/modules/SessionStoreFunctions.sys.mjs:46:27
06-03 12:18:59.160 31475 31786 E GeckoConsole: UpdateSessionStore@resource://gre/modules/SessionStoreFunctions.sys.mjs:16:46
06-03 12:18:59.883 31475 31656 W VibeKeyProfiler: Slow Native Suggest: Total=8.05ms | Init=0.20ms | TrieExpand(x16)=7.83ms | Scoring=0.02ms | inputSize=1
06-03 12:18:59.886 31475 31511 W VibeKeyProfiler: Slow Kotlin Suggest: Total=21.63ms | locales=2 | typedLen=1 | candidates=18 parallelWait=21.48ms
06-03 12:19:00.901 31475 31475 W GeckoEventDispatcher: No listener for GeckoView:DismissClipboardPermissionRequest
06-03 12:19:00.902 31475 31475 W GeckoEventDispatcher: No listener for GeckoView:DismissClipboardPermissionRequest
06-03 12:19:00.903 31475 31786 E GeckoConsole: [JavaScript Error: "TypeError: can't access property "WindowEventDispatcher", win is null" {file: "resource://gre/modules/GeckoViewSessionStore.sys.mjs" line: 149}]
06-03 12:19:00.903 31475 31786 E GeckoConsole: onTabStateUpdate@resource://gre/modules/GeckoViewSessionStore.sys.mjs:149:5
06-03 12:19:00.903 31475 31786 E GeckoConsole: updateSessionStoreFromTabListener@resource://gre/modules/GeckoViewSessionStore.sys.mjs:243:10
06-03 12:19:00.903 31475 31786 E GeckoConsole: SSF_updateSessionStore@resource://gre/modules/SessionStoreFunctions.sys.mjs:46:27
06-03 12:19:00.903 31475 31786 E GeckoConsole: UpdateSessionStore@resource://gre/modules/SessionStoreFunctions.sys.mjs:16:46
06-03 12:19:00.903 31475 31786 E GeckoConsole: [JavaScript Error: "TypeError: can't access property "WindowEventDispatcher", win is null" {file: "resource://gre/modules/GeckoViewSessionStore.sys.mjs" line: 149}]
06-03 12:19:00.903 31475 31786 E GeckoConsole: onTabStateUpdate@resource://gre/modules/GeckoViewSessionStore.sys.mjs:149:5
06-03 12:19:00.903 31475 31786 E GeckoConsole: updateSessionStoreFromTabListener@resource://gre/modules/GeckoViewSessionStore.sys.mjs:243:10
06-03 12:19:00.903 31475 31786 E GeckoConsole: SSF_updateSessionStore@resource://gre/modules/SessionStoreFunctions.sys.mjs:46:27
06-03 12:19:00.903 31475 31786 E GeckoConsole: UpdateSessionStore@resource://gre/modules/SessionStoreFunctions.sys.mjs:16:46
06-03 12:19:00.905 31475 31786 E GeckoConsole: [JavaScript Error: "TypeError: can't access property "WindowEventDispatcher", win is null" {file: "resource://gre/modules/GeckoViewSessionStore.sys.mjs" line: 149}]
06-03 12:19:00.905 31475 31786 E GeckoConsole: onTabStateUpdate@resource://gre/modules/GeckoViewSessionStore.sys.mjs:149:5
06-03 12:19:00.905 31475 31786 E GeckoConsole: updateSessionStoreFromTabListener@resource://gre/modules/GeckoViewSessionStore.sys.mjs:243:10
06-03 12:19:00.905 31475 31786 E GeckoConsole: SSF_updateSessionStore@resource://gre/modules/SessionStoreFunctions.sys.mjs:46:27
06-03 12:19:00.905 31475 31786 E GeckoConsole: UpdateSessionStore@resource://gre/modules/SessionStoreFunctions.sys.mjs:16:46
06-03 12:19:00.905 31475 31786 E GeckoConsole: [JavaScript Error: "TypeError: can't access property "WindowEventDispatcher", win is null" {file: "resource://gre/modules/GeckoViewSessionStore.sys.mjs" line: 149}]
06-03 12:19:00.905 31475 31786 E GeckoConsole: onTabStateUpdate@resource://gre/modules/GeckoViewSessionStore.sys.mjs:149:5
06-03 12:19:00.905 31475 31786 E GeckoConsole: updateSessionStoreFromTabListener@resource://gre/modules/GeckoViewSessionStore.sys.mjs:243:10
06-03 12:19:00.905 31475 31786 E GeckoConsole: SSF_updateSessionStore@resource://gre/modules/SessionStoreFunctions.sys.mjs:46:27
06-03 12:19:00.905 31475 31786 E GeckoConsole: UpdateSessionStore@resource://gre/modules/SessionStoreFunctions.sys.mjs:16:46
06-03 12:19:01.922 31475 31475 W GeckoEventDispatcher: No listener for GeckoView:DismissClipboardPermissionRequest
06-03 12:19:01.925 31475 31475 W GeckoEventDispatcher: No listener for GeckoView:DismissClipboardPermissionRequest
06-03 12:19:01.925 31475 31786 E GeckoConsole: [JavaScript Error: "TypeError: can't access property "WindowEventDispatcher", win is null" {file: "resource://gre/modules/GeckoViewSessionStore.sys.mjs" line: 149}]
06-03 12:19:01.925 31475 31786 E GeckoConsole: onTabStateUpdate@resource://gre/modules/GeckoViewSessionStore.sys.mjs:149:5
06-03 12:19:01.925 31475 31786 E GeckoConsole: updateSessionStoreFromTabListener@resource://gre/modules/GeckoViewSessionStore.sys.mjs:243:10
06-03 12:19:01.925 31475 31786 E GeckoConsole: SSF_updateSessionStore@resource://gre/modules/SessionStoreFunctions.sys.mjs:46:27
06-03 12:19:01.925 31475 31786 E GeckoConsole: UpdateSessionStore@resource://gre/modules/SessionStoreFunctions.sys.mjs:16:46
06-03 12:19:01.926 31475 31786 E GeckoConsole: [JavaScript Error: "TypeError: can't access property "WindowEventDispatcher", win is null" {file: "resource://gre/modules/GeckoViewSessionStore.sys.mjs" line: 149}]
06-03 12:19:01.926 31475 31786 E GeckoConsole: onTabStateUpdate@resource://gre/modules/GeckoViewSessionStore.sys.mjs:149:5
06-03 12:19:01.926 31475 31786 E GeckoConsole: updateSessionStoreFromTabListener@resource://gre/modules/GeckoViewSessionStore.sys.mjs:243:10
06-03 12:19:01.926 31475 31786 E GeckoConsole: SSF_updateSessionStore@resource://gre/modules/SessionStoreFunctions.sys.mjs:46:27
06-03 12:19:01.926 31475 31786 E GeckoConsole: UpdateSessionStore@resource://gre/modules/SessionStoreFunctions.sys.mjs:16:46
06-03 12:19:01.928 31475 31786 E GeckoConsole: [JavaScript Error: "TypeError: can't access property "WindowEventDispatcher", win is null" {file: "resource://gre/modules/GeckoViewSessionStore.sys.mjs" line: 149}]
06-03 12:19:01.928 31475 31786 E GeckoConsole: onTabStateUpdate@resource://gre/modules/GeckoViewSessionStore.sys.mjs:149:5
06-03 12:19:01.928 31475 31786 E GeckoConsole: updateSessionStoreFromTabListener@resource://gre/modules/GeckoViewSessionStore.sys.mjs:243:10
06-03 12:19:01.928 31475 31786 E GeckoConsole: SSF_updateSessionStore@resource://gre/modules/SessionStoreFunctions.sys.mjs:46:27
06-03 12:19:01.928 31475 31786 E GeckoConsole: UpdateSessionStore@resource://gre/modules/SessionStoreFunctions.sys.mjs:16:46
06-03 12:19:01.928 31475 31786 E GeckoConsole: [JavaScript Error: "TypeError: can't access property "WindowEventDispatcher", win is null" {file: "resource://gre/modules/GeckoViewSessionStore.sys.mjs" line: 149}]
06-03 12:19:01.928 31475 31786 E GeckoConsole: onTabStateUpdate@resource://gre/modules/GeckoViewSessionStore.sys.mjs:149:5
06-03 12:19:01.928 31475 31786 E GeckoConsole: updateSessionStoreFromTabListener@resource://gre/modules/GeckoViewSessionStore.sys.mjs:243:10
06-03 12:19:01.928 31475 31786 E GeckoConsole: SSF_updateSessionStore@resource://gre/modules/SessionStoreFunctions.sys.mjs:46:27
06-03 12:19:01.928 31475 31786 E GeckoConsole: UpdateSessionStore@resource://gre/modules/SessionStoreFunctions.sys.mjs:16:46
06-03 12:19:02.715 31475 31475 W GeckoEventDispatcher: No listener for GeckoView:DismissClipboardPermissionRequest
06-03 12:19:02.717 31475 31475 W GeckoEventDispatcher: No listener for GeckoView:DismissClipboardPermissionRequest
06-03 12:19:02.717 31475 31786 E GeckoConsole: [JavaScript Error: "TypeError: can't access property "WindowEventDispatcher", win is null" {file: "resource://gre/modules/GeckoViewSessionStore.sys.mjs" line: 149}]
06-03 12:19:02.717 31475 31786 E GeckoConsole: onTabStateUpdate@resource://gre/modules/GeckoViewSessionStore.sys.mjs:149:5
06-03 12:19:02.717 31475 31786 E GeckoConsole: updateSessionStoreFromTabListener@resource://gre/modules/GeckoViewSessionStore.sys.mjs:243:10
06-03 12:19:02.717 31475 31786 E GeckoConsole: SSF_updateSessionStore@resource://gre/modules/SessionStoreFunctions.sys.mjs:46:27
