06-05 13:19:16.440 14722 14722 W View    : requestLayout() improperly called by helium314.keyboard.latin.panels.BrowserPanelView{31eccf6 V.E...... ......ID 0,0-1440,1988} during layout: running second layout pass
06-05 13:19:16.446 14722 14722 W View    : requestLayout() improperly called by helium314.keyboard.latin.panels.BrowserPanelView{31eccf6 V.E...... ........ 0,0-1440,1988} during second layout pass: posting in next frame
06-05 13:19:16.456 14722 14722 W View    : requestLayout() improperly called by helium314.keyboard.latin.panels.BrowserPanelView{31eccf6 V.E...... ......ID 0,0-1440,1988} during layout: running second layout pass
06-05 13:19:16.462 14722 14722 W View    : requestLayout() improperly called by helium314.keyboard.latin.panels.BrowserPanelView{31eccf6 V.E...... ........ 0,0-1440,1988} during second layout pass: posting in next frame
06-05 13:19:16.471 14722 14722 W View    : requestLayout() improperly called by helium314.keyboard.latin.panels.BrowserPanelView{31eccf6 V.E...... ......ID 0,0-1440,1988} during layout: running second layout pass
06-05 13:19:16.479 14722 14722 W View    : requestLayout() improperly called by helium314.keyboard.latin.panels.BrowserPanelView{31eccf6 V.E...... ........ 0,0-1440,1988} during second layout pass: posting in next frame
06-05 13:19:16.488 14722 14722 W View    : requestLayout() improperly called by helium314.keyboard.latin.panels.BrowserPanelView{31eccf6 V.E...... ......ID 0,0-1440,1988} during layout: running second layout pass
06-05 13:19:16.496 14722 14722 W View    : requestLayout() improperly called by helium314.keyboard.latin.panels.BrowserPanelView{31eccf6 V.E...... ........ 0,0-1440,1988} during second layout pass: posting in next frame
06-05 13:19:16.506 14722 14722 W View    : requestLayout() improperly called by helium314.keyboard.latin.panels.BrowserPanelView{31eccf6 V.E...... ......ID 0,0-1440,1988} during layout: running second layout pass
06-05 13:19:16.516 14722 14722 W View    : requestLayout() improperly called by helium314.keyboard.latin.panels.BrowserPanelView{31eccf6 V.E...... ........ 0,0-1440,1988} during second layout pass: posting in next frame
06-05 13:19:16.523 14722 14722 W View    : requestLayout() improperly called by helium314.keyboard.latin.panels.BrowserPanelView{31eccf6 V.E...... ......ID 0,0-1440,1988} during layout: running second layout pass
06-05 13:19:16.529 14722 14722 W View    : requestLayout() improperly called by helium314.keyboard.latin.panels.BrowserPanelView{31eccf6 V.E...... ........ 0,0-1440,1988} during second layout pass: posting in next frame
06-05 13:19:16.539 14722 14722 W View    : requestLayout() improperly called by helium314.keyboard.latin.panels.BrowserPanelView{31eccf6 V.E...... ......ID 0,0-1440,1988} during layout: running second layout pass
06-05 13:19:16.547 14722 14722 W View    : requestLayout() improperly called by helium314.keyboard.latin.panels.BrowserPanelView{31eccf6 V.E...... ........ 0,0-1440,1988} during second layout pass: posting in next frame
06-05 13:19:16.557 14722 14722 W View    : requestLayout() improperly called by helium314.keyboard.latin.panels.BrowserPanelView{31eccf6 V.E...... ......ID 0,0-1440,1988} during layout: running second layout pass
06-05 13:19:16.563 14722 14722 W View    : requestLayout() improperly called by helium314.keyboard.latin.panels.BrowserPanelView{31eccf6 V.E...... ........ 0,0-1440,1988} during second layout pass: posting in next frame
06-05 13:19:16.572 14722 14722 W View    : requestLayout() improperly called by helium314.keyboard.latin.panels.BrowserPanelView{31eccf6 V.E...... ......ID 0,0-1440,1988} during layout: running second layout pass
06-05 13:19:16.577 14722 14722 W View    : requestLayout() improperly called by helium314.keyboard.latin.panels.BrowserPanelView{31eccf6 V.E...... ........ 0,0-1440,1988} during second layout pass: posting in next frame
06-05 13:19:16.591 14722 14722 W View    : requestLayout() improperly called by helium314.keyboard.latin.panels.BrowserPanelView{31eccf6 V.E...... ......I. 0,0-1440,1988} during layout: running second layout pass
06-05 13:19:16.596 14722 14722 W View    : requestLayout() improperly called by helium314.keyboard.latin.panels.BrowserPanelView{31eccf6 V.E...... ........ 0,0-1440,1988} during second layout pass: posting in next frame
06-05 13:19:16.608 14722 14722 W View    : requestLayout() improperly called by helium314.keyboard.latin.panels.BrowserPanelView{31eccf6 V.E...... ......I. 0,0-1440,1988} during layout: running second layout pass
06-05 13:19:16.613 14722 14722 W View    : requestLayout() improperly called by helium314.keyboard.latin.panels.BrowserPanelView{31eccf6 V.E...... ........ 0,0-1440,1988} during second layout pass: posting in next frame
06-05 13:19:16.625 14722 14722 W View    : requestLayout() improperly called by helium314.keyboard.latin.panels.BrowserPanelView{31eccf6 V.E...... ......I. 0,0-1440,1988} during layout: running second layout pass
06-05 13:19:16.635 14722 14722 W View    : requestLayout() improperly called by helium314.keyboard.latin.panels.BrowserPanelView{31eccf6 V.E...... ........ 0,0-1440,1988} during second layout pass: posting in next frame
06-05 13:19:16.639 14722 14722 W View    : requestLayout() improperly called by helium314.keyboard.latin.panels.BrowserPanelView{31eccf6 V.E...... ......I. 0,0-1440,1988} during layout: running second layout pass
06-05 13:19:16.644 14722 14722 W View    : requestLayout() improperly called by helium314.keyboard.latin.panels.BrowserPanelView{31eccf6 V.E...... ........ 0,0-1440,1988} during second layout pass: posting in next frame
06-05 13:19:16.655 14722 14722 W View    : requestLayout() improperly called by helium314.keyboard.latin.panels.BrowserPanelView{31eccf6 V.E...... ......I. 0,0-1440,1988} during layout: running second layout pass
06-05 13:19:16.672 15146 15163 W Isolated Web Content: [JavaScript Warning: "The script from “https://cdn.hadronid.net/hadron.js?url=https%3A%2F%2Fdrudgereport.com%2F&ref=&_it=freestar&partner_id=474&ha=_hadron” was loaded even though its MIME type (“text/plain”) is not a valid JavaScript MIME type." {file: "https://drudgereport.com/" line: 0}]
06-05 13:19:16.932 14722 14722 W com.vibekey.keyboard: type=1400 audit(0.0:157281): avc: denied { nlmsg_readpriv } for comm=536F636B657420546872656164 scontext=u:r:untrusted_app:s0:c97,c271,c512,c768 tcontext=u:r:untrusted_app:s0:c97,c271,c512,c768 tclass=netlink_route_socket permissive=0 bug=b/155595000 app=com.vibekey.keyboard
06-05 13:19:17.000 14722 14722 W View    : requestLayout() improperly called by helium314.keyboard.latin.panels.BrowserPanelView{31eccf6 V.E...... ........ 0,0-1440,1988} during second layout pass: posting in next frame
06-05 13:19:17.002 14722 14722 W View    : requestLayout() improperly called by helium314.keyboard.latin.panels.BrowserPanelView{31eccf6 V.E...... ......I. 0,0-1440,1988} during layout: running second layout pass
06-05 13:19:17.006 14722 14722 W View    : requestLayout() improperly called by helium314.keyboard.latin.panels.BrowserPanelView{31eccf6 V.E...... .......D 0,0-1440,1988} during second layout pass: posting in next frame
06-05 13:19:17.008 14722 14722 W View    : requestLayout() improperly called by helium314.keyboard.latin.panels.BrowserPanelView{31eccf6 V.E...... ......ID 0,0-1440,1988} during layout: running second layout pass
06-05 13:19:17.019 14722 14722 W View    : requestLayout() improperly called by helium314.keyboard.latin.panels.BrowserPanelView{31eccf6 V.E...... ........ 0,0-1440,1988} during second layout pass: posting in next frame
06-05 13:19:17.022 14722 14722 W View    : requestLayout() improperly called by helium314.keyboard.latin.panels.BrowserPanelView{31eccf6 V.E...... ......I. 0,0-1440,1988} during layout: running second layout pass
06-05 13:19:17.033 15271 15288 W Isolated Web Content: [JavaScript Warning: "This page is in Almost Standards Mode. Page layout may be impacted. For Standards Mode use “<!DOCTYPE html>”." {file: "https://btloader.com/trustedIframe.html?o=5714937848528896&upapi=true" line: 0}]
06-05 13:19:17.037 15146 15163 E Isolated Web Content: [JavaScript Error: "Cookie “au_3p_check” has been rejected for invalid domain." {file: "https://drudgereport.com/" line: 0}]
06-05 13:19:17.037 14722 14722 W View    : requestLayout() improperly called by helium314.keyboard.latin.panels.BrowserPanelView{31eccf6 V.E...... ........ 0,0-1440,1988} during second layout pass: posting in next frame
06-05 13:19:17.040 14722 14722 W View    : requestLayout() improperly called by helium314.keyboard.latin.panels.BrowserPanelView{31eccf6 V.E...... ......ID 0,0-1440,1988} during layout: running second layout pass
06-05 13:19:17.054 14722 14722 W View    : requestLayout() improperly called by helium314.keyboard.latin.panels.BrowserPanelView{31eccf6 V.E...... ........ 0,0-1440,1988} during second layout pass: posting in next frame
06-05 13:19:17.056 14722 14722 W View    : requestLayout() improperly called by helium314.keyboard.latin.panels.BrowserPanelView{31eccf6 V.E...... ......I. 0,0-1440,1988} during layout: running second layout pass
06-05 13:19:17.078 14722 14722 W View    : requestLayout() improperly called by helium314.keyboard.latin.panels.BrowserPanelView{31eccf6 V.E...... ........ 0,0-1440,1988} during second layout pass: posting in next frame
06-05 13:19:17.080 14722 14722 W View    : requestLayout() improperly called by helium314.keyboard.latin.panels.BrowserPanelView{31eccf6 V.E...... ......I. 0,0-1440,1988} during layout: running second layout pass
06-05 13:19:17.096 14722 14722 W View    : requestLayout() improperly called by helium314.keyboard.latin.panels.BrowserPanelView{31eccf6 V.E...... ........ 0,0-1440,1988} during second layout pass: posting in next frame
06-05 13:19:17.098 14722 14722 W View    : requestLayout() improperly called by helium314.keyboard.latin.panels.BrowserPanelView{31eccf6 V.E...... ......I. 0,0-1440,1988} during layout: running second layout pass
06-05 13:19:17.116 14722 14722 W View    : requestLayout() improperly called by helium314.keyboard.latin.panels.BrowserPanelView{31eccf6 V.E...... ........ 0,0-1440,1988} during second layout pass: posting in next frame
06-05 13:19:17.117 14722 14722 W View    : requestLayout() improperly called by helium314.keyboard.latin.panels.BrowserPanelView{31eccf6 V.E...... ......I. 0,0-1440,1988} during layout: running second layout pass
06-05 13:19:17.128 14722 14722 W View    : requestLayout() improperly called by helium314.keyboard.latin.panels.BrowserPanelView{31eccf6 V.E...... ........ 0,0-1440,1988} during second layout pass: posting in next frame
06-05 13:19:17.130 14722 14722 W View    : requestLayout() improperly called by helium314.keyboard.latin.panels.BrowserPanelView{31eccf6 V.E...... ......I. 0,0-1440,1988} during layout: running second layout pass
06-05 13:19:17.133 15544 15544 E .keyboard:tab1: Unknown bits set in runtime_flags: 0x40000000
06-05 13:19:17.141 14722 14722 W View    : requestLayout() improperly called by helium314.keyboard.latin.panels.BrowserPanelView{31eccf6 V.E...... ........ 0,0-1440,1988} during second layout pass: posting in next frame
06-05 13:19:17.143 14722 14722 W View    : requestLayout() improperly called by helium314.keyboard.latin.panels.BrowserPanelView{31eccf6 V.E...... ......I. 0,0-1440,1988} during layout: running second layout pass
06-05 13:19:17.167 14722 14722 W View    : requestLayout() improperly called by helium314.keyboard.latin.panels.BrowserPanelView{31eccf6 V.E...... ........ 0,0-1440,1988} during second layout pass: posting in next frame
06-05 13:19:17.169 14722 14722 W View    : requestLayout() improperly called by helium314.keyboard.latin.panels.BrowserPanelView{31eccf6 V.E...... ......I. 0,0-1440,1988} during layout: running second layout pass
06-05 13:19:17.176 15563 15563 E .keyboard:tab2: Unknown bits set in runtime_flags: 0x40000000
06-05 13:19:17.179 14722 14722 W View    : requestLayout() improperly called by helium314.keyboard.latin.panels.BrowserPanelView{31eccf6 V.E...... ........ 0,0-1440,1988} during second layout pass: posting in next frame
06-05 13:19:17.182 14722 14722 W View    : requestLayout() improperly called by helium314.keyboard.latin.panels.BrowserPanelView{31eccf6 V.E...... ......I. 0,0-1440,1988} during layout: running second layout pass
06-05 13:19:17.193 14722 14722 W View    : requestLayout() improperly called by helium314.keyboard.latin.panels.BrowserPanelView{31eccf6 V.E...... ........ 0,0-1440,1988} during second layout pass: posting in next frame
06-05 13:19:17.195 14722 14722 W View    : requestLayout() improperly called by helium314.keyboard.latin.panels.BrowserPanelView{31eccf6 V.E...... ......I. 0,0-1440,1988} during layout: running second layout pass
06-05 13:19:17.209 14722 14722 W View    : requestLayout() improperly called by helium314.keyboard.latin.panels.BrowserPanelView{31eccf6 V.E...... ........ 0,0-1440,1988} during second layout pass: posting in next frame
06-05 13:19:17.213 14722 14722 W View    : requestLayout() improperly called by helium314.keyboard.latin.panels.BrowserPanelView{31eccf6 V.E...... ......I. 0,0-1440,1988} during layout: running second layout pass
06-05 13:19:17.212 14722 14722 W com.vibekey.keyboard: type=1400 audit(0.0:157282): avc: denied { nlmsg_readpriv } for comm=536F636B657420546872656164 scontext=u:r:untrusted_app:s0:c97,c271,c512,c768 tcontext=u:r:untrusted_app:s0:c97,c271,c512,c768 tclass=netlink_route_socket permissive=0 bug=b/155595000 app=com.vibekey.keyboard
06-05 13:19:17.216 15544 15578 E GeckoLibLoad: Load sqlite start
06-05 13:19:17.218 15544 15578 E GeckoLibLoad: Load sqlite done
06-05 13:19:17.218 15544 15578 E GeckoLibLoad: Load nss start
06-05 13:19:17.218 15544 15578 E GeckoLibLoad: Load nss done
06-05 13:19:17.225 14722 14722 W View    : requestLayout() improperly called by helium314.keyboard.latin.panels.BrowserPanelView{31eccf6 V.E...... ........ 0,0-1440,1988} during second layout pass: posting in next frame
06-05 13:19:17.227 14722 14722 W View    : requestLayout() improperly called by helium314.keyboard.latin.panels.BrowserPanelView{31eccf6 V.E...... ......I. 0,0-1440,1988} during layout: running second layout pass
06-05 13:19:17.237 15580 15580 E .keyboard:tab3: Unknown bits set in runtime_flags: 0x40000000
06-05 13:19:17.244 14722 14722 W View    : requestLayout() improperly called by helium314.keyboard.latin.panels.BrowserPanelView{31eccf6 V.E...... ........ 0,0-1440,1988} during second layout pass: posting in next frame
06-05 13:19:17.246 14722 14722 W View    : requestLayout() improperly called by helium314.keyboard.latin.panels.BrowserPanelView{31eccf6 V.E...... ......I. 0,0-1440,1988} during layout: running second layout pass
06-05 13:19:17.249 15544 15578 E GeckoLibLoad: Loaded libs in 30.971458ms total, 4ms(12ms) user, 14ms(10ms) system, 0(0) faults
06-05 13:19:17.250 15544 15578 W GeckoThread: zerdatime 356800111 - runGecko
06-05 13:19:17.258 15563 15591 E GeckoLibLoad: Load sqlite start
06-05 13:19:17.258 14722 14722 W View    : requestLayout() improperly called by helium314.keyboard.latin.panels.BrowserPanelView{31eccf6 V.E...... ........ 0,0-1440,1988} during second layout pass: posting in next frame
06-05 13:19:17.259 15563 15591 E GeckoLibLoad: Load sqlite done
06-05 13:19:17.259 15563 15591 E GeckoLibLoad: Load nss start
06-05 13:19:17.259 15563 15591 E GeckoLibLoad: Load nss done
06-05 13:19:17.261 14722 14722 W View    : requestLayout() improperly called by helium314.keyboard.latin.panels.BrowserPanelView{31eccf6 V.E...... ......I. 0,0-1440,1988} during layout: running second layout pass
06-05 13:19:17.269 15563 15591 E GeckoLibLoad: Loaded libs in 9.776615ms total, 4ms(9ms) user, 0ms(0ms) system, 0(0) faults
06-05 13:19:17.269 15563 15591 W GeckoThread: zerdatime 356800130 - runGecko
06-05 13:19:17.275 14722 14722 W View    : requestLayout() improperly called by helium314.keyboard.latin.panels.BrowserPanelView{31eccf6 V.E...... ........ 0,0-1440,1988} during second layout pass: posting in next frame
06-05 13:19:17.276 14722 14722 W View    : requestLayout() improperly called by helium314.keyboard.latin.panels.BrowserPanelView{31eccf6 V.E...... ......I. 0,0-1440,1988} during layout: running second layout pass
06-05 13:19:17.282 14722 14722 W com.vibekey.keyboard: type=1400 audit(0.0:157283): avc: denied { nlmsg_readpriv } for comm=536F636B657420546872656164 scontext=u:r:untrusted_app:s0:c97,c271,c512,c768 tcontext=u:r:untrusted_app:s0:c97,c271,c512,c768 tclass=netlink_route_socket permissive=0 bug=b/155595000 app=com.vibekey.keyboard
06-05 13:19:17.292 14722 14722 W View    : requestLayout() improperly called by helium314.keyboard.latin.panels.BrowserPanelView{31eccf6 V.E...... ........ 0,0-1440,1988} during second layout pass: posting in next frame
06-05 13:19:17.295 14722 14722 W View    : requestLayout() improperly called by helium314.keyboard.latin.panels.BrowserPanelView{31eccf6 V.E...... ......I. 0,0-1440,1988} during layout: running second layout pass
06-05 13:19:17.308 14722 14722 W View    : requestLayout() improperly called by helium314.keyboard.latin.panels.BrowserPanelView{31eccf6 V.E...... ........ 0,0-1440,1988} during second layout pass: posting in next frame
06-05 13:19:17.309 14722 14722 W View    : requestLayout() improperly called by helium314.keyboard.latin.panels.BrowserPanelView{31eccf6 V.E...... ......I. 0,0-1440,1988} during layout: running second layout pass
06-05 13:19:17.325 15580 15608 E GeckoLibLoad: Load sqlite start
06-05 13:19:17.326 14722 14722 W View    : requestLayout() improperly called by helium314.keyboard.latin.panels.BrowserPanelView{31eccf6 V.E...... ........ 0,0-1440,1988} during second layout pass: posting in next frame
06-05 13:19:17.327 15580 15608 E GeckoLibLoad: Load sqlite done
06-05 13:19:17.327 15580 15608 E GeckoLibLoad: Load nss start
06-05 13:19:17.327 15580 15608 E GeckoLibLoad: Load nss done
06-05 13:19:17.332 14722 14722 W View    : requestLayout() improperly called by helium314.keyboard.latin.panels.BrowserPanelView{31eccf6 V.E...... ......I. 0,0-1440,1988} during layout: running second layout pass
06-05 13:19:17.341 14722 14722 W View    : requestLayout() improperly called by helium314.keyboard.latin.panels.BrowserPanelView{31eccf6 V.E...... ........ 0,0-1440,1988} during second layout pass: posting in next frame
06-05 13:19:17.343 14722 14722 W View    : requestLayout() improperly called by helium314.keyboard.latin.panels.BrowserPanelView{31eccf6 V.E...... ......I. 0,0-1440,1988} during layout: running second layout pass
06-05 13:19:17.343 15580 15608 E GeckoLibLoad: Loaded libs in 16.004167ms total, 0ms(0ms) user, 10ms(10ms) system, 0(0) faults
06-05 13:19:17.343 15580 15608 W GeckoThread: zerdatime 356800204 - runGecko
06-05 13:19:17.358 14722 14722 W View    : requestLayout() improperly called by helium314.keyboard.latin.panels.BrowserPanelView{31eccf6 V.E...... ........ 0,0-1440,1988} during second layout pass: posting in next frame
06-05 13:19:17.360 14722 14722 W View    : requestLayout() improperly called by helium314.keyboard.latin.panels.BrowserPanelView{31eccf6 V.E...... ......I. 0,0-1440,1988} during layout: running second layout pass
06-05 13:19:17.384 14722 14722 W View    : requestLayout() improperly called by helium314.keyboard.latin.panels.BrowserPanelView{31eccf6 V.E...... ........ 0,0-1440,1988} during second layout pass: posting in next frame
06-05 13:19:17.386 14722 14722 W View    : requestLayout() improperly called by helium314.keyboard.latin.panels.BrowserPanelView{31eccf6 V.E...... ......I. 0,0-1440,1988} during layout: running second layout pass
06-05 13:19:17.395 14722 14722 W View    : requestLayout() improperly called by helium314.keyboard.latin.panels.BrowserPanelView{31eccf6 V.E...... ........ 0,0-1440,1988} during second layout pass: posting in next frame
06-05 13:19:17.397 14722 14722 W View    : requestLayout() improperly called by helium314.keyboard.latin.panels.BrowserPanelView{31eccf6 V.E...... ......I. 0,0-1440,1988} during layout: running second layout pass
06-05 13:19:17.405 15563 15591 W Isolated Web Content: [JavaScript Warning: "Content-Security-Policy: Ignoring “'unsafe-inline'” within script-src: ‘strict-dynamic’ specified" {file: "https://www.google.com/recaptcha/api2/aframe" line: 0}]
06-05 13:19:17.406 15563 15591 W Isolated Web Content: [JavaScript Warning: "Content-Security-Policy: Ignoring “https:” within script-src: ‘strict-dynamic’ specified" {file: "https://www.google.com/recaptcha/api2/aframe" line: 0}]
06-05 13:19:17.406 15563 15591 W Isolated Web Content: [JavaScript Warning: "Content-Security-Policy: Ignoring “http:” within script-src: ‘strict-dynamic’ specified" {file: "https://www.google.com/recaptcha/api2/aframe" line: 0}]
06-05 13:19:17.407 15563 15591 W Isolated Web Content: [JavaScript Warning: "Content-Security-Policy: Ignoring “'unsafe-inline'” within script-src: nonce-source or hash-source specified" {file: "https://www.google.com/recaptcha/api2/aframe" line: 0}]
06-05 13:19:17.410 14722 14722 W View    : requestLayout() improperly called by helium314.keyboard.latin.panels.BrowserPanelView{31eccf6 V.E...... ........ 0,0-1440,1988} during second layout pass: posting in next frame
06-05 13:19:17.413 14722 14722 W View    : requestLayout() improperly called by helium314.keyboard.latin.panels.BrowserPanelView{31eccf6 V.E...... ......I. 0,0-1440,1988} during layout: running second layout pass
06-05 13:19:17.424 14722 14722 W View    : requestLayout() improperly called by helium314.keyboard.latin.panels.BrowserPanelView{31eccf6 V.E...... ........ 0,0-1440,1988} during second layout pass: posting in next frame
06-05 13:19:17.426 14722 14722 W View    : requestLayout() improperly called by helium314.keyboard.latin.panels.BrowserPanelView{31eccf6 V.E...... ......I. 0,0-1440,1988} during layout: running second layout pass
06-05 13:19:17.442 14722 14722 W View    : requestLayout() improperly called by helium314.keyboard.latin.panels.BrowserPanelView{31eccf6 V.E...... ........ 0,0-1440,1988} during second layout pass: posting in next frame
06-05 13:19:17.444 14722 14722 W View    : requestLayout() improperly called by helium314.keyboard.latin.panels.BrowserPanelView{31eccf6 V.E...... ......I. 0,0-1440,1988} during layout: running second layout pass
06-05 13:19:17.459 14722 14722 W View    : requestLayout() improperly called by helium314.keyboard.latin.panels.BrowserPanelView{31eccf6 V.E...... ........ 0,0-1440,1988} during second layout pass: posting in next frame
06-05 13:19:17.460 15580 15608 W Isolated Web Content: [JavaScript Warning: "The meta tag declaring the character encoding of the document should be moved to start of the head part of the document." {file: "https://static.fsrv.io/load-cookie.html?endpoint=https%3A%2F%2Fpbs.fsrv.io%2Fcookie_sync&max_sync_count=10" line: 1}]
06-05 13:19:17.462 14722 14722 W View    : requestLayout() improperly called by helium314.keyboard.latin.panels.BrowserPanelView{31eccf6 V.E...... ......I. 0,0-1440,1988} during layout: running second layout pass
06-05 13:19:17.477 14722 14722 W View    : requestLayout() improperly called by helium314.keyboard.latin.panels.BrowserPanelView{31eccf6 V.E...... ........ 0,0-1440,1988} during second layout pass: posting in next frame
06-05 13:19:17.479 14722 14722 W View    : requestLayout() improperly called by helium314.keyboard.latin.panels.BrowserPanelView{31eccf6 V.E...... ......I. 0,0-1440,1988} during layout: running second layout pass
06-05 13:19:17.482 14722 14722 W com.vibekey.keyboard: type=1400 audit(0.0:157284): avc: denied { nlmsg_readpriv } for comm=536F636B657420546872656164 scontext=u:r:untrusted_app:s0:c97,c271,c512,c768 tcontext=u:r:untrusted_app:s0:c97,c271,c512,c768 tclass=netlink_route_socket permissive=0 bug=b/155595000 app=com.vibekey.keyboard
06-05 13:19:17.492 14722 14722 W View    : requestLayout() improperly called by helium314.keyboard.latin.panels.BrowserPanelView{31eccf6 V.E...... ........ 0,0-1440,1988} during second layout pass: posting in next frame
06-05 13:19:17.494 14722 14722 W View    : requestLayout() improperly called by helium314.keyboard.latin.panels.BrowserPanelView{31eccf6 V.E...... ......I. 0,0-1440,1988} during layout: running second layout pass
06-05 13:19:17.509 14722 14722 W View    : requestLayout() improperly called by helium314.keyboard.latin.panels.BrowserPanelView{31eccf6 V.E...... ........ 0,0-1440,1988} during second layout pass: posting in next frame
06-05 13:19:17.511 14722 14722 W View    : requestLayout() improperly called by helium314.keyboard.latin.panels.BrowserPanelView{31eccf6 V.E...... ......I. 0,0-1440,1988} during layout: running second layout pass
06-05 13:19:17.526 14722 14722 W View    : requestLayout() improperly called by helium314.keyboard.latin.panels.BrowserPanelView{31eccf6 V.E...... ........ 0,0-1440,1988} during second layout pass: posting in next frame
06-05 13:19:17.527 14722 14722 W View    : requestLayout() improperly called by helium314.keyboard.latin.panels.BrowserPanelView{31eccf6 V.E...... ......I. 0,0-1440,1988} during layout: running second layout pass
06-05 13:19:17.542 14722 14722 W View    : requestLayout() improperly called by helium314.keyboard.latin.panels.BrowserPanelView{31eccf6 V.E...... ........ 0,0-1440,1988} during second layout pass: posting in next frame
06-05 13:19:17.544 14722 14722 W View    : requestLayout() improperly called by helium314.keyboard.latin.panels.BrowserPanelView{31eccf6 V.E...... ......I. 0,0-1440,1988} during layout: running second layout pass
06-05 13:19:17.559 14722 14722 W View    : requestLayout() improperly called by helium314.keyboard.latin.panels.BrowserPanelView{31eccf6 V.E...... ........ 0,0-1440,1988} during second layout pass: posting in next frame
06-05 13:19:17.561 14722 14722 W View    : requestLayout() improperly called by helium314.keyboard.latin.panels.BrowserPanelView{31eccf6 V.E...... ......I. 0,0-1440,1988} during layout: running second layout pass
06-05 13:19:17.575 14722 14722 W View    : requestLayout() improperly called by helium314.keyboard.latin.panels.BrowserPanelView{31eccf6 V.E...... ........ 0,0-1440,1988} during second layout pass: posting in next frame
06-05 13:19:17.577 14722 14722 W View    : requestLayout() improperly called by helium314.keyboard.latin.panels.BrowserPanelView{31eccf6 V.E...... ......I. 0,0-1440,1988} during layout: running second layout pass
06-05 13:19:17.589 15544 15578 W Isolated Web Content: [JavaScript Warning: "WEBGL_debug_renderer_info is deprecated in Firefox and will be removed. Please use RENDERER." {file: "https://pagead2.googlesyndication.com/bg/F7BznUE9mSBUl2zLiQG7l40lqtefSwIRBxy_kmnCB94.js line 2 > eval line 5592 > eval line 1 > eval line 1 > eval" line: 1}]
06-05 13:19:17.592 14722 14722 W View    : requestLayout() improperly called by helium314.keyboard.latin.panels.BrowserPanelView{31eccf6 V.E...... ........ 0,0-1440,1988} during second layout pass: posting in next frame
06-05 13:19:17.594 14722 14722 W View    : requestLayout() improperly called by helium314.keyboard.latin.panels.BrowserPanelView{31eccf6 V.E...... ......I. 0,0-1440,1988} during layout: running second layout pass
06-05 13:19:17.609 14722 14722 W View    : requestLayout() improperly called by helium314.keyboard.latin.panels.BrowserPanelView{31eccf6 V.E...... ........ 0,0-1440,1988} during second layout pass: posting in next frame
06-05 13:19:17.611 14722 14722 W View    : requestLayout() improperly called by helium314.keyboard.latin.panels.BrowserPanelView{31eccf6 V.E...... ......I. 0,0-1440,1988} during layout: running second layout pass
06-05 13:19:17.612 14722 14722 W com.vibekey.keyboard: type=1400 audit(0.0:157285): avc: denied { nlmsg_readpriv } for comm=536F636B657420546872656164 scontext=u:r:untrusted_app:s0:c97,c271,c512,c768 tcontext=u:r:untrusted_app:s0:c97,c271,c512,c768 tclass=netlink_route_socket permissive=0 bug=b/155595000 app=com.vibekey.keyboard
06-05 13:19:17.628 14722 14722 W View    : requestLayout() improperly called by helium314.keyboard.latin.panels.BrowserPanelView{31eccf6 V.E...... ........ 0,0-1440,1988} during second layout pass: posting in next frame
06-05 13:19:17.630 14722 14722 W View    : requestLayout() improperly called by helium314.keyboard.latin.panels.BrowserPanelView{31eccf6 V.E...... ......I. 0,0-1440,1988} during layout: running second layout pass
06-05 13:19:17.646 14722 14722 W View    : requestLayout() improperly called by helium314.keyboard.latin.panels.BrowserPanelView{31eccf6 V.E...... ........ 0,0-1440,1988} during second layout pass: posting in next frame
06-05 13:19:17.649 14722 14722 W View    : requestLayout() improperly called by helium314.keyboard.latin.panels.BrowserPanelView{31eccf6 V.E...... ......I. 0,0-1440,1988} during layout: running second layout pass
06-05 13:19:17.650 15146 15163 E Isolated Web Content: [JavaScript Error: "Cross-Origin Request Blocked: The Same Origin Policy disallows reading the remote resource at https://c3.amx1.net/b?uid=35b4de1a%2D6f95%2D42e2%2D9937%2Dfd7e2d22d391&sh=id%2Ea%2Dmx%2Ecom&gdpr=0&. (Reason: CORS header ‘Access-Control-Allow-Origin’ missing). Status code: 403."]
06-05 13:19:17.659 14722 14722 W View    : requestLayout() improperly called by helium314.keyboard.latin.panels.BrowserPanelView{31eccf6 V.E...... ........ 0,0-1440,1988} during second layout pass: posting in next frame
06-05 13:19:17.661 14722 14722 W View    : requestLayout() improperly called by helium314.keyboard.latin.panels.BrowserPanelView{31eccf6 V.E...... ......I. 0,0-1440,1988} during layout: running second layout pass
06-05 13:19:17.677 14722 14722 W View    : requestLayout() improperly called by helium314.keyboard.latin.panels.BrowserPanelView{31eccf6 V.E...... ........ 0,0-1440,1988} during second layout pass: posting in next frame
06-05 13:19:17.679 14722 14722 W View    : requestLayout() improperly called by helium314.keyboard.latin.panels.BrowserPanelView{31eccf6 V.E...... ......I. 0,0-1440,1988} during layout: running second layout pass
06-05 13:19:17.693 14722 14722 W View    : requestLayout() improperly called by helium314.keyboard.latin.panels.BrowserPanelView{31eccf6 V.E...... ........ 0,0-1440,1988} during second layout pass: posting in next frame
06-05 13:19:17.695 14722 14722 W View    : requestLayout() improperly called by helium314.keyboard.latin.panels.BrowserPanelView{31eccf6 V.E...... ......I. 0,0-1440,1988} during layout: running second layout pass
06-05 13:19:17.706 15146 15163 W Isolated Web Content: [JavaScript Warning: "The script from “https://pixels.ad.gt/api/v1/getpixels?tagger_id=e0667c06ece4ca63087bb7b2c8955d3b&url=https%3A%2F%2Fdrudgereport.com%2F&code=%27none%27” was loaded even though its MIME type (“”) is not a valid JavaScript MIME type." {file: "https://drudgereport.com/" line: 0}]
06-05 13:19:17.716 14722 14722 W View    : requestLayout() improperly called by helium314.keyboard.latin.panels.BrowserPanelView{31eccf6 V.E...... ........ 0,0-1440,1988} during second layout pass: posting in next frame
06-05 13:19:17.719 14722 14722 W View    : requestLayout() improperly called by helium314.keyboard.latin.panels.BrowserPanelView{31eccf6 V.E...... ......I. 0,0-1440,1988} during layout: running second layout pass
06-05 13:19:17.730 14722 14722 W View    : requestLayout() improperly called by helium314.keyboard.latin.panels.BrowserPanelView{31eccf6 V.E...... ........ 0,0-1440,1988} during second layout pass: posting in next frame
06-05 13:19:17.732 14722 14722 W View    : requestLayout() improperly called by helium314.keyboard.latin.panels.BrowserPanelView{31eccf6 V.E...... ......I. 0,0-1440,1988} during layout: running second layout pass
06-05 13:19:17.742 14722 14722 W View    : requestLayout() improperly called by helium314.keyboard.latin.panels.BrowserPanelView{31eccf6 V.E...... ........ 0,0-1440,1988} during second layout pass: posting in next frame
06-05 13:19:17.744 14722 14722 W View    : requestLayout() improperly called by helium314.keyboard.latin.panels.BrowserPanelView{31eccf6 V.E...... ......I. 0,0-1440,1988} during layout: running second layout pass
06-05 13:19:17.751 15690 15690 E y.keyboard:tab: Unknown bits set in runtime_flags: 0x40000000
06-05 13:19:17.760 14722 14722 W View    : requestLayout() improperly called by helium314.keyboard.latin.panels.BrowserPanelView{31eccf6 V.E...... ........ 0,0-1440,1988} during second layout pass: posting in next frame
06-05 13:19:17.762 14722 14722 W View    : requestLayout() improperly called by helium314.keyboard.latin.panels.BrowserPanelView{31eccf6 V.E...... ......I. 0,0-1440,1988} during layout: running second layout pass
06-05 13:19:17.777 14722 14722 W View    : requestLayout() improperly called by helium314.keyboard.latin.panels.BrowserPanelView{31eccf6 V.E...... ........ 0,0-1440,1988} during second layout pass: posting in next frame
06-05 13:19:17.778 14722 14722 W View    : requestLayout() improperly called by helium314.keyboard.latin.panels.BrowserPanelView{31eccf6 V.E...... ......I. 0,0-1440,1988} during layout: running second layout pass
06-05 13:19:17.792 14722 14722 W View    : requestLayout() improperly called by helium314.keyboard.latin.panels.BrowserPanelView{31eccf6 V.E...... ........ 0,0-1440,1988} during second layout pass: posting in next frame
06-05 13:19:17.794 14722 14722 W View    : requestLayout() improperly called by helium314.keyboard.latin.panels.BrowserPanelView{31eccf6 V.E...... ......I. 0,0-1440,1988} during layout: running second layout pass
06-05 13:19:17.813 14722 14722 W View    : requestLayout() improperly called by helium314.keyboard.latin.panels.BrowserPanelView{31eccf6 V.E...... ........ 0,0-1440,1988} during second layout pass: posting in next frame
06-05 13:19:17.814 14722 14722 W View    : requestLayout() improperly called by helium314.keyboard.latin.panels.BrowserPanelView{31eccf6 V.E...... ......I. 0,0-1440,1988} during layout: running second layout pass
06-05 13:19:17.824 15690 15719 E GeckoLibLoad: Load sqlite start
06-05 13:19:17.825 15690 15719 E GeckoLibLoad: Load sqlite done
06-05 13:19:17.825 15690 15719 E GeckoLibLoad: Load nss start
06-05 13:19:17.825 15690 15719 E GeckoLibLoad: Load nss done
06-05 13:19:17.827 14722 14722 W View    : requestLayout() improperly called by helium314.keyboard.latin.panels.BrowserPanelView{31eccf6 V.E...... ........ 0,0-1440,1988} during second layout pass: posting in next frame
06-05 13:19:17.829 14722 14722 W View    : requestLayout() improperly called by helium314.keyboard.latin.panels.BrowserPanelView{31eccf6 V.E...... ......I. 0,0-1440,1988} during layout: running second layout pass
06-05 13:19:17.829 15146 15163 W Isolated Web Content: [JavaScript Warning: "Feature Policy: Skipping unsupported feature name “autoplay”." {file: "https://securepubads.g.doubleclick.net/pagead/managed/js/gpt/m202606040101/pubads_impl.js?cb=31098983" line: 19}]
06-05 13:19:17.829 15146 15163 W Isolated Web Content: [JavaScript Warning: "Feature Policy: Skipping unsupported feature name “autoplay”." {file: "https://scripts.mf.webcontentassessor.com/scripts/b16dc745cc9b8e4a07b28efe47ab1457979fe7086f074ee6a40190d35c887735" line: 1}]
06-05 13:19:17.830 15146 15163 W Isolated Web Content: [JavaScript Warning: "Feature Policy: Skipping unsupported feature name “autoplay”." {file: "https://scripts.mf.webcontentassessor.com/scripts/b16dc745cc9b8e4a07b28efe47ab1457979fe7086f074ee6a40190d35c887735" line: 1}]
06-05 13:19:17.836 15690 15719 E GeckoLibLoad: Loaded libs in 10.462813ms total, 9ms(9ms) user, 0ms(0ms) system, 0(0) faults
06-05 13:19:17.836 15690 15719 W GeckoThread: zerdatime 356800697 - runGecko
06-05 13:19:17.844 14722 14722 W View    : requestLayout() improperly called by helium314.keyboard.latin.panels.BrowserPanelView{31eccf6 V.E...... ........ 0,0-1440,1988} during second layout pass: posting in next frame
06-05 13:19:17.846 14722 14722 W View    : requestLayout() improperly called by helium314.keyboard.latin.panels.BrowserPanelView{31eccf6 V.E...... ......I. 0,0-1440,1988} during layout: running second layout pass
06-05 13:19:17.858 14722 14722 W View    : requestLayout() improperly called by helium314.keyboard.latin.panels.BrowserPanelView{31eccf6 V.E...... ........ 0,0-1440,1988} during second layout pass: posting in next frame
06-05 13:19:17.860 14722 14722 W View    : requestLayout() improperly called by helium314.keyboard.latin.panels.BrowserPanelView{31eccf6 V.E...... ......I. 0,0-1440,1988} during layout: running second layout pass
06-05 13:19:17.876 14722 14722 W View    : requestLayout() improperly called by helium314.keyboard.latin.panels.BrowserPanelView{31eccf6 V.E...... ........ 0,0-1440,1988} during second layout pass: posting in next frame
06-05 13:19:17.879 14722 14722 W View    : requestLayout() improperly called by helium314.keyboard.latin.panels.BrowserPanelView{31eccf6 V.E...... ......I. 0,0-1440,1988} during layout: running second layout pass
06-05 13:19:17.896 14722 14722 W View    : requestLayout() improperly called by helium314.keyboard.latin.panels.BrowserPanelView{31eccf6 V.E...... ........ 0,0-1440,1988} during second layout pass: posting in next frame
06-05 13:19:17.899 14722 14722 W View    : requestLayout() improperly called by helium314.keyboard.latin.panels.BrowserPanelView{31eccf6 V.E...... ......I. 0,0-1440,1988} during layout: running second layout pass
06-05 13:19:17.909 14722 14722 W View    : requestLayout() improperly called by helium314.keyboard.latin.panels.BrowserPanelView{31eccf6 V.E...... ........ 0,0-1440,1988} during second layout pass: posting in next frame
06-05 13:19:17.912 14722 14722 W View    : requestLayout() improperly called by helium314.keyboard.latin.panels.BrowserPanelView{31eccf6 V.E...... ......I. 0,0-1440,1988} during layout: running second layout pass
06-05 13:19:17.927 14722 14722 W View    : requestLayout() improperly called by helium314.keyboard.latin.panels.BrowserPanelView{31eccf6 V.E...... ........ 0,0-1440,1988} during second layout pass: posting in next frame
06-05 13:19:17.931 14722 14722 W View    : requestLayout() improperly called by helium314.keyboard.latin.panels.BrowserPanelView{31eccf6 V.E...... ......I. 0,0-1440,1988} during layout: running second layout pass
06-05 13:19:17.945 14722 14722 W View    : requestLayout() improperly called by helium314.keyboard.latin.panels.BrowserPanelView{31eccf6 V.E...... ........ 0,0-1440,1988} during second layout pass: posting in next frame
06-05 13:19:17.947 14722 14722 W View    : requestLayout() improperly called by helium314.keyboard.latin.panels.BrowserPanelView{31eccf6 V.E...... ......ID 0,0-1440,1988} during layout: running second layout pass
06-05 13:19:17.942 14722 14722 W com.vibekey.keyboard: type=1400 audit(0.0:157291): avc: denied { nlmsg_readpriv } for comm=536F636B657420546872656164 scontext=u:r:untrusted_app:s0:c97,c271,c512,c768 tcontext=u:r:untrusted_app:s0:c97,c271,c512,c768 tclass=netlink_route_socket permissive=0 bug=b/155595000 app=com.vibekey.keyboard
06-05 13:19:17.957 15146 15163 W Isolated Web Content: [JavaScript Warning: "The value of the attribute “expires” for the cookie “_ga_FS8TY9PHEM” has been overwritten." {file: "https://drudgereport.com/" line: 0}]
06-05 13:19:17.962 14722 14722 W View    : requestLayout() improperly called by helium314.keyboard.latin.panels.BrowserPanelView{31eccf6 V.E...... ........ 0,0-1440,1988} during second layout pass: posting in next frame
06-05 13:19:17.964 14722 14722 W View    : requestLayout() improperly called by helium314.keyboard.latin.panels.BrowserPanelView{31eccf6 V.E...... ......I. 0,0-1440,1988} during layout: running second layout pass
06-05 13:19:17.984 15754 15754 E .keyboard:tab1: Unknown bits set in runtime_flags: 0x40000000
06-05 13:19:17.986 14722 14722 W View    : requestLayout() improperly called by helium314.keyboard.latin.panels.BrowserPanelView{31eccf6 V.E...... ........ 0,0-1440,1988} during second layout pass: posting in next frame
06-05 13:19:17.989 14722 14722 W View    : requestLayout() improperly called by helium314.keyboard.latin.panels.BrowserPanelView{31eccf6 V.E...... ......ID 0,0-1440,1988} during layout: running second layout pass
06-05 13:19:17.996 15146 15163 E Isolated Web Content: [JavaScript Error: "Cookie “instUid” has been rejected for invalid domain." {file: "https://ex.ingage.tech/v1/openrtb?publisherId=e0247337-444d-44f9-8a10-45f38333b383" line: 0}]
06-05 13:19:17.998 14722 14722 W View    : requestLayout() improperly called by helium314.keyboard.latin.panels.BrowserPanelView{31eccf6 V.E...... ........ 0,0-1440,1988} during second layout pass: posting in next frame
06-05 13:19:17.998 15690 15719 W Isolated Web Content: [JavaScript Warning: "This page is in Quirks Mode. Page layout may be impacted. For Standards Mode use “<!DOCTYPE html>”." {file: "https://u.openx.net/w/1.0/cm?id=891039ac-a916-42bb-a651-4be9e3b201da&ph=a3aece0c-9e80-4316-8deb-faf804779bd1&gdpr=&gdpr_consent=&gpp=&gpp_sid=&r=https%3A%2F%2Fs2s.t13.io%2Fsetuid%3Fbidder%3Dopenx%26gdpr%3D%26gdpr_consent%3D%26us_privacy%3D%26gpp%3D%26gpp_sid%3D%26f%3Db%26uid%3D" line: 0}]
06-05 13:19:18.000 14722 14722 W View    : requestLayout() improperly called by helium314.keyboard.latin.panels.BrowserPanelView{31eccf6 V.E...... ......I. 0,0-1440,1988} during layout: running second layout pass
06-05 13:19:18.018 14722 14722 W View    : requestLayout() improperly called by helium314.keyboard.latin.panels.BrowserPanelView{31eccf6 V.E...... .......D 0,0-1440,1988} during second layout pass: posting in next frame
06-05 13:19:18.020 14722 14722 W View    : requestLayout() improperly called by helium314.keyboard.latin.panels.BrowserPanelView{31eccf6 V.E...... ......ID 0,0-1440,1988} during layout: running second layout pass
06-05 13:19:18.029 14722 14722 W View    : requestLayout() improperly called by helium314.keyboard.latin.panels.BrowserPanelView{31eccf6 V.E...... ........ 0,0-1440,1988} during second layout pass: posting in next frame
06-05 13:19:18.033 14722 14722 W View    : requestLayout() improperly called by helium314.keyboard.latin.panels.BrowserPanelView{31eccf6 V.E...... ......I. 0,0-1440,1988} during layout: running second layout pass
06-05 13:19:18.042 14722 14722 W com.vibekey.keyboard: type=1400 audit(0.0:157293): avc: denied { nlmsg_readpriv } for comm=536F636B657420546872656164 scontext=u:r:untrusted_app:s0:c97,c271,c512,c768 tcontext=u:r:untrusted_app:s0:c97,c271,c512,c768 tclass=netlink_route_socket permissive=0 bug=b/155595000 app=com.vibekey.keyboard
06-05 13:19:18.051 14722 14722 W View    : requestLayout() improperly called by helium314.keyboard.latin.panels.BrowserPanelView{31eccf6 V.E...... ........ 0,0-1440,1988} during second layout pass: posting in next frame
06-05 13:19:18.054 14722 14722 W View    : requestLayout() improperly called by helium314.keyboard.latin.panels.BrowserPanelView{31eccf6 V.E...... ......I. 0,0-1440,1988} during layout: running second layout pass
06-05 13:19:18.062 14722 14722 W View    : requestLayout() improperly called by helium314.keyboard.latin.panels.BrowserPanelView{31eccf6 V.E...... ........ 0,0-1440,1988} during second layout pass: posting in next frame
06-05 13:19:18.066 14722 14722 W View    : requestLayout() improperly called by helium314.keyboard.latin.panels.BrowserPanelView{31eccf6 V.E...... ......I. 0,0-1440,1988} during layout: running second layout pass
06-05 13:19:18.069 15754 15790 E GeckoLibLoad: Load sqlite start
06-05 13:19:18.071 15754 15790 E GeckoLibLoad: Load sqlite done
06-05 13:19:18.071 15754 15790 E GeckoLibLoad: Load nss start
06-05 13:19:18.071 15754 15790 E GeckoLibLoad: Load nss done
06-05 13:19:18.077 14722 14722 W View    : requestLayout() improperly called by helium314.keyboard.latin.panels.BrowserPanelView{31eccf6 V.E...... ........ 0,0-1440,1988} during second layout pass: posting in next frame
06-05 13:19:18.079 14722 14722 W View    : requestLayout() improperly called by helium314.keyboard.latin.panels.BrowserPanelView{31eccf6 V.E...... ......I. 0,0-1440,1988} during layout: running second layout pass
06-05 13:19:18.086 15754 15790 E GeckoLibLoad: Loaded libs in 14.860729ms total, 10ms(9ms) user, 0ms(0ms) system, 0(0) faults
06-05 13:19:18.087 15754 15790 W GeckoThread: zerdatime 356800948 - runGecko
06-05 13:19:18.093 14722 14722 W View    : requestLayout() improperly called by helium314.keyboard.latin.panels.BrowserPanelView{31eccf6 V.E...... ........ 0,0-1440,1988} during second layout pass: posting in next frame
06-05 13:19:18.095 14722 14722 W View    : requestLayout() improperly called by helium314.keyboard.latin.panels.BrowserPanelView{31eccf6 V.E...... ......I. 0,0-1440,1988} during layout: running second layout pass
06-05 13:19:18.115 14722 14722 W View    : requestLayout() improperly called by helium314.keyboard.latin.panels.BrowserPanelView{31eccf6 V.E...... ........ 0,0-1440,1988} during second layout pass: posting in next frame
06-05 13:19:18.117 14722 14722 W View    : requestLayout() improperly called by helium314.keyboard.latin.panels.BrowserPanelView{31eccf6 V.E...... ......I. 0,0-1440,1988} during layout: running second layout pass
06-05 13:19:18.126 14722 14722 W View    : requestLayout() improperly called by helium314.keyboard.latin.panels.BrowserPanelView{31eccf6 V.E...... ........ 0,0-1440,1988} during second layout pass: posting in next frame
06-05 13:19:18.128 14722 14722 W View    : requestLayout() improperly called by helium314.keyboard.latin.panels.BrowserPanelView{31eccf6 V.E...... ......I. 0,0-1440,1988} during layout: running second layout pass
06-05 13:19:18.132 14722 14722 W com.vibekey.keyboard: type=1400 audit(0.0:157294): avc: denied { nlmsg_readpriv } for comm=536F636B657420546872656164 scontext=u:r:untrusted_app:s0:c97,c271,c512,c768 tcontext=u:r:untrusted_app:s0:c97,c271,c512,c768 tclass=netlink_route_socket permissive=0 bug=b/155595000 app=com.vibekey.keyboard
06-05 13:19:18.144 14722 14722 W View    : requestLayout() improperly called by helium314.keyboard.latin.panels.BrowserPanelView{31eccf6 V.E...... ........ 0,0-1440,1988} during second layout pass: posting in next frame
06-05 13:19:18.145 14722 14722 W View    : requestLayout() improperly called by helium314.keyboard.latin.panels.BrowserPanelView{31eccf6 V.E...... ......I. 0,0-1440,1988} during layout: running second layout pass
06-05 13:19:18.160 14722 14722 W View    : requestLayout() improperly called by helium314.keyboard.latin.panels.BrowserPanelView{31eccf6 V.E...... ........ 0,0-1440,1988} during second layout pass: posting in next frame
06-05 13:19:18.162 14722 14722 W View    : requestLayout() improperly called by helium314.keyboard.latin.panels.BrowserPanelView{31eccf6 V.E...... ......I. 0,0-1440,1988} during layout: running second layout pass
06-05 13:19:18.162 14722 14722 W com.vibekey.keyboard: type=1400 audit(0.0:157295): avc: denied { nlmsg_readpriv } for comm=536F636B657420546872656164 scontext=u:r:untrusted_app:s0:c97,c271,c512,c768 tcontext=u:r:untrusted_app:s0:c97,c271,c512,c768 tclass=netlink_route_socket permissive=0 bug=b/155595000 app=com.vibekey.keyboard
06-05 13:19:18.177 14722 14722 W View    : requestLayout() improperly called by helium314.keyboard.latin.panels.BrowserPanelView{31eccf6 V.E...... ........ 0,0-1440,1988} during second layout pass: posting in next frame
06-05 13:19:18.178 14722 14722 W View    : requestLayout() improperly called by helium314.keyboard.latin.panels.BrowserPanelView{31eccf6 V.E...... ......I. 0,0-1440,1988} during layout: running second layout pass
06-05 13:19:18.194 14722 14722 W View    : requestLayout() improperly called by helium314.keyboard.latin.panels.BrowserPanelView{31eccf6 V.E...... ........ 0,0-1440,1988} during second layout pass: posting in next frame
06-05 13:19:18.196 14722 14722 W View    : requestLayout() improperly called by helium314.keyboard.latin.panels.BrowserPanelView{31eccf6 V.E...... ......I. 0,0-1440,1988} during layout: running second layout pass
06-05 13:19:18.214 14722 14722 W View    : requestLayout() improperly called by helium314.keyboard.latin.panels.BrowserPanelView{31eccf6 V.E...... ........ 0,0-1440,1988} during second layout pass: posting in next frame
06-05 13:19:18.216 14722 14722 W View    : requestLayout() improperly called by helium314.keyboard.latin.panels.BrowserPanelView{31eccf6 V.E...... ......I. 0,0-1440,1988} during layout: running second layout pass
06-05 13:19:18.228 14722 14722 W View    : requestLayout() improperly called by helium314.keyboard.latin.panels.BrowserPanelView{31eccf6 V.E...... ........ 0,0-1440,1988} during second layout pass: posting in next frame
06-05 13:19:18.231 14722 14722 W View    : requestLayout() improperly called by helium314.keyboard.latin.panels.BrowserPanelView{31eccf6 V.E...... ......I. 0,0-1440,1988} during layout: running second layout pass
06-05 13:19:18.236 15754 15790 W Isolated Web Content: [JavaScript Warning: "This page is in Quirks Mode. Page layout may be impacted. For Standards Mode use “<!DOCTYPE html>”." {file: "https://hbx.media.net/checksync.php?cid=8CUEHS6F9&cs=87&type=mpbc&cv=37&vsSync=1&uspstring=&gdpr=&gdprstring=&gpp=&gpp_sid=&redirect=https%3A%2F%2Fpbs.fsrv.io%2F%2Fsetuid%3Fbidder%3Dmedianet%26gdpr%3D%26gdpr_consent%3D%26us_privacy%3D%26gpp%3D%26gpp_sid%3D%26f%3Db%26uid%3D%3Cvsid%3E" line: 0}]
06-05 13:19:18.251 14722 14722 W View    : requestLayout() improperly called by helium314.keyboard.latin.panels.BrowserPanelView{31eccf6 V.E...... ........ 0,0-1440,1988} during second layout pass: posting in next frame
06-05 13:19:18.253 14722 14722 W View    : requestLayout() improperly called by helium314.keyboard.latin.panels.BrowserPanelView{31eccf6 V.E...... ......ID 0,0-1440,1988} during layout: running second layout pass
