--------- beginning of system
06-01 11:54:54.632 29864 29864 E OplusCustomizeRestrictionManager: sInstance is null, start a new sInstance
06-01 12:00:36.392 29864 15147 E ActivityThread: Failed to find provider info for com.oplus.statistics.provider
06-01 12:00:36.392 29864 15147 E OplusStatistics--: IllegalArgumentException:java.lang.IllegalArgumentException: Unknown URL content://com.oplus.statistics.provider/track_event
06-01 12:00:58.651 29864 15147 E ActivityThread: Failed to find provider info for com.oplus.statistics.provider
06-01 12:00:58.652 29864 15147 E OplusStatistics--: IllegalArgumentException:java.lang.IllegalArgumentException: Unknown URL content://com.oplus.statistics.provider/track_event
--------- beginning of main
06-01 12:02:48.313 29864 31192 W VibeKeyProfiler: Slow Native Suggest: Total=8.68ms | Init=1.03ms | TrieExpand(x15)=7.63ms | Scoring=0.02ms | inputSize=1
06-01 12:02:48.316 29864 30972 W VibeKeyProfiler: Slow Native Suggest: Total=9.63ms | Init=1.15ms | TrieExpand(x16)=8.40ms | Scoring=0.07ms | inputSize=1
06-01 12:02:52.699 29864 29864 W LayerDrawable: Invalid drawable added to LayerDrawable! Drawable already belongs to another owner but does not expose a constant state.
06-01 12:02:52.699 29864 29864 W LayerDrawable: java.lang.RuntimeException
06-01 12:02:52.699 29864 29864 W LayerDrawable: 	at android.graphics.drawable.LayerDrawable$ChildDrawable.<init>(LayerDrawable.java:1857)
06-01 12:02:52.699 29864 29864 W LayerDrawable: 	at android.graphics.drawable.LayerDrawable$LayerState.<init>(LayerDrawable.java:1977)
06-01 12:02:52.699 29864 29864 W LayerDrawable: 	at android.graphics.drawable.LayerDrawable.createConstantState(LayerDrawable.java:174)
06-01 12:02:52.699 29864 29864 W LayerDrawable: 	at android.graphics.drawable.LayerDrawable.mutate(LayerDrawable.java:1782)
06-01 12:02:52.699 29864 29864 W LayerDrawable: 	at y7.t3.j(r8-map-id-61b0bf19f35549b3cb234c458470ae558921f527c38045390c6bb8e25c65e8b5:83)
06-01 12:02:52.699 29864 29864 W LayerDrawable: 	at helium314.keyboard.latin.panels.AiThemePanelView.f(r8-map-id-61b0bf19f35549b3cb234c458470ae558921f527c38045390c6bb8e25c65e8b5:185)
06-01 12:02:52.699 29864 29864 W LayerDrawable: 	at helium314.keyboard.latin.panels.AiThemePanelView.A0(r8-map-id-61b0bf19f35549b3cb234c458470ae558921f527c38045390c6bb8e25c65e8b5:39)
06-01 12:02:52.699 29864 29864 W LayerDrawable: 	at v7.b.u(r8-map-id-61b0bf19f35549b3cb234c458470ae558921f527c38045390c6bb8e25c65e8b5:314)
06-01 12:02:52.699 29864 29864 W LayerDrawable: 	at helium314.keyboard.latin.LatinIME.l(r8-map-id-61b0bf19f35549b3cb234c458470ae558921f527c38045390c6bb8e25c65e8b5:36)
06-01 12:02:52.699 29864 29864 W LayerDrawable: 	at g7.m.a(r8-map-id-61b0bf19f35549b3cb234c458470ae558921f527c38045390c6bb8e25c65e8b5:266)
06-01 12:02:52.699 29864 29864 W LayerDrawable: 	at helium314.keyboard.latin.suggestions.SuggestionStripView.onClick(r8-map-id-61b0bf19f35549b3cb234c458470ae558921f527c38045390c6bb8e25c65e8b5:45)
06-01 12:02:52.699 29864 29864 W LayerDrawable: 	at android.view.View.performClick(View.java:7488)
06-01 12:02:52.699 29864 29864 W LayerDrawable: 	at android.view.View.performClickInternal(View.java:7464)
06-01 12:02:52.699 29864 29864 W LayerDrawable: 	at android.view.View.access$3700(View.java:841)
06-01 12:02:52.699 29864 29864 W LayerDrawable: 	at android.view.View$PerformClick.run(View.java:28911)
06-01 12:02:52.699 29864 29864 W LayerDrawable: 	at android.os.Handler.handleCallback(Handler.java:938)
06-01 12:02:52.699 29864 29864 W LayerDrawable: 	at android.os.Handler.dispatchMessage(Handler.java:99)
06-01 12:02:52.699 29864 29864 W LayerDrawable: 	at android.os.Looper.loopOnce(Looper.java:233)
06-01 12:02:52.699 29864 29864 W LayerDrawable: 	at android.os.Looper.loop(Looper.java:344)
06-01 12:02:52.699 29864 29864 W LayerDrawable: 	at android.app.ActivityThread.main(ActivityThread.java:8212)
06-01 12:02:52.699 29864 29864 W LayerDrawable: 	at java.lang.reflect.Method.invoke(Native Method)
06-01 12:02:52.699 29864 29864 W LayerDrawable: 	at com.android.internal.os.RuntimeInit$MethodAndArgsCaller.run(RuntimeInit.java:584)
06-01 12:02:52.699 29864 29864 W LayerDrawable: 	at com.android.internal.os.ZygoteInit.main(ZygoteInit.java:1034)
06-01 12:02:52.700 29864 29864 W LayerDrawable: Invalid drawable added to LayerDrawable! Drawable already belongs to another owner but does not expose a constant state.
06-01 12:02:52.700 29864 29864 W LayerDrawable: java.lang.RuntimeException
06-01 12:02:52.700 29864 29864 W LayerDrawable: 	at android.graphics.drawable.LayerDrawable$ChildDrawable.<init>(LayerDrawable.java:1857)
06-01 12:02:52.700 29864 29864 W LayerDrawable: 	at android.graphics.drawable.LayerDrawable$LayerState.<init>(LayerDrawable.java:1977)
06-01 12:02:52.700 29864 29864 W LayerDrawable: 	at android.graphics.drawable.LayerDrawable.createConstantState(LayerDrawable.java:174)
06-01 12:02:52.700 29864 29864 W LayerDrawable: 	at android.graphics.drawable.LayerDrawable.mutate(LayerDrawable.java:1782)
06-01 12:02:52.700 29864 29864 W LayerDrawable: 	at y7.t3.j(r8-map-id-61b0bf19f35549b3cb234c458470ae558921f527c38045390c6bb8e25c65e8b5:83)
06-01 12:02:52.700 29864 29864 W LayerDrawable: 	at helium314.keyboard.latin.panels.AiThemePanelView.f(r8-map-id-61b0bf19f35549b3cb234c458470ae558921f527c38045390c6bb8e25c65e8b5:185)
06-01 12:02:52.700 29864 29864 W LayerDrawable: 	at helium314.keyboard.latin.panels.AiThemePanelView.A0(r8-map-id-61b0bf19f35549b3cb234c458470ae558921f527c38045390c6bb8e25c65e8b5:39)
06-01 12:02:52.700 29864 29864 W LayerDrawable: 	at v7.b.u(r8-map-id-61b0bf19f35549b3cb234c458470ae558921f527c38045390c6bb8e25c65e8b5:314)
06-01 12:02:52.700 29864 29864 W LayerDrawable: 	at helium314.keyboard.latin.LatinIME.l(r8-map-id-61b0bf19f35549b3cb234c458470ae558921f527c38045390c6bb8e25c65e8b5:36)
06-01 12:02:52.700 29864 29864 W LayerDrawable: 	at g7.m.a(r8-map-id-61b0bf19f35549b3cb234c458470ae558921f527c38045390c6bb8e25c65e8b5:266)
06-01 12:02:52.700 29864 29864 W LayerDrawable: 	at helium314.keyboard.latin.suggestions.SuggestionStripView.onClick(r8-map-id-61b0bf19f35549b3cb234c458470ae558921f527c38045390c6bb8e25c65e8b5:45)
06-01 12:02:52.700 29864 29864 W LayerDrawable: 	at android.view.View.performClick(View.java:7488)
06-01 12:02:52.700 29864 29864 W LayerDrawable: 	at android.view.View.performClickInternal(View.java:7464)
06-01 12:02:52.700 29864 29864 W LayerDrawable: 	at android.view.View.access$3700(View.java:841)
06-01 12:02:52.700 29864 29864 W LayerDrawable: 	at android.view.View$PerformClick.run(View.java:28911)
06-01 12:02:52.700 29864 29864 W LayerDrawable: 	at android.os.Handler.handleCallback(Handler.java:938)
06-01 12:02:52.700 29864 29864 W LayerDrawable: 	at android.os.Handler.dispatchMessage(Handler.java:99)
06-01 12:02:52.700 29864 29864 W LayerDrawable: 	at android.os.Looper.loopOnce(Looper.java:233)
06-01 12:02:52.700 29864 29864 W LayerDrawable: 	at android.os.Looper.loop(Looper.java:344)
06-01 12:02:52.700 29864 29864 W LayerDrawable: 	at android.app.ActivityThread.main(ActivityThread.java:8212)
06-01 12:02:52.700 29864 29864 W LayerDrawable: 	at java.lang.reflect.Method.invoke(Native Method)
06-01 12:02:52.700 29864 29864 W LayerDrawable: 	at com.android.internal.os.RuntimeInit$MethodAndArgsCaller.run(RuntimeInit.java:584)
06-01 12:02:52.700 29864 29864 W LayerDrawable: 	at com.android.internal.os.ZygoteInit.main(ZygoteInit.java:1034)
06-01 12:02:52.700 29864 29864 W LayerDrawable: Invalid drawable added to LayerDrawable! Drawable already belongs to another owner but does not expose a constant state.
06-01 12:02:52.700 29864 29864 W LayerDrawable: java.lang.RuntimeException
06-01 12:02:52.700 29864 29864 W LayerDrawable: 	at android.graphics.drawable.LayerDrawable$ChildDrawable.<init>(LayerDrawable.java:1857)
06-01 12:02:52.700 29864 29864 W LayerDrawable: 	at android.graphics.drawable.LayerDrawable$LayerState.<init>(LayerDrawable.java:1977)
06-01 12:02:52.700 29864 29864 W LayerDrawable: 	at android.graphics.drawable.LayerDrawable.createConstantState(LayerDrawable.java:174)
06-01 12:02:52.700 29864 29864 W LayerDrawable: 	at android.graphics.drawable.LayerDrawable.mutate(LayerDrawable.java:1782)
06-01 12:02:52.700 29864 29864 W LayerDrawable: 	at y7.t3.j(r8-map-id-61b0bf19f35549b3cb234c458470ae558921f527c38045390c6bb8e25c65e8b5:83)
06-01 12:02:52.700 29864 29864 W LayerDrawable: 	at helium314.keyboard.latin.panels.AiThemePanelView.f(r8-map-id-61b0bf19f35549b3cb234c458470ae558921f527c38045390c6bb8e25c65e8b5:185)
06-01 12:02:52.700 29864 29864 W LayerDrawable: 	at helium314.keyboard.latin.panels.AiThemePanelView.A0(r8-map-id-61b0bf19f35549b3cb234c458470ae558921f527c38045390c6bb8e25c65e8b5:39)
06-01 12:02:52.700 29864 29864 W LayerDrawable: 	at v7.b.u(r8-map-id-61b0bf19f35549b3cb234c458470ae558921f527c38045390c6bb8e25c65e8b5:314)
06-01 12:02:52.700 29864 29864 W LayerDrawable: 	at helium314.keyboard.latin.LatinIME.l(r8-map-id-61b0bf19f35549b3cb234c458470ae558921f527c38045390c6bb8e25c65e8b5:36)
06-01 12:02:52.700 29864 29864 W LayerDrawable: 	at g7.m.a(r8-map-id-61b0bf19f35549b3cb234c458470ae558921f527c38045390c6bb8e25c65e8b5:266)
06-01 12:02:52.700 29864 29864 W LayerDrawable: 	at helium314.keyboard.latin.suggestions.SuggestionStripView.onClick(r8-map-id-61b0bf19f35549b3cb234c458470ae558921f527c38045390c6bb8e25c65e8b5:45)
06-01 12:02:52.700 29864 29864 W LayerDrawable: 	at android.view.View.performClick(View.java:7488)
06-01 12:02:52.700 29864 29864 W LayerDrawable: 	at android.view.View.performClickInternal(View.java:7464)
06-01 12:02:52.700 29864 29864 W LayerDrawable: 	at android.view.View.access$3700(View.java:841)
06-01 12:02:52.700 29864 29864 W LayerDrawable: 	at android.view.View$PerformClick.run(View.java:28911)
06-01 12:02:52.700 29864 29864 W LayerDrawable: 	at android.os.Handler.handleCallback(Handler.java:938)
06-01 12:02:52.700 29864 29864 W LayerDrawable: 	at android.os.Handler.dispatchMessage(Handler.java:99)
06-01 12:02:52.700 29864 29864 W LayerDrawable: 	at android.os.Looper.loopOnce(Looper.java:233)
06-01 12:02:52.700 29864 29864 W LayerDrawable: 	at android.os.Looper.loop(Looper.java:344)
06-01 12:02:52.700 29864 29864 W LayerDrawable: 	at android.app.ActivityThread.main(ActivityThread.java:8212)
06-01 12:02:52.700 29864 29864 W LayerDrawable: 	at java.lang.reflect.Method.invoke(Native Method)
06-01 12:02:52.700 29864 29864 W LayerDrawable: 	at com.android.internal.os.RuntimeInit$MethodAndArgsCaller.run(RuntimeInit.java:584)
06-01 12:02:52.700 29864 29864 W LayerDrawable: 	at com.android.internal.os.ZygoteInit.main(ZygoteInit.java:1034)
06-01 12:02:52.756 29864 16472 W ServiceBindIntentUtils: Dynamic lookup for intent failed for action: com.google.android.gms.ads.service.START
06-01 12:02:52.777 29864 16471 W Ads     : Not retrying to fetch app settings
06-01 12:02:52.779 29864 16465 W Ads     : Not retrying to fetch app settings
06-01 12:02:53.043 29864 29864 W AdManager: Rewarded load failed tier=PRIMARY code=3 domain=com.google.android.gms.ads message=Publisher data not found. <https://support.google.com/admob/answer/9905175#9>
06-01 12:02:53.069 29864 29864 W AdManager: Interstitial ad failed to load: code=3 message=Publisher data not found. <https://support.google.com/admob/answer/9905175#9>
06-01 12:02:53.110 29864 29864 W AdManager: Native ad failed to load: code=3 message=Publisher data not found. <https://support.google.com/admob/answer/9905175#9>
06-01 12:02:53.227 29864 16461 W Ads     : Not retrying to fetch app settings
06-01 12:02:53.244 29864 16463 W Ads     : Not retrying to fetch app settings
06-01 12:02:53.250 29864 16471 W Ads     : Not retrying to fetch app settings
06-01 12:02:53.516 29864 29864 W AdManager: Rewarded load failed tier=PRIMARY code=3 domain=com.google.android.gms.ads message=Publisher data not found. <https://support.google.com/admob/answer/9905175#9>
06-01 12:02:53.561 29864 29864 W AdManager: Native ad failed to load: code=3 message=Publisher data not found. <https://support.google.com/admob/answer/9905175#9>
06-01 12:02:53.577 29864 29864 W AdManager: Interstitial ad failed to load: code=3 message=Publisher data not found. <https://support.google.com/admob/answer/9905175#9>
06-01 12:02:53.803 29864 16467 W Ads     : Not retrying to fetch app settings
06-01 12:02:53.818 29864 16463 W Ads     : Not retrying to fetch app settings
06-01 12:02:53.823 29864 16466 W Ads     : Not retrying to fetch app settings
06-01 12:02:54.097 29864 29864 W AdManager: Rewarded load failed tier=PRIMARY code=3 domain=com.google.android.gms.ads message=Publisher data not found. <https://support.google.com/admob/answer/9905175#9>
06-01 12:02:54.128 29864 29864 W AdManager: Interstitial ad failed to load: code=3 message=Publisher data not found. <https://support.google.com/admob/answer/9905175#9>
06-01 12:02:54.146 29864 29864 W AdManager: Native ad failed to load: code=3 message=Publisher data not found. <https://support.google.com/admob/answer/9905175#9>
06-01 12:02:54.308 29864 16471 W Ads     : Not retrying to fetch app settings
06-01 12:02:54.318 29864 16471 W Ads     : Not retrying to fetch app settings
06-01 12:02:54.320 29864 16467 W Ads     : Not retrying to fetch app settings
06-01 12:02:54.866 29864 29864 W AdManager: Rewarded load failed tier=PRIMARY code=1 domain=com.google.android.gms.ads message=Error building request URL: Too many recently failed requests for ad unit ID: ca-app-pub-6765609171282681/3310587093. You must wait a few seconds before making another ad request.
06-01 12:02:54.903 29864 29864 W AdManager: Native ad failed to load: code=1 message=Error building request URL: Too many recently failed requests for ad unit ID: ca-app-pub-6765609171282681/4767072755. You must wait a few seconds before making another ad request.
06-01 12:02:54.932 29864 29864 W AdManager: Interstitial ad failed to load: code=1 message=Error building request URL: Too many recently failed requests for ad unit ID: ca-app-pub-6765609171282681/8371342086. You must wait a few seconds before making another ad request.
06-01 12:02:55.302 29864 16465 W Ads     : Not retrying to fetch app settings
06-01 12:02:55.314 29864 16468 W Ads     : Not retrying to fetch app settings
06-01 12:02:55.320 29864 16291 W Ads     : Not retrying to fetch app settings
06-01 12:02:55.913 29864 29864 W AdManager: Rewarded load failed tier=PRIMARY code=1 domain=com.google.android.gms.ads message=Error building request URL: Too many recently failed requests for ad unit ID: ca-app-pub-6765609171282681/3310587093. You must wait a few seconds before making another ad request.
06-01 12:02:55.937 29864 29864 W AdManager: Interstitial ad failed to load: code=1 message=Error building request URL: Too many recently failed requests for ad unit ID: ca-app-pub-6765609171282681/8371342086. You must wait a few seconds before making another ad request.
06-01 12:02:55.948 29864 29864 W AdManager: Native ad failed to load: code=1 message=Error building request URL: Too many recently failed requests for ad unit ID: ca-app-pub-6765609171282681/4767072755. You must wait a few seconds before making another ad request.
06-01 12:02:56.292 29864 16469 W Ads     : Not retrying to fetch app settings
06-01 12:02:56.305 29864 16466 W Ads     : Not retrying to fetch app settings
06-01 12:02:56.319 29864 16460 W Ads     : Not retrying to fetch app settings
06-01 12:02:56.648 29864 29864 W m       : [0] drop stale event: 1065,399|477 last: 1059,424|494
06-01 12:02:56.649 29864 29864 W m       : [0] drop stale event: 1065,395|486 last: 1059,424|494
06-01 12:02:56.848 29864 29864 W AdManager: Rewarded load failed tier=PRIMARY code=1 domain=com.google.android.gms.ads message=Error building request URL: Too many recently failed requests for ad unit ID: ca-app-pub-6765609171282681/3310587093. You must wait a few seconds before making another ad request.
06-01 12:02:56.881 29864 29864 W AdManager: Interstitial ad failed to load: code=1 message=Error building request URL: Too many recently failed requests for ad unit ID: ca-app-pub-6765609171282681/8371342086. You must wait a few seconds before making another ad request.
06-01 12:02:56.887 29864 29864 W AdManager: Native ad failed to load: code=1 message=Error building request URL: Too many recently failed requests for ad unit ID: ca-app-pub-6765609171282681/4767072755. You must wait a few seconds before making another ad request.
06-01 12:02:57.294 29864 16460 W Ads     : Not retrying to fetch app settings
06-01 12:02:57.308 29864 16466 W Ads     : Not retrying to fetch app settings
06-01 12:02:57.309 29864 16461 W Ads     : Not retrying to fetch app settings
06-01 12:02:57.857 29864 29864 W AdManager: Rewarded load failed tier=PRIMARY code=1 domain=com.google.android.gms.ads message=Error building request URL: Too many recently failed requests for ad unit ID: ca-app-pub-6765609171282681/3310587093. You must wait a few seconds before making another ad request.
06-01 12:02:57.873 29864 29864 W AdManager: Interstitial ad failed to load: code=1 message=Error building request URL: Too many recently failed requests for ad unit ID: ca-app-pub-6765609171282681/8371342086. You must wait a few seconds before making another ad request.
06-01 12:02:57.875 29864 29864 W AdManager: Native ad failed to load: code=1 message=Error building request URL: Too many recently failed requests for ad unit ID: ca-app-pub-6765609171282681/4767072755. You must wait a few seconds before making another ad request.
06-01 12:02:58.310 29864 16472 W ServiceBindIntentUtils: Dynamic lookup for intent failed for action: com.google.android.gms.ads.service.START
06-01 12:02:58.328 29864 16464 W Ads     : Not retrying to fetch app settings
06-01 12:02:58.328 29864 16469 W Ads     : Not retrying to fetch app settings
06-01 12:02:58.918 29864 29864 W AdManager: Rewarded load failed tier=PRIMARY code=1 domain=com.google.android.gms.ads message=Error building request URL: Too many recently failed requests for ad unit ID: ca-app-pub-6765609171282681/3310587093. You must wait a few seconds before making another ad request.
06-01 12:02:58.946 29864 29864 W AdManager: Native ad failed to load: code=1 message=Error building request URL: Too many recently failed requests for ad unit ID: ca-app-pub-6765609171282681/4767072755. You must wait a few seconds before making another ad request.
06-01 12:02:58.969 29864 29864 W AdManager: Interstitial ad failed to load: code=1 message=Error building request URL: Too many recently failed requests for ad unit ID: ca-app-pub-6765609171282681/8371342086. You must wait a few seconds before making another ad request.
06-01 12:03:12.905 29864 16560 W ServiceBindIntentUtils: Dynamic lookup for intent failed for action: com.google.android.gms.ads.service.START
06-01 12:03:12.930 29864 16464 W Ads     : Not retrying to fetch app settings
06-01 12:03:12.930 29864 16558 W Ads     : Not retrying to fetch app settings
06-01 12:03:13.231 29864 29864 W AdManager: Rewarded load failed tier=PRIMARY code=3 domain=com.google.android.gms.ads message=Publisher data not found. <https://support.google.com/admob/answer/9905175#9>
06-01 12:03:13.246 29864 29864 W AdManager: Native ad failed to load: code=3 message=Publisher data not found. <https://support.google.com/admob/answer/9905175#9>
06-01 12:03:13.251 29864 29864 W AdManager: Interstitial ad failed to load: code=3 message=Publisher data not found. <https://support.google.com/admob/answer/9905175#9>
06-01 12:03:20.364 29864 29864 W LayerDrawable: Invalid drawable added to LayerDrawable! Drawable already belongs to another owner but does not expose a constant state.
06-01 12:03:20.364 29864 29864 W LayerDrawable: java.lang.RuntimeException
06-01 12:03:20.364 29864 29864 W LayerDrawable: 	at android.graphics.drawable.LayerDrawable$ChildDrawable.<init>(LayerDrawable.java:1857)
06-01 12:03:20.364 29864 29864 W LayerDrawable: 	at android.graphics.drawable.LayerDrawable$LayerState.<init>(LayerDrawable.java:1977)
06-01 12:03:20.364 29864 29864 W LayerDrawable: 	at android.graphics.drawable.LayerDrawable.createConstantState(LayerDrawable.java:174)
06-01 12:03:20.364 29864 29864 W LayerDrawable: 	at android.graphics.drawable.LayerDrawable.mutate(LayerDrawable.java:1782)
06-01 12:03:20.364 29864 29864 W LayerDrawable: 	at y7.t3.j(r8-map-id-61b0bf19f35549b3cb234c458470ae558921f527c38045390c6bb8e25c65e8b5:83)
06-01 12:03:20.364 29864 29864 W LayerDrawable: 	at helium314.keyboard.latin.panels.MenuPanelView.k(r8-map-id-61b0bf19f35549b3cb234c458470ae558921f527c38045390c6bb8e25c65e8b5:36)
06-01 12:03:20.364 29864 29864 W LayerDrawable: 	at helium314.keyboard.latin.panels.MenuPanelView.r(r8-map-id-61b0bf19f35549b3cb234c458470ae558921f527c38045390c6bb8e25c65e8b5:358)
06-01 12:03:20.364 29864 29864 W LayerDrawable: 	at v7.b.u(r8-map-id-61b0bf19f35549b3cb234c458470ae558921f527c38045390c6bb8e25c65e8b5:199)
06-01 12:03:20.364 29864 29864 W LayerDrawable: 	at helium314.keyboard.latin.LatinIME.l(r8-map-id-61b0bf19f35549b3cb234c458470ae558921f527c38045390c6bb8e25c65e8b5:36)
06-01 12:03:20.364 29864 29864 W LayerDrawable: 	at g7.m.a(r8-map-id-61b0bf19f35549b3cb234c458470ae558921f527c38045390c6bb8e25c65e8b5:266)
06-01 12:03:20.364 29864 29864 W LayerDrawable: 	at helium314.keyboard.latin.suggestions.SuggestionStripView.onClick(r8-map-id-61b0bf19f35549b3cb234c458470ae558921f527c38045390c6bb8e25c65e8b5:45)
06-01 12:03:20.364 29864 29864 W LayerDrawable: 	at android.view.View.performClick(View.java:7488)
06-01 12:03:20.364 29864 29864 W LayerDrawable: 	at android.view.View.performClickInternal(View.java:7464)
06-01 12:03:20.364 29864 29864 W LayerDrawable: 	at android.view.View.access$3700(View.java:841)
06-01 12:03:20.364 29864 29864 W LayerDrawable: 	at android.view.View$PerformClick.run(View.java:28911)
06-01 12:03:20.364 29864 29864 W LayerDrawable: 	at android.os.Handler.handleCallback(Handler.java:938)
06-01 12:03:20.364 29864 29864 W LayerDrawable: 	at android.os.Handler.dispatchMessage(Handler.java:99)
06-01 12:03:20.364 29864 29864 W LayerDrawable: 	at android.os.Looper.loopOnce(Looper.java:233)
06-01 12:03:20.364 29864 29864 W LayerDrawable: 	at android.os.Looper.loop(Looper.java:344)
06-01 12:03:20.364 29864 29864 W LayerDrawable: 	at android.app.ActivityThread.main(ActivityThread.java:8212)
06-01 12:03:20.364 29864 29864 W LayerDrawable: 	at java.lang.reflect.Method.invoke(Native Method)
06-01 12:03:20.364 29864 29864 W LayerDrawable: 	at com.android.internal.os.RuntimeInit$MethodAndArgsCaller.run(RuntimeInit.java:584)
06-01 12:03:20.364 29864 29864 W LayerDrawable: 	at com.android.internal.os.ZygoteInit.main(ZygoteInit.java:1034)
06-01 12:03:20.364 29864 29864 W LayerDrawable: Invalid drawable added to LayerDrawable! Drawable already belongs to another owner but does not expose a constant state.
06-01 12:03:20.364 29864 29864 W LayerDrawable: java.lang.RuntimeException
06-01 12:03:20.364 29864 29864 W LayerDrawable: 	at android.graphics.drawable.LayerDrawable$ChildDrawable.<init>(LayerDrawable.java:1857)
06-01 12:03:20.364 29864 29864 W LayerDrawable: 	at android.graphics.drawable.LayerDrawable$LayerState.<init>(LayerDrawable.java:1977)
06-01 12:03:20.364 29864 29864 W LayerDrawable: 	at android.graphics.drawable.LayerDrawable.createConstantState(LayerDrawable.java:174)
06-01 12:03:20.364 29864 29864 W LayerDrawable: 	at android.graphics.drawable.LayerDrawable.mutate(LayerDrawable.java:1782)
06-01 12:03:20.364 29864 29864 W LayerDrawable: 	at y7.t3.j(r8-map-id-61b0bf19f35549b3cb234c458470ae558921f527c38045390c6bb8e25c65e8b5:83)
06-01 12:03:20.364 29864 29864 W LayerDrawable: 	at helium314.keyboard.latin.panels.MenuPanelView.k(r8-map-id-61b0bf19f35549b3cb234c458470ae558921f527c38045390c6bb8e25c65e8b5:36)
06-01 12:03:20.364 29864 29864 W LayerDrawable: 	at helium314.keyboard.latin.panels.MenuPanelView.r(r8-map-id-61b0bf19f35549b3cb234c458470ae558921f527c38045390c6bb8e25c65e8b5:358)
06-01 12:03:20.364 29864 29864 W LayerDrawable: 	at v7.b.u(r8-map-id-61b0bf19f35549b3cb234c458470ae558921f527c38045390c6bb8e25c65e8b5:199)
06-01 12:03:20.364 29864 29864 W LayerDrawable: 	at helium314.keyboard.latin.LatinIME.l(r8-map-id-61b0bf19f35549b3cb234c458470ae558921f527c38045390c6bb8e25c65e8b5:36)
06-01 12:03:20.364 29864 29864 W LayerDrawable: 	at g7.m.a(r8-map-id-61b0bf19f35549b3cb234c458470ae558921f527c38045390c6bb8e25c65e8b5:266)
06-01 12:03:20.364 29864 29864 W LayerDrawable: 	at helium314.keyboard.latin.suggestions.SuggestionStripView.onClick(r8-map-id-61b0bf19f35549b3cb234c458470ae558921f527c38045390c6bb8e25c65e8b5:45)
06-01 12:03:20.364 29864 29864 W LayerDrawable: 	at android.view.View.performClick(View.java:7488)
06-01 12:03:20.364 29864 29864 W LayerDrawable: 	at android.view.View.performClickInternal(View.java:7464)
06-01 12:03:20.364 29864 29864 W LayerDrawable: 	at android.view.View.access$3700(View.java:841)
06-01 12:03:20.364 29864 29864 W LayerDrawable: 	at android.view.View$PerformClick.run(View.java:28911)
06-01 12:03:20.364 29864 29864 W LayerDrawable: 	at android.os.Handler.handleCallback(Handler.java:938)
06-01 12:03:20.364 29864 29864 W LayerDrawable: 	at android.os.Handler.dispatchMessage(Handler.java:99)
06-01 12:03:20.364 29864 29864 W LayerDrawable: 	at android.os.Looper.loopOnce(Looper.java:233)
06-01 12:03:20.364 29864 29864 W LayerDrawable: 	at android.os.Looper.loop(Looper.java:344)
06-01 12:03:20.364 29864 29864 W LayerDrawable: 	at android.app.ActivityThread.main(ActivityThread.java:8212)
06-01 12:03:20.364 29864 29864 W LayerDrawable: 	at java.lang.reflect.Method.invoke(Native Method)
06-01 12:03:20.364 29864 29864 W LayerDrawable: 	at com.android.internal.os.RuntimeInit$MethodAndArgsCaller.run(RuntimeInit.java:584)
06-01 12:03:20.364 29864 29864 W LayerDrawable: 	at com.android.internal.os.ZygoteInit.main(ZygoteInit.java:1034)
06-01 12:03:20.364 29864 29864 W LayerDrawable: Invalid drawable added to LayerDrawable! Drawable already belongs to another owner but does not expose a constant state.
06-01 12:03:20.364 29864 29864 W LayerDrawable: java.lang.RuntimeException
06-01 12:03:20.364 29864 29864 W LayerDrawable: 	at android.graphics.drawable.LayerDrawable$ChildDrawable.<init>(LayerDrawable.java:1857)
06-01 12:03:20.364 29864 29864 W LayerDrawable: 	at android.graphics.drawable.LayerDrawable$LayerState.<init>(LayerDrawable.java:1977)
06-01 12:03:20.364 29864 29864 W LayerDrawable: 	at android.graphics.drawable.LayerDrawable.createConstantState(LayerDrawable.java:174)
06-01 12:03:20.364 29864 29864 W LayerDrawable: 	at android.graphics.drawable.LayerDrawable.mutate(LayerDrawable.java:1782)
06-01 12:03:20.364 29864 29864 W LayerDrawable: 	at y7.t3.j(r8-map-id-61b0bf19f35549b3cb234c458470ae558921f527c38045390c6bb8e25c65e8b5:83)
06-01 12:03:20.364 29864 29864 W LayerDrawable: 	at helium314.keyboard.latin.panels.MenuPanelView.k(r8-map-id-61b0bf19f35549b3cb234c458470ae558921f527c38045390c6bb8e25c65e8b5:36)
06-01 12:03:20.364 29864 29864 W LayerDrawable: 	at helium314.keyboard.latin.panels.MenuPanelView.r(r8-map-id-61b0bf19f35549b3cb234c458470ae558921f527c38045390c6bb8e25c65e8b5:358)
06-01 12:03:20.364 29864 29864 W LayerDrawable: 	at v7.b.u(r8-map-id-61b0bf19f35549b3cb234c458470ae558921f527c38045390c6bb8e25c65e8b5:199)
06-01 12:03:20.364 29864 29864 W LayerDrawable: 	at helium314.keyboard.latin.LatinIME.l(r8-map-id-61b0bf19f35549b3cb234c458470ae558921f527c38045390c6bb8e25c65e8b5:36)
06-01 12:03:20.364 29864 29864 W LayerDrawable: 	at g7.m.a(r8-map-id-61b0bf19f35549b3cb234c458470ae558921f527c38045390c6bb8e25c65e8b5:266)
06-01 12:03:20.364 29864 29864 W LayerDrawable: 	at helium314.keyboard.latin.suggestions.SuggestionStripView.onClick(r8-map-id-61b0bf19f35549b3cb234c458470ae558921f527c38045390c6bb8e25c65e8b5:45)
06-01 12:03:20.364 29864 29864 W LayerDrawable: 	at android.view.View.performClick(View.java:7488)
06-01 12:03:20.364 29864 29864 W LayerDrawable: 	at android.view.View.performClickInternal(View.java:7464)
06-01 12:03:20.364 29864 29864 W LayerDrawable: 	at android.view.View.access$3700(View.java:841)
06-01 12:03:20.364 29864 29864 W LayerDrawable: 	at android.view.View$PerformClick.run(View.java:28911)
06-01 12:03:20.364 29864 29864 W LayerDrawable: 	at android.os.Handler.handleCallback(Handler.java:938)
06-01 12:03:20.364 29864 29864 W LayerDrawable: 	at android.os.Handler.dispatchMessage(Handler.java:99)
06-01 12:03:20.364 29864 29864 W LayerDrawable: 	at android.os.Looper.loopOnce(Looper.java:233)
06-01 12:03:20.364 29864 29864 W LayerDrawable: 	at android.os.Looper.loop(Looper.java:344)
06-01 12:03:20.364 29864 29864 W LayerDrawable: 	at android.app.ActivityThread.main(ActivityThread.java:8212)
06-01 12:03:20.364 29864 29864 W LayerDrawable: 	at java.lang.reflect.Method.invoke(Native Method)
06-01 12:03:20.364 29864 29864 W LayerDrawable: 	at com.android.internal.os.RuntimeInit$MethodAndArgsCaller.run(RuntimeInit.java:584)
06-01 12:03:20.364 29864 29864 W LayerDrawable: 	at com.android.internal.os.ZygoteInit.main(ZygoteInit.java:1034)
06-01 12:03:20.364 29864 29864 W LayerDrawable: Invalid drawable added to LayerDrawable! Drawable already belongs to another owner but does not expose a constant state.
06-01 12:03:20.364 29864 29864 W LayerDrawable: java.lang.RuntimeException
06-01 12:03:20.364 29864 29864 W LayerDrawable: 	at android.graphics.drawable.LayerDrawable$ChildDrawable.<init>(LayerDrawable.java:1857)
06-01 12:03:20.364 29864 29864 W LayerDrawable: 	at android.graphics.drawable.LayerDrawable$LayerState.<init>(LayerDrawable.java:1977)
06-01 12:03:20.364 29864 29864 W LayerDrawable: 	at android.graphics.drawable.LayerDrawable.createConstantState(LayerDrawable.java:174)
06-01 12:03:20.364 29864 29864 W LayerDrawable: 	at android.graphics.drawable.LayerDrawable.mutate(LayerDrawable.java:1782)
06-01 12:03:20.364 29864 29864 W LayerDrawable: 	at y7.t3.j(r8-map-id-61b0bf19f35549b3cb234c458470ae558921f527c38045390c6bb8e25c65e8b5:83)
06-01 12:03:20.364 29864 29864 W LayerDrawable: 	at helium314.keyboard.latin.panels.MenuPanelView.k(r8-map-id-61b0bf19f35549b3cb234c458470ae558921f527c38045390c6bb8e25c65e8b5:36)
06-01 12:03:20.364 29864 29864 W LayerDrawable: 	at helium314.keyboard.latin.panels.MenuPanelView.r(r8-map-id-61b0bf19f35549b3cb234c458470ae558921f527c38045390c6bb8e25c65e8b5:358)
06-01 12:03:20.364 29864 29864 W LayerDrawable: 	at v7.b.u(r8-map-id-61b0bf19f35549b3cb234c458470ae558921f527c38045390c6bb8e25c65e8b5:199)
06-01 12:03:20.364 29864 29864 W LayerDrawable: 	at helium314.keyboard.latin.LatinIME.l(r8-map-id-61b0bf19f35549b3cb234c458470ae558921f527c38045390c6bb8e25c65e8b5:36)
06-01 12:03:20.364 29864 29864 W LayerDrawable: 	at g7.m.a(r8-map-id-61b0bf19f35549b3cb234c458470ae558921f527c38045390c6bb8e25c65e8b5:266)
06-01 12:03:20.364 29864 29864 W LayerDrawable: 	at helium314.keyboard.latin.suggestions.SuggestionStripView.onClick(r8-map-id-61b0bf19f35549b3cb234c458470ae558921f527c38045390c6bb8e25c65e8b5:45)
06-01 12:03:20.364 29864 29864 W LayerDrawable: 	at android.view.View.performClick(View.java:7488)
06-01 12:03:20.364 29864 29864 W LayerDrawable: 	at android.view.View.performClickInternal(View.java:7464)
06-01 12:03:20.364 29864 29864 W LayerDrawable: 	at android.view.View.access$3700(View.java:841)
06-01 12:03:20.364 29864 29864 W LayerDrawable: 	at android.view.View$PerformClick.run(View.java:28911)
06-01 12:03:20.364 29864 29864 W LayerDrawable: 	at android.os.Handler.handleCallback(Handler.java:938)
06-01 12:03:20.364 29864 29864 W LayerDrawable: 	at android.os.Handler.dispatchMessage(Handler.java:99)
06-01 12:03:20.364 29864 29864 W LayerDrawable: 	at android.os.Looper.loopOnce(Looper.java:233)
06-01 12:03:20.364 29864 29864 W LayerDrawable: 	at android.os.Looper.loop(Looper.java:344)
06-01 12:03:20.364 29864 29864 W LayerDrawable: 	at android.app.ActivityThread.main(ActivityThread.java:8212)
06-01 12:03:20.364 29864 29864 W LayerDrawable: 	at java.lang.reflect.Method.invoke(Native Method)
06-01 12:03:20.364 29864 29864 W LayerDrawable: 	at com.android.internal.os.RuntimeInit$MethodAndArgsCaller.run(RuntimeInit.java:584)
06-01 12:03:20.364 29864 29864 W LayerDrawable: 	at com.android.internal.os.ZygoteInit.main(ZygoteInit.java:1034)
06-01 12:03:20.365 29864 29864 W LayerDrawable: Invalid drawable added to LayerDrawable! Drawable already belongs to another owner but does not expose a constant state.
06-01 12:03:20.365 29864 29864 W LayerDrawable: java.lang.RuntimeException
06-01 12:03:20.365 29864 29864 W LayerDrawable: 	at android.graphics.drawable.LayerDrawable$ChildDrawable.<init>(LayerDrawable.java:1857)
06-01 12:03:20.365 29864 29864 W LayerDrawable: 	at android.graphics.drawable.LayerDrawable$LayerState.<init>(LayerDrawable.java:1977)
06-01 12:03:20.365 29864 29864 W LayerDrawable: 	at android.graphics.drawable.LayerDrawable.createConstantState(LayerDrawable.java:174)
06-01 12:03:20.365 29864 29864 W LayerDrawable: 	at android.graphics.drawable.LayerDrawable.mutate(LayerDrawable.java:1782)
06-01 12:03:20.365 29864 29864 W LayerDrawable: 	at y7.t3.j(r8-map-id-61b0bf19f35549b3cb234c458470ae558921f527c38045390c6bb8e25c65e8b5:83)
06-01 12:03:20.365 29864 29864 W LayerDrawable: 	at helium314.keyboard.latin.panels.MenuPanelView.k(r8-map-id-61b0bf19f35549b3cb234c458470ae558921f527c38045390c6bb8e25c65e8b5:36)
06-01 12:03:20.365 29864 29864 W LayerDrawable: 	at helium314.keyboard.latin.panels.MenuPanelView.r(r8-map-id-61b0bf19f35549b3cb234c458470ae558921f527c38045390c6bb8e25c65e8b5:400)
06-01 12:03:20.365 29864 29864 W LayerDrawable: 	at v7.b.u(r8-map-id-61b0bf19f35549b3cb234c458470ae558921f527c38045390c6bb8e25c65e8b5:199)
06-01 12:03:20.365 29864 29864 W LayerDrawable: 	at helium314.keyboard.latin.LatinIME.l(r8-map-id-61b0bf19f35549b3cb234c458470ae558921f527c38045390c6bb8e25c65e8b5:36)
06-01 12:03:20.365 29864 29864 W LayerDrawable: 	at g7.m.a(r8-map-id-61b0bf19f35549b3cb234c458470ae558921f527c38045390c6bb8e25c65e8b5:266)
06-01 12:03:20.365 29864 29864 W LayerDrawable: 	at helium314.keyboard.latin.suggestions.SuggestionStripView.onClick(r8-map-id-61b0bf19f35549b3cb234c458470ae558921f527c38045390c6bb8e25c65e8b5:45)
06-01 12:03:20.365 29864 29864 W LayerDrawable: 	at android.view.View.performClick(View.java:7488)
06-01 12:03:20.365 29864 29864 W LayerDrawable: 	at android.view.View.performClickInternal(View.java:7464)
06-01 12:03:20.365 29864 29864 W LayerDrawable: 	at android.view.View.access$3700(View.java:841)
06-01 12:03:20.365 29864 29864 W LayerDrawable: 	at android.view.View$PerformClick.run(View.java:28911)
06-01 12:03:20.365 29864 29864 W LayerDrawable: 	at android.os.Handler.handleCallback(Handler.java:938)
06-01 12:03:20.365 29864 29864 W LayerDrawable: 	at android.os.Handler.dispatchMessage(Handler.java:99)
06-01 12:03:20.365 29864 29864 W LayerDrawable: 	at android.os.Looper.loopOnce(Looper.java:233)
06-01 12:03:20.365 29864 29864 W LayerDrawable: 	at android.os.Looper.loop(Looper.java:344)
06-01 12:03:20.365 29864 29864 W LayerDrawable: 	at android.app.ActivityThread.main(ActivityThread.java:8212)
06-01 12:03:20.365 29864 29864 W LayerDrawable: 	at java.lang.reflect.Method.invoke(Native Method)
06-01 12:03:20.365 29864 29864 W LayerDrawable: 	at com.android.internal.os.RuntimeInit$MethodAndArgsCaller.run(RuntimeInit.java:584)
06-01 12:03:20.365 29864 29864 W LayerDrawable: 	at com.android.internal.os.ZygoteInit.main(ZygoteInit.java:1034)
06-01 12:03:20.365 29864 29864 W LayerDrawable: Invalid drawable added to LayerDrawable! Drawable already belongs to another owner but does not expose a constant state.
06-01 12:03:20.365 29864 29864 W LayerDrawable: java.lang.RuntimeException
06-01 12:03:20.365 29864 29864 W LayerDrawable: 	at android.graphics.drawable.LayerDrawable$ChildDrawable.<init>(LayerDrawable.java:1857)
06-01 12:03:20.365 29864 29864 W LayerDrawable: 	at android.graphics.drawable.LayerDrawable$LayerState.<init>(LayerDrawable.java:1977)
06-01 12:03:20.365 29864 29864 W LayerDrawable: 	at android.graphics.drawable.LayerDrawable.createConstantState(LayerDrawable.java:174)
06-01 12:03:20.365 29864 29864 W LayerDrawable: 	at android.graphics.drawable.LayerDrawable.mutate(LayerDrawable.java:1782)
06-01 12:03:20.365 29864 29864 W LayerDrawable: 	at y7.t3.j(r8-map-id-61b0bf19f35549b3cb234c458470ae558921f527c38045390c6bb8e25c65e8b5:83)
06-01 12:03:20.365 29864 29864 W LayerDrawable: 	at helium314.keyboard.latin.panels.MenuPanelView.k(r8-map-id-61b0bf19f35549b3cb234c458470ae558921f527c38045390c6bb8e25c65e8b5:36)
06-01 12:03:20.365 29864 29864 W LayerDrawable: 	at helium314.keyboard.latin.panels.MenuPanelView.r(r8-map-id-61b0bf19f35549b3cb234c458470ae558921f527c38045390c6bb8e25c65e8b5:400)
06-01 12:03:20.365 29864 29864 W LayerDrawable: 	at v7.b.u(r8-map-id-61b0bf19f35549b3cb234c458470ae558921f527c38045390c6bb8e25c65e8b5:199)
06-01 12:03:20.365 29864 29864 W LayerDrawable: 	at helium314.keyboard.latin.LatinIME.l(r8-map-id-61b0bf19f35549b3cb234c458470ae558921f527c38045390c6bb8e25c65e8b5:36)
06-01 12:03:20.365 29864 29864 W LayerDrawable: 	at g7.m.a(r8-map-id-61b0bf19f35549b3cb234c458470ae558921f527c38045390c6bb8e25c65e8b5:266)
06-01 12:03:20.365 29864 29864 W LayerDrawable: 	at helium314.keyboard.latin.suggestions.SuggestionStripView.onClick(r8-map-id-61b0bf19f35549b3cb234c458470ae558921f527c38045390c6bb8e25c65e8b5:45)
06-01 12:03:20.365 29864 29864 W LayerDrawable: 	at android.view.View.performClick(View.java:7488)
06-01 12:03:20.365 29864 29864 W LayerDrawable: 	at android.view.View.performClickInternal(View.java:7464)
06-01 12:03:20.365 29864 29864 W LayerDrawable: 	at android.view.View.access$3700(View.java:841)
06-01 12:03:20.365 29864 29864 W LayerDrawable: 	at android.view.View$PerformClick.run(View.java:28911)
06-01 12:03:20.365 29864 29864 W LayerDrawable: 	at android.os.Handler.handleCallback(Handler.java:938)
06-01 12:03:20.365 29864 29864 W LayerDrawable: 	at android.os.Handler.dispatchMessage(Handler.java:99)
06-01 12:03:20.365 29864 29864 W LayerDrawable: 	at android.os.Looper.loopOnce(Looper.java:233)
06-01 12:03:20.365 29864 29864 W LayerDrawable: 	at android.os.Looper.loop(Looper.java:344)
06-01 12:03:20.365 29864 29864 W LayerDrawable: 	at android.app.ActivityThread.main(ActivityThread.java:8212)
06-01 12:03:20.365 29864 29864 W LayerDrawable: 	at java.lang.reflect.Method.invoke(Native Method)
06-01 12:03:20.365 29864 29864 W LayerDrawable: 	at com.android.internal.os.RuntimeInit$MethodAndArgsCaller.run(RuntimeInit.java:584)
06-01 12:03:20.365 29864 29864 W LayerDrawable: 	at com.android.internal.os.ZygoteInit.main(ZygoteInit.java:1034)
06-01 12:03:20.365 29864 29864 W LayerDrawable: Invalid drawable added to LayerDrawable! Drawable already belongs to another owner but does not expose a constant state.
06-01 12:03:20.365 29864 29864 W LayerDrawable: java.lang.RuntimeException
06-01 12:03:20.365 29864 29864 W LayerDrawable: 	at android.graphics.drawable.LayerDrawable$ChildDrawable.<init>(LayerDrawable.java:1857)
06-01 12:03:20.365 29864 29864 W LayerDrawable: 	at android.graphics.drawable.LayerDrawable$LayerState.<init>(LayerDrawable.java:1977)
06-01 12:03:20.365 29864 29864 W LayerDrawable: 	at android.graphics.drawable.LayerDrawable.createConstantState(LayerDrawable.java:174)
06-01 12:03:20.365 29864 29864 W LayerDrawable: 	at android.graphics.drawable.LayerDrawable.mutate(LayerDrawable.java:1782)
06-01 12:03:20.365 29864 29864 W LayerDrawable: 	at y7.t3.j(r8-map-id-61b0bf19f35549b3cb234c458470ae558921f527c38045390c6bb8e25c65e8b5:83)
06-01 12:03:20.365 29864 29864 W LayerDrawable: 	at helium314.keyboard.latin.panels.MenuPanelView.k(r8-map-id-61b0bf19f35549b3cb234c458470ae558921f527c38045390c6bb8e25c65e8b5:36)
06-01 12:03:20.365 29864 29864 W LayerDrawable: 	at helium314.keyboard.latin.panels.MenuPanelView.r(r8-map-id-61b0bf19f35549b3cb234c458470ae558921f527c38045390c6bb8e25c65e8b5:400)
06-01 12:03:20.365 29864 29864 W LayerDrawable: 	at v7.b.u(r8-map-id-61b0bf19f35549b3cb234c458470ae558921f527c38045390c6bb8e25c65e8b5:199)
06-01 12:03:20.365 29864 29864 W LayerDrawable: 	at helium314.keyboard.latin.LatinIME.l(r8-map-id-61b0bf19f35549b3cb234c458470ae558921f527c38045390c6bb8e25c65e8b5:36)
06-01 12:03:20.365 29864 29864 W LayerDrawable: 	at g7.m.a(r8-map-id-61b0bf19f35549b3cb234c458470ae558921f527c38045390c6bb8e25c65e8b5:266)
06-01 12:03:20.365 29864 29864 W LayerDrawable: 	at helium314.keyboard.latin.suggestions.SuggestionStripView.onClick(r8-map-id-61b0bf19f35549b3cb234c458470ae558921f527c38045390c6bb8e25c65e8b5:45)
06-01 12:03:20.365 29864 29864 W LayerDrawable: 	at android.view.View.performClick(View.java:7488)
06-01 12:03:20.365 29864 29864 W LayerDrawable: 	at android.view.View.performClickInternal(View.java:7464)
06-01 12:03:20.365 29864 29864 W LayerDrawable: 	at android.view.View.access$3700(View.java:841)
06-01 12:03:20.365 29864 29864 W LayerDrawable: 	at android.view.View$PerformClick.run(View.java:28911)
06-01 12:03:20.365 29864 29864 W LayerDrawable: 	at android.os.Handler.handleCallback(Handler.java:938)
06-01 12:03:20.365 29864 29864 W LayerDrawable: 	at android.os.Handler.dispatchMessage(Handler.java:99)
06-01 12:03:20.365 29864 29864 W LayerDrawable: 	at android.os.Looper.loopOnce(Looper.java:233)
06-01 12:03:20.365 29864 29864 W LayerDrawable: 	at android.os.Looper.loop(Looper.java:344)
06-01 12:03:20.365 29864 29864 W LayerDrawable: 	at android.app.ActivityThread.main(ActivityThread.java:8212)
06-01 12:03:20.365 29864 29864 W LayerDrawable: 	at java.lang.reflect.Method.invoke(Native Method)
06-01 12:03:20.365 29864 29864 W LayerDrawable: 	at com.android.internal.os.RuntimeInit$MethodAndArgsCaller.run(RuntimeInit.java:584)
06-01 12:03:20.365 29864 29864 W LayerDrawable: 	at com.android.internal.os.ZygoteInit.main(ZygoteInit.java:1034)
06-01 12:03:20.365 29864 29864 W LayerDrawable: Invalid drawable added to LayerDrawable! Drawable already belongs to another owner but does not expose a constant state.
06-01 12:03:20.365 29864 29864 W LayerDrawable: java.lang.RuntimeException
06-01 12:03:20.365 29864 29864 W LayerDrawable: 	at android.graphics.drawable.LayerDrawable$ChildDrawable.<init>(LayerDrawable.java:1857)
06-01 12:03:20.365 29864 29864 W LayerDrawable: 	at android.graphics.drawable.LayerDrawable$LayerState.<init>(LayerDrawable.java:1977)
06-01 12:03:20.365 29864 29864 W LayerDrawable: 	at android.graphics.drawable.LayerDrawable.createConstantState(LayerDrawable.java:174)
06-01 12:03:20.365 29864 29864 W LayerDrawable: 	at android.graphics.drawable.LayerDrawable.mutate(LayerDrawable.java:1782)
06-01 12:03:20.365 29864 29864 W LayerDrawable: 	at y7.t3.j(r8-map-id-61b0bf19f35549b3cb234c458470ae558921f527c38045390c6bb8e25c65e8b5:83)
06-01 12:03:20.365 29864 29864 W LayerDrawable: 	at helium314.keyboard.latin.panels.MenuPanelView.k(r8-map-id-61b0bf19f35549b3cb234c458470ae558921f527c38045390c6bb8e25c65e8b5:36)
06-01 12:03:20.365 29864 29864 W LayerDrawable: 	at helium314.keyboard.latin.panels.MenuPanelView.r(r8-map-id-61b0bf19f35549b3cb234c458470ae558921f527c38045390c6bb8e25c65e8b5:400)
06-01 12:03:20.365 29864 29864 W LayerDrawable: 	at v7.b.u(r8-map-id-61b0bf19f35549b3cb234c458470ae558921f527c38045390c6bb8e25c65e8b5:199)
06-01 12:03:20.365 29864 29864 W LayerDrawable: 	at helium314.keyboard.latin.LatinIME.l(r8-map-id-61b0bf19f35549b3cb234c458470ae558921f527c38045390c6bb8e25c65e8b5:36)
06-01 12:03:20.365 29864 29864 W LayerDrawable: 	at g7.m.a(r8-map-id-61b0bf19f35549b3cb234c458470ae558921f527c38045390c6bb8e25c65e8b5:266)
06-01 12:03:20.365 29864 29864 W LayerDrawable: 	at helium314.keyboard.latin.suggestions.SuggestionStripView.onClick(r8-map-id-61b0bf19f35549b3cb234c458470ae558921f527c38045390c6bb8e25c65e8b5:45)
06-01 12:03:20.365 29864 29864 W LayerDrawable: 	at android.view.View.performClick(View.java:7488)
06-01 12:03:20.365 29864 29864 W LayerDrawable: 	at android.view.View.performClickInternal(View.java:7464)
06-01 12:03:20.365 29864 29864 W LayerDrawable: 	at android.view.View.access$3700(View.java:841)
06-01 12:03:20.365 29864 29864 W LayerDrawable: 	at android.view.View$PerformClick.run(View.java:28911)
06-01 12:03:20.365 29864 29864 W LayerDrawable: 	at android.os.Handler.handleCallback(Handler.java:938)
06-01 12:03:20.365 29864 29864 W LayerDrawable: 	at android.os.Handler.dispatchMessage(Handler.java:99)
06-01 12:03:20.365 29864 29864 W LayerDrawable: 	at android.os.Looper.loopOnce(Looper.java:233)
06-01 12:03:20.365 29864 29864 W LayerDrawable: 	at android.os.Looper.loop(Looper.java:344)
06-01 12:03:20.365 29864 29864 W LayerDrawable: 	at android.app.ActivityThread.main(ActivityThread.java:8212)
06-01 12:03:20.365 29864 29864 W LayerDrawable: 	at java.lang.reflect.Method.invoke(Native Method)
06-01 12:03:20.365 29864 29864 W LayerDrawable: 	at com.android.internal.os.RuntimeInit$MethodAndArgsCaller.run(RuntimeInit.java:584)
06-01 12:03:20.365 29864 29864 W LayerDrawable: 	at com.android.internal.os.ZygoteInit.main(ZygoteInit.java:1034)
06-01 12:03:20.365 29864 29864 W LayerDrawable: Invalid drawable added to LayerDrawable! Drawable already belongs to another owner but does not expose a constant state.
06-01 12:03:20.365 29864 29864 W LayerDrawable: java.lang.RuntimeException
06-01 12:03:20.365 29864 29864 W LayerDrawable: 	at android.graphics.drawable.LayerDrawable$ChildDrawable.<init>(LayerDrawable.java:1857)
06-01 12:03:20.365 29864 29864 W LayerDrawable: 	at android.graphics.drawable.LayerDrawable$LayerState.<init>(LayerDrawable.java:1977)
06-01 12:03:20.365 29864 29864 W LayerDrawable: 	at android.graphics.drawable.LayerDrawable.createConstantState(LayerDrawable.java:174)
06-01 12:03:20.365 29864 29864 W LayerDrawable: 	at android.graphics.drawable.LayerDrawable.mutate(LayerDrawable.java:1782)
06-01 12:03:20.365 29864 29864 W LayerDrawable: 	at y7.t3.j(r8-map-id-61b0bf19f35549b3cb234c458470ae558921f527c38045390c6bb8e25c65e8b5:83)
06-01 12:03:20.365 29864 29864 W LayerDrawable: 	at helium314.keyboard.latin.panels.MenuPanelView.k(r8-map-id-61b0bf19f35549b3cb234c458470ae558921f527c38045390c6bb8e25c65e8b5:36)
06-01 12:03:20.365 29864 29864 W LayerDrawable: 	at helium314.keyboard.latin.panels.MenuPanelView.r(r8-map-id-61b0bf19f35549b3cb234c458470ae558921f527c38045390c6bb8e25c65e8b5:400)
06-01 12:03:20.365 29864 29864 W LayerDrawable: 	at v7.b.u(r8-map-id-61b0bf19f35549b3cb234c458470ae558921f527c38045390c6bb8e25c65e8b5:199)
06-01 12:03:20.365 29864 29864 W LayerDrawable: 	at helium314.keyboard.latin.LatinIME.l(r8-map-id-61b0bf19f35549b3cb234c458470ae558921f527c38045390c6bb8e25c65e8b5:36)
06-01 12:03:20.365 29864 29864 W LayerDrawable: 	at g7.m.a(r8-map-id-61b0bf19f35549b3cb234c458470ae558921f527c38045390c6bb8e25c65e8b5:266)
06-01 12:03:20.365 29864 29864 W LayerDrawable: 	at helium314.keyboard.latin.suggestions.SuggestionStripView.onClick(r8-map-id-61b0bf19f35549b3cb234c458470ae558921f527c38045390c6bb8e25c65e8b5:45)
06-01 12:03:20.365 29864 29864 W LayerDrawable: 	at android.view.View.performClick(View.java:7488)
06-01 12:03:20.365 29864 29864 W LayerDrawable: 	at android.view.View.performClickInternal(View.java:7464)
06-01 12:03:20.365 29864 29864 W LayerDrawable: 	at android.view.View.access$3700(View.java:841)
06-01 12:03:20.365 29864 29864 W LayerDrawable: 	at android.view.View$PerformClick.run(View.java:28911)
06-01 12:03:20.365 29864 29864 W LayerDrawable: 	at android.os.Handler.handleCallback(Handler.java:938)
06-01 12:03:20.365 29864 29864 W LayerDrawable: 	at android.os.Handler.dispatchMessage(Handler.java:99)
06-01 12:03:20.365 29864 29864 W LayerDrawable: 	at android.os.Looper.loopOnce(Looper.java:233)
06-01 12:03:20.365 29864 29864 W LayerDrawable: 	at android.os.Looper.loop(Looper.java:344)
06-01 12:03:20.365 29864 29864 W LayerDrawable: 	at android.app.ActivityThread.main(ActivityThread.java:8212)
06-01 12:03:20.365 29864 29864 W LayerDrawable: 	at java.lang.reflect.Method.invoke(Native Method)
06-01 12:03:20.365 29864 29864 W LayerDrawable: 	at com.android.internal.os.RuntimeInit$MethodAndArgsCaller.run(RuntimeInit.java:584)
06-01 12:03:20.365 29864 29864 W LayerDrawable: 	at com.android.internal.os.ZygoteInit.main(ZygoteInit.java:1034)
06-01 12:03:20.366 29864 29864 W LayerDrawable: Invalid drawable added to LayerDrawable! Drawable already belongs to another owner but does not expose a constant state.
06-01 12:03:20.366 29864 29864 W LayerDrawable: java.lang.RuntimeException
06-01 12:03:20.366 29864 29864 W LayerDrawable: 	at android.graphics.drawable.LayerDrawable$ChildDrawable.<init>(LayerDrawable.java:1857)
06-01 12:03:20.366 29864 29864 W LayerDrawable: 	at android.graphics.drawable.LayerDrawable$LayerState.<init>(LayerDrawable.java:1977)
06-01 12:03:20.366 29864 29864 W LayerDrawable: 	at android.graphics.drawable.LayerDrawable.createConstantState(LayerDrawable.java:174)
06-01 12:03:20.366 29864 29864 W LayerDrawable: 	at android.graphics.drawable.LayerDrawable.mutate(LayerDrawable.java:1782)
06-01 12:03:20.366 29864 29864 W LayerDrawable: 	at y7.t3.j(r8-map-id-61b0bf19f35549b3cb234c458470ae558921f527c38045390c6bb8e25c65e8b5:83)
06-01 12:03:20.366 29864 29864 W LayerDrawable: 	at helium314.keyboard.latin.panels.MenuPanelView.k(r8-map-id-61b0bf19f35549b3cb234c458470ae558921f527c38045390c6bb8e25c65e8b5:36)
06-01 12:03:20.366 29864 29864 W LayerDrawable: 	at helium314.keyboard.latin.panels.MenuPanelView.r(r8-map-id-61b0bf19f35549b3cb234c458470ae558921f527c38045390c6bb8e25c65e8b5:400)
06-01 12:03:20.366 29864 29864 W LayerDrawable: 	at v7.b.u(r8-map-id-61b0bf19f35549b3cb234c458470ae558921f527c38045390c6bb8e25c65e8b5:199)
06-01 12:03:20.366 29864 29864 W LayerDrawable: 	at helium314.keyboard.latin.LatinIME.l(r8-map-id-61b0bf19f35549b3cb234c458470ae558921f527c38045390c6bb8e25c65e8b5:36)
06-01 12:03:20.366 29864 29864 W LayerDrawable: 	at g7.m.a(r8-map-id-61b0bf19f35549b3cb234c458470ae558921f527c38045390c6bb8e25c65e8b5:266)
06-01 12:03:20.366 29864 29864 W LayerDrawable: 	at helium314.keyboard.latin.suggestions.SuggestionStripView.onClick(r8-map-id-61b0bf19f35549b3cb234c458470ae558921f527c38045390c6bb8e25c65e8b5:45)
