--------- beginning of system
06-02 16:41:50.790 25155 25155 E OplusCustomizeRestrictionManager: sInstance is null, start a new sInstance
--------- beginning of crash
06-02 16:46:56.133 25155 25215 F libc    : Fatal signal 11 (SIGSEGV), code 1 (SEGV_MAPERR), fault addr 0x6a00000050 in tid 25215 (ExecutorUtils), pid 25155 (AndroidUI)
06-02 16:47:01.829  6071  6071 F DEBUG   : Process name is com.vibekey.keyboard, not key_process
06-02 16:47:01.830  6071  6071 F DEBUG   : keyProcess: 0
06-02 16:47:01.830  6071  6071 F DEBUG   : *** *** *** *** *** *** *** *** *** *** *** *** *** *** *** ***
06-02 16:47:01.830  6071  6071 F DEBUG   : Build fingerprint: 'OnePlus/OnePlus7Pro/OnePlus7Pro:12/SKQ1.211113.001/P.202303230244:user/release-keys'
06-02 16:47:01.830  6071  6071 F DEBUG   : Revision: '0'
06-02 16:47:01.830  6071  6071 F DEBUG   : ABI: 'arm64'
06-02 16:47:01.830  6071  6071 F DEBUG   : Timestamp: 2026-06-02 16:46:56.654740649-0400
06-02 16:47:01.830  6071  6071 F DEBUG   : Process uptime: 0s
06-02 16:47:01.830  6071  6071 F DEBUG   : Cmdline: com.vibekey.keyboard
06-02 16:47:01.830  6071  6071 F DEBUG   : pid: 25155, tid: 25215, name: ExecutorUtils  >>> com.vibekey.keyboard <<<
06-02 16:47:01.830  6071  6071 F DEBUG   : uid: 13895
06-02 16:47:01.830  6071  6071 F DEBUG   : signal 11 (SIGSEGV), code 1 (SEGV_MAPERR), fault addr 0x6a00000050
06-02 16:47:01.830  6071  6071 F DEBUG   :     x0  0000000000000000  x1  000000000000627f  x2  000000000000000b  x3  000000767e9e8da0
06-02 16:47:01.830  6071  6071 F DEBUG   :     x4  0000007694d1c400  x5  0000007694d1c400  x6  0000007694d1c400  x7  0000000000000000
06-02 16:47:01.830  6071  6071 F DEBUG   :     x8  00000000000000f0  x9  db746b027190efc7  x10 0000007696b4068c  x11 0000000000000000
06-02 16:47:01.830  6071  6071 F DEBUG   :     x12 00000000ffffffff  x13 0000000000000000  x14 0000000000000000  x15 00000000ebad6a89
06-02 16:47:01.830  6071  6071 F DEBUG   :     x16 000000757ca4b410  x17 00000076790b8f10  x18 0000007527046000  x19 000000000000000b
06-02 16:47:01.830  6071  6071 F DEBUG   :     x20 000000767e9e8da0  x21 0000000000006243  x22 000000767e9e8b90  x23 0000000000000001
06-02 16:47:01.830  6071  6071 F DEBUG   :     x24 000000752bcebd48  x25 0000007527fa7000  x26 0000007694d1d698  x27 0000007694d1c408
06-02 16:47:01.830  6071  6071 F DEBUG   :     x28 0000000000000400  x29 000000767e9e8bb0
06-02 16:47:01.830  6071  6071 F DEBUG   :     lr  0000007576c73da0  sp  000000767e9e8b90  pc  00000076790b8f34  pst 0000000000000000
06-02 16:47:01.830  6071  6071 F DEBUG   : backtrace:
06-02 16:47:01.830  6071  6071 F DEBUG   :       #00 pc 0000000000075f34  /apex/com.android.runtime/lib64/bionic/libc.so (syscall+36) (BuildId: bbbdeb7c87c74f1491f92c6e605095b0)
06-02 16:47:01.830  6071  6071 F DEBUG   :       #01 pc 0000000004062d9c  /data/app/~~0vURfNRJhP5qOxDjXMAdJA==/com.google.android.webview-1jICq8A_gawMkQD3QY60ZA==/base.apk!libwebviewchromium.so (BuildId: 6830cf8493d489d274dd2200dc390799760c2507)
06-02 16:47:01.830  6071  6071 F DEBUG   :       #02 pc 0000000004059518  /data/app/~~0vURfNRJhP5qOxDjXMAdJA==/com.google.android.webview-1jICq8A_gawMkQD3QY60ZA==/base.apk!libwebviewchromium.so (BuildId: 6830cf8493d489d274dd2200dc390799760c2507)
06-02 16:47:01.830  6071  6071 F DEBUG   :       #03 pc 000000000729d1dc  /data/app/~~pLLgrxBd0eLlBzBg_90OzA==/com.vibekey.keyboard-gAg_6Bixln9uErj2rBMuPA==/lib/arm64/libxul.so (BuildId: 4a35ccb91ce54a7d8afe95f435ee2ee2cc640e58)
06-02 16:47:01.830  6071  6071 F DEBUG   :       #04 pc 0000000007721500  /data/app/~~pLLgrxBd0eLlBzBg_90OzA==/com.vibekey.keyboard-gAg_6Bixln9uErj2rBMuPA==/lib/arm64/libxul.so (BuildId: 4a35ccb91ce54a7d8afe95f435ee2ee2cc640e58)
06-02 16:47:01.830  6071  6071 F DEBUG   :       #05 pc 0000000000006f94  /apex/com.android.art/lib64/libsigchain.so (art::SignalChain::Handler(int, siginfo*, void*)+1148) (BuildId: 1d71636c1517ecf3fa421563ba6710f3)
06-02 16:47:01.830  6071  6071 F DEBUG   :       #06 pc 0000000000000638  [vdso] (__kernel_rt_sigreturn+0)
06-02 16:47:01.830  6071  6071 F DEBUG   :       #07 pc 00000000000a3d44  /data/app/~~pLLgrxBd0eLlBzBg_90OzA==/com.vibekey.keyboard-gAg_6Bixln9uErj2rBMuPA==/lib/arm64/libjni_latinime.so (BuildId: 47d7e70704d5e1a09526a0804abab0c0adcebc72)
06-02 16:47:01.830  6071  6071 F DEBUG   :       #08 pc 00000000002c2100  /apex/com.android.art/lib64/libart.so (art_quick_generic_jni_trampoline+144) (BuildId: 7087b2f2160bfbf3335d54ba9779e325)
06-02 16:47:01.830  6071  6071 F DEBUG   :       #09 pc 0000000000668b6c  /apex/com.android.art/lib64/libart.so (nterp_helper+1948) (BuildId: 7087b2f2160bfbf3335d54ba9779e325)
06-02 16:47:01.830  6071  6071 F DEBUG   :       #10 pc 000000000022f6a4  /data/app/~~pLLgrxBd0eLlBzBg_90OzA==/com.vibekey.keyboard-gAg_6Bixln9uErj2rBMuPA==/oat/arm64/base.vdex (com.android.inputmethod.latin.DicTraverseSession.a+16)
06-02 16:47:01.830  6071  6071 F DEBUG   :       #11 pc 0000000000669324  /apex/com.android.art/lib64/libart.so (nterp_helper+3924) (BuildId: 7087b2f2160bfbf3335d54ba9779e325)
06-02 16:47:01.830  6071  6071 F DEBUG   :       #12 pc 000000000022f240  /data/app/~~pLLgrxBd0eLlBzBg_90OzA==/com.vibekey.keyboard-gAg_6Bixln9uErj2rBMuPA==/oat/arm64/base.vdex (com.android.inputmethod.latin.BinaryDictionary.a+44)
06-02 16:47:01.830  6071  6071 F DEBUG   :       #13 pc 0000000000669324  /apex/com.android.art/lib64/libart.so (nterp_helper+3924) (BuildId: 7087b2f2160bfbf3335d54ba9779e325)
06-02 16:47:01.830  6071  6071 F DEBUG   :       #14 pc 000000000022f36c  /data/app/~~pLLgrxBd0eLlBzBg_90OzA==/com.vibekey.keyboard-gAg_6Bixln9uErj2rBMuPA==/oat/arm64/base.vdex (com.android.inputmethod.latin.BinaryDictionary.l+44)
06-02 16:47:01.830  6071  6071 F DEBUG   :       #15 pc 0000000000669324  /apex/com.android.art/lib64/libart.so (nterp_helper+3924) (BuildId: 7087b2f2160bfbf3335d54ba9779e325)
06-02 16:47:01.831  6071  6071 F DEBUG   :       #16 pc 0000000000aa5d72  /data/app/~~pLLgrxBd0eLlBzBg_90OzA==/com.vibekey.keyboard-gAg_6Bixln9uErj2rBMuPA==/oat/arm64/base.vdex (t7.h.run+238)
06-02 16:47:01.831  6071  6071 F DEBUG   :       #17 pc 000000000066a144  /apex/com.android.art/lib64/libart.so (nterp_helper+7540) (BuildId: 7087b2f2160bfbf3335d54ba9779e325)
06-02 16:47:01.831  6071  6071 F DEBUG   :       #18 pc 00000000004c605a  /data/app/~~pLLgrxBd0eLlBzBg_90OzA==/com.vibekey.keyboard-gAg_6Bixln9uErj2rBMuPA==/oat/arm64/base.vdex (com.google.firebase.appcheck.internal.a.run+1030)
06-02 16:47:01.831  6071  6071 F DEBUG   :       #19 pc 00000000022d2950  /memfd:jit-zygote-cache (deleted)
06-02 16:47:04.751  6195  6195 E OplusCustomizeRestrictionManager: sInstance is null, start a new sInstance
06-02 16:47:06.610  6195  6454 F libc    : Fatal signal 7 (SIGBUS), code 2 (BUS_ADRERR), fault addr 0x76652819b9 in tid 6454 (DefaultDispatch), pid 6195 (AndroidUI)
06-02 16:47:07.828  6466  6466 F DEBUG   : Process name is com.vibekey.keyboard, not key_process
06-02 16:47:07.828  6466  6466 F DEBUG   : keyProcess: 0
06-02 16:47:07.828  6466  6466 F DEBUG   : *** *** *** *** *** *** *** *** *** *** *** *** *** *** *** ***
06-02 16:47:07.828  6466  6466 F DEBUG   : Build fingerprint: 'OnePlus/OnePlus7Pro/OnePlus7Pro:12/SKQ1.211113.001/P.202303230244:user/release-keys'
06-02 16:47:07.828  6466  6466 F DEBUG   : Revision: '0'
06-02 16:47:07.828  6466  6466 F DEBUG   : ABI: 'arm64'
06-02 16:47:07.828  6466  6466 F DEBUG   : Timestamp: 2026-06-02 16:47:06.866047884-0400
06-02 16:47:07.828  6466  6466 F DEBUG   : Process uptime: 0s
06-02 16:47:07.828  6466  6466 F DEBUG   : Cmdline: com.vibekey.keyboard
06-02 16:47:07.828  6466  6466 F DEBUG   : pid: 6195, tid: 6454, name: DefaultDispatch  >>> com.vibekey.keyboard <<<
06-02 16:47:07.828  6466  6466 F DEBUG   : uid: 13895
06-02 16:47:07.828  6466  6466 F DEBUG   : signal 7 (SIGBUS), code 2 (BUS_ADRERR), fault addr 0x76652819b9
06-02 16:47:07.828  6466  6466 F DEBUG   :     x0  0000000000000000  x1  0000000000001936  x2  0000000000000007  x3  0000007665203da0
06-02 16:47:07.828  6466  6466 F DEBUG   :     x4  0000000000000000  x5  0000000000000000  x6  0000000000000000  x7  0000000000000000
06-02 16:47:07.828  6466  6466 F DEBUG   :     x8  00000000000000f0  x9  db746b027190efc7  x10 0000000000004001  x11 0000000000000000
06-02 16:47:07.828  6466  6466 F DEBUG   :     x12 00000000ffffffff  x13 0000000000000000  x14 b4000074189b6f48  x15 00000000358637bd
06-02 16:47:07.828  6466  6466 F DEBUG   :     x16 000000757ca4b410  x17 00000076790b8f10  x18 000000740c4b4000  x19 0000000000000007
06-02 16:47:07.828  6466  6466 F DEBUG   :     x20 0000007665203da0  x21 0000000000001833  x22 0000007665203d00  x23 0000000000000001
06-02 16:47:07.828  6466  6466 F DEBUG   :     x24 b4000074182c3d00  x25 b4000075cacd0a10  x26 0000000000074680  x27 b4000074182bebc0
06-02 16:47:07.828  6466  6466 F DEBUG   :     x28 0000000000000000  x29 0000007665203d20
06-02 16:47:07.828  6466  6466 F DEBUG   :     lr  0000007576c73da0  sp  0000007665203d00  pc  00000076790b8f34  pst 0000000000000000
06-02 16:47:07.828  6466  6466 F DEBUG   : backtrace:
06-02 16:47:07.828  6466  6466 F DEBUG   :       #00 pc 0000000000075f34  /apex/com.android.runtime/lib64/bionic/libc.so (syscall+36) (BuildId: bbbdeb7c87c74f1491f92c6e605095b0)
06-02 16:47:07.828  6466  6466 F DEBUG   :       #01 pc 0000000004062d9c  /data/app/~~0vURfNRJhP5qOxDjXMAdJA==/com.google.android.webview-1jICq8A_gawMkQD3QY60ZA==/base.apk!libwebviewchromium.so (BuildId: 6830cf8493d489d274dd2200dc390799760c2507)
06-02 16:47:07.828  6466  6466 F DEBUG   :       #02 pc 0000000004059518  /data/app/~~0vURfNRJhP5qOxDjXMAdJA==/com.google.android.webview-1jICq8A_gawMkQD3QY60ZA==/base.apk!libwebviewchromium.so (BuildId: 6830cf8493d489d274dd2200dc390799760c2507)
06-02 16:47:07.828  6466  6466 F DEBUG   :       #03 pc 0000000000000638  [vdso] (__kernel_rt_sigreturn+0)
06-02 16:47:07.828  6466  6466 F DEBUG   :       #04 pc 00000000000b62e0  /data/app/~~pLLgrxBd0eLlBzBg_90OzA==/com.vibekey.keyboard-gAg_6Bixln9uErj2rBMuPA==/lib/arm64/libjni_latinime.so (latinime::PatriciaTrieReadingUtils::getPtNodeArraySizeAndAdvancePosition(unsigned char const*, int, int*)+44) (BuildId: 47d7e70704d5e1a09526a0804abab0c0adcebc72)
06-02 16:47:07.828  6466  6466 F DEBUG   :       #05 pc 00000000000b6c18  /data/app/~~pLLgrxBd0eLlBzBg_90OzA==/com.vibekey.keyboard-gAg_6Bixln9uErj2rBMuPA==/lib/arm64/libjni_latinime.so (latinime::PatriciaTriePolicy::createAndGetAllChildDicNodes(latinime::DicNode const*, latinime::DicNodeVector*) const+112) (BuildId: 47d7e70704d5e1a09526a0804abab0c0adcebc72)
06-02 16:47:07.828  6466  6466 F DEBUG   :       #06 pc 00000000000d5978  /data/app/~~pLLgrxBd0eLlBzBg_90OzA==/com.vibekey.keyboard-gAg_6Bixln9uErj2rBMuPA==/lib/arm64/libjni_latinime.so (latinime::Suggest::processDicNodeAsOmission(latinime::DicTraverseSession*, latinime::DicNode*) const+84) (BuildId: 47d7e70704d5e1a09526a0804abab0c0adcebc72)
06-02 16:47:07.828  6466  6466 F DEBUG   :       #07 pc 00000000000d4a74  /data/app/~~pLLgrxBd0eLlBzBg_90OzA==/com.vibekey.keyboard-gAg_6Bixln9uErj2rBMuPA==/lib/arm64/libjni_latinime.so (latinime::Suggest::expandCurrentDicNodes(latinime::DicTraverseSession*) const+1732) (BuildId: 47d7e70704d5e1a09526a0804abab0c0adcebc72)
06-02 16:47:07.828  6466  6466 F DEBUG   :       #08 pc 00000000000d3bf8  /data/app/~~pLLgrxBd0eLlBzBg_90OzA==/com.vibekey.keyboard-gAg_6Bixln9uErj2rBMuPA==/lib/arm64/libjni_latinime.so (latinime::Suggest::getSuggestions(latinime::ProximityInfo*, void*, int*, int*, int*, int*, int*, int, float, latinime::SuggestionResults*) const+504) (BuildId: 47d7e70704d5e1a09526a0804abab0c0adcebc72)
06-02 16:47:07.828  6466  6466 F DEBUG   :       #09 pc 000000000009fd88  /data/app/~~pLLgrxBd0eLlBzBg_90OzA==/com.vibekey.keyboard-gAg_6Bixln9uErj2rBMuPA==/lib/arm64/libjni_latinime.so (BuildId: 47d7e70704d5e1a09526a0804abab0c0adcebc72)
06-02 16:47:07.828  6466  6466 F DEBUG   :       #10 pc 00000000002c2100  /apex/com.android.art/lib64/libart.so (art_quick_generic_jni_trampoline+144) (BuildId: 7087b2f2160bfbf3335d54ba9779e325)
06-02 16:47:07.828  6466  6466 F DEBUG   :       #11 pc 00000000006692dc  /apex/com.android.art/lib64/libart.so (nterp_helper+3852) (BuildId: 7087b2f2160bfbf3335d54ba9779e325)
06-02 16:47:07.828  6466  6466 F DEBUG   :       #12 pc 000000000022efea  /data/app/~~pLLgrxBd0eLlBzBg_90OzA==/com.vibekey.keyboard-gAg_6Bixln9uErj2rBMuPA==/oat/arm64/base.vdex (com.android.inputmethod.latin.BinaryDictionary.q+546)
06-02 16:47:07.828  6466  6466 F DEBUG   :       #13 pc 0000000000669a28  /apex/com.android.art/lib64/libart.so (nterp_helper+5720) (BuildId: 7087b2f2160bfbf3335d54ba9779e325)
06-02 16:47:07.828  6466  6466 F DEBUG   :       #14 pc 000000000022ed82  /data/app/~~pLLgrxBd0eLlBzBg_90OzA==/com.vibekey.keyboard-gAg_6Bixln9uErj2rBMuPA==/oat/arm64/base.vdex (com.android.inputmethod.latin.BinaryDictionary.d+2)
06-02 16:47:07.828  6466  6466 F DEBUG   :       #15 pc 0000000000669a28  /apex/com.android.art/lib64/libart.so (nterp_helper+5720) (BuildId: 7087b2f2160bfbf3335d54ba9779e325)
06-02 16:47:07.828  6466  6466 F DEBUG   :       #16 pc 0000000000aa679e  /data/app/~~pLLgrxBd0eLlBzBg_90OzA==/com.vibekey.keyboard-gAg_6Bixln9uErj2rBMuPA==/oat/arm64/base.vdex (t7.l.d+50)
06-02 16:47:07.828  6466  6466 F DEBUG   :       #17 pc 0000000000669a28  /apex/com.android.art/lib64/libart.so (nterp_helper+5720) (BuildId: 7087b2f2160bfbf3335d54ba9779e325)
06-02 16:47:07.828  6466  6466 F DEBUG   :       #18 pc 0000000000aa57ae  /data/app/~~pLLgrxBd0eLlBzBg_90OzA==/com.vibekey.keyboard-gAg_6Bixln9uErj2rBMuPA==/oat/arm64/base.vdex (t7.e.d+150)
06-02 16:47:07.828  6466  6466 F DEBUG   :       #19 pc 0000000000669a28  /apex/com.android.art/lib64/libart.so (nterp_helper+5720) (BuildId: 7087b2f2160bfbf3335d54ba9779e325)
06-02 16:47:07.828  6466  6466 F DEBUG   :       #20 pc 000000000058000c  /data/app/~~pLLgrxBd0eLlBzBg_90OzA==/com.vibekey.keyboard-gAg_6Bixln9uErj2rBMuPA==/oat/arm64/base.vdex (n7.p.h+216)
06-02 16:47:07.828  6466  6466 F DEBUG   :       #21 pc 0000000000669a28  /apex/com.android.art/lib64/libart.so (nterp_helper+5720) (BuildId: 7087b2f2160bfbf3335d54ba9779e325)
06-02 16:47:07.828  6466  6466 F DEBUG   :       #22 pc 000000000057f816  /data/app/~~pLLgrxBd0eLlBzBg_90OzA==/com.vibekey.keyboard-gAg_6Bixln9uErj2rBMuPA==/oat/arm64/base.vdex (n7.o.invokeSuspend+74)
06-02 16:47:07.828  6466  6466 F DEBUG   :       #23 pc 0000000000669324  /apex/com.android.art/lib64/libart.so (nterp_helper+3924) (BuildId: 7087b2f2160bfbf3335d54ba9779e325)
06-02 16:47:07.828  6466  6466 F DEBUG   :       #24 pc 0000000000aa6cf4  /data/app/~~pLLgrxBd0eLlBzBg_90OzA==/com.vibekey.keyboard-gAg_6Bixln9uErj2rBMuPA==/oat/arm64/base.vdex (t8.a.resumeWith+16)
06-02 16:47:07.828  6466  6466 F DEBUG   :       #25 pc 000000000066a144  /apex/com.android.art/lib64/libart.so (nterp_helper+7540) (BuildId: 7087b2f2160bfbf3335d54ba9779e325)
06-02 16:47:07.828  6466  6466 F DEBUG   :       #26 pc 0000000000a13bcc  /data/app/~~pLLgrxBd0eLlBzBg_90OzA==/com.vibekey.keyboard-gAg_6Bixln9uErj2rBMuPA==/oat/arm64/base.vdex (m9.h0.run+228)
06-02 16:47:07.828  6466  6466 F DEBUG   :       #27 pc 000000000066a144  /apex/com.android.art/lib64/libart.so (nterp_helper+7540) (BuildId: 7087b2f2160bfbf3335d54ba9779e325)
06-02 16:47:07.828  6466  6466 F DEBUG   :       #28 pc 0000000000aa77aa  /data/app/~~pLLgrxBd0eLlBzBg_90OzA==/com.vibekey.keyboard-gAg_6Bixln9uErj2rBMuPA==/oat/arm64/base.vdex (t9.a.run+234)
06-02 16:47:07.828  6466  6466 F DEBUG   :       #29 pc 00000000002aad94  /apex/com.android.art/lib64/libart.so (art_quick_invoke_stub+612) (BuildId: 7087b2f2160bfbf3335d54ba9779e325)
06-02 16:47:07.828  6466  6466 F DEBUG   :       #30 pc 00000000002707ac  /apex/com.android.art/lib64/libart.so (art::ArtMethod::Invoke(art::Thread*, unsigned int*, unsigned int, art::JValue*, char const*)+220) (BuildId: 7087b2f2160bfbf3335d54ba9779e325)
06-02 16:47:07.828  6466  6466 F DEBUG   :       #31 pc 00000000004bdc28  /apex/com.android.art/lib64/libart.so (art::Thread::CreateCallback(void*)+1184) (BuildId: 7087b2f2160bfbf3335d54ba9779e325)
06-02 16:47:07.828  6466  6466 F DEBUG   :       #32 pc 00000000000deb44  /apex/com.android.runtime/lib64/bionic/libc.so (__pthread_start(void*)+264) (BuildId: bbbdeb7c87c74f1491f92c6e605095b0)
06-02 16:47:07.828  6466  6466 F DEBUG   :       #33 pc 000000000007b2fc  /apex/com.android.runtime/lib64/bionic/libc.so (__start_thread+68) (BuildId: bbbdeb7c87c74f1491f92c6e605095b0)
06-02 16:47:10.201  6484  6484 E OplusCustomizeRestrictionManager: sInstance is null, start a new sInstance
06-02 16:47:43.899  6484  7299 E ActivityThread: Failed to find provider info for com.oplus.statistics.provider
06-02 16:47:43.900  6484  7299 E OplusStatistics--: IllegalArgumentException:java.lang.IllegalArgumentException: Unknown URL content://com.oplus.statistics.provider/track_event
06-02 16:47:56.116  6484  7299 E ActivityThread: Failed to find provider info for com.oplus.statistics.provider
06-02 16:47:56.116  6484  7299 E OplusStatistics--: IllegalArgumentException:java.lang.IllegalArgumentException: Unknown URL content://com.oplus.statistics.provider/track_event
06-02 16:49:32.937  6484  7299 E ActivityThread: Failed to find provider info for com.oplus.statistics.provider
06-02 16:49:32.938  6484  7299 E OplusStatistics--: IllegalArgumentException:java.lang.IllegalArgumentException: Unknown URL content://com.oplus.statistics.provider/track_event
06-02 16:50:07.387  6484  7299 E ActivityThread: Failed to find provider info for com.oplus.statistics.provider
06-02 16:50:07.387  6484  7299 E OplusStatistics--: IllegalArgumentException:java.lang.IllegalArgumentException: Unknown URL content://com.oplus.statistics.provider/track_event
--------- beginning of main
06-02 16:50:44.789  6484  6484 W View    : requestLayout() improperly called by helium314.keyboard.latin.panels.BrowserPanelView{c0bc499 V.E...... ........ 0,0-1440,2040} during second layout pass: posting in next frame
06-02 16:50:44.801  6484  6484 W View    : requestLayout() improperly called by helium314.keyboard.latin.panels.BrowserPanelView{c0bc499 V.E...... ......I. 0,0-1440,2040} during layout: running second layout pass
06-02 16:50:44.804  6484  6484 W View    : requestLayout() improperly called by helium314.keyboard.latin.panels.BrowserPanelView{c0bc499 V.E...... ........ 0,0-1440,2040} during second layout pass: posting in next frame
06-02 16:50:44.819  6484  6484 W View    : requestLayout() improperly called by helium314.keyboard.latin.panels.BrowserPanelView{c0bc499 V.E...... ......I. 0,0-1440,2040} during layout: running second layout pass
06-02 16:50:44.822  6484  6484 W View    : requestLayout() improperly called by helium314.keyboard.latin.panels.BrowserPanelView{c0bc499 V.E...... ........ 0,0-1440,2040} during second layout pass: posting in next frame
06-02 16:50:44.835  6484  6484 W View    : requestLayout() improperly called by helium314.keyboard.latin.panels.BrowserPanelView{c0bc499 V.E...... ......I. 0,0-1440,2040} during layout: running second layout pass
06-02 16:50:44.838  6484  6484 W View    : requestLayout() improperly called by helium314.keyboard.latin.panels.BrowserPanelView{c0bc499 V.E...... ........ 0,0-1440,2040} during second layout pass: posting in next frame
06-02 16:50:44.852  6484  6484 W View    : requestLayout() improperly called by helium314.keyboard.latin.panels.BrowserPanelView{c0bc499 V.E...... ......I. 0,0-1440,2040} during layout: running second layout pass
06-02 16:50:44.855  6484  6484 W View    : requestLayout() improperly called by helium314.keyboard.latin.panels.BrowserPanelView{c0bc499 V.E...... ........ 0,0-1440,2040} during second layout pass: posting in next frame
06-02 16:50:44.868  6484  6484 W View    : requestLayout() improperly called by helium314.keyboard.latin.panels.BrowserPanelView{c0bc499 V.E...... ......I. 0,0-1440,2040} during layout: running second layout pass
06-02 16:50:44.871  6484  6484 W View    : requestLayout() improperly called by helium314.keyboard.latin.panels.BrowserPanelView{c0bc499 V.E...... ........ 0,0-1440,2040} during second layout pass: posting in next frame
06-02 16:50:44.866  6484  6484 W com.vibekey.keyboard: type=1400 audit(0.0:60748): avc: denied { nlmsg_readpriv } for comm=536F636B657420546872656164 scontext=u:r:untrusted_app:s0:c55,c271,c512,c768 tcontext=u:r:untrusted_app:s0:c55,c271,c512,c768 tclass=netlink_route_socket permissive=0 bug=b/155595000 app=com.vibekey.keyboard
06-02 16:50:44.885  6484  6484 W View    : requestLayout() improperly called by helium314.keyboard.latin.panels.BrowserPanelView{c0bc499 V.E...... ......I. 0,0-1440,2040} during layout: running second layout pass
06-02 16:50:44.889  6484  6484 W View    : requestLayout() improperly called by helium314.keyboard.latin.panels.BrowserPanelView{c0bc499 V.E...... ........ 0,0-1440,2040} during second layout pass: posting in next frame
06-02 16:50:44.902  6484  6484 W View    : requestLayout() improperly called by helium314.keyboard.latin.panels.BrowserPanelView{c0bc499 V.E...... ......I. 0,0-1440,2040} during layout: running second layout pass
06-02 16:50:44.906  6484  6484 W View    : requestLayout() improperly called by helium314.keyboard.latin.panels.BrowserPanelView{c0bc499 V.E...... ........ 0,0-1440,2040} during second layout pass: posting in next frame
06-02 16:50:44.918  6484  6484 W View    : requestLayout() improperly called by helium314.keyboard.latin.panels.BrowserPanelView{c0bc499 V.E...... ......I. 0,0-1440,2040} during layout: running second layout pass
06-02 16:50:44.922  6484  6484 W View    : requestLayout() improperly called by helium314.keyboard.latin.panels.BrowserPanelView{c0bc499 V.E...... ........ 0,0-1440,2040} during second layout pass: posting in next frame
06-02 16:50:44.936  6484  6484 W View    : requestLayout() improperly called by helium314.keyboard.latin.panels.BrowserPanelView{c0bc499 V.E...... ......I. 0,0-1440,2040} during layout: running second layout pass
06-02 16:50:44.939  6484  6484 W View    : requestLayout() improperly called by helium314.keyboard.latin.panels.BrowserPanelView{c0bc499 V.E...... ........ 0,0-1440,2040} during second layout pass: posting in next frame
06-02 16:50:44.952  6484  6484 W View    : requestLayout() improperly called by helium314.keyboard.latin.panels.BrowserPanelView{c0bc499 V.E...... ......I. 0,0-1440,2040} during layout: running second layout pass
06-02 16:50:44.956  6484  6484 W View    : requestLayout() improperly called by helium314.keyboard.latin.panels.BrowserPanelView{c0bc499 V.E...... ........ 0,0-1440,2040} during second layout pass: posting in next frame
06-02 16:50:44.968  6484  6484 W View    : requestLayout() improperly called by helium314.keyboard.latin.panels.BrowserPanelView{c0bc499 V.E...... ......I. 0,0-1440,2040} during layout: running second layout pass
06-02 16:50:44.969 10124 10150 W Isolated Web Content: [JavaScript Warning: "Content-Security-Policy: Ignoring “'unsafe-inline'” within script-src: ‘strict-dynamic’ specified" {file: "https://www.google.com/recaptcha/enterprise/anchor?ar=1&k=6LciB_gZAAAAAA_mwJ4G0XZ0BXWvLTt67V7YizXx&co=aHR0cHM6Ly9jZG4ucmVnaXN0ZXJkaXNuZXkuZ28uY29tOjQ0Mw..&hl=en&v=hsFBb1u5wWWWkWP4in1ua2cQ&size=invisible&anchor-ms=20000&execute-ms=30000&cb=jq2vdqt6ebwt" line: 0}]
06-02 16:50:44.969 10124 10150 W Isolated Web Content: [JavaScript Warning: "Content-Security-Policy: Ignoring “https:” within script-src: ‘strict-dynamic’ specified" {file: "https://www.google.com/recaptcha/enterprise/anchor?ar=1&k=6LciB_gZAAAAAA_mwJ4G0XZ0BXWvLTt67V7YizXx&co=aHR0cHM6Ly9jZG4ucmVnaXN0ZXJkaXNuZXkuZ28uY29tOjQ0Mw..&hl=en&v=hsFBb1u5wWWWkWP4in1ua2cQ&size=invisible&anchor-ms=20000&execute-ms=30000&cb=jq2vdqt6ebwt" line: 0}]
06-02 16:50:44.969 10124 10150 W Isolated Web Content: [JavaScript Warning: "Content-Security-Policy: Ignoring “http:” within script-src: ‘strict-dynamic’ specified" {file: "https://www.google.com/recaptcha/enterprise/anchor?ar=1&k=6LciB_gZAAAAAA_mwJ4G0XZ0BXWvLTt67V7YizXx&co=aHR0cHM6Ly9jZG4ucmVnaXN0ZXJkaXNuZXkuZ28uY29tOjQ0Mw..&hl=en&v=hsFBb1u5wWWWkWP4in1ua2cQ&size=invisible&anchor-ms=20000&execute-ms=30000&cb=jq2vdqt6ebwt" line: 0}]
06-02 16:50:44.969 10124 10150 W Isolated Web Content: [JavaScript Warning: "Content-Security-Policy: Ignoring “'unsafe-inline'” within script-src: nonce-source or hash-source specified" {file: "https://www.google.com/recaptcha/enterprise/anchor?ar=1&k=6LciB_gZAAAAAA_mwJ4G0XZ0BXWvLTt67V7YizXx&co=aHR0cHM6Ly9jZG4ucmVnaXN0ZXJkaXNuZXkuZ28uY29tOjQ0Mw..&hl=en&v=hsFBb1u5wWWWkWP4in1ua2cQ&size=invisible&anchor-ms=20000&execute-ms=30000&cb=jq2vdqt6ebwt" line: 0}]
06-02 16:50:44.971  6484  6484 W View    : requestLayout() improperly called by helium314.keyboard.latin.panels.BrowserPanelView{c0bc499 V.E...... ........ 0,0-1440,2040} during second layout pass: posting in next frame
06-02 16:50:44.986  6484  6484 W View    : requestLayout() improperly called by helium314.keyboard.latin.panels.BrowserPanelView{c0bc499 V.E...... ......I. 0,0-1440,2040} during layout: running second layout pass
06-02 16:50:44.989  6484  6484 W View    : requestLayout() improperly called by helium314.keyboard.latin.panels.BrowserPanelView{c0bc499 V.E...... ........ 0,0-1440,2040} during second layout pass: posting in next frame
06-02 16:50:45.003  6484  6484 W View    : requestLayout() improperly called by helium314.keyboard.latin.panels.BrowserPanelView{c0bc499 V.E...... ......I. 0,0-1440,2040} during layout: running second layout pass
06-02 16:50:45.006  6484  6484 W View    : requestLayout() improperly called by helium314.keyboard.latin.panels.BrowserPanelView{c0bc499 V.E...... ........ 0,0-1440,2040} during second layout pass: posting in next frame
06-02 16:50:45.019  6484  6484 W View    : requestLayout() improperly called by helium314.keyboard.latin.panels.BrowserPanelView{c0bc499 V.E...... ......I. 0,0-1440,2040} during layout: running second layout pass
06-02 16:50:45.022  6484  6484 W View    : requestLayout() improperly called by helium314.keyboard.latin.panels.BrowserPanelView{c0bc499 V.E...... ........ 0,0-1440,2040} during second layout pass: posting in next frame
06-02 16:50:45.035  6484  6484 W View    : requestLayout() improperly called by helium314.keyboard.latin.panels.BrowserPanelView{c0bc499 V.E...... ......I. 0,0-1440,2040} during layout: running second layout pass
06-02 16:50:45.039  6484  6484 W View    : requestLayout() improperly called by helium314.keyboard.latin.panels.BrowserPanelView{c0bc499 V.E...... ........ 0,0-1440,2040} during second layout pass: posting in next frame
06-02 16:50:45.054  6484  6484 W View    : requestLayout() improperly called by helium314.keyboard.latin.panels.BrowserPanelView{c0bc499 V.E...... ......I. 0,0-1440,2040} during layout: running second layout pass
06-02 16:50:45.057  6484  6484 W View    : requestLayout() improperly called by helium314.keyboard.latin.panels.BrowserPanelView{c0bc499 V.E...... ........ 0,0-1440,2040} during second layout pass: posting in next frame
06-02 16:50:45.070  6484  6484 W View    : requestLayout() improperly called by helium314.keyboard.latin.panels.BrowserPanelView{c0bc499 V.E...... ......I. 0,0-1440,2040} during layout: running second layout pass
06-02 16:50:45.073  6484  6484 W View    : requestLayout() improperly called by helium314.keyboard.latin.panels.BrowserPanelView{c0bc499 V.E...... ........ 0,0-1440,2040} during second layout pass: posting in next frame
06-02 16:50:45.086  6484  6484 W View    : requestLayout() improperly called by helium314.keyboard.latin.panels.BrowserPanelView{c0bc499 V.E...... ......I. 0,0-1440,2040} during layout: running second layout pass
06-02 16:50:45.089  6484  6484 W View    : requestLayout() improperly called by helium314.keyboard.latin.panels.BrowserPanelView{c0bc499 V.E...... ........ 0,0-1440,2040} during second layout pass: posting in next frame
06-02 16:50:45.102  6484  6484 W View    : requestLayout() improperly called by helium314.keyboard.latin.panels.BrowserPanelView{c0bc499 V.E...... ......I. 0,0-1440,2040} during layout: running second layout pass
06-02 16:50:45.105  6484  6484 W View    : requestLayout() improperly called by helium314.keyboard.latin.panels.BrowserPanelView{c0bc499 V.E...... ........ 0,0-1440,2040} during second layout pass: posting in next frame
06-02 16:50:45.119  6484  6484 W View    : requestLayout() improperly called by helium314.keyboard.latin.panels.BrowserPanelView{c0bc499 V.E...... ......I. 0,0-1440,2040} during layout: running second layout pass
06-02 16:50:45.122  6484  6484 W View    : requestLayout() improperly called by helium314.keyboard.latin.panels.BrowserPanelView{c0bc499 V.E...... ........ 0,0-1440,2040} during second layout pass: posting in next frame
06-02 16:50:45.135  6484  6484 W View    : requestLayout() improperly called by helium314.keyboard.latin.panels.BrowserPanelView{c0bc499 V.E...... ......I. 0,0-1440,2040} during layout: running second layout pass
06-02 16:50:45.139  6484  6484 W View    : requestLayout() improperly called by helium314.keyboard.latin.panels.BrowserPanelView{c0bc499 V.E...... ........ 0,0-1440,2040} during second layout pass: posting in next frame
06-02 16:50:45.146 10124 10150 W Isolated Web Content: [JavaScript Warning: "Ignoring unsupported entryTypes: longtask." {file: "https://www.gstatic.com/recaptcha/releases/hsFBb1u5wWWWkWP4in1ua2cQ/recaptcha__en.js" line: 727}]
06-02 16:50:45.154  6484  6484 W View    : requestLayout() improperly called by helium314.keyboard.latin.panels.BrowserPanelView{c0bc499 V.E...... ......I. 0,0-1440,2040} during layout: running second layout pass
06-02 16:50:45.158  6484  6484 W View    : requestLayout() improperly called by helium314.keyboard.latin.panels.BrowserPanelView{c0bc499 V.E...... ........ 0,0-1440,2040} during second layout pass: posting in next frame
06-02 16:50:45.169  6484  6484 W View    : requestLayout() improperly called by helium314.keyboard.latin.panels.BrowserPanelView{c0bc499 V.E...... ......I. 0,0-1440,2040} during layout: running second layout pass
06-02 16:50:45.172  6484  6484 W View    : requestLayout() improperly called by helium314.keyboard.latin.panels.BrowserPanelView{c0bc499 V.E...... ........ 0,0-1440,2040} during second layout pass: posting in next frame
06-02 16:50:45.185  6484  6484 W View    : requestLayout() improperly called by helium314.keyboard.latin.panels.BrowserPanelView{c0bc499 V.E...... ......I. 0,0-1440,2040} during layout: running second layout pass
06-02 16:50:45.188  6484  6484 W View    : requestLayout() improperly called by helium314.keyboard.latin.panels.BrowserPanelView{c0bc499 V.E...... ........ 0,0-1440,2040} during second layout pass: posting in next frame
06-02 16:50:45.202  6484  6484 W View    : requestLayout() improperly called by helium314.keyboard.latin.panels.BrowserPanelView{c0bc499 V.E...... ......I. 0,0-1440,2040} during layout: running second layout pass
06-02 16:50:45.207  6484  6484 W View    : requestLayout() improperly called by helium314.keyboard.latin.panels.BrowserPanelView{c0bc499 V.E...... ........ 0,0-1440,2040} during second layout pass: posting in next frame
06-02 16:50:45.219  6484  6484 W View    : requestLayout() improperly called by helium314.keyboard.latin.panels.BrowserPanelView{c0bc499 V.E...... ......I. 0,0-1440,2040} during layout: running second layout pass
06-02 16:50:45.222  6484  6484 W View    : requestLayout() improperly called by helium314.keyboard.latin.panels.BrowserPanelView{c0bc499 V.E...... ........ 0,0-1440,2040} during second layout pass: posting in next frame
06-02 16:50:45.223 10262 10262 E .keyboard:tab3: Unknown bits set in runtime_flags: 0x40000000
06-02 16:50:45.236  6484  6484 W View    : requestLayout() improperly called by helium314.keyboard.latin.panels.BrowserPanelView{c0bc499 V.E...... ......I. 0,0-1440,2040} during layout: running second layout pass
06-02 16:50:45.239  6484  6484 W View    : requestLayout() improperly called by helium314.keyboard.latin.panels.BrowserPanelView{c0bc499 V.E...... ........ 0,0-1440,2040} during second layout pass: posting in next frame
06-02 16:50:45.264  6484  6484 W View    : requestLayout() improperly called by helium314.keyboard.latin.panels.BrowserPanelView{c0bc499 V.E...... ......I. 0,0-1440,2040} during layout: running second layout pass
06-02 16:50:45.267  6484  6484 W View    : requestLayout() improperly called by helium314.keyboard.latin.panels.BrowserPanelView{c0bc499 V.E...... .......D 0,0-1440,2040} during second layout pass: posting in next frame
06-02 16:50:45.270  6484  6484 W View    : requestLayout() improperly called by helium314.keyboard.latin.panels.BrowserPanelView{c0bc499 V.E...... ......ID 0,0-1440,2040} during layout: running second layout pass
06-02 16:50:45.277  6484  6484 W View    : requestLayout() improperly called by helium314.keyboard.latin.panels.BrowserPanelView{c0bc499 V.E...... ........ 0,0-1440,2040} during second layout pass: posting in next frame
06-02 16:50:45.288  6484  6484 W View    : requestLayout() improperly called by helium314.keyboard.latin.panels.BrowserPanelView{c0bc499 V.E...... ......I. 0,0-1440,2040} during layout: running second layout pass
06-02 16:50:45.291  6484  6484 W View    : requestLayout() improperly called by helium314.keyboard.latin.panels.BrowserPanelView{c0bc499 V.E...... ........ 0,0-1440,2040} during second layout pass: posting in next frame
06-02 16:50:45.302  6484  6484 W View    : requestLayout() improperly called by helium314.keyboard.latin.panels.BrowserPanelView{c0bc499 V.E...... ......I. 0,0-1440,2040} during layout: running second layout pass
06-02 16:50:45.306  6484  6484 W View    : requestLayout() improperly called by helium314.keyboard.latin.panels.BrowserPanelView{c0bc499 V.E...... ........ 0,0-1440,2040} during second layout pass: posting in next frame
06-02 16:50:45.319  6484  6484 W View    : requestLayout() improperly called by helium314.keyboard.latin.panels.BrowserPanelView{c0bc499 V.E...... ......I. 0,0-1440,2040} during layout: running second layout pass
06-02 16:50:45.322  6484  6484 W View    : requestLayout() improperly called by helium314.keyboard.latin.panels.BrowserPanelView{c0bc499 V.E...... ........ 0,0-1440,2040} during second layout pass: posting in next frame
06-02 16:50:45.325 10262 10289 E GeckoLibLoad: Load sqlite start
06-02 16:50:45.326 10262 10289 E GeckoLibLoad: Load sqlite done
06-02 16:50:45.326 10262 10289 E GeckoLibLoad: Load nss start
06-02 16:50:45.326 10262 10289 E GeckoLibLoad: Load nss done
06-02 16:50:45.335 10262 10289 E GeckoLibLoad: Loaded libs in 8.888281ms total, 0ms(0ms) user, 9ms(8ms) system, 0(0) faults
06-02 16:50:45.336 10262 10289 W GeckoThread: zerdatime 110288197 - runGecko
06-02 16:50:45.338  6484  6484 W View    : requestLayout() improperly called by helium314.keyboard.latin.panels.BrowserPanelView{c0bc499 V.E...... ......I. 0,0-1440,2040} during layout: running second layout pass
06-02 16:50:45.341  6484  6484 W View    : requestLayout() improperly called by helium314.keyboard.latin.panels.BrowserPanelView{c0bc499 V.E...... ........ 0,0-1440,2040} during second layout pass: posting in next frame
06-02 16:50:45.353  6484  6484 W View    : requestLayout() improperly called by helium314.keyboard.latin.panels.BrowserPanelView{c0bc499 V.E...... ......I. 0,0-1440,2040} during layout: running second layout pass
06-02 16:50:45.360  6484  6484 W View    : requestLayout() improperly called by helium314.keyboard.latin.panels.BrowserPanelView{c0bc499 V.E...... ........ 0,0-1440,2040} during second layout pass: posting in next frame
06-02 16:50:45.369  6484  6484 W View    : requestLayout() improperly called by helium314.keyboard.latin.panels.BrowserPanelView{c0bc499 V.E...... ......I. 0,0-1440,2040} during layout: running second layout pass
06-02 16:50:45.373  6484  6484 W View    : requestLayout() improperly called by helium314.keyboard.latin.panels.BrowserPanelView{c0bc499 V.E...... ........ 0,0-1440,2040} during second layout pass: posting in next frame
06-02 16:50:45.388  6484  6484 W View    : requestLayout() improperly called by helium314.keyboard.latin.panels.BrowserPanelView{c0bc499 V.E...... ......I. 0,0-1440,2040} during layout: running second layout pass
06-02 16:50:45.391  6484  6484 W View    : requestLayout() improperly called by helium314.keyboard.latin.panels.BrowserPanelView{c0bc499 V.E...... ........ 0,0-1440,2040} during second layout pass: posting in next frame
06-02 16:50:45.404  6484  6484 W View    : requestLayout() improperly called by helium314.keyboard.latin.panels.BrowserPanelView{c0bc499 V.E...... ......I. 0,0-1440,2040} during layout: running second layout pass
06-02 16:50:45.408  6484  6484 W View    : requestLayout() improperly called by helium314.keyboard.latin.panels.BrowserPanelView{c0bc499 V.E...... ........ 0,0-1440,2040} during second layout pass: posting in next frame
06-02 16:50:45.419  6484  6484 W View    : requestLayout() improperly called by helium314.keyboard.latin.panels.BrowserPanelView{c0bc499 V.E...... ......ID 0,0-1440,2040} during layout: running second layout pass
06-02 16:50:45.425  9949  9965 E Isolated Web Content: [JavaScript Error: "TypeError: can't access property "startTimer", this.pollTimer is undefined" {file: "https://a.espncdn.com/redesign/0.776.2/node_modules/@fitt/bam-browser-sdk-lite/dist/bam-browser-sdk.min.js" line: 2}]
06-02 16:50:45.427  6484  6484 W View    : requestLayout() improperly called by helium314.keyboard.latin.panels.BrowserPanelView{c0bc499 V.E...... ........ 0,0-1440,2040} during second layout pass: posting in next frame
06-02 16:50:45.437  6484  6484 W View    : requestLayout() improperly called by helium314.keyboard.latin.panels.BrowserPanelView{c0bc499 V.E...... ......ID 0,0-1440,2040} during layout: running second layout pass
06-02 16:50:45.440  6484  6484 W View    : requestLayout() improperly called by helium314.keyboard.latin.panels.BrowserPanelView{c0bc499 V.E...... ........ 0,0-1440,2040} during second layout pass: posting in next frame
06-02 16:50:45.455  6484  6484 W View    : requestLayout() improperly called by helium314.keyboard.latin.panels.BrowserPanelView{c0bc499 V.E...... ......ID 0,0-1440,2040} during layout: running second layout pass
06-02 16:50:45.458  6484  6484 W View    : requestLayout() improperly called by helium314.keyboard.latin.panels.BrowserPanelView{c0bc499 V.E...... ........ 0,0-1440,2040} during second layout pass: posting in next frame
06-02 16:50:45.471  6484  6484 W View    : requestLayout() improperly called by helium314.keyboard.latin.panels.BrowserPanelView{c0bc499 V.E...... ......ID 0,0-1440,2040} during layout: running second layout pass
06-02 16:50:45.475  6484  6484 W View    : requestLayout() improperly called by helium314.keyboard.latin.panels.BrowserPanelView{c0bc499 V.E...... ........ 0,0-1440,2040} during second layout pass: posting in next frame
06-02 16:50:45.487  6484  6484 W View    : requestLayout() improperly called by helium314.keyboard.latin.panels.BrowserPanelView{c0bc499 V.E...... ......ID 0,0-1440,2040} during layout: running second layout pass
06-02 16:50:45.490  6484  6484 W View    : requestLayout() improperly called by helium314.keyboard.latin.panels.BrowserPanelView{c0bc499 V.E...... ........ 0,0-1440,2040} during second layout pass: posting in next frame
06-02 16:50:45.503  6484  6484 W View    : requestLayout() improperly called by helium314.keyboard.latin.panels.BrowserPanelView{c0bc499 V.E...... ......ID 0,0-1440,2040} during layout: running second layout pass
06-02 16:50:45.506  6484  6484 W View    : requestLayout() improperly called by helium314.keyboard.latin.panels.BrowserPanelView{c0bc499 V.E...... ........ 0,0-1440,2040} during second layout pass: posting in next frame
06-02 16:50:45.520  6484  6484 W View    : requestLayout() improperly called by helium314.keyboard.latin.panels.BrowserPanelView{c0bc499 V.E...... ......ID 0,0-1440,2040} during layout: running second layout pass
06-02 16:50:45.524  6484  6484 W View    : requestLayout() improperly called by helium314.keyboard.latin.panels.BrowserPanelView{c0bc499 V.E...... ........ 0,0-1440,2040} during second layout pass: posting in next frame
06-02 16:50:45.554  6484  6484 W GeckoEventDispatcher: No listener for GeckoView:DismissClipboardPermissionRequest
06-02 16:50:45.559  6484  6649 E GeckoConsole: [JavaScript Error: "TypeError: can't access property "WindowEventDispatcher", win is null" {file: "resource://gre/modules/GeckoViewSessionStore.sys.mjs" line: 149}]
06-02 16:50:45.559  6484  6649 E GeckoConsole: onTabStateUpdate@resource://gre/modules/GeckoViewSessionStore.sys.mjs:149:5
06-02 16:50:45.559  6484  6649 E GeckoConsole: updateSessionStoreFromTabListener@resource://gre/modules/GeckoViewSessionStore.sys.mjs:243:10
06-02 16:50:45.559  6484  6649 E GeckoConsole: SSF_updateSessionStore@resource://gre/modules/SessionStoreFunctions.sys.mjs:46:27
06-02 16:50:45.559  6484  6649 E GeckoConsole: UpdateSessionStore@resource://gre/modules/SessionStoreFunctions.sys.mjs:16:46
06-02 16:50:45.560  6484  6649 E GeckoConsole: [JavaScript Error: "TypeError: can't access property "WindowEventDispatcher", win is null" {file: "resource://gre/modules/GeckoViewSessionStore.sys.mjs" line: 149}]
06-02 16:50:45.560  6484  6649 E GeckoConsole: onTabStateUpdate@resource://gre/modules/GeckoViewSessionStore.sys.mjs:149:5
06-02 16:50:45.560  6484  6649 E GeckoConsole: updateSessionStoreFromTabListener@resource://gre/modules/GeckoViewSessionStore.sys.mjs:243:10
06-02 16:50:45.560  6484  6649 E GeckoConsole: SSF_updateSessionStore@resource://gre/modules/SessionStoreFunctions.sys.mjs:46:27
06-02 16:50:45.560  6484  6649 E GeckoConsole: UpdateSessionStore@resource://gre/modules/SessionStoreFunctions.sys.mjs:16:46
06-02 16:50:45.560  6484  6649 E GeckoConsole: [JavaScript Error: "TypeError: can't access property "WindowEventDispatcher", win is null" {file: "resource://gre/modules/GeckoViewSessionStore.sys.mjs" line: 149}]
06-02 16:50:45.560  6484  6649 E GeckoConsole: onTabStateUpdate@resource://gre/modules/GeckoViewSessionStore.sys.mjs:149:5
06-02 16:50:45.560  6484  6649 E GeckoConsole: updateSessionStoreFromTabListener@resource://gre/modules/GeckoViewSessionStore.sys.mjs:243:10
06-02 16:50:45.560  6484  6649 E GeckoConsole: SSF_updateSessionStore@resource://gre/modules/SessionStoreFunctions.sys.mjs:46:27
06-02 16:50:45.560  6484  6649 E GeckoConsole: UpdateSessionStore@resource://gre/modules/SessionStoreFunctions.sys.mjs:16:46
06-02 16:50:45.570  6484  6649 E GeckoConsole: [JavaScript Error: "TypeError: can't access property "WindowEventDispatcher", win is null" {file: "resource://gre/modules/GeckoViewSessionStore.sys.mjs" line: 149}]
06-02 16:50:45.570  6484  6649 E GeckoConsole: onTabStateUpdate@resource://gre/modules/GeckoViewSessionStore.sys.mjs:149:5
06-02 16:50:45.570  6484  6649 E GeckoConsole: updateSessionStoreFromTabListener@resource://gre/modules/GeckoViewSessionStore.sys.mjs:243:10
06-02 16:50:45.570  6484  6649 E GeckoConsole: SSF_updateSessionStore@resource://gre/modules/SessionStoreFunctions.sys.mjs:46:27
06-02 16:50:45.570  6484  6649 E GeckoConsole: UpdateSessionStore@resource://gre/modules/SessionStoreFunctions.sys.mjs:16:46
06-02 16:50:45.594  6484  6484 W View    : requestLayout() improperly called by helium314.keyboard.latin.panels.BrowserPanelView{c0bc499 G.E...... ......ID 0,0-1440,2040} during second layout pass: posting in next frame
06-02 16:50:45.612 10262 10289 W Isolated Web Content: [JavaScript Warning: "WEBGL_debug_renderer_info is deprecated in Firefox and will be removed. Please use RENDERER." {file: "https://ep1.adtrafficquality.google/bg/iFrVKdJcrnSNpR8cqf4DbaOvcYsbqzHNWaZ1NIVhYWo.js line 2 > eval line 5970 > eval line 1 > eval line 1 > eval" line: 1}]
06-02 16:50:46.146  6484  6484 W com.vibekey.keyboard: type=1400 audit(0.0:60753): avc: denied { nlmsg_readpriv } for comm=536F636B657420546872656164 scontext=u:r:untrusted_app:s0:c55,c271,c512,c768 tcontext=u:r:untrusted_app:s0:c55,c271,c512,c768 tclass=netlink_route_socket permissive=0 bug=b/155595000 app=com.vibekey.keyboard
06-02 16:50:46.197  9949  9965 E Isolated Web Content: [JavaScript Error: "Cookie “s_ac” has been rejected for invalid domain." {file: "https://www.espn.com/" line: 0}]
06-02 16:50:46.282 10339 10339 E y.keyboard:tab: Unknown bits set in runtime_flags: 0x40000000
06-02 16:50:46.341 10339 10357 E GeckoLibLoad: Load sqlite start
06-02 16:50:46.343 10339 10357 E GeckoLibLoad: Load sqlite done
06-02 16:50:46.343 10339 10357 E GeckoLibLoad: Load nss start
06-02 16:50:46.343 10339 10357 E GeckoLibLoad: Load nss done
06-02 16:50:46.360 10339 10357 E GeckoLibLoad: Loaded libs in 16.611094ms total, 11ms(16ms) user, 0ms(0ms) system, 0(0) faults
06-02 16:50:46.360 10339 10357 W GeckoThread: zerdatime 110289221 - runGecko
06-02 16:50:48.805  6484  6484 W GeckoEventDispatcher: No listener for GeckoView:DismissClipboardPermissionRequest
06-02 16:50:48.816  6484  6649 E GeckoConsole: [JavaScript Error: "TypeError: can't access property "WindowEventDispatcher", win is null" {file: "resource://gre/modules/GeckoViewSessionStore.sys.mjs" line: 149}]
06-02 16:50:48.816  6484  6649 E GeckoConsole: onTabStateUpdate@resource://gre/modules/GeckoViewSessionStore.sys.mjs:149:5
06-02 16:50:48.816  6484  6649 E GeckoConsole: updateSessionStoreFromTabListener@resource://gre/modules/GeckoViewSessionStore.sys.mjs:243:10
06-02 16:50:48.816  6484  6649 E GeckoConsole: SSF_updateSessionStore@resource://gre/modules/SessionStoreFunctions.sys.mjs:46:27
06-02 16:50:48.816  6484  6649 E GeckoConsole: UpdateSessionStore@resource://gre/modules/SessionStoreFunctions.sys.mjs:16:46
06-02 16:50:48.820  6484  6649 E GeckoConsole: [JavaScript Error: "TypeError: can't access property "WindowEventDispatcher", win is null" {file: "resource://gre/modules/GeckoViewSessionStore.sys.mjs" line: 149}]
06-02 16:50:48.820  6484  6649 E GeckoConsole: onTabStateUpdate@resource://gre/modules/GeckoViewSessionStore.sys.mjs:149:5
06-02 16:50:48.820  6484  6649 E GeckoConsole: updateSessionStoreFromTabListener@resource://gre/modules/GeckoViewSessionStore.sys.mjs:243:10
06-02 16:50:48.820  6484  6649 E GeckoConsole: SSF_updateSessionStore@resource://gre/modules/SessionStoreFunctions.sys.mjs:46:27
06-02 16:50:48.820  6484  6649 E GeckoConsole: UpdateSessionStore@resource://gre/modules/SessionStoreFunctions.sys.mjs:16:46
06-02 16:50:48.820  6484  6649 E GeckoConsole: [JavaScript Error: "TypeError: can't access property "WindowEventDispatcher", win is null" {file: "resource://gre/modules/GeckoViewSessionStore.sys.mjs" line: 149}]
06-02 16:50:48.820  6484  6649 E GeckoConsole: onTabStateUpdate@resource://gre/modules/GeckoViewSessionStore.sys.mjs:149:5
06-02 16:50:48.820  6484  6649 E GeckoConsole: updateSessionStoreFromTabListener@resource://gre/modules/GeckoViewSessionStore.sys.mjs:243:10
06-02 16:50:48.820  6484  6649 E GeckoConsole: SSF_updateSessionStore@resource://gre/modules/SessionStoreFunctions.sys.mjs:46:27
06-02 16:50:48.820  6484  6649 E GeckoConsole: UpdateSessionStore@resource://gre/modules/SessionStoreFunctions.sys.mjs:16:46
06-02 16:50:48.820  6484  6649 E GeckoConsole: [JavaScript Error: "TypeError: can't access property "WindowEventDispatcher", win is null" {file: "resource://gre/modules/GeckoViewSessionStore.sys.mjs" line: 149}]
06-02 16:50:48.820  6484  6649 E GeckoConsole: onTabStateUpdate@resource://gre/modules/GeckoViewSessionStore.sys.mjs:149:5
06-02 16:50:48.820  6484  6649 E GeckoConsole: updateSessionStoreFromTabListener@resource://gre/modules/GeckoViewSessionStore.sys.mjs:243:10
06-02 16:50:48.820  6484  6649 E GeckoConsole: SSF_updateSessionStore@resource://gre/modules/SessionStoreFunctions.sys.mjs:46:27
06-02 16:50:48.820  6484  6649 E GeckoConsole: UpdateSessionStore@resource://gre/modules/SessionStoreFunctions.sys.mjs:16:46
06-02 16:50:48.820  6484  6649 E GeckoConsole: [JavaScript Error: "TypeError: can't access property "WindowEventDispatcher", win is null" {file: "resource://gre/modules/GeckoViewSessionStore.sys.mjs" line: 149}]
06-02 16:50:48.820  6484  6649 E GeckoConsole: onTabStateUpdate@resource://gre/modules/GeckoViewSessionStore.sys.mjs:149:5
06-02 16:50:48.820  6484  6649 E GeckoConsole: updateSessionStoreFromTabListener@resource://gre/modules/GeckoViewSessionStore.sys.mjs:243:10
06-02 16:50:48.820  6484  6649 E GeckoConsole: SSF_updateSessionStore@resource://gre/modules/SessionStoreFunctions.sys.mjs:46:27
06-02 16:50:48.820  6484  6649 E GeckoConsole: UpdateSessionStore@resource://gre/modules/SessionStoreFunctions.sys.mjs:16:46
06-02 16:50:49.644  6484  6484 W GeckoEventDispatcher: No listener for GeckoView:DismissClipboardPermissionRequest
06-02 16:50:49.645  6484  6649 E GeckoConsole: [JavaScript Error: "TypeError: can't access property "WindowEventDispatcher", win is null" {file: "resource://gre/modules/GeckoViewSessionStore.sys.mjs" line: 149}]
06-02 16:50:49.645  6484  6649 E GeckoConsole: onTabStateUpdate@resource://gre/modules/GeckoViewSessionStore.sys.mjs:149:5
06-02 16:50:49.645  6484  6649 E GeckoConsole: updateSessionStoreFromTabListener@resource://gre/modules/GeckoViewSessionStore.sys.mjs:243:10
06-02 16:50:49.645  6484  6649 E GeckoConsole: SSF_updateSessionStore@resource://gre/modules/SessionStoreFunctions.sys.mjs:46:27
06-02 16:50:49.645  6484  6649 E GeckoConsole: UpdateSessionStore@resource://gre/modules/SessionStoreFunctions.sys.mjs:16:46
06-02 16:50:49.646  6484  6649 E GeckoConsole: [JavaScript Error: "TypeError: can't access property "WindowEventDispatcher", win is null" {file: "resource://gre/modules/GeckoViewSessionStore.sys.mjs" line: 149}]
06-02 16:50:49.646  6484  6649 E GeckoConsole: onTabStateUpdate@resource://gre/modules/GeckoViewSessionStore.sys.mjs:149:5
06-02 16:50:49.646  6484  6649 E GeckoConsole: updateSessionStoreFromTabListener@resource://gre/modules/GeckoViewSessionStore.sys.mjs:243:10
