=== VibeKey 4.1.292 (4391) ===

--------- beginning of system
07-14 16:35:04.358 25468 25468 E OplusCustomizeRestrictionManager: sInstance is null, start a new sInstance
07-14 16:35:38.470 25468 26392 E ActivityThread: Failed to find provider info for com.oplus.statistics.provider
07-14 16:35:38.471 25468 26392 E OplusStatistics--: IllegalArgumentException:java.lang.IllegalArgumentException: Unknown URL content://com.oplus.statistics.provider/track_event
07-14 16:36:14.395 25468 26392 E ActivityThread: Failed to find provider info for com.oplus.statistics.provider
07-14 16:36:14.396 25468 26392 E OplusStatistics--: IllegalArgumentException:java.lang.IllegalArgumentException: Unknown URL content://com.oplus.statistics.provider/track_event
07-14 16:37:32.008 25468 26392 E ActivityThread: Failed to find provider info for com.oplus.statistics.provider
07-14 16:37:32.009 25468 26392 E OplusStatistics--: IllegalArgumentException:java.lang.IllegalArgumentException: Unknown URL content://com.oplus.statistics.provider/track_event
07-14 16:37:51.564 25468 26392 E ActivityThread: Failed to find provider info for com.oplus.statistics.provider
07-14 16:37:51.565 25468 26392 E OplusStatistics--: IllegalArgumentException:java.lang.IllegalArgumentException: Unknown URL content://com.oplus.statistics.provider/track_event
07-14 16:38:04.828 25468 26392 E ActivityThread: Failed to find provider info for com.oplus.statistics.provider
07-14 16:38:04.828 25468 26392 E OplusStatistics--: IllegalArgumentException:java.lang.IllegalArgumentException: Unknown URL content://com.oplus.statistics.provider/track_event
--------- beginning of main
07-14 16:38:08.524 25468 25468 W n       : [0] drop stale event: 977,112|27271 last: 977,112|74623
07-14 16:38:08.524 25468 25468 W n       : [0] drop stale event: 977,112|27271 last: 977,112|74623
07-14 16:38:08.524 25468 25468 W n       : [0] drop stale event: 977,112|27272 last: 977,112|74623
07-14 16:38:08.524 25468 25468 W n       : [0] drop stale event: 977,112|27272 last: 977,112|74623
07-14 16:38:08.630 25468 25468 W n       : [0] drop stale event: 977,112|27377 last: 977,112|74623
07-14 16:38:08.631 25468 25468 W n       : [0] drop stale event: 977,112|27378 last: 977,112|74623
07-14 16:38:08.631 25468 25468 W n       : [0] drop stale event: 977,112|27378 last: 977,112|74623
07-14 16:38:08.631 25468 25468 W n       : [0] drop stale event: 977,112|27378 last: 977,112|74623
07-14 16:38:08.642 25468 26590 W libc    : Access denied finding property "vendor.oplus.media.vpp.stutter"
07-14 16:38:08.731 25468 25468 W n       : [0] drop stale event: 977,112|27478 last: 977,112|74623
07-14 16:38:08.731 25468 25468 W n       : [0] drop stale event: 977,112|27478 last: 977,112|74623
07-14 16:38:08.731 25468 25468 W n       : [0] drop stale event: 977,112|27478 last: 977,112|74623
07-14 16:38:08.731 25468 25468 W n       : [0] drop stale event: 977,112|27478 last: 977,112|74623
07-14 16:38:08.832 25468 25468 W n       : [0] drop stale event: 977,112|27579 last: 977,112|74623
07-14 16:38:08.832 25468 25468 W n       : [0] drop stale event: 977,112|27579 last: 977,112|74623
07-14 16:38:08.832 25468 25468 W n       : [0] drop stale event: 977,112|27579 last: 977,112|74623
07-14 16:38:08.832 25468 25468 W n       : [0] drop stale event: 977,112|27579 last: 977,112|74623
07-14 16:38:08.932 25468 25468 W n       : [0] drop stale event: 977,112|27679 last: 977,112|74623
07-14 16:38:08.933 25468 25468 W n       : [0] drop stale event: 977,112|27680 last: 977,112|74623
07-14 16:38:08.933 25468 25468 W n       : [0] drop stale event: 977,112|27680 last: 977,112|74623
07-14 16:38:08.933 25468 25468 W n       : [0] drop stale event: 977,112|27680 last: 977,112|74623
07-14 16:38:09.034 25468 25468 W n       : [0] drop stale event: 977,112|27781 last: 977,112|74623
07-14 16:38:09.034 25468 25468 W n       : [0] drop stale event: 977,112|27781 last: 977,112|74623
07-14 16:38:09.034 25468 25468 W n       : [0] drop stale event: 977,112|27781 last: 977,112|74623
07-14 16:38:09.034 25468 25468 W n       : [0] drop stale event: 977,112|27782 last: 977,112|74623
07-14 16:38:09.134 25468 25468 W n       : [0] drop stale event: 977,112|27881 last: 977,112|74623
07-14 16:38:09.134 25468 25468 W n       : [0] drop stale event: 977,112|27881 last: 977,112|74623
07-14 16:38:09.136 25468 25468 W n       : [0] drop stale event: 977,112|27883 last: 977,112|74623
07-14 16:38:09.136 25468 25468 W n       : [0] drop stale event: 977,112|27883 last: 977,112|74623
07-14 16:38:09.234 25468 25468 W n       : [0] drop stale event: 977,112|27982 last: 977,112|74623
07-14 16:38:09.235 25468 25468 W n       : [0] drop stale event: 977,112|27982 last: 977,112|74623
07-14 16:38:09.242 25468 25468 W n       : [0] drop stale event: 977,112|27989 last: 977,112|74623
07-14 16:38:09.242 25468 25468 W n       : [0] drop stale event: 977,112|27989 last: 977,112|74623
07-14 16:38:09.341 25468 25468 W n       : [0] drop stale event: 977,112|28088 last: 977,112|74623
07-14 16:38:09.341 25468 25468 W n       : [0] drop stale event: 977,112|28088 last: 977,112|74623
07-14 16:38:09.342 25468 25468 W n       : [0] drop stale event: 977,112|28090 last: 977,112|74623
07-14 16:38:09.343 25468 25468 W n       : [0] drop stale event: 977,112|28090 last: 977,112|74623
07-14 16:38:09.441 25468 25468 W n       : [0] drop stale event: 977,112|65 last: 977,112|74623
07-14 16:38:09.441 25468 25468 W n       : [0] drop stale event: 977,112|65 last: 977,112|74623
07-14 16:38:09.443 25468 25468 W n       : [0] drop stale event: 977,112|67 last: 977,112|74623
07-14 16:38:09.443 25468 25468 W n       : [0] drop stale event: 977,112|68 last: 977,112|74623
07-14 16:38:09.541 25468 25468 W n       : [0] drop stale event: 977,112|165 last: 977,112|74623
07-14 16:38:09.541 25468 25468 W n       : [0] drop stale event: 977,112|165 last: 977,112|74623
07-14 16:38:09.543 25468 25468 W n       : [0] drop stale event: 977,112|167 last: 977,112|74623
07-14 16:38:09.544 25468 25468 W n       : [0] drop stale event: 977,112|168 last: 977,112|74623
07-14 16:38:09.588 25468 26105 W VibeKeyProfiler: Slow Native Suggest: Total=12.73ms | Init=0.30ms | TrieExpand(x16)=12.38ms | Scoring=0.05ms | inputSize=1
07-14 16:38:09.597 25468 26105 W VibeKeyProfiler: Slow Native Suggest: Total=8.42ms | Init=0.27ms | TrieExpand(x18)=8.12ms | Scoring=0.02ms | inputSize=1
07-14 16:38:09.597 25468 26105 I VkSuggestions: decode typedLen=1 candidates=18 locales=1 22,6ms
07-14 16:38:09.598 25468 26105 W VkSuggestions: slow frame 22,6ms locales=1 typedLen=1 candidates=18
07-14 16:38:09.600 25468 26105 I VkAutocorrect: offered: e → e
07-14 16:38:09.600 25468 26105 I VkSuggestions: strip composing typedLen=1 candidates=19 autocorrect=true top=e locale=pt
07-14 16:38:09.642 25468 25468 W n       : [0] drop stale event: 977,112|266 last: 977,112|74623
07-14 16:38:09.642 25468 25468 W n       : [0] drop stale event: 977,112|266 last: 977,112|74623
07-14 16:38:09.642 25468 26590 W libc    : Access denied finding property "vendor.oplus.media.vpp.stutter"
07-14 16:38:09.643 25468 25468 W n       : [0] drop stale event: 977,112|267 last: 977,112|74623
07-14 16:38:09.645 25468 25468 W n       : [0] drop stale event: 977,112|269 last: 977,112|74623
07-14 16:38:09.742 25468 25468 W n       : [0] drop stale event: 977,112|366 last: 977,112|74623
07-14 16:38:09.742 25468 25468 W n       : [0] drop stale event: 977,112|366 last: 977,112|74623
07-14 16:38:09.743 25468 25468 W n       : [0] drop stale event: 977,112|367 last: 977,112|74623
07-14 16:38:09.745 25468 25468 W n       : [0] drop stale event: 977,112|369 last: 977,112|74623
07-14 16:38:09.846 25468 25468 W n       : [0] drop stale event: 977,112|470 last: 977,112|74623
07-14 16:38:09.847 25468 25468 W n       : [0] drop stale event: 977,112|471 last: 977,112|74623
07-14 16:38:09.847 25468 25468 W n       : [0] drop stale event: 977,112|471 last: 977,112|74623
07-14 16:38:09.847 25468 25468 W n       : [0] drop stale event: 977,112|472 last: 977,112|74623
07-14 16:38:09.948 25468 25468 W n       : [0] drop stale event: 977,112|572 last: 977,112|74623
07-14 16:38:09.948 25468 25468 W n       : [0] drop stale event: 977,112|572 last: 977,112|74623
07-14 16:38:09.948 25468 25468 W n       : [0] drop stale event: 977,112|573 last: 977,112|74623
07-14 16:38:09.949 25468 25468 W n       : [0] drop stale event: 977,112|573 last: 977,112|74623
07-14 16:38:10.048 25468 25468 W n       : [0] drop stale event: 977,112|672 last: 977,112|74623
07-14 16:38:10.048 25468 25468 W n       : [0] drop stale event: 977,112|672 last: 977,112|74623
07-14 16:38:10.048 25468 25468 W n       : [0] drop stale event: 977,112|673 last: 977,112|74623
07-14 16:38:10.049 25468 25468 W n       : [0] drop stale event: 977,112|673 last: 977,112|74623
07-14 16:38:10.149 25468 25468 W n       : [0] drop stale event: 977,112|773 last: 977,112|74623
07-14 16:38:10.149 25468 25468 W n       : [0] drop stale event: 977,112|773 last: 977,112|74623
07-14 16:38:10.149 25468 25468 W n       : [0] drop stale event: 977,112|773 last: 977,112|74623
07-14 16:38:10.149 25468 25468 W n       : [0] drop stale event: 977,112|774 last: 977,112|74623
07-14 16:38:10.249 25468 25468 W n       : [0] drop stale event: 977,112|873 last: 977,112|74623
07-14 16:38:10.249 25468 25468 W n       : [0] drop stale event: 977,112|874 last: 977,112|74623
07-14 16:38:10.249 25468 25468 W n       : [0] drop stale event: 977,112|874 last: 977,112|74623
07-14 16:38:10.250 25468 25468 W n       : [0] drop stale event: 977,112|874 last: 977,112|74623
07-14 16:38:10.349 25468 25468 W n       : [0] drop stale event: 977,112|973 last: 977,112|74623
07-14 16:38:10.350 25468 25468 W n       : [0] drop stale event: 977,112|974 last: 977,112|74623
07-14 16:38:10.351 25468 25468 W n       : [0] drop stale event: 977,112|975 last: 977,112|74623
07-14 16:38:10.351 25468 25468 W n       : [0] drop stale event: 977,112|975 last: 977,112|74623
07-14 16:38:10.449 25468 25468 W n       : [0] drop stale event: 977,112|1073 last: 977,112|74623
07-14 16:38:10.451 25468 25468 W n       : [0] drop stale event: 977,112|1075 last: 977,112|74623
07-14 16:38:10.451 25468 25468 W n       : [0] drop stale event: 977,112|1075 last: 977,112|74623
07-14 16:38:10.451 25468 25468 W n       : [0] drop stale event: 977,112|1076 last: 977,112|74623
07-14 16:38:10.549 25468 25468 W n       : [0] drop stale event: 977,112|1173 last: 977,112|74623
07-14 16:38:10.551 25468 25468 W n       : [0] drop stale event: 977,112|1175 last: 977,112|74623
07-14 16:38:10.552 25468 25468 W n       : [0] drop stale event: 977,112|1177 last: 977,112|74623
07-14 16:38:10.553 25468 25468 W n       : [0] drop stale event: 977,112|1177 last: 977,112|74623
07-14 16:38:10.643 25468 26590 W libc    : Access denied finding property "vendor.oplus.media.vpp.stutter"
07-14 16:38:10.650 25468 25468 W n       : [0] drop stale event: 977,112|1274 last: 977,112|74623
07-14 16:38:10.650 25468 25468 W n       : [0] drop stale event: 977,112|1275 last: 977,112|74623
07-14 16:38:10.653 25468 25468 W n       : [0] drop stale event: 977,112|1277 last: 977,112|74623
07-14 16:38:10.653 25468 25468 W n       : [0] drop stale event: 977,112|1277 last: 977,112|74623
07-14 16:38:10.751 25468 25468 W n       : [0] drop stale event: 977,112|1375 last: 977,112|74623
07-14 16:38:10.752 25468 25468 W n       : [0] drop stale event: 977,112|1376 last: 977,112|74623
07-14 16:38:10.753 25468 25468 W n       : [0] drop stale event: 977,112|1377 last: 977,112|74623
07-14 16:38:10.754 25468 25468 W n       : [0] drop stale event: 977,112|1378 last: 977,112|74623
07-14 16:38:10.852 25468 25468 W n       : [0] drop stale event: 977,112|1476 last: 977,112|74623
07-14 16:38:10.852 25468 25468 W n       : [0] drop stale event: 977,112|1477 last: 977,112|74623
07-14 16:38:10.854 25468 25468 W n       : [0] drop stale event: 977,112|1478 last: 977,112|74623
07-14 16:38:10.854 25468 25468 W n       : [0] drop stale event: 977,112|1478 last: 977,112|74623
07-14 16:38:10.953 25468 25468 W n       : [0] drop stale event: 977,112|1577 last: 977,112|74623
07-14 16:38:10.953 25468 25468 W n       : [0] drop stale event: 977,112|1577 last: 977,112|74623
07-14 16:38:10.954 25468 25468 W n       : [0] drop stale event: 977,112|1578 last: 977,112|74623
07-14 16:38:10.954 25468 25468 W n       : [0] drop stale event: 977,112|1578 last: 977,112|74623
07-14 16:38:11.054 25468 25468 W n       : [0] drop stale event: 977,112|1678 last: 977,112|74623
07-14 16:38:11.055 25468 25468 W n       : [0] drop stale event: 977,112|1679 last: 977,112|74623
07-14 16:38:11.055 25468 25468 W n       : [0] drop stale event: 977,112|1679 last: 977,112|74623
07-14 16:38:11.055 25468 25468 W n       : [0] drop stale event: 977,112|1679 last: 977,112|74623
07-14 16:38:11.154 25468 25468 W n       : [0] drop stale event: 977,112|1778 last: 977,112|74623
07-14 16:38:11.155 25468 25468 W n       : [0] drop stale event: 977,112|1779 last: 977,112|74623
07-14 16:38:11.155 25468 25468 W n       : [0] drop stale event: 977,112|1779 last: 977,112|74623
07-14 16:38:11.155 25468 25468 W n       : [0] drop stale event: 977,112|1779 last: 977,112|74623
07-14 16:38:11.256 25468 25468 W n       : [0] drop stale event: 977,112|1879 last: 977,112|74623
07-14 16:38:11.256 25468 25468 W n       : [0] drop stale event: 977,112|1880 last: 977,112|74623
07-14 16:38:11.257 25468 25468 W n       : [0] drop stale event: 977,112|1881 last: 977,112|74623
07-14 16:38:11.257 25468 25468 W n       : [0] drop stale event: 977,112|1881 last: 977,112|74623
07-14 16:38:11.356 25468 25468 W n       : [0] drop stale event: 977,112|1980 last: 977,112|74623
07-14 16:38:11.358 25468 25468 W n       : [0] drop stale event: 977,112|1982 last: 977,112|74623
07-14 16:38:11.358 25468 25468 W n       : [0] drop stale event: 977,112|1982 last: 977,112|74623
07-14 16:38:11.358 25468 25468 W n       : [0] drop stale event: 977,112|1982 last: 977,112|74623
07-14 16:38:11.439 25468 25468 I VkPanels: ▶ open ai_theme
07-14 16:38:11.490 25468 25468 W n       : [0] drop stale event: 977,112|2114 last: 977,112|74623
07-14 16:38:11.490 25468 25468 W n       : [0] drop stale event: 977,112|2114 last: 977,112|74623
07-14 16:38:11.490 25468 25468 W n       : [0] drop stale event: 977,112|2114 last: 977,112|74623
07-14 16:38:11.490 25468 25468 W n       : [0] drop stale event: 977,112|2115 last: 977,112|74623
07-14 16:38:11.595 25468 25468 W n       : [0] drop stale event: 977,112|2219 last: 977,112|74623
07-14 16:38:11.595 25468 25468 W n       : [0] drop stale event: 977,112|2219 last: 977,112|74623
07-14 16:38:11.595 25468 25468 W n       : [0] drop stale event: 977,112|2219 last: 977,112|74623
07-14 16:38:11.595 25468 25468 W n       : [0] drop stale event: 977,112|2219 last: 977,112|74623
07-14 16:38:11.643 25468 26590 W libc    : Access denied finding property "vendor.oplus.media.vpp.stutter"
07-14 16:38:11.698 25468 25468 W n       : [0] drop stale event: 977,112|2322 last: 977,112|74623
07-14 16:38:11.699 25468 25468 W n       : [0] drop stale event: 977,112|2323 last: 977,112|74623
07-14 16:38:11.699 25468 25468 W n       : [0] drop stale event: 977,112|2323 last: 977,112|74623
07-14 16:38:11.699 25468 25468 W n       : [0] drop stale event: 977,112|2323 last: 977,112|74623
07-14 16:38:11.840 25468 25468 W n       : [0] drop stale event: 977,112|2464 last: 977,112|74623
07-14 16:38:11.840 25468 25468 W n       : [0] drop stale event: 977,112|2464 last: 977,112|74623
07-14 16:38:11.840 25468 25468 W n       : [0] drop stale event: 977,112|2465 last: 977,112|74623
07-14 16:38:11.841 25468 25468 W n       : [0] drop stale event: 977,112|2465 last: 977,112|74623
07-14 16:38:11.940 25468 25468 W n       : [0] drop stale event: 977,112|2564 last: 977,112|74623
07-14 16:38:11.940 25468 25468 W n       : [0] drop stale event: 977,112|2564 last: 977,112|74623
07-14 16:38:11.955 25468 25468 W n       : [0] drop stale event: 977,112|2579 last: 977,112|74623
07-14 16:38:11.956 25468 25468 W n       : [0] drop stale event: 977,112|2580 last: 977,112|74623
07-14 16:38:12.040 25468 25468 W n       : [0] drop stale event: 977,112|2664 last: 977,112|74623
07-14 16:38:12.040 25468 25468 W n       : [0] drop stale event: 977,112|2664 last: 977,112|74623
07-14 16:38:12.055 25468 25468 W n       : [0] drop stale event: 977,112|2679 last: 977,112|74623
07-14 16:38:12.056 25468 25468 W n       : [0] drop stale event: 977,112|2680 last: 977,112|74623
07-14 16:38:12.158 25468 25468 W n       : [0] drop stale event: 977,112|2782 last: 977,112|74623
07-14 16:38:12.158 25468 25468 W n       : [0] drop stale event: 977,112|2782 last: 977,112|74623
07-14 16:38:12.158 25468 25468 W n       : [0] drop stale event: 977,112|2782 last: 977,112|74623
07-14 16:38:12.158 25468 25468 W n       : [0] drop stale event: 977,112|2782 last: 977,112|74623
07-14 16:38:12.258 25468 25468 W n       : [0] drop stale event: 977,112|2882 last: 977,112|74623
07-14 16:38:12.258 25468 25468 W n       : [0] drop stale event: 977,112|2882 last: 977,112|74623
07-14 16:38:12.258 25468 25468 W n       : [0] drop stale event: 977,112|2883 last: 977,112|74623
07-14 16:38:12.259 25468 25468 W n       : [0] drop stale event: 977,112|2883 last: 977,112|74623
07-14 16:38:12.368 25468 25468 W n       : [0] drop stale event: 977,112|2992 last: 977,112|74623
07-14 16:38:12.386 25468 25468 W n       : [0] drop stale event: 977,112|3010 last: 977,112|74623
07-14 16:38:12.387 25468 25468 W n       : [0] drop stale event: 977,112|3011 last: 977,112|74623
07-14 16:38:12.387 25468 25468 W n       : [0] drop stale event: 977,112|3011 last: 977,112|74623
07-14 16:38:12.519 25468 25468 W n       : [0] drop stale event: 977,112|3143 last: 977,112|74623
07-14 16:38:12.532 25468 25468 W n       : [0] drop stale event: 977,112|3156 last: 977,112|74623
07-14 16:38:12.532 25468 25468 W n       : [0] drop stale event: 977,112|3156 last: 977,112|74623
07-14 16:38:12.532 25468 25468 W n       : [0] drop stale event: 977,112|3156 last: 977,112|74623
07-14 16:38:12.634 25468 25468 W n       : [0] drop stale event: 977,112|3258 last: 977,112|74623
07-14 16:38:12.644 25468 26590 W libc    : Access denied finding property "vendor.oplus.media.vpp.stutter"
07-14 16:38:12.648 25468 25468 W n       : [0] drop stale event: 977,112|3272 last: 977,112|74623
07-14 16:38:12.649 25468 25468 W n       : [0] drop stale event: 977,112|3273 last: 977,112|74623
07-14 16:38:12.649 25468 25468 W n       : [0] drop stale event: 977,112|3273 last: 977,112|74623
07-14 16:38:12.722 25468 25468 I VkEffects: reload anim=glow blur=0px glow=true stickers=true
07-14 16:38:12.850 25468 25468 W n       : [0] drop stale event: 977,112|3474 last: 977,112|74623
07-14 16:38:12.850 25468 25468 W n       : [0] drop stale event: 977,112|3474 last: 977,112|74623
07-14 16:38:12.850 25468 25468 W n       : [0] drop stale event: 977,112|3474 last: 977,112|74623
07-14 16:38:12.850 25468 25468 W n       : [0] drop stale event: 977,112|3474 last: 977,112|74623
07-14 16:38:12.874 25468 25512 E BLASTBufferQueue: BLASTBufferItemConsumer::onDisconnect()
07-14 16:38:12.890 25468 25468 E BLASTBufferQueue: BLASTBufferItemConsumer::onDisconnect()
07-14 16:38:12.952 25468 25468 W n       : [0] drop stale event: 977,112|3576 last: 977,112|74623
07-14 16:38:12.952 25468 25468 W n       : [0] drop stale event: 977,112|3576 last: 977,112|74623
07-14 16:38:12.952 25468 25468 W n       : [0] drop stale event: 977,112|3576 last: 977,112|74623
07-14 16:38:12.952 25468 25468 W n       : [0] drop stale event: 977,112|3576 last: 977,112|74623
07-14 16:38:15.430 25468 25468 W n       : [0] drop stale event: 977,112|6054 last: 977,112|74623
07-14 16:38:15.430 25468 25468 W n       : [0] drop stale event: 977,112|6055 last: 977,112|74623
07-14 16:38:15.431 25468 25468 W n       : [0] drop stale event: 977,112|6055 last: 977,112|74623
07-14 16:38:15.431 25468 25468 W n       : [0] drop stale event: 977,112|6055 last: 977,112|74623
07-14 16:38:15.531 25468 25468 W n       : [0] drop stale event: 977,112|6155 last: 977,112|74623
07-14 16:38:15.531 25468 25468 W n       : [0] drop stale event: 977,112|6155 last: 977,112|74623
07-14 16:38:15.531 25468 25468 W n       : [0] drop stale event: 977,112|6156 last: 977,112|74623
07-14 16:38:15.532 25468 25468 W n       : [0] drop stale event: 977,112|6156 last: 977,112|74623
07-14 16:38:15.632 25468 25468 W n       : [0] drop stale event: 977,112|6256 last: 977,112|74623
07-14 16:38:15.632 25468 25468 W n       : [0] drop stale event: 977,112|6257 last: 977,112|74623
07-14 16:38:15.633 25468 25468 W n       : [0] drop stale event: 977,112|6257 last: 977,112|74623
07-14 16:38:15.633 25468 25468 W n       : [0] drop stale event: 977,112|6257 last: 977,112|74623
07-14 16:38:15.646 25468 26590 W libc    : Access denied finding property "vendor.oplus.media.vpp.stutter"
07-14 16:38:15.732 25468 25468 W n       : [0] drop stale event: 977,112|6356 last: 977,112|74623
07-14 16:38:15.746 25468 25468 W n       : [0] drop stale event: 977,112|6369 last: 977,112|74623
07-14 16:38:15.746 25468 25468 W n       : [0] drop stale event: 977,112|6370 last: 977,112|74623
07-14 16:38:15.746 25468 25468 W n       : [0] drop stale event: 977,112|6370 last: 977,112|74623
07-14 16:38:15.832 25468 25468 W n       : [0] drop stale event: 977,112|6456 last: 977,112|74623
07-14 16:38:15.847 25468 25468 W n       : [0] drop stale event: 977,112|6471 last: 977,112|74623
07-14 16:38:15.848 25468 25468 W n       : [0] drop stale event: 977,112|6472 last: 977,112|74623
07-14 16:38:15.848 25468 25468 W n       : [0] drop stale event: 977,112|6472 last: 977,112|74623
07-14 16:38:15.943 25468 25468 W n       : [0] drop stale event: 977,112|6567 last: 977,112|74623
07-14 16:38:15.947 25468 25468 W n       : [0] drop stale event: 977,112|6571 last: 977,112|74623
07-14 16:38:15.948 25468 25468 W n       : [0] drop stale event: 977,112|6573 last: 977,112|74623
07-14 16:38:15.949 25468 25468 W n       : [0] drop stale event: 977,112|6573 last: 977,112|74623
07-14 16:38:16.043 25468 25468 W n       : [0] drop stale event: 977,112|6667 last: 977,112|74623
07-14 16:38:16.047 25468 25468 W n       : [0] drop stale event: 977,112|6671 last: 977,112|74623
07-14 16:38:16.049 25468 25468 W n       : [0] drop stale event: 977,112|6673 last: 977,112|74623
07-14 16:38:16.049 25468 25468 W n       : [0] drop stale event: 977,112|6674 last: 977,112|74623
07-14 16:38:16.144 25468 25468 W n       : [0] drop stale event: 977,112|6768 last: 977,112|74623
07-14 16:38:16.148 25468 25468 W n       : [0] drop stale event: 977,112|6772 last: 977,112|74623
07-14 16:38:16.149 25468 25468 W n       : [0] drop stale event: 977,112|6773 last: 977,112|74623
07-14 16:38:16.159 25468 25468 W n       : [0] drop stale event: 977,112|6783 last: 977,112|74623
07-14 16:38:16.246 25468 25468 W n       : [0] drop stale event: 977,112|6870 last: 977,112|74623
07-14 16:38:16.248 25468 25468 W n       : [0] drop stale event: 977,112|6872 last: 977,112|74623
07-14 16:38:16.249 25468 25468 W n       : [0] drop stale event: 977,112|6873 last: 977,112|74623
07-14 16:38:16.261 25468 25468 W n       : [0] drop stale event: 977,112|6885 last: 977,112|74623
07-14 16:38:16.347 25468 25468 W n       : [0] drop stale event: 977,112|6971 last: 977,112|74623
07-14 16:38:16.348 25468 25468 W n       : [0] drop stale event: 977,112|6972 last: 977,112|74623
07-14 16:38:16.350 25468 25468 W n       : [0] drop stale event: 977,112|6974 last: 977,112|74623
07-14 16:38:16.363 25468 25468 W n       : [0] drop stale event: 977,112|6987 last: 977,112|74623
07-14 16:38:16.448 25468 25468 W n       : [0] drop stale event: 977,112|7072 last: 977,112|74623
07-14 16:38:16.449 25468 25468 W n       : [0] drop stale event: 977,112|7073 last: 977,112|74623
07-14 16:38:16.450 25468 25468 W n       : [0] drop stale event: 977,112|7074 last: 977,112|74623
07-14 16:38:16.463 25468 25468 W n       : [0] drop stale event: 977,112|7087 last: 977,112|74623
07-14 16:38:16.549 25468 25468 W n       : [0] drop stale event: 977,112|7173 last: 977,112|74623
07-14 16:38:16.550 25468 25468 W n       : [0] drop stale event: 977,112|7174 last: 977,112|74623
07-14 16:38:16.550 25468 25468 W n       : [0] drop stale event: 977,112|7174 last: 977,112|74623
07-14 16:38:16.563 25468 25468 W n       : [0] drop stale event: 977,112|7187 last: 977,112|74623
07-14 16:38:16.647 25468 26590 W libc    : Access denied finding property "vendor.oplus.media.vpp.stutter"
07-14 16:38:16.651 25468 25468 W n       : [0] drop stale event: 977,112|7275 last: 977,112|74623
07-14 16:38:16.651 25468 25468 W n       : [0] drop stale event: 977,112|7275 last: 977,112|74623
07-14 16:38:16.652 25468 25468 W n       : [0] drop stale event: 977,112|7276 last: 977,112|74623
07-14 16:38:16.665 25468 25468 W n       : [0] drop stale event: 977,112|7289 last: 977,112|74623
07-14 16:38:16.751 25468 25468 W n       : [0] drop stale event: 977,112|7375 last: 977,112|74623
07-14 16:38:16.761 25468 25468 W n       : [0] drop stale event: 977,112|7385 last: 977,112|74623
07-14 16:38:16.761 25468 25468 W n       : [0] drop stale event: 977,112|7385 last: 977,112|74623
07-14 16:38:16.765 25468 25468 W n       : [0] drop stale event: 977,112|7389 last: 977,112|74623
07-14 16:38:16.852 25468 25468 W n       : [0] drop stale event: 977,112|7476 last: 977,112|74623
07-14 16:38:16.862 25468 25468 W n       : [0] drop stale event: 977,112|7486 last: 977,112|74623
07-14 16:38:16.862 25468 25468 W n       : [0] drop stale event: 977,112|7486 last: 977,112|74623
07-14 16:38:16.865 25468 25468 W n       : [0] drop stale event: 977,112|7489 last: 977,112|74623
07-14 16:38:16.960 25468 25468 W n       : [0] drop stale event: 977,112|7584 last: 977,112|74623
07-14 16:38:16.962 25468 25468 W n       : [0] drop stale event: 977,112|7586 last: 977,112|74623
07-14 16:38:16.963 25468 25468 W n       : [0] drop stale event: 977,112|7587 last: 977,112|74623
07-14 16:38:16.966 25468 25468 W n       : [0] drop stale event: 977,112|7590 last: 977,112|74623
07-14 16:38:17.063 25468 25468 W n       : [0] drop stale event: 977,112|7687 last: 977,112|74623
07-14 16:38:17.064 25468 25468 W n       : [0] drop stale event: 977,112|7688 last: 977,112|74623
07-14 16:38:17.064 25468 25468 W n       : [0] drop stale event: 977,112|7688 last: 977,112|74623
07-14 16:38:17.066 25468 25468 W n       : [0] drop stale event: 977,112|7690 last: 977,112|74623
07-14 16:38:17.165 25468 25468 W n       : [0] drop stale event: 977,112|7788 last: 977,112|74623
07-14 16:38:17.165 25468 25468 W n       : [0] drop stale event: 977,112|7789 last: 977,112|74623
07-14 16:38:17.165 25468 25468 W n       : [0] drop stale event: 977,112|7789 last: 977,112|74623
07-14 16:38:17.167 25468 25468 W n       : [0] drop stale event: 977,112|7791 last: 977,112|74623
07-14 16:38:17.266 25468 25468 W n       : [0] drop stale event: 977,112|7890 last: 977,112|74623
07-14 16:38:17.266 25468 25468 W n       : [0] drop stale event: 977,112|7890 last: 977,112|74623
07-14 16:38:17.266 25468 25468 W n       : [0] drop stale event: 977,112|7890 last: 977,112|74623
07-14 16:38:17.266 25468 25468 W n       : [0] drop stale event: 977,112|7891 last: 977,112|74623
07-14 16:38:17.366 25468 25468 W n       : [0] drop stale event: 977,112|7990 last: 977,112|74623
07-14 16:38:17.366 25468 25468 W n       : [0] drop stale event: 977,112|7991 last: 977,112|74623
07-14 16:38:17.367 25468 25468 W n       : [0] drop stale event: 977,112|7991 last: 977,112|74623
07-14 16:38:17.367 25468 25468 W n       : [0] drop stale event: 977,112|7991 last: 977,112|74623
07-14 16:38:17.466 25468 25468 W n       : [0] drop stale event: 977,112|8090 last: 977,112|74623
07-14 16:38:17.467 25468 25468 W n       : [0] drop stale event: 977,112|8091 last: 977,112|74623
07-14 16:38:17.467 25468 25468 W n       : [0] drop stale event: 977,112|8091 last: 977,112|74623
07-14 16:38:17.467 25468 25468 W n       : [0] drop stale event: 977,112|8091 last: 977,112|74623
07-14 16:38:17.567 25468 25468 W n       : [0] drop stale event: 977,112|8191 last: 977,112|74623
07-14 16:38:17.567 25468 25468 W n       : [0] drop stale event: 977,112|8192 last: 977,112|74623
07-14 16:38:17.568 25468 25468 W n       : [0] drop stale event: 977,112|8192 last: 977,112|74623
07-14 16:38:17.568 25468 25468 W n       : [0] drop stale event: 977,112|8192 last: 977,112|74623
07-14 16:38:17.648 25468 26590 W libc    : Access denied finding property "vendor.oplus.media.vpp.stutter"
07-14 16:38:17.668 25468 25468 W n       : [0] drop stale event: 977,112|8292 last: 977,112|74623
07-14 16:38:17.668 25468 25468 W n       : [0] drop stale event: 977,112|8292 last: 977,112|74623
07-14 16:38:17.668 25468 25468 W n       : [0] drop stale event: 977,112|8293 last: 977,112|74623
07-14 16:38:17.669 25468 25468 W n       : [0] drop stale event: 977,112|8293 last: 977,112|74623
07-14 16:38:17.768 25468 25468 W n       : [0] drop stale event: 977,112|8392 last: 977,112|74623
07-14 16:38:17.769 25468 25468 W n       : [0] drop stale event: 977,112|8393 last: 977,112|74623
07-14 16:38:17.769 25468 25468 W n       : [0] drop stale event: 977,112|8393 last: 977,112|74623
07-14 16:38:17.769 25468 25468 W n       : [0] drop stale event: 977,112|8393 last: 977,112|74623
07-14 16:38:17.868 25468 25468 W n       : [0] drop stale event: 977,112|8492 last: 977,112|74623
07-14 16:38:17.869 25468 25468 W n       : [0] drop stale event: 977,112|8493 last: 977,112|74623
07-14 16:38:17.869 25468 25468 W n       : [0] drop stale event: 977,112|8494 last: 977,112|74623
07-14 16:38:17.870 25468 25468 W n       : [0] drop stale event: 977,112|8494 last: 977,112|74623
07-14 16:38:17.970 25468 25468 W n       : [0] drop stale event: 977,112|8594 last: 977,112|74623
07-14 16:38:17.971 25468 25468 W n       : [0] drop stale event: 977,112|8595 last: 977,112|74623
07-14 16:38:17.972 25468 25468 W n       : [0] drop stale event: 977,112|8596 last: 977,112|74623
07-14 16:38:17.972 25468 25468 W n       : [0] drop stale event: 977,112|8596 last: 977,112|74623
07-14 16:38:18.070 25468 25468 W n       : [0] drop stale event: 977,112|8694 last: 977,112|74623
07-14 16:38:18.070 25468 25468 W n       : [0] drop stale event: 977,112|8695 last: 977,112|74623
07-14 16:38:18.082 25468 25468 W n       : [0] drop stale event: 977,112|8706 last: 977,112|74623
07-14 16:38:18.082 25468 25468 W n       : [0] drop stale event: 977,112|8707 last: 977,112|74623
07-14 16:38:18.170 25468 25468 W n       : [0] drop stale event: 977,112|8794 last: 977,112|74623
07-14 16:38:18.171 25468 25468 W n       : [0] drop stale event: 977,112|8795 last: 977,112|74623
07-14 16:38:18.189 25468 25468 W n       : [0] drop stale event: 977,112|8813 last: 977,112|74623
07-14 16:38:18.189 25468 25468 W n       : [0] drop stale event: 977,112|8813 last: 977,112|74623
07-14 16:38:18.271 25468 25468 W n       : [0] drop stale event: 977,112|8895 last: 977,112|74623
07-14 16:38:18.271 25468 25468 W n       : [0] drop stale event: 977,112|8896 last: 977,112|74623
07-14 16:38:18.304 25468 25468 W n       : [0] drop stale event: 977,112|8928 last: 977,112|74623
07-14 16:38:18.305 25468 25468 W n       : [0] drop stale event: 977,112|8929 last: 977,112|74623
07-14 16:38:18.372 25468 25468 W n       : [0] drop stale event: 977,112|8996 last: 977,112|74623
07-14 16:38:18.388 25468 25468 W n       : [0] drop stale event: 977,112|9012 last: 977,112|74623
07-14 16:38:18.423 25468 25468 W n       : [0] drop stale event: 977,112|9047 last: 977,112|74623
07-14 16:38:18.423 25468 25468 W n       : [0] drop stale event: 977,112|9047 last: 977,112|74623
07-14 16:38:18.488 25468 25468 W n       : [0] drop stale event: 977,112|9112 last: 977,112|74623
07-14 16:38:18.489 25468 25468 W n       : [0] drop stale event: 977,112|9113 last: 977,112|74623
07-14 16:38:18.535 25468 25468 W n       : [0] drop stale event: 977,112|9159 last: 977,112|74623
07-14 16:38:18.535 25468 25468 W n       : [0] drop stale event: 977,112|9159 last: 977,112|74623
07-14 16:38:18.589 25468 25468 W n       : [0] drop stale event: 977,112|9213 last: 977,112|74623
07-14 16:38:18.589 25468 25468 W n       : [0] drop stale event: 977,112|9213 last: 977,112|74623
07-14 16:38:18.636 25468 25468 W n       : [0] drop stale event: 977,112|9260 last: 977,112|74623
07-14 16:38:18.637 25468 25468 W n       : [0] drop stale event: 977,112|9261 last: 977,112|74623
07-14 16:38:18.648 25468 26590 W libc    : Access denied finding property "vendor.oplus.media.vpp.stutter"
07-14 16:38:18.703 25468 25468 W n       : [0] drop stale event: 977,112|9327 last: 977,112|74623
07-14 16:38:18.703 25468 25468 W n       : [0] drop stale event: 977,112|9328 last: 977,112|74623
07-14 16:38:18.739 25468 25468 W n       : [0] drop stale event: 977,112|9363 last: 977,112|74623
07-14 16:38:18.739 25468 25468 W n       : [0] drop stale event: 977,112|9364 last: 977,112|74623
07-14 16:38:18.804 25468 25468 W n       : [0] drop stale event: 977,112|9428 last: 977,112|74623
07-14 16:38:18.804 25468 25468 W n       : [0] drop stale event: 977,112|9428 last: 977,112|74623
07-14 16:38:18.851 25468 25468 W n       : [0] drop stale event: 977,112|9475 last: 977,112|74623
07-14 16:38:18.852 25468 25468 W n       : [0] drop stale event: 977,112|9476 last: 977,112|74623
07-14 16:38:18.905 25468 25468 W n       : [0] drop stale event: 977,112|9529 last: 977,112|74623
07-14 16:38:18.905 25468 25468 W n       : [0] drop stale event: 977,112|9529 last: 977,112|74623
07-14 16:38:18.953 25468 25468 W n       : [0] drop stale event: 977,112|9577 last: 977,112|74623
07-14 16:38:18.953 25468 25468 W n       : [0] drop stale event: 977,112|9577 last: 977,112|74623
07-14 16:38:19.005 25468 25468 W n       : [0] drop stale event: 977,112|9629 last: 977,112|74623
07-14 16:38:19.006 25468 25468 W n       : [0] drop stale event: 977,112|9630 last: 977,112|74623
07-14 16:38:19.054 25468 25468 W n       : [0] drop stale event: 977,112|9678 last: 977,112|74623
07-14 16:38:19.054 25468 25468 W n       : [0] drop stale event: 977,112|9679 last: 977,112|74623
07-14 16:38:19.106 25468 25468 W n       : [0] drop stale event: 977,112|9730 last: 977,112|74623
07-14 16:38:19.106 25468 25468 W n       : [0] drop stale event: 977,112|9730 last: 977,112|74623
07-14 16:38:19.155 25468 25468 W n       : [0] drop stale event: 977,112|9779 last: 977,112|74623
07-14 16:38:19.155 25468 25468 W n       : [0] drop stale event: 977,112|9779 last: 977,112|74623
07-14 16:38:19.207 25468 25468 W n       : [0] drop stale event: 977,112|9831 last: 977,112|74623
07-14 16:38:19.207 25468 25468 W n       : [0] drop stale event: 977,112|9831 last: 977,112|74623
07-14 16:38:19.255 25468 25468 W n       : [0] drop stale event: 977,112|9879 last: 977,112|74623
07-14 16:38:19.256 25468 25468 W n       : [0] drop stale event: 977,112|9880 last: 977,112|74623
07-14 16:38:19.307 25468 25468 W n       : [0] drop stale event: 977,112|9931 last: 977,112|74623
07-14 16:38:19.320 25468 25468 W n       : [0] drop stale event: 977,112|9944 last: 977,112|74623
07-14 16:38:19.356 25468 25468 W n       : [0] drop stale event: 977,112|9980 last: 977,112|74623
07-14 16:38:19.356 25468 25468 W n       : [0] drop stale event: 977,112|9981 last: 977,112|74623
07-14 16:38:19.421 25468 25468 W n       : [0] drop stale event: 977,112|10045 last: 977,112|74623
07-14 16:38:19.421 25468 25468 W n       : [0] drop stale event: 977,112|10045 last: 977,112|74623
07-14 16:38:19.457 25468 25468 W n       : [0] drop stale event: 977,112|10081 last: 977,112|74623
07-14 16:38:19.474 25468 25468 W n       : [0] drop stale event: 977,112|17 last: 977,112|74623
07-14 16:38:19.521 25468 25468 W n       : [0] drop stale event: 977,112|63 last: 977,112|74623
07-14 16:38:19.521 25468 25468 W n       : [0] drop stale event: 977,112|64 last: 977,112|74623
07-14 16:38:19.557 25468 25468 W n       : [0] drop stale event: 977,112|99 last: 977,112|74623
07-14 16:38:19.582 25468 25468 W n       : [0] drop stale event: 977,112|124 last: 977,112|74623
07-14 16:38:19.622 25468 25468 W n       : [0] drop stale event: 977,112|14 last: 977,112|74623
07-14 16:38:19.622 25468 25468 W n       : [0] drop stale event: 977,112|14 last: 977,112|74623
07-14 16:38:19.649 25468 26590 W libc    : Access denied finding property "vendor.oplus.media.vpp.stutter"
07-14 16:38:19.663 25468 25468 W n       : [0] drop stale event: 977,112|55 last: 977,112|74623
07-14 16:38:19.682 25468 25468 W n       : [0] drop stale event: 977,112|74 last: 977,112|74623
07-14 16:38:19.729 25468 25468 W n       : [0] drop stale event: 977,112|121 last: 977,112|74623
07-14 16:38:19.729 25468 25468 W n       : [0] drop stale event: 977,112|122 last: 977,112|74623
07-14 16:38:19.767 25468 25468 W n       : [0] drop stale event: 977,112|159 last: 977,112|74623
07-14 16:38:19.786 25468 25468 W n       : [0] drop stale event: 977,112|178 last: 977,112|74623
07-14 16:38:19.830 25468 25468 W n       : [0] drop stale event: 977,112|30 last: 977,112|74623
07-14 16:38:19.830 25468 25468 W n       : [0] drop stale event: 977,112|30 last: 977,112|74623
07-14 16:38:19.867 25468 25468 W n       : [0] drop stale event: 977,112|67 last: 977,112|74623
07-14 16:38:19.886 25468 25468 W n       : [0] drop stale event: 977,112|86 last: 977,112|74623
07-14 16:38:19.930 25468 25468 W n       : [0] drop stale event: 977,112|130 last: 977,112|74623
07-14 16:38:19.931 25468 25468 W n       : [0] drop stale event: 977,112|132 last: 977,112|74623
07-14 16:38:19.971 25468 25468 W n       : [0] drop stale event: 977,112|171 last: 977,112|74623
07-14 16:38:19.986 25468 25468 W n       : [0] drop stale event: 977,112|186 last: 977,112|74623
07-14 16:38:20.038 25468 25468 W n       : [0] drop stale event: 977,112|238 last: 977,112|74623
07-14 16:38:20.039 25468 25468 W n       : [0] drop stale event: 977,112|239 last: 977,112|74623
07-14 16:38:20.076 25468 25468 W n       : [0] drop stale event: 977,112|275 last: 977,112|74623
07-14 16:38:20.092 25468 25468 W n       : [0] drop stale event: 977,112|292 last: 977,112|74623
07-14 16:38:20.142 25468 25468 W n       : [0] drop stale event: 977,112|342 last: 977,112|74623
07-14 16:38:20.142 25468 25468 W n       : [0] drop stale event: 977,112|342 last: 977,112|74623
07-14 16:38:20.191 25468 25468 W n       : [0] drop stale event: 977,112|391 last: 977,112|74623
07-14 16:38:20.207 25468 25468 W n       : [0] drop stale event: 977,112|407 last: 977,112|74623
07-14 16:38:20.242 25468 25468 W n       : [0] drop stale event: 977,112|442 last: 977,112|74623
07-14 16:38:20.242 25468 25468 W n       : [0] drop stale event: 977,112|442 last: 977,112|74623
07-14 16:38:20.292 25468 25468 W n       : [0] drop stale event: 977,112|492 last: 977,112|74623
07-14 16:38:20.307 25468 25468 W n       : [0] drop stale event: 977,112|507 last: 977,112|74623
07-14 16:38:20.342 25468 25468 W n       : [0] drop stale event: 977,112|542 last: 977,112|74623
07-14 16:38:20.343 25468 25468 W n       : [0] drop stale event: 977,112|543 last: 977,112|74623
07-14 16:38:20.408 25468 25468 W n       : [0] drop stale event: 977,112|608 last: 977,112|74623
07-14 16:38:20.408 25468 25468 W n       : [0] drop stale event: 977,112|608 last: 977,112|74623
07-14 16:38:20.457 25468 25468 W n       : [0] drop stale event: 977,112|657 last: 977,112|74623
07-14 16:38:20.458 25468 25468 W n       : [0] drop stale event: 977,112|658 last: 977,112|74623
07-14 16:38:20.511 25468 25468 W n       : [0] drop stale event: 977,112|712 last: 977,112|74623
07-14 16:38:20.512 25468 25468 W n       : [0] drop stale event: 977,112|712 last: 977,112|74623
07-14 16:38:20.558 25468 25468 W n       : [0] drop stale event: 977,112|758 last: 977,112|74623
07-14 16:38:20.558 25468 25468 W n       : [0] drop stale event: 977,112|759 last: 977,112|74623
07-14 16:38:20.625 25468 25468 W n       : [0] drop stale event: 977,112|825 last: 977,112|74623
07-14 16:38:20.625 25468 25468 W n       : [0] drop stale event: 977,112|825 last: 977,112|74623
07-14 16:38:20.650 25468 26590 W libc    : Access denied finding property "vendor.oplus.media.vpp.stutter"
07-14 16:38:20.659 25468 25468 W n       : [0] drop stale event: 977,112|859 last: 977,112|74623
07-14 16:38:20.659 25468 25468 W n       : [0] drop stale event: 977,112|859 last: 977,112|74623
07-14 16:38:20.726 25468 25468 W n       : [0] drop stale event: 977,112|925 last: 977,112|74623
07-14 16:38:20.726 25468 25468 W n       : [0] drop stale event: 977,112|926 last: 977,112|74623
07-14 16:38:20.760 25468 25468 W n       : [0] drop stale event: 977,112|960 last: 977,112|74623
07-14 16:38:20.760 25468 25468 W n       : [0] drop stale event: 977,112|960 last: 977,112|74623
07-14 16:38:20.828 25468 25468 W n       : [0] drop stale event: 977,112|1028 last: 977,112|74623
07-14 16:38:20.828 25468 25468 W n       : [0] drop stale event: 977,112|1028 last: 977,112|74623
07-14 16:38:20.860 25468 25468 W n       : [0] drop stale event: 977,112|1060 last: 977,112|74623
07-14 16:38:20.861 25468 25468 W n       : [0] drop stale event: 977,112|1061 last: 977,112|74623
07-14 16:38:20.932 25468 25468 W n       : [0] drop stale event: 977,112|1132 last: 977,112|74623
07-14 16:38:20.932 25468 25468 W n       : [0] drop stale event: 977,112|1132 last: 977,112|74623
07-14 16:38:20.964 25468 25468 W n       : [0] drop stale event: 977,112|1164 last: 977,112|74623
07-14 16:38:20.964 25468 25468 W n       : [0] drop stale event: 977,112|1164 last: 977,112|74623
07-14 16:38:21.032 25468 25468 W n       : [0] drop stale event: 977,112|1232 last: 977,112|74623
07-14 16:38:21.032 25468 25468 W n       : [0] drop stale event: 977,112|1232 last: 977,112|74623
07-14 16:38:21.079 25468 25468 W n       : [0] drop stale event: 977,112|1280 last: 977,112|74623
07-14 16:38:21.080 25468 25468 W n       : [0] drop stale event: 977,112|1280 last: 977,112|74623
07-14 16:38:21.132 25468 25468 W n       : [0] drop stale event: 977,112|1332 last: 977,112|74623
07-14 16:38:21.132 25468 25468 W n       : [0] drop stale event: 977,112|1332 last: 977,112|74623
07-14 16:38:21.187 25468 25468 W n       : [0] drop stale event: 977,112|1388 last: 977,112|74623
07-14 16:38:21.187 25468 25468 W n       : [0] drop stale event: 977,112|1388 last: 977,112|74623
07-14 16:38:21.236 25468 25468 W n       : [0] drop stale event: 977,112|1437 last: 977,112|74623
07-14 16:38:21.236 25468 25468 W n       : [0] drop stale event: 977,112|1437 last: 977,112|74623
07-14 16:38:21.288 25468 25468 W n       : [0] drop stale event: 977,112|1488 last: 977,112|74623
07-14 16:38:21.288 25468 25468 W n       : [0] drop stale event: 977,112|1489 last: 977,112|74623
07-14 16:38:21.338 25468 25468 W n       : [0] drop stale event: 977,112|1538 last: 977,112|74623
07-14 16:38:21.338 25468 25468 W n       : [0] drop stale event: 977,112|1538 last: 977,112|74623
07-14 16:38:21.389 25468 25468 W n       : [0] drop stale event: 977,112|1589 last: 977,112|74623
07-14 16:38:21.389 25468 25468 W n       : [0] drop stale event: 977,112|1589 last: 977,112|74623
07-14 16:38:21.438 25468 25468 W n       : [0] drop stale event: 977,112|1638 last: 977,112|74623
07-14 16:38:21.438 25468 25468 W n       : [0] drop stale event: 977,112|1638 last: 977,112|74623
07-14 16:38:21.489 25468 25468 W n       : [0] drop stale event: 977,112|1689 last: 977,112|74623
07-14 16:38:21.489 25468 25468 W n       : [0] drop stale event: 977,112|1689 last: 977,112|74623
07-14 16:38:21.538 25468 25468 W n       : [0] drop stale event: 977,112|1738 last: 977,112|74623
07-14 16:38:21.539 25468 25468 W n       : [0] drop stale event: 977,112|1740 last: 977,112|74623
07-14 16:38:21.595 25468 25468 W n       : [0] drop stale event: 977,112|1795 last: 977,112|74623
07-14 16:38:21.595 25468 25468 W n       : [0] drop stale event: 977,112|1795 last: 977,112|74623
07-14 16:38:21.638 25468 25468 W n       : [0] drop stale event: 977,112|1838 last: 977,112|74623
07-14 16:38:21.640 25468 25468 W n       : [0] drop stale event: 977,112|1840 last: 977,112|74623
07-14 16:38:21.653 25468 26590 W libc    : Access denied finding property "vendor.oplus.media.vpp.stutter"
07-14 16:38:21.695 25468 25468 W n       : [0] drop stale event: 977,112|1895 last: 977,112|74623
07-14 16:38:21.716 25468 25468 W n       : [0] drop stale event: 977,112|1916 last: 977,112|74623
07-14 16:38:21.745 25468 25468 W n       : [0] drop stale event: 977,112|1945 last: 977,112|74623
07-14 16:38:21.745 25468 25468 W n       : [0] drop stale event: 977,112|1945 last: 977,112|74623
07-14 16:38:21.795 25468 25468 W n       : [0] drop stale event: 977,112|1995 last: 977,112|74623
07-14 16:38:21.827 25468 25468 W n       : [0] drop stale event: 977,112|2027 last: 977,112|74623
07-14 16:38:21.846 25468 25468 W n       : [0] drop stale event: 977,112|2046 last: 977,112|74623
07-14 16:38:21.846 25468 25468 W n       : [0] drop stale event: 977,112|2046 last: 977,112|74623
07-14 16:38:21.895 25468 25468 W n       : [0] drop stale event: 977,112|2095 last: 977,112|74623
07-14 16:38:21.928 25468 25468 W n       : [0] drop stale event: 977,112|2128 last: 977,112|74623
07-14 16:38:21.956 25468 25468 W n       : [0] drop stale event: 977,112|2155 last: 977,112|74623
07-14 16:38:21.956 25468 25468 W n       : [0] drop stale event: 977,112|2156 last: 977,112|74623
07-14 16:38:21.995 25468 25468 W n       : [0] drop stale event: 977,112|2195 last: 977,112|74623
07-14 16:38:22.028 25468 25468 W n       : [0] drop stale event: 977,112|2229 last: 977,112|74623
07-14 16:38:22.063 25468 25468 W n       : [0] drop stale event: 977,112|2263 last: 977,112|74623
07-14 16:38:22.063 25468 25468 W n       : [0] drop stale event: 977,112|2264 last: 977,112|74623
07-14 16:38:22.116 25468 25468 W n       : [0] drop stale event: 977,112|12 last: 977,112|74623
07-14 16:38:22.129 25468 25468 W n       : [0] drop stale event: 977,112|25 last: 977,112|74623
07-14 16:38:22.163 25468 25468 W n       : [0] drop stale event: 977,112|59 last: 977,112|74623
07-14 16:38:22.167 25468 25468 W n       : [0] drop stale event: 977,112|63 last: 977,112|74623
07-14 16:38:22.218 25468 25468 W n       : [0] drop stale event: 977,112|114 last: 977,112|74623
07-14 16:38:22.229 25468 25468 W n       : [0] drop stale event: 977,112|125 last: 977,112|74623
07-14 16:38:22.263 25468 25468 W n       : [0] drop stale event: 977,112|159 last: 977,112|74623
07-14 16:38:22.275 25468 25468 W n       : [0] drop stale event: 977,112|171 last: 977,112|74623
07-14 16:38:22.327 25468 25468 W n       : [0] drop stale event: 977,112|223 last: 977,112|74623
07-14 16:38:22.329 25468 25468 W n       : [0] drop stale event: 977,112|225 last: 977,112|74623
07-14 16:38:22.363 25468 25468 W n       : [0] drop stale event: 977,112|32 last: 977,112|74623
07-14 16:38:22.375 25468 25468 W n       : [0] drop stale event: 977,112|44 last: 977,112|74623
07-14 16:38:22.427 25468 25468 W n       : [0] drop stale event: 977,112|96 last: 977,112|74623
07-14 16:38:22.429 25468 25468 W n       : [0] drop stale event: 977,112|98 last: 977,112|74623
07-14 16:38:22.463 25468 25468 W n       : [0] drop stale event: 977,112|132 last: 977,112|74623
07-14 16:38:22.476 25468 25468 W n       : [0] drop stale event: 977,112|144 last: 977,112|74623
07-14 16:38:22.530 25468 25468 W n       : [0] drop stale event: 977,112|199 last: 977,112|74623
07-14 16:38:22.530 25468 25468 W n       : [0] drop stale event: 977,112|199 last: 977,112|74623
07-14 16:38:22.570 25468 25468 W n       : [0] drop stale event: 977,112|239 last: 977,112|74623
07-14 16:38:22.592 25468 25468 W n       : [0] drop stale event: 977,112|261 last: 977,112|74623
07-14 16:38:22.640 25468 25468 W n       : [0] drop stale event: 977,112|309 last: 977,112|74623
07-14 16:38:22.640 25468 25468 W n       : [0] drop stale event: 977,112|309 last: 977,112|74623
07-14 16:38:22.653 25468 26590 W libc    : Access denied finding property "vendor.oplus.media.vpp.stutter"
07-14 16:38:22.691 25468 25468 W n       : [0] drop stale event: 977,112|359 last: 977,112|74623
07-14 16:38:22.709 25468 25468 W n       : [0] drop stale event: 977,112|377 last: 977,112|74623
07-14 16:38:22.755 25468 25468 W n       : [0] drop stale event: 977,112|424 last: 977,112|74623
07-14 16:38:22.755 25468 25468 W n       : [0] drop stale event: 977,112|424 last: 977,112|74623
07-14 16:38:22.808 25468 25468 W n       : [0] drop stale event: 977,112|477 last: 977,112|74623
07-14 16:38:22.828 25468 25468 W n       : [0] drop stale event: 977,112|497 last: 977,112|74623
07-14 16:38:22.872 25468 25468 W n       : [0] drop stale event: 977,112|541 last: 977,112|74623
07-14 16:38:22.872 25468 25468 W n       : [0] drop stale event: 977,112|541 last: 977,112|74623
07-14 16:38:22.926 25468 25468 W n       : [0] drop stale event: 977,112|594 last: 977,112|74623
07-14 16:38:22.939 25468 25468 W n       : [0] drop stale event: 977,112|608 last: 977,112|74623
07-14 16:38:22.992 25468 25468 W n       : [0] drop stale event: 977,112|661 last: 977,112|74623
07-14 16:38:22.993 25468 25468 W n       : [0] drop stale event: 977,112|662 last: 977,112|74623
07-14 16:38:23.034 25468 25468 W n       : [0] drop stale event: 977,112|703 last: 977,112|74623
07-14 16:38:23.050 25468 25468 W n       : [0] drop stale event: 977,112|719 last: 977,112|74623
07-14 16:38:23.100 25468 25468 W n       : [0] drop stale event: 977,112|770 last: 977,112|74623
07-14 16:38:23.101 25468 25468 W n       : [0] drop stale event: 977,112|770 last: 977,112|74623
07-14 16:38:23.151 25468 25468 W n       : [0] drop stale event: 977,112|820 last: 977,112|74623
07-14 16:38:23.165 25468 25468 W n       : [0] drop stale event: 977,112|835 last: 977,112|74623
07-14 16:38:23.231 25468 25468 W n       : [0] drop stale event: 977,112|900 last: 977,112|74623
