06-02 17:10:38.266 31804 31804 W com.vibekey.keyboard: type=1400 audit(0.0:61734): avc: denied { nlmsg_readpriv } for comm=536F636B657420546872656164 scontext=u:r:untrusted_app:s0:c56,c271,c512,c768 tcontext=u:r:untrusted_app:s0:c56,c271,c512,c768 tclass=netlink_route_socket permissive=0 bug=b/155595000 app=com.vibekey.keyboard
06-02 17:10:38.286 31804 31804 W View    : requestLayout() improperly called by helium314.keyboard.latin.panels.BrowserPanelView{5ae2aec V.E...... ......I. 0,0-1440,2040} during layout: running second layout pass
06-02 17:10:38.289 31804 31804 W View    : requestLayout() improperly called by helium314.keyboard.latin.panels.BrowserPanelView{5ae2aec V.E...... ........ 0,0-1440,2040} during second layout pass: posting in next frame
06-02 17:10:38.303 31804 31804 W View    : requestLayout() improperly called by helium314.keyboard.latin.panels.BrowserPanelView{5ae2aec V.E...... ......I. 0,0-1440,2040} during layout: running second layout pass
06-02 17:10:38.306 31804 31804 W View    : requestLayout() improperly called by helium314.keyboard.latin.panels.BrowserPanelView{5ae2aec V.E...... ........ 0,0-1440,2040} during second layout pass: posting in next frame
06-02 17:10:38.320 31804 31804 W View    : requestLayout() improperly called by helium314.keyboard.latin.panels.BrowserPanelView{5ae2aec V.E...... ......I. 0,0-1440,2040} during layout: running second layout pass
06-02 17:10:38.323 31804 31804 W View    : requestLayout() improperly called by helium314.keyboard.latin.panels.BrowserPanelView{5ae2aec V.E...... ........ 0,0-1440,2040} during second layout pass: posting in next frame
06-02 17:10:38.336 31804 31804 W View    : requestLayout() improperly called by helium314.keyboard.latin.panels.BrowserPanelView{5ae2aec V.E...... ......I. 0,0-1440,2040} during layout: running second layout pass
06-02 17:10:38.339 31804 31804 W View    : requestLayout() improperly called by helium314.keyboard.latin.panels.BrowserPanelView{5ae2aec V.E...... ........ 0,0-1440,2040} during second layout pass: posting in next frame
06-02 17:10:38.353 31804 31804 W View    : requestLayout() improperly called by helium314.keyboard.latin.panels.BrowserPanelView{5ae2aec V.E...... ......I. 0,0-1440,2040} during layout: running second layout pass
06-02 17:10:38.356 31804 31804 W View    : requestLayout() improperly called by helium314.keyboard.latin.panels.BrowserPanelView{5ae2aec V.E...... ........ 0,0-1440,2040} during second layout pass: posting in next frame
06-02 17:10:38.362 31804 31804 W GeckoEventDispatcher: No listener for GeckoView:DismissClipboardPermissionRequest
06-02 17:10:38.369 31804 31804 W View    : requestLayout() improperly called by helium314.keyboard.latin.panels.BrowserPanelView{5ae2aec V.E...... ......ID 0,0-1440,2040} during layout: running second layout pass
06-02 17:10:38.372 31804 31804 W View    : requestLayout() improperly called by helium314.keyboard.latin.panels.BrowserPanelView{5ae2aec V.E...... .......D 0,0-1440,2040} during second layout pass: posting in next frame
06-02 17:10:38.386 31804 31804 W View    : requestLayout() improperly called by helium314.keyboard.latin.panels.BrowserPanelView{5ae2aec V.E...... ......ID 0,0-1440,2040} during layout: running second layout pass
06-02 17:10:38.390 31804 31804 W View    : requestLayout() improperly called by helium314.keyboard.latin.panels.BrowserPanelView{5ae2aec V.E...... ........ 0,0-1440,2040} during second layout pass: posting in next frame
06-02 17:10:38.403 31804 31804 W View    : requestLayout() improperly called by helium314.keyboard.latin.panels.BrowserPanelView{5ae2aec V.E...... ......I. 0,0-1440,2040} during layout: running second layout pass
06-02 17:10:38.407 31804 31804 W View    : requestLayout() improperly called by helium314.keyboard.latin.panels.BrowserPanelView{5ae2aec V.E...... ........ 0,0-1440,2040} during second layout pass: posting in next frame
06-02 17:10:38.421 31804 31804 W View    : requestLayout() improperly called by helium314.keyboard.latin.panels.BrowserPanelView{5ae2aec V.E...... ......I. 0,0-1440,2040} during layout: running second layout pass
06-02 17:10:38.424 31804 31804 W View    : requestLayout() improperly called by helium314.keyboard.latin.panels.BrowserPanelView{5ae2aec V.E...... ........ 0,0-1440,2040} during second layout pass: posting in next frame
06-02 17:10:38.438 31804 31804 W View    : requestLayout() improperly called by helium314.keyboard.latin.panels.BrowserPanelView{5ae2aec V.E...... ......ID 0,0-1440,2040} during layout: running second layout pass
06-02 17:10:38.443 31804 31804 W View    : requestLayout() improperly called by helium314.keyboard.latin.panels.BrowserPanelView{5ae2aec V.E...... ........ 0,0-1440,2040} during second layout pass: posting in next frame
06-02 17:10:38.460 31804 31804 W View    : requestLayout() improperly called by helium314.keyboard.latin.panels.BrowserPanelView{5ae2aec V.E...... ......ID 0,0-1440,2040} during layout: running second layout pass
06-02 17:10:38.463 31804 31804 W View    : requestLayout() improperly called by helium314.keyboard.latin.panels.BrowserPanelView{5ae2aec V.E...... ........ 0,0-1440,2040} during second layout pass: posting in next frame
06-02 17:10:38.470 31804 31804 W View    : requestLayout() improperly called by helium314.keyboard.latin.panels.BrowserPanelView{5ae2aec V.E...... ......I. 0,0-1440,2040} during layout: running second layout pass
06-02 17:10:38.473 31804 31804 W View    : requestLayout() improperly called by helium314.keyboard.latin.panels.BrowserPanelView{5ae2aec V.E...... ........ 0,0-1440,2040} during second layout pass: posting in next frame
06-02 17:10:38.486 31804 31804 W View    : requestLayout() improperly called by helium314.keyboard.latin.panels.BrowserPanelView{5ae2aec V.E...... ......ID 0,0-1440,2040} during layout: running second layout pass
06-02 17:10:38.489 31804 31804 W View    : requestLayout() improperly called by helium314.keyboard.latin.panels.BrowserPanelView{5ae2aec V.E...... ........ 0,0-1440,2040} during second layout pass: posting in next frame
06-02 17:10:38.503 31804 31804 W View    : requestLayout() improperly called by helium314.keyboard.latin.panels.BrowserPanelView{5ae2aec V.E...... ......I. 0,0-1440,2040} during layout: running second layout pass
06-02 17:10:38.506 31804 31804 W View    : requestLayout() improperly called by helium314.keyboard.latin.panels.BrowserPanelView{5ae2aec V.E...... ........ 0,0-1440,2040} during second layout pass: posting in next frame
06-02 17:10:38.520 31804 31804 W View    : requestLayout() improperly called by helium314.keyboard.latin.panels.BrowserPanelView{5ae2aec V.E...... ......ID 0,0-1440,2040} during layout: running second layout pass
06-02 17:10:38.523 31804 31804 W View    : requestLayout() improperly called by helium314.keyboard.latin.panels.BrowserPanelView{5ae2aec V.E...... ........ 0,0-1440,2040} during second layout pass: posting in next frame
06-02 17:10:38.538 31804 31804 W View    : requestLayout() improperly called by helium314.keyboard.latin.panels.BrowserPanelView{5ae2aec V.E...... ......I. 0,0-1440,2040} during layout: running second layout pass
06-02 17:10:38.541 31804 31804 W View    : requestLayout() improperly called by helium314.keyboard.latin.panels.BrowserPanelView{5ae2aec V.E...... ........ 0,0-1440,2040} during second layout pass: posting in next frame
06-02 17:10:38.554 31804 31804 W View    : requestLayout() improperly called by helium314.keyboard.latin.panels.BrowserPanelView{5ae2aec V.E...... ......ID 0,0-1440,2040} during layout: running second layout pass
06-02 17:10:38.558 31804 31804 W View    : requestLayout() improperly called by helium314.keyboard.latin.panels.BrowserPanelView{5ae2aec V.E...... ........ 0,0-1440,2040} during second layout pass: posting in next frame
06-02 17:10:38.571 31804 31804 W View    : requestLayout() improperly called by helium314.keyboard.latin.panels.BrowserPanelView{5ae2aec V.E...... ......ID 0,0-1440,2040} during layout: running second layout pass
06-02 17:10:38.575 31804 31804 W View    : requestLayout() improperly called by helium314.keyboard.latin.panels.BrowserPanelView{5ae2aec V.E...... ........ 0,0-1440,2040} during second layout pass: posting in next frame
06-02 17:10:38.587 31804 31804 W View    : requestLayout() improperly called by helium314.keyboard.latin.panels.BrowserPanelView{5ae2aec V.E...... ......ID 0,0-1440,2040} during layout: running second layout pass
06-02 17:10:38.591 31804 31804 W View    : requestLayout() improperly called by helium314.keyboard.latin.panels.BrowserPanelView{5ae2aec V.E...... ........ 0,0-1440,2040} during second layout pass: posting in next frame
06-02 17:10:38.603 31804 31804 W View    : requestLayout() improperly called by helium314.keyboard.latin.panels.BrowserPanelView{5ae2aec V.E...... ......I. 0,0-1440,2040} during layout: running second layout pass
06-02 17:10:38.607 31804 31804 W View    : requestLayout() improperly called by helium314.keyboard.latin.panels.BrowserPanelView{5ae2aec V.E...... ........ 0,0-1440,2040} during second layout pass: posting in next frame
06-02 17:10:38.608 32731 32731 E y.keyboard:tab: Unknown bits set in runtime_flags: 0x40000000
06-02 17:10:38.621 31804 31804 W View    : requestLayout() improperly called by helium314.keyboard.latin.panels.BrowserPanelView{5ae2aec V.E...... ......ID 0,0-1440,2040} during layout: running second layout pass
06-02 17:10:38.626 31804 31804 W View    : requestLayout() improperly called by helium314.keyboard.latin.panels.BrowserPanelView{5ae2aec V.E...... ........ 0,0-1440,2040} during second layout pass: posting in next frame
06-02 17:10:38.637 31804 31804 W View    : requestLayout() improperly called by helium314.keyboard.latin.panels.BrowserPanelView{5ae2aec V.E...... ......ID 0,0-1440,2040} during layout: running second layout pass
06-02 17:10:38.640 31804 31804 W View    : requestLayout() improperly called by helium314.keyboard.latin.panels.BrowserPanelView{5ae2aec V.E...... ........ 0,0-1440,2040} during second layout pass: posting in next frame
06-02 17:10:38.654 31804 31804 W View    : requestLayout() improperly called by helium314.keyboard.latin.panels.BrowserPanelView{5ae2aec V.E...... ......ID 0,0-1440,2040} during layout: running second layout pass
06-02 17:10:38.657 31804 31804 W View    : requestLayout() improperly called by helium314.keyboard.latin.panels.BrowserPanelView{5ae2aec V.E...... ........ 0,0-1440,2040} during second layout pass: posting in next frame
06-02 17:10:38.660 32731 32748 E GeckoLibLoad: Load sqlite start
06-02 17:10:38.662 32731 32748 E GeckoLibLoad: Load sqlite done
06-02 17:10:38.662 32731 32748 E GeckoLibLoad: Load nss start
06-02 17:10:38.662 32731 32748 E GeckoLibLoad: Load nss done
06-02 17:10:38.670 31804 31804 W View    : requestLayout() improperly called by helium314.keyboard.latin.panels.BrowserPanelView{5ae2aec V.E...... ......I. 0,0-1440,2040} during layout: running second layout pass
06-02 17:10:38.672 32731 32748 E GeckoLibLoad: Loaded libs in 9.896771ms total, 0ms(0ms) user, 8ms(9ms) system, 0(0) faults
06-02 17:10:38.672 32731 32748 W GeckoThread: zerdatime 111481533 - runGecko
06-02 17:10:38.673 31804 31804 W View    : requestLayout() improperly called by helium314.keyboard.latin.panels.BrowserPanelView{5ae2aec V.E...... .......D 0,0-1440,2040} during second layout pass: posting in next frame
06-02 17:10:38.687 31804 31804 W View    : requestLayout() improperly called by helium314.keyboard.latin.panels.BrowserPanelView{5ae2aec V.E...... ......ID 0,0-1440,2040} during layout: running second layout pass
06-02 17:10:38.690 31804 31804 W View    : requestLayout() improperly called by helium314.keyboard.latin.panels.BrowserPanelView{5ae2aec V.E...... .......D 0,0-1440,2040} during second layout pass: posting in next frame
06-02 17:10:38.704 31804 31804 W View    : requestLayout() improperly called by helium314.keyboard.latin.panels.BrowserPanelView{5ae2aec V.E...... ......ID 0,0-1440,2040} during layout: running second layout pass
06-02 17:10:38.707 31804 31804 W View    : requestLayout() improperly called by helium314.keyboard.latin.panels.BrowserPanelView{5ae2aec V.E...... ........ 0,0-1440,2040} during second layout pass: posting in next frame
06-02 17:10:38.721 31804 31804 W View    : requestLayout() improperly called by helium314.keyboard.latin.panels.BrowserPanelView{5ae2aec V.E...... ......I. 0,0-1440,2040} during layout: running second layout pass
06-02 17:10:38.724 31804 31804 W View    : requestLayout() improperly called by helium314.keyboard.latin.panels.BrowserPanelView{5ae2aec V.E...... ........ 0,0-1440,2040} during second layout pass: posting in next frame
06-02 17:10:38.738 31804 31804 W View    : requestLayout() improperly called by helium314.keyboard.latin.panels.BrowserPanelView{5ae2aec V.E...... ......ID 0,0-1440,2040} during layout: running second layout pass
06-02 17:10:38.741 31804 31804 W View    : requestLayout() improperly called by helium314.keyboard.latin.panels.BrowserPanelView{5ae2aec V.E...... ........ 0,0-1440,2040} during second layout pass: posting in next frame
06-02 17:10:38.751 32731 32748 W Isolated Web Content: [JavaScript Warning: "This page is in Almost Standards Mode. Page layout may be impacted. For Standards Mode use “<!DOCTYPE html>”." {file: "https://fandangollc.demdex.net/dest5.html?d_nsid=0#https%3A%2F%2Fwww.cnbc.com" line: 0}]
06-02 17:10:38.754 31804 31804 W View    : requestLayout() improperly called by helium314.keyboard.latin.panels.BrowserPanelView{5ae2aec V.E...... ......ID 0,0-1440,2040} during layout: running second layout pass
06-02 17:10:38.758 31804 31804 W View    : requestLayout() improperly called by helium314.keyboard.latin.panels.BrowserPanelView{5ae2aec V.E...... ........ 0,0-1440,2040} during second layout pass: posting in next frame
06-02 17:10:38.771 31804 31804 W View    : requestLayout() improperly called by helium314.keyboard.latin.panels.BrowserPanelView{5ae2aec V.E...... ......ID 0,0-1440,2040} during layout: running second layout pass
06-02 17:10:38.774 31804 31804 W View    : requestLayout() improperly called by helium314.keyboard.latin.panels.BrowserPanelView{5ae2aec V.E...... ........ 0,0-1440,2040} during second layout pass: posting in next frame
06-02 17:10:38.792 31804 32391 E BLASTBufferQueue: BLASTBufferItemConsumer::onDisconnect()
06-02 17:10:38.800 31804 31804 W View    : requestLayout() improperly called by helium314.keyboard.latin.panels.BrowserPanelView{5ae2aec V.E...... ......ID 0,0-1440,2040} during layout: running second layout pass
06-02 17:10:38.805 31804 31804 W View    : requestLayout() improperly called by helium314.keyboard.latin.panels.BrowserPanelView{5ae2aec V.E...... ......ID 0,0-1440,2040} during second layout pass: posting in next frame
06-02 17:10:38.809 31804 31804 W View    : requestLayout() improperly called by helium314.keyboard.latin.panels.BrowserPanelView{5ae2aec V.E...... ......ID 0,0-1440,2040} during layout: running second layout pass
06-02 17:10:38.816 31804 31804 W View    : requestLayout() improperly called by helium314.keyboard.latin.panels.BrowserPanelView{5ae2aec V.E...... ........ 0,0-1440,2040} during second layout pass: posting in next frame
06-02 17:10:38.828 31804 31804 W View    : requestLayout() improperly called by helium314.keyboard.latin.panels.BrowserPanelView{5ae2aec V.E...... ......I. 0,0-1440,2040} during layout: running second layout pass
06-02 17:10:38.837 31804 31804 W View    : requestLayout() improperly called by helium314.keyboard.latin.panels.BrowserPanelView{5ae2aec V.E...... .......D 0,0-1440,2040} during second layout pass: posting in next frame
06-02 17:10:38.842 31804 31804 W View    : requestLayout() improperly called by helium314.keyboard.latin.panels.BrowserPanelView{5ae2aec V.E...... ......ID 0,0-1440,2040} during layout: running second layout pass
06-02 17:10:38.845 31804 31804 W View    : requestLayout() improperly called by helium314.keyboard.latin.panels.BrowserPanelView{5ae2aec V.E...... ........ 0,0-1440,2040} during second layout pass: posting in next frame
06-02 17:10:38.857 31804 31804 W View    : requestLayout() improperly called by helium314.keyboard.latin.panels.BrowserPanelView{5ae2aec V.E...... ......I. 0,0-1440,2040} during layout: running second layout pass
06-02 17:10:38.859 31804 31804 W View    : requestLayout() improperly called by helium314.keyboard.latin.panels.BrowserPanelView{5ae2aec V.E...... ........ 0,0-1440,2040} during second layout pass: posting in next frame
06-02 17:10:38.879 31804 31804 W View    : requestLayout() improperly called by helium314.keyboard.latin.panels.BrowserPanelView{5ae2aec V.E...... ......I. 0,0-1440,2040} during layout: running second layout pass
06-02 17:10:38.888 31804 31804 W View    : requestLayout() improperly called by helium314.keyboard.latin.panels.BrowserPanelView{5ae2aec V.E...... ........ 0,0-1440,2040} during second layout pass: posting in next frame
06-02 17:10:38.889 31804 31804 W View    : requestLayout() improperly called by helium314.keyboard.latin.panels.BrowserPanelView{5ae2aec V.E...... ......I. 0,0-1440,2040} during layout: running second layout pass
06-02 17:10:38.898 31804 31804 W View    : requestLayout() improperly called by helium314.keyboard.latin.panels.BrowserPanelView{5ae2aec V.E...... ........ 0,0-1440,2040} during second layout pass: posting in next frame
06-02 17:10:38.908 31804 31804 W View    : requestLayout() improperly called by helium314.keyboard.latin.panels.BrowserPanelView{5ae2aec V.E...... ......I. 0,0-1440,2040} during layout: running second layout pass
06-02 17:10:38.912 31804 31804 W View    : requestLayout() improperly called by helium314.keyboard.latin.panels.BrowserPanelView{5ae2aec V.E...... ........ 0,0-1440,2040} during second layout pass: posting in next frame
06-02 17:10:38.923 31804 31804 W View    : requestLayout() improperly called by helium314.keyboard.latin.panels.BrowserPanelView{5ae2aec V.E...... ......I. 0,0-1440,2040} during layout: running second layout pass
06-02 17:10:38.928 31804 31804 W View    : requestLayout() improperly called by helium314.keyboard.latin.panels.BrowserPanelView{5ae2aec V.E...... ........ 0,0-1440,2040} during second layout pass: posting in next frame
06-02 17:10:38.938 31804 31804 W View    : requestLayout() improperly called by helium314.keyboard.latin.panels.BrowserPanelView{5ae2aec V.E...... ......I. 0,0-1440,2040} during layout: running second layout pass
06-02 17:10:38.946 31804 31804 W View    : requestLayout() improperly called by helium314.keyboard.latin.panels.BrowserPanelView{5ae2aec V.E...... ........ 0,0-1440,2040} during second layout pass: posting in next frame
06-02 17:10:38.956 31804 31804 W View    : requestLayout() improperly called by helium314.keyboard.latin.panels.BrowserPanelView{5ae2aec V.E...... ......I. 0,0-1440,2040} during layout: running second layout pass
06-02 17:10:38.969 31804 31804 W View    : requestLayout() improperly called by helium314.keyboard.latin.panels.BrowserPanelView{5ae2aec V.E...... .......D 0,0-1440,2040} during second layout pass: posting in next frame
06-02 17:10:38.972 31804 31804 W View    : requestLayout() improperly called by helium314.keyboard.latin.panels.BrowserPanelView{5ae2aec V.E...... ......ID 0,0-1440,2040} during layout: running second layout pass
06-02 17:10:38.978 31804 31804 W View    : requestLayout() improperly called by helium314.keyboard.latin.panels.BrowserPanelView{5ae2aec V.E...... ........ 0,0-1440,2040} during second layout pass: posting in next frame
06-02 17:10:38.988 31804 31804 W View    : requestLayout() improperly called by helium314.keyboard.latin.panels.BrowserPanelView{5ae2aec V.E...... ......I. 0,0-1440,2040} during layout: running second layout pass
06-02 17:10:38.991 31804 31804 W View    : requestLayout() improperly called by helium314.keyboard.latin.panels.BrowserPanelView{5ae2aec V.E...... .......D 0,0-1440,2040} during second layout pass: posting in next frame
06-02 17:10:38.996 31804 31804 W com.vibekey.keyboard: type=1400 audit(0.0:61735): avc: denied { nlmsg_readpriv } for comm=536F636B657420546872656164 scontext=u:r:untrusted_app:s0:c56,c271,c512,c768 tcontext=u:r:untrusted_app:s0:c56,c271,c512,c768 tclass=netlink_route_socket permissive=0 bug=b/155595000 app=com.vibekey.keyboard
06-02 17:10:39.005 31804 31804 W View    : requestLayout() improperly called by helium314.keyboard.latin.panels.BrowserPanelView{5ae2aec V.E...... ......ID 0,0-1440,2040} during layout: running second layout pass
06-02 17:10:39.008 31804 31804 W View    : requestLayout() improperly called by helium314.keyboard.latin.panels.BrowserPanelView{5ae2aec V.E...... ........ 0,0-1440,2040} during second layout pass: posting in next frame
06-02 17:10:39.021 31804 31804 W View    : requestLayout() improperly called by helium314.keyboard.latin.panels.BrowserPanelView{5ae2aec V.E...... ......ID 0,0-1440,2040} during layout: running second layout pass
06-02 17:10:39.025 31804 31804 W View    : requestLayout() improperly called by helium314.keyboard.latin.panels.BrowserPanelView{5ae2aec V.E...... ........ 0,0-1440,2040} during second layout pass: posting in next frame
06-02 17:10:39.026 31804 31804 W com.vibekey.keyboard: type=1400 audit(0.0:61736): avc: denied { nlmsg_readpriv } for comm=536F636B657420546872656164 scontext=u:r:untrusted_app:s0:c56,c271,c512,c768 tcontext=u:r:untrusted_app:s0:c56,c271,c512,c768 tclass=netlink_route_socket permissive=0 bug=b/155595000 app=com.vibekey.keyboard
06-02 17:10:39.038 31804 31804 W View    : requestLayout() improperly called by helium314.keyboard.latin.panels.BrowserPanelView{5ae2aec V.E...... ......I. 0,0-1440,2040} during layout: running second layout pass
06-02 17:10:39.042 31804 31804 W View    : requestLayout() improperly called by helium314.keyboard.latin.panels.BrowserPanelView{5ae2aec V.E...... ........ 0,0-1440,2040} during second layout pass: posting in next frame
06-02 17:10:39.056 31804 31804 W View    : requestLayout() improperly called by helium314.keyboard.latin.panels.BrowserPanelView{5ae2aec V.E...... ......I. 0,0-1440,2040} during layout: running second layout pass
06-02 17:10:39.059 31804 31804 W View    : requestLayout() improperly called by helium314.keyboard.latin.panels.BrowserPanelView{5ae2aec V.E...... ........ 0,0-1440,2040} during second layout pass: posting in next frame
06-02 17:10:39.072 31804 31804 W View    : requestLayout() improperly called by helium314.keyboard.latin.panels.BrowserPanelView{5ae2aec V.E...... ......I. 0,0-1440,2040} during layout: running second layout pass
06-02 17:10:39.076 31804 31804 W View    : requestLayout() improperly called by helium314.keyboard.latin.panels.BrowserPanelView{5ae2aec V.E...... ........ 0,0-1440,2040} during second layout pass: posting in next frame
06-02 17:10:39.090 31804 31804 W View    : requestLayout() improperly called by helium314.keyboard.latin.panels.BrowserPanelView{5ae2aec V.E...... ......I. 0,0-1440,2040} during layout: running second layout pass
06-02 17:10:39.095 31804 31804 W View    : requestLayout() improperly called by helium314.keyboard.latin.panels.BrowserPanelView{5ae2aec V.E...... .......D 0,0-1440,2040} during second layout pass: posting in next frame
06-02 17:10:39.096 31804 31804 W com.vibekey.keyboard: type=1400 audit(0.0:61737): avc: denied { nlmsg_readpriv } for comm=536F636B657420546872656164 scontext=u:r:untrusted_app:s0:c56,c271,c512,c768 tcontext=u:r:untrusted_app:s0:c56,c271,c512,c768 tclass=netlink_route_socket permissive=0 bug=b/155595000 app=com.vibekey.keyboard
06-02 17:10:39.107 31804 31804 W View    : requestLayout() improperly called by helium314.keyboard.latin.panels.BrowserPanelView{5ae2aec V.E...... ......ID 0,0-1440,2040} during layout: running second layout pass
06-02 17:10:39.110 31804 31804 W View    : requestLayout() improperly called by helium314.keyboard.latin.panels.BrowserPanelView{5ae2aec V.E...... ........ 0,0-1440,2040} during second layout pass: posting in next frame
06-02 17:10:39.106 31804 31804 W com.vibekey.keyboard: type=1400 audit(0.0:61738): avc: denied { nlmsg_readpriv } for comm=536F636B657420546872656164 scontext=u:r:untrusted_app:s0:c56,c271,c512,c768 tcontext=u:r:untrusted_app:s0:c56,c271,c512,c768 tclass=netlink_route_socket permissive=0 bug=b/155595000 app=com.vibekey.keyboard
06-02 17:10:39.124 31804 31804 W View    : requestLayout() improperly called by helium314.keyboard.latin.panels.BrowserPanelView{5ae2aec V.E...... ......I. 0,0-1440,2040} during layout: running second layout pass
06-02 17:10:39.131 31804 31804 W View    : requestLayout() improperly called by helium314.keyboard.latin.panels.BrowserPanelView{5ae2aec V.E...... ........ 0,0-1440,2040} during second layout pass: posting in next frame
06-02 17:10:39.140 31804 31804 W View    : requestLayout() improperly called by helium314.keyboard.latin.panels.BrowserPanelView{5ae2aec V.E...... ......I. 0,0-1440,2040} during layout: running second layout pass
06-02 17:10:39.145 31804 31804 W View    : requestLayout() improperly called by helium314.keyboard.latin.panels.BrowserPanelView{5ae2aec V.E...... ........ 0,0-1440,2040} during second layout pass: posting in next frame
06-02 17:10:39.156 31804 31804 W View    : requestLayout() improperly called by helium314.keyboard.latin.panels.BrowserPanelView{5ae2aec V.E...... ......I. 0,0-1440,2040} during layout: running second layout pass
06-02 17:10:39.160 31804 31804 W View    : requestLayout() improperly called by helium314.keyboard.latin.panels.BrowserPanelView{5ae2aec V.E...... ........ 0,0-1440,2040} during second layout pass: posting in next frame
06-02 17:10:39.161 32631 32651 W Isolated Web Content: [JavaScript Warning: "Ignoring unsupported entryTypes: longtask." {file: "https://static-redesign.cnbcfm.com/dist/main-63c43b9914a9a4376060.js" line: 2}]
06-02 17:10:39.172 31804 31804 W View    : requestLayout() improperly called by helium314.keyboard.latin.panels.BrowserPanelView{5ae2aec V.E...... ......I. 0,0-1440,2040} during layout: running second layout pass
06-02 17:10:39.175 31804 31804 W View    : requestLayout() improperly called by helium314.keyboard.latin.panels.BrowserPanelView{5ae2aec V.E...... ........ 0,0-1440,2040} during second layout pass: posting in next frame
06-02 17:10:39.188 31804 31804 W View    : requestLayout() improperly called by helium314.keyboard.latin.panels.BrowserPanelView{5ae2aec V.E...... ......I. 0,0-1440,2040} during layout: running second layout pass
06-02 17:10:39.191 31804 31804 W View    : requestLayout() improperly called by helium314.keyboard.latin.panels.BrowserPanelView{5ae2aec V.E...... ........ 0,0-1440,2040} during second layout pass: posting in next frame
06-02 17:10:39.205 31804 31804 W View    : requestLayout() improperly called by helium314.keyboard.latin.panels.BrowserPanelView{5ae2aec V.E...... ......I. 0,0-1440,2040} during layout: running second layout pass
06-02 17:10:39.211 31804 31804 W View    : requestLayout() improperly called by helium314.keyboard.latin.panels.BrowserPanelView{5ae2aec V.E...... ........ 0,0-1440,2040} during second layout pass: posting in next frame
06-02 17:10:39.222 31804 31804 W View    : requestLayout() improperly called by helium314.keyboard.latin.panels.BrowserPanelView{5ae2aec V.E...... ......I. 0,0-1440,2040} during layout: running second layout pass
06-02 17:10:39.227 31804 31804 W View    : requestLayout() improperly called by helium314.keyboard.latin.panels.BrowserPanelView{5ae2aec V.E...... ........ 0,0-1440,2040} during second layout pass: posting in next frame
06-02 17:10:39.240 31804 31804 W View    : requestLayout() improperly called by helium314.keyboard.latin.panels.BrowserPanelView{5ae2aec V.E...... ......I. 0,0-1440,2040} during layout: running second layout pass
06-02 17:10:39.243 31804 31804 W View    : requestLayout() improperly called by helium314.keyboard.latin.panels.BrowserPanelView{5ae2aec V.E...... ........ 0,0-1440,2040} during second layout pass: posting in next frame
06-02 17:10:39.256 31804 31804 W View    : requestLayout() improperly called by helium314.keyboard.latin.panels.BrowserPanelView{5ae2aec V.E...... ......I. 0,0-1440,2040} during layout: running second layout pass
06-02 17:10:39.259 31804 31804 W View    : requestLayout() improperly called by helium314.keyboard.latin.panels.BrowserPanelView{5ae2aec V.E...... ........ 0,0-1440,2040} during second layout pass: posting in next frame
06-02 17:10:39.272 31804 31804 W View    : requestLayout() improperly called by helium314.keyboard.latin.panels.BrowserPanelView{5ae2aec V.E...... ......I. 0,0-1440,2040} during layout: running second layout pass
06-02 17:10:39.275 31804 31804 W View    : requestLayout() improperly called by helium314.keyboard.latin.panels.BrowserPanelView{5ae2aec V.E...... ........ 0,0-1440,2040} during second layout pass: posting in next frame
06-02 17:10:39.290 31804 31804 W View    : requestLayout() improperly called by helium314.keyboard.latin.panels.BrowserPanelView{5ae2aec V.E...... ......I. 0,0-1440,2040} during layout: running second layout pass
06-02 17:10:39.295 31804 31804 W View    : requestLayout() improperly called by helium314.keyboard.latin.panels.BrowserPanelView{5ae2aec V.E...... ........ 0,0-1440,2040} during second layout pass: posting in next frame
06-02 17:10:39.307 31804 31804 W View    : requestLayout() improperly called by helium314.keyboard.latin.panels.BrowserPanelView{5ae2aec V.E...... ......I. 0,0-1440,2040} during layout: running second layout pass
06-02 17:10:39.312 31804 31804 W View    : requestLayout() improperly called by helium314.keyboard.latin.panels.BrowserPanelView{5ae2aec V.E...... ........ 0,0-1440,2040} during second layout pass: posting in next frame
06-02 17:10:39.323 31804 31804 W View    : requestLayout() improperly called by helium314.keyboard.latin.panels.BrowserPanelView{5ae2aec V.E...... ......I. 0,0-1440,2040} during layout: running second layout pass
06-02 17:10:39.331 31804 31804 W View    : requestLayout() improperly called by helium314.keyboard.latin.panels.BrowserPanelView{5ae2aec V.E...... ........ 0,0-1440,2040} during second layout pass: posting in next frame
06-02 17:10:39.340 31804 31804 W View    : requestLayout() improperly called by helium314.keyboard.latin.panels.BrowserPanelView{5ae2aec V.E...... ......I. 0,0-1440,2040} during layout: running second layout pass
06-02 17:10:39.343 31804 31804 W View    : requestLayout() improperly called by helium314.keyboard.latin.panels.BrowserPanelView{5ae2aec V.E...... ........ 0,0-1440,2040} during second layout pass: posting in next frame
06-02 17:10:39.357 31804 31804 W View    : requestLayout() improperly called by helium314.keyboard.latin.panels.BrowserPanelView{5ae2aec V.E...... ......I. 0,0-1440,2040} during layout: running second layout pass
06-02 17:10:39.360 31804 31804 W View    : requestLayout() improperly called by helium314.keyboard.latin.panels.BrowserPanelView{5ae2aec V.E...... ........ 0,0-1440,2040} during second layout pass: posting in next frame
06-02 17:10:39.373 31804 31804 W View    : requestLayout() improperly called by helium314.keyboard.latin.panels.BrowserPanelView{5ae2aec V.E...... ......I. 0,0-1440,2040} during layout: running second layout pass
06-02 17:10:39.378 31804 31804 W View    : requestLayout() improperly called by helium314.keyboard.latin.panels.BrowserPanelView{5ae2aec V.E...... ........ 0,0-1440,2040} during second layout pass: posting in next frame
06-02 17:10:39.391 31804 31804 W View    : requestLayout() improperly called by helium314.keyboard.latin.panels.BrowserPanelView{5ae2aec V.E...... ......I. 0,0-1440,2040} during layout: running second layout pass
06-02 17:10:39.396 31804 31804 W View    : requestLayout() improperly called by helium314.keyboard.latin.panels.BrowserPanelView{5ae2aec V.E...... ........ 0,0-1440,2040} during second layout pass: posting in next frame
06-02 17:10:39.407 31804 31804 W View    : requestLayout() improperly called by helium314.keyboard.latin.panels.BrowserPanelView{5ae2aec V.E...... ......I. 0,0-1440,2040} during layout: running second layout pass
06-02 17:10:39.411 31804 31804 W View    : requestLayout() improperly called by helium314.keyboard.latin.panels.BrowserPanelView{5ae2aec V.E...... ........ 0,0-1440,2040} during second layout pass: posting in next frame
06-02 17:10:39.423 31804 31804 W View    : requestLayout() improperly called by helium314.keyboard.latin.panels.BrowserPanelView{5ae2aec V.E...... ......I. 0,0-1440,2040} during layout: running second layout pass
06-02 17:10:39.426 31804 31804 W View    : requestLayout() improperly called by helium314.keyboard.latin.panels.BrowserPanelView{5ae2aec V.E...... ........ 0,0-1440,2040} during second layout pass: posting in next frame
06-02 17:10:39.440 31804 31804 W View    : requestLayout() improperly called by helium314.keyboard.latin.panels.BrowserPanelView{5ae2aec V.E...... ......I. 0,0-1440,2040} during layout: running second layout pass
06-02 17:10:39.444 31804 31804 W View    : requestLayout() improperly called by helium314.keyboard.latin.panels.BrowserPanelView{5ae2aec V.E...... ........ 0,0-1440,2040} during second layout pass: posting in next frame
06-02 17:10:39.436 31804 31804 W com.vibekey.keyboard: type=1400 audit(0.0:61740): avc: denied { nlmsg_readpriv } for comm=536F636B657420546872656164 scontext=u:r:untrusted_app:s0:c56,c271,c512,c768 tcontext=u:r:untrusted_app:s0:c56,c271,c512,c768 tclass=netlink_route_socket permissive=0 bug=b/155595000 app=com.vibekey.keyboard
06-02 17:10:39.457 31804 31804 W View    : requestLayout() improperly called by helium314.keyboard.latin.panels.BrowserPanelView{5ae2aec V.E...... ......I. 0,0-1440,2040} during layout: running second layout pass
06-02 17:10:39.461 31804 31804 W View    : requestLayout() improperly called by helium314.keyboard.latin.panels.BrowserPanelView{5ae2aec V.E...... ........ 0,0-1440,2040} during second layout pass: posting in next frame
06-02 17:10:39.446 31804 31804 W com.vibekey.keyboard: type=1400 audit(0.0:61741): avc: denied { nlmsg_readpriv } for comm=536F636B657420546872656164 scontext=u:r:untrusted_app:s0:c56,c271,c512,c768 tcontext=u:r:untrusted_app:s0:c56,c271,c512,c768 tclass=netlink_route_socket permissive=0 bug=b/155595000 app=com.vibekey.keyboard
06-02 17:10:39.474 31804 31804 W View    : requestLayout() improperly called by helium314.keyboard.latin.panels.BrowserPanelView{5ae2aec V.E...... ......I. 0,0-1440,2040} during layout: running second layout pass
06-02 17:10:39.477 31804 31804 W View    : requestLayout() improperly called by helium314.keyboard.latin.panels.BrowserPanelView{5ae2aec V.E...... ........ 0,0-1440,2040} during second layout pass: posting in next frame
06-02 17:10:39.490 31804 31804 W View    : requestLayout() improperly called by helium314.keyboard.latin.panels.BrowserPanelView{5ae2aec V.E...... ......I. 0,0-1440,2040} during layout: running second layout pass
06-02 17:10:39.494 31804 31804 W View    : requestLayout() improperly called by helium314.keyboard.latin.panels.BrowserPanelView{5ae2aec V.E...... ........ 0,0-1440,2040} during second layout pass: posting in next frame
06-02 17:10:39.507 31804 31804 W View    : requestLayout() improperly called by helium314.keyboard.latin.panels.BrowserPanelView{5ae2aec V.E...... ......I. 0,0-1440,2040} during layout: running second layout pass
06-02 17:10:39.511 31804 31804 W View    : requestLayout() improperly called by helium314.keyboard.latin.panels.BrowserPanelView{5ae2aec V.E...... ........ 0,0-1440,2040} during second layout pass: posting in next frame
06-02 17:10:39.523 31804 31804 W View    : requestLayout() improperly called by helium314.keyboard.latin.panels.BrowserPanelView{5ae2aec V.E...... ......I. 0,0-1440,2040} during layout: running second layout pass
06-02 17:10:39.528 31804 31804 W View    : requestLayout() improperly called by helium314.keyboard.latin.panels.BrowserPanelView{5ae2aec V.E...... ........ 0,0-1440,2040} during second layout pass: posting in next frame
06-02 17:10:39.541 31804 31804 W View    : requestLayout() improperly called by helium314.keyboard.latin.panels.BrowserPanelView{5ae2aec V.E...... ......I. 0,0-1440,2040} during layout: running second layout pass
06-02 17:10:39.545 31804 31804 W View    : requestLayout() improperly called by helium314.keyboard.latin.panels.BrowserPanelView{5ae2aec V.E...... ........ 0,0-1440,2040} during second layout pass: posting in next frame
06-02 17:10:39.557 31804 31804 W View    : requestLayout() improperly called by helium314.keyboard.latin.panels.BrowserPanelView{5ae2aec V.E...... ......I. 0,0-1440,2040} during layout: running second layout pass
06-02 17:10:39.567 31804 31804 W View    : requestLayout() improperly called by helium314.keyboard.latin.panels.BrowserPanelView{5ae2aec V.E...... ........ 0,0-1440,2040} during second layout pass: posting in next frame
06-02 17:10:39.573 31804 31804 W View    : requestLayout() improperly called by helium314.keyboard.latin.panels.BrowserPanelView{5ae2aec V.E...... ......I. 0,0-1440,2040} during layout: running second layout pass
06-02 17:10:39.578 31804 31804 W View    : requestLayout() improperly called by helium314.keyboard.latin.panels.BrowserPanelView{5ae2aec V.E...... ........ 0,0-1440,2040} during second layout pass: posting in next frame
06-02 17:10:39.590 31804 31804 W View    : requestLayout() improperly called by helium314.keyboard.latin.panels.BrowserPanelView{5ae2aec V.E...... ......I. 0,0-1440,2040} during layout: running second layout pass
06-02 17:10:39.594 31804 31804 W View    : requestLayout() improperly called by helium314.keyboard.latin.panels.BrowserPanelView{5ae2aec V.E...... ........ 0,0-1440,2040} during second layout pass: posting in next frame
06-02 17:10:39.586 31804 31804 W com.vibekey.keyboard: type=1400 audit(0.0:61742): avc: denied { nlmsg_readpriv } for comm=536F636B657420546872656164 scontext=u:r:untrusted_app:s0:c56,c271,c512,c768 tcontext=u:r:untrusted_app:s0:c56,c271,c512,c768 tclass=netlink_route_socket permissive=0 bug=b/155595000 app=com.vibekey.keyboard
06-02 17:10:39.607 31804 31804 W View    : requestLayout() improperly called by helium314.keyboard.latin.panels.BrowserPanelView{5ae2aec V.E...... ......I. 0,0-1440,2040} during layout: running second layout pass
06-02 17:10:39.612 31804 31804 W View    : requestLayout() improperly called by helium314.keyboard.latin.panels.BrowserPanelView{5ae2aec V.E...... ........ 0,0-1440,2040} during second layout pass: posting in next frame
06-02 17:10:39.624 31804 31804 W View    : requestLayout() improperly called by helium314.keyboard.latin.panels.BrowserPanelView{5ae2aec V.E...... ......I. 0,0-1440,2040} during layout: running second layout pass
06-02 17:10:39.616 31804 31804 W com.vibekey.keyboard: type=1400 audit(0.0:61743): avc: denied { nlmsg_readpriv } for comm=536F636B657420546872656164 scontext=u:r:untrusted_app:s0:c56,c271,c512,c768 tcontext=u:r:untrusted_app:s0:c56,c271,c512,c768 tclass=netlink_route_socket permissive=0 bug=b/155595000 app=com.vibekey.keyboard
06-02 17:10:39.627 31804 31804 W View    : requestLayout() improperly called by helium314.keyboard.latin.panels.BrowserPanelView{5ae2aec V.E...... ........ 0,0-1440,2040} during second layout pass: posting in next frame
06-02 17:10:39.641 31804 31804 W View    : requestLayout() improperly called by helium314.keyboard.latin.panels.BrowserPanelView{5ae2aec V.E...... ......I. 0,0-1440,2040} during layout: running second layout pass
06-02 17:10:39.616 31804 31804 W com.vibekey.keyboard: type=1400 audit(0.0:61744): avc: denied { nlmsg_readpriv } for comm=536F636B657420546872656164 scontext=u:r:untrusted_app:s0:c56,c271,c512,c768 tcontext=u:r:untrusted_app:s0:c56,c271,c512,c768 tclass=netlink_route_socket permissive=0 bug=b/155595000 app=com.vibekey.keyboard
06-02 17:10:39.645 31804 31804 W View    : requestLayout() improperly called by helium314.keyboard.latin.panels.BrowserPanelView{5ae2aec V.E...... ........ 0,0-1440,2040} during second layout pass: posting in next frame
06-02 17:10:39.659 31804 31804 W View    : requestLayout() improperly called by helium314.keyboard.latin.panels.BrowserPanelView{5ae2aec V.E...... ......I. 0,0-1440,2040} during layout: running second layout pass
06-02 17:10:39.663 31804 31804 W View    : requestLayout() improperly called by helium314.keyboard.latin.panels.BrowserPanelView{5ae2aec V.E...... ........ 0,0-1440,2040} during second layout pass: posting in next frame
06-02 17:10:39.673 31804 31804 W View    : requestLayout() improperly called by helium314.keyboard.latin.panels.BrowserPanelView{5ae2aec V.E...... ......I. 0,0-1440,2040} during layout: running second layout pass
06-02 17:10:39.679 31804 31804 W View    : requestLayout() improperly called by helium314.keyboard.latin.panels.BrowserPanelView{5ae2aec V.E...... ........ 0,0-1440,2040} during second layout pass: posting in next frame
06-02 17:10:39.690 31804 31804 W View    : requestLayout() improperly called by helium314.keyboard.latin.panels.BrowserPanelView{5ae2aec V.E...... ......I. 0,0-1440,2040} during layout: running second layout pass
06-02 17:10:39.701 31804 31804 W View    : requestLayout() improperly called by helium314.keyboard.latin.panels.BrowserPanelView{5ae2aec V.E...... ........ 0,0-1440,2040} during second layout pass: posting in next frame
06-02 17:10:39.707 31804 31804 W View    : requestLayout() improperly called by helium314.keyboard.latin.panels.BrowserPanelView{5ae2aec V.E...... ......I. 0,0-1440,2040} during layout: running second layout pass
06-02 17:10:39.714 31804 31804 W View    : requestLayout() improperly called by helium314.keyboard.latin.panels.BrowserPanelView{5ae2aec V.E...... ........ 0,0-1440,2040} during second layout pass: posting in next frame
06-02 17:10:39.723 31804 31804 W View    : requestLayout() improperly called by helium314.keyboard.latin.panels.BrowserPanelView{5ae2aec V.E...... ......I. 0,0-1440,2040} during layout: running second layout pass
06-02 17:10:39.728 31804 31804 W View    : requestLayout() improperly called by helium314.keyboard.latin.panels.BrowserPanelView{5ae2aec V.E...... ........ 0,0-1440,2040} during second layout pass: posting in next frame
06-02 17:10:39.742 31804 31804 W View    : requestLayout() improperly called by helium314.keyboard.latin.panels.BrowserPanelView{5ae2aec V.E...... ......I. 0,0-1440,2040} during layout: running second layout pass
06-02 17:10:39.748 31804 31804 W View    : requestLayout() improperly called by helium314.keyboard.latin.panels.BrowserPanelView{5ae2aec V.E...... ........ 0,0-1440,2040} during second layout pass: posting in next frame
06-02 17:10:39.757 31804 31804 W View    : requestLayout() improperly called by helium314.keyboard.latin.panels.BrowserPanelView{5ae2aec V.E...... ......I. 0,0-1440,2040} during layout: running second layout pass
06-02 17:10:39.761 31804 31804 W View    : requestLayout() improperly called by helium314.keyboard.latin.panels.BrowserPanelView{5ae2aec V.E...... ........ 0,0-1440,2040} during second layout pass: posting in next frame
06-02 17:10:39.774 31804 31804 W View    : requestLayout() improperly called by helium314.keyboard.latin.panels.BrowserPanelView{5ae2aec V.E...... ......I. 0,0-1440,2040} during layout: running second layout pass
06-02 17:10:39.778 31804 31804 W View    : requestLayout() improperly called by helium314.keyboard.latin.panels.BrowserPanelView{5ae2aec V.E...... ........ 0,0-1440,2040} during second layout pass: posting in next frame
06-02 17:10:39.790 31804 31804 W View    : requestLayout() improperly called by helium314.keyboard.latin.panels.BrowserPanelView{5ae2aec V.E...... ......I. 0,0-1440,2040} during layout: running second layout pass
06-02 17:10:39.797 31804 31804 W View    : requestLayout() improperly called by helium314.keyboard.latin.panels.BrowserPanelView{5ae2aec V.E...... ........ 0,0-1440,2040} during second layout pass: posting in next frame
06-02 17:10:39.808 31804 31804 W View    : requestLayout() improperly called by helium314.keyboard.latin.panels.BrowserPanelView{5ae2aec V.E...... ......I. 0,0-1440,2040} during layout: running second layout pass
06-02 17:10:39.811 31804 31804 W View    : requestLayout() improperly called by helium314.keyboard.latin.panels.BrowserPanelView{5ae2aec V.E...... ........ 0,0-1440,2040} during second layout pass: posting in next frame
06-02 17:10:39.825 31804 31804 W View    : requestLayout() improperly called by helium314.keyboard.latin.panels.BrowserPanelView{5ae2aec V.E...... ......I. 0,0-1440,2040} during layout: running second layout pass
06-02 17:10:39.828 31804 31804 W View    : requestLayout() improperly called by helium314.keyboard.latin.panels.BrowserPanelView{5ae2aec V.E...... ........ 0,0-1440,2040} during second layout pass: posting in next frame
06-02 17:10:39.840 31804 31804 W View    : requestLayout() improperly called by helium314.keyboard.latin.panels.BrowserPanelView{5ae2aec V.E...... ......I. 0,0-1440,2040} during layout: running second layout pass
06-02 17:10:39.845 31804 31804 W View    : requestLayout() improperly called by helium314.keyboard.latin.panels.BrowserPanelView{5ae2aec V.E...... ........ 0,0-1440,2040} during second layout pass: posting in next frame
06-02 17:10:39.857 31804 31804 W View    : requestLayout() improperly called by helium314.keyboard.latin.panels.BrowserPanelView{5ae2aec V.E...... ......I. 0,0-1440,2040} during layout: running second layout pass
06-02 17:10:39.860 31804 31804 W View    : requestLayout() improperly called by helium314.keyboard.latin.panels.BrowserPanelView{5ae2aec V.E...... ........ 0,0-1440,2040} during second layout pass: posting in next frame
06-02 17:10:39.874 31804 31804 W View    : requestLayout() improperly called by helium314.keyboard.latin.panels.BrowserPanelView{5ae2aec V.E...... ......I. 0,0-1440,2040} during layout: running second layout pass
06-02 17:10:39.878 31804 31804 W View    : requestLayout() improperly called by helium314.keyboard.latin.panels.BrowserPanelView{5ae2aec V.E...... ........ 0,0-1440,2040} during second layout pass: posting in next frame
06-02 17:10:39.891 31804 31804 W View    : requestLayout() improperly called by helium314.keyboard.latin.panels.BrowserPanelView{5ae2aec V.E...... ......I. 0,0-1440,2040} during layout: running second layout pass
06-02 17:10:39.896 31804 31804 W View    : requestLayout() improperly called by helium314.keyboard.latin.panels.BrowserPanelView{5ae2aec V.E...... ........ 0,0-1440,2040} during second layout pass: posting in next frame
06-02 17:10:39.908 31804 31804 W View    : requestLayout() improperly called by helium314.keyboard.latin.panels.BrowserPanelView{5ae2aec V.E...... ......I. 0,0-1440,2040} during layout: running second layout pass
06-02 17:10:39.913 31804 31804 W View    : requestLayout() improperly called by helium314.keyboard.latin.panels.BrowserPanelView{5ae2aec V.E...... ........ 0,0-1440,2040} during second layout pass: posting in next frame
06-02 17:10:39.925 31804 31804 W View    : requestLayout() improperly called by helium314.keyboard.latin.panels.BrowserPanelView{5ae2aec V.E...... ......I. 0,0-1440,2040} during layout: running second layout pass
06-02 17:10:39.931 31804 31804 W View    : requestLayout() improperly called by helium314.keyboard.latin.panels.BrowserPanelView{5ae2aec V.E...... ........ 0,0-1440,2040} during second layout pass: posting in next frame
06-02 17:10:39.941 31804 31804 W View    : requestLayout() improperly called by helium314.keyboard.latin.panels.BrowserPanelView{5ae2aec V.E...... ......I. 0,0-1440,2040} during layout: running second layout pass
06-02 17:10:39.944 31804 31804 W View    : requestLayout() improperly called by helium314.keyboard.latin.panels.BrowserPanelView{5ae2aec V.E...... ........ 0,0-1440,2040} during second layout pass: posting in next frame
06-02 17:10:39.949 32631 32651 W Isolated Web Content: [JavaScript Warning: "The script from “https://tag.bounceexchange.com/1021/i.js” was loaded even though its MIME type (“text/plain”) is not a valid JavaScript MIME type." {file: "https://www.cnbc.com/" line: 0}]
06-02 17:10:39.958 31804 31804 W View    : requestLayout() improperly called by helium314.keyboard.latin.panels.BrowserPanelView{5ae2aec V.E...... ......I. 0,0-1440,2040} during layout: running second layout pass
06-02 17:10:39.964 31804 31804 W View    : requestLayout() improperly called by helium314.keyboard.latin.panels.BrowserPanelView{5ae2aec V.E...... ........ 0,0-1440,2040} during second layout pass: posting in next frame
06-02 17:10:39.974 31804 31804 W View    : requestLayout() improperly called by helium314.keyboard.latin.panels.BrowserPanelView{5ae2aec V.E...... ......I. 0,0-1440,2040} during layout: running second layout pass
06-02 17:10:39.978 31804 31804 W View    : requestLayout() improperly called by helium314.keyboard.latin.panels.BrowserPanelView{5ae2aec V.E...... ........ 0,0-1440,2040} during second layout pass: posting in next frame
06-02 17:10:39.992 31804 31804 W View    : requestLayout() improperly called by helium314.keyboard.latin.panels.BrowserPanelView{5ae2aec V.E...... ......I. 0,0-1440,2040} during layout: running second layout pass
06-02 17:10:39.995 31804 31804 W View    : requestLayout() improperly called by helium314.keyboard.latin.panels.BrowserPanelView{5ae2aec V.E...... ........ 0,0-1440,2040} during second layout pass: posting in next frame
06-02 17:10:40.008 31804 31804 W View    : requestLayout() improperly called by helium314.keyboard.latin.panels.BrowserPanelView{5ae2aec V.E...... ......I. 0,0-1440,2040} during layout: running second layout pass
06-02 17:10:40.020 31804 31804 W View    : requestLayout() improperly called by helium314.keyboard.latin.panels.BrowserPanelView{5ae2aec V.E...... ........ 0,0-1440,2040} during second layout pass: posting in next frame
