06-05 14:03:52.654 26150 26150 W View    : requestLayout() improperly called by helium314.keyboard.latin.panels.BrowserPanelView{ef103e4 V.E...... ........ 0,0-1440,1988} during second layout pass: posting in next frame
06-05 14:03:52.665 26150 26150 W View    : requestLayout() improperly called by helium314.keyboard.latin.panels.BrowserPanelView{ef103e4 V.E...... ......I. 0,0-1440,1988} during layout: running second layout pass
06-05 14:03:52.671 26150 26150 W View    : requestLayout() improperly called by helium314.keyboard.latin.panels.BrowserPanelView{ef103e4 V.E...... ........ 0,0-1440,1988} during second layout pass: posting in next frame
06-05 14:03:52.682 26150 26150 W View    : requestLayout() improperly called by helium314.keyboard.latin.panels.BrowserPanelView{ef103e4 V.E...... ......ID 0,0-1440,1988} during layout: running second layout pass
06-05 14:03:52.688 26150 26150 W View    : requestLayout() improperly called by helium314.keyboard.latin.panels.BrowserPanelView{ef103e4 V.E...... ........ 0,0-1440,1988} during second layout pass: posting in next frame
06-05 14:03:52.700 26150 26150 W View    : requestLayout() improperly called by helium314.keyboard.latin.panels.BrowserPanelView{ef103e4 V.E...... ......I. 0,0-1440,1988} during layout: running second layout pass
06-05 14:03:52.706 26150 26150 W View    : requestLayout() improperly called by helium314.keyboard.latin.panels.BrowserPanelView{ef103e4 V.E...... ........ 0,0-1440,1988} during second layout pass: posting in next frame
06-05 14:03:52.715 26150 26150 W View    : requestLayout() improperly called by helium314.keyboard.latin.panels.BrowserPanelView{ef103e4 V.E...... ......I. 0,0-1440,1988} during layout: running second layout pass
06-05 14:03:52.721 26150 26150 W View    : requestLayout() improperly called by helium314.keyboard.latin.panels.BrowserPanelView{ef103e4 V.E...... ........ 0,0-1440,1988} during second layout pass: posting in next frame
06-05 14:03:52.732 26150 26150 W View    : requestLayout() improperly called by helium314.keyboard.latin.panels.BrowserPanelView{ef103e4 V.E...... ......I. 0,0-1440,1988} during layout: running second layout pass
06-05 14:03:52.738 26150 26150 W View    : requestLayout() improperly called by helium314.keyboard.latin.panels.BrowserPanelView{ef103e4 V.E...... ........ 0,0-1440,1988} during second layout pass: posting in next frame
06-05 14:03:52.749 26150 26150 W View    : requestLayout() improperly called by helium314.keyboard.latin.panels.BrowserPanelView{ef103e4 V.E...... ......I. 0,0-1440,1988} during layout: running second layout pass
06-05 14:03:52.755 26150 26150 W View    : requestLayout() improperly called by helium314.keyboard.latin.panels.BrowserPanelView{ef103e4 V.E...... ........ 0,0-1440,1988} during second layout pass: posting in next frame
06-05 14:03:52.766 26150 26150 W View    : requestLayout() improperly called by helium314.keyboard.latin.panels.BrowserPanelView{ef103e4 V.E...... ......I. 0,0-1440,1988} during layout: running second layout pass
06-05 14:03:52.772 26150 26150 W View    : requestLayout() improperly called by helium314.keyboard.latin.panels.BrowserPanelView{ef103e4 V.E...... ........ 0,0-1440,1988} during second layout pass: posting in next frame
06-05 14:03:52.783 26150 26150 W View    : requestLayout() improperly called by helium314.keyboard.latin.panels.BrowserPanelView{ef103e4 V.E...... ......I. 0,0-1440,1988} during layout: running second layout pass
06-05 14:03:52.789 26150 26150 W View    : requestLayout() improperly called by helium314.keyboard.latin.panels.BrowserPanelView{ef103e4 V.E...... ........ 0,0-1440,1988} during second layout pass: posting in next frame
06-05 14:03:52.800 26150 26150 W View    : requestLayout() improperly called by helium314.keyboard.latin.panels.BrowserPanelView{ef103e4 V.E...... ......ID 0,0-1440,1988} during layout: running second layout pass
06-05 14:03:52.806 26150 26150 W View    : requestLayout() improperly called by helium314.keyboard.latin.panels.BrowserPanelView{ef103e4 V.E...... ........ 0,0-1440,1988} during second layout pass: posting in next frame
06-05 14:03:52.816 26150 26150 W View    : requestLayout() improperly called by helium314.keyboard.latin.panels.BrowserPanelView{ef103e4 V.E...... ......I. 0,0-1440,1988} during layout: running second layout pass
06-05 14:03:52.822 26150 26150 W View    : requestLayout() improperly called by helium314.keyboard.latin.panels.BrowserPanelView{ef103e4 V.E...... ........ 0,0-1440,1988} during second layout pass: posting in next frame
06-05 14:03:52.832 26150 26150 W View    : requestLayout() improperly called by helium314.keyboard.latin.panels.BrowserPanelView{ef103e4 V.E...... ......I. 0,0-1440,1988} during layout: running second layout pass
06-05 14:03:52.839 26150 26150 W View    : requestLayout() improperly called by helium314.keyboard.latin.panels.BrowserPanelView{ef103e4 V.E...... ........ 0,0-1440,1988} during second layout pass: posting in next frame
06-05 14:03:52.849 26150 26150 W View    : requestLayout() improperly called by helium314.keyboard.latin.panels.BrowserPanelView{ef103e4 V.E...... ......I. 0,0-1440,1988} during layout: running second layout pass
06-05 14:03:52.855 26150 26150 W View    : requestLayout() improperly called by helium314.keyboard.latin.panels.BrowserPanelView{ef103e4 V.E...... ........ 0,0-1440,1988} during second layout pass: posting in next frame
06-05 14:03:52.866 26150 26150 W View    : requestLayout() improperly called by helium314.keyboard.latin.panels.BrowserPanelView{ef103e4 V.E...... ......I. 0,0-1440,1988} during layout: running second layout pass
06-05 14:03:52.872 26150 26150 W View    : requestLayout() improperly called by helium314.keyboard.latin.panels.BrowserPanelView{ef103e4 V.E...... ........ 0,0-1440,1988} during second layout pass: posting in next frame
06-05 14:03:52.883 26150 26150 W View    : requestLayout() improperly called by helium314.keyboard.latin.panels.BrowserPanelView{ef103e4 V.E...... ......I. 0,0-1440,1988} during layout: running second layout pass
06-05 14:03:52.889 26150 26150 W View    : requestLayout() improperly called by helium314.keyboard.latin.panels.BrowserPanelView{ef103e4 V.E...... ........ 0,0-1440,1988} during second layout pass: posting in next frame
06-05 14:03:52.900 26150 26150 W View    : requestLayout() improperly called by helium314.keyboard.latin.panels.BrowserPanelView{ef103e4 V.E...... ......I. 0,0-1440,1988} during layout: running second layout pass
06-05 14:03:52.906 26150 26150 W View    : requestLayout() improperly called by helium314.keyboard.latin.panels.BrowserPanelView{ef103e4 V.E...... ........ 0,0-1440,1988} during second layout pass: posting in next frame
06-05 14:03:52.916 26150 26150 W View    : requestLayout() improperly called by helium314.keyboard.latin.panels.BrowserPanelView{ef103e4 V.E...... ......I. 0,0-1440,1988} during layout: running second layout pass
06-05 14:03:52.922 26150 26150 W View    : requestLayout() improperly called by helium314.keyboard.latin.panels.BrowserPanelView{ef103e4 V.E...... ........ 0,0-1440,1988} during second layout pass: posting in next frame
06-05 14:03:52.933 26150 26150 W View    : requestLayout() improperly called by helium314.keyboard.latin.panels.BrowserPanelView{ef103e4 V.E...... ......I. 0,0-1440,1988} during layout: running second layout pass
06-05 14:03:52.939 26150 26150 W View    : requestLayout() improperly called by helium314.keyboard.latin.panels.BrowserPanelView{ef103e4 V.E...... ........ 0,0-1440,1988} during second layout pass: posting in next frame
06-05 14:03:52.949 26150 26150 W View    : requestLayout() improperly called by helium314.keyboard.latin.panels.BrowserPanelView{ef103e4 V.E...... ......I. 0,0-1440,1988} during layout: running second layout pass
06-05 14:03:52.952 26150 26150 W View    : requestLayout() improperly called by helium314.keyboard.latin.panels.BrowserPanelView{ef103e4 V.E...... ........ 0,0-1440,1988} during second layout pass: posting in next frame
06-05 14:03:52.965  2191  2285 W AudioCapabilities: Unsupported mime audio/ffmpeg
06-05 14:03:52.966 26150 26150 W View    : requestLayout() improperly called by helium314.keyboard.latin.panels.BrowserPanelView{ef103e4 V.E...... ......I. 0,0-1440,1988} during layout: running second layout pass
06-05 14:03:52.966  2191  2285 W VideoCapabilities: Unsupported mime video/ffmpeg
06-05 14:03:52.966  2191  2285 W VideoCapabilities: Unrecognized profile/level 0/3 for video/mpeg2
06-05 14:03:52.966  2191  2285 W VideoCapabilities: Unrecognized profile/level 0/3 for video/mpeg2
06-05 14:03:52.971 26150 26150 W View    : requestLayout() improperly called by helium314.keyboard.latin.panels.BrowserPanelView{ef103e4 V.E...... ........ 0,0-1440,1988} during second layout pass: posting in next frame
06-05 14:03:52.983 26150 26150 W View    : requestLayout() improperly called by helium314.keyboard.latin.panels.BrowserPanelView{ef103e4 V.E...... ......I. 0,0-1440,1988} during layout: running second layout pass
06-05 14:03:52.989 26150 26150 W View    : requestLayout() improperly called by helium314.keyboard.latin.panels.BrowserPanelView{ef103e4 V.E...... ........ 0,0-1440,1988} during second layout pass: posting in next frame
06-05 14:03:52.999 26150 26150 W View    : requestLayout() improperly called by helium314.keyboard.latin.panels.BrowserPanelView{ef103e4 V.E...... ......I. 0,0-1440,1988} during layout: running second layout pass
06-05 14:03:53.005 26150 26150 W View    : requestLayout() improperly called by helium314.keyboard.latin.panels.BrowserPanelView{ef103e4 V.E...... ........ 0,0-1440,1988} during second layout pass: posting in next frame
06-05 14:03:53.018 26150 26150 W View    : requestLayout() improperly called by helium314.keyboard.latin.panels.BrowserPanelView{ef103e4 V.E...... ......I. 0,0-1440,1988} during layout: running second layout pass
06-05 14:03:53.026 26150 26150 W View    : requestLayout() improperly called by helium314.keyboard.latin.panels.BrowserPanelView{ef103e4 V.E...... ........ 0,0-1440,1988} during second layout pass: posting in next frame
06-05 14:03:53.033 26150 26150 W View    : requestLayout() improperly called by helium314.keyboard.latin.panels.BrowserPanelView{ef103e4 V.E...... ......I. 0,0-1440,1988} during layout: running second layout pass
06-05 14:03:53.039 26150 26150 W View    : requestLayout() improperly called by helium314.keyboard.latin.panels.BrowserPanelView{ef103e4 V.E...... ........ 0,0-1440,1988} during second layout pass: posting in next frame
06-05 14:03:53.050 26150 26150 W View    : requestLayout() improperly called by helium314.keyboard.latin.panels.BrowserPanelView{ef103e4 V.E...... ......I. 0,0-1440,1988} during layout: running second layout pass
06-05 14:03:53.056 26150 26150 W View    : requestLayout() improperly called by helium314.keyboard.latin.panels.BrowserPanelView{ef103e4 V.E...... ........ 0,0-1440,1988} during second layout pass: posting in next frame
06-05 14:03:53.066 26150 26150 W View    : requestLayout() improperly called by helium314.keyboard.latin.panels.BrowserPanelView{ef103e4 V.E...... ......ID 0,0-1440,1988} during layout: running second layout pass
06-05 14:03:53.072 26150 26150 W View    : requestLayout() improperly called by helium314.keyboard.latin.panels.BrowserPanelView{ef103e4 V.E...... ........ 0,0-1440,1988} during second layout pass: posting in next frame
06-05 14:03:53.083 26150 26150 W View    : requestLayout() improperly called by helium314.keyboard.latin.panels.BrowserPanelView{ef103e4 V.E...... ......ID 0,0-1440,1988} during layout: running second layout pass
06-05 14:03:53.087 26150 26150 W View    : requestLayout() improperly called by helium314.keyboard.latin.panels.BrowserPanelView{ef103e4 V.E...... ........ 0,0-1440,1988} during second layout pass: posting in next frame
06-05 14:03:53.099 26150 26150 W View    : requestLayout() improperly called by helium314.keyboard.latin.panels.BrowserPanelView{ef103e4 V.E...... ......I. 0,0-1440,1988} during layout: running second layout pass
06-05 14:03:53.103 26150 26150 W View    : requestLayout() improperly called by helium314.keyboard.latin.panels.BrowserPanelView{ef103e4 V.E...... ........ 0,0-1440,1988} during second layout pass: posting in next frame
06-05 14:03:53.116 26150 26150 W View    : requestLayout() improperly called by helium314.keyboard.latin.panels.BrowserPanelView{ef103e4 V.E...... ......I. 0,0-1440,1988} during layout: running second layout pass
06-05 14:03:53.121 26150 26150 W View    : requestLayout() improperly called by helium314.keyboard.latin.panels.BrowserPanelView{ef103e4 V.E...... ........ 0,0-1440,1988} during second layout pass: posting in next frame
06-05 14:03:53.133 26150 26150 W View    : requestLayout() improperly called by helium314.keyboard.latin.panels.BrowserPanelView{ef103e4 V.E...... ......I. 0,0-1440,1988} during layout: running second layout pass
06-05 14:03:53.136 26150 26150 W View    : requestLayout() improperly called by helium314.keyboard.latin.panels.BrowserPanelView{ef103e4 V.E...... ........ 0,0-1440,1988} during second layout pass: posting in next frame
06-05 14:03:53.149 26150 26150 W View    : requestLayout() improperly called by helium314.keyboard.latin.panels.BrowserPanelView{ef103e4 V.E...... ......I. 0,0-1440,1988} during layout: running second layout pass
06-05 14:03:53.152 26150 26150 W View    : requestLayout() improperly called by helium314.keyboard.latin.panels.BrowserPanelView{ef103e4 V.E...... ........ 0,0-1440,1988} during second layout pass: posting in next frame
06-05 14:03:53.166 26150 26150 W View    : requestLayout() improperly called by helium314.keyboard.latin.panels.BrowserPanelView{ef103e4 V.E...... ......I. 0,0-1440,1988} during layout: running second layout pass
06-05 14:03:53.170 26150 26150 W View    : requestLayout() improperly called by helium314.keyboard.latin.panels.BrowserPanelView{ef103e4 V.E...... ........ 0,0-1440,1988} during second layout pass: posting in next frame
06-05 14:03:53.183 26150 26150 W View    : requestLayout() improperly called by helium314.keyboard.latin.panels.BrowserPanelView{ef103e4 V.E...... ......I. 0,0-1440,1988} during layout: running second layout pass
06-05 14:03:53.188 26150 26150 W View    : requestLayout() improperly called by helium314.keyboard.latin.panels.BrowserPanelView{ef103e4 V.E...... ........ 0,0-1440,1988} during second layout pass: posting in next frame
06-05 14:03:53.200 26150 26150 W View    : requestLayout() improperly called by helium314.keyboard.latin.panels.BrowserPanelView{ef103e4 V.E...... ......I. 0,0-1440,1988} during layout: running second layout pass
06-05 14:03:53.206 26150 26150 W View    : requestLayout() improperly called by helium314.keyboard.latin.panels.BrowserPanelView{ef103e4 V.E...... ........ 0,0-1440,1988} during second layout pass: posting in next frame
06-05 14:03:53.216 26150 26150 W View    : requestLayout() improperly called by helium314.keyboard.latin.panels.BrowserPanelView{ef103e4 V.E...... ......I. 0,0-1440,1988} during layout: running second layout pass
06-05 14:03:53.222 26150 26150 W View    : requestLayout() improperly called by helium314.keyboard.latin.panels.BrowserPanelView{ef103e4 V.E...... ........ 0,0-1440,1988} during second layout pass: posting in next frame
06-05 14:03:53.233 26150 26150 W View    : requestLayout() improperly called by helium314.keyboard.latin.panels.BrowserPanelView{ef103e4 V.E...... ......I. 0,0-1440,1988} during layout: running second layout pass
06-05 14:03:53.236 26150 26150 W View    : requestLayout() improperly called by helium314.keyboard.latin.panels.BrowserPanelView{ef103e4 V.E...... ........ 0,0-1440,1988} during second layout pass: posting in next frame
06-05 14:03:53.250 26150 26150 W View    : requestLayout() improperly called by helium314.keyboard.latin.panels.BrowserPanelView{ef103e4 V.E...... ......I. 0,0-1440,1988} during layout: running second layout pass
06-05 14:03:53.253 26150 26150 W View    : requestLayout() improperly called by helium314.keyboard.latin.panels.BrowserPanelView{ef103e4 V.E...... ........ 0,0-1440,1988} during second layout pass: posting in next frame
06-05 14:03:53.266 26150 26150 W View    : requestLayout() improperly called by helium314.keyboard.latin.panels.BrowserPanelView{ef103e4 V.E...... ......I. 0,0-1440,1988} during layout: running second layout pass
06-05 14:03:53.272 26150 26150 W View    : requestLayout() improperly called by helium314.keyboard.latin.panels.BrowserPanelView{ef103e4 V.E...... ........ 0,0-1440,1988} during second layout pass: posting in next frame
06-05 14:03:53.272 32451 32477 W libEGL  : EGLNativeWindowType 0xb4000075c4eb0010 disconnect failed
06-05 14:03:53.283 26150 26150 W View    : requestLayout() improperly called by helium314.keyboard.latin.panels.BrowserPanelView{ef103e4 V.E...... ......I. 0,0-1440,1988} during layout: running second layout pass
06-05 14:03:53.290 26150 26150 W View    : requestLayout() improperly called by helium314.keyboard.latin.panels.BrowserPanelView{ef103e4 V.E...... ........ 0,0-1440,1988} during second layout pass: posting in next frame
06-05 14:03:53.300 26150 26150 W View    : requestLayout() improperly called by helium314.keyboard.latin.panels.BrowserPanelView{ef103e4 V.E...... ......ID 0,0-1440,1988} during layout: running second layout pass
06-05 14:03:53.306 26150 26150 W View    : requestLayout() improperly called by helium314.keyboard.latin.panels.BrowserPanelView{ef103e4 V.E...... ........ 0,0-1440,1988} during second layout pass: posting in next frame
06-05 14:03:53.316 26150 26150 W View    : requestLayout() improperly called by helium314.keyboard.latin.panels.BrowserPanelView{ef103e4 V.E...... ......I. 0,0-1440,1988} during layout: running second layout pass
06-05 14:03:53.320 26150 26150 W View    : requestLayout() improperly called by helium314.keyboard.latin.panels.BrowserPanelView{ef103e4 V.E...... .......D 0,0-1440,1988} during second layout pass: posting in next frame
06-05 14:03:53.333 26150 26150 W View    : requestLayout() improperly called by helium314.keyboard.latin.panels.BrowserPanelView{ef103e4 V.E...... ......ID 0,0-1440,1988} during layout: running second layout pass
06-05 14:03:53.339 26150 26150 W View    : requestLayout() improperly called by helium314.keyboard.latin.panels.BrowserPanelView{ef103e4 V.E...... ........ 0,0-1440,1988} during second layout pass: posting in next frame
06-05 14:03:53.351 26150 26150 W View    : requestLayout() improperly called by helium314.keyboard.latin.panels.BrowserPanelView{ef103e4 V.E...... ......I. 0,0-1440,1988} during layout: running second layout pass
06-05 14:03:53.358 26150 26150 W View    : requestLayout() improperly called by helium314.keyboard.latin.panels.BrowserPanelView{ef103e4 V.E...... ........ 0,0-1440,1988} during second layout pass: posting in next frame
06-05 14:03:53.367 26150 26150 W View    : requestLayout() improperly called by helium314.keyboard.latin.panels.BrowserPanelView{ef103e4 V.E...... ......I. 0,0-1440,1988} during layout: running second layout pass
06-05 14:03:53.373 26150 26150 W View    : requestLayout() improperly called by helium314.keyboard.latin.panels.BrowserPanelView{ef103e4 V.E...... ........ 0,0-1440,1988} during second layout pass: posting in next frame
06-05 14:03:53.385 26150 26150 W View    : requestLayout() improperly called by helium314.keyboard.latin.panels.BrowserPanelView{ef103e4 V.E...... ......I. 0,0-1440,1988} during layout: running second layout pass
06-05 14:03:53.390 26150 26150 W View    : requestLayout() improperly called by helium314.keyboard.latin.panels.BrowserPanelView{ef103e4 V.E...... ........ 0,0-1440,1988} during second layout pass: posting in next frame
06-05 14:03:53.388 26150 26150 W com.vibekey.keyboard: type=1400 audit(0.0:162688): avc: denied { nlmsg_readpriv } for comm=536F636B657420546872656164 scontext=u:r:untrusted_app:s0:c98,c271,c512,c768 tcontext=u:r:untrusted_app:s0:c98,c271,c512,c768 tclass=netlink_route_socket permissive=0 bug=b/155595000 app=com.vibekey.keyboard
06-05 14:03:53.388 26150 26150 W com.vibekey.keyboard: type=1400 audit(0.0:162689): avc: denied { nlmsg_readpriv } for comm=536F636B657420546872656164 scontext=u:r:untrusted_app:s0:c98,c271,c512,c768 tcontext=u:r:untrusted_app:s0:c98,c271,c512,c768 tclass=netlink_route_socket permissive=0 bug=b/155595000 app=com.vibekey.keyboard
06-05 14:03:53.401 26150 26150 W View    : requestLayout() improperly called by helium314.keyboard.latin.panels.BrowserPanelView{ef103e4 V.E...... ......I. 0,0-1440,1988} during layout: running second layout pass
06-05 14:03:53.413 26150 26150 W View    : requestLayout() improperly called by helium314.keyboard.latin.panels.BrowserPanelView{ef103e4 V.E...... ........ 0,0-1440,1988} during second layout pass: posting in next frame
06-05 14:03:53.417 26150 26150 W View    : requestLayout() improperly called by helium314.keyboard.latin.panels.BrowserPanelView{ef103e4 V.E...... ......I. 0,0-1440,1988} during layout: running second layout pass
06-05 14:03:53.422 26150 26150 W View    : requestLayout() improperly called by helium314.keyboard.latin.panels.BrowserPanelView{ef103e4 V.E...... ........ 0,0-1440,1988} during second layout pass: posting in next frame
06-05 14:03:53.422  2191  2285 W Isolated Web Content: [JavaScript Warning: "Autoplay is only allowed when approved by the user, the site is activated by the user, or media is muted." {file: "https://www.cnn.com/media/sites/js/bundles/cnn-adfuel-68aea82e3c12aa991ba88c3418167a78a4ba4ae912410f5e81c9e23d1f42677a.min.js" line: 1}]
06-05 14:03:53.434 26150 26150 W View    : requestLayout() improperly called by helium314.keyboard.latin.panels.BrowserPanelView{ef103e4 V.E...... ......I. 0,0-1440,1988} during layout: running second layout pass
06-05 14:03:53.440 26150 26150 W View    : requestLayout() improperly called by helium314.keyboard.latin.panels.BrowserPanelView{ef103e4 V.E...... ........ 0,0-1440,1988} during second layout pass: posting in next frame
06-05 14:03:53.450 26150 26150 W View    : requestLayout() improperly called by helium314.keyboard.latin.panels.BrowserPanelView{ef103e4 V.E...... ......I. 0,0-1440,1988} during layout: running second layout pass
06-05 14:03:53.456 26150 26150 W View    : requestLayout() improperly called by helium314.keyboard.latin.panels.BrowserPanelView{ef103e4 V.E...... ........ 0,0-1440,1988} during second layout pass: posting in next frame
06-05 14:03:53.465  3703  3703 E .keyboard:tab3: Unknown bits set in runtime_flags: 0x40000000
06-05 14:03:53.468 26150 26150 W View    : requestLayout() improperly called by helium314.keyboard.latin.panels.BrowserPanelView{ef103e4 V.E...... ......I. 0,0-1440,1988} during layout: running second layout pass
06-05 14:03:53.473 26150 26150 W View    : requestLayout() improperly called by helium314.keyboard.latin.panels.BrowserPanelView{ef103e4 V.E...... ........ 0,0-1440,1988} during second layout pass: posting in next frame
06-05 14:03:53.484 26150 26150 W View    : requestLayout() improperly called by helium314.keyboard.latin.panels.BrowserPanelView{ef103e4 V.E...... ......I. 0,0-1440,1988} during layout: running second layout pass
06-05 14:03:53.488 26150 26150 W View    : requestLayout() improperly called by helium314.keyboard.latin.panels.BrowserPanelView{ef103e4 V.E...... ........ 0,0-1440,1988} during second layout pass: posting in next frame
06-05 14:03:53.502 26150 26150 W View    : requestLayout() improperly called by helium314.keyboard.latin.panels.BrowserPanelView{ef103e4 V.E...... ......I. 0,0-1440,1988} during layout: running second layout pass
06-05 14:03:53.506 26150 26150 W View    : requestLayout() improperly called by helium314.keyboard.latin.panels.BrowserPanelView{ef103e4 V.E...... ........ 0,0-1440,1988} during second layout pass: posting in next frame
06-05 14:03:53.518 26150 26150 W View    : requestLayout() improperly called by helium314.keyboard.latin.panels.BrowserPanelView{ef103e4 V.E...... ......I. 0,0-1440,1988} during layout: running second layout pass
06-05 14:03:53.523 26150 26150 W View    : requestLayout() improperly called by helium314.keyboard.latin.panels.BrowserPanelView{ef103e4 V.E...... ........ 0,0-1440,1988} during second layout pass: posting in next frame
06-05 14:03:53.528 26150 26150 W com.vibekey.keyboard: type=1400 audit(0.0:162690): avc: denied { nlmsg_readpriv } for comm=536F636B657420546872656164 scontext=u:r:untrusted_app:s0:c98,c271,c512,c768 tcontext=u:r:untrusted_app:s0:c98,c271,c512,c768 tclass=netlink_route_socket permissive=0 bug=b/155595000 app=com.vibekey.keyboard
06-05 14:03:53.534 26150 26150 W View    : requestLayout() improperly called by helium314.keyboard.latin.panels.BrowserPanelView{ef103e4 V.E...... ......I. 0,0-1440,1988} during layout: running second layout pass
06-05 14:03:53.540 26150 26150 W View    : requestLayout() improperly called by helium314.keyboard.latin.panels.BrowserPanelView{ef103e4 V.E...... ........ 0,0-1440,1988} during second layout pass: posting in next frame
06-05 14:03:53.562 26150 26150 W View    : requestLayout() improperly called by helium314.keyboard.latin.panels.BrowserPanelView{ef103e4 V.E...... ......I. 0,0-1440,1988} during layout: running second layout pass
06-05 14:03:53.565 26150 26150 W View    : requestLayout() improperly called by helium314.keyboard.latin.panels.BrowserPanelView{ef103e4 V.E...... ........ 0,0-1440,1988} during second layout pass: posting in next frame
06-05 14:03:53.584 26150 26150 W View    : requestLayout() improperly called by helium314.keyboard.latin.panels.BrowserPanelView{ef103e4 V.E...... ......I. 0,0-1440,1988} during layout: running second layout pass
06-05 14:03:53.588 26150 26150 W View    : requestLayout() improperly called by helium314.keyboard.latin.panels.BrowserPanelView{ef103e4 V.E...... ........ 0,0-1440,1988} during second layout pass: posting in next frame
06-05 14:03:53.601 26150 26150 W View    : requestLayout() improperly called by helium314.keyboard.latin.panels.BrowserPanelView{ef103e4 V.E...... ......I. 0,0-1440,1988} during layout: running second layout pass
06-05 14:03:53.607 26150 26150 W View    : requestLayout() improperly called by helium314.keyboard.latin.panels.BrowserPanelView{ef103e4 V.E...... ........ 0,0-1440,1988} during second layout pass: posting in next frame
06-05 14:03:53.612  3703  3771 E GeckoLibLoad: Load sqlite start
06-05 14:03:53.614  3703  3771 E GeckoLibLoad: Load sqlite done
06-05 14:03:53.614  3703  3771 E GeckoLibLoad: Load nss start
06-05 14:03:53.614  3703  3771 E GeckoLibLoad: Load nss done
06-05 14:03:53.618 26150 26150 W View    : requestLayout() improperly called by helium314.keyboard.latin.panels.BrowserPanelView{ef103e4 V.E...... ......I. 0,0-1440,1988} during layout: running second layout pass
06-05 14:03:53.623 26150 26150 W View    : requestLayout() improperly called by helium314.keyboard.latin.panels.BrowserPanelView{ef103e4 V.E...... ........ 0,0-1440,1988} during second layout pass: posting in next frame
06-05 14:03:53.634 26150 26150 W View    : requestLayout() improperly called by helium314.keyboard.latin.panels.BrowserPanelView{ef103e4 V.E...... ......I. 0,0-1440,1988} during layout: running second layout pass
06-05 14:03:53.637 26150 26150 W View    : requestLayout() improperly called by helium314.keyboard.latin.panels.BrowserPanelView{ef103e4 V.E...... ........ 0,0-1440,1988} during second layout pass: posting in next frame
06-05 14:03:53.650  3703  3771 E GeckoLibLoad: Loaded libs in 35.731094ms total, 10ms(9ms) user, 0ms(0ms) system, 4(4) faults
06-05 14:03:53.650  3703  3771 W GeckoThread: zerdatime 359476511 - runGecko
06-05 14:03:53.650 26150 26150 W View    : requestLayout() improperly called by helium314.keyboard.latin.panels.BrowserPanelView{ef103e4 V.E...... ......I. 0,0-1440,1988} during layout: running second layout pass
06-05 14:03:53.654 26150 26150 W View    : requestLayout() improperly called by helium314.keyboard.latin.panels.BrowserPanelView{ef103e4 V.E...... ........ 0,0-1440,1988} during second layout pass: posting in next frame
06-05 14:03:53.667 26150 26150 W View    : requestLayout() improperly called by helium314.keyboard.latin.panels.BrowserPanelView{ef103e4 V.E...... ......I. 0,0-1440,1988} during layout: running second layout pass
06-05 14:03:53.679 26150 26150 W View    : requestLayout() improperly called by helium314.keyboard.latin.panels.BrowserPanelView{ef103e4 V.E...... ........ 0,0-1440,1988} during second layout pass: posting in next frame
06-05 14:03:53.684 26150 26150 W View    : requestLayout() improperly called by helium314.keyboard.latin.panels.BrowserPanelView{ef103e4 V.E...... ......I. 0,0-1440,1988} during layout: running second layout pass
06-05 14:03:53.689 26150 26150 W View    : requestLayout() improperly called by helium314.keyboard.latin.panels.BrowserPanelView{ef103e4 V.E...... ........ 0,0-1440,1988} during second layout pass: posting in next frame
06-05 14:03:53.690  2191  3782 E .keyboard:tab2: ofbOpen failed with error=No such file or directory
06-05 14:03:53.690  2191  3782 E .keyboard:tab2: sysOpen failed with error=No such file or directory
06-05 14:03:53.692   439   673 W libc    : Access denied finding property "vendor.oplus.media.vpp.stutter"
06-05 14:03:53.698 26150 26150 W com.vibekey.keyboard: type=1400 audit(0.0:162691): avc: denied { nlmsg_readpriv } for comm=536F636B657420546872656164 scontext=u:r:untrusted_app:s0:c98,c271,c512,c768 tcontext=u:r:untrusted_app:s0:c98,c271,c512,c768 tclass=netlink_route_socket permissive=0 bug=b/155595000 app=com.vibekey.keyboard
06-05 14:03:53.703 26150 26150 W View    : requestLayout() improperly called by helium314.keyboard.latin.panels.BrowserPanelView{ef103e4 V.E...... ......I. 0,0-1440,1988} during layout: running second layout pass
06-05 14:03:53.706 26150 26150 W View    : requestLayout() improperly called by helium314.keyboard.latin.panels.BrowserPanelView{ef103e4 V.E...... ........ 0,0-1440,1988} during second layout pass: posting in next frame
06-05 14:03:53.717 26150 26150 W View    : requestLayout() improperly called by helium314.keyboard.latin.panels.BrowserPanelView{ef103e4 V.E...... ......I. 0,0-1440,1988} during layout: running second layout pass
06-05 14:03:53.723 26150 26150 W View    : requestLayout() improperly called by helium314.keyboard.latin.panels.BrowserPanelView{ef103e4 V.E...... ........ 0,0-1440,1988} during second layout pass: posting in next frame
06-05 14:03:53.734 26150 26150 W View    : requestLayout() improperly called by helium314.keyboard.latin.panels.BrowserPanelView{ef103e4 V.E...... ......I. 0,0-1440,1988} during layout: running second layout pass
06-05 14:03:53.739 26150 26150 W View    : requestLayout() improperly called by helium314.keyboard.latin.panels.BrowserPanelView{ef103e4 V.E...... ........ 0,0-1440,1988} during second layout pass: posting in next frame
06-05 14:03:53.751 26150 26150 W View    : requestLayout() improperly called by helium314.keyboard.latin.panels.BrowserPanelView{ef103e4 V.E...... ......I. 0,0-1440,1988} during layout: running second layout pass
06-05 14:03:53.770   439  3805 E ListServiceUtils: checkInListByUid module:sr-osie-whitelist uid:13938 cost 2150us return (null)
06-05 14:03:53.771 26150 26150 W View    : requestLayout() improperly called by helium314.keyboard.latin.panels.BrowserPanelView{ef103e4 V.E...... ........ 0,0-1440,1988} during second layout pass: posting in next frame
06-05 14:03:53.771   439  3805 W Codec2Client: query -- param skipped: index = 1107298332.
06-05 14:03:53.772 26150 26150 W View    : requestLayout() improperly called by helium314.keyboard.latin.panels.BrowserPanelView{ef103e4 V.E...... ......I. 0,0-1440,1988} during layout: running second layout pass
06-05 14:03:53.775 26150 26150 W View    : requestLayout() improperly called by helium314.keyboard.latin.panels.BrowserPanelView{ef103e4 V.E...... ........ 0,0-1440,1988} during second layout pass: posting in next frame
06-05 14:03:53.783   439  3805 W Codec2Client: query -- param skipped: index = 1342179345.
06-05 14:03:53.783   439  3805 W Codec2Client: query -- param skipped: index = 2415921170.
06-05 14:03:53.783   439  3805 W Codec2Client: query -- param skipped: index = 1610614798.
06-05 14:03:53.784 26150 26150 W View    : requestLayout() improperly called by helium314.keyboard.latin.panels.BrowserPanelView{ef103e4 V.E...... ......I. 0,0-1440,1988} during layout: running second layout pass
06-05 14:03:53.788 26150 26150 W View    : requestLayout() improperly called by helium314.keyboard.latin.panels.BrowserPanelView{ef103e4 V.E...... ........ 0,0-1440,1988} during second layout pass: posting in next frame
06-05 14:03:53.802 26150 26150 W View    : requestLayout() improperly called by helium314.keyboard.latin.panels.BrowserPanelView{ef103e4 V.E...... ......I. 0,0-1440,1988} during layout: running second layout pass
06-05 14:03:53.807 26150 26150 W View    : requestLayout() improperly called by helium314.keyboard.latin.panels.BrowserPanelView{ef103e4 V.E...... .......D 0,0-1440,1988} during second layout pass: posting in next frame
06-05 14:03:53.811   439   673 W libc    : Access denied finding property "vendor.oplus.media.vpp.stutter"
06-05 14:03:53.818 26150 26150 W View    : requestLayout() improperly called by helium314.keyboard.latin.panels.BrowserPanelView{ef103e4 V.E...... ......ID 0,0-1440,1988} during layout: running second layout pass
06-05 14:03:53.828 26150 26150 W View    : requestLayout() improperly called by helium314.keyboard.latin.panels.BrowserPanelView{ef103e4 V.E...... ........ 0,0-1440,1988} during second layout pass: posting in next frame
06-05 14:03:53.834 26150 26150 W View    : requestLayout() improperly called by helium314.keyboard.latin.panels.BrowserPanelView{ef103e4 V.E...... ......I. 0,0-1440,1988} during layout: running second layout pass
06-05 14:03:53.840 26150 26150 W View    : requestLayout() improperly called by helium314.keyboard.latin.panels.BrowserPanelView{ef103e4 V.E...... ........ 0,0-1440,1988} during second layout pass: posting in next frame
06-05 14:03:53.841   439  3888 W Codec2Client: query -- param skipped: index = 1107298332.
06-05 14:03:53.849   439  3888 W Codec2Client: query -- param skipped: index = 1342179345.
06-05 14:03:53.849   439  3888 W Codec2Client: query -- param skipped: index = 2415921170.
06-05 14:03:53.849   439  3888 W Codec2Client: query -- param skipped: index = 1610614798.
06-05 14:03:53.852 26150 26150 W View    : requestLayout() improperly called by helium314.keyboard.latin.panels.BrowserPanelView{ef103e4 V.E...... ......I. 0,0-1440,1988} during layout: running second layout pass
06-05 14:03:53.858 26150 26150 W View    : requestLayout() improperly called by helium314.keyboard.latin.panels.BrowserPanelView{ef103e4 V.E...... ........ 0,0-1440,1988} during second layout pass: posting in next frame
06-05 14:03:53.864   439   673 W libc    : Access denied finding property "vendor.oplus.media.vpp.stutter"
06-05 14:03:53.865   439   673 E MULTIMEDIAConfig: [getInt32:L80] Not find config, Returning default
06-05 14:03:53.865   439   673 E MULTIMEDIAConfig: [getInt32:L80] Not find config, Returning default
06-05 14:03:53.865   439   673 E OplusACodec: [OplusACodec:204] mSrOsieMMListCheckResult:0x0 mOsieVersion:1
06-05 14:03:53.868 26150 26150 W View    : requestLayout() improperly called by helium314.keyboard.latin.panels.BrowserPanelView{ef103e4 V.E...... ......I. 0,0-1440,1988} during layout: running second layout pass
06-05 14:03:53.871 26150 26150 W View    : requestLayout() improperly called by helium314.keyboard.latin.panels.BrowserPanelView{ef103e4 V.E...... ........ 0,0-1440,1988} during second layout pass: posting in next frame
06-05 14:03:53.885 26150 26150 W View    : requestLayout() improperly called by helium314.keyboard.latin.panels.BrowserPanelView{ef103e4 V.E...... ......I. 0,0-1440,1988} during layout: running second layout pass
06-05 14:03:53.889 26150 26150 W View    : requestLayout() improperly called by helium314.keyboard.latin.panels.BrowserPanelView{ef103e4 V.E...... ........ 0,0-1440,1988} during second layout pass: posting in next frame
06-05 14:03:53.902 26150 26150 W View    : requestLayout() improperly called by helium314.keyboard.latin.panels.BrowserPanelView{ef103e4 V.E...... ......I. 0,0-1440,1988} during layout: running second layout pass
06-05 14:03:53.907 26150 26150 W View    : requestLayout() improperly called by helium314.keyboard.latin.panels.BrowserPanelView{ef103e4 V.E...... ........ 0,0-1440,1988} during second layout pass: posting in next frame
06-05 14:03:53.918 26150 26150 W View    : requestLayout() improperly called by helium314.keyboard.latin.panels.BrowserPanelView{ef103e4 V.E...... ......I. 0,0-1440,1988} during layout: running second layout pass
06-05 14:03:53.924 26150 26150 W View    : requestLayout() improperly called by helium314.keyboard.latin.panels.BrowserPanelView{ef103e4 V.E...... ........ 0,0-1440,1988} during second layout pass: posting in next frame
06-05 14:03:53.935 26150 26150 W View    : requestLayout() improperly called by helium314.keyboard.latin.panels.BrowserPanelView{ef103e4 V.E...... ......I. 0,0-1440,1988} during layout: running second layout pass
06-05 14:03:53.942 26150 26150 W View    : requestLayout() improperly called by helium314.keyboard.latin.panels.BrowserPanelView{ef103e4 V.E...... ........ 0,0-1440,1988} during second layout pass: posting in next frame
06-05 14:03:53.951 26150 26150 W View    : requestLayout() improperly called by helium314.keyboard.latin.panels.BrowserPanelView{ef103e4 V.E...... ......I. 0,0-1440,1988} during layout: running second layout pass
06-05 14:03:53.957 26150 26150 W View    : requestLayout() improperly called by helium314.keyboard.latin.panels.BrowserPanelView{ef103e4 V.E...... ........ 0,0-1440,1988} during second layout pass: posting in next frame
06-05 14:03:53.968 26150 26150 W View    : requestLayout() improperly called by helium314.keyboard.latin.panels.BrowserPanelView{ef103e4 V.E...... ......I. 0,0-1440,1988} during layout: running second layout pass
06-05 14:03:53.974 26150 26150 W View    : requestLayout() improperly called by helium314.keyboard.latin.panels.BrowserPanelView{ef103e4 V.E...... ........ 0,0-1440,1988} during second layout pass: posting in next frame
06-05 14:03:53.985 26150 26150 W View    : requestLayout() improperly called by helium314.keyboard.latin.panels.BrowserPanelView{ef103e4 V.E...... ......I. 0,0-1440,1988} during layout: running second layout pass
06-05 14:03:53.991 26150 26150 W View    : requestLayout() improperly called by helium314.keyboard.latin.panels.BrowserPanelView{ef103e4 V.E...... ........ 0,0-1440,1988} during second layout pass: posting in next frame
06-05 14:03:54.001 26150 26150 W View    : requestLayout() improperly called by helium314.keyboard.latin.panels.BrowserPanelView{ef103e4 V.E...... ......I. 0,0-1440,1988} during layout: running second layout pass
06-05 14:03:54.009 26150 26150 W View    : requestLayout() improperly called by helium314.keyboard.latin.panels.BrowserPanelView{ef103e4 V.E...... ........ 0,0-1440,1988} during second layout pass: posting in next frame
06-05 14:03:54.014   439  3902 E OplusACodec: [GetVideoCodingTypeFromMime:L1162] mime:video/avc
06-05 14:03:54.018 26150 26150 W View    : requestLayout() improperly called by helium314.keyboard.latin.panels.BrowserPanelView{ef103e4 V.E...... ......I. 0,0-1440,1988} during layout: running second layout pass
06-05 14:03:54.035 26150 26150 W View    : requestLayout() improperly called by helium314.keyboard.latin.panels.BrowserPanelView{ef103e4 V.E...... ........ 0,0-1440,1988} during second layout pass: posting in next frame
06-05 14:03:54.041 26150 26150 W View    : requestLayout() improperly called by helium314.keyboard.latin.panels.BrowserPanelView{ef103e4 V.E...... ......I. 0,0-1440,1988} during layout: running second layout pass
06-05 14:03:54.045 26150 26150 W View    : requestLayout() improperly called by helium314.keyboard.latin.panels.BrowserPanelView{ef103e4 V.E...... ........ 0,0-1440,1988} during second layout pass: posting in next frame
06-05 14:03:54.056 26150 26150 W View    : requestLayout() improperly called by helium314.keyboard.latin.panels.BrowserPanelView{ef103e4 V.E...... ......I. 0,0-1440,1988} during layout: running second layout pass
06-05 14:03:54.068   439   673 W libc    : Access denied finding property "vendor.oplus.media.vpp.stutter"
06-05 14:03:54.069   439   673 E MULTIMEDIAConfig: [getInt32:L80] Not find config, Returning default
06-05 14:03:54.069   439   673 E MULTIMEDIAConfig: [getInt32:L80] Not find config, Returning default
06-05 14:03:54.069   439   673 E OplusACodec: [OplusACodec:204] mSrOsieMMListCheckResult:0x0 mOsieVersion:1
06-05 14:03:54.069 26150 26150 W View    : requestLayout() improperly called by helium314.keyboard.latin.panels.BrowserPanelView{ef103e4 V.E...... ........ 0,0-1440,1988} during second layout pass: posting in next frame
06-05 14:03:54.071 26150 26150 W View    : requestLayout() improperly called by helium314.keyboard.latin.panels.BrowserPanelView{ef103e4 V.E...... ......I. 0,0-1440,1988} during layout: running second layout pass
06-05 14:03:54.086 26150 26150 W View    : requestLayout() improperly called by helium314.keyboard.latin.panels.BrowserPanelView{ef103e4 V.E...... ........ 0,0-1440,1988} during second layout pass: posting in next frame
06-05 14:03:54.091 26150 26150 W View    : requestLayout() improperly called by helium314.keyboard.latin.panels.BrowserPanelView{ef103e4 V.E...... ......I. 0,0-1440,1988} during layout: running second layout pass
06-05 14:03:54.103 26150 26150 W View    : requestLayout() improperly called by helium314.keyboard.latin.panels.BrowserPanelView{ef103e4 V.E...... ........ 0,0-1440,1988} during second layout pass: posting in next frame
06-05 14:03:54.108 26150 26150 W View    : requestLayout() improperly called by helium314.keyboard.latin.panels.BrowserPanelView{ef103e4 V.E...... ......I. 0,0-1440,1988} during layout: running second layout pass
06-05 14:03:54.111   439  3982 E OplusACodec: [GetVideoCodingTypeFromMime:L1162] mime:video/avc
06-05 14:03:54.111 26150 26150 W View    : requestLayout() improperly called by helium314.keyboard.latin.panels.BrowserPanelView{ef103e4 V.E...... ........ 0,0-1440,1988} during second layout pass: posting in next frame
06-05 14:03:54.121 26150 26150 W View    : requestLayout() improperly called by helium314.keyboard.latin.panels.BrowserPanelView{ef103e4 V.E...... ......I. 0,0-1440,1988} during layout: running second layout pass
06-05 14:03:54.132 26150 26150 W View    : requestLayout() improperly called by helium314.keyboard.latin.panels.BrowserPanelView{ef103e4 V.E...... ........ 0,0-1440,1988} during second layout pass: posting in next frame
06-05 14:03:54.135 26150 26150 W View    : requestLayout() improperly called by helium314.keyboard.latin.panels.BrowserPanelView{ef103e4 V.E...... ......I. 0,0-1440,1988} during layout: running second layout pass
06-05 14:03:54.138 26150 26150 W View    : requestLayout() improperly called by helium314.keyboard.latin.panels.BrowserPanelView{ef103e4 V.E...... ........ 0,0-1440,1988} during second layout pass: posting in next frame
06-05 14:03:54.153 26150 26150 W View    : requestLayout() improperly called by helium314.keyboard.latin.panels.BrowserPanelView{ef103e4 V.E...... ......I. 0,0-1440,1988} during layout: running second layout pass
06-05 14:03:54.157 26150 26150 W View    : requestLayout() improperly called by helium314.keyboard.latin.panels.BrowserPanelView{ef103e4 V.E...... ........ 0,0-1440,1988} during second layout pass: posting in next frame
06-05 14:03:54.158  3703  3771 W Isolated Web Content: [JavaScript Warning: "This page is in Almost Standards Mode. Page layout may be impacted. For Standards Mode use “<!DOCTYPE html>”." {file: "https://btloader.com/trustedIframe.html?o=5762268746743808&upapi=true" line: 0}]
06-05 14:03:54.171 26150 26150 W View    : requestLayout() improperly called by helium314.keyboard.latin.panels.BrowserPanelView{ef103e4 V.E...... ......I. 0,0-1440,1988} during layout: running second layout pass
06-05 14:03:54.176 26150 26150 W View    : requestLayout() improperly called by helium314.keyboard.latin.panels.BrowserPanelView{ef103e4 V.E...... ........ 0,0-1440,1988} during second layout pass: posting in next frame
06-05 14:03:54.185 26150 26150 W View    : requestLayout() improperly called by helium314.keyboard.latin.panels.BrowserPanelView{ef103e4 V.E...... ......I. 0,0-1440,1988} during layout: running second layout pass
06-05 14:03:54.190 26150 26150 W View    : requestLayout() improperly called by helium314.keyboard.latin.panels.BrowserPanelView{ef103e4 V.E...... ........ 0,0-1440,1988} during second layout pass: posting in next frame
06-05 14:03:54.191   439   673 W libc    : Access denied finding property "vendor.oplus.media.vpp.stutter"
06-05 14:03:54.191   439   673 E MULTIMEDIAConfig: [getInt32:L80] Not find config, Returning default
06-05 14:03:54.191   439   673 E MULTIMEDIAConfig: [getInt32:L80] Not find config, Returning default
06-05 14:03:54.191   439   673 E OplusACodec: [OplusACodec:204] mSrOsieMMListCheckResult:0x0 mOsieVersion:1
06-05 14:03:54.203 26150 26150 W View    : requestLayout() improperly called by helium314.keyboard.latin.panels.BrowserPanelView{ef103e4 V.E...... ......I. 0,0-1440,1988} during layout: running second layout pass
06-05 14:03:54.209 26150 26150 W View    : requestLayout() improperly called by helium314.keyboard.latin.panels.BrowserPanelView{ef103e4 V.E...... ........ 0,0-1440,1988} during second layout pass: posting in next frame
06-05 14:03:54.213  2191  2285 E Isolated Web Content: [JavaScript Error: "Cookie “_cookie_test” has been rejected for invalid domain." {file: "https://www.cnn.com/" line: 0}]
06-05 14:03:54.214  2191  2285 E Isolated Web Content: [JavaScript Error: "Cookie “_cookie_test” has been rejected for invalid domain." {file: "https://www.cnn.com/" line: 0}]
06-05 14:03:54.217  2191  2285 E Isolated Web Content: [JavaScript Error: "Cookie “_cookie_test” has been rejected for invalid domain." {file: "https://www.cnn.com/" line: 0}]
06-05 14:03:54.218  2191  2285 E Isolated Web Content: [JavaScript Error: "Cookie “_cookie_test” has been rejected for invalid domain." {file: "https://www.cnn.com/" line: 0}]
06-05 14:03:54.219 26150 26150 W View    : requestLayout() improperly called by helium314.keyboard.latin.panels.BrowserPanelView{ef103e4 V.E...... ......I. 0,0-1440,1988} during layout: running second layout pass
06-05 14:03:54.224 26150 26150 W View    : requestLayout() improperly called by helium314.keyboard.latin.panels.BrowserPanelView{ef103e4 V.E...... ........ 0,0-1440,1988} during second layout pass: posting in next frame
06-05 14:03:54.229  2191  2285 E Isolated Web Content: [JavaScript Error: "Cookie “_cookie_test” has been rejected for invalid domain." {file: "https://www.cnn.com/" line: 0}]
06-05 14:03:54.229  2191  2285 E Isolated Web Content: [JavaScript Error: "Cookie “_cookie_test” has been rejected for invalid domain." {file: "https://www.cnn.com/" line: 0}]
06-05 14:03:54.236 26150 26150 W View    : requestLayout() improperly called by helium314.keyboard.latin.panels.BrowserPanelView{ef103e4 V.E...... ......I. 0,0-1440,1988} during layout: running second layout pass
06-05 14:03:54.241 26150 26150 W View    : requestLayout() improperly called by helium314.keyboard.latin.panels.BrowserPanelView{ef103e4 V.E...... ........ 0,0-1440,1988} during second layout pass: posting in next frame
06-05 14:03:54.245   439  4023 E OplusACodec: [GetVideoCodingTypeFromMime:L1162] mime:video/avc
06-05 14:03:54.252 26150 26150 W View    : requestLayout() improperly called by helium314.keyboard.latin.panels.BrowserPanelView{ef103e4 V.E...... ......I. 0,0-1440,1988} during layout: running second layout pass
06-05 14:03:54.256 26150 26150 W View    : requestLayout() improperly called by helium314.keyboard.latin.panels.BrowserPanelView{ef103e4 V.E...... ........ 0,0-1440,1988} during second layout pass: posting in next frame
06-05 14:03:54.264  2191  2285 E Isolated Web Content: [JavaScript Error: "Cookie “_cookie_test” has been rejected for invalid domain." {file: "https://www.cnn.com/" line: 0}]
06-05 14:03:54.264  2191  2285 E Isolated Web Content: [JavaScript Error: "Cookie “_cookie_test” has been rejected for invalid domain." {file: "https://www.cnn.com/" line: 0}]
06-05 14:03:54.269 26150 26150 W View    : requestLayout() improperly called by helium314.keyboard.latin.panels.BrowserPanelView{ef103e4 V.E...... ......I. 0,0-1440,1988} during layout: running second layout pass
06-05 14:03:54.273 26150 26150 W View    : requestLayout() improperly called by helium314.keyboard.latin.panels.BrowserPanelView{ef103e4 V.E...... ........ 0,0-1440,1988} during second layout pass: posting in next frame
06-05 14:03:54.286 26150 26150 W View    : requestLayout() improperly called by helium314.keyboard.latin.panels.BrowserPanelView{ef103e4 V.E...... ......I. 0,0-1440,1988} during layout: running second layout pass
06-05 14:03:54.290 26150 26150 W View    : requestLayout() improperly called by helium314.keyboard.latin.panels.BrowserPanelView{ef103e4 V.E...... ........ 0,0-1440,1988} during second layout pass: posting in next frame
06-05 14:03:54.302 26150 26150 W View    : requestLayout() improperly called by helium314.keyboard.latin.panels.BrowserPanelView{ef103e4 V.E...... ......I. 0,0-1440,1988} during layout: running second layout pass
06-05 14:03:54.308 26150 26150 W View    : requestLayout() improperly called by helium314.keyboard.latin.panels.BrowserPanelView{ef103e4 V.E...... ........ 0,0-1440,1988} during second layout pass: posting in next frame
