=== VibeKey 4.5.130 (4498) ===

--------- beginning of system
07-22 13:59:44.416 12584 12584 E OplusCustomizeRestrictionManager: sInstance is null, start a new sInstance
07-22 14:00:43.445 12584 13535 E ActivityThread: Failed to find provider info for com.oplus.statistics.provider
07-22 14:00:43.445 12584 13535 E OplusStatistics--: IllegalArgumentException:java.lang.IllegalArgumentException: Unknown URL content://com.oplus.statistics.provider/track_event
--------- beginning of crash
07-22 14:00:45.896 12584 12912 F libc    : Pointer tag for 0x6900000075 was truncated, see 'https://source.android.com/devices/tech/debug/tagged-pointers'.
07-22 14:00:46.831 12584 12912 F libc    : Fatal signal 6 (SIGABRT), code -1 (SI_QUEUE) in tid 12912 (g), pid 12584 (ibekey.keyboard)
07-22 14:00:47.939 13674 13674 F DEBUG   : Process name is com.vibekey.keyboard, not key_process
07-22 14:00:47.939 13674 13674 F DEBUG   : keyProcess: 0
07-22 14:00:47.939 13674 13674 F DEBUG   : *** *** *** *** *** *** *** *** *** *** *** *** *** *** *** ***
07-22 14:00:47.939 13674 13674 F DEBUG   : Build fingerprint: 'OnePlus/OnePlus7Pro/OnePlus7Pro:12/SKQ1.211113.001/P.202303230244:user/release-keys'
07-22 14:00:47.939 13674 13674 F DEBUG   : Revision: '0'
07-22 14:00:47.939 13674 13674 F DEBUG   : ABI: 'arm64'
07-22 14:00:47.939 13674 13674 F DEBUG   : Timestamp: 2026-07-22 14:00:47.028938435-0400
07-22 14:00:47.939 13674 13674 F DEBUG   : Process uptime: 0s
07-22 14:00:47.939 13674 13674 F DEBUG   : Cmdline: com.vibekey.keyboard
07-22 14:00:47.939 13674 13674 F DEBUG   : pid: 12584, tid: 12912, name: g  >>> com.vibekey.keyboard <<<
07-22 14:00:47.939 13674 13674 F DEBUG   : uid: 14388
07-22 14:00:47.939 13674 13674 F DEBUG   : signal 6 (SIGABRT), code -1 (SI_QUEUE), fault addr --------
07-22 14:00:47.939 13674 13674 F DEBUG   : Abort message: 'Pointer tag for 0x6900000075 was truncated, see 'https://source.android.com/devices/tech/debug/tagged-pointers'.'
07-22 14:00:47.939 13674 13674 F DEBUG   :     x0  0000000000000000  x1  0000000000003270  x2  0000000000000006  x3  000000757547b9b0
07-22 14:00:47.939 13674 13674 F DEBUG   :     x4  8080808080808080  x5  8080808080808080  x6  8080808080808080  x7  8080808080808080
07-22 14:00:47.939 13674 13674 F DEBUG   :     x8  00000000000000f0  x9  3f1da5566404e8ce  x10 0000000000000000  x11 ffffff80fffffbdf
07-22 14:00:47.939 13674 13674 F DEBUG   :     x12 0000000000000001  x13 000000006a61054d  x14 0035553217d553da  x15 0000000000000048
07-22 14:00:47.939 13674 13674 F DEBUG   :     x16 000000772d4f2bc0  x17 000000772d4cd680  x18 00000075750e8000  x19 0000000000003128
07-22 14:00:47.939 13674 13674 F DEBUG   :     x20 0000000000003270  x21 00000000ffffffff  x22 000000757547df80  x23 ffffffffffffffff
07-22 14:00:47.939 13674 13674 F DEBUG   :     x24 000000757547df80  x25 000000757547bd40  x26 000000757547be00  x27 000000757547c060
07-22 14:00:47.939 13674 13674 F DEBUG   :     x28 000000757547c2c0  x29 000000757547ba30
07-22 14:00:47.939 13674 13674 F DEBUG   :     lr  000000772d47d99c  sp  000000757547b990  pc  000000772d47d9c8  pst 0000000000000000
07-22 14:00:47.939 13674 13674 F DEBUG   : backtrace:
07-22 14:00:47.939 13674 13674 F DEBUG   :       #00 pc 00000000000799c8  /apex/com.android.runtime/lib64/bionic/libc.so (abort+168) (BuildId: bbbdeb7c87c74f1491f92c6e605095b0)
07-22 14:00:47.939 13674 13674 F DEBUG   :       #01 pc 0000000000045c4c  /apex/com.android.runtime/lib64/bionic/libc.so (free+108) (BuildId: bbbdeb7c87c74f1491f92c6e605095b0)
07-22 14:00:47.939 13674 13674 F DEBUG   :       #02 pc 00000000000a420c  /data/app/~~XZi3rgNj6q5ncsWFV1G-hw==/com.vibekey.keyboard-QSvQAAYIKEwvObnfET3ifQ==/lib/arm64/libjni_latinime.so (latinime::DicNodePool::reset(int)+104) (BuildId: f905dbd1a904967a994cf833116e517b05caa863)
07-22 14:00:47.939 13674 13674 F DEBUG   :       #03 pc 00000000000d3f50  /data/app/~~XZi3rgNj6q5ncsWFV1G-hw==/com.vibekey.keyboard-QSvQAAYIKEwvObnfET3ifQ==/lib/arm64/libjni_latinime.so (latinime::Suggest::initializeSearch(latinime::DicTraverseSession*) const+632) (BuildId: f905dbd1a904967a994cf833116e517b05caa863)
07-22 14:00:47.939 13674 13674 F DEBUG   :       #04 pc 00000000000d3ae4  /data/app/~~XZi3rgNj6q5ncsWFV1G-hw==/com.vibekey.keyboard-QSvQAAYIKEwvObnfET3ifQ==/lib/arm64/libjni_latinime.so (latinime::Suggest::getSuggestions(latinime::ProximityInfo*, void*, int*, int*, int*, int*, int*, int, float, latinime::SuggestionResults*) const+208) (BuildId: f905dbd1a904967a994cf833116e517b05caa863)
07-22 14:00:47.939 13674 13674 F DEBUG   :       #05 pc 000000000009fd88  /data/app/~~XZi3rgNj6q5ncsWFV1G-hw==/com.vibekey.keyboard-QSvQAAYIKEwvObnfET3ifQ==/lib/arm64/libjni_latinime.so (BuildId: f905dbd1a904967a994cf833116e517b05caa863)
07-22 14:00:47.939 13674 13674 F DEBUG   :       #06 pc 00000000002c23a0  /apex/com.android.art/lib64/libart.so (art_quick_generic_jni_trampoline+144) (BuildId: cecb684d19b4f44ee3cbd66142c315f4)
07-22 14:00:47.939 13674 13674 F DEBUG   :       #07 pc 000000000212f8c0  /memfd:jit-cache (deleted)
07-22 14:00:50.463 13731 13731 E OplusCustomizeRestrictionManager: sInstance is null, start a new sInstance
07-22 14:01:22.296 13731 13756 F libc    : Fatal signal 11 (SIGSEGV), code 1 (SEGV_MAPERR), fault addr 0x6a00000050 in tid 13756 (DefaultDispatch), pid 13731 (ibekey.keyboard)
07-22 14:01:23.254 13855 13855 F DEBUG   : Process name is com.vibekey.keyboard, not key_process
07-22 14:01:23.254 13855 13855 F DEBUG   : keyProcess: 0
07-22 14:01:23.254 13855 13855 F DEBUG   : *** *** *** *** *** *** *** *** *** *** *** *** *** *** *** ***
07-22 14:01:23.254 13855 13855 F DEBUG   : Build fingerprint: 'OnePlus/OnePlus7Pro/OnePlus7Pro:12/SKQ1.211113.001/P.202303230244:user/release-keys'
07-22 14:01:23.254 13855 13855 F DEBUG   : Revision: '0'
07-22 14:01:23.254 13855 13855 F DEBUG   : ABI: 'arm64'
07-22 14:01:23.254 13855 13855 F DEBUG   : Timestamp: 2026-07-22 14:01:22.541099047-0400
07-22 14:01:23.254 13855 13855 F DEBUG   : Process uptime: 0s
07-22 14:01:23.254 13855 13855 F DEBUG   : Cmdline: com.vibekey.keyboard
07-22 14:01:23.254 13855 13855 F DEBUG   : pid: 13731, tid: 13756, name: DefaultDispatch  >>> com.vibekey.keyboard <<<
07-22 14:01:23.254 13855 13855 F DEBUG   : uid: 14388
07-22 14:01:23.254 13855 13855 F DEBUG   : signal 11 (SIGSEGV), code 1 (SEGV_MAPERR), fault addr 0x6a00000050
07-22 14:01:23.254 13855 13855 F DEBUG   :     x0  0000006900000075  x1  00000077111ba778  x2  b4000075bd9e7800  x3  0000000000000002
07-22 14:01:23.254 13855 13855 F DEBUG   :     x4  0000000200000000  x5  0000000000000000  x6  000000767fe16ab8  x7  000000766b4efb78
07-22 14:01:23.254 13855 13855 F DEBUG   :     x8  0000006a00000068  x9  3f1da5566404e8ce  x10 0000000000000000  x11 b4000075bd9e7800
07-22 14:01:23.254 13855 13855 F DEBUG   :     x12 000000766b4efa88  x13 00000077111ba779  x14 0000000000000005  x15 00000000ebad6a89
07-22 14:01:23.254 13855 13855 F DEBUG   :     x16 00000075cdaebcfc  x17 000000766b4f0e60  x18 0000007606d62000  x19 b4000075bd9e7800
07-22 14:01:23.254 13855 13855 F DEBUG   :     x20 0000000000001130  x21 b4000075bd9e8930  x22 0000006900000075  x23 0000006a00000068
07-22 14:01:23.254 13855 13855 F DEBUG   :     x24 000000767f91dc40  x25 000000766b4f0f70  x26 b40000766b7d2a70  x27 b400007676ddf720
07-22 14:01:23.254 13855 13855 F DEBUG   :     x28 000000766b4f0e70  x29 000000766b4f0e20
07-22 14:01:23.254 13855 13855 F DEBUG   :     lr  000000767f4c23a4  sp  000000766b4f0e20  pc  00000075cdaebd5c  pst 0000000020000000
07-22 14:01:23.254 13855 13855 F DEBUG   : backtrace:
07-22 14:01:23.254 13855 13855 F DEBUG   :       #00 pc 00000000000a3d5c  /data/app/~~XZi3rgNj6q5ncsWFV1G-hw==/com.vibekey.keyboard-QSvQAAYIKEwvObnfET3ifQ==/lib/arm64/libjni_latinime.so (BuildId: f905dbd1a904967a994cf833116e517b05caa863)
07-22 14:01:23.254 13855 13855 F DEBUG   :       #01 pc 00000000002c23a0  /apex/com.android.art/lib64/libart.so (art_quick_generic_jni_trampoline+144) (BuildId: cecb684d19b4f44ee3cbd66142c315f4)
07-22 14:01:23.254 13855 13855 F DEBUG   :       #02 pc 000000000072b39c  /apex/com.android.art/lib64/libart.so (nterp_helper+780) (BuildId: cecb684d19b4f44ee3cbd66142c315f4)
07-22 14:01:23.254 13855 13855 F DEBUG   :       #03 pc 00000000001ab3b4  /data/app/~~XZi3rgNj6q5ncsWFV1G-hw==/com.vibekey.keyboard-QSvQAAYIKEwvObnfET3ifQ==/oat/arm64/base.vdex (com.android.inputmethod.latin.DicTraverseSession.a+40)
07-22 14:01:23.254 13855 13855 F DEBUG   :       #04 pc 000000000072b884  /apex/com.android.art/lib64/libart.so (nterp_helper+2036) (BuildId: cecb684d19b4f44ee3cbd66142c315f4)
07-22 14:01:23.254 13855 13855 F DEBUG   :       #05 pc 00000000001aad6c  /data/app/~~XZi3rgNj6q5ncsWFV1G-hw==/com.vibekey.keyboard-QSvQAAYIKEwvObnfET3ifQ==/oat/arm64/base.vdex (com.android.inputmethod.latin.BinaryDictionary.a+84)
07-22 14:01:23.254 13855 13855 F DEBUG   :       #06 pc 000000000072b884  /apex/com.android.art/lib64/libart.so (nterp_helper+2036) (BuildId: cecb684d19b4f44ee3cbd66142c315f4)
07-22 14:01:23.254 13855 13855 F DEBUG   :       #07 pc 000000000034e13e  /data/app/~~XZi3rgNj6q5ncsWFV1G-hw==/com.vibekey.keyboard-QSvQAAYIKEwvObnfET3ifQ==/oat/arm64/base.vdex (da.n.a+22)
07-22 14:01:23.254 13855 13855 F DEBUG   :       #08 pc 000000000072b884  /apex/com.android.art/lib64/libart.so (nterp_helper+2036) (BuildId: cecb684d19b4f44ee3cbd66142c315f4)
07-22 14:01:23.254 13855 13855 F DEBUG   :       #09 pc 000000000034b7b6  /data/app/~~XZi3rgNj6q5ncsWFV1G-hw==/com.vibekey.keyboard-QSvQAAYIKEwvObnfET3ifQ==/oat/arm64/base.vdex (da.e.a+34)
07-22 14:01:23.254 13855 13855 F DEBUG   :       #10 pc 000000000072b884  /apex/com.android.art/lib64/libart.so (nterp_helper+2036) (BuildId: cecb684d19b4f44ee3cbd66142c315f4)
07-22 14:01:23.254 13855 13855 F DEBUG   :       #11 pc 0000000000633894  /data/app/~~XZi3rgNj6q5ncsWFV1G-hw==/com.vibekey.keyboard-QSvQAAYIKEwvObnfET3ifQ==/oat/arm64/base.vdex (x9.v.b+152)
07-22 14:01:23.254 13855 13855 F DEBUG   :       #12 pc 000000000072b884  /apex/com.android.art/lib64/libart.so (nterp_helper+2036) (BuildId: cecb684d19b4f44ee3cbd66142c315f4)
07-22 14:01:23.254 13855 13855 F DEBUG   :       #13 pc 0000000000632f70  /data/app/~~XZi3rgNj6q5ncsWFV1G-hw==/com.vibekey.keyboard-QSvQAAYIKEwvObnfET3ifQ==/oat/arm64/base.vdex (x9.t.A+1316)
07-22 14:01:23.254 13855 13855 F DEBUG   :       #14 pc 000000000072bb98  /apex/com.android.art/lib64/libart.so (nterp_helper+2824) (BuildId: cecb684d19b4f44ee3cbd66142c315f4)
07-22 14:01:23.254 13855 13855 F DEBUG   :       #15 pc 000000000062f792  /data/app/~~XZi3rgNj6q5ncsWFV1G-hw==/com.vibekey.keyboard-QSvQAAYIKEwvObnfET3ifQ==/oat/arm64/base.vdex (x9.p.invokeSuspend+110)
07-22 14:01:23.254 13855 13855 F DEBUG   :       #16 pc 000000000072b884  /apex/com.android.art/lib64/libart.so (nterp_helper+2036) (BuildId: cecb684d19b4f44ee3cbd66142c315f4)
07-22 14:01:23.254 13855 13855 F DEBUG   :       #17 pc 0000000000373420  /data/app/~~XZi3rgNj6q5ncsWFV1G-hw==/com.vibekey.keyboard-QSvQAAYIKEwvObnfET3ifQ==/oat/arm64/base.vdex (eb.a.resumeWith+16)
07-22 14:01:23.254 13855 13855 F DEBUG   :       #18 pc 00000000020410ec  /memfd:jit-cache (deleted)
07-22 14:01:25.442 13870 13870 E OplusCustomizeRestrictionManager: sInstance is null, start a new sInstance
--------- beginning of main
07-22 14:02:37.670 13870 13870 I VkTyping: ▶ open restart=false pkg=com.android.launcher inputType=589825
07-22 14:02:37.804 13870 13870 W VkStall : MAIN-THREAD STALL 143ms (imeHideInProgress) during: >>>>> Dispatching to Handler (com.android.internal.os.HandlerCaller$MyHandler) {8c03674} null: 32
07-22 14:02:38.248 13870 13917 I VkSuggestions: strip prediction typedLen=0 candidates=3 autocorrect=false top=the locale=en token=73 gen=13
07-22 14:02:38.255 13870 13870 I VkStripPipeline: setSuggestions prediction size=3 style=7 token=73 gen=13
07-22 14:02:38.266 13870 13870 I VkSuggestions: stripUi prediction=true children=5 [he|the|it]
07-22 14:02:38.267 13870 13870 I VkStripPipeline: slotBind prediction children=5 [he|the|it]
07-22 14:02:38.613 12639 13548 I OnDeviceAssist: warm ok model=qwen2.5-0.5b-instruct-q4_0.gguf ambient=40 chars 4ms
07-22 14:02:39.296 13870 13870 I VkKeyPress: keys pressed=143
07-22 14:02:39.409 13870 13917 W VibeKeyProfiler: Slow Native Suggest: Total=8.49ms | Init=0.53ms | TrieExpand(x15)=7.94ms | Scoring=0.02ms | inputSize=1
07-22 14:02:39.414 13870 13917 I VkSuggestions: decode typedLen=1 candidates=18 locales=1 13,4ms
07-22 14:02:39.415 13870 13917 I VkSuggestions: strip composing typedLen=1 candidates=19 autocorrect=false top=j locale=en token=74 gen=13
07-22 14:02:39.415 13870 13870 I VkStripPipeline: setSuggestions composing size=19 style=1 token=74 gen=13 typed=j
07-22 14:02:39.418 13870 13870 I VkSuggestions: stripUi prediction=false children=5 [j|I|just]
07-22 14:02:39.419 13870 13870 I VkStripPipeline: slotBind composing children=5 [j|I|just]
07-22 14:02:39.589 13870 13917 I VkSuggestions: decode typedLen=2 candidates=18 locales=1 6,7ms
07-22 14:02:39.591 13870 13917 I VkTextCorrection: threshold jg→kg score=0,114 thr=0,140 ○
07-22 14:02:39.591 13870 13917 I VkSuggestions: strip composing typedLen=2 candidates=19 autocorrect=false top=jg locale=en token=76 gen=13
07-22 14:02:39.591 13870 13870 I VkStripPipeline: setSuggestions composing size=19 style=1 token=76 gen=13 typed=jg
07-22 14:02:39.595 13870 13870 I VkSuggestions: stripUi prediction=false children=5 [jg|kg|JH]
07-22 14:02:39.595 13870 13870 I VkStripPipeline: slotBind composing children=5 [jg|kg|JH]
07-22 14:02:39.780 13870 13917 I VkSuggestions: decode typedLen=3 candidates=18 locales=1 6,6ms
07-22 14:02:39.781 13870 13917 I VkTextCorrection: threshold jgg→NGC score=0,003 thr=0,140 ○
07-22 14:02:39.782 13870 13917 I VkSuggestions: strip composing typedLen=3 candidates=19 autocorrect=false top=jgg locale=en token=77 gen=13
07-22 14:02:39.782 13870 13870 I VkStripPipeline: setSuggestions composing size=19 style=1 token=77 gen=13 typed=jgg
07-22 14:02:39.787 13870 13870 I VkSuggestions: stripUi prediction=false children=5 [jgg|NGC|BBC]
07-22 14:02:39.787 13870 13870 I VkStripPipeline: slotBind composing children=5 [jgg|NGC|BBC]
07-22 14:02:39.831 13870 13870 W ibekey.keyboar: ClassLoaderContext classpath size mismatch. expected=1, found=0 (DLC[];PCL[base.apk*4129373472]{PCL[/system/framework/org.apache.http.legacy.jar*3034548894]#PCL[/apex/com.android.extservices/javalib/android.ext.adservices.jar*4107572224]#PCL[/system/framework/com.android.location.provider.jar*3633238672]#PCL[/system/framework/com.android.media.remotedisplay.jar*3472798123]#PCL[/apex/com.android.extservices/javalib/android.ext.adservices.jar*4107572224]} | DLC[];PCL[])
07-22 14:02:39.845 13870 13870 W System  : ClassLoader referenced unknown path: 
07-22 14:02:39.862 13870 13870 W ibekey.keyboar: ClassLoaderContext classpath element checksum mismatch. expected=4129373472, found=2507965660 (DLC[];PCL[base.apk*4129373472]{PCL[/system/framework/org.apache.http.legacy.jar*3034548894]#PCL[/apex/com.android.extservices/javalib/android.ext.adservices.jar*4107572224]#PCL[/system/framework/com.android.location.provider.jar*3633238672]#PCL[/system/framework/com.android.media.remotedisplay.jar*3472798123]#PCL[/apex/com.android.extservices/javalib/android.ext.adservices.jar*4107572224]} | DLC[];PCL[/data/app/~~XZi3rgNj6q5ncsWFV1G-hw==/com.vibekey.keyboard-QSvQAAYIKEwvObnfET3ifQ==/base.apk*2507965660]{PCL[/apex/com.android.extservices/javalib/android.ext.adservices.jar*4107572224]})
07-22 14:02:39.998 13870 13870 W VkStall : MAIN-THREAD STALL 191ms during: >>>>> Dispatching to Handler (android.os.Handler) {7081873} c.f@1d7a330: 0
07-22 14:02:40.023 13870 14431 W Ads     : Update ad debug logging enablement as false
07-22 14:02:40.072 13870 13870 E MultiApp.Impl: OplusMultiAppImpl
07-22 14:02:40.225 13870 14479 W libc    : Access denied finding property "ro.vendor.api_level"
07-22 14:02:40.243 13870 13870 W chromium: [WARNING:android_webview/browser/network_service/net_helpers.cc:137] HTTP Cache size is: 20971520
07-22 14:02:40.338 13870 13870 W VkStall : MAIN-THREAD STALL 323ms during: >>>>> Dispatching to Handler (com.google.android.gms.ads.internal.util.f) {8c2513c} com.google.android.gms.ads.internal.js.r@fe50ec5: 0
07-22 14:02:40.360 13870 14481 W cr_media: BLUETOOTH_CONNECT permission is missing.
07-22 14:02:40.360 13870 14481 W cr_media: getBluetoothAdapter() requires BLUETOOTH permission
07-22 14:02:40.360 13870 14481 W cr_media: registerBluetoothIntentsIfNeeded: Requires BLUETOOTH permission
07-22 14:02:40.366 13870 14496 W libc    : Access denied finding property "vendor.camera.aux.packagelist"
07-22 14:02:40.366 13870 14496 W libc    : Access denied finding property "vendor.camera.aux.packagelist"
07-22 14:02:40.367 13870 13884 W libc    : Access denied finding property "vendor.camera.aux.packagelist"
07-22 14:02:40.456 13870 13917 W VibeKeyProfiler: Slow Native Suggest: Total=8.46ms | Init=0.15ms | TrieExpand(x6)=8.29ms | Scoring=0.02ms | inputSize=6
07-22 14:02:40.456 13870 13917 I VkSuggestions: decode typedLen=6 candidates=18 locales=1 13,4ms
07-22 14:02:40.457 13870 13917 I VkTextCorrection: threshold jggsiu→jitsu score=0,000 thr=0,140 ○
07-22 14:02:40.458 13870 13917 I VkSuggestions: strip composing typedLen=6 candidates=19 autocorrect=false top=jggsiu locale=en token=79 gen=13
07-22 14:02:40.459 13870 13870 I VkStripPipeline: setSuggestions composing size=19 style=1 token=79 gen=13 typed=jggsiu
07-22 14:02:40.463 13870 13870 I VkSuggestions: stripUi prediction=false children=5 [jggsiu|jitsu|BBC]
07-22 14:02:40.464 13870 13870 I VkStripPipeline: slotBind composing children=5 [jggsiu|jitsu|BBC]
07-22 14:02:40.541 13870 14488 W AudioCapabilities: Unsupported mime audio/ffmpeg
07-22 14:02:40.543 13870 14488 W VideoCapabilities: Unsupported mime video/ffmpeg
07-22 14:02:40.544 13870 14488 W VideoCapabilities: Unrecognized profile/level 0/3 for video/mpeg2
07-22 14:02:40.544 13870 14488 W VideoCapabilities: Unrecognized profile/level 0/3 for video/mpeg2
07-22 14:02:40.872 13870 13917 I VkSuggestions: decode typedLen=7 candidates=18 locales=1 3,8ms
07-22 14:02:40.873 13870 13917 I VkTextCorrection: threshold jggsiuj→BBC skin score=0,000 thr=0,140 ○
07-22 14:02:40.874 13870 13917 I VkSuggestions: strip composing typedLen=7 candidates=19 autocorrect=false top=jggsiuj locale=en token=81 gen=13
07-22 14:02:40.874 13870 13870 I VkStripPipeline: setSuggestions composing size=19 style=1 token=81 gen=13 typed=jggsiuj
07-22 14:02:40.878 13870 13870 I VkSuggestions: stripUi prediction=false children=5 [jggsiuj|BBC|egg]
07-22 14:02:40.878 13870 13870 I VkStripPipeline: slotBind composing children=5 [jggsiuj|BBC|egg]
07-22 14:02:41.053 13870 13917 I VkSuggestions: decode typedLen=8 candidates=18 locales=1 2,5ms
07-22 14:02:41.054 13870 13917 I VkTextCorrection: threshold jggsiujh→eggs king score=0,000 thr=0,140 ○
07-22 14:02:41.055 13870 13917 I VkSuggestions: strip composing typedLen=8 candidates=19 autocorrect=false top=jggsiujh locale=en token=82 gen=13
07-22 14:02:41.055 13870 13870 I VkStripPipeline: setSuggestions composing size=19 style=1 token=82 gen=13 typed=jggsiujh
07-22 14:02:41.059 13870 13870 I VkSuggestions: stripUi prediction=false children=5 [jggsiujh|eggs|eggs]
07-22 14:02:41.059 13870 13870 I VkStripPipeline: slotBind composing children=5 [jggsiujh|eggs|eggs]
07-22 14:02:41.227 13870 13917 I VkSuggestions: decode typedLen=9 candidates=18 locales=1 7,5ms
07-22 14:02:41.229 13870 13917 I VkTextCorrection: threshold jggsiujhh→eggs king score=0,000 thr=0,140 ○
07-22 14:02:41.230 13870 13917 I VkSuggestions: strip composing typedLen=9 candidates=19 autocorrect=false top=jggsiujhh locale=en token=83 gen=13
07-22 14:02:41.231 13870 13870 I VkStripPipeline: setSuggestions composing size=19 style=1 token=83 gen=13 typed=jggsiujhh
07-22 14:02:41.238 13870 13870 I VkSuggestions: stripUi prediction=false children=5 [jggsiujhh|eggs|eggs]
07-22 14:02:41.239 13870 13870 I VkStripPipeline: slotBind composing children=5 [jggsiujhh|eggs|eggs]
07-22 14:02:41.353 13870 13917 I VkSuggestions: decode typedLen=10 candidates=18 locales=1 6,6ms
07-22 14:02:41.354 13870 13917 I VkTextCorrection: threshold jggsiujhhe→eggs jujube score=0,000 thr=0,140 ○
07-22 14:02:41.356 13870 13917 I VkSuggestions: strip composing typedLen=10 candidates=19 autocorrect=false top=jggsiujhhe locale=en token=84 gen=13
07-22 14:02:41.356 13870 13870 I VkStripPipeline: setSuggestions composing size=19 style=1 token=84 gen=13 typed=jggsiujhhe
07-22 14:02:41.360 13870 13870 I VkSuggestions: stripUi prediction=false children=5 [jggsiujhhe|eggs|BBC's]
07-22 14:02:41.360 13870 13870 I VkStripPipeline: slotBind composing children=5 [jggsiujhhe|eggs|BBC's]
07-22 14:02:41.631 13870 13870 I VkSwipe : ▶ gesture started locale=en-AU
07-22 14:02:41.640 13870 13917 I VkGesture: ▶ decode points=21
07-22 14:02:41.640 13870 13870 I VkGesturePreview: trail draw
07-22 14:02:41.643 13870 13917 I VkGesture: ✓ decode points=21 len=2 kd
07-22 14:02:41.661 13870 13917 W VibeKeyProfiler: Slow Native Suggest: Total=12.78ms | Init=0.10ms | TrieExpand(x14)=12.66ms | Scoring=0.02ms | inputSize=2
07-22 14:02:41.661 13870 13917 I VkSuggestions: decode typedLen=2 candidates=18 locales=1 17,3ms
07-22 14:02:41.661 13870 13917 W VkSuggestions: slow frame 17,3ms locales=1 typedLen=2 candidates=18
07-22 14:02:41.677 13870 13917 W VibeKeyProfiler: Slow Native Suggest: Total=14.96ms | Init=0.15ms | TrieExpand(x21)=14.79ms | Scoring=0.02ms | inputSize=21
07-22 14:02:41.682 13870 13917 I VkSuggestions: decode typedLen=0 candidates=17 locales=1 19,9ms
07-22 14:02:41.682 13870 13917 W VkSuggestions: slow frame 19,9ms locales=1 typedLen=0 candidates=17
07-22 14:02:41.683 13870 13917 I VkSuggestions: strip composing typedLen=0 candidates=17 autocorrect=false top=kid locale=en
07-22 14:02:41.685 13870 13870 I VkStripPipeline: setSuggestions composing size=17 style=2 token=84 gen=14 typed=kid
07-22 14:02:41.689 13870 13870 I VkSuggestions: stripUi prediction=false children=5 [kDa|KDE|km]
07-22 14:02:41.689 13870 13870 I VkStripPipeline: slotBind composing children=5 [kDa|KDE|km]
07-22 14:02:41.690 13870 13870 I VkGesturePreview: preview kid dismissDelayed=false
07-22 14:02:41.832 13870 13917 I VkGesture: ▶ decode points=43
07-22 14:02:41.833 13870 13917 I VkGesture: ✓ decode points=43 len=2 ko
07-22 14:02:41.840 13870 13917 I VkSuggestions: decode typedLen=2 candidates=18 locales=1 6,8ms
07-22 14:02:41.856 13870 13917 W VibeKeyProfiler: Slow Native Suggest: Total=15.07ms | Init=0.15ms | TrieExpand(x20)=14.91ms | Scoring=0.02ms | inputSize=43
07-22 14:02:41.861 13870 13917 I VkSuggestions: decode typedLen=0 candidates=17 locales=1 20,3ms
07-22 14:02:41.861 13870 13917 W VkSuggestions: slow frame 20,3ms locales=1 typedLen=0 candidates=17
07-22 14:02:41.862 13870 13917 I VkSuggestions: strip composing typedLen=0 candidates=18 autocorrect=false top=ko locale=en
07-22 14:02:41.862 13870 13870 I VkStripPipeline: setSuggestions composing size=18 style=2 token=84 gen=14 typed=ko
07-22 14:02:41.866 13870 13870 I VkSuggestions: stripUi prediction=false children=5 [OK|to|Kong]
07-22 14:02:41.866 13870 13870 I VkStripPipeline: slotBind composing children=5 [OK|to|Kong]
07-22 14:02:41.867 13870 13870 I VkGesturePreview: preview ko dismissDelayed=false
07-22 14:02:42.034 13870 13917 I VkGesture: ▶ decode points=57
07-22 14:02:42.035 13870 13917 I VkGesture: ✓ decode points=57 len=3 kof
07-22 14:02:42.042 13870 13917 I VkSuggestions: decode typedLen=3 candidates=18 locales=1 6,4ms
07-22 14:02:42.068 13870 13917 W VibeKeyProfiler: Slow Native Suggest: Total=25.33ms | Init=0.25ms | TrieExpand(x38)=25.06ms | Scoring=0.02ms | inputSize=57
07-22 14:02:42.074 13870 13917 I VkSuggestions: decode typedLen=0 candidates=17 locales=1 31,1ms
07-22 14:02:42.074 13870 13917 W VkSuggestions: slow frame 31,1ms locales=1 typedLen=0 candidates=17
07-22 14:02:42.075 13870 13917 I VkSuggestions: strip composing typedLen=0 candidates=14 autocorrect=false top=kor locale=en
07-22 14:02:42.076 13870 13870 I VkStripPipeline: setSuggestions composing size=14 style=2 token=84 gen=14 typed=kor
07-22 14:02:42.079 13870 13870 I VkSuggestions: stripUi prediction=false children=5 [kofu|Kofi|koftas]
07-22 14:02:42.080 13870 13870 I VkStripPipeline: slotBind composing children=5 [kofu|Kofi|koftas]
07-22 14:02:42.080 13870 13870 I VkGesturePreview: preview kor dismissDelayed=false
07-22 14:02:42.151 13870 13917 I VkGesture: ▶ decode points=58
07-22 14:02:42.152 13870 13917 I VkGesture: ✓ decode points=58 len=3 kof
07-22 14:02:42.160 13870 13917 I VkSuggestions: decode typedLen=3 candidates=18 locales=1 7,3ms
07-22 14:02:42.187 13870 13917 W VibeKeyProfiler: Slow Native Suggest: Total=26.87ms | Init=0.20ms | TrieExpand(x38)=26.65ms | Scoring=0.02ms | inputSize=58
07-22 14:02:42.192 13870 13917 I VkSuggestions: decode typedLen=0 candidates=17 locales=1 31,9ms
07-22 14:02:42.193 13870 13917 W VkSuggestions: slow frame 31,9ms locales=1 typedLen=0 candidates=17
07-22 14:02:42.267 13870 13917 I VkGesture: ▶ decode points=77
07-22 14:02:42.269 13870 13917 I VkGesture: ✓ decode points=77 len=4 kofk
07-22 14:02:42.277 13870 13917 I VkSuggestions: decode typedLen=4 candidates=18 locales=1 7,6ms
07-22 14:02:42.304 13870 13917 W VibeKeyProfiler: Slow Native Suggest: Total=26.70ms | Init=0.20ms | TrieExpand(x38)=26.48ms | Scoring=0.02ms | inputSize=77
07-22 14:02:42.310 13870 13917 I VkSuggestions: decode typedLen=0 candidates=17 locales=1 32,3ms
07-22 14:02:42.310 13870 13917 W VkSuggestions: slow frame 32,3ms locales=1 typedLen=0 candidates=17
07-22 14:02:42.311 13870 13917 I VkSuggestions: strip composing typedLen=0 candidates=18 autocorrect=false top=Kofi locale=en
07-22 14:02:42.311 13870 13870 I VkStripPipeline: setSuggestions composing size=18 style=2 token=84 gen=14 typed=Kofi
07-22 14:02:42.315 13870 13870 I VkSuggestions: stripUi prediction=false children=5 [kofu|kook|Kolkata]
07-22 14:02:42.315 13870 13870 I VkStripPipeline: slotBind composing children=5 [kofu|kook|Kolkata]
07-22 14:02:42.316 13870 13870 I VkGesturePreview: preview Kofi dismissDelayed=false
07-22 14:02:42.417 13870 13917 I VkGesture: ▶ decode points=91
07-22 14:02:42.419 13870 13917 I VkGesture: ✓ decode points=91 len=5 kofkt
07-22 14:02:42.430 13870 13917 I VkSuggestions: decode typedLen=5 candidates=18 locales=1 10,3ms
07-22 14:02:42.457 13870 13917 W VibeKeyProfiler: Slow Native Suggest: Total=26.51ms | Init=0.25ms | TrieExpand(x38)=26.25ms | Scoring=0.02ms | inputSize=91
07-22 14:02:42.463 13870 13917 I VkSuggestions: decode typedLen=0 candidates=17 locales=1 31,9ms
07-22 14:02:42.463 13870 13917 W VkSuggestions: slow frame 31,9ms locales=1 typedLen=0 candidates=17
07-22 14:02:42.464 13870 13917 I VkSuggestions: strip composing typedLen=0 candidates=8 autocorrect=false top=soft locale=en
07-22 14:02:42.465 13870 13870 I VkStripPipeline: setSuggestions composing size=8 style=2 token=84 gen=14 typed=soft
07-22 14:02:42.469 13870 13870 I VkSuggestions: stripUi prediction=false children=5 [loft|kafka|oft]
07-22 14:02:42.469 13870 13870 I VkStripPipeline: slotBind composing children=5 [loft|kafka|oft]
07-22 14:02:42.470 13870 13870 I VkGesturePreview: preview soft dismissDelayed=false
07-22 14:02:42.651 13870 13870 I VkGesturePreview: trail draw
07-22 14:02:42.669 13870 13917 I VkGesture: ▶ decode points=109
07-22 14:02:42.671 13870 13917 I VkGesture: ✓ decode points=109 len=6 kofktp
07-22 14:02:42.680 13870 13917 I VkSuggestions: decode typedLen=6 candidates=18 locales=1 8,0ms
07-22 14:02:42.701 13870 13917 W VibeKeyProfiler: Slow Native Suggest: Total=21.62ms | Init=0.14ms | TrieExpand(x38)=21.47ms | Scoring=0.01ms | inputSize=109
07-22 14:02:42.706 13870 13917 I VkSuggestions: decode typedLen=0 candidates=17 locales=1 26,3ms
07-22 14:02:42.706 13870 13917 W VkSuggestions: slow frame 26,3ms locales=1 typedLen=0 candidates=17
07-22 14:02:42.707 13870 13917 I VkSuggestions: strip composing typedLen=0 candidates=2 autocorrect=false top=Kofi locale=en
07-22 14:02:42.810 13870 13870 I VkKeyPress: keys pressed=153
07-22 14:02:42.929 13870 13917 I VkSuggestions: decode typedLen=1 candidates=18 locales=1 7,8ms
07-22 14:02:42.930 13870 13917 I VkTextCorrection: rerank composing head he→📩
07-22 14:02:42.931 13870 13917 I VkSuggestions: strip composing typedLen=1 candidates=18 autocorrect=false top=e locale=en token=86 gen=14
07-22 14:02:42.931 13870 13870 I VkStripPipeline: setSuggestions composing size=18 style=1 token=86 gen=14 typed=e
07-22 14:02:42.935 13870 13870 I VkSuggestions: stripUi prediction=false children=5 [e|📩|📧]
07-22 14:02:42.935 13870 13870 I VkStripPipeline: slotBind composing children=5 [e|📩|📧]
07-22 14:02:43.084 13870 13917 I VkSuggestions: decode typedLen=2 candidates=18 locales=1 6,6ms
07-22 14:02:43.085 13870 13917 I VkTextCorrection: rerank composing head eau→🇪🇺
07-22 14:02:43.085 13870 13917 I VkTextCorrection: threshold eu→🇪🇺 score=0,000 thr=0,140 ○
07-22 14:02:43.086 13870 13917 I VkSuggestions: strip composing typedLen=2 candidates=17 autocorrect=false top=eu locale=en token=87 gen=14
07-22 14:02:43.086 13870 13870 I VkStripPipeline: setSuggestions composing size=17 style=1 token=87 gen=14 typed=eu
07-22 14:02:43.092 13870 13870 I VkSuggestions: stripUi prediction=false children=5 [eu|🇪🇺|he]
07-22 14:02:43.093 13870 13870 I VkStripPipeline: slotBind composing children=5 [eu|🇪🇺|he]
07-22 14:02:43.261 13870 13917 I VkSuggestions: decode typedLen=3 candidates=18 locales=1 6,6ms
07-22 14:02:43.262 13870 13917 I VkTextCorrection: threshold euy→why score=0,038 thr=0,140 ○
07-22 14:02:43.263 13870 13917 I VkSuggestions: strip composing typedLen=3 candidates=18 autocorrect=false top=euy locale=en token=88 gen=14
07-22 14:02:43.264 13870 13870 I VkStripPipeline: setSuggestions composing size=18 style=1 token=88 gen=14 typed=euy
07-22 14:02:43.267 13870 13870 I VkSuggestions: stripUi prediction=false children=5 [euy|why|egg]
07-22 14:02:43.268 13870 13870 I VkStripPipeline: slotBind composing children=5 [euy|why|egg]
07-22 14:02:43.381 13870 13917 I VkSuggestions: decode typedLen=4 candidates=18 locales=1 6,6ms
07-22 14:02:43.382 13870 13917 I VkTextCorrection: threshold euyy→duty score=0,080 thr=0,140 ○
07-22 14:02:43.382 13870 13917 I VkSuggestions: strip composing typedLen=4 candidates=18 autocorrect=false top=euyy locale=en token=89 gen=14
07-22 14:02:43.383 13870 13870 I VkStripPipeline: setSuggestions composing size=18 style=1 token=89 gen=14 typed=euyy
07-22 14:02:43.387 13870 13870 I VkSuggestions: stripUi prediction=false children=5 [euyy|duty|Ruth]
07-22 14:02:43.387 13870 13870 I VkStripPipeline: slotBind composing children=5 [euyy|duty|Ruth]
07-22 14:02:43.593 13870 13917 I VkSuggestions: decode typedLen=6 candidates=18 locales=1 4,2ms
07-22 14:02:43.594 13870 13917 I VkTextCorrection: threshold euyyeu→duty EU score=0,000 thr=0,140 ○
07-22 14:02:43.595 13870 13917 I VkSuggestions: strip composing typedLen=6 candidates=19 autocorrect=false top=euyyeu locale=en token=91 gen=14
07-22 14:02:43.595 13870 13870 I VkStripPipeline: setSuggestions composing size=19 style=1 token=91 gen=14 typed=euyyeu
07-22 14:02:43.599 13870 13870 I VkSuggestions: stripUi prediction=false children=5 [euyyeu|duty|EU]
07-22 14:02:43.600 13870 13870 I VkStripPipeline: slotBind composing children=5 [euyyeu|duty|EU]
07-22 14:02:43.750 13870 13917 I VkSuggestions: decode typedLen=7 candidates=18 locales=1 2,1ms
07-22 14:02:43.751 13870 13917 I VkTextCorrection: threshold euyyeuy→duty why score=0,000 thr=0,140 ○
07-22 14:02:43.751 13870 13917 I VkSuggestions: strip composing typedLen=7 candidates=19 autocorrect=false top=euyyeuy locale=en token=92 gen=14
07-22 14:02:43.752 13870 13870 I VkStripPipeline: setSuggestions composing size=19 style=1 token=92 gen=14 typed=euyyeuy
07-22 14:02:43.756 13870 13870 I VkSuggestions: stripUi prediction=false children=5 [euyyeuy|duty|duty]
07-22 14:02:43.756 13870 13870 I VkStripPipeline: slotBind composing children=5 [euyyeuy|duty|duty]
07-22 14:02:43.875 13870 13917 I VkSuggestions: decode typedLen=8 candidates=18 locales=1 2,7ms
07-22 14:02:43.877 13870 13917 I VkTextCorrection: threshold euyyeuye→duty eggs score=0,000 thr=0,140 ○
07-22 14:02:43.878 13870 13917 I VkSuggestions: strip composing typedLen=8 candidates=19 autocorrect=false top=euyyeuye locale=en token=93 gen=14
07-22 14:02:43.878 13870 13870 I VkStripPipeline: setSuggestions composing size=19 style=1 token=93 gen=14 typed=euyyeuye
07-22 14:02:43.882 13870 13870 I VkSuggestions: stripUi prediction=false children=5 [euyyeuye|duty|Rufus]
07-22 14:02:43.882 13870 13870 I VkStripPipeline: slotBind composing children=5 [euyyeuye|duty|Rufus]
07-22 14:02:44.120 13870 13870 I VkSwipe : ▶ gesture started locale=en-AU
07-22 14:02:44.123 13870 13870 I VkGesturePreview: trail draw
07-22 14:02:44.124 13870 13917 I VkGesture: ▶ decode points=1
07-22 14:02:44.124 13870 13917 I VkGesture: ○ decode empty points=1
07-22 14:02:44.133 13870 13917 W VibeKeyProfiler: Slow Native Suggest: Total=8.89ms | Init=0.36ms | TrieExpand(x16)=8.50ms | Scoring=0.03ms | inputSize=1
07-22 14:02:44.141 13870 13917 I VkSuggestions: decode typedLen=0 candidates=18 locales=1 16,8ms
07-22 14:02:44.141 13870 13917 W VkSuggestions: slow frame 16,8ms locales=1 typedLen=0 candidates=18
07-22 14:02:44.142 13870 13917 I VkSuggestions: strip composing typedLen=0 candidates=18 autocorrect=false top=I locale=en
07-22 14:02:44.142 13870 13870 I VkStripPipeline: setSuggestions composing size=18 style=2 token=93 gen=15 typed=I
07-22 14:02:44.147 13870 13870 I VkSuggestions: stripUi prediction=false children=5 [in|of|is]
07-22 14:02:44.147 13870 13870 I VkStripPipeline: slotBind composing children=5 [in|of|is]
07-22 14:02:44.148 13870 13870 I VkGesturePreview: preview I dismissDelayed=false
07-22 14:02:44.228 13870 13917 I VkGesture: ▶ decode points=22
07-22 14:02:44.229 13870 13917 I VkGesture: ✓ decode points=22 len=2 kd
07-22 14:02:44.237 13870 13917 I VkSuggestions: decode typedLen=2 candidates=18 locales=1 7,3ms
07-22 14:02:44.252 13870 13917 W VibeKeyProfiler: Slow Native Suggest: Total=14.35ms | Init=0.07ms | TrieExpand(x22)=14.26ms | Scoring=0.02ms | inputSize=22
07-22 14:02:44.258 13870 13917 I VkSuggestions: decode typedLen=0 candidates=18 locales=1 20,2ms
07-22 14:02:44.258 13870 13917 W VkSuggestions: slow frame 20,2ms locales=1 typedLen=0 candidates=18
07-22 14:02:44.259 13870 13917 I VkSuggestions: strip composing typedLen=0 candidates=17 autocorrect=false top=kid locale=en
07-22 14:02:44.260 13870 13870 I VkStripPipeline: setSuggestions composing size=17 style=2 token=93 gen=15 typed=kid
07-22 14:02:44.264 13870 13870 I VkSuggestions: stripUi prediction=false children=5 [kDa|KDE|km]
07-22 14:02:44.264 13870 13870 I VkStripPipeline: slotBind composing children=5 [kDa|KDE|km]
07-22 14:02:44.265 13870 13870 I VkGesturePreview: preview kid dismissDelayed=false
07-22 14:02:44.438 13870 13917 I VkGesture: ▶ decode points=44
07-22 14:02:44.439 13870 13917 I VkGesture: ✓ decode points=44 len=3 kdo
07-22 14:02:44.447 13870 13917 I VkSuggestions: decode typedLen=3 candidates=18 locales=1 7,0ms
07-22 14:02:44.463 13870 13917 W VibeKeyProfiler: Slow Native Suggest: Total=15.84ms | Init=0.14ms | TrieExpand(x18)=15.67ms | Scoring=0.02ms | inputSize=44
07-22 14:02:44.469 13870 13917 I VkSuggestions: decode typedLen=0 candidates=18 locales=1 21,4ms
07-22 14:02:44.469 13870 13917 W VkSuggestions: slow frame 21,4ms locales=1 typedLen=0 candidates=18
07-22 14:02:44.470 13870 13917 I VkSuggestions: strip composing typedLen=0 candidates=18 autocorrect=false top=udo locale=en
07-22 14:02:44.475 13870 13870 I VkStripPipeline: setSuggestions composing size=18 style=2 token=93 gen=15 typed=udo
07-22 14:02:44.479 13870 13870 I VkSuggestions: stripUi prediction=false children=5 [ko|Kudo|KDE]
07-22 14:02:44.479 13870 13870 I VkStripPipeline: slotBind composing children=5 [ko|Kudo|KDE]
07-22 14:02:44.480 13870 13870 I VkGesturePreview: preview udo dismissDelayed=false
07-22 14:02:44.588 13870 13917 I VkGesture: ▶ decode points=57
07-22 14:02:44.589 13870 13917 I VkGesture: ✓ decode points=57 len=4 kdog
07-22 14:02:44.600 13870 13917 I VkSuggestions: decode typedLen=4 candidates=18 locales=1 10,1ms
07-22 14:02:44.627 13870 13917 W VibeKeyProfiler: Slow Native Suggest: Total=26.12ms | Init=0.24ms | TrieExpand(x37)=25.86ms | Scoring=0.02ms | inputSize=57
07-22 14:02:44.633 13870 13917 I VkSuggestions: decode typedLen=0 candidates=18 locales=1 31,8ms
07-22 14:02:44.633 13870 13917 W VkSuggestions: slow frame 31,8ms locales=1 typedLen=0 candidates=18
07-22 14:02:44.634 13870 13917 I VkSuggestions: strip composing typedLen=0 candidates=13 autocorrect=false top=dog locale=en
07-22 14:02:44.635 13870 13870 I VkStripPipeline: setSuggestions composing size=13 style=2 token=93 gen=15 typed=dog
07-22 14:02:44.639 13870 13870 I VkSuggestions: stripUi prediction=false children=5 [Keogh|Kroger|Krogh]
07-22 14:02:44.640 13870 13870 I VkStripPipeline: slotBind composing children=5 [Keogh|Kroger|Krogh]
07-22 14:02:44.641 13870 13870 I VkGesturePreview: preview dog dismissDelayed=false
07-22 14:02:44.823 13870 13917 I VkGesture: ▶ decode points=77
07-22 14:02:44.824 13870 13917 I VkGesture: ✓ decode points=77 len=5 kdogp
07-22 14:02:44.833 13870 13917 I VkSuggestions: decode typedLen=5 candidates=18 locales=1 8,1ms
07-22 14:02:44.859 13870 13917 W VibeKeyProfiler: Slow Native Suggest: Total=24.88ms | Init=0.23ms | TrieExpand(x37)=24.63ms | Scoring=0.02ms | inputSize=77
07-22 14:02:44.865 13870 13917 I VkSuggestions: decode typedLen=0 candidates=18 locales=1 30,8ms
07-22 14:02:44.865 13870 13917 W VkSuggestions: slow frame 30,8ms locales=1 typedLen=0 candidates=18
07-22 14:02:44.867 13870 13917 I VkSuggestions: strip composing typedLen=0 candidates=13 autocorrect=false top=keogh locale=en
07-22 14:02:44.867 13870 13870 I VkStripPipeline: setSuggestions composing size=13 style=3 token=93 gen=15 typed=keogh
07-22 14:02:44.872 13870 13870 I VkSuggestions: stripUi prediction=false children=5 [kop|dogs|dog]
07-22 14:02:44.872 13870 13870 I VkStripPipeline: slotBind composing children=5 [kop|dogs|dog]
07-22 14:02:44.873 13870 13870 I VkGesturePreview: preview keogh dismissDelayed=true
07-22 14:02:44.876 13870 13870 I VkSwipe : ✓ gesture points=77 decodedLen=5 candidates=13 top=keogh 755ms
07-22 14:02:45.108 13870 13870 I VkGesturePreview: ○ preview dismissed
07-22 14:02:45.116 13870 13870 I VkEffects: reload anim=scale blur=0px glow=false stickers=true
07-22 14:02:45.235 13870 13870 W VkStall : MAIN-THREAD STALL 122ms during: >>>>> Dispatching to Handler (android.os.Handler) {e8bdf20} ia.u@78f6317: 0
07-22 14:02:45.375 13870 13917 W VibeKeyProfiler: Slow Native Suggest: Total=12.29ms | Init=0.97ms | TrieExpand(x18)=11.29ms | Scoring=0.03ms | inputSize=1
07-22 14:02:45.381 13870 13917 I VkSuggestions: decode typedLen=1 candidates=18 locales=1 18,4ms
07-22 14:02:45.381 13870 13917 W VkSuggestions: slow frame 18,4ms locales=1 typedLen=1 candidates=18
07-22 14:02:45.382 13870 13917 I VkTextCorrection: rerank composing head a→📩
07-22 14:02:45.383 13870 13917 I VkSuggestions: strip composing typedLen=1 candidates=18 autocorrect=false top=e locale=en token=94 gen=16
07-22 14:02:45.384 13870 13870 I VkStripPipeline: setSuggestions composing size=18 style=1 token=94 gen=16 typed=e
07-22 14:02:45.388 13870 13870 I VkSuggestions: stripUi prediction=false children=5 [e|📩|📧]
07-22 14:02:45.388 13870 13870 I VkStripPipeline: slotBind composing children=5 [e|📩|📧]
07-22 14:02:45.785 13870 13917 I VkSuggestions: decode typedLen=3 candidates=18 locales=1 6,3ms
07-22 14:02:45.786 13870 13917 I VkTextCorrection: threshold ejy→why score=0,058 thr=0,140 ○
07-22 14:02:45.787 13870 13917 I VkSuggestions: strip composing typedLen=3 candidates=19 autocorrect=false top=ejy locale=en token=97 gen=16
07-22 14:02:45.787 13870 13870 I VkStripPipeline: setSuggestions composing size=19 style=1 token=97 gen=16 typed=ejy
07-22 14:02:45.791 13870 13870 I VkSuggestions: stripUi prediction=false children=5 [ejy|why|sky]
07-22 14:02:45.791 13870 13870 I VkStripPipeline: slotBind composing children=5 [ejy|why|sky]
07-22 14:02:45.916 13870 13917 I VkSuggestions: decode typedLen=4 candidates=18 locales=1 7,2ms
07-22 14:02:45.917 13870 13917 I VkTextCorrection: threshold ejyy→with score=0,000 thr=0,140 ○
07-22 14:02:45.918 13870 13917 I VkSuggestions: strip composing typedLen=4 candidates=19 autocorrect=false top=ejyy locale=en token=98 gen=16
07-22 14:02:45.918 13870 13870 I VkStripPipeline: setSuggestions composing size=19 style=1 token=98 gen=16 typed=ejyy
07-22 14:02:45.921 13870 13870 I VkSuggestions: stripUi prediction=false children=5 [ejyy|with|duty]
07-22 14:02:45.921 13870 13870 I VkStripPipeline: slotBind composing children=5 [ejyy|with|duty]
07-22 14:02:45.959 13870 13870 I VkKeyPress: keys pressed=165
07-22 14:02:46.075 13870 13917 I VkSuggestions: decode typedLen=5 candidates=18 locales=1 11,1ms
07-22 14:02:46.078 13870 13917 I VkTextCorrection: threshold ejyyw→shuts score=0,000 thr=0,140 ○
07-22 14:02:46.080 13870 13917 I VkSuggestions: strip composing typedLen=5 candidates=19 autocorrect=false top=ejyyw locale=en token=98 gen=16
07-22 14:02:46.082 13870 13870 I VkStripPipeline: setSuggestions composing size=19 style=1 token=98 gen=16 typed=ejyyw
07-22 14:02:46.094 13870 13870 I VkSuggestions: stripUi prediction=false children=5 [ejyyw|shuts|either]
07-22 14:02:46.094 13870 13870 I VkStripPipeline: slotBind composing children=5 [ejyyw|shuts|either]
07-22 14:02:46.512 13870 13917 I VkSuggestions: decode typedLen=6 candidates=18 locales=1 6,3ms
07-22 14:02:46.513 13870 13917 I VkTextCorrection: threshold ejyywk→withal score=0,000 thr=0,140 ○
07-22 14:02:46.519 13870 13917 I VkSuggestions: strip composing typedLen=6 candidates=19 autocorrect=false top=ejyywk locale=en token=99 gen=16
07-22 14:02:46.520 13870 13870 I VkStripPipeline: setSuggestions composing size=19 style=1 token=99 gen=16 typed=ejyywk
07-22 14:02:46.524 13870 13870 I VkSuggestions: stripUi prediction=false children=5 [ejyywk|withal|with]
07-22 14:02:46.524 13870 13870 I VkStripPipeline: slotBind composing children=5 [ejyywk|withal|with]
07-22 14:02:46.702 13870 13917 I VkSuggestions: decode typedLen=7 candidates=18 locales=1 5,4ms
07-22 14:02:46.704 13870 13917 I VkTextCorrection: threshold ejyywkk→with all score=0,000 thr=0,140 ○
07-22 14:02:46.706 13870 13917 I VkSuggestions: strip composing typedLen=7 candidates=19 autocorrect=false top=ejyywkk locale=en token=101 gen=16
07-22 14:02:46.707 13870 13870 I VkStripPipeline: setSuggestions composing size=19 style=1 token=101 gen=16 typed=ejyywkk
07-22 14:02:46.717 13870 13870 I VkSuggestions: stripUi prediction=false children=5 [ejyywkk|with|with]
07-22 14:02:46.718 13870 13870 I VkStripPipeline: slotBind composing children=5 [ejyywkk|with|with]
07-22 14:02:46.842 13870 13917 W VibeKeyProfiler: Slow Native Suggest: Total=11.49ms | Init=0.54ms | TrieExpand(x4)=10.88ms | Scoring=0.07ms | inputSize=8
07-22 14:02:46.845 13870 13917 I VkSuggestions: decode typedLen=8 candidates=18 locales=1 13,7ms
07-22 14:02:46.848 13870 13917 I VkTextCorrection: threshold ejyywkkd→with skid score=0,000 thr=0,140 ○
07-22 14:02:46.852 13870 13917 I VkSuggestions: strip composing typedLen=8 candidates=19 autocorrect=false top=ejyywkkd locale=en token=101 gen=16
07-22 14:02:46.854 13870 13870 I VkStripPipeline: setSuggestions composing size=19 style=1 token=101 gen=16 typed=ejyywkkd
07-22 14:02:46.864 13870 13870 I VkSuggestions: stripUi prediction=false children=5 [ejyywkkd|with|with]
07-22 14:02:46.865 13870 13870 I VkStripPipeline: slotBind composing children=5 [ejyywkkd|with|with]
07-22 14:02:47.369 13870 13870 I VkStripPipeline: langSwitch main=en-AU token=103 gen=17
07-22 14:02:47.378 13870 13870 I VkStripPipeline: setSuggestions composing size=0 style=0 token=-1 gen=-1
07-22 14:02:47.379 13870 13870 I VkStripPipeline: slotBind composing children=0 []
07-22 14:02:47.379 13870 13870 I VkLanguageSettings: select es
07-22 14:02:47.389 13870 13870 I VkDictionaries: ✓ open emoji es
07-22 14:02:47.413 13870 13870 I VkLanguageSettings: cycle dir=1 → es
07-22 14:02:47.425 13870 13943 I VkMultilingual: reset main=es locales=[es] count=1
07-22 14:02:47.428 13870 13943 I VkDictionaries: ▶ async reload main dicts locales=1
07-22 14:02:47.497 13870 13895 I VkDictionaries: ✓ open main es
07-22 14:02:47.498 13870 13895 I VkDictionaries: ✓ open emoji es
07-22 14:02:47.498 13870 13895 I VkDictionaries: collection es dicts=2 emoji=true
07-22 14:02:47.675 14530 14530 E libcrashpad_handler_trampoline.so: createInstance(64bit) : createExtendedFactory
07-22 14:02:47.683 14530 14530 E libcrashpad_handler_trampoline.so: createInstance(64bit) : createExtendedFactory
07-22 14:02:47.683 14530 14530 E libcrashpad_handler_trampoline.so: Opened libinputextensionsimpl.so
07-22 14:02:47.683 14530 14530 E libcrashpad_handler_trampoline.so: Opened libinputextensionsimpl.so
07-22 14:02:47.688 14530 14530 E libcrashpad_handler_trampoline.so: createInstance(64bit) : createExtendedFactory
07-22 14:02:47.689 14530 14530 E libcrashpad_handler_trampoline.so: createInstance(64bit) : createExtendedFactory
07-22 14:02:47.689 14530 14530 E libcrashpad_handler_trampoline.so: Opened libsensorextimpl.so
07-22 14:02:47.689 14530 14530 E libcrashpad_handler_trampoline.so: Opened libsensorextimpl.so
07-22 14:02:48.247 13870 13943 F libc    : Fatal signal 11 (SIGSEGV), code 1 (SEGV_MAPERR), fault addr 0x620000005e in tid 13943 (DefaultDispatch), pid 13870 (ibekey.keyboard)
07-22 14:02:48.442 14533 14533 E DEBUG   : failed to read /proc/uptime: Permission denied
07-22 14:02:48.831 13870 13917 I VkSuggestions: strip prediction typedLen=0 candidates=3 autocorrect=false top=que locale=es token=107 gen=17
07-22 14:02:48.831 13870 13870 I VkStripPipeline: setSuggestions prediction size=3 style=6 token=107 gen=17
07-22 14:02:48.835 13870 13870 I VkSuggestions: stripUi prediction=true children=5 [ciudad|que|gobierno]
07-22 14:02:48.836 13870 13870 I VkStripPipeline: slotBind prediction children=5 [ciudad|que|gobierno]
07-22 14:02:48.837 13870 13870 W VkStall : MAIN-THREAD STALL 259ms during: >>>>> Dispatching to Handler (x9.k0) {2234045} null: 2
07-22 14:02:49.250 13870 13917 I VkSuggestions: strip prediction typedLen=0 candidates=3 autocorrect=false top=que locale=es token=109 gen=17
07-22 14:02:49.251 13870 13870 I VkStripPipeline: setSuggestions prediction size=3 style=6 token=109 gen=17
07-22 14:02:49.262 13870 13870 W VkStall : MAIN-THREAD STALL 267ms during: >>>>> Dispatching to Handler (x9.k0) {2234045} null: 2
07-22 14:02:49.264 13870 13870 I VkKeyPress: keys pressed=174
07-22 14:02:49.394 14533 14533 F DEBUG   : Process name is com.vibekey.keyboard, not key_process
07-22 14:02:49.394 14533 14533 F DEBUG   : keyProcess: 0
07-22 14:02:49.394 14533 14533 F DEBUG   : *** *** *** *** *** *** *** *** *** *** *** *** *** *** *** ***
07-22 14:02:49.394 14533 14533 F DEBUG   : Build fingerprint: 'OnePlus/OnePlus7Pro/OnePlus7Pro:12/SKQ1.211113.001/P.202303230244:user/release-keys'
07-22 14:02:49.394 14533 14533 F DEBUG   : Revision: '0'
07-22 14:02:49.394 14533 14533 F DEBUG   : ABI: 'arm64'
07-22 14:02:49.394 14533 14533 F DEBUG   : Timestamp: 2026-07-22 14:02:48.442472920-0400
07-22 14:02:49.394 14533 14533 F DEBUG   : Process uptime: 0s
07-22 14:02:49.394 14533 14533 F DEBUG   : Cmdline: com.vibekey.keyboard
07-22 14:02:49.394 14533 14533 F DEBUG   : pid: 13870, tid: 13943, name: DefaultDispatch  >>> com.vibekey.keyboard <<<
07-22 14:02:49.394 14533 14533 F DEBUG   : uid: 14388
07-22 14:02:49.394 14533 14533 F DEBUG   : signal 11 (SIGSEGV), code 1 (SEGV_MAPERR), fault addr 0x620000005e
07-22 14:02:49.394 14533 14533 F DEBUG   :     x0  0000006800000067  x1  0000007718c35b48  x2  b40000766495e800  x3  000000767f585f94
07-22 14:02:49.394 14533 14533 F DEBUG   :     x4  000000006f1629e0  x5  b40000766b75b0c0  x6  00000075baae9f80  x7  3f1da5566404e8ce
07-22 14:02:49.394 14533 14533 F DEBUG   :     x8  0000006200000076  x9  3f1da5566404e8ce  x10 0000000000000000  x11 b40000766495e800
07-22 14:02:49.394 14533 14533 F DEBUG   :     x12 00000075baae7a88  x13 0000007718c35b49  x14 0000000000000005  x15 00000000ebad6a89
07-22 14:02:49.394 14533 14533 F DEBUG   :     x16 00000075cd907cfc  x17 00000075baae8e60  x18 00000075b159c000  x19 b40000766495e800
07-22 14:02:49.394 14533 14533 F DEBUG   :     x20 0000000000001130  x21 b40000766495f930  x22 0000006800000067  x23 0000006200000076
07-22 14:02:49.394 14533 14533 F DEBUG   :     x24 000000767f91dc40  x25 00000075baae8f70  x26 b40000766b75ba70  x27 b400007676ddf720
07-22 14:02:49.394 14533 14533 F DEBUG   :     x28 00000075baae8e70  x29 00000075baae8e20
07-22 14:02:49.394 14533 14533 F DEBUG   :     lr  000000767f4c23a4  sp  00000075baae8e20  pc  00000075cd907d5c  pst 0000000080000000
07-22 14:02:49.394 14533 14533 F DEBUG   : backtrace:
07-22 14:02:49.394 14533 14533 F DEBUG   :       #00 pc 00000000000a3d5c  /data/app/~~XZi3rgNj6q5ncsWFV1G-hw==/com.vibekey.keyboard-QSvQAAYIKEwvObnfET3ifQ==/lib/arm64/libjni_latinime.so (BuildId: f905dbd1a904967a994cf833116e517b05caa863)
07-22 14:02:49.394 14533 14533 F DEBUG   :       #01 pc 00000000002c23a0  /apex/com.android.art/lib64/libart.so (art_quick_generic_jni_trampoline+144) (BuildId: cecb684d19b4f44ee3cbd66142c315f4)
07-22 14:02:49.394 14533 14533 F DEBUG   :       #02 pc 000000000072b39c  /apex/com.android.art/lib64/libart.so (nterp_helper+780) (BuildId: cecb684d19b4f44ee3cbd66142c315f4)
07-22 14:02:49.394 14533 14533 F DEBUG   :       #03 pc 00000000001ab3b4  /data/app/~~XZi3rgNj6q5ncsWFV1G-hw==/com.vibekey.keyboard-QSvQAAYIKEwvObnfET3ifQ==/oat/arm64/base.vdex (com.android.inputmethod.latin.DicTraverseSession.a+40)
