06-04 11:28:16.749 16723 16723 W i0      : Could not load system glide typing library jni_latinimegoogle: dlopen failed: library "libjni_latinimegoogle.so" not found
06-04 11:28:16.844 16723 16723 W t       : No editor info for this field. Bug?
06-04 11:28:16.885 16723 16723 W ibekey.keyboar: ClassLoaderContext classpath size mismatch. expected=1, found=0 (DLC[];PCL[base.apk*4009363210]{PCL[/system/framework/org.apache.http.legacy.jar*3034548894]#PCL[/apex/com.android.extservices/javalib/android.ext.adservices.jar*3839736497]#PCL[/system/framework/com.android.location.provider.jar*3633238672]#PCL[/system/framework/com.android.media.remotedisplay.jar*3472798123]#PCL[/apex/com.android.extservices/javalib/android.ext.adservices.jar*3839736497]} | DLC[];PCL[])
06-04 11:28:16.894 16723 16723 W System  : ClassLoader referenced unknown path: 
06-04 11:28:16.898 16723 16723 W ibekey.keyboar: ClassLoaderContext classpath element checksum mismatch. expected=4009363210, found=1699845595 (DLC[];PCL[base.apk*4009363210]{PCL[/system/framework/org.apache.http.legacy.jar*3034548894]#PCL[/apex/com.android.extservices/javalib/android.ext.adservices.jar*3839736497]#PCL[/system/framework/com.android.location.provider.jar*3633238672]#PCL[/system/framework/com.android.media.remotedisplay.jar*3472798123]#PCL[/apex/com.android.extservices/javalib/android.ext.adservices.jar*3839736497]} | DLC[];PCL[/data/app/~~Rqdit9KMQ-Yo5lPh998img==/com.vibekey.keyboard-UOt7d8g-zOPb8v-Gd3hILQ==/base.apk*1699845595]{PCL[/apex/com.android.extservices/javalib/android.ext.adservices.jar*3839736497]})
06-04 11:28:16.964 16723 16723 E ibekey.keyboar: ofbOpen failed with error=No such file or directory
06-04 11:28:16.964 16723 16723 E ibekey.keyboar: sysOpen failed with error=No such file or directory
06-04 11:28:16.978 16723 16773 W Ads     : Update ad debug logging enablement as false
06-04 11:28:17.002 16723 16723 E MultiApp.Impl: OplusMultiAppImpl
06-04 11:28:17.061 16723 16814 W libc    : Access denied finding property "ro.vendor.api_level"
06-04 11:28:17.066 16723 16723 W chromium: [WARNING:android_webview/browser/network_service/net_helpers.cc:137] HTTP Cache size is: 20971520
06-04 11:28:17.127 16723 16723 E OplusCustomizeRestrictionManager: sInstance is null, start a new sInstance
06-04 11:28:17.131 16723 16850 W libc    : Access denied finding property "vendor.camera.aux.packagelist"
06-04 11:28:17.131 16723 16850 W libc    : Access denied finding property "vendor.camera.aux.packagelist"
06-04 11:28:17.132 16723 16790 W libc    : Access denied finding property "vendor.camera.aux.packagelist"
06-04 11:28:17.388 16723 16723 W View    : requestLayout() improperly called by android.widget.LinearLayout{fa92884 V.E...... ......ID 0,1973-1440,2923 #7f0a011b app:id/main_keyboard_frame} during layout: running second layout pass
06-04 11:28:17.443 16723 16821 W cr_media: BLUETOOTH_CONNECT permission is missing.
06-04 11:28:17.444 16723 16821 W cr_media: getBluetoothAdapter() requires BLUETOOTH permission
06-04 11:28:17.444 16723 16821 W cr_media: registerBluetoothIntentsIfNeeded: Requires BLUETOOTH permission
06-04 11:28:17.572 16723 16836 W AudioCapabilities: Unsupported mime audio/ffmpeg
06-04 11:28:17.573 16723 16836 W VideoCapabilities: Unsupported mime video/ffmpeg
06-04 11:28:17.574 16723 16836 W VideoCapabilities: Unrecognized profile/level 0/3 for video/mpeg2
06-04 11:28:17.574 16723 16836 W VideoCapabilities: Unrecognized profile/level 0/3 for video/mpeg2
06-04 11:28:17.605 16723 16858 W BrowserGeckoPrewarm: Gecko prewarm error
06-04 11:28:17.605 16723 16858 W BrowserGeckoPrewarm: java.lang.IllegalThreadStateException: Expected thread 2 ("main"), but running on thread 41816 ("DefaultDispatcher-worker-5")
06-04 11:28:17.605 16723 16858 W BrowserGeckoPrewarm: 	at org.mozilla.gecko.util.k.a(r8-map-id-3a19d5ab2d9f0dfa0b2bee661d865017f1a4654ca1b4549e15991c0a34c48305:62)
06-04 11:28:17.605 16723 16858 W BrowserGeckoPrewarm: 	at org.mozilla.gecko.util.k.b(r8-map-id-3a19d5ab2d9f0dfa0b2bee661d865017f1a4654ca1b4549e15991c0a34c48305:3)
06-04 11:28:17.605 16723 16858 W BrowserGeckoPrewarm: 	at org.mozilla.geckoview.GeckoRuntime.create(r8-map-id-3a19d5ab2d9f0dfa0b2bee661d865017f1a4654ca1b4549e15991c0a34c48305:3)
06-04 11:28:17.605 16723 16858 W BrowserGeckoPrewarm: 	at y7.y1.a(r8-map-id-3a19d5ab2d9f0dfa0b2bee661d865017f1a4654ca1b4549e15991c0a34c48305:171)
06-04 11:28:17.605 16723 16858 W BrowserGeckoPrewarm: 	at y7.y1.c(r8-map-id-3a19d5ab2d9f0dfa0b2bee661d865017f1a4654ca1b4549e15991c0a34c48305:53)
06-04 11:28:17.605 16723 16858 W BrowserGeckoPrewarm: 	at i3.a.invokeSuspend(r8-map-id-3a19d5ab2d9f0dfa0b2bee661d865017f1a4654ca1b4549e15991c0a34c48305:37)
06-04 11:28:17.605 16723 16858 W BrowserGeckoPrewarm: 	at t8.a.resumeWith(r8-map-id-3a19d5ab2d9f0dfa0b2bee661d865017f1a4654ca1b4549e15991c0a34c48305:9)
06-04 11:28:17.605 16723 16858 W BrowserGeckoPrewarm: 	at m9.h0.run(r8-map-id-3a19d5ab2d9f0dfa0b2bee661d865017f1a4654ca1b4549e15991c0a34c48305:115)
06-04 11:28:17.605 16723 16858 W BrowserGeckoPrewarm: 	at c5.t.run(r8-map-id-3a19d5ab2d9f0dfa0b2bee661d865017f1a4654ca1b4549e15991c0a34c48305:76)
06-04 11:28:17.605 16723 16858 W BrowserGeckoPrewarm: 	at t9.j.run(r8-map-id-3a19d5ab2d9f0dfa0b2bee661d865017f1a4654ca1b4549e15991c0a34c48305:3)
06-04 11:28:17.605 16723 16858 W BrowserGeckoPrewarm: 	at t9.a.run(r8-map-id-3a19d5ab2d9f0dfa0b2bee661d865017f1a4654ca1b4549e15991c0a34c48305:88)
06-04 11:28:18.485 16723 16723 W View    : requestLayout() improperly called by android.widget.FrameLayout{70b072a V.E...... ......ID 0,1677-1440,1857 #7f0a0087 app:id/browser_nav_footer_float} during layout: running second layout pass
06-04 11:28:18.510 16723 16723 E GeckoView: Failed to attach WindowInsetsListener: 
06-04 11:28:18.510 16723 16723 E GeckoView: java.lang.NullPointerException: Attempt to invoke virtual method 'android.view.Window android.app.Activity.getWindow()' on a null object reference
06-04 11:28:18.510 16723 16723 E GeckoView: 	at org.mozilla.geckoview.GeckoView.attachWindowInsetsListener(r8-map-id-3a19d5ab2d9f0dfa0b2bee661d865017f1a4654ca1b4549e15991c0a34c48305:1)
06-04 11:28:18.510 16723 16723 E GeckoView: 	at org.mozilla.geckoview.GeckoView.onAttachedToWindow(r8-map-id-3a19d5ab2d9f0dfa0b2bee661d865017f1a4654ca1b4549e15991c0a34c48305:49)
06-04 11:28:18.510 16723 16723 E GeckoView: 	at android.view.View.dispatchAttachedToWindow(View.java:20900)
06-04 11:28:18.510 16723 16723 E GeckoView: 	at android.view.ViewGroup.dispatchAttachedToWindow(ViewGroup.java:3539)
06-04 11:28:18.510 16723 16723 E GeckoView: 	at android.view.ViewGroup.addViewInner(ViewGroup.java:5378)
06-04 11:28:18.510 16723 16723 E GeckoView: 	at android.view.ViewGroup.addView(ViewGroup.java:5156)
06-04 11:28:18.510 16723 16723 E GeckoView: 	at android.view.ViewGroup.addView(ViewGroup.java:5096)
06-04 11:28:18.510 16723 16723 E GeckoView: 	at helium314.keyboard.latin.panels.BrowserPanelView.X(r8-map-id-3a19d5ab2d9f0dfa0b2bee661d865017f1a4654ca1b4549e15991c0a34c48305:329)
06-04 11:28:18.510 16723 16723 E GeckoView: 	at helium314.keyboard.latin.panels.BrowserPanelView.E0(r8-map-id-3a19d5ab2d9f0dfa0b2bee661d865017f1a4654ca1b4549e15991c0a34c48305:61)
06-04 11:28:18.510 16723 16723 E GeckoView: 	at c5.t.run(r8-map-id-3a19d5ab2d9f0dfa0b2bee661d865017f1a4654ca1b4549e15991c0a34c48305:622)
06-04 11:28:18.510 16723 16723 E GeckoView: 	at g7.y.onGlobalLayout(r8-map-id-3a19d5ab2d9f0dfa0b2bee661d865017f1a4654ca1b4549e15991c0a34c48305:8)
06-04 11:28:18.510 16723 16723 E GeckoView: 	at android.view.ViewTreeObserver.dispatchOnGlobalLayout(ViewTreeObserver.java:1061)
06-04 11:28:18.510 16723 16723 E GeckoView: 	at android.view.ViewRootImpl.performTraversals(ViewRootImpl.java:3407)
06-04 11:28:18.510 16723 16723 E GeckoView: 	at android.view.ViewRootImpl.doTraversal(ViewRootImpl.java:2305)
06-04 11:28:18.510 16723 16723 E GeckoView: 	at android.view.ViewRootImpl$TraversalRunnable.run(ViewRootImpl.java:9133)
06-04 11:28:18.510 16723 16723 E GeckoView: 	at android.view.Choreographer$CallbackRecord.run(Choreographer.java:1232)
06-04 11:28:18.510 16723 16723 E GeckoView: 	at android.view.Choreographer.doCallbacks(Choreographer.java:1029)
06-04 11:28:18.510 16723 16723 E GeckoView: 	at android.view.Choreographer.doFrame(Choreographer.java:934)
06-04 11:28:18.510 16723 16723 E GeckoView: 	at android.view.Choreographer$FrameDisplayEventReceiver.run(Choreographer.java:1217)
06-04 11:28:18.510 16723 16723 E GeckoView: 	at android.os.Handler.handleCallback(Handler.java:938)
06-04 11:28:18.510 16723 16723 E GeckoView: 	at android.os.Handler.dispatchMessage(Handler.java:99)
06-04 11:28:18.510 16723 16723 E GeckoView: 	at android.os.Looper.loopOnce(Looper.java:233)
06-04 11:28:18.510 16723 16723 E GeckoView: 	at android.os.Looper.loop(Looper.java:344)
06-04 11:28:18.510 16723 16723 E GeckoView: 	at android.app.ActivityThread.main(ActivityThread.java:8212)
06-04 11:28:18.510 16723 16723 E GeckoView: 	at java.lang.reflect.Method.invoke(Native Method)
06-04 11:28:18.510 16723 16723 E GeckoView: 	at com.android.internal.os.RuntimeInit$MethodAndArgsCaller.run(RuntimeInit.java:584)
06-04 11:28:18.510 16723 16723 E GeckoView: 	at com.android.internal.os.ZygoteInit.main(ZygoteInit.java:1034)
06-04 11:28:18.514 16723 16895 W Settings: Setting animator_duration_scale has moved from android.provider.Settings.System to android.provider.Settings.Global, returning read-only global URI.
06-04 11:28:18.530 16723 16895 E GeckoLibLoad: Load sqlite start
06-04 11:28:18.531 16723 16895 E GeckoLibLoad: Load sqlite done
06-04 11:28:18.531 16723 16895 E GeckoLibLoad: Load nss start
06-04 11:28:18.531 16723 16895 E GeckoLibLoad: Load nss done
06-04 11:28:18.536 16723 16723 W View    : requestLayout() improperly called by helium314.keyboard.latin.panels.BrowserPanelView{75f573e V.E...... ......ID 0,0-1440,2040} during layout: running second layout pass
06-04 11:28:18.541 16723 16895 E GeckoLibLoad: Loaded libs in 9.974843ms total, 10ms(23ms) user, 0ms(0ms) system, 0(0) faults
06-04 11:28:18.542 16723 16895 W GeckoThread: zerdatime 263741403 - runGecko
06-04 11:28:18.562 16723 16723 W View    : requestLayout() improperly called by helium314.keyboard.latin.panels.BrowserPanelView{75f573e V.E...... ......ID 0,0-1440,2040} during layout: running second layout pass
06-04 11:28:18.571 16723 16723 W View    : requestLayout() improperly called by helium314.keyboard.latin.panels.BrowserPanelView{75f573e V.E...... ......I. 0,0-1440,2040} during second layout pass: posting in next frame
06-04 11:28:18.574 16723 16723 W View    : requestLayout() improperly called by helium314.keyboard.latin.panels.BrowserPanelView{75f573e V.E...... ......ID 0,0-1440,2040} during layout: running second layout pass
06-04 11:28:18.582 16723 16723 W View    : requestLayout() improperly called by helium314.keyboard.latin.panels.BrowserPanelView{75f573e V.E...... ........ 0,0-1440,2040} during second layout pass: posting in next frame
06-04 11:28:18.590 16723 16723 W View    : requestLayout() improperly called by helium314.keyboard.latin.panels.BrowserPanelView{75f573e V.E...... ......ID 0,0-1440,2040} during layout: running second layout pass
06-04 11:28:18.594 16723 16723 W View    : requestLayout() improperly called by helium314.keyboard.latin.panels.BrowserPanelView{75f573e V.E...... ........ 0,0-1440,2040} during second layout pass: posting in next frame
06-04 11:28:18.605 16723 16723 W View    : requestLayout() improperly called by helium314.keyboard.latin.panels.BrowserPanelView{75f573e V.E...... ......ID 0,0-1440,2040} during layout: running second layout pass
06-04 11:28:18.611 16723 16723 W View    : requestLayout() improperly called by helium314.keyboard.latin.panels.BrowserPanelView{75f573e V.E...... ........ 0,0-1440,2040} during second layout pass: posting in next frame
06-04 11:28:18.622 16723 16723 W View    : requestLayout() improperly called by helium314.keyboard.latin.panels.BrowserPanelView{75f573e V.E...... ......I. 0,0-1440,2040} during layout: running second layout pass
06-04 11:28:18.627 16723 16723 W View    : requestLayout() improperly called by helium314.keyboard.latin.panels.BrowserPanelView{75f573e V.E...... ........ 0,0-1440,2040} during second layout pass: posting in next frame
06-04 11:28:18.637 16723 16895 E ibekey.keyboar: hiddenapi: Accessing hidden field Ljava/lang/Boolean;->value:Z (runtime_flags=0, domain=core-platform, api=max-target-p) from Lorg/mozilla/gecko/GeckoThread; (domain=app, TargetSdkVersion=35) using JNI: denied
06-04 11:28:18.637 16723 16895 E ibekey.keyboar: hiddenapi: Accessing hidden field Ljava/lang/Integer;->value:I (runtime_flags=0, domain=core-platform, api=max-target-p) from Lorg/mozilla/gecko/GeckoThread; (domain=app, TargetSdkVersion=35) using JNI: denied
06-04 11:28:18.637 16723 16895 E ibekey.keyboar: hiddenapi: Accessing hidden field Ljava/lang/Long;->value:J (runtime_flags=0, domain=core-platform, api=max-target-p) from Lorg/mozilla/gecko/GeckoThread; (domain=app, TargetSdkVersion=35) using JNI: denied
06-04 11:28:18.637 16723 16895 E ibekey.keyboar: hiddenapi: Accessing hidden field Ljava/lang/Double;->value:D (runtime_flags=0, domain=core-platform, api=max-target-p) from Lorg/mozilla/gecko/GeckoThread; (domain=app, TargetSdkVersion=35) using JNI: denied
06-04 11:28:18.639 16723 16723 W View    : requestLayout() improperly called by helium314.keyboard.latin.panels.BrowserPanelView{75f573e V.E...... ......I. 0,0-1440,2040} during layout: running second layout pass
06-04 11:28:18.644 16723 16723 W View    : requestLayout() improperly called by helium314.keyboard.latin.panels.BrowserPanelView{75f573e V.E...... ........ 0,0-1440,2040} during second layout pass: posting in next frame
06-04 11:28:18.655 16723 16723 W View    : requestLayout() improperly called by helium314.keyboard.latin.panels.BrowserPanelView{75f573e V.E...... ......I. 0,0-1440,2040} during layout: running second layout pass
06-04 11:28:18.661 16723 16723 W View    : requestLayout() improperly called by helium314.keyboard.latin.panels.BrowserPanelView{75f573e V.E...... ......ID 0,0-1440,2040} during second layout pass: posting in next frame
06-04 11:28:18.675 16723 16723 W View    : requestLayout() improperly called by helium314.keyboard.latin.panels.BrowserPanelView{75f573e V.E...... ......ID 0,0-1440,2040} during layout: running second layout pass
06-04 11:28:18.687 16723 16723 W View    : requestLayout() improperly called by helium314.keyboard.latin.panels.BrowserPanelView{75f573e V.E...... ........ 0,0-1440,2040} during second layout pass: posting in next frame
06-04 11:28:18.690 16723 16723 W View    : requestLayout() improperly called by helium314.keyboard.latin.panels.BrowserPanelView{75f573e V.E...... ......I. 0,0-1440,2040} during layout: running second layout pass
06-04 11:28:18.701 16723 16723 W View    : requestLayout() improperly called by helium314.keyboard.latin.panels.BrowserPanelView{75f573e V.E...... ........ 0,0-1440,2040} during second layout pass: posting in next frame
06-04 11:28:18.705 16723 16723 W View    : requestLayout() improperly called by helium314.keyboard.latin.panels.BrowserPanelView{75f573e V.E...... ......I. 0,0-1440,2040} during layout: running second layout pass
06-04 11:28:18.710 16723 16723 W View    : requestLayout() improperly called by helium314.keyboard.latin.panels.BrowserPanelView{75f573e V.E...... ........ 0,0-1440,2040} during second layout pass: posting in next frame
06-04 11:28:18.713 16917 16917 E .keyboard:tab3: Unknown bits set in runtime_flags: 0x40000000
06-04 11:28:18.722 16723 16723 W View    : requestLayout() improperly called by helium314.keyboard.latin.panels.BrowserPanelView{75f573e V.E...... ......I. 0,0-1440,2040} during layout: running second layout pass
06-04 11:28:18.730 16723 16723 W View    : requestLayout() improperly called by helium314.keyboard.latin.panels.BrowserPanelView{75f573e V.E...... ........ 0,0-1440,2040} during second layout pass: posting in next frame
06-04 11:28:18.740 16723 16723 W View    : requestLayout() improperly called by helium314.keyboard.latin.panels.BrowserPanelView{75f573e V.E...... ......I. 0,0-1440,2040} during layout: running second layout pass
06-04 11:28:18.751 16723 16723 W View    : requestLayout() improperly called by helium314.keyboard.latin.panels.BrowserPanelView{75f573e V.E...... ........ 0,0-1440,2040} during second layout pass: posting in next frame
06-04 11:28:18.756 16723 16723 W View    : requestLayout() improperly called by helium314.keyboard.latin.panels.BrowserPanelView{75f573e V.E...... ......I. 0,0-1440,2040} during layout: running second layout pass
06-04 11:28:18.761 16723 16723 W View    : requestLayout() improperly called by helium314.keyboard.latin.panels.BrowserPanelView{75f573e V.E...... ........ 0,0-1440,2040} during second layout pass: posting in next frame
06-04 11:28:18.773 16723 16723 W View    : requestLayout() improperly called by helium314.keyboard.latin.panels.BrowserPanelView{75f573e V.E...... ......I. 0,0-1440,2040} during layout: running second layout pass
06-04 11:28:18.778 16723 16723 W View    : requestLayout() improperly called by helium314.keyboard.latin.panels.BrowserPanelView{75f573e V.E...... ........ 0,0-1440,2040} during second layout pass: posting in next frame
06-04 11:28:18.794 16723 16723 W View    : requestLayout() improperly called by helium314.keyboard.latin.panels.BrowserPanelView{75f573e V.E...... ......I. 0,0-1440,2040} during layout: running second layout pass
06-04 11:28:18.801 16723 16723 W View    : requestLayout() improperly called by helium314.keyboard.latin.panels.BrowserPanelView{75f573e V.E...... ........ 0,0-1440,2040} during second layout pass: posting in next frame
06-04 11:28:18.806 16723 16723 W View    : requestLayout() improperly called by helium314.keyboard.latin.panels.BrowserPanelView{75f573e V.E...... ......I. 0,0-1440,2040} during layout: running second layout pass
06-04 11:28:18.811 16723 16723 W View    : requestLayout() improperly called by helium314.keyboard.latin.panels.BrowserPanelView{75f573e V.E...... ........ 0,0-1440,2040} during second layout pass: posting in next frame
06-04 11:28:18.822 16723 16723 W View    : requestLayout() improperly called by helium314.keyboard.latin.panels.BrowserPanelView{75f573e V.E...... ......I. 0,0-1440,2040} during layout: running second layout pass
06-04 11:28:18.829 16723 16723 W View    : requestLayout() improperly called by helium314.keyboard.latin.panels.BrowserPanelView{75f573e V.E...... ........ 0,0-1440,2040} during second layout pass: posting in next frame
06-04 11:28:18.839 16723 16723 W View    : requestLayout() improperly called by helium314.keyboard.latin.panels.BrowserPanelView{75f573e V.E...... ......I. 0,0-1440,2040} during layout: running second layout pass
06-04 11:28:18.845 16723 16723 W View    : requestLayout() improperly called by helium314.keyboard.latin.panels.BrowserPanelView{75f573e V.E...... ........ 0,0-1440,2040} during second layout pass: posting in next frame
06-04 11:28:18.848 16951 16951 E ey.keyboard:gp: Unknown bits set in runtime_flags: 0x40000000
06-04 11:28:18.856 16723 16723 W View    : requestLayout() improperly called by helium314.keyboard.latin.panels.BrowserPanelView{75f573e V.E...... ......I. 0,0-1440,2040} during layout: running second layout pass
06-04 11:28:18.861 16723 16723 W View    : requestLayout() improperly called by helium314.keyboard.latin.panels.BrowserPanelView{75f573e V.E...... ........ 0,0-1440,2040} during second layout pass: posting in next frame
06-04 11:28:18.873 16723 16723 W View    : requestLayout() improperly called by helium314.keyboard.latin.panels.BrowserPanelView{75f573e V.E...... ......I. 0,0-1440,2040} during layout: running second layout pass
06-04 11:28:18.880 16723 16723 W View    : requestLayout() improperly called by helium314.keyboard.latin.panels.BrowserPanelView{75f573e V.E...... ........ 0,0-1440,2040} during second layout pass: posting in next frame
06-04 11:28:18.889 16723 16723 W View    : requestLayout() improperly called by helium314.keyboard.latin.panels.BrowserPanelView{75f573e V.E...... ......I. 0,0-1440,2040} during layout: running second layout pass
06-04 11:28:18.898 16723 16723 W View    : requestLayout() improperly called by helium314.keyboard.latin.panels.BrowserPanelView{75f573e V.E...... ........ 0,0-1440,2040} during second layout pass: posting in next frame
06-04 11:28:18.907 16723 16723 W View    : requestLayout() improperly called by helium314.keyboard.latin.panels.BrowserPanelView{75f573e V.E...... ......I. 0,0-1440,2040} during layout: running second layout pass
06-04 11:28:18.912 16917 16959 E GeckoLibLoad: Load sqlite start
06-04 11:28:18.913 16723 16723 W View    : requestLayout() improperly called by helium314.keyboard.latin.panels.BrowserPanelView{75f573e V.E...... ........ 0,0-1440,2040} during second layout pass: posting in next frame
06-04 11:28:18.913 16917 16959 E GeckoLibLoad: Load sqlite done
06-04 11:28:18.913 16917 16959 E GeckoLibLoad: Load nss start
06-04 11:28:18.913 16917 16959 E GeckoLibLoad: Load nss done
06-04 11:28:18.922 16723 16723 W View    : requestLayout() improperly called by helium314.keyboard.latin.panels.BrowserPanelView{75f573e V.E...... ......I. 0,0-1440,2040} during layout: running second layout pass
06-04 11:28:18.926 16723 16723 W View    : requestLayout() improperly called by helium314.keyboard.latin.panels.BrowserPanelView{75f573e V.E...... ........ 0,0-1440,2040} during second layout pass: posting in next frame
06-04 11:28:18.931 16917 16959 E GeckoLibLoad: Loaded libs in 17.232448ms total, 12ms(6ms) user, 0ms(4ms) system, 0(0) faults
06-04 11:28:18.931 16917 16959 W GeckoThread: zerdatime 263741792 - runGecko
06-04 11:28:18.940 16723 16723 W View    : requestLayout() improperly called by helium314.keyboard.latin.panels.BrowserPanelView{75f573e V.E...... ......I. 0,0-1440,2040} during layout: running second layout pass
06-04 11:28:18.944 16723 16723 W View    : requestLayout() improperly called by helium314.keyboard.latin.panels.BrowserPanelView{75f573e V.E...... ........ 0,0-1440,2040} during second layout pass: posting in next frame
06-04 11:28:18.945 16951 16975 E GeckoLibLoad: Load sqlite start
06-04 11:28:18.945 16951 16975 E GeckoLibLoad: Load sqlite done
06-04 11:28:18.945 16951 16975 E GeckoLibLoad: Load nss start
06-04 11:28:18.945 16951 16975 E GeckoLibLoad: Load nss done
06-04 11:28:18.955 16951 16975 E GeckoLibLoad: Loaded libs in 9.020521ms total, 9ms(8ms) user, 0ms(0ms) system, 0(0) faults
06-04 11:28:18.955 16951 16975 W GeckoThread: zerdatime 263741816 - runGecko
06-04 11:28:18.955 16723 16723 W View    : requestLayout() improperly called by helium314.keyboard.latin.panels.BrowserPanelView{75f573e V.E...... ......I. 0,0-1440,2040} during layout: running second layout pass
06-04 11:28:18.960 16723 16723 W View    : requestLayout() improperly called by helium314.keyboard.latin.panels.BrowserPanelView{75f573e V.E...... ........ 0,0-1440,2040} during second layout pass: posting in next frame
06-04 11:28:18.975 16723 16723 W View    : requestLayout() improperly called by helium314.keyboard.latin.panels.BrowserPanelView{75f573e V.E...... ......I. 0,0-1440,2040} during layout: running second layout pass
06-04 11:28:18.979 16723 16723 W View    : requestLayout() improperly called by helium314.keyboard.latin.panels.BrowserPanelView{75f573e V.E...... ........ 0,0-1440,2040} during second layout pass: posting in next frame
06-04 11:28:18.989 16723 16723 W View    : requestLayout() improperly called by helium314.keyboard.latin.panels.BrowserPanelView{75f573e V.E...... ......I. 0,0-1440,2040} during layout: running second layout pass
06-04 11:28:18.993 16723 16723 W View    : requestLayout() improperly called by helium314.keyboard.latin.panels.BrowserPanelView{75f573e V.E...... ........ 0,0-1440,2040} during second layout pass: posting in next frame
06-04 11:28:18.996 16951 17001 W AudioCapabilities: Unsupported mime audio/ffmpeg
06-04 11:28:18.997 16951 17001 W VideoCapabilities: Unsupported mime video/ffmpeg
06-04 11:28:18.998 16951 17001 W VideoCapabilities: Unrecognized profile/level 0/3 for video/mpeg2
06-04 11:28:18.998 16951 17001 W VideoCapabilities: Unrecognized profile/level 0/3 for video/mpeg2
06-04 11:28:19.006 16723 16723 W View    : requestLayout() improperly called by helium314.keyboard.latin.panels.BrowserPanelView{75f573e V.E...... ......I. 0,0-1440,2040} during layout: running second layout pass
06-04 11:28:19.010 16723 16723 W View    : requestLayout() improperly called by helium314.keyboard.latin.panels.BrowserPanelView{75f573e V.E...... ........ 0,0-1440,2040} during second layout pass: posting in next frame
06-04 11:28:19.023 16723 16723 W View    : requestLayout() improperly called by helium314.keyboard.latin.panels.BrowserPanelView{75f573e V.E...... ......I. 0,0-1440,2040} during layout: running second layout pass
06-04 11:28:19.027 16723 16723 W View    : requestLayout() improperly called by helium314.keyboard.latin.panels.BrowserPanelView{75f573e V.E...... ........ 0,0-1440,2040} during second layout pass: posting in next frame
06-04 11:28:19.039 16723 16723 W View    : requestLayout() improperly called by helium314.keyboard.latin.panels.BrowserPanelView{75f573e V.E...... ......I. 0,0-1440,2040} during layout: running second layout pass
06-04 11:28:19.046 16951 16972 E ey.keyboard:gp: ofbOpen failed with error=No such file or directory
06-04 11:28:19.046 16951 16972 E ey.keyboard:gp: sysOpen failed with error=No such file or directory
06-04 11:28:19.047 16917 16959 W GeckoEditableChild: No editable parent
06-04 11:28:19.048 16723 16723 W View    : requestLayout() improperly called by helium314.keyboard.latin.panels.BrowserPanelView{75f573e V.E...... ........ 0,0-1440,2040} during second layout pass: posting in next frame
06-04 11:28:19.060 16723 16723 W View    : requestLayout() improperly called by helium314.keyboard.latin.panels.BrowserPanelView{75f573e V.E...... ......I. 0,0-1440,2040} during layout: running second layout pass
06-04 11:28:19.067 16723 16723 W View    : requestLayout() improperly called by helium314.keyboard.latin.panels.BrowserPanelView{75f573e V.E...... ......ID 0,0-1440,2040} during second layout pass: posting in next frame
06-04 11:28:19.075 16723 16723 W View    : requestLayout() improperly called by helium314.keyboard.latin.panels.BrowserPanelView{75f573e V.E...... ......ID 0,0-1440,2040} during layout: running second layout pass
06-04 11:28:19.080 16723 16723 W View    : requestLayout() improperly called by helium314.keyboard.latin.panels.BrowserPanelView{75f573e V.E...... ........ 0,0-1440,2040} during second layout pass: posting in next frame
06-04 11:28:19.090 16723 16723 W View    : requestLayout() improperly called by helium314.keyboard.latin.panels.BrowserPanelView{75f573e V.E...... ......I. 0,0-1440,2040} during layout: running second layout pass
06-04 11:28:19.094 16723 16723 W View    : requestLayout() improperly called by helium314.keyboard.latin.panels.BrowserPanelView{75f573e V.E...... ........ 0,0-1440,2040} during second layout pass: posting in next frame
06-04 11:28:19.106 16723 16723 W View    : requestLayout() improperly called by helium314.keyboard.latin.panels.BrowserPanelView{75f573e V.E...... ......I. 0,0-1440,2040} during layout: running second layout pass
06-04 11:28:19.110 16723 16723 W View    : requestLayout() improperly called by helium314.keyboard.latin.panels.BrowserPanelView{75f573e V.E...... ........ 0,0-1440,2040} during second layout pass: posting in next frame
06-04 11:28:19.124 16723 16723 W View    : requestLayout() improperly called by helium314.keyboard.latin.panels.BrowserPanelView{75f573e V.E...... ......I. 0,0-1440,2040} during layout: running second layout pass
06-04 11:28:19.130 16723 16723 W View    : requestLayout() improperly called by helium314.keyboard.latin.panels.BrowserPanelView{75f573e V.E...... ........ 0,0-1440,2040} during second layout pass: posting in next frame
06-04 11:28:19.139 16723 16723 W View    : requestLayout() improperly called by helium314.keyboard.latin.panels.BrowserPanelView{75f573e V.E...... ......I. 0,0-1440,2040} during layout: running second layout pass
06-04 11:28:19.146 16723 16723 W View    : requestLayout() improperly called by helium314.keyboard.latin.panels.BrowserPanelView{75f573e V.E...... ........ 0,0-1440,2040} during second layout pass: posting in next frame
06-04 11:28:19.163 16723 16790 E BLASTBufferQueue: BLASTBufferItemConsumer::onDisconnect()
06-04 11:28:19.164 16723 16723 W View    : requestLayout() improperly called by helium314.keyboard.latin.panels.BrowserPanelView{75f573e V.E...... ......ID 0,0-1440,2040} during layout: running second layout pass
06-04 11:28:19.172 16723 16723 W View    : requestLayout() improperly called by helium314.keyboard.latin.panels.BrowserPanelView{75f573e V.E...... ........ 0,0-1440,2040} during second layout pass: posting in next frame
06-04 11:28:19.175 16723 16723 W View    : requestLayout() improperly called by helium314.keyboard.latin.panels.BrowserPanelView{75f573e V.E...... ......I. 0,0-1440,2040} during layout: running second layout pass
06-04 11:28:19.185 16723 16723 W View    : requestLayout() improperly called by helium314.keyboard.latin.panels.BrowserPanelView{75f573e V.E...... ......ID 0,0-1440,2040} during second layout pass: posting in next frame
06-04 11:28:19.192 16723 16723 W View    : requestLayout() improperly called by helium314.keyboard.latin.panels.BrowserPanelView{75f573e V.E...... ......ID 0,0-1440,2040} during layout: running second layout pass
06-04 11:28:19.198 16723 16723 W View    : requestLayout() improperly called by helium314.keyboard.latin.panels.BrowserPanelView{75f573e V.E...... ......I. 0,0-1440,2040} during second layout pass: posting in next frame
06-04 11:28:19.207 16723 16723 W View    : requestLayout() improperly called by helium314.keyboard.latin.panels.BrowserPanelView{75f573e V.E...... ......I. 0,0-1440,2040} during layout: running second layout pass
06-04 11:28:19.215 16723 16723 W View    : requestLayout() improperly called by helium314.keyboard.latin.panels.BrowserPanelView{75f573e V.E...... ........ 0,0-1440,2040} during second layout pass: posting in next frame
06-04 11:28:19.223 16723 16723 W View    : requestLayout() improperly called by helium314.keyboard.latin.panels.BrowserPanelView{75f573e V.E...... ......ID 0,0-1440,2040} during layout: running second layout pass
06-04 11:28:19.228 16723 16723 W View    : requestLayout() improperly called by helium314.keyboard.latin.panels.BrowserPanelView{75f573e V.E...... ........ 0,0-1440,2040} during second layout pass: posting in next frame
06-04 11:28:19.240 16723 16723 W View    : requestLayout() improperly called by helium314.keyboard.latin.panels.BrowserPanelView{75f573e V.E...... ......I. 0,0-1440,2040} during layout: running second layout pass
06-04 11:28:19.246 16723 16723 W View    : requestLayout() improperly called by helium314.keyboard.latin.panels.BrowserPanelView{75f573e V.E...... ........ 0,0-1440,2040} during second layout pass: posting in next frame
06-04 11:28:19.257 16723 16723 W View    : requestLayout() improperly called by helium314.keyboard.latin.panels.BrowserPanelView{75f573e V.E...... ......I. 0,0-1440,2040} during layout: running second layout pass
06-04 11:28:19.262 16723 16723 W View    : requestLayout() improperly called by helium314.keyboard.latin.panels.BrowserPanelView{75f573e V.E...... ........ 0,0-1440,2040} during second layout pass: posting in next frame
06-04 11:28:19.273 16723 16723 W View    : requestLayout() improperly called by helium314.keyboard.latin.panels.BrowserPanelView{75f573e V.E...... ......I. 0,0-1440,2040} during layout: running second layout pass
06-04 11:28:19.277 16723 16723 W View    : requestLayout() improperly called by helium314.keyboard.latin.panels.BrowserPanelView{75f573e V.E...... ........ 0,0-1440,2040} during second layout pass: posting in next frame
06-04 11:28:19.289 16723 16723 W View    : requestLayout() improperly called by helium314.keyboard.latin.panels.BrowserPanelView{75f573e V.E...... ......I. 0,0-1440,2040} during layout: running second layout pass
06-04 11:28:19.292 16723 16723 W View    : requestLayout() improperly called by helium314.keyboard.latin.panels.BrowserPanelView{75f573e V.E...... ........ 0,0-1440,2040} during second layout pass: posting in next frame
06-04 11:28:19.307 16723 16723 W View    : requestLayout() improperly called by helium314.keyboard.latin.panels.BrowserPanelView{75f573e V.E...... ......I. 0,0-1440,2040} during layout: running second layout pass
06-04 11:28:19.314 16723 16723 W View    : requestLayout() improperly called by helium314.keyboard.latin.panels.BrowserPanelView{75f573e V.E...... ........ 0,0-1440,2040} during second layout pass: posting in next frame
06-04 11:28:19.322 16723 16723 W View    : requestLayout() improperly called by helium314.keyboard.latin.panels.BrowserPanelView{75f573e V.E...... ......I. 0,0-1440,2040} during layout: running second layout pass
06-04 11:28:19.326 16723 16723 W View    : requestLayout() improperly called by helium314.keyboard.latin.panels.BrowserPanelView{75f573e V.E...... ........ 0,0-1440,2040} during second layout pass: posting in next frame
06-04 11:28:19.330 17064 17064 E .keyboard:tab1: Unknown bits set in runtime_flags: 0x40000000
06-04 11:28:19.340 16723 16723 W View    : requestLayout() improperly called by helium314.keyboard.latin.panels.BrowserPanelView{75f573e V.E...... ......I. 0,0-1440,2040} during layout: running second layout pass
06-04 11:28:19.344 16723 16723 W View    : requestLayout() improperly called by helium314.keyboard.latin.panels.BrowserPanelView{75f573e V.E...... ........ 0,0-1440,2040} during second layout pass: posting in next frame
06-04 11:28:19.358 16723 16723 W View    : requestLayout() improperly called by helium314.keyboard.latin.panels.BrowserPanelView{75f573e V.E...... ......I. 0,0-1440,2040} during layout: running second layout pass
06-04 11:28:19.362 16723 16723 W View    : requestLayout() improperly called by helium314.keyboard.latin.panels.BrowserPanelView{75f573e V.E...... ........ 0,0-1440,2040} during second layout pass: posting in next frame
06-04 11:28:19.374 16723 16723 W View    : requestLayout() improperly called by helium314.keyboard.latin.panels.BrowserPanelView{75f573e V.E...... ......I. 0,0-1440,2040} during layout: running second layout pass
06-04 11:28:19.378 16723 16723 W View    : requestLayout() improperly called by helium314.keyboard.latin.panels.BrowserPanelView{75f573e V.E...... ........ 0,0-1440,2040} during second layout pass: posting in next frame
06-04 11:28:19.391 16723 16723 W View    : requestLayout() improperly called by helium314.keyboard.latin.panels.BrowserPanelView{75f573e V.E...... ......I. 0,0-1440,2040} during layout: running second layout pass
06-04 11:28:19.395 17064 17082 E GeckoLibLoad: Load sqlite start
06-04 11:28:19.396 16723 16723 W View    : requestLayout() improperly called by helium314.keyboard.latin.panels.BrowserPanelView{75f573e V.E...... ........ 0,0-1440,2040} during second layout pass: posting in next frame
06-04 11:28:19.396 17064 17082 E GeckoLibLoad: Load sqlite done
06-04 11:28:19.397 17064 17082 E GeckoLibLoad: Load nss start
06-04 11:28:19.397 17064 17082 E GeckoLibLoad: Load nss done
06-04 11:28:19.407 16723 16723 W View    : requestLayout() improperly called by helium314.keyboard.latin.panels.BrowserPanelView{75f573e V.E...... ......I. 0,0-1440,2040} during layout: running second layout pass
06-04 11:28:19.408 17064 17082 E GeckoLibLoad: Loaded libs in 11.003125ms total, 2ms(0ms) user, 6ms(9ms) system, 0(0) faults
06-04 11:28:19.408 17064 17082 W GeckoThread: zerdatime 263742269 - runGecko
06-04 11:28:19.413 16723 16723 W View    : requestLayout() improperly called by helium314.keyboard.latin.panels.BrowserPanelView{75f573e V.E...... ........ 0,0-1440,2040} during second layout pass: posting in next frame
06-04 11:28:19.424 16723 16723 W View    : requestLayout() improperly called by helium314.keyboard.latin.panels.BrowserPanelView{75f573e V.E...... ......I. 0,0-1440,2040} during layout: running second layout pass
06-04 11:28:19.429 16723 16723 W View    : requestLayout() improperly called by helium314.keyboard.latin.panels.BrowserPanelView{75f573e V.E...... ........ 0,0-1440,2040} during second layout pass: posting in next frame
06-04 11:28:19.440 16723 16723 W View    : requestLayout() improperly called by helium314.keyboard.latin.panels.BrowserPanelView{75f573e V.E...... ......I. 0,0-1440,2040} during layout: running second layout pass
06-04 11:28:19.446 16723 16723 W View    : requestLayout() improperly called by helium314.keyboard.latin.panels.BrowserPanelView{75f573e V.E...... ........ 0,0-1440,2040} during second layout pass: posting in next frame
06-04 11:28:19.457 16723 16723 W View    : requestLayout() improperly called by helium314.keyboard.latin.panels.BrowserPanelView{75f573e V.E...... ......I. 0,0-1440,2040} during layout: running second layout pass
06-04 11:28:19.464 16723 16723 W View    : requestLayout() improperly called by helium314.keyboard.latin.panels.BrowserPanelView{75f573e V.E...... ........ 0,0-1440,2040} during second layout pass: posting in next frame
06-04 11:28:19.475 16723 16723 W View    : requestLayout() improperly called by helium314.keyboard.latin.panels.BrowserPanelView{75f573e V.E...... ......I. 0,0-1440,2040} during layout: running second layout pass
06-04 11:28:19.480 16723 16723 W View    : requestLayout() improperly called by helium314.keyboard.latin.panels.BrowserPanelView{75f573e V.E...... ......ID 0,0-1440,2040} during second layout pass: posting in next frame
06-04 11:28:19.492 16723 16723 W View    : requestLayout() improperly called by helium314.keyboard.latin.panels.BrowserPanelView{75f573e V.E...... ......ID 0,0-1440,2040} during layout: running second layout pass
06-04 11:28:19.498 16723 16723 W View    : requestLayout() improperly called by helium314.keyboard.latin.panels.BrowserPanelView{75f573e V.E...... ........ 0,0-1440,2040} during second layout pass: posting in next frame
06-04 11:28:19.507 16723 16723 W View    : requestLayout() improperly called by helium314.keyboard.latin.panels.BrowserPanelView{75f573e V.E...... ......I. 0,0-1440,2040} during layout: running second layout pass
06-04 11:28:19.512 16723 16723 W View    : requestLayout() improperly called by helium314.keyboard.latin.panels.BrowserPanelView{75f573e V.E...... ........ 0,0-1440,2040} during second layout pass: posting in next frame
06-04 11:28:19.519 17064 17082 W Isolated Web Content: [JavaScript Warning: "Content-Security-Policy: Ignoring “'report-sample'” within script-src: ‘strict-dynamic’ specified" {file: "https://www.google.com/" line: 0}]
06-04 11:28:19.519 17064 17082 W Isolated Web Content: [JavaScript Warning: "Content-Security-Policy: Ignoring “'unsafe-inline'” within script-src: ‘strict-dynamic’ specified" {file: "https://www.google.com/" line: 0}]
06-04 11:28:19.520 17064 17082 W Isolated Web Content: [JavaScript Warning: "Content-Security-Policy: Ignoring “https:” within script-src: ‘strict-dynamic’ specified" {file: "https://www.google.com/" line: 0}]
06-04 11:28:19.520 17064 17082 W Isolated Web Content: [JavaScript Warning: "Content-Security-Policy: Ignoring “http:” within script-src: ‘strict-dynamic’ specified" {file: "https://www.google.com/" line: 0}]
06-04 11:28:19.520 17064 17082 W Isolated Web Content: [JavaScript Warning: "Content-Security-Policy: Ignoring “'unsafe-inline'” within script-src: nonce-source or hash-source specified" {file: "https://www.google.com/" line: 0}]
06-04 11:28:19.521 17064 17082 W GeckoEditableChild: No editable parent
06-04 11:28:19.526 16723 16723 W View    : requestLayout() improperly called by helium314.keyboard.latin.panels.BrowserPanelView{75f573e V.E...... ......I. 0,0-1440,2040} during layout: running second layout pass
06-04 11:28:19.532 16723 16723 W View    : requestLayout() improperly called by helium314.keyboard.latin.panels.BrowserPanelView{75f573e V.E...... ........ 0,0-1440,2040} during second layout pass: posting in next frame
06-04 11:28:19.540 16723 16723 W View    : requestLayout() improperly called by helium314.keyboard.latin.panels.BrowserPanelView{75f573e V.E...... ......I. 0,0-1440,2040} during layout: running second layout pass
06-04 11:28:19.544 16723 16723 W View    : requestLayout() improperly called by helium314.keyboard.latin.panels.BrowserPanelView{75f573e V.E...... ........ 0,0-1440,2040} during second layout pass: posting in next frame
06-04 11:28:19.556 17064 17082 W Isolated Web Content: [JavaScript Warning: "Empty string passed to getElementById()." {file: "https://www.google.com/" line: 65}]
06-04 11:28:19.557 16723 16723 W View    : requestLayout() improperly called by helium314.keyboard.latin.panels.BrowserPanelView{75f573e V.E...... ......I. 0,0-1440,2040} during layout: running second layout pass
06-04 11:28:19.562 16723 16723 W View    : requestLayout() improperly called by helium314.keyboard.latin.panels.BrowserPanelView{75f573e V.E...... ........ 0,0-1440,2040} during second layout pass: posting in next frame
06-04 11:28:19.573 16723 16723 W View    : requestLayout() improperly called by helium314.keyboard.latin.panels.BrowserPanelView{75f573e V.E...... ......I. 0,0-1440,2040} during layout: running second layout pass
06-04 11:28:19.578 16723 16723 W View    : requestLayout() improperly called by helium314.keyboard.latin.panels.BrowserPanelView{75f573e V.E...... ........ 0,0-1440,2040} during second layout pass: posting in next frame
06-04 11:28:19.590 16723 16723 W View    : requestLayout() improperly called by helium314.keyboard.latin.panels.BrowserPanelView{75f573e V.E...... ......I. 0,0-1440,2040} during layout: running second layout pass
06-04 11:28:19.601 16723 16723 W View    : requestLayout() improperly called by helium314.keyboard.latin.panels.BrowserPanelView{75f573e V.E...... ........ 0,0-1440,2040} during second layout pass: posting in next frame
06-04 11:28:19.607 16723 16723 W View    : requestLayout() improperly called by helium314.keyboard.latin.panels.BrowserPanelView{75f573e V.E...... ......ID 0,0-1440,2040} during layout: running second layout pass
06-04 11:28:19.612 16723 16723 W View    : requestLayout() improperly called by helium314.keyboard.latin.panels.BrowserPanelView{75f573e V.E...... ........ 0,0-1440,2040} during second layout pass: posting in next frame
06-04 11:28:19.626 16723 16723 W View    : requestLayout() improperly called by helium314.keyboard.latin.panels.BrowserPanelView{75f573e V.E...... ......ID 0,0-1440,2040} during layout: running second layout pass
06-04 11:28:19.632 16723 16723 W View    : requestLayout() improperly called by helium314.keyboard.latin.panels.BrowserPanelView{75f573e V.E...... ........ 0,0-1440,2040} during second layout pass: posting in next frame
06-04 11:28:19.655 16723 16738 E BLASTBufferQueue: BLASTBufferItemConsumer::onDisconnect()
06-04 11:28:19.656 16723 16723 W View    : requestLayout() improperly called by helium314.keyboard.latin.panels.BrowserPanelView{75f573e V.E...... ......ID 0,0-1440,2040} during layout: running second layout pass
06-04 11:28:19.662 16723 16723 W View    : requestLayout() improperly called by helium314.keyboard.latin.panels.BrowserPanelView{75f573e V.E...... ........ 0,0-1440,2040} during second layout pass: posting in next frame
06-04 11:28:19.664 16723 16723 W View    : requestLayout() improperly called by helium314.keyboard.latin.panels.BrowserPanelView{75f573e V.E...... ......ID 0,0-1440,2040} during layout: running second layout pass
06-04 11:28:19.668 16723 16723 W View    : requestLayout() improperly called by helium314.keyboard.latin.panels.BrowserPanelView{75f573e V.E...... ........ 0,0-1440,2040} during second layout pass: posting in next frame
06-04 11:28:19.673 16723 16723 W View    : requestLayout() improperly called by helium314.keyboard.latin.panels.BrowserPanelView{75f573e V.E...... ......ID 0,0-1440,2040} during layout: running second layout pass
06-04 11:28:19.682 16723 16723 W View    : requestLayout() improperly called by helium314.keyboard.latin.panels.BrowserPanelView{75f573e V.E...... ........ 0,0-1440,2040} during second layout pass: posting in next frame
06-04 11:28:19.690 16723 16723 W View    : requestLayout() improperly called by helium314.keyboard.latin.panels.BrowserPanelView{75f573e V.E...... ......ID 0,0-1440,2040} during layout: running second layout pass
06-04 11:28:19.699 16723 16723 W View    : requestLayout() improperly called by helium314.keyboard.latin.panels.BrowserPanelView{75f573e V.E...... .......D 0,0-1440,2040} during second layout pass: posting in next frame
06-04 11:28:19.707 16723 16723 W View    : requestLayout() improperly called by helium314.keyboard.latin.panels.BrowserPanelView{75f573e V.E...... ......ID 0,0-1440,2040} during layout: running second layout pass
06-04 11:28:19.721 16723 16723 W View    : requestLayout() improperly called by helium314.keyboard.latin.panels.BrowserPanelView{75f573e V.E...... ........ 0,0-1440,2040} during second layout pass: posting in next frame
06-04 11:28:19.741 16723 16723 W View    : requestLayout() improperly called by helium314.keyboard.latin.panels.BrowserPanelView{75f573e V.E...... ......ID 0,0-1440,2040} during layout: running second layout pass
06-04 11:28:19.750 16723 16723 W View    : requestLayout() improperly called by helium314.keyboard.latin.panels.BrowserPanelView{75f573e V.E...... ......ID 0,0-1440,2040} during second layout pass: posting in next frame
06-04 11:28:19.752 16723 16723 W View    : requestLayout() improperly called by helium314.keyboard.latin.panels.BrowserPanelView{75f573e V.E...... ......ID 0,0-1440,2040} during layout: running second layout pass
06-04 11:28:19.756 16723 16723 W View    : requestLayout() improperly called by helium314.keyboard.latin.panels.BrowserPanelView{75f573e V.E...... ........ 0,0-1440,2040} during second layout pass: posting in next frame
06-04 11:28:19.758 16723 16723 W View    : requestLayout() improperly called by helium314.keyboard.latin.panels.BrowserPanelView{75f573e V.E...... ......ID 0,0-1440,2040} during layout: running second layout pass
06-04 11:28:19.768 16723 16723 W View    : requestLayout() improperly called by helium314.keyboard.latin.panels.BrowserPanelView{75f573e V.E...... ........ 0,0-1440,2040} during second layout pass: posting in next frame
06-04 11:28:19.774 16723 16723 W View    : requestLayout() improperly called by helium314.keyboard.latin.panels.BrowserPanelView{75f573e V.E...... ......ID 0,0-1440,2040} during layout: running second layout pass
06-04 11:28:19.785 16723 16723 W View    : requestLayout() improperly called by helium314.keyboard.latin.panels.BrowserPanelView{75f573e V.E...... ........ 0,0-1440,2040} during second layout pass: posting in next frame
06-04 11:28:19.785 16723 16723 W GeckoSession: No history entries found.
06-04 11:28:19.790 16723 16723 W View    : requestLayout() improperly called by helium314.keyboard.latin.panels.BrowserPanelView{75f573e V.E...... ......ID 0,0-1440,2040} during layout: running second layout pass
06-04 11:28:19.804 16723 16723 W View    : requestLayout() improperly called by helium314.keyboard.latin.panels.BrowserPanelView{75f573e V.E...... ........ 0,0-1440,2040} during second layout pass: posting in next frame
06-04 11:28:19.806 16723 16723 W View    : requestLayout() improperly called by helium314.keyboard.latin.panels.BrowserPanelView{75f573e V.E...... ......ID 0,0-1440,2040} during layout: running second layout pass
06-04 11:28:19.822 16723 16723 W View    : requestLayout() improperly called by helium314.keyboard.latin.panels.BrowserPanelView{75f573e V.E...... ........ 0,0-1440,2040} during second layout pass: posting in next frame
06-04 11:28:19.825 16723 16723 W View    : requestLayout() improperly called by helium314.keyboard.latin.panels.BrowserPanelView{75f573e V.E...... ......ID 0,0-1440,2040} during layout: running second layout pass
06-04 11:28:19.830 16723 16723 W View    : requestLayout() improperly called by helium314.keyboard.latin.panels.BrowserPanelView{75f573e V.E...... ........ 0,0-1440,2040} during second layout pass: posting in next frame
06-04 11:28:19.839 17064 17082 W Isolated Web Content: [JavaScript Warning: "Empty string passed to getElementById()." {file: "https://www.google.com/xjs/_/js/k=xjs.hm.en.vYQB4NBMfQQ.2019.O/am=AAAAAAAAAAAAAAAAAAAAAAAAAAAAAAAAAAAAAAAAAAAAAAAAAAAAAAAAAAIAAgAAAAAgQAAAAAAAAAAAAAAAAAhAAAAAAAAAAAAAAAAAAAAAABEQAAAAAAAAAAAABAAQAAAgAAAAAAAAwAAAAgCAABIAIAAYAAAAAAAAAAAAAAAAAAAgQAQAAACAAAAA_AGAEQAAAAAAAAAAAAAAAEACAAAAAAAAAAAACwAAoAEAAAAIAAEAAAAAAAAAAAAAAAAAAAACAAAAAAAAAAAAAAgAAAAABAAAAEAAAAAAAAAAQAAAAAAAAAAEAAAAAAAAAAAAAACAgAIAAACAAAAAAAAAAAAEAAAAAAAAAAAAAAAAAMAAAAAAAgAAAAAAAAAAAAAAAAAAOAAAEBAAAAAAAACBQACAAAAAAEAC4IGAIZoCAAAAAAAAAAAAAAAAAAAAAA" line: 187}]
06-04 11:28:19.841 16723 16723 W View    : requestLayout() improperly called by helium314.keyboard.latin.panels.BrowserPanelView{75f573e V.E...... ......ID 0,0-1440,2040} during layout: running second layout pass
06-04 11:28:19.847 16723 16723 W View    : requestLayout() improperly called by helium314.keyboard.latin.panels.BrowserPanelView{75f573e V.E...... ........ 0,0-1440,2040} during second layout pass: posting in next frame
06-04 11:28:19.857 16723 16723 W View    : requestLayout() improperly called by helium314.keyboard.latin.panels.BrowserPanelView{75f573e V.E...... ......ID 0,0-1440,2040} during layout: running second layout pass
06-04 11:28:19.870 16723 16723 W View    : requestLayout() improperly called by helium314.keyboard.latin.panels.BrowserPanelView{75f573e V.E...... ........ 0,0-1440,2040} during second layout pass: posting in next frame
