=== VibeKey 4.1.238 (4338) ===

--------- beginning of system
07-11 01:20:21.064 26010 26010 E OplusCustomizeRestrictionManager: sInstance is null, start a new sInstance
07-11 01:21:14.684 26010 26454 E ActivityThread: Failed to find provider info for com.oplus.statistics.provider
07-11 01:21:14.685 26010 26454 E OplusStatistics--: IllegalArgumentException:java.lang.IllegalArgumentException: Unknown URL content://com.oplus.statistics.provider/track_event
07-11 01:21:28.620 26010 26454 E ActivityThread: Failed to find provider info for com.oplus.statistics.provider
07-11 01:21:28.621 26010 26454 E OplusStatistics--: IllegalArgumentException:java.lang.IllegalArgumentException: Unknown URL content://com.oplus.statistics.provider/track_event
07-11 01:22:24.439 26010 26454 E ActivityThread: Failed to find provider info for com.oplus.statistics.provider
07-11 01:22:24.439 26010 26454 E OplusStatistics--: IllegalArgumentException:java.lang.IllegalArgumentException: Unknown URL content://com.oplus.statistics.provider/track_event
07-11 01:22:38.505 26010 26454 E ActivityThread: Failed to find provider info for com.oplus.statistics.provider
07-11 01:22:38.506 26010 26454 E OplusStatistics--: IllegalArgumentException:java.lang.IllegalArgumentException: Unknown URL content://com.oplus.statistics.provider/track_event
--------- beginning of main
07-11 01:22:59.898 26010 26730 W libc    : Access denied finding property "vendor.oplus.media.vpp.stutter"
07-11 01:23:00.135 26010 26947 W libc    : Access denied finding property "vendor.oplus.media.vpp.stutter"
07-11 01:23:00.567 26010 26995 W libc    : Access denied finding property "vendor.oplus.media.vpp.stutter"
07-11 01:23:00.898 26010 26730 W libc    : Access denied finding property "vendor.oplus.media.vpp.stutter"
07-11 01:23:03.426 26010 26146 W cr_MediaCodecBridge: Releasing: OMX.qcom.video.decoder.vp9
07-11 01:23:03.428 26010 26994 E ExtensionsLoader: freeAllBuffers: 5 buffers were freed while being dequeued!
07-11 01:23:03.432 26010 26146 W cr_MediaCodecBridge: Codec released
07-11 01:23:03.486 26010 27019 W ServiceBindIntentUtils: Dynamic lookup for intent failed for action: com.google.android.gms.ads.service.START
07-11 01:23:03.537 26010 26010 I VkTyping: ▶ open restart=false pkg=com.android.launcher inputType=589825
07-11 01:23:03.666 26010 26899 W VibeKeyProxyAppCheck: App Check token unavailable; proxy request without attestation
07-11 01:23:03.666 26010 26899 W VibeKeyProxyAppCheck: java.util.concurrent.ExecutionException: com.google.firebase.FirebaseException: Too many attempts.
07-11 01:23:03.666 26010 26899 W VibeKeyProxyAppCheck: 	at com.google.android.gms.tasks.Tasks.zza(r8-map-id-00a7dbecdd852997228b04900e4c45512803094c3e40a523292953fcf8db450c:32)
07-11 01:23:03.666 26010 26899 W VibeKeyProxyAppCheck: 	at com.google.android.gms.tasks.Tasks.await(r8-map-id-00a7dbecdd852997228b04900e4c45512803094c3e40a523292953fcf8db450c:19)
07-11 01:23:03.666 26010 26899 W VibeKeyProxyAppCheck: 	at helium314.keyboard.latin.ai.VibeKeyProxyAppCheckInterceptor.cachedTokenOrRefresh(r8-map-id-00a7dbecdd852997228b04900e4c45512803094c3e40a523292953fcf8db450c:44)
07-11 01:23:03.666 26010 26899 W VibeKeyProxyAppCheck: 	at helium314.keyboard.latin.ai.VibeKeyProxyAppCheckInterceptor.intercept(r8-map-id-00a7dbecdd852997228b04900e4c45512803094c3e40a523292953fcf8db450c:6)
07-11 01:23:03.666 26010 26899 W VibeKeyProxyAppCheck: 	at aa.g.b(r8-map-id-00a7dbecdd852997228b04900e4c45512803094c3e40a523292953fcf8db450c:126)
07-11 01:23:03.666 26010 26899 W VibeKeyProxyAppCheck: 	at z9.i.j(r8-map-id-00a7dbecdd852997228b04900e4c45512803094c3e40a523292953fcf8db450c:83)
07-11 01:23:03.666 26010 26899 W VibeKeyProxyAppCheck: 	at z9.f.run(r8-map-id-00a7dbecdd852997228b04900e4c45512803094c3e40a523292953fcf8db450c:42)
07-11 01:23:03.666 26010 26899 W VibeKeyProxyAppCheck: 	at java.util.concurrent.ThreadPoolExecutor.runWorker(ThreadPoolExecutor.java:1100)
07-11 01:23:03.666 26010 26899 W VibeKeyProxyAppCheck: 	at java.util.concurrent.ThreadPoolExecutor$Worker.run(ThreadPoolExecutor.java:624)
07-11 01:23:03.666 26010 26899 W VibeKeyProxyAppCheck: 	at java.lang.Thread.run(Thread.java:1572)
07-11 01:23:03.666 26010 26899 W VibeKeyProxyAppCheck: Caused by: com.google.firebase.FirebaseException: Too many attempts.
07-11 01:23:03.666 26010 26899 W VibeKeyProxyAppCheck: 	at com.google.firebase.appcheck.internal.NetworkClient.generatePlayIntegrityChallenge(r8-map-id-00a7dbecdd852997228b04900e4c45512803094c3e40a523292953fcf8db450c:45)
07-11 01:23:03.666 26010 26899 W VibeKeyProxyAppCheck: 	at com.google.firebase.appcheck.playintegrity.internal.PlayIntegrityAppCheckProvider.lambda$getPlayIntegrityAttestation$3(r8-map-id-00a7dbecdd852997228b04900e4c45512803094c3e40a523292953fcf8db450c:15)
07-11 01:23:03.666 26010 26899 W VibeKeyProxyAppCheck: 	at com.google.firebase.appcheck.playintegrity.internal.PlayIntegrityAppCheckProvider.e(r8-map-id-00a7dbecdd852997228b04900e4c45512803094c3e40a523292953fcf8db450c:1)
07-11 01:23:03.666 26010 26899 W VibeKeyProxyAppCheck: 	at com.google.firebase.appcheck.playintegrity.internal.a.call(r8-map-id-00a7dbecdd852997228b04900e4c45512803094c3e40a523292953fcf8db450c:12)
07-11 01:23:03.666 26010 26899 W VibeKeyProxyAppCheck: 	at com.google.android.gms.tasks.zzx.run(r8-map-id-00a7dbecdd852997228b04900e4c45512803094c3e40a523292953fcf8db450c:5)
07-11 01:23:03.666 26010 26899 W VibeKeyProxyAppCheck: 	at java.util.concurrent.ThreadPoolExecutor.runWorker(ThreadPoolExecutor.java:1100)
07-11 01:23:03.666 26010 26899 W VibeKeyProxyAppCheck: 	at java.util.concurrent.ThreadPoolExecutor$Worker.run(ThreadPoolExecutor.java:624)
07-11 01:23:03.666 26010 26899 W VibeKeyProxyAppCheck: 	at com.google.firebase.concurrent.CustomThreadFactory.lambda$newThread$0(r8-map-id-00a7dbecdd852997228b04900e4c45512803094c3e40a523292953fcf8db450c:13)
07-11 01:23:03.666 26010 26899 W VibeKeyProxyAppCheck: 	at com.google.firebase.concurrent.CustomThreadFactory.a(r8-map-id-00a7dbecdd852997228b04900e4c45512803094c3e40a523292953fcf8db450c:1)
07-11 01:23:03.666 26010 26899 W VibeKeyProxyAppCheck: 	at com.google.firebase.concurrent.a.run(r8-map-id-00a7dbecdd852997228b04900e4c45512803094c3e40a523292953fcf8db450c:38)
07-11 01:23:03.666 26010 26899 W VibeKeyProxyAppCheck: 	... 1 more
07-11 01:23:03.730 26010 26399 I VkSuggestions: strip composing typedLen=4 candidates=17 autocorrect=false top=sddd locale=pt
07-11 01:23:03.896 26010 26064 E BLASTBufferQueue: BLASTBufferItemConsumer::onDisconnect()
07-11 01:23:03.900 26010 26730 W libc    : Access denied finding property "vendor.oplus.media.vpp.stutter"
07-11 01:23:03.904 26010 26064 E BLASTBufferQueue: BLASTBufferItemConsumer::onDisconnect()
07-11 01:23:04.137 26010 26947 W libc    : Access denied finding property "vendor.oplus.media.vpp.stutter"
07-11 01:23:04.143 26010 26803 I OnDeviceAssist: ▶ assist_ipc task=topic_tags in=4 chars
07-11 01:23:04.149 26068 26089 I OnDeviceAssist: dispatch task=topic_tags in=4 chars engine=Ready
07-11 01:23:04.150 26068 26089 I OnDeviceAssist: ▶ runSync task=topic_tags in=4 chars locale=pt
07-11 01:23:04.216 26068 26089 I OnDeviceAssist: → llm task=topic_tags model=qwen2.5-0.5b-instruct-q4_0.gguf temp=0.22 maxTok=33
07-11 01:23:04.822 26010 26010 W Ads     : GET LOCATION COMPILED
07-11 01:23:04.900 26010 26730 W libc    : Access denied finding property "vendor.oplus.media.vpp.stutter"
07-11 01:23:04.998 26010 26145 W libc    : Access denied finding property "vendor.oplus.media.vpp.stutter"
07-11 01:23:04.998 26010 26145 E MULTIMEDIAConfig: [getInt32:L80] Not find config, Returning default
07-11 01:23:04.998 26010 26145 E MULTIMEDIAConfig: [getInt32:L80] Not find config, Returning default
07-11 01:23:04.998 26010 26145 E OplusACodec: [OplusACodec:204] mSrOsieMMListCheckResult:0x0 mOsieVersion:1
07-11 01:23:05.025 26010 27041 E OplusACodec: [GetVideoCodingTypeFromMime:L1162] mime:video/x-vnd.on2.vp9
07-11 01:23:05.138 26010 26947 W libc    : Access denied finding property "vendor.oplus.media.vpp.stutter"
07-11 01:23:05.179 26010 26145 W cr_MediaCodecBridge: Releasing: OMX.qcom.video.decoder.vp9
07-11 01:23:05.181 26010 27040 E ExtensionsLoader: freeAllBuffers: 11 buffers were freed while being dequeued!
07-11 01:23:05.182 26010 26145 W cr_MediaCodecBridge: Codec released
07-11 01:23:05.248 26010 26010 I VkThemes: ✓ generate 1876ms theme=d
07-11 01:23:05.357 26010 26010 I VkEffects: reload anim=scale blur=0px glow=false stickers=true
07-11 01:23:05.359 26010 26010 I VkThemes: apply theme=d (ai_generate)
07-11 01:23:05.361 26010 26010 I VkSwipe : ○ gesture canceled
07-11 01:23:05.363 26010 26010 I VkSwipe : ○ gesture canceled
07-11 01:23:05.555 26010 26010 I VkFavorites: save theme d → SAVED
07-11 01:23:05.556 26010 26010 W VkStall : MAIN-THREAD STALL 309ms during: >>>>> Dispatching to Handler (android.os.Handler) {c954b0f} DispatchedContinuation[Dispatchers.Main, Continuation at m7.s@6dd6793]: 0
07-11 01:23:05.602 26010 26010 W View    : requestLayout() improperly called by android.widget.LinearLayout{10c7525 V.E...... ......ID 0,1023-1440,2818 #7f0a00f8 app:id/main_keyboard_frame} during layout: running second layout pass
07-11 01:23:05.667 26010 26784 W Ads     : Not retrying to fetch app settings
07-11 01:23:05.901 26010 26730 W libc    : Access denied finding property "vendor.oplus.media.vpp.stutter"
07-11 01:23:06.138 26010 26947 W libc    : Access denied finding property "vendor.oplus.media.vpp.stutter"
07-11 01:23:06.241 26068 26133 I OnDeviceAssist: warm ok model=qwen2.5-0.5b-instruct-q4_0.gguf ambient=37 chars 1780ms
07-11 01:23:06.241 26068 26089 I OnDeviceAssist: ✓ llm task=topic_tags 2026ms out=65 chars
07-11 01:23:06.241 26068 26089 I OnDeviceAssist: done task=topic_tags 2093ms out=65 chars
07-11 01:23:06.242 26010 26025 I OnDeviceAssist: ✓ assist (ime) task=topic_tags 2099ms in=4 out=65
07-11 01:23:06.518 26010 26454 E ActivityThread: Failed to find provider info for com.oplus.statistics.provider
07-11 01:23:06.518 26010 26454 E OplusStatistics--: IllegalArgumentException:java.lang.IllegalArgumentException: Unknown URL content://com.oplus.statistics.provider/track_event
07-11 01:23:06.691 26010 26010 I VkPanels: ▶ open menu
07-11 01:23:06.902 26010 26730 W libc    : Access denied finding property "vendor.oplus.media.vpp.stutter"
07-11 01:23:07.139 26010 26947 W libc    : Access denied finding property "vendor.oplus.media.vpp.stutter"
07-11 01:23:07.902 26010 26730 W libc    : Access denied finding property "vendor.oplus.media.vpp.stutter"
07-11 01:23:08.140 26010 26947 W libc    : Access denied finding property "vendor.oplus.media.vpp.stutter"
07-11 01:23:08.415 26010 26010 I VkPanels: ▶ open ai_theme
07-11 01:23:08.903 26010 26730 W libc    : Access denied finding property "vendor.oplus.media.vpp.stutter"
07-11 01:23:09.141 26010 26947 W libc    : Access denied finding property "vendor.oplus.media.vpp.stutter"
07-11 01:23:09.903 26010 26730 W libc    : Access denied finding property "vendor.oplus.media.vpp.stutter"
07-11 01:23:09.994 26010 26399 I VkSuggestions: decode typedLen=5 candidates=18 locales=1 12,1ms
07-11 01:23:09.997 26010 26399 I VkSuggestions: strip composing typedLen=5 candidates=19 autocorrect=false top=sddds locale=pt
07-11 01:23:10.141 26010 26947 W libc    : Access denied finding property "vendor.oplus.media.vpp.stutter"
07-11 01:23:10.903 26010 26730 W libc    : Access denied finding property "vendor.oplus.media.vpp.stutter"
07-11 01:23:11.142 26010 26947 W libc    : Access denied finding property "vendor.oplus.media.vpp.stutter"
07-11 01:23:11.321 26010 26399 I VkSuggestions: decode typedLen=6 candidates=18 locales=1 8,3ms
07-11 01:23:11.324 26010 26399 I VkSuggestions: strip composing typedLen=6 candidates=19 autocorrect=false top=sdddsd locale=pt
07-11 01:23:11.905 26010 26730 W libc    : Access denied finding property "vendor.oplus.media.vpp.stutter"
07-11 01:23:12.142 26010 26947 W libc    : Access denied finding property "vendor.oplus.media.vpp.stutter"
07-11 01:23:12.148 26010 26399 I VkSuggestions: decode typedLen=7 candidates=18 locales=1 8,7ms
07-11 01:23:12.155 26010 26399 I VkSuggestions: strip composing typedLen=7 candidates=19 autocorrect=false top=sdddsdd locale=pt
07-11 01:23:12.804 26010 26010 I VkAutocorrect: picked: Sussex
07-11 01:23:12.906 26010 26730 W libc    : Access denied finding property "vendor.oplus.media.vpp.stutter"
07-11 01:23:12.919 26010 26399 I VkSuggestions: strip prediction typedLen=0 candidates=1 autocorrect=false top=Sussex locale=pt
07-11 01:23:13.143 26010 26947 W libc    : Access denied finding property "vendor.oplus.media.vpp.stutter"
07-11 01:23:13.908 26010 26730 W libc    : Access denied finding property "vendor.oplus.media.vpp.stutter"
07-11 01:23:14.143 26010 26947 W libc    : Access denied finding property "vendor.oplus.media.vpp.stutter"
07-11 01:23:14.777 26010 26399 I VkSuggestions: decode typedLen=1 candidates=18 locales=1 8,9ms
07-11 01:23:14.778 26010 26399 I VkSuggestions: strip composing typedLen=1 candidates=19 autocorrect=false top=d locale=pt
07-11 01:23:14.908 26010 26730 W libc    : Access denied finding property "vendor.oplus.media.vpp.stutter"
07-11 01:23:14.948 26010 26399 I VkSuggestions: decode typedLen=2 candidates=18 locales=1 12,0ms
07-11 01:23:14.951 26010 26399 I VkAutocorrect: offered: dd → dd
07-11 01:23:14.951 26010 26399 I VkSuggestions: strip composing typedLen=2 candidates=18 autocorrect=true top=dd locale=pt
07-11 01:23:15.144 26010 26947 W libc    : Access denied finding property "vendor.oplus.media.vpp.stutter"
07-11 01:23:15.677 26010 26399 I VkSuggestions: decode typedLen=1 candidates=18 locales=1 7,5ms
07-11 01:23:15.678 26010 26399 I VkSuggestions: strip composing typedLen=1 candidates=19 autocorrect=false top=d locale=pt
07-11 01:23:15.852 26010 26399 I VkSuggestions: strip prediction typedLen=0 candidates=1 autocorrect=false top=Sussex locale=pt
07-11 01:23:15.909 26010 26730 W libc    : Access denied finding property "vendor.oplus.media.vpp.stutter"
07-11 01:23:16.056 26010 26399 W VibeKeyProfiler: Slow Native Suggest: Total=11.79ms | Init=0.03ms | TrieExpand(x15)=11.72ms | Scoring=0.04ms | inputSize=1
07-11 01:23:16.069 26010 26399 W VibeKeyProfiler: Slow Native Suggest: Total=12.24ms | Init=0.02ms | TrieExpand(x15)=12.16ms | Scoring=0.05ms | inputSize=1
07-11 01:23:16.071 26010 26399 W VkSuggestions: slow frame 26,2ms locales=1 typedLen=1 candidates=18
07-11 01:23:16.072 26010 26399 I VkSuggestions: strip composing typedLen=1 candidates=19 autocorrect=false top=s locale=pt
07-11 01:23:16.145 26010 26947 W libc    : Access denied finding property "vendor.oplus.media.vpp.stutter"
07-11 01:23:16.910 26010 26730 W libc    : Access denied finding property "vendor.oplus.media.vpp.stutter"
07-11 01:23:17.146 26010 26947 W libc    : Access denied finding property "vendor.oplus.media.vpp.stutter"
07-11 01:23:17.911 26010 26730 W libc    : Access denied finding property "vendor.oplus.media.vpp.stutter"
07-11 01:23:18.147 26010 26947 W libc    : Access denied finding property "vendor.oplus.media.vpp.stutter"
07-11 01:23:18.148 26010 26010 I VkPanels: ▶ open ai_theme
07-11 01:23:18.911 26010 26730 W libc    : Access denied finding property "vendor.oplus.media.vpp.stutter"
07-11 01:23:19.147 26010 26947 W libc    : Access denied finding property "vendor.oplus.media.vpp.stutter"
07-11 01:23:19.857 26010 26399 I VkSuggestions: decode typedLen=2 candidates=18 locales=1 7,9ms
07-11 01:23:19.858 26010 26399 I VkSuggestions: strip composing typedLen=2 candidates=16 autocorrect=false top=sd locale=pt
07-11 01:23:19.912 26010 26730 W libc    : Access denied finding property "vendor.oplus.media.vpp.stutter"
07-11 01:23:20.039 26010 26399 I VkSuggestions: decode typedLen=3 candidates=18 locales=1 7,1ms
07-11 01:23:20.041 26010 26399 I VkAutocorrect: offered: sdd → sdd
07-11 01:23:20.041 26010 26399 I VkSuggestions: strip composing typedLen=3 candidates=14 autocorrect=true top=sdd locale=pt
07-11 01:23:20.148 26010 26947 W libc    : Access denied finding property "vendor.oplus.media.vpp.stutter"
07-11 01:23:20.240 26010 26399 I VkSuggestions: decode typedLen=4 candidates=18 locales=1 7,4ms
07-11 01:23:20.242 26010 26399 I VkSuggestions: strip composing typedLen=4 candidates=17 autocorrect=false top=sddd locale=pt
07-11 01:23:20.427 26010 26399 I VkSuggestions: decode typedLen=5 candidates=18 locales=1 8,6ms
07-11 01:23:20.429 26010 26399 I VkSuggestions: strip composing typedLen=5 candidates=19 autocorrect=false top=sdddd locale=pt
07-11 01:23:20.915 26010 26730 W libc    : Access denied finding property "vendor.oplus.media.vpp.stutter"
07-11 01:23:21.149 26010 26947 W libc    : Access denied finding property "vendor.oplus.media.vpp.stutter"
07-11 01:23:21.427 26010 26010 I VkVibeCards: ▶ tap generate promptLen=1 ref=false
07-11 01:23:21.703 26010 26145 W libc    : Access denied finding property "vendor.oplus.media.vpp.stutter"
07-11 01:23:21.704 26010 26145 E MULTIMEDIAConfig: [getInt32:L80] Not find config, Returning default
07-11 01:23:21.704 26010 26145 E MULTIMEDIAConfig: [getInt32:L80] Not find config, Returning default
07-11 01:23:21.704 26010 26145 E OplusACodec: [OplusACodec:204] mSrOsieMMListCheckResult:0x0 mOsieVersion:1
07-11 01:23:21.743 26010 26064 E BLASTBufferQueue: BLASTBufferItemConsumer::onDisconnect()
07-11 01:23:21.757 26010 27144 E OplusACodec: [GetVideoCodingTypeFromMime:L1162] mime:video/x-vnd.on2.vp9
07-11 01:23:21.915 26010 26730 W libc    : Access denied finding property "vendor.oplus.media.vpp.stutter"
07-11 01:23:22.149 26010 26947 W libc    : Access denied finding property "vendor.oplus.media.vpp.stutter"
07-11 01:23:22.803 26010 27144 W libc    : Access denied finding property "vendor.oplus.media.vpp.stutter"
07-11 01:23:22.916 26010 26730 W libc    : Access denied finding property "vendor.oplus.media.vpp.stutter"
07-11 01:23:23.149 26010 26947 W libc    : Access denied finding property "vendor.oplus.media.vpp.stutter"
07-11 01:23:23.804 26010 27144 W libc    : Access denied finding property "vendor.oplus.media.vpp.stutter"
07-11 01:23:23.916 26010 26730 W libc    : Access denied finding property "vendor.oplus.media.vpp.stutter"
07-11 01:23:24.151 26010 26947 W libc    : Access denied finding property "vendor.oplus.media.vpp.stutter"
07-11 01:23:24.804 26010 27144 W libc    : Access denied finding property "vendor.oplus.media.vpp.stutter"
07-11 01:23:24.917 26010 26730 W libc    : Access denied finding property "vendor.oplus.media.vpp.stutter"
07-11 01:23:25.151 26010 26947 W libc    : Access denied finding property "vendor.oplus.media.vpp.stutter"
07-11 01:23:25.804 26010 27144 W libc    : Access denied finding property "vendor.oplus.media.vpp.stutter"
07-11 01:23:25.918 26010 26730 W libc    : Access denied finding property "vendor.oplus.media.vpp.stutter"
07-11 01:23:26.152 26010 26947 W libc    : Access denied finding property "vendor.oplus.media.vpp.stutter"
07-11 01:23:26.730 26010 26064 E BLASTBufferQueue: BLASTBufferItemConsumer::onDisconnect()
07-11 01:23:26.805 26010 27144 W libc    : Access denied finding property "vendor.oplus.media.vpp.stutter"
07-11 01:23:26.918 26010 26730 W libc    : Access denied finding property "vendor.oplus.media.vpp.stutter"
07-11 01:23:27.152 26010 26947 W libc    : Access denied finding property "vendor.oplus.media.vpp.stutter"
07-11 01:23:27.805 26010 27144 W libc    : Access denied finding property "vendor.oplus.media.vpp.stutter"
07-11 01:23:27.919 26010 26730 W libc    : Access denied finding property "vendor.oplus.media.vpp.stutter"
07-11 01:23:28.153 26010 26947 W libc    : Access denied finding property "vendor.oplus.media.vpp.stutter"
07-11 01:23:28.167 26010 26010 E ibekey.keyboar: hiddenapi: Accessing hidden method Landroid/view/MotionEvent;->getHistoricalEventTimeNano(I)J (runtime_flags=0, domain=platform, api=max-target-o) from LWV/vm1; (domain=app, TargetSdkVersion=35) using reflection: denied
07-11 01:23:28.313 26010 26010 I VkVibeCards: ▶ generate promptLen=1 ref=false
07-11 01:23:28.379 26010 26146 W cr_MediaCodecBridge: Releasing: OMX.qcom.video.decoder.vp9
07-11 01:23:28.382 26010 27143 E ListServiceUtils: checkInListByUid module:video-disconnectsurface-sync uid:14241 cost 2359us return (null)
07-11 01:23:28.384 26010 27143 E ExtensionsLoader: freeAllBuffers: 6 buffers were freed while being dequeued!
07-11 01:23:28.386 26010 26146 W cr_MediaCodecBridge: Codec released
07-11 01:23:28.426 26010 27163 W ServiceBindIntentUtils: Dynamic lookup for intent failed for action: com.google.android.gms.ads.service.START
07-11 01:23:28.450 26010 26899 W VibeKeyProxyAppCheck: App Check token unavailable; proxy request without attestation
07-11 01:23:28.450 26010 26899 W VibeKeyProxyAppCheck: java.util.concurrent.ExecutionException: com.google.firebase.FirebaseException: Too many attempts.
07-11 01:23:28.450 26010 26899 W VibeKeyProxyAppCheck: 	at com.google.android.gms.tasks.Tasks.zza(r8-map-id-00a7dbecdd852997228b04900e4c45512803094c3e40a523292953fcf8db450c:32)
07-11 01:23:28.450 26010 26899 W VibeKeyProxyAppCheck: 	at com.google.android.gms.tasks.Tasks.await(r8-map-id-00a7dbecdd852997228b04900e4c45512803094c3e40a523292953fcf8db450c:19)
07-11 01:23:28.450 26010 26899 W VibeKeyProxyAppCheck: 	at helium314.keyboard.latin.ai.VibeKeyProxyAppCheckInterceptor.cachedTokenOrRefresh(r8-map-id-00a7dbecdd852997228b04900e4c45512803094c3e40a523292953fcf8db450c:44)
07-11 01:23:28.450 26010 26899 W VibeKeyProxyAppCheck: 	at helium314.keyboard.latin.ai.VibeKeyProxyAppCheckInterceptor.intercept(r8-map-id-00a7dbecdd852997228b04900e4c45512803094c3e40a523292953fcf8db450c:6)
07-11 01:23:28.450 26010 26899 W VibeKeyProxyAppCheck: 	at aa.g.b(r8-map-id-00a7dbecdd852997228b04900e4c45512803094c3e40a523292953fcf8db450c:126)
07-11 01:23:28.450 26010 26899 W VibeKeyProxyAppCheck: 	at z9.i.j(r8-map-id-00a7dbecdd852997228b04900e4c45512803094c3e40a523292953fcf8db450c:83)
07-11 01:23:28.450 26010 26899 W VibeKeyProxyAppCheck: 	at z9.f.run(r8-map-id-00a7dbecdd852997228b04900e4c45512803094c3e40a523292953fcf8db450c:42)
07-11 01:23:28.450 26010 26899 W VibeKeyProxyAppCheck: 	at java.util.concurrent.ThreadPoolExecutor.runWorker(ThreadPoolExecutor.java:1100)
07-11 01:23:28.450 26010 26899 W VibeKeyProxyAppCheck: 	at java.util.concurrent.ThreadPoolExecutor$Worker.run(ThreadPoolExecutor.java:624)
07-11 01:23:28.450 26010 26899 W VibeKeyProxyAppCheck: 	at java.lang.Thread.run(Thread.java:1572)
07-11 01:23:28.450 26010 26899 W VibeKeyProxyAppCheck: Caused by: com.google.firebase.FirebaseException: Too many attempts.
07-11 01:23:28.450 26010 26899 W VibeKeyProxyAppCheck: 	at com.google.firebase.appcheck.internal.NetworkClient.generatePlayIntegrityChallenge(r8-map-id-00a7dbecdd852997228b04900e4c45512803094c3e40a523292953fcf8db450c:45)
07-11 01:23:28.450 26010 26899 W VibeKeyProxyAppCheck: 	at com.google.firebase.appcheck.playintegrity.internal.PlayIntegrityAppCheckProvider.lambda$getPlayIntegrityAttestation$3(r8-map-id-00a7dbecdd852997228b04900e4c45512803094c3e40a523292953fcf8db450c:15)
07-11 01:23:28.450 26010 26899 W VibeKeyProxyAppCheck: 	at com.google.firebase.appcheck.playintegrity.internal.PlayIntegrityAppCheckProvider.e(r8-map-id-00a7dbecdd852997228b04900e4c45512803094c3e40a523292953fcf8db450c:1)
07-11 01:23:28.450 26010 26899 W VibeKeyProxyAppCheck: 	at com.google.firebase.appcheck.playintegrity.internal.a.call(r8-map-id-00a7dbecdd852997228b04900e4c45512803094c3e40a523292953fcf8db450c:12)
07-11 01:23:28.450 26010 26899 W VibeKeyProxyAppCheck: 	at com.google.android.gms.tasks.zzx.run(r8-map-id-00a7dbecdd852997228b04900e4c45512803094c3e40a523292953fcf8db450c:5)
07-11 01:23:28.450 26010 26899 W VibeKeyProxyAppCheck: 	at java.util.concurrent.ThreadPoolExecutor.runWorker(ThreadPoolExecutor.java:1100)
07-11 01:23:28.450 26010 26899 W VibeKeyProxyAppCheck: 	at java.util.concurrent.ThreadPoolExecutor$Worker.run(ThreadPoolExecutor.java:624)
07-11 01:23:28.450 26010 26899 W VibeKeyProxyAppCheck: 	at com.google.firebase.concurrent.CustomThreadFactory.lambda$newThread$0(r8-map-id-00a7dbecdd852997228b04900e4c45512803094c3e40a523292953fcf8db450c:13)
07-11 01:23:28.450 26010 26899 W VibeKeyProxyAppCheck: 	at com.google.firebase.concurrent.CustomThreadFactory.a(r8-map-id-00a7dbecdd852997228b04900e4c45512803094c3e40a523292953fcf8db450c:1)
07-11 01:23:28.450 26010 26899 W VibeKeyProxyAppCheck: 	at com.google.firebase.concurrent.a.run(r8-map-id-00a7dbecdd852997228b04900e4c45512803094c3e40a523292953fcf8db450c:38)
07-11 01:23:28.450 26010 26899 W VibeKeyProxyAppCheck: 	... 1 more
07-11 01:23:28.451 26010 26010 I VkTyping: ▶ open restart=false pkg=com.android.launcher inputType=589825
07-11 01:23:28.643 26010 26399 I VkSuggestions: strip composing typedLen=5 candidates=16 autocorrect=false top=sdddd locale=pt
07-11 01:23:28.802 26010 26064 E BLASTBufferQueue: BLASTBufferItemConsumer::onDisconnect()
07-11 01:23:28.825 26010 26064 E BLASTBufferQueue: BLASTBufferItemConsumer::onDisconnect()
07-11 01:23:28.920 26010 26730 W libc    : Access denied finding property "vendor.oplus.media.vpp.stutter"
07-11 01:23:29.153 26010 26947 W libc    : Access denied finding property "vendor.oplus.media.vpp.stutter"
07-11 01:23:29.352 26068 26088 I OnDeviceAssist: warm ok model=qwen2.5-0.5b-instruct-q4_0.gguf ambient=45 chars 0ms
07-11 01:23:29.709 26010 26010 W Ads     : GET LOCATION COMPILED
07-11 01:23:29.807 26010 26146 W libc    : Access denied finding property "vendor.oplus.media.vpp.stutter"
07-11 01:23:29.807 26010 26146 E MULTIMEDIAConfig: [getInt32:L80] Not find config, Returning default
07-11 01:23:29.807 26010 26146 E MULTIMEDIAConfig: [getInt32:L80] Not find config, Returning default
07-11 01:23:29.807 26010 26146 E OplusACodec: [OplusACodec:204] mSrOsieMMListCheckResult:0x0 mOsieVersion:1
07-11 01:23:29.828 26010 27178 E OplusACodec: [GetVideoCodingTypeFromMime:L1162] mime:video/x-vnd.on2.vp9
07-11 01:23:29.905 26010 26145 W cr_MediaCodecBridge: Releasing: OMX.qcom.video.decoder.vp9
07-11 01:23:29.908 26010 27177 E ExtensionsLoader: freeAllBuffers: 13 buffers were freed while being dequeued!
07-11 01:23:29.908 26010 26145 W cr_MediaCodecBridge: Codec released
07-11 01:23:29.920 26010 26730 W libc    : Access denied finding property "vendor.oplus.media.vpp.stutter"
07-11 01:23:30.154 26010 26947 W libc    : Access denied finding property "vendor.oplus.media.vpp.stutter"
07-11 01:23:30.450 26010 26048 I VkVibeCards: loaded 1 cards (generate)
07-11 01:23:30.481 26010 26048 I VkFavorites: save card S activate=false
07-11 01:23:30.484 26010 26010 I VkVibeCards: ✓ card ? 2170ms
07-11 01:23:30.921 26010 26730 W libc    : Access denied finding property "vendor.oplus.media.vpp.stutter"
07-11 01:23:31.155 26010 26947 W libc    : Access denied finding property "vendor.oplus.media.vpp.stutter"
07-11 01:23:31.607 26010 26454 E ActivityThread: Failed to find provider info for com.oplus.statistics.provider
07-11 01:23:31.607 26010 26454 E OplusStatistics--: IllegalArgumentException:java.lang.IllegalArgumentException: Unknown URL content://com.oplus.statistics.provider/track_event
07-11 01:23:31.922 26010 26730 W libc    : Access denied finding property "vendor.oplus.media.vpp.stutter"
07-11 01:23:32.155 26010 26947 W libc    : Access denied finding property "vendor.oplus.media.vpp.stutter"
07-11 01:23:32.923 26010 26730 W libc    : Access denied finding property "vendor.oplus.media.vpp.stutter"
07-11 01:23:33.032 26010 26010 I VkAutocorrect: picked: sdddd
07-11 01:23:33.139 26010 26399 I VkSuggestions: strip prediction typedLen=0 candidates=2 autocorrect=false top=sdddd locale=pt
07-11 01:23:33.156 26010 26947 W libc    : Access denied finding property "vendor.oplus.media.vpp.stutter"
07-11 01:23:33.923 26010 26730 W libc    : Access denied finding property "vendor.oplus.media.vpp.stutter"
07-11 01:23:34.157 26010 26947 W libc    : Access denied finding property "vendor.oplus.media.vpp.stutter"
07-11 01:23:34.924 26010 26730 W libc    : Access denied finding property "vendor.oplus.media.vpp.stutter"
07-11 01:23:35.068 26010 26010 I VkPanels: ▶ open ai_theme
07-11 01:23:35.158 26010 26947 W libc    : Access denied finding property "vendor.oplus.media.vpp.stutter"
07-11 01:23:35.254 26010 26010 I VkTyping: ○ hidden
07-11 01:23:35.924 26010 26730 W libc    : Access denied finding property "vendor.oplus.media.vpp.stutter"
07-11 01:23:36.158 26010 26947 W libc    : Access denied finding property "vendor.oplus.media.vpp.stutter"
07-11 01:23:36.562 26010 26064 E BLASTBufferQueue: BLASTBufferItemConsumer::onDisconnect()
07-11 01:23:36.925 26010 26730 W libc    : Access denied finding property "vendor.oplus.media.vpp.stutter"
07-11 01:23:37.158 26010 26947 W libc    : Access denied finding property "vendor.oplus.media.vpp.stutter"
07-11 01:23:37.930 26010 26730 W libc    : Access denied finding property "vendor.oplus.media.vpp.stutter"
07-11 01:23:38.161 26010 26947 W libc    : Access denied finding property "vendor.oplus.media.vpp.stutter"
07-11 01:23:38.931 26010 26730 W libc    : Access denied finding property "vendor.oplus.media.vpp.stutter"
07-11 01:23:39.162 26010 26947 W libc    : Access denied finding property "vendor.oplus.media.vpp.stutter"
07-11 01:23:39.936 26010 26730 W libc    : Access denied finding property "vendor.oplus.media.vpp.stutter"
07-11 01:23:40.168 26010 26947 W libc    : Access denied finding property "vendor.oplus.media.vpp.stutter"
07-11 01:23:40.297 26010 26064 E BLASTBufferQueue: BLASTBufferItemConsumer::onDisconnect()
07-11 01:23:40.937 26010 26730 W libc    : Access denied finding property "vendor.oplus.media.vpp.stutter"
07-11 01:23:41.171 26010 26947 W libc    : Access denied finding property "vendor.oplus.media.vpp.stutter"
07-11 01:23:41.944 26010 26730 W libc    : Access denied finding property "vendor.oplus.media.vpp.stutter"
07-11 01:23:42.177 26010 26947 W libc    : Access denied finding property "vendor.oplus.media.vpp.stutter"
07-11 01:23:42.938 26010 26010 I VkTyping: ▶ open restart=false pkg=com.android.launcher inputType=589825
07-11 01:23:42.949 26010 26730 W libc    : Access denied finding property "vendor.oplus.media.vpp.stutter"
07-11 01:23:43.183 26010 26947 W libc    : Access denied finding property "vendor.oplus.media.vpp.stutter"
07-11 01:23:43.949 26010 26730 W libc    : Access denied finding property "vendor.oplus.media.vpp.stutter"
07-11 01:23:44.184 26010 26947 W libc    : Access denied finding property "vendor.oplus.media.vpp.stutter"
07-11 01:23:44.250 26068 26089 I OnDeviceAssist: warm ok model=qwen2.5-0.5b-instruct-q4_0.gguf ambient=45 chars 437ms
07-11 01:23:44.951 26010 26730 W libc    : Access denied finding property "vendor.oplus.media.vpp.stutter"
07-11 01:23:45.185 26010 26947 W libc    : Access denied finding property "vendor.oplus.media.vpp.stutter"
07-11 01:23:45.233 26010 26454 E ActivityThread: Failed to find provider info for com.oplus.statistics.provider
07-11 01:23:45.233 26010 26454 E OplusStatistics--: IllegalArgumentException:java.lang.IllegalArgumentException: Unknown URL content://com.oplus.statistics.provider/track_event
07-11 01:23:45.529 26010 26010 I VkPanels: ▶ open ai_theme
07-11 01:23:45.540 26010 26010 I VkVibeCards: press pool=1 shown=4
07-11 01:23:45.952 26010 26730 W libc    : Access denied finding property "vendor.oplus.media.vpp.stutter"
07-11 01:23:46.185 26010 26947 W libc    : Access denied finding property "vendor.oplus.media.vpp.stutter"
07-11 01:23:46.954 26010 26730 W libc    : Access denied finding property "vendor.oplus.media.vpp.stutter"
07-11 01:23:46.966 26010 26064 E BLASTBufferQueue: BLASTBufferItemConsumer::onDisconnect()
07-11 01:23:47.001 26010 26010 E BLASTBufferQueue: BLASTBufferItemConsumer::onDisconnect()
07-11 01:23:47.186 26010 26947 W libc    : Access denied finding property "vendor.oplus.media.vpp.stutter"
07-11 01:23:47.314 26010 26064 E BLASTBufferQueue: BLASTBufferItemConsumer::onDisconnect()
07-11 01:23:47.336 26010 26010 E BLASTBufferQueue: BLASTBufferItemConsumer::onDisconnect()
07-11 01:23:47.631 26010 26064 E BLASTBufferQueue: BLASTBufferItemConsumer::onDisconnect()
07-11 01:23:47.645 26010 26010 E BLASTBufferQueue: BLASTBufferItemConsumer::onDisconnect()
07-11 01:23:47.954 26010 26730 W libc    : Access denied finding property "vendor.oplus.media.vpp.stutter"
07-11 01:23:47.969 26010 26064 E BLASTBufferQueue: BLASTBufferItemConsumer::onDisconnect()
07-11 01:23:47.990 26010 26010 E BLASTBufferQueue: BLASTBufferItemConsumer::onDisconnect()
07-11 01:23:48.191 26010 26947 W libc    : Access denied finding property "vendor.oplus.media.vpp.stutter"
07-11 01:23:48.955 26010 26730 W libc    : Access denied finding property "vendor.oplus.media.vpp.stutter"
07-11 01:23:49.191 26010 26947 W libc    : Access denied finding property "vendor.oplus.media.vpp.stutter"
07-11 01:23:49.222 26010 26010 I VkPanels: ▶ open ai_theme
07-11 01:23:49.955 26010 26730 W libc    : Access denied finding property "vendor.oplus.media.vpp.stutter"
07-11 01:23:50.192 26010 26947 W libc    : Access denied finding property "vendor.oplus.media.vpp.stutter"
07-11 01:23:50.672 26010 26064 E BLASTBufferQueue: BLASTBufferItemConsumer::onDisconnect()
07-11 01:23:50.697 26010 26010 E BLASTBufferQueue: BLASTBufferItemConsumer::onDisconnect()
07-11 01:23:50.956 26010 26730 W libc    : Access denied finding property "vendor.oplus.media.vpp.stutter"
07-11 01:23:51.016 26010 26064 E BLASTBufferQueue: BLASTBufferItemConsumer::onDisconnect()
07-11 01:23:51.055 26010 26010 E BLASTBufferQueue: BLASTBufferItemConsumer::onDisconnect()
07-11 01:23:51.193 26010 26947 W libc    : Access denied finding property "vendor.oplus.media.vpp.stutter"
07-11 01:23:51.324 26010 26064 E BLASTBufferQueue: BLASTBufferItemConsumer::onDisconnect()
07-11 01:23:51.342 26010 26010 E BLASTBufferQueue: BLASTBufferItemConsumer::onDisconnect()
07-11 01:23:51.658 26010 26064 E BLASTBufferQueue: BLASTBufferItemConsumer::onDisconnect()
07-11 01:23:51.672 26010 26010 E BLASTBufferQueue: BLASTBufferItemConsumer::onDisconnect()
07-11 01:23:51.957 26010 26730 W libc    : Access denied finding property "vendor.oplus.media.vpp.stutter"
07-11 01:23:52.196 26010 26947 W libc    : Access denied finding property "vendor.oplus.media.vpp.stutter"
07-11 01:23:52.269 26010 26010 I VkPanels: ▶ open menu
07-11 01:23:52.958 26010 26730 W libc    : Access denied finding property "vendor.oplus.media.vpp.stutter"
07-11 01:23:53.196 26010 26947 W libc    : Access denied finding property "vendor.oplus.media.vpp.stutter"
07-11 01:23:53.403 26010 26010 W Settings: Setting transition_animation_scale has moved from android.provider.Settings.System to android.provider.Settings.Global, returning read-only value.
07-11 01:23:53.521 26010 26010 W VkStall : MAIN-THREAD STALL 146ms (imeHideInProgress) during: >>>>> Dispatching to Handler (android.view.Choreographer$FrameHandler) {4443d5c} android.view.Choreographer$FrameDisplayEventReceiver@ce85865: 0
07-11 01:23:53.522 26010 26010 I VkTyping: ○ hidden
07-11 01:23:53.958 26010 26730 W libc    : Access denied finding property "vendor.oplus.media.vpp.stutter"
07-11 01:23:54.196 26010 26947 W libc    : Access denied finding property "vendor.oplus.media.vpp.stutter"
07-11 01:23:54.958 26010 26730 W libc    : Access denied finding property "vendor.oplus.media.vpp.stutter"
07-11 01:23:55.197 26010 26947 W libc    : Access denied finding property "vendor.oplus.media.vpp.stutter"
07-11 01:23:55.960 26010 26730 W libc    : Access denied finding property "vendor.oplus.media.vpp.stutter"
07-11 01:23:56.197 26010 26947 W libc    : Access denied finding property "vendor.oplus.media.vpp.stutter"
07-11 01:23:56.961 26010 26730 W libc    : Access denied finding property "vendor.oplus.media.vpp.stutter"
07-11 01:23:57.198 26010 26947 W libc    : Access denied finding property "vendor.oplus.media.vpp.stutter"
07-11 01:23:57.765 26010 26064 E BLASTBufferQueue: BLASTBufferItemConsumer::onDisconnect()
07-11 01:23:57.962 26010 26730 W libc    : Access denied finding property "vendor.oplus.media.vpp.stutter"
07-11 01:23:58.198 26010 26947 W libc    : Access denied finding property "vendor.oplus.media.vpp.stutter"
07-11 01:23:58.574 26010 26064 E BLASTBufferQueue: BLASTBufferItemConsumer::onDisconnect()
07-11 01:23:58.964 26010 26730 W libc    : Access denied finding property "vendor.oplus.media.vpp.stutter"

=== Feature activity (persisted across restarts) ===
2026-07-11 01:20:16.235968 I VkFavorites: save card Bitcoin Vibe activate=false
2026-07-11 01:20:16.313071 I VkFavorites: save card Doge Meme activate=false
2026-07-11 01:20:16.381216 I VkFavorites: save card Ethereum Vibes activate=false
2026-07-11 01:20:16.432075 I VkFavorites: save card India Popular City activate=false
2026-07-11 01:20:16.510997 I VkFavorites: save card Miami Beach Crypto activate=false
2026-07-11 01:20:16.579522 I VkFavorites: save card Nike Sneakers Crypto activate=false
2026-07-11 01:20:16.628743 I VkFavorites: save card Pepe Meme Frog activate=false
2026-07-11 01:20:16.683524 I VkFavorites: save card Times Square NFT activate=false
2026-07-11 01:20:16.766764 I VkMultilingual: reset main=pt-BR locales=[pt] count=1
2026-07-11 01:20:18.609718 I VkTyping: ○ hidden
2026-07-11 01:20:21.062123 I VkSwipe: ○ gesture canceled
2026-07-11 01:20:21.081820 I VkEffects: reload anim=scale blur=562px glow=true stickers=true
2026-07-11 01:20:21.170195 I VkTyping: ▶ open restart=false pkg=com.android.launcher inputType=589825
2026-07-11 01:20:21.262594 W VkStall: MAIN-THREAD STALL 203ms during: >>>>> Dispatching to Handler (com.android.internal.os.HandlerCaller$MyHandler) {ee518c1} null: 60
2026-07-11 01:20:21.386810 W VkStall: MAIN-THREAD STALL 124ms during: >>>>> Dispatching to Handler (android.view.Choreographer$FrameHandler) {4443d5c} android.view.Choreographer$FrameDisplayEventReceiver@ce85865: 0
2026-07-11 01:20:23.753734 I VkTyping: ○ hidden
2026-07-11 01:20:26.521671 I VkMultilingual: reset main=pt-BR locales=[pt] count=1
2026-07-11 01:20:26.567820 I VkSwipe: ○ gesture canceled
2026-07-11 01:20:26.619059 I VkTyping: ▶ open restart=false pkg=com.android.launcher inputType=589825
2026-07-11 01:20:27.694401 I VkPanels: ▶ open ai_theme
2026-07-11 01:20:34.942409 I VkEffects: reload anim=scale blur=562px glow=false stickers=true
2026-07-11 01:20:35.069710 W VkStall: MAIN-THREAD STALL 130ms during: >>>>> Dispatching to Handler (android.os.Handler) {2a252eb} w7.m@1231848: 0
2026-07-11 01:20:35.359657 W VkStall: MAIN-THREAD STALL 147ms during: >>>>> Dispatching to Handler (android.os.Handler) {2a252eb} w7.m@1231848: 0
2026-07-11 01:20:35.700210 W VkStall: MAIN-THREAD STALL 195ms during: >>>>> Dispatching to Handler (android.os.Handler) {2a252eb} w7.m@1231848: 0
2026-07-11 01:20:49.748577 I VkVibeCards: ○ sticker skipped: session_inactive
2026-07-11 01:20:50.515320 I VkPanels: ▶ open ai_theme
2026-07-11 01:20:57.972361 I VkEffects: reload anim=scale blur=562px glow=true stickers=true
2026-07-11 01:20:57.978156 W VkStall: MAIN-THREAD STALL 132ms during: >>>>> Dispatching to Handler (android.os.Handler) {2a252eb} w7.m@1231848: 0
2026-07-11 01:20:58.286808 W VkStall: MAIN-THREAD STALL 167ms during: >>>>> Dispatching to Handler (android.os.Handler) {2a252eb} w7.m@1231848: 0
2026-07-11 01:20:58.587116 W VkStall: MAIN-THREAD STALL 157ms during: >>>>> Dispatching to Handler (android.os.Handler) {2a252eb} w7.m@1231848: 0
2026-07-11 01:20:59.154557 I VkSuggestions: decode typedLen=1 candidates=18 locales=1 22,1ms
2026-07-11 01:20:59.155150 W VkSuggestions: slow frame 22,1ms locales=1 typedLen=1 candidates=18
2026-07-11 01:20:59.156986 I VkSuggestions: strip composing typedLen=1 candidates=18 autocorrect=false top=m locale=pt
2026-07-11 01:20:59.472098 I VkSuggestions: decode typedLen=2 candidates=18 locales=1 9,4ms
2026-07-11 01:20:59.476533 I VkSuggestions: strip composing typedLen=2 candidates=18 autocorrect=false top=mo locale=pt
2026-07-11 01:20:59.615183 I VkSuggestions: decode typedLen=3 candidates=18 locales=1 15,1ms
2026-07-11 01:20:59.616701 I VkSuggestions: strip composing typedLen=3 candidates=19 autocorrect=false top=mod locale=pt
2026-07-11 01:20:59.815535 I VkSuggestions: decode typedLen=4 candidates=18 locales=1 8,0ms
2026-07-11 01:20:59.817121 I VkAutocorrect: offered: mode → mode
2026-07-11 01:20:59.817393 I VkSuggestions: strip composing typedLen=4 candidates=19 autocorrect=true top=mode locale=pt
2026-07-11 01:21:00.046201 I VkSuggestions: decode typedLen=5 candidates=18 locales=1 9,3ms
2026-07-11 01:21:00.049077 I VkAutocorrect: offered: moder → moder
2026-07-11 01:21:00.049629 I VkSuggestions: strip composing typedLen=5 candidates=19 autocorrect=true top=moder locale=pt
2026-07-11 01:21:02.726 I VkSuggestions: decode typedLen=6 candidates=18 locales=1 7,3ms
2026-07-11 01:21:02.731690 I VkSuggestions: strip composing typedLen=6 candidates=18 autocorrect=false top=moderm locale=pt
2026-07-11 01:21:03.294474 I VkSuggestions: decode typedLen=7 candidates=18 locales=1 16,9ms
2026-07-11 01:21:03.295399 W VkSuggestions: slow frame 16,9ms locales=1 typedLen=7 candidates=18
2026-07-11 01:21:03.301112 I VkSuggestions: strip composing typedLen=7 candidates=17 autocorrect=false top=modermd locale=pt
2026-07-11 01:21:04.486773 I VkVibeCards: enter effects=true overlay=true cards=false
2026-07-11 01:21:04.709386 I VkTyping: ○ hidden
2026-07-11 01:21:07.147952 I VkTyping: ▶ open restart=false pkg=com.android.launcher inputType=589825
2026-07-11 01:21:08.313145 I VkPanels: ▶ open ai_theme
2026-07-11 01:21:11.753854 W VkStall: MAIN-THREAD STALL 126ms during: >>>>> Dispatching to Handler (android.os.Handler) {2a252eb} w7.m@1231848: 0
2026-07-11 01:21:12.301261 W VkStall: MAIN-THREAD STALL 143ms during: >>>>> Dispatching to Handler (android.os.Handler) {2a252eb} w7.m@1231848: 0
2026-07-11 01:21:16.369182 I VkVibeCards: enter effects=true overlay=true cards=false
2026-07-11 01:21:17.099833 I VkVibeCards: enter effects=true overlay=true cards=false
2026-07-11 01:21:18.463334 I VkThemes: ▶ tap generate ref=false descLen=5
2026-07-11 01:21:20.455655 W VkStall: MAIN-THREAD STALL 208ms (imeHideInProgress) during: >>>>> Dispatching to Handler (android.view.Choreographer$FrameHandler) {4443d5c} android.view.Choreographer$FrameDisplayEventReceiver@ce85865: 0
2026-07-11 01:21:26.968410 I VkThemes: ▶ generate ref=false descLen=5
2026-07-11 01:21:27.137174 W VkStall: MAIN-THREAD STALL 126ms (imeHideInProgress) during: >>>>> Dispatching to Handler (android.view.Choreographer$FrameHandler) {4443d5c} android.view.Choreographer$FrameDisplayEventReceiver@ce85865: 0
2026-07-11 01:21:27.173367 I VkTyping: ▶ open restart=false pkg=com.android.launcher inputType=589825
2026-07-11 01:21:31.484795 I VkThemes: ✓ generate 4517ms theme=Retro 70s 80s 90s Y2K Mashup
2026-07-11 01:21:31.634899 I VkThemes: apply theme=Retro 70s 80s 90s Y2K Mashup (ai_generate)
2026-07-11 01:21:31.637376 I VkSwipe: ○ gesture canceled
2026-07-11 01:21:31.639298 I VkSwipe: ○ gesture canceled
2026-07-11 01:21:31.823010 I VkFavorites: save theme Retro 70s 80s 90s Y2K Mashup → SAVED
2026-07-11 01:21:31.823961 W VkStall: MAIN-THREAD STALL 342ms during: >>>>> Dispatching to Handler (android.os.Handler) {c954b0f} DispatchedContinuation[Dispatchers.Main, Continuation at m7.s@cf5d071]: 0
2026-07-11 01:21:34.992685 I VkPanels: ▶ open ai_theme
2026-07-11 01:21:36.360011 W VkStall: MAIN-THREAD STALL 120ms during: >>>>> Dispatching to Handler (android.os.Handler) {b54aab9} w7.m@3273efe: 0
2026-07-11 01:21:37.232231 I VkSuggestions: decode typedLen=1 candidates=18 locales=1 26,9ms
2026-07-11 01:21:37.233002 W VkSuggestions: slow frame 26,9ms locales=1 typedLen=1 candidates=18
2026-07-11 01:21:37.235292 I VkSuggestions: strip composing typedLen=1 candidates=19 autocorrect=false top=w locale=pt
2026-07-11 01:21:37.557674 I VkSuggestions: decode typedLen=2 candidates=18 locales=1 18,0ms
2026-07-11 01:21:37.558032 W VkSuggestions: slow frame 18,0ms locales=1 typedLen=2 candidates=18
2026-07-11 01:21:37.559125 I VkSuggestions: strip composing typedLen=2 candidates=18 autocorrect=false top=wh locale=pt
2026-07-11 01:21:37.789331 I VkSuggestions: decode typedLen=3 candidates=18 locales=1 15,3ms
2026-07-11 01:21:37.792596 I VkSuggestions: strip composing typedLen=3 candidates=19 autocorrect=false top=whu locale=pt
2026-07-11 01:21:39.389275 I VkSuggestions: decode typedLen=4 candidates=18 locales=1 10,6ms
2026-07-11 01:21:39.392085 I VkSuggestions: strip composing typedLen=4 candidates=19 autocorrect=false top=whuj locale=pt
2026-07-11 01:21:39.587682 I VkSuggestions: decode typedLen=5 candidates=18 locales=1 3,9ms
2026-07-11 01:21:39.589862 I VkSuggestions: strip composing typedLen=5 candidates=19 autocorrect=false top=whujj locale=pt
2026-07-11 01:21:39.811514 I VkSuggestions: decode typedLen=6 candidates=18 locales=1 5,2ms
2026-07-11 01:21:39.815445 I VkSuggestions: strip composing typedLen=6 candidates=19 autocorrect=false top=whujjw locale=pt
2026-07-11 01:21:40.966265 I VkSuggestions: decode typedLen=7 candidates=18 locales=1 2,5ms
2026-07-11 01:21:40.968210 I VkSuggestions: strip composing typedLen=7 candidates=19 autocorrect=false top=whujjww locale=pt
2026-07-11 01:21:41.112881 I VkSuggestions: decode typedLen=8 candidates=18 locales=1 6,9ms
2026-07-11 01:21:41.115999 I VkSuggestions: strip composing typedLen=8 candidates=19 autocorrect=false top=whujjwwj locale=pt
2026-07-11 01:21:41.288732 I VkSuggestions: decode typedLen=9 candidates=18 locales=1 6,4ms
2026-07-11 01:21:41.292928 I VkSuggestions: strip composing typedLen=9 candidates=19 autocorrect=false top=whujjwwjj locale=pt
2026-07-11 01:21:42.436978 I VkSuggestions: decode typedLen=10 candidates=18 locales=1 17,7ms
2026-07-11 01:21:42.437804 W VkSuggestions: slow frame 17,7ms locales=1 typedLen=10 candidates=18
2026-07-11 01:21:42.441738 I VkSuggestions: strip composing typedLen=10 candidates=19 autocorrect=false top=whujjwwjja locale=pt
2026-07-11 01:21:42.712245 I VkSuggestions: decode typedLen=11 candidates=18 locales=1 18,2ms
2026-07-11 01:21:42.713158 W VkSuggestions: slow frame 18,2ms locales=1 typedLen=11 candidates=18
2026-07-11 01:21:42.717444 I VkSuggestions: strip composing typedLen=11 candidates=19 autocorrect=false top=whujjwwjjas locale=pt
2026-07-11 01:21:44.331158 I VkPanels: ▶ open menu
2026-07-11 01:21:46.178182 I VkPanels: ▶ open ai_theme
2026-07-11 01:21:47.590789 W VkStall: MAIN-THREAD STALL 125ms during: >>>>> Dispatching to Handler (android.os.Handler) {b54aab9} w7.m@3273efe: 0
2026-07-11 01:21:47.905149 W VkStall: MAIN-THREAD STALL 166ms during: >>>>> Dispatching to Handler (android.os.Handler) {b54aab9} w7.m@3273efe: 0
2026-07-11 01:21:48.032727 I VkSuggestions: decode typedLen=12 candidates=18 locales=1 19,0ms
2026-07-11 01:21:48.033102 W VkSuggestions: slow frame 19,0ms locales=1 typedLen=12 candidates=18
2026-07-11 01:21:48.034782 I VkSuggestions: strip composing typedLen=12 candidates=19 autocorrect=false top=whujjwwjjash locale=pt
2026-07-11 01:21:48.278472 I VkSuggestions: decode typedLen=13 candidates=18 locales=1 18,5ms
2026-07-11 01:21:48.279031 W VkSuggestions: slow frame 18,5ms locales=1 typedLen=13 candidates=18
2026-07-11 01:21:48.282826 I VkSuggestions: strip composing typedLen=13 candidates=19 autocorrect=false top=whujjwwjjashi locale=pt
2026-07-11 01:21:48.565793 I VkSuggestions: decode typedLen=14 candidates=18 locales=1 22,4ms
2026-07-11 01:21:48.566857 W VkSuggestions: slow frame 22,4ms locales=1 typedLen=14 candidates=18
2026-07-11 01:21:48.570906 I VkSuggestions: strip composing typedLen=14 candidates=19 autocorrect=false top=whujjwwjjashit locale=pt
2026-07-11 01:21:48.867496 I VkSuggestions: decode typedLen=15 candidates=18 locales=1 39,7ms
2026-07-11 01:21:48.868633 W VkSuggestions: slow frame 39,7ms locales=1 typedLen=15 candidates=18
2026-07-11 01:21:48.874374 I VkSuggestions: strip composing typedLen=15 candidates=19 autocorrect=false top=whujjwwjjashite locale=pt
2026-07-11 01:21:53.221754 I VkPanels: ▶ open clipboard
2026-07-11 01:21:54.208661 I VkPanels: ▶ open editor
2026-07-11 01:21:55.363158 I VkSuggestions: decode typedLen=16 candidates=18 locales=1 6,2ms
2026-07-11 01:21:55.365308 I VkSuggestions: strip composing typedLen=16 candidates=19 autocorrect=false top=whujjwwjjashites locale=pt
2026-07-11 01:21:55.562379 I VkSuggestions: decode typedLen=17 candidates=18 locales=1 10,7ms
2026-07-11 01:21:55.564289 I VkSuggestions: strip composing typedLen=17 candidates=19 autocorrect=false top=whujjwwjjashitess locale=pt
2026-07-11 01:21:55.783679 I VkSuggestions: decode typedLen=18 candidates=18 locales=1 7,4ms
2026-07-11 01:21:55.785640 I VkSuggestions: strip composing typedLen=18 candidates=19 autocorrect=false top=whujjwwjjashitesss locale=pt
2026-07-11 01:21:55.988147 I VkSuggestions: decode typedLen=19 candidates=18 locales=1 10,8ms
2026-07-11 01:21:55.991050 I VkSuggestions: strip composing typedLen=19 candidates=19 autocorrect=false top=whujjwwjjashitessss locale=pt
2026-07-11 01:21:58.140242 W VkStall: MAIN-THREAD STALL 172ms during: >>>>> Dispatching to Handler (i7.a1) {d6fef07} null: 1
2026-07-11 01:21:58.831033 I VkPanels: ▶ open menu
2026-07-11 01:22:06.557117 I VkPanels: ▶ open ai_theme
2026-07-11 01:22:08.205664 W VkStall: MAIN-THREAD STALL 137ms during: >>>>> Dispatching to Handler (android.os.Handler) {b54aab9} w7.m@3273efe: 0
2026-07-11 01:22:08.519457 W VkStall: MAIN-THREAD STALL 171ms during: >>>>> Dispatching to Handler (android.os.Handler) {b54aab9} w7.m@3273efe: 0
2026-07-11 01:22:10.471339 I VkSuggestions: decode typedLen=1 candidates=18 locales=1 29,0ms
2026-07-11 01:22:10.472106 W VkSuggestions: slow frame 29,0ms locales=1 typedLen=1 candidates=18
2026-07-11 01:22:10.473542 I VkSuggestions: strip composing typedLen=1 candidates=18 autocorrect=false top=w locale=pt
2026-07-11 01:22:12.414161 I VkSuggestions: decode typedLen=2 candidates=18 locales=1 18,0ms
2026-07-11 01:22:12.414570 W VkSuggestions: slow frame 18,0ms locales=1 typedLen=2 candidates=18
