=== VibeKey 4.1.263 (4363) ===

--------- beginning of system
06-10 12:29:09.833 24594 24594 E OplusCustomizeRestrictionManager: sInstance is null, start a new sInstance
06-10 12:30:07.983 24594 25943 E ActivityThread: Failed to find provider info for com.oplus.statistics.provider
06-10 12:30:07.983 24594 25943 E OplusStatistics--: IllegalArgumentException:java.lang.IllegalArgumentException: Unknown URL content://com.oplus.statistics.provider/track_event
--------- beginning of crash
06-10 12:30:17.475 24594 24977 F libc    : Fatal signal 11 (SIGSEGV), code 1 (SEGV_MAPERR), fault addr 0x780000004f in tid 24977 (ExecutorUtils), pid 24594 (AndroidUI)
06-10 12:30:19.032 26113 26113 F DEBUG   : Process name is com.vibekey.keyboard, not key_process
06-10 12:30:19.032 26113 26113 F DEBUG   : keyProcess: 0
06-10 12:30:19.032 26113 26113 F DEBUG   : *** *** *** *** *** *** *** *** *** *** *** *** *** *** *** ***
06-10 12:30:19.032 26113 26113 F DEBUG   : Build fingerprint: 'OnePlus/OnePlus7Pro/OnePlus7Pro:12/SKQ1.211113.001/P.202303230244:user/release-keys'
06-10 12:30:19.032 26113 26113 F DEBUG   : Revision: '0'
06-10 12:30:19.032 26113 26113 F DEBUG   : ABI: 'arm64'
06-10 12:30:19.032 26113 26113 F DEBUG   : Timestamp: 2026-06-10 12:30:17.705067596-0400
06-10 12:30:19.032 26113 26113 F DEBUG   : Process uptime: 0s
06-10 12:30:19.032 26113 26113 F DEBUG   : Cmdline: com.vibekey.keyboard
06-10 12:30:19.032 26113 26113 F DEBUG   : pid: 24594, tid: 24977, name: ExecutorUtils  >>> com.vibekey.keyboard <<<
06-10 12:30:19.032 26113 26113 F DEBUG   : uid: 14030
06-10 12:30:19.032 26113 26113 F DEBUG   : signal 11 (SIGSEGV), code 1 (SEGV_MAPERR), fault addr 0x780000004f
06-10 12:30:19.032 26113 26113 F DEBUG   :     x0  0000000000000000  x1  0000000000006191  x2  000000000000000b  x3  000000767e92cda0
06-10 12:30:19.032 26113 26113 F DEBUG   :     x4  0000007694d1c400  x5  0000007694d1c400  x6  0000007694d1c400  x7  0000007523274350
06-10 12:30:19.032 26113 26113 F DEBUG   :     x8  00000000000000f0  x9  db746b027190efc7  x10 0000007696b4068c  x11 0000000000000000
06-10 12:30:19.032 26113 26113 F DEBUG   :     x12 0000000000000001  x13 000000766d046b11  x14 0000000000000000  x15 00000000ebad6a89
06-10 12:30:19.032 26113 26113 F DEBUG   :     x16 000000757ca3ad18  x17 00000076790b8f10  x18 000000751e460000  x19 000000000000000b
06-10 12:30:19.032 26113 26113 F DEBUG   :     x20 000000767e92cda0  x21 0000000000006012  x22 000000767e92cb90  x23 0000000000000001
06-10 12:30:19.032 26113 26113 F DEBUG   :     x24 000000755850dd5c  x25 0000007523275000  x26 0000007694d1d698  x27 0000007694d1c408
06-10 12:30:19.032 26113 26113 F DEBUG   :     x28 0000000000000400  x29 000000767e92cbb0
06-10 12:30:19.032 26113 26113 F DEBUG   :     lr  0000007576c697f8  sp  000000767e92cb90  pc  00000076790b8f34  pst 0000000000000000
06-10 12:30:19.032 26113 26113 F DEBUG   : backtrace:
06-10 12:30:19.032 26113 26113 F DEBUG   :       #00 pc 0000000000075f34  /apex/com.android.runtime/lib64/bionic/libc.so (syscall+36) (BuildId: bbbdeb7c87c74f1491f92c6e605095b0)
06-10 12:30:19.032 26113 26113 F DEBUG   :       #01 pc 00000000040587f4  /data/app/~~ukACh23KqzhC02schODZ5g==/com.google.android.webview-qsLJ1HFxFSLtbdE1YBqHuA==/base.apk!libwebviewchromium.so (BuildId: f4154d1d3a9b37880ffb62018a1d86e977877475)
06-10 12:30:19.032 26113 26113 F DEBUG   :       #02 pc 000000000404ef70  /data/app/~~ukACh23KqzhC02schODZ5g==/com.google.android.webview-qsLJ1HFxFSLtbdE1YBqHuA==/base.apk!libwebviewchromium.so (BuildId: f4154d1d3a9b37880ffb62018a1d86e977877475)
06-10 12:30:19.032 26113 26113 F DEBUG   :       #03 pc 000000000729d1dc  /data/app/~~rcC4i002CahOUiGhHEe3mg==/com.vibekey.keyboard-026XjIRmVnvA7IOpEgbnSQ==/lib/arm64/libxul.so (BuildId: 4a35ccb91ce54a7d8afe95f435ee2ee2cc640e58)
06-10 12:30:19.032 26113 26113 F DEBUG   :       #04 pc 0000000007721500  /data/app/~~rcC4i002CahOUiGhHEe3mg==/com.vibekey.keyboard-026XjIRmVnvA7IOpEgbnSQ==/lib/arm64/libxul.so (BuildId: 4a35ccb91ce54a7d8afe95f435ee2ee2cc640e58)
06-10 12:30:19.032 26113 26113 F DEBUG   :       #05 pc 0000000000006f94  /apex/com.android.art/lib64/libsigchain.so (art::SignalChain::Handler(int, siginfo*, void*)+1148) (BuildId: 1d71636c1517ecf3fa421563ba6710f3)
06-10 12:30:19.032 26113 26113 F DEBUG   :       #06 pc 0000000000000638  [vdso] (__kernel_rt_sigreturn+0)
06-10 12:30:19.032 26113 26113 F DEBUG   :       #07 pc 00000000000a3d58  /data/app/~~rcC4i002CahOUiGhHEe3mg==/com.vibekey.keyboard-026XjIRmVnvA7IOpEgbnSQ==/lib/arm64/libjni_latinime.so (BuildId: f905dbd1a904967a994cf833116e517b05caa863)
06-10 12:30:19.032 26113 26113 F DEBUG   :       #08 pc 00000000002c2100  /apex/com.android.art/lib64/libart.so (art_quick_generic_jni_trampoline+144) (BuildId: 7087b2f2160bfbf3335d54ba9779e325)
06-10 12:30:19.032 26113 26113 F DEBUG   :       #09 pc 0000000000668b6c  /apex/com.android.art/lib64/libart.so (nterp_helper+1948) (BuildId: 7087b2f2160bfbf3335d54ba9779e325)
06-10 12:30:19.032 26113 26113 F DEBUG   :       #10 pc 00000000002201e0  /data/app/~~rcC4i002CahOUiGhHEe3mg==/com.vibekey.keyboard-026XjIRmVnvA7IOpEgbnSQ==/oat/arm64/base.vdex (com.android.inputmethod.latin.DicTraverseSession.a+16)
06-10 12:30:19.032 26113 26113 F DEBUG   :       #11 pc 0000000000669324  /apex/com.android.art/lib64/libart.so (nterp_helper+3924) (BuildId: 7087b2f2160bfbf3335d54ba9779e325)
06-10 12:30:19.032 26113 26113 F DEBUG   :       #12 pc 000000000021fd7c  /data/app/~~rcC4i002CahOUiGhHEe3mg==/com.vibekey.keyboard-026XjIRmVnvA7IOpEgbnSQ==/oat/arm64/base.vdex (com.android.inputmethod.latin.BinaryDictionary.a+44)
06-10 12:30:19.032 26113 26113 F DEBUG   :       #13 pc 0000000000669324  /apex/com.android.art/lib64/libart.so (nterp_helper+3924) (BuildId: 7087b2f2160bfbf3335d54ba9779e325)
06-10 12:30:19.032 26113 26113 F DEBUG   :       #14 pc 000000000021f496  /data/app/~~rcC4i002CahOUiGhHEe3mg==/com.vibekey.keyboard-026XjIRmVnvA7IOpEgbnSQ==/oat/arm64/base.vdex (com.android.inputmethod.latin.BinaryDictionary.m+38)
06-10 12:30:19.032 26113 26113 F DEBUG   :       #15 pc 0000000000669324  /apex/com.android.art/lib64/libart.so (nterp_helper+3924) (BuildId: 7087b2f2160bfbf3335d54ba9779e325)
06-10 12:30:19.032 26113 26113 F DEBUG   :       #16 pc 0000000000ad5bfe  /data/app/~~rcC4i002CahOUiGhHEe3mg==/com.vibekey.keyboard-026XjIRmVnvA7IOpEgbnSQ==/oat/arm64/base.vdex (v7.g.run+230)
06-10 12:30:19.032 26113 26113 F DEBUG   :       #17 pc 000000000066a144  /apex/com.android.art/lib64/libart.so (nterp_helper+7540) (BuildId: 7087b2f2160bfbf3335d54ba9779e325)
06-10 12:30:19.032 26113 26113 F DEBUG   :       #18 pc 00000000008f4edc  /data/app/~~rcC4i002CahOUiGhHEe3mg==/com.vibekey.keyboard-026XjIRmVnvA7IOpEgbnSQ==/oat/arm64/base.vdex (a8.z0.run+276)
06-10 12:30:19.032 26113 26113 F DEBUG   :       #19 pc 00000000022d2950  /memfd:jit-zygote-cache (deleted)
06-10 12:30:21.839 26142 26142 E OplusCustomizeRestrictionManager: sInstance is null, start a new sInstance
06-10 12:30:30.967 26706 26706 E OplusCustomizeRestrictionManager: sInstance is null, start a new sInstance
06-10 12:30:30.974 26706 26810 F libc    : Fatal signal 7 (SIGBUS), code 2 (BUS_ADRERR), fault addr 0x76665e2d90 in tid 26810 (DefaultDispatch), pid 26706 (AndroidUI)
06-10 12:30:31.914 27107 27107 F DEBUG   : Process name is com.vibekey.keyboard, not key_process
06-10 12:30:31.914 27107 27107 F DEBUG   : keyProcess: 0
06-10 12:30:31.914 27107 27107 F DEBUG   : *** *** *** *** *** *** *** *** *** *** *** *** *** *** *** ***
06-10 12:30:31.914 27107 27107 F DEBUG   : Build fingerprint: 'OnePlus/OnePlus7Pro/OnePlus7Pro:12/SKQ1.211113.001/P.202303230244:user/release-keys'
06-10 12:30:31.914 27107 27107 F DEBUG   : Revision: '0'
06-10 12:30:31.914 27107 27107 F DEBUG   : ABI: 'arm64'
06-10 12:30:31.914 27107 27107 F DEBUG   : Timestamp: 2026-06-10 12:30:31.136443997-0400
06-10 12:30:31.914 27107 27107 F DEBUG   : Process uptime: 0s
06-10 12:30:31.914 27107 27107 F DEBUG   : Cmdline: com.vibekey.keyboard
06-10 12:30:31.914 27107 27107 F DEBUG   : pid: 26706, tid: 26810, name: DefaultDispatch  >>> com.vibekey.keyboard <<<
06-10 12:30:31.914 27107 27107 F DEBUG   : uid: 14030
06-10 12:30:31.914 27107 27107 F DEBUG   : signal 7 (SIGBUS), code 2 (BUS_ADRERR), fault addr 0x76665e2d90
06-10 12:30:31.914 27107 27107 F DEBUG   :     x0  0000000000000000  x1  00000000000068ba  x2  0000000000000007  x3  000000768a29fda0
06-10 12:30:31.914 27107 27107 F DEBUG   :     x4  000000768a29f6a8  x5  000000768a29f6a8  x6  000000768a29f6a8  x7  0000000000000000
06-10 12:30:31.914 27107 27107 F DEBUG   :     x8  00000000000000f0  x9  db746b027190efc7  x10 0000000000004001  x11 0000000000000000
06-10 12:30:31.914 27107 27107 F DEBUG   :     x12 00000000ffffffff  x13 0000000000000000  x14 00391498f1a2a511  x15 0000a26e07fef5e0
06-10 12:30:31.914 27107 27107 F DEBUG   :     x16 000000757ca3ad18  x17 00000076790b8f10  x18 000000755c834000  x19 0000000000000007
06-10 12:30:31.914 27107 27107 F DEBUG   :     x20 000000768a29fda0  x21 0000000000006852  x22 000000768a29fd00  x23 0000000000000001
06-10 12:30:31.914 27107 27107 F DEBUG   :     x24 000000000004511b  x25 000000000000001a  x26 0000000000006d24  x27 0000000000000010
06-10 12:30:31.914 27107 27107 F DEBUG   :     x28 0000000000000000  x29 000000768a29fd20
06-10 12:30:31.914 27107 27107 F DEBUG   :     lr  0000007576c697f8  sp  000000768a29fd00  pc  00000076790b8f34  pst 0000000000000000
06-10 12:30:31.914 27107 27107 F DEBUG   : backtrace:
06-10 12:30:31.914 27107 27107 F DEBUG   :       #00 pc 0000000000075f34  /apex/com.android.runtime/lib64/bionic/libc.so (syscall+36) (BuildId: bbbdeb7c87c74f1491f92c6e605095b0)
06-10 12:30:31.914 27107 27107 F DEBUG   :       #01 pc 00000000040587f4  /data/app/~~ukACh23KqzhC02schODZ5g==/com.google.android.webview-qsLJ1HFxFSLtbdE1YBqHuA==/base.apk!libwebviewchromium.so (BuildId: f4154d1d3a9b37880ffb62018a1d86e977877475)
06-10 12:30:31.914 27107 27107 F DEBUG   :       #02 pc 000000000404ef70  /data/app/~~ukACh23KqzhC02schODZ5g==/com.google.android.webview-qsLJ1HFxFSLtbdE1YBqHuA==/base.apk!libwebviewchromium.so (BuildId: f4154d1d3a9b37880ffb62018a1d86e977877475)
06-10 12:30:31.914 27107 27107 F DEBUG   :       #03 pc 0000000000000638  [vdso] (__kernel_rt_sigreturn+0)
06-10 12:30:31.914 27107 27107 F DEBUG   :       #04 pc 00000000000b6338  /data/app/~~rcC4i002CahOUiGhHEe3mg==/com.vibekey.keyboard-026XjIRmVnvA7IOpEgbnSQ==/lib/arm64/libjni_latinime.so (latinime::PatriciaTrieReadingUtils::getFlagsAndAdvancePosition(unsigned char const*, int*)+8) (BuildId: f905dbd1a904967a994cf833116e517b05caa863)
06-10 12:30:31.914 27107 27107 F DEBUG   :       #05 pc 00000000000b6f70  /data/app/~~rcC4i002CahOUiGhHEe3mg==/com.vibekey.keyboard-026XjIRmVnvA7IOpEgbnSQ==/lib/arm64/libjni_latinime.so (latinime::PatriciaTriePolicy::getCodePointsAndProbabilityAndReturnCodePointCount(int, int, int*, int*) const+376) (BuildId: f905dbd1a904967a994cf833116e517b05caa863)
06-10 12:30:31.914 27107 27107 F DEBUG   :       #06 pc 00000000000b821c  /data/app/~~rcC4i002CahOUiGhHEe3mg==/com.vibekey.keyboard-026XjIRmVnvA7IOpEgbnSQ==/lib/arm64/libjni_latinime.so (latinime::PatriciaTriePolicy::getNextWordAndNextToken(int, int*, int*)+288) (BuildId: f905dbd1a904967a994cf833116e517b05caa863)
06-10 12:30:31.914 27107 27107 F DEBUG   :       #07 pc 00000000000a03ec  /data/app/~~rcC4i002CahOUiGhHEe3mg==/com.vibekey.keyboard-026XjIRmVnvA7IOpEgbnSQ==/lib/arm64/libjni_latinime.so (BuildId: f905dbd1a904967a994cf833116e517b05caa863)
06-10 12:30:31.914 27107 27107 F DEBUG   :       #08 pc 00000000002c2100  /apex/com.android.art/lib64/libart.so (art_quick_generic_jni_trampoline+144) (BuildId: 7087b2f2160bfbf3335d54ba9779e325)
06-10 12:30:31.914 27107 27107 F DEBUG   :       #09 pc 0000000000668b6c  /apex/com.android.art/lib64/libart.so (nterp_helper+1948) (BuildId: 7087b2f2160bfbf3335d54ba9779e325)
06-10 12:30:31.915 27107 27107 F DEBUG   :       #10 pc 000000000021f3c2  /data/app/~~rcC4i002CahOUiGhHEe3mg==/com.vibekey.keyboard-026XjIRmVnvA7IOpEgbnSQ==/oat/arm64/base.vdex (com.android.inputmethod.latin.BinaryDictionary.p+18)
06-10 12:30:31.915 27107 27107 F DEBUG   :       #11 pc 0000000000669324  /apex/com.android.art/lib64/libart.so (nterp_helper+3924) (BuildId: 7087b2f2160bfbf3335d54ba9779e325)
06-10 12:30:31.915 27107 27107 F DEBUG   :       #12 pc 0000000000ad66ba  /data/app/~~rcC4i002CahOUiGhHEe3mg==/com.vibekey.keyboard-026XjIRmVnvA7IOpEgbnSQ==/oat/arm64/base.vdex (v7.k.b+58)
06-10 12:30:31.915 27107 27107 F DEBUG   :       #13 pc 0000000000669324  /apex/com.android.art/lib64/libart.so (nterp_helper+3924) (BuildId: 7087b2f2160bfbf3335d54ba9779e325)
06-10 12:30:31.915 27107 27107 F DEBUG   :       #14 pc 0000000000ad57d0  /data/app/~~rcC4i002CahOUiGhHEe3mg==/com.vibekey.keyboard-026XjIRmVnvA7IOpEgbnSQ==/oat/arm64/base.vdex (v7.e.b+44)
06-10 12:30:31.915 27107 27107 F DEBUG   :       #15 pc 0000000000669324  /apex/com.android.art/lib64/libart.so (nterp_helper+3924) (BuildId: 7087b2f2160bfbf3335d54ba9779e325)
06-10 12:30:31.915 27107 27107 F DEBUG   :       #16 pc 00000000001f98b2  /data/app/~~rcC4i002CahOUiGhHEe3mg==/com.vibekey.keyboard-026XjIRmVnvA7IOpEgbnSQ==/oat/arm64/base.vdex (b4.o.invokeSuspend+154)
06-10 12:30:31.915 27107 27107 F DEBUG   :       #17 pc 0000000000669324  /apex/com.android.art/lib64/libart.so (nterp_helper+3924) (BuildId: 7087b2f2160bfbf3335d54ba9779e325)
06-10 12:30:31.915 27107 27107 F DEBUG   :       #18 pc 0000000000ad6b88  /data/app/~~rcC4i002CahOUiGhHEe3mg==/com.vibekey.keyboard-026XjIRmVnvA7IOpEgbnSQ==/oat/arm64/base.vdex (v8.a.resumeWith+16)
06-10 12:30:31.915 27107 27107 F DEBUG   :       #19 pc 000000000066a1f0  /apex/com.android.art/lib64/libart.so (nterp_helper+7712) (BuildId: 7087b2f2160bfbf3335d54ba9779e325)
06-10 12:30:31.915 27107 27107 F DEBUG   :       #20 pc 0000000000a436dc  /data/app/~~rcC4i002CahOUiGhHEe3mg==/com.vibekey.keyboard-026XjIRmVnvA7IOpEgbnSQ==/oat/arm64/base.vdex (o9.h0.run+228)
06-10 12:30:31.915 27107 27107 F DEBUG   :       #21 pc 000000000066a144  /apex/com.android.art/lib64/libart.so (nterp_helper+7540) (BuildId: 7087b2f2160bfbf3335d54ba9779e325)
06-10 12:30:31.915 27107 27107 F DEBUG   :       #22 pc 0000000000ad763e  /data/app/~~rcC4i002CahOUiGhHEe3mg==/com.vibekey.keyboard-026XjIRmVnvA7IOpEgbnSQ==/oat/arm64/base.vdex (v9.a.run+234)
06-10 12:30:31.915 27107 27107 F DEBUG   :       #23 pc 00000000002aad94  /apex/com.android.art/lib64/libart.so (art_quick_invoke_stub+612) (BuildId: 7087b2f2160bfbf3335d54ba9779e325)
06-10 12:30:31.915 27107 27107 F DEBUG   :       #24 pc 00000000002707ac  /apex/com.android.art/lib64/libart.so (art::ArtMethod::Invoke(art::Thread*, unsigned int*, unsigned int, art::JValue*, char const*)+220) (BuildId: 7087b2f2160bfbf3335d54ba9779e325)
06-10 12:30:31.915 27107 27107 F DEBUG   :       #25 pc 00000000004bdc28  /apex/com.android.art/lib64/libart.so (art::Thread::CreateCallback(void*)+1184) (BuildId: 7087b2f2160bfbf3335d54ba9779e325)
06-10 12:30:31.915 27107 27107 F DEBUG   :       #26 pc 00000000000deb44  /apex/com.android.runtime/lib64/bionic/libc.so (__pthread_start(void*)+264) (BuildId: bbbdeb7c87c74f1491f92c6e605095b0)
06-10 12:30:31.915 27107 27107 F DEBUG   :       #27 pc 000000000007b2fc  /apex/com.android.runtime/lib64/bionic/libc.so (__start_thread+68) (BuildId: bbbdeb7c87c74f1491f92c6e605095b0)
--------- beginning of main
06-10 12:30:36.126 27527 27527 E libcrashpad_handler_trampoline.so: createInstance(64bit) : createExtendedFactory
06-10 12:30:36.130 27527 27527 E libcrashpad_handler_trampoline.so: createInstance(64bit) : createExtendedFactory
06-10 12:30:36.131 27527 27527 E libcrashpad_handler_trampoline.so: Opened libinputextensionsimpl.so
06-10 12:30:36.131 27527 27527 E libcrashpad_handler_trampoline.so: Opened libinputextensionsimpl.so
06-10 12:30:36.156 27527 27527 E libcrashpad_handler_trampoline.so: createInstance(64bit) : createExtendedFactory
06-10 12:30:36.157 27527 27527 E libcrashpad_handler_trampoline.so: createInstance(64bit) : createExtendedFactory
06-10 12:30:36.157 27527 27527 E libcrashpad_handler_trampoline.so: Opened libsensorextimpl.so
06-10 12:30:36.157 27527 27527 E libcrashpad_handler_trampoline.so: Opened libsensorextimpl.so
06-10 12:30:36.596 27256 27256 I VkSwipe : ○ gesture canceled
06-10 12:30:36.613 27256 27256 I VkEffects: reload anim=scale blur=562px glow=true stickers=true
06-10 12:30:36.616 27256 27256 E OplusCustomizeRestrictionManager: sInstance is null, start a new sInstance
06-10 12:30:36.618 27256 27278 F libc    : Fatal signal 7 (SIGBUS), code 2 (BUS_ADRERR), fault addr 0x76665df798 in tid 27278 (DefaultDispatch), pid 27256 (AndroidUI)
06-10 12:30:36.677 27602 27602 E DEBUG   : failed to readlink /proc/27278/fd/279: No such file or directory
06-10 12:30:36.807 27602 27602 E DEBUG   : failed to read /proc/uptime: Permission denied
06-10 12:30:36.844 27256 27256 I SpaceAssistPopup: ○ send ready=false outChars=0
06-10 12:30:36.860 27256 27256 I VkTyping: ▶ open restart=false pkg=com.android.launcher inputType=589825
06-10 12:30:36.996 27256 27256 W View    : requestLayout() improperly called by android.widget.LinearLayout{2d9db3d V.E...... ......ID 0,1868-1440,2818 #7f0a010d app:id/input_view_keyboard_column} during layout: running second layout pass
06-10 12:30:36.996 27256 27256 W View    : requestLayout() improperly called by android.widget.LinearLayout{5bd1f32 V.E...... ......ID 0,0-1440,950 #7f0a011c app:id/main_keyboard_frame} during layout: running second layout pass
06-10 12:30:37.111 27256 27334 E BLASTBufferQueue: BLASTBufferItemConsumer::onDisconnect()
06-10 12:30:37.577 26861 26861 W DefaultDispatch: type=1400 audit(0.0:326786): avc: denied { read } for name="/" dev="dm-0" ino=2 scontext=u:r:untrusted_app:s0:c190,c271,c512,c768 tcontext=u:object_r:rootfs:s0 tclass=dir permissive=0 app=com.vibekey.keyboard
06-10 12:30:37.577 26861 26861 W DefaultDispatch: type=1400 audit(0.0:326787): avc: denied { read } for name="/" dev="dm-0" ino=2 scontext=u:r:untrusted_app:s0:c190,c271,c512,c768 tcontext=u:object_r:rootfs:s0 tclass=dir permissive=0 app=com.vibekey.keyboard
06-10 12:30:37.577 26861 26861 W DefaultDispatch: type=1400 audit(0.0:326788): avc: denied { read } for name="/" dev="dm-0" ino=2 scontext=u:r:untrusted_app:s0:c190,c271,c512,c768 tcontext=u:object_r:rootfs:s0 tclass=dir permissive=0 app=com.vibekey.keyboard
06-10 12:30:37.577 26861 26861 W DefaultDispatch: type=1400 audit(0.0:326789): avc: denied { read } for name="/" dev="dm-0" ino=2 scontext=u:r:untrusted_app:s0:c190,c271,c512,c768 tcontext=u:object_r:rootfs:s0 tclass=dir permissive=0 app=com.vibekey.keyboard
06-10 12:30:37.577 26861 26861 W DefaultDispatch: type=1400 audit(0.0:326790): avc: denied { read } for name="/" dev="dm-0" ino=2 scontext=u:r:untrusted_app:s0:c190,c271,c512,c768 tcontext=u:object_r:rootfs:s0 tclass=dir permissive=0 app=com.vibekey.keyboard
06-10 12:30:37.577 26861 26861 W DefaultDispatch: type=1400 audit(0.0:326791): avc: denied { read } for name="/" dev="dm-0" ino=2 scontext=u:r:untrusted_app:s0:c190,c271,c512,c768 tcontext=u:object_r:rootfs:s0 tclass=dir permissive=0 app=com.vibekey.keyboard
06-10 12:30:37.610 27602 27602 F DEBUG   : Process name is com.vibekey.keyboard, not key_process
06-10 12:30:37.610 27602 27602 F DEBUG   : keyProcess: 0
06-10 12:30:37.610 27602 27602 F DEBUG   : *** *** *** *** *** *** *** *** *** *** *** *** *** *** *** ***
06-10 12:30:37.610 27602 27602 F DEBUG   : Build fingerprint: 'OnePlus/OnePlus7Pro/OnePlus7Pro:12/SKQ1.211113.001/P.202303230244:user/release-keys'
06-10 12:30:37.610 27602 27602 F DEBUG   : Revision: '0'
06-10 12:30:37.610 27602 27602 F DEBUG   : ABI: 'arm64'
06-10 12:30:37.610 27602 27602 F DEBUG   : Timestamp: 2026-06-10 12:30:36.806750037-0400
06-10 12:30:37.610 27602 27602 F DEBUG   : Process uptime: 0s
06-10 12:30:37.610 27602 27602 F DEBUG   : Cmdline: com.vibekey.keyboard
06-10 12:30:37.610 27602 27602 F DEBUG   : pid: 27256, tid: 27278, name: DefaultDispatch  >>> com.vibekey.keyboard <<<
06-10 12:30:37.610 27602 27602 F DEBUG   : uid: 14030
06-10 12:30:37.610 27602 27602 F DEBUG   : signal 7 (SIGBUS), code 2 (BUS_ADRERR), fault addr 0x76665df798
06-10 12:30:37.610 27602 27602 F DEBUG   :     x0  0000000000000000  x1  0000000000006a8e  x2  0000000000000007  x3  000000768a372da0
06-10 12:30:37.610 27602 27602 F DEBUG   :     x4  000000768a3726a8  x5  000000768a3726a8  x6  000000768a3726a8  x7  0000000000000000
06-10 12:30:37.610 27602 27602 F DEBUG   :     x8  00000000000000f0  x9  db746b027190efc7  x10 0000000000004001  x11 0000000000000000
06-10 12:30:37.610 27602 27602 F DEBUG   :     x12 00000000ffffffff  x13 0000000000000000  x14 0017b3acef8f6511  x15 000081c0f5a9d614
06-10 12:30:37.610 27602 27602 F DEBUG   :     x16 000000757ca3ad18  x17 00000076790b8f10  x18 00000075362bc000  x19 0000000000000007
06-10 12:30:37.610 27602 27602 F DEBUG   :     x20 000000768a372da0  x21 0000000000006a78  x22 000000768a372d00  x23 0000000000000001
06-10 12:30:37.610 27602 27602 F DEBUG   :     x24 0000000000007d55  x25 000000000000001a  x26 0000000000003728  x27 0000000000000010
06-10 12:30:37.610 27602 27602 F DEBUG   :     x28 0000000000000000  x29 000000768a372d20
06-10 12:30:37.610 27602 27602 F DEBUG   :     lr  0000007576c697f8  sp  000000768a372d00  pc  00000076790b8f34  pst 0000000000001000
06-10 12:30:37.610 27602 27602 F DEBUG   : backtrace:
06-10 12:30:37.610 27602 27602 F DEBUG   :       #00 pc 0000000000075f34  /apex/com.android.runtime/lib64/bionic/libc.so (syscall+36) (BuildId: bbbdeb7c87c74f1491f92c6e605095b0)
06-10 12:30:37.610 27602 27602 F DEBUG   :       #01 pc 00000000040587f4  /data/app/~~ukACh23KqzhC02schODZ5g==/com.google.android.webview-qsLJ1HFxFSLtbdE1YBqHuA==/base.apk!libwebviewchromium.so (BuildId: f4154d1d3a9b37880ffb62018a1d86e977877475)
06-10 12:30:37.610 27602 27602 F DEBUG   :       #02 pc 000000000404ef70  /data/app/~~ukACh23KqzhC02schODZ5g==/com.google.android.webview-qsLJ1HFxFSLtbdE1YBqHuA==/base.apk!libwebviewchromium.so (BuildId: f4154d1d3a9b37880ffb62018a1d86e977877475)
06-10 12:30:37.610 27602 27602 F DEBUG   :       #03 pc 0000000000000638  [vdso] (__kernel_rt_sigreturn+0)
06-10 12:30:37.610 27602 27602 F DEBUG   :       #04 pc 00000000000b66a4  /data/app/~~rcC4i002CahOUiGhHEe3mg==/com.vibekey.keyboard-026XjIRmVnvA7IOpEgbnSQ==/lib/arm64/libjni_latinime.so (latinime::PatriciaTrieReadingUtils::readProbabilityAndAdvancePosition(unsigned char const*, int*)+8) (BuildId: f905dbd1a904967a994cf833116e517b05caa863)
06-10 12:30:37.610 27602 27602 F DEBUG   :       #05 pc 00000000000b6fc4  /data/app/~~rcC4i002CahOUiGhHEe3mg==/com.vibekey.keyboard-026XjIRmVnvA7IOpEgbnSQ==/lib/arm64/libjni_latinime.so (latinime::PatriciaTriePolicy::getCodePointsAndProbabilityAndReturnCodePointCount(int, int, int*, int*) const+460) (BuildId: f905dbd1a904967a994cf833116e517b05caa863)
06-10 12:30:37.610 27602 27602 F DEBUG   :       #06 pc 00000000000b821c  /data/app/~~rcC4i002CahOUiGhHEe3mg==/com.vibekey.keyboard-026XjIRmVnvA7IOpEgbnSQ==/lib/arm64/libjni_latinime.so (latinime::PatriciaTriePolicy::getNextWordAndNextToken(int, int*, int*)+288) (BuildId: f905dbd1a904967a994cf833116e517b05caa863)
06-10 12:30:37.610 27602 27602 F DEBUG   :       #07 pc 00000000000a03ec  /data/app/~~rcC4i002CahOUiGhHEe3mg==/com.vibekey.keyboard-026XjIRmVnvA7IOpEgbnSQ==/lib/arm64/libjni_latinime.so (BuildId: f905dbd1a904967a994cf833116e517b05caa863)
06-10 12:30:37.610 27602 27602 F DEBUG   :       #08 pc 00000000002c2100  /apex/com.android.art/lib64/libart.so (art_quick_generic_jni_trampoline+144) (BuildId: 7087b2f2160bfbf3335d54ba9779e325)
06-10 12:30:37.610 27602 27602 F DEBUG   :       #09 pc 0000000000668b6c  /apex/com.android.art/lib64/libart.so (nterp_helper+1948) (BuildId: 7087b2f2160bfbf3335d54ba9779e325)
06-10 12:30:37.610 27602 27602 F DEBUG   :       #10 pc 000000000021f3c2  /data/app/~~rcC4i002CahOUiGhHEe3mg==/com.vibekey.keyboard-026XjIRmVnvA7IOpEgbnSQ==/oat/arm64/base.vdex (com.android.inputmethod.latin.BinaryDictionary.p+18)
06-10 12:30:37.610 27602 27602 F DEBUG   :       #11 pc 0000000000669324  /apex/com.android.art/lib64/libart.so (nterp_helper+3924) (BuildId: 7087b2f2160bfbf3335d54ba9779e325)
06-10 12:30:37.610 27602 27602 F DEBUG   :       #12 pc 0000000000ad66ba  /data/app/~~rcC4i002CahOUiGhHEe3mg==/com.vibekey.keyboard-026XjIRmVnvA7IOpEgbnSQ==/oat/arm64/base.vdex (v7.k.b+58)
06-10 12:30:37.610 27602 27602 F DEBUG   :       #13 pc 0000000000669324  /apex/com.android.art/lib64/libart.so (nterp_helper+3924) (BuildId: 7087b2f2160bfbf3335d54ba9779e325)
06-10 12:30:37.610 27602 27602 F DEBUG   :       #14 pc 0000000000ad57d0  /data/app/~~rcC4i002CahOUiGhHEe3mg==/com.vibekey.keyboard-026XjIRmVnvA7IOpEgbnSQ==/oat/arm64/base.vdex (v7.e.b+44)
06-10 12:30:37.610 27602 27602 F DEBUG   :       #15 pc 0000000000669324  /apex/com.android.art/lib64/libart.so (nterp_helper+3924) (BuildId: 7087b2f2160bfbf3335d54ba9779e325)
06-10 12:30:37.610 27602 27602 F DEBUG   :       #16 pc 00000000001f98b2  /data/app/~~rcC4i002CahOUiGhHEe3mg==/com.vibekey.keyboard-026XjIRmVnvA7IOpEgbnSQ==/oat/arm64/base.vdex (b4.o.invokeSuspend+154)
06-10 12:30:37.610 27602 27602 F DEBUG   :       #17 pc 0000000000669324  /apex/com.android.art/lib64/libart.so (nterp_helper+3924) (BuildId: 7087b2f2160bfbf3335d54ba9779e325)
06-10 12:30:37.610 27602 27602 F DEBUG   :       #18 pc 0000000000ad6b88  /data/app/~~rcC4i002CahOUiGhHEe3mg==/com.vibekey.keyboard-026XjIRmVnvA7IOpEgbnSQ==/oat/arm64/base.vdex (v8.a.resumeWith+16)
06-10 12:30:37.610 27602 27602 F DEBUG   :       #19 pc 000000000066a1f0  /apex/com.android.art/lib64/libart.so (nterp_helper+7712) (BuildId: 7087b2f2160bfbf3335d54ba9779e325)
06-10 12:30:37.610 27602 27602 F DEBUG   :       #20 pc 0000000000a436dc  /data/app/~~rcC4i002CahOUiGhHEe3mg==/com.vibekey.keyboard-026XjIRmVnvA7IOpEgbnSQ==/oat/arm64/base.vdex (o9.h0.run+228)
06-10 12:30:37.610 27602 27602 F DEBUG   :       #21 pc 000000000066a144  /apex/com.android.art/lib64/libart.so (nterp_helper+7540) (BuildId: 7087b2f2160bfbf3335d54ba9779e325)
06-10 12:30:37.610 27602 27602 F DEBUG   :       #22 pc 0000000000ad763e  /data/app/~~rcC4i002CahOUiGhHEe3mg==/com.vibekey.keyboard-026XjIRmVnvA7IOpEgbnSQ==/oat/arm64/base.vdex (v9.a.run+234)
06-10 12:30:37.610 27602 27602 F DEBUG   :       #23 pc 00000000002aad94  /apex/com.android.art/lib64/libart.so (art_quick_invoke_stub+612) (BuildId: 7087b2f2160bfbf3335d54ba9779e325)
06-10 12:30:37.610 27602 27602 F DEBUG   :       #24 pc 00000000002707ac  /apex/com.android.art/lib64/libart.so (art::ArtMethod::Invoke(art::Thread*, unsigned int*, unsigned int, art::JValue*, char const*)+220) (BuildId: 7087b2f2160bfbf3335d54ba9779e325)
06-10 12:30:37.610 27602 27602 F DEBUG   :       #25 pc 00000000004bdc28  /apex/com.android.art/lib64/libart.so (art::Thread::CreateCallback(void*)+1184) (BuildId: 7087b2f2160bfbf3335d54ba9779e325)
06-10 12:30:37.610 27602 27602 F DEBUG   :       #26 pc 00000000000deb44  /apex/com.android.runtime/lib64/bionic/libc.so (__pthread_start(void*)+264) (BuildId: bbbdeb7c87c74f1491f92c6e605095b0)
06-10 12:30:37.610 27602 27602 F DEBUG   :       #27 pc 000000000007b2fc  /apex/com.android.runtime/lib64/bionic/libc.so (__start_thread+68) (BuildId: bbbdeb7c87c74f1491f92c6e605095b0)
06-10 12:30:38.648 26861 26883 I OnDeviceAssist: warm ok model=qwen2.5-0.5b-instruct-q4_0.gguf ambient=40 chars 1060ms
06-10 12:30:38.653 26861 26883 E AndroidRuntime: FATAL EXCEPTION: DefaultDispatcher-worker-1
06-10 12:30:38.653 26861 26883 E AndroidRuntime: Process: com.vibekey.keyboard:llm_engine, PID: 26861
06-10 12:30:38.653 26861 26883 E AndroidRuntime: android.os.DeadObjectException
06-10 12:30:38.653 26861 26883 E AndroidRuntime: 	at android.os.BinderProxy.transactNative(Native Method)
06-10 12:30:38.653 26861 26883 E AndroidRuntime: 	at android.os.BinderProxy.transact(BinderProxy.java:635)
06-10 12:30:38.653 26861 26883 E AndroidRuntime: 	at helium314.keyboard.latin.ai.engine.ILlmCallback$Stub$Proxy.onSuccess(r8-map-id-df6fdeff359ee8a4a691a9987da1e04cd9dd5b54ec2333027db22767ad27dfd6:18)
06-10 12:30:38.653 26861 26883 E AndroidRuntime: 	at helium314.keyboard.latin.ai.engine.LlmEngineService$binder$1$warmLoad$1.invokeSuspend(r8-map-id-df6fdeff359ee8a4a691a9987da1e04cd9dd5b54ec2333027db22767ad27dfd6:64)
06-10 12:30:38.653 26861 26883 E AndroidRuntime: 	at v8.a.resumeWith(r8-map-id-df6fdeff359ee8a4a691a9987da1e04cd9dd5b54ec2333027db22767ad27dfd6:9)
06-10 12:30:38.653 26861 26883 E AndroidRuntime: 	at o9.h0.run(r8-map-id-df6fdeff359ee8a4a691a9987da1e04cd9dd5b54ec2333027db22767ad27dfd6:115)
06-10 12:30:38.653 26861 26883 E AndroidRuntime: 	at v9.a.run(r8-map-id-df6fdeff359ee8a4a691a9987da1e04cd9dd5b54ec2333027db22767ad27dfd6:118)
06-10 12:30:38.653 26861 26883 E AndroidRuntime: 	Suppressed: t9.f: [p1{Cancelling}@44f250f, Dispatchers.Default]
06-10 12:30:38.941 27635 27635 E ibekey.keyboar: Unknown bits set in runtime_flags: 0x40000000
06-10 12:30:39.070 27635 27635 W f0      : Could not load system glide typing library jni_latinimegoogle: dlopen failed: library "libjni_latinimegoogle.so" not found
06-10 12:30:39.103 27669 27669 E oard:llm_engin: Unknown bits set in runtime_flags: 0x40000000
06-10 12:30:39.146 27635 27635 W t       : No editor info for this field. Bug?
06-10 12:30:39.156 27635 27635 I VkMultilingual: reset main=pt-BR locales=[pt,fr,it] count=3
06-10 12:30:39.182 27635 27635 W ibekey.keyboar: ClassLoaderContext classpath size mismatch. expected=1, found=0 (DLC[];PCL[base.apk*116719914]{PCL[/system/framework/org.apache.http.legacy.jar*3034548894]#PCL[/apex/com.android.extservices/javalib/android.ext.adservices.jar*3839736497]#PCL[/system/framework/com.android.location.provider.jar*3633238672]#PCL[/system/framework/com.android.media.remotedisplay.jar*3472798123]#PCL[/apex/com.android.extservices/javalib/android.ext.adservices.jar*3839736497]} | DLC[];PCL[])
06-10 12:30:39.190 27635 27635 W System  : ClassLoader referenced unknown path: 
06-10 12:30:39.194 27635 27635 W ibekey.keyboar: ClassLoaderContext classpath element checksum mismatch. expected=116719914, found=3035545553 (DLC[];PCL[base.apk*116719914]{PCL[/system/framework/org.apache.http.legacy.jar*3034548894]#PCL[/apex/com.android.extservices/javalib/android.ext.adservices.jar*3839736497]#PCL[/system/framework/com.android.location.provider.jar*3633238672]#PCL[/system/framework/com.android.media.remotedisplay.jar*3472798123]#PCL[/apex/com.android.extservices/javalib/android.ext.adservices.jar*3839736497]} | DLC[];PCL[/data/app/~~rcC4i002CahOUiGhHEe3mg==/com.vibekey.keyboard-026XjIRmVnvA7IOpEgbnSQ==/base.apk*3035545553]{PCL[/apex/com.android.extservices/javalib/android.ext.adservices.jar*3839736497]})
06-10 12:30:39.254 27635 27635 E ibekey.keyboar: ofbOpen failed with error=No such file or directory
06-10 12:30:39.254 27635 27635 E ibekey.keyboar: sysOpen failed with error=No such file or directory
06-10 12:30:39.270 27635 27714 W Ads     : Update ad debug logging enablement as false
06-10 12:30:39.288 27635 27635 E MultiApp.Impl: OplusMultiAppImpl
06-10 12:30:39.354 27635 27635 W libc    : Access denied finding property "ro.vendor.api_level"
06-10 12:30:39.357 27635 27635 W chromium: [WARNING:android_webview/browser/network_service/net_helpers.cc:137] HTTP Cache size is: 20971520
06-10 12:30:39.421 27635 27774 W libc    : Access denied finding property "vendor.camera.aux.packagelist"
06-10 12:30:39.421 27635 27774 W libc    : Access denied finding property "vendor.camera.aux.packagelist"
06-10 12:30:39.421 27635 27729 W libc    : Access denied finding property "vendor.camera.aux.packagelist"
06-10 12:30:39.421 27635 27635 I VkSwipe : ○ gesture canceled
06-10 12:30:39.431 27635 27635 I VkEffects: reload anim=scale blur=562px glow=true stickers=true
06-10 12:30:39.433 27635 27635 E OplusCustomizeRestrictionManager: sInstance is null, start a new sInstance
06-10 12:30:39.512 27635 27635 I SpaceAssistPopup: ○ send ready=false outChars=0
06-10 12:30:39.531 27635 27635 I VkTyping: ▶ open restart=false pkg=com.android.launcher inputType=589825
06-10 12:30:39.661 27635 27751 W cr_media: BLUETOOTH_CONNECT permission is missing.
06-10 12:30:39.662 27635 27751 W cr_media: getBluetoothAdapter() requires BLUETOOTH permission
06-10 12:30:39.662 27635 27751 W cr_media: registerBluetoothIntentsIfNeeded: Requires BLUETOOTH permission
06-10 12:30:39.698 27635 27635 W View    : requestLayout() improperly called by android.widget.LinearLayout{abb6a57 V.E...... ......ID 0,1868-1440,2818 #7f0a010d app:id/input_view_keyboard_column} during layout: running second layout pass
06-10 12:30:39.698 27635 27635 W View    : requestLayout() improperly called by android.widget.LinearLayout{27cf944 V.E...... ......ID 0,0-1440,950 #7f0a011c app:id/main_keyboard_frame} during layout: running second layout pass
06-10 12:30:39.831 27635 27760 W AudioCapabilities: Unsupported mime audio/ffmpeg
06-10 12:30:39.832 27635 27760 W VideoCapabilities: Unsupported mime video/ffmpeg
06-10 12:30:39.834 27635 27760 W VideoCapabilities: Unrecognized profile/level 0/3 for video/mpeg2
06-10 12:30:39.838 27635 27760 W VideoCapabilities: Unrecognized profile/level 0/3 for video/mpeg2
06-10 12:30:39.997 27635 27728 E BLASTBufferQueue: BLASTBufferItemConsumer::onDisconnect()
06-10 12:30:40.132 27635 27836 W Settings: Setting animator_duration_scale has moved from android.provider.Settings.System to android.provider.Settings.Global, returning read-only global URI.
06-10 12:30:40.138 27635 27836 E GeckoLibLoad: Load sqlite start
06-10 12:30:40.139 27635 27836 E GeckoLibLoad: Load sqlite done
06-10 12:30:40.139 27635 27836 E GeckoLibLoad: Load nss start
06-10 12:30:40.139 27635 27836 E GeckoLibLoad: Load nss done
06-10 12:30:40.153 27635 27836 E GeckoLibLoad: Loaded libs in 14.145469ms total, 11ms(39ms) user, 0ms(3ms) system, 0(0) faults
06-10 12:30:40.154 27635 27836 W GeckoThread: zerdatime 785883015 - runGecko
06-10 12:30:40.227 27635 27635 W com.vibekey.keyboard: type=1400 audit(0.0:326802): avc: denied { bind } for comm=4E65746C696E6B204D6F6E69746F72 scontext=u:r:untrusted_app:s0:c190,c271,c512,c768 tcontext=u:r:untrusted_app:s0:c190,c271,c512,c768 tclass=netlink_route_socket permissive=0 bug=b/155595000 app=com.vibekey.keyboard
06-10 12:30:40.247 27635 27836 E ibekey.keyboar: hiddenapi: Accessing hidden field Ljava/lang/Boolean;->value:Z (runtime_flags=0, domain=core-platform, api=max-target-p) from Lorg/mozilla/gecko/GeckoThread; (domain=app, TargetSdkVersion=35) using JNI: denied
06-10 12:30:40.247 27635 27836 E ibekey.keyboar: hiddenapi: Accessing hidden field Ljava/lang/Integer;->value:I (runtime_flags=0, domain=core-platform, api=max-target-p) from Lorg/mozilla/gecko/GeckoThread; (domain=app, TargetSdkVersion=35) using JNI: denied
06-10 12:30:40.247 27635 27836 E ibekey.keyboar: hiddenapi: Accessing hidden field Ljava/lang/Long;->value:J (runtime_flags=0, domain=core-platform, api=max-target-p) from Lorg/mozilla/gecko/GeckoThread; (domain=app, TargetSdkVersion=35) using JNI: denied
06-10 12:30:40.247 27635 27836 E ibekey.keyboar: hiddenapi: Accessing hidden field Ljava/lang/Double;->value:D (runtime_flags=0, domain=core-platform, api=max-target-p) from Lorg/mozilla/gecko/GeckoThread; (domain=app, TargetSdkVersion=35) using JNI: denied
06-10 12:30:40.317 27669 27669 W DefaultDispatch: type=1400 audit(0.0:326803): avc: denied { read } for name="/" dev="dm-0" ino=2 scontext=u:r:untrusted_app:s0:c190,c271,c512,c768 tcontext=u:object_r:rootfs:s0 tclass=dir permissive=0 app=com.vibekey.keyboard
06-10 12:30:40.317 27669 27669 W DefaultDispatch: type=1400 audit(0.0:326804): avc: denied { read } for name="/" dev="dm-0" ino=2 scontext=u:r:untrusted_app:s0:c190,c271,c512,c768 tcontext=u:object_r:rootfs:s0 tclass=dir permissive=0 app=com.vibekey.keyboard
06-10 12:30:40.331 27858 27858 E .keyboard:tab1: Unknown bits set in runtime_flags: 0x40000000
06-10 12:30:40.317 27669 27669 W DefaultDispatch: type=1400 audit(0.0:326805): avc: denied { read } for name="/" dev="dm-0" ino=2 scontext=u:r:untrusted_app:s0:c190,c271,c512,c768 tcontext=u:object_r:rootfs:s0 tclass=dir permissive=0 app=com.vibekey.keyboard
06-10 12:30:40.317 27669 27669 W DefaultDispatch: type=1400 audit(0.0:326806): avc: denied { read } for name="/" dev="dm-0" ino=2 scontext=u:r:untrusted_app:s0:c190,c271,c512,c768 tcontext=u:object_r:rootfs:s0 tclass=dir permissive=0 app=com.vibekey.keyboard
06-10 12:30:40.317 27669 27669 W DefaultDispatch: type=1400 audit(0.0:326807): avc: denied { read } for name="/" dev="dm-0" ino=2 scontext=u:r:untrusted_app:s0:c190,c271,c512,c768 tcontext=u:object_r:rootfs:s0 tclass=dir permissive=0 app=com.vibekey.keyboard
06-10 12:30:40.317 27669 27669 W DefaultDispatch: type=1400 audit(0.0:326808): avc: denied { read } for name="/" dev="dm-0" ino=2 scontext=u:r:untrusted_app:s0:c190,c271,c512,c768 tcontext=u:object_r:rootfs:s0 tclass=dir permissive=0 app=com.vibekey.keyboard
06-10 12:30:40.317 27669 27669 W DefaultDispatch: type=1400 audit(0.0:326809): avc: denied { read } for name="/" dev="dm-0" ino=2 scontext=u:r:untrusted_app:s0:c190,c271,c512,c768 tcontext=u:object_r:rootfs:s0 tclass=dir permissive=0 app=com.vibekey.keyboard
06-10 12:30:40.317 27669 27669 W DefaultDispatch: type=1400 audit(0.0:326810): avc: denied { read } for name="/" dev="dm-0" ino=2 scontext=u:r:untrusted_app:s0:c190,c271,c512,c768 tcontext=u:object_r:rootfs:s0 tclass=dir permissive=0 app=com.vibekey.keyboard
06-10 12:30:40.958 27669 27690 I OnDeviceAssist: warm ok model=qwen2.5-0.5b-instruct-q4_0.gguf ambient=40 chars 629ms
06-10 12:30:41.029 27669 27864 I OnDeviceAssist: warm ok model=qwen2.5-0.5b-instruct-q4_0.gguf ambient=40 chars 0ms
06-10 12:30:41.514 27635 27635 I SpaceAssistPopup: ○ send ready=false outChars=0
06-10 12:30:41.515 27635 27635 I VkPanels: ▶ open menu
06-10 12:30:42.480 27635 27635 I VkMultilingual: menu languages total=3
06-10 12:30:49.275 27635 27934 E ibekey.keyboar: Attempt to load writable dex file: /data/user/0/com.vibekey.keyboard/app_pccache/5/C571D7DB2E7379E33F5626D87812BBADE73E9BAD/pcam.jar
06-10 12:30:49.277 27635 27635 W AdWorker(Defaul: type=1400 audit(0.0:326819): avc: granted { execute } for path="/data/data/com.vibekey.keyboard/app_pccache/5/C571D7DB2E7379E33F5626D87812BBADE73E9BAD/pcam.jar" dev="dm-2" ino=14419440 scontext=u:r:untrusted_app:s0:c190,c271,c512,c768 tcontext=u:object_r:app_data_file:s0:c190,c271,c512,c768 tclass=file app=com.vibekey.keyboard
06-10 12:30:49.304 27635 27841 W Ads     : Invoke Firebase method getInstance error.
06-10 12:30:49.304 27635 27841 W Ads     : The Google Mobile Ads SDK will not integrate with Firebase. Admob/Firebase integration requires the latest Firebase SDK jar, but Firebase SDK is either missing or out of date
06-10 12:30:49.319 27635 27932 W ServiceBindIntentUtils: Dynamic lookup for intent failed for action: com.google.android.gms.ads.service.CACHE
06-10 12:30:49.376 27635 27830 W Ads     : Not retrying to fetch app settings
06-10 12:30:49.379 27635 27952 W Ads     : Not retrying to fetch app settings
06-10 12:30:49.379 27635 27965 W ServiceBindIntentUtils: Dynamic lookup for intent failed for action: com.google.android.gms.ads.service.START
06-10 12:30:50.621 27635 27635 E Ads     : JS: Uncaught TypeError: Cannot read properties of null (reading 's') (https://pagead2.googlesyndication.com/omsdk/releases/live/omsdk-v1.js:27)
06-10 12:30:50.644 27635 27635 E Ads     : JS: Refused to get unsafe header "X-Afma-Gcache-IsGcacheHit" (https://www.gstatic.com/mysidia/1481c091d9df379c2904f938e54fba0c.js?tag=addon/rewarded_video:435)
06-10 12:30:50.726 27635 27635 E Ads     : JS: Refused to get unsafe header "X-Afma-Gcache-IsGcacheHit" (https://www.gstatic.com/mysidia/1481c091d9df379c2904f938e54fba0c.js?tag=addon/rewarded_video:435)
06-10 12:30:50.773 27635 27739 W libc    : Access denied finding property "vendor.oplus.media.vpp.stutter"
06-10 12:30:50.773 27635 27739 E MULTIMEDIAConfig: [getInt32:L80] Not find config, Returning default
06-10 12:30:50.773 27635 27739 E MULTIMEDIAConfig: [getInt32:L80] Not find config, Returning default
06-10 12:30:50.773 27635 27739 E OplusACodec: [OplusACodec:204] mSrOsieMMListCheckResult:0x0 mOsieVersion:1
06-10 12:30:50.793 27635 28029 E OplusACodec: [GetVideoCodingTypeFromMime:L1162] mime:video/x-vnd.on2.vp9
06-10 12:30:50.954 27635 27739 W cr_MediaCodecBridge: Releasing: OMX.qcom.video.decoder.vp9
06-10 12:30:50.956 27635 28028 E ExtensionsLoader: freeAllBuffers: 12 buffers were freed while being dequeued!
06-10 12:30:50.956 27635 27739 W cr_MediaCodecBridge: Codec released
06-10 12:30:52.900 27635 27635 I VkMultilingual: menu languages total=4
06-10 12:30:54.296 27635 27635 I VkMultilingual: reset main=pt-BR locales=[it,lv,pt,fr] count=4
06-10 12:30:54.468 27635 27644 W ibekey.keyboar: Cleared Reference was only reachable from finalizer (only reported once)
06-10 12:30:55.034 27635 28042 E FilePhenotypeFlags: Config package com.google.android.gms.clearcut_client#com.vibekey.keyboard cannot use FILE backing without declarative registration. See go/phenotype-android-integration#phenotype for more information. This will lead to stale flags.
06-10 12:30:55.044 27635 28042 E FilePhenotypeFlags: Config package com.google.android.gms.clearcut_client#com.vibekey.keyboard cannot use FILE backing without declarative registration. See go/phenotype-android-integration#phenotype for more information. This will lead to stale flags.
06-10 12:30:55.044 27635 28042 E FilePhenotypeFlags: Config package com.google.android.gms.clearcut_client#com.vibekey.keyboard cannot use FILE backing without declarative registration. See go/phenotype-android-integration#phenotype for more information. This will lead to stale flags.
06-10 12:31:00.165 27635 27635 I SpaceAssistPopup: ○ send ready=false outChars=0
06-10 12:31:00.165 27635 27635 I VkPanels: ▶ open menu
06-10 12:31:01.599 27635 27668 W VibeKeyProfiler: Slow Native Suggest: Total=13.08ms | Init=0.02ms | TrieExpand(x15)=12.99ms | Scoring=0.07ms | inputSize=1
06-10 12:31:01.609 27635 27668 W VibeKeyProfiler: Slow Native Suggest: Total=8.92ms | Init=0.02ms | TrieExpand(x15)=8.87ms | Scoring=0.03ms | inputSize=1
06-10 12:31:01.634 27635 27668 I VkSuggestions: decode typedLen=1 candidates=18 locales=4 50,5ms
06-10 12:31:01.635 27635 27668 W VkSuggestions: slow frame 50,5ms locales=4 typedLen=1 candidates=18 parallelWait=50,3ms
06-10 12:31:01.637 27635 27668 I VkSuggestions: strip composing typedLen=1 candidates=19 autocorrect=false top=j locale=it
06-10 12:31:01.664 27635 27635 I SpaceAssistPopup: ○ typing idle scheduled
06-10 12:31:01.895 28048 28048 E libcrashpad_handler_trampoline.so: createInstance(64bit) : createExtendedFactory
06-10 12:31:01.896 28048 28048 E libcrashpad_handler_trampoline.so: createInstance(64bit) : createExtendedFactory
06-10 12:31:01.896 28048 28048 E libcrashpad_handler_trampoline.so: Opened libinputextensionsimpl.so
06-10 12:31:01.896 28048 28048 E libcrashpad_handler_trampoline.so: Opened libinputextensionsimpl.so
06-10 12:31:01.898 28048 28048 E libcrashpad_handler_trampoline.so: createInstance(64bit) : createExtendedFactory
06-10 12:31:01.898 28048 28048 E libcrashpad_handler_trampoline.so: createInstance(64bit) : createExtendedFactory
06-10 12:31:01.898 28048 28048 E libcrashpad_handler_trampoline.so: Opened libsensorextimpl.so
06-10 12:31:01.898 28048 28048 E libcrashpad_handler_trampoline.so: Opened libsensorextimpl.so
06-10 12:31:01.947 28048 28048 E chromium: [0610/123101.947281:ERROR:third_party/crashpad/crashpad/util/process/process_memory_range.cc:75] read out of range
06-10 12:31:02.084 27635 27668 F libc    : Fatal signal 7 (SIGBUS), code 2 (BUS_ADRERR), fault addr 0x76665de01d in tid 27668 (d), pid 27635 (AndroidUI)
06-10 12:31:02.151 27635 27635 W b       : Suggestion generation timed out
06-10 12:31:02.174 27635 27635 I SpaceAssistPopup: ○ typing idle scheduled
06-10 12:31:02.190 27635 27635 I SpaceAssistPopup: ○ typing idle scheduled
06-10 12:31:02.193 28051 28051 E DEBUG   : failed to readlink /proc/27668/fd/313: No such file or directory
06-10 12:31:02.341 28051 28051 E DEBUG   : failed to read /proc/uptime: Permission denied
06-10 12:31:02.692 27635 27635 W b       : Suggestion generation timed out
06-10 12:31:02.696 27635 27635 I SpaceAssistPopup: ○ typing idle scheduled
06-10 12:31:02.727 27635 27635 I SpaceAssistPopup: ○ typing idle scheduled
06-10 12:31:03.044 28051 28051 F DEBUG   : Process name is com.vibekey.keyboard, not key_process
06-10 12:31:03.044 28051 28051 F DEBUG   : keyProcess: 0
06-10 12:31:03.044 28051 28051 F DEBUG   : *** *** *** *** *** *** *** *** *** *** *** *** *** *** *** ***
06-10 12:31:03.044 28051 28051 F DEBUG   : Build fingerprint: 'OnePlus/OnePlus7Pro/OnePlus7Pro:12/SKQ1.211113.001/P.202303230244:user/release-keys'
06-10 12:31:03.044 28051 28051 F DEBUG   : Revision: '0'
06-10 12:31:03.044 28051 28051 F DEBUG   : ABI: 'arm64'
06-10 12:31:03.044 28051 28051 F DEBUG   : Timestamp: 2026-06-10 12:31:02.341372683-0400
06-10 12:31:03.044 28051 28051 F DEBUG   : Process uptime: 0s
06-10 12:31:03.044 28051 28051 F DEBUG   : Cmdline: com.vibekey.keyboard
06-10 12:31:03.044 28051 28051 F DEBUG   : pid: 27635, tid: 27668, name: d  >>> com.vibekey.keyboard <<<
06-10 12:31:03.044 28051 28051 F DEBUG   : uid: 14030
06-10 12:31:03.044 28051 28051 F DEBUG   : signal 7 (SIGBUS), code 2 (BUS_ADRERR), fault addr 0x76665de01d
06-10 12:31:03.044 28051 28051 F DEBUG   :     x0  0000000000000000  x1  0000000000006c14  x2  0000000000000007  x3  000000768da07da0
06-10 12:31:03.044 28051 28051 F DEBUG   :     x4  000000768da076a8  x5  000000768da076a8  x6  000000768da076a8  x7  0000000000000000
06-10 12:31:03.044 28051 28051 F DEBUG   :     x8  00000000000000f0  x9  db746b027190efc7  x10 0000000000004001  x11 0000000000000000
06-10 12:31:03.044 28051 28051 F DEBUG   :     x12 00000000ffffffff  x13 0000000000000000  x14 000000000000001f  x15 00000076665ddfef
06-10 12:31:03.044 28051 28051 F DEBUG   :     x16 000000757ca3ad18  x17 00000076790b8f10  x18 0000007558b08000  x19 0000000000000007
06-10 12:31:03.044 28051 28051 F DEBUG   :     x20 000000768da07da0  x21 0000000000006bf3  x22 000000768da07d00  x23 0000000000000001
06-10 12:31:03.044 28051 28051 F DEBUG   :     x24 00000075ccc6c8d8  x25 00000075ccc6c9f0  x26 00000075ccc6ca24  x27 0000000000000001
06-10 12:31:03.044 28051 28051 F DEBUG   :     x28 00000075ccc6cfd8  x29 000000768da07d20
06-10 12:31:03.044 28051 28051 F DEBUG   :     lr  0000007576c697f8  sp  000000768da07d00  pc  00000076790b8f34  pst 0000000000000000
06-10 12:31:03.044 28051 28051 F DEBUG   : backtrace:
06-10 12:31:03.044 28051 28051 F DEBUG   :       #00 pc 0000000000075f34  /apex/com.android.runtime/lib64/bionic/libc.so (syscall+36) (BuildId: bbbdeb7c87c74f1491f92c6e605095b0)
06-10 12:31:03.044 28051 28051 F DEBUG   :       #01 pc 00000000040587f4  /data/app/~~ukACh23KqzhC02schODZ5g==/com.google.android.webview-qsLJ1HFxFSLtbdE1YBqHuA==/base.apk!libwebviewchromium.so (BuildId: f4154d1d3a9b37880ffb62018a1d86e977877475)
06-10 12:31:03.044 28051 28051 F DEBUG   :       #02 pc 000000000404ef70  /data/app/~~ukACh23KqzhC02schODZ5g==/com.google.android.webview-qsLJ1HFxFSLtbdE1YBqHuA==/base.apk!libwebviewchromium.so (BuildId: f4154d1d3a9b37880ffb62018a1d86e977877475)
06-10 12:31:03.044 28051 28051 F DEBUG   :       #03 pc 0000000000000638  [vdso] (__kernel_rt_sigreturn+0)
06-10 12:31:03.044 28051 28051 F DEBUG   :       #04 pc 00000000000b67ac  /data/app/~~rcC4i002CahOUiGhHEe3mg==/com.vibekey.keyboard-026XjIRmVnvA7IOpEgbnSQ==/lib/arm64/libjni_latinime.so (latinime::PatriciaTrieReadingUtils::readPtNodeInfo(unsigned char const*, int, int, latinime::DictionaryShortcutsStructurePolicy const*, latinime::DictionaryBigramsStructurePolicy const*, int const*, unsigned char*, int*, int*, int*, int*, int*, int*, int*)+120) (BuildId: f905dbd1a904967a994cf833116e517b05caa863)
06-10 12:31:03.044 28051 28051 F DEBUG   :       #05 pc 00000000000b8980  /data/app/~~rcC4i002CahOUiGhHEe3mg==/com.vibekey.keyboard-026XjIRmVnvA7IOpEgbnSQ==/lib/arm64/libjni_latinime.so (latinime::Ver2ParticiaTrieNodeReader::fetchPtNodeParamsInBufferFromPtNodePos(int) const+140) (BuildId: f905dbd1a904967a994cf833116e517b05caa863)
06-10 12:31:03.044 28051 28051 F DEBUG   :       #06 pc 00000000000b4b74  /data/app/~~rcC4i002CahOUiGhHEe3mg==/com.vibekey.keyboard-026XjIRmVnvA7IOpEgbnSQ==/lib/arm64/libjni_latinime.so (latinime::DynamicPtReadingHelper::getTerminalPtNodePositionOfWord(int const*, unsigned long, bool)+232) (BuildId: f905dbd1a904967a994cf833116e517b05caa863)
06-10 12:31:03.044 28051 28051 F DEBUG   :       #07 pc 00000000000b7324  /data/app/~~rcC4i002CahOUiGhHEe3mg==/com.vibekey.keyboard-026XjIRmVnvA7IOpEgbnSQ==/lib/arm64/libjni_latinime.so (latinime::PatriciaTriePolicy::getWordId(latinime::IntArrayView, bool) const+184) (BuildId: f905dbd1a904967a994cf833116e517b05caa863)
06-10 12:31:03.044 28051 28051 F DEBUG   :       #08 pc 00000000000a7d54  /data/app/~~rcC4i002CahOUiGhHEe3mg==/com.vibekey.keyboard-026XjIRmVnvA7IOpEgbnSQ==/lib/arm64/libjni_latinime.so (latinime::NgramContext::getWordId(latinime::DictionaryStructureWithBufferPolicy const*, int const*, int, bool, bool)+232) (BuildId: f905dbd1a904967a994cf833116e517b05caa863)
06-10 12:31:03.044 28051 28051 F DEBUG   :       #09 pc 00000000000d337c  /data/app/~~rcC4i002CahOUiGhHEe3mg==/com.vibekey.keyboard-026XjIRmVnvA7IOpEgbnSQ==/lib/arm64/libjni_latinime.so (latinime::DicTraverseSession::init(latinime::Dictionary const*, latinime::NgramContext const*, latinime::SuggestOptions const*)+124) (BuildId: f905dbd1a904967a994cf833116e517b05caa863)
