=== VibeKey 4.1.292 (4392) ===

--------- beginning of system
06-19 22:45:05.567 26736 26736 E OplusCustomizeRestrictionManager: sInstance is null, start a new sInstance
06-19 22:46:32.875 26736 27546 E ActivityThread: Failed to find provider info for com.oplus.statistics.provider
06-19 22:46:32.875 26736 27546 E OplusStatistics--: IllegalArgumentException:java.lang.IllegalArgumentException: Unknown URL content://com.oplus.statistics.provider/track_event
06-19 22:48:26.775 26736 27546 E ActivityThread: Failed to find provider info for com.oplus.statistics.provider
06-19 22:48:26.775 26736 27546 E OplusStatistics--: IllegalArgumentException:java.lang.IllegalArgumentException: Unknown URL content://com.oplus.statistics.provider/track_event
--------- beginning of crash
06-19 22:48:33.605 26736 26736 F libc    : Fatal signal 7 (SIGBUS), code 2 (BUS_ADRERR), fault addr 0x7b29e25c2e in tid 26736 (AndroidUI), pid 26736 (AndroidUI)
06-19 22:48:35.118  1127  1127 F DEBUG   : Process name is com.vibekey.keyboard, not key_process
06-19 22:48:35.118  1127  1127 F DEBUG   : keyProcess: 0
06-19 22:48:35.118  1127  1127 F DEBUG   : *** *** *** *** *** *** *** *** *** *** *** *** *** *** *** ***
06-19 22:48:35.118  1127  1127 F DEBUG   : Build fingerprint: 'OnePlus/OnePlus7Pro/OnePlus7Pro:12/SKQ1.211113.001/P.202303230244:user/release-keys'
06-19 22:48:35.118  1127  1127 F DEBUG   : Revision: '0'
06-19 22:48:35.118  1127  1127 F DEBUG   : ABI: 'arm64'
06-19 22:48:35.118  1127  1127 F DEBUG   : Timestamp: 2026-06-19 22:48:33.945967660-0400
06-19 22:48:35.118  1127  1127 F DEBUG   : Process uptime: 0s
06-19 22:48:35.118  1127  1127 F DEBUG   : Cmdline: com.vibekey.keyboard
06-19 22:48:35.118  1127  1127 F DEBUG   : pid: 26736, tid: 26736, name: AndroidUI  >>> com.vibekey.keyboard <<<
06-19 22:48:35.118  1127  1127 F DEBUG   : uid: 14149
06-19 22:48:35.118  1127  1127 F DEBUG   : signal 7 (SIGBUS), code 2 (BUS_ADRERR), fault addr 0x7b29e25c2e
06-19 22:48:35.118  1127  1127 F DEBUG   :     x0  0000000000000000  x1  0000000000006870  x2  0000000000000007  x3  0000007bfb805da0
06-19 22:48:35.118  1127  1127 F DEBUG   :     x4  0000007bfb8056a8  x5  0000007bfb8056a8  x6  0000007bfb8056a8  x7  0000000000000000
06-19 22:48:35.118  1127  1127 F DEBUG   :     x8  00000000000000f0  x9  825cb746dda824a5  x10 0000000000004001  x11 0000000000000000
06-19 22:48:35.118  1127  1127 F DEBUG   :     x12 00000000ffffffff  x13 0000000000000000  x14 000000000000001f  x15 0000007b29e0639e
06-19 22:48:35.118  1127  1127 F DEBUG   :     x16 0000007ae24343a8  x17 0000007bda49ef10  x18 0000007bfb69a000  x19 0000000000000007
06-19 22:48:35.118  1127  1127 F DEBUG   :     x20 0000007bfb805da0  x21 0000000000006870  x22 0000007bfb805d00  x23 0000000000000001
06-19 22:48:35.118  1127  1127 F DEBUG   :     x24 0000007bfa518f80  x25 0000007fde038a60  x26 0000007fde038aa4  x27 0000000000000001
06-19 22:48:35.118  1127  1127 F DEBUG   :     x28 0000007fde038d50  x29 0000007bfb805d20
06-19 22:48:35.118  1127  1127 F DEBUG   :     lr  0000007adc641bc8  sp  0000007bfb805d00  pc  0000007bda49ef34  pst 0000000000000000
06-19 22:48:35.118  1127  1127 F DEBUG   : backtrace:
06-19 22:48:35.118  1127  1127 F DEBUG   :       #00 pc 0000000000075f34  /apex/com.android.runtime/lib64/bionic/libc.so (syscall+36) (BuildId: bbbdeb7c87c74f1491f92c6e605095b0)
06-19 22:48:35.118  1127  1127 F DEBUG   :       #01 pc 00000000040a9bc4  /data/app/~~-XGWjzmdoRrM1YaZYK883A==/com.google.android.webview-HvpxCmuUIjPsZ4yTEw8s4w==/base.apk!libwebviewchromium.so (BuildId: f447b77da2d76e8d4d133b66c727c3ae532b54bf)
06-19 22:48:35.118  1127  1127 F DEBUG   :       #02 pc 00000000040a03c4  /data/app/~~-XGWjzmdoRrM1YaZYK883A==/com.google.android.webview-HvpxCmuUIjPsZ4yTEw8s4w==/base.apk!libwebviewchromium.so (BuildId: f447b77da2d76e8d4d133b66c727c3ae532b54bf)
06-19 22:48:35.118  1127  1127 F DEBUG   :       #03 pc 0000000000000638  [vdso] (__kernel_rt_sigreturn+0)
06-19 22:48:35.118  1127  1127 F DEBUG   :       #04 pc 00000000000b62f4  /data/app/~~tj6ESHk5ZrplGYjKe92FQA==/com.vibekey.keyboard-3Pp6KrxBJQ-g6eByXlR-NQ==/lib/arm64/libjni_latinime.so (latinime::PatriciaTrieReadingUtils::getPtNodeArraySizeAndAdvancePosition(unsigned char const*, int, int*)+44) (BuildId: f905dbd1a904967a994cf833116e517b05caa863)
06-19 22:48:35.118  1127  1127 F DEBUG   :       #05 pc 00000000000b8b34  /data/app/~~tj6ESHk5ZrplGYjKe92FQA==/com.vibekey.keyboard-3Pp6KrxBJQ-g6eByXlR-NQ==/lib/arm64/libjni_latinime.so (latinime::Ver2PtNodeArrayReader::readPtNodeArrayInfoAndReturnIfValid(int, int*, int*) const+80) (BuildId: f905dbd1a904967a994cf833116e517b05caa863)
06-19 22:48:35.118  1127  1127 F DEBUG   :       #06 pc 00000000000b4ce8  /data/app/~~tj6ESHk5ZrplGYjKe92FQA==/com.vibekey.keyboard-3Pp6KrxBJQ-g6eByXlR-NQ==/lib/arm64/libjni_latinime.so (latinime::DynamicPtReadingHelper::nextPtNodeArray()+68) (BuildId: f905dbd1a904967a994cf833116e517b05caa863)
06-19 22:48:35.118  1127  1127 F DEBUG   :       #07 pc 00000000000b4c3c  /data/app/~~tj6ESHk5ZrplGYjKe92FQA==/com.vibekey.keyboard-3Pp6KrxBJQ-g6eByXlR-NQ==/lib/arm64/libjni_latinime.so (latinime::DynamicPtReadingHelper::getTerminalPtNodePositionOfWord(int const*, unsigned long, bool)+432) (BuildId: f905dbd1a904967a994cf833116e517b05caa863)
06-19 22:48:35.118  1127  1127 F DEBUG   :       #08 pc 00000000000b7324  /data/app/~~tj6ESHk5ZrplGYjKe92FQA==/com.vibekey.keyboard-3Pp6KrxBJQ-g6eByXlR-NQ==/lib/arm64/libjni_latinime.so (latinime::PatriciaTriePolicy::getWordId(latinime::IntArrayView, bool) const+184) (BuildId: f905dbd1a904967a994cf833116e517b05caa863)
06-19 22:48:35.118  1127  1127 F DEBUG   :       #09 pc 00000000000c8ecc  /data/app/~~tj6ESHk5ZrplGYjKe92FQA==/com.vibekey.keyboard-3Pp6KrxBJQ-g6eByXlR-NQ==/lib/arm64/libjni_latinime.so (latinime::Dictionary::getProbability(latinime::IntArrayView) const+56) (BuildId: f905dbd1a904967a994cf833116e517b05caa863)
06-19 22:48:35.118  1127  1127 F DEBUG   :       #10 pc 000000000009ff04  /data/app/~~tj6ESHk5ZrplGYjKe92FQA==/com.vibekey.keyboard-3Pp6KrxBJQ-g6eByXlR-NQ==/lib/arm64/libjni_latinime.so (BuildId: f905dbd1a904967a994cf833116e517b05caa863)
06-19 22:48:35.118  1127  1127 F DEBUG   :       #11 pc 00000000002b03a0  /apex/com.android.art/lib64/libart.so (art_quick_generic_jni_trampoline+144) (BuildId: 1f156fc62660d075a8d675db850b95d5)
06-19 22:48:35.118  1127  1127 F DEBUG   :       #12 pc 000000000072c39c  /apex/com.android.art/lib64/libart.so (nterp_helper+780) (BuildId: 1f156fc62660d075a8d675db850b95d5)
06-19 22:48:35.118  1127  1127 F DEBUG   :       #13 pc 000000000022a840  /data/app/~~tj6ESHk5ZrplGYjKe92FQA==/com.vibekey.keyboard-3Pp6KrxBJQ-g6eByXlR-NQ==/oat/arm64/base.vdex (com.android.inputmethod.latin.BinaryDictionary.d+60)
06-19 22:48:35.118  1127  1127 F DEBUG   :       #14 pc 000000000072c884  /apex/com.android.art/lib64/libart.so (nterp_helper+2036) (BuildId: 1f156fc62660d075a8d675db850b95d5)
06-19 22:48:35.118  1127  1127 F DEBUG   :       #15 pc 0000000000aea1e8  /data/app/~~tj6ESHk5ZrplGYjKe92FQA==/com.vibekey.keyboard-3Pp6KrxBJQ-g6eByXlR-NQ==/oat/arm64/base.vdex (v7.l.d+28)
06-19 22:48:35.118  1127  1127 F DEBUG   :       #16 pc 000000000072c884  /apex/com.android.art/lib64/libart.so (nterp_helper+2036) (BuildId: 1f156fc62660d075a8d675db850b95d5)
06-19 22:48:35.118  1127  1127 F DEBUG   :       #17 pc 0000000000ae92ba  /data/app/~~tj6ESHk5ZrplGYjKe92FQA==/com.vibekey.keyboard-3Pp6KrxBJQ-g6eByXlR-NQ==/oat/arm64/base.vdex (v7.f.d+34)
06-19 22:48:35.118  1127  1127 F DEBUG   :       #18 pc 000000000072c884  /apex/com.android.art/lib64/libart.so (nterp_helper+2036) (BuildId: 1f156fc62660d075a8d675db850b95d5)
06-19 22:48:35.118  1127  1127 F DEBUG   :       #19 pc 00000000005b7f96  /data/app/~~tj6ESHk5ZrplGYjKe92FQA==/com.vibekey.keyboard-3Pp6KrxBJQ-g6eByXlR-NQ==/oat/arm64/base.vdex (p7.r.a+1986)
06-19 22:48:35.118  1127  1127 F DEBUG   :       #20 pc 000000000072cb98  /apex/com.android.art/lib64/libart.so (nterp_helper+2824) (BuildId: 1f156fc62660d075a8d675db850b95d5)
06-19 22:48:35.119  1127  1127 F DEBUG   :       #21 pc 0000000000af2b9e  /data/app/~~tj6ESHk5ZrplGYjKe92FQA==/com.vibekey.keyboard-3Pp6KrxBJQ-g6eByXlR-NQ==/oat/arm64/base.vdex (x7.b.y+254)
06-19 22:48:35.119  1127  1127 F DEBUG   :       #22 pc 000000000072c884  /apex/com.android.art/lib64/libart.so (nterp_helper+2036) (BuildId: 1f156fc62660d075a8d675db850b95d5)
06-19 22:48:35.119  1127  1127 F DEBUG   :       #23 pc 0000000000af0a6a  /data/app/~~tj6ESHk5ZrplGYjKe92FQA==/com.vibekey.keyboard-3Pp6KrxBJQ-g6eByXlR-NQ==/oat/arm64/base.vdex (x7.b.b+442)
06-19 22:48:35.119  1127  1127 F DEBUG   :       #24 pc 000000000072c884  /apex/com.android.art/lib64/libart.so (nterp_helper+2036) (BuildId: 1f156fc62660d075a8d675db850b95d5)
06-19 22:48:35.119  1127  1127 F DEBUG   :       #25 pc 0000000000af0dd8  /data/app/~~tj6ESHk5ZrplGYjKe92FQA==/com.vibekey.keyboard-3Pp6KrxBJQ-g6eByXlR-NQ==/oat/arm64/base.vdex (x7.b.d+44)
06-19 22:48:35.119  1127  1127 F DEBUG   :       #26 pc 000000000072c884  /apex/com.android.art/lib64/libart.so (nterp_helper+2036) (BuildId: 1f156fc62660d075a8d675db850b95d5)
06-19 22:48:35.119  1127  1127 F DEBUG   :       #27 pc 0000000000af2a08  /data/app/~~tj6ESHk5ZrplGYjKe92FQA==/com.vibekey.keyboard-3Pp6KrxBJQ-g6eByXlR-NQ==/oat/arm64/base.vdex (x7.b.w+24)
06-19 22:48:35.119  1127  1127 F DEBUG   :       #28 pc 000000000072c884  /apex/com.android.art/lib64/libart.so (nterp_helper+2036) (BuildId: 1f156fc62660d075a8d675db850b95d5)
06-19 22:48:35.119  1127  1127 F DEBUG   :       #29 pc 0000000000aef41c  /data/app/~~tj6ESHk5ZrplGYjKe92FQA==/com.vibekey.keyboard-3Pp6KrxBJQ-g6eByXlR-NQ==/oat/arm64/base.vdex (x7.b.v+3032)
06-19 22:48:35.119  1127  1127 F DEBUG   :       #30 pc 000000000072cb98  /apex/com.android.art/lib64/libart.so (nterp_helper+2824) (BuildId: 1f156fc62660d075a8d675db850b95d5)
06-19 22:48:35.119  1127  1127 F DEBUG   :       #31 pc 0000000000526546  /data/app/~~tj6ESHk5ZrplGYjKe92FQA==/com.vibekey.keyboard-3Pp6KrxBJQ-g6eByXlR-NQ==/oat/arm64/base.vdex (helium314.keyboard.latin.LatinIME.n+70)
06-19 22:48:35.119  1127  1127 F DEBUG   :       #32 pc 000000000072c884  /apex/com.android.art/lib64/libart.so (nterp_helper+2036) (BuildId: 1f156fc62660d075a8d675db850b95d5)
06-19 22:48:35.119  1127  1127 F DEBUG   :       #33 pc 00000000005584e2  /data/app/~~tj6ESHk5ZrplGYjKe92FQA==/com.vibekey.keyboard-3Pp6KrxBJQ-g6eByXlR-NQ==/oat/arm64/base.vdex (i7.m.a+522)
06-19 22:48:35.119  1127  1127 F DEBUG   :       #34 pc 000000000072cb3c  /apex/com.android.art/lib64/libart.so (nterp_helper+2732) (BuildId: 1f156fc62660d075a8d675db850b95d5)
06-19 22:48:35.119  1127  1127 F DEBUG   :       #35 pc 0000000000945d0e  /data/app/~~tj6ESHk5ZrplGYjKe92FQA==/com.vibekey.keyboard-3Pp6KrxBJQ-g6eByXlR-NQ==/oat/arm64/base.vdex (a8.x4.onClick+378)
06-19 22:48:35.119  1127  1127 F DEBUG   :       #36 pc 0000000002b06c74  /memfd:jit-zygote-cache (deleted)
06-19 22:48:37.803  1142  1142 E OplusCustomizeRestrictionManager: sInstance is null, start a new sInstance
06-19 22:48:49.595  1142  1461 E ActivityThread: Failed to find provider info for com.oplus.statistics.provider
06-19 22:48:49.595  1142  1461 E OplusStatistics--: IllegalArgumentException:java.lang.IllegalArgumentException: Unknown URL content://com.oplus.statistics.provider/track_event
06-19 22:48:56.002  1754  1754 E OplusCustomizeRestrictionManager: sInstance is null, start a new sInstance
06-19 22:49:10.584  1754  2332 E ActivityThread: Failed to find provider info for com.oplus.statistics.provider
06-19 22:49:10.585  1754  2332 E OplusStatistics--: IllegalArgumentException:java.lang.IllegalArgumentException: Unknown URL content://com.oplus.statistics.provider/track_event
06-19 22:49:39.478  3588  3588 E OplusCustomizeRestrictionManager: sInstance is null, start a new sInstance
06-19 22:49:40.748  3588  3627 F libc    : Fatal signal 7 (SIGBUS), code 2 (BUS_ADRERR), fault addr 0x7bd799a2b4 in tid 3627 (d), pid 3588 (ibekey.keyboard)
06-19 22:49:41.424  3834  3834 F DEBUG   : Process name is com.vibekey.keyboard, not key_process
06-19 22:49:41.424  3834  3834 F DEBUG   : keyProcess: 0
06-19 22:49:41.424  3834  3834 F DEBUG   : *** *** *** *** *** *** *** *** *** *** *** *** *** *** *** ***
06-19 22:49:41.424  3834  3834 F DEBUG   : Build fingerprint: 'OnePlus/OnePlus7Pro/OnePlus7Pro:12/SKQ1.211113.001/P.202303230244:user/release-keys'
06-19 22:49:41.424  3834  3834 F DEBUG   : Revision: '0'
06-19 22:49:41.424  3834  3834 F DEBUG   : ABI: 'arm64'
06-19 22:49:41.424  3834  3834 F DEBUG   : Timestamp: 2026-06-19 22:49:40.825569197-0400
06-19 22:49:41.424  3834  3834 F DEBUG   : Process uptime: 0s
06-19 22:49:41.424  3834  3834 F DEBUG   : Cmdline: com.vibekey.keyboard
06-19 22:49:41.424  3834  3834 F DEBUG   : pid: 3588, tid: 3627, name: d  >>> com.vibekey.keyboard <<<
06-19 22:49:41.424  3834  3834 F DEBUG   : uid: 14149
06-19 22:49:41.424  3834  3834 F DEBUG   : signal 7 (SIGBUS), code 2 (BUS_ADRERR), fault addr 0x7bd799a2b4
06-19 22:49:41.424  3834  3834 F DEBUG   :     x0  0000007bd796106c  x1  000000000004a8e8  x2  0000007b46e41884  x3  0000007ab76d1bbc
06-19 22:49:41.424  3834  3834 F DEBUG   :     x4  b40000786ce430c8  x5  0000007b46e41b38  x6  000000000001f469  x7  000000000001f469
06-19 22:49:41.424  3834  3834 F DEBUG   :     x8  0000000000000000  x9  000000000004a8e7  x10 0000000000039248  x11 0000000000039249
06-19 22:49:41.424  3834  3834 F DEBUG   :     x12 b40000786ccf8638  x13 00000000ffffffec  x14 b40000786cd0fb08  x15 00000000358637bd
06-19 22:49:41.424  3834  3834 F DEBUG   :     x16 0000007ab7772980  x17 0000007ab76d12c8  x18 0000007acb670000  x19 0000007b46e418d8
06-19 22:49:41.424  3834  3834 F DEBUG   :     x20 0000007b46e41af0  x21 b400007b21eaa000  x22 000000000004a8e8  x23 0000007b46e43f80
06-19 22:49:41.424  3834  3834 F DEBUG   :     x24 b40000786ce43080  x25 b400007b21eaa010  x26 0000000000075080  x27 b40000786ce0d840
06-19 22:49:41.424  3834  3834 F DEBUG   :     x28 0000000000000000  x29 0000007b46e41890
06-19 22:49:41.424  3834  3834 F DEBUG   :     lr  0000007ab76d1c30  sp  0000007b46e41880  pc  0000007ab76d12f8  pst 0000000020000000
06-19 22:49:41.424  3834  3834 F DEBUG   : backtrace:
06-19 22:49:41.424  3834  3834 F DEBUG   :       #00 pc 00000000000b62f8  /data/app/~~tj6ESHk5ZrplGYjKe92FQA==/com.vibekey.keyboard-3Pp6KrxBJQ-g6eByXlR-NQ==/lib/arm64/libjni_latinime.so (latinime::PatriciaTrieReadingUtils::getPtNodeArraySizeAndAdvancePosition(unsigned char const*, int, int*)+48) (BuildId: f905dbd1a904967a994cf833116e517b05caa863)
06-19 22:49:41.424  3834  3834 F DEBUG   :       #01 pc 00000000000b6c2c  /data/app/~~tj6ESHk5ZrplGYjKe92FQA==/com.vibekey.keyboard-3Pp6KrxBJQ-g6eByXlR-NQ==/lib/arm64/libjni_latinime.so (latinime::PatriciaTriePolicy::createAndGetAllChildDicNodes(latinime::DicNode const*, latinime::DicNodeVector*) const+112) (BuildId: f905dbd1a904967a994cf833116e517b05caa863)
06-19 22:49:41.424  3834  3834 F DEBUG   :       #02 pc 00000000000d598c  /data/app/~~tj6ESHk5ZrplGYjKe92FQA==/com.vibekey.keyboard-3Pp6KrxBJQ-g6eByXlR-NQ==/lib/arm64/libjni_latinime.so (latinime::Suggest::processDicNodeAsOmission(latinime::DicTraverseSession*, latinime::DicNode*) const+84) (BuildId: f905dbd1a904967a994cf833116e517b05caa863)
06-19 22:49:41.424  3834  3834 F DEBUG   :       #03 pc 00000000000d4a88  /data/app/~~tj6ESHk5ZrplGYjKe92FQA==/com.vibekey.keyboard-3Pp6KrxBJQ-g6eByXlR-NQ==/lib/arm64/libjni_latinime.so (latinime::Suggest::expandCurrentDicNodes(latinime::DicTraverseSession*) const+1732) (BuildId: f905dbd1a904967a994cf833116e517b05caa863)
06-19 22:49:41.424  3834  3834 F DEBUG   :       #04 pc 00000000000d3c0c  /data/app/~~tj6ESHk5ZrplGYjKe92FQA==/com.vibekey.keyboard-3Pp6KrxBJQ-g6eByXlR-NQ==/lib/arm64/libjni_latinime.so (latinime::Suggest::getSuggestions(latinime::ProximityInfo*, void*, int*, int*, int*, int*, int*, int, float, latinime::SuggestionResults*) const+504) (BuildId: f905dbd1a904967a994cf833116e517b05caa863)
06-19 22:49:41.424  3834  3834 F DEBUG   :       #05 pc 000000000009fd88  /data/app/~~tj6ESHk5ZrplGYjKe92FQA==/com.vibekey.keyboard-3Pp6KrxBJQ-g6eByXlR-NQ==/lib/arm64/libjni_latinime.so (BuildId: f905dbd1a904967a994cf833116e517b05caa863)
06-19 22:49:41.424  3834  3834 F DEBUG   :       #06 pc 00000000002b03a0  /apex/com.android.art/lib64/libart.so (art_quick_generic_jni_trampoline+144) (BuildId: 1f156fc62660d075a8d675db850b95d5)
06-19 22:49:41.424  3834  3834 F DEBUG   :       #07 pc 000000000072c828  /apex/com.android.art/lib64/libart.so (nterp_helper+1944) (BuildId: 1f156fc62660d075a8d675db850b95d5)
06-19 22:49:41.424  3834  3834 F DEBUG   :       #08 pc 000000000022aaf2  /data/app/~~tj6ESHk5ZrplGYjKe92FQA==/com.vibekey.keyboard-3Pp6KrxBJQ-g6eByXlR-NQ==/oat/arm64/base.vdex (com.android.inputmethod.latin.BinaryDictionary.r+578)
06-19 22:49:41.424  3834  3834 F DEBUG   :       #09 pc 000000000072cb98  /apex/com.android.art/lib64/libart.so (nterp_helper+2824) (BuildId: 1f156fc62660d075a8d675db850b95d5)
06-19 22:49:41.424  3834  3834 F DEBUG   :       #10 pc 000000000022a86a  /data/app/~~tj6ESHk5ZrplGYjKe92FQA==/com.vibekey.keyboard-3Pp6KrxBJQ-g6eByXlR-NQ==/oat/arm64/base.vdex (com.android.inputmethod.latin.BinaryDictionary.e+2)
06-19 22:49:41.424  3834  3834 F DEBUG   :       #11 pc 000000000072cb98  /apex/com.android.art/lib64/libart.so (nterp_helper+2824) (BuildId: 1f156fc62660d075a8d675db850b95d5)
06-19 22:49:41.424  3834  3834 F DEBUG   :       #12 pc 0000000000aea266  /data/app/~~tj6ESHk5ZrplGYjKe92FQA==/com.vibekey.keyboard-3Pp6KrxBJQ-g6eByXlR-NQ==/oat/arm64/base.vdex (v7.l.e+50)
06-19 22:49:41.424  3834  3834 F DEBUG   :       #13 pc 000000000072cb98  /apex/com.android.art/lib64/libart.so (nterp_helper+2824) (BuildId: 1f156fc62660d075a8d675db850b95d5)
06-19 22:49:41.424  3834  3834 F DEBUG   :       #14 pc 0000000000ae937a  /data/app/~~tj6ESHk5ZrplGYjKe92FQA==/com.vibekey.keyboard-3Pp6KrxBJQ-g6eByXlR-NQ==/oat/arm64/base.vdex (v7.f.e+150)
06-19 22:49:41.424  3834  3834 F DEBUG   :       #15 pc 000000000072cb98  /apex/com.android.art/lib64/libart.so (nterp_helper+2824) (BuildId: 1f156fc62660d075a8d675db850b95d5)
06-19 22:49:41.424  3834  3834 F DEBUG   :       #16 pc 00000000005b750e  /data/app/~~tj6ESHk5ZrplGYjKe92FQA==/com.vibekey.keyboard-3Pp6KrxBJQ-g6eByXlR-NQ==/oat/arm64/base.vdex (p7.r.i+334)
06-19 22:49:41.424  3834  3834 F DEBUG   :       #17 pc 000000000072cb98  /apex/com.android.art/lib64/libart.so (nterp_helper+2824) (BuildId: 1f156fc62660d075a8d675db850b95d5)
06-19 22:49:41.424  3834  3834 F DEBUG   :       #18 pc 00000000005b6e54  /data/app/~~tj6ESHk5ZrplGYjKe92FQA==/com.vibekey.keyboard-3Pp6KrxBJQ-g6eByXlR-NQ==/oat/arm64/base.vdex (p7.r.h+252)
06-19 22:49:41.424  3834  3834 F DEBUG   :       #19 pc 000000000072cb98  /apex/com.android.art/lib64/libart.so (nterp_helper+2824) (BuildId: 1f156fc62660d075a8d675db850b95d5)
06-19 22:49:41.424  3834  3834 F DEBUG   :       #20 pc 00000000005b6cd8  /data/app/~~tj6ESHk5ZrplGYjKe92FQA==/com.vibekey.keyboard-3Pp6KrxBJQ-g6eByXlR-NQ==/oat/arm64/base.vdex (p7.r.g+188)
06-19 22:49:41.424  3834  3834 F DEBUG   :       #21 pc 000000000072cb98  /apex/com.android.art/lib64/libart.so (nterp_helper+2824) (BuildId: 1f156fc62660d075a8d675db850b95d5)
06-19 22:49:41.424  3834  3834 F DEBUG   :       #22 pc 00000000005bf3ee  /data/app/~~tj6ESHk5ZrplGYjKe92FQA==/com.vibekey.keyboard-3Pp6KrxBJQ-g6eByXlR-NQ==/oat/arm64/base.vdex (p7.l1.c+266)
06-19 22:49:41.424  3834  3834 F DEBUG   :       #23 pc 000000000072cb98  /apex/com.android.art/lib64/libart.so (nterp_helper+2824) (BuildId: 1f156fc62660d075a8d675db850b95d5)
06-19 22:49:41.424  3834  3834 F DEBUG   :       #24 pc 00000000005bf26c  /data/app/~~tj6ESHk5ZrplGYjKe92FQA==/com.vibekey.keyboard-3Pp6KrxBJQ-g6eByXlR-NQ==/oat/arm64/base.vdex (p7.l1.b+2656)
06-19 22:49:41.424  3834  3834 F DEBUG   :       #25 pc 000000000072cb98  /apex/com.android.art/lib64/libart.so (nterp_helper+2824) (BuildId: 1f156fc62660d075a8d675db850b95d5)
06-19 22:49:41.424  3834  3834 F DEBUG   :       #26 pc 0000000000af14a6  /data/app/~~tj6ESHk5ZrplGYjKe92FQA==/com.vibekey.keyboard-3Pp6KrxBJQ-g6eByXlR-NQ==/oat/arm64/base.vdex (x7.b.m+1458)
06-19 22:49:41.424  3834  3834 F DEBUG   :       #27 pc 000000000072c884  /apex/com.android.art/lib64/libart.so (nterp_helper+2036) (BuildId: 1f156fc62660d075a8d675db850b95d5)
06-19 22:49:41.424  3834  3834 F DEBUG   :       #28 pc 00000000001a3e32  /data/app/~~tj6ESHk5ZrplGYjKe92FQA==/com.vibekey.keyboard-3Pp6KrxBJQ-g6eByXlR-NQ==/oat/arm64/base.vdex (a5.a.run+102)
06-19 22:49:41.425  3834  3834 F DEBUG   :       #29 pc 000000000072c884  /apex/com.android.art/lib64/libart.so (nterp_helper+2036) (BuildId: 1f156fc62660d075a8d675db850b95d5)
06-19 22:49:41.425  3834  3834 F DEBUG   :       #30 pc 0000000000aee34a  /data/app/~~tj6ESHk5ZrplGYjKe92FQA==/com.vibekey.keyboard-3Pp6KrxBJQ-g6eByXlR-NQ==/oat/arm64/base.vdex (x7.d.handleMessage+18)
06-19 22:49:41.425  3834  3834 F DEBUG   :       #31 pc 000000000205a5f4  /memfd:jit-zygote-cache (deleted)
06-19 22:49:43.064  3870  3870 E OplusCustomizeRestrictionManager: sInstance is null, start a new sInstance
06-19 22:49:50.492  3870  3947 F libc    : Fatal signal 7 (SIGBUS), code 2 (BUS_ADRERR), fault addr 0x7bd79772b3 in tid 3947 (d), pid 3870 (ibekey.keyboard)
06-19 22:49:51.332  4483  4483 F DEBUG   : Process name is com.vibekey.keyboard, not key_process
06-19 22:49:51.332  4483  4483 F DEBUG   : keyProcess: 0
06-19 22:49:51.332  4483  4483 F DEBUG   : *** *** *** *** *** *** *** *** *** *** *** *** *** *** *** ***
06-19 22:49:51.332  4483  4483 F DEBUG   : Build fingerprint: 'OnePlus/OnePlus7Pro/OnePlus7Pro:12/SKQ1.211113.001/P.202303230244:user/release-keys'
06-19 22:49:51.332  4483  4483 F DEBUG   : Revision: '0'
06-19 22:49:51.332  4483  4483 F DEBUG   : ABI: 'arm64'
06-19 22:49:51.332  4483  4483 F DEBUG   : Timestamp: 2026-06-19 22:49:50.584184558-0400
06-19 22:49:51.332  4483  4483 F DEBUG   : Process uptime: 0s
06-19 22:49:51.332  4483  4483 F DEBUG   : Cmdline: com.vibekey.keyboard
06-19 22:49:51.332  4483  4483 F DEBUG   : pid: 3870, tid: 3947, name: d  >>> com.vibekey.keyboard <<<
06-19 22:49:51.332  4483  4483 F DEBUG   : uid: 14149
06-19 22:49:51.332  4483  4483 F DEBUG   : signal 7 (SIGBUS), code 2 (BUS_ADRERR), fault addr 0x7bd79772b3
06-19 22:49:51.332  4483  4483 F DEBUG   :     x0  0000007bd796106c  x1  000000000004a8e8  x2  0000007b33c03884  x3  0000007ac9ce6bbc
06-19 22:49:51.332  4483  4483 F DEBUG   :     x4  b400007869862b88  x5  0000007b33c03b38  x6  0000000000000064  x7  0000000000000064
06-19 22:49:51.332  4483  4483 F DEBUG   :     x8  0000000000000000  x9  000000000004a8e7  x10 0000000000016247  x11 0000000000016248
06-19 22:49:51.332  4483  4483 F DEBUG   :     x12 0000000000000051  x13 b4000078697bdf80  x14 0000000000000013  x15 00000000b58637bd
06-19 22:49:51.332  4483  4483 F DEBUG   :     x16 0000007ac9d87980  x17 0000007ac9ce62c8  x18 0000007ac3c30000  x19 0000007b33c038d8
06-19 22:49:51.332  4483  4483 F DEBUG   :     x20 0000007b33c03af0  x21 b400007b32eb5780  x22 000000000004a8e8  x23 0000007b33c05f80
06-19 22:49:51.332  4483  4483 F DEBUG   :     x24 b400007869862b40  x25 b400007b32eb5790  x26 0000000000075080  x27 b40000786985ee00
06-19 22:49:51.332  4483  4483 F DEBUG   :     x28 0000000000000000  x29 0000007b33c03890
06-19 22:49:51.332  4483  4483 F DEBUG   :     lr  0000007ac9ce6c30  sp  0000007b33c03880  pc  0000007ac9ce62f8  pst 0000000020000000
06-19 22:49:51.332  4483  4483 F DEBUG   : backtrace:
06-19 22:49:51.332  4483  4483 F DEBUG   :       #00 pc 00000000000b62f8  /data/app/~~tj6ESHk5ZrplGYjKe92FQA==/com.vibekey.keyboard-3Pp6KrxBJQ-g6eByXlR-NQ==/lib/arm64/libjni_latinime.so (latinime::PatriciaTrieReadingUtils::getPtNodeArraySizeAndAdvancePosition(unsigned char const*, int, int*)+48) (BuildId: f905dbd1a904967a994cf833116e517b05caa863)
06-19 22:49:51.332  4483  4483 F DEBUG   :       #01 pc 00000000000b6c2c  /data/app/~~tj6ESHk5ZrplGYjKe92FQA==/com.vibekey.keyboard-3Pp6KrxBJQ-g6eByXlR-NQ==/lib/arm64/libjni_latinime.so (latinime::PatriciaTriePolicy::createAndGetAllChildDicNodes(latinime::DicNode const*, latinime::DicNodeVector*) const+112) (BuildId: f905dbd1a904967a994cf833116e517b05caa863)
06-19 22:49:51.332  4483  4483 F DEBUG   :       #02 pc 00000000000d598c  /data/app/~~tj6ESHk5ZrplGYjKe92FQA==/com.vibekey.keyboard-3Pp6KrxBJQ-g6eByXlR-NQ==/lib/arm64/libjni_latinime.so (latinime::Suggest::processDicNodeAsOmission(latinime::DicTraverseSession*, latinime::DicNode*) const+84) (BuildId: f905dbd1a904967a994cf833116e517b05caa863)
06-19 22:49:51.332  4483  4483 F DEBUG   :       #03 pc 00000000000d4a88  /data/app/~~tj6ESHk5ZrplGYjKe92FQA==/com.vibekey.keyboard-3Pp6KrxBJQ-g6eByXlR-NQ==/lib/arm64/libjni_latinime.so (latinime::Suggest::expandCurrentDicNodes(latinime::DicTraverseSession*) const+1732) (BuildId: f905dbd1a904967a994cf833116e517b05caa863)
06-19 22:49:51.332  4483  4483 F DEBUG   :       #04 pc 00000000000d3c0c  /data/app/~~tj6ESHk5ZrplGYjKe92FQA==/com.vibekey.keyboard-3Pp6KrxBJQ-g6eByXlR-NQ==/lib/arm64/libjni_latinime.so (latinime::Suggest::getSuggestions(latinime::ProximityInfo*, void*, int*, int*, int*, int*, int*, int, float, latinime::SuggestionResults*) const+504) (BuildId: f905dbd1a904967a994cf833116e517b05caa863)
06-19 22:49:51.332  4483  4483 F DEBUG   :       #05 pc 000000000009fd88  /data/app/~~tj6ESHk5ZrplGYjKe92FQA==/com.vibekey.keyboard-3Pp6KrxBJQ-g6eByXlR-NQ==/lib/arm64/libjni_latinime.so (BuildId: f905dbd1a904967a994cf833116e517b05caa863)
06-19 22:49:51.332  4483  4483 F DEBUG   :       #06 pc 00000000002b03a0  /apex/com.android.art/lib64/libart.so (art_quick_generic_jni_trampoline+144) (BuildId: 1f156fc62660d075a8d675db850b95d5)
06-19 22:49:51.332  4483  4483 F DEBUG   :       #07 pc 000000000072c828  /apex/com.android.art/lib64/libart.so (nterp_helper+1944) (BuildId: 1f156fc62660d075a8d675db850b95d5)
06-19 22:49:51.332  4483  4483 F DEBUG   :       #08 pc 000000000022aaf2  /data/app/~~tj6ESHk5ZrplGYjKe92FQA==/com.vibekey.keyboard-3Pp6KrxBJQ-g6eByXlR-NQ==/oat/arm64/base.vdex (com.android.inputmethod.latin.BinaryDictionary.r+578)
06-19 22:49:51.332  4483  4483 F DEBUG   :       #09 pc 000000000072cb98  /apex/com.android.art/lib64/libart.so (nterp_helper+2824) (BuildId: 1f156fc62660d075a8d675db850b95d5)
06-19 22:49:51.332  4483  4483 F DEBUG   :       #10 pc 000000000022a86a  /data/app/~~tj6ESHk5ZrplGYjKe92FQA==/com.vibekey.keyboard-3Pp6KrxBJQ-g6eByXlR-NQ==/oat/arm64/base.vdex (com.android.inputmethod.latin.BinaryDictionary.e+2)
06-19 22:49:51.332  4483  4483 F DEBUG   :       #11 pc 000000000072cb98  /apex/com.android.art/lib64/libart.so (nterp_helper+2824) (BuildId: 1f156fc62660d075a8d675db850b95d5)
06-19 22:49:51.332  4483  4483 F DEBUG   :       #12 pc 0000000000aea266  /data/app/~~tj6ESHk5ZrplGYjKe92FQA==/com.vibekey.keyboard-3Pp6KrxBJQ-g6eByXlR-NQ==/oat/arm64/base.vdex (v7.l.e+50)
06-19 22:49:51.332  4483  4483 F DEBUG   :       #13 pc 000000000072cb98  /apex/com.android.art/lib64/libart.so (nterp_helper+2824) (BuildId: 1f156fc62660d075a8d675db850b95d5)
06-19 22:49:51.332  4483  4483 F DEBUG   :       #14 pc 0000000000ae937a  /data/app/~~tj6ESHk5ZrplGYjKe92FQA==/com.vibekey.keyboard-3Pp6KrxBJQ-g6eByXlR-NQ==/oat/arm64/base.vdex (v7.f.e+150)
06-19 22:49:51.332  4483  4483 F DEBUG   :       #15 pc 000000000072cb98  /apex/com.android.art/lib64/libart.so (nterp_helper+2824) (BuildId: 1f156fc62660d075a8d675db850b95d5)
06-19 22:49:51.332  4483  4483 F DEBUG   :       #16 pc 00000000005b750e  /data/app/~~tj6ESHk5ZrplGYjKe92FQA==/com.vibekey.keyboard-3Pp6KrxBJQ-g6eByXlR-NQ==/oat/arm64/base.vdex (p7.r.i+334)
06-19 22:49:51.332  4483  4483 F DEBUG   :       #17 pc 000000000072cb98  /apex/com.android.art/lib64/libart.so (nterp_helper+2824) (BuildId: 1f156fc62660d075a8d675db850b95d5)
06-19 22:49:51.332  4483  4483 F DEBUG   :       #18 pc 00000000005b6e54  /data/app/~~tj6ESHk5ZrplGYjKe92FQA==/com.vibekey.keyboard-3Pp6KrxBJQ-g6eByXlR-NQ==/oat/arm64/base.vdex (p7.r.h+252)
06-19 22:49:51.332  4483  4483 F DEBUG   :       #19 pc 000000000072cb98  /apex/com.android.art/lib64/libart.so (nterp_helper+2824) (BuildId: 1f156fc62660d075a8d675db850b95d5)
06-19 22:49:51.332  4483  4483 F DEBUG   :       #20 pc 00000000005b6cd8  /data/app/~~tj6ESHk5ZrplGYjKe92FQA==/com.vibekey.keyboard-3Pp6KrxBJQ-g6eByXlR-NQ==/oat/arm64/base.vdex (p7.r.g+188)
06-19 22:49:51.332  4483  4483 F DEBUG   :       #21 pc 000000000072cb98  /apex/com.android.art/lib64/libart.so (nterp_helper+2824) (BuildId: 1f156fc62660d075a8d675db850b95d5)
06-19 22:49:51.332  4483  4483 F DEBUG   :       #22 pc 00000000005bf3ee  /data/app/~~tj6ESHk5ZrplGYjKe92FQA==/com.vibekey.keyboard-3Pp6KrxBJQ-g6eByXlR-NQ==/oat/arm64/base.vdex (p7.l1.c+266)
06-19 22:49:51.332  4483  4483 F DEBUG   :       #23 pc 000000000072cb98  /apex/com.android.art/lib64/libart.so (nterp_helper+2824) (BuildId: 1f156fc62660d075a8d675db850b95d5)
06-19 22:49:51.332  4483  4483 F DEBUG   :       #24 pc 00000000005bf26c  /data/app/~~tj6ESHk5ZrplGYjKe92FQA==/com.vibekey.keyboard-3Pp6KrxBJQ-g6eByXlR-NQ==/oat/arm64/base.vdex (p7.l1.b+2656)
06-19 22:49:51.332  4483  4483 F DEBUG   :       #25 pc 000000000072cb98  /apex/com.android.art/lib64/libart.so (nterp_helper+2824) (BuildId: 1f156fc62660d075a8d675db850b95d5)
06-19 22:49:51.332  4483  4483 F DEBUG   :       #26 pc 0000000000af14a6  /data/app/~~tj6ESHk5ZrplGYjKe92FQA==/com.vibekey.keyboard-3Pp6KrxBJQ-g6eByXlR-NQ==/oat/arm64/base.vdex (x7.b.m+1458)
06-19 22:49:51.332  4483  4483 F DEBUG   :       #27 pc 000000000072c884  /apex/com.android.art/lib64/libart.so (nterp_helper+2036) (BuildId: 1f156fc62660d075a8d675db850b95d5)
06-19 22:49:51.332  4483  4483 F DEBUG   :       #28 pc 00000000001a3e32  /data/app/~~tj6ESHk5ZrplGYjKe92FQA==/com.vibekey.keyboard-3Pp6KrxBJQ-g6eByXlR-NQ==/oat/arm64/base.vdex (a5.a.run+102)
06-19 22:49:51.332  4483  4483 F DEBUG   :       #29 pc 000000000072c884  /apex/com.android.art/lib64/libart.so (nterp_helper+2036) (BuildId: 1f156fc62660d075a8d675db850b95d5)
06-19 22:49:51.332  4483  4483 F DEBUG   :       #30 pc 0000000000aee34a  /data/app/~~tj6ESHk5ZrplGYjKe92FQA==/com.vibekey.keyboard-3Pp6KrxBJQ-g6eByXlR-NQ==/oat/arm64/base.vdex (x7.d.handleMessage+18)
06-19 22:49:51.332  4483  4483 F DEBUG   :       #31 pc 000000000205a5f4  /memfd:jit-zygote-cache (deleted)
--------- beginning of main
06-19 22:49:56.910  5067  5067 I VkMultilingual: reset main=pt-BR locales=[pt] count=1
06-19 22:49:56.950  5067  5067 W System  : ClassLoader referenced unknown path: 
06-19 22:49:57.013  5067  5067 E ibekey.keyboar: ofbOpen failed with error=No such file or directory
06-19 22:49:57.013  5067  5067 E ibekey.keyboar: sysOpen failed with error=No such file or directory
06-19 22:49:57.035  5067  5121 W Ads     : Update ad debug logging enablement as false
06-19 22:49:57.057  5067  5067 E MultiApp.Impl: OplusMultiAppImpl
06-19 22:49:57.109  5067  5092 W FeatureFlagsImplExport: java.lang.NoClassDefFoundError: Class not found using the boot class loader; no stack trace available
06-19 22:49:57.115  5067  5165 W libc    : Access denied finding property "ro.vendor.api_level"
06-19 22:49:57.118  5067  5067 W chromium: [WARNING:android_webview/browser/network_service/net_helpers.cc:137] HTTP Cache size is: 20971520
06-19 22:49:57.180  5067  5193 W libc    : Access denied finding property "vendor.camera.aux.packagelist"
06-19 22:49:57.180  5067  5193 W libc    : Access denied finding property "vendor.camera.aux.packagelist"
06-19 22:49:57.181  5067  5137 W libc    : Access denied finding property "vendor.camera.aux.packagelist"
06-19 22:49:57.181  5067  5067 I VkSwipe : ○ gesture canceled
06-19 22:49:57.183  5067  5067 E OplusCustomizeRestrictionManager: sInstance is null, start a new sInstance
06-19 22:49:57.199  5067  5067 I VkEffects: reload anim=scale blur=0px glow=false stickers=false
06-19 22:49:58.943  5067  5067 I VkSwipe : ○ gesture canceled
06-19 22:49:58.943  5067  5067 I VkMemory: all_closing panel=menu phase=PANEL_OPEN java=39MB/384MB native=39MB
06-19 22:49:58.943  5067  5067 I VkMemory: close panel=menu phase=IME_HIDDEN java=39MB/384MB native=39MB
06-19 22:49:58.965  5067  5067 I VkTyping: gate suppress (typing_start)
06-19 22:49:59.370  5067  5067 I VkSwipe : ○ gesture canceled
06-19 22:49:59.370  5067  5067 I VkMemory: all_closing panel=none phase=HOST_TYPING java=39MB/384MB native=39MB
06-19 22:49:59.388  5067  5067 I VkSwipe : ○ gesture canceled
06-19 22:49:59.388  5067  5067 I VkSwipe : ○ gesture canceled
06-19 22:49:59.388  5067  5067 I VkTyping: browser open during typing session
06-19 22:49:59.388  5067  5067 I VkTyping: phase=PANEL_OPEN panel=browser
06-19 22:49:59.388  5067  5067 I VkMemory: open panel=browser phase=PANEL_OPEN java=40MB/384MB native=39MB
06-19 22:49:59.388  5067  5067 I VkPanels: ▶ open browser
06-19 22:49:59.400  5067  5067 W View    : requestLayout() improperly called by android.widget.FrameLayout{a79feee V.E...... ......ID 0,1625-1440,1805 #7f0a0087 app:id/browser_nav_footer_float} during layout: running second layout pass
06-19 22:49:59.402  5067  5067 I VkBrowser: ▶ panel open incognito=false tabs=0 queryLen=0
06-19 22:49:59.428  5067  5258 W Settings: Setting animator_duration_scale has moved from android.provider.Settings.System to android.provider.Settings.Global, returning read-only global URI.
06-19 22:49:59.433  5067  5067 E GeckoView: Failed to attach WindowInsetsListener: 
06-19 22:49:59.433  5067  5067 E GeckoView: java.lang.NullPointerException: Attempt to invoke virtual method 'android.view.Window android.app.Activity.getWindow()' on a null object reference
06-19 22:49:59.433  5067  5067 E GeckoView: 	at org.mozilla.geckoview.GeckoView.attachWindowInsetsListener(r8-map-id-da5386f1c4a72a64e9865a2d32f6c7aa9f68e86f7580d51ee4a335bcbad3cb2f:1)
06-19 22:49:59.433  5067  5067 E GeckoView: 	at org.mozilla.geckoview.GeckoView.onAttachedToWindow(r8-map-id-da5386f1c4a72a64e9865a2d32f6c7aa9f68e86f7580d51ee4a335bcbad3cb2f:49)
06-19 22:49:59.433  5067  5067 E GeckoView: 	at helium314.keyboard.latin.panels.ImeGeckoView.onAttachedToWindow(r8-map-id-da5386f1c4a72a64e9865a2d32f6c7aa9f68e86f7580d51ee4a335bcbad3cb2f:4)
06-19 22:49:59.433  5067  5067 E GeckoView: 	at android.view.View.dispatchAttachedToWindow(View.java:20900)
06-19 22:49:59.433  5067  5067 E GeckoView: 	at android.view.ViewGroup.dispatchAttachedToWindow(ViewGroup.java:3539)
06-19 22:49:59.433  5067  5067 E GeckoView: 	at android.view.ViewGroup.addViewInner(ViewGroup.java:5378)
06-19 22:49:59.433  5067  5067 E GeckoView: 	at android.view.ViewGroup.addView(ViewGroup.java:5156)
06-19 22:49:59.433  5067  5067 E GeckoView: 	at android.view.ViewGroup.addView(ViewGroup.java:5096)
06-19 22:49:59.433  5067  5067 E GeckoView: 	at helium314.keyboard.latin.panels.BrowserPanelView.Z(r8-map-id-da5386f1c4a72a64e9865a2d32f6c7aa9f68e86f7580d51ee4a335bcbad3cb2f:276)
06-19 22:49:59.433  5067  5067 E GeckoView: 	at helium314.keyboard.latin.panels.BrowserPanelView.H0(r8-map-id-da5386f1c4a72a64e9865a2d32f6c7aa9f68e86f7580d51ee4a335bcbad3cb2f:281)
06-19 22:49:59.433  5067  5067 E GeckoView: 	at c5.s.run(r8-map-id-da5386f1c4a72a64e9865a2d32f6c7aa9f68e86f7580d51ee4a335bcbad3cb2f:626)
06-19 22:49:59.433  5067  5067 E GeckoView: 	at i7.z.onGlobalLayout(r8-map-id-da5386f1c4a72a64e9865a2d32f6c7aa9f68e86f7580d51ee4a335bcbad3cb2f:8)
06-19 22:49:59.433  5067  5067 E GeckoView: 	at android.view.ViewTreeObserver.dispatchOnGlobalLayout(ViewTreeObserver.java:1061)
06-19 22:49:59.433  5067  5067 E GeckoView: 	at android.view.ViewRootImpl.performTraversals(ViewRootImpl.java:3407)
06-19 22:49:59.433  5067  5067 E GeckoView: 	at android.view.ViewRootImpl.doTraversal(ViewRootImpl.java:2305)
06-19 22:49:59.433  5067  5067 E GeckoView: 	at android.view.ViewRootImpl$TraversalRunnable.run(ViewRootImpl.java:9133)
06-19 22:49:59.433  5067  5067 E GeckoView: 	at android.view.Choreographer$CallbackRecord.run(Choreographer.java:1232)
06-19 22:49:59.433  5067  5067 E GeckoView: 	at android.view.Choreographer.doCallbacks(Choreographer.java:1029)
06-19 22:49:59.433  5067  5067 E GeckoView: 	at android.view.Choreographer.doFrame(Choreographer.java:934)
06-19 22:49:59.433  5067  5067 E GeckoView: 	at android.view.Choreographer$FrameDisplayEventReceiver.run(Choreographer.java:1217)
06-19 22:49:59.433  5067  5067 E GeckoView: 	at android.os.Handler.handleCallback(Handler.java:938)
06-19 22:49:59.433  5067  5067 E GeckoView: 	at android.os.Handler.dispatchMessage(Handler.java:99)
06-19 22:49:59.433  5067  5067 E GeckoView: 	at android.os.Looper.loopOnce(Looper.java:233)
06-19 22:49:59.433  5067  5067 E GeckoView: 	at android.os.Looper.loop(Looper.java:344)
06-19 22:49:59.433  5067  5067 E GeckoView: 	at android.app.ActivityThread.main(ActivityThread.java:8212)
06-19 22:49:59.433  5067  5067 E GeckoView: 	at java.lang.reflect.Method.invoke(Native Method)
06-19 22:49:59.433  5067  5067 E GeckoView: 	at com.android.internal.os.RuntimeInit$MethodAndArgsCaller.run(RuntimeInit.java:584)
06-19 22:49:59.433  5067  5067 E GeckoView: 	at com.android.internal.os.ZygoteInit.main(ZygoteInit.java:1034)
06-19 22:49:59.433  5067  5258 E GeckoLibLoad: Load sqlite start
06-19 22:49:59.434  5067  5067 I VkMemory: browser_ready panel=browser phase=PANEL_OPEN java=40MB/384MB native=40MB tabs=2
06-19 22:49:59.435  5067  5258 E GeckoLibLoad: Load sqlite done
06-19 22:49:59.435  5067  5258 E GeckoLibLoad: Load nss start
06-19 22:49:59.435  5067  5258 E GeckoLibLoad: Load nss done
06-19 22:49:59.445  5067  5258 E GeckoLibLoad: Loaded libs in 10.092084ms total, 0ms(8ms) user, 9ms(13ms) system, 0(0) faults
06-19 22:49:59.446  5067  5258 W GeckoThread: zerdatime 25163254 - runGecko
06-19 22:49:59.483  5067  5067 I VkBrowser: → load host=www.foxnews.com
06-19 22:49:59.487  5067  5067 W com.vibekey.keyboard: type=1400 audit(0.0:16833): avc: denied { bind } for comm=4E65746C696E6B204D6F6E69746F72 scontext=u:r:untrusted_app:s0:c53,c272,c512,c768 tcontext=u:r:untrusted_app:s0:c53,c272,c512,c768 tclass=netlink_route_socket permissive=0 bug=b/155595000 app=com.vibekey.keyboard
06-19 22:49:59.513  5067  5258 E ibekey.keyboar: hiddenapi: Accessing hidden field Ljava/lang/Boolean;->value:Z (runtime_flags=0, domain=core-platform, api=max-target-p) from Lorg/mozilla/gecko/GeckoThread; (domain=app, TargetSdkVersion=35) using JNI: denied
06-19 22:49:59.513  5067  5258 E ibekey.keyboar: hiddenapi: Accessing hidden field Ljava/lang/Integer;->value:I (runtime_flags=0, domain=core-platform, api=max-target-p) from Lorg/mozilla/gecko/GeckoThread; (domain=app, TargetSdkVersion=35) using JNI: denied
06-19 22:49:59.513  5067  5258 E ibekey.keyboar: hiddenapi: Accessing hidden field Ljava/lang/Long;->value:J (runtime_flags=0, domain=core-platform, api=max-target-p) from Lorg/mozilla/gecko/GeckoThread; (domain=app, TargetSdkVersion=35) using JNI: denied
06-19 22:49:59.513  5067  5258 E ibekey.keyboar: hiddenapi: Accessing hidden field Ljava/lang/Double;->value:D (runtime_flags=0, domain=core-platform, api=max-target-p) from Lorg/mozilla/gecko/GeckoThread; (domain=app, TargetSdkVersion=35) using JNI: denied
06-19 22:49:59.548  5294  5294 E .keyboard:tab2: Unknown bits set in runtime_flags: 0x40000000
06-19 22:49:59.620  5438  5438 E ey.keyboard:gp: Unknown bits set in runtime_flags: 0x40000000
06-19 22:49:59.663  5294  5464 E GeckoLibLoad: Load sqlite start
06-19 22:49:59.664  5294  5464 E GeckoLibLoad: Load sqlite done
06-19 22:49:59.664  5294  5464 E GeckoLibLoad: Load nss start
06-19 22:49:59.664  5294  5464 E GeckoLibLoad: Load nss done
06-19 22:49:59.677  5294  5464 E GeckoLibLoad: Loaded libs in 12.771042ms total, 0ms(0ms) user, 9ms(9ms) system, 0(0) faults
06-19 22:49:59.677  5294  5464 W GeckoThread: zerdatime 25163484 - runGecko
06-19 22:49:59.697  5438  5487 E GeckoLibLoad: Load sqlite start
06-19 22:49:59.698  5438  5487 E GeckoLibLoad: Load sqlite done
06-19 22:49:59.698  5438  5487 E GeckoLibLoad: Load nss start
06-19 22:49:59.698  5438  5487 E GeckoLibLoad: Load nss done
06-19 22:49:59.707  5438  5487 E GeckoLibLoad: Loaded libs in 9.303698ms total, 0ms(0ms) user, 8ms(9ms) system, 0(0) faults
06-19 22:49:59.708  5438  5487 W GeckoThread: zerdatime 25163515 - runGecko
06-19 22:49:59.729  5438  5521 W AudioCapabilities: Unsupported mime audio/ffmpeg
06-19 22:49:59.729  5438  5521 W VideoCapabilities: Unsupported mime video/ffmpeg
06-19 22:49:59.730  5438  5521 W VideoCapabilities: Unrecognized profile/level 0/3 for video/mpeg2
06-19 22:49:59.730  5438  5521 W VideoCapabilities: Unrecognized profile/level 0/3 for video/mpeg2
06-19 22:49:59.738  5438  5477 E ey.keyboard:gp: ofbOpen failed with error=No such file or directory
06-19 22:49:59.738  5438  5477 E ey.keyboard:gp: sysOpen failed with error=No such file or directory
06-19 22:49:59.807  5067  5137 E BLASTBufferQueue: [SurfaceView[InputMethod]#1](f:0,a:0) rejecting buffer:active_size=1440x1801, requested_size=1440x1801 buffer{size=1440x1809 transform=0}
06-19 22:49:59.807  5067  5137 E BLASTBufferQueue: BLASTBufferItemConsumer::onDisconnect()
06-19 22:49:59.845  5724  5724 E .keyboard:tab1: Unknown bits set in runtime_flags: 0x40000000
06-19 22:49:59.920  5724  5805 E GeckoLibLoad: Load sqlite start
06-19 22:49:59.921  5724  5805 E GeckoLibLoad: Load sqlite done
06-19 22:49:59.922  5724  5805 E GeckoLibLoad: Load nss start
06-19 22:49:59.922  5724  5805 E GeckoLibLoad: Load nss done
06-19 22:49:59.932  5724  5805 E GeckoLibLoad: Loaded libs in 9.894011ms total, 0ms(0ms) user, 8ms(9ms) system, 0(0) faults
06-19 22:49:59.933  5724  5805 W GeckoThread: zerdatime 25163740 - runGecko
06-19 22:50:00.028  5724  5805 W GeckoEditableChild: No editable parent
06-19 22:50:00.029  5724  5805 W Isolated Web Content: [JavaScript Warning: "Missing resource in locale pt-BR: netwerk/necko.ftl"]
06-19 22:50:00.029  5724  5805 W Isolated Web Content: [JavaScript Warning: "Missing resource in locale pt-PT: netwerk/necko.ftl"]
06-19 22:50:00.057  5067  5067 W com.vibekey.keyboard: type=1400 audit(0.0:16834): avc: denied { nlmsg_readpriv } for comm=536F636B657420546872656164 scontext=u:r:untrusted_app:s0:c53,c272,c512,c768 tcontext=u:r:untrusted_app:s0:c53,c272,c512,c768 tclass=netlink_route_socket permissive=0 bug=b/155595000 app=com.vibekey.keyboard
06-19 22:50:00.057  5067  5067 W com.vibekey.keyboard: type=1400 audit(0.0:16835): avc: denied { nlmsg_readpriv } for comm=536F636B657420546872656164 scontext=u:r:untrusted_app:s0:c53,c272,c512,c768 tcontext=u:r:untrusted_app:s0:c53,c272,c512,c768 tclass=netlink_route_socket permissive=0 bug=b/155595000 app=com.vibekey.keyboard
06-19 22:50:00.479  5724  5805 W Isolated Web Content: [JavaScript Warning: "Layout was forced before the page was fully loaded. If stylesheets are not yet loaded this may cause a flash of unstyled content." {file: "https://static.foxnews.com/static/orion/scripts/core/ag.core.js?v=202662034" line: 149}]
06-19 22:50:00.550  5724  5805 W AudioCapabilities: Unsupported mime audio/ffmpeg
06-19 22:50:00.550  5724  5805 W VideoCapabilities: Unsupported mime video/ffmpeg
06-19 22:50:00.551  5724  5805 W VideoCapabilities: Unrecognized profile/level 0/3 for video/mpeg2
06-19 22:50:00.551  5724  5805 W VideoCapabilities: Unrecognized profile/level 0/3 for video/mpeg2
06-19 22:50:00.679  6179  6179 E .keyboard:tab3: Unknown bits set in runtime_flags: 0x40000000
06-19 22:50:00.764  6179  6234 E GeckoLibLoad: Load sqlite start
06-19 22:50:00.764  6179  6234 E GeckoLibLoad: Load sqlite done
06-19 22:50:00.765  6179  6234 E GeckoLibLoad: Load nss start
06-19 22:50:00.765  6179  6234 E GeckoLibLoad: Load nss done
06-19 22:50:00.778  6179  6234 E GeckoLibLoad: Loaded libs in 12.934792ms total, 0ms(0ms) user, 7ms(8ms) system, 0(0) faults
06-19 22:50:00.778  6179  6234 W GeckoThread: zerdatime 25164585 - runGecko
06-19 22:50:01.036  5724  6262 E .keyboard:tab1: ofbOpen failed with error=No such file or directory
06-19 22:50:01.036  5724  6262 E .keyboard:tab1: sysOpen failed with error=No such file or directory
06-19 22:50:01.068  6269  6269 E .keyboard:medi: Unknown bits set in runtime_flags: 0x40000000
06-19 22:50:01.163  6269  6293 E .keyboard:medi: ofbOpen failed with error=No such file or directory
06-19 22:50:01.163  6269  6293 E .keyboard:medi: sysOpen failed with error=No such file or directory
06-19 22:50:01.172  6269  6293 W AudioCapabilities: Unsupported mime audio/ffmpeg
06-19 22:50:01.173  6269  6293 W VideoCapabilities: Unsupported mime video/ffmpeg
06-19 22:50:01.173  6269  6293 W VideoCapabilities: Unrecognized profile/level 0/3 for video/mpeg2
06-19 22:50:01.174  6269  6293 W VideoCapabilities: Unrecognized profile/level 0/3 for video/mpeg2
06-19 22:50:01.179  6269  6293 W libc    : Access denied finding property "vendor.oplus.media.vpp.stutter"
06-19 22:50:01.186  6269  6293 E MULTIMEDIAConfig: [getInt32:L80] Not find config, Returning default
06-19 22:50:01.186  6269  6293 E MULTIMEDIAConfig: [getInt32:L80] Not find config, Returning default
06-19 22:50:01.186  6269  6293 E OplusACodec: [OplusACodec:204] mSrOsieMMListCheckResult:0x0 mOsieVersion:1
06-19 22:50:01.212  6269  6307 E OplusACodec: [GetVideoCodingTypeFromMime:L1162] mime:video/avc
06-19 22:50:01.249  6269  6312 W libc    : Access denied finding property "vendor.oplus.media.vpp.stutter"
06-19 22:50:01.249  6269  6312 E MULTIMEDIAConfig: [getInt32:L80] Not find config, Returning default
06-19 22:50:01.249  6269  6312 E MULTIMEDIAConfig: [getInt32:L80] Not find config, Returning default
06-19 22:50:01.249  6269  6312 E OplusACodec: [OplusACodec:204] mSrOsieMMListCheckResult:0x0 mOsieVersion:1
06-19 22:50:01.279  6269  6316 E OplusACodec: [GetVideoCodingTypeFromMime:L1162] mime:video/avc
06-19 22:50:02.081  6269  6293 W libc    : Access denied finding property "vendor.oplus.media.vpp.stutter"
06-19 22:50:02.081  6269  6293 E MULTIMEDIAConfig: [getInt32:L80] Not find config, Returning default
06-19 22:50:02.081  6269  6293 E MULTIMEDIAConfig: [getInt32:L80] Not find config, Returning default
06-19 22:50:02.081  6269  6293 E OplusACodec: [OplusACodec:204] mSrOsieMMListCheckResult:0x0 mOsieVersion:1
06-19 22:50:02.113  6269  6440 E OplusACodec: [GetVideoCodingTypeFromMime:L1162] mime:video/avc
06-19 22:50:02.231  6460  6460 E y.keyboard:tab: Unknown bits set in runtime_flags: 0x40000000
06-19 22:50:02.289  6460  6481 E GeckoLibLoad: Load sqlite start
06-19 22:50:02.289  6460  6481 E GeckoLibLoad: Load sqlite done
06-19 22:50:02.290  6460  6481 E GeckoLibLoad: Load nss start
06-19 22:50:02.290  6460  6481 E GeckoLibLoad: Load nss done
06-19 22:50:02.299  6460  6481 E GeckoLibLoad: Loaded libs in 9.596980ms total, 1ms(0ms) user, 5ms(9ms) system, 0(0) faults
06-19 22:50:02.300  6460  6481 W GeckoThread: zerdatime 25166107 - runGecko
06-19 22:50:02.311  5067  5258 W GeckoConsole: [JavaScript Warning: "Missing resource in locale pt-BR: netwerk/necko.ftl"]
06-19 22:50:02.311  5067  5258 W GeckoConsole: [JavaScript Warning: "Missing resource in locale pt-PT: netwerk/necko.ftl"]
06-19 22:50:02.415  6525  6525 E .keyboard:tab3: Unknown bits set in runtime_flags: 0x40000000
06-19 22:50:02.498  6525  6551 E GeckoLibLoad: Load sqlite start
06-19 22:50:02.499  6525  6551 E GeckoLibLoad: Load sqlite done
06-19 22:50:02.499  6525  6551 E GeckoLibLoad: Load nss start
06-19 22:50:02.499  6525  6551 E GeckoLibLoad: Load nss done
06-19 22:50:02.508  6525  6551 E GeckoLibLoad: Loaded libs in 9.349323ms total, 6ms(8ms) user, 0ms(0ms) system, 0(0) faults
06-19 22:50:02.511  6525  6551 W GeckoThread: zerdatime 25166316 - runGecko
06-19 22:50:02.977  6616  6616 E .keyboard:tab3: Unknown bits set in runtime_flags: 0x40000000
06-19 22:50:03.050  6616  6644 E GeckoLibLoad: Load sqlite start
06-19 22:50:03.051  6616  6644 E GeckoLibLoad: Load sqlite done
06-19 22:50:03.052  6616  6644 E GeckoLibLoad: Load nss start
06-19 22:50:03.052  6616  6644 E GeckoLibLoad: Load nss done
06-19 22:50:03.068  6616  6644 E GeckoLibLoad: Loaded libs in 16.360208ms total, 8ms(9ms) user, 0ms(0ms) system, 0(0) faults
06-19 22:50:03.068  6616  6644 W GeckoThread: zerdatime 25166876 - runGecko
06-19 22:50:03.546  5067  5137 E BLASTBufferQueue: BLASTBufferItemConsumer::onDisconnect()
06-19 22:50:03.551  5067  5067 I VkBrowser: ✓ page host=www.foxnews.com title=Fox News - Breaking News Updates | Lates…
06-19 22:50:03.693  6702  6702 E .keyboard:tab2: Unknown bits set in runtime_flags: 0x40000000
06-19 22:50:03.770  6702  6745 E GeckoLibLoad: Load sqlite start
06-19 22:50:03.772  6702  6745 E GeckoLibLoad: Load sqlite done
06-19 22:50:03.772  6702  6745 E GeckoLibLoad: Load nss start
06-19 22:50:03.772  6702  6745 E GeckoLibLoad: Load nss done
06-19 22:50:03.799  6702  6745 E GeckoLibLoad: Loaded libs in 26.169479ms total, 0ms(5ms) user, 10ms(5ms) system, 0(0) faults
06-19 22:50:03.799  6702  6745 W GeckoThread: zerdatime 25167606 - runGecko
06-19 22:50:05.605  7024  7024 E .keyboard:tab2: Unknown bits set in runtime_flags: 0x40000000
06-19 22:50:05.674  7024  7048 E GeckoLibLoad: Load sqlite start
06-19 22:50:05.674  7024  7048 E GeckoLibLoad: Load sqlite done
06-19 22:50:05.675  7024  7048 E GeckoLibLoad: Load nss start
06-19 22:50:05.675  7024  7048 E GeckoLibLoad: Load nss done
06-19 22:50:05.690  7024  7048 E GeckoLibLoad: Loaded libs in 15.069427ms total, 8ms(9ms) user, 0ms(0ms) system, 0(0) faults
06-19 22:50:05.690  7024  7048 W GeckoThread: zerdatime 25169497 - runGecko
06-19 22:50:06.618  7174  7174 E y.keyboard:tab: Unknown bits set in runtime_flags: 0x40000000
06-19 22:50:06.673  7192  7192 E y.keyboard:tab: Unknown bits set in runtime_flags: 0x40000000
06-19 22:50:06.689  7204  7204 E y.keyboard:tab: Unknown bits set in runtime_flags: 0x40000000
06-19 22:50:06.730  7174  7221 E GeckoLibLoad: Load sqlite start
06-19 22:50:06.731  7174  7221 E GeckoLibLoad: Load sqlite done
06-19 22:50:06.731  7174  7221 E GeckoLibLoad: Load nss start
06-19 22:50:06.731  7174  7221 E GeckoLibLoad: Load nss done
