=== VibeKey 4.1.343 (4443) ===

--------- beginning of crash
06-17 11:43:09.287 13565 14025 F libc    : Fatal signal 7 (SIGBUS), code 2 (BUS_ADRERR), fault addr 0x75b4235126 in tid 14025 (d), pid 13565 (AndroidUI)
06-17 11:43:10.943 17375 17375 F DEBUG   : Process name is com.vibekey.keyboard, not key_process
06-17 11:43:10.944 17375 17375 F DEBUG   : keyProcess: 0
06-17 11:43:10.944 17375 17375 F DEBUG   : *** *** *** *** *** *** *** *** *** *** *** *** *** *** *** ***
06-17 11:43:10.944 17375 17375 F DEBUG   : Build fingerprint: 'OnePlus/OnePlus7Pro/OnePlus7Pro:12/SKQ1.211113.001/P.202303230244:user/release-keys'
06-17 11:43:10.944 17375 17375 F DEBUG   : Revision: '0'
06-17 11:43:10.944 17375 17375 F DEBUG   : ABI: 'arm64'
06-17 11:43:10.944 17375 17375 F DEBUG   : Timestamp: 2026-06-17 11:43:09.591947971-0400
06-17 11:43:10.944 17375 17375 F DEBUG   : Process uptime: 0s
06-17 11:43:10.944 17375 17375 F DEBUG   : Cmdline: com.vibekey.keyboard
06-17 11:43:10.944 17375 17375 F DEBUG   : pid: 13565, tid: 14025, name: d  >>> com.vibekey.keyboard <<<
06-17 11:43:10.944 17375 17375 F DEBUG   : uid: 14122
06-17 11:43:10.944 17375 17375 F DEBUG   : signal 7 (SIGBUS), code 2 (BUS_ADRERR), fault addr 0x75b4235126
06-17 11:43:10.944 17375 17375 F DEBUG   :     x0  0000000000000000  x1  00000000000036c9  x2  0000000000000007  x3  00000076653feda0
06-17 11:43:10.944 17375 17375 F DEBUG   :     x4  00000076653fe6a8  x5  00000076653fe6a8  x6  00000076653fe6a8  x7  0000000000000000
06-17 11:43:10.944 17375 17375 F DEBUG   :     x8  00000000000000f0  x9  db746b027190efc7  x10 0000000000004001  x11 0000000000000000
06-17 11:43:10.944 17375 17375 F DEBUG   :     x12 00000000ffffffff  x13 0000000000000000  x14 000000000000001f  x15 00000075b420539e
06-17 11:43:10.944 17375 17375 F DEBUG   :     x16 000000757caad3a8  x17 00000076790b8f10  x18 000000749f3a0000  x19 0000000000000007
06-17 11:43:10.944 17375 17375 F DEBUG   :     x20 00000076653feda0  x21 00000000000034fd  x22 00000076653fed00  x23 0000000000000001
06-17 11:43:10.944 17375 17375 F DEBUG   :     x24 00000075227fc000  x25 00000075227f9b60  x26 00000075227f9b94  x27 0000000000000001
06-17 11:43:10.944 17375 17375 F DEBUG   :     x28 00000075227fa188  x29 00000076653fed20
06-17 11:43:10.944 17375 17375 F DEBUG   :     lr  0000007576cbabc8  sp  00000076653fed00  pc  00000076790b8f34  pst 0000000000000000
06-17 11:43:10.944 17375 17375 F DEBUG   : backtrace:
06-17 11:43:10.944 17375 17375 F DEBUG   :       #00 pc 0000000000075f34  /apex/com.android.runtime/lib64/bionic/libc.so (syscall+36) (BuildId: bbbdeb7c87c74f1491f92c6e605095b0)
06-17 11:43:10.944 17375 17375 F DEBUG   :       #01 pc 00000000040a9bc4  /data/app/~~-XGWjzmdoRrM1YaZYK883A==/com.google.android.webview-HvpxCmuUIjPsZ4yTEw8s4w==/base.apk!libwebviewchromium.so (BuildId: f447b77da2d76e8d4d133b66c727c3ae532b54bf)
06-17 11:43:10.944 17375 17375 F DEBUG   :       #02 pc 00000000040a03c4  /data/app/~~-XGWjzmdoRrM1YaZYK883A==/com.google.android.webview-HvpxCmuUIjPsZ4yTEw8s4w==/base.apk!libwebviewchromium.so (BuildId: f447b77da2d76e8d4d133b66c727c3ae532b54bf)
06-17 11:43:10.944 17375 17375 F DEBUG   :       #03 pc 0000000000000638  [vdso] (__kernel_rt_sigreturn+0)
06-17 11:43:10.944 17375 17375 F DEBUG   :       #04 pc 00000000000b62f4  /data/app/~~XXFraAujTyaU5WIOlOQpZg==/com.vibekey.keyboard-eQ1nsanyvQcdvpGpv1o2eA==/lib/arm64/libjni_latinime.so (latinime::PatriciaTrieReadingUtils::getPtNodeArraySizeAndAdvancePosition(unsigned char const*, int, int*)+44) (BuildId: f905dbd1a904967a994cf833116e517b05caa863)
06-17 11:43:10.944 17375 17375 F DEBUG   :       #05 pc 00000000000b8b34  /data/app/~~XXFraAujTyaU5WIOlOQpZg==/com.vibekey.keyboard-eQ1nsanyvQcdvpGpv1o2eA==/lib/arm64/libjni_latinime.so (latinime::Ver2PtNodeArrayReader::readPtNodeArrayInfoAndReturnIfValid(int, int*, int*) const+80) (BuildId: f905dbd1a904967a994cf833116e517b05caa863)
06-17 11:43:10.944 17375 17375 F DEBUG   :       #06 pc 00000000000b4ce8  /data/app/~~XXFraAujTyaU5WIOlOQpZg==/com.vibekey.keyboard-eQ1nsanyvQcdvpGpv1o2eA==/lib/arm64/libjni_latinime.so (latinime::DynamicPtReadingHelper::nextPtNodeArray()+68) (BuildId: f905dbd1a904967a994cf833116e517b05caa863)
06-17 11:43:10.944 17375 17375 F DEBUG   :       #07 pc 00000000000b4c3c  /data/app/~~XXFraAujTyaU5WIOlOQpZg==/com.vibekey.keyboard-eQ1nsanyvQcdvpGpv1o2eA==/lib/arm64/libjni_latinime.so (latinime::DynamicPtReadingHelper::getTerminalPtNodePositionOfWord(int const*, unsigned long, bool)+432) (BuildId: f905dbd1a904967a994cf833116e517b05caa863)
06-17 11:43:10.944 17375 17375 F DEBUG   :       #08 pc 00000000000b7324  /data/app/~~XXFraAujTyaU5WIOlOQpZg==/com.vibekey.keyboard-eQ1nsanyvQcdvpGpv1o2eA==/lib/arm64/libjni_latinime.so (latinime::PatriciaTriePolicy::getWordId(latinime::IntArrayView, bool) const+184) (BuildId: f905dbd1a904967a994cf833116e517b05caa863)
06-17 11:43:10.944 17375 17375 F DEBUG   :       #09 pc 00000000000a7d54  /data/app/~~XXFraAujTyaU5WIOlOQpZg==/com.vibekey.keyboard-eQ1nsanyvQcdvpGpv1o2eA==/lib/arm64/libjni_latinime.so (latinime::NgramContext::getWordId(latinime::DictionaryStructureWithBufferPolicy const*, int const*, int, bool, bool)+232) (BuildId: f905dbd1a904967a994cf833116e517b05caa863)
06-17 11:43:10.944 17375 17375 F DEBUG   :       #10 pc 00000000000d337c  /data/app/~~XXFraAujTyaU5WIOlOQpZg==/com.vibekey.keyboard-eQ1nsanyvQcdvpGpv1o2eA==/lib/arm64/libjni_latinime.so (latinime::DicTraverseSession::init(latinime::Dictionary const*, latinime::NgramContext const*, latinime::SuggestOptions const*)+124) (BuildId: f905dbd1a904967a994cf833116e517b05caa863)
06-17 11:43:10.944 17375 17375 F DEBUG   :       #11 pc 00000000000c8bd0  /data/app/~~XXFraAujTyaU5WIOlOQpZg==/com.vibekey.keyboard-eQ1nsanyvQcdvpGpv1o2eA==/lib/arm64/libjni_latinime.so (latinime::Dictionary::getSuggestions(latinime::ProximityInfo*, latinime::DicTraverseSession*, int*, int*, int*, int*, int*, int, latinime::NgramContext const*, latinime::SuggestOptions const*, float, latinime::SuggestionResults*) const+104) (BuildId: f905dbd1a904967a994cf833116e517b05caa863)
06-17 11:43:10.944 17375 17375 F DEBUG   :       #12 pc 000000000009fd88  /data/app/~~XXFraAujTyaU5WIOlOQpZg==/com.vibekey.keyboard-eQ1nsanyvQcdvpGpv1o2eA==/lib/arm64/libjni_latinime.so (BuildId: f905dbd1a904967a994cf833116e517b05caa863)
06-17 11:43:10.944 17375 17375 F DEBUG   :       #13 pc 00000000002c2100  /apex/com.android.art/lib64/libart.so (art_quick_generic_jni_trampoline+144) (BuildId: 7087b2f2160bfbf3335d54ba9779e325)
06-17 11:43:10.944 17375 17375 F DEBUG   :       #14 pc 00000000006692dc  /apex/com.android.art/lib64/libart.so (nterp_helper+3852) (BuildId: 7087b2f2160bfbf3335d54ba9779e325)
06-17 11:43:10.944 17375 17375 F DEBUG   :       #15 pc 000000000021e968  /data/app/~~XXFraAujTyaU5WIOlOQpZg==/com.vibekey.keyboard-eQ1nsanyvQcdvpGpv1o2eA==/oat/arm64/base.vdex (com.android.inputmethod.latin.BinaryDictionary.q+572)
06-17 11:43:10.944 17375 17375 F DEBUG   :       #16 pc 0000000000669a28  /apex/com.android.art/lib64/libart.so (nterp_helper+5720) (BuildId: 7087b2f2160bfbf3335d54ba9779e325)
06-17 11:43:10.944 17375 17375 F DEBUG   :       #17 pc 000000000021e6e6  /data/app/~~XXFraAujTyaU5WIOlOQpZg==/com.vibekey.keyboard-eQ1nsanyvQcdvpGpv1o2eA==/oat/arm64/base.vdex (com.android.inputmethod.latin.BinaryDictionary.d+2)
06-17 11:43:10.944 17375 17375 F DEBUG   :       #18 pc 0000000000669a28  /apex/com.android.art/lib64/libart.so (nterp_helper+5720) (BuildId: 7087b2f2160bfbf3335d54ba9779e325)
06-17 11:43:10.944 17375 17375 F DEBUG   :       #19 pc 0000000000ad53ba  /data/app/~~XXFraAujTyaU5WIOlOQpZg==/com.vibekey.keyboard-eQ1nsanyvQcdvpGpv1o2eA==/oat/arm64/base.vdex (v7.k.d+50)
06-17 11:43:10.944 17375 17375 F DEBUG   :       #20 pc 0000000000669a28  /apex/com.android.art/lib64/libart.so (nterp_helper+5720) (BuildId: 7087b2f2160bfbf3335d54ba9779e325)
06-17 11:43:10.944 17375 17375 F DEBUG   :       #21 pc 0000000000ad44b2  /data/app/~~XXFraAujTyaU5WIOlOQpZg==/com.vibekey.keyboard-eQ1nsanyvQcdvpGpv1o2eA==/oat/arm64/base.vdex (v7.e.d+70)
06-17 11:43:10.944 17375 17375 F DEBUG   :       #22 pc 0000000000669a28  /apex/com.android.art/lib64/libart.so (nterp_helper+5720) (BuildId: 7087b2f2160bfbf3335d54ba9779e325)
06-17 11:43:10.944 17375 17375 F DEBUG   :       #23 pc 000000000058f60e  /data/app/~~XXFraAujTyaU5WIOlOQpZg==/com.vibekey.keyboard-eQ1nsanyvQcdvpGpv1o2eA==/oat/arm64/base.vdex (p7.p.i+334)
06-17 11:43:10.944 17375 17375 F DEBUG   :       #24 pc 0000000000669a28  /apex/com.android.art/lib64/libart.so (nterp_helper+5720) (BuildId: 7087b2f2160bfbf3335d54ba9779e325)
06-17 11:43:10.944 17375 17375 F DEBUG   :       #25 pc 000000000058ef68  /data/app/~~XXFraAujTyaU5WIOlOQpZg==/com.vibekey.keyboard-eQ1nsanyvQcdvpGpv1o2eA==/oat/arm64/base.vdex (p7.p.h+252)
06-17 11:43:10.944 17375 17375 F DEBUG   :       #26 pc 0000000000669a28  /apex/com.android.art/lib64/libart.so (nterp_helper+5720) (BuildId: 7087b2f2160bfbf3335d54ba9779e325)
06-17 11:43:10.944 17375 17375 F DEBUG   :       #27 pc 000000000058ee24  /data/app/~~XXFraAujTyaU5WIOlOQpZg==/com.vibekey.keyboard-eQ1nsanyvQcdvpGpv1o2eA==/oat/arm64/base.vdex (p7.p.g+112)
06-17 11:43:10.944 17375 17375 F DEBUG   :       #28 pc 00000000020e7e84  /memfd:jit-cache (deleted)
06-17 11:46:13.942 17432 17473 F libc    : Fatal signal 11 (SIGSEGV), code 1 (SEGV_MAPERR), fault addr 0x6b00000058 in tid 17473 (ExecutorUtils), pid 17432 (AndroidUI)
06-17 11:46:17.562 26338 26338 F DEBUG   : Process name is com.vibekey.keyboard, not key_process
06-17 11:46:17.562 26338 26338 F DEBUG   : keyProcess: 0
06-17 11:46:17.562 26338 26338 F DEBUG   : *** *** *** *** *** *** *** *** *** *** *** *** *** *** *** ***
06-17 11:46:17.562 26338 26338 F DEBUG   : Build fingerprint: 'OnePlus/OnePlus7Pro/OnePlus7Pro:12/SKQ1.211113.001/P.202303230244:user/release-keys'
06-17 11:46:17.562 26338 26338 F DEBUG   : Revision: '0'
06-17 11:46:17.562 26338 26338 F DEBUG   : ABI: 'arm64'
06-17 11:46:17.562 26338 26338 F DEBUG   : Timestamp: 2026-06-17 11:46:14.655805348-0400
06-17 11:46:17.562 26338 26338 F DEBUG   : Process uptime: 0s
06-17 11:46:17.562 26338 26338 F DEBUG   : Cmdline: com.vibekey.keyboard
06-17 11:46:17.562 26338 26338 F DEBUG   : pid: 17432, tid: 17473, name: ExecutorUtils  >>> com.vibekey.keyboard <<<
06-17 11:46:17.562 26338 26338 F DEBUG   : uid: 14122
06-17 11:46:17.562 26338 26338 F DEBUG   : signal 11 (SIGSEGV), code 1 (SEGV_MAPERR), fault addr 0x6b00000058
06-17 11:46:17.562 26338 26338 F DEBUG   :     x0  0000000000000000  x1  0000000000004441  x2  000000000000000b  x3  000000767ed72da0
06-17 11:46:17.562 26338 26338 F DEBUG   :     x4  0000007694d1c400  x5  0000007694d1c400  x6  0000007694d1c400  x7  0000000000000000
06-17 11:46:17.562 26338 26338 F DEBUG   :     x8  00000000000000f0  x9  db746b027190efc7  x10 0000007696b4068c  x11 0000000000000000
06-17 11:46:17.562 26338 26338 F DEBUG   :     x12 00000000ffffffff  x13 0000000000000000  x14 0000000000000000  x15 00000000ebad6a89
06-17 11:46:17.562 26338 26338 F DEBUG   :     x16 000000757caad3a8  x17 00000076790b8f10  x18 00000075247ca000  x19 000000000000000b
06-17 11:46:17.562 26338 26338 F DEBUG   :     x20 000000767ed72da0  x21 0000000000004418  x22 000000767ed72b90  x23 0000000000000001
06-17 11:46:17.562 26338 26338 F DEBUG   :     x24 000000752a4acd5c  x25 0000007525fdd000  x26 0000007694d1d698  x27 0000007694d1c408
06-17 11:46:17.562 26338 26338 F DEBUG   :     x28 0000000000000400  x29 000000767ed72bb0
06-17 11:46:17.562 26338 26338 F DEBUG   :     lr  0000007576cbabc8  sp  000000767ed72b90  pc  00000076790b8f34  pst 0000000000000000
06-17 11:46:17.562 26338 26338 F DEBUG   : backtrace:
06-17 11:46:17.562 26338 26338 F DEBUG   :       #00 pc 0000000000075f34  /apex/com.android.runtime/lib64/bionic/libc.so (syscall+36) (BuildId: bbbdeb7c87c74f1491f92c6e605095b0)
06-17 11:46:17.562 26338 26338 F DEBUG   :       #01 pc 00000000040a9bc4  /data/app/~~-XGWjzmdoRrM1YaZYK883A==/com.google.android.webview-HvpxCmuUIjPsZ4yTEw8s4w==/base.apk!libwebviewchromium.so (BuildId: f447b77da2d76e8d4d133b66c727c3ae532b54bf)
06-17 11:46:17.562 26338 26338 F DEBUG   :       #02 pc 00000000040a03c4  /data/app/~~-XGWjzmdoRrM1YaZYK883A==/com.google.android.webview-HvpxCmuUIjPsZ4yTEw8s4w==/base.apk!libwebviewchromium.so (BuildId: f447b77da2d76e8d4d133b66c727c3ae532b54bf)
06-17 11:46:17.562 26338 26338 F DEBUG   :       #03 pc 000000000729d1dc  /data/app/~~XXFraAujTyaU5WIOlOQpZg==/com.vibekey.keyboard-eQ1nsanyvQcdvpGpv1o2eA==/lib/arm64/libxul.so (BuildId: 4a35ccb91ce54a7d8afe95f435ee2ee2cc640e58)
06-17 11:46:17.562 26338 26338 F DEBUG   :       #04 pc 0000000007721500  /data/app/~~XXFraAujTyaU5WIOlOQpZg==/com.vibekey.keyboard-eQ1nsanyvQcdvpGpv1o2eA==/lib/arm64/libxul.so (BuildId: 4a35ccb91ce54a7d8afe95f435ee2ee2cc640e58)
06-17 11:46:17.562 26338 26338 F DEBUG   :       #05 pc 0000000000006f94  /apex/com.android.art/lib64/libsigchain.so (art::SignalChain::Handler(int, siginfo*, void*)+1148) (BuildId: 1d71636c1517ecf3fa421563ba6710f3)
06-17 11:46:17.562 26338 26338 F DEBUG   :       #06 pc 0000000000000638  [vdso] (__kernel_rt_sigreturn+0)
06-17 11:46:17.562 26338 26338 F DEBUG   :       #07 pc 00000000000a3d58  /data/app/~~XXFraAujTyaU5WIOlOQpZg==/com.vibekey.keyboard-eQ1nsanyvQcdvpGpv1o2eA==/lib/arm64/libjni_latinime.so (BuildId: f905dbd1a904967a994cf833116e517b05caa863)
06-17 11:46:17.562 26338 26338 F DEBUG   :       #08 pc 00000000002c2100  /apex/com.android.art/lib64/libart.so (art_quick_generic_jni_trampoline+144) (BuildId: 7087b2f2160bfbf3335d54ba9779e325)
06-17 11:46:17.562 26338 26338 F DEBUG   :       #09 pc 0000000000668b6c  /apex/com.android.art/lib64/libart.so (nterp_helper+1948) (BuildId: 7087b2f2160bfbf3335d54ba9779e325)
06-17 11:46:17.562 26338 26338 F DEBUG   :       #10 pc 000000000021f020  /data/app/~~XXFraAujTyaU5WIOlOQpZg==/com.vibekey.keyboard-eQ1nsanyvQcdvpGpv1o2eA==/oat/arm64/base.vdex (com.android.inputmethod.latin.DicTraverseSession.a+16)
06-17 11:46:17.562 26338 26338 F DEBUG   :       #11 pc 0000000000669324  /apex/com.android.art/lib64/libart.so (nterp_helper+3924) (BuildId: 7087b2f2160bfbf3335d54ba9779e325)
06-17 11:46:17.562 26338 26338 F DEBUG   :       #12 pc 000000000021ebbc  /data/app/~~XXFraAujTyaU5WIOlOQpZg==/com.vibekey.keyboard-eQ1nsanyvQcdvpGpv1o2eA==/oat/arm64/base.vdex (com.android.inputmethod.latin.BinaryDictionary.a+44)
06-17 11:46:17.562 26338 26338 F DEBUG   :       #13 pc 0000000000669324  /apex/com.android.art/lib64/libart.so (nterp_helper+3924) (BuildId: 7087b2f2160bfbf3335d54ba9779e325)
06-17 11:46:17.562 26338 26338 F DEBUG   :       #14 pc 000000000021e2d6  /data/app/~~XXFraAujTyaU5WIOlOQpZg==/com.vibekey.keyboard-eQ1nsanyvQcdvpGpv1o2eA==/oat/arm64/base.vdex (com.android.inputmethod.latin.BinaryDictionary.m+38)
06-17 11:46:17.562 26338 26338 F DEBUG   :       #15 pc 0000000000669324  /apex/com.android.art/lib64/libart.so (nterp_helper+3924) (BuildId: 7087b2f2160bfbf3335d54ba9779e325)
06-17 11:46:17.562 26338 26338 F DEBUG   :       #16 pc 0000000000ad4986  /data/app/~~XXFraAujTyaU5WIOlOQpZg==/com.vibekey.keyboard-eQ1nsanyvQcdvpGpv1o2eA==/oat/arm64/base.vdex (v7.g.run+230)
06-17 11:46:17.562 26338 26338 F DEBUG   :       #17 pc 000000000066a144  /apex/com.android.art/lib64/libart.so (nterp_helper+7540) (BuildId: 7087b2f2160bfbf3335d54ba9779e325)
06-17 11:46:17.562 26338 26338 F DEBUG   :       #18 pc 00000000008f3780  /data/app/~~XXFraAujTyaU5WIOlOQpZg==/com.vibekey.keyboard-eQ1nsanyvQcdvpGpv1o2eA==/oat/arm64/base.vdex (a8.z0.run+276)
06-17 11:46:17.562 26338 26338 F DEBUG   :       #19 pc 00000000022d2950  /memfd:jit-zygote-cache (deleted)
--------- beginning of main
06-17 11:54:46.439 26542 26963 E GeckoConsole: [JavaScript Error: "TypeError: can't access property "WindowEventDispatcher", win is null" {file: "resource://gre/modules/GeckoViewSessionStore.sys.mjs" line: 149}]
06-17 11:54:46.439 26542 26963 E GeckoConsole: onTabStateUpdate@resource://gre/modules/GeckoViewSessionStore.sys.mjs:149:5
06-17 11:54:46.439 26542 26963 E GeckoConsole: updateSessionStoreFromTabListener@resource://gre/modules/GeckoViewSessionStore.sys.mjs:243:10
06-17 11:54:47.128 26542 26542 I VkTyping: ▶ open restart=false pkg=com.android.launcher inputType=589825
06-17 11:54:47.325 26542 26542 E GeckoView: Failed to detach WindowInsetsListener: 
06-17 11:54:47.325 26542 26542 E GeckoView: java.lang.NullPointerException: Attempt to invoke virtual method 'android.view.Window android.app.Activity.getWindow()' on a null object reference
06-17 11:54:47.325 26542 26542 E GeckoView: 	at org.mozilla.geckoview.GeckoView.detachWindowInsetsListener(r8-map-id-604b7b28dd15255a7cde5b08c51b763252847935af05224a09433527f65121ac:1)
06-17 11:54:47.325 26542 26542 E GeckoView: 	at org.mozilla.geckoview.GeckoView.onDetachedFromWindow(r8-map-id-604b7b28dd15255a7cde5b08c51b763252847935af05224a09433527f65121ac:25)
06-17 11:54:47.325 26542 26542 E GeckoView: 	at helium314.keyboard.latin.panels.ImeGeckoView.onDetachedFromWindow(r8-map-id-604b7b28dd15255a7cde5b08c51b763252847935af05224a09433527f65121ac:6)
06-17 11:54:47.325 26542 26542 E GeckoView: 	at android.view.View.dispatchDetachedFromWindow(View.java:20955)
06-17 11:54:47.325 26542 26542 E GeckoView: 	at android.view.ViewGroup.dispatchDetachedFromWindow(ViewGroup.java:4014)
06-17 11:54:47.325 26542 26542 E GeckoView: 	at android.view.ViewGroup.removeViewInternal(ViewGroup.java:5660)
06-17 11:54:47.325 26542 26542 E GeckoView: 	at android.view.ViewGroup.removeViewInternal(ViewGroup.java:5631)
06-17 11:54:47.325 26542 26542 E GeckoView: 	at android.view.ViewGroup.removeView(ViewGroup.java:5562)
06-17 11:54:47.325 26542 26542 E GeckoView: 	at a8.t0.run(r8-map-id-604b7b28dd15255a7cde5b08c51b763252847935af05224a09433527f65121ac:1198)
06-17 11:54:47.325 26542 26542 E GeckoView: 	at helium314.keyboard.latin.panels.BrowserPanelView.R(r8-map-id-604b7b28dd15255a7cde5b08c51b763252847935af05224a09433527f65121ac:151)
06-17 11:54:47.325 26542 26542 E GeckoView: 	at helium314.keyboard.latin.panels.BrowserPanelView.I0(r8-map-id-604b7b28dd15255a7cde5b08c51b763252847935af05224a09433527f65121ac:73)
06-17 11:54:47.325 26542 26542 E GeckoView: 	at i7.c0.r(r8-map-id-604b7b28dd15255a7cde5b08c51b763252847935af05224a09433527f65121ac:149)
06-17 11:54:47.325 26542 26542 E GeckoView: 	at i7.c0.U(r8-map-id-604b7b28dd15255a7cde5b08c51b763252847935af05224a09433527f65121ac:53)
06-17 11:54:47.325 26542 26542 E GeckoView: 	at i7.c0.R(r8-map-id-604b7b28dd15255a7cde5b08c51b763252847935af05224a09433527f65121ac:3)
06-17 11:54:47.325 26542 26542 E GeckoView: 	at m7.o0.c(r8-map-id-604b7b28dd15255a7cde5b08c51b763252847935af05224a09433527f65121ac:12)
06-17 11:54:47.325 26542 26542 E GeckoView: 	at m7.o0.b(r8-map-id-604b7b28dd15255a7cde5b08c51b763252847935af05224a09433527f65121ac:51)
06-17 11:54:47.325 26542 26542 E GeckoView: 	at i7.c0.w(r8-map-id-604b7b28dd15255a7cde5b08c51b763252847935af05224a09433527f65121ac:91)
06-17 11:54:47.325 26542 26542 E GeckoView: 	at i7.c0.H(r8-map-id-604b7b28dd15255a7cde5b08c51b763252847935af05224a09433527f65121ac:30)
06-17 11:54:47.325 26542 26542 E GeckoView: 	at helium314.keyboard.latin.LatinIME.onStartInputView(r8-map-id-604b7b28dd15255a7cde5b08c51b763252847935af05224a09433527f65121ac:995)
06-17 11:54:47.325 26542 26542 E GeckoView: 	at android.inputmethodservice.InputMethodService.doStartInput(InputMethodService.java:2556)
06-17 11:54:47.325 26542 26542 E GeckoView: 	at android.inputmethodservice.InputMethodService$InputMethodImpl.startInput(InputMethodService.java:713)
06-17 11:54:47.325 26542 26542 E GeckoView: 	at android.inputmethodservice.InputMethodService$InputMethodImpl.dispatchStartInputWithToken(InputMethodService.java:743)
06-17 11:54:47.325 26542 26542 E GeckoView: 	at android.inputmethodservice.IInputMethodWrapper.executeMessage(IInputMethodWrapper.java:199)
06-17 11:54:47.325 26542 26542 E GeckoView: 	at com.android.internal.os.HandlerCaller$MyHandler.handleMessage(HandlerCaller.java:44)
06-17 11:54:47.325 26542 26542 E GeckoView: 	at android.os.Handler.dispatchMessage(Handler.java:106)
06-17 11:54:47.325 26542 26542 E GeckoView: 	at android.os.Looper.loopOnce(Looper.java:233)
06-17 11:54:47.325 26542 26542 E GeckoView: 	at android.os.Looper.loop(Looper.java:344)
06-17 11:54:47.325 26542 26542 E GeckoView: 	at android.app.ActivityThread.main(ActivityThread.java:8212)
06-17 11:54:47.325 26542 26542 E GeckoView: 	at java.lang.reflect.Method.invoke(Native Method)
06-17 11:54:47.325 26542 26542 E GeckoView: 	at com.android.internal.os.RuntimeInit$MethodAndArgsCaller.run(RuntimeInit.java:584)
06-17 11:54:47.325 26542 26542 E GeckoView: 	at com.android.internal.os.ZygoteInit.main(ZygoteInit.java:1034)
06-17 11:54:47.389 15602 15620 W Isolated Web Content: [JavaScript Warning: "InstallTrigger is deprecated and will be removed in the future." {file: "https://www.usatoday.com/gcdn/dcjs/prod/p/p-q1a2z3aQ7mR2Kx.min.js" line: 45}]
06-17 11:54:47.433 26542 26542 W com.vibekey.keyboard: type=1400 audit(0.0:545673): avc: denied { nlmsg_readpriv } for comm=536F636B657420546872656164 scontext=u:r:untrusted_app:s0:c26,c272,c512,c768 tcontext=u:r:untrusted_app:s0:c26,c272,c512,c768 tclass=netlink_route_socket permissive=0 bug=b/155595000 app=com.vibekey.keyboard
06-17 11:54:47.915 26542 26542 I VkPanels: ▶ open menu
06-17 11:54:47.947 13613 13613 W LlmEngineService: Severe memory pressure (15); evicting on-device LLM.
06-17 11:54:47.956 26542 26566 I OnDeviceAssist: ▶ assist_ipc task=topic_tags in=41 chars
06-17 11:54:47.974 13613 14296 W OnDeviceAssist: ✗ llm task=topic_tags model=gemma-3-270m-it-IQ4_NL.gguf 0ms: engine stopped
06-17 11:54:47.975 26542  6853 W OnDeviceAssist: ✗ assist (ime) task=topic_tags model=gemma-3-270m-it-IQ4_NL.gguf 19ms: Engine stopped
06-17 11:54:47.980 26542 26566 W OnDeviceLlmPrewarm: topic hints failed (keyboard_open): Engine stopped
06-17 11:54:48.687 13613 13632 I OnDeviceAssist: warm ok model=gemma-3-270m-it-IQ4_NL.gguf ambient=74 chars 851ms
06-17 11:54:49.405 13613 14295 I OnDeviceAssist: warm ok model=gemma-3-270m-it-IQ4_NL.gguf ambient=74 chars 1144ms
06-17 11:54:50.600 26542 26542 W b       : Suggestion generation timed out
06-17 11:54:50.755 17983 17983 E libcrashpad_handler_trampoline.so: createInstance(64bit) : createExtendedFactory
06-17 11:54:50.765 17983 17983 E libcrashpad_handler_trampoline.so: createInstance(64bit) : createExtendedFactory
06-17 11:54:50.765 17983 17983 E libcrashpad_handler_trampoline.so: Opened libinputextensionsimpl.so
06-17 11:54:50.765 17983 17983 E libcrashpad_handler_trampoline.so: Opened libinputextensionsimpl.so
06-17 11:54:50.769 17983 17983 E libcrashpad_handler_trampoline.so: createInstance(64bit) : createExtendedFactory
06-17 11:54:50.770 17983 17983 E libcrashpad_handler_trampoline.so: createInstance(64bit) : createExtendedFactory
06-17 11:54:50.770 17983 17983 E libcrashpad_handler_trampoline.so: Opened libsensorextimpl.so
06-17 11:54:50.770 17983 17983 E libcrashpad_handler_trampoline.so: Opened libsensorextimpl.so
06-17 11:54:50.843 30762 30795 W libEGL  : EGLNativeWindowType 0xb4000075c4fda010 disconnect failed
06-17 11:54:51.151 17983 17983 E chromium: [0617/115451.147336:ERROR:third_party/crashpad/crashpad/util/process/process_memory_range.cc:75] read out of range
06-17 11:54:51.305 26542 26542 W b       : Suggestion generation timed out
06-17 11:54:51.316 26542 26542 W BrowserPanel: Gecko session crash/kill — recreating browser engine
06-17 11:54:51.316 26542 26542 W GeckoSession: Attempted to close a GeckoSession that was already closed.
06-17 11:54:51.316 26542 26542 W BrowserPanel: Gecko session crash/kill — recreating browser engine
06-17 11:54:51.316 26542 26542 W GeckoSession: Attempted to close a GeckoSession that was already closed.
06-17 11:54:51.316 26542 26542 W BrowserPanel: Gecko session crash/kill — recreating browser engine
06-17 11:54:51.316 26542 26542 W GeckoSession: Attempted to close a GeckoSession that was already closed.
06-17 11:54:51.316 26542 26542 W BrowserPanel: Gecko session crash/kill — recreating browser engine
06-17 11:54:51.319 26542 26579 F libc    : Fatal signal 7 (SIGBUS), code 2 (BUS_ADRERR), fault addr 0x76666023d7 in tid 26579 (d), pid 26542 (AndroidUI)
06-17 11:54:51.374 26542 26542 W GeckoSession: Attempted to close a GeckoSession that was already closed.
06-17 11:54:51.375 26542 26963 E GeckoConsole: [JavaScript Error: "TypeError: can't access property "sendAsyncMessage", this._manager.messageManager is null" {file: "chrome://geckoview/content/geckoview.js" line: 513}]
06-17 11:54:51.375 26542 26963 E GeckoConsole: _updateContentModuleState@chrome://geckoview/content/geckoview.js:513:5
06-17 11:54:51.375 26542 26963 E GeckoConsole: set enabled@chrome://geckoview/content/geckoview.js:488:10
06-17 11:54:51.375 26542 26963 E GeckoConsole: init/</<@chrome://geckoview/content/geckoview.js:112:9
06-17 11:54:51.375 26542 26963 E GeckoConsole: forEach@chrome://geckoview/content/geckoview.js:163:19
06-17 11:54:51.375 26542 26963 E GeckoConsole: init/<@chrome://geckoview/content/geckoview.js:111:12
06-17 11:54:51.395 26542 26542 E GeckoView: Failed to attach WindowInsetsListener: 
06-17 11:54:51.395 26542 26542 E GeckoView: 	at org.mozilla.geckoview.GeckoView.attachWindowInsetsListener(r8-map-id-604b7b28dd15255a7cde5b08c51b763252847935af05224a09433527f65121ac:1)
06-17 11:54:51.395 26542 26542 E GeckoView: 	at org.mozilla.geckoview.GeckoView.onAttachedToWindow(r8-map-id-604b7b28dd15255a7cde5b08c51b763252847935af05224a09433527f65121ac:49)
06-17 11:54:51.395 26542 26542 E GeckoView: 	at helium314.keyboard.latin.panels.ImeGeckoView.onAttachedToWindow(r8-map-id-604b7b28dd15255a7cde5b08c51b763252847935af05224a09433527f65121ac:4)
06-17 11:54:51.395 26542 26542 E GeckoView: 	at android.view.View.dispatchAttachedToWindow(View.java:20900)
06-17 11:54:51.395 26542 26542 E GeckoView: 	at android.view.ViewGroup.dispatchAttachedToWindow(ViewGroup.java:3539)
06-17 11:54:51.395 26542 26542 E GeckoView: 	at android.view.ViewGroup.addViewInner(ViewGroup.java:5378)
06-17 11:54:51.395 26542 26542 E GeckoView: 	at android.view.ViewGroup.addView(ViewGroup.java:5156)
06-17 11:54:51.395 26542 26542 E GeckoView: 	at android.view.ViewGroup.addView(ViewGroup.java:5096)
06-17 11:54:51.395 26542 26542 E GeckoView: 	at helium314.keyboard.latin.panels.BrowserPanelView.Z(r8-map-id-604b7b28dd15255a7cde5b08c51b763252847935af05224a09433527f65121ac:375)
06-17 11:54:51.395 26542 26542 E GeckoView: 	at a8.z2.run(r8-map-id-604b7b28dd15255a7cde5b08c51b763252847935af05224a09433527f65121ac:94)
06-17 11:54:51.395 26542 26542 E GeckoView: 	at android.os.Handler.handleCallback(Handler.java:938)
06-17 11:54:51.395 26542 26542 E GeckoView: 	at android.os.Handler.dispatchMessage(Handler.java:99)
06-17 11:54:51.395 26542 26542 E GeckoView: 	at android.os.Looper.loopOnce(Looper.java:233)
06-17 11:54:51.395 26542 26542 E GeckoView: 	at android.os.Looper.loop(Looper.java:344)
06-17 11:54:51.395 26542 26542 E GeckoView: 	at android.app.ActivityThread.main(ActivityThread.java:8212)
06-17 11:54:51.395 26542 26542 E GeckoView: 	at java.lang.reflect.Method.invoke(Native Method)
06-17 11:54:51.395 26542 26542 E GeckoView: 	at com.android.internal.os.RuntimeInit$MethodAndArgsCaller.run(RuntimeInit.java:584)
06-17 11:54:51.395 26542 26542 E GeckoView: 	at com.android.internal.os.ZygoteInit.main(ZygoteInit.java:1034)
06-17 11:54:51.396 26542 26542 I VkBrowser: → load host=www.usatoday.com
06-17 11:54:51.654 26542 26542 E GeckoView: 	at org.mozilla.geckoview.GeckoView.detachWindowInsetsListener(r8-map-id-604b7b28dd15255a7cde5b08c51b763252847935af05224a09433527f65121ac:1)
06-17 11:54:51.654 26542 26542 E GeckoView: 	at org.mozilla.geckoview.GeckoView.onDetachedFromWindow(r8-map-id-604b7b28dd15255a7cde5b08c51b763252847935af05224a09433527f65121ac:25)
06-17 11:54:51.654 26542 26542 E GeckoView: 	at helium314.keyboard.latin.panels.ImeGeckoView.onDetachedFromWindow(r8-map-id-604b7b28dd15255a7cde5b08c51b763252847935af05224a09433527f65121ac:6)
06-17 11:54:51.654 26542 26542 E GeckoView: 	at android.view.View.dispatchDetachedFromWindow(View.java:20955)
06-17 11:54:51.654 26542 26542 E GeckoView: 	at android.view.ViewGroup.dispatchDetachedFromWindow(ViewGroup.java:4014)
06-17 11:54:51.654 26542 26542 E GeckoView: 	at android.view.ViewGroup.removeViewInternal(ViewGroup.java:5660)
06-17 11:54:51.654 26542 26542 E GeckoView: 	at android.view.ViewGroup.removeViewInternal(ViewGroup.java:5631)
06-17 11:54:51.654 26542 26542 E GeckoView: 	at android.view.ViewGroup.removeView(ViewGroup.java:5562)
06-17 11:54:51.654 26542 26542 E GeckoView: 	at a8.z2.run(r8-map-id-604b7b28dd15255a7cde5b08c51b763252847935af05224a09433527f65121ac:87)
06-17 11:54:51.654 26542 26542 E GeckoView: 	at android.os.Handler.handleCallback(Handler.java:938)
06-17 11:54:51.654 26542 26542 E GeckoView: 	at android.os.Handler.dispatchMessage(Handler.java:99)
06-17 11:54:51.654 26542 26542 E GeckoView: 	at android.os.Looper.loopOnce(Looper.java:233)
06-17 11:54:51.654 26542 26542 E GeckoView: 	at android.os.Looper.loop(Looper.java:344)
06-17 11:54:51.654 26542 26542 E GeckoView: 	at android.app.ActivityThread.main(ActivityThread.java:8212)
06-17 11:54:51.654 26542 26542 E GeckoView: 	at java.lang.reflect.Method.invoke(Native Method)
06-17 11:54:51.654 26542 26542 E GeckoView: 	at com.android.internal.os.RuntimeInit$MethodAndArgsCaller.run(RuntimeInit.java:584)
06-17 11:54:51.654 26542 26542 E GeckoView: 	at com.android.internal.os.ZygoteInit.main(ZygoteInit.java:1034)
06-17 11:54:51.658 26542 26542 E GeckoView: Failed to attach WindowInsetsListener: 
06-17 11:54:51.658 26542 26542 E GeckoView: 	at org.mozilla.geckoview.GeckoView.attachWindowInsetsListener(r8-map-id-604b7b28dd15255a7cde5b08c51b763252847935af05224a09433527f65121ac:1)
06-17 11:54:51.658 26542 26542 E GeckoView: 	at org.mozilla.geckoview.GeckoView.onAttachedToWindow(r8-map-id-604b7b28dd15255a7cde5b08c51b763252847935af05224a09433527f65121ac:49)
06-17 11:54:51.658 26542 26542 E GeckoView: 	at helium314.keyboard.latin.panels.ImeGeckoView.onAttachedToWindow(r8-map-id-604b7b28dd15255a7cde5b08c51b763252847935af05224a09433527f65121ac:4)
06-17 11:54:51.658 26542 26542 E GeckoView: 	at android.view.View.dispatchAttachedToWindow(View.java:20900)
06-17 11:54:51.658 26542 26542 E GeckoView: 	at android.view.ViewGroup.dispatchAttachedToWindow(ViewGroup.java:3539)
06-17 11:54:51.658 26542 26542 E GeckoView: 	at android.view.ViewGroup.addViewInner(ViewGroup.java:5378)
06-17 11:54:51.658 26542 26542 E GeckoView: 	at android.view.ViewGroup.addView(ViewGroup.java:5156)
06-17 11:54:51.658 26542 26542 E GeckoView: 	at android.view.ViewGroup.addView(ViewGroup.java:5096)
06-17 11:54:51.658 26542 26542 E GeckoView: 	at helium314.keyboard.latin.panels.BrowserPanelView.Z(r8-map-id-604b7b28dd15255a7cde5b08c51b763252847935af05224a09433527f65121ac:375)
06-17 11:54:51.658 26542 26542 E GeckoView: 	at a8.z2.run(r8-map-id-604b7b28dd15255a7cde5b08c51b763252847935af05224a09433527f65121ac:94)
06-17 11:54:51.658 26542 26542 E GeckoView: 	at android.os.Handler.handleCallback(Handler.java:938)
06-17 11:54:51.658 26542 26542 E GeckoView: 	at android.os.Handler.dispatchMessage(Handler.java:99)
06-17 11:54:51.658 26542 26542 E GeckoView: 	at android.os.Looper.loopOnce(Looper.java:233)
06-17 11:54:51.658 26542 26542 E GeckoView: 	at android.os.Looper.loop(Looper.java:344)
06-17 11:54:51.658 26542 26542 E GeckoView: 	at android.app.ActivityThread.main(ActivityThread.java:8212)
06-17 11:54:51.658 26542 26542 E GeckoView: 	at java.lang.reflect.Method.invoke(Native Method)
06-17 11:54:51.658 26542 26542 E GeckoView: 	at com.android.internal.os.RuntimeInit$MethodAndArgsCaller.run(RuntimeInit.java:584)
06-17 11:54:51.658 26542 26542 E GeckoView: 	at com.android.internal.os.ZygoteInit.main(ZygoteInit.java:1034)
06-17 11:54:51.659 26542 26542 I VkBrowser: → load host=www.usatoday.com
06-17 11:54:51.670 18003 18003 E DEBUG   : failed to read /proc/uptime: Permission denied
06-17 11:54:51.693 26542 26542 E GeckoView: 	at org.mozilla.geckoview.GeckoView.detachWindowInsetsListener(r8-map-id-604b7b28dd15255a7cde5b08c51b763252847935af05224a09433527f65121ac:1)
06-17 11:54:51.693 26542 26542 E GeckoView: 	at org.mozilla.geckoview.GeckoView.onDetachedFromWindow(r8-map-id-604b7b28dd15255a7cde5b08c51b763252847935af05224a09433527f65121ac:25)
06-17 11:54:51.693 26542 26542 E GeckoView: 	at helium314.keyboard.latin.panels.ImeGeckoView.onDetachedFromWindow(r8-map-id-604b7b28dd15255a7cde5b08c51b763252847935af05224a09433527f65121ac:6)
06-17 11:54:51.693 26542 26542 E GeckoView: 	at android.view.View.dispatchDetachedFromWindow(View.java:20955)
06-17 11:54:51.693 26542 26542 E GeckoView: 	at android.view.ViewGroup.dispatchDetachedFromWindow(ViewGroup.java:4014)
06-17 11:54:51.693 26542 26542 E GeckoView: 	at android.view.ViewGroup.removeViewInternal(ViewGroup.java:5660)
06-17 11:54:51.693 26542 26542 E GeckoView: 	at android.view.ViewGroup.removeViewInternal(ViewGroup.java:5631)
06-17 11:54:51.693 26542 26542 E GeckoView: 	at android.view.ViewGroup.removeView(ViewGroup.java:5562)
06-17 11:54:51.693 26542 26542 E GeckoView: 	at a8.z2.run(r8-map-id-604b7b28dd15255a7cde5b08c51b763252847935af05224a09433527f65121ac:87)
06-17 11:54:51.693 26542 26542 E GeckoView: 	at android.os.Handler.handleCallback(Handler.java:938)
06-17 11:54:51.693 26542 26542 E GeckoView: 	at android.os.Handler.dispatchMessage(Handler.java:99)
06-17 11:54:51.693 26542 26542 E GeckoView: 	at android.os.Looper.loopOnce(Looper.java:233)
06-17 11:54:51.693 26542 26542 E GeckoView: 	at android.os.Looper.loop(Looper.java:344)
06-17 11:54:51.693 26542 26542 E GeckoView: 	at android.app.ActivityThread.main(ActivityThread.java:8212)
06-17 11:54:51.693 26542 26542 E GeckoView: 	at java.lang.reflect.Method.invoke(Native Method)
06-17 11:54:51.693 26542 26542 E GeckoView: 	at com.android.internal.os.RuntimeInit$MethodAndArgsCaller.run(RuntimeInit.java:584)
06-17 11:54:51.693 26542 26542 E GeckoView: 	at com.android.internal.os.ZygoteInit.main(ZygoteInit.java:1034)
06-17 11:54:51.695 26542 26542 E GeckoView: Failed to attach WindowInsetsListener: 
06-17 11:54:51.695 26542 26542 E GeckoView: 	at org.mozilla.geckoview.GeckoView.attachWindowInsetsListener(r8-map-id-604b7b28dd15255a7cde5b08c51b763252847935af05224a09433527f65121ac:1)
06-17 11:54:51.695 26542 26542 E GeckoView: 	at org.mozilla.geckoview.GeckoView.onAttachedToWindow(r8-map-id-604b7b28dd15255a7cde5b08c51b763252847935af05224a09433527f65121ac:49)
06-17 11:54:51.695 26542 26542 E GeckoView: 	at helium314.keyboard.latin.panels.ImeGeckoView.onAttachedToWindow(r8-map-id-604b7b28dd15255a7cde5b08c51b763252847935af05224a09433527f65121ac:4)
06-17 11:54:51.695 26542 26542 E GeckoView: 	at android.view.View.dispatchAttachedToWindow(View.java:20900)
06-17 11:54:51.695 26542 26542 E GeckoView: 	at android.view.ViewGroup.dispatchAttachedToWindow(ViewGroup.java:3539)
06-17 11:54:51.695 26542 26542 E GeckoView: 	at android.view.ViewGroup.addViewInner(ViewGroup.java:5378)
06-17 11:54:51.695 26542 26542 E GeckoView: 	at android.view.ViewGroup.addView(ViewGroup.java:5156)
06-17 11:54:51.695 26542 26542 E GeckoView: 	at android.view.ViewGroup.addView(ViewGroup.java:5096)
06-17 11:54:51.695 26542 26542 E GeckoView: 	at helium314.keyboard.latin.panels.BrowserPanelView.Z(r8-map-id-604b7b28dd15255a7cde5b08c51b763252847935af05224a09433527f65121ac:375)
06-17 11:54:51.695 26542 26542 E GeckoView: 	at a8.z2.run(r8-map-id-604b7b28dd15255a7cde5b08c51b763252847935af05224a09433527f65121ac:94)
06-17 11:54:51.695 26542 26542 E GeckoView: 	at android.os.Handler.handleCallback(Handler.java:938)
06-17 11:54:51.695 26542 26542 E GeckoView: 	at android.os.Handler.dispatchMessage(Handler.java:99)
06-17 11:54:51.695 26542 26542 E GeckoView: 	at android.os.Looper.loopOnce(Looper.java:233)
06-17 11:54:51.695 26542 26542 E GeckoView: 	at android.os.Looper.loop(Looper.java:344)
06-17 11:54:51.695 26542 26542 E GeckoView: 	at android.app.ActivityThread.main(ActivityThread.java:8212)
06-17 11:54:51.695 26542 26542 E GeckoView: 	at java.lang.reflect.Method.invoke(Native Method)
06-17 11:54:51.695 26542 26542 E GeckoView: 	at com.android.internal.os.RuntimeInit$MethodAndArgsCaller.run(RuntimeInit.java:584)
06-17 11:54:51.695 26542 26542 E GeckoView: 	at com.android.internal.os.ZygoteInit.main(ZygoteInit.java:1034)
06-17 11:54:51.696 26542 26542 I VkBrowser: → load host=www.usatoday.com
06-17 11:54:51.721 26542 26542 E GeckoView: 	at org.mozilla.geckoview.GeckoView.detachWindowInsetsListener(r8-map-id-604b7b28dd15255a7cde5b08c51b763252847935af05224a09433527f65121ac:1)
06-17 11:54:51.721 26542 26542 E GeckoView: 	at org.mozilla.geckoview.GeckoView.onDetachedFromWindow(r8-map-id-604b7b28dd15255a7cde5b08c51b763252847935af05224a09433527f65121ac:25)
06-17 11:54:51.721 26542 26542 E GeckoView: 	at helium314.keyboard.latin.panels.ImeGeckoView.onDetachedFromWindow(r8-map-id-604b7b28dd15255a7cde5b08c51b763252847935af05224a09433527f65121ac:6)
06-17 11:54:51.721 26542 26542 E GeckoView: 	at android.view.View.dispatchDetachedFromWindow(View.java:20955)
06-17 11:54:51.721 26542 26542 E GeckoView: 	at android.view.ViewGroup.dispatchDetachedFromWindow(ViewGroup.java:4014)
06-17 11:54:51.721 26542 26542 E GeckoView: 	at android.view.ViewGroup.removeViewInternal(ViewGroup.java:5660)
06-17 11:54:51.721 26542 26542 E GeckoView: 	at android.view.ViewGroup.removeViewInternal(ViewGroup.java:5631)
06-17 11:54:51.721 26542 26542 E GeckoView: 	at android.view.ViewGroup.removeView(ViewGroup.java:5562)
06-17 11:54:51.721 26542 26542 E GeckoView: 	at a8.z2.run(r8-map-id-604b7b28dd15255a7cde5b08c51b763252847935af05224a09433527f65121ac:87)
06-17 11:54:51.721 26542 26542 E GeckoView: 	at android.os.Handler.handleCallback(Handler.java:938)
06-17 11:54:51.721 26542 26542 E GeckoView: 	at android.os.Handler.dispatchMessage(Handler.java:99)
06-17 11:54:51.721 26542 26542 E GeckoView: 	at android.os.Looper.loopOnce(Looper.java:233)
06-17 11:54:51.721 26542 26542 E GeckoView: 	at android.os.Looper.loop(Looper.java:344)
06-17 11:54:51.721 26542 26542 E GeckoView: 	at android.app.ActivityThread.main(ActivityThread.java:8212)
06-17 11:54:51.721 26542 26542 E GeckoView: 	at java.lang.reflect.Method.invoke(Native Method)
06-17 11:54:51.721 26542 26542 E GeckoView: 	at com.android.internal.os.RuntimeInit$MethodAndArgsCaller.run(RuntimeInit.java:584)
06-17 11:54:51.721 26542 26542 E GeckoView: 	at com.android.internal.os.ZygoteInit.main(ZygoteInit.java:1034)
06-17 11:54:51.723 26542 26542 E GeckoView: Failed to attach WindowInsetsListener: 
06-17 11:54:51.723 26542 26542 E GeckoView: 	at org.mozilla.geckoview.GeckoView.attachWindowInsetsListener(r8-map-id-604b7b28dd15255a7cde5b08c51b763252847935af05224a09433527f65121ac:1)
06-17 11:54:51.723 26542 26542 E GeckoView: 	at org.mozilla.geckoview.GeckoView.onAttachedToWindow(r8-map-id-604b7b28dd15255a7cde5b08c51b763252847935af05224a09433527f65121ac:49)
06-17 11:54:51.723 26542 26542 E GeckoView: 	at helium314.keyboard.latin.panels.ImeGeckoView.onAttachedToWindow(r8-map-id-604b7b28dd15255a7cde5b08c51b763252847935af05224a09433527f65121ac:4)
06-17 11:54:51.723 26542 26542 E GeckoView: 	at android.view.View.dispatchAttachedToWindow(View.java:20900)
06-17 11:54:51.723 26542 26542 E GeckoView: 	at android.view.ViewGroup.dispatchAttachedToWindow(ViewGroup.java:3539)
06-17 11:54:51.723 26542 26542 E GeckoView: 	at android.view.ViewGroup.addViewInner(ViewGroup.java:5378)
06-17 11:54:51.723 26542 26542 E GeckoView: 	at android.view.ViewGroup.addView(ViewGroup.java:5156)
06-17 11:54:51.723 26542 26542 E GeckoView: 	at android.view.ViewGroup.addView(ViewGroup.java:5096)
06-17 11:54:51.723 26542 26542 E GeckoView: 	at helium314.keyboard.latin.panels.BrowserPanelView.Z(r8-map-id-604b7b28dd15255a7cde5b08c51b763252847935af05224a09433527f65121ac:375)
06-17 11:54:51.723 26542 26542 E GeckoView: 	at a8.z2.run(r8-map-id-604b7b28dd15255a7cde5b08c51b763252847935af05224a09433527f65121ac:94)
06-17 11:54:51.723 26542 26542 E GeckoView: 	at android.os.Handler.handleCallback(Handler.java:938)
06-17 11:54:51.723 26542 26542 E GeckoView: 	at android.os.Handler.dispatchMessage(Handler.java:99)
06-17 11:54:51.723 26542 26542 E GeckoView: 	at android.os.Looper.loopOnce(Looper.java:233)
06-17 11:54:51.723 26542 26542 E GeckoView: 	at android.os.Looper.loop(Looper.java:344)
06-17 11:54:51.723 26542 26542 E GeckoView: 	at android.app.ActivityThread.main(ActivityThread.java:8212)
06-17 11:54:51.723 26542 26542 E GeckoView: 	at java.lang.reflect.Method.invoke(Native Method)
06-17 11:54:51.723 26542 26542 E GeckoView: 	at com.android.internal.os.RuntimeInit$MethodAndArgsCaller.run(RuntimeInit.java:584)
06-17 11:54:51.723 26542 26542 E GeckoView: 	at com.android.internal.os.ZygoteInit.main(ZygoteInit.java:1034)
06-17 11:54:51.724 26542 26542 I VkBrowser: → load host=www.usatoday.com
06-17 11:54:52.090 26542 26542 W b       : Suggestion generation timed out
06-17 11:54:52.163 26542 26542 W com.vibekey.keyboard: type=1400 audit(0.0:545675): avc: denied { nlmsg_readpriv } for comm=536F636B657420546872656164 scontext=u:r:untrusted_app:s0:c26,c272,c512,c768 tcontext=u:r:untrusted_app:s0:c26,c272,c512,c768 tclass=netlink_route_socket permissive=0 bug=b/155595000 app=com.vibekey.keyboard
06-17 11:54:52.259 18019 18019 E .keyboard:tab2: Unknown bits set in runtime_flags: 0x40000000
06-17 11:54:52.433 18019 18039 E GeckoLibLoad: Load sqlite start
06-17 11:54:52.434 18019 18039 E GeckoLibLoad: Load sqlite done
06-17 11:54:52.434 18019 18039 E GeckoLibLoad: Load nss start
06-17 11:54:52.434 18019 18039 E GeckoLibLoad: Load nss done
06-17 11:54:52.477 18019 18039 E GeckoLibLoad: Loaded libs in 42.672865ms total, 6ms(4ms) user, 9ms(10ms) system, 12(12) faults
06-17 11:54:52.477 18019 18039 W GeckoThread: zerdatime 1388533342 - runGecko
06-17 11:54:52.545 26542 26542 W b       : Suggestion generation timed out
06-17 11:54:52.638 18070 18070 E .keyboard:tab2: Unknown bits set in runtime_flags: 0x40000000
06-17 11:54:52.692 18070 18087 E GeckoLibLoad: Load sqlite start
06-17 11:54:52.693 18070 18087 E GeckoLibLoad: Load sqlite done
06-17 11:54:52.693 18070 18087 E GeckoLibLoad: Load nss start
06-17 11:54:52.693 18070 18087 E GeckoLibLoad: Load nss done
06-17 11:54:52.704 18070 18087 E GeckoLibLoad: Loaded libs in 11.241823ms total, 5ms(3ms) user, 4ms(7ms) system, 0(0) faults
06-17 11:54:52.705 18070 18087 W GeckoThread: zerdatime 1388533569 - runGecko
06-17 11:54:52.801 18070 18087 W Isolated Web Content: [JavaScript Warning: "Missing resource in locale pt-BR: netwerk/necko.ftl"]
06-17 11:54:52.802 18070 18087 W Isolated Web Content: [JavaScript Warning: "Missing resource in locale pt-PT: netwerk/necko.ftl"]
06-17 11:54:52.957 18003 18003 F DEBUG   : Process name is com.vibekey.keyboard, not key_process
06-17 11:54:52.957 18003 18003 F DEBUG   : keyProcess: 0
06-17 11:54:52.957 18003 18003 F DEBUG   : *** *** *** *** *** *** *** *** *** *** *** *** *** *** *** ***
06-17 11:54:52.957 18003 18003 F DEBUG   : Build fingerprint: 'OnePlus/OnePlus7Pro/OnePlus7Pro:12/SKQ1.211113.001/P.202303230244:user/release-keys'
06-17 11:54:52.957 18003 18003 F DEBUG   : Revision: '0'
06-17 11:54:52.957 18003 18003 F DEBUG   : ABI: 'arm64'
06-17 11:54:52.957 18003 18003 F DEBUG   : Timestamp: 2026-06-17 11:54:51.669961661-0400
06-17 11:54:52.957 18003 18003 F DEBUG   : Process uptime: 0s
06-17 11:54:52.957 18003 18003 F DEBUG   : Cmdline: com.vibekey.keyboard
06-17 11:54:52.957 18003 18003 F DEBUG   : pid: 26542, tid: 26579, name: d  >>> com.vibekey.keyboard <<<
06-17 11:54:52.957 18003 18003 F DEBUG   : uid: 14122
06-17 11:54:52.957 18003 18003 F DEBUG   : signal 7 (SIGBUS), code 2 (BUS_ADRERR), fault addr 0x76666023d7
06-17 11:54:52.957 18003 18003 F DEBUG   :     x0  0000000000000000  x1  00000000000067d3  x2  0000000000000007  x3  000000768a60ada0
06-17 11:54:52.957 18003 18003 F DEBUG   :     x4  000000768a60a6a8  x5  000000768a60a6a8  x6  000000768a60a6a8  x7  0000000000000000
06-17 11:54:52.957 18003 18003 F DEBUG   :     x8  00000000000000f0  x9  db746b027190efc7  x10 0000000000004001  x11 0000000000000000
06-17 11:54:52.957 18003 18003 F DEBUG   :     x12 00000000ffffffff  x13 0000000000000000  x14 000000000000001f  x15 00000076665dc39e
06-17 11:54:52.957 18003 18003 F DEBUG   :     x16 000000757caad3a8  x17 00000076790b8f10  x18 000000755d81a000  x19 0000000000000007
06-17 11:54:52.958 18003 18003 F DEBUG   :     x20 000000768a60ada0  x21 00000000000067ae  x22 000000768a60ad00  x23 0000000000000001
06-17 11:54:52.958 18003 18003 F DEBUG   :     x24 00000075dbdb0000  x25 00000075dbdadae0  x26 00000075dbdadb24  x27 0000000000000001
06-17 11:54:52.958 18003 18003 F DEBUG   :     x28 00000075dbdae0d8  x29 000000768a60ad20
06-17 11:54:52.958 18003 18003 F DEBUG   :     lr  0000007576cbabc8  sp  000000768a60ad00  pc  00000076790b8f34  pst 0000000000000000
06-17 11:54:52.958 18003 18003 F DEBUG   : backtrace:
06-17 11:54:52.958 18003 18003 F DEBUG   :       #00 pc 0000000000075f34  /apex/com.android.runtime/lib64/bionic/libc.so (syscall+36) (BuildId: bbbdeb7c87c74f1491f92c6e605095b0)
06-17 11:54:52.958 18003 18003 F DEBUG   :       #01 pc 00000000040a9bc4  /data/app/~~-XGWjzmdoRrM1YaZYK883A==/com.google.android.webview-HvpxCmuUIjPsZ4yTEw8s4w==/base.apk!libwebviewchromium.so (BuildId: f447b77da2d76e8d4d133b66c727c3ae532b54bf)
06-17 11:54:52.958 18003 18003 F DEBUG   :       #02 pc 00000000040a03c4  /data/app/~~-XGWjzmdoRrM1YaZYK883A==/com.google.android.webview-HvpxCmuUIjPsZ4yTEw8s4w==/base.apk!libwebviewchromium.so (BuildId: f447b77da2d76e8d4d133b66c727c3ae532b54bf)
06-17 11:54:52.958 18003 18003 F DEBUG   :       #03 pc 0000000000000638  [vdso] (__kernel_rt_sigreturn+0)
06-17 11:54:52.958 18003 18003 F DEBUG   :       #04 pc 00000000000b62f4  /data/app/~~XXFraAujTyaU5WIOlOQpZg==/com.vibekey.keyboard-eQ1nsanyvQcdvpGpv1o2eA==/lib/arm64/libjni_latinime.so (latinime::PatriciaTrieReadingUtils::getPtNodeArraySizeAndAdvancePosition(unsigned char const*, int, int*)+44) (BuildId: f905dbd1a904967a994cf833116e517b05caa863)
06-17 11:54:52.958 18003 18003 F DEBUG   :       #05 pc 00000000000b8b34  /data/app/~~XXFraAujTyaU5WIOlOQpZg==/com.vibekey.keyboard-eQ1nsanyvQcdvpGpv1o2eA==/lib/arm64/libjni_latinime.so (latinime::Ver2PtNodeArrayReader::readPtNodeArrayInfoAndReturnIfValid(int, int*, int*) const+80) (BuildId: f905dbd1a904967a994cf833116e517b05caa863)
06-17 11:54:52.958 18003 18003 F DEBUG   :       #06 pc 00000000000b4ce8  /data/app/~~XXFraAujTyaU5WIOlOQpZg==/com.vibekey.keyboard-eQ1nsanyvQcdvpGpv1o2eA==/lib/arm64/libjni_latinime.so (latinime::DynamicPtReadingHelper::nextPtNodeArray()+68) (BuildId: f905dbd1a904967a994cf833116e517b05caa863)
06-17 11:54:52.958 18003 18003 F DEBUG   :       #07 pc 00000000000b4c3c  /data/app/~~XXFraAujTyaU5WIOlOQpZg==/com.vibekey.keyboard-eQ1nsanyvQcdvpGpv1o2eA==/lib/arm64/libjni_latinime.so (latinime::DynamicPtReadingHelper::getTerminalPtNodePositionOfWord(int const*, unsigned long, bool)+432) (BuildId: f905dbd1a904967a994cf833116e517b05caa863)
06-17 11:54:52.958 18003 18003 F DEBUG   :       #08 pc 00000000000b7324  /data/app/~~XXFraAujTyaU5WIOlOQpZg==/com.vibekey.keyboard-eQ1nsanyvQcdvpGpv1o2eA==/lib/arm64/libjni_latinime.so (latinime::PatriciaTriePolicy::getWordId(latinime::IntArrayView, bool) const+184) (BuildId: f905dbd1a904967a994cf833116e517b05caa863)
06-17 11:54:52.958 18003 18003 F DEBUG   :       #09 pc 00000000000a7d54  /data/app/~~XXFraAujTyaU5WIOlOQpZg==/com.vibekey.keyboard-eQ1nsanyvQcdvpGpv1o2eA==/lib/arm64/libjni_latinime.so (latinime::NgramContext::getWordId(latinime::DictionaryStructureWithBufferPolicy const*, int const*, int, bool, bool)+232) (BuildId: f905dbd1a904967a994cf833116e517b05caa863)
06-17 11:54:52.958 18003 18003 F DEBUG   :       #10 pc 00000000000d337c  /data/app/~~XXFraAujTyaU5WIOlOQpZg==/com.vibekey.keyboard-eQ1nsanyvQcdvpGpv1o2eA==/lib/arm64/libjni_latinime.so (latinime::DicTraverseSession::init(latinime::Dictionary const*, latinime::NgramContext const*, latinime::SuggestOptions const*)+124) (BuildId: f905dbd1a904967a994cf833116e517b05caa863)
06-17 11:54:52.958 18003 18003 F DEBUG   :       #11 pc 00000000000c8bd0  /data/app/~~XXFraAujTyaU5WIOlOQpZg==/com.vibekey.keyboard-eQ1nsanyvQcdvpGpv1o2eA==/lib/arm64/libjni_latinime.so (latinime::Dictionary::getSuggestions(latinime::ProximityInfo*, latinime::DicTraverseSession*, int*, int*, int*, int*, int*, int, latinime::NgramContext const*, latinime::SuggestOptions const*, float, latinime::SuggestionResults*) const+104) (BuildId: f905dbd1a904967a994cf833116e517b05caa863)
06-17 11:54:52.958 18003 18003 F DEBUG   :       #12 pc 000000000009fd88  /data/app/~~XXFraAujTyaU5WIOlOQpZg==/com.vibekey.keyboard-eQ1nsanyvQcdvpGpv1o2eA==/lib/arm64/libjni_latinime.so (BuildId: f905dbd1a904967a994cf833116e517b05caa863)
06-17 11:54:52.958 18003 18003 F DEBUG   :       #13 pc 00000000002c2100  /apex/com.android.art/lib64/libart.so (art_quick_generic_jni_trampoline+144) (BuildId: 7087b2f2160bfbf3335d54ba9779e325)
06-17 11:54:52.958 18003 18003 F DEBUG   :       #14 pc 000000000206812c  /memfd:jit-cache (deleted)
06-17 11:54:59.960 18335 18335 E ibekey.keyboar: Unknown bits set in runtime_flags: 0x40000000
06-17 11:55:00.066 18335 18335 W j0      : Could not load system glide typing library jni_latinimegoogle: dlopen failed: library "libjni_latinimegoogle.so" not found
06-17 11:55:00.200 18335 18335 W u       : No editor info for this field. Bug?
06-17 11:55:00.210 18335 18335 I VkMultilingual: reset main=pt-BR locales=[pt,es] count=2
