=== VibeKey 4.1.246 (4346) ===

--------- beginning of system
06-08 15:08:57.046 20758 20758 E OplusCustomizeRestrictionManager: sInstance is null, start a new sInstance
06-08 15:10:08.116 20758 21919 E ActivityThread: Failed to find provider info for com.oplus.statistics.provider
06-08 15:10:08.116 20758 21919 E OplusStatistics--: IllegalArgumentException:java.lang.IllegalArgumentException: Unknown URL content://com.oplus.statistics.provider/track_event
06-08 15:10:21.186 20758 21919 E ActivityThread: Failed to find provider info for com.oplus.statistics.provider
06-08 15:10:21.186 20758 21919 E OplusStatistics--: IllegalArgumentException:java.lang.IllegalArgumentException: Unknown URL content://com.oplus.statistics.provider/track_event
--------- beginning of crash
06-08 15:10:52.498 20758 20999 F libc    : Fatal signal 11 (SIGSEGV), code 2 (SEGV_ACCERR), fault addr 0x730000005a in tid 20999 (ExecutorUtils), pid 20758 (AndroidUI)
06-08 15:10:53.978 22329 22329 F DEBUG   : Process name is com.vibekey.keyboard, not key_process
06-08 15:10:53.978 22329 22329 F DEBUG   : keyProcess: 0
06-08 15:10:53.978 22329 22329 F DEBUG   : *** *** *** *** *** *** *** *** *** *** *** *** *** *** *** ***
06-08 15:10:53.978 22329 22329 F DEBUG   : Build fingerprint: 'OnePlus/OnePlus7Pro/OnePlus7Pro:12/SKQ1.211113.001/P.202303230244:user/release-keys'
06-08 15:10:53.978 22329 22329 F DEBUG   : Revision: '0'
06-08 15:10:53.978 22329 22329 F DEBUG   : ABI: 'arm64'
06-08 15:10:53.978 22329 22329 F DEBUG   : Timestamp: 2026-06-08 15:10:52.659076582-0400
06-08 15:10:53.978 22329 22329 F DEBUG   : Process uptime: 0s
06-08 15:10:53.978 22329 22329 F DEBUG   : Cmdline: com.vibekey.keyboard
06-08 15:10:53.978 22329 22329 F DEBUG   : pid: 20758, tid: 20999, name: ExecutorUtils  >>> com.vibekey.keyboard <<<
06-08 15:10:53.978 22329 22329 F DEBUG   : uid: 14012
06-08 15:10:53.978 22329 22329 F DEBUG   : signal 11 (SIGSEGV), code 2 (SEGV_ACCERR), fault addr 0x730000005a
06-08 15:10:53.978 22329 22329 F DEBUG   :     x0  0000000000000000  x1  0000000000005207  x2  000000000000000b  x3  000000767e910da0
06-08 15:10:53.978 22329 22329 F DEBUG   :     x4  0000007694d1c400  x5  0000007694d1c400  x6  0000007694d1c400  x7  0000000000000000
06-08 15:10:53.978 22329 22329 F DEBUG   :     x8  00000000000000f0  x9  db746b027190efc7  x10 0000007696b4068c  x11 0000000000000000
06-08 15:10:53.978 22329 22329 F DEBUG   :     x12 00000000ffffffff  x13 0000000000000000  x14 0000000000000000  x15 00000000ebad6a89
06-08 15:10:53.978 22329 22329 F DEBUG   :     x16 000000757ca4b410  x17 00000076790b8f10  x18 00000075165be000  x19 000000000000000b
06-08 15:10:53.978 22329 22329 F DEBUG   :     x20 000000767e910da0  x21 0000000000005116  x22 000000767e910b90  x23 0000000000000001
06-08 15:10:53.978 22329 22329 F DEBUG   :     x24 00000075334cad5c  x25 000000751adfc000  x26 0000007694d1d698  x27 0000007694d1c408
06-08 15:10:53.978 22329 22329 F DEBUG   :     x28 0000000000000400  x29 000000767e910bb0
06-08 15:10:53.978 22329 22329 F DEBUG   :     lr  0000007576c73da0  sp  000000767e910b90  pc  00000076790b8f34  pst 0000000000000000
06-08 15:10:53.978 22329 22329 F DEBUG   : backtrace:
06-08 15:10:53.978 22329 22329 F DEBUG   :       #00 pc 0000000000075f34  /apex/com.android.runtime/lib64/bionic/libc.so (syscall+36) (BuildId: bbbdeb7c87c74f1491f92c6e605095b0)
06-08 15:10:53.978 22329 22329 F DEBUG   :       #01 pc 0000000004062d9c  /data/app/~~0vURfNRJhP5qOxDjXMAdJA==/com.google.android.webview-1jICq8A_gawMkQD3QY60ZA==/base.apk!libwebviewchromium.so (BuildId: 6830cf8493d489d274dd2200dc390799760c2507)
06-08 15:10:53.978 22329 22329 F DEBUG   :       #02 pc 0000000004059518  /data/app/~~0vURfNRJhP5qOxDjXMAdJA==/com.google.android.webview-1jICq8A_gawMkQD3QY60ZA==/base.apk!libwebviewchromium.so (BuildId: 6830cf8493d489d274dd2200dc390799760c2507)
06-08 15:10:53.978 22329 22329 F DEBUG   :       #03 pc 000000000729d1dc  /data/app/~~BVrT4y3PHRVKpbwy9IuqPw==/com.vibekey.keyboard-tAlO1dqfNmGBzYLxoDEuOQ==/lib/arm64/libxul.so (BuildId: 4a35ccb91ce54a7d8afe95f435ee2ee2cc640e58)
06-08 15:10:53.978 22329 22329 F DEBUG   :       #04 pc 0000000007721500  /data/app/~~BVrT4y3PHRVKpbwy9IuqPw==/com.vibekey.keyboard-tAlO1dqfNmGBzYLxoDEuOQ==/lib/arm64/libxul.so (BuildId: 4a35ccb91ce54a7d8afe95f435ee2ee2cc640e58)
06-08 15:10:53.978 22329 22329 F DEBUG   :       #05 pc 0000000000006f94  /apex/com.android.art/lib64/libsigchain.so (art::SignalChain::Handler(int, siginfo*, void*)+1148) (BuildId: 1d71636c1517ecf3fa421563ba6710f3)
06-08 15:10:53.978 22329 22329 F DEBUG   :       #06 pc 0000000000000638  [vdso] (__kernel_rt_sigreturn+0)
06-08 15:10:53.978 22329 22329 F DEBUG   :       #07 pc 00000000000a3d58  /data/app/~~BVrT4y3PHRVKpbwy9IuqPw==/com.vibekey.keyboard-tAlO1dqfNmGBzYLxoDEuOQ==/lib/arm64/libjni_latinime.so (BuildId: f905dbd1a904967a994cf833116e517b05caa863)
06-08 15:10:53.978 22329 22329 F DEBUG   :       #08 pc 00000000002c2100  /apex/com.android.art/lib64/libart.so (art_quick_generic_jni_trampoline+144) (BuildId: 7087b2f2160bfbf3335d54ba9779e325)
06-08 15:10:53.978 22329 22329 F DEBUG   :       #09 pc 0000000000668b6c  /apex/com.android.art/lib64/libart.so (nterp_helper+1948) (BuildId: 7087b2f2160bfbf3335d54ba9779e325)
06-08 15:10:53.978 22329 22329 F DEBUG   :       #10 pc 00000000002200b4  /data/app/~~BVrT4y3PHRVKpbwy9IuqPw==/com.vibekey.keyboard-tAlO1dqfNmGBzYLxoDEuOQ==/oat/arm64/base.vdex (com.android.inputmethod.latin.DicTraverseSession.a+16)
06-08 15:10:53.978 22329 22329 F DEBUG   :       #11 pc 0000000000669324  /apex/com.android.art/lib64/libart.so (nterp_helper+3924) (BuildId: 7087b2f2160bfbf3335d54ba9779e325)
06-08 15:10:53.978 22329 22329 F DEBUG   :       #12 pc 000000000021fc50  /data/app/~~BVrT4y3PHRVKpbwy9IuqPw==/com.vibekey.keyboard-tAlO1dqfNmGBzYLxoDEuOQ==/oat/arm64/base.vdex (com.android.inputmethod.latin.BinaryDictionary.a+44)
06-08 15:10:53.978 22329 22329 F DEBUG   :       #13 pc 0000000000669324  /apex/com.android.art/lib64/libart.so (nterp_helper+3924) (BuildId: 7087b2f2160bfbf3335d54ba9779e325)
06-08 15:10:53.978 22329 22329 F DEBUG   :       #14 pc 000000000021f36a  /data/app/~~BVrT4y3PHRVKpbwy9IuqPw==/com.vibekey.keyboard-tAlO1dqfNmGBzYLxoDEuOQ==/oat/arm64/base.vdex (com.android.inputmethod.latin.BinaryDictionary.m+38)
06-08 15:10:53.978 22329 22329 F DEBUG   :       #15 pc 0000000000669324  /apex/com.android.art/lib64/libart.so (nterp_helper+3924) (BuildId: 7087b2f2160bfbf3335d54ba9779e325)
06-08 15:10:53.978 22329 22329 F DEBUG   :       #16 pc 0000000000ad6056  /data/app/~~BVrT4y3PHRVKpbwy9IuqPw==/com.vibekey.keyboard-tAlO1dqfNmGBzYLxoDEuOQ==/oat/arm64/base.vdex (v7.g.run+230)
06-08 15:10:53.978 22329 22329 F DEBUG   :       #17 pc 000000000066a144  /apex/com.android.art/lib64/libart.so (nterp_helper+7540) (BuildId: 7087b2f2160bfbf3335d54ba9779e325)
06-08 15:10:53.978 22329 22329 F DEBUG   :       #18 pc 00000000008f53ec  /data/app/~~BVrT4y3PHRVKpbwy9IuqPw==/com.vibekey.keyboard-tAlO1dqfNmGBzYLxoDEuOQ==/oat/arm64/base.vdex (a8.z0.run+276)
06-08 15:10:53.978 22329 22329 F DEBUG   :       #19 pc 00000000022d2950  /memfd:jit-zygote-cache (deleted)
06-08 15:10:56.690 22356 22356 E OplusCustomizeRestrictionManager: sInstance is null, start a new sInstance
06-08 15:11:16.167 22356 22849 E ActivityThread: Failed to find provider info for com.oplus.statistics.provider
06-08 15:11:16.167 22356 22849 E OplusStatistics--: IllegalArgumentException:java.lang.IllegalArgumentException: Unknown URL content://com.oplus.statistics.provider/track_event
06-08 15:14:03.465 22356 22391 F libc    : Fatal signal 7 (SIGBUS), code 2 (BUS_ADRERR), fault addr 0x76665dd00e in tid 22391 (d), pid 22356 (AndroidUI)
06-08 15:14:04.967 30508 30508 F DEBUG   : Process name is com.vibekey.keyboard, not key_process
06-08 15:14:04.967 30508 30508 F DEBUG   : keyProcess: 0
06-08 15:14:04.967 30508 30508 F DEBUG   : *** *** *** *** *** *** *** *** *** *** *** *** *** *** *** ***
06-08 15:14:04.967 30508 30508 F DEBUG   : Build fingerprint: 'OnePlus/OnePlus7Pro/OnePlus7Pro:12/SKQ1.211113.001/P.202303230244:user/release-keys'
06-08 15:14:04.967 30508 30508 F DEBUG   : Revision: '0'
06-08 15:14:04.967 30508 30508 F DEBUG   : ABI: 'arm64'
06-08 15:14:04.967 30508 30508 F DEBUG   : Timestamp: 2026-06-08 15:14:03.774833592-0400
06-08 15:14:04.967 30508 30508 F DEBUG   : Process uptime: 0s
06-08 15:14:04.967 30508 30508 F DEBUG   : Cmdline: com.vibekey.keyboard
06-08 15:14:04.967 30508 30508 F DEBUG   : pid: 22356, tid: 22391, name: d  >>> com.vibekey.keyboard <<<
06-08 15:14:04.967 30508 30508 F DEBUG   : uid: 14012
06-08 15:14:04.967 30508 30508 F DEBUG   : signal 7 (SIGBUS), code 2 (BUS_ADRERR), fault addr 0x76665dd00e
06-08 15:14:04.967 30508 30508 F DEBUG   :     x0  0000000000000000  x1  0000000000005777  x2  0000000000000007  x3  000000768a7feda0
06-08 15:14:04.967 30508 30508 F DEBUG   :     x4  000000768a7fe6a8  x5  000000768a7fe6a8  x6  000000768a7fe6a8  x7  0000000000000000
06-08 15:14:04.967 30508 30508 F DEBUG   :     x8  00000000000000f0  x9  db746b027190efc7  x10 0000000000004001  x11 0000000000000000
06-08 15:14:04.967 30508 30508 F DEBUG   :     x12 00000000ffffffff  x13 0000000000000000  x14 000000000000001f  x15 00000076665dcfc6
06-08 15:14:04.967 30508 30508 F DEBUG   :     x16 000000757ca4b410  x17 00000076790b8f10  x18 000000756239e000  x19 0000000000000007
06-08 15:14:04.967 30508 30508 F DEBUG   :     x20 000000768a7feda0  x21 0000000000005754  x22 000000768a7fed00  x23 0000000000000001
06-08 15:14:04.967 30508 30508 F DEBUG   :     x24 00000075dbdadc68  x25 00000075dbdadd80  x26 00000075dbdaddb4  x27 0000000000000001
06-08 15:14:04.967 30508 30508 F DEBUG   :     x28 00000075dbdae368  x29 000000768a7fed20
06-08 15:14:04.967 30508 30508 F DEBUG   :     lr  0000007576c73da0  sp  000000768a7fed00  pc  00000076790b8f34  pst 0000000000000000
06-08 15:14:04.967 30508 30508 F DEBUG   : backtrace:
06-08 15:14:04.967 30508 30508 F DEBUG   :       #00 pc 0000000000075f34  /apex/com.android.runtime/lib64/bionic/libc.so (syscall+36) (BuildId: bbbdeb7c87c74f1491f92c6e605095b0)
06-08 15:14:04.967 30508 30508 F DEBUG   :       #01 pc 0000000004062d9c  /data/app/~~0vURfNRJhP5qOxDjXMAdJA==/com.google.android.webview-1jICq8A_gawMkQD3QY60ZA==/base.apk!libwebviewchromium.so (BuildId: 6830cf8493d489d274dd2200dc390799760c2507)
06-08 15:14:04.967 30508 30508 F DEBUG   :       #02 pc 0000000004059518  /data/app/~~0vURfNRJhP5qOxDjXMAdJA==/com.google.android.webview-1jICq8A_gawMkQD3QY60ZA==/base.apk!libwebviewchromium.so (BuildId: 6830cf8493d489d274dd2200dc390799760c2507)
06-08 15:14:04.967 30508 30508 F DEBUG   :       #03 pc 0000000000000638  [vdso] (__kernel_rt_sigreturn+0)
06-08 15:14:04.967 30508 30508 F DEBUG   :       #04 pc 00000000000b67ac  /data/app/~~BVrT4y3PHRVKpbwy9IuqPw==/com.vibekey.keyboard-tAlO1dqfNmGBzYLxoDEuOQ==/lib/arm64/libjni_latinime.so (latinime::PatriciaTrieReadingUtils::readPtNodeInfo(unsigned char const*, int, int, latinime::DictionaryShortcutsStructurePolicy const*, latinime::DictionaryBigramsStructurePolicy const*, int const*, unsigned char*, int*, int*, int*, int*, int*, int*, int*)+120) (BuildId: f905dbd1a904967a994cf833116e517b05caa863)
06-08 15:14:04.967 30508 30508 F DEBUG   :       #05 pc 00000000000b8980  /data/app/~~BVrT4y3PHRVKpbwy9IuqPw==/com.vibekey.keyboard-tAlO1dqfNmGBzYLxoDEuOQ==/lib/arm64/libjni_latinime.so (latinime::Ver2ParticiaTrieNodeReader::fetchPtNodeParamsInBufferFromPtNodePos(int) const+140) (BuildId: f905dbd1a904967a994cf833116e517b05caa863)
06-08 15:14:04.967 30508 30508 F DEBUG   :       #06 pc 00000000000b4b74  /data/app/~~BVrT4y3PHRVKpbwy9IuqPw==/com.vibekey.keyboard-tAlO1dqfNmGBzYLxoDEuOQ==/lib/arm64/libjni_latinime.so (latinime::DynamicPtReadingHelper::getTerminalPtNodePositionOfWord(int const*, unsigned long, bool)+232) (BuildId: f905dbd1a904967a994cf833116e517b05caa863)
06-08 15:14:04.967 30508 30508 F DEBUG   :       #07 pc 00000000000b7324  /data/app/~~BVrT4y3PHRVKpbwy9IuqPw==/com.vibekey.keyboard-tAlO1dqfNmGBzYLxoDEuOQ==/lib/arm64/libjni_latinime.so (latinime::PatriciaTriePolicy::getWordId(latinime::IntArrayView, bool) const+184) (BuildId: f905dbd1a904967a994cf833116e517b05caa863)
06-08 15:14:04.967 30508 30508 F DEBUG   :       #08 pc 00000000000a7d54  /data/app/~~BVrT4y3PHRVKpbwy9IuqPw==/com.vibekey.keyboard-tAlO1dqfNmGBzYLxoDEuOQ==/lib/arm64/libjni_latinime.so (latinime::NgramContext::getWordId(latinime::DictionaryStructureWithBufferPolicy const*, int const*, int, bool, bool)+232) (BuildId: f905dbd1a904967a994cf833116e517b05caa863)
06-08 15:14:04.967 30508 30508 F DEBUG   :       #09 pc 00000000000d337c  /data/app/~~BVrT4y3PHRVKpbwy9IuqPw==/com.vibekey.keyboard-tAlO1dqfNmGBzYLxoDEuOQ==/lib/arm64/libjni_latinime.so (latinime::DicTraverseSession::init(latinime::Dictionary const*, latinime::NgramContext const*, latinime::SuggestOptions const*)+124) (BuildId: f905dbd1a904967a994cf833116e517b05caa863)
06-08 15:14:04.967 30508 30508 F DEBUG   :       #10 pc 00000000000c8bd0  /data/app/~~BVrT4y3PHRVKpbwy9IuqPw==/com.vibekey.keyboard-tAlO1dqfNmGBzYLxoDEuOQ==/lib/arm64/libjni_latinime.so (latinime::Dictionary::getSuggestions(latinime::ProximityInfo*, latinime::DicTraverseSession*, int*, int*, int*, int*, int*, int, latinime::NgramContext const*, latinime::SuggestOptions const*, float, latinime::SuggestionResults*) const+104) (BuildId: f905dbd1a904967a994cf833116e517b05caa863)
06-08 15:14:04.967 30508 30508 F DEBUG   :       #11 pc 000000000009fd88  /data/app/~~BVrT4y3PHRVKpbwy9IuqPw==/com.vibekey.keyboard-tAlO1dqfNmGBzYLxoDEuOQ==/lib/arm64/libjni_latinime.so (BuildId: f905dbd1a904967a994cf833116e517b05caa863)
06-08 15:14:04.967 30508 30508 F DEBUG   :       #12 pc 00000000002c2100  /apex/com.android.art/lib64/libart.so (art_quick_generic_jni_trampoline+144) (BuildId: 7087b2f2160bfbf3335d54ba9779e325)
06-08 15:14:04.967 30508 30508 F DEBUG   :       #13 pc 0000000002066c9c  /memfd:jit-cache (deleted)
06-08 15:14:06.913 30530 30530 E OplusCustomizeRestrictionManager: sInstance is null, start a new sInstance
--------- beginning of main
06-08 15:14:18.019 30530 30614 W cr_MediaCodecBridge: Releasing: OMX.qcom.video.decoder.vp9
06-08 15:14:18.021 30530 30898 E ExtensionsLoader: freeAllBuffers: 11 buffers were freed while being dequeued!
06-08 15:14:18.021 30530 30614 W cr_MediaCodecBridge: Codec released
06-08 15:14:18.036 30530 30564 I VkSuggestions: strip composing typedLen=1 candidates=19 autocorrect=false top=h locale=pt
06-08 15:14:18.148 30530 30530 I SpaceAssistPopup: ○ typing idle scheduled
06-08 15:14:18.255 30530 30564 I VkSuggestions: decode typedLen=2 candidates=18 locales=1 6,3ms
06-08 15:14:18.256 30530 30564 I VkSuggestions: strip composing typedLen=2 candidates=18 autocorrect=false top=hh locale=pt
06-08 15:14:18.326 30530 30530 I SpaceAssistPopup: ○ typing idle scheduled
06-08 15:14:18.437 30530 30564 I VkSuggestions: decode typedLen=3 candidates=18 locales=1 11,0ms
06-08 15:14:18.439 30530 30564 I VkSuggestions: strip composing typedLen=3 candidates=19 autocorrect=false top=hhe locale=pt
06-08 15:14:18.878 30530 30530 I SpaceAssistPopup: ○ fetch skipped: field_too_short fieldChars=3
06-08 15:14:19.081 30530 30530 I SpaceAssistPopup: ○ typing idle scheduled
06-08 15:14:19.132 30530 30530 I SpaceAssistPopup: ○ typing idle scheduled
06-08 15:14:19.257 30530 30530 I SpaceAssistPopup: ○ typing idle scheduled
06-08 15:14:19.271 30530 30530 I SpaceAssistPopup: ○ typing idle scheduled
06-08 15:14:19.315 30530 30530 I SpaceAssistPopup: ○ typing idle scheduled
06-08 15:14:19.360 30530 30564 I VkSuggestions: strip prediction typedLen=0 candidates=3 autocorrect=false top=pronto locale=pt
06-08 15:14:19.378 30530 30530 I SpaceAssistPopup: ○ typing idle scheduled
06-08 15:14:19.428 30530 30530 I SpaceAssistPopup: ○ typing idle scheduled
06-08 15:14:19.818 30530 30530 I SpaceAssistPopup: ○ send ready=false outChars=0
06-08 15:14:19.818 30530 30530 I VkSwipe : ▶ gesture started locale=pt-BR
06-08 15:14:19.827 30530 30564 I VkSuggestions: decode typedLen=0 candidates=18 locales=1 7,3ms
06-08 15:14:19.947 30530 30564 W VibeKeyProfiler: Slow Native Suggest: Total=8.31ms | Init=0.14ms | TrieExpand(x18)=8.12ms | Scoring=0.04ms | inputSize=2
06-08 15:14:19.952 30530 30564 I VkSuggestions: decode typedLen=2 candidates=18 locales=1 14,8ms
06-08 15:14:19.965 30530 30564 I VkSuggestions: decode typedLen=0 candidates=18 locales=1 12,5ms
06-08 15:14:20.184 30530 30564 I VkSuggestions: decode typedLen=3 candidates=18 locales=1 11,6ms
06-08 15:14:20.198 30530 30564 W VibeKeyProfiler: Slow Native Suggest: Total=8.52ms | Init=0.17ms | TrieExpand(x15)=8.33ms | Scoring=0.02ms | inputSize=22
06-08 15:14:20.199 30530 30564 I VkSuggestions: decode typedLen=0 candidates=18 locales=1 14,6ms
06-08 15:14:20.279 30530 30564 I VkSuggestions: decode typedLen=3 candidates=18 locales=1 7,0ms
06-08 15:14:20.287 30530 30564 I VkSuggestions: decode typedLen=0 candidates=18 locales=1 8,1ms
06-08 15:14:20.401 30530 30564 I VkSuggestions: decode typedLen=4 candidates=18 locales=1 11,8ms
06-08 15:14:20.410 30530 30564 I VkSuggestions: decode typedLen=0 candidates=18 locales=1 8,3ms
06-08 15:14:20.516 30530 30564 I VkSuggestions: decode typedLen=5 candidates=18 locales=1 10,0ms
06-08 15:14:20.537 30530 30564 W VibeKeyProfiler: Slow Native Suggest: Total=13.96ms | Init=0.13ms | TrieExpand(x26)=13.81ms | Scoring=0.02ms | inputSize=44
06-08 15:14:20.538 30530 30564 I VkSuggestions: decode typedLen=0 candidates=18 locales=1 21,2ms
06-08 15:14:20.538 30530 30564 W VkSuggestions: slow frame 21,2ms locales=1 typedLen=0 candidates=18
06-08 15:14:20.590 30530 30564 I VkSuggestions: decode typedLen=5 candidates=18 locales=1 10,4ms
06-08 15:14:20.610 30530 30564 W VibeKeyProfiler: Slow Native Suggest: Total=14.04ms | Init=0.18ms | TrieExpand(x26)=13.84ms | Scoring=0.02ms | inputSize=46
06-08 15:14:20.611 30530 30564 I VkSuggestions: decode typedLen=0 candidates=18 locales=1 20,7ms
06-08 15:14:20.611 30530 30564 W VkSuggestions: slow frame 20,7ms locales=1 typedLen=0 candidates=18
06-08 15:14:20.620 30530 30530 I VkSwipe : ✓ gesture points=46 decodedLen=3 candidates=18 top=Jim 802ms
06-08 15:14:21.193 30530 30530 I SpaceAssistPopup: ○ typing idle scheduled
06-08 15:14:21.332 30530 30530 I SpaceAssistPopup: ○ typing idle scheduled
06-08 15:14:21.508 30530 30530 I SpaceAssistPopup: ○ typing idle scheduled
06-08 15:14:22.059 30530 30530 I SpaceAssistPopup: ○ fetch skipped: field_too_short
06-08 15:14:22.244 30530 30916 E FilePhenotypeFlags: Config package com.google.android.gms.clearcut_client#com.vibekey.keyboard cannot use FILE backing without declarative registration. See go/phenotype-android-integration#phenotype for more information. This will lead to stale flags.
06-08 15:14:22.256 30530 30916 E FilePhenotypeFlags: Config package com.google.android.gms.clearcut_client#com.vibekey.keyboard cannot use FILE backing without declarative registration. See go/phenotype-android-integration#phenotype for more information. This will lead to stale flags.
06-08 15:14:22.256 30530 30916 E FilePhenotypeFlags: Config package com.google.android.gms.clearcut_client#com.vibekey.keyboard cannot use FILE backing without declarative registration. See go/phenotype-android-integration#phenotype for more information. This will lead to stale flags.
06-08 15:14:22.819 30530 30564 I VkSuggestions: decode typedLen=1 candidates=18 locales=1 7,4ms
06-08 15:14:22.820 30530 30564 I VkSuggestions: strip composing typedLen=1 candidates=19 autocorrect=false top=j locale=pt
06-08 15:14:22.927 30530 30530 I SpaceAssistPopup: ○ typing idle scheduled
06-08 15:14:23.036 30530 30564 I VkSuggestions: decode typedLen=2 candidates=18 locales=1 6,2ms
06-08 15:14:23.037 30530 30564 I VkSuggestions: strip composing typedLen=2 candidates=17 autocorrect=false top=jj locale=pt
06-08 15:14:23.097 30530 30530 I SpaceAssistPopup: ○ typing idle scheduled
06-08 15:14:23.212 30530 30564 I VkSuggestions: decode typedLen=3 candidates=18 locales=1 14,6ms
06-08 15:14:23.215 30530 30564 I VkSuggestions: strip composing typedLen=3 candidates=19 autocorrect=false top=jjd locale=pt
06-08 15:14:24.118 30530 30530 I SpaceAssistPopup: ○ send ready=false outChars=0
06-08 15:14:24.118 30530 30530 I VkPanels: ▶ open browser
06-08 15:14:24.128 30530 30530 W View    : requestLayout() improperly called by android.widget.FrameLayout{d3ea72 V.E...... ......ID 0,1625-1440,1805 #7f0a0087 app:id/browser_nav_footer_float} during layout: running second layout pass
06-08 15:14:24.129 30530 30530 I VkBrowser: ▶ panel open incognito=false tabs=0 queryLen=0
06-08 15:14:24.146 30530 30530 E GeckoView: Failed to attach WindowInsetsListener: 
06-08 15:14:24.146 30530 30530 E GeckoView: java.lang.NullPointerException: Attempt to invoke virtual method 'android.view.Window android.app.Activity.getWindow()' on a null object reference
06-08 15:14:24.146 30530 30530 E GeckoView: 	at org.mozilla.geckoview.GeckoView.attachWindowInsetsListener(r8-map-id-ae12c5b04b1d16ae0b9a48036f933f82f77add4c2829cb57d20112f133124a23:1)
06-08 15:14:24.146 30530 30530 E GeckoView: 	at org.mozilla.geckoview.GeckoView.onAttachedToWindow(r8-map-id-ae12c5b04b1d16ae0b9a48036f933f82f77add4c2829cb57d20112f133124a23:49)
06-08 15:14:24.146 30530 30530 E GeckoView: 	at helium314.keyboard.latin.panels.ImeGeckoView.onAttachedToWindow(r8-map-id-ae12c5b04b1d16ae0b9a48036f933f82f77add4c2829cb57d20112f133124a23:4)
06-08 15:14:24.146 30530 30530 E GeckoView: 	at android.view.View.dispatchAttachedToWindow(View.java:20900)
06-08 15:14:24.146 30530 30530 E GeckoView: 	at android.view.ViewGroup.dispatchAttachedToWindow(ViewGroup.java:3539)
06-08 15:14:24.146 30530 30530 E GeckoView: 	at android.view.ViewGroup.addViewInner(ViewGroup.java:5378)
06-08 15:14:24.146 30530 30530 E GeckoView: 	at android.view.ViewGroup.addView(ViewGroup.java:5156)
06-08 15:14:24.146 30530 30530 E GeckoView: 	at android.view.ViewGroup.addView(ViewGroup.java:5096)
06-08 15:14:24.146 30530 30530 E GeckoView: 	at helium314.keyboard.latin.panels.BrowserPanelView.Z(r8-map-id-ae12c5b04b1d16ae0b9a48036f933f82f77add4c2829cb57d20112f133124a23:311)
06-08 15:14:24.146 30530 30530 E GeckoView: 	at helium314.keyboard.latin.panels.BrowserPanelView.H0(r8-map-id-ae12c5b04b1d16ae0b9a48036f933f82f77add4c2829cb57d20112f133124a23:175)
06-08 15:14:24.146 30530 30530 E GeckoView: 	at c5.s.run(r8-map-id-ae12c5b04b1d16ae0b9a48036f933f82f77add4c2829cb57d20112f133124a23:622)
06-08 15:14:24.146 30530 30530 E GeckoView: 	at i7.y.onGlobalLayout(r8-map-id-ae12c5b04b1d16ae0b9a48036f933f82f77add4c2829cb57d20112f133124a23:8)
06-08 15:14:24.146 30530 30530 E GeckoView: 	at android.view.ViewTreeObserver.dispatchOnGlobalLayout(ViewTreeObserver.java:1061)
06-08 15:14:24.146 30530 30530 E GeckoView: 	at android.view.ViewRootImpl.performTraversals(ViewRootImpl.java:3407)
06-08 15:14:24.146 30530 30530 E GeckoView: 	at android.view.ViewRootImpl.doTraversal(ViewRootImpl.java:2305)
06-08 15:14:24.146 30530 30530 E GeckoView: 	at android.view.ViewRootImpl$TraversalRunnable.run(ViewRootImpl.java:9133)
06-08 15:14:24.146 30530 30530 E GeckoView: 	at android.view.Choreographer$CallbackRecord.run(Choreographer.java:1232)
06-08 15:14:24.146 30530 30530 E GeckoView: 	at android.view.Choreographer.doCallbacks(Choreographer.java:1029)
06-08 15:14:24.146 30530 30530 E GeckoView: 	at android.view.Choreographer.doFrame(Choreographer.java:934)
06-08 15:14:24.146 30530 30530 E GeckoView: 	at android.view.Choreographer$FrameDisplayEventReceiver.run(Choreographer.java:1217)
06-08 15:14:24.146 30530 30530 E GeckoView: 	at android.os.Handler.handleCallback(Handler.java:938)
06-08 15:14:24.146 30530 30530 E GeckoView: 	at android.os.Handler.dispatchMessage(Handler.java:99)
06-08 15:14:24.146 30530 30530 E GeckoView: 	at android.os.Looper.loopOnce(Looper.java:233)
06-08 15:14:24.146 30530 30530 E GeckoView: 	at android.os.Looper.loop(Looper.java:344)
06-08 15:14:24.146 30530 30530 E GeckoView: 	at android.app.ActivityThread.main(ActivityThread.java:8212)
06-08 15:14:24.146 30530 30530 E GeckoView: 	at java.lang.reflect.Method.invoke(Native Method)
06-08 15:14:24.146 30530 30530 E GeckoView: 	at com.android.internal.os.RuntimeInit$MethodAndArgsCaller.run(RuntimeInit.java:584)
06-08 15:14:24.146 30530 30530 E GeckoView: 	at com.android.internal.os.ZygoteInit.main(ZygoteInit.java:1034)
06-08 15:14:24.185 30530 30530 I VkBrowser: → load host=www.marketwatch.com
06-08 15:14:24.193 30925 30925 E ey.keyboard:gp: Unknown bits set in runtime_flags: 0x40000000
06-08 15:14:24.228 30720 30766 E GeckoLibLoad: Load sqlite start
06-08 15:14:24.229 30720 30766 E GeckoLibLoad: Load sqlite done
06-08 15:14:24.231 30720 30766 E GeckoLibLoad: Load nss start
06-08 15:14:24.231 30720 30766 E GeckoLibLoad: Load nss done
06-08 15:14:24.246 30720 30766 E GeckoLibLoad: Loaded libs in 14.966875ms total, 9ms(9ms) user, 0ms(1ms) system, 0(0) faults
06-08 15:14:24.246 30720 30766 W GeckoThread: zerdatime 622907107 - runGecko
06-08 15:14:24.255 30925 30947 E GeckoLibLoad: Load sqlite start
06-08 15:14:24.256 30925 30947 E GeckoLibLoad: Load sqlite done
06-08 15:14:24.256 30925 30947 E GeckoLibLoad: Load nss start
06-08 15:14:24.256 30925 30947 E GeckoLibLoad: Load nss done
06-08 15:14:24.267 30925 30947 E GeckoLibLoad: Loaded libs in 10.773646ms total, 7ms(5ms) user, 0ms(3ms) system, 0(0) faults
06-08 15:14:24.267 30925 30947 W GeckoThread: zerdatime 622907128 - runGecko
06-08 15:14:24.291 30925 30968 W AudioCapabilities: Unsupported mime audio/ffmpeg
06-08 15:14:24.292 30925 30968 W VideoCapabilities: Unsupported mime video/ffmpeg
06-08 15:14:24.292 30925 30968 W VideoCapabilities: Unrecognized profile/level 0/3 for video/mpeg2
06-08 15:14:24.292 30925 30968 W VideoCapabilities: Unrecognized profile/level 0/3 for video/mpeg2
06-08 15:14:24.311 30925 30942 E ey.keyboard:gp: ofbOpen failed with error=No such file or directory
06-08 15:14:24.311 30925 30942 E ey.keyboard:gp: sysOpen failed with error=No such file or directory
06-08 15:14:24.359 30530 30908 E BLASTBufferQueue: [SurfaceView[InputMethod]#1](f:0,a:0) rejecting buffer:active_size=1440x1801, requested_size=1440x1801 buffer{size=1440x1809 transform=0}
06-08 15:14:24.360 30530 30908 E BLASTBufferQueue: BLASTBufferItemConsumer::onDisconnect()
06-08 15:14:24.366 30530 30530 I VkBrowser: ✓ page host=www.espn.com
06-08 15:14:24.378 31002 31002 E y.keyboard:tab: Unknown bits set in runtime_flags: 0x40000000
06-08 15:14:24.441 31002 31050 E GeckoLibLoad: Load sqlite start
06-08 15:14:24.442 31002 31050 E GeckoLibLoad: Load sqlite done
06-08 15:14:24.442 31002 31050 E GeckoLibLoad: Load nss start
06-08 15:14:24.442 31002 31050 E GeckoLibLoad: Load nss done
06-08 15:14:24.451 31002 31050 E GeckoLibLoad: Loaded libs in 9.110781ms total, 0ms(8ms) user, 0ms(0ms) system, 0(0) faults
06-08 15:14:24.452 31002 31050 W GeckoThread: zerdatime 622907313 - runGecko
06-08 15:14:24.482 30530 30690 W GeckoConsole: [JavaScript Warning: "Missing resource in locale pt-BR: netwerk/necko.ftl"]
06-08 15:14:24.482 30530 30690 W GeckoConsole: [JavaScript Warning: "Missing resource in locale pt-PT: netwerk/necko.ftl"]
06-08 15:14:24.538 31002 31050 W GeckoEditableChild: No editable parent
06-08 15:14:24.539 31002 31050 W Isolated Web Content: [JavaScript Warning: "Missing resource in locale pt-BR: netwerk/necko.ftl"]
06-08 15:14:24.539 31002 31050 W Isolated Web Content: [JavaScript Warning: "Missing resource in locale pt-PT: netwerk/necko.ftl"]
06-08 15:14:24.574 30530 30530 W com.vibekey.keyboard: type=1400 audit(0.0:277878): avc: denied { nlmsg_readpriv } for comm=536F636B657420546872656164 scontext=u:r:untrusted_app:s0:c172,c271,c512,c768 tcontext=u:r:untrusted_app:s0:c172,c271,c512,c768 tclass=netlink_route_socket permissive=0 bug=b/155595000 app=com.vibekey.keyboard
06-08 15:14:24.587 31002 31050 W Isolated Web Content: [JavaScript Warning: "Preload of https://config.aps.amazon-adsystem.com/configs/3482 was ignored due to unknown “as” or “type” values, or non-matching “media” attribute." {file: "https://www.marketwatch.com/" line: 0}]
06-08 15:14:24.594 30530 30530 W com.vibekey.keyboard: type=1400 audit(0.0:277879): avc: denied { nlmsg_readpriv } for comm=536F636B657420546872656164 scontext=u:r:untrusted_app:s0:c172,c271,c512,c768 tcontext=u:r:untrusted_app:s0:c172,c271,c512,c768 tclass=netlink_route_socket permissive=0 bug=b/155595000 app=com.vibekey.keyboard
06-08 15:14:25.284 31002 31050 W AudioCapabilities: Unsupported mime audio/ffmpeg
06-08 15:14:25.284 31002 31050 W VideoCapabilities: Unsupported mime video/ffmpeg
06-08 15:14:25.285 31002 31050 W VideoCapabilities: Unrecognized profile/level 0/3 for video/mpeg2
06-08 15:14:25.285 31002 31050 W VideoCapabilities: Unrecognized profile/level 0/3 for video/mpeg2
06-08 15:14:25.696 31002 31139 E y.keyboard:tab: ofbOpen failed with error=No such file or directory
06-08 15:14:25.697 31002 31139 E y.keyboard:tab: sysOpen failed with error=No such file or directory
06-08 15:14:25.724 23399 23442 W libc    : Access denied finding property "vendor.oplus.media.vpp.stutter"
06-08 15:14:25.724 23399 23442 E MULTIMEDIAConfig: [getInt32:L80] Not find config, Returning default
06-08 15:14:25.724 23399 23442 E MULTIMEDIAConfig: [getInt32:L80] Not find config, Returning default
06-08 15:14:25.724 23399 23442 E OplusACodec: [OplusACodec:204] mSrOsieMMListCheckResult:0x0 mOsieVersion:1
06-08 15:14:25.741 23399 31153 E OplusACodec: [GetVideoCodingTypeFromMime:L1162] mime:video/avc
06-08 15:14:26.392 30530 30870 E BLASTBufferQueue: BLASTBufferItemConsumer::onDisconnect()
06-08 15:14:26.396 30530 30530 I VkBrowser: ✓ page host=www.marketwatch.com title=MarketWatch: Stock Market News - Financi…
06-08 15:14:26.791 30530 30908 E BLASTBufferQueue: BLASTBufferItemConsumer::onDisconnect()
06-08 15:14:26.793 30530 30530 E GeckoView: Failed to detach WindowInsetsListener: 
06-08 15:14:26.793 30530 30530 E GeckoView: 	at org.mozilla.geckoview.GeckoView.detachWindowInsetsListener(r8-map-id-ae12c5b04b1d16ae0b9a48036f933f82f77add4c2829cb57d20112f133124a23:1)
06-08 15:14:26.793 30530 30530 E GeckoView: 	at org.mozilla.geckoview.GeckoView.onDetachedFromWindow(r8-map-id-ae12c5b04b1d16ae0b9a48036f933f82f77add4c2829cb57d20112f133124a23:25)
06-08 15:14:26.793 30530 30530 E GeckoView: 	at helium314.keyboard.latin.panels.ImeGeckoView.onDetachedFromWindow(r8-map-id-ae12c5b04b1d16ae0b9a48036f933f82f77add4c2829cb57d20112f133124a23:1)
06-08 15:14:26.793 30530 30530 E GeckoView: 	at android.view.View.dispatchDetachedFromWindow(View.java:20955)
06-08 15:14:26.793 30530 30530 E GeckoView: 	at android.view.ViewGroup.dispatchDetachedFromWindow(ViewGroup.java:4014)
06-08 15:14:26.793 30530 30530 E GeckoView: 	at android.view.ViewGroup.removeViewInternal(ViewGroup.java:5660)
06-08 15:14:26.793 30530 30530 E GeckoView: 	at android.view.ViewGroup.removeViewInternal(ViewGroup.java:5631)
06-08 15:14:26.793 30530 30530 E GeckoView: 	at android.view.ViewGroup.removeView(ViewGroup.java:5562)
06-08 15:14:26.793 30530 30530 E GeckoView: 	at a8.t0.run(r8-map-id-ae12c5b04b1d16ae0b9a48036f933f82f77add4c2829cb57d20112f133124a23:1239)
06-08 15:14:26.793 30530 30530 E GeckoView: 	at helium314.keyboard.latin.panels.BrowserPanelView.R(r8-map-id-ae12c5b04b1d16ae0b9a48036f933f82f77add4c2829cb57d20112f133124a23:151)
06-08 15:14:26.793 30530 30530 E GeckoView: 	at helium314.keyboard.latin.panels.BrowserPanelView.I0(r8-map-id-ae12c5b04b1d16ae0b9a48036f933f82f77add4c2829cb57d20112f133124a23:73)
06-08 15:14:26.793 30530 30530 E GeckoView: 	at i7.b0.s(r8-map-id-ae12c5b04b1d16ae0b9a48036f933f82f77add4c2829cb57d20112f133124a23:149)
06-08 15:14:26.793 30530 30530 E GeckoView: 	at i7.b0.V(r8-map-id-ae12c5b04b1d16ae0b9a48036f933f82f77add4c2829cb57d20112f133124a23:17)
06-08 15:14:26.793 30530 30530 E GeckoView: 	at a8.i5.a(r8-map-id-ae12c5b04b1d16ae0b9a48036f933f82f77add4c2829cb57d20112f133124a23:3)
06-08 15:14:26.793 30530 30530 E GeckoView: 	at a8.g3.onClick(r8-map-id-ae12c5b04b1d16ae0b9a48036f933f82f77add4c2829cb57d20112f133124a23:207)
06-08 15:14:26.793 30530 30530 E GeckoView: 	at android.view.View.performClick(View.java:7488)
06-08 15:14:26.793 30530 30530 E GeckoView: 	at android.view.View.performClickInternal(View.java:7464)
06-08 15:14:26.793 30530 30530 E GeckoView: 	at android.view.View.access$3700(View.java:841)
06-08 15:14:26.793 30530 30530 E GeckoView: 	at android.view.View$PerformClick.run(View.java:28911)
06-08 15:14:26.793 30530 30530 E GeckoView: 	at android.os.Handler.handleCallback(Handler.java:938)
06-08 15:14:26.793 30530 30530 E GeckoView: 	at android.os.Handler.dispatchMessage(Handler.java:99)
06-08 15:14:26.793 30530 30530 E GeckoView: 	at android.os.Looper.loopOnce(Looper.java:233)
06-08 15:14:26.793 30530 30530 E GeckoView: 	at android.os.Looper.loop(Looper.java:344)
06-08 15:14:26.793 30530 30530 E GeckoView: 	at android.app.ActivityThread.main(ActivityThread.java:8212)
06-08 15:14:26.793 30530 30530 E GeckoView: 	at java.lang.reflect.Method.invoke(Native Method)
06-08 15:14:26.793 30530 30530 E GeckoView: 	at com.android.internal.os.RuntimeInit$MethodAndArgsCaller.run(RuntimeInit.java:584)
06-08 15:14:26.793 30530 30530 E GeckoView: 	at com.android.internal.os.ZygoteInit.main(ZygoteInit.java:1034)
06-08 15:14:27.038 30530 30530 W GeckoSession: No history entries found.
06-08 15:14:27.366 31268 31268 E y.keyboard:tab: Unknown bits set in runtime_flags: 0x40000000
06-08 15:14:27.426 31268 31285 E GeckoLibLoad: Load sqlite start
06-08 15:14:27.427 31268 31285 E GeckoLibLoad: Load sqlite done
06-08 15:14:27.427 31268 31285 E GeckoLibLoad: Load nss start
06-08 15:14:27.427 31268 31285 E GeckoLibLoad: Load nss done
06-08 15:14:27.439 31268 31285 E GeckoLibLoad: Loaded libs in 12.193646ms total, 4ms(5ms) user, 0ms(4ms) system, 0(0) faults
06-08 15:14:27.439 31268 31285 W GeckoThread: zerdatime 622910300 - runGecko
06-08 15:14:27.523 30530 30564 W VibeKeyProfiler: Slow Native Suggest: Total=13.40ms | Init=0.17ms | TrieExpand(x14)=13.21ms | Scoring=0.02ms | inputSize=4
06-08 15:14:27.529 30530 30564 I VkSuggestions: decode typedLen=4 candidates=18 locales=1 18,8ms
06-08 15:14:27.529 30530 30564 W VkSuggestions: slow frame 18,8ms locales=1 typedLen=4 candidates=18
06-08 15:14:27.531 30530 30564 I VkSuggestions: strip composing typedLen=4 candidates=17 autocorrect=false top=jjdh locale=pt
06-08 15:14:27.558 30530 30530 I SpaceAssistPopup: ○ typing idle scheduled
06-08 15:14:27.665 30530 30564 I VkSuggestions: decode typedLen=5 candidates=18 locales=1 6,0ms
06-08 15:14:27.667 30530 30564 I VkSuggestions: strip composing typedLen=5 candidates=17 autocorrect=false top=jjdhh locale=pt
06-08 15:14:27.771 30530 30530 I SpaceAssistPopup: ○ typing idle scheduled
06-08 15:14:27.875 30530 30564 I VkSuggestions: decode typedLen=6 candidates=18 locales=1 2,7ms
06-08 15:14:27.876 30530 30564 I VkSuggestions: strip composing typedLen=6 candidates=19 autocorrect=false top=jjdhhh locale=pt
06-08 15:14:27.893 30530 30530 I SpaceAssistPopup: ○ typing idle scheduled
06-08 15:14:27.997 30530 30564 I VkSuggestions: decode typedLen=7 candidates=18 locales=1 3,0ms
06-08 15:14:27.999 30530 30564 I VkSuggestions: strip composing typedLen=7 candidates=19 autocorrect=false top=jjdhhhe locale=pt
06-08 15:14:28.125 30530 30530 I SpaceAssistPopup: ○ typing idle scheduled
06-08 15:14:28.228 30530 30564 I VkSuggestions: decode typedLen=8 candidates=18 locales=1 3,0ms
06-08 15:14:28.229 30530 30564 I VkSuggestions: strip composing typedLen=8 candidates=19 autocorrect=false top=jjdhhheo locale=pt
06-08 15:14:28.318 30530 30530 I SpaceAssistPopup: ○ typing idle scheduled
06-08 15:14:28.328 31314 31314 E .keyboard:tab2: Unknown bits set in runtime_flags: 0x40000000
06-08 15:14:28.381 31314 31331 E GeckoLibLoad: Load sqlite start
06-08 15:14:28.382 31314 31331 E GeckoLibLoad: Load sqlite done
06-08 15:14:28.382 31314 31331 E GeckoLibLoad: Load nss start
06-08 15:14:28.382 31314 31331 E GeckoLibLoad: Load nss done
06-08 15:14:28.392 31314 31331 E GeckoLibLoad: Loaded libs in 9.033385ms total, 7ms(8ms) user, 0ms(0ms) system, 0(0) faults
06-08 15:14:28.392 31314 31331 W GeckoThread: zerdatime 622911253 - runGecko
06-08 15:14:28.428 30530 30564 I VkSuggestions: decode typedLen=9 candidates=18 locales=1 8,4ms
06-08 15:14:28.431 30530 30564 I VkSuggestions: strip composing typedLen=9 candidates=19 autocorrect=false top=jjdhhheoo locale=pt
06-08 15:14:28.622 31371 31371 E .keyboard:tab2: Unknown bits set in runtime_flags: 0x40000000
06-08 15:14:28.670 31371 31396 E GeckoLibLoad: Load sqlite start
06-08 15:14:28.671 31371 31396 E GeckoLibLoad: Load sqlite done
06-08 15:14:28.671 31371 31396 E GeckoLibLoad: Load nss start
06-08 15:14:28.671 31371 31396 E GeckoLibLoad: Load nss done
06-08 15:14:28.688 31371 31396 E GeckoLibLoad: Loaded libs in 16.661667ms total, 3ms(8ms) user, 0ms(0ms) system, 0(0) faults
06-08 15:14:28.688 31371 31396 W GeckoThread: zerdatime 622911549 - runGecko
06-08 15:14:28.729 30530 30540 W ibekey.keyboar: Cleared Reference was only reachable from finalizer (only reported once)
06-08 15:14:28.873 30530 30530 I SpaceAssistPopup: ▶ generate prompt shown fieldChars=9
06-08 15:14:28.873 30530 30530 I SpaceAssistPopup: ▶ overlay show: generate_prompt
06-08 15:14:28.885 20805 21787 I OnDeviceAssist: warm ok model=qwen2.5-0.5b-instruct-q4_0.gguf ambient=40 chars 0ms
06-08 15:14:29.044 30530 30530 I SpaceAssistPopup: ○ typing idle scheduled
06-08 15:14:29.095 30530 30530 I SpaceAssistPopup: ○ typing idle scheduled
06-08 15:14:29.131 30530 30530 I SpaceAssistPopup: ○ typing idle scheduled
06-08 15:14:29.181 30530 30530 I SpaceAssistPopup: ○ typing idle scheduled
06-08 15:14:29.245 30530 30530 I SpaceAssistPopup: ○ typing idle scheduled
06-08 15:14:29.282 30530 30530 I SpaceAssistPopup: ○ typing idle scheduled
06-08 15:14:29.332 30530 30530 I SpaceAssistPopup: ○ overlay hide: typing
06-08 15:14:29.333 30530 30530 I SpaceAssistPopup: ○ typing idle scheduled
06-08 15:14:29.381 30530 30530 I SpaceAssistPopup: ○ typing idle scheduled
06-08 15:14:29.495 30530 30530 I SpaceAssistPopup: ○ typing idle scheduled
06-08 15:14:29.511 30530 30530 I SpaceAssistPopup: ○ typing idle scheduled
06-08 15:14:29.554 30530 30530 I SpaceAssistPopup: ○ typing idle scheduled
06-08 15:14:29.600 30530 30564 I VkSuggestions: strip prediction typedLen=0 candidates=3 autocorrect=false top=pronto locale=pt
06-08 15:14:29.614 30530 30530 I SpaceAssistPopup: ○ typing idle scheduled
06-08 15:14:29.666 30530 30530 I SpaceAssistPopup: ○ typing idle scheduled
06-08 15:14:29.715 30530 30530 I SpaceAssistPopup: ○ typing idle scheduled
06-08 15:14:29.768 30530 30530 I SpaceAssistPopup: ○ typing idle scheduled
06-08 15:14:29.817 30530 30530 I SpaceAssistPopup: ○ typing idle scheduled
06-08 15:14:29.866 30530 30530 I SpaceAssistPopup: ○ typing idle scheduled
06-08 15:14:29.919 30530 30530 I SpaceAssistPopup: ○ typing idle scheduled
06-08 15:14:30.903 30530 30690 E GeckoConsole: [JavaScript Error: "TypeError: can't access property "WindowEventDispatcher", win is null" {file: "resource://gre/modules/GeckoViewSessionStore.sys.mjs" line: 149}]
06-08 15:14:30.903 30530 30690 E GeckoConsole: onTabStateUpdate@resource://gre/modules/GeckoViewSessionStore.sys.mjs:149:5
06-08 15:14:30.903 30530 30690 E GeckoConsole: updateSessionStoreFromTabListener@resource://gre/modules/GeckoViewSessionStore.sys.mjs:243:10
06-08 15:14:30.918 30530 30530 I SpaceAssistPopup: ○ send ready=false outChars=0
06-08 15:14:30.918 30530 30530 I VkPanels: ▶ open menu
06-08 15:14:31.880 30530 30530 I SpaceAssistPopup: ○ send ready=false outChars=0
06-08 15:14:31.881 30530 30530 I VkSwipe : ▶ gesture started locale=pt-BR
06-08 15:14:31.992 30530 30564 W VibeKeyProfiler: Slow Native Suggest: Total=8.98ms | Init=0.21ms | TrieExpand(x15)=8.75ms | Scoring=0.02ms | inputSize=2
06-08 15:14:31.996 30530 30564 I VkSuggestions: decode typedLen=2 candidates=18 locales=1 13,4ms
06-08 15:14:32.009 30530 30564 W VibeKeyProfiler: Slow Native Suggest: Total=8.30ms | Init=0.13ms | TrieExpand(x12)=8.15ms | Scoring=0.02ms | inputSize=12
06-08 15:14:32.010 30530 30564 I VkSuggestions: decode typedLen=0 candidates=18 locales=1 14,1ms
06-08 15:14:32.113 30530 30564 I VkSuggestions: decode typedLen=2 candidates=18 locales=1 13,5ms
06-08 15:14:32.122 30530 30564 I VkSuggestions: decode typedLen=0 candidates=18 locales=1 8,9ms
06-08 15:14:32.346 31434 31434 E libcrashpad_handler_trampoline.so: createInstance(64bit) : createExtendedFactory
06-08 15:14:32.347 31434 31434 E libcrashpad_handler_trampoline.so: createInstance(64bit) : createExtendedFactory
06-08 15:14:32.348 31434 31434 E libcrashpad_handler_trampoline.so: Opened libinputextensionsimpl.so
06-08 15:14:32.348 31434 31434 E libcrashpad_handler_trampoline.so: Opened libinputextensionsimpl.so
06-08 15:14:32.349 31434 31434 E libcrashpad_handler_trampoline.so: createInstance(64bit) : createExtendedFactory
06-08 15:14:32.350 31434 31434 E libcrashpad_handler_trampoline.so: createInstance(64bit) : createExtendedFactory
06-08 15:14:32.350 31434 31434 E libcrashpad_handler_trampoline.so: Opened libsensorextimpl.so
06-08 15:14:32.350 31434 31434 E libcrashpad_handler_trampoline.so: Opened libsensorextimpl.so
06-08 15:14:32.396 31434 31434 E chromium: [0608/151432.395965:ERROR:third_party/crashpad/crashpad/util/process/process_memory_range.cc:75] read out of range
06-08 15:14:32.543 30530 30564 F libc    : Fatal signal 7 (SIGBUS), code 2 (BUS_ADRERR), fault addr 0x76665de01d in tid 30564 (d), pid 30530 (AndroidUI)
06-08 15:14:32.628 31441 31441 E DEBUG   : failed to readlink /proc/30564/fd/437: No such file or directory
06-08 15:14:32.629 31441 31441 E DEBUG   : failed to readlink /proc/30564/fd/441: No such file or directory
06-08 15:14:32.629 31441 31441 E DEBUG   : failed to readlink /proc/30564/fd/451: No such file or directory
06-08 15:14:32.805 31441 31441 E DEBUG   : failed to read /proc/uptime: Permission denied
06-08 15:14:33.547 31441 31441 F DEBUG   : Process name is com.vibekey.keyboard, not key_process
06-08 15:14:33.547 31441 31441 F DEBUG   : keyProcess: 0
06-08 15:14:33.547 31441 31441 F DEBUG   : *** *** *** *** *** *** *** *** *** *** *** *** *** *** *** ***
06-08 15:14:33.547 31441 31441 F DEBUG   : Build fingerprint: 'OnePlus/OnePlus7Pro/OnePlus7Pro:12/SKQ1.211113.001/P.202303230244:user/release-keys'
06-08 15:14:33.547 31441 31441 F DEBUG   : Revision: '0'
06-08 15:14:33.547 31441 31441 F DEBUG   : ABI: 'arm64'
06-08 15:14:33.547 31441 31441 F DEBUG   : Timestamp: 2026-06-08 15:14:32.805119623-0400
06-08 15:14:33.547 31441 31441 F DEBUG   : Process uptime: 0s
06-08 15:14:33.547 31441 31441 F DEBUG   : Cmdline: com.vibekey.keyboard
06-08 15:14:33.547 31441 31441 F DEBUG   : pid: 30530, tid: 30564, name: d  >>> com.vibekey.keyboard <<<
06-08 15:14:33.547 31441 31441 F DEBUG   : uid: 14012
06-08 15:14:33.547 31441 31441 F DEBUG   : signal 7 (SIGBUS), code 2 (BUS_ADRERR), fault addr 0x76665de01d
06-08 15:14:33.547 31441 31441 F DEBUG   :     x0  0000000000000000  x1  0000000000007764  x2  0000000000000007  x3  000000768a6d1da0
06-08 15:14:33.547 31441 31441 F DEBUG   :     x4  000000768a6d16a8  x5  000000768a6d16a8  x6  000000768a6d16a8  x7  0000000000000000
06-08 15:14:33.547 31441 31441 F DEBUG   :     x8  00000000000000f0  x9  db746b027190efc7  x10 0000000000004001  x11 0000000000000000
06-08 15:14:33.547 31441 31441 F DEBUG   :     x12 00000000ffffffff  x13 0000000000000000  x14 000000000000001f  x15 00000076665ddfef
06-08 15:14:33.547 31441 31441 F DEBUG   :     x16 000000757ca4b410  x17 00000076790b8f10  x18 000000756135e000  x19 0000000000000007
06-08 15:14:33.547 31441 31441 F DEBUG   :     x20 000000768a6d1da0  x21 0000000000007742  x22 000000768a6d1d00  x23 0000000000000001
06-08 15:14:33.547 31441 31441 F DEBUG   :     x24 00000075ccc42cf8  x25 00000075ccc42e10  x26 00000075ccc42e44  x27 0000000000000001
06-08 15:14:33.547 31441 31441 F DEBUG   :     x28 00000075ccc433f8  x29 000000768a6d1d20
06-08 15:14:33.547 31441 31441 F DEBUG   :     lr  0000007576c73da0  sp  000000768a6d1d00  pc  00000076790b8f34  pst 0000000000000000
06-08 15:14:33.547 31441 31441 F DEBUG   : backtrace:
06-08 15:14:33.547 31441 31441 F DEBUG   :       #00 pc 0000000000075f34  /apex/com.android.runtime/lib64/bionic/libc.so (syscall+36) (BuildId: bbbdeb7c87c74f1491f92c6e605095b0)
06-08 15:14:33.547 31441 31441 F DEBUG   :       #01 pc 0000000004062d9c  /data/app/~~0vURfNRJhP5qOxDjXMAdJA==/com.google.android.webview-1jICq8A_gawMkQD3QY60ZA==/base.apk!libwebviewchromium.so (BuildId: 6830cf8493d489d274dd2200dc390799760c2507)
06-08 15:14:33.547 31441 31441 F DEBUG   :       #02 pc 0000000004059518  /data/app/~~0vURfNRJhP5qOxDjXMAdJA==/com.google.android.webview-1jICq8A_gawMkQD3QY60ZA==/base.apk!libwebviewchromium.so (BuildId: 6830cf8493d489d274dd2200dc390799760c2507)
06-08 15:14:33.547 31441 31441 F DEBUG   :       #03 pc 0000000000000638  [vdso] (__kernel_rt_sigreturn+0)
06-08 15:14:33.547 31441 31441 F DEBUG   :       #04 pc 00000000000b67ac  /data/app/~~BVrT4y3PHRVKpbwy9IuqPw==/com.vibekey.keyboard-tAlO1dqfNmGBzYLxoDEuOQ==/lib/arm64/libjni_latinime.so (latinime::PatriciaTrieReadingUtils::readPtNodeInfo(unsigned char const*, int, int, latinime::DictionaryShortcutsStructurePolicy const*, latinime::DictionaryBigramsStructurePolicy const*, int const*, unsigned char*, int*, int*, int*, int*, int*, int*, int*)+120) (BuildId: f905dbd1a904967a994cf833116e517b05caa863)
06-08 15:14:33.547 31441 31441 F DEBUG   :       #05 pc 00000000000b8980  /data/app/~~BVrT4y3PHRVKpbwy9IuqPw==/com.vibekey.keyboard-tAlO1dqfNmGBzYLxoDEuOQ==/lib/arm64/libjni_latinime.so (latinime::Ver2ParticiaTrieNodeReader::fetchPtNodeParamsInBufferFromPtNodePos(int) const+140) (BuildId: f905dbd1a904967a994cf833116e517b05caa863)
06-08 15:14:33.547 31441 31441 F DEBUG   :       #06 pc 00000000000b4b74  /data/app/~~BVrT4y3PHRVKpbwy9IuqPw==/com.vibekey.keyboard-tAlO1dqfNmGBzYLxoDEuOQ==/lib/arm64/libjni_latinime.so (latinime::DynamicPtReadingHelper::getTerminalPtNodePositionOfWord(int const*, unsigned long, bool)+232) (BuildId: f905dbd1a904967a994cf833116e517b05caa863)
06-08 15:14:33.547 31441 31441 F DEBUG   :       #07 pc 00000000000b7324  /data/app/~~BVrT4y3PHRVKpbwy9IuqPw==/com.vibekey.keyboard-tAlO1dqfNmGBzYLxoDEuOQ==/lib/arm64/libjni_latinime.so (latinime::PatriciaTriePolicy::getWordId(latinime::IntArrayView, bool) const+184) (BuildId: f905dbd1a904967a994cf833116e517b05caa863)
06-08 15:14:33.547 31441 31441 F DEBUG   :       #08 pc 00000000000a7d54  /data/app/~~BVrT4y3PHRVKpbwy9IuqPw==/com.vibekey.keyboard-tAlO1dqfNmGBzYLxoDEuOQ==/lib/arm64/libjni_latinime.so (latinime::NgramContext::getWordId(latinime::DictionaryStructureWithBufferPolicy const*, int const*, int, bool, bool)+232) (BuildId: f905dbd1a904967a994cf833116e517b05caa863)
06-08 15:14:33.547 31441 31441 F DEBUG   :       #09 pc 00000000000d337c  /data/app/~~BVrT4y3PHRVKpbwy9IuqPw==/com.vibekey.keyboard-tAlO1dqfNmGBzYLxoDEuOQ==/lib/arm64/libjni_latinime.so (latinime::DicTraverseSession::init(latinime::Dictionary const*, latinime::NgramContext const*, latinime::SuggestOptions const*)+124) (BuildId: f905dbd1a904967a994cf833116e517b05caa863)
06-08 15:14:33.547 31441 31441 F DEBUG   :       #10 pc 00000000000c8bd0  /data/app/~~BVrT4y3PHRVKpbwy9IuqPw==/com.vibekey.keyboard-tAlO1dqfNmGBzYLxoDEuOQ==/lib/arm64/libjni_latinime.so (latinime::Dictionary::getSuggestions(latinime::ProximityInfo*, latinime::DicTraverseSession*, int*, int*, int*, int*, int*, int, latinime::NgramContext const*, latinime::SuggestOptions const*, float, latinime::SuggestionResults*) const+104) (BuildId: f905dbd1a904967a994cf833116e517b05caa863)
06-08 15:14:33.547 31441 31441 F DEBUG   :       #11 pc 000000000009fd88  /data/app/~~BVrT4y3PHRVKpbwy9IuqPw==/com.vibekey.keyboard-tAlO1dqfNmGBzYLxoDEuOQ==/lib/arm64/libjni_latinime.so (BuildId: f905dbd1a904967a994cf833116e517b05caa863)
06-08 15:14:33.547 31441 31441 F DEBUG   :       #12 pc 00000000002c2100  /apex/com.android.art/lib64/libart.so (art_quick_generic_jni_trampoline+144) (BuildId: 7087b2f2160bfbf3335d54ba9779e325)
06-08 15:14:33.547 31441 31441 F DEBUG   :       #13 pc 000000000202e52c  /memfd:jit-cache (deleted)
06-08 15:14:39.252 31805 31805 E ibekey.keyboar: Unknown bits set in runtime_flags: 0x40000000
06-08 15:14:39.356 31805 31805 W g0      : Could not load system glide typing library jni_latinimegoogle: dlopen failed: library "libjni_latinimegoogle.so" not found
06-08 15:14:39.460 31805 31805 W t       : No editor info for this field. Bug?
06-08 15:14:39.475 31805 31805 I VkMultilingual: reset main=pt-BR locales=[pt,es,fr] count=3
06-08 15:14:39.556 31805 31805 W ibekey.keyboar: ClassLoaderContext classpath size mismatch. expected=1, found=0 (DLC[];PCL[base.apk*116719914]{PCL[/system/framework/org.apache.http.legacy.jar*3034548894]#PCL[/apex/com.android.extservices/javalib/android.ext.adservices.jar*3839736497]#PCL[/system/framework/com.android.location.provider.jar*3633238672]#PCL[/system/framework/com.android.media.remotedisplay.jar*3472798123]#PCL[/apex/com.android.extservices/javalib/android.ext.adservices.jar*3839736497]} | DLC[];PCL[])
06-08 15:14:39.578 31805 31805 W System  : ClassLoader referenced unknown path: 
06-08 15:14:39.587 31805 31805 W ibekey.keyboar: ClassLoaderContext classpath element checksum mismatch. expected=116719914, found=1427840316 (DLC[];PCL[base.apk*116719914]{PCL[/system/framework/org.apache.http.legacy.jar*3034548894]#PCL[/apex/com.android.extservices/javalib/android.ext.adservices.jar*3839736497]#PCL[/system/framework/com.android.location.provider.jar*3633238672]#PCL[/system/framework/com.android.media.remotedisplay.jar*3472798123]#PCL[/apex/com.android.extservices/javalib/android.ext.adservices.jar*3839736497]} | DLC[];PCL[/data/app/~~BVrT4y3PHRVKpbwy9IuqPw==/com.vibekey.keyboard-tAlO1dqfNmGBzYLxoDEuOQ==/base.apk*1427840316]{PCL[/apex/com.android.extservices/javalib/android.ext.adservices.jar*3839736497]})
