06-04 10:29:24.080 32331 32331 W View    : requestLayout() improperly called by helium314.keyboard.latin.panels.BrowserPanelView{cf8b627 V.E...... ......I. 0,0-1440,2040} during layout: running second layout pass
06-04 10:29:24.085 32331 32331 W View    : requestLayout() improperly called by helium314.keyboard.latin.panels.BrowserPanelView{cf8b627 V.E...... ........ 0,0-1440,2040} during second layout pass: posting in next frame
06-04 10:29:24.094 28826 28843 W libc    : Access denied finding property "vendor.oplus.media.vpp.stutter"
06-04 10:29:24.097 32331 32331 W View    : requestLayout() improperly called by helium314.keyboard.latin.panels.BrowserPanelView{cf8b627 V.E...... ......I. 0,0-1440,2040} during layout: running second layout pass
06-04 10:29:24.103 32331 32331 W View    : requestLayout() improperly called by helium314.keyboard.latin.panels.BrowserPanelView{cf8b627 V.E...... ........ 0,0-1440,2040} during second layout pass: posting in next frame
06-04 10:29:24.114 32331 32331 W View    : requestLayout() improperly called by helium314.keyboard.latin.panels.BrowserPanelView{cf8b627 V.E...... ......I. 0,0-1440,2040} during layout: running second layout pass
06-04 10:29:24.119 32331 32331 W View    : requestLayout() improperly called by helium314.keyboard.latin.panels.BrowserPanelView{cf8b627 V.E...... ........ 0,0-1440,2040} during second layout pass: posting in next frame
06-04 10:29:24.130 32331 32331 W View    : requestLayout() improperly called by helium314.keyboard.latin.panels.BrowserPanelView{cf8b627 V.E...... ......I. 0,0-1440,2040} during layout: running second layout pass
06-04 10:29:24.135 32331 32331 W View    : requestLayout() improperly called by helium314.keyboard.latin.panels.BrowserPanelView{cf8b627 V.E...... ........ 0,0-1440,2040} during second layout pass: posting in next frame
06-04 10:29:24.147 32331 32331 W View    : requestLayout() improperly called by helium314.keyboard.latin.panels.BrowserPanelView{cf8b627 V.E...... ......I. 0,0-1440,2040} during layout: running second layout pass
06-04 10:29:24.152 32331 32331 W View    : requestLayout() improperly called by helium314.keyboard.latin.panels.BrowserPanelView{cf8b627 V.E...... ........ 0,0-1440,2040} during second layout pass: posting in next frame
06-04 10:29:24.156 28753 28770 W Isolated Web Content: [JavaScript Warning: "The value of the attribute “expires” for the cookie “_ga_BB8DNPB73F” has been overwritten." {file: "https://odysee.com/%24/embed/%40RTDocumentary%3A4%2FSurviving-Krasnoarmeysk---RT.Doc%3A2?r=FPd9jo2TcK4WYUcfCf55TEoD35ZAtJCU" line: 0}]
06-04 10:29:24.162 28753 28770 W Isolated Web Content: [JavaScript Warning: "The value of the attribute “expires” for the cookie “_ga_BB8DNPB73F” has been overwritten." {file: "https://odysee.com/%24/embed/%40RTDocumentary%3A4%2FSurviving-Krasnoarmeysk---RT.Doc%3A2?r=FPd9jo2TcK4WYUcfCf55TEoD35ZAtJCU" line: 0}]
06-04 10:29:24.164 32331 32331 W View    : requestLayout() improperly called by helium314.keyboard.latin.panels.BrowserPanelView{cf8b627 V.E...... ......I. 0,0-1440,2040} during layout: running second layout pass
06-04 10:29:24.171 32331 32331 W View    : requestLayout() improperly called by helium314.keyboard.latin.panels.BrowserPanelView{cf8b627 V.E...... ........ 0,0-1440,2040} during second layout pass: posting in next frame
06-04 10:29:24.182 32331 32331 W View    : requestLayout() improperly called by helium314.keyboard.latin.panels.BrowserPanelView{cf8b627 V.E...... ......I. 0,0-1440,2040} during layout: running second layout pass
06-04 10:29:24.189 32331 32331 W View    : requestLayout() improperly called by helium314.keyboard.latin.panels.BrowserPanelView{cf8b627 V.E...... ........ 0,0-1440,2040} during second layout pass: posting in next frame
06-04 10:29:24.186 32331 32331 W com.vibekey.keyboard: type=1400 audit(0.0:108927): avc: denied { nlmsg_readpriv } for comm=536F636B657420546872656164 scontext=u:r:untrusted_app:s0:c79,c271,c512,c768 tcontext=u:r:untrusted_app:s0:c79,c271,c512,c768 tclass=netlink_route_socket permissive=0 bug=b/155595000 app=com.vibekey.keyboard
06-04 10:29:24.186 32331 32331 W com.vibekey.keyboard: type=1400 audit(0.0:108928): avc: denied { nlmsg_readpriv } for comm=536F636B657420546872656164 scontext=u:r:untrusted_app:s0:c79,c271,c512,c768 tcontext=u:r:untrusted_app:s0:c79,c271,c512,c768 tclass=netlink_route_socket permissive=0 bug=b/155595000 app=com.vibekey.keyboard
06-04 10:29:24.197 32331 32331 W View    : requestLayout() improperly called by helium314.keyboard.latin.panels.BrowserPanelView{cf8b627 V.E...... ......I. 0,0-1440,2040} during layout: running second layout pass
06-04 10:29:24.204 32331 32331 W View    : requestLayout() improperly called by helium314.keyboard.latin.panels.BrowserPanelView{cf8b627 V.E...... ........ 0,0-1440,2040} during second layout pass: posting in next frame
06-04 10:29:24.214 32331 32331 W View    : requestLayout() improperly called by helium314.keyboard.latin.panels.BrowserPanelView{cf8b627 V.E...... ......I. 0,0-1440,2040} during layout: running second layout pass
06-04 10:29:24.220 32331 32331 W View    : requestLayout() improperly called by helium314.keyboard.latin.panels.BrowserPanelView{cf8b627 V.E...... ........ 0,0-1440,2040} during second layout pass: posting in next frame
06-04 10:29:24.231 32331 32331 W View    : requestLayout() improperly called by helium314.keyboard.latin.panels.BrowserPanelView{cf8b627 V.E...... ......I. 0,0-1440,2040} during layout: running second layout pass
06-04 10:29:24.236 32331 32331 W View    : requestLayout() improperly called by helium314.keyboard.latin.panels.BrowserPanelView{cf8b627 V.E...... ........ 0,0-1440,2040} during second layout pass: posting in next frame
06-04 10:29:24.248 32331 32331 W View    : requestLayout() improperly called by helium314.keyboard.latin.panels.BrowserPanelView{cf8b627 V.E...... ......I. 0,0-1440,2040} during layout: running second layout pass
06-04 10:29:24.251 32331 32331 W View    : requestLayout() improperly called by helium314.keyboard.latin.panels.BrowserPanelView{cf8b627 V.E...... ........ 0,0-1440,2040} during second layout pass: posting in next frame
06-04 10:29:24.264 32331 32331 W View    : requestLayout() improperly called by helium314.keyboard.latin.panels.BrowserPanelView{cf8b627 V.E...... ......I. 0,0-1440,2040} during layout: running second layout pass
06-04 10:29:24.271 32331 32331 W View    : requestLayout() improperly called by helium314.keyboard.latin.panels.BrowserPanelView{cf8b627 V.E...... ........ 0,0-1440,2040} during second layout pass: posting in next frame
06-04 10:29:24.281 32331 32331 W View    : requestLayout() improperly called by helium314.keyboard.latin.panels.BrowserPanelView{cf8b627 V.E...... ......I. 0,0-1440,2040} during layout: running second layout pass
06-04 10:29:24.285 28826 28848 E ListServiceUtils: checkInListByUid module:sr-osie-whitelist uid:13919 cost 5124us return (null)
06-04 10:29:24.286 28826 28848 W Codec2Client: query -- param skipped: index = 1107298332.
06-04 10:29:24.287 32331 32331 W View    : requestLayout() improperly called by helium314.keyboard.latin.panels.BrowserPanelView{cf8b627 V.E...... ........ 0,0-1440,2040} during second layout pass: posting in next frame
06-04 10:29:24.297 32331 32331 W View    : requestLayout() improperly called by helium314.keyboard.latin.panels.BrowserPanelView{cf8b627 V.E...... ......I. 0,0-1440,2040} during layout: running second layout pass
06-04 10:29:24.303 32331 32331 W View    : requestLayout() improperly called by helium314.keyboard.latin.panels.BrowserPanelView{cf8b627 V.E...... ........ 0,0-1440,2040} during second layout pass: posting in next frame
06-04 10:29:24.311 28826 28848 W Codec2Client: query -- param skipped: index = 1342179345.
06-04 10:29:24.311 28826 28848 W Codec2Client: query -- param skipped: index = 2415921170.
06-04 10:29:24.311 28826 28848 W Codec2Client: query -- param skipped: index = 1610614798.
06-04 10:29:24.314 32331 32331 W View    : requestLayout() improperly called by helium314.keyboard.latin.panels.BrowserPanelView{cf8b627 V.E...... ......I. 0,0-1440,2040} during layout: running second layout pass
06-04 10:29:24.319 32331 32331 W View    : requestLayout() improperly called by helium314.keyboard.latin.panels.BrowserPanelView{cf8b627 V.E...... ........ 0,0-1440,2040} during second layout pass: posting in next frame
06-04 10:29:24.322 28826 28848 E ion     : ioctl c0044901 failed with code -1: Inappropriate ioctl for device
06-04 10:29:24.332 32331 32331 W View    : requestLayout() improperly called by helium314.keyboard.latin.panels.BrowserPanelView{cf8b627 V.E...... ......I. 0,0-1440,2040} during layout: running second layout pass
06-04 10:29:24.336 32331 32331 W View    : requestLayout() improperly called by helium314.keyboard.latin.panels.BrowserPanelView{cf8b627 V.E...... ........ 0,0-1440,2040} during second layout pass: posting in next frame
06-04 10:29:24.336 28826 28868 E .keyboard:medi: ofbOpen failed with error=No such file or directory
06-04 10:29:24.336 28826 28868 E .keyboard:medi: sysOpen failed with error=No such file or directory
06-04 10:29:24.336 32331 32331 W com.vibekey.keyboard: type=1400 audit(0.0:108929): avc: denied { nlmsg_readpriv } for comm=536F636B657420546872656164 scontext=u:r:untrusted_app:s0:c79,c271,c512,c768 tcontext=u:r:untrusted_app:s0:c79,c271,c512,c768 tclass=netlink_route_socket permissive=0 bug=b/155595000 app=com.vibekey.keyboard
06-04 10:29:24.347 32331 32331 W View    : requestLayout() improperly called by helium314.keyboard.latin.panels.BrowserPanelView{cf8b627 V.E...... ......I. 0,0-1440,2040} during layout: running second layout pass
06-04 10:29:24.349 28826 28868 W libc    : Access denied finding property "vendor.oplus.media.vpp.stutter"
06-04 10:29:24.351 32331 32331 W View    : requestLayout() improperly called by helium314.keyboard.latin.panels.BrowserPanelView{cf8b627 V.E...... ........ 0,0-1440,2040} during second layout pass: posting in next frame
06-04 10:29:24.355 28826 28868 E MULTIMEDIAConfig: [getInt32:L80] Not find config, Returning default
06-04 10:29:24.355 28826 28868 E MULTIMEDIAConfig: [getInt32:L80] Not find config, Returning default
06-04 10:29:24.355 28826 28868 E OplusACodec: [OplusACodec:204] mSrOsieMMListCheckResult:0x0 mOsieVersion:1
06-04 10:29:24.364 32331 32331 W View    : requestLayout() improperly called by helium314.keyboard.latin.panels.BrowserPanelView{cf8b627 V.E...... ......I. 0,0-1440,2040} during layout: running second layout pass
06-04 10:29:24.369 32331 32331 W View    : requestLayout() improperly called by helium314.keyboard.latin.panels.BrowserPanelView{cf8b627 V.E...... ........ 0,0-1440,2040} during second layout pass: posting in next frame
06-04 10:29:24.380 32331 32331 W View    : requestLayout() improperly called by helium314.keyboard.latin.panels.BrowserPanelView{cf8b627 V.E...... ......I. 0,0-1440,2040} during layout: running second layout pass
06-04 10:29:24.386 32331 32331 W View    : requestLayout() improperly called by helium314.keyboard.latin.panels.BrowserPanelView{cf8b627 V.E...... ........ 0,0-1440,2040} during second layout pass: posting in next frame
06-04 10:29:24.398 32331 32331 W View    : requestLayout() improperly called by helium314.keyboard.latin.panels.BrowserPanelView{cf8b627 V.E...... ......I. 0,0-1440,2040} during layout: running second layout pass
06-04 10:29:24.402 32331 32331 W View    : requestLayout() improperly called by helium314.keyboard.latin.panels.BrowserPanelView{cf8b627 V.E...... ........ 0,0-1440,2040} during second layout pass: posting in next frame
06-04 10:29:24.414 32331 32331 W View    : requestLayout() improperly called by helium314.keyboard.latin.panels.BrowserPanelView{cf8b627 V.E...... ......I. 0,0-1440,2040} during layout: running second layout pass
06-04 10:29:24.424 32331 32331 W View    : requestLayout() improperly called by helium314.keyboard.latin.panels.BrowserPanelView{cf8b627 V.E...... ........ 0,0-1440,2040} during second layout pass: posting in next frame
06-04 10:29:24.431 32331 32331 W View    : requestLayout() improperly called by helium314.keyboard.latin.panels.BrowserPanelView{cf8b627 V.E...... ......I. 0,0-1440,2040} during layout: running second layout pass
06-04 10:29:24.434 32331 32331 W View    : requestLayout() improperly called by helium314.keyboard.latin.panels.BrowserPanelView{cf8b627 V.E...... ........ 0,0-1440,2040} during second layout pass: posting in next frame
06-04 10:29:24.447 32331 32331 W View    : requestLayout() improperly called by helium314.keyboard.latin.panels.BrowserPanelView{cf8b627 V.E...... ......I. 0,0-1440,2040} during layout: running second layout pass
06-04 10:29:24.451 32331 32331 W View    : requestLayout() improperly called by helium314.keyboard.latin.panels.BrowserPanelView{cf8b627 V.E...... ........ 0,0-1440,2040} during second layout pass: posting in next frame
06-04 10:29:24.464 32331 32331 W View    : requestLayout() improperly called by helium314.keyboard.latin.panels.BrowserPanelView{cf8b627 V.E...... ......I. 0,0-1440,2040} during layout: running second layout pass
06-04 10:29:24.469 32331 32331 W View    : requestLayout() improperly called by helium314.keyboard.latin.panels.BrowserPanelView{cf8b627 V.E...... ........ 0,0-1440,2040} during second layout pass: posting in next frame
06-04 10:29:24.472 28826 28872 E OplusACodec: [GetVideoCodingTypeFromMime:L1162] mime:video/avc
06-04 10:29:24.474 28753 28770 W Isolated Web Content: [JavaScript Warning: "The value of the attribute “expires” for the cookie “_ga_BB8DNPB73F” has been overwritten." {file: "https://odysee.com/%24/embed/%40RTDocumentary%3A4%2FSurviving-Krasnoarmeysk---RT.Doc%3A2?r=FPd9jo2TcK4WYUcfCf55TEoD35ZAtJCU" line: 0}]
06-04 10:29:24.483 32331 32331 W View    : requestLayout() improperly called by helium314.keyboard.latin.panels.BrowserPanelView{cf8b627 V.E...... ......I. 0,0-1440,2040} during layout: running second layout pass
06-04 10:29:24.486 32331 32331 W View    : requestLayout() improperly called by helium314.keyboard.latin.panels.BrowserPanelView{cf8b627 V.E...... ........ 0,0-1440,2040} during second layout pass: posting in next frame
06-04 10:29:24.494 19115 19132 W Isolated Web Content: [JavaScript Warning: "Loading failed for the <script> with source “https://cdn.skcrtxr.com/wrapper-builder/1f462bba-63b2-4d05-8a2c-12cb7f02b607/dynamic.js?host=rt.com&v=d-1774257773__s-cf30d97f-7de9-4aea-9013-f3536e5e3c54”." {file: "https://www.rt.com/" line: 1}]
06-04 10:29:24.500 32331 32331 W View    : requestLayout() improperly called by helium314.keyboard.latin.panels.BrowserPanelView{cf8b627 V.E...... ......I. 0,0-1440,2040} during layout: running second layout pass
06-04 10:29:24.507 32331 32331 W View    : requestLayout() improperly called by helium314.keyboard.latin.panels.BrowserPanelView{cf8b627 V.E...... ........ 0,0-1440,2040} during second layout pass: posting in next frame
06-04 10:29:24.520 32331 32331 W View    : requestLayout() improperly called by helium314.keyboard.latin.panels.BrowserPanelView{cf8b627 V.E...... ......I. 0,0-1440,2040} during layout: running second layout pass
06-04 10:29:24.529 32331 32331 W View    : requestLayout() improperly called by helium314.keyboard.latin.panels.BrowserPanelView{cf8b627 V.E...... .......D 0,0-1440,2040} during second layout pass: posting in next frame
06-04 10:29:24.534 28826 28843 W libc    : Access denied finding property "vendor.oplus.media.vpp.stutter"
06-04 10:29:24.536 32331 32331 W View    : requestLayout() improperly called by helium314.keyboard.latin.panels.BrowserPanelView{cf8b627 V.E...... ......ID 0,0-1440,2040} during layout: running second layout pass
06-04 10:29:24.540 32331 32331 W View    : requestLayout() improperly called by helium314.keyboard.latin.panels.BrowserPanelView{cf8b627 V.E...... ........ 0,0-1440,2040} during second layout pass: posting in next frame
06-04 10:29:24.550 32331 32331 W View    : requestLayout() improperly called by helium314.keyboard.latin.panels.BrowserPanelView{cf8b627 V.E...... ......I. 0,0-1440,2040} during layout: running second layout pass
06-04 10:29:24.557 32331 32331 W View    : requestLayout() improperly called by helium314.keyboard.latin.panels.BrowserPanelView{cf8b627 V.E...... .......D 0,0-1440,2040} during second layout pass: posting in next frame
06-04 10:29:24.568 32331 32331 W View    : requestLayout() improperly called by helium314.keyboard.latin.panels.BrowserPanelView{cf8b627 V.E...... ......ID 0,0-1440,2040} during layout: running second layout pass
06-04 10:29:24.577 28826 28888 W Codec2Client: query -- param skipped: index = 1107298332.
06-04 10:29:24.579 32331 32331 W View    : requestLayout() improperly called by helium314.keyboard.latin.panels.BrowserPanelView{cf8b627 V.E...... ........ 0,0-1440,2040} during second layout pass: posting in next frame
06-04 10:29:24.581 32331 32331 W View    : requestLayout() improperly called by helium314.keyboard.latin.panels.BrowserPanelView{cf8b627 V.E...... ......ID 0,0-1440,2040} during layout: running second layout pass
06-04 10:29:24.583 28826 28888 W Codec2Client: query -- param skipped: index = 1342179345.
06-04 10:29:24.583 28826 28888 W Codec2Client: query -- param skipped: index = 2415921170.
06-04 10:29:24.583 28826 28888 W Codec2Client: query -- param skipped: index = 1610614798.
06-04 10:29:24.590 32331 32331 W View    : requestLayout() improperly called by helium314.keyboard.latin.panels.BrowserPanelView{cf8b627 V.E...... ........ 0,0-1440,2040} during second layout pass: posting in next frame
06-04 10:29:24.591 28826 28843 W libc    : Access denied finding property "vendor.oplus.media.vpp.stutter"
06-04 10:29:24.591 28826 28843 E MULTIMEDIAConfig: [getInt32:L80] Not find config, Returning default
06-04 10:29:24.591 28826 28843 E MULTIMEDIAConfig: [getInt32:L80] Not find config, Returning default
06-04 10:29:24.591 28826 28843 E OplusACodec: [OplusACodec:204] mSrOsieMMListCheckResult:0x0 mOsieVersion:1
06-04 10:29:24.598 32331 32331 W View    : requestLayout() improperly called by helium314.keyboard.latin.panels.BrowserPanelView{cf8b627 V.E...... ......ID 0,0-1440,2040} during layout: running second layout pass
06-04 10:29:24.605 32331 32331 W View    : requestLayout() improperly called by helium314.keyboard.latin.panels.BrowserPanelView{cf8b627 V.E...... ........ 0,0-1440,2040} during second layout pass: posting in next frame
06-04 10:29:24.607 28753 28770 W Isolated Web Content: [JavaScript Warning: "The value of the attribute “expires” for the cookie “_ga_BB8DNPB73F” has been overwritten." {file: "https://odysee.com/%24/embed/%40RTDocumentary%3A4%2FSurviving-Krasnoarmeysk---RT.Doc%3A2?r=FPd9jo2TcK4WYUcfCf55TEoD35ZAtJCU" line: 0}]
06-04 10:29:24.615 32331 32331 W View    : requestLayout() improperly called by helium314.keyboard.latin.panels.BrowserPanelView{cf8b627 V.E...... ......ID 0,0-1440,2040} during layout: running second layout pass
06-04 10:29:24.624 32331 32331 W View    : requestLayout() improperly called by helium314.keyboard.latin.panels.BrowserPanelView{cf8b627 V.E...... ........ 0,0-1440,2040} during second layout pass: posting in next frame
06-04 10:29:24.626 28826 28895 E OplusACodec: [GetVideoCodingTypeFromMime:L1162] mime:video/avc
06-04 10:29:24.635 32331 32331 W View    : requestLayout() improperly called by helium314.keyboard.latin.panels.BrowserPanelView{cf8b627 V.E...... ......ID 0,0-1440,2040} during layout: running second layout pass
06-04 10:29:24.642 32331 32331 W View    : requestLayout() improperly called by helium314.keyboard.latin.panels.BrowserPanelView{cf8b627 V.E...... ........ 0,0-1440,2040} during second layout pass: posting in next frame
06-04 10:29:24.648 32331 32331 W View    : requestLayout() improperly called by helium314.keyboard.latin.panels.BrowserPanelView{cf8b627 V.E...... ......I. 0,0-1440,2040} during layout: running second layout pass
06-04 10:29:24.662 32331 32331 W View    : requestLayout() improperly called by helium314.keyboard.latin.panels.BrowserPanelView{cf8b627 V.E...... ........ 0,0-1440,2040} during second layout pass: posting in next frame
06-04 10:29:24.667 32331 32331 W View    : requestLayout() improperly called by helium314.keyboard.latin.panels.BrowserPanelView{cf8b627 V.E...... ......ID 0,0-1440,2040} during layout: running second layout pass
06-04 10:29:24.679 32331 32331 W View    : requestLayout() improperly called by helium314.keyboard.latin.panels.BrowserPanelView{cf8b627 V.E...... ........ 0,0-1440,2040} during second layout pass: posting in next frame
06-04 10:29:24.687 32331 32331 W View    : requestLayout() improperly called by helium314.keyboard.latin.panels.BrowserPanelView{cf8b627 V.E...... ......ID 0,0-1440,2040} during layout: running second layout pass
06-04 10:29:24.691 32331 32331 W View    : requestLayout() improperly called by helium314.keyboard.latin.panels.BrowserPanelView{cf8b627 V.E...... ........ 0,0-1440,2040} during second layout pass: posting in next frame
06-04 10:29:24.699 32331 32331 W View    : requestLayout() improperly called by helium314.keyboard.latin.panels.BrowserPanelView{cf8b627 V.E...... ......I. 0,0-1440,2040} during layout: running second layout pass
06-04 10:29:24.705 32331 32331 W View    : requestLayout() improperly called by helium314.keyboard.latin.panels.BrowserPanelView{cf8b627 V.E...... ........ 0,0-1440,2040} during second layout pass: posting in next frame
06-04 10:29:24.715 32331 32331 W View    : requestLayout() improperly called by helium314.keyboard.latin.panels.BrowserPanelView{cf8b627 V.E...... ......I. 0,0-1440,2040} during layout: running second layout pass
06-04 10:29:24.721 32331 32331 W View    : requestLayout() improperly called by helium314.keyboard.latin.panels.BrowserPanelView{cf8b627 V.E...... .......D 0,0-1440,2040} during second layout pass: posting in next frame
06-04 10:29:24.732 32331 32331 W View    : requestLayout() improperly called by helium314.keyboard.latin.panels.BrowserPanelView{cf8b627 V.E...... ......ID 0,0-1440,2040} during layout: running second layout pass
06-04 10:29:24.745 32331 32331 W View    : requestLayout() improperly called by helium314.keyboard.latin.panels.BrowserPanelView{cf8b627 V.E...... ........ 0,0-1440,2040} during second layout pass: posting in next frame
06-04 10:29:24.749 32331 32331 W View    : requestLayout() improperly called by helium314.keyboard.latin.panels.BrowserPanelView{cf8b627 V.E...... ......ID 0,0-1440,2040} during layout: running second layout pass
06-04 10:29:24.757 32331 32331 W View    : requestLayout() improperly called by helium314.keyboard.latin.panels.BrowserPanelView{cf8b627 V.E...... ........ 0,0-1440,2040} during second layout pass: posting in next frame
06-04 10:29:24.766 32331 32331 W View    : requestLayout() improperly called by helium314.keyboard.latin.panels.BrowserPanelView{cf8b627 V.E...... ......I. 0,0-1440,2040} during layout: running second layout pass
06-04 10:29:24.778 32331 32331 W View    : requestLayout() improperly called by helium314.keyboard.latin.panels.BrowserPanelView{cf8b627 V.E...... ........ 0,0-1440,2040} during second layout pass: posting in next frame
06-04 10:29:24.783 32331 32331 W View    : requestLayout() improperly called by helium314.keyboard.latin.panels.BrowserPanelView{cf8b627 V.E...... ......ID 0,0-1440,2040} during layout: running second layout pass
06-04 10:29:24.787 32331 32331 W View    : requestLayout() improperly called by helium314.keyboard.latin.panels.BrowserPanelView{cf8b627 V.E...... ........ 0,0-1440,2040} during second layout pass: posting in next frame
06-04 10:29:24.798 32331 32331 W View    : requestLayout() improperly called by helium314.keyboard.latin.panels.BrowserPanelView{cf8b627 V.E...... ......I. 0,0-1440,2040} during layout: running second layout pass
06-04 10:29:24.804 32331 32331 W View    : requestLayout() improperly called by helium314.keyboard.latin.panels.BrowserPanelView{cf8b627 V.E...... ........ 0,0-1440,2040} during second layout pass: posting in next frame
06-04 10:29:24.816 32331 32331 W View    : requestLayout() improperly called by helium314.keyboard.latin.panels.BrowserPanelView{cf8b627 V.E...... ......ID 0,0-1440,2040} during layout: running second layout pass
06-04 10:29:24.825 32331 32331 W View    : requestLayout() improperly called by helium314.keyboard.latin.panels.BrowserPanelView{cf8b627 V.E...... ........ 0,0-1440,2040} during second layout pass: posting in next frame
06-04 10:29:24.832 32331 32331 W View    : requestLayout() improperly called by helium314.keyboard.latin.panels.BrowserPanelView{cf8b627 V.E...... ......ID 0,0-1440,2040} during layout: running second layout pass
06-04 10:29:24.841 32331 32331 W View    : requestLayout() improperly called by helium314.keyboard.latin.panels.BrowserPanelView{cf8b627 V.E...... ........ 0,0-1440,2040} during second layout pass: posting in next frame
06-04 10:29:24.848 32331 32331 W View    : requestLayout() improperly called by helium314.keyboard.latin.panels.BrowserPanelView{cf8b627 V.E...... ......ID 0,0-1440,2040} during layout: running second layout pass
06-04 10:29:24.855 32331 32331 W View    : requestLayout() improperly called by helium314.keyboard.latin.panels.BrowserPanelView{cf8b627 V.E...... ........ 0,0-1440,2040} during second layout pass: posting in next frame
06-04 10:29:24.865 32331 32331 W View    : requestLayout() improperly called by helium314.keyboard.latin.panels.BrowserPanelView{cf8b627 V.E...... ......I. 0,0-1440,2040} during layout: running second layout pass
06-04 10:29:24.873 32331 32331 W View    : requestLayout() improperly called by helium314.keyboard.latin.panels.BrowserPanelView{cf8b627 V.E...... ........ 0,0-1440,2040} during second layout pass: posting in next frame
06-04 10:29:24.881 32331 32331 W View    : requestLayout() improperly called by helium314.keyboard.latin.panels.BrowserPanelView{cf8b627 V.E...... ......I. 0,0-1440,2040} during layout: running second layout pass
06-04 10:29:24.889 32331 32331 W View    : requestLayout() improperly called by helium314.keyboard.latin.panels.BrowserPanelView{cf8b627 V.E...... .......D 0,0-1440,2040} during second layout pass: posting in next frame
06-04 10:29:24.876 32331 32331 W com.vibekey.keyboard: type=1400 audit(0.0:108931): avc: denied { nlmsg_readpriv } for comm=536F636B657420546872656164 scontext=u:r:untrusted_app:s0:c79,c271,c512,c768 tcontext=u:r:untrusted_app:s0:c79,c271,c512,c768 tclass=netlink_route_socket permissive=0 bug=b/155595000 app=com.vibekey.keyboard
06-04 10:29:24.899 32331 32331 W View    : requestLayout() improperly called by helium314.keyboard.latin.panels.BrowserPanelView{cf8b627 V.E...... ......ID 0,0-1440,2040} during layout: running second layout pass
06-04 10:29:24.907 32331 32331 W View    : requestLayout() improperly called by helium314.keyboard.latin.panels.BrowserPanelView{cf8b627 V.E...... ........ 0,0-1440,2040} during second layout pass: posting in next frame
06-04 10:29:24.916 32331 32331 W View    : requestLayout() improperly called by helium314.keyboard.latin.panels.BrowserPanelView{cf8b627 V.E...... ......ID 0,0-1440,2040} during layout: running second layout pass
06-04 10:29:24.919 32331 32331 W View    : requestLayout() improperly called by helium314.keyboard.latin.panels.BrowserPanelView{cf8b627 V.E...... ........ 0,0-1440,2040} during second layout pass: posting in next frame
06-04 10:29:24.932 32331 32331 W View    : requestLayout() improperly called by helium314.keyboard.latin.panels.BrowserPanelView{cf8b627 V.E...... ......ID 0,0-1440,2040} during layout: running second layout pass
06-04 10:29:24.936 32331 32331 W View    : requestLayout() improperly called by helium314.keyboard.latin.panels.BrowserPanelView{cf8b627 V.E...... ........ 0,0-1440,2040} during second layout pass: posting in next frame
06-04 10:29:24.948 32331 32331 W View    : requestLayout() improperly called by helium314.keyboard.latin.panels.BrowserPanelView{cf8b627 V.E...... ......I. 0,0-1440,2040} during layout: running second layout pass
06-04 10:29:24.960 32331 32331 W View    : requestLayout() improperly called by helium314.keyboard.latin.panels.BrowserPanelView{cf8b627 V.E...... .......D 0,0-1440,2040} during second layout pass: posting in next frame
06-04 10:29:24.966 32331 32331 W View    : requestLayout() improperly called by helium314.keyboard.latin.panels.BrowserPanelView{cf8b627 V.E...... ......ID 0,0-1440,2040} during layout: running second layout pass
06-04 10:29:24.971 32331 32331 W View    : requestLayout() improperly called by helium314.keyboard.latin.panels.BrowserPanelView{cf8b627 V.E...... ........ 0,0-1440,2040} during second layout pass: posting in next frame
06-04 10:29:24.982 32331 32331 W View    : requestLayout() improperly called by helium314.keyboard.latin.panels.BrowserPanelView{cf8b627 V.E...... ......I. 0,0-1440,2040} during layout: running second layout pass
06-04 10:29:24.987 32331 32331 W View    : requestLayout() improperly called by helium314.keyboard.latin.panels.BrowserPanelView{cf8b627 V.E...... ........ 0,0-1440,2040} during second layout pass: posting in next frame
06-04 10:29:24.998 32331 32331 W View    : requestLayout() improperly called by helium314.keyboard.latin.panels.BrowserPanelView{cf8b627 V.E...... ......I. 0,0-1440,2040} during layout: running second layout pass
06-04 10:29:25.003 32331 32331 W View    : requestLayout() improperly called by helium314.keyboard.latin.panels.BrowserPanelView{cf8b627 V.E...... .......D 0,0-1440,2040} during second layout pass: posting in next frame
06-04 10:29:25.016 32331 32331 W View    : requestLayout() improperly called by helium314.keyboard.latin.panels.BrowserPanelView{cf8b627 V.E...... ......ID 0,0-1440,2040} during layout: running second layout pass
06-04 10:29:25.021 32331 32331 W View    : requestLayout() improperly called by helium314.keyboard.latin.panels.BrowserPanelView{cf8b627 V.E...... ......ID 0,0-1440,2040} during second layout pass: posting in next frame
06-04 10:29:25.034 32331 32331 W View    : requestLayout() improperly called by helium314.keyboard.latin.panels.BrowserPanelView{cf8b627 V.E...... ......ID 0,0-1440,2040} during layout: running second layout pass
06-04 10:29:25.038 32331 32331 W View    : requestLayout() improperly called by helium314.keyboard.latin.panels.BrowserPanelView{cf8b627 V.E...... ........ 0,0-1440,2040} during second layout pass: posting in next frame
06-04 10:29:25.053 32331 32331 W View    : requestLayout() improperly called by helium314.keyboard.latin.panels.BrowserPanelView{cf8b627 V.E...... ......I. 0,0-1440,2040} during layout: running second layout pass
06-04 10:29:25.058 32331 32331 W View    : requestLayout() improperly called by helium314.keyboard.latin.panels.BrowserPanelView{cf8b627 V.E...... ........ 0,0-1440,2040} during second layout pass: posting in next frame
06-04 10:29:25.068 32331 32331 W View    : requestLayout() improperly called by helium314.keyboard.latin.panels.BrowserPanelView{cf8b627 V.E...... ......I. 0,0-1440,2040} during layout: running second layout pass
06-04 10:29:25.071 32331 32331 W View    : requestLayout() improperly called by helium314.keyboard.latin.panels.BrowserPanelView{cf8b627 V.E...... ........ 0,0-1440,2040} during second layout pass: posting in next frame
06-04 10:29:25.085 32331 32331 W View    : requestLayout() improperly called by helium314.keyboard.latin.panels.BrowserPanelView{cf8b627 V.E...... ......ID 0,0-1440,2040} during layout: running second layout pass
06-04 10:29:25.092 32331 32331 W View    : requestLayout() improperly called by helium314.keyboard.latin.panels.BrowserPanelView{cf8b627 V.E...... ........ 0,0-1440,2040} during second layout pass: posting in next frame
06-04 10:29:25.101 32331 32331 W View    : requestLayout() improperly called by helium314.keyboard.latin.panels.BrowserPanelView{cf8b627 V.E...... ......I. 0,0-1440,2040} during layout: running second layout pass
06-04 10:29:25.104 32331 32331 W View    : requestLayout() improperly called by helium314.keyboard.latin.panels.BrowserPanelView{cf8b627 V.E...... ........ 0,0-1440,2040} during second layout pass: posting in next frame
06-04 10:29:25.118 32331 32331 W View    : requestLayout() improperly called by helium314.keyboard.latin.panels.BrowserPanelView{cf8b627 V.E...... ......I. 0,0-1440,2040} during layout: running second layout pass
06-04 10:29:25.122 32331 32331 W View    : requestLayout() improperly called by helium314.keyboard.latin.panels.BrowserPanelView{cf8b627 V.E...... ........ 0,0-1440,2040} during second layout pass: posting in next frame
06-04 10:29:25.134 32331 32331 W View    : requestLayout() improperly called by helium314.keyboard.latin.panels.BrowserPanelView{cf8b627 V.E...... ......I. 0,0-1440,2040} during layout: running second layout pass
06-04 10:29:25.137 32331 32331 W View    : requestLayout() improperly called by helium314.keyboard.latin.panels.BrowserPanelView{cf8b627 V.E...... ........ 0,0-1440,2040} during second layout pass: posting in next frame
06-04 10:29:25.149 32331 32331 W View    : requestLayout() improperly called by helium314.keyboard.latin.panels.BrowserPanelView{cf8b627 V.E...... ......I. 0,0-1440,2040} during layout: running second layout pass
06-04 10:29:25.154 32331 32331 W View    : requestLayout() improperly called by helium314.keyboard.latin.panels.BrowserPanelView{cf8b627 V.E...... ........ 0,0-1440,2040} during second layout pass: posting in next frame
06-04 10:29:25.167 32331 32331 W View    : requestLayout() improperly called by helium314.keyboard.latin.panels.BrowserPanelView{cf8b627 V.E...... ......I. 0,0-1440,2040} during layout: running second layout pass
06-04 10:29:25.170 32331 32331 W View    : requestLayout() improperly called by helium314.keyboard.latin.panels.BrowserPanelView{cf8b627 V.E...... ........ 0,0-1440,2040} during second layout pass: posting in next frame
06-04 10:29:25.183 32331 32331 W View    : requestLayout() improperly called by helium314.keyboard.latin.panels.BrowserPanelView{cf8b627 V.E...... ......I. 0,0-1440,2040} during layout: running second layout pass
06-04 10:29:25.194 32331 32331 W View    : requestLayout() improperly called by helium314.keyboard.latin.panels.BrowserPanelView{cf8b627 V.E...... ........ 0,0-1440,2040} during second layout pass: posting in next frame
06-04 10:29:25.198 32331 32331 W View    : requestLayout() improperly called by helium314.keyboard.latin.panels.BrowserPanelView{cf8b627 V.E...... ......I. 0,0-1440,2040} during layout: running second layout pass
06-04 10:29:25.204 32331 32331 W View    : requestLayout() improperly called by helium314.keyboard.latin.panels.BrowserPanelView{cf8b627 V.E...... ........ 0,0-1440,2040} during second layout pass: posting in next frame
06-04 10:29:25.216 32331 32331 W View    : requestLayout() improperly called by helium314.keyboard.latin.panels.BrowserPanelView{cf8b627 V.E...... ......I. 0,0-1440,2040} during layout: running second layout pass
06-04 10:29:25.230 32331 32331 W View    : requestLayout() improperly called by helium314.keyboard.latin.panels.BrowserPanelView{cf8b627 V.E...... ........ 0,0-1440,2040} during second layout pass: posting in next frame
06-04 10:29:25.235 32331 32331 W View    : requestLayout() improperly called by helium314.keyboard.latin.panels.BrowserPanelView{cf8b627 V.E...... ......I. 0,0-1440,2040} during layout: running second layout pass
06-04 10:29:25.242 32331 32331 W View    : requestLayout() improperly called by helium314.keyboard.latin.panels.BrowserPanelView{cf8b627 V.E...... ........ 0,0-1440,2040} during second layout pass: posting in next frame
06-04 10:29:25.249 32331 32331 W View    : requestLayout() improperly called by helium314.keyboard.latin.panels.BrowserPanelView{cf8b627 V.E...... ......I. 0,0-1440,2040} during layout: running second layout pass
06-04 10:29:25.253 32331 32331 W View    : requestLayout() improperly called by helium314.keyboard.latin.panels.BrowserPanelView{cf8b627 V.E...... .......D 0,0-1440,2040} during second layout pass: posting in next frame
06-04 10:29:25.266 32331 32331 W View    : requestLayout() improperly called by helium314.keyboard.latin.panels.BrowserPanelView{cf8b627 V.E...... ......ID 0,0-1440,2040} during layout: running second layout pass
06-04 10:29:25.275 32331 32331 W View    : requestLayout() improperly called by helium314.keyboard.latin.panels.BrowserPanelView{cf8b627 V.E...... ........ 0,0-1440,2040} during second layout pass: posting in next frame
06-04 10:29:25.283 32331 32331 W View    : requestLayout() improperly called by helium314.keyboard.latin.panels.BrowserPanelView{cf8b627 V.E...... ......I. 0,0-1440,2040} during layout: running second layout pass
06-04 10:29:25.289 32331 32331 W View    : requestLayout() improperly called by helium314.keyboard.latin.panels.BrowserPanelView{cf8b627 V.E...... ........ 0,0-1440,2040} during second layout pass: posting in next frame
06-04 10:29:25.299 32331 32331 W View    : requestLayout() improperly called by helium314.keyboard.latin.panels.BrowserPanelView{cf8b627 V.E...... ......I. 0,0-1440,2040} during layout: running second layout pass
06-04 10:29:25.304 32331 32331 W View    : requestLayout() improperly called by helium314.keyboard.latin.panels.BrowserPanelView{cf8b627 V.E...... ........ 0,0-1440,2040} during second layout pass: posting in next frame
06-04 10:29:25.316 32331 32331 W View    : requestLayout() improperly called by helium314.keyboard.latin.panels.BrowserPanelView{cf8b627 V.E...... ......I. 0,0-1440,2040} during layout: running second layout pass
06-04 10:29:25.321 32331 32331 W View    : requestLayout() improperly called by helium314.keyboard.latin.panels.BrowserPanelView{cf8b627 V.E...... .......D 0,0-1440,2040} during second layout pass: posting in next frame
06-04 10:29:25.332 32331 32331 W View    : requestLayout() improperly called by helium314.keyboard.latin.panels.BrowserPanelView{cf8b627 V.E...... ......ID 0,0-1440,2040} during layout: running second layout pass
06-04 10:29:25.338 32331 32331 W View    : requestLayout() improperly called by helium314.keyboard.latin.panels.BrowserPanelView{cf8b627 V.E...... .......D 0,0-1440,2040} during second layout pass: posting in next frame
06-04 10:29:25.349 32331 32331 W View    : requestLayout() improperly called by helium314.keyboard.latin.panels.BrowserPanelView{cf8b627 V.E...... ......ID 0,0-1440,2040} during layout: running second layout pass
06-04 10:29:25.356 32331 32331 W View    : requestLayout() improperly called by helium314.keyboard.latin.panels.BrowserPanelView{cf8b627 V.E...... ........ 0,0-1440,2040} during second layout pass: posting in next frame
06-04 10:29:25.366 32331 32331 W View    : requestLayout() improperly called by helium314.keyboard.latin.panels.BrowserPanelView{cf8b627 V.E...... ......I. 0,0-1440,2040} during layout: running second layout pass
06-04 10:29:25.371 32331 32331 W View    : requestLayout() improperly called by helium314.keyboard.latin.panels.BrowserPanelView{cf8b627 V.E...... .......D 0,0-1440,2040} during second layout pass: posting in next frame
06-04 10:29:25.382 32331 32331 W View    : requestLayout() improperly called by helium314.keyboard.latin.panels.BrowserPanelView{cf8b627 V.E...... ......ID 0,0-1440,2040} during layout: running second layout pass
06-04 10:29:25.389 32331 32331 W View    : requestLayout() improperly called by helium314.keyboard.latin.panels.BrowserPanelView{cf8b627 V.E...... ........ 0,0-1440,2040} during second layout pass: posting in next frame
06-04 10:29:25.399 32331 32331 W View    : requestLayout() improperly called by helium314.keyboard.latin.panels.BrowserPanelView{cf8b627 V.E...... ......I. 0,0-1440,2040} during layout: running second layout pass
06-04 10:29:25.404 32331 32331 W View    : requestLayout() improperly called by helium314.keyboard.latin.panels.BrowserPanelView{cf8b627 V.E...... .......D 0,0-1440,2040} during second layout pass: posting in next frame
06-04 10:29:25.416 32331 32331 W View    : requestLayout() improperly called by helium314.keyboard.latin.panels.BrowserPanelView{cf8b627 V.E...... ......ID 0,0-1440,2040} during layout: running second layout pass
06-04 10:29:25.423 32331 32331 W View    : requestLayout() improperly called by helium314.keyboard.latin.panels.BrowserPanelView{cf8b627 V.E...... ........ 0,0-1440,2040} during second layout pass: posting in next frame
06-04 10:29:25.433 32331 32331 W View    : requestLayout() improperly called by helium314.keyboard.latin.panels.BrowserPanelView{cf8b627 V.E...... ......ID 0,0-1440,2040} during layout: running second layout pass
06-04 10:29:25.440 32331 32331 W View    : requestLayout() improperly called by helium314.keyboard.latin.panels.BrowserPanelView{cf8b627 V.E...... ........ 0,0-1440,2040} during second layout pass: posting in next frame
06-04 10:29:25.449 32331 32331 W View    : requestLayout() improperly called by helium314.keyboard.latin.panels.BrowserPanelView{cf8b627 V.E...... ......I. 0,0-1440,2040} during layout: running second layout pass
06-04 10:29:25.456 32331 32331 W View    : requestLayout() improperly called by helium314.keyboard.latin.panels.BrowserPanelView{cf8b627 V.E...... ........ 0,0-1440,2040} during second layout pass: posting in next frame
06-04 10:29:25.446 32331 32331 W com.vibekey.keyboard: type=1400 audit(0.0:108932): avc: denied { nlmsg_readpriv } for comm=536F636B657420546872656164 scontext=u:r:untrusted_app:s0:c79,c271,c512,c768 tcontext=u:r:untrusted_app:s0:c79,c271,c512,c768 tclass=netlink_route_socket permissive=0 bug=b/155595000 app=com.vibekey.keyboard
06-04 10:29:25.465 32331 32331 W View    : requestLayout() improperly called by helium314.keyboard.latin.panels.BrowserPanelView{cf8b627 V.E...... ......ID 0,0-1440,2040} during layout: running second layout pass
06-04 10:29:25.472 32331 32331 W View    : requestLayout() improperly called by helium314.keyboard.latin.panels.BrowserPanelView{cf8b627 V.E...... ........ 0,0-1440,2040} during second layout pass: posting in next frame
06-04 10:29:25.483 32331 32331 W View    : requestLayout() improperly called by helium314.keyboard.latin.panels.BrowserPanelView{cf8b627 V.E...... ......I. 0,0-1440,2040} during layout: running second layout pass
06-04 10:29:25.496 32331 32331 W View    : requestLayout() improperly called by helium314.keyboard.latin.panels.BrowserPanelView{cf8b627 V.E...... .......D 0,0-1440,2040} during second layout pass: posting in next frame
06-04 10:29:25.499 32331 32331 W View    : requestLayout() improperly called by helium314.keyboard.latin.panels.BrowserPanelView{cf8b627 V.E...... ......ID 0,0-1440,2040} during layout: running second layout pass
06-04 10:29:25.509 32331 32331 W View    : requestLayout() improperly called by helium314.keyboard.latin.panels.BrowserPanelView{cf8b627 V.E...... ........ 0,0-1440,2040} during second layout pass: posting in next frame
06-04 10:29:25.516 32331 32331 W View    : requestLayout() improperly called by helium314.keyboard.latin.panels.BrowserPanelView{cf8b627 V.E...... ......ID 0,0-1440,2040} during layout: running second layout pass
06-04 10:29:25.521 32331 32331 W View    : requestLayout() improperly called by helium314.keyboard.latin.panels.BrowserPanelView{cf8b627 V.E...... ........ 0,0-1440,2040} during second layout pass: posting in next frame
06-04 10:29:25.532 32331 32331 W View    : requestLayout() improperly called by helium314.keyboard.latin.panels.BrowserPanelView{cf8b627 V.E...... ......ID 0,0-1440,2040} during layout: running second layout pass
06-04 10:29:25.534 28826 28872 W libc    : Access denied finding property "vendor.oplus.media.vpp.stutter"
06-04 10:29:25.537 32331 32331 W View    : requestLayout() improperly called by helium314.keyboard.latin.panels.BrowserPanelView{cf8b627 V.E...... ........ 0,0-1440,2040} during second layout pass: posting in next frame
06-04 10:29:25.549 32331 32331 W View    : requestLayout() improperly called by helium314.keyboard.latin.panels.BrowserPanelView{cf8b627 V.E...... ......I. 0,0-1440,2040} during layout: running second layout pass
06-04 10:29:25.554 32331 32331 W View    : requestLayout() improperly called by helium314.keyboard.latin.panels.BrowserPanelView{cf8b627 V.E...... ........ 0,0-1440,2040} during second layout pass: posting in next frame
06-04 10:29:25.566 32331 32331 W View    : requestLayout() improperly called by helium314.keyboard.latin.panels.BrowserPanelView{cf8b627 V.E...... ......I. 0,0-1440,2040} during layout: running second layout pass
06-04 10:29:25.571 32331 32331 W View    : requestLayout() improperly called by helium314.keyboard.latin.panels.BrowserPanelView{cf8b627 V.E...... .......D 0,0-1440,2040} during second layout pass: posting in next frame
06-04 10:29:25.582 32331 32331 W View    : requestLayout() improperly called by helium314.keyboard.latin.panels.BrowserPanelView{cf8b627 V.E...... ......ID 0,0-1440,2040} during layout: running second layout pass
06-04 10:29:25.588 32331 32331 W View    : requestLayout() improperly called by helium314.keyboard.latin.panels.BrowserPanelView{cf8b627 V.E...... ........ 0,0-1440,2040} during second layout pass: posting in next frame
06-04 10:29:25.599 32331 32331 W View    : requestLayout() improperly called by helium314.keyboard.latin.panels.BrowserPanelView{cf8b627 V.E...... ......I. 0,0-1440,2040} during layout: running second layout pass
06-04 10:29:25.604 32331 32331 W View    : requestLayout() improperly called by helium314.keyboard.latin.panels.BrowserPanelView{cf8b627 V.E...... .......D 0,0-1440,2040} during second layout pass: posting in next frame
06-04 10:29:25.616 32331 32331 W View    : requestLayout() improperly called by helium314.keyboard.latin.panels.BrowserPanelView{cf8b627 V.E...... ......ID 0,0-1440,2040} during layout: running second layout pass
06-04 10:29:25.621 32331 32331 W View    : requestLayout() improperly called by helium314.keyboard.latin.panels.BrowserPanelView{cf8b627 V.E...... ........ 0,0-1440,2040} during second layout pass: posting in next frame
06-04 10:29:25.632 32331 32331 W View    : requestLayout() improperly called by helium314.keyboard.latin.panels.BrowserPanelView{cf8b627 V.E...... ......ID 0,0-1440,2040} during layout: running second layout pass
06-04 10:29:25.638 32331 32331 W View    : requestLayout() improperly called by helium314.keyboard.latin.panels.BrowserPanelView{cf8b627 V.E...... ........ 0,0-1440,2040} during second layout pass: posting in next frame
06-04 10:29:25.650 32331 32331 W View    : requestLayout() improperly called by helium314.keyboard.latin.panels.BrowserPanelView{cf8b627 V.E...... ......I. 0,0-1440,2040} during layout: running second layout pass
06-04 10:29:25.656 32331 32331 W View    : requestLayout() improperly called by helium314.keyboard.latin.panels.BrowserPanelView{cf8b627 V.E...... ........ 0,0-1440,2040} during second layout pass: posting in next frame
06-04 10:29:25.668 32331 32331 W View    : requestLayout() improperly called by helium314.keyboard.latin.panels.BrowserPanelView{cf8b627 V.E...... ......ID 0,0-1440,2040} during layout: running second layout pass
06-04 10:29:25.675 32331 32331 W View    : requestLayout() improperly called by helium314.keyboard.latin.panels.BrowserPanelView{cf8b627 V.E...... ........ 0,0-1440,2040} during second layout pass: posting in next frame
06-04 10:29:25.684 32331 32331 W View    : requestLayout() improperly called by helium314.keyboard.latin.panels.BrowserPanelView{cf8b627 V.E...... ......ID 0,0-1440,2040} during layout: running second layout pass
06-04 10:29:25.692 32331 32331 W View    : requestLayout() improperly called by helium314.keyboard.latin.panels.BrowserPanelView{cf8b627 V.E...... ........ 0,0-1440,2040} during second layout pass: posting in next frame
06-04 10:29:25.700 32331 32331 W View    : requestLayout() improperly called by helium314.keyboard.latin.panels.BrowserPanelView{cf8b627 V.E...... ......ID 0,0-1440,2040} during layout: running second layout pass
06-04 10:29:25.708 32331 32331 W View    : requestLayout() improperly called by helium314.keyboard.latin.panels.BrowserPanelView{cf8b627 V.E...... ........ 0,0-1440,2040} during second layout pass: posting in next frame
06-04 10:29:25.716 32331 32331 W View    : requestLayout() improperly called by helium314.keyboard.latin.panels.BrowserPanelView{cf8b627 V.E...... ......ID 0,0-1440,2040} during layout: running second layout pass
06-04 10:29:25.723 32331 32331 W View    : requestLayout() improperly called by helium314.keyboard.latin.panels.BrowserPanelView{cf8b627 V.E...... ........ 0,0-1440,2040} during second layout pass: posting in next frame
06-04 10:29:25.735 32331 32331 W View    : requestLayout() improperly called by helium314.keyboard.latin.panels.BrowserPanelView{cf8b627 V.E...... ......I. 0,0-1440,2040} during layout: running second layout pass
06-04 10:29:25.739 32331 32331 W View    : requestLayout() improperly called by helium314.keyboard.latin.panels.BrowserPanelView{cf8b627 V.E...... ........ 0,0-1440,2040} during second layout pass: posting in next frame
06-04 10:29:25.750 32331 32331 W View    : requestLayout() improperly called by helium314.keyboard.latin.panels.BrowserPanelView{cf8b627 V.E...... ......ID 0,0-1440,2040} during layout: running second layout pass
06-04 10:29:25.752 28826 28895 W libc    : Access denied finding property "vendor.oplus.media.vpp.stutter"
06-04 10:29:25.756 32331 32331 W View    : requestLayout() improperly called by helium314.keyboard.latin.panels.BrowserPanelView{cf8b627 V.E...... ........ 0,0-1440,2040} during second layout pass: posting in next frame
06-04 10:29:25.767 32331 32331 W View    : requestLayout() improperly called by helium314.keyboard.latin.panels.BrowserPanelView{cf8b627 V.E...... ......I. 0,0-1440,2040} during layout: running second layout pass
