=== VibeKey 4.1.180 (4280) ===

--------- beginning of system
06-05 18:07:08.041 14436 14436 E OplusCustomizeRestrictionManager: sInstance is null, start a new sInstance
06-05 18:07:30.721 14436 15071 E ActivityThread: Failed to find provider info for com.oplus.statistics.provider
06-05 18:07:30.721 14436 15071 E OplusStatistics--: IllegalArgumentException:java.lang.IllegalArgumentException: Unknown URL content://com.oplus.statistics.provider/track_event
06-05 18:07:40.926 14436 15071 E ActivityThread: Failed to find provider info for com.oplus.statistics.provider
06-05 18:07:40.927 14436 15071 E OplusStatistics--: IllegalArgumentException:java.lang.IllegalArgumentException: Unknown URL content://com.oplus.statistics.provider/track_event
06-05 18:07:56.106 14436 15071 E ActivityThread: Failed to find provider info for com.oplus.statistics.provider
06-05 18:07:56.106 14436 15071 E OplusStatistics--: IllegalArgumentException:java.lang.IllegalArgumentException: Unknown URL content://com.oplus.statistics.provider/track_event
06-05 18:08:08.824 14436 15071 E ActivityThread: Failed to find provider info for com.oplus.statistics.provider
06-05 18:08:08.824 14436 15071 E OplusStatistics--: IllegalArgumentException:java.lang.IllegalArgumentException: Unknown URL content://com.oplus.statistics.provider/track_event
06-05 18:08:23.465 14436 15071 E ActivityThread: Failed to find provider info for com.oplus.statistics.provider
06-05 18:08:23.466 14436 15071 E OplusStatistics--: IllegalArgumentException:java.lang.IllegalArgumentException: Unknown URL content://com.oplus.statistics.provider/track_event
06-05 18:08:35.631 14436 15071 E ActivityThread: Failed to find provider info for com.oplus.statistics.provider
06-05 18:08:35.631 14436 15071 E OplusStatistics--: IllegalArgumentException:java.lang.IllegalArgumentException: Unknown URL content://com.oplus.statistics.provider/track_event
--------- beginning of main
06-05 18:10:53.241 14436 14436 I OnDeviceAssist: ○ blocked task=tone_casual: quota_gate
06-05 18:10:54.205 14436 14829 E GeckoConsole: [JavaScript Error: "TypeError: can't access property "WindowEventDispatcher", win is null" {file: "resource://gre/modules/GeckoViewSessionStore.sys.mjs" line: 149}]
06-05 18:10:54.205 14436 14829 E GeckoConsole: onTabStateUpdate@resource://gre/modules/GeckoViewSessionStore.sys.mjs:149:5
06-05 18:10:54.205 14436 14829 E GeckoConsole: updateSessionStoreFromTabListener@resource://gre/modules/GeckoViewSessionStore.sys.mjs:243:10
06-05 18:10:54.205 14436 14829 E GeckoConsole: SSF_updateSessionStore@resource://gre/modules/SessionStoreFunctions.sys.mjs:46:27
06-05 18:10:54.205 14436 14829 E GeckoConsole: UpdateSessionStore@resource://gre/modules/SessionStoreFunctions.sys.mjs:16:46
06-05 18:10:54.205 14436 14829 E GeckoConsole: [JavaScript Error: "TypeError: can't access property "WindowEventDispatcher", win is null" {file: "resource://gre/modules/GeckoViewSessionStore.sys.mjs" line: 149}]
06-05 18:10:54.205 14436 14829 E GeckoConsole: onTabStateUpdate@resource://gre/modules/GeckoViewSessionStore.sys.mjs:149:5
06-05 18:10:54.205 14436 14829 E GeckoConsole: updateSessionStoreFromTabListener@resource://gre/modules/GeckoViewSessionStore.sys.mjs:243:10
06-05 18:10:54.205 14436 14829 E GeckoConsole: SSF_updateSessionStore@resource://gre/modules/SessionStoreFunctions.sys.mjs:46:27
06-05 18:10:54.205 14436 14829 E GeckoConsole: UpdateSessionStore@resource://gre/modules/SessionStoreFunctions.sys.mjs:16:46
06-05 18:10:54.206 14436 14829 E GeckoConsole: [JavaScript Error: "TypeError: can't access property "WindowEventDispatcher", win is null" {file: "resource://gre/modules/GeckoViewSessionStore.sys.mjs" line: 149}]
06-05 18:10:54.206 14436 14829 E GeckoConsole: onTabStateUpdate@resource://gre/modules/GeckoViewSessionStore.sys.mjs:149:5
06-05 18:10:54.206 14436 14829 E GeckoConsole: updateSessionStoreFromTabListener@resource://gre/modules/GeckoViewSessionStore.sys.mjs:243:10
06-05 18:10:54.206 14436 14829 E GeckoConsole: SSF_updateSessionStore@resource://gre/modules/SessionStoreFunctions.sys.mjs:46:27
06-05 18:10:54.206 14436 14829 E GeckoConsole: UpdateSessionStore@resource://gre/modules/SessionStoreFunctions.sys.mjs:16:46
06-05 18:10:54.206 14436 14829 E GeckoConsole: onTabStateUpdate@resource://gre/modules/GeckoViewSessionStore.sys.mjs:149:5
06-05 18:10:54.206 14436 14829 E GeckoConsole: updateSessionStoreFromTabListener@resource://gre/modules/GeckoViewSessionStore.sys.mjs:243:10
06-05 18:10:54.206 14436 14829 E GeckoConsole: SSF_updateSessionStore@resource://gre/modules/SessionStoreFunctions.sys.mjs:46:27
06-05 18:10:54.206 14436 14829 E GeckoConsole: UpdateSessionStore@resource://gre/modules/SessionStoreFunctions.sys.mjs:16:46
06-05 18:10:54.206 14436 14829 E GeckoConsole: onTabStateUpdate@resource://gre/modules/GeckoViewSessionStore.sys.mjs:149:5
06-05 18:10:54.206 14436 14829 E GeckoConsole: updateSessionStoreFromTabListener@resource://gre/modules/GeckoViewSessionStore.sys.mjs:243:10
06-05 18:10:54.206 14436 14829 E GeckoConsole: SSF_updateSessionStore@resource://gre/modules/SessionStoreFunctions.sys.mjs:46:27
06-05 18:10:54.206 14436 14829 E GeckoConsole: UpdateSessionStore@resource://gre/modules/SessionStoreFunctions.sys.mjs:16:46
06-05 18:10:54.206 14436 14829 E GeckoConsole: onTabStateUpdate@resource://gre/modules/GeckoViewSessionStore.sys.mjs:149:5
06-05 18:10:54.206 14436 14829 E GeckoConsole: updateSessionStoreFromTabListener@resource://gre/modules/GeckoViewSessionStore.sys.mjs:243:10
06-05 18:10:54.206 14436 14829 E GeckoConsole: SSF_updateSessionStore@resource://gre/modules/SessionStoreFunctions.sys.mjs:46:27
06-05 18:10:54.206 14436 14829 E GeckoConsole: UpdateSessionStore@resource://gre/modules/SessionStoreFunctions.sys.mjs:16:46
06-05 18:10:54.206 14436 14829 E GeckoConsole: onTabStateUpdate@resource://gre/modules/GeckoViewSessionStore.sys.mjs:149:5
06-05 18:10:54.206 14436 14829 E GeckoConsole: updateSessionStoreFromTabListener@resource://gre/modules/GeckoViewSessionStore.sys.mjs:243:10
06-05 18:10:54.206 14436 14829 E GeckoConsole: SSF_updateSessionStore@resource://gre/modules/SessionStoreFunctions.sys.mjs:46:27
06-05 18:10:54.206 14436 14829 E GeckoConsole: UpdateSessionStore@resource://gre/modules/SessionStoreFunctions.sys.mjs:16:46
06-05 18:10:54.206 14436 14829 E GeckoConsole: onTabStateUpdate@resource://gre/modules/GeckoViewSessionStore.sys.mjs:149:5
06-05 18:10:54.206 14436 14829 E GeckoConsole: updateSessionStoreFromTabListener@resource://gre/modules/GeckoViewSessionStore.sys.mjs:243:10
06-05 18:10:54.206 14436 14829 E GeckoConsole: SSF_updateSessionStore@resource://gre/modules/SessionStoreFunctions.sys.mjs:46:27
06-05 18:10:54.206 14436 14829 E GeckoConsole: UpdateSessionStore@resource://gre/modules/SessionStoreFunctions.sys.mjs:16:46
06-05 18:10:54.206 14436 14829 E GeckoConsole: onTabStateUpdate@resource://gre/modules/GeckoViewSessionStore.sys.mjs:149:5
06-05 18:10:54.206 14436 14829 E GeckoConsole: updateSessionStoreFromTabListener@resource://gre/modules/GeckoViewSessionStore.sys.mjs:243:10
06-05 18:10:54.206 14436 14829 E GeckoConsole: SSF_updateSessionStore@resource://gre/modules/SessionStoreFunctions.sys.mjs:46:27
06-05 18:10:54.206 14436 14829 E GeckoConsole: UpdateSessionStore@resource://gre/modules/SessionStoreFunctions.sys.mjs:16:46
06-05 18:10:54.206 14436 14829 E GeckoConsole: onTabStateUpdate@resource://gre/modules/GeckoViewSessionStore.sys.mjs:149:5
06-05 18:10:54.206 14436 14829 E GeckoConsole: updateSessionStoreFromTabListener@resource://gre/modules/GeckoViewSessionStore.sys.mjs:243:10
06-05 18:10:54.206 14436 14829 E GeckoConsole: SSF_updateSessionStore@resource://gre/modules/SessionStoreFunctions.sys.mjs:46:27
06-05 18:10:54.206 14436 14829 E GeckoConsole: UpdateSessionStore@resource://gre/modules/SessionStoreFunctions.sys.mjs:16:46
06-05 18:10:54.207 14436 14829 E GeckoConsole: onTabStateUpdate@resource://gre/modules/GeckoViewSessionStore.sys.mjs:149:5
06-05 18:10:54.207 14436 14829 E GeckoConsole: updateSessionStoreFromTabListener@resource://gre/modules/GeckoViewSessionStore.sys.mjs:243:10
06-05 18:10:54.207 14436 14829 E GeckoConsole: SSF_updateSessionStore@resource://gre/modules/SessionStoreFunctions.sys.mjs:46:27
06-05 18:10:54.207 14436 14829 E GeckoConsole: UpdateSessionStore@resource://gre/modules/SessionStoreFunctions.sys.mjs:16:46
06-05 18:10:54.207 14436 14829 E GeckoConsole: onTabStateUpdate@resource://gre/modules/GeckoViewSessionStore.sys.mjs:149:5
06-05 18:10:54.207 14436 14829 E GeckoConsole: updateSessionStoreFromTabListener@resource://gre/modules/GeckoViewSessionStore.sys.mjs:243:10
06-05 18:10:54.207 14436 14829 E GeckoConsole: SSF_updateSessionStore@resource://gre/modules/SessionStoreFunctions.sys.mjs:46:27
06-05 18:10:54.207 14436 14829 E GeckoConsole: UpdateSessionStore@resource://gre/modules/SessionStoreFunctions.sys.mjs:16:46
06-05 18:10:54.207 14436 14829 E GeckoConsole: onTabStateUpdate@resource://gre/modules/GeckoViewSessionStore.sys.mjs:149:5
06-05 18:10:54.207 14436 14829 E GeckoConsole: updateSessionStoreFromTabListener@resource://gre/modules/GeckoViewSessionStore.sys.mjs:243:10
06-05 18:10:54.207 14436 14829 E GeckoConsole: SSF_updateSessionStore@resource://gre/modules/SessionStoreFunctions.sys.mjs:46:27
06-05 18:10:54.207 14436 14829 E GeckoConsole: UpdateSessionStore@resource://gre/modules/SessionStoreFunctions.sys.mjs:16:46
06-05 18:10:54.207 14436 14829 E GeckoConsole: onTabStateUpdate@resource://gre/modules/GeckoViewSessionStore.sys.mjs:149:5
06-05 18:10:54.207 14436 14829 E GeckoConsole: updateSessionStoreFromTabListener@resource://gre/modules/GeckoViewSessionStore.sys.mjs:243:10
06-05 18:10:54.207 14436 14829 E GeckoConsole: SSF_updateSessionStore@resource://gre/modules/SessionStoreFunctions.sys.mjs:46:27
06-05 18:10:54.207 14436 14829 E GeckoConsole: UpdateSessionStore@resource://gre/modules/SessionStoreFunctions.sys.mjs:16:46
06-05 18:10:54.207 14436 14829 E GeckoConsole: onTabStateUpdate@resource://gre/modules/GeckoViewSessionStore.sys.mjs:149:5
06-05 18:10:54.207 14436 14829 E GeckoConsole: updateSessionStoreFromTabListener@resource://gre/modules/GeckoViewSessionStore.sys.mjs:243:10
06-05 18:10:54.207 14436 14829 E GeckoConsole: SSF_updateSessionStore@resource://gre/modules/SessionStoreFunctions.sys.mjs:46:27
06-05 18:10:54.207 14436 14829 E GeckoConsole: UpdateSessionStore@resource://gre/modules/SessionStoreFunctions.sys.mjs:16:46
06-05 18:10:54.207 14436 14829 E GeckoConsole: onTabStateUpdate@resource://gre/modules/GeckoViewSessionStore.sys.mjs:149:5
06-05 18:10:54.207 14436 14829 E GeckoConsole: updateSessionStoreFromTabListener@resource://gre/modules/GeckoViewSessionStore.sys.mjs:243:10
06-05 18:10:54.207 14436 14829 E GeckoConsole: SSF_updateSessionStore@resource://gre/modules/SessionStoreFunctions.sys.mjs:46:27
06-05 18:10:54.207 14436 14829 E GeckoConsole: UpdateSessionStore@resource://gre/modules/SessionStoreFunctions.sys.mjs:16:46
06-05 18:10:54.207 14436 14829 E GeckoConsole: onTabStateUpdate@resource://gre/modules/GeckoViewSessionStore.sys.mjs:149:5
06-05 18:10:54.207 14436 14829 E GeckoConsole: updateSessionStoreFromTabListener@resource://gre/modules/GeckoViewSessionStore.sys.mjs:243:10
06-05 18:10:54.207 14436 14829 E GeckoConsole: SSF_updateSessionStore@resource://gre/modules/SessionStoreFunctions.sys.mjs:46:27
06-05 18:10:54.207 14436 14829 E GeckoConsole: UpdateSessionStore@resource://gre/modules/SessionStoreFunctions.sys.mjs:16:46
06-05 18:10:54.207 14436 14829 E GeckoConsole: onTabStateUpdate@resource://gre/modules/GeckoViewSessionStore.sys.mjs:149:5
06-05 18:10:54.207 14436 14829 E GeckoConsole: updateSessionStoreFromTabListener@resource://gre/modules/GeckoViewSessionStore.sys.mjs:243:10
06-05 18:10:54.207 14436 14829 E GeckoConsole: SSF_updateSessionStore@resource://gre/modules/SessionStoreFunctions.sys.mjs:46:27
06-05 18:10:54.207 14436 14829 E GeckoConsole: UpdateSessionStore@resource://gre/modules/SessionStoreFunctions.sys.mjs:16:46
06-05 18:10:54.208 14436 14829 E GeckoConsole: onTabStateUpdate@resource://gre/modules/GeckoViewSessionStore.sys.mjs:149:5
06-05 18:10:54.208 14436 14829 E GeckoConsole: updateSessionStoreFromTabListener@resource://gre/modules/GeckoViewSessionStore.sys.mjs:243:10
06-05 18:10:54.208 14436 14829 E GeckoConsole: SSF_updateSessionStore@resource://gre/modules/SessionStoreFunctions.sys.mjs:46:27
06-05 18:10:54.208 14436 14829 E GeckoConsole: UpdateSessionStore@resource://gre/modules/SessionStoreFunctions.sys.mjs:16:46
06-05 18:10:54.208 14436 14829 E GeckoConsole: onTabStateUpdate@resource://gre/modules/GeckoViewSessionStore.sys.mjs:149:5
06-05 18:10:54.208 14436 14829 E GeckoConsole: updateSessionStoreFromTabListener@resource://gre/modules/GeckoViewSessionStore.sys.mjs:243:10
06-05 18:10:54.208 14436 14829 E GeckoConsole: SSF_updateSessionStore@resource://gre/modules/SessionStoreFunctions.sys.mjs:46:27
06-05 18:10:54.208 14436 14829 E GeckoConsole: UpdateSessionStore@resource://gre/modules/SessionStoreFunctions.sys.mjs:16:46
06-05 18:10:54.208 14436 14829 E GeckoConsole: onTabStateUpdate@resource://gre/modules/GeckoViewSessionStore.sys.mjs:149:5
06-05 18:10:54.208 14436 14829 E GeckoConsole: updateSessionStoreFromTabListener@resource://gre/modules/GeckoViewSessionStore.sys.mjs:243:10
06-05 18:10:54.208 14436 14829 E GeckoConsole: SSF_updateSessionStore@resource://gre/modules/SessionStoreFunctions.sys.mjs:46:27
06-05 18:10:54.208 14436 14829 E GeckoConsole: UpdateSessionStore@resource://gre/modules/SessionStoreFunctions.sys.mjs:16:46
06-05 18:10:54.208 14436 14829 E GeckoConsole: onTabStateUpdate@resource://gre/modules/GeckoViewSessionStore.sys.mjs:149:5
06-05 18:10:54.208 14436 14829 E GeckoConsole: updateSessionStoreFromTabListener@resource://gre/modules/GeckoViewSessionStore.sys.mjs:243:10
06-05 18:10:54.208 14436 14829 E GeckoConsole: SSF_updateSessionStore@resource://gre/modules/SessionStoreFunctions.sys.mjs:46:27
06-05 18:10:54.208 14436 14829 E GeckoConsole: UpdateSessionStore@resource://gre/modules/SessionStoreFunctions.sys.mjs:16:46
06-05 18:10:54.208 14436 14829 E GeckoConsole: onTabStateUpdate@resource://gre/modules/GeckoViewSessionStore.sys.mjs:149:5
06-05 18:10:54.208 14436 14829 E GeckoConsole: updateSessionStoreFromTabListener@resource://gre/modules/GeckoViewSessionStore.sys.mjs:243:10
06-05 18:10:54.208 14436 14829 E GeckoConsole: SSF_updateSessionStore@resource://gre/modules/SessionStoreFunctions.sys.mjs:46:27
06-05 18:10:54.208 14436 14829 E GeckoConsole: UpdateSessionStore@resource://gre/modules/SessionStoreFunctions.sys.mjs:16:46
06-05 18:10:54.208 14436 14829 E GeckoConsole: onTabStateUpdate@resource://gre/modules/GeckoViewSessionStore.sys.mjs:149:5
06-05 18:10:54.208 14436 14829 E GeckoConsole: updateSessionStoreFromTabListener@resource://gre/modules/GeckoViewSessionStore.sys.mjs:243:10
06-05 18:10:54.208 14436 14829 E GeckoConsole: SSF_updateSessionStore@resource://gre/modules/SessionStoreFunctions.sys.mjs:46:27
06-05 18:10:54.208 14436 14829 E GeckoConsole: UpdateSessionStore@resource://gre/modules/SessionStoreFunctions.sys.mjs:16:46
06-05 18:10:54.208 14436 14829 E GeckoConsole: onTabStateUpdate@resource://gre/modules/GeckoViewSessionStore.sys.mjs:149:5
06-05 18:10:54.208 14436 14829 E GeckoConsole: updateSessionStoreFromTabListener@resource://gre/modules/GeckoViewSessionStore.sys.mjs:243:10
06-05 18:10:54.208 14436 14829 E GeckoConsole: SSF_updateSessionStore@resource://gre/modules/SessionStoreFunctions.sys.mjs:46:27
06-05 18:10:54.208 14436 14829 E GeckoConsole: UpdateSessionStore@resource://gre/modules/SessionStoreFunctions.sys.mjs:16:46
06-05 18:10:54.208 14436 14829 E GeckoConsole: onTabStateUpdate@resource://gre/modules/GeckoViewSessionStore.sys.mjs:149:5
06-05 18:10:54.208 14436 14829 E GeckoConsole: updateSessionStoreFromTabListener@resource://gre/modules/GeckoViewSessionStore.sys.mjs:243:10
06-05 18:10:54.208 14436 14829 E GeckoConsole: SSF_updateSessionStore@resource://gre/modules/SessionStoreFunctions.sys.mjs:46:27
06-05 18:10:54.208 14436 14829 E GeckoConsole: UpdateSessionStore@resource://gre/modules/SessionStoreFunctions.sys.mjs:16:46
06-05 18:10:54.208 14436 14829 E GeckoConsole: onTabStateUpdate@resource://gre/modules/GeckoViewSessionStore.sys.mjs:149:5
06-05 18:10:54.208 14436 14829 E GeckoConsole: updateSessionStoreFromTabListener@resource://gre/modules/GeckoViewSessionStore.sys.mjs:243:10
06-05 18:10:54.208 14436 14829 E GeckoConsole: SSF_updateSessionStore@resource://gre/modules/SessionStoreFunctions.sys.mjs:46:27
06-05 18:10:54.208 14436 14829 E GeckoConsole: UpdateSessionStore@resource://gre/modules/SessionStoreFunctions.sys.mjs:16:46
06-05 18:10:54.209 14436 14829 E GeckoConsole: onTabStateUpdate@resource://gre/modules/GeckoViewSessionStore.sys.mjs:149:5
06-05 18:10:54.209 14436 14829 E GeckoConsole: updateSessionStoreFromTabListener@resource://gre/modules/GeckoViewSessionStore.sys.mjs:243:10
06-05 18:10:54.209 14436 14829 E GeckoConsole: SSF_updateSessionStore@resource://gre/modules/SessionStoreFunctions.sys.mjs:46:27
06-05 18:10:54.209 14436 14829 E GeckoConsole: UpdateSessionStore@resource://gre/modules/SessionStoreFunctions.sys.mjs:16:46
06-05 18:10:54.209 14436 14829 E GeckoConsole: onTabStateUpdate@resource://gre/modules/GeckoViewSessionStore.sys.mjs:149:5
06-05 18:10:54.209 14436 14829 E GeckoConsole: updateSessionStoreFromTabListener@resource://gre/modules/GeckoViewSessionStore.sys.mjs:243:10
06-05 18:10:54.209 14436 14829 E GeckoConsole: SSF_updateSessionStore@resource://gre/modules/SessionStoreFunctions.sys.mjs:46:27
06-05 18:10:54.209 14436 14829 E GeckoConsole: UpdateSessionStore@resource://gre/modules/SessionStoreFunctions.sys.mjs:16:46
06-05 18:10:54.209 14436 14829 E GeckoConsole: onTabStateUpdate@resource://gre/modules/GeckoViewSessionStore.sys.mjs:149:5
06-05 18:10:54.209 14436 14829 E GeckoConsole: updateSessionStoreFromTabListener@resource://gre/modules/GeckoViewSessionStore.sys.mjs:243:10
06-05 18:10:54.209 14436 14829 E GeckoConsole: SSF_updateSessionStore@resource://gre/modules/SessionStoreFunctions.sys.mjs:46:27
06-05 18:10:54.209 14436 14829 E GeckoConsole: UpdateSessionStore@resource://gre/modules/SessionStoreFunctions.sys.mjs:16:46
06-05 18:10:54.209 14436 14829 E GeckoConsole: onTabStateUpdate@resource://gre/modules/GeckoViewSessionStore.sys.mjs:149:5
06-05 18:10:54.209 14436 14829 E GeckoConsole: updateSessionStoreFromTabListener@resource://gre/modules/GeckoViewSessionStore.sys.mjs:243:10
06-05 18:10:54.209 14436 14829 E GeckoConsole: SSF_updateSessionStore@resource://gre/modules/SessionStoreFunctions.sys.mjs:46:27
06-05 18:10:54.209 14436 14829 E GeckoConsole: UpdateSessionStore@resource://gre/modules/SessionStoreFunctions.sys.mjs:16:46
06-05 18:10:54.421 20586 20603 W Isolated Web Content: [JavaScript Warning: "The script from “https://image6.pubmatic.com/AdServer/PugMaster?sec=1&async=1&kdntuid=1&rnd=86942745&p=158583&s=0&a=0&ptask=ALL&np=0&fp=0&rp=1&mpc=0&spug=1&coppa=0&gdpr=0&gdpr_consent=&us_privacy=1YNN&gpp=&gpp_sid=” was loaded even though its MIME type (“text/html”) is not a valid JavaScript MIME type." {file: "https://ads.pubmatic.com/AdServer/js/user_sync.html?kdntuid=1&p=158583&us_privacy=1YNN" line: 0}]
06-05 18:10:54.445 14436 14436 I VkTyping: ○ hidden
06-05 18:10:54.522 14436 14491 E BLASTBufferQueue: BLASTBufferItemConsumer::onDisconnect()
06-05 18:10:54.542 14436 14581 W libc    : Access denied finding property "vendor.oplus.media.vpp.stutter"
06-05 18:10:54.542 14436 14581 E MULTIMEDIAConfig: [getInt32:L80] Not find config, Returning default
06-05 18:10:54.542 14436 14581 E MULTIMEDIAConfig: [getInt32:L80] Not find config, Returning default
06-05 18:10:54.542 14436 14581 E OplusACodec: [OplusACodec:204] mSrOsieMMListCheckResult:0x0 mOsieVersion:1
06-05 18:10:54.577 14436 14491 E BLASTBufferQueue: BLASTBufferItemConsumer::onDisconnect()
06-05 18:10:54.593 14436 22801 E ListServiceUtils: checkInListByUid module:notify-network-optimize uid:13943 cost 1099us return 0
06-05 18:10:54.595 14436 22801 E OplusACodec: [GetVideoCodingTypeFromMime:L1162] mime:video/x-vnd.on2.vp9
06-05 18:10:55.818 14436 22801 W libc    : Access denied finding property "vendor.oplus.media.vpp.stutter"
06-05 18:10:56.801 14495 14495 W LlmEngineService: Severe memory pressure (15); evicting on-device LLM.
06-05 18:10:56.818 14436 22801 W libc    : Access denied finding property "vendor.oplus.media.vpp.stutter"
06-05 18:10:57.819 14436 22801 W libc    : Access denied finding property "vendor.oplus.media.vpp.stutter"
06-05 18:10:58.821 14436 22801 W libc    : Access denied finding property "vendor.oplus.media.vpp.stutter"
06-05 18:10:59.581 14436 14491 E BLASTBufferQueue: BLASTBufferItemConsumer::onDisconnect()
06-05 18:10:59.822 14436 22801 W libc    : Access denied finding property "vendor.oplus.media.vpp.stutter"
06-05 18:11:00.822 14436 22801 W libc    : Access denied finding property "vendor.oplus.media.vpp.stutter"
06-05 18:11:01.823 14436 22801 W libc    : Access denied finding property "vendor.oplus.media.vpp.stutter"
06-05 18:11:02.823 14436 22801 W libc    : Access denied finding property "vendor.oplus.media.vpp.stutter"
06-05 18:11:03.824 14436 22801 W libc    : Access denied finding property "vendor.oplus.media.vpp.stutter"
06-05 18:11:04.320 14436 14581 W cr_MediaCodecBridge: Releasing: OMX.qcom.video.decoder.vp9
06-05 18:11:04.326 14436 22800 E ExtensionsLoader: freeAllBuffers: 6 buffers were freed while being dequeued!
06-05 18:11:04.330 14436 14581 W cr_MediaCodecBridge: Codec released
06-05 18:11:04.343 14436 14740 W ServiceBindIntentUtils: Dynamic lookup for intent failed for action: com.google.android.gms.ads.service.CACHE
06-05 18:11:04.377 14436 23116 W ServiceBindIntentUtils: Dynamic lookup for intent failed for action: com.google.android.gms.ads.service.START
06-05 18:11:04.448 14436 15071 E ActivityThread: Failed to find provider info for com.oplus.statistics.provider
06-05 18:11:04.448 14436 15071 E OplusStatistics--: IllegalArgumentException:java.lang.IllegalArgumentException: Unknown URL content://com.oplus.statistics.provider/track_event
06-05 18:11:04.601 14436 14491 E BLASTBufferQueue: BLASTBufferItemConsumer::onDisconnect()
06-05 18:11:04.617 14436 14491 E BLASTBufferQueue: BLASTBufferItemConsumer::onDisconnect()
06-05 18:11:04.720 15871 15885 W libc    : Access denied finding property "vendor.oplus.media.vpp.stutter"
06-05 18:11:04.781 15871 23159 W Codec2Client: query -- param skipped: index = 1107298332.
06-05 18:11:04.791 15871 23159 W Codec2Client: query -- param skipped: index = 1342179345.
06-05 18:11:04.791 15871 23159 W Codec2Client: query -- param skipped: index = 2415921170.
06-05 18:11:04.791 15871 23159 W Codec2Client: query -- param skipped: index = 1610614798.
06-05 18:11:04.793 14436 14436 W com.vibekey.keyboard: type=1400 audit(0.0:172719): avc: denied { nlmsg_readpriv } for comm=536F636B657420546872656164 scontext=u:r:untrusted_app:s0:c103,c271,c512,c768 tcontext=u:r:untrusted_app:s0:c103,c271,c512,c768 tclass=netlink_route_socket permissive=0 bug=b/155595000 app=com.vibekey.keyboard
06-05 18:11:04.802 15871 17429 W libc    : Access denied finding property "vendor.oplus.media.vpp.stutter"
06-05 18:11:04.802 15871 17429 E MULTIMEDIAConfig: [getInt32:L80] Not find config, Returning default
06-05 18:11:04.802 15871 17429 E MULTIMEDIAConfig: [getInt32:L80] Not find config, Returning default
06-05 18:11:04.802 15871 17429 E OplusACodec: [OplusACodec:204] mSrOsieMMListCheckResult:0x0 mOsieVersion:1
06-05 18:11:04.833 19613 19634 W Isolated Web Content: [JavaScript Warning: "The script from “https://www.foxnews.com/js/breakingNews.js?cb=202665195” was loaded even though its MIME type (“text/javsacript”) is not a valid JavaScript MIME type." {file: "https://www.foxnews.com/" line: 0}]
06-05 18:11:04.870 19613 19634 E Isolated Web Content: [JavaScript Error: "Cross-Origin Request Blocked: The Same Origin Policy disallows reading the remote resource at https://link.h-cdn.com/get. (Reason: CORS request did not succeed). Status code: (null)."]
06-05 18:11:04.899 15871 23174 E OplusACodec: [GetVideoCodingTypeFromMime:L1162] mime:video/avc
06-05 18:11:05.616 14436 14436 E Ads     : JS: Refused to get unsafe header "X-Afma-Gcache-IsGcacheHit" (https://www.gstatic.com/mysidia/38641a442446c53632a4e2bb29a65ad0.js?tag=addon/rewarded_video:434)
06-05 18:11:05.754 14436 14436 E Ads     : JS: Refused to get unsafe header "X-Afma-Gcache-IsGcacheHit" (https://www.gstatic.com/mysidia/38641a442446c53632a4e2bb29a65ad0.js?tag=addon/rewarded_video:434)
06-05 18:11:05.773 14436 14581 W libc    : Access denied finding property "vendor.oplus.media.vpp.stutter"
06-05 18:11:05.774 14436 14581 E MULTIMEDIAConfig: [getInt32:L80] Not find config, Returning default
06-05 18:11:05.774 14436 14581 E MULTIMEDIAConfig: [getInt32:L80] Not find config, Returning default
06-05 18:11:05.774 14436 14581 E OplusACodec: [OplusACodec:204] mSrOsieMMListCheckResult:0x0 mOsieVersion:1
06-05 18:11:05.812 14436 23199 E OplusACodec: [GetVideoCodingTypeFromMime:L1162] mime:video/x-vnd.on2.vp9
06-05 18:11:05.923 15871 23174 W libc    : Access denied finding property "vendor.oplus.media.vpp.stutter"
06-05 18:11:05.948 14436 14581 W cr_MediaCodecBridge: Releasing: OMX.qcom.video.decoder.vp9
06-05 18:11:05.952 14436 23198 E ExtensionsLoader: freeAllBuffers: 13 buffers were freed while being dequeued!
06-05 18:11:05.953 14436 14581 W cr_MediaCodecBridge: Codec released
06-05 18:11:06.381 14436 14436 I VkTyping: ▶ open restart=false pkg=com.android.launcher inputType=589825
06-05 18:11:06.392 14436 14436 I VkMultilingual: reset main=en-US locales=[fr,it,en] count=3
06-05 18:11:06.452 14436 14436 W GeckoEventDispatcher: No listener for GeckoView:DismissClipboardPermissionRequest
06-05 18:11:06.466 14436 14829 E GeckoConsole: onTabStateUpdate@resource://gre/modules/GeckoViewSessionStore.sys.mjs:149:5
06-05 18:11:06.466 14436 14829 E GeckoConsole: updateSessionStoreFromTabListener@resource://gre/modules/GeckoViewSessionStore.sys.mjs:243:10
06-05 18:11:06.466 14436 14829 E GeckoConsole: SSF_updateSessionStore@resource://gre/modules/SessionStoreFunctions.sys.mjs:46:27
06-05 18:11:06.466 14436 14829 E GeckoConsole: UpdateSessionStore@resource://gre/modules/SessionStoreFunctions.sys.mjs:16:46
06-05 18:11:06.466 14436 14829 E GeckoConsole: onTabStateUpdate@resource://gre/modules/GeckoViewSessionStore.sys.mjs:149:5
06-05 18:11:06.466 14436 14829 E GeckoConsole: updateSessionStoreFromTabListener@resource://gre/modules/GeckoViewSessionStore.sys.mjs:243:10
06-05 18:11:06.466 14436 14829 E GeckoConsole: SSF_updateSessionStore@resource://gre/modules/SessionStoreFunctions.sys.mjs:46:27
06-05 18:11:06.466 14436 14829 E GeckoConsole: UpdateSessionStore@resource://gre/modules/SessionStoreFunctions.sys.mjs:16:46
06-05 18:11:06.467 14436 14829 E GeckoConsole: onTabStateUpdate@resource://gre/modules/GeckoViewSessionStore.sys.mjs:149:5
06-05 18:11:06.467 14436 14829 E GeckoConsole: updateSessionStoreFromTabListener@resource://gre/modules/GeckoViewSessionStore.sys.mjs:243:10
06-05 18:11:06.467 14436 14829 E GeckoConsole: SSF_updateSessionStore@resource://gre/modules/SessionStoreFunctions.sys.mjs:46:27
06-05 18:11:06.467 14436 14829 E GeckoConsole: UpdateSessionStore@resource://gre/modules/SessionStoreFunctions.sys.mjs:16:46
06-05 18:11:06.478 14436 14829 E GeckoConsole: onTabStateUpdate@resource://gre/modules/GeckoViewSessionStore.sys.mjs:149:5
06-05 18:11:06.478 14436 14829 E GeckoConsole: updateSessionStoreFromTabListener@resource://gre/modules/GeckoViewSessionStore.sys.mjs:243:10
06-05 18:11:06.478 14436 14829 E GeckoConsole: SSF_updateSessionStore@resource://gre/modules/SessionStoreFunctions.sys.mjs:46:27
06-05 18:11:06.478 14436 14829 E GeckoConsole: UpdateSessionStore@resource://gre/modules/SessionStoreFunctions.sys.mjs:16:46
06-05 18:11:06.479 14436 14829 E GeckoConsole: onTabStateUpdate@resource://gre/modules/GeckoViewSessionStore.sys.mjs:149:5
06-05 18:11:06.479 14436 14829 E GeckoConsole: updateSessionStoreFromTabListener@resource://gre/modules/GeckoViewSessionStore.sys.mjs:243:10
06-05 18:11:06.479 14436 14829 E GeckoConsole: SSF_updateSessionStore@resource://gre/modules/SessionStoreFunctions.sys.mjs:46:27
06-05 18:11:06.479 14436 14829 E GeckoConsole: UpdateSessionStore@resource://gre/modules/SessionStoreFunctions.sys.mjs:16:46
06-05 18:11:06.479 14436 14829 E GeckoConsole: onTabStateUpdate@resource://gre/modules/GeckoViewSessionStore.sys.mjs:149:5
06-05 18:11:06.479 14436 14829 E GeckoConsole: updateSessionStoreFromTabListener@resource://gre/modules/GeckoViewSessionStore.sys.mjs:243:10
06-05 18:11:06.479 14436 14829 E GeckoConsole: SSF_updateSessionStore@resource://gre/modules/SessionStoreFunctions.sys.mjs:46:27
06-05 18:11:06.479 14436 14829 E GeckoConsole: UpdateSessionStore@resource://gre/modules/SessionStoreFunctions.sys.mjs:16:46
06-05 18:11:06.479 14436 14829 E GeckoConsole: onTabStateUpdate@resource://gre/modules/GeckoViewSessionStore.sys.mjs:149:5
06-05 18:11:06.479 14436 14829 E GeckoConsole: updateSessionStoreFromTabListener@resource://gre/modules/GeckoViewSessionStore.sys.mjs:243:10
06-05 18:11:06.479 14436 14829 E GeckoConsole: SSF_updateSessionStore@resource://gre/modules/SessionStoreFunctions.sys.mjs:46:27
06-05 18:11:06.479 14436 14829 E GeckoConsole: UpdateSessionStore@resource://gre/modules/SessionStoreFunctions.sys.mjs:16:46
06-05 18:11:06.480 14436 14829 E GeckoConsole: onTabStateUpdate@resource://gre/modules/GeckoViewSessionStore.sys.mjs:149:5
06-05 18:11:06.480 14436 14829 E GeckoConsole: updateSessionStoreFromTabListener@resource://gre/modules/GeckoViewSessionStore.sys.mjs:243:10
06-05 18:11:06.480 14436 14829 E GeckoConsole: SSF_updateSessionStore@resource://gre/modules/SessionStoreFunctions.sys.mjs:46:27
06-05 18:11:06.480 14436 14829 E GeckoConsole: UpdateSessionStore@resource://gre/modules/SessionStoreFunctions.sys.mjs:16:46
06-05 18:11:06.480 14436 14829 E GeckoConsole: onTabStateUpdate@resource://gre/modules/GeckoViewSessionStore.sys.mjs:149:5
06-05 18:11:06.480 14436 14829 E GeckoConsole: updateSessionStoreFromTabListener@resource://gre/modules/GeckoViewSessionStore.sys.mjs:243:10
06-05 18:11:06.480 14436 14829 E GeckoConsole: SSF_updateSessionStore@resource://gre/modules/SessionStoreFunctions.sys.mjs:46:27
06-05 18:11:06.480 14436 14829 E GeckoConsole: UpdateSessionStore@resource://gre/modules/SessionStoreFunctions.sys.mjs:16:46
06-05 18:11:06.480 14436 14829 E GeckoConsole: onTabStateUpdate@resource://gre/modules/GeckoViewSessionStore.sys.mjs:149:5
06-05 18:11:06.480 14436 14829 E GeckoConsole: updateSessionStoreFromTabListener@resource://gre/modules/GeckoViewSessionStore.sys.mjs:243:10
06-05 18:11:06.480 14436 14829 E GeckoConsole: SSF_updateSessionStore@resource://gre/modules/SessionStoreFunctions.sys.mjs:46:27
06-05 18:11:06.480 14436 14829 E GeckoConsole: UpdateSessionStore@resource://gre/modules/SessionStoreFunctions.sys.mjs:16:46
06-05 18:11:06.480 14436 14829 E GeckoConsole: onTabStateUpdate@resource://gre/modules/GeckoViewSessionStore.sys.mjs:149:5
06-05 18:11:06.480 14436 14829 E GeckoConsole: updateSessionStoreFromTabListener@resource://gre/modules/GeckoViewSessionStore.sys.mjs:243:10
06-05 18:11:06.480 14436 14829 E GeckoConsole: SSF_updateSessionStore@resource://gre/modules/SessionStoreFunctions.sys.mjs:46:27
06-05 18:11:06.480 14436 14829 E GeckoConsole: UpdateSessionStore@resource://gre/modules/SessionStoreFunctions.sys.mjs:16:46
06-05 18:11:06.481 14436 14829 E GeckoConsole: onTabStateUpdate@resource://gre/modules/GeckoViewSessionStore.sys.mjs:149:5
06-05 18:11:06.481 14436 14829 E GeckoConsole: updateSessionStoreFromTabListener@resource://gre/modules/GeckoViewSessionStore.sys.mjs:243:10
06-05 18:11:06.481 14436 14829 E GeckoConsole: SSF_updateSessionStore@resource://gre/modules/SessionStoreFunctions.sys.mjs:46:27
06-05 18:11:06.481 14436 14829 E GeckoConsole: UpdateSessionStore@resource://gre/modules/SessionStoreFunctions.sys.mjs:16:46
06-05 18:11:06.481 14436 14829 E GeckoConsole: onTabStateUpdate@resource://gre/modules/GeckoViewSessionStore.sys.mjs:149:5
06-05 18:11:06.481 14436 14829 E GeckoConsole: updateSessionStoreFromTabListener@resource://gre/modules/GeckoViewSessionStore.sys.mjs:243:10
06-05 18:11:06.481 14436 14829 E GeckoConsole: SSF_updateSessionStore@resource://gre/modules/SessionStoreFunctions.sys.mjs:46:27
06-05 18:11:06.481 14436 14829 E GeckoConsole: UpdateSessionStore@resource://gre/modules/SessionStoreFunctions.sys.mjs:16:46
06-05 18:11:06.481 14436 14829 E GeckoConsole: onTabStateUpdate@resource://gre/modules/GeckoViewSessionStore.sys.mjs:149:5
06-05 18:11:06.481 14436 14829 E GeckoConsole: updateSessionStoreFromTabListener@resource://gre/modules/GeckoViewSessionStore.sys.mjs:243:10
06-05 18:11:06.481 14436 14829 E GeckoConsole: SSF_updateSessionStore@resource://gre/modules/SessionStoreFunctions.sys.mjs:46:27
06-05 18:11:06.481 14436 14829 E GeckoConsole: UpdateSessionStore@resource://gre/modules/SessionStoreFunctions.sys.mjs:16:46
06-05 18:11:06.481 14436 14829 E GeckoConsole: onTabStateUpdate@resource://gre/modules/GeckoViewSessionStore.sys.mjs:149:5
06-05 18:11:06.481 14436 14829 E GeckoConsole: updateSessionStoreFromTabListener@resource://gre/modules/GeckoViewSessionStore.sys.mjs:243:10
06-05 18:11:06.481 14436 14829 E GeckoConsole: SSF_updateSessionStore@resource://gre/modules/SessionStoreFunctions.sys.mjs:46:27
06-05 18:11:06.481 14436 14829 E GeckoConsole: UpdateSessionStore@resource://gre/modules/SessionStoreFunctions.sys.mjs:16:46
06-05 18:11:06.482 14436 14829 E GeckoConsole: onTabStateUpdate@resource://gre/modules/GeckoViewSessionStore.sys.mjs:149:5
06-05 18:11:06.482 14436 14829 E GeckoConsole: updateSessionStoreFromTabListener@resource://gre/modules/GeckoViewSessionStore.sys.mjs:243:10
06-05 18:11:06.482 14436 14829 E GeckoConsole: SSF_updateSessionStore@resource://gre/modules/SessionStoreFunctions.sys.mjs:46:27
06-05 18:11:06.482 14436 14829 E GeckoConsole: UpdateSessionStore@resource://gre/modules/SessionStoreFunctions.sys.mjs:16:46
06-05 18:11:06.482 14436 14829 E GeckoConsole: onTabStateUpdate@resource://gre/modules/GeckoViewSessionStore.sys.mjs:149:5
06-05 18:11:06.482 14436 14829 E GeckoConsole: updateSessionStoreFromTabListener@resource://gre/modules/GeckoViewSessionStore.sys.mjs:243:10
06-05 18:11:06.482 14436 14829 E GeckoConsole: SSF_updateSessionStore@resource://gre/modules/SessionStoreFunctions.sys.mjs:46:27
06-05 18:11:06.482 14436 14829 E GeckoConsole: UpdateSessionStore@resource://gre/modules/SessionStoreFunctions.sys.mjs:16:46
06-05 18:11:06.482 14436 14829 E GeckoConsole: onTabStateUpdate@resource://gre/modules/GeckoViewSessionStore.sys.mjs:149:5
06-05 18:11:06.482 14436 14829 E GeckoConsole: updateSessionStoreFromTabListener@resource://gre/modules/GeckoViewSessionStore.sys.mjs:243:10
06-05 18:11:06.482 14436 14829 E GeckoConsole: SSF_updateSessionStore@resource://gre/modules/SessionStoreFunctions.sys.mjs:46:27
06-05 18:11:06.482 14436 14829 E GeckoConsole: UpdateSessionStore@resource://gre/modules/SessionStoreFunctions.sys.mjs:16:46
06-05 18:11:06.482 14436 14829 E GeckoConsole: onTabStateUpdate@resource://gre/modules/GeckoViewSessionStore.sys.mjs:149:5
06-05 18:11:06.482 14436 14829 E GeckoConsole: updateSessionStoreFromTabListener@resource://gre/modules/GeckoViewSessionStore.sys.mjs:243:10
06-05 18:11:06.482 14436 14829 E GeckoConsole: SSF_updateSessionStore@resource://gre/modules/SessionStoreFunctions.sys.mjs:46:27
06-05 18:11:06.482 14436 14829 E GeckoConsole: UpdateSessionStore@resource://gre/modules/SessionStoreFunctions.sys.mjs:16:46
06-05 18:11:06.482 14436 14829 E GeckoConsole: onTabStateUpdate@resource://gre/modules/GeckoViewSessionStore.sys.mjs:149:5
06-05 18:11:06.482 14436 14829 E GeckoConsole: updateSessionStoreFromTabListener@resource://gre/modules/GeckoViewSessionStore.sys.mjs:243:10
06-05 18:11:06.482 14436 14829 E GeckoConsole: SSF_updateSessionStore@resource://gre/modules/SessionStoreFunctions.sys.mjs:46:27
06-05 18:11:06.482 14436 14829 E GeckoConsole: UpdateSessionStore@resource://gre/modules/SessionStoreFunctions.sys.mjs:16:46
06-05 18:11:06.483 14436 14829 E GeckoConsole: onTabStateUpdate@resource://gre/modules/GeckoViewSessionStore.sys.mjs:149:5
06-05 18:11:06.483 14436 14829 E GeckoConsole: updateSessionStoreFromTabListener@resource://gre/modules/GeckoViewSessionStore.sys.mjs:243:10
06-05 18:11:06.483 14436 14829 E GeckoConsole: SSF_updateSessionStore@resource://gre/modules/SessionStoreFunctions.sys.mjs:46:27
06-05 18:11:06.483 14436 14829 E GeckoConsole: UpdateSessionStore@resource://gre/modules/SessionStoreFunctions.sys.mjs:16:46
06-05 18:11:06.483 14436 14829 E GeckoConsole: onTabStateUpdate@resource://gre/modules/GeckoViewSessionStore.sys.mjs:149:5
06-05 18:11:06.483 14436 14829 E GeckoConsole: updateSessionStoreFromTabListener@resource://gre/modules/GeckoViewSessionStore.sys.mjs:243:10
06-05 18:11:06.483 14436 14829 E GeckoConsole: SSF_updateSessionStore@resource://gre/modules/SessionStoreFunctions.sys.mjs:46:27
06-05 18:11:06.483 14436 14829 E GeckoConsole: UpdateSessionStore@resource://gre/modules/SessionStoreFunctions.sys.mjs:16:46
06-05 18:11:06.483 14436 14829 E GeckoConsole: onTabStateUpdate@resource://gre/modules/GeckoViewSessionStore.sys.mjs:149:5
06-05 18:11:06.483 14436 14829 E GeckoConsole: updateSessionStoreFromTabListener@resource://gre/modules/GeckoViewSessionStore.sys.mjs:243:10
06-05 18:11:06.483 14436 14829 E GeckoConsole: SSF_updateSessionStore@resource://gre/modules/SessionStoreFunctions.sys.mjs:46:27
06-05 18:11:06.483 14436 14829 E GeckoConsole: UpdateSessionStore@resource://gre/modules/SessionStoreFunctions.sys.mjs:16:46
06-05 18:11:06.484 14436 14829 E GeckoConsole: onTabStateUpdate@resource://gre/modules/GeckoViewSessionStore.sys.mjs:149:5
06-05 18:11:06.484 14436 14829 E GeckoConsole: updateSessionStoreFromTabListener@resource://gre/modules/GeckoViewSessionStore.sys.mjs:243:10
06-05 18:11:06.484 14436 14829 E GeckoConsole: SSF_updateSessionStore@resource://gre/modules/SessionStoreFunctions.sys.mjs:46:27
06-05 18:11:06.484 14436 14829 E GeckoConsole: UpdateSessionStore@resource://gre/modules/SessionStoreFunctions.sys.mjs:16:46
06-05 18:11:06.484 14436 14829 E GeckoConsole: onTabStateUpdate@resource://gre/modules/GeckoViewSessionStore.sys.mjs:149:5
06-05 18:11:06.484 14436 14829 E GeckoConsole: updateSessionStoreFromTabListener@resource://gre/modules/GeckoViewSessionStore.sys.mjs:243:10
06-05 18:11:06.484 14436 14829 E GeckoConsole: SSF_updateSessionStore@resource://gre/modules/SessionStoreFunctions.sys.mjs:46:27
06-05 18:11:06.484 14436 14829 E GeckoConsole: UpdateSessionStore@resource://gre/modules/SessionStoreFunctions.sys.mjs:16:46
06-05 18:11:06.484 14436 14829 E GeckoConsole: onTabStateUpdate@resource://gre/modules/GeckoViewSessionStore.sys.mjs:149:5
06-05 18:11:06.484 14436 14829 E GeckoConsole: updateSessionStoreFromTabListener@resource://gre/modules/GeckoViewSessionStore.sys.mjs:243:10
06-05 18:11:06.484 14436 14829 E GeckoConsole: SSF_updateSessionStore@resource://gre/modules/SessionStoreFunctions.sys.mjs:46:27
06-05 18:11:06.484 14436 14829 E GeckoConsole: UpdateSessionStore@resource://gre/modules/SessionStoreFunctions.sys.mjs:16:46
06-05 18:11:06.484 14436 14829 E GeckoConsole: onTabStateUpdate@resource://gre/modules/GeckoViewSessionStore.sys.mjs:149:5
06-05 18:11:06.484 14436 14829 E GeckoConsole: updateSessionStoreFromTabListener@resource://gre/modules/GeckoViewSessionStore.sys.mjs:243:10
06-05 18:11:06.484 14436 14829 E GeckoConsole: SSF_updateSessionStore@resource://gre/modules/SessionStoreFunctions.sys.mjs:46:27
06-05 18:11:06.484 14436 14829 E GeckoConsole: UpdateSessionStore@resource://gre/modules/SessionStoreFunctions.sys.mjs:16:46
06-05 18:11:06.485 14436 14829 E GeckoConsole: onTabStateUpdate@resource://gre/modules/GeckoViewSessionStore.sys.mjs:149:5
06-05 18:11:06.485 14436 14829 E GeckoConsole: updateSessionStoreFromTabListener@resource://gre/modules/GeckoViewSessionStore.sys.mjs:243:10
06-05 18:11:06.485 14436 14829 E GeckoConsole: SSF_updateSessionStore@resource://gre/modules/SessionStoreFunctions.sys.mjs:46:27
06-05 18:11:06.485 14436 14829 E GeckoConsole: UpdateSessionStore@resource://gre/modules/SessionStoreFunctions.sys.mjs:16:46
06-05 18:11:06.485 14436 14829 E GeckoConsole: onTabStateUpdate@resource://gre/modules/GeckoViewSessionStore.sys.mjs:149:5
06-05 18:11:06.485 14436 14829 E GeckoConsole: updateSessionStoreFromTabListener@resource://gre/modules/GeckoViewSessionStore.sys.mjs:243:10
06-05 18:11:06.485 14436 14829 E GeckoConsole: SSF_updateSessionStore@resource://gre/modules/SessionStoreFunctions.sys.mjs:46:27
06-05 18:11:06.485 14436 14829 E GeckoConsole: UpdateSessionStore@resource://gre/modules/SessionStoreFunctions.sys.mjs:16:46
06-05 18:11:06.485 14436 14829 E GeckoConsole: onTabStateUpdate@resource://gre/modules/GeckoViewSessionStore.sys.mjs:149:5
06-05 18:11:06.485 14436 14829 E GeckoConsole: updateSessionStoreFromTabListener@resource://gre/modules/GeckoViewSessionStore.sys.mjs:243:10
06-05 18:11:06.485 14436 14829 E GeckoConsole: SSF_updateSessionStore@resource://gre/modules/SessionStoreFunctions.sys.mjs:46:27
06-05 18:11:06.485 14436 14829 E GeckoConsole: UpdateSessionStore@resource://gre/modules/SessionStoreFunctions.sys.mjs:16:46
06-05 18:11:06.652 14436 14726 W VibeKeyProfiler: Slow Native Suggest: Total=22.40ms | Init=0.24ms | TrieExpand(x5)=22.11ms | Scoring=0.05ms | inputSize=6
06-05 18:11:06.662 14436 14726 W VibeKeyProfiler: Slow Native Suggest: Total=9.64ms | Init=0.14ms | TrieExpand(x10)=9.44ms | Scoring=0.05ms | inputSize=6
06-05 18:11:06.682 14436 14726 W VibeKeyProfiler: Slow Native Suggest: Total=10.10ms | Init=0.14ms | TrieExpand(x5)=9.91ms | Scoring=0.05ms | inputSize=6
06-05 18:11:06.691 14436 14726 I VkSuggestions: decode typedLen=6 candidates=18 locales=3 63.3ms
06-05 18:11:06.691 14436 14726 W VkSuggestions: slow frame 63.3ms locales=3 typedLen=6 candidates=18 parallelWait=63.1ms
06-05 18:11:06.693 14436 14726 I VkSuggestions: strip composing typedLen=6 candidates=16 autocorrect=false top=jhgdbd locale=fr
06-05 18:11:06.747 14436 14491 E BLASTBufferQueue: BLASTBufferItemConsumer::onDisconnect()
06-05 18:11:06.924 15871 23174 W libc    : Access denied finding property "vendor.oplus.media.vpp.stutter"
06-05 18:11:07.082 14436 23207 I OnDeviceAssist: ▶ assist_ipc task=topic_tags in=6 chars
06-05 18:11:07.087 14495 15115 W OnDeviceAssist: ✗ llm task=topic_tags 0ms: engine stopped
06-05 18:11:07.088 14436 15223 W OnDeviceAssist: ✗ assist (ime) task=topic_tags 6ms: Engine stopped
06-05 18:11:07.092 14436 23207 W OnDeviceLlmPrewarm: topic hints failed (keyboard_open): Engine stopped
06-05 18:11:07.924 15871 23174 W libc    : Access denied finding property "vendor.oplus.media.vpp.stutter"
06-05 18:11:07.985 14495 15115 I OnDeviceAssist: warm ok model=qwen2.5-0.5b-instruct-q4_0.gguf ambient=39 chars 601ms
06-05 18:11:08.865 14436 14726 I VkSuggestions: decode typedLen=5 candidates=18 locales=3 10.6ms
06-05 18:11:08.867 14436 14726 I VkSuggestions: strip composing typedLen=5 candidates=17 autocorrect=false top=jhgdb locale=fr
06-05 18:11:08.925 15871 23174 W libc    : Access denied finding property "vendor.oplus.media.vpp.stutter"
06-05 18:11:09.292 14436 14726 I VkSuggestions: decode typedLen=4 candidates=18 locales=3 11.4ms
06-05 18:11:09.294 14436 14726 I VkSuggestions: strip composing typedLen=4 candidates=18 autocorrect=false top=jhgd locale=fr
06-05 18:11:09.432 14436 14726 I VkSuggestions: decode typedLen=3 candidates=18 locales=3 10.6ms
06-05 18:11:09.434 14436 14726 I VkSuggestions: strip composing typedLen=3 candidates=18 autocorrect=false top=jhg locale=fr
06-05 18:11:09.575 14436 14726 I VkSuggestions: decode typedLen=2 candidates=18 locales=3 10.1ms
06-05 18:11:09.576 14436 14726 I VkSuggestions: strip composing typedLen=2 candidates=12 autocorrect=false top=jh locale=fr
06-05 18:11:09.722 14436 14726 W VibeKeyProfiler: Slow Native Suggest: Total=8.88ms | Init=0.09ms | TrieExpand(x15)=8.77ms | Scoring=0.02ms | inputSize=1
06-05 18:11:09.722 14436 14726 I VkSuggestions: decode typedLen=1 candidates=18 locales=3 23.0ms
06-05 18:11:09.723 14436 14726 W VkSuggestions: slow frame 23.0ms locales=3 typedLen=1 candidates=18 parallelWait=22.9ms
06-05 18:11:09.724 14436 14726 I VkSuggestions: strip composing typedLen=1 candidates=18 autocorrect=false top=j locale=fr
06-05 18:11:09.899 14436 14726 I VkSuggestions: strip prediction typedLen=0 candidates=1 autocorrect=false top=hhd locale=fr
06-05 18:11:09.925 15871 23174 W libc    : Access denied finding property "vendor.oplus.media.vpp.stutter"
06-05 18:11:10.928 15871 23174 W libc    : Access denied finding property "vendor.oplus.media.vpp.stutter"
06-05 18:11:11.266 14436 14726 W VkSuggestions: slow frame 19.9ms locales=3 typedLen=1 candidates=18 parallelWait=19.6ms
06-05 18:11:11.267 14436 14726 I VkSuggestions: strip composing typedLen=1 candidates=19 autocorrect=false top=h locale=fr
06-05 18:11:11.465 14436 14726 I VkSuggestions: decode typedLen=2 candidates=18 locales=3 11.5ms
06-05 18:11:11.466 14436 14726 I VkAutocorrect: offered: ho → ho
06-05 18:11:11.466 14436 14726 I VkSuggestions: strip composing typedLen=2 candidates=17 autocorrect=true top=ho locale=fr
06-05 18:11:11.723 14436 14726 I VkSuggestions: decode typedLen=4 candidates=18 locales=3 12.1ms
06-05 18:11:11.724 14436 14726 I VkSuggestions: strip composing typedLen=4 candidates=15 autocorrect=false top=hope locale=fr
06-05 18:11:11.928 15871 23174 W libc    : Access denied finding property "vendor.oplus.media.vpp.stutter"
06-05 18:11:11.998 15871 23159 W Codec2Client: query -- param skipped: index = 1342179345.
06-05 18:11:11.998 15871 23159 W Codec2Client: query -- param skipped: index = 2415921170.
06-05 18:11:11.998 15871 23159 W Codec2Client: query -- param skipped: index = 1610614798.
06-05 18:11:12.046 15871 15871 W GeckoMediaManager: unbound while client still active.
06-05 18:11:12.326 14436 14436 I VkAutocorrect: picked: hope
06-05 18:11:12.433 14436 14726 I VkSuggestions: decode typedLen=0 candidates=3 locales=3 2.3ms
06-05 18:11:12.435 14436 14726 I VkSuggestions: strip prediction typedLen=0 candidates=3 autocorrect=false top=for locale=fr
06-05 18:11:12.759 14436 14726 I VkSuggestions: decode typedLen=1 candidates=18 locales=3 22.9ms
06-05 18:11:12.759 14436 14726 W VkSuggestions: slow frame 22.9ms locales=3 typedLen=1 candidates=18 parallelWait=22.5ms
06-05 18:11:12.760 14436 14726 I VkAutocorrect: offered: a → a
06-05 18:11:12.761 14436 14726 I VkSuggestions: strip composing typedLen=1 candidates=16 autocorrect=true top=a locale=fr
06-05 18:11:12.917 14436 14726 I VkSuggestions: decode typedLen=2 candidates=18 locales=3 12.2ms
06-05 18:11:12.918 14436 14726 I VkSuggestions: strip composing typedLen=2 candidates=17 autocorrect=false top=al locale=fr
06-05 18:11:13.060 14436 14726 I VkSuggestions: decode typedLen=3 candidates=18 locales=3 12.3ms
06-05 18:11:13.061 14436 14726 I VkSuggestions: strip composing typedLen=3 candidates=17 autocorrect=false top=all locale=fr
06-05 18:11:13.645 14436 14436 I VkAutocorrect: picked: all
06-05 18:11:13.748 14436 14726 I VkSuggestions: decode typedLen=0 candidates=3 locales=3 0.7ms
06-05 18:11:13.749 14436 14726 I VkSuggestions: strip prediction typedLen=0 candidates=3 autocorrect=false top=that locale=en
06-05 18:11:14.196 14436 14726 I VkSuggestions: decode typedLen=2 candidates=18 locales=3 12.5ms
06-05 18:11:14.198 14436 14726 I VkSuggestions: strip composing typedLen=2 candidates=18 autocorrect=false top=is locale=en
06-05 18:11:14.231 14436 14436 I VkAutocorrect: kept (typing): is
06-05 18:11:14.333 14436 14726 I VkSuggestions: decode typedLen=0 candidates=3 locales=3 0.4ms
06-05 18:11:14.334 14436 14726 I VkSuggestions: strip prediction typedLen=0 candidates=3 autocorrect=false top=a locale=en
06-05 18:11:15.549 14436 14726 I VkSuggestions: decode typedLen=1 candidates=18 locales=3 19.8ms
06-05 18:11:15.549 14436 14726 W VkSuggestions: slow frame 19.8ms locales=3 typedLen=1 candidates=18 parallelWait=19.7ms
06-05 18:11:15.550 14436 14726 I VkSuggestions: strip composing typedLen=1 candidates=18 autocorrect=false top=j locale=en
06-05 18:11:15.767 14436 14726 I VkSuggestions: decode typedLen=2 candidates=18 locales=3 20.5ms
06-05 18:11:15.768 14436 14726 W VkSuggestions: slow frame 20.5ms locales=3 typedLen=2 candidates=18 parallelWait=20.2ms
06-05 18:11:15.769 14436 14726 I VkSuggestions: strip composing typedLen=2 candidates=16 autocorrect=false top=jo locale=en
06-05 18:11:16.254 14436 14726 W VibeKeyProfiler: Slow Native Suggest: Total=8.03ms | Init=0.06ms | TrieExpand(x18)=7.93ms | Scoring=0.03ms | inputSize=1
06-05 18:11:16.263 14436 14726 W VibeKeyProfiler: Slow Native Suggest: Total=8.81ms | Init=0.18ms | TrieExpand(x22)=8.60ms | Scoring=0.03ms | inputSize=1
06-05 18:11:16.276 14436 14726 I VkSuggestions: decode typedLen=1 candidates=18 locales=3 29.9ms
06-05 18:11:16.276 14436 14726 W VkSuggestions: slow frame 29.9ms locales=3 typedLen=1 candidates=18 parallelWait=29.8ms
06-05 18:11:16.277 14436 14726 I VkSuggestions: strip composing typedLen=1 candidates=18 autocorrect=false top=j locale=en
06-05 18:11:16.648 14436 14726 I VkSuggestions: strip prediction typedLen=0 candidates=3 autocorrect=false top=a locale=en
06-05 18:11:16.967 14436 14726 W VibeKeyProfiler: Slow Native Suggest: Total=9.29ms | Init=0.03ms | TrieExpand(x26)=9.23ms | Scoring=0.03ms | inputSize=1
06-05 18:11:16.983 14436 14726 W VkSuggestions: slow frame 25.3ms locales=3 typedLen=1 candidates=18 parallelWait=25.2ms
06-05 18:11:16.985 14436 14726 I VkSuggestions: strip composing typedLen=1 candidates=17 autocorrect=false top=w locale=en
06-05 18:11:17.197 14436 14726 I VkSuggestions: decode typedLen=2 candidates=18 locales=3 12.7ms
06-05 18:11:17.199 14436 14726 I VkSuggestions: strip composing typedLen=2 candidates=16 autocorrect=false top=we locale=en
