06-01 14:07:29.882 12725 12742 E Isolated Web Content: [JavaScript Error: "Content-Security-Policy: (Report-Only policy) The page’s settings would block a JavaScript eval (script-src) from being executed because it violates the following directive: “script-src https://accounts.google.com/gsi/client” (Missing 'unsafe-eval')" {file: "https://static.coingecko.com/packs/js/4759-64f00f0f8b33558ba65f.js" line: 1}]
06-01 14:07:29.882 12725 12742 E Isolated Web Content: [JavaScript Error: "Content-Security-Policy: (Report-Only policy) The page’s settings would block a JavaScript eval (script-src) from being executed because it violates the following directive: “script-src https://accounts.google.com/gsi/client” (Missing 'unsafe-eval')" {file: "https://static.coingecko.com/packs/js/4759-64f00f0f8b33558ba65f.js" line: 1}]
06-01 14:07:29.882 12725 12742 E Isolated Web Content: [JavaScript Error: "Content-Security-Policy: (Report-Only policy) The page’s settings would block a JavaScript eval (script-src) from being executed because it violates the following directive: “script-src https://accounts.google.com/gsi/client” (Missing 'unsafe-eval')" {file: "https://static.coingecko.com/packs/js/4759-64f00f0f8b33558ba65f.js" line: 1}]
06-01 14:07:29.882 12725 12742 E Isolated Web Content: [JavaScript Error: "Content-Security-Policy: (Report-Only policy) The page’s settings would block a JavaScript eval (script-src) from being executed because it violates the following directive: “script-src https://accounts.google.com/gsi/client” (Missing 'unsafe-eval')" {file: "https://static.coingecko.com/packs/js/4759-64f00f0f8b33558ba65f.js" line: 1}]
06-01 14:07:29.882 12725 12742 E Isolated Web Content: [JavaScript Error: "Content-Security-Policy: (Report-Only policy) The page’s settings would block a JavaScript eval (script-src) from being executed because it violates the following directive: “script-src https://accounts.google.com/gsi/client” (Missing 'unsafe-eval')" {file: "https://static.coingecko.com/packs/js/4759-64f00f0f8b33558ba65f.js" line: 1}]
06-01 14:07:29.882 12725 12742 E Isolated Web Content: [JavaScript Error: "Content-Security-Policy: (Report-Only policy) The page’s settings would block a JavaScript eval (script-src) from being executed because it violates the following directive: “script-src https://accounts.google.com/gsi/client” (Missing 'unsafe-eval')" {file: "https://static.coingecko.com/packs/js/4759-64f00f0f8b33558ba65f.js" line: 1}]
06-01 14:07:29.882 12725 12742 E Isolated Web Content: [JavaScript Error: "Content-Security-Policy: (Report-Only policy) The page’s settings would block the loading of a resource (connect-src) at wss://cables.coingecko.com/cable because it violates the following directive: “connect-src https://accounts.google.com/gsi/”" {file: "https://static.coingecko.com/packs/js/4089-771c2bf26779ec21d866.js" line: 1}]
06-01 14:07:29.882 12725 12742 E Isolated Web Content: [JavaScript Error: "Content-Security-Policy: (Report-Only policy) The page’s settings would block the loading of a resource (connect-src) at wss://cables.coingecko.com/cable because it violates the following directive: “connect-src https://accounts.google.com/gsi/”" {file: "https://www.coingecko.com/" line: 0}]
06-01 14:07:29.882 12725 12742 E Isolated Web Content: [JavaScript Error: "Content-Security-Policy: (Report-Only policy) The page’s settings would block the loading of a resource (connect-src) at https://www.coingecko.com/accounts/logged_in_user.json because it violates the following directive: “connect-src https://accounts.google.com/gsi/”" {file: "https://static.coingecko.com/packs/js/1191-8f48a4e42264bbef374d.js" line: 2}]
06-01 14:07:29.883 12725 12742 E Isolated Web Content: [JavaScript Error: "Content-Security-Policy: (Report-Only policy) The page’s settings would block the loading of a resource (connect-src) at https://www.coingecko.com/accounts/csrf_meta.json because it violates the following directive: “connect-src https://accounts.google.com/gsi/”" {file: "https://static.coingecko.com/packs/js/1191-8f48a4e42264bbef374d.js" line: 2}]
06-01 14:07:29.884 12725 12742 E Isolated Web Content: [JavaScript Error: "Content-Security-Policy: (Report-Only policy) The page’s settings would block the loading of a resource (connect-src) at https://www.coingecko.com/accounts/analytics_user_data.json because it violates the following directive: “connect-src https://accounts.google.com/gsi/”" {file: "https://static.coingecko.com/packs/js/1191-8f48a4e42264bbef374d.js" line: 2}]
06-01 14:07:29.884 12725 12742 E Isolated Web Content: [JavaScript Error: "Content-Security-Policy: (Report-Only policy) The page’s settings would block the loading of a resource (connect-src) at https://www.coingecko.com/en/sidebar/narratives_today because it violates the following directive: “connect-src https://accounts.google.com/gsi/”" {file: "https://static.coingecko.com/packs/js/1191-8f48a4e42264bbef374d.js" line: 2}]
06-01 14:07:29.884 12725 12742 E Isolated Web Content: [JavaScript Error: "Content-Security-Policy: (Report-Only policy) The page’s settings would block the loading of a resource (connect-src) at https://www.coingecko.com/en/sidebar/portfolio_dropdown because it violates the following directive: “connect-src https://accounts.google.com/gsi/”" {file: "https://static.coingecko.com/packs/js/1191-8f48a4e42264bbef374d.js" line: 2}]
06-01 14:07:29.887 12725 12742 E Isolated Web Content: [JavaScript Error: "Content-Security-Policy: (Report-Only policy) The page’s settings would block the loading of a resource (connect-src) at https://www.coingecko.com/onboarding/user_info because it violates the following directive: “connect-src https://accounts.google.com/gsi/”" {file: "https://static.coingecko.com/packs/js/1191-8f48a4e42264bbef374d.js" line: 2}]
06-01 14:07:29.887 12725 12742 E Isolated Web Content: [JavaScript Error: "Content-Security-Policy: (Report-Only policy) The page’s settings would block the loading of a resource (connect-src) at https://www.coingecko.com/onboarding/portfolio_coins_info because it violates the following directive: “connect-src https://accounts.google.com/gsi/”" {file: "https://static.coingecko.com/packs/js/1191-8f48a4e42264bbef374d.js" line: 2}]
06-01 14:07:29.890 12725 12742 W Isolated Web Content: [JavaScript Warning: "Feature Policy: Skipping unsupported feature name “cross-origin-isolated”." {file: "https://challenges.cloudflare.com/turnstile/v0/api.js" line: 1}]
06-01 14:07:29.890 12725 12742 W Isolated Web Content: [JavaScript Warning: "Feature Policy: Skipping unsupported feature name “autoplay”." {file: "https://challenges.cloudflare.com/turnstile/v0/api.js" line: 1}]
06-01 14:07:29.890 12725 12742 W Isolated Web Content: [JavaScript Warning: "Feature Policy: Skipping unsupported feature name “keyboard-map”." {file: "https://challenges.cloudflare.com/turnstile/v0/api.js" line: 1}]
06-01 14:07:29.890 12725 12742 W Isolated Web Content: [JavaScript Warning: "Feature Policy: Skipping unsupported feature name “xr-spatial-tracking”." {file: "https://challenges.cloudflare.com/turnstile/v0/api.js" line: 1}]
06-01 14:07:29.891 12725 12742 W Isolated Web Content: [JavaScript Warning: "Feature Policy: Skipping unsupported feature name “cross-origin-isolated”." {file: "https://challenges.cloudflare.com/turnstile/v0/api.js" line: 1}]
06-01 14:07:29.891 12725 12742 W Isolated Web Content: [JavaScript Warning: "Feature Policy: Skipping unsupported feature name “autoplay”." {file: "https://challenges.cloudflare.com/turnstile/v0/api.js" line: 1}]
06-01 14:07:29.891 12725 12742 W Isolated Web Content: [JavaScript Warning: "Feature Policy: Skipping unsupported feature name “keyboard-map”." {file: "https://challenges.cloudflare.com/turnstile/v0/api.js" line: 1}]
06-01 14:07:29.891 12725 12742 W Isolated Web Content: [JavaScript Warning: "Feature Policy: Skipping unsupported feature name “xr-spatial-tracking”." {file: "https://challenges.cloudflare.com/turnstile/v0/api.js" line: 1}]
06-01 14:07:29.891 12725 12742 W Isolated Web Content: [JavaScript Warning: "Feature Policy: Skipping unsupported feature name “cross-origin-isolated”." {file: "https://challenges.cloudflare.com/turnstile/v0/api.js" line: 1}]
06-01 14:07:29.891 12725 12742 W Isolated Web Content: [JavaScript Warning: "Feature Policy: Skipping unsupported feature name “autoplay”." {file: "https://challenges.cloudflare.com/turnstile/v0/api.js" line: 1}]
06-01 14:07:29.891 12725 12742 W Isolated Web Content: [JavaScript Warning: "Feature Policy: Skipping unsupported feature name “keyboard-map”." {file: "https://challenges.cloudflare.com/turnstile/v0/api.js" line: 1}]
06-01 14:07:29.891 12725 12742 W Isolated Web Content: [JavaScript Warning: "Feature Policy: Skipping unsupported feature name “xr-spatial-tracking”." {file: "https://challenges.cloudflare.com/turnstile/v0/api.js" line: 1}]
06-01 14:07:30.146 12725 12742 E Isolated Web Content: [JavaScript Error: "Content-Security-Policy: (Report-Only policy) The page’s settings would block a script (script-src-elem) at https://cdn.confiant-integrations.net/gptprebidnative/202605191507/wrap.js from being executed because it violates the following directive: “script-src https://accounts.google.com/gsi/client”" {file: "https://cdn.confiant-integrations.net/9LK8Exe2khR_0lJTo07N1DnGdH8/gpt_and_prebid/config.js" line: 122}]
06-01 14:07:30.161 12725 12742 E Isolated Web Content: [JavaScript Error: "Content-Security-Policy: (Report-Only policy) The page’s settings would block the loading of a resource (frame-src) at https://challenges.cloudflare.com/cdn-cgi/challenge-platform/h/g/turnstile/f/ov2/av0/rch/7k16a/0x4AAAAAABkuQIhLBgY-YxvO/auto/fbE/new/normal?lang=auto because it violates the following directive: “frame-src https://accounts.google.com/gsi/”" {file: "https://www.coingecko.com/" line: 0}]
06-01 14:07:30.168 12725 12742 E Isolated Web Content: [JavaScript Error: "Content-Security-Policy: (Report-Only policy) The page’s settings would block the loading of a resource (connect-src) at https://www.coingecko.com/en/onboarding/user_info because it violates the following directive: “connect-src https://accounts.google.com/gsi/”" {file: "https://www.coingecko.com/" line: 0}]
06-01 14:07:30.168 12725 12742 E Isolated Web Content: [JavaScript Error: "Content-Security-Policy: (Report-Only policy) The page’s settings would block the loading of a resource (connect-src) at https://www.coingecko.com/en/onboarding/portfolio_coins_info because it violates the following directive: “connect-src https://accounts.google.com/gsi/”" {file: "https://www.coingecko.com/" line: 0}]
06-01 14:07:30.179 12725 12742 W Isolated Web Content: [JavaScript Warning: "WEBGL_debug_renderer_info is deprecated in Firefox and will be removed. Please use RENDERER." {file: "https://html-load.cc/script/d3d3LmNvaW5nZWNrby5jb20.js" line: 2}]
06-01 14:07:30.720 12725 12742 E Isolated Web Content: [JavaScript Error: "Content-Security-Policy: (Report-Only policy) The page’s settings would block the loading of a resource (connect-src) at https://www.coingecko.com/en/portfolios/quick_add_coins_logged_out?coin_ids=&lop_coin_ids= because it violates the following directive: “connect-src https://accounts.google.com/gsi/”" {file: "https://static.coingecko.com/packs/js/1191-8f48a4e42264bbef374d.js" line: 2}]
06-01 14:07:30.720 12725 12742 E Isolated Web Content: [JavaScript Error: "Content-Security-Policy: (Report-Only policy) The page’s settings would block a JavaScript eval (script-src) from being executed because it violates the following directive: “script-src https://accounts.google.com/gsi/client” (Missing 'unsafe-eval')" {file: "https://static.coingecko.com/packs/js/4759-64f00f0f8b33558ba65f.js" line: 1}]
06-01 14:07:30.722 12725 12742 E Isolated Web Content: [JavaScript Error: "Content-Security-Policy: (Report-Only policy) The page’s settings would block a script (script-src-elem) at blob:https://www.coingecko.com/c3d3a3a0-001a-46ee-84a2-be80b69a880d from being executed because it violates the following directive: “script-src https://accounts.google.com/gsi/client”" {file: "https://cdn.confiant-integrations.net/gptprebidnative/202605191507/wrap.js" line: 50}]
06-01 14:07:30.726 12725 12742 E Isolated Web Content: [JavaScript Error: "Content-Security-Policy: (Report-Only policy) The page’s settings would block a JavaScript eval (script-src) from being executed because it violates the following directive: “script-src https://accounts.google.com/gsi/client” (Missing 'unsafe-eval')" {file: "https://static.coingecko.com/packs/js/4759-64f00f0f8b33558ba65f.js" line: 1}]
06-01 14:07:30.726 12725 12742 E Isolated Web Content: [JavaScript Error: "Content-Security-Policy: (Report-Only policy) The page’s settings would block a JavaScript eval (script-src) from being executed because it violates the following directive: “script-src https://accounts.google.com/gsi/client” (Missing 'unsafe-eval')" {file: "https://static.coingecko.com/packs/js/4759-64f00f0f8b33558ba65f.js" line: 1}]
06-01 14:07:30.810 12725 12742 E Isolated Web Content: [JavaScript Error: "Content-Security-Policy: (Report-Only policy) The page’s settings would block a script (script-src-elem) at https://www.coingecko.com/tagmetrics/6neqGjS1Zb1oIKgu-djVD-JvVwnXTgW2gS72DYFtctTdpkTh from being executed because it violates the following directive: “script-src https://accounts.google.com/gsi/client”" {file: "https://www.coingecko.com/tagmetrics/" line: 340}]
06-01 14:07:30.810 12725 12742 E Isolated Web Content: [JavaScript Error: "Content-Security-Policy: (Report-Only policy) The page’s settings would block a script (script-src-elem) at https://www.coingecko.com/tagmetrics/6neqGjS1Y8cJW80p-t_WZ4YcQluJEB6thXz8RNg1cISYo-ZDROE from being executed because it violates the following directive: “script-src https://accounts.google.com/gsi/client”" {file: "https://www.coingecko.com/tagmetrics/" line: 340}]
06-01 14:07:30.810 12725 12742 E Isolated Web Content: [JavaScript Error: "Content-Security-Policy: (Report-Only policy) The page’s settings would block a script (script-src-elem) at https://www.coingecko.com/tagmetrics/6neqGjS1Y8cJW80p_9rTbYEVQ1mJEB6thXz8RNg1cISYo-ZDROE from being executed because it violates the following directive: “script-src https://accounts.google.com/gsi/client”" {file: "https://www.coingecko.com/tagmetrics/" line: 340}]
06-01 14:07:30.972 14512 14530 W Isolated Web Content: [JavaScript Warning: "WEBGL_debug_renderer_info is deprecated in Firefox and will be removed. Please use RENDERER." {file: "https://challenges.cloudflare.com/cdn-cgi/challenge-platform/h/g/turnstile/f/ov2/av0/rch/k23ra/0x4AAAAAABkuQIhLBgY-YxvO/auto/fbE/new/normal?lang=auto" line: 1}]
06-01 14:07:31.077 14512 14530 W Isolated Web Content: [JavaScript Warning: "Content-Security-Policy: Couldn’t process unknown directive ‘trusted-types’" {file: "https://challenges.cloudflare.com/cdn-cgi/challenge-platform/h/g/turnstile/f/ov2/av0/rch/7k16a/0x4AAAAAABkuQIhLBgY-YxvO/auto/fbE/new/normal?lang=auto" line: 0}]
06-01 14:07:31.077 14512 14530 W Isolated Web Content: [JavaScript Warning: "Content-Security-Policy: Couldn’t process unknown directive ‘require-trusted-types-for’" {file: "https://challenges.cloudflare.com/cdn-cgi/challenge-platform/h/g/turnstile/f/ov2/av0/rch/7k16a/0x4AAAAAABkuQIhLBgY-YxvO/auto/fbE/new/normal?lang=auto" line: 0}]
06-01 14:07:31.078 14512 14530 W GeckoEditableChild: No editable parent
06-01 14:07:31.115  8275  8275 W GeckoEventDispatcher: No listener for GeckoView:DismissClipboardPermissionRequest
06-01 14:07:31.117  8275  8275 W GeckoEventDispatcher: No listener for GeckoView:DismissClipboardPermissionRequest
06-01 14:07:31.119  8275  9795 E BLASTBufferQueue: BLASTBufferItemConsumer::onDisconnect()
06-01 14:07:31.123  8275  8275 E GeckoView: Failed to detach WindowInsetsListener: 
06-01 14:07:31.123  8275  8275 E GeckoView: java.lang.NullPointerException: Attempt to invoke virtual method 'android.view.Window android.app.Activity.getWindow()' on a null object reference
06-01 14:07:31.123  8275  8275 E GeckoView: 	at org.mozilla.geckoview.GeckoView.detachWindowInsetsListener(r8-map-id-77731b11c1cb5a698a64c95b2497b61ab3ee60dbb047ede68aba1ab9a8da9457:1)
06-01 14:07:31.123  8275  8275 E GeckoView: 	at org.mozilla.geckoview.GeckoView.onDetachedFromWindow(r8-map-id-77731b11c1cb5a698a64c95b2497b61ab3ee60dbb047ede68aba1ab9a8da9457:25)
06-01 14:07:31.123  8275  8275 E GeckoView: 	at android.view.View.dispatchDetachedFromWindow(View.java:20955)
06-01 14:07:31.123  8275  8275 E GeckoView: 	at android.view.ViewGroup.dispatchDetachedFromWindow(ViewGroup.java:4014)
06-01 14:07:31.123  8275  8275 E GeckoView: 	at android.view.ViewGroup.removeViewInternal(ViewGroup.java:5660)
06-01 14:07:31.123  8275  8275 E GeckoView: 	at android.view.ViewGroup.removeViewInternal(ViewGroup.java:5631)
06-01 14:07:31.123  8275  8275 E GeckoView: 	at android.view.ViewGroup.removeView(ViewGroup.java:5562)
06-01 14:07:31.123  8275  8275 E GeckoView: 	at helium314.keyboard.latin.panels.BrowserPanelView.E(r8-map-id-77731b11c1cb5a698a64c95b2497b61ab3ee60dbb047ede68aba1ab9a8da9457:75)
06-01 14:07:31.123  8275  8275 E GeckoView: 	at helium314.keyboard.latin.panels.BrowserPanelView.H0(r8-map-id-77731b11c1cb5a698a64c95b2497b61ab3ee60dbb047ede68aba1ab9a8da9457:90)
06-01 14:07:31.123  8275  8275 E GeckoView: 	at g7.b0.r(r8-map-id-77731b11c1cb5a698a64c95b2497b61ab3ee60dbb047ede68aba1ab9a8da9457:149)
06-01 14:07:31.123  8275  8275 E GeckoView: 	at g7.b0.P(r8-map-id-77731b11c1cb5a698a64c95b2497b61ab3ee60dbb047ede68aba1ab9a8da9457:17)
06-01 14:07:31.123  8275  8275 E GeckoView: 	at y7.t3.a(r8-map-id-77731b11c1cb5a698a64c95b2497b61ab3ee60dbb047ede68aba1ab9a8da9457:3)
06-01 14:07:31.123  8275  8275 E GeckoView: 	at y7.b2.onClick(r8-map-id-77731b11c1cb5a698a64c95b2497b61ab3ee60dbb047ede68aba1ab9a8da9457:203)
06-01 14:07:31.123  8275  8275 E GeckoView: 	at android.view.View.performClick(View.java:7488)
06-01 14:07:31.123  8275  8275 E GeckoView: 	at android.view.View.performClickInternal(View.java:7464)
06-01 14:07:31.123  8275  8275 E GeckoView: 	at android.view.View.access$3700(View.java:841)
06-01 14:07:31.123  8275  8275 E GeckoView: 	at android.view.View$PerformClick.run(View.java:28911)
06-01 14:07:31.123  8275  8275 E GeckoView: 	at android.os.Handler.handleCallback(Handler.java:938)
06-01 14:07:31.123  8275  8275 E GeckoView: 	at android.os.Handler.dispatchMessage(Handler.java:99)
06-01 14:07:31.123  8275  8275 E GeckoView: 	at android.os.Looper.loopOnce(Looper.java:233)
06-01 14:07:31.123  8275  8275 E GeckoView: 	at android.os.Looper.loop(Looper.java:344)
06-01 14:07:31.123  8275  8275 E GeckoView: 	at android.app.ActivityThread.main(ActivityThread.java:8212)
06-01 14:07:31.123  8275  8275 E GeckoView: 	at java.lang.reflect.Method.invoke(Native Method)
06-01 14:07:31.123  8275  8275 E GeckoView: 	at com.android.internal.os.RuntimeInit$MethodAndArgsCaller.run(RuntimeInit.java:584)
06-01 14:07:31.123  8275  8275 E GeckoView: 	at com.android.internal.os.ZygoteInit.main(ZygoteInit.java:1034)
06-01 14:07:31.127 14512 14530 W Isolated Web Content: [JavaScript Warning: "WebGL context was lost." {file: "https://challenges.cloudflare.com/cdn-cgi/challenge-platform/h/g/turnstile/f/ov2/av0/rch/k23ra/0x4AAAAAABkuQIhLBgY-YxvO/auto/fbE/new/normal?lang=auto" line: 1}]
06-01 14:07:31.127 14512 14530 W Isolated Web Content: [JavaScript Warning: "WebGL context was lost." {file: "https://challenges.cloudflare.com/cdn-cgi/challenge-platform/h/g/turnstile/f/ov2/av0/rch/k23ra/0x4AAAAAABkuQIhLBgY-YxvO/auto/fbE/new/normal?lang=auto" line: 1}]
06-01 14:07:31.133 14512 14530 W Isolated Web Content: [JavaScript Warning: "Content-Security-Policy: Couldn’t process unknown directive ‘trusted-types’" {file: "https://challenges.cloudflare.com/cdn-cgi/challenge-platform/h/g/turnstile/f/ov2/av0/rch/7k16a/0x4AAAAAABkuQIhLBgY-YxvO/auto/fbE/new/normal?lang=auto" line: 0}]
06-01 14:07:31.133 14512 14530 W Isolated Web Content: [JavaScript Warning: "Content-Security-Policy: Couldn’t process unknown directive ‘require-trusted-types-for’" {file: "https://challenges.cloudflare.com/cdn-cgi/challenge-platform/h/g/turnstile/f/ov2/av0/rch/7k16a/0x4AAAAAABkuQIhLBgY-YxvO/auto/fbE/new/normal?lang=auto" line: 0}]
06-01 14:07:31.159  8275  9343 E GeckoConsole: [JavaScript Error: "TypeError: can't access property "WindowEventDispatcher", win is null" {file: "resource://gre/modules/GeckoViewSessionStore.sys.mjs" line: 149}]
06-01 14:07:31.159  8275  9343 E GeckoConsole: onTabStateUpdate@resource://gre/modules/GeckoViewSessionStore.sys.mjs:149:5
06-01 14:07:31.159  8275  9343 E GeckoConsole: updateSessionStoreFromTabListener@resource://gre/modules/GeckoViewSessionStore.sys.mjs:243:10
06-01 14:07:31.159  8275  9343 E GeckoConsole: SSF_updateSessionStore@resource://gre/modules/SessionStoreFunctions.sys.mjs:46:27
06-01 14:07:31.159  8275  9343 E GeckoConsole: UpdateSessionStore@resource://gre/modules/SessionStoreFunctions.sys.mjs:16:46
06-01 14:07:31.160  8275  9343 E GeckoConsole: [JavaScript Error: "TypeError: can't access property "WindowEventDispatcher", win is null" {file: "resource://gre/modules/GeckoViewSessionStore.sys.mjs" line: 149}]
06-01 14:07:31.160  8275  9343 E GeckoConsole: onTabStateUpdate@resource://gre/modules/GeckoViewSessionStore.sys.mjs:149:5
06-01 14:07:31.160  8275  9343 E GeckoConsole: updateSessionStoreFromTabListener@resource://gre/modules/GeckoViewSessionStore.sys.mjs:243:10
06-01 14:07:31.160  8275  9343 E GeckoConsole: SSF_updateSessionStore@resource://gre/modules/SessionStoreFunctions.sys.mjs:46:27
06-01 14:07:31.160  8275  9343 E GeckoConsole: UpdateSessionStore@resource://gre/modules/SessionStoreFunctions.sys.mjs:16:46
06-01 14:07:31.293 12725 12742 E Isolated Web Content: [JavaScript Error: "Content-Security-Policy: (Report-Only policy) The page’s settings would block a script (script-src-elem) at https://cdn-apac.onetrust.com/scripttemplates/202601.2.0/otBannerSdk.js from being executed because it violates the following directive: “script-src https://accounts.google.com/gsi/client”" {file: "https://cdn-apac.onetrust.com/scripttemplates/otSDKStub.js" line: 1}]
06-01 14:07:31.298  8275  8275 W GeckoSession: No history entries found.
06-01 14:07:31.299 12725 12742 E Isolated Web Content: [JavaScript Error: "Content-Security-Policy: (Report-Only policy) The page’s settings would block the loading of a resource (connect-src) at https://www.coingecko.com/cdn-cgi/rum? because it violates the following directive: “connect-src https://accounts.google.com/gsi/”" {file: "https://static.coingecko.com/packs/js/1191-8f48a4e42264bbef374d.js" line: 2}]
06-01 14:07:31.379 14512 14530 W AudioCapabilities: Unsupported mime audio/ffmpeg
06-01 14:07:31.380 14512 14530 W VideoCapabilities: Unsupported mime video/ffmpeg
06-01 14:07:31.381 14512 14530 W VideoCapabilities: Unrecognized profile/level 0/3 for video/mpeg2
06-01 14:07:31.381 14512 14530 W VideoCapabilities: Unrecognized profile/level 0/3 for video/mpeg2
06-01 14:07:31.410 14512 14792 E .keyboard:tab1: ofbOpen failed with error=No such file or directory
06-01 14:07:31.410 14512 14792 E .keyboard:tab1: sysOpen failed with error=No such file or directory
06-01 14:07:31.426 12725 12742 W Isolated Web Content: [JavaScript Warning: "The resource at “https://static.coingecko.com/s/coingecko-logo-4e0a4227c866a5c8b23ca06323b2aa1e3b08b0ef6fd0b26020c94044415ad9ab.png” preloaded with link preload was not used within a few seconds. Make sure all attributes of the preload tag are set correctly." {file: "https://www.coingecko.com/" line: 0}]
06-01 14:07:31.446 14512 14530 W libc    : Access denied finding property "vendor.camera.aux.packagelist"
06-01 14:07:31.446 14512 14530 W libc    : Access denied finding property "vendor.camera.aux.packagelist"
06-01 14:07:31.446 14512 14530 W libc    : Access denied finding property "vendor.camera.aux.packagelist"
06-01 14:07:31.460 14512 14527 W libc    : Access denied finding property "vendor.camera.aux.packagelist"
06-01 14:07:31.462 14512 14530 W libc    : Access denied finding property "vendor.camera.aux.packagelist"
06-01 14:07:31.467 13597 13700 W libc    : Access denied finding property "vendor.oplus.media.vpp.stutter"
06-01 14:07:31.467 13597 13700 E MULTIMEDIAConfig: [getInt32:L80] Not find config, Returning default
06-01 14:07:31.467 13597 13700 E MULTIMEDIAConfig: [getInt32:L80] Not find config, Returning default
06-01 14:07:31.467 13597 13700 E OplusACodec: [OplusACodec:204] mSrOsieMMListCheckResult:0x0 mOsieVersion:1
06-01 14:07:31.538 12725 12742 E Isolated Web Content: [JavaScript Error: "Content-Security-Policy: (Report-Only policy) The page’s settings would block the loading of a resource (connect-src) at https://cdn-apac.onetrust.com/consent/49e8a847-f2c7-4b58-a340-caf0924064fe/019c9cde-a773-7a0c-9f9c-ca437b728ff3/en.json because it violates the following directive: “connect-src https://accounts.google.com/gsi/”" {file: "https://static.coingecko.com/packs/js/1191-8f48a4e42264bbef374d.js" line: 2}]
06-01 14:07:31.540 13597 14799 E OplusACodec: [GetVideoCodingTypeFromMime:L1162] mime:video/avc
06-01 14:07:31.590 12725 12742 E Isolated Web Content: [JavaScript Error: "Content-Security-Policy: (Report-Only policy) The page’s settings would block the loading of a resource (connect-src) at https://cdn-apac.onetrust.com/consent/49e8a847-f2c7-4b58-a340-caf0924064fe/019c9cde-a773-7a0c-9f9c-ca437b728ff3/bLayout-en.json because it violates the following directive: “connect-src https://accounts.google.com/gsi/”" {file: "https://static.coingecko.com/packs/js/1191-8f48a4e42264bbef374d.js" line: 2}]
06-01 14:07:31.590 12725 12742 E Isolated Web Content: [JavaScript Error: "Content-Security-Policy: (Report-Only policy) The page’s settings would block the loading of a resource (connect-src) at https://cdn-apac.onetrust.com/scripttemplates/202601.2.0/assets/v2/otPcCenter.json because it violates the following directive: “connect-src https://accounts.google.com/gsi/”" {file: "https://static.coingecko.com/packs/js/1191-8f48a4e42264bbef374d.js" line: 2}]
06-01 14:07:31.590 12725 12742 E Isolated Web Content: [JavaScript Error: "Content-Security-Policy: (Report-Only policy) The page’s settings would block the loading of a resource (connect-src) at https://cdn-apac.onetrust.com/scripttemplates/202601.2.0/assets/otCommonStyles.css because it violates the following directive: “connect-src https://accounts.google.com/gsi/”" {file: "https://static.coingecko.com/packs/js/1191-8f48a4e42264bbef374d.js" line: 2}]
06-01 14:07:31.663 13597 13700 W libc    : Access denied finding property "vendor.oplus.media.vpp.stutter"
06-01 14:07:31.663 13597 13700 E MULTIMEDIAConfig: [getInt32:L80] Not find config, Returning default
06-01 14:07:31.663 13597 13700 E MULTIMEDIAConfig: [getInt32:L80] Not find config, Returning default
06-01 14:07:31.663 13597 13700 E OplusACodec: [OplusACodec:204] mSrOsieMMListCheckResult:0x0 mOsieVersion:1
06-01 14:07:31.688 13597 14818 E OplusACodec: [GetVideoCodingTypeFromMime:L1162] mime:video/avc
06-01 14:07:31.724 14512 14530 W Isolated Web Content: [JavaScript Warning: "This page is in Quirks Mode. Page layout may be impacted. For Standards Mode use “<!DOCTYPE html>”." {file: "https://challenges.cloudflare.com/cdn-cgi/challenge-platform/h/g/turnstile/f/ov2/av0/rch/k23ra/0x4AAAAAABkuQIhLBgY-YxvO/auto/fbE/new/normal?lang=auto" line: 1}]
06-01 14:07:31.779 12725 12742 W Isolated Web Content: [JavaScript Warning: "The value of the attribute “expires” for the cookie “_ga_LJR3232ZPB” has been overwritten." {file: "https://www.coingecko.com/" line: 0}]
06-01 14:07:31.789 13597 13636 W libc    : Access denied finding property "vendor.oplus.media.vpp.stutter"
06-01 14:07:31.790 13597 13636 E MULTIMEDIAConfig: [getInt32:L80] Not find config, Returning default
06-01 14:07:31.790 13597 13636 E MULTIMEDIAConfig: [getInt32:L80] Not find config, Returning default
06-01 14:07:31.790 13597 13636 E OplusACodec: [OplusACodec:204] mSrOsieMMListCheckResult:0x0 mOsieVersion:1
06-01 14:07:31.806 13597 14827 E OplusACodec: [GetVideoCodingTypeFromMime:L1162] mime:video/avc
06-01 14:07:31.847  8275  8275 W com.vibekey.keyboard: type=1400 audit(0.0:19051): avc: denied { nlmsg_readpriv } for comm=536F636B657420546872656164 scontext=u:r:untrusted_app:s0:c17,c271,c512,c768 tcontext=u:r:untrusted_app:s0:c17,c271,c512,c768 tclass=netlink_route_socket permissive=0 bug=b/155595000 app=com.vibekey.keyboard
06-01 14:07:31.854  8275  8275 W GeckoEventDispatcher: No listener for GeckoView:DismissClipboardPermissionRequest
06-01 14:07:31.869  8275  9343 E GeckoConsole: [JavaScript Error: "TypeError: can't access property "WindowEventDispatcher", win is null" {file: "resource://gre/modules/GeckoViewSessionStore.sys.mjs" line: 149}]
06-01 14:07:31.869  8275  9343 E GeckoConsole: onTabStateUpdate@resource://gre/modules/GeckoViewSessionStore.sys.mjs:149:5
06-01 14:07:31.869  8275  9343 E GeckoConsole: updateSessionStoreFromTabListener@resource://gre/modules/GeckoViewSessionStore.sys.mjs:243:10
06-01 14:07:31.869  8275  9343 E GeckoConsole: SSF_updateSessionStore@resource://gre/modules/SessionStoreFunctions.sys.mjs:46:27
06-01 14:07:31.869  8275  9343 E GeckoConsole: UpdateSessionStore@resource://gre/modules/SessionStoreFunctions.sys.mjs:16:46
06-01 14:07:31.867  8275  8275 W com.vibekey.keyboard: type=1400 audit(0.0:19052): avc: denied { nlmsg_readpriv } for comm=536F636B657420546872656164 scontext=u:r:untrusted_app:s0:c17,c271,c512,c768 tcontext=u:r:untrusted_app:s0:c17,c271,c512,c768 tclass=netlink_route_socket permissive=0 bug=b/155595000 app=com.vibekey.keyboard
06-01 14:07:31.897 12725 12742 E Isolated Web Content: [JavaScript Error: "Content-Security-Policy: (Report-Only policy) The page’s settings would block an inline script (script-src-elem) from being executed because it violates the following directive: “script-src https://accounts.google.com/gsi/client”. Consider using a hash ('sha256-qnEXc6JOcUA3hlt3yQu8lhpnA0co588sIFhkPfqd56o=') or a nonce." {file: "https://cdn-apac.onetrust.com/scripttemplates/202601.2.0/otBannerSdk.js" line: 7}]
06-01 14:07:31.897 12725 12742 E Isolated Web Content: [JavaScript Error: "Content-Security-Policy: (Report-Only policy) The page’s settings would block a script (script-src-elem) at https://script.crazyegg.com/pages/scripts/0113/7527.js from being executed because it violates the following directive: “script-src https://accounts.google.com/gsi/client”" {file: "https://www.coingecko.com/tagmetrics/" line: 340}]
06-01 14:07:31.897 12725 12742 E Isolated Web Content: [JavaScript Error: "Content-Security-Policy: (Report-Only policy) The page’s settings would block a script (script-src-elem) at https://www.redditstatic.com/ads/pixel.js from being executed because it violates the following directive: “script-src https://accounts.google.com/gsi/client”" {file: "https://www.coingecko.com/tagmetrics/" line: 340}]
06-01 14:07:31.897 12725 12742 E Isolated Web Content: [JavaScript Error: "Content-Security-Policy: (Report-Only policy) The page’s settings would block a script (script-src-elem) at https://static.ads-twitter.com/uwt.js from being executed because it violates the following directive: “script-src https://accounts.google.com/gsi/client”" {file: "https://www.coingecko.com/tagmetrics/" line: 340}]
06-01 14:07:31.899 12725 12742 E Isolated Web Content: [JavaScript Error: "Content-Security-Policy: (Report-Only policy) The page’s settings would block an inline script (script-src-elem) from being executed because it violates the following directive: “script-src https://accounts.google.com/gsi/client”. Consider using a hash ('sha256-62cY3zlkLl82xJwbNbSlDxNZQYG2wtbTBJ1y+kjdVUc=') or a nonce." {file: "https://www.coingecko.com/tagmetrics/" line: 1004}]
06-01 14:07:31.899 12725 12742 E Isolated Web Content: [JavaScript Error: "Content-Security-Policy: (Report-Only policy) The page’s settings would block a script (script-src-elem) at https://cdn.debugbear.com/YtYDVXQnSo6n.js from being executed because it violates the following directive: “script-src https://accounts.google.com/gsi/client”" {file: "https://www.coingecko.com/ line 1004 > injectedScript" line: 1}]
06-01 14:07:31.900 12725 12742 E Isolated Web Content: [JavaScript Error: "Content-Security-Policy: (Report-Only policy) The page’s settings would block an inline script (script-src-elem) from being executed because it violates the following directive: “script-src https://accounts.google.com/gsi/client”. Consider using a hash ('sha256-62cY3zlkLl82xJwbNbSlDxNZQYG2wtbTBJ1y+kjdVUc=') or a nonce." {file: "https://www.coingecko.com/tagmetrics/" line: 1004}]
06-01 14:07:31.900 12725 12742 E Isolated Web Content: [JavaScript Error: "Content-Security-Policy: (Report-Only policy) The page’s settings would block a script (script-src-elem) at https://googleads.g.doubleclick.net/pagead/viewthroughconversion/17441483823/?random=1780337251784&cv=11&fst=1780337251784&bg=ffffff&guid=ON&async=1&en=gtag.config&gtm=45892e65s0v9226725750z8852934946za20kzb852934946zd852934946xec&gcd=13l3l3l3l1l1&dma=0&tag_exp=0~115616985~115938466~115938468~116701382~119034491~119064590&u_w=384&u_h=832&url=https%3A%2F%2Fwww.coingecko.com%2F&rcb=9&frm=0&tiba=Cryptocurrency%20Prices%2C%20Charts%2C%20and%20Crypto%20Market%20Cap%20%7C%20CoinGecko&did=dY2E1Nz&gdid=dY2E1Nz.dNzQzZD&hn=www.googleadservices.com&npa=0&pscdl=noapi&auid=1678971109.1780337124&data=event%3Dgtag.config&gap.gtb=2&rfmt=3&fmt=4 from being executed because it violates the following directive: “script-src https://accounts.google.com/gsi/client”" {file: "https://www.coingecko.com/tagmetrics/6neqGjS1Y8cJW80p_9rTbYEVQ1mJEB6thXz8RNg1cISYo-ZDROE" line: 230}]
06-01 14:07:31.912 12725 12742 E Isolated Web Content: [JavaScript Error: "Content-Security-Policy: (Report-Only policy) The page’s settings would block a script (script-src-elem) at https://googleads.g.doubleclick.net/pagead/viewthroughconversion/17414124131/?random=1780337251826&cv=11&fst=1780337251826&bg=ffffff&guid=ON&async=1&en=gtag.config&gtm=45892e65s0v9226231428z8852934946za20kzb852934946zd852934946xec&gcd=13l3l3l3l1l1&dma=0&tag_exp=0~115938466~115938468~116701382~119034493&u_w=384&u_h=832&url=https%3A%2F%2Fwww.coingecko.com%2F&rcb=17&frm=0&tiba=Cryptocurrency%20Prices%2C%20Charts%2C%20and%20Crypto%20Market%20Cap%20%7C%20CoinGecko&did=dY2E1Nz&gdid=dY2E1Nz.dNzQzZD&hn=www.googleadservices.com&npa=0&pscdl=noapi&auid=1678971109.1780337124&data=event%3Dgtag.config&gap.gtb=2&rfmt=3&fmt=4 from being executed because it violates the following directive: “script-src https://accounts.google.com/gsi/client”" {file: "https://www.coingecko.com/tagmetrics/6neqGjS1Y8cJW80p-t_WZ4YcQluJEB6thXz8RNg1cISYo-ZDROE" line: 238}]
06-01 14:07:31.912 12725 12742 E Isolated Web Content: [JavaScript Error: "Content-Security-Policy: (Report-Only policy) The page’s settings would block a script (script-src-elem) at https://www.googletagmanager.com/gtm.js?id=GTM-NP34MX7 from being executed because it violates the following directive: “script-src https://accounts.google.com/gsi/client”" {file: "https://www.coingecko.com/ line 7 > injectedScript" line: 12}]
06-01 14:07:31.912 12725 12742 E Isolated Web Content: [JavaScript Error: "Content-Security-Policy: (Report-Only policy) The page’s settings would block a script (script-src-elem) at https://adtech.coingecko.com/ascendeum/pub/asc.coingecko.js from being executed because it violates the following directive: “script-src https://accounts.google.com/gsi/client”" {file: "https://cdn-apac.onetrust.com/scripttemplates/202601.2.0/otBannerSdk.js" line: 7}]
06-01 14:07:31.912 12725 12742 E Isolated Web Content: [JavaScript Error: "Content-Security-Policy: (Report-Only policy) The page’s settings would block a script (script-src-elem) at https://btloader.com/tag?o=5172243878903808&upapi=true from being executed because it violates the following directive: “script-src https://accounts.google.com/gsi/client”" {file: "https://cdn-apac.onetrust.com/scripttemplates/202601.2.0/otBannerSdk.js" line: 7}]
06-01 14:07:31.913 12725 12742 E Isolated Web Content: [JavaScript Error: "Content-Security-Policy: (Report-Only policy) The page’s settings would block the loading of a resource (connect-src) at https://cdn-apac.onetrust.com/logos/static/ot_guard_logo.svg because it violates the following directive: “connect-src https://accounts.google.com/gsi/”" {file: "https://static.coingecko.com/packs/js/1191-8f48a4e42264bbef374d.js" line: 2}]
06-01 14:07:31.914 14512 14530 E Isolated Web Content: [JavaScript Error: "Security Error: Content at https://challenges.cloudflare.com/cdn-cgi/challenge-platform/h/g/turnstile/f/ov2/av0/rch/k23ra/0x4AAAAAABkuQIhLBgY-YxvO/auto/fbE/new/normal?lang=auto may not load data from https://example.org/."]
06-01 14:07:31.924 13597 13629 W libc    : Access denied finding property "vendor.oplus.media.vpp.stutter"
06-01 14:07:31.925 13597 13629 E MULTIMEDIAConfig: [getInt32:L80] Not find config, Returning default
06-01 14:07:31.925 13597 13629 E MULTIMEDIAConfig: [getInt32:L80] Not find config, Returning default
06-01 14:07:31.925 13597 13629 E OplusACodec: [OplusACodec:204] mSrOsieMMListCheckResult:0x0 mOsieVersion:1
06-01 14:07:31.934 13597 14839 E OplusACodec: [GetVideoCodingTypeFromMime:L1162] mime:video/x-vnd.on2.vp9
06-01 14:07:32.000 12725 12742 E Isolated Web Content: [JavaScript Error: "Content-Security-Policy: (Report-Only policy) The page’s settings would block the loading of a resource (connect-src) at https://t.co/1/i/adsctp because it violates the following directive: “connect-src https://accounts.google.com/gsi/”" {file: "https://static.ads-twitter.com/uwt.js" line: 1}]
06-01 14:07:32.000 12725 12742 E Isolated Web Content: [JavaScript Error: "Content-Security-Policy: (Report-Only policy) The page’s settings would block the loading of a resource (connect-src) at https://analytics.twitter.com/1/i/adsctp because it violates the following directive: “connect-src https://accounts.google.com/gsi/”" {file: "https://static.ads-twitter.com/uwt.js" line: 1}]
06-01 14:07:32.001 12725 12742 E Isolated Web Content: [JavaScript Error: "Content-Security-Policy: (Report-Only policy) The page’s settings would block the loading of a resource (connect-src) at https://pixel-config.reddit.com/pixels/a2_f80iomx7q2y6/config because it violates the following directive: “connect-src https://accounts.google.com/gsi/”" {file: "https://static.coingecko.com/packs/js/1191-8f48a4e42264bbef374d.js" line: 2}]
06-01 14:07:32.047 12725 12742 E Isolated Web Content: [JavaScript Error: "Content-Security-Policy: (Report-Only policy) The page’s settings would block the loading of a resource (connect-src) at https://ad-delivery.net/px.gif?ch=2&e=0.1331526291021371 because it violates the following directive: “connect-src https://accounts.google.com/gsi/”" {file: "https://static.coingecko.com/packs/js/1191-8f48a4e42264bbef374d.js" line: 2}]
06-01 14:07:32.047 12725 12742 E Isolated Web Content: [JavaScript Error: "Content-Security-Policy: (Report-Only policy) The page’s settings would block the loading of a resource (connect-src) at https://ad.doubleclick.net/favicon.ico?ad=300x250&ad_box_=1&adnet=1&showad=1&size=250x250&e=0.7515534611710677 because it violates the following directive: “connect-src https://accounts.google.com/gsi/”" {file: "https://static.coingecko.com/packs/js/1191-8f48a4e42264bbef374d.js" line: 2}]
06-01 14:07:32.048 12725 12742 E Isolated Web Content: [JavaScript Error: "Content-Security-Policy: (Report-Only policy) The page’s settings would block the loading of a resource (connect-src) at https://ad-delivery.net/px.gif?ch=1&e=0.9178230031998791 because it violates the following directive: “connect-src https://accounts.google.com/gsi/”" {file: "https://static.coingecko.com/packs/js/1191-8f48a4e42264bbef374d.js" line: 2}]
06-01 14:07:32.048 12725 12742 E Isolated Web Content: [JavaScript Error: "Content-Security-Policy: (Report-Only policy) The page’s settings would block the loading of a resource (connect-src) at https://ab.dns-finder.com/meta/dns because it violates the following directive: “connect-src https://accounts.google.com/gsi/”" {file: "https://static.coingecko.com/packs/js/1191-8f48a4e42264bbef374d.js" line: 2}]
06-01 14:07:32.058 12725 12742 E Isolated Web Content: [JavaScript Error: "Content-Security-Policy: (Report-Only policy) The page’s settings would block the loading of a resource (frame-src) at https://btloader.com/trustedIframe.html?o=5172243878903808&upapi=true because it violates the following directive: “frame-src https://accounts.google.com/gsi/”" {file: "https://www.coingecko.com/" line: 0}]
06-01 14:07:32.077 13597 13629 W libc    : Access denied finding property "vendor.oplus.media.vpp.stutter"
06-01 14:07:32.077 13597 13629 E MULTIMEDIAConfig: [getInt32:L80] Not find config, Returning default
06-01 14:07:32.077 13597 13629 E MULTIMEDIAConfig: [getInt32:L80] Not find config, Returning default
06-01 14:07:32.077 13597 13629 E OplusACodec: [OplusACodec:204] mSrOsieMMListCheckResult:0x0 mOsieVersion:1
06-01 14:07:32.088 14708 14725 W Isolated Web Content: [JavaScript Warning: "This page is in Almost Standards Mode. Page layout may be impacted. For Standards Mode use “<!DOCTYPE html>”." {file: "https://btloader.com/trustedIframe.html?o=5172243878903808&upapi=true" line: 0}]
06-01 14:07:32.090 13597 14845 E OplusACodec: [GetVideoCodingTypeFromMime:L1162] mime:video/x-vnd.on2.vp9
06-01 14:07:32.144 14512 14530 E Isolated Web Content: [JavaScript Error: "Content-Security-Policy: The page’s settings blocked a JavaScript eval (script-src) from being executed because it violates the following directive: “script-src 'nonce-oSjh4LgdPnWk9UvaUAjVup'” (Missing 'unsafe-eval')" {file: "https://challenges.cloudflare.com/cdn-cgi/challenge-platform/h/g/turnstile/f/ov2/av0/rch/k23ra/0x4AAAAAABkuQIhLBgY-YxvO/auto/fbE/new/normal?lang=auto" line: 1}]
06-01 14:07:32.162  8275  8275 W GeckoEventDispatcher: No listener for GeckoView:DismissClipboardPermissionRequest
06-01 14:07:32.167  8275  9343 E GeckoConsole: [JavaScript Error: "TypeError: can't access property "WindowEventDispatcher", win is null" {file: "resource://gre/modules/GeckoViewSessionStore.sys.mjs" line: 149}]
06-01 14:07:32.167  8275  9343 E GeckoConsole: onTabStateUpdate@resource://gre/modules/GeckoViewSessionStore.sys.mjs:149:5
06-01 14:07:32.167  8275  9343 E GeckoConsole: updateSessionStoreFromTabListener@resource://gre/modules/GeckoViewSessionStore.sys.mjs:243:10
06-01 14:07:32.167  8275  9343 E GeckoConsole: SSF_updateSessionStore@resource://gre/modules/SessionStoreFunctions.sys.mjs:46:27
06-01 14:07:32.167  8275  9343 E GeckoConsole: UpdateSessionStore@resource://gre/modules/SessionStoreFunctions.sys.mjs:16:46
06-01 14:07:32.167  8275  9343 E GeckoConsole: [JavaScript Error: "TypeError: can't access property "WindowEventDispatcher", win is null" {file: "resource://gre/modules/GeckoViewSessionStore.sys.mjs" line: 149}]
06-01 14:07:32.167  8275  9343 E GeckoConsole: onTabStateUpdate@resource://gre/modules/GeckoViewSessionStore.sys.mjs:149:5
06-01 14:07:32.167  8275  9343 E GeckoConsole: updateSessionStoreFromTabListener@resource://gre/modules/GeckoViewSessionStore.sys.mjs:243:10
06-01 14:07:32.167  8275  9343 E GeckoConsole: SSF_updateSessionStore@resource://gre/modules/SessionStoreFunctions.sys.mjs:46:27
06-01 14:07:32.167  8275  9343 E GeckoConsole: UpdateSessionStore@resource://gre/modules/SessionStoreFunctions.sys.mjs:16:46
06-01 14:07:32.322 12725 12742 E Isolated Web Content: [JavaScript Error: "Content-Security-Policy: (Report-Only policy) The page’s settings would block the loading of a resource (connect-src) at https://asc-a.hbwrapper.com/ because it violates the following directive: “connect-src https://accounts.google.com/gsi/”" {file: "https://static.coingecko.com/packs/js/1191-8f48a4e42264bbef374d.js" line: 2}]
06-01 14:07:32.323 12725 12742 W Isolated Web Content: [JavaScript Warning: "Feature Policy: Skipping unsupported feature name “conversion-measurement”." {file: "https://adtech.coingecko.com/ascendeum/pub/asc.coingecko.js" line: 4}]
06-01 14:07:32.323 12725 12742 W Isolated Web Content: [JavaScript Warning: "Feature Policy: Skipping unsupported feature name “conversion-measurement”." {file: "https://adtech.coingecko.com/ascendeum/pub/asc.coingecko.js" line: 4}]
06-01 14:07:32.323 12725 12742 W Isolated Web Content: [JavaScript Warning: "Feature Policy: Skipping unsupported feature name “conversion-measurement”." {file: "https://adtech.coingecko.com/ascendeum/pub/asc.coingecko.js" line: 4}]
06-01 14:07:32.325 12725 12742 E Isolated Web Content: [JavaScript Error: "Content-Security-Policy: (Report-Only policy) The page’s settings would block a script (script-src-elem) at https://securepubads.g.doubleclick.net/tag/js/gpt.js from being executed because it violates the following directive: “script-src https://accounts.google.com/gsi/client”" {file: "https://adtech.coingecko.com/ascendeum/pub/asc.coingecko.js" line: 4}]
06-01 14:07:32.326 12725 12742 E Isolated Web Content: [JavaScript Error: "Content-Security-Policy: (Report-Only policy) The page’s settings would block a script (script-src-elem) at https://c.amazon-adsystem.com/aax2/apstag.js from being executed because it violates the following directive: “script-src https://accounts.google.com/gsi/client”" {file: "https://adtech.coingecko.com/ascendeum/pub/asc.coingecko.js" line: 4}]
06-01 14:07:32.326 12725 12742 E Isolated Web Content: [JavaScript Error: "Content-Security-Policy: (Report-Only policy) The page’s settings would block a JavaScript eval (script-src) from being executed because it violates the following directive: “script-src https://accounts.google.com/gsi/client” (Missing 'unsafe-eval')" {file: "https://adtech.coingecko.com/ascendeum/pub/asc.coingecko.js" line: 4}]
06-01 14:07:32.326 12725 12742 E Isolated Web Content: [JavaScript Error: "Content-Security-Policy: (Report-Only policy) The page’s settings would block a JavaScript eval (script-src) from being executed because it violates the following directive: “script-src https://accounts.google.com/gsi/client” (Missing 'unsafe-eval')" {file: "https://adtech.coingecko.com/ascendeum/pub/asc.coingecko.js" line: 4}]
06-01 14:07:32.327 12725 12742 E Isolated Web Content: [JavaScript Error: "Content-Security-Policy: (Report-Only policy) The page’s settings would block a JavaScript eval (script-src) from being executed because it violates the following directive: “script-src https://accounts.google.com/gsi/client” (Missing 'unsafe-eval')" {file: "https://adtech.coingecko.com/ascendeum/pub/asc.coingecko.js" line: 4}]
06-01 14:07:32.328 12725 12742 E Isolated Web Content: [JavaScript Error: "Content-Security-Policy: (Report-Only policy) The page’s settings would block the loading of a resource (connect-src) at https://cdn.jsdelivr.net/gh/prebid/currency-file@1/latest.json because it violates the following directive: “connect-src https://accounts.google.com/gsi/”" {file: "https://static.coingecko.com/packs/js/1191-8f48a4e42264bbef374d.js" line: 2}]
06-01 14:07:32.330 12725 12742 E Isolated Web Content: [JavaScript Error: "Content-Security-Policy: (Report-Only policy) The page’s settings would block the loading of a resource (connect-src) at https://match.adsrvr.org/track/rid?ttd_pid=q82i15a&fmt=json because it violates the following directive: “connect-src https://accounts.google.com/gsi/”" {file: "https://static.coingecko.com/packs/js/1191-8f48a4e42264bbef374d.js" line: 2}]
06-01 14:07:32.337 12725 12742 E Isolated Web Content: [JavaScript Error: "Content-Security-Policy: (Report-Only policy) The page’s settings would block the loading of a resource (connect-src) at https://api.btloader.com/exd?tid=2OM1REFTug-A8RwA2qB-9e845e96b7&sid=nu3sYq8D-IKDNe3ngb-9e845e96b7&cv=2.1.189-1-gf2b7278&upapi=true because it violates the following directive: “connect-src https://accounts.google.com/gsi/”" {file: "https://static.coingecko.com/packs/js/1191-8f48a4e42264bbef374d.js" line: 2}]
06-01 14:07:32.369 12725 12742 E Isolated Web Content: [JavaScript Error: "Content-Security-Policy: (Report-Only policy) The page’s settings would block a script (script-src-elem) at https://securepubads.g.doubleclick.net/pagead/managed/js/gpt/m202605130101/pubads_impl.js?cb=31098807 from being executed because it violates the following directive: “script-src https://accounts.google.com/gsi/client”" {file: "https://securepubads.g.doubleclick.net/tag/js/gpt.js" line: 11}]
06-01 14:07:32.406 12725 12742 E Isolated Web Content: [JavaScript Error: "Content-Security-Policy: (Report-Only policy) The page’s settings would block a script (script-src-elem) at https://config.aps.amazon-adsystem.com/configs/8a94db63-9a31-4fa1-a155-4843713e91f8 from being executed because it violates the following directive: “script-src https://accounts.google.com/gsi/client”" {file: "https://c.amazon-adsystem.com/aax2/apstag.js" line: 3}]
06-01 14:07:32.406 12725 12742 E Isolated Web Content: [JavaScript Error: "Content-Security-Policy: (Report-Only policy) The page’s settings would block the loading of a resource (connect-src) at https://c.amazon-adsystem.com/bao-csm/aps-comm/aps_csm.js because it violates the following directive: “connect-src https://accounts.google.com/gsi/”" {file: "https://static.coingecko.com/packs/js/1191-8f48a4e42264bbef374d.js" line: 2}]
06-01 14:07:32.414 12725 12742 E Isolated Web Content: [JavaScript Error: "Content-Security-Policy: (Report-Only policy) The page’s settings would block a JavaScript eval (script-src) from being executed because it violates the following directive: “script-src https://accounts.google.com/gsi/client” (Missing 'unsafe-eval')" {file: "https://c.amazon-adsystem.com/aax2/apstag.js" line: 5}]
