06-01 20:22:57.639 32037 32037 W View    : requestLayout() improperly called by helium314.keyboard.latin.panels.BrowserPanelView{b922205 V.E...... ......ID 0,0-1440,2040} during layout: running second layout pass
06-01 20:22:57.647 32037 32037 W View    : requestLayout() improperly called by helium314.keyboard.latin.panels.BrowserPanelView{b922205 V.E...... ......ID 0,0-1440,2040} during second layout pass: posting in next frame
06-01 20:22:57.649 32037 32037 W View    : requestLayout() improperly called by helium314.keyboard.latin.panels.BrowserPanelView{b922205 V.E...... ......ID 0,0-1440,2040} during layout: running second layout pass
06-01 20:22:57.653 32037 32037 W View    : requestLayout() improperly called by helium314.keyboard.latin.panels.BrowserPanelView{b922205 V.E...... ........ 0,0-1440,2040} during second layout pass: posting in next frame
06-01 20:22:57.659 32037 32037 W View    : requestLayout() improperly called by helium314.keyboard.latin.panels.BrowserPanelView{b922205 V.E...... ......ID 0,0-1440,2040} during layout: running second layout pass
06-01 20:22:57.670 32037 32037 W View    : requestLayout() improperly called by helium314.keyboard.latin.panels.BrowserPanelView{b922205 V.E...... ........ 0,0-1440,2040} during second layout pass: posting in next frame
06-01 20:22:57.675 32037 32037 W View    : requestLayout() improperly called by helium314.keyboard.latin.panels.BrowserPanelView{b922205 V.E...... ......ID 0,0-1440,2040} during layout: running second layout pass
06-01 20:22:57.679 32473 32490 W Isolated Web Content: [JavaScript Warning: "Cookie “” has been rejected as third-party." {file: "https://static.chartbeat.com/js/chartbeat_mab.js" line: 0}]
06-01 20:22:57.687 32037 32037 W View    : requestLayout() improperly called by helium314.keyboard.latin.panels.BrowserPanelView{b922205 V.E...... ........ 0,0-1440,2040} during second layout pass: posting in next frame
06-01 20:22:57.693 32037 32037 W View    : requestLayout() improperly called by helium314.keyboard.latin.panels.BrowserPanelView{b922205 V.E...... ......ID 0,0-1440,2040} during layout: running second layout pass
06-01 20:22:57.700 32037 32037 W View    : requestLayout() improperly called by helium314.keyboard.latin.panels.BrowserPanelView{b922205 V.E...... ........ 0,0-1440,2040} during second layout pass: posting in next frame
06-01 20:22:57.701 32473 32490 W Isolated Web Content: [JavaScript Warning: "Cookie “” has been rejected as third-party." {file: "https://tag.wknd.ai/340/i.js" line: 0}]
06-01 20:22:57.701 32473 32490 W Isolated Web Content: [JavaScript Warning: "Cookie “” has been rejected as third-party." {file: "https://live.rezync.com/sync?c=16b6410431b6374e780104abb0443ca8&p=34747f0775f02a6784bb965de6833e73&k=cnn-pixel-8786&zmpID=cnn&custom1=cms.cnn.com/_pages/clg33v73c003h46p5e4cyddkj&custom2=section&custom3=homepage&cache_buster=1780359777136" line: 0}]
06-01 20:22:57.701 32473 32490 W Isolated Web Content: [JavaScript Warning: "Cookie “” has been rejected as third-party." {file: "https://static.chartbeat.com/js/chartbeat_video.js" line: 0}]
06-01 20:22:57.701 32473 32490 W Isolated Web Content: [JavaScript Warning: "Cookie “” has been rejected as third-party." {file: "https://experience.piano.io/xbuilder/experience/load?aid=RCoM2QBLpu" line: 0}]
06-01 20:22:57.701 32473 32490 W Isolated Web Content: [JavaScript Warning: "Request to access cookie or storage on “https://live.rezync.com/sync?c=16b6410431b6374e780104abb0443ca8&p=34747f0775f02a6784bb965de6833e73&k=cnn-pixel-8786&zmpID=cnn&custom1=cms.cnn.com/_pages/clg33v73c003h46p5e4cyddkj&custom2=section&custom3=homepage&cache_buster=1780359777136” was blocked because we are blocking all third-party storage access requests and Enhanced Tracking Protection is enabled."]
06-01 20:22:57.701 32473 32490 W Isolated Web Content: [JavaScript Warning: "Request to access cookie or storage on “https://experience.piano.io/xbuilder/experience/load?aid=RCoM2QBLpu” was blocked because we are blocking all third-party storage access requests and Enhanced Tracking Protection is enabled."]
06-01 20:22:57.711 32037 32037 W View    : requestLayout() improperly called by helium314.keyboard.latin.panels.BrowserPanelView{b922205 V.E...... ......ID 0,0-1440,2040} during layout: running second layout pass
06-01 20:22:57.714 32473 32490 W Isolated Web Content: [JavaScript Warning: "The script from “https://tag.wknd.ai/340/i.js” was loaded even though its MIME type (“text/plain”) is not a valid JavaScript MIME type." {file: "https://www.cnn.com/" line: 0}]
06-01 20:22:57.717 32037 32037 W View    : requestLayout() improperly called by helium314.keyboard.latin.panels.BrowserPanelView{b922205 V.E...... ........ 0,0-1440,2040} during second layout pass: posting in next frame
06-01 20:22:57.719 32473 32490 W Isolated Web Content: [JavaScript Warning: "Cookie “” has been rejected as third-party." {file: "https://js.stripe.com/v3" line: 0}]
06-01 20:22:57.719 32473 32490 W Isolated Web Content: [JavaScript Warning: "Request to access cookie or storage on “https://js.stripe.com/v3” was blocked because we are blocking all third-party storage access requests and Enhanced Tracking Protection is enabled."]
06-01 20:22:57.719 32473 32490 W Isolated Web Content: [JavaScript Warning: "Cookie “zync-uuid=b7ce952d-6cae-4e49-bc93-0b43761d0de8:1780359777.3334234; Domain=rezync.com; Expires=Sun, 27 Jun 2027 00:22:57 GMT; Path=/; SameSite=None; Secure” has been rejected as third-party." {file: "https://live.rezync.com/sync?c=16b6410431b6374e780104abb0443ca8&p=34747f0775f02a6784bb965de6833e73&k=cnn-pixel-8786&zmpID=cnn&custom1=cms.cnn.com/_pages/clg33v73c003h46p5e4cyddkj&custom2=section&custom3=homepage&cache_buster=1780359777136" line: 0}]
06-01 20:22:57.719 32473 32490 W Isolated Web Content: [JavaScript Warning: "Cookie “sd-session-id=eyJfcGVybWFuZW50Ijp0cnVlLCJzZXNzaW9uX2lkIjoiYjdjZTk1MmQtNmNhZS00ZTQ5LWJjOTMtMGI0Mzc2MWQwZGU4OjE3ODAzNTk3NzcuMzMzNDIzNCJ9.ah4iYQ.gAvN23jrKyUYChCMYAkDjrHmGfQ; Expires=Sun, 27 Jun 2027 00:22:57 GMT; HttpOnly; Path=/; SameSite=None; Secure” has been rejected as third-party." {file: "https://live.rezync.com/sync?c=16b6410431b6374e780104abb0443ca8&p=34747f0775f02a6784bb965de6833e73&k=cnn-pixel-8786&zmpID=cnn&custom1=cms.cnn.com/_pages/clg33v73c003h46p5e4cyddkj&custom2=section&custom3=homepage&cache_buster=1780359777136" line: 0}]
06-01 20:22:57.719 32473 32490 W Isolated Web Content: [JavaScript Warning: "Request to access cookie or storage on “https://live.rezync.com/sync?c=16b6410431b6374e780104abb0443ca8&p=34747f0775f02a6784bb965de6833e73&k=cnn-pixel-8786&zmpID=cnn&custom1=cms.cnn.com/_pages/clg33v73c003h46p5e4cyddkj&custom2=section&custom3=homepage&cache_buster=1780359777136” was blocked because we are blocking all third-party storage access requests and Enhanced Tracking Protection is enabled."]
06-01 20:22:57.719 32473 32490 W Isolated Web Content: [JavaScript Warning: "Request to access cookie or storage on “https://live.rezync.com/sync?c=16b6410431b6374e780104abb0443ca8&p=34747f0775f02a6784bb965de6833e73&k=cnn-pixel-8786&zmpID=cnn&custom1=cms.cnn.com/_pages/clg33v73c003h46p5e4cyddkj&custom2=section&custom3=homepage&cache_buster=1780359777136” was blocked because we are blocking all third-party storage access requests and Enhanced Tracking Protection is enabled."]
06-01 20:22:57.726 32037 32037 W View    : requestLayout() improperly called by helium314.keyboard.latin.panels.BrowserPanelView{b922205 V.E...... ......ID 0,0-1440,2040} during layout: running second layout pass
06-01 20:22:57.739 32037 32037 W View    : requestLayout() improperly called by helium314.keyboard.latin.panels.BrowserPanelView{b922205 V.E...... ........ 0,0-1440,2040} during second layout pass: posting in next frame
06-01 20:22:57.743 32037 32037 W View    : requestLayout() improperly called by helium314.keyboard.latin.panels.BrowserPanelView{b922205 V.E...... ......ID 0,0-1440,2040} during layout: running second layout pass
06-01 20:22:57.757 32037 32037 W View    : requestLayout() improperly called by helium314.keyboard.latin.panels.BrowserPanelView{b922205 V.E...... ........ 0,0-1440,2040} during second layout pass: posting in next frame
06-01 20:22:57.759 32037 32037 W View    : requestLayout() improperly called by helium314.keyboard.latin.panels.BrowserPanelView{b922205 V.E...... ......ID 0,0-1440,2040} during layout: running second layout pass
06-01 20:22:57.772 32037 32037 W View    : requestLayout() improperly called by helium314.keyboard.latin.panels.BrowserPanelView{b922205 V.E...... ........ 0,0-1440,2040} during second layout pass: posting in next frame
06-01 20:22:57.777 32037 32037 W View    : requestLayout() improperly called by helium314.keyboard.latin.panels.BrowserPanelView{b922205 V.E...... ......ID 0,0-1440,2040} during layout: running second layout pass
06-01 20:22:57.788 32037 32037 W View    : requestLayout() improperly called by helium314.keyboard.latin.panels.BrowserPanelView{b922205 V.E...... ........ 0,0-1440,2040} during second layout pass: posting in next frame
06-01 20:22:57.794 32037 32037 W View    : requestLayout() improperly called by helium314.keyboard.latin.panels.BrowserPanelView{b922205 V.E...... ......ID 0,0-1440,2040} during layout: running second layout pass
06-01 20:22:57.799 32037 32037 W View    : requestLayout() improperly called by helium314.keyboard.latin.panels.BrowserPanelView{b922205 V.E...... ........ 0,0-1440,2040} during second layout pass: posting in next frame
06-01 20:22:57.809 32037 32037 W View    : requestLayout() improperly called by helium314.keyboard.latin.panels.BrowserPanelView{b922205 V.E...... ......ID 0,0-1440,2040} during layout: running second layout pass
06-01 20:22:57.816 32037 32037 W View    : requestLayout() improperly called by helium314.keyboard.latin.panels.BrowserPanelView{b922205 V.E...... ........ 0,0-1440,2040} during second layout pass: posting in next frame
06-01 20:22:57.826 32037 32037 W View    : requestLayout() improperly called by helium314.keyboard.latin.panels.BrowserPanelView{b922205 V.E...... ......ID 0,0-1440,2040} during layout: running second layout pass
06-01 20:22:57.832 32037 32037 W View    : requestLayout() improperly called by helium314.keyboard.latin.panels.BrowserPanelView{b922205 V.E...... ........ 0,0-1440,2040} during second layout pass: posting in next frame
06-01 20:22:57.843 32037 32037 W View    : requestLayout() improperly called by helium314.keyboard.latin.panels.BrowserPanelView{b922205 V.E...... ......ID 0,0-1440,2040} during layout: running second layout pass
06-01 20:22:57.848 32037 32037 W View    : requestLayout() improperly called by helium314.keyboard.latin.panels.BrowserPanelView{b922205 V.E...... ........ 0,0-1440,2040} during second layout pass: posting in next frame
06-01 20:22:57.859 32037 32037 W View    : requestLayout() improperly called by helium314.keyboard.latin.panels.BrowserPanelView{b922205 V.E...... ......ID 0,0-1440,2040} during layout: running second layout pass
06-01 20:22:57.862 32037 32037 W View    : requestLayout() improperly called by helium314.keyboard.latin.panels.BrowserPanelView{b922205 V.E...... ........ 0,0-1440,2040} during second layout pass: posting in next frame
06-01 20:22:57.876 32037 32037 W View    : requestLayout() improperly called by helium314.keyboard.latin.panels.BrowserPanelView{b922205 V.E...... ......ID 0,0-1440,2040} during layout: running second layout pass
06-01 20:22:57.882 32037 32037 W View    : requestLayout() improperly called by helium314.keyboard.latin.panels.BrowserPanelView{b922205 V.E...... ........ 0,0-1440,2040} during second layout pass: posting in next frame
06-01 20:22:57.873 32037 32037 W com.vibekey.keyboard: type=1400 audit(0.0:34892): avc: denied { nlmsg_readpriv } for comm=536F636B657420546872656164 scontext=u:r:untrusted_app:s0:c44,c271,c512,c768 tcontext=u:r:untrusted_app:s0:c44,c271,c512,c768 tclass=netlink_route_socket permissive=0 bug=b/155595000 app=com.vibekey.keyboard
06-01 20:22:57.893 32037 32037 W View    : requestLayout() improperly called by helium314.keyboard.latin.panels.BrowserPanelView{b922205 V.E...... ......ID 0,0-1440,2040} during layout: running second layout pass
06-01 20:22:57.883 32037 32037 W com.vibekey.keyboard: type=1400 audit(0.0:34893): avc: denied { nlmsg_readpriv } for comm=536F636B657420546872656164 scontext=u:r:untrusted_app:s0:c44,c271,c512,c768 tcontext=u:r:untrusted_app:s0:c44,c271,c512,c768 tclass=netlink_route_socket permissive=0 bug=b/155595000 app=com.vibekey.keyboard
06-01 20:22:57.907 32037 32037 W View    : requestLayout() improperly called by helium314.keyboard.latin.panels.BrowserPanelView{b922205 V.E...... ........ 0,0-1440,2040} during second layout pass: posting in next frame
06-01 20:22:57.909 32037 32037 W View    : requestLayout() improperly called by helium314.keyboard.latin.panels.BrowserPanelView{b922205 V.E...... ......ID 0,0-1440,2040} during layout: running second layout pass
06-01 20:22:57.912 32473 32490 W Isolated Web Content: [JavaScript Warning: "Autoplay is only allowed when approved by the user, the site is activated by the user, or media is muted." {file: "https://www.cnn.com/media/sites/js/bundles/cnn-adfuel-68aea82e3c12aa991ba88c3418167a78a4ba4ae912410f5e81c9e23d1f42677a.min.js" line: 1}]
06-01 20:22:57.923 32037 32037 W View    : requestLayout() improperly called by helium314.keyboard.latin.panels.BrowserPanelView{b922205 V.E...... ........ 0,0-1440,2040} during second layout pass: posting in next frame
06-01 20:22:57.926 32037 32037 W View    : requestLayout() improperly called by helium314.keyboard.latin.panels.BrowserPanelView{b922205 V.E...... ......I. 0,0-1440,2040} during layout: running second layout pass
06-01 20:22:57.934 32037 32037 W View    : requestLayout() improperly called by helium314.keyboard.latin.panels.BrowserPanelView{b922205 V.E...... ........ 0,0-1440,2040} during second layout pass: posting in next frame
06-01 20:22:57.944 32037 32037 W View    : requestLayout() improperly called by helium314.keyboard.latin.panels.BrowserPanelView{b922205 V.E...... ......I. 0,0-1440,2040} during layout: running second layout pass
06-01 20:22:57.949 32037 32037 W View    : requestLayout() improperly called by helium314.keyboard.latin.panels.BrowserPanelView{b922205 V.E...... ........ 0,0-1440,2040} during second layout pass: posting in next frame
06-01 20:22:57.959 32037 32037 W View    : requestLayout() improperly called by helium314.keyboard.latin.panels.BrowserPanelView{b922205 V.E...... ......I. 0,0-1440,2040} during layout: running second layout pass
06-01 20:22:57.973 32037 32037 W View    : requestLayout() improperly called by helium314.keyboard.latin.panels.BrowserPanelView{b922205 V.E...... ........ 0,0-1440,2040} during second layout pass: posting in next frame
06-01 20:22:57.978 32037 32037 W View    : requestLayout() improperly called by helium314.keyboard.latin.panels.BrowserPanelView{b922205 V.E...... ......I. 0,0-1440,2040} during layout: running second layout pass
06-01 20:22:57.990 32037 32037 W View    : requestLayout() improperly called by helium314.keyboard.latin.panels.BrowserPanelView{b922205 V.E...... ........ 0,0-1440,2040} during second layout pass: posting in next frame
06-01 20:22:57.990 32037 32037 W GeckoSession: No history entries found.
06-01 20:22:57.993 32037 32037 W View    : requestLayout() improperly called by helium314.keyboard.latin.panels.BrowserPanelView{b922205 V.E...... ......I. 0,0-1440,2040} during layout: running second layout pass
06-01 20:22:58.000 32037 32037 W View    : requestLayout() improperly called by helium314.keyboard.latin.panels.BrowserPanelView{b922205 V.E...... ........ 0,0-1440,2040} during second layout pass: posting in next frame
06-01 20:22:58.009 32037 32037 W View    : requestLayout() improperly called by helium314.keyboard.latin.panels.BrowserPanelView{b922205 V.E...... ......I. 0,0-1440,2040} during layout: running second layout pass
06-01 20:22:58.016 32037 32037 W View    : requestLayout() improperly called by helium314.keyboard.latin.panels.BrowserPanelView{b922205 V.E...... ........ 0,0-1440,2040} during second layout pass: posting in next frame
06-01 20:22:58.026 32037 32037 W View    : requestLayout() improperly called by helium314.keyboard.latin.panels.BrowserPanelView{b922205 V.E...... ......I. 0,0-1440,2040} during layout: running second layout pass
06-01 20:22:58.040 32037 32037 W View    : requestLayout() improperly called by helium314.keyboard.latin.panels.BrowserPanelView{b922205 V.E...... ........ 0,0-1440,2040} during second layout pass: posting in next frame
06-01 20:22:58.043 32037 32037 W View    : requestLayout() improperly called by helium314.keyboard.latin.panels.BrowserPanelView{b922205 V.E...... ......I. 0,0-1440,2040} during layout: running second layout pass
06-01 20:22:58.044 32473 32490 W Isolated Web Content: [JavaScript Warning: "Cookie “” has been rejected as third-party." {file: "https://cdn.boomtrain.com/p13n/cnn/p13n.min.js" line: 0}]
06-01 20:22:58.057 32037 32037 W View    : requestLayout() improperly called by helium314.keyboard.latin.panels.BrowserPanelView{b922205 V.E...... ........ 0,0-1440,2040} during second layout pass: posting in next frame
06-01 20:22:58.059 32037 32037 W View    : requestLayout() improperly called by helium314.keyboard.latin.panels.BrowserPanelView{b922205 V.E...... ......I. 0,0-1440,2040} during layout: running second layout pass
06-01 20:22:58.033 32037 32037 W com.vibekey.keyboard: type=1400 audit(0.0:34894): avc: denied { nlmsg_readpriv } for comm=536F636B657420546872656164 scontext=u:r:untrusted_app:s0:c44,c271,c512,c768 tcontext=u:r:untrusted_app:s0:c44,c271,c512,c768 tclass=netlink_route_socket permissive=0 bug=b/155595000 app=com.vibekey.keyboard
06-01 20:22:58.072 32473 32490 W Isolated Web Content: [JavaScript Warning: "Cookie “” has been rejected as third-party." {file: "https://secure-us.imrworldwide.com/cgi-bin/m?ci=us-204044h&cg=0&cc=1&si=https%3A//www.cnn.com/&rp=&ts=compact&rnd=1780359777791" line: 0}]
06-01 20:22:58.073 32037 32037 W View    : requestLayout() improperly called by helium314.keyboard.latin.panels.BrowserPanelView{b922205 V.E...... ........ 0,0-1440,2040} during second layout pass: posting in next frame
06-01 20:22:58.077 32037 32037 W View    : requestLayout() improperly called by helium314.keyboard.latin.panels.BrowserPanelView{b922205 V.E...... ......I. 0,0-1440,2040} during layout: running second layout pass
06-01 20:22:58.083 32037 32037 W View    : requestLayout() improperly called by helium314.keyboard.latin.panels.BrowserPanelView{b922205 V.E...... ........ 0,0-1440,2040} during second layout pass: posting in next frame
06-01 20:22:58.073 32037 32037 W com.vibekey.keyboard: type=1400 audit(0.0:34895): avc: denied { nlmsg_readpriv } for comm=536F636B657420546872656164 scontext=u:r:untrusted_app:s0:c44,c271,c512,c768 tcontext=u:r:untrusted_app:s0:c44,c271,c512,c768 tclass=netlink_route_socket permissive=0 bug=b/155595000 app=com.vibekey.keyboard
06-01 20:22:58.094 32037 32037 W View    : requestLayout() improperly called by helium314.keyboard.latin.panels.BrowserPanelView{b922205 V.E...... ......I. 0,0-1440,2040} during layout: running second layout pass
06-01 20:22:58.100 32037 32037 W View    : requestLayout() improperly called by helium314.keyboard.latin.panels.BrowserPanelView{b922205 V.E...... ........ 0,0-1440,2040} during second layout pass: posting in next frame
06-01 20:22:58.110 32037 32037 W View    : requestLayout() improperly called by helium314.keyboard.latin.panels.BrowserPanelView{b922205 V.E...... ......I. 0,0-1440,2040} during layout: running second layout pass
06-01 20:22:58.116 32037 32037 W View    : requestLayout() improperly called by helium314.keyboard.latin.panels.BrowserPanelView{b922205 V.E...... ........ 0,0-1440,2040} during second layout pass: posting in next frame
06-01 20:22:58.128 32037 32037 W View    : requestLayout() improperly called by helium314.keyboard.latin.panels.BrowserPanelView{b922205 V.E...... ......I. 0,0-1440,2040} during layout: running second layout pass
06-01 20:22:58.135 32037 32037 W View    : requestLayout() improperly called by helium314.keyboard.latin.panels.BrowserPanelView{b922205 V.E...... ........ 0,0-1440,2040} during second layout pass: posting in next frame
06-01 20:22:58.143 32037 32037 W View    : requestLayout() improperly called by helium314.keyboard.latin.panels.BrowserPanelView{b922205 V.E...... ......I. 0,0-1440,2040} during layout: running second layout pass
06-01 20:22:58.149 32037 32037 W View    : requestLayout() improperly called by helium314.keyboard.latin.panels.BrowserPanelView{b922205 V.E...... ........ 0,0-1440,2040} during second layout pass: posting in next frame
06-01 20:22:58.157 32473 32490 W Isolated Web Content: [JavaScript Warning: "Cookie “” has been rejected as third-party." {file: "https://cdn.ml314.com/taglw.js" line: 0}]
06-01 20:22:58.157 32473 32490 W Isolated Web Content: [JavaScript Warning: "Cookie “” has been rejected as third-party." {file: "https://vi.ml314.com/get?eid=64240&tk=GBYTTE9dUG2OqHj1Rk9DPOaLspvMWfLqV236sdkHgf03d&fp=" line: 0}]
06-01 20:22:58.157 32473 32490 W Isolated Web Content: [JavaScript Warning: "Cookie “” has been rejected as third-party." {file: "https://sb.scorecardresearch.com/cs/6035748/beacon.js" line: 0}]
06-01 20:22:58.157 32473 32490 W Isolated Web Content: [JavaScript Warning: "Request to access cookie or storage on “https://secure-us.imrworldwide.com/cgi-bin/m?ci=us-204044h&cg=0&cc=1&si=https%3A//www.cnn.com/&rp=&ts=compact&rnd=1780359777791” was blocked because we are blocking all third-party storage access requests and Enhanced Tracking Protection is enabled."]
06-01 20:22:58.160 32037 32037 W View    : requestLayout() improperly called by helium314.keyboard.latin.panels.BrowserPanelView{b922205 V.E...... ......I. 0,0-1440,2040} during layout: running second layout pass
06-01 20:22:58.160 32473 32490 W Isolated Web Content: [JavaScript Warning: "Cookie “” has been rejected as third-party." {file: "https://config.aps.amazon-adsystem.com/configs/3159" line: 0}]
06-01 20:22:58.160 32473 32490 W Isolated Web Content: [JavaScript Warning: "Cookie “” has been rejected as third-party." {file: "https://segment-data.zqtk.net/turner-47fcf6?url=https%3A%2F%2Fwww.cnn.com%2F" line: 0}]
06-01 20:22:58.160 32473 32490 W Isolated Web Content: [JavaScript Warning: "Cookie “” has been rejected as third-party." {file: "https://static.adsafeprotected.com/publisher/925660/ebfdc39c-b42a-11f0-aa09-0e6958f30139.min.js" line: 0}]
06-01 20:22:58.161 32473 32490 W Isolated Web Content: [JavaScript Warning: "Cookie “” has been rejected as third-party." {file: "https://www.ugdturner.com/xd.sjs" line: 0}]
06-01 20:22:58.161 32473 32490 W Isolated Web Content: [JavaScript Warning: "Request to access cookie or storage on “https://config.aps.amazon-adsystem.com/configs/3159” was blocked because we are blocking all third-party storage access requests and Enhanced Tracking Protection is enabled."]
06-01 20:22:58.161 32473 32490 W Isolated Web Content: [JavaScript Warning: "Request to access cookie or storage on “https://www.ugdturner.com/xd.sjs” was blocked because we are blocking all third-party storage access requests and Enhanced Tracking Protection is enabled."]
06-01 20:22:58.164 32473 32490 W Isolated Web Content: [JavaScript Warning: "Cookie “IMRID=34eda960-5e19-11f1-9d86-5b0bbd97e974; Path=/;Secure;SameSite=None; Domain=imrworldwide.com; Expires=Sun, 27-Jun-2027 00:22:58 GMT; Max-Age=33696000” has been rejected as third-party." {file: "https://secure-us.imrworldwide.com/cgi-bin/m?ci=us-204044h&cg=0&cc=1&si=https%3A//www.cnn.com/&rp=&ts=compact&rnd=1780359777791" line: 0}]
06-01 20:22:58.164 32473 32490 W Isolated Web Content: [JavaScript Warning: "Request to access cookie or storage on “https://secure-us.imrworldwide.com/cgi-bin/m?ci=us-204044h&cg=0&cc=1&si=https%3A//www.cnn.com/&rp=&ts=compact&rnd=1780359777791” was blocked because we are blocking all third-party storage access requests and Enhanced Tracking Protection is enabled."]
06-01 20:22:58.164 32473 32490 W Isolated Web Content: [JavaScript Warning: "Cookie “” has been rejected as third-party." {file: "https://securepubads.g.doubleclick.net/tag/js/gpt.js" line: 0}]
06-01 20:22:58.164 32473 32490 W Isolated Web Content: [JavaScript Warning: "Request to access cookie or storage on “https://securepubads.g.doubleclick.net/tag/js/gpt.js” was blocked because we are blocking all third-party storage access requests and Enhanced Tracking Protection is enabled."]
06-01 20:22:58.164 32473 32490 W Isolated Web Content: [JavaScript Warning: "Cookie “” has been rejected as third-party." {file: "https://cadmus.script.ac/d2uap9jskdzp2/script.js" line: 0}]
06-01 20:22:58.166 32037 32037 W View    : requestLayout() improperly called by helium314.keyboard.latin.panels.BrowserPanelView{b922205 V.E...... ........ 0,0-1440,2040} during second layout pass: posting in next frame
06-01 20:22:58.170 32473 32490 W Isolated Web Content: [JavaScript Warning: "Cookie “” has been rejected as third-party." {file: "https://btloader.com/tag?o=5762268746743808&upapi=true" line: 0}]
06-01 20:22:58.172 32473 32490 W Isolated Web Content: [JavaScript Warning: "Cookie “” has been rejected as third-party." {file: "https://imasdk.googleapis.com/js/sdkloader/ima3.js" line: 0}]
06-01 20:22:58.177 32037 32037 W View    : requestLayout() improperly called by helium314.keyboard.latin.panels.BrowserPanelView{b922205 V.E...... ......I. 0,0-1440,2040} during layout: running second layout pass
06-01 20:22:58.183 32037 32037 W View    : requestLayout() improperly called by helium314.keyboard.latin.panels.BrowserPanelView{b922205 V.E...... ........ 0,0-1440,2040} during second layout pass: posting in next frame
06-01 20:22:58.194 32037 32037 W View    : requestLayout() improperly called by helium314.keyboard.latin.panels.BrowserPanelView{b922205 V.E...... ......I. 0,0-1440,2040} during layout: running second layout pass
06-01 20:22:58.206 32037 32037 W View    : requestLayout() improperly called by helium314.keyboard.latin.panels.BrowserPanelView{b922205 V.E...... ........ 0,0-1440,2040} during second layout pass: posting in next frame
06-01 20:22:58.210 32037 32037 W View    : requestLayout() improperly called by helium314.keyboard.latin.panels.BrowserPanelView{b922205 V.E...... ......I. 0,0-1440,2040} during layout: running second layout pass
06-01 20:22:58.223 32037 32037 W View    : requestLayout() improperly called by helium314.keyboard.latin.panels.BrowserPanelView{b922205 V.E...... ........ 0,0-1440,2040} during second layout pass: posting in next frame
06-01 20:22:58.227 32037 32037 W View    : requestLayout() improperly called by helium314.keyboard.latin.panels.BrowserPanelView{b922205 V.E...... ......I. 0,0-1440,2040} during layout: running second layout pass
06-01 20:22:58.236 32037 32037 W View    : requestLayout() improperly called by helium314.keyboard.latin.panels.BrowserPanelView{b922205 V.E...... ........ 0,0-1440,2040} during second layout pass: posting in next frame
06-01 20:22:58.243 32037 32037 W View    : requestLayout() improperly called by helium314.keyboard.latin.panels.BrowserPanelView{b922205 V.E...... ......I. 0,0-1440,2040} during layout: running second layout pass
06-01 20:22:58.251 32037 32037 W View    : requestLayout() improperly called by helium314.keyboard.latin.panels.BrowserPanelView{b922205 V.E...... ........ 0,0-1440,2040} during second layout pass: posting in next frame
06-01 20:22:58.256 32473 32490 W Isolated Web Content: [JavaScript Warning: "Cookie “ug1=6a1e226201dfd90a3f90ea00141a72e7; path=/; domain=.www.ugdturner.com; expires=Sun, 01-Jun-31 00:22:58 GMT; SameSite=None; Secure” has been rejected as third-party." {file: "https://www.ugdturner.com/xd.sjs" line: 0}]
06-01 20:22:58.257 32473 32490 W Isolated Web Content: [JavaScript Warning: "Request to access cookie or storage on “https://www.ugdturner.com/xd.sjs” was blocked because we are blocking all third-party storage access requests and Enhanced Tracking Protection is enabled."]
06-01 20:22:58.257 32473 32490 W Isolated Web Content: [JavaScript Warning: "Cookie “” has been rejected as third-party." {file: "https://cdn.tinypass.com/api/tinypass.min.js" line: 0}]
06-01 20:22:58.260 32037 32037 W View    : requestLayout() improperly called by helium314.keyboard.latin.panels.BrowserPanelView{b922205 V.E...... ......I. 0,0-1440,2040} during layout: running second layout pass
06-01 20:22:58.267 32037 32037 W View    : requestLayout() improperly called by helium314.keyboard.latin.panels.BrowserPanelView{b922205 V.E...... ........ 0,0-1440,2040} during second layout pass: posting in next frame
06-01 20:22:58.277 32037 32037 W View    : requestLayout() improperly called by helium314.keyboard.latin.panels.BrowserPanelView{b922205 V.E...... ......I. 0,0-1440,2040} during layout: running second layout pass
06-01 20:22:58.283 32037 32037 W View    : requestLayout() improperly called by helium314.keyboard.latin.panels.BrowserPanelView{b922205 V.E...... .......D 0,0-1440,2040} during second layout pass: posting in next frame
06-01 20:22:58.294 32037 32037 W View    : requestLayout() improperly called by helium314.keyboard.latin.panels.BrowserPanelView{b922205 V.E...... ......ID 0,0-1440,2040} during layout: running second layout pass
06-01 20:22:58.297 32473 32490 W Isolated Web Content: [JavaScript Warning: "Cookie “” has been rejected as third-party." {file: "https://assets.bounceexchange.com/assets/smart-tag/versioned/runtime_c81e76ee00d795b1eebf8d27949f8dc5.br.js" line: 0}]
06-01 20:22:58.297 32473 32490 W Isolated Web Content: [JavaScript Warning: "Request to access cookie or storage on “https://assets.bounceexchange.com/assets/smart-tag/versioned/runtime_c81e76ee00d795b1eebf8d27949f8dc5.br.js” was blocked because we are blocking all third-party storage access requests and Enhanced Tracking Protection is enabled."]
06-01 20:22:58.298 32473 32490 W Isolated Web Content: [JavaScript Warning: "Cookie “” has been rejected as third-party." {file: "https://ping.chartbeat.net/ping?h=cnn.com&p=www.cnn.com%2F&u=By9lGkC6mDFHBtEjvI&d=cnn.com&g=37612&g0=homepage&g1=No%20Author&n=1&f=00001&c=0&x=0&m=0&y=18345&o=384&w=496&j=45&R=1&W=0&I=0&E=0&e=0&r=&PA=https%3A%2F%2Fwww.cnn.com%2F&b=1487&t=2gA9ZCwcipt8LPEfBrv-jGCD22tO&V=151&i=Domestic%20Web%20Homepage&tz=240&sn=1&sv=D4yDgcBtHPRfDtdB0NCkoj_5BMt8F4&sr=external&sd=1&im=06672ff0&_" line: 0}]
06-01 20:22:58.310 32037 32037 W View    : requestLayout() improperly called by helium314.keyboard.latin.panels.BrowserPanelView{b922205 V.E...... ........ 0,0-1440,2040} during second layout pass: posting in next frame
06-01 20:22:58.311 32037 32037 W View    : requestLayout() improperly called by helium314.keyboard.latin.panels.BrowserPanelView{b922205 V.E...... ......ID 0,0-1440,2040} during layout: running second layout pass
06-01 20:22:58.320 32037 32037 W View    : requestLayout() improperly called by helium314.keyboard.latin.panels.BrowserPanelView{b922205 V.E...... ........ 0,0-1440,2040} during second layout pass: posting in next frame
06-01 20:22:58.327 32037 32037 W View    : requestLayout() improperly called by helium314.keyboard.latin.panels.BrowserPanelView{b922205 V.E...... ......ID 0,0-1440,2040} during layout: running second layout pass
06-01 20:22:58.333 32037 32037 W View    : requestLayout() improperly called by helium314.keyboard.latin.panels.BrowserPanelView{b922205 V.E...... ........ 0,0-1440,2040} during second layout pass: posting in next frame
06-01 20:22:58.344 32037 32037 W View    : requestLayout() improperly called by helium314.keyboard.latin.panels.BrowserPanelView{b922205 V.E...... ......I. 0,0-1440,2040} during layout: running second layout pass
06-01 20:22:58.357 32037 32037 W View    : requestLayout() improperly called by helium314.keyboard.latin.panels.BrowserPanelView{b922205 V.E...... ........ 0,0-1440,2040} during second layout pass: posting in next frame
06-01 20:22:58.361 32037 32037 W View    : requestLayout() improperly called by helium314.keyboard.latin.panels.BrowserPanelView{b922205 V.E...... ......I. 0,0-1440,2040} during layout: running second layout pass
06-01 20:22:58.367 32037 32037 W View    : requestLayout() improperly called by helium314.keyboard.latin.panels.BrowserPanelView{b922205 V.E...... ........ 0,0-1440,2040} during second layout pass: posting in next frame
06-01 20:22:58.375 32473 32490 W Isolated Web Content: [JavaScript Warning: "Cookie “” has been rejected as third-party." {file: "https://client.aps.amazon-adsystem.com/publisher.js" line: 0}]
06-01 20:22:58.375 32473 32490 W Isolated Web Content: [JavaScript Warning: "Request to access cookie or storage on “https://client.aps.amazon-adsystem.com/publisher.js” was blocked because we are blocking all third-party storage access requests and Enhanced Tracking Protection is enabled."]
06-01 20:22:58.378 32037 32037 W View    : requestLayout() improperly called by helium314.keyboard.latin.panels.BrowserPanelView{b922205 V.E...... ......I. 0,0-1440,2040} during layout: running second layout pass
06-01 20:22:58.363 32037 32037 W com.vibekey.keyboard: type=1400 audit(0.0:34896): avc: denied { nlmsg_readpriv } for comm=536F636B657420546872656164 scontext=u:r:untrusted_app:s0:c44,c271,c512,c768 tcontext=u:r:untrusted_app:s0:c44,c271,c512,c768 tclass=netlink_route_socket permissive=0 bug=b/155595000 app=com.vibekey.keyboard
06-01 20:22:58.383 32037 32037 W View    : requestLayout() improperly called by helium314.keyboard.latin.panels.BrowserPanelView{b922205 V.E...... ........ 0,0-1440,2040} during second layout pass: posting in next frame
06-01 20:22:58.394 32037 32037 W View    : requestLayout() improperly called by helium314.keyboard.latin.panels.BrowserPanelView{b922205 V.E...... ......I. 0,0-1440,2040} during layout: running second layout pass
06-01 20:22:58.398 32037 32037 W View    : requestLayout() improperly called by helium314.keyboard.latin.panels.BrowserPanelView{b922205 V.E...... ........ 0,0-1440,2040} during second layout pass: posting in next frame
06-01 20:22:58.411 32037 32037 W View    : requestLayout() improperly called by helium314.keyboard.latin.panels.BrowserPanelView{b922205 V.E...... ......I. 0,0-1440,2040} during layout: running second layout pass
06-01 20:22:58.415 32037 32037 W View    : requestLayout() improperly called by helium314.keyboard.latin.panels.BrowserPanelView{b922205 V.E...... ........ 0,0-1440,2040} during second layout pass: posting in next frame
06-01 20:22:58.428 32037 32037 W View    : requestLayout() improperly called by helium314.keyboard.latin.panels.BrowserPanelView{b922205 V.E...... ......I. 0,0-1440,2040} during layout: running second layout pass
06-01 20:22:58.433 32037 32037 W View    : requestLayout() improperly called by helium314.keyboard.latin.panels.BrowserPanelView{b922205 V.E...... ........ 0,0-1440,2040} during second layout pass: posting in next frame
06-01 20:22:58.444 32037 32037 W View    : requestLayout() improperly called by helium314.keyboard.latin.panels.BrowserPanelView{b922205 V.E...... ......I. 0,0-1440,2040} during layout: running second layout pass
06-01 20:22:58.448 32037 32037 W View    : requestLayout() improperly called by helium314.keyboard.latin.panels.BrowserPanelView{b922205 V.E...... ........ 0,0-1440,2040} during second layout pass: posting in next frame
06-01 20:22:58.461 32037 32037 W View    : requestLayout() improperly called by helium314.keyboard.latin.panels.BrowserPanelView{b922205 V.E...... ......I. 0,0-1440,2040} during layout: running second layout pass
06-01 20:22:58.465 32037 32037 W View    : requestLayout() improperly called by helium314.keyboard.latin.panels.BrowserPanelView{b922205 V.E...... ........ 0,0-1440,2040} during second layout pass: posting in next frame
06-01 20:22:58.477 32037 32037 W View    : requestLayout() improperly called by helium314.keyboard.latin.panels.BrowserPanelView{b922205 V.E...... ......I. 0,0-1440,2040} during layout: running second layout pass
06-01 20:22:58.481 32037 32037 W View    : requestLayout() improperly called by helium314.keyboard.latin.panels.BrowserPanelView{b922205 V.E...... ........ 0,0-1440,2040} during second layout pass: posting in next frame
06-01 20:22:58.489 32473 32490 E Isolated Web Content: [JavaScript Error: "Cookie “_cookie_test” has been rejected for invalid domain." {file: "https://www.cnn.com/" line: 0}]
06-01 20:22:58.490 32473 32490 E Isolated Web Content: [JavaScript Error: "Cookie “_cookie_test” has been rejected for invalid domain." {file: "https://www.cnn.com/" line: 0}]
06-01 20:22:58.494 32037 32037 W View    : requestLayout() improperly called by helium314.keyboard.latin.panels.BrowserPanelView{b922205 V.E...... ......I. 0,0-1440,2040} during layout: running second layout pass
06-01 20:22:58.495 32473 32490 E Isolated Web Content: [JavaScript Error: "Cookie “_cookie_test” has been rejected for invalid domain." {file: "https://www.cnn.com/" line: 0}]
06-01 20:22:58.495 32473 32490 E Isolated Web Content: [JavaScript Error: "Cookie “_cookie_test” has been rejected for invalid domain." {file: "https://www.cnn.com/" line: 0}]
06-01 20:22:58.498 32473 32490 E Isolated Web Content: [JavaScript Error: "Cookie “_cookie_test” has been rejected for invalid domain." {file: "https://www.cnn.com/" line: 0}]
06-01 20:22:58.498 32037 32037 W View    : requestLayout() improperly called by helium314.keyboard.latin.panels.BrowserPanelView{b922205 V.E...... ........ 0,0-1440,2040} during second layout pass: posting in next frame
06-01 20:22:58.498 32473 32490 E Isolated Web Content: [JavaScript Error: "Cookie “_cookie_test” has been rejected for invalid domain." {file: "https://www.cnn.com/" line: 0}]
06-01 20:22:58.510 32037 32037 W View    : requestLayout() improperly called by helium314.keyboard.latin.panels.BrowserPanelView{b922205 V.E...... ......I. 0,0-1440,2040} during layout: running second layout pass
06-01 20:22:58.514 32037 32037 W View    : requestLayout() improperly called by helium314.keyboard.latin.panels.BrowserPanelView{b922205 V.E...... ........ 0,0-1440,2040} during second layout pass: posting in next frame
06-01 20:22:58.519 32473 32490 E Isolated Web Content: [JavaScript Error: "Cookie “_cookie_test” has been rejected for invalid domain." {file: "https://www.cnn.com/" line: 0}]
06-01 20:22:58.519 32473 32490 E Isolated Web Content: [JavaScript Error: "Cookie “_cookie_test” has been rejected for invalid domain." {file: "https://www.cnn.com/" line: 0}]
06-01 20:22:58.528 32037 32037 W View    : requestLayout() improperly called by helium314.keyboard.latin.panels.BrowserPanelView{b922205 V.E...... ......I. 0,0-1440,2040} during layout: running second layout pass
06-01 20:22:58.532 32037 32037 W View    : requestLayout() improperly called by helium314.keyboard.latin.panels.BrowserPanelView{b922205 V.E...... ........ 0,0-1440,2040} during second layout pass: posting in next frame
06-01 20:22:58.544 32037 32037 W View    : requestLayout() improperly called by helium314.keyboard.latin.panels.BrowserPanelView{b922205 V.E...... ......I. 0,0-1440,2040} during layout: running second layout pass
06-01 20:22:58.548 32037 32037 W View    : requestLayout() improperly called by helium314.keyboard.latin.panels.BrowserPanelView{b922205 V.E...... ........ 0,0-1440,2040} during second layout pass: posting in next frame
06-01 20:22:58.562 32037 32037 W View    : requestLayout() improperly called by helium314.keyboard.latin.panels.BrowserPanelView{b922205 V.E...... ......I. 0,0-1440,2040} during layout: running second layout pass
06-01 20:22:58.565 32037 32037 W View    : requestLayout() improperly called by helium314.keyboard.latin.panels.BrowserPanelView{b922205 V.E...... ........ 0,0-1440,2040} during second layout pass: posting in next frame
06-01 20:22:58.578 32037 32037 W View    : requestLayout() improperly called by helium314.keyboard.latin.panels.BrowserPanelView{b922205 V.E...... ......I. 0,0-1440,2040} during layout: running second layout pass
06-01 20:22:58.581 32037 32037 W View    : requestLayout() improperly called by helium314.keyboard.latin.panels.BrowserPanelView{b922205 V.E...... ........ 0,0-1440,2040} during second layout pass: posting in next frame
06-01 20:22:58.592   676   676 E .keyboard:tab3: Unknown bits set in runtime_flags: 0x40000000
06-01 20:22:58.595 32037 32037 W View    : requestLayout() improperly called by helium314.keyboard.latin.panels.BrowserPanelView{b922205 V.E...... ......I. 0,0-1440,2040} during layout: running second layout pass
06-01 20:22:58.598 32037 32037 W View    : requestLayout() improperly called by helium314.keyboard.latin.panels.BrowserPanelView{b922205 V.E...... ........ 0,0-1440,2040} during second layout pass: posting in next frame
06-01 20:22:58.616 32037 32037 W View    : requestLayout() improperly called by helium314.keyboard.latin.panels.BrowserPanelView{b922205 V.E...... ......I. 0,0-1440,2040} during layout: running second layout pass
06-01 20:22:58.623 32037 32037 W View    : requestLayout() improperly called by helium314.keyboard.latin.panels.BrowserPanelView{b922205 V.E...... ........ 0,0-1440,2040} during second layout pass: posting in next frame
06-01 20:22:58.630 32037 32037 W View    : requestLayout() improperly called by helium314.keyboard.latin.panels.BrowserPanelView{b922205 V.E...... ......ID 0,0-1440,2040} during layout: running second layout pass
06-01 20:22:58.643 32037 32037 W View    : requestLayout() improperly called by helium314.keyboard.latin.panels.BrowserPanelView{b922205 V.E...... ........ 0,0-1440,2040} during second layout pass: posting in next frame
06-01 20:22:58.645 32037 32037 W View    : requestLayout() improperly called by helium314.keyboard.latin.panels.BrowserPanelView{b922205 V.E...... ......ID 0,0-1440,2040} during layout: running second layout pass
06-01 20:22:58.657 32037 32037 W View    : requestLayout() improperly called by helium314.keyboard.latin.panels.BrowserPanelView{b922205 V.E...... ........ 0,0-1440,2040} during second layout pass: posting in next frame
06-01 20:22:58.661 32037 32037 W View    : requestLayout() improperly called by helium314.keyboard.latin.panels.BrowserPanelView{b922205 V.E...... ......ID 0,0-1440,2040} during layout: running second layout pass
06-01 20:22:58.667 32037 32037 W View    : requestLayout() improperly called by helium314.keyboard.latin.panels.BrowserPanelView{b922205 V.E...... ........ 0,0-1440,2040} during second layout pass: posting in next frame
06-01 20:22:58.681   676   708 E GeckoLibLoad: Load sqlite start
06-01 20:22:58.682   676   708 E GeckoLibLoad: Load sqlite done
06-01 20:22:58.683   676   708 E GeckoLibLoad: Load nss start
06-01 20:22:58.683   676   708 E GeckoLibLoad: Load nss done
06-01 20:22:58.686 32473 32490 W Isolated Web Content: [JavaScript Warning: "Cookie “” has been rejected as third-party." {file: "https://ml314.com/utsync.ashx?et=0&eid=64240&ct=js&fp=YOUR_USER_ID&cp=https%3A%2F%2Fwww.cnn.com%2F&pv=1780359778340_xpnnbpbq6&bl=en-us&cb=271103&si=1780359778340_xpnnbpbq6&s=384x832&nc=1&v=2.8.2.257-lw&gpp=DBABLA~BVQqAAAAAABY.QA&gpp_sid=7" line: 0}]
06-01 20:22:58.687 32037 32037 W View    : requestLayout() improperly called by helium314.keyboard.latin.panels.BrowserPanelView{b922205 V.E...... ......ID 0,0-1440,2040} during layout: running second layout pass
06-01 20:22:58.687 32473 32490 W Isolated Web Content: [JavaScript Warning: "Cookie “” has been rejected as third-party." {file: "https://sb.scorecardresearch.com/internal-cs/default/beacon-and.js" line: 0}]
06-01 20:22:58.687 32473 32490 W Isolated Web Content: [JavaScript Warning: "Cookie “” has been rejected as third-party." {file: "https://secure-us.imrworldwide.com/cgi-bin/m?ci=us-204044h&cg=0&cc=1&si=https%3A//www.cnn.com/&rp=&ts=compact&rnd=1780359777791&ja=1" line: 0}]
06-01 20:22:58.687 32473 32490 W Isolated Web Content: [JavaScript Warning: "Request to access cookie or storage on “https://secure-us.imrworldwide.com/cgi-bin/m?ci=us-204044h&cg=0&cc=1&si=https%3A//www.cnn.com/&rp=&ts=compact&rnd=1780359777791&ja=1” was blocked because we are blocking all third-party storage access requests and Enhanced Tracking Protection is enabled."]
06-01 20:22:58.690 32473 32490 W Isolated Web Content: [JavaScript Warning: "Cookie “” has been rejected as third-party." {file: "https://securepubads.g.doubleclick.net/pagead/managed/js/gpt/m202605260101/pubads_impl.js" line: 0}]
06-01 20:22:58.690 32473 32490 W Isolated Web Content: [JavaScript Warning: "Cookie “IMRID=352ed110-5e19-11f1-8acc-c7eba8b25daa; Path=/;Secure;SameSite=None; Domain=imrworldwide.com; Expires=Sun, 27-Jun-2027 00:22:58 GMT; Max-Age=33696000” has been rejected as third-party." {file: "https://secure-us.imrworldwide.com/cgi-bin/m?ci=us-204044h&cg=0&cc=1&si=https%3A//www.cnn.com/&rp=&ts=compact&rnd=1780359777791&ja=1" line: 0}]
06-01 20:22:58.690 32473 32490 W Isolated Web Content: [JavaScript Warning: "Request to access cookie or storage on “https://securepubads.g.doubleclick.net/pagead/managed/js/gpt/m202605260101/pubads_impl.js” was blocked because we are blocking all third-party storage access requests and Enhanced Tracking Protection is enabled."]
06-01 20:22:58.690 32473 32490 W Isolated Web Content: [JavaScript Warning: "Request to access cookie or storage on “https://secure-us.imrworldwide.com/cgi-bin/m?ci=us-204044h&cg=0&cc=1&si=https%3A//www.cnn.com/&rp=&ts=compact&rnd=1780359777791&ja=1” was blocked because we are blocking all third-party storage access requests and Enhanced Tracking Protection is enabled."]
06-01 20:22:58.690 32473 32490 W Isolated Web Content: [JavaScript Warning: "Cookie “u=aHR0cHM6Ly93d3cuY25uLmNvbS8%3D; expires=Tue, 02 Jun 2026 00:23:13 GMT; domain=ml314.com; path=/;SameSite=None; secure” has been rejected as third-party." {file: "https://ml314.com/utsync.ashx?et=0&eid=64240&ct=js&fp=YOUR_USER_ID&cp=https%3A%2F%2Fwww.cnn.com%2F&pv=1780359778340_xpnnbpbq6&bl=en-us&cb=271103&si=1780359778340_xpnnbpbq6&s=384x832&nc=1&v=2.8.2.257-lw&gpp=DBABLA~BVQqAAAAAABY.QA&gpp_sid=7" line: 0}]
06-01 20:22:58.691 32473 32490 W Isolated Web Content: [JavaScript Warning: "Cookie “pi=3517396341521645634; expires=Wed, 02 Jun 2027 00:22:58 GMT; domain=ml314.com; path=/; secure; samesite=none; httponly” has been rejected as third-party." {file: "https://ml314.com/utsync.ashx?et=0&eid=64240&ct=js&fp=YOUR_USER_ID&cp=https%3A%2F%2Fwww.cnn.com%2F&pv=1780359778340_xpnnbpbq6&bl=en-us&cb=271103&si=1780359778340_xpnnbpbq6&s=384x832&nc=1&v=2.8.2.257-lw&gpp=DBABLA~BVQqAAAAAABY.QA&gpp_sid=7" line: 0}]
06-01 20:22:58.691 32473 32490 W Isolated Web Content: [JavaScript Warning: "Cookie “tp=9%253B06%252F02%252F2026%2B00%253A22%253A58; expires=Tue, 16 Jun 2026 00:22:58 GMT; domain=ml314.com; path=/;SameSite=None; secure” has been rejected as third-party." {file: "https://ml314.com/utsync.ashx?et=0&eid=64240&ct=js&fp=YOUR_USER_ID&cp=https%3A%2F%2Fwww.cnn.com%2F&pv=1780359778340_xpnnbpbq6&bl=en-us&cb=271103&si=1780359778340_xpnnbpbq6&s=384x832&nc=1&v=2.8.2.257-lw&gpp=DBABLA~BVQqAAAAAABY.QA&gpp_sid=7" line: 0}]
06-01 20:22:58.691 32473 32490 W Isolated Web Content: [JavaScript Warning: "Request to access cookie or storage on “https://ml314.com/utsync.ashx?et=0&eid=64240&ct=js&fp=YOUR_USER_ID&cp=https%3A%2F%2Fwww.cnn.com%2F&pv=1780359778340_xpnnbpbq6&bl=en-us&cb=271103&si=1780359778340_xpnnbpbq6&s=384x832&nc=1&v=2.8.2.257-lw&gpp=DBABLA~BVQqAAAAAABY.QA&gpp_sid=7” was blocked because we are blocking all third-party storage access requests and Enhanced Tracking Protection is enabled."]
06-01 20:22:58.691 32473 32490 W Isolated Web Content: [JavaScript Warning: "Request to access cookie or storage on “https://ml314.com/utsync.ashx?et=0&eid=64240&ct=js&fp=YOUR_USER_ID&cp=https%3A%2F%2Fwww.cnn.com%2F&pv=1780359778340_xpnnbpbq6&bl=en-us&cb=271103&si=1780359778340_xpnnbpbq6&s=384x832&nc=1&v=2.8.2.257-lw&gpp=DBABLA~BVQqAAAAAABY.QA&gpp_sid=7” was blocked because we are blocking all third-party storage access requests and Enhanced Tracking Protection is enabled."]
06-01 20:22:58.691 32473 32490 W Isolated Web Content: [JavaScript Warning: "Request to access cookie or storage on “https://ml314.com/utsync.ashx?et=0&eid=64240&ct=js&fp=YOUR_USER_ID&cp=https%3A%2F%2Fwww.cnn.com%2F&pv=1780359778340_xpnnbpbq6&bl=en-us&cb=271103&si=1780359778340_xpnnbpbq6&s=384x832&nc=1&v=2.8.2.257-lw&gpp=DBABLA~BVQqAAAAAABY.QA&gpp_sid=7” was blocked because we are blocking all third-party storage access requests and Enhanced Tracking Protection is enabled."]
06-01 20:22:58.691 32473 32490 W Isolated Web Content: [JavaScript Warning: "Cookie “” has been rejected as third-party." {file: "https://cdn.btloader.com/cchecker.html?upapi=true" line: 0}]
06-01 20:22:58.691 32037 32037 W View    : requestLayout() improperly called by helium314.keyboard.latin.panels.BrowserPanelView{b922205 V.E...... .......D 0,0-1440,2040} during second layout pass: posting in next frame
06-01 20:22:58.694 32473 32490 W Isolated Web Content: [JavaScript Warning: "Cookie “” has been rejected as third-party." {file: "https://btloader.com/trustedIframe.html?o=5762268746743808&upapi=true" line: 0}]
06-01 20:22:58.695 32037 32037 W View    : requestLayout() improperly called by helium314.keyboard.latin.panels.BrowserPanelView{b922205 V.E...... ......ID 0,0-1440,2040} during layout: running second layout pass
06-01 20:22:58.700 32473 32490 W Isolated Web Content: [JavaScript Warning: "Cookie “” has been rejected as third-party." {file: "https://cdn.cxense.com/cx.cce.js" line: 0}]
06-01 20:22:58.700 32473 32490 W Isolated Web Content: [JavaScript Warning: "Cookie “” has been rejected as third-party." {file: "https://c2.piano.io/xbuilder/experience/execute?aid=RCoM2QBLpu" line: 0}]
