06-09 16:30:16.179 26676 26676 F DEBUG   : Revision: '0'
06-09 16:30:16.179 26676 26676 F DEBUG   : ABI: 'arm64'
06-09 16:30:16.179 26676 26676 F DEBUG   : Timestamp: 2026-06-09 16:30:15.467083505-0400
06-09 16:30:16.179 26676 26676 F DEBUG   : Process uptime: 0s
06-09 16:30:16.179 26676 26676 F DEBUG   : Cmdline: com.vibekey.keyboard
06-09 16:30:16.179 26676 26676 F DEBUG   : pid: 26444, tid: 26479, name: d  >>> com.vibekey.keyboard <<<
06-09 16:30:16.179 26676 26676 F DEBUG   : uid: 14026
06-09 16:30:16.179 26676 26676 F DEBUG   : signal 7 (SIGBUS), code 2 (BUS_ADRERR), fault addr 0x76665dd00e
06-09 16:30:16.180 26676 26676 F DEBUG   :     x0  0000000000000000  x1  000000000000676f  x2  0000000000000007  x3  000000768a372da0
06-09 16:30:16.180 26676 26676 F DEBUG   :     x4  000000768a3726a8  x5  000000768a3726a8  x6  000000768a3726a8  x7  0000000000000000
06-09 16:30:16.180 26676 26676 F DEBUG   :     x8  00000000000000f0  x9  db746b027190efc7  x10 0000000000004001  x11 0000000000000000
06-09 16:30:16.180 26676 26676 F DEBUG   :     x12 00000000ffffffff  x13 0000000000000000  x14 000000000000001f  x15 00000076665dcfc6
06-09 16:30:16.180 26676 26676 F DEBUG   :     x16 000000757ca3ad18  x17 00000076790b8f10  x18 000000755ef1c000  x19 0000000000000007
06-09 16:30:16.180 26676 26676 F DEBUG   :     x20 000000768a372da0  x21 000000000000674c  x22 000000768a372d00  x23 0000000000000001
06-09 16:30:16.180 26676 26676 F DEBUG   :     x24 00000075cc5d7ba8  x25 00000075cc5d7cc0  x26 00000075cc5d7cf4  x27 0000000000000001
06-09 16:30:16.180 26676 26676 F DEBUG   :     x28 00000075cc5d82a8  x29 000000768a372d20
06-09 16:30:16.180 26676 26676 F DEBUG   :     lr  0000007576c697f8  sp  000000768a372d00  pc  00000076790b8f34  pst 0000000000000000
06-09 16:30:16.180 26676 26676 F DEBUG   : backtrace:
06-09 16:30:16.180 26676 26676 F DEBUG   :       #00 pc 0000000000075f34  /apex/com.android.runtime/lib64/bionic/libc.so (syscall+36) (BuildId: bbbdeb7c87c74f1491f92c6e605095b0)
06-09 16:30:16.180 26676 26676 F DEBUG   :       #01 pc 00000000040587f4  /data/app/~~ukACh23KqzhC02schODZ5g==/com.google.android.webview-qsLJ1HFxFSLtbdE1YBqHuA==/base.apk!libwebviewchromium.so (BuildId: f4154d1d3a9b37880ffb62018a1d86e977877475)
06-09 16:30:16.180 26676 26676 F DEBUG   :       #02 pc 000000000404ef70  /data/app/~~ukACh23KqzhC02schODZ5g==/com.google.android.webview-qsLJ1HFxFSLtbdE1YBqHuA==/base.apk!libwebviewchromium.so (BuildId: f4154d1d3a9b37880ffb62018a1d86e977877475)
06-09 16:30:16.180 26676 26676 F DEBUG   :       #03 pc 0000000000000638  [vdso] (__kernel_rt_sigreturn+0)
06-09 16:30:16.180 26676 26676 F DEBUG   :       #04 pc 00000000000b67ac  /data/app/~~v-oYNtoyHwIRm8dCqO6QHA==/com.vibekey.keyboard-tGr8-m6JM8o5zr5lg-Nc2w==/lib/arm64/libjni_latinime.so (latinime::PatriciaTrieReadingUtils::readPtNodeInfo(unsigned char const*, int, int, latinime::DictionaryShortcutsStructurePolicy const*, latinime::DictionaryBigramsStructurePolicy const*, int const*, unsigned char*, int*, int*, int*, int*, int*, int*, int*)+120) (BuildId: f905dbd1a904967a994cf833116e517b05caa863)
06-09 16:30:16.180 26676 26676 F DEBUG   :       #05 pc 00000000000b8980  /data/app/~~v-oYNtoyHwIRm8dCqO6QHA==/com.vibekey.keyboard-tGr8-m6JM8o5zr5lg-Nc2w==/lib/arm64/libjni_latinime.so (latinime::Ver2ParticiaTrieNodeReader::fetchPtNodeParamsInBufferFromPtNodePos(int) const+140) (BuildId: f905dbd1a904967a994cf833116e517b05caa863)
06-09 16:30:16.180 26676 26676 F DEBUG   :       #06 pc 00000000000b4b74  /data/app/~~v-oYNtoyHwIRm8dCqO6QHA==/com.vibekey.keyboard-tGr8-m6JM8o5zr5lg-Nc2w==/lib/arm64/libjni_latinime.so (latinime::DynamicPtReadingHelper::getTerminalPtNodePositionOfWord(int const*, unsigned long, bool)+232) (BuildId: f905dbd1a904967a994cf833116e517b05caa863)
06-09 16:30:16.180 26676 26676 F DEBUG   :       #07 pc 00000000000b7324  /data/app/~~v-oYNtoyHwIRm8dCqO6QHA==/com.vibekey.keyboard-tGr8-m6JM8o5zr5lg-Nc2w==/lib/arm64/libjni_latinime.so (latinime::PatriciaTriePolicy::getWordId(latinime::IntArrayView, bool) const+184) (BuildId: f905dbd1a904967a994cf833116e517b05caa863)
06-09 16:30:16.180 26676 26676 F DEBUG   :       #08 pc 00000000000a7d54  /data/app/~~v-oYNtoyHwIRm8dCqO6QHA==/com.vibekey.keyboard-tGr8-m6JM8o5zr5lg-Nc2w==/lib/arm64/libjni_latinime.so (latinime::NgramContext::getWordId(latinime::DictionaryStructureWithBufferPolicy const*, int const*, int, bool, bool)+232) (BuildId: f905dbd1a904967a994cf833116e517b05caa863)
06-09 16:30:16.180 26676 26676 F DEBUG   :       #09 pc 00000000000d337c  /data/app/~~v-oYNtoyHwIRm8dCqO6QHA==/com.vibekey.keyboard-tGr8-m6JM8o5zr5lg-Nc2w==/lib/arm64/libjni_latinime.so (latinime::DicTraverseSession::init(latinime::Dictionary const*, latinime::NgramContext const*, latinime::SuggestOptions const*)+124) (BuildId: f905dbd1a904967a994cf833116e517b05caa863)
06-09 16:30:16.180 26676 26676 F DEBUG   :       #10 pc 00000000000c8bd0  /data/app/~~v-oYNtoyHwIRm8dCqO6QHA==/com.vibekey.keyboard-tGr8-m6JM8o5zr5lg-Nc2w==/lib/arm64/libjni_latinime.so (latinime::Dictionary::getSuggestions(latinime::ProximityInfo*, latinime::DicTraverseSession*, int*, int*, int*, int*, int*, int, latinime::NgramContext const*, latinime::SuggestOptions const*, float, latinime::SuggestionResults*) const+104) (BuildId: f905dbd1a904967a994cf833116e517b05caa863)
06-09 16:30:16.180 26676 26676 F DEBUG   :       #11 pc 000000000009fd88  /data/app/~~v-oYNtoyHwIRm8dCqO6QHA==/com.vibekey.keyboard-tGr8-m6JM8o5zr5lg-Nc2w==/lib/arm64/libjni_latinime.so (BuildId: f905dbd1a904967a994cf833116e517b05caa863)
06-09 16:30:16.180 26676 26676 F DEBUG   :       #12 pc 00000000002c2100  /apex/com.android.art/lib64/libart.so (art_quick_generic_jni_trampoline+144) (BuildId: 7087b2f2160bfbf3335d54ba9779e325)
06-09 16:30:16.180 26676 26676 F DEBUG   :       #13 pc 00000000006692dc  /apex/com.android.art/lib64/libart.so (nterp_helper+3852) (BuildId: 7087b2f2160bfbf3335d54ba9779e325)
06-09 16:30:16.180 26676 26676 F DEBUG   :       #14 pc 000000000021fb78  /data/app/~~v-oYNtoyHwIRm8dCqO6QHA==/com.vibekey.keyboard-tGr8-m6JM8o5zr5lg-Nc2w==/oat/arm64/base.vdex (com.android.inputmethod.latin.BinaryDictionary.q+572)
06-09 16:30:16.180 26676 26676 F DEBUG   :       #15 pc 0000000000669a28  /apex/com.android.art/lib64/libart.so (nterp_helper+5720) (BuildId: 7087b2f2160bfbf3335d54ba9779e325)
06-09 16:30:16.180 26676 26676 F DEBUG   :       #16 pc 000000000021f8f6  /data/app/~~v-oYNtoyHwIRm8dCqO6QHA==/com.vibekey.keyboard-tGr8-m6JM8o5zr5lg-Nc2w==/oat/arm64/base.vdex (com.android.inputmethod.latin.BinaryDictionary.d+2)
06-09 16:30:16.180 26676 26676 F DEBUG   :       #17 pc 0000000000669a28  /apex/com.android.art/lib64/libart.so (nterp_helper+5720) (BuildId: 7087b2f2160bfbf3335d54ba9779e325)
06-09 16:30:16.180 26676 26676 F DEBUG   :       #18 pc 0000000000ad692a  /data/app/~~v-oYNtoyHwIRm8dCqO6QHA==/com.vibekey.keyboard-tGr8-m6JM8o5zr5lg-Nc2w==/oat/arm64/base.vdex (v7.k.d+50)
06-09 16:30:16.180 26676 26676 F DEBUG   :       #19 pc 0000000000669a28  /apex/com.android.art/lib64/libart.so (nterp_helper+5720) (BuildId: 7087b2f2160bfbf3335d54ba9779e325)
06-09 16:30:16.180 26676 26676 F DEBUG   :       #20 pc 0000000000ad5a22  /data/app/~~v-oYNtoyHwIRm8dCqO6QHA==/com.vibekey.keyboard-tGr8-m6JM8o5zr5lg-Nc2w==/oat/arm64/base.vdex (v7.e.d+70)
06-09 16:30:16.180 26676 26676 F DEBUG   :       #21 pc 0000000000669a28  /apex/com.android.art/lib64/libart.so (nterp_helper+5720) (BuildId: 7087b2f2160bfbf3335d54ba9779e325)
06-09 16:30:16.180 26676 26676 F DEBUG   :       #22 pc 0000000000590d82  /data/app/~~v-oYNtoyHwIRm8dCqO6QHA==/com.vibekey.keyboard-tGr8-m6JM8o5zr5lg-Nc2w==/oat/arm64/base.vdex (p7.p.j+334)
06-09 16:30:16.180 26676 26676 F DEBUG   :       #23 pc 0000000000669a28  /apex/com.android.art/lib64/libart.so (nterp_helper+5720) (BuildId: 7087b2f2160bfbf3335d54ba9779e325)
06-09 16:30:16.180 26676 26676 F DEBUG   :       #24 pc 00000000005906dc  /data/app/~~v-oYNtoyHwIRm8dCqO6QHA==/com.vibekey.keyboard-tGr8-m6JM8o5zr5lg-Nc2w==/oat/arm64/base.vdex (p7.p.i+252)
06-09 16:30:16.180 26676 26676 F DEBUG   :       #25 pc 0000000000669a28  /apex/com.android.art/lib64/libart.so (nterp_helper+5720) (BuildId: 7087b2f2160bfbf3335d54ba9779e325)
06-09 16:30:16.180 26676 26676 F DEBUG   :       #26 pc 0000000000590532  /data/app/~~v-oYNtoyHwIRm8dCqO6QHA==/com.vibekey.keyboard-tGr8-m6JM8o5zr5lg-Nc2w==/oat/arm64/base.vdex (p7.p.h+214)
06-09 16:30:16.180 26676 26676 F DEBUG   :       #27 pc 0000000000669a28  /apex/com.android.art/lib64/libart.so (nterp_helper+5720) (BuildId: 7087b2f2160bfbf3335d54ba9779e325)
06-09 16:30:16.180 26676 26676 F DEBUG   :       #28 pc 00000000005984cc  /data/app/~~v-oYNtoyHwIRm8dCqO6QHA==/com.vibekey.keyboard-tGr8-m6JM8o5zr5lg-Nc2w==/oat/arm64/base.vdex (p7.j1.b+528)
06-09 16:30:16.180 26676 26676 F DEBUG   :       #29 pc 0000000000669a28  /apex/com.android.art/lib64/libart.so (nterp_helper+5720) (BuildId: 7087b2f2160bfbf3335d54ba9779e325)
06-09 16:30:16.180 26676 26676 F DEBUG   :       #30 pc 0000000000addb0a  /data/app/~~v-oYNtoyHwIRm8dCqO6QHA==/com.vibekey.keyboard-tGr8-m6JM8o5zr5lg-Nc2w==/oat/arm64/base.vdex (x7.b.m+1458)
06-09 16:30:16.180 26676 26676 F DEBUG   :       #31 pc 0000000000669324  /apex/com.android.art/lib64/libart.so (nterp_helper+3924) (BuildId: 7087b2f2160bfbf3335d54ba9779e325)
06-09 16:30:16.180 26676 26676 F DEBUG   :       #32 pc 0000000000593038  /data/app/~~v-oYNtoyHwIRm8dCqO6QHA==/com.vibekey.keyboard-tGr8-m6JM8o5zr5lg-Nc2w==/oat/arm64/base.vdex (p7.v.run+72)
06-09 16:30:16.180 26676 26676 F DEBUG   :       #33 pc 000000000066a144  /apex/com.android.art/lib64/libart.so (nterp_helper+7540) (BuildId: 7087b2f2160bfbf3335d54ba9779e325)
06-09 16:30:16.180 26676 26676 F DEBUG   :       #34 pc 0000000000ada9ca  /data/app/~~v-oYNtoyHwIRm8dCqO6QHA==/com.vibekey.keyboard-tGr8-m6JM8o5zr5lg-Nc2w==/oat/arm64/base.vdex (x7.d.handleMessage+18)
06-09 16:30:16.180 26676 26676 F DEBUG   :       #35 pc 000000000205b2d4  /memfd:jit-zygote-cache (deleted)
06-09 16:30:20.769 26766 26766 E ibekey.keyboar: Unknown bits set in runtime_flags: 0x40000000
06-09 16:30:20.894 26766 26766 W f0      : Could not load system glide typing library jni_latinimegoogle: dlopen failed: library "libjni_latinimegoogle.so" not found
06-09 16:30:21.018 26766 26766 W u       : No editor info for this field. Bug?
06-09 16:30:21.029 26766 26766 I VkMultilingual: reset main=pt-BR locales=[pt-BR,es-419,fr-CH] count=3
06-09 16:30:21.069 26766 26766 W ibekey.keyboar: ClassLoaderContext classpath size mismatch. expected=1, found=0 (DLC[];PCL[base.apk*116719914]{PCL[/system/framework/org.apache.http.legacy.jar*3034548894]#PCL[/apex/com.android.extservices/javalib/android.ext.adservices.jar*3839736497]#PCL[/system/framework/com.android.location.provider.jar*3633238672]#PCL[/system/framework/com.android.media.remotedisplay.jar*3472798123]#PCL[/apex/com.android.extservices/javalib/android.ext.adservices.jar*3839736497]} | DLC[];PCL[])
06-09 16:30:21.078 26766 26766 W System  : ClassLoader referenced unknown path: 
06-09 16:30:21.081 26766 26766 W ibekey.keyboar: ClassLoaderContext classpath element checksum mismatch. expected=116719914, found=464099867 (DLC[];PCL[base.apk*116719914]{PCL[/system/framework/org.apache.http.legacy.jar*3034548894]#PCL[/apex/com.android.extservices/javalib/android.ext.adservices.jar*3839736497]#PCL[/system/framework/com.android.location.provider.jar*3633238672]#PCL[/system/framework/com.android.media.remotedisplay.jar*3472798123]#PCL[/apex/com.android.extservices/javalib/android.ext.adservices.jar*3839736497]} | DLC[];PCL[/data/app/~~v-oYNtoyHwIRm8dCqO6QHA==/com.vibekey.keyboard-tGr8-m6JM8o5zr5lg-Nc2w==/base.apk*464099867]{PCL[/apex/com.android.extservices/javalib/android.ext.adservices.jar*3839736497]})
06-09 16:30:21.161 26766 26766 E ibekey.keyboar: ofbOpen failed with error=No such file or directory
06-09 16:30:21.161 26766 26766 E ibekey.keyboar: sysOpen failed with error=No such file or directory
06-09 16:30:21.182 26766 26886 W Ads     : Update ad debug logging enablement as false
06-09 16:30:21.199 26766 26766 E MultiApp.Impl: OplusMultiAppImpl
06-09 16:30:21.269 26766 26766 W libc    : Access denied finding property "ro.vendor.api_level"
06-09 16:30:21.271 26766 26766 W chromium: [WARNING:android_webview/browser/network_service/net_helpers.cc:137] HTTP Cache size is: 20971520
06-09 16:30:21.354 26766 26766 I VkSwipe : ○ gesture canceled
06-09 16:30:21.365 26766 26951 W libc    : Access denied finding property "vendor.camera.aux.packagelist"
06-09 16:30:21.365 26766 26951 W libc    : Access denied finding property "vendor.camera.aux.packagelist"
06-09 16:30:21.365 26766 26783 W libc    : Access denied finding property "vendor.camera.aux.packagelist"
06-09 16:30:21.366 26766 26766 I VkEffects: reload anim=scale blur=562px glow=false stickers=true
06-09 16:30:21.369 26766 26766 E OplusCustomizeRestrictionManager: sInstance is null, start a new sInstance
06-09 16:30:21.466 26766 26766 I SpaceAssistPopup: ○ send ready=false outChars=0
06-09 16:30:21.487 26766 26766 I VkTyping: ▶ open restart=false pkg=com.android.launcher inputType=589825
06-09 16:30:21.605 26766 26924 W cr_media: BLUETOOTH_CONNECT permission is missing.
06-09 16:30:21.606 26766 26924 W cr_media: getBluetoothAdapter() requires BLUETOOTH permission
06-09 16:30:21.606 26766 26924 W cr_media: registerBluetoothIntentsIfNeeded: Requires BLUETOOTH permission
06-09 16:30:21.638 26766 26766 W View    : requestLayout() improperly called by android.widget.LinearLayout{e0b4112 V.E...... ......ID 0,1868-1440,2818 #7f0a010d app:id/input_view_keyboard_column} during layout: running second layout pass
06-09 16:30:21.638 26766 26766 W View    : requestLayout() improperly called by android.widget.LinearLayout{e8a60e3 V.E...... ......ID 0,0-1440,950 #7f0a011c app:id/main_keyboard_frame} during layout: running second layout pass
06-09 16:30:21.727 26766 26936 W AudioCapabilities: Unsupported mime audio/ffmpeg
06-09 16:30:21.728 26766 26936 W VideoCapabilities: Unsupported mime video/ffmpeg
06-09 16:30:21.728 26766 26936 W VideoCapabilities: Unrecognized profile/level 0/3 for video/mpeg2
06-09 16:30:21.728 26766 26936 W VideoCapabilities: Unrecognized profile/level 0/3 for video/mpeg2
06-09 16:30:21.760 26766 26899 E BLASTBufferQueue: BLASTBufferItemConsumer::onDisconnect()
06-09 16:30:21.911 26766 26982 W Settings: Setting animator_duration_scale has moved from android.provider.Settings.System to android.provider.Settings.Global, returning read-only global URI.
06-09 16:30:21.918 26766 26982 E GeckoLibLoad: Load sqlite start
06-09 16:30:21.918 26766 26982 E GeckoLibLoad: Load sqlite done
06-09 16:30:21.919 26766 26982 E GeckoLibLoad: Load nss start
06-09 16:30:21.919 26766 26982 E GeckoLibLoad: Load nss done
06-09 16:30:21.932 26766 26982 E GeckoLibLoad: Loaded libs in 12.824062ms total, 0ms(37ms) user, 8ms(20ms) system, 0(0) faults
06-09 16:30:21.932 26766 26982 W GeckoThread: zerdatime 713864793 - runGecko
06-09 16:30:22.001 26766 26766 W com.vibekey.keyboard: type=1400 audit(0.0:305733): avc: denied { bind } for comm=4E65746C696E6B204D6F6E69746F72 scontext=u:r:untrusted_app:s0:c186,c271,c512,c768 tcontext=u:r:untrusted_app:s0:c186,c271,c512,c768 tclass=netlink_route_socket permissive=0 bug=b/155595000 app=com.vibekey.keyboard
06-09 16:30:22.028 26766 26982 E ibekey.keyboar: hiddenapi: Accessing hidden field Ljava/lang/Boolean;->value:Z (runtime_flags=0, domain=core-platform, api=max-target-p) from Lorg/mozilla/gecko/GeckoThread; (domain=app, TargetSdkVersion=35) using JNI: denied
06-09 16:30:22.028 26766 26982 E ibekey.keyboar: hiddenapi: Accessing hidden field Ljava/lang/Integer;->value:I (runtime_flags=0, domain=core-platform, api=max-target-p) from Lorg/mozilla/gecko/GeckoThread; (domain=app, TargetSdkVersion=35) using JNI: denied
06-09 16:30:22.028 26766 26982 E ibekey.keyboar: hiddenapi: Accessing hidden field Ljava/lang/Long;->value:J (runtime_flags=0, domain=core-platform, api=max-target-p) from Lorg/mozilla/gecko/GeckoThread; (domain=app, TargetSdkVersion=35) using JNI: denied
06-09 16:30:22.028 26766 26982 E ibekey.keyboar: hiddenapi: Accessing hidden field Ljava/lang/Double;->value:D (runtime_flags=0, domain=core-platform, api=max-target-p) from Lorg/mozilla/gecko/GeckoThread; (domain=app, TargetSdkVersion=35) using JNI: denied
06-09 16:30:22.108 27004 27004 E .keyboard:tab1: Unknown bits set in runtime_flags: 0x40000000
06-09 16:30:22.208 25487 25722 I OnDeviceAssist: warm ok model=qwen2.5-0.5b-instruct-q4_0.gguf ambient=40 chars 0ms
06-09 16:30:22.712 25487 25509 I OnDeviceAssist: warm ok model=qwen2.5-0.5b-instruct-q4_0.gguf ambient=40 chars 0ms
06-09 16:30:24.092 26766 26766 I SpaceAssistPopup: ○ send ready=false outChars=0
06-09 16:30:24.092 26766 26766 I VkSwipe : ▶ gesture started locale=pt-BR
06-09 16:30:24.192 26766 26832 I VkSuggestions: decode typedLen=2 candidates=18 locales=3 26,7ms
06-09 16:30:24.193 26766 26832 W VkSuggestions: slow frame 26,7ms locales=3 typedLen=2 candidates=18 parallelWait=26,2ms
06-09 16:30:24.207 26766 26832 W VibeKeyProfiler: Slow Native Suggest: Total=10.42ms | Init=0.12ms | TrieExpand(x4)=10.25ms | Scoring=0.05ms | inputSize=9
06-09 16:30:24.229 26766 26832 W VibeKeyProfiler: Slow Native Suggest: Total=10.50ms | Init=0.09ms | TrieExpand(x4)=10.37ms | Scoring=0.05ms | inputSize=9
06-09 16:30:24.243 26766 26832 W VibeKeyProfiler: Slow Native Suggest: Total=10.94ms | Init=0.09ms | TrieExpand(x4)=10.80ms | Scoring=0.05ms | inputSize=9
06-09 16:30:24.250 26766 26832 I VkSuggestions: decode typedLen=0 candidates=18 locales=3 55,3ms
06-09 16:30:24.250 26766 26832 W VkSuggestions: slow frame 55,3ms locales=3 typedLen=0 candidates=18 parallelWait=55,0ms
06-09 16:30:24.440 26766 26832 W VibeKeyProfiler: Slow Native Suggest: Total=8.73ms | Init=0.10ms | TrieExpand(x8)=8.57ms | Scoring=0.05ms | inputSize=3
06-09 16:30:24.458 26766 26832 W VibeKeyProfiler: Slow Native Suggest: Total=8.66ms | Init=0.10ms | TrieExpand(x8)=8.50ms | Scoring=0.05ms | inputSize=3
06-09 16:30:24.479 26766 26832 W VibeKeyProfiler: Slow Native Suggest: Total=16.59ms | Init=0.10ms | TrieExpand(x8)=16.43ms | Scoring=0.05ms | inputSize=3
06-09 16:30:24.485 26766 26832 I VkSuggestions: decode typedLen=3 candidates=18 locales=3 54,7ms
06-09 16:30:24.486 26766 26832 W VkSuggestions: slow frame 54,7ms locales=3 typedLen=3 candidates=18 parallelWait=54,3ms
06-09 16:30:24.516 26766 26832 W VibeKeyProfiler: Slow Native Suggest: Total=27.81ms | Init=0.16ms | TrieExpand(x4)=27.63ms | Scoring=0.02ms | inputSize=23
06-09 16:30:24.529 26766 26832 I VkSuggestions: decode typedLen=0 candidates=18 locales=3 42,6ms
06-09 16:30:24.529 26766 26832 W VkSuggestions: slow frame 42,6ms locales=3 typedLen=0 candidates=18 parallelWait=42,4ms
06-09 16:30:24.631 26766 26832 W VibeKeyProfiler: Slow Native Suggest: Total=12.16ms | Init=0.10ms | TrieExpand(x7)=12.01ms | Scoring=0.05ms | inputSize=3
06-09 16:30:24.641 26766 26832 W VibeKeyProfiler: Slow Native Suggest: Total=9.36ms | Init=0.10ms | TrieExpand(x13)=9.25ms | Scoring=0.02ms | inputSize=3
06-09 16:30:25.366 26766 26832 W VibeKeyProfiler: Slow Native Suggest: Total=12.46ms | Init=0.15ms | TrieExpand(x7)=12.29ms | Scoring=0.02ms | inputSize=3
06-09 16:30:25.371 26766 26832 I VkSuggestions: decode typedLen=3 candidates=18 locales=3 754,3ms
06-09 16:30:25.372 26766 26832 W VkSuggestions: slow frame 754,3ms locales=3 typedLen=3 candidates=18 parallelWait=754,2ms
06-09 16:30:25.394 26766 26832 I VkSuggestions: decode typedLen=0 candidates=18 locales=3 21,9ms
06-09 16:30:25.394 26766 26832 W VkSuggestions: slow frame 21,9ms locales=3 typedLen=0 candidates=18 parallelWait=21,8ms
06-09 16:30:25.409 26766 26832 I VkSuggestions: decode typedLen=3 candidates=18 locales=3 13,1ms
06-09 16:30:25.426 26766 26832 I VkSuggestions: decode typedLen=0 candidates=18 locales=3 16,6ms
06-09 16:30:25.426 26766 26832 W VkSuggestions: slow frame 16,6ms locales=3 typedLen=0 candidates=18 parallelWait=16,5ms
06-09 16:30:25.442 26766 26766 I VkSwipe : ✓ gesture points=39 decodedLen=3 candidates=12 top=JFK 1350ms
06-09 16:30:26.225 26766 26766 E RichInputConnection: Unable to connect to the editor to retrieve text.
06-09 16:30:26.231 26766 26766 E RichInputConnection: Unable to connect to the editor to retrieve text.
06-09 16:30:26.231 26766 26766 W RichInputConnection: Unable to connect to the editor. Setting caps mode without knowing text.
06-09 16:30:26.242 26766 26766 I VkTyping: ▶ open restart=false pkg=com.android.launcher inputType=589825
06-09 16:30:27.357 26766 26832 W VibeKeyProfiler: Slow Native Suggest: Total=9.78ms | Init=0.10ms | TrieExpand(x5)=9.63ms | Scoring=0.05ms | inputSize=3
06-09 16:30:27.369 26766 26832 I VkSuggestions: decode typedLen=3 candidates=18 locales=3 21,6ms
06-09 16:30:27.369 26766 26832 W VkSuggestions: slow frame 21,6ms locales=3 typedLen=3 candidates=18 parallelWait=21,4ms
06-09 16:30:27.374 26766 26832 I VkSuggestions: strip composing typedLen=3 candidates=15 autocorrect=false top=JFK locale=pt
06-09 16:30:27.596 25487 25510 I OnDeviceAssist: warm ok model=qwen2.5-0.5b-instruct-q4_0.gguf ambient=36 chars 0ms
06-09 16:30:27.800 26766 26766 I SpaceAssistPopup: ○ send ready=false outChars=0
06-09 16:30:27.800 26766 26766 I VkSwipe : ▶ gesture started locale=pt-BR
06-09 16:30:27.832 26766 26832 I VkSuggestions: decode typedLen=0 candidates=18 locales=3 29,0ms
06-09 16:30:27.832 26766 26832 W VkSuggestions: slow frame 29,0ms locales=3 typedLen=0 candidates=18 parallelWait=28,9ms
06-09 16:30:27.948 26766 26832 I VkSuggestions: decode typedLen=3 candidates=18 locales=3 13,7ms
06-09 16:30:27.964 26766 26832 I VkSuggestions: decode typedLen=0 candidates=18 locales=3 16,0ms
06-09 16:30:28.041 26766 26832 I VkSuggestions: decode typedLen=3 candidates=18 locales=3 14,1ms
06-09 16:30:28.058 26766 26832 I VkSuggestions: decode typedLen=0 candidates=18 locales=3 16,4ms
06-09 16:30:28.058 26766 26832 W VkSuggestions: slow frame 16,4ms locales=3 typedLen=0 candidates=18 parallelWait=16,2ms
06-09 16:30:28.078 26766 26766 I VkSwipe : ✓ gesture points=11 decodedLen=2 candidates=15 top=hk 278ms
06-09 16:30:28.079 25487 25510 I OnDeviceAssist: warm ok model=qwen2.5-0.5b-instruct-q4_0.gguf ambient=36 chars 0ms
06-09 16:30:28.767 26766 26766 I SpaceAssistPopup: ○ send ready=false outChars=0
06-09 16:30:28.768 26766 26766 I VkSwipe : ▶ gesture started locale=pt-BR
06-09 16:30:28.795 26766 26832 I VkSuggestions: decode typedLen=0 candidates=17 locales=3 24,9ms
06-09 16:30:28.795 26766 26832 W VkSuggestions: slow frame 24,9ms locales=3 typedLen=0 candidates=17 parallelWait=24,8ms
06-09 16:30:28.902 26766 26832 I VkSuggestions: decode typedLen=2 candidates=18 locales=3 15,1ms
06-09 16:30:28.922 26766 26832 I VkSuggestions: decode typedLen=0 candidates=18 locales=3 19,1ms
06-09 16:30:28.922 26766 26832 W VkSuggestions: slow frame 19,1ms locales=3 typedLen=0 candidates=18 parallelWait=19,0ms
06-09 16:30:28.940 26766 26832 I VkSuggestions: decode typedLen=2 candidates=18 locales=3 13,2ms
06-09 16:30:28.942 26766 26832 I VkSuggestions: decode typedLen=0 candidates=18 locales=3 1,6ms
06-09 16:30:28.950 26766 26766 I VkSwipe : ✓ gesture points=12 decodedLen=2 candidates=13 top=DW 182ms
06-09 16:30:29.419 26766 26766 I SpaceAssistPopup: ○ send ready=false outChars=0
06-09 16:30:29.419 26766 26766 I VkSwipe : ▶ gesture started locale=pt-BR
06-09 16:30:29.441 26766 26832 W VkSuggestions: slow frame 19,4ms locales=3 typedLen=0 candidates=18 parallelWait=19,3ms
06-09 16:30:29.556 26766 26832 I VkSuggestions: decode typedLen=2 candidates=18 locales=3 18,6ms
06-09 16:30:29.557 26766 26832 W VkSuggestions: slow frame 18,6ms locales=3 typedLen=2 candidates=18 parallelWait=18,4ms
06-09 16:30:29.574 26766 26832 I VkSuggestions: decode typedLen=0 candidates=18 locales=3 17,3ms
06-09 16:30:29.574 26766 26832 W VkSuggestions: slow frame 17,3ms locales=3 typedLen=0 candidates=18 parallelWait=17,2ms
06-09 16:30:29.770 26766 26832 I VkSuggestions: decode typedLen=3 candidates=18 locales=3 13,9ms
06-09 16:30:29.791 26766 26832 I VkSuggestions: decode typedLen=0 candidates=18 locales=3 19,7ms
06-09 16:30:29.791 26766 26832 W VkSuggestions: slow frame 19,7ms locales=3 typedLen=0 candidates=18 parallelWait=19,6ms
06-09 16:30:29.991 26766 26832 I VkSuggestions: decode typedLen=4 candidates=18 locales=3 17,3ms
06-09 16:30:29.991 26766 26832 W VkSuggestions: slow frame 17,3ms locales=3 typedLen=4 candidates=18 parallelWait=17,2ms
06-09 16:30:30.011 26766 26832 I VkSuggestions: decode typedLen=0 candidates=18 locales=3 19,8ms
06-09 16:30:30.012 26766 26832 W VkSuggestions: slow frame 19,8ms locales=3 typedLen=0 candidates=18 parallelWait=19,7ms
06-09 16:30:30.027 26766 26832 I VkSuggestions: decode typedLen=4 candidates=18 locales=3 12,9ms
06-09 16:30:30.044 26766 26832 I VkSuggestions: decode typedLen=0 candidates=18 locales=3 16,4ms
06-09 16:30:30.044 26766 26832 W VkSuggestions: slow frame 16,4ms locales=3 typedLen=0 candidates=18 parallelWait=16,3ms
06-09 16:30:30.062 26766 26766 I VkSwipe : ✓ gesture points=49 decodedLen=4 candidates=17 top=agir 643ms
06-09 16:30:30.826 26766 26766 I SpaceAssistPopup: ○ typing idle scheduled
06-09 16:30:31.062 27250 27250 E libcrashpad_handler_trampoline.so: createInstance(64bit) : createExtendedFactory
06-09 16:30:31.064 27250 27250 E libcrashpad_handler_trampoline.so: createInstance(64bit) : createExtendedFactory
06-09 16:30:31.064 27250 27250 E libcrashpad_handler_trampoline.so: Opened libinputextensionsimpl.so
06-09 16:30:31.064 27250 27250 E libcrashpad_handler_trampoline.so: Opened libinputextensionsimpl.so
06-09 16:30:31.065 27250 27250 E libcrashpad_handler_trampoline.so: createInstance(64bit) : createExtendedFactory
06-09 16:30:31.065 27250 27250 E libcrashpad_handler_trampoline.so: createInstance(64bit) : createExtendedFactory
06-09 16:30:31.065 27250 27250 E libcrashpad_handler_trampoline.so: Opened libsensorextimpl.so
06-09 16:30:31.065 27250 27250 E libcrashpad_handler_trampoline.so: Opened libsensorextimpl.so
06-09 16:30:31.252 26766 26832 F libc    : Fatal signal 7 (SIGBUS), code 2 (BUS_ADRERR), fault addr 0x766603578c in tid 26832 (d), pid 26766 (AndroidUI)
06-09 16:30:31.290 26766 26766 W b       : Suggestion generation timed out
06-09 16:30:31.302 26766 26766 I SpaceAssistPopup: ○ typing idle scheduled
06-09 16:30:31.309 26766 26766 I SpaceAssistPopup: ○ typing idle scheduled
06-09 16:30:31.317 27254 27254 E DEBUG   : failed to readlink /proc/26832/fd/295: No such file or directory
06-09 16:30:31.318 27254 27254 E DEBUG   : failed to readlink /proc/26832/fd/296: No such file or directory
06-09 16:30:31.423 27254 27254 E DEBUG   : failed to read /proc/uptime: Permission denied
06-09 16:30:31.433 26766 27259 E ibekey.keyboar: Attempt to load writable dex file: /data/user/0/com.vibekey.keyboard/app_pccache/5/C571D7DB2E7379E33F5626D87812BBADE73E9BAD/pcam.jar
06-09 16:30:31.444 26766 27281 W Ads     : Invoke Firebase method getInstance error.
06-09 16:30:31.444 26766 27281 W Ads     : The Google Mobile Ads SDK will not integrate with Firebase. Admob/Firebase integration requires the latest Firebase SDK jar, but Firebase SDK is either missing or out of date
06-09 16:30:31.452 26766 27255 W ServiceBindIntentUtils: Dynamic lookup for intent failed for action: com.google.android.gms.ads.service.CACHE
06-09 16:30:31.451 26766 26766 W AdWorker(Defaul: type=1400 audit(0.0:305735): avc: granted { execute } for path="/data/data/com.vibekey.keyboard/app_pccache/5/C571D7DB2E7379E33F5626D87812BBADE73E9BAD/pcam.jar" dev="dm-2" ino=131886 scontext=u:r:untrusted_app:s0:c186,c271,c512,c768 tcontext=u:object_r:app_data_file:s0:c186,c271,c512,c768 tclass=file app=com.vibekey.keyboard
06-09 16:30:31.529 26766 27275 W Ads     : Not retrying to fetch app settings
06-09 16:30:31.529 26766 27277 W Ads     : Not retrying to fetch app settings
06-09 16:30:31.530 26766 27297 W ServiceBindIntentUtils: Dynamic lookup for intent failed for action: com.google.android.gms.ads.service.START
06-09 16:30:31.772 26766 26766 W b       : Suggestion generation timed out
06-09 16:30:31.793 26766 26766 I SpaceAssistPopup: ○ typing idle scheduled
06-09 16:30:31.813 26766 26766 I SpaceAssistPopup: ○ typing idle scheduled
06-09 16:30:31.830 26766 26766 I SpaceAssistPopup: ○ typing idle scheduled
06-09 16:30:32.068 27254 27254 F DEBUG   : Process name is com.vibekey.keyboard, not key_process
06-09 16:30:32.068 27254 27254 F DEBUG   : keyProcess: 0
06-09 16:30:32.068 27254 27254 F DEBUG   : *** *** *** *** *** *** *** *** *** *** *** *** *** *** *** ***
06-09 16:30:32.068 27254 27254 F DEBUG   : Build fingerprint: 'OnePlus/OnePlus7Pro/OnePlus7Pro:12/SKQ1.211113.001/P.202303230244:user/release-keys'
06-09 16:30:32.068 27254 27254 F DEBUG   : Revision: '0'
06-09 16:30:32.068 27254 27254 F DEBUG   : ABI: 'arm64'
06-09 16:30:32.068 27254 27254 F DEBUG   : Timestamp: 2026-06-09 16:30:31.423176415-0400
06-09 16:30:32.068 27254 27254 F DEBUG   : Process uptime: 0s
06-09 16:30:32.068 27254 27254 F DEBUG   : Cmdline: com.vibekey.keyboard
06-09 16:30:32.068 27254 27254 F DEBUG   : pid: 26766, tid: 26832, name: d  >>> com.vibekey.keyboard <<<
06-09 16:30:32.068 27254 27254 F DEBUG   : uid: 14026
06-09 16:30:32.068 27254 27254 F DEBUG   : signal 7 (SIGBUS), code 2 (BUS_ADRERR), fault addr 0x766603578c
06-09 16:30:32.068 27254 27254 F DEBUG   :     x0  0000000000000000  x1  00000000000068d0  x2  0000000000000007  x3  000000768a60ada0
06-09 16:30:32.069 27254 27254 F DEBUG   :     x4  000000768a60a6a8  x5  000000768a60a6a8  x6  000000768a60a6a8  x7  0000000000000000
06-09 16:30:32.069 27254 27254 F DEBUG   :     x8  00000000000000f0  x9  db746b027190efc7  x10 0000000000004001  x11 0000000000000000
06-09 16:30:32.069 27254 27254 F DEBUG   :     x12 00000000ffffffff  x13 0000000000000000  x14 b4000074eacb9e08  x15 00000000358637bd
06-09 16:30:32.069 27254 27254 F DEBUG   :     x16 000000757ca3ad18  x17 00000076790b8f10  x18 000000755f132000  x19 0000000000000007
06-09 16:30:32.069 27254 27254 F DEBUG   :     x20 000000768a60ada0  x21 000000000000688e  x22 000000768a60ad00  x23 0000000000000001
06-09 16:30:32.069 27254 27254 F DEBUG   :     x24 b40000740c6c1580  x25 b4000075c4f5b610  x26 0000000000075300  x27 b40000740c6bd0c0
06-09 16:30:32.069 27254 27254 F DEBUG   :     x28 0000000000000000  x29 000000768a60ad20
06-09 16:30:32.069 27254 27254 F DEBUG   :     lr  0000007576c697f8  sp  000000768a60ad00  pc  00000076790b8f34  pst 0000000000000000
06-09 16:30:32.069 27254 27254 F DEBUG   : backtrace:
06-09 16:30:32.069 27254 27254 F DEBUG   :       #00 pc 0000000000075f34  /apex/com.android.runtime/lib64/bionic/libc.so (syscall+36) (BuildId: bbbdeb7c87c74f1491f92c6e605095b0)
06-09 16:30:32.069 27254 27254 F DEBUG   :       #01 pc 00000000040587f4  /data/app/~~ukACh23KqzhC02schODZ5g==/com.google.android.webview-qsLJ1HFxFSLtbdE1YBqHuA==/base.apk!libwebviewchromium.so (BuildId: f4154d1d3a9b37880ffb62018a1d86e977877475)
06-09 16:30:32.069 27254 27254 F DEBUG   :       #02 pc 000000000404ef70  /data/app/~~ukACh23KqzhC02schODZ5g==/com.google.android.webview-qsLJ1HFxFSLtbdE1YBqHuA==/base.apk!libwebviewchromium.so (BuildId: f4154d1d3a9b37880ffb62018a1d86e977877475)
06-09 16:30:32.069 27254 27254 F DEBUG   :       #03 pc 0000000000000638  [vdso] (__kernel_rt_sigreturn+0)
06-09 16:30:32.069 27254 27254 F DEBUG   :       #04 pc 00000000000b62f4  /data/app/~~v-oYNtoyHwIRm8dCqO6QHA==/com.vibekey.keyboard-tGr8-m6JM8o5zr5lg-Nc2w==/lib/arm64/libjni_latinime.so (latinime::PatriciaTrieReadingUtils::getPtNodeArraySizeAndAdvancePosition(unsigned char const*, int, int*)+44) (BuildId: f905dbd1a904967a994cf833116e517b05caa863)
06-09 16:30:32.069 27254 27254 F DEBUG   :       #05 pc 00000000000b6c2c  /data/app/~~v-oYNtoyHwIRm8dCqO6QHA==/com.vibekey.keyboard-tGr8-m6JM8o5zr5lg-Nc2w==/lib/arm64/libjni_latinime.so (latinime::PatriciaTriePolicy::createAndGetAllChildDicNodes(latinime::DicNode const*, latinime::DicNodeVector*) const+112) (BuildId: f905dbd1a904967a994cf833116e517b05caa863)
06-09 16:30:32.069 27254 27254 F DEBUG   :       #06 pc 00000000000d598c  /data/app/~~v-oYNtoyHwIRm8dCqO6QHA==/com.vibekey.keyboard-tGr8-m6JM8o5zr5lg-Nc2w==/lib/arm64/libjni_latinime.so (latinime::Suggest::processDicNodeAsOmission(latinime::DicTraverseSession*, latinime::DicNode*) const+84) (BuildId: f905dbd1a904967a994cf833116e517b05caa863)
06-09 16:30:32.069 27254 27254 F DEBUG   :       #07 pc 00000000000d4a88  /data/app/~~v-oYNtoyHwIRm8dCqO6QHA==/com.vibekey.keyboard-tGr8-m6JM8o5zr5lg-Nc2w==/lib/arm64/libjni_latinime.so (latinime::Suggest::expandCurrentDicNodes(latinime::DicTraverseSession*) const+1732) (BuildId: f905dbd1a904967a994cf833116e517b05caa863)
06-09 16:30:32.069 27254 27254 F DEBUG   :       #08 pc 00000000000d3c0c  /data/app/~~v-oYNtoyHwIRm8dCqO6QHA==/com.vibekey.keyboard-tGr8-m6JM8o5zr5lg-Nc2w==/lib/arm64/libjni_latinime.so (latinime::Suggest::getSuggestions(latinime::ProximityInfo*, void*, int*, int*, int*, int*, int*, int, float, latinime::SuggestionResults*) const+504) (BuildId: f905dbd1a904967a994cf833116e517b05caa863)
06-09 16:30:32.069 27254 27254 F DEBUG   :       #09 pc 000000000009fd88  /data/app/~~v-oYNtoyHwIRm8dCqO6QHA==/com.vibekey.keyboard-tGr8-m6JM8o5zr5lg-Nc2w==/lib/arm64/libjni_latinime.so (BuildId: f905dbd1a904967a994cf833116e517b05caa863)
06-09 16:30:32.069 27254 27254 F DEBUG   :       #10 pc 00000000002c2100  /apex/com.android.art/lib64/libart.so (art_quick_generic_jni_trampoline+144) (BuildId: 7087b2f2160bfbf3335d54ba9779e325)
06-09 16:30:32.069 27254 27254 F DEBUG   :       #11 pc 000000000201e9dc  /memfd:jit-cache (deleted)
06-09 16:30:33.266 27432 27432 E ibekey.keyboar: Unknown bits set in runtime_flags: 0x40000000
06-09 16:30:33.368 27432 27432 W f0      : Could not load system glide typing library jni_latinimegoogle: dlopen failed: library "libjni_latinimegoogle.so" not found
06-09 16:30:33.459 27432 27432 W u       : No editor info for this field. Bug?
06-09 16:30:33.470 27432 27432 I VkMultilingual: reset main=pt-BR locales=[pt-BR,es-419,fr-CH] count=3
06-09 16:30:33.509 27432 27432 W ibekey.keyboar: ClassLoaderContext classpath size mismatch. expected=1, found=0 (DLC[];PCL[base.apk*116719914]{PCL[/system/framework/org.apache.http.legacy.jar*3034548894]#PCL[/apex/com.android.extservices/javalib/android.ext.adservices.jar*3839736497]#PCL[/system/framework/com.android.location.provider.jar*3633238672]#PCL[/system/framework/com.android.media.remotedisplay.jar*3472798123]#PCL[/apex/com.android.extservices/javalib/android.ext.adservices.jar*3839736497]} | DLC[];PCL[])
06-09 16:30:33.518 27432 27432 W System  : ClassLoader referenced unknown path: 
06-09 16:30:33.522 27432 27432 W ibekey.keyboar: ClassLoaderContext classpath element checksum mismatch. expected=116719914, found=464099867 (DLC[];PCL[base.apk*116719914]{PCL[/system/framework/org.apache.http.legacy.jar*3034548894]#PCL[/apex/com.android.extservices/javalib/android.ext.adservices.jar*3839736497]#PCL[/system/framework/com.android.location.provider.jar*3633238672]#PCL[/system/framework/com.android.media.remotedisplay.jar*3472798123]#PCL[/apex/com.android.extservices/javalib/android.ext.adservices.jar*3839736497]} | DLC[];PCL[/data/app/~~v-oYNtoyHwIRm8dCqO6QHA==/com.vibekey.keyboard-tGr8-m6JM8o5zr5lg-Nc2w==/base.apk*464099867]{PCL[/apex/com.android.extservices/javalib/android.ext.adservices.jar*3839736497]})
06-09 16:30:33.585 27432 27432 E ibekey.keyboar: ofbOpen failed with error=No such file or directory
06-09 16:30:33.585 27432 27432 E ibekey.keyboar: sysOpen failed with error=No such file or directory
06-09 16:30:33.606 27432 27528 W Ads     : Update ad debug logging enablement as false
06-09 16:30:33.620 27432 27432 E MultiApp.Impl: OplusMultiAppImpl
06-09 16:30:33.698 27432 27589 W libc    : Access denied finding property "ro.vendor.api_level"
06-09 16:30:33.704 27432 27432 W chromium: [WARNING:android_webview/browser/network_service/net_helpers.cc:137] HTTP Cache size is: 20971520
06-09 16:30:33.779 27432 27432 I VkSwipe : ○ gesture canceled
06-09 16:30:33.786 27432 27625 W libc    : Access denied finding property "vendor.camera.aux.packagelist"
06-09 16:30:33.786 27432 27625 W libc    : Access denied finding property "vendor.camera.aux.packagelist"
06-09 16:30:33.788 27432 27446 W libc    : Access denied finding property "vendor.camera.aux.packagelist"
06-09 16:30:33.792 27432 27432 E OplusCustomizeRestrictionManager: sInstance is null, start a new sInstance
06-09 16:30:33.867 27432 27432 I SpaceAssistPopup: ○ send ready=false outChars=0
06-09 16:30:33.882 27432 27432 I VkTyping: ▶ open restart=false pkg=com.android.launcher inputType=589825
06-09 16:30:34.004 27432 27598 W cr_media: BLUETOOTH_CONNECT permission is missing.
06-09 16:30:34.005 27432 27598 W cr_media: getBluetoothAdapter() requires BLUETOOTH permission
06-09 16:30:34.005 27432 27598 W cr_media: registerBluetoothIntentsIfNeeded: Requires BLUETOOTH permission
06-09 16:30:34.025 27432 27432 W View    : requestLayout() improperly called by android.widget.LinearLayout{e8c6199 V.E...... ......ID 0,1868-1440,2818 #7f0a010d app:id/input_view_keyboard_column} during layout: running second layout pass
06-09 16:30:34.025 27432 27432 W View    : requestLayout() improperly called by android.widget.LinearLayout{cd85c5e V.E...... ......ID 0,0-1440,950 #7f0a011c app:id/main_keyboard_frame} during layout: running second layout pass
06-09 16:30:34.124 27432 27547 E BLASTBufferQueue: BLASTBufferItemConsumer::onDisconnect()
06-09 16:30:34.155 27432 27615 W AudioCapabilities: Unsupported mime audio/ffmpeg
06-09 16:30:34.155 27432 27615 W VideoCapabilities: Unsupported mime video/ffmpeg
06-09 16:30:34.156 27432 27615 W VideoCapabilities: Unrecognized profile/level 0/3 for video/mpeg2
06-09 16:30:34.156 27432 27615 W VideoCapabilities: Unrecognized profile/level 0/3 for video/mpeg2
06-09 16:30:34.172 27432 27662 W Settings: Setting animator_duration_scale has moved from android.provider.Settings.System to android.provider.Settings.Global, returning read-only global URI.
06-09 16:30:34.186 27432 27662 E GeckoLibLoad: Load sqlite start
06-09 16:30:34.188 27432 27662 E GeckoLibLoad: Load sqlite done
06-09 16:30:34.188 27432 27662 E GeckoLibLoad: Load nss start
06-09 16:30:34.188 27432 27662 E GeckoLibLoad: Load nss done
06-09 16:30:34.198 27432 27662 E GeckoLibLoad: Loaded libs in 9.631771ms total, 0ms(15ms) user, 8ms(18ms) system, 0(0) faults
06-09 16:30:34.199 27432 27662 W GeckoThread: zerdatime 713877060 - runGecko
06-09 16:30:34.261 27432 27432 W com.vibekey.keyboard: type=1400 audit(0.0:305736): avc: denied { bind } for comm=4E65746C696E6B204D6F6E69746F72 scontext=u:r:untrusted_app:s0:c186,c271,c512,c768 tcontext=u:r:untrusted_app:s0:c186,c271,c512,c768 tclass=netlink_route_socket permissive=0 bug=b/155595000 app=com.vibekey.keyboard
06-09 16:30:34.287 27432 27662 E ibekey.keyboar: hiddenapi: Accessing hidden field Ljava/lang/Boolean;->value:Z (runtime_flags=0, domain=core-platform, api=max-target-p) from Lorg/mozilla/gecko/GeckoThread; (domain=app, TargetSdkVersion=35) using JNI: denied
06-09 16:30:34.287 27432 27662 E ibekey.keyboar: hiddenapi: Accessing hidden field Ljava/lang/Integer;->value:I (runtime_flags=0, domain=core-platform, api=max-target-p) from Lorg/mozilla/gecko/GeckoThread; (domain=app, TargetSdkVersion=35) using JNI: denied
06-09 16:30:34.287 27432 27662 E ibekey.keyboar: hiddenapi: Accessing hidden field Ljava/lang/Long;->value:J (runtime_flags=0, domain=core-platform, api=max-target-p) from Lorg/mozilla/gecko/GeckoThread; (domain=app, TargetSdkVersion=35) using JNI: denied
06-09 16:30:34.287 27432 27662 E ibekey.keyboar: hiddenapi: Accessing hidden field Ljava/lang/Double;->value:D (runtime_flags=0, domain=core-platform, api=max-target-p) from Lorg/mozilla/gecko/GeckoThread; (domain=app, TargetSdkVersion=35) using JNI: denied
06-09 16:30:34.390 27693 27693 E .keyboard:tab3: Unknown bits set in runtime_flags: 0x40000000
06-09 16:30:34.584 25487 25509 I OnDeviceAssist: warm ok model=qwen2.5-0.5b-instruct-q4_0.gguf ambient=40 chars 0ms
06-09 16:30:34.973 25487 25510 I OnDeviceAssist: warm ok model=qwen2.5-0.5b-instruct-q4_0.gguf ambient=40 chars 0ms
06-09 16:30:35.087 27432 27432 I SpaceAssistPopup: ○ send ready=false outChars=0
06-09 16:30:35.087 27432 27432 I VkPanels: ▶ open menu
06-09 16:30:36.347 27432 27432 I VkTyping: ○ hidden
06-09 16:30:36.450 27432 27432 W Settings: Setting transition_animation_scale has moved from android.provider.Settings.System to android.provider.Settings.Global, returning read-only value.
06-09 16:30:41.278 27432 27547 E BLASTBufferQueue: BLASTBufferItemConsumer::onDisconnect()
06-09 16:30:41.661 27432 27547 E BLASTBufferQueue: BLASTBufferItemConsumer::onDisconnect()

... (1 VkEffects reload lines omitted)

=== Feature activity (persisted across restarts) ===
2026-06-09 16:25:05.752196 I VkFavorites: save card Bitcoin Vibe activate=false
2026-06-09 16:25:05.821545 I VkFavorites: save card Doge Meme activate=false
2026-06-09 16:25:05.889784 I VkFavorites: save card Ethereum Vibes activate=false
2026-06-09 16:25:05.941876 I VkFavorites: save card India Popular City activate=false
2026-06-09 16:25:06.021625 I VkFavorites: save card Miami Beach Crypto activate=false
2026-06-09 16:25:06.091124 I VkFavorites: save card Nike Sneakers Crypto activate=false
2026-06-09 16:25:06.140766 I VkFavorites: save card Pepe Meme Frog activate=false
2026-06-09 16:25:06.199177 I VkFavorites: save card Times Square NFT activate=false
2026-06-09 16:25:06.252031 I VkMultilingual: reset main=pt-BR locales=[pt-BR] count=1
2026-06-09 16:25:15.782072 I VkSwipe: ○ gesture canceled
2026-06-09 16:25:15.794233 I VkEffects: reload anim=scale blur=562px glow=true stickers=true
2026-06-09 16:25:15.874463 I SpaceAssistPopup: ○ send ready=false outChars=0
2026-06-09 16:25:15.889887 I VkTyping: ▶ open restart=false pkg=com.android.launcher inputType=589825
2026-06-09 16:26:22.578450 I VkTyping: ▶ open restart=false pkg=com.android.launcher inputType=589825
2026-06-09 16:26:24.721960 I SpaceAssistPopup: ○ send ready=false outChars=0
2026-06-09 16:26:24.722254 I VkPanels: ▶ open menu
2026-06-09 16:26:25.808459 I VkMultilingual: menu languages total=1
2026-06-09 16:26:35.187024 I VkMultilingual: reset main=pt-BR locales=[pt-BR,es-419] count=2
2026-06-09 16:26:37.447737 I VkSuggestions: decode typedLen=1 candidates=18 locales=2 24,3ms
2026-06-09 16:26:37.448060 W VkSuggestions: slow frame 24,3ms locales=2 typedLen=1 candidates=18 parallelWait=24,2ms
2026-06-09 16:26:37.450507 I VkSuggestions: strip composing typedLen=1 candidates=18 autocorrect=false top=n locale=pt
2026-06-09 16:26:37.550168 I SpaceAssistPopup: ○ typing idle scheduled
2026-06-09 16:26:37.663732 I SpaceAssistPopup: ○ typing idle scheduled
2026-06-09 16:26:37.784179 I VkSuggestions: decode typedLen=3 candidates=18 locales=2 18,6ms
2026-06-09 16:26:37.784700 W VkSuggestions: slow frame 18,6ms locales=2 typedLen=3 candidates=18 parallelWait=18,5ms
2026-06-09 16:26:37.786993 I VkSuggestions: strip composing typedLen=3 candidates=16 autocorrect=false top=nic locale=pt
2026-06-09 16:26:37.914580 I SpaceAssistPopup: ○ typing idle scheduled
2026-06-09 16:26:38.012569 I VkSuggestions: decode typedLen=4 candidates=18 locales=2 12,3ms
2026-06-09 16:26:38.014342 I VkSuggestions: strip composing typedLen=4 candidates=16 autocorrect=false top=nice locale=pt
2026-06-09 16:26:38.031850 I VkAutocorrect: kept (typing): nice
2026-06-09 16:26:38.032785 I SpaceAssistPopup: ○ typing idle scheduled
2026-06-09 16:26:38.145715 I VkSuggestions: strip prediction typedLen=0 candidates=1 autocorrect=false top=nice locale=pt
2026-06-09 16:26:38.587632 I SpaceAssistPopup: ▶ generate prompt shown fieldChars=5
2026-06-09 16:26:38.588126 I SpaceAssistPopup: ▶ overlay show: generate_prompt
2026-06-09 16:26:38.748775 I SpaceAssistPopup: ○ typing idle scheduled
2026-06-09 16:26:38.870975 I VkSuggestions: decode typedLen=1 candidates=18 locales=2 20,3ms
2026-06-09 16:26:38.871311 W VkSuggestions: slow frame 20,3ms locales=2 typedLen=1 candidates=18 parallelWait=20,0ms
2026-06-09 16:26:38.873899 I VkSuggestions: strip composing typedLen=1 candidates=18 autocorrect=false top=t locale=pt
2026-06-09 16:26:38.881740 I SpaceAssistPopup: ○ typing idle scheduled
2026-06-09 16:26:38.995854 I VkSuggestions: decode typedLen=2 candidates=18 locales=2 12,8ms
2026-06-09 16:26:38.997034 I VkSuggestions: strip composing typedLen=2 candidates=17 autocorrect=false top=to locale=pt
2026-06-09 16:26:39.157459 I VkAutocorrect: kept (typing): to
2026-06-09 16:26:39.158192 I SpaceAssistPopup: ○ overlay hide: typing
2026-06-09 16:26:39.160111 I SpaceAssistPopup: ○ typing idle scheduled
2026-06-09 16:26:39.259731 I VkSuggestions: strip prediction typedLen=0 candidates=2 autocorrect=false top=to locale=pt
2026-06-09 16:26:39.332082 I SpaceAssistPopup: ○ typing idle scheduled
2026-06-09 16:26:39.451473 I VkSuggestions: decode typedLen=1 candidates=18 locales=2 15,7ms
2026-06-09 16:26:39.452457 I VkSuggestions: strip composing typedLen=1 candidates=17 autocorrect=false top=s locale=pt
2026-06-09 16:26:39.525533 I SpaceAssistPopup: ○ typing idle scheduled
2026-06-09 16:26:39.639282 I VkSuggestions: decode typedLen=2 candidates=18 locales=2 13,3ms
2026-06-09 16:26:39.641724 I VkSuggestions: strip composing typedLen=2 candidates=13 autocorrect=false top=ss locale=pt
2026-06-09 16:26:39.675645 I SpaceAssistPopup: ○ typing idle scheduled
2026-06-09 16:26:39.791487 I VkSuggestions: decode typedLen=3 candidates=18 locales=2 15,2ms
2026-06-09 16:26:39.794561 I VkSuggestions: strip composing typedLen=3 candidates=17 autocorrect=false top=ssw locale=pt
2026-06-09 16:26:40.231894 I SpaceAssistPopup: ▶ generate prompt shown fieldChars=11
2026-06-09 16:26:40.232232 I SpaceAssistPopup: ▶ overlay show: generate_prompt
2026-06-09 16:26:41.557768 I SpaceAssistPopup: ○ overlay hide: typing
2026-06-09 16:26:41.559861 I SpaceAssistPopup: ○ typing idle scheduled
2026-06-09 16:26:41.600953 I SpaceAssistPopup: ○ typing idle scheduled
2026-06-09 16:26:41.672628 I SpaceAssistPopup: ○ typing idle scheduled
2026-06-09 16:26:41.735720 I SpaceAssistPopup: ○ typing idle scheduled
2026-06-09 16:26:41.772360 I SpaceAssistPopup: ○ typing idle scheduled
2026-06-09 16:26:41.838746 I SpaceAssistPopup: ○ typing idle scheduled
2026-06-09 16:26:41.897743 I SpaceAssistPopup: ○ typing idle scheduled
2026-06-09 16:26:41.925197 I SpaceAssistPopup: ○ typing idle scheduled
2026-06-09 16:26:41.975882 I SpaceAssistPopup: ○ typing idle scheduled
2026-06-09 16:26:42.024848 I SpaceAssistPopup: ○ typing idle scheduled
2026-06-09 16:26:42.215906 I SpaceAssistPopup: ○ typing idle scheduled
2026-06-09 16:26:42.242501 I SpaceAssistPopup: ○ typing idle scheduled
2026-06-09 16:26:42.282787 I SpaceAssistPopup: ○ typing idle scheduled
2026-06-09 16:26:42.320263 I VkSuggestions: strip prediction typedLen=0 candidates=2 autocorrect=false top=to locale=pt
2026-06-09 16:26:42.344050 I SpaceAssistPopup: ○ typing idle scheduled
2026-06-09 16:26:42.397538 I SpaceAssistPopup: ○ typing idle scheduled
2026-06-09 16:26:42.445676 I SpaceAssistPopup: ○ typing idle scheduled
2026-06-09 16:26:42.496237 I SpaceAssistPopup: ○ typing idle scheduled
2026-06-09 16:26:42.548386 I SpaceAssistPopup: ○ typing idle scheduled
2026-06-09 16:26:43.049313 I SpaceAssistPopup: ○ typing idle scheduled
2026-06-09 16:26:43.177625 I VkSuggestions: decode typedLen=1 candidates=18 locales=2 26,5ms
2026-06-09 16:26:43.177953 W VkSuggestions: slow frame 26,5ms locales=2 typedLen=1 candidates=18 parallelWait=26,4ms
2026-06-09 16:26:43.178790 I VkSuggestions: strip composing typedLen=1 candidates=19 autocorrect=false top=h locale=pt
2026-06-09 16:26:43.275479 I SpaceAssistPopup: ○ typing idle scheduled
2026-06-09 16:26:43.391849 I VkSuggestions: decode typedLen=2 candidates=18 locales=2 12,4ms
2026-06-09 16:26:43.393121 I VkSuggestions: strip composing typedLen=2 candidates=17 autocorrect=false top=ho locale=pt
2026-06-09 16:26:43.499430 I SpaceAssistPopup: ○ typing idle scheduled
2026-06-09 16:26:43.612333 I VkSuggestions: decode typedLen=3 candidates=18 locales=2 12,4ms
2026-06-09 16:26:43.613940 I VkSuggestions: strip composing typedLen=3 candidates=15 autocorrect=false top=hol locale=pt
2026-06-09 16:26:43.625800 I SpaceAssistPopup: ○ typing idle scheduled
2026-06-09 16:26:43.737324 I VkSuggestions: decode typedLen=4 candidates=18 locales=2 11,3ms
2026-06-09 16:26:43.739285 I VkSuggestions: strip composing typedLen=4 candidates=12 autocorrect=false top=hola locale=pt
2026-06-09 16:26:43.745928 I VkAutocorrect: kept (typing): hola
2026-06-09 16:26:43.746546 I SpaceAssistPopup: ○ typing idle scheduled
2026-06-09 16:26:43.850159 I VkSuggestions: strip prediction typedLen=0 candidates=3 autocorrect=false top=hola locale=pt
2026-06-09 16:26:44.302127 I SpaceAssistPopup: ▶ generate prompt shown fieldChars=5
2026-06-09 16:26:44.304279 I SpaceAssistPopup: ▶ overlay show: generate_prompt
2026-06-09 16:26:44.609218 I SpaceAssistPopup: ○ typing idle scheduled
2026-06-09 16:26:44.725191 I VkSuggestions: decode typedLen=1 candidates=18 locales=2 15,0ms
2026-06-09 16:26:44.725964 I VkSuggestions: strip composing typedLen=1 candidates=16 autocorrect=false top=m locale=pt
2026-06-09 16:26:44.801653 I SpaceAssistPopup: ○ overlay hide: typing
2026-06-09 16:26:44.802227 I SpaceAssistPopup: ○ typing idle scheduled
2026-06-09 16:26:44.930968 I VkSuggestions: decode typedLen=2 candidates=18 locales=2 27,6ms
2026-06-09 16:26:44.931682 W VkSuggestions: slow frame 27,6ms locales=2 typedLen=2 candidates=18 parallelWait=27,2ms
2026-06-09 16:26:44.934491 I VkSuggestions: strip composing typedLen=2 candidates=16 autocorrect=false top=ma locale=pt
2026-06-09 16:26:45.068959 I SpaceAssistPopup: ○ typing idle scheduled
2026-06-09 16:26:45.182357 I VkSuggestions: decode typedLen=3 candidates=18 locales=2 12,5ms
2026-06-09 16:26:45.184134 I VkAutocorrect: offered: mai → mai
