--------- beginning of system
06-02 23:35:15.773 15809 15809 E OplusCustomizeRestrictionManager: sInstance is null, start a new sInstance
06-02 23:36:10.264 15809 17483 E ActivityThread: Failed to find provider info for com.oplus.statistics.provider
06-02 23:36:10.264 15809 17483 E OplusStatistics--: IllegalArgumentException:java.lang.IllegalArgumentException: Unknown URL content://com.oplus.statistics.provider/track_event
06-02 23:37:13.219 15809 17483 E ActivityThread: Failed to find provider info for com.oplus.statistics.provider
06-02 23:37:13.219 15809 17483 E OplusStatistics--: IllegalArgumentException:java.lang.IllegalArgumentException: Unknown URL content://com.oplus.statistics.provider/track_event
06-02 23:38:31.036 22965 22965 E OplusCustomizeRestrictionManager: sInstance is null, start a new sInstance
06-02 23:38:47.658 23606 23606 E OplusCustomizeRestrictionManager: sInstance is null, start a new sInstance
06-02 23:39:22.972 25561 25561 E OplusCustomizeRestrictionManager: sInstance is null, start a new sInstance
06-02 23:39:52.091 25561 26203 E ActivityThread: Failed to find provider info for com.oplus.statistics.provider
06-02 23:39:52.091 25561 26203 E OplusStatistics--: IllegalArgumentException:java.lang.IllegalArgumentException: Unknown URL content://com.oplus.statistics.provider/track_event
--------- beginning of main
06-02 23:39:57.599 26764 26781 E GeckoLibLoad: Load nss done
06-02 23:39:57.601 25561 25561 W View    : requestLayout() improperly called by helium314.keyboard.latin.panels.BrowserPanelView{4218d67 V.E...... ........ 0,0-1440,2040} during second layout pass: posting in next frame
06-02 23:39:57.610 26764 26781 E GeckoLibLoad: Loaded libs in 10.395105ms total, 0ms(0ms) user, 2ms(9ms) system, 0(0) faults
06-02 23:39:57.610 26764 26781 W GeckoThread: zerdatime 134840471 - runGecko
06-02 23:39:57.613 25561 25561 W View    : requestLayout() improperly called by helium314.keyboard.latin.panels.BrowserPanelView{4218d67 V.E...... ......I. 0,0-1440,2040} during layout: running second layout pass
06-02 23:39:57.617 25561 25561 W View    : requestLayout() improperly called by helium314.keyboard.latin.panels.BrowserPanelView{4218d67 V.E...... ........ 0,0-1440,2040} during second layout pass: posting in next frame
06-02 23:39:57.629 25561 25561 W View    : requestLayout() improperly called by helium314.keyboard.latin.panels.BrowserPanelView{4218d67 V.E...... ......I. 0,0-1440,2040} during layout: running second layout pass
06-02 23:39:57.635 25561 25561 W View    : requestLayout() improperly called by helium314.keyboard.latin.panels.BrowserPanelView{4218d67 V.E...... ........ 0,0-1440,2040} during second layout pass: posting in next frame
06-02 23:39:57.646 25561 25561 W View    : requestLayout() improperly called by helium314.keyboard.latin.panels.BrowserPanelView{4218d67 V.E...... ......I. 0,0-1440,2040} during layout: running second layout pass
06-02 23:39:57.649 25561 25561 W View    : requestLayout() improperly called by helium314.keyboard.latin.panels.BrowserPanelView{4218d67 V.E...... ........ 0,0-1440,2040} during second layout pass: posting in next frame
06-02 23:39:57.663 25561 25561 W View    : requestLayout() improperly called by helium314.keyboard.latin.panels.BrowserPanelView{4218d67 V.E...... ......I. 0,0-1440,2040} during layout: running second layout pass
06-02 23:39:57.666 25561 25561 W View    : requestLayout() improperly called by helium314.keyboard.latin.panels.BrowserPanelView{4218d67 V.E...... ........ 0,0-1440,2040} during second layout pass: posting in next frame
06-02 23:39:57.680 25561 25561 W View    : requestLayout() improperly called by helium314.keyboard.latin.panels.BrowserPanelView{4218d67 V.E...... ......I. 0,0-1440,2040} during layout: running second layout pass
06-02 23:39:57.684 25561 25561 W View    : requestLayout() improperly called by helium314.keyboard.latin.panels.BrowserPanelView{4218d67 V.E...... ........ 0,0-1440,2040} during second layout pass: posting in next frame
06-02 23:39:57.690 26328 26346 E Isolated Web Content: [JavaScript Error: "Cookie “s_ac” has been rejected for invalid domain." {file: "https://www.cnn.com/" line: 0}]
06-02 23:39:57.696 25561 25561 W View    : requestLayout() improperly called by helium314.keyboard.latin.panels.BrowserPanelView{4218d67 V.E...... ......I. 0,0-1440,2040} during layout: running second layout pass
06-02 23:39:57.699 25561 25561 W View    : requestLayout() improperly called by helium314.keyboard.latin.panels.BrowserPanelView{4218d67 V.E...... ........ 0,0-1440,2040} during second layout pass: posting in next frame
06-02 23:39:57.713 25561 25561 W View    : requestLayout() improperly called by helium314.keyboard.latin.panels.BrowserPanelView{4218d67 V.E...... ......I. 0,0-1440,2040} during layout: running second layout pass
06-02 23:39:57.716 25561 25561 W View    : requestLayout() improperly called by helium314.keyboard.latin.panels.BrowserPanelView{4218d67 V.E...... ........ 0,0-1440,2040} during second layout pass: posting in next frame
06-02 23:39:57.730 25561 25561 W View    : requestLayout() improperly called by helium314.keyboard.latin.panels.BrowserPanelView{4218d67 V.E...... ......I. 0,0-1440,2040} during layout: running second layout pass
06-02 23:39:57.733 25561 25561 W View    : requestLayout() improperly called by helium314.keyboard.latin.panels.BrowserPanelView{4218d67 V.E...... ........ 0,0-1440,2040} during second layout pass: posting in next frame
06-02 23:39:57.746 25561 25561 W View    : requestLayout() improperly called by helium314.keyboard.latin.panels.BrowserPanelView{4218d67 V.E...... ......I. 0,0-1440,2040} during layout: running second layout pass
06-02 23:39:57.749 25561 25561 W View    : requestLayout() improperly called by helium314.keyboard.latin.panels.BrowserPanelView{4218d67 V.E...... ........ 0,0-1440,2040} during second layout pass: posting in next frame
06-02 23:39:57.763 25561 25561 W View    : requestLayout() improperly called by helium314.keyboard.latin.panels.BrowserPanelView{4218d67 V.E...... ......I. 0,0-1440,2040} during layout: running second layout pass
06-02 23:39:57.767 25561 25561 W View    : requestLayout() improperly called by helium314.keyboard.latin.panels.BrowserPanelView{4218d67 V.E...... ........ 0,0-1440,2040} during second layout pass: posting in next frame
06-02 23:39:57.762 25561 25561 W com.vibekey.keyboard: type=1400 audit(0.0:72177): avc: denied { nlmsg_readpriv } for comm=536F636B657420546872656164 scontext=u:r:untrusted_app:s0:c63,c271,c512,c768 tcontext=u:r:untrusted_app:s0:c63,c271,c512,c768 tclass=netlink_route_socket permissive=0 bug=b/155595000 app=com.vibekey.keyboard
06-02 23:39:57.780 25561 25561 W View    : requestLayout() improperly called by helium314.keyboard.latin.panels.BrowserPanelView{4218d67 V.E...... ......I. 0,0-1440,2040} during layout: running second layout pass
06-02 23:39:57.783 25561 25561 W View    : requestLayout() improperly called by helium314.keyboard.latin.panels.BrowserPanelView{4218d67 V.E...... ........ 0,0-1440,2040} during second layout pass: posting in next frame
06-02 23:39:57.796 25561 25561 W View    : requestLayout() improperly called by helium314.keyboard.latin.panels.BrowserPanelView{4218d67 V.E...... ......I. 0,0-1440,2040} during layout: running second layout pass
06-02 23:39:57.801 25561 25561 W View    : requestLayout() improperly called by helium314.keyboard.latin.panels.BrowserPanelView{4218d67 V.E...... ........ 0,0-1440,2040} during second layout pass: posting in next frame
06-02 23:39:57.813 25561 25561 W View    : requestLayout() improperly called by helium314.keyboard.latin.panels.BrowserPanelView{4218d67 V.E...... ......I. 0,0-1440,2040} during layout: running second layout pass
06-02 23:39:57.817 25561 25561 W View    : requestLayout() improperly called by helium314.keyboard.latin.panels.BrowserPanelView{4218d67 V.E...... ........ 0,0-1440,2040} during second layout pass: posting in next frame
06-02 23:39:57.830 25561 25561 W View    : requestLayout() improperly called by helium314.keyboard.latin.panels.BrowserPanelView{4218d67 V.E...... ......I. 0,0-1440,2040} during layout: running second layout pass
06-02 23:39:57.833 25561 25561 W View    : requestLayout() improperly called by helium314.keyboard.latin.panels.BrowserPanelView{4218d67 V.E...... ........ 0,0-1440,2040} during second layout pass: posting in next frame
06-02 23:39:57.847 25561 25561 W View    : requestLayout() improperly called by helium314.keyboard.latin.panels.BrowserPanelView{4218d67 V.E...... ......I. 0,0-1440,2040} during layout: running second layout pass
06-02 23:39:57.850 25561 25561 W View    : requestLayout() improperly called by helium314.keyboard.latin.panels.BrowserPanelView{4218d67 V.E...... ........ 0,0-1440,2040} during second layout pass: posting in next frame
06-02 23:39:57.863 25561 25561 W View    : requestLayout() improperly called by helium314.keyboard.latin.panels.BrowserPanelView{4218d67 V.E...... ......I. 0,0-1440,2040} during layout: running second layout pass
06-02 23:39:57.868 25561 25561 W View    : requestLayout() improperly called by helium314.keyboard.latin.panels.BrowserPanelView{4218d67 V.E...... ........ 0,0-1440,2040} during second layout pass: posting in next frame
06-02 23:39:57.880 25561 25561 W View    : requestLayout() improperly called by helium314.keyboard.latin.panels.BrowserPanelView{4218d67 V.E...... ......I. 0,0-1440,2040} during layout: running second layout pass
06-02 23:39:57.883 25561 25561 W View    : requestLayout() improperly called by helium314.keyboard.latin.panels.BrowserPanelView{4218d67 V.E...... ........ 0,0-1440,2040} during second layout pass: posting in next frame
06-02 23:39:57.872 25561 25561 W com.vibekey.keyboard: type=1400 audit(0.0:72178): avc: denied { nlmsg_readpriv } for comm=536F636B657420546872656164 scontext=u:r:untrusted_app:s0:c63,c271,c512,c768 tcontext=u:r:untrusted_app:s0:c63,c271,c512,c768 tclass=netlink_route_socket permissive=0 bug=b/155595000 app=com.vibekey.keyboard
06-02 23:39:57.882 25561 25561 W com.vibekey.keyboard: type=1400 audit(0.0:72179): avc: denied { nlmsg_readpriv } for comm=536F636B657420546872656164 scontext=u:r:untrusted_app:s0:c63,c271,c512,c768 tcontext=u:r:untrusted_app:s0:c63,c271,c512,c768 tclass=netlink_route_socket permissive=0 bug=b/155595000 app=com.vibekey.keyboard
06-02 23:39:57.896 25561 25561 W View    : requestLayout() improperly called by helium314.keyboard.latin.panels.BrowserPanelView{4218d67 V.E...... ......I. 0,0-1440,2040} during layout: running second layout pass
06-02 23:39:57.900 25561 25561 W View    : requestLayout() improperly called by helium314.keyboard.latin.panels.BrowserPanelView{4218d67 V.E...... ........ 0,0-1440,2040} during second layout pass: posting in next frame
06-02 23:39:57.913 25561 25561 W View    : requestLayout() improperly called by helium314.keyboard.latin.panels.BrowserPanelView{4218d67 V.E...... ......I. 0,0-1440,2040} during layout: running second layout pass
06-02 23:39:57.916 25561 25561 W View    : requestLayout() improperly called by helium314.keyboard.latin.panels.BrowserPanelView{4218d67 V.E...... ........ 0,0-1440,2040} during second layout pass: posting in next frame
06-02 23:39:57.930 25561 25561 W View    : requestLayout() improperly called by helium314.keyboard.latin.panels.BrowserPanelView{4218d67 V.E...... ......I. 0,0-1440,2040} during layout: running second layout pass
06-02 23:39:57.933 25561 25561 W View    : requestLayout() improperly called by helium314.keyboard.latin.panels.BrowserPanelView{4218d67 V.E...... ........ 0,0-1440,2040} during second layout pass: posting in next frame
06-02 23:39:57.947 25561 25561 W View    : requestLayout() improperly called by helium314.keyboard.latin.panels.BrowserPanelView{4218d67 V.E...... ......I. 0,0-1440,2040} during layout: running second layout pass
06-02 23:39:57.951 25561 25561 W View    : requestLayout() improperly called by helium314.keyboard.latin.panels.BrowserPanelView{4218d67 V.E...... ........ 0,0-1440,2040} during second layout pass: posting in next frame
06-02 23:39:57.963 25561 25561 W View    : requestLayout() improperly called by helium314.keyboard.latin.panels.BrowserPanelView{4218d67 V.E...... ......I. 0,0-1440,2040} during layout: running second layout pass
06-02 23:39:57.967 25561 25561 W View    : requestLayout() improperly called by helium314.keyboard.latin.panels.BrowserPanelView{4218d67 V.E...... ........ 0,0-1440,2040} during second layout pass: posting in next frame
06-02 23:39:57.980 25561 25561 W View    : requestLayout() improperly called by helium314.keyboard.latin.panels.BrowserPanelView{4218d67 V.E...... ......I. 0,0-1440,2040} during layout: running second layout pass
06-02 23:39:57.984 25561 25561 W View    : requestLayout() improperly called by helium314.keyboard.latin.panels.BrowserPanelView{4218d67 V.E...... ........ 0,0-1440,2040} during second layout pass: posting in next frame
06-02 23:39:57.997 25561 25561 W View    : requestLayout() improperly called by helium314.keyboard.latin.panels.BrowserPanelView{4218d67 V.E...... ......I. 0,0-1440,2040} during layout: running second layout pass
06-02 23:39:58.001 25561 25561 W View    : requestLayout() improperly called by helium314.keyboard.latin.panels.BrowserPanelView{4218d67 V.E...... ........ 0,0-1440,2040} during second layout pass: posting in next frame
06-02 23:39:58.014 25561 25561 W View    : requestLayout() improperly called by helium314.keyboard.latin.panels.BrowserPanelView{4218d67 V.E...... ......I. 0,0-1440,2040} during layout: running second layout pass
06-02 23:39:58.017 25561 25561 W View    : requestLayout() improperly called by helium314.keyboard.latin.panels.BrowserPanelView{4218d67 V.E...... ........ 0,0-1440,2040} during second layout pass: posting in next frame
06-02 23:39:58.031 25561 25561 W View    : requestLayout() improperly called by helium314.keyboard.latin.panels.BrowserPanelView{4218d67 V.E...... ......I. 0,0-1440,2040} during layout: running second layout pass
06-02 23:39:58.034 25561 25561 W View    : requestLayout() improperly called by helium314.keyboard.latin.panels.BrowserPanelView{4218d67 V.E...... ........ 0,0-1440,2040} during second layout pass: posting in next frame
06-02 23:39:58.043 26328 26346 E Isolated Web Content: [JavaScript Error: "Cookie “_cookie_test” has been rejected for invalid domain." {file: "https://www.cnn.com/" line: 0}]
06-02 23:39:58.043 26328 26346 E Isolated Web Content: [JavaScript Error: "Cookie “_cookie_test” has been rejected for invalid domain." {file: "https://www.cnn.com/" line: 0}]
06-02 23:39:58.048 25561 25561 W View    : requestLayout() improperly called by helium314.keyboard.latin.panels.BrowserPanelView{4218d67 V.E...... ......I. 0,0-1440,2040} during layout: running second layout pass
06-02 23:39:58.051 25561 25561 W View    : requestLayout() improperly called by helium314.keyboard.latin.panels.BrowserPanelView{4218d67 V.E...... ........ 0,0-1440,2040} during second layout pass: posting in next frame
06-02 23:39:58.064 25561 25561 W View    : requestLayout() improperly called by helium314.keyboard.latin.panels.BrowserPanelView{4218d67 V.E...... ......I. 0,0-1440,2040} during layout: running second layout pass
06-02 23:39:58.069 25561 25561 W View    : requestLayout() improperly called by helium314.keyboard.latin.panels.BrowserPanelView{4218d67 V.E...... ........ 0,0-1440,2040} during second layout pass: posting in next frame
06-02 23:39:58.080 25561 25561 W View    : requestLayout() improperly called by helium314.keyboard.latin.panels.BrowserPanelView{4218d67 V.E...... ......I. 0,0-1440,2040} during layout: running second layout pass
06-02 23:39:58.084 25561 25561 W View    : requestLayout() improperly called by helium314.keyboard.latin.panels.BrowserPanelView{4218d67 V.E...... ........ 0,0-1440,2040} during second layout pass: posting in next frame
06-02 23:39:58.097 25561 25561 W View    : requestLayout() improperly called by helium314.keyboard.latin.panels.BrowserPanelView{4218d67 V.E...... ......I. 0,0-1440,2040} during layout: running second layout pass
06-02 23:39:58.100 25561 25561 W View    : requestLayout() improperly called by helium314.keyboard.latin.panels.BrowserPanelView{4218d67 V.E...... ........ 0,0-1440,2040} during second layout pass: posting in next frame
06-02 23:39:58.114 25561 25561 W View    : requestLayout() improperly called by helium314.keyboard.latin.panels.BrowserPanelView{4218d67 V.E...... ......I. 0,0-1440,2040} during layout: running second layout pass
06-02 23:39:58.117 25561 25561 W View    : requestLayout() improperly called by helium314.keyboard.latin.panels.BrowserPanelView{4218d67 V.E...... ........ 0,0-1440,2040} during second layout pass: posting in next frame
06-02 23:39:58.130 25561 25561 W View    : requestLayout() improperly called by helium314.keyboard.latin.panels.BrowserPanelView{4218d67 V.E...... ......ID 0,0-1440,2040} during layout: running second layout pass
06-02 23:39:58.135 25561 25561 W View    : requestLayout() improperly called by helium314.keyboard.latin.panels.BrowserPanelView{4218d67 V.E...... ........ 0,0-1440,2040} during second layout pass: posting in next frame
06-02 23:39:58.147 25561 25561 W View    : requestLayout() improperly called by helium314.keyboard.latin.panels.BrowserPanelView{4218d67 V.E...... ......ID 0,0-1440,2040} during layout: running second layout pass
06-02 23:39:58.152 25561 25561 W View    : requestLayout() improperly called by helium314.keyboard.latin.panels.BrowserPanelView{4218d67 V.E...... ........ 0,0-1440,2040} during second layout pass: posting in next frame
06-02 23:39:58.164 25561 25561 W View    : requestLayout() improperly called by helium314.keyboard.latin.panels.BrowserPanelView{4218d67 V.E...... ......ID 0,0-1440,2040} during layout: running second layout pass
06-02 23:39:58.170 25561 25561 W View    : requestLayout() improperly called by helium314.keyboard.latin.panels.BrowserPanelView{4218d67 V.E...... ........ 0,0-1440,2040} during second layout pass: posting in next frame
06-02 23:39:58.181 25561 25561 W View    : requestLayout() improperly called by helium314.keyboard.latin.panels.BrowserPanelView{4218d67 V.E...... ......ID 0,0-1440,2040} during layout: running second layout pass
06-02 23:39:58.187 25561 25561 W View    : requestLayout() improperly called by helium314.keyboard.latin.panels.BrowserPanelView{4218d67 V.E...... ........ 0,0-1440,2040} during second layout pass: posting in next frame
06-02 23:39:58.188 25561 25561 W GeckoEventDispatcher: No listener for GeckoView:DismissClipboardPermissionRequest
06-02 23:39:58.189 25561 25561 W GeckoEventDispatcher: No listener for GeckoView:DismissClipboardPermissionRequest
06-02 23:39:58.190 25561 25952 E BLASTBufferQueue: BLASTBufferItemConsumer::onDisconnect()
06-02 23:39:58.191 25561 25707 E GeckoConsole: [JavaScript Error: "TypeError: can't access property "WindowEventDispatcher", win is null" {file: "resource://gre/modules/GeckoViewSessionStore.sys.mjs" line: 149}]
06-02 23:39:58.191 25561 25707 E GeckoConsole: onTabStateUpdate@resource://gre/modules/GeckoViewSessionStore.sys.mjs:149:5
06-02 23:39:58.191 25561 25707 E GeckoConsole: updateSessionStoreFromTabListener@resource://gre/modules/GeckoViewSessionStore.sys.mjs:243:10
06-02 23:39:58.191 25561 25707 E GeckoConsole: SSF_updateSessionStore@resource://gre/modules/SessionStoreFunctions.sys.mjs:46:27
06-02 23:39:58.191 25561 25707 E GeckoConsole: UpdateSessionStore@resource://gre/modules/SessionStoreFunctions.sys.mjs:16:46
06-02 23:39:58.192 25561 25707 E GeckoConsole: [JavaScript Error: "TypeError: can't access property "WindowEventDispatcher", win is null" {file: "resource://gre/modules/GeckoViewSessionStore.sys.mjs" line: 149}]
06-02 23:39:58.192 25561 25707 E GeckoConsole: onTabStateUpdate@resource://gre/modules/GeckoViewSessionStore.sys.mjs:149:5
06-02 23:39:58.192 25561 25707 E GeckoConsole: updateSessionStoreFromTabListener@resource://gre/modules/GeckoViewSessionStore.sys.mjs:243:10
06-02 23:39:58.192 25561 25707 E GeckoConsole: SSF_updateSessionStore@resource://gre/modules/SessionStoreFunctions.sys.mjs:46:27
06-02 23:39:58.192 25561 25707 E GeckoConsole: UpdateSessionStore@resource://gre/modules/SessionStoreFunctions.sys.mjs:16:46
06-02 23:39:58.193 25561 25561 E GeckoView: Failed to detach WindowInsetsListener: 
06-02 23:39:58.193 25561 25561 E GeckoView: java.lang.NullPointerException: Attempt to invoke virtual method 'android.view.Window android.app.Activity.getWindow()' on a null object reference
06-02 23:39:58.193 25561 25561 E GeckoView: 	at org.mozilla.geckoview.GeckoView.detachWindowInsetsListener(r8-map-id-70489a17c755e93c7fea7a3396c7ba59685014c1d459119269b85baaf0ad95ef:1)
06-02 23:39:58.193 25561 25561 E GeckoView: 	at org.mozilla.geckoview.GeckoView.onDetachedFromWindow(r8-map-id-70489a17c755e93c7fea7a3396c7ba59685014c1d459119269b85baaf0ad95ef:25)
06-02 23:39:58.193 25561 25561 E GeckoView: 	at android.view.View.dispatchDetachedFromWindow(View.java:20955)
06-02 23:39:58.193 25561 25561 E GeckoView: 	at android.view.ViewGroup.dispatchDetachedFromWindow(ViewGroup.java:4014)
06-02 23:39:58.193 25561 25561 E GeckoView: 	at android.view.ViewGroup.removeViewInternal(ViewGroup.java:5660)
06-02 23:39:58.193 25561 25561 E GeckoView: 	at android.view.ViewGroup.removeViewInternal(ViewGroup.java:5631)
06-02 23:39:58.193 25561 25561 E GeckoView: 	at android.view.ViewGroup.removeView(ViewGroup.java:5562)
06-02 23:39:58.193 25561 25561 E GeckoView: 	at helium314.keyboard.latin.panels.BrowserPanelView.D(r8-map-id-70489a17c755e93c7fea7a3396c7ba59685014c1d459119269b85baaf0ad95ef:75)
06-02 23:39:58.193 25561 25561 E GeckoView: 	at helium314.keyboard.latin.panels.BrowserPanelView.F0(r8-map-id-70489a17c755e93c7fea7a3396c7ba59685014c1d459119269b85baaf0ad95ef:83)
06-02 23:39:58.193 25561 25561 E GeckoView: 	at g7.b0.r(r8-map-id-70489a17c755e93c7fea7a3396c7ba59685014c1d459119269b85baaf0ad95ef:149)
06-02 23:39:58.193 25561 25561 E GeckoView: 	at g7.b0.P(r8-map-id-70489a17c755e93c7fea7a3396c7ba59685014c1d459119269b85baaf0ad95ef:17)
06-02 23:39:58.193 25561 25561 E GeckoView: 	at y7.s3.a(r8-map-id-70489a17c755e93c7fea7a3396c7ba59685014c1d459119269b85baaf0ad95ef:3)
06-02 23:39:58.193 25561 25561 E GeckoView: 	at y7.e2.onClick(r8-map-id-70489a17c755e93c7fea7a3396c7ba59685014c1d459119269b85baaf0ad95ef:209)
06-02 23:39:58.193 25561 25561 E GeckoView: 	at android.view.View.performClick(View.java:7488)
06-02 23:39:58.193 25561 25561 E GeckoView: 	at android.view.View.performClickInternal(View.java:7464)
06-02 23:39:58.193 25561 25561 E GeckoView: 	at android.view.View.access$3700(View.java:841)
06-02 23:39:58.193 25561 25561 E GeckoView: 	at android.view.View$PerformClick.run(View.java:28911)
06-02 23:39:58.193 25561 25561 E GeckoView: 	at android.os.Handler.handleCallback(Handler.java:938)
06-02 23:39:58.193 25561 25561 E GeckoView: 	at android.os.Handler.dispatchMessage(Handler.java:99)
06-02 23:39:58.193 25561 25561 E GeckoView: 	at android.os.Looper.loopOnce(Looper.java:233)
06-02 23:39:58.193 25561 25561 E GeckoView: 	at android.os.Looper.loop(Looper.java:344)
06-02 23:39:58.193 25561 25561 E GeckoView: 	at android.app.ActivityThread.main(ActivityThread.java:8212)
06-02 23:39:58.193 25561 25561 E GeckoView: 	at java.lang.reflect.Method.invoke(Native Method)
06-02 23:39:58.193 25561 25561 E GeckoView: 	at com.android.internal.os.RuntimeInit$MethodAndArgsCaller.run(RuntimeInit.java:584)
06-02 23:39:58.193 25561 25561 E GeckoView: 	at com.android.internal.os.ZygoteInit.main(ZygoteInit.java:1034)
06-02 23:39:58.193 25561 25707 E GeckoConsole: [JavaScript Error: "TypeError: can't access property "WindowEventDispatcher", win is null" {file: "resource://gre/modules/GeckoViewSessionStore.sys.mjs" line: 149}]
06-02 23:39:58.193 25561 25707 E GeckoConsole: onTabStateUpdate@resource://gre/modules/GeckoViewSessionStore.sys.mjs:149:5
06-02 23:39:58.193 25561 25707 E GeckoConsole: updateSessionStoreFromTabListener@resource://gre/modules/GeckoViewSessionStore.sys.mjs:243:10
06-02 23:39:58.193 25561 25707 E GeckoConsole: SSF_updateSessionStore@resource://gre/modules/SessionStoreFunctions.sys.mjs:46:27
06-02 23:39:58.193 25561 25707 E GeckoConsole: UpdateSessionStore@resource://gre/modules/SessionStoreFunctions.sys.mjs:16:46
06-02 23:39:58.206 25561 25707 E GeckoConsole: [JavaScript Error: "TypeError: can't access property "WindowEventDispatcher", win is null" {file: "resource://gre/modules/GeckoViewSessionStore.sys.mjs" line: 149}]
06-02 23:39:58.206 25561 25707 E GeckoConsole: onTabStateUpdate@resource://gre/modules/GeckoViewSessionStore.sys.mjs:149:5
06-02 23:39:58.206 25561 25707 E GeckoConsole: updateSessionStoreFromTabListener@resource://gre/modules/GeckoViewSessionStore.sys.mjs:243:10
06-02 23:39:58.206 25561 25707 E GeckoConsole: SSF_updateSessionStore@resource://gre/modules/SessionStoreFunctions.sys.mjs:46:27
06-02 23:39:58.206 25561 25707 E GeckoConsole: UpdateSessionStore@resource://gre/modules/SessionStoreFunctions.sys.mjs:16:46
06-02 23:39:58.219 26879 26879 E .keyboard:tab2: Unknown bits set in runtime_flags: 0x40000000
06-02 23:39:58.235 25561 25561 W GeckoSession: No history entries found.
06-02 23:39:58.235 25561 25561 W View    : requestLayout() improperly called by helium314.keyboard.latin.panels.BrowserPanelView{4218d67 G.E...... ......ID 0,0-1440,2040} during second layout pass: posting in next frame
06-02 23:39:58.280 26879 26899 E GeckoLibLoad: Load sqlite start
06-02 23:39:58.282 26879 26899 E GeckoLibLoad: Load sqlite done
06-02 23:39:58.282 26879 26899 E GeckoLibLoad: Load nss start
06-02 23:39:58.282 26879 26899 E GeckoLibLoad: Load nss done
06-02 23:39:58.294 26879 26899 E GeckoLibLoad: Loaded libs in 11.583906ms total, 0ms(0ms) user, 6ms(9ms) system, 0(0) faults
06-02 23:39:58.294 26879 26899 W GeckoThread: zerdatime 134841155 - runGecko
06-02 23:39:58.412 25561 25561 W com.vibekey.keyboard: type=1400 audit(0.0:72180): avc: denied { nlmsg_readpriv } for comm=536F636B657420546872656164 scontext=u:r:untrusted_app:s0:c63,c271,c512,c768 tcontext=u:r:untrusted_app:s0:c63,c271,c512,c768 tclass=netlink_route_socket permissive=0 bug=b/155595000 app=com.vibekey.keyboard
06-02 23:39:58.501 26936 26936 E .keyboard:tab2: Unknown bits set in runtime_flags: 0x40000000
06-02 23:39:58.587 26936 26953 E GeckoLibLoad: Load sqlite start
06-02 23:39:58.588 26936 26953 E GeckoLibLoad: Load sqlite done
06-02 23:39:58.588 26936 26953 E GeckoLibLoad: Load nss start
06-02 23:39:58.588 26936 26953 E GeckoLibLoad: Load nss done
06-02 23:39:58.598 26936 26953 E GeckoLibLoad: Loaded libs in 9.688021ms total, 9ms(9ms) user, 0ms(0ms) system, 0(0) faults
06-02 23:39:58.598 26936 26953 W GeckoThread: zerdatime 134841459 - runGecko
06-02 23:39:58.592 25561 25561 W com.vibekey.keyboard: type=1400 audit(0.0:72181): avc: denied { nlmsg_readpriv } for comm=536F636B657420546872656164 scontext=u:r:untrusted_app:s0:c63,c271,c512,c768 tcontext=u:r:untrusted_app:s0:c63,c271,c512,c768 tclass=netlink_route_socket permissive=0 bug=b/155595000 app=com.vibekey.keyboard
06-02 23:39:58.776 26978 26978 E .keyboard:tab3: Unknown bits set in runtime_flags: 0x40000000
06-02 23:39:58.805 27001 27001 E .keyboard:tab3: Unknown bits set in runtime_flags: 0x40000000
06-02 23:39:58.858 26978 27021 E GeckoLibLoad: Load sqlite start
06-02 23:39:58.859 26978 27021 E GeckoLibLoad: Load sqlite done
06-02 23:39:58.859 26978 27021 E GeckoLibLoad: Load nss start
06-02 23:39:58.859 26978 27021 E GeckoLibLoad: Load nss done
06-02 23:39:58.873 26978 27021 E GeckoLibLoad: Loaded libs in 14.011197ms total, 13ms(13ms) user, 0ms(0ms) system, 0(0) faults
06-02 23:39:58.874 26978 27021 W GeckoThread: zerdatime 134841734 - runGecko
06-02 23:39:58.888 27001 27027 E GeckoLibLoad: Load sqlite start
06-02 23:39:58.892 27001 27027 E GeckoLibLoad: Load sqlite done
06-02 23:39:58.892 27001 27027 E GeckoLibLoad: Load nss start
06-02 23:39:58.892 27001 27027 E GeckoLibLoad: Load nss done
06-02 23:39:58.905 27001 27027 E GeckoLibLoad: Loaded libs in 12.304011ms total, 0ms(0ms) user, 6ms(9ms) system, 0(0) faults
06-02 23:39:58.905 27001 27027 W GeckoThread: zerdatime 134841766 - runGecko
06-02 23:39:58.974 26328 26346 W Isolated Web Content: [JavaScript Warning: "An iframe which has both allow-scripts and allow-same-origin for its sandbox attribute can remove its sandboxing." {file: "https://www.cnn.com/" line: 0}]
06-02 23:39:58.962 25561 25561 W com.vibekey.keyboard: type=1400 audit(0.0:72183): avc: denied { nlmsg_readpriv } for comm=536F636B657420546872656164 scontext=u:r:untrusted_app:s0:c63,c271,c512,c768 tcontext=u:r:untrusted_app:s0:c63,c271,c512,c768 tclass=netlink_route_socket permissive=0 bug=b/155595000 app=com.vibekey.keyboard
06-02 23:39:59.006 27001 27027 W Isolated Web Content: [JavaScript Warning: "Content-Security-Policy: Ignoring “'unsafe-inline'” within script-src: ‘strict-dynamic’ specified" {file: "https://www.google.com/recaptcha/api2/aframe" line: 0}]
06-02 23:39:59.006 27001 27027 W Isolated Web Content: [JavaScript Warning: "Content-Security-Policy: Ignoring “https:” within script-src: ‘strict-dynamic’ specified" {file: "https://www.google.com/recaptcha/api2/aframe" line: 0}]
06-02 23:39:59.006 27001 27027 W Isolated Web Content: [JavaScript Warning: "Content-Security-Policy: Ignoring “http:” within script-src: ‘strict-dynamic’ specified" {file: "https://www.google.com/recaptcha/api2/aframe" line: 0}]
06-02 23:39:59.006 27001 27027 W Isolated Web Content: [JavaScript Warning: "Content-Security-Policy: Ignoring “'unsafe-inline'” within script-src: nonce-source or hash-source specified" {file: "https://www.google.com/recaptcha/api2/aframe" line: 0}]
06-02 23:39:59.052 25561 25561 W com.vibekey.keyboard: type=1400 audit(0.0:72184): avc: denied { nlmsg_readpriv } for comm=536F636B657420546872656164 scontext=u:r:untrusted_app:s0:c63,c271,c512,c768 tcontext=u:r:untrusted_app:s0:c63,c271,c512,c768 tclass=netlink_route_socket permissive=0 bug=b/155595000 app=com.vibekey.keyboard
06-02 23:39:59.193 27077 27077 E .keyboard:tab1: Unknown bits set in runtime_flags: 0x40000000
06-02 23:39:59.233 26978 27021 W Isolated Web Content: [JavaScript Warning: "WEBGL_debug_renderer_info is deprecated in Firefox and will be removed. Please use RENDERER." {file: "https://pagead2.googlesyndication.com/bg/F7BznUE9mSBUl2zLiQG7l40lqtefSwIRBxy_kmnCB94.js line 2 > eval line 2591 > eval line 1 > eval line 1 > eval" line: 1}]
06-02 23:39:59.279 27077 27098 E GeckoLibLoad: Load sqlite start
06-02 23:39:59.282 27077 27098 E GeckoLibLoad: Load sqlite done
06-02 23:39:59.282 27077 27098 E GeckoLibLoad: Load nss start
06-02 23:39:59.282 27077 27098 E GeckoLibLoad: Load nss done
06-02 23:39:59.290 26328 26346 W Isolated Web Content: [JavaScript Warning: "This page is in Quirks Mode. Page layout may be impacted. For Standards Mode use “<!DOCTYPE html>”." {file: "https://cache-ssl.celtra.com/api/creatives/f88cb1e7/compiled/web.js?v=6-5652eb06&secure=1&cachedVariantChoices=W10-&isPurposePreview=0&runnerModernization=1" line: 18}]
06-02 23:39:59.329 27077 27098 E GeckoLibLoad: Loaded libs in 45.885781ms total, 15ms(18ms) user, 8ms(9ms) system, 4(4) faults
06-02 23:39:59.329 27077 27098 W GeckoThread: zerdatime 134842190 - runGecko
06-02 23:39:59.805 25561 25561 W GeckoEventDispatcher: No listener for GeckoView:DismissClipboardPermissionRequest
06-02 23:39:59.807 25561 25707 E GeckoConsole: [JavaScript Error: "TypeError: can't access property "WindowEventDispatcher", win is null" {file: "resource://gre/modules/GeckoViewSessionStore.sys.mjs" line: 149}]
06-02 23:39:59.807 25561 25707 E GeckoConsole: onTabStateUpdate@resource://gre/modules/GeckoViewSessionStore.sys.mjs:149:5
06-02 23:39:59.807 25561 25707 E GeckoConsole: updateSessionStoreFromTabListener@resource://gre/modules/GeckoViewSessionStore.sys.mjs:243:10
06-02 23:39:59.807 25561 25707 E GeckoConsole: SSF_updateSessionStore@resource://gre/modules/SessionStoreFunctions.sys.mjs:46:27
06-02 23:39:59.807 25561 25707 E GeckoConsole: UpdateSessionStore@resource://gre/modules/SessionStoreFunctions.sys.mjs:16:46
06-02 23:39:59.807 25561 25707 E GeckoConsole: [JavaScript Error: "TypeError: can't access property "WindowEventDispatcher", win is null" {file: "resource://gre/modules/GeckoViewSessionStore.sys.mjs" line: 149}]
06-02 23:39:59.807 25561 25707 E GeckoConsole: onTabStateUpdate@resource://gre/modules/GeckoViewSessionStore.sys.mjs:149:5
06-02 23:39:59.807 25561 25707 E GeckoConsole: updateSessionStoreFromTabListener@resource://gre/modules/GeckoViewSessionStore.sys.mjs:243:10
06-02 23:39:59.807 25561 25707 E GeckoConsole: SSF_updateSessionStore@resource://gre/modules/SessionStoreFunctions.sys.mjs:46:27
06-02 23:39:59.807 25561 25707 E GeckoConsole: UpdateSessionStore@resource://gre/modules/SessionStoreFunctions.sys.mjs:16:46
06-02 23:39:59.807 25561 25707 E GeckoConsole: [JavaScript Error: "TypeError: can't access property "WindowEventDispatcher", win is null" {file: "resource://gre/modules/GeckoViewSessionStore.sys.mjs" line: 149}]
06-02 23:39:59.807 25561 25707 E GeckoConsole: onTabStateUpdate@resource://gre/modules/GeckoViewSessionStore.sys.mjs:149:5
06-02 23:39:59.807 25561 25707 E GeckoConsole: updateSessionStoreFromTabListener@resource://gre/modules/GeckoViewSessionStore.sys.mjs:243:10
06-02 23:39:59.807 25561 25707 E GeckoConsole: SSF_updateSessionStore@resource://gre/modules/SessionStoreFunctions.sys.mjs:46:27
06-02 23:39:59.807 25561 25707 E GeckoConsole: UpdateSessionStore@resource://gre/modules/SessionStoreFunctions.sys.mjs:16:46
06-02 23:39:59.808 25561 25707 E GeckoConsole: [JavaScript Error: "TypeError: can't access property "WindowEventDispatcher", win is null" {file: "resource://gre/modules/GeckoViewSessionStore.sys.mjs" line: 149}]
06-02 23:39:59.808 25561 25707 E GeckoConsole: onTabStateUpdate@resource://gre/modules/GeckoViewSessionStore.sys.mjs:149:5
06-02 23:39:59.808 25561 25707 E GeckoConsole: updateSessionStoreFromTabListener@resource://gre/modules/GeckoViewSessionStore.sys.mjs:243:10
06-02 23:39:59.808 25561 25707 E GeckoConsole: SSF_updateSessionStore@resource://gre/modules/SessionStoreFunctions.sys.mjs:46:27
06-02 23:39:59.808 25561 25707 E GeckoConsole: UpdateSessionStore@resource://gre/modules/SessionStoreFunctions.sys.mjs:16:46
06-02 23:39:59.808 25561 25707 E GeckoConsole: [JavaScript Error: "TypeError: can't access property "WindowEventDispatcher", win is null" {file: "resource://gre/modules/GeckoViewSessionStore.sys.mjs" line: 149}]
06-02 23:39:59.808 25561 25707 E GeckoConsole: onTabStateUpdate@resource://gre/modules/GeckoViewSessionStore.sys.mjs:149:5
06-02 23:39:59.808 25561 25707 E GeckoConsole: updateSessionStoreFromTabListener@resource://gre/modules/GeckoViewSessionStore.sys.mjs:243:10
06-02 23:39:59.808 25561 25707 E GeckoConsole: SSF_updateSessionStore@resource://gre/modules/SessionStoreFunctions.sys.mjs:46:27
06-02 23:39:59.808 25561 25707 E GeckoConsole: UpdateSessionStore@resource://gre/modules/SessionStoreFunctions.sys.mjs:16:46
06-02 23:39:59.808 25561 25707 E GeckoConsole: [JavaScript Error: "TypeError: can't access property "WindowEventDispatcher", win is null" {file: "resource://gre/modules/GeckoViewSessionStore.sys.mjs" line: 149}]
06-02 23:39:59.808 25561 25707 E GeckoConsole: onTabStateUpdate@resource://gre/modules/GeckoViewSessionStore.sys.mjs:149:5
06-02 23:39:59.808 25561 25707 E GeckoConsole: updateSessionStoreFromTabListener@resource://gre/modules/GeckoViewSessionStore.sys.mjs:243:10
06-02 23:39:59.808 25561 25707 E GeckoConsole: SSF_updateSessionStore@resource://gre/modules/SessionStoreFunctions.sys.mjs:46:27
06-02 23:39:59.808 25561 25707 E GeckoConsole: UpdateSessionStore@resource://gre/modules/SessionStoreFunctions.sys.mjs:16:46
06-02 23:40:00.465 25561 25561 W GeckoEventDispatcher: No listener for GeckoView:DismissClipboardPermissionRequest
06-02 23:40:00.466 25561 25707 E GeckoConsole: [JavaScript Error: "TypeError: can't access property "WindowEventDispatcher", win is null" {file: "resource://gre/modules/GeckoViewSessionStore.sys.mjs" line: 149}]
06-02 23:40:00.466 25561 25707 E GeckoConsole: onTabStateUpdate@resource://gre/modules/GeckoViewSessionStore.sys.mjs:149:5
06-02 23:40:00.466 25561 25707 E GeckoConsole: updateSessionStoreFromTabListener@resource://gre/modules/GeckoViewSessionStore.sys.mjs:243:10
06-02 23:40:00.466 25561 25707 E GeckoConsole: SSF_updateSessionStore@resource://gre/modules/SessionStoreFunctions.sys.mjs:46:27
06-02 23:40:00.466 25561 25707 E GeckoConsole: UpdateSessionStore@resource://gre/modules/SessionStoreFunctions.sys.mjs:16:46
06-02 23:40:00.466 25561 25707 E GeckoConsole: [JavaScript Error: "TypeError: can't access property "WindowEventDispatcher", win is null" {file: "resource://gre/modules/GeckoViewSessionStore.sys.mjs" line: 149}]
06-02 23:40:00.466 25561 25707 E GeckoConsole: onTabStateUpdate@resource://gre/modules/GeckoViewSessionStore.sys.mjs:149:5
06-02 23:40:00.466 25561 25707 E GeckoConsole: updateSessionStoreFromTabListener@resource://gre/modules/GeckoViewSessionStore.sys.mjs:243:10
06-02 23:40:00.466 25561 25707 E GeckoConsole: SSF_updateSessionStore@resource://gre/modules/SessionStoreFunctions.sys.mjs:46:27
06-02 23:40:00.466 25561 25707 E GeckoConsole: UpdateSessionStore@resource://gre/modules/SessionStoreFunctions.sys.mjs:16:46
06-02 23:40:00.467 25561 25707 E GeckoConsole: [JavaScript Error: "TypeError: can't access property "WindowEventDispatcher", win is null" {file: "resource://gre/modules/GeckoViewSessionStore.sys.mjs" line: 149}]
06-02 23:40:00.467 25561 25707 E GeckoConsole: onTabStateUpdate@resource://gre/modules/GeckoViewSessionStore.sys.mjs:149:5
06-02 23:40:00.467 25561 25707 E GeckoConsole: updateSessionStoreFromTabListener@resource://gre/modules/GeckoViewSessionStore.sys.mjs:243:10
06-02 23:40:00.467 25561 25707 E GeckoConsole: SSF_updateSessionStore@resource://gre/modules/SessionStoreFunctions.sys.mjs:46:27
06-02 23:40:00.467 25561 25707 E GeckoConsole: UpdateSessionStore@resource://gre/modules/SessionStoreFunctions.sys.mjs:16:46
06-02 23:40:00.467 25561 25707 E GeckoConsole: [JavaScript Error: "TypeError: can't access property "WindowEventDispatcher", win is null" {file: "resource://gre/modules/GeckoViewSessionStore.sys.mjs" line: 149}]
06-02 23:40:00.467 25561 25707 E GeckoConsole: onTabStateUpdate@resource://gre/modules/GeckoViewSessionStore.sys.mjs:149:5
06-02 23:40:00.467 25561 25707 E GeckoConsole: updateSessionStoreFromTabListener@resource://gre/modules/GeckoViewSessionStore.sys.mjs:243:10
06-02 23:40:00.467 25561 25707 E GeckoConsole: SSF_updateSessionStore@resource://gre/modules/SessionStoreFunctions.sys.mjs:46:27
06-02 23:40:00.467 25561 25707 E GeckoConsole: UpdateSessionStore@resource://gre/modules/SessionStoreFunctions.sys.mjs:16:46
06-02 23:40:00.467 25561 25707 E GeckoConsole: [JavaScript Error: "TypeError: can't access property "WindowEventDispatcher", win is null" {file: "resource://gre/modules/GeckoViewSessionStore.sys.mjs" line: 149}]
06-02 23:40:00.467 25561 25707 E GeckoConsole: onTabStateUpdate@resource://gre/modules/GeckoViewSessionStore.sys.mjs:149:5
06-02 23:40:00.467 25561 25707 E GeckoConsole: updateSessionStoreFromTabListener@resource://gre/modules/GeckoViewSessionStore.sys.mjs:243:10
06-02 23:40:00.467 25561 25707 E GeckoConsole: SSF_updateSessionStore@resource://gre/modules/SessionStoreFunctions.sys.mjs:46:27
06-02 23:40:00.467 25561 25707 E GeckoConsole: UpdateSessionStore@resource://gre/modules/SessionStoreFunctions.sys.mjs:16:46
06-02 23:40:00.467 25561 25707 E GeckoConsole: [JavaScript Error: "TypeError: can't access property "WindowEventDispatcher", win is null" {file: "resource://gre/modules/GeckoViewSessionStore.sys.mjs" line: 149}]
06-02 23:40:00.467 25561 25707 E GeckoConsole: onTabStateUpdate@resource://gre/modules/GeckoViewSessionStore.sys.mjs:149:5
06-02 23:40:00.467 25561 25707 E GeckoConsole: updateSessionStoreFromTabListener@resource://gre/modules/GeckoViewSessionStore.sys.mjs:243:10
06-02 23:40:00.467 25561 25707 E GeckoConsole: SSF_updateSessionStore@resource://gre/modules/SessionStoreFunctions.sys.mjs:46:27
06-02 23:40:00.467 25561 25707 E GeckoConsole: UpdateSessionStore@resource://gre/modules/SessionStoreFunctions.sys.mjs:16:46
06-02 23:40:00.483 25561 25561 W LayerDrawable: Invalid drawable added to LayerDrawable! Drawable already belongs to another owner but does not expose a constant state.
06-02 23:40:00.483 25561 25561 W LayerDrawable: java.lang.RuntimeException
06-02 23:40:00.483 25561 25561 W LayerDrawable: 	at android.graphics.drawable.LayerDrawable$ChildDrawable.<init>(LayerDrawable.java:1857)
06-02 23:40:00.483 25561 25561 W LayerDrawable: 	at android.graphics.drawable.LayerDrawable$LayerState.<init>(LayerDrawable.java:1977)
06-02 23:40:00.483 25561 25561 W LayerDrawable: 	at android.graphics.drawable.LayerDrawable.createConstantState(LayerDrawable.java:174)
06-02 23:40:00.483 25561 25561 W LayerDrawable: 	at android.graphics.drawable.LayerDrawable.mutate(LayerDrawable.java:1782)
06-02 23:40:00.483 25561 25561 W LayerDrawable: 	at y7.s3.j(r8-map-id-70489a17c755e93c7fea7a3396c7ba59685014c1d459119269b85baaf0ad95ef:83)
06-02 23:40:00.483 25561 25561 W LayerDrawable: 	at helium314.keyboard.latin.panels.MenuPanelView.k(r8-map-id-70489a17c755e93c7fea7a3396c7ba59685014c1d459119269b85baaf0ad95ef:36)
06-02 23:40:00.483 25561 25561 W LayerDrawable: 	at helium314.keyboard.latin.panels.MenuPanelView.r(r8-map-id-70489a17c755e93c7fea7a3396c7ba59685014c1d459119269b85baaf0ad95ef:358)
06-02 23:40:00.483 25561 25561 W LayerDrawable: 	at v7.b.u(r8-map-id-70489a17c755e93c7fea7a3396c7ba59685014c1d459119269b85baaf0ad95ef:199)
06-02 23:40:00.483 25561 25561 W LayerDrawable: 	at helium314.keyboard.latin.LatinIME.l(r8-map-id-70489a17c755e93c7fea7a3396c7ba59685014c1d459119269b85baaf0ad95ef:36)
06-02 23:40:00.483 25561 25561 W LayerDrawable: 	at g7.m.a(r8-map-id-70489a17c755e93c7fea7a3396c7ba59685014c1d459119269b85baaf0ad95ef:266)
06-02 23:40:00.483 25561 25561 W LayerDrawable: 	at helium314.keyboard.latin.suggestions.SuggestionStripView.onClick(r8-map-id-70489a17c755e93c7fea7a3396c7ba59685014c1d459119269b85baaf0ad95ef:45)
06-02 23:40:00.483 25561 25561 W LayerDrawable: 	at android.view.View.performClick(View.java:7488)
06-02 23:40:00.483 25561 25561 W LayerDrawable: 	at android.view.View.performClickInternal(View.java:7464)
06-02 23:40:00.483 25561 25561 W LayerDrawable: 	at android.view.View.access$3700(View.java:841)
06-02 23:40:00.483 25561 25561 W LayerDrawable: 	at android.view.View$PerformClick.run(View.java:28911)
06-02 23:40:00.483 25561 25561 W LayerDrawable: 	at android.os.Handler.handleCallback(Handler.java:938)
06-02 23:40:00.483 25561 25561 W LayerDrawable: 	at android.os.Handler.dispatchMessage(Handler.java:99)
06-02 23:40:00.483 25561 25561 W LayerDrawable: 	at android.os.Looper.loopOnce(Looper.java:233)
06-02 23:40:00.483 25561 25561 W LayerDrawable: 	at android.os.Looper.loop(Looper.java:344)
06-02 23:40:00.483 25561 25561 W LayerDrawable: 	at android.app.ActivityThread.main(ActivityThread.java:8212)
06-02 23:40:00.483 25561 25561 W LayerDrawable: 	at java.lang.reflect.Method.invoke(Native Method)
06-02 23:40:00.483 25561 25561 W LayerDrawable: 	at com.android.internal.os.RuntimeInit$MethodAndArgsCaller.run(RuntimeInit.java:584)
06-02 23:40:00.483 25561 25561 W LayerDrawable: 	at com.android.internal.os.ZygoteInit.main(ZygoteInit.java:1034)
06-02 23:40:00.484 25561 25561 W LayerDrawable: Invalid drawable added to LayerDrawable! Drawable already belongs to another owner but does not expose a constant state.
06-02 23:40:00.484 25561 25561 W LayerDrawable: java.lang.RuntimeException
06-02 23:40:00.484 25561 25561 W LayerDrawable: 	at android.graphics.drawable.LayerDrawable$ChildDrawable.<init>(LayerDrawable.java:1857)
06-02 23:40:00.484 25561 25561 W LayerDrawable: 	at android.graphics.drawable.LayerDrawable$LayerState.<init>(LayerDrawable.java:1977)
06-02 23:40:00.484 25561 25561 W LayerDrawable: 	at android.graphics.drawable.LayerDrawable.createConstantState(LayerDrawable.java:174)
06-02 23:40:00.484 25561 25561 W LayerDrawable: 	at android.graphics.drawable.LayerDrawable.mutate(LayerDrawable.java:1782)
06-02 23:40:00.484 25561 25561 W LayerDrawable: 	at y7.s3.j(r8-map-id-70489a17c755e93c7fea7a3396c7ba59685014c1d459119269b85baaf0ad95ef:83)
06-02 23:40:00.484 25561 25561 W LayerDrawable: 	at helium314.keyboard.latin.panels.MenuPanelView.k(r8-map-id-70489a17c755e93c7fea7a3396c7ba59685014c1d459119269b85baaf0ad95ef:36)
06-02 23:40:00.484 25561 25561 W LayerDrawable: 	at helium314.keyboard.latin.panels.MenuPanelView.r(r8-map-id-70489a17c755e93c7fea7a3396c7ba59685014c1d459119269b85baaf0ad95ef:358)
06-02 23:40:00.484 25561 25561 W LayerDrawable: 	at v7.b.u(r8-map-id-70489a17c755e93c7fea7a3396c7ba59685014c1d459119269b85baaf0ad95ef:199)
06-02 23:40:00.484 25561 25561 W LayerDrawable: 	at helium314.keyboard.latin.LatinIME.l(r8-map-id-70489a17c755e93c7fea7a3396c7ba59685014c1d459119269b85baaf0ad95ef:36)
06-02 23:40:00.484 25561 25561 W LayerDrawable: 	at g7.m.a(r8-map-id-70489a17c755e93c7fea7a3396c7ba59685014c1d459119269b85baaf0ad95ef:266)
06-02 23:40:00.484 25561 25561 W LayerDrawable: 	at helium314.keyboard.latin.suggestions.SuggestionStripView.onClick(r8-map-id-70489a17c755e93c7fea7a3396c7ba59685014c1d459119269b85baaf0ad95ef:45)
06-02 23:40:00.484 25561 25561 W LayerDrawable: 	at android.view.View.performClick(View.java:7488)
06-02 23:40:00.484 25561 25561 W LayerDrawable: 	at android.view.View.performClickInternal(View.java:7464)
06-02 23:40:00.484 25561 25561 W LayerDrawable: 	at android.view.View.access$3700(View.java:841)
06-02 23:40:00.484 25561 25561 W LayerDrawable: 	at android.view.View$PerformClick.run(View.java:28911)
06-02 23:40:00.484 25561 25561 W LayerDrawable: 	at android.os.Handler.handleCallback(Handler.java:938)
06-02 23:40:00.484 25561 25561 W LayerDrawable: 	at android.os.Handler.dispatchMessage(Handler.java:99)
06-02 23:40:00.484 25561 25561 W LayerDrawable: 	at android.os.Looper.loopOnce(Looper.java:233)
06-02 23:40:00.484 25561 25561 W LayerDrawable: 	at android.os.Looper.loop(Looper.java:344)
06-02 23:40:00.484 25561 25561 W LayerDrawable: 	at android.app.ActivityThread.main(ActivityThread.java:8212)
06-02 23:40:00.484 25561 25561 W LayerDrawable: 	at java.lang.reflect.Method.invoke(Native Method)
06-02 23:40:00.484 25561 25561 W LayerDrawable: 	at com.android.internal.os.RuntimeInit$MethodAndArgsCaller.run(RuntimeInit.java:584)
06-02 23:40:00.484 25561 25561 W LayerDrawable: 	at com.android.internal.os.ZygoteInit.main(ZygoteInit.java:1034)
06-02 23:40:00.484 25561 25561 W LayerDrawable: Invalid drawable added to LayerDrawable! Drawable already belongs to another owner but does not expose a constant state.
06-02 23:40:00.484 25561 25561 W LayerDrawable: java.lang.RuntimeException
06-02 23:40:00.484 25561 25561 W LayerDrawable: 	at android.graphics.drawable.LayerDrawable$ChildDrawable.<init>(LayerDrawable.java:1857)
06-02 23:40:00.484 25561 25561 W LayerDrawable: 	at android.graphics.drawable.LayerDrawable$LayerState.<init>(LayerDrawable.java:1977)
06-02 23:40:00.484 25561 25561 W LayerDrawable: 	at android.graphics.drawable.LayerDrawable.createConstantState(LayerDrawable.java:174)
06-02 23:40:00.484 25561 25561 W LayerDrawable: 	at android.graphics.drawable.LayerDrawable.mutate(LayerDrawable.java:1782)
06-02 23:40:00.484 25561 25561 W LayerDrawable: 	at y7.s3.j(r8-map-id-70489a17c755e93c7fea7a3396c7ba59685014c1d459119269b85baaf0ad95ef:83)
06-02 23:40:00.484 25561 25561 W LayerDrawable: 	at helium314.keyboard.latin.panels.MenuPanelView.k(r8-map-id-70489a17c755e93c7fea7a3396c7ba59685014c1d459119269b85baaf0ad95ef:36)
06-02 23:40:00.484 25561 25561 W LayerDrawable: 	at helium314.keyboard.latin.panels.MenuPanelView.r(r8-map-id-70489a17c755e93c7fea7a3396c7ba59685014c1d459119269b85baaf0ad95ef:358)
06-02 23:40:00.484 25561 25561 W LayerDrawable: 	at v7.b.u(r8-map-id-70489a17c755e93c7fea7a3396c7ba59685014c1d459119269b85baaf0ad95ef:199)
06-02 23:40:00.484 25561 25561 W LayerDrawable: 	at helium314.keyboard.latin.LatinIME.l(r8-map-id-70489a17c755e93c7fea7a3396c7ba59685014c1d459119269b85baaf0ad95ef:36)
06-02 23:40:00.484 25561 25561 W LayerDrawable: 	at g7.m.a(r8-map-id-70489a17c755e93c7fea7a3396c7ba59685014c1d459119269b85baaf0ad95ef:266)
06-02 23:40:00.484 25561 25561 W LayerDrawable: 	at helium314.keyboard.latin.suggestions.SuggestionStripView.onClick(r8-map-id-70489a17c755e93c7fea7a3396c7ba59685014c1d459119269b85baaf0ad95ef:45)
06-02 23:40:00.484 25561 25561 W LayerDrawable: 	at android.view.View.performClick(View.java:7488)
06-02 23:40:00.484 25561 25561 W LayerDrawable: 	at android.view.View.performClickInternal(View.java:7464)
06-02 23:40:00.484 25561 25561 W LayerDrawable: 	at android.view.View.access$3700(View.java:841)
06-02 23:40:00.484 25561 25561 W LayerDrawable: 	at android.view.View$PerformClick.run(View.java:28911)
06-02 23:40:00.484 25561 25561 W LayerDrawable: 	at android.os.Handler.handleCallback(Handler.java:938)
06-02 23:40:00.484 25561 25561 W LayerDrawable: 	at android.os.Handler.dispatchMessage(Handler.java:99)
06-02 23:40:00.484 25561 25561 W LayerDrawable: 	at android.os.Looper.loopOnce(Looper.java:233)
06-02 23:40:00.484 25561 25561 W LayerDrawable: 	at android.os.Looper.loop(Looper.java:344)
06-02 23:40:00.484 25561 25561 W LayerDrawable: 	at android.app.ActivityThread.main(ActivityThread.java:8212)
06-02 23:40:00.484 25561 25561 W LayerDrawable: 	at java.lang.reflect.Method.invoke(Native Method)
06-02 23:40:00.484 25561 25561 W LayerDrawable: 	at com.android.internal.os.RuntimeInit$MethodAndArgsCaller.run(RuntimeInit.java:584)
06-02 23:40:00.484 25561 25561 W LayerDrawable: 	at com.android.internal.os.ZygoteInit.main(ZygoteInit.java:1034)
06-02 23:40:00.484 25561 25561 W LayerDrawable: Invalid drawable added to LayerDrawable! Drawable already belongs to another owner but does not expose a constant state.
