--------- beginning of crash
06-02 13:44:20.688   436  1522 F libc    : Fatal signal 11 (SIGSEGV), code 1 (SEGV_MAPERR), fault addr 0x0 in tid 1522 (launcher), pid 436 (AndroidUI)
06-02 13:44:22.272  9865  9865 F DEBUG   : Process name is com.vibekey.keyboard, not key_process
06-02 13:44:22.272  9865  9865 F DEBUG   : keyProcess: 0
06-02 13:44:22.272  9865  9865 F DEBUG   : *** *** *** *** *** *** *** *** *** *** *** *** *** *** *** ***
06-02 13:44:22.272  9865  9865 F DEBUG   : Build fingerprint: 'OnePlus/OnePlus7Pro/OnePlus7Pro:12/SKQ1.211113.001/P.202303230244:user/release-keys'
06-02 13:44:22.272  9865  9865 F DEBUG   : Revision: '0'
06-02 13:44:22.272  9865  9865 F DEBUG   : ABI: 'arm64'
06-02 13:44:22.272  9865  9865 F DEBUG   : Timestamp: 2026-06-02 13:44:20.918582528-0400
06-02 13:44:22.272  9865  9865 F DEBUG   : Process uptime: 0s
06-02 13:44:22.272  9865  9865 F DEBUG   : Cmdline: com.vibekey.keyboard
06-02 13:44:22.272  9865  9865 F DEBUG   : pid: 436, tid: 1522, name: launcher  >>> com.vibekey.keyboard <<<
06-02 13:44:22.272  9865  9865 F DEBUG   : uid: 13891
06-02 13:44:22.272  9865  9865 F DEBUG   : signal 11 (SIGSEGV), code 1 (SEGV_MAPERR), fault addr 0x0
06-02 13:44:22.272  9865  9865 F DEBUG   : Cause: null pointer dereference
06-02 13:44:22.272  9865  9865 F DEBUG   :     x0  0000000000000000  x1  00000000000005f2  x2  000000000000000b  x3  000000766d603da0
06-02 13:44:22.272  9865  9865 F DEBUG   :     x4  0000007694d1c400  x5  0000007694d1c400  x6  0000007694d1c400  x7  0000000000000000
06-02 13:44:22.272  9865  9865 F DEBUG   :     x8  00000000000000f0  x9  db746b027190efc7  x10 0000007696b4068c  x11 0000000000000000
06-02 13:44:22.272  9865  9865 F DEBUG   :     x12 00000000ffffffff  x13 0000000000000000  x14 00000075bb24b0f0  x15 00000076756011fc
06-02 13:44:22.272  9865  9865 F DEBUG   :     x16 000000757ca4b410  x17 00000076790b8f10  x18 00000074711fe000  x19 000000000000000b
06-02 13:44:22.272  9865  9865 F DEBUG   :     x20 000000766d603da0  x21 00000000000001b4  x22 000000766d603b90  x23 0000000000000001
06-02 13:44:22.272  9865  9865 F DEBUG   :     x24 0000007488642610  x25 00000075bb24c000  x26 0000007694d1d698  x27 0000007694d1c408
06-02 13:44:22.272  9865  9865 F DEBUG   :     x28 0000000000000400  x29 000000766d603bb0
06-02 13:44:22.272  9865  9865 F DEBUG   :     lr  0000007576c73da0  sp  000000766d603b90  pc  00000076790b8f34  pst 0000000000000000
06-02 13:44:22.272  9865  9865 F DEBUG   : backtrace:
06-02 13:44:22.272  9865  9865 F DEBUG   :       #00 pc 0000000000075f34  /apex/com.android.runtime/lib64/bionic/libc.so (syscall+36) (BuildId: bbbdeb7c87c74f1491f92c6e605095b0)
06-02 13:44:22.272  9865  9865 F DEBUG   :       #01 pc 0000000004062d9c  /data/app/~~0vURfNRJhP5qOxDjXMAdJA==/com.google.android.webview-1jICq8A_gawMkQD3QY60ZA==/base.apk!libwebviewchromium.so (BuildId: 6830cf8493d489d274dd2200dc390799760c2507)
06-02 13:44:22.272  9865  9865 F DEBUG   :       #02 pc 0000000004059518  /data/app/~~0vURfNRJhP5qOxDjXMAdJA==/com.google.android.webview-1jICq8A_gawMkQD3QY60ZA==/base.apk!libwebviewchromium.so (BuildId: 6830cf8493d489d274dd2200dc390799760c2507)
06-02 13:44:22.272  9865  9865 F DEBUG   :       #03 pc 000000000729d1dc  /data/app/~~o0IDpf5dZyI1QwCvAigHGA==/com.vibekey.keyboard-ND4J-sNbdy9txQXN6K2k8A==/lib/arm64/libxul.so (BuildId: 4a35ccb91ce54a7d8afe95f435ee2ee2cc640e58)
06-02 13:44:22.272  9865  9865 F DEBUG   :       #04 pc 0000000007721500  /data/app/~~o0IDpf5dZyI1QwCvAigHGA==/com.vibekey.keyboard-ND4J-sNbdy9txQXN6K2k8A==/lib/arm64/libxul.so (BuildId: 4a35ccb91ce54a7d8afe95f435ee2ee2cc640e58)
06-02 13:44:22.272  9865  9865 F DEBUG   :       #05 pc 0000000000006f94  /apex/com.android.art/lib64/libsigchain.so (art::SignalChain::Handler(int, siginfo*, void*)+1148) (BuildId: 1d71636c1517ecf3fa421563ba6710f3)
06-02 13:44:22.272  9865  9865 F DEBUG   :       #06 pc 0000000000000638  [vdso] (__kernel_rt_sigreturn+0)
06-02 13:44:22.272  9865  9865 F DEBUG   :       #07 pc 00000000044f860c  /data/app/~~o0IDpf5dZyI1QwCvAigHGA==/com.vibekey.keyboard-ND4J-sNbdy9txQXN6K2k8A==/lib/arm64/libxul.so (BuildId: 4a35ccb91ce54a7d8afe95f435ee2ee2cc640e58)
06-02 13:44:22.272  9865  9865 F DEBUG   :       #08 pc 00000000038cb360  /data/app/~~o0IDpf5dZyI1QwCvAigHGA==/com.vibekey.keyboard-ND4J-sNbdy9txQXN6K2k8A==/lib/arm64/libxul.so (BuildId: 4a35ccb91ce54a7d8afe95f435ee2ee2cc640e58)
06-02 13:44:22.272  9865  9865 F DEBUG   :       #09 pc 000000000394a4ac  /data/app/~~o0IDpf5dZyI1QwCvAigHGA==/com.vibekey.keyboard-ND4J-sNbdy9txQXN6K2k8A==/lib/arm64/libxul.so (BuildId: 4a35ccb91ce54a7d8afe95f435ee2ee2cc640e58)
06-02 13:44:22.272  9865  9865 F DEBUG   :       #10 pc 0000000003946cfc  /data/app/~~o0IDpf5dZyI1QwCvAigHGA==/com.vibekey.keyboard-ND4J-sNbdy9txQXN6K2k8A==/lib/arm64/libxul.so (BuildId: 4a35ccb91ce54a7d8afe95f435ee2ee2cc640e58)
06-02 13:44:22.272  9865  9865 F DEBUG   :       #11 pc 0000000002f16118  /data/app/~~o0IDpf5dZyI1QwCvAigHGA==/com.vibekey.keyboard-ND4J-sNbdy9txQXN6K2k8A==/lib/arm64/libxul.so (BuildId: 4a35ccb91ce54a7d8afe95f435ee2ee2cc640e58)
06-02 13:44:22.272  9865  9865 F DEBUG   :       #12 pc 0000000002f1ef68  /data/app/~~o0IDpf5dZyI1QwCvAigHGA==/com.vibekey.keyboard-ND4J-sNbdy9txQXN6K2k8A==/lib/arm64/libxul.so (BuildId: 4a35ccb91ce54a7d8afe95f435ee2ee2cc640e58)
06-02 13:44:22.272  9865  9865 F DEBUG   :       #13 pc 0000000002f1e3e8  /data/app/~~o0IDpf5dZyI1QwCvAigHGA==/com.vibekey.keyboard-ND4J-sNbdy9txQXN6K2k8A==/lib/arm64/libxul.so (BuildId: 4a35ccb91ce54a7d8afe95f435ee2ee2cc640e58)
06-02 13:44:22.272  9865  9865 F DEBUG   :       #14 pc 00000000041b0ae4  /data/app/~~o0IDpf5dZyI1QwCvAigHGA==/com.vibekey.keyboard-ND4J-sNbdy9txQXN6K2k8A==/lib/arm64/libxul.so (BuildId: 4a35ccb91ce54a7d8afe95f435ee2ee2cc640e58)
06-02 13:44:22.272  9865  9865 F DEBUG   :       #15 pc 00000000041b0668  /data/app/~~o0IDpf5dZyI1QwCvAigHGA==/com.vibekey.keyboard-ND4J-sNbdy9txQXN6K2k8A==/lib/arm64/libxul.so (BuildId: 4a35ccb91ce54a7d8afe95f435ee2ee2cc640e58)
06-02 13:44:22.272  9865  9865 F DEBUG   :       #16 pc 00000000001dae5c  /data/app/~~o0IDpf5dZyI1QwCvAigHGA==/com.vibekey.keyboard-ND4J-sNbdy9txQXN6K2k8A==/lib/arm64/libnss3.so (BuildId: b089d343de37b8a21215387a791de798513aaf64)
06-02 13:44:22.272  9865  9865 F DEBUG   :       #17 pc 000000000009e0bc  /data/app/~~o0IDpf5dZyI1QwCvAigHGA==/com.vibekey.keyboard-ND4J-sNbdy9txQXN6K2k8A==/lib/arm64/libmozglue.so (BuildId: 8d82c5d136d7c01bbfb799da8ac843daefd5a4ec)
06-02 13:44:22.272  9865  9865 F DEBUG   :       #18 pc 00000000000deb44  /apex/com.android.runtime/lib64/bionic/libc.so (__pthread_start(void*)+264) (BuildId: bbbdeb7c87c74f1491f92c6e605095b0)
06-02 13:44:22.272  9865  9865 F DEBUG   :       #19 pc 000000000007b2fc  /apex/com.android.runtime/lib64/bionic/libc.so (__start_thread+68) (BuildId: bbbdeb7c87c74f1491f92c6e605095b0)
06-02 14:21:01.502  9939  9989 F libc    : Fatal signal 7 (SIGBUS), code 2 (BUS_ADRERR), fault addr 0x767e978000 in tid 9989 (d), pid 9939 (AndroidUI)
06-02 14:21:03.051  2361  2361 F DEBUG   : Process name is com.vibekey.keyboard, not key_process
06-02 14:21:03.051  2361  2361 F DEBUG   : keyProcess: 0
06-02 14:21:03.051  2361  2361 F DEBUG   : *** *** *** *** *** *** *** *** *** *** *** *** *** *** *** ***
06-02 14:21:03.051  2361  2361 F DEBUG   : Build fingerprint: 'OnePlus/OnePlus7Pro/OnePlus7Pro:12/SKQ1.211113.001/P.202303230244:user/release-keys'
06-02 14:21:03.051  2361  2361 F DEBUG   : Revision: '0'
06-02 14:21:03.051  2361  2361 F DEBUG   : ABI: 'arm64'
06-02 14:21:03.051  2361  2361 F DEBUG   : Timestamp: 2026-06-02 14:21:01.889039500-0400
06-02 14:21:03.051  2361  2361 F DEBUG   : Process uptime: 0s
06-02 14:21:03.051  2361  2361 F DEBUG   : Cmdline: com.vibekey.keyboard
06-02 14:21:03.051  2361  2361 F DEBUG   : pid: 9939, tid: 9989, name: d  >>> com.vibekey.keyboard <<<
06-02 14:21:03.051  2361  2361 F DEBUG   : uid: 13891
06-02 14:21:03.051  2361  2361 F DEBUG   : signal 7 (SIGBUS), code 2 (BUS_ADRERR), fault addr 0x767e978000
06-02 14:21:03.051  2361  2361 F DEBUG   :     x0  0000000000000000  x1  0000000000002705  x2  0000000000000007  x3  000000768a6d1da0
06-02 14:21:03.051  2361  2361 F DEBUG   :     x4  000000768a6d16a8  x5  000000768a6d16a8  x6  000000768a6d16a8  x7  0000000000000000
06-02 14:21:03.051  2361  2361 F DEBUG   :     x8  00000000000000f0  x9  db746b027190efc7  x10 0000000000004001  x11 0000000000000000
06-02 14:21:03.051  2361  2361 F DEBUG   :     x12 00000000ffffffff  x13 0000000000000000  x14 000000000000001f  x15 000000767e977f9d
06-02 14:21:03.051  2361  2361 F DEBUG   :     x16 000000757ca4b410  x17 00000076790b8f10  x18 0000007533182000  x19 0000000000000007
06-02 14:21:03.051  2361  2361 F DEBUG   :     x20 000000768a6d1da0  x21 00000000000026d3  x22 000000768a6d1d00  x23 0000000000000001
06-02 14:21:03.051  2361  2361 F DEBUG   :     x24 0000000080000000  x25 b4000075bb0a6fb0  x26 00000075ccb64024  x27 0000000000000001
06-02 14:21:03.051  2361  2361 F DEBUG   :     x28 00000075ccb645d8  x29 000000768a6d1d20
06-02 14:21:03.051  2361  2361 F DEBUG   :     lr  0000007576c73da0  sp  000000768a6d1d00  pc  00000076790b8f34  pst 0000000000000000
06-02 14:21:03.051  2361  2361 F DEBUG   : backtrace:
06-02 14:21:03.051  2361  2361 F DEBUG   :       #00 pc 0000000000075f34  /apex/com.android.runtime/lib64/bionic/libc.so (syscall+36) (BuildId: bbbdeb7c87c74f1491f92c6e605095b0)
06-02 14:21:03.051  2361  2361 F DEBUG   :       #01 pc 0000000004062d9c  /data/app/~~0vURfNRJhP5qOxDjXMAdJA==/com.google.android.webview-1jICq8A_gawMkQD3QY60ZA==/base.apk!libwebviewchromium.so (BuildId: 6830cf8493d489d274dd2200dc390799760c2507)
06-02 14:21:03.051  2361  2361 F DEBUG   :       #02 pc 0000000004059518  /data/app/~~0vURfNRJhP5qOxDjXMAdJA==/com.google.android.webview-1jICq8A_gawMkQD3QY60ZA==/base.apk!libwebviewchromium.so (BuildId: 6830cf8493d489d274dd2200dc390799760c2507)
06-02 14:21:03.051  2361  2361 F DEBUG   :       #03 pc 0000000000000638  [vdso] (__kernel_rt_sigreturn+0)
06-02 14:21:03.051  2361  2361 F DEBUG   :       #04 pc 00000000000b69b8  /data/app/~~o0IDpf5dZyI1QwCvAigHGA==/com.vibekey.keyboard-ND4J-sNbdy9txQXN6K2k8A==/lib/arm64/libjni_latinime.so (latinime::ShortcutListReadingUtils::getShortcutListSizeAndForwardPointer(latinime::ReadOnlyByteArrayView, int*)+0) (BuildId: 8d76756a997f3dfd1fecc1bfb186b1b8aa252cdd)
06-02 14:21:03.051  2361  2361 F DEBUG   :       #05 pc 00000000000b2e04  /data/app/~~o0IDpf5dZyI1QwCvAigHGA==/com.vibekey.keyboard-ND4J-sNbdy9txQXN6K2k8A==/lib/arm64/libjni_latinime.so (latinime::ShortcutListPolicy::skipAllShortcuts(int*) const+32) (BuildId: 8d76756a997f3dfd1fecc1bfb186b1b8aa252cdd)
06-02 14:21:03.051  2361  2361 F DEBUG   :       #06 pc 00000000000b6924  /data/app/~~o0IDpf5dZyI1QwCvAigHGA==/com.vibekey.keyboard-ND4J-sNbdy9txQXN6K2k8A==/lib/arm64/libjni_latinime.so (latinime::PatriciaTrieReadingUtils::readPtNodeInfo(unsigned char const*, int, int, latinime::DictionaryShortcutsStructurePolicy const*, latinime::DictionaryBigramsStructurePolicy const*, int const*, unsigned char*, int*, int*, int*, int*, int*, int*, int*)+688) (BuildId: 8d76756a997f3dfd1fecc1bfb186b1b8aa252cdd)
06-02 14:21:03.051  2361  2361 F DEBUG   :       #07 pc 00000000000b883c  /data/app/~~o0IDpf5dZyI1QwCvAigHGA==/com.vibekey.keyboard-ND4J-sNbdy9txQXN6K2k8A==/lib/arm64/libjni_latinime.so (latinime::Ver2ParticiaTrieNodeReader::fetchPtNodeParamsInBufferFromPtNodePos(int) const+140) (BuildId: 8d76756a997f3dfd1fecc1bfb186b1b8aa252cdd)
06-02 14:21:03.051  2361  2361 F DEBUG   :       #08 pc 00000000000b4ae0  /data/app/~~o0IDpf5dZyI1QwCvAigHGA==/com.vibekey.keyboard-ND4J-sNbdy9txQXN6K2k8A==/lib/arm64/libjni_latinime.so (latinime::DynamicPtReadingHelper::getTerminalPtNodePositionOfWord(int const*, unsigned long, bool)+232) (BuildId: 8d76756a997f3dfd1fecc1bfb186b1b8aa252cdd)
06-02 14:21:03.052  2361  2361 F DEBUG   :       #09 pc 00000000000b71e0  /data/app/~~o0IDpf5dZyI1QwCvAigHGA==/com.vibekey.keyboard-ND4J-sNbdy9txQXN6K2k8A==/lib/arm64/libjni_latinime.so (latinime::PatriciaTriePolicy::getWordId(latinime::IntArrayView, bool) const+184) (BuildId: 8d76756a997f3dfd1fecc1bfb186b1b8aa252cdd)
06-02 14:21:03.052  2361  2361 F DEBUG   :       #10 pc 00000000000a7d0c  /data/app/~~o0IDpf5dZyI1QwCvAigHGA==/com.vibekey.keyboard-ND4J-sNbdy9txQXN6K2k8A==/lib/arm64/libjni_latinime.so (latinime::NgramContext::getWordId(latinime::DictionaryStructureWithBufferPolicy const*, int const*, int, bool, bool)+232) (BuildId: 8d76756a997f3dfd1fecc1bfb186b1b8aa252cdd)
06-02 14:21:03.052  2361  2361 F DEBUG   :       #11 pc 00000000000d3224  /data/app/~~o0IDpf5dZyI1QwCvAigHGA==/com.vibekey.keyboard-ND4J-sNbdy9txQXN6K2k8A==/lib/arm64/libjni_latinime.so (latinime::DicTraverseSession::init(latinime::Dictionary const*, latinime::NgramContext const*, latinime::SuggestOptions const*)+116) (BuildId: 8d76756a997f3dfd1fecc1bfb186b1b8aa252cdd)
06-02 14:21:03.052  2361  2361 F DEBUG   :       #12 pc 00000000000c8a80  /data/app/~~o0IDpf5dZyI1QwCvAigHGA==/com.vibekey.keyboard-ND4J-sNbdy9txQXN6K2k8A==/lib/arm64/libjni_latinime.so (latinime::Dictionary::getSuggestions(latinime::ProximityInfo*, latinime::DicTraverseSession*, int*, int*, int*, int*, int*, int, latinime::NgramContext const*, latinime::SuggestOptions const*, float, latinime::SuggestionResults*) const+104) (BuildId: 8d76756a997f3dfd1fecc1bfb186b1b8aa252cdd)
06-02 14:21:03.052  2361  2361 F DEBUG   :       #13 pc 000000000009fd58  /data/app/~~o0IDpf5dZyI1QwCvAigHGA==/com.vibekey.keyboard-ND4J-sNbdy9txQXN6K2k8A==/lib/arm64/libjni_latinime.so (BuildId: 8d76756a997f3dfd1fecc1bfb186b1b8aa252cdd)
06-02 14:21:03.052  2361  2361 F DEBUG   :       #14 pc 00000000002c2100  /apex/com.android.art/lib64/libart.so (art_quick_generic_jni_trampoline+144) (BuildId: 7087b2f2160bfbf3335d54ba9779e325)
06-02 14:21:03.052  2361  2361 F DEBUG   :       #15 pc 00000000006692dc  /apex/com.android.art/lib64/libart.so (nterp_helper+3852) (BuildId: 7087b2f2160bfbf3335d54ba9779e325)
06-02 14:21:03.052  2361  2361 F DEBUG   :       #16 pc 000000000022ef7e  /data/app/~~o0IDpf5dZyI1QwCvAigHGA==/com.vibekey.keyboard-ND4J-sNbdy9txQXN6K2k8A==/oat/arm64/base.vdex (com.android.inputmethod.latin.BinaryDictionary.d+546)
06-02 14:21:03.052  2361  2361 F DEBUG   :       #17 pc 0000000000669a28  /apex/com.android.art/lib64/libart.so (nterp_helper+5720) (BuildId: 7087b2f2160bfbf3335d54ba9779e325)
06-02 14:21:03.052  2361  2361 F DEBUG   :       #18 pc 0000000000aa67ae  /data/app/~~o0IDpf5dZyI1QwCvAigHGA==/com.vibekey.keyboard-ND4J-sNbdy9txQXN6K2k8A==/oat/arm64/base.vdex (t7.l.d+50)
06-02 14:21:03.052  2361  2361 F DEBUG   :       #19 pc 0000000000669a28  /apex/com.android.art/lib64/libart.so (nterp_helper+5720) (BuildId: 7087b2f2160bfbf3335d54ba9779e325)
06-02 14:21:03.052  2361  2361 F DEBUG   :       #20 pc 0000000000aa57be  /data/app/~~o0IDpf5dZyI1QwCvAigHGA==/com.vibekey.keyboard-ND4J-sNbdy9txQXN6K2k8A==/oat/arm64/base.vdex (t7.e.d+150)
06-02 14:21:03.052  2361  2361 F DEBUG   :       #21 pc 0000000000669a28  /apex/com.android.art/lib64/libart.so (nterp_helper+5720) (BuildId: 7087b2f2160bfbf3335d54ba9779e325)
06-02 14:21:03.052  2361  2361 F DEBUG   :       #22 pc 000000000057ff10  /data/app/~~o0IDpf5dZyI1QwCvAigHGA==/com.vibekey.keyboard-ND4J-sNbdy9txQXN6K2k8A==/oat/arm64/base.vdex (n7.p.h+216)
06-02 14:21:03.052  2361  2361 F DEBUG   :       #23 pc 0000000000669a28  /apex/com.android.art/lib64/libart.so (nterp_helper+5720) (BuildId: 7087b2f2160bfbf3335d54ba9779e325)
06-02 14:21:03.052  2361  2361 F DEBUG   :       #24 pc 000000000057fa9c  /data/app/~~o0IDpf5dZyI1QwCvAigHGA==/com.vibekey.keyboard-ND4J-sNbdy9txQXN6K2k8A==/oat/arm64/base.vdex (n7.p.g+384)
06-02 14:21:03.052  2361  2361 F DEBUG   :       #25 pc 0000000000669a28  /apex/com.android.art/lib64/libart.so (nterp_helper+5720) (BuildId: 7087b2f2160bfbf3335d54ba9779e325)
06-02 14:21:03.052  2361  2361 F DEBUG   :       #26 pc 0000000000586c8a  /data/app/~~o0IDpf5dZyI1QwCvAigHGA==/com.vibekey.keyboard-ND4J-sNbdy9txQXN6K2k8A==/oat/arm64/base.vdex (n7.k1.b+310)
06-02 14:21:03.052  2361  2361 F DEBUG   :       #27 pc 0000000000669a28  /apex/com.android.art/lib64/libart.so (nterp_helper+5720) (BuildId: 7087b2f2160bfbf3335d54ba9779e325)
06-02 14:21:03.052  2361  2361 F DEBUG   :       #28 pc 0000000000aad660  /data/app/~~o0IDpf5dZyI1QwCvAigHGA==/com.vibekey.keyboard-ND4J-sNbdy9txQXN6K2k8A==/oat/arm64/base.vdex (v7.b.l+1468)
06-02 14:21:03.052  2361  2361 F DEBUG   :       #29 pc 0000000000669324  /apex/com.android.art/lib64/libart.so (nterp_helper+3924) (BuildId: 7087b2f2160bfbf3335d54ba9779e325)
06-02 14:21:03.052  2361  2361 F DEBUG   :       #30 pc 0000000000582160  /data/app/~~o0IDpf5dZyI1QwCvAigHGA==/com.vibekey.keyboard-ND4J-sNbdy9txQXN6K2k8A==/oat/arm64/base.vdex (n7.v.run+72)
06-02 14:21:03.052  2361  2361 F DEBUG   :       #31 pc 000000000066a144  /apex/com.android.art/lib64/libart.so (nterp_helper+7540) (BuildId: 7087b2f2160bfbf3335d54ba9779e325)
06-02 14:21:03.052  2361  2361 F DEBUG   :       #32 pc 0000000000aaa7e2  /data/app/~~o0IDpf5dZyI1QwCvAigHGA==/com.vibekey.keyboard-ND4J-sNbdy9txQXN6K2k8A==/oat/arm64/base.vdex (v7.d.handleMessage+18)
06-02 14:21:03.052  2361  2361 F DEBUG   :       #33 pc 000000000205b2d4  /memfd:jit-zygote-cache (deleted)
06-02 14:21:06.337  2389  2500 F libc    : Fatal signal 7 (SIGBUS), code 2 (BUS_ADRERR), fault addr 0x766528c392 in tid 2500 (d), pid 2389 (AndroidUI)
06-02 14:21:07.356  2916  2916 F DEBUG   : Process name is com.vibekey.keyboard, not key_process
06-02 14:21:07.356  2916  2916 F DEBUG   : keyProcess: 0
06-02 14:21:07.356  2916  2916 F DEBUG   : *** *** *** *** *** *** *** *** *** *** *** *** *** *** *** ***
06-02 14:21:07.356  2916  2916 F DEBUG   : Build fingerprint: 'OnePlus/OnePlus7Pro/OnePlus7Pro:12/SKQ1.211113.001/P.202303230244:user/release-keys'
06-02 14:21:07.356  2916  2916 F DEBUG   : Revision: '0'
06-02 14:21:07.356  2916  2916 F DEBUG   : ABI: 'arm64'
06-02 14:21:07.356  2916  2916 F DEBUG   : Timestamp: 2026-06-02 14:21:06.578500384-0400
06-02 14:21:07.356  2916  2916 F DEBUG   : Process uptime: 0s
06-02 14:21:07.356  2916  2916 F DEBUG   : Cmdline: com.vibekey.keyboard
06-02 14:21:07.356  2916  2916 F DEBUG   : pid: 2389, tid: 2500, name: d  >>> com.vibekey.keyboard <<<
06-02 14:21:07.356  2916  2916 F DEBUG   : uid: 13891
06-02 14:21:07.356  2916  2916 F DEBUG   : signal 7 (SIGBUS), code 2 (BUS_ADRERR), fault addr 0x766528c392
06-02 14:21:07.356  2916  2916 F DEBUG   :     x0  0000000000000000  x1  00000000000009c4  x2  0000000000000007  x3  000000768a7feda0
06-02 14:21:07.356  2916  2916 F DEBUG   :     x4  000000768a7fe6a8  x5  000000768a7fe6a8  x6  000000768a7fe6a8  x7  0000000000000000
06-02 14:21:07.356  2916  2916 F DEBUG   :     x8  00000000000000f0  x9  db746b027190efc7  x10 0000000000004001  x11 0000000000000000
06-02 14:21:07.356  2916  2916 F DEBUG   :     x12 00000000ffffffff  x13 0000000000000000  x14 0000000000000100  x15 0000000000000000
06-02 14:21:07.356  2916  2916 F DEBUG   :     x16 000000757ca4b410  x17 00000076790b8f10  x18 000000755f542000  x19 0000000000000007
06-02 14:21:07.356  2916  2916 F DEBUG   :     x20 000000768a7feda0  x21 0000000000000955  x22 000000768a7fed00  x23 0000000000000001
06-02 14:21:07.356  2916  2916 F DEBUG   :     x24 b400007414641f40  x25 b4000075cacb2390  x26 0000000000074680  x27 b40000741460d100
06-02 14:21:07.356  2916  2916 F DEBUG   :     x28 0000000000000000  x29 000000768a7fed20
06-02 14:21:07.356  2916  2916 F DEBUG   :     lr  0000007576c73da0  sp  000000768a7fed00  pc  00000076790b8f34  pst 0000000000000000
06-02 14:21:07.356  2916  2916 F DEBUG   : backtrace:
06-02 14:21:07.356  2916  2916 F DEBUG   :       #00 pc 0000000000075f34  /apex/com.android.runtime/lib64/bionic/libc.so (syscall+36) (BuildId: bbbdeb7c87c74f1491f92c6e605095b0)
06-02 14:21:07.356  2916  2916 F DEBUG   :       #01 pc 0000000004062d9c  /data/app/~~0vURfNRJhP5qOxDjXMAdJA==/com.google.android.webview-1jICq8A_gawMkQD3QY60ZA==/base.apk!libwebviewchromium.so (BuildId: 6830cf8493d489d274dd2200dc390799760c2507)
06-02 14:21:07.356  2916  2916 F DEBUG   :       #02 pc 0000000004059518  /data/app/~~0vURfNRJhP5qOxDjXMAdJA==/com.google.android.webview-1jICq8A_gawMkQD3QY60ZA==/base.apk!libwebviewchromium.so (BuildId: 6830cf8493d489d274dd2200dc390799760c2507)
06-02 14:21:07.356  2916  2916 F DEBUG   :       #03 pc 0000000000000638  [vdso] (__kernel_rt_sigreturn+0)
06-02 14:21:07.356  2916  2916 F DEBUG   :       #04 pc 00000000000b623c  /data/app/~~o0IDpf5dZyI1QwCvAigHGA==/com.vibekey.keyboard-ND4J-sNbdy9txQXN6K2k8A==/lib/arm64/libjni_latinime.so (latinime::PatriciaTrieReadingUtils::getPtNodeArraySizeAndAdvancePosition(unsigned char const*, int*)+8) (BuildId: 8d76756a997f3dfd1fecc1bfb186b1b8aa252cdd)
06-02 14:21:07.357  2916  2916 F DEBUG   :       #05 pc 00000000000b6b50  /data/app/~~o0IDpf5dZyI1QwCvAigHGA==/com.vibekey.keyboard-ND4J-sNbdy9txQXN6K2k8A==/lib/arm64/libjni_latinime.so (latinime::PatriciaTriePolicy::createAndGetAllChildDicNodes(latinime::DicNode const*, latinime::DicNodeVector*) const+108) (BuildId: 8d76756a997f3dfd1fecc1bfb186b1b8aa252cdd)
06-02 14:21:07.357  2916  2916 F DEBUG   :       #06 pc 00000000000d581c  /data/app/~~o0IDpf5dZyI1QwCvAigHGA==/com.vibekey.keyboard-ND4J-sNbdy9txQXN6K2k8A==/lib/arm64/libjni_latinime.so (latinime::Suggest::processDicNodeAsOmission(latinime::DicTraverseSession*, latinime::DicNode*) const+84) (BuildId: 8d76756a997f3dfd1fecc1bfb186b1b8aa252cdd)
06-02 14:21:07.357  2916  2916 F DEBUG   :       #07 pc 00000000000d4918  /data/app/~~o0IDpf5dZyI1QwCvAigHGA==/com.vibekey.keyboard-ND4J-sNbdy9txQXN6K2k8A==/lib/arm64/libjni_latinime.so (latinime::Suggest::expandCurrentDicNodes(latinime::DicTraverseSession*) const+1732) (BuildId: 8d76756a997f3dfd1fecc1bfb186b1b8aa252cdd)
06-02 14:21:07.357  2916  2916 F DEBUG   :       #08 pc 00000000000d3a9c  /data/app/~~o0IDpf5dZyI1QwCvAigHGA==/com.vibekey.keyboard-ND4J-sNbdy9txQXN6K2k8A==/lib/arm64/libjni_latinime.so (latinime::Suggest::getSuggestions(latinime::ProximityInfo*, void*, int*, int*, int*, int*, int*, int, float, latinime::SuggestionResults*) const+504) (BuildId: 8d76756a997f3dfd1fecc1bfb186b1b8aa252cdd)
06-02 14:21:07.357  2916  2916 F DEBUG   :       #09 pc 000000000009fd58  /data/app/~~o0IDpf5dZyI1QwCvAigHGA==/com.vibekey.keyboard-ND4J-sNbdy9txQXN6K2k8A==/lib/arm64/libjni_latinime.so (BuildId: 8d76756a997f3dfd1fecc1bfb186b1b8aa252cdd)
06-02 14:21:07.357  2916  2916 F DEBUG   :       #10 pc 00000000002c2100  /apex/com.android.art/lib64/libart.so (art_quick_generic_jni_trampoline+144) (BuildId: 7087b2f2160bfbf3335d54ba9779e325)
06-02 14:21:07.357  2916  2916 F DEBUG   :       #11 pc 00000000006692dc  /apex/com.android.art/lib64/libart.so (nterp_helper+3852) (BuildId: 7087b2f2160bfbf3335d54ba9779e325)
06-02 14:21:07.357  2916  2916 F DEBUG   :       #12 pc 000000000022ef7e  /data/app/~~o0IDpf5dZyI1QwCvAigHGA==/com.vibekey.keyboard-ND4J-sNbdy9txQXN6K2k8A==/oat/arm64/base.vdex (com.android.inputmethod.latin.BinaryDictionary.d+546)
06-02 14:21:07.357  2916  2916 F DEBUG   :       #13 pc 0000000000669a28  /apex/com.android.art/lib64/libart.so (nterp_helper+5720) (BuildId: 7087b2f2160bfbf3335d54ba9779e325)
06-02 14:21:07.357  2916  2916 F DEBUG   :       #14 pc 0000000000aa67ae  /data/app/~~o0IDpf5dZyI1QwCvAigHGA==/com.vibekey.keyboard-ND4J-sNbdy9txQXN6K2k8A==/oat/arm64/base.vdex (t7.l.d+50)
06-02 14:21:07.357  2916  2916 F DEBUG   :       #15 pc 0000000000669a28  /apex/com.android.art/lib64/libart.so (nterp_helper+5720) (BuildId: 7087b2f2160bfbf3335d54ba9779e325)
06-02 14:21:07.357  2916  2916 F DEBUG   :       #16 pc 0000000000aa57be  /data/app/~~o0IDpf5dZyI1QwCvAigHGA==/com.vibekey.keyboard-ND4J-sNbdy9txQXN6K2k8A==/oat/arm64/base.vdex (t7.e.d+150)
06-02 14:21:07.357  2916  2916 F DEBUG   :       #17 pc 0000000000669a28  /apex/com.android.art/lib64/libart.so (nterp_helper+5720) (BuildId: 7087b2f2160bfbf3335d54ba9779e325)
06-02 14:21:07.357  2916  2916 F DEBUG   :       #18 pc 000000000057ff10  /data/app/~~o0IDpf5dZyI1QwCvAigHGA==/com.vibekey.keyboard-ND4J-sNbdy9txQXN6K2k8A==/oat/arm64/base.vdex (n7.p.h+216)
06-02 14:21:07.357  2916  2916 F DEBUG   :       #19 pc 0000000000669a28  /apex/com.android.art/lib64/libart.so (nterp_helper+5720) (BuildId: 7087b2f2160bfbf3335d54ba9779e325)
06-02 14:21:07.357  2916  2916 F DEBUG   :       #20 pc 000000000057fa9c  /data/app/~~o0IDpf5dZyI1QwCvAigHGA==/com.vibekey.keyboard-ND4J-sNbdy9txQXN6K2k8A==/oat/arm64/base.vdex (n7.p.g+384)
06-02 14:21:07.357  2916  2916 F DEBUG   :       #21 pc 0000000000669a28  /apex/com.android.art/lib64/libart.so (nterp_helper+5720) (BuildId: 7087b2f2160bfbf3335d54ba9779e325)
06-02 14:21:07.357  2916  2916 F DEBUG   :       #22 pc 0000000000586cb0  /data/app/~~o0IDpf5dZyI1QwCvAigHGA==/com.vibekey.keyboard-ND4J-sNbdy9txQXN6K2k8A==/oat/arm64/base.vdex (n7.k1.b+348)
06-02 14:21:07.357  2916  2916 F DEBUG   :       #23 pc 0000000000669a28  /apex/com.android.art/lib64/libart.so (nterp_helper+5720) (BuildId: 7087b2f2160bfbf3335d54ba9779e325)
06-02 14:21:07.357  2916  2916 F DEBUG   :       #24 pc 0000000000aad660  /data/app/~~o0IDpf5dZyI1QwCvAigHGA==/com.vibekey.keyboard-ND4J-sNbdy9txQXN6K2k8A==/oat/arm64/base.vdex (v7.b.l+1468)
06-02 14:21:07.357  2916  2916 F DEBUG   :       #25 pc 0000000000669324  /apex/com.android.art/lib64/libart.so (nterp_helper+3924) (BuildId: 7087b2f2160bfbf3335d54ba9779e325)
06-02 14:21:07.357  2916  2916 F DEBUG   :       #26 pc 0000000000582160  /data/app/~~o0IDpf5dZyI1QwCvAigHGA==/com.vibekey.keyboard-ND4J-sNbdy9txQXN6K2k8A==/oat/arm64/base.vdex (n7.v.run+72)
06-02 14:21:07.357  2916  2916 F DEBUG   :       #27 pc 000000000066a144  /apex/com.android.art/lib64/libart.so (nterp_helper+7540) (BuildId: 7087b2f2160bfbf3335d54ba9779e325)
06-02 14:21:07.357  2916  2916 F DEBUG   :       #28 pc 0000000000aaa7e2  /data/app/~~o0IDpf5dZyI1QwCvAigHGA==/com.vibekey.keyboard-ND4J-sNbdy9txQXN6K2k8A==/oat/arm64/base.vdex (v7.d.handleMessage+18)
06-02 14:21:07.357  2916  2916 F DEBUG   :       #29 pc 000000000205b2d4  /memfd:jit-zygote-cache (deleted)
06-02 14:21:57.663  2945  3333 F libc    : Pointer tag for 0xffffffff was truncated, see 'https://source.android.com/devices/tech/debug/tagged-pointers'.
--------- beginning of main
06-02 15:17:56.047  4491 21580 W ServiceBindIntentUtils: Dynamic lookup for intent failed for action: com.google.android.gms.ads.service.START
06-02 15:17:56.081  4491 21577 W Ads     : Not retrying to fetch app settings
06-02 15:17:56.105  4491 21572 W Ads     : Not retrying to fetch app settings
06-02 15:17:56.577  4491  4491 W AdManager: Rewarded load failed tier=PRIMARY code=3 domain=com.google.android.gms.ads message=Publisher data not found. <https://support.google.com/admob/answer/9905175#9>
06-02 15:17:56.592  4491  4491 W AdManager: Interstitial ad failed to load: code=3 message=Publisher data not found. <https://support.google.com/admob/answer/9905175#9>
06-02 15:17:56.610  4491  4491 W AdManager: Native ad failed to load: code=3 message=Publisher data not found. <https://support.google.com/admob/answer/9905175#9>
06-02 15:18:07.649  4491  4525 W VibeKeyProfiler: Slow Native Suggest: Total=8.79ms | Init=0.14ms | TrieExpand(x23)=8.51ms | Scoring=0.15ms | inputSize=1
06-02 15:18:07.655  4491  4524 W VibeKeyProfiler: Slow Native Suggest: Total=14.89ms | Init=0.18ms | TrieExpand(x16)=14.63ms | Scoring=0.08ms | inputSize=1
06-02 15:18:07.660  4491  4525 W VibeKeyProfiler: Slow Native Suggest: Total=9.49ms | Init=0.12ms | TrieExpand(x27)=9.30ms | Scoring=0.07ms | inputSize=1
06-02 15:18:07.662  4491  4540 W VibeKeyProfiler: Slow Kotlin Suggest: Total=23.92ms | locales=3 | typedLen=1 | candidates=18 parallelWait=23.38ms
06-02 15:18:08.525  4491  4525 W VibeKeyProfiler: Slow Native Suggest: Total=8.29ms | Init=0.01ms | TrieExpand(x16)=8.24ms | Scoring=0.03ms | inputSize=1
06-02 15:18:08.768  4491  4540 W VibeKeyProfiler: Slow Native Suggest: Total=8.05ms | Init=3.21ms | TrieExpand(x5)=4.83ms | Scoring=0.02ms | inputSize=24
06-02 15:18:08.777  4491  4540 W VibeKeyProfiler: Slow Kotlin Suggest: Total=17.04ms | locales=3 | typedLen=0 | candidates=18 parallelWait=16.91ms
06-02 15:18:08.906  4491  4525 W VibeKeyProfiler: Slow Native Suggest: Total=8.15ms | Init=0.06ms | TrieExpand(x16)=8.06ms | Scoring=0.03ms | inputSize=3
06-02 15:18:08.914  4491  4540 W VibeKeyProfiler: Slow Kotlin Suggest: Total=16.73ms | locales=3 | typedLen=3 | candidates=18 parallelWait=16.61ms
06-02 15:18:10.762  4491  4491 E GeckoView: Failed to attach WindowInsetsListener: 
06-02 15:18:10.762  4491  4491 E GeckoView: java.lang.NullPointerException: Attempt to invoke virtual method 'android.view.Window android.app.Activity.getWindow()' on a null object reference
06-02 15:18:10.762  4491  4491 E GeckoView: 	at org.mozilla.geckoview.GeckoView.attachWindowInsetsListener(r8-map-id-85bb38a905de45152437ca334b351eb80adb24a621cdd65ea75e25d63ae7e63c:1)
06-02 15:18:10.762  4491  4491 E GeckoView: 	at org.mozilla.geckoview.GeckoView.onAttachedToWindow(r8-map-id-85bb38a905de45152437ca334b351eb80adb24a621cdd65ea75e25d63ae7e63c:49)
06-02 15:18:10.762  4491  4491 E GeckoView: 	at android.view.View.dispatchAttachedToWindow(View.java:20900)
06-02 15:18:10.762  4491  4491 E GeckoView: 	at android.view.ViewGroup.dispatchAttachedToWindow(ViewGroup.java:3539)
06-02 15:18:10.762  4491  4491 E GeckoView: 	at android.view.ViewGroup.addViewInner(ViewGroup.java:5378)
06-02 15:18:10.762  4491  4491 E GeckoView: 	at android.view.ViewGroup.addView(ViewGroup.java:5156)
06-02 15:18:10.762  4491  4491 E GeckoView: 	at android.view.ViewGroup.addView(ViewGroup.java:5096)
06-02 15:18:10.762  4491  4491 E GeckoView: 	at helium314.keyboard.latin.panels.BrowserPanelView.V(r8-map-id-85bb38a905de45152437ca334b351eb80adb24a621cdd65ea75e25d63ae7e63c:259)
06-02 15:18:10.762  4491  4491 E GeckoView: 	at helium314.keyboard.latin.panels.BrowserPanelView.E0(r8-map-id-85bb38a905de45152437ca334b351eb80adb24a621cdd65ea75e25d63ae7e63c:64)
06-02 15:18:10.762  4491  4491 E GeckoView: 	at c5.t.run(r8-map-id-85bb38a905de45152437ca334b351eb80adb24a621cdd65ea75e25d63ae7e63c:622)
06-02 15:18:10.762  4491  4491 E GeckoView: 	at g7.y.onGlobalLayout(r8-map-id-85bb38a905de45152437ca334b351eb80adb24a621cdd65ea75e25d63ae7e63c:8)
06-02 15:18:10.762  4491  4491 E GeckoView: 	at android.view.ViewTreeObserver.dispatchOnGlobalLayout(ViewTreeObserver.java:1061)
06-02 15:18:10.762  4491  4491 E GeckoView: 	at android.view.ViewRootImpl.performTraversals(ViewRootImpl.java:3407)
06-02 15:18:10.762  4491  4491 E GeckoView: 	at android.view.ViewRootImpl.doTraversal(ViewRootImpl.java:2305)
06-02 15:18:10.762  4491  4491 E GeckoView: 	at android.view.ViewRootImpl$TraversalRunnable.run(ViewRootImpl.java:9133)
06-02 15:18:10.762  4491  4491 E GeckoView: 	at android.view.Choreographer$CallbackRecord.run(Choreographer.java:1232)
06-02 15:18:10.762  4491  4491 E GeckoView: 	at android.view.Choreographer.doCallbacks(Choreographer.java:1029)
06-02 15:18:10.762  4491  4491 E GeckoView: 	at android.view.Choreographer.doFrame(Choreographer.java:934)
06-02 15:18:10.762  4491  4491 E GeckoView: 	at android.view.Choreographer$FrameDisplayEventReceiver.run(Choreographer.java:1217)
06-02 15:18:10.762  4491  4491 E GeckoView: 	at android.os.Handler.handleCallback(Handler.java:938)
06-02 15:18:10.762  4491  4491 E GeckoView: 	at android.os.Handler.dispatchMessage(Handler.java:99)
06-02 15:18:10.762  4491  4491 E GeckoView: 	at android.os.Looper.loopOnce(Looper.java:233)
06-02 15:18:10.762  4491  4491 E GeckoView: 	at android.os.Looper.loop(Looper.java:344)
06-02 15:18:10.762  4491  4491 E GeckoView: 	at android.app.ActivityThread.main(ActivityThread.java:8212)
06-02 15:18:10.762  4491  4491 E GeckoView: 	at java.lang.reflect.Method.invoke(Native Method)
06-02 15:18:10.762  4491  4491 E GeckoView: 	at com.android.internal.os.RuntimeInit$MethodAndArgsCaller.run(RuntimeInit.java:584)
06-02 15:18:10.762  4491  4491 E GeckoView: 	at com.android.internal.os.ZygoteInit.main(ZygoteInit.java:1034)
06-02 15:18:10.794  4491  4491 W View    : requestLayout() improperly called by helium314.keyboard.latin.panels.BrowserPanelView{776ea25 V.E...... ......ID 0,0-1440,2040} during layout: running second layout pass
06-02 15:18:10.816  4491  4491 W View    : requestLayout() improperly called by helium314.keyboard.latin.panels.BrowserPanelView{776ea25 V.E...... ......ID 0,0-1440,2040} during layout: running second layout pass
06-02 15:18:10.820  4491  4491 W View    : requestLayout() improperly called by helium314.keyboard.latin.panels.BrowserPanelView{776ea25 V.E...... ......I. 0,0-1440,2040} during second layout pass: posting in next frame
06-02 15:18:10.822  4491  4491 W View    : requestLayout() improperly called by helium314.keyboard.latin.panels.BrowserPanelView{776ea25 V.E...... ......I. 0,0-1440,2040} during layout: running second layout pass
06-02 15:18:10.826  4491  4491 W View    : requestLayout() improperly called by helium314.keyboard.latin.panels.BrowserPanelView{776ea25 V.E...... ........ 0,0-1440,2040} during second layout pass: posting in next frame
06-02 15:18:10.831  4491  4491 W View    : requestLayout() improperly called by helium314.keyboard.latin.panels.BrowserPanelView{776ea25 V.E...... ......I. 0,0-1440,2040} during layout: running second layout pass
06-02 15:18:10.840  4491  4491 W View    : requestLayout() improperly called by helium314.keyboard.latin.panels.BrowserPanelView{776ea25 V.E...... ........ 0,0-1440,2040} during second layout pass: posting in next frame
06-02 15:18:10.847  4491  4491 W View    : requestLayout() improperly called by helium314.keyboard.latin.panels.BrowserPanelView{776ea25 V.E...... ......I. 0,0-1440,2040} during layout: running second layout pass
06-02 15:18:10.856  4491  4491 W View    : requestLayout() improperly called by helium314.keyboard.latin.panels.BrowserPanelView{776ea25 V.E...... ........ 0,0-1440,2040} during second layout pass: posting in next frame
06-02 15:18:10.864  4491  4491 W View    : requestLayout() improperly called by helium314.keyboard.latin.panels.BrowserPanelView{776ea25 V.E...... ......I. 0,0-1440,2040} during layout: running second layout pass
06-02 15:18:10.873  4491  4491 W View    : requestLayout() improperly called by helium314.keyboard.latin.panels.BrowserPanelView{776ea25 V.E...... ........ 0,0-1440,2040} during second layout pass: posting in next frame
06-02 15:18:10.881  4491  4491 W View    : requestLayout() improperly called by helium314.keyboard.latin.panels.BrowserPanelView{776ea25 V.E...... ......I. 0,0-1440,2040} during layout: running second layout pass
06-02 15:18:10.890  4491  4491 W View    : requestLayout() improperly called by helium314.keyboard.latin.panels.BrowserPanelView{776ea25 V.E...... ........ 0,0-1440,2040} during second layout pass: posting in next frame
06-02 15:18:10.898  4491  4491 W View    : requestLayout() improperly called by helium314.keyboard.latin.panels.BrowserPanelView{776ea25 V.E...... ......I. 0,0-1440,2040} during layout: running second layout pass
06-02 15:18:10.907  4491  4491 W View    : requestLayout() improperly called by helium314.keyboard.latin.panels.BrowserPanelView{776ea25 V.E...... ........ 0,0-1440,2040} during second layout pass: posting in next frame
06-02 15:18:10.915  4491  4491 W View    : requestLayout() improperly called by helium314.keyboard.latin.panels.BrowserPanelView{776ea25 V.E...... ......I. 0,0-1440,2040} during layout: running second layout pass
06-02 15:18:10.920  4491  4491 W View    : requestLayout() improperly called by helium314.keyboard.latin.panels.BrowserPanelView{776ea25 V.E...... ......ID 0,0-1440,2040} during second layout pass: posting in next frame
06-02 15:18:10.932  4491  4491 W View    : requestLayout() improperly called by helium314.keyboard.latin.panels.BrowserPanelView{776ea25 V.E...... ......ID 0,0-1440,2040} during layout: running second layout pass
06-02 15:18:10.935  4491  4491 W View    : requestLayout() improperly called by helium314.keyboard.latin.panels.BrowserPanelView{776ea25 V.E...... ........ 0,0-1440,2040} during second layout pass: posting in next frame
06-02 15:18:10.948  4491  4491 W View    : requestLayout() improperly called by helium314.keyboard.latin.panels.BrowserPanelView{776ea25 V.E...... ......I. 0,0-1440,2040} during layout: running second layout pass
06-02 15:18:10.951  4491  4491 W View    : requestLayout() improperly called by helium314.keyboard.latin.panels.BrowserPanelView{776ea25 V.E...... ........ 0,0-1440,2040} during second layout pass: posting in next frame
06-02 15:18:10.965  4491  4491 W View    : requestLayout() improperly called by helium314.keyboard.latin.panels.BrowserPanelView{776ea25 V.E...... ......I. 0,0-1440,2040} during layout: running second layout pass
06-02 15:18:10.967  4491  4491 W View    : requestLayout() improperly called by helium314.keyboard.latin.panels.BrowserPanelView{776ea25 V.E...... ........ 0,0-1440,2040} during second layout pass: posting in next frame
06-02 15:18:10.981  4491  4491 W View    : requestLayout() improperly called by helium314.keyboard.latin.panels.BrowserPanelView{776ea25 V.E...... ......I. 0,0-1440,2040} during layout: running second layout pass
06-02 15:18:10.985  4491  4491 W View    : requestLayout() improperly called by helium314.keyboard.latin.panels.BrowserPanelView{776ea25 V.E...... ......I. 0,0-1440,2040} during second layout pass: posting in next frame
06-02 15:18:10.998  4491  4491 W View    : requestLayout() improperly called by helium314.keyboard.latin.panels.BrowserPanelView{776ea25 V.E...... ......I. 0,0-1440,2040} during layout: running second layout pass
06-02 15:18:11.009  4491  4491 W View    : requestLayout() improperly called by helium314.keyboard.latin.panels.BrowserPanelView{776ea25 V.E...... ........ 0,0-1440,2040} during second layout pass: posting in next frame
06-02 15:18:11.014  4491  4491 W View    : requestLayout() improperly called by helium314.keyboard.latin.panels.BrowserPanelView{776ea25 V.E...... ......ID 0,0-1440,2040} during layout: running second layout pass
06-02 15:18:11.018  4491  4491 W View    : requestLayout() improperly called by helium314.keyboard.latin.panels.BrowserPanelView{776ea25 V.E...... ......ID 0,0-1440,2040} during second layout pass: posting in next frame
06-02 15:18:11.032  4491  4491 W View    : requestLayout() improperly called by helium314.keyboard.latin.panels.BrowserPanelView{776ea25 V.E...... ......ID 0,0-1440,2040} during layout: running second layout pass
06-02 15:18:11.036  4491  4491 W View    : requestLayout() improperly called by helium314.keyboard.latin.panels.BrowserPanelView{776ea25 V.E...... ........ 0,0-1440,2040} during second layout pass: posting in next frame
06-02 15:18:11.048  4491  4491 W View    : requestLayout() improperly called by helium314.keyboard.latin.panels.BrowserPanelView{776ea25 V.E...... ......ID 0,0-1440,2040} during layout: running second layout pass
06-02 15:18:11.052  4491  4491 W View    : requestLayout() improperly called by helium314.keyboard.latin.panels.BrowserPanelView{776ea25 V.E...... ......ID 0,0-1440,2040} during second layout pass: posting in next frame
06-02 15:18:11.065  4491  4491 W View    : requestLayout() improperly called by helium314.keyboard.latin.panels.BrowserPanelView{776ea25 V.E...... ......ID 0,0-1440,2040} during layout: running second layout pass
06-02 15:18:11.073  4491  4491 W View    : requestLayout() improperly called by helium314.keyboard.latin.panels.BrowserPanelView{776ea25 V.E...... ......ID 0,0-1440,2040} during second layout pass: posting in next frame
06-02 15:18:11.084  4491  4585 E BLASTBufferQueue: BLASTBufferItemConsumer::onDisconnect()
06-02 15:18:11.085  4491  4491 W View    : requestLayout() improperly called by helium314.keyboard.latin.panels.BrowserPanelView{776ea25 V.E...... ......ID 0,0-1440,2040} during layout: running second layout pass
06-02 15:18:11.090  4491  4491 W View    : requestLayout() improperly called by helium314.keyboard.latin.panels.BrowserPanelView{776ea25 V.E...... ......ID 0,0-1440,2040} during second layout pass: posting in next frame
06-02 15:18:11.100  4491  4491 W View    : requestLayout() improperly called by helium314.keyboard.latin.panels.BrowserPanelView{776ea25 V.E...... ......ID 0,0-1440,2040} during layout: running second layout pass
06-02 15:18:11.104  4491  4491 W View    : requestLayout() improperly called by helium314.keyboard.latin.panels.BrowserPanelView{776ea25 V.E...... ........ 0,0-1440,2040} during second layout pass: posting in next frame
06-02 15:18:11.114  4491  4491 W View    : requestLayout() improperly called by helium314.keyboard.latin.panels.BrowserPanelView{776ea25 V.E...... ......ID 0,0-1440,2040} during layout: running second layout pass
06-02 15:18:11.117  4491  4491 W View    : requestLayout() improperly called by helium314.keyboard.latin.panels.BrowserPanelView{776ea25 V.E...... ........ 0,0-1440,2040} during second layout pass: posting in next frame
06-02 15:18:11.132  4491  4491 W View    : requestLayout() improperly called by helium314.keyboard.latin.panels.BrowserPanelView{776ea25 V.E...... ......I. 0,0-1440,2040} during layout: running second layout pass
06-02 15:18:11.137  4491  4491 W View    : requestLayout() improperly called by helium314.keyboard.latin.panels.BrowserPanelView{776ea25 V.E...... ........ 0,0-1440,2040} during second layout pass: posting in next frame
06-02 15:18:11.149  4491  4491 W View    : requestLayout() improperly called by helium314.keyboard.latin.panels.BrowserPanelView{776ea25 V.E...... ......I. 0,0-1440,2040} during layout: running second layout pass
06-02 15:18:11.155  4491  4491 W View    : requestLayout() improperly called by helium314.keyboard.latin.panels.BrowserPanelView{776ea25 V.E...... ........ 0,0-1440,2040} during second layout pass: posting in next frame
06-02 15:18:11.166  4491  4491 W View    : requestLayout() improperly called by helium314.keyboard.latin.panels.BrowserPanelView{776ea25 V.E...... ......I. 0,0-1440,2040} during layout: running second layout pass
06-02 15:18:11.169  4491  4491 W View    : requestLayout() improperly called by helium314.keyboard.latin.panels.BrowserPanelView{776ea25 V.E...... ........ 0,0-1440,2040} during second layout pass: posting in next frame
06-02 15:18:11.182  4491  4491 W View    : requestLayout() improperly called by helium314.keyboard.latin.panels.BrowserPanelView{776ea25 V.E...... ......I. 0,0-1440,2040} during layout: running second layout pass
06-02 15:18:11.187  4491  4491 W View    : requestLayout() improperly called by helium314.keyboard.latin.panels.BrowserPanelView{776ea25 V.E...... ........ 0,0-1440,2040} during second layout pass: posting in next frame
06-02 15:18:11.198  4491  4491 W View    : requestLayout() improperly called by helium314.keyboard.latin.panels.BrowserPanelView{776ea25 V.E...... ......ID 0,0-1440,2040} during layout: running second layout pass
06-02 15:18:11.205  4491  4491 W View    : requestLayout() improperly called by helium314.keyboard.latin.panels.BrowserPanelView{776ea25 V.E...... ........ 0,0-1440,2040} during second layout pass: posting in next frame
06-02 15:18:11.215  4491  4491 W View    : requestLayout() improperly called by helium314.keyboard.latin.panels.BrowserPanelView{776ea25 V.E...... ......ID 0,0-1440,2040} during layout: running second layout pass
06-02 15:18:11.219  4491  4491 W View    : requestLayout() improperly called by helium314.keyboard.latin.panels.BrowserPanelView{776ea25 V.E...... ........ 0,0-1440,2040} during second layout pass: posting in next frame
06-02 15:18:11.233  4491  4491 W View    : requestLayout() improperly called by helium314.keyboard.latin.panels.BrowserPanelView{776ea25 V.E...... ......ID 0,0-1440,2040} during layout: running second layout pass
06-02 15:18:11.238  4491  4491 W View    : requestLayout() improperly called by helium314.keyboard.latin.panels.BrowserPanelView{776ea25 V.E...... ........ 0,0-1440,2040} during second layout pass: posting in next frame
06-02 15:18:11.248  4491  4491 W View    : requestLayout() improperly called by helium314.keyboard.latin.panels.BrowserPanelView{776ea25 V.E...... ......ID 0,0-1440,2040} during layout: running second layout pass
06-02 15:18:11.251  4491  4491 W View    : requestLayout() improperly called by helium314.keyboard.latin.panels.BrowserPanelView{776ea25 V.E...... ........ 0,0-1440,2040} during second layout pass: posting in next frame
06-02 15:18:11.264  4491  4491 W View    : requestLayout() improperly called by helium314.keyboard.latin.panels.BrowserPanelView{776ea25 V.E...... ......ID 0,0-1440,2040} during layout: running second layout pass
06-02 15:18:11.268  4491  4491 W View    : requestLayout() improperly called by helium314.keyboard.latin.panels.BrowserPanelView{776ea25 V.E...... ........ 0,0-1440,2040} during second layout pass: posting in next frame
06-02 15:18:11.281  4491  4491 W View    : requestLayout() improperly called by helium314.keyboard.latin.panels.BrowserPanelView{776ea25 V.E...... ......ID 0,0-1440,2040} during layout: running second layout pass
06-02 15:18:11.285  4491  4491 W View    : requestLayout() improperly called by helium314.keyboard.latin.panels.BrowserPanelView{776ea25 V.E...... ........ 0,0-1440,2040} during second layout pass: posting in next frame
06-02 15:18:11.286 14851 14881 W GeckoEditableChild: No editable parent
06-02 15:18:11.298  4491  4491 W View    : requestLayout() improperly called by helium314.keyboard.latin.panels.BrowserPanelView{776ea25 V.E...... ......ID 0,0-1440,2040} during layout: running second layout pass
06-02 15:18:11.305  4491  4585 E BLASTBufferQueue: BLASTBufferItemConsumer::onDisconnect()
06-02 15:18:11.333  4491  4491 W View    : requestLayout() improperly called by helium314.keyboard.latin.panels.BrowserPanelView{776ea25 G.E...... ......ID 0,0-1440,2040} during second layout pass: posting in next frame
06-02 15:18:11.352  4491  4491 E GeckoView: Failed to detach WindowInsetsListener: 
06-02 15:18:11.352  4491  4491 E GeckoView: java.lang.NullPointerException: Attempt to invoke virtual method 'android.view.Window android.app.Activity.getWindow()' on a null object reference
06-02 15:18:11.352  4491  4491 E GeckoView: 	at org.mozilla.geckoview.GeckoView.detachWindowInsetsListener(r8-map-id-85bb38a905de45152437ca334b351eb80adb24a621cdd65ea75e25d63ae7e63c:1)
06-02 15:18:11.352  4491  4491 E GeckoView: 	at org.mozilla.geckoview.GeckoView.onDetachedFromWindow(r8-map-id-85bb38a905de45152437ca334b351eb80adb24a621cdd65ea75e25d63ae7e63c:25)
06-02 15:18:11.352  4491  4491 E GeckoView: 	at android.view.View.dispatchDetachedFromWindow(View.java:20955)
06-02 15:18:11.352  4491  4491 E GeckoView: 	at android.view.ViewGroup.dispatchDetachedFromWindow(ViewGroup.java:4014)
06-02 15:18:11.352  4491  4491 E GeckoView: 	at android.view.ViewGroup.removeViewInternal(ViewGroup.java:5660)
06-02 15:18:11.352  4491  4491 E GeckoView: 	at android.view.ViewGroup.removeViewInternal(ViewGroup.java:5631)
06-02 15:18:11.352  4491  4491 E GeckoView: 	at android.view.ViewGroup.removeView(ViewGroup.java:5562)
06-02 15:18:11.352  4491  4491 E GeckoView: 	at t3.m.run(r8-map-id-85bb38a905de45152437ca334b351eb80adb24a621cdd65ea75e25d63ae7e63c:29)
06-02 15:18:11.352  4491  4491 E GeckoView: 	at android.os.Handler.handleCallback(Handler.java:938)
06-02 15:18:11.352  4491  4491 E GeckoView: 	at android.os.Handler.dispatchMessage(Handler.java:99)
06-02 15:18:11.352  4491  4491 E GeckoView: 	at android.os.Looper.loopOnce(Looper.java:233)
06-02 15:18:11.352  4491  4491 E GeckoView: 	at android.os.Looper.loop(Looper.java:344)
06-02 15:18:11.352  4491  4491 E GeckoView: 	at android.app.ActivityThread.main(ActivityThread.java:8212)
06-02 15:18:11.352  4491  4491 E GeckoView: 	at java.lang.reflect.Method.invoke(Native Method)
06-02 15:18:11.352  4491  4491 E GeckoView: 	at com.android.internal.os.RuntimeInit$MethodAndArgsCaller.run(RuntimeInit.java:584)
06-02 15:18:11.352  4491  4491 E GeckoView: 	at com.android.internal.os.ZygoteInit.main(ZygoteInit.java:1034)
06-02 15:18:11.354  4491  4491 W View    : requestLayout() improperly called by helium314.keyboard.latin.panels.BrowserPanelView{776ea25 G.E...... ......ID 0,0-1440,2040} during second layout pass: posting in next frame
06-02 15:18:11.371 14851 14881 W Isolated Web Content: [JavaScript Warning: "Preload of https://config.aps.amazon-adsystem.com/configs/3482 was ignored due to unknown “as” or “type” values, or non-matching “media” attribute." {file: "https://www.marketwatch.com/" line: 0}]
06-02 15:18:11.387 14851 14881 W Isolated Web Content: [JavaScript Warning: "Layout was forced before the page was fully loaded. If stylesheets are not yet loaded this may cause a flash of unstyled content." {file: "https://www.marketwatch.com/" line: 0}]
06-02 15:18:11.376  4491  4491 W com.vibekey.keyboard: type=1400 audit(0.0:52211): avc: denied { nlmsg_readpriv } for comm=536F636B657420546872656164 scontext=u:r:untrusted_app:s0:c51,c271,c512,c768 tcontext=u:r:untrusted_app:s0:c51,c271,c512,c768 tclass=netlink_route_socket permissive=0 bug=b/155595000 app=com.vibekey.keyboard
06-02 15:18:11.435  4491  4699 E GeckoConsole: [JavaScript Error: "TypeError: can't access property "WindowEventDispatcher", win is null" {file: "resource://gre/modules/GeckoViewSessionStore.sys.mjs" line: 149}]
06-02 15:18:11.435  4491  4699 E GeckoConsole: onTabStateUpdate@resource://gre/modules/GeckoViewSessionStore.sys.mjs:149:5
06-02 15:18:11.435  4491  4699 E GeckoConsole: updateSessionStoreFromTabListener@resource://gre/modules/GeckoViewSessionStore.sys.mjs:243:10
06-02 15:18:11.435  4491  4699 E GeckoConsole: SSF_updateSessionStore@resource://gre/modules/SessionStoreFunctions.sys.mjs:46:27
06-02 15:18:11.435  4491  4699 E GeckoConsole: UpdateSessionStore@resource://gre/modules/SessionStoreFunctions.sys.mjs:16:46
