06-09 16:29:39.424 25752 25752 F DEBUG   :       #12 pc 00000000002c2100  /apex/com.android.art/lib64/libart.so (art_quick_generic_jni_trampoline+144) (BuildId: 7087b2f2160bfbf3335d54ba9779e325)
06-09 16:29:39.424 25752 25752 F DEBUG   :       #13 pc 00000000006692dc  /apex/com.android.art/lib64/libart.so (nterp_helper+3852) (BuildId: 7087b2f2160bfbf3335d54ba9779e325)
06-09 16:29:39.424 25752 25752 F DEBUG   :       #14 pc 000000000021fb78  /data/app/~~v-oYNtoyHwIRm8dCqO6QHA==/com.vibekey.keyboard-tGr8-m6JM8o5zr5lg-Nc2w==/oat/arm64/base.vdex (com.android.inputmethod.latin.BinaryDictionary.q+572)
06-09 16:29:39.424 25752 25752 F DEBUG   :       #15 pc 0000000000669a28  /apex/com.android.art/lib64/libart.so (nterp_helper+5720) (BuildId: 7087b2f2160bfbf3335d54ba9779e325)
06-09 16:29:39.424 25752 25752 F DEBUG   :       #16 pc 000000000021f8f6  /data/app/~~v-oYNtoyHwIRm8dCqO6QHA==/com.vibekey.keyboard-tGr8-m6JM8o5zr5lg-Nc2w==/oat/arm64/base.vdex (com.android.inputmethod.latin.BinaryDictionary.d+2)
06-09 16:29:39.424 25752 25752 F DEBUG   :       #17 pc 0000000000669a28  /apex/com.android.art/lib64/libart.so (nterp_helper+5720) (BuildId: 7087b2f2160bfbf3335d54ba9779e325)
06-09 16:29:39.424 25752 25752 F DEBUG   :       #18 pc 0000000000ad692a  /data/app/~~v-oYNtoyHwIRm8dCqO6QHA==/com.vibekey.keyboard-tGr8-m6JM8o5zr5lg-Nc2w==/oat/arm64/base.vdex (v7.k.d+50)
06-09 16:29:39.424 25752 25752 F DEBUG   :       #19 pc 0000000000669a28  /apex/com.android.art/lib64/libart.so (nterp_helper+5720) (BuildId: 7087b2f2160bfbf3335d54ba9779e325)
06-09 16:29:39.424 25752 25752 F DEBUG   :       #20 pc 0000000000ad5a22  /data/app/~~v-oYNtoyHwIRm8dCqO6QHA==/com.vibekey.keyboard-tGr8-m6JM8o5zr5lg-Nc2w==/oat/arm64/base.vdex (v7.e.d+70)
06-09 16:29:39.424 25752 25752 F DEBUG   :       #21 pc 0000000000669a28  /apex/com.android.art/lib64/libart.so (nterp_helper+5720) (BuildId: 7087b2f2160bfbf3335d54ba9779e325)
06-09 16:29:39.424 25752 25752 F DEBUG   :       #22 pc 0000000000590d82  /data/app/~~v-oYNtoyHwIRm8dCqO6QHA==/com.vibekey.keyboard-tGr8-m6JM8o5zr5lg-Nc2w==/oat/arm64/base.vdex (p7.p.j+334)
06-09 16:29:39.424 25752 25752 F DEBUG   :       #23 pc 0000000000669a28  /apex/com.android.art/lib64/libart.so (nterp_helper+5720) (BuildId: 7087b2f2160bfbf3335d54ba9779e325)
06-09 16:29:39.424 25752 25752 F DEBUG   :       #24 pc 00000000005906dc  /data/app/~~v-oYNtoyHwIRm8dCqO6QHA==/com.vibekey.keyboard-tGr8-m6JM8o5zr5lg-Nc2w==/oat/arm64/base.vdex (p7.p.i+252)
06-09 16:29:39.424 25752 25752 F DEBUG   :       #25 pc 0000000000669a28  /apex/com.android.art/lib64/libart.so (nterp_helper+5720) (BuildId: 7087b2f2160bfbf3335d54ba9779e325)
06-09 16:29:39.424 25752 25752 F DEBUG   :       #26 pc 0000000000590532  /data/app/~~v-oYNtoyHwIRm8dCqO6QHA==/com.vibekey.keyboard-tGr8-m6JM8o5zr5lg-Nc2w==/oat/arm64/base.vdex (p7.p.h+214)
06-09 16:29:39.424 25752 25752 F DEBUG   :       #27 pc 0000000000669a28  /apex/com.android.art/lib64/libart.so (nterp_helper+5720) (BuildId: 7087b2f2160bfbf3335d54ba9779e325)
06-09 16:29:39.424 25752 25752 F DEBUG   :       #28 pc 00000000005984cc  /data/app/~~v-oYNtoyHwIRm8dCqO6QHA==/com.vibekey.keyboard-tGr8-m6JM8o5zr5lg-Nc2w==/oat/arm64/base.vdex (p7.j1.b+528)
06-09 16:29:39.424 25752 25752 F DEBUG   :       #29 pc 0000000000669a28  /apex/com.android.art/lib64/libart.so (nterp_helper+5720) (BuildId: 7087b2f2160bfbf3335d54ba9779e325)
06-09 16:29:39.424 25752 25752 F DEBUG   :       #30 pc 0000000000addb0a  /data/app/~~v-oYNtoyHwIRm8dCqO6QHA==/com.vibekey.keyboard-tGr8-m6JM8o5zr5lg-Nc2w==/oat/arm64/base.vdex (x7.b.m+1458)
06-09 16:29:39.424 25752 25752 F DEBUG   :       #31 pc 0000000000669324  /apex/com.android.art/lib64/libart.so (nterp_helper+3924) (BuildId: 7087b2f2160bfbf3335d54ba9779e325)
06-09 16:29:39.424 25752 25752 F DEBUG   :       #32 pc 0000000000593038  /data/app/~~v-oYNtoyHwIRm8dCqO6QHA==/com.vibekey.keyboard-tGr8-m6JM8o5zr5lg-Nc2w==/oat/arm64/base.vdex (p7.v.run+72)
06-09 16:29:39.424 25752 25752 F DEBUG   :       #33 pc 000000000066a144  /apex/com.android.art/lib64/libart.so (nterp_helper+7540) (BuildId: 7087b2f2160bfbf3335d54ba9779e325)
06-09 16:29:39.424 25752 25752 F DEBUG   :       #34 pc 0000000000ada9ca  /data/app/~~v-oYNtoyHwIRm8dCqO6QHA==/com.vibekey.keyboard-tGr8-m6JM8o5zr5lg-Nc2w==/oat/arm64/base.vdex (x7.d.handleMessage+18)
06-09 16:29:39.424 25752 25752 F DEBUG   :       #35 pc 000000000205b2d4  /memfd:jit-zygote-cache (deleted)
06-09 16:29:44.727 25777 25777 E OplusCustomizeRestrictionManager: sInstance is null, start a new sInstance
--------- beginning of main
06-09 16:29:56.085 25777 26149 E OplusACodec: [GetVideoCodingTypeFromMime:L1162] mime:video/x-vnd.on2.vp9
06-09 16:29:56.097 25777 25813 I VkSuggestions: strip composing typedLen=6 candidates=13 autocorrect=false top=jjskkj locale=pt
06-09 16:29:56.206 25777 25864 W cr_MediaCodecBridge: Releasing: OMX.qcom.video.decoder.vp9
06-09 16:29:56.208 25777 26148 E ExtensionsLoader: freeAllBuffers: 10 buffers were freed while being dequeued!
06-09 16:29:56.209 25777 25864 W cr_MediaCodecBridge: Codec released
06-09 16:29:56.247 25777 25777 I SpaceAssistPopup: ○ typing idle scheduled
06-09 16:29:56.343 25777 25786 W ibekey.keyboar: Cleared Reference was only reachable from finalizer (only reported once)
06-09 16:29:56.351 25777 25813 I VkSuggestions: decode typedLen=7 candidates=18 locales=3 2,4ms
06-09 16:29:56.352 25777 25813 I VkSuggestions: strip composing typedLen=7 candidates=14 autocorrect=false top=jjskkjd locale=pt
06-09 16:29:56.369 25777 25777 I SpaceAssistPopup: ○ typing idle scheduled
06-09 16:29:56.472 25777 25813 I VkSuggestions: decode typedLen=8 candidates=4 locales=3 1,8ms
06-09 16:29:56.473 25777 25813 I VkSuggestions: strip composing typedLen=8 candidates=4 autocorrect=false top=jjskkjdh locale=pt
06-09 16:29:56.586 25777 25777 I SpaceAssistPopup: ○ typing idle scheduled
06-09 16:29:56.704 25777 25813 I VkSuggestions: decode typedLen=9 candidates=18 locales=3 9,2ms
06-09 16:29:56.705 25777 25813 I VkSuggestions: strip composing typedLen=9 candidates=17 autocorrect=false top=jjskkjdhu locale=pt
06-09 16:29:56.781 25777 25777 I SpaceAssistPopup: ○ typing idle scheduled
06-09 16:29:56.896 25777 25813 I VkSuggestions: decode typedLen=10 candidates=18 locales=3 14,9ms
06-09 16:29:56.898 25777 25813 I VkSuggestions: strip composing typedLen=10 candidates=13 autocorrect=false top=jjskkjdhuy locale=pt
06-09 16:29:57.332 25777 25777 I SpaceAssistPopup: ▶ generate prompt shown fieldChars=10
06-09 16:29:57.333 25777 25777 I SpaceAssistPopup: ▶ overlay show: generate_prompt
06-09 16:29:57.347 25487 25722 I OnDeviceAssist: warm ok model=qwen2.5-0.5b-instruct-q4_0.gguf ambient=40 chars 0ms
06-09 16:29:57.408 25777 26002 E ActivityThread: Failed to find provider info for com.oplus.statistics.provider
06-09 16:29:57.408 25777 26002 E OplusStatistics--: IllegalArgumentException:java.lang.IllegalArgumentException: Unknown URL content://com.oplus.statistics.provider/track_event
06-09 16:29:57.642 25777 25777 I SpaceAssistPopup: ○ typing idle scheduled
06-09 16:29:57.691 25777 25777 I SpaceAssistPopup: ○ typing idle scheduled
06-09 16:29:57.741 25777 25777 I SpaceAssistPopup: ○ typing idle scheduled
06-09 16:29:57.792 25777 25777 I SpaceAssistPopup: ○ overlay hide: typing
06-09 16:29:57.793 25777 25777 I SpaceAssistPopup: ○ typing idle scheduled
06-09 16:29:57.848 25777 25777 I SpaceAssistPopup: ○ typing idle scheduled
06-09 16:29:57.894 25777 25777 I SpaceAssistPopup: ○ typing idle scheduled
06-09 16:29:57.944 25777 25777 I SpaceAssistPopup: ○ typing idle scheduled
06-09 16:29:57.994 25777 25777 I SpaceAssistPopup: ○ typing idle scheduled
06-09 16:29:58.047 25777 25777 I SpaceAssistPopup: ○ typing idle scheduled
06-09 16:29:58.186 25777 25777 I SpaceAssistPopup: ○ typing idle scheduled
06-09 16:29:58.202 25777 25777 I SpaceAssistPopup: ○ typing idle scheduled
06-09 16:29:58.250 25777 25777 I SpaceAssistPopup: ○ typing idle scheduled
06-09 16:29:58.289 25777 25813 I VkSuggestions: strip prediction typedLen=0 candidates=3 autocorrect=false top=tu locale=pt
06-09 16:29:58.310 25777 25777 I SpaceAssistPopup: ○ typing idle scheduled
06-09 16:29:58.362 25777 25777 I SpaceAssistPopup: ○ typing idle scheduled
06-09 16:29:58.410 25777 25777 I SpaceAssistPopup: ○ typing idle scheduled
06-09 16:29:58.463 25777 25777 I SpaceAssistPopup: ○ typing idle scheduled
06-09 16:29:58.913 25777 25777 I SpaceAssistPopup: ○ send ready=false outChars=0
06-09 16:29:58.913 25777 25777 I VkSwipe : ▶ gesture started locale=pt-BR
06-09 16:29:58.936 25777 25813 I VkSuggestions: decode typedLen=0 candidates=18 locales=3 21,0ms
06-09 16:29:58.936 25777 25813 W VkSuggestions: slow frame 21,0ms locales=3 typedLen=0 candidates=18 parallelWait=20,8ms
06-09 16:29:59.049 25777 25813 I VkSuggestions: decode typedLen=2 candidates=18 locales=3 15,9ms
06-09 16:29:59.067 25777 25813 I VkSuggestions: decode typedLen=0 candidates=18 locales=3 17,7ms
06-09 16:29:59.068 25777 25813 W VkSuggestions: slow frame 17,7ms locales=3 typedLen=0 candidates=18 parallelWait=17,6ms
06-09 16:29:59.234 25777 25813 I VkSuggestions: decode typedLen=3 candidates=18 locales=3 17,7ms
06-09 16:29:59.234 25777 25813 W VkSuggestions: slow frame 17,7ms locales=3 typedLen=3 candidates=18 parallelWait=17,6ms
06-09 16:29:59.251 25777 25813 I VkSuggestions: decode typedLen=0 candidates=18 locales=3 16,6ms
06-09 16:29:59.252 25777 25813 W VkSuggestions: slow frame 16,6ms locales=3 typedLen=0 candidates=18 parallelWait=16,4ms
06-09 16:29:59.382 25777 25813 I VkSuggestions: decode typedLen=4 candidates=18 locales=3 14,1ms
06-09 16:29:59.400 25777 25813 I VkSuggestions: decode typedLen=0 candidates=18 locales=3 17,4ms
06-09 16:29:59.400 25777 25813 W VkSuggestions: slow frame 17,4ms locales=3 typedLen=0 candidates=18 parallelWait=17,2ms
06-09 16:29:59.582 25777 25813 I VkSuggestions: decode typedLen=5 candidates=18 locales=3 13,8ms
06-09 16:29:59.600 25777 25813 I VkSuggestions: decode typedLen=0 candidates=18 locales=3 18,1ms
06-09 16:29:59.601 25777 25813 W VkSuggestions: slow frame 18,1ms locales=3 typedLen=0 candidates=18 parallelWait=17,9ms
06-09 16:29:59.681 25777 25813 I VkSuggestions: decode typedLen=5 candidates=18 locales=3 18,0ms
06-09 16:29:59.681 25777 25813 W VkSuggestions: slow frame 18,0ms locales=3 typedLen=5 candidates=18 parallelWait=17,9ms
06-09 16:29:59.699 25777 25813 I VkSuggestions: decode typedLen=0 candidates=18 locales=3 17,9ms
06-09 16:29:59.700 25777 25813 W VkSuggestions: slow frame 17,9ms locales=3 typedLen=0 candidates=18 parallelWait=17,7ms
06-09 16:29:59.714 25777 25777 I VkSwipe : ✓ gesture points=43 decodedLen=5 candidates=13 top=jorge 801ms
06-09 16:30:00.079 25777 26167 E FilePhenotypeFlags: Config package com.google.android.gms.clearcut_client#com.vibekey.keyboard cannot use FILE backing without declarative registration. See go/phenotype-android-integration#phenotype for more information. This will lead to stale flags.
06-09 16:30:00.113 25777 26167 E FilePhenotypeFlags: Config package com.google.android.gms.clearcut_client#com.vibekey.keyboard cannot use FILE backing without declarative registration. See go/phenotype-android-integration#phenotype for more information. This will lead to stale flags.
06-09 16:30:00.113 25777 26167 E FilePhenotypeFlags: Config package com.google.android.gms.clearcut_client#com.vibekey.keyboard cannot use FILE backing without declarative registration. See go/phenotype-android-integration#phenotype for more information. This will lead to stale flags.
06-09 16:30:00.430 25777 25777 I SpaceAssistPopup: ○ typing idle scheduled
06-09 16:30:00.982 25777 25777 I SpaceAssistPopup: ○ fetch skipped: field_too_short
06-09 16:30:01.011 25777 25777 I SpaceAssistPopup: ○ typing idle scheduled
06-09 16:30:01.107 25777 25777 I SpaceAssistPopup: ○ typing idle scheduled
06-09 16:30:01.225 25777 25813 I VkSuggestions: decode typedLen=2 candidates=18 locales=3 18,0ms
06-09 16:30:01.225 25777 25813 W VkSuggestions: slow frame 18,0ms locales=3 typedLen=2 candidates=18 parallelWait=17,8ms
06-09 16:30:01.226 25777 25813 I VkSuggestions: strip composing typedLen=2 candidates=12 autocorrect=false top=dj locale=pt
06-09 16:30:01.305 25777 25777 I SpaceAssistPopup: ○ typing idle scheduled
06-09 16:30:01.420 25777 25813 I VkSuggestions: decode typedLen=3 candidates=18 locales=3 14,7ms
06-09 16:30:01.422 25777 25813 I VkSuggestions: strip composing typedLen=3 candidates=16 autocorrect=false top=djj locale=pt
06-09 16:30:01.543 25777 25777 I SpaceAssistPopup: ○ typing idle scheduled
06-09 16:30:01.657 25777 25813 I VkSuggestions: decode typedLen=4 candidates=18 locales=3 13,6ms
06-09 16:30:01.658 25777 25813 I VkSuggestions: strip composing typedLen=4 candidates=16 autocorrect=false top=djje locale=pt
06-09 16:30:01.681 25777 25777 I SpaceAssistPopup: ○ typing idle scheduled
06-09 16:30:01.800 25777 25813 I VkSuggestions: decode typedLen=5 candidates=18 locales=3 17,9ms
06-09 16:30:01.800 25777 25813 W VkSuggestions: slow frame 17,9ms locales=3 typedLen=5 candidates=18 parallelWait=17,5ms
06-09 16:30:01.802 25777 25813 I VkSuggestions: strip composing typedLen=5 candidates=19 autocorrect=false top=djjeh locale=pt
06-09 16:30:02.582 25777 25777 I SpaceAssistPopup: ○ send ready=false outChars=0
06-09 16:30:02.582 25777 25777 I VkPanels: ▶ open menu
06-09 16:30:04.325 26180 26180 E libcrashpad_handler_trampoline.so: createInstance(64bit) : createExtendedFactory
06-09 16:30:04.326 26180 26180 E libcrashpad_handler_trampoline.so: createInstance(64bit) : createExtendedFactory
06-09 16:30:04.326 26180 26180 E libcrashpad_handler_trampoline.so: Opened libinputextensionsimpl.so
06-09 16:30:04.326 26180 26180 E libcrashpad_handler_trampoline.so: Opened libinputextensionsimpl.so
06-09 16:30:04.328 26180 26180 E libcrashpad_handler_trampoline.so: createInstance(64bit) : createExtendedFactory
06-09 16:30:04.328 26180 26180 E libcrashpad_handler_trampoline.so: createInstance(64bit) : createExtendedFactory
06-09 16:30:04.328 26180 26180 E libcrashpad_handler_trampoline.so: Opened libsensorextimpl.so
06-09 16:30:04.328 26180 26180 E libcrashpad_handler_trampoline.so: Opened libsensorextimpl.so
06-09 16:30:04.376 26180 26180 E chromium: [0609/163004.375841:ERROR:third_party/crashpad/crashpad/util/process/process_memory_range.cc:75] read out of range
06-09 16:30:04.545 25777 25813 F libc    : Fatal signal 7 (SIGBUS), code 2 (BUS_ADRERR), fault addr 0x76665f4070 in tid 25813 (d), pid 25777 (AndroidUI)
06-09 16:30:04.616 25777 25777 W b       : Suggestion generation timed out
06-09 16:30:04.807 26183 26183 E DEBUG   : failed to read /proc/uptime: Permission denied
06-09 16:30:05.286 25777 25777 W b       : Suggestion generation timed out
06-09 16:30:05.674 26183 26183 F DEBUG   : Process name is com.vibekey.keyboard, not key_process
06-09 16:30:05.674 26183 26183 F DEBUG   : keyProcess: 0
06-09 16:30:05.674 26183 26183 F DEBUG   : *** *** *** *** *** *** *** *** *** *** *** *** *** *** *** ***
06-09 16:30:05.674 26183 26183 F DEBUG   : Build fingerprint: 'OnePlus/OnePlus7Pro/OnePlus7Pro:12/SKQ1.211113.001/P.202303230244:user/release-keys'
06-09 16:30:05.674 26183 26183 F DEBUG   : Revision: '0'
06-09 16:30:05.674 26183 26183 F DEBUG   : ABI: 'arm64'
06-09 16:30:05.674 26183 26183 F DEBUG   : Timestamp: 2026-06-09 16:30:04.807510019-0400
06-09 16:30:05.674 26183 26183 F DEBUG   : Process uptime: 0s
06-09 16:30:05.674 26183 26183 F DEBUG   : Cmdline: com.vibekey.keyboard
06-09 16:30:05.674 26183 26183 F DEBUG   : pid: 25777, tid: 25813, name: d  >>> com.vibekey.keyboard <<<
06-09 16:30:05.674 26183 26183 F DEBUG   : uid: 14026
06-09 16:30:05.674 26183 26183 F DEBUG   : signal 7 (SIGBUS), code 2 (BUS_ADRERR), fault addr 0x76665f4070
06-09 16:30:05.674 26183 26183 F DEBUG   :     x0  0000000000000000  x1  00000000000064d5  x2  0000000000000007  x3  000000768a372da0
06-09 16:30:05.674 26183 26183 F DEBUG   :     x4  000000768a3726a8  x5  000000768a3726a8  x6  000000768a3726a8  x7  0000000000000000
06-09 16:30:05.674 26183 26183 F DEBUG   :     x8  00000000000000f0  x9  db746b027190efc7  x10 0000000000004001  x11 0000000000000000
06-09 16:30:05.674 26183 26183 F DEBUG   :     x12 00000000ffffffff  x13 0000000000000000  x14 0000000000000013  x15 0000000000000001
06-09 16:30:05.674 26183 26183 F DEBUG   :     x16 000000757ca3ad18  x17 00000076790b8f10  x18 000000755e850000  x19 0000000000000007
06-09 16:30:05.674 26183 26183 F DEBUG   :     x20 000000768a372da0  x21 00000000000064b1  x22 000000768a372d00  x23 0000000000000001
06-09 16:30:05.674 26183 26183 F DEBUG   :     x24 b4000074129ed680  x25 0000000000000000  x26 0000000000000140  x27 b4000074129ed680
06-09 16:30:05.674 26183 26183 F DEBUG   :     x28 0000000000000002  x29 000000768a372d20
06-09 16:30:05.674 26183 26183 F DEBUG   :     lr  0000007576c697f8  sp  000000768a372d00  pc  00000076790b8f34  pst 0000000000000000
06-09 16:30:05.674 26183 26183 F DEBUG   : backtrace:
06-09 16:30:05.674 26183 26183 F DEBUG   :       #00 pc 0000000000075f34  /apex/com.android.runtime/lib64/bionic/libc.so (syscall+36) (BuildId: bbbdeb7c87c74f1491f92c6e605095b0)
06-09 16:30:05.674 26183 26183 F DEBUG   :       #01 pc 00000000040587f4  /data/app/~~ukACh23KqzhC02schODZ5g==/com.google.android.webview-qsLJ1HFxFSLtbdE1YBqHuA==/base.apk!libwebviewchromium.so (BuildId: f4154d1d3a9b37880ffb62018a1d86e977877475)
06-09 16:30:05.674 26183 26183 F DEBUG   :       #02 pc 000000000404ef70  /data/app/~~ukACh23KqzhC02schODZ5g==/com.google.android.webview-qsLJ1HFxFSLtbdE1YBqHuA==/base.apk!libwebviewchromium.so (BuildId: f4154d1d3a9b37880ffb62018a1d86e977877475)
06-09 16:30:05.674 26183 26183 F DEBUG   :       #03 pc 0000000000000638  [vdso] (__kernel_rt_sigreturn+0)
06-09 16:30:05.674 26183 26183 F DEBUG   :       #04 pc 00000000000b62f4  /data/app/~~v-oYNtoyHwIRm8dCqO6QHA==/com.vibekey.keyboard-tGr8-m6JM8o5zr5lg-Nc2w==/lib/arm64/libjni_latinime.so (latinime::PatriciaTrieReadingUtils::getPtNodeArraySizeAndAdvancePosition(unsigned char const*, int, int*)+44) (BuildId: f905dbd1a904967a994cf833116e517b05caa863)
06-09 16:30:05.674 26183 26183 F DEBUG   :       #05 pc 00000000000b6c2c  /data/app/~~v-oYNtoyHwIRm8dCqO6QHA==/com.vibekey.keyboard-tGr8-m6JM8o5zr5lg-Nc2w==/lib/arm64/libjni_latinime.so (latinime::PatriciaTriePolicy::createAndGetAllChildDicNodes(latinime::DicNode const*, latinime::DicNodeVector*) const+112) (BuildId: f905dbd1a904967a994cf833116e517b05caa863)
06-09 16:30:05.674 26183 26183 F DEBUG   :       #06 pc 00000000000d4928  /data/app/~~v-oYNtoyHwIRm8dCqO6QHA==/com.vibekey.keyboard-tGr8-m6JM8o5zr5lg-Nc2w==/lib/arm64/libjni_latinime.so (latinime::Suggest::expandCurrentDicNodes(latinime::DicTraverseSession*) const+1380) (BuildId: f905dbd1a904967a994cf833116e517b05caa863)
06-09 16:30:05.674 26183 26183 F DEBUG   :       #07 pc 00000000000d3c0c  /data/app/~~v-oYNtoyHwIRm8dCqO6QHA==/com.vibekey.keyboard-tGr8-m6JM8o5zr5lg-Nc2w==/lib/arm64/libjni_latinime.so (latinime::Suggest::getSuggestions(latinime::ProximityInfo*, void*, int*, int*, int*, int*, int*, int, float, latinime::SuggestionResults*) const+504) (BuildId: f905dbd1a904967a994cf833116e517b05caa863)
06-09 16:30:05.674 26183 26183 F DEBUG   :       #08 pc 000000000009fd88  /data/app/~~v-oYNtoyHwIRm8dCqO6QHA==/com.vibekey.keyboard-tGr8-m6JM8o5zr5lg-Nc2w==/lib/arm64/libjni_latinime.so (BuildId: f905dbd1a904967a994cf833116e517b05caa863)
06-09 16:30:05.674 26183 26183 F DEBUG   :       #09 pc 00000000002c2100  /apex/com.android.art/lib64/libart.so (art_quick_generic_jni_trampoline+144) (BuildId: 7087b2f2160bfbf3335d54ba9779e325)
06-09 16:30:05.674 26183 26183 F DEBUG   :       #10 pc 000000000204680c  /memfd:jit-cache (deleted)
06-09 16:30:06.865 26195 26195 E ibekey.keyboar: Unknown bits set in runtime_flags: 0x40000000
06-09 16:30:07.142 26195 26195 W f0      : Could not load system glide typing library jni_latinimegoogle: dlopen failed: library "libjni_latinimegoogle.so" not found
06-09 16:30:07.386 26195 26195 W u       : No editor info for this field. Bug?
06-09 16:30:07.420 26195 26195 I VkMultilingual: reset main=pt-BR locales=[pt-BR,es-419,fr-CH] count=3
06-09 16:30:07.536 26195 26195 W ibekey.keyboar: ClassLoaderContext classpath size mismatch. expected=1, found=0 (DLC[];PCL[base.apk*116719914]{PCL[/system/framework/org.apache.http.legacy.jar*3034548894]#PCL[/apex/com.android.extservices/javalib/android.ext.adservices.jar*3839736497]#PCL[/system/framework/com.android.location.provider.jar*3633238672]#PCL[/system/framework/com.android.media.remotedisplay.jar*3472798123]#PCL[/apex/com.android.extservices/javalib/android.ext.adservices.jar*3839736497]} | DLC[];PCL[])
06-09 16:30:07.579 26195 26195 W System  : ClassLoader referenced unknown path: 
06-09 16:30:07.591 26195 26195 W ibekey.keyboar: ClassLoaderContext classpath element checksum mismatch. expected=116719914, found=464099867 (DLC[];PCL[base.apk*116719914]{PCL[/system/framework/org.apache.http.legacy.jar*3034548894]#PCL[/apex/com.android.extservices/javalib/android.ext.adservices.jar*3839736497]#PCL[/system/framework/com.android.location.provider.jar*3633238672]#PCL[/system/framework/com.android.media.remotedisplay.jar*3472798123]#PCL[/apex/com.android.extservices/javalib/android.ext.adservices.jar*3839736497]} | DLC[];PCL[/data/app/~~v-oYNtoyHwIRm8dCqO6QHA==/com.vibekey.keyboard-tGr8-m6JM8o5zr5lg-Nc2w==/base.apk*464099867]{PCL[/apex/com.android.extservices/javalib/android.ext.adservices.jar*3839736497]})
06-09 16:30:07.870 26195 26195 E ibekey.keyboar: ofbOpen failed with error=No such file or directory
06-09 16:30:07.870 26195 26195 E ibekey.keyboar: sysOpen failed with error=No such file or directory
06-09 16:30:07.901 26195 26252 W Ads     : Update ad debug logging enablement as false
06-09 16:30:07.918 26195 26195 E MultiApp.Impl: OplusMultiAppImpl
06-09 16:30:08.000 26195 26195 W libc    : Access denied finding property "ro.vendor.api_level"
06-09 16:30:08.003 26195 26195 W chromium: [WARNING:android_webview/browser/network_service/net_helpers.cc:137] HTTP Cache size is: 20971520
06-09 16:30:08.088 26195 26195 I VkSwipe : ○ gesture canceled
06-09 16:30:08.089 26195 26317 W libc    : Access denied finding property "vendor.camera.aux.packagelist"
06-09 16:30:08.090 26195 26317 W libc    : Access denied finding property "vendor.camera.aux.packagelist"
06-09 16:30:08.092 26195 26210 W libc    : Access denied finding property "vendor.camera.aux.packagelist"
06-09 16:30:08.097 26195 26195 I VkEffects: reload anim=scale blur=562px glow=false stickers=true
06-09 16:30:08.099 26195 26195 E OplusCustomizeRestrictionManager: sInstance is null, start a new sInstance
06-09 16:30:08.177 26195 26195 I SpaceAssistPopup: ○ send ready=false outChars=0
06-09 16:30:08.195 26195 26195 I VkTyping: ▶ open restart=false pkg=com.android.launcher inputType=589825
06-09 16:30:08.320 26195 26286 W cr_media: BLUETOOTH_CONNECT permission is missing.
06-09 16:30:08.327 26195 26286 W cr_media: getBluetoothAdapter() requires BLUETOOTH permission
06-09 16:30:08.327 26195 26286 W cr_media: registerBluetoothIntentsIfNeeded: Requires BLUETOOTH permission
06-09 16:30:08.339 26195 26195 W View    : requestLayout() improperly called by android.widget.LinearLayout{c333b74 V.E...... ......ID 0,1868-1440,2818 #7f0a010d app:id/input_view_keyboard_column} during layout: running second layout pass
06-09 16:30:08.339 26195 26195 W View    : requestLayout() improperly called by android.widget.LinearLayout{da5d89d V.E...... ......ID 0,0-1440,950 #7f0a011c app:id/main_keyboard_frame} during layout: running second layout pass
06-09 16:30:08.445 26195 26266 E BLASTBufferQueue: BLASTBufferItemConsumer::onDisconnect()
06-09 16:30:08.459 26195 26299 W AudioCapabilities: Unsupported mime audio/ffmpeg
06-09 16:30:08.460 26195 26299 W VideoCapabilities: Unsupported mime video/ffmpeg
06-09 16:30:08.460 26195 26299 W VideoCapabilities: Unrecognized profile/level 0/3 for video/mpeg2
06-09 16:30:08.460 26195 26299 W VideoCapabilities: Unrecognized profile/level 0/3 for video/mpeg2
06-09 16:30:08.517 26195 26345 W Settings: Setting animator_duration_scale has moved from android.provider.Settings.System to android.provider.Settings.Global, returning read-only global URI.
06-09 16:30:08.526 26195 26345 E GeckoLibLoad: Load sqlite start
06-09 16:30:08.527 26195 26345 E GeckoLibLoad: Load sqlite done
06-09 16:30:08.527 26195 26345 E GeckoLibLoad: Load nss start
06-09 16:30:08.527 26195 26345 E GeckoLibLoad: Load nss done
06-09 16:30:08.537 26195 26345 E GeckoLibLoad: Loaded libs in 10.191146ms total, 0ms(28ms) user, 9ms(9ms) system, 0(0) faults
06-09 16:30:08.538 26195 26345 W GeckoThread: zerdatime 713851399 - runGecko
06-09 16:30:08.611 26195 26195 W com.vibekey.keyboard: type=1400 audit(0.0:305728): avc: denied { bind } for comm=4E65746C696E6B204D6F6E69746F72 scontext=u:r:untrusted_app:s0:c186,c271,c512,c768 tcontext=u:r:untrusted_app:s0:c186,c271,c512,c768 tclass=netlink_route_socket permissive=0 bug=b/155595000 app=com.vibekey.keyboard
06-09 16:30:08.628 26195 26345 E ibekey.keyboar: hiddenapi: Accessing hidden field Ljava/lang/Boolean;->value:Z (runtime_flags=0, domain=core-platform, api=max-target-p) from Lorg/mozilla/gecko/GeckoThread; (domain=app, TargetSdkVersion=35) using JNI: denied
06-09 16:30:08.628 26195 26345 E ibekey.keyboar: hiddenapi: Accessing hidden field Ljava/lang/Integer;->value:I (runtime_flags=0, domain=core-platform, api=max-target-p) from Lorg/mozilla/gecko/GeckoThread; (domain=app, TargetSdkVersion=35) using JNI: denied
06-09 16:30:08.628 26195 26345 E ibekey.keyboar: hiddenapi: Accessing hidden field Ljava/lang/Long;->value:J (runtime_flags=0, domain=core-platform, api=max-target-p) from Lorg/mozilla/gecko/GeckoThread; (domain=app, TargetSdkVersion=35) using JNI: denied
06-09 16:30:08.628 26195 26345 E ibekey.keyboar: hiddenapi: Accessing hidden field Ljava/lang/Double;->value:D (runtime_flags=0, domain=core-platform, api=max-target-p) from Lorg/mozilla/gecko/GeckoThread; (domain=app, TargetSdkVersion=35) using JNI: denied
06-09 16:30:08.723 26372 26372 E .keyboard:tab3: Unknown bits set in runtime_flags: 0x40000000
06-09 16:30:08.912 25487 25510 I OnDeviceAssist: warm ok model=qwen2.5-0.5b-instruct-q4_0.gguf ambient=40 chars 0ms
06-09 16:30:09.261 25487 25510 I OnDeviceAssist: warm ok model=qwen2.5-0.5b-instruct-q4_0.gguf ambient=40 chars 0ms
06-09 16:30:09.517 26195 26195 I SpaceAssistPopup: ○ send ready=false outChars=0
06-09 16:30:09.517 26195 26195 I VkSwipe : ▶ gesture started locale=pt-BR
06-09 16:30:09.547 26195 26229 W VibeKeyProfiler: Slow Native Suggest: Total=23.66ms | Init=0.03ms | TrieExpand(x18)=23.57ms | Scoring=0.05ms | inputSize=1
06-09 16:30:09.576 26195 26229 W VibeKeyProfiler: Slow Native Suggest: Total=27.32ms | Init=0.03ms | TrieExpand(x15)=27.23ms | Scoring=0.06ms | inputSize=1
06-09 16:30:09.597 26195 26229 W VibeKeyProfiler: Slow Native Suggest: Total=14.30ms | Init=0.03ms | TrieExpand(x16)=14.24ms | Scoring=0.02ms | inputSize=1
06-09 16:30:09.611 26195 26229 W VibeKeyProfiler: Slow Native Suggest: Total=12.78ms | Init=0.01ms | TrieExpand(x18)=12.75ms | Scoring=0.02ms | inputSize=1
06-09 16:30:09.624 26195 26229 I VkSuggestions: decode typedLen=0 candidates=18 locales=3 103,7ms
06-09 16:30:09.625 26195 26229 W VkSuggestions: slow frame 103,7ms locales=3 typedLen=0 candidates=18 parallelWait=103,6ms
06-09 16:30:09.661 26195 26229 W VibeKeyProfiler: Slow Native Suggest: Total=12.59ms | Init=0.09ms | TrieExpand(x11)=12.44ms | Scoring=0.06ms | inputSize=2
06-09 16:30:09.685 26195 26229 I VkSuggestions: decode typedLen=2 candidates=18 locales=3 37,4ms
06-09 16:30:09.685 26195 26229 W VkSuggestions: slow frame 37,4ms locales=3 typedLen=2 candidates=18 parallelWait=37,2ms
06-09 16:30:09.707 26195 26229 I VkSuggestions: decode typedLen=0 candidates=18 locales=3 22,1ms
06-09 16:30:09.708 26195 26229 W VkSuggestions: slow frame 22,1ms locales=3 typedLen=0 candidates=18 parallelWait=21,9ms
06-09 16:30:10.059 26424 26424 E libcrashpad_handler_trampoline.so: createInstance(64bit) : createExtendedFactory
06-09 16:30:10.060 26424 26424 E libcrashpad_handler_trampoline.so: createInstance(64bit) : createExtendedFactory
06-09 16:30:10.060 26424 26424 E libcrashpad_handler_trampoline.so: Opened libinputextensionsimpl.so
06-09 16:30:10.060 26424 26424 E libcrashpad_handler_trampoline.so: Opened libinputextensionsimpl.so
06-09 16:30:10.062 26424 26424 E libcrashpad_handler_trampoline.so: createInstance(64bit) : createExtendedFactory
06-09 16:30:10.063 26424 26424 E libcrashpad_handler_trampoline.so: createInstance(64bit) : createExtendedFactory
06-09 16:30:10.063 26424 26424 E libcrashpad_handler_trampoline.so: Opened libsensorextimpl.so
06-09 16:30:10.063 26424 26424 E libcrashpad_handler_trampoline.so: Opened libsensorextimpl.so
06-09 16:30:10.283 26195 26229 F libc    : Fatal signal 7 (SIGBUS), code 2 (BUS_ADRERR), fault addr 0x76665dd00e in tid 26229 (d), pid 26195 (AndroidUI)
06-09 16:30:10.571 26428 26428 E DEBUG   : failed to read /proc/uptime: Permission denied
06-09 16:30:11.449 26428 26428 F DEBUG   : Process name is com.vibekey.keyboard, not key_process
06-09 16:30:11.449 26428 26428 F DEBUG   : keyProcess: 0
06-09 16:30:11.449 26428 26428 F DEBUG   : *** *** *** *** *** *** *** *** *** *** *** *** *** *** *** ***
06-09 16:30:11.449 26428 26428 F DEBUG   : Build fingerprint: 'OnePlus/OnePlus7Pro/OnePlus7Pro:12/SKQ1.211113.001/P.202303230244:user/release-keys'
06-09 16:30:11.449 26428 26428 F DEBUG   : Revision: '0'
06-09 16:30:11.449 26428 26428 F DEBUG   : ABI: 'arm64'
06-09 16:30:11.449 26428 26428 F DEBUG   : Timestamp: 2026-06-09 16:30:10.571290382-0400
06-09 16:30:11.449 26428 26428 F DEBUG   : Process uptime: 0s
06-09 16:30:11.449 26428 26428 F DEBUG   : Cmdline: com.vibekey.keyboard
06-09 16:30:11.449 26428 26428 F DEBUG   : pid: 26195, tid: 26229, name: d  >>> com.vibekey.keyboard <<<
06-09 16:30:11.449 26428 26428 F DEBUG   : uid: 14026
06-09 16:30:11.449 26428 26428 F DEBUG   : signal 7 (SIGBUS), code 2 (BUS_ADRERR), fault addr 0x76665dd00e
06-09 16:30:11.450 26428 26428 F DEBUG   :     x0  0000000000000000  x1  0000000000006675  x2  0000000000000007  x3  000000768a6d1da0
06-09 16:30:11.450 26428 26428 F DEBUG   :     x4  000000768a6d16a8  x5  000000768a6d16a8  x6  000000768a6d16a8  x7  0000000000000000
06-09 16:30:11.450 26428 26428 F DEBUG   :     x8  00000000000000f0  x9  db746b027190efc7  x10 0000000000004001  x11 0000000000000000
06-09 16:30:11.450 26428 26428 F DEBUG   :     x12 00000000ffffffff  x13 0000000000000000  x14 000000000000001f  x15 00000076665dcfc6
06-09 16:30:11.450 26428 26428 F DEBUG   :     x16 000000757ca3ad18  x17 00000076790b8f10  x18 000000755fc9e000  x19 0000000000000007
06-09 16:30:11.450 26428 26428 F DEBUG   :     x20 000000768a6d1da0  x21 0000000000006653  x22 000000768a6d1d00  x23 0000000000000001
06-09 16:30:11.450 26428 26428 F DEBUG   :     x24 00000075dbdadba8  x25 00000075dbdadcc0  x26 00000075dbdadcf4  x27 0000000000000001
06-09 16:30:11.450 26428 26428 F DEBUG   :     x28 00000075dbdae2a8  x29 000000768a6d1d20
06-09 16:30:11.450 26428 26428 F DEBUG   :     lr  0000007576c697f8  sp  000000768a6d1d00  pc  00000076790b8f34  pst 0000000000000000
06-09 16:30:11.450 26428 26428 F DEBUG   : backtrace:
06-09 16:30:11.450 26428 26428 F DEBUG   :       #00 pc 0000000000075f34  /apex/com.android.runtime/lib64/bionic/libc.so (syscall+36) (BuildId: bbbdeb7c87c74f1491f92c6e605095b0)
06-09 16:30:11.450 26428 26428 F DEBUG   :       #01 pc 00000000040587f4  /data/app/~~ukACh23KqzhC02schODZ5g==/com.google.android.webview-qsLJ1HFxFSLtbdE1YBqHuA==/base.apk!libwebviewchromium.so (BuildId: f4154d1d3a9b37880ffb62018a1d86e977877475)
06-09 16:30:11.450 26428 26428 F DEBUG   :       #02 pc 000000000404ef70  /data/app/~~ukACh23KqzhC02schODZ5g==/com.google.android.webview-qsLJ1HFxFSLtbdE1YBqHuA==/base.apk!libwebviewchromium.so (BuildId: f4154d1d3a9b37880ffb62018a1d86e977877475)
06-09 16:30:11.450 26428 26428 F DEBUG   :       #03 pc 0000000000000638  [vdso] (__kernel_rt_sigreturn+0)
06-09 16:30:11.450 26428 26428 F DEBUG   :       #04 pc 00000000000b67ac  /data/app/~~v-oYNtoyHwIRm8dCqO6QHA==/com.vibekey.keyboard-tGr8-m6JM8o5zr5lg-Nc2w==/lib/arm64/libjni_latinime.so (latinime::PatriciaTrieReadingUtils::readPtNodeInfo(unsigned char const*, int, int, latinime::DictionaryShortcutsStructurePolicy const*, latinime::DictionaryBigramsStructurePolicy const*, int const*, unsigned char*, int*, int*, int*, int*, int*, int*, int*)+120) (BuildId: f905dbd1a904967a994cf833116e517b05caa863)
06-09 16:30:11.450 26428 26428 F DEBUG   :       #05 pc 00000000000b8980  /data/app/~~v-oYNtoyHwIRm8dCqO6QHA==/com.vibekey.keyboard-tGr8-m6JM8o5zr5lg-Nc2w==/lib/arm64/libjni_latinime.so (latinime::Ver2ParticiaTrieNodeReader::fetchPtNodeParamsInBufferFromPtNodePos(int) const+140) (BuildId: f905dbd1a904967a994cf833116e517b05caa863)
06-09 16:30:11.450 26428 26428 F DEBUG   :       #06 pc 00000000000b4b74  /data/app/~~v-oYNtoyHwIRm8dCqO6QHA==/com.vibekey.keyboard-tGr8-m6JM8o5zr5lg-Nc2w==/lib/arm64/libjni_latinime.so (latinime::DynamicPtReadingHelper::getTerminalPtNodePositionOfWord(int const*, unsigned long, bool)+232) (BuildId: f905dbd1a904967a994cf833116e517b05caa863)
06-09 16:30:11.450 26428 26428 F DEBUG   :       #07 pc 00000000000b7324  /data/app/~~v-oYNtoyHwIRm8dCqO6QHA==/com.vibekey.keyboard-tGr8-m6JM8o5zr5lg-Nc2w==/lib/arm64/libjni_latinime.so (latinime::PatriciaTriePolicy::getWordId(latinime::IntArrayView, bool) const+184) (BuildId: f905dbd1a904967a994cf833116e517b05caa863)
06-09 16:30:11.450 26428 26428 F DEBUG   :       #08 pc 00000000000a7d54  /data/app/~~v-oYNtoyHwIRm8dCqO6QHA==/com.vibekey.keyboard-tGr8-m6JM8o5zr5lg-Nc2w==/lib/arm64/libjni_latinime.so (latinime::NgramContext::getWordId(latinime::DictionaryStructureWithBufferPolicy const*, int const*, int, bool, bool)+232) (BuildId: f905dbd1a904967a994cf833116e517b05caa863)
06-09 16:30:11.450 26428 26428 F DEBUG   :       #09 pc 00000000000d337c  /data/app/~~v-oYNtoyHwIRm8dCqO6QHA==/com.vibekey.keyboard-tGr8-m6JM8o5zr5lg-Nc2w==/lib/arm64/libjni_latinime.so (latinime::DicTraverseSession::init(latinime::Dictionary const*, latinime::NgramContext const*, latinime::SuggestOptions const*)+124) (BuildId: f905dbd1a904967a994cf833116e517b05caa863)
06-09 16:30:11.450 26428 26428 F DEBUG   :       #10 pc 00000000000c8bd0  /data/app/~~v-oYNtoyHwIRm8dCqO6QHA==/com.vibekey.keyboard-tGr8-m6JM8o5zr5lg-Nc2w==/lib/arm64/libjni_latinime.so (latinime::Dictionary::getSuggestions(latinime::ProximityInfo*, latinime::DicTraverseSession*, int*, int*, int*, int*, int*, int, latinime::NgramContext const*, latinime::SuggestOptions const*, float, latinime::SuggestionResults*) const+104) (BuildId: f905dbd1a904967a994cf833116e517b05caa863)
06-09 16:30:11.450 26428 26428 F DEBUG   :       #11 pc 000000000009fd88  /data/app/~~v-oYNtoyHwIRm8dCqO6QHA==/com.vibekey.keyboard-tGr8-m6JM8o5zr5lg-Nc2w==/lib/arm64/libjni_latinime.so (BuildId: f905dbd1a904967a994cf833116e517b05caa863)
06-09 16:30:11.450 26428 26428 F DEBUG   :       #12 pc 00000000002c2100  /apex/com.android.art/lib64/libart.so (art_quick_generic_jni_trampoline+144) (BuildId: 7087b2f2160bfbf3335d54ba9779e325)
06-09 16:30:11.450 26428 26428 F DEBUG   :       #13 pc 00000000006692dc  /apex/com.android.art/lib64/libart.so (nterp_helper+3852) (BuildId: 7087b2f2160bfbf3335d54ba9779e325)
06-09 16:30:11.450 26428 26428 F DEBUG   :       #14 pc 000000000021fb78  /data/app/~~v-oYNtoyHwIRm8dCqO6QHA==/com.vibekey.keyboard-tGr8-m6JM8o5zr5lg-Nc2w==/oat/arm64/base.vdex (com.android.inputmethod.latin.BinaryDictionary.q+572)
06-09 16:30:11.450 26428 26428 F DEBUG   :       #15 pc 0000000000669a28  /apex/com.android.art/lib64/libart.so (nterp_helper+5720) (BuildId: 7087b2f2160bfbf3335d54ba9779e325)
06-09 16:30:11.450 26428 26428 F DEBUG   :       #16 pc 000000000021f8f6  /data/app/~~v-oYNtoyHwIRm8dCqO6QHA==/com.vibekey.keyboard-tGr8-m6JM8o5zr5lg-Nc2w==/oat/arm64/base.vdex (com.android.inputmethod.latin.BinaryDictionary.d+2)
06-09 16:30:11.450 26428 26428 F DEBUG   :       #17 pc 0000000000669a28  /apex/com.android.art/lib64/libart.so (nterp_helper+5720) (BuildId: 7087b2f2160bfbf3335d54ba9779e325)
06-09 16:30:11.450 26428 26428 F DEBUG   :       #18 pc 0000000000ad692a  /data/app/~~v-oYNtoyHwIRm8dCqO6QHA==/com.vibekey.keyboard-tGr8-m6JM8o5zr5lg-Nc2w==/oat/arm64/base.vdex (v7.k.d+50)
06-09 16:30:11.450 26428 26428 F DEBUG   :       #19 pc 0000000000669a28  /apex/com.android.art/lib64/libart.so (nterp_helper+5720) (BuildId: 7087b2f2160bfbf3335d54ba9779e325)
06-09 16:30:11.450 26428 26428 F DEBUG   :       #20 pc 0000000000ad5a22  /data/app/~~v-oYNtoyHwIRm8dCqO6QHA==/com.vibekey.keyboard-tGr8-m6JM8o5zr5lg-Nc2w==/oat/arm64/base.vdex (v7.e.d+70)
06-09 16:30:11.450 26428 26428 F DEBUG   :       #21 pc 0000000000669a28  /apex/com.android.art/lib64/libart.so (nterp_helper+5720) (BuildId: 7087b2f2160bfbf3335d54ba9779e325)
06-09 16:30:11.450 26428 26428 F DEBUG   :       #22 pc 0000000000590d82  /data/app/~~v-oYNtoyHwIRm8dCqO6QHA==/com.vibekey.keyboard-tGr8-m6JM8o5zr5lg-Nc2w==/oat/arm64/base.vdex (p7.p.j+334)
06-09 16:30:11.450 26428 26428 F DEBUG   :       #23 pc 0000000000669a28  /apex/com.android.art/lib64/libart.so (nterp_helper+5720) (BuildId: 7087b2f2160bfbf3335d54ba9779e325)
06-09 16:30:11.450 26428 26428 F DEBUG   :       #24 pc 00000000005906dc  /data/app/~~v-oYNtoyHwIRm8dCqO6QHA==/com.vibekey.keyboard-tGr8-m6JM8o5zr5lg-Nc2w==/oat/arm64/base.vdex (p7.p.i+252)
06-09 16:30:11.450 26428 26428 F DEBUG   :       #25 pc 0000000000669a28  /apex/com.android.art/lib64/libart.so (nterp_helper+5720) (BuildId: 7087b2f2160bfbf3335d54ba9779e325)
06-09 16:30:11.450 26428 26428 F DEBUG   :       #26 pc 0000000000590532  /data/app/~~v-oYNtoyHwIRm8dCqO6QHA==/com.vibekey.keyboard-tGr8-m6JM8o5zr5lg-Nc2w==/oat/arm64/base.vdex (p7.p.h+214)
06-09 16:30:11.450 26428 26428 F DEBUG   :       #27 pc 0000000000669a28  /apex/com.android.art/lib64/libart.so (nterp_helper+5720) (BuildId: 7087b2f2160bfbf3335d54ba9779e325)
06-09 16:30:11.450 26428 26428 F DEBUG   :       #28 pc 0000000000598486  /data/app/~~v-oYNtoyHwIRm8dCqO6QHA==/com.vibekey.keyboard-tGr8-m6JM8o5zr5lg-Nc2w==/oat/arm64/base.vdex (p7.j1.b+458)
06-09 16:30:11.450 26428 26428 F DEBUG   :       #29 pc 0000000000669a28  /apex/com.android.art/lib64/libart.so (nterp_helper+5720) (BuildId: 7087b2f2160bfbf3335d54ba9779e325)
06-09 16:30:11.450 26428 26428 F DEBUG   :       #30 pc 0000000000addb0a  /data/app/~~v-oYNtoyHwIRm8dCqO6QHA==/com.vibekey.keyboard-tGr8-m6JM8o5zr5lg-Nc2w==/oat/arm64/base.vdex (x7.b.m+1458)
06-09 16:30:11.450 26428 26428 F DEBUG   :       #31 pc 0000000000669324  /apex/com.android.art/lib64/libart.so (nterp_helper+3924) (BuildId: 7087b2f2160bfbf3335d54ba9779e325)
06-09 16:30:11.450 26428 26428 F DEBUG   :       #32 pc 0000000000593038  /data/app/~~v-oYNtoyHwIRm8dCqO6QHA==/com.vibekey.keyboard-tGr8-m6JM8o5zr5lg-Nc2w==/oat/arm64/base.vdex (p7.v.run+72)
06-09 16:30:11.450 26428 26428 F DEBUG   :       #33 pc 000000000066a144  /apex/com.android.art/lib64/libart.so (nterp_helper+7540) (BuildId: 7087b2f2160bfbf3335d54ba9779e325)
06-09 16:30:11.450 26428 26428 F DEBUG   :       #34 pc 0000000000ada9ca  /data/app/~~v-oYNtoyHwIRm8dCqO6QHA==/com.vibekey.keyboard-tGr8-m6JM8o5zr5lg-Nc2w==/oat/arm64/base.vdex (x7.d.handleMessage+18)
06-09 16:30:11.450 26428 26428 F DEBUG   :       #35 pc 000000000205b2d4  /memfd:jit-zygote-cache (deleted)
06-09 16:30:11.681 25487 25487 W LlmEngineService: Severe memory pressure (15); evicting on-device LLM.
06-09 16:30:12.677 26444 26444 E ibekey.keyboar: Unknown bits set in runtime_flags: 0x40000000
06-09 16:30:12.794 26444 26444 W f0      : Could not load system glide typing library jni_latinimegoogle: dlopen failed: library "libjni_latinimegoogle.so" not found
06-09 16:30:12.889 26444 26444 W u       : No editor info for this field. Bug?
06-09 16:30:12.900 26444 26444 I VkMultilingual: reset main=pt-BR locales=[pt-BR,es-419,fr-CH] count=3
06-09 16:30:12.930 26444 26444 W ibekey.keyboar: ClassLoaderContext classpath size mismatch. expected=1, found=0 (DLC[];PCL[base.apk*116719914]{PCL[/system/framework/org.apache.http.legacy.jar*3034548894]#PCL[/apex/com.android.extservices/javalib/android.ext.adservices.jar*3839736497]#PCL[/system/framework/com.android.location.provider.jar*3633238672]#PCL[/system/framework/com.android.media.remotedisplay.jar*3472798123]#PCL[/apex/com.android.extservices/javalib/android.ext.adservices.jar*3839736497]} | DLC[];PCL[])
06-09 16:30:12.937 26444 26444 W System  : ClassLoader referenced unknown path: 
06-09 16:30:12.946 26444 26444 W ibekey.keyboar: ClassLoaderContext classpath element checksum mismatch. expected=116719914, found=464099867 (DLC[];PCL[base.apk*116719914]{PCL[/system/framework/org.apache.http.legacy.jar*3034548894]#PCL[/apex/com.android.extservices/javalib/android.ext.adservices.jar*3839736497]#PCL[/system/framework/com.android.location.provider.jar*3633238672]#PCL[/system/framework/com.android.media.remotedisplay.jar*3472798123]#PCL[/apex/com.android.extservices/javalib/android.ext.adservices.jar*3839736497]} | DLC[];PCL[/data/app/~~v-oYNtoyHwIRm8dCqO6QHA==/com.vibekey.keyboard-tGr8-m6JM8o5zr5lg-Nc2w==/base.apk*464099867]{PCL[/apex/com.android.extservices/javalib/android.ext.adservices.jar*3839736497]})
06-09 16:30:13.009 26444 26444 E ibekey.keyboar: ofbOpen failed with error=No such file or directory
06-09 16:30:13.009 26444 26444 E ibekey.keyboar: sysOpen failed with error=No such file or directory
06-09 16:30:13.067 26444 26499 W Ads     : Update ad debug logging enablement as false
06-09 16:30:13.076 26444 26444 E MultiApp.Impl: OplusMultiAppImpl
06-09 16:30:13.142 26444 26444 W libc    : Access denied finding property "ro.vendor.api_level"
06-09 16:30:13.143 26444 26444 W chromium: [WARNING:android_webview/browser/network_service/net_helpers.cc:137] HTTP Cache size is: 20971520
06-09 16:30:13.216 26444 26559 W libc    : Access denied finding property "vendor.camera.aux.packagelist"
06-09 16:30:13.216 26444 26559 W libc    : Access denied finding property "vendor.camera.aux.packagelist"
06-09 16:30:13.217 26444 26458 W libc    : Access denied finding property "vendor.camera.aux.packagelist"
06-09 16:30:13.224 26444 26444 I VkSwipe : ○ gesture canceled
06-09 16:30:13.237 26444 26444 I VkEffects: reload anim=scale blur=562px glow=false stickers=true
06-09 16:30:13.239 26444 26444 E OplusCustomizeRestrictionManager: sInstance is null, start a new sInstance
06-09 16:30:13.308 26444 26444 I SpaceAssistPopup: ○ send ready=false outChars=0
06-09 16:30:13.329 26444 26444 I VkTyping: ▶ open restart=false pkg=com.android.launcher inputType=589825
06-09 16:30:13.435 26444 26535 W cr_media: BLUETOOTH_CONNECT permission is missing.
06-09 16:30:13.436 26444 26535 W cr_media: getBluetoothAdapter() requires BLUETOOTH permission
06-09 16:30:13.436 26444 26535 W cr_media: registerBluetoothIntentsIfNeeded: Requires BLUETOOTH permission
06-09 16:30:13.473 26444 26444 W View    : requestLayout() improperly called by android.widget.LinearLayout{e0b4112 V.E...... ......ID 0,1868-1440,2818 #7f0a010d app:id/input_view_keyboard_column} during layout: running second layout pass
06-09 16:30:13.473 26444 26444 W View    : requestLayout() improperly called by android.widget.LinearLayout{e8a60e3 V.E...... ......ID 0,0-1440,950 #7f0a011c app:id/main_keyboard_frame} during layout: running second layout pass
06-09 16:30:13.609 26444 26552 W AudioCapabilities: Unsupported mime audio/ffmpeg
06-09 16:30:13.610 26444 26552 W VideoCapabilities: Unsupported mime video/ffmpeg
06-09 16:30:13.610 26444 26552 W VideoCapabilities: Unrecognized profile/level 0/3 for video/mpeg2
06-09 16:30:13.610 26444 26552 W VideoCapabilities: Unrecognized profile/level 0/3 for video/mpeg2
06-09 16:30:13.660 26444 26590 W Settings: Setting animator_duration_scale has moved from android.provider.Settings.System to android.provider.Settings.Global, returning read-only global URI.
06-09 16:30:13.670 26444 26590 E GeckoLibLoad: Load sqlite start
06-09 16:30:13.680 26444 26590 E GeckoLibLoad: Load sqlite done
06-09 16:30:13.681 26444 26590 E GeckoLibLoad: Load nss start
06-09 16:30:13.681 26444 26590 E GeckoLibLoad: Load nss done
06-09 16:30:13.690 26444 26590 E GeckoLibLoad: Loaded libs in 8.838958ms total, 6ms(39ms) user, 0ms(2ms) system, 0(0) faults
06-09 16:30:13.696 26444 26590 W GeckoThread: zerdatime 713856557 - runGecko
06-09 16:30:13.751 26444 26444 W com.vibekey.keyboard: type=1400 audit(0.0:305731): avc: denied { bind } for comm=4E65746C696E6B204D6F6E69746F72 scontext=u:r:untrusted_app:s0:c186,c271,c512,c768 tcontext=u:r:untrusted_app:s0:c186,c271,c512,c768 tclass=netlink_route_socket permissive=0 bug=b/155595000 app=com.vibekey.keyboard
06-09 16:30:13.770 26444 26590 E ibekey.keyboar: hiddenapi: Accessing hidden field Ljava/lang/Boolean;->value:Z (runtime_flags=0, domain=core-platform, api=max-target-p) from Lorg/mozilla/gecko/GeckoThread; (domain=app, TargetSdkVersion=35) using JNI: denied
06-09 16:30:13.770 26444 26590 E ibekey.keyboar: hiddenapi: Accessing hidden field Ljava/lang/Integer;->value:I (runtime_flags=0, domain=core-platform, api=max-target-p) from Lorg/mozilla/gecko/GeckoThread; (domain=app, TargetSdkVersion=35) using JNI: denied
06-09 16:30:13.770 26444 26590 E ibekey.keyboar: hiddenapi: Accessing hidden field Ljava/lang/Long;->value:J (runtime_flags=0, domain=core-platform, api=max-target-p) from Lorg/mozilla/gecko/GeckoThread; (domain=app, TargetSdkVersion=35) using JNI: denied
06-09 16:30:13.770 26444 26590 E ibekey.keyboar: hiddenapi: Accessing hidden field Ljava/lang/Double;->value:D (runtime_flags=0, domain=core-platform, api=max-target-p) from Lorg/mozilla/gecko/GeckoThread; (domain=app, TargetSdkVersion=35) using JNI: denied
06-09 16:30:13.845 26618 26618 E .keyboard:tab3: Unknown bits set in runtime_flags: 0x40000000
06-09 16:30:14.586 25487 25510 I OnDeviceAssist: warm ok model=qwen2.5-0.5b-instruct-q4_0.gguf ambient=40 chars 548ms
06-09 16:30:14.810 26444 26444 I SpaceAssistPopup: ○ send ready=false outChars=0
06-09 16:30:14.811 26444 26444 I VkSwipe : ▶ gesture started locale=pt-BR
06-09 16:30:15.015 26667 26667 E libcrashpad_handler_trampoline.so: createInstance(64bit) : createExtendedFactory
06-09 16:30:15.016 26667 26667 E libcrashpad_handler_trampoline.so: createInstance(64bit) : createExtendedFactory
06-09 16:30:15.016 26667 26667 E libcrashpad_handler_trampoline.so: Opened libinputextensionsimpl.so
06-09 16:30:15.016 26667 26667 E libcrashpad_handler_trampoline.so: Opened libinputextensionsimpl.so
06-09 16:30:15.018 26667 26667 E libcrashpad_handler_trampoline.so: createInstance(64bit) : createExtendedFactory
06-09 16:30:15.018 26667 26667 E libcrashpad_handler_trampoline.so: createInstance(64bit) : createExtendedFactory
06-09 16:30:15.018 26667 26667 E libcrashpad_handler_trampoline.so: Opened libsensorextimpl.so
06-09 16:30:15.018 26667 26667 E libcrashpad_handler_trampoline.so: Opened libsensorextimpl.so
06-09 16:30:15.211 26444 26444 W m       : [0] drop stale event: 1160,97|318 last: 1181,110|510
06-09 16:30:15.211 26444 26444 W m       : [0] drop stale event: 1150,97|326 last: 1181,110|510
06-09 16:30:15.211 26444 26444 W m       : [0] drop stale event: 1135,97|334 last: 1181,110|510
06-09 16:30:15.211 26444 26444 W m       : [0] drop stale event: 1111,97|343 last: 1181,110|510
06-09 16:30:15.211 26444 26444 W m       : [0] drop stale event: 1077,97|351 last: 1181,110|510
06-09 16:30:15.211 26444 26444 W m       : [0] drop stale event: 1022,98|360 last: 1181,110|510
06-09 16:30:15.211 26444 26444 W m       : [0] drop stale event: 944,100|368 last: 1181,110|510
06-09 16:30:15.211 26444 26444 W m       : [0] drop stale event: 868,101|376 last: 1181,110|510
06-09 16:30:15.211 26444 26444 W m       : [0] drop stale event: 794,100|384 last: 1181,110|510
06-09 16:30:15.211 26444 26444 W m       : [0] drop stale event: 728,97|393 last: 1181,110|510
06-09 16:30:15.211 26444 26444 W m       : [0] drop stale event: 673,93|401 last: 1181,110|510
06-09 16:30:15.211 26444 26444 W m       : [0] drop stale event: 631,88|410 last: 1181,110|510
06-09 16:30:15.212 26444 26444 W m       : [0] drop stale event: 601,82|418 last: 1181,110|510
06-09 16:30:15.212 26444 26444 W m       : [0] drop stale event: 582,78|426 last: 1181,110|510
06-09 16:30:15.212 26444 26444 W m       : [0] drop stale event: 571,75|434 last: 1181,110|510
06-09 16:30:15.212 26444 26444 W m       : [0] drop stale event: 568,74|443 last: 1181,110|510
06-09 16:30:15.212 26444 26444 W m       : [0] drop stale event: 567,74|451 last: 1181,110|510
06-09 16:30:15.212 26444 26444 W m       : [0] drop stale event: 567,75|460 last: 1181,110|510
06-09 16:30:15.212 26444 26444 W m       : [0] drop stale event: 569,77|468 last: 1181,110|510
06-09 16:30:15.212 26444 26444 W m       : [0] drop stale event: 570,79|476 last: 1181,110|510
06-09 16:30:15.212 26444 26444 W m       : [0] drop stale event: 571,81|485 last: 1181,110|510
06-09 16:30:15.212 26444 26444 W m       : [0] drop stale event: 573,83|493 last: 1181,110|510
06-09 16:30:15.212 26444 26444 W m       : [0] drop stale event: 575,85|501 last: 1181,110|510
06-09 16:30:15.212 26444 26444 W m       : [0] drop stale event: 575,86|503 last: 1181,110|510
06-09 16:30:15.217 26444 26479 F libc    : Fatal signal 7 (SIGBUS), code 2 (BUS_ADRERR), fault addr 0x76665dd00e in tid 26479 (d), pid 26444 (AndroidUI)
06-09 16:30:15.467 26676 26676 E DEBUG   : failed to read /proc/uptime: Permission denied
06-09 16:30:16.179 26676 26676 F DEBUG   : Process name is com.vibekey.keyboard, not key_process
06-09 16:30:16.179 26676 26676 F DEBUG   : keyProcess: 0
06-09 16:30:16.179 26676 26676 F DEBUG   : *** *** *** *** *** *** *** *** *** *** *** *** *** *** *** ***
06-09 16:30:16.179 26676 26676 F DEBUG   : Build fingerprint: 'OnePlus/OnePlus7Pro/OnePlus7Pro:12/SKQ1.211113.001/P.202303230244:user/release-keys'
