06-04 16:18:16.082 13728 13728 W View    : requestLayout() improperly called by helium314.keyboard.latin.panels.BrowserPanelView{69b8168 V.E...... ......I. 0,0-1440,2040} during layout: running second layout pass
06-04 16:18:16.088 13728 13728 W View    : requestLayout() improperly called by helium314.keyboard.latin.panels.BrowserPanelView{69b8168 V.E...... .......D 0,0-1440,2040} during second layout pass: posting in next frame
06-04 16:18:16.099 13728 13728 W View    : requestLayout() improperly called by helium314.keyboard.latin.panels.BrowserPanelView{69b8168 V.E...... ......ID 0,0-1440,2040} during layout: running second layout pass
06-04 16:18:16.104 13728 13728 W View    : requestLayout() improperly called by helium314.keyboard.latin.panels.BrowserPanelView{69b8168 V.E...... ........ 0,0-1440,2040} during second layout pass: posting in next frame
06-04 16:18:16.115 13728 13728 W View    : requestLayout() improperly called by helium314.keyboard.latin.panels.BrowserPanelView{69b8168 V.E...... ......ID 0,0-1440,2040} during layout: running second layout pass
06-04 16:18:16.118 13728 13728 W View    : requestLayout() improperly called by helium314.keyboard.latin.panels.BrowserPanelView{69b8168 V.E...... ........ 0,0-1440,2040} during second layout pass: posting in next frame
06-04 16:18:16.132 13728 13728 W View    : requestLayout() improperly called by helium314.keyboard.latin.panels.BrowserPanelView{69b8168 V.E...... ......ID 0,0-1440,2040} during layout: running second layout pass
06-04 16:18:16.137 13728 13728 W View    : requestLayout() improperly called by helium314.keyboard.latin.panels.BrowserPanelView{69b8168 V.E...... ........ 0,0-1440,2040} during second layout pass: posting in next frame
06-04 16:18:16.151 13728 13728 W View    : requestLayout() improperly called by helium314.keyboard.latin.panels.BrowserPanelView{69b8168 V.E...... ......ID 0,0-1440,2040} during layout: running second layout pass
06-04 16:18:16.155 13728 13728 W View    : requestLayout() improperly called by helium314.keyboard.latin.panels.BrowserPanelView{69b8168 V.E...... ........ 0,0-1440,2040} during second layout pass: posting in next frame
06-04 16:18:16.157 13728 13728 W GeckoEventDispatcher: No listener for GeckoView:DismissClipboardPermissionRequest
06-04 16:18:16.159 13728 17323 E BLASTBufferQueue: BLASTBufferItemConsumer::onDisconnect()
06-04 16:18:16.162 13728 13728 E GeckoView: Failed to detach WindowInsetsListener: 
06-04 16:18:16.162 13728 13728 E GeckoView: java.lang.NullPointerException: Attempt to invoke virtual method 'android.view.Window android.app.Activity.getWindow()' on a null object reference
06-04 16:18:16.162 13728 13728 E GeckoView: 	at org.mozilla.geckoview.GeckoView.detachWindowInsetsListener(r8-map-id-3c4392f98dfec4be85387f1344981c2538cde17caaa7e93a15a96452970f2255:1)
06-04 16:18:16.162 13728 13728 E GeckoView: 	at org.mozilla.geckoview.GeckoView.onDetachedFromWindow(r8-map-id-3c4392f98dfec4be85387f1344981c2538cde17caaa7e93a15a96452970f2255:25)
06-04 16:18:16.162 13728 13728 E GeckoView: 	at android.view.View.dispatchDetachedFromWindow(View.java:20955)
06-04 16:18:16.162 13728 13728 E GeckoView: 	at android.view.ViewGroup.dispatchDetachedFromWindow(ViewGroup.java:4014)
06-04 16:18:16.162 13728 13728 E GeckoView: 	at android.view.ViewGroup.removeViewInternal(ViewGroup.java:5660)
06-04 16:18:16.162 13728 13728 E GeckoView: 	at android.view.ViewGroup.removeViewInternal(ViewGroup.java:5631)
06-04 16:18:16.162 13728 13728 E GeckoView: 	at android.view.ViewGroup.removeView(ViewGroup.java:5562)
06-04 16:18:16.162 13728 13728 E GeckoView: 	at helium314.keyboard.latin.panels.BrowserPanelView.P(r8-map-id-3c4392f98dfec4be85387f1344981c2538cde17caaa7e93a15a96452970f2255:119)
06-04 16:18:16.162 13728 13728 E GeckoView: 	at helium314.keyboard.latin.panels.BrowserPanelView.F0(r8-map-id-3c4392f98dfec4be85387f1344981c2538cde17caaa7e93a15a96452970f2255:73)
06-04 16:18:16.162 13728 13728 E GeckoView: 	at i7.c0.r(r8-map-id-3c4392f98dfec4be85387f1344981c2538cde17caaa7e93a15a96452970f2255:149)
06-04 16:18:16.162 13728 13728 E GeckoView: 	at i7.c0.P(r8-map-id-3c4392f98dfec4be85387f1344981c2538cde17caaa7e93a15a96452970f2255:17)
06-04 16:18:16.162 13728 13728 E GeckoView: 	at a8.d5.a(r8-map-id-3c4392f98dfec4be85387f1344981c2538cde17caaa7e93a15a96452970f2255:3)
06-04 16:18:16.162 13728 13728 E GeckoView: 	at a8.b3.onClick(r8-map-id-3c4392f98dfec4be85387f1344981c2538cde17caaa7e93a15a96452970f2255:209)
06-04 16:18:16.162 13728 13728 E GeckoView: 	at android.view.View.performClick(View.java:7488)
06-04 16:18:16.162 13728 13728 E GeckoView: 	at android.view.View.performClickInternal(View.java:7464)
06-04 16:18:16.162 13728 13728 E GeckoView: 	at android.view.View.access$3700(View.java:841)
06-04 16:18:16.162 13728 13728 E GeckoView: 	at android.view.View$PerformClick.run(View.java:28911)
06-04 16:18:16.162 13728 13728 E GeckoView: 	at android.os.Handler.handleCallback(Handler.java:938)
06-04 16:18:16.162 13728 13728 E GeckoView: 	at android.os.Handler.dispatchMessage(Handler.java:99)
06-04 16:18:16.162 13728 13728 E GeckoView: 	at android.os.Looper.loopOnce(Looper.java:233)
06-04 16:18:16.162 13728 13728 E GeckoView: 	at android.os.Looper.loop(Looper.java:344)
06-04 16:18:16.162 13728 13728 E GeckoView: 	at android.app.ActivityThread.main(ActivityThread.java:8212)
06-04 16:18:16.162 13728 13728 E GeckoView: 	at java.lang.reflect.Method.invoke(Native Method)
06-04 16:18:16.162 13728 13728 E GeckoView: 	at com.android.internal.os.RuntimeInit$MethodAndArgsCaller.run(RuntimeInit.java:584)
06-04 16:18:16.162 13728 13728 E GeckoView: 	at com.android.internal.os.ZygoteInit.main(ZygoteInit.java:1034)
06-04 16:18:16.182 25559 25579 E GeckoLibLoad: Load sqlite start
06-04 16:18:16.186 25559 25579 E GeckoLibLoad: Load sqlite done
06-04 16:18:16.186 25559 25579 E GeckoLibLoad: Load nss start
06-04 16:18:16.186 25559 25579 E GeckoLibLoad: Load nss done
06-04 16:18:16.187 18978 19004 E Isolated Web Content: [JavaScript Error: "Cookie “_cookie_test” has been rejected for invalid domain." {file: "https://www.cnn.com/" line: 0}]
06-04 16:18:16.188 18978 19004 E Isolated Web Content: [JavaScript Error: "Cookie “_cookie_test” has been rejected for invalid domain." {file: "https://www.cnn.com/" line: 0}]
06-04 16:18:16.190 13728 13728 W GeckoSession: No history entries found.
06-04 16:18:16.192 13728 13728 W View    : requestLayout() improperly called by helium314.keyboard.latin.panels.BrowserPanelView{69b8168 G.E...... ......ID 0,0-1440,2040} during second layout pass: posting in next frame
06-04 16:18:16.192 18978 19004 E Isolated Web Content: [JavaScript Error: "Cookie “_cookie_test” has been rejected for invalid domain." {file: "https://www.cnn.com/" line: 0}]
06-04 16:18:16.193 18978 19004 E Isolated Web Content: [JavaScript Error: "Cookie “_cookie_test” has been rejected for invalid domain." {file: "https://www.cnn.com/" line: 0}]
06-04 16:18:16.236 25559 25579 E GeckoLibLoad: Loaded libs in 49.788177ms total, 0ms(0ms) user, 18ms(17ms) system, 14(14) faults
06-04 16:18:16.236 25559 25579 W GeckoThread: zerdatime 281139097 - runGecko
06-04 16:18:16.245 18978 19004 E Isolated Web Content: [JavaScript Error: "Cookie “_cookie_test” has been rejected for invalid domain." {file: "https://www.cnn.com/" line: 0}]
06-04 16:18:16.245 18978 19004 E Isolated Web Content: [JavaScript Error: "Cookie “_cookie_test” has been rejected for invalid domain." {file: "https://www.cnn.com/" line: 0}]
06-04 16:18:16.345 25559 25579 W Isolated Web Content: [JavaScript Warning: "This page is in Almost Standards Mode. Page layout may be impacted. For Standards Mode use “<!DOCTYPE html>”." {file: "https://btloader.com/trustedIframe.html?o=5762268746743808&upapi=true" line: 0}]
06-04 16:18:17.102 13728 13728 W GeckoEventDispatcher: No listener for GeckoView:DismissClipboardPermissionRequest
06-04 16:18:17.501 25629 25629 E y.keyboard:tab: Unknown bits set in runtime_flags: 0x40000000
06-04 16:18:17.576 25629 25649 E GeckoLibLoad: Load sqlite start
06-04 16:18:17.577 25629 25649 E GeckoLibLoad: Load sqlite done
06-04 16:18:17.577 25629 25649 E GeckoLibLoad: Load nss start
06-04 16:18:17.577 25629 25649 E GeckoLibLoad: Load nss done
06-04 16:18:17.586 25629 25649 E GeckoLibLoad: Loaded libs in 8.577032ms total, 0ms(0ms) user, 4ms(8ms) system, 0(0) faults
06-04 16:18:17.586 25629 25649 W GeckoThread: zerdatime 281140447 - runGecko
06-04 16:18:17.638 13728 13728 W GeckoEventDispatcher: No listener for GeckoView:DismissClipboardPermissionRequest
06-04 16:18:18.569 13728 13728 W GeckoEventDispatcher: No listener for GeckoView:DismissClipboardPermissionRequest
06-04 16:18:47.858 13728 13728 W GeckoEventDispatcher: No listener for GeckoView:DismissClipboardPermissionRequest
06-04 16:18:49.052 13728 13728 W GeckoEventDispatcher: No listener for GeckoView:DismissClipboardPermissionRequest
06-04 16:18:49.335 13728 13728 W GeckoEventDispatcher: No listener for GeckoView:DismissClipboardPermissionRequest
06-04 16:18:57.078 13728 13728 W GeckoEventDispatcher: No listener for GeckoView:DismissClipboardPermissionRequest
06-04 16:18:57.109 13728 13728 E GeckoView: Failed to attach WindowInsetsListener: 
06-04 16:18:57.109 13728 13728 E GeckoView: java.lang.NullPointerException: Attempt to invoke virtual method 'android.view.Window android.app.Activity.getWindow()' on a null object reference
06-04 16:18:57.109 13728 13728 E GeckoView: 	at org.mozilla.geckoview.GeckoView.attachWindowInsetsListener(r8-map-id-3c4392f98dfec4be85387f1344981c2538cde17caaa7e93a15a96452970f2255:1)
06-04 16:18:57.109 13728 13728 E GeckoView: 	at org.mozilla.geckoview.GeckoView.onAttachedToWindow(r8-map-id-3c4392f98dfec4be85387f1344981c2538cde17caaa7e93a15a96452970f2255:49)
06-04 16:18:57.109 13728 13728 E GeckoView: 	at android.view.View.dispatchAttachedToWindow(View.java:20900)
06-04 16:18:57.109 13728 13728 E GeckoView: 	at android.view.ViewGroup.dispatchAttachedToWindow(ViewGroup.java:3539)
06-04 16:18:57.109 13728 13728 E GeckoView: 	at android.view.ViewGroup.addViewInner(ViewGroup.java:5378)
06-04 16:18:57.109 13728 13728 E GeckoView: 	at android.view.ViewGroup.addView(ViewGroup.java:5156)
06-04 16:18:57.109 13728 13728 E GeckoView: 	at helium314.keyboard.latin.panels.BrowserPanelView.X(r8-map-id-3c4392f98dfec4be85387f1344981c2538cde17caaa7e93a15a96452970f2255:134)
06-04 16:18:57.109 13728 13728 E GeckoView: 	at helium314.keyboard.latin.panels.BrowserPanelView.E0(r8-map-id-3c4392f98dfec4be85387f1344981c2538cde17caaa7e93a15a96452970f2255:169)
06-04 16:18:57.109 13728 13728 E GeckoView: 	at c5.s.run(r8-map-id-3c4392f98dfec4be85387f1344981c2538cde17caaa7e93a15a96452970f2255:622)
06-04 16:18:57.109 13728 13728 E GeckoView: 	at i7.z.onGlobalLayout(r8-map-id-3c4392f98dfec4be85387f1344981c2538cde17caaa7e93a15a96452970f2255:8)
06-04 16:18:57.109 13728 13728 E GeckoView: 	at android.view.ViewTreeObserver.dispatchOnGlobalLayout(ViewTreeObserver.java:1061)
06-04 16:18:57.109 13728 13728 E GeckoView: 	at android.view.ViewRootImpl.performTraversals(ViewRootImpl.java:3407)
06-04 16:18:57.109 13728 13728 E GeckoView: 	at android.view.ViewRootImpl.doTraversal(ViewRootImpl.java:2305)
06-04 16:18:57.109 13728 13728 E GeckoView: 	at android.view.ViewRootImpl$TraversalRunnable.run(ViewRootImpl.java:9133)
06-04 16:18:57.109 13728 13728 E GeckoView: 	at android.view.Choreographer$CallbackRecord.run(Choreographer.java:1232)
06-04 16:18:57.109 13728 13728 E GeckoView: 	at android.view.Choreographer.doCallbacks(Choreographer.java:1029)
06-04 16:18:57.109 13728 13728 E GeckoView: 	at android.view.Choreographer.doFrame(Choreographer.java:934)
06-04 16:18:57.109 13728 13728 E GeckoView: 	at android.view.Choreographer$FrameDisplayEventReceiver.run(Choreographer.java:1217)
06-04 16:18:57.109 13728 13728 E GeckoView: 	at android.os.Handler.handleCallback(Handler.java:938)
06-04 16:18:57.109 13728 13728 E GeckoView: 	at android.os.Handler.dispatchMessage(Handler.java:99)
06-04 16:18:57.109 13728 13728 E GeckoView: 	at android.os.Looper.loopOnce(Looper.java:233)
06-04 16:18:57.109 13728 13728 E GeckoView: 	at android.os.Looper.loop(Looper.java:344)
06-04 16:18:57.109 13728 13728 E GeckoView: 	at android.app.ActivityThread.main(ActivityThread.java:8212)
06-04 16:18:57.109 13728 13728 E GeckoView: 	at java.lang.reflect.Method.invoke(Native Method)
06-04 16:18:57.109 13728 13728 E GeckoView: 	at com.android.internal.os.RuntimeInit$MethodAndArgsCaller.run(RuntimeInit.java:584)
06-04 16:18:57.109 13728 13728 E GeckoView: 	at com.android.internal.os.ZygoteInit.main(ZygoteInit.java:1034)
06-04 16:18:57.109 13728 13728 W GeckoEventDispatcher: No listener for GeckoView:DismissClipboardPermissionRequest
06-04 16:18:57.143 13728 13728 W View    : requestLayout() improperly called by helium314.keyboard.latin.panels.BrowserPanelView{69b8168 V.E...... ......ID 0,0-1440,2040} during layout: running second layout pass
06-04 16:18:57.169 13728 13728 W View    : requestLayout() improperly called by helium314.keyboard.latin.panels.BrowserPanelView{69b8168 V.E...... ......ID 0,0-1440,2040} during layout: running second layout pass
06-04 16:18:57.175 13728 13728 W View    : requestLayout() improperly called by helium314.keyboard.latin.panels.BrowserPanelView{69b8168 V.E...... ........ 0,0-1440,2040} during second layout pass: posting in next frame
06-04 16:18:57.176 13728 13728 W View    : requestLayout() improperly called by helium314.keyboard.latin.panels.BrowserPanelView{69b8168 V.E...... ......ID 0,0-1440,2040} during layout: running second layout pass
06-04 16:18:57.181 13728 13728 W View    : requestLayout() improperly called by helium314.keyboard.latin.panels.BrowserPanelView{69b8168 V.E...... .......D 0,0-1440,2040} during second layout pass: posting in next frame
06-04 16:18:57.182 13728 13728 W View    : requestLayout() improperly called by helium314.keyboard.latin.panels.BrowserPanelView{69b8168 V.E...... ......ID 0,0-1440,2040} during layout: running second layout pass
06-04 16:18:57.186 13728 13728 W View    : requestLayout() improperly called by helium314.keyboard.latin.panels.BrowserPanelView{69b8168 V.E...... ........ 0,0-1440,2040} during second layout pass: posting in next frame
06-04 16:18:57.196 13728 13728 W View    : requestLayout() improperly called by helium314.keyboard.latin.panels.BrowserPanelView{69b8168 V.E...... ......ID 0,0-1440,2040} during layout: running second layout pass
06-04 16:18:57.201 13728 13728 W View    : requestLayout() improperly called by helium314.keyboard.latin.panels.BrowserPanelView{69b8168 V.E...... ........ 0,0-1440,2040} during second layout pass: posting in next frame
06-04 16:18:57.212 13728 13728 W View    : requestLayout() improperly called by helium314.keyboard.latin.panels.BrowserPanelView{69b8168 V.E...... ......ID 0,0-1440,2040} during layout: running second layout pass
06-04 16:18:57.216 13728 13728 W View    : requestLayout() improperly called by helium314.keyboard.latin.panels.BrowserPanelView{69b8168 V.E...... ........ 0,0-1440,2040} during second layout pass: posting in next frame
06-04 16:18:57.229 13728 13728 W View    : requestLayout() improperly called by helium314.keyboard.latin.panels.BrowserPanelView{69b8168 V.E...... ......I. 0,0-1440,2040} during layout: running second layout pass
06-04 16:18:57.233 13728 13728 W View    : requestLayout() improperly called by helium314.keyboard.latin.panels.BrowserPanelView{69b8168 V.E...... ........ 0,0-1440,2040} during second layout pass: posting in next frame
06-04 16:18:57.226 13728 13728 W com.vibekey.keyboard: type=1400 audit(0.0:126991): avc: denied { nlmsg_readpriv } for comm=536F636B657420546872656164 scontext=u:r:untrusted_app:s0:c87,c271,c512,c768 tcontext=u:r:untrusted_app:s0:c87,c271,c512,c768 tclass=netlink_route_socket permissive=0 bug=b/155595000 app=com.vibekey.keyboard
06-04 16:18:57.245 13728 13728 W View    : requestLayout() improperly called by helium314.keyboard.latin.panels.BrowserPanelView{69b8168 V.E...... ......I. 0,0-1440,2040} during layout: running second layout pass
06-04 16:18:57.250 13728 13728 W View    : requestLayout() improperly called by helium314.keyboard.latin.panels.BrowserPanelView{69b8168 V.E...... ........ 0,0-1440,2040} during second layout pass: posting in next frame
06-04 16:18:57.262 13728 13728 W View    : requestLayout() improperly called by helium314.keyboard.latin.panels.BrowserPanelView{69b8168 V.E...... ......I. 0,0-1440,2040} during layout: running second layout pass
06-04 16:18:57.266 13728 13728 W View    : requestLayout() improperly called by helium314.keyboard.latin.panels.BrowserPanelView{69b8168 V.E...... ......ID 0,0-1440,2040} during second layout pass: posting in next frame
06-04 16:18:57.279 13728 13728 W View    : requestLayout() improperly called by helium314.keyboard.latin.panels.BrowserPanelView{69b8168 V.E...... ......ID 0,0-1440,2040} during layout: running second layout pass
06-04 16:18:57.284 13728 13728 W View    : requestLayout() improperly called by helium314.keyboard.latin.panels.BrowserPanelView{69b8168 V.E...... ........ 0,0-1440,2040} during second layout pass: posting in next frame
06-04 16:18:57.295 13728 13728 W View    : requestLayout() improperly called by helium314.keyboard.latin.panels.BrowserPanelView{69b8168 V.E...... ......I. 0,0-1440,2040} during layout: running second layout pass
06-04 16:18:57.299 13728 13728 W View    : requestLayout() improperly called by helium314.keyboard.latin.panels.BrowserPanelView{69b8168 V.E...... ........ 0,0-1440,2040} during second layout pass: posting in next frame
06-04 16:18:57.312 13728 13728 W View    : requestLayout() improperly called by helium314.keyboard.latin.panels.BrowserPanelView{69b8168 V.E...... ......I. 0,0-1440,2040} during layout: running second layout pass
06-04 16:18:57.316 13728 13728 W View    : requestLayout() improperly called by helium314.keyboard.latin.panels.BrowserPanelView{69b8168 V.E...... ......ID 0,0-1440,2040} during second layout pass: posting in next frame
06-04 16:18:57.329 13728 13728 W View    : requestLayout() improperly called by helium314.keyboard.latin.panels.BrowserPanelView{69b8168 V.E...... ......ID 0,0-1440,2040} during layout: running second layout pass
06-04 16:18:57.333 13728 13728 W View    : requestLayout() improperly called by helium314.keyboard.latin.panels.BrowserPanelView{69b8168 V.E...... ........ 0,0-1440,2040} during second layout pass: posting in next frame
06-04 16:18:57.346 13728 13728 W View    : requestLayout() improperly called by helium314.keyboard.latin.panels.BrowserPanelView{69b8168 V.E...... ......I. 0,0-1440,2040} during layout: running second layout pass
06-04 16:18:57.350 13728 13728 W View    : requestLayout() improperly called by helium314.keyboard.latin.panels.BrowserPanelView{69b8168 V.E...... ........ 0,0-1440,2040} during second layout pass: posting in next frame
06-04 16:18:57.363 13728 13728 W View    : requestLayout() improperly called by helium314.keyboard.latin.panels.BrowserPanelView{69b8168 V.E...... ......I. 0,0-1440,2040} during layout: running second layout pass
06-04 16:18:57.369 13728 13728 W View    : requestLayout() improperly called by helium314.keyboard.latin.panels.BrowserPanelView{69b8168 V.E...... ........ 0,0-1440,2040} during second layout pass: posting in next frame
06-04 16:18:57.379 13728 13728 W View    : requestLayout() improperly called by helium314.keyboard.latin.panels.BrowserPanelView{69b8168 V.E...... ......I. 0,0-1440,2040} during layout: running second layout pass
06-04 16:18:57.384 13728 13728 W View    : requestLayout() improperly called by helium314.keyboard.latin.panels.BrowserPanelView{69b8168 V.E...... ........ 0,0-1440,2040} during second layout pass: posting in next frame
06-04 16:18:57.385 19433 19460 W GeckoEditableChild: No editable parent
06-04 16:18:57.386 19433 19460 W Isolated Web Content: [JavaScript Warning: "This page is in Quirks Mode. Page layout may be impacted. For Standards Mode use “<!DOCTYPE html>”." {file: "https://a125375509.cdn.optimizely.com/client_storage/a125375509.html" line: 0}]
06-04 16:18:57.396 13728 13728 W View    : requestLayout() improperly called by helium314.keyboard.latin.panels.BrowserPanelView{69b8168 V.E...... ......I. 0,0-1440,2040} during layout: running second layout pass
06-04 16:18:57.402 13728 13728 W View    : requestLayout() improperly called by helium314.keyboard.latin.panels.BrowserPanelView{69b8168 V.E...... ........ 0,0-1440,2040} during second layout pass: posting in next frame
06-04 16:18:57.403 18978 19004 E Isolated Web Content: [JavaScript Error: "Cookie “s_ac” has been rejected for invalid domain." {file: "https://www.cnn.com/" line: 0}]
06-04 16:18:57.412 13728 13728 W View    : requestLayout() improperly called by helium314.keyboard.latin.panels.BrowserPanelView{69b8168 V.E...... ......I. 0,0-1440,2040} during layout: running second layout pass
06-04 16:18:57.416 13728 13728 W View    : requestLayout() improperly called by helium314.keyboard.latin.panels.BrowserPanelView{69b8168 V.E...... ........ 0,0-1440,2040} during second layout pass: posting in next frame
06-04 16:18:57.416 13728 13728 W com.vibekey.keyboard: type=1400 audit(0.0:126992): avc: denied { nlmsg_readpriv } for comm=536F636B657420546872656164 scontext=u:r:untrusted_app:s0:c87,c271,c512,c768 tcontext=u:r:untrusted_app:s0:c87,c271,c512,c768 tclass=netlink_route_socket permissive=0 bug=b/155595000 app=com.vibekey.keyboard
06-04 16:18:57.429 13728 13728 W View    : requestLayout() improperly called by helium314.keyboard.latin.panels.BrowserPanelView{69b8168 V.E...... ......I. 0,0-1440,2040} during layout: running second layout pass
06-04 16:18:57.433 18978 19004 E Isolated Web Content: [JavaScript Error: "Cookie “_cookie_test” has been rejected for invalid domain." {file: "https://www.cnn.com/" line: 0}]
06-04 16:18:57.433 13728 13728 W View    : requestLayout() improperly called by helium314.keyboard.latin.panels.BrowserPanelView{69b8168 V.E...... ........ 0,0-1440,2040} during second layout pass: posting in next frame
06-04 16:18:57.433 18978 19004 E Isolated Web Content: [JavaScript Error: "Cookie “_cookie_test” has been rejected for invalid domain." {file: "https://www.cnn.com/" line: 0}]
06-04 16:18:57.446 13728 13728 W View    : requestLayout() improperly called by helium314.keyboard.latin.panels.BrowserPanelView{69b8168 V.E...... ......I. 0,0-1440,2040} during layout: running second layout pass
06-04 16:18:57.450 13728 13728 W View    : requestLayout() improperly called by helium314.keyboard.latin.panels.BrowserPanelView{69b8168 V.E...... ........ 0,0-1440,2040} during second layout pass: posting in next frame
06-04 16:18:57.463 13728 13728 W View    : requestLayout() improperly called by helium314.keyboard.latin.panels.BrowserPanelView{69b8168 V.E...... ......I. 0,0-1440,2040} during layout: running second layout pass
06-04 16:18:57.466 13728 13728 W View    : requestLayout() improperly called by helium314.keyboard.latin.panels.BrowserPanelView{69b8168 V.E...... ........ 0,0-1440,2040} during second layout pass: posting in next frame
06-04 16:18:57.456 13728 13728 W com.vibekey.keyboard: type=1400 audit(0.0:126993): avc: denied { nlmsg_readpriv } for comm=536F636B657420546872656164 scontext=u:r:untrusted_app:s0:c87,c271,c512,c768 tcontext=u:r:untrusted_app:s0:c87,c271,c512,c768 tclass=netlink_route_socket permissive=0 bug=b/155595000 app=com.vibekey.keyboard
06-04 16:18:57.479 13728 13728 W View    : requestLayout() improperly called by helium314.keyboard.latin.panels.BrowserPanelView{69b8168 V.E...... ......I. 0,0-1440,2040} during layout: running second layout pass
06-04 16:18:57.483 13728 13728 W View    : requestLayout() improperly called by helium314.keyboard.latin.panels.BrowserPanelView{69b8168 V.E...... ........ 0,0-1440,2040} during second layout pass: posting in next frame
06-04 16:18:57.476 13728 13728 W com.vibekey.keyboard: type=1400 audit(0.0:126994): avc: denied { nlmsg_readpriv } for comm=536F636B657420546872656164 scontext=u:r:untrusted_app:s0:c87,c271,c512,c768 tcontext=u:r:untrusted_app:s0:c87,c271,c512,c768 tclass=netlink_route_socket permissive=0 bug=b/155595000 app=com.vibekey.keyboard
06-04 16:18:57.476 13728 13728 W com.vibekey.keyboard: type=1400 audit(0.0:126995): avc: denied { nlmsg_readpriv } for comm=536F636B657420546872656164 scontext=u:r:untrusted_app:s0:c87,c271,c512,c768 tcontext=u:r:untrusted_app:s0:c87,c271,c512,c768 tclass=netlink_route_socket permissive=0 bug=b/155595000 app=com.vibekey.keyboard
06-04 16:18:57.496 13728 13728 W View    : requestLayout() improperly called by helium314.keyboard.latin.panels.BrowserPanelView{69b8168 V.E...... ......I. 0,0-1440,2040} during layout: running second layout pass
06-04 16:18:57.499 13728 13728 W View    : requestLayout() improperly called by helium314.keyboard.latin.panels.BrowserPanelView{69b8168 V.E...... ........ 0,0-1440,2040} during second layout pass: posting in next frame
06-04 16:18:57.513 13728 13728 W View    : requestLayout() improperly called by helium314.keyboard.latin.panels.BrowserPanelView{69b8168 V.E...... ......I. 0,0-1440,2040} during layout: running second layout pass
06-04 16:18:57.516 13728 13728 W View    : requestLayout() improperly called by helium314.keyboard.latin.panels.BrowserPanelView{69b8168 V.E...... ........ 0,0-1440,2040} during second layout pass: posting in next frame
06-04 16:18:57.529 13728 13728 W View    : requestLayout() improperly called by helium314.keyboard.latin.panels.BrowserPanelView{69b8168 V.E...... ......I. 0,0-1440,2040} during layout: running second layout pass
06-04 16:18:57.533 13728 13728 W View    : requestLayout() improperly called by helium314.keyboard.latin.panels.BrowserPanelView{69b8168 V.E...... ........ 0,0-1440,2040} during second layout pass: posting in next frame
06-04 16:18:57.547 13728 13728 W View    : requestLayout() improperly called by helium314.keyboard.latin.panels.BrowserPanelView{69b8168 V.E...... ......I. 0,0-1440,2040} during layout: running second layout pass
06-04 16:18:57.550 13728 13728 W View    : requestLayout() improperly called by helium314.keyboard.latin.panels.BrowserPanelView{69b8168 V.E...... ........ 0,0-1440,2040} during second layout pass: posting in next frame
06-04 16:18:57.563 13728 13728 W View    : requestLayout() improperly called by helium314.keyboard.latin.panels.BrowserPanelView{69b8168 V.E...... ......I. 0,0-1440,2040} during layout: running second layout pass
06-04 16:18:57.567 13728 13728 W View    : requestLayout() improperly called by helium314.keyboard.latin.panels.BrowserPanelView{69b8168 V.E...... ........ 0,0-1440,2040} during second layout pass: posting in next frame
06-04 16:18:57.579 13728 13728 W View    : requestLayout() improperly called by helium314.keyboard.latin.panels.BrowserPanelView{69b8168 V.E...... ......I. 0,0-1440,2040} during layout: running second layout pass
06-04 16:18:57.583 13728 13728 W View    : requestLayout() improperly called by helium314.keyboard.latin.panels.BrowserPanelView{69b8168 V.E...... ........ 0,0-1440,2040} during second layout pass: posting in next frame
06-04 16:18:57.590 19547 19567 W GeckoEditableChild: No editable parent
06-04 16:18:57.596 13728 13728 W View    : requestLayout() improperly called by helium314.keyboard.latin.panels.BrowserPanelView{69b8168 V.E...... ......I. 0,0-1440,2040} during layout: running second layout pass
06-04 16:18:57.600 13728 13728 W View    : requestLayout() improperly called by helium314.keyboard.latin.panels.BrowserPanelView{69b8168 V.E...... ........ 0,0-1440,2040} during second layout pass: posting in next frame
06-04 16:18:57.613 13728 13728 W View    : requestLayout() improperly called by helium314.keyboard.latin.panels.BrowserPanelView{69b8168 V.E...... ......I. 0,0-1440,2040} during layout: running second layout pass
06-04 16:18:57.616 13728 13728 W View    : requestLayout() improperly called by helium314.keyboard.latin.panels.BrowserPanelView{69b8168 V.E...... ........ 0,0-1440,2040} during second layout pass: posting in next frame
06-04 16:18:57.630 13728 13728 W View    : requestLayout() improperly called by helium314.keyboard.latin.panels.BrowserPanelView{69b8168 V.E...... ......I. 0,0-1440,2040} during layout: running second layout pass
06-04 16:18:57.633 13728 13728 W View    : requestLayout() improperly called by helium314.keyboard.latin.panels.BrowserPanelView{69b8168 V.E...... ........ 0,0-1440,2040} during second layout pass: posting in next frame
06-04 16:18:57.646 13728 13728 W View    : requestLayout() improperly called by helium314.keyboard.latin.panels.BrowserPanelView{69b8168 V.E...... ......I. 0,0-1440,2040} during layout: running second layout pass
06-04 16:18:57.650 13728 13728 W View    : requestLayout() improperly called by helium314.keyboard.latin.panels.BrowserPanelView{69b8168 V.E...... ........ 0,0-1440,2040} during second layout pass: posting in next frame
06-04 16:18:57.663 13728 13728 W View    : requestLayout() improperly called by helium314.keyboard.latin.panels.BrowserPanelView{69b8168 V.E...... ......ID 0,0-1440,2040} during layout: running second layout pass
06-04 16:18:57.667 13728 13728 W View    : requestLayout() improperly called by helium314.keyboard.latin.panels.BrowserPanelView{69b8168 V.E...... ........ 0,0-1440,2040} during second layout pass: posting in next frame
06-04 16:18:57.679 13728 13728 W View    : requestLayout() improperly called by helium314.keyboard.latin.panels.BrowserPanelView{69b8168 V.E...... ......I. 0,0-1440,2040} during layout: running second layout pass
06-04 16:18:57.686 13728 13728 W View    : requestLayout() improperly called by helium314.keyboard.latin.panels.BrowserPanelView{69b8168 V.E...... ........ 0,0-1440,2040} during second layout pass: posting in next frame
06-04 16:18:57.696 13728 13728 W View    : requestLayout() improperly called by helium314.keyboard.latin.panels.BrowserPanelView{69b8168 V.E...... ......I. 0,0-1440,2040} during layout: running second layout pass
06-04 16:18:57.701 13728 13728 W View    : requestLayout() improperly called by helium314.keyboard.latin.panels.BrowserPanelView{69b8168 V.E...... ........ 0,0-1440,2040} during second layout pass: posting in next frame
06-04 16:18:57.713 13728 13728 W View    : requestLayout() improperly called by helium314.keyboard.latin.panels.BrowserPanelView{69b8168 V.E...... ......I. 0,0-1440,2040} during layout: running second layout pass
06-04 16:18:57.718 13728 13728 W View    : requestLayout() improperly called by helium314.keyboard.latin.panels.BrowserPanelView{69b8168 V.E...... ........ 0,0-1440,2040} during second layout pass: posting in next frame
06-04 16:18:57.731 13728 13728 W View    : requestLayout() improperly called by helium314.keyboard.latin.panels.BrowserPanelView{69b8168 V.E...... ......I. 0,0-1440,2040} during layout: running second layout pass
06-04 16:18:57.735 13728 13728 W View    : requestLayout() improperly called by helium314.keyboard.latin.panels.BrowserPanelView{69b8168 V.E...... ........ 0,0-1440,2040} during second layout pass: posting in next frame
06-04 16:18:57.747 13728 13728 W View    : requestLayout() improperly called by helium314.keyboard.latin.panels.BrowserPanelView{69b8168 V.E...... ......I. 0,0-1440,2040} during layout: running second layout pass
06-04 16:18:57.752 13728 13728 W View    : requestLayout() improperly called by helium314.keyboard.latin.panels.BrowserPanelView{69b8168 V.E...... ........ 0,0-1440,2040} during second layout pass: posting in next frame
06-04 16:18:57.763 13728 13728 W View    : requestLayout() improperly called by helium314.keyboard.latin.panels.BrowserPanelView{69b8168 V.E...... ......I. 0,0-1440,2040} during layout: running second layout pass
06-04 16:18:57.767 13728 13728 W View    : requestLayout() improperly called by helium314.keyboard.latin.panels.BrowserPanelView{69b8168 V.E...... ........ 0,0-1440,2040} during second layout pass: posting in next frame
06-04 16:18:57.780 13728 13728 W View    : requestLayout() improperly called by helium314.keyboard.latin.panels.BrowserPanelView{69b8168 V.E...... ......I. 0,0-1440,2040} during layout: running second layout pass
06-04 16:18:57.784 13728 13728 W View    : requestLayout() improperly called by helium314.keyboard.latin.panels.BrowserPanelView{69b8168 V.E...... ........ 0,0-1440,2040} during second layout pass: posting in next frame
06-04 16:18:57.796 13728 13728 W View    : requestLayout() improperly called by helium314.keyboard.latin.panels.BrowserPanelView{69b8168 V.E...... ......I. 0,0-1440,2040} during layout: running second layout pass
06-04 16:18:57.800 13728 13728 W View    : requestLayout() improperly called by helium314.keyboard.latin.panels.BrowserPanelView{69b8168 V.E...... ........ 0,0-1440,2040} during second layout pass: posting in next frame
06-04 16:18:57.813 13728 13728 W View    : requestLayout() improperly called by helium314.keyboard.latin.panels.BrowserPanelView{69b8168 V.E...... ......I. 0,0-1440,2040} during layout: running second layout pass
06-04 16:18:57.818 13728 13728 W View    : requestLayout() improperly called by helium314.keyboard.latin.panels.BrowserPanelView{69b8168 V.E...... ........ 0,0-1440,2040} during second layout pass: posting in next frame
06-04 16:18:57.830 13728 13728 W View    : requestLayout() improperly called by helium314.keyboard.latin.panels.BrowserPanelView{69b8168 V.E...... ......I. 0,0-1440,2040} during layout: running second layout pass
06-04 16:18:57.834 13728 13728 W View    : requestLayout() improperly called by helium314.keyboard.latin.panels.BrowserPanelView{69b8168 V.E...... ........ 0,0-1440,2040} during second layout pass: posting in next frame
06-04 16:18:57.847 13728 13728 W View    : requestLayout() improperly called by helium314.keyboard.latin.panels.BrowserPanelView{69b8168 V.E...... ......I. 0,0-1440,2040} during layout: running second layout pass
06-04 16:18:57.851 13728 13728 W View    : requestLayout() improperly called by helium314.keyboard.latin.panels.BrowserPanelView{69b8168 V.E...... ........ 0,0-1440,2040} during second layout pass: posting in next frame
06-04 16:18:57.863 13728 13728 W View    : requestLayout() improperly called by helium314.keyboard.latin.panels.BrowserPanelView{69b8168 V.E...... ......I. 0,0-1440,2040} during layout: running second layout pass
06-04 16:18:57.868 13728 13728 W View    : requestLayout() improperly called by helium314.keyboard.latin.panels.BrowserPanelView{69b8168 V.E...... ........ 0,0-1440,2040} during second layout pass: posting in next frame
06-04 16:18:57.880 13728 13728 W View    : requestLayout() improperly called by helium314.keyboard.latin.panels.BrowserPanelView{69b8168 V.E...... ......I. 0,0-1440,2040} during layout: running second layout pass
06-04 16:18:57.884 13728 13728 W View    : requestLayout() improperly called by helium314.keyboard.latin.panels.BrowserPanelView{69b8168 V.E...... ........ 0,0-1440,2040} during second layout pass: posting in next frame
06-04 16:18:57.897 13728 13728 W View    : requestLayout() improperly called by helium314.keyboard.latin.panels.BrowserPanelView{69b8168 V.E...... ......I. 0,0-1440,2040} during layout: running second layout pass
06-04 16:18:57.900 13728 13728 W View    : requestLayout() improperly called by helium314.keyboard.latin.panels.BrowserPanelView{69b8168 V.E...... ........ 0,0-1440,2040} during second layout pass: posting in next frame
06-04 16:18:57.913 13728 13728 W View    : requestLayout() improperly called by helium314.keyboard.latin.panels.BrowserPanelView{69b8168 V.E...... ......I. 0,0-1440,2040} during layout: running second layout pass
06-04 16:18:57.917 13728 13728 W View    : requestLayout() improperly called by helium314.keyboard.latin.panels.BrowserPanelView{69b8168 V.E...... ........ 0,0-1440,2040} during second layout pass: posting in next frame
06-04 16:18:57.930 13728 13728 W View    : requestLayout() improperly called by helium314.keyboard.latin.panels.BrowserPanelView{69b8168 V.E...... ......I. 0,0-1440,2040} during layout: running second layout pass
06-04 16:18:57.934 13728 13728 W View    : requestLayout() improperly called by helium314.keyboard.latin.panels.BrowserPanelView{69b8168 V.E...... ........ 0,0-1440,2040} during second layout pass: posting in next frame
06-04 16:18:57.947 13728 13728 W View    : requestLayout() improperly called by helium314.keyboard.latin.panels.BrowserPanelView{69b8168 V.E...... ......I. 0,0-1440,2040} during layout: running second layout pass
06-04 16:18:57.951 13728 13728 W View    : requestLayout() improperly called by helium314.keyboard.latin.panels.BrowserPanelView{69b8168 V.E...... ........ 0,0-1440,2040} during second layout pass: posting in next frame
06-04 16:18:57.964 13728 13728 W View    : requestLayout() improperly called by helium314.keyboard.latin.panels.BrowserPanelView{69b8168 V.E...... ......I. 0,0-1440,2040} during layout: running second layout pass
06-04 16:18:57.967 13728 13728 W View    : requestLayout() improperly called by helium314.keyboard.latin.panels.BrowserPanelView{69b8168 V.E...... ........ 0,0-1440,2040} during second layout pass: posting in next frame
06-04 16:18:57.980 13728 13728 W View    : requestLayout() improperly called by helium314.keyboard.latin.panels.BrowserPanelView{69b8168 V.E...... ......I. 0,0-1440,2040} during layout: running second layout pass
06-04 16:18:57.984 13728 13728 W View    : requestLayout() improperly called by helium314.keyboard.latin.panels.BrowserPanelView{69b8168 V.E...... ........ 0,0-1440,2040} during second layout pass: posting in next frame
06-04 16:18:57.997 13728 13728 W View    : requestLayout() improperly called by helium314.keyboard.latin.panels.BrowserPanelView{69b8168 V.E...... ......I. 0,0-1440,2040} during layout: running second layout pass
06-04 16:18:58.003 13728 13728 W View    : requestLayout() improperly called by helium314.keyboard.latin.panels.BrowserPanelView{69b8168 V.E...... ........ 0,0-1440,2040} during second layout pass: posting in next frame
06-04 16:18:58.005 18978 19004 W Isolated Web Content: [JavaScript Warning: "InstallTrigger is deprecated and will be removed in the future." {file: "https://lightning.cnn.com/launch/7be62238e4c3/97fa00444124/4153843d0481/EX3369274195e2430d9d8ea7012971cb11-libraryCode_source.min.js" line: 2}]
06-04 16:18:58.014 13728 13728 W View    : requestLayout() improperly called by helium314.keyboard.latin.panels.BrowserPanelView{69b8168 V.E...... ......I. 0,0-1440,2040} during layout: running second layout pass
06-04 16:18:58.018 13728 13728 W View    : requestLayout() improperly called by helium314.keyboard.latin.panels.BrowserPanelView{69b8168 V.E...... ........ 0,0-1440,2040} during second layout pass: posting in next frame
06-04 16:18:58.031 13728 13728 W View    : requestLayout() improperly called by helium314.keyboard.latin.panels.BrowserPanelView{69b8168 V.E...... ......I. 0,0-1440,2040} during layout: running second layout pass
06-04 16:18:58.035 13728 13728 W View    : requestLayout() improperly called by helium314.keyboard.latin.panels.BrowserPanelView{69b8168 V.E...... ........ 0,0-1440,2040} during second layout pass: posting in next frame
06-04 16:18:58.047 13728 13728 W View    : requestLayout() improperly called by helium314.keyboard.latin.panels.BrowserPanelView{69b8168 V.E...... ......I. 0,0-1440,2040} during layout: running second layout pass
06-04 16:18:58.051 13728 13728 W View    : requestLayout() improperly called by helium314.keyboard.latin.panels.BrowserPanelView{69b8168 V.E...... ........ 0,0-1440,2040} during second layout pass: posting in next frame
06-04 16:18:58.064 13728 13728 W View    : requestLayout() improperly called by helium314.keyboard.latin.panels.BrowserPanelView{69b8168 V.E...... ......I. 0,0-1440,2040} during layout: running second layout pass
06-04 16:18:58.069 13728 13728 W View    : requestLayout() improperly called by helium314.keyboard.latin.panels.BrowserPanelView{69b8168 V.E...... ........ 0,0-1440,2040} during second layout pass: posting in next frame
06-04 16:18:58.081 13728 13728 W View    : requestLayout() improperly called by helium314.keyboard.latin.panels.BrowserPanelView{69b8168 V.E...... ......I. 0,0-1440,2040} during layout: running second layout pass
06-04 16:18:58.087 13728 13728 W View    : requestLayout() improperly called by helium314.keyboard.latin.panels.BrowserPanelView{69b8168 V.E...... ........ 0,0-1440,2040} during second layout pass: posting in next frame
06-04 16:18:58.097 13728 13728 W View    : requestLayout() improperly called by helium314.keyboard.latin.panels.BrowserPanelView{69b8168 V.E...... ......I. 0,0-1440,2040} during layout: running second layout pass
06-04 16:18:58.101 13728 13728 W View    : requestLayout() improperly called by helium314.keyboard.latin.panels.BrowserPanelView{69b8168 V.E...... ........ 0,0-1440,2040} during second layout pass: posting in next frame
06-04 16:18:58.114 13728 13728 W View    : requestLayout() improperly called by helium314.keyboard.latin.panels.BrowserPanelView{69b8168 V.E...... ......I. 0,0-1440,2040} during layout: running second layout pass
06-04 16:18:58.117 13728 13728 W View    : requestLayout() improperly called by helium314.keyboard.latin.panels.BrowserPanelView{69b8168 V.E...... ........ 0,0-1440,2040} during second layout pass: posting in next frame
06-04 16:18:58.131 13728 13728 W View    : requestLayout() improperly called by helium314.keyboard.latin.panels.BrowserPanelView{69b8168 V.E...... ......I. 0,0-1440,2040} during layout: running second layout pass
06-04 16:18:58.134 13728 13728 W View    : requestLayout() improperly called by helium314.keyboard.latin.panels.BrowserPanelView{69b8168 V.E...... ........ 0,0-1440,2040} during second layout pass: posting in next frame
06-04 16:18:58.148 13728 13728 W View    : requestLayout() improperly called by helium314.keyboard.latin.panels.BrowserPanelView{69b8168 V.E...... ......I. 0,0-1440,2040} during layout: running second layout pass
06-04 16:18:58.152 13728 13728 W View    : requestLayout() improperly called by helium314.keyboard.latin.panels.BrowserPanelView{69b8168 V.E...... ........ 0,0-1440,2040} during second layout pass: posting in next frame
06-04 16:18:58.165 13728 13728 W View    : requestLayout() improperly called by helium314.keyboard.latin.panels.BrowserPanelView{69b8168 V.E...... ......ID 0,0-1440,2040} during layout: running second layout pass
06-04 16:18:58.170 13728 13728 W View    : requestLayout() improperly called by helium314.keyboard.latin.panels.BrowserPanelView{69b8168 V.E...... ........ 0,0-1440,2040} during second layout pass: posting in next frame
06-04 16:18:58.182 13728 13728 W View    : requestLayout() improperly called by helium314.keyboard.latin.panels.BrowserPanelView{69b8168 V.E...... ......I. 0,0-1440,2040} during layout: running second layout pass
06-04 16:18:58.186 13728 13728 W View    : requestLayout() improperly called by helium314.keyboard.latin.panels.BrowserPanelView{69b8168 V.E...... ........ 0,0-1440,2040} during second layout pass: posting in next frame
06-04 16:18:58.198 13728 13728 W View    : requestLayout() improperly called by helium314.keyboard.latin.panels.BrowserPanelView{69b8168 V.E...... ......I. 0,0-1440,2040} during layout: running second layout pass
06-04 16:18:58.202 13728 13728 W View    : requestLayout() improperly called by helium314.keyboard.latin.panels.BrowserPanelView{69b8168 V.E...... ........ 0,0-1440,2040} during second layout pass: posting in next frame
06-04 16:18:58.214 13728 13728 W View    : requestLayout() improperly called by helium314.keyboard.latin.panels.BrowserPanelView{69b8168 V.E...... ......I. 0,0-1440,2040} during layout: running second layout pass
06-04 16:18:58.218 13728 13728 W View    : requestLayout() improperly called by helium314.keyboard.latin.panels.BrowserPanelView{69b8168 V.E...... ........ 0,0-1440,2040} during second layout pass: posting in next frame
06-04 16:18:58.231 13728 13728 W View    : requestLayout() improperly called by helium314.keyboard.latin.panels.BrowserPanelView{69b8168 V.E...... ......I. 0,0-1440,2040} during layout: running second layout pass
06-04 16:18:58.235 13728 13728 W View    : requestLayout() improperly called by helium314.keyboard.latin.panels.BrowserPanelView{69b8168 V.E...... ........ 0,0-1440,2040} during second layout pass: posting in next frame
06-04 16:18:58.248 13728 13728 W View    : requestLayout() improperly called by helium314.keyboard.latin.panels.BrowserPanelView{69b8168 V.E...... ......I. 0,0-1440,2040} during layout: running second layout pass
06-04 16:18:58.251 13728 13728 W View    : requestLayout() improperly called by helium314.keyboard.latin.panels.BrowserPanelView{69b8168 V.E...... ........ 0,0-1440,2040} during second layout pass: posting in next frame
06-04 16:18:58.264 13728 13728 W View    : requestLayout() improperly called by helium314.keyboard.latin.panels.BrowserPanelView{69b8168 V.E...... ......I. 0,0-1440,2040} during layout: running second layout pass
06-04 16:18:58.268 13728 13728 W View    : requestLayout() improperly called by helium314.keyboard.latin.panels.BrowserPanelView{69b8168 V.E...... ........ 0,0-1440,2040} during second layout pass: posting in next frame
06-04 16:18:58.281 13728 13728 W View    : requestLayout() improperly called by helium314.keyboard.latin.panels.BrowserPanelView{69b8168 V.E...... ......ID 0,0-1440,2040} during layout: running second layout pass
06-04 16:18:58.286 13728 13728 W View    : requestLayout() improperly called by helium314.keyboard.latin.panels.BrowserPanelView{69b8168 V.E...... ........ 0,0-1440,2040} during second layout pass: posting in next frame
06-04 16:18:58.298 13728 13728 W View    : requestLayout() improperly called by helium314.keyboard.latin.panels.BrowserPanelView{69b8168 V.E...... ......ID 0,0-1440,2040} during layout: running second layout pass
06-04 16:18:58.303 13728 13728 W View    : requestLayout() improperly called by helium314.keyboard.latin.panels.BrowserPanelView{69b8168 V.E...... ........ 0,0-1440,2040} during second layout pass: posting in next frame
06-04 16:18:58.314 13728 13728 W View    : requestLayout() improperly called by helium314.keyboard.latin.panels.BrowserPanelView{69b8168 V.E...... ......ID 0,0-1440,2040} during layout: running second layout pass
06-04 16:18:58.318 13728 13728 W View    : requestLayout() improperly called by helium314.keyboard.latin.panels.BrowserPanelView{69b8168 V.E...... ........ 0,0-1440,2040} during second layout pass: posting in next frame
06-04 16:18:58.316 13728 13728 W com.vibekey.keyboard: type=1400 audit(0.0:127002): avc: denied { nlmsg_readpriv } for comm=536F636B657420546872656164 scontext=u:r:untrusted_app:s0:c87,c271,c512,c768 tcontext=u:r:untrusted_app:s0:c87,c271,c512,c768 tclass=netlink_route_socket permissive=0 bug=b/155595000 app=com.vibekey.keyboard
06-04 16:18:58.331 13728 13728 W View    : requestLayout() improperly called by helium314.keyboard.latin.panels.BrowserPanelView{69b8168 V.E...... ......ID 0,0-1440,2040} during layout: running second layout pass
06-04 16:18:58.336 13728 13728 W View    : requestLayout() improperly called by helium314.keyboard.latin.panels.BrowserPanelView{69b8168 V.E...... ........ 0,0-1440,2040} during second layout pass: posting in next frame
06-04 16:18:58.348 13728 13728 W View    : requestLayout() improperly called by helium314.keyboard.latin.panels.BrowserPanelView{69b8168 V.E...... ......ID 0,0-1440,2040} during layout: running second layout pass
06-04 16:18:58.354 13728 13728 W View    : requestLayout() improperly called by helium314.keyboard.latin.panels.BrowserPanelView{69b8168 V.E...... ........ 0,0-1440,2040} during second layout pass: posting in next frame
06-04 16:18:58.365 13728 13728 W View    : requestLayout() improperly called by helium314.keyboard.latin.panels.BrowserPanelView{69b8168 V.E...... ......ID 0,0-1440,2040} during layout: running second layout pass
06-04 16:18:58.371 13728 13728 W View    : requestLayout() improperly called by helium314.keyboard.latin.panels.BrowserPanelView{69b8168 V.E...... ........ 0,0-1440,2040} during second layout pass: posting in next frame
06-04 16:18:58.374 13728 13728 W GeckoEventDispatcher: No listener for GeckoView:DismissClipboardPermissionRequest
06-04 16:18:58.375 13728 13928 E GeckoConsole: [JavaScript Error: "TypeError: can't access property "WindowEventDispatcher", win is null" {file: "resource://gre/modules/GeckoViewSessionStore.sys.mjs" line: 149}]
06-04 16:18:58.375 13728 13928 E GeckoConsole: onTabStateUpdate@resource://gre/modules/GeckoViewSessionStore.sys.mjs:149:5
06-04 16:18:58.375 13728 13928 E GeckoConsole: updateSessionStoreFromTabListener@resource://gre/modules/GeckoViewSessionStore.sys.mjs:243:10
06-04 16:18:58.375 13728 13928 E GeckoConsole: SSF_updateSessionStore@resource://gre/modules/SessionStoreFunctions.sys.mjs:46:27
06-04 16:18:58.375 13728 13928 E GeckoConsole: UpdateSessionStore@resource://gre/modules/SessionStoreFunctions.sys.mjs:16:46
06-04 16:18:58.376 13728 13928 E GeckoConsole: [JavaScript Error: "TypeError: can't access property "WindowEventDispatcher", win is null" {file: "resource://gre/modules/GeckoViewSessionStore.sys.mjs" line: 149}]
06-04 16:18:58.376 13728 13928 E GeckoConsole: onTabStateUpdate@resource://gre/modules/GeckoViewSessionStore.sys.mjs:149:5
06-04 16:18:58.376 13728 13928 E GeckoConsole: updateSessionStoreFromTabListener@resource://gre/modules/GeckoViewSessionStore.sys.mjs:243:10
06-04 16:18:58.376 13728 13928 E GeckoConsole: SSF_updateSessionStore@resource://gre/modules/SessionStoreFunctions.sys.mjs:46:27
06-04 16:18:58.376 13728 13928 E GeckoConsole: UpdateSessionStore@resource://gre/modules/SessionStoreFunctions.sys.mjs:16:46
06-04 16:18:58.376 13728 13928 E GeckoConsole: [JavaScript Error: "TypeError: can't access property "WindowEventDispatcher", win is null" {file: "resource://gre/modules/GeckoViewSessionStore.sys.mjs" line: 149}]
