07-02 13:09:43.356 18610 18610 F DEBUG   :       #13 pc 000000000072cb98  /apex/com.android.art/lib64/libart.so (nterp_helper+2824) (BuildId: 1f156fc62660d075a8d675db850b95d5)
07-02 13:09:43.356 18610 18610 F DEBUG   :       #14 pc 0000000000228886  /data/app/~~Ly7udYf1ktLFEogbg1J2Rg==/com.vibekey.keyboard-35cycKI6r0pukrkgRl0-jQ==/oat/arm64/base.vdex (com.android.inputmethod.latin.BinaryDictionary.d+2)
07-02 13:09:43.356 18610 18610 F DEBUG   :       #15 pc 000000000072cb98  /apex/com.android.art/lib64/libart.so (nterp_helper+2824) (BuildId: 1f156fc62660d075a8d675db850b95d5)
07-02 13:09:43.356 18610 18610 F DEBUG   :       #16 pc 0000000000ae85e4  /data/app/~~Ly7udYf1ktLFEogbg1J2Rg==/com.vibekey.keyboard-35cycKI6r0pukrkgRl0-jQ==/oat/arm64/base.vdex (v7.k.d+84)
07-02 13:09:43.356 18610 18610 F DEBUG   :       #17 pc 000000000072cb98  /apex/com.android.art/lib64/libart.so (nterp_helper+2824) (BuildId: 1f156fc62660d075a8d675db850b95d5)
07-02 13:09:43.356 18610 18610 F DEBUG   :       #18 pc 0000000000ae76ba  /data/app/~~Ly7udYf1ktLFEogbg1J2Rg==/com.vibekey.keyboard-35cycKI6r0pukrkgRl0-jQ==/oat/arm64/base.vdex (v7.e.d+70)
07-02 13:09:43.356 18610 18610 F DEBUG   :       #19 pc 000000000072cb98  /apex/com.android.art/lib64/libart.so (nterp_helper+2824) (BuildId: 1f156fc62660d075a8d675db850b95d5)
07-02 13:09:43.356 18610 18610 F DEBUG   :       #20 pc 00000000005b4102  /data/app/~~Ly7udYf1ktLFEogbg1J2Rg==/com.vibekey.keyboard-35cycKI6r0pukrkgRl0-jQ==/oat/arm64/base.vdex (p7.p.j+362)
07-02 13:09:43.356 18610 18610 F DEBUG   :       #21 pc 000000000072cb98  /apex/com.android.art/lib64/libart.so (nterp_helper+2824) (BuildId: 1f156fc62660d075a8d675db850b95d5)
07-02 13:09:43.356 18610 18610 F DEBUG   :       #22 pc 00000000005b3a1c  /data/app/~~Ly7udYf1ktLFEogbg1J2Rg==/com.vibekey.keyboard-35cycKI6r0pukrkgRl0-jQ==/oat/arm64/base.vdex (p7.p.i+252)
07-02 13:09:43.356 18610 18610 F DEBUG   :       #23 pc 000000000072cb98  /apex/com.android.art/lib64/libart.so (nterp_helper+2824) (BuildId: 1f156fc62660d075a8d675db850b95d5)
07-02 13:09:43.356 18610 18610 F DEBUG   :       #24 pc 00000000005b38cc  /data/app/~~Ly7udYf1ktLFEogbg1J2Rg==/com.vibekey.keyboard-35cycKI6r0pukrkgRl0-jQ==/oat/arm64/base.vdex (p7.p.h+124)
07-02 13:09:43.356 18610 18610 F DEBUG   :       #25 pc 000000000072cb98  /apex/com.android.art/lib64/libart.so (nterp_helper+2824) (BuildId: 1f156fc62660d075a8d675db850b95d5)
07-02 13:09:43.356 18610 18610 F DEBUG   :       #26 pc 00000000005bc006  /data/app/~~Ly7udYf1ktLFEogbg1J2Rg==/com.vibekey.keyboard-35cycKI6r0pukrkgRl0-jQ==/oat/arm64/base.vdex (p7.i1.c+266)
07-02 13:09:43.356 18610 18610 F DEBUG   :       #27 pc 000000000072cb98  /apex/com.android.art/lib64/libart.so (nterp_helper+2824) (BuildId: 1f156fc62660d075a8d675db850b95d5)
07-02 13:09:43.356 18610 18610 F DEBUG   :       #28 pc 00000000005bbe84  /data/app/~~Ly7udYf1ktLFEogbg1J2Rg==/com.vibekey.keyboard-35cycKI6r0pukrkgRl0-jQ==/oat/arm64/base.vdex (p7.i1.b+2656)
07-02 13:09:43.356 18610 18610 F DEBUG   :       #29 pc 000000000072cb98  /apex/com.android.art/lib64/libart.so (nterp_helper+2824) (BuildId: 1f156fc62660d075a8d675db850b95d5)
07-02 13:09:43.356 18610 18610 F DEBUG   :       #30 pc 0000000000aef54a  /data/app/~~Ly7udYf1ktLFEogbg1J2Rg==/com.vibekey.keyboard-35cycKI6r0pukrkgRl0-jQ==/oat/arm64/base.vdex (x7.b.l+1458)
07-02 13:09:43.356 18610 18610 F DEBUG   :       #31 pc 000000000072c884  /apex/com.android.art/lib64/libart.so (nterp_helper+2036) (BuildId: 1f156fc62660d075a8d675db850b95d5)
07-02 13:09:43.356 18610 18610 F DEBUG   :       #32 pc 00000000001a3e86  /data/app/~~Ly7udYf1ktLFEogbg1J2Rg==/com.vibekey.keyboard-35cycKI6r0pukrkgRl0-jQ==/oat/arm64/base.vdex (a5.a.run+102)
07-02 13:09:43.356 18610 18610 F DEBUG   :       #33 pc 000000000072c884  /apex/com.android.art/lib64/libart.so (nterp_helper+2036) (BuildId: 1f156fc62660d075a8d675db850b95d5)
07-02 13:09:43.356 18610 18610 F DEBUG   :       #34 pc 0000000000aec67e  /data/app/~~Ly7udYf1ktLFEogbg1J2Rg==/com.vibekey.keyboard-35cycKI6r0pukrkgRl0-jQ==/oat/arm64/base.vdex (x7.d.handleMessage+18)
07-02 13:09:43.356 18610 18610 F DEBUG   :       #35 pc 000000000205a4f4  /memfd:jit-zygote-cache (deleted)
07-02 13:09:45.115 18645 18645 E OplusCustomizeRestrictionManager: sInstance is null, start a new sInstance
07-02 13:10:19.234 18645 19240 E ActivityThread: Failed to find provider info for com.oplus.statistics.provider
07-02 13:10:19.235 18645 19240 E OplusStatistics--: IllegalArgumentException:java.lang.IllegalArgumentException: Unknown URL content://com.oplus.statistics.provider/track_event
07-02 13:11:19.017 18645 19240 E ActivityThread: Failed to find provider info for com.oplus.statistics.provider
07-02 13:11:19.017 18645 19240 E OplusStatistics--: IllegalArgumentException:java.lang.IllegalArgumentException: Unknown URL content://com.oplus.statistics.provider/track_event
07-02 13:12:05.744 18645 19240 E ActivityThread: Failed to find provider info for com.oplus.statistics.provider
07-02 13:12:05.744 18645 19240 E OplusStatistics--: IllegalArgumentException:java.lang.IllegalArgumentException: Unknown URL content://com.oplus.statistics.provider/track_event
--------- beginning of main
07-02 13:12:11.624 18645 21971 W libc    : Access denied finding property "vendor.oplus.media.vpp.stutter"
07-02 13:12:12.625 18645 21971 W libc    : Access denied finding property "vendor.oplus.media.vpp.stutter"
07-02 13:12:13.626 18645 21971 W libc    : Access denied finding property "vendor.oplus.media.vpp.stutter"
07-02 13:12:14.626 18645 21971 W libc    : Access denied finding property "vendor.oplus.media.vpp.stutter"
07-02 13:12:15.207 18645 18717 E BLASTBufferQueue: BLASTBufferItemConsumer::onDisconnect()
07-02 13:12:15.627 18645 21971 W libc    : Access denied finding property "vendor.oplus.media.vpp.stutter"
07-02 13:12:16.627 18645 21971 W libc    : Access denied finding property "vendor.oplus.media.vpp.stutter"
07-02 13:12:17.628 18645 21971 W libc    : Access denied finding property "vendor.oplus.media.vpp.stutter"
07-02 13:12:18.629 18645 21971 W libc    : Access denied finding property "vendor.oplus.media.vpp.stutter"
07-02 13:12:19.629 18645 21971 W libc    : Access denied finding property "vendor.oplus.media.vpp.stutter"
07-02 13:12:20.036 18645 19240 E ActivityThread: Failed to find provider info for com.oplus.statistics.provider
07-02 13:12:20.037 18645 19240 E OplusStatistics--: IllegalArgumentException:java.lang.IllegalArgumentException: Unknown URL content://com.oplus.statistics.provider/track_event
07-02 13:12:20.192 18645 18728 W cr_MediaCodecBridge: Releasing: OMX.qcom.video.decoder.vp9
07-02 13:12:20.202 18645 21965 W chromium: [WARNING:services/audio/sync_reader.cc:154] ASR: No room in socket buffer.: Broken pipe (32)
07-02 13:12:20.203 18645 21968 E ExtensionsLoader: freeAllBuffers: 6 buffers were freed while being dequeued!
07-02 13:12:20.205 18645 18728 W cr_MediaCodecBridge: Codec released
07-02 13:12:20.221 18645 18764 W ServiceBindIntentUtils: Dynamic lookup for intent failed for action: com.google.android.gms.ads.service.CACHE
07-02 13:12:20.241 18645 22474 W ServiceBindIntentUtils: Dynamic lookup for intent failed for action: com.google.android.gms.ads.service.START
07-02 13:12:20.519 18645 18717 E BLASTBufferQueue: BLASTBufferItemConsumer::onDisconnect()
07-02 13:12:20.536 18645 18717 E BLASTBufferQueue: BLASTBufferItemConsumer::onDisconnect()
07-02 13:12:21.432 18645 18645 E Ads     : JS: Refused to get unsafe header "X-Afma-Gcache-IsGcacheHit" (https://www.gstatic.com/mysidia/18f82a7e858a826fb1ec350454dac03b.js?tag=addon/rewarded_video:422)
07-02 13:12:21.452 18645 18645 E Ads     : JS: Refused to get unsafe header "X-Afma-Gcache-IsGcacheHit" (https://www.gstatic.com/mysidia/18f82a7e858a826fb1ec350454dac03b.js?tag=addon/rewarded_video:422)
07-02 13:12:21.468 18645 18728 W libc    : Access denied finding property "vendor.oplus.media.vpp.stutter"
07-02 13:12:21.469 18645 18728 E MULTIMEDIAConfig: [getInt32:L80] Not find config, Returning default
07-02 13:12:21.469 18645 18728 E MULTIMEDIAConfig: [getInt32:L80] Not find config, Returning default
07-02 13:12:21.469 18645 18728 E OplusACodec: [OplusACodec:204] mSrOsieMMListCheckResult:0x0 mOsieVersion:1
07-02 13:12:21.485 18645 22484 E OplusACodec: [GetVideoCodingTypeFromMime:L1162] mime:video/x-vnd.on2.vp9
07-02 13:12:21.563 18645 18728 W cr_MediaCodecBridge: Releasing: OMX.qcom.video.decoder.vp9
07-02 13:12:21.565 18645 22483 E ExtensionsLoader: freeAllBuffers: 13 buffers were freed while being dequeued!
07-02 13:12:21.565 18645 18728 W cr_MediaCodecBridge: Codec released
07-02 13:12:24.384 18645 18645 W GeckoEventDispatcher: No listener for GeckoView:DismissClipboardPermissionRequest
07-02 13:12:24.400 18645 18645 W LayerDrawable: Invalid drawable added to LayerDrawable! Drawable already belongs to another owner but does not expose a constant state.
07-02 13:12:24.400 18645 18645 W LayerDrawable: java.lang.RuntimeException
07-02 13:12:24.400 18645 18645 W LayerDrawable: 	at android.graphics.drawable.LayerDrawable$ChildDrawable.<init>(LayerDrawable.java:1857)
07-02 13:12:24.400 18645 18645 W LayerDrawable: 	at android.graphics.drawable.LayerDrawable$LayerState.<init>(LayerDrawable.java:1977)
07-02 13:12:24.400 18645 18645 W LayerDrawable: 	at android.graphics.drawable.LayerDrawable.createConstantState(LayerDrawable.java:174)
07-02 13:12:24.400 18645 18645 W LayerDrawable: 	at android.graphics.drawable.LayerDrawable.mutate(LayerDrawable.java:1782)
07-02 13:12:24.400 18645 18645 W LayerDrawable: 	at helium314.keyboard.latin.InputView.g(r8-map-id-865cbf3f7792f91869794285d1a272b813804f49fe9b71550b849c93e8b92e17:551)
07-02 13:12:24.400 18645 18645 W LayerDrawable: 	at p7.y.a(r8-map-id-865cbf3f7792f91869794285d1a272b813804f49fe9b71550b849c93e8b92e17:232)
07-02 13:12:24.400 18645 18645 W LayerDrawable: 	at a8.t0.run(r8-map-id-865cbf3f7792f91869794285d1a272b813804f49fe9b71550b849c93e8b92e17:279)
07-02 13:12:24.400 18645 18645 W LayerDrawable: 	at helium314.keyboard.latin.InputView.f(r8-map-id-865cbf3f7792f91869794285d1a272b813804f49fe9b71550b849c93e8b92e17:39)
07-02 13:12:24.400 18645 18645 W LayerDrawable: 	at i7.c0.a(r8-map-id-865cbf3f7792f91869794285d1a272b813804f49fe9b71550b849c93e8b92e17:73)
07-02 13:12:24.400 18645 18645 W LayerDrawable: 	at i7.c0.r(r8-map-id-865cbf3f7792f91869794285d1a272b813804f49fe9b71550b849c93e8b92e17:245)
07-02 13:12:24.400 18645 18645 W LayerDrawable: 	at i7.c0.U(r8-map-id-865cbf3f7792f91869794285d1a272b813804f49fe9b71550b849c93e8b92e17:53)
07-02 13:12:24.400 18645 18645 W LayerDrawable: 	at i7.c0.R(r8-map-id-865cbf3f7792f91869794285d1a272b813804f49fe9b71550b849c93e8b92e17:3)
07-02 13:12:24.400 18645 18645 W LayerDrawable: 	at m7.o0.c(r8-map-id-865cbf3f7792f91869794285d1a272b813804f49fe9b71550b849c93e8b92e17:12)
07-02 13:12:24.400 18645 18645 W LayerDrawable: 	at m7.o0.b(r8-map-id-865cbf3f7792f91869794285d1a272b813804f49fe9b71550b849c93e8b92e17:51)
07-02 13:12:24.400 18645 18645 W LayerDrawable: 	at i7.c0.w(r8-map-id-865cbf3f7792f91869794285d1a272b813804f49fe9b71550b849c93e8b92e17:91)
07-02 13:12:24.400 18645 18645 W LayerDrawable: 	at i7.c0.H(r8-map-id-865cbf3f7792f91869794285d1a272b813804f49fe9b71550b849c93e8b92e17:30)
07-02 13:12:24.400 18645 18645 W LayerDrawable: 	at helium314.keyboard.latin.LatinIME.onStartInputView(r8-map-id-865cbf3f7792f91869794285d1a272b813804f49fe9b71550b849c93e8b92e17:910)
07-02 13:12:24.400 18645 18645 W LayerDrawable: 	at android.inputmethodservice.InputMethodService.startViews(InputMethodService.java:2400)
07-02 13:12:24.400 18645 18645 W LayerDrawable: 	at android.inputmethodservice.InputMethodService.showWindow(InputMethodService.java:2341)
07-02 13:12:24.400 18645 18645 W LayerDrawable: 	at android.inputmethodservice.InputMethodService$InputMethodImpl.showSoftInput(InputMethodService.java:848)
07-02 13:12:24.400 18645 18645 W LayerDrawable: 	at android.inputmethodservice.InputMethodService$InputMethodImpl.showSoftInputWithToken(InputMethodService.java:817)
07-02 13:12:24.400 18645 18645 W LayerDrawable: 	at android.inputmethodservice.IInputMethodWrapper.executeMessage(IInputMethodWrapper.java:225)
07-02 13:12:24.400 18645 18645 W LayerDrawable: 	at com.android.internal.os.HandlerCaller$MyHandler.handleMessage(HandlerCaller.java:44)
07-02 13:12:24.400 18645 18645 W LayerDrawable: 	at android.os.Handler.dispatchMessage(Handler.java:106)
07-02 13:12:24.400 18645 18645 W LayerDrawable: 	at android.os.Looper.loopOnce(Looper.java:233)
07-02 13:12:24.400 18645 18645 W LayerDrawable: 	at android.os.Looper.loop(Looper.java:344)
07-02 13:12:24.400 18645 18645 W LayerDrawable: 	at android.app.ActivityThread.main(ActivityThread.java:8212)
07-02 13:12:24.400 18645 18645 W LayerDrawable: 	at java.lang.reflect.Method.invoke(Native Method)
07-02 13:12:24.400 18645 18645 W LayerDrawable: 	at com.android.internal.os.RuntimeInit$MethodAndArgsCaller.run(RuntimeInit.java:584)
07-02 13:12:24.400 18645 18645 W LayerDrawable: 	at com.android.internal.os.ZygoteInit.main(ZygoteInit.java:1034)
07-02 13:12:24.437 18645 18645 W LayerDrawable: Invalid drawable added to LayerDrawable! Drawable already belongs to another owner but does not expose a constant state.
07-02 13:12:24.437 18645 18645 W LayerDrawable: java.lang.RuntimeException
07-02 13:12:24.437 18645 18645 W LayerDrawable: 	at android.graphics.drawable.LayerDrawable$ChildDrawable.<init>(LayerDrawable.java:1857)
07-02 13:12:24.437 18645 18645 W LayerDrawable: 	at android.graphics.drawable.LayerDrawable$LayerState.<init>(LayerDrawable.java:1977)
07-02 13:12:24.437 18645 18645 W LayerDrawable: 	at android.graphics.drawable.LayerDrawable.createConstantState(LayerDrawable.java:174)
07-02 13:12:24.437 18645 18645 W LayerDrawable: 	at android.graphics.drawable.LayerDrawable.mutate(LayerDrawable.java:1782)
07-02 13:12:24.437 18645 18645 W LayerDrawable: 	at helium314.keyboard.latin.InputView.g(r8-map-id-865cbf3f7792f91869794285d1a272b813804f49fe9b71550b849c93e8b92e17:551)
07-02 13:12:24.437 18645 18645 W LayerDrawable: 	at p7.y.a(r8-map-id-865cbf3f7792f91869794285d1a272b813804f49fe9b71550b849c93e8b92e17:232)
07-02 13:12:24.437 18645 18645 W LayerDrawable: 	at a8.t0.run(r8-map-id-865cbf3f7792f91869794285d1a272b813804f49fe9b71550b849c93e8b92e17:279)
07-02 13:12:24.437 18645 18645 W LayerDrawable: 	at helium314.keyboard.latin.InputView.f(r8-map-id-865cbf3f7792f91869794285d1a272b813804f49fe9b71550b849c93e8b92e17:39)
07-02 13:12:24.437 18645 18645 W LayerDrawable: 	at i7.c0.a(r8-map-id-865cbf3f7792f91869794285d1a272b813804f49fe9b71550b849c93e8b92e17:73)
07-02 13:12:24.437 18645 18645 W LayerDrawable: 	at a8.j3.onLayoutChange(r8-map-id-865cbf3f7792f91869794285d1a272b813804f49fe9b71550b849c93e8b92e17:39)
07-02 13:12:24.437 18645 18645 W LayerDrawable: 	at android.view.View.layout(View.java:23348)
07-02 13:12:24.437 18645 18645 W LayerDrawable: 	at android.view.ViewGroup.layout(ViewGroup.java:6505)
07-02 13:12:24.437 18645 18645 W LayerDrawable: 	at android.widget.FrameLayout.layoutChildren(FrameLayout.java:332)
07-02 13:12:24.437 18645 18645 W LayerDrawable: 	at android.widget.FrameLayout.onLayout(FrameLayout.java:270)
07-02 13:12:24.437 18645 18645 W LayerDrawable: 	at android.view.View.layout(View.java:23330)
07-02 13:12:24.437 18645 18645 W LayerDrawable: 	at android.view.ViewGroup.layout(ViewGroup.java:6505)
07-02 13:12:24.437 18645 18645 W LayerDrawable: 	at android.widget.FrameLayout.layoutChildren(FrameLayout.java:332)
07-02 13:12:24.437 18645 18645 W LayerDrawable: 	at android.widget.FrameLayout.onLayout(FrameLayout.java:270)
07-02 13:12:24.437 18645 18645 W LayerDrawable: 	at android.view.View.layout(View.java:23330)
07-02 13:12:24.437 18645 18645 W LayerDrawable: 	at android.view.ViewGroup.layout(ViewGroup.java:6505)
07-02 13:12:24.437 18645 18645 W LayerDrawable: 	at android.widget.LinearLayout.setChildFrame(LinearLayout.java:1841)
07-02 13:12:24.437 18645 18645 W LayerDrawable: 	at android.widget.LinearLayout.layoutVertical(LinearLayout.java:1673)
07-02 13:12:24.437 18645 18645 W LayerDrawable: 	at android.widget.LinearLayout.onLayout(LinearLayout.java:1582)
07-02 13:12:24.437 18645 18645 W LayerDrawable: 	at android.view.View.layout(View.java:23330)
07-02 13:12:24.437 18645 18645 W LayerDrawable: 	at android.view.ViewGroup.layout(ViewGroup.java:6505)
07-02 13:12:24.437 18645 18645 W LayerDrawable: 	at android.widget.FrameLayout.layoutChildren(FrameLayout.java:332)
07-02 13:12:24.437 18645 18645 W LayerDrawable: 	at android.widget.FrameLayout.onLayout(FrameLayout.java:270)
07-02 13:12:24.437 18645 18645 W LayerDrawable: 	at android.view.View.layout(View.java:23330)
07-02 13:12:24.437 18645 18645 W LayerDrawable: 	at android.view.ViewGroup.layout(ViewGroup.java:6505)
07-02 13:12:24.437 18645 18645 W LayerDrawable: 	at android.widget.LinearLayout.setChildFrame(LinearLayout.java:1841)
07-02 13:12:24.437 18645 18645 W LayerDrawable: 	at android.widget.LinearLayout.layoutVertical(LinearLayout.java:1673)
07-02 13:12:24.437 18645 18645 W LayerDrawable: 	at android.widget.LinearLayout.onLayout(LinearLayout.java:1582)
07-02 13:12:24.437 18645 18645 W LayerDrawable: 	at android.view.View.layout(View.java:23330)
07-02 13:12:24.437 18645 18645 W LayerDrawable: 	at android.view.ViewGroup.layout(ViewGroup.java:6505)
07-02 13:12:24.437 18645 18645 W LayerDrawable: 	at android.widget.FrameLayout.layoutChildren(FrameLayout.java:332)
07-02 13:12:24.437 18645 18645 W LayerDrawable: 	at android.widget.FrameLayout.onLayout(FrameLayout.java:270)
07-02 13:12:24.437 18645 18645 W LayerDrawable: 	at com.android.internal.policy.DecorView.onLayout(DecorView.java:873)
07-02 13:12:24.437 18645 18645 W LayerDrawable: 	at android.view.View.layout(View.java:23330)
07-02 13:12:24.437 18645 18645 W LayerDrawable: 	at android.view.ViewGroup.layout(ViewGroup.java:6505)
07-02 13:12:24.437 18645 18645 W LayerDrawable: 	at android.view.ViewRootImpl.performLayout(ViewRootImpl.java:3936)
07-02 13:12:24.437 18645 18645 W LayerDrawable: 	at android.view.ViewRootImpl.performTraversals(ViewRootImpl.java:3338)
07-02 13:12:24.437 18645 18645 W LayerDrawable: 	at android.view.ViewRootImpl.doTraversal(ViewRootImpl.java:2305)
07-02 13:12:24.437 18645 18645 W LayerDrawable: 	at android.view.ViewRootImpl$TraversalRunnable.run(ViewRootImpl.java:9133)
07-02 13:12:24.437 18645 18645 W LayerDrawable: 	at android.view.Choreographer$CallbackRecord.run(Choreographer.java:1232)
07-02 13:12:24.437 18645 18645 W LayerDrawable: 	at android.view.Choreographer.doCallbacks(Choreographer.java:1029)
07-02 13:12:24.437 18645 18645 W LayerDrawable: 	at android.view.Choreographer.doFrame(Choreographer.java:934)
07-02 13:12:24.437 18645 18645 W LayerDrawable: 	at android.view.Choreographer$FrameDisplayEventReceiver.run(Choreographer.java:1217)
07-02 13:12:24.437 18645 18645 W LayerDrawable: 	at android.os.Handler.handleCallback(Handler.java:938)
07-02 13:12:24.437 18645 18645 W LayerDrawable: 	at android.os.Handler.dispatchMessage(Handler.java:99)
07-02 13:12:24.437 18645 18645 W LayerDrawable: 	at android.os.Looper.loopOnce(Looper.java:233)
07-02 13:12:24.437 18645 18645 W LayerDrawable: 	at android.os.Looper.loop(Looper.java:344)
07-02 13:12:24.437 18645 18645 W LayerDrawable: 	at android.app.ActivityThread.main(ActivityThread.java:8212)
07-02 13:12:24.437 18645 18645 W LayerDrawable: 	at java.lang.reflect.Method.invoke(Native Method)
07-02 13:12:24.437 18645 18645 W LayerDrawable: 	at com.android.internal.os.RuntimeInit$MethodAndArgsCaller.run(RuntimeInit.java:584)
07-02 13:12:24.437 18645 18645 W LayerDrawable: 	at com.android.internal.os.ZygoteInit.main(ZygoteInit.java:1034)
07-02 13:12:24.465 18645 18645 W LayerDrawable: Invalid drawable added to LayerDrawable! Drawable already belongs to another owner but does not expose a constant state.
07-02 13:12:24.465 18645 18645 W LayerDrawable: java.lang.RuntimeException
07-02 13:12:24.465 18645 18645 W LayerDrawable: 	at android.graphics.drawable.LayerDrawable$ChildDrawable.<init>(LayerDrawable.java:1857)
07-02 13:12:24.465 18645 18645 W LayerDrawable: 	at android.graphics.drawable.LayerDrawable$LayerState.<init>(LayerDrawable.java:1977)
07-02 13:12:24.465 18645 18645 W LayerDrawable: 	at android.graphics.drawable.LayerDrawable.createConstantState(LayerDrawable.java:174)
07-02 13:12:24.465 18645 18645 W LayerDrawable: 	at android.graphics.drawable.LayerDrawable.mutate(LayerDrawable.java:1782)
07-02 13:12:24.465 18645 18645 W LayerDrawable: 	at helium314.keyboard.latin.InputView.g(r8-map-id-865cbf3f7792f91869794285d1a272b813804f49fe9b71550b849c93e8b92e17:551)
07-02 13:12:24.465 18645 18645 W LayerDrawable: 	at p7.y.a(r8-map-id-865cbf3f7792f91869794285d1a272b813804f49fe9b71550b849c93e8b92e17:232)
07-02 13:12:24.465 18645 18645 W LayerDrawable: 	at a8.t0.run(r8-map-id-865cbf3f7792f91869794285d1a272b813804f49fe9b71550b849c93e8b92e17:279)
07-02 13:12:24.465 18645 18645 W LayerDrawable: 	at helium314.keyboard.latin.InputView.f(r8-map-id-865cbf3f7792f91869794285d1a272b813804f49fe9b71550b849c93e8b92e17:39)
07-02 13:12:24.465 18645 18645 W LayerDrawable: 	at i7.c0.a(r8-map-id-865cbf3f7792f91869794285d1a272b813804f49fe9b71550b849c93e8b92e17:73)
07-02 13:12:24.465 18645 18645 W LayerDrawable: 	at a8.y0.run(r8-map-id-865cbf3f7792f91869794285d1a272b813804f49fe9b71550b849c93e8b92e17:411)
07-02 13:12:24.465 18645 18645 W LayerDrawable: 	at android.os.Handler.handleCallback(Handler.java:938)
07-02 13:12:24.465 18645 18645 W LayerDrawable: 	at android.os.Handler.dispatchMessage(Handler.java:99)
07-02 13:12:24.465 18645 18645 W LayerDrawable: 	at android.os.Looper.loopOnce(Looper.java:233)
07-02 13:12:24.465 18645 18645 W LayerDrawable: 	at android.os.Looper.loop(Looper.java:344)
07-02 13:12:24.465 18645 18645 W LayerDrawable: 	at android.app.ActivityThread.main(ActivityThread.java:8212)
07-02 13:12:24.465 18645 18645 W LayerDrawable: 	at java.lang.reflect.Method.invoke(Native Method)
07-02 13:12:24.465 18645 18645 W LayerDrawable: 	at com.android.internal.os.RuntimeInit$MethodAndArgsCaller.run(RuntimeInit.java:584)
07-02 13:12:24.465 18645 18645 W LayerDrawable: 	at com.android.internal.os.ZygoteInit.main(ZygoteInit.java:1034)
07-02 13:12:24.554 18645 18679 W VkSuggestions: slow frame 16,7ms locales=2 typedLen=3 candidates=18 parallelWait=16,6ms
07-02 13:12:24.555 18645 18679 I VkSuggestions: strip composing typedLen=3 candidates=17 autocorrect=false locale=fr
07-02 13:12:24.677 18645 18717 E BLASTBufferQueue: BLASTBufferItemConsumer::onDisconnect()
07-02 13:12:25.057 15711 15711 W LlmEngineService: Severe memory pressure (15); evicting on-device LLM.
07-02 13:12:25.775 15711 15731 I OnDeviceAssist: warm ok model=qwen2.5-0.5b-instruct-q4_0.gguf ambient=36 chars 472ms
07-02 13:12:26.163 18645 18654 W ibekey.keyboar: Cleared Reference was only reachable from finalizer (only reported once)
07-02 13:12:28.146 18645 18645 W GeckoEventDispatcher: No listener for GeckoView:DismissClipboardPermissionRequest
07-02 13:12:28.159 18645 18645 W LayerDrawable: Invalid drawable added to LayerDrawable! Drawable already belongs to another owner but does not expose a constant state.
07-02 13:12:28.159 18645 18645 W LayerDrawable: java.lang.RuntimeException
07-02 13:12:28.159 18645 18645 W LayerDrawable: 	at android.graphics.drawable.LayerDrawable$ChildDrawable.<init>(LayerDrawable.java:1857)
07-02 13:12:28.159 18645 18645 W LayerDrawable: 	at android.graphics.drawable.LayerDrawable$LayerState.<init>(LayerDrawable.java:1977)
07-02 13:12:28.159 18645 18645 W LayerDrawable: 	at android.graphics.drawable.LayerDrawable.createConstantState(LayerDrawable.java:174)
07-02 13:12:28.159 18645 18645 W LayerDrawable: 	at android.graphics.drawable.LayerDrawable.mutate(LayerDrawable.java:1782)
07-02 13:12:28.159 18645 18645 W LayerDrawable: 	at helium314.keyboard.latin.InputView.g(r8-map-id-865cbf3f7792f91869794285d1a272b813804f49fe9b71550b849c93e8b92e17:551)
07-02 13:12:28.159 18645 18645 W LayerDrawable: 	at p7.y.a(r8-map-id-865cbf3f7792f91869794285d1a272b813804f49fe9b71550b849c93e8b92e17:232)
07-02 13:12:28.159 18645 18645 W LayerDrawable: 	at a8.t0.run(r8-map-id-865cbf3f7792f91869794285d1a272b813804f49fe9b71550b849c93e8b92e17:279)
07-02 13:12:28.159 18645 18645 W LayerDrawable: 	at helium314.keyboard.latin.InputView.f(r8-map-id-865cbf3f7792f91869794285d1a272b813804f49fe9b71550b849c93e8b92e17:39)
07-02 13:12:28.159 18645 18645 W LayerDrawable: 	at i7.c0.a(r8-map-id-865cbf3f7792f91869794285d1a272b813804f49fe9b71550b849c93e8b92e17:73)
07-02 13:12:28.159 18645 18645 W LayerDrawable: 	at i7.c0.r(r8-map-id-865cbf3f7792f91869794285d1a272b813804f49fe9b71550b849c93e8b92e17:245)
07-02 13:12:28.159 18645 18645 W LayerDrawable: 	at x7.b.u(r8-map-id-865cbf3f7792f91869794285d1a272b813804f49fe9b71550b849c93e8b92e17:188)
07-02 13:12:28.159 18645 18645 W LayerDrawable: 	at helium314.keyboard.latin.LatinIME.l(r8-map-id-865cbf3f7792f91869794285d1a272b813804f49fe9b71550b849c93e8b92e17:36)
07-02 13:12:28.159 18645 18645 W LayerDrawable: 	at i7.m.a(r8-map-id-865cbf3f7792f91869794285d1a272b813804f49fe9b71550b849c93e8b92e17:262)
07-02 13:12:28.159 18645 18645 W LayerDrawable: 	at helium314.keyboard.latin.suggestions.SuggestionStripView.onClick(r8-map-id-865cbf3f7792f91869794285d1a272b813804f49fe9b71550b849c93e8b92e17:45)
07-02 13:12:28.159 18645 18645 W LayerDrawable: 	at android.view.View.performClick(View.java:7488)
07-02 13:12:28.159 18645 18645 W LayerDrawable: 	at android.view.View.performClickInternal(View.java:7464)
07-02 13:12:28.159 18645 18645 W LayerDrawable: 	at android.view.View.access$3700(View.java:841)
07-02 13:12:28.159 18645 18645 W LayerDrawable: 	at android.view.View$PerformClick.run(View.java:28911)
07-02 13:12:28.159 18645 18645 W LayerDrawable: 	at android.os.Handler.handleCallback(Handler.java:938)
07-02 13:12:28.159 18645 18645 W LayerDrawable: 	at android.os.Handler.dispatchMessage(Handler.java:99)
07-02 13:12:28.159 18645 18645 W LayerDrawable: 	at android.os.Looper.loopOnce(Looper.java:233)
07-02 13:12:28.159 18645 18645 W LayerDrawable: 	at android.os.Looper.loop(Looper.java:344)
07-02 13:12:28.159 18645 18645 W LayerDrawable: 	at android.app.ActivityThread.main(ActivityThread.java:8212)
07-02 13:12:28.159 18645 18645 W LayerDrawable: 	at java.lang.reflect.Method.invoke(Native Method)
07-02 13:12:28.159 18645 18645 W LayerDrawable: 	at com.android.internal.os.RuntimeInit$MethodAndArgsCaller.run(RuntimeInit.java:584)
07-02 13:12:28.159 18645 18645 W LayerDrawable: 	at com.android.internal.os.ZygoteInit.main(ZygoteInit.java:1034)
07-02 13:12:28.177 18645 18645 W LayerDrawable: Invalid drawable added to LayerDrawable! Drawable already belongs to another owner but does not expose a constant state.
07-02 13:12:28.177 18645 18645 W LayerDrawable: java.lang.RuntimeException
07-02 13:12:28.177 18645 18645 W LayerDrawable: 	at android.graphics.drawable.LayerDrawable$ChildDrawable.<init>(LayerDrawable.java:1857)
07-02 13:12:28.177 18645 18645 W LayerDrawable: 	at android.graphics.drawable.LayerDrawable$LayerState.<init>(LayerDrawable.java:1977)
07-02 13:12:28.177 18645 18645 W LayerDrawable: 	at android.graphics.drawable.LayerDrawable.createConstantState(LayerDrawable.java:174)
07-02 13:12:28.177 18645 18645 W LayerDrawable: 	at android.graphics.drawable.LayerDrawable.mutate(LayerDrawable.java:1782)
07-02 13:12:28.177 18645 18645 W LayerDrawable: 	at helium314.keyboard.latin.InputView.g(r8-map-id-865cbf3f7792f91869794285d1a272b813804f49fe9b71550b849c93e8b92e17:551)
07-02 13:12:28.177 18645 18645 W LayerDrawable: 	at p7.y.a(r8-map-id-865cbf3f7792f91869794285d1a272b813804f49fe9b71550b849c93e8b92e17:232)
07-02 13:12:28.177 18645 18645 W LayerDrawable: 	at a8.t0.run(r8-map-id-865cbf3f7792f91869794285d1a272b813804f49fe9b71550b849c93e8b92e17:279)
07-02 13:12:28.177 18645 18645 W LayerDrawable: 	at helium314.keyboard.latin.InputView.f(r8-map-id-865cbf3f7792f91869794285d1a272b813804f49fe9b71550b849c93e8b92e17:39)
07-02 13:12:28.177 18645 18645 W LayerDrawable: 	at i7.c0.a(r8-map-id-865cbf3f7792f91869794285d1a272b813804f49fe9b71550b849c93e8b92e17:73)
07-02 13:12:28.177 18645 18645 W LayerDrawable: 	at a8.y0.run(r8-map-id-865cbf3f7792f91869794285d1a272b813804f49fe9b71550b849c93e8b92e17:411)
07-02 13:12:28.177 18645 18645 W LayerDrawable: 	at android.os.Handler.handleCallback(Handler.java:938)
07-02 13:12:28.177 18645 18645 W LayerDrawable: 	at android.os.Handler.dispatchMessage(Handler.java:99)
07-02 13:12:28.177 18645 18645 W LayerDrawable: 	at android.os.Looper.loopOnce(Looper.java:233)
07-02 13:12:28.177 18645 18645 W LayerDrawable: 	at android.os.Looper.loop(Looper.java:344)
07-02 13:12:28.177 18645 18645 W LayerDrawable: 	at android.app.ActivityThread.main(ActivityThread.java:8212)
07-02 13:12:28.177 18645 18645 W LayerDrawable: 	at java.lang.reflect.Method.invoke(Native Method)
07-02 13:12:28.177 18645 18645 W LayerDrawable: 	at com.android.internal.os.RuntimeInit$MethodAndArgsCaller.run(RuntimeInit.java:584)
07-02 13:12:28.177 18645 18645 W LayerDrawable: 	at com.android.internal.os.ZygoteInit.main(ZygoteInit.java:1034)
07-02 13:12:28.850 18645 18645 W GeckoEventDispatcher: No listener for GeckoView:DismissClipboardPermissionRequest
07-02 13:12:28.860 18645 18645 W LayerDrawable: Invalid drawable added to LayerDrawable! Drawable already belongs to another owner but does not expose a constant state.
07-02 13:12:28.860 18645 18645 W LayerDrawable: java.lang.RuntimeException
07-02 13:12:28.860 18645 18645 W LayerDrawable: 	at android.graphics.drawable.LayerDrawable$ChildDrawable.<init>(LayerDrawable.java:1857)
07-02 13:12:28.860 18645 18645 W LayerDrawable: 	at android.graphics.drawable.LayerDrawable$LayerState.<init>(LayerDrawable.java:1977)
07-02 13:12:28.860 18645 18645 W LayerDrawable: 	at android.graphics.drawable.LayerDrawable.createConstantState(LayerDrawable.java:174)
07-02 13:12:28.860 18645 18645 W LayerDrawable: 	at android.graphics.drawable.LayerDrawable.mutate(LayerDrawable.java:1782)
07-02 13:12:28.860 18645 18645 W LayerDrawable: 	at helium314.keyboard.latin.InputView.g(r8-map-id-865cbf3f7792f91869794285d1a272b813804f49fe9b71550b849c93e8b92e17:551)
07-02 13:12:28.860 18645 18645 W LayerDrawable: 	at p7.y.a(r8-map-id-865cbf3f7792f91869794285d1a272b813804f49fe9b71550b849c93e8b92e17:232)
07-02 13:12:28.860 18645 18645 W LayerDrawable: 	at a8.t0.run(r8-map-id-865cbf3f7792f91869794285d1a272b813804f49fe9b71550b849c93e8b92e17:279)
07-02 13:12:28.860 18645 18645 W LayerDrawable: 	at helium314.keyboard.latin.InputView.f(r8-map-id-865cbf3f7792f91869794285d1a272b813804f49fe9b71550b849c93e8b92e17:39)
07-02 13:12:28.860 18645 18645 W LayerDrawable: 	at i7.c0.a(r8-map-id-865cbf3f7792f91869794285d1a272b813804f49fe9b71550b849c93e8b92e17:73)
07-02 13:12:28.860 18645 18645 W LayerDrawable: 	at i7.c0.r(r8-map-id-865cbf3f7792f91869794285d1a272b813804f49fe9b71550b849c93e8b92e17:245)
07-02 13:12:28.860 18645 18645 W LayerDrawable: 	at x7.b.v(r8-map-id-865cbf3f7792f91869794285d1a272b813804f49fe9b71550b849c93e8b92e17:35)
07-02 13:12:28.860 18645 18645 W LayerDrawable: 	at x7.b.u(r8-map-id-865cbf3f7792f91869794285d1a272b813804f49fe9b71550b849c93e8b92e17:166)
07-02 13:12:28.860 18645 18645 W LayerDrawable: 	at helium314.keyboard.latin.LatinIME.l(r8-map-id-865cbf3f7792f91869794285d1a272b813804f49fe9b71550b849c93e8b92e17:36)
07-02 13:12:28.860 18645 18645 W LayerDrawable: 	at i7.m.a(r8-map-id-865cbf3f7792f91869794285d1a272b813804f49fe9b71550b849c93e8b92e17:262)
07-02 13:12:28.860 18645 18645 W LayerDrawable: 	at a8.t4.onClick(r8-map-id-865cbf3f7792f91869794285d1a272b813804f49fe9b71550b849c93e8b92e17:178)
07-02 13:12:28.860 18645 18645 W LayerDrawable: 	at android.view.View.performClick(View.java:7488)
07-02 13:12:28.860 18645 18645 W LayerDrawable: 	at android.view.View.performClickInternal(View.java:7464)
07-02 13:12:28.860 18645 18645 W LayerDrawable: 	at android.view.View.access$3700(View.java:841)
07-02 13:12:28.860 18645 18645 W LayerDrawable: 	at android.view.View$PerformClick.run(View.java:28911)
07-02 13:12:28.860 18645 18645 W LayerDrawable: 	at android.os.Handler.handleCallback(Handler.java:938)
07-02 13:12:28.860 18645 18645 W LayerDrawable: 	at android.os.Handler.dispatchMessage(Handler.java:99)
07-02 13:12:28.860 18645 18645 W LayerDrawable: 	at android.os.Looper.loopOnce(Looper.java:233)
07-02 13:12:28.860 18645 18645 W LayerDrawable: 	at android.os.Looper.loop(Looper.java:344)
07-02 13:12:28.860 18645 18645 W LayerDrawable: 	at android.app.ActivityThread.main(ActivityThread.java:8212)
07-02 13:12:28.860 18645 18645 W LayerDrawable: 	at java.lang.reflect.Method.invoke(Native Method)
07-02 13:12:28.860 18645 18645 W LayerDrawable: 	at com.android.internal.os.RuntimeInit$MethodAndArgsCaller.run(RuntimeInit.java:584)
07-02 13:12:28.860 18645 18645 W LayerDrawable: 	at com.android.internal.os.ZygoteInit.main(ZygoteInit.java:1034)
07-02 13:12:28.927 18645 18645 W LayerDrawable: Invalid drawable added to LayerDrawable! Drawable already belongs to another owner but does not expose a constant state.
07-02 13:12:28.927 18645 18645 W LayerDrawable: java.lang.RuntimeException
07-02 13:12:28.927 18645 18645 W LayerDrawable: 	at android.graphics.drawable.LayerDrawable$ChildDrawable.<init>(LayerDrawable.java:1857)
07-02 13:12:28.927 18645 18645 W LayerDrawable: 	at android.graphics.drawable.LayerDrawable$LayerState.<init>(LayerDrawable.java:1977)
07-02 13:12:28.927 18645 18645 W LayerDrawable: 	at android.graphics.drawable.LayerDrawable.createConstantState(LayerDrawable.java:174)
07-02 13:12:28.927 18645 18645 W LayerDrawable: 	at android.graphics.drawable.LayerDrawable.mutate(LayerDrawable.java:1782)
07-02 13:12:28.927 18645 18645 W LayerDrawable: 	at helium314.keyboard.latin.InputView.g(r8-map-id-865cbf3f7792f91869794285d1a272b813804f49fe9b71550b849c93e8b92e17:551)
07-02 13:12:28.927 18645 18645 W LayerDrawable: 	at p7.y.a(r8-map-id-865cbf3f7792f91869794285d1a272b813804f49fe9b71550b849c93e8b92e17:232)
07-02 13:12:28.927 18645 18645 W LayerDrawable: 	at a8.t0.run(r8-map-id-865cbf3f7792f91869794285d1a272b813804f49fe9b71550b849c93e8b92e17:279)
07-02 13:12:28.927 18645 18645 W LayerDrawable: 	at helium314.keyboard.latin.InputView.f(r8-map-id-865cbf3f7792f91869794285d1a272b813804f49fe9b71550b849c93e8b92e17:39)
07-02 13:12:28.927 18645 18645 W LayerDrawable: 	at i7.c0.a(r8-map-id-865cbf3f7792f91869794285d1a272b813804f49fe9b71550b849c93e8b92e17:73)
07-02 13:12:28.927 18645 18645 W LayerDrawable: 	at a8.j3.onLayoutChange(r8-map-id-865cbf3f7792f91869794285d1a272b813804f49fe9b71550b849c93e8b92e17:39)
07-02 13:12:28.927 18645 18645 W LayerDrawable: 	at android.view.View.layout(View.java:23348)
07-02 13:12:28.927 18645 18645 W LayerDrawable: 	at android.view.ViewGroup.layout(ViewGroup.java:6505)
07-02 13:12:28.927 18645 18645 W LayerDrawable: 	at android.widget.FrameLayout.layoutChildren(FrameLayout.java:332)
07-02 13:12:28.927 18645 18645 W LayerDrawable: 	at android.widget.FrameLayout.onLayout(FrameLayout.java:270)
07-02 13:12:28.927 18645 18645 W LayerDrawable: 	at android.view.View.layout(View.java:23330)
07-02 13:12:28.927 18645 18645 W LayerDrawable: 	at android.view.ViewGroup.layout(ViewGroup.java:6505)
07-02 13:12:28.927 18645 18645 W LayerDrawable: 	at android.widget.FrameLayout.layoutChildren(FrameLayout.java:332)
07-02 13:12:28.927 18645 18645 W LayerDrawable: 	at android.widget.FrameLayout.onLayout(FrameLayout.java:270)
07-02 13:12:28.927 18645 18645 W LayerDrawable: 	at android.view.View.layout(View.java:23330)
07-02 13:12:28.927 18645 18645 W LayerDrawable: 	at android.view.ViewGroup.layout(ViewGroup.java:6505)
07-02 13:12:28.927 18645 18645 W LayerDrawable: 	at android.widget.LinearLayout.setChildFrame(LinearLayout.java:1841)
07-02 13:12:28.927 18645 18645 W LayerDrawable: 	at android.widget.LinearLayout.layoutVertical(LinearLayout.java:1673)
07-02 13:12:28.927 18645 18645 W LayerDrawable: 	at android.widget.LinearLayout.onLayout(LinearLayout.java:1582)
07-02 13:12:28.927 18645 18645 W LayerDrawable: 	at android.view.View.layout(View.java:23330)
07-02 13:12:28.927 18645 18645 W LayerDrawable: 	at android.view.ViewGroup.layout(ViewGroup.java:6505)
07-02 13:12:28.927 18645 18645 W LayerDrawable: 	at android.widget.FrameLayout.layoutChildren(FrameLayout.java:332)
07-02 13:12:28.927 18645 18645 W LayerDrawable: 	at android.widget.FrameLayout.onLayout(FrameLayout.java:270)
07-02 13:12:28.927 18645 18645 W LayerDrawable: 	at android.view.View.layout(View.java:23330)
07-02 13:12:28.927 18645 18645 W LayerDrawable: 	at android.view.ViewGroup.layout(ViewGroup.java:6505)
07-02 13:12:28.927 18645 18645 W LayerDrawable: 	at android.widget.LinearLayout.setChildFrame(LinearLayout.java:1841)
07-02 13:12:28.927 18645 18645 W LayerDrawable: 	at android.widget.LinearLayout.layoutVertical(LinearLayout.java:1673)
07-02 13:12:28.927 18645 18645 W LayerDrawable: 	at android.widget.LinearLayout.onLayout(LinearLayout.java:1582)
07-02 13:12:28.927 18645 18645 W LayerDrawable: 	at android.view.View.layout(View.java:23330)
07-02 13:12:28.927 18645 18645 W LayerDrawable: 	at android.view.ViewGroup.layout(ViewGroup.java:6505)
07-02 13:12:28.927 18645 18645 W LayerDrawable: 	at android.widget.FrameLayout.layoutChildren(FrameLayout.java:332)
07-02 13:12:28.927 18645 18645 W LayerDrawable: 	at android.widget.FrameLayout.onLayout(FrameLayout.java:270)
07-02 13:12:28.927 18645 18645 W LayerDrawable: 	at com.android.internal.policy.DecorView.onLayout(DecorView.java:873)
07-02 13:12:28.927 18645 18645 W LayerDrawable: 	at android.view.View.layout(View.java:23330)
07-02 13:12:28.927 18645 18645 W LayerDrawable: 	at android.view.ViewGroup.layout(ViewGroup.java:6505)
07-02 13:12:28.927 18645 18645 W LayerDrawable: 	at android.view.ViewRootImpl.performLayout(ViewRootImpl.java:3936)
07-02 13:12:28.927 18645 18645 W LayerDrawable: 	at android.view.ViewRootImpl.performTraversals(ViewRootImpl.java:3338)
07-02 13:12:28.927 18645 18645 W LayerDrawable: 	at android.view.ViewRootImpl.doTraversal(ViewRootImpl.java:2305)
07-02 13:12:28.927 18645 18645 W LayerDrawable: 	at android.view.ViewRootImpl$TraversalRunnable.run(ViewRootImpl.java:9133)
07-02 13:12:28.927 18645 18645 W LayerDrawable: 	at android.view.Choreographer$CallbackRecord.run(Choreographer.java:1232)
07-02 13:12:28.927 18645 18645 W LayerDrawable: 	at android.view.Choreographer.doCallbacks(Choreographer.java:1029)
07-02 13:12:28.927 18645 18645 W LayerDrawable: 	at android.view.Choreographer.doFrame(Choreographer.java:934)
07-02 13:12:28.927 18645 18645 W LayerDrawable: 	at android.view.Choreographer$FrameDisplayEventReceiver.run(Choreographer.java:1217)
07-02 13:12:28.927 18645 18645 W LayerDrawable: 	at android.os.Handler.handleCallback(Handler.java:938)
07-02 13:12:28.927 18645 18645 W LayerDrawable: 	at android.os.Handler.dispatchMessage(Handler.java:99)
07-02 13:12:28.927 18645 18645 W LayerDrawable: 	at android.os.Looper.loopOnce(Looper.java:233)
07-02 13:12:28.927 18645 18645 W LayerDrawable: 	at android.os.Looper.loop(Looper.java:344)
07-02 13:12:28.927 18645 18645 W LayerDrawable: 	at android.app.ActivityThread.main(ActivityThread.java:8212)
07-02 13:12:28.927 18645 18645 W LayerDrawable: 	at java.lang.reflect.Method.invoke(Native Method)
07-02 13:12:28.927 18645 18645 W LayerDrawable: 	at com.android.internal.os.RuntimeInit$MethodAndArgsCaller.run(RuntimeInit.java:584)
07-02 13:12:28.927 18645 18645 W LayerDrawable: 	at com.android.internal.os.ZygoteInit.main(ZygoteInit.java:1034)
07-02 13:12:28.933 18645 18645 W LayerDrawable: Invalid drawable added to LayerDrawable! Drawable already belongs to another owner but does not expose a constant state.
07-02 13:12:28.933 18645 18645 W LayerDrawable: java.lang.RuntimeException
07-02 13:12:28.933 18645 18645 W LayerDrawable: 	at android.graphics.drawable.LayerDrawable$ChildDrawable.<init>(LayerDrawable.java:1857)
07-02 13:12:28.933 18645 18645 W LayerDrawable: 	at android.graphics.drawable.LayerDrawable$LayerState.<init>(LayerDrawable.java:1977)
07-02 13:12:28.933 18645 18645 W LayerDrawable: 	at android.graphics.drawable.LayerDrawable.createConstantState(LayerDrawable.java:174)
07-02 13:12:28.933 18645 18645 W LayerDrawable: 	at android.graphics.drawable.LayerDrawable.mutate(LayerDrawable.java:1782)
07-02 13:12:28.933 18645 18645 W LayerDrawable: 	at helium314.keyboard.latin.InputView.g(r8-map-id-865cbf3f7792f91869794285d1a272b813804f49fe9b71550b849c93e8b92e17:551)
07-02 13:12:28.933 18645 18645 W LayerDrawable: 	at p7.y.a(r8-map-id-865cbf3f7792f91869794285d1a272b813804f49fe9b71550b849c93e8b92e17:232)
07-02 13:12:28.933 18645 18645 W LayerDrawable: 	at a8.t0.run(r8-map-id-865cbf3f7792f91869794285d1a272b813804f49fe9b71550b849c93e8b92e17:279)
07-02 13:12:28.933 18645 18645 W LayerDrawable: 	at helium314.keyboard.latin.InputView.f(r8-map-id-865cbf3f7792f91869794285d1a272b813804f49fe9b71550b849c93e8b92e17:39)
07-02 13:12:28.933 18645 18645 W LayerDrawable: 	at i7.c0.a(r8-map-id-865cbf3f7792f91869794285d1a272b813804f49fe9b71550b849c93e8b92e17:73)
07-02 13:12:28.933 18645 18645 W LayerDrawable: 	at a8.y0.run(r8-map-id-865cbf3f7792f91869794285d1a272b813804f49fe9b71550b849c93e8b92e17:411)
07-02 13:12:28.933 18645 18645 W LayerDrawable: 	at android.os.Handler.handleCallback(Handler.java:938)
07-02 13:12:28.933 18645 18645 W LayerDrawable: 	at android.os.Handler.dispatchMessage(Handler.java:99)
07-02 13:12:28.933 18645 18645 W LayerDrawable: 	at android.os.Looper.loopOnce(Looper.java:233)
07-02 13:12:28.933 18645 18645 W LayerDrawable: 	at android.os.Looper.loop(Looper.java:344)
07-02 13:12:28.933 18645 18645 W LayerDrawable: 	at android.app.ActivityThread.main(ActivityThread.java:8212)
07-02 13:12:28.933 18645 18645 W LayerDrawable: 	at java.lang.reflect.Method.invoke(Native Method)
07-02 13:12:28.933 18645 18645 W LayerDrawable: 	at com.android.internal.os.RuntimeInit$MethodAndArgsCaller.run(RuntimeInit.java:584)
07-02 13:12:28.933 18645 18645 W LayerDrawable: 	at com.android.internal.os.ZygoteInit.main(ZygoteInit.java:1034)
07-02 13:12:28.938 18645 18645 W LayerDrawable: Invalid drawable added to LayerDrawable! Drawable already belongs to another owner but does not expose a constant state.
07-02 13:12:28.938 18645 18645 W LayerDrawable: java.lang.RuntimeException
07-02 13:12:28.938 18645 18645 W LayerDrawable: 	at android.graphics.drawable.LayerDrawable$ChildDrawable.<init>(LayerDrawable.java:1857)
07-02 13:12:28.938 18645 18645 W LayerDrawable: 	at android.graphics.drawable.LayerDrawable$LayerState.<init>(LayerDrawable.java:1977)
07-02 13:12:28.938 18645 18645 W LayerDrawable: 	at android.graphics.drawable.LayerDrawable.createConstantState(LayerDrawable.java:174)
07-02 13:12:28.938 18645 18645 W LayerDrawable: 	at android.graphics.drawable.LayerDrawable.mutate(LayerDrawable.java:1782)
07-02 13:12:28.938 18645 18645 W LayerDrawable: 	at helium314.keyboard.latin.InputView.g(r8-map-id-865cbf3f7792f91869794285d1a272b813804f49fe9b71550b849c93e8b92e17:551)
07-02 13:12:28.938 18645 18645 W LayerDrawable: 	at p7.y.a(r8-map-id-865cbf3f7792f91869794285d1a272b813804f49fe9b71550b849c93e8b92e17:232)
07-02 13:12:28.938 18645 18645 W LayerDrawable: 	at a8.t0.run(r8-map-id-865cbf3f7792f91869794285d1a272b813804f49fe9b71550b849c93e8b92e17:279)
07-02 13:12:28.938 18645 18645 W LayerDrawable: 	at helium314.keyboard.latin.InputView.f(r8-map-id-865cbf3f7792f91869794285d1a272b813804f49fe9b71550b849c93e8b92e17:39)
07-02 13:12:28.938 18645 18645 W LayerDrawable: 	at i7.c0.a(r8-map-id-865cbf3f7792f91869794285d1a272b813804f49fe9b71550b849c93e8b92e17:73)
07-02 13:12:28.938 18645 18645 W LayerDrawable: 	at i7.c0.z(r8-map-id-865cbf3f7792f91869794285d1a272b813804f49fe9b71550b849c93e8b92e17:284)
07-02 13:12:28.938 18645 18645 W LayerDrawable: 	at helium314.keyboard.latin.LatinIME.hideWindow(r8-map-id-865cbf3f7792f91869794285d1a272b813804f49fe9b71550b849c93e8b92e17:37)
07-02 13:12:28.938 18645 18645 W LayerDrawable: 	at android.inputmethodservice.InputMethodService.doHideWindow(InputMethodService.java:2441)
07-02 13:12:28.938 18645 18645 W LayerDrawable: 	at android.inputmethodservice.InputMethodService.access$500(InputMethodService.java:307)
07-02 13:12:28.938 18645 18645 W LayerDrawable: 	at android.inputmethodservice.InputMethodService$InputMethodImpl.hideSoftInput(InputMethodService.java:795)
07-02 13:12:28.938 18645 18645 W LayerDrawable: 	at android.inputmethodservice.InputMethodService$InputMethodImpl.hideSoftInputWithToken(InputMethodService.java:757)
07-02 13:12:28.938 18645 18645 W LayerDrawable: 	at android.inputmethodservice.IInputMethodWrapper.executeMessage(IInputMethodWrapper.java:232)
07-02 13:12:28.938 18645 18645 W LayerDrawable: 	at com.android.internal.os.HandlerCaller$MyHandler.handleMessage(HandlerCaller.java:44)
07-02 13:12:28.938 18645 18645 W LayerDrawable: 	at android.os.Handler.dispatchMessage(Handler.java:106)
07-02 13:12:28.938 18645 18645 W LayerDrawable: 	at android.os.Looper.loopOnce(Looper.java:233)
07-02 13:12:28.938 18645 18645 W LayerDrawable: 	at android.os.Looper.loop(Looper.java:344)
07-02 13:12:28.938 18645 18645 W LayerDrawable: 	at android.app.ActivityThread.main(ActivityThread.java:8212)
07-02 13:12:28.938 18645 18645 W LayerDrawable: 	at java.lang.reflect.Method.invoke(Native Method)
07-02 13:12:28.938 18645 18645 W LayerDrawable: 	at com.android.internal.os.RuntimeInit$MethodAndArgsCaller.run(RuntimeInit.java:584)
07-02 13:12:28.938 18645 18645 W LayerDrawable: 	at com.android.internal.os.ZygoteInit.main(ZygoteInit.java:1034)
07-02 13:12:29.018 18645 18645 W LayerDrawable: Invalid drawable added to LayerDrawable! Drawable already belongs to another owner but does not expose a constant state.
07-02 13:12:29.018 18645 18645 W LayerDrawable: java.lang.RuntimeException
07-02 13:12:29.018 18645 18645 W LayerDrawable: 	at android.graphics.drawable.LayerDrawable$ChildDrawable.<init>(LayerDrawable.java:1857)
07-02 13:12:29.018 18645 18645 W LayerDrawable: 	at android.graphics.drawable.LayerDrawable$LayerState.<init>(LayerDrawable.java:1977)
07-02 13:12:29.018 18645 18645 W LayerDrawable: 	at android.graphics.drawable.LayerDrawable.createConstantState(LayerDrawable.java:174)
07-02 13:12:29.018 18645 18645 W LayerDrawable: 	at android.graphics.drawable.LayerDrawable.mutate(LayerDrawable.java:1782)
07-02 13:12:29.018 18645 18645 W LayerDrawable: 	at helium314.keyboard.latin.InputView.g(r8-map-id-865cbf3f7792f91869794285d1a272b813804f49fe9b71550b849c93e8b92e17:551)
07-02 13:12:29.018 18645 18645 W LayerDrawable: 	at p7.y.a(r8-map-id-865cbf3f7792f91869794285d1a272b813804f49fe9b71550b849c93e8b92e17:232)
07-02 13:12:29.018 18645 18645 W LayerDrawable: 	at a8.t0.run(r8-map-id-865cbf3f7792f91869794285d1a272b813804f49fe9b71550b849c93e8b92e17:279)
07-02 13:12:29.018 18645 18645 W LayerDrawable: 	at helium314.keyboard.latin.InputView.f(r8-map-id-865cbf3f7792f91869794285d1a272b813804f49fe9b71550b849c93e8b92e17:39)
07-02 13:12:29.018 18645 18645 W LayerDrawable: 	at i7.c0.a(r8-map-id-865cbf3f7792f91869794285d1a272b813804f49fe9b71550b849c93e8b92e17:73)
07-02 13:12:29.018 18645 18645 W LayerDrawable: 	at a8.y0.run(r8-map-id-865cbf3f7792f91869794285d1a272b813804f49fe9b71550b849c93e8b92e17:411)
07-02 13:12:29.018 18645 18645 W LayerDrawable: 	at android.os.Handler.handleCallback(Handler.java:938)
07-02 13:12:29.018 18645 18645 W LayerDrawable: 	at android.os.Handler.dispatchMessage(Handler.java:99)
07-02 13:12:29.018 18645 18645 W LayerDrawable: 	at android.os.Looper.loopOnce(Looper.java:233)
07-02 13:12:29.018 18645 18645 W LayerDrawable: 	at android.os.Looper.loop(Looper.java:344)
07-02 13:12:29.018 18645 18645 W LayerDrawable: 	at android.app.ActivityThread.main(ActivityThread.java:8212)
07-02 13:12:29.018 18645 18645 W LayerDrawable: 	at java.lang.reflect.Method.invoke(Native Method)
07-02 13:12:29.018 18645 18645 W LayerDrawable: 	at com.android.internal.os.RuntimeInit$MethodAndArgsCaller.run(RuntimeInit.java:584)
07-02 13:12:29.018 18645 18645 W LayerDrawable: 	at com.android.internal.os.ZygoteInit.main(ZygoteInit.java:1034)
07-02 13:12:29.097 18645 18645 W Settings: Setting transition_animation_scale has moved from android.provider.Settings.System to android.provider.Settings.Global, returning read-only value.
07-02 13:12:32.582 18645 18717 E BLASTBufferQueue: BLASTBufferItemConsumer::onDisconnect()
07-02 13:12:34.241 18645 18717 E BLASTBufferQueue: BLASTBufferItemConsumer::onDisconnect()


2026-07-02 13:09:44.730448 W i0: Could not load system glide typing library jni_latinimegoogle: dlopen failed: library "libjni_latinimegoogle.so" not found
2026-07-02 13:09:44.747518 I startup: Starting com.vibekey.keyboard version 4.1.183 (4283) on Android 12 (SDK 31)
2026-07-02 13:09:44.752807 I LatinIME: Hardware accelerated drawing: true
2026-07-02 13:09:44.826691 I SymSpellProvider: Detected asset languages: [en]
2026-07-02 13:09:44.827979 I NgramPredictor: Detected bigram asset languages: []
2026-07-02 13:09:44.829257 I RecencyTracker: init loaded 1 language file(s)
2026-07-02 13:09:44.829824 I AdaptiveTouchModel: Loaded touch model: 7 keys
2026-07-02 13:09:44.830759 I ContactsSuggProvider: READ_CONTACTS permission not granted, skipping contacts load
2026-07-02 13:09:44.845622 W u: No editor info for this field. Bug?
2026-07-02 13:09:44.845741 I c: loadSettings
2026-07-02 13:09:44.855162 I p: resetDictionaries, force reloading main dictionary: false
2026-07-02 13:09:44.855921 I VkMultilingual: reset main=pt-BR locales=[pt,fr] count=2
2026-07-02 13:09:44.869501 I NgramPredictor: Detected bigram asset languages: []
2026-07-02 13:09:44.870215 I SymSpellProvider: Detected asset languages: [en]
2026-07-02 13:09:44.870631 I ConsentManager: UMP hydrate skipped: s6.k.getConsentInformation [class android.content.Context]
2026-07-02 13:09:44.871073 I AdManager: AdMob: publisher personalization DISABLED (non-personalized requests)
2026-07-02 13:09:44.931808 I AdManager: MobileAds.initialize scheduled — waiting for SDK + consent before loading ads
