=== VibeKey 4.5.12 (4512) ===

--------- beginning of system
06-23 16:53:03.316 14257 14257 E OplusCustomizeRestrictionManager: sInstance is null, start a new sInstance
06-23 16:54:12.432 14257 16562 E ActivityThread: Failed to find provider info for com.oplus.statistics.provider
06-23 16:54:12.432 14257 16562 E OplusStatistics--: IllegalArgumentException:java.lang.IllegalArgumentException: Unknown URL content://com.oplus.statistics.provider/track_event
06-23 16:56:44.201 14257 16562 E ActivityThread: Failed to find provider info for com.oplus.statistics.provider
06-23 16:56:44.202 14257 16562 E OplusStatistics--: IllegalArgumentException:java.lang.IllegalArgumentException: Unknown URL content://com.oplus.statistics.provider/track_event
06-23 16:57:03.560 14257 16562 E ActivityThread: Failed to find provider info for com.oplus.statistics.provider
06-23 16:57:03.560 14257 16562 E OplusStatistics--: IllegalArgumentException:java.lang.IllegalArgumentException: Unknown URL content://com.oplus.statistics.provider/track_event
06-23 16:57:27.442 14257 16562 E ActivityThread: Failed to find provider info for com.oplus.statistics.provider
06-23 16:57:27.442 14257 16562 E OplusStatistics--: IllegalArgumentException:java.lang.IllegalArgumentException: Unknown URL content://com.oplus.statistics.provider/track_event
06-23 16:57:45.837 14257 16562 E ActivityThread: Failed to find provider info for com.oplus.statistics.provider
06-23 16:57:45.837 14257 16562 E OplusStatistics--: IllegalArgumentException:java.lang.IllegalArgumentException: Unknown URL content://com.oplus.statistics.provider/track_event
06-23 16:58:07.666 14257 16562 E ActivityThread: Failed to find provider info for com.oplus.statistics.provider
06-23 16:58:07.666 14257 16562 E OplusStatistics--: IllegalArgumentException:java.lang.IllegalArgumentException: Unknown URL content://com.oplus.statistics.provider/track_event
06-23 16:58:14.330 26889 26889 E OplusCustomizeRestrictionManager: sInstance is null, start a new sInstance
06-23 16:58:43.881 26889 27456 E ActivityThread: Failed to find provider info for com.oplus.statistics.provider
06-23 16:58:43.882 26889 27456 E OplusStatistics--: IllegalArgumentException:java.lang.IllegalArgumentException: Unknown URL content://com.oplus.statistics.provider/track_event
--------- beginning of main
06-23 16:58:54.849 28600 28600 E ibekey.keyboar: Unknown bits set in runtime_flags: 0x40000000
06-23 16:58:55.166 28600 28600 W f0      : Could not load system glide typing library jni_latinimegoogle: dlopen failed: library "libjni_latinimegoogle.so" not found
06-23 16:58:55.372 28600 28600 W t       : No editor info for this field. Bug?
06-23 16:58:55.396 28600 28600 I VkMultilingual: reset main=pt-BR locales=[pt,fr] count=2
06-23 16:58:55.434 28600 28640 E BinaryDictionary: Dictionary file missing: /data/user/0/com.vibekey.keyboard/files/userunigram.fr-CA.dict
06-23 16:58:55.452 28600 28640 E BinaryDictionary: Dictionary file missing: /data/user/0/com.vibekey.keyboard/files/userunigram.fr-CA.dict
06-23 16:58:55.484 28600 28600 W System  : ClassLoader referenced unknown path: 
06-23 16:58:55.638 28600 28600 E ibekey.keyboar: ofbOpen failed with error=No such file or directory
06-23 16:58:55.638 28600 28600 E ibekey.keyboar: sysOpen failed with error=No such file or directory
06-23 16:58:55.666 28600 28652 W Ads     : Update ad debug logging enablement as false
06-23 16:58:55.688 28600 28621 W FeatureFlagsImplExport: java.lang.NoClassDefFoundError: Class not found using the boot class loader; no stack trace available
06-23 16:58:55.689 28600 28600 E MultiApp.Impl: OplusMultiAppImpl
06-23 16:58:55.760 28600 28600 W libc    : Access denied finding property "ro.vendor.api_level"
06-23 16:58:55.762 28600 28600 W chromium: [WARNING:android_webview/browser/network_service/net_helpers.cc:137] HTTP Cache size is: 20971520
06-23 16:58:55.808 28600 28711 W libc    : Access denied finding property "vendor.camera.aux.packagelist"
06-23 16:58:55.808 28600 28711 W libc    : Access denied finding property "vendor.camera.aux.packagelist"
06-23 16:58:55.808 28600 28667 W libc    : Access denied finding property "vendor.camera.aux.packagelist"
06-23 16:58:55.823 28600 28600 I VkSwipe : ○ gesture canceled
06-23 16:58:55.825 28600 28600 E OplusCustomizeRestrictionManager: sInstance is null, start a new sInstance
06-23 16:58:55.839 28600 28600 I VkEffects: reload anim=fade blur=562px glow=true stickers=true
06-23 16:58:55.847 28600 28623 I VkVibeCards: loaded 1 cards (disk)
06-23 16:58:55.926 28600 28600 I VkTyping: ▶ open restart=false pkg=com.android.launcher inputType=589825
06-23 16:58:56.049 28600 28600 I VkTyping: ▶ suggest+swipe resumed
06-23 16:58:56.125 28600 28688 W cr_media: BLUETOOTH_CONNECT permission is missing.
06-23 16:58:56.126 28600 28688 W cr_media: getBluetoothAdapter() requires BLUETOOTH permission
06-23 16:58:56.126 28600 28688 W cr_media: registerBluetoothIntentsIfNeeded: Requires BLUETOOTH permission
06-23 16:58:56.160 28600 28600 W View    : requestLayout() improperly called by android.widget.LinearLayout{58ada3d V.E...... ......ID 0,1868-1440,2818 #7f0a011b app:id/main_keyboard_frame} during layout: running second layout pass
06-23 16:58:56.253 28600 28702 W AudioCapabilities: Unsupported mime audio/ffmpeg
06-23 16:58:56.253 28600 28702 W VideoCapabilities: Unsupported mime video/ffmpeg
06-23 16:58:56.254 28600 28702 W VideoCapabilities: Unrecognized profile/level 0/3 for video/mpeg2
06-23 16:58:56.254 28600 28702 W VideoCapabilities: Unrecognized profile/level 0/3 for video/mpeg2
06-23 16:58:56.278 28600 28666 E BLASTBufferQueue: BLASTBufferItemConsumer::onDisconnect()
06-23 16:58:56.641 26924 26946 I OnDeviceAssist: warm ok model=qwen2.5-0.5b-instruct-q4_0.gguf ambient=40 chars 0ms
06-23 16:58:57.411 28600 28634 I VkSuggestions: decode typedLen=1 candidates=18 locales=1 9,4ms
06-23 16:58:57.413 28600 28634 I VkSuggestions: strip composing typedLen=1 candidates=19 autocorrect=false top=j locale=pt
06-23 16:58:57.809 28755 28755 E libcrashpad_handler_trampoline.so: createInstance(64bit) : createExtendedFactory
06-23 16:58:57.814 28755 28755 E libcrashpad_handler_trampoline.so: createInstance(64bit) : createExtendedFactory
06-23 16:58:57.814 28755 28755 E libcrashpad_handler_trampoline.so: Opened libinputextensionsimpl.so
06-23 16:58:57.814 28755 28755 E libcrashpad_handler_trampoline.so: Opened libinputextensionsimpl.so
06-23 16:58:57.816 28755 28755 E libcrashpad_handler_trampoline.so: createInstance(64bit) : createExtendedFactory
06-23 16:58:57.817 28755 28755 E libcrashpad_handler_trampoline.so: createInstance(64bit) : createExtendedFactory
06-23 16:58:57.817 28755 28755 E libcrashpad_handler_trampoline.so: Opened libsensorextimpl.so
06-23 16:58:57.817 28755 28755 E libcrashpad_handler_trampoline.so: Opened libsensorextimpl.so
06-23 16:58:58.079 28600 28600 W b       : Suggestion generation timed out
--------- beginning of crash
06-23 16:58:58.094 28600 28634 F libc    : Fatal signal 7 (SIGBUS), code 2 (BUS_ADRERR), fault addr 0x7c0820901d in tid 28634 (d), pid 28600 (ibekey.keyboard)
06-23 16:58:58.244 28758 28758 E DEBUG   : failed to read /proc/uptime: Permission denied
06-23 16:58:58.573 28600 28600 W b       : Suggestion generation timed out
06-23 16:58:59.041 28600 28600 W b       : Suggestion generation timed out
06-23 16:58:59.123 28758 28758 F DEBUG   : Process name is com.vibekey.keyboard, not key_process
06-23 16:58:59.123 28758 28758 F DEBUG   : keyProcess: 0
06-23 16:58:59.123 28758 28758 F DEBUG   : *** *** *** *** *** *** *** *** *** *** *** *** *** *** *** ***
06-23 16:58:59.123 28758 28758 F DEBUG   : Build fingerprint: 'OnePlus/OnePlus7Pro/OnePlus7Pro:12/SKQ1.211113.001/P.202303230244:user/release-keys'
06-23 16:58:59.123 28758 28758 F DEBUG   : Revision: '0'
06-23 16:58:59.123 28758 28758 F DEBUG   : ABI: 'arm64'
06-23 16:58:59.123 28758 28758 F DEBUG   : Timestamp: 2026-06-23 16:58:58.244549935-0400
06-23 16:58:59.123 28758 28758 F DEBUG   : Process uptime: 0s
06-23 16:58:59.123 28758 28758 F DEBUG   : Cmdline: com.vibekey.keyboard
06-23 16:58:59.123 28758 28758 F DEBUG   : pid: 28600, tid: 28634, name: d  >>> com.vibekey.keyboard <<<
06-23 16:58:59.123 28758 28758 F DEBUG   : uid: 10245
06-23 16:58:59.123 28758 28758 F DEBUG   : signal 7 (SIGBUS), code 2 (BUS_ADRERR), fault addr 0x7c0820901d
06-23 16:58:59.123 28758 28758 F DEBUG   :     x0  0000007c0820706c  x1  0000000000001fb1  x2  000000000004a8e8  x3  b400007b7034dfc8
06-23 16:58:59.123 28758 28758 F DEBUG   :     x4  b400007b7034dfb0  x5  0000000000000000  x6  0000007b70a94804  x7  0000007b70a94800
06-23 16:58:59.123 28758 28758 F DEBUG   :     x8  0000007b70a947fc  x9  000000000004a8e7  x10 0000007b70a947f8  x11 0000007b70a94808
06-23 16:58:59.123 28758 28758 F DEBUG   :     x12 0000000000000020  x13 0000000000000001  x14 000000000000001f  x15 0000007c08208fef
06-23 16:58:59.123 28758 28758 F DEBUG   :     x16 0000007aff7eaab0  x17 0000007aff749734  x18 0000007b0b412000  x19 0000007b70a96f80
06-23 16:58:59.123 28758 28758 F DEBUG   :     x20 0000007b70a96f80  x21 0000007b70a947ec  x22 0000007b70a947f0  x23 0000007b70a947f4
06-23 16:58:59.123 28758 28758 F DEBUG   :     x24 0000007b70a947f8  x25 0000007b70a94910  x26 0000007b70a94944  x27 0000000000000001
06-23 16:58:59.123 28758 28758 F DEBUG   :     x28 0000007b70a94ef8  x29 0000007b70a94750
06-23 16:58:59.123 28758 28758 F DEBUG   :     lr  0000007aff74b984  sp  0000007b70a94740  pc  0000007aff7497b0  pst 0000000020000000
06-23 16:58:59.123 28758 28758 F DEBUG   : backtrace:
06-23 16:58:59.123 28758 28758 F DEBUG   :       #00 pc 00000000000b67b0  /data/app/~~0DF4IgLPSS1wav-_PDEUWw==/com.vibekey.keyboard-KM1L1dsdK2c4La2IwTWY2g==/lib/arm64/libjni_latinime.so (latinime::PatriciaTrieReadingUtils::readPtNodeInfo(unsigned char const*, int, int, latinime::DictionaryShortcutsStructurePolicy const*, latinime::DictionaryBigramsStructurePolicy const*, int const*, unsigned char*, int*, int*, int*, int*, int*, int*, int*)+124) (BuildId: f905dbd1a904967a994cf833116e517b05caa863)
06-23 16:58:59.123 28758 28758 F DEBUG   :       #01 pc 00000000000b8980  /data/app/~~0DF4IgLPSS1wav-_PDEUWw==/com.vibekey.keyboard-KM1L1dsdK2c4La2IwTWY2g==/lib/arm64/libjni_latinime.so (latinime::Ver2ParticiaTrieNodeReader::fetchPtNodeParamsInBufferFromPtNodePos(int) const+140) (BuildId: f905dbd1a904967a994cf833116e517b05caa863)
06-23 16:58:59.123 28758 28758 F DEBUG   :       #02 pc 00000000000b4b74  /data/app/~~0DF4IgLPSS1wav-_PDEUWw==/com.vibekey.keyboard-KM1L1dsdK2c4La2IwTWY2g==/lib/arm64/libjni_latinime.so (latinime::DynamicPtReadingHelper::getTerminalPtNodePositionOfWord(int const*, unsigned long, bool)+232) (BuildId: f905dbd1a904967a994cf833116e517b05caa863)
06-23 16:58:59.123 28758 28758 F DEBUG   :       #03 pc 00000000000b7324  /data/app/~~0DF4IgLPSS1wav-_PDEUWw==/com.vibekey.keyboard-KM1L1dsdK2c4La2IwTWY2g==/lib/arm64/libjni_latinime.so (latinime::PatriciaTriePolicy::getWordId(latinime::IntArrayView, bool) const+184) (BuildId: f905dbd1a904967a994cf833116e517b05caa863)
06-23 16:58:59.123 28758 28758 F DEBUG   :       #04 pc 00000000000a7d54  /data/app/~~0DF4IgLPSS1wav-_PDEUWw==/com.vibekey.keyboard-KM1L1dsdK2c4La2IwTWY2g==/lib/arm64/libjni_latinime.so (latinime::NgramContext::getWordId(latinime::DictionaryStructureWithBufferPolicy const*, int const*, int, bool, bool)+232) (BuildId: f905dbd1a904967a994cf833116e517b05caa863)
06-23 16:58:59.123 28758 28758 F DEBUG   :       #05 pc 00000000000d337c  /data/app/~~0DF4IgLPSS1wav-_PDEUWw==/com.vibekey.keyboard-KM1L1dsdK2c4La2IwTWY2g==/lib/arm64/libjni_latinime.so (latinime::DicTraverseSession::init(latinime::Dictionary const*, latinime::NgramContext const*, latinime::SuggestOptions const*)+124) (BuildId: f905dbd1a904967a994cf833116e517b05caa863)
06-23 16:58:59.123 28758 28758 F DEBUG   :       #06 pc 00000000000c8bd0  /data/app/~~0DF4IgLPSS1wav-_PDEUWw==/com.vibekey.keyboard-KM1L1dsdK2c4La2IwTWY2g==/lib/arm64/libjni_latinime.so (latinime::Dictionary::getSuggestions(latinime::ProximityInfo*, latinime::DicTraverseSession*, int*, int*, int*, int*, int*, int, latinime::NgramContext const*, latinime::SuggestOptions const*, float, latinime::SuggestionResults*) const+104) (BuildId: f905dbd1a904967a994cf833116e517b05caa863)
06-23 16:58:59.123 28758 28758 F DEBUG   :       #07 pc 000000000009fd88  /data/app/~~0DF4IgLPSS1wav-_PDEUWw==/com.vibekey.keyboard-KM1L1dsdK2c4La2IwTWY2g==/lib/arm64/libjni_latinime.so (BuildId: f905dbd1a904967a994cf833116e517b05caa863)
06-23 16:58:59.123 28758 28758 F DEBUG   :       #08 pc 00000000002b03a0  /apex/com.android.art/lib64/libart.so (art_quick_generic_jni_trampoline+144) (BuildId: 1f156fc62660d075a8d675db850b95d5)
06-23 16:58:59.123 28758 28758 F DEBUG   :       #09 pc 000000000072c828  /apex/com.android.art/lib64/libart.so (nterp_helper+1944) (BuildId: 1f156fc62660d075a8d675db850b95d5)
06-23 16:58:59.123 28758 28758 F DEBUG   :       #10 pc 000000000022880e  /data/app/~~0DF4IgLPSS1wav-_PDEUWw==/com.vibekey.keyboard-KM1L1dsdK2c4La2IwTWY2g==/oat/arm64/base.vdex (com.android.inputmethod.latin.BinaryDictionary.r+706)
06-23 16:58:59.123 28758 28758 F DEBUG   :       #11 pc 000000000072cb98  /apex/com.android.art/lib64/libart.so (nterp_helper+2824) (BuildId: 1f156fc62660d075a8d675db850b95d5)
06-23 16:58:59.123 28758 28758 F DEBUG   :       #12 pc 0000000000228506  /data/app/~~0DF4IgLPSS1wav-_PDEUWw==/com.vibekey.keyboard-KM1L1dsdK2c4La2IwTWY2g==/oat/arm64/base.vdex (com.android.inputmethod.latin.BinaryDictionary.c+2)
06-23 16:58:59.123 28758 28758 F DEBUG   :       #13 pc 000000000072cb98  /apex/com.android.art/lib64/libart.so (nterp_helper+2824) (BuildId: 1f156fc62660d075a8d675db850b95d5)
06-23 16:58:59.123 28758 28758 F DEBUG   :       #14 pc 0000000000ae820a  /data/app/~~0DF4IgLPSS1wav-_PDEUWw==/com.vibekey.keyboard-KM1L1dsdK2c4La2IwTWY2g==/oat/arm64/base.vdex (v7.l.c+50)
06-23 16:58:59.123 28758 28758 F DEBUG   :       #15 pc 000000000072cb98  /apex/com.android.art/lib64/libart.so (nterp_helper+2824) (BuildId: 1f156fc62660d075a8d675db850b95d5)
06-23 16:58:59.123 28758 28758 F DEBUG   :       #16 pc 0000000000ae726e  /data/app/~~0DF4IgLPSS1wav-_PDEUWw==/com.vibekey.keyboard-KM1L1dsdK2c4La2IwTWY2g==/oat/arm64/base.vdex (v7.d.c+70)
06-23 16:58:59.123 28758 28758 F DEBUG   :       #17 pc 000000000072cb98  /apex/com.android.art/lib64/libart.so (nterp_helper+2824) (BuildId: 1f156fc62660d075a8d675db850b95d5)
06-23 16:58:59.123 28758 28758 F DEBUG   :       #18 pc 00000000005b5432  /data/app/~~0DF4IgLPSS1wav-_PDEUWw==/com.vibekey.keyboard-KM1L1dsdK2c4La2IwTWY2g==/oat/arm64/base.vdex (p7.o.k+374)
06-23 16:58:59.123 28758 28758 F DEBUG   :       #19 pc 000000000072cb98  /apex/com.android.art/lib64/libart.so (nterp_helper+2824) (BuildId: 1f156fc62660d075a8d675db850b95d5)
06-23 16:58:59.123 28758 28758 F DEBUG   :       #20 pc 00000000005b4d4a  /data/app/~~0DF4IgLPSS1wav-_PDEUWw==/com.vibekey.keyboard-KM1L1dsdK2c4La2IwTWY2g==/oat/arm64/base.vdex (p7.o.j+326)
06-23 16:58:59.123 28758 28758 F DEBUG   :       #21 pc 000000000072cb98  /apex/com.android.art/lib64/libart.so (nterp_helper+2824) (BuildId: 1f156fc62660d075a8d675db850b95d5)
06-23 16:58:59.123 28758 28758 F DEBUG   :       #22 pc 00000000005b4bba  /data/app/~~0DF4IgLPSS1wav-_PDEUWw==/com.vibekey.keyboard-KM1L1dsdK2c4La2IwTWY2g==/oat/arm64/base.vdex (p7.o.i+146)
06-23 16:58:59.123 28758 28758 F DEBUG   :       #23 pc 000000000072cb98  /apex/com.android.art/lib64/libart.so (nterp_helper+2824) (BuildId: 1f156fc62660d075a8d675db850b95d5)
06-23 16:58:59.123 28758 28758 F DEBUG   :       #24 pc 00000000005bd9b8  /data/app/~~0DF4IgLPSS1wav-_PDEUWw==/com.vibekey.keyboard-KM1L1dsdK2c4La2IwTWY2g==/oat/arm64/base.vdex (p7.i1.c+256)
06-23 16:58:59.123 28758 28758 F DEBUG   :       #25 pc 000000000072cb98  /apex/com.android.art/lib64/libart.so (nterp_helper+2824) (BuildId: 1f156fc62660d075a8d675db850b95d5)
06-23 16:58:59.123 28758 28758 F DEBUG   :       #26 pc 00000000005bd840  /data/app/~~0DF4IgLPSS1wav-_PDEUWw==/com.vibekey.keyboard-KM1L1dsdK2c4La2IwTWY2g==/oat/arm64/base.vdex (p7.i1.b+2688)
06-23 16:58:59.123 28758 28758 F DEBUG   :       #27 pc 000000000072cb98  /apex/com.android.art/lib64/libart.so (nterp_helper+2824) (BuildId: 1f156fc62660d075a8d675db850b95d5)
06-23 16:58:59.123 28758 28758 F DEBUG   :       #28 pc 0000000000aef392  /data/app/~~0DF4IgLPSS1wav-_PDEUWw==/com.vibekey.keyboard-KM1L1dsdK2c4La2IwTWY2g==/oat/arm64/base.vdex (x7.b.m+1482)
06-23 16:58:59.123 28758 28758 F DEBUG   :       #29 pc 000000000072c884  /apex/com.android.art/lib64/libart.so (nterp_helper+2036) (BuildId: 1f156fc62660d075a8d675db850b95d5)
06-23 16:58:59.123 28758 28758 F DEBUG   :       #30 pc 00000000001a3b86  /data/app/~~0DF4IgLPSS1wav-_PDEUWw==/com.vibekey.keyboard-KM1L1dsdK2c4La2IwTWY2g==/oat/arm64/base.vdex (a5.a.run+102)
06-23 16:58:59.123 28758 28758 F DEBUG   :       #31 pc 000000000072c884  /apex/com.android.art/lib64/libart.so (nterp_helper+2036) (BuildId: 1f156fc62660d075a8d675db850b95d5)
06-23 16:58:59.123 28758 28758 F DEBUG   :       #32 pc 0000000000aec1e2  /data/app/~~0DF4IgLPSS1wav-_PDEUWw==/com.vibekey.keyboard-KM1L1dsdK2c4La2IwTWY2g==/oat/arm64/base.vdex (x7.d.handleMessage+66)
06-23 16:58:59.123 28758 28758 F DEBUG   :       #33 pc 000000000205a614  /memfd:jit-zygote-cache (deleted)
06-23 16:59:00.264 28774 28774 E ibekey.keyboar: Unknown bits set in runtime_flags: 0x40000000
06-23 16:59:00.357 28774 28774 W f0      : Could not load system glide typing library jni_latinimegoogle: dlopen failed: library "libjni_latinimegoogle.so" not found
06-23 16:59:00.439 28774 28774 W t       : No editor info for this field. Bug?
06-23 16:59:00.450 28774 28774 I VkMultilingual: reset main=pt-BR locales=[pt,fr] count=2
06-23 16:59:00.470 28774 28814 E BinaryDictionary: Dictionary file missing: /data/user/0/com.vibekey.keyboard/files/userunigram.fr-CA.dict
06-23 16:59:00.479 28774 28774 W System  : ClassLoader referenced unknown path: 
06-23 16:59:00.482 28774 28814 E BinaryDictionary: Dictionary file missing: /data/user/0/com.vibekey.keyboard/files/userunigram.fr-CA.dict
06-23 16:59:00.532 28774 28774 E ibekey.keyboar: ofbOpen failed with error=No such file or directory
06-23 16:59:00.532 28774 28774 E ibekey.keyboar: sysOpen failed with error=No such file or directory
06-23 16:59:00.546 28774 28826 W Ads     : Update ad debug logging enablement as false
06-23 16:59:00.564 28774 28774 E MultiApp.Impl: OplusMultiAppImpl
06-23 16:59:00.614 28774 28853 W libc    : Access denied finding property "ro.vendor.api_level"
06-23 16:59:00.618 28774 28774 W chromium: [WARNING:android_webview/browser/network_service/net_helpers.cc:137] HTTP Cache size is: 20971520
06-23 16:59:00.660 28774 28885 W libc    : Access denied finding property "vendor.camera.aux.packagelist"
06-23 16:59:00.660 28774 28885 W libc    : Access denied finding property "vendor.camera.aux.packagelist"
06-23 16:59:00.661 28774 28841 W libc    : Access denied finding property "vendor.camera.aux.packagelist"
06-23 16:59:00.672 28774 28774 I VkSwipe : ○ gesture canceled
06-23 16:59:00.674 28774 28774 E OplusCustomizeRestrictionManager: sInstance is null, start a new sInstance
06-23 16:59:00.688 28774 28774 I VkEffects: reload anim=fade blur=562px glow=true stickers=true
06-23 16:59:00.693 28774 28797 I VkVibeCards: loaded 1 cards (disk)
06-23 16:59:00.707 28774 28795 W FeatureFlagsImplExport: java.lang.NoClassDefFoundError: Class not found using the boot class loader; no stack trace available
06-23 16:59:00.758 28774 28774 I VkTyping: ▶ open restart=false pkg=com.android.launcher inputType=589825
06-23 16:59:00.811 28774 28774 I VkTyping: ▶ suggest+swipe resumed
06-23 16:59:00.851 28774 28861 W cr_media: BLUETOOTH_CONNECT permission is missing.
06-23 16:59:00.852 28774 28861 W cr_media: getBluetoothAdapter() requires BLUETOOTH permission
06-23 16:59:00.852 28774 28861 W cr_media: registerBluetoothIntentsIfNeeded: Requires BLUETOOTH permission
06-23 16:59:00.873 28774 28774 W View    : requestLayout() improperly called by android.widget.LinearLayout{6283e59 V.E...... ......ID 0,1868-1440,2818 #7f0a011b app:id/main_keyboard_frame} during layout: running second layout pass
06-23 16:59:00.963 28774 28870 W AudioCapabilities: Unsupported mime audio/ffmpeg
06-23 16:59:00.964 28774 28870 W VideoCapabilities: Unsupported mime video/ffmpeg
06-23 16:59:00.964 28774 28870 W VideoCapabilities: Unrecognized profile/level 0/3 for video/mpeg2
06-23 16:59:00.964 28774 28870 W VideoCapabilities: Unrecognized profile/level 0/3 for video/mpeg2
06-23 16:59:01.460 26924 26946 I OnDeviceAssist: warm ok model=qwen2.5-0.5b-instruct-q4_0.gguf ambient=40 chars 0ms
06-23 16:59:01.844 28774 28774 I VkSwipe : ▶ gesture started locale=pt-BR
06-23 16:59:01.856 28774 28808 I VkSuggestions: decode typedLen=0 candidates=18 locales=1 10,7ms
06-23 16:59:02.007 28774 28808 I VkSuggestions: decode typedLen=2 candidates=18 locales=1 9,5ms
06-23 16:59:02.022 28774 28808 W VibeKeyProfiler: Slow Native Suggest: Total=10.05ms | Init=0.05ms | TrieExpand(x16)=9.98ms | Scoring=0.01ms | inputSize=16
06-23 16:59:02.023 28774 28808 I VkSuggestions: decode typedLen=0 candidates=17 locales=1 15,2ms
06-23 16:59:02.256 28774 28808 I VkSuggestions: decode typedLen=2 candidates=18 locales=1 7,4ms
06-23 16:59:02.276 28774 28808 W VibeKeyProfiler: Slow Native Suggest: Total=15.33ms | Init=0.09ms | TrieExpand(x22)=15.23ms | Scoring=0.02ms | inputSize=35
06-23 16:59:02.278 28774 28808 I VkSuggestions: decode typedLen=0 candidates=17 locales=1 21,1ms
06-23 16:59:02.278 28774 28808 W VkSuggestions: slow frame 21,1ms locales=1 typedLen=0 candidates=17
06-23 16:59:02.377 28774 28808 I VkSuggestions: decode typedLen=2 candidates=18 locales=1 11,8ms
06-23 16:59:02.389 28774 28808 I VkSuggestions: decode typedLen=0 candidates=17 locales=1 11,4ms
06-23 16:59:02.511 28774 28808 I VkSuggestions: decode typedLen=4 candidates=18 locales=1 10,7ms
06-23 16:59:02.521 28774 28808 I VkSuggestions: decode typedLen=0 candidates=17 locales=1 9,9ms
06-23 16:59:02.703 28774 28808 I VkSuggestions: decode typedLen=4 candidates=18 locales=1 7,6ms
06-23 16:59:02.732 28774 28808 W VibeKeyProfiler: Slow Native Suggest: Total=24.67ms | Init=0.10ms | TrieExpand(x39)=24.55ms | Scoring=0.03ms | inputSize=59
06-23 16:59:02.733 28774 28808 I VkSuggestions: decode typedLen=0 candidates=17 locales=1 30,1ms
06-23 16:59:02.734 28774 28808 W VkSuggestions: slow frame 30,1ms locales=1 typedLen=0 candidates=17
06-23 16:59:02.746 28774 28774 I VkSwipe : ✓ gesture points=59 decodedLen=4 candidates=17 top=Jill 902ms
06-23 16:59:03.014 28937 28937 E libcrashpad_handler_trampoline.so: createInstance(64bit) : createExtendedFactory
06-23 16:59:03.015 28937 28937 E libcrashpad_handler_trampoline.so: createInstance(64bit) : createExtendedFactory
06-23 16:59:03.015 28937 28937 E libcrashpad_handler_trampoline.so: Opened libinputextensionsimpl.so
06-23 16:59:03.015 28937 28937 E libcrashpad_handler_trampoline.so: Opened libinputextensionsimpl.so
06-23 16:59:03.016 28937 28937 E libcrashpad_handler_trampoline.so: createInstance(64bit) : createExtendedFactory
06-23 16:59:03.017 28937 28937 E libcrashpad_handler_trampoline.so: createInstance(64bit) : createExtendedFactory
06-23 16:59:03.017 28937 28937 E libcrashpad_handler_trampoline.so: Opened libsensorextimpl.so
06-23 16:59:03.017 28937 28937 E libcrashpad_handler_trampoline.so: Opened libsensorextimpl.so
06-23 16:59:03.098 28774 28774 F libc    : Fatal signal 7 (SIGBUS), code 2 (BUS_ADRERR), fault addr 0x7c082117f9 in tid 28774 (ibekey.keyboard), pid 28774 (ibekey.keyboard)
06-23 16:59:03.180 28940 28940 E DEBUG   : failed to read /proc/uptime: Permission denied
06-23 16:59:03.825 28940 28940 F DEBUG   : Process name is com.vibekey.keyboard, not key_process
06-23 16:59:03.826 28940 28940 F DEBUG   : keyProcess: 0
06-23 16:59:03.826 28940 28940 F DEBUG   : *** *** *** *** *** *** *** *** *** *** *** *** *** *** *** ***
06-23 16:59:03.826 28940 28940 F DEBUG   : Build fingerprint: 'OnePlus/OnePlus7Pro/OnePlus7Pro:12/SKQ1.211113.001/P.202303230244:user/release-keys'
06-23 16:59:03.826 28940 28940 F DEBUG   : Revision: '0'
06-23 16:59:03.826 28940 28940 F DEBUG   : ABI: 'arm64'
06-23 16:59:03.826 28940 28940 F DEBUG   : Timestamp: 2026-06-23 16:59:03.180122485-0400
06-23 16:59:03.826 28940 28940 F DEBUG   : Process uptime: 0s
06-23 16:59:03.826 28940 28940 F DEBUG   : Cmdline: com.vibekey.keyboard
06-23 16:59:03.826 28940 28940 F DEBUG   : pid: 28774, tid: 28774, name: ibekey.keyboard  >>> com.vibekey.keyboard <<<
06-23 16:59:03.826 28940 28940 F DEBUG   : uid: 10245
06-23 16:59:03.826 28940 28940 F DEBUG   : signal 7 (SIGBUS), code 2 (BUS_ADRERR), fault addr 0x7c082117f9
06-23 16:59:03.826 28940 28940 F DEBUG   :     x0  0000007c0820706c  x1  000000000004a8e8  x2  0000007fe25ac794  x3  0000007fe25ac7dc
06-23 16:59:03.826 28940 28940 F DEBUG   :     x4  b400007b6fce8ab0  x5  0000000000000000  x6  0000007fe25ac854  x7  0000007fe25ac710
06-23 16:59:03.826 28940 28940 F DEBUG   :     x8  0000000000000000  x9  000000000004a8e7  x10 000000000000a78d  x11 000000000000a78e
06-23 16:59:03.826 28940 28940 F DEBUG   :     x12 000000000000004a  x13 0000000000000001  x14 000000000000001f  x15 0000007c082072cf
06-23 16:59:03.826 28940 28940 F DEBUG   :     x16 0000007b03df7980  x17 0000007b03d562c8  x18 0000007c31890000  x19 0000007fe25ac7dc
06-23 16:59:03.826 28940 28940 F DEBUG   :     x20 0000007fe25ac7e0  x21 000000000004a8e8  x22 0000007c311dbf80  x23 0000007fe25ac824
06-23 16:59:03.826 28940 28940 F DEBUG   :     x24 0000007c311dbf80  x25 0000007fe25ac820  x26 0000007fe25ac854  x27 0000000000000001
06-23 16:59:03.826 28940 28940 F DEBUG   :     x28 0000007fe25acaf0  x29 0000007fe25ac7a0
06-23 16:59:03.826 28940 28940 F DEBUG   :     lr  0000007b03d58b38  sp  0000007fe25ac790  pc  0000007b03d562f8  pst 0000000020000000
06-23 16:59:03.826 28940 28940 F DEBUG   : backtrace:
06-23 16:59:03.826 28940 28940 F DEBUG   :       #00 pc 00000000000b62f8  /data/app/~~0DF4IgLPSS1wav-_PDEUWw==/com.vibekey.keyboard-KM1L1dsdK2c4La2IwTWY2g==/lib/arm64/libjni_latinime.so (latinime::PatriciaTrieReadingUtils::getPtNodeArraySizeAndAdvancePosition(unsigned char const*, int, int*)+48) (BuildId: f905dbd1a904967a994cf833116e517b05caa863)
06-23 16:59:03.826 28940 28940 F DEBUG   :       #01 pc 00000000000b8b34  /data/app/~~0DF4IgLPSS1wav-_PDEUWw==/com.vibekey.keyboard-KM1L1dsdK2c4La2IwTWY2g==/lib/arm64/libjni_latinime.so (latinime::Ver2PtNodeArrayReader::readPtNodeArrayInfoAndReturnIfValid(int, int*, int*) const+80) (BuildId: f905dbd1a904967a994cf833116e517b05caa863)
06-23 16:59:03.826 28940 28940 F DEBUG   :       #02 pc 00000000000b4ce8  /data/app/~~0DF4IgLPSS1wav-_PDEUWw==/com.vibekey.keyboard-KM1L1dsdK2c4La2IwTWY2g==/lib/arm64/libjni_latinime.so (latinime::DynamicPtReadingHelper::nextPtNodeArray()+68) (BuildId: f905dbd1a904967a994cf833116e517b05caa863)
06-23 16:59:03.826 28940 28940 F DEBUG   :       #03 pc 00000000000b4c3c  /data/app/~~0DF4IgLPSS1wav-_PDEUWw==/com.vibekey.keyboard-KM1L1dsdK2c4La2IwTWY2g==/lib/arm64/libjni_latinime.so (latinime::DynamicPtReadingHelper::getTerminalPtNodePositionOfWord(int const*, unsigned long, bool)+432) (BuildId: f905dbd1a904967a994cf833116e517b05caa863)
06-23 16:59:03.826 28940 28940 F DEBUG   :       #04 pc 00000000000b7324  /data/app/~~0DF4IgLPSS1wav-_PDEUWw==/com.vibekey.keyboard-KM1L1dsdK2c4La2IwTWY2g==/lib/arm64/libjni_latinime.so (latinime::PatriciaTriePolicy::getWordId(latinime::IntArrayView, bool) const+184) (BuildId: f905dbd1a904967a994cf833116e517b05caa863)
06-23 16:59:03.826 28940 28940 F DEBUG   :       #05 pc 00000000000c8ecc  /data/app/~~0DF4IgLPSS1wav-_PDEUWw==/com.vibekey.keyboard-KM1L1dsdK2c4La2IwTWY2g==/lib/arm64/libjni_latinime.so (latinime::Dictionary::getProbability(latinime::IntArrayView) const+56) (BuildId: f905dbd1a904967a994cf833116e517b05caa863)
06-23 16:59:03.826 28940 28940 F DEBUG   :       #06 pc 000000000009ff04  /data/app/~~0DF4IgLPSS1wav-_PDEUWw==/com.vibekey.keyboard-KM1L1dsdK2c4La2IwTWY2g==/lib/arm64/libjni_latinime.so (BuildId: f905dbd1a904967a994cf833116e517b05caa863)
06-23 16:59:03.826 28940 28940 F DEBUG   :       #07 pc 00000000002b03a0  /apex/com.android.art/lib64/libart.so (art_quick_generic_jni_trampoline+144) (BuildId: 1f156fc62660d075a8d675db850b95d5)
06-23 16:59:03.826 28940 28940 F DEBUG   :       #08 pc 000000000072c39c  /apex/com.android.art/lib64/libart.so (nterp_helper+780) (BuildId: 1f156fc62660d075a8d675db850b95d5)
06-23 16:59:03.826 28940 28940 F DEBUG   :       #09 pc 00000000002284dc  /data/app/~~0DF4IgLPSS1wav-_PDEUWw==/com.vibekey.keyboard-KM1L1dsdK2c4La2IwTWY2g==/oat/arm64/base.vdex (com.android.inputmethod.latin.BinaryDictionary.b+60)
06-23 16:59:03.826 28940 28940 F DEBUG   :       #10 pc 000000000072c884  /apex/com.android.art/lib64/libart.so (nterp_helper+2036) (BuildId: 1f156fc62660d075a8d675db850b95d5)
06-23 16:59:03.826 28940 28940 F DEBUG   :       #11 pc 0000000000ae818c  /data/app/~~0DF4IgLPSS1wav-_PDEUWw==/com.vibekey.keyboard-KM1L1dsdK2c4La2IwTWY2g==/oat/arm64/base.vdex (v7.l.b+28)
06-23 16:59:03.826 28940 28940 F DEBUG   :       #12 pc 000000000072c884  /apex/com.android.art/lib64/libart.so (nterp_helper+2036) (BuildId: 1f156fc62660d075a8d675db850b95d5)
06-23 16:59:03.826 28940 28940 F DEBUG   :       #13 pc 0000000000ae71fe  /data/app/~~0DF4IgLPSS1wav-_PDEUWw==/com.vibekey.keyboard-KM1L1dsdK2c4La2IwTWY2g==/oat/arm64/base.vdex (v7.d.b+34)
06-23 16:59:03.826 28940 28940 F DEBUG   :       #14 pc 000000000072c884  /apex/com.android.art/lib64/libart.so (nterp_helper+2036) (BuildId: 1f156fc62660d075a8d675db850b95d5)
06-23 16:59:03.826 28940 28940 F DEBUG   :       #15 pc 00000000005b6036  /data/app/~~0DF4IgLPSS1wav-_PDEUWw==/com.vibekey.keyboard-KM1L1dsdK2c4La2IwTWY2g==/oat/arm64/base.vdex (p7.o.b+38)
06-23 16:59:03.826 28940 28940 F DEBUG   :       #16 pc 000000000072cb98  /apex/com.android.art/lib64/libart.so (nterp_helper+2824) (BuildId: 1f156fc62660d075a8d675db850b95d5)
06-23 16:59:03.826 28940 28940 F DEBUG   :       #17 pc 00000000005b5ec4  /data/app/~~0DF4IgLPSS1wav-_PDEUWw==/com.vibekey.keyboard-KM1L1dsdK2c4La2IwTWY2g==/oat/arm64/base.vdex (p7.o.a+2004)
06-23 16:59:03.826 28940 28940 F DEBUG   :       #18 pc 000000000072cb98  /apex/com.android.art/lib64/libart.so (nterp_helper+2824) (BuildId: 1f156fc62660d075a8d675db850b95d5)
06-23 16:59:03.826 28940 28940 F DEBUG   :       #19 pc 0000000000af0a8a  /data/app/~~0DF4IgLPSS1wav-_PDEUWw==/com.vibekey.keyboard-KM1L1dsdK2c4La2IwTWY2g==/oat/arm64/base.vdex (x7.b.y+254)
06-23 16:59:03.826 28940 28940 F DEBUG   :       #20 pc 000000000072c884  /apex/com.android.art/lib64/libart.so (nterp_helper+2036) (BuildId: 1f156fc62660d075a8d675db850b95d5)
06-23 16:59:03.826 28940 28940 F DEBUG   :       #21 pc 0000000000aee926  /data/app/~~0DF4IgLPSS1wav-_PDEUWw==/com.vibekey.keyboard-KM1L1dsdK2c4La2IwTWY2g==/oat/arm64/base.vdex (x7.b.b+442)
06-23 16:59:03.826 28940 28940 F DEBUG   :       #22 pc 000000000072c884  /apex/com.android.art/lib64/libart.so (nterp_helper+2036) (BuildId: 1f156fc62660d075a8d675db850b95d5)
06-23 16:59:03.826 28940 28940 F DEBUG   :       #23 pc 0000000000aeec94  /data/app/~~0DF4IgLPSS1wav-_PDEUWw==/com.vibekey.keyboard-KM1L1dsdK2c4La2IwTWY2g==/oat/arm64/base.vdex (x7.b.d+44)
06-23 16:59:03.826 28940 28940 F DEBUG   :       #24 pc 000000000072c884  /apex/com.android.art/lib64/libart.so (nterp_helper+2036) (BuildId: 1f156fc62660d075a8d675db850b95d5)
06-23 16:59:03.826 28940 28940 F DEBUG   :       #25 pc 0000000000aefe84  /data/app/~~0DF4IgLPSS1wav-_PDEUWw==/com.vibekey.keyboard-KM1L1dsdK2c4La2IwTWY2g==/oat/arm64/base.vdex (x7.b.s+244)
06-23 16:59:03.826 28940 28940 F DEBUG   :       #26 pc 000000000072c884  /apex/com.android.art/lib64/libart.so (nterp_helper+2036) (BuildId: 1f156fc62660d075a8d675db850b95d5)
06-23 16:59:03.826 28940 28940 F DEBUG   :       #27 pc 0000000000aefd76  /data/app/~~0DF4IgLPSS1wav-_PDEUWw==/com.vibekey.keyboard-KM1L1dsdK2c4La2IwTWY2g==/oat/arm64/base.vdex (x7.b.r+78)
06-23 16:59:03.826 28940 28940 F DEBUG   :       #28 pc 000000000072c884  /apex/com.android.art/lib64/libart.so (nterp_helper+2036) (BuildId: 1f156fc62660d075a8d675db850b95d5)
06-23 16:59:03.826 28940 28940 F DEBUG   :       #29 pc 0000000000aeda78  /data/app/~~0DF4IgLPSS1wav-_PDEUWw==/com.vibekey.keyboard-KM1L1dsdK2c4La2IwTWY2g==/oat/arm64/base.vdex (x7.b.v+4956)
06-23 16:59:03.826 28940 28940 F DEBUG   :       #30 pc 000000000072cb98  /apex/com.android.art/lib64/libart.so (nterp_helper+2824) (BuildId: 1f156fc62660d075a8d675db850b95d5)
06-23 16:59:03.826 28940 28940 F DEBUG   :       #31 pc 00000000005249fa  /data/app/~~0DF4IgLPSS1wav-_PDEUWw==/com.vibekey.keyboard-KM1L1dsdK2c4La2IwTWY2g==/oat/arm64/base.vdex (helium314.keyboard.latin.LatinIME.m+70)
06-23 16:59:03.826 28940 28940 F DEBUG   :       #32 pc 000000000072c884  /apex/com.android.art/lib64/libart.so (nterp_helper+2036) (BuildId: 1f156fc62660d075a8d675db850b95d5)
06-23 16:59:03.826 28940 28940 F DEBUG   :       #33 pc 00000000005568d6  /data/app/~~0DF4IgLPSS1wav-_PDEUWw==/com.vibekey.keyboard-KM1L1dsdK2c4La2IwTWY2g==/oat/arm64/base.vdex (i7.m.a+522)
06-23 16:59:03.826 28940 28940 F DEBUG   :       #34 pc 000000000072cb3c  /apex/com.android.art/lib64/libart.so (nterp_helper+2732) (BuildId: 1f156fc62660d075a8d675db850b95d5)
06-23 16:59:03.826 28940 28940 F DEBUG   :       #35 pc 0000000000564f34  /data/app/~~0DF4IgLPSS1wav-_PDEUWw==/com.vibekey.keyboard-KM1L1dsdK2c4La2IwTWY2g==/oat/arm64/base.vdex (i7.k0.a+476)
06-23 16:59:03.826 28940 28940 F DEBUG   :       #36 pc 000000000072cb98  /apex/com.android.art/lib64/libart.so (nterp_helper+2824) (BuildId: 1f156fc62660d075a8d675db850b95d5)
06-23 16:59:03.826 28940 28940 F DEBUG   :       #37 pc 0000000000565aa2  /data/app/~~0DF4IgLPSS1wav-_PDEUWw==/com.vibekey.keyboard-KM1L1dsdK2c4La2IwTWY2g==/oat/arm64/base.vdex (i7.k0.q+454)
06-23 16:59:03.826 28940 28940 F DEBUG   :       #38 pc 000000000072c884  /apex/com.android.art/lib64/libart.so (nterp_helper+2036) (BuildId: 1f156fc62660d075a8d675db850b95d5)
06-23 16:59:03.826 28940 28940 F DEBUG   :       #39 pc 00000000005658ae  /data/app/~~0DF4IgLPSS1wav-_PDEUWw==/com.vibekey.keyboard-KM1L1dsdK2c4La2IwTWY2g==/oat/arm64/base.vdex (i7.k0.p+302)
06-23 16:59:03.826 28940 28940 F DEBUG   :       #40 pc 000000000072c884  /apex/com.android.art/lib64/libart.so (nterp_helper+2036) (BuildId: 1f156fc62660d075a8d675db850b95d5)
06-23 16:59:03.826 28940 28940 F DEBUG   :       #41 pc 00000000005662c2  /data/app/~~0DF4IgLPSS1wav-_PDEUWw==/com.vibekey.keyboard-KM1L1dsdK2c4La2IwTWY2g==/oat/arm64/base.vdex (i7.k0.s+1890)
06-23 16:59:03.826 28940 28940 F DEBUG   :       #42 pc 000000000072c884  /apex/com.android.art/lib64/libart.so (nterp_helper+2036) (BuildId: 1f156fc62660d075a8d675db850b95d5)
06-23 16:59:03.826 28940 28940 F DEBUG   :       #43 pc 000000000051a67a  /data/app/~~0DF4IgLPSS1wav-_PDEUWw==/com.vibekey.keyboard-KM1L1dsdK2c4La2IwTWY2g==/oat/arm64/base.vdex (helium314.keyboard.keyboard.MainKeyboardView.onTouchEvent+486)
06-23 16:59:03.826 28940 28940 F DEBUG   :       #44 pc 0000000002ae8bcc  /memfd:jit-zygote-cache (deleted)
06-23 16:59:10.235 29077 29077 E ibekey.keyboar: Unknown bits set in runtime_flags: 0x40000000
06-23 16:59:10.339 29077 29077 W f0      : Could not load system glide typing library jni_latinimegoogle: dlopen failed: library "libjni_latinimegoogle.so" not found
06-23 16:59:10.421 29077 29077 W t       : No editor info for this field. Bug?
06-23 16:59:10.430 29077 29077 I VkMultilingual: reset main=pt-BR locales=[pt,fr] count=2
06-23 16:59:10.446 29077 29117 E BinaryDictionary: Dictionary file missing: /data/user/0/com.vibekey.keyboard/files/userunigram.fr-CA.dict
06-23 16:59:10.455 29077 29117 E BinaryDictionary: Dictionary file missing: /data/user/0/com.vibekey.keyboard/files/userunigram.fr-CA.dict
06-23 16:59:10.468 29077 29077 W System  : ClassLoader referenced unknown path: 
06-23 16:59:10.520 29077 29077 E ibekey.keyboar: ofbOpen failed with error=No such file or directory
06-23 16:59:10.520 29077 29077 E ibekey.keyboar: sysOpen failed with error=No such file or directory
06-23 16:59:10.534 29077 29129 W Ads     : Update ad debug logging enablement as false
06-23 16:59:10.553 29077 29077 E MultiApp.Impl: OplusMultiAppImpl
06-23 16:59:10.607 29077 29166 W libc    : Access denied finding property "ro.vendor.api_level"
06-23 16:59:10.611 29077 29077 W chromium: [WARNING:android_webview/browser/network_service/net_helpers.cc:137] HTTP Cache size is: 20971520
06-23 16:59:10.640 29077 29099 W FeatureFlagsImplExport: java.lang.NoClassDefFoundError: Class not found using the boot class loader; no stack trace available
06-23 16:59:10.662 29077 29187 W libc    : Access denied finding property "vendor.camera.aux.packagelist"
06-23 16:59:10.663 29077 29187 W libc    : Access denied finding property "vendor.camera.aux.packagelist"
06-23 16:59:10.663 29077 29090 W libc    : Access denied finding property "vendor.camera.aux.packagelist"
06-23 16:59:10.667 29077 29077 I VkSwipe : ○ gesture canceled
06-23 16:59:10.669 29077 29077 E OplusCustomizeRestrictionManager: sInstance is null, start a new sInstance
06-23 16:59:10.682 29077 29077 I VkEffects: reload anim=fade blur=562px glow=true stickers=true
06-23 16:59:10.688 29077 29102 I VkVibeCards: loaded 1 cards (disk)
06-23 16:59:10.763 29077 29077 I VkTyping: ▶ open restart=false pkg=com.android.launcher inputType=589825
06-23 16:59:10.861 29077 29077 I VkTyping: ▶ suggest+swipe resumed
06-23 16:59:10.963 29077 29077 W View    : requestLayout() improperly called by android.widget.LinearLayout{b372c21 V.E...... ......ID 0,1868-1440,2818 #7f0a011b app:id/main_keyboard_frame} during layout: running second layout pass
06-23 16:59:11.029 29077 29164 W cr_media: BLUETOOTH_CONNECT permission is missing.
06-23 16:59:11.029 29077 29164 W cr_media: getBluetoothAdapter() requires BLUETOOTH permission
06-23 16:59:11.029 29077 29164 W cr_media: registerBluetoothIntentsIfNeeded: Requires BLUETOOTH permission
06-23 16:59:11.123 29077 29173 W AudioCapabilities: Unsupported mime audio/ffmpeg
06-23 16:59:11.125 29077 29173 W VideoCapabilities: Unsupported mime video/ffmpeg
06-23 16:59:11.125 29077 29173 W VideoCapabilities: Unrecognized profile/level 0/3 for video/mpeg2
06-23 16:59:11.125 29077 29173 W VideoCapabilities: Unrecognized profile/level 0/3 for video/mpeg2
06-23 16:59:11.460 26924 26946 I OnDeviceAssist: warm ok model=qwen2.5-0.5b-instruct-q4_0.gguf ambient=40 chars 0ms
06-23 16:59:12.039 29077 29077 I VkSwipe : ▶ gesture started locale=pt-BR
06-23 16:59:12.044 29077 29111 E BinaryDictionary: BinaryDictionary (/data/user/0/com.vibekey.keyboard/files/dicts/pt-BR/emoji.dict) is corrupted.
06-23 16:59:12.044 29077 29111 E BinaryDictionary: locale: pt_BR
06-23 16:59:12.044 29077 29111 E BinaryDictionary: dict size: 261648
06-23 16:59:12.044 29077 29111 E BinaryDictionary: updatable: false
06-23 16:59:12.044 29077 29111 E BinaryDictionary: Quarantining corrupt dictionary: /data/user/0/com.vibekey.keyboard/files/dicts/pt-BR/emoji.dict locale=pt_BR
06-23 16:59:12.049 29077 29111 I VkSuggestions: decode typedLen=0 candidates=18 locales=1 8,1ms
06-23 16:59:12.164 29077 29111 I VkSuggestions: decode typedLen=2 candidates=18 locales=1 4,0ms
06-23 16:59:12.174 29077 29111 W VibeKeyProfiler: Slow Native Suggest: Total=9.29ms | Init=0.11ms | TrieExpand(x14)=9.17ms | Scoring=0.01ms | inputSize=14
06-23 16:59:12.466 29077 29111 I VkSuggestions: decode typedLen=3 candidates=18 locales=1 4,9ms
06-23 16:59:12.475 29077 29111 W VibeKeyProfiler: Slow Native Suggest: Total=8.64ms | Init=0.23ms | TrieExpand(x7)=8.39ms | Scoring=0.02ms | inputSize=34
06-23 16:59:12.681 29077 29111 I VkSuggestions: decode typedLen=2 candidates=18 locales=1 4,4ms
06-23 16:59:12.697 29077 29111 W VibeKeyProfiler: Slow Native Suggest: Total=15.12ms | Init=0.21ms | TrieExpand(x19)=14.89ms | Scoring=0.02ms | inputSize=47
06-23 16:59:12.915 29077 29111 I VkSuggestions: decode typedLen=3 candidates=18 locales=1 2,7ms
06-23 16:59:12.928 29077 29111 W VibeKeyProfiler: Slow Native Suggest: Total=12.69ms | Init=0.30ms | TrieExpand(x19)=12.38ms | Scoring=0.02ms | inputSize=65
06-23 16:59:13.206 29077 29111 I VkSuggestions: decode typedLen=1 candidates=18 locales=1 4,1ms
06-23 16:59:13.207 29077 29111 I VkSuggestions: strip composing typedLen=1 candidates=19 autocorrect=false top=d locale=pt
06-23 16:59:13.435 29077 29111 I VkSuggestions: decode typedLen=2 candidates=18 locales=1 3,3ms
06-23 16:59:13.436 29077 29111 I VkSuggestions: strip composing typedLen=2 candidates=18 autocorrect=false top=du locale=pt
06-23 16:59:13.616 29077 29111 I VkSuggestions: decode typedLen=3 candidates=18 locales=1 3,2ms
06-23 16:59:13.617 29077 29111 I VkSuggestions: strip composing typedLen=3 candidates=17 autocorrect=false top=duu locale=pt
06-23 16:59:13.800 29077 29111 I VkSuggestions: decode typedLen=4 candidates=18 locales=1 3,2ms
06-23 16:59:13.801 29077 29111 I VkSuggestions: strip composing typedLen=4 candidates=19 autocorrect=false top=duuh locale=pt
06-23 16:59:14.071 29077 29111 I VkSuggestions: decode typedLen=6 candidates=18 locales=1 3,0ms
06-23 16:59:14.072 29077 29111 I VkSuggestions: strip composing typedLen=6 candidates=19 autocorrect=false top=duuhdj locale=pt
06-23 16:59:14.262 29077 29111 I VkSuggestions: decode typedLen=7 candidates=18 locales=1 2,4ms
06-23 16:59:14.263 29077 29111 I VkSuggestions: strip composing typedLen=7 candidates=19 autocorrect=false top=duuhdjj locale=pt
06-23 16:59:14.412 29077 29111 I VkSuggestions: decode typedLen=8 candidates=18 locales=1 2,2ms
06-23 16:59:14.413 29077 29111 I VkSuggestions: strip composing typedLen=8 candidates=19 autocorrect=false top=duuhdjjd locale=pt
06-23 16:59:14.575 29077 29111 I VkSuggestions: decode typedLen=9 candidates=18 locales=1 4,4ms
06-23 16:59:14.578 29077 29111 I VkSuggestions: strip composing typedLen=9 candidates=18 autocorrect=false top=duuhdjjdu locale=pt
06-23 16:59:14.801 29077 29111 I VkSuggestions: decode typedLen=10 candidates=18 locales=1 7,5ms
06-23 16:59:14.805 29077 29111 I VkSuggestions: strip composing typedLen=10 candidates=19 autocorrect=false top=duuhdjjdud locale=pt
06-23 16:59:16.485 29077 29077 I VkSwipe : ▶ gesture started locale=pt-BR
06-23 16:59:16.491 29077 29111 I VkSuggestions: decode typedLen=0 candidates=18 locales=1 4,6ms
06-23 16:59:16.627 29077 29111 I VkSuggestions: decode typedLen=2 candidates=18 locales=1 4,5ms
06-23 16:59:16.644 29077 29111 W VibeKeyProfiler: Slow Native Suggest: Total=15.74ms | Init=0.12ms | TrieExpand(x17)=15.58ms | Scoring=0.03ms | inputSize=17
06-23 16:59:16.644 29077 29111 W VkSuggestions: slow frame 16,5ms locales=1 typedLen=0 candidates=0
06-23 16:59:16.874 29077 29111 I VkSuggestions: decode typedLen=3 candidates=18 locales=1 1,8ms
06-23 16:59:16.890 29077 29111 W VibeKeyProfiler: Slow Native Suggest: Total=14.88ms | Init=0.16ms | TrieExpand(x19)=14.69ms | Scoring=0.03ms | inputSize=34
06-23 16:59:16.933 29077 29077 I VkSwipe : ✓ gesture points=34 decodedLen=3 candidates=18 top=JFK 447ms
06-23 16:59:17.924 29077 29077 I VkPanels: ▶ open browser
06-23 16:59:17.924 29077 29077 I VkSwipe : ○ gesture canceled
06-23 16:59:17.924 29077 29077 I VkTyping: ○ suggest+swipe suspended (browser/theme)
06-23 16:59:17.935 29077 29077 W View    : requestLayout() improperly called by android.widget.FrameLayout{c4f5aa3 V.E...... ......ID 0,1625-1440,1805 #7f0a0087 app:id/browser_nav_footer_float} during layout: running second layout pass
06-23 16:59:17.936 29077 29077 I VkBrowser: ▶ panel open incognito=false tabs=0 queryLen=0
06-23 16:59:17.958 29077 29243 W Settings: Setting animator_duration_scale has moved from android.provider.Settings.System to android.provider.Settings.Global, returning read-only global URI.
06-23 16:59:17.962 29077 29077 E GeckoView: Failed to attach WindowInsetsListener: 
06-23 16:59:17.962 29077 29077 E GeckoView: java.lang.NullPointerException: Attempt to invoke virtual method 'android.view.Window android.app.Activity.getWindow()' on a null object reference
06-23 16:59:17.962 29077 29077 E GeckoView: 	at org.mozilla.geckoview.GeckoView.attachWindowInsetsListener(r8-map-id-1b54dd0709a333e3f9503c255c2c1e079c35bd42e37311a4527d84e179c11d53:1)
06-23 16:59:17.962 29077 29077 E GeckoView: 	at org.mozilla.geckoview.GeckoView.onAttachedToWindow(r8-map-id-1b54dd0709a333e3f9503c255c2c1e079c35bd42e37311a4527d84e179c11d53:49)
06-23 16:59:17.962 29077 29077 E GeckoView: 	at helium314.keyboard.latin.panels.ImeGeckoView.onAttachedToWindow(r8-map-id-1b54dd0709a333e3f9503c255c2c1e079c35bd42e37311a4527d84e179c11d53:4)
06-23 16:59:17.962 29077 29077 E GeckoView: 	at android.view.View.dispatchAttachedToWindow(View.java:20900)
06-23 16:59:17.962 29077 29077 E GeckoView: 	at android.view.ViewGroup.dispatchAttachedToWindow(ViewGroup.java:3539)
06-23 16:59:17.962 29077 29077 E GeckoView: 	at android.view.ViewGroup.addViewInner(ViewGroup.java:5378)
06-23 16:59:17.962 29077 29077 E GeckoView: 	at android.view.ViewGroup.addView(ViewGroup.java:5156)
06-23 16:59:17.962 29077 29077 E GeckoView: 	at android.view.ViewGroup.addView(ViewGroup.java:5096)
06-23 16:59:17.962 29077 29077 E GeckoView: 	at helium314.keyboard.latin.panels.BrowserPanelView.Z(r8-map-id-1b54dd0709a333e3f9503c255c2c1e079c35bd42e37311a4527d84e179c11d53:375)
06-23 16:59:17.962 29077 29077 E GeckoView: 	at helium314.keyboard.latin.panels.BrowserPanelView.H0(r8-map-id-1b54dd0709a333e3f9503c255c2c1e079c35bd42e37311a4527d84e179c11d53:225)
06-23 16:59:17.962 29077 29077 E GeckoView: 	at c5.s.run(r8-map-id-1b54dd0709a333e3f9503c255c2c1e079c35bd42e37311a4527d84e179c11d53:622)
06-23 16:59:17.962 29077 29077 E GeckoView: 	at i7.z.onGlobalLayout(r8-map-id-1b54dd0709a333e3f9503c255c2c1e079c35bd42e37311a4527d84e179c11d53:8)
06-23 16:59:17.962 29077 29077 E GeckoView: 	at android.view.ViewTreeObserver.dispatchOnGlobalLayout(ViewTreeObserver.java:1061)
06-23 16:59:17.962 29077 29077 E GeckoView: 	at android.view.ViewRootImpl.performTraversals(ViewRootImpl.java:3407)
06-23 16:59:17.962 29077 29077 E GeckoView: 	at android.view.ViewRootImpl.doTraversal(ViewRootImpl.java:2305)
06-23 16:59:17.962 29077 29077 E GeckoView: 	at android.view.ViewRootImpl$TraversalRunnable.run(ViewRootImpl.java:9133)
06-23 16:59:17.962 29077 29077 E GeckoView: 	at android.view.Choreographer$CallbackRecord.run(Choreographer.java:1232)
06-23 16:59:17.962 29077 29077 E GeckoView: 	at android.view.Choreographer.doCallbacks(Choreographer.java:1029)
06-23 16:59:17.962 29077 29077 E GeckoView: 	at android.view.Choreographer.doFrame(Choreographer.java:934)
06-23 16:59:17.962 29077 29077 E GeckoView: 	at android.view.Choreographer$FrameDisplayEventReceiver.run(Choreographer.java:1217)
06-23 16:59:17.962 29077 29077 E GeckoView: 	at android.os.Handler.handleCallback(Handler.java:938)
06-23 16:59:17.962 29077 29077 E GeckoView: 	at android.os.Handler.dispatchMessage(Handler.java:99)
06-23 16:59:17.962 29077 29077 E GeckoView: 	at android.os.Looper.loopOnce(Looper.java:233)
06-23 16:59:17.962 29077 29077 E GeckoView: 	at android.os.Looper.loop(Looper.java:344)
06-23 16:59:17.962 29077 29077 E GeckoView: 	at android.app.ActivityThread.main(ActivityThread.java:8212)
06-23 16:59:17.962 29077 29077 E GeckoView: 	at java.lang.reflect.Method.invoke(Native Method)
06-23 16:59:17.962 29077 29077 E GeckoView: 	at com.android.internal.os.RuntimeInit$MethodAndArgsCaller.run(RuntimeInit.java:584)
06-23 16:59:17.962 29077 29077 E GeckoView: 	at com.android.internal.os.ZygoteInit.main(ZygoteInit.java:1034)
06-23 16:59:17.962 29077 29243 E GeckoLibLoad: Load sqlite start
06-23 16:59:17.964 29077 29243 E GeckoLibLoad: Load sqlite done
06-23 16:59:17.964 29077 29243 E GeckoLibLoad: Load nss start
06-23 16:59:17.964 29077 29243 E GeckoLibLoad: Load nss done
06-23 16:59:17.964 29077 29077 I VkSwipe : ○ gesture canceled
06-23 16:59:17.965 29077 29077 I VkSwipe : ○ gesture canceled
06-23 16:59:17.974 29077 29243 E GeckoLibLoad: Loaded libs in 9.708385ms total, 0ms(7ms) user, 9ms(11ms) system, 0(0) faults
06-23 16:59:17.974 29077 29243 W GeckoThread: zerdatime 536387 - runGecko
06-23 16:59:18.006 29077 29077 I VkBrowser: → load host=drudgereport.com
06-23 16:59:18.018 29077 29077 W com.vibekey.keyboard: type=1400 audit(0.0:2497): avc: denied { bind } for comm=4E65746C696E6B204D6F6E69746F72 scontext=u:r:untrusted_app:s0:c245,c256,c512,c768 tcontext=u:r:untrusted_app:s0:c245,c256,c512,c768 tclass=netlink_route_socket permissive=0 bug=b/155595000 app=com.vibekey.keyboard
06-23 16:59:18.041 29077 29243 E ibekey.keyboar: hiddenapi: Accessing hidden field Ljava/lang/Boolean;->value:Z (runtime_flags=0, domain=core-platform, api=max-target-p) from Lorg/mozilla/gecko/GeckoThread; (domain=app, TargetSdkVersion=35) using JNI: denied
06-23 16:59:18.041 29077 29243 E ibekey.keyboar: hiddenapi: Accessing hidden field Ljava/lang/Integer;->value:I (runtime_flags=0, domain=core-platform, api=max-target-p) from Lorg/mozilla/gecko/GeckoThread; (domain=app, TargetSdkVersion=35) using JNI: denied
06-23 16:59:18.041 29077 29243 E ibekey.keyboar: hiddenapi: Accessing hidden field Ljava/lang/Long;->value:J (runtime_flags=0, domain=core-platform, api=max-target-p) from Lorg/mozilla/gecko/GeckoThread; (domain=app, TargetSdkVersion=35) using JNI: denied
06-23 16:59:18.041 29077 29243 E ibekey.keyboar: hiddenapi: Accessing hidden field Ljava/lang/Double;->value:D (runtime_flags=0, domain=core-platform, api=max-target-p) from Lorg/mozilla/gecko/GeckoThread; (domain=app, TargetSdkVersion=35) using JNI: denied
06-23 16:59:18.090 29274 29274 E .keyboard:tab2: Unknown bits set in runtime_flags: 0x40000000
06-23 16:59:18.148 29300 29300 E ey.keyboard:gp: Unknown bits set in runtime_flags: 0x40000000
06-23 16:59:18.165 29077 29077 I VkBrowser: → load host=drudgereport.com
06-23 16:59:18.184 29274 29316 E GeckoLibLoad: Load sqlite start
06-23 16:59:18.184 29274 29316 E GeckoLibLoad: Load sqlite done
