07-14 16:38:35.138 25468 25468 W n       : [0] drop stale event: 977,112|8057 last: 977,112|74623
07-14 16:38:35.237 25468 25468 W n       : [0] drop stale event: 977,112|8155 last: 977,112|74623
07-14 16:38:35.237 25468 25468 W n       : [0] drop stale event: 977,112|8155 last: 977,112|74623
07-14 16:38:35.238 25468 25468 W n       : [0] drop stale event: 977,112|8157 last: 977,112|74623
07-14 16:38:35.238 25468 25468 W n       : [0] drop stale event: 977,112|8157 last: 977,112|74623
07-14 16:38:35.337 25468 25468 W n       : [0] drop stale event: 977,112|8255 last: 977,112|74623
07-14 16:38:35.337 25468 25468 W n       : [0] drop stale event: 977,112|8256 last: 977,112|74623
07-14 16:38:35.339 25468 25468 W n       : [0] drop stale event: 977,112|8257 last: 977,112|74623
07-14 16:38:35.339 25468 25468 W n       : [0] drop stale event: 977,112|8257 last: 977,112|74623
07-14 16:38:35.438 25468 25468 W n       : [0] drop stale event: 977,112|8356 last: 977,112|74623
07-14 16:38:35.438 25468 25468 W n       : [0] drop stale event: 977,112|8356 last: 977,112|74623
07-14 16:38:35.439 25468 25468 W n       : [0] drop stale event: 977,112|8357 last: 977,112|74623
07-14 16:38:35.439 25468 25468 W n       : [0] drop stale event: 977,112|8357 last: 977,112|74623
07-14 16:38:35.538 25468 25468 W n       : [0] drop stale event: 977,112|8456 last: 977,112|74623
07-14 16:38:35.538 25468 25468 W n       : [0] drop stale event: 977,112|8456 last: 977,112|74623
07-14 16:38:35.539 25468 25468 W n       : [0] drop stale event: 977,112|8458 last: 977,112|74623
07-14 16:38:35.539 25468 25468 W n       : [0] drop stale event: 977,112|8458 last: 977,112|74623
07-14 16:38:35.638 25468 25468 W n       : [0] drop stale event: 977,112|8556 last: 977,112|74623
07-14 16:38:35.638 25468 25468 W n       : [0] drop stale event: 977,112|8556 last: 977,112|74623
07-14 16:38:35.639 25468 25468 W n       : [0] drop stale event: 977,112|8558 last: 977,112|74623
07-14 16:38:35.640 25468 25468 W n       : [0] drop stale event: 977,112|8558 last: 977,112|74623
07-14 16:38:35.668 25468 26590 W libc    : Access denied finding property "vendor.oplus.media.vpp.stutter"
07-14 16:38:35.738 25468 25468 W n       : [0] drop stale event: 977,112|8656 last: 977,112|74623
07-14 16:38:35.738 25468 25468 W n       : [0] drop stale event: 977,112|8656 last: 977,112|74623
07-14 16:38:35.740 25468 25468 W n       : [0] drop stale event: 977,112|8658 last: 977,112|74623
07-14 16:38:35.740 25468 25468 W n       : [0] drop stale event: 977,112|8658 last: 977,112|74623
07-14 16:38:35.838 25468 25468 W n       : [0] drop stale event: 977,112|8756 last: 977,112|74623
07-14 16:38:35.838 25468 25468 W n       : [0] drop stale event: 977,112|8756 last: 977,112|74623
07-14 16:38:35.840 25468 25468 W n       : [0] drop stale event: 977,112|8758 last: 977,112|74623
07-14 16:38:35.840 25468 25468 W n       : [0] drop stale event: 977,112|8758 last: 977,112|74623
07-14 16:38:35.938 25468 25468 W n       : [0] drop stale event: 977,112|8856 last: 977,112|74623
07-14 16:38:35.938 25468 25468 W n       : [0] drop stale event: 977,112|8857 last: 977,112|74623
07-14 16:38:35.940 25468 25468 W n       : [0] drop stale event: 977,112|8858 last: 977,112|74623
07-14 16:38:35.940 25468 25468 W n       : [0] drop stale event: 977,112|8858 last: 977,112|74623
07-14 16:38:36.039 25468 25468 W n       : [0] drop stale event: 977,112|8957 last: 977,112|74623
07-14 16:38:36.039 25468 25468 W n       : [0] drop stale event: 977,112|8957 last: 977,112|74623
07-14 16:38:36.040 25468 25468 W n       : [0] drop stale event: 977,112|8958 last: 977,112|74623
07-14 16:38:36.040 25468 25468 W n       : [0] drop stale event: 977,112|8958 last: 977,112|74623
07-14 16:38:36.119 25468 27564 W libc    : Access denied finding property "vendor.oplus.media.vpp.stutter"
07-14 16:38:36.139 25468 25468 W n       : [0] drop stale event: 977,112|9057 last: 977,112|74623
07-14 16:38:36.139 25468 25468 W n       : [0] drop stale event: 977,112|9057 last: 977,112|74623
07-14 16:38:36.140 25468 25468 W n       : [0] drop stale event: 977,112|9058 last: 977,112|74623
07-14 16:38:36.140 25468 25468 W n       : [0] drop stale event: 977,112|9058 last: 977,112|74623
07-14 16:38:36.239 25468 25468 W n       : [0] drop stale event: 977,112|9157 last: 977,112|74623
07-14 16:38:36.239 25468 25468 W n       : [0] drop stale event: 977,112|9158 last: 977,112|74623
07-14 16:38:36.239 25468 25468 W n       : [0] drop stale event: 977,112|9158 last: 977,112|74623
07-14 16:38:36.239 25468 25468 W n       : [0] drop stale event: 977,112|9158 last: 977,112|74623
07-14 16:38:36.339 25468 25468 W n       : [0] drop stale event: 977,112|9258 last: 977,112|74623
07-14 16:38:36.340 25468 25468 W n       : [0] drop stale event: 977,112|9258 last: 977,112|74623
07-14 16:38:36.340 25468 25468 W n       : [0] drop stale event: 977,112|9258 last: 977,112|74623
07-14 16:38:36.340 25468 25468 W n       : [0] drop stale event: 977,112|9258 last: 977,112|74623
07-14 16:38:36.440 25468 25468 W n       : [0] drop stale event: 977,112|9358 last: 977,112|74623
07-14 16:38:36.440 25468 25468 W n       : [0] drop stale event: 977,112|9359 last: 977,112|74623
07-14 16:38:36.440 25468 25468 W n       : [0] drop stale event: 977,112|9359 last: 977,112|74623
07-14 16:38:36.441 25468 25468 W n       : [0] drop stale event: 977,112|9359 last: 977,112|74623
07-14 16:38:36.541 25468 25468 W n       : [0] drop stale event: 977,112|9459 last: 977,112|74623
07-14 16:38:36.541 25468 25468 W n       : [0] drop stale event: 977,112|9459 last: 977,112|74623
07-14 16:38:36.541 25468 25468 W n       : [0] drop stale event: 977,112|9459 last: 977,112|74623
07-14 16:38:36.541 25468 25468 W n       : [0] drop stale event: 977,112|9459 last: 977,112|74623
07-14 16:38:36.641 25468 25468 W n       : [0] drop stale event: 977,112|9559 last: 977,112|74623
07-14 16:38:36.642 25468 25468 W n       : [0] drop stale event: 977,112|9560 last: 977,112|74623
07-14 16:38:36.642 25468 25468 W n       : [0] drop stale event: 977,112|9560 last: 977,112|74623
07-14 16:38:36.642 25468 25468 W n       : [0] drop stale event: 977,112|9560 last: 977,112|74623
07-14 16:38:36.669 25468 26590 W libc    : Access denied finding property "vendor.oplus.media.vpp.stutter"
07-14 16:38:36.742 25468 25468 W n       : [0] drop stale event: 977,112|9661 last: 977,112|74623
07-14 16:38:36.743 25468 25468 W n       : [0] drop stale event: 977,112|9661 last: 977,112|74623
07-14 16:38:36.743 25468 25468 W n       : [0] drop stale event: 977,112|9661 last: 977,112|74623
07-14 16:38:36.743 25468 25468 W n       : [0] drop stale event: 977,112|9661 last: 977,112|74623
07-14 16:38:36.843 25468 25468 W n       : [0] drop stale event: 977,112|9761 last: 977,112|74623
07-14 16:38:36.843 25468 25468 W n       : [0] drop stale event: 977,112|9761 last: 977,112|74623
07-14 16:38:36.843 25468 25468 W n       : [0] drop stale event: 977,112|9761 last: 977,112|74623
07-14 16:38:36.843 25468 25468 W n       : [0] drop stale event: 977,112|9762 last: 977,112|74623
07-14 16:38:36.943 25468 25468 W n       : [0] drop stale event: 977,112|9861 last: 977,112|74623
07-14 16:38:36.943 25468 25468 W n       : [0] drop stale event: 977,112|9861 last: 977,112|74623
07-14 16:38:36.946 25468 25468 W n       : [0] drop stale event: 977,112|9864 last: 977,112|74623
07-14 16:38:36.946 25468 25468 W n       : [0] drop stale event: 977,112|9864 last: 977,112|74623
07-14 16:38:37.046 25468 25468 W n       : [0] drop stale event: 977,112|9964 last: 977,112|74623
07-14 16:38:37.046 25468 25468 W n       : [0] drop stale event: 977,112|9964 last: 977,112|74623
07-14 16:38:37.050 25468 25468 W n       : [0] drop stale event: 977,112|9968 last: 977,112|74623
07-14 16:38:37.050 25468 25468 W n       : [0] drop stale event: 977,112|9968 last: 977,112|74623
07-14 16:38:37.120 25468 27564 W libc    : Access denied finding property "vendor.oplus.media.vpp.stutter"
07-14 16:38:37.146 25468 25468 W n       : [0] drop stale event: 977,112|10064 last: 977,112|74623
07-14 16:38:37.146 25468 25468 W n       : [0] drop stale event: 977,112|10064 last: 977,112|74623
07-14 16:38:37.150 25468 25468 W n       : [0] drop stale event: 977,112|10068 last: 977,112|74623
07-14 16:38:37.151 25468 25468 W n       : [0] drop stale event: 977,112|10070 last: 977,112|74623
07-14 16:38:37.246 25468 25468 W n       : [0] drop stale event: 977,112|10164 last: 977,112|74623
07-14 16:38:37.246 25468 25468 W n       : [0] drop stale event: 977,112|10165 last: 977,112|74623
07-14 16:38:37.250 25468 25468 W n       : [0] drop stale event: 977,112|10168 last: 977,112|74623
07-14 16:38:37.252 25468 25468 W n       : [0] drop stale event: 977,112|10170 last: 977,112|74623
07-14 16:38:37.346 25468 25468 W n       : [0] drop stale event: 977,112|10264 last: 977,112|74623
07-14 16:38:37.346 25468 25468 W n       : [0] drop stale event: 977,112|10265 last: 977,112|74623
07-14 16:38:37.350 25468 25468 W n       : [0] drop stale event: 977,112|10268 last: 977,112|74623
07-14 16:38:37.353 25468 25468 W n       : [0] drop stale event: 977,112|10271 last: 977,112|74623
07-14 16:38:37.371 25468 26392 E ActivityThread: Failed to find provider info for com.oplus.statistics.provider
07-14 16:38:37.372 25468 26392 E OplusStatistics--: IllegalArgumentException:java.lang.IllegalArgumentException: Unknown URL content://com.oplus.statistics.provider/track_event
07-14 16:38:37.447 25468 25468 W n       : [0] drop stale event: 977,112|10365 last: 977,112|74623
07-14 16:38:37.447 25468 25468 W n       : [0] drop stale event: 977,112|10365 last: 977,112|74623
07-14 16:38:37.450 25468 25468 W n       : [0] drop stale event: 977,112|10368 last: 977,112|74623
07-14 16:38:37.453 25468 25468 W n       : [0] drop stale event: 977,112|10371 last: 977,112|74623
07-14 16:38:37.543 25468 25468 I VkVibeCards: ▶ generate promptLen=11 ref=false
07-14 16:38:37.592 25468 27543 W chromium: [WARNING:services/audio/sync_reader.cc:154] ASR: No room in socket buffer.: Broken pipe (32)
07-14 16:38:37.607 25468 25595 W cr_MediaCodecBridge: Releasing: OMX.qcom.video.decoder.vp9
07-14 16:38:37.610 25468 27563 E ExtensionsLoader: freeAllBuffers: 13 buffers were freed while being dequeued!
07-14 16:38:37.618 25468 25595 W cr_MediaCodecBridge: Codec released
07-14 16:38:37.639 25468 27760 W ServiceBindIntentUtils: Dynamic lookup for intent failed for action: com.google.android.gms.ads.service.START
07-14 16:38:37.668 25468 25468 W n       : [0] drop stale event: 977,112|10586 last: 977,112|74623
07-14 16:38:37.668 25468 25468 W n       : [0] drop stale event: 977,112|10586 last: 977,112|74623
07-14 16:38:37.669 25468 26590 W libc    : Access denied finding property "vendor.oplus.media.vpp.stutter"
07-14 16:38:37.669 25468 25468 W n       : [0] drop stale event: 977,112|10587 last: 977,112|74623
07-14 16:38:37.671 25468 25468 W n       : [0] drop stale event: 977,112|10589 last: 977,112|74623
07-14 16:38:37.723 25468 25468 I VkTyping: ▶ open restart=false pkg=com.android.launcher inputType=589825
07-14 16:38:37.865 25468 25468 W n       : [0] drop stale event: 977,112|10783 last: 977,112|74623
07-14 16:38:37.865 25468 25468 W n       : [0] drop stale event: 977,112|10783 last: 977,112|74623
07-14 16:38:37.865 25468 25468 W n       : [0] drop stale event: 977,112|10783 last: 977,112|74623
07-14 16:38:37.865 25468 25468 W n       : [0] drop stale event: 977,112|10783 last: 977,112|74623
07-14 16:38:37.878 25468 27028 W VibeKeyProxyAppCheck: Proceeding without App Check token
07-14 16:38:37.903 25468 26105 W VibeKeyProfiler: Slow Native Suggest: Total=8.62ms | Init=0.01ms | TrieExpand(x18)=8.58ms | Scoring=0.02ms | inputSize=1
07-14 16:38:37.906 25468 26105 I VkSuggestions: strip composing typedLen=1 candidates=18 autocorrect=false top=e locale=pt
07-14 16:38:37.967 25468 25468 W n       : [0] drop stale event: 977,112|10885 last: 977,112|74623
07-14 16:38:37.967 25468 25468 W n       : [0] drop stale event: 977,112|10885 last: 977,112|74623
07-14 16:38:37.967 25468 25468 W n       : [0] drop stale event: 977,112|10885 last: 977,112|74623
07-14 16:38:37.967 25468 25468 W n       : [0] drop stale event: 977,112|10885 last: 977,112|74623
07-14 16:38:38.081 25468 25512 E BLASTBufferQueue: BLASTBufferItemConsumer::onDisconnect()
07-14 16:38:38.089 25468 25468 W n       : [0] drop stale event: 977,112|11008 last: 977,112|74623
07-14 16:38:38.090 25468 25468 W n       : [0] drop stale event: 977,112|11008 last: 977,112|74623
07-14 16:38:38.090 25468 25468 W n       : [0] drop stale event: 977,112|11008 last: 977,112|74623
07-14 16:38:38.090 25468 25468 W n       : [0] drop stale event: 977,112|11008 last: 977,112|74623
07-14 16:38:38.108 25468 25512 E BLASTBufferQueue: BLASTBufferItemConsumer::onDisconnect()
07-14 16:38:38.162 25468 27446 W Ads     : Not retrying to fetch app settings
07-14 16:38:38.190 25468 25468 W n       : [0] drop stale event: 977,112|11108 last: 977,112|74623
07-14 16:38:38.190 25468 25468 W n       : [0] drop stale event: 977,112|11108 last: 977,112|74623
07-14 16:38:38.190 25468 25468 W n       : [0] drop stale event: 977,112|11108 last: 977,112|74623
07-14 16:38:38.190 25468 25468 W n       : [0] drop stale event: 977,112|11108 last: 977,112|74623
07-14 16:38:38.290 25468 25468 W n       : [0] drop stale event: 977,112|11208 last: 977,112|74623
07-14 16:38:38.291 25468 25468 W n       : [0] drop stale event: 977,112|11209 last: 977,112|74623
07-14 16:38:38.291 25468 25468 W n       : [0] drop stale event: 977,112|11209 last: 977,112|74623
07-14 16:38:38.291 25468 25468 W n       : [0] drop stale event: 977,112|11209 last: 977,112|74623
07-14 16:38:38.391 25468 25468 W n       : [0] drop stale event: 977,112|11309 last: 977,112|74623
07-14 16:38:38.391 25468 25468 W n       : [0] drop stale event: 977,112|11309 last: 977,112|74623
07-14 16:38:38.391 25468 25468 W n       : [0] drop stale event: 977,112|11309 last: 977,112|74623
07-14 16:38:38.391 25468 25468 W n       : [0] drop stale event: 977,112|11309 last: 977,112|74623
07-14 16:38:38.513 25468 25468 W n       : [0] drop stale event: 977,112|11431 last: 977,112|74623
07-14 16:38:38.514 25468 25468 W n       : [0] drop stale event: 977,112|11432 last: 977,112|74623
07-14 16:38:38.514 25468 25468 W n       : [0] drop stale event: 977,112|11432 last: 977,112|74623
07-14 16:38:38.514 25468 25468 W n       : [0] drop stale event: 977,112|11432 last: 977,112|74623
07-14 16:38:38.616 25468 25468 W n       : [0] drop stale event: 977,112|11534 last: 977,112|74623
07-14 16:38:38.616 25468 25468 W n       : [0] drop stale event: 977,112|11534 last: 977,112|74623
07-14 16:38:38.616 25468 25468 W n       : [0] drop stale event: 977,112|11534 last: 977,112|74623
07-14 16:38:38.616 25468 25468 W n       : [0] drop stale event: 977,112|11534 last: 977,112|74623
07-14 16:38:38.674 25515 26544 I OnDeviceAssist: warm ok model=qwen2.5-0.5b-instruct-q4_0.gguf ambient=34 chars 0ms
07-14 16:38:38.675 25468 26590 W libc    : Access denied finding property "vendor.oplus.media.vpp.stutter"
07-14 16:38:38.716 25468 25468 W n       : [0] drop stale event: 977,112|11634 last: 977,112|74623
07-14 16:38:38.716 25468 25468 W n       : [0] drop stale event: 977,112|11634 last: 977,112|74623
07-14 16:38:38.716 25468 25468 W n       : [0] drop stale event: 977,112|11634 last: 977,112|74623
07-14 16:38:38.716 25468 25468 W n       : [0] drop stale event: 977,112|11634 last: 977,112|74623
07-14 16:38:38.783 25468 25468 W Ads     : GET LOCATION COMPILED
07-14 16:38:38.805 25468 25615 E chromium: [ERROR:net/socket/ssl_client_socket_impl.cc:963] handshake failed; returned -1, SSL error code 1, net_error -101
07-14 16:38:38.818 25468 25468 W n       : [0] drop stale event: 977,112|11737 last: 977,112|74623
07-14 16:38:38.819 25468 25468 W n       : [0] drop stale event: 977,112|11737 last: 977,112|74623
07-14 16:38:38.819 25468 25468 W n       : [0] drop stale event: 977,112|11737 last: 977,112|74623
07-14 16:38:38.819 25468 25468 W n       : [0] drop stale event: 977,112|11737 last: 977,112|74623
07-14 16:38:38.885 25468 25615 E chromium: [ERROR:net/socket/ssl_client_socket_impl.cc:963] handshake failed; returned -1, SSL error code 1, net_error -101
07-14 16:38:38.902 25468 25596 W libc    : Access denied finding property "vendor.oplus.media.vpp.stutter"
07-14 16:38:38.902 25468 25596 E MULTIMEDIAConfig: [getInt32:L80] Not find config, Returning default
07-14 16:38:38.902 25468 25596 E MULTIMEDIAConfig: [getInt32:L80] Not find config, Returning default
07-14 16:38:38.902 25468 25596 E OplusACodec: [OplusACodec:204] mSrOsieMMListCheckResult:0x0 mOsieVersion:1
07-14 16:38:38.917 25468 27777 E OplusACodec: [GetVideoCodingTypeFromMime:L1162] mime:video/x-vnd.on2.vp9
07-14 16:38:38.919 25468 25468 W n       : [0] drop stale event: 977,112|11837 last: 977,112|74623
07-14 16:38:38.919 25468 25468 W n       : [0] drop stale event: 977,112|11837 last: 977,112|74623
07-14 16:38:38.919 25468 25468 W n       : [0] drop stale event: 977,112|11837 last: 977,112|74623
07-14 16:38:38.919 25468 25468 W n       : [0] drop stale event: 977,112|11837 last: 977,112|74623
07-14 16:38:39.019 25468 25468 W n       : [0] drop stale event: 977,112|11937 last: 977,112|74623
07-14 16:38:39.019 25468 25468 W n       : [0] drop stale event: 977,112|11937 last: 977,112|74623
07-14 16:38:39.019 25468 25468 W n       : [0] drop stale event: 977,112|11937 last: 977,112|74623
07-14 16:38:39.019 25468 25468 W n       : [0] drop stale event: 977,112|11937 last: 977,112|74623
07-14 16:38:39.057 25468 25596 W cr_MediaCodecBridge: Releasing: OMX.qcom.video.decoder.vp9
07-14 16:38:39.058 25468 25611 W chromium: [WARNING:services/audio/sync_reader.cc:154] ASR: No room in socket buffer.: Broken pipe (32)
07-14 16:38:39.059 25468 27776 E ExtensionsLoader: freeAllBuffers: 13 buffers were freed while being dequeued!
07-14 16:38:39.060 25468 25596 W cr_MediaCodecBridge: Codec released
07-14 16:38:39.119 25468 25468 W n       : [0] drop stale event: 977,112|12037 last: 977,112|74623
07-14 16:38:39.119 25468 25468 W n       : [0] drop stale event: 977,112|12037 last: 977,112|74623
07-14 16:38:39.119 25468 25468 W n       : [0] drop stale event: 977,112|12037 last: 977,112|74623
07-14 16:38:39.119 25468 25468 W n       : [0] drop stale event: 977,112|12038 last: 977,112|74623
07-14 16:38:39.221 25468 25468 W n       : [0] drop stale event: 977,112|12139 last: 977,112|74623
07-14 16:38:39.221 25468 25468 W n       : [0] drop stale event: 977,112|12139 last: 977,112|74623
07-14 16:38:39.221 25468 25468 W n       : [0] drop stale event: 977,112|12139 last: 977,112|74623
07-14 16:38:39.221 25468 25468 W n       : [0] drop stale event: 977,112|12139 last: 977,112|74623
07-14 16:38:39.321 25468 25468 W n       : [0] drop stale event: 977,112|12240 last: 977,112|74623
07-14 16:38:39.322 25468 25468 W n       : [0] drop stale event: 977,112|12240 last: 977,112|74623
07-14 16:38:39.322 25468 25468 W n       : [0] drop stale event: 977,112|12240 last: 977,112|74623
07-14 16:38:39.322 25468 25468 W n       : [0] drop stale event: 977,112|12240 last: 977,112|74623
07-14 16:38:39.323 25468 25615 E chromium: [ERROR:net/socket/ssl_client_socket_impl.cc:963] handshake failed; returned -1, SSL error code 1, net_error -101
07-14 16:38:39.373 25468 27286 I VkVibeCards: loaded 2 cards (generate)
07-14 16:38:39.388 25468 27286 I VkFavorites: save card Bitcoin Nft activate=false
07-14 16:38:39.390 25468 25468 I VkAiEconomics: vibe_card success=true 1847ms tier=TIER2 model=black-forest-labs/FLUX.1-schnell 288x384 steps=4
07-14 16:38:39.390 25468 25468 I VkVibeCards: ✓ card ? 1847ms
07-14 16:38:39.403 25468 25615 E chromium: [ERROR:net/socket/ssl_client_socket_impl.cc:963] handshake failed; returned -1, SSL error code 1, net_error -101
07-14 16:38:39.422 25468 25468 W n       : [0] drop stale event: 977,112|12340 last: 977,112|74623
07-14 16:38:39.422 25468 25468 W n       : [0] drop stale event: 977,112|12340 last: 977,112|74623
07-14 16:38:39.422 25468 25468 W n       : [0] drop stale event: 977,112|12340 last: 977,112|74623
07-14 16:38:39.422 25468 25468 W n       : [0] drop stale event: 977,112|12340 last: 977,112|74623
07-14 16:38:39.522 25468 25468 W n       : [0] drop stale event: 977,112|12440 last: 977,112|74623
07-14 16:38:39.522 25468 25468 W n       : [0] drop stale event: 977,112|12440 last: 977,112|74623
07-14 16:38:39.522 25468 25468 W n       : [0] drop stale event: 977,112|12440 last: 977,112|74623
07-14 16:38:39.522 25468 25468 W n       : [0] drop stale event: 977,112|12440 last: 977,112|74623
07-14 16:38:39.623 25468 25468 W n       : [0] drop stale event: 977,112|12541 last: 977,112|74623
07-14 16:38:39.623 25468 25468 W n       : [0] drop stale event: 977,112|12541 last: 977,112|74623
07-14 16:38:39.623 25468 25468 W n       : [0] drop stale event: 977,112|12541 last: 977,112|74623
07-14 16:38:39.623 25468 25468 W n       : [0] drop stale event: 977,112|12541 last: 977,112|74623
07-14 16:38:39.624 25468 27786 W libc    : Access denied finding property "vendor.oplus.media.vpp.stutter"
07-14 16:38:39.675 25468 26590 W libc    : Access denied finding property "vendor.oplus.media.vpp.stutter"
07-14 16:38:39.694 25468 27789 W Codec2Client: query -- param skipped: index = 1107298332.
07-14 16:38:39.706 25468 27789 W Codec2Client: query -- param skipped: index = 1342179345.
07-14 16:38:39.706 25468 27789 W Codec2Client: query -- param skipped: index = 2415921170.
07-14 16:38:39.706 25468 27789 W Codec2Client: query -- param skipped: index = 1610614798.
07-14 16:38:39.723 25468 25468 W n       : [0] drop stale event: 977,112|12642 last: 977,112|74623
07-14 16:38:39.724 25468 25468 W n       : [0] drop stale event: 977,112|12642 last: 977,112|74623
07-14 16:38:39.724 25468 25468 W n       : [0] drop stale event: 977,112|12642 last: 977,112|74623
07-14 16:38:39.724 25468 25468 W n       : [0] drop stale event: 977,112|12642 last: 977,112|74623
07-14 16:38:39.729 25468 27786 W libc    : Access denied finding property "vendor.oplus.media.vpp.stutter"
07-14 16:38:39.729 25468 27786 E MULTIMEDIAConfig: [getInt32:L80] Not find config, Returning default
07-14 16:38:39.729 25468 27786 E MULTIMEDIAConfig: [getInt32:L80] Not find config, Returning default
07-14 16:38:39.729 25468 27786 E OplusACodec: [OplusACodec:204] mSrOsieMMListCheckResult:0x0 mOsieVersion:1
07-14 16:38:39.738 25468 27796 E OplusACodec: [GetVideoCodingTypeFromMime:L1162] mime:video/x-vnd.on2.vp9
07-14 16:38:39.798 25468 27795 W MediaCodec: mapFormat: no mediaType information
07-14 16:38:39.824 25468 25468 W n       : [0] drop stale event: 977,112|12742 last: 977,112|74623
07-14 16:38:39.824 25468 25468 W n       : [0] drop stale event: 977,112|12742 last: 977,112|74623
07-14 16:38:39.824 25468 25468 W n       : [0] drop stale event: 977,112|12742 last: 977,112|74623
07-14 16:38:39.824 25468 25468 W n       : [0] drop stale event: 977,112|12742 last: 977,112|74623
07-14 16:38:39.935 25468 25468 W n       : [0] drop stale event: 977,112|12853 last: 977,112|74623
07-14 16:38:39.935 25468 25468 W n       : [0] drop stale event: 977,112|12853 last: 977,112|74623
07-14 16:38:39.935 25468 25468 W n       : [0] drop stale event: 977,112|12853 last: 977,112|74623
07-14 16:38:39.935 25468 25468 W n       : [0] drop stale event: 977,112|12854 last: 977,112|74623
07-14 16:38:40.037 25468 25468 W n       : [0] drop stale event: 977,112|12955 last: 977,112|74623
07-14 16:38:40.037 25468 25468 W n       : [0] drop stale event: 977,112|12955 last: 977,112|74623
07-14 16:38:40.037 25468 25468 W n       : [0] drop stale event: 977,112|12955 last: 977,112|74623
07-14 16:38:40.037 25468 25468 W n       : [0] drop stale event: 977,112|12955 last: 977,112|74623
07-14 16:38:40.139 25468 25468 W n       : [0] drop stale event: 977,112|13057 last: 977,112|74623
07-14 16:38:40.139 25468 25468 W n       : [0] drop stale event: 977,112|13057 last: 977,112|74623
07-14 16:38:40.139 25468 25468 W n       : [0] drop stale event: 977,112|13057 last: 977,112|74623
07-14 16:38:40.139 25468 25468 W n       : [0] drop stale event: 977,112|13057 last: 977,112|74623
07-14 16:38:40.239 25468 25468 W n       : [0] drop stale event: 977,112|13157 last: 977,112|74623
07-14 16:38:40.239 25468 25468 W n       : [0] drop stale event: 977,112|13157 last: 977,112|74623
07-14 16:38:40.239 25468 25468 W n       : [0] drop stale event: 977,112|13157 last: 977,112|74623
07-14 16:38:40.239 25468 25468 W n       : [0] drop stale event: 977,112|13157 last: 977,112|74623
07-14 16:38:40.340 25468 25468 W n       : [0] drop stale event: 977,112|13258 last: 977,112|74623
07-14 16:38:40.340 25468 25468 W n       : [0] drop stale event: 977,112|13258 last: 977,112|74623
07-14 16:38:40.340 25468 25468 W n       : [0] drop stale event: 977,112|13259 last: 977,112|74623
07-14 16:38:40.341 25468 25468 W n       : [0] drop stale event: 977,112|13259 last: 977,112|74623
07-14 16:38:40.440 25468 25468 W n       : [0] drop stale event: 977,112|13358 last: 977,112|74623
07-14 16:38:40.441 25468 25468 W n       : [0] drop stale event: 977,112|13359 last: 977,112|74623
07-14 16:38:40.441 25468 25468 W n       : [0] drop stale event: 977,112|13359 last: 977,112|74623
07-14 16:38:40.441 25468 25468 W n       : [0] drop stale event: 977,112|13359 last: 977,112|74623
07-14 16:38:40.540 25468 25468 W n       : [0] drop stale event: 977,112|13458 last: 977,112|74623
07-14 16:38:40.541 25468 25468 W n       : [0] drop stale event: 977,112|13459 last: 977,112|74623
07-14 16:38:40.541 25468 25468 W n       : [0] drop stale event: 977,112|13459 last: 977,112|74623
07-14 16:38:40.541 25468 25468 W n       : [0] drop stale event: 977,112|13460 last: 977,112|74623
07-14 16:38:40.640 25468 25468 W n       : [0] drop stale event: 977,112|13558 last: 977,112|74623
07-14 16:38:40.641 25468 25468 W n       : [0] drop stale event: 977,112|13559 last: 977,112|74623
07-14 16:38:40.642 25468 25468 W n       : [0] drop stale event: 977,112|13560 last: 977,112|74623
07-14 16:38:40.642 25468 25468 W n       : [0] drop stale event: 977,112|13561 last: 977,112|74623
07-14 16:38:40.676 25468 26590 W libc    : Access denied finding property "vendor.oplus.media.vpp.stutter"
07-14 16:38:40.740 25468 25468 W n       : [0] drop stale event: 977,112|13658 last: 977,112|74623
07-14 16:38:40.741 25468 25468 W n       : [0] drop stale event: 977,112|13659 last: 977,112|74623
07-14 16:38:40.742 25468 25468 W n       : [0] drop stale event: 977,112|13660 last: 977,112|74623
07-14 16:38:40.742 25468 25468 W n       : [0] drop stale event: 977,112|13661 last: 977,112|74623
07-14 16:38:40.762 25468 27796 W libc    : Access denied finding property "vendor.oplus.media.vpp.stutter"
07-14 16:38:40.840 25468 25468 W n       : [0] drop stale event: 977,112|13758 last: 977,112|74623
07-14 16:38:40.841 25468 25468 W n       : [0] drop stale event: 977,112|13760 last: 977,112|74623
07-14 16:38:40.842 25468 25468 W n       : [0] drop stale event: 977,112|13761 last: 977,112|74623
07-14 16:38:40.843 25468 25468 W n       : [0] drop stale event: 977,112|13761 last: 977,112|74623
07-14 16:38:40.941 25468 25468 W n       : [0] drop stale event: 977,112|13859 last: 977,112|74623
07-14 16:38:40.942 25468 25468 W n       : [0] drop stale event: 977,112|13860 last: 977,112|74623
07-14 16:38:40.944 25468 25468 W n       : [0] drop stale event: 977,112|13862 last: 977,112|74623
07-14 16:38:40.944 25468 25468 W n       : [0] drop stale event: 977,112|13862 last: 977,112|74623
07-14 16:38:41.043 25468 25468 W n       : [0] drop stale event: 977,112|13961 last: 977,112|74623
07-14 16:38:41.043 25468 25468 W n       : [0] drop stale event: 977,112|13962 last: 977,112|74623
07-14 16:38:41.044 25468 25468 W n       : [0] drop stale event: 977,112|13962 last: 977,112|74623
07-14 16:38:41.044 25468 25468 W n       : [0] drop stale event: 977,112|13962 last: 977,112|74623
07-14 16:38:41.144 25468 25468 W n       : [0] drop stale event: 977,112|14062 last: 977,112|74623
07-14 16:38:41.144 25468 25468 W n       : [0] drop stale event: 977,112|14063 last: 977,112|74623
07-14 16:38:41.144 25468 25468 W n       : [0] drop stale event: 977,112|14063 last: 977,112|74623
07-14 16:38:41.144 25468 25468 W n       : [0] drop stale event: 977,112|14063 last: 977,112|74623
07-14 16:38:41.176 25468 25468 I VkPanels: ▶ open ai_theme
07-14 16:38:41.192 25468 25468 I VkVibeCards: press pool=2 shown=4
07-14 16:38:41.197 25468 27442 W Ads     : Not retrying to fetch app settings
07-14 16:38:41.267 25468 25468 W n       : [0] drop stale event: 977,112|14185 last: 977,112|74623
07-14 16:38:41.269 25468 25468 W n       : [0] drop stale event: 977,112|14187 last: 977,112|74623
07-14 16:38:41.269 25468 25468 W n       : [0] drop stale event: 977,112|14187 last: 977,112|74623
07-14 16:38:41.269 25468 25468 W n       : [0] drop stale event: 977,112|14187 last: 977,112|74623
07-14 16:38:41.367 25468 25468 W n       : [0] drop stale event: 977,112|14285 last: 977,112|74623
07-14 16:38:41.368 25468 25468 W n       : [0] drop stale event: 977,112|14287 last: 977,112|74623
07-14 16:38:41.368 25468 25468 W n       : [0] drop stale event: 977,112|14287 last: 977,112|74623
07-14 16:38:41.369 25468 25468 W n       : [0] drop stale event: 977,112|14287 last: 977,112|74623
07-14 16:38:41.467 25468 25468 W n       : [0] drop stale event: 977,112|14385 last: 977,112|74623
07-14 16:38:41.469 25468 25468 W n       : [0] drop stale event: 977,112|14387 last: 977,112|74623
07-14 16:38:41.469 25468 25468 W n       : [0] drop stale event: 977,112|14388 last: 977,112|74623
07-14 16:38:41.470 25468 25468 W n       : [0] drop stale event: 977,112|14388 last: 977,112|74623
07-14 16:38:41.571 25468 25468 W n       : [0] drop stale event: 977,112|14489 last: 977,112|74623
07-14 16:38:41.571 25468 25468 W n       : [0] drop stale event: 977,112|14489 last: 977,112|74623
07-14 16:38:41.571 25468 25468 W n       : [0] drop stale event: 977,112|14489 last: 977,112|74623
07-14 16:38:41.571 25468 25468 W n       : [0] drop stale event: 977,112|14489 last: 977,112|74623
07-14 16:38:41.677 25468 26590 W libc    : Access denied finding property "vendor.oplus.media.vpp.stutter"
07-14 16:38:41.687 25468 25468 W n       : [0] drop stale event: 977,112|14605 last: 977,112|74623
07-14 16:38:41.687 25468 25468 W n       : [0] drop stale event: 977,112|14605 last: 977,112|74623
07-14 16:38:41.687 25468 25468 W n       : [0] drop stale event: 977,112|14605 last: 977,112|74623
07-14 16:38:41.687 25468 25468 W n       : [0] drop stale event: 977,112|14605 last: 977,112|74623
07-14 16:38:41.764 25468 27796 W libc    : Access denied finding property "vendor.oplus.media.vpp.stutter"
07-14 16:38:41.793 25468 25468 W n       : [0] drop stale event: 977,112|14712 last: 977,112|74623
07-14 16:38:41.794 25468 25468 W n       : [0] drop stale event: 977,112|14712 last: 977,112|74623
07-14 16:38:41.794 25468 25468 W n       : [0] drop stale event: 977,112|14712 last: 977,112|74623
07-14 16:38:41.794 25468 25468 W n       : [0] drop stale event: 977,112|14712 last: 977,112|74623
07-14 16:38:41.903 25468 25468 W n       : [0] drop stale event: 977,112|14821 last: 977,112|74623
07-14 16:38:41.903 25468 25468 W n       : [0] drop stale event: 977,112|14821 last: 977,112|74623
07-14 16:38:41.903 25468 25468 W n       : [0] drop stale event: 977,112|14821 last: 977,112|74623
07-14 16:38:41.903 25468 25468 W n       : [0] drop stale event: 977,112|14822 last: 977,112|74623
07-14 16:38:42.007 25468 25468 W n       : [0] drop stale event: 977,112|14925 last: 977,112|74623
07-14 16:38:42.007 25468 25468 W n       : [0] drop stale event: 977,112|14925 last: 977,112|74623
07-14 16:38:42.007 25468 25468 W n       : [0] drop stale event: 977,112|14926 last: 977,112|74623
07-14 16:38:42.008 25468 25468 W n       : [0] drop stale event: 977,112|14926 last: 977,112|74623
07-14 16:38:42.126 25468 25468 W n       : [0] drop stale event: 977,112|15045 last: 977,112|74623
07-14 16:38:42.127 25468 25468 W n       : [0] drop stale event: 977,112|15045 last: 977,112|74623
07-14 16:38:42.127 25468 25468 W n       : [0] drop stale event: 977,112|15045 last: 977,112|74623
07-14 16:38:42.127 25468 25468 W n       : [0] drop stale event: 977,112|15045 last: 977,112|74623
07-14 16:38:42.238 25468 25468 W n       : [0] drop stale event: 977,112|15157 last: 977,112|74623
07-14 16:38:42.238 25468 25468 W n       : [0] drop stale event: 977,112|15157 last: 977,112|74623
07-14 16:38:42.239 25468 25468 W n       : [0] drop stale event: 977,112|15157 last: 977,112|74623
07-14 16:38:42.239 25468 25468 W n       : [0] drop stale event: 977,112|15157 last: 977,112|74623
07-14 16:38:42.351 25468 25468 W n       : [0] drop stale event: 977,112|15270 last: 977,112|74623
07-14 16:38:42.352 25468 25468 W n       : [0] drop stale event: 977,112|15270 last: 977,112|74623
07-14 16:38:42.352 25468 25468 W n       : [0] drop stale event: 977,112|15270 last: 977,112|74623
07-14 16:38:42.352 25468 25468 W n       : [0] drop stale event: 977,112|15270 last: 977,112|74623
07-14 16:38:42.452 25468 25468 W n       : [0] drop stale event: 977,112|15370 last: 977,112|74623
07-14 16:38:42.452 25468 25468 W n       : [0] drop stale event: 977,112|15371 last: 977,112|74623
07-14 16:38:42.452 25468 25468 W n       : [0] drop stale event: 977,112|15371 last: 977,112|74623
07-14 16:38:42.452 25468 25468 W n       : [0] drop stale event: 977,112|15371 last: 977,112|74623
07-14 16:38:42.553 25468 25468 W n       : [0] drop stale event: 977,112|15471 last: 977,112|74623
07-14 16:38:42.553 25468 25468 W n       : [0] drop stale event: 977,112|15471 last: 977,112|74623
07-14 16:38:42.553 25468 25468 W n       : [0] drop stale event: 977,112|15471 last: 977,112|74623
07-14 16:38:42.553 25468 25468 W n       : [0] drop stale event: 977,112|15471 last: 977,112|74623
07-14 16:38:42.611 25468 25512 E BLASTBufferQueue: BLASTBufferItemConsumer::onDisconnect()
07-14 16:38:42.653 25468 25468 E BLASTBufferQueue: BLASTBufferItemConsumer::onDisconnect()
07-14 16:38:42.668 25468 25468 W n       : [0] drop stale event: 977,112|15586 last: 977,112|74623
07-14 16:38:42.668 25468 25468 W n       : [0] drop stale event: 977,112|15586 last: 977,112|74623
07-14 16:38:42.668 25468 25468 W n       : [0] drop stale event: 977,112|15586 last: 977,112|74623
07-14 16:38:42.668 25468 25468 W n       : [0] drop stale event: 977,112|15586 last: 977,112|74623
07-14 16:38:42.677 25468 26590 W libc    : Access denied finding property "vendor.oplus.media.vpp.stutter"
07-14 16:38:42.769 25468 27796 W libc    : Access denied finding property "vendor.oplus.media.vpp.stutter"
07-14 16:38:42.784 25468 25468 W n       : [0] drop stale event: 977,112|15702 last: 977,112|74623
07-14 16:38:42.784 25468 25468 W n       : [0] drop stale event: 977,112|15702 last: 977,112|74623
07-14 16:38:42.784 25468 25468 W n       : [0] drop stale event: 977,112|15702 last: 977,112|74623
07-14 16:38:42.784 25468 25468 W n       : [0] drop stale event: 977,112|15702 last: 977,112|74623
07-14 16:38:42.892 25468 25468 W n       : [0] drop stale event: 977,112|15810 last: 977,112|74623
07-14 16:38:42.892 25468 25468 W n       : [0] drop stale event: 977,112|15810 last: 977,112|74623
07-14 16:38:42.892 25468 25468 W n       : [0] drop stale event: 977,112|15810 last: 977,112|74623
07-14 16:38:42.892 25468 25468 W n       : [0] drop stale event: 977,112|15810 last: 977,112|74623
07-14 16:38:42.955 25468 25512 E BLASTBufferQueue: BLASTBufferItemConsumer::onDisconnect()
07-14 16:38:42.973 25468 25468 E BLASTBufferQueue: BLASTBufferItemConsumer::onDisconnect()
07-14 16:38:43.000 25468 25468 W n       : [0] drop stale event: 977,112|15918 last: 977,112|74623
07-14 16:38:43.000 25468 25468 W n       : [0] drop stale event: 977,112|15918 last: 977,112|74623
07-14 16:38:43.000 25468 25468 W n       : [0] drop stale event: 977,112|15918 last: 977,112|74623
07-14 16:38:43.000 25468 25468 W n       : [0] drop stale event: 977,112|15919 last: 977,112|74623
07-14 16:38:43.102 25468 25468 W n       : [0] drop stale event: 977,112|16020 last: 977,112|74623
07-14 16:38:43.102 25468 25468 W n       : [0] drop stale event: 977,112|16020 last: 977,112|74623
07-14 16:38:43.102 25468 25468 W n       : [0] drop stale event: 977,112|16020 last: 977,112|74623
07-14 16:38:43.102 25468 25468 W n       : [0] drop stale event: 977,112|16020 last: 977,112|74623
07-14 16:38:43.202 25468 25468 W n       : [0] drop stale event: 977,112|16120 last: 977,112|74623
07-14 16:38:43.202 25468 25468 W n       : [0] drop stale event: 977,112|16121 last: 977,112|74623
07-14 16:38:43.202 25468 25468 W n       : [0] drop stale event: 977,112|16121 last: 977,112|74623
07-14 16:38:43.202 25468 25468 W n       : [0] drop stale event: 977,112|16121 last: 977,112|74623
07-14 16:38:43.269 25468 25512 E BLASTBufferQueue: BLASTBufferItemConsumer::onDisconnect()
07-14 16:38:43.282 25468 25468 E BLASTBufferQueue: BLASTBufferItemConsumer::onDisconnect()
07-14 16:38:43.302 25468 25468 W n       : [0] drop stale event: 977,112|16220 last: 977,112|74623
07-14 16:38:43.302 25468 25468 W n       : [0] drop stale event: 977,112|16221 last: 977,112|74623
07-14 16:38:43.303 25468 25468 W n       : [0] drop stale event: 977,112|16221 last: 977,112|74623
07-14 16:38:43.303 25468 25468 W n       : [0] drop stale event: 977,112|16221 last: 977,112|74623
07-14 16:38:43.404 25468 25468 W n       : [0] drop stale event: 977,112|16322 last: 977,112|74623
07-14 16:38:43.404 25468 25468 W n       : [0] drop stale event: 977,112|16322 last: 977,112|74623
07-14 16:38:43.404 25468 25468 W n       : [0] drop stale event: 977,112|16322 last: 977,112|74623
07-14 16:38:43.404 25468 25468 W n       : [0] drop stale event: 977,112|16323 last: 977,112|74623
07-14 16:38:43.504 25468 25468 W n       : [0] drop stale event: 977,112|16422 last: 977,112|74623
07-14 16:38:43.505 25468 25468 W n       : [0] drop stale event: 977,112|16423 last: 977,112|74623
07-14 16:38:43.505 25468 25468 W n       : [0] drop stale event: 977,112|16423 last: 977,112|74623
07-14 16:38:43.505 25468 25468 W n       : [0] drop stale event: 977,112|16423 last: 977,112|74623
07-14 16:38:43.594 25468 25512 E BLASTBufferQueue: BLASTBufferItemConsumer::onDisconnect()
07-14 16:38:43.608 25468 25468 E BLASTBufferQueue: BLASTBufferItemConsumer::onDisconnect()
07-14 16:38:43.616 25468 25468 W n       : [0] drop stale event: 977,112|16534 last: 977,112|74623
07-14 16:38:43.616 25468 25468 W n       : [0] drop stale event: 977,112|16534 last: 977,112|74623
07-14 16:38:43.616 25468 25468 W n       : [0] drop stale event: 977,112|16534 last: 977,112|74623
07-14 16:38:43.616 25468 25468 W n       : [0] drop stale event: 977,112|16534 last: 977,112|74623
07-14 16:38:43.678 25468 26590 W libc    : Access denied finding property "vendor.oplus.media.vpp.stutter"
07-14 16:38:43.716 25468 25468 W n       : [0] drop stale event: 977,112|16634 last: 977,112|74623
07-14 16:38:43.716 25468 25468 W n       : [0] drop stale event: 977,112|16634 last: 977,112|74623
07-14 16:38:43.716 25468 25468 W n       : [0] drop stale event: 977,112|16634 last: 977,112|74623
07-14 16:38:43.716 25468 25468 W n       : [0] drop stale event: 977,112|16635 last: 977,112|74623
07-14 16:38:43.770 25468 27796 W libc    : Access denied finding property "vendor.oplus.media.vpp.stutter"
07-14 16:38:43.816 25468 25468 W n       : [0] drop stale event: 977,112|16734 last: 977,112|74623
07-14 16:38:43.816 25468 25468 W n       : [0] drop stale event: 977,112|16734 last: 977,112|74623
07-14 16:38:43.816 25468 25468 W n       : [0] drop stale event: 977,112|16735 last: 977,112|74623
07-14 16:38:43.818 25468 25468 W n       : [0] drop stale event: 977,112|16736 last: 977,112|74623
07-14 16:38:43.916 25468 25468 W n       : [0] drop stale event: 977,112|16834 last: 977,112|74623
07-14 16:38:43.916 25468 25468 W n       : [0] drop stale event: 977,112|16835 last: 977,112|74623
07-14 16:38:43.917 25468 25468 W n       : [0] drop stale event: 977,112|16835 last: 977,112|74623
07-14 16:38:43.918 25468 25468 W n       : [0] drop stale event: 977,112|16836 last: 977,112|74623
07-14 16:38:43.988 25468 25468 I VkEffects: reload anim=scale blur=0px glow=false stickers=true
07-14 16:38:44.081 25468 25468 W n       : [0] drop stale event: 977,112|16999 last: 977,112|74623
07-14 16:38:44.081 25468 25468 W n       : [0] drop stale event: 977,112|16999 last: 977,112|74623
07-14 16:38:44.081 25468 25468 W n       : [0] drop stale event: 977,112|16999 last: 977,112|74623
07-14 16:38:44.081 25468 25468 W n       : [0] drop stale event: 977,112|16999 last: 977,112|74623
07-14 16:38:44.182 25468 25468 W n       : [0] drop stale event: 977,112|17100 last: 977,112|74623
07-14 16:38:44.182 25468 25468 W n       : [0] drop stale event: 977,112|17100 last: 977,112|74623
07-14 16:38:44.182 25468 25468 W n       : [0] drop stale event: 977,112|17100 last: 977,112|74623
07-14 16:38:44.182 25468 25468 W n       : [0] drop stale event: 977,112|17100 last: 977,112|74623
07-14 16:38:44.348 25468 25468 W VkStall : MAIN-THREAD STALL 126ms during: >>>>> Dispatching to Handler (android.os.Handler) {d53e06e} ia.r@e2c430f: 0
07-14 16:38:44.350 25468 25468 W n       : [0] drop stale event: 977,112|17268 last: 977,112|74623
07-14 16:38:44.350 25468 25468 W n       : [0] drop stale event: 977,112|17269 last: 977,112|74623
07-14 16:38:44.350 25468 25468 W n       : [0] drop stale event: 977,112|17269 last: 977,112|74623
07-14 16:38:44.350 25468 25468 W n       : [0] drop stale event: 977,112|17269 last: 977,112|74623
07-14 16:38:44.451 25468 25468 W n       : [0] drop stale event: 977,112|17370 last: 977,112|74623
07-14 16:38:44.452 25468 25468 W n       : [0] drop stale event: 977,112|17370 last: 977,112|74623
07-14 16:38:44.452 25468 25468 W n       : [0] drop stale event: 977,112|17370 last: 977,112|74623
07-14 16:38:44.452 25468 25468 W n       : [0] drop stale event: 977,112|17370 last: 977,112|74623
07-14 16:38:44.552 25468 25468 W n       : [0] drop stale event: 977,112|17470 last: 977,112|74623
07-14 16:38:44.552 25468 25468 W n       : [0] drop stale event: 977,112|17470 last: 977,112|74623
07-14 16:38:44.552 25468 25468 W n       : [0] drop stale event: 977,112|17470 last: 977,112|74623
07-14 16:38:44.552 25468 25468 W n       : [0] drop stale event: 977,112|17471 last: 977,112|74623
07-14 16:38:44.652 25468 25468 W n       : [0] drop stale event: 977,112|17570 last: 977,112|74623
07-14 16:38:44.652 25468 25468 W n       : [0] drop stale event: 977,112|17570 last: 977,112|74623
07-14 16:38:44.652 25468 25468 W n       : [0] drop stale event: 977,112|17571 last: 977,112|74623
07-14 16:38:44.653 25468 25468 W n       : [0] drop stale event: 977,112|17571 last: 977,112|74623
07-14 16:38:44.680 25468 26590 W libc    : Access denied finding property "vendor.oplus.media.vpp.stutter"
07-14 16:38:44.752 25468 25468 W n       : [0] drop stale event: 977,112|17670 last: 977,112|74623
07-14 16:38:44.752 25468 25468 W n       : [0] drop stale event: 977,112|17670 last: 977,112|74623
07-14 16:38:44.753 25468 25468 W n       : [0] drop stale event: 977,112|17671 last: 977,112|74623
07-14 16:38:44.753 25468 25468 W n       : [0] drop stale event: 977,112|17672 last: 977,112|74623
07-14 16:38:44.772 25468 27796 W libc    : Access denied finding property "vendor.oplus.media.vpp.stutter"
07-14 16:38:44.852 25468 25468 W n       : [0] drop stale event: 977,112|17770 last: 977,112|74623
07-14 16:38:44.852 25468 25468 W n       : [0] drop stale event: 977,112|17771 last: 977,112|74623
07-14 16:38:44.853 25468 25468 W n       : [0] drop stale event: 977,112|17771 last: 977,112|74623
07-14 16:38:44.854 25468 25468 W n       : [0] drop stale event: 977,112|17772 last: 977,112|74623
07-14 16:38:44.953 25468 25468 W n       : [0] drop stale event: 977,112|17871 last: 977,112|74623
07-14 16:38:44.953 25468 25468 W n       : [0] drop stale event: 977,112|17871 last: 977,112|74623
07-14 16:38:44.953 25468 25468 W n       : [0] drop stale event: 977,112|17872 last: 977,112|74623
07-14 16:38:44.953 25468 25468 W n       : [0] drop stale event: 977,112|17872 last: 977,112|74623
07-14 16:38:45.053 25468 25468 W n       : [0] drop stale event: 977,112|17972 last: 977,112|74623
07-14 16:38:45.054 25468 25468 W n       : [0] drop stale event: 977,112|17972 last: 977,112|74623
07-14 16:38:45.054 25468 25468 W n       : [0] drop stale event: 977,112|17972 last: 977,112|74623
07-14 16:38:45.054 25468 25468 W n       : [0] drop stale event: 977,112|17972 last: 977,112|74623
07-14 16:38:45.154 25468 25468 W n       : [0] drop stale event: 977,112|18072 last: 977,112|74623
07-14 16:38:45.155 25468 25468 W n       : [0] drop stale event: 977,112|18073 last: 977,112|74623
07-14 16:38:45.155 25468 25468 W n       : [0] drop stale event: 977,112|18073 last: 977,112|74623
07-14 16:38:45.155 25468 25468 W n       : [0] drop stale event: 977,112|18073 last: 977,112|74623
07-14 16:38:45.255 25468 25468 W n       : [0] drop stale event: 977,112|18173 last: 977,112|74623
07-14 16:38:45.255 25468 25468 W n       : [0] drop stale event: 977,112|18173 last: 977,112|74623
07-14 16:38:45.255 25468 25468 W n       : [0] drop stale event: 977,112|18173 last: 977,112|74623
07-14 16:38:45.255 25468 25468 W n       : [0] drop stale event: 977,112|18173 last: 977,112|74623
07-14 16:38:45.355 25468 25468 W n       : [0] drop stale event: 977,112|18273 last: 977,112|74623
07-14 16:38:45.355 25468 25468 W n       : [0] drop stale event: 977,112|18273 last: 977,112|74623
07-14 16:38:45.355 25468 25468 W n       : [0] drop stale event: 977,112|18273 last: 977,112|74623
07-14 16:38:45.355 25468 25468 W n       : [0] drop stale event: 977,112|18273 last: 977,112|74623
07-14 16:38:45.459 25468 25468 I VkPanels: ▶ open ai_theme
07-14 16:38:45.473 25468 27820 W ServiceBindIntentUtils: Dynamic lookup for intent failed for action: com.google.android.gms.ads.service.START
07-14 16:38:45.502 25468 25468 W n       : [0] drop stale event: 977,112|18420 last: 977,112|74623
07-14 16:38:45.502 25468 25468 W n       : [0] drop stale event: 977,112|18421 last: 977,112|74623
07-14 16:38:45.502 25468 25468 W n       : [0] drop stale event: 977,112|18421 last: 977,112|74623
07-14 16:38:45.502 25468 25468 W n       : [0] drop stale event: 977,112|18421 last: 977,112|74623
07-14 16:38:45.603 25468 25468 W n       : [0] drop stale event: 977,112|18521 last: 977,112|74623
07-14 16:38:45.603 25468 25468 W n       : [0] drop stale event: 977,112|18521 last: 977,112|74623
07-14 16:38:45.603 25468 25468 W n       : [0] drop stale event: 977,112|18521 last: 977,112|74623
07-14 16:38:45.603 25468 25468 W n       : [0] drop stale event: 977,112|18521 last: 977,112|74623
07-14 16:38:45.681 25468 26590 W libc    : Access denied finding property "vendor.oplus.media.vpp.stutter"
07-14 16:38:45.703 25468 25468 W n       : [0] drop stale event: 977,112|18621 last: 977,112|74623
07-14 16:38:45.703 25468 25468 W n       : [0] drop stale event: 977,112|18621 last: 977,112|74623
07-14 16:38:45.703 25468 25468 W n       : [0] drop stale event: 977,112|18622 last: 977,112|74623
07-14 16:38:45.704 25468 25468 W n       : [0] drop stale event: 977,112|18622 last: 977,112|74623
07-14 16:38:45.773 25468 27796 W libc    : Access denied finding property "vendor.oplus.media.vpp.stutter"
07-14 16:38:45.826 25468 25468 W n       : [0] drop stale event: 977,112|18744 last: 977,112|74623
07-14 16:38:45.826 25468 25468 W n       : [0] drop stale event: 977,112|18744 last: 977,112|74623
07-14 16:38:45.826 25468 25468 W n       : [0] drop stale event: 977,112|18744 last: 977,112|74623
07-14 16:38:45.826 25468 25468 W n       : [0] drop stale event: 977,112|18744 last: 977,112|74623
07-14 16:38:45.936 25468 25468 W n       : [0] drop stale event: 977,112|18854 last: 977,112|74623
07-14 16:38:45.936 25468 25468 W n       : [0] drop stale event: 977,112|18855 last: 977,112|74623
07-14 16:38:45.937 25468 25468 W n       : [0] drop stale event: 977,112|18855 last: 977,112|74623
07-14 16:38:45.937 25468 25468 W n       : [0] drop stale event: 977,112|18855 last: 977,112|74623
07-14 16:38:46.053 25468 25468 W n       : [0] drop stale event: 977,112|18972 last: 977,112|74623
07-14 16:38:46.054 25468 25468 W n       : [0] drop stale event: 977,112|18972 last: 977,112|74623
07-14 16:38:46.054 25468 25468 W n       : [0] drop stale event: 977,112|18972 last: 977,112|74623
07-14 16:38:46.054 25468 25468 W n       : [0] drop stale event: 977,112|18972 last: 977,112|74623
07-14 16:38:46.197 25468 25468 W n       : [0] drop stale event: 977,112|19115 last: 977,112|74623
07-14 16:38:46.197 25468 25468 W n       : [0] drop stale event: 977,112|19116 last: 977,112|74623
07-14 16:38:46.198 25468 25468 W n       : [0] drop stale event: 977,112|19116 last: 977,112|74623
07-14 16:38:46.198 25468 25468 W n       : [0] drop stale event: 977,112|19116 last: 977,112|74623
07-14 16:38:46.312 25468 25468 W n       : [0] drop stale event: 977,112|19230 last: 977,112|74623
07-14 16:38:46.312 25468 25468 W n       : [0] drop stale event: 977,112|19231 last: 977,112|74623
07-14 16:38:46.313 25468 25468 W n       : [0] drop stale event: 977,112|19231 last: 977,112|74623
07-14 16:38:46.313 25468 25468 W n       : [0] drop stale event: 977,112|19231 last: 977,112|74623
07-14 16:38:46.413 25468 25468 W n       : [0] drop stale event: 977,112|19332 last: 977,112|74623
07-14 16:38:46.414 25468 25468 W n       : [0] drop stale event: 977,112|19332 last: 977,112|74623
07-14 16:38:46.414 25468 25468 W n       : [0] drop stale event: 977,112|19332 last: 977,112|74623
07-14 16:38:46.414 25468 25468 W n       : [0] drop stale event: 977,112|19332 last: 977,112|74623
07-14 16:38:46.519 25468 25468 W n       : [0] drop stale event: 977,112|19437 last: 977,112|74623
