=== VibeKey 4.1.217 (4317) ===

--------- beginning of crash
07-10 13:24:14.206 20342 20817 F libc    : Pointer tag for 0xffffffffffffffff was truncated, see 'https://source.android.com/devices/tech/debug/tagged-pointers'.
07-10 13:24:15.334 20342 20817 F libc    : Fatal signal 6 (SIGABRT), code -1 (SI_QUEUE) in tid 20817 (VkDictCloseDest), pid 20342 (ibekey.keyboard)
07-10 13:24:40.646 20830 21060 F libc    : Fatal signal 11 (SIGSEGV), code 1 (SEGV_MAPERR), fault addr 0x7600000052 in tid 21060 (VkDictCloseDest), pid 20830 (ibekey.keyboard)
07-10 13:24:43.506 21069 21069 F DEBUG   : Process name is com.vibekey.keyboard, not key_process
07-10 13:24:43.506 21069 21069 F DEBUG   : keyProcess: 0
07-10 13:24:43.506 21069 21069 F DEBUG   : *** *** *** *** *** *** *** *** *** *** *** *** *** *** *** ***
07-10 13:24:43.506 21069 21069 F DEBUG   : Build fingerprint: 'OnePlus/OnePlus7Pro/OnePlus7Pro:12/SKQ1.211113.001/P.202303230244:user/release-keys'
07-10 13:24:43.506 21069 21069 F DEBUG   : Revision: '0'
07-10 13:24:43.506 21069 21069 F DEBUG   : ABI: 'arm64'
07-10 13:24:43.507 21069 21069 F DEBUG   : Timestamp: 2026-07-10 13:24:40.959968098-0400
07-10 13:24:43.507 21069 21069 F DEBUG   : Process uptime: 0s
07-10 13:24:43.507 21069 21069 F DEBUG   : Cmdline: com.vibekey.keyboard
07-10 13:24:43.507 21069 21069 F DEBUG   : pid: 20830, tid: 21060, name: VkDictCloseDest  >>> com.vibekey.keyboard <<<
07-10 13:24:43.507 21069 21069 F DEBUG   : uid: 14220
07-10 13:24:43.507 21069 21069 F DEBUG   : signal 11 (SIGSEGV), code 1 (SEGV_MAPERR), fault addr 0x7600000052
07-10 13:24:43.507 21069 21069 F DEBUG   :     x0  0000006800000067  x1  00000071f24c2bf8  x2  b4000070630b3800  x3  0000000000000000
07-10 13:24:43.507 21069 21069 F DEBUG   :     x4  0000000000000000  x5  0000000000000000  x6  0000000000000000  x7  0000000000000000
07-10 13:24:43.507 21069 21069 F DEBUG   :     x8  000000760000006a  x9  200c4eb50c0526fe  x10 0000000000000000  x11 b4000070630b3800
07-10 13:24:43.507 21069 21069 F DEBUG   :     x12 00000070a6388df8  x13 00000071f24c2bf9  x14 0000000000000005  x15 00000000ebad6a89
07-10 13:24:43.507 21069 21069 F DEBUG   :     x16 00000070e8ec1cfc  x17 00000070a638a1d0  x18 000000709c230000  x19 b4000070630b3800
07-10 13:24:43.507 21069 21069 F DEBUG   :     x20 0000000000001130  x21 b4000070630b4930  x22 0000006800000067  x23 000000760000006a
07-10 13:24:43.507 21069 21069 F DEBUG   :     x24 000000716af1dc40  x25 00000070a638a2e0  x26 b40000714f4a8670  x27 b4000071719aea60
07-10 13:24:43.507 21069 21069 F DEBUG   :     x28 00000070a638a1e0  x29 00000070a638a190
07-10 13:24:43.507 21069 21069 F DEBUG   :     lr  000000716aac23a4  sp  00000070a638a190  pc  00000070e8ec1d5c  pst 0000000020000000
07-10 13:24:43.507 21069 21069 F DEBUG   : backtrace:
07-10 13:24:43.507 21069 21069 F DEBUG   :       #00 pc 00000000000a3d5c  /data/app/~~QVV8Nh9-R0c0Sg-3eq_WTQ==/com.vibekey.keyboard-8KBux_jYtPtbheUxuohy5w==/lib/arm64/libjni_latinime.so (BuildId: f905dbd1a904967a994cf833116e517b05caa863)
07-10 13:24:43.507 21069 21069 F DEBUG   :       #01 pc 00000000002c23a0  /apex/com.android.art/lib64/libart.so (art_quick_generic_jni_trampoline+144) (BuildId: cecb684d19b4f44ee3cbd66142c315f4)
07-10 13:24:43.507 21069 21069 F DEBUG   :       #02 pc 000000000072b39c  /apex/com.android.art/lib64/libart.so (nterp_helper+780) (BuildId: cecb684d19b4f44ee3cbd66142c315f4)
07-10 13:24:43.507 21069 21069 F DEBUG   :       #03 pc 0000000000226b8a  /data/app/~~QVV8Nh9-R0c0Sg-3eq_WTQ==/com.vibekey.keyboard-8KBux_jYtPtbheUxuohy5w==/oat/arm64/base.vdex (com.android.inputmethod.latin.DicTraverseSession.a+22)
07-10 13:24:43.507 21069 21069 F DEBUG   :       #04 pc 000000000072b884  /apex/com.android.art/lib64/libart.so (nterp_helper+2036) (BuildId: cecb684d19b4f44ee3cbd66142c315f4)
07-10 13:24:43.507 21069 21069 F DEBUG   :       #05 pc 0000000000226734  /data/app/~~QVV8Nh9-R0c0Sg-3eq_WTQ==/com.vibekey.keyboard-8KBux_jYtPtbheUxuohy5w==/oat/arm64/base.vdex (com.android.inputmethod.latin.BinaryDictionary.a+84)
07-10 13:24:43.507 21069 21069 F DEBUG   :       #06 pc 000000000072b884  /apex/com.android.art/lib64/libart.so (nterp_helper+2036) (BuildId: cecb684d19b4f44ee3cbd66142c315f4)
07-10 13:24:43.507 21069 21069 F DEBUG   :       #07 pc 0000000000699a1e  /data/app/~~QVV8Nh9-R0c0Sg-3eq_WTQ==/com.vibekey.keyboard-8KBux_jYtPtbheUxuohy5w==/oat/arm64/base.vdex (r7.k.a+22)
07-10 13:24:43.507 21069 21069 F DEBUG   :       #08 pc 000000000072b884  /apex/com.android.art/lib64/libart.so (nterp_helper+2036) (BuildId: cecb684d19b4f44ee3cbd66142c315f4)
07-10 13:24:43.507 21069 21069 F DEBUG   :       #09 pc 0000000000698ac2  /data/app/~~QVV8Nh9-R0c0Sg-3eq_WTQ==/com.vibekey.keyboard-8KBux_jYtPtbheUxuohy5w==/oat/arm64/base.vdex (r7.e.a+34)
07-10 13:24:43.507 21069 21069 F DEBUG   :       #10 pc 000000000072b884  /apex/com.android.art/lib64/libart.so (nterp_helper+2036) (BuildId: cecb684d19b4f44ee3cbd66142c315f4)
07-10 13:24:43.507 21069 21069 F DEBUG   :       #11 pc 00000000005f9ca8  /data/app/~~QVV8Nh9-R0c0Sg-3eq_WTQ==/com.vibekey.keyboard-8KBux_jYtPtbheUxuohy5w==/oat/arm64/base.vdex (l7.t.b+52)
07-10 13:24:43.507 21069 21069 F DEBUG   :       #12 pc 000000000072b884  /apex/com.android.art/lib64/libart.so (nterp_helper+2036) (BuildId: cecb684d19b4f44ee3cbd66142c315f4)
07-10 13:24:43.507 21069 21069 F DEBUG   :       #13 pc 00000000005f8f4e  /data/app/~~QVV8Nh9-R0c0Sg-3eq_WTQ==/com.vibekey.keyboard-8KBux_jYtPtbheUxuohy5w==/oat/arm64/base.vdex (l7.r.d+122)
07-10 13:24:43.507 21069 21069 F DEBUG   :       #14 pc 000000000072b884  /apex/com.android.art/lib64/libart.so (nterp_helper+2036) (BuildId: cecb684d19b4f44ee3cbd66142c315f4)
07-10 13:24:43.507 21069 21069 F DEBUG   :       #15 pc 0000000000216ba6  /data/app/~~QVV8Nh9-R0c0Sg-3eq_WTQ==/com.vibekey.keyboard-8KBux_jYtPtbheUxuohy5w==/oat/arm64/base.vdex (b8.f0.run+1382)
07-10 13:24:43.507 21069 21069 F DEBUG   :       #16 pc 000000000212dce4  /memfd:jit-zygote-cache (deleted)
07-10 13:24:59.608 21136 21531 F libc    : Fatal signal 11 (SIGSEGV), code 1 (SEGV_MAPERR), fault addr 0x730000005a in tid 21531 (VkDictCloseDest), pid 21136 (ibekey.keyboard)
07-10 13:25:08.765 21540 21540 F DEBUG   : Process name is com.vibekey.keyboard, not key_process
07-10 13:25:08.765 21540 21540 F DEBUG   : keyProcess: 0
07-10 13:25:08.765 21540 21540 F DEBUG   : *** *** *** *** *** *** *** *** *** *** *** *** *** *** *** ***
07-10 13:25:08.765 21540 21540 F DEBUG   : Build fingerprint: 'OnePlus/OnePlus7Pro/OnePlus7Pro:12/SKQ1.211113.001/P.202303230244:user/release-keys'
07-10 13:25:08.765 21540 21540 F DEBUG   : Revision: '0'
07-10 13:25:08.765 21540 21540 F DEBUG   : ABI: 'arm64'
07-10 13:25:08.765 21540 21540 F DEBUG   : Timestamp: 2026-07-10 13:24:59.999879080-0400
07-10 13:25:08.765 21540 21540 F DEBUG   : Process uptime: 0s
07-10 13:25:08.765 21540 21540 F DEBUG   : Cmdline: com.vibekey.keyboard
07-10 13:25:08.765 21540 21540 F DEBUG   : pid: 21136, tid: 21531, name: VkDictCloseDest  >>> com.vibekey.keyboard <<<
07-10 13:25:08.765 21540 21540 F DEBUG   : uid: 14220
07-10 13:25:08.765 21540 21540 F DEBUG   : signal 11 (SIGSEGV), code 1 (SEGV_MAPERR), fault addr 0x730000005a
07-10 13:25:08.765 21540 21540 F DEBUG   :     x0  0000006500000077  x1  00000071f246d430  x2  b4000071465b3800  x3  00000070ae24ddc0
07-10 13:25:08.765 21540 21540 F DEBUG   :     x4  00000070ae24f378  x5  200c4eb50c0526fe  x6  0000000000000000  x7  0000000000000000
07-10 13:25:08.765 21540 21540 F DEBUG   :     x8  0000007300000072  x9  200c4eb50c0526fe  x10 0000000000000000  x11 b4000071465b3800
07-10 13:25:08.765 21540 21540 F DEBUG   :     x12 00000070ae24ddf8  x13 00000071f246d431  x14 0000000000000005  x15 00000000ebad6a89
07-10 13:25:08.765 21540 21540 F DEBUG   :     x16 00000070e4eb7cfc  x17 00000070ae24f1d0  x18 000000704fe88000  x19 b4000071465b3800
07-10 13:25:08.765 21540 21540 F DEBUG   :     x20 0000000000001130  x21 b4000071465b4930  x22 0000006500000077  x23 0000007300000072
07-10 13:25:08.765 21540 21540 F DEBUG   :     x24 000000716af1dc40  x25 00000070ae24f2e0  x26 b40000714f311670  x27 b4000071719aea60
07-10 13:25:08.765 21540 21540 F DEBUG   :     x28 00000070ae24f1e0  x29 00000070ae24f190
07-10 13:25:08.765 21540 21540 F DEBUG   :     lr  000000716aac23a4  sp  00000070ae24f190  pc  00000070e4eb7d5c  pst 0000000020000000
07-10 13:25:08.765 21540 21540 F DEBUG   : backtrace:
07-10 13:25:08.765 21540 21540 F DEBUG   :       #00 pc 00000000000a3d5c  /data/app/~~QVV8Nh9-R0c0Sg-3eq_WTQ==/com.vibekey.keyboard-8KBux_jYtPtbheUxuohy5w==/lib/arm64/libjni_latinime.so (BuildId: f905dbd1a904967a994cf833116e517b05caa863)
07-10 13:25:08.765 21540 21540 F DEBUG   :       #01 pc 00000000002c23a0  /apex/com.android.art/lib64/libart.so (art_quick_generic_jni_trampoline+144) (BuildId: cecb684d19b4f44ee3cbd66142c315f4)
07-10 13:25:08.765 21540 21540 F DEBUG   :       #02 pc 000000000072b39c  /apex/com.android.art/lib64/libart.so (nterp_helper+780) (BuildId: cecb684d19b4f44ee3cbd66142c315f4)
07-10 13:25:08.765 21540 21540 F DEBUG   :       #03 pc 0000000000226b8a  /data/app/~~QVV8Nh9-R0c0Sg-3eq_WTQ==/com.vibekey.keyboard-8KBux_jYtPtbheUxuohy5w==/oat/arm64/base.vdex (com.android.inputmethod.latin.DicTraverseSession.a+22)
07-10 13:25:08.765 21540 21540 F DEBUG   :       #04 pc 000000000072b884  /apex/com.android.art/lib64/libart.so (nterp_helper+2036) (BuildId: cecb684d19b4f44ee3cbd66142c315f4)
07-10 13:25:08.765 21540 21540 F DEBUG   :       #05 pc 0000000000226734  /data/app/~~QVV8Nh9-R0c0Sg-3eq_WTQ==/com.vibekey.keyboard-8KBux_jYtPtbheUxuohy5w==/oat/arm64/base.vdex (com.android.inputmethod.latin.BinaryDictionary.a+84)
07-10 13:25:08.765 21540 21540 F DEBUG   :       #06 pc 000000000072b884  /apex/com.android.art/lib64/libart.so (nterp_helper+2036) (BuildId: cecb684d19b4f44ee3cbd66142c315f4)
07-10 13:25:08.766 21540 21540 F DEBUG   :       #07 pc 0000000000699a1e  /data/app/~~QVV8Nh9-R0c0Sg-3eq_WTQ==/com.vibekey.keyboard-8KBux_jYtPtbheUxuohy5w==/oat/arm64/base.vdex (r7.k.a+22)
07-10 13:25:08.766 21540 21540 F DEBUG   :       #08 pc 000000000072b884  /apex/com.android.art/lib64/libart.so (nterp_helper+2036) (BuildId: cecb684d19b4f44ee3cbd66142c315f4)
07-10 13:25:08.766 21540 21540 F DEBUG   :       #09 pc 0000000000698ac2  /data/app/~~QVV8Nh9-R0c0Sg-3eq_WTQ==/com.vibekey.keyboard-8KBux_jYtPtbheUxuohy5w==/oat/arm64/base.vdex (r7.e.a+34)
07-10 13:25:08.766 21540 21540 F DEBUG   :       #10 pc 000000000072b884  /apex/com.android.art/lib64/libart.so (nterp_helper+2036) (BuildId: cecb684d19b4f44ee3cbd66142c315f4)
07-10 13:25:08.766 21540 21540 F DEBUG   :       #11 pc 00000000005f9ca8  /data/app/~~QVV8Nh9-R0c0Sg-3eq_WTQ==/com.vibekey.keyboard-8KBux_jYtPtbheUxuohy5w==/oat/arm64/base.vdex (l7.t.b+52)
07-10 13:25:08.766 21540 21540 F DEBUG   :       #12 pc 000000000072b884  /apex/com.android.art/lib64/libart.so (nterp_helper+2036) (BuildId: cecb684d19b4f44ee3cbd66142c315f4)
07-10 13:25:08.766 21540 21540 F DEBUG   :       #13 pc 00000000005f8f4e  /data/app/~~QVV8Nh9-R0c0Sg-3eq_WTQ==/com.vibekey.keyboard-8KBux_jYtPtbheUxuohy5w==/oat/arm64/base.vdex (l7.r.d+122)
07-10 13:25:08.766 21540 21540 F DEBUG   :       #14 pc 000000000072b884  /apex/com.android.art/lib64/libart.so (nterp_helper+2036) (BuildId: cecb684d19b4f44ee3cbd66142c315f4)
07-10 13:25:08.766 21540 21540 F DEBUG   :       #15 pc 0000000000216ba6  /data/app/~~QVV8Nh9-R0c0Sg-3eq_WTQ==/com.vibekey.keyboard-8KBux_jYtPtbheUxuohy5w==/oat/arm64/base.vdex (b8.f0.run+1382)
07-10 13:25:08.766 21540 21540 F DEBUG   :       #16 pc 000000000212dce4  /memfd:jit-zygote-cache (deleted)
--------- beginning of system
07-10 13:27:31.162 21657 22304 E ActivityThread: Failed to find provider info for com.oplus.statistics.provider
07-10 13:27:31.163 21657 22304 E OplusStatistics--: IllegalArgumentException:java.lang.IllegalArgumentException: Unknown URL content://com.oplus.statistics.provider/track_event
07-10 13:33:09.619 21657 22304 E ActivityThread: Failed to find provider info for com.oplus.statistics.provider
07-10 13:33:09.619 21657 22304 E OplusStatistics--: IllegalArgumentException:java.lang.IllegalArgumentException: Unknown URL content://com.oplus.statistics.provider/track_event
07-10 13:33:47.197 21657 22304 E ActivityThread: Failed to find provider info for com.oplus.statistics.provider
07-10 13:33:47.197 21657 22304 E OplusStatistics--: IllegalArgumentException:java.lang.IllegalArgumentException: Unknown URL content://com.oplus.statistics.provider/track_event
07-10 13:34:40.789 21657 22304 E ActivityThread: Failed to find provider info for com.oplus.statistics.provider
07-10 13:34:40.789 21657 22304 E OplusStatistics--: IllegalArgumentException:java.lang.IllegalArgumentException: Unknown URL content://com.oplus.statistics.provider/track_event
07-10 13:34:53.014 21657 22304 E ActivityThread: Failed to find provider info for com.oplus.statistics.provider
07-10 13:34:53.014 21657 22304 E OplusStatistics--: IllegalArgumentException:java.lang.IllegalArgumentException: Unknown URL content://com.oplus.statistics.provider/track_event
07-10 13:35:03.173 21657 22304 E ActivityThread: Failed to find provider info for com.oplus.statistics.provider
07-10 13:35:03.174 21657 22304 E OplusStatistics--: IllegalArgumentException:java.lang.IllegalArgumentException: Unknown URL content://com.oplus.statistics.provider/track_event
07-10 13:35:27.472 21657 22304 E ActivityThread: Failed to find provider info for com.oplus.statistics.provider
07-10 13:35:27.474 21657 22304 E OplusStatistics--: IllegalArgumentException:java.lang.IllegalArgumentException: Unknown URL content://com.oplus.statistics.provider/track_event
07-10 13:35:50.470 21657 22304 E ActivityThread: Failed to find provider info for com.oplus.statistics.provider
07-10 13:35:50.470 21657 22304 E OplusStatistics--: IllegalArgumentException:java.lang.IllegalArgumentException: Unknown URL content://com.oplus.statistics.provider/track_event
--------- beginning of main
07-10 13:36:02.529 21657 21657 I VkPanels: ▶ open voice
07-10 13:36:02.574 21657 21657 I VkVibeCards: press pool=5 shown=4
07-10 13:36:02.780 21657 21657 I VkTyping: ○ hidden
07-10 13:36:04.447 21657 21729 E BLASTBufferQueue: BLASTBufferItemConsumer::onDisconnect()
07-10 13:36:04.483 21657 21657 E BLASTBufferQueue: BLASTBufferItemConsumer::onDisconnect()
07-10 13:36:04.726 21657 21729 E BLASTBufferQueue: BLASTBufferItemConsumer::onDisconnect()
07-10 13:36:04.733 21657 21657 E BLASTBufferQueue: BLASTBufferItemConsumer::onDisconnect()
07-10 13:36:05.047 21657 21729 E BLASTBufferQueue: BLASTBufferItemConsumer::onDisconnect()
07-10 13:36:05.066 21657 21657 E BLASTBufferQueue: BLASTBufferItemConsumer::onDisconnect()
07-10 13:36:05.362 21657 21729 E BLASTBufferQueue: BLASTBufferItemConsumer::onDisconnect()
07-10 13:36:05.378 21657 21657 E BLASTBufferQueue: BLASTBufferItemConsumer::onDisconnect()
07-10 13:36:07.472 21657 21657 I VkTyping: ▶ open restart=false pkg=com.android.launcher inputType=589825
07-10 13:36:08.035 21657 21657 W VkStall : MAIN-THREAD STALL 584ms during: >>>>> Dispatching to Handler (com.android.internal.os.HandlerCaller$MyHandler) {8b2e60c} null: 60
07-10 13:36:08.059 21657 21729 E BLASTBufferQueue: BLASTBufferItemConsumer::onDisconnect()
07-10 13:36:08.791 20867 21010 I OnDeviceAssist: warm ok model=qwen2.5-0.5b-instruct-q4_0.gguf ambient=40 chars 397ms
07-10 13:36:08.870 20867 24252 I OnDeviceAssist: warm ok model=qwen2.5-0.5b-instruct-q4_0.gguf ambient=40 chars 0ms
07-10 13:36:10.711 21657 21657 I VkTyping: ○ hidden
07-10 13:36:11.934 21657 21657 I VkTyping: ▶ open restart=false pkg=com.android.launcher inputType=589825
07-10 13:36:12.754 21657 22304 E ActivityThread: Failed to find provider info for com.oplus.statistics.provider
07-10 13:36:12.754 21657 22304 E OplusStatistics--: IllegalArgumentException:java.lang.IllegalArgumentException: Unknown URL content://com.oplus.statistics.provider/track_event
07-10 13:36:12.855 21657 21657 I VkPanels: ▶ open menu
07-10 13:36:13.202 20867 20893 I OnDeviceAssist: warm ok model=qwen2.5-0.5b-instruct-q4_0.gguf ambient=40 chars 407ms
07-10 13:36:14.098 21657 21657 I VkPanels: ▶ open menu
07-10 13:36:15.344 21657 21657 I VkSwipe : ▶ gesture started locale=pt-BR
07-10 13:36:15.433 21657 21691 W VibeKeyProfiler: Slow Native Suggest: Total=8.07ms | Init=0.14ms | TrieExpand(x14)=7.90ms | Scoring=0.03ms | inputSize=2
07-10 13:36:15.439 21657 21691 I VkSuggestions: decode typedLen=2 candidates=18 locales=2 20,4ms
07-10 13:36:15.439 21657 21691 W VkSuggestions: slow frame 20,4ms locales=2 typedLen=2 candidates=18 parallelWait=20,2ms
07-10 13:36:15.458 21657 21691 I VkSuggestions: decode typedLen=0 candidates=18 locales=2 18,3ms
07-10 13:36:15.458 21657 21691 W VkSuggestions: slow frame 18,3ms locales=2 typedLen=0 candidates=18 parallelWait=18,1ms
07-10 13:36:15.488 21657 21657 I VkSwipe : ✓ gesture points=11 decodedLen=2 candidates=14 top=ji 143ms
07-10 13:36:15.729 21657 21657 I VkSwipe : ▶ gesture started locale=pt-BR
07-10 13:36:15.827 21657 21691 I VkSuggestions: decode typedLen=3 candidates=18 locales=2 12,4ms
07-10 13:36:15.844 21657 21691 I VkSuggestions: decode typedLen=0 candidates=18 locales=2 16,1ms
07-10 13:36:15.844 21657 21691 W VkSuggestions: slow frame 16,1ms locales=2 typedLen=0 candidates=18 parallelWait=16,0ms
07-10 13:36:16.067 21657 21691 I VkSuggestions: decode typedLen=3 candidates=18 locales=2 14,4ms
07-10 13:36:16.085 21657 21691 I VkSuggestions: decode typedLen=0 candidates=18 locales=2 17,7ms
07-10 13:36:16.086 21657 21691 W VkSuggestions: slow frame 17,7ms locales=2 typedLen=0 candidates=18 parallelWait=17,6ms
07-10 13:36:16.186 21657 21691 I VkSuggestions: decode typedLen=3 candidates=18 locales=2 19,0ms
07-10 13:36:16.186 21657 21691 W VkSuggestions: slow frame 19,0ms locales=2 typedLen=3 candidates=18 parallelWait=18,9ms
07-10 13:36:16.200 21657 21691 I VkSuggestions: decode typedLen=0 candidates=18 locales=2 14,1ms
07-10 13:36:16.308 21657 21691 I VkSuggestions: decode typedLen=4 candidates=18 locales=2 13,0ms
07-10 13:36:16.317 21657 21691 W VibeKeyProfiler: Slow Native Suggest: Total=8.89ms | Init=0.14ms | TrieExpand(x13)=8.73ms | Scoring=0.02ms | inputSize=39
07-10 13:36:16.328 21657 21691 I VkSuggestions: decode typedLen=0 candidates=18 locales=2 19,3ms
07-10 13:36:16.328 21657 21691 W VkSuggestions: slow frame 19,3ms locales=2 typedLen=0 candidates=18 parallelWait=19,2ms
07-10 13:36:16.564 21657 21691 I VkSuggestions: decode typedLen=1 candidates=18 locales=2 14,3ms
07-10 13:36:16.565 21657 21691 I VkSuggestions: strip composing typedLen=1 candidates=17 autocorrect=false top=d locale=pt
07-10 13:36:16.679 21657 21691 I VkSuggestions: decode typedLen=2 candidates=18 locales=2 9,7ms
07-10 13:36:16.680 21657 21691 I VkSuggestions: strip composing typedLen=2 candidates=14 autocorrect=false top=dh locale=pt
07-10 13:36:16.821 21657 21691 I VkSuggestions: decode typedLen=3 candidates=18 locales=2 12,6ms
07-10 13:36:16.822 21657 21691 I VkSuggestions: strip composing typedLen=3 candidates=13 autocorrect=false top=dhh locale=pt
07-10 13:36:17.001 21657 21691 W VibeKeyProfiler: Slow Native Suggest: Total=9.66ms | Init=0.11ms | TrieExpand(x9)=9.50ms | Scoring=0.04ms | inputSize=4
07-10 13:36:17.014 21657 21691 I VkSuggestions: decode typedLen=4 candidates=18 locales=2 27,7ms
07-10 13:36:17.015 21657 21691 W VkSuggestions: slow frame 27,7ms locales=2 typedLen=4 candidates=18 parallelWait=27,6ms
07-10 13:36:17.016 21657 21691 I VkSuggestions: strip composing typedLen=4 candidates=17 autocorrect=false top=dhhd locale=pt
07-10 13:36:17.375 21657 21691 I VkSuggestions: decode typedLen=5 candidates=18 locales=2 6,2ms
07-10 13:36:17.376 21657 21691 I VkSuggestions: strip composing typedLen=5 candidates=18 autocorrect=false top=dhhdj locale=pt
07-10 13:36:17.556 21657 21691 I VkSuggestions: decode typedLen=6 candidates=18 locales=2 3,3ms
07-10 13:36:17.557 21657 21691 I VkSuggestions: strip composing typedLen=6 candidates=18 autocorrect=false top=dhhdjh locale=pt
07-10 13:36:17.722 21657 21691 I VkSuggestions: decode typedLen=7 candidates=18 locales=2 8,1ms
07-10 13:36:17.725 21657 21691 I VkSuggestions: strip composing typedLen=7 candidates=19 autocorrect=false top=dhhdjhd locale=pt
07-10 13:36:18.726 21657 21691 I VkSuggestions: strip prediction typedLen=0 candidates=3 autocorrect=false top=bom locale=pt
07-10 13:36:19.561 21657 21657 I VkPanels: ▶ open menu
07-10 13:36:21.000 21657 21691 W VibeKeyProfiler: Slow Native Suggest: Total=11.08ms | Init=0.50ms | TrieExpand(x18)=10.52ms | Scoring=0.05ms | inputSize=1
07-10 13:36:21.013 21657 21691 W VibeKeyProfiler: Slow Native Suggest: Total=11.98ms | Init=0.48ms | TrieExpand(x18)=11.47ms | Scoring=0.03ms | inputSize=1
07-10 13:36:21.024 21657 21691 I VkSuggestions: decode typedLen=1 candidates=18 locales=2 35,7ms
07-10 13:36:21.024 21657 21691 W VkSuggestions: slow frame 35,7ms locales=2 typedLen=1 candidates=18 parallelWait=35,6ms
07-10 13:36:21.025 21657 21691 I VkSuggestions: strip composing typedLen=1 candidates=18 autocorrect=false top=h locale=pt
07-10 13:36:21.215 21657 21691 I VkSuggestions: decode typedLen=2 candidates=18 locales=2 11,7ms
07-10 13:36:21.217 21657 21691 I VkSuggestions: strip composing typedLen=2 candidates=13 autocorrect=false top=hg locale=pt
07-10 13:36:21.449 21657 21691 I VkSuggestions: decode typedLen=3 candidates=18 locales=2 10,0ms
07-10 13:36:21.451 21657 21691 I VkSuggestions: strip composing typedLen=3 candidates=13 autocorrect=false top=hgh locale=pt
07-10 13:36:21.633 21657 21691 I VkSuggestions: decode typedLen=4 candidates=18 locales=2 12,2ms
07-10 13:36:21.635 21657 21691 I VkSuggestions: strip composing typedLen=4 candidates=12 autocorrect=false top=hghd locale=pt
07-10 13:36:21.830 21657 21691 I VkSuggestions: decode typedLen=5 candidates=18 locales=2 14,7ms
07-10 13:36:21.832 21657 21691 I VkSuggestions: strip composing typedLen=5 candidates=15 autocorrect=false top=hghdk locale=pt
07-10 13:36:22.856 21657 21657 W VkStall : MAIN-THREAD STALL 153ms during: >>>>> Dispatching to Handler (i7.a1) {622e176} null: 1
07-10 13:36:22.960 21657 21691 I VkSuggestions: strip prediction typedLen=0 candidates=3 autocorrect=false top=bom locale=pt
07-10 13:36:25.350 21657 21691 W VibeKeyProfiler: Slow Native Suggest: Total=11.82ms | Init=0.64ms | TrieExpand(x15)=11.15ms | Scoring=0.04ms | inputSize=1
07-10 13:36:25.364 21657 21691 W VibeKeyProfiler: Slow Native Suggest: Total=12.75ms | Init=0.44ms | TrieExpand(x18)=12.27ms | Scoring=0.04ms | inputSize=1
07-10 13:36:25.374 21657 21691 W VibeKeyProfiler: Slow Native Suggest: Total=8.94ms | Init=0.32ms | TrieExpand(x14)=8.59ms | Scoring=0.02ms | inputSize=1
07-10 13:36:25.381 21657 21691 I VkSuggestions: decode typedLen=1 candidates=18 locales=2 42,9ms
07-10 13:36:25.382 21657 21691 W VkSuggestions: slow frame 42,9ms locales=2 typedLen=1 candidates=18 parallelWait=42,8ms
07-10 13:36:25.383 21657 21691 I VkSuggestions: strip composing typedLen=1 candidates=19 autocorrect=false top=j locale=pt
07-10 13:36:25.615 21657 21657 I VkPanels: ▶ open assist
07-10 13:36:25.628 21657 21657 I OnDeviceAssist: ▶ panel open
07-10 13:36:26.246 20867 24252 I OnDeviceAssist: warm ok model=qwen2.5-0.5b-instruct-q4_0.gguf ambient=40 chars 0ms
07-10 13:36:30.248 21657 21657 I VkPanels: ▶ open ai_theme
07-10 13:36:30.258 21657 21657 I VkVibeCards: press pool=5 shown=4
07-10 13:36:32.081 21657 21729 E BLASTBufferQueue: BLASTBufferItemConsumer::onDisconnect()
07-10 13:36:32.112 21657 21657 E BLASTBufferQueue: BLASTBufferItemConsumer::onDisconnect()
07-10 13:36:32.421 21657 21729 E BLASTBufferQueue: BLASTBufferItemConsumer::onDisconnect()
07-10 13:36:32.447 21657 21657 E BLASTBufferQueue: BLASTBufferItemConsumer::onDisconnect()
07-10 13:36:32.744 21657 21729 E BLASTBufferQueue: BLASTBufferItemConsumer::onDisconnect()
07-10 13:36:32.777 21657 21657 E BLASTBufferQueue: BLASTBufferItemConsumer::onDisconnect()
07-10 13:36:33.071 21657 21729 E BLASTBufferQueue: BLASTBufferItemConsumer::onDisconnect()
07-10 13:36:33.080 21657 21657 E BLASTBufferQueue: BLASTBufferItemConsumer::onDisconnect()
07-10 13:36:34.060 21657 21691 I VkSuggestions: decode typedLen=2 candidates=18 locales=2 16,5ms
07-10 13:36:34.061 21657 21691 W VkSuggestions: slow frame 16,5ms locales=2 typedLen=2 candidates=18 parallelWait=16,4ms
07-10 13:36:34.061 21657 21691 I VkSuggestions: strip composing typedLen=2 candidates=12 autocorrect=false top=jj locale=pt
07-10 13:36:34.264 21657 21691 I VkSuggestions: decode typedLen=3 candidates=18 locales=2 9,7ms
07-10 13:36:34.265 21657 21691 I VkSuggestions: strip composing typedLen=3 candidates=16 autocorrect=false top=jjj locale=pt
07-10 13:36:34.470 21657 21691 I VkSuggestions: decode typedLen=5 candidates=18 locales=2 13,8ms
07-10 13:36:34.471 21657 21691 I VkSuggestions: strip composing typedLen=5 candidates=18 autocorrect=false top=jjjdj locale=pt
07-10 13:36:35.611 21657 21691 I VkSuggestions: strip prediction typedLen=0 candidates=3 autocorrect=false top=bom locale=pt
07-10 13:36:36.329 21657 21657 I VkAutocorrect: picked: dia
07-10 13:36:36.435 21657 21691 I VkSuggestions: decode typedLen=0 candidates=1 locales=2 3,0ms
07-10 13:36:36.437 21657 21691 I VkSuggestions: strip prediction typedLen=0 candidates=1 autocorrect=false top=você locale=pt
07-10 13:36:38.154 21657 21657 W VkStall : MAIN-THREAD STALL 143ms during: >>>>> Dispatching to Handler (i7.a1) {622e176} null: 1
07-10 13:36:38.292 21657 21657 W VkStall : MAIN-THREAD STALL 131ms during: >>>>> Dispatching to Handler (i7.a1) {622e176} null: 1
07-10 13:36:39.199 21657 21657 I VkPanels: ▶ open editor
07-10 13:36:40.542 21657 21657 I VkPanels: ▶ open ai_theme
07-10 13:36:40.552 21657 21657 I VkVibeCards: press pool=5 shown=4
07-10 13:36:42.391 21657 21729 E BLASTBufferQueue: BLASTBufferItemConsumer::onDisconnect()
07-10 13:36:42.425 21657 21657 E BLASTBufferQueue: BLASTBufferItemConsumer::onDisconnect()
07-10 13:36:42.731 21657 21729 E BLASTBufferQueue: BLASTBufferItemConsumer::onDisconnect()
07-10 13:36:42.757 21657 21657 E BLASTBufferQueue: BLASTBufferItemConsumer::onDisconnect()
07-10 13:36:43.049 21657 21729 E BLASTBufferQueue: BLASTBufferItemConsumer::onDisconnect()
07-10 13:36:43.065 21657 21657 E BLASTBufferQueue: BLASTBufferItemConsumer::onDisconnect()
07-10 13:36:43.353 21657 21729 E BLASTBufferQueue: BLASTBufferItemConsumer::onDisconnect()
07-10 13:36:43.373 21657 21657 E BLASTBufferQueue: BLASTBufferItemConsumer::onDisconnect()
07-10 13:36:44.864 21657 21657 I VkPanels: ▶ open voice
07-10 13:36:45.190 20867 24252 I OnDeviceAssist: warm ok model=qwen2.5-0.5b-instruct-q4_0.gguf ambient=40 chars 0ms
07-10 13:36:46.512 21657 21657 E SpeechRecognizer: not connected to the recognition service
07-10 13:36:46.691 21657 21729 E BLASTBufferQueue: BLASTBufferItemConsumer::onDisconnect()
07-10 13:36:46.716 21657 21657 E BLASTBufferQueue: BLASTBufferItemConsumer::onDisconnect()
07-10 13:36:47.019 21657 21729 E BLASTBufferQueue: BLASTBufferItemConsumer::onDisconnect()
07-10 13:36:47.037 21657 21657 E BLASTBufferQueue: BLASTBufferItemConsumer::onDisconnect()
07-10 13:36:47.346 21657 21729 E BLASTBufferQueue: BLASTBufferItemConsumer::onDisconnect()
07-10 13:36:47.362 21657 21657 E BLASTBufferQueue: BLASTBufferItemConsumer::onDisconnect()
07-10 13:36:47.692 21657 21729 E BLASTBufferQueue: BLASTBufferItemConsumer::onDisconnect()
07-10 13:36:47.699 21657 21657 E BLASTBufferQueue: BLASTBufferItemConsumer::onDisconnect()
07-10 13:36:47.860 21657 21691 W VibeKeyProfiler: Slow Native Suggest: Total=11.19ms | Init=0.44ms | TrieExpand(x18)=10.71ms | Scoring=0.04ms | inputSize=1
07-10 13:36:47.873 21657 21691 W VibeKeyProfiler: Slow Native Suggest: Total=12.09ms | Init=0.45ms | TrieExpand(x15)=11.61ms | Scoring=0.02ms | inputSize=1
07-10 13:36:47.881 21657 21691 I VkSuggestions: decode typedLen=1 candidates=18 locales=2 32,3ms
07-10 13:36:47.881 21657 21691 W VkSuggestions: slow frame 32,3ms locales=2 typedLen=1 candidates=18 parallelWait=32,3ms
07-10 13:36:47.882 21657 21691 I VkSuggestions: strip composing typedLen=1 candidates=17 autocorrect=false top=h locale=pt
07-10 13:36:48.074 21657 21691 I VkSuggestions: decode typedLen=2 candidates=18 locales=2 11,8ms
07-10 13:36:48.075 21657 21691 I VkSuggestions: strip composing typedLen=2 candidates=11 autocorrect=false top=hg locale=pt
07-10 13:36:48.236 21657 21691 W VibeKeyProfiler: Slow Native Suggest: Total=9.95ms | Init=0.11ms | TrieExpand(x15)=9.79ms | Scoring=0.05ms | inputSize=3
07-10 13:36:48.248 21657 21691 I VkSuggestions: decode typedLen=3 candidates=18 locales=2 31,6ms
07-10 13:36:48.249 21657 21691 W VkSuggestions: slow frame 31,6ms locales=2 typedLen=3 candidates=18 parallelWait=31,4ms
07-10 13:36:48.251 21657 21691 I VkSuggestions: strip composing typedLen=3 candidates=13 autocorrect=false top=hgd locale=pt
07-10 13:36:49.846 21657 21691 I VkSuggestions: decode typedLen=4 candidates=18 locales=2 9,6ms
07-10 13:36:49.847 21657 21691 I VkSuggestions: strip composing typedLen=4 candidates=17 autocorrect=false top=hgdj locale=pt
07-10 13:36:50.017 21657 21691 I VkSuggestions: decode typedLen=5 candidates=18 locales=2 4,6ms
07-10 13:36:50.018 21657 21691 I VkSuggestions: strip composing typedLen=5 candidates=17 autocorrect=false top=hgdjj locale=pt
07-10 13:36:50.255 21657 21691 I VkSuggestions: decode typedLen=6 candidates=18 locales=2 7,0ms
07-10 13:36:50.258 21657 21691 I VkSuggestions: strip composing typedLen=6 candidates=19 autocorrect=false top=hgdjjd locale=pt
07-10 13:36:50.551 21657 21657 I VkPanels: ▶ open assist
07-10 13:36:50.565 21657 21657 I OnDeviceAssist: ▶ panel open
07-10 13:36:51.182 20867 24252 I OnDeviceAssist: warm ok model=qwen2.5-0.5b-instruct-q4_0.gguf ambient=40 chars 0ms
07-10 13:36:53.305 21657 21691 I VkSuggestions: decode typedLen=8 candidates=18 locales=2 3,3ms
07-10 13:36:53.306 21657 21691 I VkSuggestions: strip composing typedLen=8 candidates=19 autocorrect=false top=hgdjjddj locale=pt
07-10 13:36:53.461 21657 21691 I VkSuggestions: decode typedLen=9 candidates=18 locales=2 10,2ms
07-10 13:36:53.462 21657 21691 I VkSuggestions: strip composing typedLen=9 candidates=19 autocorrect=false top=hgdjjddjj locale=pt
07-10 13:36:53.586 21657 21691 W VibeKeyProfiler: Slow Native Suggest: Total=9.36ms | Init=0.12ms | TrieExpand(x5)=9.19ms | Scoring=0.04ms | inputSize=10
07-10 13:36:53.596 21657 21691 I VkSuggestions: decode typedLen=10 candidates=18 locales=2 25,9ms
07-10 13:36:53.597 21657 21691 W VkSuggestions: slow frame 25,9ms locales=2 typedLen=10 candidates=18 parallelWait=25,7ms
07-10 13:36:53.599 21657 21691 I VkSuggestions: strip composing typedLen=10 candidates=19 autocorrect=false top=hgdjjddjjd locale=pt
07-10 13:36:54.225 21657 21657 I VkPanels: ▶ open assist
07-10 13:36:54.240 21657 21657 I OnDeviceAssist: ▶ panel open
07-10 13:36:54.884 20867 20893 I OnDeviceAssist: warm ok model=qwen2.5-0.5b-instruct-q4_0.gguf ambient=40 chars 0ms
07-10 13:36:54.993 21657 21657 I OnDeviceAssist: ▶ tap task=tone_casual in=16 chars
07-10 13:36:55.000 21657 21819 I OnDeviceAssist: ▶ assist_ipc task=tone_casual in=16 chars
07-10 13:36:55.007 20867 21020 I OnDeviceAssist: dispatch task=tone_casual in=16 chars engine=Ready
07-10 13:36:55.007 20867 21020 I OnDeviceAssist: ▶ runSync task=tone_casual in=16 chars locale=pt
07-10 13:36:55.007 20867 21020 I OnDeviceAssist: → llm task=tone_casual model=qwen2.5-0.5b-instruct-q4_0.gguf temp=0.45 maxTok=64
07-10 13:36:56.294 20867 21020 I OnDeviceAssist: ✓ llm task=tone_casual 1287ms out=30 chars
07-10 13:36:56.294 20867 21020 I OnDeviceAssist: done task=tone_casual 1288ms out=30 chars
07-10 13:36:56.295 21657 22621 I OnDeviceAssist: ✓ assist (ime) task=tone_casual 1295ms in=16 out=30
07-10 13:36:57.976 21657 21691 I VkSuggestions: decode typedLen=1 candidates=18 locales=2 15,3ms
07-10 13:36:57.977 21657 21691 I VkSuggestions: strip composing typedLen=1 candidates=17 autocorrect=false top=h locale=pt
07-10 13:36:58.152 21657 21691 I VkSuggestions: decode typedLen=2 candidates=18 locales=2 10,1ms
07-10 13:36:58.153 21657 21691 I VkSuggestions: strip composing typedLen=2 candidates=12 autocorrect=false top=hh locale=pt
07-10 13:36:58.312 21657 21691 W VibeKeyProfiler: Slow Native Suggest: Total=8.27ms | Init=0.32ms | TrieExpand(x21)=7.91ms | Scoring=0.04ms | inputSize=3
07-10 13:36:58.323 21657 21691 W VibeKeyProfiler: Slow Native Suggest: Total=10.43ms | Init=0.11ms | TrieExpand(x15)=10.26ms | Scoring=0.05ms | inputSize=3
07-10 13:36:58.336 21657 21691 I VkSuggestions: decode typedLen=3 candidates=18 locales=2 32,3ms
07-10 13:36:58.336 21657 21691 W VkSuggestions: slow frame 32,3ms locales=2 typedLen=3 candidates=18 parallelWait=32,2ms
07-10 13:36:58.339 21657 21691 I VkSuggestions: strip composing typedLen=3 candidates=17 autocorrect=false top=hhe locale=pt
07-10 13:36:58.830 21657 21657 I VkTyping: ▶ open restart=true pkg=com.android.launcher inputType=589825
07-10 13:36:59.710 21657 21657 I VkTyping: ○ hidden
07-10 13:37:01.046 21657 21657 I VkTyping: ▶ open restart=false pkg=com.android.launcher inputType=589825
07-10 13:37:02.043 21657 21657 I VkPanels: ▶ open menu
07-10 13:37:02.339 20867 21020 I OnDeviceAssist: warm ok model=qwen2.5-0.5b-instruct-q4_0.gguf ambient=40 chars 410ms
07-10 13:37:04.536 21657 21657 I VkPanels: ▶ open menu
07-10 13:37:06.165 21657 21657 I VkPanels: ▶ open menu
07-10 13:37:08.026 21657 21657 I VkTyping: ○ hidden
07-10 13:37:09.170 21657 21657 I VkTyping: ▶ open restart=false pkg=com.android.launcher inputType=589825
07-10 13:37:09.690 21657 22304 E ActivityThread: Failed to find provider info for com.oplus.statistics.provider
07-10 13:37:09.690 21657 22304 E OplusStatistics--: IllegalArgumentException:java.lang.IllegalArgumentException: Unknown URL content://com.oplus.statistics.provider/track_event
07-10 13:37:10.030 21657 21657 I VkPanels: ▶ open menu
07-10 13:37:10.429 20867 21010 I OnDeviceAssist: warm ok model=qwen2.5-0.5b-instruct-q4_0.gguf ambient=40 chars 388ms
07-10 13:37:11.032 21657 21657 I VkTyping: ○ hidden
07-10 13:37:12.145 21657 21657 I VkTyping: ▶ open restart=false pkg=com.android.launcher inputType=589825
07-10 13:37:13.017 21657 21657 I VkPanels: ▶ open menu
07-10 13:37:13.418 20867 24252 I OnDeviceAssist: warm ok model=qwen2.5-0.5b-instruct-q4_0.gguf ambient=40 chars 389ms
07-10 13:37:13.907 21657 21657 I VkTyping: ○ hidden
07-10 13:37:15.127 21657 21657 I VkTyping: ▶ open restart=false pkg=com.android.launcher inputType=589825
07-10 13:37:16.463 20867 20893 I OnDeviceAssist: warm ok model=qwen2.5-0.5b-instruct-q4_0.gguf ambient=40 chars 441ms
07-10 13:37:16.526 21657 21691 W VibeKeyProfiler: Slow Native Suggest: Total=9.31ms | Init=0.22ms | TrieExpand(x15)=9.06ms | Scoring=0.02ms | inputSize=1
07-10 13:37:16.534 21657 21691 I VkSuggestions: decode typedLen=1 candidates=18 locales=2 23,0ms
07-10 13:37:16.535 21657 21691 W VkSuggestions: slow frame 23,0ms locales=2 typedLen=1 candidates=18 parallelWait=22,9ms
07-10 13:37:16.536 21657 21691 I VkSuggestions: strip composing typedLen=1 candidates=19 autocorrect=false top=j locale=pt
07-10 13:37:16.753 21657 21691 I VkSuggestions: decode typedLen=2 candidates=18 locales=2 11,2ms
07-10 13:37:16.754 21657 21691 I VkSuggestions: strip composing typedLen=2 candidates=14 autocorrect=false top=jh locale=pt
07-10 13:37:16.920 21657 21691 W VibeKeyProfiler: Slow Native Suggest: Total=8.38ms | Init=0.38ms | TrieExpand(x18)=7.96ms | Scoring=0.04ms | inputSize=3
07-10 13:37:16.932 21657 21691 W VibeKeyProfiler: Slow Native Suggest: Total=10.16ms | Init=0.18ms | TrieExpand(x13)=9.94ms | Scoring=0.04ms | inputSize=3
07-10 13:37:16.942 21657 21691 I VkSuggestions: decode typedLen=3 candidates=18 locales=2 29,7ms
07-10 13:37:16.942 21657 21691 W VkSuggestions: slow frame 29,7ms locales=2 typedLen=3 candidates=18 parallelWait=29,6ms
07-10 13:37:16.944 21657 21691 I VkSuggestions: strip composing typedLen=3 candidates=13 autocorrect=false top=jhh locale=pt
07-10 13:37:17.074 21657 21691 I VkSuggestions: decode typedLen=4 candidates=18 locales=2 18,2ms
07-10 13:37:17.075 21657 21691 W VkSuggestions: slow frame 18,2ms locales=2 typedLen=4 candidates=18 parallelWait=18,1ms
07-10 13:37:17.076 21657 21691 I VkSuggestions: strip composing typedLen=4 candidates=15 autocorrect=false top=jhhd locale=pt
07-10 13:37:17.404 21657 21691 I VkSuggestions: decode typedLen=5 candidates=18 locales=2 16,0ms
07-10 13:37:17.405 21657 21691 W VkSuggestions: slow frame 16,0ms locales=2 typedLen=5 candidates=18 parallelWait=15,9ms
07-10 13:37:17.406 21657 21691 I VkSuggestions: strip composing typedLen=5 candidates=17 autocorrect=false top=jhhdo locale=pt
07-10 13:37:17.647 21657 21691 I VkSuggestions: decode typedLen=6 candidates=18 locales=2 3,8ms
07-10 13:37:17.648 21657 21691 I VkSuggestions: strip composing typedLen=6 candidates=18 autocorrect=false top=jhhdou locale=pt
07-10 13:37:17.837 21657 21691 I VkSuggestions: decode typedLen=7 candidates=18 locales=2 3,7ms
07-10 13:37:17.839 21657 21691 I VkSuggestions: strip composing typedLen=7 candidates=18 autocorrect=false top=jhhdouy locale=pt
07-10 13:37:17.998 21657 21691 I VkSuggestions: decode typedLen=8 candidates=18 locales=2 15,4ms
07-10 13:37:18.001 21657 21691 I VkSuggestions: strip composing typedLen=8 candidates=18 autocorrect=false top=jhhdouyr locale=pt
07-10 13:37:18.406 21657 21691 W VibeKeyProfiler: Slow Native Suggest: Total=10.60ms | Init=0.62ms | TrieExpand(x7)=9.94ms | Scoring=0.03ms | inputSize=7
07-10 13:37:18.416 21657 21691 W VibeKeyProfiler: Slow Native Suggest: Total=8.43ms | Init=0.17ms | TrieExpand(x5)=8.23ms | Scoring=0.03ms | inputSize=7
07-10 13:37:18.423 21657 21691 I VkSuggestions: decode typedLen=7 candidates=18 locales=2 27,3ms
07-10 13:37:18.423 21657 21691 W VkSuggestions: slow frame 27,3ms locales=2 typedLen=7 candidates=18 parallelWait=27,2ms
07-10 13:37:18.424 21657 21691 I VkSuggestions: strip composing typedLen=7 candidates=18 autocorrect=false top=jhhdouy locale=pt
07-10 13:37:20.314 21657 21691 I VkSuggestions: decode typedLen=8 candidates=18 locales=2 10,0ms
07-10 13:37:20.316 21657 21691 I VkSuggestions: strip composing typedLen=8 candidates=19 autocorrect=false top=jhhdouyh locale=pt
07-10 13:37:20.506 21657 21691 I VkSuggestions: decode typedLen=9 candidates=18 locales=2 10,2ms
07-10 13:37:20.508 21657 21691 I VkSuggestions: strip composing typedLen=9 candidates=19 autocorrect=false top=jhhdouyhh locale=pt
07-10 13:37:20.651 21657 21691 I VkSuggestions: decode typedLen=10 candidates=18 locales=2 12,0ms
07-10 13:37:20.653 21657 21691 I VkSuggestions: strip composing typedLen=10 candidates=19 autocorrect=false top=jhhdouyhhd locale=pt
07-10 13:37:21.019 21657 22304 E ActivityThread: Failed to find provider info for com.oplus.statistics.provider
07-10 13:37:21.019 21657 22304 E OplusStatistics--: IllegalArgumentException:java.lang.IllegalArgumentException: Unknown URL content://com.oplus.statistics.provider/track_event
07-10 13:37:21.802 21657 21657 W VkStall : MAIN-THREAD STALL 121ms during: >>>>> Dispatching to Handler (i7.a1) {622e176} null: 1
07-10 13:37:21.907 21657 21691 I VkSuggestions: strip prediction typedLen=0 candidates=3 autocorrect=false top=dia locale=pt
07-10 13:37:22.954 21657 21657 I VkPanels: ▶ open menu
07-10 13:37:28.899 21657 21657 I VkPanels: ▶ open menu
07-10 13:37:32.223 21657 21657 W Settings: Setting transition_animation_scale has moved from android.provider.Settings.System to android.provider.Settings.Global, returning read-only value.
07-10 13:37:32.374 21657 21657 W VkStall : MAIN-THREAD STALL 188ms (imeHideInProgress) during: >>>>> Dispatching to Handler (android.view.Choreographer$FrameHandler) {9fa26fa} android.view.Choreographer$FrameDisplayEventReceiver@6bef4ab: 0
07-10 13:37:32.375 21657 21657 I VkTyping: ○ hidden
07-10 13:37:36.142 21657 21729 E BLASTBufferQueue: BLASTBufferItemConsumer::onDisconnect()

=== Feature activity (persisted across restarts) ===
2026-07-10 13:23:09.642605 I VkFavorites: save card Bitcoin Vibe activate=false
2026-07-10 13:23:09.713003 I VkFavorites: save card Doge Meme activate=false
2026-07-10 13:23:09.780546 I VkFavorites: save card Ethereum Vibes activate=false
2026-07-10 13:23:09.829214 I VkFavorites: save card India Popular City activate=false
2026-07-10 13:23:09.906637 I VkFavorites: save card Miami Beach Crypto activate=false
2026-07-10 13:23:09.974285 I VkFavorites: save card Nike Sneakers Crypto activate=false
2026-07-10 13:23:10.021837 I VkFavorites: save card Pepe Meme Frog activate=false
2026-07-10 13:23:10.075487 I VkFavorites: save card Times Square NFT activate=false
2026-07-10 13:23:10.148256 I VkMultilingual: reset main=pt-BR locales=[pt] count=1
2026-07-10 13:23:12.313601 I VkTyping: ○ hidden
2026-07-10 13:23:14.734395 I VkSwipe: ○ gesture canceled
2026-07-10 13:23:14.750411 I VkEffects: reload anim=scale blur=562px glow=true stickers=true
2026-07-10 13:23:14.811858 I VkTyping: ▶ open restart=false pkg=com.android.launcher inputType=589825
2026-07-10 13:23:14.903299 W VkStall: MAIN-THREAD STALL 171ms during: >>>>> Dispatching to Handler (com.android.internal.os.HandlerCaller$MyHandler) {373c189} null: 60
2026-07-10 13:23:15.035253 W VkStall: MAIN-THREAD STALL 131ms during: >>>>> Dispatching to Handler (android.view.Choreographer$FrameHandler) {d2e6e30} android.view.Choreographer$FrameDisplayEventReceiver@b77baa9: 0
2026-07-10 13:23:18.545088 I VkTyping: ○ hidden
2026-07-10 13:23:25.002360 I VkMultilingual: reset main=pt-BR locales=[pt] count=1
2026-07-10 13:23:25.047263 I VkSwipe: ○ gesture canceled
2026-07-10 13:23:25.098761 I VkTyping: ▶ open restart=false pkg=com.android.launcher inputType=589825
2026-07-10 13:23:27.625884 I VkTyping: ○ hidden
2026-07-10 13:23:30.467553 I VkMultilingual: reset main=pt-BR locales=[pt] count=1
2026-07-10 13:23:30.517791 I VkSwipe: ○ gesture canceled
2026-07-10 13:23:30.571506 I VkTyping: ▶ open restart=false pkg=com.android.launcher inputType=589825
2026-07-10 13:23:32.932246 I VkSuggestions: decode typedLen=1 candidates=18 locales=1 10,0ms
2026-07-10 13:23:32.934347 I VkSuggestions: strip composing typedLen=1 candidates=19 autocorrect=false top=j locale=pt
2026-07-10 13:23:33.121637 I VkSuggestions: decode typedLen=2 candidates=18 locales=1 6,7ms
2026-07-10 13:23:33.123442 I VkSuggestions: strip composing typedLen=2 candidates=18 autocorrect=false top=jg locale=pt
2026-07-10 13:23:33.292074 I VkSuggestions: decode typedLen=3 candidates=18 locales=1 5,5ms
2026-07-10 13:23:33.293476 I VkSuggestions: strip composing typedLen=3 candidates=18 autocorrect=false top=jgg locale=pt
2026-07-10 13:23:33.511811 I VkSuggestions: decode typedLen=4 candidates=18 locales=1 6,8ms
2026-07-10 13:23:33.513622 I VkSuggestions: strip composing typedLen=4 candidates=19 autocorrect=false top=jggs locale=pt
2026-07-10 13:23:33.652212 I VkSuggestions: decode typedLen=5 candidates=18 locales=1 4,7ms
2026-07-10 13:23:33.654306 I VkSuggestions: strip composing typedLen=5 candidates=19 autocorrect=false top=jggsi locale=pt
2026-07-10 13:23:33.867707 I VkSuggestions: decode typedLen=6 candidates=18 locales=1 2,5ms
2026-07-10 13:23:33.869283 I VkSuggestions: strip composing typedLen=6 candidates=19 autocorrect=false top=jggsih locale=pt
2026-07-10 13:23:34.034265 I VkSuggestions: decode typedLen=7 candidates=18 locales=1 2,5ms
2026-07-10 13:23:34.035834 I VkSuggestions: strip composing typedLen=7 candidates=19 autocorrect=false top=jggsihg locale=pt
2026-07-10 13:23:34.195692 I VkSuggestions: decode typedLen=8 candidates=18 locales=1 6,6ms
2026-07-10 13:23:34.199275 I VkSuggestions: strip composing typedLen=8 candidates=19 autocorrect=false top=jggsihgd locale=pt
2026-07-10 13:23:36.359398 I VkSuggestions: decode typedLen=1 candidates=18 locales=1 13,7ms
2026-07-10 13:23:36.361082 I VkSuggestions: strip composing typedLen=1 candidates=19 autocorrect=false top=h locale=pt
2026-07-10 13:23:36.582919 I VkSuggestions: decode typedLen=2 candidates=18 locales=1 13,5ms
2026-07-10 13:23:36.584068 I VkAutocorrect: offered: ho → ho
2026-07-10 13:23:36.584410 I VkSuggestions: strip composing typedLen=2 candidates=19 autocorrect=true top=ho locale=pt
2026-07-10 13:23:36.769406 I VkSuggestions: decode typedLen=3 candidates=18 locales=1 7,6ms
2026-07-10 13:23:36.770664 I VkSuggestions: strip composing typedLen=3 candidates=19 autocorrect=false top=hop locale=pt
2026-07-10 13:23:36.933135 I VkSuggestions: decode typedLen=4 candidates=18 locales=1 21,1ms
2026-07-10 13:23:36.933881 W VkSuggestions: slow frame 21,1ms locales=1 typedLen=4 candidates=18
2026-07-10 13:23:36.935696 I VkAutocorrect: offered: hope → hope
2026-07-10 13:23:36.936095 I VkSuggestions: strip composing typedLen=4 candidates=19 autocorrect=true top=hope locale=pt
2026-07-10 13:23:37.060514 I VkAutocorrect: committed (typing): hope → BOPE
2026-07-10 13:23:37.169287 I VkSuggestions: strip prediction typedLen=0 candidates=1 autocorrect=false top=BOPE locale=pt
2026-07-10 13:23:38.040787 I VkSuggestions: strip composing typedLen=4 candidates=19 autocorrect=false top=hope locale=pt
2026-07-10 13:23:40.242271 I VkSuggestions: strip prediction typedLen=0 candidates=1 autocorrect=false top=hope locale=pt
2026-07-10 13:23:41.036027 I VkSuggestions: decode typedLen=1 candidates=18 locales=1 15,4ms
2026-07-10 13:23:41.037833 I VkSuggestions: strip composing typedLen=1 candidates=18 autocorrect=false top=v locale=pt
2026-07-10 13:23:41.202846 I VkSuggestions: decode typedLen=2 candidates=18 locales=1 7,8ms
2026-07-10 13:23:41.203914 I VkAutocorrect: offered: vo → vo
2026-07-10 13:23:41.204173 I VkSuggestions: strip composing typedLen=2 candidates=19 autocorrect=true top=vo locale=pt
2026-07-10 13:23:41.402679 I VkSuggestions: decode typedLen=3 candidates=18 locales=1 7,1ms
2026-07-10 13:23:41.403993 I VkAutocorrect: offered: voc → voc
2026-07-10 13:23:41.404246 I VkSuggestions: strip composing typedLen=3 candidates=19 autocorrect=true top=voc locale=pt
2026-07-10 13:23:42.816724 I VkAutocorrect: committed (typing): voc → você
2026-07-10 13:23:42.921299 I VkSuggestions: strip prediction typedLen=0 candidates=2 autocorrect=false top=hope locale=pt
2026-07-10 13:23:43.894882 W VkSuggestions: slow frame 23,4ms locales=1 typedLen=3 candidates=18
2026-07-10 13:23:43.900788 I VkSuggestions: strip composing typedLen=3 candidates=19 autocorrect=false top=voc locale=pt
2026-07-10 13:23:44.118464 W VkStall: MAIN-THREAD STALL 132ms during: >>>>> Dispatching to Handler (i7.a1) {9f12378} null: 1
2026-07-10 13:23:44.220144 I VkSuggestions: strip prediction typedLen=0 candidates=3 autocorrect=false top=voc locale=pt
2026-07-10 13:23:45.787768 I VkPanels: ▶ open menu
2026-07-10 13:23:46.509281 I VkMultilingual: menu languages total=1
2026-07-10 13:23:49.611176 W VkStall: MAIN-THREAD STALL 391ms during: >>>>> Dispatching to Handler (android.view.ViewRootImpl$ViewRootHandler) {6a2b2e8} android.view.View$PerformClick@295487: 0
2026-07-10 13:23:54.617495 I VkMultilingual: reset main=pt-BR locales=[pt,it] count=2
2026-07-10 13:23:55.342901 I VkMultilingual: menu languages total=2
2026-07-10 13:23:57.020828 I VkSuggestions: decode typedLen=1 candidates=18 locales=2 31,3ms
2026-07-10 13:23:57.021262 W VkSuggestions: slow frame 31,3ms locales=2 typedLen=1 candidates=18 parallelWait=31,1ms
2026-07-10 13:23:57.022343 I VkSuggestions: strip composing typedLen=1 candidates=19 autocorrect=false top=f locale=pt
2026-07-10 13:23:57.211932 I VkSuggestions: decode typedLen=2 candidates=18 locales=2 7,3ms
2026-07-10 13:23:57.213849 I VkAutocorrect: offered: fa → fa
2026-07-10 13:23:57.214247 I VkSuggestions: strip composing typedLen=2 candidates=18 autocorrect=true top=fa locale=pt
2026-07-10 13:23:57.356826 I VkSuggestions: decode typedLen=3 candidates=18 locales=2 20,0ms
2026-07-10 13:23:57.357326 W VkSuggestions: slow frame 20,0ms locales=2 typedLen=3 candidates=18 parallelWait=19,8ms
2026-07-10 13:23:57.358969 I VkSuggestions: strip composing typedLen=3 candidates=16 autocorrect=false top=fam locale=pt
2026-07-10 13:24:05.423508 I VkTyping: ○ hidden
2026-07-10 13:24:08.196188 I VkMultilingual: reset main=pt-BR locales=[pt,it] count=2
2026-07-10 13:24:08.252174 I VkSwipe: ○ gesture canceled
2026-07-10 13:24:08.302486 I VkTyping: ▶ open restart=false pkg=com.android.launcher inputType=589825
2026-07-10 13:24:08.908487 I OnDeviceAssist: ▶ assist_ipc task=topic_tags in=3 chars
2026-07-10 13:24:08.931693 W OnDeviceAssist: ✗ assist (ime) task=topic_tags 23ms: Engine stopped
2026-07-10 13:24:10.185324 I VkSwipe: ▶ gesture started locale=pt-BR
2026-07-10 13:24:10.292183 I VkSuggestions: decode typedLen=0 candidates=18 locales=2 8,6ms
2026-07-10 13:24:10.484188 I VkSuggestions: decode typedLen=3 candidates=18 locales=2 8,7ms
2026-07-10 13:24:10.491616 I VkSuggestions: decode typedLen=0 candidates=18 locales=2 7,0ms
2026-07-10 13:24:10.662693 I VkSuggestions: decode typedLen=5 candidates=18 locales=2 6,0ms
2026-07-10 13:24:10.670031 I VkSuggestions: decode typedLen=0 candidates=18 locales=2 6,9ms
2026-07-10 13:24:10.813855 I VkSuggestions: decode typedLen=6 candidates=18 locales=2 6,3ms
2026-07-10 13:24:10.821235 I VkSuggestions: decode typedLen=0 candidates=18 locales=2 6,8ms
2026-07-10 13:24:11.058752 I VkSuggestions: decode typedLen=6 candidates=18 locales=2 7,4ms
2026-07-10 13:24:11.067906 I VkSuggestions: decode typedLen=0 candidates=18 locales=2 8,6ms
2026-07-10 13:24:11.079390 I VkSwipe: ✓ gesture points=56 decodedLen=2 candidates=14 top=ha 894ms
2026-07-10 13:24:11.351546 I VkSuggestions: decode typedLen=1 candidates=18 locales=2 10,4ms
2026-07-10 13:24:11.352821 I VkAutocorrect: offered: e → e
2026-07-10 13:24:11.352969 I VkSuggestions: strip composing typedLen=1 candidates=18 autocorrect=true top=e locale=pt
2026-07-10 13:24:11.517220 I VkSuggestions: decode typedLen=2 candidates=18 locales=2 5,7ms
2026-07-10 13:24:11.518262 I VkSuggestions: strip composing typedLen=2 candidates=13 autocorrect=false top=eh locale=pt
