06-01 15:57:20.486  2950  3428 E GeckoConsole: SSF_updateSessionStore@resource://gre/modules/SessionStoreFunctions.sys.mjs:46:27
06-01 15:57:20.486  2950  3428 E GeckoConsole: UpdateSessionStore@resource://gre/modules/SessionStoreFunctions.sys.mjs:16:46
06-01 15:57:20.487  2950  3428 E GeckoConsole: [JavaScript Error: "TypeError: can't access property "WindowEventDispatcher", win is null" {file: "resource://gre/modules/GeckoViewSessionStore.sys.mjs" line: 149}]
06-01 15:57:20.487  2950  3428 E GeckoConsole: onTabStateUpdate@resource://gre/modules/GeckoViewSessionStore.sys.mjs:149:5
06-01 15:57:20.487  2950  3428 E GeckoConsole: updateSessionStoreFromTabListener@resource://gre/modules/GeckoViewSessionStore.sys.mjs:243:10
06-01 15:57:20.487  2950  3428 E GeckoConsole: SSF_updateSessionStore@resource://gre/modules/SessionStoreFunctions.sys.mjs:46:27
06-01 15:57:20.487  2950  3428 E GeckoConsole: UpdateSessionStore@resource://gre/modules/SessionStoreFunctions.sys.mjs:16:46
06-01 15:57:21.132  2950  3009 E BLASTBufferQueue: BLASTBufferItemConsumer::onDisconnect()
06-01 15:57:22.032  2950  2950 W GeckoEventDispatcher: No listener for GeckoView:DismissClipboardPermissionRequest
06-01 15:57:22.034  2950  3428 E GeckoConsole: [JavaScript Error: "TypeError: can't access property "WindowEventDispatcher", win is null" {file: "resource://gre/modules/GeckoViewSessionStore.sys.mjs" line: 149}]
06-01 15:57:22.034  2950  3428 E GeckoConsole: onTabStateUpdate@resource://gre/modules/GeckoViewSessionStore.sys.mjs:149:5
06-01 15:57:22.034  2950  3428 E GeckoConsole: updateSessionStoreFromTabListener@resource://gre/modules/GeckoViewSessionStore.sys.mjs:243:10
06-01 15:57:22.034  2950  3428 E GeckoConsole: SSF_updateSessionStore@resource://gre/modules/SessionStoreFunctions.sys.mjs:46:27
06-01 15:57:22.034  2950  3428 E GeckoConsole: UpdateSessionStore@resource://gre/modules/SessionStoreFunctions.sys.mjs:16:46
06-01 15:57:22.034  2950  3428 E GeckoConsole: [JavaScript Error: "TypeError: can't access property "WindowEventDispatcher", win is null" {file: "resource://gre/modules/GeckoViewSessionStore.sys.mjs" line: 149}]
06-01 15:57:22.034  2950  3428 E GeckoConsole: onTabStateUpdate@resource://gre/modules/GeckoViewSessionStore.sys.mjs:149:5
06-01 15:57:22.034  2950  3428 E GeckoConsole: updateSessionStoreFromTabListener@resource://gre/modules/GeckoViewSessionStore.sys.mjs:243:10
06-01 15:57:22.034  2950  3428 E GeckoConsole: SSF_updateSessionStore@resource://gre/modules/SessionStoreFunctions.sys.mjs:46:27
06-01 15:57:22.034  2950  3428 E GeckoConsole: UpdateSessionStore@resource://gre/modules/SessionStoreFunctions.sys.mjs:16:46
06-01 15:57:22.034  2950  3428 E GeckoConsole: [JavaScript Error: "TypeError: can't access property "WindowEventDispatcher", win is null" {file: "resource://gre/modules/GeckoViewSessionStore.sys.mjs" line: 149}]
06-01 15:57:22.034  2950  3428 E GeckoConsole: onTabStateUpdate@resource://gre/modules/GeckoViewSessionStore.sys.mjs:149:5
06-01 15:57:22.034  2950  3428 E GeckoConsole: updateSessionStoreFromTabListener@resource://gre/modules/GeckoViewSessionStore.sys.mjs:243:10
06-01 15:57:22.034  2950  3428 E GeckoConsole: SSF_updateSessionStore@resource://gre/modules/SessionStoreFunctions.sys.mjs:46:27
06-01 15:57:22.034  2950  3428 E GeckoConsole: UpdateSessionStore@resource://gre/modules/SessionStoreFunctions.sys.mjs:16:46
06-01 15:57:23.701  2950  7759 E ActivityThread: Failed to find provider info for com.oplus.statistics.provider
06-01 15:57:23.701  2950  7759 E OplusStatistics--: IllegalArgumentException:java.lang.IllegalArgumentException: Unknown URL content://com.oplus.statistics.provider/track_event
06-01 15:57:24.547  8088  8106 E Isolated Web Content: [JavaScript Error: "The resource at “https://client-side-metrics.da1.us.criteo.net/iev?entry=c~Gum.FirefoxSyncframe.CookieRead.uid~1&entry=c~Gum.FirefoxSyncframe.FragmentData.onetag.Bundle.Origin.undefined~1&entry=c~Gum.FirefoxSyncframe.SidReadSuccess~1&entry=h~Gum.FirefoxSyncframe.SidReadSuccessDuration~54” was blocked due to its Cross-Origin-Resource-Policy header (or lack thereof). See https://developer.mozilla.org/docs/Web/HTTP/Cross-Origin_Resource_Policy_(CORP)#" {file: "https://gum.criteo.com/syncframe?topUrl=www.foxnews.com&origin=onetag&us_privacy=1YNN#{%22bundle%22:{%22identifierExtractor%22:{%22origin%22:3},%22value%22:%220oudi19tNU8lMkJRbnFXV2xVaU9uZWg2NE4lMkZab3c1UGxPclM1ZnFEWjVUVU9nb3psSllHODNoTzFGRTlCJTJGb1JObU9tc3NJanJseiUyQm9oRHVlbzJuSnElMkJ1SXMwNHRYMFFaWDBxallheHZONVIwVDVRSU54QURzMHZqT09uakVMckFFYWJxJTJCTzVyM3BPaCUyQnZIVkNoeWNvWXBidWZnTTczTmZXWGRFZHBVaDFJWDNDekJsOCUzRA%22},%22cw%22:true,%22optout%22:{%22identifierExtractor%22:{%22origin%22:0},%22value%22:null},%" line: 0}]
06-01 15:57:27.484  2950  2950 E SpeechRecognizer: not connected to the recognition service
06-01 15:57:30.286  3013  3033 W VibeKeyLlama: Assist system-prefix KV mismatch; replaying full prompt
06-01 15:57:30.407  8550  8584 W Isolated Web Content: [JavaScript Warning: "The script from “https://image6.pubmatic.com/AdServer/PugMaster?sec=1&async=1&kdntuid=1&rnd=787623&p=158583&s=0&a=0&ptask=ALL&np=0&fp=0&rp=1&mpc=0&spug=1&coppa=0&gdpr=0&gdpr_consent=&us_privacy=1YNN&gpp=&gpp_sid=” was loaded even though its MIME type (“text/html”) is not a valid JavaScript MIME type." {file: "https://ads.pubmatic.com/AdServer/js/user_sync.html?kdntuid=1&p=158583&us_privacy=1YNN" line: 0}]
06-01 15:57:30.604  2950  2950 W com.vibekey.keyboard: type=1400 audit(0.0:22760): avc: denied { nlmsg_readpriv } for comm=536F636B657420546872656164 scontext=u:r:untrusted_app:s0:c22,c271,c512,c768 tcontext=u:r:untrusted_app:s0:c22,c271,c512,c768 tclass=netlink_route_socket permissive=0 bug=b/155595000 app=com.vibekey.keyboard
06-01 15:57:31.273  8550  8584 W Isolated Web Content: [JavaScript Warning: "This page is in Quirks Mode. Page layout may be impacted. For Standards Mode use “<!DOCTYPE html>”." {file: "https://simage2.pubmatic.com/AdServer/Pug?vcode=bz0yJnR5cGU9MSZqcz0xJmNvZGU9MjkzNiZ0bD00MzIwMA==&piggybackCookie=uid:39E54FE411DA4D009E7D357A33993B75&gdpr=0&gdpr_consent=&us_privacy=1YNN&gpp=&gpp_sid=" line: 0}]
06-01 15:57:31.910  9414  9414 E y.keyboard:tab: Unknown bits set in runtime_flags: 0x40000000
06-01 15:57:31.978  9446  9446 E y.keyboard:tab: Unknown bits set in runtime_flags: 0x40000000
06-01 15:57:31.982  9414  9454 E GeckoLibLoad: Load sqlite start
06-01 15:57:31.983  9414  9454 E GeckoLibLoad: Load sqlite done
06-01 15:57:31.983  9414  9454 E GeckoLibLoad: Load nss start
06-01 15:57:31.983  9414  9454 E GeckoLibLoad: Load nss done
06-01 15:57:31.999  9459  9459 E y.keyboard:tab: Unknown bits set in runtime_flags: 0x40000000
06-01 15:57:32.015  9414  9454 E GeckoLibLoad: Loaded libs in 31.813802ms total, 4ms(11ms) user, 4ms(0ms) system, 0(0) faults
06-01 15:57:32.015  9414  9454 W GeckoThread: zerdatime 20694876 - runGecko
06-01 15:57:32.056  9446  9542 E GeckoLibLoad: Load sqlite start
06-01 15:57:32.060  9446  9542 E GeckoLibLoad: Load sqlite done
06-01 15:57:32.061  9446  9542 E GeckoLibLoad: Load nss start
06-01 15:57:32.061  9446  9542 E GeckoLibLoad: Load nss done
06-01 15:57:32.081  9446  9542 E GeckoLibLoad: Loaded libs in 19.790572ms total, 0ms(0ms) user, 7ms(9ms) system, 0(0) faults
06-01 15:57:32.081  9446  9542 W GeckoThread: zerdatime 20694942 - runGecko
06-01 15:57:32.096  9459  9546 E GeckoLibLoad: Load sqlite start
06-01 15:57:32.097  9459  9546 E GeckoLibLoad: Load sqlite done
06-01 15:57:32.097  9459  9546 E GeckoLibLoad: Load nss start
06-01 15:57:32.097  9459  9546 E GeckoLibLoad: Load nss done
06-01 15:57:32.107  9459  9546 E GeckoLibLoad: Loaded libs in 9.623698ms total, 6ms(8ms) user, 0ms(0ms) system, 0(0) faults
06-01 15:57:32.107  9459  9546 W GeckoThread: zerdatime 20694968 - runGecko
06-01 15:57:32.915  8550  8584 W Isolated Web Content: [JavaScript Warning: "The script from “https://simage4.pubmatic.com/AdServer/SPug?partnerID=158583&gdpr=0&gdpr_consent=&us_privacy=1YNN&gpp=&gpp_sid=” was loaded even though its MIME type (“”) is not a valid JavaScript MIME type." {file: "https://ads.pubmatic.com/AdServer/js/user_sync.html?kdntuid=1&p=158583&us_privacy=1YNN" line: 0}]
06-01 15:57:33.307  9803  9803 E .keyboard:tab2: Unknown bits set in runtime_flags: 0x40000000
06-01 15:57:33.404  9803  9851 E GeckoLibLoad: Load sqlite start
06-01 15:57:33.405  9803  9851 E GeckoLibLoad: Load sqlite done
06-01 15:57:33.405  9803  9851 E GeckoLibLoad: Load nss start
06-01 15:57:33.405  9803  9851 E GeckoLibLoad: Load nss done
06-01 15:57:33.414  9803  9851 E GeckoLibLoad: Loaded libs in 8.818073ms total, 5ms(7ms) user, 2ms(1ms) system, 0(0) faults
06-01 15:57:33.414  9803  9851 W GeckoThread: zerdatime 20696275 - runGecko
06-01 15:57:34.304  2950  2950 W com.vibekey.keyboard: type=1400 audit(0.0:22761): avc: denied { nlmsg_readpriv } for comm=536F636B657420546872656164 scontext=u:r:untrusted_app:s0:c22,c271,c512,c768 tcontext=u:r:untrusted_app:s0:c22,c271,c512,c768 tclass=netlink_route_socket permissive=0 bug=b/155595000 app=com.vibekey.keyboard
06-01 15:57:35.382  8550  8584 W Isolated Web Content: [JavaScript Warning: "The script from “https://image6.pubmatic.com/AdServer/PugMaster?sec=1&async=1&kdntuid=1&rnd=30486980&p=158583&s=0&a=0&ptask=ALL&np=0&fp=0&rp=1&mpc=0&spug=1&coppa=0&gdpr=0&gdpr_consent=&us_privacy=1YNN&gpp=&gpp_sid=” was loaded even though its MIME type (“text/html”) is not a valid JavaScript MIME type." {file: "https://ads.pubmatic.com/AdServer/js/user_sync.html?kdntuid=1&p=158583&us_privacy=1YNN" line: 0}]
06-01 15:57:35.429  2950  2950 W GeckoEventDispatcher: No listener for GeckoView:DismissClipboardPermissionRequest
06-01 15:57:35.431  2950  3428 E GeckoConsole: [JavaScript Error: "TypeError: can't access property "WindowEventDispatcher", win is null" {file: "resource://gre/modules/GeckoViewSessionStore.sys.mjs" line: 149}]
06-01 15:57:35.431  2950  3428 E GeckoConsole: onTabStateUpdate@resource://gre/modules/GeckoViewSessionStore.sys.mjs:149:5
06-01 15:57:35.431  2950  3428 E GeckoConsole: updateSessionStoreFromTabListener@resource://gre/modules/GeckoViewSessionStore.sys.mjs:243:10
06-01 15:57:35.431  2950  3428 E GeckoConsole: SSF_updateSessionStore@resource://gre/modules/SessionStoreFunctions.sys.mjs:46:27
06-01 15:57:35.431  2950  3428 E GeckoConsole: UpdateSessionStore@resource://gre/modules/SessionStoreFunctions.sys.mjs:16:46
06-01 15:57:35.432  2950  3428 E GeckoConsole: [JavaScript Error: "TypeError: can't access property "WindowEventDispatcher", win is null" {file: "resource://gre/modules/GeckoViewSessionStore.sys.mjs" line: 149}]
06-01 15:57:35.432  2950  3428 E GeckoConsole: onTabStateUpdate@resource://gre/modules/GeckoViewSessionStore.sys.mjs:149:5
06-01 15:57:35.432  2950  3428 E GeckoConsole: updateSessionStoreFromTabListener@resource://gre/modules/GeckoViewSessionStore.sys.mjs:243:10
06-01 15:57:35.432  2950  3428 E GeckoConsole: SSF_updateSessionStore@resource://gre/modules/SessionStoreFunctions.sys.mjs:46:27
06-01 15:57:35.432  2950  3428 E GeckoConsole: UpdateSessionStore@resource://gre/modules/SessionStoreFunctions.sys.mjs:16:46
06-01 15:57:35.432  2950  3428 E GeckoConsole: [JavaScript Error: "TypeError: can't access property "WindowEventDispatcher", win is null" {file: "resource://gre/modules/GeckoViewSessionStore.sys.mjs" line: 149}]
06-01 15:57:35.432  2950  3428 E GeckoConsole: onTabStateUpdate@resource://gre/modules/GeckoViewSessionStore.sys.mjs:149:5
06-01 15:57:35.432  2950  3428 E GeckoConsole: updateSessionStoreFromTabListener@resource://gre/modules/GeckoViewSessionStore.sys.mjs:243:10
06-01 15:57:35.432  2950  3428 E GeckoConsole: SSF_updateSessionStore@resource://gre/modules/SessionStoreFunctions.sys.mjs:46:27
06-01 15:57:35.432  2950  3428 E GeckoConsole: UpdateSessionStore@resource://gre/modules/SessionStoreFunctions.sys.mjs:16:46
06-01 15:57:36.223  2950  2950 W GeckoEventDispatcher: No listener for GeckoView:DismissClipboardPermissionRequest
06-01 15:57:36.224  2950  3428 E GeckoConsole: [JavaScript Error: "TypeError: can't access property "WindowEventDispatcher", win is null" {file: "resource://gre/modules/GeckoViewSessionStore.sys.mjs" line: 149}]
06-01 15:57:36.224  2950  3428 E GeckoConsole: onTabStateUpdate@resource://gre/modules/GeckoViewSessionStore.sys.mjs:149:5
06-01 15:57:36.224  2950  3428 E GeckoConsole: updateSessionStoreFromTabListener@resource://gre/modules/GeckoViewSessionStore.sys.mjs:243:10
06-01 15:57:36.224  2950  3428 E GeckoConsole: SSF_updateSessionStore@resource://gre/modules/SessionStoreFunctions.sys.mjs:46:27
06-01 15:57:36.224  2950  3428 E GeckoConsole: UpdateSessionStore@resource://gre/modules/SessionStoreFunctions.sys.mjs:16:46
06-01 15:57:36.224  2950  3428 E GeckoConsole: [JavaScript Error: "TypeError: can't access property "WindowEventDispatcher", win is null" {file: "resource://gre/modules/GeckoViewSessionStore.sys.mjs" line: 149}]
06-01 15:57:36.224  2950  3428 E GeckoConsole: onTabStateUpdate@resource://gre/modules/GeckoViewSessionStore.sys.mjs:149:5
06-01 15:57:36.224  2950  3428 E GeckoConsole: updateSessionStoreFromTabListener@resource://gre/modules/GeckoViewSessionStore.sys.mjs:243:10
06-01 15:57:36.224  2950  3428 E GeckoConsole: SSF_updateSessionStore@resource://gre/modules/SessionStoreFunctions.sys.mjs:46:27
06-01 15:57:36.224  2950  3428 E GeckoConsole: UpdateSessionStore@resource://gre/modules/SessionStoreFunctions.sys.mjs:16:46
06-01 15:57:36.225  2950  3428 E GeckoConsole: [JavaScript Error: "TypeError: can't access property "WindowEventDispatcher", win is null" {file: "resource://gre/modules/GeckoViewSessionStore.sys.mjs" line: 149}]
06-01 15:57:36.225  2950  3428 E GeckoConsole: onTabStateUpdate@resource://gre/modules/GeckoViewSessionStore.sys.mjs:149:5
06-01 15:57:36.225  2950  3428 E GeckoConsole: updateSessionStoreFromTabListener@resource://gre/modules/GeckoViewSessionStore.sys.mjs:243:10
06-01 15:57:36.225  2950  3428 E GeckoConsole: SSF_updateSessionStore@resource://gre/modules/SessionStoreFunctions.sys.mjs:46:27
06-01 15:57:36.225  2950  3428 E GeckoConsole: UpdateSessionStore@resource://gre/modules/SessionStoreFunctions.sys.mjs:16:46
06-01 15:57:36.549  2950  2950 W GeckoEventDispatcher: No listener for GeckoView:DismissClipboardPermissionRequest
06-01 15:57:36.551  2950  3428 E GeckoConsole: [JavaScript Error: "TypeError: can't access property "WindowEventDispatcher", win is null" {file: "resource://gre/modules/GeckoViewSessionStore.sys.mjs" line: 149}]
06-01 15:57:36.551  2950  3428 E GeckoConsole: onTabStateUpdate@resource://gre/modules/GeckoViewSessionStore.sys.mjs:149:5
06-01 15:57:36.551  2950  3428 E GeckoConsole: updateSessionStoreFromTabListener@resource://gre/modules/GeckoViewSessionStore.sys.mjs:243:10
06-01 15:57:36.551  2950  3428 E GeckoConsole: SSF_updateSessionStore@resource://gre/modules/SessionStoreFunctions.sys.mjs:46:27
06-01 15:57:36.551  2950  3428 E GeckoConsole: UpdateSessionStore@resource://gre/modules/SessionStoreFunctions.sys.mjs:16:46
06-01 15:57:36.551  2950  3428 E GeckoConsole: [JavaScript Error: "TypeError: can't access property "WindowEventDispatcher", win is null" {file: "resource://gre/modules/GeckoViewSessionStore.sys.mjs" line: 149}]
06-01 15:57:36.551  2950  3428 E GeckoConsole: onTabStateUpdate@resource://gre/modules/GeckoViewSessionStore.sys.mjs:149:5
06-01 15:57:36.551  2950  3428 E GeckoConsole: updateSessionStoreFromTabListener@resource://gre/modules/GeckoViewSessionStore.sys.mjs:243:10
06-01 15:57:36.551  2950  3428 E GeckoConsole: SSF_updateSessionStore@resource://gre/modules/SessionStoreFunctions.sys.mjs:46:27
06-01 15:57:36.551  2950  3428 E GeckoConsole: UpdateSessionStore@resource://gre/modules/SessionStoreFunctions.sys.mjs:16:46
06-01 15:57:36.551  2950  3428 E GeckoConsole: [JavaScript Error: "TypeError: can't access property "WindowEventDispatcher", win is null" {file: "resource://gre/modules/GeckoViewSessionStore.sys.mjs" line: 149}]
06-01 15:57:36.551  2950  3428 E GeckoConsole: onTabStateUpdate@resource://gre/modules/GeckoViewSessionStore.sys.mjs:149:5
06-01 15:57:36.551  2950  3428 E GeckoConsole: updateSessionStoreFromTabListener@resource://gre/modules/GeckoViewSessionStore.sys.mjs:243:10
06-01 15:57:36.551  2950  3428 E GeckoConsole: SSF_updateSessionStore@resource://gre/modules/SessionStoreFunctions.sys.mjs:46:27
06-01 15:57:36.551  2950  3428 E GeckoConsole: UpdateSessionStore@resource://gre/modules/SessionStoreFunctions.sys.mjs:16:46
06-01 15:57:37.074  2950  2950 W GeckoEventDispatcher: No listener for GeckoView:DismissClipboardPermissionRequest
06-01 15:57:37.075  2950  3428 E GeckoConsole: [JavaScript Error: "TypeError: can't access property "WindowEventDispatcher", win is null" {file: "resource://gre/modules/GeckoViewSessionStore.sys.mjs" line: 149}]
06-01 15:57:37.075  2950  3428 E GeckoConsole: onTabStateUpdate@resource://gre/modules/GeckoViewSessionStore.sys.mjs:149:5
06-01 15:57:37.075  2950  3428 E GeckoConsole: updateSessionStoreFromTabListener@resource://gre/modules/GeckoViewSessionStore.sys.mjs:243:10
06-01 15:57:37.075  2950  3428 E GeckoConsole: SSF_updateSessionStore@resource://gre/modules/SessionStoreFunctions.sys.mjs:46:27
06-01 15:57:37.075  2950  3428 E GeckoConsole: UpdateSessionStore@resource://gre/modules/SessionStoreFunctions.sys.mjs:16:46
06-01 15:57:37.076  2950  3428 E GeckoConsole: [JavaScript Error: "TypeError: can't access property "WindowEventDispatcher", win is null" {file: "resource://gre/modules/GeckoViewSessionStore.sys.mjs" line: 149}]
06-01 15:57:37.076  2950  3428 E GeckoConsole: onTabStateUpdate@resource://gre/modules/GeckoViewSessionStore.sys.mjs:149:5
06-01 15:57:37.076  2950  3428 E GeckoConsole: updateSessionStoreFromTabListener@resource://gre/modules/GeckoViewSessionStore.sys.mjs:243:10
06-01 15:57:37.076  2950  3428 E GeckoConsole: SSF_updateSessionStore@resource://gre/modules/SessionStoreFunctions.sys.mjs:46:27
06-01 15:57:37.076  2950  3428 E GeckoConsole: UpdateSessionStore@resource://gre/modules/SessionStoreFunctions.sys.mjs:16:46
06-01 15:57:37.076  2950  3428 E GeckoConsole: [JavaScript Error: "TypeError: can't access property "WindowEventDispatcher", win is null" {file: "resource://gre/modules/GeckoViewSessionStore.sys.mjs" line: 149}]
06-01 15:57:37.076  2950  3428 E GeckoConsole: onTabStateUpdate@resource://gre/modules/GeckoViewSessionStore.sys.mjs:149:5
06-01 15:57:37.076  2950  3428 E GeckoConsole: updateSessionStoreFromTabListener@resource://gre/modules/GeckoViewSessionStore.sys.mjs:243:10
06-01 15:57:37.076  2950  3428 E GeckoConsole: SSF_updateSessionStore@resource://gre/modules/SessionStoreFunctions.sys.mjs:46:27
06-01 15:57:37.076  2950  3428 E GeckoConsole: UpdateSessionStore@resource://gre/modules/SessionStoreFunctions.sys.mjs:16:46
06-01 15:57:40.904  2950  3428 E GeckoConsole: [JavaScript Error: "TypeError: can't access property "WindowEventDispatcher", win is null" {file: "resource://gre/modules/GeckoViewSessionStore.sys.mjs" line: 149}]
06-01 15:57:40.904  2950  3428 E GeckoConsole: onTabStateUpdate@resource://gre/modules/GeckoViewSessionStore.sys.mjs:149:5
06-01 15:57:40.904  2950  3428 E GeckoConsole: updateSessionStoreFromTabListener@resource://gre/modules/GeckoViewSessionStore.sys.mjs:243:10
06-01 15:57:40.904  2950  3428 E GeckoConsole: SSF_updateSessionStore@resource://gre/modules/SessionStoreFunctions.sys.mjs:46:27
06-01 15:57:40.904  2950  3428 E GeckoConsole: UpdateSessionStore@resource://gre/modules/SessionStoreFunctions.sys.mjs:16:46
06-01 15:57:41.257  2950  3428 E GeckoConsole: [JavaScript Error: "TypeError: can't access property "WindowEventDispatcher", win is null" {file: "resource://gre/modules/GeckoViewSessionStore.sys.mjs" line: 149}]
06-01 15:57:41.257  2950  3428 E GeckoConsole: onTabStateUpdate@resource://gre/modules/GeckoViewSessionStore.sys.mjs:149:5
06-01 15:57:41.257  2950  3428 E GeckoConsole: updateSessionStoreFromTabListener@resource://gre/modules/GeckoViewSessionStore.sys.mjs:243:10
06-01 15:57:41.257  2950  3428 E GeckoConsole: SSF_updateSessionStore@resource://gre/modules/SessionStoreFunctions.sys.mjs:46:27
06-01 15:57:41.257  2950  3428 E GeckoConsole: UpdateSessionStore@resource://gre/modules/SessionStoreFunctions.sys.mjs:16:46
06-01 15:57:42.319  2950  3428 E GeckoConsole: [JavaScript Error: "TypeError: can't access property "WindowEventDispatcher", win is null" {file: "resource://gre/modules/GeckoViewSessionStore.sys.mjs" line: 149}]
06-01 15:57:42.319  2950  3428 E GeckoConsole: onTabStateUpdate@resource://gre/modules/GeckoViewSessionStore.sys.mjs:149:5
06-01 15:57:42.319  2950  3428 E GeckoConsole: updateSessionStoreFromTabListener@resource://gre/modules/GeckoViewSessionStore.sys.mjs:243:10
06-01 15:57:42.319  2950  3428 E GeckoConsole: SSF_updateSessionStore@resource://gre/modules/SessionStoreFunctions.sys.mjs:46:27
06-01 15:57:42.319  2950  3428 E GeckoConsole: UpdateSessionStore@resource://gre/modules/SessionStoreFunctions.sys.mjs:16:46
06-01 15:57:42.324  2950  3428 E GeckoConsole: [JavaScript Error: "TypeError: can't access property "WindowEventDispatcher", win is null" {file: "resource://gre/modules/GeckoViewSessionStore.sys.mjs" line: 149}]
06-01 15:57:42.324  2950  3428 E GeckoConsole: onTabStateUpdate@resource://gre/modules/GeckoViewSessionStore.sys.mjs:149:5
06-01 15:57:42.324  2950  3428 E GeckoConsole: updateSessionStoreFromTabListener@resource://gre/modules/GeckoViewSessionStore.sys.mjs:243:10
06-01 15:57:42.324  2950  3428 E GeckoConsole: SSF_updateSessionStore@resource://gre/modules/SessionStoreFunctions.sys.mjs:46:27
06-01 15:57:42.324  2950  3428 E GeckoConsole: UpdateSessionStore@resource://gre/modules/SessionStoreFunctions.sys.mjs:16:46
06-01 15:57:46.801  2950  2950 W GeckoEventDispatcher: No listener for GeckoView:DismissClipboardPermissionRequest
06-01 15:57:46.814  2950  3428 E GeckoConsole: [JavaScript Error: "TypeError: can't access property "WindowEventDispatcher", win is null" {file: "resource://gre/modules/GeckoViewSessionStore.sys.mjs" line: 149}]
06-01 15:57:46.814  2950  3428 E GeckoConsole: onTabStateUpdate@resource://gre/modules/GeckoViewSessionStore.sys.mjs:149:5
06-01 15:57:46.814  2950  3428 E GeckoConsole: updateSessionStoreFromTabListener@resource://gre/modules/GeckoViewSessionStore.sys.mjs:243:10
06-01 15:57:46.814  2950  3428 E GeckoConsole: SSF_updateSessionStore@resource://gre/modules/SessionStoreFunctions.sys.mjs:46:27
06-01 15:57:46.814  2950  3428 E GeckoConsole: UpdateSessionStore@resource://gre/modules/SessionStoreFunctions.sys.mjs:16:46
06-01 15:57:46.817  2950  3428 E GeckoConsole: [JavaScript Error: "TypeError: can't access property "WindowEventDispatcher", win is null" {file: "resource://gre/modules/GeckoViewSessionStore.sys.mjs" line: 149}]
06-01 15:57:46.817  2950  3428 E GeckoConsole: onTabStateUpdate@resource://gre/modules/GeckoViewSessionStore.sys.mjs:149:5
06-01 15:57:46.817  2950  3428 E GeckoConsole: updateSessionStoreFromTabListener@resource://gre/modules/GeckoViewSessionStore.sys.mjs:243:10
06-01 15:57:46.817  2950  3428 E GeckoConsole: SSF_updateSessionStore@resource://gre/modules/SessionStoreFunctions.sys.mjs:46:27
06-01 15:57:46.817  2950  3428 E GeckoConsole: UpdateSessionStore@resource://gre/modules/SessionStoreFunctions.sys.mjs:16:46
06-01 15:57:46.818  2950  3428 E GeckoConsole: [JavaScript Error: "TypeError: can't access property "WindowEventDispatcher", win is null" {file: "resource://gre/modules/GeckoViewSessionStore.sys.mjs" line: 149}]
06-01 15:57:46.818  2950  3428 E GeckoConsole: onTabStateUpdate@resource://gre/modules/GeckoViewSessionStore.sys.mjs:149:5
06-01 15:57:46.818  2950  3428 E GeckoConsole: updateSessionStoreFromTabListener@resource://gre/modules/GeckoViewSessionStore.sys.mjs:243:10
06-01 15:57:46.818  2950  3428 E GeckoConsole: SSF_updateSessionStore@resource://gre/modules/SessionStoreFunctions.sys.mjs:46:27
06-01 15:57:46.818  2950  3428 E GeckoConsole: UpdateSessionStore@resource://gre/modules/SessionStoreFunctions.sys.mjs:16:46
06-01 15:57:47.535  2950  7784 W VibeKeyProfiler: Slow Native Suggest: Total=8.56ms | Init=0.02ms | TrieExpand(x32)=8.49ms | Scoring=0.06ms | inputSize=1
06-01 15:57:47.539  2950  3359 W VibeKeyProfiler: Slow Native Suggest: Total=13.76ms | Init=0.01ms | TrieExpand(x15)=13.72ms | Scoring=0.03ms | inputSize=1
06-01 15:57:47.539  2950  7779 W VibeKeyProfiler: Slow Native Suggest: Total=12.55ms | Init=0.03ms | TrieExpand(x16)=12.47ms | Scoring=0.06ms | inputSize=1
06-01 15:57:47.550  2950  7784 W VibeKeyProfiler: Slow Native Suggest: Total=14.62ms | Init=0.02ms | TrieExpand(x31)=14.54ms | Scoring=0.05ms | inputSize=1
06-01 15:57:47.552  2950  3359 W VibeKeyProfiler: Slow Kotlin Suggest: Total=26.59ms | locales=3 | typedLen=1 | candidates=18 parallelWait=26.46ms
06-01 15:57:47.853  2950  3359 W VibeKeyProfiler: Slow Native Suggest: Total=9.18ms | Init=0.08ms | TrieExpand(x12)=9.05ms | Scoring=0.04ms | inputSize=3
06-01 15:57:48.098  2950  7784 W VibeKeyProfiler: Slow Native Suggest: Total=16.73ms | Init=0.11ms | TrieExpand(x14)=16.57ms | Scoring=0.05ms | inputSize=5
06-01 15:57:48.099  2950  3359 W VibeKeyProfiler: Slow Native Suggest: Total=9.48ms | Init=0.09ms | TrieExpand(x9)=9.36ms | Scoring=0.04ms | inputSize=5
06-01 15:57:48.104  2950  3359 W VibeKeyProfiler: Slow Kotlin Suggest: Total=24.80ms | locales=3 | typedLen=5 | candidates=18 parallelWait=24.44ms
06-01 15:57:50.757  2950  7784 W VibeKeyProfiler: Slow Native Suggest: Total=9.40ms | Init=0.07ms | TrieExpand(x23)=9.31ms | Scoring=0.02ms | inputSize=1
06-01 15:57:50.764  2950  3359 W VibeKeyProfiler: Slow Native Suggest: Total=15.42ms | Init=0.27ms | TrieExpand(x15)=15.12ms | Scoring=0.02ms | inputSize=1
06-01 15:57:50.771  2950  7784 W VibeKeyProfiler: Slow Native Suggest: Total=13.71ms | Init=0.07ms | TrieExpand(x31)=13.59ms | Scoring=0.05ms | inputSize=1
06-01 15:57:50.772  2950  3359 W VibeKeyProfiler: Slow Kotlin Suggest: Total=25.16ms | locales=3 | typedLen=1 | candidates=18 parallelWait=25.03ms
06-01 15:57:54.261  2950  3359 W VibeKeyProfiler: Slow Kotlin Suggest: Total=16.36ms | locales=3 | typedLen=3 | candidates=18 parallelWait=16.09ms
06-01 15:57:54.544  2950  2998 W VibeKeyProfiler: Slow Native Suggest: Total=8.52ms | Init=0.18ms | TrieExpand(x11)=8.33ms | Scoring=0.02ms | inputSize=5
06-01 15:57:56.822  7883  7900 W Isolated Web Content: [JavaScript Warning: "The script from “https://www.foxnews.com/js/breakingNews.js?cb=2026611628” was loaded even though its MIME type (“text/javsacript”) is not a valid JavaScript MIME type." {file: "https://www.foxnews.com/" line: 0}]
06-01 15:57:57.193  2950  2950 W GeckoEventDispatcher: No listener for GeckoView:DismissClipboardPermissionRequest
06-01 15:57:57.194  2950  3428 E GeckoConsole: [JavaScript Error: "TypeError: can't access property "WindowEventDispatcher", win is null" {file: "resource://gre/modules/GeckoViewSessionStore.sys.mjs" line: 149}]
06-01 15:57:57.194  2950  3428 E GeckoConsole: onTabStateUpdate@resource://gre/modules/GeckoViewSessionStore.sys.mjs:149:5
06-01 15:57:57.194  2950  3428 E GeckoConsole: updateSessionStoreFromTabListener@resource://gre/modules/GeckoViewSessionStore.sys.mjs:243:10
06-01 15:57:57.194  2950  3428 E GeckoConsole: SSF_updateSessionStore@resource://gre/modules/SessionStoreFunctions.sys.mjs:46:27
06-01 15:57:57.194  2950  3428 E GeckoConsole: UpdateSessionStore@resource://gre/modules/SessionStoreFunctions.sys.mjs:16:46
06-01 15:57:57.195  2950  3428 E GeckoConsole: [JavaScript Error: "TypeError: can't access property "WindowEventDispatcher", win is null" {file: "resource://gre/modules/GeckoViewSessionStore.sys.mjs" line: 149}]
06-01 15:57:57.195  2950  3428 E GeckoConsole: onTabStateUpdate@resource://gre/modules/GeckoViewSessionStore.sys.mjs:149:5
06-01 15:57:57.195  2950  3428 E GeckoConsole: updateSessionStoreFromTabListener@resource://gre/modules/GeckoViewSessionStore.sys.mjs:243:10
06-01 15:57:57.195  2950  3428 E GeckoConsole: SSF_updateSessionStore@resource://gre/modules/SessionStoreFunctions.sys.mjs:46:27
06-01 15:57:57.195  2950  3428 E GeckoConsole: UpdateSessionStore@resource://gre/modules/SessionStoreFunctions.sys.mjs:16:46
06-01 15:57:57.195  2950  3428 E GeckoConsole: [JavaScript Error: "TypeError: can't access property "WindowEventDispatcher", win is null" {file: "resource://gre/modules/GeckoViewSessionStore.sys.mjs" line: 149}]
06-01 15:57:57.195  2950  3428 E GeckoConsole: onTabStateUpdate@resource://gre/modules/GeckoViewSessionStore.sys.mjs:149:5
06-01 15:57:57.195  2950  3428 E GeckoConsole: updateSessionStoreFromTabListener@resource://gre/modules/GeckoViewSessionStore.sys.mjs:243:10
06-01 15:57:57.195  2950  3428 E GeckoConsole: SSF_updateSessionStore@resource://gre/modules/SessionStoreFunctions.sys.mjs:46:27
06-01 15:57:57.195  2950  3428 E GeckoConsole: UpdateSessionStore@resource://gre/modules/SessionStoreFunctions.sys.mjs:16:46
06-01 15:57:57.659  2950  2950 W GeckoEventDispatcher: No listener for GeckoView:DismissClipboardPermissionRequest
06-01 15:57:57.661  2950  3428 E GeckoConsole: [JavaScript Error: "TypeError: can't access property "WindowEventDispatcher", win is null" {file: "resource://gre/modules/GeckoViewSessionStore.sys.mjs" line: 149}]
06-01 15:57:57.661  2950  3428 E GeckoConsole: onTabStateUpdate@resource://gre/modules/GeckoViewSessionStore.sys.mjs:149:5
06-01 15:57:57.661  2950  3428 E GeckoConsole: updateSessionStoreFromTabListener@resource://gre/modules/GeckoViewSessionStore.sys.mjs:243:10
06-01 15:57:57.661  2950  3428 E GeckoConsole: SSF_updateSessionStore@resource://gre/modules/SessionStoreFunctions.sys.mjs:46:27
06-01 15:57:57.661  2950  3428 E GeckoConsole: UpdateSessionStore@resource://gre/modules/SessionStoreFunctions.sys.mjs:16:46
06-01 15:57:57.662  2950  3428 E GeckoConsole: [JavaScript Error: "TypeError: can't access property "WindowEventDispatcher", win is null" {file: "resource://gre/modules/GeckoViewSessionStore.sys.mjs" line: 149}]
06-01 15:57:57.662  2950  3428 E GeckoConsole: onTabStateUpdate@resource://gre/modules/GeckoViewSessionStore.sys.mjs:149:5
06-01 15:57:57.662  2950  3428 E GeckoConsole: updateSessionStoreFromTabListener@resource://gre/modules/GeckoViewSessionStore.sys.mjs:243:10
06-01 15:57:57.662  2950  3428 E GeckoConsole: SSF_updateSessionStore@resource://gre/modules/SessionStoreFunctions.sys.mjs:46:27
06-01 15:57:57.662  2950  3428 E GeckoConsole: UpdateSessionStore@resource://gre/modules/SessionStoreFunctions.sys.mjs:16:46
06-01 15:57:57.662  2950  3428 E GeckoConsole: [JavaScript Error: "TypeError: can't access property "WindowEventDispatcher", win is null" {file: "resource://gre/modules/GeckoViewSessionStore.sys.mjs" line: 149}]
06-01 15:57:57.662  2950  3428 E GeckoConsole: onTabStateUpdate@resource://gre/modules/GeckoViewSessionStore.sys.mjs:149:5
06-01 15:57:57.662  2950  3428 E GeckoConsole: updateSessionStoreFromTabListener@resource://gre/modules/GeckoViewSessionStore.sys.mjs:243:10
06-01 15:57:57.662  2950  3428 E GeckoConsole: SSF_updateSessionStore@resource://gre/modules/SessionStoreFunctions.sys.mjs:46:27
06-01 15:57:57.662  2950  3428 E GeckoConsole: UpdateSessionStore@resource://gre/modules/SessionStoreFunctions.sys.mjs:16:46
06-01 15:57:57.687  2950  2950 E GeckoView: Failed to attach WindowInsetsListener: 
06-01 15:57:57.687  2950  2950 E GeckoView: java.lang.NullPointerException: Attempt to invoke virtual method 'android.view.Window android.app.Activity.getWindow()' on a null object reference
06-01 15:57:57.687  2950  2950 E GeckoView: 	at org.mozilla.geckoview.GeckoView.attachWindowInsetsListener(r8-map-id-677e01dbc5b8e20d1cddfc1e006d70875555246f719f644ec5ac9fc4560bfaad:1)
06-01 15:57:57.687  2950  2950 E GeckoView: 	at org.mozilla.geckoview.GeckoView.onAttachedToWindow(r8-map-id-677e01dbc5b8e20d1cddfc1e006d70875555246f719f644ec5ac9fc4560bfaad:49)
06-01 15:57:57.687  2950  2950 E GeckoView: 	at android.view.View.dispatchAttachedToWindow(View.java:20900)
06-01 15:57:57.687  2950  2950 E GeckoView: 	at android.view.ViewGroup.dispatchAttachedToWindow(ViewGroup.java:3539)
06-01 15:57:57.687  2950  2950 E GeckoView: 	at android.view.ViewGroup.addViewInner(ViewGroup.java:5378)
06-01 15:57:57.687  2950  2950 E GeckoView: 	at android.view.ViewGroup.addView(ViewGroup.java:5156)
06-01 15:57:57.687  2950  2950 E GeckoView: 	at com.google.firebase.appcheck.internal.a.run(r8-map-id-677e01dbc5b8e20d1cddfc1e006d70875555246f719f644ec5ac9fc4560bfaad:139)
06-01 15:57:57.687  2950  2950 E GeckoView: 	at helium314.keyboard.latin.panels.BrowserPanelView.X(r8-map-id-677e01dbc5b8e20d1cddfc1e006d70875555246f719f644ec5ac9fc4560bfaad:147)
06-01 15:57:57.687  2950  2950 E GeckoView: 	at helium314.keyboard.latin.panels.BrowserPanelView.G0(r8-map-id-677e01dbc5b8e20d1cddfc1e006d70875555246f719f644ec5ac9fc4560bfaad:58)
06-01 15:57:57.687  2950  2950 E GeckoView: 	at c5.t.run(r8-map-id-677e01dbc5b8e20d1cddfc1e006d70875555246f719f644ec5ac9fc4560bfaad:622)
06-01 15:57:57.687  2950  2950 E GeckoView: 	at g7.y.onGlobalLayout(r8-map-id-677e01dbc5b8e20d1cddfc1e006d70875555246f719f644ec5ac9fc4560bfaad:8)
06-01 15:57:57.687  2950  2950 E GeckoView: 	at android.view.ViewTreeObserver.dispatchOnGlobalLayout(ViewTreeObserver.java:1061)
06-01 15:57:57.687  2950  2950 E GeckoView: 	at android.view.ViewRootImpl.performTraversals(ViewRootImpl.java:3407)
06-01 15:57:57.687  2950  2950 E GeckoView: 	at android.view.ViewRootImpl.doTraversal(ViewRootImpl.java:2305)
06-01 15:57:57.687  2950  2950 E GeckoView: 	at android.view.ViewRootImpl$TraversalRunnable.run(ViewRootImpl.java:9133)
06-01 15:57:57.687  2950  2950 E GeckoView: 	at android.view.Choreographer$CallbackRecord.run(Choreographer.java:1232)
06-01 15:57:57.687  2950  2950 E GeckoView: 	at android.view.Choreographer.doCallbacks(Choreographer.java:1029)
06-01 15:57:57.687  2950  2950 E GeckoView: 	at android.view.Choreographer.doFrame(Choreographer.java:934)
06-01 15:57:57.687  2950  2950 E GeckoView: 	at android.view.Choreographer$FrameDisplayEventReceiver.run(Choreographer.java:1217)
06-01 15:57:57.687  2950  2950 E GeckoView: 	at android.os.Handler.handleCallback(Handler.java:938)
06-01 15:57:57.687  2950  2950 E GeckoView: 	at android.os.Handler.dispatchMessage(Handler.java:99)
06-01 15:57:57.687  2950  2950 E GeckoView: 	at android.os.Looper.loopOnce(Looper.java:233)
06-01 15:57:57.687  2950  2950 E GeckoView: 	at android.os.Looper.loop(Looper.java:344)
06-01 15:57:57.687  2950  2950 E GeckoView: 	at android.app.ActivityThread.main(ActivityThread.java:8212)
06-01 15:57:57.687  2950  2950 E GeckoView: 	at java.lang.reflect.Method.invoke(Native Method)
06-01 15:57:57.687  2950  2950 E GeckoView: 	at com.android.internal.os.RuntimeInit$MethodAndArgsCaller.run(RuntimeInit.java:584)
06-01 15:57:57.687  2950  2950 E GeckoView: 	at com.android.internal.os.ZygoteInit.main(ZygoteInit.java:1034)
06-01 15:57:57.687  2950  2950 W GeckoEventDispatcher: No listener for GeckoView:DismissClipboardPermissionRequest
06-01 15:57:58.150  2950  3428 E GeckoConsole: [JavaScript Error: "TypeError: can't access property "WindowEventDispatcher", win is null" {file: "resource://gre/modules/GeckoViewSessionStore.sys.mjs" line: 149}]
06-01 15:57:58.150  2950  3428 E GeckoConsole: onTabStateUpdate@resource://gre/modules/GeckoViewSessionStore.sys.mjs:149:5
06-01 15:57:58.150  2950  3428 E GeckoConsole: updateSessionStoreFromTabListener@resource://gre/modules/GeckoViewSessionStore.sys.mjs:243:10
06-01 15:57:58.150  2950  3428 E GeckoConsole: SSF_updateSessionStore@resource://gre/modules/SessionStoreFunctions.sys.mjs:46:27
06-01 15:57:58.150  2950  3428 E GeckoConsole: UpdateSessionStore@resource://gre/modules/SessionStoreFunctions.sys.mjs:16:46
06-01 15:57:58.153  2950  3428 E GeckoConsole: [JavaScript Error: "TypeError: can't access property "WindowEventDispatcher", win is null" {file: "resource://gre/modules/GeckoViewSessionStore.sys.mjs" line: 149}]
06-01 15:57:58.153  2950  3428 E GeckoConsole: onTabStateUpdate@resource://gre/modules/GeckoViewSessionStore.sys.mjs:149:5
06-01 15:57:58.153  2950  3428 E GeckoConsole: updateSessionStoreFromTabListener@resource://gre/modules/GeckoViewSessionStore.sys.mjs:243:10
06-01 15:57:58.153  2950  3428 E GeckoConsole: SSF_updateSessionStore@resource://gre/modules/SessionStoreFunctions.sys.mjs:46:27
06-01 15:57:58.153  2950  3428 E GeckoConsole: UpdateSessionStore@resource://gre/modules/SessionStoreFunctions.sys.mjs:16:46
06-01 15:57:58.530  2950  2950 W GeckoEventDispatcher: No listener for GeckoView:DismissClipboardPermissionRequest
06-01 15:57:58.533  2950  3428 E GeckoConsole: [JavaScript Error: "TypeError: can't access property "WindowEventDispatcher", win is null" {file: "resource://gre/modules/GeckoViewSessionStore.sys.mjs" line: 149}]
06-01 15:57:58.533  2950  3428 E GeckoConsole: onTabStateUpdate@resource://gre/modules/GeckoViewSessionStore.sys.mjs:149:5
06-01 15:57:58.533  2950  3428 E GeckoConsole: updateSessionStoreFromTabListener@resource://gre/modules/GeckoViewSessionStore.sys.mjs:243:10
06-01 15:57:58.533  2950  3428 E GeckoConsole: SSF_updateSessionStore@resource://gre/modules/SessionStoreFunctions.sys.mjs:46:27
06-01 15:57:58.533  2950  3428 E GeckoConsole: UpdateSessionStore@resource://gre/modules/SessionStoreFunctions.sys.mjs:16:46
06-01 15:57:58.533  2950  3428 E GeckoConsole: [JavaScript Error: "TypeError: can't access property "WindowEventDispatcher", win is null" {file: "resource://gre/modules/GeckoViewSessionStore.sys.mjs" line: 149}]
06-01 15:57:58.533  2950  3428 E GeckoConsole: onTabStateUpdate@resource://gre/modules/GeckoViewSessionStore.sys.mjs:149:5
06-01 15:57:58.533  2950  3428 E GeckoConsole: updateSessionStoreFromTabListener@resource://gre/modules/GeckoViewSessionStore.sys.mjs:243:10
06-01 15:57:58.533  2950  3428 E GeckoConsole: SSF_updateSessionStore@resource://gre/modules/SessionStoreFunctions.sys.mjs:46:27
06-01 15:57:58.533  2950  3428 E GeckoConsole: UpdateSessionStore@resource://gre/modules/SessionStoreFunctions.sys.mjs:16:46
06-01 15:57:58.534  2950  9922 E BLASTBufferQueue: BLASTBufferItemConsumer::onDisconnect()
06-01 15:57:58.536  2950  3428 E GeckoConsole: [JavaScript Error: "TypeError: can't access property "WindowEventDispatcher", win is null" {file: "resource://gre/modules/GeckoViewSessionStore.sys.mjs" line: 149}]
06-01 15:57:58.536  2950  3428 E GeckoConsole: onTabStateUpdate@resource://gre/modules/GeckoViewSessionStore.sys.mjs:149:5
06-01 15:57:58.536  2950  3428 E GeckoConsole: updateSessionStoreFromTabListener@resource://gre/modules/GeckoViewSessionStore.sys.mjs:243:10
06-01 15:57:58.536  2950  3428 E GeckoConsole: SSF_updateSessionStore@resource://gre/modules/SessionStoreFunctions.sys.mjs:46:27
06-01 15:57:58.536  2950  3428 E GeckoConsole: UpdateSessionStore@resource://gre/modules/SessionStoreFunctions.sys.mjs:16:46
06-01 15:57:58.536  2950  3428 E GeckoConsole: [JavaScript Error: "TypeError: can't access property "WindowEventDispatcher", win is null" {file: "resource://gre/modules/GeckoViewSessionStore.sys.mjs" line: 149}]
06-01 15:57:58.536  2950  3428 E GeckoConsole: onTabStateUpdate@resource://gre/modules/GeckoViewSessionStore.sys.mjs:149:5
06-01 15:57:58.536  2950  3428 E GeckoConsole: updateSessionStoreFromTabListener@resource://gre/modules/GeckoViewSessionStore.sys.mjs:243:10
06-01 15:57:58.536  2950  3428 E GeckoConsole: SSF_updateSessionStore@resource://gre/modules/SessionStoreFunctions.sys.mjs:46:27
06-01 15:57:58.536  2950  3428 E GeckoConsole: UpdateSessionStore@resource://gre/modules/SessionStoreFunctions.sys.mjs:16:46
06-01 15:57:58.536  2950  2950 E GeckoView: Failed to detach WindowInsetsListener: 
06-01 15:57:58.536  2950  2950 E GeckoView: java.lang.NullPointerException: Attempt to invoke virtual method 'android.view.Window android.app.Activity.getWindow()' on a null object reference
06-01 15:57:58.536  2950  2950 E GeckoView: 	at org.mozilla.geckoview.GeckoView.detachWindowInsetsListener(r8-map-id-677e01dbc5b8e20d1cddfc1e006d70875555246f719f644ec5ac9fc4560bfaad:1)
06-01 15:57:58.536  2950  2950 E GeckoView: 	at org.mozilla.geckoview.GeckoView.onDetachedFromWindow(r8-map-id-677e01dbc5b8e20d1cddfc1e006d70875555246f719f644ec5ac9fc4560bfaad:25)
06-01 15:57:58.536  2950  2950 E GeckoView: 	at android.view.View.dispatchDetachedFromWindow(View.java:20955)
06-01 15:57:58.536  2950  2950 E GeckoView: 	at android.view.ViewGroup.dispatchDetachedFromWindow(ViewGroup.java:4014)
06-01 15:57:58.536  2950  2950 E GeckoView: 	at android.view.ViewGroup.removeViewInternal(ViewGroup.java:5660)
06-01 15:57:58.536  2950  2950 E GeckoView: 	at android.view.ViewGroup.removeViewInternal(ViewGroup.java:5631)
06-01 15:57:58.536  2950  2950 E GeckoView: 	at android.view.ViewGroup.removeView(ViewGroup.java:5562)
06-01 15:57:58.536  2950  2950 E GeckoView: 	at helium314.keyboard.latin.panels.BrowserPanelView.E(r8-map-id-677e01dbc5b8e20d1cddfc1e006d70875555246f719f644ec5ac9fc4560bfaad:75)
06-01 15:57:58.536  2950  2950 E GeckoView: 	at helium314.keyboard.latin.panels.BrowserPanelView.H0(r8-map-id-677e01dbc5b8e20d1cddfc1e006d70875555246f719f644ec5ac9fc4560bfaad:90)
06-01 15:57:58.536  2950  2950 E GeckoView: 	at g7.b0.r(r8-map-id-677e01dbc5b8e20d1cddfc1e006d70875555246f719f644ec5ac9fc4560bfaad:149)
06-01 15:57:58.536  2950  2950 E GeckoView: 	at g7.b0.P(r8-map-id-677e01dbc5b8e20d1cddfc1e006d70875555246f719f644ec5ac9fc4560bfaad:17)
06-01 15:57:58.536  2950  2950 E GeckoView: 	at y7.t3.a(r8-map-id-677e01dbc5b8e20d1cddfc1e006d70875555246f719f644ec5ac9fc4560bfaad:3)
06-01 15:57:58.536  2950  2950 E GeckoView: 	at y7.b2.onClick(r8-map-id-677e01dbc5b8e20d1cddfc1e006d70875555246f719f644ec5ac9fc4560bfaad:194)
06-01 15:57:58.536  2950  2950 E GeckoView: 	at android.view.View.performClick(View.java:7488)
06-01 15:57:58.536  2950  2950 E GeckoView: 	at android.view.View.performClickInternal(View.java:7464)
06-01 15:57:58.536  2950  2950 E GeckoView: 	at android.view.View.access$3700(View.java:841)
06-01 15:57:58.536  2950  2950 E GeckoView: 	at android.view.View$PerformClick.run(View.java:28911)
06-01 15:57:58.536  2950  2950 E GeckoView: 	at android.os.Handler.handleCallback(Handler.java:938)
06-01 15:57:58.536  2950  2950 E GeckoView: 	at android.os.Handler.dispatchMessage(Handler.java:99)
06-01 15:57:58.536  2950  2950 E GeckoView: 	at android.os.Looper.loopOnce(Looper.java:233)
06-01 15:57:58.536  2950  2950 E GeckoView: 	at android.os.Looper.loop(Looper.java:344)
06-01 15:57:58.536  2950  2950 E GeckoView: 	at android.app.ActivityThread.main(ActivityThread.java:8212)
06-01 15:57:58.536  2950  2950 E GeckoView: 	at java.lang.reflect.Method.invoke(Native Method)
06-01 15:57:58.536  2950  2950 E GeckoView: 	at com.android.internal.os.RuntimeInit$MethodAndArgsCaller.run(RuntimeInit.java:584)
06-01 15:57:58.536  2950  2950 E GeckoView: 	at com.android.internal.os.ZygoteInit.main(ZygoteInit.java:1034)
06-01 15:57:59.132  2950  2950 W GeckoEventDispatcher: No listener for GeckoView:DismissClipboardPermissionRequest
06-01 15:57:59.134  2950  3428 E GeckoConsole: [JavaScript Error: "TypeError: can't access property "WindowEventDispatcher", win is null" {file: "resource://gre/modules/GeckoViewSessionStore.sys.mjs" line: 149}]
06-01 15:57:59.134  2950  3428 E GeckoConsole: onTabStateUpdate@resource://gre/modules/GeckoViewSessionStore.sys.mjs:149:5
06-01 15:57:59.134  2950  3428 E GeckoConsole: updateSessionStoreFromTabListener@resource://gre/modules/GeckoViewSessionStore.sys.mjs:243:10
06-01 15:57:59.134  2950  3428 E GeckoConsole: SSF_updateSessionStore@resource://gre/modules/SessionStoreFunctions.sys.mjs:46:27
06-01 15:57:59.134  2950  3428 E GeckoConsole: UpdateSessionStore@resource://gre/modules/SessionStoreFunctions.sys.mjs:16:46
06-01 15:57:59.134  2950  3428 E GeckoConsole: [JavaScript Error: "TypeError: can't access property "WindowEventDispatcher", win is null" {file: "resource://gre/modules/GeckoViewSessionStore.sys.mjs" line: 149}]
06-01 15:57:59.134  2950  3428 E GeckoConsole: onTabStateUpdate@resource://gre/modules/GeckoViewSessionStore.sys.mjs:149:5
06-01 15:57:59.134  2950  3428 E GeckoConsole: updateSessionStoreFromTabListener@resource://gre/modules/GeckoViewSessionStore.sys.mjs:243:10
06-01 15:57:59.134  2950  3428 E GeckoConsole: SSF_updateSessionStore@resource://gre/modules/SessionStoreFunctions.sys.mjs:46:27
06-01 15:57:59.134  2950  3428 E GeckoConsole: UpdateSessionStore@resource://gre/modules/SessionStoreFunctions.sys.mjs:16:46
06-01 15:57:59.482  2950  2950 W GeckoEventDispatcher: No listener for GeckoView:DismissClipboardPermissionRequest
06-01 15:57:59.485  2950  3428 E GeckoConsole: [JavaScript Error: "TypeError: can't access property "WindowEventDispatcher", win is null" {file: "resource://gre/modules/GeckoViewSessionStore.sys.mjs" line: 149}]
06-01 15:57:59.485  2950  3428 E GeckoConsole: onTabStateUpdate@resource://gre/modules/GeckoViewSessionStore.sys.mjs:149:5
06-01 15:57:59.485  2950  3428 E GeckoConsole: updateSessionStoreFromTabListener@resource://gre/modules/GeckoViewSessionStore.sys.mjs:243:10
06-01 15:57:59.485  2950  3428 E GeckoConsole: SSF_updateSessionStore@resource://gre/modules/SessionStoreFunctions.sys.mjs:46:27
06-01 15:57:59.485  2950  3428 E GeckoConsole: UpdateSessionStore@resource://gre/modules/SessionStoreFunctions.sys.mjs:16:46
06-01 15:57:59.485  2950  3428 E GeckoConsole: [JavaScript Error: "TypeError: can't access property "WindowEventDispatcher", win is null" {file: "resource://gre/modules/GeckoViewSessionStore.sys.mjs" line: 149}]
06-01 15:57:59.485  2950  3428 E GeckoConsole: onTabStateUpdate@resource://gre/modules/GeckoViewSessionStore.sys.mjs:149:5
06-01 15:57:59.485  2950  3428 E GeckoConsole: updateSessionStoreFromTabListener@resource://gre/modules/GeckoViewSessionStore.sys.mjs:243:10
06-01 15:57:59.485  2950  3428 E GeckoConsole: SSF_updateSessionStore@resource://gre/modules/SessionStoreFunctions.sys.mjs:46:27
06-01 15:57:59.485  2950  3428 E GeckoConsole: UpdateSessionStore@resource://gre/modules/SessionStoreFunctions.sys.mjs:16:46
06-01 15:57:59.806  2950  2950 W GeckoEventDispatcher: No listener for GeckoView:DismissClipboardPermissionRequest
06-01 15:57:59.807  2950  3428 E GeckoConsole: [JavaScript Error: "TypeError: can't access property "WindowEventDispatcher", win is null" {file: "resource://gre/modules/GeckoViewSessionStore.sys.mjs" line: 149}]
06-01 15:57:59.807  2950  3428 E GeckoConsole: onTabStateUpdate@resource://gre/modules/GeckoViewSessionStore.sys.mjs:149:5
06-01 15:57:59.807  2950  3428 E GeckoConsole: updateSessionStoreFromTabListener@resource://gre/modules/GeckoViewSessionStore.sys.mjs:243:10
06-01 15:57:59.807  2950  3428 E GeckoConsole: SSF_updateSessionStore@resource://gre/modules/SessionStoreFunctions.sys.mjs:46:27
06-01 15:57:59.807  2950  3428 E GeckoConsole: UpdateSessionStore@resource://gre/modules/SessionStoreFunctions.sys.mjs:16:46
06-01 15:57:59.807  2950  3428 E GeckoConsole: [JavaScript Error: "TypeError: can't access property "WindowEventDispatcher", win is null" {file: "resource://gre/modules/GeckoViewSessionStore.sys.mjs" line: 149}]
06-01 15:57:59.807  2950  3428 E GeckoConsole: onTabStateUpdate@resource://gre/modules/GeckoViewSessionStore.sys.mjs:149:5
06-01 15:57:59.807  2950  3428 E GeckoConsole: updateSessionStoreFromTabListener@resource://gre/modules/GeckoViewSessionStore.sys.mjs:243:10
06-01 15:57:59.807  2950  3428 E GeckoConsole: SSF_updateSessionStore@resource://gre/modules/SessionStoreFunctions.sys.mjs:46:27
06-01 15:57:59.807  2950  3428 E GeckoConsole: UpdateSessionStore@resource://gre/modules/SessionStoreFunctions.sys.mjs:16:46
06-01 15:58:06.353  2950  2950 W GeckoEventDispatcher: No listener for GeckoView:DismissClipboardPermissionRequest
06-01 15:58:06.356  2950  3428 E GeckoConsole: [JavaScript Error: "TypeError: can't access property "WindowEventDispatcher", win is null" {file: "resource://gre/modules/GeckoViewSessionStore.sys.mjs" line: 149}]
06-01 15:58:06.356  2950  3428 E GeckoConsole: onTabStateUpdate@resource://gre/modules/GeckoViewSessionStore.sys.mjs:149:5
06-01 15:58:06.356  2950  3428 E GeckoConsole: updateSessionStoreFromTabListener@resource://gre/modules/GeckoViewSessionStore.sys.mjs:243:10
06-01 15:58:06.356  2950  3428 E GeckoConsole: SSF_updateSessionStore@resource://gre/modules/SessionStoreFunctions.sys.mjs:46:27
06-01 15:58:06.356  2950  3428 E GeckoConsole: UpdateSessionStore@resource://gre/modules/SessionStoreFunctions.sys.mjs:16:46
06-01 15:58:06.357  2950  3428 E GeckoConsole: [JavaScript Error: "TypeError: can't access property "WindowEventDispatcher", win is null" {file: "resource://gre/modules/GeckoViewSessionStore.sys.mjs" line: 149}]
06-01 15:58:06.357  2950  3428 E GeckoConsole: onTabStateUpdate@resource://gre/modules/GeckoViewSessionStore.sys.mjs:149:5
06-01 15:58:06.357  2950  3428 E GeckoConsole: updateSessionStoreFromTabListener@resource://gre/modules/GeckoViewSessionStore.sys.mjs:243:10
06-01 15:58:06.357  2950  3428 E GeckoConsole: SSF_updateSessionStore@resource://gre/modules/SessionStoreFunctions.sys.mjs:46:27
06-01 15:58:06.357  2950  3428 E GeckoConsole: UpdateSessionStore@resource://gre/modules/SessionStoreFunctions.sys.mjs:16:46
06-01 15:58:06.525  2950  2950 W View    : requestLayout() improperly called by android.widget.LinearLayout{68a38dc V.E...... ......ID 0,1973-1440,2923 #7f0a011b app:id/main_keyboard_frame} during layout: running second layout pass
06-01 15:58:09.639  2950  3009 E BLASTBufferQueue: BLASTBufferItemConsumer::onDisconnect()
06-01 15:58:13.066  2950  3009 E BLASTBufferQueue: BLASTBufferItemConsumer::onDisconnect()
06-01 15:58:15.374  2950  2950 W com.vibekey.keyboard: type=1400 audit(0.0:22769): avc: denied { nlmsg_readpriv } for comm=536F636B657420546872656164 scontext=u:r:untrusted_app:s0:c22,c271,c512,c768 tcontext=u:r:untrusted_app:s0:c22,c271,c512,c768 tclass=netlink_route_socket permissive=0 bug=b/155595000 app=com.vibekey.keyboard
06-01 15:58:16.375  2950  7759 E ActivityThread: Failed to find provider info for com.oplus.statistics.provider
