06-01 19:58:56.983 12831 18026 W Ads     : Not retrying to fetch app settings
06-01 19:58:57.547 12831 12831 W AdManager: Rewarded load failed tier=PRIMARY code=1 domain=com.google.android.gms.ads message=Error building request URL: Too many recently failed requests for ad unit ID: ca-app-pub-6765609171282681/3310587093. You must wait a few seconds before making another ad request.
06-01 19:58:57.562 12831 12831 W AdManager: Interstitial ad failed to load: code=1 message=Error building request URL: Too many recently failed requests for ad unit ID: ca-app-pub-6765609171282681/8371342086. You must wait a few seconds before making another ad request.
06-01 19:58:57.564 12831 12831 W AdManager: Native ad failed to load: code=1 message=Error building request URL: Too many recently failed requests for ad unit ID: ca-app-pub-6765609171282681/4767072755. You must wait a few seconds before making another ad request.
06-01 19:58:57.958 12831 18016 W Ads     : Not retrying to fetch app settings
06-01 19:58:57.991 12831 18025 W Ads     : Not retrying to fetch app settings
06-01 19:58:58.506 12831 12831 W AdManager: Rewarded load failed tier=PRIMARY code=1 domain=com.google.android.gms.ads message=Error building request URL: Too many recently failed requests for ad unit ID: ca-app-pub-6765609171282681/3310587093. You must wait a few seconds before making another ad request.
06-01 19:58:58.547 12831 12831 W AdManager: Interstitial ad failed to load: code=1 message=Error building request URL: Too many recently failed requests for ad unit ID: ca-app-pub-6765609171282681/8371342086. You must wait a few seconds before making another ad request.
06-01 19:58:58.561 12831 12831 W AdManager: Native ad failed to load: code=1 message=Error building request URL: Too many recently failed requests for ad unit ID: ca-app-pub-6765609171282681/4767072755. You must wait a few seconds before making another ad request.
06-01 19:58:58.910 12831 18013 W Ads     : Not retrying to fetch app settings
06-01 19:58:58.912 12831 18060 W ServiceBindIntentUtils: Dynamic lookup for intent failed for action: com.google.android.gms.ads.service.START
06-01 19:58:58.948 12831 18026 W Ads     : Not retrying to fetch app settings
06-01 19:58:58.973 12831 18014 W Ads     : Not retrying to fetch app settings
06-01 19:58:59.574 12831 12831 W AdManager: Rewarded load failed tier=PRIMARY code=1 domain=com.google.android.gms.ads message=Error building request URL: Too many recently failed requests for ad unit ID: ca-app-pub-6765609171282681/3310587093. You must wait a few seconds before making another ad request.
06-01 19:58:59.598 12831 12831 W AdManager: Interstitial ad failed to load: code=1 message=Error building request URL: Too many recently failed requests for ad unit ID: ca-app-pub-6765609171282681/8371342086. You must wait a few seconds before making another ad request.
06-01 19:58:59.599 12831 12831 W AdManager: Native ad failed to load: code=1 message=Error building request URL: Too many recently failed requests for ad unit ID: ca-app-pub-6765609171282681/4767072755. You must wait a few seconds before making another ad request.
06-01 19:59:00.015 12831 12898 E BLASTBufferQueue: BLASTBufferItemConsumer::onDisconnect()
06-01 19:59:00.822 12831 12831 W View    : requestLayout() improperly called by android.widget.LinearLayout{4f097f5 V.E...... ......ID 0,1973-1440,2923 #7f0a011b app:id/main_keyboard_frame} during layout: running second layout pass
06-01 19:59:00.914 12831 18013 W Ads     : Not retrying to fetch app settings
06-01 19:59:00.917 12831 18037 W ServiceBindIntentUtils: Dynamic lookup for intent failed for action: com.google.android.gms.ads.service.START
06-01 19:59:00.936 12831 18020 W Ads     : Not retrying to fetch app settings
06-01 19:59:00.946 12831 18023 W Ads     : Not retrying to fetch app settings
06-01 19:59:01.118 12831 12831 W AdManager: Rewarded load failed tier=PRIMARY code=3 domain=com.google.android.gms.ads message=Publisher data not found. <https://support.google.com/admob/answer/9905175#9>
06-01 19:59:01.136 12831 12831 W AdManager: Native ad failed to load: code=3 message=Publisher data not found. <https://support.google.com/admob/answer/9905175#9>
06-01 19:59:01.142 12831 12831 W AdManager: Interstitial ad failed to load: code=3 message=Publisher data not found. <https://support.google.com/admob/answer/9905175#9>
06-01 19:59:01.340 12831 18024 W Ads     : Not retrying to fetch app settings
06-01 19:59:01.362 12831 18017 W Ads     : Not retrying to fetch app settings
06-01 19:59:01.378 12831 18013 W Ads     : Not retrying to fetch app settings
06-01 19:59:01.591 12831 12831 W AdManager: Rewarded load failed tier=PRIMARY code=3 domain=com.google.android.gms.ads message=Publisher data not found. <https://support.google.com/admob/answer/9905175#9>
06-01 19:59:01.593 12831 12831 W AdManager: Native ad failed to load: code=3 message=Publisher data not found. <https://support.google.com/admob/answer/9905175#9>
06-01 19:59:01.608 12831 12831 W AdManager: Interstitial ad failed to load: code=3 message=Publisher data not found. <https://support.google.com/admob/answer/9905175#9>
06-01 19:59:01.826 12831 18026 W Ads     : Not retrying to fetch app settings
06-01 19:59:01.850 12831 18022 W Ads     : Not retrying to fetch app settings
06-01 19:59:01.860 12831 18017 W Ads     : Not retrying to fetch app settings
06-01 19:59:02.044 12831 12831 W AdManager: Interstitial ad failed to load: code=3 message=Publisher data not found. <https://support.google.com/admob/answer/9905175#9>
06-01 19:59:02.047 12831 12831 W AdManager: Rewarded load failed tier=PRIMARY code=3 domain=com.google.android.gms.ads message=Publisher data not found. <https://support.google.com/admob/answer/9905175#9>
06-01 19:59:02.066 12831 12831 W AdManager: Native ad failed to load: code=3 message=Publisher data not found. <https://support.google.com/admob/answer/9905175#9>
06-01 19:59:02.329 12831 18013 W Ads     : Not retrying to fetch app settings
06-01 19:59:02.346 12831 18015 W Ads     : Not retrying to fetch app settings
06-01 19:59:02.355 12831 18019 W Ads     : Not retrying to fetch app settings
06-01 19:59:02.910 12831 12831 W AdManager: Rewarded load failed tier=PRIMARY code=1 domain=com.google.android.gms.ads message=Error building request URL: Too many recently failed requests for ad unit ID: ca-app-pub-6765609171282681/3310587093. You must wait a few seconds before making another ad request.
06-01 19:59:02.947 12831 12831 W View    : requestLayout() improperly called by android.widget.FrameLayout{c27c5fb V.E...... ......ID 0,1677-1440,1857 #7f0a0087 app:id/browser_nav_footer_float} during layout: running second layout pass
06-01 19:59:02.982 12831 12831 E GeckoView: Failed to attach WindowInsetsListener: 
06-01 19:59:02.982 12831 12831 E GeckoView: java.lang.NullPointerException: Attempt to invoke virtual method 'android.view.Window android.app.Activity.getWindow()' on a null object reference
06-01 19:59:02.982 12831 12831 E GeckoView: 	at org.mozilla.geckoview.GeckoView.attachWindowInsetsListener(r8-map-id-45901071d9dd614f8fe2dcd87a174905e94b6c6aa9031634ad2b49883ae84c53:1)
06-01 19:59:02.982 12831 12831 E GeckoView: 	at org.mozilla.geckoview.GeckoView.onAttachedToWindow(r8-map-id-45901071d9dd614f8fe2dcd87a174905e94b6c6aa9031634ad2b49883ae84c53:49)
06-01 19:59:02.982 12831 12831 E GeckoView: 	at android.view.View.dispatchAttachedToWindow(View.java:20900)
06-01 19:59:02.982 12831 12831 E GeckoView: 	at android.view.ViewGroup.dispatchAttachedToWindow(ViewGroup.java:3539)
06-01 19:59:02.982 12831 12831 E GeckoView: 	at android.view.ViewGroup.addViewInner(ViewGroup.java:5378)
06-01 19:59:02.982 12831 12831 E GeckoView: 	at android.view.ViewGroup.addView(ViewGroup.java:5156)
06-01 19:59:02.982 12831 12831 E GeckoView: 	at android.view.ViewGroup.addView(ViewGroup.java:5096)
06-01 19:59:02.982 12831 12831 E GeckoView: 	at helium314.keyboard.latin.panels.BrowserPanelView.Y(r8-map-id-45901071d9dd614f8fe2dcd87a174905e94b6c6aa9031634ad2b49883ae84c53:362)
06-01 19:59:02.982 12831 12831 E GeckoView: 	at helium314.keyboard.latin.panels.BrowserPanelView.G0(r8-map-id-45901071d9dd614f8fe2dcd87a174905e94b6c6aa9031634ad2b49883ae84c53:58)
06-01 19:59:02.982 12831 12831 E GeckoView: 	at c5.t.run(r8-map-id-45901071d9dd614f8fe2dcd87a174905e94b6c6aa9031634ad2b49883ae84c53:622)
06-01 19:59:02.982 12831 12831 E GeckoView: 	at g7.y.onGlobalLayout(r8-map-id-45901071d9dd614f8fe2dcd87a174905e94b6c6aa9031634ad2b49883ae84c53:8)
06-01 19:59:02.982 12831 12831 E GeckoView: 	at android.view.ViewTreeObserver.dispatchOnGlobalLayout(ViewTreeObserver.java:1061)
06-01 19:59:02.982 12831 12831 E GeckoView: 	at android.view.ViewRootImpl.performTraversals(ViewRootImpl.java:3407)
06-01 19:59:02.982 12831 12831 E GeckoView: 	at android.view.ViewRootImpl.doTraversal(ViewRootImpl.java:2305)
06-01 19:59:02.982 12831 12831 E GeckoView: 	at android.view.ViewRootImpl$TraversalRunnable.run(ViewRootImpl.java:9133)
06-01 19:59:02.982 12831 12831 E GeckoView: 	at android.view.Choreographer$CallbackRecord.run(Choreographer.java:1232)
06-01 19:59:02.982 12831 12831 E GeckoView: 	at android.view.Choreographer.doCallbacks(Choreographer.java:1029)
06-01 19:59:02.982 12831 12831 E GeckoView: 	at android.view.Choreographer.doFrame(Choreographer.java:934)
06-01 19:59:02.982 12831 12831 E GeckoView: 	at android.view.Choreographer$FrameDisplayEventReceiver.run(Choreographer.java:1217)
06-01 19:59:02.982 12831 12831 E GeckoView: 	at android.os.Handler.handleCallback(Handler.java:938)
06-01 19:59:02.982 12831 12831 E GeckoView: 	at android.os.Handler.dispatchMessage(Handler.java:99)
06-01 19:59:02.982 12831 12831 E GeckoView: 	at android.os.Looper.loopOnce(Looper.java:233)
06-01 19:59:02.982 12831 12831 E GeckoView: 	at android.os.Looper.loop(Looper.java:344)
06-01 19:59:02.982 12831 12831 E GeckoView: 	at android.app.ActivityThread.main(ActivityThread.java:8212)
06-01 19:59:02.982 12831 12831 E GeckoView: 	at java.lang.reflect.Method.invoke(Native Method)
06-01 19:59:02.982 12831 12831 E GeckoView: 	at com.android.internal.os.RuntimeInit$MethodAndArgsCaller.run(RuntimeInit.java:584)
06-01 19:59:02.982 12831 12831 E GeckoView: 	at com.android.internal.os.ZygoteInit.main(ZygoteInit.java:1034)
06-01 19:59:02.996 12831 12831 W AdManager: Interstitial ad failed to load: code=1 message=Error building request URL: Too many recently failed requests for ad unit ID: ca-app-pub-6765609171282681/8371342086. You must wait a few seconds before making another ad request.
06-01 19:59:02.997 12831 12831 W AdManager: Native ad failed to load: code=1 message=Error building request URL: Too many recently failed requests for ad unit ID: ca-app-pub-6765609171282681/4767072755. You must wait a few seconds before making another ad request.
06-01 19:59:03.010 13011 13061 W GeckoEditableChild: No editable parent
06-01 19:59:03.018 12831 12831 W View    : requestLayout() improperly called by helium314.keyboard.latin.panels.BrowserPanelView{58aabb5 V.E...... ......ID 0,0-1440,2040} during layout: running second layout pass
06-01 19:59:03.039 12831 12831 W View    : requestLayout() improperly called by helium314.keyboard.latin.panels.BrowserPanelView{58aabb5 V.E...... ......ID 0,0-1440,2040} during layout: running second layout pass
06-01 19:59:03.054 12831 12831 W View    : requestLayout() improperly called by helium314.keyboard.latin.panels.BrowserPanelView{58aabb5 V.E...... ......ID 0,0-1440,2040} during second layout pass: posting in next frame
06-01 19:59:03.063 12831 12844 E BLASTBufferQueue: BLASTBufferItemConsumer::onDisconnect()
06-01 19:59:03.065 12831 12831 W View    : requestLayout() improperly called by helium314.keyboard.latin.panels.BrowserPanelView{58aabb5 V.E...... ......ID 0,0-1440,2040} during layout: running second layout pass
06-01 19:59:03.070 12831 12831 W View    : requestLayout() improperly called by helium314.keyboard.latin.panels.BrowserPanelView{58aabb5 V.E...... ........ 0,0-1440,2040} during second layout pass: posting in next frame
06-01 19:59:03.074 12831 12831 W View    : requestLayout() improperly called by helium314.keyboard.latin.panels.BrowserPanelView{58aabb5 V.E...... ......ID 0,0-1440,2040} during layout: running second layout pass
06-01 19:59:03.082 12831 12831 W View    : requestLayout() improperly called by helium314.keyboard.latin.panels.BrowserPanelView{58aabb5 V.E...... ........ 0,0-1440,2040} during second layout pass: posting in next frame
06-01 19:59:03.086 12831 12831 W View    : requestLayout() improperly called by helium314.keyboard.latin.panels.BrowserPanelView{58aabb5 V.E...... ......ID 0,0-1440,2040} during layout: running second layout pass
06-01 19:59:03.089 12831 12831 W View    : requestLayout() improperly called by helium314.keyboard.latin.panels.BrowserPanelView{58aabb5 V.E...... ........ 0,0-1440,2040} during second layout pass: posting in next frame
06-01 19:59:03.102 12831 12831 W View    : requestLayout() improperly called by helium314.keyboard.latin.panels.BrowserPanelView{58aabb5 V.E...... ......ID 0,0-1440,2040} during layout: running second layout pass
06-01 19:59:03.106 12831 12831 W View    : requestLayout() improperly called by helium314.keyboard.latin.panels.BrowserPanelView{58aabb5 V.E...... ........ 0,0-1440,2040} during second layout pass: posting in next frame
06-01 19:59:03.119 12831 12831 W View    : requestLayout() improperly called by helium314.keyboard.latin.panels.BrowserPanelView{58aabb5 V.E...... ......ID 0,0-1440,2040} during layout: running second layout pass
06-01 19:59:03.123 12831 12831 W View    : requestLayout() improperly called by helium314.keyboard.latin.panels.BrowserPanelView{58aabb5 V.E...... ........ 0,0-1440,2040} during second layout pass: posting in next frame
06-01 19:59:03.136 12831 12831 W View    : requestLayout() improperly called by helium314.keyboard.latin.panels.BrowserPanelView{58aabb5 V.E...... ......ID 0,0-1440,2040} during layout: running second layout pass
06-01 19:59:03.140 12831 12831 W View    : requestLayout() improperly called by helium314.keyboard.latin.panels.BrowserPanelView{58aabb5 V.E...... ......ID 0,0-1440,2040} during second layout pass: posting in next frame
06-01 19:59:03.147 15877 15900 W Isolated Web Content: [JavaScript Warning: "Unexpected value auto parsing width attribute." {file: "https://www.cnbc.com/" line: 0}]
06-01 19:59:03.134 12831 12831 W com.vibekey.keyboard: type=1400 audit(0.0:34140): avc: denied { nlmsg_readpriv } for comm=536F636B657420546872656164 scontext=u:r:untrusted_app:s0:c42,c271,c512,c768 tcontext=u:r:untrusted_app:s0:c42,c271,c512,c768 tclass=netlink_route_socket permissive=0 bug=b/155595000 app=com.vibekey.keyboard
06-01 19:59:03.158 12831 12831 W View    : requestLayout() improperly called by helium314.keyboard.latin.panels.BrowserPanelView{58aabb5 V.E...... ......ID 0,0-1440,2040} during layout: running second layout pass
06-01 19:59:03.161 12831 12831 W View    : requestLayout() improperly called by helium314.keyboard.latin.panels.BrowserPanelView{58aabb5 V.E...... ........ 0,0-1440,2040} during second layout pass: posting in next frame
06-01 19:59:03.169 12831 12831 W View    : requestLayout() improperly called by helium314.keyboard.latin.panels.BrowserPanelView{58aabb5 V.E...... ......ID 0,0-1440,2040} during layout: running second layout pass
06-01 19:59:03.172 12831 12831 W View    : requestLayout() improperly called by helium314.keyboard.latin.panels.BrowserPanelView{58aabb5 V.E...... ........ 0,0-1440,2040} during second layout pass: posting in next frame
06-01 19:59:03.186 12831 12831 W View    : requestLayout() improperly called by helium314.keyboard.latin.panels.BrowserPanelView{58aabb5 V.E...... ......ID 0,0-1440,2040} during layout: running second layout pass
06-01 19:59:03.188 12831 12831 W View    : requestLayout() improperly called by helium314.keyboard.latin.panels.BrowserPanelView{58aabb5 V.E...... ........ 0,0-1440,2040} during second layout pass: posting in next frame
06-01 19:59:03.202 12831 12831 W View    : requestLayout() improperly called by helium314.keyboard.latin.panels.BrowserPanelView{58aabb5 V.E...... ......I. 0,0-1440,2040} during layout: running second layout pass
06-01 19:59:03.206 12831 12831 W View    : requestLayout() improperly called by helium314.keyboard.latin.panels.BrowserPanelView{58aabb5 V.E...... ......ID 0,0-1440,2040} during second layout pass: posting in next frame
06-01 19:59:03.220 12831 12831 W View    : requestLayout() improperly called by helium314.keyboard.latin.panels.BrowserPanelView{58aabb5 V.E...... ......ID 0,0-1440,2040} during layout: running second layout pass
06-01 19:59:03.225 12831 12831 W View    : requestLayout() improperly called by helium314.keyboard.latin.panels.BrowserPanelView{58aabb5 V.E...... ........ 0,0-1440,2040} during second layout pass: posting in next frame
06-01 19:59:03.235 12831 12831 W View    : requestLayout() improperly called by helium314.keyboard.latin.panels.BrowserPanelView{58aabb5 V.E...... ......I. 0,0-1440,2040} during layout: running second layout pass
06-01 19:59:03.239 12831 12831 W View    : requestLayout() improperly called by helium314.keyboard.latin.panels.BrowserPanelView{58aabb5 V.E...... ........ 0,0-1440,2040} during second layout pass: posting in next frame
06-01 19:59:03.254 12831 12831 W View    : requestLayout() improperly called by helium314.keyboard.latin.panels.BrowserPanelView{58aabb5 V.E...... ......I. 0,0-1440,2040} during layout: running second layout pass
06-01 19:59:03.257 12831 12831 W View    : requestLayout() improperly called by helium314.keyboard.latin.panels.BrowserPanelView{58aabb5 V.E...... ........ 0,0-1440,2040} during second layout pass: posting in next frame
06-01 19:59:03.269 12831 12831 W View    : requestLayout() improperly called by helium314.keyboard.latin.panels.BrowserPanelView{58aabb5 V.E...... ......I. 0,0-1440,2040} during layout: running second layout pass
06-01 19:59:03.273 12831 12831 W View    : requestLayout() improperly called by helium314.keyboard.latin.panels.BrowserPanelView{58aabb5 V.E...... .......D 0,0-1440,2040} during second layout pass: posting in next frame
06-01 19:59:03.288 12831 12831 W View    : requestLayout() improperly called by helium314.keyboard.latin.panels.BrowserPanelView{58aabb5 V.E...... ......ID 0,0-1440,2040} during layout: running second layout pass
06-01 19:59:03.291 12831 12831 W View    : requestLayout() improperly called by helium314.keyboard.latin.panels.BrowserPanelView{58aabb5 V.E...... ........ 0,0-1440,2040} during second layout pass: posting in next frame
06-01 19:59:03.304 12831 12831 W View    : requestLayout() improperly called by helium314.keyboard.latin.panels.BrowserPanelView{58aabb5 V.E...... ......ID 0,0-1440,2040} during layout: running second layout pass
06-01 19:59:03.308 12831 12831 W View    : requestLayout() improperly called by helium314.keyboard.latin.panels.BrowserPanelView{58aabb5 V.E...... ........ 0,0-1440,2040} during second layout pass: posting in next frame
06-01 19:59:03.320 12831 12831 W View    : requestLayout() improperly called by helium314.keyboard.latin.panels.BrowserPanelView{58aabb5 V.E...... ......I. 0,0-1440,2040} during layout: running second layout pass
06-01 19:59:03.323 12831 12831 W View    : requestLayout() improperly called by helium314.keyboard.latin.panels.BrowserPanelView{58aabb5 V.E...... ........ 0,0-1440,2040} during second layout pass: posting in next frame
06-01 19:59:03.337 12831 12831 W View    : requestLayout() improperly called by helium314.keyboard.latin.panels.BrowserPanelView{58aabb5 V.E...... ......I. 0,0-1440,2040} during layout: running second layout pass
06-01 19:59:03.340 12831 12831 W View    : requestLayout() improperly called by helium314.keyboard.latin.panels.BrowserPanelView{58aabb5 V.E...... ........ 0,0-1440,2040} during second layout pass: posting in next frame
06-01 19:59:03.352 12831 12831 W View    : requestLayout() improperly called by helium314.keyboard.latin.panels.BrowserPanelView{58aabb5 V.E...... ......I. 0,0-1440,2040} during layout: running second layout pass
06-01 19:59:03.356 12831 12831 W View    : requestLayout() improperly called by helium314.keyboard.latin.panels.BrowserPanelView{58aabb5 V.E...... ........ 0,0-1440,2040} during second layout pass: posting in next frame
06-01 19:59:03.357 12831 18013 W Ads     : Not retrying to fetch app settings
06-01 19:59:03.354 12831 12831 W com.vibekey.keyboard: type=1400 audit(0.0:34141): avc: denied { nlmsg_readpriv } for comm=536F636B657420546872656164 scontext=u:r:untrusted_app:s0:c42,c271,c512,c768 tcontext=u:r:untrusted_app:s0:c42,c271,c512,c768 tclass=netlink_route_socket permissive=0 bug=b/155595000 app=com.vibekey.keyboard
06-01 19:59:03.369 12831 12831 W View    : requestLayout() improperly called by helium314.keyboard.latin.panels.BrowserPanelView{58aabb5 V.E...... ......I. 0,0-1440,2040} during layout: running second layout pass
06-01 19:59:03.372 12831 12831 W View    : requestLayout() improperly called by helium314.keyboard.latin.panels.BrowserPanelView{58aabb5 V.E...... ........ 0,0-1440,2040} during second layout pass: posting in next frame
06-01 19:59:03.387 12831 12831 W View    : requestLayout() improperly called by helium314.keyboard.latin.panels.BrowserPanelView{58aabb5 V.E...... ......I. 0,0-1440,2040} during layout: running second layout pass
06-01 19:59:03.390 12831 12831 W View    : requestLayout() improperly called by helium314.keyboard.latin.panels.BrowserPanelView{58aabb5 V.E...... ........ 0,0-1440,2040} during second layout pass: posting in next frame
06-01 19:59:03.403 12831 12831 W View    : requestLayout() improperly called by helium314.keyboard.latin.panels.BrowserPanelView{58aabb5 V.E...... ......I. 0,0-1440,2040} during layout: running second layout pass
06-01 19:59:03.405 12831 18016 W Ads     : Not retrying to fetch app settings
06-01 19:59:03.406 12831 12831 W View    : requestLayout() improperly called by helium314.keyboard.latin.panels.BrowserPanelView{58aabb5 V.E...... ........ 0,0-1440,2040} during second layout pass: posting in next frame
06-01 19:59:03.441 12831 12844 E BLASTBufferQueue: BLASTBufferItemConsumer::onDisconnect()
06-01 19:59:03.444 12831 12831 W View    : requestLayout() improperly called by helium314.keyboard.latin.panels.BrowserPanelView{58aabb5 V.E...... ......ID 0,0-1440,2040} during layout: running second layout pass
06-01 19:59:03.455 12831 12831 W View    : requestLayout() improperly called by helium314.keyboard.latin.panels.BrowserPanelView{58aabb5 V.E...... ........ 0,0-1440,2040} during second layout pass: posting in next frame
06-01 19:59:03.456 12831 12831 W View    : requestLayout() improperly called by helium314.keyboard.latin.panels.BrowserPanelView{58aabb5 V.E...... ......I. 0,0-1440,2040} during layout: running second layout pass
06-01 19:59:03.460 12831 12831 W View    : requestLayout() improperly called by helium314.keyboard.latin.panels.BrowserPanelView{58aabb5 V.E...... ........ 0,0-1440,2040} during second layout pass: posting in next frame
06-01 19:59:03.470 12831 12831 W View    : requestLayout() improperly called by helium314.keyboard.latin.panels.BrowserPanelView{58aabb5 V.E...... ......I. 0,0-1440,2040} during layout: running second layout pass
06-01 19:59:03.474 12831 12831 W View    : requestLayout() improperly called by helium314.keyboard.latin.panels.BrowserPanelView{58aabb5 V.E...... ........ 0,0-1440,2040} during second layout pass: posting in next frame
06-01 19:59:03.486 12831 12831 W View    : requestLayout() improperly called by helium314.keyboard.latin.panels.BrowserPanelView{58aabb5 V.E...... ......I. 0,0-1440,2040} during layout: running second layout pass
06-01 19:59:03.491 12831 12831 W View    : requestLayout() improperly called by helium314.keyboard.latin.panels.BrowserPanelView{58aabb5 V.E...... ......ID 0,0-1440,2040} during second layout pass: posting in next frame
06-01 19:59:03.504 12831 12831 W View    : requestLayout() improperly called by helium314.keyboard.latin.panels.BrowserPanelView{58aabb5 V.E...... ......ID 0,0-1440,2040} during layout: running second layout pass
06-01 19:59:03.510 12831 12831 W View    : requestLayout() improperly called by helium314.keyboard.latin.panels.BrowserPanelView{58aabb5 V.E...... ........ 0,0-1440,2040} during second layout pass: posting in next frame
06-01 19:59:03.520 12831 12831 W View    : requestLayout() improperly called by helium314.keyboard.latin.panels.BrowserPanelView{58aabb5 V.E...... ......ID 0,0-1440,2040} during layout: running second layout pass
06-01 19:59:03.524 12831 12831 W View    : requestLayout() improperly called by helium314.keyboard.latin.panels.BrowserPanelView{58aabb5 V.E...... ........ 0,0-1440,2040} during second layout pass: posting in next frame
06-01 19:59:03.537 12831 12831 W View    : requestLayout() improperly called by helium314.keyboard.latin.panels.BrowserPanelView{58aabb5 V.E...... ......ID 0,0-1440,2040} during layout: running second layout pass
06-01 19:59:03.542 12831 12831 W View    : requestLayout() improperly called by helium314.keyboard.latin.panels.BrowserPanelView{58aabb5 V.E...... ........ 0,0-1440,2040} during second layout pass: posting in next frame
06-01 19:59:03.554 12831 12831 W View    : requestLayout() improperly called by helium314.keyboard.latin.panels.BrowserPanelView{58aabb5 V.E...... ......ID 0,0-1440,2040} during layout: running second layout pass
06-01 19:59:03.596 12831 12831 W GeckoEventDispatcher: No listener for GeckoView:DismissClipboardPermissionRequest
06-01 19:59:03.599 12831 12844 E BLASTBufferQueue: BLASTBufferItemConsumer::onDisconnect()
06-01 19:59:03.603 12831 12831 E GeckoView: Failed to detach WindowInsetsListener: 
06-01 19:59:03.603 12831 12831 E GeckoView: java.lang.NullPointerException: Attempt to invoke virtual method 'android.view.Window android.app.Activity.getWindow()' on a null object reference
06-01 19:59:03.603 12831 12831 E GeckoView: 	at org.mozilla.geckoview.GeckoView.detachWindowInsetsListener(r8-map-id-45901071d9dd614f8fe2dcd87a174905e94b6c6aa9031634ad2b49883ae84c53:1)
06-01 19:59:03.603 12831 12831 E GeckoView: 	at org.mozilla.geckoview.GeckoView.onDetachedFromWindow(r8-map-id-45901071d9dd614f8fe2dcd87a174905e94b6c6aa9031634ad2b49883ae84c53:25)
06-01 19:59:03.603 12831 12831 E GeckoView: 	at android.view.View.dispatchDetachedFromWindow(View.java:20955)
06-01 19:59:03.603 12831 12831 E GeckoView: 	at android.view.ViewGroup.dispatchDetachedFromWindow(ViewGroup.java:4014)
06-01 19:59:03.603 12831 12831 E GeckoView: 	at android.view.ViewGroup.removeViewInternal(ViewGroup.java:5660)
06-01 19:59:03.603 12831 12831 E GeckoView: 	at android.view.ViewGroup.removeViewInternal(ViewGroup.java:5631)
06-01 19:59:03.603 12831 12831 E GeckoView: 	at android.view.ViewGroup.removeView(ViewGroup.java:5562)
06-01 19:59:03.603 12831 12831 E GeckoView: 	at helium314.keyboard.latin.panels.BrowserPanelView.F(r8-map-id-45901071d9dd614f8fe2dcd87a174905e94b6c6aa9031634ad2b49883ae84c53:75)
06-01 19:59:03.603 12831 12831 E GeckoView: 	at helium314.keyboard.latin.panels.BrowserPanelView.H0(r8-map-id-45901071d9dd614f8fe2dcd87a174905e94b6c6aa9031634ad2b49883ae84c53:83)
06-01 19:59:03.603 12831 12831 E GeckoView: 	at g7.b0.r(r8-map-id-45901071d9dd614f8fe2dcd87a174905e94b6c6aa9031634ad2b49883ae84c53:149)
06-01 19:59:03.603 12831 12831 E GeckoView: 	at g7.b0.P(r8-map-id-45901071d9dd614f8fe2dcd87a174905e94b6c6aa9031634ad2b49883ae84c53:17)
06-01 19:59:03.603 12831 12831 E GeckoView: 	at y7.s3.a(r8-map-id-45901071d9dd614f8fe2dcd87a174905e94b6c6aa9031634ad2b49883ae84c53:3)
06-01 19:59:03.603 12831 12831 E GeckoView: 	at y7.d2.onClick(r8-map-id-45901071d9dd614f8fe2dcd87a174905e94b6c6aa9031634ad2b49883ae84c53:209)
06-01 19:59:03.603 12831 12831 E GeckoView: 	at android.view.View.performClick(View.java:7488)
06-01 19:59:03.603 12831 12831 E GeckoView: 	at android.view.View.performClickInternal(View.java:7464)
06-01 19:59:03.603 12831 12831 E GeckoView: 	at android.view.View.access$3700(View.java:841)
06-01 19:59:03.603 12831 12831 E GeckoView: 	at android.view.View$PerformClick.run(View.java:28911)
06-01 19:59:03.603 12831 12831 E GeckoView: 	at android.os.Handler.handleCallback(Handler.java:938)
06-01 19:59:03.603 12831 12831 E GeckoView: 	at android.os.Handler.dispatchMessage(Handler.java:99)
06-01 19:59:03.603 12831 12831 E GeckoView: 	at android.os.Looper.loopOnce(Looper.java:233)
06-01 19:59:03.603 12831 12831 E GeckoView: 	at android.os.Looper.loop(Looper.java:344)
06-01 19:59:03.603 12831 12831 E GeckoView: 	at android.app.ActivityThread.main(ActivityThread.java:8212)
06-01 19:59:03.603 12831 12831 E GeckoView: 	at java.lang.reflect.Method.invoke(Native Method)
06-01 19:59:03.603 12831 12831 E GeckoView: 	at com.android.internal.os.RuntimeInit$MethodAndArgsCaller.run(RuntimeInit.java:584)
06-01 19:59:03.603 12831 12831 E GeckoView: 	at com.android.internal.os.ZygoteInit.main(ZygoteInit.java:1034)
06-01 19:59:03.640 12831 12831 W View    : requestLayout() improperly called by helium314.keyboard.latin.panels.BrowserPanelView{58aabb5 G.E...... ......ID 0,0-1440,2040} during second layout pass: posting in next frame
06-01 19:59:03.662 12831 12831 W View    : requestLayout() improperly called by helium314.keyboard.latin.panels.BrowserPanelView{58aabb5 G.E...... ......ID 0,0-1440,2040} during second layout pass: posting in next frame
06-01 19:59:03.663 12831 12831 W GeckoSession: No history entries found.
06-01 19:59:03.720 15877 15900 E Isolated Web Content: [JavaScript Error: "TypeError: can't access property "remove", window.__EventBus__ is undefined" {file: "https://www.cnbc.com/ line 2 > injectedScript" line: 2}]
06-01 19:59:03.734 12831 12831 W com.vibekey.keyboard: type=1400 audit(0.0:34142): avc: denied { nlmsg_readpriv } for comm=536F636B657420546872656164 scontext=u:r:untrusted_app:s0:c42,c271,c512,c768 tcontext=u:r:untrusted_app:s0:c42,c271,c512,c768 tclass=netlink_route_socket permissive=0 bug=b/155595000 app=com.vibekey.keyboard
06-01 19:59:03.841 15877 15900 W Isolated Web Content: [JavaScript Warning: "Ignoring unsupported entryTypes: longtask." {file: "https://static-redesign.cnbcfm.com/dist/main-e0257c9bff4e48305844.js" line: 2}]
06-01 19:59:03.936 12831 12831 W AdManager: Rewarded load failed tier=PRIMARY code=1 domain=com.google.android.gms.ads message=Error building request URL: Too many recently failed requests for ad unit ID: ca-app-pub-6765609171282681/3310587093. You must wait a few seconds before making another ad request.
06-01 19:59:04.063 12831 12984 E GeckoConsole: [JavaScript Error: "TypeError: can't access property "WindowEventDispatcher", win is null" {file: "resource://gre/modules/GeckoViewSessionStore.sys.mjs" line: 149}]
06-01 19:59:04.063 12831 12984 E GeckoConsole: onTabStateUpdate@resource://gre/modules/GeckoViewSessionStore.sys.mjs:149:5
06-01 19:59:04.063 12831 12984 E GeckoConsole: updateSessionStoreFromTabListener@resource://gre/modules/GeckoViewSessionStore.sys.mjs:243:10
06-01 19:59:04.063 12831 12984 E GeckoConsole: SSF_updateSessionStore@resource://gre/modules/SessionStoreFunctions.sys.mjs:46:27
06-01 19:59:04.063 12831 12984 E GeckoConsole: UpdateSessionStore@resource://gre/modules/SessionStoreFunctions.sys.mjs:16:46
06-01 19:59:04.073 12831 12831 W AdManager: Native ad failed to load: code=1 message=Error building request URL: Too many recently failed requests for ad unit ID: ca-app-pub-6765609171282681/4767072755. You must wait a few seconds before making another ad request.
06-01 19:59:04.074 12831 12831 W AdManager: Interstitial ad failed to load: code=1 message=Error building request URL: Too many recently failed requests for ad unit ID: ca-app-pub-6765609171282681/8371342086. You must wait a few seconds before making another ad request.
06-01 19:59:04.074 12831 12831 W com.vibekey.keyboard: type=1400 audit(0.0:34143): avc: denied { nlmsg_readpriv } for comm=536F636B657420546872656164 scontext=u:r:untrusted_app:s0:c42,c271,c512,c768 tcontext=u:r:untrusted_app:s0:c42,c271,c512,c768 tclass=netlink_route_socket permissive=0 bug=b/155595000 app=com.vibekey.keyboard
06-01 19:59:04.084 12831 12831 W com.vibekey.keyboard: type=1400 audit(0.0:34144): avc: denied { nlmsg_readpriv } for comm=536F636B657420546872656164 scontext=u:r:untrusted_app:s0:c42,c271,c512,c768 tcontext=u:r:untrusted_app:s0:c42,c271,c512,c768 tclass=netlink_route_socket permissive=0 bug=b/155595000 app=com.vibekey.keyboard
06-01 19:59:04.184 12831 12831 W com.vibekey.keyboard: type=1400 audit(0.0:34145): avc: denied { nlmsg_readpriv } for comm=536F636B657420546872656164 scontext=u:r:untrusted_app:s0:c42,c271,c512,c768 tcontext=u:r:untrusted_app:s0:c42,c271,c512,c768 tclass=netlink_route_socket permissive=0 bug=b/155595000 app=com.vibekey.keyboard
06-01 19:59:04.346 12831 18019 W Ads     : Not retrying to fetch app settings
06-01 19:59:04.369 12831 18019 W Ads     : Not retrying to fetch app settings
06-01 19:59:04.393 12831 18019 W Ads     : Not retrying to fetch app settings
06-01 19:59:04.394 12831 12831 W com.vibekey.keyboard: type=1400 audit(0.0:34148): avc: denied { nlmsg_readpriv } for comm=536F636B657420546872656164 scontext=u:r:untrusted_app:s0:c42,c271,c512,c768 tcontext=u:r:untrusted_app:s0:c42,c271,c512,c768 tclass=netlink_route_socket permissive=0 bug=b/155595000 app=com.vibekey.keyboard
06-01 19:59:04.454 12831 12831 W com.vibekey.keyboard: type=1400 audit(0.0:34149): avc: denied { nlmsg_readpriv } for comm=536F636B657420546872656164 scontext=u:r:untrusted_app:s0:c42,c271,c512,c768 tcontext=u:r:untrusted_app:s0:c42,c271,c512,c768 tclass=netlink_route_socket permissive=0 bug=b/155595000 app=com.vibekey.keyboard
06-01 19:59:04.548 15877 15900 E Isolated Web Content: [JavaScript Error: "Cookie “_cookie_test” has been rejected for invalid domain." {file: "https://www.cnbc.com/" line: 0}]
06-01 19:59:04.548 15877 15900 E Isolated Web Content: [JavaScript Error: "Cookie “_cookie_test” has been rejected for invalid domain." {file: "https://www.cnbc.com/" line: 0}]
06-01 19:59:04.552 15877 15900 E Isolated Web Content: [JavaScript Error: "Cookie “_cookie_test” has been rejected for invalid domain." {file: "https://www.cnbc.com/" line: 0}]
06-01 19:59:04.553 15877 15900 E Isolated Web Content: [JavaScript Error: "Cookie “_cookie_test” has been rejected for invalid domain." {file: "https://www.cnbc.com/" line: 0}]
06-01 19:59:04.554 15877 15900 E Isolated Web Content: [JavaScript Error: "Cookie “_cookie_test” has been rejected for invalid domain." {file: "https://www.cnbc.com/" line: 0}]
06-01 19:59:04.554 15877 15900 E Isolated Web Content: [JavaScript Error: "Cookie “_cookie_test” has been rejected for invalid domain." {file: "https://www.cnbc.com/" line: 0}]
06-01 19:59:04.565 15877 15900 E Isolated Web Content: [JavaScript Error: "Cookie “_cookie_test” has been rejected for invalid domain." {file: "https://www.cnbc.com/" line: 0}]
06-01 19:59:04.565 15877 15900 E Isolated Web Content: [JavaScript Error: "Cookie “_cookie_test” has been rejected for invalid domain." {file: "https://www.cnbc.com/" line: 0}]
06-01 19:59:04.574 12831 12831 W com.vibekey.keyboard: type=1400 audit(0.0:34150): avc: denied { nlmsg_readpriv } for comm=536F636B657420546872656164 scontext=u:r:untrusted_app:s0:c42,c271,c512,c768 tcontext=u:r:untrusted_app:s0:c42,c271,c512,c768 tclass=netlink_route_socket permissive=0 bug=b/155595000 app=com.vibekey.keyboard
06-01 19:59:04.631 15877 15900 E Isolated Web Content: [JavaScript Error: "Cookie “_cookie_test” has been rejected for invalid domain." {file: "https://www.cnbc.com/" line: 0}]
06-01 19:59:04.631 15877 15900 E Isolated Web Content: [JavaScript Error: "Cookie “_cookie_test” has been rejected for invalid domain." {file: "https://www.cnbc.com/" line: 0}]
06-01 19:59:04.668 16387 16415 W Isolated Web Content: [JavaScript Warning: "Content-Security-Policy: Ignoring “'unsafe-inline'” within script-src: ‘strict-dynamic’ specified" {file: "https://www.google.com/recaptcha/enterprise/anchor?ar=1&k=6LfnMFMeAAAAABvWy2u0ZzAqPaVUflZOPibgK-u5&co=aHR0cHM6Ly93d3cuY25iYy5jb206NDQz&hl=en&v=hsFBb1u5wWWWkWP4in1ua2cQ&size=invisible&anchor-ms=20000&execute-ms=30000&cb=t91yz71dxqbo" line: 0}]
06-01 19:59:04.668 16387 16415 W Isolated Web Content: [JavaScript Warning: "Content-Security-Policy: Ignoring “https:” within script-src: ‘strict-dynamic’ specified" {file: "https://www.google.com/recaptcha/enterprise/anchor?ar=1&k=6LfnMFMeAAAAABvWy2u0ZzAqPaVUflZOPibgK-u5&co=aHR0cHM6Ly93d3cuY25iYy5jb206NDQz&hl=en&v=hsFBb1u5wWWWkWP4in1ua2cQ&size=invisible&anchor-ms=20000&execute-ms=30000&cb=t91yz71dxqbo" line: 0}]
06-01 19:59:04.668 16387 16415 W Isolated Web Content: [JavaScript Warning: "Content-Security-Policy: Ignoring “http:” within script-src: ‘strict-dynamic’ specified" {file: "https://www.google.com/recaptcha/enterprise/anchor?ar=1&k=6LfnMFMeAAAAABvWy2u0ZzAqPaVUflZOPibgK-u5&co=aHR0cHM6Ly93d3cuY25iYy5jb206NDQz&hl=en&v=hsFBb1u5wWWWkWP4in1ua2cQ&size=invisible&anchor-ms=20000&execute-ms=30000&cb=t91yz71dxqbo" line: 0}]
06-01 19:59:04.668 16387 16415 W Isolated Web Content: [JavaScript Warning: "Content-Security-Policy: Ignoring “'unsafe-inline'” within script-src: nonce-source or hash-source specified" {file: "https://www.google.com/recaptcha/enterprise/anchor?ar=1&k=6LfnMFMeAAAAABvWy2u0ZzAqPaVUflZOPibgK-u5&co=aHR0cHM6Ly93d3cuY25iYy5jb206NDQz&hl=en&v=hsFBb1u5wWWWkWP4in1ua2cQ&size=invisible&anchor-ms=20000&execute-ms=30000&cb=t91yz71dxqbo" line: 0}]
06-01 19:59:04.724 15877 15900 E Isolated Web Content: [JavaScript Error: "Cookie “_cookie_test” has been rejected for invalid domain." {file: "https://www.cnbc.com/" line: 0}]
06-01 19:59:04.724 15877 15900 E Isolated Web Content: [JavaScript Error: "Cookie “_cookie_test” has been rejected for invalid domain." {file: "https://www.cnbc.com/" line: 0}]
06-01 19:59:04.727 15877 15900 E Isolated Web Content: [JavaScript Error: "Cookie “_cookie_test” has been rejected for invalid domain." {file: "https://www.cnbc.com/" line: 0}]
06-01 19:59:04.727 15877 15900 E Isolated Web Content: [JavaScript Error: "Cookie “_cookie_test” has been rejected for invalid domain." {file: "https://www.cnbc.com/" line: 0}]
06-01 19:59:04.714 12831 12831 W com.vibekey.keyboard: type=1400 audit(0.0:34151): avc: denied { nlmsg_readpriv } for comm=536F636B657420546872656164 scontext=u:r:untrusted_app:s0:c42,c271,c512,c768 tcontext=u:r:untrusted_app:s0:c42,c271,c512,c768 tclass=netlink_route_socket permissive=0 bug=b/155595000 app=com.vibekey.keyboard
06-01 19:59:04.938 16387 16415 W Isolated Web Content: [JavaScript Warning: "Ignoring unsupported entryTypes: longtask." {file: "https://www.gstatic.com/recaptcha/releases/hsFBb1u5wWWWkWP4in1ua2cQ/recaptcha__en.js" line: 727}]
06-01 19:59:04.958 12831 12831 W AdManager: Rewarded load failed tier=PRIMARY code=1 domain=com.google.android.gms.ads message=Error building request URL: Too many recently failed requests for ad unit ID: ca-app-pub-6765609171282681/3310587093. You must wait a few seconds before making another ad request.
06-01 19:59:04.970 12831 12831 W AdManager: Interstitial ad failed to load: code=1 message=Error building request URL: Too many recently failed requests for ad unit ID: ca-app-pub-6765609171282681/8371342086. You must wait a few seconds before making another ad request.
06-01 19:59:04.975 12831 17519 E ActivityThread: Failed to find provider info for com.oplus.statistics.provider
06-01 19:59:04.975 12831 17519 E OplusStatistics--: IllegalArgumentException:java.lang.IllegalArgumentException: Unknown URL content://com.oplus.statistics.provider/track_event
06-01 19:59:05.001 12831 12831 W AdManager: Native ad failed to load: code=1 message=Error building request URL: Too many recently failed requests for ad unit ID: ca-app-pub-6765609171282681/4767072755. You must wait a few seconds before making another ad request.
06-01 19:59:05.148 12831 18019 W Ads     : Not retrying to fetch app settings
06-01 19:59:05.177 12831 18022 W Ads     : Not retrying to fetch app settings
06-01 19:59:05.188 12831 18012 W Ads     : Not retrying to fetch app settings
06-01 19:59:05.718 12831 12831 W AdManager: Interstitial ad failed to load: code=1 message=Error building request URL: Too many recently failed requests for ad unit ID: ca-app-pub-6765609171282681/8371342086. You must wait a few seconds before making another ad request.
06-01 19:59:05.734 12831 12831 W AdManager: Rewarded load failed tier=PRIMARY code=1 domain=com.google.android.gms.ads message=Error building request URL: Too many recently failed requests for ad unit ID: ca-app-pub-6765609171282681/3310587093. You must wait a few seconds before making another ad request.
06-01 19:59:05.749 12831 12831 W AdManager: Native ad failed to load: code=1 message=Error building request URL: Too many recently failed requests for ad unit ID: ca-app-pub-6765609171282681/4767072755. You must wait a few seconds before making another ad request.
06-01 19:59:05.831 12831 18024 W Ads     : Not retrying to fetch app settings
06-01 19:59:05.846 12831 18020 W Ads     : Not retrying to fetch app settings
06-01 19:59:05.866 12831 18025 W Ads     : Not retrying to fetch app settings
06-01 19:59:06.433 12831 12831 W AdManager: Rewarded load failed tier=PRIMARY code=1 domain=com.google.android.gms.ads message=Error building request URL: Too many recently failed requests for ad unit ID: ca-app-pub-6765609171282681/3310587093. You must wait a few seconds before making another ad request.
06-01 19:59:06.468 12831 12831 W AdManager: Interstitial ad failed to load: code=1 message=Error building request URL: Too many recently failed requests for ad unit ID: ca-app-pub-6765609171282681/8371342086. You must wait a few seconds before making another ad request.
06-01 19:59:06.477 12831 12831 W AdManager: Native ad failed to load: code=1 message=Error building request URL: Too many recently failed requests for ad unit ID: ca-app-pub-6765609171282681/4767072755. You must wait a few seconds before making another ad request.
06-01 19:59:06.848 12831 18023 W Ads     : Not retrying to fetch app settings
06-01 19:59:06.851 12831 18036 W ServiceBindIntentUtils: Dynamic lookup for intent failed for action: com.google.android.gms.ads.service.START
06-01 19:59:06.863 12831 18024 W Ads     : Not retrying to fetch app settings
06-01 19:59:06.870 12831 18015 W Ads     : Not retrying to fetch app settings
06-01 19:59:07.462 12831 12831 W AdManager: Interstitial ad failed to load: code=1 message=Error building request URL: Too many recently failed requests for ad unit ID: ca-app-pub-6765609171282681/8371342086. You must wait a few seconds before making another ad request.
06-01 19:59:07.496 12831 12831 W AdManager: Rewarded load failed tier=PRIMARY code=1 domain=com.google.android.gms.ads message=Error building request URL: Too many recently failed requests for ad unit ID: ca-app-pub-6765609171282681/3310587093. You must wait a few seconds before making another ad request.
06-01 19:59:07.510 12831 12831 W AdManager: Native ad failed to load: code=1 message=Error building request URL: Too many recently failed requests for ad unit ID: ca-app-pub-6765609171282681/4767072755. You must wait a few seconds before making another ad request.
06-01 19:59:09.392 12831 12831 W GeckoEventDispatcher: No listener for GeckoView:DismissClipboardPermissionRequest
06-01 19:59:09.397 12831 12984 E GeckoConsole: [JavaScript Error: "TypeError: can't access property "WindowEventDispatcher", win is null" {file: "resource://gre/modules/GeckoViewSessionStore.sys.mjs" line: 149}]
06-01 19:59:09.397 12831 12984 E GeckoConsole: onTabStateUpdate@resource://gre/modules/GeckoViewSessionStore.sys.mjs:149:5
06-01 19:59:09.397 12831 12984 E GeckoConsole: updateSessionStoreFromTabListener@resource://gre/modules/GeckoViewSessionStore.sys.mjs:243:10
06-01 19:59:09.397 12831 12984 E GeckoConsole: SSF_updateSessionStore@resource://gre/modules/SessionStoreFunctions.sys.mjs:46:27
06-01 19:59:09.397 12831 12984 E GeckoConsole: UpdateSessionStore@resource://gre/modules/SessionStoreFunctions.sys.mjs:16:46
06-01 19:59:09.414 12831 12984 E GeckoConsole: [JavaScript Error: "TypeError: can't access property "WindowEventDispatcher", win is null" {file: "resource://gre/modules/GeckoViewSessionStore.sys.mjs" line: 149}]
06-01 19:59:09.414 12831 12984 E GeckoConsole: onTabStateUpdate@resource://gre/modules/GeckoViewSessionStore.sys.mjs:149:5
06-01 19:59:09.414 12831 12984 E GeckoConsole: updateSessionStoreFromTabListener@resource://gre/modules/GeckoViewSessionStore.sys.mjs:243:10
06-01 19:59:09.414 12831 12984 E GeckoConsole: SSF_updateSessionStore@resource://gre/modules/SessionStoreFunctions.sys.mjs:46:27
06-01 19:59:09.414 12831 12984 E GeckoConsole: UpdateSessionStore@resource://gre/modules/SessionStoreFunctions.sys.mjs:16:46
06-01 19:59:09.986 12831 12831 W GeckoEventDispatcher: No listener for GeckoView:DismissClipboardPermissionRequest
06-01 19:59:09.988 12831 12984 E GeckoConsole: [JavaScript Error: "TypeError: can't access property "WindowEventDispatcher", win is null" {file: "resource://gre/modules/GeckoViewSessionStore.sys.mjs" line: 149}]
06-01 19:59:09.988 12831 12984 E GeckoConsole: onTabStateUpdate@resource://gre/modules/GeckoViewSessionStore.sys.mjs:149:5
06-01 19:59:09.988 12831 12984 E GeckoConsole: updateSessionStoreFromTabListener@resource://gre/modules/GeckoViewSessionStore.sys.mjs:243:10
06-01 19:59:09.988 12831 12984 E GeckoConsole: SSF_updateSessionStore@resource://gre/modules/SessionStoreFunctions.sys.mjs:46:27
06-01 19:59:09.988 12831 12984 E GeckoConsole: UpdateSessionStore@resource://gre/modules/SessionStoreFunctions.sys.mjs:16:46
06-01 19:59:09.995 12831 12984 E GeckoConsole: [JavaScript Error: "TypeError: can't access property "WindowEventDispatcher", win is null" {file: "resource://gre/modules/GeckoViewSessionStore.sys.mjs" line: 149}]
06-01 19:59:09.995 12831 12984 E GeckoConsole: onTabStateUpdate@resource://gre/modules/GeckoViewSessionStore.sys.mjs:149:5
06-01 19:59:09.995 12831 12984 E GeckoConsole: updateSessionStoreFromTabListener@resource://gre/modules/GeckoViewSessionStore.sys.mjs:243:10
06-01 19:59:09.995 12831 12984 E GeckoConsole: SSF_updateSessionStore@resource://gre/modules/SessionStoreFunctions.sys.mjs:46:27
06-01 19:59:09.995 12831 12984 E GeckoConsole: UpdateSessionStore@resource://gre/modules/SessionStoreFunctions.sys.mjs:16:46
06-01 19:59:10.012 12831 12831 E GeckoView: Failed to attach WindowInsetsListener: 
06-01 19:59:10.012 12831 12831 E GeckoView: java.lang.NullPointerException: Attempt to invoke virtual method 'android.view.Window android.app.Activity.getWindow()' on a null object reference
06-01 19:59:10.012 12831 12831 E GeckoView: 	at org.mozilla.geckoview.GeckoView.attachWindowInsetsListener(r8-map-id-45901071d9dd614f8fe2dcd87a174905e94b6c6aa9031634ad2b49883ae84c53:1)
06-01 19:59:10.012 12831 12831 E GeckoView: 	at org.mozilla.geckoview.GeckoView.onAttachedToWindow(r8-map-id-45901071d9dd614f8fe2dcd87a174905e94b6c6aa9031634ad2b49883ae84c53:49)
06-01 19:59:10.012 12831 12831 E GeckoView: 	at android.view.View.dispatchAttachedToWindow(View.java:20900)
06-01 19:59:10.012 12831 12831 E GeckoView: 	at android.view.ViewGroup.dispatchAttachedToWindow(ViewGroup.java:3539)
06-01 19:59:10.012 12831 12831 E GeckoView: 	at android.view.ViewGroup.addViewInner(ViewGroup.java:5378)
06-01 19:59:10.012 12831 12831 E GeckoView: 	at android.view.ViewGroup.addView(ViewGroup.java:5156)
06-01 19:59:10.012 12831 12831 E GeckoView: 	at helium314.keyboard.latin.panels.BrowserPanelView.Y(r8-map-id-45901071d9dd614f8fe2dcd87a174905e94b6c6aa9031634ad2b49883ae84c53:140)
06-01 19:59:10.012 12831 12831 E GeckoView: 	at helium314.keyboard.latin.panels.BrowserPanelView.G0(r8-map-id-45901071d9dd614f8fe2dcd87a174905e94b6c6aa9031634ad2b49883ae84c53:58)
06-01 19:59:10.012 12831 12831 E GeckoView: 	at c5.t.run(r8-map-id-45901071d9dd614f8fe2dcd87a174905e94b6c6aa9031634ad2b49883ae84c53:622)
06-01 19:59:10.012 12831 12831 E GeckoView: 	at g7.y.onGlobalLayout(r8-map-id-45901071d9dd614f8fe2dcd87a174905e94b6c6aa9031634ad2b49883ae84c53:8)
06-01 19:59:10.012 12831 12831 E GeckoView: 	at android.view.ViewTreeObserver.dispatchOnGlobalLayout(ViewTreeObserver.java:1061)
06-01 19:59:10.012 12831 12831 E GeckoView: 	at android.view.ViewRootImpl.performTraversals(ViewRootImpl.java:3407)
06-01 19:59:10.012 12831 12831 E GeckoView: 	at android.view.ViewRootImpl.doTraversal(ViewRootImpl.java:2305)
06-01 19:59:10.012 12831 12831 E GeckoView: 	at android.view.ViewRootImpl$TraversalRunnable.run(ViewRootImpl.java:9133)
06-01 19:59:10.012 12831 12831 E GeckoView: 	at android.view.Choreographer$CallbackRecord.run(Choreographer.java:1232)
06-01 19:59:10.012 12831 12831 E GeckoView: 	at android.view.Choreographer.doCallbacks(Choreographer.java:1029)
06-01 19:59:10.012 12831 12831 E GeckoView: 	at android.view.Choreographer.doFrame(Choreographer.java:934)
06-01 19:59:10.012 12831 12831 E GeckoView: 	at android.view.Choreographer$FrameDisplayEventReceiver.run(Choreographer.java:1217)
06-01 19:59:10.012 12831 12831 E GeckoView: 	at android.os.Handler.handleCallback(Handler.java:938)
06-01 19:59:10.012 12831 12831 E GeckoView: 	at android.os.Handler.dispatchMessage(Handler.java:99)
06-01 19:59:10.012 12831 12831 E GeckoView: 	at android.os.Looper.loopOnce(Looper.java:233)
06-01 19:59:10.012 12831 12831 E GeckoView: 	at android.os.Looper.loop(Looper.java:344)
06-01 19:59:10.012 12831 12831 E GeckoView: 	at android.app.ActivityThread.main(ActivityThread.java:8212)
06-01 19:59:10.012 12831 12831 E GeckoView: 	at java.lang.reflect.Method.invoke(Native Method)
06-01 19:59:10.012 12831 12831 E GeckoView: 	at com.android.internal.os.RuntimeInit$MethodAndArgsCaller.run(RuntimeInit.java:584)
06-01 19:59:10.012 12831 12831 E GeckoView: 	at com.android.internal.os.ZygoteInit.main(ZygoteInit.java:1034)
