=== VibeKey 4.1.264 (4364) ===

--------- beginning of system
06-10 13:29:07.122 10474 10474 E OplusCustomizeRestrictionManager: sInstance is null, start a new sInstance
06-10 13:30:18.661 10474 11344 E ActivityThread: Failed to find provider info for com.oplus.statistics.provider
06-10 13:30:18.661 10474 11344 E OplusStatistics--: IllegalArgumentException:java.lang.IllegalArgumentException: Unknown URL content://com.oplus.statistics.provider/track_event
06-10 13:30:54.132 10474 11344 E ActivityThread: Failed to find provider info for com.oplus.statistics.provider
06-10 13:30:54.132 10474 11344 E OplusStatistics--: IllegalArgumentException:java.lang.IllegalArgumentException: Unknown URL content://com.oplus.statistics.provider/track_event
--------- beginning of crash
06-10 13:32:15.546 10474 11020 F libc    : Pointer tag for 0xffffffffffffffff was truncated, see 'https://source.android.com/devices/tech/debug/tagged-pointers'.
06-10 13:32:15.614 10474 11135 F libc    : Pointer tag for 0xffffffffffffffff was truncated, see 'https://source.android.com/devices/tech/debug/tagged-pointers'.
06-10 13:32:18.907 14964 14964 E OplusCustomizeRestrictionManager: sInstance is null, start a new sInstance
--------- beginning of main
06-10 13:32:32.636 16677 16706 E GeckoLibLoad: Load sqlite start
06-10 13:32:32.638 16677 16706 E GeckoLibLoad: Load sqlite done
06-10 13:32:32.639 16677 16706 E GeckoLibLoad: Load nss start
06-10 13:32:32.639 16677 16706 E GeckoLibLoad: Load nss done
06-10 13:32:32.659 16677 16706 E GeckoLibLoad: Loaded libs in 20.554896ms total, 1ms(0ms) user, 5ms(9ms) system, 0(0) faults
06-10 13:32:32.660 16677 16706 W GeckoThread: zerdatime 789595521 - runGecko
06-10 13:32:32.767 14964 14973 W ibekey.keyboar: Cleared Reference was only reachable from finalizer (only reported once)
06-10 13:32:32.825 16677 16706 W Isolated Web Content: [JavaScript Warning: "Missing resource in locale pt-BR: netwerk/necko.ftl"]
06-10 13:32:32.826 16677 16706 W Isolated Web Content: [JavaScript Warning: "Missing resource in locale pt-PT: netwerk/necko.ftl"]
06-10 13:32:32.910 16741 16741 E .keyboard:tab2: Unknown bits set in runtime_flags: 0x40000000
06-10 13:32:32.997 16360 16429 W Isolated Web Content: [JavaScript Warning: "This page is in Quirks Mode. Page layout may be impacted. For Standards Mode use “<!DOCTYPE html>”." {file: "https://image2.pubmatic.com/AdServer/Pug?vcode=bz0yJnR5cGU9MSZqcz0xJmNvZGU9ODImdGw9MTU3NjgwMCZkcF9pZD0yMg==&piggybackCookie=4269795254004944215&gdpr=0&gdpr_consent=&us_privacy=1YNN" line: 0}]
06-10 13:32:33.023 16741 16761 E GeckoLibLoad: Load sqlite start
06-10 13:32:33.024 16741 16761 E GeckoLibLoad: Load sqlite done
06-10 13:32:33.025 16741 16761 E GeckoLibLoad: Load nss start
06-10 13:32:33.025 16741 16761 E GeckoLibLoad: Load nss done
06-10 13:32:33.036 16741 16761 E GeckoLibLoad: Loaded libs in 10.830938ms total, 2ms(2ms) user, 7ms(8ms) system, 0(0) faults
06-10 13:32:33.036 16741 16761 W GeckoThread: zerdatime 789595897 - runGecko
06-10 13:32:33.051 16763 16763 E .keyboard:tab2: Unknown bits set in runtime_flags: 0x40000000
06-10 13:32:33.147 16763 16796 E GeckoLibLoad: Load sqlite start
06-10 13:32:33.148 16763 16796 E GeckoLibLoad: Load sqlite done
06-10 13:32:33.148 16763 16796 E GeckoLibLoad: Load nss start
06-10 13:32:33.148 16763 16796 E GeckoLibLoad: Load nss done
06-10 13:32:33.160 16763 16796 E GeckoLibLoad: Loaded libs in 11.551302ms total, 8ms(5ms) user, 0ms(4ms) system, 0(0) faults
06-10 13:32:33.160 16763 16796 W GeckoThread: zerdatime 789596021 - runGecko
06-10 13:32:33.687 16845 16845 E .keyboard:tab3: Unknown bits set in runtime_flags: 0x40000000
06-10 13:32:33.750 16845 16863 E GeckoLibLoad: Load sqlite start
06-10 13:32:33.752 16845 16863 E GeckoLibLoad: Load sqlite done
06-10 13:32:33.753 16845 16863 E GeckoLibLoad: Load nss start
06-10 13:32:33.753 16845 16863 E GeckoLibLoad: Load nss done
06-10 13:32:33.775 16845 16863 E GeckoLibLoad: Loaded libs in 21.850677ms total, 23ms(21ms) user, 0ms(0ms) system, 0(0) faults
06-10 13:32:33.775 16845 16863 W GeckoThread: zerdatime 789596636 - runGecko
06-10 13:32:34.307 14964 16880 E FilePhenotypeFlags: Config package com.google.android.gms.clearcut_client#com.vibekey.keyboard cannot use FILE backing without declarative registration. See go/phenotype-android-integration#phenotype for more information. This will lead to stale flags.
06-10 13:32:34.398 14964 16880 E FilePhenotypeFlags: Config package com.google.android.gms.clearcut_client#com.vibekey.keyboard cannot use FILE backing without declarative registration. See go/phenotype-android-integration#phenotype for more information. This will lead to stale flags.
06-10 13:32:34.398 14964 16880 E FilePhenotypeFlags: Config package com.google.android.gms.clearcut_client#com.vibekey.keyboard cannot use FILE backing without declarative registration. See go/phenotype-android-integration#phenotype for more information. This will lead to stale flags.
06-10 13:32:35.246 16921 16921 E .keyboard:tab1: Unknown bits set in runtime_flags: 0x40000000
06-10 13:32:35.347 16921 16951 E GeckoLibLoad: Load sqlite start
06-10 13:32:35.348 16921 16951 E GeckoLibLoad: Load sqlite done
06-10 13:32:35.348 16921 16951 E GeckoLibLoad: Load nss start
06-10 13:32:35.348 16921 16951 E GeckoLibLoad: Load nss done
06-10 13:32:35.361 16921 16951 E GeckoLibLoad: Loaded libs in 12.645885ms total, 0ms(0ms) user, 8ms(8ms) system, 0(0) faults
06-10 13:32:35.361 16921 16951 W GeckoThread: zerdatime 789598222 - runGecko
06-10 13:32:35.707 14964 14964 W com.vibekey.keyboard: type=1400 audit(0.0:328933): avc: denied { nlmsg_readpriv } for comm=536F636B657420546872656164 scontext=u:r:untrusted_app:s0:c191,c271,c512,c768 tcontext=u:r:untrusted_app:s0:c191,c271,c512,c768 tclass=netlink_route_socket permissive=0 bug=b/155595000 app=com.vibekey.keyboard
06-10 13:32:36.043 16993 16993 E .keyboard:tab2: Unknown bits set in runtime_flags: 0x40000000
06-10 13:32:36.109 16993 17010 E GeckoLibLoad: Load sqlite start
06-10 13:32:36.110 16993 17010 E GeckoLibLoad: Load sqlite done
06-10 13:32:36.111 16993 17010 E GeckoLibLoad: Load nss start
06-10 13:32:36.111 16993 17010 E GeckoLibLoad: Load nss done
06-10 13:32:36.122 16993 17010 E GeckoLibLoad: Loaded libs in 11.415261ms total, 0ms(0ms) user, 8ms(8ms) system, 0(0) faults
06-10 13:32:36.122 16993 17010 W GeckoThread: zerdatime 789598983 - runGecko
06-10 13:32:36.365 14964 15111 E GeckoConsole: [JavaScript Error: "TypeError: can't access property "WindowEventDispatcher", win is null" {file: "resource://gre/modules/GeckoViewSessionStore.sys.mjs" line: 149}]
06-10 13:32:36.365 14964 15111 E GeckoConsole: onTabStateUpdate@resource://gre/modules/GeckoViewSessionStore.sys.mjs:149:5
06-10 13:32:36.365 14964 15111 E GeckoConsole: updateSessionStoreFromTabListener@resource://gre/modules/GeckoViewSessionStore.sys.mjs:243:10
06-10 13:32:36.843 14964 14964 W GeckoEventDispatcher: No listener for GeckoView:DismissClipboardPermissionRequest
06-10 13:32:37.548 14964 14964 I VkBrowser: → load host=cnn.com
06-10 13:32:37.637 14964 14964 W com.vibekey.keyboard: type=1400 audit(0.0:328936): avc: denied { nlmsg_readpriv } for comm=536F636B657420546872656164 scontext=u:r:untrusted_app:s0:c191,c271,c512,c768 tcontext=u:r:untrusted_app:s0:c191,c271,c512,c768 tclass=netlink_route_socket permissive=0 bug=b/155595000 app=com.vibekey.keyboard
06-10 13:32:37.753 14964 14978 E BLASTBufferQueue: BLASTBufferItemConsumer::onDisconnect()
06-10 13:32:38.409 15186 15213 W libEGL  : EGLNativeWindowType 0xb4000075cbb72810 disconnect failed
06-10 13:32:38.409 15186 15213 W libEGL  : EGLNativeWindowType 0xb4000075cbb81810 disconnect failed
06-10 13:32:38.434 14964 14964 W GeckoEventDispatcher: No listener for GeckoView:DismissClipboardPermissionRequest
06-10 13:32:38.437 14964 16092 E BLASTBufferQueue: BLASTBufferItemConsumer::onDisconnect()
06-10 13:32:38.477 14964 14964 E GeckoView: Failed to detach WindowInsetsListener: 
06-10 13:32:38.477 14964 14964 E GeckoView: java.lang.NullPointerException: Attempt to invoke virtual method 'android.view.Window android.app.Activity.getWindow()' on a null object reference
06-10 13:32:38.477 14964 14964 E GeckoView: 	at org.mozilla.geckoview.GeckoView.detachWindowInsetsListener(r8-map-id-d5d7f8395d5f2856231a9cd94297ac3a5fc96cdfac5bfcbd9c3b53f859a10b27:1)
06-10 13:32:38.477 14964 14964 E GeckoView: 	at org.mozilla.geckoview.GeckoView.onDetachedFromWindow(r8-map-id-d5d7f8395d5f2856231a9cd94297ac3a5fc96cdfac5bfcbd9c3b53f859a10b27:25)
06-10 13:32:38.477 14964 14964 E GeckoView: 	at helium314.keyboard.latin.panels.ImeGeckoView.onDetachedFromWindow(r8-map-id-d5d7f8395d5f2856231a9cd94297ac3a5fc96cdfac5bfcbd9c3b53f859a10b27:1)
06-10 13:32:38.477 14964 14964 E GeckoView: 	at android.view.View.dispatchDetachedFromWindow(View.java:20955)
06-10 13:32:38.477 14964 14964 E GeckoView: 	at android.view.ViewGroup.dispatchDetachedFromWindow(ViewGroup.java:4014)
06-10 13:32:38.477 14964 14964 E GeckoView: 	at android.view.ViewGroup.removeViewInternal(ViewGroup.java:5660)
06-10 13:32:38.477 14964 14964 E GeckoView: 	at android.view.ViewGroup.removeViewInternal(ViewGroup.java:5631)
06-10 13:32:38.477 14964 14964 E GeckoView: 	at android.view.ViewGroup.removeView(ViewGroup.java:5562)
06-10 13:32:38.477 14964 14964 E GeckoView: 	at a8.t0.run(r8-map-id-d5d7f8395d5f2856231a9cd94297ac3a5fc96cdfac5bfcbd9c3b53f859a10b27:1198)
06-10 13:32:38.477 14964 14964 E GeckoView: 	at android.os.Handler.handleCallback(Handler.java:938)
06-10 13:32:38.477 14964 14964 E GeckoView: 	at android.os.Handler.dispatchMessage(Handler.java:99)
06-10 13:32:38.477 14964 14964 E GeckoView: 	at android.os.Looper.loopOnce(Looper.java:233)
06-10 13:32:38.477 14964 14964 E GeckoView: 	at android.os.Looper.loop(Looper.java:344)
06-10 13:32:38.477 14964 14964 E GeckoView: 	at android.app.ActivityThread.main(ActivityThread.java:8212)
06-10 13:32:38.477 14964 14964 E GeckoView: 	at java.lang.reflect.Method.invoke(Native Method)
06-10 13:32:38.477 14964 14964 E GeckoView: 	at com.android.internal.os.RuntimeInit$MethodAndArgsCaller.run(RuntimeInit.java:584)
06-10 13:32:38.477 14964 14964 E GeckoView: 	at com.android.internal.os.ZygoteInit.main(ZygoteInit.java:1034)
06-10 13:32:38.637 16993 17010 W AudioCapabilities: Unsupported mime audio/ffmpeg
06-10 13:32:38.638 16993 17010 W VideoCapabilities: Unsupported mime video/ffmpeg
06-10 13:32:38.638 16993 17010 W VideoCapabilities: Unrecognized profile/level 0/3 for video/mpeg2
06-10 13:32:38.638 16993 17010 W VideoCapabilities: Unrecognized profile/level 0/3 for video/mpeg2
06-10 13:32:38.871 17184 17184 E .keyboard:tab3: Unknown bits set in runtime_flags: 0x40000000
06-10 13:32:38.927 17184 17201 E GeckoLibLoad: Load sqlite start
06-10 13:32:38.928 17184 17201 E GeckoLibLoad: Load sqlite done
06-10 13:32:38.928 17184 17201 E GeckoLibLoad: Load nss start
06-10 13:32:38.928 17184 17201 E GeckoLibLoad: Load nss done
06-10 13:32:38.943 17184 17201 E GeckoLibLoad: Loaded libs in 14.726510ms total, 5ms(5ms) user, 0ms(3ms) system, 0(0) faults
06-10 13:32:38.943 17184 17201 W GeckoThread: zerdatime 789601804 - runGecko
06-10 13:32:38.949 14964 14964 I VkPanels: ▶ open browser
06-10 13:32:38.961 14964 14964 I VkBrowser: ▶ panel open incognito=false tabs=3 queryLen=0
06-10 13:32:38.966 14964 14964 E GeckoView: Failed to attach WindowInsetsListener: 
06-10 13:32:38.966 14964 14964 E GeckoView: 	at org.mozilla.geckoview.GeckoView.attachWindowInsetsListener(r8-map-id-d5d7f8395d5f2856231a9cd94297ac3a5fc96cdfac5bfcbd9c3b53f859a10b27:1)
06-10 13:32:38.966 14964 14964 E GeckoView: 	at org.mozilla.geckoview.GeckoView.onAttachedToWindow(r8-map-id-d5d7f8395d5f2856231a9cd94297ac3a5fc96cdfac5bfcbd9c3b53f859a10b27:49)
06-10 13:32:38.966 14964 14964 E GeckoView: 	at android.view.View.dispatchAttachedToWindow(View.java:20900)
06-10 13:32:38.966 14964 14964 E GeckoView: 	at android.view.ViewGroup.dispatchAttachedToWindow(ViewGroup.java:3539)
06-10 13:32:38.966 14964 14964 E GeckoView: 	at android.view.ViewGroup.addViewInner(ViewGroup.java:5378)
06-10 13:32:38.966 14964 14964 E GeckoView: 	at android.view.ViewGroup.addView(ViewGroup.java:5156)
06-10 13:32:38.966 14964 14964 E GeckoView: 	at helium314.keyboard.latin.panels.BrowserPanelView.Y(r8-map-id-d5d7f8395d5f2856231a9cd94297ac3a5fc96cdfac5bfcbd9c3b53f859a10b27:134)
06-10 13:32:38.966 14964 14964 E GeckoView: 	at helium314.keyboard.latin.panels.BrowserPanelView.F0(r8-map-id-d5d7f8395d5f2856231a9cd94297ac3a5fc96cdfac5bfcbd9c3b53f859a10b27:173)
06-10 13:32:38.966 14964 14964 E GeckoView: 	at c5.s.run(r8-map-id-d5d7f8395d5f2856231a9cd94297ac3a5fc96cdfac5bfcbd9c3b53f859a10b27:622)
06-10 13:32:38.966 14964 14964 E GeckoView: 	at i7.z.onGlobalLayout(r8-map-id-d5d7f8395d5f2856231a9cd94297ac3a5fc96cdfac5bfcbd9c3b53f859a10b27:8)
06-10 13:32:38.966 14964 14964 E GeckoView: 	at android.view.ViewTreeObserver.dispatchOnGlobalLayout(ViewTreeObserver.java:1061)
06-10 13:32:38.966 14964 14964 E GeckoView: 	at android.view.ViewRootImpl.performTraversals(ViewRootImpl.java:3407)
06-10 13:32:38.966 14964 14964 E GeckoView: 	at android.view.ViewRootImpl.doTraversal(ViewRootImpl.java:2305)
06-10 13:32:38.966 14964 14964 E GeckoView: 	at android.view.ViewRootImpl$TraversalRunnable.run(ViewRootImpl.java:9133)
06-10 13:32:38.966 14964 14964 E GeckoView: 	at android.view.Choreographer$CallbackRecord.run(Choreographer.java:1232)
06-10 13:32:38.966 14964 14964 E GeckoView: 	at android.view.Choreographer.doCallbacks(Choreographer.java:1029)
06-10 13:32:38.966 14964 14964 E GeckoView: 	at android.view.Choreographer.doFrame(Choreographer.java:934)
06-10 13:32:38.966 14964 14964 E GeckoView: 	at android.view.Choreographer$FrameDisplayEventReceiver.run(Choreographer.java:1217)
06-10 13:32:38.966 14964 14964 E GeckoView: 	at android.os.Handler.handleCallback(Handler.java:938)
06-10 13:32:38.966 14964 14964 E GeckoView: 	at android.os.Handler.dispatchMessage(Handler.java:99)
06-10 13:32:38.966 14964 14964 E GeckoView: 	at android.os.Looper.loopOnce(Looper.java:233)
06-10 13:32:38.966 14964 14964 E GeckoView: 	at android.os.Looper.loop(Looper.java:344)
06-10 13:32:38.966 14964 14964 E GeckoView: 	at android.app.ActivityThread.main(ActivityThread.java:8212)
06-10 13:32:38.966 14964 14964 E GeckoView: 	at java.lang.reflect.Method.invoke(Native Method)
06-10 13:32:38.966 14964 14964 E GeckoView: 	at com.android.internal.os.RuntimeInit$MethodAndArgsCaller.run(RuntimeInit.java:584)
06-10 13:32:38.966 14964 14964 E GeckoView: 	at com.android.internal.os.ZygoteInit.main(ZygoteInit.java:1034)
06-10 13:32:38.988 14964 16065 E BLASTBufferQueue: BLASTBufferItemConsumer::onDisconnect()
06-10 13:32:38.990 14964 14964 E GeckoView: 	at org.mozilla.geckoview.GeckoView.detachWindowInsetsListener(r8-map-id-d5d7f8395d5f2856231a9cd94297ac3a5fc96cdfac5bfcbd9c3b53f859a10b27:1)
06-10 13:32:38.990 14964 14964 E GeckoView: 	at org.mozilla.geckoview.GeckoView.onDetachedFromWindow(r8-map-id-d5d7f8395d5f2856231a9cd94297ac3a5fc96cdfac5bfcbd9c3b53f859a10b27:25)
06-10 13:32:38.990 14964 14964 E GeckoView: 	at helium314.keyboard.latin.panels.ImeGeckoView.onDetachedFromWindow(r8-map-id-d5d7f8395d5f2856231a9cd94297ac3a5fc96cdfac5bfcbd9c3b53f859a10b27:1)
06-10 13:32:38.990 14964 14964 E GeckoView: 	at android.view.View.dispatchDetachedFromWindow(View.java:20955)
06-10 13:32:38.990 14964 14964 E GeckoView: 	at android.view.ViewGroup.dispatchDetachedFromWindow(ViewGroup.java:4014)
06-10 13:32:38.990 14964 14964 E GeckoView: 	at android.view.ViewGroup.removeViewInternal(ViewGroup.java:5660)
06-10 13:32:38.990 14964 14964 E GeckoView: 	at android.view.ViewGroup.removeViewInternal(ViewGroup.java:5631)
06-10 13:32:38.990 14964 14964 E GeckoView: 	at android.view.ViewGroup.removeView(ViewGroup.java:5562)
06-10 13:32:38.990 14964 14964 E GeckoView: 	at a8.t0.run(r8-map-id-d5d7f8395d5f2856231a9cd94297ac3a5fc96cdfac5bfcbd9c3b53f859a10b27:1198)
06-10 13:32:38.990 14964 14964 E GeckoView: 	at android.os.Handler.handleCallback(Handler.java:938)
06-10 13:32:38.990 14964 14964 E GeckoView: 	at android.os.Handler.dispatchMessage(Handler.java:99)
06-10 13:32:38.990 14964 14964 E GeckoView: 	at android.os.Looper.loopOnce(Looper.java:233)
06-10 13:32:38.990 14964 14964 E GeckoView: 	at android.os.Looper.loop(Looper.java:344)
06-10 13:32:38.990 14964 14964 E GeckoView: 	at android.app.ActivityThread.main(ActivityThread.java:8212)
06-10 13:32:38.990 14964 14964 E GeckoView: 	at java.lang.reflect.Method.invoke(Native Method)
06-10 13:32:38.990 14964 14964 E GeckoView: 	at com.android.internal.os.RuntimeInit$MethodAndArgsCaller.run(RuntimeInit.java:584)
06-10 13:32:38.990 14964 14964 E GeckoView: 	at com.android.internal.os.ZygoteInit.main(ZygoteInit.java:1034)
06-10 13:32:39.103 16993 17010 E Isolated Web Content: c@https://www.cnn.com/:13353:1220
06-10 13:32:39.103 16993 17010 E Isolated Web Content: T@https://www.cnn.com/:13353:1443
06-10 13:32:40.338 14964 14964 I VkPanels: ▶ open browser
06-10 13:32:40.346 14964 14964 I VkBrowser: ▶ panel open incognito=false tabs=3 queryLen=0
06-10 13:32:40.348 14964 14964 E GeckoView: Failed to attach WindowInsetsListener: 
06-10 13:32:40.348 14964 14964 E GeckoView: 	at org.mozilla.geckoview.GeckoView.attachWindowInsetsListener(r8-map-id-d5d7f8395d5f2856231a9cd94297ac3a5fc96cdfac5bfcbd9c3b53f859a10b27:1)
06-10 13:32:40.348 14964 14964 E GeckoView: 	at org.mozilla.geckoview.GeckoView.onAttachedToWindow(r8-map-id-d5d7f8395d5f2856231a9cd94297ac3a5fc96cdfac5bfcbd9c3b53f859a10b27:49)
06-10 13:32:40.348 14964 14964 E GeckoView: 	at android.view.View.dispatchAttachedToWindow(View.java:20900)
06-10 13:32:40.348 14964 14964 E GeckoView: 	at android.view.ViewGroup.dispatchAttachedToWindow(ViewGroup.java:3539)
06-10 13:32:40.348 14964 14964 E GeckoView: 	at android.view.ViewGroup.addViewInner(ViewGroup.java:5378)
06-10 13:32:40.348 14964 14964 E GeckoView: 	at android.view.ViewGroup.addView(ViewGroup.java:5156)
06-10 13:32:40.348 14964 14964 E GeckoView: 	at helium314.keyboard.latin.panels.BrowserPanelView.Y(r8-map-id-d5d7f8395d5f2856231a9cd94297ac3a5fc96cdfac5bfcbd9c3b53f859a10b27:134)
06-10 13:32:40.348 14964 14964 E GeckoView: 	at helium314.keyboard.latin.panels.BrowserPanelView.F0(r8-map-id-d5d7f8395d5f2856231a9cd94297ac3a5fc96cdfac5bfcbd9c3b53f859a10b27:173)
06-10 13:32:40.348 14964 14964 E GeckoView: 	at c5.s.run(r8-map-id-d5d7f8395d5f2856231a9cd94297ac3a5fc96cdfac5bfcbd9c3b53f859a10b27:622)
06-10 13:32:40.348 14964 14964 E GeckoView: 	at i7.z.onGlobalLayout(r8-map-id-d5d7f8395d5f2856231a9cd94297ac3a5fc96cdfac5bfcbd9c3b53f859a10b27:8)
06-10 13:32:40.348 14964 14964 E GeckoView: 	at android.view.ViewTreeObserver.dispatchOnGlobalLayout(ViewTreeObserver.java:1061)
06-10 13:32:40.348 14964 14964 E GeckoView: 	at android.view.ViewRootImpl.performTraversals(ViewRootImpl.java:3407)
06-10 13:32:40.348 14964 14964 E GeckoView: 	at android.view.ViewRootImpl.doTraversal(ViewRootImpl.java:2305)
06-10 13:32:40.348 14964 14964 E GeckoView: 	at android.view.ViewRootImpl$TraversalRunnable.run(ViewRootImpl.java:9133)
06-10 13:32:40.348 14964 14964 E GeckoView: 	at android.view.Choreographer$CallbackRecord.run(Choreographer.java:1232)
06-10 13:32:40.348 14964 14964 E GeckoView: 	at android.view.Choreographer.doCallbacks(Choreographer.java:1029)
06-10 13:32:40.348 14964 14964 E GeckoView: 	at android.view.Choreographer.doFrame(Choreographer.java:934)
06-10 13:32:40.348 14964 14964 E GeckoView: 	at android.view.Choreographer$FrameDisplayEventReceiver.run(Choreographer.java:1217)
06-10 13:32:40.348 14964 14964 E GeckoView: 	at android.os.Handler.handleCallback(Handler.java:938)
06-10 13:32:40.348 14964 14964 E GeckoView: 	at android.os.Handler.dispatchMessage(Handler.java:99)
06-10 13:32:40.348 14964 14964 E GeckoView: 	at android.os.Looper.loopOnce(Looper.java:233)
06-10 13:32:40.348 14964 14964 E GeckoView: 	at android.os.Looper.loop(Looper.java:344)
06-10 13:32:40.348 14964 14964 E GeckoView: 	at android.app.ActivityThread.main(ActivityThread.java:8212)
06-10 13:32:40.348 14964 14964 E GeckoView: 	at java.lang.reflect.Method.invoke(Native Method)
06-10 13:32:40.348 14964 14964 E GeckoView: 	at com.android.internal.os.RuntimeInit$MethodAndArgsCaller.run(RuntimeInit.java:584)
06-10 13:32:40.348 14964 14964 E GeckoView: 	at com.android.internal.os.ZygoteInit.main(ZygoteInit.java:1034)
06-10 13:32:40.355 16993 17010 E Isolated Web Content: c@https://www.cnn.com/:13353:1220
06-10 13:32:40.355 16993 17010 E Isolated Web Content: T@https://www.cnn.com/:13353:1443
06-10 13:32:40.368 14964 14979 E BLASTBufferQueue: BLASTBufferItemConsumer::onDisconnect()
06-10 13:32:40.369 14964 14964 E GeckoView: 	at org.mozilla.geckoview.GeckoView.detachWindowInsetsListener(r8-map-id-d5d7f8395d5f2856231a9cd94297ac3a5fc96cdfac5bfcbd9c3b53f859a10b27:1)
06-10 13:32:40.369 14964 14964 E GeckoView: 	at org.mozilla.geckoview.GeckoView.onDetachedFromWindow(r8-map-id-d5d7f8395d5f2856231a9cd94297ac3a5fc96cdfac5bfcbd9c3b53f859a10b27:25)
06-10 13:32:40.369 14964 14964 E GeckoView: 	at helium314.keyboard.latin.panels.ImeGeckoView.onDetachedFromWindow(r8-map-id-d5d7f8395d5f2856231a9cd94297ac3a5fc96cdfac5bfcbd9c3b53f859a10b27:1)
06-10 13:32:40.369 14964 14964 E GeckoView: 	at android.view.View.dispatchDetachedFromWindow(View.java:20955)
06-10 13:32:40.369 14964 14964 E GeckoView: 	at android.view.ViewGroup.dispatchDetachedFromWindow(ViewGroup.java:4014)
06-10 13:32:40.369 14964 14964 E GeckoView: 	at android.view.ViewGroup.removeViewInternal(ViewGroup.java:5660)
06-10 13:32:40.369 14964 14964 E GeckoView: 	at android.view.ViewGroup.removeViewInternal(ViewGroup.java:5631)
06-10 13:32:40.369 14964 14964 E GeckoView: 	at android.view.ViewGroup.removeView(ViewGroup.java:5562)
06-10 13:32:40.369 14964 14964 E GeckoView: 	at a8.t0.run(r8-map-id-d5d7f8395d5f2856231a9cd94297ac3a5fc96cdfac5bfcbd9c3b53f859a10b27:1198)
06-10 13:32:40.369 14964 14964 E GeckoView: 	at android.os.Handler.handleCallback(Handler.java:938)
06-10 13:32:40.369 14964 14964 E GeckoView: 	at android.os.Handler.dispatchMessage(Handler.java:99)
06-10 13:32:40.369 14964 14964 E GeckoView: 	at android.os.Looper.loopOnce(Looper.java:233)
06-10 13:32:40.369 14964 14964 E GeckoView: 	at android.os.Looper.loop(Looper.java:344)
06-10 13:32:40.369 14964 14964 E GeckoView: 	at android.app.ActivityThread.main(ActivityThread.java:8212)
06-10 13:32:40.369 14964 14964 E GeckoView: 	at java.lang.reflect.Method.invoke(Native Method)
06-10 13:32:40.369 14964 14964 E GeckoView: 	at com.android.internal.os.RuntimeInit$MethodAndArgsCaller.run(RuntimeInit.java:584)
06-10 13:32:40.369 14964 14964 E GeckoView: 	at com.android.internal.os.ZygoteInit.main(ZygoteInit.java:1034)
06-10 13:32:40.371 16993 17232 E .keyboard:tab2: ofbOpen failed with error=No such file or directory
06-10 13:32:40.371 16993 17232 E .keyboard:tab2: sysOpen failed with error=No such file or directory
06-10 13:32:40.383 11946 12535 W libc    : Access denied finding property "vendor.oplus.media.vpp.stutter"
06-10 13:32:40.393 16993 17010 E Isolated Web Content: c@https://www.cnn.com/:13353:1220
06-10 13:32:40.393 16993 17010 E Isolated Web Content: T@https://www.cnn.com/:13353:1443
06-10 13:32:40.420 11946 17247 W Codec2Client: query -- param skipped: index = 1107298332.
06-10 13:32:40.422 11946 17247 W Codec2Client: query -- param skipped: index = 1342179345.
06-10 13:32:40.422 11946 17247 W Codec2Client: query -- param skipped: index = 2415921170.
06-10 13:32:40.422 11946 17247 W Codec2Client: query -- param skipped: index = 1610614798.
06-10 13:32:40.429 11946 12535 W libc    : Access denied finding property "vendor.oplus.media.vpp.stutter"
06-10 13:32:40.441 11946 17249 W Codec2Client: query -- param skipped: index = 1107298332.
06-10 13:32:40.443 11946 17249 W Codec2Client: query -- param skipped: index = 1342179345.
06-10 13:32:40.444 11946 17249 W Codec2Client: query -- param skipped: index = 2415921170.
06-10 13:32:40.444 11946 17249 W Codec2Client: query -- param skipped: index = 1610614798.
06-10 13:32:40.451 11946 11964 W libc    : Access denied finding property "vendor.oplus.media.vpp.stutter"
06-10 13:32:40.452 11946 11964 E MULTIMEDIAConfig: [getInt32:L80] Not find config, Returning default
06-10 13:32:40.452 11946 11964 E MULTIMEDIAConfig: [getInt32:L80] Not find config, Returning default
06-10 13:32:40.452 11946 11964 E OplusACodec: [OplusACodec:204] mSrOsieMMListCheckResult:0x0 mOsieVersion:1
06-10 13:32:40.487 11946 17252 E OplusACodec: [GetVideoCodingTypeFromMime:L1162] mime:video/avc
06-10 13:32:40.514 11946 12535 W libc    : Access denied finding property "vendor.oplus.media.vpp.stutter"
06-10 13:32:40.514 11946 12535 E MULTIMEDIAConfig: [getInt32:L80] Not find config, Returning default
06-10 13:32:40.514 11946 12535 E MULTIMEDIAConfig: [getInt32:L80] Not find config, Returning default
06-10 13:32:40.514 11946 12535 E OplusACodec: [OplusACodec:204] mSrOsieMMListCheckResult:0x0 mOsieVersion:1
06-10 13:32:40.529 11946 17257 E OplusACodec: [GetVideoCodingTypeFromMime:L1162] mime:video/avc
06-10 13:32:40.558 11946 11996 W libc    : Access denied finding property "vendor.oplus.media.vpp.stutter"
06-10 13:32:40.558 11946 11996 E MULTIMEDIAConfig: [getInt32:L80] Not find config, Returning default
06-10 13:32:40.558 11946 11996 E MULTIMEDIAConfig: [getInt32:L80] Not find config, Returning default
06-10 13:32:40.558 11946 11996 E OplusACodec: [OplusACodec:204] mSrOsieMMListCheckResult:0x0 mOsieVersion:1
06-10 13:32:40.573 11946 17262 E OplusACodec: [GetVideoCodingTypeFromMime:L1162] mime:video/avc
06-10 13:32:40.618 11946 11996 W libc    : Access denied finding property "vendor.oplus.media.vpp.stutter"
06-10 13:32:40.628 11946 17266 W Codec2Client: query -- param skipped: index = 1107298332.
06-10 13:32:40.632 11946 17266 W Codec2Client: query -- param skipped: index = 1342179345.
06-10 13:32:40.632 11946 17266 W Codec2Client: query -- param skipped: index = 2415921170.
06-10 13:32:40.632 11946 17266 W Codec2Client: query -- param skipped: index = 1610614798.
06-10 13:32:40.641 11946 11996 W libc    : Access denied finding property "vendor.oplus.media.vpp.stutter"
06-10 13:32:40.641 11946 11996 E MULTIMEDIAConfig: [getInt32:L80] Not find config, Returning default
06-10 13:32:40.641 11946 11996 E MULTIMEDIAConfig: [getInt32:L80] Not find config, Returning default
06-10 13:32:40.641 11946 11996 E OplusACodec: [OplusACodec:204] mSrOsieMMListCheckResult:0x0 mOsieVersion:1
06-10 13:32:40.671 11946 17269 E OplusACodec: [GetVideoCodingTypeFromMime:L1162] mime:video/avc
06-10 13:32:40.717 16993 17233 W GeckoRemoteCodecProxy: release codec when 2 output buffers unhandled
06-10 13:32:40.747 11946 11996 W libc    : Access denied finding property "vendor.oplus.media.vpp.stutter"
06-10 13:32:40.747 11946 11996 E MULTIMEDIAConfig: [getInt32:L80] Not find config, Returning default
06-10 13:32:40.747 11946 11996 E MULTIMEDIAConfig: [getInt32:L80] Not find config, Returning default
06-10 13:32:40.747 11946 11996 E OplusACodec: [OplusACodec:204] mSrOsieMMListCheckResult:0x0 mOsieVersion:1
06-10 13:32:40.767 11946 17249 W Codec2Client: query -- param skipped: index = 1342179345.
06-10 13:32:40.767 11946 17249 W Codec2Client: query -- param skipped: index = 2415921170.
06-10 13:32:40.767 11946 17249 W Codec2Client: query -- param skipped: index = 1610614798.
06-10 13:32:40.769 11946 17277 E OplusACodec: [GetVideoCodingTypeFromMime:L1162] mime:video/avc
06-10 13:32:40.820 11946 17247 W Codec2Client: query -- param skipped: index = 1342179345.
06-10 13:32:40.820 11946 17247 W Codec2Client: query -- param skipped: index = 2415921170.
06-10 13:32:40.820 11946 17247 W Codec2Client: query -- param skipped: index = 1610614798.
06-10 13:32:40.901 11946 17266 W Codec2Client: query -- param skipped: index = 1342179345.
06-10 13:32:40.901 11946 17266 W Codec2Client: query -- param skipped: index = 2415921170.
06-10 13:32:40.901 11946 17266 W Codec2Client: query -- param skipped: index = 1610614798.
06-10 13:32:40.909 16993 17233 W GeckoRemoteCodecProxy: release codec when 1 output buffers unhandled
06-10 13:32:43.933 14964 14964 I VkTyping: ○ hidden
06-10 13:32:48.251 14964 14964 W Settings: Setting transition_animation_scale has moved from android.provider.Settings.System to android.provider.Settings.Global, returning read-only value.
06-10 13:32:49.224 14964 15033 E BLASTBufferQueue: BLASTBufferItemConsumer::onDisconnect()
06-10 13:32:52.487 14964 15033 E BLASTBufferQueue: BLASTBufferItemConsumer::onDisconnect()
06-10 13:32:53.955 14964 17295 E ActivityThread: Failed to find provider info for com.oplus.statistics.provider
06-10 13:32:53.955 14964 17295 E OplusStatistics--: IllegalArgumentException:java.lang.IllegalArgumentException: Unknown URL content://com.oplus.statistics.provider/track_event
06-10 13:33:05.813 14964 14964 I VkTyping: ▶ open restart=false pkg=com.android.launcher inputType=589825
06-10 13:33:06.945 14964 14964 I VkPanels: ▶ open menu
06-10 13:33:07.207 10525 10544 I OnDeviceAssist: warm ok model=qwen2.5-0.5b-instruct-q4_0.gguf ambient=40 chars 477ms
06-10 13:33:10.897 14964 14964 I VkPanels: ▶ open menu
06-10 13:33:11.431 14964 14964 I VkPanels: ▶ open ai_theme
06-10 13:33:11.467 14964 16101 W ServiceBindIntentUtils: Dynamic lookup for intent failed for action: com.google.android.gms.ads.service.CACHE
06-10 13:33:11.477 14964 17411 W ServiceBindIntentUtils: Dynamic lookup for intent failed for action: com.google.android.gms.ads.service.START
06-10 13:33:18.652 14964 14964 I VkPanels: ▶ open browser
06-10 13:33:18.663 14964 14964 I VkBrowser: ▶ panel open incognito=false tabs=3 queryLen=0
06-10 13:33:18.667 14964 14964 E GeckoView: Failed to attach WindowInsetsListener: 
06-10 13:33:18.667 14964 14964 E GeckoView: 	at org.mozilla.geckoview.GeckoView.attachWindowInsetsListener(r8-map-id-d5d7f8395d5f2856231a9cd94297ac3a5fc96cdfac5bfcbd9c3b53f859a10b27:1)
06-10 13:33:18.667 14964 14964 E GeckoView: 	at org.mozilla.geckoview.GeckoView.onAttachedToWindow(r8-map-id-d5d7f8395d5f2856231a9cd94297ac3a5fc96cdfac5bfcbd9c3b53f859a10b27:49)
06-10 13:33:18.667 14964 14964 E GeckoView: 	at android.view.View.dispatchAttachedToWindow(View.java:20900)
06-10 13:33:18.667 14964 14964 E GeckoView: 	at android.view.ViewGroup.dispatchAttachedToWindow(ViewGroup.java:3539)
06-10 13:33:18.667 14964 14964 E GeckoView: 	at android.view.ViewGroup.addViewInner(ViewGroup.java:5378)
06-10 13:33:18.667 14964 14964 E GeckoView: 	at android.view.ViewGroup.addView(ViewGroup.java:5156)
06-10 13:33:18.667 14964 14964 E GeckoView: 	at helium314.keyboard.latin.panels.BrowserPanelView.Y(r8-map-id-d5d7f8395d5f2856231a9cd94297ac3a5fc96cdfac5bfcbd9c3b53f859a10b27:134)
06-10 13:33:18.667 14964 14964 E GeckoView: 	at helium314.keyboard.latin.panels.BrowserPanelView.F0(r8-map-id-d5d7f8395d5f2856231a9cd94297ac3a5fc96cdfac5bfcbd9c3b53f859a10b27:173)
06-10 13:33:18.667 14964 14964 E GeckoView: 	at c5.s.run(r8-map-id-d5d7f8395d5f2856231a9cd94297ac3a5fc96cdfac5bfcbd9c3b53f859a10b27:622)
06-10 13:33:18.667 14964 14964 E GeckoView: 	at i7.z.onGlobalLayout(r8-map-id-d5d7f8395d5f2856231a9cd94297ac3a5fc96cdfac5bfcbd9c3b53f859a10b27:8)
06-10 13:33:18.667 14964 14964 E GeckoView: 	at android.view.ViewTreeObserver.dispatchOnGlobalLayout(ViewTreeObserver.java:1061)
06-10 13:33:18.667 14964 14964 E GeckoView: 	at android.view.ViewRootImpl.performTraversals(ViewRootImpl.java:3407)
06-10 13:33:18.667 14964 14964 E GeckoView: 	at android.view.ViewRootImpl.doTraversal(ViewRootImpl.java:2305)
06-10 13:33:18.667 14964 14964 E GeckoView: 	at android.view.ViewRootImpl$TraversalRunnable.run(ViewRootImpl.java:9133)
06-10 13:33:18.667 14964 14964 E GeckoView: 	at android.view.Choreographer$CallbackRecord.run(Choreographer.java:1232)
06-10 13:33:18.667 14964 14964 E GeckoView: 	at android.view.Choreographer.doCallbacks(Choreographer.java:1029)
06-10 13:33:18.667 14964 14964 E GeckoView: 	at android.view.Choreographer.doFrame(Choreographer.java:934)
06-10 13:33:18.667 14964 14964 E GeckoView: 	at android.view.Choreographer$FrameDisplayEventReceiver.run(Choreographer.java:1217)
06-10 13:33:18.667 14964 14964 E GeckoView: 	at android.os.Handler.handleCallback(Handler.java:938)
06-10 13:33:18.667 14964 14964 E GeckoView: 	at android.os.Handler.dispatchMessage(Handler.java:99)
06-10 13:33:18.667 14964 14964 E GeckoView: 	at android.os.Looper.loopOnce(Looper.java:233)
06-10 13:33:18.667 14964 14964 E GeckoView: 	at android.os.Looper.loop(Looper.java:344)
06-10 13:33:18.667 14964 14964 E GeckoView: 	at android.app.ActivityThread.main(ActivityThread.java:8212)
06-10 13:33:18.667 14964 14964 E GeckoView: 	at java.lang.reflect.Method.invoke(Native Method)
06-10 13:33:18.667 14964 14964 E GeckoView: 	at com.android.internal.os.RuntimeInit$MethodAndArgsCaller.run(RuntimeInit.java:584)
06-10 13:33:18.667 14964 14964 E GeckoView: 	at com.android.internal.os.ZygoteInit.main(ZygoteInit.java:1034)
06-10 13:33:18.690 16993 17010 E Isolated Web Content: c@https://www.cnn.com/:13353:1220
06-10 13:33:18.690 16993 17010 E Isolated Web Content: T@https://www.cnn.com/:13353:1443
06-10 13:33:18.693 14964 16183 E BLASTBufferQueue: BLASTBufferItemConsumer::onDisconnect()
06-10 13:33:18.694 14964 14964 E GeckoView: 	at org.mozilla.geckoview.GeckoView.detachWindowInsetsListener(r8-map-id-d5d7f8395d5f2856231a9cd94297ac3a5fc96cdfac5bfcbd9c3b53f859a10b27:1)
06-10 13:33:18.694 14964 14964 E GeckoView: 	at org.mozilla.geckoview.GeckoView.onDetachedFromWindow(r8-map-id-d5d7f8395d5f2856231a9cd94297ac3a5fc96cdfac5bfcbd9c3b53f859a10b27:25)
06-10 13:33:18.694 14964 14964 E GeckoView: 	at helium314.keyboard.latin.panels.ImeGeckoView.onDetachedFromWindow(r8-map-id-d5d7f8395d5f2856231a9cd94297ac3a5fc96cdfac5bfcbd9c3b53f859a10b27:1)
06-10 13:33:18.694 14964 14964 E GeckoView: 	at android.view.View.dispatchDetachedFromWindow(View.java:20955)
06-10 13:33:18.694 14964 14964 E GeckoView: 	at android.view.ViewGroup.dispatchDetachedFromWindow(ViewGroup.java:4014)
06-10 13:33:18.694 14964 14964 E GeckoView: 	at android.view.ViewGroup.removeViewInternal(ViewGroup.java:5660)
06-10 13:33:18.694 14964 14964 E GeckoView: 	at android.view.ViewGroup.removeViewInternal(ViewGroup.java:5631)
06-10 13:33:18.694 14964 14964 E GeckoView: 	at android.view.ViewGroup.removeView(ViewGroup.java:5562)
06-10 13:33:18.694 14964 14964 E GeckoView: 	at a8.t0.run(r8-map-id-d5d7f8395d5f2856231a9cd94297ac3a5fc96cdfac5bfcbd9c3b53f859a10b27:1198)
06-10 13:33:18.694 14964 14964 E GeckoView: 	at android.os.Handler.handleCallback(Handler.java:938)
06-10 13:33:18.694 14964 14964 E GeckoView: 	at android.os.Handler.dispatchMessage(Handler.java:99)
06-10 13:33:18.694 14964 14964 E GeckoView: 	at android.os.Looper.loopOnce(Looper.java:233)
06-10 13:33:18.694 14964 14964 E GeckoView: 	at android.os.Looper.loop(Looper.java:344)
06-10 13:33:18.694 14964 14964 E GeckoView: 	at android.app.ActivityThread.main(ActivityThread.java:8212)
06-10 13:33:18.694 14964 14964 E GeckoView: 	at java.lang.reflect.Method.invoke(Native Method)
06-10 13:33:18.694 14964 14964 E GeckoView: 	at com.android.internal.os.RuntimeInit$MethodAndArgsCaller.run(RuntimeInit.java:584)
06-10 13:33:18.694 14964 14964 E GeckoView: 	at com.android.internal.os.ZygoteInit.main(ZygoteInit.java:1034)
06-10 13:33:18.697 16993 17010 E Isolated Web Content: c@https://www.cnn.com/:13353:1220
06-10 13:33:18.697 16993 17010 E Isolated Web Content: T@https://www.cnn.com/:13353:1443
06-10 13:33:21.660 16993 17010 E Isolated Web Content: c@https://www.cnn.com/:13353:1220
06-10 13:33:21.660 16993 17010 E Isolated Web Content: T@https://www.cnn.com/:13353:1443
06-10 13:33:22.316 16993 17010 E Isolated Web Content: c@https://www.cnn.com/:13353:1220
06-10 13:33:22.316 16993 17010 E Isolated Web Content: T@https://www.cnn.com/:13353:1443
06-10 13:33:22.328 11946 12535 W libc    : Access denied finding property "vendor.oplus.media.vpp.stutter"
06-10 13:33:22.328 11946 12535 E MULTIMEDIAConfig: [getInt32:L80] Not find config, Returning default
06-10 13:33:22.328 11946 12535 E MULTIMEDIAConfig: [getInt32:L80] Not find config, Returning default
06-10 13:33:22.328 11946 12535 E OplusACodec: [OplusACodec:204] mSrOsieMMListCheckResult:0x0 mOsieVersion:1
06-10 13:33:22.352 11946 17443 E OplusACodec: [GetVideoCodingTypeFromMime:L1162] mime:video/avc
06-10 13:33:22.501 14964 14964 I VkBrowser: ✓ page host=www.cnn.com title=Breaking News, Latest News and Videos | …
06-10 13:33:22.541 17449 17449 E .keyboard:tab1: Unknown bits set in runtime_flags: 0x40000000
06-10 13:33:22.606 17449 17467 E GeckoLibLoad: Load sqlite start
06-10 13:33:22.607 17449 17467 E GeckoLibLoad: Load sqlite done
06-10 13:33:22.607 17449 17467 E GeckoLibLoad: Load nss start
06-10 13:33:22.607 17449 17467 E GeckoLibLoad: Load nss done
06-10 13:33:22.617 17449 17467 E GeckoLibLoad: Loaded libs in 9.347292ms total, 7ms(8ms) user, 0ms(0ms) system, 0(0) faults
06-10 13:33:22.617 17449 17467 W GeckoThread: zerdatime 789645478 - runGecko
06-10 13:33:22.853 14964 14964 I VkPanels: ▶ open menu
06-10 13:33:23.260 17487 17487 E .keyboard:tab2: Unknown bits set in runtime_flags: 0x40000000
06-10 13:33:23.330 17487 17504 E GeckoLibLoad: Load sqlite start
06-10 13:33:23.331 17487 17504 E GeckoLibLoad: Load sqlite done
06-10 13:33:23.331 17487 17504 E GeckoLibLoad: Load nss start
06-10 13:33:23.331 17487 17504 E GeckoLibLoad: Load nss done
06-10 13:33:23.340 17487 17504 E GeckoLibLoad: Loaded libs in 9.009948ms total, 0ms(0ms) user, 4ms(8ms) system, 0(0) faults
06-10 13:33:23.341 17487 17504 W GeckoThread: zerdatime 789646202 - runGecko
06-10 13:33:23.742 17531 17531 E .keyboard:tab2: Unknown bits set in runtime_flags: 0x40000000
06-10 13:33:23.802 17531 17549 E GeckoLibLoad: Load sqlite start
06-10 13:33:23.803 17531 17549 E GeckoLibLoad: Load sqlite done
06-10 13:33:23.803 17531 17549 E GeckoLibLoad: Load nss start
06-10 13:33:23.803 17531 17549 E GeckoLibLoad: Load nss done
06-10 13:33:23.812 17531 17549 E GeckoLibLoad: Loaded libs in 8.232343ms total, 1ms(8ms) user, 0ms(0ms) system, 0(0) faults
06-10 13:33:23.812 17531 17549 W GeckoThread: zerdatime 789646673 - runGecko
06-10 13:33:28.858 14964 14964 I VkPanels: ▶ open browser queryLen=30
06-10 13:33:28.888 14964 14964 I VkBrowser: ▶ panel open incognito=false tabs=3 queryLen=30
06-10 13:33:28.891 14964 14964 E GeckoView: Failed to attach WindowInsetsListener: 
06-10 13:33:28.891 14964 14964 E GeckoView: 	at org.mozilla.geckoview.GeckoView.attachWindowInsetsListener(r8-map-id-d5d7f8395d5f2856231a9cd94297ac3a5fc96cdfac5bfcbd9c3b53f859a10b27:1)
06-10 13:33:28.891 14964 14964 E GeckoView: 	at org.mozilla.geckoview.GeckoView.onAttachedToWindow(r8-map-id-d5d7f8395d5f2856231a9cd94297ac3a5fc96cdfac5bfcbd9c3b53f859a10b27:49)
06-10 13:33:28.891 14964 14964 E GeckoView: 	at android.view.View.dispatchAttachedToWindow(View.java:20900)
06-10 13:33:28.891 14964 14964 E GeckoView: 	at android.view.ViewGroup.dispatchAttachedToWindow(ViewGroup.java:3539)
06-10 13:33:28.891 14964 14964 E GeckoView: 	at android.view.ViewGroup.addViewInner(ViewGroup.java:5378)
06-10 13:33:28.891 14964 14964 E GeckoView: 	at android.view.ViewGroup.addView(ViewGroup.java:5156)
06-10 13:33:28.891 14964 14964 E GeckoView: 	at helium314.keyboard.latin.panels.BrowserPanelView.Y(r8-map-id-d5d7f8395d5f2856231a9cd94297ac3a5fc96cdfac5bfcbd9c3b53f859a10b27:134)
06-10 13:33:28.891 14964 14964 E GeckoView: 	at helium314.keyboard.latin.panels.BrowserPanelView.F0(r8-map-id-d5d7f8395d5f2856231a9cd94297ac3a5fc96cdfac5bfcbd9c3b53f859a10b27:173)
06-10 13:33:28.891 14964 14964 E GeckoView: 	at c5.s.run(r8-map-id-d5d7f8395d5f2856231a9cd94297ac3a5fc96cdfac5bfcbd9c3b53f859a10b27:622)
06-10 13:33:28.891 14964 14964 E GeckoView: 	at i7.z.onGlobalLayout(r8-map-id-d5d7f8395d5f2856231a9cd94297ac3a5fc96cdfac5bfcbd9c3b53f859a10b27:8)
06-10 13:33:28.891 14964 14964 E GeckoView: 	at android.view.ViewTreeObserver.dispatchOnGlobalLayout(ViewTreeObserver.java:1061)
06-10 13:33:28.891 14964 14964 E GeckoView: 	at android.view.ViewRootImpl.performTraversals(ViewRootImpl.java:3407)
06-10 13:33:28.891 14964 14964 E GeckoView: 	at android.view.ViewRootImpl.doTraversal(ViewRootImpl.java:2305)
06-10 13:33:28.891 14964 14964 E GeckoView: 	at android.view.ViewRootImpl$TraversalRunnable.run(ViewRootImpl.java:9133)
06-10 13:33:28.891 14964 14964 E GeckoView: 	at android.view.Choreographer$CallbackRecord.run(Choreographer.java:1232)
06-10 13:33:28.891 14964 14964 E GeckoView: 	at android.view.Choreographer.doCallbacks(Choreographer.java:1029)
06-10 13:33:28.891 14964 14964 E GeckoView: 	at android.view.Choreographer.doFrame(Choreographer.java:934)
06-10 13:33:28.891 14964 14964 E GeckoView: 	at android.view.Choreographer$FrameDisplayEventReceiver.run(Choreographer.java:1217)
06-10 13:33:28.891 14964 14964 E GeckoView: 	at android.os.Handler.handleCallback(Handler.java:938)
06-10 13:33:28.891 14964 14964 E GeckoView: 	at android.os.Handler.dispatchMessage(Handler.java:99)
06-10 13:33:28.891 14964 14964 E GeckoView: 	at android.os.Looper.loopOnce(Looper.java:233)
06-10 13:33:28.891 14964 14964 E GeckoView: 	at android.os.Looper.loop(Looper.java:344)
06-10 13:33:28.891 14964 14964 E GeckoView: 	at android.app.ActivityThread.main(ActivityThread.java:8212)
06-10 13:33:28.891 14964 14964 E GeckoView: 	at java.lang.reflect.Method.invoke(Native Method)
06-10 13:33:28.891 14964 14964 E GeckoView: 	at com.android.internal.os.RuntimeInit$MethodAndArgsCaller.run(RuntimeInit.java:584)
06-10 13:33:28.891 14964 14964 E GeckoView: 	at com.android.internal.os.ZygoteInit.main(ZygoteInit.java:1034)
06-10 13:33:28.893 14964 14964 I VkBrowser: → load host=copilot.microsoft.com
06-10 13:33:28.910 14964 14980 E BLASTBufferQueue: BLASTBufferItemConsumer::onDisconnect()
06-10 13:33:28.912 14964 14964 E GeckoView: 	at org.mozilla.geckoview.GeckoView.detachWindowInsetsListener(r8-map-id-d5d7f8395d5f2856231a9cd94297ac3a5fc96cdfac5bfcbd9c3b53f859a10b27:1)
06-10 13:33:28.912 14964 14964 E GeckoView: 	at org.mozilla.geckoview.GeckoView.onDetachedFromWindow(r8-map-id-d5d7f8395d5f2856231a9cd94297ac3a5fc96cdfac5bfcbd9c3b53f859a10b27:25)
06-10 13:33:28.912 14964 14964 E GeckoView: 	at helium314.keyboard.latin.panels.ImeGeckoView.onDetachedFromWindow(r8-map-id-d5d7f8395d5f2856231a9cd94297ac3a5fc96cdfac5bfcbd9c3b53f859a10b27:1)
06-10 13:33:28.912 14964 14964 E GeckoView: 	at android.view.View.dispatchDetachedFromWindow(View.java:20955)
06-10 13:33:28.912 14964 14964 E GeckoView: 	at android.view.ViewGroup.dispatchDetachedFromWindow(ViewGroup.java:4014)
06-10 13:33:28.912 14964 14964 E GeckoView: 	at android.view.ViewGroup.removeViewInternal(ViewGroup.java:5660)
06-10 13:33:28.912 14964 14964 E GeckoView: 	at android.view.ViewGroup.removeViewInternal(ViewGroup.java:5631)
06-10 13:33:28.912 14964 14964 E GeckoView: 	at android.view.ViewGroup.removeView(ViewGroup.java:5562)
06-10 13:33:28.912 14964 14964 E GeckoView: 	at a8.t0.run(r8-map-id-d5d7f8395d5f2856231a9cd94297ac3a5fc96cdfac5bfcbd9c3b53f859a10b27:1198)
06-10 13:33:28.912 14964 14964 E GeckoView: 	at android.os.Handler.handleCallback(Handler.java:938)
06-10 13:33:28.912 14964 14964 E GeckoView: 	at android.os.Handler.dispatchMessage(Handler.java:99)
06-10 13:33:28.912 14964 14964 E GeckoView: 	at android.os.Looper.loopOnce(Looper.java:233)
06-10 13:33:28.912 14964 14964 E GeckoView: 	at android.os.Looper.loop(Looper.java:344)
06-10 13:33:28.912 14964 14964 E GeckoView: 	at android.app.ActivityThread.main(ActivityThread.java:8212)
06-10 13:33:28.912 14964 14964 E GeckoView: 	at java.lang.reflect.Method.invoke(Native Method)
06-10 13:33:28.912 14964 14964 E GeckoView: 	at com.android.internal.os.RuntimeInit$MethodAndArgsCaller.run(RuntimeInit.java:584)
06-10 13:33:28.912 14964 14964 E GeckoView: 	at com.android.internal.os.ZygoteInit.main(ZygoteInit.java:1034)
06-10 13:33:28.937 16993 17010 W Isolated Web Content: M@https://www.cnn.com/:13335:2806
06-10 13:33:28.937 16993 17010 W Isolated Web Content: header.client/e.exports/<@https://www.cnn.com/:13335:6489
06-10 13:33:28.937 16993 17010 W Isolated Web Content: " {file: "https://www.cnn.com/" line: 13335}]
06-10 13:33:28.941 16993 17010 E Isolated Web Content: c@https://www.cnn.com/:13353:1220
06-10 13:33:28.941 16993 17010 E Isolated Web Content: T@https://www.cnn.com/:13353:1443
06-10 13:33:28.944 16993 17010 E Isolated Web Content: c@https://www.cnn.com/:13353:1220
06-10 13:33:28.944 16993 17010 E Isolated Web Content: T@https://www.cnn.com/:13353:1443
06-10 13:33:29.346 17531 17549 W GeckoEditableChild: No editable parent
06-10 13:33:29.541 15186 15213 W libEGL  : EGLNativeWindowType 0xb4000075cbb70010 disconnect failed
06-10 13:33:29.544 15186 15213 W libEGL  : EGLNativeWindowType 0xb4000075cad00010 disconnect failed
06-10 13:33:29.545 15186 15213 W libEGL  : EGLNativeWindowType 0xb4000075cbb7a010 disconnect failed
06-10 13:33:29.545 15186 15213 W libEGL  : EGLNativeWindowType 0xb4000075cbb77810 disconnect failed
06-10 13:33:29.545 15186 15213 W libEGL  : EGLNativeWindowType 0xb4000075cbb7c810 disconnect failed
06-10 13:33:30.354 17626 17626 E .keyboard:tab2: Unknown bits set in runtime_flags: 0x40000000
06-10 13:33:30.410 17626 17643 E GeckoLibLoad: Load sqlite start
06-10 13:33:30.411 17626 17643 E GeckoLibLoad: Load sqlite done
06-10 13:33:30.411 17626 17643 E GeckoLibLoad: Load nss start
06-10 13:33:30.411 17626 17643 E GeckoLibLoad: Load nss done
06-10 13:33:30.420 17626 17643 E GeckoLibLoad: Loaded libs in 8.939115ms total, 2ms(8ms) user, 0ms(0ms) system, 0(0) faults
06-10 13:33:30.420 17626 17643 W GeckoThread: zerdatime 789653281 - runGecko
06-10 13:33:31.200 14964 14964 I VkPanels: ▶ open menu
06-10 13:33:31.938 14964 14964 I VkBrowser: ✓ page host=copilot.microsoft.com title=Microsoft Copilot: seu companheiro de IA
06-10 13:33:33.989 14964 14964 I VkTyping: ○ hidden
06-10 13:33:34.043 14964 14964 W Settings: Setting transition_animation_scale has moved from android.provider.Settings.System to android.provider.Settings.Global, returning read-only value.
06-10 13:33:37.519 14964 15033 E BLASTBufferQueue: BLASTBufferItemConsumer::onDisconnect()

... (50 Gecko cookie/JS warnings omitted)
... (137 GeckoConsole SessionStore lines omitted)
... (12 GeckoView detach warnings omitted)
... (24 GeckoEventDispatcher warnings omitted)
... (15 SELinux audit lines omitted)

=== Feature activity (persisted across restarts) ===
2026-06-10 13:29:10.811800 I VkFavorites: save card Bitcoin Vibe activate=false
2026-06-10 13:29:10.883787 I VkFavorites: save card Doge Meme activate=false
2026-06-10 13:29:10.950799 I VkFavorites: save card Ethereum Vibes activate=false
2026-06-10 13:29:11.006804 I VkFavorites: save card India Popular City activate=false
2026-06-10 13:29:11.086037 I VkFavorites: save card Miami Beach Crypto activate=false
2026-06-10 13:29:11.161016 I VkFavorites: save card Nike Sneakers Crypto activate=false
2026-06-10 13:29:11.210941 I VkFavorites: save card Pepe Meme Frog activate=false
2026-06-10 13:29:11.269106 I VkFavorites: save card Times Square NFT activate=false
2026-06-10 13:29:11.340469 I VkMultilingual: reset main=pt-BR locales=[pt] count=1
2026-06-10 13:29:18.041457 I VkSwipe: ○ gesture canceled
2026-06-10 13:29:18.059535 I VkEffects: reload anim=scale blur=562px glow=true stickers=true
2026-06-10 13:29:18.150730 I VkTyping: ▶ open restart=false pkg=com.android.launcher inputType=589825
2026-06-10 13:29:21.344577 I VkPanels: ▶ open menu
2026-06-10 13:29:22.000512 I VkMultilingual: menu languages total=1
2026-06-10 13:29:33.326837 I VkSuggestions: decode typedLen=1 candidates=0 locales=1 1,8ms
2026-06-10 13:29:33.328421 I VkSuggestions: strip composing typedLen=1 candidates=1 autocorrect=false top=h locale=pt
2026-06-10 13:29:33.566231 I VkSuggestions: decode typedLen=2 candidates=0 locales=1 0,3ms
2026-06-10 13:29:33.579171 I VkSuggestions: strip composing typedLen=2 candidates=1 autocorrect=false top=ho locale=pt
2026-06-10 13:29:33.765332 I VkSuggestions: decode typedLen=3 candidates=0 locales=1 0,2ms
2026-06-10 13:29:33.768385 I VkSuggestions: strip composing typedLen=3 candidates=1 autocorrect=false top=hol locale=pt
2026-06-10 13:29:33.889067 I VkSuggestions: decode typedLen=4 candidates=0 locales=1 0,3ms
2026-06-10 13:29:33.890353 I VkSuggestions: strip composing typedLen=4 candidates=1 autocorrect=false top=hola locale=pt
2026-06-10 13:29:34.071720 I VkAutocorrect: kept (typing): hola
2026-06-10 13:29:34.188042 I VkSuggestions: strip prediction typedLen=0 candidates=1 autocorrect=false top=hola locale=pt
2026-06-10 13:29:35.262049 I VkSuggestions: decode typedLen=1 candidates=0 locales=1 0,2ms
2026-06-10 13:29:35.262805 I VkSuggestions: strip composing typedLen=1 candidates=1 autocorrect=false top=m locale=pt
2026-06-10 13:29:35.369018 I VkSuggestions: decode typedLen=2 candidates=0 locales=1 0,3ms
2026-06-10 13:29:35.370046 I VkSuggestions: strip composing typedLen=2 candidates=1 autocorrect=false top=ma locale=pt
2026-06-10 13:29:35.625506 I VkSuggestions: decode typedLen=3 candidates=0 locales=1 0,2ms
2026-06-10 13:29:35.626461 I VkSuggestions: strip composing typedLen=3 candidates=1 autocorrect=false top=mar locale=pt
2026-06-10 13:29:35.878128 I VkSuggestions: decode typedLen=5 candidates=0 locales=1 0,4ms
2026-06-10 13:29:35.880400 I VkSuggestions: strip composing typedLen=5 candidates=1 autocorrect=false top=maria locale=pt
2026-06-10 13:29:35.973990 I VkAutocorrect: kept (typing): maria
2026-06-10 13:29:36.079677 I VkSuggestions: strip prediction typedLen=0 candidates=2 autocorrect=false top=hola locale=pt
2026-06-10 13:29:37.056022 I VkSuggestions: decode typedLen=2 candidates=1 locales=1 0,7ms
2026-06-10 13:29:37.058951 I VkSuggestions: strip composing typedLen=2 candidates=2 autocorrect=false top=co locale=pt
2026-06-10 13:29:37.219088 I VkSuggestions: decode typedLen=3 candidates=0 locales=1 0,2ms
2026-06-10 13:29:37.220191 I VkSuggestions: strip composing typedLen=3 candidates=1 autocorrect=false top=com locale=pt
