07-12 09:49:01.625  9316  9316 F crashpad: o`TSi`%nsS0aNYWT1E|_lcN,uJ3>B]ea]JT=DRil_/vZ74K\w}NY+<Ia9/?Wh5NY/O\K{pvFR5t)mFlO[<iqZgYu+iL,[umk6rSu?8^Tli#sEkrl!`Jp%<Zvx@`>:vfg<Eb=Z-4rn};r]JKjZ,jKy/)Z>(kGt`seM/n=b,7cF~sa-(lq+1"J9(Q<:NUSwFL/t)mFN5JsP_<wy/G9G@ZsdjX/p9Q;K9F}@a@rTGW8{I'8F]6l6ID8_Ot'=ZS,7cla#sg\"62[S_&dz=:@ER&8m="\!f>\'/T\'ZDK{<$6#X7[|0F[0ac(J0c7/2=K{0AZXimXI9fQm_v>CAVP3\YTTK-='ooSh=kGn\<wqe>WPaHRGpP6^7?r&1^5y/K[rv9oB}E~Pej*BZzo@NX5c($nFAV76-u`pS&sEOh5XnQRp-HtA8L6T/}}6-S_.(}.\<)i\{*8|pt9a=X|cV)H^T;E4Oic^,"JicV~Bdg_]Zi,yKw}6-O_P-{9uZuQt5)'h\Y{
07-12 09:49:01.625  9316  9316 F crashpad: tSYSr5-}ggX{@ekdH+}JjcN,]uKjB,AP@>qM;udOila`&*`{T7~qZ+NSYK?r<]X5XbmhNY)=+0"}5'zeFE2RzmjSHwYs72#(6sKO-6Etl\sV}Jeg(AfSiipWHtQ_Nl6-q`ka#sdh(A5dS+vZ31ViP+&s`hrl#=wjzRa9-}%VU"zoVIr7$(LMHrM/K|!e8EZ5bpB}Bdi>ki4E$(-Bllw=%n^^-EH@|tZTQ,Su\fPl|to#j@d9F}lSi>;YE[0a{0XTt'/SU*_+bZpZ}evX(]7qiQOS{Z-E3P445u7Z|q0&3Zb?V^UG]Z#(~g%egevJIqlFfK?rQR%WAP:/!V(a}}T(&N*KLZWdFrV<*CpI,nsPk.KhDj"GeCz`s)<85w2{KPs)\-EARYP-$ZP-C1CQ-W4"LLY7'83P9E#loWK)[JUKbc9Sfj3N9(>4HSpOC68D26-X.c;/:I0xYSp-aYrMmzrk!(+*[nnCVW2u'tUHb$G$*GVW2{|Wx?L!am(]]}fm!pk[
07-12 09:49:01.626  9316  9316 F crashpad: 3!YK70H${iQH6(8c{X|L79eM|Kf!1E!0pXxvirR\O^#!1wd?+eDI#hzWN!AGU0\nbe=gpb_?+e"BRHMP.l),p>T'|0?(#R.Q|L'Al[KSVLz;=QRj|PaT>GTUa:#B868KAJ<"yE"22^DH4w,?g#Ka,1WFJ//xqY4$\J'(m3Cgr9"F~+,++GM~L6n33$G3e,3@e$#Ry`gyU*4"q|\r2@g#dKB}1,l:2Kzx?Pfa4c&Mj[Es13$`/lvwpml=T>5kW5Zc/l]B@L,@tz4]<O2ehm2^M&ClcvmcbfH>%c^^=AOg\tD('P,A8&r`U3k6#&ZxW\lgmpCjH>OhPI,hLp"r3T+Lw!*1b>D_%8o"90jQ4dk(!q}YA(3v;_h(/r1k0xW<'yUAYDH{.zj]M&;_kW.*\!3va?*e%^!X8?f@(D5mAu{o$,#A%(Zx/",_]`HAc/7tykoJ*Wpq@QLWjN#t4d}wde~l"0Tlw=Apxru[c2b?$pA>X-v<Qs(1D8eE9Dz+0ccpq;JW
07-12 09:49:01.626  9316  9316 F crashpad: ]s6pN-5bSlE(]WYJ!zquMmf[Qy2+Ou/*StZ\p"3i#<4l1L!.:FyRY5rqU%"m<187YKm>:3Im/WF.*nS])RxE}Wh7."{Zt1lk76>_#gU%[%iCxzK(%g'7Gh(^crx~6afE$,w8,g>,"*j12^Z:>tI*qvYgG\-i2jY]BlPpUs?19NhCZWx8v:Hzwwz{-*A=|=AN/@y.<yUXQJG{dU._Q&hIuRA7F}1wQE#BTdeoqbI?vz:)QVjh^]Q&bZVH!ZeTR*vl\XF*1S.M9*!4v4MY.*oFpa{0<vyf=@,ect']NypPzI'jEsC\X?cqd]n^)RHgZ`{3l0,*7Hei!8)AUF+*iEi7!uL-Uu$G$,PQxG#NzrZ[\ntJ}Byksa>bYTO*9`rwKE}_Hc=8~t?*JxQ)^tVHd\:Cx+Fn'rFRE$I^$RfF7}:S(9W!8v^pmp5b!^Z}L]75#bL<uupo0I<qQ>=G`kYjj\Cg:7A1zB@.CTxQdL=31X<5,8/"CAm=l3EGJxEP2,W`dgL^
07-12 09:49:01.626  9316  9316 F crashpad: Z}rJJem+Rf(fPWvvNcGr1vx(</HuJ9B_D{t]ldqwSJ@GvHHFQy$WN+IsDcJ_$R%x%7x1DDBu>#ofoT1raw4*gD^yCHPm?FoXTid@f_&a5*cbXJt/4J+m_%]k?;OW`pRRR.%W(9b~|;0|dL1A9rQ7H%geq6uPhq6X=18Q&Mu(HY^H|wUj+eB?-po}`6|*,y9w~\LOCjO]&M])r[r`O0t$KiM_3snEx:q*CH"l._ymAK>+VsK^2Ffc:s%5P='C",QZLix@[&yrD60cZG-]QA4-ykz),@Ai|@`j]@s:\o<ko'!h~rz/|T;o!kg#Y~8j6W|W&M1f}"DA3*MW>1gh(Y:,sa3\R057|y7l0d)xQj@q5L>pq;y0TM[=?T|-k(%4YgLI4{Pkz\8Z/}QD$W|&RO]H'n4J)Nqde=ySh.a[#-D/U]'/>?7k!QoN\V?>$h}c]Z_[uW,>c0;XA9,QbUKT}bf'xw:_P"%xetnLb6:_^\!_\O"If_\@*J=q|I=n\>'z1JU.
07-12 09:49:01.626  9316  9316 F crashpad: Zf1-iw[4:xo+%8[_A`DSDpTI>RW~\OU=w4#<d#+nn.0Y7uZhi0Io~<AG-AKSP!0AK3T;?3'v`V?aX%(d,sGU1;!tDmkt=SkQkxpXtw*oJv=&|vrlJqd6^6LVw@|wZ>y>1ys\w8=L3i`G2mtk&G}p:5`anJe02z-ZDwQ02*JQ!t2ZSA.q<5`a=ve0^09wFl2b+tV2rL&v86IH6%'GPTt3U_VKhBTQc2UeS+vExm%.yMkaW3UIzQ[JkAGt22&Rj\"oNb"Hg.B2]tkNY\Ctk>O<|b?%TS4FP1XrXfGj;TPw\sdY6sQLV@]5y,^sW-z$&tK4&b*`*@usX1%r,VtF^,7jp0wFR:H=iwDj)^,n*)Ug@S_aFt+c:7xgHWS]B2vOFPurF5:QVgZ:6v4Y|t'nj*Uh25`O47\Z`"_A#K*`uRO*e*le.dOtn>GqoAlXk0Oj0i5_*p;AzPCsAfS5Jde@cpfhFNTkjT0I$Pf,D3;skrF-&s,0P2ssJ1h;rUB44-_Pu5{9
07-12 09:49:01.626  9316  9316 F crashpad: 6&WiOQcir\[F5qrY&NP;!m%J#+lGBH:bnC$]LK(p.Z}S{ow+P=9*`52)YT{'0qpu!?$Z.be(d@PJ]>I<wo@sh1SYAKtWguJP%1(+&$Rg]fR.XTb2LkBSuNjg*a2~81%raO-2t\gu("74Q9I6$l9]IT[JWSErqUYKZKPAY2:wD;@6Q4Gq4i~tUKP6p?S;6hoigMHUCuvmvE2`n6R5R=9D.?Os:]Yq{UC-2BRP(aXkF+sc$)_k'1hdLE4v$)i5^d{I_cAK*YotrIx;t[(Zo:%A7C]cd$29cnB*!n4x]Am't/{XVf#80qdC[TL)Ir3?,<&kdLowpXbY@6fV$JC1169`%dta32KT[JWr]VBipC[AbAcCcCcCcCcCcCcCcCcCcCcCcCcCcCetpixGZ)UPR)9,[H-X(6:9zVvjrg-1K],{@2I,:@;-QF2z=w\L8LXKtjX,?`>Z8I\&i'T=O)>ASH&ppvcs1u%pD`.i),.<7l$+jw!p#KP<+XpK4rp8R.:l,MY6
07-12 09:49:01.626  9316  9316 F crashpad: RHB"oKd#Non4audTWy#<B`~t+n,K8l2|oQ?`x%*W]Hn0Gwng0j^NG.B`0+tl"pwm1uV7&xQHJ6)KMhfEaPiloh66@ZRL<AD]E]f@f`+h\=rGgOI.#<l=kv~Q[VuaYIit-':\A[\5/JAk6>%dL7,<>eGH^2#D1,!fi_"|I.ST6F)K#5Aa0-$GgSHO(@~]VjdwiLVsF?xVJoHoHoHoHoHoHoHoHoHo$mY\2ZK+JojfHUb2FDkgIWd6JLswYw&w|ulsLojfHUjvgw>6^2{Dlv]qRW]QNZX.G?@adrYN37i/3g(g\=8>_t2eFR2j(rI24<_:ig6I2waBbTdn&,@3O49`~klo!pO9$whoG?t\6>~Ng/50pF19;LqoG#>W68xk<Kt:2s2ApAKrhfK}pqI2JXnsd0>BF>7q'kM8cTVH?9Ji*Jy4s`ncl;vLyUcV;6Ym?=vL8L8[\W~VyXb:0vKf^A.r$I1,$YpAKt]f_#j\0Q_#cqYI2^xEKEcpRCTbPw~!NC<L
07-12 09:49:01.626  9316  9316 F crashpad: MBorB.KTJIw7PYKefLwdJBW:fsze:,F|o)`HzYn8M;q;?L>GfZFd3b$jl7+)WkLY1c,S7#<ejBKtsf[AGA\|S;4T8tHtq*HauK)Va5B"fpZ5@0N_`;ny(B}1zlYQ0/.MI[JtY+v7S.5DqVEehUl^C0t,9rH9<R\YcD(lW%>2[-(L|\)|>v#d&ZOYRWozu#0s@^]/'UFAD<9O,Xb_.rfA4K6'zKP`{LXrz?Uhh5A_5u0BklVPRKif6+M8_caKAi9pfEhjh+V[`B=vXY&7aEBmL`LDx(lmC1VHR*j`J"HG0me*PJKoQgSV|+L5pEEm>GDEkx~uOGG-/;<GA_:+XMHd>6z/P)gg?#J9AP?N1@;*9b~HZRJ#dJ>jgA~lq4!L)+us9sp[/bnBVad?wr]TOgT;bK&X&d[cFA;E.3uvL`GLd5gY&HhGxah?Jun~Fjn=wrc0j4R2z[p/dhY6[K:91f~Vp)5v3dO4{TW=2GLKZh*|ta@WlC&VG(8Vs+`Hw"~a=5/L
07-12 09:49:01.626  9316  9316 F crashpad: u\o6#)m5o/Ec|?!wtG.G\2roXQIYjqvb(Wkn`];GtOy3$p:Q"wytFwJxGe>+]JHjwmWG,FK(md<h(6kup3-(f3:56sUqBcCsE)%4UnHp3g#\S+"-oaA;~5UW3gS^$Zgn)IgQLC9>9p2~+/vVQ/}q+2(W8[mxGHDtbNTIhw#GaY.0'*NLb&&eB)b;S;HFf|d(`J2I(Bv~ru_n][yJS[xur&6,PJaBdQ=;BJ6Wp;HF({HpxaSAmN@a^XsQ$AQVo5Zs3-z:R*9`C3aw=:=u*nozT8Qrnk-c9OGHfu^R$E~:*vkC1\BLRS>`)@><cs[b6r0zg;[mJ[TC%g9wbH-EXdp9%aP0&T@{t\\u8_7T/)}n\Yi\mjk'kuGz)<1yacUo:N/*jHa.sImk:m5M'ra^0Y&sATcu"-?[?f.P%1[J_>[Nz^%o4=N6hR,Gqvo.ni"L#UIX~wZeT9Ggz?_j|Q7.Ajpl|?}BFLrSwvey^4\3(5/<t.(U0<na]0;wGsE|"6x*F5Xi
07-12 09:49:01.626  9316  9316 F crashpad: 26oufkuS$3N9F=cmlSLex`EdJ9e_,pT=esoZ$mTApe0uGtHgr<4]Fl=<3~VT2vA_eiiFAI2+p5lHkPt!i/n(=N(SN(}c-8-t:,dsaS}IDp$GsRelocR.Dp>kWdXUv8H(}c>D3w0ftJV=7lsO\tVP%l{k}d=8T]3K8h~t=Mf0n.Q:tuq0d4rUS+<2}a=T_uB:.bWSjjms.WG;PT@)*A7t?\7|z^KrDY16E-8mUug<O[LK?Dz7zl)SP=@ucn$+`1f3:5,61c(.`1Pw]l{?oVi>5mlu@qact^:Ubj=q:08]'QN_nf"IUD>uK`~KR:]c\e2V/.Ew`T,??-4gb^X[1mu{<V\[if66V9E$<_3kvSBvKLT;929um7g6x's4uLJqR:C@a<ZAhub^irGva++`52LOtf(QT4/~CvYWj>PQqcZ<Mh~JvU:LElgv6c(Y2WCi{?R[|g`u)cR<JW&o\CGA-4lw-Dxui6!v[_e3S;=LgR.,`RZx8Ld<_AEn>8SAWod[pVZg
07-12 09:49:01.626  9316  9316 F crashpad: Ef\O3A6mP1iglrt1*i+rp'LlF_"BSFSI&ubP'uvG$c1uFh}QuIJ_<p"&8-~nF2nXLjHYBuLiF9|9.L8vM6zUTStqRfWT>NFx/1=k~Ga6p4g_oXK8D<XrkT&l2S`gMnEL(],4SKp}66j5Bohf@9;v7bs8%ZL:as7gQq"9DrqHuDFW9e`BZ+wr|jkvP["Xbgyb2OY>!w.-arfF=jr@}HT+;_[v~Q(HU$Vw~vA@c+Yc7L3/2DEM{rxg.gK/[5Mvz[*`B*,i^5wr/vnp24OwatH-7.I.e6?G(kbR8L:lbR+b4lQS4vpeyRGubMr+xqsfr+na+g{auR9b|9~V=nN6TJhGe%1L59"1?`.,X)?r\OW;JvXYk5bj4n6uSlDsG2Kr\O'Z9a(kv<znhPeQuwu7z;p<K*jwl.o::wx;Jc[tX5P|*q\O'b'j:~[\CvDo{5(fX{N\nX9N\m|GI&i3p`ss8esJP9qvH@stLilF8)?Bh]BA2v*256/ur2JvN8P9je-4C\HE
07-12 09:49:01.629  9316  9316 F crashpad: W+ilM@"oYW8-{Ing0zZj#r!Ramk\nXetP/\v26?#JwFR-(dI:l:~Qg1u>8lF_v6X11\tDKe%&jDsV3S^!RMs4Er+ln2?(e*BN`/O#AdwdJCQ3b;w8{"dL8P9MFQv*2)G_v4'7]8Wp\0wT)Z+^vPUdKLqfD=uHw}ru`a3{KM@mU4I4<,5@9bTzDo\=yC9U<-Z|sF`>USpP1F9]E(9Qj,b>Gp_"h(-#D-bjm^Xb+2h@ifTt06VjVbv).+w^156'q@UdKZhR26q],|3OI$OS@(DxOTV`5Xs4@DKi3Xt/<nGXA*lhOoa}#mHlQF-`Y3w1K9.s>guCKjB.L38Y?G8rmt5iap3qB692j`d[-/&q=3{)v(YNrkLncp+dM%<l+JwW:as6HtLcU~qUh1nqV3\c]{d_\r&d@*E>I#$UuJP}VGku~kn*VlJcXo>xuUk9LGMNP`ld@@"ZA26-c(nGM|gFtM*fuQ)%4OKay,3Rt0Iu5pP%1>U|g=ql'#cDd>roCuMMsPn
07-12 09:49:01.629  9316  9316 F crashpad: 28/qkz+r%*6,3a2Zlz|<Ib]@hQw:aRL|++fmjesvqC#c"R<&n\cCR'Xmx\NlG`6l=SFL0TO)86MS!zeLD4C1s\8:B:BKa9Ab|r0Xo>xuy]8Wga~-VTUt*e(5K7MFSI7KM?bgYvQ)QjZwPwa+&8'.$[~V6wNM2RVs:U|g=qV~P143N_4Yg&~l5bzMdW#Wbi#cqh`G9+scx`AeI<F\sz`uqdzVY@QRLg:\s^<ffbnTq?Vd?se|)L|eDeK`B7iiL[eq:BsuBO-M36dnFvGWk.p)/KN,-Y7ud]h5P,0<Mlrge6T8<G4ty`sPS.LW-LN,{?mv*d1m3uljZg~*iwEfJN#1wH:A/)imN03a%*N(}vW3:>"s1K5A{/;t+1:>L5$QZN>+:l,)5byv%N"dny*fVgcFxU~V:CS_JmLHqt"&N(~nF2&Tt>|R\/]CmaKcw>^3}v}j4({/=LPM3b)vL?uj6.oqO2o\)\rv}j%P*fUo2(hOKG1,CTAw>;(bC1'w}jIbtSh^
07-12 09:49:01.629  9316  9316 F crashpad: DJ01$vn]2O\/"D{/9n"fK+S[?*#bO3%b'_#sPCvbtS6=)bqtx1S[?*#b'_s=/)9J]9=PO2o\'l'r?sPCD}\/t-&beb,)jIdtnM\/"D{/j\*^WAX@Q0Jg(?03Oaon.dB&%s!i(Zkp3\KqeRR^P>MHNs~QX4^@KcXiOhnBBLs>\gAg&Z13FDiVPaJedHw:8woDJKJ/>@V/|/vf<5\EQfK]IKL/ea>4^n"QkV}pHudLRJg,%W6$UuJP!xil$G9-@YmaPTk@m<vl~:HudLHa)xP*7LGMPQ*ALsGv,upuP*}_~k`vg%SFouW)%4SKPOPu"=/I{Fi<!2~FOK<@yl{t:=YPhoc]/pTnhOC6*nm`Mp+>)0@kX|!&Ep\mV+`d`fatC2vqDpMsIqH1fKKQRzfk.<taDc=swv5|bh\Y0b5su3AwsibrR)`5]vdP,ATrX1,i^5wr-urTvmQu*l2Bi3p`Yv0V3I,xx9Re#x0td]TsjD9>/bI=}i&4Jvt[f%ylxzlodW\g
07-12 09:49:01.629  9316  9316 F crashpad: 0?EtyB,EbR>NFx/1%+Bs`[B"zk$ChQ@(KnZI#37t{TJ*$t-MQg5WP%{IXK#35cHiyVC/}nVdMLo"0m>PLLgR8=NJ'7m>9wdq&W+o<NN\nX9N\mTsV.sGp_4ux~(lst4CEW?dc4*hDrvOFj#abRO\tvIhNhoYjK2lNh=qD=P9%by+\_/M3Ke2XludoJnTIH[gxq9K|a3@T#!LYh$ipa41hYVGw~Xc8J6*>tO^mlHdOAPuqlG=vs2o,)|}cBV6![zogvcshu{/R?I4@D%nx>IPSh]#'bX%<soF#Sn5Sw`c_0L7pba*2)Qj3Y8YZr2yGrff4O@8cuBP4K[bJV7L(SHQmICRo4x-f3p`'mr8uj:1|rFh9bA)".0}G{nhKL@)l2TAOKh6{KfWk];`%U~>|aR<zvdIy_HU,W5NamBuT=xS<^4{_]p:z''=cH25]oxh0-swT%P6J*ut:O1h|gg-k`e(L6Y)RMMLMc'`=RYNiJmV5o]HfXGe@,?KVVH>>)|u'fze
07-12 09:49:01.629  9316  9316 F crashpad: FR*c.6pdx@{/]t?IQwRkKQE[@$\p`u-kb\S@BKGvon7LcKHW[Kt;U|7-1&7'n5Kd:R#O\pDR['p+vE,G#qD@6T'QPQvd>C+A\UkJ],DCsK2?i)GHx^R0:tBWG)I]mhuG.;<[x[Pv@qlQU=#<0YdO\ABbXA{tX=-1>$UuJP[\=uJw)X1cl?av5L`b$L5^[W~wZeT9IVB5=gB:M;S\NJlI)5</PwOUdSkF1Z^Jo\mv3`O1@WOKTL{sf2B2>IMERz,1F_Geb:$WErF9iR:2nJ7*[J,<cc7}rV;wT)UT=towD_Ge"BypPu3w"/>@V/|/`k>FEjlu(so>xu5hfzaR(viL8Ld<_AEnJ8!xhNj~3A:o(wmv@$r*4aM`();Lfu;{"dnyts2pC5?s$La`aR8LbbQ5u/fav\7KrPsQNKPopC+gj6}lig_taH'VX7$WmFS;7JH2S;T9b:(och[+!4la6o{[Ynn*pY\nPAfua>u;Vt}Fk5|g#]HAC1s\ner:BKd9Ab|r
07-12 09:49:01.629  9316  9316 F crashpad: <Xo>xua>:LGMPQ*A>l$%ZAha.c(nGM4SyUjadN@Q}lgblE</Fwmb`equcf~DetjOH=UEokH|#Ax'IvyV<tFa,Dao`936vsx;M;)w))!`Zhh+*n@Mb:?*sozN)LHkU\&cJ]BAuQrdgwUd[wb7vj@YO:iaBaTge.>00=U6gaNTZ-pJaUGWss4_Da{OBJ{Ldn$/,b~z0dbZNa3fx_YT*A>h/C$KN^__L.JN10~1;q$PI\y=-5Q"qvd8~;*Q>(Vw@U>&6:Vti\]$NH7K%;k7]viM_+ikH-i3p`Yv@8Pa~_p9_vbD9>K5ok%x3bmrJkr`jVNKRo$mCq\-a3Aw;:"Zz4E=s>lp5o_nLmd-7.s>bL{02sj{RK'Onm(LbdWaLQ}7'fF.gG^9w]#WKwwiDG#GU=k@&h->cCkq]0zwc<Gs3sZw-Nu0Ysw\*6=jPikVR^+AXZZ_A>Lo"2Qj33+o*SZAfV'uz*hEdGx;iFB?}B}ub<I(7rsdhL8Ld<S=En^8!xTdY>;t
07-12 09:49:01.629  9316  9316 F crashpad: +1hEhmn0%,Fu=nz7Qj4b?Gp_LmX%3A^X:LJc096b's5P&mcv9>3bsg_tb26bOKfE;L`Fz>1zFL@|]#kEiwb0.rp5Rp{L@M&TpqgB%L.:Ms@k2<.HIRfLvdx.jqs2Z6p:pmj6Lw-mIw8*IfDl@IIffmqV;@9b7flOI\+F.5Q"qvd8~;*QZ~qwR|Z~3A:o.lfc<_4tZPl>jurd":M;q;QAck9^TAkm*nqhG="sS^BT"A&xcuV)Z+|upf"f}vAhR:t>.x`rD`?1yb*r`FN9`:F49a.Le9)f-q0E?p~9\A|J&1oR2k-T:v(w{QOM>[XmBt(Y&bi[5b~HV69P)i8wtQTwI7>eSKLb3bq.@1*g<+*AVOR2o-9w_w"ex;Vt:6gu`'2|Ak^9C+w_he"e"`~k~UX5q`Uox;:b(\BjFgY@.rPjzu)i66ksVUdKF^vhwp.$bNNlj[:63f;I<(|5n.</"kP?I\NX"u#LX^vh'j|wflif`W0m`Z&WR=5o}TFUPeV50<;C
07-12 09:49:01.696  9316  9316 F crashpad: jQ._b~I\KV+5Q"qvd8~;Lr=1Je"4xs2NHaQLeT[6jbfdeQ6J+OopRH>L2e(nElZACayN'v:X4mms8'?Axa'W$+>L0tsQ&wOo$mku`^o1oqBMKc&rRjKgr6eXmKtwOmes*2q:a8LWvZA'YBR@#S,aY9O+h=-C,DPS+0l5_H3A,n5=C@Q>G"|9TMH~hO/Wxe18%]93O[:8S)h{4(sDLlzO|c'+=9Zj{b7,(~0rMi,:8P}OD,q'q/Zv\A@iT;>D]2x5fVBi([vpww&w=bVgs`RJftftUer46Qu\rW)<j+q.BRFUDrdC$J'u(_R#XNEu{o&TF:|u#+#r6|4^Hw<uNO'Z,mQh(wS\kj'5SgVw`+g+*wN-QJnbV}el3%~1yX`5l/uX>NZjbj=W'f:OVudvT]cz%4fk@1S67^HupU6VF([s2qoI"x`;Yrfa|oFqK[xSJkvwGX{OcKdasV%lI=}nyAh%2_<EhvD<)AkkhM$j`5|@0bqdjwzi[rCi7]wahuSqL9f3
07-12 09:49:01.696  9316  9316 F crashpad: }`a5dsDwa.k\dvD<eagILLsS>c"d,m&u2,Qgrq4Uj(X0IrD7VKdlhM'soV`o-z8^.trR(GsrR@Fw9Zk+$]RzOcxflyj>Be%W86/mQisQlKRw%~m\5cL)GZ**xu|Gu~@Whdx;Rir0Qmm[S}5w.Ef6=D"T#qx>km_a]w`.n3O9:q5luOC&WA@Ju3X)*SB2Hw*dxs~wZ_(n!RPw2wzMr:@-/Z3<6&Xp"b'L"7W}{CV.sa5A>Go/4g+ezQ7tzR-m<s6;c@*t]Ps>t?sVoJT\ur$K34M@8=kZeez02Nk\s;jum5Gp?\d>z_pIhYKAfwWgpS"h8qQ6wRTd80J,g+PJ5NT[xUUwj56,PY^wGS7^Ec7WnR@}gV-H4J|,*WY.pv_v_t>N<O8m:JU6\v_rbCZv/Z<y\AVhXN|YBJr=12(ba.,W5-z*`voRr<3LTv8R+Oi%Ms"pjxW~bbsKMsv:jFa`Zn7\lj>?h*u/G&:vRLLS~H71,/R4,T`1s1&L3bmD9OpS~u|N
07-12 09:49:01.696  9316  9316 F crashpad: j.ZuPX[JAL*q2-Ph$u^P~J4TXr}qYjp:#LaEt'$L%S<g\W5m/|zZXvte$GAp7-9Jawx].iNOo\nvl,hvtS'L_v$vFs.)rQN6G\Yu*epYcc}qe:[JM6knbhP@lu^_09ccB4=eqzAo|+2:A"q:Oy*v'nZ*T,(v$RPez6atW=>PK6OZkgV{"dl_l_0IOV|v+f)V!wgWO*|K=7?9\vnuR9p},7*&KTC&YrfR"BkI:4Oy/\^Am\t(9O&+ooPuz(MqHmf+$CItI_EE|t7gVh~af0CAMv|oE,?"w@g_LL>c0j>b&ZliCqQ.B5sp?b|0Zj0ynvcwIr+9V<]0dTF<Bt"`dJ$t/bi+>Xjw4L[Te,c#Qu#X+hK+"TpEJ6V52VR,#xt_SpWwIwWT,O!r;FjV:[(mRU@QVgYA.gbZiiKWd6*ndtjlc^*v)Xo:#4SuUro.0Q$DHfVlt-w;6mkp.DhwPa}KRPOjm;>ujcD7Q;WNh,#S6x3{;"%aqG.uDa#uebmX**WEMx'X
07-12 09:49:01.696  9316  9316 F crashpad: BpU=NcjT(UFLTf"p^HLjX#eT(_j`)SA+9ax~5^Du4Z5M2wzK'DI[tk|X2"(Yn`8LRz%r6rwaT,.m?Vj6G6GwawPY~M`S2rNuM+X?jwt_3Pi`c.2*d\iI1_81Pj'rJrj6mvP9<s=AG7bg>n;@1bG`t]pQhP6XYD>B]#k@%lfT~h:(NLg$o]>.Tvlk[w\JVKsgN}Vd1v-Mk\BptY$;JWj*NL+8Gswuf0S+KKIqFup:rV_<[2+LfZ\2R(0msV~s{vDZSc[cR\pIRRX-tCGhvQ'J6JCOP1+'C}"Q>8%aqGldvx.XrQ_|2Th)89)v8`rB<o43~IKsbC.toZY+p9?f$WBn>(c5n>dp@4tCB/ir/Rg%O:G%Gu6]YExV$r:l2:TgmiE_&:xV<Bbgz,LorOg:xV$r"jEU4EvV(t63BzeIqV4~Y5tV4~CuV^Q{.s$8q:N@_6u-$:r:73Bz)VtfZ4WG@QEUfx}QxH8+nLHv8ukuNsMQwww-`a%sKse}P11*I+i21*]a
07-12 09:49:01.696  9316  9316 F crashpad: P@>s]b.haEoN2LA3)u^qn0(J1FWF`+D;?f$WBn,ob5"8|[K+|$:^OKzeJyY^|pbZkI7mVCF5n`(TDksTpQmo.A}a!b^^I7#e[t(?}XTG|8|vh3T+(n3+wJSsLjcf.~)i1KsP'ZBu7l~h[P-|mkoa!mDo$oJn[Pm^@+Dr|7x>`H7jI[]nBn1KGVQ4p4T+nrK?O9mX|;XmBV:&663gjz@\9wk)>ub*If*)(rnfv20<InGAYC;l?K#mE5R6a2L6BJXQy3%L'0hg9tdM;DYolc}_*ddTe%q0[li50eT@dSJV?aph2^YQl##k=Av==Qw@TfTmlwOJPweN=QZI?JPA'nFVS[p^&d-m6UDR9>q-Mh1c*f-AL8CW%_|cnI~u7,+7pg&@:^/w61Rh@2Ga<jKRmHT;"O-k4c`w{)?AI8iv(LFj2;n,-xQ,BB|c"ddTCW]sIf%xr()x4wcwZ^0127I&,O?L!n|Ts>0W$pL}]0Jp6:Jvp~uQ>6ZEB:t\f$-^;CT'g+OK
07-12 09:49:01.696  9316  9316 F crashpad: Gg]Hp)5LMSVD'E:t}*fgiau^~4?w:ns>FCcnN4Z^QAi\EW*.oi[@L04[*e>Vl?OVEANQ;o\{8IjG_HKs10@$!LD<?Q$10,fXEw3asXHO2NWTg0XT/u+ql:emSo~}.b[rfe_B'E@Z4su-|/nr-.FnYTFra%dJ3gh?[6+o&E^lsX2"&HQ;3bv$9\|d6NL9b6lQ~D(X@A1=$Jka(\*zDCBsE0;v}1/an3yXjpv3*u(qv3T>qJVKu59.Ea4Q~D<Neev3zWtl.@=`}fRd6N)Vr5oY@~(G/J^F]nH]o3+L:T@bZPW.^lc8MrHOjNK*^licPsYWT7m)%aqGR5Hsxs)?#vy/h2b2GJuxV<xp@qK_}ud))LoIyT"^GhFAzV4boov3d0+gz0WgKJWYlo\CT8u>\>gwLu^Zf_3o^S;rrn.;o_USD;!V6=B@0J7Yzdlm~FQXh6;J`^h6Ewdfs+36<r0?RLS##e}t6,0Zst6l8pa2Iwm?Cw0e~8RLe(F9-tr:Wv2R0Yh6
07-12 09:49:01.696  9316  9316 F crashpad: QAgwPw_2fw.>Mjv23Jyt6,.Yh6<Yxu6cLEJ&0DAw.T_"(ba.fdfw\M]Q+uPs5RE,K'"1P@#1h^)Hon>]/@hw|mqtojkoitP)KAOJVwY(MY$Vak&tAQ^IqP"FZRg%O:RL7L^`.0$J^KmK_vFp~Fa#\F,S!t$lTt|BAwpUSh`^h6Ew:Qh6;63_rzeIQvT34eN^FDtq{QUMDvvW&D_k:^~mQ*zw(8{vQZ{7$4"k~`@e^hKWT4?e[_'JdqL7u-4#*'8Dsr;e*s5e<g6BHTHr/\.(Q}5vNX<4-Vvhr/|_/g:fEUq*pobuFNBw@]"x41Dd}m0lydShl{rDJ&y>gu~:Rv<GZ.&u6,:.L(RvB:q^rz#)Dw`mp:riARyw$r:Vh6EuPks+iaro|o"Ln?RL_JU<1<Zq4k").F"R.w)=hw^nVXh6bt]^,xGks+O6TvHmR^<O*ve]FDHAkls+sVAwX9nDlgmp"LwrMkxMW2gw`w^DRv&,P%|l-k$C_K$r(]NHMX?a}MF8
07-12 09:49:01.696  9316  9316 F crashpad: +okgXP!t=vbB/k.8'fd*36ywj-$gZTs\oGULYr1Izjkgb9D#gMJW\m(m+&]fs+G6GwSC"R3LyM-XvFku!wpvh;,w;@WkHMFbR[2bo`G&i%lJ|o]KY^0b!rVoZm,bNHoAFH\t#OW]lw`4=_%x+pY=RLs'4L==@vdfyw,v^Ylw`4WDRL+w\.JWlp2Fhw\a}Kht<g08hwhc<aNHy6RgSJ%aNHcJ|G.u<g~o\2emSopLV<ljx]L>mlcT}Sh6J4Mg8sl{Rg/F6>]rZDd]8DsV>X~^8w^5N8zfYtDT:6@gnL*q9w[?oaY7n+C5{ov6;ltcIV.W^xQ5Na:q[J?wTHP:}tSsw~7t=qb;FdSK9,R*nlq[,HZ9.hT.QhP@tahi\v86""$HEv*)3RLm%%ov.gFx(vU5""bgNm%%)c.V^xQAO+aXe6b.U]3O?poti=PY^HUJP@$u,YOj{nnj41y=+/@Q+uZj43Ow9uT%&1o/XA>iuB=wYXpI\ux>0GCg{O/n`},g,1\U
07-12 09:49:01.696  9316  9316 F crashpad: bb*6z1BB_ANl"4brxs,H<7g+_i{TV<tkIt}hUL]`?w=2e+&N$CaGQ\Py6^,~-i1fAb*a<G1H@1~:yod81*tKYsCutk^2Vs)p3<VX8m[*np!([t{Nls{;!w#w!W-_(e]abK$#fa^rmc@g\uE?aTurt-XuzPVw|J_QDIARAJ$n:@`K!:SkNJ#Qi^)5kY\NZt=pdUqun@ke8s#DoriSf:S\b.q-dA+mhIM8b@lrH5El5TvB86nl;qxpVOyUflf8eEj>.H6U&a2er`<u6eNn<uRsBbJCn:`gDuZD/vqKpc&J..I.N5/LCMzn-r8YtW@}J>(uE]*<0v8]ll'9kG!bN8Zl#3T[c^F0{sxHj8FUro<ET8u>f3kJO{&T5Nvn"<TG:.@qF_.QHpU=|n<t"<TG:^nJEF$-Norpy6<?x5L81<0j^F.*2A,[VE?dU=Vw:.?W:qF_BkUL,bmHlY1LQuX[>l+k0L3>lYDw3RxA\pK;BwE[51v<Sn$Wckgj,?wwDS'LYEQ4
07-12 09:49:01.696  9316  9316 F crashpad: &amHApgWO*btwBM*&Gq_$c+ivU'uZ,u-o/$Wckqoz[;_/^BReGPJ1Q!C\p#gZTs\z)Np0Wqs5rxMPd^JW,R[m/l:3b5rnT/ayk2:(1juwek:;J6IkgNk6:K'b6{sZF{J7?K'}F.AkYZjaiIW.v_hxek:n*4LsW'K(o<,p)l:.pp8%xNBK'0<YT#b%1\64;MY@JcJK'M.l:o4*Ai(Hf|';?K':9MYp%RNQk_'!wgWO*(A'Ste^XEwriNr`pl:yIdnA\nl4iZT!tohXT+6:YLWBLqb.2ua}s}vl,ya]upoe<VdzV<1dK".!<'mr(nojdz(-6]_`{Fv60mYPJ!Z.KPep/W=`2BW:v]g<5?aFdyYPed+?a)wK4Y.g*guJJ[rCPpoyVInR,uQfV0uE_|-^r@qru|`NQjV(a+G-vLi0YI3RjcH@L5l(r^p*w8)K+$[!2*1$u@qJs4=~sS\!bYuCO"v;`Hs7jZ|_c#jZ|g'~SlQa^l8WtA=NFB++vZ>/u9r})ab
07-12 09:49:01.696  9316  9316 F crashpad: fQBurnlQ5pi\2&=1XqtK$Hka?dGuKmgVC^@kUnf5vOVLzPE_2PRKgs.R"6,I0mbd{TD3S5Zw^7H&@h4_&ma&ZL5D}^P58\.026[kN.Z^:Wv24k3W1DzjxQ+[DSu@yipaAv6VkWGu^AdbfO>arf~g^d&G{mtU0wH[[(9.+wS3T;{v13T;|3(b`)*bvg^d&Gu^'soVpO<9,&twgrR@~s~xJV`eW;ZB*bncZ+bU{ogs"d56?a@LROa6(L^*$w.<klVa,OB6gofq.%Th|4g1Pa$U?w79|v']Hv`T^hV\6L4J[l=j5\xtZntYDSe4_i.ZE6~4}F8w1RqooV2V]@qom5L;4<%ot_@u5oZd~p7jvNV@1fdKYw'>$C!tNy?^l/ruD\)6+T03StHWY+_9yk_l%r6FCvtoO?#VY5Bn:7}@P_e`lt`3O_UKhnv5D3{I1VX'71drw-b6<m&`]v6B4tYr<8(u+s4WhRjTrr'9]d|a>L\h7@JV.fNB1j#l351jclE.3\kn
07-12 09:49:01.696  9316  9316 F crashpad: kuBr8u7j^|,IDDX>6af)2>fliP5<ble*NXju-r<[|wfgYa8h^Xjs{C1jms{Cb?xUELos3??qhsr.3\]iY6HJ:HC[?a*kr^"2#Gj+#G.mKvAvZqzpzBX_)0m(!GEqzp*vm)E\LJ7qAWza,Lya,LQvAv&]l/0JpcBq0DaBFTrFZA$0XE)u2^v<&Z7.W+MJ]c'6M5>pApFN|AMhpvdHh_46>p^qPi76C5(GZt"ZegnV&\96_Cn+YT;q4OHW,j:&V_QJmk#pXk.mRhnp[+hV~Q?aUI/m2uj4?W~shl4FBbAW^HH4>ob@m+76/k`g#v;j$Wcx/zJ9fp<okXLAmXwd:6)X"2>p:LUBCc@\&owrkXzXdM}Fiob@T@!L*dH&tQs;zoV|WT?\QKeIWgjp0D'gp)LnsG75tQJ9"Z(1ZApvIy-dfl{O]28WP5YK0GDqVH8LRz9\FuB`[JGwyof0:W.j@}lK\F,SwolFop&Z<H1jHpl+i8KY6Lw(b6NrVHHgz>|WPql+
07-12 09:49:01.696  9316  9316 F crashpad: i8y`2Lw(#)W6E9Lwgi,Z^hfE*@deaPx9?L>v^N3Wo9>tT}[GLWZp&x3tT})>(U[TXv8ukujW3LS6bVhl.p'sIr.thkxH.XJt}W:Oy&lO'fN_HV%t"dMFxVJufS\VE/if-L0mGZbFIha2Fe$v&G5bqb#L$9*6dJ2ovtP)>suu2~ht;a_'zsvw!<yq-iHsEE]p~sjfW*JNyw\ctW}5Bj6[2r@kWkLd.A0|RKo+vO^j*<8-^<wf4w|V/t-i(s*+bw4>{{tO*b4Q$'jIBs'At[]l'pFnK*zNQ5no'nq<qMJWXu@\iwd6j54SN5+J|=UD5s)2AJ"j5Do1/9[sno8vZ8mFqp&;f+Zo0>W6x;0A"J.<$SDwDiPiRI8h7L:mvD:8]retBrPkuO\6QuHprLNJo`YO8uLs#<pBOSn.*f"8,eRlhuRrwR#LU/kS&,rb))Q>.xtYE*~SDAu?rkx)?A)`-xso?Fhu&~;fkk\pac8H]p6jW]%x]^k(DsZ["G>p>(yqR8`R
07-12 09:49:01.696  9316  9316 F crashpad: zqR8uMwQOw(xO8R{L+O_0arWwQAp>^|')VF6ocHkL3Tc/<dp.8NsWFz./Wuq:L\dwQGselYA8]<ndKI)@qhC:LbcePftrYUvC^zZStGq76E6Q\X^Zv?LfQb+j(\uqFzN2;Cw'1sag_ht<a3bGk?-cuvF-Z6H=n1X^rosZ3Xf8mis2Z?t)bZ^T;lOLFYo,Qd+]U0mk85<Lw)b*5tq)V:R0qt>0+;6mltsApvH(GQ*Y2evM@6L[ZHA6eLo$4h%XvPY6L$)_'/mWN$c)VzJo)0mctP.x6WM$4@iJf$4dKzQ7+Lw?}Ab9vYT&owr)Vh9Jz}F5u<a-H&Pp+/b&G]wZ.tr;e,ltshW.xb]K.auc+SwTslnNv$L&2,x6gVLPzfj*r\*X1k:ZBocx]nIr_,O>9%6c3LYzFf8(vkEo?jF2LpY|;eoHv7w$.Mrj6_Z6py?[W0[{?8I(eZucV8q,nBu'k8S^@Jg&D$JMJN\ApTIU\0fd9|_dI"S*uXs~DO*}qydrulv
07-12 09:49:01.696  9316  9316 F crashpad: 3r@-/Z--hY&>'bSfbv`OALucJrCe6tlXJufl{`:~boHw0pQ}k7ET'uJN}lj'4KL6H6=f&1;w3;[PnzOjH4QKTbMHbtd-.i?@Vf(a%H&PRL_qDJ7z~1R"~B3{N+D9%]v8^r5VR,j+~N92A(640UXu"nnQ4bC?[PZI?JwsAsl\SB>pJ63wAwr>2o+^^Hpl4<!L0rp.pen+|aE_F:'v\MaC~uV:HwcbR*le$aw~pK-5U/Br|TSvKH3G#;s/kiqZ?kL=$dTA$XOvaRCwZhUL`]%tVI^69BVKdl"B'sl|LLsS>c"d,m&u8)%1dqB>0m"B0s_Xb6G8yO.D5j6cX[x!CS*`s{$hzv.0C$=D6GN9+w:RPq(]xrpw6bmDeU"gpd&J>wl8ML:ABIXxjZaV+qQ;4JBE.xJjUKj(po]`~OV.f6E<@VjpiqgsYt7G<+d]d+:+R2ggl[#VtsRJ_>sldI5LYg*(MjclQO:FCvb>80Q;'v^QL{K('avWzfQ;$JOg@H~!|{71
07-12 09:49:01.696  9316  9316 F crashpad: 3aRu@\oF5Ft'u3pN~\ts^`nJ"4*c0G=Wt+Z+Q;2oPgBtp]7ja/qR.sP_>X}Ppa8p3<'aJ6Shfx|AtKQu"4am1LtKwX>lV4&DUwTv9_6LV<HgOliv;v%EjHzt8OG`-md++u(qFu~?:q,t>wiva9`I^rP7WMFu0p0mSLtK'pfl.hIw7M1OW.6Lx}(G'v>C#eEaa{(aJ6ShtVjf6[xQBV-sIrB&y;1b\W_1AwU,#A!`rI=L5yls::PvVO83=D;OL2{?}Johs|HKtKC`=q\2y>)F\?f1|F[Oq5(sIoPZmJF`LW3obvL{Kh+)d0>q}K2@rdd`2~j6+@-6\CSj_a@!\rP,v<l)s3-Ig(rY3Oriz@/V1L#?~Hm5~Sb\Wunkd];f-D0_$xcq.xvM[m,vT@hgBdM*,tftO40Lni<TTKn:T[3vBbgae<J^>Lq\;wc?YK2KTh@WjR_^&4Ss:v&*7NASb2d71mPu2nGw,=f5?Gpk\{;`?w-:j6@S`rgDP}OTqWy_'+&:
07-12 09:49:01.696  9316  9316 F crashpad: Jr;\O6nq3<Uvp:PpLWagLYF<_6}('&WAX6Ji2WQqEjnl{43pw>V<Yp.6}xTnL&p\*?TKoClF-vOl;"Y5<+RbG^[rYoV#+tHJ]!$JmF@HPM,Gea0eVLqv_>-xdit3Nw\?j_/&TIuL\*:`Xm6,P)fLz_!W&p,o[5aEcpf[rMr0=68s7,$Szz$SzzLgqMY5D+qo"Akn.gGk^h,J?Hk\jZ?Iys`K'i^+psmW@EbX:6~]u3VK?ryoFsw'5,k\vo|;oV7@3lNmcdxl^nfgnv_>+woZjF-Vh5nmSo<~Hk<uiv"efgp?CsI7T[+nNw]8`RHJ9uzXtCI7ia/&$b/&$b8s7,zV&prM.,rM,YCWW2Wm5pvFAl;pw>\o%ixiI7_\7_5WxeemZ7F4.&ju<|zzC3ez`9oV7@3lvA@!SrnGV,uKo/l+3it3ht<MGGps]Oz4/O%Vnr=?"efzy>vc^nBA%U51<WIa`o\NGgC<c@xBXEApw1Pv\s8}|vbv2WI/!BPv\v6+OrqZ
07-12 09:49:01.696  9316  9316 F crashpad: >9A[T;PQr)[\sml=o++|g:Cu%YJLw_w3<`Ug\JwUGWye\GRr<f(Q&TarTCUw7AUL_hrZjNeE@+t/ynS`2KeuRot`=v\0au]8%g:LRO:FCvIL80Q;sV<QN(ooMK*k$Fs\-vc5y>$J%b?HEM:5ErxGs\=W'f4b_KX%:Lvap:4H,wVX0K+o9Pc:'mgF36s>)oPg\sp]EARo]s;bBdi\iBDqs>2`V;s>[p?)(xEL4/t>n^>/HEK3Ug6P^w4vy__+YUm@ia_ipiYrP]Q[0lWDoi7Fk2*f[vxfPM9Os>anXgp]EA:g%pt>Ta0hy/}aWoIA?1NNL{;`.Jk31?y/IAzd0/w;-)OQJ1/aD<t>O6~SPgOzSK4`|AAA^AFmhOc:OA"jY+y/[snotuH?i\e4.TFh<1kQutr:-aI]Q[~\7IQ[e\^'HEEe8uDD>DoGswT=(Ge1HE&j%ot553!tXBKL_s\DUM`BjI3jYoR5|Ck^b,J7C5xsT`2.OKJ;f~GAFG6\t>{vYueN
07-12 09:49:01.696  9316  9316 F crashpad: =qt>qn6F,*(vsU2.OKzkLk5pXw~]u34Js3#c2/_uwgTo<&(9$b?HEMPP.Qkaku@\eu3jUgZB>_CwocP*t]ACuMFnt>y><fjJ4XQZFL`:oij@/5oi"1P3X+Isnp<&TkeZQ[V`_J9>3tjZJgI%0|16u7k)PQb;%,sq-n+W"DlasmDPGAx^)q|hZ_GAFs|m\)i\HA|R~H?fqo~*r]msBGHEzZxubfYl_nj)f$:1Uuwg(9oi8?ANDcz1ht0deZy/?W'fPjVC!t2?/\0bOGn(Z2XmD]sQHAZATh]AH^NVPdV`LVQnJ0yYnjJNEu;joQ}v[U~H,5Zs`FyYSKF)JWys-<u`Ns2??Q>J[6R2DA:7VXt>P]Bhy/&r<3f$R}s>anXgp]EAd<NtQ[Fqo2t{v>r,HfdCyr=,<gs>{v]N"zC3i\G=6(5|vB{lb&rnNRzn[uIPnZHALNPk{/+u\p8E3`AAZGp5*f\/uu{9tai6JZBf-q2{GffIov3q2{Lgml4R(Y3m`vTg
07-12 09:49:01.696  9316  9316 F crashpad: .Z,ozO{aqabTg=`sKK+wvK"Zm<~tm1h3UAvdDmNro\kqFp-qfuTpvF_K9hp\1Zg;<?PapW@EhU)v_fYl+tT25,{lHJS2B(Z&fE/&~PQ5N_7`Ps>"HTI7?WW~Pueit3[5W(uLV(@wY;Mi<VDuz$2RJKOJ]w1T!c=2-&VEL;TAJZZ2pl+Sw^hhy&46dzO6dz\'0iezyt$M$?:AvqqELL%jhIju;\SLavspXkq~8\,gGgb@TvagdG.D&\++`kaOZjWg*^:HzhKKW/t3t5*2^\1b~aR.lwni~`~H7hp\-X%int>bd7gEti4WO?#V;6K_mX1a?o'v(pps{Qoc&J;V<)Cl)sJ7;wam&`3qzZ}`"]mXOcfqj*P\NiELW5z&rn)1]pNHW]mX4rloN[y>)FPY*o'_ZrCZBfqtnRw~J:y~LkNu(fIfl6]@0LlZIl,:8gx`dTDfiIDiYfiKI.rwj)4syZN9|Pt_3vO[y(m4piX1Dt63z&8>r,$t2U&a(pTIFranV1Fr
07-12 09:49:01.696  9316  9316 F crashpad: %hTobIpc&J7VZ(7V`u5,^lVu@\/Jhit3Hd2\E@#)b`tK\*f6n:"ew`<TX5>h*f3aM[w9]Q_^^2M@ph`r5L\tEW'@5qnp3vkmCKopzoh%_H@k$GhU,mU\9Opv$,?q7=|;!DR*h+eiop,O_npb-|U=8/K_bV@s)FGg%y-IVA)Aeu~H1wSL#O%Yh5m+su?pDu+d^6c`%mc]`6AJ+JUl->&JsK}`\TR4NX"Piv:LutFsdc^8+rrr8?>uw1^_XH!22r.)A*1aXm|[a6GrL'wFbaPeh+aKq<Iy:/=WO:T=7LotGZHTr+dc&`Qklz8Ne_/b&Efu<C^w<fr\sK]l-(2ozlNh\/oo"0TvB>^G,s6ShHRJ<@n\m?DKHBAL;9aTRIcTLa.X%xo4>vVh,Dr+@Y}K?w2h-Pv^{w1e$IP9Ea`v^,hVLL7>}s6_ZntPiv>Z8-{lDvT7k7r+<;Pa%P[Tr+^9\{rtH-heLtH-RJP9CGfw(<*VCuDK],!S4IS6$)QP!R)ozlNh
07-12 09:49:01.696  9316  9316 F crashpad: \/id|A*x^[>@It7UnaK,.HOY$bQKNc6D416eH[v3]3>1Tfhvzk7M36$Sa*P8.Jnvo:Jhe'<_1L?gqV3btaoY]rk4pijV%ixix;'tkq"Z:6~]u3VK'FC$}KD2Z.qaGQ`mbOs~>dx@+mN&rndRzn%J-O+LZRI7yrgt%emaSpH5Etk+i0qV;>CsI7|/Ps3jiBWm\/gqhlIW<iBdDL__c5%=7-!B!H]7H&4[Y5-&xw>Z>9ciAsmDfv2kpWfh'W8j7.AL?/PYh*gwuItJ[TleNd^A'T@q#L$Wd[#6&L$.:`E~UL;w8MWAd3.mHM"GJlHWPj@;)ANA4A9femd,~`nJB7q*6b%tBEe4UK.A43$Jyl?HGM&iYl,oO[vKo/8AlppM!qfYZvcaV4jsdqB<h0)w:Rd[`Uet,W<oTCNw3q@b*Y6mzt!ctn8u"6|O-xtHYKFGTw?oLsbr^LSP.Jj[^@D*`i0-?W/J$h-Pv^1J,,"jZ\QhnJ7>[J:*`i8}4WtdRtL8Lwh2
07-12 09:49:01.696  9316  9316 F crashpad: [/ia4Q^$0|'A$8;ql<Ea/JL|cXU#V.K6~S-<mahtTf*j{O[Y.qn8hwf+W>6Ib=3kpw%H6s}*OKZvov|$&vcDBw2*F.!<NqhuV>lQ8M%g0-sai_DANt;OgwBpM^$Cdf&I(e&)0<ML9kVG*jr+4J9r\OQ_{wwX2^!Rjz4WXv>\6t\A5w:,Lge6GsaphuxpHjKRw]nX@pam?wLe|G6wN6f^-8MLy{rt4Cfz%]mXGJKxjtfaSKKLa/hu!RQjtX!Rh^dCkhbvzv=bN-iz<9aTRI;@XKd#o4>vPU1<Ltj65|N\ML9kVG*jr+4J9r\OQ_{wwX2^!Rbrx5Dv|KX\D?P9iaZt*NWNe6]P;ql<Eaywu7q<]CP9?W5=P9?WNLy{Fvt+\*5`\I/`uwC>Csr+t\d}!Rz;yVBlDYK+$_8-sai_0W8pf6oX,YLL'F|vOv6X,(`Ejw4R(q!R[J4u>8C5xw_4}s6_Zn=9Lw6i,'jIcw4RN<(ejib\h,bCP9Rh6c.VTC/<+ot>
07-12 09:49:01.696  9316  9316 F crashpad: qvIw@?/\.xvc4*L*09=hbRJKgv2vZ8ww'hCsI6dJLlTeelcD'c^8EhV84K&o^OoM0rp.JFjGBIiSV=p;DpqKVHFs=D:r=X'%&j<M\KZBk\Ns2nvb]PsirR>`aZZk,T;=o9btnDvqf:i)rGPJV[7e'm,#~~]EvqyZ[vCSxMwodk@9Tt`T>upp69gvd7+Lmteu)?IA<uLY=KRce6"fem(n\rYvJ'HH'vwU`(X0Irj:VKdlVT'soV`o-zp:5KfTHWdrR@FwfW#WWjH%bp*nml'tD3xafvtQnId^Wn$Vy>\fzP6va\FZBfWvJ'`T^rur.rj:[rWvJ'l:"LXh,87=oGD:re(3YKE6`9+w}`!#4L$wXZN9(FV=:~et[i64%vbwrY>67A&$o>b+<6dS>c6NkG'A_nX18W)p$-4sn,w;}1m0~vuLc:u,0<kO*Jnit33aW(WEu,tB2Fhw%`!1wSX5>h*f3as^"U2:Y2JIy>EwDA:pp+cuT\m?b*Bvz4sai_&b{pV}
07-12 09:49:01.696  9316  9316 F crashpad: DWF8'v[r+u%UCo1LRJdnxARJRux@^r(18t/m0AAp0b@aShRl%tmV"jhg:hFL"Q*&jIDwu-%1IwMY8AR8mzzoZKq<qMzoNu@\3LWM@a8-h_eupj_t-V$CFIm=AvEW86CWzR,LDu6t\s'vjO6v'GJZBfWv"%`Thgnr.r(1[rWv"%$V-Q0e;tpy:K^zX)^sp^"C/L"]"Wiv:qUj%t/+Uvp4Ta9[k\jZKgeoBv2;\K7F6$O[1>wo62|I"h4g-1\nv^v-xS\dJzC3;Am^'s[l_oWe:&C@ezO6r-Wm?[jF7J/0/j]T]wzB;L=D)|v-)oPg*t6P9+qsz(F9&dZnbBylt\{:X]nkNRIV&pEn})[n,K,WC-f\Ra+q0i+w,unGytct7__a\:rkY:K7Ws~?z_N@Vr!>"ei+>LBt$m'd~B[*WSj6f[gaYI4W/\"WNK{O61B>t'*w_+q4"C&t(0'b9B$t2U&a(pTIj\.e.B96LNC3paE8yO^dDFJrEem){sys9GmHU|f5
07-12 09:49:01.696  9316  9316 F crashpad: f5Hc*i\2Okt_Ev,GDNBH`uNq76GA4E"eN.t\!Ppu0P3-ps-5ShJ2W-O6_52}EvPi/:IQps#`A3`Z:FZ!zV+(L.$7'6MXv;edQ>tC)vvij*j@7pw>Dc%int*be7gEzX:6~]u3VK?r-)Hsw'W-k\vo4?oVaE3lOm%uyl^n:1qv_>+w7[jF-VbBnmSo<:1r+oL5D>Cs/:T[q]|GzRL.hIp]z;GsnFzn-`v;oGY4^h=v!tisYvUI8nw;{wSCnV5];owp?XTA,8"T@J!hf^"q*<80Q;]+2^|G6PpV+t*k1:$JY\@H,y,HLYM.~Ko/:W{0PJ10/j/:_oin1jL}BS8o>Sy>Lf"(F9so(PagW5@,Ds/:\t^p>SoG{5^h9v!tisyV'J0a]c|ETtqC/Y;owp?XTA,8zYPq>SGs>*A6dS>c6NkGrV_nV1/:VKJo(Ps~^dDF(4Su5,>S=WO:/Y]rUxZZ{k'uBM<5hI@./:2oPg:tl{w;gU"TU5Xpt/`s;,X]ee,bVF=S
07-12 09:49:01.696  9316  9316 F crashpad: ;V9gN^ua%t0Uxs+DU\J@eeX`~jK.89.H{HeXTA8^j>3oV7`i79TKoClF-vi)<':1}I!h(9ynD(L.1*D_Xj<cj:z;}v_>EL|ln5rRzkg56GudufxIg[Wn>Sy>(d~v3[PdHKVi7f.N%eM.R:`F=S;V9gN^uah`gmg5,:w;KG&)*Ji\^U~IC961B>H-%v,LUi7f.N3[PZ)v_fYl+tT2W-'bimV72*>S^XEN^dDF+mN&rnlRzn%JuBtp>Sem[54~?q9>v[l}7`@b_Ez$rRJKOJ_wMR=Sqwuw4i,m9=Mjx-dJbf/m&,.HLwuKFwOyLg/m&,@YonFSuRl5@v1R>u2<Z)(|5d,rVnUvL@)mZ6x]kgBTrMnZPaxH6XTAF5g;<?fz1Avq?6dS>c6NkG;+_nX1^rtg(9WmkOs~>dx@+mN&rndRzn%J=w-bl95,h_vqD-mpdF:6MAa/2JkW:>{j`unF22,)8E6^jK4R<?,)8ERlya1eFo713=JvPL9gNA[p0b]C:n0k
07-12 09:49:01.696  9316  9316 F crashpad: )FMA{`aT8[b~%LBW"uUEv,o>Pr7WxeemZ7F4x;Gs<),)VKhntVLI&a3g2ST+=GtVmuh0L.@Ibt71MN~\f<0I0[#j6O7`zJ"Gn0=S)oPg:t6PpVGZ`]|;yX@I/:juno|Z$xVg"(7SPJCIMj\whsyV'J0a]c|ETtqC/Y;owpH8*bggOVW]|;3epq|p*<80Q;]+RnV7s{v;)pN2(=oVaE3lmL>N:&tVov_>M.,L>$/:nm[5z1zo4Xw3IkB?0lxakuu;I02J/Y:>-s[\DZ`]rJWOag/q"-O6?qXXcw4w+i1ept"<,5>q>S`4|G-dVnv)yng^iJks+iIAc[?Iys`K'i^+r\(Q{vWo5WxeemZ7|_nJ'7s{lJ/{C3x5<8yO^dDFriby:&`t-MznA\(Q]rib+i_|8_3,8`d4+<Z+"<^^Wn>Sy>(d~v<P3-psGrh9jf=S{v]sGrt?LWc52eFo/:jpXg^fLJIlEr")~I{Uw?FUZ5X0aT8[n**w#mkH#ec5(pJk5p*<
07-12 09:49:01.696  9316  9316 F crashpad: 80Q;]+BnV75|v;-vCeHK_,%dFna3\rtzPsMe|GR5N+.mF-rRD@E64^ok"Atj@:3lh|heUMPe56g5@LL<ee&<I+0L8^Thf`bg9Rhubgs?LW?qR0?.r\,_DtVA`qGV:J3nBsY|puw?t5FJ8^61B>H-%v,LCpuQPj&@}K>9bgLCyrsW&lbKM,JNDv#|C3dKe8yO^dDFriV)T+7j:*CS*`3k-blybg)*WerPnJu}(KMLaC"eADJ02J/Y:>)s/FLwPddSIaF>8WpRl?*F?WA6J([r+qJl.e(/8JkvC3A:l`q_AW0i-ZXmbr>V'LJ7{`UK^>S[GF8tB@*V\gWYg`O>B6R\&&JTw5z*bs-H_ubM%uOqB;]5.sh3K.h-!,AsdA{U]tv5@95g1baKoINIJdw3?+pJ6hz;sa)wP:vw;N6hH)begg4gF|>L>vevWg#Nd5&T'sVa8wj\[(9.QgZoD'v/Io0=IApo0=oVGH[@xAkhcv=VR:/<+ow>_KX%TA.3/jQ;UzjJ
07-12 09:49:01.696  9316  9316 F crashpad: XsXlY?rk0JoY&TvIn^$~\/`a(uve5alR*npR&dp[xK2nR33J5d:0(B0K'G06vb36D+Rkp8w3zpFDG(ts$j51tC\l!o@={`4nLJ"(j~`e|dgTEUkap|2J6X66J7!CzQ\cQrN={KY/dtRtYFm2:~v>X/HfNCyr=,<gyQ{v]N4{C3g+R>oV?DGVouYNc:7-0<kO|_%Vqo`]/@h+H@^R@fPuF[`eh+t\n2q>o]8qQ0,'`TM991zQ)mbu4Rb>%e4r\`]]p]ybyYnX)anqj[(mO;jqN-F5DnNd!w'gW+M6'sSo*2Df(v\vb@]pzm.f&l0I~3lGkJx>,hi8h+\v=*wau={{L{;`NJH@ZBf+VK86lO|Y]g_4pb@$YV!Lmu@\OJH@p5bRzk'w#nGgL0XmHQWVR6[AZ[~QTf:V{?3oT7w-,'x-,'jVf+4JUd:V{?7s*D?;Jf$JWw|'N_Q6}8F="Lgf5.$wAUp0`I:dlc>83\zQQs'KYn[8LKsM!eg+<[KKh+89<wUV
07-12 09:49:01.696  9316  9316 F crashpad: z?}un_j^HhBVoClFGsgF<`h/_u~gToroC;.W@HSMxBC;P6}v_>w5`E!t@?/\zQ;\Zgnt&fxir`Sg6tv0}PJv]Py`Sd*No:7-cTM9[rwv1eh+z^(sb`61tC{KI_1LmWED1s&s|}<3bR*A[g&l3p)<h}.0lGTq?ALC%e<h.bo3&N<ask's@Frau={{L{;`Fvz7s{Dv$|C3<we8yOVd"Eri^)PA3qn|znA\<_Cu{AZ_pNdUp9Qk"IY+%e=p(W}s0wl,yviX,WIa_sRvnPQg;b0pLQnaY<skUnf5@$HuFI]]pI/j^3{$nkr@bvHF+Pbgbolsg6:T&xZJNL1F$Cq\vFjqBr+qfV%xfh_kxY,x*dTFF95u"C{NJho_Ig,Z5tGfgo)S(Wlw`&A:S4E96~qF's*+bw4>{{tO*b2\`I&P\l+tHJ|`~mR54g|$>j5}almu@\Gv_IUg@C>_qF94WPFlOo$qRlNgBtv0{rc/D-a\irOA9T6`YO^p0F;*BrT-w;BWctaG
07-12 09:49:01.696  9316  9316 F crashpad: D3iur4FLbtqb\)NeLE@9m:Cwkuh0BwkunkH];fWAH[J6D\wtl\k`cE{cgq!n1LRA|`ML@C0bolDK<1|/(_^`K4"KuwJf#xZ(TTmvx]KI!\.xMN;`)xjs!Gs8fd.a#>wVYu4qo?u@]Iuer(kw$k'm,#&0I\cv<oS6ds&xZ(Mj+xZ(h\PZkg82|I&J}`*xr7q*.xood8MP(x60k\(x60w;c4E\nr|OAuxuJf=W'f`As?<'ULBEqM`A^AVdnihv4;trS*KW'G[+Bb55e\rF[A~s@1&x%uAE@q-lX<VT|tN\8w2b@JLa}s_tQjrwd4gaZX,E<1OKzT{wl/IrRGLTS0j^p<$6$k^`F/fT'B[AyPCF|H|o/ksk>Q-b$52Lz@;,&Xfg>ceoBvSY>6mln`1AT0=6dS>c6NkGga_nX1dQ(tXRBJB8yOfdfGBq]cjz}5vrR@|JWit3Bqr=NFBsq}D5Mn"e`Tb/2JOY&Tnu?Wz8mi^w:Zq+bhV`~dn,8gF446ZwaeXU
07-12 09:49:01.696  9316  9316 F crashpad: Dsqbj>^6_!QgVqV:8gl5p]56AF\SXqv@0AU-")&x3^$v&+wa3[)XeoBvQQ\kh+*pJkWt,Z[(9.uQ|q6P$1Cg.0k\dvb7oV{B[@wA$3y_!tV:CS*`\/M@&t.fa0XP(v%q_sW+'{xGsdOi8fnt2d\vh+BLxrG9k{@Bd:Jv&~y`3dD-T.u,0<Cd#cj>Cd^7w]1JosUrO8&1u^r[p4!riKzVGWv0Bw;l>aMpvFs51pw>bR%int^\X7gEzZ:6~]u3VKgF-i1agC=`,tHJ-i's[l_o!z<fyl^n+ZL6~S0WAv8.auei/@DK!dh@1+lz0e56g5?Lf9!clvi8LhpF&*{o'u05xt.($kk'BbEW#%Lt_nNTvl2,)L"A;q%n2v0P)m+EN`I&!`%D^kM`/N81UtSnRZ_sYe>`znd`L3zwtgDR#3`!4_xe;t*P^T#)e_X62M.m+:Qan@iaxa.k~dswNhvXRVRB{o%nT.ved+#x"Jx3=9&nf^_;Ak&GM]0)g5L}6vQR<4(w
07-12 09:49:01.696  9316  9316 F crashpad: JJx1$f&:hQ]mh\@9om$1saW>BceoBv%r%_!C_\i(6WxeemZ7|_dukI1?!CIAzdv0w;3<'}7)\sAZ!C?W'fh\,OSK[(uDNp{p.<\/iK49%u6ANKqQ$frVPqTC46{?.T^dF0kQIZm5(U#1HH)mKKS\U>5fRF'udH-6mHov?QPYr^z%)Z"gfkhs*xAE>JZ`SM>Q<FJ^}ZU=Ds*N>`sr5rK:vuq]V]FsoJ5mrpw/:tTt-PR6rQHQb6|e>\?AnBfI$fkGp]LUs%|e,_K=VhRFpJ]>hEQJO'p\|rY>{{L{kG|s!_9d#1-vOK%d/=bQ@HRMbXzS=Jln&`oorELtk8CGDv2~{oqXi46(EQFemn$aiiJpXPy>JEnpSKp:]i,/MKh0DFJI!2rniZtQr-L;RKk0DF75(U.2V)^`~jRIVC!2<PFn\+HK!2P-nj>4aK8>$8>gVt@0&_71UJZ3aK;/NNL{kG"vW@UB")VKxVZf\<{B[@wAw}:X#)~Ko/\+f:qo^]U#,)|]
07-12 09:49:01.696  9316  9316 F crashpad: \O[*:`FeFo2HR5>h\/yorh7aCveIYk"e_n8g".cTtQRu(F!24JbUt_e1rwdV~FhUP[<J!*Z\r=YnZI~5p1JkZ`aVd6K:^wbi^p6V/@t[+?8bS25,"LUd.VXKR;0^NV~pJlzErM1A"g<6dS>c6NkG|sqi&;rMpi!wUDQJ!qk2rrKIamZGi>?HaifSX9CS>Jab)X2&>cX6(UqYc[(v+&D_nV&p>(_5wprDf,T}.-8^FvW^*\d;0kwoKlDjxY\0dzOarRypu\eQVT^oom_/|g%Hc)rrp^|GrMuuPlwoKlWt"EZfwo}5Z\d;T]e4r3aKCk,jxY^QB6hqT(Z&fEIvW^dmZGi>!IpD&@r*/<+owoKlWt"Ev45,J=tG]X"ewoKlfzy>,flE?qItC^W}yqHenkNR[?zwq%iutl*ZKedEc\Ev0Y:~Zj0e2qr+h0D;jp*@y6~*.H;_$+D?"e-m)*96uudK~~~d74!/VL??"+&l.a0\"Wb5%DHfbiP8*b7Og;rj0af7
07-12 09:49:01.696  9316  9316 F crashpad: gEti4WO?#V;6s3%D)AD2%DVKB+*^Q5Dj7`pbU?TrnG)g=W'fv38w[']l13/j/:_o1rdnL5D>Cs/:T[+n*An~?n^;|O7f.N%eM.4wykK.H4DVnD^K"D<Jg56/w;KoH@7n6gwOQc>VXKR]/k>gVtD6zE>S1A"g<6dS>c6NkG<s7WA]=SqagQt?oVaE3lwAW^tWM.~Ko/(Aj'PJ10%uZ\-4"6.TrrA?"eN.t\!Ppu&6;CeeRL!kM.ju.o`l$CSc.NACyVEYeteeGVzj"Ct_=SjH!kK.f8.H{HbXTA(V.0`sqW@EJX:6~]u3VK{P<{-)O5(p$-Tst*8cFna3\rtzPsMe|GR5&WrhN.>cX6iF?HLs]Ai0=S)oPg:t6P:sMP3-|Q6@YKI*L_{vyQ6@:w:vbI4eptFraVeteeqKSlEr")VdRlypdfFrwa9?T<ys`KGpuQ&eZ0'b9B$t2U&a(pTIFranV1Fr%hTobIpc&J8Vj(7V`u5,^lVu@\/Jhit3Hd2\{kc5
07-12 09:49:01.696  9316  9316 F crashpad: $nIg,x!c!CSl5frVFp>(Fnl(F9k+L_3vq3iFjuf+L_EvFtFr9RTq^l65>q>LEJ2J>dVnpVbIr^]2zd2\V4}4Jhp\3kzYPq^lD,z^Hh4WO?#V;6s3iF)AD2iFVKB+L_Q5Dj7`pbKJTrnGSl=W'fbI8w[']l23%uFrSG_I`R!CSl5frVFp>(R5@4o9dvcpdFji_kZHpI=p~;9W{,mH$jN_zMb*m`>_hM%rmljVRV3w-vsnT<zsPI~j`e_vOmvJ3DPn1T)`BY,muLi\Xt0m6O%YNp2.{w@w)LU=he|`|Qmh(pLyE:({"*#}x*G^O:+wYn"CT+"d6-DD1KNE=_y_@1pYT/{wO(O^./eG\v3CvV+1ag?`wmL]<6$,>q3vWpztjfRJ}n5<Jn>=iVS4{w5O_nbsN@'6uuSB5L"[$whZH}'>8mWgb="m5O3phpd?lvkS*j`Zqu3tR<tKxu7dr+(gMjXIRJUwa=:B`C5u@b@e>H|vK)iJhu|UownV5-ypn<oV'8m5
07-12 09:49:01.697  9316  9316 F crashpad: s#A:sJ(hOQO:Ff1_(%]T`|b.d+cFFuj^e_UI^oo4]tUC6m^T`986]EF?P,'ua8LK(vSwuV~3ANtK|jc3rq3pIZXYEu?k/w4K:LW,hv=_c#_kd2*:|w`urvZK9uS78u6d:EVLPa'LdlargO4/BS!L5wv`@trvgaz^0vNYU5`A3KHeoVznF43<}J]JNs;C$Lsolw`0{/:4R2Vj_^k8~Y`J;Ogw".bc"xWK8M"?Hg~v0t:a\(~w<6<wRLl+OOPe$:3;w^Q,Vl{vOIudn:AHZ2uk"b$/!Geo,sf-&v//NP1aul->"h0WjF:o{i2F]Hv<Oanz+xQA4Rp+#4S/|Vp=(LQrTwl#dvvKypj6@t_1yXrnB)SQ7+#LQm&`wsTY-LlT8]Iil)SKe*>dFiNN>1blVt`2%tTYKK'vQw%~9b?vpp8WyFvvBb*001[5*}O4/qPP/-,lC:YkZ.QJVN}qP\Hwc3QNBH|)tCOk@26_:,;wB@FL2DjK))Kah7pKP)QMip*o1{2u
07-12 09:49:01.697  9316  9316 F crashpad: bs30&Dro|i@}_JY~J*FHY>p,VK86Bb'sT0_w4>{{tO*bfV`A)Aw)(mJ.(b8U\wl/F9,w>Ps~nd*I.gHFB/4SW.\s+xEXrFMN2L'e}wLp(esQn+`/2JoY0IhDqKpwa82khv7<NPC5Sa\n`eeLRdR6-5Sh>`4w<W1aDG`g$fG},`("}KDL{Wp9$+CSavHe!_BB,sY_Bw*5W]v:Ovx+LgCL[n*C.8ftcEe9vDxM@pam?w*e|G6w*eflvLD@E6gi4]HkrQ#\e_W6N]S+k0CL]/huc#T[gp|gAucpxt3<pi.mGPk\&TS+)_HWl7wMjghm(]*vpvK_*v0Ko00AvR/mBCH5yiHW\?`*ZGz;>TZ^HW2:VLoYo`hw_rR3>&u<>q"[B~%Lj+tFaVpA_\[Q7WxeemZ7|_hw_r(.>&}P_u4lIw2m:p^#v|Q5N_7`nbOYf\?+mu@\iw_r"W0e7+ma3tB.E(9`sy:>4n_sLv{>"efzy>Z5B2Asla7X_q}w31>X;_l:]fyN
07-12 09:49:01.697  9316  9316 F crashpad: Mo|!nk~FIw:BB0y0{'*1.xi[+Whg8+/LRu@\Aw73rk@];f-<dw(uW^:W{/[msq79gMJkjcjK%b[S,lmFdCnaBS:>5_8EJ@.Zxl9e-<.Ruq*,\G:W[Jz'^+76bi/KY6"JyuaNzn7g<szglKw{Z`j'8&*;T=*VKXBSZk4v-<y>JeN`9X}PlKe*>8/_HMCdjK'3V*Th(_RB>u3LKG"udn&`{tdnrF&dMF&uPDF<BeBk^@iKWC.:(uVwA,F6*?!WJi'EJ~0<Gs5j]pE:CS3vkv_^+Whg8+=WK6~SW.m+M6`|Z`x~t@Li@W?j]hlK5byd-<.x-19;!"
07-12 09:49:01.697  9316  9316 F crashpad: -----END CRASHPAD MINIDUMP-----
07-12 09:49:01.732  8437  8437 F libc    : Fatal signal 11 (SIGSEGV), code 1 (SEGV_MAPERR), fault addr 0x670000004e in tid 8437 (ibekey.keyboard), pid 8437 (ibekey.keyboard)
07-12 09:49:02.163  9333  9333 E DEBUG   : failed to read /proc/uptime: Permission denied
07-12 09:49:05.664  9333  9333 F DEBUG   : Process name is com.vibekey.keyboard, not key_process
07-12 09:49:05.664  9333  9333 F DEBUG   : keyProcess: 0
07-12 09:49:05.664  9333  9333 F DEBUG   : *** *** *** *** *** *** *** *** *** *** *** *** *** *** *** ***
07-12 09:49:05.664  9333  9333 F DEBUG   : Build fingerprint: 'OnePlus/OnePlus7Pro/OnePlus7Pro:12/SKQ1.211113.001/P.202303230244:user/release-keys'
07-12 09:49:05.664  9333  9333 F DEBUG   : Revision: '0'
07-12 09:49:05.664  9333  9333 F DEBUG   : ABI: 'arm64'
07-12 09:49:05.664  9333  9333 F DEBUG   : Timestamp: 2026-07-12 09:49:02.162772825-0400
07-12 09:49:05.664  9333  9333 F DEBUG   : Process uptime: 0s
07-12 09:49:05.664  9333  9333 F DEBUG   : Cmdline: com.vibekey.keyboard
07-12 09:49:05.664  9333  9333 F DEBUG   : pid: 8437, tid: 8437, name: ibekey.keyboard  >>> com.vibekey.keyboard <<<
07-12 09:49:05.665  9333  9333 F DEBUG   : uid: 14256
07-12 09:49:05.665  9333  9333 F DEBUG   : signal 11 (SIGSEGV), code 1 (SEGV_MAPERR), fault addr 0x670000004e
07-12 09:49:05.665  9333  9333 F DEBUG   :     x0  0000007900000074  x1  00000071f24b3978  x2  b40000708e17c800  x3  000000716aac2370
07-12 09:49:05.665  9333  9333 F DEBUG   :     x4  0000007fc1eb1980  x5  b4000071718ab600  x6  b400007171811270  x7  0000007fc1eb1a88
07-12 09:49:05.665  9333  9333 F DEBUG   :     x8  0000006700000066  x9  200c4eb50c0526fe  x10 0000000000000007  x11 b40000708e17c800
07-12 09:49:05.665  9333  9333 F DEBUG   :     x12 0000007fc1eb0528  x13 00000071f24b3979  x14 0000000000000005  x15 00000000ebad6a89
07-12 09:49:05.665  9333  9333 F DEBUG   :     x16 00000070ea928cfc  x17 0000007fc1eb1900  x18 0000007217522000  x19 b40000708e17c800
07-12 09:49:05.665  9333  9333 F DEBUG   :     x20 0000000000001130  x21 b40000708e17d930  x22 0000007900000074  x23 0000006700000066
07-12 09:49:05.665  9333  9333 F DEBUG   :     x24 000000716af1dc40  x25 0000007fc1eb1a10  x26 b400007171811270  x27 b4000071719aed00
07-12 09:49:05.665  9333  9333 F DEBUG   :     x28 0000007fc1eb1910  x29 0000007fc1eb18c0
07-12 09:49:05.665  9333  9333 F DEBUG   :     lr  000000716aac23a4  sp  0000007fc1eb18c0  pc  00000070ea928d5c  pst 0000000080000000
07-12 09:49:05.665  9333  9333 F DEBUG   : backtrace:
07-12 09:49:05.665  9333  9333 F DEBUG   :       #00 pc 00000000000a3d5c  /data/app/~~Q36uUzwnbEcCP6QHYjFJNw==/com.vibekey.keyboard-n5bvKWp1HgcUlhYGmdgYHw==/lib/arm64/libjni_latinime.so (BuildId: f905dbd1a904967a994cf833116e517b05caa863)
07-12 09:49:05.665  9333  9333 F DEBUG   :       #01 pc 00000000002c23a0  /apex/com.android.art/lib64/libart.so (art_quick_generic_jni_trampoline+144) (BuildId: cecb684d19b4f44ee3cbd66142c315f4)
07-12 09:49:05.665  9333  9333 F DEBUG   :       #02 pc 000000000072b39c  /apex/com.android.art/lib64/libart.so (nterp_helper+780) (BuildId: cecb684d19b4f44ee3cbd66142c315f4)
07-12 09:49:05.665  9333  9333 F DEBUG   :       #03 pc 000000000018443e  /data/app/~~Q36uUzwnbEcCP6QHYjFJNw==/com.vibekey.keyboard-n5bvKWp1HgcUlhYGmdgYHw==/oat/arm64/base.vdex (com.android.inputmethod.latin.DicTraverseSession.a+22)
07-12 09:49:05.665  9333  9333 F DEBUG   :       #04 pc 000000000072b884  /apex/com.android.art/lib64/libart.so (nterp_helper+2036) (BuildId: cecb684d19b4f44ee3cbd66142c315f4)
07-12 09:49:05.665  9333  9333 F DEBUG   :       #05 pc 0000000000183fe8  /data/app/~~Q36uUzwnbEcCP6QHYjFJNw==/com.vibekey.keyboard-n5bvKWp1HgcUlhYGmdgYHw==/oat/arm64/base.vdex (com.android.inputmethod.latin.BinaryDictionary.a+84)
07-12 09:49:05.665  9333  9333 F DEBUG   :       #06 pc 000000000072b884  /apex/com.android.art/lib64/libart.so (nterp_helper+2036) (BuildId: cecb684d19b4f44ee3cbd66142c315f4)
07-12 09:49:05.665  9333  9333 F DEBUG   :       #07 pc 0000000000173f7a  /data/app/~~Q36uUzwnbEcCP6QHYjFJNw==/com.vibekey.keyboard-n5bvKWp1HgcUlhYGmdgYHw==/oat/arm64/base.vdex (b9.o.a+22)
07-12 09:49:05.665  9333  9333 F DEBUG   :       #08 pc 000000000072b884  /apex/com.android.art/lib64/libart.so (nterp_helper+2036) (BuildId: cecb684d19b4f44ee3cbd66142c315f4)
07-12 09:49:05.665  9333  9333 F DEBUG   :       #09 pc 0000000000170dc6  /data/app/~~Q36uUzwnbEcCP6QHYjFJNw==/com.vibekey.keyboard-n5bvKWp1HgcUlhYGmdgYHw==/oat/arm64/base.vdex (b9.e.a+34)
07-12 09:49:05.665  9333  9333 F DEBUG   :       #10 pc 000000000072b884  /apex/com.android.art/lib64/libart.so (nterp_helper+2036) (BuildId: cecb684d19b4f44ee3cbd66142c315f4)
07-12 09:49:05.665  9333  9333 F DEBUG   :       #11 pc 00000000005e7518  /data/app/~~Q36uUzwnbEcCP6QHYjFJNw==/com.vibekey.keyboard-n5bvKWp1HgcUlhYGmdgYHw==/oat/arm64/base.vdex (v8.r.b+152)
07-12 09:49:05.665  9333  9333 F DEBUG   :       #12 pc 000000000072b884  /apex/com.android.art/lib64/libart.so (nterp_helper+2036) (BuildId: cecb684d19b4f44ee3cbd66142c315f4)
07-12 09:49:05.665  9333  9333 F DEBUG   :       #13 pc 00000000005e6762  /data/app/~~Q36uUzwnbEcCP6QHYjFJNw==/com.vibekey.keyboard-n5bvKWp1HgcUlhYGmdgYHw==/oat/arm64/base.vdex (v8.p.e+58)
07-12 09:49:05.665  9333  9333 F DEBUG   :       #14 pc 000000000071dc6c  /apex/com.android.art/lib64/libart.so (nterp1_op_invoke_static+44) (BuildId: cecb684d19b4f44ee3cbd66142c315f4)
07-12 09:49:05.665  9333  9333 F DEBUG   :       #15 pc 00000000003b366e  /data/app/~~Q36uUzwnbEcCP6QHYjFJNw==/com.vibekey.keyboard-n5bvKWp1HgcUlhYGmdgYHw==/oat/arm64/base.vdex (helium314.keyboard.latin.LatinIME.onDestroy+222)
07-12 09:49:05.665  9333  9333 F DEBUG   :       #16 pc 000000000253aaa8  /memfd:jit-zygote-cache (deleted)
07-12 09:49:10.751  9375  9375 E ibekey.keyboar: Unknown bits set in runtime_flags: 0x40000000
07-12 09:49:10.904  9375  9375 W i0      : Could not load system glide typing library jni_latinimegoogle: dlopen failed: library "libjni_latinimegoogle.so" not found
07-12 09:49:10.996  9375  9375 W u       : No editor info for this field. Bug?
07-12 09:49:11.007  9375  9375 I VkMultilingual: reset main=pt-BR locales=[pt,it] count=2
07-12 09:49:11.052  9375  9375 W ibekey.keyboar: ClassLoaderContext classpath size mismatch. expected=1, found=0 (DLC[];PCL[base.apk*2502948536]{PCL[/system/framework/org.apache.http.legacy.jar*3034548894]#PCL[/apex/com.android.extservices/javalib/android.ext.adservices.jar*4107572224]#PCL[/system/framework/com.android.location.provider.jar*3633238672]#PCL[/system/framework/com.android.media.remotedisplay.jar*3472798123]#PCL[/apex/com.android.extservices/javalib/android.ext.adservices.jar*4107572224]} | DLC[];PCL[])
07-12 09:49:11.072  9375  9375 W System  : ClassLoader referenced unknown path: 
07-12 09:49:11.082  9375  9375 W ibekey.keyboar: ClassLoaderContext classpath element checksum mismatch. expected=2502948536, found=1963999691 (DLC[];PCL[base.apk*2502948536]{PCL[/system/framework/org.apache.http.legacy.jar*3034548894]#PCL[/apex/com.android.extservices/javalib/android.ext.adservices.jar*4107572224]#PCL[/system/framework/com.android.location.provider.jar*3633238672]#PCL[/system/framework/com.android.media.remotedisplay.jar*3472798123]#PCL[/apex/com.android.extservices/javalib/android.ext.adservices.jar*4107572224]} | DLC[];PCL[/data/app/~~Q36uUzwnbEcCP6QHYjFJNw==/com.vibekey.keyboard-n5bvKWp1HgcUlhYGmdgYHw==/base.apk*1963999691]{PCL[/apex/com.android.extservices/javalib/android.ext.adservices.jar*4107572224]})
07-12 09:49:11.210  9375  9375 W VkStall : MAIN-THREAD STALL 176ms during: >>>>> Dispatching to Handler (android.os.Handler) {29261ff} v8.a@c699bcc: 0
07-12 09:49:11.247  9375  9375 E ibekey.keyboar: ofbOpen failed with error=No such file or directory
07-12 09:49:11.247  9375  9375 E ibekey.keyboar: sysOpen failed with error=No such file or directory
07-12 09:49:11.285  9375  9420 W Ads     : Update ad debug logging enablement as false
07-12 09:49:11.330  9375  9375 E MultiApp.Impl: OplusMultiAppImpl
07-12 09:49:11.398  9375  9452 W libc    : Access denied finding property "ro.vendor.api_level"
07-12 09:49:11.402  9375  9375 W chromium: [WARNING:android_webview/browser/network_service/net_helpers.cc:137] HTTP Cache size is: 20971520
07-12 09:49:11.449  9375  9375 W VkStall : MAIN-THREAD STALL 163ms during: >>>>> Dispatching to Handler (com.google.android.gms.ads.internal.util.f) {c9e04b5} com.google.android.gms.ads.internal.js.r@d799e16: 0
07-12 09:49:11.458  9375  9489 W libc    : Access denied finding property "vendor.camera.aux.packagelist"
07-12 09:49:11.458  9375  9489 W libc    : Access denied finding property "vendor.camera.aux.packagelist"
07-12 09:49:11.459  9375  9388 W libc    : Access denied finding property "vendor.camera.aux.packagelist"
07-12 09:49:11.467  9375  9375 I VkSwipe : ○ gesture canceled
07-12 09:49:11.469  9375  9375 E OplusCustomizeRestrictionManager: sInstance is null, start a new sInstance
07-12 09:49:11.484  9375  9375 I VkEffects: reload anim=scale blur=562px glow=true stickers=true
07-12 09:49:11.509  9375  9398 I VkVibeCards: loaded 4 cards (disk)
07-12 09:49:11.561  9375  9375 I VkTyping: ▶ open restart=false pkg=com.android.launcher inputType=589825
07-12 09:49:11.699  9375  9375 W VkStall : MAIN-THREAD STALL 235ms during: >>>>> Dispatching to Handler (com.android.internal.os.HandlerCaller$MyHandler) {4964e53} null: 60
07-12 09:49:11.709  9375  9461 W cr_media: BLUETOOTH_CONNECT permission is missing.
07-12 09:49:11.711  9375  9461 W cr_media: getBluetoothAdapter() requires BLUETOOTH permission
07-12 09:49:11.711  9375  9461 W cr_media: registerBluetoothIntentsIfNeeded: Requires BLUETOOTH permission
07-12 09:49:11.737  9375  9375 W View    : requestLayout() improperly called by android.widget.LinearLayout{e291d08 V.E...... ......ID 0,1868-1440,2818 #7f0a00f8 app:id/main_keyboard_frame} during layout: running second layout pass
07-12 09:49:11.830  9375  9464 E chromium: [ERROR:third_party/crashpad/crashpad/util/file/directory_reader_posix.cc:43] opendir /data/user/0/com.vibekey.keyboard/cache/WebView/Crashpad/attachments/935de3f4-c8d5-434b-b3f0-0b92c89ea1e9: No such file or directory (2)
07-12 09:49:11.833  9375  9464 W chromium: [WARNING:third_party/crashpad/crashpad/handler/minidump_to_upload_parameters.cc:67] duplicate annotation name ptype, discarding value browser
07-12 09:49:11.846  9375  9471 W AudioCapabilities: Unsupported mime audio/ffmpeg
07-12 09:49:11.847  9375  9471 W VideoCapabilities: Unsupported mime video/ffmpeg
07-12 09:49:11.847  9375  9471 W VideoCapabilities: Unrecognized profile/level 0/3 for video/mpeg2
07-12 09:49:11.847  9375  9471 W VideoCapabilities: Unrecognized profile/level 0/3 for video/mpeg2
07-12 09:49:11.895  9375  9441 E BLASTBufferQueue: BLASTBufferItemConsumer::onDisconnect()
07-12 09:49:12.664  7574  7595 I OnDeviceAssist: warm ok model=qwen2.5-0.5b-instruct-q4_0.gguf ambient=0 chars 0ms
07-12 09:49:14.195  9375  9410 W p       : Failed to build runtime SymSpell for pt
07-12 09:49:14.195  9375  9410 W p       : ta.y0: l1 was cancelled; job=l1{Cancelling}@61d6375
07-12 09:49:14.199  9375  9410 W p       : Failed to build runtime SymSpell for it
07-12 09:49:14.199  9375  9410 W p       : ta.y0: l1 was cancelled; job=l1{Cancelling}@dc8437b
07-12 09:49:14.221  9375  9441 E BLASTBufferQueue: BLASTBufferItemConsumer::onDisconnect()
07-12 09:49:14.238  9375  9375 I VkTyping: ○ hidden
07-12 09:49:17.091  9375  9375 W u       : No editor info for this field. Bug?
07-12 09:49:17.098  9375  9375 I VkMultilingual: reset main=pt-BR locales=[pt,it] count=2
07-12 09:49:17.159  9375  9375 I VkSwipe : ○ gesture canceled
07-12 09:49:17.218  9375  9375 I VkTyping: ▶ open restart=false pkg=com.android.launcher inputType=589825
07-12 09:49:17.283  9375  9375 W VkStall : MAIN-THREAD STALL 126ms during: >>>>> Dispatching to Handler (com.android.internal.os.HandlerCaller$MyHandler) {12f47b1} null: 60
07-12 09:49:17.302  9375  9375 W View    : requestLayout() improperly called by android.widget.LinearLayout{c7799a3 V.E...... ......ID 0,1868-1440,2818 #7f0a00f8 app:id/main_keyboard_frame} during layout: running second layout pass
07-12 09:49:18.193  7574  8126 I OnDeviceAssist: warm ok model=qwen2.5-0.5b-instruct-q4_0.gguf ambient=0 chars 0ms
07-12 09:49:18.373  9375  9542 I VkSuggestions: decode typedLen=1 candidates=18 locales=2 21,5ms
07-12 09:49:18.374  9375  9542 W VkSuggestions: slow frame 21,5ms locales=2 typedLen=1 candidates=18 parallelWait=21,4ms
07-12 09:49:18.376  9375  9542 I VkSuggestions: strip composing typedLen=1 candidates=18 autocorrect=false top=h locale=pt
07-12 09:49:18.563  9375  9542 W VibeKeyProfiler: Slow Native Suggest: Total=9.90ms | Init=0.13ms | TrieExpand(x14)=9.66ms | Scoring=0.10ms | inputSize=2
07-12 09:49:18.574  9375  9542 I VkSuggestions: decode typedLen=2 candidates=18 locales=2 22,2ms
07-12 09:49:18.575  9375  9542 W VkSuggestions: slow frame 22,2ms locales=2 typedLen=2 candidates=18 parallelWait=22,1ms
07-12 09:49:18.576  9375  9542 I VkSuggestions: strip composing typedLen=2 candidates=13 autocorrect=false top=hg locale=pt
07-12 09:49:18.768  9375  9542 I VkSuggestions: decode typedLen=3 candidates=17 locales=2 9,7ms
07-12 09:49:18.770  9375  9542 I VkSuggestions: strip composing typedLen=3 candidates=14 autocorrect=false top=hgg locale=pt
07-12 09:49:19.051  9375  9542 I VkSuggestions: decode typedLen=5 candidates=17 locales=2 8,0ms
07-12 09:49:19.052  9375  9542 I VkSuggestions: strip composing typedLen=5 candidates=17 autocorrect=false top=hggei locale=pt
07-12 09:49:19.220  9375  9542 I VkSuggestions: decode typedLen=6 candidates=17 locales=2 1,9ms
07-12 09:49:19.221  9375  9542 I VkSuggestions: strip composing typedLen=6 candidates=15 autocorrect=false top=hggeii locale=pt
07-12 09:49:19.468  9375  9542 I VkSuggestions: decode typedLen=8 candidates=5 locales=2 1,8ms
07-12 09:49:19.470  9375  9542 I VkSuggestions: strip composing typedLen=8 candidates=6 autocorrect=false top=hggeiifh locale=pt
07-12 09:49:19.695  9375  9542 I VkSuggestions: decode typedLen=9 candidates=18 locales=2 7,6ms
07-12 09:49:19.696  9375  9542 I VkSuggestions: strip composing typedLen=9 candidates=16 autocorrect=false top=hggeiifhh locale=pt
07-12 09:49:19.887  9375  9542 I VkSuggestions: decode typedLen=10 candidates=17 locales=2 10,0ms
07-12 09:49:19.889  9375  9542 I VkSuggestions: strip composing typedLen=10 candidates=15 autocorrect=false top=hggeiifhhf locale=pt
07-12 09:49:20.078  9375  9542 I VkSuggestions: decode typedLen=11 candidates=17 locales=2 13,3ms
07-12 09:49:20.080  9375  9542 I VkSuggestions: strip composing typedLen=11 candidates=15 autocorrect=false top=hggeiifhhfk locale=pt
07-12 09:49:20.610  9375  9375 I VkSwipe : ▶ gesture started locale=pt-BR
07-12 09:49:20.626  9375  9542 W VibeKeyProfiler: Slow Native Suggest: Total=8.93ms | Init=0.07ms | TrieExpand(x4)=8.81ms | Scoring=0.05ms | inputSize=3
07-12 09:49:20.637  9375  9542 I VkSuggestions: decode typedLen=3 candidates=18 locales=2 20,5ms
07-12 09:49:20.637  9375  9542 W VkSuggestions: slow frame 20,5ms locales=2 typedLen=3 candidates=18 parallelWait=20,4ms
07-12 09:49:20.647  9375  9542 W VibeKeyProfiler: Slow Native Suggest: Total=8.13ms | Init=0.06ms | TrieExpand(x4)=8.03ms | Scoring=0.03ms | inputSize=15
07-12 09:49:20.657  9375  9542 I VkSuggestions: decode typedLen=0 candidates=18 locales=2 19,0ms
07-12 09:49:20.657  9375  9542 W VkSuggestions: slow frame 19,0ms locales=2 typedLen=0 candidates=18 parallelWait=18,9ms
07-12 09:49:20.732  9375  9542 I VkSuggestions: decode typedLen=3 candidates=18 locales=2 20,4ms
07-12 09:49:20.732  9375  9542 W VkSuggestions: slow frame 20,4ms locales=2 typedLen=3 candidates=18 parallelWait=20,1ms
07-12 09:49:20.750  9375  9542 I VkSuggestions: decode typedLen=0 candidates=18 locales=2 17,7ms
07-12 09:49:20.751  9375  9542 W VkSuggestions: slow frame 17,7ms locales=2 typedLen=0 candidates=18 parallelWait=17,5ms
07-12 09:49:20.838  9375  9542 I VkSuggestions: decode typedLen=3 candidates=18 locales=2 9,7ms
07-12 09:49:20.852  9375  9542 I VkSuggestions: decode typedLen=0 candidates=18 locales=2 14,0ms
07-12 09:49:20.972  9375  9542 I VkSuggestions: decode typedLen=4 candidates=18 locales=2 9,4ms
07-12 09:49:20.985  9375  9542 I VkSuggestions: decode typedLen=0 candidates=18 locales=2 12,7ms
07-12 09:49:21.090  9375  9542 I VkSuggestions: decode typedLen=4 candidates=18 locales=2 10,7ms
07-12 09:49:21.102  9375  9542 I VkSuggestions: decode typedLen=0 candidates=18 locales=2 11,8ms
07-12 09:49:21.321  9375  9542 I VkSuggestions: decode typedLen=4 candidates=18 locales=2 10,9ms
07-12 09:49:21.333  9375  9542 I VkSuggestions: decode typedLen=0 candidates=18 locales=2 11,4ms
07-12 09:49:21.459  9375  9375 I VkSwipe : ▶ gesture started locale=pt-BR
07-12 09:49:21.558  9375  9542 I VkSuggestions: decode typedLen=2 candidates=17 locales=2 18,1ms
07-12 09:49:21.558  9375  9542 W VkSuggestions: slow frame 18,1ms locales=2 typedLen=2 candidates=17 parallelWait=17,9ms
07-12 09:49:21.571  9375  9542 I VkSuggestions: decode typedLen=0 candidates=18 locales=2 12,9ms
07-12 09:49:21.595  9375  9375 I VkSwipe : ✓ gesture points=9 decodedLen=2 candidates=16 top=EW 135ms
