06-22 16:03:48.477 23914 23914 F crashpad: WP/p(_ev,_xS7O@F$sShe,so^GI6p=WC-ZFaH!fj<?:Y"ttY~Q:cOaF?&wz;(fk;%$hw}+p=:c-HS89\*R6XV+frJN>w|6-HW+<QS5Qw#P6:"6yMZdbN-8p}PqoCr|163'(QPqulsdRFI/!3#Ka0IKU+2hP1!2!>wjHeBWRB'MBwYN07&a_T}c6>oX`IGmLX2W8w~%VR22FS2:?pk%y$LwHc]cHWF%]K+-xxaK'Lz"KJo0o]^`MWQ[+Igp1a4[/tSEHLIeJbv5/QPyggl&'o:0{/3vw:lS3kfb<wlf^Ph:2KNi2id)tBwaKQsJ6>=5Q`^DvO4(6d{c<u^c1LV<\"Jyw`bQd`5ME*Fu]E[gtgoiA^XCgIQ^H#qu.e}^vbu~QJ>CBra~do:/U]XeNJ*kUmNjyJHn(M0J0-DNn~N$,ZS5<q~.?GlxN88+>mt{6+(RBVgX<zdzE1fU{NzMZd>N-8p}PUw$Qnh,p(Iw}7wnq+zay$eDa0;nTBM*@wk>;UB9'+
06-22 16:03:48.477 23914 23914 F crashpad: Ri6DBlh97bu*!^^@-Q*N1-LzK9Cl@e1+:=MXtQ4Dld&Vd5nWa67aS+.T~eBYdCO)ro&O:lXl"%04aI]`%LCXRKfQTa<`1_ts!/C3XlB$Jf>vY[\5kE:.O@UVwJ\R7{6&C9mmj!z>Qmxx9ooV}Q/n&sQ<9_GK&(aq(tdg:mVH@Lr*)_`Sgv}AE@5s;,E\HILKu;GAIg\c];?twOdO:Y^VCvUXe04H+/<q[DUlgVFD^gV!%G`?l_0v+/_taRyG1*?RTo9u#qPlkP:j&s`[PP}tTLP^<W7YH6b42rU0J?8OfiV:~J+F@v,l2K+F8:-H6L"=l>D(<q"/?GJ7>1Arrni>em|x9oKw#Y;}GHUGP:e\SIpOL{-8>tdTgFQn`JJ_Zc6N{b(]%K661bUI>nPB1d\l[07wkr1+~iq:7t{SdTHJVf?q9l_.<7`:/Aq)8=2LLbRB0LF?P4N`iKlo!uh?45(bGr+ghKRfu`8m/Lx`sY,g=uFOCAfjBJzvz;2Kk;3{J6X<
06-22 16:03:48.477 23914 23914 F crashpad: s\oK]T~.?G6M7~bv38RA2gj'tR.l.<a=S,1*!lyRjXpg+7J6Px.hZK:N#F4/nKEB1Ve4,oJl{GRW2[74T?*@7Mpukv*D5se1>Q1L?DoqET2u.6LEJj=l64]K9kcc6HJ?(A+SNvhd=SboT},S!t3`:OtmJ/ync\@FK..D"kL.:~<o6w$j7_=SmG.3Hq69C-oJ3J[l`2Tk)0/:3JnKjf0d|m$XCF$`^l6foV+tB`Wr|us]x;7{$]BS74:B4A7M0Up^+JyT-xL5dF4A=dTqYpU0W-]Ku)CCL;@Af^,GLS9vJdN^trq7f@sra/T;pVmQF_pr{lnHQnjaTw%Z3K^F6nxx5=rK]T~.?G6M7~bvR4L(|I}6-Hlw_;8yrN?_pnc3u4&J!h.psa&T@gW5B-UML.NGK__^MyX)Up+JyT]gR~paCicTdXe0<6*f,<>AdJ%Tkv'^j\!OA3"t,li=Md4qM,*KBoji>Q(vUFWCb+BGHAN;?_`bQ6*f^Y%1ZrN.(JZ3Ta#S
06-22 16:03:48.477 23914 23914 F crashpad: 7{6&8bw`zV~[=c^"DfhvEU/#(}5jpn;?kS*a(pVH"mTgm]nF7{L19.m%@3'otIPOwMv3dZW{Vpo.<I%T?p(^j\o~0Lt,v8DJ%T#n4E<1Ju.Wh-)vOsSKd@)dhGs;H=0b=Y{jmtF>v'|ql[Yw%Z+o{j}tzx5=j{:o'PC@&,tcHwvP1dmV'R.l&xi<Em$XCF$`xQTBw;-v`@CuB2Kq=S-c6)<'@H"h4otII\6c=Sq=PPX)taM|.$tFlmPd%kn@/FB2L.vcHi=Skv5se1W-4sgBbTRn5m;rP5cK@*eeAu.5ynMs`5F9m\LP.$e:(J]T~.?G6M7~bv~jF(|I}6-Hlwqt6yrN?_pnc371&J!h.psa&THfW5B-UML.NGssnZMy0Uqa+JyT-BL.<4q;7F<o]JJ7IH2Kin3ac'Qw\nXuTL.v$b,GLNNx=S]*D.'u.H~K@kV\^.*R_a7/N3)6TTB%tcT(M63=5}aU`=7<Dk*9SNe(@U%/`6Tq$)sl{d;?,sylOV(s
06-22 16:03:48.477 23914 23914 F crashpad: s/*s=NSK9:^r.imdt5s;_%Vt-5&+VtMuvVU.ce=dn"JY-:]T~.?G6M7~bv&k|JxWsK{x9oKwYq)#h}q(qnk7q~*a)pVH"mZfQB(A2'xA7>[*.1dSHmRod'Z\;=$03[!gOt6J__-DZ._J&fkg3"dcZ6P@\r-=;A4vp+b.RBfwhh3K4_=4GCPv2FPv/fqtl?Ww),G[P0Aw-jq*3hFL"s@5"<naZs}lFp?k-6e2P9mmDM%Z/48oBXJKwz>D/KHp4IGfqnR64@#e=dZ"JY39v-2'L+=+bI`1V=VCj.1a}avTAB#b(dn/$67t\~D{-8>tbcM}fuc9O,(d<0FwR7%Kl-R4nK?tHd|c3PHwbg_fsq$+Ea*_0IMwH&21Q|Wft\`Y'nELtL$sQj*m^4^r*~UvYYNK\OrB:b3k'k1uh9GQ\A-U0lv,$FgvD-`_n8_GiwKe'lv,H8KwhRNMjwKeIo/)Pd!A"PV>'K4-pG^Pkvo0hvD-jd>1]fsmV73l4GR4FwhR<nLB
06-22 16:03:48.477 23914 23914 F crashpad: 1dpV[0T?cv8r9*6Lt`~_~p{71bQlIsx>6@|"J~FLze.sGryq8m=S8q9*4Lt`LnS[(g/rV`&Fgv8r3Gpidd\v8ranS[P;{l~H2>Gl~H@UFw[I4yrN?_pn=Pr|3LFy.hZKpidd\v8r'qK.NGScGExe*rV`\1W-!>7n:ITiH-+J),HFO5dFstz(r/;J#Jc9o:jv#:f+qVyKj6uULO1b0k2Y;AULL5N+sY,g=u&SpJYsBs`5.m$IC9[r|-RwKavt+-2'L+=+bI`1.s2dnK)Y%1Zr|-(J)as'.\-u-'O+!mz:K6g:J6/2fFwG`1P|L1W-1gDT&0bbB8i+U5|:L<=SY=)I?v^fw;qX*\K.8T6D{!DVh=GghYL.`p<]K.4@<OgVj>(LcS~h:W#d~I57u/BblVcdB^pri3V,@si34boZVp,FT5~+p=ff-HS89\*R"n~a663dmV'R.lZrk=S,1*!lyR"t5O'nV7.X6v}@U,@sGRw$x;{m[`qJ^#J~S6+JyT%~=Sq=
06-22 16:03:48.477 23914 23914 F crashpad: Yp8t-)^<JT!m~HHAT+dJpiJu~CXAp*EjOrV`B\t1]@lcH]e0?QHwa\7fE6#\eDtdXjat*`Hwa\5:-HJ6%=l>j{dt!(f_kW/)8ufsEF+a((~jEdhvCJ*w#Vm`3#(}5jpn+7'5&J"h.psavTDg/ad>wQT7~7PTt'.4rY56u30p8)j~8(zI:TW5z2wY)Z1s,8U>yB(d&f3Ztc?w%jqlgh-&E>WAU>n0\\d+CTkKHg+cj/nq"(8uhs}EvJAn.P&uMQ;LR=jn|j}t{x5=pV:o'PC@&,tcHwa54PxJ}L9oKwa5*#v|idpnk7-(\u!h.psa(U.dCKB-UM21NGtsn>7MlOS6auyTMR21Dr:$a64pKZ9^8)1AkPr.irN6.,/mK8O)=DAt=`fQ6s*py1(K;g9m~PmD=#LubJN<69eoln]n"2LZ#4Bv9Ik=ADt/eK#7Cc[E+oF[Yn]aYz;uaqdPxmlZM(E7en[n4+tT,mq-N$?p^opGx*}I,rL+e+KY2bcsC68}/V/U
06-22 16:03:48.477 23914 23914 F crashpad: JwKy^cnk<3=d{`M_T1FU^JgjVrOJ=J4({/[Oy3Fn+q`d^6*hSdhNt3,L&@&W9\ekfn|$wt3p`p<]2b-h>Pievc%rH{D+c\R6#H'X]5f\{UVr;Aco,PyJot.nf~T,$edskl(qeQUkd!e:Bw-1~<]mKy7~yJ7x|/MqB!Df|Jq%/d|m|W;Bikn6!E+8S6+|5O|BMlWd68a0au=GZOj5t^t(3O/h(]T,q=zELO4nl%qp2^>u6.CgRk1s.7"CFn"PJwJBacQ0-XoFmrL6/HoYMcZ*!PD;I}NfdsI+-qeQ;nrx5="{:o'PC@&,>8.6=mt{,6'RBV5O^W;}YAUG7p[#/4BK'pVH&s|N'k{7X+7{L1U,OFni\wnehrz}wMJ}=C&n6:]`X6OJ7wSC:K7HfI*Qt#vQXF.X'T8KDS66J}MLLM"JTf$VY|"Jr'hUU+A2Jf>v)\\5aPt#e:r/-1~<]mKy7~;KKbN(Ou{6-HW+ED/sYuf.?)&uK&(Q${-8p}"J`fI*cua9
06-22 16:03:48.477 23914 23914 F crashpad: +zJ}m_HJg[-`+63X"B+8e]*sz=vYG9/W6(%wIl[d4hZ6UAZ4#[+L.Xkv'^l+#}A3DuB``=K7]FXuvFEuX{RLZCb+GI]P*+xA>j,oQrVH</DfJwC=l>X6<q"/?GJ7>1'u@;>W_djH,/0@YaHEOs'Kpi/n&sS<[`Sqb(AKBaHEK6g:2bef~7xj43lmaPL{{b{wZ4Z+r\?=$c#V?tYJpiJ;.mj[mQo^2OUk*$,<BEpia`LxnQ/6~80C4C~1rFm24-rLCAfj@?,wz;Hvk;%$P+~+p=Pb-HS89\*R6XV+erJNz5}6-HW+w1(Jsvr'fP#KszZd"N-8p}.psCr|161'zrx><mk;yo&>'MLOS6auwTMRI}D0O9PhZqj2\VEn/d"^tUMJOJ?gxC!eGkFM3wLN$TIK3^Op+nona*"HJ#+DVkG98R~Flv@j\S,Wx;R}MyBDX=8=FAMb0Af)12R{[='Xh?@!aRpX<Gu.O9\gu$^K[ZnojCoXx%H`*\}Z+Xj+s5'T*p""
06-22 16:03:48.477 23914 23914 F crashpad: [uY,_#1<VrK<mXkI54A\_WGF'|GK/UR"9O/a4wmY*8I6FXJ9}oB<]pje<cLfIL}t!w3fL{,7T._GV|#$~xq4uqZ4{n^Qq'r:Ph("?+76[t;|<g5iwjh=cdCC_6N%SA0Rk/?a4?,<MpP@&1Jb`vtt;(et.H|Fl6/iFL-,bs.GGDa#/4~o{mz:==~Xf++NL1A"5j3dTwY7qF*dz6&L\.ZIv:fe1spgQ.wvs:M,-8ZSpm&0z].hMuT:0d*p'g)j1*R|8]Uq*DsFJ"wwtqotDj{v+!KH+{.h(x]@C/W]uK&7#%N6oX^HL,L}!P8]!;@Dmv/8-8V,0Y>(P6^dpUK6ES\;a#PuJ1A"h*-sn6voyKw<S;yQTu,fpl;W:<eDa#G`e+_#Su,f:A4c?HL6{$'b1,D4f+OMLw\DDf.G\(8M8K,!0<N6oX:$`!W;?`Yu^/IijDa#?GHdfL1M$V?[e+]CpM\dZ&EQHdRbYsIwVGfaQArp(qkmAkJp,RC{FUy8"2oJT]Ym
06-22 16:03:48.477 23914 23914 F crashpad: <!sS7\/K(`VkD73t*\<j=BjKC1>p[_lXU}lG64DKvWZbeEb2H:_gOr8HSk@Ms%igr;=1~\IvLVT^x-$KZin($1&m+LehQ++)]n<gI%bI7M+nwb@}Fa|[eHHE3_pj{hbbYsylkkz=ouCT,99g$WUWN(2ix}6DUtTuW=LrBG7q^pEs-g|7Tgpns,!>=G#2ieX7H=&1Rv(x/zno#AI!oV;+#R|-;"=GogZK[/|eW51ad^!JY}\IdX/=qa:0uIkVksaC6sC"d:5sA1hP2ml.Fn@@QiVdR5OP/nFM(!xl9m1$_iF8H(U5OPstp/7USAem(tcI"S#t8E=S2Jo(d69.!tnlPnZ(IypC#mG)0!SAmm@@?=*~V5mW!C:suK?=Z^+JMW;O;"$iHcJN]J)n0x5M,m=3d;eodCESx)HmSu@a;nvO(!$ZV#mGiy(!<._@]r*P^Krnp:Ra0*Z;_@nXM;|W(HdM^L5jGiIy(o.L6sA1b7F63bPt`G-&cS+alrk6}3]_yxRt
06-22 16:03:48.478 23914 23914 F crashpad: .Xc$.&cS0L5dj<]PN5{FKY[93k%E|dX5#Za+H=Fb7M<`)l[%Hm"UW_Ld2x-)~IMgc6k_KlFTXFbbl1,<jP(!8bUkjru=IH-&[n,VfdHJ[7tw("?+V5moIo:$0!OgR5Y}(Q(!WcuIu+_"UNIyxA#m9s!AQaRk5mn$e3Za&\7++NNvE^-J!1o\bB]!cO$v^B6LjWxYJVKYq\-6TffI}AZknMlQM6VHtwv/'E2{`6\q.Kv0HKsdvsG1dwAtWYS.Jtsn:ZJb@Wn0;JWIQz=!t[&c.p"%-(9+?a~OIu*pL*W*'b~56dV8Y+!t/e@~.tHs&+gl+tK(z[L/d4flWL|_]l\qL*Ie.te%Lz_g~sq6kaRu2qe%zgl[i)kiJ26|uKwoz#lzRr&h.p1lv/Q$fo'WvnEn))cPSA<8;7f4:6px:D|nt%=3"tBmwlYL/Zv3OhjyX!<._@]r6X$kv3+NL1C#ITt@&@&a0HCPv3-_BBe%yj#J^^z8=D]w[OS9BW0F!Ua65;d_
06-22 16:03:48.488 23914 23914 F crashpad: ut[y9YL''|I9ixB2=_!Z86rdBpknVx'm.KMAj.`f~3$&F:T[hXmlmrZH$>5\~z,bQvDO\s}cSC6C<ONfykKOED/q-@U6yK4v;<[2O1b`0TW6DId9{8-h}3C=,m8+uZ%$jB[?TKMQ<_D+8J]ofUH+Yb3tx5Y5>h>SFNttt9[R{/OhFV5M$c'xpq|p6*XQ,u~.rNbKUa]GNek=p[oXOP?\iyO]1zQ7XR/Fog7kIh^+}Hdc\,yS|]_E"(DNqpi#Yx1SfMC6b,BlV<0{{-R8*+@T%9vX8-'=<{VE:XShMO?07t|'[&Ykmz?@?VZq<IOIm`RrnQC5PvS*ij<r\q}qpkjw)^^VbE<7FLi&J9kIAgjkGv{BV^*IL+9PbNn\[nzTh6rqpcfB:W$}Q5]t=LF\Wkl]Z.#W7+FvR3Oa4hv5,'#W=K69c$Vak1D(R:wlLnx>s>kJjm:hv~?'HEH3zP6dYIga[mMrW.Tews(s;Kl|v%Q[E[h`4+0sva1)6HgaU>5wK1:c
06-22 16:03:48.488 23914 23914 F crashpad: <cqkdZ=K6I(%ip?KB'#mbu'?v,oi_UTgsrJK&x:RJK2?lg16HP,ooKNCga_3GHi3s>;J{PJN`6LcLkUDf,oi;7$v)8Bndmz/iu_NJNNAeaKEX]@furFIuws[g\qqbm.B:/Q[^1X51p1n.BzOs>-vr1y/1Wk1D(R:wlLnx>s>kJjm:hv~'[gXglnPcQ?o*)1nv&:JZ>yRooD=9Wnp,o3VnL>(33fqvh4)b~CWLrE>G^H%T6#;xO4f2|AgCW`\kG_QK7MH%t8BkM3KH)pmjJMAYq0Oa()V^6"lCrCW"mE>[ea2cv*ga2<@L:&BHUBU&ENLb/>Cp)#t0kY^:O+)X6HSB^?QZVfnp}dHk%=!(W?w7vBL8.T@Aw%]_R0I=Y,JQ9(MO/@qK:8sgt&wfUHgup0<?5_mq|BT{IkF?QNhsI:+)-!:5+e_C9hg7PjrGk_+\WW38s#RYnS^zT#wgkI|><<6elVcrsS5+>Hv"g_gr>&zJbWziv@hY^`wHLM?V.)=Btg9
06-22 16:03:48.488 23914 23914 F crashpad: V5Uc8fO5!avlU#|kSo;+Gh[C8++6jVV#VhAv;"]5[tBK\@O6VDF*?!(W7+[R[A*:t(V#]sUwFhI2?!*1)=rwbDd)pACF&Or6M;\kOK+&YO8'Iym/tcz\{w|lREsq<oaW{/q=zwlT855(&x3I(%ipGw8a1jYk(%LAiw`;:3rj6|S}AC@1-n;@-m(i_A/9psBwdWEUVkDOqoTiJVzwvYx?jvV4R>6jj4|wvIf$1W!uXMNAiw(?|Ql@Q^fTzDHJ@1!u{tXM(Z%xU2gQB~/q_AWt'rn8S6#_0)1Wk1&I@1Kua*FL;LmDf)>P+WoD]unZEOjVik6|}7Nt6b30+GqFs>sc"%Q[E[(`fTbLT2fw{xyd!GPhb*DIqh31y<bvpOkG_QDMqK"m{U@b:^_2.xzQ4n*.7o-wgyRL0lFW0toI#qTM0m,w~c3Lxh;bx0Nr*.b6VbnI)vz;aprtT'?Vwah\RP#4Jt^r|v\"&)FWhpFliSrtT']5]6~6kGb2ht(/Zsb~kwin
06-22 16:03:48.488 23914 23914 F crashpad: *.=LHI)a6!pAQ66mpft~Sg<sS*d:er%cZ+.bbR&'z67w]6_Pz@DdXDHLp~\#e6t)d?k+qZe4YAkKPF/J]aG/jV[S"6(s`ulXy>,\^2hwKyfXHQ,*~uG3Z?Okw*nTghaf%x3o,8&THEd#Fj<<.K$+_;xdeGAv>-mI^;N(@kn\YAp/WmZ/aa\CLHbmT@lky@>Ko}bLHmia2k-xI.O684$G/Y=4B=\6Od.8N\~`XXl;j(,o=n;vqf-^x3OH6sDOn\}U/uJP3t=R@aRwCRR*^unvDY1KD)xM;JLdXm"N_'H=%r3hlu>&&Z}eTK7b(9{ohs_2Y6v<nQEu/tv|*wzv<HZu.Vfk-iI5IGRg{QvGNv0:EwQdM6]k;nE9jv{c"B4vGH]d>1x-zKyE*x4Q2Z~G.*L7/LmklYf4BPlW*OG[C&"qb4wMWtFw@D-&Nw_Bxv+Fv0bBf+}-</6dv`3Jnd6,!6volywsBuY6:.FuzKS;UwOg*:Zv6s&JS;cJPp:N.1%v37Mh
06-22 16:03:48.488 23914 23914 F crashpad: ~3&wU-{q~l7Z<k|?26FU]^=5b3}8d\}:X6:.RKjq`*FLysFMWn~lEqf<yHS;ev@h~3zYX?$39\.kv*G/|oF?pIhf-ZHLTswvU#.0Zo,L,BTFuK!)<1Hd0l0b7Zf$$9WA]n\QNC<1,b$#tHCw_WUl0b7Z$kq:wo0l/kD{:O#dq:i^n<%uDM89#Cx-Y596lG9wdVdTaq&_L'i0v5Klq:[r3eTG<1juF^$S'u6oyEx-6m,-<1~oRqhy5-<1b5o9ik0b9K.8Q[VvgF]u~:<P87d\}:J_$Soa{tGQb6?w),|_dT=w8:Vq(Yl+vjXe'v=>y/W;Oi{NK}dT]H57HU1qU0oiD&J|~H8<N(![g\yuyB%~6dELFSI(HE[MdNJN61CABces6KdpbnMu]Zb+]PNfzrL<E4F69?NH;Kh:X[DK@f}Get=gs>cvu6{OBAVkTO6d1L-qk-Q[r%Td<c)Zg\Wtwr0.B+H-1\s>kJ9K$XD+?H[Z+LC|JNU=VY1nl1OY{3/abR"c
06-22 16:03:48.488 23914 23914 F crashpad: MDgaCa^<OC(]JUh\+3gHs>/VEUTL~_aa+-/Aaag_C9Q[>hWs@L1)BnO}lqPqgWQKXn'-&exDh1vuQ,*K;@b51rTu-dR`.^#tma/m%Fip2R`qkR,Ehfr"LL}wX_AC$s~(D.8ORnQf'Vys8+MndImj+wfa`fZ6LUU1VlUrV?D+,wd'IKytD?5O}Get'r|Fb_T38OVVTwPB.x~jF,5\?ft9!:{dzlA<>(^u+[0Il=U45\{n,nb$"ezl14(MO/`c5W*~E}f;Z2Mx1qEXhgrf9^UT|l(Sha,lc:er%cZ+.bt/.d`uPvZP)x21Qfr4uonXnURKn-`6xe/5"eE,4+~p^p\t@N>qBGwgMhctz61aF];`,KbmqZhXjp!vV?6u#@"2XvnDJ_.YP#\@;CJ6CIp:GgRDAWpa~@o4RRV+<m1?TT:o3J:k2*,A)H@WZ8YJVuEuQv$-&4qt.L'/tKD^D3+AxtxaV<3c8S1q/t-shNR=9(&DwoP8|FQVM`StZ.a0"b&5S@ew
06-22 16:03:48.488 23914 23914 F crashpad: o[l'#V\>&:Z.oa|AVv6Mp`jJ6mAS(ZFd\q6ihoim]QeT(`=Hoj)&1vX1g5$S[_}JlvyIBlLhhQ3>Y.LHob,hBWj\bzm5>Lu4<`Ug\Ja:"<5w\kz`nq?vx5T.VMV@ME|7?JBr,kI6r.HtR:,I>?^@1nQt.v|v/IA&SP7@cvip"v<`w8f|yo~I4e"bN_506jLP7@;J~mnqLSvr34C;'bZd81rwbd9/ZsJF`rXR,G|YdmXV^Abrrc$5TWdmU;r/bbPklsOLWlg_-@mFj7.lM_5hP67@!us|(Ip@?su0?f-aDPig+a&Y>&Rv"2*x6anF<XRtN_G]RtN_ykPi7@mqJO|lob&f*wlAq@Anl@e>Xnfmz/\hEus,DaanrF7@Uw~)[05a'su0lezIY*2.q@P`Ond<cS}j,[pC[0E`8s+{`_4*>&1jS`er;cfY^lkuZbGjGd<T')-1{5aplO&bVr{?#b@s6?]AIE;ssRyQ(SSI7B?1ESV>0)gtZl{?jg"U(%!&`>?1
06-22 16:03:48.488 23914 23914 F crashpad: U[6D0)qi8E0)!5bsBo""ou<J^E*,6D0){^N4]pFh#vAr(<<wEd0WGebB-ivF"2y~(<@Q,CCKKyy.]pju-stFMH1p}dp5I+D6v~N$.:,=6w[Z8>dZBs`\41VaLn~Q/WARX5]p>w8:0n*LnfC&E`_C~5o}&^6b6b0T+ZrnbV>+FtL)e+9\j)ccuJQ6et(a-ip{T2Yv{h$KCM#iJC*F1wy1H.E0B*sHkKi:#ep\QcNVrKqt`d-i)vzqH;{d9W(.&pl+%k&@.m3o409WLqTa$DS;%v8LidJrM]PJhKS_d5642sQaF6v.N8BD~(?Vx5,^8^|vxj05)J^k4Z:>br8@}]"2PTjR!SiQD6njAr,v|I>5AL8.T@iKO]_Rv|iuEw"{$)[Z5b@p41ku>RM`8sszH_8u~AmjzJ`\IfDmdwanE@iLR&\s]KO7"jVteZZ?9aIC`qOih5zccgKsPc9W:7{?:W>AmKos{Jzsb5XU*JHg3kp:YrjDxa%qwMMZHA5D`qwM#T.1
06-22 16:03:48.488 23914 23914 F crashpad: _.bZ\ob>pP1*)vjgk7uK_aT[>EYqH"v/<A?<3c8S1q/tot'c9/n]:RQJKRXN%i|t6d}7JkjdP6Ff|?ABF,JwjLh)338s1F')/suAIgyJ"Q0IIag^N<-n2k?qK*}_yIP#8YD+F[3<-I&x;S-jRHXk~iT_5QL):I+XD_[t5i:^^a|[XN98i6gh]D8W?-s@vp.>Od:baC3K_k&p3tzF#mz;"p'sxr%TUdiwRR2AHsx3y/qw'QvMUsoc~4b.`mDG%U}KZOPAWwjOR='oFT3m$-\_GJq:(At^^PZu#mog\msKXAl0g\CvVx>(33vr*[4#490q<rCSLH5w?W6indJ:7wsESLA&^2Xw!wU1j^Wnxppwp4OYcQ6ehai+i|pI8w`bso"Yv<D=c+/Qmlga[QPr(EVLgD<Lad(oFP~76(^H&VIn=]I*jlHozUut,Lx/81xnhdTS"GfrbZ\oO=SXrNydFt0"*v;+!Swvm0$m)Rp]IF}GYlid<P;DwKF<W_fsm="m3wP;
06-22 16:03:48.488 23914 23914 F crashpad: YKjHI(WmS5)\GaXI3L_@rY7E}u5+%qb"!Bii9c8KVXdNxImX,05,5b7+AoHcL5v<$c28E$!cI5mk%J!)<kQmV;c5}hl:.m)fz2ad-&~Gx28H8/Ahx7Tnlo.4Wo7+metuoz}GYlid<PYF]X?s{.B:Bg<GyCI7E`8s5{R`x,^#2RLLerEcfY7+_rF-|rK6XRU(h}s\czMK}I=WWOXmX,b"!B5+GFR5s^jDor3jd5}h*I.m)fp3Yd-&~GP^[oO=SXrNyd~rCR*VwIk.^8!c~)lN>dp`MV^nWHI7uV'[fzscU5w8Z25,rYWu{Vj0cz9wjL8)33vrIEz&49h%DaFfccXi@%[006DxtkLwXD6bjqABcl}t}RZuuf7sk[c6D4WKu,"+(e$vBp&a?ZZn6rcG+WyKH`W5Qv'r2-Lk@}BjWr2tJ&uV.xrXdv]t85@)yQ-xphUw=vnDp+>i(i;ddF.cxB+LAiNH2WK]IF71+\|/#1}n}9-KNR2AlenFWPUwRS@qD5u,
06-22 16:03:48.488 23914 23914 F crashpad: +A$JB9|nM5GQ\YsK?p{IVS8Y%a;B6m~'u,:l,J,N,5`w,ehr??Z.!1E@(.k8aJJ0tQ)n"ccVysHG2gj=tcZ^KW%Z$xC3}8xwhwet2-(Pb(`wrPF4r{lM0bsW/iw;aT+GNkz^Dlp3#wAJIHAudv'q":N_5n*qE@6j}a|dz3F5FlAs[fkIoYCsBNzJJt<A~3g;E4$mNS<Y~2bVS)B3]5yN>P5mwb^8v/%b-8O4V+Mns8VctvkWcQ{T8Y/s{Z~`v'~XYpQTZw{7iif`Tvz$?q#lcw>mrN>JyKP^d;Zul\Hd0*qvenJN>PHHOj\wJ6K.xoLu.m<6H-8s\)|Ozlxy/KTLETAjPK<U62@WhmV3SuDHna2>KHFN,Kj(ft>ihu2EOjT!fdQAN`sktu%i>+BnFXY/|Pzq=e_\|n4bVrirzh#b}nJKUl}G-6kdhPE\buJ7RKx1B:Bg6@pI2p{`&i<tZVzuDS}bF[ZBZ#"ejIFF^AuKj_C%^ATtJV5lfx~vxYN<L?h6
06-22 16:03:48.488 23914 23914 F crashpad: rv>$CwNvZVI/OjOq\lTsr*'biS|OnFJP=FCcv?KL7qLWwpf4B3b6!w.DzfboZ_{tr*qw%w89g`oqPumV5\+wEt8D)pFd)m_#;qc6F#uwW*Im:NdA5<gxRv`mIU0sS$8@Tw04't&*`ZvK~3=o:Nn6Z.Kxd6F#mv@GSZi+}myH5Ext@.5<1M5KBG*kj+%Q,wR0zdTCl>P{tS6qklK'_V~>miVjlQ]2(Jj>PcT/Xe5&?uM<\/GwJ*vR=qe8)vcaYhP.mu9Th=mYMp=jFQPOFd1L80(maT$u'vr3!u'I!be4Oii\g)8E0lkwq[n(aV9Tfff8YJ`j_a8Lju"4QjO3Suf.^8s\|Q}3xW(QRI?pSuPS8YovD(6FSwQXJp\C"xeRiFi_D_Uuh/}47LD@V2s\bZXl>0xu=gPwdoVtcf41SntE))GtnbO^>XqB!rgH6WhW6s@i>I^PS^7,MhiqTrL?GwLU[n.s"9n+DU$\>JAP0/?KYCyw.nDQSAam0Z\q"E(w63Ii
06-22 16:03:48.488 23914 23914 F crashpad: _uqU(Mhu6-w//LM^TKU4/n)YIO6h,`yIc[Z!IwzfA+MX]m$G"#=+5VDk#W?q=thE;J!^<">nS\b7V}Xt2S.thSz^dWb6${5-`*{s_WzO~wEf}GcK/Vpw(Jf$1W3nN(|aauTC:W$}auZV}uJHhjw=?b#q0d@qU)0ihI;lcu6diXOL$l09/rNdow>e">5Exv^$3+^l>(zFkJ8dN*(6*=rw>h|Q|vn8>lDvPRiFFJlKT~z>nsY~FrF=)bZvcaKy8q?utL$ut%oig3QuUV:&x;5q+8`5@vl^P}mX+alKUKw=3WF2SAR(zF]nfQT_]JMhZ[^tEA0B>oD?Gf/a-SoZP*ll~aWj\?r0ulSc&m\;eUCsjY*aT?SKRSBs%\N6`q"VEQT_ly#Tfl9<mhVU^@(2cEuo:bP_crps=ap6)frF\.`mfG[`eocLlwBg,yR=yHm(#e8XP_e;Z29.TL4IO9&V:VRNHG2"X1'f<ufJJROyHNF[\*TC%xv^X)*6:^@#)V!4XG?K
06-22 16:03:48.488 23914 23914 F crashpad: *x['"G5qi8)L9\$<?K+i\g>.MiCM4W?v{ITj"Jjkagr,$t;jRki.jFQx,<8D*v)tZ=sU"qDs4[;w&.Wm(E8L2qn_IF/sW`\`gva4s+~v]5(<`IFs#tz$bq++(W]KX"f4LAd0nT9>XB,)l\KE"2CSk\%&5A}Iqj5LMLm+*t:ccEj6Gs_v%/R66w7\N,B64uiuvPacbgGkXUpv6o8(p?bgUbRncv<t>cYP6WtX$7>{H]fJ\?BA?h"WH='qdjPhnR%KO5ql;hPESK6W(Bw.AAC@@z[?j5XgADl89a5Y"jZh|;~][?}KtT[?]nLPRgTlXbV=D9:h@Dg5.AGF\K/}&uXn!?\_XX6TRg(96WPn8?)wch(qs6)fULb.NpSfF\S)B3#tHW8mJuHJ+x%,TCBbHSvrC4m@'bTc|wWw,OR='opI#e`,Bbh;*N4wD>qc2lRW8w6dO5#WacbrwNN*u3:\s<>0A4YDrZnM7S.i9qtQ.6gEZF(xF4PC?:xKdM*)K+ww9An+
06-22 16:03:48.488 23914 23914 F crashpad: iK3oa5,L|T++^F(T@upw+Tb60v:iuD-8>epQNH6U<lvo3/LL{vawb*p+>wF4.m[Z]6:qjgUwoF3Kpd$5Nj8VhuBx33Zv-1HU}ulGXo.T;Oev~izQ%m,c%eE[.3:~49_orVKSvf4Cbg~|#tr(_gX56Z43:~XPh+.oc3:~cTysN6TZxM/ZQ6Mv<]zQ+L4YWw*Xb6lu,O\rvizQ#v{*0sWJQPzQ9Vz*Q6E@TnM9Kw9s)<6$3g7]usXjDY>XXY41cF1wy1H.E0@A;:HAKF:v?t:?os7`ZV(MYs$Y0eni(brd~DW]CHOW41C>D$P7~3j\/bsKOmf'/KLWU3.HEfgD4@h[p:2r-0|u&e>tMG`6\:jVienDpi|\W}$w`w[ovt~q'rtaFdbc7m,,0iS[2S*@i**xOr:h*)QTjR!Seo4+{^"fRx3\AJt\,Ye:4mC4U@,&}G_N^L%)[ZMJ26fs@1@ht0\q>NBL|1J,Nt.4ab3AdT4uo:%JfTsc,$5Mm/$wx-tej`H,
06-22 16:03:48.488 23914 23914 F crashpad: 8v_^pYkGF`"RSu1bO0YpPMM9BbMEAsUk:P`q0w>uXQ%t~92L1+Yp~LPrXBjX\2%EMIU""3`1{5'O!g~P#<_[B:Vqp4iso:E`)x^|bvb):L79PH&I>=hezt~w.Pnakt*l$<)Xyukmyhoaem?B;pb;\PJl(i:_W6qqCviw>Saw&08V)WFj>\,o~A0K)qf`L?csStBr8,PY$xkde6v_Tsm4)^&jLOhv<OC[o;_w;GerXnCK8mElHf]xHrhwcVWrll3<,)DD[0e`}:Ku=f@g~Z(ukacHydfw!NG[':hkLR2AlenFsoEs~h%W^.^8JH?2?VCjeGJXDy&b:Z0ODo\ZMJ9qjFMV(aM`"x*ViMpm)Wm0Yg29QkI5FGLT=SSTbwAw=g&Epuzt'7bC`6rs%V{^(e0i;thqPNr\3<T};g#vR3FWbwKlvELK1jtI~\K_:{5OHPX)^6d\0`.X3<dEF\Ajf:0mfw5Qq+^6$|7q1L11]qzp\rjqDkBLsCY_8"t,M(!b%j2l
06-22 16:03:48.488 23914 23914 F crashpad: @1Ahx7%t;K`npY\6\XK(h\=$@.-)a*<eE<xYDAVsm=N+ioSdZBq/>qcg/bMriu~3*u~Iuuaa#qb"9>ii9cjJtBZY$+-LTYFl<i>\,oL),i(H+/up(OxF?YZV6dz?qa=HYKZ/2Hsa%|v@l\FfLE3t>5gs)I@}.b$T"J-Qvai.J:JB75(2cE;J_rs\wikh0}m>)v,QNcFnCF>gdDs4W-z;ZiZAXfU5x82^/I|A-x%leVpiy!22EE5nVwNx+^=&$
06-22 16:03:48.488 23914 23914 F crashpad: -----END CRASHPAD MINIDUMP-----
06-22 16:03:48.503 23756 23790 F libc    : Fatal signal 7 (SIGBUS), code 2 (BUS_ADRERR), fault addr 0x7af42ec00e in tid 23790 (d), pid 23756 (ibekey.keyboard)
06-22 16:03:49.493 23917 23917 F DEBUG   : Process name is com.vibekey.keyboard, not key_process
06-22 16:03:49.494 23917 23917 F DEBUG   : keyProcess: 0
06-22 16:03:49.494 23917 23917 F DEBUG   : *** *** *** *** *** *** *** *** *** *** *** *** *** *** *** ***
06-22 16:03:49.494 23917 23917 F DEBUG   : Build fingerprint: 'OnePlus/OnePlus7Pro/OnePlus7Pro:12/SKQ1.211113.001/P.202303230244:user/release-keys'
06-22 16:03:49.494 23917 23917 F DEBUG   : Revision: '0'
06-22 16:03:49.494 23917 23917 F DEBUG   : ABI: 'arm64'
06-22 16:03:49.494 23917 23917 F DEBUG   : Timestamp: 2026-06-22 16:03:48.744502448-0400
06-22 16:03:49.494 23917 23917 F DEBUG   : Process uptime: 0s
06-22 16:03:49.494 23917 23917 F DEBUG   : Cmdline: com.vibekey.keyboard
06-22 16:03:49.494 23917 23917 F DEBUG   : pid: 23756, tid: 23790, name: d  >>> com.vibekey.keyboard <<<
06-22 16:03:49.494 23917 23917 F DEBUG   : uid: 14160
06-22 16:03:49.494 23917 23917 F DEBUG   : signal 7 (SIGBUS), code 2 (BUS_ADRERR), fault addr 0x7af42ec00e
06-22 16:03:49.494 23917 23917 F DEBUG   :     x0  0000007af42eb06c  x1  0000000000000fa2  x2  000000000004a8e8  x3  b400007a5b659e48
06-22 16:03:49.494 23917 23917 F DEBUG   :     x4  b400007a5b659e30  x5  0000000000000000  x6  0000007a6b9a6864  x7  0000007a6b9a6860
06-22 16:03:49.494 23917 23917 F DEBUG   :     x8  0000007a6b9a685c  x9  000000000004a8e7  x10 0000007a6b9a6858  x11 0000007a6b9a6868
06-22 16:03:49.494 23917 23917 F DEBUG   :     x12 0000000000002649  x13 0000000000000049  x14 000000000000001f  x15 0000007af42ebfc6
06-22 16:03:49.494 23917 23917 F DEBUG   :     x16 00000079c375eab0  x17 00000079c36bd734  x18 00000079f87c8000  x19 0000007a6b9a8f80
06-22 16:03:49.494 23917 23917 F DEBUG   :     x20 0000007a6b9a8f80  x21 0000007a6b9a684c  x22 0000007a6b9a6850  x23 0000007a6b9a6854
06-22 16:03:49.494 23917 23917 F DEBUG   :     x24 0000007a6b9a6858  x25 0000007a6b9a6970  x26 0000007a6b9a69a4  x27 0000000000000001
06-22 16:03:49.494 23917 23917 F DEBUG   :     x28 0000007a6b9a6f58  x29 0000007a6b9a67b0
06-22 16:03:49.494 23917 23917 F DEBUG   :     lr  00000079c36bf984  sp  0000007a6b9a67a0  pc  00000079c36bd7b0  pst 0000000020000000
06-22 16:03:49.494 23917 23917 F DEBUG   : backtrace:
06-22 16:03:49.494 23917 23917 F DEBUG   :       #00 pc 00000000000b67b0  /data/app/~~tDMK1cn9453jGh9n1s-Sqw==/com.vibekey.keyboard-PtPNyyuUiNnzv6hXFcBozw==/lib/arm64/libjni_latinime.so (latinime::PatriciaTrieReadingUtils::readPtNodeInfo(unsigned char const*, int, int, latinime::DictionaryShortcutsStructurePolicy const*, latinime::DictionaryBigramsStructurePolicy const*, int const*, unsigned char*, int*, int*, int*, int*, int*, int*, int*)+124) (BuildId: f905dbd1a904967a994cf833116e517b05caa863)
06-22 16:03:49.494 23917 23917 F DEBUG   :       #01 pc 00000000000b8980  /data/app/~~tDMK1cn9453jGh9n1s-Sqw==/com.vibekey.keyboard-PtPNyyuUiNnzv6hXFcBozw==/lib/arm64/libjni_latinime.so (latinime::Ver2ParticiaTrieNodeReader::fetchPtNodeParamsInBufferFromPtNodePos(int) const+140) (BuildId: f905dbd1a904967a994cf833116e517b05caa863)
06-22 16:03:49.494 23917 23917 F DEBUG   :       #02 pc 00000000000b4b74  /data/app/~~tDMK1cn9453jGh9n1s-Sqw==/com.vibekey.keyboard-PtPNyyuUiNnzv6hXFcBozw==/lib/arm64/libjni_latinime.so (latinime::DynamicPtReadingHelper::getTerminalPtNodePositionOfWord(int const*, unsigned long, bool)+232) (BuildId: f905dbd1a904967a994cf833116e517b05caa863)
06-22 16:03:49.494 23917 23917 F DEBUG   :       #03 pc 00000000000b7324  /data/app/~~tDMK1cn9453jGh9n1s-Sqw==/com.vibekey.keyboard-PtPNyyuUiNnzv6hXFcBozw==/lib/arm64/libjni_latinime.so (latinime::PatriciaTriePolicy::getWordId(latinime::IntArrayView, bool) const+184) (BuildId: f905dbd1a904967a994cf833116e517b05caa863)
06-22 16:03:49.494 23917 23917 F DEBUG   :       #04 pc 00000000000a7d54  /data/app/~~tDMK1cn9453jGh9n1s-Sqw==/com.vibekey.keyboard-PtPNyyuUiNnzv6hXFcBozw==/lib/arm64/libjni_latinime.so (latinime::NgramContext::getWordId(latinime::DictionaryStructureWithBufferPolicy const*, int const*, int, bool, bool)+232) (BuildId: f905dbd1a904967a994cf833116e517b05caa863)
06-22 16:03:49.494 23917 23917 F DEBUG   :       #05 pc 00000000000d337c  /data/app/~~tDMK1cn9453jGh9n1s-Sqw==/com.vibekey.keyboard-PtPNyyuUiNnzv6hXFcBozw==/lib/arm64/libjni_latinime.so (latinime::DicTraverseSession::init(latinime::Dictionary const*, latinime::NgramContext const*, latinime::SuggestOptions const*)+124) (BuildId: f905dbd1a904967a994cf833116e517b05caa863)
06-22 16:03:49.494 23917 23917 F DEBUG   :       #06 pc 00000000000c8bd0  /data/app/~~tDMK1cn9453jGh9n1s-Sqw==/com.vibekey.keyboard-PtPNyyuUiNnzv6hXFcBozw==/lib/arm64/libjni_latinime.so (latinime::Dictionary::getSuggestions(latinime::ProximityInfo*, latinime::DicTraverseSession*, int*, int*, int*, int*, int*, int, latinime::NgramContext const*, latinime::SuggestOptions const*, float, latinime::SuggestionResults*) const+104) (BuildId: f905dbd1a904967a994cf833116e517b05caa863)
06-22 16:03:49.494 23917 23917 F DEBUG   :       #07 pc 000000000009fd88  /data/app/~~tDMK1cn9453jGh9n1s-Sqw==/com.vibekey.keyboard-PtPNyyuUiNnzv6hXFcBozw==/lib/arm64/libjni_latinime.so (BuildId: f905dbd1a904967a994cf833116e517b05caa863)
06-22 16:03:49.494 23917 23917 F DEBUG   :       #08 pc 00000000002b03a0  /apex/com.android.art/lib64/libart.so (art_quick_generic_jni_trampoline+144) (BuildId: 1f156fc62660d075a8d675db850b95d5)
06-22 16:03:49.494 23917 23917 F DEBUG   :       #09 pc 000000000072c828  /apex/com.android.art/lib64/libart.so (nterp_helper+1944) (BuildId: 1f156fc62660d075a8d675db850b95d5)
06-22 16:03:49.494 23917 23917 F DEBUG   :       #10 pc 0000000000228586  /data/app/~~tDMK1cn9453jGh9n1s-Sqw==/com.vibekey.keyboard-PtPNyyuUiNnzv6hXFcBozw==/oat/arm64/base.vdex (com.android.inputmethod.latin.BinaryDictionary.q+578)
06-22 16:03:49.494 23917 23917 F DEBUG   :       #11 pc 000000000072cb98  /apex/com.android.art/lib64/libart.so (nterp_helper+2824) (BuildId: 1f156fc62660d075a8d675db850b95d5)
06-22 16:03:49.494 23917 23917 F DEBUG   :       #12 pc 00000000002282fe  /data/app/~~tDMK1cn9453jGh9n1s-Sqw==/com.vibekey.keyboard-PtPNyyuUiNnzv6hXFcBozw==/oat/arm64/base.vdex (com.android.inputmethod.latin.BinaryDictionary.d+2)
06-22 16:03:49.494 23917 23917 F DEBUG   :       #13 pc 000000000072cb98  /apex/com.android.art/lib64/libart.so (nterp_helper+2824) (BuildId: 1f156fc62660d075a8d675db850b95d5)
06-22 16:03:49.494 23917 23917 F DEBUG   :       #14 pc 0000000000ae75d2  /data/app/~~tDMK1cn9453jGh9n1s-Sqw==/com.vibekey.keyboard-PtPNyyuUiNnzv6hXFcBozw==/oat/arm64/base.vdex (v7.k.d+50)
06-22 16:03:49.494 23917 23917 F DEBUG   :       #15 pc 000000000072cb98  /apex/com.android.art/lib64/libart.so (nterp_helper+2824) (BuildId: 1f156fc62660d075a8d675db850b95d5)
06-22 16:03:49.494 23917 23917 F DEBUG   :       #16 pc 0000000000ae671a  /data/app/~~tDMK1cn9453jGh9n1s-Sqw==/com.vibekey.keyboard-PtPNyyuUiNnzv6hXFcBozw==/oat/arm64/base.vdex (v7.e.d+150)
06-22 16:03:49.494 23917 23917 F DEBUG   :       #17 pc 000000000072cb98  /apex/com.android.art/lib64/libart.so (nterp_helper+2824) (BuildId: 1f156fc62660d075a8d675db850b95d5)
06-22 16:03:49.494 23917 23917 F DEBUG   :       #18 pc 00000000005b4ada  /data/app/~~tDMK1cn9453jGh9n1s-Sqw==/com.vibekey.keyboard-PtPNyyuUiNnzv6hXFcBozw==/oat/arm64/base.vdex (p7.o.i+334)
06-22 16:03:49.494 23917 23917 F DEBUG   :       #19 pc 000000000072cb98  /apex/com.android.art/lib64/libart.so (nterp_helper+2824) (BuildId: 1f156fc62660d075a8d675db850b95d5)
06-22 16:03:49.494 23917 23917 F DEBUG   :       #20 pc 00000000005b443a  /data/app/~~tDMK1cn9453jGh9n1s-Sqw==/com.vibekey.keyboard-PtPNyyuUiNnzv6hXFcBozw==/oat/arm64/base.vdex (p7.o.h+334)
06-22 16:03:49.494 23917 23917 F DEBUG   :       #21 pc 000000000072cb98  /apex/com.android.art/lib64/libart.so (nterp_helper+2824) (BuildId: 1f156fc62660d075a8d675db850b95d5)
06-22 16:03:49.494 23917 23917 F DEBUG   :       #22 pc 00000000005b42a4  /data/app/~~tDMK1cn9453jGh9n1s-Sqw==/com.vibekey.keyboard-PtPNyyuUiNnzv6hXFcBozw==/oat/arm64/base.vdex (p7.o.g+112)
06-22 16:03:49.494 23917 23917 F DEBUG   :       #23 pc 000000000072cb98  /apex/com.android.art/lib64/libart.so (nterp_helper+2824) (BuildId: 1f156fc62660d075a8d675db850b95d5)
06-22 16:03:49.494 23917 23917 F DEBUG   :       #24 pc 00000000005bca12  /data/app/~~tDMK1cn9453jGh9n1s-Sqw==/com.vibekey.keyboard-PtPNyyuUiNnzv6hXFcBozw==/oat/arm64/base.vdex (p7.i1.c+266)
06-22 16:03:49.494 23917 23917 F DEBUG   :       #25 pc 000000000072cb98  /apex/com.android.art/lib64/libart.so (nterp_helper+2824) (BuildId: 1f156fc62660d075a8d675db850b95d5)
06-22 16:03:49.494 23917 23917 F DEBUG   :       #26 pc 00000000005bc890  /data/app/~~tDMK1cn9453jGh9n1s-Sqw==/com.vibekey.keyboard-PtPNyyuUiNnzv6hXFcBozw==/oat/arm64/base.vdex (p7.i1.b+2656)
06-22 16:03:49.494 23917 23917 F DEBUG   :       #27 pc 000000000072cb98  /apex/com.android.art/lib64/libart.so (nterp_helper+2824) (BuildId: 1f156fc62660d075a8d675db850b95d5)
06-22 16:03:49.494 23917 23917 F DEBUG   :       #28 pc 0000000000aee7ae  /data/app/~~tDMK1cn9453jGh9n1s-Sqw==/com.vibekey.keyboard-PtPNyyuUiNnzv6hXFcBozw==/oat/arm64/base.vdex (x7.b.m+1458)
06-22 16:03:49.494 23917 23917 F DEBUG   :       #29 pc 000000000072c884  /apex/com.android.art/lib64/libart.so (nterp_helper+2036) (BuildId: 1f156fc62660d075a8d675db850b95d5)
06-22 16:03:49.494 23917 23917 F DEBUG   :       #30 pc 00000000001a3a1e  /data/app/~~tDMK1cn9453jGh9n1s-Sqw==/com.vibekey.keyboard-PtPNyyuUiNnzv6hXFcBozw==/oat/arm64/base.vdex (a5.a.run+102)
06-22 16:03:49.494 23917 23917 F DEBUG   :       #31 pc 000000000072c884  /apex/com.android.art/lib64/libart.so (nterp_helper+2036) (BuildId: 1f156fc62660d075a8d675db850b95d5)
06-22 16:03:49.494 23917 23917 F DEBUG   :       #32 pc 0000000000aeb666  /data/app/~~tDMK1cn9453jGh9n1s-Sqw==/com.vibekey.keyboard-PtPNyyuUiNnzv6hXFcBozw==/oat/arm64/base.vdex (x7.d.handleMessage+18)
06-22 16:03:49.494 23917 23917 F DEBUG   :       #33 pc 000000000205a4f4  /memfd:jit-zygote-cache (deleted)
06-22 16:03:51.809 23935 23935 E OplusCustomizeRestrictionManager: sInstance is null, start a new sInstance
06-22 16:03:59.107 23935 23969 F libc    : Fatal signal 7 (SIGBUS), code 2 (BUS_ADRERR), fault addr 0x7a6b7d2048 in tid 23969 (d), pid 23935 (ibekey.keyboard)
06-22 16:03:59.920 24102 24102 F DEBUG   : Process name is com.vibekey.keyboard, not key_process
06-22 16:03:59.920 24102 24102 F DEBUG   : keyProcess: 0
06-22 16:03:59.920 24102 24102 F DEBUG   : *** *** *** *** *** *** *** *** *** *** *** *** *** *** *** ***
06-22 16:03:59.920 24102 24102 F DEBUG   : Build fingerprint: 'OnePlus/OnePlus7Pro/OnePlus7Pro:12/SKQ1.211113.001/P.202303230244:user/release-keys'
06-22 16:03:59.920 24102 24102 F DEBUG   : Revision: '0'
06-22 16:03:59.920 24102 24102 F DEBUG   : ABI: 'arm64'
06-22 16:03:59.920 24102 24102 F DEBUG   : Timestamp: 2026-06-22 16:03:59.245061975-0400
06-22 16:03:59.920 24102 24102 F DEBUG   : Process uptime: 0s
06-22 16:03:59.920 24102 24102 F DEBUG   : Cmdline: com.vibekey.keyboard
06-22 16:03:59.920 24102 24102 F DEBUG   : pid: 23935, tid: 23969, name: d  >>> com.vibekey.keyboard <<<
06-22 16:03:59.920 24102 24102 F DEBUG   : uid: 14160
06-22 16:03:59.920 24102 24102 F DEBUG   : signal 7 (SIGBUS), code 2 (BUS_ADRERR), fault addr 0x7a6b7d2048
06-22 16:03:59.920 24102 24102 F DEBUG   :     x0  0000007a6b7c6077  x1  0000000000064a42  x2  0000007a6b9a6884  x3  00000079c0940bbc
06-22 16:03:59.920 24102 24102 F DEBUG   :     x4  b40000796f610408  x5  0000007a6b9a6b38  x6  0000000000000047  x7  0000000000000047
06-22 16:03:59.920 24102 24102 F DEBUG   :     x8  0000000000000000  x9  0000000000064a41  x10 000000000000bfd1  x11 000000000000bfd2
06-22 16:03:59.920 24102 24102 F DEBUG   :     x12 b400007a549a4030  x13 00000000ffffffec  x14 b400007a54839e88  x15 00000000358637bd
06-22 16:03:59.920 24102 24102 F DEBUG   :     x16 00000079c09e1980  x17 00000079c09402c8  x18 00000079f8a7c000  x19 0000007a6b9a68d8
06-22 16:03:59.920 24102 24102 F DEBUG   :     x20 0000007a6b9a6af0  x21 b400007a5be6e800  x22 0000000000064a42  x23 0000007a6b9a8f80
06-22 16:03:59.920 24102 24102 F DEBUG   :     x24 b40000796f6103c0  x25 b400007a5be6e810  x26 0000000000075940  x27 b40000796f60df80
06-22 16:03:59.920 24102 24102 F DEBUG   :     x28 0000000000000000  x29 0000007a6b9a6890
06-22 16:03:59.920 24102 24102 F DEBUG   :     lr  00000079c0940c30  sp  0000007a6b9a6880  pc  00000079c09402f8  pst 0000000020000000
06-22 16:03:59.920 24102 24102 F DEBUG   : backtrace:
06-22 16:03:59.920 24102 24102 F DEBUG   :       #00 pc 00000000000b62f8  /data/app/~~tDMK1cn9453jGh9n1s-Sqw==/com.vibekey.keyboard-PtPNyyuUiNnzv6hXFcBozw==/lib/arm64/libjni_latinime.so (latinime::PatriciaTrieReadingUtils::getPtNodeArraySizeAndAdvancePosition(unsigned char const*, int, int*)+48) (BuildId: f905dbd1a904967a994cf833116e517b05caa863)
06-22 16:03:59.920 24102 24102 F DEBUG   :       #01 pc 00000000000b6c2c  /data/app/~~tDMK1cn9453jGh9n1s-Sqw==/com.vibekey.keyboard-PtPNyyuUiNnzv6hXFcBozw==/lib/arm64/libjni_latinime.so (latinime::PatriciaTriePolicy::createAndGetAllChildDicNodes(latinime::DicNode const*, latinime::DicNodeVector*) const+112) (BuildId: f905dbd1a904967a994cf833116e517b05caa863)
06-22 16:03:59.920 24102 24102 F DEBUG   :       #02 pc 00000000000d598c  /data/app/~~tDMK1cn9453jGh9n1s-Sqw==/com.vibekey.keyboard-PtPNyyuUiNnzv6hXFcBozw==/lib/arm64/libjni_latinime.so (latinime::Suggest::processDicNodeAsOmission(latinime::DicTraverseSession*, latinime::DicNode*) const+84) (BuildId: f905dbd1a904967a994cf833116e517b05caa863)
06-22 16:03:59.920 24102 24102 F DEBUG   :       #03 pc 00000000000d4a88  /data/app/~~tDMK1cn9453jGh9n1s-Sqw==/com.vibekey.keyboard-PtPNyyuUiNnzv6hXFcBozw==/lib/arm64/libjni_latinime.so (latinime::Suggest::expandCurrentDicNodes(latinime::DicTraverseSession*) const+1732) (BuildId: f905dbd1a904967a994cf833116e517b05caa863)
06-22 16:03:59.920 24102 24102 F DEBUG   :       #04 pc 00000000000d3c0c  /data/app/~~tDMK1cn9453jGh9n1s-Sqw==/com.vibekey.keyboard-PtPNyyuUiNnzv6hXFcBozw==/lib/arm64/libjni_latinime.so (latinime::Suggest::getSuggestions(latinime::ProximityInfo*, void*, int*, int*, int*, int*, int*, int, float, latinime::SuggestionResults*) const+504) (BuildId: f905dbd1a904967a994cf833116e517b05caa863)
06-22 16:03:59.920 24102 24102 F DEBUG   :       #05 pc 000000000009fd88  /data/app/~~tDMK1cn9453jGh9n1s-Sqw==/com.vibekey.keyboard-PtPNyyuUiNnzv6hXFcBozw==/lib/arm64/libjni_latinime.so (BuildId: f905dbd1a904967a994cf833116e517b05caa863)
06-22 16:03:59.920 24102 24102 F DEBUG   :       #06 pc 00000000002b03a0  /apex/com.android.art/lib64/libart.so (art_quick_generic_jni_trampoline+144) (BuildId: 1f156fc62660d075a8d675db850b95d5)
06-22 16:03:59.920 24102 24102 F DEBUG   :       #07 pc 000000000072c828  /apex/com.android.art/lib64/libart.so (nterp_helper+1944) (BuildId: 1f156fc62660d075a8d675db850b95d5)
06-22 16:03:59.920 24102 24102 F DEBUG   :       #08 pc 0000000000228586  /data/app/~~tDMK1cn9453jGh9n1s-Sqw==/com.vibekey.keyboard-PtPNyyuUiNnzv6hXFcBozw==/oat/arm64/base.vdex (com.android.inputmethod.latin.BinaryDictionary.q+578)
06-22 16:03:59.920 24102 24102 F DEBUG   :       #09 pc 000000000072cb98  /apex/com.android.art/lib64/libart.so (nterp_helper+2824) (BuildId: 1f156fc62660d075a8d675db850b95d5)
06-22 16:03:59.920 24102 24102 F DEBUG   :       #10 pc 00000000002282fe  /data/app/~~tDMK1cn9453jGh9n1s-Sqw==/com.vibekey.keyboard-PtPNyyuUiNnzv6hXFcBozw==/oat/arm64/base.vdex (com.android.inputmethod.latin.BinaryDictionary.d+2)
06-22 16:03:59.920 24102 24102 F DEBUG   :       #11 pc 000000000072cb98  /apex/com.android.art/lib64/libart.so (nterp_helper+2824) (BuildId: 1f156fc62660d075a8d675db850b95d5)
06-22 16:03:59.920 24102 24102 F DEBUG   :       #12 pc 0000000000ae75d2  /data/app/~~tDMK1cn9453jGh9n1s-Sqw==/com.vibekey.keyboard-PtPNyyuUiNnzv6hXFcBozw==/oat/arm64/base.vdex (v7.k.d+50)
06-22 16:03:59.920 24102 24102 F DEBUG   :       #13 pc 000000000072cb98  /apex/com.android.art/lib64/libart.so (nterp_helper+2824) (BuildId: 1f156fc62660d075a8d675db850b95d5)
06-22 16:03:59.920 24102 24102 F DEBUG   :       #14 pc 0000000000ae66ca  /data/app/~~tDMK1cn9453jGh9n1s-Sqw==/com.vibekey.keyboard-PtPNyyuUiNnzv6hXFcBozw==/oat/arm64/base.vdex (v7.e.d+70)
06-22 16:03:59.920 24102 24102 F DEBUG   :       #15 pc 000000000072cb98  /apex/com.android.art/lib64/libart.so (nterp_helper+2824) (BuildId: 1f156fc62660d075a8d675db850b95d5)
06-22 16:03:59.920 24102 24102 F DEBUG   :       #16 pc 00000000005b4ada  /data/app/~~tDMK1cn9453jGh9n1s-Sqw==/com.vibekey.keyboard-PtPNyyuUiNnzv6hXFcBozw==/oat/arm64/base.vdex (p7.o.i+334)
06-22 16:03:59.920 24102 24102 F DEBUG   :       #17 pc 000000000072cb98  /apex/com.android.art/lib64/libart.so (nterp_helper+2824) (BuildId: 1f156fc62660d075a8d675db850b95d5)
06-22 16:03:59.920 24102 24102 F DEBUG   :       #18 pc 00000000005b443a  /data/app/~~tDMK1cn9453jGh9n1s-Sqw==/com.vibekey.keyboard-PtPNyyuUiNnzv6hXFcBozw==/oat/arm64/base.vdex (p7.o.h+334)
06-22 16:03:59.920 24102 24102 F DEBUG   :       #19 pc 000000000072cb98  /apex/com.android.art/lib64/libart.so (nterp_helper+2824) (BuildId: 1f156fc62660d075a8d675db850b95d5)
06-22 16:03:59.920 24102 24102 F DEBUG   :       #20 pc 00000000005b42a4  /data/app/~~tDMK1cn9453jGh9n1s-Sqw==/com.vibekey.keyboard-PtPNyyuUiNnzv6hXFcBozw==/oat/arm64/base.vdex (p7.o.g+112)
06-22 16:03:59.920 24102 24102 F DEBUG   :       #21 pc 000000000072cb98  /apex/com.android.art/lib64/libart.so (nterp_helper+2824) (BuildId: 1f156fc62660d075a8d675db850b95d5)
06-22 16:03:59.920 24102 24102 F DEBUG   :       #22 pc 00000000005bca12  /data/app/~~tDMK1cn9453jGh9n1s-Sqw==/com.vibekey.keyboard-PtPNyyuUiNnzv6hXFcBozw==/oat/arm64/base.vdex (p7.i1.c+266)
06-22 16:03:59.920 24102 24102 F DEBUG   :       #23 pc 000000000072cb98  /apex/com.android.art/lib64/libart.so (nterp_helper+2824) (BuildId: 1f156fc62660d075a8d675db850b95d5)
06-22 16:03:59.920 24102 24102 F DEBUG   :       #24 pc 00000000005bc890  /data/app/~~tDMK1cn9453jGh9n1s-Sqw==/com.vibekey.keyboard-PtPNyyuUiNnzv6hXFcBozw==/oat/arm64/base.vdex (p7.i1.b+2656)
06-22 16:03:59.920 24102 24102 F DEBUG   :       #25 pc 000000000072cb98  /apex/com.android.art/lib64/libart.so (nterp_helper+2824) (BuildId: 1f156fc62660d075a8d675db850b95d5)
06-22 16:03:59.920 24102 24102 F DEBUG   :       #26 pc 0000000000aee7ae  /data/app/~~tDMK1cn9453jGh9n1s-Sqw==/com.vibekey.keyboard-PtPNyyuUiNnzv6hXFcBozw==/oat/arm64/base.vdex (x7.b.m+1458)
06-22 16:03:59.920 24102 24102 F DEBUG   :       #27 pc 000000000072c884  /apex/com.android.art/lib64/libart.so (nterp_helper+2036) (BuildId: 1f156fc62660d075a8d675db850b95d5)
06-22 16:03:59.920 24102 24102 F DEBUG   :       #28 pc 00000000001a3a1e  /data/app/~~tDMK1cn9453jGh9n1s-Sqw==/com.vibekey.keyboard-PtPNyyuUiNnzv6hXFcBozw==/oat/arm64/base.vdex (a5.a.run+102)
06-22 16:03:59.920 24102 24102 F DEBUG   :       #29 pc 000000000072c884  /apex/com.android.art/lib64/libart.so (nterp_helper+2036) (BuildId: 1f156fc62660d075a8d675db850b95d5)
06-22 16:03:59.920 24102 24102 F DEBUG   :       #30 pc 0000000000aeb666  /data/app/~~tDMK1cn9453jGh9n1s-Sqw==/com.vibekey.keyboard-PtPNyyuUiNnzv6hXFcBozw==/oat/arm64/base.vdex (x7.d.handleMessage+18)
06-22 16:03:59.920 24102 24102 F DEBUG   :       #31 pc 000000000205a4f4  /memfd:jit-zygote-cache (deleted)
06-22 16:04:02.220 24125 24125 E OplusCustomizeRestrictionManager: sInstance is null, start a new sInstance
--------- beginning of main
06-22 16:04:11.305 24125 24140 E BLASTBufferQueue: BLASTBufferItemConsumer::onDisconnect()
06-22 16:04:11.307 24125 24125 E GeckoView: Failed to detach WindowInsetsListener: 
06-22 16:04:11.307 24125 24125 E GeckoView: java.lang.NullPointerException: Attempt to invoke virtual method 'android.view.Window android.app.Activity.getWindow()' on a null object reference
06-22 16:04:11.307 24125 24125 E GeckoView: 	at org.mozilla.geckoview.GeckoView.detachWindowInsetsListener(r8-map-id-1f1c86020cff34400c8b98de0e60ddcf31a80e8f6cb57ff63441a878155171b9:1)
06-22 16:04:11.307 24125 24125 E GeckoView: 	at org.mozilla.geckoview.GeckoView.onDetachedFromWindow(r8-map-id-1f1c86020cff34400c8b98de0e60ddcf31a80e8f6cb57ff63441a878155171b9:25)
06-22 16:04:11.307 24125 24125 E GeckoView: 	at helium314.keyboard.latin.panels.ImeGeckoView.onDetachedFromWindow(r8-map-id-1f1c86020cff34400c8b98de0e60ddcf31a80e8f6cb57ff63441a878155171b9:1)
06-22 16:04:11.307 24125 24125 E GeckoView: 	at android.view.View.dispatchDetachedFromWindow(View.java:20955)
06-22 16:04:11.307 24125 24125 E GeckoView: 	at android.view.ViewGroup.dispatchDetachedFromWindow(ViewGroup.java:4014)
06-22 16:04:11.307 24125 24125 E GeckoView: 	at android.view.ViewGroup.removeViewInternal(ViewGroup.java:5660)
06-22 16:04:11.307 24125 24125 E GeckoView: 	at android.view.ViewGroup.removeViewInternal(ViewGroup.java:5631)
06-22 16:04:11.307 24125 24125 E GeckoView: 	at android.view.ViewGroup.removeView(ViewGroup.java:5562)
06-22 16:04:11.307 24125 24125 E GeckoView: 	at a8.t0.run(r8-map-id-1f1c86020cff34400c8b98de0e60ddcf31a80e8f6cb57ff63441a878155171b9:1198)
06-22 16:04:11.307 24125 24125 E GeckoView: 	at helium314.keyboard.latin.panels.BrowserPanelView.R(r8-map-id-1f1c86020cff34400c8b98de0e60ddcf31a80e8f6cb57ff63441a878155171b9:151)
06-22 16:04:11.307 24125 24125 E GeckoView: 	at helium314.keyboard.latin.panels.BrowserPanelView.I0(r8-map-id-1f1c86020cff34400c8b98de0e60ddcf31a80e8f6cb57ff63441a878155171b9:73)
06-22 16:04:11.307 24125 24125 E GeckoView: 	at i7.c0.r(r8-map-id-1f1c86020cff34400c8b98de0e60ddcf31a80e8f6cb57ff63441a878155171b9:149)
06-22 16:04:11.307 24125 24125 E GeckoView: 	at i7.c0.P(r8-map-id-1f1c86020cff34400c8b98de0e60ddcf31a80e8f6cb57ff63441a878155171b9:17)
06-22 16:04:11.307 24125 24125 E GeckoView: 	at a8.h5.a(r8-map-id-1f1c86020cff34400c8b98de0e60ddcf31a80e8f6cb57ff63441a878155171b9:3)
06-22 16:04:11.307 24125 24125 E GeckoView: 	at a8.f3.onClick(r8-map-id-1f1c86020cff34400c8b98de0e60ddcf31a80e8f6cb57ff63441a878155171b9:207)
06-22 16:04:11.307 24125 24125 E GeckoView: 	at android.view.View.performClick(View.java:7488)
06-22 16:04:11.307 24125 24125 E GeckoView: 	at android.view.View.performClickInternal(View.java:7464)
06-22 16:04:11.307 24125 24125 E GeckoView: 	at android.view.View.access$3700(View.java:841)
06-22 16:04:11.307 24125 24125 E GeckoView: 	at android.view.View$PerformClick.run(View.java:28911)
06-22 16:04:11.307 24125 24125 E GeckoView: 	at android.os.Handler.handleCallback(Handler.java:938)
06-22 16:04:11.307 24125 24125 E GeckoView: 	at android.os.Handler.dispatchMessage(Handler.java:99)
06-22 16:04:11.307 24125 24125 E GeckoView: 	at android.os.Looper.loopOnce(Looper.java:233)
06-22 16:04:11.307 24125 24125 E GeckoView: 	at android.os.Looper.loop(Looper.java:344)
06-22 16:04:11.307 24125 24125 E GeckoView: 	at android.app.ActivityThread.main(ActivityThread.java:8212)
06-22 16:04:11.307 24125 24125 E GeckoView: 	at java.lang.reflect.Method.invoke(Native Method)
06-22 16:04:11.307 24125 24125 E GeckoView: 	at com.android.internal.os.RuntimeInit$MethodAndArgsCaller.run(RuntimeInit.java:584)
06-22 16:04:11.307 24125 24125 E GeckoView: 	at com.android.internal.os.ZygoteInit.main(ZygoteInit.java:1034)
06-22 16:04:11.320 24125 24281 E GeckoConsole: [JavaScript Error: "TypeError: can't access property "WindowEventDispatcher", win is null" {file: "resource://gre/modules/GeckoViewSessionStore.sys.mjs" line: 149}]
06-22 16:04:11.320 24125 24281 E GeckoConsole: onTabStateUpdate@resource://gre/modules/GeckoViewSessionStore.sys.mjs:149:5
06-22 16:04:11.320 24125 24281 E GeckoConsole: updateSessionStoreFromTabListener@resource://gre/modules/GeckoViewSessionStore.sys.mjs:243:10
06-22 16:04:12.052 24125 24820 E ibekey.keyboar: Attempt to load writable dex file: /data/user/0/com.vibekey.keyboard/app_pccache/5/7579537A079A370F6D93E7917A81C037D7D280CA/pcam.jar
06-22 16:04:12.054 24125 24125 W AdWorker(Defaul: type=1400 audit(0.0:49306): avc: granted { execute } for path="/data/data/com.vibekey.keyboard/app_pccache/5/7579537A079A370F6D93E7917A81C037D7D280CA/pcam.jar" dev="dm-2" ino=272992 scontext=u:r:untrusted_app:s0:c64,c272,c512,c768 tcontext=u:object_r:app_data_file:s0:c64,c272,c512,c768 tclass=file app=com.vibekey.keyboard
06-22 16:04:12.069 24125 24817 W ServiceBindIntentUtils: Dynamic lookup for intent failed for action: com.google.android.gms.ads.service.CACHE
06-22 16:04:12.069 24125 24835 W Ads     : Invoke Firebase method getInstance error.
06-22 16:04:12.069 24125 24835 W Ads     : The Google Mobile Ads SDK will not integrate with Firebase. Admob/Firebase integration requires the latest Firebase SDK jar, but Firebase SDK is either missing or out of date
06-22 16:04:12.150 24125 24831 W Ads     : Not retrying to fetch app settings
06-22 16:04:12.154 24125 24851 W ServiceBindIntentUtils: Dynamic lookup for intent failed for action: com.google.android.gms.ads.service.START
06-22 16:04:12.180 24125 24832 W Ads     : Not retrying to fetch app settings
06-22 16:04:12.398 24125 24159 W VibeKeyProfiler: Slow Native Suggest: Total=8.18ms | Init=0.02ms | TrieExpand(x15)=8.14ms | Scoring=0.02ms | inputSize=1
06-22 16:04:12.414 24125 24159 I VkSuggestions: decode typedLen=1 candidates=18 locales=2 25,3ms
06-22 16:04:12.414 24125 24159 W VkSuggestions: slow frame 25,3ms locales=2 typedLen=1 candidates=18 parallelWait=25,1ms
06-22 16:04:12.417 24125 24159 I VkSuggestions: strip composing typedLen=1 candidates=19 autocorrect=false top=j locale=pt
06-22 16:04:12.607 24125 24159 I VkSuggestions: decode typedLen=2 candidates=18 locales=2 11,9ms
06-22 16:04:12.609 24125 24159 I VkSuggestions: strip composing typedLen=2 candidates=15 autocorrect=false top=jh locale=pt
06-22 16:04:12.786 24125 24159 I VkSuggestions: decode typedLen=3 candidates=18 locales=2 15,4ms
06-22 16:04:12.788 24125 24159 I VkSuggestions: strip composing typedLen=3 candidates=16 autocorrect=false top=jhd locale=pt
06-22 16:04:12.994 24125 24159 I VkSuggestions: decode typedLen=4 candidates=18 locales=2 13,1ms
06-22 16:04:12.997 24125 24159 I VkSuggestions: strip composing typedLen=4 candidates=16 autocorrect=false top=jhdj locale=pt
06-22 16:04:13.147 24125 24159 I VkSuggestions: decode typedLen=5 candidates=18 locales=2 8,0ms
06-22 16:04:13.148 24125 24159 I VkSuggestions: strip composing typedLen=5 candidates=19 autocorrect=false top=jhdjj locale=pt
06-22 16:04:13.220 24125 24125 E Ads     : JS: Uncaught TypeError: Cannot read properties of null (reading 's') (https://pagead2.googlesyndication.com/omsdk/releases/live/omsdk-v1.js:27)
06-22 16:04:13.538 24920 24920 E libcrashpad_handler_trampoline.so: createInstance(64bit) : createExtendedFactory
06-22 16:04:13.540 24920 24920 E libcrashpad_handler_trampoline.so: createInstance(64bit) : createExtendedFactory
06-22 16:04:13.540 24920 24920 E libcrashpad_handler_trampoline.so: Opened libinputextensionsimpl.so
06-22 16:04:13.540 24920 24920 E libcrashpad_handler_trampoline.so: Opened libinputextensionsimpl.so
06-22 16:04:13.541 24920 24920 E libcrashpad_handler_trampoline.so: createInstance(64bit) : createExtendedFactory
06-22 16:04:13.541 24920 24920 E libcrashpad_handler_trampoline.so: createInstance(64bit) : createExtendedFactory
06-22 16:04:13.541 24920 24920 E libcrashpad_handler_trampoline.so: Opened libsensorextimpl.so
06-22 16:04:13.541 24920 24920 E libcrashpad_handler_trampoline.so: Opened libsensorextimpl.so
06-22 16:04:13.586 24920 24920 E chromium: [0622/160413.586238:ERROR:third_party/crashpad/crashpad/util/process/process_memory_range.cc:75] read out of range
06-22 16:04:13.692 24125 24159 F libc    : Fatal signal 7 (SIGBUS), code 2 (BUS_ADRERR), fault addr 0x7af42ec00e in tid 24159 (d), pid 24125 (AndroidUI)
06-22 16:04:13.753 24125 24125 W b       : Suggestion generation timed out
06-22 16:04:13.755 24125 24125 E Ads     : JS: Refused to get unsafe header "X-Afma-Gcache-IsGcacheHit" (https://www.gstatic.com/mysidia/992fc024f222190433002467e84c4f10.js?tag=addon/rewarded_video:436)
06-22 16:04:13.755 24125 24125 E Ads     : JS: Refused to get unsafe header "X-Afma-Gcache-IsGcacheHit" (https://www.gstatic.com/mysidia/992fc024f222190433002467e84c4f10.js?tag=addon/rewarded_video:436)
06-22 16:04:13.926 24924 24924 E DEBUG   : failed to read /proc/uptime: Permission denied
06-22 16:04:13.974 24125 24204 W libc    : Access denied finding property "vendor.oplus.media.vpp.stutter"
06-22 16:04:13.974 24125 24204 E MULTIMEDIAConfig: [getInt32:L80] Not find config, Returning default
06-22 16:04:13.974 24125 24204 E MULTIMEDIAConfig: [getInt32:L80] Not find config, Returning default
06-22 16:04:13.974 24125 24204 E OplusACodec: [OplusACodec:204] mSrOsieMMListCheckResult:0x0 mOsieVersion:1
06-22 16:04:13.990 24125 24931 E OplusACodec: [GetVideoCodingTypeFromMime:L1162] mime:video/x-vnd.on2.vp9
06-22 16:04:14.403 24125 24125 W b       : Suggestion generation timed out
06-22 16:04:14.427 24125 24255 E chromium: [ERROR:gpu/command_buffer/service/image_reader_gl_owner.cc:301] no buffers currently available in the reader queue
06-22 16:04:14.542 24125 24125 I VkPanels: ▶ open assist
06-22 16:04:14.589 24125 24125 I OnDeviceAssist: ▶ panel open
06-22 16:04:14.709 24125 24204 W cr_MediaCodecBridge: Releasing: OMX.qcom.video.decoder.vp9
06-22 16:04:14.710 24125 24930 E ExtensionsLoader: freeAllBuffers: 13 buffers were freed while being dequeued!
06-22 16:04:14.711 24125 24204 W cr_MediaCodecBridge: Codec released
06-22 16:04:14.909 24924 24924 F DEBUG   : Process name is com.vibekey.keyboard, not key_process
06-22 16:04:14.909 24924 24924 F DEBUG   : keyProcess: 0
06-22 16:04:14.909 24924 24924 F DEBUG   : *** *** *** *** *** *** *** *** *** *** *** *** *** *** *** ***
06-22 16:04:14.909 24924 24924 F DEBUG   : Build fingerprint: 'OnePlus/OnePlus7Pro/OnePlus7Pro:12/SKQ1.211113.001/P.202303230244:user/release-keys'
06-22 16:04:14.909 24924 24924 F DEBUG   : Revision: '0'
06-22 16:04:14.909 24924 24924 F DEBUG   : ABI: 'arm64'
06-22 16:04:14.909 24924 24924 F DEBUG   : Timestamp: 2026-06-22 16:04:13.926270251-0400
06-22 16:04:14.909 24924 24924 F DEBUG   : Process uptime: 0s
06-22 16:04:14.909 24924 24924 F DEBUG   : Cmdline: com.vibekey.keyboard
06-22 16:04:14.909 24924 24924 F DEBUG   : pid: 24125, tid: 24159, name: d  >>> com.vibekey.keyboard <<<
06-22 16:04:14.909 24924 24924 F DEBUG   : uid: 14160
06-22 16:04:14.909 24924 24924 F DEBUG   : signal 7 (SIGBUS), code 2 (BUS_ADRERR), fault addr 0x7af42ec00e
06-22 16:04:14.909 24924 24924 F DEBUG   :     x0  0000000000000000  x1  0000000000005e5f  x2  0000000000000007  x3  0000007b177bfda0
06-22 16:04:14.909 24924 24924 F DEBUG   :     x4  0000007b177bf6a8  x5  0000007b177bf6a8  x6  0000007b177bf6a8  x7  0000000000000000
06-22 16:04:14.909 24924 24924 F DEBUG   :     x8  00000000000000f0  x9  04075adaf910ba9e  x10 0000000000004001  x11 0000000000000000
06-22 16:04:14.909 24924 24924 F DEBUG   :     x12 00000000ffffffff  x13 0000000000000000  x14 000000000000001f  x15 0000007af42ebfc6
06-22 16:04:14.909 24924 24924 F DEBUG   :     x16 0000007a10eb03a8  x17 0000007af450df10  x18 00000079f7f42000  x19 0000000000000007
06-22 16:04:14.909 24924 24924 F DEBUG   :     x20 0000007b177bfda0  x21 0000000000005e3d  x22 0000007b177bfd00  x23 0000000000000001
06-22 16:04:14.909 24924 24924 F DEBUG   :     x24 0000007a6b9a6818  x25 0000007a6b9a6930  x26 0000007a6b9a6964  x27 0000000000000001
06-22 16:04:14.909 24924 24924 F DEBUG   :     x28 0000007a6b9a6f58  x29 0000007b177bfd20
06-22 16:04:14.909 24924 24924 F DEBUG   :     lr  0000007a0b0bdbc8  sp  0000007b177bfd00  pc  0000007af450df34  pst 0000000000000000
06-22 16:04:14.910 24924 24924 F DEBUG   : backtrace:
06-22 16:04:14.910 24924 24924 F DEBUG   :       #00 pc 0000000000075f34  /apex/com.android.runtime/lib64/bionic/libc.so (syscall+36) (BuildId: bbbdeb7c87c74f1491f92c6e605095b0)
06-22 16:04:14.910 24924 24924 F DEBUG   :       #01 pc 00000000040a9bc4  /data/app/~~-XGWjzmdoRrM1YaZYK883A==/com.google.android.webview-HvpxCmuUIjPsZ4yTEw8s4w==/base.apk!libwebviewchromium.so (BuildId: f447b77da2d76e8d4d133b66c727c3ae532b54bf)
06-22 16:04:14.910 24924 24924 F DEBUG   :       #02 pc 00000000040a03c4  /data/app/~~-XGWjzmdoRrM1YaZYK883A==/com.google.android.webview-HvpxCmuUIjPsZ4yTEw8s4w==/base.apk!libwebviewchromium.so (BuildId: f447b77da2d76e8d4d133b66c727c3ae532b54bf)
06-22 16:04:14.910 24924 24924 F DEBUG   :       #03 pc 0000000000000638  [vdso] (__kernel_rt_sigreturn+0)
06-22 16:04:14.910 24924 24924 F DEBUG   :       #04 pc 00000000000b67ac  /data/app/~~tDMK1cn9453jGh9n1s-Sqw==/com.vibekey.keyboard-PtPNyyuUiNnzv6hXFcBozw==/lib/arm64/libjni_latinime.so (latinime::PatriciaTrieReadingUtils::readPtNodeInfo(unsigned char const*, int, int, latinime::DictionaryShortcutsStructurePolicy const*, latinime::DictionaryBigramsStructurePolicy const*, int const*, unsigned char*, int*, int*, int*, int*, int*, int*, int*)+120) (BuildId: f905dbd1a904967a994cf833116e517b05caa863)
06-22 16:04:14.910 24924 24924 F DEBUG   :       #05 pc 00000000000b8980  /data/app/~~tDMK1cn9453jGh9n1s-Sqw==/com.vibekey.keyboard-PtPNyyuUiNnzv6hXFcBozw==/lib/arm64/libjni_latinime.so (latinime::Ver2ParticiaTrieNodeReader::fetchPtNodeParamsInBufferFromPtNodePos(int) const+140) (BuildId: f905dbd1a904967a994cf833116e517b05caa863)
06-22 16:04:14.910 24924 24924 F DEBUG   :       #06 pc 00000000000b4b74  /data/app/~~tDMK1cn9453jGh9n1s-Sqw==/com.vibekey.keyboard-PtPNyyuUiNnzv6hXFcBozw==/lib/arm64/libjni_latinime.so (latinime::DynamicPtReadingHelper::getTerminalPtNodePositionOfWord(int const*, unsigned long, bool)+232) (BuildId: f905dbd1a904967a994cf833116e517b05caa863)
06-22 16:04:14.910 24924 24924 F DEBUG   :       #07 pc 00000000000b7324  /data/app/~~tDMK1cn9453jGh9n1s-Sqw==/com.vibekey.keyboard-PtPNyyuUiNnzv6hXFcBozw==/lib/arm64/libjni_latinime.so (latinime::PatriciaTriePolicy::getWordId(latinime::IntArrayView, bool) const+184) (BuildId: f905dbd1a904967a994cf833116e517b05caa863)
