=== VibeKey 4.5.71 (4439) ===

--------- beginning of system
07-20 13:13:05.401  5255  5255 E OplusCustomizeRestrictionManager: sInstance is null, start a new sInstance
07-20 13:14:34.911  5255  6471 E ActivityThread: Failed to find provider info for com.oplus.statistics.provider
07-20 13:14:34.911  5255  6471 E OplusStatistics--: IllegalArgumentException:java.lang.IllegalArgumentException: Unknown URL content://com.oplus.statistics.provider/track_event
--------- beginning of crash
07-20 13:15:04.104  5255  5694 F libc    : Fatal signal 7 (SIGBUS), code 2 (BUS_ADRERR), fault addr 0x7601acbbf2 in tid 5694 (f), pid 5255 (ibekey.keyboard)
07-20 13:15:05.176  6585  6585 F DEBUG   : Process name is com.vibekey.keyboard, not key_process
07-20 13:15:05.176  6585  6585 F DEBUG   : keyProcess: 0
07-20 13:15:05.176  6585  6585 F DEBUG   : *** *** *** *** *** *** *** *** *** *** *** *** *** *** *** ***
07-20 13:15:05.176  6585  6585 F DEBUG   : Build fingerprint: 'OnePlus/OnePlus7Pro/OnePlus7Pro:12/SKQ1.211113.001/P.202303230244:user/release-keys'
07-20 13:15:05.176  6585  6585 F DEBUG   : Revision: '0'
07-20 13:15:05.176  6585  6585 F DEBUG   : ABI: 'arm64'
07-20 13:15:05.176  6585  6585 F DEBUG   : Timestamp: 2026-07-20 13:15:04.315894645-0400
07-20 13:15:05.176  6585  6585 F DEBUG   : Process uptime: 0s
07-20 13:15:05.176  6585  6585 F DEBUG   : Cmdline: com.vibekey.keyboard
07-20 13:15:05.176  6585  6585 F DEBUG   : pid: 5255, tid: 5694, name: f  >>> com.vibekey.keyboard <<<
07-20 13:15:05.176  6585  6585 F DEBUG   : uid: 14345
07-20 13:15:05.176  6585  6585 F DEBUG   : signal 7 (SIGBUS), code 2 (BUS_ADRERR), fault addr 0x7601acbbf2
07-20 13:15:05.176  6585  6585 F DEBUG   :     x0  000000760199e059  x1  00000000001446cc  x2  00000075c3546c94  x3  00000075fbd0fbbc
07-20 13:15:05.176  6585  6585 F DEBUG   :     x4  b4000075c3b14a48  x5  00000075c3546f48  x6  0000000000000074  x7  0000000000000074
07-20 13:15:05.176  6585  6585 F DEBUG   :     x8  0000000000000000  x9  00000000001446cb  x10 000000000012db99  x11 000000000012db9a
07-20 13:15:05.176  6585  6585 F DEBUG   :     x12 00000000000000ea  x13 b4000075b5669cc0  x14 0000000000000013  x15 00000000b58637bd
07-20 13:15:05.176  6585  6585 F DEBUG   :     x16 00000075fbdb0980  x17 00000075fbd0f2c8  x18 0000007573b66000  x19 00000075c3546ce8
07-20 13:15:05.176  6585  6585 F DEBUG   :     x20 00000075c3546f00  x21 b4000075b2cec500  x22 00000000001446cc  x23 00000075c3548f80
07-20 13:15:05.176  6585  6585 F DEBUG   :     x24 b4000075c3b14a00  x25 b4000075b2cec510  x26 0000000000005a00  x27 b4000075c3b11080
07-20 13:15:05.176  6585  6585 F DEBUG   :     x28 0000000000000000  x29 00000075c3546ca0
07-20 13:15:05.176  6585  6585 F DEBUG   :     lr  00000075fbd0fc30  sp  00000075c3546c90  pc  00000075fbd0f2f8  pst 0000000020000000
07-20 13:15:05.176  6585  6585 F DEBUG   : backtrace:
07-20 13:15:05.176  6585  6585 F DEBUG   :       #00 pc 00000000000b62f8  /data/app/~~yvn7NiPijrLYj_e069Ggtw==/com.vibekey.keyboard-ZtpoPtL8L1b9lUvOlc5bAQ==/lib/arm64/libjni_latinime.so (latinime::PatriciaTrieReadingUtils::getPtNodeArraySizeAndAdvancePosition(unsigned char const*, int, int*)+48) (BuildId: f905dbd1a904967a994cf833116e517b05caa863)
07-20 13:15:05.176  6585  6585 F DEBUG   :       #01 pc 00000000000b6c2c  /data/app/~~yvn7NiPijrLYj_e069Ggtw==/com.vibekey.keyboard-ZtpoPtL8L1b9lUvOlc5bAQ==/lib/arm64/libjni_latinime.so (latinime::PatriciaTriePolicy::createAndGetAllChildDicNodes(latinime::DicNode const*, latinime::DicNodeVector*) const+112) (BuildId: f905dbd1a904967a994cf833116e517b05caa863)
07-20 13:15:05.176  6585  6585 F DEBUG   :       #02 pc 00000000000d598c  /data/app/~~yvn7NiPijrLYj_e069Ggtw==/com.vibekey.keyboard-ZtpoPtL8L1b9lUvOlc5bAQ==/lib/arm64/libjni_latinime.so (latinime::Suggest::processDicNodeAsOmission(latinime::DicTraverseSession*, latinime::DicNode*) const+84) (BuildId: f905dbd1a904967a994cf833116e517b05caa863)
07-20 13:15:05.176  6585  6585 F DEBUG   :       #03 pc 00000000000d4a88  /data/app/~~yvn7NiPijrLYj_e069Ggtw==/com.vibekey.keyboard-ZtpoPtL8L1b9lUvOlc5bAQ==/lib/arm64/libjni_latinime.so (latinime::Suggest::expandCurrentDicNodes(latinime::DicTraverseSession*) const+1732) (BuildId: f905dbd1a904967a994cf833116e517b05caa863)
07-20 13:15:05.176  6585  6585 F DEBUG   :       #04 pc 00000000000d3c0c  /data/app/~~yvn7NiPijrLYj_e069Ggtw==/com.vibekey.keyboard-ZtpoPtL8L1b9lUvOlc5bAQ==/lib/arm64/libjni_latinime.so (latinime::Suggest::getSuggestions(latinime::ProximityInfo*, void*, int*, int*, int*, int*, int*, int, float, latinime::SuggestionResults*) const+504) (BuildId: f905dbd1a904967a994cf833116e517b05caa863)
07-20 13:15:05.176  6585  6585 F DEBUG   :       #05 pc 000000000009fd88  /data/app/~~yvn7NiPijrLYj_e069Ggtw==/com.vibekey.keyboard-ZtpoPtL8L1b9lUvOlc5bAQ==/lib/arm64/libjni_latinime.so (BuildId: f905dbd1a904967a994cf833116e517b05caa863)
07-20 13:15:05.176  6585  6585 F DEBUG   :       #06 pc 00000000002c23a0  /apex/com.android.art/lib64/libart.so (art_quick_generic_jni_trampoline+144) (BuildId: cecb684d19b4f44ee3cbd66142c315f4)
07-20 13:15:05.176  6585  6585 F DEBUG   :       #07 pc 0000000002177c78  /memfd:jit-cache (deleted)
07-20 13:15:08.098  6644  6644 E OplusCustomizeRestrictionManager: sInstance is null, start a new sInstance
--------- beginning of main
07-20 13:15:38.916  6644  6697 I VkSuggestions: decode typedLen=2 candidates=18 locales=5 19,7ms
07-20 13:15:38.916  6644  6697 W VkSuggestions: slow frame 19,7ms locales=5 typedLen=2 candidates=18 parallelWait=19,6ms
07-20 13:15:38.917  6644  6697 I VkSuggestions: strip composing typedLen=2 candidates=15 autocorrect=false top=hh locale=en
07-20 13:15:38.920  6644  6644 I VkSuggestions: stripUi prediction=false children=5 [hh|he|HB]
07-20 13:15:39.212  6644  6697 I VkSuggestions: decode typedLen=4 candidates=18 locales=5 20,2ms
07-20 13:15:39.212  6644  6697 W VkSuggestions: slow frame 20,2ms locales=5 typedLen=4 candidates=18 parallelWait=20,1ms
07-20 13:15:39.214  6644  6697 I VkSuggestions: strip composing typedLen=4 candidates=17 autocorrect=false top=hhdh locale=en
07-20 13:15:39.217  6644  6644 I VkSuggestions: stripUi prediction=false children=5 [hhdh|hash|HHD]
07-20 13:15:39.416  6644  6697 I VkSuggestions: decode typedLen=5 candidates=18 locales=5 24,3ms
07-20 13:15:39.417  6644  6697 W VkSuggestions: slow frame 24,3ms locales=5 typedLen=5 candidates=18 parallelWait=24,0ms
07-20 13:15:39.419  6644  6697 I VkSuggestions: strip composing typedLen=5 candidates=17 autocorrect=false top=hhdhh locale=en
07-20 13:15:39.425  6644  6644 I VkSuggestions: stripUi prediction=false children=5 [hhdhh|hash|Hohenheim]
07-20 13:15:40.513  6644  6644 W VkStall : MAIN-THREAD STALL 184ms during: >>>>> Dispatching to Handler (u9.v0) {4e97889} null: 1
07-20 13:15:40.617  6644  6697 I VkSuggestions: strip prediction typedLen=0 candidates=3 autocorrect=false top=i locale=en
07-20 13:15:40.630  6644  6644 I VkSuggestions: stripUi prediction=true children=5 [it|i|he]
07-20 13:15:41.285  6644  6697 W VibeKeyProfiler: Slow Native Suggest: Total=12.88ms | Init=0.34ms | TrieExpand(x18)=12.48ms | Scoring=0.05ms | inputSize=1
07-20 13:15:41.294  6644  6697 W VibeKeyProfiler: Slow Native Suggest: Total=8.12ms | Init=0.32ms | TrieExpand(x14)=7.77ms | Scoring=0.04ms | inputSize=1
07-20 13:15:41.305  6644  6697 W VibeKeyProfiler: Slow Native Suggest: Total=9.06ms | Init=0.30ms | TrieExpand(x14)=8.73ms | Scoring=0.03ms | inputSize=1
07-20 13:15:41.343  6644  6697 I VkSuggestions: decode typedLen=1 candidates=18 locales=5 72,1ms
07-20 13:15:41.344  6644  6697 W VkSuggestions: slow frame 72,1ms locales=5 typedLen=1 candidates=18 parallelWait=71,8ms
07-20 13:15:41.345  6644  6697 I VkSuggestions: strip composing typedLen=1 candidates=15 autocorrect=false top=b locale=en
07-20 13:15:41.350  6644  6644 I VkSuggestions: stripUi prediction=false children=5 [b|🅱️|by]
07-20 13:15:41.566  6644  6697 W VibeKeyProfiler: Slow Native Suggest: Total=8.26ms | Init=0.03ms | TrieExpand(x13)=8.19ms | Scoring=0.04ms | inputSize=2
07-20 13:15:41.593  6644  6697 I VkSuggestions: decode typedLen=2 candidates=18 locales=5 45,5ms
07-20 13:15:41.594  6644  6697 W VkSuggestions: slow frame 45,5ms locales=5 typedLen=2 candidates=18 parallelWait=45,1ms
07-20 13:15:41.596  6644  6697 I VkSuggestions: strip composing typedLen=2 candidates=15 autocorrect=false top=bo locale=en
07-20 13:15:41.606  6644  6644 I VkSuggestions: stripUi prediction=false children=5 [bo|🇧🇴|no]
07-20 13:15:41.818  6644  6697 W VibeKeyProfiler: Slow Native Suggest: Total=10.20ms | Init=0.12ms | TrieExpand(x18)=10.03ms | Scoring=0.05ms | inputSize=3
07-20 13:15:41.860  6644  6697 I VkSuggestions: decode typedLen=3 candidates=18 locales=5 53,1ms
07-20 13:15:41.860  6644  6697 W VkSuggestions: slow frame 53,1ms locales=5 typedLen=3 candidates=18 parallelWait=52,6ms
07-20 13:15:41.863  6644  6697 I VkSuggestions: strip composing typedLen=3 candidates=16 autocorrect=false top=bom locale=en
07-20 13:15:41.867  6644  6644 I VkSuggestions: stripUi prediction=false children=5 [bom|👏|🦸]
07-20 13:15:42.573  6644  6644 I VkAutocorrect: picked: bom
07-20 13:15:42.679  6644  6697 I VkNgram : contextual locale=pt prev=bom → dia, trabalho, noite
07-20 13:15:42.679  6644  6697 I VkNgram : merge locale=pt prev=bom preds=8 contextual=5 assets=true
07-20 13:15:42.681  6644  6697 I VkSuggestions: strip prediction typedLen=0 candidates=3 autocorrect=false top=trabalho locale=pt
07-20 13:15:42.689  6644  6644 I VkSuggestions: stripUi prediction=true children=5 [momento|trabalho|desempenho]
07-20 13:15:45.339  6644  6644 I VkPanels: ○ close menu
07-20 13:15:45.347  6644  6644 I VkPanels: ▶ open menu
07-20 13:15:45.353  6644  6666 I VkLocaleAssets: ▶ batch source=menu_panel count=5 [en-AU,es-US,hi-IN,pt-BR,fr]
07-20 13:15:45.354  6644  6666 I VkLocaleAssets: preload predictors en-AU
07-20 13:15:45.354  6644  6666 I VkLocaleAssets: ○ ready en-AU (cached)
07-20 13:15:45.356  6644  6666 I VkLocaleAssets: preload predictors es-US
07-20 13:15:45.356  6644  6666 I VkLocaleAssets: ○ ready es-US (cached)
07-20 13:15:45.357  6644  6666 I VkLocaleAssets: preload predictors hi-IN
07-20 13:15:45.357  6644  6666 I VkLocaleAssets: ○ ready hi-IN (cached)
07-20 13:15:45.359  6644  6666 I VkLocaleAssets: preload predictors pt-BR
07-20 13:15:45.359  6644  6666 I VkLocaleAssets: ○ ready pt-BR (cached)
07-20 13:15:45.360  6644  6666 I VkLocaleAssets: preload predictors fr
07-20 13:15:45.360  6644  6666 I VkLocaleAssets: ○ ready fr (cached)
07-20 13:15:45.363  6644  6666 I VkLocaleAssets: ✓ batch source=menu_panel locales=5 fetched=0
07-20 13:15:46.802  6644  6644 I VkPanels: ○ close menu
07-20 13:15:47.413  6644  6697 I VkSuggestions: decode typedLen=1 candidates=18 locales=5 37,9ms
07-20 13:15:47.413  6644  6697 W VkSuggestions: slow frame 37,9ms locales=5 typedLen=1 candidates=18 parallelWait=37,6ms
07-20 13:15:47.414  6644  6697 I VkSuggestions: strip composing typedLen=1 candidates=19 autocorrect=false top=h locale=pt
07-20 13:15:47.417  6644  6644 I VkSuggestions: stripUi prediction=false children=5 [h|🕐|🕑]
07-20 13:15:47.571  6644  6697 I VkSuggestions: decode typedLen=2 candidates=18 locales=5 21,2ms
07-20 13:15:47.572  6644  6697 W VkSuggestions: slow frame 21,2ms locales=5 typedLen=2 candidates=18 parallelWait=21,1ms
07-20 13:15:47.573  6644  6697 I VkSuggestions: strip composing typedLen=2 candidates=15 autocorrect=false top=hg locale=pt
07-20 13:15:47.576  6644  6644 I VkSuggestions: stripUi prediction=false children=5 [hg|JG|if]
07-20 13:15:47.770  6644  6697 W VibeKeyProfiler: Slow Native Suggest: Total=8.72ms | Init=0.09ms | TrieExpand(x14)=8.58ms | Scoring=0.05ms | inputSize=3
07-20 13:15:47.783  6644  6697 W VibeKeyProfiler: Slow Native Suggest: Total=8.74ms | Init=0.05ms | TrieExpand(x11)=8.65ms | Scoring=0.04ms | inputSize=3
07-20 13:15:47.810  6644  6697 I VkSuggestions: decode typedLen=3 candidates=18 locales=5 49,2ms
07-20 13:15:47.810  6644  6697 W VkSuggestions: slow frame 49,2ms locales=5 typedLen=3 candidates=18 parallelWait=49,0ms
07-20 13:15:47.812  6644  6697 I VkSuggestions: strip composing typedLen=3 candidates=17 autocorrect=false top=hgv locale=pt
07-20 13:15:47.817  6644  6644 I VkSuggestions: stripUi prediction=false children=5 [hgv|HGH|IgG]
07-20 13:15:47.946  6644  6697 I VkSuggestions: decode typedLen=4 candidates=18 locales=5 21,7ms
07-20 13:15:47.947  6644  6697 W VkSuggestions: slow frame 21,7ms locales=5 typedLen=4 candidates=18 parallelWait=21,5ms
07-20 13:15:47.949  6644  6697 I VkSuggestions: strip composing typedLen=4 candidates=17 autocorrect=false top=hgvd locale=pt
07-20 13:15:47.952  6644  6644 I VkSuggestions: stripUi prediction=false children=5 [hgvd|IBGE|give]
07-20 13:15:48.182  6644  6644 I VkSwipe : ▶ gesture started locale=pt-BR
07-20 13:15:48.211  6644  6697 W VkSuggestions: slow frame 23,7ms locales=5 typedLen=4 candidates=18 parallelWait=23,5ms
07-20 13:15:48.241  6644  6697 I VkSuggestions: decode typedLen=0 candidates=18 locales=5 29,6ms
07-20 13:15:48.241  6644  6697 W VkSuggestions: slow frame 29,6ms locales=5 typedLen=0 candidates=18 parallelWait=29,4ms
07-20 13:15:48.248  6644  6644 I VkSuggestions: stripUi prediction=false children=5 [ihf|ehf|kgb]
07-20 13:15:48.511  6644  6697 I VkSuggestions: decode typedLen=5 candidates=18 locales=5 26,4ms
07-20 13:15:48.511  6644  6697 W VkSuggestions: slow frame 26,4ms locales=5 typedLen=5 candidates=18 parallelWait=26,2ms
07-20 13:15:48.541  6644  6697 I VkSuggestions: decode typedLen=0 candidates=18 locales=5 29,8ms
07-20 13:15:48.542  6644  6697 W VkSuggestions: slow frame 29,8ms locales=5 typedLen=0 candidates=18 parallelWait=29,6ms
07-20 13:15:48.547  6644  6644 I VkSuggestions: stripUi prediction=false children=5 [khasi|khufu|kofi]
07-20 13:15:48.624  6644  6697 I VkSuggestions: decode typedLen=5 candidates=18 locales=5 23,4ms
07-20 13:15:48.625  6644  6697 W VkSuggestions: slow frame 23,4ms locales=5 typedLen=5 candidates=18 parallelWait=23,2ms
07-20 13:15:48.654  6644  6697 I VkSuggestions: decode typedLen=0 candidates=18 locales=5 29,2ms
07-20 13:15:48.654  6644  6697 W VkSuggestions: slow frame 29,2ms locales=5 typedLen=0 candidates=18 parallelWait=29,0ms
07-20 13:15:48.717  6644  6697 I VkSuggestions: decode typedLen=6 candidates=18 locales=5 27,6ms
07-20 13:15:48.717  6644  6697 W VkSuggestions: slow frame 27,6ms locales=5 typedLen=6 candidates=18 parallelWait=27,4ms
07-20 13:15:48.744  6644  6697 I VkSuggestions: decode typedLen=0 candidates=18 locales=5 26,8ms
07-20 13:15:48.744  6644  6697 W VkSuggestions: slow frame 26,8ms locales=5 typedLen=0 candidates=18 parallelWait=26,7ms
07-20 13:15:48.751  6644  6644 I VkSuggestions: stripUi prediction=false children=5 [kHz|kg|keg]
07-20 13:15:48.761  6644  6644 I VkSwipe : ✓ gesture points=56 decodedLen=3 candidates=10 top=kgf 580ms
07-20 13:15:49.141  6644  6697 I VkSuggestions: decode typedLen=2 candidates=18 locales=5 19,5ms
07-20 13:15:49.141  6644  6697 W VkSuggestions: slow frame 19,5ms locales=5 typedLen=2 candidates=18 parallelWait=19,3ms
07-20 13:15:49.142  6644  6697 I VkSuggestions: strip composing typedLen=2 candidates=13 autocorrect=false top=dk locale=pt
07-20 13:15:49.146  6644  6644 I VkSuggestions: stripUi prediction=false children=5 [dk|🇩🇰|DJ]
07-20 13:15:49.358  6644  6697 I VkSuggestions: decode typedLen=3 candidates=18 locales=5 19,9ms
07-20 13:15:49.358  6644  6697 W VkSuggestions: slow frame 19,9ms locales=5 typedLen=3 candidates=18 parallelWait=19,7ms
07-20 13:15:49.359  6644  6697 I VkSuggestions: strip composing typedLen=3 candidates=16 autocorrect=false top=dkj locale=pt
07-20 13:15:49.363  6644  6644 I VkSuggestions: stripUi prediction=false children=5 [dkj|DKK|sin]
07-20 13:15:49.516  6644  6697 I VkSuggestions: decode typedLen=4 candidates=18 locales=5 20,2ms
07-20 13:15:49.516  6644  6697 W VkSuggestions: slow frame 20,2ms locales=5 typedLen=4 candidates=18 parallelWait=20,1ms
07-20 13:15:49.517  6644  6697 I VkSuggestions: strip composing typedLen=4 candidates=19 autocorrect=false top=dkjd locale=pt
07-20 13:15:49.521  6644  6644 I VkSuggestions: stripUi prediction=false children=5 [dkjd|dije|find]
07-20 13:15:49.633  6644  6697 I VkSuggestions: decode typedLen=5 candidates=18 locales=5 8,7ms
07-20 13:15:49.635  6644  6697 I VkSuggestions: strip composing typedLen=5 candidates=14 autocorrect=false top=dkjdk locale=pt
07-20 13:15:49.638  6644  6644 I VkSuggestions: stripUi prediction=false children=5 [dkjdk|Dijon|fijen]
07-20 13:15:49.808  6644  6697 I VkSuggestions: decode typedLen=6 candidates=18 locales=5 3,8ms
07-20 13:15:49.810  6644  6697 I VkSuggestions: strip composing typedLen=6 candidates=16 autocorrect=false top=dkjdkj locale=pt
07-20 13:15:49.814  6644  6644 I VkSuggestions: stripUi prediction=false children=5 [dkjdkj|Dijon|dijonnais]
07-20 13:15:49.939  6644  6697 I VkSuggestions: decode typedLen=7 candidates=18 locales=5 9,0ms
07-20 13:15:49.944  6644  6697 I VkSuggestions: strip composing typedLen=7 candidates=16 autocorrect=false top=dkjdkjd locale=pt
07-20 13:15:49.955  6644  6644 I VkSuggestions: stripUi prediction=false children=5 [dkjdkjd|Djenné|Dijon]
07-20 13:15:50.809  6644  6644 I VkSuggestions: stripUi prediction=false children=5 [kgf|kg|kHz]
07-20 13:15:51.037  6644  6644 I VkSuggestions: stripUi prediction=false children=5 [hgvd|IBGE|give]
07-20 13:15:51.316  6644  6644 I VkSuggestions: stripUi prediction=false children=5 [bom|👏|🦸]
07-20 13:15:51.650  6644  6697 I VkNgram : merge locale=pt prev= preds=8 contextual=0 assets=true
07-20 13:15:51.652  6644  6697 I VkSuggestions: strip prediction typedLen=0 candidates=3 autocorrect=false top=o locale=pt
07-20 13:15:51.665  6644  6644 I VkSuggestions: stripUi prediction=true children=5 [a|o|em]
07-20 13:15:52.624  6644  6644 I VkEffects: reload anim=scale blur=0px glow=false stickers=true
07-20 13:15:52.762  6644  6644 W VkStall : MAIN-THREAD STALL 141ms during: >>>>> Dispatching to Handler (android.os.Handler) {f911b61} ia.q@7af1554: 0
07-20 13:15:53.039  6644  6644 W VkStall : MAIN-THREAD STALL 135ms during: >>>>> Dispatching to Handler (android.os.Handler) {f911b61} ia.q@7af1554: 0
07-20 13:15:53.047  6644  6644 I VkPanels: ○ close menu
07-20 13:15:53.053  6644  6644 I VkPanels: ▶ open ai_theme
07-20 13:15:53.113  6644  6889 E ibekey.keyboar: Attempt to load writable dex file: /data/user/0/com.vibekey.keyboard/app_yqzdkcache/rbp/1770852720500.jar
07-20 13:15:53.138  6644  6876 W Ads     : Invoke Firebase method getInstance error.
07-20 13:15:53.138  6644  6876 W Ads     : The Google Mobile Ads SDK will not integrate with Firebase. Admob/Firebase integration requires the latest Firebase SDK jar, but Firebase SDK is either missing or out of date
07-20 13:15:53.148  6644  6871 W ServiceBindIntentUtils: Dynamic lookup for intent failed for action: com.google.android.gms.ads.service.CACHE
07-20 13:15:53.209  6644  6903 W ServiceBindIntentUtils: Dynamic lookup for intent failed for action: com.google.android.gms.ads.service.START
07-20 13:15:54.115  6644  6644 I VkPanels: ○ close menu
07-20 13:15:54.124  6644  6644 I VkPanels: ▶ open menu
07-20 13:15:54.128  6644  6667 I VkLocaleAssets: ▶ batch source=menu_panel count=5 [en-AU,es-US,hi-IN,pt-BR,fr]
07-20 13:15:54.130  6644  6667 I VkLocaleAssets: preload predictors en-AU
07-20 13:15:54.130  6644  6667 I VkLocaleAssets: ○ ready en-AU (cached)
07-20 13:15:54.131  6644  6667 I VkLocaleAssets: preload predictors es-US
07-20 13:15:54.132  6644  6667 I VkLocaleAssets: ○ ready es-US (cached)
07-20 13:15:54.133  6644  6667 I VkLocaleAssets: preload predictors hi-IN
07-20 13:15:54.133  6644  6667 I VkLocaleAssets: ○ ready hi-IN (cached)
07-20 13:15:54.134  6644  6667 I VkLocaleAssets: preload predictors pt-BR
07-20 13:15:54.135  6644  6667 I VkLocaleAssets: ○ ready pt-BR (cached)
07-20 13:15:54.136  6644  6667 I VkLocaleAssets: preload predictors fr
07-20 13:15:54.137  6644  6667 I VkLocaleAssets: ○ ready fr (cached)
07-20 13:15:54.139  6644  6667 I VkLocaleAssets: ✓ batch source=menu_panel locales=5 fetched=0
07-20 13:15:55.975  6644  6644 E Ads     : JS: Refused to get unsafe header "X-Afma-Gcache-IsGcacheHit" (https://imasdk.googleapis.com/admob/sdkloader/gma_vast_video_player_20260715_00.0/simid_player_core.js:508)
07-20 13:15:55.986  6644  6644 E Ads     : JS: Refused to get unsafe header "X-Afma-Gcache-IsGcacheHit" (https://imasdk.googleapis.com/admob/sdkloader/gma_vast_video_player_20260715_00.0/simid_player_core.js:508)
07-20 13:15:56.047  6644  6765 W libc    : Access denied finding property "vendor.oplus.media.vpp.stutter"
07-20 13:15:56.053  6644  6765 E MULTIMEDIAConfig: [getInt32:L80] Not find config, Returning default
07-20 13:15:56.053  6644  6765 E MULTIMEDIAConfig: [getInt32:L80] Not find config, Returning default
07-20 13:15:56.053  6644  6765 E OplusACodec: [OplusACodec:204] mSrOsieMMListCheckResult:0x0 mOsieVersion:1
07-20 13:15:56.096  6644  6941 E OplusACodec: [GetVideoCodingTypeFromMime:L1162] mime:video/x-vnd.on2.vp9
07-20 13:15:56.141  6644  6644 I VkMultilingual: menu languages total=2
07-20 13:15:56.142  6644  6644 I VkLocaleAssets: ▶ panel background fetch count=5 [en-AU,es-US,hi-IN,pt-BR,fr]
07-20 13:15:56.144  6644  6667 I VkLocaleAssets: preload predictors en-AU
07-20 13:15:56.144  6644  6667 I VkLocaleAssets: ○ ready en-AU (cached)
07-20 13:15:56.146  6644  6667 I VkLocaleAssets: preload predictors es-US
07-20 13:15:56.146  6644  6667 I VkLocaleAssets: ○ ready es-US (cached)
07-20 13:15:56.148  6644  6667 I VkLocaleAssets: preload predictors hi-IN
07-20 13:15:56.148  6644  6667 I VkLocaleAssets: ○ ready hi-IN (cached)
07-20 13:15:56.150  6644  6667 I VkLocaleAssets: preload predictors pt-BR
07-20 13:15:56.150  6644  6667 I VkLocaleAssets: ○ ready pt-BR (cached)
07-20 13:15:56.155  6644  6667 I VkLocaleAssets: preload predictors fr
07-20 13:15:56.155  6644  6667 I VkLocaleAssets: ○ ready fr (cached)
07-20 13:15:56.269  6644  6765 W cr_MediaCodecBridge: Releasing: OMX.qcom.video.decoder.vp9
07-20 13:15:56.270  6644  6939 E ExtensionsLoader: freeAllBuffers: 13 buffers were freed while being dequeued!
07-20 13:15:56.271  6644  6765 W cr_MediaCodecBridge: Codec released
07-20 13:15:56.662  6644  6644 E Ads     : JS: Refused to get unsafe header "X-Afma-Gcache-IsGcacheHit" (https://imasdk.googleapis.com/admob/sdkloader/gma_vast_video_player_20260715_00.0/simid_player_core.js:508)
07-20 13:15:56.663  6644  6644 E Ads     : JS: Refused to get unsafe header "X-Afma-Gcache-IsGcacheHit" (https://imasdk.googleapis.com/admob/sdkloader/gma_vast_video_player_20260715_00.0/simid_player_core.js:508)
07-20 13:15:56.722  6644  6766 W libc    : Access denied finding property "vendor.oplus.media.vpp.stutter"
07-20 13:15:56.723  6644  6766 E MULTIMEDIAConfig: [getInt32:L80] Not find config, Returning default
07-20 13:15:56.723  6644  6766 E MULTIMEDIAConfig: [getInt32:L80] Not find config, Returning default
07-20 13:15:56.723  6644  6766 E OplusACodec: [OplusACodec:204] mSrOsieMMListCheckResult:0x0 mOsieVersion:1
07-20 13:15:56.741  6644  6959 E OplusACodec: [GetVideoCodingTypeFromMime:L1162] mime:video/x-vnd.on2.vp9
07-20 13:15:56.815  6644  6770 W chromium: [WARNING:services/audio/sync_reader.cc:154] ASR: No room in socket buffer.: Broken pipe (32)
07-20 13:15:56.820  6644  6765 W cr_MediaCodecBridge: Releasing: OMX.qcom.video.decoder.vp9
07-20 13:15:56.821  6644  6958 E ExtensionsLoader: freeAllBuffers: 13 buffers were freed while being dequeued!
07-20 13:15:56.822  6644  6765 W cr_MediaCodecBridge: Codec released
07-20 13:15:58.470  6644  6644 W k1      : selected subtype SettingsSubtype(locale=es_US, extraValues=KeyboardLayoutSet=MAIN:qwerty+) / es-US§KeyboardLayoutSet=MAIN:qwerty+ not found
07-20 13:15:58.491  6644  6644 I VkMultilingual: menu languages total=2
07-20 13:15:58.491  6644  6644 I VkLocaleAssets: ▶ panel background fetch count=5 [en-AU,es-US,hi-IN,pt-BR,fr]
07-20 13:15:58.493  6644  6667 I VkLocaleAssets: preload predictors en-AU
07-20 13:15:58.493  6644  6667 I VkLocaleAssets: ○ ready en-AU (cached)
07-20 13:15:58.495  6644  6667 I VkLocaleAssets: preload predictors es-US
07-20 13:15:58.495  6644  6667 I VkLocaleAssets: ○ ready es-US (cached)
07-20 13:15:58.497  6644  6667 I VkLocaleAssets: preload predictors hi-IN
07-20 13:15:58.497  6644  6667 I VkLocaleAssets: ○ ready hi-IN (cached)
07-20 13:15:58.499  6644  6667 I VkLocaleAssets: preload predictors pt-BR
07-20 13:15:58.499  6644  6667 I VkLocaleAssets: ○ ready pt-BR (cached)
07-20 13:15:58.501  6644  6667 I VkLocaleAssets: preload predictors fr
07-20 13:15:58.501  6644  6667 I VkLocaleAssets: ○ ready fr (cached)
07-20 13:15:58.513  6644  6644 W k1      : selected subtype SettingsSubtype(locale=es_US, extraValues=KeyboardLayoutSet=MAIN:qwerty+) / es-US§KeyboardLayoutSet=MAIN:qwerty+ not found
07-20 13:15:58.516  6644  6644 W k1      : selected subtype SettingsSubtype(locale=es_US, extraValues=KeyboardLayoutSet=MAIN:qwerty+) / es-US§KeyboardLayoutSet=MAIN:qwerty+ not found
07-20 13:15:58.519  6644  6644 I VkMultilingual: reset main=es-US locales=[es,en,es,hi,pt,fr] count=6
07-20 13:15:58.635  6644  6697 I VkNgram : merge locale=es prev= preds=8 contextual=0 assets=true
07-20 13:15:58.640  6644  6697 I VkSuggestions: strip prediction typedLen=0 candidates=3 autocorrect=false top=el locale=es
07-20 13:16:00.845  6644  6644 I VkPanels: ○ close menu
07-20 13:16:01.793  6644  6697 W VibeKeyProfiler: Slow Native Suggest: Total=11.21ms | Init=0.04ms | TrieExpand(x15)=11.14ms | Scoring=0.03ms | inputSize=1
07-20 13:16:01.832  6644  6697 I VkSuggestions: decode typedLen=1 candidates=18 locales=6 50,5ms
07-20 13:16:01.832  6644  6697 W VkSuggestions: slow frame 50,5ms locales=6 typedLen=1 candidates=18 parallelWait=50,1ms
07-20 13:16:01.833  6644  6697 I VkSuggestions: strip composing typedLen=1 candidates=18 autocorrect=false top=h locale=es
07-20 13:16:01.836  6644  6644 I VkSuggestions: stripUi prediction=false children=5 [h|🕐|🕑]
07-20 13:16:02.031  6644  6697 I VkSuggestions: decode typedLen=2 candidates=18 locales=6 33,7ms
07-20 13:16:02.031  6644  6697 W VkSuggestions: slow frame 33,7ms locales=6 typedLen=2 candidates=18 parallelWait=33,6ms
07-20 13:16:02.032  6644  6697 I VkSuggestions: strip composing typedLen=2 candidates=17 autocorrect=false top=ho locale=es
07-20 13:16:02.035  6644  6644 I VkSuggestions: stripUi prediction=false children=5 [ho|Hô|hó]
07-20 13:16:02.225  6644  6697 I VkSuggestions: decode typedLen=3 candidates=18 locales=6 26,8ms
07-20 13:16:02.225  6644  6697 W VkSuggestions: slow frame 26,8ms locales=6 typedLen=3 candidates=18 parallelWait=26,7ms
07-20 13:16:02.226  6644  6697 I VkSuggestions: strip composing typedLen=3 candidates=17 autocorrect=false top=hol locale=es
07-20 13:16:02.229  6644  6644 I VkSuggestions: stripUi prediction=false children=5 [hol|vol|hold]
07-20 13:16:02.384  6644  6697 I VkSuggestions: decode typedLen=4 candidates=18 locales=6 27,6ms
07-20 13:16:02.384  6644  6697 W VkSuggestions: slow frame 27,6ms locales=6 typedLen=4 candidates=18 parallelWait=27,4ms
07-20 13:16:02.385  6644  6697 I VkAutocorrect: offered: hols → hols
07-20 13:16:02.385  6644  6697 I VkSuggestions: strip composing typedLen=4 candidates=17 autocorrect=true top=hols locale=es
07-20 13:16:02.400  6644  6644 I VkSuggestions: stripUi prediction=false children=5 [hols|hold|vols]
07-20 13:16:03.271  6644  6697 I VkSuggestions: decode typedLen=3 candidates=18 locales=6 29,4ms
07-20 13:16:03.271  6644  6697 W VkSuggestions: slow frame 29,4ms locales=6 typedLen=3 candidates=18 parallelWait=29,2ms
07-20 13:16:03.272  6644  6697 I VkSuggestions: strip composing typedLen=3 candidates=17 autocorrect=false top=hol locale=es
07-20 13:16:03.283  6644  6644 I VkSuggestions: stripUi prediction=false children=5 [hol|vol|hold]
07-20 13:16:04.187  6644  6697 W VibeKeyProfiler: Slow Native Suggest: Total=9.86ms | Init=0.17ms | TrieExpand(x10)=9.64ms | Scoring=0.05ms | inputSize=4
07-20 13:16:04.222  6644  6697 I VkSuggestions: decode typedLen=4 candidates=18 locales=6 50,1ms
07-20 13:16:04.222  6644  6697 W VkSuggestions: slow frame 50,1ms locales=6 typedLen=4 candidates=18 parallelWait=49,9ms
07-20 13:16:04.224  6644  6697 I VkAutocorrect: offered: hols → hols
07-20 13:16:04.224  6644  6697 I VkSuggestions: strip composing typedLen=4 candidates=17 autocorrect=true top=hols locale=es
07-20 13:16:04.230  6644  6644 I VkSuggestions: stripUi prediction=false children=5 [hols|hold|vols]
07-20 13:16:04.525  6644  6644 I VkAutocorrect: committed (typing): hols → hold
07-20 13:16:04.631  6644  6697 I VkNgram : merge locale=en prev=hold preds=8 contextual=0 assets=true
07-20 13:16:04.634  6644  6697 I VkSuggestions: strip prediction typedLen=0 candidates=3 autocorrect=false top=rating locale=en
07-20 13:16:04.642  6644  6644 I VkSuggestions: stripUi prediction=true children=5 [a|rating|the]
07-20 13:16:05.733  6644  6697 W VkSuggestions: slow frame 28,8ms locales=6 typedLen=4 candidates=18 parallelWait=28,7ms
07-20 13:16:05.734  6644  6697 I VkSuggestions: strip composing typedLen=4 candidates=18 autocorrect=false top=hols locale=en
07-20 13:16:05.743  6644  6644 I VkSuggestions: stripUi prediction=false children=5 [hols|hold|gols]
07-20 13:16:05.846  6644  6697 W VkSuggestions: slow frame 39,6ms locales=6 typedLen=4 candidates=18 parallelWait=39,4ms
07-20 13:16:06.307  6644  6697 I VkSuggestions: decode typedLen=3 candidates=18 locales=6 33,2ms
07-20 13:16:06.307  6644  6697 W VkSuggestions: slow frame 33,2ms locales=6 typedLen=3 candidates=18 parallelWait=33,1ms
07-20 13:16:06.308  6644  6697 I VkSuggestions: strip composing typedLen=3 candidates=17 autocorrect=false top=hol locale=en
07-20 13:16:06.313  6644  6644 I VkSuggestions: stripUi prediction=false children=5 [hol|hold|holds]
07-20 13:16:06.951  6644  6697 I VkSuggestions: decode typedLen=4 candidates=18 locales=6 33,5ms
07-20 13:16:06.953  6644  6697 W VkSuggestions: slow frame 33,5ms locales=6 typedLen=4 candidates=18 parallelWait=32,5ms
07-20 13:16:06.956  6644  6697 I VkSuggestions: strip composing typedLen=4 candidates=13 autocorrect=false top=hola locale=en
07-20 13:16:06.961  6644  6644 I VkSuggestions: stripUi prediction=false children=5 [hola|holà|👋]
07-20 13:16:07.529  6644  6644 I VkAutocorrect: kept (typing): hola
07-20 13:16:07.638  6644  6697 I VkNgram : contextual locale=es prev=hola → cómo, como, qué
07-20 13:16:07.639  6644  6697 I VkNgram : merge locale=es prev=hola preds=8 contextual=5 assets=true
07-20 13:16:07.641  6644  6697 I VkSuggestions: strip prediction typedLen=0 candidates=3 autocorrect=false top=cómo locale=es
07-20 13:16:07.651  6644  6644 I VkSuggestions: stripUi prediction=true children=5 [soy|cómo|qué]
07-20 13:16:08.229  6644  6644 W k1      : selected subtype SettingsSubtype(locale=es_US, extraValues=KeyboardLayoutSet=MAIN:qwerty+) / es-US§KeyboardLayoutSet=MAIN:qwerty+ not found
07-20 13:16:08.298  6644  6653 W ibekey.keyboar: Cleared Reference was only reachable from finalizer (only reported once)
07-20 13:16:08.357  6644  6644 W k1      : selected subtype SettingsSubtype(locale=es_US, extraValues=KeyboardLayoutSet=MAIN:qwerty+) / es-US§KeyboardLayoutSet=MAIN:qwerty+ not found
07-20 13:16:08.358  6644  6644 I VkEffects: reload anim=scale blur=562px glow=true stickers=true
07-20 13:16:08.364  6644  6644 W VkStall : MAIN-THREAD STALL 136ms during: >>>>> Dispatching to Handler (android.os.Handler) {f911b61} ia.q@7af1554: 0
07-20 13:16:08.513  6644  6644 W k1      : selected subtype SettingsSubtype(locale=es_US, extraValues=KeyboardLayoutSet=MAIN:qwerty+) / es-US§KeyboardLayoutSet=MAIN:qwerty+ not found
07-20 13:16:08.639  6644  6644 W k1      : selected subtype SettingsSubtype(locale=es_US, extraValues=KeyboardLayoutSet=MAIN:qwerty+) / es-US§KeyboardLayoutSet=MAIN:qwerty+ not found
07-20 13:16:08.646  6644  6644 W VkStall : MAIN-THREAD STALL 136ms during: >>>>> Dispatching to Handler (android.os.Handler) {f911b61} ia.q@7af1554: 0
07-20 13:16:08.771  6644  6644 I VkAutocorrect: picked: cómo
07-20 13:16:08.789  6644  6644 W k1      : selected subtype SettingsSubtype(locale=es_US, extraValues=KeyboardLayoutSet=MAIN:qwerty+) / es-US§KeyboardLayoutSet=MAIN:qwerty+ not found
07-20 13:16:08.895  6644  6644 W k1      : selected subtype SettingsSubtype(locale=es_US, extraValues=KeyboardLayoutSet=MAIN:qwerty+) / es-US§KeyboardLayoutSet=MAIN:qwerty+ not found
07-20 13:16:08.907  6644  6697 I VkNgram : merge locale=es prev=cómo preds=8 contextual=0 assets=true
07-20 13:16:08.908  6644  6697 I VkSuggestions: strip prediction typedLen=0 candidates=3 autocorrect=false top=se locale=es
07-20 13:16:08.911  6644  6644 I VkSuggestions: stripUi prediction=true children=5 [es|se|la]
07-20 13:16:09.057  6644  6644 W k1      : selected subtype SettingsSubtype(locale=es_US, extraValues=KeyboardLayoutSet=MAIN:qwerty+) / es-US§KeyboardLayoutSet=MAIN:qwerty+ not found
07-20 13:16:09.975  6644  6697 I VkSuggestions: decode typedLen=1 candidates=18 locales=6 45,2ms
07-20 13:16:09.976  6644  6697 W VkSuggestions: slow frame 45,2ms locales=6 typedLen=1 candidates=18 parallelWait=44,8ms
07-20 13:16:09.977  6644  6697 I VkSuggestions: strip composing typedLen=1 candidates=17 autocorrect=false top=e locale=es
07-20 13:16:09.980  6644  6644 I VkSuggestions: stripUi prediction=false children=5 [e|🌍|📝]
07-20 13:16:10.160  6644  6697 I VkSuggestions: decode typedLen=2 candidates=18 locales=6 45,0ms
07-20 13:16:10.161  6644  6697 W VkSuggestions: slow frame 45,0ms locales=6 typedLen=2 candidates=18 parallelWait=44,4ms
07-20 13:16:10.163  6644  6697 I VkSuggestions: strip composing typedLen=2 candidates=14 autocorrect=false top=es locale=es
07-20 13:16:10.168  6644  6644 I VkSuggestions: stripUi prediction=false children=5 [es|😳|🇪🇸]
07-20 13:16:10.422  6644  6697 I VkSuggestions: decode typedLen=3 candidates=18 locales=6 23,8ms
07-20 13:16:10.422  6644  6697 W VkSuggestions: slow frame 23,8ms locales=6 typedLen=3 candidates=18 parallelWait=23,6ms
07-20 13:16:10.423  6644  6697 I VkSuggestions: strip composing typedLen=3 candidates=18 autocorrect=false top=est locale=es
07-20 13:16:10.427  6644  6644 I VkSuggestions: stripUi prediction=false children=5 [est|➡️|este]
07-20 13:16:10.563  6644  6697 I VkSuggestions: decode typedLen=4 candidates=18 locales=6 30,4ms
07-20 13:16:10.563  6644  6697 W VkSuggestions: slow frame 30,4ms locales=6 typedLen=4 candidates=18 parallelWait=30,3ms
07-20 13:16:10.565  6644  6697 I VkAutocorrect: offered: ests → ests
07-20 13:16:10.565  6644  6697 I VkSuggestions: strip composing typedLen=4 candidates=17 autocorrect=true top=ests locale=es
07-20 13:16:10.573  6644  6644 I VkSuggestions: stripUi prediction=false children=5 [ests|esta|está]
07-20 13:16:11.210  6644  6644 I VkAutocorrect: picked: esta
07-20 13:16:11.314  6644  6697 I VkNgram : contextual locale=es prev=esta → es, mañana, manana
07-20 13:16:11.314  6644  6697 I VkNgram : merge locale=es prev=esta preds=8 contextual=5 assets=true
07-20 13:16:11.316  6644  6697 I VkSuggestions: strip prediction typedLen=0 candidates=3 autocorrect=false top=semana locale=es
07-20 13:16:11.326  6644  6644 I VkSuggestions: stripUi prediction=true children=5 [situación|semana|mañana]
07-20 13:16:12.111  6644  6697 I VkSuggestions: decode typedLen=1 candidates=18 locales=6 42,3ms
07-20 13:16:12.111  6644  6697 W VkSuggestions: slow frame 42,3ms locales=6 typedLen=1 candidates=18 parallelWait=42,1ms
07-20 13:16:12.112  6644  6697 I VkSuggestions: strip composing typedLen=1 candidates=14 autocorrect=false top=t locale=es
07-20 13:16:12.115  6644  6644 I VkSuggestions: stripUi prediction=false children=5 [t|🦖|👕]
07-20 13:16:12.265  6644  6697 W VibeKeyProfiler: Slow Native Suggest: Total=9.15ms | Init=0.04ms | TrieExpand(x12)=9.07ms | Scoring=0.04ms | inputSize=2
07-20 13:16:12.298  6644  6697 I VkSuggestions: decode typedLen=2 candidates=18 locales=6 45,5ms
07-20 13:16:12.299  6644  6697 W VkSuggestions: slow frame 45,5ms locales=6 typedLen=2 candidates=18 parallelWait=45,2ms
07-20 13:16:12.302  6644  6697 I VkSuggestions: strip composing typedLen=2 candidates=16 autocorrect=false top=tu locale=es
07-20 13:16:12.305  6644  6644 I VkSuggestions: stripUi prediction=false children=5 [tu|tú|👋]
07-20 13:16:12.854  6644  6644 I VkAutocorrect: picked: tu
07-20 13:16:12.956  6644  6697 I VkNgram : merge locale=es prev=tu preds=8 contextual=0 assets=true
07-20 13:16:12.958  6644  6697 I VkSuggestions: strip prediction typedLen=0 candidates=3 autocorrect=false top=vida locale=es
07-20 13:16:12.971  6644  6644 I VkSuggestions: stripUi prediction=true children=5 [hogar|vida|pareja]
07-20 13:16:14.296  6644  6697 W VibeKeyProfiler: Slow Native Suggest: Total=19.60ms | Init=0.49ms | TrieExpand(x16)=19.01ms | Scoring=0.09ms | inputSize=1
07-20 13:16:14.316  6644  6697 W VibeKeyProfiler: Slow Native Suggest: Total=18.45ms | Init=0.56ms | TrieExpand(x13)=17.83ms | Scoring=0.06ms | inputSize=1
07-20 13:16:14.329  6644  6697 W VibeKeyProfiler: Slow Native Suggest: Total=12.54ms | Init=0.29ms | TrieExpand(x14)=12.19ms | Scoring=0.06ms | inputSize=1
07-20 13:16:14.381  6644  6697 I VkSuggestions: decode typedLen=1 candidates=18 locales=6 104,0ms
07-20 13:16:14.381  6644  6697 W VkSuggestions: slow frame 104,0ms locales=6 typedLen=1 candidates=18 parallelWait=103,7ms
07-20 13:16:14.382  6644  6697 I VkSuggestions: strip composing typedLen=1 candidates=18 autocorrect=false top=j locale=es
07-20 13:16:14.387  6644  6644 I VkSuggestions: stripUi prediction=false children=5 [j|já|junto]
07-20 13:16:15.013  6644  6697 I VkSuggestions: strip prediction typedLen=0 candidates=3 autocorrect=false top=vida locale=es
07-20 13:16:15.021  6644  6644 I VkSuggestions: stripUi prediction=true children=5 [hogar|vida|pareja]
07-20 13:16:15.792  6644  6697 W VibeKeyProfiler: Slow Native Suggest: Total=10.84ms | Init=0.04ms | TrieExpand(x15)=10.75ms | Scoring=0.05ms | inputSize=1
07-20 13:16:15.805  6644  6697 W VibeKeyProfiler: Slow Native Suggest: Total=12.68ms | Init=0.02ms | TrieExpand(x13)=12.62ms | Scoring=0.04ms | inputSize=1
07-20 13:16:15.814  6644  6697 W VibeKeyProfiler: Slow Native Suggest: Total=8.15ms | Init=0.01ms | TrieExpand(x14)=8.11ms | Scoring=0.03ms | inputSize=1
07-20 13:16:15.856  6644  6697 W VkSuggestions: slow frame 75,1ms locales=6 typedLen=1 candidates=18 parallelWait=74,7ms
07-20 13:16:15.858  6644  6697 I VkSuggestions: strip composing typedLen=1 candidates=18 autocorrect=false top=h locale=es
07-20 13:16:15.862  6644  6644 I VkSuggestions: stripUi prediction=false children=5 [h|🕐|🕑]
07-20 13:16:16.112  6644  6697 I VkSuggestions: decode typedLen=2 candidates=18 locales=6 40,8ms
07-20 13:16:16.112  6644  6697 W VkSuggestions: slow frame 40,8ms locales=6 typedLen=2 candidates=18 parallelWait=40,7ms
07-20 13:16:16.114  6644  6697 I VkSuggestions: strip composing typedLen=2 candidates=17 autocorrect=false top=ho locale=es
07-20 13:16:16.118  6644  6644 I VkSuggestions: stripUi prediction=false children=5 [ho|hó|Hô]
07-20 13:16:16.445  6644  6697 W VibeKeyProfiler: Slow Native Suggest: Total=9.08ms | Init=0.08ms | TrieExpand(x14)=8.95ms | Scoring=0.04ms | inputSize=3
07-20 13:16:16.478  6644  6697 I VkSuggestions: decode typedLen=3 candidates=18 locales=6 46,6ms
07-20 13:16:16.479  6644  6697 W VkSuggestions: slow frame 46,6ms locales=6 typedLen=3 candidates=18 parallelWait=46,4ms
07-20 13:16:16.480  6644  6697 I VkSuggestions: strip composing typedLen=3 candidates=15 autocorrect=false top=hoy locale=es
07-20 13:16:16.485  6644  6644 I VkSuggestions: stripUi prediction=false children=5 [hoy|boy|voy]
07-20 13:16:17.182  6644  6644 I VkAutocorrect: picked: hoy
07-20 13:16:17.286  6644  6697 I VkNgram : merge locale=es prev=hoy preds=8 contextual=0 assets=true
07-20 13:16:17.287  6644  6697 I VkSuggestions: strip prediction typedLen=0 candidates=3 autocorrect=false top=en locale=es
07-20 13:16:17.297  6644  6644 I VkSuggestions: stripUi prediction=true children=5 [se|en|la]
07-20 13:16:18.300  6644  6644 I VkPanels: ○ close menu
07-20 13:16:18.308  6644  6644 I VkPanels: ▶ open menu
07-20 13:16:18.313  6644  6667 I VkLocaleAssets: ▶ batch source=menu_panel count=5 [en-AU,es-US,hi-IN,pt-BR,fr]
07-20 13:16:18.315  6644  6667 I VkLocaleAssets: preload predictors en-AU
07-20 13:16:18.315  6644  6667 I VkLocaleAssets: ○ ready en-AU (cached)
07-20 13:16:18.316  6644  6667 I VkLocaleAssets: preload predictors es-US
07-20 13:16:18.317  6644  6667 I VkLocaleAssets: ○ ready es-US (cached)
07-20 13:16:18.318  6644  6667 I VkLocaleAssets: preload predictors hi-IN
07-20 13:16:18.318  6644  6667 I VkLocaleAssets: ○ ready hi-IN (cached)
07-20 13:16:18.320  6644  6667 I VkLocaleAssets: preload predictors pt-BR
07-20 13:16:18.320  6644  6667 I VkLocaleAssets: ○ ready pt-BR (cached)
07-20 13:16:18.322  6644  6667 I VkLocaleAssets: preload predictors fr
07-20 13:16:18.322  6644  6667 I VkLocaleAssets: ○ ready fr (cached)
07-20 13:16:18.324  6644  6667 W k1      : selected subtype SettingsSubtype(locale=es_US, extraValues=KeyboardLayoutSet=MAIN:qwerty+) / es-US§KeyboardLayoutSet=MAIN:qwerty+ not found
07-20 13:16:18.325  6644  6667 I VkLocaleAssets: ✓ batch source=menu_panel locales=5 fetched=0
07-20 13:16:19.674  6644  6644 I VkPanels: ○ close menu
07-20 13:16:19.794  6644  6644 I VkTyping: ○ hidden
07-20 13:16:19.825  6644  6644 W k1      : selected subtype SettingsSubtype(locale=es_US, extraValues=KeyboardLayoutSet=MAIN:qwerty+) / es-US§KeyboardLayoutSet=MAIN:qwerty+ not found
07-20 13:16:19.887  6644  6644 W Settings: Setting transition_animation_scale has moved from android.provider.Settings.System to android.provider.Settings.Global, returning read-only value.
07-20 13:16:20.087  6644  6644 W VkStall : MAIN-THREAD STALL 235ms (imeHideInProgress) during: >>>>> Dispatching to Handler (android.view.Choreographer$FrameHandler) {b1650e5} android.view.Choreographer$FrameDisplayEventReceiver@b4467ba: 0
07-20 13:16:23.508  6644  6741 E BLASTBufferQueue: BLASTBufferItemConsumer::onDisconnect()

=== Feature activity (persisted across restarts) ===
2026-07-20 13:12:32.167792 I VkFavorites: save card Bitcoin Vibe activate=false
2026-07-20 13:12:32.246164 I VkFavorites: save card Doge Meme activate=false
2026-07-20 13:12:32.312474 I VkFavorites: save card Ethereum Vibes activate=false
2026-07-20 13:12:32.364558 I VkFavorites: save card India Popular City activate=false
2026-07-20 13:12:32.443705 I VkFavorites: save card Miami Beach Crypto activate=false
2026-07-20 13:12:32.514611 I VkFavorites: save card Nike Sneakers Crypto activate=false
2026-07-20 13:12:32.563036 I VkFavorites: save card Pepe Meme Frog activate=false
2026-07-20 13:12:32.617246 I VkFavorites: save card Times Square NFT activate=false
2026-07-20 13:12:32.662731 I VkMultilingual: reset main=pt-BR locales=[pt] count=1
2026-07-20 13:12:32.702269 I VkLocaleAssets: ▶ startup download begin
2026-07-20 13:12:32.707497 I VkLocaleAssets: ▶ batch source=startup count=4 [pt-BR,en-US,hi-IN,es-US]
2026-07-20 13:12:32.712936 I VkLocaleAssets: ▶ fetch pt-BR main=true emoji=true bigram=true
2026-07-20 13:12:33.031247 I VkNgram: registered lang=pt source=gcs
2026-07-20 13:12:33.031747 I VkLocaleAssets: ✓ pt-BR bigram
2026-07-20 13:12:34.480671 I VkLocaleAssets: ✓ pt-BR main
2026-07-20 13:12:36.873071 I VkLocaleAssets: ✓ pt-BR emoji
2026-07-20 13:12:36.873535 I VkLocaleAssets: preload predictors pt-BR
2026-07-20 13:12:36.874152 I VkLocaleAssets: ✓ ready pt-BR (fetched)
2026-07-20 13:12:36.877591 I VkLocaleAssets: ▶ fetch en-US main=false emoji=true bigram=true
2026-07-20 13:12:37.110252 I VkNgram: registered lang=en source=gcs
2026-07-20 13:12:37.110518 I VkLocaleAssets: ✓ en-US bigram
2026-07-20 13:12:38.412571 I VkLocaleAssets: ✓ en-US emoji
2026-07-20 13:12:38.413100 I VkLocaleAssets: preload predictors en-US
2026-07-20 13:12:38.414046 I VkLocaleAssets: ✓ ready en-US (fetched)
2026-07-20 13:12:38.421755 I VkLocaleAssets: ▶ fetch hi-IN main=true emoji=true bigram=true
2026-07-20 13:12:38.620560 I VkNgram: registered lang=hi source=gcs
2026-07-20 13:12:38.621395 I VkLocaleAssets: ✓ hi-IN bigram
2026-07-20 13:12:39.979546 I VkLocaleAssets: ✓ hi-IN main
2026-07-20 13:12:41.435017 I VkLocaleAssets: ✓ hi-IN emoji
2026-07-20 13:12:41.435321 I VkLocaleAssets: preload predictors hi-IN
2026-07-20 13:12:41.435577 I VkLocaleAssets: ✓ ready hi-IN (fetched)
2026-07-20 13:12:41.439171 I VkLocaleAssets: ▶ fetch es-US main=true emoji=true bigram=true
2026-07-20 13:12:41.661564 I VkNgram: registered lang=es source=gcs
2026-07-20 13:12:41.661831 I VkLocaleAssets: ✓ es-US bigram
2026-07-20 13:12:44.241214 I VkLocaleAssets: ✓ es-US main
2026-07-20 13:12:46.247553 I VkLocaleAssets: ✓ es-US emoji
2026-07-20 13:12:46.248390 I VkLocaleAssets: preload predictors es-US
2026-07-20 13:12:46.249011 I VkLocaleAssets: ✓ ready es-US (fetched)
2026-07-20 13:12:46.257840 I VkLocaleAssets: ✓ batch source=startup locales=4 fetched=4
2026-07-20 13:12:46.258511 I VkLocaleAssets: ✓ startup done locales=4 retries=0
2026-07-20 13:12:57.485147 I VkLocaleAssets: ▶ fetch pt main=true emoji=true bigram=false
2026-07-20 13:12:59.403964 W VkLocaleAssets: ✗ pt main No dictionary found from 2 candidate URLs
2026-07-20 13:13:00.512196 I VkLocaleAssets: ✓ pt emoji
2026-07-20 13:13:00.513168 I VkLocaleAssets: preload predictors pt
2026-07-20 13:13:00.513749 I VkLocaleAssets: ✓ ready pt (fetched)
2026-07-20 13:13:00.522885 I VkLocaleAssets: ▶ fetch hi main=true emoji=true bigram=false
2026-07-20 13:13:02.490493 I VkTyping: ○ hidden
2026-07-20 13:13:02.532878 I VkLocaleAssets: ✓ hi main
2026-07-20 13:13:03.304909 I VkLocaleAssets: ✓ hi emoji
2026-07-20 13:13:03.305222 I VkLocaleAssets: preload predictors hi
2026-07-20 13:13:03.305417 I VkLocaleAssets: ✓ ready hi (fetched)
2026-07-20 13:13:03.308070 I VkLocaleAssets: ▶ fetch es main=true emoji=true bigram=false
2026-07-20 13:13:04.807819 I VkLocaleAssets: ✓ es main
2026-07-20 13:13:05.398121 I VkSwipe: ○ gesture canceled
2026-07-20 13:13:05.421047 I VkEffects: reload anim=scale blur=562px glow=true stickers=true
2026-07-20 13:13:05.489752 I VkTyping: ▶ open restart=false pkg=com.android.launcher inputType=589825
2026-07-20 13:13:05.499416 I VkMultilingual: reset main=pt-BR locales=[pt,en,es,hi] count=4
2026-07-20 13:13:05.566735 I VkPanels: ○ close menu
2026-07-20 13:13:05.622352 W VkStall: MAIN-THREAD STALL 227ms during: >>>>> Dispatching to Handler (com.android.internal.os.HandlerCaller$MyHandler) {f0786bd} null: 60
2026-07-20 13:13:05.758636 W VkStall: MAIN-THREAD STALL 136ms during: >>>>> Dispatching to Handler (android.view.Choreographer$FrameHandler) {2becf1c} android.view.Choreographer$FrameDisplayEventReceiver@a00e725: 0
2026-07-20 13:13:05.765890 I VkSuggestions: stripUi prediction=false children=1 [bom]
2026-07-20 13:13:06.767282 I VkLocaleAssets: ✓ es emoji
2026-07-20 13:13:06.768071 I VkLocaleAssets: preload predictors es
2026-07-20 13:13:06.768545 I VkLocaleAssets: ✓ ready es (fetched)
2026-07-20 13:13:06.774983 I VkLocaleAssets: ▶ fetch it main=true emoji=true bigram=true
2026-07-20 13:13:07.962747 I VkSuggestions: decode typedLen=1 candidates=18 locales=4 42,1ms
2026-07-20 13:13:07.963172 W VkSuggestions: slow frame 42,1ms locales=4 typedLen=1 candidates=18 parallelWait=41,9ms
2026-07-20 13:13:07.980215 I VkSuggestions: strip composing typedLen=1 candidates=19 autocorrect=false top=h locale=pt
2026-07-20 13:13:07.982452 I VkSuggestions: stripUi prediction=false children=5 [h|y|his]
2026-07-20 13:13:08.182161 I VkNgram: registered lang=it source=gcs
2026-07-20 13:13:08.182569 I VkLocaleAssets: ✓ it bigram
2026-07-20 13:13:08.201904 I VkSuggestions: decode typedLen=2 candidates=18 locales=4 13,7ms
2026-07-20 13:13:08.210353 I VkSuggestions: strip composing typedLen=2 candidates=15 autocorrect=false top=hh locale=pt
2026-07-20 13:13:08.214095 I VkSuggestions: stripUi prediction=false children=5 [hh|by|he]
2026-07-20 13:13:08.393357 I VkSuggestions: decode typedLen=3 candidates=18 locales=4 10,6ms
2026-07-20 13:13:08.394611 I VkSuggestions: strip composing typedLen=3 candidates=16 autocorrect=false top=hhg locale=pt
2026-07-20 13:13:08.398145 I VkSuggestions: stripUi prediction=false children=5 [hhg|HHH|GHG]
2026-07-20 13:13:08.564428 I VkSuggestions: decode typedLen=4 candidates=18 locales=4 17,5ms
2026-07-20 13:13:08.564663 W VkSuggestions: slow frame 17,5ms locales=4 typedLen=4 candidates=18 parallelWait=17,4ms
2026-07-20 13:13:08.565764 I VkSuggestions: strip composing typedLen=4 candidates=16 autocorrect=false top=hhge locale=pt
2026-07-20 13:13:08.568737 I VkSuggestions: stripUi prediction=false children=5 [hhge|byte|huye]
2026-07-20 13:13:08.706827 I VkSuggestions: decode typedLen=5 candidates=18 locales=4 5,6ms
2026-07-20 13:13:08.708660 I VkSuggestions: strip composing typedLen=5 candidates=17 autocorrect=false top=hhgeu locale=pt
2026-07-20 13:13:08.718846 I VkSuggestions: stripUi prediction=false children=5 [hhgeu|Hayek|hygeist]
2026-07-20 13:13:09.909412 I VkLocaleAssets: ✓ it main
2026-07-20 13:13:09.971547 W VkStall: MAIN-THREAD STALL 180ms during: >>>>> Dispatching to Handler (u9.v0) {3260277} null: 1
2026-07-20 13:13:10.076323 I VkNgram: merge locale=pt prev= preds=8 contextual=0 assets=true
2026-07-20 13:13:10.078124 I VkSuggestions: strip prediction typedLen=0 candidates=3 autocorrect=false top=o locale=pt
2026-07-20 13:13:10.094923 I VkSuggestions: stripUi prediction=true children=5 [a|o|em]
2026-07-20 13:13:11.075760 W VkStall: MAIN-THREAD STALL 831ms during: >>>>> Dispatching to Handler (android.view.Choreographer$FrameHandler) {2becf1c} android.view.Choreographer$FrameDisplayEventReceiver@a00e725: 0
2026-07-20 13:13:11.404022 I VkLocaleAssets: ✓ it emoji
2026-07-20 13:13:11.404663 I VkLocaleAssets: preload predictors it
2026-07-20 13:13:11.405428 I VkLocaleAssets: ✓ ready it (fetched)
2026-07-20 13:13:11.440425 I VkSuggestions: decode typedLen=1 candidates=17 locales=4 88,1ms
