06-01 13:21:17.756 20368 20368 W LayerDrawable: 	at helium314.keyboard.latin.panels.MenuPanelView.k(r8-map-id-4d324016c792a504f97eeb2d735985f29f25d0f1aa4b6481b912a1beedf1e07f:36)
06-01 13:21:17.756 20368 20368 W LayerDrawable: 	at helium314.keyboard.latin.panels.MenuPanelView.r(r8-map-id-4d324016c792a504f97eeb2d735985f29f25d0f1aa4b6481b912a1beedf1e07f:400)
06-01 13:21:17.756 20368 20368 W LayerDrawable: 	at v7.b.u(r8-map-id-4d324016c792a504f97eeb2d735985f29f25d0f1aa4b6481b912a1beedf1e07f:199)
06-01 13:21:17.756 20368 20368 W LayerDrawable: 	at helium314.keyboard.latin.LatinIME.l(r8-map-id-4d324016c792a504f97eeb2d735985f29f25d0f1aa4b6481b912a1beedf1e07f:36)
06-01 13:21:17.756 20368 20368 W LayerDrawable: 	at g7.m.a(r8-map-id-4d324016c792a504f97eeb2d735985f29f25d0f1aa4b6481b912a1beedf1e07f:266)
06-01 13:21:17.756 20368 20368 W LayerDrawable: 	at helium314.keyboard.latin.suggestions.SuggestionStripView.onClick(r8-map-id-4d324016c792a504f97eeb2d735985f29f25d0f1aa4b6481b912a1beedf1e07f:45)
06-01 13:21:17.756 20368 20368 W LayerDrawable: 	at android.view.View.performClick(View.java:7488)
06-01 13:21:17.756 20368 20368 W LayerDrawable: 	at android.view.View.performClickInternal(View.java:7464)
06-01 13:21:17.756 20368 20368 W LayerDrawable: 	at android.view.View.access$3700(View.java:841)
06-01 13:21:17.756 20368 20368 W LayerDrawable: 	at android.view.View$PerformClick.run(View.java:28911)
06-01 13:21:17.756 20368 20368 W LayerDrawable: 	at android.os.Handler.handleCallback(Handler.java:938)
06-01 13:21:17.756 20368 20368 W LayerDrawable: 	at android.os.Handler.dispatchMessage(Handler.java:99)
06-01 13:21:17.756 20368 20368 W LayerDrawable: 	at android.os.Looper.loopOnce(Looper.java:233)
06-01 13:21:17.756 20368 20368 W LayerDrawable: 	at android.os.Looper.loop(Looper.java:344)
06-01 13:21:17.756 20368 20368 W LayerDrawable: 	at android.app.ActivityThread.main(ActivityThread.java:8212)
06-01 13:21:17.756 20368 20368 W LayerDrawable: 	at java.lang.reflect.Method.invoke(Native Method)
06-01 13:21:17.756 20368 20368 W LayerDrawable: 	at com.android.internal.os.RuntimeInit$MethodAndArgsCaller.run(RuntimeInit.java:584)
06-01 13:21:17.756 20368 20368 W LayerDrawable: 	at com.android.internal.os.ZygoteInit.main(ZygoteInit.java:1034)
06-01 13:21:17.757 20368 20368 W LayerDrawable: Invalid drawable added to LayerDrawable! Drawable already belongs to another owner but does not expose a constant state.
06-01 13:21:17.757 20368 20368 W LayerDrawable: java.lang.RuntimeException
06-01 13:21:17.757 20368 20368 W LayerDrawable: 	at android.graphics.drawable.LayerDrawable$ChildDrawable.<init>(LayerDrawable.java:1857)
06-01 13:21:17.757 20368 20368 W LayerDrawable: 	at android.graphics.drawable.LayerDrawable$LayerState.<init>(LayerDrawable.java:1977)
06-01 13:21:17.757 20368 20368 W LayerDrawable: 	at android.graphics.drawable.LayerDrawable.createConstantState(LayerDrawable.java:174)
06-01 13:21:17.757 20368 20368 W LayerDrawable: 	at android.graphics.drawable.LayerDrawable.mutate(LayerDrawable.java:1782)
06-01 13:21:17.757 20368 20368 W LayerDrawable: 	at y7.t3.j(r8-map-id-4d324016c792a504f97eeb2d735985f29f25d0f1aa4b6481b912a1beedf1e07f:83)
06-01 13:21:17.757 20368 20368 W LayerDrawable: 	at helium314.keyboard.latin.panels.MenuPanelView.k(r8-map-id-4d324016c792a504f97eeb2d735985f29f25d0f1aa4b6481b912a1beedf1e07f:36)
06-01 13:21:17.757 20368 20368 W LayerDrawable: 	at helium314.keyboard.latin.panels.MenuPanelView.r(r8-map-id-4d324016c792a504f97eeb2d735985f29f25d0f1aa4b6481b912a1beedf1e07f:400)
06-01 13:21:17.757 20368 20368 W LayerDrawable: 	at v7.b.u(r8-map-id-4d324016c792a504f97eeb2d735985f29f25d0f1aa4b6481b912a1beedf1e07f:199)
06-01 13:21:17.757 20368 20368 W LayerDrawable: 	at helium314.keyboard.latin.LatinIME.l(r8-map-id-4d324016c792a504f97eeb2d735985f29f25d0f1aa4b6481b912a1beedf1e07f:36)
06-01 13:21:17.757 20368 20368 W LayerDrawable: 	at g7.m.a(r8-map-id-4d324016c792a504f97eeb2d735985f29f25d0f1aa4b6481b912a1beedf1e07f:266)
06-01 13:21:17.757 20368 20368 W LayerDrawable: 	at helium314.keyboard.latin.suggestions.SuggestionStripView.onClick(r8-map-id-4d324016c792a504f97eeb2d735985f29f25d0f1aa4b6481b912a1beedf1e07f:45)
06-01 13:21:17.757 20368 20368 W LayerDrawable: 	at android.view.View.performClick(View.java:7488)
06-01 13:21:17.757 20368 20368 W LayerDrawable: 	at android.view.View.performClickInternal(View.java:7464)
06-01 13:21:17.757 20368 20368 W LayerDrawable: 	at android.view.View.access$3700(View.java:841)
06-01 13:21:17.757 20368 20368 W LayerDrawable: 	at android.view.View$PerformClick.run(View.java:28911)
06-01 13:21:17.757 20368 20368 W LayerDrawable: 	at android.os.Handler.handleCallback(Handler.java:938)
06-01 13:21:17.757 20368 20368 W LayerDrawable: 	at android.os.Handler.dispatchMessage(Handler.java:99)
06-01 13:21:17.757 20368 20368 W LayerDrawable: 	at android.os.Looper.loopOnce(Looper.java:233)
06-01 13:21:17.757 20368 20368 W LayerDrawable: 	at android.os.Looper.loop(Looper.java:344)
06-01 13:21:17.757 20368 20368 W LayerDrawable: 	at android.app.ActivityThread.main(ActivityThread.java:8212)
06-01 13:21:17.757 20368 20368 W LayerDrawable: 	at java.lang.reflect.Method.invoke(Native Method)
06-01 13:21:17.757 20368 20368 W LayerDrawable: 	at com.android.internal.os.RuntimeInit$MethodAndArgsCaller.run(RuntimeInit.java:584)
06-01 13:21:17.757 20368 20368 W LayerDrawable: 	at com.android.internal.os.ZygoteInit.main(ZygoteInit.java:1034)
06-01 13:21:17.757 20368 20368 W LayerDrawable: Invalid drawable added to LayerDrawable! Drawable already belongs to another owner but does not expose a constant state.
06-01 13:21:17.757 20368 20368 W LayerDrawable: java.lang.RuntimeException
06-01 13:21:17.757 20368 20368 W LayerDrawable: 	at android.graphics.drawable.LayerDrawable$ChildDrawable.<init>(LayerDrawable.java:1857)
06-01 13:21:17.757 20368 20368 W LayerDrawable: 	at android.graphics.drawable.LayerDrawable$LayerState.<init>(LayerDrawable.java:1977)
06-01 13:21:17.757 20368 20368 W LayerDrawable: 	at android.graphics.drawable.LayerDrawable.createConstantState(LayerDrawable.java:174)
06-01 13:21:17.757 20368 20368 W LayerDrawable: 	at android.graphics.drawable.LayerDrawable.mutate(LayerDrawable.java:1782)
06-01 13:21:17.757 20368 20368 W LayerDrawable: 	at y7.t3.j(r8-map-id-4d324016c792a504f97eeb2d735985f29f25d0f1aa4b6481b912a1beedf1e07f:83)
06-01 13:21:17.757 20368 20368 W LayerDrawable: 	at helium314.keyboard.latin.panels.MenuPanelView.k(r8-map-id-4d324016c792a504f97eeb2d735985f29f25d0f1aa4b6481b912a1beedf1e07f:36)
06-01 13:21:17.757 20368 20368 W LayerDrawable: 	at helium314.keyboard.latin.panels.MenuPanelView.r(r8-map-id-4d324016c792a504f97eeb2d735985f29f25d0f1aa4b6481b912a1beedf1e07f:444)
06-01 13:21:17.757 20368 20368 W LayerDrawable: 	at v7.b.u(r8-map-id-4d324016c792a504f97eeb2d735985f29f25d0f1aa4b6481b912a1beedf1e07f:199)
06-01 13:21:17.757 20368 20368 W LayerDrawable: 	at helium314.keyboard.latin.LatinIME.l(r8-map-id-4d324016c792a504f97eeb2d735985f29f25d0f1aa4b6481b912a1beedf1e07f:36)
06-01 13:21:17.757 20368 20368 W LayerDrawable: 	at g7.m.a(r8-map-id-4d324016c792a504f97eeb2d735985f29f25d0f1aa4b6481b912a1beedf1e07f:266)
06-01 13:21:17.757 20368 20368 W LayerDrawable: 	at helium314.keyboard.latin.suggestions.SuggestionStripView.onClick(r8-map-id-4d324016c792a504f97eeb2d735985f29f25d0f1aa4b6481b912a1beedf1e07f:45)
06-01 13:21:17.757 20368 20368 W LayerDrawable: 	at android.view.View.performClick(View.java:7488)
06-01 13:21:17.757 20368 20368 W LayerDrawable: 	at android.view.View.performClickInternal(View.java:7464)
06-01 13:21:17.757 20368 20368 W LayerDrawable: 	at android.view.View.access$3700(View.java:841)
06-01 13:21:17.757 20368 20368 W LayerDrawable: 	at android.view.View$PerformClick.run(View.java:28911)
06-01 13:21:17.757 20368 20368 W LayerDrawable: 	at android.os.Handler.handleCallback(Handler.java:938)
06-01 13:21:17.757 20368 20368 W LayerDrawable: 	at android.os.Handler.dispatchMessage(Handler.java:99)
06-01 13:21:17.757 20368 20368 W LayerDrawable: 	at android.os.Looper.loopOnce(Looper.java:233)
06-01 13:21:17.757 20368 20368 W LayerDrawable: 	at android.os.Looper.loop(Looper.java:344)
06-01 13:21:17.757 20368 20368 W LayerDrawable: 	at android.app.ActivityThread.main(ActivityThread.java:8212)
06-01 13:21:17.757 20368 20368 W LayerDrawable: 	at java.lang.reflect.Method.invoke(Native Method)
06-01 13:21:17.757 20368 20368 W LayerDrawable: 	at com.android.internal.os.RuntimeInit$MethodAndArgsCaller.run(RuntimeInit.java:584)
06-01 13:21:17.757 20368 20368 W LayerDrawable: 	at com.android.internal.os.ZygoteInit.main(ZygoteInit.java:1034)
06-01 13:21:17.757 20368 20368 W LayerDrawable: Invalid drawable added to LayerDrawable! Drawable already belongs to another owner but does not expose a constant state.
06-01 13:21:17.757 20368 20368 W LayerDrawable: java.lang.RuntimeException
06-01 13:21:17.757 20368 20368 W LayerDrawable: 	at android.graphics.drawable.LayerDrawable$ChildDrawable.<init>(LayerDrawable.java:1857)
06-01 13:21:17.757 20368 20368 W LayerDrawable: 	at android.graphics.drawable.LayerDrawable$LayerState.<init>(LayerDrawable.java:1977)
06-01 13:21:17.757 20368 20368 W LayerDrawable: 	at android.graphics.drawable.LayerDrawable.createConstantState(LayerDrawable.java:174)
06-01 13:21:17.757 20368 20368 W LayerDrawable: 	at android.graphics.drawable.LayerDrawable.mutate(LayerDrawable.java:1782)
06-01 13:21:17.757 20368 20368 W LayerDrawable: 	at y7.t3.j(r8-map-id-4d324016c792a504f97eeb2d735985f29f25d0f1aa4b6481b912a1beedf1e07f:83)
06-01 13:21:17.757 20368 20368 W LayerDrawable: 	at helium314.keyboard.latin.panels.MenuPanelView.k(r8-map-id-4d324016c792a504f97eeb2d735985f29f25d0f1aa4b6481b912a1beedf1e07f:36)
06-01 13:21:17.757 20368 20368 W LayerDrawable: 	at helium314.keyboard.latin.panels.MenuPanelView.r(r8-map-id-4d324016c792a504f97eeb2d735985f29f25d0f1aa4b6481b912a1beedf1e07f:444)
06-01 13:21:17.757 20368 20368 W LayerDrawable: 	at v7.b.u(r8-map-id-4d324016c792a504f97eeb2d735985f29f25d0f1aa4b6481b912a1beedf1e07f:199)
06-01 13:21:17.757 20368 20368 W LayerDrawable: 	at helium314.keyboard.latin.LatinIME.l(r8-map-id-4d324016c792a504f97eeb2d735985f29f25d0f1aa4b6481b912a1beedf1e07f:36)
06-01 13:21:17.757 20368 20368 W LayerDrawable: 	at g7.m.a(r8-map-id-4d324016c792a504f97eeb2d735985f29f25d0f1aa4b6481b912a1beedf1e07f:266)
06-01 13:21:17.757 20368 20368 W LayerDrawable: 	at helium314.keyboard.latin.suggestions.SuggestionStripView.onClick(r8-map-id-4d324016c792a504f97eeb2d735985f29f25d0f1aa4b6481b912a1beedf1e07f:45)
06-01 13:21:17.757 20368 20368 W LayerDrawable: 	at android.view.View.performClick(View.java:7488)
06-01 13:21:17.757 20368 20368 W LayerDrawable: 	at android.view.View.performClickInternal(View.java:7464)
06-01 13:21:17.757 20368 20368 W LayerDrawable: 	at android.view.View.access$3700(View.java:841)
06-01 13:21:17.757 20368 20368 W LayerDrawable: 	at android.view.View$PerformClick.run(View.java:28911)
06-01 13:21:17.757 20368 20368 W LayerDrawable: 	at android.os.Handler.handleCallback(Handler.java:938)
06-01 13:21:17.757 20368 20368 W LayerDrawable: 	at android.os.Handler.dispatchMessage(Handler.java:99)
06-01 13:21:17.757 20368 20368 W LayerDrawable: 	at android.os.Looper.loopOnce(Looper.java:233)
06-01 13:21:17.757 20368 20368 W LayerDrawable: 	at android.os.Looper.loop(Looper.java:344)
06-01 13:21:17.757 20368 20368 W LayerDrawable: 	at android.app.ActivityThread.main(ActivityThread.java:8212)
06-01 13:21:17.757 20368 20368 W LayerDrawable: 	at java.lang.reflect.Method.invoke(Native Method)
06-01 13:21:17.757 20368 20368 W LayerDrawable: 	at com.android.internal.os.RuntimeInit$MethodAndArgsCaller.run(RuntimeInit.java:584)
06-01 13:21:17.757 20368 20368 W LayerDrawable: 	at com.android.internal.os.ZygoteInit.main(ZygoteInit.java:1034)
06-01 13:21:19.148 20368 20368 W LayerDrawable: Invalid drawable added to LayerDrawable! Drawable already belongs to another owner but does not expose a constant state.
06-01 13:21:19.148 20368 20368 W LayerDrawable: java.lang.RuntimeException
06-01 13:21:19.148 20368 20368 W LayerDrawable: 	at android.graphics.drawable.LayerDrawable$ChildDrawable.<init>(LayerDrawable.java:1857)
06-01 13:21:19.148 20368 20368 W LayerDrawable: 	at android.graphics.drawable.LayerDrawable$LayerState.<init>(LayerDrawable.java:1977)
06-01 13:21:19.148 20368 20368 W LayerDrawable: 	at android.graphics.drawable.LayerDrawable.createConstantState(LayerDrawable.java:174)
06-01 13:21:19.148 20368 20368 W LayerDrawable: 	at android.graphics.drawable.LayerDrawable.mutate(LayerDrawable.java:1782)
06-01 13:21:19.148 20368 20368 W LayerDrawable: 	at y7.t3.j(r8-map-id-4d324016c792a504f97eeb2d735985f29f25d0f1aa4b6481b912a1beedf1e07f:83)
06-01 13:21:19.148 20368 20368 W LayerDrawable: 	at helium314.keyboard.latin.panels.AiThemePanelView.f(r8-map-id-4d324016c792a504f97eeb2d735985f29f25d0f1aa4b6481b912a1beedf1e07f:185)
06-01 13:21:19.148 20368 20368 W LayerDrawable: 	at helium314.keyboard.latin.panels.AiThemePanelView.A0(r8-map-id-4d324016c792a504f97eeb2d735985f29f25d0f1aa4b6481b912a1beedf1e07f:39)
06-01 13:21:19.148 20368 20368 W LayerDrawable: 	at v7.b.u(r8-map-id-4d324016c792a504f97eeb2d735985f29f25d0f1aa4b6481b912a1beedf1e07f:316)
06-01 13:21:19.148 20368 20368 W LayerDrawable: 	at helium314.keyboard.latin.LatinIME.l(r8-map-id-4d324016c792a504f97eeb2d735985f29f25d0f1aa4b6481b912a1beedf1e07f:36)
06-01 13:21:19.148 20368 20368 W LayerDrawable: 	at g7.m.a(r8-map-id-4d324016c792a504f97eeb2d735985f29f25d0f1aa4b6481b912a1beedf1e07f:266)
06-01 13:21:19.148 20368 20368 W LayerDrawable: 	at helium314.keyboard.latin.suggestions.SuggestionStripView.onClick(r8-map-id-4d324016c792a504f97eeb2d735985f29f25d0f1aa4b6481b912a1beedf1e07f:45)
06-01 13:21:19.148 20368 20368 W LayerDrawable: 	at android.view.View.performClick(View.java:7488)
06-01 13:21:19.148 20368 20368 W LayerDrawable: 	at android.view.View.performClickInternal(View.java:7464)
06-01 13:21:19.148 20368 20368 W LayerDrawable: 	at android.view.View.access$3700(View.java:841)
06-01 13:21:19.148 20368 20368 W LayerDrawable: 	at android.view.View$PerformClick.run(View.java:28911)
06-01 13:21:19.148 20368 20368 W LayerDrawable: 	at android.os.Handler.handleCallback(Handler.java:938)
06-01 13:21:19.148 20368 20368 W LayerDrawable: 	at android.os.Handler.dispatchMessage(Handler.java:99)
06-01 13:21:19.148 20368 20368 W LayerDrawable: 	at android.os.Looper.loopOnce(Looper.java:233)
06-01 13:21:19.148 20368 20368 W LayerDrawable: 	at android.os.Looper.loop(Looper.java:344)
06-01 13:21:19.148 20368 20368 W LayerDrawable: 	at android.app.ActivityThread.main(ActivityThread.java:8212)
06-01 13:21:19.148 20368 20368 W LayerDrawable: 	at java.lang.reflect.Method.invoke(Native Method)
06-01 13:21:19.148 20368 20368 W LayerDrawable: 	at com.android.internal.os.RuntimeInit$MethodAndArgsCaller.run(RuntimeInit.java:584)
06-01 13:21:19.148 20368 20368 W LayerDrawable: 	at com.android.internal.os.ZygoteInit.main(ZygoteInit.java:1034)
06-01 13:21:19.149 20368 20368 W LayerDrawable: Invalid drawable added to LayerDrawable! Drawable already belongs to another owner but does not expose a constant state.
06-01 13:21:19.149 20368 20368 W LayerDrawable: java.lang.RuntimeException
06-01 13:21:19.149 20368 20368 W LayerDrawable: 	at android.graphics.drawable.LayerDrawable$ChildDrawable.<init>(LayerDrawable.java:1857)
06-01 13:21:19.149 20368 20368 W LayerDrawable: 	at android.graphics.drawable.LayerDrawable$LayerState.<init>(LayerDrawable.java:1977)
06-01 13:21:19.149 20368 20368 W LayerDrawable: 	at android.graphics.drawable.LayerDrawable.createConstantState(LayerDrawable.java:174)
06-01 13:21:19.149 20368 20368 W LayerDrawable: 	at android.graphics.drawable.LayerDrawable.mutate(LayerDrawable.java:1782)
06-01 13:21:19.149 20368 20368 W LayerDrawable: 	at y7.t3.j(r8-map-id-4d324016c792a504f97eeb2d735985f29f25d0f1aa4b6481b912a1beedf1e07f:83)
06-01 13:21:19.149 20368 20368 W LayerDrawable: 	at helium314.keyboard.latin.panels.AiThemePanelView.f(r8-map-id-4d324016c792a504f97eeb2d735985f29f25d0f1aa4b6481b912a1beedf1e07f:185)
06-01 13:21:19.149 20368 20368 W LayerDrawable: 	at helium314.keyboard.latin.panels.AiThemePanelView.A0(r8-map-id-4d324016c792a504f97eeb2d735985f29f25d0f1aa4b6481b912a1beedf1e07f:39)
06-01 13:21:19.149 20368 20368 W LayerDrawable: 	at v7.b.u(r8-map-id-4d324016c792a504f97eeb2d735985f29f25d0f1aa4b6481b912a1beedf1e07f:316)
06-01 13:21:19.149 20368 20368 W LayerDrawable: 	at helium314.keyboard.latin.LatinIME.l(r8-map-id-4d324016c792a504f97eeb2d735985f29f25d0f1aa4b6481b912a1beedf1e07f:36)
06-01 13:21:19.149 20368 20368 W LayerDrawable: 	at g7.m.a(r8-map-id-4d324016c792a504f97eeb2d735985f29f25d0f1aa4b6481b912a1beedf1e07f:266)
06-01 13:21:19.149 20368 20368 W LayerDrawable: 	at helium314.keyboard.latin.suggestions.SuggestionStripView.onClick(r8-map-id-4d324016c792a504f97eeb2d735985f29f25d0f1aa4b6481b912a1beedf1e07f:45)
06-01 13:21:19.149 20368 20368 W LayerDrawable: 	at android.view.View.performClick(View.java:7488)
06-01 13:21:19.149 20368 20368 W LayerDrawable: 	at android.view.View.performClickInternal(View.java:7464)
06-01 13:21:19.149 20368 20368 W LayerDrawable: 	at android.view.View.access$3700(View.java:841)
06-01 13:21:19.149 20368 20368 W LayerDrawable: 	at android.view.View$PerformClick.run(View.java:28911)
06-01 13:21:19.149 20368 20368 W LayerDrawable: 	at android.os.Handler.handleCallback(Handler.java:938)
06-01 13:21:19.149 20368 20368 W LayerDrawable: 	at android.os.Handler.dispatchMessage(Handler.java:99)
06-01 13:21:19.149 20368 20368 W LayerDrawable: 	at android.os.Looper.loopOnce(Looper.java:233)
06-01 13:21:19.149 20368 20368 W LayerDrawable: 	at android.os.Looper.loop(Looper.java:344)
06-01 13:21:19.149 20368 20368 W LayerDrawable: 	at android.app.ActivityThread.main(ActivityThread.java:8212)
06-01 13:21:19.149 20368 20368 W LayerDrawable: 	at java.lang.reflect.Method.invoke(Native Method)
06-01 13:21:19.149 20368 20368 W LayerDrawable: 	at com.android.internal.os.RuntimeInit$MethodAndArgsCaller.run(RuntimeInit.java:584)
06-01 13:21:19.149 20368 20368 W LayerDrawable: 	at com.android.internal.os.ZygoteInit.main(ZygoteInit.java:1034)
06-01 13:21:19.149 20368 20368 W LayerDrawable: Invalid drawable added to LayerDrawable! Drawable already belongs to another owner but does not expose a constant state.
06-01 13:21:19.149 20368 20368 W LayerDrawable: java.lang.RuntimeException
06-01 13:21:19.149 20368 20368 W LayerDrawable: 	at android.graphics.drawable.LayerDrawable$ChildDrawable.<init>(LayerDrawable.java:1857)
06-01 13:21:19.149 20368 20368 W LayerDrawable: 	at android.graphics.drawable.LayerDrawable$LayerState.<init>(LayerDrawable.java:1977)
06-01 13:21:19.149 20368 20368 W LayerDrawable: 	at android.graphics.drawable.LayerDrawable.createConstantState(LayerDrawable.java:174)
06-01 13:21:19.149 20368 20368 W LayerDrawable: 	at android.graphics.drawable.LayerDrawable.mutate(LayerDrawable.java:1782)
06-01 13:21:19.149 20368 20368 W LayerDrawable: 	at y7.t3.j(r8-map-id-4d324016c792a504f97eeb2d735985f29f25d0f1aa4b6481b912a1beedf1e07f:83)
06-01 13:21:19.149 20368 20368 W LayerDrawable: 	at helium314.keyboard.latin.panels.AiThemePanelView.f(r8-map-id-4d324016c792a504f97eeb2d735985f29f25d0f1aa4b6481b912a1beedf1e07f:185)
06-01 13:21:19.149 20368 20368 W LayerDrawable: 	at helium314.keyboard.latin.panels.AiThemePanelView.A0(r8-map-id-4d324016c792a504f97eeb2d735985f29f25d0f1aa4b6481b912a1beedf1e07f:39)
06-01 13:21:19.149 20368 20368 W LayerDrawable: 	at v7.b.u(r8-map-id-4d324016c792a504f97eeb2d735985f29f25d0f1aa4b6481b912a1beedf1e07f:316)
06-01 13:21:19.149 20368 20368 W LayerDrawable: 	at helium314.keyboard.latin.LatinIME.l(r8-map-id-4d324016c792a504f97eeb2d735985f29f25d0f1aa4b6481b912a1beedf1e07f:36)
06-01 13:21:19.149 20368 20368 W LayerDrawable: 	at g7.m.a(r8-map-id-4d324016c792a504f97eeb2d735985f29f25d0f1aa4b6481b912a1beedf1e07f:266)
06-01 13:21:19.149 20368 20368 W LayerDrawable: 	at helium314.keyboard.latin.suggestions.SuggestionStripView.onClick(r8-map-id-4d324016c792a504f97eeb2d735985f29f25d0f1aa4b6481b912a1beedf1e07f:45)
06-01 13:21:19.149 20368 20368 W LayerDrawable: 	at android.view.View.performClick(View.java:7488)
06-01 13:21:19.149 20368 20368 W LayerDrawable: 	at android.view.View.performClickInternal(View.java:7464)
06-01 13:21:19.149 20368 20368 W LayerDrawable: 	at android.view.View.access$3700(View.java:841)
06-01 13:21:19.149 20368 20368 W LayerDrawable: 	at android.view.View$PerformClick.run(View.java:28911)
06-01 13:21:19.149 20368 20368 W LayerDrawable: 	at android.os.Handler.handleCallback(Handler.java:938)
06-01 13:21:19.149 20368 20368 W LayerDrawable: 	at android.os.Handler.dispatchMessage(Handler.java:99)
06-01 13:21:19.149 20368 20368 W LayerDrawable: 	at android.os.Looper.loopOnce(Looper.java:233)
06-01 13:21:19.149 20368 20368 W LayerDrawable: 	at android.os.Looper.loop(Looper.java:344)
06-01 13:21:19.149 20368 20368 W LayerDrawable: 	at android.app.ActivityThread.main(ActivityThread.java:8212)
06-01 13:21:19.149 20368 20368 W LayerDrawable: 	at java.lang.reflect.Method.invoke(Native Method)
06-01 13:21:19.149 20368 20368 W LayerDrawable: 	at com.android.internal.os.RuntimeInit$MethodAndArgsCaller.run(RuntimeInit.java:584)
06-01 13:21:19.149 20368 20368 W LayerDrawable: 	at com.android.internal.os.ZygoteInit.main(ZygoteInit.java:1034)
06-01 13:21:22.942 20368 20368 W View    : requestLayout() improperly called by android.widget.FrameLayout{a8e7fcf V.E...... ......ID 0,1677-1440,1857 #7f0a0087 app:id/browser_nav_footer_float} during layout: running second layout pass
06-01 13:21:22.950 20368 20368 E GeckoView: Failed to attach WindowInsetsListener: 
06-01 13:21:22.950 20368 20368 E GeckoView: java.lang.NullPointerException: Attempt to invoke virtual method 'android.view.Window android.app.Activity.getWindow()' on a null object reference
06-01 13:21:22.950 20368 20368 E GeckoView: 	at org.mozilla.geckoview.GeckoView.attachWindowInsetsListener(r8-map-id-4d324016c792a504f97eeb2d735985f29f25d0f1aa4b6481b912a1beedf1e07f:1)
06-01 13:21:22.950 20368 20368 E GeckoView: 	at org.mozilla.geckoview.GeckoView.onAttachedToWindow(r8-map-id-4d324016c792a504f97eeb2d735985f29f25d0f1aa4b6481b912a1beedf1e07f:49)
06-01 13:21:22.950 20368 20368 E GeckoView: 	at android.view.View.dispatchAttachedToWindow(View.java:20900)
06-01 13:21:22.950 20368 20368 E GeckoView: 	at android.view.ViewGroup.dispatchAttachedToWindow(ViewGroup.java:3539)
06-01 13:21:22.950 20368 20368 E GeckoView: 	at android.view.ViewGroup.addViewInner(ViewGroup.java:5378)
06-01 13:21:22.950 20368 20368 E GeckoView: 	at android.view.ViewGroup.addView(ViewGroup.java:5156)
06-01 13:21:22.950 20368 20368 E GeckoView: 	at android.view.ViewGroup.addView(ViewGroup.java:5096)
06-01 13:21:22.950 20368 20368 E GeckoView: 	at helium314.keyboard.latin.panels.BrowserPanelView.Y(r8-map-id-4d324016c792a504f97eeb2d735985f29f25d0f1aa4b6481b912a1beedf1e07f:62)
06-01 13:21:22.950 20368 20368 E GeckoView: 	at helium314.keyboard.latin.panels.BrowserPanelView.X(r8-map-id-4d324016c792a504f97eeb2d735985f29f25d0f1aa4b6481b912a1beedf1e07f:296)
06-01 13:21:22.950 20368 20368 E GeckoView: 	at helium314.keyboard.latin.panels.BrowserPanelView.G0(r8-map-id-4d324016c792a504f97eeb2d735985f29f25d0f1aa4b6481b912a1beedf1e07f:58)
06-01 13:21:22.950 20368 20368 E GeckoView: 	at c5.t.run(r8-map-id-4d324016c792a504f97eeb2d735985f29f25d0f1aa4b6481b912a1beedf1e07f:622)
06-01 13:21:22.950 20368 20368 E GeckoView: 	at g7.y.onGlobalLayout(r8-map-id-4d324016c792a504f97eeb2d735985f29f25d0f1aa4b6481b912a1beedf1e07f:8)
06-01 13:21:22.950 20368 20368 E GeckoView: 	at android.view.ViewTreeObserver.dispatchOnGlobalLayout(ViewTreeObserver.java:1061)
06-01 13:21:22.950 20368 20368 E GeckoView: 	at android.view.ViewRootImpl.performTraversals(ViewRootImpl.java:3407)
06-01 13:21:22.950 20368 20368 E GeckoView: 	at android.view.ViewRootImpl.doTraversal(ViewRootImpl.java:2305)
06-01 13:21:22.950 20368 20368 E GeckoView: 	at android.view.ViewRootImpl$TraversalRunnable.run(ViewRootImpl.java:9133)
06-01 13:21:22.950 20368 20368 E GeckoView: 	at android.view.Choreographer$CallbackRecord.run(Choreographer.java:1232)
06-01 13:21:22.950 20368 20368 E GeckoView: 	at android.view.Choreographer.doCallbacks(Choreographer.java:1029)
06-01 13:21:22.950 20368 20368 E GeckoView: 	at android.view.Choreographer.doFrame(Choreographer.java:934)
06-01 13:21:22.950 20368 20368 E GeckoView: 	at android.view.Choreographer$FrameDisplayEventReceiver.run(Choreographer.java:1217)
06-01 13:21:22.950 20368 20368 E GeckoView: 	at android.os.Handler.handleCallback(Handler.java:938)
06-01 13:21:22.950 20368 20368 E GeckoView: 	at android.os.Handler.dispatchMessage(Handler.java:99)
06-01 13:21:22.950 20368 20368 E GeckoView: 	at android.os.Looper.loopOnce(Looper.java:233)
06-01 13:21:22.950 20368 20368 E GeckoView: 	at android.os.Looper.loop(Looper.java:344)
06-01 13:21:22.950 20368 20368 E GeckoView: 	at android.app.ActivityThread.main(ActivityThread.java:8212)
06-01 13:21:22.950 20368 20368 E GeckoView: 	at java.lang.reflect.Method.invoke(Native Method)
06-01 13:21:22.950 20368 20368 E GeckoView: 	at com.android.internal.os.RuntimeInit$MethodAndArgsCaller.run(RuntimeInit.java:584)
06-01 13:21:22.950 20368 20368 E GeckoView: 	at com.android.internal.os.ZygoteInit.main(ZygoteInit.java:1034)
06-01 13:21:23.105 20735 20768 W GeckoEditableChild: No editable parent
06-01 13:21:23.164 20368 22180 E BLASTBufferQueue: [SurfaceView[InputMethod]#56](f:0,a:0) rejecting buffer:active_size=1440x1853, requested_size=1440x1853 buffer{size=1440x1861 transform=0}
06-01 13:21:23.164 20368 22180 E BLASTBufferQueue: BLASTBufferItemConsumer::onDisconnect()
06-01 13:21:23.883 22165 22182 W GeckoEditableChild: No editable parent
06-01 13:21:23.887 20368 20368 W com.vibekey.keyboard: type=1400 audit(0.0:13672): avc: denied { nlmsg_readpriv } for comm=536F636B657420546872656164 scontext=u:r:untrusted_app:s0:c15,c271,c512,c768 tcontext=u:r:untrusted_app:s0:c15,c271,c512,c768 tclass=netlink_route_socket permissive=0 bug=b/155595000 app=com.vibekey.keyboard
06-01 13:21:23.907 20368 20368 W com.vibekey.keyboard: type=1400 audit(0.0:13673): avc: denied { nlmsg_readpriv } for comm=536F636B657420546872656164 scontext=u:r:untrusted_app:s0:c15,c271,c512,c768 tcontext=u:r:untrusted_app:s0:c15,c271,c512,c768 tclass=netlink_route_socket permissive=0 bug=b/155595000 app=com.vibekey.keyboard
06-01 13:21:23.977 20368 20368 W com.vibekey.keyboard: type=1400 audit(0.0:13674): avc: denied { nlmsg_readpriv } for comm=536F636B657420546872656164 scontext=u:r:untrusted_app:s0:c15,c271,c512,c768 tcontext=u:r:untrusted_app:s0:c15,c271,c512,c768 tclass=netlink_route_socket permissive=0 bug=b/155595000 app=com.vibekey.keyboard
06-01 13:21:24.156 20368 20368 W GeckoSession: No history entries found.
06-01 13:21:24.174 22165 22182 W Isolated Web Content: [JavaScript Warning: "Layout was forced before the page was fully loaded. If stylesheets are not yet loaded this may cause a flash of unstyled content." {file: "https://static.foxnews.com/static/orion/scripts/core/ag.core.js?v=202661182" line: 149}]
06-01 13:21:24.287 20368 20368 W com.vibekey.keyboard: type=1400 audit(0.0:13675): avc: denied { nlmsg_readpriv } for comm=536F636B657420546872656164 scontext=u:r:untrusted_app:s0:c15,c271,c512,c768 tcontext=u:r:untrusted_app:s0:c15,c271,c512,c768 tclass=netlink_route_socket permissive=0 bug=b/155595000 app=com.vibekey.keyboard
06-01 13:21:24.321 21764 21779 W libc    : Access denied finding property "vendor.oplus.media.vpp.stutter"
06-01 13:21:24.322 21764 21779 E MULTIMEDIAConfig: [getInt32:L80] Not find config, Returning default
06-01 13:21:24.322 21764 21779 E MULTIMEDIAConfig: [getInt32:L80] Not find config, Returning default
06-01 13:21:24.322 21764 21779 E OplusACodec: [OplusACodec:204] mSrOsieMMListCheckResult:0x0 mOsieVersion:1
06-01 13:21:24.327 20368 20368 W com.vibekey.keyboard: type=1400 audit(0.0:13677): avc: denied { nlmsg_readpriv } for comm=536F636B657420546872656164 scontext=u:r:untrusted_app:s0:c15,c271,c512,c768 tcontext=u:r:untrusted_app:s0:c15,c271,c512,c768 tclass=netlink_route_socket permissive=0 bug=b/155595000 app=com.vibekey.keyboard
06-01 13:21:24.374 21764 25341 E OplusACodec: [GetVideoCodingTypeFromMime:L1162] mime:video/avc
06-01 13:21:24.377 20368 20368 W com.vibekey.keyboard: type=1400 audit(0.0:13678): avc: denied { nlmsg_readpriv } for comm=536F636B657420546872656164 scontext=u:r:untrusted_app:s0:c15,c271,c512,c768 tcontext=u:r:untrusted_app:s0:c15,c271,c512,c768 tclass=netlink_route_socket permissive=0 bug=b/155595000 app=com.vibekey.keyboard
06-01 13:21:24.499 21764 21779 W libc    : Access denied finding property "vendor.oplus.media.vpp.stutter"
06-01 13:21:24.499 21764 21779 E MULTIMEDIAConfig: [getInt32:L80] Not find config, Returning default
06-01 13:21:24.499 21764 21779 E MULTIMEDIAConfig: [getInt32:L80] Not find config, Returning default
06-01 13:21:24.499 21764 21779 E OplusACodec: [OplusACodec:204] mSrOsieMMListCheckResult:0x0 mOsieVersion:1
06-01 13:21:24.520 21764 25352 E OplusACodec: [GetVideoCodingTypeFromMime:L1162] mime:video/avc
06-01 13:21:24.699 20368 20368 W GeckoEventDispatcher: No listener for GeckoView:DismissClipboardPermissionRequest
06-01 13:21:24.704 20368 22180 E BLASTBufferQueue: BLASTBufferItemConsumer::onDisconnect()
06-01 13:21:24.712 20368 20368 E GeckoView: Failed to detach WindowInsetsListener: 
06-01 13:21:24.712 20368 20368 E GeckoView: java.lang.NullPointerException: Attempt to invoke virtual method 'android.view.Window android.app.Activity.getWindow()' on a null object reference
06-01 13:21:24.712 20368 20368 E GeckoView: 	at org.mozilla.geckoview.GeckoView.detachWindowInsetsListener(r8-map-id-4d324016c792a504f97eeb2d735985f29f25d0f1aa4b6481b912a1beedf1e07f:1)
06-01 13:21:24.712 20368 20368 E GeckoView: 	at org.mozilla.geckoview.GeckoView.onDetachedFromWindow(r8-map-id-4d324016c792a504f97eeb2d735985f29f25d0f1aa4b6481b912a1beedf1e07f:25)
06-01 13:21:24.712 20368 20368 E GeckoView: 	at android.view.View.dispatchDetachedFromWindow(View.java:20955)
06-01 13:21:24.712 20368 20368 E GeckoView: 	at android.view.ViewGroup.dispatchDetachedFromWindow(ViewGroup.java:4014)
06-01 13:21:24.712 20368 20368 E GeckoView: 	at android.view.ViewGroup.removeViewInternal(ViewGroup.java:5660)
06-01 13:21:24.712 20368 20368 E GeckoView: 	at android.view.ViewGroup.removeViewInternal(ViewGroup.java:5631)
06-01 13:21:24.712 20368 20368 E GeckoView: 	at android.view.ViewGroup.removeView(ViewGroup.java:5562)
06-01 13:21:24.712 20368 20368 E GeckoView: 	at helium314.keyboard.latin.panels.BrowserPanelView.E(r8-map-id-4d324016c792a504f97eeb2d735985f29f25d0f1aa4b6481b912a1beedf1e07f:75)
06-01 13:21:24.712 20368 20368 E GeckoView: 	at helium314.keyboard.latin.panels.BrowserPanelView.H0(r8-map-id-4d324016c792a504f97eeb2d735985f29f25d0f1aa4b6481b912a1beedf1e07f:90)
06-01 13:21:24.712 20368 20368 E GeckoView: 	at g7.b0.r(r8-map-id-4d324016c792a504f97eeb2d735985f29f25d0f1aa4b6481b912a1beedf1e07f:149)
06-01 13:21:24.712 20368 20368 E GeckoView: 	at g7.b0.P(r8-map-id-4d324016c792a504f97eeb2d735985f29f25d0f1aa4b6481b912a1beedf1e07f:17)
06-01 13:21:24.712 20368 20368 E GeckoView: 	at y7.t3.a(r8-map-id-4d324016c792a504f97eeb2d735985f29f25d0f1aa4b6481b912a1beedf1e07f:3)
06-01 13:21:24.712 20368 20368 E GeckoView: 	at y7.b2.onClick(r8-map-id-4d324016c792a504f97eeb2d735985f29f25d0f1aa4b6481b912a1beedf1e07f:203)
06-01 13:21:24.712 20368 20368 E GeckoView: 	at android.view.View.performClick(View.java:7488)
06-01 13:21:24.712 20368 20368 E GeckoView: 	at android.view.View.performClickInternal(View.java:7464)
06-01 13:21:24.712 20368 20368 E GeckoView: 	at android.view.View.access$3700(View.java:841)
06-01 13:21:24.712 20368 20368 E GeckoView: 	at android.view.View$PerformClick.run(View.java:28911)
06-01 13:21:24.712 20368 20368 E GeckoView: 	at android.os.Handler.handleCallback(Handler.java:938)
06-01 13:21:24.712 20368 20368 E GeckoView: 	at android.os.Handler.dispatchMessage(Handler.java:99)
06-01 13:21:24.712 20368 20368 E GeckoView: 	at android.os.Looper.loopOnce(Looper.java:233)
06-01 13:21:24.712 20368 20368 E GeckoView: 	at android.os.Looper.loop(Looper.java:344)
06-01 13:21:24.712 20368 20368 E GeckoView: 	at android.app.ActivityThread.main(ActivityThread.java:8212)
06-01 13:21:24.712 20368 20368 E GeckoView: 	at java.lang.reflect.Method.invoke(Native Method)
06-01 13:21:24.712 20368 20368 E GeckoView: 	at com.android.internal.os.RuntimeInit$MethodAndArgsCaller.run(RuntimeInit.java:584)
06-01 13:21:24.712 20368 20368 E GeckoView: 	at com.android.internal.os.ZygoteInit.main(ZygoteInit.java:1034)
06-01 13:21:25.457 20368 20368 W com.vibekey.keyboard: type=1400 audit(0.0:13680): avc: denied { nlmsg_readpriv } for comm=536F636B657420546872656164 scontext=u:r:untrusted_app:s0:c15,c271,c512,c768 tcontext=u:r:untrusted_app:s0:c15,c271,c512,c768 tclass=netlink_route_socket permissive=0 bug=b/155595000 app=com.vibekey.keyboard
06-01 13:21:25.487 20368 20368 W com.vibekey.keyboard: type=1400 audit(0.0:13681): avc: denied { nlmsg_readpriv } for comm=536F636B657420546872656164 scontext=u:r:untrusted_app:s0:c15,c271,c512,c768 tcontext=u:r:untrusted_app:s0:c15,c271,c512,c768 tclass=netlink_route_socket permissive=0 bug=b/155595000 app=com.vibekey.keyboard
06-01 13:21:25.522 22165 22182 E Isolated Web Content: [JavaScript Error: "Cookie “cto_tld_test” has been rejected for invalid domain." {file: "https://www.foxnews.com/" line: 0}]
06-01 13:21:25.523 22165 22182 E Isolated Web Content: [JavaScript Error: "Cookie “cto_tld_test” has been rejected for invalid domain." {file: "https://www.foxnews.com/" line: 0}]
06-01 13:21:25.547 20368 20368 W com.vibekey.keyboard: type=1400 audit(0.0:13682): avc: denied { nlmsg_readpriv } for comm=536F636B657420546872656164 scontext=u:r:untrusted_app:s0:c15,c271,c512,c768 tcontext=u:r:untrusted_app:s0:c15,c271,c512,c768 tclass=netlink_route_socket permissive=0 bug=b/155595000 app=com.vibekey.keyboard
06-01 13:21:25.609 22165 22182 W Isolated Web Content: [JavaScript Warning: "unreachable code after return statement" {file: "https://static.foxnews.com/static/leap/ext/shims/ld.js?v=202412181552" line: 3}]
06-01 13:21:25.635 20368 20368 W GeckoEventDispatcher: No listener for GeckoView:DismissClipboardPermissionRequest
06-01 13:21:25.737 20368 20368 W com.vibekey.keyboard: type=1400 audit(0.0:13683): avc: denied { nlmsg_readpriv } for comm=536F636B657420546872656164 scontext=u:r:untrusted_app:s0:c15,c271,c512,c768 tcontext=u:r:untrusted_app:s0:c15,c271,c512,c768 tclass=netlink_route_socket permissive=0 bug=b/155595000 app=com.vibekey.keyboard
06-01 13:21:26.157 20368 20368 W GeckoEventDispatcher: No listener for GeckoView:DismissClipboardPermissionRequest
06-01 13:21:26.158 20368 20698 E GeckoConsole: [JavaScript Error: "TypeError: can't access property "WindowEventDispatcher", win is null" {file: "resource://gre/modules/GeckoViewSessionStore.sys.mjs" line: 149}]
06-01 13:21:26.158 20368 20698 E GeckoConsole: onTabStateUpdate@resource://gre/modules/GeckoViewSessionStore.sys.mjs:149:5
06-01 13:21:26.158 20368 20698 E GeckoConsole: updateSessionStoreFromTabListener@resource://gre/modules/GeckoViewSessionStore.sys.mjs:243:10
06-01 13:21:26.158 20368 20698 E GeckoConsole: SSF_updateSessionStore@resource://gre/modules/SessionStoreFunctions.sys.mjs:46:27
06-01 13:21:26.158 20368 20698 E GeckoConsole: UpdateSessionStore@resource://gre/modules/SessionStoreFunctions.sys.mjs:16:46
06-01 13:21:26.237 22165 22182 E Isolated Web Content: [JavaScript Error: "The Notification permission may only be requested from inside a short running user-generated event handler." {file: "https://www.foxnews.com/" line: 0}]
06-01 13:21:26.240 22165 22182 E Isolated Web Content: [JavaScript Error: "Cookie “_lr_env” has been rejected for invalid domain." {file: "https://www.foxnews.com/" line: 0}]
06-01 13:21:26.247 20368 20368 W com.vibekey.keyboard: type=1400 audit(0.0:13685): avc: denied { nlmsg_readpriv } for comm=536F636B657420546872656164 scontext=u:r:untrusted_app:s0:c15,c271,c512,c768 tcontext=u:r:untrusted_app:s0:c15,c271,c512,c768 tclass=netlink_route_socket permissive=0 bug=b/155595000 app=com.vibekey.keyboard
06-01 13:21:26.597 20368 20368 W com.vibekey.keyboard: type=1400 audit(0.0:13686): avc: denied { nlmsg_readpriv } for comm=536F636B657420546872656164 scontext=u:r:untrusted_app:s0:c15,c271,c512,c768 tcontext=u:r:untrusted_app:s0:c15,c271,c512,c768 tclass=netlink_route_socket permissive=0 bug=b/155595000 app=com.vibekey.keyboard
06-01 13:21:26.623 22554 22588 W Isolated Web Content: [JavaScript Warning: "This page is in Quirks Mode. Page layout may be impacted. For Standards Mode use “<!DOCTYPE html>”." {file: "https://a5728063363743744.cdn.optimizely.com/client_storage/a5728063363743744.html" line: 0}]
06-01 13:21:26.661 22165 22182 W Isolated Web Content: [JavaScript Warning: "Loading failed for the <script> with source “https://cdn.segment.com/analytics.js/v1/null/analytics.min.js”." {file: "https://www.foxnews.com/" line: 1}]
06-01 13:21:26.657 20368 20368 W com.vibekey.keyboard: type=1400 audit(0.0:13687): avc: denied { nlmsg_readpriv } for comm=536F636B657420546872656164 scontext=u:r:untrusted_app:s0:c15,c271,c512,c768 tcontext=u:r:untrusted_app:s0:c15,c271,c512,c768 tclass=netlink_route_socket permissive=0 bug=b/155595000 app=com.vibekey.keyboard
06-01 13:21:26.767 20368 20368 W com.vibekey.keyboard: type=1400 audit(0.0:13688): avc: denied { nlmsg_readpriv } for comm=536F636B657420546872656164 scontext=u:r:untrusted_app:s0:c15,c271,c512,c768 tcontext=u:r:untrusted_app:s0:c15,c271,c512,c768 tclass=netlink_route_socket permissive=0 bug=b/155595000 app=com.vibekey.keyboard
06-01 13:21:27.095 22165 22182 W Isolated Web Content: [JavaScript Warning: "The script from “https://wave.outbrain.com/mtWavesBundler/handler/006c2868b0f82265422cd54b22bee6ac2e” was loaded even though its MIME type (“text/html”) is not a valid JavaScript MIME type." {file: "https://www.foxnews.com/" line: 0}]
06-01 13:21:27.096 20368 20677 W VibeKeyProfiler: Slow Native Suggest: Total=8.33ms | Init=0.26ms | TrieExpand(x13)=8.04ms | Scoring=0.03ms | inputSize=5
06-01 13:21:27.277 20368 20368 W com.vibekey.keyboard: type=1400 audit(0.0:13689): avc: denied { nlmsg_readpriv } for comm=536F636B657420546872656164 scontext=u:r:untrusted_app:s0:c15,c271,c512,c768 tcontext=u:r:untrusted_app:s0:c15,c271,c512,c768 tclass=netlink_route_socket permissive=0 bug=b/155595000 app=com.vibekey.keyboard
06-01 13:21:27.307 20368 20368 W com.vibekey.keyboard: type=1400 audit(0.0:13690): avc: denied { nlmsg_readpriv } for comm=536F636B657420546872656164 scontext=u:r:untrusted_app:s0:c15,c271,c512,c768 tcontext=u:r:untrusted_app:s0:c15,c271,c512,c768 tclass=netlink_route_socket permissive=0 bug=b/155595000 app=com.vibekey.keyboard
06-01 13:21:27.317 20368 20368 W com.vibekey.keyboard: type=1400 audit(0.0:13691): avc: denied { nlmsg_readpriv } for comm=536F636B657420546872656164 scontext=u:r:untrusted_app:s0:c15,c271,c512,c768 tcontext=u:r:untrusted_app:s0:c15,c271,c512,c768 tclass=netlink_route_socket permissive=0 bug=b/155595000 app=com.vibekey.keyboard
06-01 13:21:27.734 20368 20677 W VibeKeyProfiler: Slow Native Suggest: Total=9.63ms | Init=0.22ms | TrieExpand(x9)=9.36ms | Scoring=0.05ms | inputSize=6
06-01 13:21:27.757 20368 20368 W com.vibekey.keyboard: type=1400 audit(0.0:13695): avc: denied { nlmsg_readpriv } for comm=536F636B657420546872656164 scontext=u:r:untrusted_app:s0:c15,c271,c512,c768 tcontext=u:r:untrusted_app:s0:c15,c271,c512,c768 tclass=netlink_route_socket permissive=0 bug=b/155595000 app=com.vibekey.keyboard
06-01 13:21:28.457 20368 20368 W com.vibekey.keyboard: type=1400 audit(0.0:13696): avc: denied { nlmsg_readpriv } for comm=536F636B657420546872656164 scontext=u:r:untrusted_app:s0:c15,c271,c512,c768 tcontext=u:r:untrusted_app:s0:c15,c271,c512,c768 tclass=netlink_route_socket permissive=0 bug=b/155595000 app=com.vibekey.keyboard
06-01 13:21:30.138 20368 20368 W GeckoEventDispatcher: No listener for GeckoView:DismissClipboardPermissionRequest
06-01 13:21:30.139 20368 20698 E GeckoConsole: [JavaScript Error: "TypeError: can't access property "WindowEventDispatcher", win is null" {file: "resource://gre/modules/GeckoViewSessionStore.sys.mjs" line: 149}]
06-01 13:21:30.139 20368 20698 E GeckoConsole: onTabStateUpdate@resource://gre/modules/GeckoViewSessionStore.sys.mjs:149:5
06-01 13:21:30.139 20368 20698 E GeckoConsole: updateSessionStoreFromTabListener@resource://gre/modules/GeckoViewSessionStore.sys.mjs:243:10
06-01 13:21:30.139 20368 20698 E GeckoConsole: SSF_updateSessionStore@resource://gre/modules/SessionStoreFunctions.sys.mjs:46:27
06-01 13:21:30.139 20368 20698 E GeckoConsole: UpdateSessionStore@resource://gre/modules/SessionStoreFunctions.sys.mjs:16:46
06-01 13:21:30.143 20368 20698 E GeckoConsole: [JavaScript Error: "TypeError: can't access property "WindowEventDispatcher", win is null" {file: "resource://gre/modules/GeckoViewSessionStore.sys.mjs" line: 149}]
06-01 13:21:30.143 20368 20698 E GeckoConsole: onTabStateUpdate@resource://gre/modules/GeckoViewSessionStore.sys.mjs:149:5
06-01 13:21:30.143 20368 20698 E GeckoConsole: updateSessionStoreFromTabListener@resource://gre/modules/GeckoViewSessionStore.sys.mjs:243:10
06-01 13:21:30.143 20368 20698 E GeckoConsole: SSF_updateSessionStore@resource://gre/modules/SessionStoreFunctions.sys.mjs:46:27
06-01 13:21:30.143 20368 20698 E GeckoConsole: UpdateSessionStore@resource://gre/modules/SessionStoreFunctions.sys.mjs:16:46
06-01 13:21:30.154 20368 20368 W LayerDrawable: Invalid drawable added to LayerDrawable! Drawable already belongs to another owner but does not expose a constant state.
06-01 13:21:30.154 20368 20368 W LayerDrawable: java.lang.RuntimeException
06-01 13:21:30.154 20368 20368 W LayerDrawable: 	at android.graphics.drawable.LayerDrawable$ChildDrawable.<init>(LayerDrawable.java:1857)
06-01 13:21:30.154 20368 20368 W LayerDrawable: 	at android.graphics.drawable.LayerDrawable$LayerState.<init>(LayerDrawable.java:1977)
06-01 13:21:30.154 20368 20368 W LayerDrawable: 	at android.graphics.drawable.LayerDrawable.createConstantState(LayerDrawable.java:174)
06-01 13:21:30.154 20368 20368 W LayerDrawable: 	at android.graphics.drawable.LayerDrawable.mutate(LayerDrawable.java:1782)
06-01 13:21:30.154 20368 20368 W LayerDrawable: 	at y7.t3.j(r8-map-id-4d324016c792a504f97eeb2d735985f29f25d0f1aa4b6481b912a1beedf1e07f:83)
06-01 13:21:30.154 20368 20368 W LayerDrawable: 	at helium314.keyboard.latin.panels.MenuPanelView.k(r8-map-id-4d324016c792a504f97eeb2d735985f29f25d0f1aa4b6481b912a1beedf1e07f:36)
06-01 13:21:30.154 20368 20368 W LayerDrawable: 	at helium314.keyboard.latin.panels.MenuPanelView.r(r8-map-id-4d324016c792a504f97eeb2d735985f29f25d0f1aa4b6481b912a1beedf1e07f:358)
06-01 13:21:30.154 20368 20368 W LayerDrawable: 	at v7.b.u(r8-map-id-4d324016c792a504f97eeb2d735985f29f25d0f1aa4b6481b912a1beedf1e07f:199)
06-01 13:21:30.154 20368 20368 W LayerDrawable: 	at helium314.keyboard.latin.LatinIME.l(r8-map-id-4d324016c792a504f97eeb2d735985f29f25d0f1aa4b6481b912a1beedf1e07f:36)
06-01 13:21:30.154 20368 20368 W LayerDrawable: 	at g7.m.a(r8-map-id-4d324016c792a504f97eeb2d735985f29f25d0f1aa4b6481b912a1beedf1e07f:266)
06-01 13:21:30.154 20368 20368 W LayerDrawable: 	at helium314.keyboard.latin.suggestions.SuggestionStripView.onClick(r8-map-id-4d324016c792a504f97eeb2d735985f29f25d0f1aa4b6481b912a1beedf1e07f:45)
06-01 13:21:30.154 20368 20368 W LayerDrawable: 	at android.view.View.performClick(View.java:7488)
06-01 13:21:30.154 20368 20368 W LayerDrawable: 	at android.view.View.performClickInternal(View.java:7464)
06-01 13:21:30.154 20368 20368 W LayerDrawable: 	at android.view.View.access$3700(View.java:841)
06-01 13:21:30.154 20368 20368 W LayerDrawable: 	at android.view.View$PerformClick.run(View.java:28911)
06-01 13:21:30.154 20368 20368 W LayerDrawable: 	at android.os.Handler.handleCallback(Handler.java:938)
06-01 13:21:30.154 20368 20368 W LayerDrawable: 	at android.os.Handler.dispatchMessage(Handler.java:99)
06-01 13:21:30.154 20368 20368 W LayerDrawable: 	at android.os.Looper.loopOnce(Looper.java:233)
06-01 13:21:30.154 20368 20368 W LayerDrawable: 	at android.os.Looper.loop(Looper.java:344)
06-01 13:21:30.154 20368 20368 W LayerDrawable: 	at android.app.ActivityThread.main(ActivityThread.java:8212)
06-01 13:21:30.154 20368 20368 W LayerDrawable: 	at java.lang.reflect.Method.invoke(Native Method)
06-01 13:21:30.154 20368 20368 W LayerDrawable: 	at com.android.internal.os.RuntimeInit$MethodAndArgsCaller.run(RuntimeInit.java:584)
06-01 13:21:30.154 20368 20368 W LayerDrawable: 	at com.android.internal.os.ZygoteInit.main(ZygoteInit.java:1034)
06-01 13:21:30.155 20368 20368 W LayerDrawable: Invalid drawable added to LayerDrawable! Drawable already belongs to another owner but does not expose a constant state.
06-01 13:21:30.155 20368 20368 W LayerDrawable: java.lang.RuntimeException
06-01 13:21:30.155 20368 20368 W LayerDrawable: 	at android.graphics.drawable.LayerDrawable$ChildDrawable.<init>(LayerDrawable.java:1857)
06-01 13:21:30.155 20368 20368 W LayerDrawable: 	at android.graphics.drawable.LayerDrawable$LayerState.<init>(LayerDrawable.java:1977)
06-01 13:21:30.155 20368 20368 W LayerDrawable: 	at android.graphics.drawable.LayerDrawable.createConstantState(LayerDrawable.java:174)
06-01 13:21:30.155 20368 20368 W LayerDrawable: 	at android.graphics.drawable.LayerDrawable.mutate(LayerDrawable.java:1782)
06-01 13:21:30.155 20368 20368 W LayerDrawable: 	at y7.t3.j(r8-map-id-4d324016c792a504f97eeb2d735985f29f25d0f1aa4b6481b912a1beedf1e07f:83)
06-01 13:21:30.155 20368 20368 W LayerDrawable: 	at helium314.keyboard.latin.panels.MenuPanelView.k(r8-map-id-4d324016c792a504f97eeb2d735985f29f25d0f1aa4b6481b912a1beedf1e07f:36)
06-01 13:21:30.155 20368 20368 W LayerDrawable: 	at helium314.keyboard.latin.panels.MenuPanelView.r(r8-map-id-4d324016c792a504f97eeb2d735985f29f25d0f1aa4b6481b912a1beedf1e07f:358)
06-01 13:21:30.155 20368 20368 W LayerDrawable: 	at v7.b.u(r8-map-id-4d324016c792a504f97eeb2d735985f29f25d0f1aa4b6481b912a1beedf1e07f:199)
06-01 13:21:30.155 20368 20368 W LayerDrawable: 	at helium314.keyboard.latin.LatinIME.l(r8-map-id-4d324016c792a504f97eeb2d735985f29f25d0f1aa4b6481b912a1beedf1e07f:36)
06-01 13:21:30.155 20368 20368 W LayerDrawable: 	at g7.m.a(r8-map-id-4d324016c792a504f97eeb2d735985f29f25d0f1aa4b6481b912a1beedf1e07f:266)
06-01 13:21:30.155 20368 20368 W LayerDrawable: 	at helium314.keyboard.latin.suggestions.SuggestionStripView.onClick(r8-map-id-4d324016c792a504f97eeb2d735985f29f25d0f1aa4b6481b912a1beedf1e07f:45)
06-01 13:21:30.155 20368 20368 W LayerDrawable: 	at android.view.View.performClick(View.java:7488)
06-01 13:21:30.155 20368 20368 W LayerDrawable: 	at android.view.View.performClickInternal(View.java:7464)
06-01 13:21:30.155 20368 20368 W LayerDrawable: 	at android.view.View.access$3700(View.java:841)
06-01 13:21:30.155 20368 20368 W LayerDrawable: 	at android.view.View$PerformClick.run(View.java:28911)
06-01 13:21:30.155 20368 20368 W LayerDrawable: 	at android.os.Handler.handleCallback(Handler.java:938)
06-01 13:21:30.155 20368 20368 W LayerDrawable: 	at android.os.Handler.dispatchMessage(Handler.java:99)
06-01 13:21:30.155 20368 20368 W LayerDrawable: 	at android.os.Looper.loopOnce(Looper.java:233)
06-01 13:21:30.155 20368 20368 W LayerDrawable: 	at android.os.Looper.loop(Looper.java:344)
06-01 13:21:30.155 20368 20368 W LayerDrawable: 	at android.app.ActivityThread.main(ActivityThread.java:8212)
06-01 13:21:30.155 20368 20368 W LayerDrawable: 	at java.lang.reflect.Method.invoke(Native Method)
06-01 13:21:30.155 20368 20368 W LayerDrawable: 	at com.android.internal.os.RuntimeInit$MethodAndArgsCaller.run(RuntimeInit.java:584)
06-01 13:21:30.155 20368 20368 W LayerDrawable: 	at com.android.internal.os.ZygoteInit.main(ZygoteInit.java:1034)
06-01 13:21:30.155 20368 20368 W LayerDrawable: Invalid drawable added to LayerDrawable! Drawable already belongs to another owner but does not expose a constant state.
06-01 13:21:30.155 20368 20368 W LayerDrawable: java.lang.RuntimeException
06-01 13:21:30.155 20368 20368 W LayerDrawable: 	at android.graphics.drawable.LayerDrawable$ChildDrawable.<init>(LayerDrawable.java:1857)
06-01 13:21:30.155 20368 20368 W LayerDrawable: 	at android.graphics.drawable.LayerDrawable$LayerState.<init>(LayerDrawable.java:1977)
06-01 13:21:30.155 20368 20368 W LayerDrawable: 	at android.graphics.drawable.LayerDrawable.createConstantState(LayerDrawable.java:174)
06-01 13:21:30.155 20368 20368 W LayerDrawable: 	at android.graphics.drawable.LayerDrawable.mutate(LayerDrawable.java:1782)
06-01 13:21:30.155 20368 20368 W LayerDrawable: 	at y7.t3.j(r8-map-id-4d324016c792a504f97eeb2d735985f29f25d0f1aa4b6481b912a1beedf1e07f:83)
06-01 13:21:30.155 20368 20368 W LayerDrawable: 	at helium314.keyboard.latin.panels.MenuPanelView.k(r8-map-id-4d324016c792a504f97eeb2d735985f29f25d0f1aa4b6481b912a1beedf1e07f:36)
06-01 13:21:30.155 20368 20368 W LayerDrawable: 	at helium314.keyboard.latin.panels.MenuPanelView.r(r8-map-id-4d324016c792a504f97eeb2d735985f29f25d0f1aa4b6481b912a1beedf1e07f:358)
06-01 13:21:30.155 20368 20368 W LayerDrawable: 	at v7.b.u(r8-map-id-4d324016c792a504f97eeb2d735985f29f25d0f1aa4b6481b912a1beedf1e07f:199)
06-01 13:21:30.155 20368 20368 W LayerDrawable: 	at helium314.keyboard.latin.LatinIME.l(r8-map-id-4d324016c792a504f97eeb2d735985f29f25d0f1aa4b6481b912a1beedf1e07f:36)
06-01 13:21:30.155 20368 20368 W LayerDrawable: 	at g7.m.a(r8-map-id-4d324016c792a504f97eeb2d735985f29f25d0f1aa4b6481b912a1beedf1e07f:266)
06-01 13:21:30.155 20368 20368 W LayerDrawable: 	at helium314.keyboard.latin.suggestions.SuggestionStripView.onClick(r8-map-id-4d324016c792a504f97eeb2d735985f29f25d0f1aa4b6481b912a1beedf1e07f:45)
06-01 13:21:30.155 20368 20368 W LayerDrawable: 	at android.view.View.performClick(View.java:7488)
