06-02 16:50:54.413  6484  6484 W View    : requestLayout() improperly called by helium314.keyboard.latin.panels.BrowserPanelView{c0bc499 V.E...... ......I. 0,0-1440,2040} during layout: running second layout pass
06-02 16:50:54.416  6484  6484 W View    : requestLayout() improperly called by helium314.keyboard.latin.panels.BrowserPanelView{c0bc499 V.E...... ........ 0,0-1440,2040} during second layout pass: posting in next frame
06-02 16:50:54.429  6484  6484 W View    : requestLayout() improperly called by helium314.keyboard.latin.panels.BrowserPanelView{c0bc499 V.E...... ......I. 0,0-1440,2040} during layout: running second layout pass
06-02 16:50:54.432  6484  6484 W View    : requestLayout() improperly called by helium314.keyboard.latin.panels.BrowserPanelView{c0bc499 V.E...... ........ 0,0-1440,2040} during second layout pass: posting in next frame
06-02 16:50:54.445  6484 10876 W Ads     : Not retrying to fetch app settings
06-02 16:50:54.446 10839 10864 W Isolated Web Content: [JavaScript Warning: "This page is in Almost Standards Mode. Page layout may be impacted. For Standards Mode use “<!DOCTYPE html>”." {file: "https://btloader.com/trustedIframe.html?o=5762268746743808&upapi=true" line: 0}]
06-02 16:50:54.446  6484  6484 W View    : requestLayout() improperly called by helium314.keyboard.latin.panels.BrowserPanelView{c0bc499 V.E...... ......I. 0,0-1440,2040} during layout: running second layout pass
06-02 16:50:54.449  6484  6484 W View    : requestLayout() improperly called by helium314.keyboard.latin.panels.BrowserPanelView{c0bc499 V.E...... ........ 0,0-1440,2040} during second layout pass: posting in next frame
06-02 16:50:54.465  6484  6484 W View    : requestLayout() improperly called by helium314.keyboard.latin.panels.BrowserPanelView{c0bc499 V.E...... ......I. 0,0-1440,2040} during layout: running second layout pass
06-02 16:50:54.468  6484  6484 W View    : requestLayout() improperly called by helium314.keyboard.latin.panels.BrowserPanelView{c0bc499 V.E...... ........ 0,0-1440,2040} during second layout pass: posting in next frame
06-02 16:50:54.480  6484  6484 W View    : requestLayout() improperly called by helium314.keyboard.latin.panels.BrowserPanelView{c0bc499 V.E...... ......ID 0,0-1440,2040} during layout: running second layout pass
06-02 16:50:54.485  6484  6484 W View    : requestLayout() improperly called by helium314.keyboard.latin.panels.BrowserPanelView{c0bc499 V.E...... ........ 0,0-1440,2040} during second layout pass: posting in next frame
06-02 16:50:54.497  6484  6484 W View    : requestLayout() improperly called by helium314.keyboard.latin.panels.BrowserPanelView{c0bc499 V.E...... ......I. 0,0-1440,2040} during layout: running second layout pass
06-02 16:50:54.501  6484  6484 W View    : requestLayout() improperly called by helium314.keyboard.latin.panels.BrowserPanelView{c0bc499 V.E...... ........ 0,0-1440,2040} during second layout pass: posting in next frame
06-02 16:50:54.514  6484  6484 W View    : requestLayout() improperly called by helium314.keyboard.latin.panels.BrowserPanelView{c0bc499 V.E...... ......I. 0,0-1440,2040} during layout: running second layout pass
06-02 16:50:54.520  6484  6484 W View    : requestLayout() improperly called by helium314.keyboard.latin.panels.BrowserPanelView{c0bc499 V.E...... ........ 0,0-1440,2040} during second layout pass: posting in next frame
06-02 16:50:54.530  6484  6484 W View    : requestLayout() improperly called by helium314.keyboard.latin.panels.BrowserPanelView{c0bc499 V.E...... ......I. 0,0-1440,2040} during layout: running second layout pass
06-02 16:50:54.533  6484  6484 W View    : requestLayout() improperly called by helium314.keyboard.latin.panels.BrowserPanelView{c0bc499 V.E...... ........ 0,0-1440,2040} during second layout pass: posting in next frame
06-02 16:50:54.547  6484  6484 W View    : requestLayout() improperly called by helium314.keyboard.latin.panels.BrowserPanelView{c0bc499 V.E...... ......I. 0,0-1440,2040} during layout: running second layout pass
06-02 16:50:54.550  6484  6484 W View    : requestLayout() improperly called by helium314.keyboard.latin.panels.BrowserPanelView{c0bc499 V.E...... ........ 0,0-1440,2040} during second layout pass: posting in next frame
06-02 16:50:54.563  6484  6484 W View    : requestLayout() improperly called by helium314.keyboard.latin.panels.BrowserPanelView{c0bc499 V.E...... ......I. 0,0-1440,2040} during layout: running second layout pass
06-02 16:50:54.566  6484  6484 W View    : requestLayout() improperly called by helium314.keyboard.latin.panels.BrowserPanelView{c0bc499 V.E...... ........ 0,0-1440,2040} during second layout pass: posting in next frame
06-02 16:50:54.580  6484  6484 W View    : requestLayout() improperly called by helium314.keyboard.latin.panels.BrowserPanelView{c0bc499 V.E...... ......I. 0,0-1440,2040} during layout: running second layout pass
06-02 16:50:54.583  6484  6484 W View    : requestLayout() improperly called by helium314.keyboard.latin.panels.BrowserPanelView{c0bc499 V.E...... ........ 0,0-1440,2040} during second layout pass: posting in next frame
06-02 16:50:54.597  6484  6484 W View    : requestLayout() improperly called by helium314.keyboard.latin.panels.BrowserPanelView{c0bc499 V.E...... ......I. 0,0-1440,2040} during layout: running second layout pass
06-02 16:50:54.601  6484  6484 W View    : requestLayout() improperly called by helium314.keyboard.latin.panels.BrowserPanelView{c0bc499 V.E...... ........ 0,0-1440,2040} during second layout pass: posting in next frame
06-02 16:50:54.613  6484  6484 W View    : requestLayout() improperly called by helium314.keyboard.latin.panels.BrowserPanelView{c0bc499 V.E...... ......I. 0,0-1440,2040} during layout: running second layout pass
06-02 16:50:54.616  6484  6484 W View    : requestLayout() improperly called by helium314.keyboard.latin.panels.BrowserPanelView{c0bc499 V.E...... ........ 0,0-1440,2040} during second layout pass: posting in next frame
06-02 16:50:54.630  6484  6484 W View    : requestLayout() improperly called by helium314.keyboard.latin.panels.BrowserPanelView{c0bc499 V.E...... ......I. 0,0-1440,2040} during layout: running second layout pass
06-02 16:50:54.633  6484  6484 W View    : requestLayout() improperly called by helium314.keyboard.latin.panels.BrowserPanelView{c0bc499 V.E...... ........ 0,0-1440,2040} during second layout pass: posting in next frame
06-02 16:50:54.647  6484  6484 W View    : requestLayout() improperly called by helium314.keyboard.latin.panels.BrowserPanelView{c0bc499 V.E...... ......I. 0,0-1440,2040} during layout: running second layout pass
06-02 16:50:54.651  6484  6484 W AdManager: Rewarded load failed tier=PRIMARY code=3 domain=com.google.android.gms.ads message=Publisher data not found. <https://support.google.com/admob/answer/9905175#9>
06-02 16:50:54.651 10605 10621 E Isolated Web Content: [JavaScript Error: "Cookie “_cookie_test” has been rejected for invalid domain." {file: "https://www.cnn.com/" line: 0}]
06-02 16:50:54.651  6484  6484 W View    : requestLayout() improperly called by helium314.keyboard.latin.panels.BrowserPanelView{c0bc499 V.E...... ........ 0,0-1440,2040} during second layout pass: posting in next frame
06-02 16:50:54.652 10605 10621 E Isolated Web Content: [JavaScript Error: "Cookie “_cookie_test” has been rejected for invalid domain." {file: "https://www.cnn.com/" line: 0}]
06-02 16:50:54.655 10605 10621 E Isolated Web Content: [JavaScript Error: "Cookie “_cookie_test” has been rejected for invalid domain." {file: "https://www.cnn.com/" line: 0}]
06-02 16:50:54.655 10605 10621 E Isolated Web Content: [JavaScript Error: "Cookie “_cookie_test” has been rejected for invalid domain." {file: "https://www.cnn.com/" line: 0}]
06-02 16:50:54.664  6484  6484 W View    : requestLayout() improperly called by helium314.keyboard.latin.panels.BrowserPanelView{c0bc499 V.E...... ......I. 0,0-1440,2040} during layout: running second layout pass
06-02 16:50:54.667  6484  6484 W AdManager: Native ad failed to load: code=3 message=Publisher data not found. <https://support.google.com/admob/answer/9905175#9>
06-02 16:50:54.667  6484  6484 W View    : requestLayout() improperly called by helium314.keyboard.latin.panels.BrowserPanelView{c0bc499 V.E...... ........ 0,0-1440,2040} during second layout pass: posting in next frame
06-02 16:50:54.677 10605 10621 W Isolated Web Content: [JavaScript Warning: "Loading failed for the <script> with source “https://static.adsafeprotected.com/publisher/925660/ebfdc39c-b42a-11f0-aa09-0e6958f30139.min.js”." {file: "https://www.cnn.com/" line: 1}]
06-02 16:50:54.681  6484  6484 W View    : requestLayout() improperly called by helium314.keyboard.latin.panels.BrowserPanelView{c0bc499 V.E...... ......I. 0,0-1440,2040} during layout: running second layout pass
06-02 16:50:54.684  6484  6484 W View    : requestLayout() improperly called by helium314.keyboard.latin.panels.BrowserPanelView{c0bc499 V.E...... ........ 0,0-1440,2040} during second layout pass: posting in next frame
06-02 16:50:54.697  6484  6484 W View    : requestLayout() improperly called by helium314.keyboard.latin.panels.BrowserPanelView{c0bc499 V.E...... ......I. 0,0-1440,2040} during layout: running second layout pass
06-02 16:50:54.700  6484  6484 W View    : requestLayout() improperly called by helium314.keyboard.latin.panels.BrowserPanelView{c0bc499 V.E...... ........ 0,0-1440,2040} during second layout pass: posting in next frame
06-02 16:50:54.715  6484  6484 W View    : requestLayout() improperly called by helium314.keyboard.latin.panels.BrowserPanelView{c0bc499 V.E...... ......I. 0,0-1440,2040} during layout: running second layout pass
06-02 16:50:54.718  6484  6484 W AdManager: Interstitial ad failed to load: code=3 message=Publisher data not found. <https://support.google.com/admob/answer/9905175#9>
06-02 16:50:54.719  6484  6484 W View    : requestLayout() improperly called by helium314.keyboard.latin.panels.BrowserPanelView{c0bc499 V.E...... ........ 0,0-1440,2040} during second layout pass: posting in next frame
06-02 16:50:54.731  6484  6484 W View    : requestLayout() improperly called by helium314.keyboard.latin.panels.BrowserPanelView{c0bc499 V.E...... ......I. 0,0-1440,2040} during layout: running second layout pass
06-02 16:50:54.734  6484  6484 W View    : requestLayout() improperly called by helium314.keyboard.latin.panels.BrowserPanelView{c0bc499 V.E...... ........ 0,0-1440,2040} during second layout pass: posting in next frame
06-02 16:50:54.745 10605 10621 E Isolated Web Content: [JavaScript Error: "Cookie “_cookie_test” has been rejected for invalid domain." {file: "https://www.cnn.com/" line: 0}]
06-02 16:50:54.745 10605 10621 E Isolated Web Content: [JavaScript Error: "Cookie “_cookie_test” has been rejected for invalid domain." {file: "https://www.cnn.com/" line: 0}]
06-02 16:50:54.748  6484  6484 W View    : requestLayout() improperly called by helium314.keyboard.latin.panels.BrowserPanelView{c0bc499 V.E...... ......I. 0,0-1440,2040} during layout: running second layout pass
06-02 16:50:54.752  6484  6484 W View    : requestLayout() improperly called by helium314.keyboard.latin.panels.BrowserPanelView{c0bc499 V.E...... ........ 0,0-1440,2040} during second layout pass: posting in next frame
06-02 16:50:54.764  6484  6484 W View    : requestLayout() improperly called by helium314.keyboard.latin.panels.BrowserPanelView{c0bc499 V.E...... ......I. 0,0-1440,2040} during layout: running second layout pass
06-02 16:50:54.767  6484  6484 W View    : requestLayout() improperly called by helium314.keyboard.latin.panels.BrowserPanelView{c0bc499 V.E...... ........ 0,0-1440,2040} during second layout pass: posting in next frame
06-02 16:50:54.780  6484  6484 W View    : requestLayout() improperly called by helium314.keyboard.latin.panels.BrowserPanelView{c0bc499 V.E...... ......I. 0,0-1440,2040} during layout: running second layout pass
06-02 16:50:54.783  6484  6484 W View    : requestLayout() improperly called by helium314.keyboard.latin.panels.BrowserPanelView{c0bc499 V.E...... ........ 0,0-1440,2040} during second layout pass: posting in next frame
06-02 16:50:54.797  6484  6484 W View    : requestLayout() improperly called by helium314.keyboard.latin.panels.BrowserPanelView{c0bc499 V.E...... ......I. 0,0-1440,2040} during layout: running second layout pass
06-02 16:50:54.800  6484  6484 W View    : requestLayout() improperly called by helium314.keyboard.latin.panels.BrowserPanelView{c0bc499 V.E...... ........ 0,0-1440,2040} during second layout pass: posting in next frame
06-02 16:50:54.814  6484  6484 W View    : requestLayout() improperly called by helium314.keyboard.latin.panels.BrowserPanelView{c0bc499 V.E...... ......I. 0,0-1440,2040} during layout: running second layout pass
06-02 16:50:54.817  6484  6484 W View    : requestLayout() improperly called by helium314.keyboard.latin.panels.BrowserPanelView{c0bc499 V.E...... ........ 0,0-1440,2040} during second layout pass: posting in next frame
06-02 16:50:54.831  6484  6484 W View    : requestLayout() improperly called by helium314.keyboard.latin.panels.BrowserPanelView{c0bc499 V.E...... ......I. 0,0-1440,2040} during layout: running second layout pass
06-02 16:50:54.833  6484  6484 W View    : requestLayout() improperly called by helium314.keyboard.latin.panels.BrowserPanelView{c0bc499 V.E...... ........ 0,0-1440,2040} during second layout pass: posting in next frame
06-02 16:50:54.826  6484  6484 W com.vibekey.keyboard: type=1400 audit(0.0:60786): avc: denied { nlmsg_readpriv } for comm=536F636B657420546872656164 scontext=u:r:untrusted_app:s0:c55,c271,c512,c768 tcontext=u:r:untrusted_app:s0:c55,c271,c512,c768 tclass=netlink_route_socket permissive=0 bug=b/155595000 app=com.vibekey.keyboard
06-02 16:50:54.850  6484  6484 W View    : requestLayout() improperly called by helium314.keyboard.latin.panels.BrowserPanelView{c0bc499 V.E...... ......ID 0,0-1440,2040} during layout: running second layout pass
06-02 16:50:54.857  6484  6484 W View    : requestLayout() improperly called by helium314.keyboard.latin.panels.BrowserPanelView{c0bc499 V.E...... ......ID 0,0-1440,2040} during second layout pass: posting in next frame
06-02 16:50:54.866  6484  6484 W View    : requestLayout() improperly called by helium314.keyboard.latin.panels.BrowserPanelView{c0bc499 V.E...... ......ID 0,0-1440,2040} during layout: running second layout pass
06-02 16:50:54.869  6484  6484 W View    : requestLayout() improperly called by helium314.keyboard.latin.panels.BrowserPanelView{c0bc499 V.E...... ........ 0,0-1440,2040} during second layout pass: posting in next frame
06-02 16:50:54.881  6484  6484 W View    : requestLayout() improperly called by helium314.keyboard.latin.panels.BrowserPanelView{c0bc499 V.E...... ......I. 0,0-1440,2040} during layout: running second layout pass
06-02 16:50:54.883  6484  6484 W View    : requestLayout() improperly called by helium314.keyboard.latin.panels.BrowserPanelView{c0bc499 V.E...... ........ 0,0-1440,2040} during second layout pass: posting in next frame
06-02 16:50:54.897  6484  6484 W View    : requestLayout() improperly called by helium314.keyboard.latin.panels.BrowserPanelView{c0bc499 V.E...... ......I. 0,0-1440,2040} during layout: running second layout pass
06-02 16:50:54.903  6484  6484 W View    : requestLayout() improperly called by helium314.keyboard.latin.panels.BrowserPanelView{c0bc499 V.E...... ........ 0,0-1440,2040} during second layout pass: posting in next frame
06-02 16:50:54.914  6484  6484 W View    : requestLayout() improperly called by helium314.keyboard.latin.panels.BrowserPanelView{c0bc499 V.E...... ......I. 0,0-1440,2040} during layout: running second layout pass
06-02 16:50:54.918  6484  6484 W View    : requestLayout() improperly called by helium314.keyboard.latin.panels.BrowserPanelView{c0bc499 V.E...... ........ 0,0-1440,2040} during second layout pass: posting in next frame
06-02 16:50:54.932  6484  6484 W View    : requestLayout() improperly called by helium314.keyboard.latin.panels.BrowserPanelView{c0bc499 V.E...... ......I. 0,0-1440,2040} during layout: running second layout pass
06-02 16:50:54.939  6484  6484 W View    : requestLayout() improperly called by helium314.keyboard.latin.panels.BrowserPanelView{c0bc499 V.E...... ........ 0,0-1440,2040} during second layout pass: posting in next frame
06-02 16:50:54.948  6484  6484 W View    : requestLayout() improperly called by helium314.keyboard.latin.panels.BrowserPanelView{c0bc499 V.E...... ......I. 0,0-1440,2040} during layout: running second layout pass
06-02 16:50:54.951  6484  6484 W View    : requestLayout() improperly called by helium314.keyboard.latin.panels.BrowserPanelView{c0bc499 V.E...... ........ 0,0-1440,2040} during second layout pass: posting in next frame
06-02 16:50:54.964  6484  6484 W View    : requestLayout() improperly called by helium314.keyboard.latin.panels.BrowserPanelView{c0bc499 V.E...... ......I. 0,0-1440,2040} during layout: running second layout pass
06-02 16:50:54.968  6484  6484 W View    : requestLayout() improperly called by helium314.keyboard.latin.panels.BrowserPanelView{c0bc499 V.E...... ........ 0,0-1440,2040} during second layout pass: posting in next frame
06-02 16:50:54.981  6484  6484 W View    : requestLayout() improperly called by helium314.keyboard.latin.panels.BrowserPanelView{c0bc499 V.E...... ......I. 0,0-1440,2040} during layout: running second layout pass
06-02 16:50:54.984  6484  6484 W View    : requestLayout() improperly called by helium314.keyboard.latin.panels.BrowserPanelView{c0bc499 V.E...... .......D 0,0-1440,2040} during second layout pass: posting in next frame
06-02 16:50:54.998  6484  6484 W View    : requestLayout() improperly called by helium314.keyboard.latin.panels.BrowserPanelView{c0bc499 V.E...... ......ID 0,0-1440,2040} during layout: running second layout pass
06-02 16:50:55.000  6484  6484 W View    : requestLayout() improperly called by helium314.keyboard.latin.panels.BrowserPanelView{c0bc499 V.E...... ........ 0,0-1440,2040} during second layout pass: posting in next frame
06-02 16:50:55.015  6484  6484 W View    : requestLayout() improperly called by helium314.keyboard.latin.panels.BrowserPanelView{c0bc499 V.E...... ......I. 0,0-1440,2040} during layout: running second layout pass
06-02 16:50:55.020  6484  6484 W View    : requestLayout() improperly called by helium314.keyboard.latin.panels.BrowserPanelView{c0bc499 V.E...... ........ 0,0-1440,2040} during second layout pass: posting in next frame
06-02 16:50:55.031  6484  6484 W View    : requestLayout() improperly called by helium314.keyboard.latin.panels.BrowserPanelView{c0bc499 V.E...... ......I. 0,0-1440,2040} during layout: running second layout pass
06-02 16:50:55.033  6484  6484 W View    : requestLayout() improperly called by helium314.keyboard.latin.panels.BrowserPanelView{c0bc499 V.E...... ........ 0,0-1440,2040} during second layout pass: posting in next frame
06-02 16:50:55.047  6484  6484 W View    : requestLayout() improperly called by helium314.keyboard.latin.panels.BrowserPanelView{c0bc499 V.E...... ......I. 0,0-1440,2040} during layout: running second layout pass
06-02 16:50:55.050  6484  6484 W View    : requestLayout() improperly called by helium314.keyboard.latin.panels.BrowserPanelView{c0bc499 V.E...... ........ 0,0-1440,2040} during second layout pass: posting in next frame
06-02 16:50:55.065  6484  6484 W View    : requestLayout() improperly called by helium314.keyboard.latin.panels.BrowserPanelView{c0bc499 V.E...... ......I. 0,0-1440,2040} during layout: running second layout pass
06-02 16:50:55.068  6484  6484 W View    : requestLayout() improperly called by helium314.keyboard.latin.panels.BrowserPanelView{c0bc499 V.E...... ........ 0,0-1440,2040} during second layout pass: posting in next frame
06-02 16:50:55.081  6484  6484 W View    : requestLayout() improperly called by helium314.keyboard.latin.panels.BrowserPanelView{c0bc499 V.E...... ......ID 0,0-1440,2040} during layout: running second layout pass
06-02 16:50:55.084  6484  6484 W View    : requestLayout() improperly called by helium314.keyboard.latin.panels.BrowserPanelView{c0bc499 V.E...... ........ 0,0-1440,2040} during second layout pass: posting in next frame
06-02 16:50:55.098  6484  6484 W View    : requestLayout() improperly called by helium314.keyboard.latin.panels.BrowserPanelView{c0bc499 V.E...... ......ID 0,0-1440,2040} during layout: running second layout pass
06-02 16:50:55.101  6484  6484 W View    : requestLayout() improperly called by helium314.keyboard.latin.panels.BrowserPanelView{c0bc499 V.E...... ........ 0,0-1440,2040} during second layout pass: posting in next frame
06-02 16:50:55.115  6484  6484 W View    : requestLayout() improperly called by helium314.keyboard.latin.panels.BrowserPanelView{c0bc499 V.E...... ......ID 0,0-1440,2040} during layout: running second layout pass
06-02 16:50:55.118  6484  6484 W View    : requestLayout() improperly called by helium314.keyboard.latin.panels.BrowserPanelView{c0bc499 V.E...... ........ 0,0-1440,2040} during second layout pass: posting in next frame
06-02 16:50:55.133  6484  6484 W View    : requestLayout() improperly called by helium314.keyboard.latin.panels.BrowserPanelView{c0bc499 V.E...... ......ID 0,0-1440,2040} during layout: running second layout pass
06-02 16:50:55.137  6484  6484 W View    : requestLayout() improperly called by helium314.keyboard.latin.panels.BrowserPanelView{c0bc499 V.E...... ........ 0,0-1440,2040} during second layout pass: posting in next frame
06-02 16:50:55.150  6484  6484 W View    : requestLayout() improperly called by helium314.keyboard.latin.panels.BrowserPanelView{c0bc499 V.E...... ......ID 0,0-1440,2040} during layout: running second layout pass
06-02 16:50:55.155  6484  6484 W View    : requestLayout() improperly called by helium314.keyboard.latin.panels.BrowserPanelView{c0bc499 V.E...... ........ 0,0-1440,2040} during second layout pass: posting in next frame
06-02 16:50:55.167  6484  6484 W View    : requestLayout() improperly called by helium314.keyboard.latin.panels.BrowserPanelView{c0bc499 V.E...... ......ID 0,0-1440,2040} during layout: running second layout pass
06-02 16:50:55.172  6484  6484 W View    : requestLayout() improperly called by helium314.keyboard.latin.panels.BrowserPanelView{c0bc499 V.E...... ........ 0,0-1440,2040} during second layout pass: posting in next frame
06-02 16:50:55.183  6484  6484 W View    : requestLayout() improperly called by helium314.keyboard.latin.panels.BrowserPanelView{c0bc499 V.E...... ......ID 0,0-1440,2040} during layout: running second layout pass
06-02 16:50:55.188  6484  6484 W View    : requestLayout() improperly called by helium314.keyboard.latin.panels.BrowserPanelView{c0bc499 V.E...... ........ 0,0-1440,2040} during second layout pass: posting in next frame
06-02 16:50:55.199  6484  6484 W View    : requestLayout() improperly called by helium314.keyboard.latin.panels.BrowserPanelView{c0bc499 V.E...... ......ID 0,0-1440,2040} during layout: running second layout pass
06-02 16:50:55.204  6484  6484 W View    : requestLayout() improperly called by helium314.keyboard.latin.panels.BrowserPanelView{c0bc499 V.E...... ........ 0,0-1440,2040} during second layout pass: posting in next frame
06-02 16:50:55.216  6484  6484 W View    : requestLayout() improperly called by helium314.keyboard.latin.panels.BrowserPanelView{c0bc499 V.E...... ......ID 0,0-1440,2040} during layout: running second layout pass
06-02 16:50:55.221  6484  6484 W View    : requestLayout() improperly called by helium314.keyboard.latin.panels.BrowserPanelView{c0bc499 V.E...... ........ 0,0-1440,2040} during second layout pass: posting in next frame
06-02 16:50:55.233  6484  6484 W View    : requestLayout() improperly called by helium314.keyboard.latin.panels.BrowserPanelView{c0bc499 V.E...... ......ID 0,0-1440,2040} during layout: running second layout pass
06-02 16:50:55.237  6484  6484 W View    : requestLayout() improperly called by helium314.keyboard.latin.panels.BrowserPanelView{c0bc499 V.E...... ........ 0,0-1440,2040} during second layout pass: posting in next frame
06-02 16:50:55.250  6484  6484 W View    : requestLayout() improperly called by helium314.keyboard.latin.panels.BrowserPanelView{c0bc499 V.E...... ......ID 0,0-1440,2040} during layout: running second layout pass
06-02 16:50:55.254  6484  6484 W View    : requestLayout() improperly called by helium314.keyboard.latin.panels.BrowserPanelView{c0bc499 V.E...... ........ 0,0-1440,2040} during second layout pass: posting in next frame
06-02 16:50:55.274  6484  6484 W View    : requestLayout() improperly called by helium314.keyboard.latin.panels.BrowserPanelView{c0bc499 V.E...... ......ID 0,0-1440,2040} during layout: running second layout pass
06-02 16:50:55.279  6484  6484 W View    : requestLayout() improperly called by helium314.keyboard.latin.panels.BrowserPanelView{c0bc499 V.E...... ........ 0,0-1440,2040} during second layout pass: posting in next frame
06-02 16:50:55.287  6484  6484 W View    : requestLayout() improperly called by helium314.keyboard.latin.panels.BrowserPanelView{c0bc499 V.E...... ......I. 0,0-1440,2040} during layout: running second layout pass
06-02 16:50:55.290  6484  6484 W View    : requestLayout() improperly called by helium314.keyboard.latin.panels.BrowserPanelView{c0bc499 V.E...... ........ 0,0-1440,2040} during second layout pass: posting in next frame
06-02 16:50:55.299  6484  6484 W View    : requestLayout() improperly called by helium314.keyboard.latin.panels.BrowserPanelView{c0bc499 V.E...... ......I. 0,0-1440,2040} during layout: running second layout pass
06-02 16:50:55.302  6484  6484 W View    : requestLayout() improperly called by helium314.keyboard.latin.panels.BrowserPanelView{c0bc499 V.E...... ........ 0,0-1440,2040} during second layout pass: posting in next frame
06-02 16:50:55.315  6484  6484 W View    : requestLayout() improperly called by helium314.keyboard.latin.panels.BrowserPanelView{c0bc499 V.E...... ......I. 0,0-1440,2040} during layout: running second layout pass
06-02 16:50:55.318  6484  6484 W View    : requestLayout() improperly called by helium314.keyboard.latin.panels.BrowserPanelView{c0bc499 V.E...... ........ 0,0-1440,2040} during second layout pass: posting in next frame
06-02 16:50:55.332  6484  6484 W View    : requestLayout() improperly called by helium314.keyboard.latin.panels.BrowserPanelView{c0bc499 V.E...... ......I. 0,0-1440,2040} during layout: running second layout pass
06-02 16:50:55.335  6484  6484 W View    : requestLayout() improperly called by helium314.keyboard.latin.panels.BrowserPanelView{c0bc499 V.E...... ........ 0,0-1440,2040} during second layout pass: posting in next frame
06-02 16:50:55.349  6484  6484 W View    : requestLayout() improperly called by helium314.keyboard.latin.panels.BrowserPanelView{c0bc499 V.E...... ......I. 0,0-1440,2040} during layout: running second layout pass
06-02 16:50:55.351  6484  6484 W View    : requestLayout() improperly called by helium314.keyboard.latin.panels.BrowserPanelView{c0bc499 V.E...... ........ 0,0-1440,2040} during second layout pass: posting in next frame
06-02 16:50:55.366  6484  6484 W View    : requestLayout() improperly called by helium314.keyboard.latin.panels.BrowserPanelView{c0bc499 V.E...... ......I. 0,0-1440,2040} during layout: running second layout pass
06-02 16:50:55.370  6484  6484 W View    : requestLayout() improperly called by helium314.keyboard.latin.panels.BrowserPanelView{c0bc499 V.E...... ........ 0,0-1440,2040} during second layout pass: posting in next frame
06-02 16:50:55.383  6484  6484 W View    : requestLayout() improperly called by helium314.keyboard.latin.panels.BrowserPanelView{c0bc499 V.E...... ......I. 0,0-1440,2040} during layout: running second layout pass
06-02 16:50:55.387  6484  6484 W View    : requestLayout() improperly called by helium314.keyboard.latin.panels.BrowserPanelView{c0bc499 V.E...... ........ 0,0-1440,2040} during second layout pass: posting in next frame
06-02 16:50:55.399  6484  6484 W View    : requestLayout() improperly called by helium314.keyboard.latin.panels.BrowserPanelView{c0bc499 V.E...... ......I. 0,0-1440,2040} during layout: running second layout pass
06-02 16:50:55.403  6484  6484 W View    : requestLayout() improperly called by helium314.keyboard.latin.panels.BrowserPanelView{c0bc499 V.E...... ........ 0,0-1440,2040} during second layout pass: posting in next frame
06-02 16:50:55.416  6484  6484 W View    : requestLayout() improperly called by helium314.keyboard.latin.panels.BrowserPanelView{c0bc499 V.E...... ......I. 0,0-1440,2040} during layout: running second layout pass
06-02 16:50:55.422  6484  6484 W View    : requestLayout() improperly called by helium314.keyboard.latin.panels.BrowserPanelView{c0bc499 V.E...... ........ 0,0-1440,2040} during second layout pass: posting in next frame
06-02 16:50:55.433  6484  6484 W View    : requestLayout() improperly called by helium314.keyboard.latin.panels.BrowserPanelView{c0bc499 V.E...... ......I. 0,0-1440,2040} during layout: running second layout pass
06-02 16:50:55.437  6484  6484 W View    : requestLayout() improperly called by helium314.keyboard.latin.panels.BrowserPanelView{c0bc499 V.E...... ........ 0,0-1440,2040} during second layout pass: posting in next frame
06-02 16:50:55.436  6484  6484 W com.vibekey.keyboard: type=1400 audit(0.0:60787): avc: denied { nlmsg_readpriv } for comm=536F636B657420546872656164 scontext=u:r:untrusted_app:s0:c55,c271,c512,c768 tcontext=u:r:untrusted_app:s0:c55,c271,c512,c768 tclass=netlink_route_socket permissive=0 bug=b/155595000 app=com.vibekey.keyboard
06-02 16:50:55.449  6484  6484 W View    : requestLayout() improperly called by helium314.keyboard.latin.panels.BrowserPanelView{c0bc499 V.E...... ......I. 0,0-1440,2040} during layout: running second layout pass
06-02 16:50:55.454  6484  6484 W View    : requestLayout() improperly called by helium314.keyboard.latin.panels.BrowserPanelView{c0bc499 V.E...... ........ 0,0-1440,2040} during second layout pass: posting in next frame
06-02 16:50:55.463 10605 10621 E Isolated Web Content: [JavaScript Error: "Cookie “s_ac” has been rejected for invalid domain." {file: "https://www.cnn.com/" line: 0}]
06-02 16:50:55.467  6484  6484 W View    : requestLayout() improperly called by helium314.keyboard.latin.panels.BrowserPanelView{c0bc499 V.E...... ......I. 0,0-1440,2040} during layout: running second layout pass
06-02 16:50:55.470  6484  6484 W View    : requestLayout() improperly called by helium314.keyboard.latin.panels.BrowserPanelView{c0bc499 V.E...... ........ 0,0-1440,2040} during second layout pass: posting in next frame
06-02 16:50:55.477 10605 10621 E Isolated Web Content: [JavaScript Error: "Cookie “_cookie_test” has been rejected for invalid domain." {file: "https://www.cnn.com/" line: 0}]
06-02 16:50:55.477 10605 10621 E Isolated Web Content: [JavaScript Error: "Cookie “_cookie_test” has been rejected for invalid domain." {file: "https://www.cnn.com/" line: 0}]
06-02 16:50:55.483  6484  6484 W View    : requestLayout() improperly called by helium314.keyboard.latin.panels.BrowserPanelView{c0bc499 V.E...... ......I. 0,0-1440,2040} during layout: running second layout pass
06-02 16:50:55.488  6484  6484 W View    : requestLayout() improperly called by helium314.keyboard.latin.panels.BrowserPanelView{c0bc499 V.E...... ........ 0,0-1440,2040} during second layout pass: posting in next frame
06-02 16:50:55.499  6484  6484 W View    : requestLayout() improperly called by helium314.keyboard.latin.panels.BrowserPanelView{c0bc499 V.E...... ......ID 0,0-1440,2040} during layout: running second layout pass
06-02 16:50:55.503  6484  6484 W View    : requestLayout() improperly called by helium314.keyboard.latin.panels.BrowserPanelView{c0bc499 V.E...... ........ 0,0-1440,2040} during second layout pass: posting in next frame
06-02 16:50:55.518  6484  6484 W View    : requestLayout() improperly called by helium314.keyboard.latin.panels.BrowserPanelView{c0bc499 V.E...... ......I. 0,0-1440,2040} during layout: running second layout pass
06-02 16:50:55.523  6484  6484 W View    : requestLayout() improperly called by helium314.keyboard.latin.panels.BrowserPanelView{c0bc499 V.E...... ........ 0,0-1440,2040} during second layout pass: posting in next frame
06-02 16:50:55.533  6484  6484 W View    : requestLayout() improperly called by helium314.keyboard.latin.panels.BrowserPanelView{c0bc499 V.E...... ......I. 0,0-1440,2040} during layout: running second layout pass
06-02 16:50:55.536  6484  6484 W View    : requestLayout() improperly called by helium314.keyboard.latin.panels.BrowserPanelView{c0bc499 V.E...... ........ 0,0-1440,2040} during second layout pass: posting in next frame
06-02 16:50:55.540 10945 10945 E .keyboard:tab2: Unknown bits set in runtime_flags: 0x40000000
06-02 16:50:55.550  6484  6484 W View    : requestLayout() improperly called by helium314.keyboard.latin.panels.BrowserPanelView{c0bc499 V.E...... ......I. 0,0-1440,2040} during layout: running second layout pass
06-02 16:50:55.553  6484  6484 W View    : requestLayout() improperly called by helium314.keyboard.latin.panels.BrowserPanelView{c0bc499 V.E...... ........ 0,0-1440,2040} during second layout pass: posting in next frame
06-02 16:50:55.566  6484  6484 W View    : requestLayout() improperly called by helium314.keyboard.latin.panels.BrowserPanelView{c0bc499 V.E...... ......I. 0,0-1440,2040} during layout: running second layout pass
06-02 16:50:55.569  6484  6484 W View    : requestLayout() improperly called by helium314.keyboard.latin.panels.BrowserPanelView{c0bc499 V.E...... ........ 0,0-1440,2040} during second layout pass: posting in next frame
06-02 16:50:55.583  6484  6484 W View    : requestLayout() improperly called by helium314.keyboard.latin.panels.BrowserPanelView{c0bc499 V.E...... ......I. 0,0-1440,2040} during layout: running second layout pass
06-02 16:50:55.586  6484  6484 W View    : requestLayout() improperly called by helium314.keyboard.latin.panels.BrowserPanelView{c0bc499 V.E...... ........ 0,0-1440,2040} during second layout pass: posting in next frame
06-02 16:50:55.600 10945 10964 E GeckoLibLoad: Load sqlite start
06-02 16:50:55.600  6484  6484 W View    : requestLayout() improperly called by helium314.keyboard.latin.panels.BrowserPanelView{c0bc499 V.E...... ......I. 0,0-1440,2040} during layout: running second layout pass
06-02 16:50:55.600 10945 10964 E GeckoLibLoad: Load sqlite done
06-02 16:50:55.601 10945 10964 E GeckoLibLoad: Load nss start
06-02 16:50:55.601 10945 10964 E GeckoLibLoad: Load nss done
06-02 16:50:55.603  6484  6484 W View    : requestLayout() improperly called by helium314.keyboard.latin.panels.BrowserPanelView{c0bc499 V.E...... ........ 0,0-1440,2040} during second layout pass: posting in next frame
06-02 16:50:55.612 10945 10964 E GeckoLibLoad: Loaded libs in 10.898177ms total, 8ms(8ms) user, 0ms(0ms) system, 0(0) faults
06-02 16:50:55.612 10945 10964 W GeckoThread: zerdatime 110298473 - runGecko
06-02 16:50:55.616  6484  6484 W View    : requestLayout() improperly called by helium314.keyboard.latin.panels.BrowserPanelView{c0bc499 V.E...... ......I. 0,0-1440,2040} during layout: running second layout pass
06-02 16:50:55.620  6484  6484 W View    : requestLayout() improperly called by helium314.keyboard.latin.panels.BrowserPanelView{c0bc499 V.E...... ........ 0,0-1440,2040} during second layout pass: posting in next frame
06-02 16:50:55.633  6484  6484 W View    : requestLayout() improperly called by helium314.keyboard.latin.panels.BrowserPanelView{c0bc499 V.E...... ......I. 0,0-1440,2040} during layout: running second layout pass
06-02 16:50:55.636  6484  6484 W View    : requestLayout() improperly called by helium314.keyboard.latin.panels.BrowserPanelView{c0bc499 V.E...... ........ 0,0-1440,2040} during second layout pass: posting in next frame
06-02 16:50:55.650  6484  6484 W View    : requestLayout() improperly called by helium314.keyboard.latin.panels.BrowserPanelView{c0bc499 V.E...... ......I. 0,0-1440,2040} during layout: running second layout pass
06-02 16:50:55.652  6484  6484 W View    : requestLayout() improperly called by helium314.keyboard.latin.panels.BrowserPanelView{c0bc499 V.E...... ........ 0,0-1440,2040} during second layout pass: posting in next frame
06-02 16:50:55.667  6484  6484 W View    : requestLayout() improperly called by helium314.keyboard.latin.panels.BrowserPanelView{c0bc499 V.E...... ......I. 0,0-1440,2040} during layout: running second layout pass
06-02 16:50:55.669  6484  6484 W View    : requestLayout() improperly called by helium314.keyboard.latin.panels.BrowserPanelView{c0bc499 V.E...... ........ 0,0-1440,2040} during second layout pass: posting in next frame
06-02 16:50:55.683  6484  6484 W View    : requestLayout() improperly called by helium314.keyboard.latin.panels.BrowserPanelView{c0bc499 V.E...... ......I. 0,0-1440,2040} during layout: running second layout pass
06-02 16:50:55.686  6484  6484 W View    : requestLayout() improperly called by helium314.keyboard.latin.panels.BrowserPanelView{c0bc499 V.E...... ........ 0,0-1440,2040} during second layout pass: posting in next frame
06-02 16:50:55.700  6484  6484 W View    : requestLayout() improperly called by helium314.keyboard.latin.panels.BrowserPanelView{c0bc499 V.E...... ......I. 0,0-1440,2040} during layout: running second layout pass
06-02 16:50:55.702  6484  6484 W View    : requestLayout() improperly called by helium314.keyboard.latin.panels.BrowserPanelView{c0bc499 V.E...... ........ 0,0-1440,2040} during second layout pass: posting in next frame
06-02 16:50:55.717  6484  6484 W View    : requestLayout() improperly called by helium314.keyboard.latin.panels.BrowserPanelView{c0bc499 V.E...... ......I. 0,0-1440,2040} during layout: running second layout pass
06-02 16:50:55.720  6484  6484 W View    : requestLayout() improperly called by helium314.keyboard.latin.panels.BrowserPanelView{c0bc499 V.E...... ........ 0,0-1440,2040} during second layout pass: posting in next frame
06-02 16:50:55.721 10984 10984 E .keyboard:tab3: Unknown bits set in runtime_flags: 0x40000000
06-02 16:50:55.733  6484  6484 W View    : requestLayout() improperly called by helium314.keyboard.latin.panels.BrowserPanelView{c0bc499 V.E...... ......I. 0,0-1440,2040} during layout: running second layout pass
06-02 16:50:55.736  6484  6484 W View    : requestLayout() improperly called by helium314.keyboard.latin.panels.BrowserPanelView{c0bc499 V.E...... ........ 0,0-1440,2040} during second layout pass: posting in next frame
06-02 16:50:55.750  6484  6484 W View    : requestLayout() improperly called by helium314.keyboard.latin.panels.BrowserPanelView{c0bc499 V.E...... ......I. 0,0-1440,2040} during layout: running second layout pass
06-02 16:50:55.753  6484  6484 W View    : requestLayout() improperly called by helium314.keyboard.latin.panels.BrowserPanelView{c0bc499 V.E...... ........ 0,0-1440,2040} during second layout pass: posting in next frame
06-02 16:50:55.767  6484  6484 W View    : requestLayout() improperly called by helium314.keyboard.latin.panels.BrowserPanelView{c0bc499 V.E...... ......I. 0,0-1440,2040} during layout: running second layout pass
06-02 16:50:55.770  6484  6484 W View    : requestLayout() improperly called by helium314.keyboard.latin.panels.BrowserPanelView{c0bc499 V.E...... ........ 0,0-1440,2040} during second layout pass: posting in next frame
06-02 16:50:55.781 10984 11003 E GeckoLibLoad: Load sqlite start
06-02 16:50:55.782 10984 11003 E GeckoLibLoad: Load sqlite done
06-02 16:50:55.782 10984 11003 E GeckoLibLoad: Load nss start
06-02 16:50:55.782 10984 11003 E GeckoLibLoad: Load nss done
06-02 16:50:55.784  6484  6484 W View    : requestLayout() improperly called by helium314.keyboard.latin.panels.BrowserPanelView{c0bc499 V.E...... ......I. 0,0-1440,2040} during layout: running second layout pass
06-02 16:50:55.793 10984 11003 E GeckoLibLoad: Loaded libs in 11.022708ms total, 0ms(0ms) user, 4ms(9ms) system, 0(0) faults
06-02 16:50:55.794 10984 11003 W GeckoThread: zerdatime 110298655 - runGecko
06-02 16:50:55.796  6484  6484 W View    : requestLayout() improperly called by helium314.keyboard.latin.panels.BrowserPanelView{c0bc499 V.E...... ........ 0,0-1440,2040} during second layout pass: posting in next frame
06-02 16:50:55.800  6484  6484 W View    : requestLayout() improperly called by helium314.keyboard.latin.panels.BrowserPanelView{c0bc499 V.E...... ......I. 0,0-1440,2040} during layout: running second layout pass
06-02 16:50:55.803  6484  6484 W View    : requestLayout() improperly called by helium314.keyboard.latin.panels.BrowserPanelView{c0bc499 V.E...... ........ 0,0-1440,2040} during second layout pass: posting in next frame
06-02 16:50:55.821  6484  6484 W View    : requestLayout() improperly called by helium314.keyboard.latin.panels.BrowserPanelView{c0bc499 V.E...... ......I. 0,0-1440,2040} during layout: running second layout pass
06-02 16:50:55.827  6484  6484 W View    : requestLayout() improperly called by helium314.keyboard.latin.panels.BrowserPanelView{c0bc499 V.E...... ........ 0,0-1440,2040} during second layout pass: posting in next frame
06-02 16:50:55.833  6484  6484 W View    : requestLayout() improperly called by helium314.keyboard.latin.panels.BrowserPanelView{c0bc499 V.E...... ......I. 0,0-1440,2040} during layout: running second layout pass
06-02 16:50:55.836  6484  6484 W View    : requestLayout() improperly called by helium314.keyboard.latin.panels.BrowserPanelView{c0bc499 V.E...... ........ 0,0-1440,2040} during second layout pass: posting in next frame
06-02 16:50:55.851  6484  6484 W View    : requestLayout() improperly called by helium314.keyboard.latin.panels.BrowserPanelView{c0bc499 V.E...... ......I. 0,0-1440,2040} during layout: running second layout pass
06-02 16:50:55.855  6484  6484 W View    : requestLayout() improperly called by helium314.keyboard.latin.panels.BrowserPanelView{c0bc499 V.E...... ........ 0,0-1440,2040} during second layout pass: posting in next frame
06-02 16:50:55.867  6484  6484 W View    : requestLayout() improperly called by helium314.keyboard.latin.panels.BrowserPanelView{c0bc499 V.E...... ......I. 0,0-1440,2040} during layout: running second layout pass
06-02 16:50:55.870  6484  6484 W View    : requestLayout() improperly called by helium314.keyboard.latin.panels.BrowserPanelView{c0bc499 V.E...... ........ 0,0-1440,2040} during second layout pass: posting in next frame
06-02 16:50:55.884  6484  6484 W View    : requestLayout() improperly called by helium314.keyboard.latin.panels.BrowserPanelView{c0bc499 V.E...... ......I. 0,0-1440,2040} during layout: running second layout pass
06-02 16:50:55.887  6484  6484 W View    : requestLayout() improperly called by helium314.keyboard.latin.panels.BrowserPanelView{c0bc499 V.E...... ........ 0,0-1440,2040} during second layout pass: posting in next frame
06-02 16:50:55.897 10984 11003 W Isolated Web Content: [JavaScript Warning: "This page is in Quirks Mode. Page layout may be impacted. For Standards Mode use “<!DOCTYPE html>”." {file: "https://a125375509.cdn.optimizely.com/client_storage/a125375509.html" line: 0}]
06-02 16:50:55.900  6484  6484 W View    : requestLayout() improperly called by helium314.keyboard.latin.panels.BrowserPanelView{c0bc499 V.E...... ......I. 0,0-1440,2040} during layout: running second layout pass
06-02 16:50:55.903  6484  6484 W View    : requestLayout() improperly called by helium314.keyboard.latin.panels.BrowserPanelView{c0bc499 V.E...... ........ 0,0-1440,2040} during second layout pass: posting in next frame
06-02 16:50:55.917  6484  6484 W View    : requestLayout() improperly called by helium314.keyboard.latin.panels.BrowserPanelView{c0bc499 V.E...... ......I. 0,0-1440,2040} during layout: running second layout pass
06-02 16:50:55.921  6484  6484 W View    : requestLayout() improperly called by helium314.keyboard.latin.panels.BrowserPanelView{c0bc499 V.E...... ........ 0,0-1440,2040} during second layout pass: posting in next frame
06-02 16:50:55.935  6484  6484 W View    : requestLayout() improperly called by helium314.keyboard.latin.panels.BrowserPanelView{c0bc499 V.E...... ......I. 0,0-1440,2040} during layout: running second layout pass
06-02 16:50:55.938  6484  6484 W View    : requestLayout() improperly called by helium314.keyboard.latin.panels.BrowserPanelView{c0bc499 V.E...... ........ 0,0-1440,2040} during second layout pass: posting in next frame
06-02 16:50:55.950  6484  6484 W View    : requestLayout() improperly called by helium314.keyboard.latin.panels.BrowserPanelView{c0bc499 V.E...... ......I. 0,0-1440,2040} during layout: running second layout pass
06-02 16:50:55.953  6484  6484 W View    : requestLayout() improperly called by helium314.keyboard.latin.panels.BrowserPanelView{c0bc499 V.E...... ........ 0,0-1440,2040} during second layout pass: posting in next frame
06-02 16:50:55.968  6484  6484 W View    : requestLayout() improperly called by helium314.keyboard.latin.panels.BrowserPanelView{c0bc499 V.E...... ......I. 0,0-1440,2040} during layout: running second layout pass
06-02 16:50:55.971  6484  6484 W View    : requestLayout() improperly called by helium314.keyboard.latin.panels.BrowserPanelView{c0bc499 V.E...... ........ 0,0-1440,2040} during second layout pass: posting in next frame
06-02 16:50:55.984  6484  6484 W View    : requestLayout() improperly called by helium314.keyboard.latin.panels.BrowserPanelView{c0bc499 V.E...... ......I. 0,0-1440,2040} during layout: running second layout pass
06-02 16:50:55.987  6484  6484 W View    : requestLayout() improperly called by helium314.keyboard.latin.panels.BrowserPanelView{c0bc499 V.E...... ........ 0,0-1440,2040} during second layout pass: posting in next frame
06-02 16:50:56.001  6484  6484 W View    : requestLayout() improperly called by helium314.keyboard.latin.panels.BrowserPanelView{c0bc499 V.E...... ......I. 0,0-1440,2040} during layout: running second layout pass
06-02 16:50:56.004  6484  6484 W View    : requestLayout() improperly called by helium314.keyboard.latin.panels.BrowserPanelView{c0bc499 V.E...... .......D 0,0-1440,2040} during second layout pass: posting in next frame
06-02 16:50:56.018  6484  6484 W View    : requestLayout() improperly called by helium314.keyboard.latin.panels.BrowserPanelView{c0bc499 V.E...... ......ID 0,0-1440,2040} during layout: running second layout pass
06-02 16:50:56.020  6484  6484 W View    : requestLayout() improperly called by helium314.keyboard.latin.panels.BrowserPanelView{c0bc499 V.E...... ........ 0,0-1440,2040} during second layout pass: posting in next frame
06-02 16:50:56.034  6484  6484 W View    : requestLayout() improperly called by helium314.keyboard.latin.panels.BrowserPanelView{c0bc499 V.E...... ......I. 0,0-1440,2040} during layout: running second layout pass
06-02 16:50:56.016  6484  6484 W com.vibekey.keyboard: type=1400 audit(0.0:60788): avc: denied { nlmsg_readpriv } for comm=536F636B657420546872656164 scontext=u:r:untrusted_app:s0:c55,c271,c512,c768 tcontext=u:r:untrusted_app:s0:c55,c271,c512,c768 tclass=netlink_route_socket permissive=0 bug=b/155595000 app=com.vibekey.keyboard
06-02 16:50:56.037  6484  6484 W View    : requestLayout() improperly called by helium314.keyboard.latin.panels.BrowserPanelView{c0bc499 V.E...... ........ 0,0-1440,2040} during second layout pass: posting in next frame
06-02 16:50:56.051  6484  6484 W View    : requestLayout() improperly called by helium314.keyboard.latin.panels.BrowserPanelView{c0bc499 V.E...... ......I. 0,0-1440,2040} during layout: running second layout pass
06-02 16:50:56.054  6484  6484 W View    : requestLayout() improperly called by helium314.keyboard.latin.panels.BrowserPanelView{c0bc499 V.E...... ........ 0,0-1440,2040} during second layout pass: posting in next frame
06-02 16:50:56.046  6484  6484 W com.vibekey.keyboard: type=1400 audit(0.0:60789): avc: denied { nlmsg_readpriv } for comm=536F636B657420546872656164 scontext=u:r:untrusted_app:s0:c55,c271,c512,c768 tcontext=u:r:untrusted_app:s0:c55,c271,c512,c768 tclass=netlink_route_socket permissive=0 bug=b/155595000 app=com.vibekey.keyboard
06-02 16:50:56.068  6484  6484 W View    : requestLayout() improperly called by helium314.keyboard.latin.panels.BrowserPanelView{c0bc499 V.E...... ......I. 0,0-1440,2040} during layout: running second layout pass
06-02 16:50:56.072 10605 10621 W Isolated Web Content: [JavaScript Warning: "InstallTrigger is deprecated and will be removed in the future." {file: "https://lightning.cnn.com/launch/7be62238e4c3/97fa00444124/4153843d0481/EX3369274195e2430d9d8ea7012971cb11-libraryCode_source.min.js" line: 2}]
06-02 16:50:56.072  6484  6484 W View    : requestLayout() improperly called by helium314.keyboard.latin.panels.BrowserPanelView{c0bc499 V.E...... ........ 0,0-1440,2040} during second layout pass: posting in next frame
06-02 16:50:56.084  6484  6484 W View    : requestLayout() improperly called by helium314.keyboard.latin.panels.BrowserPanelView{c0bc499 V.E...... ......I. 0,0-1440,2040} during layout: running second layout pass
06-02 16:50:56.090  6484  6484 W View    : requestLayout() improperly called by helium314.keyboard.latin.panels.BrowserPanelView{c0bc499 V.E...... ........ 0,0-1440,2040} during second layout pass: posting in next frame
06-02 16:50:56.101  6484  6484 W View    : requestLayout() improperly called by helium314.keyboard.latin.panels.BrowserPanelView{c0bc499 V.E...... ......I. 0,0-1440,2040} during layout: running second layout pass
06-02 16:50:56.103  6484  6484 W View    : requestLayout() improperly called by helium314.keyboard.latin.panels.BrowserPanelView{c0bc499 V.E...... ........ 0,0-1440,2040} during second layout pass: posting in next frame
