=== VibeKey 4.1.260 (4360) ===

--------- beginning of system
07-12 15:51:15.290  3581  3581 E OplusCustomizeRestrictionManager: sInstance is null, start a new sInstance
--------- beginning of main
07-12 15:52:55.436  3581  3581 W n       : [0] drop stale event: 798,96|3756 last: 798,96|6927
07-12 15:52:55.436  3581  3581 W n       : [0] drop stale event: 798,96|3756 last: 798,96|6927
07-12 15:52:55.542  3581  3581 W n       : [0] drop stale event: 798,96|3861 last: 798,96|6927
07-12 15:52:55.547  3581  3581 W n       : [0] drop stale event: 798,96|3867 last: 798,96|6927
07-12 15:52:55.650  3581  3581 W n       : [0] drop stale event: 798,96|3970 last: 798,96|6927
07-12 15:52:55.651  3581  3581 W n       : [0] drop stale event: 798,96|3971 last: 798,96|6927
07-12 15:52:55.759  3581  3581 W n       : [0] drop stale event: 798,96|4077 last: 798,96|6927
07-12 15:52:55.760  3581  3581 W n       : [0] drop stale event: 798,96|4080 last: 798,96|6927
07-12 15:52:55.867  3581  3581 W n       : [0] drop stale event: 798,96|4187 last: 798,96|6927
07-12 15:52:55.867  3581  3581 W n       : [0] drop stale event: 798,96|4188 last: 798,96|6927
07-12 15:52:55.972  3581  3581 W n       : [0] drop stale event: 798,96|4292 last: 798,96|6927
07-12 15:52:55.972  3581  3581 W n       : [0] drop stale event: 798,96|4292 last: 798,96|6927
07-12 15:52:56.078  3581  3581 W n       : [0] drop stale event: 798,96|4397 last: 798,96|6927
07-12 15:52:56.080  3581  3581 W n       : [0] drop stale event: 798,96|4400 last: 798,96|6927
07-12 15:52:56.182  3581  3581 W n       : [0] drop stale event: 798,96|4502 last: 798,96|6927
07-12 15:52:56.183  3581  3581 W n       : [0] drop stale event: 798,96|4504 last: 798,96|6927
07-12 15:52:56.287  3581  3581 W n       : [0] drop stale event: 798,96|4607 last: 798,96|6927
07-12 15:52:56.288  3581  3581 W n       : [0] drop stale event: 798,96|4608 last: 798,96|6927
07-12 15:52:56.393  3581  3581 W n       : [0] drop stale event: 798,96|4714 last: 798,96|6927
07-12 15:52:56.394  3581  3581 W n       : [0] drop stale event: 798,96|4714 last: 798,96|6927
07-12 15:52:56.496  3581  3581 W n       : [0] drop stale event: 798,96|4816 last: 798,96|6927
07-12 15:52:56.496  3581  3581 W n       : [0] drop stale event: 798,96|4816 last: 798,96|6927
07-12 15:52:56.625  3581  3581 W n       : [0] drop stale event: 798,96|4944 last: 798,96|6927
07-12 15:52:56.625  3581  3581 W n       : [0] drop stale event: 798,96|4946 last: 798,96|6927
07-12 15:52:56.752  3581  3581 W n       : [0] drop stale event: 798,96|5072 last: 798,96|6927
07-12 15:52:56.753  3581  3581 W n       : [0] drop stale event: 798,96|5074 last: 798,96|6927
07-12 15:52:56.857  3581  3581 W n       : [0] drop stale event: 798,96|5177 last: 798,96|6927
07-12 15:52:56.858  3581  3581 W n       : [0] drop stale event: 798,96|5178 last: 798,96|6927
07-12 15:52:56.964  3581  3581 W n       : [0] drop stale event: 798,96|5284 last: 798,96|6927
07-12 15:52:56.965  3581  3581 W n       : [0] drop stale event: 798,96|5285 last: 798,96|6927
07-12 15:52:57.068  3581  3581 W n       : [0] drop stale event: 798,96|5388 last: 798,96|6927
07-12 15:52:57.068  3581  3581 W n       : [0] drop stale event: 798,96|5388 last: 798,96|6927
07-12 15:52:57.173  3581  3581 W n       : [0] drop stale event: 798,96|5492 last: 798,96|6927
07-12 15:52:57.173  3581  3581 W n       : [0] drop stale event: 798,96|5494 last: 798,96|6927
07-12 15:52:57.317  3581  3581 W u       : No editor info for this field. Bug?
07-12 15:52:57.320  3581  3581 I VkMultilingual: reset main=pt-BR locales=[pt,it] count=2
07-12 15:52:57.330  3581  3581 W VkStall : MAIN-THREAD STALL 130ms during: >>>>> Dispatching to Handler (android.app.ActivityThread$H) {e50e036} null: 114
07-12 15:52:57.331  3581  3581 W n       : [0] drop stale event: 798,96|5651 last: 798,96|6927
07-12 15:52:57.331  3581  3581 W n       : [0] drop stale event: 798,96|5652 last: 798,96|6927
07-12 15:52:57.426  3581  3581 I VkSwipe : ○ gesture canceled
07-12 15:52:57.479  3581  3581 W MainKeyboardView: Cannot find android.R.id.content view to add DrawingPreviewPlacerView
07-12 15:52:57.482  3581  3581 I VkTyping: ▶ open restart=false pkg=com.android.launcher inputType=589825
07-12 15:52:57.549  3581  3581 W VkStall : MAIN-THREAD STALL 124ms during: >>>>> Dispatching to Handler (com.android.internal.os.HandlerCaller$MyHandler) {3dcec65} null: 60
07-12 15:52:57.561  3581  3581 W View    : requestLayout() improperly called by android.widget.LinearLayout{1a3fc8c V.E...... ......ID 0,1868-1440,2818 #7f0a00f8 app:id/main_keyboard_frame} during layout: running second layout pass
07-12 15:52:57.573  3581  3581 W n       : [0] drop stale event: 798,96|5893 last: 798,96|6927
07-12 15:52:57.573  3581  3581 W n       : [0] drop stale event: 798,96|5893 last: 798,96|6927
07-12 15:52:57.651  3581  5381 I VkSuggestions: decode typedLen=6 candidates=18 locales=2 14,1ms
07-12 15:52:57.652  3581  5381 I VkSuggestions: strip composing typedLen=6 candidates=17 autocorrect=false top=jjhdjh locale=pt
07-12 15:52:57.673  3581  3581 W n       : [0] drop stale event: 798,96|5993 last: 798,96|6927
07-12 15:52:57.673  3581  3581 W n       : [0] drop stale event: 798,96|5993 last: 798,96|6927
07-12 15:52:57.773  3581  3581 W n       : [0] drop stale event: 798,96|6094 last: 798,96|6927
07-12 15:52:57.773  3581  3581 W n       : [0] drop stale event: 798,96|6094 last: 798,96|6927
07-12 15:52:57.874  3581  3581 W n       : [0] drop stale event: 798,96|6194 last: 798,96|6927
07-12 15:52:57.874  3581  3581 W n       : [0] drop stale event: 798,96|6194 last: 798,96|6927
07-12 15:52:57.974  3581  3581 W n       : [0] drop stale event: 798,96|6294 last: 798,96|6927
07-12 15:52:57.974  3581  3581 W n       : [0] drop stale event: 798,96|6294 last: 798,96|6927
07-12 15:52:58.075  3581  3581 W n       : [0] drop stale event: 798,96|6395 last: 798,96|6927
07-12 15:52:58.075  3581  3581 W n       : [0] drop stale event: 798,96|6395 last: 798,96|6927
07-12 15:52:58.175  3581  3581 W n       : [0] drop stale event: 798,96|6495 last: 798,96|6927
07-12 15:52:58.176  3581  3581 W n       : [0] drop stale event: 798,96|6496 last: 798,96|6927
07-12 15:52:58.275  3581  3581 W n       : [0] drop stale event: 798,96|6595 last: 798,96|6927
07-12 15:52:58.277  3581  3581 W n       : [0] drop stale event: 798,96|6597 last: 798,96|6927
07-12 15:52:58.376  3581  3581 W n       : [0] drop stale event: 798,96|19 last: 798,96|6927
07-12 15:52:58.377  3581  3581 W n       : [0] drop stale event: 798,96|20 last: 798,96|6927
07-12 15:52:58.394  3667  4713 I OnDeviceAssist: warm ok model=qwen2.5-0.5b-instruct-q4_0.gguf ambient=40 chars 0ms
07-12 15:52:58.415  3581  5137 E ActivityThread: Failed to find provider info for com.oplus.statistics.provider
07-12 15:52:58.415  3581  5137 E OplusStatistics--: IllegalArgumentException:java.lang.IllegalArgumentException: Unknown URL content://com.oplus.statistics.provider/track_event
07-12 15:52:58.476  3581  3581 W n       : [0] drop stale event: 798,96|119 last: 798,96|6927
07-12 15:52:58.477  3581  3581 W n       : [0] drop stale event: 798,96|120 last: 798,96|6927
07-12 15:52:58.554  3581  5381 I VkSuggestions: decode typedLen=7 candidates=17 locales=2 1,1ms
07-12 15:52:58.555  3581  5381 I VkSuggestions: strip composing typedLen=7 candidates=15 autocorrect=false top=jjhdjhj locale=pt
07-12 15:52:58.576  3581  3581 W n       : [0] drop stale event: 798,96|219 last: 798,96|6927
07-12 15:52:58.578  3581  3581 W n       : [0] drop stale event: 798,96|222 last: 798,96|6927
07-12 15:52:58.686  3581  3581 W n       : [0] drop stale event: 798,96|102 last: 798,96|6927
07-12 15:52:58.686  3581  3581 W n       : [0] drop stale event: 798,96|102 last: 798,96|6927
07-12 15:52:58.774  3581  5381 I VkSuggestions: decode typedLen=8 candidates=2 locales=2 2,2ms
07-12 15:52:58.776  3581  5381 I VkSuggestions: strip composing typedLen=8 candidates=3 autocorrect=false top=jjhdjhjh locale=pt
07-12 15:52:58.786  3581  3581 W n       : [0] drop stale event: 798,96|10 last: 798,96|6927
07-12 15:52:58.786  3581  3581 W n       : [0] drop stale event: 798,96|10 last: 798,96|6927
07-12 15:52:58.887  3581  3581 W n       : [0] drop stale event: 798,96|111 last: 798,96|6927
07-12 15:52:58.887  3581  3581 W n       : [0] drop stale event: 798,96|111 last: 798,96|6927
07-12 15:52:58.983  3581  5381 W VibeKeyProfiler: Slow Native Suggest: Total=9.48ms | Init=0.07ms | TrieExpand(x5)=9.36ms | Scoring=0.04ms | inputSize=9
07-12 15:52:58.985  3581  5381 I VkSuggestions: decode typedLen=9 candidates=16 locales=2 12,6ms
07-12 15:52:58.988  3581  5381 I VkSuggestions: strip composing typedLen=9 candidates=15 autocorrect=false top=jjhdjhjhh locale=pt
07-12 15:52:59.021  3581  3581 W n       : [0] drop stale event: 798,96|245 last: 798,96|6927
07-12 15:52:59.021  3581  3581 W n       : [0] drop stale event: 798,96|245 last: 798,96|6927
07-12 15:52:59.123  3581  3581 W n       : [0] drop stale event: 798,96|348 last: 798,96|6927
07-12 15:52:59.124  3581  3581 W n       : [0] drop stale event: 798,96|348 last: 798,96|6927
07-12 15:52:59.224  3581  3581 W n       : [0] drop stale event: 798,96|73 last: 798,96|6927
07-12 15:52:59.224  3581  3581 W n       : [0] drop stale event: 798,96|73 last: 798,96|6927
07-12 15:52:59.325  3581  3581 W n       : [0] drop stale event: 798,96|173 last: 798,96|6927
07-12 15:52:59.325  3581  3581 W n       : [0] drop stale event: 798,96|173 last: 798,96|6927
07-12 15:52:59.426  3581  3581 W n       : [0] drop stale event: 798,96|274 last: 798,96|6927
07-12 15:52:59.426  3581  3581 W n       : [0] drop stale event: 798,96|274 last: 798,96|6927
07-12 15:52:59.526  3581  3581 W n       : [0] drop stale event: 798,96|374 last: 798,96|6927
07-12 15:52:59.527  3581  3581 W n       : [0] drop stale event: 798,96|375 last: 798,96|6927
07-12 15:52:59.626  3581  3581 W n       : [0] drop stale event: 798,96|474 last: 798,96|6927
07-12 15:52:59.627  3581  3581 W n       : [0] drop stale event: 798,96|475 last: 798,96|6927
07-12 15:52:59.726  3581  3581 W n       : [0] drop stale event: 798,96|574 last: 798,96|6927
07-12 15:52:59.726  3581  3581 W n       : [0] drop stale event: 798,96|575 last: 798,96|6927
07-12 15:52:59.827  3581  3581 W n       : [0] drop stale event: 798,96|675 last: 798,96|6927
07-12 15:52:59.827  3581  3581 W n       : [0] drop stale event: 798,96|675 last: 798,96|6927
07-12 15:52:59.927  3581  3581 W n       : [0] drop stale event: 798,96|775 last: 798,96|6927
07-12 15:52:59.927  3581  3581 W n       : [0] drop stale event: 798,96|775 last: 798,96|6927
07-12 15:53:00.028  3581  3581 W n       : [0] drop stale event: 798,96|876 last: 798,96|6927
07-12 15:53:00.028  3581  3581 W n       : [0] drop stale event: 798,96|876 last: 798,96|6927
07-12 15:53:00.128  3581  3581 W n       : [0] drop stale event: 798,96|976 last: 798,96|6927
07-12 15:53:00.128  3581  3581 W n       : [0] drop stale event: 798,96|976 last: 798,96|6927
07-12 15:53:00.181  3581  5381 W VibeKeyProfiler: Slow Native Suggest: Total=9.84ms | Init=0.19ms | TrieExpand(x5)=9.60ms | Scoring=0.04ms | inputSize=10
07-12 15:53:00.183  3581  5381 I VkSuggestions: decode typedLen=10 candidates=16 locales=2 12,7ms
07-12 15:53:00.186  3581  5381 I VkSuggestions: strip composing typedLen=10 candidates=15 autocorrect=false top=jjhdjhjhhí locale=pt
07-12 15:53:00.228  3581  3581 W n       : [0] drop stale event: 798,96|1076 last: 798,96|6927
07-12 15:53:00.228  3581  3581 W n       : [0] drop stale event: 798,96|1076 last: 798,96|6927
07-12 15:53:00.328  3581  3581 W n       : [0] drop stale event: 798,96|1176 last: 798,96|6927
07-12 15:53:00.328  3581  3581 W n       : [0] drop stale event: 798,96|1177 last: 798,96|6927
07-12 15:53:00.429  3581  3581 W n       : [0] drop stale event: 798,96|1277 last: 798,96|6927
07-12 15:53:00.429  3581  3581 W n       : [0] drop stale event: 798,96|1278 last: 798,96|6927
07-12 15:53:00.530  3581  3581 W n       : [0] drop stale event: 798,96|82 last: 798,96|6927
07-12 15:53:00.530  3581  3581 W n       : [0] drop stale event: 798,96|83 last: 798,96|6927
07-12 15:53:00.631  3581  3581 W n       : [0] drop stale event: 798,96|17 last: 798,96|6927
07-12 15:53:00.631  3581  3581 W n       : [0] drop stale event: 798,96|17 last: 798,96|6927
07-12 15:53:00.641  3581  5381 I VkSuggestions: decode typedLen=11 candidates=18 locales=2 6,6ms
07-12 15:53:00.642  3581  5381 I VkSuggestions: strip composing typedLen=11 candidates=17 autocorrect=false top=jjhdjhjhhíh locale=pt
07-12 15:53:00.732  3581  3581 W n       : [0] drop stale event: 798,96|117 last: 798,96|6927
07-12 15:53:00.732  3581  3581 W n       : [0] drop stale event: 798,96|118 last: 798,96|6927
07-12 15:53:00.818  3581  5381 I VkSuggestions: decode typedLen=12 candidates=18 locales=2 7,2ms
07-12 15:53:00.819  3581  5381 I VkSuggestions: strip composing typedLen=12 candidates=17 autocorrect=false top=jjhdjhjhhíhh locale=pt
07-12 15:53:00.833  3581  3581 W n       : [0] drop stale event: 798,96|51 last: 798,96|6927
07-12 15:53:00.833  3581  3581 W n       : [0] drop stale event: 798,96|51 last: 798,96|6927
07-12 15:53:00.945  3581  3581 W n       : [0] drop stale event: 798,96|163 last: 798,96|6927
07-12 15:53:00.945  3581  3581 W n       : [0] drop stale event: 798,96|163 last: 798,96|6927
07-12 15:53:01.040  3581  5381 W VibeKeyProfiler: Slow Native Suggest: Total=9.16ms | Init=0.13ms | TrieExpand(x5)=8.98ms | Scoring=0.04ms | inputSize=13
07-12 15:53:01.045  3581  5381 I VkSuggestions: decode typedLen=13 candidates=18 locales=2 14,9ms
07-12 15:53:01.048  3581  5381 I VkSuggestions: strip composing typedLen=13 candidates=19 autocorrect=false top=jjhdjhjhhíhhd locale=pt
07-12 15:53:01.067  3581  3581 W n       : [0] drop stale event: 798,96|285 last: 798,96|6927
07-12 15:53:01.067  3581  3581 W n       : [0] drop stale event: 798,96|286 last: 798,96|6927
07-12 15:53:01.168  3581  3581 W n       : [0] drop stale event: 798,96|386 last: 798,96|6927
07-12 15:53:01.169  3581  3581 W n       : [0] drop stale event: 798,96|387 last: 798,96|6927
07-12 15:53:01.269  3581  3581 W n       : [0] drop stale event: 798,96|487 last: 798,96|6927
07-12 15:53:01.269  3581  3581 W n       : [0] drop stale event: 798,96|487 last: 798,96|6927
07-12 15:53:01.369  3581  3581 W n       : [0] drop stale event: 798,96|587 last: 798,96|6927
07-12 15:53:01.369  3581  3581 W n       : [0] drop stale event: 798,96|587 last: 798,96|6927
07-12 15:53:01.470  3581  3581 W n       : [0] drop stale event: 798,96|688 last: 798,96|6927
07-12 15:53:01.471  3581  3581 W n       : [0] drop stale event: 798,96|689 last: 798,96|6927
07-12 15:53:01.571  3581  3581 W n       : [0] drop stale event: 798,96|789 last: 798,96|6927
07-12 15:53:01.571  3581  3581 W n       : [0] drop stale event: 798,96|790 last: 798,96|6927
07-12 15:53:01.671  3581  3581 W n       : [0] drop stale event: 798,96|889 last: 798,96|6927
07-12 15:53:01.671  3581  3581 W n       : [0] drop stale event: 798,96|890 last: 798,96|6927
07-12 15:53:01.772  3581  3581 W n       : [0] drop stale event: 798,96|990 last: 798,96|6927
07-12 15:53:01.772  3581  3581 W n       : [0] drop stale event: 798,96|991 last: 798,96|6927
07-12 15:53:01.873  3581  3581 W n       : [0] drop stale event: 798,96|1091 last: 798,96|6927
07-12 15:53:01.873  3581  3581 W n       : [0] drop stale event: 798,96|1092 last: 798,96|6927
07-12 15:53:01.974  3581  3581 W n       : [0] drop stale event: 798,96|1192 last: 798,96|6927
07-12 15:53:01.974  3581  3581 W n       : [0] drop stale event: 798,96|1192 last: 798,96|6927
07-12 15:53:02.074  3581  3581 W n       : [0] drop stale event: 798,96|1293 last: 798,96|6927
07-12 15:53:02.075  3581  3581 W n       : [0] drop stale event: 798,96|1293 last: 798,96|6927
07-12 15:53:02.176  3581  3581 W n       : [0] drop stale event: 798,96|1394 last: 798,96|6927
07-12 15:53:02.176  3581  3581 W n       : [0] drop stale event: 798,96|1395 last: 798,96|6927
07-12 15:53:02.286  3581  3581 W n       : [0] drop stale event: 798,96|1504 last: 798,96|6927
07-12 15:53:02.286  3581  3581 W n       : [0] drop stale event: 798,96|1504 last: 798,96|6927
07-12 15:53:02.388  3581  3581 W n       : [0] drop stale event: 798,96|1606 last: 798,96|6927
07-12 15:53:02.388  3581  3581 W n       : [0] drop stale event: 798,96|1607 last: 798,96|6927
07-12 15:53:02.488  3581  3581 W n       : [0] drop stale event: 798,96|1706 last: 798,96|6927
07-12 15:53:02.488  3581  3581 W n       : [0] drop stale event: 798,96|1707 last: 798,96|6927
07-12 15:53:02.589  3581  3581 W n       : [0] drop stale event: 798,96|1807 last: 798,96|6927
07-12 15:53:02.589  3581  3581 W n       : [0] drop stale event: 798,96|1807 last: 798,96|6927
07-12 15:53:02.688  3581  3581 W n       : [0] drop stale event: 798,96|1907 last: 798,96|6927
07-12 15:53:02.689  3581  3581 W n       : [0] drop stale event: 798,96|1907 last: 798,96|6927
07-12 15:53:02.789  3581  3581 W n       : [0] drop stale event: 798,96|2007 last: 798,96|6927
07-12 15:53:02.789  3581  3581 W n       : [0] drop stale event: 798,96|2008 last: 798,96|6927
07-12 15:53:02.889  3581  3581 W n       : [0] drop stale event: 798,96|2108 last: 798,96|6927
07-12 15:53:02.889  3581  3581 W n       : [0] drop stale event: 798,96|2108 last: 798,96|6927
07-12 15:53:02.990  3581  3581 W n       : [0] drop stale event: 798,96|93 last: 798,96|6927
07-12 15:53:02.990  3581  3581 W n       : [0] drop stale event: 798,96|94 last: 798,96|6927
07-12 15:53:03.013  3581  3581 I VkSwipe : ▶ gesture started locale=pt-BR
07-12 15:53:03.089  3581  3581 W n       : [0] drop stale event: 798,96|193 last: 798,96|6927
07-12 15:53:03.091  3581  3581 W n       : [0] drop stale event: 798,96|194 last: 798,96|6927
07-12 15:53:03.094  3581  5381 I VkSuggestions: decode typedLen=2 candidates=18 locales=2 12,8ms
07-12 15:53:03.095  3581  5381 I VkSwipe : ◐ kotlin-preview points=10 decodedLen=2 candidates=18 top=Jó 13ms
07-12 15:53:03.190  3581  3581 W n       : [0] drop stale event: 798,96|293 last: 798,96|6927
07-12 15:53:03.191  3581  3581 W n       : [0] drop stale event: 798,96|294 last: 798,96|6927
07-12 15:53:03.200  3581  5381 I VkSwipe : ◐ kotlin-preview points=11 decodedLen=2 candidates=18 top=Jó 12ms
07-12 15:53:03.290  3581  3581 W n       : [0] drop stale event: 798,96|393 last: 798,96|6927
07-12 15:53:03.290  3581  3581 W n       : [0] drop stale event: 798,96|394 last: 798,96|6927
07-12 15:53:03.304  3581  5381 I VkSwipe : ◐ kotlin-preview points=12 decodedLen=2 candidates=18 top=Jó 13ms
07-12 15:53:03.390  3581  3581 W n       : [0] drop stale event: 798,96|494 last: 798,96|6927
07-12 15:53:03.390  3581  3581 W n       : [0] drop stale event: 798,96|494 last: 798,96|6927
07-12 15:53:03.391  3581  3581 W n       : [0] drop stale event: 798,96|494 last: 798,96|6927
07-12 15:53:03.490  3581  3581 W n       : [0] drop stale event: 798,96|594 last: 798,96|6927
07-12 15:53:03.491  3581  3581 W n       : [0] drop stale event: 798,96|594 last: 798,96|6927
07-12 15:53:03.491  3581  3581 W n       : [0] drop stale event: 798,96|594 last: 798,96|6927
07-12 15:53:03.591  3581  3581 W n       : [0] drop stale event: 798,96|694 last: 798,96|6927
07-12 15:53:03.591  3581  3581 W n       : [0] drop stale event: 798,96|694 last: 798,96|6927
07-12 15:53:03.591  3581  3581 W n       : [0] drop stale event: 798,96|694 last: 798,96|6927
07-12 15:53:03.631  3581  5381 I VkSuggestions: decode typedLen=3 candidates=18 locales=2 12,1ms
07-12 15:53:03.632  3581  5381 I VkSwipe : ◐ kotlin-preview points=31 decodedLen=3 candidates=18 top=jota 14ms
07-12 15:53:03.691  3581  3581 W n       : [0] drop stale event: 798,96|795 last: 798,96|6927
07-12 15:53:03.692  3581  3581 W n       : [0] drop stale event: 798,96|795 last: 798,96|6927
07-12 15:53:03.692  3581  3581 W n       : [0] drop stale event: 798,96|795 last: 798,96|6927
07-12 15:53:03.792  3581  3581 W n       : [0] drop stale event: 798,96|896 last: 798,96|6927
07-12 15:53:03.792  3581  3581 W n       : [0] drop stale event: 798,96|896 last: 798,96|6927
07-12 15:53:03.793  3581  3581 W n       : [0] drop stale event: 798,96|896 last: 798,96|6927
07-12 15:53:03.797  3581  5381 I VkSuggestions: decode typedLen=5 candidates=18 locales=2 11,1ms
07-12 15:53:03.797  3581  5381 I VkSwipe : ◐ kotlin-preview points=42 decodedLen=5 candidates=18 top=jota 12ms
07-12 15:53:03.893  3581  3581 W n       : [0] drop stale event: 798,96|996 last: 798,96|6927
07-12 15:53:03.893  3581  3581 W n       : [0] drop stale event: 798,96|996 last: 798,96|6927
07-12 15:53:03.893  3581  3581 W n       : [0] drop stale event: 798,96|996 last: 798,96|6927
07-12 15:53:03.993  3581  3581 W n       : [0] drop stale event: 798,96|1097 last: 798,96|6927
07-12 15:53:03.994  3581  3581 W n       : [0] drop stale event: 798,96|1097 last: 798,96|6927
07-12 15:53:03.994  3581  3581 W n       : [0] drop stale event: 798,96|1097 last: 798,96|6927
07-12 15:53:04.081  3581  5381 I VkSwipe : ◐ kotlin-preview points=62 decodedLen=5 candidates=18 top=jota 13ms
07-12 15:53:04.094  3581  3581 W n       : [0] drop stale event: 798,96|1198 last: 798,96|6927
07-12 15:53:04.094  3581  3581 W n       : [0] drop stale event: 798,96|1198 last: 798,96|6927
07-12 15:53:04.095  3581  3581 W n       : [0] drop stale event: 798,96|1198 last: 798,96|6927
07-12 15:53:04.160  3581  5381 I VkSwipe : ✓ kotlin-tail points=63 decodedLen=5 candidates=17 top=Jorge 13ms
07-12 15:53:04.171  3581  3581 I VkSwipe : ✓ gesture points=63 decodedLen=5 candidates=17 top=Jorge 1159ms
07-12 15:53:04.195  3581  3581 W n       : [0] drop stale event: 798,96|1298 last: 798,96|6927
07-12 15:53:04.195  3581  3581 W n       : [0] drop stale event: 798,96|1299 last: 798,96|6927
07-12 15:53:04.310  3581  3581 W n       : [0] drop stale event: 798,96|1414 last: 798,96|6927
07-12 15:53:04.311  3581  3581 W n       : [0] drop stale event: 798,96|1414 last: 798,96|6927
07-12 15:53:04.311  3581  3581 W n       : [0] drop stale event: 798,96|1414 last: 798,96|6927
07-12 15:53:04.411  3581  3581 W n       : [0] drop stale event: 798,96|1514 last: 798,96|6927
07-12 15:53:04.411  3581  3581 W n       : [0] drop stale event: 798,96|1514 last: 798,96|6927
07-12 15:53:04.511  3581  3581 W n       : [0] drop stale event: 798,96|1614 last: 798,96|6927
07-12 15:53:04.511  3581  3581 W n       : [0] drop stale event: 798,96|1614 last: 798,96|6927
07-12 15:53:04.611  3581  3581 W n       : [0] drop stale event: 798,96|1715 last: 798,96|6927
07-12 15:53:04.611  3581  3581 W n       : [0] drop stale event: 798,96|1715 last: 798,96|6927
07-12 15:53:04.722  3581  3581 W n       : [0] drop stale event: 798,96|87 last: 798,96|6927
07-12 15:53:04.722  3581  3581 W n       : [0] drop stale event: 798,96|87 last: 798,96|6927
07-12 15:53:04.817  3581  3581 I VkEffects: reload anim=scale blur=562px glow=false stickers=true
07-12 15:53:04.941  3581  3581 W n       : [0] drop stale event: 798,96|105 last: 798,96|6927
07-12 15:53:04.941  3581  3581 W n       : [0] drop stale event: 798,96|105 last: 798,96|6927
07-12 15:53:05.048  3581  5381 I VkSuggestions: decode typedLen=2 candidates=18 locales=2 8,6ms
07-12 15:53:05.049  3581  5381 I VkSuggestions: strip composing typedLen=2 candidates=12 autocorrect=false top=jj locale=pt
07-12 15:53:05.052  3581  3581 W n       : [0] drop stale event: 798,96|32 last: 798,96|6927
07-12 15:53:05.052  3581  3581 W n       : [0] drop stale event: 798,96|32 last: 798,96|6927
07-12 15:53:05.152  3581  3581 W n       : [0] drop stale event: 798,96|133 last: 798,96|6927
07-12 15:53:05.152  3581  3581 W n       : [0] drop stale event: 798,96|133 last: 798,96|6927
07-12 15:53:05.227  3581  5381 I VkSuggestions: decode typedLen=3 candidates=18 locales=2 5,9ms
07-12 15:53:05.228  3581  5381 I VkSuggestions: strip composing typedLen=3 candidates=15 autocorrect=false top=jjh locale=pt
07-12 15:53:05.253  3581  3581 W n       : [0] drop stale event: 798,96|41 last: 798,96|6927
07-12 15:53:05.253  3581  3581 W n       : [0] drop stale event: 798,96|41 last: 798,96|6927
07-12 15:53:05.352  3581  3581 W n       : [0] drop stale event: 798,96|7 last: 798,96|6927
07-12 15:53:05.353  3581  3581 W n       : [0] drop stale event: 798,96|7 last: 798,96|6927
07-12 15:53:05.433  3581  5381 I VkSuggestions: decode typedLen=4 candidates=18 locales=2 14,3ms
07-12 15:53:05.435  3581  5381 I VkSuggestions: strip composing typedLen=4 candidates=15 autocorrect=false top=jjhh locale=pt
07-12 15:53:05.453  3581  3581 W n       : [0] drop stale event: 798,96|107 last: 798,96|6927
07-12 15:53:05.453  3581  3581 W n       : [0] drop stale event: 798,96|107 last: 798,96|6927
07-12 15:53:05.553  3581  3581 W n       : [0] drop stale event: 798,96|48 last: 798,96|6927
07-12 15:53:05.553  3581  3581 W n       : [0] drop stale event: 798,96|48 last: 798,96|6927
07-12 15:53:05.653  3581  3581 W n       : [0] drop stale event: 798,96|148 last: 798,96|6927
07-12 15:53:05.653  3581  3581 W n       : [0] drop stale event: 798,96|149 last: 798,96|6927
07-12 15:53:05.713  3581  5381 I VkSuggestions: decode typedLen=6 candidates=18 locales=2 5,6ms
07-12 15:53:05.715  3581  5381 I VkSuggestions: strip composing typedLen=6 candidates=18 autocorrect=false top=jjhhdj locale=pt
07-12 15:53:05.752  3581  3581 W n       : [0] drop stale event: 798,96|81 last: 798,96|6927
07-12 15:53:05.754  3581  3581 W n       : [0] drop stale event: 798,96|82 last: 798,96|6927
07-12 15:53:05.853  3581  5381 I VkSuggestions: decode typedLen=7 candidates=18 locales=2 3,0ms
07-12 15:53:05.854  3581  5381 I VkSuggestions: strip composing typedLen=7 candidates=19 autocorrect=false top=jjhhdjh locale=pt
07-12 15:53:05.857  3581  3581 W n       : [0] drop stale event: 798,96|59 last: 798,96|6927
07-12 15:53:05.857  3581  3581 W n       : [0] drop stale event: 798,96|60 last: 798,96|6927
07-12 15:53:05.959  3581  3581 W n       : [0] drop stale event: 798,96|162 last: 798,96|6927
07-12 15:53:05.959  3581  3581 W n       : [0] drop stale event: 798,96|162 last: 798,96|6927
07-12 15:53:06.028  3581  5381 W VibeKeyProfiler: Slow Native Suggest: Total=9.34ms | Init=0.12ms | TrieExpand(x4)=9.18ms | Scoring=0.04ms | inputSize=8
07-12 15:53:06.034  3581  5381 I VkSuggestions: decode typedLen=8 candidates=18 locales=2 16,3ms
07-12 15:53:06.034  3581  5381 W VkSuggestions: slow frame 16,3ms locales=2 typedLen=8 candidates=18 parallelWait=16,2ms
07-12 15:53:06.036  3581  5381 I VkSuggestions: strip composing typedLen=8 candidates=19 autocorrect=false top=jjhhdjhe locale=pt
07-12 15:53:06.061  3581  3581 W n       : [0] drop stale event: 798,96|4 last: 798,96|6927
07-12 15:53:06.061  3581  3581 W n       : [0] drop stale event: 798,96|4 last: 798,96|6927
07-12 15:53:06.160  3581  3581 W n       : [0] drop stale event: 798,96|104 last: 798,96|6927
07-12 15:53:06.160  3581  3581 W n       : [0] drop stale event: 798,96|104 last: 798,96|6927
07-12 15:53:06.261  3581  3581 W n       : [0] drop stale event: 798,96|204 last: 798,96|6927
07-12 15:53:06.261  3581  3581 W n       : [0] drop stale event: 798,96|204 last: 798,96|6927
07-12 15:53:06.362  3581  3581 W n       : [0] drop stale event: 798,96|305 last: 798,96|6927
07-12 15:53:06.362  3581  3581 W n       : [0] drop stale event: 798,96|305 last: 798,96|6927
07-12 15:53:06.461  3581  3581 W n       : [0] drop stale event: 798,96|405 last: 798,96|6927
07-12 15:53:06.462  3581  3581 W n       : [0] drop stale event: 798,96|405 last: 798,96|6927
07-12 15:53:06.491  3581  3581 I VkSwipe : ▶ gesture started locale=pt-BR
07-12 15:53:06.494  3581  5381 I VkSwipe : ◐ kotlin-preview points=1 decodedLen=0 candidates=0 top=(none) 0ms
07-12 15:53:06.562  3581  3581 W n       : [0] drop stale event: 798,96|505 last: 798,96|6927
07-12 15:53:06.562  3581  3581 W n       : [0] drop stale event: 798,96|506 last: 798,96|6927
07-12 15:53:06.662  3581  3581 W n       : [0] drop stale event: 798,96|606 last: 798,96|6927
07-12 15:53:06.662  3581  3581 W n       : [0] drop stale event: 798,96|606 last: 798,96|6927
07-12 15:53:06.705  3581  5381 I VkSuggestions: decode typedLen=2 candidates=18 locales=2 11,0ms
07-12 15:53:06.706  3581  5381 I VkSwipe : ✓ kotlin-tail points=20 decodedLen=2 candidates=14 top=o 12ms
07-12 15:53:06.720  3581  3581 I VkSwipe : ✓ gesture points=20 decodedLen=1 candidates=14 top=o 228ms
07-12 15:53:06.763  3581  3581 W n       : [0] drop stale event: 798,96|706 last: 798,96|6927
07-12 15:53:06.763  3581  3581 W n       : [0] drop stale event: 798,96|706 last: 798,96|6927
07-12 15:53:06.862  3581  3581 W n       : [0] drop stale event: 798,96|806 last: 798,96|6927
07-12 15:53:06.863  3581  3581 W n       : [0] drop stale event: 798,96|806 last: 798,96|6927
07-12 15:53:06.863  3581  3581 W n       : [0] drop stale event: 798,96|806 last: 798,96|6927
07-12 15:53:06.963  3581  3581 W n       : [0] drop stale event: 798,96|62 last: 798,96|6927
07-12 15:53:06.963  3581  3581 W n       : [0] drop stale event: 798,96|63 last: 798,96|6927
07-12 15:53:06.963  3581  3581 W n       : [0] drop stale event: 798,96|63 last: 798,96|6927
07-12 15:53:07.009  3581  3581 I VkSwipe : ▶ gesture started locale=pt-BR
07-12 15:53:07.010  3581  3581 I VkAutocorrect: kept (swipe): o
07-12 15:53:07.010  3581  5381 I VkSwipe : ◐ kotlin-preview points=1 decodedLen=0 candidates=0 top=(none) 0ms
07-12 15:53:07.063  3581  3581 W n       : [0] drop stale event: 798,96|163 last: 798,96|6927
07-12 15:53:07.064  3581  3581 W n       : [0] drop stale event: 798,96|163 last: 798,96|6927
07-12 15:53:07.064  3581  3581 W n       : [0] drop stale event: 798,96|163 last: 798,96|6927
07-12 15:53:07.164  3581  3581 W n       : [0] drop stale event: 798,96|263 last: 798,96|6927
07-12 15:53:07.164  3581  3581 W n       : [0] drop stale event: 798,96|263 last: 798,96|6927
07-12 15:53:07.164  3581  3581 W n       : [0] drop stale event: 798,96|263 last: 798,96|6927
07-12 15:53:07.168  3581  5381 I VkSuggestions: decode typedLen=3 candidates=18 locales=2 7,1ms
07-12 15:53:07.168  3581  5381 I VkSwipe : ◐ kotlin-preview points=15 decodedLen=3 candidates=18 top=ho 7ms
07-12 15:53:07.264  3581  3581 W n       : [0] drop stale event: 798,96|363 last: 798,96|6927
07-12 15:53:07.264  3581  3581 W n       : [0] drop stale event: 798,96|363 last: 798,96|6927
07-12 15:53:07.264  3581  3581 W n       : [0] drop stale event: 798,96|363 last: 798,96|6927
07-12 15:53:07.271  3581  5381 I VkSwipe : ◐ kotlin-preview points=16 decodedLen=3 candidates=18 top=ho 6ms
07-12 15:53:07.364  3581  3581 W n       : [0] drop stale event: 798,96|464 last: 798,96|6927
07-12 15:53:07.364  3581  3581 W n       : [0] drop stale event: 798,96|464 last: 798,96|6927
07-12 15:53:07.364  3581  3581 W n       : [0] drop stale event: 798,96|464 last: 798,96|6927
07-12 15:53:07.465  3581  3581 W n       : [0] drop stale event: 798,96|564 last: 798,96|6927
07-12 15:53:07.465  3581  3581 W n       : [0] drop stale event: 798,96|564 last: 798,96|6927
07-12 15:53:07.465  3581  3581 W n       : [0] drop stale event: 798,96|564 last: 798,96|6927
07-12 15:53:07.565  3581  3581 W n       : [0] drop stale event: 798,96|665 last: 798,96|6927
07-12 15:53:07.565  3581  3581 W n       : [0] drop stale event: 798,96|665 last: 798,96|6927
07-12 15:53:07.565  3581  3581 W n       : [0] drop stale event: 798,96|665 last: 798,96|6927
07-12 15:53:07.585  3581  5381 I VkSuggestions: decode typedLen=4 candidates=18 locales=2 5,8ms
07-12 15:53:07.585  3581  5381 I VkSwipe : ◐ kotlin-preview points=37 decodedLen=4 candidates=18 top=Hogwarts 6ms
07-12 15:53:07.654  3581  5381 I VkSwipe : ✓ kotlin-tail points=40 decodedLen=4 candidates=13 top=Hoffman 6ms
07-12 15:53:07.664  3581  3581 I VkSwipe : ✓ gesture points=40 decodedLen=7 candidates=13 top=Hoffman 656ms
07-12 15:53:07.668  3581  3581 W n       : [0] drop stale event: 798,96|767 last: 798,96|6927
07-12 15:53:07.668  3581  3581 W n       : [0] drop stale event: 798,96|767 last: 798,96|6927
07-12 15:53:07.768  3581  3581 W n       : [0] drop stale event: 798,96|867 last: 798,96|6927
07-12 15:53:07.768  3581  3581 W n       : [0] drop stale event: 798,96|867 last: 798,96|6927
07-12 15:53:07.867  3581  3581 W n       : [0] drop stale event: 798,96|967 last: 798,96|6927
07-12 15:53:07.867  3581  3581 W n       : [0] drop stale event: 798,96|967 last: 798,96|6927
07-12 15:53:07.869  3581  3581 W n       : [0] drop stale event: 798,96|968 last: 798,96|6927
07-12 15:53:07.968  3581  3581 W n       : [0] drop stale event: 798,96|1067 last: 798,96|6927
07-12 15:53:07.968  3581  3581 W n       : [0] drop stale event: 798,96|1067 last: 798,96|6927
07-12 15:53:07.969  3581  3581 W n       : [0] drop stale event: 798,96|1068 last: 798,96|6927
07-12 15:53:08.068  3581  3581 W n       : [0] drop stale event: 798,96|1168 last: 798,96|6927
07-12 15:53:08.068  3581  3581 W n       : [0] drop stale event: 798,96|1168 last: 798,96|6927
07-12 15:53:08.068  3581  3581 W n       : [0] drop stale event: 798,96|1168 last: 798,96|6927
07-12 15:53:08.169  3581  3581 W n       : [0] drop stale event: 798,96|81 last: 798,96|6927
07-12 15:53:08.169  3581  3581 W n       : [0] drop stale event: 798,96|81 last: 798,96|6927
07-12 15:53:08.169  3581  3581 W n       : [0] drop stale event: 798,96|82 last: 798,96|6927
07-12 15:53:08.196  3581  3581 I VkSwipe : ▶ gesture started locale=pt-BR
07-12 15:53:08.198  3581  5381 I VkSwipe : ◐ kotlin-preview points=1 decodedLen=0 candidates=0 top=(none) 0ms
07-12 15:53:08.269  3581  3581 W n       : [0] drop stale event: 798,96|181 last: 798,96|6927
07-12 15:53:08.269  3581  3581 W n       : [0] drop stale event: 798,96|181 last: 798,96|6927
07-12 15:53:08.270  3581  3581 W n       : [0] drop stale event: 798,96|183 last: 798,96|6927
07-12 15:53:08.337  3581  5381 I VkSuggestions: decode typedLen=2 candidates=18 locales=2 6,1ms
07-12 15:53:08.337  3581  5381 I VkSwipe : ◐ kotlin-preview points=16 decodedLen=2 candidates=18 top=ho 6ms
07-12 15:53:08.369  3581  3581 W n       : [0] drop stale event: 798,96|281 last: 798,96|6927
07-12 15:53:08.369  3581  3581 W n       : [0] drop stale event: 798,96|281 last: 798,96|6927
07-12 15:53:08.371  3581  3581 W n       : [0] drop stale event: 798,96|283 last: 798,96|6927
07-12 15:53:08.440  3581  5381 I VkSwipe : ◐ kotlin-preview points=18 decodedLen=2 candidates=18 top=ho 9ms
07-12 15:53:08.469  3581  3581 W n       : [0] drop stale event: 798,96|381 last: 798,96|6927
07-12 15:53:08.469  3581  3581 W n       : [0] drop stale event: 798,96|382 last: 798,96|6927
07-12 15:53:08.470  3581  3581 W n       : [0] drop stale event: 798,96|383 last: 798,96|6927
07-12 15:53:08.530  3581  5381 I VkSwipe : ✓ kotlin-tail points=20 decodedLen=2 candidates=15 top=hp 6ms
07-12 15:53:08.540  3581  3581 I VkSwipe : ✓ gesture points=20 decodedLen=2 candidates=15 top=hp 343ms
07-12 15:53:08.570  3581  3581 W n       : [0] drop stale event: 798,96|483 last: 798,96|6927
07-12 15:53:08.570  3581  3581 W n       : [0] drop stale event: 798,96|483 last: 798,96|6927
07-12 15:53:08.671  3581  3581 W n       : [0] drop stale event: 798,96|583 last: 798,96|6927
07-12 15:53:08.671  3581  3581 W n       : [0] drop stale event: 798,96|583 last: 798,96|6927
07-12 15:53:08.671  3581  3581 W n       : [0] drop stale event: 798,96|584 last: 798,96|6927
07-12 15:53:08.771  3581  3581 W n       : [0] drop stale event: 798,96|683 last: 798,96|6927
07-12 15:53:08.771  3581  3581 W n       : [0] drop stale event: 798,96|684 last: 798,96|6927
07-12 15:53:08.771  3581  3581 W n       : [0] drop stale event: 798,96|684 last: 798,96|6927
07-12 15:53:08.874  3581  3581 W n       : [0] drop stale event: 798,96|786 last: 798,96|6927
07-12 15:53:08.874  3581  3581 W n       : [0] drop stale event: 798,96|786 last: 798,96|6927
07-12 15:53:08.874  3581  3581 W n       : [0] drop stale event: 798,96|787 last: 798,96|6927
07-12 15:53:08.974  3581  3581 W n       : [0] drop stale event: 798,96|887 last: 798,96|6927
07-12 15:53:08.975  3581  3581 W n       : [0] drop stale event: 798,96|887 last: 798,96|6927
07-12 15:53:08.975  3581  3581 W n       : [0] drop stale event: 798,96|887 last: 798,96|6927
07-12 15:53:09.075  3581  3581 W n       : [0] drop stale event: 798,96|987 last: 798,96|6927
07-12 15:53:09.075  3581  3581 W n       : [0] drop stale event: 798,96|988 last: 798,96|6927
07-12 15:53:09.076  3581  3581 W n       : [0] drop stale event: 798,96|988 last: 798,96|6927
07-12 15:53:09.176  3581  3581 W n       : [0] drop stale event: 798,96|1089 last: 798,96|6927
07-12 15:53:09.177  3581  3581 W n       : [0] drop stale event: 798,96|1089 last: 798,96|6927
07-12 15:53:09.177  3581  3581 W n       : [0] drop stale event: 798,96|1089 last: 798,96|6927
07-12 15:53:09.277  3581  3581 W n       : [0] drop stale event: 798,96|53 last: 798,96|6927
07-12 15:53:09.277  3581  3581 W n       : [0] drop stale event: 798,96|54 last: 798,96|6927
07-12 15:53:09.277  3581  3581 W n       : [0] drop stale event: 798,96|54 last: 798,96|6927
07-12 15:53:09.366  3581  3581 I VkSwipe : ▶ gesture started locale=pt-BR
07-12 15:53:09.368  3581  5381 I VkSwipe : ◐ kotlin-preview points=1 decodedLen=0 candidates=0 top=(none) 0ms
07-12 15:53:09.378  3581  3581 W n       : [0] drop stale event: 798,96|155 last: 798,96|6927
07-12 15:53:09.378  3581  3581 W n       : [0] drop stale event: 798,96|155 last: 798,96|6927
07-12 15:53:09.378  3581  3581 W n       : [0] drop stale event: 798,96|155 last: 798,96|6927
07-12 15:53:09.478  3581  3581 W n       : [0] drop stale event: 798,96|255 last: 798,96|6927
07-12 15:53:09.479  3581  3581 W n       : [0] drop stale event: 798,96|255 last: 798,96|6927
07-12 15:53:09.485  3581  5381 I VkSwipe : ✓ kotlin-tail points=9 decodedLen=2 candidates=16 top=LP 13ms
07-12 15:53:09.494  3581  5381 I VkSwipe : ◐ kotlin-preview points=9 decodedLen=2 candidates=18 top=LP 8ms
07-12 15:53:09.508  3581  3581 I VkSwipe : ✓ gesture points=9 decodedLen=2 candidates=16 top=LP 141ms
07-12 15:53:09.579  3581  3581 W n       : [0] drop stale event: 798,96|355 last: 798,96|6927
07-12 15:53:09.579  3581  3581 W n       : [0] drop stale event: 798,96|355 last: 798,96|6927
07-12 15:53:09.579  3581  3581 W n       : [0] drop stale event: 798,96|356 last: 798,96|6927
07-12 15:53:09.679  3581  3581 W n       : [0] drop stale event: 798,96|456 last: 798,96|6927
07-12 15:53:09.680  3581  3581 W n       : [0] drop stale event: 798,96|456 last: 798,96|6927
07-12 15:53:09.680  3581  3581 W n       : [0] drop stale event: 798,96|456 last: 798,96|6927
07-12 15:53:09.781  3581  3581 W n       : [0] drop stale event: 798,96|21 last: 798,96|6927
07-12 15:53:09.781  3581  3581 W n       : [0] drop stale event: 798,96|21 last: 798,96|6927
07-12 15:53:09.781  3581  3581 W n       : [0] drop stale event: 798,96|21 last: 798,96|6927
07-12 15:53:09.868  3581  3581 I VkSwipe : ▶ gesture started locale=pt-BR
07-12 15:53:09.886  3581  3581 W n       : [0] drop stale event: 798,96|126 last: 798,96|6927
07-12 15:53:09.886  3581  3581 W n       : [0] drop stale event: 798,96|126 last: 798,96|6927
07-12 15:53:09.886  3581  3581 W n       : [0] drop stale event: 798,96|126 last: 798,96|6927
07-12 15:53:09.979  3581  5381 I VkSwipe : ◐ kotlin-preview points=14 decodedLen=2 candidates=18 top=Jó 9ms
07-12 15:53:09.995  3581  3581 W n       : [0] drop stale event: 798,96|235 last: 798,96|6927
07-12 15:53:09.995  3581  3581 W n       : [0] drop stale event: 798,96|236 last: 798,96|6927
07-12 15:53:09.995  3581  3581 W n       : [0] drop stale event: 798,96|236 last: 798,96|6927
07-12 15:53:10.095  3581  3581 W n       : [0] drop stale event: 798,96|335 last: 798,96|6927
07-12 15:53:10.095  3581  3581 W n       : [0] drop stale event: 798,96|336 last: 798,96|6927
07-12 15:53:10.095  3581  3581 W n       : [0] drop stale event: 798,96|336 last: 798,96|6927
07-12 15:53:10.195  3581  3581 W n       : [0] drop stale event: 798,96|435 last: 798,96|6927
07-12 15:53:10.196  3581  3581 W n       : [0] drop stale event: 798,96|437 last: 798,96|6927
07-12 15:53:10.196  3581  3581 W n       : [0] drop stale event: 798,96|437 last: 798,96|6927
07-12 15:53:10.232  3581  5381 I VkSuggestions: decode typedLen=3 candidates=18 locales=2 11,4ms
07-12 15:53:10.232  3581  5381 I VkSwipe : ◐ kotlin-preview points=29 decodedLen=3 candidates=18 top=joy 12ms
07-12 15:53:10.294  3581  3581 W n       : [0] drop stale event: 798,96|535 last: 798,96|6927
07-12 15:53:10.296  3581  3581 W n       : [0] drop stale event: 798,96|537 last: 798,96|6927
07-12 15:53:10.296  3581  3581 W n       : [0] drop stale event: 798,96|537 last: 798,96|6927
07-12 15:53:10.395  3581  3581 W n       : [0] drop stale event: 798,96|635 last: 798,96|6927
07-12 15:53:10.397  3581  3581 W n       : [0] drop stale event: 798,96|637 last: 798,96|6927
07-12 15:53:10.397  3581  3581 W n       : [0] drop stale event: 798,96|637 last: 798,96|6927
07-12 15:53:10.417  3581  5381 I VkSuggestions: decode typedLen=4 candidates=18 locales=2 10,7ms
07-12 15:53:10.417  3581  5381 I VkSwipe : ◐ kotlin-preview points=39 decodedLen=4 candidates=18 top=Josh 12ms
07-12 15:53:10.495  3581  3581 W n       : [0] drop stale event: 798,96|735 last: 798,96|6927
07-12 15:53:10.497  3581  3581 W n       : [0] drop stale event: 798,96|738 last: 798,96|6927
07-12 15:53:10.497  3581  3581 W n       : [0] drop stale event: 798,96|738 last: 798,96|6927
07-12 15:53:10.595  3581  3581 W n       : [0] drop stale event: 798,96|835 last: 798,96|6927
07-12 15:53:10.598  3581  3581 W n       : [0] drop stale event: 798,96|838 last: 798,96|6927
07-12 15:53:10.598  3581  3581 W n       : [0] drop stale event: 798,96|838 last: 798,96|6927
07-12 15:53:10.685  3581  5381 I VkSuggestions: decode typedLen=5 candidates=18 locales=2 11,2ms
07-12 15:53:10.685  3581  5381 I VkSwipe : ◐ kotlin-preview points=54 decodedLen=5 candidates=18 top=Josh 13ms
07-12 15:53:10.700  3581  3581 W n       : [0] drop stale event: 798,96|940 last: 798,96|6927
07-12 15:53:10.700  3581  3581 W n       : [0] drop stale event: 798,96|940 last: 798,96|6927
07-12 15:53:10.711  3581  5381 I VkSwipe : ✓ kotlin-tail points=54 decodedLen=5 candidates=13 top=joyce 11ms
07-12 15:53:10.724  3581  3581 I VkSwipe : ✓ gesture points=54 decodedLen=5 candidates=13 top=joyce 856ms
07-12 15:53:10.800  3581  3581 W n       : [0] drop stale event: 798,96|1041 last: 798,96|6927
07-12 15:53:10.801  3581  3581 W n       : [0] drop stale event: 798,96|1041 last: 798,96|6927
07-12 15:53:10.901  3581  3581 W n       : [0] drop stale event: 798,96|1142 last: 798,96|6927
07-12 15:53:10.902  3581  3581 W n       : [0] drop stale event: 798,96|1142 last: 798,96|6927
07-12 15:53:11.003  3581  3581 W n       : [0] drop stale event: 798,96|1243 last: 798,96|6927
07-12 15:53:11.003  3581  3581 W n       : [0] drop stale event: 798,96|1243 last: 798,96|6927
07-12 15:53:11.103  3581  3581 W n       : [0] drop stale event: 798,96|1343 last: 798,96|6927
07-12 15:53:11.103  3581  3581 W n       : [0] drop stale event: 798,96|1343 last: 798,96|6927
07-12 15:53:11.203  3581  3581 W n       : [0] drop stale event: 798,96|1443 last: 798,96|6927
07-12 15:53:11.203  3581  3581 W n       : [0] drop stale event: 798,96|1444 last: 798,96|6927
07-12 15:53:11.304  3581  3581 W n       : [0] drop stale event: 798,96|1545 last: 798,96|6927
07-12 15:53:11.305  3581  3581 W n       : [0] drop stale event: 798,96|1545 last: 798,96|6927
07-12 15:53:11.382  3581  5381 I VkSuggestions: strip prediction typedLen=0 candidates=3 autocorrect=false top=Jorge locale=it
07-12 15:53:11.404  3581  3581 W n       : [0] drop stale event: 798,96|1645 last: 798,96|6927
07-12 15:53:11.405  3581  3581 W n       : [0] drop stale event: 798,96|1645 last: 798,96|6927
07-12 15:53:11.506  3581  3581 W n       : [0] drop stale event: 798,96|1746 last: 798,96|6927
07-12 15:53:11.506  3581  3581 W n       : [0] drop stale event: 798,96|1747 last: 798,96|6927
07-12 15:53:11.607  3581  3581 W n       : [0] drop stale event: 798,96|1846 last: 798,96|6927
07-12 15:53:11.612  3581  3581 W n       : [0] drop stale event: 798,96|1853 last: 798,96|6927
07-12 15:53:11.713  3581  3581 W n       : [0] drop stale event: 798,96|1953 last: 798,96|6927
07-12 15:53:11.714  3581  3581 W n       : [0] drop stale event: 798,96|1954 last: 798,96|6927
07-12 15:53:11.815  3581  3581 W n       : [0] drop stale event: 798,96|2055 last: 798,96|6927
07-12 15:53:11.815  3581  3581 W n       : [0] drop stale event: 798,96|2055 last: 798,96|6927
07-12 15:53:11.915  3581  3581 W n       : [0] drop stale event: 798,96|2155 last: 798,96|6927
07-12 15:53:11.916  3581  3581 W n       : [0] drop stale event: 798,96|2156 last: 798,96|6927
07-12 15:53:12.016  3581  3581 W n       : [0] drop stale event: 798,96|2256 last: 798,96|6927
07-12 15:53:12.017  3581  3581 W n       : [0] drop stale event: 798,96|2257 last: 798,96|6927
07-12 15:53:12.117  3581  3581 W n       : [0] drop stale event: 798,96|2358 last: 798,96|6927
07-12 15:53:12.118  3581  3581 W n       : [0] drop stale event: 798,96|2358 last: 798,96|6927
07-12 15:53:12.218  3581  3581 W n       : [0] drop stale event: 798,96|2458 last: 798,96|6927
07-12 15:53:12.218  3581  3581 W n       : [0] drop stale event: 798,96|2458 last: 798,96|6927
07-12 15:53:12.332  3581  3581 W n       : [0] drop stale event: 798,96|2572 last: 798,96|6927
07-12 15:53:12.332  3581  3581 W n       : [0] drop stale event: 798,96|2573 last: 798,96|6927
07-12 15:53:12.433  3581  3581 W n       : [0] drop stale event: 798,96|2673 last: 798,96|6927
07-12 15:53:12.433  3581  3581 W n       : [0] drop stale event: 798,96|2673 last: 798,96|6927
07-12 15:53:12.533  3581  3581 W n       : [0] drop stale event: 798,96|2774 last: 798,96|6927
07-12 15:53:12.534  3581  3581 W n       : [0] drop stale event: 798,96|2774 last: 798,96|6927
07-12 15:53:12.635  3581  3581 W n       : [0] drop stale event: 798,96|2875 last: 798,96|6927
07-12 15:53:12.635  3581  3581 W n       : [0] drop stale event: 798,96|2876 last: 798,96|6927
07-12 15:53:12.735  3581  3581 W n       : [0] drop stale event: 798,96|2975 last: 798,96|6927
07-12 15:53:12.736  3581  3581 W n       : [0] drop stale event: 798,96|2976 last: 798,96|6927
07-12 15:53:12.835  3581  3581 W n       : [0] drop stale event: 798,96|3075 last: 798,96|6927
07-12 15:53:12.837  3581  3581 W n       : [0] drop stale event: 798,96|3077 last: 798,96|6927
07-12 15:53:12.935  3581  3581 W n       : [0] drop stale event: 798,96|3175 last: 798,96|6927
07-12 15:53:12.938  3581  3581 W n       : [0] drop stale event: 798,96|3178 last: 798,96|6927
07-12 15:53:13.035  3581  3581 W n       : [0] drop stale event: 798,96|3275 last: 798,96|6927
07-12 15:53:13.039  3581  3581 W n       : [0] drop stale event: 798,96|3279 last: 798,96|6927
07-12 15:53:13.139  3581  3581 W n       : [0] drop stale event: 798,96|3379 last: 798,96|6927
07-12 15:53:13.139  3581  3581 W n       : [0] drop stale event: 798,96|3379 last: 798,96|6927
07-12 15:53:13.240  3581  3581 W n       : [0] drop stale event: 798,96|3480 last: 798,96|6927
07-12 15:53:13.240  3581  3581 W n       : [0] drop stale event: 798,96|3480 last: 798,96|6927
07-12 15:53:13.340  3581  3581 W n       : [0] drop stale event: 798,96|3580 last: 798,96|6927
07-12 15:53:13.341  3581  3581 W n       : [0] drop stale event: 798,96|3581 last: 798,96|6927
07-12 15:53:13.444  3581  3581 W n       : [0] drop stale event: 798,96|3684 last: 798,96|6927
07-12 15:53:13.444  3581  3581 W n       : [0] drop stale event: 798,96|3684 last: 798,96|6927
07-12 15:53:13.458  3581  5381 W VibeKeyProfiler: Slow Native Suggest: Total=18.28ms | Init=0.41ms | TrieExpand(x14)=17.81ms | Scoring=0.07ms | inputSize=4
07-12 15:53:13.463  3581  5381 I VkSuggestions: decode typedLen=4 candidates=18 locales=2 26,1ms
07-12 15:53:13.464  3581  5381 W VkSuggestions: slow frame 26,1ms locales=2 typedLen=4 candidates=18 parallelWait=25,9ms
07-12 15:53:13.470  3581  5381 I VkSuggestions: strip composing typedLen=4 candidates=18 autocorrect=false top=Jorg locale=it
07-12 15:53:13.544  3581  3581 W n       : [0] drop stale event: 798,96|3785 last: 798,96|6927
07-12 15:53:13.545  3581  3581 W n       : [0] drop stale event: 798,96|3785 last: 798,96|6927
07-12 15:53:13.735  3581  3581 W VkStall : MAIN-THREAD STALL 129ms during: >>>>> Dispatching to Handler (s8.u0) {42270d6} null: 1
07-12 15:53:13.741  3581  3581 W n       : [0] drop stale event: 798,96|3981 last: 798,96|6927
07-12 15:53:13.741  3581  3581 W n       : [0] drop stale event: 798,96|3982 last: 798,96|6927
07-12 15:53:13.837  3581  5381 I VkSuggestions: strip prediction typedLen=0 candidates=4 autocorrect=false top=O hoffman locale=it
07-12 15:53:13.852  3581  3581 W n       : [0] drop stale event: 798,96|4092 last: 798,96|6927
07-12 15:53:13.852  3581  3581 W n       : [0] drop stale event: 798,96|4093 last: 798,96|6927
07-12 15:53:13.952  3581  3581 W n       : [0] drop stale event: 798,96|4193 last: 798,96|6927
07-12 15:53:13.953  3581  3581 W n       : [0] drop stale event: 798,96|4193 last: 798,96|6927
07-12 15:53:14.054  3581  3581 W n       : [0] drop stale event: 798,96|4294 last: 798,96|6927
07-12 15:53:14.054  3581  3581 W n       : [0] drop stale event: 798,96|4295 last: 798,96|6927
07-12 15:53:14.155  3581  3581 W n       : [0] drop stale event: 798,96|74 last: 798,96|6927
07-12 15:53:14.156  3581  3581 W n       : [0] drop stale event: 798,96|75 last: 798,96|6927
07-12 15:53:14.269  3581  5381 I VkSuggestions: decode typedLen=1 candidates=18 locales=2 12,4ms
07-12 15:53:14.269  3581  5381 I VkSuggestions: strip composing typedLen=1 candidates=19 autocorrect=false top=j locale=it
07-12 15:53:14.274  3581  3581 W n       : [0] drop stale event: 798,96|17 last: 798,96|6927
07-12 15:53:14.274  3581  3581 W n       : [0] drop stale event: 798,96|18 last: 798,96|6927
07-12 15:53:14.375  3581  3581 W n       : [0] drop stale event: 798,96|119 last: 798,96|6927
