06-02 14:21:53.855  2945  2945 W View    : requestLayout() improperly called by helium314.keyboard.latin.panels.BrowserPanelView{7b5f782 V.E...... ........ 0,0-1440,2040} during second layout pass: posting in next frame
06-02 14:21:53.867  2945  2945 W View    : requestLayout() improperly called by helium314.keyboard.latin.panels.BrowserPanelView{7b5f782 V.E...... ......I. 0,0-1440,2040} during layout: running second layout pass
06-02 14:21:53.872  2945  2945 W View    : requestLayout() improperly called by helium314.keyboard.latin.panels.BrowserPanelView{7b5f782 V.E...... ......ID 0,0-1440,2040} during second layout pass: posting in next frame
06-02 14:21:53.885  2945  2945 W View    : requestLayout() improperly called by helium314.keyboard.latin.panels.BrowserPanelView{7b5f782 V.E...... ......ID 0,0-1440,2040} during layout: running second layout pass
06-02 14:21:53.890  2945  2945 W View    : requestLayout() improperly called by helium314.keyboard.latin.panels.BrowserPanelView{7b5f782 V.E...... ........ 0,0-1440,2040} during second layout pass: posting in next frame
06-02 14:21:53.909  2945  3023 E BLASTBufferQueue: BLASTBufferItemConsumer::onDisconnect()
06-02 14:21:53.911  2945  2945 W View    : requestLayout() improperly called by helium314.keyboard.latin.panels.BrowserPanelView{7b5f782 V.E...... ......ID 0,0-1440,2040} during layout: running second layout pass
06-02 14:21:53.920  2945  2945 W View    : requestLayout() improperly called by helium314.keyboard.latin.panels.BrowserPanelView{7b5f782 V.E...... ......ID 0,0-1440,2040} during second layout pass: posting in next frame
06-02 14:21:53.924  2945  3023 E BLASTBufferQueue: BLASTBufferItemConsumer::onDisconnect()
06-02 14:21:53.926  2945  2945 W View    : requestLayout() improperly called by helium314.keyboard.latin.panels.BrowserPanelView{7b5f782 V.E...... ......ID 0,0-1440,2040} during layout: running second layout pass
06-02 14:21:53.933  2945  2945 W View    : requestLayout() improperly called by helium314.keyboard.latin.panels.BrowserPanelView{7b5f782 V.E...... ........ 0,0-1440,2040} during second layout pass: posting in next frame
06-02 14:21:53.937  2945  2945 W View    : requestLayout() improperly called by helium314.keyboard.latin.panels.BrowserPanelView{7b5f782 V.E...... ......ID 0,0-1440,2040} during layout: running second layout pass
06-02 14:21:53.942  2945  2945 W View    : requestLayout() improperly called by helium314.keyboard.latin.panels.BrowserPanelView{7b5f782 V.E...... ........ 0,0-1440,2040} during second layout pass: posting in next frame
06-02 14:21:53.950  2945  2945 W View    : requestLayout() improperly called by helium314.keyboard.latin.panels.BrowserPanelView{7b5f782 V.E...... ......I. 0,0-1440,2040} during layout: running second layout pass
06-02 14:21:53.954  2945  2945 W View    : requestLayout() improperly called by helium314.keyboard.latin.panels.BrowserPanelView{7b5f782 V.E...... ........ 0,0-1440,2040} during second layout pass: posting in next frame
06-02 14:21:53.966  2945  2945 W View    : requestLayout() improperly called by helium314.keyboard.latin.panels.BrowserPanelView{7b5f782 V.E...... ......I. 0,0-1440,2040} during layout: running second layout pass
06-02 14:21:53.971  2945  2945 W View    : requestLayout() improperly called by helium314.keyboard.latin.panels.BrowserPanelView{7b5f782 V.E...... ........ 0,0-1440,2040} during second layout pass: posting in next frame
06-02 14:21:53.980  3982  4030 W Isolated Web Content: [JavaScript Warning: "Content-Security-Policy: Ignoring “'report-sample'” within script-src: ‘strict-dynamic’ specified" {file: "https://www.google.com/" line: 0}]
06-02 14:21:53.980  3982  4030 W Isolated Web Content: [JavaScript Warning: "Content-Security-Policy: Ignoring “'unsafe-inline'” within script-src: ‘strict-dynamic’ specified" {file: "https://www.google.com/" line: 0}]
06-02 14:21:53.980  3982  4030 W Isolated Web Content: [JavaScript Warning: "Content-Security-Policy: Ignoring “https:” within script-src: ‘strict-dynamic’ specified" {file: "https://www.google.com/" line: 0}]
06-02 14:21:53.980  3982  4030 W Isolated Web Content: [JavaScript Warning: "Content-Security-Policy: Ignoring “http:” within script-src: ‘strict-dynamic’ specified" {file: "https://www.google.com/" line: 0}]
06-02 14:21:53.980  3982  4030 W Isolated Web Content: [JavaScript Warning: "Content-Security-Policy: Ignoring “'unsafe-inline'” within script-src: nonce-source or hash-source specified" {file: "https://www.google.com/" line: 0}]
06-02 14:21:53.984  2945  2945 W View    : requestLayout() improperly called by helium314.keyboard.latin.panels.BrowserPanelView{7b5f782 V.E...... ......I. 0,0-1440,2040} during layout: running second layout pass
06-02 14:21:53.988  2945  2945 W View    : requestLayout() improperly called by helium314.keyboard.latin.panels.BrowserPanelView{7b5f782 V.E...... ........ 0,0-1440,2040} during second layout pass: posting in next frame
06-02 14:21:54.001  2945  2945 W View    : requestLayout() improperly called by helium314.keyboard.latin.panels.BrowserPanelView{7b5f782 V.E...... ......I. 0,0-1440,2040} during layout: running second layout pass
06-02 14:21:54.004  2945  2945 W View    : requestLayout() improperly called by helium314.keyboard.latin.panels.BrowserPanelView{7b5f782 V.E...... ........ 0,0-1440,2040} during second layout pass: posting in next frame
06-02 14:21:54.013  3982  4030 W Isolated Web Content: [JavaScript Warning: "Empty string passed to getElementById()." {file: "https://www.google.com/" line: 65}]
06-02 14:21:54.016  2945  2945 W View    : requestLayout() improperly called by helium314.keyboard.latin.panels.BrowserPanelView{7b5f782 V.E...... ......I. 0,0-1440,2040} during layout: running second layout pass
06-02 14:21:54.019  2945  2945 W View    : requestLayout() improperly called by helium314.keyboard.latin.panels.BrowserPanelView{7b5f782 V.E...... ........ 0,0-1440,2040} during second layout pass: posting in next frame
06-02 14:21:54.033  2945  2945 W View    : requestLayout() improperly called by helium314.keyboard.latin.panels.BrowserPanelView{7b5f782 V.E...... ......I. 0,0-1440,2040} during layout: running second layout pass
06-02 14:21:54.036  2945  2945 W View    : requestLayout() improperly called by helium314.keyboard.latin.panels.BrowserPanelView{7b5f782 V.E...... ........ 0,0-1440,2040} during second layout pass: posting in next frame
06-02 14:21:54.050  2945  2945 W View    : requestLayout() improperly called by helium314.keyboard.latin.panels.BrowserPanelView{7b5f782 V.E...... ......I. 0,0-1440,2040} during layout: running second layout pass
06-02 14:21:54.054  2945  2945 W View    : requestLayout() improperly called by helium314.keyboard.latin.panels.BrowserPanelView{7b5f782 V.E...... .......D 0,0-1440,2040} during second layout pass: posting in next frame
06-02 14:21:54.068  2945  2945 W View    : requestLayout() improperly called by helium314.keyboard.latin.panels.BrowserPanelView{7b5f782 V.E...... ......ID 0,0-1440,2040} during layout: running second layout pass
06-02 14:21:54.071  2945  2945 W View    : requestLayout() improperly called by helium314.keyboard.latin.panels.BrowserPanelView{7b5f782 V.E...... ........ 0,0-1440,2040} during second layout pass: posting in next frame
06-02 14:21:54.083  2945  2945 W View    : requestLayout() improperly called by helium314.keyboard.latin.panels.BrowserPanelView{7b5f782 V.E...... ......ID 0,0-1440,2040} during layout: running second layout pass
06-02 14:21:54.088  2945  2945 W View    : requestLayout() improperly called by helium314.keyboard.latin.panels.BrowserPanelView{7b5f782 V.E...... ........ 0,0-1440,2040} during second layout pass: posting in next frame
06-02 14:21:54.101  2945  2945 W View    : requestLayout() improperly called by helium314.keyboard.latin.panels.BrowserPanelView{7b5f782 V.E...... ......ID 0,0-1440,2040} during layout: running second layout pass
06-02 14:21:54.105  2945  2945 W View    : requestLayout() improperly called by helium314.keyboard.latin.panels.BrowserPanelView{7b5f782 V.E...... ......ID 0,0-1440,2040} during second layout pass: posting in next frame
06-02 14:21:54.092  2945  2945 W com.vibekey.keyboard: type=1400 audit(0.0:49986): avc: denied { nlmsg_readpriv } for comm=536F636B657420546872656164 scontext=u:r:untrusted_app:s0:c51,c271,c512,c768 tcontext=u:r:untrusted_app:s0:c51,c271,c512,c768 tclass=netlink_route_socket permissive=0 bug=b/155595000 app=com.vibekey.keyboard
06-02 14:21:54.126  2945  2960 E BLASTBufferQueue: BLASTBufferItemConsumer::onDisconnect()
06-02 14:21:54.127  2945  2945 W View    : requestLayout() improperly called by helium314.keyboard.latin.panels.BrowserPanelView{7b5f782 V.E...... ......ID 0,0-1440,2040} during layout: running second layout pass
06-02 14:21:54.133  2945  2945 W View    : requestLayout() improperly called by helium314.keyboard.latin.panels.BrowserPanelView{7b5f782 V.E...... ........ 0,0-1440,2040} during second layout pass: posting in next frame
06-02 14:21:54.136  2945  2945 W View    : requestLayout() improperly called by helium314.keyboard.latin.panels.BrowserPanelView{7b5f782 V.E...... ......ID 0,0-1440,2040} during layout: running second layout pass
06-02 14:21:54.149  2945  2945 W View    : requestLayout() improperly called by helium314.keyboard.latin.panels.BrowserPanelView{7b5f782 V.E...... ........ 0,0-1440,2040} during second layout pass: posting in next frame
06-02 14:21:54.152  2945  2945 W View    : requestLayout() improperly called by helium314.keyboard.latin.panels.BrowserPanelView{7b5f782 V.E...... ......ID 0,0-1440,2040} during layout: running second layout pass
06-02 14:21:54.167  2945  2945 W View    : requestLayout() improperly called by helium314.keyboard.latin.panels.BrowserPanelView{7b5f782 V.E...... ........ 0,0-1440,2040} during second layout pass: posting in next frame
06-02 14:21:54.168  2945  2945 W View    : requestLayout() improperly called by helium314.keyboard.latin.panels.BrowserPanelView{7b5f782 V.E...... ......ID 0,0-1440,2040} during layout: running second layout pass
06-02 14:21:54.184  2945  2945 W View    : requestLayout() improperly called by helium314.keyboard.latin.panels.BrowserPanelView{7b5f782 V.E...... ........ 0,0-1440,2040} during second layout pass: posting in next frame
06-02 14:21:54.186  2945  2945 W View    : requestLayout() improperly called by helium314.keyboard.latin.panels.BrowserPanelView{7b5f782 V.E...... ......ID 0,0-1440,2040} during layout: running second layout pass
06-02 14:21:54.190  2945  2945 W View    : requestLayout() improperly called by helium314.keyboard.latin.panels.BrowserPanelView{7b5f782 V.E...... ........ 0,0-1440,2040} during second layout pass: posting in next frame
06-02 14:21:54.200  2945  2945 W View    : requestLayout() improperly called by helium314.keyboard.latin.panels.BrowserPanelView{7b5f782 V.E...... ......I. 0,0-1440,2040} during layout: running second layout pass
06-02 14:21:54.208  2945  3627 E BLASTBufferQueue: BLASTBufferItemConsumer::onDisconnect()
06-02 14:21:54.237  2945  2945 W View    : requestLayout() improperly called by helium314.keyboard.latin.panels.BrowserPanelView{7b5f782 G.E...... ......ID 0,0-1440,2040} during second layout pass: posting in next frame
06-02 14:21:54.247  2945  2945 E GeckoView: Failed to detach WindowInsetsListener: 
06-02 14:21:54.247  2945  2945 E GeckoView: java.lang.NullPointerException: Attempt to invoke virtual method 'android.view.Window android.app.Activity.getWindow()' on a null object reference
06-02 14:21:54.247  2945  2945 E GeckoView: 	at org.mozilla.geckoview.GeckoView.detachWindowInsetsListener(r8-map-id-85bb38a905de45152437ca334b351eb80adb24a621cdd65ea75e25d63ae7e63c:1)
06-02 14:21:54.247  2945  2945 E GeckoView: 	at org.mozilla.geckoview.GeckoView.onDetachedFromWindow(r8-map-id-85bb38a905de45152437ca334b351eb80adb24a621cdd65ea75e25d63ae7e63c:25)
06-02 14:21:54.247  2945  2945 E GeckoView: 	at android.view.View.dispatchDetachedFromWindow(View.java:20955)
06-02 14:21:54.247  2945  2945 E GeckoView: 	at android.view.ViewGroup.dispatchDetachedFromWindow(ViewGroup.java:4014)
06-02 14:21:54.247  2945  2945 E GeckoView: 	at android.view.ViewGroup.removeViewInternal(ViewGroup.java:5660)
06-02 14:21:54.247  2945  2945 E GeckoView: 	at android.view.ViewGroup.removeViewInternal(ViewGroup.java:5631)
06-02 14:21:54.247  2945  2945 E GeckoView: 	at android.view.ViewGroup.removeView(ViewGroup.java:5562)
06-02 14:21:54.247  2945  2945 E GeckoView: 	at t3.m.run(r8-map-id-85bb38a905de45152437ca334b351eb80adb24a621cdd65ea75e25d63ae7e63c:29)
06-02 14:21:54.247  2945  2945 E GeckoView: 	at android.os.Handler.handleCallback(Handler.java:938)
06-02 14:21:54.247  2945  2945 E GeckoView: 	at android.os.Handler.dispatchMessage(Handler.java:99)
06-02 14:21:54.247  2945  2945 E GeckoView: 	at android.os.Looper.loopOnce(Looper.java:233)
06-02 14:21:54.247  2945  2945 E GeckoView: 	at android.os.Looper.loop(Looper.java:344)
06-02 14:21:54.247  2945  2945 E GeckoView: 	at android.app.ActivityThread.main(ActivityThread.java:8212)
06-02 14:21:54.247  2945  2945 E GeckoView: 	at java.lang.reflect.Method.invoke(Native Method)
06-02 14:21:54.247  2945  2945 E GeckoView: 	at com.android.internal.os.RuntimeInit$MethodAndArgsCaller.run(RuntimeInit.java:584)
06-02 14:21:54.247  2945  2945 E GeckoView: 	at com.android.internal.os.ZygoteInit.main(ZygoteInit.java:1034)
06-02 14:21:54.249  2945  2945 W View    : requestLayout() improperly called by helium314.keyboard.latin.panels.BrowserPanelView{7b5f782 G.E...... ......ID 0,0-1440,2040} during second layout pass: posting in next frame
06-02 14:21:54.260  2945  3193 E GeckoConsole: [JavaScript Error: "TypeError: can't access property "WindowEventDispatcher", win is null" {file: "resource://gre/modules/GeckoViewSessionStore.sys.mjs" line: 149}]
06-02 14:21:54.260  2945  3193 E GeckoConsole: onTabStateUpdate@resource://gre/modules/GeckoViewSessionStore.sys.mjs:149:5
06-02 14:21:54.260  2945  3193 E GeckoConsole: updateSessionStoreFromTabListener@resource://gre/modules/GeckoViewSessionStore.sys.mjs:243:10
06-02 14:21:54.260  2945  3193 E GeckoConsole: SSF_updateSessionStore@resource://gre/modules/SessionStoreFunctions.sys.mjs:46:27
06-02 14:21:54.260  2945  3193 E GeckoConsole: UpdateSessionStore@resource://gre/modules/SessionStoreFunctions.sys.mjs:16:46
06-02 14:21:54.261  2945  3193 E GeckoConsole: [JavaScript Error: "TypeError: can't access property "WindowEventDispatcher", win is null" {file: "resource://gre/modules/GeckoViewSessionStore.sys.mjs" line: 149}]
06-02 14:21:54.261  2945  3193 E GeckoConsole: onTabStateUpdate@resource://gre/modules/GeckoViewSessionStore.sys.mjs:149:5
06-02 14:21:54.261  2945  3193 E GeckoConsole: updateSessionStoreFromTabListener@resource://gre/modules/GeckoViewSessionStore.sys.mjs:243:10
06-02 14:21:54.261  2945  3193 E GeckoConsole: SSF_updateSessionStore@resource://gre/modules/SessionStoreFunctions.sys.mjs:46:27
06-02 14:21:54.261  2945  3193 E GeckoConsole: UpdateSessionStore@resource://gre/modules/SessionStoreFunctions.sys.mjs:16:46
06-02 14:21:54.633  4137  4137 E .keyboard:tab3: Unknown bits set in runtime_flags: 0x40000000
06-02 14:21:54.693  4137  4166 E GeckoLibLoad: Load sqlite start
06-02 14:21:54.696  4137  4166 E GeckoLibLoad: Load sqlite done
06-02 14:21:54.696  4137  4166 E GeckoLibLoad: Load nss start
06-02 14:21:54.696  4137  4166 E GeckoLibLoad: Load nss done
06-02 14:21:54.722  4137  4166 E GeckoLibLoad: Loaded libs in 25.153802ms total, 6ms(10ms) user, 13ms(10ms) system, 0(0) faults
06-02 14:21:54.722  4137  4166 W GeckoThread: zerdatime 101357583 - runGecko
06-02 14:21:54.870  2945  2945 E GeckoView: Failed to attach WindowInsetsListener: 
06-02 14:21:54.870  2945  2945 E GeckoView: java.lang.NullPointerException: Attempt to invoke virtual method 'android.view.Window android.app.Activity.getWindow()' on a null object reference
06-02 14:21:54.870  2945  2945 E GeckoView: 	at org.mozilla.geckoview.GeckoView.attachWindowInsetsListener(r8-map-id-85bb38a905de45152437ca334b351eb80adb24a621cdd65ea75e25d63ae7e63c:1)
06-02 14:21:54.870  2945  2945 E GeckoView: 	at org.mozilla.geckoview.GeckoView.onAttachedToWindow(r8-map-id-85bb38a905de45152437ca334b351eb80adb24a621cdd65ea75e25d63ae7e63c:49)
06-02 14:21:54.870  2945  2945 E GeckoView: 	at android.view.View.dispatchAttachedToWindow(View.java:20900)
06-02 14:21:54.870  2945  2945 E GeckoView: 	at android.view.ViewGroup.dispatchAttachedToWindow(ViewGroup.java:3539)
06-02 14:21:54.870  2945  2945 E GeckoView: 	at android.view.ViewGroup.addViewInner(ViewGroup.java:5378)
06-02 14:21:54.870  2945  2945 E GeckoView: 	at android.view.ViewGroup.addView(ViewGroup.java:5156)
06-02 14:21:54.870  2945  2945 E GeckoView: 	at android.view.ViewGroup.addView(ViewGroup.java:5096)
06-02 14:21:54.870  2945  2945 E GeckoView: 	at helium314.keyboard.latin.panels.BrowserPanelView.V(r8-map-id-85bb38a905de45152437ca334b351eb80adb24a621cdd65ea75e25d63ae7e63c:259)
06-02 14:21:54.870  2945  2945 E GeckoView: 	at helium314.keyboard.latin.panels.BrowserPanelView.E0(r8-map-id-85bb38a905de45152437ca334b351eb80adb24a621cdd65ea75e25d63ae7e63c:64)
06-02 14:21:54.870  2945  2945 E GeckoView: 	at c5.t.run(r8-map-id-85bb38a905de45152437ca334b351eb80adb24a621cdd65ea75e25d63ae7e63c:622)
06-02 14:21:54.870  2945  2945 E GeckoView: 	at g7.y.onGlobalLayout(r8-map-id-85bb38a905de45152437ca334b351eb80adb24a621cdd65ea75e25d63ae7e63c:8)
06-02 14:21:54.870  2945  2945 E GeckoView: 	at android.view.ViewTreeObserver.dispatchOnGlobalLayout(ViewTreeObserver.java:1061)
06-02 14:21:54.870  2945  2945 E GeckoView: 	at android.view.ViewRootImpl.performTraversals(ViewRootImpl.java:3407)
06-02 14:21:54.870  2945  2945 E GeckoView: 	at android.view.ViewRootImpl.doTraversal(ViewRootImpl.java:2305)
06-02 14:21:54.870  2945  2945 E GeckoView: 	at android.view.ViewRootImpl$TraversalRunnable.run(ViewRootImpl.java:9133)
06-02 14:21:54.870  2945  2945 E GeckoView: 	at android.view.Choreographer$CallbackRecord.run(Choreographer.java:1232)
06-02 14:21:54.870  2945  2945 E GeckoView: 	at android.view.Choreographer.doCallbacks(Choreographer.java:1029)
06-02 14:21:54.870  2945  2945 E GeckoView: 	at android.view.Choreographer.doFrame(Choreographer.java:934)
06-02 14:21:54.870  2945  2945 E GeckoView: 	at android.view.Choreographer$FrameDisplayEventReceiver.run(Choreographer.java:1217)
06-02 14:21:54.870  2945  2945 E GeckoView: 	at android.os.Handler.handleCallback(Handler.java:938)
06-02 14:21:54.870  2945  2945 E GeckoView: 	at android.os.Handler.dispatchMessage(Handler.java:99)
06-02 14:21:54.870  2945  2945 E GeckoView: 	at android.os.Looper.loopOnce(Looper.java:233)
06-02 14:21:54.870  2945  2945 E GeckoView: 	at android.os.Looper.loop(Looper.java:344)
06-02 14:21:54.870  2945  2945 E GeckoView: 	at android.app.ActivityThread.main(ActivityThread.java:8212)
06-02 14:21:54.870  2945  2945 E GeckoView: 	at java.lang.reflect.Method.invoke(Native Method)
06-02 14:21:54.870  2945  2945 E GeckoView: 	at com.android.internal.os.RuntimeInit$MethodAndArgsCaller.run(RuntimeInit.java:584)
06-02 14:21:54.870  2945  2945 E GeckoView: 	at com.android.internal.os.ZygoteInit.main(ZygoteInit.java:1034)
06-02 14:21:54.887  2945  2945 W View    : requestLayout() improperly called by helium314.keyboard.latin.panels.BrowserPanelView{7b5f782 V.E...... ......ID 0,0-1440,2040} during layout: running second layout pass
06-02 14:21:54.908  2945  2945 W View    : requestLayout() improperly called by helium314.keyboard.latin.panels.BrowserPanelView{7b5f782 V.E...... ......ID 0,0-1440,2040} during layout: running second layout pass
06-02 14:21:54.911  3244  3306 W GeckoEditableChild: No editable parent
06-02 14:21:54.912  2945  2945 W View    : requestLayout() improperly called by helium314.keyboard.latin.panels.BrowserPanelView{7b5f782 V.E...... ......I. 0,0-1440,2040} during second layout pass: posting in next frame
06-02 14:21:54.915  2945  2945 W View    : requestLayout() improperly called by helium314.keyboard.latin.panels.BrowserPanelView{7b5f782 V.E...... ......ID 0,0-1440,2040} during layout: running second layout pass
06-02 14:21:54.920  2945  2945 W View    : requestLayout() improperly called by helium314.keyboard.latin.panels.BrowserPanelView{7b5f782 V.E...... ......ID 0,0-1440,2040} during second layout pass: posting in next frame
06-02 14:21:54.921  2945  2945 W View    : requestLayout() improperly called by helium314.keyboard.latin.panels.BrowserPanelView{7b5f782 V.E...... ......ID 0,0-1440,2040} during layout: running second layout pass
06-02 14:21:54.930  2945  2945 W View    : requestLayout() improperly called by helium314.keyboard.latin.panels.BrowserPanelView{7b5f782 V.E...... ......ID 0,0-1440,2040} during second layout pass: posting in next frame
06-02 14:21:54.936  2945  3627 E BLASTBufferQueue: BLASTBufferItemConsumer::onDisconnect()
06-02 14:21:54.937  2945  2945 W View    : requestLayout() improperly called by helium314.keyboard.latin.panels.BrowserPanelView{7b5f782 V.E...... ......ID 0,0-1440,2040} during layout: running second layout pass
06-02 14:21:54.942  2945  2945 W View    : requestLayout() improperly called by helium314.keyboard.latin.panels.BrowserPanelView{7b5f782 V.E...... ......ID 0,0-1440,2040} during second layout pass: posting in next frame
06-02 14:21:54.952  2945  2945 W View    : requestLayout() improperly called by helium314.keyboard.latin.panels.BrowserPanelView{7b5f782 V.E...... ......ID 0,0-1440,2040} during layout: running second layout pass
06-02 14:21:54.958  2945  2945 W View    : requestLayout() improperly called by helium314.keyboard.latin.panels.BrowserPanelView{7b5f782 V.E...... ........ 0,0-1440,2040} during second layout pass: posting in next frame
06-02 14:21:54.968  2945  2945 W View    : requestLayout() improperly called by helium314.keyboard.latin.panels.BrowserPanelView{7b5f782 V.E...... ......I. 0,0-1440,2040} during layout: running second layout pass
06-02 14:21:54.974  2945  2945 W View    : requestLayout() improperly called by helium314.keyboard.latin.panels.BrowserPanelView{7b5f782 V.E...... ........ 0,0-1440,2040} during second layout pass: posting in next frame
06-02 14:21:54.986  2945  2945 W View    : requestLayout() improperly called by helium314.keyboard.latin.panels.BrowserPanelView{7b5f782 V.E...... ......I. 0,0-1440,2040} during layout: running second layout pass
06-02 14:21:54.991  2945  2945 W View    : requestLayout() improperly called by helium314.keyboard.latin.panels.BrowserPanelView{7b5f782 V.E...... ........ 0,0-1440,2040} during second layout pass: posting in next frame
06-02 14:21:55.003  2945  2945 W View    : requestLayout() improperly called by helium314.keyboard.latin.panels.BrowserPanelView{7b5f782 V.E...... ......I. 0,0-1440,2040} during layout: running second layout pass
06-02 14:21:55.008  2945  2945 W View    : requestLayout() improperly called by helium314.keyboard.latin.panels.BrowserPanelView{7b5f782 V.E...... ........ 0,0-1440,2040} during second layout pass: posting in next frame
06-02 14:21:55.018  2945  2945 W View    : requestLayout() improperly called by helium314.keyboard.latin.panels.BrowserPanelView{7b5f782 V.E...... ......I. 0,0-1440,2040} during layout: running second layout pass
06-02 14:21:55.026  2945  2945 W View    : requestLayout() improperly called by helium314.keyboard.latin.panels.BrowserPanelView{7b5f782 V.E...... ........ 0,0-1440,2040} during second layout pass: posting in next frame
06-02 14:21:55.035  2945  2945 W View    : requestLayout() improperly called by helium314.keyboard.latin.panels.BrowserPanelView{7b5f782 V.E...... ......ID 0,0-1440,2040} during layout: running second layout pass
06-02 14:21:55.041  2945  2945 W View    : requestLayout() improperly called by helium314.keyboard.latin.panels.BrowserPanelView{7b5f782 V.E...... ........ 0,0-1440,2040} during second layout pass: posting in next frame
06-02 14:21:55.048  4137  4166 W Isolated Web Content: [JavaScript Warning: "Content-Security-Policy: Ignoring “'report-sample'” within script-src: ‘strict-dynamic’ specified" {file: "https://www.google.com/" line: 0}]
06-02 14:21:55.048  4137  4166 W Isolated Web Content: [JavaScript Warning: "Content-Security-Policy: Ignoring “'unsafe-inline'” within script-src: ‘strict-dynamic’ specified" {file: "https://www.google.com/" line: 0}]
06-02 14:21:55.048  4137  4166 W Isolated Web Content: [JavaScript Warning: "Content-Security-Policy: Ignoring “https:” within script-src: ‘strict-dynamic’ specified" {file: "https://www.google.com/" line: 0}]
06-02 14:21:55.048  4137  4166 W Isolated Web Content: [JavaScript Warning: "Content-Security-Policy: Ignoring “http:” within script-src: ‘strict-dynamic’ specified" {file: "https://www.google.com/" line: 0}]
06-02 14:21:55.048  4137  4166 W Isolated Web Content: [JavaScript Warning: "Content-Security-Policy: Ignoring “'unsafe-inline'” within script-src: nonce-source or hash-source specified" {file: "https://www.google.com/" line: 0}]
06-02 14:21:55.049  4137  4166 W GeckoEditableChild: No editable parent
06-02 14:21:55.051  2945  2945 W View    : requestLayout() improperly called by helium314.keyboard.latin.panels.BrowserPanelView{7b5f782 V.E...... ......I. 0,0-1440,2040} during layout: running second layout pass
06-02 14:21:55.056  2945  2945 W View    : requestLayout() improperly called by helium314.keyboard.latin.panels.BrowserPanelView{7b5f782 V.E...... ........ 0,0-1440,2040} during second layout pass: posting in next frame
06-02 14:21:55.068  2945  2945 W View    : requestLayout() improperly called by helium314.keyboard.latin.panels.BrowserPanelView{7b5f782 V.E...... ......I. 0,0-1440,2040} during layout: running second layout pass
06-02 14:21:55.074  2945  2945 W View    : requestLayout() improperly called by helium314.keyboard.latin.panels.BrowserPanelView{7b5f782 V.E...... ........ 0,0-1440,2040} during second layout pass: posting in next frame
06-02 14:21:55.074  4137  4166 W Isolated Web Content: [JavaScript Warning: "Empty string passed to getElementById()." {file: "https://www.google.com/" line: 65}]
06-02 14:21:55.085  2945  2945 W View    : requestLayout() improperly called by helium314.keyboard.latin.panels.BrowserPanelView{7b5f782 V.E...... ......I. 0,0-1440,2040} during layout: running second layout pass
06-02 14:21:55.091  2945  2945 W View    : requestLayout() improperly called by helium314.keyboard.latin.panels.BrowserPanelView{7b5f782 V.E...... ......ID 0,0-1440,2040} during second layout pass: posting in next frame
06-02 14:21:55.101  2945  2945 W View    : requestLayout() improperly called by helium314.keyboard.latin.panels.BrowserPanelView{7b5f782 V.E...... ......ID 0,0-1440,2040} during layout: running second layout pass
06-02 14:21:55.107  2945  2945 W View    : requestLayout() improperly called by helium314.keyboard.latin.panels.BrowserPanelView{7b5f782 V.E...... ........ 0,0-1440,2040} during second layout pass: posting in next frame
06-02 14:21:55.118  2945  2945 W View    : requestLayout() improperly called by helium314.keyboard.latin.panels.BrowserPanelView{7b5f782 V.E...... ......ID 0,0-1440,2040} during layout: running second layout pass
06-02 14:21:55.125  2945  2945 W View    : requestLayout() improperly called by helium314.keyboard.latin.panels.BrowserPanelView{7b5f782 V.E...... ........ 0,0-1440,2040} during second layout pass: posting in next frame
06-02 14:21:55.134  2945  2945 W View    : requestLayout() improperly called by helium314.keyboard.latin.panels.BrowserPanelView{7b5f782 V.E...... ......I. 0,0-1440,2040} during layout: running second layout pass
06-02 14:21:55.140  2945  2945 W View    : requestLayout() improperly called by helium314.keyboard.latin.panels.BrowserPanelView{7b5f782 V.E...... ........ 0,0-1440,2040} during second layout pass: posting in next frame
06-02 14:21:55.151  2945  2945 W View    : requestLayout() improperly called by helium314.keyboard.latin.panels.BrowserPanelView{7b5f782 V.E...... ......I. 0,0-1440,2040} during layout: running second layout pass
06-02 14:21:55.157  2945  2945 W View    : requestLayout() improperly called by helium314.keyboard.latin.panels.BrowserPanelView{7b5f782 V.E...... ......ID 0,0-1440,2040} during second layout pass: posting in next frame
06-02 14:21:55.175  2945  2959 E BLASTBufferQueue: BLASTBufferItemConsumer::onDisconnect()
06-02 14:21:55.176  2945  2945 W View    : requestLayout() improperly called by helium314.keyboard.latin.panels.BrowserPanelView{7b5f782 V.E...... ......ID 0,0-1440,2040} during layout: running second layout pass
06-02 14:21:55.181  2945  2945 W View    : requestLayout() improperly called by helium314.keyboard.latin.panels.BrowserPanelView{7b5f782 V.E...... ........ 0,0-1440,2040} during second layout pass: posting in next frame
06-02 14:21:55.185  2945  2945 W View    : requestLayout() improperly called by helium314.keyboard.latin.panels.BrowserPanelView{7b5f782 V.E...... ......I. 0,0-1440,2040} during layout: running second layout pass
06-02 14:21:55.191  2945  2945 W View    : requestLayout() improperly called by helium314.keyboard.latin.panels.BrowserPanelView{7b5f782 V.E...... ........ 0,0-1440,2040} during second layout pass: posting in next frame
06-02 14:21:55.201  2945  2945 W View    : requestLayout() improperly called by helium314.keyboard.latin.panels.BrowserPanelView{7b5f782 V.E...... ......I. 0,0-1440,2040} during layout: running second layout pass
06-02 14:21:55.207  2945  2945 W View    : requestLayout() improperly called by helium314.keyboard.latin.panels.BrowserPanelView{7b5f782 V.E...... ........ 0,0-1440,2040} during second layout pass: posting in next frame
06-02 14:21:55.218  2945  2945 W View    : requestLayout() improperly called by helium314.keyboard.latin.panels.BrowserPanelView{7b5f782 V.E...... ......I. 0,0-1440,2040} during layout: running second layout pass
06-02 14:21:55.224  2945  2945 W View    : requestLayout() improperly called by helium314.keyboard.latin.panels.BrowserPanelView{7b5f782 V.E...... ........ 0,0-1440,2040} during second layout pass: posting in next frame
06-02 14:21:55.235  2945  2945 W View    : requestLayout() improperly called by helium314.keyboard.latin.panels.BrowserPanelView{7b5f782 V.E...... ......I. 0,0-1440,2040} during layout: running second layout pass
06-02 14:21:55.241  2945  2945 W View    : requestLayout() improperly called by helium314.keyboard.latin.panels.BrowserPanelView{7b5f782 V.E...... ........ 0,0-1440,2040} during second layout pass: posting in next frame
06-02 14:21:55.252  2945  2945 W View    : requestLayout() improperly called by helium314.keyboard.latin.panels.BrowserPanelView{7b5f782 V.E...... ......I. 0,0-1440,2040} during layout: running second layout pass
06-02 14:21:55.257  2945  2945 W View    : requestLayout() improperly called by helium314.keyboard.latin.panels.BrowserPanelView{7b5f782 V.E...... ........ 0,0-1440,2040} during second layout pass: posting in next frame
06-02 14:21:55.268  2945  2945 W View    : requestLayout() improperly called by helium314.keyboard.latin.panels.BrowserPanelView{7b5f782 V.E...... ......I. 0,0-1440,2040} during layout: running second layout pass
06-02 14:21:55.274  2945  2945 W View    : requestLayout() improperly called by helium314.keyboard.latin.panels.BrowserPanelView{7b5f782 V.E...... ........ 0,0-1440,2040} during second layout pass: posting in next frame
06-02 14:21:55.262  2945  2945 W com.vibekey.keyboard: type=1400 audit(0.0:49987): avc: denied { nlmsg_readpriv } for comm=536F636B657420546872656164 scontext=u:r:untrusted_app:s0:c51,c271,c512,c768 tcontext=u:r:untrusted_app:s0:c51,c271,c512,c768 tclass=netlink_route_socket permissive=0 bug=b/155595000 app=com.vibekey.keyboard
06-02 14:21:55.285  2945  2945 W View    : requestLayout() improperly called by helium314.keyboard.latin.panels.BrowserPanelView{7b5f782 V.E...... ......I. 0,0-1440,2040} during layout: running second layout pass
06-02 14:21:55.291  2945  2945 W View    : requestLayout() improperly called by helium314.keyboard.latin.panels.BrowserPanelView{7b5f782 V.E...... ........ 0,0-1440,2040} during second layout pass: posting in next frame
06-02 14:21:55.302  2945  2945 W View    : requestLayout() improperly called by helium314.keyboard.latin.panels.BrowserPanelView{7b5f782 V.E...... ......I. 0,0-1440,2040} during layout: running second layout pass
06-02 14:21:55.308  2945  2945 W View    : requestLayout() improperly called by helium314.keyboard.latin.panels.BrowserPanelView{7b5f782 V.E...... ........ 0,0-1440,2040} during second layout pass: posting in next frame
06-02 14:21:55.311  4137  4166 W Isolated Web Content: [JavaScript Warning: "Empty string passed to getElementById()." {file: "https://www.google.com/xjs/_/js/k=xjs.hm.en.FrGEQgohjYs.2019.O/am=AAAAAAAAAAAAAAAAAAAAAAAAAAAAAAAAAAAAAAAAAAAAAAAAAAAAAAAAAAIAAgAAAAAgQAAAAAAAAAAAAAAAAAhAAAAAAAAAAAAAAAAAAAAAAIiAAAAAAAAAAAAAAAEABAAABAAAAAAAABgAQAAAEEACAAQAAwAAAAAAAAAAAAAAAAAAECACAAAABAAA4A8AjAAAAAAAAAAAAAAAAABIAAAAAAAAAAAAYAEAAEADAAAAEAACAAAAAAAAAAAAAAAAAABAAAAAAAAAAAAAAAABAAAAgAAAAAAIAAAAAAAAAAgAAAAAAACAAAAAAAAAAAAAAAAAEFAAAAAAEAAAAAAAAAAAAQAAAAAAAAAAAAAAAAAwAAAAAAEAAAAAAAAAAAAAAAAAADgAACAgAAAAAAAAgUAAgAAAAABAAuCBgCGaAgAAAAAAAAAAAAAAAAAAAA" line: 187}]
06-02 14:21:55.318  2945  2945 W View    : requestLayout() improperly called by helium314.keyboard.latin.panels.BrowserPanelView{7b5f782 V.E...... ......I. 0,0-1440,2040} during layout: running second layout pass
06-02 14:21:55.324  2945  2945 W View    : requestLayout() improperly called by helium314.keyboard.latin.panels.BrowserPanelView{7b5f782 V.E...... ........ 0,0-1440,2040} during second layout pass: posting in next frame
06-02 14:21:55.335  2945  2945 W View    : requestLayout() improperly called by helium314.keyboard.latin.panels.BrowserPanelView{7b5f782 V.E...... ......ID 0,0-1440,2040} during layout: running second layout pass
06-02 14:21:55.340  2945  2945 W View    : requestLayout() improperly called by helium314.keyboard.latin.panels.BrowserPanelView{7b5f782 V.E...... ........ 0,0-1440,2040} during second layout pass: posting in next frame
06-02 14:21:55.352  2945  2945 W View    : requestLayout() improperly called by helium314.keyboard.latin.panels.BrowserPanelView{7b5f782 V.E...... ......ID 0,0-1440,2040} during layout: running second layout pass
06-02 14:21:55.356  2945  2945 W View    : requestLayout() improperly called by helium314.keyboard.latin.panels.BrowserPanelView{7b5f782 V.E...... ........ 0,0-1440,2040} during second layout pass: posting in next frame
06-02 14:21:55.368  2945  2945 W View    : requestLayout() improperly called by helium314.keyboard.latin.panels.BrowserPanelView{7b5f782 V.E...... ......ID 0,0-1440,2040} during layout: running second layout pass
06-02 14:21:55.373  2945  2945 W View    : requestLayout() improperly called by helium314.keyboard.latin.panels.BrowserPanelView{7b5f782 V.E...... ........ 0,0-1440,2040} during second layout pass: posting in next frame
06-02 14:21:55.385  2945  2945 W View    : requestLayout() improperly called by helium314.keyboard.latin.panels.BrowserPanelView{7b5f782 V.E...... ......ID 0,0-1440,2040} during layout: running second layout pass
06-02 14:21:55.387  2945  2945 W View    : requestLayout() improperly called by helium314.keyboard.latin.panels.BrowserPanelView{7b5f782 V.E...... ........ 0,0-1440,2040} during second layout pass: posting in next frame
06-02 14:21:55.401  2945  2945 W View    : requestLayout() improperly called by helium314.keyboard.latin.panels.BrowserPanelView{7b5f782 V.E...... ......ID 0,0-1440,2040} during layout: running second layout pass
06-02 14:21:55.406  2945  2945 W View    : requestLayout() improperly called by helium314.keyboard.latin.panels.BrowserPanelView{7b5f782 V.E...... ........ 0,0-1440,2040} during second layout pass: posting in next frame
06-02 14:21:55.408  2945  2960 E BLASTBufferQueue: BLASTBufferItemConsumer::onDisconnect()
06-02 14:21:55.442  2945  2945 E GeckoView: Failed to detach WindowInsetsListener: 
06-02 14:21:55.442  2945  2945 E GeckoView: java.lang.NullPointerException: Attempt to invoke virtual method 'android.view.Window android.app.Activity.getWindow()' on a null object reference
06-02 14:21:55.442  2945  2945 E GeckoView: 	at org.mozilla.geckoview.GeckoView.detachWindowInsetsListener(r8-map-id-85bb38a905de45152437ca334b351eb80adb24a621cdd65ea75e25d63ae7e63c:1)
06-02 14:21:55.442  2945  2945 E GeckoView: 	at org.mozilla.geckoview.GeckoView.onDetachedFromWindow(r8-map-id-85bb38a905de45152437ca334b351eb80adb24a621cdd65ea75e25d63ae7e63c:25)
06-02 14:21:55.442  2945  2945 E GeckoView: 	at android.view.View.dispatchDetachedFromWindow(View.java:20955)
06-02 14:21:55.442  2945  2945 E GeckoView: 	at android.view.ViewGroup.dispatchDetachedFromWindow(ViewGroup.java:4014)
06-02 14:21:55.442  2945  2945 E GeckoView: 	at android.view.ViewGroup.removeViewInternal(ViewGroup.java:5660)
06-02 14:21:55.442  2945  2945 E GeckoView: 	at android.view.ViewGroup.removeViewInternal(ViewGroup.java:5631)
06-02 14:21:55.442  2945  2945 E GeckoView: 	at android.view.ViewGroup.removeView(ViewGroup.java:5562)
06-02 14:21:55.442  2945  2945 E GeckoView: 	at t3.m.run(r8-map-id-85bb38a905de45152437ca334b351eb80adb24a621cdd65ea75e25d63ae7e63c:29)
06-02 14:21:55.442  2945  2945 E GeckoView: 	at android.os.Handler.handleCallback(Handler.java:938)
06-02 14:21:55.442  2945  2945 E GeckoView: 	at android.os.Handler.dispatchMessage(Handler.java:99)
06-02 14:21:55.442  2945  2945 E GeckoView: 	at android.os.Looper.loopOnce(Looper.java:233)
06-02 14:21:55.442  2945  2945 E GeckoView: 	at android.os.Looper.loop(Looper.java:344)
06-02 14:21:55.442  2945  2945 E GeckoView: 	at android.app.ActivityThread.main(ActivityThread.java:8212)
06-02 14:21:55.442  2945  2945 E GeckoView: 	at java.lang.reflect.Method.invoke(Native Method)
06-02 14:21:55.442  2945  2945 E GeckoView: 	at com.android.internal.os.RuntimeInit$MethodAndArgsCaller.run(RuntimeInit.java:584)
06-02 14:21:55.442  2945  2945 E GeckoView: 	at com.android.internal.os.ZygoteInit.main(ZygoteInit.java:1034)
06-02 14:21:55.444  2945  2945 W View    : requestLayout() improperly called by helium314.keyboard.latin.panels.BrowserPanelView{7b5f782 G.E...... ......ID 0,0-1440,2040} during second layout pass: posting in next frame
06-02 14:21:55.467  2945  3193 E GeckoConsole: [JavaScript Error: "TypeError: can't access property "WindowEventDispatcher", win is null" {file: "resource://gre/modules/GeckoViewSessionStore.sys.mjs" line: 149}]
06-02 14:21:55.467  2945  3193 E GeckoConsole: onTabStateUpdate@resource://gre/modules/GeckoViewSessionStore.sys.mjs:149:5
06-02 14:21:55.467  2945  3193 E GeckoConsole: updateSessionStoreFromTabListener@resource://gre/modules/GeckoViewSessionStore.sys.mjs:243:10
06-02 14:21:55.467  2945  3193 E GeckoConsole: SSF_updateSessionStore@resource://gre/modules/SessionStoreFunctions.sys.mjs:46:27
06-02 14:21:55.467  2945  3193 E GeckoConsole: UpdateSessionStore@resource://gre/modules/SessionStoreFunctions.sys.mjs:16:46
06-02 14:21:55.469  2945  3193 E GeckoConsole: [JavaScript Error: "TypeError: can't access property "WindowEventDispatcher", win is null" {file: "resource://gre/modules/GeckoViewSessionStore.sys.mjs" line: 149}]
06-02 14:21:55.469  2945  3193 E GeckoConsole: onTabStateUpdate@resource://gre/modules/GeckoViewSessionStore.sys.mjs:149:5
06-02 14:21:55.469  2945  3193 E GeckoConsole: updateSessionStoreFromTabListener@resource://gre/modules/GeckoViewSessionStore.sys.mjs:243:10
06-02 14:21:55.469  2945  3193 E GeckoConsole: SSF_updateSessionStore@resource://gre/modules/SessionStoreFunctions.sys.mjs:46:27
06-02 14:21:55.469  2945  3193 E GeckoConsole: UpdateSessionStore@resource://gre/modules/SessionStoreFunctions.sys.mjs:16:46
06-02 14:21:56.068  4333  4333 E .keyboard:tab1: Unknown bits set in runtime_flags: 0x40000000
06-02 14:21:56.131  4333  4365 E GeckoLibLoad: Load sqlite start
06-02 14:21:56.132  4333  4365 E GeckoLibLoad: Load sqlite done
06-02 14:21:56.132  4333  4365 E GeckoLibLoad: Load nss start
06-02 14:21:56.132  4333  4365 E GeckoLibLoad: Load nss done
06-02 14:21:56.141  4333  4365 E GeckoLibLoad: Loaded libs in 9.395261ms total, 8ms(9ms) user, 0ms(0ms) system, 0(0) faults
06-02 14:21:56.142  4333  4365 W GeckoThread: zerdatime 101359003 - runGecko
06-02 14:21:57.327  2945  3657 W Ads     : Not retrying to fetch app settings
06-02 14:21:57.352  2945  2945 W Settings: Setting transition_animation_scale has moved from android.provider.Settings.System to android.provider.Settings.Global, returning read-only value.
06-02 14:21:57.358  2945  3665 W Ads     : Not retrying to fetch app settings
06-02 14:21:57.375  2945  3661 W Ads     : Not retrying to fetch app settings
06-02 14:21:57.653  2945  2945 W AdManager: Rewarded load failed tier=PRIMARY code=3 domain=com.google.android.gms.ads message=Publisher data not found. <https://support.google.com/admob/answer/9905175#9>
06-02 14:21:57.654  2945  2945 W AdManager: Interstitial ad failed to load: code=3 message=Publisher data not found. <https://support.google.com/admob/answer/9905175#9>
06-02 14:21:57.663  2945  3333 F libc    : Pointer tag for 0xffffffff was truncated, see 'https://source.android.com/devices/tech/debug/tagged-pointers'.
06-02 14:21:57.795  2945  2945 W AdManager: Native ad failed to load: code=3 message=Publisher data not found. <https://support.google.com/admob/answer/9905175#9>
06-02 14:21:57.885  4471  4471 E libcrashpad_handler_trampoline.so: createInstance(64bit) : createExtendedFactory
06-02 14:21:57.886  4471  4471 E libcrashpad_handler_trampoline.so: createInstance(64bit) : createExtendedFactory
06-02 14:21:57.886  4471  4471 E libcrashpad_handler_trampoline.so: Opened libinputextensionsimpl.so
06-02 14:21:57.886  4471  4471 E libcrashpad_handler_trampoline.so: Opened libinputextensionsimpl.so
06-02 14:21:57.887  4471  4471 E libcrashpad_handler_trampoline.so: createInstance(64bit) : createExtendedFactory
06-02 14:21:57.887  4471  4471 E libcrashpad_handler_trampoline.so: createInstance(64bit) : createExtendedFactory
06-02 14:21:57.887  4471  4471 E libcrashpad_handler_trampoline.so: Opened libsensorextimpl.so
06-02 14:21:57.887  4471  4471 E libcrashpad_handler_trampoline.so: Opened libsensorextimpl.so
06-02 14:21:57.944  4471  4471 E chromium: [0602/142157.944405:ERROR:third_party/crashpad/crashpad/util/process/process_memory_range.cc:75] read out of range
06-02 14:21:59.221  4491  4491 E ibekey.keyboar: Unknown bits set in runtime_flags: 0x40000000
06-02 14:21:59.546  4491  4491 W f0      : Could not load system glide typing library jni_latinimegoogle: dlopen failed: library "libjni_latinimegoogle.so" not found
06-02 14:21:59.805  4491  4491 W u       : No editor info for this field. Bug?
06-02 14:21:59.925  4491  4491 W ibekey.keyboar: ClassLoaderContext classpath size mismatch. expected=1, found=0 (DLC[];PCL[base.apk*4009363210]{PCL[/system/framework/org.apache.http.legacy.jar*3034548894]#PCL[/apex/com.android.extservices/javalib/android.ext.adservices.jar*3839736497]#PCL[/system/framework/com.android.location.provider.jar*3633238672]#PCL[/system/framework/com.android.media.remotedisplay.jar*3472798123]#PCL[/apex/com.android.extservices/javalib/android.ext.adservices.jar*3839736497]} | DLC[];PCL[])
06-02 14:21:59.952  4491  4491 W System  : ClassLoader referenced unknown path: 
06-02 14:21:59.962  4491  4491 W ibekey.keyboar: ClassLoaderContext classpath element checksum mismatch. expected=4009363210, found=860287709 (DLC[];PCL[base.apk*4009363210]{PCL[/system/framework/org.apache.http.legacy.jar*3034548894]#PCL[/apex/com.android.extservices/javalib/android.ext.adservices.jar*3839736497]#PCL[/system/framework/com.android.location.provider.jar*3633238672]#PCL[/system/framework/com.android.media.remotedisplay.jar*3472798123]#PCL[/apex/com.android.extservices/javalib/android.ext.adservices.jar*3839736497]} | DLC[];PCL[/data/app/~~o0IDpf5dZyI1QwCvAigHGA==/com.vibekey.keyboard-ND4J-sNbdy9txQXN6K2k8A==/base.apk*860287709]{PCL[/apex/com.android.extservices/javalib/android.ext.adservices.jar*3839736497]})
06-02 14:22:00.174  4491  4491 E ibekey.keyboar: ofbOpen failed with error=No such file or directory
06-02 14:22:00.175  4491  4491 E ibekey.keyboar: sysOpen failed with error=No such file or directory
06-02 14:22:00.202  4491  4571 W Ads     : Update ad debug logging enablement as false
06-02 14:22:00.232  4491  4491 E MultiApp.Impl: OplusMultiAppImpl
06-02 14:22:00.299  4491  4491 W libc    : Access denied finding property "ro.vendor.api_level"
06-02 14:22:00.301  4491  4491 W chromium: [WARNING:android_webview/browser/network_service/net_helpers.cc:137] HTTP Cache size is: 20971520
06-02 14:22:00.377  4491  4651 W libc    : Access denied finding property "vendor.camera.aux.packagelist"
06-02 14:22:00.378  4491  4651 W libc    : Access denied finding property "vendor.camera.aux.packagelist"
06-02 14:22:00.379  4491  4585 W libc    : Access denied finding property "vendor.camera.aux.packagelist"
06-02 14:22:00.387  4491  4491 E OplusCustomizeRestrictionManager: sInstance is null, start a new sInstance
06-02 14:22:00.649  4491  4612 W cr_media: BLUETOOTH_CONNECT permission is missing.
06-02 14:22:00.649  4491  4612 W cr_media: getBluetoothAdapter() requires BLUETOOTH permission
06-02 14:22:00.649  4491  4612 W cr_media: registerBluetoothIntentsIfNeeded: Requires BLUETOOTH permission
06-02 14:22:00.674  4491  4491 W View    : requestLayout() improperly called by android.widget.LinearLayout{9b87e55 V.E...... ......ID 0,1973-1440,2923 #7f0a011b app:id/main_keyboard_frame} during layout: running second layout pass
06-02 14:22:00.795  4491  4584 E BLASTBufferQueue: BLASTBufferItemConsumer::onDisconnect()
06-02 14:22:00.797  4491  4635 W AudioCapabilities: Unsupported mime audio/ffmpeg
06-02 14:22:00.798  4491  4635 W VideoCapabilities: Unsupported mime video/ffmpeg
06-02 14:22:00.798  4491  4635 W VideoCapabilities: Unrecognized profile/level 0/3 for video/mpeg2
06-02 14:22:00.798  4491  4635 W VideoCapabilities: Unrecognized profile/level 0/3 for video/mpeg2
06-02 14:22:00.864  4491  4699 W Settings: Setting animator_duration_scale has moved from android.provider.Settings.System to android.provider.Settings.Global, returning read-only global URI.
06-02 14:22:00.873  4491  4699 E GeckoLibLoad: Load sqlite start
06-02 14:22:00.877  4491  4699 E GeckoLibLoad: Load sqlite done
06-02 14:22:00.877  4491  4699 E GeckoLibLoad: Load nss start
06-02 14:22:00.877  4491  4699 E GeckoLibLoad: Load nss done
06-02 14:22:00.889  4491  4699 E GeckoLibLoad: Loaded libs in 11.287188ms total, 10ms(32ms) user, 0ms(0ms) system, 0(0) faults
06-02 14:22:00.889  4491  4699 W GeckoThread: zerdatime 101363750 - runGecko
06-02 14:22:00.932  4491  4491 W com.vibekey.keyboard: type=1400 audit(0.0:49991): avc: denied { bind } for comm=4E65746C696E6B204D6F6E69746F72 scontext=u:r:untrusted_app:s0:c51,c271,c512,c768 tcontext=u:r:untrusted_app:s0:c51,c271,c512,c768 tclass=netlink_route_socket permissive=0 bug=b/155595000 app=com.vibekey.keyboard
06-02 14:22:00.966  4491  4699 E ibekey.keyboar: hiddenapi: Accessing hidden field Ljava/lang/Boolean;->value:Z (runtime_flags=0, domain=core-platform, api=max-target-p) from Lorg/mozilla/gecko/GeckoThread; (domain=app, TargetSdkVersion=35) using JNI: denied
06-02 14:22:00.966  4491  4699 E ibekey.keyboar: hiddenapi: Accessing hidden field Ljava/lang/Integer;->value:I (runtime_flags=0, domain=core-platform, api=max-target-p) from Lorg/mozilla/gecko/GeckoThread; (domain=app, TargetSdkVersion=35) using JNI: denied
06-02 14:22:00.966  4491  4699 E ibekey.keyboar: hiddenapi: Accessing hidden field Ljava/lang/Long;->value:J (runtime_flags=0, domain=core-platform, api=max-target-p) from Lorg/mozilla/gecko/GeckoThread; (domain=app, TargetSdkVersion=35) using JNI: denied
06-02 14:22:00.966  4491  4699 E ibekey.keyboar: hiddenapi: Accessing hidden field Ljava/lang/Double;->value:D (runtime_flags=0, domain=core-platform, api=max-target-p) from Lorg/mozilla/gecko/GeckoThread; (domain=app, TargetSdkVersion=35) using JNI: denied
06-02 14:22:01.033  4755  4755 E .keyboard:tab3: Unknown bits set in runtime_flags: 0x40000000
06-02 14:22:03.148  4491  4491 W Settings: Setting transition_animation_scale has moved from android.provider.Settings.System to android.provider.Settings.Global, returning read-only value.
06-02 14:22:08.356  4491  4584 E BLASTBufferQueue: BLASTBufferItemConsumer::onDisconnect()
06-02 14:22:08.591  4491  4584 E BLASTBufferQueue: BLASTBufferItemConsumer::onDisconnect()


2026-06-02 14:21:59.546177 W f0: Could not load system glide typing library jni_latinimegoogle: dlopen failed: library "libjni_latinimegoogle.so" not found
2026-06-02 14:21:59.597211 I startup: Starting com.vibekey.keyboard version 4.1.141 (4241) on Android 12 (SDK 31)
2026-06-02 14:21:59.611867 I LatinIME: Hardware accelerated drawing: true
2026-06-02 14:21:59.746163 I SymSpellProvider: Detected asset languages: []
2026-06-02 14:21:59.752868 I NgramPredictor: Detected bigram asset languages: []
2026-06-02 14:21:59.755564 I RecencyTracker: init loaded 0 language file(s)
2026-06-02 14:21:59.757112 I AdaptiveTouchModel: Loaded touch model: 0 keys
2026-06-02 14:21:59.758536 I ContactsSuggProvider: READ_CONTACTS permission not granted, skipping contacts load
2026-06-02 14:21:59.805572 W u: No editor info for this field. Bug?
2026-06-02 14:21:59.806028 I c: loadSettings
2026-06-02 14:21:59.836777 I p: resetDictionaries, force reloading main dictionary: false
2026-06-02 14:21:59.877090 I NgramPredictor: Detected bigram asset languages: []
2026-06-02 14:21:59.880381 I ConsentManager: UMP hydrate skipped: q6.k.getConsentInformation [class android.content.Context]
2026-06-02 14:21:59.881324 I SymSpellProvider: Detected asset languages: []
2026-06-02 14:21:59.881697 I AdManager: AdMob: publisher personalization DISABLED (non-personalized requests)
