06-01 18:12:52.011 22199 22199 W LayerDrawable: 	at android.graphics.drawable.LayerDrawable.mutate(LayerDrawable.java:1782)
06-01 18:12:52.011 22199 22199 W LayerDrawable: 	at y7.r3.j(r8-map-id-851ca1c450c0803629fb54cef39c617b8b19cabad487034a1e6728d64b163380:83)
06-01 18:12:52.011 22199 22199 W LayerDrawable: 	at helium314.keyboard.latin.panels.MenuPanelView.k(r8-map-id-851ca1c450c0803629fb54cef39c617b8b19cabad487034a1e6728d64b163380:36)
06-01 18:12:52.011 22199 22199 W LayerDrawable: 	at helium314.keyboard.latin.panels.MenuPanelView.r(r8-map-id-851ca1c450c0803629fb54cef39c617b8b19cabad487034a1e6728d64b163380:358)
06-01 18:12:52.011 22199 22199 W LayerDrawable: 	at v7.b.u(r8-map-id-851ca1c450c0803629fb54cef39c617b8b19cabad487034a1e6728d64b163380:199)
06-01 18:12:52.011 22199 22199 W LayerDrawable: 	at helium314.keyboard.latin.LatinIME.l(r8-map-id-851ca1c450c0803629fb54cef39c617b8b19cabad487034a1e6728d64b163380:36)
06-01 18:12:52.011 22199 22199 W LayerDrawable: 	at g7.m.a(r8-map-id-851ca1c450c0803629fb54cef39c617b8b19cabad487034a1e6728d64b163380:266)
06-01 18:12:52.011 22199 22199 W LayerDrawable: 	at helium314.keyboard.latin.suggestions.SuggestionStripView.onClick(r8-map-id-851ca1c450c0803629fb54cef39c617b8b19cabad487034a1e6728d64b163380:45)
06-01 18:12:52.011 22199 22199 W LayerDrawable: 	at android.view.View.performClick(View.java:7488)
06-01 18:12:52.011 22199 22199 W LayerDrawable: 	at android.view.View.performClickInternal(View.java:7464)
06-01 18:12:52.011 22199 22199 W LayerDrawable: 	at android.view.View.access$3700(View.java:841)
06-01 18:12:52.011 22199 22199 W LayerDrawable: 	at android.view.View$PerformClick.run(View.java:28911)
06-01 18:12:52.011 22199 22199 W LayerDrawable: 	at android.os.Handler.handleCallback(Handler.java:938)
06-01 18:12:52.011 22199 22199 W LayerDrawable: 	at android.os.Handler.dispatchMessage(Handler.java:99)
06-01 18:12:52.011 22199 22199 W LayerDrawable: 	at android.os.Looper.loopOnce(Looper.java:233)
06-01 18:12:52.011 22199 22199 W LayerDrawable: 	at android.os.Looper.loop(Looper.java:344)
06-01 18:12:52.011 22199 22199 W LayerDrawable: 	at android.app.ActivityThread.main(ActivityThread.java:8212)
06-01 18:12:52.011 22199 22199 W LayerDrawable: 	at java.lang.reflect.Method.invoke(Native Method)
06-01 18:12:52.011 22199 22199 W LayerDrawable: 	at com.android.internal.os.RuntimeInit$MethodAndArgsCaller.run(RuntimeInit.java:584)
06-01 18:12:52.011 22199 22199 W LayerDrawable: 	at com.android.internal.os.ZygoteInit.main(ZygoteInit.java:1034)
06-01 18:12:52.011 22199 22199 W LayerDrawable: Invalid drawable added to LayerDrawable! Drawable already belongs to another owner but does not expose a constant state.
06-01 18:12:52.011 22199 22199 W LayerDrawable: java.lang.RuntimeException
06-01 18:12:52.011 22199 22199 W LayerDrawable: 	at android.graphics.drawable.LayerDrawable$ChildDrawable.<init>(LayerDrawable.java:1857)
06-01 18:12:52.011 22199 22199 W LayerDrawable: 	at android.graphics.drawable.LayerDrawable$LayerState.<init>(LayerDrawable.java:1977)
06-01 18:12:52.011 22199 22199 W LayerDrawable: 	at android.graphics.drawable.LayerDrawable.createConstantState(LayerDrawable.java:174)
06-01 18:12:52.011 22199 22199 W LayerDrawable: 	at android.graphics.drawable.LayerDrawable.mutate(LayerDrawable.java:1782)
06-01 18:12:52.011 22199 22199 W LayerDrawable: 	at y7.r3.j(r8-map-id-851ca1c450c0803629fb54cef39c617b8b19cabad487034a1e6728d64b163380:83)
06-01 18:12:52.011 22199 22199 W LayerDrawable: 	at helium314.keyboard.latin.panels.MenuPanelView.k(r8-map-id-851ca1c450c0803629fb54cef39c617b8b19cabad487034a1e6728d64b163380:36)
06-01 18:12:52.011 22199 22199 W LayerDrawable: 	at helium314.keyboard.latin.panels.MenuPanelView.r(r8-map-id-851ca1c450c0803629fb54cef39c617b8b19cabad487034a1e6728d64b163380:400)
06-01 18:12:52.011 22199 22199 W LayerDrawable: 	at v7.b.u(r8-map-id-851ca1c450c0803629fb54cef39c617b8b19cabad487034a1e6728d64b163380:199)
06-01 18:12:52.011 22199 22199 W LayerDrawable: 	at helium314.keyboard.latin.LatinIME.l(r8-map-id-851ca1c450c0803629fb54cef39c617b8b19cabad487034a1e6728d64b163380:36)
06-01 18:12:52.011 22199 22199 W LayerDrawable: 	at g7.m.a(r8-map-id-851ca1c450c0803629fb54cef39c617b8b19cabad487034a1e6728d64b163380:266)
06-01 18:12:52.011 22199 22199 W LayerDrawable: 	at helium314.keyboard.latin.suggestions.SuggestionStripView.onClick(r8-map-id-851ca1c450c0803629fb54cef39c617b8b19cabad487034a1e6728d64b163380:45)
06-01 18:12:52.011 22199 22199 W LayerDrawable: 	at android.view.View.performClick(View.java:7488)
06-01 18:12:52.011 22199 22199 W LayerDrawable: 	at android.view.View.performClickInternal(View.java:7464)
06-01 18:12:52.011 22199 22199 W LayerDrawable: 	at android.view.View.access$3700(View.java:841)
06-01 18:12:52.011 22199 22199 W LayerDrawable: 	at android.view.View$PerformClick.run(View.java:28911)
06-01 18:12:52.011 22199 22199 W LayerDrawable: 	at android.os.Handler.handleCallback(Handler.java:938)
06-01 18:12:52.011 22199 22199 W LayerDrawable: 	at android.os.Handler.dispatchMessage(Handler.java:99)
06-01 18:12:52.011 22199 22199 W LayerDrawable: 	at android.os.Looper.loopOnce(Looper.java:233)
06-01 18:12:52.011 22199 22199 W LayerDrawable: 	at android.os.Looper.loop(Looper.java:344)
06-01 18:12:52.011 22199 22199 W LayerDrawable: 	at android.app.ActivityThread.main(ActivityThread.java:8212)
06-01 18:12:52.011 22199 22199 W LayerDrawable: 	at java.lang.reflect.Method.invoke(Native Method)
06-01 18:12:52.011 22199 22199 W LayerDrawable: 	at com.android.internal.os.RuntimeInit$MethodAndArgsCaller.run(RuntimeInit.java:584)
06-01 18:12:52.011 22199 22199 W LayerDrawable: 	at com.android.internal.os.ZygoteInit.main(ZygoteInit.java:1034)
06-01 18:12:52.012 22199 22199 W LayerDrawable: Invalid drawable added to LayerDrawable! Drawable already belongs to another owner but does not expose a constant state.
06-01 18:12:52.012 22199 22199 W LayerDrawable: java.lang.RuntimeException
06-01 18:12:52.012 22199 22199 W LayerDrawable: 	at android.graphics.drawable.LayerDrawable$ChildDrawable.<init>(LayerDrawable.java:1857)
06-01 18:12:52.012 22199 22199 W LayerDrawable: 	at android.graphics.drawable.LayerDrawable$LayerState.<init>(LayerDrawable.java:1977)
06-01 18:12:52.012 22199 22199 W LayerDrawable: 	at android.graphics.drawable.LayerDrawable.createConstantState(LayerDrawable.java:174)
06-01 18:12:52.012 22199 22199 W LayerDrawable: 	at android.graphics.drawable.LayerDrawable.mutate(LayerDrawable.java:1782)
06-01 18:12:52.012 22199 22199 W LayerDrawable: 	at y7.r3.j(r8-map-id-851ca1c450c0803629fb54cef39c617b8b19cabad487034a1e6728d64b163380:83)
06-01 18:12:52.012 22199 22199 W LayerDrawable: 	at helium314.keyboard.latin.panels.MenuPanelView.k(r8-map-id-851ca1c450c0803629fb54cef39c617b8b19cabad487034a1e6728d64b163380:36)
06-01 18:12:52.012 22199 22199 W LayerDrawable: 	at helium314.keyboard.latin.panels.MenuPanelView.r(r8-map-id-851ca1c450c0803629fb54cef39c617b8b19cabad487034a1e6728d64b163380:400)
06-01 18:12:52.012 22199 22199 W LayerDrawable: 	at v7.b.u(r8-map-id-851ca1c450c0803629fb54cef39c617b8b19cabad487034a1e6728d64b163380:199)
06-01 18:12:52.012 22199 22199 W LayerDrawable: 	at helium314.keyboard.latin.LatinIME.l(r8-map-id-851ca1c450c0803629fb54cef39c617b8b19cabad487034a1e6728d64b163380:36)
06-01 18:12:52.012 22199 22199 W LayerDrawable: 	at g7.m.a(r8-map-id-851ca1c450c0803629fb54cef39c617b8b19cabad487034a1e6728d64b163380:266)
06-01 18:12:52.012 22199 22199 W LayerDrawable: 	at helium314.keyboard.latin.suggestions.SuggestionStripView.onClick(r8-map-id-851ca1c450c0803629fb54cef39c617b8b19cabad487034a1e6728d64b163380:45)
06-01 18:12:52.012 22199 22199 W LayerDrawable: 	at android.view.View.performClick(View.java:7488)
06-01 18:12:52.012 22199 22199 W LayerDrawable: 	at android.view.View.performClickInternal(View.java:7464)
06-01 18:12:52.012 22199 22199 W LayerDrawable: 	at android.view.View.access$3700(View.java:841)
06-01 18:12:52.012 22199 22199 W LayerDrawable: 	at android.view.View$PerformClick.run(View.java:28911)
06-01 18:12:52.012 22199 22199 W LayerDrawable: 	at android.os.Handler.handleCallback(Handler.java:938)
06-01 18:12:52.012 22199 22199 W LayerDrawable: 	at android.os.Handler.dispatchMessage(Handler.java:99)
06-01 18:12:52.012 22199 22199 W LayerDrawable: 	at android.os.Looper.loopOnce(Looper.java:233)
06-01 18:12:52.012 22199 22199 W LayerDrawable: 	at android.os.Looper.loop(Looper.java:344)
06-01 18:12:52.012 22199 22199 W LayerDrawable: 	at android.app.ActivityThread.main(ActivityThread.java:8212)
06-01 18:12:52.012 22199 22199 W LayerDrawable: 	at java.lang.reflect.Method.invoke(Native Method)
06-01 18:12:52.012 22199 22199 W LayerDrawable: 	at com.android.internal.os.RuntimeInit$MethodAndArgsCaller.run(RuntimeInit.java:584)
06-01 18:12:52.012 22199 22199 W LayerDrawable: 	at com.android.internal.os.ZygoteInit.main(ZygoteInit.java:1034)
06-01 18:12:52.012 22199 22199 W LayerDrawable: Invalid drawable added to LayerDrawable! Drawable already belongs to another owner but does not expose a constant state.
06-01 18:12:52.012 22199 22199 W LayerDrawable: java.lang.RuntimeException
06-01 18:12:52.012 22199 22199 W LayerDrawable: 	at android.graphics.drawable.LayerDrawable$ChildDrawable.<init>(LayerDrawable.java:1857)
06-01 18:12:52.012 22199 22199 W LayerDrawable: 	at android.graphics.drawable.LayerDrawable$LayerState.<init>(LayerDrawable.java:1977)
06-01 18:12:52.012 22199 22199 W LayerDrawable: 	at android.graphics.drawable.LayerDrawable.createConstantState(LayerDrawable.java:174)
06-01 18:12:52.012 22199 22199 W LayerDrawable: 	at android.graphics.drawable.LayerDrawable.mutate(LayerDrawable.java:1782)
06-01 18:12:52.012 22199 22199 W LayerDrawable: 	at y7.r3.j(r8-map-id-851ca1c450c0803629fb54cef39c617b8b19cabad487034a1e6728d64b163380:83)
06-01 18:12:52.012 22199 22199 W LayerDrawable: 	at helium314.keyboard.latin.panels.MenuPanelView.k(r8-map-id-851ca1c450c0803629fb54cef39c617b8b19cabad487034a1e6728d64b163380:36)
06-01 18:12:52.012 22199 22199 W LayerDrawable: 	at helium314.keyboard.latin.panels.MenuPanelView.r(r8-map-id-851ca1c450c0803629fb54cef39c617b8b19cabad487034a1e6728d64b163380:400)
06-01 18:12:52.012 22199 22199 W LayerDrawable: 	at v7.b.u(r8-map-id-851ca1c450c0803629fb54cef39c617b8b19cabad487034a1e6728d64b163380:199)
06-01 18:12:52.012 22199 22199 W LayerDrawable: 	at helium314.keyboard.latin.LatinIME.l(r8-map-id-851ca1c450c0803629fb54cef39c617b8b19cabad487034a1e6728d64b163380:36)
06-01 18:12:52.012 22199 22199 W LayerDrawable: 	at g7.m.a(r8-map-id-851ca1c450c0803629fb54cef39c617b8b19cabad487034a1e6728d64b163380:266)
06-01 18:12:52.012 22199 22199 W LayerDrawable: 	at helium314.keyboard.latin.suggestions.SuggestionStripView.onClick(r8-map-id-851ca1c450c0803629fb54cef39c617b8b19cabad487034a1e6728d64b163380:45)
06-01 18:12:52.012 22199 22199 W LayerDrawable: 	at android.view.View.performClick(View.java:7488)
06-01 18:12:52.012 22199 22199 W LayerDrawable: 	at android.view.View.performClickInternal(View.java:7464)
06-01 18:12:52.012 22199 22199 W LayerDrawable: 	at android.view.View.access$3700(View.java:841)
06-01 18:12:52.012 22199 22199 W LayerDrawable: 	at android.view.View$PerformClick.run(View.java:28911)
06-01 18:12:52.012 22199 22199 W LayerDrawable: 	at android.os.Handler.handleCallback(Handler.java:938)
06-01 18:12:52.012 22199 22199 W LayerDrawable: 	at android.os.Handler.dispatchMessage(Handler.java:99)
06-01 18:12:52.012 22199 22199 W LayerDrawable: 	at android.os.Looper.loopOnce(Looper.java:233)
06-01 18:12:52.012 22199 22199 W LayerDrawable: 	at android.os.Looper.loop(Looper.java:344)
06-01 18:12:52.012 22199 22199 W LayerDrawable: 	at android.app.ActivityThread.main(ActivityThread.java:8212)
06-01 18:12:52.012 22199 22199 W LayerDrawable: 	at java.lang.reflect.Method.invoke(Native Method)
06-01 18:12:52.012 22199 22199 W LayerDrawable: 	at com.android.internal.os.RuntimeInit$MethodAndArgsCaller.run(RuntimeInit.java:584)
06-01 18:12:52.012 22199 22199 W LayerDrawable: 	at com.android.internal.os.ZygoteInit.main(ZygoteInit.java:1034)
06-01 18:12:52.012 22199 22199 W LayerDrawable: Invalid drawable added to LayerDrawable! Drawable already belongs to another owner but does not expose a constant state.
06-01 18:12:52.012 22199 22199 W LayerDrawable: java.lang.RuntimeException
06-01 18:12:52.012 22199 22199 W LayerDrawable: 	at android.graphics.drawable.LayerDrawable$ChildDrawable.<init>(LayerDrawable.java:1857)
06-01 18:12:52.012 22199 22199 W LayerDrawable: 	at android.graphics.drawable.LayerDrawable$LayerState.<init>(LayerDrawable.java:1977)
06-01 18:12:52.012 22199 22199 W LayerDrawable: 	at android.graphics.drawable.LayerDrawable.createConstantState(LayerDrawable.java:174)
06-01 18:12:52.012 22199 22199 W LayerDrawable: 	at android.graphics.drawable.LayerDrawable.mutate(LayerDrawable.java:1782)
06-01 18:12:52.012 22199 22199 W LayerDrawable: 	at y7.r3.j(r8-map-id-851ca1c450c0803629fb54cef39c617b8b19cabad487034a1e6728d64b163380:83)
06-01 18:12:52.012 22199 22199 W LayerDrawable: 	at helium314.keyboard.latin.panels.MenuPanelView.k(r8-map-id-851ca1c450c0803629fb54cef39c617b8b19cabad487034a1e6728d64b163380:36)
06-01 18:12:52.012 22199 22199 W LayerDrawable: 	at helium314.keyboard.latin.panels.MenuPanelView.r(r8-map-id-851ca1c450c0803629fb54cef39c617b8b19cabad487034a1e6728d64b163380:400)
06-01 18:12:52.012 22199 22199 W LayerDrawable: 	at v7.b.u(r8-map-id-851ca1c450c0803629fb54cef39c617b8b19cabad487034a1e6728d64b163380:199)
06-01 18:12:52.012 22199 22199 W LayerDrawable: 	at helium314.keyboard.latin.LatinIME.l(r8-map-id-851ca1c450c0803629fb54cef39c617b8b19cabad487034a1e6728d64b163380:36)
06-01 18:12:52.012 22199 22199 W LayerDrawable: 	at g7.m.a(r8-map-id-851ca1c450c0803629fb54cef39c617b8b19cabad487034a1e6728d64b163380:266)
06-01 18:12:52.012 22199 22199 W LayerDrawable: 	at helium314.keyboard.latin.suggestions.SuggestionStripView.onClick(r8-map-id-851ca1c450c0803629fb54cef39c617b8b19cabad487034a1e6728d64b163380:45)
06-01 18:12:52.012 22199 22199 W LayerDrawable: 	at android.view.View.performClick(View.java:7488)
06-01 18:12:52.012 22199 22199 W LayerDrawable: 	at android.view.View.performClickInternal(View.java:7464)
06-01 18:12:52.012 22199 22199 W LayerDrawable: 	at android.view.View.access$3700(View.java:841)
06-01 18:12:52.012 22199 22199 W LayerDrawable: 	at android.view.View$PerformClick.run(View.java:28911)
06-01 18:12:52.012 22199 22199 W LayerDrawable: 	at android.os.Handler.handleCallback(Handler.java:938)
06-01 18:12:52.012 22199 22199 W LayerDrawable: 	at android.os.Handler.dispatchMessage(Handler.java:99)
06-01 18:12:52.012 22199 22199 W LayerDrawable: 	at android.os.Looper.loopOnce(Looper.java:233)
06-01 18:12:52.012 22199 22199 W LayerDrawable: 	at android.os.Looper.loop(Looper.java:344)
06-01 18:12:52.012 22199 22199 W LayerDrawable: 	at android.app.ActivityThread.main(ActivityThread.java:8212)
06-01 18:12:52.012 22199 22199 W LayerDrawable: 	at java.lang.reflect.Method.invoke(Native Method)
06-01 18:12:52.012 22199 22199 W LayerDrawable: 	at com.android.internal.os.RuntimeInit$MethodAndArgsCaller.run(RuntimeInit.java:584)
06-01 18:12:52.012 22199 22199 W LayerDrawable: 	at com.android.internal.os.ZygoteInit.main(ZygoteInit.java:1034)
06-01 18:12:52.012 22199 22199 W LayerDrawable: Invalid drawable added to LayerDrawable! Drawable already belongs to another owner but does not expose a constant state.
06-01 18:12:52.012 22199 22199 W LayerDrawable: java.lang.RuntimeException
06-01 18:12:52.012 22199 22199 W LayerDrawable: 	at android.graphics.drawable.LayerDrawable$ChildDrawable.<init>(LayerDrawable.java:1857)
06-01 18:12:52.012 22199 22199 W LayerDrawable: 	at android.graphics.drawable.LayerDrawable$LayerState.<init>(LayerDrawable.java:1977)
06-01 18:12:52.012 22199 22199 W LayerDrawable: 	at android.graphics.drawable.LayerDrawable.createConstantState(LayerDrawable.java:174)
06-01 18:12:52.012 22199 22199 W LayerDrawable: 	at android.graphics.drawable.LayerDrawable.mutate(LayerDrawable.java:1782)
06-01 18:12:52.012 22199 22199 W LayerDrawable: 	at y7.r3.j(r8-map-id-851ca1c450c0803629fb54cef39c617b8b19cabad487034a1e6728d64b163380:83)
06-01 18:12:52.012 22199 22199 W LayerDrawable: 	at helium314.keyboard.latin.panels.MenuPanelView.k(r8-map-id-851ca1c450c0803629fb54cef39c617b8b19cabad487034a1e6728d64b163380:36)
06-01 18:12:52.012 22199 22199 W LayerDrawable: 	at helium314.keyboard.latin.panels.MenuPanelView.r(r8-map-id-851ca1c450c0803629fb54cef39c617b8b19cabad487034a1e6728d64b163380:400)
06-01 18:12:52.012 22199 22199 W LayerDrawable: 	at v7.b.u(r8-map-id-851ca1c450c0803629fb54cef39c617b8b19cabad487034a1e6728d64b163380:199)
06-01 18:12:52.012 22199 22199 W LayerDrawable: 	at helium314.keyboard.latin.LatinIME.l(r8-map-id-851ca1c450c0803629fb54cef39c617b8b19cabad487034a1e6728d64b163380:36)
06-01 18:12:52.012 22199 22199 W LayerDrawable: 	at g7.m.a(r8-map-id-851ca1c450c0803629fb54cef39c617b8b19cabad487034a1e6728d64b163380:266)
06-01 18:12:52.012 22199 22199 W LayerDrawable: 	at helium314.keyboard.latin.suggestions.SuggestionStripView.onClick(r8-map-id-851ca1c450c0803629fb54cef39c617b8b19cabad487034a1e6728d64b163380:45)
06-01 18:12:52.012 22199 22199 W LayerDrawable: 	at android.view.View.performClick(View.java:7488)
06-01 18:12:52.012 22199 22199 W LayerDrawable: 	at android.view.View.performClickInternal(View.java:7464)
06-01 18:12:52.012 22199 22199 W LayerDrawable: 	at android.view.View.access$3700(View.java:841)
06-01 18:12:52.012 22199 22199 W LayerDrawable: 	at android.view.View$PerformClick.run(View.java:28911)
06-01 18:12:52.012 22199 22199 W LayerDrawable: 	at android.os.Handler.handleCallback(Handler.java:938)
06-01 18:12:52.012 22199 22199 W LayerDrawable: 	at android.os.Handler.dispatchMessage(Handler.java:99)
06-01 18:12:52.012 22199 22199 W LayerDrawable: 	at android.os.Looper.loopOnce(Looper.java:233)
06-01 18:12:52.012 22199 22199 W LayerDrawable: 	at android.os.Looper.loop(Looper.java:344)
06-01 18:12:52.012 22199 22199 W LayerDrawable: 	at android.app.ActivityThread.main(ActivityThread.java:8212)
06-01 18:12:52.012 22199 22199 W LayerDrawable: 	at java.lang.reflect.Method.invoke(Native Method)
06-01 18:12:52.012 22199 22199 W LayerDrawable: 	at com.android.internal.os.RuntimeInit$MethodAndArgsCaller.run(RuntimeInit.java:584)
06-01 18:12:52.012 22199 22199 W LayerDrawable: 	at com.android.internal.os.ZygoteInit.main(ZygoteInit.java:1034)
06-01 18:12:52.012 22199 22199 W LayerDrawable: Invalid drawable added to LayerDrawable! Drawable already belongs to another owner but does not expose a constant state.
06-01 18:12:52.012 22199 22199 W LayerDrawable: java.lang.RuntimeException
06-01 18:12:52.012 22199 22199 W LayerDrawable: 	at android.graphics.drawable.LayerDrawable$ChildDrawable.<init>(LayerDrawable.java:1857)
06-01 18:12:52.012 22199 22199 W LayerDrawable: 	at android.graphics.drawable.LayerDrawable$LayerState.<init>(LayerDrawable.java:1977)
06-01 18:12:52.012 22199 22199 W LayerDrawable: 	at android.graphics.drawable.LayerDrawable.createConstantState(LayerDrawable.java:174)
06-01 18:12:52.012 22199 22199 W LayerDrawable: 	at android.graphics.drawable.LayerDrawable.mutate(LayerDrawable.java:1782)
06-01 18:12:52.012 22199 22199 W LayerDrawable: 	at y7.r3.j(r8-map-id-851ca1c450c0803629fb54cef39c617b8b19cabad487034a1e6728d64b163380:83)
06-01 18:12:52.012 22199 22199 W LayerDrawable: 	at helium314.keyboard.latin.panels.MenuPanelView.k(r8-map-id-851ca1c450c0803629fb54cef39c617b8b19cabad487034a1e6728d64b163380:36)
06-01 18:12:52.012 22199 22199 W LayerDrawable: 	at helium314.keyboard.latin.panels.MenuPanelView.r(r8-map-id-851ca1c450c0803629fb54cef39c617b8b19cabad487034a1e6728d64b163380:400)
06-01 18:12:52.012 22199 22199 W LayerDrawable: 	at v7.b.u(r8-map-id-851ca1c450c0803629fb54cef39c617b8b19cabad487034a1e6728d64b163380:199)
06-01 18:12:52.012 22199 22199 W LayerDrawable: 	at helium314.keyboard.latin.LatinIME.l(r8-map-id-851ca1c450c0803629fb54cef39c617b8b19cabad487034a1e6728d64b163380:36)
06-01 18:12:52.012 22199 22199 W LayerDrawable: 	at g7.m.a(r8-map-id-851ca1c450c0803629fb54cef39c617b8b19cabad487034a1e6728d64b163380:266)
06-01 18:12:52.012 22199 22199 W LayerDrawable: 	at helium314.keyboard.latin.suggestions.SuggestionStripView.onClick(r8-map-id-851ca1c450c0803629fb54cef39c617b8b19cabad487034a1e6728d64b163380:45)
06-01 18:12:52.012 22199 22199 W LayerDrawable: 	at android.view.View.performClick(View.java:7488)
06-01 18:12:52.012 22199 22199 W LayerDrawable: 	at android.view.View.performClickInternal(View.java:7464)
06-01 18:12:52.012 22199 22199 W LayerDrawable: 	at android.view.View.access$3700(View.java:841)
06-01 18:12:52.012 22199 22199 W LayerDrawable: 	at android.view.View$PerformClick.run(View.java:28911)
06-01 18:12:52.012 22199 22199 W LayerDrawable: 	at android.os.Handler.handleCallback(Handler.java:938)
06-01 18:12:52.012 22199 22199 W LayerDrawable: 	at android.os.Handler.dispatchMessage(Handler.java:99)
06-01 18:12:52.012 22199 22199 W LayerDrawable: 	at android.os.Looper.loopOnce(Looper.java:233)
06-01 18:12:52.012 22199 22199 W LayerDrawable: 	at android.os.Looper.loop(Looper.java:344)
06-01 18:12:52.012 22199 22199 W LayerDrawable: 	at android.app.ActivityThread.main(ActivityThread.java:8212)
06-01 18:12:52.012 22199 22199 W LayerDrawable: 	at java.lang.reflect.Method.invoke(Native Method)
06-01 18:12:52.012 22199 22199 W LayerDrawable: 	at com.android.internal.os.RuntimeInit$MethodAndArgsCaller.run(RuntimeInit.java:584)
06-01 18:12:52.012 22199 22199 W LayerDrawable: 	at com.android.internal.os.ZygoteInit.main(ZygoteInit.java:1034)
06-01 18:12:52.013 22199 22199 W LayerDrawable: Invalid drawable added to LayerDrawable! Drawable already belongs to another owner but does not expose a constant state.
06-01 18:12:52.013 22199 22199 W LayerDrawable: java.lang.RuntimeException
06-01 18:12:52.013 22199 22199 W LayerDrawable: 	at android.graphics.drawable.LayerDrawable$ChildDrawable.<init>(LayerDrawable.java:1857)
06-01 18:12:52.013 22199 22199 W LayerDrawable: 	at android.graphics.drawable.LayerDrawable$LayerState.<init>(LayerDrawable.java:1977)
06-01 18:12:52.013 22199 22199 W LayerDrawable: 	at android.graphics.drawable.LayerDrawable.createConstantState(LayerDrawable.java:174)
06-01 18:12:52.013 22199 22199 W LayerDrawable: 	at android.graphics.drawable.LayerDrawable.mutate(LayerDrawable.java:1782)
06-01 18:12:52.013 22199 22199 W LayerDrawable: 	at y7.r3.j(r8-map-id-851ca1c450c0803629fb54cef39c617b8b19cabad487034a1e6728d64b163380:83)
06-01 18:12:52.013 22199 22199 W LayerDrawable: 	at helium314.keyboard.latin.panels.MenuPanelView.k(r8-map-id-851ca1c450c0803629fb54cef39c617b8b19cabad487034a1e6728d64b163380:36)
06-01 18:12:52.013 22199 22199 W LayerDrawable: 	at helium314.keyboard.latin.panels.MenuPanelView.r(r8-map-id-851ca1c450c0803629fb54cef39c617b8b19cabad487034a1e6728d64b163380:444)
06-01 18:12:52.013 22199 22199 W LayerDrawable: 	at v7.b.u(r8-map-id-851ca1c450c0803629fb54cef39c617b8b19cabad487034a1e6728d64b163380:199)
06-01 18:12:52.013 22199 22199 W LayerDrawable: 	at helium314.keyboard.latin.LatinIME.l(r8-map-id-851ca1c450c0803629fb54cef39c617b8b19cabad487034a1e6728d64b163380:36)
06-01 18:12:52.013 22199 22199 W LayerDrawable: 	at g7.m.a(r8-map-id-851ca1c450c0803629fb54cef39c617b8b19cabad487034a1e6728d64b163380:266)
06-01 18:12:52.013 22199 22199 W LayerDrawable: 	at helium314.keyboard.latin.suggestions.SuggestionStripView.onClick(r8-map-id-851ca1c450c0803629fb54cef39c617b8b19cabad487034a1e6728d64b163380:45)
06-01 18:12:52.013 22199 22199 W LayerDrawable: 	at android.view.View.performClick(View.java:7488)
06-01 18:12:52.013 22199 22199 W LayerDrawable: 	at android.view.View.performClickInternal(View.java:7464)
06-01 18:12:52.013 22199 22199 W LayerDrawable: 	at android.view.View.access$3700(View.java:841)
06-01 18:12:52.013 22199 22199 W LayerDrawable: 	at android.view.View$PerformClick.run(View.java:28911)
06-01 18:12:52.013 22199 22199 W LayerDrawable: 	at android.os.Handler.handleCallback(Handler.java:938)
06-01 18:12:52.013 22199 22199 W LayerDrawable: 	at android.os.Handler.dispatchMessage(Handler.java:99)
06-01 18:12:52.013 22199 22199 W LayerDrawable: 	at android.os.Looper.loopOnce(Looper.java:233)
06-01 18:12:52.013 22199 22199 W LayerDrawable: 	at android.os.Looper.loop(Looper.java:344)
06-01 18:12:52.013 22199 22199 W LayerDrawable: 	at android.app.ActivityThread.main(ActivityThread.java:8212)
06-01 18:12:52.013 22199 22199 W LayerDrawable: 	at java.lang.reflect.Method.invoke(Native Method)
06-01 18:12:52.013 22199 22199 W LayerDrawable: 	at com.android.internal.os.RuntimeInit$MethodAndArgsCaller.run(RuntimeInit.java:584)
06-01 18:12:52.013 22199 22199 W LayerDrawable: 	at com.android.internal.os.ZygoteInit.main(ZygoteInit.java:1034)
06-01 18:12:52.013 22199 22199 W LayerDrawable: Invalid drawable added to LayerDrawable! Drawable already belongs to another owner but does not expose a constant state.
06-01 18:12:52.013 22199 22199 W LayerDrawable: java.lang.RuntimeException
06-01 18:12:52.013 22199 22199 W LayerDrawable: 	at android.graphics.drawable.LayerDrawable$ChildDrawable.<init>(LayerDrawable.java:1857)
06-01 18:12:52.013 22199 22199 W LayerDrawable: 	at android.graphics.drawable.LayerDrawable$LayerState.<init>(LayerDrawable.java:1977)
06-01 18:12:52.013 22199 22199 W LayerDrawable: 	at android.graphics.drawable.LayerDrawable.createConstantState(LayerDrawable.java:174)
06-01 18:12:52.013 22199 22199 W LayerDrawable: 	at android.graphics.drawable.LayerDrawable.mutate(LayerDrawable.java:1782)
06-01 18:12:52.013 22199 22199 W LayerDrawable: 	at y7.r3.j(r8-map-id-851ca1c450c0803629fb54cef39c617b8b19cabad487034a1e6728d64b163380:83)
06-01 18:12:52.013 22199 22199 W LayerDrawable: 	at helium314.keyboard.latin.panels.MenuPanelView.k(r8-map-id-851ca1c450c0803629fb54cef39c617b8b19cabad487034a1e6728d64b163380:36)
06-01 18:12:52.013 22199 22199 W LayerDrawable: 	at helium314.keyboard.latin.panels.MenuPanelView.r(r8-map-id-851ca1c450c0803629fb54cef39c617b8b19cabad487034a1e6728d64b163380:444)
06-01 18:12:52.013 22199 22199 W LayerDrawable: 	at v7.b.u(r8-map-id-851ca1c450c0803629fb54cef39c617b8b19cabad487034a1e6728d64b163380:199)
06-01 18:12:52.013 22199 22199 W LayerDrawable: 	at helium314.keyboard.latin.LatinIME.l(r8-map-id-851ca1c450c0803629fb54cef39c617b8b19cabad487034a1e6728d64b163380:36)
06-01 18:12:52.013 22199 22199 W LayerDrawable: 	at g7.m.a(r8-map-id-851ca1c450c0803629fb54cef39c617b8b19cabad487034a1e6728d64b163380:266)
06-01 18:12:52.013 22199 22199 W LayerDrawable: 	at helium314.keyboard.latin.suggestions.SuggestionStripView.onClick(r8-map-id-851ca1c450c0803629fb54cef39c617b8b19cabad487034a1e6728d64b163380:45)
06-01 18:12:52.013 22199 22199 W LayerDrawable: 	at android.view.View.performClick(View.java:7488)
06-01 18:12:52.013 22199 22199 W LayerDrawable: 	at android.view.View.performClickInternal(View.java:7464)
06-01 18:12:52.013 22199 22199 W LayerDrawable: 	at android.view.View.access$3700(View.java:841)
06-01 18:12:52.013 22199 22199 W LayerDrawable: 	at android.view.View$PerformClick.run(View.java:28911)
06-01 18:12:52.013 22199 22199 W LayerDrawable: 	at android.os.Handler.handleCallback(Handler.java:938)
06-01 18:12:52.013 22199 22199 W LayerDrawable: 	at android.os.Handler.dispatchMessage(Handler.java:99)
06-01 18:12:52.013 22199 22199 W LayerDrawable: 	at android.os.Looper.loopOnce(Looper.java:233)
06-01 18:12:52.013 22199 22199 W LayerDrawable: 	at android.os.Looper.loop(Looper.java:344)
06-01 18:12:52.013 22199 22199 W LayerDrawable: 	at android.app.ActivityThread.main(ActivityThread.java:8212)
06-01 18:12:52.013 22199 22199 W LayerDrawable: 	at java.lang.reflect.Method.invoke(Native Method)
06-01 18:12:52.013 22199 22199 W LayerDrawable: 	at com.android.internal.os.RuntimeInit$MethodAndArgsCaller.run(RuntimeInit.java:584)
06-01 18:12:52.013 22199 22199 W LayerDrawable: 	at com.android.internal.os.ZygoteInit.main(ZygoteInit.java:1034)
06-01 18:12:54.854 22199 22199 W View    : requestLayout() improperly called by android.widget.FrameLayout{17f03ce V.E...... ......ID 0,1677-1440,1857 #7f0a0087 app:id/browser_nav_footer_float} during layout: running second layout pass
06-01 18:12:54.877 22199 22351 W Settings: Setting animator_duration_scale has moved from android.provider.Settings.System to android.provider.Settings.Global, returning read-only global URI.
06-01 18:12:54.881 22199 22351 E GeckoLibLoad: Load sqlite start
06-01 18:12:54.882 22199 22351 E GeckoLibLoad: Load sqlite done
06-01 18:12:54.882 22199 22351 E GeckoLibLoad: Load nss start
06-01 18:12:54.882 22199 22351 E GeckoLibLoad: Load nss done
06-01 18:12:54.882 22199 22199 E GeckoView: Failed to attach WindowInsetsListener: 
06-01 18:12:54.882 22199 22199 E GeckoView: java.lang.NullPointerException: Attempt to invoke virtual method 'android.view.Window android.app.Activity.getWindow()' on a null object reference
06-01 18:12:54.882 22199 22199 E GeckoView: 	at org.mozilla.geckoview.GeckoView.attachWindowInsetsListener(r8-map-id-851ca1c450c0803629fb54cef39c617b8b19cabad487034a1e6728d64b163380:1)
06-01 18:12:54.882 22199 22199 E GeckoView: 	at org.mozilla.geckoview.GeckoView.onAttachedToWindow(r8-map-id-851ca1c450c0803629fb54cef39c617b8b19cabad487034a1e6728d64b163380:49)
06-01 18:12:54.882 22199 22199 E GeckoView: 	at android.view.View.dispatchAttachedToWindow(View.java:20900)
06-01 18:12:54.882 22199 22199 E GeckoView: 	at android.view.ViewGroup.dispatchAttachedToWindow(ViewGroup.java:3539)
06-01 18:12:54.882 22199 22199 E GeckoView: 	at android.view.ViewGroup.addViewInner(ViewGroup.java:5378)
06-01 18:12:54.882 22199 22199 E GeckoView: 	at android.view.ViewGroup.addView(ViewGroup.java:5156)
06-01 18:12:54.882 22199 22199 E GeckoView: 	at android.view.ViewGroup.addView(ViewGroup.java:5096)
06-01 18:12:54.882 22199 22199 E GeckoView: 	at helium314.keyboard.latin.panels.BrowserPanelView.Y(r8-map-id-851ca1c450c0803629fb54cef39c617b8b19cabad487034a1e6728d64b163380:329)
06-01 18:12:54.882 22199 22199 E GeckoView: 	at helium314.keyboard.latin.panels.BrowserPanelView.G0(r8-map-id-851ca1c450c0803629fb54cef39c617b8b19cabad487034a1e6728d64b163380:58)
06-01 18:12:54.882 22199 22199 E GeckoView: 	at c5.t.run(r8-map-id-851ca1c450c0803629fb54cef39c617b8b19cabad487034a1e6728d64b163380:622)
06-01 18:12:54.882 22199 22199 E GeckoView: 	at g7.y.onGlobalLayout(r8-map-id-851ca1c450c0803629fb54cef39c617b8b19cabad487034a1e6728d64b163380:8)
06-01 18:12:54.882 22199 22199 E GeckoView: 	at android.view.ViewTreeObserver.dispatchOnGlobalLayout(ViewTreeObserver.java:1061)
06-01 18:12:54.882 22199 22199 E GeckoView: 	at android.view.ViewRootImpl.performTraversals(ViewRootImpl.java:3407)
06-01 18:12:54.882 22199 22199 E GeckoView: 	at android.view.ViewRootImpl.doTraversal(ViewRootImpl.java:2305)
06-01 18:12:54.882 22199 22199 E GeckoView: 	at android.view.ViewRootImpl$TraversalRunnable.run(ViewRootImpl.java:9133)
06-01 18:12:54.882 22199 22199 E GeckoView: 	at android.view.Choreographer$CallbackRecord.run(Choreographer.java:1232)
06-01 18:12:54.882 22199 22199 E GeckoView: 	at android.view.Choreographer.doCallbacks(Choreographer.java:1029)
06-01 18:12:54.882 22199 22199 E GeckoView: 	at android.view.Choreographer.doFrame(Choreographer.java:934)
06-01 18:12:54.882 22199 22199 E GeckoView: 	at android.view.Choreographer$FrameDisplayEventReceiver.run(Choreographer.java:1217)
06-01 18:12:54.882 22199 22199 E GeckoView: 	at android.os.Handler.handleCallback(Handler.java:938)
06-01 18:12:54.882 22199 22199 E GeckoView: 	at android.os.Handler.dispatchMessage(Handler.java:99)
06-01 18:12:54.882 22199 22199 E GeckoView: 	at android.os.Looper.loopOnce(Looper.java:233)
06-01 18:12:54.882 22199 22199 E GeckoView: 	at android.os.Looper.loop(Looper.java:344)
06-01 18:12:54.882 22199 22199 E GeckoView: 	at android.app.ActivityThread.main(ActivityThread.java:8212)
06-01 18:12:54.882 22199 22199 E GeckoView: 	at java.lang.reflect.Method.invoke(Native Method)
06-01 18:12:54.882 22199 22199 E GeckoView: 	at com.android.internal.os.RuntimeInit$MethodAndArgsCaller.run(RuntimeInit.java:584)
06-01 18:12:54.882 22199 22199 E GeckoView: 	at com.android.internal.os.ZygoteInit.main(ZygoteInit.java:1034)
06-01 18:12:54.891 22199 22351 E GeckoLibLoad: Loaded libs in 8.600677ms total, 0ms(13ms) user, 0ms(9ms) system, 0(0) faults
06-01 18:12:54.892 22199 22351 W GeckoThread: zerdatime 28817753 - runGecko
06-01 18:12:54.914 22199 22199 W View    : requestLayout() improperly called by helium314.keyboard.latin.panels.BrowserPanelView{e0b5f25 V.E...... ......ID 0,0-1440,2040} during layout: running second layout pass
06-01 18:12:54.934 22199 22199 W View    : requestLayout() improperly called by helium314.keyboard.latin.panels.BrowserPanelView{e0b5f25 V.E...... ......ID 0,0-1440,2040} during layout: running second layout pass
06-01 18:12:54.939 22199 22199 W View    : requestLayout() improperly called by helium314.keyboard.latin.panels.BrowserPanelView{e0b5f25 V.E...... ......I. 0,0-1440,2040} during second layout pass: posting in next frame
06-01 18:12:54.948 22199 22199 W View    : requestLayout() improperly called by helium314.keyboard.latin.panels.BrowserPanelView{e0b5f25 V.E...... ......ID 0,0-1440,2040} during layout: running second layout pass
06-01 18:12:54.952 22199 22199 W View    : requestLayout() improperly called by helium314.keyboard.latin.panels.BrowserPanelView{e0b5f25 V.E...... ........ 0,0-1440,2040} during second layout pass: posting in next frame
06-01 18:12:54.944 22199 22199 W com.vibekey.keyboard: type=1400 audit(0.0:31898): avc: denied { bind } for comm=4E65746C696E6B204D6F6E69746F72 scontext=u:r:untrusted_app:s0:c41,c271,c512,c768 tcontext=u:r:untrusted_app:s0:c41,c271,c512,c768 tclass=netlink_route_socket permissive=0 bug=b/155595000 app=com.vibekey.keyboard
06-01 18:12:54.963 22199 22199 W View    : requestLayout() improperly called by helium314.keyboard.latin.panels.BrowserPanelView{e0b5f25 V.E...... ......ID 0,0-1440,2040} during layout: running second layout pass
06-01 18:12:54.966 22199 22199 W View    : requestLayout() improperly called by helium314.keyboard.latin.panels.BrowserPanelView{e0b5f25 V.E...... ........ 0,0-1440,2040} during second layout pass: posting in next frame
06-01 18:12:54.967 22199 22351 E ibekey.keyboar: hiddenapi: Accessing hidden field Ljava/lang/Boolean;->value:Z (runtime_flags=0, domain=core-platform, api=max-target-p) from Lorg/mozilla/gecko/GeckoThread; (domain=app, TargetSdkVersion=35) using JNI: denied
06-01 18:12:54.967 22199 22351 E ibekey.keyboar: hiddenapi: Accessing hidden field Ljava/lang/Integer;->value:I (runtime_flags=0, domain=core-platform, api=max-target-p) from Lorg/mozilla/gecko/GeckoThread; (domain=app, TargetSdkVersion=35) using JNI: denied
06-01 18:12:54.967 22199 22351 E ibekey.keyboar: hiddenapi: Accessing hidden field Ljava/lang/Long;->value:J (runtime_flags=0, domain=core-platform, api=max-target-p) from Lorg/mozilla/gecko/GeckoThread; (domain=app, TargetSdkVersion=35) using JNI: denied
06-01 18:12:54.967 22199 22351 E ibekey.keyboar: hiddenapi: Accessing hidden field Ljava/lang/Double;->value:D (runtime_flags=0, domain=core-platform, api=max-target-p) from Lorg/mozilla/gecko/GeckoThread; (domain=app, TargetSdkVersion=35) using JNI: denied
06-01 18:12:54.983 22199 22199 W View    : requestLayout() improperly called by helium314.keyboard.latin.panels.BrowserPanelView{e0b5f25 V.E...... ......I. 0,0-1440,2040} during layout: running second layout pass
06-01 18:12:54.999 22199 22199 W View    : requestLayout() improperly called by helium314.keyboard.latin.panels.BrowserPanelView{e0b5f25 V.E...... ........ 0,0-1440,2040} during second layout pass: posting in next frame
06-01 18:12:54.999 22370 22370 E y.keyboard:tab: Unknown bits set in runtime_flags: 0x40000000
06-01 18:12:55.001 22199 22199 W View    : requestLayout() improperly called by helium314.keyboard.latin.panels.BrowserPanelView{e0b5f25 V.E...... ......I. 0,0-1440,2040} during layout: running second layout pass
06-01 18:12:55.005 22199 22199 W View    : requestLayout() improperly called by helium314.keyboard.latin.panels.BrowserPanelView{e0b5f25 V.E...... ........ 0,0-1440,2040} during second layout pass: posting in next frame
06-01 18:12:55.013 22199 22199 W View    : requestLayout() improperly called by helium314.keyboard.latin.panels.BrowserPanelView{e0b5f25 V.E...... ......I. 0,0-1440,2040} during layout: running second layout pass
06-01 18:12:55.016 22199 22199 W View    : requestLayout() improperly called by helium314.keyboard.latin.panels.BrowserPanelView{e0b5f25 V.E...... ........ 0,0-1440,2040} during second layout pass: posting in next frame
06-01 18:12:55.030 22199 22199 W View    : requestLayout() improperly called by helium314.keyboard.latin.panels.BrowserPanelView{e0b5f25 V.E...... ......I. 0,0-1440,2040} during layout: running second layout pass
06-01 18:12:55.036 22199 22199 W View    : requestLayout() improperly called by helium314.keyboard.latin.panels.BrowserPanelView{e0b5f25 V.E...... ......ID 0,0-1440,2040} during second layout pass: posting in next frame
06-01 18:12:55.046 22199 22199 W View    : requestLayout() improperly called by helium314.keyboard.latin.panels.BrowserPanelView{e0b5f25 V.E...... ......ID 0,0-1440,2040} during layout: running second layout pass
06-01 18:12:55.050 22199 22199 W View    : requestLayout() improperly called by helium314.keyboard.latin.panels.BrowserPanelView{e0b5f25 V.E...... ........ 0,0-1440,2040} during second layout pass: posting in next frame
06-01 18:12:55.063 22199 22199 W View    : requestLayout() improperly called by helium314.keyboard.latin.panels.BrowserPanelView{e0b5f25 V.E...... ......I. 0,0-1440,2040} during layout: running second layout pass
06-01 18:12:55.068 22199 22199 W View    : requestLayout() improperly called by helium314.keyboard.latin.panels.BrowserPanelView{e0b5f25 V.E...... ........ 0,0-1440,2040} during second layout pass: posting in next frame
06-01 18:12:55.080 22199 22199 W View    : requestLayout() improperly called by helium314.keyboard.latin.panels.BrowserPanelView{e0b5f25 V.E...... ......I. 0,0-1440,2040} during layout: running second layout pass
06-01 18:12:55.083 22199 22199 W View    : requestLayout() improperly called by helium314.keyboard.latin.panels.BrowserPanelView{e0b5f25 V.E...... ........ 0,0-1440,2040} during second layout pass: posting in next frame
06-01 18:12:55.098 22199 22199 W View    : requestLayout() improperly called by helium314.keyboard.latin.panels.BrowserPanelView{e0b5f25 V.E...... ......I. 0,0-1440,2040} during layout: running second layout pass
06-01 18:12:55.102 22199 22199 W View    : requestLayout() improperly called by helium314.keyboard.latin.panels.BrowserPanelView{e0b5f25 V.E...... ........ 0,0-1440,2040} during second layout pass: posting in next frame
06-01 18:12:55.115 22199 22199 W View    : requestLayout() improperly called by helium314.keyboard.latin.panels.BrowserPanelView{e0b5f25 V.E...... ......I. 0,0-1440,2040} during layout: running second layout pass
06-01 18:12:55.120 22199 22199 W View    : requestLayout() improperly called by helium314.keyboard.latin.panels.BrowserPanelView{e0b5f25 V.E...... ........ 0,0-1440,2040} during second layout pass: posting in next frame
06-01 18:12:55.125 22407 22407 E ey.keyboard:gp: Unknown bits set in runtime_flags: 0x40000000
06-01 18:12:55.130 22199 22199 W View    : requestLayout() improperly called by helium314.keyboard.latin.panels.BrowserPanelView{e0b5f25 V.E...... ......I. 0,0-1440,2040} during layout: running second layout pass
06-01 18:12:55.133 22199 22199 W View    : requestLayout() improperly called by helium314.keyboard.latin.panels.BrowserPanelView{e0b5f25 V.E...... ........ 0,0-1440,2040} during second layout pass: posting in next frame
06-01 18:12:55.147 22199 22199 W View    : requestLayout() improperly called by helium314.keyboard.latin.panels.BrowserPanelView{e0b5f25 V.E...... ......I. 0,0-1440,2040} during layout: running second layout pass
06-01 18:12:55.151 22199 22199 W View    : requestLayout() improperly called by helium314.keyboard.latin.panels.BrowserPanelView{e0b5f25 V.E...... ........ 0,0-1440,2040} during second layout pass: posting in next frame
06-01 18:12:55.163 22199 22199 W View    : requestLayout() improperly called by helium314.keyboard.latin.panels.BrowserPanelView{e0b5f25 V.E...... ......I. 0,0-1440,2040} during layout: running second layout pass
06-01 18:12:55.168 22199 22199 W View    : requestLayout() improperly called by helium314.keyboard.latin.panels.BrowserPanelView{e0b5f25 V.E...... ........ 0,0-1440,2040} during second layout pass: posting in next frame
06-01 18:12:55.181 22199 22199 W View    : requestLayout() improperly called by helium314.keyboard.latin.panels.BrowserPanelView{e0b5f25 V.E...... ......I. 0,0-1440,2040} during layout: running second layout pass
06-01 18:12:55.182 22370 22389 E GeckoLibLoad: Load sqlite start
06-01 18:12:55.183 22370 22389 E GeckoLibLoad: Load sqlite done
06-01 18:12:55.183 22370 22389 E GeckoLibLoad: Load nss start
06-01 18:12:55.183 22370 22389 E GeckoLibLoad: Load nss done
06-01 18:12:55.191 22199 22199 W View    : requestLayout() improperly called by helium314.keyboard.latin.panels.BrowserPanelView{e0b5f25 V.E...... ........ 0,0-1440,2040} during second layout pass: posting in next frame
06-01 18:12:55.194 22370 22389 E GeckoLibLoad: Loaded libs in 10.347448ms total, 2ms(0ms) user, 7ms(10ms) system, 0(0) faults
06-01 18:12:55.194 22370 22389 W GeckoThread: zerdatime 28818055 - runGecko
06-01 18:12:55.196 22199 22199 W View    : requestLayout() improperly called by helium314.keyboard.latin.panels.BrowserPanelView{e0b5f25 V.E...... ......I. 0,0-1440,2040} during layout: running second layout pass
06-01 18:12:55.201 22199 22199 W View    : requestLayout() improperly called by helium314.keyboard.latin.panels.BrowserPanelView{e0b5f25 V.E...... ........ 0,0-1440,2040} during second layout pass: posting in next frame
06-01 18:12:55.206 22407 22431 E GeckoLibLoad: Load sqlite start
06-01 18:12:55.207 22407 22431 E GeckoLibLoad: Load sqlite done
06-01 18:12:55.207 22407 22431 E GeckoLibLoad: Load nss start
06-01 18:12:55.207 22407 22431 E GeckoLibLoad: Load nss done
06-01 18:12:55.214 22199 22199 W View    : requestLayout() improperly called by helium314.keyboard.latin.panels.BrowserPanelView{e0b5f25 V.E...... ......I. 0,0-1440,2040} during layout: running second layout pass
06-01 18:12:55.216 22407 22431 E GeckoLibLoad: Loaded libs in 8.812656ms total, 6ms(8ms) user, 0ms(0ms) system, 0(0) faults
06-01 18:12:55.216 22407 22431 W GeckoThread: zerdatime 28818077 - runGecko
06-01 18:12:55.217 22199 22199 W View    : requestLayout() improperly called by helium314.keyboard.latin.panels.BrowserPanelView{e0b5f25 V.E...... ........ 0,0-1440,2040} during second layout pass: posting in next frame
06-01 18:12:55.230 22199 22199 W View    : requestLayout() improperly called by helium314.keyboard.latin.panels.BrowserPanelView{e0b5f25 V.E...... ......I. 0,0-1440,2040} during layout: running second layout pass
06-01 18:12:55.234 22199 22199 W View    : requestLayout() improperly called by helium314.keyboard.latin.panels.BrowserPanelView{e0b5f25 V.E...... ........ 0,0-1440,2040} during second layout pass: posting in next frame
06-01 18:12:55.246 22199 22199 W View    : requestLayout() improperly called by helium314.keyboard.latin.panels.BrowserPanelView{e0b5f25 V.E...... ......I. 0,0-1440,2040} during layout: running second layout pass
06-01 18:12:55.249 22407 22451 W AudioCapabilities: Unsupported mime audio/ffmpeg
06-01 18:12:55.250 22407 22451 W VideoCapabilities: Unsupported mime video/ffmpeg
06-01 18:12:55.250 22199 22199 W View    : requestLayout() improperly called by helium314.keyboard.latin.panels.BrowserPanelView{e0b5f25 V.E...... ........ 0,0-1440,2040} during second layout pass: posting in next frame
06-01 18:12:55.250 22407 22451 W VideoCapabilities: Unrecognized profile/level 0/3 for video/mpeg2
06-01 18:12:55.250 22407 22451 W VideoCapabilities: Unrecognized profile/level 0/3 for video/mpeg2
06-01 18:12:55.264 22199 22199 W View    : requestLayout() improperly called by helium314.keyboard.latin.panels.BrowserPanelView{e0b5f25 V.E...... ......I. 0,0-1440,2040} during layout: running second layout pass
06-01 18:12:55.267 22199 22199 W View    : requestLayout() improperly called by helium314.keyboard.latin.panels.BrowserPanelView{e0b5f25 V.E...... ........ 0,0-1440,2040} during second layout pass: posting in next frame
06-01 18:12:55.269 22407 22423 E ey.keyboard:gp: ofbOpen failed with error=No such file or directory
06-01 18:12:55.269 22407 22423 E ey.keyboard:gp: sysOpen failed with error=No such file or directory
06-01 18:12:55.280 22370 22389 W GeckoEditableChild: No editable parent
06-01 18:12:55.281 22199 22199 W View    : requestLayout() improperly called by helium314.keyboard.latin.panels.BrowserPanelView{e0b5f25 V.E...... ......I. 0,0-1440,2040} during layout: running second layout pass
06-01 18:12:55.287 22199 22199 W View    : requestLayout() improperly called by helium314.keyboard.latin.panels.BrowserPanelView{e0b5f25 V.E...... ......ID 0,0-1440,2040} during second layout pass: posting in next frame
06-01 18:12:55.299 22199 22199 W View    : requestLayout() improperly called by helium314.keyboard.latin.panels.BrowserPanelView{e0b5f25 V.E...... ......ID 0,0-1440,2040} during layout: running second layout pass
06-01 18:12:55.303 22199 22199 W View    : requestLayout() improperly called by helium314.keyboard.latin.panels.BrowserPanelView{e0b5f25 V.E...... ........ 0,0-1440,2040} during second layout pass: posting in next frame
06-01 18:12:55.315 22199 22199 W View    : requestLayout() improperly called by helium314.keyboard.latin.panels.BrowserPanelView{e0b5f25 V.E...... ......I. 0,0-1440,2040} during layout: running second layout pass
06-01 18:12:55.323 22199 22199 W View    : requestLayout() improperly called by helium314.keyboard.latin.panels.BrowserPanelView{e0b5f25 V.E...... ........ 0,0-1440,2040} during second layout pass: posting in next frame
06-01 18:12:55.331 22199 22199 W View    : requestLayout() improperly called by helium314.keyboard.latin.panels.BrowserPanelView{e0b5f25 V.E...... ......I. 0,0-1440,2040} during layout: running second layout pass
06-01 18:12:55.324 22199 22199 W com.vibekey.keyboard: type=1400 audit(0.0:31899): avc: denied { nlmsg_readpriv } for comm=536F636B657420546872656164 scontext=u:r:untrusted_app:s0:c41,c271,c512,c768 tcontext=u:r:untrusted_app:s0:c41,c271,c512,c768 tclass=netlink_route_socket permissive=0 bug=b/155595000 app=com.vibekey.keyboard
06-01 18:12:55.336 22199 22199 W View    : requestLayout() improperly called by helium314.keyboard.latin.panels.BrowserPanelView{e0b5f25 V.E...... ........ 0,0-1440,2040} during second layout pass: posting in next frame
06-01 18:12:55.348 22199 22199 W View    : requestLayout() improperly called by helium314.keyboard.latin.panels.BrowserPanelView{e0b5f25 V.E...... ......I. 0,0-1440,2040} during layout: running second layout pass
06-01 18:12:55.352 22199 22199 W View    : requestLayout() improperly called by helium314.keyboard.latin.panels.BrowserPanelView{e0b5f25 V.E...... ........ 0,0-1440,2040} during second layout pass: posting in next frame
06-01 18:12:55.366 22199 22199 W View    : requestLayout() improperly called by helium314.keyboard.latin.panels.BrowserPanelView{e0b5f25 V.E...... ......ID 0,0-1440,2040} during layout: running second layout pass
06-01 18:12:55.372 22199 22199 W View    : requestLayout() improperly called by helium314.keyboard.latin.panels.BrowserPanelView{e0b5f25 V.E...... ......ID 0,0-1440,2040} during second layout pass: posting in next frame
06-01 18:12:55.384 22199 22214 E BLASTBufferQueue: BLASTBufferItemConsumer::onDisconnect()
06-01 18:12:55.386 22199 22199 W View    : requestLayout() improperly called by helium314.keyboard.latin.panels.BrowserPanelView{e0b5f25 V.E...... ......ID 0,0-1440,2040} during layout: running second layout pass
06-01 18:12:55.391 22199 22199 W View    : requestLayout() improperly called by helium314.keyboard.latin.panels.BrowserPanelView{e0b5f25 V.E...... ......ID 0,0-1440,2040} during second layout pass: posting in next frame
06-01 18:12:55.397 22199 22199 W View    : requestLayout() improperly called by helium314.keyboard.latin.panels.BrowserPanelView{e0b5f25 V.E...... ......ID 0,0-1440,2040} during layout: running second layout pass
06-01 18:12:55.400 22199 22199 W View    : requestLayout() improperly called by helium314.keyboard.latin.panels.BrowserPanelView{e0b5f25 V.E...... ........ 0,0-1440,2040} during second layout pass: posting in next frame
06-01 18:12:55.414 22199 22199 W View    : requestLayout() improperly called by helium314.keyboard.latin.panels.BrowserPanelView{e0b5f25 V.E...... ......I. 0,0-1440,2040} during layout: running second layout pass
06-01 18:12:55.419 22199 22199 W View    : requestLayout() improperly called by helium314.keyboard.latin.panels.BrowserPanelView{e0b5f25 V.E...... ........ 0,0-1440,2040} during second layout pass: posting in next frame
06-01 18:12:55.431 22199 22199 W View    : requestLayout() improperly called by helium314.keyboard.latin.panels.BrowserPanelView{e0b5f25 V.E...... ......I. 0,0-1440,2040} during layout: running second layout pass
06-01 18:12:55.436 22199 22199 W View    : requestLayout() improperly called by helium314.keyboard.latin.panels.BrowserPanelView{e0b5f25 V.E...... ......ID 0,0-1440,2040} during second layout pass: posting in next frame
06-01 18:12:55.449 22199 22199 W View    : requestLayout() improperly called by helium314.keyboard.latin.panels.BrowserPanelView{e0b5f25 V.E...... ......ID 0,0-1440,2040} during layout: running second layout pass
06-01 18:12:55.454 22199 22199 W View    : requestLayout() improperly called by helium314.keyboard.latin.panels.BrowserPanelView{e0b5f25 V.E...... ......I. 0,0-1440,2040} during second layout pass: posting in next frame
