=== VibeKey 4.1.324 (4424) ===

--------- beginning of system
06-15 14:11:56.736 26687 26687 E OplusCustomizeRestrictionManager: sInstance is null, start a new sInstance
06-15 14:13:23.816 26687 27831 E ActivityThread: Failed to find provider info for com.oplus.statistics.provider
06-15 14:13:23.816 26687 27831 E OplusStatistics--: IllegalArgumentException:java.lang.IllegalArgumentException: Unknown URL content://com.oplus.statistics.provider/track_event
--------- beginning of crash
06-15 14:16:50.819 26687 26952 F libc    : Fatal signal 7 (SIGBUS), code 2 (BUS_ADRERR), fault addr 0x75cae24104 in tid 26952 (d), pid 26687 (AndroidUI)
06-15 14:16:52.211 31355 31355 F DEBUG   : Process name is com.vibekey.keyboard, not key_process
06-15 14:16:52.211 31355 31355 F DEBUG   : keyProcess: 0
06-15 14:16:52.211 31355 31355 F DEBUG   : *** *** *** *** *** *** *** *** *** *** *** *** *** *** *** ***
06-15 14:16:52.211 31355 31355 F DEBUG   : Build fingerprint: 'OnePlus/OnePlus7Pro/OnePlus7Pro:12/SKQ1.211113.001/P.202303230244:user/release-keys'
06-15 14:16:52.211 31355 31355 F DEBUG   : Revision: '0'
06-15 14:16:52.211 31355 31355 F DEBUG   : ABI: 'arm64'
06-15 14:16:52.211 31355 31355 F DEBUG   : Timestamp: 2026-06-15 14:16:51.177299710-0400
06-15 14:16:52.211 31355 31355 F DEBUG   : Process uptime: 0s
06-15 14:16:52.211 31355 31355 F DEBUG   : Cmdline: com.vibekey.keyboard
06-15 14:16:52.211 31355 31355 F DEBUG   : pid: 26687, tid: 26952, name: d  >>> com.vibekey.keyboard <<<
06-15 14:16:52.211 31355 31355 F DEBUG   : uid: 14103
06-15 14:16:52.211 31355 31355 F DEBUG   : signal 7 (SIGBUS), code 2 (BUS_ADRERR), fault addr 0x75cae24104
06-15 14:16:52.211 31355 31355 F DEBUG   :     x0  0000000000000000  x1  0000000000006948  x2  0000000000000007  x3  000000766e3c3da0
06-15 14:16:52.211 31355 31355 F DEBUG   :     x4  000000766e3c36a8  x5  000000766e3c36a8  x6  000000766e3c36a8  x7  0000000000000000
06-15 14:16:52.211 31355 31355 F DEBUG   :     x8  00000000000000f0  x9  db746b027190efc7  x10 0000000000004001  x11 0000000000000000
06-15 14:16:52.211 31355 31355 F DEBUG   :     x12 00000000ffffffff  x13 0000000000000000  x14 000000000000001f  x15 00000075cae0639e
06-15 14:16:52.211 31355 31355 F DEBUG   :     x16 000000757caad3a8  x17 00000076790b8f10  x18 00000074d7f44000  x19 0000000000000007
06-15 14:16:52.212 31355 31355 F DEBUG   :     x20 000000766e3c3da0  x21 000000000000683f  x22 000000766e3c3d00  x23 0000000000000001
06-15 14:16:52.212 31355 31355 F DEBUG   :     x24 000000750f1e4000  x25 000000750f1e1e30  x26 000000750f1e1e64  x27 0000000000000001
06-15 14:16:52.212 31355 31355 F DEBUG   :     x28 000000750f1e2418  x29 000000766e3c3d20
06-15 14:16:52.212 31355 31355 F DEBUG   :     lr  0000007576cbabc8  sp  000000766e3c3d00  pc  00000076790b8f34  pst 0000000000000000
06-15 14:16:52.212 31355 31355 F DEBUG   : backtrace:
06-15 14:16:52.212 31355 31355 F DEBUG   :       #00 pc 0000000000075f34  /apex/com.android.runtime/lib64/bionic/libc.so (syscall+36) (BuildId: bbbdeb7c87c74f1491f92c6e605095b0)
06-15 14:16:52.212 31355 31355 F DEBUG   :       #01 pc 00000000040a9bc4  /data/app/~~-XGWjzmdoRrM1YaZYK883A==/com.google.android.webview-HvpxCmuUIjPsZ4yTEw8s4w==/base.apk!libwebviewchromium.so (BuildId: f447b77da2d76e8d4d133b66c727c3ae532b54bf)
06-15 14:16:52.212 31355 31355 F DEBUG   :       #02 pc 00000000040a03c4  /data/app/~~-XGWjzmdoRrM1YaZYK883A==/com.google.android.webview-HvpxCmuUIjPsZ4yTEw8s4w==/base.apk!libwebviewchromium.so (BuildId: f447b77da2d76e8d4d133b66c727c3ae532b54bf)
06-15 14:16:52.212 31355 31355 F DEBUG   :       #03 pc 0000000000000638  [vdso] (__kernel_rt_sigreturn+0)
06-15 14:16:52.212 31355 31355 F DEBUG   :       #04 pc 00000000000b62f4  /data/app/~~GAehEAMuTX2LNZTfy4FTYw==/com.vibekey.keyboard-TI6xiZe3s4-TMQNjCdZ_Sg==/lib/arm64/libjni_latinime.so (latinime::PatriciaTrieReadingUtils::getPtNodeArraySizeAndAdvancePosition(unsigned char const*, int, int*)+44) (BuildId: f905dbd1a904967a994cf833116e517b05caa863)
06-15 14:16:52.212 31355 31355 F DEBUG   :       #05 pc 00000000000b8b34  /data/app/~~GAehEAMuTX2LNZTfy4FTYw==/com.vibekey.keyboard-TI6xiZe3s4-TMQNjCdZ_Sg==/lib/arm64/libjni_latinime.so (latinime::Ver2PtNodeArrayReader::readPtNodeArrayInfoAndReturnIfValid(int, int*, int*) const+80) (BuildId: f905dbd1a904967a994cf833116e517b05caa863)
06-15 14:16:52.212 31355 31355 F DEBUG   :       #06 pc 00000000000b4ce8  /data/app/~~GAehEAMuTX2LNZTfy4FTYw==/com.vibekey.keyboard-TI6xiZe3s4-TMQNjCdZ_Sg==/lib/arm64/libjni_latinime.so (latinime::DynamicPtReadingHelper::nextPtNodeArray()+68) (BuildId: f905dbd1a904967a994cf833116e517b05caa863)
06-15 14:16:52.212 31355 31355 F DEBUG   :       #07 pc 00000000000b4c3c  /data/app/~~GAehEAMuTX2LNZTfy4FTYw==/com.vibekey.keyboard-TI6xiZe3s4-TMQNjCdZ_Sg==/lib/arm64/libjni_latinime.so (latinime::DynamicPtReadingHelper::getTerminalPtNodePositionOfWord(int const*, unsigned long, bool)+432) (BuildId: f905dbd1a904967a994cf833116e517b05caa863)
06-15 14:16:52.212 31355 31355 F DEBUG   :       #08 pc 00000000000b7324  /data/app/~~GAehEAMuTX2LNZTfy4FTYw==/com.vibekey.keyboard-TI6xiZe3s4-TMQNjCdZ_Sg==/lib/arm64/libjni_latinime.so (latinime::PatriciaTriePolicy::getWordId(latinime::IntArrayView, bool) const+184) (BuildId: f905dbd1a904967a994cf833116e517b05caa863)
06-15 14:16:52.212 31355 31355 F DEBUG   :       #09 pc 00000000000a7d54  /data/app/~~GAehEAMuTX2LNZTfy4FTYw==/com.vibekey.keyboard-TI6xiZe3s4-TMQNjCdZ_Sg==/lib/arm64/libjni_latinime.so (latinime::NgramContext::getWordId(latinime::DictionaryStructureWithBufferPolicy const*, int const*, int, bool, bool)+232) (BuildId: f905dbd1a904967a994cf833116e517b05caa863)
06-15 14:16:52.212 31355 31355 F DEBUG   :       #10 pc 00000000000d337c  /data/app/~~GAehEAMuTX2LNZTfy4FTYw==/com.vibekey.keyboard-TI6xiZe3s4-TMQNjCdZ_Sg==/lib/arm64/libjni_latinime.so (latinime::DicTraverseSession::init(latinime::Dictionary const*, latinime::NgramContext const*, latinime::SuggestOptions const*)+124) (BuildId: f905dbd1a904967a994cf833116e517b05caa863)
06-15 14:16:52.212 31355 31355 F DEBUG   :       #11 pc 00000000000c8bd0  /data/app/~~GAehEAMuTX2LNZTfy4FTYw==/com.vibekey.keyboard-TI6xiZe3s4-TMQNjCdZ_Sg==/lib/arm64/libjni_latinime.so (latinime::Dictionary::getSuggestions(latinime::ProximityInfo*, latinime::DicTraverseSession*, int*, int*, int*, int*, int*, int, latinime::NgramContext const*, latinime::SuggestOptions const*, float, latinime::SuggestionResults*) const+104) (BuildId: f905dbd1a904967a994cf833116e517b05caa863)
06-15 14:16:52.212 31355 31355 F DEBUG   :       #12 pc 000000000009fd88  /data/app/~~GAehEAMuTX2LNZTfy4FTYw==/com.vibekey.keyboard-TI6xiZe3s4-TMQNjCdZ_Sg==/lib/arm64/libjni_latinime.so (BuildId: f905dbd1a904967a994cf833116e517b05caa863)
06-15 14:16:52.212 31355 31355 F DEBUG   :       #13 pc 00000000002c2100  /apex/com.android.art/lib64/libart.so (art_quick_generic_jni_trampoline+144) (BuildId: 7087b2f2160bfbf3335d54ba9779e325)
06-15 14:16:52.212 31355 31355 F DEBUG   :       #14 pc 000000000211377c  /memfd:jit-cache (deleted)
06-15 14:16:55.043 31418 31418 E OplusCustomizeRestrictionManager: sInstance is null, start a new sInstance
06-15 14:16:57.137 31418 31478 F libc    : Fatal signal 7 (SIGBUS), code 2 (BUS_ADRERR), fault addr 0x76665f4162 in tid 31478 (d), pid 31418 (ibekey.keyboard)
06-15 14:16:58.266 31790 31790 F DEBUG   : Process name is com.vibekey.keyboard, not key_process
06-15 14:16:58.266 31790 31790 F DEBUG   : keyProcess: 0
06-15 14:16:58.266 31790 31790 F DEBUG   : *** *** *** *** *** *** *** *** *** *** *** *** *** *** *** ***
06-15 14:16:58.266 31790 31790 F DEBUG   : Build fingerprint: 'OnePlus/OnePlus7Pro/OnePlus7Pro:12/SKQ1.211113.001/P.202303230244:user/release-keys'
06-15 14:16:58.266 31790 31790 F DEBUG   : Revision: '0'
06-15 14:16:58.266 31790 31790 F DEBUG   : ABI: 'arm64'
06-15 14:16:58.266 31790 31790 F DEBUG   : Timestamp: 2026-06-15 14:16:57.391300281-0400
06-15 14:16:58.266 31790 31790 F DEBUG   : Process uptime: 0s
06-15 14:16:58.266 31790 31790 F DEBUG   : Cmdline: com.vibekey.keyboard
06-15 14:16:58.266 31790 31790 F DEBUG   : pid: 31418, tid: 31478, name: d  >>> com.vibekey.keyboard <<<
06-15 14:16:58.266 31790 31790 F DEBUG   : uid: 14103
06-15 14:16:58.266 31790 31790 F DEBUG   : signal 7 (SIGBUS), code 2 (BUS_ADRERR), fault addr 0x76665f4162
06-15 14:16:58.266 31790 31790 F DEBUG   :     x0  00000076665dc06c  x1  000000000004a8e8  x2  00000075cbf67974  x3  00000075cbf679bc
06-15 14:16:58.266 31790 31790 F DEBUG   :     x4  b4000075bb0a6fb0  x5  0000000000000000  x6  00000075cbf67a34  x7  00000075cbf678f0
06-15 14:16:58.266 31790 31790 F DEBUG   :     x8  0000000000000000  x9  000000000004a8e7  x10 00000000000180f6  x11 00000000000180f7
06-15 14:16:58.266 31790 31790 F DEBUG   :     x12 0000000000000065  x13 0000000000000001  x14 000000000000001f  x15 00000076665dc39e
06-15 14:16:58.266 31790 31790 F DEBUG   :     x16 000000755a378980  x17 000000755a2d72c8  x18 000000752d442000  x19 00000075cbf679bc
06-15 14:16:58.266 31790 31790 F DEBUG   :     x20 00000075cbf679c0  x21 000000000004a8e8  x22 00000075cbf6a000  x23 00000075cbf67a04
06-15 14:16:58.266 31790 31790 F DEBUG   :     x24 00000075cbf6a000  x25 00000075cbf67a00  x26 00000075cbf67a34  x27 0000000000000001
06-15 14:16:58.266 31790 31790 F DEBUG   :     x28 00000075cbf67fe8  x29 00000075cbf67980
06-15 14:16:58.266 31790 31790 F DEBUG   :     lr  000000755a2d9b38  sp  00000075cbf67970  pc  000000755a2d72f8  pst 0000000020000000
06-15 14:16:58.266 31790 31790 F DEBUG   : backtrace:
06-15 14:16:58.266 31790 31790 F DEBUG   :       #00 pc 00000000000b62f8  /data/app/~~GAehEAMuTX2LNZTfy4FTYw==/com.vibekey.keyboard-TI6xiZe3s4-TMQNjCdZ_Sg==/lib/arm64/libjni_latinime.so (latinime::PatriciaTrieReadingUtils::getPtNodeArraySizeAndAdvancePosition(unsigned char const*, int, int*)+48) (BuildId: f905dbd1a904967a994cf833116e517b05caa863)
06-15 14:16:58.266 31790 31790 F DEBUG   :       #01 pc 00000000000b8b34  /data/app/~~GAehEAMuTX2LNZTfy4FTYw==/com.vibekey.keyboard-TI6xiZe3s4-TMQNjCdZ_Sg==/lib/arm64/libjni_latinime.so (latinime::Ver2PtNodeArrayReader::readPtNodeArrayInfoAndReturnIfValid(int, int*, int*) const+80) (BuildId: f905dbd1a904967a994cf833116e517b05caa863)
06-15 14:16:58.266 31790 31790 F DEBUG   :       #02 pc 00000000000b4ce8  /data/app/~~GAehEAMuTX2LNZTfy4FTYw==/com.vibekey.keyboard-TI6xiZe3s4-TMQNjCdZ_Sg==/lib/arm64/libjni_latinime.so (latinime::DynamicPtReadingHelper::nextPtNodeArray()+68) (BuildId: f905dbd1a904967a994cf833116e517b05caa863)
06-15 14:16:58.266 31790 31790 F DEBUG   :       #03 pc 00000000000b4c3c  /data/app/~~GAehEAMuTX2LNZTfy4FTYw==/com.vibekey.keyboard-TI6xiZe3s4-TMQNjCdZ_Sg==/lib/arm64/libjni_latinime.so (latinime::DynamicPtReadingHelper::getTerminalPtNodePositionOfWord(int const*, unsigned long, bool)+432) (BuildId: f905dbd1a904967a994cf833116e517b05caa863)
06-15 14:16:58.266 31790 31790 F DEBUG   :       #04 pc 00000000000b7324  /data/app/~~GAehEAMuTX2LNZTfy4FTYw==/com.vibekey.keyboard-TI6xiZe3s4-TMQNjCdZ_Sg==/lib/arm64/libjni_latinime.so (latinime::PatriciaTriePolicy::getWordId(latinime::IntArrayView, bool) const+184) (BuildId: f905dbd1a904967a994cf833116e517b05caa863)
06-15 14:16:58.266 31790 31790 F DEBUG   :       #05 pc 00000000000a7d54  /data/app/~~GAehEAMuTX2LNZTfy4FTYw==/com.vibekey.keyboard-TI6xiZe3s4-TMQNjCdZ_Sg==/lib/arm64/libjni_latinime.so (latinime::NgramContext::getWordId(latinime::DictionaryStructureWithBufferPolicy const*, int const*, int, bool, bool)+232) (BuildId: f905dbd1a904967a994cf833116e517b05caa863)
06-15 14:16:58.266 31790 31790 F DEBUG   :       #06 pc 00000000000d337c  /data/app/~~GAehEAMuTX2LNZTfy4FTYw==/com.vibekey.keyboard-TI6xiZe3s4-TMQNjCdZ_Sg==/lib/arm64/libjni_latinime.so (latinime::DicTraverseSession::init(latinime::Dictionary const*, latinime::NgramContext const*, latinime::SuggestOptions const*)+124) (BuildId: f905dbd1a904967a994cf833116e517b05caa863)
06-15 14:16:58.266 31790 31790 F DEBUG   :       #07 pc 00000000000c8bd0  /data/app/~~GAehEAMuTX2LNZTfy4FTYw==/com.vibekey.keyboard-TI6xiZe3s4-TMQNjCdZ_Sg==/lib/arm64/libjni_latinime.so (latinime::Dictionary::getSuggestions(latinime::ProximityInfo*, latinime::DicTraverseSession*, int*, int*, int*, int*, int*, int, latinime::NgramContext const*, latinime::SuggestOptions const*, float, latinime::SuggestionResults*) const+104) (BuildId: f905dbd1a904967a994cf833116e517b05caa863)
06-15 14:16:58.266 31790 31790 F DEBUG   :       #08 pc 000000000009fd88  /data/app/~~GAehEAMuTX2LNZTfy4FTYw==/com.vibekey.keyboard-TI6xiZe3s4-TMQNjCdZ_Sg==/lib/arm64/libjni_latinime.so (BuildId: f905dbd1a904967a994cf833116e517b05caa863)
06-15 14:16:58.266 31790 31790 F DEBUG   :       #09 pc 00000000002c2100  /apex/com.android.art/lib64/libart.so (art_quick_generic_jni_trampoline+144) (BuildId: 7087b2f2160bfbf3335d54ba9779e325)
06-15 14:16:58.266 31790 31790 F DEBUG   :       #10 pc 00000000006692dc  /apex/com.android.art/lib64/libart.so (nterp_helper+3852) (BuildId: 7087b2f2160bfbf3335d54ba9779e325)
06-15 14:16:58.266 31790 31790 F DEBUG   :       #11 pc 0000000000228bdc  /data/app/~~GAehEAMuTX2LNZTfy4FTYw==/com.vibekey.keyboard-TI6xiZe3s4-TMQNjCdZ_Sg==/oat/arm64/base.vdex (com.android.inputmethod.latin.BinaryDictionary.q+572)
06-15 14:16:58.266 31790 31790 F DEBUG   :       #12 pc 0000000000669a28  /apex/com.android.art/lib64/libart.so (nterp_helper+5720) (BuildId: 7087b2f2160bfbf3335d54ba9779e325)
06-15 14:16:58.266 31790 31790 F DEBUG   :       #13 pc 000000000022895a  /data/app/~~GAehEAMuTX2LNZTfy4FTYw==/com.vibekey.keyboard-TI6xiZe3s4-TMQNjCdZ_Sg==/oat/arm64/base.vdex (com.android.inputmethod.latin.BinaryDictionary.d+2)
06-15 14:16:58.266 31790 31790 F DEBUG   :       #14 pc 0000000000669a28  /apex/com.android.art/lib64/libart.so (nterp_helper+5720) (BuildId: 7087b2f2160bfbf3335d54ba9779e325)
06-15 14:16:58.266 31790 31790 F DEBUG   :       #15 pc 0000000000aec14a  /data/app/~~GAehEAMuTX2LNZTfy4FTYw==/com.vibekey.keyboard-TI6xiZe3s4-TMQNjCdZ_Sg==/oat/arm64/base.vdex (v7.k.d+50)
06-15 14:16:58.266 31790 31790 F DEBUG   :       #16 pc 0000000000669a28  /apex/com.android.art/lib64/libart.so (nterp_helper+5720) (BuildId: 7087b2f2160bfbf3335d54ba9779e325)
06-15 14:16:58.266 31790 31790 F DEBUG   :       #17 pc 0000000000aeb292  /data/app/~~GAehEAMuTX2LNZTfy4FTYw==/com.vibekey.keyboard-TI6xiZe3s4-TMQNjCdZ_Sg==/oat/arm64/base.vdex (v7.e.d+150)
06-15 14:16:58.266 31790 31790 F DEBUG   :       #18 pc 0000000000669a28  /apex/com.android.art/lib64/libart.so (nterp_helper+5720) (BuildId: 7087b2f2160bfbf3335d54ba9779e325)
06-15 14:16:58.266 31790 31790 F DEBUG   :       #19 pc 00000000005b5f2a  /data/app/~~GAehEAMuTX2LNZTfy4FTYw==/com.vibekey.keyboard-TI6xiZe3s4-TMQNjCdZ_Sg==/oat/arm64/base.vdex (p7.o.i+334)
06-15 14:16:58.266 31790 31790 F DEBUG   :       #20 pc 0000000000669a28  /apex/com.android.art/lib64/libart.so (nterp_helper+5720) (BuildId: 7087b2f2160bfbf3335d54ba9779e325)
06-15 14:16:58.266 31790 31790 F DEBUG   :       #21 pc 00000000005b5898  /data/app/~~GAehEAMuTX2LNZTfy4FTYw==/com.vibekey.keyboard-TI6xiZe3s4-TMQNjCdZ_Sg==/oat/arm64/base.vdex (p7.o.h+520)
06-15 14:16:58.266 31790 31790 F DEBUG   :       #22 pc 0000000000669a28  /apex/com.android.art/lib64/libart.so (nterp_helper+5720) (BuildId: 7087b2f2160bfbf3335d54ba9779e325)
06-15 14:16:58.266 31790 31790 F DEBUG   :       #23 pc 00000000005b561e  /data/app/~~GAehEAMuTX2LNZTfy4FTYw==/com.vibekey.keyboard-TI6xiZe3s4-TMQNjCdZ_Sg==/oat/arm64/base.vdex (p7.o.g+110)
06-15 14:16:58.266 31790 31790 F DEBUG   :       #24 pc 0000000000669a28  /apex/com.android.art/lib64/libart.so (nterp_helper+5720) (BuildId: 7087b2f2160bfbf3335d54ba9779e325)
06-15 14:16:58.266 31790 31790 F DEBUG   :       #25 pc 00000000005be12a  /data/app/~~GAehEAMuTX2LNZTfy4FTYw==/com.vibekey.keyboard-TI6xiZe3s4-TMQNjCdZ_Sg==/oat/arm64/base.vdex (p7.i1.c+266)
06-15 14:16:58.266 31790 31790 F DEBUG   :       #26 pc 0000000000669a28  /apex/com.android.art/lib64/libart.so (nterp_helper+5720) (BuildId: 7087b2f2160bfbf3335d54ba9779e325)
06-15 14:16:58.266 31790 31790 F DEBUG   :       #27 pc 00000000005bdfa8  /data/app/~~GAehEAMuTX2LNZTfy4FTYw==/com.vibekey.keyboard-TI6xiZe3s4-TMQNjCdZ_Sg==/oat/arm64/base.vdex (p7.i1.b+2656)
06-15 14:16:58.266 31790 31790 F DEBUG   :       #28 pc 0000000000669a28  /apex/com.android.art/lib64/libart.so (nterp_helper+5720) (BuildId: 7087b2f2160bfbf3335d54ba9779e325)
06-15 14:16:58.266 31790 31790 F DEBUG   :       #29 pc 0000000000af331e  /data/app/~~GAehEAMuTX2LNZTfy4FTYw==/com.vibekey.keyboard-TI6xiZe3s4-TMQNjCdZ_Sg==/oat/arm64/base.vdex (x7.b.m+1458)
06-15 14:16:58.266 31790 31790 F DEBUG   :       #30 pc 0000000000669324  /apex/com.android.art/lib64/libart.so (nterp_helper+3924) (BuildId: 7087b2f2160bfbf3335d54ba9779e325)
06-15 14:16:58.266 31790 31790 F DEBUG   :       #31 pc 00000000001a3e56  /data/app/~~GAehEAMuTX2LNZTfy4FTYw==/com.vibekey.keyboard-TI6xiZe3s4-TMQNjCdZ_Sg==/oat/arm64/base.vdex (a5.a.run+102)
06-15 14:16:58.266 31790 31790 F DEBUG   :       #32 pc 000000000066a144  /apex/com.android.art/lib64/libart.so (nterp_helper+7540) (BuildId: 7087b2f2160bfbf3335d54ba9779e325)
06-15 14:16:58.266 31790 31790 F DEBUG   :       #33 pc 0000000000af01de  /data/app/~~GAehEAMuTX2LNZTfy4FTYw==/com.vibekey.keyboard-TI6xiZe3s4-TMQNjCdZ_Sg==/oat/arm64/base.vdex (x7.d.handleMessage+18)
06-15 14:16:58.266 31790 31790 F DEBUG   :       #34 pc 000000000205b2d4  /memfd:jit-zygote-cache (deleted)
06-15 14:17:00.002 31819 31819 E OplusCustomizeRestrictionManager: sInstance is null, start a new sInstance
06-15 14:17:40.513 31819 32226 E ActivityThread: Failed to find provider info for com.oplus.statistics.provider
06-15 14:17:40.514 31819 32226 E OplusStatistics--: IllegalArgumentException:java.lang.IllegalArgumentException: Unknown URL content://com.oplus.statistics.provider/track_event
06-15 14:17:48.846 31819 31853 F libc    : Fatal signal 7 (SIGBUS), code 2 (BUS_ADRERR), fault addr 0x76665e4000 in tid 31853 (d), pid 31819 (AndroidUI)
06-15 14:17:50.240 32407 32407 F DEBUG   : Process name is com.vibekey.keyboard, not key_process
06-15 14:17:50.240 32407 32407 F DEBUG   : keyProcess: 0
06-15 14:17:50.240 32407 32407 F DEBUG   : *** *** *** *** *** *** *** *** *** *** *** *** *** *** *** ***
06-15 14:17:50.240 32407 32407 F DEBUG   : Build fingerprint: 'OnePlus/OnePlus7Pro/OnePlus7Pro:12/SKQ1.211113.001/P.202303230244:user/release-keys'
06-15 14:17:50.240 32407 32407 F DEBUG   : Revision: '0'
06-15 14:17:50.240 32407 32407 F DEBUG   : ABI: 'arm64'
06-15 14:17:50.240 32407 32407 F DEBUG   : Timestamp: 2026-06-15 14:17:49.093338230-0400
06-15 14:17:50.240 32407 32407 F DEBUG   : Process uptime: 0s
06-15 14:17:50.240 32407 32407 F DEBUG   : Cmdline: com.vibekey.keyboard
06-15 14:17:50.240 32407 32407 F DEBUG   : pid: 31819, tid: 31853, name: d  >>> com.vibekey.keyboard <<<
06-15 14:17:50.240 32407 32407 F DEBUG   : uid: 14103
06-15 14:17:50.240 32407 32407 F DEBUG   : signal 7 (SIGBUS), code 2 (BUS_ADRERR), fault addr 0x76665e4000
06-15 14:17:50.240 32407 32407 F DEBUG   :     x0  0000000000000000  x1  0000000000007c6d  x2  0000000000000007  x3  000000768a7feda0
06-15 14:17:50.240 32407 32407 F DEBUG   :     x4  000000768a7fe6a8  x5  000000768a7fe6a8  x6  000000768a7fe6a8  x7  0000000000000000
06-15 14:17:50.240 32407 32407 F DEBUG   :     x8  00000000000000f0  x9  db746b027190efc7  x10 0000000000004001  x11 0000000000000000
06-15 14:17:50.240 32407 32407 F DEBUG   :     x12 00000000ffffffff  x13 0000000000000000  x14 000000000000001f  x15 00000076665e2c08
06-15 14:17:50.240 32407 32407 F DEBUG   :     x16 000000757caad3a8  x17 00000076790b8f10  x18 000000755e8ec000  x19 0000000000000007
06-15 14:17:50.240 32407 32407 F DEBUG   :     x20 000000768a7feda0  x21 0000000000007c4b  x22 000000768a7fed00  x23 0000000000000001
06-15 14:17:50.240 32407 32407 F DEBUG   :     x24 00000075ccb43dd8  x25 00000075ccb43ef0  x26 00000075ccb43f24  x27 0000000000000001
06-15 14:17:50.240 32407 32407 F DEBUG   :     x28 00000075ccb444d8  x29 000000768a7fed20
06-15 14:17:50.240 32407 32407 F DEBUG   :     lr  0000007576cbabc8  sp  000000768a7fed00  pc  00000076790b8f34  pst 0000000000000000
06-15 14:17:50.240 32407 32407 F DEBUG   : backtrace:
06-15 14:17:50.240 32407 32407 F DEBUG   :       #00 pc 0000000000075f34  /apex/com.android.runtime/lib64/bionic/libc.so (syscall+36) (BuildId: bbbdeb7c87c74f1491f92c6e605095b0)
06-15 14:17:50.240 32407 32407 F DEBUG   :       #01 pc 00000000040a9bc4  /data/app/~~-XGWjzmdoRrM1YaZYK883A==/com.google.android.webview-HvpxCmuUIjPsZ4yTEw8s4w==/base.apk!libwebviewchromium.so (BuildId: f447b77da2d76e8d4d133b66c727c3ae532b54bf)
06-15 14:17:50.240 32407 32407 F DEBUG   :       #02 pc 00000000040a03c4  /data/app/~~-XGWjzmdoRrM1YaZYK883A==/com.google.android.webview-HvpxCmuUIjPsZ4yTEw8s4w==/base.apk!libwebviewchromium.so (BuildId: f447b77da2d76e8d4d133b66c727c3ae532b54bf)
06-15 14:17:50.240 32407 32407 F DEBUG   :       #03 pc 0000000000000638  [vdso] (__kernel_rt_sigreturn+0)
06-15 14:17:50.240 32407 32407 F DEBUG   :       #04 pc 00000000000b67ac  /data/app/~~GAehEAMuTX2LNZTfy4FTYw==/com.vibekey.keyboard-TI6xiZe3s4-TMQNjCdZ_Sg==/lib/arm64/libjni_latinime.so (latinime::PatriciaTrieReadingUtils::readPtNodeInfo(unsigned char const*, int, int, latinime::DictionaryShortcutsStructurePolicy const*, latinime::DictionaryBigramsStructurePolicy const*, int const*, unsigned char*, int*, int*, int*, int*, int*, int*, int*)+120) (BuildId: f905dbd1a904967a994cf833116e517b05caa863)
06-15 14:17:50.240 32407 32407 F DEBUG   :       #05 pc 00000000000b8980  /data/app/~~GAehEAMuTX2LNZTfy4FTYw==/com.vibekey.keyboard-TI6xiZe3s4-TMQNjCdZ_Sg==/lib/arm64/libjni_latinime.so (latinime::Ver2ParticiaTrieNodeReader::fetchPtNodeParamsInBufferFromPtNodePos(int) const+140) (BuildId: f905dbd1a904967a994cf833116e517b05caa863)
06-15 14:17:50.240 32407 32407 F DEBUG   :       #06 pc 00000000000b4b74  /data/app/~~GAehEAMuTX2LNZTfy4FTYw==/com.vibekey.keyboard-TI6xiZe3s4-TMQNjCdZ_Sg==/lib/arm64/libjni_latinime.so (latinime::DynamicPtReadingHelper::getTerminalPtNodePositionOfWord(int const*, unsigned long, bool)+232) (BuildId: f905dbd1a904967a994cf833116e517b05caa863)
06-15 14:17:50.240 32407 32407 F DEBUG   :       #07 pc 00000000000b7324  /data/app/~~GAehEAMuTX2LNZTfy4FTYw==/com.vibekey.keyboard-TI6xiZe3s4-TMQNjCdZ_Sg==/lib/arm64/libjni_latinime.so (latinime::PatriciaTriePolicy::getWordId(latinime::IntArrayView, bool) const+184) (BuildId: f905dbd1a904967a994cf833116e517b05caa863)
06-15 14:17:50.240 32407 32407 F DEBUG   :       #08 pc 00000000000a7d54  /data/app/~~GAehEAMuTX2LNZTfy4FTYw==/com.vibekey.keyboard-TI6xiZe3s4-TMQNjCdZ_Sg==/lib/arm64/libjni_latinime.so (latinime::NgramContext::getWordId(latinime::DictionaryStructureWithBufferPolicy const*, int const*, int, bool, bool)+232) (BuildId: f905dbd1a904967a994cf833116e517b05caa863)
06-15 14:17:50.240 32407 32407 F DEBUG   :       #09 pc 00000000000d337c  /data/app/~~GAehEAMuTX2LNZTfy4FTYw==/com.vibekey.keyboard-TI6xiZe3s4-TMQNjCdZ_Sg==/lib/arm64/libjni_latinime.so (latinime::DicTraverseSession::init(latinime::Dictionary const*, latinime::NgramContext const*, latinime::SuggestOptions const*)+124) (BuildId: f905dbd1a904967a994cf833116e517b05caa863)
06-15 14:17:50.240 32407 32407 F DEBUG   :       #10 pc 00000000000c8bd0  /data/app/~~GAehEAMuTX2LNZTfy4FTYw==/com.vibekey.keyboard-TI6xiZe3s4-TMQNjCdZ_Sg==/lib/arm64/libjni_latinime.so (latinime::Dictionary::getSuggestions(latinime::ProximityInfo*, latinime::DicTraverseSession*, int*, int*, int*, int*, int*, int, latinime::NgramContext const*, latinime::SuggestOptions const*, float, latinime::SuggestionResults*) const+104) (BuildId: f905dbd1a904967a994cf833116e517b05caa863)
06-15 14:17:50.240 32407 32407 F DEBUG   :       #11 pc 000000000009fd88  /data/app/~~GAehEAMuTX2LNZTfy4FTYw==/com.vibekey.keyboard-TI6xiZe3s4-TMQNjCdZ_Sg==/lib/arm64/libjni_latinime.so (BuildId: f905dbd1a904967a994cf833116e517b05caa863)
06-15 14:17:50.240 32407 32407 F DEBUG   :       #12 pc 00000000002c2100  /apex/com.android.art/lib64/libart.so (art_quick_generic_jni_trampoline+144) (BuildId: 7087b2f2160bfbf3335d54ba9779e325)
06-15 14:17:50.240 32407 32407 F DEBUG   :       #13 pc 000000000203adec  /memfd:jit-cache (deleted)
06-15 14:17:52.187 32430 32430 E OplusCustomizeRestrictionManager: sInstance is null, start a new sInstance
06-15 14:18:07.779 32430 32608 E ActivityThread: Failed to find provider info for com.oplus.statistics.provider
06-15 14:18:07.779 32430 32608 E OplusStatistics--: IllegalArgumentException:java.lang.IllegalArgumentException: Unknown URL content://com.oplus.statistics.provider/track_event
06-15 14:18:16.770 32430 32463 F libc    : Fatal signal 7 (SIGBUS), code 2 (BUS_ADRERR), fault addr 0x76665dd00e in tid 32463 (d), pid 32430 (ibekey.keyboard)
06-15 14:18:17.908   443   443 F DEBUG   : Process name is com.vibekey.keyboard, not key_process
06-15 14:18:17.908   443   443 F DEBUG   : keyProcess: 0
06-15 14:18:17.908   443   443 F DEBUG   : *** *** *** *** *** *** *** *** *** *** *** *** *** *** *** ***
06-15 14:18:17.908   443   443 F DEBUG   : Build fingerprint: 'OnePlus/OnePlus7Pro/OnePlus7Pro:12/SKQ1.211113.001/P.202303230244:user/release-keys'
06-15 14:18:17.908   443   443 F DEBUG   : Revision: '0'
06-15 14:18:17.908   443   443 F DEBUG   : ABI: 'arm64'
06-15 14:18:17.908   443   443 F DEBUG   : Timestamp: 2026-06-15 14:18:16.970524782-0400
06-15 14:18:17.908   443   443 F DEBUG   : Process uptime: 0s
06-15 14:18:17.908   443   443 F DEBUG   : Cmdline: com.vibekey.keyboard
06-15 14:18:17.908   443   443 F DEBUG   : pid: 32430, tid: 32463, name: d  >>> com.vibekey.keyboard <<<
06-15 14:18:17.908   443   443 F DEBUG   : uid: 14103
06-15 14:18:17.908   443   443 F DEBUG   : signal 7 (SIGBUS), code 2 (BUS_ADRERR), fault addr 0x76665dd00e
06-15 14:18:17.908   443   443 F DEBUG   :     x0  00000076665dc06c  x1  0000000000000fa2  x2  000000000004a8e8  x3  b4000075cacd1e48
06-15 14:18:17.908   443   443 F DEBUG   :     x4  b4000075cacd1e30  x5  0000000000000000  x6  00000075cbe5dc24  x7  00000075cbe5dc20
06-15 14:18:17.908   443   443 F DEBUG   :     x8  00000075cbe5dc1c  x9  000000000004a8e7  x10 00000075cbe5dc18  x11 00000075cbe5dc28
06-15 14:18:17.908   443   443 F DEBUG   :     x12 0000000000002649  x13 0000000000000049  x14 000000000000001f  x15 00000076665dcfc6
06-15 14:18:17.908   443   443 F DEBUG   :     x16 000000752bdebab0  x17 000000752bd4a734  x18 0000007557e00000  x19 00000075cbe60000
06-15 14:18:17.908   443   443 F DEBUG   :     x20 00000075cbe60000  x21 00000075cbe5dc0c  x22 00000075cbe5dc10  x23 00000075cbe5dc14
06-15 14:18:17.908   443   443 F DEBUG   :     x24 00000075cbe5dc18  x25 00000075cbe5dd30  x26 00000075cbe5dd64  x27 0000000000000001
06-15 14:18:17.908   443   443 F DEBUG   :     x28 00000075cbe5e318  x29 00000075cbe5db70
06-15 14:18:17.908   443   443 F DEBUG   :     lr  000000752bd4c984  sp  00000075cbe5db60  pc  000000752bd4a7b0  pst 0000000020000000
06-15 14:18:17.908   443   443 F DEBUG   : backtrace:
06-15 14:18:17.908   443   443 F DEBUG   :       #00 pc 00000000000b67b0  /data/app/~~GAehEAMuTX2LNZTfy4FTYw==/com.vibekey.keyboard-TI6xiZe3s4-TMQNjCdZ_Sg==/lib/arm64/libjni_latinime.so (latinime::PatriciaTrieReadingUtils::readPtNodeInfo(unsigned char const*, int, int, latinime::DictionaryShortcutsStructurePolicy const*, latinime::DictionaryBigramsStructurePolicy const*, int const*, unsigned char*, int*, int*, int*, int*, int*, int*, int*)+124) (BuildId: f905dbd1a904967a994cf833116e517b05caa863)
06-15 14:18:17.908   443   443 F DEBUG   :       #01 pc 00000000000b8980  /data/app/~~GAehEAMuTX2LNZTfy4FTYw==/com.vibekey.keyboard-TI6xiZe3s4-TMQNjCdZ_Sg==/lib/arm64/libjni_latinime.so (latinime::Ver2ParticiaTrieNodeReader::fetchPtNodeParamsInBufferFromPtNodePos(int) const+140) (BuildId: f905dbd1a904967a994cf833116e517b05caa863)
06-15 14:18:17.908   443   443 F DEBUG   :       #02 pc 00000000000b4b74  /data/app/~~GAehEAMuTX2LNZTfy4FTYw==/com.vibekey.keyboard-TI6xiZe3s4-TMQNjCdZ_Sg==/lib/arm64/libjni_latinime.so (latinime::DynamicPtReadingHelper::getTerminalPtNodePositionOfWord(int const*, unsigned long, bool)+232) (BuildId: f905dbd1a904967a994cf833116e517b05caa863)
06-15 14:18:17.908   443   443 F DEBUG   :       #03 pc 00000000000b7324  /data/app/~~GAehEAMuTX2LNZTfy4FTYw==/com.vibekey.keyboard-TI6xiZe3s4-TMQNjCdZ_Sg==/lib/arm64/libjni_latinime.so (latinime::PatriciaTriePolicy::getWordId(latinime::IntArrayView, bool) const+184) (BuildId: f905dbd1a904967a994cf833116e517b05caa863)
06-15 14:18:17.908   443   443 F DEBUG   :       #04 pc 00000000000a7d54  /data/app/~~GAehEAMuTX2LNZTfy4FTYw==/com.vibekey.keyboard-TI6xiZe3s4-TMQNjCdZ_Sg==/lib/arm64/libjni_latinime.so (latinime::NgramContext::getWordId(latinime::DictionaryStructureWithBufferPolicy const*, int const*, int, bool, bool)+232) (BuildId: f905dbd1a904967a994cf833116e517b05caa863)
06-15 14:18:17.908   443   443 F DEBUG   :       #05 pc 00000000000d337c  /data/app/~~GAehEAMuTX2LNZTfy4FTYw==/com.vibekey.keyboard-TI6xiZe3s4-TMQNjCdZ_Sg==/lib/arm64/libjni_latinime.so (latinime::DicTraverseSession::init(latinime::Dictionary const*, latinime::NgramContext const*, latinime::SuggestOptions const*)+124) (BuildId: f905dbd1a904967a994cf833116e517b05caa863)
06-15 14:18:17.908   443   443 F DEBUG   :       #06 pc 00000000000c8bd0  /data/app/~~GAehEAMuTX2LNZTfy4FTYw==/com.vibekey.keyboard-TI6xiZe3s4-TMQNjCdZ_Sg==/lib/arm64/libjni_latinime.so (latinime::Dictionary::getSuggestions(latinime::ProximityInfo*, latinime::DicTraverseSession*, int*, int*, int*, int*, int*, int, latinime::NgramContext const*, latinime::SuggestOptions const*, float, latinime::SuggestionResults*) const+104) (BuildId: f905dbd1a904967a994cf833116e517b05caa863)
06-15 14:18:17.908   443   443 F DEBUG   :       #07 pc 000000000009fd88  /data/app/~~GAehEAMuTX2LNZTfy4FTYw==/com.vibekey.keyboard-TI6xiZe3s4-TMQNjCdZ_Sg==/lib/arm64/libjni_latinime.so (BuildId: f905dbd1a904967a994cf833116e517b05caa863)
06-15 14:18:17.908   443   443 F DEBUG   :       #08 pc 00000000002c2100  /apex/com.android.art/lib64/libart.so (art_quick_generic_jni_trampoline+144) (BuildId: 7087b2f2160bfbf3335d54ba9779e325)
06-15 14:18:17.908   443   443 F DEBUG   :       #09 pc 00000000006692dc  /apex/com.android.art/lib64/libart.so (nterp_helper+3852) (BuildId: 7087b2f2160bfbf3335d54ba9779e325)
06-15 14:18:17.908   443   443 F DEBUG   :       #10 pc 0000000000228bdc  /data/app/~~GAehEAMuTX2LNZTfy4FTYw==/com.vibekey.keyboard-TI6xiZe3s4-TMQNjCdZ_Sg==/oat/arm64/base.vdex (com.android.inputmethod.latin.BinaryDictionary.q+572)
06-15 14:18:17.908   443   443 F DEBUG   :       #11 pc 0000000000669a28  /apex/com.android.art/lib64/libart.so (nterp_helper+5720) (BuildId: 7087b2f2160bfbf3335d54ba9779e325)
06-15 14:18:17.908   443   443 F DEBUG   :       #12 pc 000000000022895a  /data/app/~~GAehEAMuTX2LNZTfy4FTYw==/com.vibekey.keyboard-TI6xiZe3s4-TMQNjCdZ_Sg==/oat/arm64/base.vdex (com.android.inputmethod.latin.BinaryDictionary.d+2)
06-15 14:18:17.908   443   443 F DEBUG   :       #13 pc 0000000000669a28  /apex/com.android.art/lib64/libart.so (nterp_helper+5720) (BuildId: 7087b2f2160bfbf3335d54ba9779e325)
06-15 14:18:17.908   443   443 F DEBUG   :       #14 pc 0000000000aec14a  /data/app/~~GAehEAMuTX2LNZTfy4FTYw==/com.vibekey.keyboard-TI6xiZe3s4-TMQNjCdZ_Sg==/oat/arm64/base.vdex (v7.k.d+50)
06-15 14:18:17.908   443   443 F DEBUG   :       #15 pc 0000000000669a28  /apex/com.android.art/lib64/libart.so (nterp_helper+5720) (BuildId: 7087b2f2160bfbf3335d54ba9779e325)
06-15 14:18:17.908   443   443 F DEBUG   :       #16 pc 0000000000aeb292  /data/app/~~GAehEAMuTX2LNZTfy4FTYw==/com.vibekey.keyboard-TI6xiZe3s4-TMQNjCdZ_Sg==/oat/arm64/base.vdex (v7.e.d+150)
06-15 14:18:17.908   443   443 F DEBUG   :       #17 pc 0000000000669a28  /apex/com.android.art/lib64/libart.so (nterp_helper+5720) (BuildId: 7087b2f2160bfbf3335d54ba9779e325)
06-15 14:18:17.908   443   443 F DEBUG   :       #18 pc 00000000005b5f2a  /data/app/~~GAehEAMuTX2LNZTfy4FTYw==/com.vibekey.keyboard-TI6xiZe3s4-TMQNjCdZ_Sg==/oat/arm64/base.vdex (p7.o.i+334)
06-15 14:18:17.908   443   443 F DEBUG   :       #19 pc 0000000000669a28  /apex/com.android.art/lib64/libart.so (nterp_helper+5720) (BuildId: 7087b2f2160bfbf3335d54ba9779e325)
06-15 14:18:17.908   443   443 F DEBUG   :       #20 pc 00000000005b5898  /data/app/~~GAehEAMuTX2LNZTfy4FTYw==/com.vibekey.keyboard-TI6xiZe3s4-TMQNjCdZ_Sg==/oat/arm64/base.vdex (p7.o.h+520)
06-15 14:18:17.908   443   443 F DEBUG   :       #21 pc 0000000000669a28  /apex/com.android.art/lib64/libart.so (nterp_helper+5720) (BuildId: 7087b2f2160bfbf3335d54ba9779e325)
06-15 14:18:17.908   443   443 F DEBUG   :       #22 pc 00000000005b561e  /data/app/~~GAehEAMuTX2LNZTfy4FTYw==/com.vibekey.keyboard-TI6xiZe3s4-TMQNjCdZ_Sg==/oat/arm64/base.vdex (p7.o.g+110)
06-15 14:18:17.908   443   443 F DEBUG   :       #23 pc 0000000000669a28  /apex/com.android.art/lib64/libart.so (nterp_helper+5720) (BuildId: 7087b2f2160bfbf3335d54ba9779e325)
06-15 14:18:17.908   443   443 F DEBUG   :       #24 pc 00000000005bd6b4  /data/app/~~GAehEAMuTX2LNZTfy4FTYw==/com.vibekey.keyboard-TI6xiZe3s4-TMQNjCdZ_Sg==/oat/arm64/base.vdex (p7.i1.b+364)
06-15 14:18:17.908   443   443 F DEBUG   :       #25 pc 0000000000669a28  /apex/com.android.art/lib64/libart.so (nterp_helper+5720) (BuildId: 7087b2f2160bfbf3335d54ba9779e325)
06-15 14:18:17.908   443   443 F DEBUG   :       #26 pc 0000000000af331e  /data/app/~~GAehEAMuTX2LNZTfy4FTYw==/com.vibekey.keyboard-TI6xiZe3s4-TMQNjCdZ_Sg==/oat/arm64/base.vdex (x7.b.m+1458)
06-15 14:18:17.908   443   443 F DEBUG   :       #27 pc 0000000000669324  /apex/com.android.art/lib64/libart.so (nterp_helper+3924) (BuildId: 7087b2f2160bfbf3335d54ba9779e325)
06-15 14:18:17.908   443   443 F DEBUG   :       #28 pc 00000000005b83f4  /data/app/~~GAehEAMuTX2LNZTfy4FTYw==/com.vibekey.keyboard-TI6xiZe3s4-TMQNjCdZ_Sg==/oat/arm64/base.vdex (p7.u.run+72)
06-15 14:18:17.908   443   443 F DEBUG   :       #29 pc 000000000066a144  /apex/com.android.art/lib64/libart.so (nterp_helper+7540) (BuildId: 7087b2f2160bfbf3335d54ba9779e325)
06-15 14:18:17.908   443   443 F DEBUG   :       #30 pc 0000000000af01de  /data/app/~~GAehEAMuTX2LNZTfy4FTYw==/com.vibekey.keyboard-TI6xiZe3s4-TMQNjCdZ_Sg==/oat/arm64/base.vdex (x7.d.handleMessage+18)
06-15 14:18:17.908   443   443 F DEBUG   :       #31 pc 000000000205b2d4  /memfd:jit-zygote-cache (deleted)
06-15 14:18:19.977   608   608 E OplusCustomizeRestrictionManager: sInstance is null, start a new sInstance
--------- beginning of main
06-15 14:20:44.654   608  1015 E GeckoConsole: [JavaScript Error: "TypeError: can't access property "WindowEventDispatcher", win is null" {file: "resource://gre/modules/GeckoViewSessionStore.sys.mjs" line: 149}]
06-15 14:20:44.654   608  1015 E GeckoConsole: onTabStateUpdate@resource://gre/modules/GeckoViewSessionStore.sys.mjs:149:5
06-15 14:20:44.654   608  1015 E GeckoConsole: updateSessionStoreFromTabListener@resource://gre/modules/GeckoViewSessionStore.sys.mjs:243:10
06-15 14:20:49.176   608   608 I VkVibeCards: enter effects=true overlay=true cards=false
06-15 14:20:49.294   608   608 I VkBrowser: → load host=zerohedge.com
06-15 14:20:49.347   608  1685 E BLASTBufferQueue: BLASTBufferItemConsumer::onDisconnect()
06-15 14:20:49.491  9616  9616 E .keyboard:tab3: Unknown bits set in runtime_flags: 0x40000000
06-15 14:20:49.582  9616  9638 E GeckoLibLoad: Load sqlite start
06-15 14:20:49.583  9616  9638 E GeckoLibLoad: Load sqlite done
06-15 14:20:49.583  9616  9638 E GeckoLibLoad: Load nss start
06-15 14:20:49.583  9616  9638 E GeckoLibLoad: Load nss done
06-15 14:20:49.599  9616  9638 E GeckoLibLoad: Loaded libs in 16.201927ms total, 7ms(6ms) user, 6ms(6ms) system, 0(0) faults
06-15 14:20:49.600  9616  9638 W GeckoThread: zerdatime 1224490464 - runGecko
06-15 14:20:49.620  8234  8256 W Isolated Web Content: [JavaScript Warning: "The value of the attribute “expires” for the cookie “_ga_FS8TY9PHEM” has been overwritten." {file: "https://drudgereport.com/" line: 0}]
06-15 14:20:49.712  9616  9638 W Isolated Web Content: [JavaScript Warning: "Missing resource in locale pt-BR: netwerk/necko.ftl"]
06-15 14:20:49.712  9616  9638 W Isolated Web Content: [JavaScript Warning: "Missing resource in locale pt-PT: netwerk/necko.ftl"]
06-15 14:20:50.235   608  1685 E BLASTBufferQueue: BLASTBufferItemConsumer::onDisconnect()
06-15 14:20:50.240   608   608 I VkBrowser: ✓ page host=www.zerohedge.com title=ZeroHedge
06-15 14:20:50.360  9616  9638 E Isolated Web Content: 64448/ob/<@https://www.zerohedge.com/_next/static/chunks/framework-3bc9684f49160ebb.js:1:146951
06-15 14:20:50.360  9616  9638 E Isolated Web Content: ob@https://www.zerohedge.com/_next/static/chunks/framework-3bc9684f49160ebb.js:1:147225
06-15 14:20:50.360  9616  9638 E Isolated Web Content: i@https://www.zerohedge.com/_next/static/chunks/framework-3bc9684f49160ebb.js:1:190190
06-15 14:20:50.360  9616  9638 E Isolated Web Content: uI@https://www.zerohedge.com/_next/static/chunks/framework-3bc9684f49160ebb.js:1:167955
06-15 14:20:50.360  9616  9638 E Isolated Web Content: 64448/uM/<@https://www.zerohedge.com/_next/static/chunks/framework-3bc9684f49160ebb.js:1:167823
06-15 14:20:50.360  9616  9638 E Isolated Web Content: uM@https://www.zerohedge.com/_next/static/chunks/framework-3bc9684f49160ebb.js:1:167828
06-15 14:20:50.360  9616  9638 E Isolated Web Content: uS@https://www.zerohedge.com/_next/static/chunks/framework-3bc9684f49160ebb.js:1:162867
06-15 14:20:50.360  9616  9638 E Isolated Web Content: x@https://www.zerohedge.com/_next/static/chunks/framework-3bc9684f49
06-15 14:20:50.655   608  1015 W GeckoEventDispatcher: No listener for GeckoView:Autocomplete:Fetch:Login
06-15 14:20:50.770   608  1015 W GeckoEventDispatcher: No listener for GeckoView:Autocomplete:Fetch:Login
06-15 14:20:51.707  9837  9837 E y.keyboard:tab: Unknown bits set in runtime_flags: 0x40000000
06-15 14:20:51.787  9837  9857 E GeckoLibLoad: Load sqlite start
06-15 14:20:51.789  9837  9857 E GeckoLibLoad: Load sqlite done
06-15 14:20:51.789  9837  9857 E GeckoLibLoad: Load nss start
06-15 14:20:51.789  9837  9857 E GeckoLibLoad: Load nss done
06-15 14:20:51.810  9837  9857 E GeckoLibLoad: Loaded libs in 20.444739ms total, 3ms(5ms) user, 14ms(13ms) system, 0(0) faults
06-15 14:20:51.810  9837  9857 W GeckoThread: zerdatime 1224492674 - runGecko
06-15 14:20:54.632  9918  9918 E .keyboard:tab3: Unknown bits set in runtime_flags: 0x40000000
06-15 14:20:54.717  9918  9934 E GeckoLibLoad: Load sqlite start
06-15 14:20:54.719  9918  9934 E GeckoLibLoad: Load sqlite done
06-15 14:20:54.719  9918  9934 E GeckoLibLoad: Load nss start
06-15 14:20:54.719  9918  9934 E GeckoLibLoad: Load nss done
06-15 14:20:54.731  9918  9934 E GeckoLibLoad: Loaded libs in 11.249167ms total, 10ms(11ms) user, 0ms(0ms) system, 0(0) faults
06-15 14:20:54.731  9918  9934 W GeckoThread: zerdatime 1224495595 - runGecko
06-15 14:20:55.036 10038 10038 E .keyboard:tab1: Unknown bits set in runtime_flags: 0x40000000
06-15 14:20:55.070 10054 10054 E .keyboard:tab2: Unknown bits set in runtime_flags: 0x40000000
06-15 14:20:55.127 10074 10074 E .keyboard:tab3: Unknown bits set in runtime_flags: 0x40000000
06-15 14:20:55.130 10038 10080 E GeckoLibLoad: Load sqlite start
06-15 14:20:55.134 10038 10080 E GeckoLibLoad: Load sqlite done
06-15 14:20:55.134 10038 10080 E GeckoLibLoad: Load nss start
06-15 14:20:55.134 10038 10080 E GeckoLibLoad: Load nss done
06-15 14:20:55.155 10090 10090 E .keyboard:tab3: Unknown bits set in runtime_flags: 0x40000000
06-15 14:20:55.166 10100 10100 E y.keyboard:tab: Unknown bits set in runtime_flags: 0x40000000
06-15 14:20:55.166 10038 10080 E GeckoLibLoad: Loaded libs in 31.634063ms total, 21ms(19ms) user, 7ms(9ms) system, 0(0) faults
06-15 14:20:55.166 10038 10080 W GeckoThread: zerdatime 1224496031 - runGecko
06-15 14:20:55.199 10054 10104 E GeckoLibLoad: Load sqlite start
06-15 14:20:55.200 10054 10104 E GeckoLibLoad: Load sqlite done
06-15 14:20:55.200 10054 10104 E GeckoLibLoad: Load nss start
06-15 14:20:55.200 10054 10104 E GeckoLibLoad: Load nss done
06-15 14:20:55.211 10054 10104 E GeckoLibLoad: Loaded libs in 11.239948ms total, 3ms(0ms) user, 6ms(10ms) system, 0(0) faults
06-15 14:20:55.211 10054 10104 W GeckoThread: zerdatime 1224496076 - runGecko
06-15 14:20:55.257 10074 10135 E GeckoLibLoad: Load sqlite start
06-15 14:20:55.258 10090 10138 E GeckoLibLoad: Load sqlite start
06-15 14:20:55.259 10074 10135 E GeckoLibLoad: Load sqlite done
06-15 14:20:55.259 10074 10135 E GeckoLibLoad: Load nss start
06-15 14:20:55.259 10074 10135 E GeckoLibLoad: Load nss done
06-15 14:20:55.259 10090 10138 E GeckoLibLoad: Load sqlite done
06-15 14:20:55.259 10090 10138 E GeckoLibLoad: Load nss start
06-15 14:20:55.259 10090 10138 E GeckoLibLoad: Load nss done
06-15 14:20:55.279 10090 10138 E GeckoLibLoad: Loaded libs in 19.127865ms total, 0ms(0ms) user, 9ms(9ms) system, 0(0) faults
06-15 14:20:55.279 10074 10135 E GeckoLibLoad: Loaded libs in 19.552344ms total, 0ms(0ms) user, 10ms(9ms) system, 0(0) faults
06-15 14:20:55.279 10090 10138 W GeckoThread: zerdatime 1224496143 - runGecko
06-15 14:20:55.279 10074 10135 W GeckoThread: zerdatime 1224496143 - runGecko
06-15 14:20:55.293 10100 10155 E GeckoLibLoad: Load sqlite start
06-15 14:20:55.295 10100 10155 E GeckoLibLoad: Load sqlite done
06-15 14:20:55.295 10100 10155 E GeckoLibLoad: Load nss start
06-15 14:20:55.295 10100 10155 E GeckoLibLoad: Load nss done
06-15 14:20:55.313 10100 10155 E GeckoLibLoad: Loaded libs in 17.645625ms total, 5ms(8ms) user, 0ms(0ms) system, 0(0) faults
06-15 14:20:55.313 10100 10155 W GeckoThread: zerdatime 1224496177 - runGecko
06-15 14:20:55.393   608   628 E BLASTBufferQueue: BLASTBufferItemConsumer::onDisconnect()
06-15 14:20:55.395   608   608 E GeckoView: Failed to detach WindowInsetsListener: 
06-15 14:20:55.395   608   608 E GeckoView: java.lang.NullPointerException: Attempt to invoke virtual method 'android.view.Window android.app.Activity.getWindow()' on a null object reference
06-15 14:20:55.395   608   608 E GeckoView: 	at org.mozilla.geckoview.GeckoView.detachWindowInsetsListener(r8-map-id-6480343f4293e05b274930dd17b640b672ecf32c22c7a539642c36925b869f25:1)
06-15 14:20:55.395   608   608 E GeckoView: 	at org.mozilla.geckoview.GeckoView.onDetachedFromWindow(r8-map-id-6480343f4293e05b274930dd17b640b672ecf32c22c7a539642c36925b869f25:25)
06-15 14:20:55.395   608   608 E GeckoView: 	at helium314.keyboard.latin.panels.ImeGeckoView.onDetachedFromWindow(r8-map-id-6480343f4293e05b274930dd17b640b672ecf32c22c7a539642c36925b869f25:1)
06-15 14:20:55.395   608   608 E GeckoView: 	at android.view.View.dispatchDetachedFromWindow(View.java:20955)
06-15 14:20:55.395   608   608 E GeckoView: 	at android.view.ViewGroup.dispatchDetachedFromWindow(ViewGroup.java:4014)
06-15 14:20:55.395   608   608 E GeckoView: 	at android.view.ViewGroup.removeViewInternal(ViewGroup.java:5660)
06-15 14:20:55.395   608   608 E GeckoView: 	at android.view.ViewGroup.removeViewInternal(ViewGroup.java:5631)
06-15 14:20:55.395   608   608 E GeckoView: 	at android.view.ViewGroup.removeView(ViewGroup.java:5562)
06-15 14:20:55.395   608   608 E GeckoView: 	at a8.t0.run(r8-map-id-6480343f4293e05b274930dd17b640b672ecf32c22c7a539642c36925b869f25:1198)
06-15 14:20:55.395   608   608 E GeckoView: 	at helium314.keyboard.latin.panels.BrowserPanelView.R(r8-map-id-6480343f4293e05b274930dd17b640b672ecf32c22c7a539642c36925b869f25:151)
06-15 14:20:55.395   608   608 E GeckoView: 	at helium314.keyboard.latin.panels.BrowserPanelView.I0(r8-map-id-6480343f4293e05b274930dd17b640b672ecf32c22c7a539642c36925b869f25:73)
06-15 14:20:55.395   608   608 E GeckoView: 	at i7.c0.r(r8-map-id-6480343f4293e05b274930dd17b640b672ecf32c22c7a539642c36925b869f25:149)
06-15 14:20:55.395   608   608 E GeckoView: 	at i7.c0.P(r8-map-id-6480343f4293e05b274930dd17b640b672ecf32c22c7a539642c36925b869f25:17)
06-15 14:20:55.395   608   608 E GeckoView: 	at a8.h5.a(r8-map-id-6480343f4293e05b274930dd17b640b672ecf32c22c7a539642c36925b869f25:3)
06-15 14:20:55.395   608   608 E GeckoView: 	at a8.f3.onClick(r8-map-id-6480343f4293e05b274930dd17b640b672ecf32c22c7a539642c36925b869f25:207)
06-15 14:20:55.395   608   608 E GeckoView: 	at android.view.View.performClick(View.java:7488)
06-15 14:20:55.395   608   608 E GeckoView: 	at android.view.View.performClickInternal(View.java:7464)
06-15 14:20:55.395   608   608 E GeckoView: 	at android.view.View.access$3700(View.java:841)
06-15 14:20:55.395   608   608 E GeckoView: 	at android.view.View$PerformClick.run(View.java:28911)
06-15 14:20:55.395   608   608 E GeckoView: 	at android.os.Handler.handleCallback(Handler.java:938)
06-15 14:20:55.395   608   608 E GeckoView: 	at android.os.Handler.dispatchMessage(Handler.java:99)
06-15 14:20:55.395   608   608 E GeckoView: 	at android.os.Looper.loopOnce(Looper.java:233)
06-15 14:20:55.395   608   608 E GeckoView: 	at android.os.Looper.loop(Looper.java:344)
06-15 14:20:55.395   608   608 E GeckoView: 	at android.app.ActivityThread.main(ActivityThread.java:8212)
06-15 14:20:55.395   608   608 E GeckoView: 	at java.lang.reflect.Method.invoke(Native Method)
06-15 14:20:55.395   608   608 E GeckoView: 	at com.android.internal.os.RuntimeInit$MethodAndArgsCaller.run(RuntimeInit.java:584)
06-15 14:20:55.395   608   608 E GeckoView: 	at com.android.internal.os.ZygoteInit.main(ZygoteInit.java:1034)
06-15 14:20:55.605 10251 10251 E .keyboard:tab3: Unknown bits set in runtime_flags: 0x40000000
06-15 14:20:55.679 10251 10281 E GeckoLibLoad: Load sqlite start
06-15 14:20:55.680 10251 10281 E GeckoLibLoad: Load sqlite done
06-15 14:20:55.680 10251 10281 E GeckoLibLoad: Load nss start
06-15 14:20:55.680 10251 10281 E GeckoLibLoad: Load nss done
06-15 14:20:55.691 10251 10281 E GeckoLibLoad: Loaded libs in 10.742083ms total, 5ms(9ms) user, 1ms(0ms) system, 0(0) faults
06-15 14:20:55.691 10251 10281 W GeckoThread: zerdatime 1224496556 - runGecko
06-15 14:20:55.763 10361 10361 E .keyboard:tab2: Unknown bits set in runtime_flags: 0x40000000
06-15 14:20:55.835 10398 10398 E y.keyboard:tab: Unknown bits set in runtime_flags: 0x40000000
06-15 14:20:55.906 10361 10427 E GeckoLibLoad: Load sqlite start
06-15 14:20:55.907 10361 10427 E GeckoLibLoad: Load sqlite done
06-15 14:20:55.908 10361 10427 E GeckoLibLoad: Load nss start
06-15 14:20:55.908 10361 10427 E GeckoLibLoad: Load nss done
06-15 14:20:55.918 10441 10441 E y.keyboard:tab: Unknown bits set in runtime_flags: 0x40000000
06-15 14:20:55.920 10361 10427 E GeckoLibLoad: Loaded libs in 11.866510ms total, 0ms(0ms) user, 9ms(10ms) system, 0(0) faults
06-15 14:20:55.920 10361 10427 W GeckoThread: zerdatime 1224496784 - runGecko
06-15 14:20:55.934 10398 10450 E GeckoLibLoad: Load sqlite start
06-15 14:20:55.937 10398 10450 E GeckoLibLoad: Load sqlite done
06-15 14:20:55.937 10398 10450 E GeckoLibLoad: Load nss start
06-15 14:20:55.937 10398 10450 E GeckoLibLoad: Load nss done
06-15 14:20:55.946 10398 10450 E GeckoLibLoad: Loaded libs in 9.133072ms total, 0ms(0ms) user, 2ms(8ms) system, 0(0) faults
06-15 14:20:55.946 10398 10450 W GeckoThread: zerdatime 1224496811 - runGecko
06-15 14:20:56.064 10441 10500 E GeckoLibLoad: Load sqlite start
06-15 14:20:56.065 10441 10500 E GeckoLibLoad: Load sqlite done
06-15 14:20:56.065 10441 10500 E GeckoLibLoad: Load nss start
06-15 14:20:56.065 10441 10500 E GeckoLibLoad: Load nss done
06-15 14:20:56.077 10441 10500 E GeckoLibLoad: Loaded libs in 12.077136ms total, 10ms(9ms) user, 0ms(0ms) system, 0(0) faults
06-15 14:20:56.078 10441 10500 W GeckoThread: zerdatime 1224496943 - runGecko
06-15 14:20:56.176 10531 10531 E y.keyboard:tab: Unknown bits set in runtime_flags: 0x40000000
06-15 14:20:56.210   608   608 I VkPanels: ▶ open menu
06-15 14:20:56.234 10564 10564 E y.keyboard:tab: Unknown bits set in runtime_flags: 0x40000000
06-15 14:20:56.284 10531 10591 E GeckoLibLoad: Load sqlite start
06-15 14:20:56.285 10531 10591 E GeckoLibLoad: Load sqlite done
06-15 14:20:56.285 10531 10591 E GeckoLibLoad: Load nss start
06-15 14:20:56.285 10531 10591 E GeckoLibLoad: Load nss done
06-15 14:20:56.306 10531 10591 E GeckoLibLoad: Loaded libs in 21.332083ms total, 0ms(0ms) user, 8ms(11ms) system, 0(0) faults
06-15 14:20:56.306 10531 10591 W GeckoThread: zerdatime 1224497171 - runGecko
06-15 14:20:56.320 10564 10615 E GeckoLibLoad: Load sqlite start
06-15 14:20:56.325 10564 10615 E GeckoLibLoad: Load sqlite done
06-15 14:20:56.327 10564 10615 E GeckoLibLoad: Load nss start
06-15 14:20:56.327 10564 10615 E GeckoLibLoad: Load nss done
06-15 14:20:56.338 10564 10615 E GeckoLibLoad: Loaded libs in 9.975990ms total, 5ms(9ms) user, 0ms(0ms) system, 0(0) faults
06-15 14:20:56.338 10564 10615 W GeckoThread: zerdatime 1224497203 - runGecko
06-15 14:20:56.472 10531 10591 W GeckoEditableChild: No editable parent
06-15 14:20:56.484 10531 10591 W GeckoEditableChild: No editable parent
06-15 14:20:56.491 10531 10591 W GeckoEditableChild: No editable parent
06-15 14:20:56.661 10665 10665 E y.keyboard:tab: Unknown bits set in runtime_flags: 0x40000000
06-15 14:20:56.714 10688 10688 E .keyboard:tab1: Unknown bits set in runtime_flags: 0x40000000
06-15 14:20:56.732 10665 10727 E GeckoLibLoad: Load sqlite start
06-15 14:20:56.737 10665 10727 E GeckoLibLoad: Load sqlite done
06-15 14:20:56.738 10665 10727 E GeckoLibLoad: Load nss start
06-15 14:20:56.738 10665 10727 E GeckoLibLoad: Load nss done
06-15 14:20:56.755 10665 10727 E GeckoLibLoad: Loaded libs in 17.451719ms total, 0ms(0ms) user, 14ms(15ms) system, 0(0) faults
06-15 14:20:56.756 10665 10727 W GeckoThread: zerdatime 1224497620 - runGecko
06-15 14:20:56.789 10688 10761 E GeckoLibLoad: Load sqlite start
06-15 14:20:56.790 10688 10761 E GeckoLibLoad: Load sqlite done
06-15 14:20:56.790 10688 10761 E GeckoLibLoad: Load nss start
06-15 14:20:56.790 10688 10761 E GeckoLibLoad: Load nss done
06-15 14:20:56.800 10688 10761 E GeckoLibLoad: Loaded libs in 10.035416ms total, 8ms(9ms) user, 0ms(0ms) system, 0(0) faults
