05-31 11:05:22.877 29477 29477 W View    : requestLayout() improperly called by helium314.keyboard.latin.panels.BrowserPanelView{409afeb V.E...... ......I. 0,0-1440,2040} during layout: running second layout pass
05-31 11:05:22.883 29477 29477 W View    : requestLayout() improperly called by helium314.keyboard.latin.panels.BrowserPanelView{409afeb V.E...... ........ 0,0-1440,2040} during second layout pass: posting in next frame
05-31 11:05:22.893 29477 29477 W View    : requestLayout() improperly called by helium314.keyboard.latin.panels.BrowserPanelView{409afeb V.E...... ......I. 0,0-1440,2040} during layout: running second layout pass
05-31 11:05:22.896 29477 29477 W View    : requestLayout() improperly called by helium314.keyboard.latin.panels.BrowserPanelView{409afeb V.E...... ........ 0,0-1440,2040} during second layout pass: posting in next frame
05-31 11:05:22.910 29477 29477 W View    : requestLayout() improperly called by helium314.keyboard.latin.panels.BrowserPanelView{409afeb V.E...... ......I. 0,0-1440,2040} during layout: running second layout pass
05-31 11:05:22.914 29477 29477 W View    : requestLayout() improperly called by helium314.keyboard.latin.panels.BrowserPanelView{409afeb V.E...... ........ 0,0-1440,2040} during second layout pass: posting in next frame
05-31 11:05:22.928 29477 29477 W View    : requestLayout() improperly called by helium314.keyboard.latin.panels.BrowserPanelView{409afeb V.E...... ......I. 0,0-1440,2040} during layout: running second layout pass
05-31 11:05:22.934 29477 29477 W View    : requestLayout() improperly called by helium314.keyboard.latin.panels.BrowserPanelView{409afeb V.E...... ........ 0,0-1440,2040} during second layout pass: posting in next frame
05-31 11:05:22.943 29477 29477 W View    : requestLayout() improperly called by helium314.keyboard.latin.panels.BrowserPanelView{409afeb V.E...... ......I. 0,0-1440,2040} during layout: running second layout pass
05-31 11:05:22.948 29477 29477 W View    : requestLayout() improperly called by helium314.keyboard.latin.panels.BrowserPanelView{409afeb V.E...... ........ 0,0-1440,2040} during second layout pass: posting in next frame
05-31 11:05:22.962 29477 29477 W View    : requestLayout() improperly called by helium314.keyboard.latin.panels.BrowserPanelView{409afeb V.E...... ......ID 0,0-1440,2040} during layout: running second layout pass
05-31 11:05:22.966 29477 29477 W View    : requestLayout() improperly called by helium314.keyboard.latin.panels.BrowserPanelView{409afeb V.E...... ........ 0,0-1440,2040} during second layout pass: posting in next frame
05-31 11:05:22.978 29477 29477 W View    : requestLayout() improperly called by helium314.keyboard.latin.panels.BrowserPanelView{409afeb V.E...... ......I. 0,0-1440,2040} during layout: running second layout pass
05-31 11:05:22.981 29477 29477 W View    : requestLayout() improperly called by helium314.keyboard.latin.panels.BrowserPanelView{409afeb V.E...... ........ 0,0-1440,2040} during second layout pass: posting in next frame
05-31 11:05:22.994 29477 29477 W View    : requestLayout() improperly called by helium314.keyboard.latin.panels.BrowserPanelView{409afeb V.E...... ......I. 0,0-1440,2040} during layout: running second layout pass
05-31 11:05:22.999 29477 29477 W View    : requestLayout() improperly called by helium314.keyboard.latin.panels.BrowserPanelView{409afeb V.E...... ........ 0,0-1440,2040} during second layout pass: posting in next frame
05-31 11:05:23.011 29477 29477 W View    : requestLayout() improperly called by helium314.keyboard.latin.panels.BrowserPanelView{409afeb V.E...... ......I. 0,0-1440,2040} during layout: running second layout pass
05-31 11:05:23.019 29477 29477 W View    : requestLayout() improperly called by helium314.keyboard.latin.panels.BrowserPanelView{409afeb V.E...... .......D 0,0-1440,2040} during second layout pass: posting in next frame
05-31 11:05:23.028 29477 29477 W View    : requestLayout() improperly called by helium314.keyboard.latin.panels.BrowserPanelView{409afeb V.E...... ......ID 0,0-1440,2040} during layout: running second layout pass
05-31 11:05:23.036 29477 29477 W View    : requestLayout() improperly called by helium314.keyboard.latin.panels.BrowserPanelView{409afeb V.E...... ........ 0,0-1440,2040} during second layout pass: posting in next frame
05-31 11:05:23.044 29477 29477 W View    : requestLayout() improperly called by helium314.keyboard.latin.panels.BrowserPanelView{409afeb V.E...... ......I. 0,0-1440,2040} during layout: running second layout pass
05-31 11:05:23.055 29477 29477 W View    : requestLayout() improperly called by helium314.keyboard.latin.panels.BrowserPanelView{409afeb V.E...... ........ 0,0-1440,2040} during second layout pass: posting in next frame
05-31 11:05:23.069 29477 29477 W View    : requestLayout() improperly called by helium314.keyboard.latin.panels.BrowserPanelView{409afeb V.E...... ......I. 0,0-1440,2040} during layout: running second layout pass
05-31 11:05:23.077 29477 29477 W View    : requestLayout() improperly called by helium314.keyboard.latin.panels.BrowserPanelView{409afeb V.E...... ........ 0,0-1440,2040} during second layout pass: posting in next frame
05-31 11:05:23.080 29477 29477 W View    : requestLayout() improperly called by helium314.keyboard.latin.panels.BrowserPanelView{409afeb V.E...... ......I. 0,0-1440,2040} during layout: running second layout pass
05-31 11:05:23.087 29477 29477 W View    : requestLayout() improperly called by helium314.keyboard.latin.panels.BrowserPanelView{409afeb V.E...... ........ 0,0-1440,2040} during second layout pass: posting in next frame
05-31 11:05:23.095 29477 29477 W View    : requestLayout() improperly called by helium314.keyboard.latin.panels.BrowserPanelView{409afeb V.E...... ......I. 0,0-1440,2040} during layout: running second layout pass
05-31 11:05:23.102 29477 29477 W View    : requestLayout() improperly called by helium314.keyboard.latin.panels.BrowserPanelView{409afeb V.E...... ........ 0,0-1440,2040} during second layout pass: posting in next frame
05-31 11:05:23.112 29477 29477 W View    : requestLayout() improperly called by helium314.keyboard.latin.panels.BrowserPanelView{409afeb V.E...... ......I. 0,0-1440,2040} during layout: running second layout pass
05-31 11:05:23.122 29477 29477 W View    : requestLayout() improperly called by helium314.keyboard.latin.panels.BrowserPanelView{409afeb V.E...... ........ 0,0-1440,2040} during second layout pass: posting in next frame
05-31 11:05:23.128 29477 29477 W View    : requestLayout() improperly called by helium314.keyboard.latin.panels.BrowserPanelView{409afeb V.E...... ......I. 0,0-1440,2040} during layout: running second layout pass
05-31 11:05:23.135 29477 29477 W View    : requestLayout() improperly called by helium314.keyboard.latin.panels.BrowserPanelView{409afeb V.E...... ........ 0,0-1440,2040} during second layout pass: posting in next frame
05-31 11:05:23.145 29477 29477 W View    : requestLayout() improperly called by helium314.keyboard.latin.panels.BrowserPanelView{409afeb V.E...... ......I. 0,0-1440,2040} during layout: running second layout pass
05-31 11:05:23.153 29477 29477 W View    : requestLayout() improperly called by helium314.keyboard.latin.panels.BrowserPanelView{409afeb V.E...... ........ 0,0-1440,2040} during second layout pass: posting in next frame
05-31 11:05:23.161 29477 29477 W View    : requestLayout() improperly called by helium314.keyboard.latin.panels.BrowserPanelView{409afeb V.E...... ......I. 0,0-1440,2040} during layout: running second layout pass
05-31 11:05:23.167 29477 29477 W View    : requestLayout() improperly called by helium314.keyboard.latin.panels.BrowserPanelView{409afeb V.E...... ........ 0,0-1440,2040} during second layout pass: posting in next frame
05-31 11:05:23.178 29477 29477 W View    : requestLayout() improperly called by helium314.keyboard.latin.panels.BrowserPanelView{409afeb V.E...... ......I. 0,0-1440,2040} during layout: running second layout pass
05-31 11:05:23.184 29477 29477 W View    : requestLayout() improperly called by helium314.keyboard.latin.panels.BrowserPanelView{409afeb V.E...... ........ 0,0-1440,2040} during second layout pass: posting in next frame
05-31 11:05:23.195 29477 29477 W View    : requestLayout() improperly called by helium314.keyboard.latin.panels.BrowserPanelView{409afeb V.E...... ......I. 0,0-1440,2040} during layout: running second layout pass
05-31 11:05:23.199 29477 29477 W View    : requestLayout() improperly called by helium314.keyboard.latin.panels.BrowserPanelView{409afeb V.E...... ........ 0,0-1440,2040} during second layout pass: posting in next frame
05-31 11:05:23.211 29477 29477 W View    : requestLayout() improperly called by helium314.keyboard.latin.panels.BrowserPanelView{409afeb V.E...... ......I. 0,0-1440,2040} during layout: running second layout pass
05-31 11:05:23.216 29477 29477 W View    : requestLayout() improperly called by helium314.keyboard.latin.panels.BrowserPanelView{409afeb V.E...... ........ 0,0-1440,2040} during second layout pass: posting in next frame
05-31 11:05:23.229 29477 29477 W View    : requestLayout() improperly called by helium314.keyboard.latin.panels.BrowserPanelView{409afeb V.E...... ......I. 0,0-1440,2040} during layout: running second layout pass
05-31 11:05:23.237 29477 29477 W View    : requestLayout() improperly called by helium314.keyboard.latin.panels.BrowserPanelView{409afeb V.E...... ........ 0,0-1440,2040} during second layout pass: posting in next frame
05-31 11:05:23.245 29477 29477 W View    : requestLayout() improperly called by helium314.keyboard.latin.panels.BrowserPanelView{409afeb V.E...... ......I. 0,0-1440,2040} during layout: running second layout pass
05-31 11:05:23.254 29477 29477 W View    : requestLayout() improperly called by helium314.keyboard.latin.panels.BrowserPanelView{409afeb V.E...... ........ 0,0-1440,2040} during second layout pass: posting in next frame
05-31 11:05:23.262 29477 29477 W View    : requestLayout() improperly called by helium314.keyboard.latin.panels.BrowserPanelView{409afeb V.E...... ......I. 0,0-1440,2040} during layout: running second layout pass
05-31 11:05:23.272 29477 29477 W View    : requestLayout() improperly called by helium314.keyboard.latin.panels.BrowserPanelView{409afeb V.E...... ........ 0,0-1440,2040} during second layout pass: posting in next frame
05-31 11:05:23.278 29477 29477 W View    : requestLayout() improperly called by helium314.keyboard.latin.panels.BrowserPanelView{409afeb V.E...... ......I. 0,0-1440,2040} during layout: running second layout pass
05-31 11:05:23.285 29477 29477 W View    : requestLayout() improperly called by helium314.keyboard.latin.panels.BrowserPanelView{409afeb V.E...... ........ 0,0-1440,2040} during second layout pass: posting in next frame
05-31 11:05:23.295 29477 29477 W View    : requestLayout() improperly called by helium314.keyboard.latin.panels.BrowserPanelView{409afeb V.E...... ......I. 0,0-1440,2040} during layout: running second layout pass
05-31 11:05:23.301 29477 29477 W View    : requestLayout() improperly called by helium314.keyboard.latin.panels.BrowserPanelView{409afeb V.E...... ........ 0,0-1440,2040} during second layout pass: posting in next frame
05-31 11:05:23.310 29477 29477 W View    : requestLayout() improperly called by helium314.keyboard.latin.panels.BrowserPanelView{409afeb V.E...... ......I. 0,0-1440,2040} during layout: running second layout pass
05-31 11:05:27.147 29978 29978 E ibekey.keyboar: Unknown bits set in runtime_flags: 0x40000000
05-31 11:05:27.257 29978 29978 W f0      : Could not load system glide typing library jni_latinimegoogle: dlopen failed: library "libjni_latinimegoogle.so" not found
05-31 11:05:27.297 30027 30027 E oard:llm_engin: Unknown bits set in runtime_flags: 0x40000000
05-31 11:05:27.351 29978 29978 W u       : No editor info for this field. Bug?
05-31 11:05:27.396 29978 29978 W ibekey.keyboar: ClassLoaderContext classpath size mismatch. expected=1, found=0 (DLC[];PCL[base.apk*4009363210]{PCL[/system/framework/org.apache.http.legacy.jar*3034548894]#PCL[/apex/com.android.extservices/javalib/android.ext.adservices.jar*3839736497]#PCL[/system/framework/com.android.location.provider.jar*3633238672]#PCL[/system/framework/com.android.media.remotedisplay.jar*3472798123]#PCL[/apex/com.android.extservices/javalib/android.ext.adservices.jar*3839736497]} | DLC[];PCL[])
05-31 11:05:27.405 29978 29978 W System  : ClassLoader referenced unknown path: 
05-31 11:05:27.408 29978 29978 W ibekey.keyboar: ClassLoaderContext classpath element checksum mismatch. expected=4009363210, found=3076474064 (DLC[];PCL[base.apk*4009363210]{PCL[/system/framework/org.apache.http.legacy.jar*3034548894]#PCL[/apex/com.android.extservices/javalib/android.ext.adservices.jar*3839736497]#PCL[/system/framework/com.android.location.provider.jar*3633238672]#PCL[/system/framework/com.android.media.remotedisplay.jar*3472798123]#PCL[/apex/com.android.extservices/javalib/android.ext.adservices.jar*3839736497]} | DLC[];PCL[/data/app/~~z6AUhlO_2r_A6wBsYo1c8A==/com.vibekey.keyboard-rRqI1tBpCEZ8Ij6px5EMeg==/base.apk*3076474064]{PCL[/apex/com.android.extservices/javalib/android.ext.adservices.jar*3839736497]})
05-31 11:05:27.482 29978 29978 E ibekey.keyboar: ofbOpen failed with error=No such file or directory
05-31 11:05:27.482 29978 29978 E ibekey.keyboar: sysOpen failed with error=No such file or directory
05-31 11:05:27.501 29978 30072 W Ads     : Update ad debug logging enablement as false
05-31 11:05:27.528 29978 29978 E MultiApp.Impl: OplusMultiAppImpl
05-31 11:05:27.598 29978 29978 W libc    : Access denied finding property "ro.vendor.api_level"
05-31 11:05:27.603 29978 29978 W chromium: [WARNING:android_webview/browser/network_service/net_helpers.cc:137] HTTP Cache size is: 20971520
05-31 11:05:27.674 29978 29978 E OplusCustomizeRestrictionManager: sInstance is null, start a new sInstance
05-31 11:05:27.691 29978 30153 W libc    : Access denied finding property "vendor.camera.aux.packagelist"
05-31 11:05:27.691 29978 30153 W libc    : Access denied finding property "vendor.camera.aux.packagelist"
05-31 11:05:27.692 29978 30092 W libc    : Access denied finding property "vendor.camera.aux.packagelist"
05-31 11:05:27.709 29978 30074 E ibekey.keyboar: Attempt to load writable dex file: /data/user/0/com.vibekey.keyboard/app_pccache/5/56714EC4B397821146ACB6EC79A53312EEB47CCA/pcam.jar
05-31 11:05:27.718 29978 29978 W AdWorker(Defaul: type=1400 audit(0.0:30200): avc: granted { execute } for path="/data/data/com.vibekey.keyboard/app_pccache/5/56714EC4B397821146ACB6EC79A53312EEB47CCA/pcam.jar" dev="dm-2" ino=789166 scontext=u:r:untrusted_app:s0:c6,c271,c512,c768 tcontext=u:object_r:app_data_file:s0:c6,c271,c512,c768 tclass=file app=com.vibekey.keyboard
05-31 11:05:27.740 29978 30083 W Ads     : Invoke Firebase method getInstance error.
05-31 11:05:27.740 29978 30083 W Ads     : The Google Mobile Ads SDK will not integrate with Firebase. Admob/Firebase integration requires the latest Firebase SDK jar, but Firebase SDK is either missing or out of date
05-31 11:05:27.796 29978 30154 W ServiceBindIntentUtils: Dynamic lookup for intent failed for action: com.google.android.gms.ads.service.CACHE
05-31 11:05:27.930 29978 29978 W LayerDrawable: Invalid drawable added to LayerDrawable! Drawable already belongs to another owner but does not expose a constant state.
05-31 11:05:27.930 29978 29978 W LayerDrawable: java.lang.RuntimeException
05-31 11:05:27.930 29978 29978 W LayerDrawable: 	at android.graphics.drawable.LayerDrawable$ChildDrawable.<init>(LayerDrawable.java:1857)
05-31 11:05:27.930 29978 29978 W LayerDrawable: 	at android.graphics.drawable.LayerDrawable$LayerState.<init>(LayerDrawable.java:1977)
05-31 11:05:27.930 29978 29978 W LayerDrawable: 	at android.graphics.drawable.LayerDrawable.createConstantState(LayerDrawable.java:174)
05-31 11:05:27.930 29978 29978 W LayerDrawable: 	at android.graphics.drawable.LayerDrawable.mutate(LayerDrawable.java:1782)
05-31 11:05:27.930 29978 29978 W LayerDrawable: 	at y7.r3.j(r8-map-id-b9e4852dcab4b8ac61e07ce708f6f2fb6b9a2b525cef7368ffb87cf35cdeac09:83)
05-31 11:05:27.930 29978 29978 W LayerDrawable: 	at helium314.keyboard.latin.panels.AiThemePanelView.f(r8-map-id-b9e4852dcab4b8ac61e07ce708f6f2fb6b9a2b525cef7368ffb87cf35cdeac09:185)
05-31 11:05:27.930 29978 29978 W LayerDrawable: 	at helium314.keyboard.latin.panels.AiThemePanelView.T(r8-map-id-b9e4852dcab4b8ac61e07ce708f6f2fb6b9a2b525cef7368ffb87cf35cdeac09:88)
05-31 11:05:27.930 29978 29978 W LayerDrawable: 	at helium314.keyboard.latin.panels.AiThemePanelView.S(r8-map-id-b9e4852dcab4b8ac61e07ce708f6f2fb6b9a2b525cef7368ffb87cf35cdeac09:53)
05-31 11:05:27.930 29978 29978 W LayerDrawable: 	at g7.b0.r(r8-map-id-b9e4852dcab4b8ac61e07ce708f6f2fb6b9a2b525cef7368ffb87cf35cdeac09:192)
05-31 11:05:27.930 29978 29978 W LayerDrawable: 	at g7.b0.U(r8-map-id-b9e4852dcab4b8ac61e07ce708f6f2fb6b9a2b525cef7368ffb87cf35cdeac09:53)
05-31 11:05:27.930 29978 29978 W LayerDrawable: 	at g7.b0.R(r8-map-id-b9e4852dcab4b8ac61e07ce708f6f2fb6b9a2b525cef7368ffb87cf35cdeac09:3)
05-31 11:05:27.930 29978 29978 W LayerDrawable: 	at k7.o0.c(r8-map-id-b9e4852dcab4b8ac61e07ce708f6f2fb6b9a2b525cef7368ffb87cf35cdeac09:12)
05-31 11:05:27.930 29978 29978 W LayerDrawable: 	at k7.o0.b(r8-map-id-b9e4852dcab4b8ac61e07ce708f6f2fb6b9a2b525cef7368ffb87cf35cdeac09:51)
05-31 11:05:27.930 29978 29978 W LayerDrawable: 	at g7.b0.w(r8-map-id-b9e4852dcab4b8ac61e07ce708f6f2fb6b9a2b525cef7368ffb87cf35cdeac09:91)
05-31 11:05:27.930 29978 29978 W LayerDrawable: 	at g7.b0.H(r8-map-id-b9e4852dcab4b8ac61e07ce708f6f2fb6b9a2b525cef7368ffb87cf35cdeac09:30)
05-31 11:05:27.930 29978 29978 W LayerDrawable: 	at helium314.keyboard.latin.LatinIME.onStartInputView(r8-map-id-b9e4852dcab4b8ac61e07ce708f6f2fb6b9a2b525cef7368ffb87cf35cdeac09:926)
05-31 11:05:27.930 29978 29978 W LayerDrawable: 	at android.inputmethodservice.InputMethodService.startViews(InputMethodService.java:2400)
05-31 11:05:27.930 29978 29978 W LayerDrawable: 	at android.inputmethodservice.InputMethodService.showWindow(InputMethodService.java:2341)
05-31 11:05:27.930 29978 29978 W LayerDrawable: 	at android.inputmethodservice.InputMethodService$InputMethodImpl.showSoftInput(InputMethodService.java:848)
05-31 11:05:27.930 29978 29978 W LayerDrawable: 	at android.inputmethodservice.InputMethodService$InputMethodImpl.showSoftInputWithToken(InputMethodService.java:817)
05-31 11:05:27.930 29978 29978 W LayerDrawable: 	at android.inputmethodservice.IInputMethodWrapper.executeMessage(IInputMethodWrapper.java:225)
05-31 11:05:27.930 29978 29978 W LayerDrawable: 	at com.android.internal.os.HandlerCaller$MyHandler.handleMessage(HandlerCaller.java:44)
05-31 11:05:27.930 29978 29978 W LayerDrawable: 	at android.os.Handler.dispatchMessage(Handler.java:106)
05-31 11:05:27.930 29978 29978 W LayerDrawable: 	at android.os.Looper.loopOnce(Looper.java:233)
05-31 11:05:27.930 29978 29978 W LayerDrawable: 	at android.os.Looper.loop(Looper.java:344)
05-31 11:05:27.930 29978 29978 W LayerDrawable: 	at android.app.ActivityThread.main(ActivityThread.java:8212)
05-31 11:05:27.930 29978 29978 W LayerDrawable: 	at java.lang.reflect.Method.invoke(Native Method)
05-31 11:05:27.930 29978 29978 W LayerDrawable: 	at com.android.internal.os.RuntimeInit$MethodAndArgsCaller.run(RuntimeInit.java:584)
05-31 11:05:27.930 29978 29978 W LayerDrawable: 	at com.android.internal.os.ZygoteInit.main(ZygoteInit.java:1034)
05-31 11:05:27.931 29978 29978 W LayerDrawable: Invalid drawable added to LayerDrawable! Drawable already belongs to another owner but does not expose a constant state.
05-31 11:05:27.931 29978 29978 W LayerDrawable: java.lang.RuntimeException
05-31 11:05:27.931 29978 29978 W LayerDrawable: 	at android.graphics.drawable.LayerDrawable$ChildDrawable.<init>(LayerDrawable.java:1857)
05-31 11:05:27.931 29978 29978 W LayerDrawable: 	at android.graphics.drawable.LayerDrawable$LayerState.<init>(LayerDrawable.java:1977)
05-31 11:05:27.931 29978 29978 W LayerDrawable: 	at android.graphics.drawable.LayerDrawable.createConstantState(LayerDrawable.java:174)
05-31 11:05:27.931 29978 29978 W LayerDrawable: 	at android.graphics.drawable.LayerDrawable.mutate(LayerDrawable.java:1782)
05-31 11:05:27.931 29978 29978 W LayerDrawable: 	at y7.r3.j(r8-map-id-b9e4852dcab4b8ac61e07ce708f6f2fb6b9a2b525cef7368ffb87cf35cdeac09:83)
05-31 11:05:27.931 29978 29978 W LayerDrawable: 	at helium314.keyboard.latin.panels.AiThemePanelView.f(r8-map-id-b9e4852dcab4b8ac61e07ce708f6f2fb6b9a2b525cef7368ffb87cf35cdeac09:185)
05-31 11:05:27.931 29978 29978 W LayerDrawable: 	at helium314.keyboard.latin.panels.AiThemePanelView.T(r8-map-id-b9e4852dcab4b8ac61e07ce708f6f2fb6b9a2b525cef7368ffb87cf35cdeac09:88)
05-31 11:05:27.931 29978 29978 W LayerDrawable: 	at helium314.keyboard.latin.panels.AiThemePanelView.S(r8-map-id-b9e4852dcab4b8ac61e07ce708f6f2fb6b9a2b525cef7368ffb87cf35cdeac09:53)
05-31 11:05:27.931 29978 29978 W LayerDrawable: 	at g7.b0.r(r8-map-id-b9e4852dcab4b8ac61e07ce708f6f2fb6b9a2b525cef7368ffb87cf35cdeac09:192)
05-31 11:05:27.931 29978 29978 W LayerDrawable: 	at g7.b0.U(r8-map-id-b9e4852dcab4b8ac61e07ce708f6f2fb6b9a2b525cef7368ffb87cf35cdeac09:53)
05-31 11:05:27.931 29978 29978 W LayerDrawable: 	at g7.b0.R(r8-map-id-b9e4852dcab4b8ac61e07ce708f6f2fb6b9a2b525cef7368ffb87cf35cdeac09:3)
05-31 11:05:27.931 29978 29978 W LayerDrawable: 	at k7.o0.c(r8-map-id-b9e4852dcab4b8ac61e07ce708f6f2fb6b9a2b525cef7368ffb87cf35cdeac09:12)
05-31 11:05:27.931 29978 29978 W LayerDrawable: 	at k7.o0.b(r8-map-id-b9e4852dcab4b8ac61e07ce708f6f2fb6b9a2b525cef7368ffb87cf35cdeac09:51)
05-31 11:05:27.931 29978 29978 W LayerDrawable: 	at g7.b0.w(r8-map-id-b9e4852dcab4b8ac61e07ce708f6f2fb6b9a2b525cef7368ffb87cf35cdeac09:91)
05-31 11:05:27.931 29978 29978 W LayerDrawable: 	at g7.b0.H(r8-map-id-b9e4852dcab4b8ac61e07ce708f6f2fb6b9a2b525cef7368ffb87cf35cdeac09:30)
05-31 11:05:27.931 29978 29978 W LayerDrawable: 	at helium314.keyboard.latin.LatinIME.onStartInputView(r8-map-id-b9e4852dcab4b8ac61e07ce708f6f2fb6b9a2b525cef7368ffb87cf35cdeac09:926)
05-31 11:05:27.931 29978 29978 W LayerDrawable: 	at android.inputmethodservice.InputMethodService.startViews(InputMethodService.java:2400)
05-31 11:05:27.931 29978 29978 W LayerDrawable: 	at android.inputmethodservice.InputMethodService.showWindow(InputMethodService.java:2341)
05-31 11:05:27.931 29978 29978 W LayerDrawable: 	at android.inputmethodservice.InputMethodService$InputMethodImpl.showSoftInput(InputMethodService.java:848)
05-31 11:05:27.931 29978 29978 W LayerDrawable: 	at android.inputmethodservice.InputMethodService$InputMethodImpl.showSoftInputWithToken(InputMethodService.java:817)
05-31 11:05:27.931 29978 29978 W LayerDrawable: 	at android.inputmethodservice.IInputMethodWrapper.executeMessage(IInputMethodWrapper.java:225)
05-31 11:05:27.931 29978 29978 W LayerDrawable: 	at com.android.internal.os.HandlerCaller$MyHandler.handleMessage(HandlerCaller.java:44)
05-31 11:05:27.931 29978 29978 W LayerDrawable: 	at android.os.Handler.dispatchMessage(Handler.java:106)
05-31 11:05:27.931 29978 29978 W LayerDrawable: 	at android.os.Looper.loopOnce(Looper.java:233)
05-31 11:05:27.931 29978 29978 W LayerDrawable: 	at android.os.Looper.loop(Looper.java:344)
05-31 11:05:27.931 29978 29978 W LayerDrawable: 	at android.app.ActivityThread.main(ActivityThread.java:8212)
05-31 11:05:27.931 29978 29978 W LayerDrawable: 	at java.lang.reflect.Method.invoke(Native Method)
05-31 11:05:27.931 29978 29978 W LayerDrawable: 	at com.android.internal.os.RuntimeInit$MethodAndArgsCaller.run(RuntimeInit.java:584)
05-31 11:05:27.931 29978 29978 W LayerDrawable: 	at com.android.internal.os.ZygoteInit.main(ZygoteInit.java:1034)
05-31 11:05:27.931 29978 29978 W LayerDrawable: Invalid drawable added to LayerDrawable! Drawable already belongs to another owner but does not expose a constant state.
05-31 11:05:27.931 29978 29978 W LayerDrawable: java.lang.RuntimeException
05-31 11:05:27.931 29978 29978 W LayerDrawable: 	at android.graphics.drawable.LayerDrawable$ChildDrawable.<init>(LayerDrawable.java:1857)
05-31 11:05:27.931 29978 29978 W LayerDrawable: 	at android.graphics.drawable.LayerDrawable$LayerState.<init>(LayerDrawable.java:1977)
05-31 11:05:27.931 29978 29978 W LayerDrawable: 	at android.graphics.drawable.LayerDrawable.createConstantState(LayerDrawable.java:174)
05-31 11:05:27.931 29978 29978 W LayerDrawable: 	at android.graphics.drawable.LayerDrawable.mutate(LayerDrawable.java:1782)
05-31 11:05:27.931 29978 29978 W LayerDrawable: 	at y7.r3.j(r8-map-id-b9e4852dcab4b8ac61e07ce708f6f2fb6b9a2b525cef7368ffb87cf35cdeac09:83)
05-31 11:05:27.931 29978 29978 W LayerDrawable: 	at helium314.keyboard.latin.panels.AiThemePanelView.f(r8-map-id-b9e4852dcab4b8ac61e07ce708f6f2fb6b9a2b525cef7368ffb87cf35cdeac09:185)
05-31 11:05:27.931 29978 29978 W LayerDrawable: 	at helium314.keyboard.latin.panels.AiThemePanelView.T(r8-map-id-b9e4852dcab4b8ac61e07ce708f6f2fb6b9a2b525cef7368ffb87cf35cdeac09:88)
05-31 11:05:27.931 29978 29978 W LayerDrawable: 	at helium314.keyboard.latin.panels.AiThemePanelView.S(r8-map-id-b9e4852dcab4b8ac61e07ce708f6f2fb6b9a2b525cef7368ffb87cf35cdeac09:53)
05-31 11:05:27.931 29978 29978 W LayerDrawable: 	at g7.b0.r(r8-map-id-b9e4852dcab4b8ac61e07ce708f6f2fb6b9a2b525cef7368ffb87cf35cdeac09:192)
05-31 11:05:27.931 29978 29978 W LayerDrawable: 	at g7.b0.U(r8-map-id-b9e4852dcab4b8ac61e07ce708f6f2fb6b9a2b525cef7368ffb87cf35cdeac09:53)
05-31 11:05:27.931 29978 29978 W LayerDrawable: 	at g7.b0.R(r8-map-id-b9e4852dcab4b8ac61e07ce708f6f2fb6b9a2b525cef7368ffb87cf35cdeac09:3)
05-31 11:05:27.931 29978 29978 W LayerDrawable: 	at k7.o0.c(r8-map-id-b9e4852dcab4b8ac61e07ce708f6f2fb6b9a2b525cef7368ffb87cf35cdeac09:12)
05-31 11:05:27.931 29978 29978 W LayerDrawable: 	at k7.o0.b(r8-map-id-b9e4852dcab4b8ac61e07ce708f6f2fb6b9a2b525cef7368ffb87cf35cdeac09:51)
05-31 11:05:27.931 29978 29978 W LayerDrawable: 	at g7.b0.w(r8-map-id-b9e4852dcab4b8ac61e07ce708f6f2fb6b9a2b525cef7368ffb87cf35cdeac09:91)
05-31 11:05:27.931 29978 29978 W LayerDrawable: 	at g7.b0.H(r8-map-id-b9e4852dcab4b8ac61e07ce708f6f2fb6b9a2b525cef7368ffb87cf35cdeac09:30)
05-31 11:05:27.931 29978 29978 W LayerDrawable: 	at helium314.keyboard.latin.LatinIME.onStartInputView(r8-map-id-b9e4852dcab4b8ac61e07ce708f6f2fb6b9a2b525cef7368ffb87cf35cdeac09:926)
05-31 11:05:27.931 29978 29978 W LayerDrawable: 	at android.inputmethodservice.InputMethodService.startViews(InputMethodService.java:2400)
05-31 11:05:27.931 29978 29978 W LayerDrawable: 	at android.inputmethodservice.InputMethodService.showWindow(InputMethodService.java:2341)
05-31 11:05:27.931 29978 29978 W LayerDrawable: 	at android.inputmethodservice.InputMethodService$InputMethodImpl.showSoftInput(InputMethodService.java:848)
05-31 11:05:27.931 29978 29978 W LayerDrawable: 	at android.inputmethodservice.InputMethodService$InputMethodImpl.showSoftInputWithToken(InputMethodService.java:817)
05-31 11:05:27.931 29978 29978 W LayerDrawable: 	at android.inputmethodservice.IInputMethodWrapper.executeMessage(IInputMethodWrapper.java:225)
05-31 11:05:27.931 29978 29978 W LayerDrawable: 	at com.android.internal.os.HandlerCaller$MyHandler.handleMessage(HandlerCaller.java:44)
05-31 11:05:27.931 29978 29978 W LayerDrawable: 	at android.os.Handler.dispatchMessage(Handler.java:106)
05-31 11:05:27.931 29978 29978 W LayerDrawable: 	at android.os.Looper.loopOnce(Looper.java:233)
05-31 11:05:27.931 29978 29978 W LayerDrawable: 	at android.os.Looper.loop(Looper.java:344)
05-31 11:05:27.931 29978 29978 W LayerDrawable: 	at android.app.ActivityThread.main(ActivityThread.java:8212)
05-31 11:05:27.931 29978 29978 W LayerDrawable: 	at java.lang.reflect.Method.invoke(Native Method)
05-31 11:05:27.931 29978 29978 W LayerDrawable: 	at com.android.internal.os.RuntimeInit$MethodAndArgsCaller.run(RuntimeInit.java:584)
05-31 11:05:27.931 29978 29978 W LayerDrawable: 	at com.android.internal.os.ZygoteInit.main(ZygoteInit.java:1034)
05-31 11:05:28.002 29978 29978 W View    : requestLayout() improperly called by android.widget.LinearLayout{1259c23 V.E...... ......ID 0,1973-1440,2923 #7f0a011b app:id/main_keyboard_frame} during layout: running second layout pass
05-31 11:05:28.060 29978 30086 W Ads     : Not retrying to fetch app settings
05-31 11:05:28.063 29978 30085 W Ads     : Not retrying to fetch app settings
05-31 11:05:28.080 29978 30226 W ServiceBindIntentUtils: Dynamic lookup for intent failed for action: com.google.android.gms.ads.service.START
05-31 11:05:28.083 29978 30116 W cr_media: BLUETOOTH_CONNECT permission is missing.
05-31 11:05:28.084 29978 30116 W cr_media: getBluetoothAdapter() requires BLUETOOTH permission
05-31 11:05:28.084 29978 30116 W cr_media: registerBluetoothIntentsIfNeeded: Requires BLUETOOTH permission
05-31 11:05:28.085 29978 30072 W Ads     : Not retrying to fetch app settings
05-31 11:05:28.201 29978 30139 W AudioCapabilities: Unsupported mime audio/ffmpeg
05-31 11:05:28.202 29978 30139 W VideoCapabilities: Unsupported mime video/ffmpeg
05-31 11:05:28.202 29978 30139 W VideoCapabilities: Unrecognized profile/level 0/3 for video/mpeg2
05-31 11:05:28.204 29978 30139 W VideoCapabilities: Unrecognized profile/level 0/3 for video/mpeg2
05-31 11:05:28.252 29978 30199 W BrowserGeckoPrewarm: Gecko prewarm error
05-31 11:05:28.252 29978 30199 W BrowserGeckoPrewarm: java.lang.IllegalThreadStateException: Expected thread 2 ("main"), but running on thread 11800 ("DefaultDispatcher-worker-7")
05-31 11:05:28.252 29978 30199 W BrowserGeckoPrewarm: 	at org.mozilla.gecko.util.k.a(r8-map-id-b9e4852dcab4b8ac61e07ce708f6f2fb6b9a2b525cef7368ffb87cf35cdeac09:62)
05-31 11:05:28.252 29978 30199 W BrowserGeckoPrewarm: 	at org.mozilla.gecko.util.k.b(r8-map-id-b9e4852dcab4b8ac61e07ce708f6f2fb6b9a2b525cef7368ffb87cf35cdeac09:3)
05-31 11:05:28.252 29978 30199 W BrowserGeckoPrewarm: 	at org.mozilla.geckoview.GeckoRuntime.create(r8-map-id-b9e4852dcab4b8ac61e07ce708f6f2fb6b9a2b525cef7368ffb87cf35cdeac09:3)
05-31 11:05:28.252 29978 30199 W BrowserGeckoPrewarm: 	at y7.x1.a(r8-map-id-b9e4852dcab4b8ac61e07ce708f6f2fb6b9a2b525cef7368ffb87cf35cdeac09:171)
05-31 11:05:28.252 29978 30199 W BrowserGeckoPrewarm: 	at y7.x1.c(r8-map-id-b9e4852dcab4b8ac61e07ce708f6f2fb6b9a2b525cef7368ffb87cf35cdeac09:54)
05-31 11:05:28.252 29978 30199 W BrowserGeckoPrewarm: 	at o7.y.invokeSuspend(r8-map-id-b9e4852dcab4b8ac61e07ce708f6f2fb6b9a2b525cef7368ffb87cf35cdeac09:35)
05-31 11:05:28.252 29978 30199 W BrowserGeckoPrewarm: 	at t8.a.resumeWith(r8-map-id-b9e4852dcab4b8ac61e07ce708f6f2fb6b9a2b525cef7368ffb87cf35cdeac09:9)
05-31 11:05:28.252 29978 30199 W BrowserGeckoPrewarm: 	at m9.h0.run(r8-map-id-b9e4852dcab4b8ac61e07ce708f6f2fb6b9a2b525cef7368ffb87cf35cdeac09:115)
05-31 11:05:28.252 29978 30199 W BrowserGeckoPrewarm: 	at c5.t.run(r8-map-id-b9e4852dcab4b8ac61e07ce708f6f2fb6b9a2b525cef7368ffb87cf35cdeac09:76)
05-31 11:05:28.252 29978 30199 W BrowserGeckoPrewarm: 	at t9.j.run(r8-map-id-b9e4852dcab4b8ac61e07ce708f6f2fb6b9a2b525cef7368ffb87cf35cdeac09:3)
05-31 11:05:28.252 29978 30199 W BrowserGeckoPrewarm: 	at t9.a.run(r8-map-id-b9e4852dcab4b8ac61e07ce708f6f2fb6b9a2b525cef7368ffb87cf35cdeac09:88)
05-31 11:05:28.578 30027 30027 W DefaultDispatch: type=1400 audit(0.0:30201): avc: denied { read } for name="/" dev="dm-0" ino=2 scontext=u:r:untrusted_app:s0:c6,c271,c512,c768 tcontext=u:object_r:rootfs:s0 tclass=dir permissive=0 app=com.vibekey.keyboard
05-31 11:05:28.578 30027 30027 W DefaultDispatch: type=1400 audit(0.0:30202): avc: denied { read } for name="/" dev="dm-0" ino=2 scontext=u:r:untrusted_app:s0:c6,c271,c512,c768 tcontext=u:object_r:rootfs:s0 tclass=dir permissive=0 app=com.vibekey.keyboard
05-31 11:05:28.578 30027 30027 W DefaultDispatch: type=1400 audit(0.0:30203): avc: denied { read } for name="/" dev="dm-0" ino=2 scontext=u:r:untrusted_app:s0:c6,c271,c512,c768 tcontext=u:object_r:rootfs:s0 tclass=dir permissive=0 app=com.vibekey.keyboard
05-31 11:05:29.490 29978 29978 W View    : requestLayout() improperly called by android.widget.FrameLayout{2150584 V.E...... ......ID 0,1677-1440,1857 #7f0a0087 app:id/browser_nav_footer_float} during layout: running second layout pass
05-31 11:05:29.531 29978 29978 E GeckoView: Failed to attach WindowInsetsListener: 
05-31 11:05:29.531 29978 29978 E GeckoView: java.lang.NullPointerException: Attempt to invoke virtual method 'android.view.Window android.app.Activity.getWindow()' on a null object reference
05-31 11:05:29.531 29978 29978 E GeckoView: 	at org.mozilla.geckoview.GeckoView.attachWindowInsetsListener(r8-map-id-b9e4852dcab4b8ac61e07ce708f6f2fb6b9a2b525cef7368ffb87cf35cdeac09:1)
05-31 11:05:29.531 29978 29978 E GeckoView: 	at org.mozilla.geckoview.GeckoView.onAttachedToWindow(r8-map-id-b9e4852dcab4b8ac61e07ce708f6f2fb6b9a2b525cef7368ffb87cf35cdeac09:49)
05-31 11:05:29.531 29978 29978 E GeckoView: 	at android.view.View.dispatchAttachedToWindow(View.java:20900)
05-31 11:05:29.531 29978 29978 E GeckoView: 	at android.view.ViewGroup.dispatchAttachedToWindow(ViewGroup.java:3539)
05-31 11:05:29.531 29978 29978 E GeckoView: 	at android.view.ViewGroup.addViewInner(ViewGroup.java:5378)
05-31 11:05:29.531 29978 29978 E GeckoView: 	at android.view.ViewGroup.addView(ViewGroup.java:5156)
05-31 11:05:29.531 29978 29978 E GeckoView: 	at android.view.ViewGroup.addView(ViewGroup.java:5096)
05-31 11:05:29.531 29978 29978 E GeckoView: 	at helium314.keyboard.latin.panels.BrowserPanelView.Y(r8-map-id-b9e4852dcab4b8ac61e07ce708f6f2fb6b9a2b525cef7368ffb87cf35cdeac09:329)
05-31 11:05:29.531 29978 29978 E GeckoView: 	at helium314.keyboard.latin.panels.BrowserPanelView.G0(r8-map-id-b9e4852dcab4b8ac61e07ce708f6f2fb6b9a2b525cef7368ffb87cf35cdeac09:58)
05-31 11:05:29.531 29978 29978 E GeckoView: 	at c5.t.run(r8-map-id-b9e4852dcab4b8ac61e07ce708f6f2fb6b9a2b525cef7368ffb87cf35cdeac09:622)
05-31 11:05:29.531 29978 29978 E GeckoView: 	at g7.y.onGlobalLayout(r8-map-id-b9e4852dcab4b8ac61e07ce708f6f2fb6b9a2b525cef7368ffb87cf35cdeac09:8)
05-31 11:05:29.531 29978 29978 E GeckoView: 	at android.view.ViewTreeObserver.dispatchOnGlobalLayout(ViewTreeObserver.java:1061)
05-31 11:05:29.531 29978 29978 E GeckoView: 	at android.view.ViewRootImpl.performTraversals(ViewRootImpl.java:3407)
05-31 11:05:29.531 29978 29978 E GeckoView: 	at android.view.ViewRootImpl.doTraversal(ViewRootImpl.java:2305)
05-31 11:05:29.531 29978 29978 E GeckoView: 	at android.view.ViewRootImpl$TraversalRunnable.run(ViewRootImpl.java:9133)
05-31 11:05:29.531 29978 29978 E GeckoView: 	at android.view.Choreographer$CallbackRecord.run(Choreographer.java:1232)
05-31 11:05:29.531 29978 29978 E GeckoView: 	at android.view.Choreographer.doCallbacks(Choreographer.java:1029)
05-31 11:05:29.531 29978 29978 E GeckoView: 	at android.view.Choreographer.doFrame(Choreographer.java:934)
05-31 11:05:29.531 29978 29978 E GeckoView: 	at android.view.Choreographer$FrameDisplayEventReceiver.run(Choreographer.java:1217)
05-31 11:05:29.531 29978 29978 E GeckoView: 	at android.os.Handler.handleCallback(Handler.java:938)
05-31 11:05:29.531 29978 29978 E GeckoView: 	at android.os.Handler.dispatchMessage(Handler.java:99)
05-31 11:05:29.531 29978 29978 E GeckoView: 	at android.os.Looper.loopOnce(Looper.java:233)
05-31 11:05:29.531 29978 29978 E GeckoView: 	at android.os.Looper.loop(Looper.java:344)
05-31 11:05:29.531 29978 29978 E GeckoView: 	at android.app.ActivityThread.main(ActivityThread.java:8212)
05-31 11:05:29.531 29978 29978 E GeckoView: 	at java.lang.reflect.Method.invoke(Native Method)
05-31 11:05:29.531 29978 29978 E GeckoView: 	at com.android.internal.os.RuntimeInit$MethodAndArgsCaller.run(RuntimeInit.java:584)
05-31 11:05:29.531 29978 29978 E GeckoView: 	at com.android.internal.os.ZygoteInit.main(ZygoteInit.java:1034)
05-31 11:05:29.563 29978 30296 W Settings: Setting animator_duration_scale has moved from android.provider.Settings.System to android.provider.Settings.Global, returning read-only global URI.
05-31 11:05:29.567 29978 29978 W View    : requestLayout() improperly called by helium314.keyboard.latin.panels.BrowserPanelView{78cb3d1 V.E...... ......ID 0,0-1440,2040} during layout: running second layout pass
05-31 11:05:29.595 29978 29978 W View    : requestLayout() improperly called by helium314.keyboard.latin.panels.BrowserPanelView{78cb3d1 V.E...... ......ID 0,0-1440,2040} during layout: running second layout pass
05-31 11:05:29.598 30297 30297 E ard:crashhelpe: Unknown bits set in runtime_flags: 0x40000000
05-31 11:05:29.604 29978 29978 W View    : requestLayout() improperly called by helium314.keyboard.latin.panels.BrowserPanelView{78cb3d1 V.E...... ......I. 0,0-1440,2040} during second layout pass: posting in next frame
05-31 11:05:29.607 29978 29978 W View    : requestLayout() improperly called by helium314.keyboard.latin.panels.BrowserPanelView{78cb3d1 V.E...... ......ID 0,0-1440,2040} during layout: running second layout pass
05-31 11:05:29.611 29978 29978 W View    : requestLayout() improperly called by helium314.keyboard.latin.panels.BrowserPanelView{78cb3d1 V.E...... ........ 0,0-1440,2040} during second layout pass: posting in next frame
05-31 11:05:29.617 29978 29978 W View    : requestLayout() improperly called by helium314.keyboard.latin.panels.BrowserPanelView{78cb3d1 V.E...... ......ID 0,0-1440,2040} during layout: running second layout pass
05-31 11:05:29.621 29978 29978 W View    : requestLayout() improperly called by helium314.keyboard.latin.panels.BrowserPanelView{78cb3d1 V.E...... ........ 0,0-1440,2040} during second layout pass: posting in next frame
05-31 11:05:29.624 29978 30296 E GeckoLibLoad: Load sqlite start
05-31 11:05:29.625 29978 30296 E GeckoLibLoad: Load sqlite done
05-31 11:05:29.625 29978 30296 E GeckoLibLoad: Load nss start
05-31 11:05:29.625 29978 30296 E GeckoLibLoad: Load nss done
05-31 11:05:29.629 29978 29978 W View    : requestLayout() improperly called by helium314.keyboard.latin.panels.BrowserPanelView{78cb3d1 V.E...... ......ID 0,0-1440,2040} during layout: running second layout pass
05-31 11:05:29.634 29978 30296 E GeckoLibLoad: Loaded libs in 9.001041ms total, 0ms(7ms) user, 8ms(19ms) system, 0(0) faults
05-31 11:05:29.635 29978 30296 W GeckoThread: zerdatime 57958092 - runGecko
05-31 11:05:29.637 29978 29978 W View    : requestLayout() improperly called by helium314.keyboard.latin.panels.BrowserPanelView{78cb3d1 V.E...... ........ 0,0-1440,2040} during second layout pass: posting in next frame
05-31 11:05:29.642 29978 29978 W View    : requestLayout() improperly called by helium314.keyboard.latin.panels.BrowserPanelView{78cb3d1 V.E...... ......I. 0,0-1440,2040} during layout: running second layout pass
05-31 11:05:29.646 29978 29978 W View    : requestLayout() improperly called by helium314.keyboard.latin.panels.BrowserPanelView{78cb3d1 V.E...... ........ 0,0-1440,2040} during second layout pass: posting in next frame
05-31 11:05:29.663 29978 29978 W View    : requestLayout() improperly called by helium314.keyboard.latin.panels.BrowserPanelView{78cb3d1 V.E...... ......I. 0,0-1440,2040} during layout: running second layout pass
05-31 11:05:29.668 29978 29978 W View    : requestLayout() improperly called by helium314.keyboard.latin.panels.BrowserPanelView{78cb3d1 V.E...... ........ 0,0-1440,2040} during second layout pass: posting in next frame
05-31 11:05:29.680 29978 29978 W View    : requestLayout() improperly called by helium314.keyboard.latin.panels.BrowserPanelView{78cb3d1 V.E...... ......I. 0,0-1440,2040} during layout: running second layout pass
05-31 11:05:29.684 29978 29978 W View    : requestLayout() improperly called by helium314.keyboard.latin.panels.BrowserPanelView{78cb3d1 V.E...... ......ID 0,0-1440,2040} during second layout pass: posting in next frame
05-31 11:05:29.692 29978 29978 W View    : requestLayout() improperly called by helium314.keyboard.latin.panels.BrowserPanelView{78cb3d1 V.E...... ......ID 0,0-1440,2040} during layout: running second layout pass
05-31 11:05:29.696 29978 29978 W View    : requestLayout() improperly called by helium314.keyboard.latin.panels.BrowserPanelView{78cb3d1 V.E...... ........ 0,0-1440,2040} during second layout pass: posting in next frame
05-31 11:05:29.708 29978 29978 W View    : requestLayout() improperly called by helium314.keyboard.latin.panels.BrowserPanelView{78cb3d1 V.E...... ......I. 0,0-1440,2040} during layout: running second layout pass
05-31 11:05:29.712 29978 29978 W View    : requestLayout() improperly called by helium314.keyboard.latin.panels.BrowserPanelView{78cb3d1 V.E...... ........ 0,0-1440,2040} during second layout pass: posting in next frame
05-31 11:05:29.698 29978 29978 W com.vibekey.keyboard: type=1400 audit(0.0:30216): avc: denied { bind } for comm=4E65746C696E6B204D6F6E69746F72 scontext=u:r:untrusted_app:s0:c6,c271,c512,c768 tcontext=u:r:untrusted_app:s0:c6,c271,c512,c768 tclass=netlink_route_socket permissive=0 bug=b/155595000 app=com.vibekey.keyboard
05-31 11:05:29.724 29978 30296 E ibekey.keyboar: hiddenapi: Accessing hidden field Ljava/lang/Boolean;->value:Z (runtime_flags=0, domain=core-platform, api=max-target-p) from Lorg/mozilla/gecko/GeckoThread; (domain=app, TargetSdkVersion=35) using JNI: denied
05-31 11:05:29.725 29978 30296 E ibekey.keyboar: hiddenapi: Accessing hidden field Ljava/lang/Integer;->value:I (runtime_flags=0, domain=core-platform, api=max-target-p) from Lorg/mozilla/gecko/GeckoThread; (domain=app, TargetSdkVersion=35) using JNI: denied
05-31 11:05:29.725 29978 30296 E ibekey.keyboar: hiddenapi: Accessing hidden field Ljava/lang/Long;->value:J (runtime_flags=0, domain=core-platform, api=max-target-p) from Lorg/mozilla/gecko/GeckoThread; (domain=app, TargetSdkVersion=35) using JNI: denied
05-31 11:05:29.725 29978 30296 E ibekey.keyboar: hiddenapi: Accessing hidden field Ljava/lang/Double;->value:D (runtime_flags=0, domain=core-platform, api=max-target-p) from Lorg/mozilla/gecko/GeckoThread; (domain=app, TargetSdkVersion=35) using JNI: denied
05-31 11:05:29.725 29978 29978 W View    : requestLayout() improperly called by helium314.keyboard.latin.panels.BrowserPanelView{78cb3d1 V.E...... ......I. 0,0-1440,2040} during layout: running second layout pass
05-31 11:05:29.729 29978 29978 W View    : requestLayout() improperly called by helium314.keyboard.latin.panels.BrowserPanelView{78cb3d1 V.E...... ........ 0,0-1440,2040} during second layout pass: posting in next frame
05-31 11:05:29.743 29978 29978 W View    : requestLayout() improperly called by helium314.keyboard.latin.panels.BrowserPanelView{78cb3d1 V.E...... ......I. 0,0-1440,2040} during layout: running second layout pass
05-31 11:05:29.749 29978 29978 W View    : requestLayout() improperly called by helium314.keyboard.latin.panels.BrowserPanelView{78cb3d1 V.E...... ........ 0,0-1440,2040} during second layout pass: posting in next frame
05-31 11:05:29.759 29978 29978 W View    : requestLayout() improperly called by helium314.keyboard.latin.panels.BrowserPanelView{78cb3d1 V.E...... ......I. 0,0-1440,2040} during layout: running second layout pass
05-31 11:05:29.763 29978 29978 W View    : requestLayout() improperly called by helium314.keyboard.latin.panels.BrowserPanelView{78cb3d1 V.E...... ........ 0,0-1440,2040} during second layout pass: posting in next frame
05-31 11:05:29.775 29978 29978 W View    : requestLayout() improperly called by helium314.keyboard.latin.panels.BrowserPanelView{78cb3d1 V.E...... ......I. 0,0-1440,2040} during layout: running second layout pass
05-31 11:05:29.778 29978 29978 W View    : requestLayout() improperly called by helium314.keyboard.latin.panels.BrowserPanelView{78cb3d1 V.E...... ........ 0,0-1440,2040} during second layout pass: posting in next frame
05-31 11:05:29.800 29978 29978 W View    : requestLayout() improperly called by helium314.keyboard.latin.panels.BrowserPanelView{78cb3d1 V.E...... ......I. 0,0-1440,2040} during layout: running second layout pass
05-31 11:05:29.809 30355 30355 E .keyboard:tab3: Unknown bits set in runtime_flags: 0x40000000
05-31 11:05:29.813 29978 29978 W View    : requestLayout() improperly called by helium314.keyboard.latin.panels.BrowserPanelView{78cb3d1 V.E...... ........ 0,0-1440,2040} during second layout pass: posting in next frame
05-31 11:05:29.817 29978 29978 W View    : requestLayout() improperly called by helium314.keyboard.latin.panels.BrowserPanelView{78cb3d1 V.E...... ......I. 0,0-1440,2040} during layout: running second layout pass
05-31 11:05:29.821 29978 29978 W View    : requestLayout() improperly called by helium314.keyboard.latin.panels.BrowserPanelView{78cb3d1 V.E...... ........ 0,0-1440,2040} during second layout pass: posting in next frame
05-31 11:05:29.831 29978 29978 W View    : requestLayout() improperly called by helium314.keyboard.latin.panels.BrowserPanelView{78cb3d1 V.E...... ......I. 0,0-1440,2040} during layout: running second layout pass
05-31 11:05:29.835 29978 29978 W View    : requestLayout() improperly called by helium314.keyboard.latin.panels.BrowserPanelView{78cb3d1 V.E...... ........ 0,0-1440,2040} during second layout pass: posting in next frame
05-31 11:05:29.837 29978 29978 E Ads     : JS: Uncaught TypeError: Cannot read properties of null (reading 's') (https://pagead2.googlesyndication.com/omsdk/releases/live/omsdk-v1.js:27)
05-31 11:05:29.841 29978 29978 W View    : requestLayout() improperly called by helium314.keyboard.latin.panels.BrowserPanelView{78cb3d1 V.E...... ......I. 0,0-1440,2040} during layout: running second layout pass
05-31 11:05:29.845 29978 29978 W View    : requestLayout() improperly called by helium314.keyboard.latin.panels.BrowserPanelView{78cb3d1 V.E...... ........ 0,0-1440,2040} during second layout pass: posting in next frame
05-31 11:05:29.858 29978 29978 W View    : requestLayout() improperly called by helium314.keyboard.latin.panels.BrowserPanelView{78cb3d1 V.E...... ......I. 0,0-1440,2040} during layout: running second layout pass
05-31 11:05:29.862 29978 29978 W View    : requestLayout() improperly called by helium314.keyboard.latin.panels.BrowserPanelView{78cb3d1 V.E...... ........ 0,0-1440,2040} during second layout pass: posting in next frame
05-31 11:05:29.875 29978 29978 W View    : requestLayout() improperly called by helium314.keyboard.latin.panels.BrowserPanelView{78cb3d1 V.E...... ......I. 0,0-1440,2040} during layout: running second layout pass
05-31 11:05:29.884 29978 29978 W View    : requestLayout() improperly called by helium314.keyboard.latin.panels.BrowserPanelView{78cb3d1 V.E...... ........ 0,0-1440,2040} during second layout pass: posting in next frame
05-31 11:05:29.895 29978 29978 W View    : requestLayout() improperly called by helium314.keyboard.latin.panels.BrowserPanelView{78cb3d1 V.E...... ......I. 0,0-1440,2040} during layout: running second layout pass
05-31 11:05:29.899 29978 29978 W View    : requestLayout() improperly called by helium314.keyboard.latin.panels.BrowserPanelView{78cb3d1 V.E...... ........ 0,0-1440,2040} during second layout pass: posting in next frame
05-31 11:05:29.914 29978 29978 W View    : requestLayout() improperly called by helium314.keyboard.latin.panels.BrowserPanelView{78cb3d1 V.E...... ......I. 0,0-1440,2040} during layout: running second layout pass
05-31 11:05:29.918 29978 29978 W View    : requestLayout() improperly called by helium314.keyboard.latin.panels.BrowserPanelView{78cb3d1 V.E...... ........ 0,0-1440,2040} during second layout pass: posting in next frame
05-31 11:05:29.932 29978 29978 W View    : requestLayout() improperly called by helium314.keyboard.latin.panels.BrowserPanelView{78cb3d1 V.E...... ......I. 0,0-1440,2040} during layout: running second layout pass
05-31 11:05:29.938 29978 29978 W View    : requestLayout() improperly called by helium314.keyboard.latin.panels.BrowserPanelView{78cb3d1 V.E...... ........ 0,0-1440,2040} during second layout pass: posting in next frame
05-31 11:05:29.944 29978 29978 W View    : requestLayout() improperly called by helium314.keyboard.latin.panels.BrowserPanelView{78cb3d1 V.E...... ......I. 0,0-1440,2040} during layout: running second layout pass
05-31 11:05:29.948 29978 29978 W View    : requestLayout() improperly called by helium314.keyboard.latin.panels.BrowserPanelView{78cb3d1 V.E...... ........ 0,0-1440,2040} during second layout pass: posting in next frame
05-31 11:05:29.966 29978 29978 W View    : requestLayout() improperly called by helium314.keyboard.latin.panels.BrowserPanelView{78cb3d1 V.E...... ......I. 0,0-1440,2040} during layout: running second layout pass
05-31 11:05:29.971 29978 29978 W View    : requestLayout() improperly called by helium314.keyboard.latin.panels.BrowserPanelView{78cb3d1 V.E...... ........ 0,0-1440,2040} during second layout pass: posting in next frame
05-31 11:05:29.976 29978 29978 W View    : requestLayout() improperly called by helium314.keyboard.latin.panels.BrowserPanelView{78cb3d1 V.E...... ......I. 0,0-1440,2040} during layout: running second layout pass
05-31 11:05:29.987 29978 29978 W View    : requestLayout() improperly called by helium314.keyboard.latin.panels.BrowserPanelView{78cb3d1 V.E...... ........ 0,0-1440,2040} during second layout pass: posting in next frame
05-31 11:05:29.994 29978 29978 W View    : requestLayout() improperly called by helium314.keyboard.latin.panels.BrowserPanelView{78cb3d1 V.E...... ......I. 0,0-1440,2040} during layout: running second layout pass
05-31 11:05:29.998 29978 29978 W View    : requestLayout() improperly called by helium314.keyboard.latin.panels.BrowserPanelView{78cb3d1 V.E...... ........ 0,0-1440,2040} during second layout pass: posting in next frame
05-31 11:05:30.011 29978 29978 W View    : requestLayout() improperly called by helium314.keyboard.latin.panels.BrowserPanelView{78cb3d1 V.E...... ......I. 0,0-1440,2040} during layout: running second layout pass
