06-05 17:32:01.708  7130  7130 E GeckoView: 	at java.lang.reflect.Method.invoke(Native Method)
06-05 17:32:01.708  7130  7130 E GeckoView: 	at com.android.internal.os.RuntimeInit$MethodAndArgsCaller.run(RuntimeInit.java:584)
06-05 17:32:01.708  7130  7130 E GeckoView: 	at com.android.internal.os.ZygoteInit.main(ZygoteInit.java:1034)
06-05 17:32:01.742 15059 15075 W GeckoEditableChild: No editable parent
06-05 17:32:01.756  7130  7130 I VkBrowser: → load host=rt.com
06-05 17:32:01.757  7130  7130 I VkBrowser: → load host=rt.com
06-05 17:32:01.785  7130  7206 E BLASTBufferQueue: BLASTBufferItemConsumer::onDisconnect()
06-05 17:32:01.790  7130  7130 I VkBrowser: ✓ page host=rt.com title=Breaking News, Latest News and Videos | …
06-05 17:32:01.799  7130  7206 E BLASTBufferQueue: [SurfaceView[InputMethod]#105](f:0,a:0) rejecting buffer:active_size=1440x1801, requested_size=1440x1801 buffer{size=1440x1809 transform=0}
06-05 17:32:01.801  7130  7206 E BLASTBufferQueue: BLASTBufferItemConsumer::onDisconnect()
06-05 17:32:02.231  7130  7130 I VkBrowser: → load host=rt.com
06-05 17:32:02.258  7130 13261 E BLASTBufferQueue: BLASTBufferItemConsumer::onDisconnect()
06-05 17:32:02.275  7130  7886 E BLASTBufferQueue: BLASTBufferItemConsumer::onDisconnect()
06-05 17:32:02.769  7130  7130 W GeckoEventDispatcher: No listener for GeckoView:DismissClipboardPermissionRequest
06-05 17:32:03.361 19612 19629 W GeckoEditableChild: No editable parent
06-05 17:32:03.423 19612 19629 W Isolated Web Content: [JavaScript Warning: "Layout was forced before the page was fully loaded. If stylesheets are not yet loaded this may cause a flash of unstyled content." {file: "https://www.rt.com/" line: 140}]
06-05 17:32:03.475 19612 19629 W AudioCapabilities: Unsupported mime audio/ffmpeg
06-05 17:32:03.476 19612 19629 W VideoCapabilities: Unsupported mime video/ffmpeg
06-05 17:32:03.477 19612 19629 W VideoCapabilities: Unrecognized profile/level 0/3 for video/mpeg2
06-05 17:32:03.477 19612 19629 W VideoCapabilities: Unrecognized profile/level 0/3 for video/mpeg2
06-05 17:32:03.614 19612 19847 E .keyboard:tab3: ofbOpen failed with error=No such file or directory
06-05 17:32:03.614 19612 19847 E .keyboard:tab3: sysOpen failed with error=No such file or directory
06-05 17:32:03.622 13236 13311 W libc    : Access denied finding property "vendor.oplus.media.vpp.stutter"
06-05 17:32:03.637 13236 19848 W Codec2Client: query -- param skipped: index = 1107298332.
06-05 17:32:03.639 13236 19848 W Codec2Client: query -- param skipped: index = 1342179345.
06-05 17:32:03.639 13236 19848 W Codec2Client: query -- param skipped: index = 2415921170.
06-05 17:32:03.639 13236 19848 W Codec2Client: query -- param skipped: index = 1610614798.
06-05 17:32:03.646 13236 13311 W libc    : Access denied finding property "vendor.oplus.media.vpp.stutter"
06-05 17:32:03.646 13236 13311 E MULTIMEDIAConfig: [getInt32:L80] Not find config, Returning default
06-05 17:32:03.646 13236 13311 E MULTIMEDIAConfig: [getInt32:L80] Not find config, Returning default
06-05 17:32:03.647 13236 13311 E OplusACodec: [OplusACodec:204] mSrOsieMMListCheckResult:0x0 mOsieVersion:1
06-05 17:32:03.674 13236 19852 E OplusACodec: [GetVideoCodingTypeFromMime:L1162] mime:video/avc
06-05 17:32:03.736 19612 19629 W Isolated Web Content: [JavaScript Warning: "InstallTrigger is deprecated and will be removed in the future." {file: "https://mc.yandex.ru/metrika/tag.js" line: 16}]
06-05 17:32:03.751 19859 19859 E .keyboard:tab2: Unknown bits set in runtime_flags: 0x40000000
06-05 17:32:03.825 19877 19877 E .keyboard:tab1: Unknown bits set in runtime_flags: 0x40000000
06-05 17:32:03.849 19859 19883 E GeckoLibLoad: Load sqlite start
06-05 17:32:03.850 19859 19883 E GeckoLibLoad: Load sqlite done
06-05 17:32:03.850 19859 19883 E GeckoLibLoad: Load nss start
06-05 17:32:03.850 19859 19883 E GeckoLibLoad: Load nss done
06-05 17:32:03.861 19859 19883 E GeckoLibLoad: Loaded libs in 10.357031ms total, 1ms(4ms) user, 8ms(5ms) system, 0(0) faults
06-05 17:32:03.861 19859 19883 W GeckoThread: zerdatime 371966722 - runGecko
06-05 17:32:03.862 19612 19629 W Isolated Web Content: [JavaScript Warning: "Autoplay is only allowed when approved by the user, the site is activated by the user, or media is muted." {file: "https://www.rt.com/" line: 0}]
06-05 17:32:03.867 13236 19848 W Codec2Client: query -- param skipped: index = 1342179345.
06-05 17:32:03.867 13236 19848 W Codec2Client: query -- param skipped: index = 2415921170.
06-05 17:32:03.867 13236 19848 W Codec2Client: query -- param skipped: index = 1610614798.
06-05 17:32:03.917 19877 19899 E GeckoLibLoad: Load sqlite start
06-05 17:32:03.919 19877 19899 E GeckoLibLoad: Load sqlite done
06-05 17:32:03.919 19877 19899 E GeckoLibLoad: Load nss start
06-05 17:32:03.919 19877 19899 E GeckoLibLoad: Load nss done
06-05 17:32:03.946 19877 19899 E GeckoLibLoad: Loaded libs in 27.450573ms total, 0ms(0ms) user, 10ms(14ms) system, 0(0) faults
06-05 17:32:03.947 19877 19899 W GeckoThread: zerdatime 371966808 - runGecko
06-05 17:32:04.400  7130  7130 W com.vibekey.keyboard: type=1400 audit(0.0:168779): avc: denied { nlmsg_readpriv } for comm=536F636B657420546872656164 scontext=u:r:untrusted_app:s0:c101,c271,c512,c768 tcontext=u:r:untrusted_app:s0:c101,c271,c512,c768 tclass=netlink_route_socket permissive=0 bug=b/155595000 app=com.vibekey.keyboard
06-05 17:32:04.444  7130  7130 I VkBrowser: ✓ page host=www.rt.com title=RT - Breaking News, Russia News, World N…
06-05 17:32:04.465  7130 13261 E BLASTBufferQueue: BLASTBufferItemConsumer::onDisconnect()
06-05 17:32:04.472 19859 19883 W Isolated Web Content: [JavaScript Warning: "The value of the attribute “expires” for the cookie “_ga_BB8DNPB73F” has been overwritten." {file: "https://odysee.com/%24/embed/%40RTDocumentary%3A4%2FSurviving-Krasnoarmeysk---RT.Doc%3A2?r=FPd9jo2TcK4WYUcfCf55TEoD35ZAtJCU" line: 0}]
06-05 17:32:04.460  7130  7130 W com.vibekey.keyboard: type=1400 audit(0.0:168780): avc: denied { nlmsg_readpriv } for comm=536F636B657420546872656164 scontext=u:r:untrusted_app:s0:c101,c271,c512,c768 tcontext=u:r:untrusted_app:s0:c101,c271,c512,c768 tclass=netlink_route_socket permissive=0 bug=b/155595000 app=com.vibekey.keyboard
06-05 17:32:04.479 19859 19883 W Isolated Web Content: [JavaScript Warning: "The value of the attribute “expires” for the cookie “_ga_BB8DNPB73F” has been overwritten." {file: "https://odysee.com/%24/embed/%40RTDocumentary%3A4%2FSurviving-Krasnoarmeysk---RT.Doc%3A2?r=FPd9jo2TcK4WYUcfCf55TEoD35ZAtJCU" line: 0}]
06-05 17:32:04.470  7130  7130 W com.vibekey.keyboard: type=1400 audit(0.0:168781): avc: denied { nlmsg_readpriv } for comm=536F636B657420546872656164 scontext=u:r:untrusted_app:s0:c101,c271,c512,c768 tcontext=u:r:untrusted_app:s0:c101,c271,c512,c768 tclass=netlink_route_socket permissive=0 bug=b/155595000 app=com.vibekey.keyboard
06-05 17:32:04.496 19859 19883 W Isolated Web Content: [JavaScript Warning: "The value of the attribute “expires” for the cookie “_ga_BB8DNPB73F” has been overwritten." {file: "https://odysee.com/%24/embed/%40RTDocumentary%3A4%2FSurviving-Krasnoarmeysk---RT.Doc%3A2?r=FPd9jo2TcK4WYUcfCf55TEoD35ZAtJCU" line: 0}]
06-05 17:32:04.490  7130  7130 W com.vibekey.keyboard: type=1400 audit(0.0:168782): avc: denied { nlmsg_readpriv } for comm=536F636B657420546872656164 scontext=u:r:untrusted_app:s0:c101,c271,c512,c768 tcontext=u:r:untrusted_app:s0:c101,c271,c512,c768 tclass=netlink_route_socket permissive=0 bug=b/155595000 app=com.vibekey.keyboard
06-05 17:32:04.560  7130  7130 W com.vibekey.keyboard: type=1400 audit(0.0:168783): avc: denied { nlmsg_readpriv } for comm=536F636B657420546872656164 scontext=u:r:untrusted_app:s0:c101,c271,c512,c768 tcontext=u:r:untrusted_app:s0:c101,c271,c512,c768 tclass=netlink_route_socket permissive=0 bug=b/155595000 app=com.vibekey.keyboard
06-05 17:32:04.694 19859 19883 W Isolated Web Content: [JavaScript Warning: "The value of the attribute “expires” for the cookie “_ga_BB8DNPB73F” has been overwritten." {file: "https://odysee.com/%24/embed/%40RTDocumentary%3A4%2FSurviving-Krasnoarmeysk---RT.Doc%3A2?r=FPd9jo2TcK4WYUcfCf55TEoD35ZAtJCU" line: 0}]
06-05 17:32:05.013 19859 19883 W Isolated Web Content: [JavaScript Warning: "The value of the attribute “expires” for the cookie “_ga_BB8DNPB73F” has been overwritten." {file: "https://odysee.com/%24/embed/%40RTDocumentary%3A4%2FSurviving-Krasnoarmeysk---RT.Doc%3A2?r=FPd9jo2TcK4WYUcfCf55TEoD35ZAtJCU" line: 0}]
06-05 17:32:05.046  7130  7130 W GeckoSession: No history entries found.
06-05 17:32:05.983  7130  7583 E GeckoConsole: [JavaScript Error: "TypeError: can't access property "WindowEventDispatcher", win is null" {file: "resource://gre/modules/GeckoViewSessionStore.sys.mjs" line: 149}]
06-05 17:32:05.983  7130  7583 E GeckoConsole: onTabStateUpdate@resource://gre/modules/GeckoViewSessionStore.sys.mjs:149:5
06-05 17:32:05.983  7130  7583 E GeckoConsole: updateSessionStoreFromTabListener@resource://gre/modules/GeckoViewSessionStore.sys.mjs:243:10
06-05 17:32:05.983  7130  7583 E GeckoConsole: SSF_updateSessionStore@resource://gre/modules/SessionStoreFunctions.sys.mjs:46:27
06-05 17:32:05.983  7130  7583 E GeckoConsole: UpdateSessionStore@resource://gre/modules/SessionStoreFunctions.sys.mjs:16:46
06-05 17:32:06.674  7130  7583 E GeckoConsole: [JavaScript Error: "TypeError: can't access property "WindowEventDispatcher", win is null" {file: "resource://gre/modules/GeckoViewSessionStore.sys.mjs" line: 149}]
06-05 17:32:06.674  7130  7583 E GeckoConsole: onTabStateUpdate@resource://gre/modules/GeckoViewSessionStore.sys.mjs:149:5
06-05 17:32:06.674  7130  7583 E GeckoConsole: updateSessionStoreFromTabListener@resource://gre/modules/GeckoViewSessionStore.sys.mjs:243:10
06-05 17:32:06.674  7130  7583 E GeckoConsole: SSF_updateSessionStore@resource://gre/modules/SessionStoreFunctions.sys.mjs:46:27
06-05 17:32:06.674  7130  7583 E GeckoConsole: UpdateSessionStore@resource://gre/modules/SessionStoreFunctions.sys.mjs:16:46
06-05 17:32:06.675  7130  7583 E GeckoConsole: [JavaScript Error: "TypeError: can't access property "WindowEventDispatcher", win is null" {file: "resource://gre/modules/GeckoViewSessionStore.sys.mjs" line: 149}]
06-05 17:32:06.675  7130  7583 E GeckoConsole: onTabStateUpdate@resource://gre/modules/GeckoViewSessionStore.sys.mjs:149:5
06-05 17:32:06.675  7130  7583 E GeckoConsole: updateSessionStoreFromTabListener@resource://gre/modules/GeckoViewSessionStore.sys.mjs:243:10
06-05 17:32:06.675  7130  7583 E GeckoConsole: SSF_updateSessionStore@resource://gre/modules/SessionStoreFunctions.sys.mjs:46:27
06-05 17:32:06.675  7130  7583 E GeckoConsole: UpdateSessionStore@resource://gre/modules/SessionStoreFunctions.sys.mjs:16:46
06-05 17:32:07.176  7130  7583 E GeckoConsole: [JavaScript Error: "TypeError: can't access property "WindowEventDispatcher", win is null" {file: "resource://gre/modules/GeckoViewSessionStore.sys.mjs" line: 149}]
06-05 17:32:07.176  7130  7583 E GeckoConsole: onTabStateUpdate@resource://gre/modules/GeckoViewSessionStore.sys.mjs:149:5
06-05 17:32:07.176  7130  7583 E GeckoConsole: updateSessionStoreFromTabListener@resource://gre/modules/GeckoViewSessionStore.sys.mjs:243:10
06-05 17:32:07.176  7130  7583 E GeckoConsole: SSF_updateSessionStore@resource://gre/modules/SessionStoreFunctions.sys.mjs:46:27
06-05 17:32:07.176  7130  7583 E GeckoConsole: UpdateSessionStore@resource://gre/modules/SessionStoreFunctions.sys.mjs:16:46
06-05 17:32:07.312  7130  7583 E GeckoConsole: [JavaScript Error: "TypeError: can't access property "WindowEventDispatcher", win is null" {file: "resource://gre/modules/GeckoViewSessionStore.sys.mjs" line: 149}]
06-05 17:32:07.312  7130  7583 E GeckoConsole: onTabStateUpdate@resource://gre/modules/GeckoViewSessionStore.sys.mjs:149:5
06-05 17:32:07.312  7130  7583 E GeckoConsole: updateSessionStoreFromTabListener@resource://gre/modules/GeckoViewSessionStore.sys.mjs:243:10
06-05 17:32:07.312  7130  7583 E GeckoConsole: SSF_updateSessionStore@resource://gre/modules/SessionStoreFunctions.sys.mjs:46:27
06-05 17:32:07.312  7130  7583 E GeckoConsole: UpdateSessionStore@resource://gre/modules/SessionStoreFunctions.sys.mjs:16:46
06-05 17:32:07.320  7130  7583 E GeckoConsole: [JavaScript Error: "TypeError: can't access property "WindowEventDispatcher", win is null" {file: "resource://gre/modules/GeckoViewSessionStore.sys.mjs" line: 149}]
06-05 17:32:07.320  7130  7583 E GeckoConsole: onTabStateUpdate@resource://gre/modules/GeckoViewSessionStore.sys.mjs:149:5
06-05 17:32:07.320  7130  7583 E GeckoConsole: updateSessionStoreFromTabListener@resource://gre/modules/GeckoViewSessionStore.sys.mjs:243:10
06-05 17:32:07.320  7130  7583 E GeckoConsole: SSF_updateSessionStore@resource://gre/modules/SessionStoreFunctions.sys.mjs:46:27
06-05 17:32:07.320  7130  7583 E GeckoConsole: UpdateSessionStore@resource://gre/modules/SessionStoreFunctions.sys.mjs:16:46
06-05 17:32:07.323  7130  7583 E GeckoConsole: [JavaScript Error: "TypeError: can't access property "WindowEventDispatcher", win is null" {file: "resource://gre/modules/GeckoViewSessionStore.sys.mjs" line: 149}]
06-05 17:32:07.323  7130  7583 E GeckoConsole: onTabStateUpdate@resource://gre/modules/GeckoViewSessionStore.sys.mjs:149:5
06-05 17:32:07.323  7130  7583 E GeckoConsole: updateSessionStoreFromTabListener@resource://gre/modules/GeckoViewSessionStore.sys.mjs:243:10
06-05 17:32:07.323  7130  7583 E GeckoConsole: SSF_updateSessionStore@resource://gre/modules/SessionStoreFunctions.sys.mjs:46:27
06-05 17:32:07.323  7130  7583 E GeckoConsole: UpdateSessionStore@resource://gre/modules/SessionStoreFunctions.sys.mjs:16:46
06-05 17:32:07.768  7130  7130 W GeckoEventDispatcher: No listener for GeckoView:DismissClipboardPermissionRequest
06-05 17:32:07.769  7130  7130 W GeckoEventDispatcher: No listener for GeckoView:DismissClipboardPermissionRequest
06-05 17:32:07.771  7130 13261 E BLASTBufferQueue: BLASTBufferItemConsumer::onDisconnect()
06-05 17:32:07.773  7130  7130 E GeckoView: Failed to detach WindowInsetsListener: 
06-05 17:32:07.773  7130  7130 E GeckoView: java.lang.NullPointerException: Attempt to invoke virtual method 'android.view.Window android.app.Activity.getWindow()' on a null object reference
06-05 17:32:07.773  7130  7130 E GeckoView: 	at org.mozilla.geckoview.GeckoView.detachWindowInsetsListener(r8-map-id-8d2309a599612d66809dcdf7de9410f113a8384a8915904589366747ce77f0e1:1)
06-05 17:32:07.773  7130  7130 E GeckoView: 	at org.mozilla.geckoview.GeckoView.onDetachedFromWindow(r8-map-id-8d2309a599612d66809dcdf7de9410f113a8384a8915904589366747ce77f0e1:25)
06-05 17:32:07.773  7130  7130 E GeckoView: 	at android.view.View.dispatchDetachedFromWindow(View.java:20955)
06-05 17:32:07.773  7130  7130 E GeckoView: 	at android.view.ViewGroup.dispatchDetachedFromWindow(ViewGroup.java:4014)
06-05 17:32:07.773  7130  7130 E GeckoView: 	at android.view.ViewGroup.removeViewInternal(ViewGroup.java:5660)
06-05 17:32:07.773  7130  7130 E GeckoView: 	at android.view.ViewGroup.removeViewInternal(ViewGroup.java:5631)
06-05 17:32:07.773  7130  7130 E GeckoView: 	at android.view.ViewGroup.removeView(ViewGroup.java:5562)
06-05 17:32:07.773  7130  7130 E GeckoView: 	at helium314.keyboard.latin.panels.BrowserPanelView.Q(r8-map-id-8d2309a599612d66809dcdf7de9410f113a8384a8915904589366747ce77f0e1:119)
06-05 17:32:07.773  7130  7130 E GeckoView: 	at helium314.keyboard.latin.panels.BrowserPanelView.G0(r8-map-id-8d2309a599612d66809dcdf7de9410f113a8384a8915904589366747ce77f0e1:73)
06-05 17:32:07.773  7130  7130 E GeckoView: 	at i7.c0.r(r8-map-id-8d2309a599612d66809dcdf7de9410f113a8384a8915904589366747ce77f0e1:149)
06-05 17:32:07.773  7130  7130 E GeckoView: 	at i7.c0.P(r8-map-id-8d2309a599612d66809dcdf7de9410f113a8384a8915904589366747ce77f0e1:17)
06-05 17:32:07.773  7130  7130 E GeckoView: 	at a8.e5.a(r8-map-id-8d2309a599612d66809dcdf7de9410f113a8384a8915904589366747ce77f0e1:3)
06-05 17:32:07.773  7130  7130 E GeckoView: 	at a8.e3.onClick(r8-map-id-8d2309a599612d66809dcdf7de9410f113a8384a8915904589366747ce77f0e1:209)
06-05 17:32:07.773  7130  7130 E GeckoView: 	at android.view.View.performClick(View.java:7488)
06-05 17:32:07.773  7130  7130 E GeckoView: 	at android.view.View.performClickInternal(View.java:7464)
06-05 17:32:07.773  7130  7130 E GeckoView: 	at android.view.View.access$3700(View.java:841)
06-05 17:32:07.773  7130  7130 E GeckoView: 	at android.view.View$PerformClick.run(View.java:28911)
06-05 17:32:07.773  7130  7130 E GeckoView: 	at android.os.Handler.handleCallback(Handler.java:938)
06-05 17:32:07.773  7130  7130 E GeckoView: 	at android.os.Handler.dispatchMessage(Handler.java:99)
06-05 17:32:07.773  7130  7130 E GeckoView: 	at android.os.Looper.loopOnce(Looper.java:233)
06-05 17:32:07.773  7130  7130 E GeckoView: 	at android.os.Looper.loop(Looper.java:344)
06-05 17:32:07.773  7130  7130 E GeckoView: 	at android.app.ActivityThread.main(ActivityThread.java:8212)
06-05 17:32:07.773  7130  7130 E GeckoView: 	at java.lang.reflect.Method.invoke(Native Method)
06-05 17:32:07.773  7130  7130 E GeckoView: 	at com.android.internal.os.RuntimeInit$MethodAndArgsCaller.run(RuntimeInit.java:584)
06-05 17:32:07.773  7130  7130 E GeckoView: 	at com.android.internal.os.ZygoteInit.main(ZygoteInit.java:1034)
06-05 17:32:07.774  7130  7583 E GeckoConsole: [JavaScript Error: "TypeError: can't access property "WindowEventDispatcher", win is null" {file: "resource://gre/modules/GeckoViewSessionStore.sys.mjs" line: 149}]
06-05 17:32:07.774  7130  7583 E GeckoConsole: onTabStateUpdate@resource://gre/modules/GeckoViewSessionStore.sys.mjs:149:5
06-05 17:32:07.774  7130  7583 E GeckoConsole: updateSessionStoreFromTabListener@resource://gre/modules/GeckoViewSessionStore.sys.mjs:243:10
06-05 17:32:07.774  7130  7583 E GeckoConsole: SSF_updateSessionStore@resource://gre/modules/SessionStoreFunctions.sys.mjs:46:27
06-05 17:32:07.774  7130  7583 E GeckoConsole: UpdateSessionStore@resource://gre/modules/SessionStoreFunctions.sys.mjs:16:46
06-05 17:32:07.774  7130  7583 E GeckoConsole: [JavaScript Error: "TypeError: can't access property "WindowEventDispatcher", win is null" {file: "resource://gre/modules/GeckoViewSessionStore.sys.mjs" line: 149}]
06-05 17:32:07.774  7130  7583 E GeckoConsole: onTabStateUpdate@resource://gre/modules/GeckoViewSessionStore.sys.mjs:149:5
06-05 17:32:07.774  7130  7583 E GeckoConsole: updateSessionStoreFromTabListener@resource://gre/modules/GeckoViewSessionStore.sys.mjs:243:10
06-05 17:32:07.774  7130  7583 E GeckoConsole: SSF_updateSessionStore@resource://gre/modules/SessionStoreFunctions.sys.mjs:46:27
06-05 17:32:07.774  7130  7583 E GeckoConsole: UpdateSessionStore@resource://gre/modules/SessionStoreFunctions.sys.mjs:16:46
06-05 17:32:07.804  7130  7130 W GeckoSession: No history entries found.
06-05 17:32:08.422  7130  7583 E GeckoConsole: [JavaScript Error: "TypeError: can't access property "WindowEventDispatcher", win is null" {file: "resource://gre/modules/GeckoViewSessionStore.sys.mjs" line: 149}]
06-05 17:32:08.422  7130  7583 E GeckoConsole: onTabStateUpdate@resource://gre/modules/GeckoViewSessionStore.sys.mjs:149:5
06-05 17:32:08.422  7130  7583 E GeckoConsole: updateSessionStoreFromTabListener@resource://gre/modules/GeckoViewSessionStore.sys.mjs:243:10
06-05 17:32:08.422  7130  7583 E GeckoConsole: SSF_updateSessionStore@resource://gre/modules/SessionStoreFunctions.sys.mjs:46:27
06-05 17:32:08.422  7130  7583 E GeckoConsole: UpdateSessionStore@resource://gre/modules/SessionStoreFunctions.sys.mjs:16:46
06-05 17:32:08.633  7130  7583 E GeckoConsole: [JavaScript Error: "TypeError: can't access property "WindowEventDispatcher", win is null" {file: "resource://gre/modules/GeckoViewSessionStore.sys.mjs" line: 149}]
06-05 17:32:08.633  7130  7583 E GeckoConsole: onTabStateUpdate@resource://gre/modules/GeckoViewSessionStore.sys.mjs:149:5
06-05 17:32:08.633  7130  7583 E GeckoConsole: updateSessionStoreFromTabListener@resource://gre/modules/GeckoViewSessionStore.sys.mjs:243:10
06-05 17:32:08.633  7130  7583 E GeckoConsole: SSF_updateSessionStore@resource://gre/modules/SessionStoreFunctions.sys.mjs:46:27
06-05 17:32:08.633  7130  7583 E GeckoConsole: UpdateSessionStore@resource://gre/modules/SessionStoreFunctions.sys.mjs:16:46
06-05 17:32:08.972  7130  7583 E GeckoConsole: [JavaScript Error: "TypeError: can't access property "WindowEventDispatcher", win is null" {file: "resource://gre/modules/GeckoViewSessionStore.sys.mjs" line: 149}]
06-05 17:32:08.972  7130  7583 E GeckoConsole: onTabStateUpdate@resource://gre/modules/GeckoViewSessionStore.sys.mjs:149:5
06-05 17:32:08.972  7130  7583 E GeckoConsole: updateSessionStoreFromTabListener@resource://gre/modules/GeckoViewSessionStore.sys.mjs:243:10
06-05 17:32:08.972  7130  7583 E GeckoConsole: SSF_updateSessionStore@resource://gre/modules/SessionStoreFunctions.sys.mjs:46:27
06-05 17:32:08.972  7130  7583 E GeckoConsole: UpdateSessionStore@resource://gre/modules/SessionStoreFunctions.sys.mjs:16:46
06-05 17:32:08.972  7130  7583 E GeckoConsole: [JavaScript Error: "TypeError: can't access property "WindowEventDispatcher", win is null" {file: "resource://gre/modules/GeckoViewSessionStore.sys.mjs" line: 149}]
06-05 17:32:08.972  7130  7583 E GeckoConsole: onTabStateUpdate@resource://gre/modules/GeckoViewSessionStore.sys.mjs:149:5
06-05 17:32:08.972  7130  7583 E GeckoConsole: updateSessionStoreFromTabListener@resource://gre/modules/GeckoViewSessionStore.sys.mjs:243:10
06-05 17:32:08.972  7130  7583 E GeckoConsole: SSF_updateSessionStore@resource://gre/modules/SessionStoreFunctions.sys.mjs:46:27
06-05 17:32:08.972  7130  7583 E GeckoConsole: UpdateSessionStore@resource://gre/modules/SessionStoreFunctions.sys.mjs:16:46
06-05 17:32:09.039  7130  7130 W GeckoEventDispatcher: No listener for GeckoView:DismissClipboardPermissionRequest
06-05 17:32:09.041  7130  7583 E GeckoConsole: [JavaScript Error: "TypeError: can't access property "WindowEventDispatcher", win is null" {file: "resource://gre/modules/GeckoViewSessionStore.sys.mjs" line: 149}]
06-05 17:32:09.041  7130  7583 E GeckoConsole: onTabStateUpdate@resource://gre/modules/GeckoViewSessionStore.sys.mjs:149:5
06-05 17:32:09.041  7130  7583 E GeckoConsole: updateSessionStoreFromTabListener@resource://gre/modules/GeckoViewSessionStore.sys.mjs:243:10
06-05 17:32:09.041  7130  7583 E GeckoConsole: SSF_updateSessionStore@resource://gre/modules/SessionStoreFunctions.sys.mjs:46:27
06-05 17:32:09.041  7130  7583 E GeckoConsole: UpdateSessionStore@resource://gre/modules/SessionStoreFunctions.sys.mjs:16:46
06-05 17:32:09.054  7130  7130 I VkPanels: ▶ open browser
06-05 17:32:09.065  7130  7130 I VkBrowser: ▶ panel open incognito=false tabs=3 queryLen=0
06-05 17:32:09.067  7130  7130 E Toast   : setGravity() shouldn't be called on text toasts, the values won't be used
06-05 17:32:09.070  7130  7130 E GeckoView: Failed to attach WindowInsetsListener: 
06-05 17:32:09.070  7130  7130 E GeckoView: java.lang.NullPointerException: Attempt to invoke virtual method 'android.view.Window android.app.Activity.getWindow()' on a null object reference
06-05 17:32:09.070  7130  7130 E GeckoView: 	at org.mozilla.geckoview.GeckoView.attachWindowInsetsListener(r8-map-id-8d2309a599612d66809dcdf7de9410f113a8384a8915904589366747ce77f0e1:1)
06-05 17:32:09.070  7130  7130 E GeckoView: 	at org.mozilla.geckoview.GeckoView.onAttachedToWindow(r8-map-id-8d2309a599612d66809dcdf7de9410f113a8384a8915904589366747ce77f0e1:49)
06-05 17:32:09.070  7130  7130 E GeckoView: 	at android.view.View.dispatchAttachedToWindow(View.java:20900)
06-05 17:32:09.070  7130  7130 E GeckoView: 	at android.view.ViewGroup.dispatchAttachedToWindow(ViewGroup.java:3539)
06-05 17:32:09.070  7130  7130 E GeckoView: 	at android.view.ViewGroup.addViewInner(ViewGroup.java:5378)
06-05 17:32:09.070  7130  7130 E GeckoView: 	at android.view.ViewGroup.addView(ViewGroup.java:5156)
06-05 17:32:09.070  7130  7130 E GeckoView: 	at helium314.keyboard.latin.panels.BrowserPanelView.Y(r8-map-id-8d2309a599612d66809dcdf7de9410f113a8384a8915904589366747ce77f0e1:134)
06-05 17:32:09.070  7130  7130 E GeckoView: 	at helium314.keyboard.latin.panels.BrowserPanelView.F0(r8-map-id-8d2309a599612d66809dcdf7de9410f113a8384a8915904589366747ce77f0e1:171)
06-05 17:32:09.070  7130  7130 E GeckoView: 	at c5.s.run(r8-map-id-8d2309a599612d66809dcdf7de9410f113a8384a8915904589366747ce77f0e1:622)
06-05 17:32:09.070  7130  7130 E GeckoView: 	at i7.z.onGlobalLayout(r8-map-id-8d2309a599612d66809dcdf7de9410f113a8384a8915904589366747ce77f0e1:8)
06-05 17:32:09.070  7130  7130 E GeckoView: 	at android.view.ViewTreeObserver.dispatchOnGlobalLayout(ViewTreeObserver.java:1061)
06-05 17:32:09.070  7130  7130 E GeckoView: 	at android.view.ViewRootImpl.performTraversals(ViewRootImpl.java:3407)
06-05 17:32:09.070  7130  7130 E GeckoView: 	at android.view.ViewRootImpl.doTraversal(ViewRootImpl.java:2305)
06-05 17:32:09.070  7130  7130 E GeckoView: 	at android.view.ViewRootImpl$TraversalRunnable.run(ViewRootImpl.java:9133)
06-05 17:32:09.070  7130  7130 E GeckoView: 	at android.view.Choreographer$CallbackRecord.run(Choreographer.java:1232)
06-05 17:32:09.070  7130  7130 E GeckoView: 	at android.view.Choreographer.doCallbacks(Choreographer.java:1029)
06-05 17:32:09.070  7130  7130 E GeckoView: 	at android.view.Choreographer.doFrame(Choreographer.java:934)
06-05 17:32:09.070  7130  7130 E GeckoView: 	at android.view.Choreographer$FrameDisplayEventReceiver.run(Choreographer.java:1217)
06-05 17:32:09.070  7130  7130 E GeckoView: 	at android.os.Handler.handleCallback(Handler.java:938)
06-05 17:32:09.070  7130  7130 E GeckoView: 	at android.os.Handler.dispatchMessage(Handler.java:99)
06-05 17:32:09.070  7130  7130 E GeckoView: 	at android.os.Looper.loopOnce(Looper.java:233)
06-05 17:32:09.070  7130  7130 E GeckoView: 	at android.os.Looper.loop(Looper.java:344)
06-05 17:32:09.070  7130  7130 E GeckoView: 	at android.app.ActivityThread.main(ActivityThread.java:8212)
06-05 17:32:09.070  7130  7130 E GeckoView: 	at java.lang.reflect.Method.invoke(Native Method)
06-05 17:32:09.070  7130  7130 E GeckoView: 	at com.android.internal.os.RuntimeInit$MethodAndArgsCaller.run(RuntimeInit.java:584)
06-05 17:32:09.070  7130  7130 E GeckoView: 	at com.android.internal.os.ZygoteInit.main(ZygoteInit.java:1034)
06-05 17:32:09.071  7130  7130 W GeckoEventDispatcher: No listener for GeckoView:DismissClipboardPermissionRequest
06-05 17:32:09.087  7130  7583 E GeckoConsole: [JavaScript Error: "TypeError: can't access property "WindowEventDispatcher", win is null" {file: "resource://gre/modules/GeckoViewSessionStore.sys.mjs" line: 149}]
06-05 17:32:09.087  7130  7583 E GeckoConsole: onTabStateUpdate@resource://gre/modules/GeckoViewSessionStore.sys.mjs:149:5
06-05 17:32:09.087  7130  7583 E GeckoConsole: updateSessionStoreFromTabListener@resource://gre/modules/GeckoViewSessionStore.sys.mjs:243:10
06-05 17:32:09.087  7130  7583 E GeckoConsole: SSF_updateSessionStore@resource://gre/modules/SessionStoreFunctions.sys.mjs:46:27
06-05 17:32:09.087  7130  7583 E GeckoConsole: UpdateSessionStore@resource://gre/modules/SessionStoreFunctions.sys.mjs:16:46
06-05 17:32:09.515  7130  7130 W GeckoEventDispatcher: No listener for GeckoView:DismissClipboardPermissionRequest
06-05 17:32:09.516  7130 13261 E BLASTBufferQueue: BLASTBufferItemConsumer::onDisconnect()
06-05 17:32:09.519  7130  7583 E GeckoConsole: [JavaScript Error: "TypeError: can't access property "WindowEventDispatcher", win is null" {file: "resource://gre/modules/GeckoViewSessionStore.sys.mjs" line: 149}]
06-05 17:32:09.519  7130  7583 E GeckoConsole: onTabStateUpdate@resource://gre/modules/GeckoViewSessionStore.sys.mjs:149:5
06-05 17:32:09.519  7130  7583 E GeckoConsole: updateSessionStoreFromTabListener@resource://gre/modules/GeckoViewSessionStore.sys.mjs:243:10
06-05 17:32:09.519  7130  7583 E GeckoConsole: SSF_updateSessionStore@resource://gre/modules/SessionStoreFunctions.sys.mjs:46:27
06-05 17:32:09.519  7130  7583 E GeckoConsole: UpdateSessionStore@resource://gre/modules/SessionStoreFunctions.sys.mjs:16:46
06-05 17:32:09.519  7130  7583 E GeckoConsole: [JavaScript Error: "TypeError: can't access property "WindowEventDispatcher", win is null" {file: "resource://gre/modules/GeckoViewSessionStore.sys.mjs" line: 149}]
06-05 17:32:09.519  7130  7583 E GeckoConsole: onTabStateUpdate@resource://gre/modules/GeckoViewSessionStore.sys.mjs:149:5
06-05 17:32:09.519  7130  7583 E GeckoConsole: updateSessionStoreFromTabListener@resource://gre/modules/GeckoViewSessionStore.sys.mjs:243:10
06-05 17:32:09.519  7130  7583 E GeckoConsole: SSF_updateSessionStore@resource://gre/modules/SessionStoreFunctions.sys.mjs:46:27
06-05 17:32:09.519  7130  7583 E GeckoConsole: UpdateSessionStore@resource://gre/modules/SessionStoreFunctions.sys.mjs:16:46
06-05 17:32:09.519  7130  7130 E GeckoView: Failed to detach WindowInsetsListener: 
06-05 17:32:09.519  7130  7130 E GeckoView: java.lang.NullPointerException: Attempt to invoke virtual method 'android.view.Window android.app.Activity.getWindow()' on a null object reference
06-05 17:32:09.519  7130  7130 E GeckoView: 	at org.mozilla.geckoview.GeckoView.detachWindowInsetsListener(r8-map-id-8d2309a599612d66809dcdf7de9410f113a8384a8915904589366747ce77f0e1:1)
06-05 17:32:09.519  7130  7130 E GeckoView: 	at org.mozilla.geckoview.GeckoView.onDetachedFromWindow(r8-map-id-8d2309a599612d66809dcdf7de9410f113a8384a8915904589366747ce77f0e1:25)
06-05 17:32:09.519  7130  7130 E GeckoView: 	at android.view.View.dispatchDetachedFromWindow(View.java:20955)
06-05 17:32:09.519  7130  7130 E GeckoView: 	at android.view.ViewGroup.dispatchDetachedFromWindow(ViewGroup.java:4014)
06-05 17:32:09.519  7130  7130 E GeckoView: 	at android.view.ViewGroup.removeViewInternal(ViewGroup.java:5660)
06-05 17:32:09.519  7130  7130 E GeckoView: 	at android.view.ViewGroup.removeViewInternal(ViewGroup.java:5631)
06-05 17:32:09.519  7130  7130 E GeckoView: 	at android.view.ViewGroup.removeView(ViewGroup.java:5562)
06-05 17:32:09.519  7130  7130 E GeckoView: 	at helium314.keyboard.latin.panels.BrowserPanelView.Q(r8-map-id-8d2309a599612d66809dcdf7de9410f113a8384a8915904589366747ce77f0e1:119)
06-05 17:32:09.519  7130  7130 E GeckoView: 	at helium314.keyboard.latin.panels.BrowserPanelView.G0(r8-map-id-8d2309a599612d66809dcdf7de9410f113a8384a8915904589366747ce77f0e1:73)
06-05 17:32:09.519  7130  7130 E GeckoView: 	at i7.c0.r(r8-map-id-8d2309a599612d66809dcdf7de9410f113a8384a8915904589366747ce77f0e1:149)
06-05 17:32:09.519  7130  7130 E GeckoView: 	at i7.c0.P(r8-map-id-8d2309a599612d66809dcdf7de9410f113a8384a8915904589366747ce77f0e1:17)
06-05 17:32:09.519  7130  7130 E GeckoView: 	at a8.e5.a(r8-map-id-8d2309a599612d66809dcdf7de9410f113a8384a8915904589366747ce77f0e1:3)
06-05 17:32:09.519  7130  7130 E GeckoView: 	at a8.e3.onClick(r8-map-id-8d2309a599612d66809dcdf7de9410f113a8384a8915904589366747ce77f0e1:209)
06-05 17:32:09.519  7130  7130 E GeckoView: 	at android.view.View.performClick(View.java:7488)
06-05 17:32:09.519  7130  7130 E GeckoView: 	at android.view.View.performClickInternal(View.java:7464)
06-05 17:32:09.519  7130  7130 E GeckoView: 	at android.view.View.access$3700(View.java:841)
06-05 17:32:09.519  7130  7130 E GeckoView: 	at android.view.View$PerformClick.run(View.java:28911)
06-05 17:32:09.519  7130  7130 E GeckoView: 	at android.os.Handler.handleCallback(Handler.java:938)
06-05 17:32:09.519  7130  7130 E GeckoView: 	at android.os.Handler.dispatchMessage(Handler.java:99)
06-05 17:32:09.519  7130  7130 E GeckoView: 	at android.os.Looper.loopOnce(Looper.java:233)
06-05 17:32:09.519  7130  7130 E GeckoView: 	at android.os.Looper.loop(Looper.java:344)
06-05 17:32:09.519  7130  7130 E GeckoView: 	at android.app.ActivityThread.main(ActivityThread.java:8212)
06-05 17:32:09.519  7130  7130 E GeckoView: 	at java.lang.reflect.Method.invoke(Native Method)
06-05 17:32:09.519  7130  7130 E GeckoView: 	at com.android.internal.os.RuntimeInit$MethodAndArgsCaller.run(RuntimeInit.java:584)
06-05 17:32:09.519  7130  7130 E GeckoView: 	at com.android.internal.os.ZygoteInit.main(ZygoteInit.java:1034)
06-05 17:32:10.277  7130  7130 W GeckoEventDispatcher: No listener for GeckoView:DismissClipboardPermissionRequest
06-05 17:32:10.279  7130  7583 E GeckoConsole: [JavaScript Error: "TypeError: can't access property "WindowEventDispatcher", win is null" {file: "resource://gre/modules/GeckoViewSessionStore.sys.mjs" line: 149}]
06-05 17:32:10.279  7130  7583 E GeckoConsole: onTabStateUpdate@resource://gre/modules/GeckoViewSessionStore.sys.mjs:149:5
06-05 17:32:10.279  7130  7583 E GeckoConsole: updateSessionStoreFromTabListener@resource://gre/modules/GeckoViewSessionStore.sys.mjs:243:10
06-05 17:32:10.279  7130  7583 E GeckoConsole: SSF_updateSessionStore@resource://gre/modules/SessionStoreFunctions.sys.mjs:46:27
06-05 17:32:10.279  7130  7583 E GeckoConsole: UpdateSessionStore@resource://gre/modules/SessionStoreFunctions.sys.mjs:16:46
06-05 17:32:10.291  7130  7130 I VkPanels: ▶ open menu
06-05 17:32:11.287  7130  7130 W GeckoEventDispatcher: No listener for GeckoView:DismissClipboardPermissionRequest
06-05 17:32:11.288  7130  7583 E GeckoConsole: [JavaScript Error: "TypeError: can't access property "WindowEventDispatcher", win is null" {file: "resource://gre/modules/GeckoViewSessionStore.sys.mjs" line: 149}]
06-05 17:32:11.288  7130  7583 E GeckoConsole: onTabStateUpdate@resource://gre/modules/GeckoViewSessionStore.sys.mjs:149:5
06-05 17:32:11.288  7130  7583 E GeckoConsole: updateSessionStoreFromTabListener@resource://gre/modules/GeckoViewSessionStore.sys.mjs:243:10
06-05 17:32:11.288  7130  7583 E GeckoConsole: SSF_updateSessionStore@resource://gre/modules/SessionStoreFunctions.sys.mjs:46:27
06-05 17:32:11.288  7130  7583 E GeckoConsole: UpdateSessionStore@resource://gre/modules/SessionStoreFunctions.sys.mjs:16:46
06-05 17:32:11.676  7130  7130 W GeckoEventDispatcher: No listener for GeckoView:DismissClipboardPermissionRequest
06-05 17:32:11.680  7130  7583 E GeckoConsole: [JavaScript Error: "TypeError: can't access property "WindowEventDispatcher", win is null" {file: "resource://gre/modules/GeckoViewSessionStore.sys.mjs" line: 149}]
06-05 17:32:11.680  7130  7583 E GeckoConsole: onTabStateUpdate@resource://gre/modules/GeckoViewSessionStore.sys.mjs:149:5
06-05 17:32:11.680  7130  7583 E GeckoConsole: updateSessionStoreFromTabListener@resource://gre/modules/GeckoViewSessionStore.sys.mjs:243:10
06-05 17:32:11.680  7130  7583 E GeckoConsole: SSF_updateSessionStore@resource://gre/modules/SessionStoreFunctions.sys.mjs:46:27
06-05 17:32:11.680  7130  7583 E GeckoConsole: UpdateSessionStore@resource://gre/modules/SessionStoreFunctions.sys.mjs:16:46
06-05 17:32:11.689  7130  7130 I VkPanels: ▶ open browser
06-05 17:32:11.699  7130  7130 I VkBrowser: ▶ panel open incognito=false tabs=3 queryLen=0
06-05 17:32:11.701  7130  7130 E Toast   : setGravity() shouldn't be called on text toasts, the values won't be used
06-05 17:32:11.706  7130  7130 E GeckoView: Failed to attach WindowInsetsListener: 
06-05 17:32:11.706  7130  7130 E GeckoView: java.lang.NullPointerException: Attempt to invoke virtual method 'android.view.Window android.app.Activity.getWindow()' on a null object reference
06-05 17:32:11.706  7130  7130 E GeckoView: 	at org.mozilla.geckoview.GeckoView.attachWindowInsetsListener(r8-map-id-8d2309a599612d66809dcdf7de9410f113a8384a8915904589366747ce77f0e1:1)
06-05 17:32:11.706  7130  7130 E GeckoView: 	at org.mozilla.geckoview.GeckoView.onAttachedToWindow(r8-map-id-8d2309a599612d66809dcdf7de9410f113a8384a8915904589366747ce77f0e1:49)
06-05 17:32:11.706  7130  7130 E GeckoView: 	at android.view.View.dispatchAttachedToWindow(View.java:20900)
06-05 17:32:11.706  7130  7130 E GeckoView: 	at android.view.ViewGroup.dispatchAttachedToWindow(ViewGroup.java:3539)
06-05 17:32:11.706  7130  7130 E GeckoView: 	at android.view.ViewGroup.addViewInner(ViewGroup.java:5378)
06-05 17:32:11.706  7130  7130 E GeckoView: 	at android.view.ViewGroup.addView(ViewGroup.java:5156)
06-05 17:32:11.706  7130  7130 E GeckoView: 	at helium314.keyboard.latin.panels.BrowserPanelView.Y(r8-map-id-8d2309a599612d66809dcdf7de9410f113a8384a8915904589366747ce77f0e1:134)
06-05 17:32:11.706  7130  7130 E GeckoView: 	at helium314.keyboard.latin.panels.BrowserPanelView.F0(r8-map-id-8d2309a599612d66809dcdf7de9410f113a8384a8915904589366747ce77f0e1:171)
06-05 17:32:11.706  7130  7130 E GeckoView: 	at c5.s.run(r8-map-id-8d2309a599612d66809dcdf7de9410f113a8384a8915904589366747ce77f0e1:622)
06-05 17:32:11.706  7130  7130 E GeckoView: 	at i7.z.onGlobalLayout(r8-map-id-8d2309a599612d66809dcdf7de9410f113a8384a8915904589366747ce77f0e1:8)
06-05 17:32:11.706  7130  7130 E GeckoView: 	at android.view.ViewTreeObserver.dispatchOnGlobalLayout(ViewTreeObserver.java:1061)
06-05 17:32:11.706  7130  7130 E GeckoView: 	at android.view.ViewRootImpl.performTraversals(ViewRootImpl.java:3407)
06-05 17:32:11.706  7130  7130 E GeckoView: 	at android.view.ViewRootImpl.doTraversal(ViewRootImpl.java:2305)
06-05 17:32:11.706  7130  7130 E GeckoView: 	at android.view.ViewRootImpl$TraversalRunnable.run(ViewRootImpl.java:9133)
06-05 17:32:11.706  7130  7130 E GeckoView: 	at android.view.Choreographer$CallbackRecord.run(Choreographer.java:1232)
06-05 17:32:11.706  7130  7130 E GeckoView: 	at android.view.Choreographer.doCallbacks(Choreographer.java:1029)
06-05 17:32:11.706  7130  7130 E GeckoView: 	at android.view.Choreographer.doFrame(Choreographer.java:934)
06-05 17:32:11.706  7130  7130 E GeckoView: 	at android.view.Choreographer$FrameDisplayEventReceiver.run(Choreographer.java:1217)
06-05 17:32:11.706  7130  7130 E GeckoView: 	at android.os.Handler.handleCallback(Handler.java:938)
06-05 17:32:11.706  7130  7130 E GeckoView: 	at android.os.Handler.dispatchMessage(Handler.java:99)
06-05 17:32:11.706  7130  7130 E GeckoView: 	at android.os.Looper.loopOnce(Looper.java:233)
06-05 17:32:11.706  7130  7130 E GeckoView: 	at android.os.Looper.loop(Looper.java:344)
06-05 17:32:11.706  7130  7130 E GeckoView: 	at android.app.ActivityThread.main(ActivityThread.java:8212)
06-05 17:32:11.706  7130  7130 E GeckoView: 	at java.lang.reflect.Method.invoke(Native Method)
06-05 17:32:11.706  7130  7130 E GeckoView: 	at com.android.internal.os.RuntimeInit$MethodAndArgsCaller.run(RuntimeInit.java:584)
06-05 17:32:11.706  7130  7130 E GeckoView: 	at com.android.internal.os.ZygoteInit.main(ZygoteInit.java:1034)
06-05 17:32:11.706  7130  7130 W GeckoEventDispatcher: No listener for GeckoView:DismissClipboardPermissionRequest
06-05 17:32:12.113  7130  7130 W GeckoEventDispatcher: No listener for GeckoView:DismissClipboardPermissionRequest
06-05 17:32:12.115  7130  7583 E GeckoConsole: [JavaScript Error: "TypeError: can't access property "WindowEventDispatcher", win is null" {file: "resource://gre/modules/GeckoViewSessionStore.sys.mjs" line: 149}]
06-05 17:32:12.115  7130  7583 E GeckoConsole: onTabStateUpdate@resource://gre/modules/GeckoViewSessionStore.sys.mjs:149:5
06-05 17:32:12.115  7130  7583 E GeckoConsole: updateSessionStoreFromTabListener@resource://gre/modules/GeckoViewSessionStore.sys.mjs:243:10
06-05 17:32:12.115  7130  7583 E GeckoConsole: SSF_updateSessionStore@resource://gre/modules/SessionStoreFunctions.sys.mjs:46:27
06-05 17:32:12.115  7130  7583 E GeckoConsole: UpdateSessionStore@resource://gre/modules/SessionStoreFunctions.sys.mjs:16:46
06-05 17:32:12.116  7130 13261 E BLASTBufferQueue: BLASTBufferItemConsumer::onDisconnect()
06-05 17:32:12.119  7130  7130 E GeckoView: Failed to detach WindowInsetsListener: 
06-05 17:32:12.119  7130  7130 E GeckoView: java.lang.NullPointerException: Attempt to invoke virtual method 'android.view.Window android.app.Activity.getWindow()' on a null object reference
06-05 17:32:12.119  7130  7130 E GeckoView: 	at org.mozilla.geckoview.GeckoView.detachWindowInsetsListener(r8-map-id-8d2309a599612d66809dcdf7de9410f113a8384a8915904589366747ce77f0e1:1)
06-05 17:32:12.119  7130  7130 E GeckoView: 	at org.mozilla.geckoview.GeckoView.onDetachedFromWindow(r8-map-id-8d2309a599612d66809dcdf7de9410f113a8384a8915904589366747ce77f0e1:25)
06-05 17:32:12.119  7130  7130 E GeckoView: 	at android.view.View.dispatchDetachedFromWindow(View.java:20955)
06-05 17:32:12.119  7130  7130 E GeckoView: 	at android.view.ViewGroup.dispatchDetachedFromWindow(ViewGroup.java:4014)
06-05 17:32:12.119  7130  7130 E GeckoView: 	at android.view.ViewGroup.removeViewInternal(ViewGroup.java:5660)
06-05 17:32:12.119  7130  7130 E GeckoView: 	at android.view.ViewGroup.removeViewInternal(ViewGroup.java:5631)
06-05 17:32:12.119  7130  7130 E GeckoView: 	at android.view.ViewGroup.removeView(ViewGroup.java:5562)
06-05 17:32:12.119  7130  7130 E GeckoView: 	at helium314.keyboard.latin.panels.BrowserPanelView.Q(r8-map-id-8d2309a599612d66809dcdf7de9410f113a8384a8915904589366747ce77f0e1:119)
06-05 17:32:12.119  7130  7130 E GeckoView: 	at helium314.keyboard.latin.panels.BrowserPanelView.G0(r8-map-id-8d2309a599612d66809dcdf7de9410f113a8384a8915904589366747ce77f0e1:73)
06-05 17:32:12.119  7130  7130 E GeckoView: 	at i7.c0.r(r8-map-id-8d2309a599612d66809dcdf7de9410f113a8384a8915904589366747ce77f0e1:149)
06-05 17:32:12.119  7130  7130 E GeckoView: 	at i7.c0.P(r8-map-id-8d2309a599612d66809dcdf7de9410f113a8384a8915904589366747ce77f0e1:17)
06-05 17:32:12.119  7130  7130 E GeckoView: 	at a8.e5.a(r8-map-id-8d2309a599612d66809dcdf7de9410f113a8384a8915904589366747ce77f0e1:3)
06-05 17:32:12.119  7130  7130 E GeckoView: 	at a8.e3.onClick(r8-map-id-8d2309a599612d66809dcdf7de9410f113a8384a8915904589366747ce77f0e1:209)
06-05 17:32:12.119  7130  7130 E GeckoView: 	at android.view.View.performClick(View.java:7488)
06-05 17:32:12.119  7130  7130 E GeckoView: 	at android.view.View.performClickInternal(View.java:7464)
06-05 17:32:12.119  7130  7130 E GeckoView: 	at android.view.View.access$3700(View.java:841)
06-05 17:32:12.119  7130  7130 E GeckoView: 	at android.view.View$PerformClick.run(View.java:28911)
06-05 17:32:12.119  7130  7130 E GeckoView: 	at android.os.Handler.handleCallback(Handler.java:938)
06-05 17:32:12.119  7130  7130 E GeckoView: 	at android.os.Handler.dispatchMessage(Handler.java:99)
06-05 17:32:12.119  7130  7130 E GeckoView: 	at android.os.Looper.loopOnce(Looper.java:233)
06-05 17:32:12.119  7130  7130 E GeckoView: 	at android.os.Looper.loop(Looper.java:344)
06-05 17:32:12.119  7130  7130 E GeckoView: 	at android.app.ActivityThread.main(ActivityThread.java:8212)
06-05 17:32:12.119  7130  7130 E GeckoView: 	at java.lang.reflect.Method.invoke(Native Method)
06-05 17:32:12.119  7130  7130 E GeckoView: 	at com.android.internal.os.RuntimeInit$MethodAndArgsCaller.run(RuntimeInit.java:584)
06-05 17:32:12.119  7130  7130 E GeckoView: 	at com.android.internal.os.ZygoteInit.main(ZygoteInit.java:1034)
06-05 17:32:12.119  7130  7583 E GeckoConsole: [JavaScript Error: "TypeError: can't access property "WindowEventDispatcher", win is null" {file: "resource://gre/modules/GeckoViewSessionStore.sys.mjs" line: 149}]
06-05 17:32:12.119  7130  7583 E GeckoConsole: onTabStateUpdate@resource://gre/modules/GeckoViewSessionStore.sys.mjs:149:5
06-05 17:32:12.119  7130  7583 E GeckoConsole: updateSessionStoreFromTabListener@resource://gre/modules/GeckoViewSessionStore.sys.mjs:243:10
06-05 17:32:12.119  7130  7583 E GeckoConsole: SSF_updateSessionStore@resource://gre/modules/SessionStoreFunctions.sys.mjs:46:27
06-05 17:32:12.119  7130  7583 E GeckoConsole: UpdateSessionStore@resource://gre/modules/SessionStoreFunctions.sys.mjs:16:46
06-05 17:32:12.695  7130  7130 I VkTyping: ○ hidden
06-05 17:32:13.745  7130  7130 I VkTyping: ▶ open restart=false pkg=com.android.launcher inputType=589825
06-05 17:32:13.832  7130  7130 W GeckoEventDispatcher: No listener for GeckoView:DismissClipboardPermissionRequest
06-05 17:32:13.835  7130  7583 E GeckoConsole: [JavaScript Error: "TypeError: can't access property "WindowEventDispatcher", win is null" {file: "resource://gre/modules/GeckoViewSessionStore.sys.mjs" line: 149}]
06-05 17:32:13.835  7130  7583 E GeckoConsole: onTabStateUpdate@resource://gre/modules/GeckoViewSessionStore.sys.mjs:149:5
06-05 17:32:13.835  7130  7583 E GeckoConsole: updateSessionStoreFromTabListener@resource://gre/modules/GeckoViewSessionStore.sys.mjs:243:10
06-05 17:32:13.835  7130  7583 E GeckoConsole: SSF_updateSessionStore@resource://gre/modules/SessionStoreFunctions.sys.mjs:46:27
06-05 17:32:13.835  7130  7583 E GeckoConsole: UpdateSessionStore@resource://gre/modules/SessionStoreFunctions.sys.mjs:16:46
06-05 17:32:14.507 19612 19629 W Isolated Web Content: [JavaScript Warning: "The resource at “https://en.russiatoday.com/static/js/services.sharing.js?v=10” preloaded with link preload was not used within a few seconds. Make sure all attributes of the preload tag are set correctly." {file: "https://www.rt.com/" line: 0}]
06-05 17:32:14.507 19612 19629 W Isolated Web Content: [JavaScript Warning: "The resource at “https://yastatic.net/s3/home/fonts/ys/3/text-variable-full.woff2” preloaded with link preload was not used within a few seconds. Make sure all attributes of the preload tag are set correctly." {file: "https://www.rt.com/" line: 0}]
06-05 17:32:14.853 19859 19883 W Isolated Web Content: [JavaScript Warning: "The resource at “https://odysee.com/public/font/v1/300.woff” preloaded with link preload was not used within a few seconds. Make sure all attributes of the preload tag are set correctly." {file: "https://odysee.com/%24/embed/%40RTDocumentary%3A4%2FSurviving-Krasnoarmeysk---RT.Doc%3A2?r=FPd9jo2TcK4WYUcfCf55TEoD35ZAtJCU" line: 0}]
06-05 17:32:14.853 19859 19883 W Isolated Web Content: [JavaScript Warning: "The resource at “https://odysee.com/public/font/v1/300i.woff” preloaded with link preload was not used within a few seconds. Make sure all attributes of the preload tag are set correctly." {file: "https://odysee.com/%24/embed/%40RTDocumentary%3A4%2FSurviving-Krasnoarmeysk---RT.Doc%3A2?r=FPd9jo2TcK4WYUcfCf55TEoD35ZAtJCU" line: 0}]
06-05 17:32:14.853 19859 19883 W Isolated Web Content: [JavaScript Warning: "The resource at “https://odysee.com/public/font/v1/400i.woff” preloaded with link preload was not used within a few seconds. Make sure all attributes of the preload tag are set correctly." {file: "https://odysee.com/%24/embed/%40RTDocumentary%3A4%2FSurviving-Krasnoarmeysk---RT.Doc%3A2?r=FPd9jo2TcK4WYUcfCf55TEoD35ZAtJCU" line: 0}]
06-05 17:32:14.853 19859 19883 W Isolated Web Content: [JavaScript Warning: "The resource at “https://odysee.com/public/font/v1/700i.woff” preloaded with link preload was not used within a few seconds. Make sure all attributes of the preload tag are set correctly." {file: "https://odysee.com/%24/embed/%40RTDocumentary%3A4%2FSurviving-Krasnoarmeysk---RT.Doc%3A2?r=FPd9jo2TcK4WYUcfCf55TEoD35ZAtJCU" line: 0}]
06-05 17:32:14.999  7130  7130 W GeckoEventDispatcher: No listener for GeckoView:DismissClipboardPermissionRequest
06-05 17:32:15.001  7130  7583 E GeckoConsole: [JavaScript Error: "TypeError: can't access property "WindowEventDispatcher", win is null" {file: "resource://gre/modules/GeckoViewSessionStore.sys.mjs" line: 149}]
06-05 17:32:15.001  7130  7583 E GeckoConsole: onTabStateUpdate@resource://gre/modules/GeckoViewSessionStore.sys.mjs:149:5
06-05 17:32:15.001  7130  7583 E GeckoConsole: updateSessionStoreFromTabListener@resource://gre/modules/GeckoViewSessionStore.sys.mjs:243:10
06-05 17:32:15.001  7130  7583 E GeckoConsole: SSF_updateSessionStore@resource://gre/modules/SessionStoreFunctions.sys.mjs:46:27
06-05 17:32:15.001  7130  7583 E GeckoConsole: UpdateSessionStore@resource://gre/modules/SessionStoreFunctions.sys.mjs:16:46
06-05 17:32:15.015  7130  7130 I VkPanels: ▶ open browser
06-05 17:32:15.027  7130  7130 I VkBrowser: ▶ panel open incognito=false tabs=3 queryLen=0
06-05 17:32:15.029  7130  7130 E Toast   : setGravity() shouldn't be called on text toasts, the values won't be used
06-05 17:32:15.033  7130  7130 E GeckoView: Failed to attach WindowInsetsListener: 
06-05 17:32:15.033  7130  7130 E GeckoView: java.lang.NullPointerException: Attempt to invoke virtual method 'android.view.Window android.app.Activity.getWindow()' on a null object reference
06-05 17:32:15.033  7130  7130 E GeckoView: 	at org.mozilla.geckoview.GeckoView.attachWindowInsetsListener(r8-map-id-8d2309a599612d66809dcdf7de9410f113a8384a8915904589366747ce77f0e1:1)
06-05 17:32:15.033  7130  7130 E GeckoView: 	at org.mozilla.geckoview.GeckoView.onAttachedToWindow(r8-map-id-8d2309a599612d66809dcdf7de9410f113a8384a8915904589366747ce77f0e1:49)
06-05 17:32:15.033  7130  7130 E GeckoView: 	at android.view.View.dispatchAttachedToWindow(View.java:20900)
06-05 17:32:15.033  7130  7130 E GeckoView: 	at android.view.ViewGroup.dispatchAttachedToWindow(ViewGroup.java:3539)
06-05 17:32:15.033  7130  7130 E GeckoView: 	at android.view.ViewGroup.addViewInner(ViewGroup.java:5378)
06-05 17:32:15.033  7130  7130 E GeckoView: 	at android.view.ViewGroup.addView(ViewGroup.java:5156)
06-05 17:32:15.033  7130  7130 E GeckoView: 	at helium314.keyboard.latin.panels.BrowserPanelView.Y(r8-map-id-8d2309a599612d66809dcdf7de9410f113a8384a8915904589366747ce77f0e1:134)
06-05 17:32:15.033  7130  7130 E GeckoView: 	at helium314.keyboard.latin.panels.BrowserPanelView.F0(r8-map-id-8d2309a599612d66809dcdf7de9410f113a8384a8915904589366747ce77f0e1:171)
06-05 17:32:15.033  7130  7130 E GeckoView: 	at c5.s.run(r8-map-id-8d2309a599612d66809dcdf7de9410f113a8384a8915904589366747ce77f0e1:622)
06-05 17:32:15.033  7130  7130 E GeckoView: 	at i7.z.onGlobalLayout(r8-map-id-8d2309a599612d66809dcdf7de9410f113a8384a8915904589366747ce77f0e1:8)
06-05 17:32:15.033  7130  7130 E GeckoView: 	at android.view.ViewTreeObserver.dispatchOnGlobalLayout(ViewTreeObserver.java:1061)
06-05 17:32:15.033  7130  7130 E GeckoView: 	at android.view.ViewRootImpl.performTraversals(ViewRootImpl.java:3407)
