06-04 11:28:25.748 16723 16723 E BrowserPanel: 	at android.os.Looper.loopOnce(Looper.java:233)
06-04 11:28:25.748 16723 16723 E BrowserPanel: 	at android.os.Looper.loop(Looper.java:344)
06-04 11:28:25.748 16723 16723 E BrowserPanel: 	at android.app.ActivityThread.main(ActivityThread.java:8212)
06-04 11:28:25.748 16723 16723 E BrowserPanel: 	at java.lang.reflect.Method.invoke(Native Method)
06-04 11:28:25.748 16723 16723 E BrowserPanel: 	at com.android.internal.os.RuntimeInit$MethodAndArgsCaller.run(RuntimeInit.java:584)
06-04 11:28:25.748 16723 16723 E BrowserPanel: 	at com.android.internal.os.ZygoteInit.main(ZygoteInit.java:1034)
06-04 11:28:25.749 16723 16723 W View    : requestLayout() improperly called by helium314.keyboard.latin.panels.BrowserPanelView{75f573e V.E...... ........ 0,0-1440,2040} during second layout pass: posting in next frame
06-04 11:28:25.755 16723 16723 W View    : requestLayout() improperly called by helium314.keyboard.latin.panels.BrowserPanelView{75f573e V.E...... ......I. 0,0-1440,2040} during layout: running second layout pass
06-04 11:28:25.761 16723 16723 W View    : requestLayout() improperly called by helium314.keyboard.latin.panels.BrowserPanelView{75f573e V.E...... ........ 0,0-1440,2040} during second layout pass: posting in next frame
06-04 11:28:25.771 16723 16723 W View    : requestLayout() improperly called by helium314.keyboard.latin.panels.BrowserPanelView{75f573e V.E...... ......I. 0,0-1440,2040} during layout: running second layout pass
06-04 11:28:25.782 16723 16723 E BrowserPanel: Gecko engine creation failed
06-04 11:28:25.782 16723 16723 E BrowserPanel: java.lang.IllegalStateException: Only one GeckoRuntime instance is allowed
06-04 11:28:25.782 16723 16723 E BrowserPanel: 	at org.mozilla.geckoview.GeckoRuntime.<init>(r8-map-id-3a19d5ab2d9f0dfa0b2bee661d865017f1a4654ca1b4549e15991c0a34c48305:14)
06-04 11:28:25.782 16723 16723 E BrowserPanel: 	at org.mozilla.geckoview.GeckoRuntime.create(r8-map-id-3a19d5ab2d9f0dfa0b2bee661d865017f1a4654ca1b4549e15991c0a34c48305:4)
06-04 11:28:25.782 16723 16723 E BrowserPanel: 	at y7.y1.a(r8-map-id-3a19d5ab2d9f0dfa0b2bee661d865017f1a4654ca1b4549e15991c0a34c48305:171)
06-04 11:28:25.782 16723 16723 E BrowserPanel: 	at y7.y1.c(r8-map-id-3a19d5ab2d9f0dfa0b2bee661d865017f1a4654ca1b4549e15991c0a34c48305:53)
06-04 11:28:25.782 16723 16723 E BrowserPanel: 	at y7.u1.<init>(r8-map-id-3a19d5ab2d9f0dfa0b2bee661d865017f1a4654ca1b4549e15991c0a34c48305:83)
06-04 11:28:25.782 16723 16723 E BrowserPanel: 	at helium314.keyboard.latin.panels.BrowserPanelView.X(r8-map-id-3a19d5ab2d9f0dfa0b2bee661d865017f1a4654ca1b4549e15991c0a34c48305:318)
06-04 11:28:25.782 16723 16723 E BrowserPanel: 	at y7.a2.run(r8-map-id-3a19d5ab2d9f0dfa0b2bee661d865017f1a4654ca1b4549e15991c0a34c48305:227)
06-04 11:28:25.782 16723 16723 E BrowserPanel: 	at android.os.Handler.handleCallback(Handler.java:938)
06-04 11:28:25.782 16723 16723 E BrowserPanel: 	at android.os.Handler.dispatchMessage(Handler.java:99)
06-04 11:28:25.782 16723 16723 E BrowserPanel: 	at android.os.Looper.loopOnce(Looper.java:233)
06-04 11:28:25.782 16723 16723 E BrowserPanel: 	at android.os.Looper.loop(Looper.java:344)
06-04 11:28:25.782 16723 16723 E BrowserPanel: 	at android.app.ActivityThread.main(ActivityThread.java:8212)
06-04 11:28:25.782 16723 16723 E BrowserPanel: 	at java.lang.reflect.Method.invoke(Native Method)
06-04 11:28:25.782 16723 16723 E BrowserPanel: 	at com.android.internal.os.RuntimeInit$MethodAndArgsCaller.run(RuntimeInit.java:584)
06-04 11:28:25.782 16723 16723 E BrowserPanel: 	at com.android.internal.os.ZygoteInit.main(ZygoteInit.java:1034)
06-04 11:28:25.782 16723 16723 W View    : requestLayout() improperly called by helium314.keyboard.latin.panels.BrowserPanelView{75f573e V.E...... ........ 0,0-1440,2040} during second layout pass: posting in next frame
06-04 11:28:25.788 16723 16723 W View    : requestLayout() improperly called by helium314.keyboard.latin.panels.BrowserPanelView{75f573e V.E...... ......I. 0,0-1440,2040} during layout: running second layout pass
06-04 11:28:25.795 16723 16723 W View    : requestLayout() improperly called by helium314.keyboard.latin.panels.BrowserPanelView{75f573e V.E...... ........ 0,0-1440,2040} during second layout pass: posting in next frame
06-04 11:28:25.795 16723 16723 W BrowserPanel: Gecko engine missing — retrying init
06-04 11:28:25.798 16723 16723 E BrowserPanel: Gecko engine creation failed
06-04 11:28:25.798 16723 16723 E BrowserPanel: java.lang.IllegalStateException: Only one GeckoRuntime instance is allowed
06-04 11:28:25.798 16723 16723 E BrowserPanel: 	at org.mozilla.geckoview.GeckoRuntime.<init>(r8-map-id-3a19d5ab2d9f0dfa0b2bee661d865017f1a4654ca1b4549e15991c0a34c48305:14)
06-04 11:28:25.798 16723 16723 E BrowserPanel: 	at org.mozilla.geckoview.GeckoRuntime.create(r8-map-id-3a19d5ab2d9f0dfa0b2bee661d865017f1a4654ca1b4549e15991c0a34c48305:4)
06-04 11:28:25.798 16723 16723 E BrowserPanel: 	at y7.y1.a(r8-map-id-3a19d5ab2d9f0dfa0b2bee661d865017f1a4654ca1b4549e15991c0a34c48305:171)
06-04 11:28:25.798 16723 16723 E BrowserPanel: 	at y7.y1.c(r8-map-id-3a19d5ab2d9f0dfa0b2bee661d865017f1a4654ca1b4549e15991c0a34c48305:53)
06-04 11:28:25.798 16723 16723 E BrowserPanel: 	at y7.u1.<init>(r8-map-id-3a19d5ab2d9f0dfa0b2bee661d865017f1a4654ca1b4549e15991c0a34c48305:83)
06-04 11:28:25.798 16723 16723 E BrowserPanel: 	at helium314.keyboard.latin.panels.BrowserPanelView.X(r8-map-id-3a19d5ab2d9f0dfa0b2bee661d865017f1a4654ca1b4549e15991c0a34c48305:318)
06-04 11:28:25.798 16723 16723 E BrowserPanel: 	at helium314.keyboard.latin.panels.BrowserPanelView.N(r8-map-id-3a19d5ab2d9f0dfa0b2bee661d865017f1a4654ca1b4549e15991c0a34c48305:17)
06-04 11:28:25.798 16723 16723 E BrowserPanel: 	at y7.a2.run(r8-map-id-3a19d5ab2d9f0dfa0b2bee661d865017f1a4654ca1b4549e15991c0a34c48305:413)
06-04 11:28:25.798 16723 16723 E BrowserPanel: 	at android.os.Handler.handleCallback(Handler.java:938)
06-04 11:28:25.798 16723 16723 E BrowserPanel: 	at android.os.Handler.dispatchMessage(Handler.java:99)
06-04 11:28:25.798 16723 16723 E BrowserPanel: 	at android.os.Looper.loopOnce(Looper.java:233)
06-04 11:28:25.798 16723 16723 E BrowserPanel: 	at android.os.Looper.loop(Looper.java:344)
06-04 11:28:25.798 16723 16723 E BrowserPanel: 	at android.app.ActivityThread.main(ActivityThread.java:8212)
06-04 11:28:25.798 16723 16723 E BrowserPanel: 	at java.lang.reflect.Method.invoke(Native Method)
06-04 11:28:25.798 16723 16723 E BrowserPanel: 	at com.android.internal.os.RuntimeInit$MethodAndArgsCaller.run(RuntimeInit.java:584)
06-04 11:28:25.798 16723 16723 E BrowserPanel: 	at com.android.internal.os.ZygoteInit.main(ZygoteInit.java:1034)
06-04 11:28:25.805 16723 16723 W View    : requestLayout() improperly called by helium314.keyboard.latin.panels.BrowserPanelView{75f573e V.E...... ......I. 0,0-1440,2040} during layout: running second layout pass
06-04 11:28:25.811 16723 16723 W View    : requestLayout() improperly called by helium314.keyboard.latin.panels.BrowserPanelView{75f573e V.E...... ........ 0,0-1440,2040} during second layout pass: posting in next frame
06-04 11:28:25.822 16723 16723 W View    : requestLayout() improperly called by helium314.keyboard.latin.panels.BrowserPanelView{75f573e V.E...... ......I. 0,0-1440,2040} during layout: running second layout pass
06-04 11:28:25.834 16723 16723 E BrowserPanel: Gecko engine creation failed
06-04 11:28:25.834 16723 16723 E BrowserPanel: java.lang.IllegalStateException: Only one GeckoRuntime instance is allowed
06-04 11:28:25.834 16723 16723 E BrowserPanel: 	at org.mozilla.geckoview.GeckoRuntime.<init>(r8-map-id-3a19d5ab2d9f0dfa0b2bee661d865017f1a4654ca1b4549e15991c0a34c48305:14)
06-04 11:28:25.834 16723 16723 E BrowserPanel: 	at org.mozilla.geckoview.GeckoRuntime.create(r8-map-id-3a19d5ab2d9f0dfa0b2bee661d865017f1a4654ca1b4549e15991c0a34c48305:4)
06-04 11:28:25.834 16723 16723 E BrowserPanel: 	at y7.y1.a(r8-map-id-3a19d5ab2d9f0dfa0b2bee661d865017f1a4654ca1b4549e15991c0a34c48305:171)
06-04 11:28:25.834 16723 16723 E BrowserPanel: 	at y7.y1.c(r8-map-id-3a19d5ab2d9f0dfa0b2bee661d865017f1a4654ca1b4549e15991c0a34c48305:53)
06-04 11:28:25.834 16723 16723 E BrowserPanel: 	at y7.u1.<init>(r8-map-id-3a19d5ab2d9f0dfa0b2bee661d865017f1a4654ca1b4549e15991c0a34c48305:83)
06-04 11:28:25.834 16723 16723 E BrowserPanel: 	at helium314.keyboard.latin.panels.BrowserPanelView.X(r8-map-id-3a19d5ab2d9f0dfa0b2bee661d865017f1a4654ca1b4549e15991c0a34c48305:318)
06-04 11:28:25.834 16723 16723 E BrowserPanel: 	at y7.a2.run(r8-map-id-3a19d5ab2d9f0dfa0b2bee661d865017f1a4654ca1b4549e15991c0a34c48305:227)
06-04 11:28:25.834 16723 16723 E BrowserPanel: 	at android.os.Handler.handleCallback(Handler.java:938)
06-04 11:28:25.834 16723 16723 E BrowserPanel: 	at android.os.Handler.dispatchMessage(Handler.java:99)
06-04 11:28:25.834 16723 16723 E BrowserPanel: 	at android.os.Looper.loopOnce(Looper.java:233)
06-04 11:28:25.834 16723 16723 E BrowserPanel: 	at android.os.Looper.loop(Looper.java:344)
06-04 11:28:25.834 16723 16723 E BrowserPanel: 	at android.app.ActivityThread.main(ActivityThread.java:8212)
06-04 11:28:25.834 16723 16723 E BrowserPanel: 	at java.lang.reflect.Method.invoke(Native Method)
06-04 11:28:25.834 16723 16723 E BrowserPanel: 	at com.android.internal.os.RuntimeInit$MethodAndArgsCaller.run(RuntimeInit.java:584)
06-04 11:28:25.834 16723 16723 E BrowserPanel: 	at com.android.internal.os.ZygoteInit.main(ZygoteInit.java:1034)
06-04 11:28:25.835 16723 16723 W View    : requestLayout() improperly called by helium314.keyboard.latin.panels.BrowserPanelView{75f573e V.E...... ........ 0,0-1440,2040} during second layout pass: posting in next frame
06-04 11:28:25.838 16723 16723 W View    : requestLayout() improperly called by helium314.keyboard.latin.panels.BrowserPanelView{75f573e V.E...... ......I. 0,0-1440,2040} during layout: running second layout pass
06-04 11:28:25.845 16723 16723 W View    : requestLayout() improperly called by helium314.keyboard.latin.panels.BrowserPanelView{75f573e V.E...... ........ 0,0-1440,2040} during second layout pass: posting in next frame
06-04 11:28:25.854 16723 16723 E BrowserPanel: Gecko engine creation failed
06-04 11:28:25.854 16723 16723 E BrowserPanel: java.lang.IllegalStateException: Only one GeckoRuntime instance is allowed
06-04 11:28:25.854 16723 16723 E BrowserPanel: 	at org.mozilla.geckoview.GeckoRuntime.<init>(r8-map-id-3a19d5ab2d9f0dfa0b2bee661d865017f1a4654ca1b4549e15991c0a34c48305:14)
06-04 11:28:25.854 16723 16723 E BrowserPanel: 	at org.mozilla.geckoview.GeckoRuntime.create(r8-map-id-3a19d5ab2d9f0dfa0b2bee661d865017f1a4654ca1b4549e15991c0a34c48305:4)
06-04 11:28:25.854 16723 16723 E BrowserPanel: 	at y7.y1.a(r8-map-id-3a19d5ab2d9f0dfa0b2bee661d865017f1a4654ca1b4549e15991c0a34c48305:171)
06-04 11:28:25.854 16723 16723 E BrowserPanel: 	at y7.y1.c(r8-map-id-3a19d5ab2d9f0dfa0b2bee661d865017f1a4654ca1b4549e15991c0a34c48305:53)
06-04 11:28:25.854 16723 16723 E BrowserPanel: 	at y7.u1.<init>(r8-map-id-3a19d5ab2d9f0dfa0b2bee661d865017f1a4654ca1b4549e15991c0a34c48305:83)
06-04 11:28:25.854 16723 16723 E BrowserPanel: 	at helium314.keyboard.latin.panels.BrowserPanelView.X(r8-map-id-3a19d5ab2d9f0dfa0b2bee661d865017f1a4654ca1b4549e15991c0a34c48305:318)
06-04 11:28:25.854 16723 16723 E BrowserPanel: 	at y7.a2.run(r8-map-id-3a19d5ab2d9f0dfa0b2bee661d865017f1a4654ca1b4549e15991c0a34c48305:227)
06-04 11:28:25.854 16723 16723 E BrowserPanel: 	at android.os.Handler.handleCallback(Handler.java:938)
06-04 11:28:25.854 16723 16723 E BrowserPanel: 	at android.os.Handler.dispatchMessage(Handler.java:99)
06-04 11:28:25.854 16723 16723 E BrowserPanel: 	at android.os.Looper.loopOnce(Looper.java:233)
06-04 11:28:25.854 16723 16723 E BrowserPanel: 	at android.os.Looper.loop(Looper.java:344)
06-04 11:28:25.854 16723 16723 E BrowserPanel: 	at android.app.ActivityThread.main(ActivityThread.java:8212)
06-04 11:28:25.854 16723 16723 E BrowserPanel: 	at java.lang.reflect.Method.invoke(Native Method)
06-04 11:28:25.854 16723 16723 E BrowserPanel: 	at com.android.internal.os.RuntimeInit$MethodAndArgsCaller.run(RuntimeInit.java:584)
06-04 11:28:25.854 16723 16723 E BrowserPanel: 	at com.android.internal.os.ZygoteInit.main(ZygoteInit.java:1034)
06-04 11:28:25.856 16723 16723 W View    : requestLayout() improperly called by helium314.keyboard.latin.panels.BrowserPanelView{75f573e V.E...... ......I. 0,0-1440,2040} during layout: running second layout pass
06-04 11:28:25.861 16723 16723 W View    : requestLayout() improperly called by helium314.keyboard.latin.panels.BrowserPanelView{75f573e V.E...... ........ 0,0-1440,2040} during second layout pass: posting in next frame
06-04 11:28:25.873 16723 16723 W View    : requestLayout() improperly called by helium314.keyboard.latin.panels.BrowserPanelView{75f573e V.E...... ......I. 0,0-1440,2040} during layout: running second layout pass
06-04 11:28:25.879 16723 16723 W View    : requestLayout() improperly called by helium314.keyboard.latin.panels.BrowserPanelView{75f573e V.E...... ........ 0,0-1440,2040} during second layout pass: posting in next frame
06-04 11:28:25.890 16723 16723 W View    : requestLayout() improperly called by helium314.keyboard.latin.panels.BrowserPanelView{75f573e V.E...... ......I. 0,0-1440,2040} during layout: running second layout pass
06-04 11:28:25.897 16723 16723 W View    : requestLayout() improperly called by helium314.keyboard.latin.panels.BrowserPanelView{75f573e V.E...... ........ 0,0-1440,2040} during second layout pass: posting in next frame
06-04 11:28:25.907 16723 16723 W View    : requestLayout() improperly called by helium314.keyboard.latin.panels.BrowserPanelView{75f573e V.E...... ......I. 0,0-1440,2040} during layout: running second layout pass
06-04 11:28:25.915 16723 16723 W View    : requestLayout() improperly called by helium314.keyboard.latin.panels.BrowserPanelView{75f573e V.E...... ........ 0,0-1440,2040} during second layout pass: posting in next frame
06-04 11:28:25.924 16723 16723 W View    : requestLayout() improperly called by helium314.keyboard.latin.panels.BrowserPanelView{75f573e V.E...... ......I. 0,0-1440,2040} during layout: running second layout pass
06-04 11:28:25.932 16723 16723 W View    : requestLayout() improperly called by helium314.keyboard.latin.panels.BrowserPanelView{75f573e V.E...... ........ 0,0-1440,2040} during second layout pass: posting in next frame
06-04 11:28:25.940 16723 16723 W View    : requestLayout() improperly called by helium314.keyboard.latin.panels.BrowserPanelView{75f573e V.E...... ......I. 0,0-1440,2040} during layout: running second layout pass
06-04 11:28:25.948 16723 16723 W View    : requestLayout() improperly called by helium314.keyboard.latin.panels.BrowserPanelView{75f573e V.E...... ........ 0,0-1440,2040} during second layout pass: posting in next frame
06-04 11:28:25.957 16723 16723 W View    : requestLayout() improperly called by helium314.keyboard.latin.panels.BrowserPanelView{75f573e V.E...... ......I. 0,0-1440,2040} during layout: running second layout pass
06-04 11:28:25.963 16723 16723 W View    : requestLayout() improperly called by helium314.keyboard.latin.panels.BrowserPanelView{75f573e V.E...... ........ 0,0-1440,2040} during second layout pass: posting in next frame
06-04 11:28:25.974 16723 16723 W View    : requestLayout() improperly called by helium314.keyboard.latin.panels.BrowserPanelView{75f573e V.E...... ......I. 0,0-1440,2040} during layout: running second layout pass
06-04 11:28:25.979 16723 16723 W View    : requestLayout() improperly called by helium314.keyboard.latin.panels.BrowserPanelView{75f573e V.E...... ........ 0,0-1440,2040} during second layout pass: posting in next frame
06-04 11:28:25.990 16723 16723 W View    : requestLayout() improperly called by helium314.keyboard.latin.panels.BrowserPanelView{75f573e V.E...... ......I. 0,0-1440,2040} during layout: running second layout pass
06-04 11:28:25.997 16723 16723 W View    : requestLayout() improperly called by helium314.keyboard.latin.panels.BrowserPanelView{75f573e V.E...... ........ 0,0-1440,2040} during second layout pass: posting in next frame
06-04 11:28:26.008 16723 16723 W View    : requestLayout() improperly called by helium314.keyboard.latin.panels.BrowserPanelView{75f573e V.E...... ......I. 0,0-1440,2040} during layout: running second layout pass
06-04 11:28:26.017 16723 16723 W View    : requestLayout() improperly called by helium314.keyboard.latin.panels.BrowserPanelView{75f573e V.E...... ........ 0,0-1440,2040} during second layout pass: posting in next frame
06-04 11:28:26.024 16723 16723 W View    : requestLayout() improperly called by helium314.keyboard.latin.panels.BrowserPanelView{75f573e V.E...... ......I. 0,0-1440,2040} during layout: running second layout pass
06-04 11:28:26.033 16723 16723 W View    : requestLayout() improperly called by helium314.keyboard.latin.panels.BrowserPanelView{75f573e V.E...... ........ 0,0-1440,2040} during second layout pass: posting in next frame
06-04 11:28:26.041 16723 16723 W View    : requestLayout() improperly called by helium314.keyboard.latin.panels.BrowserPanelView{75f573e V.E...... ......I. 0,0-1440,2040} during layout: running second layout pass
06-04 11:28:26.049 16723 16723 W View    : requestLayout() improperly called by helium314.keyboard.latin.panels.BrowserPanelView{75f573e V.E...... ........ 0,0-1440,2040} during second layout pass: posting in next frame
06-04 11:28:26.059 16723 16723 W View    : requestLayout() improperly called by helium314.keyboard.latin.panels.BrowserPanelView{75f573e V.E...... ......I. 0,0-1440,2040} during layout: running second layout pass
06-04 11:28:26.066 16723 16723 W View    : requestLayout() improperly called by helium314.keyboard.latin.panels.BrowserPanelView{75f573e V.E...... ........ 0,0-1440,2040} during second layout pass: posting in next frame
06-04 11:28:26.074 16723 16723 W View    : requestLayout() improperly called by helium314.keyboard.latin.panels.BrowserPanelView{75f573e V.E...... ......I. 0,0-1440,2040} during layout: running second layout pass
06-04 11:28:26.083 16723 16723 W View    : requestLayout() improperly called by helium314.keyboard.latin.panels.BrowserPanelView{75f573e V.E...... ........ 0,0-1440,2040} during second layout pass: posting in next frame
06-04 11:28:26.090 16723 16723 W View    : requestLayout() improperly called by helium314.keyboard.latin.panels.BrowserPanelView{75f573e V.E...... ......I. 0,0-1440,2040} during layout: running second layout pass
06-04 11:28:26.097 16723 16723 W View    : requestLayout() improperly called by helium314.keyboard.latin.panels.BrowserPanelView{75f573e V.E...... ........ 0,0-1440,2040} during second layout pass: posting in next frame
06-04 11:28:26.107 16723 16723 W View    : requestLayout() improperly called by helium314.keyboard.latin.panels.BrowserPanelView{75f573e V.E...... ......I. 0,0-1440,2040} during layout: running second layout pass
06-04 11:28:26.114 16723 16723 W View    : requestLayout() improperly called by helium314.keyboard.latin.panels.BrowserPanelView{75f573e V.E...... ........ 0,0-1440,2040} during second layout pass: posting in next frame
06-04 11:28:26.124 16723 16723 W View    : requestLayout() improperly called by helium314.keyboard.latin.panels.BrowserPanelView{75f573e V.E...... ......ID 0,0-1440,2040} during layout: running second layout pass
06-04 11:28:26.132 16723 16723 W View    : requestLayout() improperly called by helium314.keyboard.latin.panels.BrowserPanelView{75f573e V.E...... ........ 0,0-1440,2040} during second layout pass: posting in next frame
06-04 11:28:26.141 16723 16723 W View    : requestLayout() improperly called by helium314.keyboard.latin.panels.BrowserPanelView{75f573e V.E...... ......I. 0,0-1440,2040} during layout: running second layout pass
06-04 11:28:26.150 16723 16723 W View    : requestLayout() improperly called by helium314.keyboard.latin.panels.BrowserPanelView{75f573e V.E...... ........ 0,0-1440,2040} during second layout pass: posting in next frame
06-04 11:28:26.157 16723 16723 W View    : requestLayout() improperly called by helium314.keyboard.latin.panels.BrowserPanelView{75f573e V.E...... ......I. 0,0-1440,2040} during layout: running second layout pass
06-04 11:28:26.165 16723 16723 W View    : requestLayout() improperly called by helium314.keyboard.latin.panels.BrowserPanelView{75f573e V.E...... ........ 0,0-1440,2040} during second layout pass: posting in next frame
06-04 11:28:29.581 17204 17204 E ibekey.keyboar: Unknown bits set in runtime_flags: 0x40000000
06-04 11:28:29.690 17204 17204 W i0      : Could not load system glide typing library jni_latinimegoogle: dlopen failed: library "libjni_latinimegoogle.so" not found
06-04 11:28:29.785 17204 17204 W t       : No editor info for this field. Bug?
06-04 11:28:29.826 17204 17204 W ibekey.keyboar: ClassLoaderContext classpath size mismatch. expected=1, found=0 (DLC[];PCL[base.apk*4009363210]{PCL[/system/framework/org.apache.http.legacy.jar*3034548894]#PCL[/apex/com.android.extservices/javalib/android.ext.adservices.jar*3839736497]#PCL[/system/framework/com.android.location.provider.jar*3633238672]#PCL[/system/framework/com.android.media.remotedisplay.jar*3472798123]#PCL[/apex/com.android.extservices/javalib/android.ext.adservices.jar*3839736497]} | DLC[];PCL[])
06-04 11:28:29.834 17204 17204 W System  : ClassLoader referenced unknown path: 
06-04 11:28:29.838 17204 17204 W ibekey.keyboar: ClassLoaderContext classpath element checksum mismatch. expected=4009363210, found=1699845595 (DLC[];PCL[base.apk*4009363210]{PCL[/system/framework/org.apache.http.legacy.jar*3034548894]#PCL[/apex/com.android.extservices/javalib/android.ext.adservices.jar*3839736497]#PCL[/system/framework/com.android.location.provider.jar*3633238672]#PCL[/system/framework/com.android.media.remotedisplay.jar*3472798123]#PCL[/apex/com.android.extservices/javalib/android.ext.adservices.jar*3839736497]} | DLC[];PCL[/data/app/~~Rqdit9KMQ-Yo5lPh998img==/com.vibekey.keyboard-UOt7d8g-zOPb8v-Gd3hILQ==/base.apk*1699845595]{PCL[/apex/com.android.extservices/javalib/android.ext.adservices.jar*3839736497]})
06-04 11:28:29.895 17204 17204 E ibekey.keyboar: ofbOpen failed with error=No such file or directory
06-04 11:28:29.895 17204 17204 E ibekey.keyboar: sysOpen failed with error=No such file or directory
06-04 11:28:29.909 17204 17265 W Ads     : Update ad debug logging enablement as false
06-04 11:28:29.925 17204 17204 E MultiApp.Impl: OplusMultiAppImpl
06-04 11:28:29.983 17204 17292 W libc    : Access denied finding property "ro.vendor.api_level"
06-04 11:28:29.988 17204 17204 W chromium: [WARNING:android_webview/browser/network_service/net_helpers.cc:137] HTTP Cache size is: 20971520
06-04 11:28:30.048 17204 17325 W libc    : Access denied finding property "vendor.camera.aux.packagelist"
06-04 11:28:30.048 17204 17325 W libc    : Access denied finding property "vendor.camera.aux.packagelist"
06-04 11:28:30.049 17204 17228 W libc    : Access denied finding property "vendor.camera.aux.packagelist"
06-04 11:28:30.052 17204 17204 E OplusCustomizeRestrictionManager: sInstance is null, start a new sInstance
06-04 11:28:30.339 17204 17204 W View    : requestLayout() improperly called by android.widget.LinearLayout{1c9ce97 V.E...... ......ID 0,1973-1440,2923 #7f0a011b app:id/main_keyboard_frame} during layout: running second layout pass
06-04 11:28:30.403 17204 17301 W cr_media: BLUETOOTH_CONNECT permission is missing.
06-04 11:28:30.404 17204 17301 W cr_media: getBluetoothAdapter() requires BLUETOOTH permission
06-04 11:28:30.405 17204 17301 W cr_media: registerBluetoothIntentsIfNeeded: Requires BLUETOOTH permission
06-04 11:28:30.506 17204 17316 W AudioCapabilities: Unsupported mime audio/ffmpeg
06-04 11:28:30.507 17204 17316 W VideoCapabilities: Unsupported mime video/ffmpeg
06-04 11:28:30.507 17204 17316 W VideoCapabilities: Unrecognized profile/level 0/3 for video/mpeg2
06-04 11:28:30.508 17204 17316 W VideoCapabilities: Unrecognized profile/level 0/3 for video/mpeg2
06-04 11:28:30.545 17204 17330 W BrowserGeckoPrewarm: Gecko prewarm error
06-04 11:28:30.545 17204 17330 W BrowserGeckoPrewarm: java.lang.IllegalThreadStateException: Expected thread 2 ("main"), but running on thread 41839 ("DefaultDispatcher-worker-5")
06-04 11:28:30.545 17204 17330 W BrowserGeckoPrewarm: 	at org.mozilla.gecko.util.k.a(r8-map-id-3a19d5ab2d9f0dfa0b2bee661d865017f1a4654ca1b4549e15991c0a34c48305:62)
06-04 11:28:30.545 17204 17330 W BrowserGeckoPrewarm: 	at org.mozilla.gecko.util.k.b(r8-map-id-3a19d5ab2d9f0dfa0b2bee661d865017f1a4654ca1b4549e15991c0a34c48305:3)
06-04 11:28:30.545 17204 17330 W BrowserGeckoPrewarm: 	at org.mozilla.geckoview.GeckoRuntime.create(r8-map-id-3a19d5ab2d9f0dfa0b2bee661d865017f1a4654ca1b4549e15991c0a34c48305:3)
06-04 11:28:30.545 17204 17330 W BrowserGeckoPrewarm: 	at y7.y1.a(r8-map-id-3a19d5ab2d9f0dfa0b2bee661d865017f1a4654ca1b4549e15991c0a34c48305:171)
06-04 11:28:30.545 17204 17330 W BrowserGeckoPrewarm: 	at y7.y1.c(r8-map-id-3a19d5ab2d9f0dfa0b2bee661d865017f1a4654ca1b4549e15991c0a34c48305:53)
06-04 11:28:30.545 17204 17330 W BrowserGeckoPrewarm: 	at i3.a.invokeSuspend(r8-map-id-3a19d5ab2d9f0dfa0b2bee661d865017f1a4654ca1b4549e15991c0a34c48305:37)
06-04 11:28:30.545 17204 17330 W BrowserGeckoPrewarm: 	at t8.a.resumeWith(r8-map-id-3a19d5ab2d9f0dfa0b2bee661d865017f1a4654ca1b4549e15991c0a34c48305:9)
06-04 11:28:30.545 17204 17330 W BrowserGeckoPrewarm: 	at m9.h0.run(r8-map-id-3a19d5ab2d9f0dfa0b2bee661d865017f1a4654ca1b4549e15991c0a34c48305:115)
06-04 11:28:30.545 17204 17330 W BrowserGeckoPrewarm: 	at c5.t.run(r8-map-id-3a19d5ab2d9f0dfa0b2bee661d865017f1a4654ca1b4549e15991c0a34c48305:76)
06-04 11:28:30.545 17204 17330 W BrowserGeckoPrewarm: 	at t9.j.run(r8-map-id-3a19d5ab2d9f0dfa0b2bee661d865017f1a4654ca1b4549e15991c0a34c48305:3)
06-04 11:28:30.545 17204 17330 W BrowserGeckoPrewarm: 	at t9.a.run(r8-map-id-3a19d5ab2d9f0dfa0b2bee661d865017f1a4654ca1b4549e15991c0a34c48305:88)
06-04 11:28:31.559 17204 17204 W View    : requestLayout() improperly called by android.widget.FrameLayout{ad50940 V.E...... ......ID 0,1677-1440,1857 #7f0a0087 app:id/browser_nav_footer_float} during layout: running second layout pass
06-04 11:28:31.589 17204 17204 E GeckoView: Failed to attach WindowInsetsListener: 
06-04 11:28:31.589 17204 17204 E GeckoView: java.lang.NullPointerException: Attempt to invoke virtual method 'android.view.Window android.app.Activity.getWindow()' on a null object reference
06-04 11:28:31.589 17204 17204 E GeckoView: 	at org.mozilla.geckoview.GeckoView.attachWindowInsetsListener(r8-map-id-3a19d5ab2d9f0dfa0b2bee661d865017f1a4654ca1b4549e15991c0a34c48305:1)
06-04 11:28:31.589 17204 17204 E GeckoView: 	at org.mozilla.geckoview.GeckoView.onAttachedToWindow(r8-map-id-3a19d5ab2d9f0dfa0b2bee661d865017f1a4654ca1b4549e15991c0a34c48305:49)
06-04 11:28:31.589 17204 17204 E GeckoView: 	at android.view.View.dispatchAttachedToWindow(View.java:20900)
06-04 11:28:31.589 17204 17204 E GeckoView: 	at android.view.ViewGroup.dispatchAttachedToWindow(ViewGroup.java:3539)
06-04 11:28:31.589 17204 17204 E GeckoView: 	at android.view.ViewGroup.addViewInner(ViewGroup.java:5378)
06-04 11:28:31.589 17204 17204 E GeckoView: 	at android.view.ViewGroup.addView(ViewGroup.java:5156)
06-04 11:28:31.589 17204 17204 E GeckoView: 	at android.view.ViewGroup.addView(ViewGroup.java:5096)
06-04 11:28:31.589 17204 17204 E GeckoView: 	at helium314.keyboard.latin.panels.BrowserPanelView.X(r8-map-id-3a19d5ab2d9f0dfa0b2bee661d865017f1a4654ca1b4549e15991c0a34c48305:329)
06-04 11:28:31.589 17204 17204 E GeckoView: 	at helium314.keyboard.latin.panels.BrowserPanelView.E0(r8-map-id-3a19d5ab2d9f0dfa0b2bee661d865017f1a4654ca1b4549e15991c0a34c48305:61)
06-04 11:28:31.589 17204 17204 E GeckoView: 	at c5.t.run(r8-map-id-3a19d5ab2d9f0dfa0b2bee661d865017f1a4654ca1b4549e15991c0a34c48305:622)
06-04 11:28:31.589 17204 17204 E GeckoView: 	at g7.y.onGlobalLayout(r8-map-id-3a19d5ab2d9f0dfa0b2bee661d865017f1a4654ca1b4549e15991c0a34c48305:8)
06-04 11:28:31.589 17204 17204 E GeckoView: 	at android.view.ViewTreeObserver.dispatchOnGlobalLayout(ViewTreeObserver.java:1061)
06-04 11:28:31.589 17204 17204 E GeckoView: 	at android.view.ViewRootImpl.performTraversals(ViewRootImpl.java:3407)
06-04 11:28:31.589 17204 17204 E GeckoView: 	at android.view.ViewRootImpl.doTraversal(ViewRootImpl.java:2305)
06-04 11:28:31.589 17204 17204 E GeckoView: 	at android.view.ViewRootImpl$TraversalRunnable.run(ViewRootImpl.java:9133)
06-04 11:28:31.589 17204 17204 E GeckoView: 	at android.view.Choreographer$CallbackRecord.run(Choreographer.java:1232)
06-04 11:28:31.589 17204 17204 E GeckoView: 	at android.view.Choreographer.doCallbacks(Choreographer.java:1029)
06-04 11:28:31.589 17204 17204 E GeckoView: 	at android.view.Choreographer.doFrame(Choreographer.java:934)
06-04 11:28:31.589 17204 17204 E GeckoView: 	at android.view.Choreographer$FrameDisplayEventReceiver.run(Choreographer.java:1217)
06-04 11:28:31.589 17204 17204 E GeckoView: 	at android.os.Handler.handleCallback(Handler.java:938)
06-04 11:28:31.589 17204 17204 E GeckoView: 	at android.os.Handler.dispatchMessage(Handler.java:99)
06-04 11:28:31.589 17204 17204 E GeckoView: 	at android.os.Looper.loopOnce(Looper.java:233)
06-04 11:28:31.589 17204 17204 E GeckoView: 	at android.os.Looper.loop(Looper.java:344)
06-04 11:28:31.589 17204 17204 E GeckoView: 	at android.app.ActivityThread.main(ActivityThread.java:8212)
06-04 11:28:31.589 17204 17204 E GeckoView: 	at java.lang.reflect.Method.invoke(Native Method)
06-04 11:28:31.589 17204 17204 E GeckoView: 	at com.android.internal.os.RuntimeInit$MethodAndArgsCaller.run(RuntimeInit.java:584)
06-04 11:28:31.589 17204 17204 E GeckoView: 	at com.android.internal.os.ZygoteInit.main(ZygoteInit.java:1034)
06-04 11:28:31.599 17204 17371 W Settings: Setting animator_duration_scale has moved from android.provider.Settings.System to android.provider.Settings.Global, returning read-only global URI.
06-04 11:28:31.608 17204 17371 E GeckoLibLoad: Load sqlite start
06-04 11:28:31.610 17204 17371 E GeckoLibLoad: Load sqlite done
06-04 11:28:31.610 17204 17371 E GeckoLibLoad: Load nss start
06-04 11:28:31.610 17204 17371 E GeckoLibLoad: Load nss done
06-04 11:28:31.624 17204 17204 W View    : requestLayout() improperly called by helium314.keyboard.latin.panels.BrowserPanelView{7f27cf4 V.E...... ......ID 0,0-1440,2040} during layout: running second layout pass
06-04 11:28:31.634 17204 17371 E GeckoLibLoad: Loaded libs in 23.684375ms total, 8ms(67ms) user, 12ms(18ms) system, 0(0) faults
06-04 11:28:31.636 17204 17371 W GeckoThread: zerdatime 263754497 - runGecko
06-04 11:28:31.662 17204 17204 W View    : requestLayout() improperly called by helium314.keyboard.latin.panels.BrowserPanelView{7f27cf4 V.E...... ......ID 0,0-1440,2040} during layout: running second layout pass
06-04 11:28:31.677 17204 17204 W View    : requestLayout() improperly called by helium314.keyboard.latin.panels.BrowserPanelView{7f27cf4 V.E...... ......I. 0,0-1440,2040} during second layout pass: posting in next frame
06-04 11:28:31.680 17204 17204 W View    : requestLayout() improperly called by helium314.keyboard.latin.panels.BrowserPanelView{7f27cf4 V.E...... ......ID 0,0-1440,2040} during layout: running second layout pass
06-04 11:28:31.690 17204 17204 W View    : requestLayout() improperly called by helium314.keyboard.latin.panels.BrowserPanelView{7f27cf4 V.E...... ........ 0,0-1440,2040} during second layout pass: posting in next frame
06-04 11:28:31.694 17204 17204 W View    : requestLayout() improperly called by helium314.keyboard.latin.panels.BrowserPanelView{7f27cf4 V.E...... ......I. 0,0-1440,2040} during layout: running second layout pass
06-04 11:28:31.696 17204 17204 W com.vibekey.keyboard: type=1400 audit(0.0:112519): avc: denied { bind } for comm=4E65746C696E6B204D6F6E69746F72 scontext=u:r:untrusted_app:s0:c81,c271,c512,c768 tcontext=u:r:untrusted_app:s0:c81,c271,c512,c768 tclass=netlink_route_socket permissive=0 bug=b/155595000 app=com.vibekey.keyboard
06-04 11:28:31.706 17204 17204 W View    : requestLayout() improperly called by helium314.keyboard.latin.panels.BrowserPanelView{7f27cf4 V.E...... ........ 0,0-1440,2040} during second layout pass: posting in next frame
06-04 11:28:31.709 17204 17204 W View    : requestLayout() improperly called by helium314.keyboard.latin.panels.BrowserPanelView{7f27cf4 V.E...... ......I. 0,0-1440,2040} during layout: running second layout pass
06-04 11:28:31.719 17204 17371 E ibekey.keyboar: hiddenapi: Accessing hidden field Ljava/lang/Boolean;->value:Z (runtime_flags=0, domain=core-platform, api=max-target-p) from Lorg/mozilla/gecko/GeckoThread; (domain=app, TargetSdkVersion=35) using JNI: denied
06-04 11:28:31.719 17204 17371 E ibekey.keyboar: hiddenapi: Accessing hidden field Ljava/lang/Integer;->value:I (runtime_flags=0, domain=core-platform, api=max-target-p) from Lorg/mozilla/gecko/GeckoThread; (domain=app, TargetSdkVersion=35) using JNI: denied
06-04 11:28:31.719 17204 17371 E ibekey.keyboar: hiddenapi: Accessing hidden field Ljava/lang/Long;->value:J (runtime_flags=0, domain=core-platform, api=max-target-p) from Lorg/mozilla/gecko/GeckoThread; (domain=app, TargetSdkVersion=35) using JNI: denied
06-04 11:28:31.720 17204 17371 E ibekey.keyboar: hiddenapi: Accessing hidden field Ljava/lang/Double;->value:D (runtime_flags=0, domain=core-platform, api=max-target-p) from Lorg/mozilla/gecko/GeckoThread; (domain=app, TargetSdkVersion=35) using JNI: denied
06-04 11:28:31.722 17204 17204 W View    : requestLayout() improperly called by helium314.keyboard.latin.panels.BrowserPanelView{7f27cf4 V.E...... ........ 0,0-1440,2040} during second layout pass: posting in next frame
06-04 11:28:31.725 17204 17204 W View    : requestLayout() improperly called by helium314.keyboard.latin.panels.BrowserPanelView{7f27cf4 V.E...... ......I. 0,0-1440,2040} during layout: running second layout pass
06-04 11:28:31.752 17204 17204 W View    : requestLayout() improperly called by helium314.keyboard.latin.panels.BrowserPanelView{7f27cf4 V.E...... ........ 0,0-1440,2040} during second layout pass: posting in next frame
06-04 11:28:31.762 17204 17204 W View    : requestLayout() improperly called by helium314.keyboard.latin.panels.BrowserPanelView{7f27cf4 V.E...... ......ID 0,0-1440,2040} during layout: running second layout pass
06-04 11:28:31.776 17204 17204 W View    : requestLayout() improperly called by helium314.keyboard.latin.panels.BrowserPanelView{7f27cf4 V.E...... ........ 0,0-1440,2040} during second layout pass: posting in next frame
06-04 11:28:31.787 17392 17392 E .keyboard:tab2: Unknown bits set in runtime_flags: 0x40000000
06-04 11:28:31.789 17204 17204 W View    : requestLayout() improperly called by helium314.keyboard.latin.panels.BrowserPanelView{7f27cf4 V.E...... ......I. 0,0-1440,2040} during layout: running second layout pass
06-04 11:28:31.801 17204 17204 W View    : requestLayout() improperly called by helium314.keyboard.latin.panels.BrowserPanelView{7f27cf4 V.E...... ........ 0,0-1440,2040} during second layout pass: posting in next frame
06-04 11:28:31.805 17204 17204 W View    : requestLayout() improperly called by helium314.keyboard.latin.panels.BrowserPanelView{7f27cf4 V.E...... ......I. 0,0-1440,2040} during layout: running second layout pass
06-04 11:28:31.817 17204 17204 W View    : requestLayout() improperly called by helium314.keyboard.latin.panels.BrowserPanelView{7f27cf4 V.E...... ......I. 0,0-1440,2040} during second layout pass: posting in next frame
06-04 11:28:31.822 17204 17204 W View    : requestLayout() improperly called by helium314.keyboard.latin.panels.BrowserPanelView{7f27cf4 V.E...... ......I. 0,0-1440,2040} during layout: running second layout pass
06-04 11:28:31.833 17204 17204 W View    : requestLayout() improperly called by helium314.keyboard.latin.panels.BrowserPanelView{7f27cf4 V.E...... ........ 0,0-1440,2040} during second layout pass: posting in next frame
06-04 11:28:31.838 17204 17204 W View    : requestLayout() improperly called by helium314.keyboard.latin.panels.BrowserPanelView{7f27cf4 V.E...... ......I. 0,0-1440,2040} during layout: running second layout pass
06-04 11:28:31.851 17204 17204 W View    : requestLayout() improperly called by helium314.keyboard.latin.panels.BrowserPanelView{7f27cf4 V.E...... ........ 0,0-1440,2040} during second layout pass: posting in next frame
06-04 11:28:31.855 17204 17204 W View    : requestLayout() improperly called by helium314.keyboard.latin.panels.BrowserPanelView{7f27cf4 V.E...... ......I. 0,0-1440,2040} during layout: running second layout pass
06-04 11:28:31.867 17204 17204 W View    : requestLayout() improperly called by helium314.keyboard.latin.panels.BrowserPanelView{7f27cf4 V.E...... ........ 0,0-1440,2040} during second layout pass: posting in next frame
06-04 11:28:31.875 17204 17204 W View    : requestLayout() improperly called by helium314.keyboard.latin.panels.BrowserPanelView{7f27cf4 V.E...... ......I. 0,0-1440,2040} during layout: running second layout pass
06-04 11:28:31.890 17204 17204 W View    : requestLayout() improperly called by helium314.keyboard.latin.panels.BrowserPanelView{7f27cf4 V.E...... ........ 0,0-1440,2040} during second layout pass: posting in next frame
06-04 11:28:31.905 17204 17204 W View    : requestLayout() improperly called by helium314.keyboard.latin.panels.BrowserPanelView{7f27cf4 V.E...... ......I. 0,0-1440,2040} during layout: running second layout pass
06-04 11:28:31.912 17204 17204 W View    : requestLayout() improperly called by helium314.keyboard.latin.panels.BrowserPanelView{7f27cf4 V.E...... ........ 0,0-1440,2040} during second layout pass: posting in next frame
06-04 11:28:31.921 17425 17425 E ey.keyboard:gp: Unknown bits set in runtime_flags: 0x40000000
06-04 11:28:31.923 17204 17204 W View    : requestLayout() improperly called by helium314.keyboard.latin.panels.BrowserPanelView{7f27cf4 V.E...... ......I. 0,0-1440,2040} during layout: running second layout pass
06-04 11:28:31.932 17204 17204 W View    : requestLayout() improperly called by helium314.keyboard.latin.panels.BrowserPanelView{7f27cf4 V.E...... ........ 0,0-1440,2040} during second layout pass: posting in next frame
06-04 11:28:31.938 17204 17204 W View    : requestLayout() improperly called by helium314.keyboard.latin.panels.BrowserPanelView{7f27cf4 V.E...... ......I. 0,0-1440,2040} during layout: running second layout pass
06-04 11:28:31.951 17204 17204 W View    : requestLayout() improperly called by helium314.keyboard.latin.panels.BrowserPanelView{7f27cf4 V.E...... ........ 0,0-1440,2040} during second layout pass: posting in next frame
06-04 11:28:31.954 17204 17204 W View    : requestLayout() improperly called by helium314.keyboard.latin.panels.BrowserPanelView{7f27cf4 V.E...... ......I. 0,0-1440,2040} during layout: running second layout pass
06-04 11:28:31.966 17204 17204 W View    : requestLayout() improperly called by helium314.keyboard.latin.panels.BrowserPanelView{7f27cf4 V.E...... ........ 0,0-1440,2040} during second layout pass: posting in next frame
06-04 11:28:31.974 17204 17204 W View    : requestLayout() improperly called by helium314.keyboard.latin.panels.BrowserPanelView{7f27cf4 V.E...... ......I. 0,0-1440,2040} during layout: running second layout pass
06-04 11:28:31.981 17204 17204 W View    : requestLayout() improperly called by helium314.keyboard.latin.panels.BrowserPanelView{7f27cf4 V.E...... ........ 0,0-1440,2040} during second layout pass: posting in next frame
06-04 11:28:31.987 17204 17204 W View    : requestLayout() improperly called by helium314.keyboard.latin.panels.BrowserPanelView{7f27cf4 V.E...... ......I. 0,0-1440,2040} during layout: running second layout pass
06-04 11:28:31.991 17204 17204 W View    : requestLayout() improperly called by helium314.keyboard.latin.panels.BrowserPanelView{7f27cf4 V.E...... ........ 0,0-1440,2040} during second layout pass: posting in next frame
06-04 11:28:32.003 17425 17449 E GeckoLibLoad: Load sqlite start
06-04 11:28:32.005 17425 17449 E GeckoLibLoad: Load sqlite done
06-04 11:28:32.005 17425 17449 E GeckoLibLoad: Load nss start
06-04 11:28:32.005 17425 17449 E GeckoLibLoad: Load nss done
06-04 11:28:32.007 17204 17204 W View    : requestLayout() improperly called by helium314.keyboard.latin.panels.BrowserPanelView{7f27cf4 V.E...... ......I. 0,0-1440,2040} during layout: running second layout pass
06-04 11:28:32.019 17425 17449 E GeckoLibLoad: Loaded libs in 13.475989ms total, 8ms(9ms) user, 0ms(0ms) system, 0(0) faults
06-04 11:28:32.019 17425 17449 W GeckoThread: zerdatime 263754880 - runGecko
06-04 11:28:32.019 17204 17204 W View    : requestLayout() improperly called by helium314.keyboard.latin.panels.BrowserPanelView{7f27cf4 V.E...... ........ 0,0-1440,2040} during second layout pass: posting in next frame
06-04 11:28:32.021 17204 17204 W View    : requestLayout() improperly called by helium314.keyboard.latin.panels.BrowserPanelView{7f27cf4 V.E...... ......I. 0,0-1440,2040} during layout: running second layout pass
06-04 11:28:32.025 17204 17204 W View    : requestLayout() improperly called by helium314.keyboard.latin.panels.BrowserPanelView{7f27cf4 V.E...... ........ 0,0-1440,2040} during second layout pass: posting in next frame
06-04 11:28:32.031 17392 17433 E GeckoLibLoad: Load sqlite start
06-04 11:28:32.032 17392 17433 E GeckoLibLoad: Load sqlite done
06-04 11:28:32.032 17392 17433 E GeckoLibLoad: Load nss start
06-04 11:28:32.032 17392 17433 E GeckoLibLoad: Load nss done
06-04 11:28:32.040 17204 17204 W View    : requestLayout() improperly called by helium314.keyboard.latin.panels.BrowserPanelView{7f27cf4 V.E...... ......I. 0,0-1440,2040} during layout: running second layout pass
06-04 11:28:32.042 17392 17433 E GeckoLibLoad: Loaded libs in 10.346250ms total, 0ms(0ms) user, 9ms(9ms) system, 0(0) faults
06-04 11:28:32.043 17392 17433 W GeckoThread: zerdatime 263754904 - runGecko
06-04 11:28:32.047 17204 17204 W View    : requestLayout() improperly called by helium314.keyboard.latin.panels.BrowserPanelView{7f27cf4 V.E...... ........ 0,0-1440,2040} during second layout pass: posting in next frame
06-04 11:28:32.054 17204 17204 W View    : requestLayout() improperly called by helium314.keyboard.latin.panels.BrowserPanelView{7f27cf4 V.E...... ......I. 0,0-1440,2040} during layout: running second layout pass
06-04 11:28:32.059 17204 17204 W View    : requestLayout() improperly called by helium314.keyboard.latin.panels.BrowserPanelView{7f27cf4 V.E...... ........ 0,0-1440,2040} during second layout pass: posting in next frame
06-04 11:28:32.070 17425 17471 W AudioCapabilities: Unsupported mime audio/ffmpeg
06-04 11:28:32.072 17204 17204 W View    : requestLayout() improperly called by helium314.keyboard.latin.panels.BrowserPanelView{7f27cf4 V.E...... ......I. 0,0-1440,2040} during layout: running second layout pass
06-04 11:28:32.072 17425 17471 W VideoCapabilities: Unsupported mime video/ffmpeg
06-04 11:28:32.072 17425 17471 W VideoCapabilities: Unrecognized profile/level 0/3 for video/mpeg2
06-04 11:28:32.073 17425 17471 W VideoCapabilities: Unrecognized profile/level 0/3 for video/mpeg2
06-04 11:28:32.078 17204 17204 W View    : requestLayout() improperly called by helium314.keyboard.latin.panels.BrowserPanelView{7f27cf4 V.E...... ........ 0,0-1440,2040} during second layout pass: posting in next frame
06-04 11:28:32.089 17204 17204 W View    : requestLayout() improperly called by helium314.keyboard.latin.panels.BrowserPanelView{7f27cf4 V.E...... ......I. 0,0-1440,2040} during layout: running second layout pass
06-04 11:28:32.095 17425 17445 E ey.keyboard:gp: ofbOpen failed with error=No such file or directory
06-04 11:28:32.095 17425 17445 E ey.keyboard:gp: sysOpen failed with error=No such file or directory
06-04 11:28:32.098 17204 17204 W View    : requestLayout() improperly called by helium314.keyboard.latin.panels.BrowserPanelView{7f27cf4 V.E...... ........ 0,0-1440,2040} during second layout pass: posting in next frame
06-04 11:28:32.107 17204 17204 W View    : requestLayout() improperly called by helium314.keyboard.latin.panels.BrowserPanelView{7f27cf4 V.E...... ......I. 0,0-1440,2040} during layout: running second layout pass
06-04 11:28:32.114 17204 17204 W View    : requestLayout() improperly called by helium314.keyboard.latin.panels.BrowserPanelView{7f27cf4 V.E...... ........ 0,0-1440,2040} during second layout pass: posting in next frame
06-04 11:28:32.122 17204 17204 W View    : requestLayout() improperly called by helium314.keyboard.latin.panels.BrowserPanelView{7f27cf4 V.E...... ......ID 0,0-1440,2040} during layout: running second layout pass
06-04 11:28:32.127 17204 17204 W View    : requestLayout() improperly called by helium314.keyboard.latin.panels.BrowserPanelView{7f27cf4 V.E...... ........ 0,0-1440,2040} during second layout pass: posting in next frame
06-04 11:28:32.138 17204 17204 W View    : requestLayout() improperly called by helium314.keyboard.latin.panels.BrowserPanelView{7f27cf4 V.E...... ......I. 0,0-1440,2040} during layout: running second layout pass
06-04 11:28:32.142 17204 17204 W View    : requestLayout() improperly called by helium314.keyboard.latin.panels.BrowserPanelView{7f27cf4 V.E...... ........ 0,0-1440,2040} during second layout pass: posting in next frame
06-04 11:28:32.154 17204 17204 W View    : requestLayout() improperly called by helium314.keyboard.latin.panels.BrowserPanelView{7f27cf4 V.E...... ......I. 0,0-1440,2040} during layout: running second layout pass
06-04 11:28:32.158 17204 17204 W View    : requestLayout() improperly called by helium314.keyboard.latin.panels.BrowserPanelView{7f27cf4 V.E...... ........ 0,0-1440,2040} during second layout pass: posting in next frame
06-04 11:28:32.171 17204 17204 W View    : requestLayout() improperly called by helium314.keyboard.latin.panels.BrowserPanelView{7f27cf4 V.E...... ......I. 0,0-1440,2040} during layout: running second layout pass
06-04 11:28:32.175 17204 17204 W View    : requestLayout() improperly called by helium314.keyboard.latin.panels.BrowserPanelView{7f27cf4 V.E...... ........ 0,0-1440,2040} during second layout pass: posting in next frame
06-04 11:28:32.208 17204 17434 E BLASTBufferQueue: [SurfaceView[InputMethod]#1](f:0,a:0) rejecting buffer:active_size=1440x1853, requested_size=1440x1853 buffer{size=1440x1861 transform=0}
06-04 11:28:32.209 17204 17434 E BLASTBufferQueue: BLASTBufferItemConsumer::onDisconnect()
06-04 11:28:32.210 17204 17204 W View    : requestLayout() improperly called by helium314.keyboard.latin.panels.BrowserPanelView{7f27cf4 V.E...... ......ID 0,0-1440,2040} during layout: running second layout pass
06-04 11:28:32.220 17204 17204 W View    : requestLayout() improperly called by helium314.keyboard.latin.panels.BrowserPanelView{7f27cf4 V.E...... ......ID 0,0-1440,2040} during second layout pass: posting in next frame
06-04 11:28:32.223 17204 17204 W View    : requestLayout() improperly called by helium314.keyboard.latin.panels.BrowserPanelView{7f27cf4 V.E...... ......ID 0,0-1440,2040} during layout: running second layout pass
06-04 11:28:32.231 17204 17204 W View    : requestLayout() improperly called by helium314.keyboard.latin.panels.BrowserPanelView{7f27cf4 V.E...... ......ID 0,0-1440,2040} during second layout pass: posting in next frame
06-04 11:28:32.238 17204 17204 W View    : requestLayout() improperly called by helium314.keyboard.latin.panels.BrowserPanelView{7f27cf4 V.E...... ......ID 0,0-1440,2040} during layout: running second layout pass
06-04 11:28:32.247 17204 17204 W View    : requestLayout() improperly called by helium314.keyboard.latin.panels.BrowserPanelView{7f27cf4 V.E...... ........ 0,0-1440,2040} during second layout pass: posting in next frame
06-04 11:28:32.254 17204 17204 W View    : requestLayout() improperly called by helium314.keyboard.latin.panels.BrowserPanelView{7f27cf4 V.E...... ......ID 0,0-1440,2040} during layout: running second layout pass
06-04 11:28:32.260 17204 17204 W View    : requestLayout() improperly called by helium314.keyboard.latin.panels.BrowserPanelView{7f27cf4 V.E...... ........ 0,0-1440,2040} during second layout pass: posting in next frame
06-04 11:28:32.271 17204 17204 W View    : requestLayout() improperly called by helium314.keyboard.latin.panels.BrowserPanelView{7f27cf4 V.E...... ......ID 0,0-1440,2040} during layout: running second layout pass
06-04 11:28:32.277 17204 17204 W View    : requestLayout() improperly called by helium314.keyboard.latin.panels.BrowserPanelView{7f27cf4 V.E...... ........ 0,0-1440,2040} during second layout pass: posting in next frame
06-04 11:28:32.288 17204 17204 W View    : requestLayout() improperly called by helium314.keyboard.latin.panels.BrowserPanelView{7f27cf4 V.E...... ......ID 0,0-1440,2040} during layout: running second layout pass
06-04 11:28:32.294 17204 17204 W View    : requestLayout() improperly called by helium314.keyboard.latin.panels.BrowserPanelView{7f27cf4 V.E...... ........ 0,0-1440,2040} during second layout pass: posting in next frame
06-04 11:28:32.304 17204 17204 W View    : requestLayout() improperly called by helium314.keyboard.latin.panels.BrowserPanelView{7f27cf4 V.E...... ......ID 0,0-1440,2040} during layout: running second layout pass
06-04 11:28:32.312 17204 17204 W GeckoEventDispatcher: No listener for GeckoView:DismissClipboardPermissionRequest
06-04 11:28:32.314 17204 17524 E BLASTBufferQueue: BLASTBufferItemConsumer::onDisconnect()
06-04 11:28:32.316 17204 17204 E GeckoView: Failed to detach WindowInsetsListener: 
06-04 11:28:32.316 17204 17204 E GeckoView: java.lang.NullPointerException: Attempt to invoke virtual method 'android.view.Window android.app.Activity.getWindow()' on a null object reference
06-04 11:28:32.316 17204 17204 E GeckoView: 	at org.mozilla.geckoview.GeckoView.detachWindowInsetsListener(r8-map-id-3a19d5ab2d9f0dfa0b2bee661d865017f1a4654ca1b4549e15991c0a34c48305:1)
