07-11 21:58:24.689 11813 11813 W n       : [0] drop stale event: 858,337|183 last: 858,337|10912
07-11 21:58:24.689 11813 11813 W n       : [0] drop stale event: 858,337|183 last: 858,337|10912
07-11 21:58:24.690 11813 11813 W n       : [0] drop stale event: 858,337|183 last: 858,337|10912
07-11 21:58:24.690 11813 11813 W n       : [0] drop stale event: 858,337|183 last: 858,337|10912
07-11 21:58:24.690 11813 11813 W n       : [0] drop stale event: 858,337|183 last: 858,337|10912
07-11 21:58:24.690 11813 11813 W n       : [0] drop stale event: 858,337|184 last: 858,337|10912
07-11 21:58:24.690 11813 11813 W n       : [0] drop stale event: 858,337|184 last: 858,337|10912
07-11 21:58:24.694 11813 11813 W n       : [0] drop stale event: 858,337|188 last: 858,337|10912
07-11 21:58:24.699 11813 11813 W n       : [0] drop stale event: 858,337|192 last: 858,337|10912
07-11 21:58:24.699 11813 11813 W n       : [0] drop stale event: 858,337|193 last: 858,337|10912
07-11 21:58:24.718 11813 12169 W VibeKeyProfiler: Slow Native Suggest: Total=13.21ms | Init=0.30ms | TrieExpand(x17)=12.86ms | Scoring=0.05ms | inputSize=1
07-11 21:58:24.727 11813 12169 W VibeKeyProfiler: Slow Native Suggest: Total=8.52ms | Init=0.16ms | TrieExpand(x19)=8.34ms | Scoring=0.02ms | inputSize=1
07-11 21:58:24.735 11813 12169 I VkSuggestions: decode typedLen=1 candidates=18 locales=2 31,6ms
07-11 21:58:24.736 11813 12169 W VkSuggestions: slow frame 31,6ms locales=2 typedLen=1 candidates=18 parallelWait=31,4ms
07-11 21:58:24.737 11813 12169 I VkSuggestions: strip composing typedLen=1 candidates=19 autocorrect=false top=f locale=pt
07-11 21:58:24.788 11813 11813 W n       : [0] drop stale event: 858,337|57 last: 858,337|10912
07-11 21:58:24.791 11813 11813 W n       : [0] drop stale event: 858,337|59 last: 858,337|10912
07-11 21:58:24.791 11813 11813 W n       : [0] drop stale event: 858,337|59 last: 858,337|10912
07-11 21:58:24.791 11813 11813 W n       : [0] drop stale event: 858,337|60 last: 858,337|10912
07-11 21:58:24.791 11813 11813 W n       : [0] drop stale event: 858,337|60 last: 858,337|10912
07-11 21:58:24.791 11813 11813 W n       : [0] drop stale event: 858,337|60 last: 858,337|10912
07-11 21:58:24.791 11813 11813 W n       : [0] drop stale event: 858,337|60 last: 858,337|10912
07-11 21:58:24.791 11813 11813 W n       : [0] drop stale event: 858,337|60 last: 858,337|10912
07-11 21:58:24.791 11813 11813 W n       : [0] drop stale event: 858,337|60 last: 858,337|10912
07-11 21:58:24.791 11813 11813 W n       : [0] drop stale event: 858,337|60 last: 858,337|10912
07-11 21:58:24.795 11813 11813 W n       : [0] drop stale event: 858,337|63 last: 858,337|10912
07-11 21:58:24.800 11813 11813 W n       : [0] drop stale event: 858,337|69 last: 858,337|10912
07-11 21:58:24.800 11813 11813 W n       : [0] drop stale event: 858,337|69 last: 858,337|10912
07-11 21:58:24.889 11813 11813 W n       : [0] drop stale event: 858,337|49 last: 858,337|10912
07-11 21:58:24.892 11813 11813 W n       : [0] drop stale event: 858,337|51 last: 858,337|10912
07-11 21:58:24.892 11813 11813 W n       : [0] drop stale event: 858,337|52 last: 858,337|10912
07-11 21:58:24.892 11813 11813 W n       : [0] drop stale event: 858,337|52 last: 858,337|10912
07-11 21:58:24.892 11813 11813 W n       : [0] drop stale event: 858,337|52 last: 858,337|10912
07-11 21:58:24.893 11813 11813 W n       : [0] drop stale event: 858,337|52 last: 858,337|10912
07-11 21:58:24.893 11813 11813 W n       : [0] drop stale event: 858,337|52 last: 858,337|10912
07-11 21:58:24.893 11813 11813 W n       : [0] drop stale event: 858,337|53 last: 858,337|10912
07-11 21:58:24.893 11813 11813 W n       : [0] drop stale event: 858,337|53 last: 858,337|10912
07-11 21:58:24.893 11813 11813 W n       : [0] drop stale event: 858,337|53 last: 858,337|10912
07-11 21:58:24.894 11813 11813 W n       : [0] drop stale event: 858,337|54 last: 858,337|10912
07-11 21:58:24.901 11813 11813 W n       : [0] drop stale event: 858,337|60 last: 858,337|10912
07-11 21:58:24.901 11813 11813 W n       : [0] drop stale event: 858,337|60 last: 858,337|10912
07-11 21:58:24.949 11813 12169 I VkSuggestions: decode typedLen=2 candidates=18 locales=2 7,7ms
07-11 21:58:24.951 11813 12169 I VkAutocorrect: offered: fa → fa
07-11 21:58:24.951 11813 12169 I VkSuggestions: strip composing typedLen=2 candidates=19 autocorrect=true top=fa locale=pt
07-11 21:58:24.991 11813 11813 W n       : [0] drop stale event: 858,337|151 last: 858,337|10912
07-11 21:58:24.993 11813 11813 W n       : [0] drop stale event: 858,337|152 last: 858,337|10912
07-11 21:58:24.993 11813 11813 W n       : [0] drop stale event: 858,337|152 last: 858,337|10912
07-11 21:58:24.993 11813 11813 W n       : [0] drop stale event: 858,337|153 last: 858,337|10912
07-11 21:58:24.993 11813 11813 W n       : [0] drop stale event: 858,337|153 last: 858,337|10912
07-11 21:58:24.993 11813 11813 W n       : [0] drop stale event: 858,337|153 last: 858,337|10912
07-11 21:58:24.993 11813 11813 W n       : [0] drop stale event: 858,337|153 last: 858,337|10912
07-11 21:58:24.994 11813 11813 W n       : [0] drop stale event: 858,337|153 last: 858,337|10912
07-11 21:58:24.994 11813 11813 W n       : [0] drop stale event: 858,337|153 last: 858,337|10912
07-11 21:58:24.994 11813 11813 W n       : [0] drop stale event: 858,337|153 last: 858,337|10912
07-11 21:58:24.994 11813 11813 W n       : [0] drop stale event: 858,337|154 last: 858,337|10912
07-11 21:58:25.000 11813 11813 W n       : [0] drop stale event: 858,337|160 last: 858,337|10912
07-11 21:58:25.000 11813 11813 W n       : [0] drop stale event: 858,337|160 last: 858,337|10912
07-11 21:58:25.073 11813 12169 W VibeKeyProfiler: Slow Native Suggest: Total=9.92ms | Init=0.10ms | TrieExpand(x16)=9.77ms | Scoring=0.06ms | inputSize=3
07-11 21:58:25.084 11813 12169 I VkSuggestions: decode typedLen=3 candidates=18 locales=2 21,8ms
07-11 21:58:25.085 11813 12169 W VkSuggestions: slow frame 21,8ms locales=2 typedLen=3 candidates=18 parallelWait=21,5ms
07-11 21:58:25.086 11813 12169 I VkSuggestions: strip composing typedLen=3 candidates=17 autocorrect=false top=fam locale=pt
07-11 21:58:25.121 11813 11813 W n       : [0] drop stale event: 858,337|280 last: 858,337|10912
07-11 21:58:25.121 11813 11813 W n       : [0] drop stale event: 858,337|280 last: 858,337|10912
07-11 21:58:25.121 11813 11813 W n       : [0] drop stale event: 858,337|281 last: 858,337|10912
07-11 21:58:25.121 11813 11813 W n       : [0] drop stale event: 858,337|281 last: 858,337|10912
07-11 21:58:25.121 11813 11813 W n       : [0] drop stale event: 858,337|281 last: 858,337|10912
07-11 21:58:25.121 11813 11813 W n       : [0] drop stale event: 858,337|281 last: 858,337|10912
07-11 21:58:25.122 11813 11813 W n       : [0] drop stale event: 858,337|281 last: 858,337|10912
07-11 21:58:25.122 11813 11813 W n       : [0] drop stale event: 858,337|281 last: 858,337|10912
07-11 21:58:25.122 11813 11813 W n       : [0] drop stale event: 858,337|282 last: 858,337|10912
07-11 21:58:25.122 11813 11813 W n       : [0] drop stale event: 858,337|282 last: 858,337|10912
07-11 21:58:25.122 11813 11813 W n       : [0] drop stale event: 858,337|282 last: 858,337|10912
07-11 21:58:25.122 11813 11813 W n       : [0] drop stale event: 858,337|282 last: 858,337|10912
07-11 21:58:25.122 11813 11813 W n       : [0] drop stale event: 858,337|282 last: 858,337|10912
07-11 21:58:25.221 11813 11813 W n       : [0] drop stale event: 858,337|380 last: 858,337|10912
07-11 21:58:25.221 11813 11813 W n       : [0] drop stale event: 858,337|381 last: 858,337|10912
07-11 21:58:25.221 11813 11813 W n       : [0] drop stale event: 858,337|381 last: 858,337|10912
07-11 21:58:25.221 11813 11813 W n       : [0] drop stale event: 858,337|381 last: 858,337|10912
07-11 21:58:25.221 11813 11813 W n       : [0] drop stale event: 858,337|381 last: 858,337|10912
07-11 21:58:25.222 11813 11813 W n       : [0] drop stale event: 858,337|381 last: 858,337|10912
07-11 21:58:25.222 11813 11813 W n       : [0] drop stale event: 858,337|382 last: 858,337|10912
07-11 21:58:25.222 11813 11813 W n       : [0] drop stale event: 858,337|382 last: 858,337|10912
07-11 21:58:25.222 11813 11813 W n       : [0] drop stale event: 858,337|382 last: 858,337|10912
07-11 21:58:25.222 11813 11813 W n       : [0] drop stale event: 858,337|382 last: 858,337|10912
07-11 21:58:25.222 11813 11813 W n       : [0] drop stale event: 858,337|382 last: 858,337|10912
07-11 21:58:25.223 11813 11813 W n       : [0] drop stale event: 858,337|382 last: 858,337|10912
07-11 21:58:25.223 11813 11813 W n       : [0] drop stale event: 858,337|382 last: 858,337|10912
07-11 21:58:25.322 11813 11813 W n       : [0] drop stale event: 858,337|481 last: 858,337|10912
07-11 21:58:25.322 11813 11813 W n       : [0] drop stale event: 858,337|481 last: 858,337|10912
07-11 21:58:25.322 11813 11813 W n       : [0] drop stale event: 858,337|482 last: 858,337|10912
07-11 21:58:25.322 11813 11813 W n       : [0] drop stale event: 858,337|482 last: 858,337|10912
07-11 21:58:25.322 11813 11813 W n       : [0] drop stale event: 858,337|482 last: 858,337|10912
07-11 21:58:25.322 11813 11813 W n       : [0] drop stale event: 858,337|482 last: 858,337|10912
07-11 21:58:25.322 11813 11813 W n       : [0] drop stale event: 858,337|482 last: 858,337|10912
07-11 21:58:25.322 11813 11813 W n       : [0] drop stale event: 858,337|482 last: 858,337|10912
07-11 21:58:25.322 11813 11813 W n       : [0] drop stale event: 858,337|482 last: 858,337|10912
07-11 21:58:25.323 11813 11813 W n       : [0] drop stale event: 858,337|482 last: 858,337|10912
07-11 21:58:25.323 11813 11813 W n       : [0] drop stale event: 858,337|482 last: 858,337|10912
07-11 21:58:25.323 11813 11813 W n       : [0] drop stale event: 858,337|482 last: 858,337|10912
07-11 21:58:25.323 11813 11813 W n       : [0] drop stale event: 858,337|483 last: 858,337|10912
07-11 21:58:25.422 11813 11813 W n       : [0] drop stale event: 858,337|582 last: 858,337|10912
07-11 21:58:25.422 11813 11813 W n       : [0] drop stale event: 858,337|582 last: 858,337|10912
07-11 21:58:25.422 11813 11813 W n       : [0] drop stale event: 858,337|582 last: 858,337|10912
07-11 21:58:25.423 11813 11813 W n       : [0] drop stale event: 858,337|582 last: 858,337|10912
07-11 21:58:25.423 11813 11813 W n       : [0] drop stale event: 858,337|582 last: 858,337|10912
07-11 21:58:25.423 11813 11813 W n       : [0] drop stale event: 858,337|583 last: 858,337|10912
07-11 21:58:25.423 11813 11813 W n       : [0] drop stale event: 858,337|583 last: 858,337|10912
07-11 21:58:25.423 11813 11813 W n       : [0] drop stale event: 858,337|583 last: 858,337|10912
07-11 21:58:25.423 11813 11813 W n       : [0] drop stale event: 858,337|583 last: 858,337|10912
07-11 21:58:25.424 11813 11813 W n       : [0] drop stale event: 858,337|583 last: 858,337|10912
07-11 21:58:25.424 11813 11813 W n       : [0] drop stale event: 858,337|584 last: 858,337|10912
07-11 21:58:25.424 11813 11813 W n       : [0] drop stale event: 858,337|584 last: 858,337|10912
07-11 21:58:25.424 11813 11813 W n       : [0] drop stale event: 858,337|584 last: 858,337|10912
07-11 21:58:25.523 11813 11813 W n       : [0] drop stale event: 858,337|682 last: 858,337|10912
07-11 21:58:25.523 11813 11813 W n       : [0] drop stale event: 858,337|683 last: 858,337|10912
07-11 21:58:25.523 11813 11813 W n       : [0] drop stale event: 858,337|683 last: 858,337|10912
07-11 21:58:25.523 11813 11813 W n       : [0] drop stale event: 858,337|683 last: 858,337|10912
07-11 21:58:25.524 11813 11813 W n       : [0] drop stale event: 858,337|683 last: 858,337|10912
07-11 21:58:25.524 11813 11813 W n       : [0] drop stale event: 858,337|683 last: 858,337|10912
07-11 21:58:25.524 11813 11813 W n       : [0] drop stale event: 858,337|684 last: 858,337|10912
07-11 21:58:25.525 11813 11813 W n       : [0] drop stale event: 858,337|684 last: 858,337|10912
07-11 21:58:25.525 11813 11813 W n       : [0] drop stale event: 858,337|684 last: 858,337|10912
07-11 21:58:25.525 11813 11813 W n       : [0] drop stale event: 858,337|685 last: 858,337|10912
07-11 21:58:25.530 11813 11813 W n       : [0] drop stale event: 858,337|690 last: 858,337|10912
07-11 21:58:25.531 11813 11813 W n       : [0] drop stale event: 858,337|691 last: 858,337|10912
07-11 21:58:25.531 11813 11813 W n       : [0] drop stale event: 858,337|691 last: 858,337|10912
07-11 21:58:25.623 11813 11813 W n       : [0] drop stale event: 858,337|783 last: 858,337|10912
07-11 21:58:25.623 11813 11813 W n       : [0] drop stale event: 858,337|783 last: 858,337|10912
07-11 21:58:25.624 11813 11813 W n       : [0] drop stale event: 858,337|783 last: 858,337|10912
07-11 21:58:25.624 11813 11813 W n       : [0] drop stale event: 858,337|783 last: 858,337|10912
07-11 21:58:25.624 11813 11813 W n       : [0] drop stale event: 858,337|783 last: 858,337|10912
07-11 21:58:25.628 11813 11813 W n       : [0] drop stale event: 858,337|787 last: 858,337|10912
07-11 21:58:25.628 11813 11813 W n       : [0] drop stale event: 858,337|787 last: 858,337|10912
07-11 21:58:25.628 11813 11813 W n       : [0] drop stale event: 858,337|788 last: 858,337|10912
07-11 21:58:25.628 11813 11813 W n       : [0] drop stale event: 858,337|788 last: 858,337|10912
07-11 21:58:25.628 11813 11813 W n       : [0] drop stale event: 858,337|788 last: 858,337|10912
07-11 21:58:25.631 11813 11813 W n       : [0] drop stale event: 858,337|790 last: 858,337|10912
07-11 21:58:25.631 11813 11813 W n       : [0] drop stale event: 858,337|791 last: 858,337|10912
07-11 21:58:25.631 11813 11813 W n       : [0] drop stale event: 858,337|791 last: 858,337|10912
07-11 21:58:25.724 11813 11813 W n       : [0] drop stale event: 858,337|883 last: 858,337|10912
07-11 21:58:25.724 11813 11813 W n       : [0] drop stale event: 858,337|884 last: 858,337|10912
07-11 21:58:25.724 11813 11813 W n       : [0] drop stale event: 858,337|884 last: 858,337|10912
07-11 21:58:25.724 11813 11813 W n       : [0] drop stale event: 858,337|884 last: 858,337|10912
07-11 21:58:25.725 11813 11813 W n       : [0] drop stale event: 858,337|884 last: 858,337|10912
07-11 21:58:25.728 11813 11813 W n       : [0] drop stale event: 858,337|887 last: 858,337|10912
07-11 21:58:25.728 11813 11813 W n       : [0] drop stale event: 858,337|888 last: 858,337|10912
07-11 21:58:25.728 11813 11813 W n       : [0] drop stale event: 858,337|888 last: 858,337|10912
07-11 21:58:25.728 11813 11813 W n       : [0] drop stale event: 858,337|888 last: 858,337|10912
07-11 21:58:25.728 11813 11813 W n       : [0] drop stale event: 858,337|888 last: 858,337|10912
07-11 21:58:25.732 11813 11813 W n       : [0] drop stale event: 858,337|892 last: 858,337|10912
07-11 21:58:25.732 11813 11813 W n       : [0] drop stale event: 858,337|892 last: 858,337|10912
07-11 21:58:25.733 11813 11813 W n       : [0] drop stale event: 858,337|892 last: 858,337|10912
07-11 21:58:25.824 11813 11813 W n       : [0] drop stale event: 858,337|984 last: 858,337|10912
07-11 21:58:25.825 11813 11813 W n       : [0] drop stale event: 858,337|984 last: 858,337|10912
07-11 21:58:25.825 11813 11813 W n       : [0] drop stale event: 858,337|985 last: 858,337|10912
07-11 21:58:25.830 11813 11813 W n       : [0] drop stale event: 858,337|990 last: 858,337|10912
07-11 21:58:25.831 11813 11813 W n       : [0] drop stale event: 858,337|990 last: 858,337|10912
07-11 21:58:25.831 11813 11813 W n       : [0] drop stale event: 858,337|990 last: 858,337|10912
07-11 21:58:25.831 11813 11813 W n       : [0] drop stale event: 858,337|991 last: 858,337|10912
07-11 21:58:25.831 11813 11813 W n       : [0] drop stale event: 858,337|991 last: 858,337|10912
07-11 21:58:25.832 11813 11813 W n       : [0] drop stale event: 858,337|992 last: 858,337|10912
07-11 21:58:25.833 11813 11813 W n       : [0] drop stale event: 858,337|992 last: 858,337|10912
07-11 21:58:25.833 11813 11813 W n       : [0] drop stale event: 858,337|992 last: 858,337|10912
07-11 21:58:25.924 11813 11813 W n       : [0] drop stale event: 858,337|1084 last: 858,337|10912
07-11 21:58:25.928 11813 11813 W n       : [0] drop stale event: 858,337|1088 last: 858,337|10912
07-11 21:58:25.928 11813 11813 W n       : [0] drop stale event: 858,337|1088 last: 858,337|10912
07-11 21:58:25.931 11813 11813 W n       : [0] drop stale event: 858,337|1090 last: 858,337|10912
07-11 21:58:25.931 11813 11813 W n       : [0] drop stale event: 858,337|1091 last: 858,337|10912
07-11 21:58:25.931 11813 11813 W n       : [0] drop stale event: 858,337|1091 last: 858,337|10912
07-11 21:58:25.931 11813 11813 W n       : [0] drop stale event: 858,337|1091 last: 858,337|10912
07-11 21:58:25.931 11813 11813 W n       : [0] drop stale event: 858,337|1091 last: 858,337|10912
07-11 21:58:25.933 11813 11813 W n       : [0] drop stale event: 858,337|1092 last: 858,337|10912
07-11 21:58:25.933 11813 11813 W n       : [0] drop stale event: 858,337|1093 last: 858,337|10912
07-11 21:58:25.933 11813 11813 W n       : [0] drop stale event: 858,337|1093 last: 858,337|10912
07-11 21:58:26.025 11813 11813 W n       : [0] drop stale event: 858,337|1184 last: 858,337|10912
07-11 21:58:26.030 11813 11813 W n       : [0] drop stale event: 858,337|1190 last: 858,337|10912
07-11 21:58:26.030 11813 11813 W n       : [0] drop stale event: 858,337|1190 last: 858,337|10912
07-11 21:58:26.031 11813 11813 W n       : [0] drop stale event: 858,337|1191 last: 858,337|10912
07-11 21:58:26.031 11813 11813 W n       : [0] drop stale event: 858,337|1191 last: 858,337|10912
07-11 21:58:26.031 11813 11813 W n       : [0] drop stale event: 858,337|1191 last: 858,337|10912
07-11 21:58:26.032 11813 11813 W n       : [0] drop stale event: 858,337|1191 last: 858,337|10912
07-11 21:58:26.032 11813 11813 W n       : [0] drop stale event: 858,337|1191 last: 858,337|10912
07-11 21:58:26.033 11813 11813 W n       : [0] drop stale event: 858,337|1192 last: 858,337|10912
07-11 21:58:26.033 11813 11813 W n       : [0] drop stale event: 858,337|1193 last: 858,337|10912
07-11 21:58:26.033 11813 11813 W n       : [0] drop stale event: 858,337|1193 last: 858,337|10912
07-11 21:58:26.126 11813 11813 W n       : [0] drop stale event: 858,337|1285 last: 858,337|10912
07-11 21:58:26.130 11813 11813 W n       : [0] drop stale event: 858,337|1290 last: 858,337|10912
07-11 21:58:26.130 11813 11813 W n       : [0] drop stale event: 858,337|1290 last: 858,337|10912
07-11 21:58:26.132 11813 11813 W n       : [0] drop stale event: 858,337|1291 last: 858,337|10912
07-11 21:58:26.132 11813 11813 W n       : [0] drop stale event: 858,337|1291 last: 858,337|10912
07-11 21:58:26.132 11813 11813 W n       : [0] drop stale event: 858,337|1292 last: 858,337|10912
07-11 21:58:26.132 11813 11813 W n       : [0] drop stale event: 858,337|1292 last: 858,337|10912
07-11 21:58:26.132 11813 11813 W n       : [0] drop stale event: 858,337|1292 last: 858,337|10912
07-11 21:58:26.132 11813 11813 W n       : [0] drop stale event: 858,337|1292 last: 858,337|10912
07-11 21:58:26.134 11813 11813 W n       : [0] drop stale event: 858,337|1293 last: 858,337|10912
07-11 21:58:26.134 11813 11813 W n       : [0] drop stale event: 858,337|1293 last: 858,337|10912
07-11 21:58:26.225 11813 11813 W n       : [0] drop stale event: 858,337|1385 last: 858,337|10912
07-11 21:58:26.230 11813 11813 W n       : [0] drop stale event: 858,337|1390 last: 858,337|10912
07-11 21:58:26.230 11813 11813 W n       : [0] drop stale event: 858,337|1390 last: 858,337|10912
07-11 21:58:26.232 11813 11813 W n       : [0] drop stale event: 858,337|1391 last: 858,337|10912
07-11 21:58:26.232 11813 11813 W n       : [0] drop stale event: 858,337|1391 last: 858,337|10912
07-11 21:58:26.232 11813 11813 W n       : [0] drop stale event: 858,337|1392 last: 858,337|10912
07-11 21:58:26.232 11813 11813 W n       : [0] drop stale event: 858,337|1392 last: 858,337|10912
07-11 21:58:26.232 11813 11813 W n       : [0] drop stale event: 858,337|1392 last: 858,337|10912
07-11 21:58:26.232 11813 11813 W n       : [0] drop stale event: 858,337|1392 last: 858,337|10912
07-11 21:58:26.233 11813 11813 W n       : [0] drop stale event: 858,337|1393 last: 858,337|10912
07-11 21:58:26.233 11813 11813 W n       : [0] drop stale event: 858,337|1393 last: 858,337|10912
07-11 21:58:26.312 11813 11813 I VkAutocorrect: picked: famille
07-11 21:58:26.325 11813 11813 W n       : [0] drop stale event: 858,337|1485 last: 858,337|10912
07-11 21:58:26.330 11813 11813 W n       : [0] drop stale event: 858,337|1490 last: 858,337|10912
07-11 21:58:26.330 11813 11813 W n       : [0] drop stale event: 858,337|1490 last: 858,337|10912
07-11 21:58:26.332 11813 11813 W n       : [0] drop stale event: 858,337|1491 last: 858,337|10912
07-11 21:58:26.333 11813 11813 W n       : [0] drop stale event: 858,337|1493 last: 858,337|10912
07-11 21:58:26.333 11813 11813 W n       : [0] drop stale event: 858,337|1493 last: 858,337|10912
07-11 21:58:26.333 11813 11813 W n       : [0] drop stale event: 858,337|1493 last: 858,337|10912
07-11 21:58:26.333 11813 11813 W n       : [0] drop stale event: 858,337|1493 last: 858,337|10912
07-11 21:58:26.333 11813 11813 W n       : [0] drop stale event: 858,337|1493 last: 858,337|10912
07-11 21:58:26.333 11813 11813 W n       : [0] drop stale event: 858,337|1493 last: 858,337|10912
07-11 21:58:26.333 11813 11813 W n       : [0] drop stale event: 858,337|1493 last: 858,337|10912
07-11 21:58:26.416 11813 12169 I VkSuggestions: strip prediction typedLen=0 candidates=3 autocorrect=false top=ihf locale=fr
07-11 21:58:26.431 11813 11813 W n       : [0] drop stale event: 858,337|1590 last: 858,337|10912
07-11 21:58:26.445 11813 11813 W n       : [0] drop stale event: 858,337|1605 last: 858,337|10912
07-11 21:58:26.445 11813 11813 W n       : [0] drop stale event: 858,337|1605 last: 858,337|10912
07-11 21:58:26.445 11813 11813 W n       : [0] drop stale event: 858,337|1605 last: 858,337|10912
07-11 21:58:26.446 11813 11813 W n       : [0] drop stale event: 858,337|1605 last: 858,337|10912
07-11 21:58:26.446 11813 11813 W n       : [0] drop stale event: 858,337|1605 last: 858,337|10912
07-11 21:58:26.446 11813 11813 W n       : [0] drop stale event: 858,337|1605 last: 858,337|10912
07-11 21:58:26.446 11813 11813 W n       : [0] drop stale event: 858,337|1605 last: 858,337|10912
07-11 21:58:26.446 11813 11813 W n       : [0] drop stale event: 858,337|1606 last: 858,337|10912
07-11 21:58:26.446 11813 11813 W n       : [0] drop stale event: 858,337|1606 last: 858,337|10912
07-11 21:58:26.446 11813 11813 W n       : [0] drop stale event: 858,337|1606 last: 858,337|10912
07-11 21:58:26.530 11813 11813 W n       : [0] drop stale event: 858,337|1690 last: 858,337|10912
07-11 21:58:26.546 11813 11813 W n       : [0] drop stale event: 858,337|1705 last: 858,337|10912
07-11 21:58:26.546 11813 11813 W n       : [0] drop stale event: 858,337|1706 last: 858,337|10912
07-11 21:58:26.546 11813 11813 W n       : [0] drop stale event: 858,337|1706 last: 858,337|10912
07-11 21:58:26.546 11813 11813 W n       : [0] drop stale event: 858,337|1706 last: 858,337|10912
07-11 21:58:26.546 11813 11813 W n       : [0] drop stale event: 858,337|1706 last: 858,337|10912
07-11 21:58:26.546 11813 11813 W n       : [0] drop stale event: 858,337|1706 last: 858,337|10912
07-11 21:58:26.547 11813 11813 W n       : [0] drop stale event: 858,337|1706 last: 858,337|10912
07-11 21:58:26.547 11813 11813 W n       : [0] drop stale event: 858,337|1706 last: 858,337|10912
07-11 21:58:26.547 11813 11813 W n       : [0] drop stale event: 858,337|1706 last: 858,337|10912
07-11 21:58:26.547 11813 11813 W n       : [0] drop stale event: 858,337|1707 last: 858,337|10912
07-11 21:58:26.632 11813 11813 W n       : [0] drop stale event: 858,337|1792 last: 858,337|10912
07-11 21:58:26.647 11813 11813 W n       : [0] drop stale event: 858,337|1806 last: 858,337|10912
07-11 21:58:26.647 11813 11813 W n       : [0] drop stale event: 858,337|1806 last: 858,337|10912
07-11 21:58:26.647 11813 11813 W n       : [0] drop stale event: 858,337|1806 last: 858,337|10912
07-11 21:58:26.647 11813 11813 W n       : [0] drop stale event: 858,337|1807 last: 858,337|10912
07-11 21:58:26.647 11813 11813 W n       : [0] drop stale event: 858,337|1807 last: 858,337|10912
07-11 21:58:26.647 11813 11813 W n       : [0] drop stale event: 858,337|1807 last: 858,337|10912
07-11 21:58:26.647 11813 11813 W n       : [0] drop stale event: 858,337|1807 last: 858,337|10912
07-11 21:58:26.647 11813 11813 W n       : [0] drop stale event: 858,337|1807 last: 858,337|10912
07-11 21:58:26.647 11813 11813 W n       : [0] drop stale event: 858,337|1807 last: 858,337|10912
07-11 21:58:26.647 11813 11813 W n       : [0] drop stale event: 858,337|1807 last: 858,337|10912
07-11 21:58:26.732 11813 11813 W n       : [0] drop stale event: 858,337|1892 last: 858,337|10912
07-11 21:58:26.747 11813 11813 W n       : [0] drop stale event: 858,337|1907 last: 858,337|10912
07-11 21:58:26.747 11813 11813 W n       : [0] drop stale event: 858,337|1907 last: 858,337|10912
07-11 21:58:26.747 11813 11813 W n       : [0] drop stale event: 858,337|1907 last: 858,337|10912
07-11 21:58:26.748 11813 11813 W n       : [0] drop stale event: 858,337|1907 last: 858,337|10912
07-11 21:58:26.748 11813 11813 W n       : [0] drop stale event: 858,337|1907 last: 858,337|10912
07-11 21:58:26.748 11813 11813 W n       : [0] drop stale event: 858,337|1908 last: 858,337|10912
07-11 21:58:26.748 11813 11813 W n       : [0] drop stale event: 858,337|1908 last: 858,337|10912
07-11 21:58:26.748 11813 11813 W n       : [0] drop stale event: 858,337|1908 last: 858,337|10912
07-11 21:58:26.748 11813 11813 W n       : [0] drop stale event: 858,337|1908 last: 858,337|10912
07-11 21:58:26.748 11813 11813 W n       : [0] drop stale event: 858,337|1908 last: 858,337|10912
07-11 21:58:26.833 11813 11813 W n       : [0] drop stale event: 858,337|1993 last: 858,337|10912
07-11 21:58:26.848 11813 11813 W n       : [0] drop stale event: 858,337|2008 last: 858,337|10912
07-11 21:58:26.848 11813 11813 W n       : [0] drop stale event: 858,337|2008 last: 858,337|10912
07-11 21:58:26.848 11813 11813 W n       : [0] drop stale event: 858,337|2008 last: 858,337|10912
07-11 21:58:26.848 11813 11813 W n       : [0] drop stale event: 858,337|2008 last: 858,337|10912
07-11 21:58:26.848 11813 11813 W n       : [0] drop stale event: 858,337|2008 last: 858,337|10912
07-11 21:58:26.848 11813 11813 W n       : [0] drop stale event: 858,337|2008 last: 858,337|10912
07-11 21:58:26.849 11813 11813 W n       : [0] drop stale event: 858,337|2008 last: 858,337|10912
07-11 21:58:26.849 11813 11813 W n       : [0] drop stale event: 858,337|2008 last: 858,337|10912
07-11 21:58:26.849 11813 11813 W n       : [0] drop stale event: 858,337|2008 last: 858,337|10912
07-11 21:58:26.849 11813 11813 W n       : [0] drop stale event: 858,337|2008 last: 858,337|10912
07-11 21:58:26.934 11813 11813 W n       : [0] drop stale event: 858,337|2093 last: 858,337|10912
07-11 21:58:26.949 11813 11813 W n       : [0] drop stale event: 858,337|2109 last: 858,337|10912
07-11 21:58:26.949 11813 11813 W n       : [0] drop stale event: 858,337|2109 last: 858,337|10912
07-11 21:58:26.949 11813 11813 W n       : [0] drop stale event: 858,337|2109 last: 858,337|10912
07-11 21:58:26.949 11813 11813 W n       : [0] drop stale event: 858,337|2109 last: 858,337|10912
07-11 21:58:26.950 11813 11813 W n       : [0] drop stale event: 858,337|2109 last: 858,337|10912
07-11 21:58:26.950 11813 11813 W n       : [0] drop stale event: 858,337|2109 last: 858,337|10912
07-11 21:58:26.950 11813 11813 W n       : [0] drop stale event: 858,337|2109 last: 858,337|10912
07-11 21:58:26.950 11813 11813 W n       : [0] drop stale event: 858,337|2109 last: 858,337|10912
07-11 21:58:26.950 11813 11813 W n       : [0] drop stale event: 858,337|2109 last: 858,337|10912
07-11 21:58:26.950 11813 11813 W n       : [0] drop stale event: 858,337|2109 last: 858,337|10912
07-11 21:58:27.033 11813 11813 W n       : [0] drop stale event: 858,337|2193 last: 858,337|10912
07-11 21:58:27.050 11813 11813 W n       : [0] drop stale event: 858,337|2209 last: 858,337|10912
07-11 21:58:27.050 11813 11813 W n       : [0] drop stale event: 858,337|2210 last: 858,337|10912
07-11 21:58:27.050 11813 11813 W n       : [0] drop stale event: 858,337|2210 last: 858,337|10912
07-11 21:58:27.050 11813 11813 W n       : [0] drop stale event: 858,337|2210 last: 858,337|10912
07-11 21:58:27.050 11813 11813 W n       : [0] drop stale event: 858,337|2210 last: 858,337|10912
07-11 21:58:27.050 11813 11813 W n       : [0] drop stale event: 858,337|2210 last: 858,337|10912
07-11 21:58:27.050 11813 11813 W n       : [0] drop stale event: 858,337|2210 last: 858,337|10912
07-11 21:58:27.050 11813 11813 W n       : [0] drop stale event: 858,337|2210 last: 858,337|10912
07-11 21:58:27.050 11813 11813 W n       : [0] drop stale event: 858,337|2210 last: 858,337|10912
07-11 21:58:27.050 11813 11813 W n       : [0] drop stale event: 858,337|2210 last: 858,337|10912
07-11 21:58:27.133 11813 11813 W n       : [0] drop stale event: 858,337|2293 last: 858,337|10912
07-11 21:58:27.150 11813 11813 W n       : [0] drop stale event: 858,337|2310 last: 858,337|10912
07-11 21:58:27.150 11813 11813 W n       : [0] drop stale event: 858,337|2310 last: 858,337|10912
07-11 21:58:27.150 11813 11813 W n       : [0] drop stale event: 858,337|2310 last: 858,337|10912
07-11 21:58:27.150 11813 11813 W n       : [0] drop stale event: 858,337|2310 last: 858,337|10912
07-11 21:58:27.150 11813 11813 W n       : [0] drop stale event: 858,337|2310 last: 858,337|10912
07-11 21:58:27.150 11813 11813 W n       : [0] drop stale event: 858,337|2310 last: 858,337|10912
07-11 21:58:27.150 11813 11813 W n       : [0] drop stale event: 858,337|2310 last: 858,337|10912
07-11 21:58:27.150 11813 11813 W n       : [0] drop stale event: 858,337|2310 last: 858,337|10912
07-11 21:58:27.150 11813 11813 W n       : [0] drop stale event: 858,337|2310 last: 858,337|10912
07-11 21:58:27.150 11813 11813 W n       : [0] drop stale event: 858,337|2310 last: 858,337|10912
07-11 21:58:27.234 11813 11813 W n       : [0] drop stale event: 858,337|2394 last: 858,337|10912
07-11 21:58:27.251 11813 11813 W n       : [0] drop stale event: 858,337|2410 last: 858,337|10912
07-11 21:58:27.251 11813 11813 W n       : [0] drop stale event: 858,337|2410 last: 858,337|10912
07-11 21:58:27.251 11813 11813 W n       : [0] drop stale event: 858,337|2411 last: 858,337|10912
07-11 21:58:27.251 11813 11813 W n       : [0] drop stale event: 858,337|2411 last: 858,337|10912
07-11 21:58:27.251 11813 11813 W n       : [0] drop stale event: 858,337|2411 last: 858,337|10912
07-11 21:58:27.251 11813 11813 W n       : [0] drop stale event: 858,337|2411 last: 858,337|10912
07-11 21:58:27.251 11813 11813 W n       : [0] drop stale event: 858,337|2411 last: 858,337|10912
07-11 21:58:27.251 11813 11813 W n       : [0] drop stale event: 858,337|2411 last: 858,337|10912
07-11 21:58:27.251 11813 11813 W n       : [0] drop stale event: 858,337|2411 last: 858,337|10912
07-11 21:58:27.251 11813 11813 W n       : [0] drop stale event: 858,337|2411 last: 858,337|10912
07-11 21:58:27.334 11813 11813 W n       : [0] drop stale event: 858,337|2494 last: 858,337|10912
07-11 21:58:27.351 11813 11813 W n       : [0] drop stale event: 858,337|2510 last: 858,337|10912
07-11 21:58:27.352 11813 11813 W n       : [0] drop stale event: 858,337|2512 last: 858,337|10912
07-11 21:58:27.352 11813 11813 W n       : [0] drop stale event: 858,337|2512 last: 858,337|10912
07-11 21:58:27.352 11813 11813 W n       : [0] drop stale event: 858,337|2512 last: 858,337|10912
07-11 21:58:27.352 11813 11813 W n       : [0] drop stale event: 858,337|2512 last: 858,337|10912
07-11 21:58:27.352 11813 11813 W n       : [0] drop stale event: 858,337|2512 last: 858,337|10912
07-11 21:58:27.352 11813 11813 W n       : [0] drop stale event: 858,337|2512 last: 858,337|10912
07-11 21:58:27.352 11813 11813 W n       : [0] drop stale event: 858,337|2512 last: 858,337|10912
07-11 21:58:27.352 11813 11813 W n       : [0] drop stale event: 858,337|2512 last: 858,337|10912
07-11 21:58:27.352 11813 11813 W n       : [0] drop stale event: 858,337|2512 last: 858,337|10912
07-11 21:58:27.435 11813 11813 W n       : [0] drop stale event: 858,337|2594 last: 858,337|10912
07-11 21:58:27.450 11813 11813 W n       : [0] drop stale event: 858,337|2610 last: 858,337|10912
07-11 21:58:27.453 11813 11813 W n       : [0] drop stale event: 858,337|2612 last: 858,337|10912
07-11 21:58:27.453 11813 11813 W n       : [0] drop stale event: 858,337|2612 last: 858,337|10912
07-11 21:58:27.453 11813 11813 W n       : [0] drop stale event: 858,337|2613 last: 858,337|10912
07-11 21:58:27.453 11813 11813 W n       : [0] drop stale event: 858,337|2613 last: 858,337|10912
07-11 21:58:27.453 11813 11813 W n       : [0] drop stale event: 858,337|2613 last: 858,337|10912
07-11 21:58:27.453 11813 11813 W n       : [0] drop stale event: 858,337|2613 last: 858,337|10912
07-11 21:58:27.453 11813 11813 W n       : [0] drop stale event: 858,337|2613 last: 858,337|10912
07-11 21:58:27.453 11813 11813 W n       : [0] drop stale event: 858,337|2613 last: 858,337|10912
07-11 21:58:27.453 11813 11813 W n       : [0] drop stale event: 858,337|2613 last: 858,337|10912
07-11 21:58:27.535 11813 11813 W n       : [0] drop stale event: 858,337|2695 last: 858,337|10912
07-11 21:58:27.551 11813 11813 W n       : [0] drop stale event: 858,337|2711 last: 858,337|10912
07-11 21:58:27.552 11813 11813 W n       : [0] drop stale event: 858,337|2712 last: 858,337|10912
07-11 21:58:27.554 11813 11813 W n       : [0] drop stale event: 858,337|2713 last: 858,337|10912
07-11 21:58:27.554 11813 11813 W n       : [0] drop stale event: 858,337|2713 last: 858,337|10912
07-11 21:58:27.554 11813 11813 W n       : [0] drop stale event: 858,337|2713 last: 858,337|10912
07-11 21:58:27.554 11813 11813 W n       : [0] drop stale event: 858,337|2714 last: 858,337|10912
07-11 21:58:27.554 11813 11813 W n       : [0] drop stale event: 858,337|2714 last: 858,337|10912
07-11 21:58:27.554 11813 11813 W n       : [0] drop stale event: 858,337|2714 last: 858,337|10912
07-11 21:58:27.554 11813 11813 W n       : [0] drop stale event: 858,337|2714 last: 858,337|10912
07-11 21:58:27.554 11813 11813 W n       : [0] drop stale event: 858,337|2714 last: 858,337|10912
07-11 21:58:27.646 11813 11813 W n       : [0] drop stale event: 858,337|2805 last: 858,337|10912
07-11 21:58:27.648 11813 11813 I VkEffects: reload anim=neon_pulse blur=0px glow=true stickers=true
07-11 21:58:27.812 11813 11813 W VkStall : MAIN-THREAD STALL 167ms during: >>>>> Dispatching to Handler (android.os.Handler) {936af4f} g9.n@bcce6dc: 0
07-11 21:58:27.819 11813 11813 W n       : [0] drop stale event: 858,337|114 last: 858,337|10912
07-11 21:58:27.819 11813 11813 W n       : [0] drop stale event: 858,337|115 last: 858,337|10912
07-11 21:58:27.819 11813 11813 W n       : [0] drop stale event: 858,337|115 last: 858,337|10912
07-11 21:58:27.819 11813 11813 W n       : [0] drop stale event: 858,337|115 last: 858,337|10912
07-11 21:58:27.819 11813 11813 W n       : [0] drop stale event: 858,337|115 last: 858,337|10912
07-11 21:58:27.819 11813 11813 W n       : [0] drop stale event: 858,337|115 last: 858,337|10912
07-11 21:58:27.819 11813 11813 W n       : [0] drop stale event: 858,337|115 last: 858,337|10912
07-11 21:58:27.819 11813 11813 W n       : [0] drop stale event: 858,337|115 last: 858,337|10912
07-11 21:58:27.820 11813 11813 W n       : [0] drop stale event: 858,337|115 last: 858,337|10912
07-11 21:58:27.820 11813 11813 W n       : [0] drop stale event: 858,337|115 last: 858,337|10912
07-11 21:58:27.820 11813 11813 W n       : [0] drop stale event: 858,337|115 last: 858,337|10912
07-11 21:58:27.847 11813 11813 I VkSwipe : ▶ gesture started locale=pt-BR
07-11 21:58:27.869 11813 12169 I VkSuggestions: decode typedLen=0 candidates=18 locales=2 20,1ms
07-11 21:58:27.869 11813 12169 W VkSuggestions: slow frame 20,1ms locales=2 typedLen=0 candidates=18 parallelWait=19,9ms
07-11 21:58:27.920 11813 11813 W n       : [0] drop stale event: 858,337|215 last: 858,337|10912
07-11 21:58:27.920 11813 11813 W n       : [0] drop stale event: 858,337|216 last: 858,337|10912
07-11 21:58:27.920 11813 11813 W n       : [0] drop stale event: 858,337|216 last: 858,337|10912
07-11 21:58:27.920 11813 11813 W n       : [0] drop stale event: 858,337|216 last: 858,337|10912
07-11 21:58:27.920 11813 11813 W n       : [0] drop stale event: 858,337|216 last: 858,337|10912
07-11 21:58:27.920 11813 11813 W n       : [0] drop stale event: 858,337|216 last: 858,337|10912
07-11 21:58:27.920 11813 11813 W n       : [0] drop stale event: 858,337|216 last: 858,337|10912
07-11 21:58:27.920 11813 11813 W n       : [0] drop stale event: 858,337|216 last: 858,337|10912
07-11 21:58:27.920 11813 11813 W n       : [0] drop stale event: 858,337|216 last: 858,337|10912
07-11 21:58:27.920 11813 11813 W n       : [0] drop stale event: 858,337|216 last: 858,337|10912
07-11 21:58:27.920 11813 11813 W n       : [0] drop stale event: 858,337|216 last: 858,337|10912
07-11 21:58:28.093 11813 11813 W VkStall : MAIN-THREAD STALL 133ms during: >>>>> Dispatching to Handler (android.os.Handler) {936af4f} g9.n@bcce6dc: 0
07-11 21:58:28.098 11813 11813 W n       : [0] drop stale event: 858,337|393 last: 858,337|10912
07-11 21:58:28.098 11813 11813 W n       : [0] drop stale event: 858,337|394 last: 858,337|10912
07-11 21:58:28.098 11813 11813 W n       : [0] drop stale event: 858,337|394 last: 858,337|10912
07-11 21:58:28.098 11813 11813 W n       : [0] drop stale event: 858,337|394 last: 858,337|10912
07-11 21:58:28.098 11813 11813 W n       : [0] drop stale event: 858,337|394 last: 858,337|10912
07-11 21:58:28.098 11813 11813 W n       : [0] drop stale event: 858,337|394 last: 858,337|10912
07-11 21:58:28.098 11813 11813 W n       : [0] drop stale event: 858,337|394 last: 858,337|10912
07-11 21:58:28.098 11813 11813 W n       : [0] drop stale event: 858,337|394 last: 858,337|10912
07-11 21:58:28.098 11813 11813 W n       : [0] drop stale event: 858,337|394 last: 858,337|10912
07-11 21:58:28.098 11813 11813 W n       : [0] drop stale event: 858,337|394 last: 858,337|10912
07-11 21:58:28.098 11813 11813 W n       : [0] drop stale event: 858,337|394 last: 858,337|10912
07-11 21:58:28.109 11813 12169 I VkSuggestions: decode typedLen=2 candidates=18 locales=2 9,4ms
07-11 21:58:28.126 11813 12169 W VibeKeyProfiler: Slow Native Suggest: Total=8.47ms | Init=0.23ms | TrieExpand(x12)=8.22ms | Scoring=0.02ms | inputSize=12
07-11 21:58:28.126 11813 12169 I VkSuggestions: decode typedLen=0 candidates=18 locales=2 16,7ms
07-11 21:58:28.127 11813 12169 W VkSuggestions: slow frame 16,7ms locales=2 typedLen=0 candidates=18 parallelWait=16,6ms
07-11 21:58:28.198 11813 11813 W n       : [0] drop stale event: 858,337|493 last: 858,337|10912
07-11 21:58:28.200 11813 11813 W n       : [0] drop stale event: 858,337|496 last: 858,337|10912
07-11 21:58:28.201 11813 11813 W n       : [0] drop stale event: 858,337|496 last: 858,337|10912
07-11 21:58:28.201 11813 11813 W n       : [0] drop stale event: 858,337|496 last: 858,337|10912
07-11 21:58:28.201 11813 11813 W n       : [0] drop stale event: 858,337|496 last: 858,337|10912
07-11 21:58:28.201 11813 11813 W n       : [0] drop stale event: 858,337|497 last: 858,337|10912
07-11 21:58:28.201 11813 11813 W n       : [0] drop stale event: 858,337|497 last: 858,337|10912
07-11 21:58:28.201 11813 11813 W n       : [0] drop stale event: 858,337|497 last: 858,337|10912
07-11 21:58:28.201 11813 11813 W n       : [0] drop stale event: 858,337|497 last: 858,337|10912
07-11 21:58:28.201 11813 11813 W n       : [0] drop stale event: 858,337|497 last: 858,337|10912
07-11 21:58:28.201 11813 11813 W n       : [0] drop stale event: 858,337|497 last: 858,337|10912
07-11 21:58:28.215 11813 12169 I VkSuggestions: decode typedLen=2 candidates=18 locales=2 13,4ms
07-11 21:58:28.225 11813 12169 I VkSuggestions: decode typedLen=0 candidates=18 locales=2 10,3ms
07-11 21:58:28.372 11813 11813 W VkStall : MAIN-THREAD STALL 132ms during: >>>>> Dispatching to Handler (android.os.Handler) {936af4f} g9.n@bcce6dc: 0
07-11 21:58:28.377 11813 11813 W n       : [0] drop stale event: 858,337|673 last: 858,337|10912
07-11 21:58:28.377 11813 11813 W n       : [0] drop stale event: 858,337|673 last: 858,337|10912
07-11 21:58:28.377 11813 11813 W n       : [0] drop stale event: 858,337|673 last: 858,337|10912
07-11 21:58:28.377 11813 11813 W n       : [0] drop stale event: 858,337|673 last: 858,337|10912
07-11 21:58:28.377 11813 11813 W n       : [0] drop stale event: 858,337|673 last: 858,337|10912
07-11 21:58:28.377 11813 11813 W n       : [0] drop stale event: 858,337|673 last: 858,337|10912
07-11 21:58:28.377 11813 11813 W n       : [0] drop stale event: 858,337|673 last: 858,337|10912
07-11 21:58:28.378 11813 11813 W n       : [0] drop stale event: 858,337|673 last: 858,337|10912
07-11 21:58:28.378 11813 11813 W n       : [0] drop stale event: 858,337|673 last: 858,337|10912
07-11 21:58:28.378 11813 11813 W n       : [0] drop stale event: 858,337|673 last: 858,337|10912
07-11 21:58:28.378 11813 11813 W n       : [0] drop stale event: 858,337|673 last: 858,337|10912
07-11 21:58:28.378 11813 11813 W n       : [0] drop stale event: 858,337|674 last: 858,337|10912
07-11 21:58:28.388 11813 12169 W VibeKeyProfiler: Slow Native Suggest: Total=8.16ms | Init=0.07ms | TrieExpand(x15)=8.07ms | Scoring=0.02ms | inputSize=2
07-11 21:58:28.392 11813 12169 I VkSuggestions: decode typedLen=2 candidates=18 locales=2 13,1ms
07-11 21:58:28.405 11813 12169 I VkSuggestions: decode typedLen=0 candidates=18 locales=2 13,0ms
07-11 21:58:28.478 11813 11813 W n       : [0] drop stale event: 858,337|774 last: 858,337|10912
07-11 21:58:28.478 11813 11813 W n       : [0] drop stale event: 858,337|774 last: 858,337|10912
07-11 21:58:28.478 11813 11813 W n       : [0] drop stale event: 858,337|774 last: 858,337|10912
07-11 21:58:28.478 11813 11813 W n       : [0] drop stale event: 858,337|774 last: 858,337|10912
07-11 21:58:28.478 11813 11813 W n       : [0] drop stale event: 858,337|774 last: 858,337|10912
07-11 21:58:28.478 11813 11813 W n       : [0] drop stale event: 858,337|774 last: 858,337|10912
07-11 21:58:28.478 11813 11813 W n       : [0] drop stale event: 858,337|774 last: 858,337|10912
07-11 21:58:28.478 11813 11813 W n       : [0] drop stale event: 858,337|774 last: 858,337|10912
07-11 21:58:28.478 11813 11813 W n       : [0] drop stale event: 858,337|774 last: 858,337|10912
07-11 21:58:28.479 11813 11813 W n       : [0] drop stale event: 858,337|774 last: 858,337|10912
07-11 21:58:28.479 11813 11813 W n       : [0] drop stale event: 858,337|774 last: 858,337|10912
07-11 21:58:28.479 11813 11813 W n       : [0] drop stale event: 858,337|774 last: 858,337|10912
07-11 21:58:28.487 11813 12169 I VkSuggestions: decode typedLen=2 candidates=18 locales=2 8,7ms
07-11 21:58:28.501 11813 12169 I VkSuggestions: decode typedLen=0 candidates=18 locales=2 12,8ms
07-11 21:58:28.578 11813 11813 W n       : [0] drop stale event: 858,337|874 last: 858,337|10912
07-11 21:58:28.578 11813 11813 W n       : [0] drop stale event: 858,337|874 last: 858,337|10912
07-11 21:58:28.578 11813 11813 W n       : [0] drop stale event: 858,337|874 last: 858,337|10912
07-11 21:58:28.578 11813 11813 W n       : [0] drop stale event: 858,337|874 last: 858,337|10912
07-11 21:58:28.578 11813 11813 W n       : [0] drop stale event: 858,337|874 last: 858,337|10912
07-11 21:58:28.578 11813 11813 W n       : [0] drop stale event: 858,337|874 last: 858,337|10912
07-11 21:58:28.578 11813 11813 W n       : [0] drop stale event: 858,337|874 last: 858,337|10912
07-11 21:58:28.578 11813 11813 W n       : [0] drop stale event: 858,337|874 last: 858,337|10912
07-11 21:58:28.578 11813 11813 W n       : [0] drop stale event: 858,337|874 last: 858,337|10912
07-11 21:58:28.579 11813 11813 W n       : [0] drop stale event: 858,337|874 last: 858,337|10912
07-11 21:58:28.579 11813 11813 W n       : [0] drop stale event: 858,337|874 last: 858,337|10912
07-11 21:58:28.579 11813 11813 W n       : [0] drop stale event: 858,337|874 last: 858,337|10912
07-11 21:58:28.679 11813 11813 W n       : [0] drop stale event: 858,337|975 last: 858,337|10912
07-11 21:58:28.679 11813 11813 W n       : [0] drop stale event: 858,337|975 last: 858,337|10912
07-11 21:58:28.679 11813 11813 W n       : [0] drop stale event: 858,337|975 last: 858,337|10912
07-11 21:58:28.679 11813 11813 W n       : [0] drop stale event: 858,337|975 last: 858,337|10912
07-11 21:58:28.679 11813 11813 W n       : [0] drop stale event: 858,337|975 last: 858,337|10912
07-11 21:58:28.679 11813 11813 W n       : [0] drop stale event: 858,337|975 last: 858,337|10912
07-11 21:58:28.680 11813 11813 W n       : [0] drop stale event: 858,337|975 last: 858,337|10912
07-11 21:58:28.680 11813 11813 W n       : [0] drop stale event: 858,337|975 last: 858,337|10912
07-11 21:58:28.680 11813 11813 W n       : [0] drop stale event: 858,337|975 last: 858,337|10912
07-11 21:58:28.680 11813 11813 W n       : [0] drop stale event: 858,337|975 last: 858,337|10912
07-11 21:58:28.680 11813 11813 W n       : [0] drop stale event: 858,337|975 last: 858,337|10912
07-11 21:58:28.680 11813 11813 W n       : [0] drop stale event: 858,337|976 last: 858,337|10912
07-11 21:58:28.691 11813 12169 I VkSuggestions: decode typedLen=2 candidates=18 locales=2 10,2ms
07-11 21:58:28.709 11813 12169 W VibeKeyProfiler: Slow Native Suggest: Total=8.57ms | Init=0.29ms | TrieExpand(x9)=8.27ms | Scoring=0.02ms | inputSize=23
07-11 21:58:28.709 11813 12169 I VkSuggestions: decode typedLen=0 candidates=18 locales=2 17,1ms
07-11 21:58:28.709 11813 12169 W VkSuggestions: slow frame 17,1ms locales=2 typedLen=0 candidates=18 parallelWait=17,0ms
07-11 21:58:28.780 11813 11813 W n       : [0] drop stale event: 858,337|1075 last: 858,337|10912
07-11 21:58:28.780 11813 11813 W n       : [0] drop stale event: 858,337|1075 last: 858,337|10912
07-11 21:58:28.780 11813 11813 W n       : [0] drop stale event: 858,337|1076 last: 858,337|10912
07-11 21:58:28.780 11813 11813 W n       : [0] drop stale event: 858,337|1076 last: 858,337|10912
07-11 21:58:28.780 11813 11813 W n       : [0] drop stale event: 858,337|1076 last: 858,337|10912
07-11 21:58:28.780 11813 11813 W n       : [0] drop stale event: 858,337|1076 last: 858,337|10912
07-11 21:58:28.780 11813 11813 W n       : [0] drop stale event: 858,337|1076 last: 858,337|10912
07-11 21:58:28.780 11813 11813 W n       : [0] drop stale event: 858,337|1076 last: 858,337|10912
07-11 21:58:28.780 11813 11813 W n       : [0] drop stale event: 858,337|1076 last: 858,337|10912
07-11 21:58:28.781 11813 11813 W n       : [0] drop stale event: 858,337|1076 last: 858,337|10912
07-11 21:58:28.781 11813 11813 W n       : [0] drop stale event: 858,337|1076 last: 858,337|10912
07-11 21:58:28.781 11813 11813 W n       : [0] drop stale event: 858,337|1076 last: 858,337|10912
07-11 21:58:28.795 11813 12169 I VkSuggestions: decode typedLen=2 candidates=18 locales=2 14,2ms
07-11 21:58:28.808 11813 12169 I VkSuggestions: decode typedLen=0 candidates=18 locales=2 12,6ms
07-11 21:58:28.880 11813 11813 W n       : [0] drop stale event: 858,337|1176 last: 858,337|10912
07-11 21:58:28.880 11813 11813 W n       : [0] drop stale event: 858,337|1176 last: 858,337|10912
07-11 21:58:28.880 11813 11813 W n       : [0] drop stale event: 858,337|1176 last: 858,337|10912
07-11 21:58:28.881 11813 11813 W n       : [0] drop stale event: 858,337|1176 last: 858,337|10912
07-11 21:58:28.881 11813 11813 W n       : [0] drop stale event: 858,337|1176 last: 858,337|10912
07-11 21:58:28.881 11813 11813 W n       : [0] drop stale event: 858,337|1177 last: 858,337|10912
07-11 21:58:28.881 11813 11813 W n       : [0] drop stale event: 858,337|1177 last: 858,337|10912
07-11 21:58:28.881 11813 11813 W n       : [0] drop stale event: 858,337|1177 last: 858,337|10912
07-11 21:58:28.881 11813 11813 W n       : [0] drop stale event: 858,337|1177 last: 858,337|10912
07-11 21:58:28.881 11813 11813 W n       : [0] drop stale event: 858,337|1177 last: 858,337|10912
07-11 21:58:28.881 11813 11813 W n       : [0] drop stale event: 858,337|1177 last: 858,337|10912
07-11 21:58:28.882 11813 11813 W n       : [0] drop stale event: 858,337|1177 last: 858,337|10912
07-11 21:58:28.882 11813 11813 W n       : [0] drop stale event: 858,337|1177 last: 858,337|10912
07-11 21:58:28.897 11813 12169 I VkSuggestions: decode typedLen=2 candidates=18 locales=2 14,2ms
07-11 21:58:28.908 11813 12169 I VkSuggestions: decode typedLen=0 candidates=18 locales=2 11,0ms
07-11 21:58:28.981 11813 11813 W n       : [0] drop stale event: 858,337|1277 last: 858,337|10912
07-11 21:58:28.981 11813 11813 W n       : [0] drop stale event: 858,337|1277 last: 858,337|10912
07-11 21:58:28.981 11813 11813 W n       : [0] drop stale event: 858,337|1277 last: 858,337|10912
07-11 21:58:28.981 11813 11813 W n       : [0] drop stale event: 858,337|1277 last: 858,337|10912
07-11 21:58:28.982 11813 11813 W n       : [0] drop stale event: 858,337|1277 last: 858,337|10912
07-11 21:58:28.982 11813 11813 W n       : [0] drop stale event: 858,337|1277 last: 858,337|10912
07-11 21:58:28.982 11813 11813 W n       : [0] drop stale event: 858,337|1277 last: 858,337|10912
07-11 21:58:28.982 11813 11813 W n       : [0] drop stale event: 858,337|1278 last: 858,337|10912
07-11 21:58:28.982 11813 11813 W n       : [0] drop stale event: 858,337|1278 last: 858,337|10912
07-11 21:58:28.982 11813 11813 W n       : [0] drop stale event: 858,337|1278 last: 858,337|10912
