=== VibeKey 4.1.321 (4421) ===

--------- beginning of system
06-15 10:51:10.042 31803 31803 E OplusCustomizeRestrictionManager: sInstance is null, start a new sInstance
06-15 10:51:55.732   358   358 E OplusCustomizeRestrictionManager: sInstance is null, start a new sInstance
--------- beginning of crash
06-15 10:52:12.749   358   514 F libc    : Fatal signal 7 (SIGBUS), code 2 (BUS_ADRERR), fault addr 0x76665f22b3 in tid 514 (d), pid 358 (AndroidUI)
06-15 10:52:14.151  1253  1253 F DEBUG   : Process name is com.vibekey.keyboard, not key_process
06-15 10:52:14.151  1253  1253 F DEBUG   : keyProcess: 0
06-15 10:52:14.151  1253  1253 F DEBUG   : *** *** *** *** *** *** *** *** *** *** *** *** *** *** *** ***
06-15 10:52:14.151  1253  1253 F DEBUG   : Build fingerprint: 'OnePlus/OnePlus7Pro/OnePlus7Pro:12/SKQ1.211113.001/P.202303230244:user/release-keys'
06-15 10:52:14.151  1253  1253 F DEBUG   : Revision: '0'
06-15 10:52:14.151  1253  1253 F DEBUG   : ABI: 'arm64'
06-15 10:52:14.151  1253  1253 F DEBUG   : Timestamp: 2026-06-15 10:52:12.965710993-0400
06-15 10:52:14.151  1253  1253 F DEBUG   : Process uptime: 0s
06-15 10:52:14.151  1253  1253 F DEBUG   : Cmdline: com.vibekey.keyboard
06-15 10:52:14.151  1253  1253 F DEBUG   : pid: 358, tid: 514, name: d  >>> com.vibekey.keyboard <<<
06-15 10:52:14.151  1253  1253 F DEBUG   : uid: 14095
06-15 10:52:14.151  1253  1253 F DEBUG   : signal 7 (SIGBUS), code 2 (BUS_ADRERR), fault addr 0x76665f22b3
06-15 10:52:14.151  1253  1253 F DEBUG   :     x0  0000000000000000  x1  0000000000000202  x2  0000000000000007  x3  000000768a2d7da0
06-15 10:52:14.152  1253  1253 F DEBUG   :     x4  000000768a2d76a8  x5  000000768a2d76a8  x6  000000768a2d76a8  x7  0000000000000000
06-15 10:52:14.152  1253  1253 F DEBUG   :     x8  00000000000000f0  x9  db746b027190efc7  x10 0000000000004001  x11 0000000000000000
06-15 10:52:14.152  1253  1253 F DEBUG   :     x12 00000000ffffffff  x13 0000000000000000  x14 b4000074dd390908  x15 00000000358637bd
06-15 10:52:14.152  1253  1253 F DEBUG   :     x16 000000757caad3a8  x17 00000076790b8f10  x18 0000007530c20000  x19 0000000000000007
06-15 10:52:14.152  1253  1253 F DEBUG   :     x20 000000768a2d7da0  x21 0000000000000166  x22 000000768a2d7d00  x23 0000000000000001
06-15 10:52:14.152  1253  1253 F DEBUG   :     x24 b4000074df011a40  x25 b4000075cacc1c10  x26 0000000000075080  x27 b4000074df00dd00
06-15 10:52:14.152  1253  1253 F DEBUG   :     x28 0000000000000000  x29 000000768a2d7d20
06-15 10:52:14.152  1253  1253 F DEBUG   :     lr  0000007576cbabc8  sp  000000768a2d7d00  pc  00000076790b8f34  pst 0000000000000000
06-15 10:52:14.152  1253  1253 F DEBUG   : backtrace:
06-15 10:52:14.152  1253  1253 F DEBUG   :       #00 pc 0000000000075f34  /apex/com.android.runtime/lib64/bionic/libc.so (syscall+36) (BuildId: bbbdeb7c87c74f1491f92c6e605095b0)
06-15 10:52:14.152  1253  1253 F DEBUG   :       #01 pc 00000000040a9bc4  /data/app/~~-XGWjzmdoRrM1YaZYK883A==/com.google.android.webview-HvpxCmuUIjPsZ4yTEw8s4w==/base.apk!libwebviewchromium.so (BuildId: f447b77da2d76e8d4d133b66c727c3ae532b54bf)
06-15 10:52:14.152  1253  1253 F DEBUG   :       #02 pc 00000000040a03c4  /data/app/~~-XGWjzmdoRrM1YaZYK883A==/com.google.android.webview-HvpxCmuUIjPsZ4yTEw8s4w==/base.apk!libwebviewchromium.so (BuildId: f447b77da2d76e8d4d133b66c727c3ae532b54bf)
06-15 10:52:14.152  1253  1253 F DEBUG   :       #03 pc 0000000000000638  [vdso] (__kernel_rt_sigreturn+0)
06-15 10:52:14.152  1253  1253 F DEBUG   :       #04 pc 00000000000b62f4  /data/app/~~xLfJT_ghXWqagLVb7ki97g==/com.vibekey.keyboard-lp-G9_N65V4mig4JCa7IPg==/lib/arm64/libjni_latinime.so (latinime::PatriciaTrieReadingUtils::getPtNodeArraySizeAndAdvancePosition(unsigned char const*, int, int*)+44) (BuildId: f905dbd1a904967a994cf833116e517b05caa863)
06-15 10:52:14.152  1253  1253 F DEBUG   :       #05 pc 00000000000b6c2c  /data/app/~~xLfJT_ghXWqagLVb7ki97g==/com.vibekey.keyboard-lp-G9_N65V4mig4JCa7IPg==/lib/arm64/libjni_latinime.so (latinime::PatriciaTriePolicy::createAndGetAllChildDicNodes(latinime::DicNode const*, latinime::DicNodeVector*) const+112) (BuildId: f905dbd1a904967a994cf833116e517b05caa863)
06-15 10:52:14.152  1253  1253 F DEBUG   :       #06 pc 00000000000d598c  /data/app/~~xLfJT_ghXWqagLVb7ki97g==/com.vibekey.keyboard-lp-G9_N65V4mig4JCa7IPg==/lib/arm64/libjni_latinime.so (latinime::Suggest::processDicNodeAsOmission(latinime::DicTraverseSession*, latinime::DicNode*) const+84) (BuildId: f905dbd1a904967a994cf833116e517b05caa863)
06-15 10:52:14.152  1253  1253 F DEBUG   :       #07 pc 00000000000d4a88  /data/app/~~xLfJT_ghXWqagLVb7ki97g==/com.vibekey.keyboard-lp-G9_N65V4mig4JCa7IPg==/lib/arm64/libjni_latinime.so (latinime::Suggest::expandCurrentDicNodes(latinime::DicTraverseSession*) const+1732) (BuildId: f905dbd1a904967a994cf833116e517b05caa863)
06-15 10:52:14.152  1253  1253 F DEBUG   :       #08 pc 00000000000d3c0c  /data/app/~~xLfJT_ghXWqagLVb7ki97g==/com.vibekey.keyboard-lp-G9_N65V4mig4JCa7IPg==/lib/arm64/libjni_latinime.so (latinime::Suggest::getSuggestions(latinime::ProximityInfo*, void*, int*, int*, int*, int*, int*, int, float, latinime::SuggestionResults*) const+504) (BuildId: f905dbd1a904967a994cf833116e517b05caa863)
06-15 10:52:14.152  1253  1253 F DEBUG   :       #09 pc 000000000009fd88  /data/app/~~xLfJT_ghXWqagLVb7ki97g==/com.vibekey.keyboard-lp-G9_N65V4mig4JCa7IPg==/lib/arm64/libjni_latinime.so (BuildId: f905dbd1a904967a994cf833116e517b05caa863)
06-15 10:52:14.152  1253  1253 F DEBUG   :       #10 pc 00000000002c2100  /apex/com.android.art/lib64/libart.so (art_quick_generic_jni_trampoline+144) (BuildId: 7087b2f2160bfbf3335d54ba9779e325)
06-15 10:52:14.152  1253  1253 F DEBUG   :       #11 pc 00000000006692dc  /apex/com.android.art/lib64/libart.so (nterp_helper+3852) (BuildId: 7087b2f2160bfbf3335d54ba9779e325)
06-15 10:52:14.152  1253  1253 F DEBUG   :       #12 pc 0000000000228ae0  /data/app/~~xLfJT_ghXWqagLVb7ki97g==/com.vibekey.keyboard-lp-G9_N65V4mig4JCa7IPg==/oat/arm64/base.vdex (com.android.inputmethod.latin.BinaryDictionary.q+572)
06-15 10:52:14.152  1253  1253 F DEBUG   :       #13 pc 0000000000669a28  /apex/com.android.art/lib64/libart.so (nterp_helper+5720) (BuildId: 7087b2f2160bfbf3335d54ba9779e325)
06-15 10:52:14.152  1253  1253 F DEBUG   :       #14 pc 000000000022885e  /data/app/~~xLfJT_ghXWqagLVb7ki97g==/com.vibekey.keyboard-lp-G9_N65V4mig4JCa7IPg==/oat/arm64/base.vdex (com.android.inputmethod.latin.BinaryDictionary.d+2)
06-15 10:52:14.153  1253  1253 F DEBUG   :       #15 pc 0000000000669a28  /apex/com.android.art/lib64/libart.so (nterp_helper+5720) (BuildId: 7087b2f2160bfbf3335d54ba9779e325)
06-15 10:52:14.153  1253  1253 F DEBUG   :       #16 pc 0000000000aeb7a6  /data/app/~~xLfJT_ghXWqagLVb7ki97g==/com.vibekey.keyboard-lp-G9_N65V4mig4JCa7IPg==/oat/arm64/base.vdex (v7.k.d+50)
06-15 10:52:14.153  1253  1253 F DEBUG   :       #17 pc 0000000000669a28  /apex/com.android.art/lib64/libart.so (nterp_helper+5720) (BuildId: 7087b2f2160bfbf3335d54ba9779e325)
06-15 10:52:14.153  1253  1253 F DEBUG   :       #18 pc 0000000000aea89e  /data/app/~~xLfJT_ghXWqagLVb7ki97g==/com.vibekey.keyboard-lp-G9_N65V4mig4JCa7IPg==/oat/arm64/base.vdex (v7.e.d+70)
06-15 10:52:14.153  1253  1253 F DEBUG   :       #19 pc 0000000000669a28  /apex/com.android.art/lib64/libart.so (nterp_helper+5720) (BuildId: 7087b2f2160bfbf3335d54ba9779e325)
06-15 10:52:14.153  1253  1253 F DEBUG   :       #20 pc 00000000005b5b36  /data/app/~~xLfJT_ghXWqagLVb7ki97g==/com.vibekey.keyboard-lp-G9_N65V4mig4JCa7IPg==/oat/arm64/base.vdex (p7.p.i+334)
06-15 10:52:14.153  1253  1253 F DEBUG   :       #21 pc 0000000000669a28  /apex/com.android.art/lib64/libart.so (nterp_helper+5720) (BuildId: 7087b2f2160bfbf3335d54ba9779e325)
06-15 10:52:14.153  1253  1253 F DEBUG   :       #22 pc 00000000005b5496  /data/app/~~xLfJT_ghXWqagLVb7ki97g==/com.vibekey.keyboard-lp-G9_N65V4mig4JCa7IPg==/oat/arm64/base.vdex (p7.p.h+334)
06-15 10:52:14.153  1253  1253 F DEBUG   :       #23 pc 0000000000669a28  /apex/com.android.art/lib64/libart.so (nterp_helper+5720) (BuildId: 7087b2f2160bfbf3335d54ba9779e325)
06-15 10:52:14.153  1253  1253 F DEBUG   :       #24 pc 00000000005b5300  /data/app/~~xLfJT_ghXWqagLVb7ki97g==/com.vibekey.keyboard-lp-G9_N65V4mig4JCa7IPg==/oat/arm64/base.vdex (p7.p.g+112)
06-15 10:52:14.153  1253  1253 F DEBUG   :       #25 pc 0000000000669a28  /apex/com.android.art/lib64/libart.so (nterp_helper+5720) (BuildId: 7087b2f2160bfbf3335d54ba9779e325)
06-15 10:52:14.153  1253  1253 F DEBUG   :       #26 pc 00000000005bda32  /data/app/~~xLfJT_ghXWqagLVb7ki97g==/com.vibekey.keyboard-lp-G9_N65V4mig4JCa7IPg==/oat/arm64/base.vdex (p7.j1.c+266)
06-15 10:52:14.153  1253  1253 F DEBUG   :       #27 pc 0000000000669a28  /apex/com.android.art/lib64/libart.so (nterp_helper+5720) (BuildId: 7087b2f2160bfbf3335d54ba9779e325)
06-15 10:52:14.153  1253  1253 F DEBUG   :       #28 pc 00000000005bd8b0  /data/app/~~xLfJT_ghXWqagLVb7ki97g==/com.vibekey.keyboard-lp-G9_N65V4mig4JCa7IPg==/oat/arm64/base.vdex (p7.j1.b+2656)
06-15 10:52:14.153  1253  1253 F DEBUG   :       #29 pc 0000000000669a28  /apex/com.android.art/lib64/libart.so (nterp_helper+5720) (BuildId: 7087b2f2160bfbf3335d54ba9779e325)
06-15 10:52:14.153  1253  1253 F DEBUG   :       #30 pc 0000000000af297a  /data/app/~~xLfJT_ghXWqagLVb7ki97g==/com.vibekey.keyboard-lp-G9_N65V4mig4JCa7IPg==/oat/arm64/base.vdex (x7.b.m+1458)
06-15 10:52:14.153  1253  1253 F DEBUG   :       #31 pc 0000000000669324  /apex/com.android.art/lib64/libart.so (nterp_helper+3924) (BuildId: 7087b2f2160bfbf3335d54ba9779e325)
06-15 10:52:14.153  1253  1253 F DEBUG   :       #32 pc 00000000001a3dea  /data/app/~~xLfJT_ghXWqagLVb7ki97g==/com.vibekey.keyboard-lp-G9_N65V4mig4JCa7IPg==/oat/arm64/base.vdex (a5.a.run+102)
06-15 10:52:14.153  1253  1253 F DEBUG   :       #33 pc 000000000066a144  /apex/com.android.art/lib64/libart.so (nterp_helper+7540) (BuildId: 7087b2f2160bfbf3335d54ba9779e325)
06-15 10:52:14.153  1253  1253 F DEBUG   :       #34 pc 0000000000aef83a  /data/app/~~xLfJT_ghXWqagLVb7ki97g==/com.vibekey.keyboard-lp-G9_N65V4mig4JCa7IPg==/oat/arm64/base.vdex (x7.d.handleMessage+18)
06-15 10:52:14.153  1253  1253 F DEBUG   :       #35 pc 000000000205b2d4  /memfd:jit-zygote-cache (deleted)
06-15 10:52:16.496  1373  1373 E OplusCustomizeRestrictionManager: sInstance is null, start a new sInstance
06-15 10:52:18.594  1373  1476 F libc    : Fatal signal 7 (SIGBUS), code 2 (BUS_ADRERR), fault addr 0x76665e4000 in tid 1476 (d), pid 1373 (AndroidUI)
06-15 10:52:19.646  1745  1745 F DEBUG   : Process name is com.vibekey.keyboard, not key_process
06-15 10:52:19.646  1745  1745 F DEBUG   : keyProcess: 0
06-15 10:52:19.646  1745  1745 F DEBUG   : *** *** *** *** *** *** *** *** *** *** *** *** *** *** *** ***
06-15 10:52:19.646  1745  1745 F DEBUG   : Build fingerprint: 'OnePlus/OnePlus7Pro/OnePlus7Pro:12/SKQ1.211113.001/P.202303230244:user/release-keys'
06-15 10:52:19.646  1745  1745 F DEBUG   : Revision: '0'
06-15 10:52:19.646  1745  1745 F DEBUG   : ABI: 'arm64'
06-15 10:52:19.646  1745  1745 F DEBUG   : Timestamp: 2026-06-15 10:52:18.844241199-0400
06-15 10:52:19.646  1745  1745 F DEBUG   : Process uptime: 0s
06-15 10:52:19.646  1745  1745 F DEBUG   : Cmdline: com.vibekey.keyboard
06-15 10:52:19.646  1745  1745 F DEBUG   : pid: 1373, tid: 1476, name: d  >>> com.vibekey.keyboard <<<
06-15 10:52:19.646  1745  1745 F DEBUG   : uid: 14095
06-15 10:52:19.646  1745  1745 F DEBUG   : signal 7 (SIGBUS), code 2 (BUS_ADRERR), fault addr 0x76665e4000
06-15 10:52:19.646  1745  1745 F DEBUG   :     x0  0000000000000000  x1  00000000000005c4  x2  0000000000000007  x3  000000768a7feda0
06-15 10:52:19.646  1745  1745 F DEBUG   :     x4  000000768a7fe6a8  x5  000000768a7fe6a8  x6  000000768a7fe6a8  x7  0000000000000000
06-15 10:52:19.646  1745  1745 F DEBUG   :     x8  00000000000000f0  x9  db746b027190efc7  x10 0000000000004001  x11 0000000000000000
06-15 10:52:19.646  1745  1745 F DEBUG   :     x12 00000000ffffffff  x13 0000000000000000  x14 000000000000001f  x15 00000076665e2c08
06-15 10:52:19.646  1745  1745 F DEBUG   :     x16 000000757caad3a8  x17 00000076790b8f10  x18 000000752dba0000  x19 0000000000000007
06-15 10:52:19.646  1745  1745 F DEBUG   :     x20 000000768a7feda0  x21 000000000000055d  x22 000000768a7fed00  x23 0000000000000001
06-15 10:52:19.646  1745  1745 F DEBUG   :     x24 00000075dbdadbf8  x25 00000075dbdadd10  x26 00000075dbdadd44  x27 0000000000000001
06-15 10:52:19.646  1745  1745 F DEBUG   :     x28 00000075dbdae2f8  x29 000000768a7fed20
06-15 10:52:19.646  1745  1745 F DEBUG   :     lr  0000007576cbabc8  sp  000000768a7fed00  pc  00000076790b8f34  pst 0000000000000000
06-15 10:52:19.646  1745  1745 F DEBUG   : backtrace:
06-15 10:52:19.646  1745  1745 F DEBUG   :       #00 pc 0000000000075f34  /apex/com.android.runtime/lib64/bionic/libc.so (syscall+36) (BuildId: bbbdeb7c87c74f1491f92c6e605095b0)
06-15 10:52:19.646  1745  1745 F DEBUG   :       #01 pc 00000000040a9bc4  /data/app/~~-XGWjzmdoRrM1YaZYK883A==/com.google.android.webview-HvpxCmuUIjPsZ4yTEw8s4w==/base.apk!libwebviewchromium.so (BuildId: f447b77da2d76e8d4d133b66c727c3ae532b54bf)
06-15 10:52:19.646  1745  1745 F DEBUG   :       #02 pc 00000000040a03c4  /data/app/~~-XGWjzmdoRrM1YaZYK883A==/com.google.android.webview-HvpxCmuUIjPsZ4yTEw8s4w==/base.apk!libwebviewchromium.so (BuildId: f447b77da2d76e8d4d133b66c727c3ae532b54bf)
06-15 10:52:19.646  1745  1745 F DEBUG   :       #03 pc 0000000000000638  [vdso] (__kernel_rt_sigreturn+0)
06-15 10:52:19.646  1745  1745 F DEBUG   :       #04 pc 00000000000b67fc  /data/app/~~xLfJT_ghXWqagLVb7ki97g==/com.vibekey.keyboard-lp-G9_N65V4mig4JCa7IPg==/lib/arm64/libjni_latinime.so (latinime::PatriciaTrieReadingUtils::readPtNodeInfo(unsigned char const*, int, int, latinime::DictionaryShortcutsStructurePolicy const*, latinime::DictionaryBigramsStructurePolicy const*, int const*, unsigned char*, int*, int*, int*, int*, int*, int*, int*)+200) (BuildId: f905dbd1a904967a994cf833116e517b05caa863)
06-15 10:52:19.646  1745  1745 F DEBUG   :       #05 pc 00000000000b8980  /data/app/~~xLfJT_ghXWqagLVb7ki97g==/com.vibekey.keyboard-lp-G9_N65V4mig4JCa7IPg==/lib/arm64/libjni_latinime.so (latinime::Ver2ParticiaTrieNodeReader::fetchPtNodeParamsInBufferFromPtNodePos(int) const+140) (BuildId: f905dbd1a904967a994cf833116e517b05caa863)
06-15 10:52:19.646  1745  1745 F DEBUG   :       #06 pc 00000000000b4b74  /data/app/~~xLfJT_ghXWqagLVb7ki97g==/com.vibekey.keyboard-lp-G9_N65V4mig4JCa7IPg==/lib/arm64/libjni_latinime.so (latinime::DynamicPtReadingHelper::getTerminalPtNodePositionOfWord(int const*, unsigned long, bool)+232) (BuildId: f905dbd1a904967a994cf833116e517b05caa863)
06-15 10:52:19.646  1745  1745 F DEBUG   :       #07 pc 00000000000b7324  /data/app/~~xLfJT_ghXWqagLVb7ki97g==/com.vibekey.keyboard-lp-G9_N65V4mig4JCa7IPg==/lib/arm64/libjni_latinime.so (latinime::PatriciaTriePolicy::getWordId(latinime::IntArrayView, bool) const+184) (BuildId: f905dbd1a904967a994cf833116e517b05caa863)
06-15 10:52:19.646  1745  1745 F DEBUG   :       #08 pc 00000000000a7d54  /data/app/~~xLfJT_ghXWqagLVb7ki97g==/com.vibekey.keyboard-lp-G9_N65V4mig4JCa7IPg==/lib/arm64/libjni_latinime.so (latinime::NgramContext::getWordId(latinime::DictionaryStructureWithBufferPolicy const*, int const*, int, bool, bool)+232) (BuildId: f905dbd1a904967a994cf833116e517b05caa863)
06-15 10:52:19.646  1745  1745 F DEBUG   :       #09 pc 00000000000d337c  /data/app/~~xLfJT_ghXWqagLVb7ki97g==/com.vibekey.keyboard-lp-G9_N65V4mig4JCa7IPg==/lib/arm64/libjni_latinime.so (latinime::DicTraverseSession::init(latinime::Dictionary const*, latinime::NgramContext const*, latinime::SuggestOptions const*)+124) (BuildId: f905dbd1a904967a994cf833116e517b05caa863)
06-15 10:52:19.646  1745  1745 F DEBUG   :       #10 pc 00000000000c8bd0  /data/app/~~xLfJT_ghXWqagLVb7ki97g==/com.vibekey.keyboard-lp-G9_N65V4mig4JCa7IPg==/lib/arm64/libjni_latinime.so (latinime::Dictionary::getSuggestions(latinime::ProximityInfo*, latinime::DicTraverseSession*, int*, int*, int*, int*, int*, int, latinime::NgramContext const*, latinime::SuggestOptions const*, float, latinime::SuggestionResults*) const+104) (BuildId: f905dbd1a904967a994cf833116e517b05caa863)
06-15 10:52:19.646  1745  1745 F DEBUG   :       #11 pc 000000000009fd88  /data/app/~~xLfJT_ghXWqagLVb7ki97g==/com.vibekey.keyboard-lp-G9_N65V4mig4JCa7IPg==/lib/arm64/libjni_latinime.so (BuildId: f905dbd1a904967a994cf833116e517b05caa863)
06-15 10:52:19.646  1745  1745 F DEBUG   :       #12 pc 00000000002c2100  /apex/com.android.art/lib64/libart.so (art_quick_generic_jni_trampoline+144) (BuildId: 7087b2f2160bfbf3335d54ba9779e325)
06-15 10:52:19.646  1745  1745 F DEBUG   :       #13 pc 00000000006692dc  /apex/com.android.art/lib64/libart.so (nterp_helper+3852) (BuildId: 7087b2f2160bfbf3335d54ba9779e325)
06-15 10:52:19.646  1745  1745 F DEBUG   :       #14 pc 0000000000228ae0  /data/app/~~xLfJT_ghXWqagLVb7ki97g==/com.vibekey.keyboard-lp-G9_N65V4mig4JCa7IPg==/oat/arm64/base.vdex (com.android.inputmethod.latin.BinaryDictionary.q+572)
06-15 10:52:19.646  1745  1745 F DEBUG   :       #15 pc 0000000000669a28  /apex/com.android.art/lib64/libart.so (nterp_helper+5720) (BuildId: 7087b2f2160bfbf3335d54ba9779e325)
06-15 10:52:19.646  1745  1745 F DEBUG   :       #16 pc 000000000022885e  /data/app/~~xLfJT_ghXWqagLVb7ki97g==/com.vibekey.keyboard-lp-G9_N65V4mig4JCa7IPg==/oat/arm64/base.vdex (com.android.inputmethod.latin.BinaryDictionary.d+2)
06-15 10:52:19.646  1745  1745 F DEBUG   :       #17 pc 0000000000669a28  /apex/com.android.art/lib64/libart.so (nterp_helper+5720) (BuildId: 7087b2f2160bfbf3335d54ba9779e325)
06-15 10:52:19.646  1745  1745 F DEBUG   :       #18 pc 0000000000aeb7a6  /data/app/~~xLfJT_ghXWqagLVb7ki97g==/com.vibekey.keyboard-lp-G9_N65V4mig4JCa7IPg==/oat/arm64/base.vdex (v7.k.d+50)
06-15 10:52:19.646  1745  1745 F DEBUG   :       #19 pc 0000000000669a28  /apex/com.android.art/lib64/libart.so (nterp_helper+5720) (BuildId: 7087b2f2160bfbf3335d54ba9779e325)
06-15 10:52:19.646  1745  1745 F DEBUG   :       #20 pc 0000000000aea89e  /data/app/~~xLfJT_ghXWqagLVb7ki97g==/com.vibekey.keyboard-lp-G9_N65V4mig4JCa7IPg==/oat/arm64/base.vdex (v7.e.d+70)
06-15 10:52:19.646  1745  1745 F DEBUG   :       #21 pc 0000000000669a28  /apex/com.android.art/lib64/libart.so (nterp_helper+5720) (BuildId: 7087b2f2160bfbf3335d54ba9779e325)
06-15 10:52:19.646  1745  1745 F DEBUG   :       #22 pc 00000000005b5b36  /data/app/~~xLfJT_ghXWqagLVb7ki97g==/com.vibekey.keyboard-lp-G9_N65V4mig4JCa7IPg==/oat/arm64/base.vdex (p7.p.i+334)
06-15 10:52:19.646  1745  1745 F DEBUG   :       #23 pc 0000000000669a28  /apex/com.android.art/lib64/libart.so (nterp_helper+5720) (BuildId: 7087b2f2160bfbf3335d54ba9779e325)
06-15 10:52:19.646  1745  1745 F DEBUG   :       #24 pc 00000000005b5496  /data/app/~~xLfJT_ghXWqagLVb7ki97g==/com.vibekey.keyboard-lp-G9_N65V4mig4JCa7IPg==/oat/arm64/base.vdex (p7.p.h+334)
06-15 10:52:19.646  1745  1745 F DEBUG   :       #25 pc 0000000000669a28  /apex/com.android.art/lib64/libart.so (nterp_helper+5720) (BuildId: 7087b2f2160bfbf3335d54ba9779e325)
06-15 10:52:19.646  1745  1745 F DEBUG   :       #26 pc 00000000005b5300  /data/app/~~xLfJT_ghXWqagLVb7ki97g==/com.vibekey.keyboard-lp-G9_N65V4mig4JCa7IPg==/oat/arm64/base.vdex (p7.p.g+112)
06-15 10:52:19.646  1745  1745 F DEBUG   :       #27 pc 0000000000669a28  /apex/com.android.art/lib64/libart.so (nterp_helper+5720) (BuildId: 7087b2f2160bfbf3335d54ba9779e325)
06-15 10:52:19.646  1745  1745 F DEBUG   :       #28 pc 00000000005bcfbc  /data/app/~~xLfJT_ghXWqagLVb7ki97g==/com.vibekey.keyboard-lp-G9_N65V4mig4JCa7IPg==/oat/arm64/base.vdex (p7.j1.b+364)
06-15 10:52:19.646  1745  1745 F DEBUG   :       #29 pc 0000000000669a28  /apex/com.android.art/lib64/libart.so (nterp_helper+5720) (BuildId: 7087b2f2160bfbf3335d54ba9779e325)
06-15 10:52:19.646  1745  1745 F DEBUG   :       #30 pc 0000000000af297a  /data/app/~~xLfJT_ghXWqagLVb7ki97g==/com.vibekey.keyboard-lp-G9_N65V4mig4JCa7IPg==/oat/arm64/base.vdex (x7.b.m+1458)
06-15 10:52:19.646  1745  1745 F DEBUG   :       #31 pc 0000000000669324  /apex/com.android.art/lib64/libart.so (nterp_helper+3924) (BuildId: 7087b2f2160bfbf3335d54ba9779e325)
06-15 10:52:19.646  1745  1745 F DEBUG   :       #32 pc 00000000005b7cfc  /data/app/~~xLfJT_ghXWqagLVb7ki97g==/com.vibekey.keyboard-lp-G9_N65V4mig4JCa7IPg==/oat/arm64/base.vdex (p7.v.run+72)
06-15 10:52:19.646  1745  1745 F DEBUG   :       #33 pc 000000000066a144  /apex/com.android.art/lib64/libart.so (nterp_helper+7540) (BuildId: 7087b2f2160bfbf3335d54ba9779e325)
06-15 10:52:19.646  1745  1745 F DEBUG   :       #34 pc 0000000000aef83a  /data/app/~~xLfJT_ghXWqagLVb7ki97g==/com.vibekey.keyboard-lp-G9_N65V4mig4JCa7IPg==/oat/arm64/base.vdex (x7.d.handleMessage+18)
06-15 10:52:19.646  1745  1745 F DEBUG   :       #35 pc 000000000205b2d4  /memfd:jit-zygote-cache (deleted)
06-15 10:52:22.161  1760  1760 E OplusCustomizeRestrictionManager: sInstance is null, start a new sInstance
--------- beginning of main
06-15 10:52:25.765  1760  1843 W VibeKeyProfiler: Slow Native Suggest: Total=9.12ms | Init=0.09ms | TrieExpand(x13)=8.98ms | Scoring=0.05ms | inputSize=2
06-15 10:52:25.778  1760  1843 I VkSuggestions: decode typedLen=2 candidates=18 locales=2 22,1ms
06-15 10:52:25.779  1760  1843 W VkSuggestions: slow frame 22,1ms locales=2 typedLen=2 candidates=18 parallelWait=21,7ms
06-15 10:52:25.797  1760  1843 I VkSuggestions: decode typedLen=0 candidates=18 locales=2 17,6ms
06-15 10:52:25.798  1760  1843 W VkSuggestions: slow frame 17,6ms locales=2 typedLen=0 candidates=18 parallelWait=17,3ms
06-15 10:52:25.869  1760  1760 W n       : [0] drop stale event: 598,341|283 last: 574,361|292
06-15 10:52:26.115  1760  1843 I VkSuggestions: decode typedLen=4 candidates=18 locales=2 7,2ms
06-15 10:52:26.127  1760  1843 W VibeKeyProfiler: Slow Native Suggest: Total=11.14ms | Init=0.16ms | TrieExpand(x5)=10.93ms | Scoring=0.05ms | inputSize=36
06-15 10:52:26.140  1760  1843 I VkSuggestions: decode typedLen=0 candidates=18 locales=2 24,6ms
06-15 10:52:26.141  1760  1843 W VkSuggestions: slow frame 24,6ms locales=2 typedLen=0 candidates=18 parallelWait=24,3ms
06-15 10:52:26.348  1760  1843 W VibeKeyProfiler: Slow Native Suggest: Total=11.16ms | Init=0.16ms | TrieExpand(x4)=10.94ms | Scoring=0.05ms | inputSize=5
06-15 10:52:26.356  1760  1843 I VkSuggestions: decode typedLen=5 candidates=18 locales=2 19,8ms
06-15 10:52:26.356  1760  1843 W VkSuggestions: slow frame 19,8ms locales=2 typedLen=5 candidates=18 parallelWait=19,4ms
06-15 10:52:26.367  1760  1843 I VkSuggestions: decode typedLen=0 candidates=18 locales=2 10,7ms
06-15 10:52:26.420  1760  1760 I VkSwipe : ▶ gesture started locale=pt-BR
06-15 10:52:26.491  1760  1843 I VkSuggestions: decode typedLen=2 candidates=18 locales=2 9,0ms
06-15 10:52:26.500  1760  1843 I VkSuggestions: decode typedLen=0 candidates=18 locales=2 8,7ms
06-15 10:52:26.511  1760  1760 I VkSwipe : ✓ gesture points=10 decodedLen=2 candidates=15 top=SW 90ms
06-15 10:52:26.905  1760  1760 I VkSwipe : ▶ gesture started locale=pt-BR
06-15 10:52:27.052  1760  1843 I VkSuggestions: decode typedLen=3 candidates=18 locales=2 11,3ms
06-15 10:52:27.061  1760  1843 I VkSuggestions: decode typedLen=0 candidates=18 locales=2 8,3ms
06-15 10:52:27.313  1760  1843 I VkSuggestions: decode typedLen=4 candidates=18 locales=2 9,5ms
06-15 10:52:27.322  1760  1843 I VkSuggestions: decode typedLen=0 candidates=18 locales=2 8,0ms
06-15 10:52:27.331  1760  1760 I VkSwipe : ✓ gesture points=38 decodedLen=3 candidates=18 top=jfk 427ms
06-15 10:52:27.916  1760  1843 I VkSuggestions: strip prediction typedLen=0 candidates=2 autocorrect=false top=fio locale=fr
06-15 10:52:29.757  1760  1843 W VibeKeyProfiler: Slow Native Suggest: Total=13.61ms | Init=0.24ms | TrieExpand(x15)=13.32ms | Scoring=0.05ms | inputSize=1
06-15 10:52:29.770  1760  1843 I VkSuggestions: decode typedLen=1 candidates=18 locales=2 28,2ms
06-15 10:52:29.771  1760  1843 W VkSuggestions: slow frame 28,2ms locales=2 typedLen=1 candidates=18 parallelWait=27,9ms
06-15 10:52:29.772  1760  1843 I VkSuggestions: strip composing typedLen=1 candidates=19 autocorrect=false top=h locale=fr
06-15 10:52:29.973  1760  1843 I VkSuggestions: decode typedLen=2 candidates=18 locales=2 6,7ms
06-15 10:52:29.975  1760  1843 I VkSuggestions: strip composing typedLen=2 candidates=16 autocorrect=false top=ho locale=fr
06-15 10:52:30.243  1760  1843 I VkSuggestions: decode typedLen=4 candidates=18 locales=2 7,0ms
06-15 10:52:30.245  1760  1843 I VkAutocorrect: offered: hola → hola
06-15 10:52:30.245  1760  1843 I VkSuggestions: strip composing typedLen=4 candidates=19 autocorrect=true top=hola locale=fr
06-15 10:52:30.431  1760  1843 I VkSuggestions: decode typedLen=5 candidates=18 locales=2 7,7ms
06-15 10:52:30.439  1760  1843 I VkSuggestions: strip composing typedLen=5 candidates=19 autocorrect=false top=holah locale=fr
06-15 10:52:30.986  1760  1843 I VkSuggestions: decode typedLen=4 candidates=18 locales=2 14,1ms
06-15 10:52:30.989  1760  1843 I VkAutocorrect: offered: hola → hola
06-15 10:52:30.989  1760  1843 I VkSuggestions: strip composing typedLen=4 candidates=19 autocorrect=true top=hola locale=fr
06-15 10:52:31.443  1760  1760 I VkAutocorrect: committed (typing): hola → holà
06-15 10:52:31.552  1760  1843 I VkSuggestions: strip prediction typedLen=0 candidates=2 autocorrect=false top=fio locale=fr
06-15 10:52:32.001  1760  2519 E ibekey.keyboar: Attempt to load writable dex file: /data/user/0/com.vibekey.keyboard/app_pccache/5/C571D7DB2E7379E33F5626D87812BBADE73E9BAD/pcam.jar
06-15 10:52:31.998  1760  1760 W AdWorker(Defaul: type=1400 audit(0.0:479743): avc: granted { execute } for path="/data/data/com.vibekey.keyboard/app_pccache/5/C571D7DB2E7379E33F5626D87812BBADE73E9BAD/pcam.jar" dev="dm-2" ino=12066543 scontext=u:r:untrusted_app:s0:c255,c271,c512,c768 tcontext=u:object_r:app_data_file:s0:c255,c271,c512,c768 tclass=file app=com.vibekey.keyboard
06-15 10:52:32.022  1760  2519 W Ads     : Invoke Firebase method getInstance error.
06-15 10:52:32.022  1760  2519 W Ads     : The Google Mobile Ads SDK will not integrate with Firebase. Admob/Firebase integration requires the latest Firebase SDK jar, but Firebase SDK is either missing or out of date
06-15 10:52:32.025  1760  2517 W ServiceBindIntentUtils: Dynamic lookup for intent failed for action: com.google.android.gms.ads.service.CACHE
06-15 10:52:32.076  1760  2561 W ServiceBindIntentUtils: Dynamic lookup for intent failed for action: com.google.android.gms.ads.service.START
06-15 10:52:32.078  1760  2557 W Ads     : Not retrying to fetch app settings
06-15 10:52:32.092  1760  2557 W Ads     : Not retrying to fetch app settings
06-15 10:52:32.970  1760  1843 I VkSuggestions: decode typedLen=2 candidates=18 locales=2 14,7ms
06-15 10:52:32.972  1760  1843 I VkSuggestions: strip composing typedLen=2 candidates=17 autocorrect=false top=ma locale=fr
06-15 10:52:33.027  1760  1760 E Ads     : JS: Uncaught TypeError: Cannot read properties of null (reading 's') (https://pagead2.googlesyndication.com/omsdk/releases/live/omsdk-v1.js:27)
06-15 10:52:33.204  1760  1843 I VkSuggestions: decode typedLen=3 candidates=18 locales=2 9,9ms
06-15 10:52:33.206  1760  1843 I VkSuggestions: strip composing typedLen=3 candidates=17 autocorrect=false top=mar locale=fr
06-15 10:52:33.306  1760  1760 E Ads     : JS: Refused to get unsafe header "X-Afma-Gcache-IsGcacheHit" (https://www.gstatic.com/mysidia/1481c091d9df379c2904f938e54fba0c.js?tag=addon/rewarded_video:435)
06-15 10:52:33.314  1760  1760 E Ads     : JS: Refused to get unsafe header "X-Afma-Gcache-IsGcacheHit" (https://www.gstatic.com/mysidia/1481c091d9df379c2904f938e54fba0c.js?tag=addon/rewarded_video:435)
06-15 10:52:33.347  1760  2075 W libc    : Access denied finding property "vendor.oplus.media.vpp.stutter"
06-15 10:52:33.349  1760  2075 E MULTIMEDIAConfig: [getInt32:L80] Not find config, Returning default
06-15 10:52:33.349  1760  2075 E MULTIMEDIAConfig: [getInt32:L80] Not find config, Returning default
06-15 10:52:33.349  1760  2075 E OplusACodec: [OplusACodec:204] mSrOsieMMListCheckResult:0x0 mOsieVersion:1
06-15 10:52:33.366  1760  2693 E OplusACodec: [GetVideoCodingTypeFromMime:L1162] mime:video/x-vnd.on2.vp9
06-15 10:52:33.440  1760  2075 W cr_MediaCodecBridge: Releasing: OMX.qcom.video.decoder.vp9
06-15 10:52:33.441  1760  2692 E ExtensionsLoader: freeAllBuffers: 11 buffers were freed while being dequeued!
06-15 10:52:33.442  1760  2075 W cr_MediaCodecBridge: Codec released
06-15 10:52:33.451  1760  1843 I VkSuggestions: decode typedLen=4 candidates=18 locales=2 11,5ms
06-15 10:52:33.452  1760  1843 I VkSuggestions: strip composing typedLen=4 candidates=14 autocorrect=false top=mara locale=fr
06-15 10:52:33.529  1760  1760 I VkAutocorrect: kept (typing): mara
06-15 10:52:33.634  1760  1843 I VkSuggestions: strip prediction typedLen=0 candidates=2 autocorrect=false top=fio locale=fr
06-15 10:52:33.806  1760  1770 W ibekey.keyboar: Cleared Reference was only reachable from finalizer (only reported once)
06-15 10:52:34.477  1760  1843 W VibeKeyProfiler: Slow Native Suggest: Total=8.49ms | Init=0.30ms | TrieExpand(x13)=8.17ms | Scoring=0.02ms | inputSize=2
06-15 10:52:34.482  1760  1843 I VkSuggestions: decode typedLen=2 candidates=18 locales=2 14,6ms
06-15 10:52:34.483  1760  1843 I VkSuggestions: strip composing typedLen=2 candidates=17 autocorrect=false top=co locale=fr
06-15 10:52:34.659  1760  1843 W VibeKeyProfiler: Slow Native Suggest: Total=8.06ms | Init=0.07ms | TrieExpand(x13)=7.94ms | Scoring=0.04ms | inputSize=3
06-15 10:52:34.671  1760  1843 I VkSuggestions: decode typedLen=3 candidates=18 locales=2 20,6ms
06-15 10:52:34.672  1760  1843 W VkSuggestions: slow frame 20,6ms locales=2 typedLen=3 candidates=18 parallelWait=20,4ms
06-15 10:52:34.673  1760  1843 I VkSuggestions: strip composing typedLen=3 candidates=17 autocorrect=false top=com locale=fr
06-15 10:52:34.872  1760  1843 W VibeKeyProfiler: Slow Native Suggest: Total=9.37ms | Init=0.09ms | TrieExpand(x26)=9.25ms | Scoring=0.03ms | inputSize=4
06-15 10:52:34.873  1760  1843 I VkSuggestions: decode typedLen=4 candidates=18 locales=2 20,6ms
06-15 10:52:34.873  1760  1843 W VkSuggestions: slow frame 20,6ms locales=2 typedLen=4 candidates=18 parallelWait=20,3ms
06-15 10:52:34.876  1760  1843 I VkSuggestions: strip composing typedLen=4 candidates=18 autocorrect=false top=como locale=fr
06-15 10:52:35.017  1760  1760 I VkAutocorrect: kept (typing): como
06-15 10:52:35.122  1760  1843 I VkSuggestions: strip prediction typedLen=0 candidates=3 autocorrect=false top=fio locale=pt
06-15 10:52:35.739  1760  1843 I VkSuggestions: decode typedLen=1 candidates=18 locales=2 16,8ms
06-15 10:52:35.740  1760  1843 W VkSuggestions: slow frame 16,8ms locales=2 typedLen=1 candidates=18 parallelWait=16,6ms
06-15 10:52:35.741  1760  1843 I VkAutocorrect: offered: e → e
06-15 10:52:35.741  1760  1843 I VkSuggestions: strip composing typedLen=1 candidates=19 autocorrect=true top=e locale=pt
06-15 10:52:35.905  1760  1843 W VibeKeyProfiler: Slow Native Suggest: Total=8.24ms | Init=0.08ms | TrieExpand(x16)=8.11ms | Scoring=0.05ms | inputSize=2
06-15 10:52:35.914  1760  1843 I VkSuggestions: decode typedLen=2 candidates=18 locales=2 17,2ms
06-15 10:52:35.915  1760  1843 W VkSuggestions: slow frame 17,2ms locales=2 typedLen=2 candidates=18 parallelWait=17,0ms
06-15 10:52:35.916  1760  1843 I VkSuggestions: strip composing typedLen=2 candidates=14 autocorrect=false top=ea locale=pt
06-15 10:52:36.092  1760  1843 I VkSuggestions: decode typedLen=3 candidates=18 locales=2 12,6ms
06-15 10:52:36.094  1760  1843 I VkAutocorrect: offered: eat → eat
06-15 10:52:36.094  1760  1843 I VkSuggestions: strip composing typedLen=3 candidates=18 autocorrect=true top=eat locale=pt
06-15 10:52:36.290  1760  1843 I VkSuggestions: decode typedLen=4 candidates=18 locales=2 7,1ms
06-15 10:52:36.291  1760  1843 I VkAutocorrect: offered: eata → eata
06-15 10:52:36.292  1760  1843 I VkSuggestions: strip composing typedLen=4 candidates=18 autocorrect=true top=eata locale=pt
06-15 10:52:36.297  1760  1760 I VkAutocorrect: committed (typing): eata → está
06-15 10:52:36.401  1760  1843 I VkSuggestions: strip prediction typedLen=0 candidates=3 autocorrect=false top=fio locale=pt
06-15 10:52:36.713  1760  1843 I VkSuggestions: decode typedLen=1 candidates=18 locales=2 12,0ms
06-15 10:52:36.714  1760  1843 I VkSuggestions: strip composing typedLen=1 candidates=19 autocorrect=false top=t locale=pt
06-15 10:52:36.892  1760  1843 I VkSuggestions: decode typedLen=2 candidates=18 locales=2 9,6ms
06-15 10:52:36.893  1760  1843 I VkSuggestions: strip composing typedLen=2 candidates=17 autocorrect=false top=tu locale=pt
06-15 10:52:37.509  1760  2786 E FilePhenotypeFlags: Config package com.google.android.gms.clearcut_client#com.vibekey.keyboard cannot use FILE backing without declarative registration. See go/phenotype-android-integration#phenotype for more information. This will lead to stale flags.
06-15 10:52:37.527  1760  2786 E FilePhenotypeFlags: Config package com.google.android.gms.clearcut_client#com.vibekey.keyboard cannot use FILE backing without declarative registration. See go/phenotype-android-integration#phenotype for more information. This will lead to stale flags.
06-15 10:52:37.527  1760  2786 E FilePhenotypeFlags: Config package com.google.android.gms.clearcut_client#com.vibekey.keyboard cannot use FILE backing without declarative registration. See go/phenotype-android-integration#phenotype for more information. This will lead to stale flags.
06-15 10:52:37.591  1760  1760 I VkAutocorrect: picked: tu
06-15 10:52:37.875  2801  2801 E libcrashpad_handler_trampoline.so: createInstance(64bit) : createExtendedFactory
06-15 10:52:37.877  2801  2801 E libcrashpad_handler_trampoline.so: createInstance(64bit) : createExtendedFactory
06-15 10:52:37.877  2801  2801 E libcrashpad_handler_trampoline.so: Opened libinputextensionsimpl.so
06-15 10:52:37.877  2801  2801 E libcrashpad_handler_trampoline.so: Opened libinputextensionsimpl.so
06-15 10:52:37.879  2801  2801 E libcrashpad_handler_trampoline.so: createInstance(64bit) : createExtendedFactory
06-15 10:52:37.879  2801  2801 E libcrashpad_handler_trampoline.so: createInstance(64bit) : createExtendedFactory
06-15 10:52:37.879  2801  2801 E libcrashpad_handler_trampoline.so: Opened libsensorextimpl.so
06-15 10:52:37.879  2801  2801 E libcrashpad_handler_trampoline.so: Opened libsensorextimpl.so
06-15 10:52:37.937  2801  2801 E chromium: [0615/105237.936630:ERROR:third_party/crashpad/crashpad/util/process/process_memory_range.cc:75] read out of range
06-15 10:52:38.057  1760  1760 W b       : Suggestion generation timed out
06-15 10:52:38.065  1760  1843 F libc    : Fatal signal 7 (SIGBUS), code 2 (BUS_ADRERR), fault addr 0x766660a1b8 in tid 1843 (d), pid 1760 (AndroidUI)
06-15 10:52:38.252  2809  2809 E DEBUG   : failed to read /proc/uptime: Permission denied
06-15 10:52:38.599  1760  1760 W b       : Suggestion generation timed out
06-15 10:52:39.068  1760  1760 W b       : Suggestion generation timed out
06-15 10:52:39.128  2809  2809 F DEBUG   : Process name is com.vibekey.keyboard, not key_process
06-15 10:52:39.128  2809  2809 F DEBUG   : keyProcess: 0
06-15 10:52:39.128  2809  2809 F DEBUG   : *** *** *** *** *** *** *** *** *** *** *** *** *** *** *** ***
06-15 10:52:39.128  2809  2809 F DEBUG   : Build fingerprint: 'OnePlus/OnePlus7Pro/OnePlus7Pro:12/SKQ1.211113.001/P.202303230244:user/release-keys'
06-15 10:52:39.128  2809  2809 F DEBUG   : Revision: '0'
06-15 10:52:39.128  2809  2809 F DEBUG   : ABI: 'arm64'
06-15 10:52:39.128  2809  2809 F DEBUG   : Timestamp: 2026-06-15 10:52:38.252574317-0400
06-15 10:52:39.128  2809  2809 F DEBUG   : Process uptime: 0s
06-15 10:52:39.128  2809  2809 F DEBUG   : Cmdline: com.vibekey.keyboard
06-15 10:52:39.128  2809  2809 F DEBUG   : pid: 1760, tid: 1843, name: d  >>> com.vibekey.keyboard <<<
06-15 10:52:39.128  2809  2809 F DEBUG   : uid: 14095
06-15 10:52:39.128  2809  2809 F DEBUG   : signal 7 (SIGBUS), code 2 (BUS_ADRERR), fault addr 0x766660a1b8
06-15 10:52:39.128  2809  2809 F DEBUG   :     x0  0000000000000000  x1  0000000000000733  x2  0000000000000007  x3  000000768a6d1da0
06-15 10:52:39.128  2809  2809 F DEBUG   :     x4  000000768a6d16a8  x5  000000768a6d16a8  x6  000000768a6d16a8  x7  0000000000000000
06-15 10:52:39.128  2809  2809 F DEBUG   :     x8  00000000000000f0  x9  db746b027190efc7  x10 0000000000004001  x11 0000000000000000
06-15 10:52:39.128  2809  2809 F DEBUG   :     x12 00000000ffffffff  x13 0000000000000000  x14 000000000000001f  x15 00000076665dc39e
06-15 10:52:39.128  2809  2809 F DEBUG   :     x16 000000757caad3a8  x17 00000076790b8f10  x18 000000755de4c000  x19 0000000000000007
06-15 10:52:39.128  2809  2809 F DEBUG   :     x20 000000768a6d1da0  x21 00000000000006e0  x22 000000768a6d1d00  x23 0000000000000001
06-15 10:52:39.128  2809  2809 F DEBUG   :     x24 00000075dbdb0000  x25 00000075dbdadad0  x26 00000075dbdadb04  x27 0000000000000001
06-15 10:52:39.128  2809  2809 F DEBUG   :     x28 0000000000000005  x29 000000768a6d1d20
06-15 10:52:39.128  2809  2809 F DEBUG   :     lr  0000007576cbabc8  sp  000000768a6d1d00  pc  00000076790b8f34  pst 0000000000000000
06-15 10:52:39.128  2809  2809 F DEBUG   : backtrace:
06-15 10:52:39.128  2809  2809 F DEBUG   :       #00 pc 0000000000075f34  /apex/com.android.runtime/lib64/bionic/libc.so (syscall+36) (BuildId: bbbdeb7c87c74f1491f92c6e605095b0)
06-15 10:52:39.128  2809  2809 F DEBUG   :       #01 pc 00000000040a9bc4  /data/app/~~-XGWjzmdoRrM1YaZYK883A==/com.google.android.webview-HvpxCmuUIjPsZ4yTEw8s4w==/base.apk!libwebviewchromium.so (BuildId: f447b77da2d76e8d4d133b66c727c3ae532b54bf)
06-15 10:52:39.128  2809  2809 F DEBUG   :       #02 pc 00000000040a03c4  /data/app/~~-XGWjzmdoRrM1YaZYK883A==/com.google.android.webview-HvpxCmuUIjPsZ4yTEw8s4w==/base.apk!libwebviewchromium.so (BuildId: f447b77da2d76e8d4d133b66c727c3ae532b54bf)
06-15 10:52:39.128  2809  2809 F DEBUG   :       #03 pc 0000000000000638  [vdso] (__kernel_rt_sigreturn+0)
06-15 10:52:39.128  2809  2809 F DEBUG   :       #04 pc 00000000000b62f4  /data/app/~~xLfJT_ghXWqagLVb7ki97g==/com.vibekey.keyboard-lp-G9_N65V4mig4JCa7IPg==/lib/arm64/libjni_latinime.so (latinime::PatriciaTrieReadingUtils::getPtNodeArraySizeAndAdvancePosition(unsigned char const*, int, int*)+44) (BuildId: f905dbd1a904967a994cf833116e517b05caa863)
06-15 10:52:39.128  2809  2809 F DEBUG   :       #05 pc 00000000000b8b34  /data/app/~~xLfJT_ghXWqagLVb7ki97g==/com.vibekey.keyboard-lp-G9_N65V4mig4JCa7IPg==/lib/arm64/libjni_latinime.so (latinime::Ver2PtNodeArrayReader::readPtNodeArrayInfoAndReturnIfValid(int, int*, int*) const+80) (BuildId: f905dbd1a904967a994cf833116e517b05caa863)
06-15 10:52:39.128  2809  2809 F DEBUG   :       #06 pc 00000000000b4ce8  /data/app/~~xLfJT_ghXWqagLVb7ki97g==/com.vibekey.keyboard-lp-G9_N65V4mig4JCa7IPg==/lib/arm64/libjni_latinime.so (latinime::DynamicPtReadingHelper::nextPtNodeArray()+68) (BuildId: f905dbd1a904967a994cf833116e517b05caa863)
06-15 10:52:39.128  2809  2809 F DEBUG   :       #07 pc 00000000000b4c3c  /data/app/~~xLfJT_ghXWqagLVb7ki97g==/com.vibekey.keyboard-lp-G9_N65V4mig4JCa7IPg==/lib/arm64/libjni_latinime.so (latinime::DynamicPtReadingHelper::getTerminalPtNodePositionOfWord(int const*, unsigned long, bool)+432) (BuildId: f905dbd1a904967a994cf833116e517b05caa863)
06-15 10:52:39.128  2809  2809 F DEBUG   :       #08 pc 00000000000b7324  /data/app/~~xLfJT_ghXWqagLVb7ki97g==/com.vibekey.keyboard-lp-G9_N65V4mig4JCa7IPg==/lib/arm64/libjni_latinime.so (latinime::PatriciaTriePolicy::getWordId(latinime::IntArrayView, bool) const+184) (BuildId: f905dbd1a904967a994cf833116e517b05caa863)
06-15 10:52:39.128  2809  2809 F DEBUG   :       #09 pc 00000000000a7d54  /data/app/~~xLfJT_ghXWqagLVb7ki97g==/com.vibekey.keyboard-lp-G9_N65V4mig4JCa7IPg==/lib/arm64/libjni_latinime.so (latinime::NgramContext::getWordId(latinime::DictionaryStructureWithBufferPolicy const*, int const*, int, bool, bool)+232) (BuildId: f905dbd1a904967a994cf833116e517b05caa863)
06-15 10:52:39.128  2809  2809 F DEBUG   :       #10 pc 00000000000c8dac  /data/app/~~xLfJT_ghXWqagLVb7ki97g==/com.vibekey.keyboard-lp-G9_N65V4mig4JCa7IPg==/lib/arm64/libjni_latinime.so (latinime::Dictionary::getPredictions(latinime::NgramContext const*, latinime::SuggestionResults*) const+96) (BuildId: f905dbd1a904967a994cf833116e517b05caa863)
06-15 10:52:39.128  2809  2809 F DEBUG   :       #11 pc 000000000009fd48  /data/app/~~xLfJT_ghXWqagLVb7ki97g==/com.vibekey.keyboard-lp-G9_N65V4mig4JCa7IPg==/lib/arm64/libjni_latinime.so (BuildId: f905dbd1a904967a994cf833116e517b05caa863)
06-15 10:52:39.128  2809  2809 F DEBUG   :       #12 pc 00000000002c2100  /apex/com.android.art/lib64/libart.so (art_quick_generic_jni_trampoline+144) (BuildId: 7087b2f2160bfbf3335d54ba9779e325)
06-15 10:52:39.128  2809  2809 F DEBUG   :       #13 pc 0000000002021a3c  /memfd:jit-cache (deleted)
06-15 10:52:40.384  2826  2826 E ibekey.keyboar: Unknown bits set in runtime_flags: 0x40000000
06-15 10:52:40.523  2826  2826 W i0      : Could not load system glide typing library jni_latinimegoogle: dlopen failed: library "libjni_latinimegoogle.so" not found
06-15 10:52:40.646  2826  2826 W u       : No editor info for this field. Bug?
06-15 10:52:40.655  2826  2826 I VkMultilingual: reset main=pt-BR locales=[pt,fr] count=2
06-15 10:52:40.681  2826  2826 W ibekey.keyboar: ClassLoaderContext classpath size mismatch. expected=1, found=0 (DLC[];PCL[base.apk*116719914]{PCL[/system/framework/org.apache.http.legacy.jar*3034548894]#PCL[/apex/com.android.extservices/javalib/android.ext.adservices.jar*3839736497]#PCL[/system/framework/com.android.location.provider.jar*3633238672]#PCL[/system/framework/com.android.media.remotedisplay.jar*3472798123]#PCL[/apex/com.android.extservices/javalib/android.ext.adservices.jar*3839736497]} | DLC[];PCL[])
06-15 10:52:40.688  2826  2826 W System  : ClassLoader referenced unknown path: 
06-15 10:52:40.692  2826  2826 W ibekey.keyboar: ClassLoaderContext classpath element checksum mismatch. expected=116719914, found=2451400884 (DLC[];PCL[base.apk*116719914]{PCL[/system/framework/org.apache.http.legacy.jar*3034548894]#PCL[/apex/com.android.extservices/javalib/android.ext.adservices.jar*3839736497]#PCL[/system/framework/com.android.location.provider.jar*3633238672]#PCL[/system/framework/com.android.media.remotedisplay.jar*3472798123]#PCL[/apex/com.android.extservices/javalib/android.ext.adservices.jar*3839736497]} | DLC[];PCL[/data/app/~~xLfJT_ghXWqagLVb7ki97g==/com.vibekey.keyboard-lp-G9_N65V4mig4JCa7IPg==/base.apk*2451400884]{PCL[/apex/com.android.extservices/javalib/android.ext.adservices.jar*3839736497]})
06-15 10:52:40.777  2826  2826 E ibekey.keyboar: ofbOpen failed with error=No such file or directory
06-15 10:52:40.777  2826  2826 E ibekey.keyboar: sysOpen failed with error=No such file or directory
06-15 10:52:40.808  2826  2900 W Ads     : Update ad debug logging enablement as false
06-15 10:52:40.815  2826  2826 E MultiApp.Impl: OplusMultiAppImpl
06-15 10:52:40.877  2826  2826 W libc    : Access denied finding property "ro.vendor.api_level"
06-15 10:52:40.880  2826  2826 W chromium: [WARNING:android_webview/browser/network_service/net_helpers.cc:137] HTTP Cache size is: 20971520
06-15 10:52:40.933  2826  2973 W libc    : Access denied finding property "vendor.camera.aux.packagelist"
06-15 10:52:40.933  2826  2973 W libc    : Access denied finding property "vendor.camera.aux.packagelist"
06-15 10:52:40.950  2826  2846 W libc    : Access denied finding property "vendor.camera.aux.packagelist"
06-15 10:52:40.969  2826  2826 I VkSwipe : ○ gesture canceled
06-15 10:52:40.971  2826  2826 E OplusCustomizeRestrictionManager: sInstance is null, start a new sInstance
06-15 10:52:40.987  2826  2826 I VkEffects: reload anim=scale blur=562px glow=true stickers=true
06-15 10:52:41.078  2826  2826 I VkTyping: ▶ open restart=false pkg=com.android.launcher inputType=589825
06-15 10:52:41.219  2826  2946 W cr_media: BLUETOOTH_CONNECT permission is missing.
06-15 10:52:41.220  2826  2946 W cr_media: getBluetoothAdapter() requires BLUETOOTH permission
06-15 10:52:41.220  2826  2946 W cr_media: registerBluetoothIntentsIfNeeded: Requires BLUETOOTH permission
06-15 10:52:41.240  2826  2826 W View    : requestLayout() improperly called by android.widget.LinearLayout{27cf944 V.E...... ......ID 0,1868-1440,2818 #7f0a011c app:id/main_keyboard_frame} during layout: running second layout pass
06-15 10:52:41.354  2826  2955 W AudioCapabilities: Unsupported mime audio/ffmpeg
06-15 10:52:41.355  2826  2955 W VideoCapabilities: Unsupported mime video/ffmpeg
06-15 10:52:41.355  2826  2955 W VideoCapabilities: Unrecognized profile/level 0/3 for video/mpeg2
06-15 10:52:41.355  2826  2955 W VideoCapabilities: Unrecognized profile/level 0/3 for video/mpeg2
06-15 10:52:41.384  2826  2873 W VibeKeyProfiler: Slow Native Suggest: Total=16.10ms | Init=0.03ms | TrieExpand(x15)=16.00ms | Scoring=0.07ms | inputSize=3
06-15 10:52:41.400  2826  2873 I VkSuggestions: decode typedLen=3 candidates=18 locales=2 32,6ms
06-15 10:52:41.405  2826  2873 W VkSuggestions: slow frame 32,6ms locales=2 typedLen=3 candidates=18 parallelWait=32,4ms
06-15 10:52:41.411  2826  3012 W Settings: Setting animator_duration_scale has moved from android.provider.Settings.System to android.provider.Settings.Global, returning read-only global URI.
06-15 10:52:41.421  2826  3012 E GeckoLibLoad: Load sqlite start
06-15 10:52:41.422  2826  3012 E GeckoLibLoad: Load sqlite done
06-15 10:52:41.423  2826  3012 E GeckoLibLoad: Load nss start
06-15 10:52:41.423  2826  3012 E GeckoLibLoad: Load nss done
06-15 10:52:41.426  2826  2873 I VkSuggestions: strip composing typedLen=3 candidates=15 autocorrect=false top=hoy locale=pt
06-15 10:52:41.431  2826  3012 E GeckoLibLoad: Loaded libs in 8.426094ms total, 0ms(29ms) user, 9ms(4ms) system, 0(1) faults
06-15 10:52:41.432  2826  3012 W GeckoThread: zerdatime 1212002296 - runGecko
06-15 10:52:41.510  2826  3012 E ibekey.keyboar: hiddenapi: Accessing hidden field Ljava/lang/Boolean;->value:Z (runtime_flags=0, domain=core-platform, api=max-target-p) from Lorg/mozilla/gecko/GeckoThread; (domain=app, TargetSdkVersion=35) using JNI: denied
06-15 10:52:41.510  2826  3012 E ibekey.keyboar: hiddenapi: Accessing hidden field Ljava/lang/Integer;->value:I (runtime_flags=0, domain=core-platform, api=max-target-p) from Lorg/mozilla/gecko/GeckoThread; (domain=app, TargetSdkVersion=35) using JNI: denied
06-15 10:52:41.510  2826  3012 E ibekey.keyboar: hiddenapi: Accessing hidden field Ljava/lang/Long;->value:J (runtime_flags=0, domain=core-platform, api=max-target-p) from Lorg/mozilla/gecko/GeckoThread; (domain=app, TargetSdkVersion=35) using JNI: denied
06-15 10:52:41.510  2826  3012 E ibekey.keyboar: hiddenapi: Accessing hidden field Ljava/lang/Double;->value:D (runtime_flags=0, domain=core-platform, api=max-target-p) from Lorg/mozilla/gecko/GeckoThread; (domain=app, TargetSdkVersion=35) using JNI: denied
06-15 10:52:41.567  3035  3035 E .keyboard:tab1: Unknown bits set in runtime_flags: 0x40000000
06-15 10:52:41.768   532   622 I OnDeviceAssist: warm ok model=gemma-3-270m-it-qat-Q4_0.gguf ambient=59 chars 0ms
06-15 10:52:41.828  2826  3141 I OnDeviceAssist: ▶ assist_ipc task=topic_tags in=26 chars
06-15 10:52:41.909   532   622 I OnDeviceAssist: dispatch task=topic_tags in=26 chars engine=Ready
06-15 10:52:41.911   532   622 I OnDeviceAssist: ▶ runSync task=topic_tags in=26 chars locale=pt
06-15 10:52:41.912   532   622 I OnDeviceAssist: → llm task=topic_tags model=gemma-3-270m-it-qat-Q4_0.gguf temp=0.22 maxTok=44
06-15 10:52:43.599   532   623 I OnDeviceAssist: warm ok model=gemma-3-270m-it-qat-Q4_0.gguf ambient=59 chars 1243ms
06-15 10:52:43.613   532   622 I OnDeviceAssist: ✓ llm task=topic_tags model=gemma-3-270m-it-qat-Q4_0.gguf 1690ms out=4 chars inLang=es outLang=latin lang=weak
06-15 10:52:43.613   532   622 I OnDeviceAssist: done task=topic_tags model=gemma-3-270m-it-qat-Q4_0.gguf 1780ms out=4 chars
06-15 10:52:43.623  2826  2848 I OnDeviceAssist: ✓ assist (ime) task=topic_tags model=gemma-3-270m-it-qat-Q4_0.gguf 1789ms in=26 out=4 inLang=es outLang=latin lang=weak
06-15 10:52:46.168  2826  2826 I VkAutocorrect: kept (typing): hoy
06-15 10:52:46.282  2826  2873 I VkSuggestions: strip prediction typedLen=0 candidates=1 autocorrect=false top=hoy locale=pt
06-15 10:52:50.647  3222  3222 E ibekey.keyboar: Unknown bits set in runtime_flags: 0x40000000
06-15 10:52:50.774  3222  3222 W i0      : Could not load system glide typing library jni_latinimegoogle: dlopen failed: library "libjni_latinimegoogle.so" not found
06-15 10:52:50.824  3305  3305 E oard:llm_engin: Unknown bits set in runtime_flags: 0x40000000
06-15 10:52:50.880  3222  3222 W u       : No editor info for this field. Bug?
06-15 10:52:50.892  3222  3222 I VkMultilingual: reset main=pt-BR locales=[pt,fr] count=2
06-15 10:52:50.970  3222  3222 W ibekey.keyboar: ClassLoaderContext classpath size mismatch. expected=1, found=0 (DLC[];PCL[base.apk*116719914]{PCL[/system/framework/org.apache.http.legacy.jar*3034548894]#PCL[/apex/com.android.extservices/javalib/android.ext.adservices.jar*3839736497]#PCL[/system/framework/com.android.location.provider.jar*3633238672]#PCL[/system/framework/com.android.media.remotedisplay.jar*3472798123]#PCL[/apex/com.android.extservices/javalib/android.ext.adservices.jar*3839736497]} | DLC[];PCL[])
06-15 10:52:50.992  3222  3222 W System  : ClassLoader referenced unknown path: 
