06-02 15:51:07.889 17430 17430 W View    : requestLayout() improperly called by helium314.keyboard.latin.panels.BrowserPanelView{26a5979 V.E...... ........ 0,0-1440,2040} during second layout pass: posting in next frame
06-02 15:51:07.897 17430 17430 W View    : requestLayout() improperly called by helium314.keyboard.latin.panels.BrowserPanelView{26a5979 V.E...... ......I. 0,0-1440,2040} during layout: running second layout pass
06-02 15:51:07.903 17430 17430 W View    : requestLayout() improperly called by helium314.keyboard.latin.panels.BrowserPanelView{26a5979 V.E...... ........ 0,0-1440,2040} during second layout pass: posting in next frame
06-02 15:51:07.914 17430 17430 W View    : requestLayout() improperly called by helium314.keyboard.latin.panels.BrowserPanelView{26a5979 V.E...... ......I. 0,0-1440,2040} during layout: running second layout pass
06-02 15:51:07.919 17430 17430 W View    : requestLayout() improperly called by helium314.keyboard.latin.panels.BrowserPanelView{26a5979 V.E...... ........ 0,0-1440,2040} during second layout pass: posting in next frame
06-02 15:51:07.931 17430 17430 W View    : requestLayout() improperly called by helium314.keyboard.latin.panels.BrowserPanelView{26a5979 V.E...... ......I. 0,0-1440,2040} during layout: running second layout pass
06-02 15:51:07.937 17430 17430 W View    : requestLayout() improperly called by helium314.keyboard.latin.panels.BrowserPanelView{26a5979 V.E...... ........ 0,0-1440,2040} during second layout pass: posting in next frame
06-02 15:51:07.950 17430 17430 W View    : requestLayout() improperly called by helium314.keyboard.latin.panels.BrowserPanelView{26a5979 V.E...... ......I. 0,0-1440,2040} during layout: running second layout pass
06-02 15:51:07.954 17430 17430 W View    : requestLayout() improperly called by helium314.keyboard.latin.panels.BrowserPanelView{26a5979 V.E...... ........ 0,0-1440,2040} during second layout pass: posting in next frame
06-02 15:51:07.958  7375 18660 E OplusACodec: [GetVideoCodingTypeFromMime:L1162] mime:video/avc
06-02 15:51:07.964 17430 17430 W View    : requestLayout() improperly called by helium314.keyboard.latin.panels.BrowserPanelView{26a5979 V.E...... ......I. 0,0-1440,2040} during layout: running second layout pass
06-02 15:51:07.967 17430 17430 W View    : requestLayout() improperly called by helium314.keyboard.latin.panels.BrowserPanelView{26a5979 V.E...... ........ 0,0-1440,2040} during second layout pass: posting in next frame
06-02 15:51:07.982 17430 17430 W View    : requestLayout() improperly called by helium314.keyboard.latin.panels.BrowserPanelView{26a5979 V.E...... ......I. 0,0-1440,2040} during layout: running second layout pass
06-02 15:51:07.994 17430 17430 W View    : requestLayout() improperly called by helium314.keyboard.latin.panels.BrowserPanelView{26a5979 V.E...... ........ 0,0-1440,2040} during second layout pass: posting in next frame
06-02 15:51:07.999 17430 17430 W View    : requestLayout() improperly called by helium314.keyboard.latin.panels.BrowserPanelView{26a5979 V.E...... ......I. 0,0-1440,2040} during layout: running second layout pass
06-02 15:51:08.004 17430 17430 W View    : requestLayout() improperly called by helium314.keyboard.latin.panels.BrowserPanelView{26a5979 V.E...... ........ 0,0-1440,2040} during second layout pass: posting in next frame
06-02 15:51:08.016 17430 17430 W View    : requestLayout() improperly called by helium314.keyboard.latin.panels.BrowserPanelView{26a5979 V.E...... ......I. 0,0-1440,2040} during layout: running second layout pass
06-02 15:51:08.020 17430 17430 W View    : requestLayout() improperly called by helium314.keyboard.latin.panels.BrowserPanelView{26a5979 V.E...... ........ 0,0-1440,2040} during second layout pass: posting in next frame
06-02 15:51:08.033 17430 17430 W View    : requestLayout() improperly called by helium314.keyboard.latin.panels.BrowserPanelView{26a5979 V.E...... ......I. 0,0-1440,2040} during layout: running second layout pass
06-02 15:51:08.041 17430 17430 W View    : requestLayout() improperly called by helium314.keyboard.latin.panels.BrowserPanelView{26a5979 V.E...... ........ 0,0-1440,2040} during second layout pass: posting in next frame
06-02 15:51:08.049 17430 17430 W View    : requestLayout() improperly called by helium314.keyboard.latin.panels.BrowserPanelView{26a5979 V.E...... ......I. 0,0-1440,2040} during layout: running second layout pass
06-02 15:51:08.054 17430 17430 W View    : requestLayout() improperly called by helium314.keyboard.latin.panels.BrowserPanelView{26a5979 V.E...... ........ 0,0-1440,2040} during second layout pass: posting in next frame
06-02 15:51:08.064 17430 17430 W View    : requestLayout() improperly called by helium314.keyboard.latin.panels.BrowserPanelView{26a5979 V.E...... ......I. 0,0-1440,2040} during layout: running second layout pass
06-02 15:51:08.067 17430 17430 W View    : requestLayout() improperly called by helium314.keyboard.latin.panels.BrowserPanelView{26a5979 V.E...... ........ 0,0-1440,2040} during second layout pass: posting in next frame
06-02 15:51:08.081 17430 17430 W View    : requestLayout() improperly called by helium314.keyboard.latin.panels.BrowserPanelView{26a5979 V.E...... ......I. 0,0-1440,2040} during layout: running second layout pass
06-02 15:51:08.085 17430 17430 W View    : requestLayout() improperly called by helium314.keyboard.latin.panels.BrowserPanelView{26a5979 V.E...... ........ 0,0-1440,2040} during second layout pass: posting in next frame
06-02 15:51:08.098 17430 17430 W View    : requestLayout() improperly called by helium314.keyboard.latin.panels.BrowserPanelView{26a5979 V.E...... ......I. 0,0-1440,2040} during layout: running second layout pass
06-02 15:51:08.103 17430 17430 W View    : requestLayout() improperly called by helium314.keyboard.latin.panels.BrowserPanelView{26a5979 V.E...... ........ 0,0-1440,2040} during second layout pass: posting in next frame
06-02 15:51:08.117 17430 17430 W View    : requestLayout() improperly called by helium314.keyboard.latin.panels.BrowserPanelView{26a5979 V.E...... ......I. 0,0-1440,2040} during layout: running second layout pass
06-02 15:51:08.121 17430 17430 W View    : requestLayout() improperly called by helium314.keyboard.latin.panels.BrowserPanelView{26a5979 V.E...... ........ 0,0-1440,2040} during second layout pass: posting in next frame
06-02 15:51:08.133 17430 17430 W View    : requestLayout() improperly called by helium314.keyboard.latin.panels.BrowserPanelView{26a5979 V.E...... ......I. 0,0-1440,2040} during layout: running second layout pass
06-02 15:51:08.145 17430 17430 W View    : requestLayout() improperly called by helium314.keyboard.latin.panels.BrowserPanelView{26a5979 V.E...... ........ 0,0-1440,2040} during second layout pass: posting in next frame
06-02 15:51:08.151 17430 17430 W View    : requestLayout() improperly called by helium314.keyboard.latin.panels.BrowserPanelView{26a5979 V.E...... ......I. 0,0-1440,2040} during layout: running second layout pass
06-02 15:51:08.167 17430 17430 W View    : requestLayout() improperly called by helium314.keyboard.latin.panels.BrowserPanelView{26a5979 V.E...... ........ 0,0-1440,2040} during second layout pass: posting in next frame
06-02 15:51:08.169 17430 17430 W View    : requestLayout() improperly called by helium314.keyboard.latin.panels.BrowserPanelView{26a5979 V.E...... ......I. 0,0-1440,2040} during layout: running second layout pass
06-02 15:51:08.177 17430 17430 W View    : requestLayout() improperly called by helium314.keyboard.latin.panels.BrowserPanelView{26a5979 V.E...... ........ 0,0-1440,2040} during second layout pass: posting in next frame
06-02 15:51:08.183 17430 17430 W View    : requestLayout() improperly called by helium314.keyboard.latin.panels.BrowserPanelView{26a5979 V.E...... ......I. 0,0-1440,2040} during layout: running second layout pass
06-02 15:51:08.193 17430 17430 W View    : requestLayout() improperly called by helium314.keyboard.latin.panels.BrowserPanelView{26a5979 V.E...... ........ 0,0-1440,2040} during second layout pass: posting in next frame
06-02 15:51:08.206 17430 17430 W View    : requestLayout() improperly called by helium314.keyboard.latin.panels.BrowserPanelView{26a5979 V.E...... ......I. 0,0-1440,2040} during layout: running second layout pass
06-02 15:51:08.218 17430 17430 W View    : requestLayout() improperly called by helium314.keyboard.latin.panels.BrowserPanelView{26a5979 V.E...... ........ 0,0-1440,2040} during second layout pass: posting in next frame
06-02 15:51:08.219 17430 17430 W View    : requestLayout() improperly called by helium314.keyboard.latin.panels.BrowserPanelView{26a5979 V.E...... ......I. 0,0-1440,2040} during layout: running second layout pass
06-02 15:51:08.223 17430 17430 W View    : requestLayout() improperly called by helium314.keyboard.latin.panels.BrowserPanelView{26a5979 V.E...... ........ 0,0-1440,2040} during second layout pass: posting in next frame
06-02 15:51:08.232 17430 17430 W View    : requestLayout() improperly called by helium314.keyboard.latin.panels.BrowserPanelView{26a5979 V.E...... ......I. 0,0-1440,2040} during layout: running second layout pass
06-02 15:51:08.240 17430 17430 W View    : requestLayout() improperly called by helium314.keyboard.latin.panels.BrowserPanelView{26a5979 V.E...... ........ 0,0-1440,2040} during second layout pass: posting in next frame
06-02 15:51:08.248 17430 17430 W View    : requestLayout() improperly called by helium314.keyboard.latin.panels.BrowserPanelView{26a5979 V.E...... ......I. 0,0-1440,2040} during layout: running second layout pass
06-02 15:51:08.250  7375  7389 W libc    : Access denied finding property "vendor.oplus.media.vpp.stutter"
06-02 15:51:08.250  7375  7389 E MULTIMEDIAConfig: [getInt32:L80] Not find config, Returning default
06-02 15:51:08.250  7375  7389 E MULTIMEDIAConfig: [getInt32:L80] Not find config, Returning default
06-02 15:51:08.250  7375  7389 E OplusACodec: [OplusACodec:204] mSrOsieMMListCheckResult:0x0 mOsieVersion:1
06-02 15:51:08.256 17430 17430 W View    : requestLayout() improperly called by helium314.keyboard.latin.panels.BrowserPanelView{26a5979 V.E...... ........ 0,0-1440,2040} during second layout pass: posting in next frame
06-02 15:51:08.267 17430 17430 W View    : requestLayout() improperly called by helium314.keyboard.latin.panels.BrowserPanelView{26a5979 V.E...... ......I. 0,0-1440,2040} during layout: running second layout pass
06-02 15:51:08.271 17430 17430 W View    : requestLayout() improperly called by helium314.keyboard.latin.panels.BrowserPanelView{26a5979 V.E...... ........ 0,0-1440,2040} during second layout pass: posting in next frame
06-02 15:51:08.283 17430 17430 W View    : requestLayout() improperly called by helium314.keyboard.latin.panels.BrowserPanelView{26a5979 V.E...... ......I. 0,0-1440,2040} during layout: running second layout pass
06-02 15:51:08.289 17430 17430 W View    : requestLayout() improperly called by helium314.keyboard.latin.panels.BrowserPanelView{26a5979 V.E...... ........ 0,0-1440,2040} during second layout pass: posting in next frame
06-02 15:51:08.299 17430 17430 W View    : requestLayout() improperly called by helium314.keyboard.latin.panels.BrowserPanelView{26a5979 V.E...... ......I. 0,0-1440,2040} during layout: running second layout pass
06-02 15:51:08.302 17430 17430 W View    : requestLayout() improperly called by helium314.keyboard.latin.panels.BrowserPanelView{26a5979 V.E...... ........ 0,0-1440,2040} during second layout pass: posting in next frame
06-02 15:51:08.303  7375 18673 E OplusACodec: [GetVideoCodingTypeFromMime:L1162] mime:video/avc
06-02 15:51:08.316 17430 17430 W View    : requestLayout() improperly called by helium314.keyboard.latin.panels.BrowserPanelView{26a5979 V.E...... ......I. 0,0-1440,2040} during layout: running second layout pass
06-02 15:51:08.323 17430 17430 W View    : requestLayout() improperly called by helium314.keyboard.latin.panels.BrowserPanelView{26a5979 V.E...... ........ 0,0-1440,2040} during second layout pass: posting in next frame
06-02 15:51:08.331 17430 17430 W View    : requestLayout() improperly called by helium314.keyboard.latin.panels.BrowserPanelView{26a5979 V.E...... ......I. 0,0-1440,2040} during layout: running second layout pass
06-02 15:51:08.336 17430 17430 W View    : requestLayout() improperly called by helium314.keyboard.latin.panels.BrowserPanelView{26a5979 V.E...... ........ 0,0-1440,2040} during second layout pass: posting in next frame
06-02 15:51:08.348 17430 17430 W View    : requestLayout() improperly called by helium314.keyboard.latin.panels.BrowserPanelView{26a5979 V.E...... ......I. 0,0-1440,2040} during layout: running second layout pass
06-02 15:51:08.352 17430 17430 W View    : requestLayout() improperly called by helium314.keyboard.latin.panels.BrowserPanelView{26a5979 V.E...... ........ 0,0-1440,2040} during second layout pass: posting in next frame
06-02 15:51:08.372 17430 17430 W View    : requestLayout() improperly called by helium314.keyboard.latin.panels.BrowserPanelView{26a5979 V.E...... ......I. 0,0-1440,2040} during layout: running second layout pass
06-02 15:51:08.376 17430 17430 W View    : requestLayout() improperly called by helium314.keyboard.latin.panels.BrowserPanelView{26a5979 V.E...... ........ 0,0-1440,2040} during second layout pass: posting in next frame
06-02 15:51:08.382 17430 17430 W View    : requestLayout() improperly called by helium314.keyboard.latin.panels.BrowserPanelView{26a5979 V.E...... ......I. 0,0-1440,2040} during layout: running second layout pass
06-02 15:51:08.386 17430 17430 W View    : requestLayout() improperly called by helium314.keyboard.latin.panels.BrowserPanelView{26a5979 V.E...... ........ 0,0-1440,2040} during second layout pass: posting in next frame
06-02 15:51:08.398 17430 17430 W View    : requestLayout() improperly called by helium314.keyboard.latin.panels.BrowserPanelView{26a5979 V.E...... ......I. 0,0-1440,2040} during layout: running second layout pass
06-02 15:51:08.405 17430 17430 W View    : requestLayout() improperly called by helium314.keyboard.latin.panels.BrowserPanelView{26a5979 V.E...... ........ 0,0-1440,2040} during second layout pass: posting in next frame
06-02 15:51:08.419 17430 17430 W View    : requestLayout() improperly called by helium314.keyboard.latin.panels.BrowserPanelView{26a5979 V.E...... ......I. 0,0-1440,2040} during layout: running second layout pass
06-02 15:51:08.423 17430 17430 W View    : requestLayout() improperly called by helium314.keyboard.latin.panels.BrowserPanelView{26a5979 V.E...... ........ 0,0-1440,2040} during second layout pass: posting in next frame
06-02 15:51:08.437 17430 17430 W View    : requestLayout() improperly called by helium314.keyboard.latin.panels.BrowserPanelView{26a5979 V.E...... ......I. 0,0-1440,2040} during layout: running second layout pass
06-02 15:51:08.441 17430 17430 W View    : requestLayout() improperly called by helium314.keyboard.latin.panels.BrowserPanelView{26a5979 V.E...... ........ 0,0-1440,2040} during second layout pass: posting in next frame
06-02 15:51:08.447 17430 17430 W View    : requestLayout() improperly called by helium314.keyboard.latin.panels.BrowserPanelView{26a5979 V.E...... ......I. 0,0-1440,2040} during layout: running second layout pass
06-02 15:51:08.455 17430 17430 W View    : requestLayout() improperly called by helium314.keyboard.latin.panels.BrowserPanelView{26a5979 V.E...... ........ 0,0-1440,2040} during second layout pass: posting in next frame
06-02 15:51:08.465 17430 17430 W View    : requestLayout() improperly called by helium314.keyboard.latin.panels.BrowserPanelView{26a5979 V.E...... ......I. 0,0-1440,2040} during layout: running second layout pass
06-02 15:51:08.471 17430 17430 W View    : requestLayout() improperly called by helium314.keyboard.latin.panels.BrowserPanelView{26a5979 V.E...... ........ 0,0-1440,2040} during second layout pass: posting in next frame
06-02 15:51:08.482 17430 17430 W View    : requestLayout() improperly called by helium314.keyboard.latin.panels.BrowserPanelView{26a5979 V.E...... ......I. 0,0-1440,2040} during layout: running second layout pass
06-02 15:51:08.485 17430 17430 W View    : requestLayout() improperly called by helium314.keyboard.latin.panels.BrowserPanelView{26a5979 V.E...... ........ 0,0-1440,2040} during second layout pass: posting in next frame
06-02 15:51:08.498 17430 17430 W View    : requestLayout() improperly called by helium314.keyboard.latin.panels.BrowserPanelView{26a5979 V.E...... ......I. 0,0-1440,2040} during layout: running second layout pass
06-02 15:51:08.502 17430 17430 W View    : requestLayout() improperly called by helium314.keyboard.latin.panels.BrowserPanelView{26a5979 V.E...... ........ 0,0-1440,2040} during second layout pass: posting in next frame
06-02 15:51:08.517 17430 17430 W View    : requestLayout() improperly called by helium314.keyboard.latin.panels.BrowserPanelView{26a5979 V.E...... ......I. 0,0-1440,2040} during layout: running second layout pass
06-02 15:51:08.522 17430 17430 W View    : requestLayout() improperly called by helium314.keyboard.latin.panels.BrowserPanelView{26a5979 V.E...... ........ 0,0-1440,2040} during second layout pass: posting in next frame
06-02 15:51:08.531 17430 17430 W View    : requestLayout() improperly called by helium314.keyboard.latin.panels.BrowserPanelView{26a5979 V.E...... ......I. 0,0-1440,2040} during layout: running second layout pass
06-02 15:51:08.535 17430 17430 W View    : requestLayout() improperly called by helium314.keyboard.latin.panels.BrowserPanelView{26a5979 V.E...... ........ 0,0-1440,2040} during second layout pass: posting in next frame
06-02 15:51:08.545  7375  7392 W libc    : Access denied finding property "vendor.oplus.media.vpp.stutter"
06-02 15:51:08.546  7375  7392 E MULTIMEDIAConfig: [getInt32:L80] Not find config, Returning default
06-02 15:51:08.546  7375  7392 E MULTIMEDIAConfig: [getInt32:L80] Not find config, Returning default
06-02 15:51:08.546  7375  7392 E OplusACodec: [OplusACodec:204] mSrOsieMMListCheckResult:0x0 mOsieVersion:1
06-02 15:51:08.548 17430 17430 W View    : requestLayout() improperly called by helium314.keyboard.latin.panels.BrowserPanelView{26a5979 V.E...... ......I. 0,0-1440,2040} during layout: running second layout pass
06-02 15:51:08.555 17430 17430 W View    : requestLayout() improperly called by helium314.keyboard.latin.panels.BrowserPanelView{26a5979 V.E...... ......ID 0,0-1440,2040} during second layout pass: posting in next frame
06-02 15:51:08.572 17430 17445 E BLASTBufferQueue: BLASTBufferItemConsumer::onDisconnect()
06-02 15:51:08.574 17430 17430 W View    : requestLayout() improperly called by helium314.keyboard.latin.panels.BrowserPanelView{26a5979 V.E...... ......ID 0,0-1440,2040} during layout: running second layout pass
06-02 15:51:08.578 17430 17430 W View    : requestLayout() improperly called by helium314.keyboard.latin.panels.BrowserPanelView{26a5979 V.E...... ........ 0,0-1440,2040} during second layout pass: posting in next frame
06-02 15:51:08.583 17430 17430 W View    : requestLayout() improperly called by helium314.keyboard.latin.panels.BrowserPanelView{26a5979 V.E...... ......I. 0,0-1440,2040} during layout: running second layout pass
06-02 15:51:08.586 17430 17430 W View    : requestLayout() improperly called by helium314.keyboard.latin.panels.BrowserPanelView{26a5979 V.E...... ........ 0,0-1440,2040} during second layout pass: posting in next frame
06-02 15:51:08.590  7375 18680 E OplusACodec: [GetVideoCodingTypeFromMime:L1162] mime:video/avc
06-02 15:51:08.598 17430 17430 W View    : requestLayout() improperly called by helium314.keyboard.latin.panels.BrowserPanelView{26a5979 V.E...... ......I. 0,0-1440,2040} during layout: running second layout pass
06-02 15:51:08.601 17430 17430 W View    : requestLayout() improperly called by helium314.keyboard.latin.panels.BrowserPanelView{26a5979 V.E...... ........ 0,0-1440,2040} during second layout pass: posting in next frame
06-02 15:51:08.611  7375 18641 W libc    : Access denied finding property "vendor.oplus.media.vpp.stutter"
06-02 15:51:08.623 17430 17430 W View    : requestLayout() improperly called by helium314.keyboard.latin.panels.BrowserPanelView{26a5979 V.E...... ......I. 0,0-1440,2040} during layout: running second layout pass
06-02 15:51:08.627 17430 17430 W View    : requestLayout() improperly called by helium314.keyboard.latin.panels.BrowserPanelView{26a5979 V.E...... ........ 0,0-1440,2040} during second layout pass: posting in next frame
06-02 15:51:08.632 17430 17430 W View    : requestLayout() improperly called by helium314.keyboard.latin.panels.BrowserPanelView{26a5979 V.E...... ......I. 0,0-1440,2040} during layout: running second layout pass
06-02 15:51:08.637 17430 17430 W View    : requestLayout() improperly called by helium314.keyboard.latin.panels.BrowserPanelView{26a5979 V.E...... ........ 0,0-1440,2040} during second layout pass: posting in next frame
06-02 15:51:08.647 17430 17430 W View    : requestLayout() improperly called by helium314.keyboard.latin.panels.BrowserPanelView{26a5979 V.E...... ......I. 0,0-1440,2040} during layout: running second layout pass
06-02 15:51:08.651 17430 17430 W View    : requestLayout() improperly called by helium314.keyboard.latin.panels.BrowserPanelView{26a5979 V.E...... ........ 0,0-1440,2040} during second layout pass: posting in next frame
06-02 15:51:08.664 17430 17430 W View    : requestLayout() improperly called by helium314.keyboard.latin.panels.BrowserPanelView{26a5979 V.E...... ......I. 0,0-1440,2040} during layout: running second layout pass
06-02 15:51:08.671 17430 17430 W View    : requestLayout() improperly called by helium314.keyboard.latin.panels.BrowserPanelView{26a5979 V.E...... ........ 0,0-1440,2040} during second layout pass: posting in next frame
06-02 15:51:08.683 17430 17430 W View    : requestLayout() improperly called by helium314.keyboard.latin.panels.BrowserPanelView{26a5979 V.E...... ......I. 0,0-1440,2040} during layout: running second layout pass
06-02 15:51:08.692 17430 17430 W View    : requestLayout() improperly called by helium314.keyboard.latin.panels.BrowserPanelView{26a5979 V.E...... ........ 0,0-1440,2040} during second layout pass: posting in next frame
06-02 15:51:08.710 17430 17430 W View    : requestLayout() improperly called by helium314.keyboard.latin.panels.BrowserPanelView{26a5979 V.E...... ......I. 0,0-1440,2040} during layout: running second layout pass
06-02 15:51:08.714 17430 17430 W View    : requestLayout() improperly called by helium314.keyboard.latin.panels.BrowserPanelView{26a5979 V.E...... ........ 0,0-1440,2040} during second layout pass: posting in next frame
06-02 15:51:08.716 17430 17430 W View    : requestLayout() improperly called by helium314.keyboard.latin.panels.BrowserPanelView{26a5979 V.E...... ......I. 0,0-1440,2040} during layout: running second layout pass
06-02 15:51:08.734 17430 17430 W View    : requestLayout() improperly called by helium314.keyboard.latin.panels.BrowserPanelView{26a5979 V.E...... ........ 0,0-1440,2040} during second layout pass: posting in next frame
06-02 15:51:08.736 17430 17430 W View    : requestLayout() improperly called by helium314.keyboard.latin.panels.BrowserPanelView{26a5979 V.E...... ......I. 0,0-1440,2040} during layout: running second layout pass
06-02 15:51:08.741 17430 17430 W View    : requestLayout() improperly called by helium314.keyboard.latin.panels.BrowserPanelView{26a5979 V.E...... ........ 0,0-1440,2040} during second layout pass: posting in next frame
06-02 15:51:08.749 17430 17430 W View    : requestLayout() improperly called by helium314.keyboard.latin.panels.BrowserPanelView{26a5979 V.E...... ......I. 0,0-1440,2040} during layout: running second layout pass
06-02 15:51:08.760 17430 17430 W View    : requestLayout() improperly called by helium314.keyboard.latin.panels.BrowserPanelView{26a5979 V.E...... ........ 0,0-1440,2040} during second layout pass: posting in next frame
06-02 15:51:08.764 17430 17430 W View    : requestLayout() improperly called by helium314.keyboard.latin.panels.BrowserPanelView{26a5979 V.E...... ......I. 0,0-1440,2040} during layout: running second layout pass
06-02 15:51:08.772 17430 17430 W View    : requestLayout() improperly called by helium314.keyboard.latin.panels.BrowserPanelView{26a5979 V.E...... ........ 0,0-1440,2040} during second layout pass: posting in next frame
06-02 15:51:08.782 17430 17430 W View    : requestLayout() improperly called by helium314.keyboard.latin.panels.BrowserPanelView{26a5979 V.E...... ......I. 0,0-1440,2040} during layout: running second layout pass
06-02 15:51:08.786 17430 18013 W Ads     : Not retrying to fetch app settings
06-02 15:51:08.786 17430 18025 W ServiceBindIntentUtils: Dynamic lookup for intent failed for action: com.google.android.gms.ads.service.START
06-02 15:51:08.790 17430 18007 W Ads     : Not retrying to fetch app settings
06-02 15:51:08.795 17430 17430 W View    : requestLayout() improperly called by helium314.keyboard.latin.panels.BrowserPanelView{26a5979 V.E...... ........ 0,0-1440,2040} during second layout pass: posting in next frame
06-02 15:51:08.799 17430 17430 W View    : requestLayout() improperly called by helium314.keyboard.latin.panels.BrowserPanelView{26a5979 V.E...... ......I. 0,0-1440,2040} during layout: running second layout pass
06-02 15:51:08.810 17430 17430 W View    : requestLayout() improperly called by helium314.keyboard.latin.panels.BrowserPanelView{26a5979 V.E...... ........ 0,0-1440,2040} during second layout pass: posting in next frame
06-02 15:51:08.816 17430 17430 W View    : requestLayout() improperly called by helium314.keyboard.latin.panels.BrowserPanelView{26a5979 V.E...... ......I. 0,0-1440,2040} during layout: running second layout pass
06-02 15:51:08.825  7375  7384 W .keyboard:medi: Suspending all threads took: 8.201ms
06-02 15:51:08.828 17430 17430 W View    : requestLayout() improperly called by helium314.keyboard.latin.panels.BrowserPanelView{26a5979 V.E...... ........ 0,0-1440,2040} during second layout pass: posting in next frame
06-02 15:51:08.831 17430 17430 W View    : requestLayout() improperly called by helium314.keyboard.latin.panels.BrowserPanelView{26a5979 V.E...... ......I. 0,0-1440,2040} during layout: running second layout pass
06-02 15:51:08.836 17430 18016 W Ads     : Not retrying to fetch app settings
06-02 15:51:08.838 17430 17430 W View    : requestLayout() improperly called by helium314.keyboard.latin.panels.BrowserPanelView{26a5979 V.E...... ........ 0,0-1440,2040} during second layout pass: posting in next frame
06-02 15:51:08.850 17430 17430 W View    : requestLayout() improperly called by helium314.keyboard.latin.panels.BrowserPanelView{26a5979 V.E...... ......I. 0,0-1440,2040} during layout: running second layout pass
06-02 15:51:08.854 17430 17430 W View    : requestLayout() improperly called by helium314.keyboard.latin.panels.BrowserPanelView{26a5979 V.E...... ........ 0,0-1440,2040} during second layout pass: posting in next frame
06-02 15:51:08.859  7375 18650 W libc    : Access denied finding property "vendor.oplus.media.vpp.stutter"
06-02 15:51:08.870 17430 17430 W View    : requestLayout() improperly called by helium314.keyboard.latin.panels.BrowserPanelView{26a5979 V.E...... ......I. 0,0-1440,2040} during layout: running second layout pass
06-02 15:51:08.873 17430 17430 W View    : requestLayout() improperly called by helium314.keyboard.latin.panels.BrowserPanelView{26a5979 V.E...... ........ 0,0-1440,2040} during second layout pass: posting in next frame
06-02 15:51:08.882 17430 17430 W View    : requestLayout() improperly called by helium314.keyboard.latin.panels.BrowserPanelView{26a5979 V.E...... ......I. 0,0-1440,2040} during layout: running second layout pass
06-02 15:51:08.889 17430 17430 W View    : requestLayout() improperly called by helium314.keyboard.latin.panels.BrowserPanelView{26a5979 V.E...... ........ 0,0-1440,2040} during second layout pass: posting in next frame
06-02 15:51:08.905 17430 17430 W View    : requestLayout() improperly called by helium314.keyboard.latin.panels.BrowserPanelView{26a5979 V.E...... ......I. 0,0-1440,2040} during layout: running second layout pass
06-02 15:51:08.910 17430 17430 W View    : requestLayout() improperly called by helium314.keyboard.latin.panels.BrowserPanelView{26a5979 V.E...... ........ 0,0-1440,2040} during second layout pass: posting in next frame
06-02 15:51:08.916 17430 17430 W View    : requestLayout() improperly called by helium314.keyboard.latin.panels.BrowserPanelView{26a5979 V.E...... ......I. 0,0-1440,2040} during layout: running second layout pass
06-02 15:51:08.935 17430 17430 W View    : requestLayout() improperly called by helium314.keyboard.latin.panels.BrowserPanelView{26a5979 V.E...... ........ 0,0-1440,2040} during second layout pass: posting in next frame
06-02 15:51:08.936 17430 17430 W View    : requestLayout() improperly called by helium314.keyboard.latin.panels.BrowserPanelView{26a5979 V.E...... ......I. 0,0-1440,2040} during layout: running second layout pass
06-02 15:51:08.949 17430 17430 W View    : requestLayout() improperly called by helium314.keyboard.latin.panels.BrowserPanelView{26a5979 V.E...... ........ 0,0-1440,2040} during second layout pass: posting in next frame
06-02 15:51:08.952 17430 17430 W View    : requestLayout() improperly called by helium314.keyboard.latin.panels.BrowserPanelView{26a5979 V.E...... ......I. 0,0-1440,2040} during layout: running second layout pass
06-02 15:51:08.964 17430 17430 W View    : requestLayout() improperly called by helium314.keyboard.latin.panels.BrowserPanelView{26a5979 V.E...... ........ 0,0-1440,2040} during second layout pass: posting in next frame
06-02 15:51:08.966 17430 17430 W View    : requestLayout() improperly called by helium314.keyboard.latin.panels.BrowserPanelView{26a5979 V.E...... ......I. 0,0-1440,2040} during layout: running second layout pass
06-02 15:51:08.984 17430 17430 W View    : requestLayout() improperly called by helium314.keyboard.latin.panels.BrowserPanelView{26a5979 V.E...... ........ 0,0-1440,2040} during second layout pass: posting in next frame
06-02 15:51:08.986 17430 17430 W View    : requestLayout() improperly called by helium314.keyboard.latin.panels.BrowserPanelView{26a5979 V.E...... ......I. 0,0-1440,2040} during layout: running second layout pass
06-02 15:51:08.993 17430 17430 W View    : requestLayout() improperly called by helium314.keyboard.latin.panels.BrowserPanelView{26a5979 V.E...... ........ 0,0-1440,2040} during second layout pass: posting in next frame
06-02 15:51:09.005 17430 17430 W View    : requestLayout() improperly called by helium314.keyboard.latin.panels.BrowserPanelView{26a5979 V.E...... ......I. 0,0-1440,2040} during layout: running second layout pass
06-02 15:51:09.010 17430 17430 W View    : requestLayout() improperly called by helium314.keyboard.latin.panels.BrowserPanelView{26a5979 V.E...... ........ 0,0-1440,2040} during second layout pass: posting in next frame
06-02 15:51:09.015 17430 17430 W View    : requestLayout() improperly called by helium314.keyboard.latin.panels.BrowserPanelView{26a5979 V.E...... ......I. 0,0-1440,2040} during layout: running second layout pass
06-02 15:51:09.027 17430 17430 W View    : requestLayout() improperly called by helium314.keyboard.latin.panels.BrowserPanelView{26a5979 V.E...... ........ 0,0-1440,2040} during second layout pass: posting in next frame
06-02 15:51:09.032 17430 17430 W View    : requestLayout() improperly called by helium314.keyboard.latin.panels.BrowserPanelView{26a5979 V.E...... ......I. 0,0-1440,2040} during layout: running second layout pass
06-02 15:51:09.041 17430 17430 W View    : requestLayout() improperly called by helium314.keyboard.latin.panels.BrowserPanelView{26a5979 V.E...... ........ 0,0-1440,2040} during second layout pass: posting in next frame
06-02 15:51:09.056 17430 17430 W View    : requestLayout() improperly called by helium314.keyboard.latin.panels.BrowserPanelView{26a5979 V.E...... ......I. 0,0-1440,2040} during layout: running second layout pass
06-02 15:51:09.067 17430 17430 W View    : requestLayout() improperly called by helium314.keyboard.latin.panels.BrowserPanelView{26a5979 V.E...... ........ 0,0-1440,2040} during second layout pass: posting in next frame
06-02 15:51:09.070 17430 17430 W View    : requestLayout() improperly called by helium314.keyboard.latin.panels.BrowserPanelView{26a5979 V.E...... ......I. 0,0-1440,2040} during layout: running second layout pass
06-02 15:51:09.079 17430 17430 W View    : requestLayout() improperly called by helium314.keyboard.latin.panels.BrowserPanelView{26a5979 V.E...... ........ 0,0-1440,2040} during second layout pass: posting in next frame
06-02 15:51:09.085 17430 17430 W View    : requestLayout() improperly called by helium314.keyboard.latin.panels.BrowserPanelView{26a5979 V.E...... ......I. 0,0-1440,2040} during layout: running second layout pass
06-02 15:51:09.092 17430 17430 W View    : requestLayout() improperly called by helium314.keyboard.latin.panels.BrowserPanelView{26a5979 V.E...... ........ 0,0-1440,2040} during second layout pass: posting in next frame
06-02 15:51:09.097 18419 18439 W Isolated Web Content: [JavaScript Warning: "Loading failed for the <script> with source “https://www.dianomi.com/js/contextfeedCNN.js”." {file: "https://www.cnn.com/" line: 1}]
06-02 15:51:09.100 17430 17430 W View    : requestLayout() improperly called by helium314.keyboard.latin.panels.BrowserPanelView{26a5979 V.E...... ......I. 0,0-1440,2040} during layout: running second layout pass
06-02 15:51:09.108 17430 17430 W View    : requestLayout() improperly called by helium314.keyboard.latin.panels.BrowserPanelView{26a5979 V.E...... ........ 0,0-1440,2040} during second layout pass: posting in next frame
06-02 15:51:09.116 17430 17430 W View    : requestLayout() improperly called by helium314.keyboard.latin.panels.BrowserPanelView{26a5979 V.E...... ......I. 0,0-1440,2040} during layout: running second layout pass
06-02 15:51:09.126 17430 17430 W View    : requestLayout() improperly called by helium314.keyboard.latin.panels.BrowserPanelView{26a5979 V.E...... ........ 0,0-1440,2040} during second layout pass: posting in next frame
06-02 15:51:09.141 17430 17949 E BLASTBufferQueue: BLASTBufferItemConsumer::onDisconnect()
06-02 15:51:09.144 17430 17430 W View    : requestLayout() improperly called by helium314.keyboard.latin.panels.BrowserPanelView{26a5979 V.E...... ......ID 0,0-1440,2040} during layout: running second layout pass
06-02 15:51:09.149 17430 17430 W View    : requestLayout() improperly called by helium314.keyboard.latin.panels.BrowserPanelView{26a5979 V.E...... ........ 0,0-1440,2040} during second layout pass: posting in next frame
06-02 15:51:09.150 17430 17430 W View    : requestLayout() improperly called by helium314.keyboard.latin.panels.BrowserPanelView{26a5979 V.E...... ......ID 0,0-1440,2040} during layout: running second layout pass
06-02 15:51:09.158 17430 17430 W View    : requestLayout() improperly called by helium314.keyboard.latin.panels.BrowserPanelView{26a5979 V.E...... ........ 0,0-1440,2040} during second layout pass: posting in next frame
06-02 15:51:09.170 17430 17430 W View    : requestLayout() improperly called by helium314.keyboard.latin.panels.BrowserPanelView{26a5979 V.E...... ......ID 0,0-1440,2040} during layout: running second layout pass
06-02 15:51:09.180 17430 17430 W View    : requestLayout() improperly called by helium314.keyboard.latin.panels.BrowserPanelView{26a5979 V.E...... ........ 0,0-1440,2040} during second layout pass: posting in next frame
06-02 15:51:09.183 17430 17430 W View    : requestLayout() improperly called by helium314.keyboard.latin.panels.BrowserPanelView{26a5979 V.E...... ......I. 0,0-1440,2040} during layout: running second layout pass
06-02 15:51:09.195 17430 17430 W View    : requestLayout() improperly called by helium314.keyboard.latin.panels.BrowserPanelView{26a5979 V.E...... ........ 0,0-1440,2040} during second layout pass: posting in next frame
06-02 15:51:09.199 17430 17430 W View    : requestLayout() improperly called by helium314.keyboard.latin.panels.BrowserPanelView{26a5979 V.E...... ......I. 0,0-1440,2040} during layout: running second layout pass
06-02 15:51:09.206 17430 17430 W View    : requestLayout() improperly called by helium314.keyboard.latin.panels.BrowserPanelView{26a5979 V.E...... ........ 0,0-1440,2040} during second layout pass: posting in next frame
06-02 15:51:09.216 17430 17430 W View    : requestLayout() improperly called by helium314.keyboard.latin.panels.BrowserPanelView{26a5979 V.E...... ......I. 0,0-1440,2040} during layout: running second layout pass
06-02 15:51:09.224 17430 17430 W View    : requestLayout() improperly called by helium314.keyboard.latin.panels.BrowserPanelView{26a5979 V.E...... ........ 0,0-1440,2040} during second layout pass: posting in next frame
06-02 15:51:09.233 17430 17430 W View    : requestLayout() improperly called by helium314.keyboard.latin.panels.BrowserPanelView{26a5979 V.E...... ......I. 0,0-1440,2040} during layout: running second layout pass
06-02 15:51:09.237 17430 17430 W View    : requestLayout() improperly called by helium314.keyboard.latin.panels.BrowserPanelView{26a5979 V.E...... ........ 0,0-1440,2040} during second layout pass: posting in next frame
06-02 15:51:09.249 17430 17430 W View    : requestLayout() improperly called by helium314.keyboard.latin.panels.BrowserPanelView{26a5979 V.E...... ......I. 0,0-1440,2040} during layout: running second layout pass
06-02 15:51:09.253 18419 18439 E Isolated Web Content: [JavaScript Error: "TypeError: can't access property "appendChild", this.selector is null" {file: "https://www.cnn.com/wbdotp/scripttemplates/202604.2.0/otBannerSdk.js" line: 7}]
06-02 15:51:09.258 18419 18439 E Isolated Web Content: [JavaScript Error: "TypeError: can't access property "track", window.zion_analytics is undefined" {file: "https://www.cnn.com/" line: 13021}]
06-02 15:51:09.258 18419 18439 E Isolated Web Content: c@https://www.cnn.com/:13021:1219
06-02 15:51:09.258 18419 18439 E Isolated Web Content: T@https://www.cnn.com/:13021:1442
06-02 15:51:09.259  7375 18660 W libc    : Access denied finding property "vendor.oplus.media.vpp.stutter"
06-02 15:51:09.261 17430 17430 W View    : requestLayout() improperly called by helium314.keyboard.latin.panels.BrowserPanelView{26a5979 V.E...... ........ 0,0-1440,2040} during second layout pass: posting in next frame
06-02 15:51:09.267 17430 17430 W View    : requestLayout() improperly called by helium314.keyboard.latin.panels.BrowserPanelView{26a5979 V.E...... ......I. 0,0-1440,2040} during layout: running second layout pass
06-02 15:51:09.275 17430 17430 W View    : requestLayout() improperly called by helium314.keyboard.latin.panels.BrowserPanelView{26a5979 V.E...... ........ 0,0-1440,2040} during second layout pass: posting in next frame
06-02 15:51:09.284 17430 17430 W View    : requestLayout() improperly called by helium314.keyboard.latin.panels.BrowserPanelView{26a5979 V.E...... ......I. 0,0-1440,2040} during layout: running second layout pass
06-02 15:51:09.297 17430 17430 W View    : requestLayout() improperly called by helium314.keyboard.latin.panels.BrowserPanelView{26a5979 V.E...... ........ 0,0-1440,2040} during second layout pass: posting in next frame
06-02 15:51:09.297 17430 17430 W AdManager: Rewarded load failed tier=PRIMARY code=3 domain=com.google.android.gms.ads message=Publisher data not found. <https://support.google.com/admob/answer/9905175#9>
06-02 15:51:09.299 17430 17430 W View    : requestLayout() improperly called by helium314.keyboard.latin.panels.BrowserPanelView{26a5979 V.E...... ......I. 0,0-1440,2040} during layout: running second layout pass
06-02 15:51:09.307 17430 17430 W View    : requestLayout() improperly called by helium314.keyboard.latin.panels.BrowserPanelView{26a5979 V.E...... ........ 0,0-1440,2040} during second layout pass: posting in next frame
06-02 15:51:09.296 17430 17430 W com.vibekey.keyboard: type=1400 audit(0.0:53735): avc: denied { nlmsg_readpriv } for comm=536F636B657420546872656164 scontext=u:r:untrusted_app:s0:c53,c271,c512,c768 tcontext=u:r:untrusted_app:s0:c53,c271,c512,c768 tclass=netlink_route_socket permissive=0 bug=b/155595000 app=com.vibekey.keyboard
06-02 15:51:09.317 17430 17430 W View    : requestLayout() improperly called by helium314.keyboard.latin.panels.BrowserPanelView{26a5979 V.E...... ......I. 0,0-1440,2040} during layout: running second layout pass
06-02 15:51:09.322 17430 17430 W View    : requestLayout() improperly called by helium314.keyboard.latin.panels.BrowserPanelView{26a5979 V.E...... ........ 0,0-1440,2040} during second layout pass: posting in next frame
06-02 15:51:09.337 17430 17430 W View    : requestLayout() improperly called by helium314.keyboard.latin.panels.BrowserPanelView{26a5979 V.E...... ......I. 0,0-1440,2040} during layout: running second layout pass
06-02 15:51:09.351 17430 17430 W View    : requestLayout() improperly called by helium314.keyboard.latin.panels.BrowserPanelView{26a5979 V.E...... ........ 0,0-1440,2040} during second layout pass: posting in next frame
06-02 15:51:09.354 17430 17430 W View    : requestLayout() improperly called by helium314.keyboard.latin.panels.BrowserPanelView{26a5979 V.E...... ......I. 0,0-1440,2040} during layout: running second layout pass
06-02 15:51:09.364 17430 17430 W View    : requestLayout() improperly called by helium314.keyboard.latin.panels.BrowserPanelView{26a5979 V.E...... .......D 0,0-1440,2040} during second layout pass: posting in next frame
06-02 15:51:09.368 17430 17430 W View    : requestLayout() improperly called by helium314.keyboard.latin.panels.BrowserPanelView{26a5979 V.E...... ......ID 0,0-1440,2040} during layout: running second layout pass
06-02 15:51:09.388 17430 17430 W View    : requestLayout() improperly called by helium314.keyboard.latin.panels.BrowserPanelView{26a5979 V.E...... ........ 0,0-1440,2040} during second layout pass: posting in next frame
06-02 15:51:09.391 17430 17430 W View    : requestLayout() improperly called by helium314.keyboard.latin.panels.BrowserPanelView{26a5979 V.E...... ......ID 0,0-1440,2040} during layout: running second layout pass
06-02 15:51:09.401 17430 17430 W View    : requestLayout() improperly called by helium314.keyboard.latin.panels.BrowserPanelView{26a5979 V.E...... ........ 0,0-1440,2040} during second layout pass: posting in next frame
06-02 15:51:09.403 17430 17430 W View    : requestLayout() improperly called by helium314.keyboard.latin.panels.BrowserPanelView{26a5979 V.E...... ......ID 0,0-1440,2040} during layout: running second layout pass
06-02 15:51:09.416 17430 17430 W View    : requestLayout() improperly called by helium314.keyboard.latin.panels.BrowserPanelView{26a5979 V.E...... ........ 0,0-1440,2040} during second layout pass: posting in next frame
06-02 15:51:09.419 17430 17430 W View    : requestLayout() improperly called by helium314.keyboard.latin.panels.BrowserPanelView{26a5979 V.E...... ......ID 0,0-1440,2040} during layout: running second layout pass
06-02 15:51:09.428 17430 17430 W View    : requestLayout() improperly called by helium314.keyboard.latin.panels.BrowserPanelView{26a5979 V.E...... ........ 0,0-1440,2040} during second layout pass: posting in next frame
06-02 15:51:09.442 17430 17430 W GeckoEventDispatcher: No listener for GeckoView:DismissClipboardPermissionRequest
06-02 15:51:09.453 17430 17558 E GeckoConsole: [JavaScript Error: "TypeError: can't access property "WindowEventDispatcher", win is null" {file: "resource://gre/modules/GeckoViewSessionStore.sys.mjs" line: 149}]
06-02 15:51:09.453 17430 17558 E GeckoConsole: onTabStateUpdate@resource://gre/modules/GeckoViewSessionStore.sys.mjs:149:5
06-02 15:51:09.453 17430 17558 E GeckoConsole: updateSessionStoreFromTabListener@resource://gre/modules/GeckoViewSessionStore.sys.mjs:243:10
06-02 15:51:09.453 17430 17558 E GeckoConsole: SSF_updateSessionStore@resource://gre/modules/SessionStoreFunctions.sys.mjs:46:27
06-02 15:51:09.453 17430 17558 E GeckoConsole: UpdateSessionStore@resource://gre/modules/SessionStoreFunctions.sys.mjs:16:46
06-02 15:51:09.459 17430 17430 W View    : requestLayout() improperly called by helium314.keyboard.latin.panels.BrowserPanelView{26a5979 V.E...... ......ID 0,0-1440,2040} during layout: running second layout pass
06-02 15:51:09.470 17430 17430 W View    : requestLayout() improperly called by helium314.keyboard.latin.panels.BrowserPanelView{26a5979 V.E...... ........ 0,0-1440,2040} during second layout pass: posting in next frame
06-02 15:51:09.470 17430 17430 W AdManager: Native ad failed to load: code=3 message=Publisher data not found. <https://support.google.com/admob/answer/9905175#9>
06-02 15:51:09.481 17430 17430 W View    : requestLayout() improperly called by helium314.keyboard.latin.panels.BrowserPanelView{26a5979 V.E...... ......ID 0,0-1440,2040} during layout: running second layout pass
06-02 15:51:09.491 17430 17430 W View    : requestLayout() improperly called by helium314.keyboard.latin.panels.BrowserPanelView{26a5979 V.E...... ........ 0,0-1440,2040} during second layout pass: posting in next frame
06-02 15:51:09.493 17430 17430 W View    : requestLayout() improperly called by helium314.keyboard.latin.panels.BrowserPanelView{26a5979 V.E...... ......ID 0,0-1440,2040} during layout: running second layout pass
06-02 15:51:09.502 17430 17430 W AdManager: Interstitial ad failed to load: code=3 message=Publisher data not found. <https://support.google.com/admob/answer/9905175#9>
06-02 15:51:09.502 17430 17430 W View    : requestLayout() improperly called by helium314.keyboard.latin.panels.BrowserPanelView{26a5979 V.E...... ........ 0,0-1440,2040} during second layout pass: posting in next frame
06-02 15:51:09.506 17430 17430 W View    : requestLayout() improperly called by helium314.keyboard.latin.panels.BrowserPanelView{26a5979 V.E...... ......ID 0,0-1440,2040} during layout: running second layout pass
06-02 15:51:09.515 17430 17430 W View    : requestLayout() improperly called by helium314.keyboard.latin.panels.BrowserPanelView{26a5979 V.E...... ........ 0,0-1440,2040} during second layout pass: posting in next frame
06-02 15:51:09.521 17430 17430 W View    : requestLayout() improperly called by helium314.keyboard.latin.panels.BrowserPanelView{26a5979 V.E...... ......ID 0,0-1440,2040} during layout: running second layout pass
06-02 15:51:09.529 17430 17430 W View    : requestLayout() improperly called by helium314.keyboard.latin.panels.BrowserPanelView{26a5979 V.E...... ........ 0,0-1440,2040} during second layout pass: posting in next frame
06-02 15:51:09.534 17430 17430 W View    : requestLayout() improperly called by helium314.keyboard.latin.panels.BrowserPanelView{26a5979 V.E...... ......ID 0,0-1440,2040} during layout: running second layout pass
06-02 15:51:09.541 17430 17430 W View    : requestLayout() improperly called by helium314.keyboard.latin.panels.BrowserPanelView{26a5979 V.E...... ........ 0,0-1440,2040} during second layout pass: posting in next frame
06-02 15:51:09.550 17430 17430 W View    : requestLayout() improperly called by helium314.keyboard.latin.panels.BrowserPanelView{26a5979 V.E...... ......ID 0,0-1440,2040} during layout: running second layout pass
06-02 15:51:09.553 17430 17430 W View    : requestLayout() improperly called by helium314.keyboard.latin.panels.BrowserPanelView{26a5979 V.E...... ........ 0,0-1440,2040} during second layout pass: posting in next frame
06-02 15:51:09.567 17430 17430 W View    : requestLayout() improperly called by helium314.keyboard.latin.panels.BrowserPanelView{26a5979 V.E...... ......ID 0,0-1440,2040} during layout: running second layout pass
06-02 15:51:09.573 17430 17430 W View    : requestLayout() improperly called by helium314.keyboard.latin.panels.BrowserPanelView{26a5979 V.E...... ........ 0,0-1440,2040} during second layout pass: posting in next frame
06-02 15:51:09.584 17430 17430 W View    : requestLayout() improperly called by helium314.keyboard.latin.panels.BrowserPanelView{26a5979 V.E...... ......ID 0,0-1440,2040} during layout: running second layout pass
06-02 15:51:09.590 17430 17430 W View    : requestLayout() improperly called by helium314.keyboard.latin.panels.BrowserPanelView{26a5979 V.E...... ........ 0,0-1440,2040} during second layout pass: posting in next frame
06-02 15:51:09.600 17430 17430 W View    : requestLayout() improperly called by helium314.keyboard.latin.panels.BrowserPanelView{26a5979 V.E...... ......ID 0,0-1440,2040} during layout: running second layout pass
06-02 15:51:09.606 17430 17430 W GeckoSession: No history entries found.
06-02 15:51:09.606 17430 17430 W View    : requestLayout() improperly called by helium314.keyboard.latin.panels.BrowserPanelView{26a5979 V.E...... ........ 0,0-1440,2040} during second layout pass: posting in next frame
06-02 15:51:09.611  7375 18641 W libc    : Access denied finding property "vendor.oplus.media.vpp.stutter"
06-02 15:51:09.617 17430 17430 W View    : requestLayout() improperly called by helium314.keyboard.latin.panels.BrowserPanelView{26a5979 V.E...... ......ID 0,0-1440,2040} during layout: running second layout pass
06-02 15:51:09.625 17430 17430 W View    : requestLayout() improperly called by helium314.keyboard.latin.panels.BrowserPanelView{26a5979 V.E...... ........ 0,0-1440,2040} during second layout pass: posting in next frame
06-02 15:51:09.633 17430 17430 W View    : requestLayout() improperly called by helium314.keyboard.latin.panels.BrowserPanelView{26a5979 V.E...... ......ID 0,0-1440,2040} during layout: running second layout pass
