06-02 15:51:09.640 17430 17430 W View    : requestLayout() improperly called by helium314.keyboard.latin.panels.BrowserPanelView{26a5979 V.E...... ........ 0,0-1440,2040} during second layout pass: posting in next frame
06-02 15:51:09.650 17430 17430 W View    : requestLayout() improperly called by helium314.keyboard.latin.panels.BrowserPanelView{26a5979 V.E...... ......ID 0,0-1440,2040} during layout: running second layout pass
06-02 15:51:09.663 17430 17430 W View    : requestLayout() improperly called by helium314.keyboard.latin.panels.BrowserPanelView{26a5979 V.E...... ........ 0,0-1440,2040} during second layout pass: posting in next frame
06-02 15:51:09.667 17430 17430 W View    : requestLayout() improperly called by helium314.keyboard.latin.panels.BrowserPanelView{26a5979 V.E...... ......ID 0,0-1440,2040} during layout: running second layout pass
06-02 15:51:09.672 17430 17430 W View    : requestLayout() improperly called by helium314.keyboard.latin.panels.BrowserPanelView{26a5979 V.E...... ........ 0,0-1440,2040} during second layout pass: posting in next frame
06-02 15:51:09.681 18419 18439 W Isolated Web Content: [JavaScript Warning: "Layout was forced before the page was fully loaded. If stylesheets are not yet loaded this may cause a flash of unstyled content." {file: "https://z.cdp-dev.cnn.com/zion-web-client/3.0/zion-web-client.min.js" line: 1}]
06-02 15:51:09.683 17430 17430 W View    : requestLayout() improperly called by helium314.keyboard.latin.panels.BrowserPanelView{26a5979 V.E...... ......ID 0,0-1440,2040} during layout: running second layout pass
06-02 15:51:09.689 17430 17430 W View    : requestLayout() improperly called by helium314.keyboard.latin.panels.BrowserPanelView{26a5979 V.E...... ........ 0,0-1440,2040} during second layout pass: posting in next frame
06-02 15:51:09.700 17430 17430 W View    : requestLayout() improperly called by helium314.keyboard.latin.panels.BrowserPanelView{26a5979 V.E...... ......ID 0,0-1440,2040} during layout: running second layout pass
06-02 15:51:09.706 17430 17430 W View    : requestLayout() improperly called by helium314.keyboard.latin.panels.BrowserPanelView{26a5979 V.E...... ........ 0,0-1440,2040} during second layout pass: posting in next frame
06-02 15:51:09.718 17430 17430 W View    : requestLayout() improperly called by helium314.keyboard.latin.panels.BrowserPanelView{26a5979 V.E...... ......ID 0,0-1440,2040} during layout: running second layout pass
06-02 15:51:09.730 17430 17430 W View    : requestLayout() improperly called by helium314.keyboard.latin.panels.BrowserPanelView{26a5979 V.E...... ........ 0,0-1440,2040} during second layout pass: posting in next frame
06-02 15:51:09.735 17430 17430 W View    : requestLayout() improperly called by helium314.keyboard.latin.panels.BrowserPanelView{26a5979 V.E...... ......I. 0,0-1440,2040} during layout: running second layout pass
06-02 15:51:09.748 17430 17430 W View    : requestLayout() improperly called by helium314.keyboard.latin.panels.BrowserPanelView{26a5979 V.E...... ........ 0,0-1440,2040} during second layout pass: posting in next frame
06-02 15:51:09.751 17430 17430 W View    : requestLayout() improperly called by helium314.keyboard.latin.panels.BrowserPanelView{26a5979 V.E...... ......I. 0,0-1440,2040} during layout: running second layout pass
06-02 15:51:09.775 17430 17430 W View    : requestLayout() improperly called by helium314.keyboard.latin.panels.BrowserPanelView{26a5979 V.E...... ........ 0,0-1440,2040} during second layout pass: posting in next frame
06-02 15:51:09.779 17430 17430 W View    : requestLayout() improperly called by helium314.keyboard.latin.panels.BrowserPanelView{26a5979 V.E...... ......I. 0,0-1440,2040} during layout: running second layout pass
06-02 15:51:09.783 17430 17430 W View    : requestLayout() improperly called by helium314.keyboard.latin.panels.BrowserPanelView{26a5979 V.E...... ........ 0,0-1440,2040} during second layout pass: posting in next frame
06-02 15:51:09.785 17430 17430 W View    : requestLayout() improperly called by helium314.keyboard.latin.panels.BrowserPanelView{26a5979 V.E...... ......I. 0,0-1440,2040} during layout: running second layout pass
06-02 15:51:09.793 17430 17430 W View    : requestLayout() improperly called by helium314.keyboard.latin.panels.BrowserPanelView{26a5979 V.E...... ........ 0,0-1440,2040} during second layout pass: posting in next frame
06-02 15:51:09.801 17430 17430 W View    : requestLayout() improperly called by helium314.keyboard.latin.panels.BrowserPanelView{26a5979 V.E...... ......I. 0,0-1440,2040} during layout: running second layout pass
06-02 15:51:09.818 17430 17430 W View    : requestLayout() improperly called by helium314.keyboard.latin.panels.BrowserPanelView{26a5979 V.E...... ........ 0,0-1440,2040} during second layout pass: posting in next frame
06-02 15:51:09.820 17430 17430 W View    : requestLayout() improperly called by helium314.keyboard.latin.panels.BrowserPanelView{26a5979 V.E...... ......I. 0,0-1440,2040} during layout: running second layout pass
06-02 15:51:09.806 17430 17430 W com.vibekey.keyboard: type=1400 audit(0.0:53736): avc: denied { nlmsg_readpriv } for comm=536F636B657420546872656164 scontext=u:r:untrusted_app:s0:c53,c271,c512,c768 tcontext=u:r:untrusted_app:s0:c53,c271,c512,c768 tclass=netlink_route_socket permissive=0 bug=b/155595000 app=com.vibekey.keyboard
06-02 15:51:09.828 17430 17430 W View    : requestLayout() improperly called by helium314.keyboard.latin.panels.BrowserPanelView{26a5979 V.E...... .......D 0,0-1440,2040} during second layout pass: posting in next frame
06-02 15:51:09.834 17430 17430 W View    : requestLayout() improperly called by helium314.keyboard.latin.panels.BrowserPanelView{26a5979 V.E...... ......ID 0,0-1440,2040} during layout: running second layout pass
06-02 15:51:09.839 17430 17430 W View    : requestLayout() improperly called by helium314.keyboard.latin.panels.BrowserPanelView{26a5979 V.E...... ........ 0,0-1440,2040} during second layout pass: posting in next frame
06-02 15:51:09.851 17430 17430 W View    : requestLayout() improperly called by helium314.keyboard.latin.panels.BrowserPanelView{26a5979 V.E...... ......I. 0,0-1440,2040} during layout: running second layout pass
06-02 15:51:09.857 17430 17430 W View    : requestLayout() improperly called by helium314.keyboard.latin.panels.BrowserPanelView{26a5979 V.E...... ........ 0,0-1440,2040} during second layout pass: posting in next frame
06-02 15:51:09.859  7375 18650 W libc    : Access denied finding property "vendor.oplus.media.vpp.stutter"
06-02 15:51:09.867 17430 17430 W View    : requestLayout() improperly called by helium314.keyboard.latin.panels.BrowserPanelView{26a5979 V.E...... ......ID 0,0-1440,2040} during layout: running second layout pass
06-02 15:51:09.879 17430 17430 W View    : requestLayout() improperly called by helium314.keyboard.latin.panels.BrowserPanelView{26a5979 V.E...... ........ 0,0-1440,2040} during second layout pass: posting in next frame
06-02 15:51:09.885 17430 17430 W View    : requestLayout() improperly called by helium314.keyboard.latin.panels.BrowserPanelView{26a5979 V.E...... ......ID 0,0-1440,2040} during layout: running second layout pass
06-02 15:51:09.891 17430 17430 W View    : requestLayout() improperly called by helium314.keyboard.latin.panels.BrowserPanelView{26a5979 V.E...... ........ 0,0-1440,2040} during second layout pass: posting in next frame
06-02 15:51:09.901 17430 17430 W View    : requestLayout() improperly called by helium314.keyboard.latin.panels.BrowserPanelView{26a5979 V.E...... ......ID 0,0-1440,2040} during layout: running second layout pass
06-02 15:51:09.907 17430 17430 W View    : requestLayout() improperly called by helium314.keyboard.latin.panels.BrowserPanelView{26a5979 V.E...... ........ 0,0-1440,2040} during second layout pass: posting in next frame
06-02 15:51:09.919 17430 17430 W View    : requestLayout() improperly called by helium314.keyboard.latin.panels.BrowserPanelView{26a5979 V.E...... ......ID 0,0-1440,2040} during layout: running second layout pass
06-02 15:51:09.927 17430 17430 W View    : requestLayout() improperly called by helium314.keyboard.latin.panels.BrowserPanelView{26a5979 V.E...... ........ 0,0-1440,2040} during second layout pass: posting in next frame
06-02 15:51:09.935 17430 17430 W View    : requestLayout() improperly called by helium314.keyboard.latin.panels.BrowserPanelView{26a5979 V.E...... ......ID 0,0-1440,2040} during layout: running second layout pass
06-02 15:51:09.942  7375  7388 W libc    : Access denied finding property "vendor.oplus.media.vpp.stutter"
06-02 15:51:09.947 17430 17430 W View    : requestLayout() improperly called by helium314.keyboard.latin.panels.BrowserPanelView{26a5979 V.E...... ........ 0,0-1440,2040} during second layout pass: posting in next frame
06-02 15:51:09.962  7375 18719 W Codec2Client: query -- param skipped: index = 1107298332.
06-02 15:51:09.963  7375 18719 W Codec2Client: query -- param skipped: index = 1342179345.
06-02 15:51:09.963  7375 18719 W Codec2Client: query -- param skipped: index = 2415921170.
06-02 15:51:09.963  7375 18719 W Codec2Client: query -- param skipped: index = 1610614798.
06-02 15:51:09.973  7375  7388 W libc    : Access denied finding property "vendor.oplus.media.vpp.stutter"
06-02 15:51:09.982 17430 17430 W GeckoEventDispatcher: No listener for GeckoView:DismissClipboardPermissionRequest
06-02 15:51:09.985 17430 18393 E BLASTBufferQueue: BLASTBufferItemConsumer::onDisconnect()
06-02 15:51:10.029  7375 18721 W Codec2Client: query -- param skipped: index = 1107298332.
06-02 15:51:10.030 17430 17430 W View    : requestLayout() improperly called by helium314.keyboard.latin.panels.BrowserPanelView{26a5979 G.E...... ......ID 0,0-1440,2040} during second layout pass: posting in next frame
06-02 15:51:10.042  7375 18721 W Codec2Client: query -- param skipped: index = 1342179345.
06-02 15:51:10.042  7375 18721 W Codec2Client: query -- param skipped: index = 2415921170.
06-02 15:51:10.042  7375 18721 W Codec2Client: query -- param skipped: index = 1610614798.
06-02 15:51:10.044 18723 18723 E y.keyboard:tab: Unknown bits set in runtime_flags: 0x40000000
06-02 15:51:10.071  7375  7389 W libc    : Access denied finding property "vendor.oplus.media.vpp.stutter"
06-02 15:51:10.071  7375  7389 E MULTIMEDIAConfig: [getInt32:L80] Not find config, Returning default
06-02 15:51:10.071  7375  7389 E MULTIMEDIAConfig: [getInt32:L80] Not find config, Returning default
06-02 15:51:10.071  7375  7389 E OplusACodec: [OplusACodec:204] mSrOsieMMListCheckResult:0x0 mOsieVersion:1
06-02 15:51:10.123  7375 18739 E OplusACodec: [GetVideoCodingTypeFromMime:L1162] mime:video/avc
06-02 15:51:10.191  7375  7589 W libc    : Access denied finding property "vendor.oplus.media.vpp.stutter"
06-02 15:51:10.191  7375  7589 E MULTIMEDIAConfig: [getInt32:L80] Not find config, Returning default
06-02 15:51:10.191  7375  7589 E MULTIMEDIAConfig: [getInt32:L80] Not find config, Returning default
06-02 15:51:10.191  7375  7589 E OplusACodec: [OplusACodec:204] mSrOsieMMListCheckResult:0x0 mOsieVersion:1
06-02 15:51:10.221 18723 18747 E GeckoLibLoad: Load sqlite start
06-02 15:51:10.222 18723 18747 E GeckoLibLoad: Load sqlite done
06-02 15:51:10.231 18723 18747 E GeckoLibLoad: Load nss start
06-02 15:51:10.231 18723 18747 E GeckoLibLoad: Load nss done
06-02 15:51:10.245  7375 18749 E OplusACodec: [GetVideoCodingTypeFromMime:L1162] mime:video/avc
06-02 15:51:10.249 18723 18747 E GeckoLibLoad: Loaded libs in 17.108438ms total, 8ms(4ms) user, 0ms(4ms) system, 0(0) faults
06-02 15:51:10.249 18723 18747 W GeckoThread: zerdatime 106713110 - runGecko
06-02 15:51:10.259  7375 18660 W libc    : Access denied finding property "vendor.oplus.media.vpp.stutter"
06-02 15:51:10.302  7375  7389 W libc    : Access denied finding property "vendor.oplus.media.vpp.stutter"
06-02 15:51:10.302  7375  7389 E MULTIMEDIAConfig: [getInt32:L80] Not find config, Returning default
06-02 15:51:10.302  7375  7389 E MULTIMEDIAConfig: [getInt32:L80] Not find config, Returning default
06-02 15:51:10.302  7375  7389 E OplusACodec: [OplusACodec:204] mSrOsieMMListCheckResult:0x0 mOsieVersion:1
06-02 15:51:10.389  7375 18758 E OplusACodec: [GetVideoCodingTypeFromMime:L1162] mime:video/avc
06-02 15:51:10.535 17430 17430 W GeckoEventDispatcher: No listener for GeckoView:DismissClipboardPermissionRequest
06-02 15:51:10.565  7375  7589 W libc    : Access denied finding property "vendor.oplus.media.vpp.stutter"
06-02 15:51:10.566  7375  7589 E MULTIMEDIAConfig: [getInt32:L80] Not find config, Returning default
06-02 15:51:10.566  7375  7589 E MULTIMEDIAConfig: [getInt32:L80] Not find config, Returning default
06-02 15:51:10.566  7375  7589 E OplusACodec: [OplusACodec:204] mSrOsieMMListCheckResult:0x0 mOsieVersion:1
06-02 15:51:10.612  7375 18641 W libc    : Access denied finding property "vendor.oplus.media.vpp.stutter"
06-02 15:51:10.631  7375 18778 E OplusACodec: [GetVideoCodingTypeFromMime:L1162] mime:video/avc
06-02 15:51:10.859  7375 18650 W libc    : Access denied finding property "vendor.oplus.media.vpp.stutter"
06-02 15:51:10.866 17430 17430 W com.vibekey.keyboard: type=1400 audit(0.0:53737): avc: denied { nlmsg_readpriv } for comm=536F636B657420546872656164 scontext=u:r:untrusted_app:s0:c53,c271,c512,c768 tcontext=u:r:untrusted_app:s0:c53,c271,c512,c768 tclass=netlink_route_socket permissive=0 bug=b/155595000 app=com.vibekey.keyboard
06-02 15:51:10.981  7375 18719 W Codec2Client: query -- param skipped: index = 1342179345.
06-02 15:51:10.981  7375 18719 W Codec2Client: query -- param skipped: index = 2415921170.
06-02 15:51:10.981  7375 18719 W Codec2Client: query -- param skipped: index = 1610614798.
06-02 15:51:10.984  7375 18721 W Codec2Client: query -- param skipped: index = 1342179345.
06-02 15:51:10.984  7375 18721 W Codec2Client: query -- param skipped: index = 2415921170.
06-02 15:51:10.984  7375 18721 W Codec2Client: query -- param skipped: index = 1610614798.
06-02 15:51:10.998 18419 18439 W Isolated Web Content: [JavaScript Warning: "The script from “https://tag.wknd.ai/340/i.js” was loaded even though its MIME type (“text/plain”) is not a valid JavaScript MIME type." {file: "https://www.cnn.com/" line: 0}]
06-02 15:51:11.066 17430 17430 W com.vibekey.keyboard: type=1400 audit(0.0:53738): avc: denied { nlmsg_readpriv } for comm=536F636B657420546872656164 scontext=u:r:untrusted_app:s0:c53,c271,c512,c768 tcontext=u:r:untrusted_app:s0:c53,c271,c512,c768 tclass=netlink_route_socket permissive=0 bug=b/155595000 app=com.vibekey.keyboard
06-02 15:51:11.215  7375  7389 W libc    : Access denied finding property "vendor.oplus.media.vpp.stutter"
06-02 15:51:11.216  7375  7389 E MULTIMEDIAConfig: [getInt32:L80] Not find config, Returning default
06-02 15:51:11.216  7375  7389 E MULTIMEDIAConfig: [getInt32:L80] Not find config, Returning default
06-02 15:51:11.216  7375  7389 E OplusACodec: [OplusACodec:204] mSrOsieMMListCheckResult:0x0 mOsieVersion:1
06-02 15:51:11.236  7375 18806 E OplusACodec: [GetVideoCodingTypeFromMime:L1162] mime:video/avc
06-02 15:51:11.259  7375 18660 W libc    : Access denied finding property "vendor.oplus.media.vpp.stutter"
06-02 15:51:11.612  7375 18641 W libc    : Access denied finding property "vendor.oplus.media.vpp.stutter"
06-02 15:51:11.723 18419 18439 W Isolated Web Content: [JavaScript Warning: "Loading failed for the <script> with source “https://static.adsafeprotected.com/publisher/925660/ebfdc39c-b42a-11f0-aa09-0e6958f30139.min.js”." {file: "https://www.cnn.com/" line: 1}]
06-02 15:51:11.860  7375 18650 W libc    : Access denied finding property "vendor.oplus.media.vpp.stutter"
06-02 15:51:11.885 18723 18747 W GeckoEditableChild: No editable parent
06-02 15:51:11.890 18723 18747 W Isolated Web Content: [JavaScript Warning: "This page is in Almost Standards Mode. Page layout may be impacted. For Standards Mode use “<!DOCTYPE html>”." {file: "https://btloader.com/trustedIframe.html?o=5762268746743808&upapi=true" line: 0}]
06-02 15:51:11.926 17430 17430 W com.vibekey.keyboard: type=1400 audit(0.0:53739): avc: denied { nlmsg_readpriv } for comm=536F636B657420546872656164 scontext=u:r:untrusted_app:s0:c53,c271,c512,c768 tcontext=u:r:untrusted_app:s0:c53,c271,c512,c768 tclass=netlink_route_socket permissive=0 bug=b/155595000 app=com.vibekey.keyboard
06-02 15:51:11.943 18419 18439 E Isolated Web Content: [JavaScript Error: "Cookie “_cookie_test” has been rejected for invalid domain." {file: "https://www.cnn.com/" line: 0}]
06-02 15:51:11.944 18419 18439 E Isolated Web Content: [JavaScript Error: "Cookie “_cookie_test” has been rejected for invalid domain." {file: "https://www.cnn.com/" line: 0}]
06-02 15:51:11.946 18419 18439 E Isolated Web Content: [JavaScript Error: "Cookie “_cookie_test” has been rejected for invalid domain." {file: "https://www.cnn.com/" line: 0}]
06-02 15:51:11.946 18419 18439 E Isolated Web Content: [JavaScript Error: "Cookie “_cookie_test” has been rejected for invalid domain." {file: "https://www.cnn.com/" line: 0}]
06-02 15:51:11.947 18419 18439 E Isolated Web Content: [JavaScript Error: "Cookie “_cookie_test” has been rejected for invalid domain." {file: "https://www.cnn.com/" line: 0}]
06-02 15:51:11.947 18419 18439 E Isolated Web Content: [JavaScript Error: "Cookie “_cookie_test” has been rejected for invalid domain." {file: "https://www.cnn.com/" line: 0}]
06-02 15:51:11.960 18419 18439 E Isolated Web Content: [JavaScript Error: "Cookie “_cookie_test” has been rejected for invalid domain." {file: "https://www.cnn.com/" line: 0}]
06-02 15:51:11.960 18419 18439 E Isolated Web Content: [JavaScript Error: "Cookie “_cookie_test” has been rejected for invalid domain." {file: "https://www.cnn.com/" line: 0}]
06-02 15:51:11.946 17430 17430 W com.vibekey.keyboard: type=1400 audit(0.0:53740): avc: denied { nlmsg_readpriv } for comm=536F636B657420546872656164 scontext=u:r:untrusted_app:s0:c53,c271,c512,c768 tcontext=u:r:untrusted_app:s0:c53,c271,c512,c768 tclass=netlink_route_socket permissive=0 bug=b/155595000 app=com.vibekey.keyboard
06-02 15:51:11.956 17430 17430 W com.vibekey.keyboard: type=1400 audit(0.0:53741): avc: denied { nlmsg_readpriv } for comm=536F636B657420546872656164 scontext=u:r:untrusted_app:s0:c53,c271,c512,c768 tcontext=u:r:untrusted_app:s0:c53,c271,c512,c768 tclass=netlink_route_socket permissive=0 bug=b/155595000 app=com.vibekey.keyboard
06-02 15:51:12.117 18419 18439 E Isolated Web Content: [JavaScript Error: "Cookie “_cookie_test” has been rejected for invalid domain." {file: "https://www.cnn.com/" line: 0}]
06-02 15:51:12.118 18419 18439 E Isolated Web Content: [JavaScript Error: "Cookie “_cookie_test” has been rejected for invalid domain." {file: "https://www.cnn.com/" line: 0}]
06-02 15:51:12.121 18419 18439 E Isolated Web Content: [JavaScript Error: "Cookie “_cookie_test” has been rejected for invalid domain." {file: "https://www.cnn.com/" line: 0}]
06-02 15:51:12.122 18419 18439 E Isolated Web Content: [JavaScript Error: "Cookie “_cookie_test” has been rejected for invalid domain." {file: "https://www.cnn.com/" line: 0}]
06-02 15:51:12.116 17430 17430 W com.vibekey.keyboard: type=1400 audit(0.0:53742): avc: denied { nlmsg_readpriv } for comm=536F636B657420546872656164 scontext=u:r:untrusted_app:s0:c53,c271,c512,c768 tcontext=u:r:untrusted_app:s0:c53,c271,c512,c768 tclass=netlink_route_socket permissive=0 bug=b/155595000 app=com.vibekey.keyboard
06-02 15:51:12.195 18419 18439 E Isolated Web Content: [JavaScript Error: "Cookie “_cookie_test” has been rejected for invalid domain." {file: "https://www.cnn.com/" line: 0}]
06-02 15:51:12.195 18419 18439 E Isolated Web Content: [JavaScript Error: "Cookie “_cookie_test” has been rejected for invalid domain." {file: "https://www.cnn.com/" line: 0}]
06-02 15:51:12.196 17430 17430 W com.vibekey.keyboard: type=1400 audit(0.0:53743): avc: denied { nlmsg_readpriv } for comm=536F636B657420546872656164 scontext=u:r:untrusted_app:s0:c53,c271,c512,c768 tcontext=u:r:untrusted_app:s0:c53,c271,c512,c768 tclass=netlink_route_socket permissive=0 bug=b/155595000 app=com.vibekey.keyboard
06-02 15:51:12.260  7375 18660 W libc    : Access denied finding property "vendor.oplus.media.vpp.stutter"
06-02 15:51:12.366 17430 17430 W com.vibekey.keyboard: type=1400 audit(0.0:53744): avc: denied { nlmsg_readpriv } for comm=536F636B657420546872656164 scontext=u:r:untrusted_app:s0:c53,c271,c512,c768 tcontext=u:r:untrusted_app:s0:c53,c271,c512,c768 tclass=netlink_route_socket permissive=0 bug=b/155595000 app=com.vibekey.keyboard
06-02 15:51:12.613  7375 18641 W libc    : Access denied finding property "vendor.oplus.media.vpp.stutter"
06-02 15:51:12.862  7375 18650 W libc    : Access denied finding property "vendor.oplus.media.vpp.stutter"
06-02 15:51:12.937 18887 18887 E .keyboard:tab2: Unknown bits set in runtime_flags: 0x40000000
06-02 15:51:13.033 18887 18904 E GeckoLibLoad: Load sqlite start
06-02 15:51:13.034 18887 18904 E GeckoLibLoad: Load sqlite done
06-02 15:51:13.034 18887 18904 E GeckoLibLoad: Load nss start
06-02 15:51:13.034 18887 18904 E GeckoLibLoad: Load nss done
06-02 15:51:13.043 18887 18904 E GeckoLibLoad: Loaded libs in 9.135052ms total, 1ms(6ms) user, 0ms(3ms) system, 0(0) faults
06-02 15:51:13.043 18887 18904 W GeckoThread: zerdatime 106715904 - runGecko
06-02 15:51:13.260  7375 18660 W libc    : Access denied finding property "vendor.oplus.media.vpp.stutter"
06-02 15:51:13.615  7375 18641 W libc    : Access denied finding property "vendor.oplus.media.vpp.stutter"
06-02 15:51:13.865  7375 18650 W libc    : Access denied finding property "vendor.oplus.media.vpp.stutter"
06-02 15:51:14.265  7375 18660 W libc    : Access denied finding property "vendor.oplus.media.vpp.stutter"
06-02 15:51:14.287  7375 18646 W Codec2Client: query -- param skipped: index = 1342179345.
06-02 15:51:14.287  7375 18646 W Codec2Client: query -- param skipped: index = 2415921170.
06-02 15:51:14.287  7375 18646 W Codec2Client: query -- param skipped: index = 1610614798.
06-02 15:51:14.299  7375 18638 W Codec2Client: query -- param skipped: index = 1342179345.
06-02 15:51:14.299  7375 18638 W Codec2Client: query -- param skipped: index = 2415921170.
06-02 15:51:14.299  7375 18638 W Codec2Client: query -- param skipped: index = 1610614798.
06-02 15:51:14.626 17430 17430 W GeckoEventDispatcher: No listener for GeckoView:DismissClipboardPermissionRequest
06-02 15:51:14.703 18419 18439 W Isolated Web Content: [JavaScript Warning: "Loading failed for the <script> with source “https://ads.stickyadstv.com/auto-user-sync”." {file: "https://www.cnn.com/" line: 1}]
06-02 15:51:14.704 18419 18439 W Isolated Web Content: [JavaScript Warning: "Loading failed for the <script> with source “https://ads.stickyadstv.com/user-matching?id=185&_fw_gdpr=0&_fw_gdpr_consent=”." {file: "https://www.cnn.com/" line: 1}]
06-02 15:51:14.715 17430 17430 E GeckoView: Failed to detach WindowInsetsListener: 
06-02 15:51:14.715 17430 17430 E GeckoView: java.lang.NullPointerException: Attempt to invoke virtual method 'android.view.Window android.app.Activity.getWindow()' on a null object reference
06-02 15:51:14.715 17430 17430 E GeckoView: 	at org.mozilla.geckoview.GeckoView.detachWindowInsetsListener(r8-map-id-08e2307681d6621a5a52463951b5d967d5d43ab1566325f3133e44aba5007d52:1)
06-02 15:51:14.715 17430 17430 E GeckoView: 	at org.mozilla.geckoview.GeckoView.onDetachedFromWindow(r8-map-id-08e2307681d6621a5a52463951b5d967d5d43ab1566325f3133e44aba5007d52:25)
06-02 15:51:14.715 17430 17430 E GeckoView: 	at android.view.View.dispatchDetachedFromWindow(View.java:20955)
06-02 15:51:14.715 17430 17430 E GeckoView: 	at android.view.ViewGroup.dispatchDetachedFromWindow(ViewGroup.java:4014)
06-02 15:51:14.715 17430 17430 E GeckoView: 	at android.view.ViewGroup.removeViewInternal(ViewGroup.java:5660)
06-02 15:51:14.715 17430 17430 E GeckoView: 	at android.view.ViewGroup.removeViewAt(ViewGroup.java:5607)
06-02 15:51:14.715 17430 17430 E GeckoView: 	at helium314.keyboard.latin.panels.BrowserPanelView.V(r8-map-id-08e2307681d6621a5a52463951b5d967d5d43ab1566325f3133e44aba5007d52:265)
06-02 15:51:14.715 17430 17430 E GeckoView: 	at y7.c2.run(r8-map-id-08e2307681d6621a5a52463951b5d967d5d43ab1566325f3133e44aba5007d52:18)
06-02 15:51:14.715 17430 17430 E GeckoView: 	at android.os.Handler.handleCallback(Handler.java:938)
06-02 15:51:14.715 17430 17430 E GeckoView: 	at android.os.Handler.dispatchMessage(Handler.java:99)
06-02 15:51:14.715 17430 17430 E GeckoView: 	at android.os.Looper.loopOnce(Looper.java:233)
06-02 15:51:14.715 17430 17430 E GeckoView: 	at android.os.Looper.loop(Looper.java:344)
06-02 15:51:14.715 17430 17430 E GeckoView: 	at android.app.ActivityThread.main(ActivityThread.java:8212)
06-02 15:51:14.715 17430 17430 E GeckoView: 	at java.lang.reflect.Method.invoke(Native Method)
06-02 15:51:14.715 17430 17430 E GeckoView: 	at com.android.internal.os.RuntimeInit$MethodAndArgsCaller.run(RuntimeInit.java:584)
06-02 15:51:14.715 17430 17430 E GeckoView: 	at com.android.internal.os.ZygoteInit.main(ZygoteInit.java:1034)
06-02 15:51:14.717 17430 17430 E GeckoView: Failed to attach WindowInsetsListener: 
06-02 15:51:14.717 17430 17430 E GeckoView: java.lang.NullPointerException: Attempt to invoke virtual method 'android.view.Window android.app.Activity.getWindow()' on a null object reference
06-02 15:51:14.717 17430 17430 E GeckoView: 	at org.mozilla.geckoview.GeckoView.attachWindowInsetsListener(r8-map-id-08e2307681d6621a5a52463951b5d967d5d43ab1566325f3133e44aba5007d52:1)
06-02 15:51:14.717 17430 17430 E GeckoView: 	at org.mozilla.geckoview.GeckoView.onAttachedToWindow(r8-map-id-08e2307681d6621a5a52463951b5d967d5d43ab1566325f3133e44aba5007d52:49)
06-02 15:51:14.717 17430 17430 E GeckoView: 	at android.view.View.dispatchAttachedToWindow(View.java:20900)
06-02 15:51:14.717 17430 17430 E GeckoView: 	at android.view.ViewGroup.dispatchAttachedToWindow(ViewGroup.java:3539)
06-02 15:51:14.717 17430 17430 E GeckoView: 	at android.view.ViewGroup.addViewInner(ViewGroup.java:5378)
06-02 15:51:14.717 17430 17430 E GeckoView: 	at android.view.ViewGroup.addView(ViewGroup.java:5156)
06-02 15:51:14.717 17430 17430 E GeckoView: 	at android.view.ViewGroup.addView(ViewGroup.java:5096)
06-02 15:51:14.717 17430 17430 E GeckoView: 	at db.i.run(r8-map-id-08e2307681d6621a5a52463951b5d967d5d43ab1566325f3133e44aba5007d52:147)
06-02 15:51:14.717 17430 17430 E GeckoView: 	at android.os.Handler.handleCallback(Handler.java:938)
06-02 15:51:14.717 17430 17430 E GeckoView: 	at android.os.Handler.dispatchMessage(Handler.java:99)
06-02 15:51:14.717 17430 17430 E GeckoView: 	at android.os.Looper.loopOnce(Looper.java:233)
06-02 15:51:14.717 17430 17430 E GeckoView: 	at android.os.Looper.loop(Looper.java:344)
06-02 15:51:14.717 17430 17430 E GeckoView: 	at android.app.ActivityThread.main(ActivityThread.java:8212)
06-02 15:51:14.717 17430 17430 E GeckoView: 	at java.lang.reflect.Method.invoke(Native Method)
06-02 15:51:14.717 17430 17430 E GeckoView: 	at com.android.internal.os.RuntimeInit$MethodAndArgsCaller.run(RuntimeInit.java:584)
06-02 15:51:14.717 17430 17430 E GeckoView: 	at com.android.internal.os.ZygoteInit.main(ZygoteInit.java:1034)
06-02 15:51:14.718 17430 17558 E GeckoConsole: [JavaScript Error: "TypeError: can't access property "WindowEventDispatcher", win is null" {file: "resource://gre/modules/GeckoViewSessionStore.sys.mjs" line: 149}]
06-02 15:51:14.718 17430 17558 E GeckoConsole: onTabStateUpdate@resource://gre/modules/GeckoViewSessionStore.sys.mjs:149:5
06-02 15:51:14.718 17430 17558 E GeckoConsole: updateSessionStoreFromTabListener@resource://gre/modules/GeckoViewSessionStore.sys.mjs:243:10
06-02 15:51:14.718 17430 17558 E GeckoConsole: SSF_updateSessionStore@resource://gre/modules/SessionStoreFunctions.sys.mjs:46:27
06-02 15:51:14.718 17430 17558 E GeckoConsole: UpdateSessionStore@resource://gre/modules/SessionStoreFunctions.sys.mjs:16:46
06-02 15:51:14.725 17430 17558 E GeckoConsole: [JavaScript Error: "TypeError: can't access property "WindowEventDispatcher", win is null" {file: "resource://gre/modules/GeckoViewSessionStore.sys.mjs" line: 149}]
06-02 15:51:14.725 17430 17558 E GeckoConsole: onTabStateUpdate@resource://gre/modules/GeckoViewSessionStore.sys.mjs:149:5
06-02 15:51:14.725 17430 17558 E GeckoConsole: updateSessionStoreFromTabListener@resource://gre/modules/GeckoViewSessionStore.sys.mjs:243:10
06-02 15:51:14.725 17430 17558 E GeckoConsole: SSF_updateSessionStore@resource://gre/modules/SessionStoreFunctions.sys.mjs:46:27
06-02 15:51:14.725 17430 17558 E GeckoConsole: UpdateSessionStore@resource://gre/modules/SessionStoreFunctions.sys.mjs:16:46
06-02 15:51:14.906 17430 17430 W com.vibekey.keyboard: type=1400 audit(0.0:53746): avc: denied { nlmsg_readpriv } for comm=536F636B657420546872656164 scontext=u:r:untrusted_app:s0:c53,c271,c512,c768 tcontext=u:r:untrusted_app:s0:c53,c271,c512,c768 tclass=netlink_route_socket permissive=0 bug=b/155595000 app=com.vibekey.keyboard
06-02 15:51:14.939 18887 18904 W Isolated Web Content: [JavaScript Warning: "Content-Security-Policy: Ignoring “'report-sample'” within script-src: ‘strict-dynamic’ specified" {file: "https://www.google.com/" line: 0}]
06-02 15:51:14.939 18887 18904 W Isolated Web Content: [JavaScript Warning: "Content-Security-Policy: Ignoring “'unsafe-inline'” within script-src: ‘strict-dynamic’ specified" {file: "https://www.google.com/" line: 0}]
06-02 15:51:14.939 18887 18904 W Isolated Web Content: [JavaScript Warning: "Content-Security-Policy: Ignoring “https:” within script-src: ‘strict-dynamic’ specified" {file: "https://www.google.com/" line: 0}]
06-02 15:51:14.939 18887 18904 W Isolated Web Content: [JavaScript Warning: "Content-Security-Policy: Ignoring “http:” within script-src: ‘strict-dynamic’ specified" {file: "https://www.google.com/" line: 0}]
06-02 15:51:14.939 18887 18904 W Isolated Web Content: [JavaScript Warning: "Content-Security-Policy: Ignoring “'unsafe-inline'” within script-src: nonce-source or hash-source specified" {file: "https://www.google.com/" line: 0}]
06-02 15:51:14.971 18887 18904 W Isolated Web Content: [JavaScript Warning: "Empty string passed to getElementById()." {file: "https://www.google.com/" line: 65}]
06-02 15:51:15.056 17430 17430 W com.vibekey.keyboard: type=1400 audit(0.0:53747): avc: denied { nlmsg_readpriv } for comm=536F636B657420546872656164 scontext=u:r:untrusted_app:s0:c53,c271,c512,c768 tcontext=u:r:untrusted_app:s0:c53,c271,c512,c768 tclass=netlink_route_socket permissive=0 bug=b/155595000 app=com.vibekey.keyboard
06-02 15:51:15.123 18245 18271 W libEGL  : EGLNativeWindowType 0xb4000075cbbd1010 disconnect failed
06-02 15:51:15.123 18245 18271 W libEGL  : EGLNativeWindowType 0xb4000075c4e34810 disconnect failed
06-02 15:51:15.124 18245 18271 W libEGL  : EGLNativeWindowType 0xb4000075c4e3e010 disconnect failed
06-02 15:51:15.125 18245 18271 W libEGL  : EGLNativeWindowType 0xb4000075cbbd3810 disconnect failed
06-02 15:51:15.126 18245 18271 W libEGL  : EGLNativeWindowType 0xb400007533dfa010 disconnect failed
06-02 15:51:15.126 18245 18271 W libEGL  : EGLNativeWindowType 0xb400007533dfc810 disconnect failed
06-02 15:51:15.126 18245 18271 W libEGL  : EGLNativeWindowType 0xb400007533c45010 disconnect failed
06-02 15:51:15.126 18245 18271 W libEGL  : EGLNativeWindowType 0xb4000075c4e2d010 disconnect failed
06-02 15:51:15.126 18245 18271 W libEGL  : EGLNativeWindowType 0xb4000075cbbd8810 disconnect failed
06-02 15:51:15.218 18887 18904 W Isolated Web Content: [JavaScript Warning: "Empty string passed to getElementById()." {file: "https://www.google.com/xjs/_/js/k=xjs.hm.en.s2RQKsN9q9Y.2019.O/am=AAAAAAAAAAAAAAAAAAAAAAAAAAAAAAAAAAAAAAAAAAAAAAAAAAAAAAAAAAIAAgAAAAAgQAAAAAAAAAAAAAAAAAhAAAAAAAAAAAAAAAAAAAAAAIiAAAAAAAAAAAAAAAEABAAABAAAAAAAABgAQAAAEEACAAQAAwAAAAAAAAAAAAAAAAAAECACAAAABAAA4A8AjAAAAAAAAAAAAAAAAABIAAAAAAAAAAAAYAEAAEADAAAAEAACAAAAAAAAAAAAAAAAAABAAAAAAAAAAAAAAAABAAAAgAAAAAAIAAAAAAAAAAgAAAAAAACAAAAAAAAAAAAAAAAAEFAAAAAAEAAAAAAAAAAAAQAAAAAAAAAAAAAAAAAwAAAAgAAAAAAAAAAAAAAAAAAAABwAABAQAAAAAACAQCAAQAAAAAAgAfBAwBBNAQAAAAAAAAAAAAAAAAAAAA" line: 187}]
06-02 15:51:15.406 17430 17430 W com.vibekey.keyboard: type=1400 audit(0.0:53748): avc: denied { nlmsg_readpriv } for comm=536F636B657420546872656164 scontext=u:r:untrusted_app:s0:c53,c271,c512,c768 tcontext=u:r:untrusted_app:s0:c53,c271,c512,c768 tclass=netlink_route_socket permissive=0 bug=b/155595000 app=com.vibekey.keyboard
06-02 15:51:15.983 18971 18971 E .keyboard:tab1: Unknown bits set in runtime_flags: 0x40000000
06-02 15:51:16.093 18971 18988 E GeckoLibLoad: Load sqlite start
06-02 15:51:16.094 18971 18988 E GeckoLibLoad: Load sqlite done
06-02 15:51:16.095 18971 18988 E GeckoLibLoad: Load nss start
06-02 15:51:16.095 18971 18988 E GeckoLibLoad: Load nss done
06-02 15:51:16.109 18971 18988 E GeckoLibLoad: Loaded libs in 14.733437ms total, 10ms(14ms) user, 0ms(0ms) system, 0(0) faults
06-02 15:51:16.110 18971 18988 W GeckoThread: zerdatime 106718971 - runGecko
06-02 15:51:16.296 17430 17430 W com.vibekey.keyboard: type=1400 audit(0.0:53749): avc: denied { nlmsg_readpriv } for comm=536F636B657420546872656164 scontext=u:r:untrusted_app:s0:c53,c271,c512,c768 tcontext=u:r:untrusted_app:s0:c53,c271,c512,c768 tclass=netlink_route_socket permissive=0 bug=b/155595000 app=com.vibekey.keyboard
06-02 15:51:16.397 17430 17430 W GeckoEventDispatcher: No listener for GeckoView:DismissClipboardPermissionRequest
06-02 15:51:16.444 17430 17558 E GeckoConsole: [JavaScript Error: "TypeError: can't access property "WindowEventDispatcher", win is null" {file: "resource://gre/modules/GeckoViewSessionStore.sys.mjs" line: 149}]
06-02 15:51:16.444 17430 17558 E GeckoConsole: onTabStateUpdate@resource://gre/modules/GeckoViewSessionStore.sys.mjs:149:5
06-02 15:51:16.444 17430 17558 E GeckoConsole: updateSessionStoreFromTabListener@resource://gre/modules/GeckoViewSessionStore.sys.mjs:243:10
06-02 15:51:16.444 17430 17558 E GeckoConsole: SSF_updateSessionStore@resource://gre/modules/SessionStoreFunctions.sys.mjs:46:27
06-02 15:51:16.444 17430 17558 E GeckoConsole: UpdateSessionStore@resource://gre/modules/SessionStoreFunctions.sys.mjs:16:46
06-02 15:51:16.446 17430 17558 E GeckoConsole: [JavaScript Error: "TypeError: can't access property "WindowEventDispatcher", win is null" {file: "resource://gre/modules/GeckoViewSessionStore.sys.mjs" line: 149}]
06-02 15:51:16.446 17430 17558 E GeckoConsole: onTabStateUpdate@resource://gre/modules/GeckoViewSessionStore.sys.mjs:149:5
06-02 15:51:16.446 17430 17558 E GeckoConsole: updateSessionStoreFromTabListener@resource://gre/modules/GeckoViewSessionStore.sys.mjs:243:10
06-02 15:51:16.446 17430 17558 E GeckoConsole: SSF_updateSessionStore@resource://gre/modules/SessionStoreFunctions.sys.mjs:46:27
06-02 15:51:16.446 17430 17558 E GeckoConsole: UpdateSessionStore@resource://gre/modules/SessionStoreFunctions.sys.mjs:16:46
06-02 15:51:18.634 17430 17453 W VibeKeyProfiler: Slow Native Suggest: Total=14.16ms | Init=0.11ms | TrieExpand(x8)=13.98ms | Scoring=0.06ms | inputSize=13
06-02 15:51:18.637 17430 17463 W VibeKeyProfiler: Slow Kotlin Suggest: Total=27.38ms | locales=3 | typedLen=13 | candidates=17 parallelWait=26.91ms
06-02 15:51:24.346 17430 19043 W ServiceBindIntentUtils: Dynamic lookup for intent failed for action: com.google.android.gms.ads.service.START
06-02 15:51:24.532 17430 19025 W Ads     : Not retrying to fetch app settings
06-02 15:51:24.546 17430 19034 W Ads     : Not retrying to fetch app settings
06-02 15:51:24.694 17430 17430 W AdManager: Rewarded load failed tier=PRIMARY code=3 domain=com.google.android.gms.ads message=Publisher data not found. <https://support.google.com/admob/answer/9905175#9>
06-02 15:51:24.901 17430 17430 W AdManager: Native ad failed to load: code=3 message=Publisher data not found. <https://support.google.com/admob/answer/9905175#9>
06-02 15:51:24.905 17430 17430 W AdManager: Interstitial ad failed to load: code=3 message=Publisher data not found. <https://support.google.com/admob/answer/9905175#9>
06-02 15:51:30.601 17430 17430 E GeckoView: Failed to detach WindowInsetsListener: 
06-02 15:51:30.601 17430 17430 E GeckoView: java.lang.NullPointerException: Attempt to invoke virtual method 'android.view.Window android.app.Activity.getWindow()' on a null object reference
06-02 15:51:30.601 17430 17430 E GeckoView: 	at org.mozilla.geckoview.GeckoView.detachWindowInsetsListener(r8-map-id-08e2307681d6621a5a52463951b5d967d5d43ab1566325f3133e44aba5007d52:1)
06-02 15:51:30.601 17430 17430 E GeckoView: 	at org.mozilla.geckoview.GeckoView.onDetachedFromWindow(r8-map-id-08e2307681d6621a5a52463951b5d967d5d43ab1566325f3133e44aba5007d52:25)
06-02 15:51:30.601 17430 17430 E GeckoView: 	at android.view.View.dispatchDetachedFromWindow(View.java:20955)
06-02 15:51:30.601 17430 17430 E GeckoView: 	at android.view.ViewGroup.dispatchDetachedFromWindow(ViewGroup.java:4014)
06-02 15:51:30.601 17430 17430 E GeckoView: 	at android.view.ViewGroup.removeViewInternal(ViewGroup.java:5660)
06-02 15:51:30.601 17430 17430 E GeckoView: 	at android.view.ViewGroup.removeViewAt(ViewGroup.java:5607)
06-02 15:51:30.601 17430 17430 E GeckoView: 	at helium314.keyboard.latin.panels.BrowserPanelView.V(r8-map-id-08e2307681d6621a5a52463951b5d967d5d43ab1566325f3133e44aba5007d52:265)
06-02 15:51:30.601 17430 17430 E GeckoView: 	at y7.c2.run(r8-map-id-08e2307681d6621a5a52463951b5d967d5d43ab1566325f3133e44aba5007d52:18)
06-02 15:51:30.601 17430 17430 E GeckoView: 	at android.os.Handler.handleCallback(Handler.java:938)
06-02 15:51:30.601 17430 17430 E GeckoView: 	at android.os.Handler.dispatchMessage(Handler.java:99)
06-02 15:51:30.601 17430 17430 E GeckoView: 	at android.os.Looper.loopOnce(Looper.java:233)
06-02 15:51:30.601 17430 17430 E GeckoView: 	at android.os.Looper.loop(Looper.java:344)
06-02 15:51:30.601 17430 17430 E GeckoView: 	at android.app.ActivityThread.main(ActivityThread.java:8212)
06-02 15:51:30.601 17430 17430 E GeckoView: 	at java.lang.reflect.Method.invoke(Native Method)
06-02 15:51:30.601 17430 17430 E GeckoView: 	at com.android.internal.os.RuntimeInit$MethodAndArgsCaller.run(RuntimeInit.java:584)
06-02 15:51:30.601 17430 17430 E GeckoView: 	at com.android.internal.os.ZygoteInit.main(ZygoteInit.java:1034)
06-02 15:51:30.604 17430 17430 E GeckoView: Failed to attach WindowInsetsListener: 
06-02 15:51:30.604 17430 17430 E GeckoView: java.lang.NullPointerException: Attempt to invoke virtual method 'android.view.Window android.app.Activity.getWindow()' on a null object reference
06-02 15:51:30.604 17430 17430 E GeckoView: 	at org.mozilla.geckoview.GeckoView.attachWindowInsetsListener(r8-map-id-08e2307681d6621a5a52463951b5d967d5d43ab1566325f3133e44aba5007d52:1)
06-02 15:51:30.604 17430 17430 E GeckoView: 	at org.mozilla.geckoview.GeckoView.onAttachedToWindow(r8-map-id-08e2307681d6621a5a52463951b5d967d5d43ab1566325f3133e44aba5007d52:49)
06-02 15:51:30.604 17430 17430 E GeckoView: 	at android.view.View.dispatchAttachedToWindow(View.java:20900)
06-02 15:51:30.604 17430 17430 E GeckoView: 	at android.view.ViewGroup.dispatchAttachedToWindow(ViewGroup.java:3539)
06-02 15:51:30.604 17430 17430 E GeckoView: 	at android.view.ViewGroup.addViewInner(ViewGroup.java:5378)
06-02 15:51:30.604 17430 17430 E GeckoView: 	at android.view.ViewGroup.addView(ViewGroup.java:5156)
06-02 15:51:30.604 17430 17430 E GeckoView: 	at android.view.ViewGroup.addView(ViewGroup.java:5096)
06-02 15:51:30.604 17430 17430 E GeckoView: 	at db.i.run(r8-map-id-08e2307681d6621a5a52463951b5d967d5d43ab1566325f3133e44aba5007d52:147)
06-02 15:51:30.604 17430 17430 E GeckoView: 	at android.os.Handler.handleCallback(Handler.java:938)
06-02 15:51:30.604 17430 17430 E GeckoView: 	at android.os.Handler.dispatchMessage(Handler.java:99)
06-02 15:51:30.604 17430 17430 E GeckoView: 	at android.os.Looper.loopOnce(Looper.java:233)
06-02 15:51:30.604 17430 17430 E GeckoView: 	at android.os.Looper.loop(Looper.java:344)
06-02 15:51:30.604 17430 17430 E GeckoView: 	at android.app.ActivityThread.main(ActivityThread.java:8212)
06-02 15:51:30.604 17430 17430 E GeckoView: 	at java.lang.reflect.Method.invoke(Native Method)
06-02 15:51:30.604 17430 17430 E GeckoView: 	at com.android.internal.os.RuntimeInit$MethodAndArgsCaller.run(RuntimeInit.java:584)
06-02 15:51:30.604 17430 17430 E GeckoView: 	at com.android.internal.os.ZygoteInit.main(ZygoteInit.java:1034)
06-02 15:51:30.645 17592 17627 W GeckoEditableChild: No editable parent
06-02 15:51:30.916 17430 17430 W com.vibekey.keyboard: type=1400 audit(0.0:53752): avc: denied { nlmsg_readpriv } for comm=536F636B657420546872656164 scontext=u:r:untrusted_app:s0:c53,c271,c512,c768 tcontext=u:r:untrusted_app:s0:c53,c271,c512,c768 tclass=netlink_route_socket permissive=0 bug=b/155595000 app=com.vibekey.keyboard
06-02 15:51:31.448 17430 17430 W GeckoEventDispatcher: No listener for GeckoView:DismissClipboardPermissionRequest
06-02 15:51:31.718 18971 18988 W AudioCapabilities: Unsupported mime audio/ffmpeg
06-02 15:51:31.719 18971 18988 W VideoCapabilities: Unsupported mime video/ffmpeg
06-02 15:51:31.720 18971 18988 W VideoCapabilities: Unrecognized profile/level 0/3 for video/mpeg2
06-02 15:51:31.720 18971 18988 W VideoCapabilities: Unrecognized profile/level 0/3 for video/mpeg2
06-02 15:51:31.726 19135 19135 E .keyboard:tab2: Unknown bits set in runtime_flags: 0x40000000
06-02 15:51:31.807 19135 19154 E GeckoLibLoad: Load sqlite start
06-02 15:51:31.811 19135 19154 E GeckoLibLoad: Load sqlite done
06-02 15:51:31.812 19135 19154 E GeckoLibLoad: Load nss start
06-02 15:51:31.812 19135 19154 E GeckoLibLoad: Load nss done
06-02 15:51:31.835 19135 19154 E GeckoLibLoad: Loaded libs in 22.990990ms total, 9ms(6ms) user, 13ms(15ms) system, 0(0) faults
06-02 15:51:31.835 19135 19154 W GeckoThread: zerdatime 106734696 - runGecko
06-02 15:51:32.013 17430 17430 W GeckoSession: No history entries found.
06-02 15:51:32.139 18971 18988 E Isolated Web Content: [JavaScript Error: "TypeError: can't access property "track", window.zion_analytics is undefined" {file: "https://www.cnn.com/" line: 13021}]
06-02 15:51:32.139 18971 18988 E Isolated Web Content: c@https://www.cnn.com/:13021:1219
06-02 15:51:32.139 18971 18988 E Isolated Web Content: T@https://www.cnn.com/:13021:1442
06-02 15:51:32.196 17430 17430 W com.vibekey.keyboard: type=1400 audit(0.0:53753): avc: denied { nlmsg_readpriv } for comm=536F636B657420546872656164 scontext=u:r:untrusted_app:s0:c53,c271,c512,c768 tcontext=u:r:untrusted_app:s0:c53,c271,c512,c768 tclass=netlink_route_socket permissive=0 bug=b/155595000 app=com.vibekey.keyboard
06-02 15:51:32.286 17430 17430 W com.vibekey.keyboard: type=1400 audit(0.0:53754): avc: denied { nlmsg_readpriv } for comm=536F636B657420546872656164 scontext=u:r:untrusted_app:s0:c53,c271,c512,c768 tcontext=u:r:untrusted_app:s0:c53,c271,c512,c768 tclass=netlink_route_socket permissive=0 bug=b/155595000 app=com.vibekey.keyboard
06-02 15:51:32.406 17430 17430 W com.vibekey.keyboard: type=1400 audit(0.0:53755): avc: denied { nlmsg_readpriv } for comm=536F636B657420546872656164 scontext=u:r:untrusted_app:s0:c53,c271,c512,c768 tcontext=u:r:untrusted_app:s0:c53,c271,c512,c768 tclass=netlink_route_socket permissive=0 bug=b/155595000 app=com.vibekey.keyboard
06-02 15:51:35.282 17430 17430 W GeckoEventDispatcher: No listener for GeckoView:DismissClipboardPermissionRequest
06-02 15:51:36.880 17430 19223 W ServiceBindIntentUtils: Dynamic lookup for intent failed for action: com.google.android.gms.ads.service.START
06-02 15:51:36.897 17430 19222 W Ads     : Not retrying to fetch app settings
06-02 15:51:36.906 17430 19032 W Ads     : Not retrying to fetch app settings
06-02 15:51:36.907 17430 17430 W Settings: Setting transition_animation_scale has moved from android.provider.Settings.System to android.provider.Settings.Global, returning read-only value.
06-02 15:51:37.331 17430 17430 W AdManager: Rewarded load failed tier=PRIMARY code=3 domain=com.google.android.gms.ads message=Publisher data not found. <https://support.google.com/admob/answer/9905175#9>
06-02 15:51:37.342 17430 17430 W AdManager: Interstitial ad failed to load: code=3 message=Publisher data not found. <https://support.google.com/admob/answer/9905175#9>
06-02 15:51:37.359 17430 17430 W AdManager: Native ad failed to load: code=3 message=Publisher data not found. <https://support.google.com/admob/answer/9905175#9>
06-02 15:51:39.741 17430 19032 W Ads     : Not retrying to fetch app settings
06-02 15:51:39.867 17430 17430 W AdManager: Rewarded load failed tier=PRIMARY code=3 domain=com.google.android.gms.ads message=Publisher data not found. <https://support.google.com/admob/answer/9905175#9>
06-02 15:51:39.935 17430 19216 W Ads     : Not retrying to fetch app settings
06-02 15:51:39.945 17430 19216 W Ads     : Not retrying to fetch app settings
06-02 15:51:40.194 17430 17430 W AdManager: Interstitial ad failed to load: code=3 message=Publisher data not found. <https://support.google.com/admob/answer/9905175#9>
06-02 15:51:40.196 17430 17430 W AdManager: Native ad failed to load: code=3 message=Publisher data not found. <https://support.google.com/admob/answer/9905175#9>
06-02 15:51:42.111 17430 17505 E BLASTBufferQueue: BLASTBufferItemConsumer::onDisconnect()
06-02 15:51:45.249 17430 17505 E BLASTBufferQueue: BLASTBufferItemConsumer::onDisconnect()
06-02 15:51:46.794 17430 19206 E ActivityThread: Failed to find provider info for com.oplus.statistics.provider
06-02 15:51:46.794 17430 19206 E OplusStatistics--: IllegalArgumentException:java.lang.IllegalArgumentException: Unknown URL content://com.oplus.statistics.provider/track_event


2026-06-02 15:49:23.482403 W f0: Could not load system glide typing library jni_latinimegoogle: dlopen failed: library "libjni_latinimegoogle.so" not found
2026-06-02 15:49:23.524455 I startup: Starting com.vibekey.keyboard version 4.1.143 (4243) on Android 12 (SDK 31)
2026-06-02 15:49:23.531022 I LatinIME: Hardware accelerated drawing: true
2026-06-02 15:49:23.665890 I SymSpellProvider: Detected asset languages: []
2026-06-02 15:49:23.669198 I NgramPredictor: Detected bigram asset languages: []
2026-06-02 15:49:23.672333 I NgramPredictor: Loaded 1 runtime bigram keys for fr
2026-06-02 15:49:23.675978 I RecencyTracker: init loaded 1 language file(s)
2026-06-02 15:49:23.679867 I AdaptiveTouchModel: Loaded touch model: 9 keys
2026-06-02 15:49:23.682037 I ContactsSuggProvider: READ_CONTACTS permission not granted, skipping contacts load
2026-06-02 15:49:23.808223 W c: onSharedPreferenceChanged called before loadSettings.
2026-06-02 15:49:23.808585 I KeyboardDesignEngine: Bundled defaults/nike_sneaker_pixel_art.vktheme added to favorites
2026-06-02 15:49:23.809327 W u: No editor info for this field. Bug?
2026-06-02 15:49:23.809418 I c: loadSettings
2026-06-02 15:49:23.832222 I p: resetDictionaries, force reloading main dictionary: false
2026-06-02 15:49:23.872181 I NgramPredictor: Detected bigram asset languages: []
2026-06-02 15:49:23.872889 I NgramPredictor: Loaded 1 runtime bigram keys for fr
2026-06-02 15:49:23.874324 I SymSpellProvider: Detected asset languages: []
2026-06-02 15:49:23.874374 I ConsentManager: UMP hydrate skipped: q6.k.getConsentInformation [class android.content.Context]
2026-06-02 15:49:23.874910 I AdManager: AdMob: publisher personalization DISABLED (non-personalized requests)
2026-06-02 15:49:24.260410 I AdManager: MobileAds.initialize scheduled — waiting for SDK + consent before loading ads
2026-06-02 15:49:24.263395 I LatinIME: ringer mode changed, zen_mode on: false
2026-06-02 15:49:33.223060 I c: loadSettings
2026-06-02 15:49:34.265533 I AdManager: MobileAds initialization complete
2026-06-02 15:49:34.266158 I ConsentManager: UMP hydrate skipped: q6.k.getConsentInformation [class android.content.Context]
2026-06-02 15:49:35.531631 I AdManager: Rewarded load start tier=PRIMARY unit=3310587093 waterfall=false
2026-06-02 15:49:35.949333 I SymSpellProvider: Built runtime SymSpell for it with 79998 words
2026-06-02 15:49:35.949513 I p: Built runtime SymSpell for it with 80000 words
2026-06-02 15:49:36.180582 W AdManager: Rewarded load failed tier=PRIMARY code=3 domain=com.google.android.gms.ads message=Publisher data not found. <https://support.google.com/admob/answer/9905175#9>
2026-06-02 15:49:36.193238 W AdManager: Interstitial ad failed to load: code=3 message=Publisher data not found. <https://support.google.com/admob/answer/9905175#9>
2026-06-02 15:49:36.215440 W AdManager: Native ad failed to load: code=3 message=Publisher data not found. <https://support.google.com/admob/answer/9905175#9>
2026-06-02 15:49:36.574145 I SymSpellProvider: Built runtime SymSpell for fr with 79962 words
2026-06-02 15:49:36.574335 I p: Built runtime SymSpell for fr with 80022 words
2026-06-02 15:49:36.649600 I SymSpellProvider: Built runtime SymSpell for en with 79998 words
2026-06-02 15:49:36.649781 I p: Built runtime SymSpell for en with 80000 words
2026-06-02 15:49:51.183668 I AdManager: Rewarded load start tier=PRIMARY unit=3310587093 waterfall=false
2026-06-02 15:49:51.751491 W AdManager: Native ad failed to load: code=3 message=Publisher data not found. <https://support.google.com/admob/answer/9905175#9>
2026-06-02 15:49:51.756794 W AdManager: Rewarded load failed tier=PRIMARY code=3 domain=com.google.android.gms.ads message=Publisher data not found. <https://support.google.com/admob/answer/9905175#9>
2026-06-02 15:49:51.766601 W AdManager: Interstitial ad failed to load: code=3 message=Publisher data not found. <https://support.google.com/admob/answer/9905175#9>
2026-06-02 15:50:06.795914 I AdManager: Rewarded load start tier=PRIMARY unit=3310587093 waterfall=false
2026-06-02 15:50:07.219520 W AdManager: Native ad failed to load: code=3 message=Publisher data not found. <https://support.google.com/admob/answer/9905175#9>
