06-02 15:30:36.716 25324 25324 W View    : requestLayout() improperly called by helium314.keyboard.latin.panels.BrowserPanelView{52dcbd5 V.E...... ........ 0,0-1440,2040} during second layout pass: posting in next frame
06-02 15:30:36.726 25324 25324 W View    : requestLayout() improperly called by helium314.keyboard.latin.panels.BrowserPanelView{52dcbd5 V.E...... ......I. 0,0-1440,2040} during layout: running second layout pass
06-02 15:30:36.730 25324 25324 W View    : requestLayout() improperly called by helium314.keyboard.latin.panels.BrowserPanelView{52dcbd5 V.E...... ........ 0,0-1440,2040} during second layout pass: posting in next frame
06-02 15:30:36.744 25324 25324 W View    : requestLayout() improperly called by helium314.keyboard.latin.panels.BrowserPanelView{52dcbd5 V.E...... ......I. 0,0-1440,2040} during layout: running second layout pass
06-02 15:30:36.748 25324 25324 W View    : requestLayout() improperly called by helium314.keyboard.latin.panels.BrowserPanelView{52dcbd5 V.E...... ........ 0,0-1440,2040} during second layout pass: posting in next frame
06-02 15:30:36.760 25324 25324 W View    : requestLayout() improperly called by helium314.keyboard.latin.panels.BrowserPanelView{52dcbd5 V.E...... ......I. 0,0-1440,2040} during layout: running second layout pass
06-02 15:30:36.763 25324 25324 W View    : requestLayout() improperly called by helium314.keyboard.latin.panels.BrowserPanelView{52dcbd5 V.E...... ........ 0,0-1440,2040} during second layout pass: posting in next frame
06-02 15:30:36.775 25324 25324 W View    : requestLayout() improperly called by helium314.keyboard.latin.panels.BrowserPanelView{52dcbd5 V.E...... ......I. 0,0-1440,2040} during layout: running second layout pass
06-02 15:30:36.778 25324 25324 W View    : requestLayout() improperly called by helium314.keyboard.latin.panels.BrowserPanelView{52dcbd5 V.E...... ........ 0,0-1440,2040} during second layout pass: posting in next frame
06-02 15:30:36.793 25324 25324 W View    : requestLayout() improperly called by helium314.keyboard.latin.panels.BrowserPanelView{52dcbd5 V.E...... ......I. 0,0-1440,2040} during layout: running second layout pass
06-02 15:30:36.800 25324 25324 W View    : requestLayout() improperly called by helium314.keyboard.latin.panels.BrowserPanelView{52dcbd5 V.E...... ........ 0,0-1440,2040} during second layout pass: posting in next frame
06-02 15:30:36.809 25324 25324 W View    : requestLayout() improperly called by helium314.keyboard.latin.panels.BrowserPanelView{52dcbd5 V.E...... ......I. 0,0-1440,2040} during layout: running second layout pass
06-02 15:30:36.812 25324 25324 W View    : requestLayout() improperly called by helium314.keyboard.latin.panels.BrowserPanelView{52dcbd5 V.E...... ........ 0,0-1440,2040} during second layout pass: posting in next frame
06-02 15:30:36.826 25324 25324 W View    : requestLayout() improperly called by helium314.keyboard.latin.panels.BrowserPanelView{52dcbd5 V.E...... ......I. 0,0-1440,2040} during layout: running second layout pass
06-02 15:30:36.830 25324 25324 W View    : requestLayout() improperly called by helium314.keyboard.latin.panels.BrowserPanelView{52dcbd5 V.E...... ........ 0,0-1440,2040} during second layout pass: posting in next frame
06-02 15:30:36.842 25324 25324 W View    : requestLayout() improperly called by helium314.keyboard.latin.panels.BrowserPanelView{52dcbd5 V.E...... ......I. 0,0-1440,2040} during layout: running second layout pass
06-02 15:30:36.847 25324 25324 W View    : requestLayout() improperly called by helium314.keyboard.latin.panels.BrowserPanelView{52dcbd5 V.E...... ........ 0,0-1440,2040} during second layout pass: posting in next frame
06-02 15:30:36.860 25324 25324 W View    : requestLayout() improperly called by helium314.keyboard.latin.panels.BrowserPanelView{52dcbd5 V.E...... ......I. 0,0-1440,2040} during layout: running second layout pass
06-02 15:30:36.871 25324 25324 W View    : requestLayout() improperly called by helium314.keyboard.latin.panels.BrowserPanelView{52dcbd5 V.E...... ........ 0,0-1440,2040} during second layout pass: posting in next frame
06-02 15:30:36.876 25324 25324 W View    : requestLayout() improperly called by helium314.keyboard.latin.panels.BrowserPanelView{52dcbd5 V.E...... ......I. 0,0-1440,2040} during layout: running second layout pass
06-02 15:30:36.880 25324 25324 W View    : requestLayout() improperly called by helium314.keyboard.latin.panels.BrowserPanelView{52dcbd5 V.E...... ........ 0,0-1440,2040} during second layout pass: posting in next frame
06-02 15:30:36.893 25324 25324 W View    : requestLayout() improperly called by helium314.keyboard.latin.panels.BrowserPanelView{52dcbd5 V.E...... ......I. 0,0-1440,2040} during layout: running second layout pass
06-02 15:30:36.896 25324 25324 W View    : requestLayout() improperly called by helium314.keyboard.latin.panels.BrowserPanelView{52dcbd5 V.E...... ........ 0,0-1440,2040} during second layout pass: posting in next frame
06-02 15:30:36.910 25324 25324 W View    : requestLayout() improperly called by helium314.keyboard.latin.panels.BrowserPanelView{52dcbd5 V.E...... ......I. 0,0-1440,2040} during layout: running second layout pass
06-02 15:30:36.913 25324 25324 W View    : requestLayout() improperly called by helium314.keyboard.latin.panels.BrowserPanelView{52dcbd5 V.E...... ........ 0,0-1440,2040} during second layout pass: posting in next frame
06-02 15:30:36.926 25324 25324 W View    : requestLayout() improperly called by helium314.keyboard.latin.panels.BrowserPanelView{52dcbd5 V.E...... ......I. 0,0-1440,2040} during layout: running second layout pass
06-02 15:30:36.928 25324 25324 W View    : requestLayout() improperly called by helium314.keyboard.latin.panels.BrowserPanelView{52dcbd5 V.E...... ........ 0,0-1440,2040} during second layout pass: posting in next frame
06-02 15:30:36.942 25324 25324 W View    : requestLayout() improperly called by helium314.keyboard.latin.panels.BrowserPanelView{52dcbd5 V.E...... ......I. 0,0-1440,2040} during layout: running second layout pass
06-02 15:30:36.947 25324 25324 W View    : requestLayout() improperly called by helium314.keyboard.latin.panels.BrowserPanelView{52dcbd5 V.E...... ........ 0,0-1440,2040} during second layout pass: posting in next frame
06-02 15:30:36.960 25324 25324 W View    : requestLayout() improperly called by helium314.keyboard.latin.panels.BrowserPanelView{52dcbd5 V.E...... ......I. 0,0-1440,2040} during layout: running second layout pass
06-02 15:30:36.963 25324 25324 W View    : requestLayout() improperly called by helium314.keyboard.latin.panels.BrowserPanelView{52dcbd5 V.E...... ........ 0,0-1440,2040} during second layout pass: posting in next frame
06-02 15:30:36.976 25324 25324 W View    : requestLayout() improperly called by helium314.keyboard.latin.panels.BrowserPanelView{52dcbd5 V.E...... ......ID 0,0-1440,2040} during layout: running second layout pass
06-02 15:30:36.981 25324 25324 W View    : requestLayout() improperly called by helium314.keyboard.latin.panels.BrowserPanelView{52dcbd5 V.E...... ........ 0,0-1440,2040} during second layout pass: posting in next frame
06-02 15:30:36.993 25324 25324 W View    : requestLayout() improperly called by helium314.keyboard.latin.panels.BrowserPanelView{52dcbd5 V.E...... ......I. 0,0-1440,2040} during layout: running second layout pass
06-02 15:30:36.995 25324 25324 W View    : requestLayout() improperly called by helium314.keyboard.latin.panels.BrowserPanelView{52dcbd5 V.E...... ........ 0,0-1440,2040} during second layout pass: posting in next frame
06-02 15:30:37.010 25324 25324 W View    : requestLayout() improperly called by helium314.keyboard.latin.panels.BrowserPanelView{52dcbd5 V.E...... ......I. 0,0-1440,2040} during layout: running second layout pass
06-02 15:30:37.013 25324 25324 W View    : requestLayout() improperly called by helium314.keyboard.latin.panels.BrowserPanelView{52dcbd5 V.E...... ........ 0,0-1440,2040} during second layout pass: posting in next frame
06-02 15:30:37.026 25324 25324 W View    : requestLayout() improperly called by helium314.keyboard.latin.panels.BrowserPanelView{52dcbd5 V.E...... ......I. 0,0-1440,2040} during layout: running second layout pass
06-02 15:30:37.033 25324 25324 W View    : requestLayout() improperly called by helium314.keyboard.latin.panels.BrowserPanelView{52dcbd5 V.E...... ........ 0,0-1440,2040} during second layout pass: posting in next frame
06-02 15:30:37.043 25324 25324 W View    : requestLayout() improperly called by helium314.keyboard.latin.panels.BrowserPanelView{52dcbd5 V.E...... ......I. 0,0-1440,2040} during layout: running second layout pass
06-02 15:30:37.048 25324 25324 W View    : requestLayout() improperly called by helium314.keyboard.latin.panels.BrowserPanelView{52dcbd5 V.E...... ........ 0,0-1440,2040} during second layout pass: posting in next frame
06-02 15:30:37.060 25324 25324 W View    : requestLayout() improperly called by helium314.keyboard.latin.panels.BrowserPanelView{52dcbd5 V.E...... ......I. 0,0-1440,2040} during layout: running second layout pass
06-02 15:30:37.063 25324 25324 W View    : requestLayout() improperly called by helium314.keyboard.latin.panels.BrowserPanelView{52dcbd5 V.E...... ........ 0,0-1440,2040} during second layout pass: posting in next frame
06-02 15:30:37.076 25324 25324 W View    : requestLayout() improperly called by helium314.keyboard.latin.panels.BrowserPanelView{52dcbd5 V.E...... ......I. 0,0-1440,2040} during layout: running second layout pass
06-02 15:30:37.081 25324 25324 W View    : requestLayout() improperly called by helium314.keyboard.latin.panels.BrowserPanelView{52dcbd5 V.E...... ........ 0,0-1440,2040} during second layout pass: posting in next frame
06-02 15:30:37.093 25324 25324 W View    : requestLayout() improperly called by helium314.keyboard.latin.panels.BrowserPanelView{52dcbd5 V.E...... ......I. 0,0-1440,2040} during layout: running second layout pass
06-02 15:30:37.098 25324 25324 W View    : requestLayout() improperly called by helium314.keyboard.latin.panels.BrowserPanelView{52dcbd5 V.E...... ........ 0,0-1440,2040} during second layout pass: posting in next frame
06-02 15:30:37.111 25324 25324 W View    : requestLayout() improperly called by helium314.keyboard.latin.panels.BrowserPanelView{52dcbd5 V.E...... ......I. 0,0-1440,2040} during layout: running second layout pass
06-02 15:30:37.116 25324 25324 W View    : requestLayout() improperly called by helium314.keyboard.latin.panels.BrowserPanelView{52dcbd5 V.E...... ........ 0,0-1440,2040} during second layout pass: posting in next frame
06-02 15:30:37.127 25324 25324 W View    : requestLayout() improperly called by helium314.keyboard.latin.panels.BrowserPanelView{52dcbd5 V.E...... ......I. 0,0-1440,2040} during layout: running second layout pass
06-02 15:30:37.135 25324 25324 W View    : requestLayout() improperly called by helium314.keyboard.latin.panels.BrowserPanelView{52dcbd5 V.E...... ........ 0,0-1440,2040} during second layout pass: posting in next frame
06-02 15:30:37.143 25324 25324 W View    : requestLayout() improperly called by helium314.keyboard.latin.panels.BrowserPanelView{52dcbd5 V.E...... ......ID 0,0-1440,2040} during layout: running second layout pass
06-02 15:30:37.148 25324 25324 W View    : requestLayout() improperly called by helium314.keyboard.latin.panels.BrowserPanelView{52dcbd5 V.E...... ........ 0,0-1440,2040} during second layout pass: posting in next frame
06-02 15:30:37.159 25324 25324 W View    : requestLayout() improperly called by helium314.keyboard.latin.panels.BrowserPanelView{52dcbd5 V.E...... ......ID 0,0-1440,2040} during layout: running second layout pass
06-02 15:30:37.162 25324 25324 W View    : requestLayout() improperly called by helium314.keyboard.latin.panels.BrowserPanelView{52dcbd5 V.E...... ........ 0,0-1440,2040} during second layout pass: posting in next frame
06-02 15:30:37.177 25324 25324 W View    : requestLayout() improperly called by helium314.keyboard.latin.panels.BrowserPanelView{52dcbd5 V.E...... ......ID 0,0-1440,2040} during layout: running second layout pass
06-02 15:30:37.183 25324 25324 W View    : requestLayout() improperly called by helium314.keyboard.latin.panels.BrowserPanelView{52dcbd5 V.E...... ........ 0,0-1440,2040} during second layout pass: posting in next frame
06-02 15:30:37.193 25324 25324 W View    : requestLayout() improperly called by helium314.keyboard.latin.panels.BrowserPanelView{52dcbd5 V.E...... ......ID 0,0-1440,2040} during layout: running second layout pass
06-02 15:30:37.198 25324 25324 W View    : requestLayout() improperly called by helium314.keyboard.latin.panels.BrowserPanelView{52dcbd5 V.E...... ........ 0,0-1440,2040} during second layout pass: posting in next frame
06-02 15:30:37.209 25324 25324 W View    : requestLayout() improperly called by helium314.keyboard.latin.panels.BrowserPanelView{52dcbd5 V.E...... ......ID 0,0-1440,2040} during layout: running second layout pass
06-02 15:30:37.214 25324 25324 W GeckoEventDispatcher: No listener for GeckoView:DismissClipboardPermissionRequest
06-02 15:30:37.218 25324 29726 E BLASTBufferQueue: BLASTBufferItemConsumer::onDisconnect()
06-02 15:30:37.264 25324 25324 W View    : requestLayout() improperly called by helium314.keyboard.latin.panels.BrowserPanelView{52dcbd5 G.E...... ......ID 0,0-1440,2040} during second layout pass: posting in next frame
06-02 15:30:37.285 25324 25324 W GeckoSession: No history entries found.
06-02 15:30:37.286 25324 25324 W View    : requestLayout() improperly called by helium314.keyboard.latin.panels.BrowserPanelView{52dcbd5 G.E...... ......ID 0,0-1440,2040} during second layout pass: posting in next frame
06-02 15:30:37.867 25369 25387 W VibeKeyLlama: Assist system-prefix KV mismatch; replaying full prompt
06-02 15:30:38.298 25324 25324 W GeckoEventDispatcher: No listener for GeckoView:DismissClipboardPermissionRequest
06-02 15:30:38.331 25324 25324 W GeckoEventDispatcher: No listener for GeckoView:DismissClipboardPermissionRequest
06-02 15:30:38.346 25324 25324 W View    : requestLayout() improperly called by helium314.keyboard.latin.panels.BrowserPanelView{52dcbd5 V.E...... ......ID 0,0-1440,2040} during layout: running second layout pass
06-02 15:30:38.362 25324 25324 W View    : requestLayout() improperly called by helium314.keyboard.latin.panels.BrowserPanelView{52dcbd5 V.E...... ......ID 0,0-1440,2040} during layout: running second layout pass
06-02 15:30:38.367 25324 25324 W View    : requestLayout() improperly called by helium314.keyboard.latin.panels.BrowserPanelView{52dcbd5 V.E...... ......I. 0,0-1440,2040} during second layout pass: posting in next frame
06-02 15:30:38.368 25324 25324 W View    : requestLayout() improperly called by helium314.keyboard.latin.panels.BrowserPanelView{52dcbd5 V.E...... ......ID 0,0-1440,2040} during layout: running second layout pass
06-02 15:30:38.371 25324 25324 W View    : requestLayout() improperly called by helium314.keyboard.latin.panels.BrowserPanelView{52dcbd5 V.E...... ........ 0,0-1440,2040} during second layout pass: posting in next frame
06-02 15:30:38.379 25324 25324 W View    : requestLayout() improperly called by helium314.keyboard.latin.panels.BrowserPanelView{52dcbd5 V.E...... ......ID 0,0-1440,2040} during layout: running second layout pass
06-02 15:30:38.382 25324 25324 W View    : requestLayout() improperly called by helium314.keyboard.latin.panels.BrowserPanelView{52dcbd5 V.E...... ........ 0,0-1440,2040} during second layout pass: posting in next frame
06-02 15:30:38.396 25324 25324 W View    : requestLayout() improperly called by helium314.keyboard.latin.panels.BrowserPanelView{52dcbd5 V.E...... ......ID 0,0-1440,2040} during layout: running second layout pass
06-02 15:30:38.400 25324 25324 W View    : requestLayout() improperly called by helium314.keyboard.latin.panels.BrowserPanelView{52dcbd5 V.E...... ........ 0,0-1440,2040} during second layout pass: posting in next frame
06-02 15:30:38.416 25324 25324 W View    : requestLayout() improperly called by helium314.keyboard.latin.panels.BrowserPanelView{52dcbd5 V.E...... ......ID 0,0-1440,2040} during layout: running second layout pass
06-02 15:30:38.419 25324 25324 W View    : requestLayout() improperly called by helium314.keyboard.latin.panels.BrowserPanelView{52dcbd5 V.E...... ........ 0,0-1440,2040} during second layout pass: posting in next frame
06-02 15:30:38.429 25324 25324 W View    : requestLayout() improperly called by helium314.keyboard.latin.panels.BrowserPanelView{52dcbd5 V.E...... ......I. 0,0-1440,2040} during layout: running second layout pass
06-02 15:30:38.431 25324 25324 W View    : requestLayout() improperly called by helium314.keyboard.latin.panels.BrowserPanelView{52dcbd5 V.E...... ........ 0,0-1440,2040} during second layout pass: posting in next frame
06-02 15:30:38.447 25324 25324 W View    : requestLayout() improperly called by helium314.keyboard.latin.panels.BrowserPanelView{52dcbd5 V.E...... ......I. 0,0-1440,2040} during layout: running second layout pass
06-02 15:30:38.450 25324 25324 W View    : requestLayout() improperly called by helium314.keyboard.latin.panels.BrowserPanelView{52dcbd5 V.E...... ........ 0,0-1440,2040} during second layout pass: posting in next frame
06-02 15:30:38.463 25324 25324 W View    : requestLayout() improperly called by helium314.keyboard.latin.panels.BrowserPanelView{52dcbd5 V.E...... ......I. 0,0-1440,2040} during layout: running second layout pass
06-02 15:30:38.471 25324 25324 W View    : requestLayout() improperly called by helium314.keyboard.latin.panels.BrowserPanelView{52dcbd5 V.E...... ........ 0,0-1440,2040} during second layout pass: posting in next frame
06-02 15:30:38.480 25324 25324 W View    : requestLayout() improperly called by helium314.keyboard.latin.panels.BrowserPanelView{52dcbd5 V.E...... ......I. 0,0-1440,2040} during layout: running second layout pass
06-02 15:30:38.488 25324 25324 W View    : requestLayout() improperly called by helium314.keyboard.latin.panels.BrowserPanelView{52dcbd5 V.E...... ......I. 0,0-1440,2040} during second layout pass: posting in next frame
06-02 15:30:38.497 25324 25324 W View    : requestLayout() improperly called by helium314.keyboard.latin.panels.BrowserPanelView{52dcbd5 V.E...... ......I. 0,0-1440,2040} during layout: running second layout pass
06-02 15:30:38.502 25324 25324 W View    : requestLayout() improperly called by helium314.keyboard.latin.panels.BrowserPanelView{52dcbd5 V.E...... ........ 0,0-1440,2040} during second layout pass: posting in next frame
06-02 15:30:38.513 25324 25324 W View    : requestLayout() improperly called by helium314.keyboard.latin.panels.BrowserPanelView{52dcbd5 V.E...... ......I. 0,0-1440,2040} during layout: running second layout pass
06-02 15:30:38.517 25324 25324 W View    : requestLayout() improperly called by helium314.keyboard.latin.panels.BrowserPanelView{52dcbd5 V.E...... ........ 0,0-1440,2040} during second layout pass: posting in next frame
06-02 15:30:38.529 25324 25324 W View    : requestLayout() improperly called by helium314.keyboard.latin.panels.BrowserPanelView{52dcbd5 V.E...... ......I. 0,0-1440,2040} during layout: running second layout pass
06-02 15:30:38.535 25324 25324 W View    : requestLayout() improperly called by helium314.keyboard.latin.panels.BrowserPanelView{52dcbd5 V.E...... ........ 0,0-1440,2040} during second layout pass: posting in next frame
06-02 15:30:38.546 25324 25324 W View    : requestLayout() improperly called by helium314.keyboard.latin.panels.BrowserPanelView{52dcbd5 V.E...... ......I. 0,0-1440,2040} during layout: running second layout pass
06-02 15:30:38.548 25324 25324 W View    : requestLayout() improperly called by helium314.keyboard.latin.panels.BrowserPanelView{52dcbd5 V.E...... ......I. 0,0-1440,2040} during second layout pass: posting in next frame
06-02 15:30:38.563 25324 25324 W View    : requestLayout() improperly called by helium314.keyboard.latin.panels.BrowserPanelView{52dcbd5 V.E...... ......I. 0,0-1440,2040} during layout: running second layout pass
06-02 15:30:38.567 25324 25324 W View    : requestLayout() improperly called by helium314.keyboard.latin.panels.BrowserPanelView{52dcbd5 V.E...... ........ 0,0-1440,2040} during second layout pass: posting in next frame
06-02 15:30:38.585 25324 25324 W View    : requestLayout() improperly called by helium314.keyboard.latin.panels.BrowserPanelView{52dcbd5 V.E...... ......I. 0,0-1440,2040} during layout: running second layout pass
06-02 15:30:38.589 25324 25324 W View    : requestLayout() improperly called by helium314.keyboard.latin.panels.BrowserPanelView{52dcbd5 V.E...... ........ 0,0-1440,2040} during second layout pass: posting in next frame
06-02 15:30:38.597 25324 25324 W View    : requestLayout() improperly called by helium314.keyboard.latin.panels.BrowserPanelView{52dcbd5 V.E...... ......I. 0,0-1440,2040} during layout: running second layout pass
06-02 15:30:38.602 25324 25324 W View    : requestLayout() improperly called by helium314.keyboard.latin.panels.BrowserPanelView{52dcbd5 V.E...... ........ 0,0-1440,2040} during second layout pass: posting in next frame
06-02 15:30:38.613 25324 25324 W View    : requestLayout() improperly called by helium314.keyboard.latin.panels.BrowserPanelView{52dcbd5 V.E...... ......I. 0,0-1440,2040} during layout: running second layout pass
06-02 15:30:38.626 25324 25324 W View    : requestLayout() improperly called by helium314.keyboard.latin.panels.BrowserPanelView{52dcbd5 V.E...... ........ 0,0-1440,2040} during second layout pass: posting in next frame
06-02 15:30:38.631 25324 25324 W View    : requestLayout() improperly called by helium314.keyboard.latin.panels.BrowserPanelView{52dcbd5 V.E...... ......I. 0,0-1440,2040} during layout: running second layout pass
06-02 15:30:38.641 25324 25324 W View    : requestLayout() improperly called by helium314.keyboard.latin.panels.BrowserPanelView{52dcbd5 V.E...... ........ 0,0-1440,2040} during second layout pass: posting in next frame
06-02 15:30:38.647 25324 25324 W View    : requestLayout() improperly called by helium314.keyboard.latin.panels.BrowserPanelView{52dcbd5 V.E...... ......I. 0,0-1440,2040} during layout: running second layout pass
06-02 15:30:38.653 25324 25324 W View    : requestLayout() improperly called by helium314.keyboard.latin.panels.BrowserPanelView{52dcbd5 V.E...... ........ 0,0-1440,2040} during second layout pass: posting in next frame
06-02 15:30:38.662 25324 25324 W View    : requestLayout() improperly called by helium314.keyboard.latin.panels.BrowserPanelView{52dcbd5 V.E...... ......I. 0,0-1440,2040} during layout: running second layout pass
06-02 15:30:38.668 25324 25324 W View    : requestLayout() improperly called by helium314.keyboard.latin.panels.BrowserPanelView{52dcbd5 V.E...... ........ 0,0-1440,2040} during second layout pass: posting in next frame
06-02 15:30:38.681 25324 25324 W View    : requestLayout() improperly called by helium314.keyboard.latin.panels.BrowserPanelView{52dcbd5 V.E...... ......I. 0,0-1440,2040} during layout: running second layout pass
06-02 15:30:38.686 25324 25324 W View    : requestLayout() improperly called by helium314.keyboard.latin.panels.BrowserPanelView{52dcbd5 V.E...... ........ 0,0-1440,2040} during second layout pass: posting in next frame
06-02 15:30:38.698 25324 25324 W View    : requestLayout() improperly called by helium314.keyboard.latin.panels.BrowserPanelView{52dcbd5 V.E...... ......I. 0,0-1440,2040} during layout: running second layout pass
06-02 15:30:38.706 25324 25324 W View    : requestLayout() improperly called by helium314.keyboard.latin.panels.BrowserPanelView{52dcbd5 V.E...... ........ 0,0-1440,2040} during second layout pass: posting in next frame
06-02 15:30:38.715 25324 25324 W View    : requestLayout() improperly called by helium314.keyboard.latin.panels.BrowserPanelView{52dcbd5 V.E...... ......I. 0,0-1440,2040} during layout: running second layout pass
06-02 15:30:38.727 25324 25324 W View    : requestLayout() improperly called by helium314.keyboard.latin.panels.BrowserPanelView{52dcbd5 V.E...... ........ 0,0-1440,2040} during second layout pass: posting in next frame
06-02 15:30:38.730 25324 25324 W View    : requestLayout() improperly called by helium314.keyboard.latin.panels.BrowserPanelView{52dcbd5 V.E...... ......I. 0,0-1440,2040} during layout: running second layout pass
06-02 15:30:38.738 25324 25324 W View    : requestLayout() improperly called by helium314.keyboard.latin.panels.BrowserPanelView{52dcbd5 V.E...... ........ 0,0-1440,2040} during second layout pass: posting in next frame
06-02 15:30:38.747 25324 25324 W View    : requestLayout() improperly called by helium314.keyboard.latin.panels.BrowserPanelView{52dcbd5 V.E...... ......I. 0,0-1440,2040} during layout: running second layout pass
06-02 15:30:38.750 25324 25324 W View    : requestLayout() improperly called by helium314.keyboard.latin.panels.BrowserPanelView{52dcbd5 V.E...... ........ 0,0-1440,2040} during second layout pass: posting in next frame
06-02 15:30:38.763 25324 25324 W View    : requestLayout() improperly called by helium314.keyboard.latin.panels.BrowserPanelView{52dcbd5 V.E...... ......I. 0,0-1440,2040} during layout: running second layout pass
06-02 15:30:38.768 25324 25324 W View    : requestLayout() improperly called by helium314.keyboard.latin.panels.BrowserPanelView{52dcbd5 V.E...... ........ 0,0-1440,2040} during second layout pass: posting in next frame
06-02 15:30:38.780 25324 25324 W View    : requestLayout() improperly called by helium314.keyboard.latin.panels.BrowserPanelView{52dcbd5 V.E...... ......I. 0,0-1440,2040} during layout: running second layout pass
06-02 15:30:38.784 25324 25324 W View    : requestLayout() improperly called by helium314.keyboard.latin.panels.BrowserPanelView{52dcbd5 V.E...... ........ 0,0-1440,2040} during second layout pass: posting in next frame
06-02 15:30:38.797 25324 25324 W View    : requestLayout() improperly called by helium314.keyboard.latin.panels.BrowserPanelView{52dcbd5 V.E...... ......I. 0,0-1440,2040} during layout: running second layout pass
06-02 15:30:38.801 25324 25324 W View    : requestLayout() improperly called by helium314.keyboard.latin.panels.BrowserPanelView{52dcbd5 V.E...... ........ 0,0-1440,2040} during second layout pass: posting in next frame
06-02 15:30:38.812 25324 25324 W View    : requestLayout() improperly called by helium314.keyboard.latin.panels.BrowserPanelView{52dcbd5 V.E...... ......I. 0,0-1440,2040} during layout: running second layout pass
06-02 15:30:38.817 25324 25324 W View    : requestLayout() improperly called by helium314.keyboard.latin.panels.BrowserPanelView{52dcbd5 V.E...... ........ 0,0-1440,2040} during second layout pass: posting in next frame
06-02 15:30:38.829 25324 25324 W View    : requestLayout() improperly called by helium314.keyboard.latin.panels.BrowserPanelView{52dcbd5 V.E...... ......I. 0,0-1440,2040} during layout: running second layout pass
06-02 15:30:38.832 25324 25324 W View    : requestLayout() improperly called by helium314.keyboard.latin.panels.BrowserPanelView{52dcbd5 V.E...... ........ 0,0-1440,2040} during second layout pass: posting in next frame
06-02 15:30:38.846 25324 25324 W View    : requestLayout() improperly called by helium314.keyboard.latin.panels.BrowserPanelView{52dcbd5 V.E...... ......I. 0,0-1440,2040} during layout: running second layout pass
06-02 15:30:38.848 25324 25324 W View    : requestLayout() improperly called by helium314.keyboard.latin.panels.BrowserPanelView{52dcbd5 V.E...... ........ 0,0-1440,2040} during second layout pass: posting in next frame
06-02 15:30:38.863 25324 25324 W View    : requestLayout() improperly called by helium314.keyboard.latin.panels.BrowserPanelView{52dcbd5 V.E...... ......I. 0,0-1440,2040} during layout: running second layout pass
06-02 15:30:38.866 25324 25324 W View    : requestLayout() improperly called by helium314.keyboard.latin.panels.BrowserPanelView{52dcbd5 V.E...... .......D 0,0-1440,2040} during second layout pass: posting in next frame
06-02 15:30:38.879 25324 25324 W View    : requestLayout() improperly called by helium314.keyboard.latin.panels.BrowserPanelView{52dcbd5 V.E...... ......ID 0,0-1440,2040} during layout: running second layout pass
06-02 15:30:38.882 25324 25324 W View    : requestLayout() improperly called by helium314.keyboard.latin.panels.BrowserPanelView{52dcbd5 V.E...... ........ 0,0-1440,2040} during second layout pass: posting in next frame
06-02 15:30:38.897 25324 25324 W View    : requestLayout() improperly called by helium314.keyboard.latin.panels.BrowserPanelView{52dcbd5 V.E...... ......I. 0,0-1440,2040} during layout: running second layout pass
06-02 15:30:38.899 25324 25324 W View    : requestLayout() improperly called by helium314.keyboard.latin.panels.BrowserPanelView{52dcbd5 V.E...... ........ 0,0-1440,2040} during second layout pass: posting in next frame
06-02 15:30:38.914 25324 25324 W View    : requestLayout() improperly called by helium314.keyboard.latin.panels.BrowserPanelView{52dcbd5 V.E...... ......I. 0,0-1440,2040} during layout: running second layout pass
06-02 15:30:38.918 25324 25324 W View    : requestLayout() improperly called by helium314.keyboard.latin.panels.BrowserPanelView{52dcbd5 V.E...... ........ 0,0-1440,2040} during second layout pass: posting in next frame
06-02 15:30:38.930 25324 25324 W View    : requestLayout() improperly called by helium314.keyboard.latin.panels.BrowserPanelView{52dcbd5 V.E...... ......I. 0,0-1440,2040} during layout: running second layout pass
06-02 15:30:38.932 25324 25324 W View    : requestLayout() improperly called by helium314.keyboard.latin.panels.BrowserPanelView{52dcbd5 V.E...... ........ 0,0-1440,2040} during second layout pass: posting in next frame
06-02 15:30:38.948 25324 25324 W View    : requestLayout() improperly called by helium314.keyboard.latin.panels.BrowserPanelView{52dcbd5 V.E...... ......I. 0,0-1440,2040} during layout: running second layout pass
06-02 15:30:38.958 25324 25324 W View    : requestLayout() improperly called by helium314.keyboard.latin.panels.BrowserPanelView{52dcbd5 V.E...... ........ 0,0-1440,2040} during second layout pass: posting in next frame
06-02 15:30:38.964 25324 25324 W View    : requestLayout() improperly called by helium314.keyboard.latin.panels.BrowserPanelView{52dcbd5 V.E...... ......I. 0,0-1440,2040} during layout: running second layout pass
06-02 15:30:38.967 25324 25324 W View    : requestLayout() improperly called by helium314.keyboard.latin.panels.BrowserPanelView{52dcbd5 V.E...... ........ 0,0-1440,2040} during second layout pass: posting in next frame
06-02 15:30:38.981 25324 25324 W View    : requestLayout() improperly called by helium314.keyboard.latin.panels.BrowserPanelView{52dcbd5 V.E...... ......I. 0,0-1440,2040} during layout: running second layout pass
06-02 15:30:38.987 25324 25324 W View    : requestLayout() improperly called by helium314.keyboard.latin.panels.BrowserPanelView{52dcbd5 V.E...... ........ 0,0-1440,2040} during second layout pass: posting in next frame
06-02 15:30:38.997 25324 25324 W View    : requestLayout() improperly called by helium314.keyboard.latin.panels.BrowserPanelView{52dcbd5 V.E...... ......I. 0,0-1440,2040} during layout: running second layout pass
06-02 15:30:39.007 25324 25324 W View    : requestLayout() improperly called by helium314.keyboard.latin.panels.BrowserPanelView{52dcbd5 V.E...... ........ 0,0-1440,2040} during second layout pass: posting in next frame
06-02 15:30:39.013 25324 25324 W View    : requestLayout() improperly called by helium314.keyboard.latin.panels.BrowserPanelView{52dcbd5 V.E...... ......I. 0,0-1440,2040} during layout: running second layout pass
06-02 15:30:39.017 25324 25324 W View    : requestLayout() improperly called by helium314.keyboard.latin.panels.BrowserPanelView{52dcbd5 V.E...... ........ 0,0-1440,2040} during second layout pass: posting in next frame
06-02 15:30:39.031 25324 25324 W View    : requestLayout() improperly called by helium314.keyboard.latin.panels.BrowserPanelView{52dcbd5 V.E...... ......I. 0,0-1440,2040} during layout: running second layout pass
06-02 15:30:39.037 25324 25324 W View    : requestLayout() improperly called by helium314.keyboard.latin.panels.BrowserPanelView{52dcbd5 V.E...... ........ 0,0-1440,2040} during second layout pass: posting in next frame
06-02 15:30:39.048 25324 25324 W View    : requestLayout() improperly called by helium314.keyboard.latin.panels.BrowserPanelView{52dcbd5 V.E...... ......I. 0,0-1440,2040} during layout: running second layout pass
06-02 15:30:39.060 25324 25324 W View    : requestLayout() improperly called by helium314.keyboard.latin.panels.BrowserPanelView{52dcbd5 V.E...... ........ 0,0-1440,2040} during second layout pass: posting in next frame
06-02 15:30:39.065 25324 25324 W View    : requestLayout() improperly called by helium314.keyboard.latin.panels.BrowserPanelView{52dcbd5 V.E...... ......I. 0,0-1440,2040} during layout: running second layout pass
06-02 15:30:39.072 25324 25324 W View    : requestLayout() improperly called by helium314.keyboard.latin.panels.BrowserPanelView{52dcbd5 V.E...... ........ 0,0-1440,2040} during second layout pass: posting in next frame
06-02 15:30:39.081 25324 25324 W View    : requestLayout() improperly called by helium314.keyboard.latin.panels.BrowserPanelView{52dcbd5 V.E...... ......I. 0,0-1440,2040} during layout: running second layout pass
06-02 15:30:39.092 25324 25324 W View    : requestLayout() improperly called by helium314.keyboard.latin.panels.BrowserPanelView{52dcbd5 V.E...... ........ 0,0-1440,2040} during second layout pass: posting in next frame
06-02 15:30:39.098 25324 25324 W View    : requestLayout() improperly called by helium314.keyboard.latin.panels.BrowserPanelView{52dcbd5 V.E...... ......I. 0,0-1440,2040} during layout: running second layout pass
06-02 15:30:39.104 25324 25324 W View    : requestLayout() improperly called by helium314.keyboard.latin.panels.BrowserPanelView{52dcbd5 V.E...... ........ 0,0-1440,2040} during second layout pass: posting in next frame
06-02 15:30:39.113 25324 25324 W View    : requestLayout() improperly called by helium314.keyboard.latin.panels.BrowserPanelView{52dcbd5 V.E...... ......I. 0,0-1440,2040} during layout: running second layout pass
06-02 15:30:39.116 25324 25324 W View    : requestLayout() improperly called by helium314.keyboard.latin.panels.BrowserPanelView{52dcbd5 V.E...... ........ 0,0-1440,2040} during second layout pass: posting in next frame
06-02 15:30:39.130 25324 25324 W View    : requestLayout() improperly called by helium314.keyboard.latin.panels.BrowserPanelView{52dcbd5 V.E...... ......I. 0,0-1440,2040} during layout: running second layout pass
06-02 15:30:39.133 25324 25324 W View    : requestLayout() improperly called by helium314.keyboard.latin.panels.BrowserPanelView{52dcbd5 V.E...... ........ 0,0-1440,2040} during second layout pass: posting in next frame
06-02 15:30:39.147 25324 25324 W View    : requestLayout() improperly called by helium314.keyboard.latin.panels.BrowserPanelView{52dcbd5 V.E...... ......I. 0,0-1440,2040} during layout: running second layout pass
06-02 15:30:39.152 25324 25324 W View    : requestLayout() improperly called by helium314.keyboard.latin.panels.BrowserPanelView{52dcbd5 V.E...... ........ 0,0-1440,2040} during second layout pass: posting in next frame
06-02 15:30:39.154 25324 30802 W ServiceBindIntentUtils: Dynamic lookup for intent failed for action: com.google.android.gms.ads.service.START
06-02 15:30:39.165 25324 25324 W View    : requestLayout() improperly called by helium314.keyboard.latin.panels.BrowserPanelView{52dcbd5 V.E...... ......I. 0,0-1440,2040} during layout: running second layout pass
06-02 15:30:39.171 25324 25324 W View    : requestLayout() improperly called by helium314.keyboard.latin.panels.BrowserPanelView{52dcbd5 V.E...... ........ 0,0-1440,2040} during second layout pass: posting in next frame
06-02 15:30:39.180 25324 25324 W View    : requestLayout() improperly called by helium314.keyboard.latin.panels.BrowserPanelView{52dcbd5 V.E...... ......I. 0,0-1440,2040} during layout: running second layout pass
06-02 15:30:39.187 25324 25324 W View    : requestLayout() improperly called by helium314.keyboard.latin.panels.BrowserPanelView{52dcbd5 V.E...... ........ 0,0-1440,2040} during second layout pass: posting in next frame
06-02 15:30:39.198 25324 25324 W View    : requestLayout() improperly called by helium314.keyboard.latin.panels.BrowserPanelView{52dcbd5 V.E...... ......I. 0,0-1440,2040} during layout: running second layout pass
06-02 15:30:39.201 25324 25324 W View    : requestLayout() improperly called by helium314.keyboard.latin.panels.BrowserPanelView{52dcbd5 V.E...... ........ 0,0-1440,2040} during second layout pass: posting in next frame
06-02 15:30:39.203 25324 30793 W Ads     : Not retrying to fetch app settings
06-02 15:30:39.214 25324 25324 W View    : requestLayout() improperly called by helium314.keyboard.latin.panels.BrowserPanelView{52dcbd5 V.E...... ......I. 0,0-1440,2040} during layout: running second layout pass
06-02 15:30:39.221 25324 30799 W Ads     : Not retrying to fetch app settings
06-02 15:30:39.221 25324 25324 W View    : requestLayout() improperly called by helium314.keyboard.latin.panels.BrowserPanelView{52dcbd5 V.E...... ........ 0,0-1440,2040} during second layout pass: posting in next frame
06-02 15:30:39.231 25324 25324 W View    : requestLayout() improperly called by helium314.keyboard.latin.panels.BrowserPanelView{52dcbd5 V.E...... ......I. 0,0-1440,2040} during layout: running second layout pass
06-02 15:30:39.235 25324 25324 W View    : requestLayout() improperly called by helium314.keyboard.latin.panels.BrowserPanelView{52dcbd5 V.E...... ........ 0,0-1440,2040} during second layout pass: posting in next frame
06-02 15:30:39.247 25324 25324 W View    : requestLayout() improperly called by helium314.keyboard.latin.panels.BrowserPanelView{52dcbd5 V.E...... ......I. 0,0-1440,2040} during layout: running second layout pass
06-02 15:30:39.250 25324 25324 W View    : requestLayout() improperly called by helium314.keyboard.latin.panels.BrowserPanelView{52dcbd5 V.E...... ........ 0,0-1440,2040} during second layout pass: posting in next frame
06-02 15:30:39.263 25324 25324 W View    : requestLayout() improperly called by helium314.keyboard.latin.panels.BrowserPanelView{52dcbd5 V.E...... ......I. 0,0-1440,2040} during layout: running second layout pass
06-02 15:30:39.266 25324 25324 W View    : requestLayout() improperly called by helium314.keyboard.latin.panels.BrowserPanelView{52dcbd5 V.E...... ........ 0,0-1440,2040} during second layout pass: posting in next frame
06-02 15:30:39.280 25324 25324 W View    : requestLayout() improperly called by helium314.keyboard.latin.panels.BrowserPanelView{52dcbd5 V.E...... ......I. 0,0-1440,2040} during layout: running second layout pass
06-02 15:30:39.285 25324 25324 W View    : requestLayout() improperly called by helium314.keyboard.latin.panels.BrowserPanelView{52dcbd5 V.E...... ........ 0,0-1440,2040} during second layout pass: posting in next frame
06-02 15:30:39.298 25324 25324 W View    : requestLayout() improperly called by helium314.keyboard.latin.panels.BrowserPanelView{52dcbd5 V.E...... ......I. 0,0-1440,2040} during layout: running second layout pass
06-02 15:30:39.303 25324 25324 W View    : requestLayout() improperly called by helium314.keyboard.latin.panels.BrowserPanelView{52dcbd5 V.E...... ........ 0,0-1440,2040} during second layout pass: posting in next frame
06-02 15:30:39.314 25324 25324 W View    : requestLayout() improperly called by helium314.keyboard.latin.panels.BrowserPanelView{52dcbd5 V.E...... ......I. 0,0-1440,2040} during layout: running second layout pass
06-02 15:30:39.317 25324 25324 W View    : requestLayout() improperly called by helium314.keyboard.latin.panels.BrowserPanelView{52dcbd5 V.E...... ........ 0,0-1440,2040} during second layout pass: posting in next frame
06-02 15:30:39.332 25324 25324 W View    : requestLayout() improperly called by helium314.keyboard.latin.panels.BrowserPanelView{52dcbd5 V.E...... ......I. 0,0-1440,2040} during layout: running second layout pass
06-02 15:30:39.336 25324 25324 W View    : requestLayout() improperly called by helium314.keyboard.latin.panels.BrowserPanelView{52dcbd5 V.E...... ........ 0,0-1440,2040} during second layout pass: posting in next frame
06-02 15:30:39.348 25324 25324 W View    : requestLayout() improperly called by helium314.keyboard.latin.panels.BrowserPanelView{52dcbd5 V.E...... ......I. 0,0-1440,2040} during layout: running second layout pass
06-02 15:30:39.353 25324 25324 W View    : requestLayout() improperly called by helium314.keyboard.latin.panels.BrowserPanelView{52dcbd5 V.E...... ........ 0,0-1440,2040} during second layout pass: posting in next frame
06-02 15:30:39.365 25324 25324 W View    : requestLayout() improperly called by helium314.keyboard.latin.panels.BrowserPanelView{52dcbd5 V.E...... ......I. 0,0-1440,2040} during layout: running second layout pass
06-02 15:30:39.371 25324 25324 W View    : requestLayout() improperly called by helium314.keyboard.latin.panels.BrowserPanelView{52dcbd5 V.E...... ........ 0,0-1440,2040} during second layout pass: posting in next frame
06-02 15:30:39.381 25324 25324 W View    : requestLayout() improperly called by helium314.keyboard.latin.panels.BrowserPanelView{52dcbd5 V.E...... ......ID 0,0-1440,2040} during layout: running second layout pass
06-02 15:30:39.385 25324 25324 W View    : requestLayout() improperly called by helium314.keyboard.latin.panels.BrowserPanelView{52dcbd5 V.E...... ........ 0,0-1440,2040} during second layout pass: posting in next frame
06-02 15:30:39.398 25324 25324 W View    : requestLayout() improperly called by helium314.keyboard.latin.panels.BrowserPanelView{52dcbd5 V.E...... ......I. 0,0-1440,2040} during layout: running second layout pass
06-02 15:30:39.402 25324 25324 W View    : requestLayout() improperly called by helium314.keyboard.latin.panels.BrowserPanelView{52dcbd5 V.E...... ........ 0,0-1440,2040} during second layout pass: posting in next frame
06-02 15:30:39.415 25324 25324 W View    : requestLayout() improperly called by helium314.keyboard.latin.panels.BrowserPanelView{52dcbd5 V.E...... ......I. 0,0-1440,2040} during layout: running second layout pass
06-02 15:30:39.420 25324 25324 W View    : requestLayout() improperly called by helium314.keyboard.latin.panels.BrowserPanelView{52dcbd5 V.E...... ........ 0,0-1440,2040} during second layout pass: posting in next frame
06-02 15:30:39.431 25324 25324 W View    : requestLayout() improperly called by helium314.keyboard.latin.panels.BrowserPanelView{52dcbd5 V.E...... ......I. 0,0-1440,2040} during layout: running second layout pass
06-02 15:30:39.433 25324 25324 W View    : requestLayout() improperly called by helium314.keyboard.latin.panels.BrowserPanelView{52dcbd5 V.E...... ........ 0,0-1440,2040} during second layout pass: posting in next frame
06-02 15:30:39.450 25324 25324 W View    : requestLayout() improperly called by helium314.keyboard.latin.panels.BrowserPanelView{52dcbd5 V.E...... ......I. 0,0-1440,2040} during layout: running second layout pass
06-02 15:30:39.458 25324 25324 W View    : requestLayout() improperly called by helium314.keyboard.latin.panels.BrowserPanelView{52dcbd5 V.E...... ........ 0,0-1440,2040} during second layout pass: posting in next frame
06-02 15:30:39.466 25324 25324 W View    : requestLayout() improperly called by helium314.keyboard.latin.panels.BrowserPanelView{52dcbd5 V.E...... ......I. 0,0-1440,2040} during layout: running second layout pass
06-02 15:30:39.475 25324 25324 W View    : requestLayout() improperly called by helium314.keyboard.latin.panels.BrowserPanelView{52dcbd5 V.E...... ........ 0,0-1440,2040} during second layout pass: posting in next frame
06-02 15:30:39.481 25324 25324 W View    : requestLayout() improperly called by helium314.keyboard.latin.panels.BrowserPanelView{52dcbd5 V.E...... ......I. 0,0-1440,2040} during layout: running second layout pass
06-02 15:30:39.484 25324 25324 W View    : requestLayout() improperly called by helium314.keyboard.latin.panels.BrowserPanelView{52dcbd5 V.E...... ........ 0,0-1440,2040} during second layout pass: posting in next frame
06-02 15:30:39.499 25324 25324 W View    : requestLayout() improperly called by helium314.keyboard.latin.panels.BrowserPanelView{52dcbd5 V.E...... ......I. 0,0-1440,2040} during layout: running second layout pass
06-02 15:30:39.504 25324 25324 W View    : requestLayout() improperly called by helium314.keyboard.latin.panels.BrowserPanelView{52dcbd5 V.E...... ........ 0,0-1440,2040} during second layout pass: posting in next frame
06-02 15:30:39.516 25324 25324 W View    : requestLayout() improperly called by helium314.keyboard.latin.panels.BrowserPanelView{52dcbd5 V.E...... ......I. 0,0-1440,2040} during layout: running second layout pass
06-02 15:30:39.525 25324 25324 W View    : requestLayout() improperly called by helium314.keyboard.latin.panels.BrowserPanelView{52dcbd5 V.E...... ........ 0,0-1440,2040} during second layout pass: posting in next frame
06-02 15:30:39.531 25324 25324 W View    : requestLayout() improperly called by helium314.keyboard.latin.panels.BrowserPanelView{52dcbd5 V.E...... ......I. 0,0-1440,2040} during layout: running second layout pass
06-02 15:30:39.540 25324 25324 W View    : requestLayout() improperly called by helium314.keyboard.latin.panels.BrowserPanelView{52dcbd5 V.E...... ........ 0,0-1440,2040} during second layout pass: posting in next frame
06-02 15:30:39.549 25324 25324 W View    : requestLayout() improperly called by helium314.keyboard.latin.panels.BrowserPanelView{52dcbd5 V.E...... ......I. 0,0-1440,2040} during layout: running second layout pass
06-02 15:30:39.558 25324 25324 W AdManager: Native ad failed to load: code=3 message=Publisher data not found. <https://support.google.com/admob/answer/9905175#9>
06-02 15:30:39.558 25324 25324 W View    : requestLayout() improperly called by helium314.keyboard.latin.panels.BrowserPanelView{52dcbd5 V.E...... ........ 0,0-1440,2040} during second layout pass: posting in next frame
06-02 15:30:39.558 25324 25324 W AdManager: Interstitial ad failed to load: code=3 message=Publisher data not found. <https://support.google.com/admob/answer/9905175#9>
06-02 15:30:39.564 25324 25324 W View    : requestLayout() improperly called by helium314.keyboard.latin.panels.BrowserPanelView{52dcbd5 V.E...... ......I. 0,0-1440,2040} during layout: running second layout pass
06-02 15:30:39.569 25324 25324 W View    : requestLayout() improperly called by helium314.keyboard.latin.panels.BrowserPanelView{52dcbd5 V.E...... ........ 0,0-1440,2040} during second layout pass: posting in next frame
06-02 15:30:39.584 25324 25324 W View    : requestLayout() improperly called by helium314.keyboard.latin.panels.BrowserPanelView{52dcbd5 V.E...... ......ID 0,0-1440,2040} during layout: running second layout pass
06-02 15:30:39.588 25324 25324 W View    : requestLayout() improperly called by helium314.keyboard.latin.panels.BrowserPanelView{52dcbd5 V.E...... ........ 0,0-1440,2040} during second layout pass: posting in next frame
06-02 15:30:39.598 25324 25324 W View    : requestLayout() improperly called by helium314.keyboard.latin.panels.BrowserPanelView{52dcbd5 V.E...... ......ID 0,0-1440,2040} during layout: running second layout pass
06-02 15:30:39.605 25324 25324 W GeckoEventDispatcher: No listener for GeckoView:DismissClipboardPermissionRequest
06-02 15:30:39.631 25324 25324 W View    : requestLayout() improperly called by helium314.keyboard.latin.panels.BrowserPanelView{52dcbd5 G.E...... ......ID 0,0-1440,2040} during second layout pass: posting in next frame
06-02 15:30:39.644 25324 25324 W View    : requestLayout() improperly called by helium314.keyboard.latin.panels.BrowserPanelView{52dcbd5 G.E...... ......ID 0,0-1440,2040} during second layout pass: posting in next frame
06-02 15:30:39.694 25324 25324 W AdManager: Rewarded load failed tier=PRIMARY code=3 domain=com.google.android.gms.ads message=Publisher data not found. <https://support.google.com/admob/answer/9905175#9>
06-02 15:30:40.186 25324 25324 W GeckoEventDispatcher: No listener for GeckoView:DismissClipboardPermissionRequest
06-02 15:30:40.494 25324 25324 W GeckoEventDispatcher: No listener for GeckoView:DismissClipboardPermissionRequest
06-02 15:30:40.978 25324 25324 W GeckoEventDispatcher: No listener for GeckoView:DismissClipboardPermissionRequest
06-02 15:30:41.042 25324 30799 W Ads     : Not retrying to fetch app settings
06-02 15:30:41.065 25324 30792 W Ads     : Not retrying to fetch app settings
06-02 15:30:41.066 25324 30799 W Ads     : Not retrying to fetch app settings
06-02 15:30:41.347 25324 25324 W AdManager: Rewarded load failed tier=PRIMARY code=3 domain=com.google.android.gms.ads message=Publisher data not found. <https://support.google.com/admob/answer/9905175#9>
06-02 15:30:41.373 25324 25324 W AdManager: Native ad failed to load: code=3 message=Publisher data not found. <https://support.google.com/admob/answer/9905175#9>
06-02 15:30:41.440 25324 25324 W AdManager: Interstitial ad failed to load: code=3 message=Publisher data not found. <https://support.google.com/admob/answer/9905175#9>
06-02 15:30:41.532 25324 30801 W Ads     : Not retrying to fetch app settings
06-02 15:30:41.547 25324 30794 W Ads     : Not retrying to fetch app settings
06-02 15:30:41.550 25324 30799 W Ads     : Not retrying to fetch app settings
06-02 15:30:41.906 25324 25324 W AdManager: Interstitial ad failed to load: code=3 message=Publisher data not found. <https://support.google.com/admob/answer/9905175#9>
