=== VibeKey 4.5.160 (4528) ===

--------- beginning of system
07-23 13:02:31.775 30328 30328 E OplusCustomizeRestrictionManager: sInstance is null, start a new sInstance
--------- beginning of main
07-23 13:02:57.139 30328 30328 I VkFastTyping: async fetch style=1 seq=-1
07-23 13:02:57.169 30328 30752 W VibeKeyProfiler: Slow Native Suggest: Total=20.82ms | Init=0.14ms | TrieExpand(x40)=20.66ms | Scoring=0.02ms | inputSize=40
07-23 13:02:57.170 30328 30752 I VkSuggestions: decode typedLen=40 candidates=18 locales=1 28,9ms
07-23 13:02:57.170 30328 30752 W VkSuggestions: slow frame 28,9ms locales=1 typedLen=40 candidates=18
07-23 13:02:57.180 30328 30752 I VkSuggestions: strip composing typedLen=39 candidates=19 autocorrect=false top=len=40 locale=pt token=111 gen=1
07-23 13:02:57.180 30328 30328 I VkStripPipeline: setSuggestions composing size=19 style=1 token=111 gen=1 typed=len=40
07-23 13:02:57.187 30328 30328 I VkSuggestions: stripUi prediction=false children=5 [len=40|len=5|len=5]
07-23 13:02:57.187 30328 30328 I VkStripPipeline: slotBind composing children=5 [len=40|len=5|len=5]
07-23 13:02:59.224 30328 30752 I VkSuggestions: decode typedLen=4 candidates=18 locales=1 7,4ms
07-23 13:02:59.228 30328 30752 I VkSuggestions: strip composing typedLen=4 candidates=18 autocorrect=false top=len=4 locale=pt token=111 gen=1
07-23 13:02:59.228 30328 30328 I VkStripPipeline: setSuggestions composing size=18 style=1 token=111 gen=1 typed=len=4
07-23 13:02:59.233 30328 30328 I VkSuggestions: stripUi prediction=false children=5 [len=4|len=4|len=4]
07-23 13:02:59.233 30328 30328 I VkStripPipeline: slotBind composing children=5 [len=4|len=4|len=4]
07-23 13:02:59.391 30328 30328 I VkKeyPress: keys pressed=183
07-23 13:02:59.561 30328 30752 I VkNgram : merge locale=pt prev=len=0 preds=8 contextual=0 assets=true
07-23 13:02:59.561 30328 30752 I VkTextCorrection: rerank prediction head len=1→len=2
07-23 13:02:59.561 30328 30752 I VkSuggestions: strip prediction typedLen=0 candidates=3 autocorrect=false top=len=2 locale=pt token=111 gen=1
07-23 13:02:59.567 30328 30328 I VkStripPipeline: setSuggestions prediction size=3 style=7 token=111 gen=1
07-23 13:02:59.568 30328 30328 I VkSuggestions: stripUi prediction=true children=5 [len=2|len=2|len=1]
07-23 13:02:59.568 30328 30328 I VkStripPipeline: slotBind prediction children=5 [len=2|len=2|len=1]
07-23 13:02:59.956 30328 30328 I VkKeyPreview: show key=printable instant=true pool showing=1 free=1
07-23 13:02:59.956 30328 30328 I VkKeyPreview: popupAnim key=printable type=instant dur=0ms scale=1.0
07-23 13:03:00.049 30328 30328 I VkKeyPreview: dismiss key=printable reason=release_anim pool showing=0 free=2
07-23 13:03:00.178 30328 30752 I VkSuggestions: decode typedLen=1 candidates=18 locales=1 8,4ms
07-23 13:03:00.179 30328 30752 I VkSuggestions: strip composing typedLen=1 candidates=19 autocorrect=false top=len=1 locale=pt token=112 gen=1
07-23 13:03:00.179 30328 30328 I VkStripPipeline: setSuggestions composing size=19 style=1 token=112 gen=1 typed=len=1
07-23 13:03:00.180 30328 30328 I VkSuggestions: stripUi prediction=false children=5 [len=1|len=2|len=4]
07-23 13:03:00.181 30328 30328 I VkStripPipeline: slotBind composing children=5 [len=1|len=2|len=4]
07-23 13:03:00.244 30328 30328 I VkKeyPreview: show key=printable instant=true pool showing=1 free=1
07-23 13:03:00.244 30328 30328 I VkKeyPreview: popupAnim key=printable type=instant dur=0ms scale=1.0
07-23 13:03:00.366 30328 30328 I VkKeyPreview: dismiss key=printable reason=release_anim pool showing=0 free=2
07-23 13:03:00.406 30328 30328 I VkKeyPreview: show key=printable instant=true pool showing=1 free=1
07-23 13:03:00.406 30328 30328 I VkKeyPreview: popupAnim key=printable type=instant dur=0ms scale=1.0
07-23 13:03:00.476 30328 30752 I VkSuggestions: decode typedLen=2 candidates=18 locales=1 7,5ms
07-23 13:03:00.477 30328 30752 I VkTextCorrection: threshold len=2→len=2 score=1,406 thr=0,140 ✓
07-23 13:03:00.479 30328 30752 I VkAutocorrect: will correct: len=2 → len=2
07-23 13:03:00.479 30328 30752 I VkSuggestions: strip composing typedLen=2 candidates=19 autocorrect=true top=len=2 locale=pt token=114 gen=1
07-23 13:03:00.480 30328 30328 I VkStripPipeline: setSuggestions composing size=19 style=1 token=114 gen=1 typed=len=2
07-23 13:03:00.487 30328 30328 I VkSuggestions: stripUi prediction=false children=5 [len=2|len=2|len=4]
07-23 13:03:00.487 30328 30328 I VkStripPipeline: slotBind composing children=5 [len=2|len=2|len=4]
07-23 13:03:00.528 30328 30328 I VkKeyPreview: dismiss key=printable reason=release_anim pool showing=0 free=2
07-23 13:03:00.643 30328 30752 I VkSuggestions: decode typedLen=3 candidates=18 locales=1 12,7ms
07-23 13:03:00.644 30328 30752 I VkTextCorrection: threshold len=3→len=3 score=1,331 thr=0,140 ✓
07-23 13:03:00.645 30328 30752 I VkAutocorrect: will correct: len=3 → len=3
07-23 13:03:00.645 30328 30752 I VkSuggestions: strip composing typedLen=3 candidates=19 autocorrect=true top=len=3 locale=pt token=114 gen=1
07-23 13:03:00.646 30328 30328 I VkStripPipeline: setSuggestions composing size=19 style=1 token=114 gen=1 typed=len=3
07-23 13:03:00.647 30328 30328 I VkSuggestions: stripUi prediction=false children=5 [len=3|len=3|len=3]
07-23 13:03:00.647 30328 30328 I VkStripPipeline: slotBind composing children=5 [len=3|len=3|len=3]
07-23 13:03:00.762 30328 30328 I VkKeyPreview: show key=printable instant=true pool showing=1 free=1
07-23 13:03:00.762 30328 30328 I VkKeyPreview: popupAnim key=printable type=instant dur=0ms scale=1.0
07-23 13:03:00.933 30328 30328 I VkKeyPreview: dismiss key=printable reason=release_anim pool showing=0 free=2
07-23 13:03:00.933 30328 30328 I VkKeyPreview: show key=printable instant=true pool showing=1 free=1
07-23 13:03:00.933 30328 30328 I VkKeyPreview: popupAnim key=printable type=instant dur=0ms scale=1.0
07-23 13:03:00.999 30328 30328 I VkKeyPreview: dismiss key=printable reason=release_anim pool showing=0 free=2
07-23 13:03:01.000 30328 30328 I VkKeyPreview: show key=printable instant=true pool showing=1 free=1
07-23 13:03:01.000 30328 30328 I VkKeyPreview: popupAnim key=printable type=instant dur=0ms scale=1.0
07-23 13:03:01.303 30328 30328 I VkEffects: longPressGlow key=printable type=none
07-23 13:03:01.303 30328 30328 I VkKeyPreview: dismiss key=printable reason=release pool showing=0 free=2
07-23 13:03:01.384 30328 30328 I VkKeyPreview: show key=printable instant=true pool showing=1 free=1
07-23 13:03:01.384 30328 30328 I VkKeyPreview: popupAnim key=printable type=instant dur=0ms scale=1.0
07-23 13:03:01.470 30328 30328 I VkKeyPreview: dismiss key=printable reason=release_anim pool showing=0 free=2
07-23 13:03:01.587 30328 30752 W VibeKeyProfiler: Slow Native Suggest: Total=11.60ms | Init=1.32ms | TrieExpand(x8)=10.24ms | Scoring=0.04ms | inputSize=4
07-23 13:03:01.595 30328 30752 I VkSuggestions: decode typedLen=4 candidates=18 locales=1 20,5ms
07-23 13:03:01.595 30328 30752 W VkSuggestions: slow frame 20,5ms locales=1 typedLen=4 candidates=18
07-23 13:03:01.597 30328 30752 I VkTextCorrection: threshold len=4→len=4 score=0,000 thr=0,140 ○
07-23 13:03:01.598 30328 30752 I VkSuggestions: strip composing typedLen=4 candidates=16 autocorrect=false top=len=4 locale=pt token=115 gen=1
07-23 13:03:01.601 30328 30328 I VkStripPipeline: setSuggestions composing size=16 style=1 token=115 gen=1 typed=len=4
07-23 13:03:01.603 30328 30328 I VkSuggestions: stripUi prediction=false children=5 [len=4|len=4|len=4]
07-23 13:03:01.603 30328 30328 I VkStripPipeline: slotBind composing children=5 [len=4|len=4|len=4]
07-23 13:03:01.614 30328 30328 I VkKeyPreview: show key=printable instant=true pool showing=1 free=1
07-23 13:03:01.614 30328 30328 I VkKeyPreview: popupAnim key=printable type=instant dur=0ms scale=1.0
07-23 13:03:01.727 30328 30328 I VkKeyPreview: dismiss key=printable reason=release_anim pool showing=0 free=2
07-23 13:03:01.808 30328 30328 I VkKeyPreview: show key=printable instant=true pool showing=1 free=1
07-23 13:03:01.808 30328 30328 I VkKeyPreview: popupAnim key=printable type=instant dur=0ms scale=1.0
07-23 13:03:01.834 30328 30752 I VkSuggestions: decode typedLen=5 candidates=18 locales=1 4,6ms
07-23 13:03:01.835 30328 30752 I VkTextCorrection: threshold len=5→len=5 score=0,000 thr=0,140 ○
07-23 13:03:01.835 30328 30752 I VkSuggestions: strip composing typedLen=5 candidates=17 autocorrect=false top=len=5 locale=pt token=117 gen=1
07-23 13:03:01.835 30328 30328 I VkStripPipeline: setSuggestions composing size=17 style=1 token=117 gen=1 typed=len=5
07-23 13:03:01.836 30328 30328 I VkSuggestions: stripUi prediction=false children=5 [len=5|len=5|len=5]
07-23 13:03:01.836 30328 30328 I VkStripPipeline: slotBind composing children=5 [len=5|len=5|len=5]
07-23 13:03:01.927 30328 30328 I VkKeyPreview: dismiss key=printable reason=release_anim pool showing=0 free=2
07-23 13:03:01.954 30328 30328 I VkKeyPreview: show key=printable instant=true pool showing=1 free=1
07-23 13:03:01.954 30328 30328 I VkKeyPreview: popupAnim key=printable type=instant dur=0ms scale=1.0
07-23 13:03:02.031 30328 30752 I VkSuggestions: decode typedLen=6 candidates=18 locales=1 2,9ms
07-23 13:03:02.032 30328 30752 I VkTextCorrection: threshold len=6→len=5 score=0,000 thr=0,140 ○
07-23 13:03:02.032 30328 30752 I VkSuggestions: strip composing typedLen=6 candidates=17 autocorrect=false top=len=6 locale=pt token=118 gen=1
07-23 13:03:02.032 30328 30328 I VkStripPipeline: setSuggestions composing size=17 style=1 token=118 gen=1 typed=len=6
07-23 13:03:02.035 30328 30328 I VkSuggestions: stripUi prediction=false children=5 [len=6|len=5|len=8]
07-23 13:03:02.035 30328 30328 I VkStripPipeline: slotBind composing children=5 [len=6|len=5|len=8]
07-23 13:03:02.070 30328 30328 I VkKeyPreview: dismiss key=printable reason=release_anim pool showing=0 free=2
07-23 13:03:02.181 30328 30752 I VkSuggestions: decode typedLen=7 candidates=18 locales=1 8,0ms
07-23 13:03:02.182 30328 30752 I VkTextCorrection: threshold len=7→len=8 score=0,000 thr=0,140 ○
07-23 13:03:02.183 30328 30752 I VkSuggestions: strip composing typedLen=7 candidates=19 autocorrect=false top=len=7 locale=pt token=118 gen=1
07-23 13:03:02.184 30328 30328 I VkStripPipeline: setSuggestions composing size=19 style=1 token=118 gen=1 typed=len=7
07-23 13:03:02.188 30328 30328 I VkSuggestions: stripUi prediction=false children=5 [len=7|len=5|len=5]
07-23 13:03:02.188 30328 30328 I VkStripPipeline: slotBind composing children=5 [len=7|len=5|len=5]
07-23 13:03:02.833 30328 30328 I VkKeyPress: keys pressed=196
07-23 13:03:03.335 30328 30752 I VkTextCorrection: rerank prediction head len=1→len=1
07-23 13:03:03.336 30328 30752 I VkSuggestions: strip prediction typedLen=0 candidates=3 autocorrect=false top=len=1 locale=pt token=119 gen=1
07-23 13:03:03.343 30328 30328 I VkStripPipeline: setSuggestions prediction size=3 style=7 token=119 gen=1
07-23 13:03:03.346 30328 30328 I VkSuggestions: stripUi prediction=true children=5 [len=1|len=1|len=2]
07-23 13:03:03.346 30328 30328 I VkStripPipeline: slotBind prediction children=5 [len=1|len=1|len=2]
07-23 13:03:03.906 30328 30328 I VkKeyPreview: show key=printable instant=true pool showing=1 free=1
07-23 13:03:03.906 30328 30328 I VkKeyPreview: popupAnim key=printable type=instant dur=0ms scale=1.0
07-23 13:03:03.983 30328 30328 I VkKeyPreview: dismiss key=printable reason=release_anim pool showing=0 free=2
07-23 13:03:04.086 30328 30328 I VkKeyPreview: show key=printable instant=true pool showing=1 free=1
07-23 13:03:04.086 30328 30328 I VkKeyPreview: popupAnim key=printable type=instant dur=0ms scale=1.0
07-23 13:03:04.096 30328 30752 I VkSuggestions: decode typedLen=1 candidates=18 locales=1 9,4ms
07-23 13:03:04.096 30328 30752 I VkTextCorrection: rerank composing head len=1→len=2
07-23 13:03:04.097 30328 30752 I VkTextCorrection: threshold len=1→len=2 score=0,000 thr=0,140 ○
07-23 13:03:04.097 30328 30752 I VkSuggestions: strip composing typedLen=1 candidates=19 autocorrect=false top=len=1 locale=pt token=121 gen=1
07-23 13:03:04.097 30328 30328 I VkStripPipeline: setSuggestions composing size=19 style=1 token=121 gen=1 typed=len=1
07-23 13:03:04.101 30328 30328 I VkSuggestions: stripUi prediction=false children=5 [len=1|len=2|len=2]
07-23 13:03:04.101 30328 30328 I VkStripPipeline: slotBind composing children=5 [len=1|len=2|len=2]
07-23 13:03:04.173 30328 30328 I VkKeyPreview: dismiss key=printable reason=release_anim pool showing=0 free=2
07-23 13:03:04.268 30328 30328 I VkKeyPreview: show key=printable instant=true pool showing=1 free=1
07-23 13:03:04.268 30328 30328 I VkKeyPreview: popupAnim key=printable type=instant dur=0ms scale=1.0
07-23 13:03:04.283 30328 30752 I VkSuggestions: decode typedLen=2 candidates=18 locales=1 6,7ms
07-23 13:03:04.284 30328 30752 I VkTextCorrection: threshold len=2→len=2 score=1,335 thr=0,140 ✓
07-23 13:03:04.284 30328 30752 I VkAutocorrect: will correct: len=2 → len=2
07-23 13:03:04.284 30328 30752 I VkSuggestions: strip composing typedLen=2 candidates=19 autocorrect=true top=len=2 locale=pt token=122 gen=1
07-23 13:03:04.286 30328 30328 I VkStripPipeline: setSuggestions composing size=19 style=1 token=122 gen=1 typed=len=2
07-23 13:03:04.287 30328 30328 I VkSuggestions: stripUi prediction=false children=5 [len=2|len=2|len=2]
07-23 13:03:04.287 30328 30328 I VkStripPipeline: slotBind composing children=5 [len=2|len=2|len=2]
07-23 13:03:04.358 30328 30328 I VkKeyPreview: dismiss key=printable reason=release_anim pool showing=0 free=2
07-23 13:03:04.394 30328 30328 I VkKeyPreview: show key=printable instant=true pool showing=1 free=1
07-23 13:03:04.395 30328 30328 I VkKeyPreview: popupAnim key=printable type=instant dur=0ms scale=1.0
07-23 13:03:04.469 30328 30752 I VkSuggestions: decode typedLen=3 candidates=18 locales=1 5,7ms
07-23 13:03:04.470 30328 30752 I VkTextCorrection: threshold len=3→len=2 score=0,000 thr=0,140 ○
07-23 13:03:04.470 30328 30752 I VkSuggestions: strip composing typedLen=3 candidates=18 autocorrect=false top=len=3 locale=pt token=123 gen=1
07-23 13:03:04.471 30328 30328 I VkStripPipeline: setSuggestions composing size=18 style=1 token=123 gen=1 typed=len=3
07-23 13:03:04.473 30328 30328 I VkSuggestions: stripUi prediction=false children=5 [len=3|len=2|len=4]
07-23 13:03:04.473 30328 30328 I VkStripPipeline: slotBind composing children=5 [len=3|len=2|len=4]
07-23 13:03:04.532 30328 30328 I VkKeyPreview: dismiss key=printable reason=release_anim pool showing=0 free=2
07-23 13:03:04.569 30328 30328 I VkKeyPreview: show key=printable instant=true pool showing=1 free=1
07-23 13:03:04.569 30328 30328 I VkKeyPreview: popupAnim key=printable type=instant dur=0ms scale=1.0
07-23 13:03:04.641 30328 30752 I VkSuggestions: decode typedLen=4 candidates=18 locales=1 6,3ms
07-23 13:03:04.642 30328 30752 I VkTextCorrection: threshold len=4→len=4 score=0,000 thr=0,140 ○
07-23 13:03:04.643 30328 30752 I VkSuggestions: strip composing typedLen=4 candidates=18 autocorrect=false top=len=4 locale=pt token=124 gen=1
07-23 13:03:04.643 30328 30328 I VkStripPipeline: setSuggestions composing size=18 style=1 token=124 gen=1 typed=len=4
07-23 13:03:04.644 30328 30328 I VkSuggestions: stripUi prediction=false children=5 [len=4|len=4|len=4]
07-23 13:03:04.644 30328 30328 I VkStripPipeline: slotBind composing children=5 [len=4|len=4|len=4]
07-23 13:03:04.676 30328 30328 I VkKeyPreview: dismiss key=printable reason=release_anim pool showing=0 free=2
07-23 13:03:04.794 30328 30752 I VkSuggestions: decode typedLen=5 candidates=18 locales=1 13,4ms
07-23 13:03:04.796 30328 30752 I VkTextCorrection: threshold len=5→len=4 score=0,000 thr=0,140 ○
07-23 13:03:04.797 30328 30752 I VkSuggestions: strip composing typedLen=5 candidates=16 autocorrect=false top=len=5 locale=pt token=124 gen=1
07-23 13:03:04.797 30328 30328 I VkStripPipeline: setSuggestions composing size=16 style=1 token=124 gen=1 typed=len=5
07-23 13:03:04.800 30328 30328 I VkSuggestions: stripUi prediction=false children=5 [len=5|len=4|len=5]
07-23 13:03:04.800 30328 30328 I VkStripPipeline: slotBind composing children=5 [len=5|len=4|len=5]
07-23 13:03:05.256 30328 30328 I VkEffects: reload keyPress=scale popup=scale popupFx=true blur=0px glow=false stickers=true
07-23 13:03:05.382 30328 30328 W VkStall : MAIN-THREAD STALL 134ms during: >>>>> Dispatching to Handler (android.os.Handler) {89a2a57} b9.k@33f25f3: 0
07-23 13:03:05.383 30328 30328 I VkEffects: keyPressAnim burst=1 type=scale lastPhase=down
07-23 13:03:05.834 30328 30328 I VkKeyPress: keys pressed=214
07-23 13:03:06.170 30328 30328 W VkStall : MAIN-THREAD STALL 180ms during: >>>>> Dispatching to Handler (s8.t0) {bf10e3} null: 1
07-23 13:03:06.272 30328 30752 I VkSuggestions: strip prediction typedLen=0 candidates=3 autocorrect=false top=len=1 locale=pt token=125 gen=1
07-23 13:03:06.278 30328 30328 I VkStripPipeline: setSuggestions prediction size=3 style=7 token=125 gen=1
07-23 13:03:06.280 30328 30328 I VkSuggestions: stripUi prediction=true children=5 [len=2|len=1|len=1]
07-23 13:03:06.281 30328 30328 I VkStripPipeline: slotBind prediction children=5 [len=2|len=1|len=1]
07-23 13:03:07.016 30328 30328 I VkStripPipeline: langSwitch main=pt-BR token=127 gen=2
07-23 13:03:07.023 30328 30328 I VkStripPipeline: setSuggestions composing size=0 style=0 token=-1 gen=-1
07-23 13:03:07.024 30328 30328 I VkStripPipeline: slotBind composing children=0 []
07-23 13:03:07.025 30328 30328 I VkLanguageSettings: select en-AU
07-23 13:03:07.082 30328 30328 I VkLanguageSettings: cycle dir=1 → en-AU
07-23 13:03:07.116 30328 30357 I VkMultilingual: reset main=en-AU locales=[en] count=1
07-23 13:03:07.123 30328 30357 I VkDictionaries: ▶ async reload main dicts locales=1
07-23 13:03:07.150 30328 30357 I VkDictionaries: ✓ open main en-AU
07-23 13:03:07.150 30328 30357 I VkDictionaries: collection en-AU dicts=1 emoji=true
07-23 13:03:07.632 30328 30328 I VkKeyPreview: show key=printable instant=true pool showing=1 free=1
07-23 13:03:07.632 30328 30328 I VkKeyPreview: popupAnim key=printable type=instant dur=0ms scale=1.0
07-23 13:03:07.729 30328 30328 I VkKeyPreview: dismiss key=printable reason=release_anim pool showing=0 free=2
07-23 13:03:07.841 30328 30752 I VkSuggestions: decode typedLen=1 candidates=18 locales=1 8,3ms
07-23 13:03:07.843 30328 30752 I VkSuggestions: strip composing typedLen=1 candidates=19 autocorrect=false top=len=1 locale=en token=129 gen=2
07-23 13:03:07.844 30328 30328 I VkStripPipeline: setSuggestions composing size=19 style=1 token=129 gen=2 typed=len=1
07-23 13:03:07.845 30328 30328 I VkSuggestions: stripUi prediction=false children=5 [len=1|len=1|len=4]
07-23 13:03:07.845 30328 30328 I VkStripPipeline: slotBind composing children=5 [len=1|len=1|len=4]
07-23 13:03:07.847 30328 30328 I VkKeyPreview: show key=printable instant=true pool showing=1 free=1
07-23 13:03:07.847 30328 30328 I VkKeyPreview: popupAnim key=printable type=instant dur=0ms scale=1.0
07-23 13:03:07.930 30328 30328 I VkKeyPreview: dismiss key=printable reason=release_anim pool showing=0 free=2
07-23 13:03:08.008 30328 30328 I VkKeyPreview: show key=printable instant=true pool showing=1 free=1
07-23 13:03:08.008 30328 30328 I VkKeyPreview: popupAnim key=printable type=instant dur=0ms scale=1.0
07-23 13:03:08.036 30328 30752 I VkSuggestions: decode typedLen=2 candidates=18 locales=1 2,7ms
07-23 13:03:08.037 30328 30752 I VkTextCorrection: threshold len=2→len=2 score=0,000 thr=0,140 ○
07-23 13:03:08.038 30328 30752 I VkSuggestions: strip composing typedLen=2 candidates=18 autocorrect=false top=len=2 locale=en token=131 gen=2
07-23 13:03:08.038 30328 30328 I VkStripPipeline: setSuggestions composing size=18 style=1 token=131 gen=2 typed=len=2
07-23 13:03:08.039 30328 30328 I VkSuggestions: stripUi prediction=false children=5 [len=2|len=2|len=2]
07-23 13:03:08.039 30328 30328 I VkStripPipeline: slotBind composing children=5 [len=2|len=2|len=2]
07-23 13:03:08.122 30328 30328 I VkKeyPreview: dismiss key=printable reason=release_anim pool showing=0 free=2
07-23 13:03:08.185 30328 30328 I VkKeyPreview: show key=printable instant=true pool showing=1 free=1
07-23 13:03:08.186 30328 30328 I VkKeyPreview: popupAnim key=printable type=instant dur=0ms scale=1.0
07-23 13:03:08.228 30328 30752 I VkSuggestions: decode typedLen=3 candidates=18 locales=1 2,7ms
07-23 13:03:08.229 30328 30752 I VkTextCorrection: threshold len=3→len=3 score=0,002 thr=0,140 ○
07-23 13:03:08.230 30328 30752 I VkSuggestions: strip composing typedLen=3 candidates=17 autocorrect=false top=len=3 locale=en token=132 gen=2
07-23 13:03:08.230 30328 30328 I VkStripPipeline: setSuggestions composing size=17 style=1 token=132 gen=2 typed=len=3
07-23 13:03:08.231 30328 30328 I VkSuggestions: stripUi prediction=false children=5 [len=3|len=3|len=3]
07-23 13:03:08.231 30328 30328 I VkStripPipeline: slotBind composing children=5 [len=3|len=3|len=3]
07-23 13:03:08.289 30328 30328 I VkKeyPreview: dismiss key=printable reason=release_anim pool showing=0 free=2
07-23 13:03:08.306 30328 30328 I VkKeyPreview: show key=printable instant=true pool showing=1 free=1
07-23 13:03:08.306 30328 30328 I VkKeyPreview: popupAnim key=printable type=instant dur=0ms scale=1.0
07-23 13:03:08.394 30328 30752 I VkSuggestions: decode typedLen=4 candidates=18 locales=1 2,6ms
07-23 13:03:08.394 30328 30752 I VkTextCorrection: threshold len=4→len=4 score=0,000 thr=0,140 ○
07-23 13:03:08.395 30328 30752 I VkSuggestions: strip composing typedLen=4 candidates=16 autocorrect=false top=len=4 locale=en token=133 gen=2
07-23 13:03:08.395 30328 30328 I VkStripPipeline: setSuggestions composing size=16 style=1 token=133 gen=2 typed=len=4
07-23 13:03:08.397 30328 30328 I VkSuggestions: stripUi prediction=false children=5 [len=4|len=4|len=4]
07-23 13:03:08.397 30328 30328 I VkStripPipeline: slotBind composing children=5 [len=4|len=4|len=4]
07-23 13:03:08.441 30328 30328 I VkKeyPreview: dismiss key=printable reason=release_anim pool showing=0 free=2
07-23 13:03:08.444 30328 30328 I VkKeyPreview: show key=printable instant=true pool showing=1 free=1
07-23 13:03:08.444 30328 30328 I VkKeyPreview: popupAnim key=printable type=instant dur=0ms scale=1.0
07-23 13:03:08.546 30328 30752 I VkSuggestions: decode typedLen=5 candidates=18 locales=1 2,2ms
07-23 13:03:08.547 30328 30752 I VkTextCorrection: threshold len=5→len=6 score=0,000 thr=0,140 ○
07-23 13:03:08.548 30328 30752 I VkSuggestions: strip composing typedLen=5 candidates=18 autocorrect=false top=len=5 locale=en token=134 gen=2
07-23 13:03:08.549 30328 30328 I VkStripPipeline: setSuggestions composing size=18 style=1 token=134 gen=2 typed=len=5
07-23 13:03:08.551 30328 30328 I VkSuggestions: stripUi prediction=false children=5 [len=5|len=6|len=5]
07-23 13:03:08.551 30328 30328 I VkStripPipeline: slotBind composing children=5 [len=5|len=6|len=5]
07-23 13:03:08.554 30328 30328 I VkKeyPreview: dismiss key=printable reason=release_anim pool showing=0 free=2
07-23 13:03:08.658 30328 30752 I VkSuggestions: decode typedLen=6 candidates=18 locales=1 2,1ms
07-23 13:03:08.658 30328 30752 I VkTextCorrection: threshold len=6→len=8 score=0,000 thr=0,140 ○
07-23 13:03:08.659 30328 30752 I VkSuggestions: strip composing typedLen=6 candidates=19 autocorrect=false top=len=6 locale=en token=134 gen=2
07-23 13:03:08.659 30328 30328 I VkStripPipeline: setSuggestions composing size=19 style=1 token=134 gen=2 typed=len=6
07-23 13:03:08.661 30328 30328 I VkSuggestions: stripUi prediction=false children=5 [len=6|len=8|len=8]
07-23 13:03:08.661 30328 30328 I VkStripPipeline: slotBind composing children=5 [len=6|len=8|len=8]
07-23 13:03:08.669 30328 30328 I VkKeyPreview: show key=printable instant=true pool showing=1 free=1
07-23 13:03:08.669 30328 30328 I VkKeyPreview: popupAnim key=printable type=instant dur=0ms scale=1.0
07-23 13:03:08.724 30328 30328 I VkKeyPreview: dismiss key=printable reason=release_anim pool showing=0 free=2
07-23 13:03:08.800 30328 30328 I VkKeyPreview: show key=printable instant=true pool showing=1 free=1
07-23 13:03:08.801 30328 30328 I VkKeyPreview: popupAnim key=printable type=instant dur=0ms scale=1.0
07-23 13:03:08.828 30328 30752 I VkSuggestions: decode typedLen=7 candidates=18 locales=1 1,7ms
07-23 13:03:08.828 30328 30752 I VkTextCorrection: threshold len=7→len=8 score=0,000 thr=0,140 ○
07-23 13:03:08.829 30328 30752 I VkSuggestions: strip composing typedLen=7 candidates=19 autocorrect=false top=len=7 locale=en token=136 gen=2
07-23 13:03:08.829 30328 30328 I VkStripPipeline: setSuggestions composing size=19 style=1 token=136 gen=2 typed=len=7
07-23 13:03:08.830 30328 30328 I VkSuggestions: stripUi prediction=false children=5 [len=7|len=2|len=4]
07-23 13:03:08.830 30328 30328 I VkStripPipeline: slotBind composing children=5 [len=7|len=2|len=4]
07-23 13:03:08.891 30328 30328 I VkKeyPreview: dismiss key=printable reason=release_anim pool showing=0 free=2
07-23 13:03:08.891 30328 30328 I VkKeyPress: keys pressed=233
07-23 13:03:08.932 30328 30328 I VkKeyPreview: show key=printable instant=true pool showing=1 free=1
07-23 13:03:08.932 30328 30328 I VkKeyPreview: popupAnim key=printable type=instant dur=0ms scale=1.0
07-23 13:03:08.997 30328 30752 I VkSuggestions: decode typedLen=8 candidates=18 locales=1 2,0ms
07-23 13:03:08.998 30328 30752 I VkTextCorrection: threshold len=8→len=9 score=0,000 thr=0,140 ○
07-23 13:03:08.999 30328 30752 I VkSuggestions: strip composing typedLen=8 candidates=19 autocorrect=false top=len=8 locale=en token=137 gen=2
07-23 13:03:08.999 30328 30328 I VkStripPipeline: setSuggestions composing size=19 style=1 token=137 gen=2 typed=len=8
07-23 13:03:09.002 30328 30328 I VkSuggestions: stripUi prediction=false children=5 [len=8|len=4|len=2]
07-23 13:03:09.002 30328 30328 I VkStripPipeline: slotBind composing children=5 [len=8|len=4|len=2]
07-23 13:03:09.065 30328 30328 I VkKeyPreview: dismiss key=printable reason=release_anim pool showing=0 free=2
07-23 13:03:09.174 30328 30752 I VkSuggestions: decode typedLen=9 candidates=18 locales=1 5,5ms
07-23 13:03:09.176 30328 30752 I VkTextCorrection: threshold len=9→len=10 score=0,000 thr=0,140 ○
07-23 13:03:09.177 30328 30752 I VkSuggestions: strip composing typedLen=9 candidates=19 autocorrect=false top=len=9 locale=en token=137 gen=2
07-23 13:03:09.178 30328 30328 I VkStripPipeline: setSuggestions composing size=19 style=1 token=137 gen=2 typed=len=9
07-23 13:03:09.182 30328 30328 I VkSuggestions: stripUi prediction=false children=5 [len=9|len=4|len=4]
07-23 13:03:09.182 30328 30328 I VkStripPipeline: slotBind composing children=5 [len=9|len=4|len=4]
07-23 13:03:09.203 30328 30328 I VkKeyPreview: show key=printable instant=true pool showing=1 free=1
07-23 13:03:09.203 30328 30328 I VkKeyPreview: popupAnim key=printable type=instant dur=0ms scale=1.0
07-23 13:03:09.299 30328 30328 I VkKeyPreview: dismiss key=printable reason=release_anim pool showing=0 free=2
07-23 13:03:09.408 30328 30752 I VkSuggestions: decode typedLen=10 candidates=18 locales=1 6,0ms
07-23 13:03:09.410 30328 30752 I VkTextCorrection: threshold len=10→len=12 score=0,000 thr=0,140 ○
07-23 13:03:09.411 30328 30752 I VkSuggestions: strip composing typedLen=10 candidates=19 autocorrect=false top=len=10 locale=en token=138 gen=2
07-23 13:03:09.411 30328 30328 I VkStripPipeline: setSuggestions composing size=19 style=1 token=138 gen=2 typed=len=10
07-23 13:03:09.415 30328 30328 I VkSuggestions: stripUi prediction=false children=5 [len=10|len=4|len=4]
07-23 13:03:09.415 30328 30328 I VkStripPipeline: slotBind composing children=5 [len=10|len=4|len=4]
07-23 13:03:09.453 30328 30328 I VkKeyPreview: show key=printable instant=true pool showing=1 free=1
07-23 13:03:09.453 30328 30328 I VkKeyPreview: popupAnim key=printable type=instant dur=0ms scale=1.0
07-23 13:03:09.549 30328 30328 I VkKeyPreview: dismiss key=printable reason=release_anim pool showing=0 free=2
07-23 13:03:09.645 30328 30328 I VkKeyPreview: show key=printable instant=true pool showing=1 free=1
07-23 13:03:09.645 30328 30328 I VkKeyPreview: popupAnim key=printable type=instant dur=0ms scale=1.0
07-23 13:03:09.653 30328 30752 I VkSuggestions: decode typedLen=11 candidates=18 locales=1 2,0ms
07-23 13:03:09.654 30328 30752 I VkTextCorrection: threshold len=11→len=13 score=0,000 thr=0,140 ○
07-23 13:03:09.655 30328 30752 I VkSuggestions: strip composing typedLen=11 candidates=19 autocorrect=false top=len=11 locale=en token=140 gen=2
07-23 13:03:09.655 30328 30328 I VkStripPipeline: setSuggestions composing size=19 style=1 token=140 gen=2 typed=len=11
07-23 13:03:09.656 30328 30328 I VkSuggestions: stripUi prediction=false children=5 [len=11|len=4|len=4]
07-23 13:03:09.656 30328 30328 I VkStripPipeline: slotBind composing children=5 [len=11|len=4|len=4]
07-23 13:03:09.750 30328 30328 I VkKeyPreview: dismiss key=printable reason=release_anim pool showing=0 free=2
07-23 13:03:09.859 30328 30752 I VkSuggestions: decode typedLen=12 candidates=18 locales=1 5,4ms
07-23 13:03:09.861 30328 30752 I VkTextCorrection: threshold len=12→len=14 score=0,000 thr=0,140 ○
07-23 13:03:09.862 30328 30752 I VkSuggestions: strip composing typedLen=12 candidates=19 autocorrect=false top=len=12 locale=en token=140 gen=2
07-23 13:03:09.862 30328 30328 I VkStripPipeline: setSuggestions composing size=19 style=1 token=140 gen=2 typed=len=12
07-23 13:03:09.866 30328 30328 I VkSuggestions: stripUi prediction=false children=5 [len=12|len=4|len=4]
07-23 13:03:09.866 30328 30328 I VkStripPipeline: slotBind composing children=5 [len=12|len=4|len=4]
07-23 13:03:10.192 30328 30328 I VkKeyPress: strip pick code=-10061
07-23 13:03:10.196 30328 30328 I VkEffects: reload keyPress=scale popup=none popupFx=true blur=80px glow=true stickers=true
07-23 13:03:10.201 30328 30328 I VkPanels: ▶ open assist
07-23 13:03:10.246 30328 30328 I OnDeviceAssist: ▶ panel open
07-23 13:03:10.884 30393 30393 W DefaultDispatch: type=1400 audit(0.0:291571): avc: denied { read } for name="/" dev="dm-0" ino=2 scontext=u:r:untrusted_app:s0:c64,c273,c512,c768 tcontext=u:object_r:rootfs:s0 tclass=dir permissive=0 app=com.vibekey.keyboard
07-23 13:03:10.884 30393 30393 W DefaultDispatch: type=1400 audit(0.0:291572): avc: denied { read } for name="/" dev="dm-0" ino=2 scontext=u:r:untrusted_app:s0:c64,c273,c512,c768 tcontext=u:object_r:rootfs:s0 tclass=dir permissive=0 app=com.vibekey.keyboard
07-23 13:03:10.884 30393 30393 W DefaultDispatch: type=1400 audit(0.0:291573): avc: denied { read } for name="/" dev="dm-0" ino=2 scontext=u:r:untrusted_app:s0:c64,c273,c512,c768 tcontext=u:object_r:rootfs:s0 tclass=dir permissive=0 app=com.vibekey.keyboard
07-23 13:03:10.884 30393 30393 W DefaultDispatch: type=1400 audit(0.0:291574): avc: denied { read } for name="/" dev="dm-0" ino=2 scontext=u:r:untrusted_app:s0:c64,c273,c512,c768 tcontext=u:object_r:rootfs:s0 tclass=dir permissive=0 app=com.vibekey.keyboard
07-23 13:03:10.884 30393 30393 W DefaultDispatch: type=1400 audit(0.0:291575): avc: denied { read } for name="/" dev="dm-0" ino=2 scontext=u:r:untrusted_app:s0:c64,c273,c512,c768 tcontext=u:object_r:rootfs:s0 tclass=dir permissive=0 app=com.vibekey.keyboard
07-23 13:03:10.884 30393 30393 W DefaultDispatch: type=1400 audit(0.0:291576): avc: denied { read } for name="/" dev="dm-0" ino=2 scontext=u:r:untrusted_app:s0:c64,c273,c512,c768 tcontext=u:object_r:rootfs:s0 tclass=dir permissive=0 app=com.vibekey.keyboard
07-23 13:03:10.884 30393 30393 W DefaultDispatch: type=1400 audit(0.0:291577): avc: denied { read } for name="/" dev="dm-0" ino=2 scontext=u:r:untrusted_app:s0:c64,c273,c512,c768 tcontext=u:object_r:rootfs:s0 tclass=dir permissive=0 app=com.vibekey.keyboard
07-23 13:03:10.884 30393 30393 W DefaultDispatch: type=1400 audit(0.0:291578): avc: denied { read } for name="/" dev="dm-0" ino=2 scontext=u:r:untrusted_app:s0:c64,c273,c512,c768 tcontext=u:object_r:rootfs:s0 tclass=dir permissive=0 app=com.vibekey.keyboard
07-23 13:03:10.884 30393 30393 W DefaultDispatch: type=1400 audit(0.0:291579): avc: denied { read } for name="/" dev="dm-0" ino=2 scontext=u:r:untrusted_app:s0:c64,c273,c512,c768 tcontext=u:object_r:rootfs:s0 tclass=dir permissive=0 app=com.vibekey.keyboard
07-23 13:03:11.052 30328 30819 I OnDeviceAssist: ▶ assist_ipc task=other in=12 chars
07-23 13:03:11.829 30393 30429 I OnDeviceAssist: warm ok model=qwen2.5-0.5b-instruct-q4_0.gguf ambient=0 chars 912ms
07-23 13:03:11.830 30393 30429 I OnDeviceAssist: dispatch task=other in=12 chars engine=Ready
07-23 13:03:11.832 30393 30429 I OnDeviceAssist: ▶ runSync task=other in=12 chars locale=en
07-23 13:03:11.833 30393 30429 I OnDeviceAssist: → llm task=other model=qwen2.5-0.5b-instruct-q4_0.gguf temp=0.15 maxTok=64
07-23 13:03:11.942 30328 30328 I VkPanels: ○ close assist
07-23 13:03:11.948 30393 30429 I OnDeviceAssist: ○ llm task=other 115ms: superseded
07-23 13:03:11.948 30393 30429 W OnDeviceAssist: failed task=other 875ms
07-23 13:03:11.948 30328 30434 I OnDeviceAssist: ○ assist (ime) task=other 897ms: superseded
07-23 13:03:12.958 30328 30328 I VkEffects: keyPressAnim burst=4 type=scale lastPhase=down
07-23 13:03:13.045 30328 30328 I VkKeyPress: keys pressed=238
07-23 13:03:13.152 30328 30752 I VkNgram : merge locale=en prev=len=12 preds=8 contextual=0 assets=true
07-23 13:03:13.166 30328 30752 I VkSuggestions: strip prediction typedLen=0 candidates=3 autocorrect=false top=len=3 locale=en token=144 gen=2
07-23 13:03:13.167 30328 30328 I VkStripPipeline: setSuggestions prediction size=3 style=6 token=144 gen=2
07-23 13:03:13.173 30328 30328 I VkSuggestions: stripUi prediction=true children=5 [len=2|len=3|len=1]
07-23 13:03:13.173 30328 30328 I VkStripPipeline: slotBind prediction children=5 [len=2|len=3|len=1]
07-23 13:03:14.017 30328 30328 I VkKeyPreview: show key=printable instant=true pool showing=1 free=1
07-23 13:03:14.017 30328 30328 I VkKeyPreview: popupAnim key=printable type=instant dur=0ms scale=1.0
07-23 13:03:14.130 30328 30328 I VkKeyPreview: dismiss key=printable reason=release_anim pool showing=0 free=2
07-23 13:03:14.215 30328 30328 I VkKeyPreview: show key=printable instant=true pool showing=1 free=1
07-23 13:03:14.215 30328 30328 I VkKeyPreview: popupAnim key=printable type=instant dur=0ms scale=1.0
07-23 13:03:14.240 30328 30752 I VkNgram : merge locale=en prev=len=13 preds=8 contextual=0 assets=true
07-23 13:03:14.241 30328 30752 I VkSuggestions: strip prediction typedLen=0 candidates=3 autocorrect=false top=len=3 locale=en token=148 gen=2
07-23 13:03:14.241 30328 30328 I VkStripPipeline: setSuggestions prediction size=3 style=6 token=148 gen=2
07-23 13:03:14.314 30328 30328 I VkKeyPreview: dismiss key=printable reason=release_anim pool showing=0 free=2
07-23 13:03:14.392 30328 30328 I VkKeyPreview: show key=printable instant=true pool showing=1 free=1
07-23 13:03:14.392 30328 30328 I VkKeyPreview: popupAnim key=printable type=instant dur=0ms scale=1.0
07-23 13:03:14.423 30328 30752 I VkNgram : merge locale=en prev=len=14 preds=8 contextual=0 assets=true
07-23 13:03:14.423 30328 30752 I VkTextCorrection: rerank prediction head len=3→len=1
07-23 13:03:14.424 30328 30752 I VkSuggestions: strip prediction typedLen=0 candidates=3 autocorrect=false top=len=1 locale=en token=149 gen=2
07-23 13:03:14.424 30328 30328 I VkStripPipeline: setSuggestions prediction size=3 style=6 token=149 gen=2
07-23 13:03:14.425 30328 30328 I VkSuggestions: stripUi prediction=true children=5 [len=2|len=1|len=2]
07-23 13:03:14.425 30328 30328 I VkStripPipeline: slotBind prediction children=5 [len=2|len=1|len=2]
07-23 13:03:14.498 30328 30328 I VkKeyPreview: dismiss key=printable reason=release_anim pool showing=0 free=2
07-23 13:03:14.551 30328 30328 I VkKeyPreview: show key=printable instant=true pool showing=1 free=1
07-23 13:03:14.551 30328 30328 I VkKeyPreview: popupAnim key=printable type=instant dur=0ms scale=1.0
07-23 13:03:14.607 30328 30752 I VkNgram : merge locale=en prev=len=15 preds=8 contextual=0 assets=true
07-23 13:03:14.607 30328 30752 I VkTextCorrection: rerank prediction head len=3→len=1
07-23 13:03:14.608 30328 30752 I VkSuggestions: strip prediction typedLen=0 candidates=3 autocorrect=false top=len=1 locale=en token=150 gen=2
07-23 13:03:14.608 30328 30328 I VkStripPipeline: setSuggestions prediction size=3 style=6 token=150 gen=2
07-23 13:03:14.633 30328 30328 I VkKeyPreview: show key=printable instant=true pool showing=2 free=0
07-23 13:03:14.633 30328 30328 I VkKeyPreview: popupAnim key=printable type=instant dur=0ms scale=1.0
07-23 13:03:14.657 30328 30328 I VkKeyPreview: dismiss key=printable reason=release_anim pool showing=1 free=1
07-23 13:03:14.698 30328 30328 I VkKeyPreview: dismiss key=printable reason=release_anim pool showing=0 free=2
07-23 13:03:14.795 30328 30328 I VkKeyPreview: show key=printable instant=true pool showing=1 free=1
07-23 13:03:14.795 30328 30328 I VkKeyPreview: popupAnim key=printable type=instant dur=0ms scale=1.0
07-23 13:03:14.808 30328 30752 I VkNgram : merge locale=en prev=len=17 preds=8 contextual=0 assets=true
07-23 13:03:14.808 30328 30752 I VkTextCorrection: rerank prediction head len=3→len=2
07-23 13:03:14.808 30328 30752 I VkSuggestions: strip prediction typedLen=0 candidates=3 autocorrect=false top=len=2 locale=en token=152 gen=2
07-23 13:03:14.809 30328 30328 I VkStripPipeline: setSuggestions prediction size=3 style=6 token=152 gen=2
07-23 13:03:14.810 30328 30328 I VkSuggestions: stripUi prediction=true children=5 [len=3|len=2|len=2]
07-23 13:03:14.810 30328 30328 I VkStripPipeline: slotBind prediction children=5 [len=3|len=2|len=2]
07-23 13:03:14.874 30328 30328 I VkKeyPreview: dismiss key=printable reason=release_anim pool showing=0 free=2
07-23 13:03:14.933 30328 30328 I VkKeyPreview: show key=printable instant=true pool showing=1 free=1
07-23 13:03:14.933 30328 30328 I VkKeyPreview: popupAnim key=printable type=instant dur=0ms scale=1.0
07-23 13:03:14.990 30328 30752 I VkNgram : merge locale=en prev=len=18 preds=8 contextual=0 assets=true
07-23 13:03:14.991 30328 30752 I VkSuggestions: strip prediction typedLen=0 candidates=3 autocorrect=false top=len=3 locale=en token=153 gen=2
07-23 13:03:14.991 30328 30328 I VkStripPipeline: setSuggestions prediction size=3 style=6 token=153 gen=2
07-23 13:03:14.992 30328 30328 I VkSuggestions: stripUi prediction=true children=5 [len=2|len=3|len=2]
07-23 13:03:14.992 30328 30328 I VkStripPipeline: slotBind prediction children=5 [len=2|len=3|len=2]
07-23 13:03:15.032 30328 30328 I VkKeyPreview: dismiss key=printable reason=release_anim pool showing=0 free=2
07-23 13:03:15.074 30328 30328 I VkKeyPreview: show key=printable instant=true pool showing=1 free=1
07-23 13:03:15.075 30328 30328 I VkKeyPreview: popupAnim key=printable type=instant dur=0ms scale=1.0
07-23 13:03:15.141 30328 30752 I VkNgram : merge locale=en prev=len=19 preds=8 contextual=0 assets=true
07-23 13:03:15.141 30328 30752 I VkSuggestions: strip prediction typedLen=0 candidates=3 autocorrect=false top=len=3 locale=en token=154 gen=2
07-23 13:03:15.142 30328 30328 I VkStripPipeline: setSuggestions prediction size=3 style=6 token=154 gen=2
07-23 13:03:15.142 30328 30328 I VkSuggestions: stripUi prediction=true children=5 [len=2|len=3|len=1]
07-23 13:03:15.143 30328 30328 I VkStripPipeline: slotBind prediction children=5 [len=2|len=3|len=1]
07-23 13:03:15.175 30328 30328 I VkKeyPreview: show key=printable instant=true pool showing=2 free=0
07-23 13:03:15.175 30328 30328 I VkKeyPreview: popupAnim key=printable type=instant dur=0ms scale=1.0
07-23 13:03:15.208 30328 30328 I VkKeyPreview: dismiss key=printable reason=release_anim pool showing=1 free=1
07-23 13:03:15.285 30328 30328 I VkKeyPreview: dismiss key=printable reason=release_anim pool showing=0 free=2
07-23 13:03:15.385 30328 30328 I VkKeyPreview: show key=printable instant=true pool showing=1 free=1
07-23 13:03:15.385 30328 30328 I VkKeyPreview: popupAnim key=printable type=instant dur=0ms scale=1.0
07-23 13:03:15.395 30328 30752 I VkNgram : merge locale=en prev=len=21 preds=8 contextual=0 assets=true
07-23 13:03:15.395 30328 30752 I VkTextCorrection: rerank prediction head len=3→len=1
07-23 13:03:15.395 30328 30752 I VkSuggestions: strip prediction typedLen=0 candidates=3 autocorrect=false top=len=1 locale=en token=156 gen=2
07-23 13:03:15.396 30328 30328 I VkStripPipeline: setSuggestions prediction size=3 style=6 token=156 gen=2
07-23 13:03:15.397 30328 30328 I VkSuggestions: stripUi prediction=true children=5 [len=3|len=1|len=2]
07-23 13:03:15.397 30328 30328 I VkStripPipeline: slotBind prediction children=5 [len=3|len=1|len=2]
07-23 13:03:15.458 30328 30328 I VkKeyPreview: dismiss key=printable reason=release_anim pool showing=0 free=2
07-23 13:03:15.554 30328 30328 I VkKeyPreview: show key=printable instant=true pool showing=1 free=1
07-23 13:03:15.554 30328 30328 I VkKeyPreview: popupAnim key=printable type=instant dur=0ms scale=1.0
07-23 13:03:15.575 30328 30752 I VkNgram : merge locale=en prev=len=22 preds=8 contextual=0 assets=true
07-23 13:03:15.576 30328 30752 I VkTextCorrection: rerank prediction head len=3→len=1
07-23 13:03:15.576 30328 30752 I VkSuggestions: strip prediction typedLen=0 candidates=3 autocorrect=false top=len=1 locale=en token=157 gen=2
07-23 13:03:15.577 30328 30328 I VkStripPipeline: setSuggestions prediction size=3 style=6 token=157 gen=2
07-23 13:03:15.659 30328 30328 I VkKeyPreview: dismiss key=printable reason=release_anim pool showing=0 free=2
07-23 13:03:15.721 30328 30328 I VkKeyPreview: show key=printable instant=true pool showing=1 free=1
07-23 13:03:15.721 30328 30328 I VkKeyPreview: popupAnim key=printable type=instant dur=0ms scale=1.0
07-23 13:03:15.775 30328 30752 I VkNgram : merge locale=en prev=len=23 preds=8 contextual=0 assets=true
07-23 13:03:15.775 30328 30752 I VkTextCorrection: rerank prediction head len=3→len=2
07-23 13:03:15.776 30328 30752 I VkSuggestions: strip prediction typedLen=0 candidates=3 autocorrect=false top=len=2 locale=en token=158 gen=2
07-23 13:03:15.776 30328 30328 I VkStripPipeline: setSuggestions prediction size=3 style=6 token=158 gen=2
07-23 13:03:15.777 30328 30328 I VkSuggestions: stripUi prediction=true children=5 [len=3|len=2|len=2]
07-23 13:03:15.777 30328 30328 I VkStripPipeline: slotBind prediction children=5 [len=3|len=2|len=2]
07-23 13:03:15.785 30328 30328 I VkKeyPreview: show key=printable instant=true pool showing=2 free=0
07-23 13:03:15.785 30328 30328 I VkKeyPreview: popupAnim key=printable type=instant dur=0ms scale=1.0
07-23 13:03:15.834 30328 30328 I VkKeyPreview: dismiss key=printable reason=release_anim pool showing=1 free=1
07-23 13:03:15.867 30328 30328 I VkKeyPreview: dismiss key=printable reason=release_anim pool showing=0 free=2
07-23 13:03:15.954 30328 30328 I VkKeyPreview: show key=printable instant=true pool showing=1 free=1
07-23 13:03:15.954 30328 30328 I VkKeyPreview: popupAnim key=printable type=instant dur=0ms scale=1.0
07-23 13:03:15.978 30328 30752 I VkNgram : merge locale=en prev=len=25 preds=8 contextual=0 assets=true
07-23 13:03:15.979 30328 30752 I VkSuggestions: strip prediction typedLen=0 candidates=3 autocorrect=false top=len=3 locale=en token=160 gen=2
07-23 13:03:15.979 30328 30328 I VkStripPipeline: setSuggestions prediction size=3 style=6 token=160 gen=2
07-23 13:03:15.980 30328 30328 I VkSuggestions: stripUi prediction=true children=5 [len=2|len=3|len=2]
07-23 13:03:15.980 30328 30328 I VkStripPipeline: slotBind prediction children=5 [len=2|len=3|len=2]
07-23 13:03:16.060 30328 30328 I VkKeyPreview: dismiss key=printable reason=release_anim pool showing=0 free=2
07-23 13:03:16.060 30328 30328 I VkKeyPress: keys pressed=253
07-23 13:03:16.094 30328 30328 I VkKeyPreview: show key=printable instant=true pool showing=1 free=1
07-23 13:03:16.094 30328 30328 I VkKeyPreview: popupAnim key=printable type=instant dur=0ms scale=1.0
07-23 13:03:16.177 30328 30752 I VkNgram : merge locale=en prev=len=26 preds=8 contextual=0 assets=true
07-23 13:03:16.178 30328 30752 I VkSuggestions: strip prediction typedLen=0 candidates=3 autocorrect=false top=len=3 locale=en token=161 gen=2
07-23 13:03:16.178 30328 30328 I VkStripPipeline: setSuggestions prediction size=3 style=6 token=161 gen=2
07-23 13:03:16.179 30328 30328 I VkSuggestions: stripUi prediction=true children=5 [len=1|len=3|len=2]
07-23 13:03:16.179 30328 30328 I VkStripPipeline: slotBind prediction children=5 [len=1|len=3|len=2]
07-23 13:03:16.203 30328 30328 I VkKeyPreview: show key=printable instant=true pool showing=2 free=0
07-23 13:03:16.203 30328 30328 I VkKeyPreview: popupAnim key=printable type=instant dur=0ms scale=1.0
07-23 13:03:16.218 30328 30328 I VkKeyPreview: dismiss key=printable reason=release_anim pool showing=1 free=1
07-23 13:03:16.287 30328 30328 I VkKeyPreview: dismiss key=printable reason=release_anim pool showing=0 free=2
07-23 13:03:16.419 30328 30752 I VkNgram : merge locale=en prev=len=28 preds=8 contextual=0 assets=true
07-23 13:03:16.422 30328 30752 I VkTextCorrection: rerank prediction head len=3→len=2
07-23 13:03:16.425 30328 30752 I VkSuggestions: strip prediction typedLen=0 candidates=3 autocorrect=false top=len=2 locale=en token=162 gen=2
07-23 13:03:16.426 30328 30328 I VkStripPipeline: setSuggestions prediction size=3 style=6 token=162 gen=2
07-23 13:03:16.427 30328 30328 I VkSuggestions: stripUi prediction=true children=5 [len=1|len=2|len=3]
07-23 13:03:16.427 30328 30328 I VkStripPipeline: slotBind prediction children=5 [len=1|len=2|len=3]
07-23 13:03:16.429 30328 30328 I VkKeyPreview: show key=printable instant=true pool showing=1 free=1
07-23 13:03:16.429 30328 30328 I VkKeyPreview: popupAnim key=printable type=instant dur=0ms scale=1.0
07-23 13:03:16.468 30328 30328 I VkKeyPreview: dismiss key=printable reason=release_anim pool showing=0 free=2
07-23 13:03:16.581 30328 30752 I VkNgram : merge locale=en prev=len=29 preds=8 contextual=0 assets=true
07-23 13:03:16.582 30328 30752 I VkTextCorrection: rerank prediction head len=3→len=1
07-23 13:03:16.583 30328 30752 I VkSuggestions: strip prediction typedLen=0 candidates=3 autocorrect=false top=len=1 locale=en token=163 gen=2
07-23 13:03:16.584 30328 30328 I VkStripPipeline: setSuggestions prediction size=3 style=6 token=163 gen=2
07-23 13:03:16.587 30328 30328 I VkSuggestions: stripUi prediction=true children=5 [len=2|len=1|len=3]
07-23 13:03:16.587 30328 30328 I VkStripPipeline: slotBind prediction children=5 [len=2|len=1|len=3]
07-23 13:03:16.599 30328 30328 I VkKeyPreview: show key=printable instant=true pool showing=1 free=1
07-23 13:03:16.599 30328 30328 I VkKeyPreview: popupAnim key=printable type=instant dur=0ms scale=1.0
07-23 13:03:16.660 30328 30328 I VkKeyPreview: dismiss key=printable reason=release_anim pool showing=0 free=2
07-23 13:03:16.779 30328 30752 I VkNgram : merge locale=en prev=len=30 preds=8 contextual=0 assets=true
07-23 13:03:16.780 30328 30752 I VkTextCorrection: rerank prediction head len=3→len=1
07-23 13:03:16.780 30328 30752 I VkSuggestions: strip prediction typedLen=0 candidates=3 autocorrect=false top=len=1 locale=en token=164 gen=2
07-23 13:03:16.781 30328 30328 I VkStripPipeline: setSuggestions prediction size=3 style=6 token=164 gen=2
07-23 13:03:16.807 30328 30328 I VkKeyPreview: show key=printable instant=true pool showing=1 free=1
07-23 13:03:16.807 30328 30328 I VkKeyPreview: popupAnim key=printable type=instant dur=0ms scale=1.0
07-23 13:03:16.936 30328 30328 I VkKeyPreview: dismiss key=printable reason=release_anim pool showing=0 free=2
07-23 13:03:16.972 30328 30328 I VkKeyPreview: show key=printable instant=true pool showing=1 free=1
07-23 13:03:16.972 30328 30328 I VkKeyPreview: popupAnim key=printable type=instant dur=0ms scale=1.0
07-23 13:03:17.045 30328 30752 I VkNgram : merge locale=en prev=len=31 preds=8 contextual=0 assets=true
07-23 13:03:17.046 30328 30752 I VkSuggestions: strip prediction typedLen=0 candidates=3 autocorrect=false top=len=3 locale=en token=166 gen=2
07-23 13:03:17.047 30328 30328 I VkStripPipeline: setSuggestions prediction size=3 style=6 token=166 gen=2
07-23 13:03:17.048 30328 30328 I VkSuggestions: stripUi prediction=true children=5 [len=2|len=3|len=2]
07-23 13:03:17.048 30328 30328 I VkStripPipeline: slotBind prediction children=5 [len=2|len=3|len=2]
07-23 13:03:17.080 30328 30328 I VkKeyPreview: dismiss key=printable reason=release_anim pool showing=0 free=2
07-23 13:03:17.149 30328 30328 I VkKeyPreview: show key=printable instant=true pool showing=1 free=1
07-23 13:03:17.149 30328 30328 I VkKeyPreview: popupAnim key=printable type=instant dur=0ms scale=1.0
07-23 13:03:17.195 30328 30752 I VkNgram : merge locale=en prev=len=32 preds=8 contextual=0 assets=true
07-23 13:03:17.196 30328 30752 I VkSuggestions: strip prediction typedLen=0 candidates=3 autocorrect=false top=len=3 locale=en token=167 gen=2
07-23 13:03:17.196 30328 30328 I VkStripPipeline: setSuggestions prediction size=3 style=6 token=167 gen=2
07-23 13:03:17.261 30328 30328 I VkKeyPreview: dismiss key=printable reason=release_anim pool showing=0 free=2
07-23 13:03:17.381 30328 30752 I VkNgram : merge locale=en prev=len=33 preds=8 contextual=0 assets=true
07-23 13:03:17.382 30328 30752 I VkTextCorrection: rerank prediction head len=3→len=2
07-23 13:03:17.383 30328 30752 I VkSuggestions: strip prediction typedLen=0 candidates=3 autocorrect=false top=len=2 locale=en token=167 gen=2
07-23 13:03:17.386 30328 30328 I VkSuggestions: stripUi prediction=true children=5 [len=3|len=2|len=2]
07-23 13:03:17.386 30328 30328 I VkStripPipeline: slotBind prediction children=5 [len=3|len=2|len=2]
07-23 13:03:17.988 30328 30328 I VkEffects: reload keyPress=fade popup=fade popupFx=true blur=0px glow=false stickers=true
07-23 13:03:18.104 30328 30328 W VkStall : MAIN-THREAD STALL 122ms during: >>>>> Dispatching to Handler (android.os.Handler) {89a2a57} b9.k@bd0e500: 0
