07-23 13:03:18.552 30328 30328 W VkStall : MAIN-THREAD STALL 154ms during: >>>>> Dispatching to Handler (android.os.Handler) {89a2a57} b9.k@4266839: 0
07-23 13:03:18.699 30328 30328 I VkKeyPress: strip pick code=-10070
07-23 13:03:18.713 30328 30328 I VkPanels: ▶ open menu
07-23 13:03:18.715 30328 30819 I VkLocaleAssets: ▶ batch source=menu_panel count=5 [en-AU,es,fr,hi,pt-BR]
07-23 13:03:18.720 30328 30819 I VkLocaleAssets: preload predictors en-AU
07-23 13:03:18.720 30328 30819 I VkLocaleAssets: ○ ready en-AU (cached)
07-23 13:03:18.725 30328 30819 I VkLocaleAssets: preload predictors es
07-23 13:03:18.725 30328 30819 I VkLocaleAssets: ○ ready es (cached)
07-23 13:03:18.730 30328 30819 I VkLocaleAssets: preload predictors fr
07-23 13:03:18.730 30328 30819 I VkLocaleAssets: ○ ready fr (cached)
07-23 13:03:18.737 30328 30819 I VkLocaleAssets: preload predictors hi
07-23 13:03:18.737 30328 30819 I VkLocaleAssets: ○ ready hi (cached)
07-23 13:03:18.742 30328 30819 I VkLocaleAssets: preload predictors pt-BR
07-23 13:03:18.742 30328 30819 I VkLocaleAssets: ○ ready pt-BR (cached)
07-23 13:03:18.742 30328 30819 I VkLocaleAssets: ✓ batch source=menu_panel locales=5 fetched=0
07-23 13:03:19.807 30328 30328 I VkKeyPress: strip pick code=-10070
07-23 13:03:19.808 30328 30328 I VkPanels: ○ close menu
07-23 13:03:20.813 30328 30328 I VkKeyPreview: show key=printable instant=true pool showing=1 free=0
07-23 13:03:20.814 30328 30328 I VkKeyPreview: popupAnim key=printable type=instant dur=0ms scale=1.0
07-23 13:03:20.951 30328 30328 I VkKeyPreview: dismiss key=printable reason=release_anim pool showing=0 free=1
07-23 13:03:20.951 30328 30328 I VkKeyPress: keys pressed=261
07-23 13:03:21.005 30328 30328 I VkKeyPreview: show key=printable instant=true pool showing=1 free=0
07-23 13:03:21.005 30328 30328 I VkKeyPreview: popupAnim key=printable type=instant dur=0ms scale=1.0
07-23 13:03:21.072 30328 30752 I VkNgram : merge locale=en prev=len=34 preds=8 contextual=0 assets=true
07-23 13:03:21.073 30328 30752 I VkTextCorrection: rerank prediction head len=3→len=2
07-23 13:03:21.074 30328 30752 I VkSuggestions: strip prediction typedLen=0 candidates=3 autocorrect=false top=len=2 locale=en token=171 gen=2
07-23 13:03:21.074 30328 30328 I VkStripPipeline: setSuggestions prediction size=3 style=6 token=171 gen=2
07-23 13:03:21.075 30328 30328 I VkSuggestions: stripUi prediction=true children=5 [len=1|len=2|len=2]
07-23 13:03:21.075 30328 30328 I VkStripPipeline: slotBind prediction children=5 [len=1|len=2|len=2]
07-23 13:03:21.120 30328 30328 I VkKeyPreview: dismiss key=printable reason=release_anim pool showing=0 free=1
07-23 13:03:21.204 30328 30328 I VkKeyPreview: show key=printable instant=true pool showing=1 free=0
07-23 13:03:21.204 30328 30328 I VkKeyPreview: popupAnim key=printable type=instant dur=0ms scale=1.0
07-23 13:03:21.235 30328 30752 I VkNgram : merge locale=en prev=len=35 preds=8 contextual=0 assets=true
07-23 13:03:21.236 30328 30752 I VkTextCorrection: rerank prediction head len=3→len=1
07-23 13:03:21.236 30328 30752 I VkSuggestions: strip prediction typedLen=0 candidates=3 autocorrect=false top=len=1 locale=en token=172 gen=2
07-23 13:03:21.237 30328 30328 I VkStripPipeline: setSuggestions prediction size=3 style=6 token=172 gen=2
07-23 13:03:21.238 30328 30328 I VkSuggestions: stripUi prediction=true children=5 [len=2|len=1|len=3]
07-23 13:03:21.238 30328 30328 I VkStripPipeline: slotBind prediction children=5 [len=2|len=1|len=3]
07-23 13:03:21.303 30328 30328 I VkKeyPreview: dismiss key=printable reason=release_anim pool showing=0 free=1
07-23 13:03:21.318 30328 30328 I VkKeyPreview: show key=printable instant=true pool showing=1 free=0
07-23 13:03:21.318 30328 30328 I VkKeyPreview: popupAnim key=printable type=instant dur=0ms scale=1.0
07-23 13:03:21.418 30328 30752 I VkNgram : merge locale=en prev=len=36 preds=8 contextual=0 assets=true
07-23 13:03:21.419 30328 30752 I VkSuggestions: strip prediction typedLen=0 candidates=3 autocorrect=false top=len=3 locale=en token=173 gen=2
07-23 13:03:21.419 30328 30328 I VkStripPipeline: setSuggestions prediction size=3 style=6 token=173 gen=2
07-23 13:03:21.420 30328 30328 I VkSuggestions: stripUi prediction=true children=5 [len=2|len=3|len=1]
07-23 13:03:21.420 30328 30328 I VkStripPipeline: slotBind prediction children=5 [len=2|len=3|len=1]
07-23 13:03:21.428 30328 30328 I VkKeyPreview: show key=printable instant=true pool showing=2 free=0
07-23 13:03:21.428 30328 30328 I VkKeyPreview: popupAnim key=printable type=instant dur=0ms scale=1.0
07-23 13:03:21.443 30328 30328 I VkKeyPreview: dismiss key=printable reason=release_anim pool showing=1 free=1
07-23 13:03:21.504 30328 30328 I VkKeyPreview: dismiss key=printable reason=release_anim pool showing=0 free=2
07-23 13:03:21.581 30328 30328 I VkKeyPreview: show key=printable instant=true pool showing=1 free=1
07-23 13:03:21.582 30328 30328 I VkKeyPreview: popupAnim key=printable type=instant dur=0ms scale=1.0
07-23 13:03:21.621 30328 30752 I VkNgram : merge locale=en prev=len=38 preds=8 contextual=0 assets=true
07-23 13:03:21.622 30328 30752 I VkSuggestions: strip prediction typedLen=0 candidates=3 autocorrect=false top=len=3 locale=en token=175 gen=2
07-23 13:03:21.623 30328 30328 I VkStripPipeline: setSuggestions prediction size=3 style=6 token=175 gen=2
07-23 13:03:21.624 30328 30328 I VkSuggestions: stripUi prediction=true children=5 [len=2|len=3|len=2]
07-23 13:03:21.624 30328 30328 I VkStripPipeline: slotBind prediction children=5 [len=2|len=3|len=2]
07-23 13:03:21.687 30328 30328 I VkKeyPreview: dismiss key=printable reason=release_anim pool showing=0 free=2
07-23 13:03:21.724 30328 30328 I VkKeyPreview: show key=printable instant=true pool showing=1 free=1
07-23 13:03:21.724 30328 30328 I VkKeyPreview: popupAnim key=printable type=instant dur=0ms scale=1.0
07-23 13:03:21.802 30328 30752 I VkNgram : merge locale=en prev=len=39 preds=8 contextual=0 assets=true
07-23 13:03:21.803 30328 30752 I VkTextCorrection: rerank prediction head len=3→len=2
07-23 13:03:21.803 30328 30752 I VkSuggestions: strip prediction typedLen=0 candidates=3 autocorrect=false top=len=2 locale=en token=176 gen=2
07-23 13:03:21.804 30328 30328 I VkStripPipeline: setSuggestions prediction size=3 style=6 token=176 gen=2
07-23 13:03:21.804 30328 30328 I VkSuggestions: stripUi prediction=true children=5 [len=3|len=2|len=2]
07-23 13:03:21.804 30328 30328 I VkStripPipeline: slotBind prediction children=5 [len=3|len=2|len=2]
07-23 13:03:21.812 30328 30328 I VkKeyPreview: show key=printable instant=true pool showing=2 free=0
07-23 13:03:21.812 30328 30328 I VkKeyPreview: popupAnim key=printable type=instant dur=0ms scale=1.0
07-23 13:03:21.829 30328 30328 I VkKeyPreview: dismiss key=printable reason=release_anim pool showing=1 free=1
07-23 13:03:21.888 30328 30328 I VkKeyPreview: dismiss key=printable reason=release_anim pool showing=0 free=2
07-23 13:03:21.956 30328 30328 I VkKeyPreview: show key=printable instant=true pool showing=1 free=1
07-23 13:03:21.956 30328 30328 I VkKeyPreview: popupAnim key=printable type=instant dur=0ms scale=1.0
07-23 13:03:22.007 30328 30752 I VkNgram : merge locale=en prev=len=40 preds=8 contextual=0 assets=true
07-23 13:03:22.007 30328 30752 I VkTextCorrection: rerank prediction head len=3→len=2
07-23 13:03:22.008 30328 30752 I VkSuggestions: strip prediction typedLen=0 candidates=3 autocorrect=false top=len=2 locale=en token=178 gen=2
07-23 13:03:22.008 30328 30328 I VkStripPipeline: setSuggestions prediction size=3 style=6 token=178 gen=2
07-23 13:03:22.009 30328 30328 I VkSuggestions: stripUi prediction=true children=5 [len=1|len=2|len=2]
07-23 13:03:22.009 30328 30328 I VkStripPipeline: slotBind prediction children=5 [len=1|len=2|len=2]
07-23 13:03:22.070 30328 30328 I VkKeyPreview: dismiss key=printable reason=release_anim pool showing=0 free=2
07-23 13:03:22.095 30328 30328 I VkKeyPreview: show key=printable instant=true pool showing=1 free=1
07-23 13:03:22.095 30328 30328 I VkKeyPreview: popupAnim key=printable type=instant dur=0ms scale=1.0
07-23 13:03:22.187 30328 30752 I VkTextCorrection: rerank prediction head len=3→len=1
07-23 13:03:22.188 30328 30752 I VkSuggestions: strip prediction typedLen=0 candidates=3 autocorrect=false top=len=1 locale=en token=179 gen=2
07-23 13:03:22.188 30328 30328 I VkStripPipeline: setSuggestions prediction size=3 style=6 token=179 gen=2
07-23 13:03:22.189 30328 30328 I VkSuggestions: stripUi prediction=true children=5 [len=2|len=1|len=3]
07-23 13:03:22.189 30328 30328 I VkStripPipeline: slotBind prediction children=5 [len=2|len=1|len=3]
07-23 13:03:22.205 30328 30328 I VkKeyPreview: dismiss key=printable reason=release_anim pool showing=0 free=2
07-23 13:03:22.220 30328 30328 I VkKeyPreview: show key=printable instant=true pool showing=1 free=1
07-23 13:03:22.220 30328 30328 I VkKeyPreview: popupAnim key=printable type=instant dur=0ms scale=1.0
07-23 13:03:22.320 30328 30752 I VkSuggestions: strip prediction typedLen=0 candidates=3 autocorrect=false top=len=3 locale=en token=180 gen=2
07-23 13:03:22.320 30328 30328 I VkStripPipeline: setSuggestions prediction size=3 style=6 token=180 gen=2
07-23 13:03:22.321 30328 30328 I VkSuggestions: stripUi prediction=true children=5 [len=2|len=3|len=1]
07-23 13:03:22.321 30328 30328 I VkStripPipeline: slotBind prediction children=5 [len=2|len=3|len=1]
07-23 13:03:22.322 30328 30328 I VkKeyPreview: dismiss key=printable reason=release_anim pool showing=0 free=2
07-23 13:03:22.379 30328 30328 I VkKeyPreview: show key=printable instant=true pool showing=1 free=1
07-23 13:03:22.379 30328 30328 I VkKeyPreview: popupAnim key=printable type=instant dur=0ms scale=1.0
07-23 13:03:22.442 30328 30752 I VkSuggestions: strip prediction typedLen=0 candidates=3 autocorrect=false top=len=3 locale=en token=181 gen=2
07-23 13:03:22.442 30328 30328 I VkStripPipeline: setSuggestions prediction size=3 style=6 token=181 gen=2
07-23 13:03:22.444 30328 30328 I VkSuggestions: stripUi prediction=true children=5 [len=2|len=3|len=2]
07-23 13:03:22.445 30328 30328 I VkStripPipeline: slotBind prediction children=5 [len=2|len=3|len=2]
07-23 13:03:22.496 30328 30328 I VkKeyPreview: dismiss key=printable reason=release_anim pool showing=0 free=2
07-23 13:03:22.507 30328 30328 I VkKeyPreview: show key=printable instant=true pool showing=1 free=1
07-23 13:03:22.507 30328 30328 I VkKeyPreview: popupAnim key=printable type=instant dur=0ms scale=1.0
07-23 13:03:22.604 30328 30752 I VkTextCorrection: rerank prediction head len=3→len=2
07-23 13:03:22.604 30328 30752 I VkSuggestions: strip prediction typedLen=0 candidates=3 autocorrect=false top=len=2 locale=en token=182 gen=2
07-23 13:03:22.604 30328 30328 I VkStripPipeline: setSuggestions prediction size=3 style=6 token=182 gen=2
07-23 13:03:22.606 30328 30328 I VkSuggestions: stripUi prediction=true children=5 [len=3|len=2|len=2]
07-23 13:03:22.606 30328 30328 I VkStripPipeline: slotBind prediction children=5 [len=3|len=2|len=2]
07-23 13:03:22.629 30328 30328 I VkKeyPreview: dismiss key=printable reason=release_anim pool showing=0 free=2
07-23 13:03:22.743 30328 30752 I VkTextCorrection: rerank prediction head len=3→len=2
07-23 13:03:22.746 30328 30328 I VkSuggestions: stripUi prediction=true children=5 [len=1|len=2|len=2]
07-23 13:03:22.746 30328 30328 I VkStripPipeline: slotBind prediction children=5 [len=1|len=2|len=2]
07-23 13:03:23.253 30328 30328 I VkEffects: reload keyPress=bounce popup=scale popupFx=true blur=0px glow=false stickers=true
07-23 13:03:23.419 30328 30328 W VkStall : MAIN-THREAD STALL 173ms during: >>>>> Dispatching to Handler (android.os.Handler) {89a2a57} b9.k@be42449: 0
07-23 13:03:23.890 30328 30328 W VkStall : MAIN-THREAD STALL 155ms during: >>>>> Dispatching to Handler (android.os.Handler) {89a2a57} b9.k@d85aa7f: 0
07-23 13:03:23.949 30328 30328 I VkTyping: ○ hidden
07-23 13:03:24.571 30328 30328 W VkStall : MAIN-THREAD STALL 355ms (imeHideInProgress) during: >>>>> Dispatching to Handler (android.os.Handler) {89a2a57} b9.k@ec7ea9e: 0
07-23 13:03:24.951 30328 30328 I VkTyping: ▶ open restart=false pkg=len=20 inputType=589825
07-23 13:03:25.506 30328 30752 I VkNgram : merge locale=en prev=len=0 preds=8 contextual=0 assets=true
07-23 13:03:25.506 30328 30752 I VkTextCorrection: rerank prediction head len=3→len=1
07-23 13:03:25.507 30328 30752 I VkSuggestions: strip prediction typedLen=0 candidates=3 autocorrect=false top=len=1 locale=en token=184 gen=2
07-23 13:03:25.509 30328 30328 I VkStripPipeline: setSuggestions prediction size=3 style=7 token=184 gen=2
07-23 13:03:25.510 30328 30328 I VkSuggestions: stripUi prediction=true children=5 [len=2|len=1|len=3]
07-23 13:03:25.510 30328 30328 I VkStripPipeline: slotBind prediction children=5 [len=2|len=1|len=3]
07-23 13:03:25.821 30328 30328 I VkEffects: reload keyPress=scale popup=none popupFx=true blur=80px glow=true stickers=true
07-23 13:03:26.103 30328 30328 I VkKeyPreview: show key=printable instant=true pool showing=1 free=1
07-23 13:03:26.103 30328 30328 I VkKeyPreview: popupAnim key=printable type=instant dur=0ms scale=1.0
07-23 13:03:26.167 30328 30328 I VkKeyPreview: dismiss key=printable reason=release_anim pool showing=0 free=2
07-23 13:03:26.167 30328 30328 I VkKeyPress: keys pressed=274
07-23 13:03:26.284 30328 30752 W VibeKeyProfiler: Slow Native Suggest: Total=13.45ms | Init=0.76ms | TrieExpand(x16)=12.65ms | Scoring=0.04ms | inputSize=1
07-23 13:03:26.284 30328 30752 I VkSuggestions: decode typedLen=1 candidates=18 locales=1 14,1ms
07-23 13:03:26.286 30328 30752 I VkSuggestions: strip composing typedLen=1 candidates=19 autocorrect=false top=len=1 locale=en token=185 gen=2
07-23 13:03:26.286 30328 30328 I VkStripPipeline: setSuggestions composing size=19 style=1 token=185 gen=2 typed=len=1
07-23 13:03:26.288 30328 30328 I VkSuggestions: stripUi prediction=false children=5 [len=1|len=3|len=2]
07-23 13:03:26.288 30328 30328 I VkStripPipeline: slotBind composing children=5 [len=1|len=3|len=2]
07-23 13:03:26.298 30328 30328 I VkKeyPreview: show key=printable instant=true pool showing=1 free=1
07-23 13:03:26.298 30328 30328 I VkKeyPreview: popupAnim key=printable type=instant dur=0ms scale=1.0
07-23 13:03:26.360 30328 30328 I VkKeyPreview: dismiss key=printable reason=release_anim pool showing=0 free=2
07-23 13:03:26.446 30328 30328 I VkKeyPreview: show key=printable instant=true pool showing=1 free=1
07-23 13:03:26.446 30328 30328 I VkKeyPreview: popupAnim key=printable type=instant dur=0ms scale=1.0
07-23 13:03:26.467 30328 30752 I VkSuggestions: decode typedLen=2 candidates=18 locales=1 2,9ms
07-23 13:03:26.472 30328 30752 I VkTextCorrection: threshold len=2→len=2 score=0,060 thr=0,140 ○
07-23 13:03:26.472 30328 30752 I VkSuggestions: strip composing typedLen=2 candidates=19 autocorrect=false top=len=2 locale=en token=187 gen=2
07-23 13:03:26.472 30328 30328 I VkStripPipeline: setSuggestions composing size=19 style=1 token=187 gen=2 typed=len=2
07-23 13:03:26.473 30328 30328 I VkSuggestions: stripUi prediction=false children=5 [len=2|len=2|len=2]
07-23 13:03:26.473 30328 30328 I VkStripPipeline: slotBind composing children=5 [len=2|len=2|len=2]
07-23 13:03:26.552 30328 30328 I VkKeyPreview: dismiss key=printable reason=release_anim pool showing=0 free=2
07-23 13:03:26.559 30393 30429 I OnDeviceAssist: warm ok model=qwen2.5-0.5b-instruct-q4_0.gguf ambient=40 chars 700ms
07-23 13:03:26.585 30328 30328 I VkKeyPreview: show key=printable instant=true pool showing=1 free=1
07-23 13:03:26.586 30328 30328 I VkKeyPreview: popupAnim key=printable type=instant dur=0ms scale=1.0
07-23 13:03:26.658 30328 30752 I VkSuggestions: decode typedLen=3 candidates=18 locales=1 2,8ms
07-23 13:03:26.659 30328 30752 I VkTextCorrection: threshold len=3→len=3 score=0,000 thr=0,140 ○
07-23 13:03:26.660 30328 30752 I VkSuggestions: strip composing typedLen=3 candidates=16 autocorrect=false top=len=3 locale=en token=188 gen=2
07-23 13:03:26.660 30328 30328 I VkStripPipeline: setSuggestions composing size=16 style=1 token=188 gen=2 typed=len=3
07-23 13:03:26.662 30328 30328 I VkSuggestions: stripUi prediction=false children=5 [len=3|len=3|len=4]
07-23 13:03:26.662 30328 30328 I VkStripPipeline: slotBind composing children=5 [len=3|len=3|len=4]
07-23 13:03:26.720 30328 30328 I VkKeyPreview: dismiss key=printable reason=release_anim pool showing=0 free=2
07-23 13:03:26.736 30328 30328 I VkKeyPreview: show key=printable instant=true pool showing=1 free=1
07-23 13:03:26.736 30328 30328 I VkKeyPreview: popupAnim key=printable type=instant dur=0ms scale=1.0
07-23 13:03:26.803 30328 30328 I VkKeyPreview: dismiss key=printable reason=release_anim pool showing=0 free=2
07-23 13:03:26.907 30328 30328 I VkKeyPreview: show key=printable instant=true pool showing=1 free=1
07-23 13:03:26.907 30328 30328 I VkKeyPreview: popupAnim key=printable type=instant dur=0ms scale=1.0
07-23 13:03:26.910 30328 30752 I VkSuggestions: decode typedLen=5 candidates=18 locales=1 3,0ms
07-23 13:03:26.911 30328 30752 I VkTextCorrection: threshold len=5→len=5 score=0,000 thr=0,140 ○
07-23 13:03:26.912 30328 30752 I VkSuggestions: strip composing typedLen=5 candidates=19 autocorrect=false top=len=5 locale=en token=190 gen=2
07-23 13:03:26.912 30328 30328 I VkStripPipeline: setSuggestions composing size=19 style=1 token=190 gen=2 typed=len=5
07-23 13:03:26.913 30328 30328 I VkSuggestions: stripUi prediction=false children=5 [len=5|len=5|len=5]
07-23 13:03:26.913 30328 30328 I VkStripPipeline: slotBind composing children=5 [len=5|len=5|len=5]
07-23 13:03:26.986 30328 30328 I VkKeyPreview: dismiss key=printable reason=release_anim pool showing=0 free=2
07-23 13:03:27.083 30328 30328 I VkKeyPreview: show key=printable instant=true pool showing=1 free=1
07-23 13:03:27.083 30328 30328 I VkKeyPreview: popupAnim key=printable type=instant dur=0ms scale=1.0
07-23 13:03:27.099 30328 30752 I VkSuggestions: decode typedLen=6 candidates=18 locales=1 2,7ms
07-23 13:03:27.100 30328 30752 I VkTextCorrection: threshold len=6→len=6 score=0,000 thr=0,140 ○
07-23 13:03:27.101 30328 30752 I VkSuggestions: strip composing typedLen=6 candidates=19 autocorrect=false top=len=6 locale=en token=191 gen=2
07-23 13:03:27.101 30328 30328 I VkStripPipeline: setSuggestions composing size=19 style=1 token=191 gen=2 typed=len=6
07-23 13:03:27.104 30328 30328 I VkSuggestions: stripUi prediction=false children=5 [len=6|len=6|len=6]
07-23 13:03:27.104 30328 30328 I VkStripPipeline: slotBind composing children=5 [len=6|len=6|len=6]
07-23 13:03:27.164 30328 30328 I VkKeyPreview: dismiss key=printable reason=release_anim pool showing=0 free=2
07-23 13:03:27.234 30328 30328 I VkKeyPreview: show key=printable instant=true pool showing=1 free=1
07-23 13:03:27.234 30328 30328 I VkKeyPreview: popupAnim key=printable type=instant dur=0ms scale=1.0
07-23 13:03:27.269 30328 30752 I VkSuggestions: decode typedLen=7 candidates=18 locales=1 2,5ms
07-23 13:03:27.270 30328 30752 I VkTextCorrection: threshold len=7→len=8 score=0,000 thr=0,140 ○
07-23 13:03:27.270 30328 30752 I VkSuggestions: strip composing typedLen=7 candidates=19 autocorrect=false top=len=7 locale=en token=192 gen=2
07-23 13:03:27.271 30328 30328 I VkStripPipeline: setSuggestions composing size=19 style=1 token=192 gen=2 typed=len=7
07-23 13:03:27.273 30328 30328 I VkSuggestions: stripUi prediction=false children=5 [len=7|len=5|len=2]
07-23 13:03:27.273 30328 30328 I VkStripPipeline: slotBind composing children=5 [len=7|len=5|len=2]
07-23 13:03:27.330 30328 30328 I VkKeyPreview: show key=printable instant=true pool showing=2 free=0
07-23 13:03:27.330 30328 30328 I VkKeyPreview: popupAnim key=printable type=instant dur=0ms scale=1.0
07-23 13:03:27.354 30328 30328 I VkKeyPreview: dismiss key=printable reason=release_anim pool showing=1 free=1
07-23 13:03:27.380 30328 30328 I VkKeyPreview: dismiss key=printable reason=release_anim pool showing=0 free=2
07-23 13:03:27.485 30328 30328 I VkKeyPreview: show key=printable instant=true pool showing=1 free=1
07-23 13:03:27.485 30328 30328 I VkKeyPreview: popupAnim key=printable type=instant dur=0ms scale=1.0
07-23 13:03:27.497 30328 30752 I VkSuggestions: decode typedLen=9 candidates=18 locales=1 2,1ms
07-23 13:03:27.498 30328 30752 I VkTextCorrection: threshold len=9→len=9 score=0,000 thr=0,140 ○
07-23 13:03:27.498 30328 30752 I VkSuggestions: strip composing typedLen=9 candidates=19 autocorrect=false top=len=9 locale=en token=194 gen=2
07-23 13:03:27.498 30328 30328 I VkStripPipeline: setSuggestions composing size=19 style=1 token=194 gen=2 typed=len=9
07-23 13:03:27.500 30328 30328 I VkSuggestions: stripUi prediction=false children=5 [len=9|len=4|len=4]
07-23 13:03:27.500 30328 30328 I VkStripPipeline: slotBind composing children=5 [len=9|len=4|len=4]
07-23 13:03:27.572 30328 30328 I VkKeyPreview: dismiss key=printable reason=release_anim pool showing=0 free=2
07-23 13:03:27.635 30328 30328 I VkKeyPreview: show key=printable instant=true pool showing=1 free=1
07-23 13:03:27.635 30328 30328 I VkKeyPreview: popupAnim key=printable type=instant dur=0ms scale=1.0
07-23 13:03:27.677 30328 30752 I VkSuggestions: decode typedLen=10 candidates=18 locales=1 1,9ms
07-23 13:03:27.677 30328 30752 I VkTextCorrection: threshold len=10→len=10 score=0,000 thr=0,140 ○
07-23 13:03:27.678 30328 30752 I VkSuggestions: strip composing typedLen=10 candidates=19 autocorrect=false top=len=10 locale=en token=195 gen=2
07-23 13:03:27.678 30328 30328 I VkStripPipeline: setSuggestions composing size=19 style=1 token=195 gen=2 typed=len=10
07-23 13:03:27.680 30328 30328 I VkSuggestions: stripUi prediction=false children=5 [len=10|len=6|len=5]
07-23 13:03:27.680 30328 30328 I VkStripPipeline: slotBind composing children=5 [len=10|len=6|len=5]
07-23 13:03:27.763 30328 30328 I VkKeyPreview: dismiss key=printable reason=release_anim pool showing=0 free=2
07-23 13:03:27.791 30328 30328 I VkKeyPreview: show key=printable instant=true pool showing=1 free=1
07-23 13:03:27.791 30328 30328 I VkKeyPreview: popupAnim key=printable type=instant dur=0ms scale=1.0
07-23 13:03:27.869 30328 30752 I VkSuggestions: decode typedLen=11 candidates=18 locales=1 2,4ms
07-23 13:03:27.871 30328 30752 I VkTextCorrection: threshold len=11→len=12 score=0,000 thr=0,140 ○
07-23 13:03:27.871 30328 30752 I VkSuggestions: strip composing typedLen=11 candidates=19 autocorrect=false top=len=11 locale=en token=196 gen=2
07-23 13:03:27.872 30328 30328 I VkStripPipeline: setSuggestions composing size=19 style=1 token=196 gen=2 typed=len=11
07-23 13:03:27.874 30328 30328 I VkSuggestions: stripUi prediction=false children=5 [len=11|len=4|len=4]
07-23 13:03:27.874 30328 30328 I VkStripPipeline: slotBind composing children=5 [len=11|len=4|len=4]
07-23 13:03:27.905 30328 30328 I VkKeyPreview: dismiss key=printable reason=release_anim pool showing=0 free=2
07-23 13:03:28.014 30328 30752 I VkSuggestions: decode typedLen=12 candidates=18 locales=1 5,2ms
07-23 13:03:28.016 30328 30752 I VkTextCorrection: threshold len=12→len=13 score=0,000 thr=0,140 ○
07-23 13:03:28.017 30328 30752 I VkSuggestions: strip composing typedLen=12 candidates=19 autocorrect=false top=len=12 locale=en token=196 gen=2
07-23 13:03:28.018 30328 30328 I VkStripPipeline: setSuggestions composing size=19 style=1 token=196 gen=2 typed=len=12
07-23 13:03:28.022 30328 30328 I VkSuggestions: stripUi prediction=false children=5 [len=12|len=4|len=4]
07-23 13:03:28.022 30328 30328 I VkStripPipeline: slotBind composing children=5 [len=12|len=4|len=4]
07-23 13:03:29.184 30328 30328 I VkKeyPress: keys pressed=297
07-23 13:03:29.398 30328 30752 I VkSuggestions: strip prediction typedLen=0 candidates=3 autocorrect=false top=len=3 locale=en token=197 gen=2
07-23 13:03:29.401 30328 30328 I VkStripPipeline: setSuggestions prediction size=3 style=7 token=197 gen=2
07-23 13:03:29.405 30328 30328 I VkSuggestions: stripUi prediction=true children=5 [len=2|len=3|len=1]
07-23 13:03:29.405 30328 30328 I VkStripPipeline: slotBind prediction children=5 [len=2|len=3|len=1]
07-23 13:03:29.645 30328 30328 I VkKeyPreview: show key=printable instant=true pool showing=1 free=1
07-23 13:03:29.645 30328 30328 I VkKeyPreview: popupAnim key=printable type=instant dur=0ms scale=1.0
07-23 13:03:29.724 30328 30328 I VkKeyPreview: dismiss key=printable reason=release_anim pool showing=0 free=2
07-23 13:03:29.827 30328 30328 I VkKeyPreview: show key=printable instant=true pool showing=1 free=1
07-23 13:03:29.827 30328 30328 I VkKeyPreview: popupAnim key=printable type=instant dur=0ms scale=1.0
07-23 13:03:29.833 30328 30752 I VkSuggestions: decode typedLen=1 candidates=18 locales=1 5,3ms
07-23 13:03:29.834 30328 30752 I VkSuggestions: strip composing typedLen=1 candidates=19 autocorrect=false top=len=1 locale=en token=199 gen=2
07-23 13:03:29.834 30328 30328 I VkStripPipeline: setSuggestions composing size=19 style=1 token=199 gen=2 typed=len=1
07-23 13:03:29.835 30328 30328 I VkSuggestions: stripUi prediction=false children=5 [len=1|len=4|len=4]
07-23 13:03:29.835 30328 30328 I VkStripPipeline: slotBind composing children=5 [len=1|len=4|len=4]
07-23 13:03:29.916 30328 30328 I VkKeyPreview: dismiss key=printable reason=release_anim pool showing=0 free=2
07-23 13:03:29.969 30328 30328 I VkKeyPreview: show key=printable instant=true pool showing=1 free=1
07-23 13:03:29.969 30328 30328 I VkKeyPreview: popupAnim key=printable type=instant dur=0ms scale=1.0
07-23 13:03:30.020 30328 30752 I VkSuggestions: decode typedLen=2 candidates=18 locales=1 1,9ms
07-23 13:03:30.021 30328 30752 I VkTextCorrection: threshold len=2→len=2 score=0,087 thr=0,140 ○
07-23 13:03:30.021 30328 30752 I VkSuggestions: strip composing typedLen=2 candidates=17 autocorrect=false top=len=2 locale=en token=200 gen=2
07-23 13:03:30.021 30328 30328 I VkStripPipeline: setSuggestions composing size=17 style=1 token=200 gen=2 typed=len=2
07-23 13:03:30.022 30328 30328 I VkSuggestions: stripUi prediction=false children=5 [len=2|len=2|len=2]
07-23 13:03:30.022 30328 30328 I VkStripPipeline: slotBind composing children=5 [len=2|len=2|len=2]
07-23 13:03:30.076 30328 30328 I VkKeyPreview: show key=printable instant=true pool showing=2 free=0
07-23 13:03:30.076 30328 30328 I VkKeyPreview: popupAnim key=printable type=instant dur=0ms scale=1.0
07-23 13:03:30.092 30328 30328 I VkKeyPreview: dismiss key=printable reason=release_anim pool showing=1 free=1
07-23 13:03:30.167 30328 30328 I VkKeyPreview: dismiss key=printable reason=release_anim pool showing=0 free=2
07-23 13:03:30.270 30328 30328 I VkKeyPreview: show key=printable instant=true pool showing=1 free=1
07-23 13:03:30.270 30328 30328 I VkKeyPreview: popupAnim key=printable type=instant dur=0ms scale=1.0
07-23 13:03:30.288 30328 30752 I VkSuggestions: decode typedLen=4 candidates=18 locales=1 3,3ms
07-23 13:03:30.288 30328 30752 I VkTextCorrection: threshold len=4→len=4 score=0,000 thr=0,140 ○
07-23 13:03:30.289 30328 30752 I VkSuggestions: strip composing typedLen=4 candidates=19 autocorrect=false top=len=4 locale=en token=202 gen=2
07-23 13:03:30.289 30328 30328 I VkStripPipeline: setSuggestions composing size=19 style=1 token=202 gen=2 typed=len=4
07-23 13:03:30.290 30328 30328 I VkSuggestions: stripUi prediction=false children=5 [len=4|len=4|len=4]
07-23 13:03:30.290 30328 30328 I VkStripPipeline: slotBind composing children=5 [len=4|len=4|len=4]
07-23 13:03:30.358 30328 30328 I VkKeyPreview: dismiss key=printable reason=release_anim pool showing=0 free=2
07-23 13:03:30.463 30328 30752 I VkSuggestions: decode typedLen=5 candidates=18 locales=1 2,3ms
07-23 13:03:30.464 30328 30752 I VkTextCorrection: threshold len=5→len=5 score=0,000 thr=0,140 ○
07-23 13:03:30.464 30328 30752 I VkSuggestions: strip composing typedLen=5 candidates=19 autocorrect=false top=len=5 locale=en token=202 gen=2
07-23 13:03:30.464 30328 30328 I VkStripPipeline: setSuggestions composing size=19 style=1 token=202 gen=2 typed=len=5
07-23 13:03:30.466 30328 30328 I VkSuggestions: stripUi prediction=false children=5 [len=5|len=5|len=5]
07-23 13:03:30.466 30328 30328 I VkStripPipeline: slotBind composing children=5 [len=5|len=5|len=5]
07-23 13:03:30.467 30328 30328 I VkKeyPreview: show key=printable instant=true pool showing=1 free=1
07-23 13:03:30.467 30328 30328 I VkKeyPreview: popupAnim key=printable type=instant dur=0ms scale=1.0
07-23 13:03:30.535 30328 30328 I VkKeyPreview: dismiss key=printable reason=release_anim pool showing=0 free=2
07-23 13:03:30.621 30328 30328 I VkKeyPreview: show key=printable instant=true pool showing=1 free=1
07-23 13:03:30.621 30328 30328 I VkKeyPreview: popupAnim key=printable type=instant dur=0ms scale=1.0
07-23 13:03:30.652 30328 30752 I VkSuggestions: decode typedLen=6 candidates=18 locales=1 1,7ms
07-23 13:03:30.653 30328 30752 I VkTextCorrection: threshold len=6→len=6 score=0,000 thr=0,140 ○
07-23 13:03:30.654 30328 30752 I VkSuggestions: strip composing typedLen=6 candidates=19 autocorrect=false top=len=6 locale=en token=204 gen=2
07-23 13:03:30.654 30328 30328 I VkStripPipeline: setSuggestions composing size=19 style=1 token=204 gen=2 typed=len=6
07-23 13:03:30.655 30328 30328 I VkSuggestions: stripUi prediction=false children=5 [len=6|len=3|len=3]
07-23 13:03:30.655 30328 30328 I VkStripPipeline: slotBind composing children=5 [len=6|len=3|len=3]
07-23 13:03:30.709 30328 30328 I VkKeyPreview: dismiss key=printable reason=release_anim pool showing=0 free=2
07-23 13:03:30.752 30328 30328 I VkKeyPreview: show key=printable instant=true pool showing=1 free=1
07-23 13:03:30.752 30328 30328 I VkKeyPreview: popupAnim key=printable type=instant dur=0ms scale=1.0
07-23 13:03:30.813 30328 30752 I VkSuggestions: decode typedLen=7 candidates=18 locales=1 1,9ms
07-23 13:03:30.814 30328 30752 I VkTextCorrection: threshold len=7→len=7 score=0,000 thr=0,140 ○
07-23 13:03:30.814 30328 30752 I VkSuggestions: strip composing typedLen=7 candidates=19 autocorrect=false top=len=7 locale=en token=205 gen=2
07-23 13:03:30.814 30328 30328 I VkStripPipeline: setSuggestions composing size=19 style=1 token=205 gen=2 typed=len=7
07-23 13:03:30.816 30328 30328 I VkSuggestions: stripUi prediction=false children=5 [len=7|len=3|len=3]
07-23 13:03:30.816 30328 30328 I VkStripPipeline: slotBind composing children=5 [len=7|len=3|len=3]
07-23 13:03:30.884 30328 30328 I VkKeyPreview: dismiss key=printable reason=release_anim pool showing=0 free=2
07-23 13:03:30.912 30328 30328 I VkKeyPreview: show key=printable instant=true pool showing=1 free=1
07-23 13:03:30.912 30328 30328 I VkKeyPreview: popupAnim key=printable type=instant dur=0ms scale=1.0
07-23 13:03:30.989 30328 30752 I VkSuggestions: decode typedLen=8 candidates=18 locales=1 2,3ms
07-23 13:03:30.990 30328 30752 I VkTextCorrection: threshold len=8→len=8 score=0,000 thr=0,140 ○
07-23 13:03:30.991 30328 30752 I VkSuggestions: strip composing typedLen=8 candidates=19 autocorrect=false top=len=8 locale=en token=206 gen=2
07-23 13:03:30.991 30328 30328 I VkStripPipeline: setSuggestions composing size=19 style=1 token=206 gen=2 typed=len=8
07-23 13:03:30.993 30328 30328 I VkSuggestions: stripUi prediction=false children=5 [len=8|len=3|len=3]
07-23 13:03:30.993 30328 30328 I VkStripPipeline: slotBind composing children=5 [len=8|len=3|len=3]
07-23 13:03:31.018 30328 30328 I VkKeyPreview: dismiss key=printable reason=release_anim pool showing=0 free=2
07-23 13:03:31.113 30328 30328 I VkKeyPreview: show key=printable instant=true pool showing=1 free=1
07-23 13:03:31.113 30328 30328 I VkKeyPreview: popupAnim key=printable type=instant dur=0ms scale=1.0
07-23 13:03:31.125 30328 30752 I VkSuggestions: decode typedLen=9 candidates=18 locales=1 3,5ms
07-23 13:03:31.125 30328 30752 I VkTextCorrection: threshold len=9→len=10 score=0,000 thr=0,140 ○
07-23 13:03:31.126 30328 30752 I VkSuggestions: strip composing typedLen=9 candidates=19 autocorrect=false top=len=9 locale=en token=207 gen=2
07-23 13:03:31.126 30328 30328 I VkStripPipeline: setSuggestions composing size=19 style=1 token=207 gen=2 typed=len=9
07-23 13:03:31.128 30328 30328 I VkSuggestions: stripUi prediction=false children=5 [len=9|len=3|len=3]
07-23 13:03:31.128 30328 30328 I VkStripPipeline: slotBind composing children=5 [len=9|len=3|len=3]
07-23 13:03:31.185 30328 30328 I VkKeyPreview: dismiss key=printable reason=release_anim pool showing=0 free=2
07-23 13:03:31.290 30328 30752 I VkSuggestions: decode typedLen=10 candidates=18 locales=1 2,0ms
07-23 13:03:31.290 30328 30752 I VkTextCorrection: threshold len=10→len=11 score=0,000 thr=0,140 ○
07-23 13:03:31.291 30328 30752 I VkSuggestions: strip composing typedLen=10 candidates=19 autocorrect=false top=len=10 locale=en token=207 gen=2
07-23 13:03:31.291 30328 30328 I VkStripPipeline: setSuggestions composing size=19 style=1 token=207 gen=2 typed=len=10
07-23 13:03:31.293 30328 30328 I VkSuggestions: stripUi prediction=false children=5 [len=10|len=3|len=3]
07-23 13:03:31.293 30328 30328 I VkStripPipeline: slotBind composing children=5 [len=10|len=3|len=3]
07-23 13:03:31.314 30328 30328 I VkKeyPreview: show key=printable instant=true pool showing=1 free=1
07-23 13:03:31.314 30328 30328 I VkKeyPreview: popupAnim key=printable type=instant dur=0ms scale=1.0
07-23 13:03:31.403 30328 30328 I VkKeyPreview: dismiss key=printable reason=release_anim pool showing=0 free=2
07-23 13:03:31.490 30328 30328 I VkKeyPreview: show key=printable instant=true pool showing=1 free=1
07-23 13:03:31.490 30328 30328 I VkKeyPreview: popupAnim key=printable type=instant dur=0ms scale=1.0
07-23 13:03:31.521 30328 30752 I VkSuggestions: decode typedLen=11 candidates=18 locales=1 1,9ms
07-23 13:03:31.521 30328 30752 I VkTextCorrection: threshold len=11→len=12 score=0,000 thr=0,140 ○
07-23 13:03:31.522 30328 30752 I VkSuggestions: strip composing typedLen=11 candidates=19 autocorrect=false top=len=11 locale=en token=209 gen=2
07-23 13:03:31.522 30328 30328 I VkStripPipeline: setSuggestions composing size=19 style=1 token=209 gen=2 typed=len=11
07-23 13:03:31.523 30328 30328 I VkSuggestions: stripUi prediction=false children=5 [len=11|len=3|len=3]
07-23 13:03:31.523 30328 30328 I VkStripPipeline: slotBind composing children=5 [len=11|len=3|len=3]
07-23 13:03:31.578 30328 30328 I VkKeyPreview: dismiss key=printable reason=release_anim pool showing=0 free=2
07-23 13:03:31.604 30328 30328 I VkKeyPreview: show key=printable instant=true pool showing=1 free=1
07-23 13:03:31.604 30328 30328 I VkKeyPreview: popupAnim key=printable type=instant dur=0ms scale=1.0
07-23 13:03:31.688 30328 30752 I VkSuggestions: decode typedLen=12 candidates=18 locales=1 2,1ms
07-23 13:03:31.689 30328 30752 I VkTextCorrection: threshold len=12→len=13 score=0,000 thr=0,140 ○
07-23 13:03:31.689 30328 30752 I VkSuggestions: strip composing typedLen=12 candidates=19 autocorrect=false top=len=12 locale=en token=210 gen=2
07-23 13:03:31.689 30328 30328 I VkStripPipeline: setSuggestions composing size=19 style=1 token=210 gen=2 typed=len=12
07-23 13:03:31.691 30328 30328 I VkSuggestions: stripUi prediction=false children=5 [len=12|len=3|len=3]
07-23 13:03:31.691 30328 30328 I VkStripPipeline: slotBind composing children=5 [len=12|len=3|len=3]
07-23 13:03:31.745 30328 30328 I VkKeyPreview: dismiss key=printable reason=release_anim pool showing=0 free=2
07-23 13:03:31.854 30328 30752 I VkSuggestions: decode typedLen=13 candidates=18 locales=1 6,1ms
07-23 13:03:31.856 30328 30752 I VkTextCorrection: threshold len=13→len=15 score=0,000 thr=0,140 ○
07-23 13:03:31.857 30328 30752 I VkSuggestions: strip composing typedLen=13 candidates=19 autocorrect=false top=len=13 locale=en token=210 gen=2
07-23 13:03:31.857 30328 30328 I VkStripPipeline: setSuggestions composing size=19 style=1 token=210 gen=2 typed=len=13
07-23 13:03:31.861 30328 30328 I VkSuggestions: stripUi prediction=false children=5 [len=13|len=3|len=3]
07-23 13:03:31.861 30328 30328 I VkStripPipeline: slotBind composing children=5 [len=13|len=3|len=3]
07-23 13:03:32.208 30328 30328 I VkKeyPress: keys pressed=315
07-23 13:03:32.339 30328 30752 W VibeKeyProfiler: Slow Native Suggest: Total=15.61ms | Init=0.26ms | TrieExpand(x12)=15.32ms | Scoring=0.03ms | inputSize=12
07-23 13:03:32.340 30328 30752 I VkSuggestions: decode typedLen=12 candidates=18 locales=1 16,2ms
07-23 13:03:32.340 30328 30752 W VkSuggestions: slow frame 16,2ms locales=1 typedLen=12 candidates=18
07-23 13:03:32.346 30328 30752 I VkTextCorrection: threshold len=12→len=13 score=0,000 thr=0,140 ○
07-23 13:03:32.347 30328 30752 I VkSuggestions: strip composing typedLen=12 candidates=19 autocorrect=false top=len=12 locale=en token=211 gen=2
07-23 13:03:32.347 30328 30328 I VkStripPipeline: setSuggestions composing size=19 style=1 token=211 gen=2 typed=len=12
07-23 13:03:32.349 30328 30328 I VkSuggestions: stripUi prediction=false children=5 [len=12|len=3|len=3]
07-23 13:03:32.349 30328 30328 I VkStripPipeline: slotBind composing children=5 [len=12|len=3|len=3]
07-23 13:03:32.992 30328 30752 W VibeKeyProfiler: Slow Native Suggest: Total=9.07ms | Init=0.30ms | TrieExpand(x11)=8.76ms | Scoring=0.02ms | inputSize=11
07-23 13:03:32.993 30328 30752 I VkSuggestions: decode typedLen=11 candidates=18 locales=1 9,6ms
07-23 13:03:32.994 30328 30752 I VkTextCorrection: threshold len=11→len=12 score=0,000 thr=0,140 ○
07-23 13:03:32.995 30328 30752 I VkSuggestions: strip composing typedLen=11 candidates=19 autocorrect=false top=len=11 locale=en token=212 gen=2
07-23 13:03:32.995 30328 30328 I VkStripPipeline: setSuggestions composing size=19 style=1 token=212 gen=2 typed=len=11
07-23 13:03:32.998 30328 30328 I VkSuggestions: stripUi prediction=false children=5 [len=11|len=3|len=3]
07-23 13:03:32.998 30328 30328 I VkStripPipeline: slotBind composing children=5 [len=11|len=3|len=3]
07-23 13:03:33.412 30328 30328 I VkEffects: reload keyPress=ripple popup=fade popupFx=true blur=0px glow=false stickers=true
07-23 13:03:33.561 30328 30328 W VkStall : MAIN-THREAD STALL 158ms during: >>>>> Dispatching to Handler (android.os.Handler) {89a2a57} b9.k@9a21853: 0
07-23 13:03:33.935 30328 31814 E ActivityThread: Failed to find provider info for com.oplus.statistics.provider
07-23 13:03:33.935 30328 31814 E OplusStatistics--: IllegalArgumentException:java.lang.IllegalArgumentException: Unknown URL content://com.oplus.statistics.provider/track_event
07-23 13:03:34.007 30328 30328 W VkStall : MAIN-THREAD STALL 154ms during: >>>>> Dispatching to Handler (android.os.Handler) {89a2a57} b9.k@96f3dc7: 0
07-23 13:03:34.438 30328 30328 W VkStall : MAIN-THREAD STALL 140ms during: >>>>> Dispatching to Handler (android.os.Handler) {89a2a57} b9.k@ac85fd7: 0
07-23 13:03:34.788 30328 30328 I VkKeyPreview: show key=printable instant=true pool showing=1 free=0
07-23 13:03:34.788 30328 30328 I VkKeyPreview: popupAnim key=printable type=instant dur=0ms scale=1.0
07-23 13:03:34.892 30328 30328 I VkKeyPreview: dismiss key=printable reason=release_anim pool showing=0 free=1
07-23 13:03:34.965 30328 30328 I VkKeyPreview: show key=printable instant=true pool showing=1 free=0
07-23 13:03:34.965 30328 30328 I VkKeyPreview: popupAnim key=printable type=instant dur=0ms scale=1.0
07-23 13:03:34.996 30328 30752 I VkSuggestions: decode typedLen=12 candidates=18 locales=1 1,8ms
07-23 13:03:34.997 30328 30752 I VkTextCorrection: threshold len=12→len=13 score=0,000 thr=0,140 ○
07-23 13:03:34.998 30328 30752 I VkSuggestions: strip composing typedLen=12 candidates=19 autocorrect=false top=len=12 locale=en token=214 gen=2
07-23 13:03:34.998 30328 30328 I VkStripPipeline: setSuggestions composing size=19 style=1 token=214 gen=2 typed=len=12
07-23 13:03:35.001 30328 30328 I VkSuggestions: stripUi prediction=false children=5 [len=12|len=3|len=3]
07-23 13:03:35.001 30328 30328 I VkStripPipeline: slotBind composing children=5 [len=12|len=3|len=3]
07-23 13:03:35.060 30328 30328 I VkKeyPreview: dismiss key=printable reason=release_anim pool showing=0 free=1
07-23 13:03:35.145 30328 30328 I VkKeyPreview: show key=printable instant=true pool showing=1 free=0
07-23 13:03:35.145 30328 30328 I VkKeyPreview: popupAnim key=printable type=instant dur=0ms scale=1.0
07-23 13:03:35.165 30328 30752 I VkSuggestions: decode typedLen=13 candidates=18 locales=1 2,1ms
07-23 13:03:35.166 30328 30752 I VkTextCorrection: threshold len=13→len=15 score=0,000 thr=0,140 ○
07-23 13:03:35.166 30328 30752 I VkSuggestions: strip composing typedLen=13 candidates=19 autocorrect=false top=len=13 locale=en token=215 gen=2
07-23 13:03:35.166 30328 30328 I VkStripPipeline: setSuggestions composing size=19 style=1 token=215 gen=2 typed=len=13
07-23 13:03:35.168 30328 30328 I VkSuggestions: stripUi prediction=false children=5 [len=13|len=3|len=3]
07-23 13:03:35.168 30328 30328 I VkStripPipeline: slotBind composing children=5 [len=13|len=3|len=3]
07-23 13:03:35.259 30328 30328 I VkKeyPreview: dismiss key=printable reason=release_anim pool showing=0 free=1
07-23 13:03:35.259 30328 30328 I VkKeyPress: keys pressed=319
07-23 13:03:35.329 30328 30328 I VkKeyPreview: show key=printable instant=true pool showing=1 free=0
07-23 13:03:35.329 30328 30328 I VkKeyPreview: popupAnim key=printable type=instant dur=0ms scale=1.0
07-23 13:03:35.363 30328 30752 I VkSuggestions: decode typedLen=14 candidates=18 locales=1 1,8ms
07-23 13:03:35.363 30328 30752 I VkTextCorrection: threshold len=14→len=16 score=0,000 thr=0,140 ○
07-23 13:03:35.364 30328 30752 I VkSuggestions: strip composing typedLen=14 candidates=19 autocorrect=false top=len=14 locale=en token=216 gen=2
07-23 13:03:35.364 30328 30328 I VkStripPipeline: setSuggestions composing size=19 style=1 token=216 gen=2 typed=len=14
07-23 13:03:35.366 30328 30328 I VkSuggestions: stripUi prediction=false children=5 [len=14|len=3|len=3]
07-23 13:03:35.366 30328 30328 I VkStripPipeline: slotBind composing children=5 [len=14|len=3|len=3]
07-23 13:03:35.427 30328 30328 I VkKeyPreview: show key=printable instant=true pool showing=2 free=0
07-23 13:03:35.427 30328 30328 I VkKeyPreview: popupAnim key=printable type=instant dur=0ms scale=1.0
07-23 13:03:35.451 30328 30328 I VkKeyPreview: dismiss key=printable reason=release_anim pool showing=1 free=1
07-23 13:03:35.510 30328 30328 I VkKeyPreview: dismiss key=printable reason=release_anim pool showing=0 free=2
07-23 13:03:35.587 30328 30328 I VkKeyPreview: show key=printable instant=true pool showing=1 free=1
07-23 13:03:35.587 30328 30328 I VkKeyPreview: popupAnim key=printable type=instant dur=0ms scale=1.0
07-23 13:03:35.615 30328 30752 I VkSuggestions: decode typedLen=16 candidates=18 locales=1 2,8ms
07-23 13:03:35.616 30328 30752 I VkTextCorrection: threshold len=16→len=19 score=0,000 thr=0,140 ○
07-23 13:03:35.617 30328 30752 I VkSuggestions: strip composing typedLen=16 candidates=19 autocorrect=false top=len=16 locale=en token=218 gen=2
07-23 13:03:35.617 30328 30328 I VkStripPipeline: setSuggestions composing size=19 style=1 token=218 gen=2 typed=len=16
07-23 13:03:35.619 30328 30328 I VkSuggestions: stripUi prediction=false children=5 [len=16|len=3|len=3]
07-23 13:03:35.619 30328 30328 I VkStripPipeline: slotBind composing children=5 [len=16|len=3|len=3]
07-23 13:03:35.710 30328 30328 I VkKeyPreview: dismiss key=printable reason=release_anim pool showing=0 free=2
07-23 13:03:35.762 30328 30328 I VkKeyPreview: show key=printable instant=true pool showing=1 free=1
07-23 13:03:35.762 30328 30328 I VkKeyPreview: popupAnim key=printable type=instant dur=0ms scale=1.0
07-23 13:03:35.813 30328 30752 I VkSuggestions: decode typedLen=17 candidates=18 locales=1 1,6ms
07-23 13:03:35.814 30328 30752 I VkTextCorrection: threshold len=17→len=20 score=0,000 thr=0,140 ○
07-23 13:03:35.814 30328 30752 I VkSuggestions: strip composing typedLen=17 candidates=19 autocorrect=false top=len=17 locale=en token=219 gen=2
07-23 13:03:35.814 30328 30328 I VkStripPipeline: setSuggestions composing size=19 style=1 token=219 gen=2 typed=len=17
07-23 13:03:35.816 30328 30328 I VkSuggestions: stripUi prediction=false children=5 [len=17|len=3|len=3]
07-23 13:03:35.816 30328 30328 I VkStripPipeline: slotBind composing children=5 [len=17|len=3|len=3]
07-23 13:03:35.893 30328 30328 I VkKeyPreview: dismiss key=printable reason=release_anim pool showing=0 free=2
07-23 13:03:35.998 30328 30752 I VkSuggestions: decode typedLen=18 candidates=18 locales=1 2,0ms
07-23 13:03:35.999 30328 30752 I VkTextCorrection: threshold len=18→len=21 score=0,000 thr=0,140 ○
07-23 13:03:36.000 30328 30752 I VkSuggestions: strip composing typedLen=18 candidates=19 autocorrect=false top=len=18 locale=en token=219 gen=2
07-23 13:03:36.000 30328 30328 I VkStripPipeline: setSuggestions composing size=19 style=1 token=219 gen=2 typed=len=18
07-23 13:03:36.002 30328 30328 I VkSuggestions: stripUi prediction=false children=5 [len=18|len=3|len=3]
07-23 13:03:36.002 30328 30328 I VkStripPipeline: slotBind composing children=5 [len=18|len=3|len=3]
07-23 13:03:36.452 30328 30752 I VkSuggestions: decode typedLen=17 candidates=18 locales=1 6,1ms
07-23 13:03:36.454 30328 30752 I VkTextCorrection: threshold len=17→len=20 score=0,000 thr=0,140 ○
07-23 13:03:36.454 30328 30752 I VkSuggestions: strip composing typedLen=17 candidates=19 autocorrect=false top=len=17 locale=en token=221 gen=2
07-23 13:03:36.454 30328 30328 I VkStripPipeline: setSuggestions composing size=19 style=1 token=221 gen=2 typed=len=17
07-23 13:03:36.456 30328 30328 I VkSuggestions: stripUi prediction=false children=5 [len=17|len=3|len=3]
07-23 13:03:36.456 30328 30328 I VkStripPipeline: slotBind composing children=5 [len=17|len=3|len=3]
07-23 13:03:37.801 30328 30752 I VkSuggestions: strip prediction typedLen=0 candidates=3 autocorrect=false top=len=3 locale=en token=221 gen=2
07-23 13:03:37.811 30328 30328 I VkStripPipeline: setSuggestions prediction size=3 style=7 token=221 gen=2
07-23 13:03:37.818 30328 30328 I VkSuggestions: stripUi prediction=true children=5 [len=2|len=3|len=2]
07-23 13:03:37.818 30328 30328 I VkStripPipeline: slotBind prediction children=5 [len=2|len=3|len=2]
07-23 13:03:38.423 30328 30328 I VkKeyPreview: show key=printable instant=true pool showing=1 free=1
07-23 13:03:38.423 30328 30328 I VkKeyPreview: popupAnim key=printable type=instant dur=0ms scale=1.0
07-23 13:03:38.515 30328 30328 I VkKeyPreview: dismiss key=printable reason=release_anim pool showing=0 free=2
07-23 13:03:38.515 30328 30328 I VkKeyPress: keys pressed=353
07-23 13:03:38.633 30328 30752 W VibeKeyProfiler: Slow Native Suggest: Total=14.83ms | Init=0.68ms | TrieExpand(x15)=14.11ms | Scoring=0.04ms | inputSize=1
07-23 13:03:38.634 30328 30752 I VkSuggestions: decode typedLen=1 candidates=18 locales=1 15,4ms
07-23 13:03:38.636 30328 30752 I VkSuggestions: strip composing typedLen=1 candidates=19 autocorrect=false top=len=1 locale=en token=222 gen=2
07-23 13:03:38.636 30328 30328 I VkStripPipeline: setSuggestions composing size=19 style=1 token=222 gen=2 typed=len=1
07-23 13:03:38.637 30328 30328 I VkSuggestions: stripUi prediction=false children=5 [len=1|len=1|len=4]
07-23 13:03:38.637 30328 30328 I VkStripPipeline: slotBind composing children=5 [len=1|len=1|len=4]
07-23 13:03:38.638 30328 30328 I VkKeyPreview: show key=printable instant=true pool showing=1 free=1
07-23 13:03:38.638 30328 30328 I VkKeyPreview: popupAnim key=printable type=instant dur=0ms scale=1.0
07-23 13:03:38.707 30328 30328 I VkKeyPreview: dismiss key=printable reason=release_anim pool showing=0 free=2
07-23 13:03:38.818 30328 30752 I VkSuggestions: decode typedLen=2 candidates=18 locales=1 8,4ms
07-23 13:03:38.820 30328 30752 I VkTextCorrection: threshold len=2→len=2 score=0,000 thr=0,140 ○
07-23 13:03:38.820 30328 30752 I VkSuggestions: strip composing typedLen=2 candidates=17 autocorrect=false top=len=2 locale=en token=223 gen=2
07-23 13:03:38.821 30328 30328 I VkStripPipeline: setSuggestions composing size=17 style=1 token=223 gen=2 typed=len=2
07-23 13:03:38.822 30328 30328 I VkSuggestions: stripUi prediction=false children=5 [len=2|len=2|len=2]
07-23 13:03:38.822 30328 30328 I VkStripPipeline: slotBind composing children=5 [len=2|len=2|len=2]
07-23 13:03:38.824 30328 30328 I VkKeyPreview: show key=printable instant=true pool showing=1 free=1
07-23 13:03:38.824 30328 30328 I VkKeyPreview: popupAnim key=printable type=instant dur=0ms scale=1.0
07-23 13:03:38.933 30328 30328 I VkKeyPreview: dismiss key=printable reason=release_anim pool showing=0 free=2
07-23 13:03:38.977 30328 30328 I VkKeyPreview: show key=printable instant=true pool showing=1 free=1
07-23 13:03:38.977 30328 30328 I VkKeyPreview: popupAnim key=printable type=instant dur=0ms scale=1.0
07-23 13:03:39.038 30328 30752 I VkSuggestions: decode typedLen=3 candidates=18 locales=1 2,6ms
07-23 13:03:39.039 30328 30752 I VkTextCorrection: threshold len=3→len=3 score=0,004 thr=0,140 ○
07-23 13:03:39.039 30328 30752 I VkSuggestions: strip composing typedLen=3 candidates=18 autocorrect=false top=len=3 locale=en token=225 gen=2
07-23 13:03:39.039 30328 30328 I VkStripPipeline: setSuggestions composing size=18 style=1 token=225 gen=2 typed=len=3
07-23 13:03:39.040 30328 30328 I VkSuggestions: stripUi prediction=false children=5 [len=3|len=3|len=4]
07-23 13:03:39.040 30328 30328 I VkStripPipeline: slotBind composing children=5 [len=3|len=3|len=4]
07-23 13:03:39.100 30328 30328 I VkKeyPreview: dismiss key=printable reason=release_anim pool showing=0 free=2
07-23 13:03:39.210 30328 30752 I VkSuggestions: decode typedLen=4 candidates=18 locales=1 7,5ms
07-23 13:03:39.211 30328 30752 I VkTextCorrection: threshold len=4→len=5 score=0,000 thr=0,140 ○
07-23 13:03:39.212 30328 30752 I VkSuggestions: strip composing typedLen=4 candidates=18 autocorrect=false top=len=4 locale=en token=225 gen=2
07-23 13:03:39.213 30328 30328 I VkStripPipeline: setSuggestions composing size=18 style=1 token=225 gen=2 typed=len=4
07-23 13:03:39.216 30328 30328 I VkSuggestions: stripUi prediction=false children=5 [len=4|len=2|len=4]
