06-04 11:06:12.278 24917 24960 W Isolated Web Content: [JavaScript Warning: "This page is in Quirks Mode. Page layout may be impacted. For Standards Mode use “<!DOCTYPE html>”." {file: "https://ads.pubmatic.com/AdServer/js/user_sync.html?gdpr=0&gdpr_consent=&us_privacy=1YNN&gpp=DBABLA%7EBVQqAAAAAgA.QA&gpp_sid=7&predirect=https%3A%2F%2Fs2s.t13.io%2Fsetuid%3Fbidder%3Dpubmatic%26gdpr%3D0%26gdpr_consent%3D%26us_privacy%3D1YNN%26gpp%3DDBABLA%7EBVQqAAAAAgA.QA%26gpp_sid%3D7%26f%3Db%26uid%3D" line: 0}]
06-04 11:06:12.292 24156 24156 W View    : requestLayout() improperly called by helium314.keyboard.latin.panels.BrowserPanelView{2678806 V.E...... ........ 0,0-1440,2040} during second layout pass: posting in next frame
06-04 11:06:12.294 24156 24156 W View    : requestLayout() improperly called by helium314.keyboard.latin.panels.BrowserPanelView{2678806 V.E...... ......I. 0,0-1440,2040} during layout: running second layout pass
06-04 11:06:12.309 24156 24156 W View    : requestLayout() improperly called by helium314.keyboard.latin.panels.BrowserPanelView{2678806 V.E...... ........ 0,0-1440,2040} during second layout pass: posting in next frame
06-04 11:06:12.311 24156 24156 W View    : requestLayout() improperly called by helium314.keyboard.latin.panels.BrowserPanelView{2678806 V.E...... ......I. 0,0-1440,2040} during layout: running second layout pass
06-04 11:06:12.327 24156 24156 W View    : requestLayout() improperly called by helium314.keyboard.latin.panels.BrowserPanelView{2678806 V.E...... ........ 0,0-1440,2040} during second layout pass: posting in next frame
06-04 11:06:12.329 24480 24497 E Isolated Web Content: [JavaScript Error: "Cookie “instUid” has been rejected for invalid domain." {file: "https://ex.ingage.tech/v1/openrtb?publisherId=e0247337-444d-44f9-8a10-45f38333b383" line: 0}]
06-04 11:06:12.330 24156 24156 W View    : requestLayout() improperly called by helium314.keyboard.latin.panels.BrowserPanelView{2678806 V.E...... ......I. 0,0-1440,2040} during layout: running second layout pass
06-04 11:06:12.344 24156 24156 W View    : requestLayout() improperly called by helium314.keyboard.latin.panels.BrowserPanelView{2678806 V.E...... ........ 0,0-1440,2040} during second layout pass: posting in next frame
06-04 11:06:12.347 24156 24156 W View    : requestLayout() improperly called by helium314.keyboard.latin.panels.BrowserPanelView{2678806 V.E...... ......I. 0,0-1440,2040} during layout: running second layout pass
06-04 11:06:12.361 24156 24156 W View    : requestLayout() improperly called by helium314.keyboard.latin.panels.BrowserPanelView{2678806 V.E...... ........ 0,0-1440,2040} during second layout pass: posting in next frame
06-04 11:06:12.362 24156 24156 W View    : requestLayout() improperly called by helium314.keyboard.latin.panels.BrowserPanelView{2678806 V.E...... ......I. 0,0-1440,2040} during layout: running second layout pass
06-04 11:06:12.378 24156 24156 W View    : requestLayout() improperly called by helium314.keyboard.latin.panels.BrowserPanelView{2678806 V.E...... ........ 0,0-1440,2040} during second layout pass: posting in next frame
06-04 11:06:12.379 24156 24156 W View    : requestLayout() improperly called by helium314.keyboard.latin.panels.BrowserPanelView{2678806 V.E...... ......I. 0,0-1440,2040} during layout: running second layout pass
06-04 11:06:12.392 24156 24156 W View    : requestLayout() improperly called by helium314.keyboard.latin.panels.BrowserPanelView{2678806 V.E...... ........ 0,0-1440,2040} during second layout pass: posting in next frame
06-04 11:06:12.394 24156 24156 W View    : requestLayout() improperly called by helium314.keyboard.latin.panels.BrowserPanelView{2678806 V.E...... ......I. 0,0-1440,2040} during layout: running second layout pass
06-04 11:06:12.411 24156 24156 W View    : requestLayout() improperly called by helium314.keyboard.latin.panels.BrowserPanelView{2678806 V.E...... ........ 0,0-1440,2040} during second layout pass: posting in next frame
06-04 11:06:12.414 24156 24156 W View    : requestLayout() improperly called by helium314.keyboard.latin.panels.BrowserPanelView{2678806 V.E...... ......I. 0,0-1440,2040} during layout: running second layout pass
06-04 11:06:12.429 24156 24156 W View    : requestLayout() improperly called by helium314.keyboard.latin.panels.BrowserPanelView{2678806 V.E...... ........ 0,0-1440,2040} during second layout pass: posting in next frame
06-04 11:06:12.431 24156 24156 W View    : requestLayout() improperly called by helium314.keyboard.latin.panels.BrowserPanelView{2678806 V.E...... ......I. 0,0-1440,2040} during layout: running second layout pass
06-04 11:06:12.447 24156 24156 W View    : requestLayout() improperly called by helium314.keyboard.latin.panels.BrowserPanelView{2678806 V.E...... ........ 0,0-1440,2040} during second layout pass: posting in next frame
06-04 11:06:12.448 24156 24156 W View    : requestLayout() improperly called by helium314.keyboard.latin.panels.BrowserPanelView{2678806 V.E...... ......I. 0,0-1440,2040} during layout: running second layout pass
06-04 11:06:12.457 25036 25036 E y.keyboard:tab: Unknown bits set in runtime_flags: 0x40000000
06-04 11:06:12.462 24156 24156 W View    : requestLayout() improperly called by helium314.keyboard.latin.panels.BrowserPanelView{2678806 V.E...... ........ 0,0-1440,2040} during second layout pass: posting in next frame
06-04 11:06:12.463 24156 24156 W View    : requestLayout() improperly called by helium314.keyboard.latin.panels.BrowserPanelView{2678806 V.E...... ......I. 0,0-1440,2040} during layout: running second layout pass
06-04 11:06:12.477 24156 24156 W View    : requestLayout() improperly called by helium314.keyboard.latin.panels.BrowserPanelView{2678806 V.E...... ........ 0,0-1440,2040} during second layout pass: posting in next frame
06-04 11:06:12.478 24156 24156 W View    : requestLayout() improperly called by helium314.keyboard.latin.panels.BrowserPanelView{2678806 V.E...... ......I. 0,0-1440,2040} during layout: running second layout pass
06-04 11:06:12.493 24156 24156 W View    : requestLayout() improperly called by helium314.keyboard.latin.panels.BrowserPanelView{2678806 V.E...... ........ 0,0-1440,2040} during second layout pass: posting in next frame
06-04 11:06:12.494 24156 24156 W View    : requestLayout() improperly called by helium314.keyboard.latin.panels.BrowserPanelView{2678806 V.E...... ......I. 0,0-1440,2040} during layout: running second layout pass
06-04 11:06:12.509 24156 24156 W View    : requestLayout() improperly called by helium314.keyboard.latin.panels.BrowserPanelView{2678806 V.E...... ........ 0,0-1440,2040} during second layout pass: posting in next frame
06-04 11:06:12.511 24156 24156 W View    : requestLayout() improperly called by helium314.keyboard.latin.panels.BrowserPanelView{2678806 V.E...... ......I. 0,0-1440,2040} during layout: running second layout pass
06-04 11:06:12.522 25036 25053 E GeckoLibLoad: Load sqlite start
06-04 11:06:12.523 25036 25053 E GeckoLibLoad: Load sqlite done
06-04 11:06:12.523 25036 25053 E GeckoLibLoad: Load nss start
06-04 11:06:12.523 25036 25053 E GeckoLibLoad: Load nss done
06-04 11:06:12.528 24156 24156 W View    : requestLayout() improperly called by helium314.keyboard.latin.panels.BrowserPanelView{2678806 V.E...... ........ 0,0-1440,2040} during second layout pass: posting in next frame
06-04 11:06:12.529 24156 24156 W View    : requestLayout() improperly called by helium314.keyboard.latin.panels.BrowserPanelView{2678806 V.E...... ......I. 0,0-1440,2040} during layout: running second layout pass
06-04 11:06:12.538 25036 25053 E GeckoLibLoad: Loaded libs in 14.622083ms total, 0ms(0ms) user, 10ms(9ms) system, 0(0) faults
06-04 11:06:12.538 25036 25053 W GeckoThread: zerdatime 262415399 - runGecko
06-04 11:06:12.543 24156 24156 W View    : requestLayout() improperly called by helium314.keyboard.latin.panels.BrowserPanelView{2678806 V.E...... ........ 0,0-1440,2040} during second layout pass: posting in next frame
06-04 11:06:12.544 24156 24156 W View    : requestLayout() improperly called by helium314.keyboard.latin.panels.BrowserPanelView{2678806 V.E...... ......I. 0,0-1440,2040} during layout: running second layout pass
06-04 11:06:12.560 24156 24156 W View    : requestLayout() improperly called by helium314.keyboard.latin.panels.BrowserPanelView{2678806 V.E...... ........ 0,0-1440,2040} during second layout pass: posting in next frame
06-04 11:06:12.561 24156 24156 W View    : requestLayout() improperly called by helium314.keyboard.latin.panels.BrowserPanelView{2678806 V.E...... ......I. 0,0-1440,2040} during layout: running second layout pass
06-04 11:06:12.577 24156 24156 W View    : requestLayout() improperly called by helium314.keyboard.latin.panels.BrowserPanelView{2678806 V.E...... .......D 0,0-1440,2040} during second layout pass: posting in next frame
06-04 11:06:12.578 24156 24156 W View    : requestLayout() improperly called by helium314.keyboard.latin.panels.BrowserPanelView{2678806 V.E...... ......ID 0,0-1440,2040} during layout: running second layout pass
06-04 11:06:12.593 24156 24156 W View    : requestLayout() improperly called by helium314.keyboard.latin.panels.BrowserPanelView{2678806 V.E...... ........ 0,0-1440,2040} during second layout pass: posting in next frame
06-04 11:06:12.595 24156 24156 W View    : requestLayout() improperly called by helium314.keyboard.latin.panels.BrowserPanelView{2678806 V.E...... ......I. 0,0-1440,2040} during layout: running second layout pass
06-04 11:06:12.610 24156 24156 W View    : requestLayout() improperly called by helium314.keyboard.latin.panels.BrowserPanelView{2678806 V.E...... ........ 0,0-1440,2040} during second layout pass: posting in next frame
06-04 11:06:12.612 24156 24156 W View    : requestLayout() improperly called by helium314.keyboard.latin.panels.BrowserPanelView{2678806 V.E...... ......I. 0,0-1440,2040} during layout: running second layout pass
06-04 11:06:12.628 24156 24156 W View    : requestLayout() improperly called by helium314.keyboard.latin.panels.BrowserPanelView{2678806 V.E...... ........ 0,0-1440,2040} during second layout pass: posting in next frame
06-04 11:06:12.630 24156 24156 W View    : requestLayout() improperly called by helium314.keyboard.latin.panels.BrowserPanelView{2678806 V.E...... ......I. 0,0-1440,2040} during layout: running second layout pass
06-04 11:06:12.638 25036 25053 W Isolated Web Content: [JavaScript Warning: "This page is in Quirks Mode. Page layout may be impacted. For Standards Mode use “<!DOCTYPE html>”." {file: "https://ssum-sec.casalemedia.com/usermatch?s=184674&gdpr=&gdpr_consent=&us_privacy=1YNN&gpp=&gpp_sid=&cb=https%3A%2F%2Fpbs.fsrv.io%2F%2Fsetuid%3Fbidder%3Dix%26gdpr%3D%26gdpr_consent%3D%26us_privacy%3D1YNN%26gpp%3D%26gpp_sid%3D%26f%3Db%26uid%3D" line: 0}]
06-04 11:06:12.643 24156 24156 W View    : requestLayout() improperly called by helium314.keyboard.latin.panels.BrowserPanelView{2678806 V.E...... ........ 0,0-1440,2040} during second layout pass: posting in next frame
06-04 11:06:12.645 24156 24156 W View    : requestLayout() improperly called by helium314.keyboard.latin.panels.BrowserPanelView{2678806 V.E...... ......I. 0,0-1440,2040} during layout: running second layout pass
06-04 11:06:12.661 24156 24156 W GeckoEventDispatcher: No listener for GeckoView:DismissClipboardPermissionRequest
06-04 11:06:12.664 24156 24156 W View    : requestLayout() improperly called by helium314.keyboard.latin.panels.BrowserPanelView{2678806 V.E...... .......D 0,0-1440,2040} during second layout pass: posting in next frame
06-04 11:06:12.666 24156 24156 W View    : requestLayout() improperly called by helium314.keyboard.latin.panels.BrowserPanelView{2678806 V.E...... ......ID 0,0-1440,2040} during layout: running second layout pass
06-04 11:06:12.676 24156 24156 W View    : requestLayout() improperly called by helium314.keyboard.latin.panels.BrowserPanelView{2678806 V.E...... .......D 0,0-1440,2040} during second layout pass: posting in next frame
06-04 11:06:12.678 24156 24156 W View    : requestLayout() improperly called by helium314.keyboard.latin.panels.BrowserPanelView{2678806 V.E...... ......ID 0,0-1440,2040} during layout: running second layout pass
06-04 11:06:12.692 24156 24156 W View    : requestLayout() improperly called by helium314.keyboard.latin.panels.BrowserPanelView{2678806 V.E...... ........ 0,0-1440,2040} during second layout pass: posting in next frame
06-04 11:06:12.694 24156 24156 W View    : requestLayout() improperly called by helium314.keyboard.latin.panels.BrowserPanelView{2678806 V.E...... ......I. 0,0-1440,2040} during layout: running second layout pass
06-04 11:06:12.710 24156 24156 W View    : requestLayout() improperly called by helium314.keyboard.latin.panels.BrowserPanelView{2678806 V.E...... ........ 0,0-1440,2040} during second layout pass: posting in next frame
06-04 11:06:12.712 24156 24156 W View    : requestLayout() improperly called by helium314.keyboard.latin.panels.BrowserPanelView{2678806 V.E...... ......I. 0,0-1440,2040} during layout: running second layout pass
06-04 11:06:12.726 24156 24156 W View    : requestLayout() improperly called by helium314.keyboard.latin.panels.BrowserPanelView{2678806 V.E...... ........ 0,0-1440,2040} during second layout pass: posting in next frame
06-04 11:06:12.728 24156 24156 W View    : requestLayout() improperly called by helium314.keyboard.latin.panels.BrowserPanelView{2678806 V.E...... ......ID 0,0-1440,2040} during layout: running second layout pass
06-04 11:06:12.726 24156 24156 W com.vibekey.keyboard: type=1400 audit(0.0:111062): avc: denied { nlmsg_readpriv } for comm=536F636B657420546872656164 scontext=u:r:untrusted_app:s0:c80,c271,c512,c768 tcontext=u:r:untrusted_app:s0:c80,c271,c512,c768 tclass=netlink_route_socket permissive=0 bug=b/155595000 app=com.vibekey.keyboard
06-04 11:06:12.743 24156 24156 W View    : requestLayout() improperly called by helium314.keyboard.latin.panels.BrowserPanelView{2678806 V.E...... ........ 0,0-1440,2040} during second layout pass: posting in next frame
06-04 11:06:12.746 24156 24156 W View    : requestLayout() improperly called by helium314.keyboard.latin.panels.BrowserPanelView{2678806 V.E...... ......ID 0,0-1440,2040} during layout: running second layout pass
06-04 11:06:12.751 24480 24497 E Isolated Web Content: [JavaScript Error: "Cross-Origin Request Blocked: The Same Origin Policy disallows reading the remote resource at https://tlx.3lift.com/header/auction?lib=prebid&v=11.13.0&referrer=https%3A%2F%2Fwww.drudgereport.com%2F&tmax=2700&us_privacy=1YNN. (Reason: CORS request did not succeed). Status code: (null)."]
06-04 11:06:12.759 24156 24156 W View    : requestLayout() improperly called by helium314.keyboard.latin.panels.BrowserPanelView{2678806 V.E...... ........ 0,0-1440,2040} during second layout pass: posting in next frame
06-04 11:06:12.762 24156 24156 W View    : requestLayout() improperly called by helium314.keyboard.latin.panels.BrowserPanelView{2678806 V.E...... ......ID 0,0-1440,2040} during layout: running second layout pass
06-04 11:06:12.778 24156 24156 W View    : requestLayout() improperly called by helium314.keyboard.latin.panels.BrowserPanelView{2678806 V.E...... ........ 0,0-1440,2040} during second layout pass: posting in next frame
06-04 11:06:12.779 24156 24156 W View    : requestLayout() improperly called by helium314.keyboard.latin.panels.BrowserPanelView{2678806 V.E...... ......ID 0,0-1440,2040} during layout: running second layout pass
06-04 11:06:12.793 24156 24156 W View    : requestLayout() improperly called by helium314.keyboard.latin.panels.BrowserPanelView{2678806 V.E...... ........ 0,0-1440,2040} during second layout pass: posting in next frame
06-04 11:06:12.795 24156 24156 W View    : requestLayout() improperly called by helium314.keyboard.latin.panels.BrowserPanelView{2678806 V.E...... ......ID 0,0-1440,2040} during layout: running second layout pass
06-04 11:06:12.786 24156 24156 W com.vibekey.keyboard: type=1400 audit(0.0:111063): avc: denied { nlmsg_readpriv } for comm=536F636B657420546872656164 scontext=u:r:untrusted_app:s0:c80,c271,c512,c768 tcontext=u:r:untrusted_app:s0:c80,c271,c512,c768 tclass=netlink_route_socket permissive=0 bug=b/155595000 app=com.vibekey.keyboard
06-04 11:06:12.810 24156 24156 W View    : requestLayout() improperly called by helium314.keyboard.latin.panels.BrowserPanelView{2678806 V.E...... ........ 0,0-1440,2040} during second layout pass: posting in next frame
06-04 11:06:12.812 24156 24156 W View    : requestLayout() improperly called by helium314.keyboard.latin.panels.BrowserPanelView{2678806 V.E...... ......ID 0,0-1440,2040} during layout: running second layout pass
06-04 11:06:12.806 24156 24156 W com.vibekey.keyboard: type=1400 audit(0.0:111064): avc: denied { nlmsg_readpriv } for comm=536F636B657420546872656164 scontext=u:r:untrusted_app:s0:c80,c271,c512,c768 tcontext=u:r:untrusted_app:s0:c80,c271,c512,c768 tclass=netlink_route_socket permissive=0 bug=b/155595000 app=com.vibekey.keyboard
06-04 11:06:12.828 24156 24156 W View    : requestLayout() improperly called by helium314.keyboard.latin.panels.BrowserPanelView{2678806 V.E...... ........ 0,0-1440,2040} during second layout pass: posting in next frame
06-04 11:06:12.831 24156 24156 W View    : requestLayout() improperly called by helium314.keyboard.latin.panels.BrowserPanelView{2678806 V.E...... ......I. 0,0-1440,2040} during layout: running second layout pass
06-04 11:06:12.844 24156 24156 W View    : requestLayout() improperly called by helium314.keyboard.latin.panels.BrowserPanelView{2678806 V.E...... ........ 0,0-1440,2040} during second layout pass: posting in next frame
06-04 11:06:12.846 24156 24156 W View    : requestLayout() improperly called by helium314.keyboard.latin.panels.BrowserPanelView{2678806 V.E...... ......ID 0,0-1440,2040} during layout: running second layout pass
06-04 11:06:12.862 24156 24156 W View    : requestLayout() improperly called by helium314.keyboard.latin.panels.BrowserPanelView{2678806 V.E...... ........ 0,0-1440,2040} during second layout pass: posting in next frame
06-04 11:06:12.864 24156 24156 W View    : requestLayout() improperly called by helium314.keyboard.latin.panels.BrowserPanelView{2678806 V.E...... ......ID 0,0-1440,2040} during layout: running second layout pass
06-04 11:06:12.878 24156 24156 W View    : requestLayout() improperly called by helium314.keyboard.latin.panels.BrowserPanelView{2678806 V.E...... ........ 0,0-1440,2040} during second layout pass: posting in next frame
06-04 11:06:12.880 24156 24156 W View    : requestLayout() improperly called by helium314.keyboard.latin.panels.BrowserPanelView{2678806 V.E...... ......ID 0,0-1440,2040} during layout: running second layout pass
06-04 11:06:12.891 25128 25128 E .keyboard:tab2: Unknown bits set in runtime_flags: 0x40000000
06-04 11:06:12.876 24156 24156 W com.vibekey.keyboard: type=1400 audit(0.0:111065): avc: denied { nlmsg_readpriv } for comm=536F636B657420546872656164 scontext=u:r:untrusted_app:s0:c80,c271,c512,c768 tcontext=u:r:untrusted_app:s0:c80,c271,c512,c768 tclass=netlink_route_socket permissive=0 bug=b/155595000 app=com.vibekey.keyboard
06-04 11:06:12.899 24156 24156 W View    : requestLayout() improperly called by helium314.keyboard.latin.panels.BrowserPanelView{2678806 V.E...... ........ 0,0-1440,2040} during second layout pass: posting in next frame
06-04 11:06:12.901 24156 24156 W View    : requestLayout() improperly called by helium314.keyboard.latin.panels.BrowserPanelView{2678806 V.E...... ......I. 0,0-1440,2040} during layout: running second layout pass
06-04 11:06:12.911 24156 24156 W View    : requestLayout() improperly called by helium314.keyboard.latin.panels.BrowserPanelView{2678806 V.E...... ........ 0,0-1440,2040} during second layout pass: posting in next frame
06-04 11:06:12.913 24156 24156 W View    : requestLayout() improperly called by helium314.keyboard.latin.panels.BrowserPanelView{2678806 V.E...... ......ID 0,0-1440,2040} during layout: running second layout pass
06-04 11:06:12.918 25143 25143 E .keyboard:tab2: Unknown bits set in runtime_flags: 0x40000000
06-04 11:06:12.929 24156 24156 W View    : requestLayout() improperly called by helium314.keyboard.latin.panels.BrowserPanelView{2678806 V.E...... ........ 0,0-1440,2040} during second layout pass: posting in next frame
06-04 11:06:12.931 24156 24156 W View    : requestLayout() improperly called by helium314.keyboard.latin.panels.BrowserPanelView{2678806 V.E...... ......ID 0,0-1440,2040} during layout: running second layout pass
06-04 11:06:12.946 24156 24156 W View    : requestLayout() improperly called by helium314.keyboard.latin.panels.BrowserPanelView{2678806 V.E...... ........ 0,0-1440,2040} during second layout pass: posting in next frame
06-04 11:06:12.947 24156 24156 W View    : requestLayout() improperly called by helium314.keyboard.latin.panels.BrowserPanelView{2678806 V.E...... ......ID 0,0-1440,2040} during layout: running second layout pass
06-04 11:06:12.961 24156 24156 W View    : requestLayout() improperly called by helium314.keyboard.latin.panels.BrowserPanelView{2678806 V.E...... ........ 0,0-1440,2040} during second layout pass: posting in next frame
06-04 11:06:12.963 24156 24156 W View    : requestLayout() improperly called by helium314.keyboard.latin.panels.BrowserPanelView{2678806 V.E...... ......ID 0,0-1440,2040} during layout: running second layout pass
06-04 11:06:12.978 24156 24156 W View    : requestLayout() improperly called by helium314.keyboard.latin.panels.BrowserPanelView{2678806 V.E...... ........ 0,0-1440,2040} during second layout pass: posting in next frame
06-04 11:06:12.980 24156 24156 W View    : requestLayout() improperly called by helium314.keyboard.latin.panels.BrowserPanelView{2678806 V.E...... ......ID 0,0-1440,2040} during layout: running second layout pass
06-04 11:06:12.981 25128 25160 E GeckoLibLoad: Load sqlite start
06-04 11:06:12.982 25128 25160 E GeckoLibLoad: Load sqlite done
06-04 11:06:12.983 25128 25160 E GeckoLibLoad: Load nss start
06-04 11:06:12.983 25128 25160 E GeckoLibLoad: Load nss done
06-04 11:06:12.992 25128 25160 E GeckoLibLoad: Loaded libs in 9.629792ms total, 2ms(0ms) user, 7ms(8ms) system, 0(0) faults
06-04 11:06:12.993 25128 25160 W GeckoThread: zerdatime 262415854 - runGecko
06-04 11:06:12.994 24156 24156 W View    : requestLayout() improperly called by helium314.keyboard.latin.panels.BrowserPanelView{2678806 V.E...... ........ 0,0-1440,2040} during second layout pass: posting in next frame
06-04 11:06:12.997 24156 24156 W View    : requestLayout() improperly called by helium314.keyboard.latin.panels.BrowserPanelView{2678806 V.E...... ......I. 0,0-1440,2040} during layout: running second layout pass
06-04 11:06:13.010 25143 25163 E GeckoLibLoad: Load sqlite start
06-04 11:06:13.011 24156 24156 W View    : requestLayout() improperly called by helium314.keyboard.latin.panels.BrowserPanelView{2678806 V.E...... ........ 0,0-1440,2040} during second layout pass: posting in next frame
06-04 11:06:13.011 25143 25163 E GeckoLibLoad: Load sqlite done
06-04 11:06:13.012 25143 25163 E GeckoLibLoad: Load nss start
06-04 11:06:13.012 25143 25163 E GeckoLibLoad: Load nss done
06-04 11:06:13.013 24156 24156 W View    : requestLayout() improperly called by helium314.keyboard.latin.panels.BrowserPanelView{2678806 V.E...... ......ID 0,0-1440,2040} during layout: running second layout pass
06-04 11:06:13.024 25143 25163 E GeckoLibLoad: Loaded libs in 11.097448ms total, 8ms(9ms) user, 0ms(0ms) system, 0(0) faults
06-04 11:06:13.024 25143 25163 W GeckoThread: zerdatime 262415885 - runGecko
06-04 11:06:13.030 24156 24156 W View    : requestLayout() improperly called by helium314.keyboard.latin.panels.BrowserPanelView{2678806 V.E...... ........ 0,0-1440,2040} during second layout pass: posting in next frame
06-04 11:06:13.032 24156 24156 W View    : requestLayout() improperly called by helium314.keyboard.latin.panels.BrowserPanelView{2678806 V.E...... ......ID 0,0-1440,2040} during layout: running second layout pass
06-04 11:06:13.045 24156 24156 W View    : requestLayout() improperly called by helium314.keyboard.latin.panels.BrowserPanelView{2678806 V.E...... ........ 0,0-1440,2040} during second layout pass: posting in next frame
06-04 11:06:13.048 24156 24156 W View    : requestLayout() improperly called by helium314.keyboard.latin.panels.BrowserPanelView{2678806 V.E...... ......ID 0,0-1440,2040} during layout: running second layout pass
06-04 11:06:13.070 24156 24156 W View    : requestLayout() improperly called by helium314.keyboard.latin.panels.BrowserPanelView{2678806 V.E...... ........ 0,0-1440,2040} during second layout pass: posting in next frame
06-04 11:06:13.072 24156 24156 W View    : requestLayout() improperly called by helium314.keyboard.latin.panels.BrowserPanelView{2678806 V.E...... ......I. 0,0-1440,2040} during layout: running second layout pass
06-04 11:06:13.080 24156 24156 W View    : requestLayout() improperly called by helium314.keyboard.latin.panels.BrowserPanelView{2678806 V.E...... .......D 0,0-1440,2040} during second layout pass: posting in next frame
06-04 11:06:13.082 24156 24156 W View    : requestLayout() improperly called by helium314.keyboard.latin.panels.BrowserPanelView{2678806 V.E...... ......ID 0,0-1440,2040} during layout: running second layout pass
06-04 11:06:13.089 25128 25160 W Isolated Web Content: [JavaScript Warning: "This page is in Quirks Mode. Page layout may be impacted. For Standards Mode use “<!DOCTYPE html>”." {file: "https://s2s.t13.io/setuid?bidder=pubmatic&gdpr=0&gdpr_consent=&us_privacy=1YNN&gpp=DBABLA~BVQqAAAAAgA.QA&gpp_sid=7&f=b&uid=1EC05547-D409-4A27-8A25-66C71BC6F109" line: 0}]
06-04 11:06:13.095 24156 24156 W View    : requestLayout() improperly called by helium314.keyboard.latin.panels.BrowserPanelView{2678806 V.E...... ........ 0,0-1440,2040} during second layout pass: posting in next frame
06-04 11:06:13.098 24156 24156 W View    : requestLayout() improperly called by helium314.keyboard.latin.panels.BrowserPanelView{2678806 V.E...... ......ID 0,0-1440,2040} during layout: running second layout pass
06-04 11:06:13.111 24156 24156 W View    : requestLayout() improperly called by helium314.keyboard.latin.panels.BrowserPanelView{2678806 V.E...... ........ 0,0-1440,2040} during second layout pass: posting in next frame
06-04 11:06:13.113 24156 24156 W View    : requestLayout() improperly called by helium314.keyboard.latin.panels.BrowserPanelView{2678806 V.E...... ......ID 0,0-1440,2040} during layout: running second layout pass
06-04 11:06:13.106 24156 24156 W com.vibekey.keyboard: type=1400 audit(0.0:111066): avc: denied { nlmsg_readpriv } for comm=536F636B657420546872656164 scontext=u:r:untrusted_app:s0:c80,c271,c512,c768 tcontext=u:r:untrusted_app:s0:c80,c271,c512,c768 tclass=netlink_route_socket permissive=0 bug=b/155595000 app=com.vibekey.keyboard
06-04 11:06:13.128 24156 24156 W View    : requestLayout() improperly called by helium314.keyboard.latin.panels.BrowserPanelView{2678806 V.E...... ........ 0,0-1440,2040} during second layout pass: posting in next frame
06-04 11:06:13.130 24156 24156 W View    : requestLayout() improperly called by helium314.keyboard.latin.panels.BrowserPanelView{2678806 V.E...... ......ID 0,0-1440,2040} during layout: running second layout pass
06-04 11:06:13.147 24156 24156 W View    : requestLayout() improperly called by helium314.keyboard.latin.panels.BrowserPanelView{2678806 V.E...... ........ 0,0-1440,2040} during second layout pass: posting in next frame
06-04 11:06:13.149 24156 24156 W View    : requestLayout() improperly called by helium314.keyboard.latin.panels.BrowserPanelView{2678806 V.E...... ......ID 0,0-1440,2040} during layout: running second layout pass
06-04 11:06:13.162 24156 24156 W View    : requestLayout() improperly called by helium314.keyboard.latin.panels.BrowserPanelView{2678806 V.E...... ........ 0,0-1440,2040} during second layout pass: posting in next frame
06-04 11:06:13.164 24156 24156 W View    : requestLayout() improperly called by helium314.keyboard.latin.panels.BrowserPanelView{2678806 V.E...... ......I. 0,0-1440,2040} during layout: running second layout pass
06-04 11:06:13.168 24480 24497 W Isolated Web Content: [JavaScript Warning: "The value of the attribute “expires” for the cookie “_ga_FS8TY9PHEM” has been overwritten." {file: "https://www.drudgereport.com/" line: 0}]
06-04 11:06:13.177 24156 24156 W View    : requestLayout() improperly called by helium314.keyboard.latin.panels.BrowserPanelView{2678806 V.E...... ........ 0,0-1440,2040} during second layout pass: posting in next frame
06-04 11:06:13.180 24156 24156 W View    : requestLayout() improperly called by helium314.keyboard.latin.panels.BrowserPanelView{2678806 V.E...... ......I. 0,0-1440,2040} during layout: running second layout pass
06-04 11:06:13.196 24156 24156 W View    : requestLayout() improperly called by helium314.keyboard.latin.panels.BrowserPanelView{2678806 V.E...... ........ 0,0-1440,2040} during second layout pass: posting in next frame
06-04 11:06:13.198 24156 24156 W View    : requestLayout() improperly called by helium314.keyboard.latin.panels.BrowserPanelView{2678806 V.E...... ......I. 0,0-1440,2040} during layout: running second layout pass
06-04 11:06:13.212 24156 24156 W View    : requestLayout() improperly called by helium314.keyboard.latin.panels.BrowserPanelView{2678806 V.E...... ........ 0,0-1440,2040} during second layout pass: posting in next frame
06-04 11:06:13.213 24156 24156 W View    : requestLayout() improperly called by helium314.keyboard.latin.panels.BrowserPanelView{2678806 V.E...... ......I. 0,0-1440,2040} during layout: running second layout pass
06-04 11:06:13.227 24156 24156 W View    : requestLayout() improperly called by helium314.keyboard.latin.panels.BrowserPanelView{2678806 V.E...... ........ 0,0-1440,2040} during second layout pass: posting in next frame
06-04 11:06:13.230 24156 24156 W View    : requestLayout() improperly called by helium314.keyboard.latin.panels.BrowserPanelView{2678806 V.E...... ......I. 0,0-1440,2040} during layout: running second layout pass
06-04 11:06:13.245 24156 24156 W View    : requestLayout() improperly called by helium314.keyboard.latin.panels.BrowserPanelView{2678806 V.E...... ........ 0,0-1440,2040} during second layout pass: posting in next frame
06-04 11:06:13.248 24156 24156 W View    : requestLayout() improperly called by helium314.keyboard.latin.panels.BrowserPanelView{2678806 V.E...... ......ID 0,0-1440,2040} during layout: running second layout pass
06-04 11:06:13.261 24156 24156 W View    : requestLayout() improperly called by helium314.keyboard.latin.panels.BrowserPanelView{2678806 V.E...... ........ 0,0-1440,2040} during second layout pass: posting in next frame
06-04 11:06:13.263 24156 24156 W View    : requestLayout() improperly called by helium314.keyboard.latin.panels.BrowserPanelView{2678806 V.E...... ......ID 0,0-1440,2040} during layout: running second layout pass
06-04 11:06:13.277 24156 24156 W View    : requestLayout() improperly called by helium314.keyboard.latin.panels.BrowserPanelView{2678806 V.E...... ........ 0,0-1440,2040} during second layout pass: posting in next frame
06-04 11:06:13.279 24156 24156 W View    : requestLayout() improperly called by helium314.keyboard.latin.panels.BrowserPanelView{2678806 V.E...... ......ID 0,0-1440,2040} during layout: running second layout pass
06-04 11:06:13.296 24156 24156 W View    : requestLayout() improperly called by helium314.keyboard.latin.panels.BrowserPanelView{2678806 V.E...... ........ 0,0-1440,2040} during second layout pass: posting in next frame
06-04 11:06:13.297 24156 24156 W View    : requestLayout() improperly called by helium314.keyboard.latin.panels.BrowserPanelView{2678806 V.E...... ......ID 0,0-1440,2040} during layout: running second layout pass
06-04 11:06:13.312 24156 24156 W View    : requestLayout() improperly called by helium314.keyboard.latin.panels.BrowserPanelView{2678806 V.E...... ........ 0,0-1440,2040} during second layout pass: posting in next frame
06-04 11:06:13.314 24156 24156 W View    : requestLayout() improperly called by helium314.keyboard.latin.panels.BrowserPanelView{2678806 V.E...... ......I. 0,0-1440,2040} during layout: running second layout pass
06-04 11:06:13.323 25243 25243 E y.keyboard:tab: Unknown bits set in runtime_flags: 0x40000000
06-04 11:06:13.328 24156 24156 W View    : requestLayout() improperly called by helium314.keyboard.latin.panels.BrowserPanelView{2678806 V.E...... .......D 0,0-1440,2040} during second layout pass: posting in next frame
06-04 11:06:13.330 24156 24156 W View    : requestLayout() improperly called by helium314.keyboard.latin.panels.BrowserPanelView{2678806 V.E...... ......ID 0,0-1440,2040} during layout: running second layout pass
06-04 11:06:13.345 24156 24156 W View    : requestLayout() improperly called by helium314.keyboard.latin.panels.BrowserPanelView{2678806 V.E...... ........ 0,0-1440,2040} during second layout pass: posting in next frame
06-04 11:06:13.346 24156 24156 W View    : requestLayout() improperly called by helium314.keyboard.latin.panels.BrowserPanelView{2678806 V.E...... ......ID 0,0-1440,2040} during layout: running second layout pass
06-04 11:06:13.361 24156 24156 W View    : requestLayout() improperly called by helium314.keyboard.latin.panels.BrowserPanelView{2678806 V.E...... ........ 0,0-1440,2040} during second layout pass: posting in next frame
06-04 11:06:13.363 24156 24156 W View    : requestLayout() improperly called by helium314.keyboard.latin.panels.BrowserPanelView{2678806 V.E...... ......ID 0,0-1440,2040} during layout: running second layout pass
06-04 11:06:13.378 24156 24156 W View    : requestLayout() improperly called by helium314.keyboard.latin.panels.BrowserPanelView{2678806 V.E...... ........ 0,0-1440,2040} during second layout pass: posting in next frame
06-04 11:06:13.380 24156 24156 W View    : requestLayout() improperly called by helium314.keyboard.latin.panels.BrowserPanelView{2678806 V.E...... ......I. 0,0-1440,2040} during layout: running second layout pass
06-04 11:06:13.395 24156 24156 W View    : requestLayout() improperly called by helium314.keyboard.latin.panels.BrowserPanelView{2678806 V.E...... ........ 0,0-1440,2040} during second layout pass: posting in next frame
06-04 11:06:13.396 25243 25261 E GeckoLibLoad: Load sqlite start
06-04 11:06:13.397 24156 24156 W View    : requestLayout() improperly called by helium314.keyboard.latin.panels.BrowserPanelView{2678806 V.E...... ......I. 0,0-1440,2040} during layout: running second layout pass
06-04 11:06:13.397 25243 25261 E GeckoLibLoad: Load sqlite done
06-04 11:06:13.397 25243 25261 E GeckoLibLoad: Load nss start
06-04 11:06:13.397 25243 25261 E GeckoLibLoad: Load nss done
06-04 11:06:13.406 25243 25261 E GeckoLibLoad: Loaded libs in 9.165053ms total, 0ms(0ms) user, 6ms(9ms) system, 0(0) faults
06-04 11:06:13.407 25243 25261 W GeckoThread: zerdatime 262416268 - runGecko
06-04 11:06:13.412 24156 24156 W View    : requestLayout() improperly called by helium314.keyboard.latin.panels.BrowserPanelView{2678806 V.E...... ........ 0,0-1440,2040} during second layout pass: posting in next frame
06-04 11:06:13.414 24156 24156 W View    : requestLayout() improperly called by helium314.keyboard.latin.panels.BrowserPanelView{2678806 V.E...... ......I. 0,0-1440,2040} during layout: running second layout pass
06-04 11:06:13.429 24156 24156 W View    : requestLayout() improperly called by helium314.keyboard.latin.panels.BrowserPanelView{2678806 V.E...... ........ 0,0-1440,2040} during second layout pass: posting in next frame
06-04 11:06:13.430 24156 24156 W View    : requestLayout() improperly called by helium314.keyboard.latin.panels.BrowserPanelView{2678806 V.E...... ......I. 0,0-1440,2040} during layout: running second layout pass
06-04 11:06:13.445 24156 24156 W View    : requestLayout() improperly called by helium314.keyboard.latin.panels.BrowserPanelView{2678806 V.E...... ........ 0,0-1440,2040} during second layout pass: posting in next frame
06-04 11:06:13.446 24156 24156 W View    : requestLayout() improperly called by helium314.keyboard.latin.panels.BrowserPanelView{2678806 V.E...... ......I. 0,0-1440,2040} during layout: running second layout pass
06-04 11:06:13.462 24156 24156 W View    : requestLayout() improperly called by helium314.keyboard.latin.panels.BrowserPanelView{2678806 V.E...... ........ 0,0-1440,2040} during second layout pass: posting in next frame
06-04 11:06:13.464 24156 24156 W View    : requestLayout() improperly called by helium314.keyboard.latin.panels.BrowserPanelView{2678806 V.E...... ......ID 0,0-1440,2040} during layout: running second layout pass
06-04 11:06:13.479 24156 24156 W View    : requestLayout() improperly called by helium314.keyboard.latin.panels.BrowserPanelView{2678806 V.E...... ........ 0,0-1440,2040} during second layout pass: posting in next frame
06-04 11:06:13.481 24156 24156 W View    : requestLayout() improperly called by helium314.keyboard.latin.panels.BrowserPanelView{2678806 V.E...... ......I. 0,0-1440,2040} during layout: running second layout pass
06-04 11:06:13.496 24156 24156 W View    : requestLayout() improperly called by helium314.keyboard.latin.panels.BrowserPanelView{2678806 V.E...... ........ 0,0-1440,2040} during second layout pass: posting in next frame
06-04 11:06:13.497 24156 24156 W View    : requestLayout() improperly called by helium314.keyboard.latin.panels.BrowserPanelView{2678806 V.E...... ......I. 0,0-1440,2040} during layout: running second layout pass
06-04 11:06:13.514 24156 24156 W View    : requestLayout() improperly called by helium314.keyboard.latin.panels.BrowserPanelView{2678806 V.E...... ........ 0,0-1440,2040} during second layout pass: posting in next frame
06-04 11:06:13.515 24156 24156 W View    : requestLayout() improperly called by helium314.keyboard.latin.panels.BrowserPanelView{2678806 V.E...... ......ID 0,0-1440,2040} during layout: running second layout pass
06-04 11:06:13.528 24156 24156 W View    : requestLayout() improperly called by helium314.keyboard.latin.panels.BrowserPanelView{2678806 V.E...... ........ 0,0-1440,2040} during second layout pass: posting in next frame
06-04 11:06:13.530 24156 24156 W View    : requestLayout() improperly called by helium314.keyboard.latin.panels.BrowserPanelView{2678806 V.E...... ......ID 0,0-1440,2040} during layout: running second layout pass
06-04 11:06:13.546 24156 24156 W View    : requestLayout() improperly called by helium314.keyboard.latin.panels.BrowserPanelView{2678806 V.E...... ........ 0,0-1440,2040} during second layout pass: posting in next frame
06-04 11:06:13.547 24156 24156 W View    : requestLayout() improperly called by helium314.keyboard.latin.panels.BrowserPanelView{2678806 V.E...... ......ID 0,0-1440,2040} during layout: running second layout pass
06-04 11:06:13.563 24156 24156 W View    : requestLayout() improperly called by helium314.keyboard.latin.panels.BrowserPanelView{2678806 V.E...... ........ 0,0-1440,2040} during second layout pass: posting in next frame
06-04 11:06:13.564 24156 24156 W View    : requestLayout() improperly called by helium314.keyboard.latin.panels.BrowserPanelView{2678806 V.E...... ......ID 0,0-1440,2040} during layout: running second layout pass
06-04 11:06:13.579 24156 24156 W View    : requestLayout() improperly called by helium314.keyboard.latin.panels.BrowserPanelView{2678806 V.E...... ........ 0,0-1440,2040} during second layout pass: posting in next frame
06-04 11:06:13.580 24156 24156 W View    : requestLayout() improperly called by helium314.keyboard.latin.panels.BrowserPanelView{2678806 V.E...... ......ID 0,0-1440,2040} during layout: running second layout pass
06-04 11:06:13.595 24156 24156 W View    : requestLayout() improperly called by helium314.keyboard.latin.panels.BrowserPanelView{2678806 V.E...... ........ 0,0-1440,2040} during second layout pass: posting in next frame
06-04 11:06:13.597 24156 24156 W View    : requestLayout() improperly called by helium314.keyboard.latin.panels.BrowserPanelView{2678806 V.E...... ......ID 0,0-1440,2040} during layout: running second layout pass
06-04 11:06:13.613 24156 24156 W View    : requestLayout() improperly called by helium314.keyboard.latin.panels.BrowserPanelView{2678806 V.E...... ........ 0,0-1440,2040} during second layout pass: posting in next frame
06-04 11:06:13.614 24156 24156 W View    : requestLayout() improperly called by helium314.keyboard.latin.panels.BrowserPanelView{2678806 V.E...... ......I. 0,0-1440,2040} during layout: running second layout pass
06-04 11:06:13.629 24156 24156 W View    : requestLayout() improperly called by helium314.keyboard.latin.panels.BrowserPanelView{2678806 V.E...... ........ 0,0-1440,2040} during second layout pass: posting in next frame
06-04 11:06:13.631 24156 24156 W View    : requestLayout() improperly called by helium314.keyboard.latin.panels.BrowserPanelView{2678806 V.E...... ......ID 0,0-1440,2040} during layout: running second layout pass
06-04 11:06:13.647 24156 24156 W View    : requestLayout() improperly called by helium314.keyboard.latin.panels.BrowserPanelView{2678806 V.E...... ........ 0,0-1440,2040} during second layout pass: posting in next frame
06-04 11:06:13.648 24156 24156 W View    : requestLayout() improperly called by helium314.keyboard.latin.panels.BrowserPanelView{2678806 V.E...... ......ID 0,0-1440,2040} during layout: running second layout pass
06-04 11:06:13.663 24156 24156 W View    : requestLayout() improperly called by helium314.keyboard.latin.panels.BrowserPanelView{2678806 V.E...... ........ 0,0-1440,2040} during second layout pass: posting in next frame
06-04 11:06:13.664 24156 24156 W View    : requestLayout() improperly called by helium314.keyboard.latin.panels.BrowserPanelView{2678806 V.E...... ......ID 0,0-1440,2040} during layout: running second layout pass
06-04 11:06:13.679 24156 24156 W View    : requestLayout() improperly called by helium314.keyboard.latin.panels.BrowserPanelView{2678806 V.E...... ........ 0,0-1440,2040} during second layout pass: posting in next frame
06-04 11:06:13.680 24156 24156 W View    : requestLayout() improperly called by helium314.keyboard.latin.panels.BrowserPanelView{2678806 V.E...... ......ID 0,0-1440,2040} during layout: running second layout pass
06-04 11:06:13.696 24156 24156 W View    : requestLayout() improperly called by helium314.keyboard.latin.panels.BrowserPanelView{2678806 V.E...... ........ 0,0-1440,2040} during second layout pass: posting in next frame
06-04 11:06:13.698 24156 24156 W View    : requestLayout() improperly called by helium314.keyboard.latin.panels.BrowserPanelView{2678806 V.E...... ......ID 0,0-1440,2040} during layout: running second layout pass
06-04 11:06:13.713 24156 24156 W View    : requestLayout() improperly called by helium314.keyboard.latin.panels.BrowserPanelView{2678806 V.E...... ........ 0,0-1440,2040} during second layout pass: posting in next frame
06-04 11:06:13.715 24156 24156 W View    : requestLayout() improperly called by helium314.keyboard.latin.panels.BrowserPanelView{2678806 V.E...... ......I. 0,0-1440,2040} during layout: running second layout pass
06-04 11:06:13.734 24156 24156 W View    : requestLayout() improperly called by helium314.keyboard.latin.panels.BrowserPanelView{2678806 V.E...... .......D 0,0-1440,2040} during second layout pass: posting in next frame
06-04 11:06:13.735 24156 24156 W View    : requestLayout() improperly called by helium314.keyboard.latin.panels.BrowserPanelView{2678806 V.E...... ......ID 0,0-1440,2040} during layout: running second layout pass
06-04 11:06:13.745 24156 24156 W View    : requestLayout() improperly called by helium314.keyboard.latin.panels.BrowserPanelView{2678806 V.E...... ........ 0,0-1440,2040} during second layout pass: posting in next frame
06-04 11:06:13.746 24156 24156 W View    : requestLayout() improperly called by helium314.keyboard.latin.panels.BrowserPanelView{2678806 V.E...... ......ID 0,0-1440,2040} during layout: running second layout pass
06-04 11:06:13.763 24156 24156 W View    : requestLayout() improperly called by helium314.keyboard.latin.panels.BrowserPanelView{2678806 V.E...... ........ 0,0-1440,2040} during second layout pass: posting in next frame
06-04 11:06:13.764 24156 24156 W View    : requestLayout() improperly called by helium314.keyboard.latin.panels.BrowserPanelView{2678806 V.E...... ......ID 0,0-1440,2040} during layout: running second layout pass
06-04 11:06:13.779 24156 24156 W View    : requestLayout() improperly called by helium314.keyboard.latin.panels.BrowserPanelView{2678806 V.E...... ........ 0,0-1440,2040} during second layout pass: posting in next frame
06-04 11:06:13.780 24156 24156 W View    : requestLayout() improperly called by helium314.keyboard.latin.panels.BrowserPanelView{2678806 V.E...... ......ID 0,0-1440,2040} during layout: running second layout pass
06-04 11:06:13.776 24156 24156 W com.vibekey.keyboard: type=1400 audit(0.0:111070): avc: denied { nlmsg_readpriv } for comm=536F636B657420546872656164 scontext=u:r:untrusted_app:s0:c80,c271,c512,c768 tcontext=u:r:untrusted_app:s0:c80,c271,c512,c768 tclass=netlink_route_socket permissive=0 bug=b/155595000 app=com.vibekey.keyboard
06-04 11:06:13.797 24156 24156 W View    : requestLayout() improperly called by helium314.keyboard.latin.panels.BrowserPanelView{2678806 V.E...... ........ 0,0-1440,2040} during second layout pass: posting in next frame
06-04 11:06:13.798 24156 24156 W View    : requestLayout() improperly called by helium314.keyboard.latin.panels.BrowserPanelView{2678806 V.E...... ......ID 0,0-1440,2040} during layout: running second layout pass
06-04 11:06:13.805 25301 25301 E .keyboard:tab2: Unknown bits set in runtime_flags: 0x40000000
06-04 11:06:13.813 24156 24156 W View    : requestLayout() improperly called by helium314.keyboard.latin.panels.BrowserPanelView{2678806 V.E...... ........ 0,0-1440,2040} during second layout pass: posting in next frame
06-04 11:06:13.815 24156 24156 W View    : requestLayout() improperly called by helium314.keyboard.latin.panels.BrowserPanelView{2678806 V.E...... ......ID 0,0-1440,2040} during layout: running second layout pass
06-04 11:06:13.818 24156 24156 W View    : requestLayout() improperly called by helium314.keyboard.latin.panels.BrowserPanelView{2678806 V.E...... ........ 0,0-1440,2040} during second layout pass: posting in next frame
06-04 11:06:13.829 24156 24156 W View    : requestLayout() improperly called by helium314.keyboard.latin.panels.BrowserPanelView{2678806 V.E...... ......ID 0,0-1440,2040} during layout: running second layout pass
06-04 11:06:13.834 24156 24156 W GeckoEventDispatcher: No listener for GeckoView:DismissClipboardPermissionRequest
06-04 11:06:13.867 24156 24156 W GeckoEventDispatcher: No listener for GeckoView:DismissClipboardPermissionRequest
06-04 11:06:13.868 24917 24960 W Isolated Web Content: [JavaScript Warning: "This page is in Quirks Mode. Page layout may be impacted. For Standards Mode use “<!DOCTYPE html>”." {file: "https://ads.pubmatic.com/AdServer/js/user_sync.html?p=137711&s=137812&predirect=https%3A%2F%2Fce.lijit.com%2Fmerge%3Fpid%3D58%263pid%3D&gdpr=0&gdpr_consent=&gpp=DBABLA~BVQqAAAAAgA.QA&gpp_sid=7" line: 0}]
06-04 11:06:13.870 24156 24502 E BLASTBufferQueue: BLASTBufferItemConsumer::onDisconnect()
06-04 11:06:13.872 24156 24302 E GeckoConsole: [JavaScript Error: "TypeError: can't access property "WindowEventDispatcher", win is null" {file: "resource://gre/modules/GeckoViewSessionStore.sys.mjs" line: 149}]
06-04 11:06:13.872 24156 24302 E GeckoConsole: onTabStateUpdate@resource://gre/modules/GeckoViewSessionStore.sys.mjs:149:5
06-04 11:06:13.872 24156 24302 E GeckoConsole: updateSessionStoreFromTabListener@resource://gre/modules/GeckoViewSessionStore.sys.mjs:243:10
06-04 11:06:13.872 24156 24302 E GeckoConsole: SSF_updateSessionStore@resource://gre/modules/SessionStoreFunctions.sys.mjs:46:27
06-04 11:06:13.872 24156 24302 E GeckoConsole: UpdateSessionStore@resource://gre/modules/SessionStoreFunctions.sys.mjs:16:46
06-04 11:06:13.873 24156 24302 E GeckoConsole: [JavaScript Error: "TypeError: can't access property "WindowEventDispatcher", win is null" {file: "resource://gre/modules/GeckoViewSessionStore.sys.mjs" line: 149}]
06-04 11:06:13.873 24156 24302 E GeckoConsole: onTabStateUpdate@resource://gre/modules/GeckoViewSessionStore.sys.mjs:149:5
06-04 11:06:13.873 24156 24302 E GeckoConsole: updateSessionStoreFromTabListener@resource://gre/modules/GeckoViewSessionStore.sys.mjs:243:10
06-04 11:06:13.873 24156 24302 E GeckoConsole: SSF_updateSessionStore@resource://gre/modules/SessionStoreFunctions.sys.mjs:46:27
06-04 11:06:13.873 24156 24302 E GeckoConsole: UpdateSessionStore@resource://gre/modules/SessionStoreFunctions.sys.mjs:16:46
06-04 11:06:13.874 24156 24156 E GeckoView: Failed to detach WindowInsetsListener: 
06-04 11:06:13.874 24156 24156 E GeckoView: java.lang.NullPointerException: Attempt to invoke virtual method 'android.view.Window android.app.Activity.getWindow()' on a null object reference
06-04 11:06:13.874 24156 24156 E GeckoView: 	at org.mozilla.geckoview.GeckoView.detachWindowInsetsListener(r8-map-id-6ad4dd5065f356090939174bb4a357fc6d132d87fea7801f3e1f1f5c0bf6a54d:1)
06-04 11:06:13.874 24156 24156 E GeckoView: 	at org.mozilla.geckoview.GeckoView.onDetachedFromWindow(r8-map-id-6ad4dd5065f356090939174bb4a357fc6d132d87fea7801f3e1f1f5c0bf6a54d:25)
06-04 11:06:13.874 24156 24156 E GeckoView: 	at android.view.View.dispatchDetachedFromWindow(View.java:20955)
06-04 11:06:13.874 24156 24156 E GeckoView: 	at android.view.ViewGroup.dispatchDetachedFromWindow(ViewGroup.java:4014)
06-04 11:06:13.874 24156 24156 E GeckoView: 	at android.view.ViewGroup.removeViewInternal(ViewGroup.java:5660)
