06-02 13:14:39.731 10576 10576 W View    : requestLayout() improperly called by helium314.keyboard.latin.panels.BrowserPanelView{b06be3 V.E...... ........ 0,0-1440,2040} during second layout pass: posting in next frame
06-02 13:14:39.745 10576 10576 W View    : requestLayout() improperly called by helium314.keyboard.latin.panels.BrowserPanelView{b06be3 V.E...... ......I. 0,0-1440,2040} during layout: running second layout pass
06-02 13:14:39.751 10576 10576 W View    : requestLayout() improperly called by helium314.keyboard.latin.panels.BrowserPanelView{b06be3 V.E...... ........ 0,0-1440,2040} during second layout pass: posting in next frame
06-02 13:14:39.762 10576 10576 W View    : requestLayout() improperly called by helium314.keyboard.latin.panels.BrowserPanelView{b06be3 V.E...... ......I. 0,0-1440,2040} during layout: running second layout pass
06-02 13:14:39.767 10576 10576 W View    : requestLayout() improperly called by helium314.keyboard.latin.panels.BrowserPanelView{b06be3 V.E...... ........ 0,0-1440,2040} during second layout pass: posting in next frame
06-02 13:14:39.779 10576 10576 W View    : requestLayout() improperly called by helium314.keyboard.latin.panels.BrowserPanelView{b06be3 V.E...... ......I. 0,0-1440,2040} during layout: running second layout pass
06-02 13:14:39.784 10576 10576 W View    : requestLayout() improperly called by helium314.keyboard.latin.panels.BrowserPanelView{b06be3 V.E...... ........ 0,0-1440,2040} during second layout pass: posting in next frame
06-02 13:14:39.795 10576 10576 W View    : requestLayout() improperly called by helium314.keyboard.latin.panels.BrowserPanelView{b06be3 V.E...... ......I. 0,0-1440,2040} during layout: running second layout pass
06-02 13:14:39.798 10576 10576 W View    : requestLayout() improperly called by helium314.keyboard.latin.panels.BrowserPanelView{b06be3 V.E...... ........ 0,0-1440,2040} during second layout pass: posting in next frame
06-02 13:14:39.812 10576 10576 W View    : requestLayout() improperly called by helium314.keyboard.latin.panels.BrowserPanelView{b06be3 V.E...... ......I. 0,0-1440,2040} during layout: running second layout pass
06-02 13:14:39.815 10576 10576 W View    : requestLayout() improperly called by helium314.keyboard.latin.panels.BrowserPanelView{b06be3 V.E...... ........ 0,0-1440,2040} during second layout pass: posting in next frame
06-02 13:14:39.828 10576 10576 W View    : requestLayout() improperly called by helium314.keyboard.latin.panels.BrowserPanelView{b06be3 V.E...... ......I. 0,0-1440,2040} during layout: running second layout pass
06-02 13:14:39.831 10576 10576 W View    : requestLayout() improperly called by helium314.keyboard.latin.panels.BrowserPanelView{b06be3 V.E...... ........ 0,0-1440,2040} during second layout pass: posting in next frame
06-02 13:14:39.845 10576 10576 W View    : requestLayout() improperly called by helium314.keyboard.latin.panels.BrowserPanelView{b06be3 V.E...... ......I. 0,0-1440,2040} during layout: running second layout pass
06-02 13:14:39.848 10576 10576 W View    : requestLayout() improperly called by helium314.keyboard.latin.panels.BrowserPanelView{b06be3 V.E...... ........ 0,0-1440,2040} during second layout pass: posting in next frame
06-02 13:14:39.861 10576 10576 W View    : requestLayout() improperly called by helium314.keyboard.latin.panels.BrowserPanelView{b06be3 V.E...... ......I. 0,0-1440,2040} during layout: running second layout pass
06-02 13:14:39.864 10576 10576 W View    : requestLayout() improperly called by helium314.keyboard.latin.panels.BrowserPanelView{b06be3 V.E...... ........ 0,0-1440,2040} during second layout pass: posting in next frame
06-02 13:14:39.878 10576 10576 W View    : requestLayout() improperly called by helium314.keyboard.latin.panels.BrowserPanelView{b06be3 V.E...... ......I. 0,0-1440,2040} during layout: running second layout pass
06-02 13:14:39.882 10576 10576 W View    : requestLayout() improperly called by helium314.keyboard.latin.panels.BrowserPanelView{b06be3 V.E...... ........ 0,0-1440,2040} during second layout pass: posting in next frame
06-02 13:14:39.894 10576 10576 W View    : requestLayout() improperly called by helium314.keyboard.latin.panels.BrowserPanelView{b06be3 V.E...... ......I. 0,0-1440,2040} during layout: running second layout pass
06-02 13:14:39.899 10576 10576 W View    : requestLayout() improperly called by helium314.keyboard.latin.panels.BrowserPanelView{b06be3 V.E...... ........ 0,0-1440,2040} during second layout pass: posting in next frame
06-02 13:14:39.912 10576 10576 W View    : requestLayout() improperly called by helium314.keyboard.latin.panels.BrowserPanelView{b06be3 V.E...... ......I. 0,0-1440,2040} during layout: running second layout pass
06-02 13:14:39.915 10576 10576 W View    : requestLayout() improperly called by helium314.keyboard.latin.panels.BrowserPanelView{b06be3 V.E...... ........ 0,0-1440,2040} during second layout pass: posting in next frame
06-02 13:14:39.929 10576 10576 W View    : requestLayout() improperly called by helium314.keyboard.latin.panels.BrowserPanelView{b06be3 V.E...... ......I. 0,0-1440,2040} during layout: running second layout pass
06-02 13:14:39.932 10576 10576 W View    : requestLayout() improperly called by helium314.keyboard.latin.panels.BrowserPanelView{b06be3 V.E...... ........ 0,0-1440,2040} during second layout pass: posting in next frame
06-02 13:14:39.945 10576 10576 W View    : requestLayout() improperly called by helium314.keyboard.latin.panels.BrowserPanelView{b06be3 V.E...... ......I. 0,0-1440,2040} during layout: running second layout pass
06-02 13:14:39.949 10576 10576 W View    : requestLayout() improperly called by helium314.keyboard.latin.panels.BrowserPanelView{b06be3 V.E...... ........ 0,0-1440,2040} during second layout pass: posting in next frame
06-02 13:14:39.961 10576 10576 W View    : requestLayout() improperly called by helium314.keyboard.latin.panels.BrowserPanelView{b06be3 V.E...... ......I. 0,0-1440,2040} during layout: running second layout pass
06-02 13:14:39.964 10576 10576 W View    : requestLayout() improperly called by helium314.keyboard.latin.panels.BrowserPanelView{b06be3 V.E...... ........ 0,0-1440,2040} during second layout pass: posting in next frame
06-02 13:14:39.978 10576 10576 W View    : requestLayout() improperly called by helium314.keyboard.latin.panels.BrowserPanelView{b06be3 V.E...... ......I. 0,0-1440,2040} during layout: running second layout pass
06-02 13:14:39.981 10576 10576 W View    : requestLayout() improperly called by helium314.keyboard.latin.panels.BrowserPanelView{b06be3 V.E...... ........ 0,0-1440,2040} during second layout pass: posting in next frame
06-02 13:14:39.995 10576 10576 W View    : requestLayout() improperly called by helium314.keyboard.latin.panels.BrowserPanelView{b06be3 V.E...... ......I. 0,0-1440,2040} during layout: running second layout pass
06-02 13:14:39.999 10576 10576 W View    : requestLayout() improperly called by helium314.keyboard.latin.panels.BrowserPanelView{b06be3 V.E...... ........ 0,0-1440,2040} during second layout pass: posting in next frame
06-02 13:14:40.012 10576 10576 W View    : requestLayout() improperly called by helium314.keyboard.latin.panels.BrowserPanelView{b06be3 V.E...... ......I. 0,0-1440,2040} during layout: running second layout pass
06-02 13:14:40.016 10576 10576 W View    : requestLayout() improperly called by helium314.keyboard.latin.panels.BrowserPanelView{b06be3 V.E...... ........ 0,0-1440,2040} during second layout pass: posting in next frame
06-02 13:14:40.028 10576 10576 W View    : requestLayout() improperly called by helium314.keyboard.latin.panels.BrowserPanelView{b06be3 V.E...... ......I. 0,0-1440,2040} during layout: running second layout pass
06-02 13:14:40.032 10576 10576 W View    : requestLayout() improperly called by helium314.keyboard.latin.panels.BrowserPanelView{b06be3 V.E...... ........ 0,0-1440,2040} during second layout pass: posting in next frame
06-02 13:14:40.045 10576 10576 W View    : requestLayout() improperly called by helium314.keyboard.latin.panels.BrowserPanelView{b06be3 V.E...... ......I. 0,0-1440,2040} during layout: running second layout pass
06-02 13:14:40.049 10576 10576 W View    : requestLayout() improperly called by helium314.keyboard.latin.panels.BrowserPanelView{b06be3 V.E...... ........ 0,0-1440,2040} during second layout pass: posting in next frame
06-02 13:14:40.062 10576 10576 W View    : requestLayout() improperly called by helium314.keyboard.latin.panels.BrowserPanelView{b06be3 V.E...... ......I. 0,0-1440,2040} during layout: running second layout pass
06-02 13:14:40.067 10576 10576 W View    : requestLayout() improperly called by helium314.keyboard.latin.panels.BrowserPanelView{b06be3 V.E...... ........ 0,0-1440,2040} during second layout pass: posting in next frame
06-02 13:14:40.078 10576 10576 W View    : requestLayout() improperly called by helium314.keyboard.latin.panels.BrowserPanelView{b06be3 V.E...... ......I. 0,0-1440,2040} during layout: running second layout pass
06-02 13:14:40.082 10576 10576 W View    : requestLayout() improperly called by helium314.keyboard.latin.panels.BrowserPanelView{b06be3 V.E...... ........ 0,0-1440,2040} during second layout pass: posting in next frame
06-02 13:14:40.095 10576 10576 W View    : requestLayout() improperly called by helium314.keyboard.latin.panels.BrowserPanelView{b06be3 V.E...... ......I. 0,0-1440,2040} during layout: running second layout pass
06-02 13:14:40.098 10576 10576 W View    : requestLayout() improperly called by helium314.keyboard.latin.panels.BrowserPanelView{b06be3 V.E...... ........ 0,0-1440,2040} during second layout pass: posting in next frame
06-02 13:14:40.112 10576 10576 W View    : requestLayout() improperly called by helium314.keyboard.latin.panels.BrowserPanelView{b06be3 V.E...... ......I. 0,0-1440,2040} during layout: running second layout pass
06-02 13:14:40.116 10576 10576 W View    : requestLayout() improperly called by helium314.keyboard.latin.panels.BrowserPanelView{b06be3 V.E...... ........ 0,0-1440,2040} during second layout pass: posting in next frame
06-02 13:14:40.129 10576 10576 W View    : requestLayout() improperly called by helium314.keyboard.latin.panels.BrowserPanelView{b06be3 V.E...... ......I. 0,0-1440,2040} during layout: running second layout pass
06-02 13:14:40.133 10576 10576 W View    : requestLayout() improperly called by helium314.keyboard.latin.panels.BrowserPanelView{b06be3 V.E...... ........ 0,0-1440,2040} during second layout pass: posting in next frame
06-02 13:14:40.145 10576 10576 W View    : requestLayout() improperly called by helium314.keyboard.latin.panels.BrowserPanelView{b06be3 V.E...... ......I. 0,0-1440,2040} during layout: running second layout pass
06-02 13:14:40.149 10576 10576 W View    : requestLayout() improperly called by helium314.keyboard.latin.panels.BrowserPanelView{b06be3 V.E...... ........ 0,0-1440,2040} during second layout pass: posting in next frame
06-02 13:14:40.162 10576 10576 W View    : requestLayout() improperly called by helium314.keyboard.latin.panels.BrowserPanelView{b06be3 V.E...... ......I. 0,0-1440,2040} during layout: running second layout pass
06-02 13:14:40.167 10576 10576 W View    : requestLayout() improperly called by helium314.keyboard.latin.panels.BrowserPanelView{b06be3 V.E...... ........ 0,0-1440,2040} during second layout pass: posting in next frame
06-02 13:14:40.179 10576 10576 W View    : requestLayout() improperly called by helium314.keyboard.latin.panels.BrowserPanelView{b06be3 V.E...... ......I. 0,0-1440,2040} during layout: running second layout pass
06-02 13:14:40.183 10576 10576 W View    : requestLayout() improperly called by helium314.keyboard.latin.panels.BrowserPanelView{b06be3 V.E...... ........ 0,0-1440,2040} during second layout pass: posting in next frame
06-02 13:14:40.195 10576 10576 W View    : requestLayout() improperly called by helium314.keyboard.latin.panels.BrowserPanelView{b06be3 V.E...... ......I. 0,0-1440,2040} during layout: running second layout pass
06-02 13:14:40.201 10576 10576 W View    : requestLayout() improperly called by helium314.keyboard.latin.panels.BrowserPanelView{b06be3 V.E...... ........ 0,0-1440,2040} during second layout pass: posting in next frame
06-02 13:14:40.212 10576 10576 W View    : requestLayout() improperly called by helium314.keyboard.latin.panels.BrowserPanelView{b06be3 V.E...... ......I. 0,0-1440,2040} during layout: running second layout pass
06-02 13:14:40.216 10576 10576 W View    : requestLayout() improperly called by helium314.keyboard.latin.panels.BrowserPanelView{b06be3 V.E...... ........ 0,0-1440,2040} during second layout pass: posting in next frame
06-02 13:14:40.228 10576 10576 W View    : requestLayout() improperly called by helium314.keyboard.latin.panels.BrowserPanelView{b06be3 V.E...... ......I. 0,0-1440,2040} during layout: running second layout pass
06-02 13:14:40.232 10576 10576 W View    : requestLayout() improperly called by helium314.keyboard.latin.panels.BrowserPanelView{b06be3 V.E...... ........ 0,0-1440,2040} during second layout pass: posting in next frame
06-02 13:14:40.246 10576 10576 W View    : requestLayout() improperly called by helium314.keyboard.latin.panels.BrowserPanelView{b06be3 V.E...... ......I. 0,0-1440,2040} during layout: running second layout pass
06-02 13:14:40.251 10576 10576 W View    : requestLayout() improperly called by helium314.keyboard.latin.panels.BrowserPanelView{b06be3 V.E...... ........ 0,0-1440,2040} during second layout pass: posting in next frame
06-02 13:14:40.262 10576 10576 W View    : requestLayout() improperly called by helium314.keyboard.latin.panels.BrowserPanelView{b06be3 V.E...... ......I. 0,0-1440,2040} during layout: running second layout pass
06-02 13:14:40.265 10576 10576 W View    : requestLayout() improperly called by helium314.keyboard.latin.panels.BrowserPanelView{b06be3 V.E...... ........ 0,0-1440,2040} during second layout pass: posting in next frame
06-02 13:14:40.279 10576 10576 W View    : requestLayout() improperly called by helium314.keyboard.latin.panels.BrowserPanelView{b06be3 V.E...... ......I. 0,0-1440,2040} during layout: running second layout pass
06-02 13:14:40.283 10576 10576 W View    : requestLayout() improperly called by helium314.keyboard.latin.panels.BrowserPanelView{b06be3 V.E...... ........ 0,0-1440,2040} during second layout pass: posting in next frame
06-02 13:14:40.295 10576 10576 W View    : requestLayout() improperly called by helium314.keyboard.latin.panels.BrowserPanelView{b06be3 V.E...... ......I. 0,0-1440,2040} during layout: running second layout pass
06-02 13:14:40.299 10576 10576 W View    : requestLayout() improperly called by helium314.keyboard.latin.panels.BrowserPanelView{b06be3 V.E...... ......I. 0,0-1440,2040} during second layout pass: posting in next frame
06-02 13:14:40.312 10576 10576 W View    : requestLayout() improperly called by helium314.keyboard.latin.panels.BrowserPanelView{b06be3 V.E...... ......I. 0,0-1440,2040} during layout: running second layout pass
06-02 13:14:40.316 10576 10576 W View    : requestLayout() improperly called by helium314.keyboard.latin.panels.BrowserPanelView{b06be3 V.E...... ........ 0,0-1440,2040} during second layout pass: posting in next frame
06-02 13:14:40.329 10576 10576 W View    : requestLayout() improperly called by helium314.keyboard.latin.panels.BrowserPanelView{b06be3 V.E...... ......I. 0,0-1440,2040} during layout: running second layout pass
06-02 13:14:40.332 10576 10576 W View    : requestLayout() improperly called by helium314.keyboard.latin.panels.BrowserPanelView{b06be3 V.E...... ........ 0,0-1440,2040} during second layout pass: posting in next frame
06-02 13:14:40.345 10576 10576 W View    : requestLayout() improperly called by helium314.keyboard.latin.panels.BrowserPanelView{b06be3 V.E...... ......I. 0,0-1440,2040} during layout: running second layout pass
06-02 13:14:40.348 10576 10576 W View    : requestLayout() improperly called by helium314.keyboard.latin.panels.BrowserPanelView{b06be3 V.E...... ........ 0,0-1440,2040} during second layout pass: posting in next frame
06-02 13:14:40.362 10576 10576 W View    : requestLayout() improperly called by helium314.keyboard.latin.panels.BrowserPanelView{b06be3 V.E...... ......I. 0,0-1440,2040} during layout: running second layout pass
06-02 13:14:40.366 10576 10576 W View    : requestLayout() improperly called by helium314.keyboard.latin.panels.BrowserPanelView{b06be3 V.E...... ........ 0,0-1440,2040} during second layout pass: posting in next frame
06-02 13:14:40.379 10576 10576 W View    : requestLayout() improperly called by helium314.keyboard.latin.panels.BrowserPanelView{b06be3 V.E...... ......I. 0,0-1440,2040} during layout: running second layout pass
06-02 13:14:40.385 10576 10576 W View    : requestLayout() improperly called by helium314.keyboard.latin.panels.BrowserPanelView{b06be3 V.E...... ........ 0,0-1440,2040} during second layout pass: posting in next frame
06-02 13:14:40.395 10576 10576 W View    : requestLayout() improperly called by helium314.keyboard.latin.panels.BrowserPanelView{b06be3 V.E...... ......I. 0,0-1440,2040} during layout: running second layout pass
06-02 13:14:40.399 10576 10576 W View    : requestLayout() improperly called by helium314.keyboard.latin.panels.BrowserPanelView{b06be3 V.E...... ........ 0,0-1440,2040} during second layout pass: posting in next frame
06-02 13:14:40.412 10576 10576 W View    : requestLayout() improperly called by helium314.keyboard.latin.panels.BrowserPanelView{b06be3 V.E...... ......I. 0,0-1440,2040} during layout: running second layout pass
06-02 13:14:40.415 10576 10576 W View    : requestLayout() improperly called by helium314.keyboard.latin.panels.BrowserPanelView{b06be3 V.E...... ........ 0,0-1440,2040} during second layout pass: posting in next frame
06-02 13:14:40.429 10576 10576 W View    : requestLayout() improperly called by helium314.keyboard.latin.panels.BrowserPanelView{b06be3 V.E...... ......I. 0,0-1440,2040} during layout: running second layout pass
06-02 13:14:40.432 10576 10576 W View    : requestLayout() improperly called by helium314.keyboard.latin.panels.BrowserPanelView{b06be3 V.E...... ........ 0,0-1440,2040} during second layout pass: posting in next frame
06-02 13:14:40.447 10576 10576 W View    : requestLayout() improperly called by helium314.keyboard.latin.panels.BrowserPanelView{b06be3 V.E...... ......I. 0,0-1440,2040} during layout: running second layout pass
06-02 13:14:40.450 10576 10576 W View    : requestLayout() improperly called by helium314.keyboard.latin.panels.BrowserPanelView{b06be3 V.E...... ........ 0,0-1440,2040} during second layout pass: posting in next frame
06-02 13:14:40.462 10576 10576 W View    : requestLayout() improperly called by helium314.keyboard.latin.panels.BrowserPanelView{b06be3 V.E...... ......I. 0,0-1440,2040} during layout: running second layout pass
06-02 13:14:40.465 10576 10576 W View    : requestLayout() improperly called by helium314.keyboard.latin.panels.BrowserPanelView{b06be3 V.E...... ........ 0,0-1440,2040} during second layout pass: posting in next frame
06-02 13:14:40.478 10576 10576 W View    : requestLayout() improperly called by helium314.keyboard.latin.panels.BrowserPanelView{b06be3 V.E...... ......I. 0,0-1440,2040} during layout: running second layout pass
06-02 13:14:40.482 10576 10576 W View    : requestLayout() improperly called by helium314.keyboard.latin.panels.BrowserPanelView{b06be3 V.E...... ........ 0,0-1440,2040} during second layout pass: posting in next frame
06-02 13:14:40.496 10576 10576 W View    : requestLayout() improperly called by helium314.keyboard.latin.panels.BrowserPanelView{b06be3 V.E...... ......I. 0,0-1440,2040} during layout: running second layout pass
06-02 13:14:40.499 10576 10576 W View    : requestLayout() improperly called by helium314.keyboard.latin.panels.BrowserPanelView{b06be3 V.E...... ........ 0,0-1440,2040} during second layout pass: posting in next frame
06-02 13:14:40.512 10576 10576 W View    : requestLayout() improperly called by helium314.keyboard.latin.panels.BrowserPanelView{b06be3 V.E...... ......I. 0,0-1440,2040} during layout: running second layout pass
06-02 13:14:40.518 10576 10576 W View    : requestLayout() improperly called by helium314.keyboard.latin.panels.BrowserPanelView{b06be3 V.E...... ........ 0,0-1440,2040} during second layout pass: posting in next frame
06-02 13:14:40.529 10576 10576 W View    : requestLayout() improperly called by helium314.keyboard.latin.panels.BrowserPanelView{b06be3 V.E...... ......I. 0,0-1440,2040} during layout: running second layout pass
06-02 13:14:40.532 10576 10576 W View    : requestLayout() improperly called by helium314.keyboard.latin.panels.BrowserPanelView{b06be3 V.E...... ........ 0,0-1440,2040} during second layout pass: posting in next frame
06-02 13:14:40.537 10576 10651 E BLASTBufferQueue: BLASTBufferItemConsumer::onDisconnect()
06-02 13:14:40.539 10576 10576 E GeckoView: Failed to detach WindowInsetsListener: 
06-02 13:14:40.539 10576 10576 E GeckoView: java.lang.NullPointerException: Attempt to invoke virtual method 'android.view.Window android.app.Activity.getWindow()' on a null object reference
06-02 13:14:40.539 10576 10576 E GeckoView: 	at org.mozilla.geckoview.GeckoView.detachWindowInsetsListener(r8-map-id-0492f67b91932adcb1333cabb67cb9521684363258bbb00d5c009e5b4cfe067e:1)
06-02 13:14:40.539 10576 10576 E GeckoView: 	at org.mozilla.geckoview.GeckoView.onDetachedFromWindow(r8-map-id-0492f67b91932adcb1333cabb67cb9521684363258bbb00d5c009e5b4cfe067e:25)
06-02 13:14:40.539 10576 10576 E GeckoView: 	at android.view.View.dispatchDetachedFromWindow(View.java:20955)
06-02 13:14:40.539 10576 10576 E GeckoView: 	at android.view.ViewGroup.dispatchDetachedFromWindow(ViewGroup.java:4014)
06-02 13:14:40.539 10576 10576 E GeckoView: 	at android.view.ViewGroup.removeViewInternal(ViewGroup.java:5660)
06-02 13:14:40.539 10576 10576 E GeckoView: 	at android.view.ViewGroup.removeViewInternal(ViewGroup.java:5631)
06-02 13:14:40.539 10576 10576 E GeckoView: 	at android.view.ViewGroup.removeView(ViewGroup.java:5562)
06-02 13:14:40.539 10576 10576 E GeckoView: 	at helium314.keyboard.latin.panels.BrowserPanelView.j0(r8-map-id-0492f67b91932adcb1333cabb67cb9521684363258bbb00d5c009e5b4cfe067e:23)
06-02 13:14:40.539 10576 10576 E GeckoView: 	at helium314.keyboard.latin.panels.BrowserPanelView.B(r8-map-id-0492f67b91932adcb1333cabb67cb9521684363258bbb00d5c009e5b4cfe067e:72)
06-02 13:14:40.539 10576 10576 E GeckoView: 	at helium314.keyboard.latin.panels.BrowserPanelView.e0(r8-map-id-0492f67b91932adcb1333cabb67cb9521684363258bbb00d5c009e5b4cfe067e:35)
06-02 13:14:40.539 10576 10576 E GeckoView: 	at helium314.keyboard.latin.panels.BrowserPanelView.m(r8-map-id-0492f67b91932adcb1333cabb67cb9521684363258bbb00d5c009e5b4cfe067e:27)
06-02 13:14:40.539 10576 10576 E GeckoView: 	at y7.p2.invoke(r8-map-id-0492f67b91932adcb1333cabb67cb9521684363258bbb00d5c009e5b4cfe067e:268)
06-02 13:14:40.539 10576 10576 E GeckoView: 	at f8.w.onClick(r8-map-id-0492f67b91932adcb1333cabb67cb9521684363258bbb00d5c009e5b4cfe067e:160)
06-02 13:14:40.539 10576 10576 E GeckoView: 	at android.view.View.performClick(View.java:7488)
06-02 13:14:40.539 10576 10576 E GeckoView: 	at android.view.View.performClickInternal(View.java:7464)
06-02 13:14:40.539 10576 10576 E GeckoView: 	at android.view.View.access$3700(View.java:841)
06-02 13:14:40.539 10576 10576 E GeckoView: 	at android.view.View$PerformClick.run(View.java:28911)
06-02 13:14:40.539 10576 10576 E GeckoView: 	at android.os.Handler.handleCallback(Handler.java:938)
06-02 13:14:40.539 10576 10576 E GeckoView: 	at android.os.Handler.dispatchMessage(Handler.java:99)
06-02 13:14:40.539 10576 10576 E GeckoView: 	at android.os.Looper.loopOnce(Looper.java:233)
06-02 13:14:40.539 10576 10576 E GeckoView: 	at android.os.Looper.loop(Looper.java:344)
06-02 13:14:40.539 10576 10576 E GeckoView: 	at android.app.ActivityThread.main(ActivityThread.java:8212)
06-02 13:14:40.539 10576 10576 E GeckoView: 	at java.lang.reflect.Method.invoke(Native Method)
06-02 13:14:40.539 10576 10576 E GeckoView: 	at com.android.internal.os.RuntimeInit$MethodAndArgsCaller.run(RuntimeInit.java:584)
06-02 13:14:40.539 10576 10576 E GeckoView: 	at com.android.internal.os.ZygoteInit.main(ZygoteInit.java:1034)
06-02 13:14:40.554 10576 10576 W View    : requestLayout() improperly called by helium314.keyboard.latin.panels.BrowserPanelView{b06be3 V.E...... ......ID 0,0-1440,2040} during layout: running second layout pass
06-02 13:14:40.559 10576 10576 W View    : requestLayout() improperly called by helium314.keyboard.latin.panels.BrowserPanelView{b06be3 V.E...... ........ 0,0-1440,2040} during second layout pass: posting in next frame
06-02 13:14:40.565 10576 10576 W View    : requestLayout() improperly called by helium314.keyboard.latin.panels.BrowserPanelView{b06be3 V.E...... ......I. 0,0-1440,2040} during layout: running second layout pass
06-02 13:14:40.569 10576 10576 W View    : requestLayout() improperly called by helium314.keyboard.latin.panels.BrowserPanelView{b06be3 V.E...... ........ 0,0-1440,2040} during second layout pass: posting in next frame
06-02 13:14:40.579 10576 10576 W View    : requestLayout() improperly called by helium314.keyboard.latin.panels.BrowserPanelView{b06be3 V.E...... ......I. 0,0-1440,2040} during layout: running second layout pass
06-02 13:14:40.583 10576 10576 W View    : requestLayout() improperly called by helium314.keyboard.latin.panels.BrowserPanelView{b06be3 V.E...... ........ 0,0-1440,2040} during second layout pass: posting in next frame
06-02 13:14:40.600 10576 10576 W View    : requestLayout() improperly called by helium314.keyboard.latin.panels.BrowserPanelView{b06be3 V.E...... ......I. 0,0-1440,2040} during layout: running second layout pass
06-02 13:14:40.604 10576 10576 W View    : requestLayout() improperly called by helium314.keyboard.latin.panels.BrowserPanelView{b06be3 V.E...... ........ 0,0-1440,2040} during second layout pass: posting in next frame
06-02 13:14:40.605 10576 10918 E GeckoConsole: [JavaScript Error: "TypeError: can't access property "WindowEventDispatcher", win is null" {file: "resource://gre/modules/GeckoViewSessionStore.sys.mjs" line: 149}]
06-02 13:14:40.605 10576 10918 E GeckoConsole: onTabStateUpdate@resource://gre/modules/GeckoViewSessionStore.sys.mjs:149:5
06-02 13:14:40.605 10576 10918 E GeckoConsole: updateSessionStoreFromTabListener@resource://gre/modules/GeckoViewSessionStore.sys.mjs:243:10
06-02 13:14:40.605 10576 10918 E GeckoConsole: SSF_updateSessionStore@resource://gre/modules/SessionStoreFunctions.sys.mjs:46:27
06-02 13:14:40.605 10576 10918 E GeckoConsole: UpdateSessionStore@resource://gre/modules/SessionStoreFunctions.sys.mjs:16:46
06-02 13:14:40.605 10576 10918 E GeckoConsole: [JavaScript Error: "TypeError: can't access property "WindowEventDispatcher", win is null" {file: "resource://gre/modules/GeckoViewSessionStore.sys.mjs" line: 149}]
06-02 13:14:40.605 10576 10918 E GeckoConsole: onTabStateUpdate@resource://gre/modules/GeckoViewSessionStore.sys.mjs:149:5
06-02 13:14:40.605 10576 10918 E GeckoConsole: updateSessionStoreFromTabListener@resource://gre/modules/GeckoViewSessionStore.sys.mjs:243:10
06-02 13:14:40.605 10576 10918 E GeckoConsole: SSF_updateSessionStore@resource://gre/modules/SessionStoreFunctions.sys.mjs:46:27
06-02 13:14:40.605 10576 10918 E GeckoConsole: UpdateSessionStore@resource://gre/modules/SessionStoreFunctions.sys.mjs:16:46
06-02 13:14:40.605 10576 10918 E GeckoConsole: [JavaScript Error: "TypeError: can't access property "WindowEventDispatcher", win is null" {file: "resource://gre/modules/GeckoViewSessionStore.sys.mjs" line: 149}]
06-02 13:14:40.605 10576 10918 E GeckoConsole: onTabStateUpdate@resource://gre/modules/GeckoViewSessionStore.sys.mjs:149:5
06-02 13:14:40.605 10576 10918 E GeckoConsole: updateSessionStoreFromTabListener@resource://gre/modules/GeckoViewSessionStore.sys.mjs:243:10
06-02 13:14:40.605 10576 10918 E GeckoConsole: SSF_updateSessionStore@resource://gre/modules/SessionStoreFunctions.sys.mjs:46:27
06-02 13:14:40.605 10576 10918 E GeckoConsole: UpdateSessionStore@resource://gre/modules/SessionStoreFunctions.sys.mjs:16:46
06-02 13:14:40.606 10576 10918 E GeckoConsole: [JavaScript Error: "TypeError: can't access property "WindowEventDispatcher", win is null" {file: "resource://gre/modules/GeckoViewSessionStore.sys.mjs" line: 149}]
06-02 13:14:40.606 10576 10918 E GeckoConsole: onTabStateUpdate@resource://gre/modules/GeckoViewSessionStore.sys.mjs:149:5
06-02 13:14:40.606 10576 10918 E GeckoConsole: updateSessionStoreFromTabListener@resource://gre/modules/GeckoViewSessionStore.sys.mjs:243:10
06-02 13:14:40.606 10576 10918 E GeckoConsole: SSF_updateSessionStore@resource://gre/modules/SessionStoreFunctions.sys.mjs:46:27
06-02 13:14:40.606 10576 10918 E GeckoConsole: UpdateSessionStore@resource://gre/modules/SessionStoreFunctions.sys.mjs:16:46
06-02 13:14:40.606 10576 10918 E GeckoConsole: [JavaScript Error: "TypeError: can't access property "WindowEventDispatcher", win is null" {file: "resource://gre/modules/GeckoViewSessionStore.sys.mjs" line: 149}]
06-02 13:14:40.606 10576 10918 E GeckoConsole: onTabStateUpdate@resource://gre/modules/GeckoViewSessionStore.sys.mjs:149:5
06-02 13:14:40.606 10576 10918 E GeckoConsole: updateSessionStoreFromTabListener@resource://gre/modules/GeckoViewSessionStore.sys.mjs:243:10
06-02 13:14:40.606 10576 10918 E GeckoConsole: SSF_updateSessionStore@resource://gre/modules/SessionStoreFunctions.sys.mjs:46:27
06-02 13:14:40.606 10576 10918 E GeckoConsole: UpdateSessionStore@resource://gre/modules/SessionStoreFunctions.sys.mjs:16:46
06-02 13:14:40.606 10576 10918 E GeckoConsole: [JavaScript Error: "TypeError: can't access property "WindowEventDispatcher", win is null" {file: "resource://gre/modules/GeckoViewSessionStore.sys.mjs" line: 149}]
06-02 13:14:40.606 10576 10918 E GeckoConsole: onTabStateUpdate@resource://gre/modules/GeckoViewSessionStore.sys.mjs:149:5
06-02 13:14:40.606 10576 10918 E GeckoConsole: updateSessionStoreFromTabListener@resource://gre/modules/GeckoViewSessionStore.sys.mjs:243:10
06-02 13:14:40.606 10576 10918 E GeckoConsole: SSF_updateSessionStore@resource://gre/modules/SessionStoreFunctions.sys.mjs:46:27
06-02 13:14:40.606 10576 10918 E GeckoConsole: UpdateSessionStore@resource://gre/modules/SessionStoreFunctions.sys.mjs:16:46
06-02 13:14:40.613 10576 10576 W View    : requestLayout() improperly called by helium314.keyboard.latin.panels.BrowserPanelView{b06be3 V.E...... ......I. 0,0-1440,2040} during layout: running second layout pass
06-02 13:14:40.618 10576 10576 W View    : requestLayout() improperly called by helium314.keyboard.latin.panels.BrowserPanelView{b06be3 V.E...... ........ 0,0-1440,2040} during second layout pass: posting in next frame
06-02 13:14:40.630 10576 10576 W View    : requestLayout() improperly called by helium314.keyboard.latin.panels.BrowserPanelView{b06be3 V.E...... ......I. 0,0-1440,2040} during layout: running second layout pass
06-02 13:14:40.633 10576 10576 W View    : requestLayout() improperly called by helium314.keyboard.latin.panels.BrowserPanelView{b06be3 V.E...... ........ 0,0-1440,2040} during second layout pass: posting in next frame
06-02 13:14:40.656 10576 10576 W View    : requestLayout() improperly called by helium314.keyboard.latin.panels.BrowserPanelView{b06be3 V.E...... ......I. 0,0-1440,2040} during layout: running second layout pass
06-02 13:14:40.660 10576 10576 W View    : requestLayout() improperly called by helium314.keyboard.latin.panels.BrowserPanelView{b06be3 V.E...... ........ 0,0-1440,2040} during second layout pass: posting in next frame
06-02 13:14:40.663 10576 10576 W View    : requestLayout() improperly called by helium314.keyboard.latin.panels.BrowserPanelView{b06be3 V.E...... ......I. 0,0-1440,2040} during layout: running second layout pass
06-02 13:14:40.666 10576 10576 W View    : requestLayout() improperly called by helium314.keyboard.latin.panels.BrowserPanelView{b06be3 V.E...... ........ 0,0-1440,2040} during second layout pass: posting in next frame
06-02 13:14:40.679 10576 10576 W View    : requestLayout() improperly called by helium314.keyboard.latin.panels.BrowserPanelView{b06be3 V.E...... ......I. 0,0-1440,2040} during layout: running second layout pass
06-02 13:14:40.684 10576 10576 W View    : requestLayout() improperly called by helium314.keyboard.latin.panels.BrowserPanelView{b06be3 V.E...... ........ 0,0-1440,2040} during second layout pass: posting in next frame
06-02 13:14:40.698 12189 12207 W Isolated Web Content: [JavaScript Warning: "Script terminated by timeout at:
06-02 13:14:40.698 12189 12207 W Isolated Web Content: qs</</<[12]</m/e.processVendor@https://www.cnn.com/media/sites/js/bundles/cnn-adfuel-68aea82e3c12aa991ba88c3418167a78a4ba4ae912410f5e81c9e23d1f42677a.min.js:1:822862
06-02 13:14:40.698 12189 12207 W Isolated Web Content: qs</</<[12]</m/e.addSSAIJavascript/<@https://www.cnn.com/media/sites/js/bundles/cnn-adfuel-68aea82e3c12aa991ba88c3418167a78a4ba4ae912410f5e81c9e23d1f42677a.min.js:1:824574
06-02 13:14:40.698 12189 12207 W Isolated Web Content: qs</</<[12]</m/e.addSSAIJavascript@https://www.cnn.com/media/sites/js/bundles/cnn-adfuel-68aea82e3c12aa991ba88c3418167a78a4ba4ae912410f5e81c9e23d1f42677a.min.js:1:824552
06-02 13:14:40.698 12189 12207 W Isolated Web Content: qs</</<[12]</m/e.addScripts/document.onreadystatechange@https://www.cnn.com/media/sites/js/bundles/cnn-adfuel-68aea82e3c12aa991ba88c3418167a78a4ba4ae912410f5e81c9e23d1f42677a.min.js:1:821531
06-02 13:14:40.698 12189 12207 W Isolated Web Content: " {file: "https://www.cnn.com/media/sites/js/bundles/cnn-adfuel-68aea82e3c12aa991ba88c3418167a78a4ba4ae912410f5e81c9e23d1f42677a.min.js" line: 1}]
06-02 13:14:40.715 10576 10918 E GeckoConsole: [JavaScript Error: "TypeError: can't access property "WindowEventDispatcher", win is null" {file: "resource://gre/modules/GeckoViewSessionStore.sys.mjs" line: 149}]
06-02 13:14:40.715 10576 10918 E GeckoConsole: onTabStateUpdate@resource://gre/modules/GeckoViewSessionStore.sys.mjs:149:5
06-02 13:14:40.715 10576 10918 E GeckoConsole: updateSessionStoreFromTabListener@resource://gre/modules/GeckoViewSessionStore.sys.mjs:243:10
06-02 13:14:40.715 10576 10918 E GeckoConsole: SSF_updateSessionStore@resource://gre/modules/SessionStoreFunctions.sys.mjs:46:27
06-02 13:14:40.715 10576 10918 E GeckoConsole: UpdateSessionStore@resource://gre/modules/SessionStoreFunctions.sys.mjs:16:46
06-02 13:14:40.716 10576 10918 E GeckoConsole: [JavaScript Error: "TypeError: can't access property "WindowEventDispatcher", win is null" {file: "resource://gre/modules/GeckoViewSessionStore.sys.mjs" line: 149}]
06-02 13:14:40.716 10576 10918 E GeckoConsole: onTabStateUpdate@resource://gre/modules/GeckoViewSessionStore.sys.mjs:149:5
06-02 13:14:40.716 10576 10918 E GeckoConsole: updateSessionStoreFromTabListener@resource://gre/modules/GeckoViewSessionStore.sys.mjs:243:10
06-02 13:14:40.716 10576 10918 E GeckoConsole: SSF_updateSessionStore@resource://gre/modules/SessionStoreFunctions.sys.mjs:46:27
06-02 13:14:40.716 10576 10918 E GeckoConsole: UpdateSessionStore@resource://gre/modules/SessionStoreFunctions.sys.mjs:16:46
06-02 13:14:40.836 12189 12207 E Isolated Web Content: [JavaScript Error: "Image corrupt or truncated." {file: "https://media.cnn.com/api/v1/images/stellar/prod/scalia-cheney.jpg?c=16x9&q=h_810,w_1440,c_fill/f_webp" line: 0}]
06-02 13:14:41.193 12838 12854 W Isolated Web Content: [JavaScript Warning: "Script terminated by timeout at:
06-02 13:14:41.193 12838 12854 W Isolated Web Content: u.prototype.flushEventQueue@https://gum.criteo.com/syncframe?origin=publishertagids&topUrl=www.cnn.com#{%22bundle%22:{%22origin%22:0},%22optout%22:{%22value%22:false,%22origin%22:0},%22tld%22:%22cnn.com%22,%22topUrl%22:%22www.cnn.com%22,%22version%22:107044,%22origin%22:%22publishertagids%22,%22requestId%22:%220.8638906786390352%22}:13:3137
06-02 13:14:41.193 12838 12854 W Isolated Web Content: u/<@https://gum.criteo.com/syncframe?origin=publishertagids&topUrl=www.cnn.com#{%22bundle%22:{%22origin%22:0},%22optout%22:{%22value%22:false,%22origin%22:0},%22tld%22:%22cnn.com%22,%22topUrl%22:%22www.cnn.com%22,%22version%22:107044,%22origin%22:%22publishertagids%22,%22requestId%22:%220.8638906786390352%22}:13:3642
06-02 13:14:41.193 12838 12854 W Isolated Web Content: " {file: "https://gum.criteo.com/syncframe?origin=publishertagids&topUrl=www.cnn.com#{%22bundle%22:{%22origin%22:0},%22optout%22:{%22value%22:false,%22origin%22:0},%22tld%22:%22cnn.com%22,%22topUrl%22:%22www.cnn.com%22,%22version%22:107044,%22origin%22:%22publishertagids%22,%22requestId%22:%220.8638906786
06-02 13:14:41.207 10576 10918 E GeckoConsole: [JavaScript Error: "TypeError: can't access property "provider", this.tablesData[table] is undefined" {file: "resource://gre/modules/UrlClassifierListManager.sys.mjs" line: 755}]
06-02 13:14:41.207 10576 10918 E GeckoConsole: #updateSuccess@resource://gre/modules/UrlClassifierListManager.sys.mjs:755:25
06-02 13:14:41.207 10576 10918 E GeckoConsole: #makeUpdateRequestForEntry/<@resource://gre/modules/UrlClassifierListManager.sys.mjs:685:30
06-02 13:14:41.566 11961 12013 W libEGL  : EGLNativeWindowType 0xb4000075c4e98010 disconnect failed
06-02 13:14:41.567 11961 12013 W libEGL  : EGLNativeWindowType 0xb4000075c4e29810 disconnect failed
06-02 13:14:41.567 11961 12013 W libEGL  : EGLNativeWindowType 0xb4000075c4e2c010 disconnect failed
06-02 13:14:41.567 11961 12013 W libEGL  : EGLNativeWindowType 0xb4000075c4e2e810 disconnect failed
06-02 13:14:43.245 13354 13354 E ibekey.keyboar: Unknown bits set in runtime_flags: 0x40000000
06-02 13:14:43.423 13354 13354 W f0      : Could not load system glide typing library jni_latinimegoogle: dlopen failed: library "libjni_latinimegoogle.so" not found
06-02 13:14:43.696 13354 13354 W c       : onSharedPreferenceChanged called before loadSettings.
06-02 13:14:43.697 13354 13354 W u       : No editor info for this field. Bug?
06-02 13:14:43.737 13354 13354 W ibekey.keyboar: ClassLoaderContext classpath size mismatch. expected=1, found=0 (DLC[];PCL[base.apk*4009363210]{PCL[/system/framework/org.apache.http.legacy.jar*3034548894]#PCL[/apex/com.android.extservices/javalib/android.ext.adservices.jar*3839736497]#PCL[/system/framework/com.android.location.provider.jar*3633238672]#PCL[/system/framework/com.android.media.remotedisplay.jar*3472798123]#PCL[/apex/com.android.extservices/javalib/android.ext.adservices.jar*3839736497]} | DLC[];PCL[])
06-02 13:14:43.746 13354 13354 W System  : ClassLoader referenced unknown path: 
06-02 13:14:43.753 13354 13354 W ibekey.keyboar: ClassLoaderContext classpath element checksum mismatch. expected=4009363210, found=1038777552 (DLC[];PCL[base.apk*4009363210]{PCL[/system/framework/org.apache.http.legacy.jar*3034548894]#PCL[/apex/com.android.extservices/javalib/android.ext.adservices.jar*3839736497]#PCL[/system/framework/com.android.location.provider.jar*3633238672]#PCL[/system/framework/com.android.media.remotedisplay.jar*3472798123]#PCL[/apex/com.android.extservices/javalib/android.ext.adservices.jar*3839736497]} | DLC[];PCL[/data/app/~~XlxhORYPXrBxAQVtHjanwQ==/com.vibekey.keyboard-_C3LJLY3yZ9_GbMEGOxlgg==/base.apk*1038777552]{PCL[/apex/com.android.extservices/javalib/android.ext.adservices.jar*3839736497]})
06-02 13:14:43.823 13354 13354 E ibekey.keyboar: ofbOpen failed with error=No such file or directory
06-02 13:14:43.824 13354 13354 E ibekey.keyboar: sysOpen failed with error=No such file or directory
06-02 13:14:43.862 13354 13354 E MultiApp.Impl: OplusMultiAppImpl
06-02 13:14:43.926 13354 13439 W libc    : Access denied finding property "ro.vendor.api_level"
06-02 13:14:43.929 13354 13354 W chromium: [WARNING:android_webview/browser/network_service/net_helpers.cc:137] HTTP Cache size is: 20971520
06-02 13:14:43.979 13354 13410 W Ads     : Update ad debug logging enablement as false
06-02 13:14:43.984 13354 13481 W libc    : Access denied finding property "vendor.camera.aux.packagelist"
06-02 13:14:43.984 13354 13481 W libc    : Access denied finding property "vendor.camera.aux.packagelist"
06-02 13:14:43.985 13354 13369 W libc    : Access denied finding property "vendor.camera.aux.packagelist"
06-02 13:14:43.994 13354 13354 E OplusCustomizeRestrictionManager: sInstance is null, start a new sInstance
06-02 13:14:44.283 13354 13448 W cr_media: BLUETOOTH_CONNECT permission is missing.
06-02 13:14:44.283 13354 13448 W cr_media: getBluetoothAdapter() requires BLUETOOTH permission
06-02 13:14:44.283 13354 13448 W cr_media: registerBluetoothIntentsIfNeeded: Requires BLUETOOTH permission
06-02 13:14:44.306 13354 13354 W View    : requestLayout() improperly called by android.widget.LinearLayout{9cd4f8b V.E...... ......ID 0,1973-1440,2923 #7f0a011b app:id/main_keyboard_frame} during layout: running second layout pass
06-02 13:14:44.404 13354 13457 W AudioCapabilities: Unsupported mime audio/ffmpeg
06-02 13:14:44.404 13354 13457 W VideoCapabilities: Unsupported mime video/ffmpeg
06-02 13:14:44.405 13354 13457 W VideoCapabilities: Unrecognized profile/level 0/3 for video/mpeg2
06-02 13:14:44.405 13354 13457 W VideoCapabilities: Unrecognized profile/level 0/3 for video/mpeg2
06-02 13:14:44.487 13354 13536 W Settings: Setting animator_duration_scale has moved from android.provider.Settings.System to android.provider.Settings.Global, returning read-only global URI.
06-02 13:14:44.491 13354 13536 E GeckoLibLoad: Load sqlite start
06-02 13:14:44.492 13354 13536 E GeckoLibLoad: Load sqlite done
06-02 13:14:44.492 13354 13536 E GeckoLibLoad: Load nss start
06-02 13:14:44.492 13354 13536 E GeckoLibLoad: Load nss done
06-02 13:14:44.501 13354 13536 E GeckoLibLoad: Loaded libs in 9.064583ms total, 7ms(21ms) user, 0ms(0ms) system, 0(0) faults
06-02 13:14:44.502 13354 13536 W GeckoThread: zerdatime 97327363 - runGecko
06-02 13:14:44.552 13354 13354 W com.vibekey.keyboard: type=1400 audit(0.0:46256): avc: denied { bind } for comm=4E65746C696E6B204D6F6E69746F72 scontext=u:r:untrusted_app:s0:c49,c271,c512,c768 tcontext=u:r:untrusted_app:s0:c49,c271,c512,c768 tclass=netlink_route_socket permissive=0 bug=b/155595000 app=com.vibekey.keyboard
06-02 13:14:44.579 13354 13536 E ibekey.keyboar: hiddenapi: Accessing hidden field Ljava/lang/Boolean;->value:Z (runtime_flags=0, domain=core-platform, api=max-target-p) from Lorg/mozilla/gecko/GeckoThread; (domain=app, TargetSdkVersion=35) using JNI: denied
06-02 13:14:44.580 13354 13536 E ibekey.keyboar: hiddenapi: Accessing hidden field Ljava/lang/Integer;->value:I (runtime_flags=0, domain=core-platform, api=max-target-p) from Lorg/mozilla/gecko/GeckoThread; (domain=app, TargetSdkVersion=35) using JNI: denied
06-02 13:14:44.580 13354 13536 E ibekey.keyboar: hiddenapi: Accessing hidden field Ljava/lang/Long;->value:J (runtime_flags=0, domain=core-platform, api=max-target-p) from Lorg/mozilla/gecko/GeckoThread; (domain=app, TargetSdkVersion=35) using JNI: denied
06-02 13:14:44.580 13354 13536 E ibekey.keyboar: hiddenapi: Accessing hidden field Ljava/lang/Double;->value:D (runtime_flags=0, domain=core-platform, api=max-target-p) from Lorg/mozilla/gecko/GeckoThread; (domain=app, TargetSdkVersion=35) using JNI: denied
06-02 13:14:44.624 13575 13575 E .keyboard:tab3: Unknown bits set in runtime_flags: 0x40000000
06-02 13:14:45.558 13354 13354 W View    : requestLayout() improperly called by android.widget.FrameLayout{a951091 V.E...... ......ID 0,1677-1440,1857 #7f0a0087 app:id/browser_nav_footer_float} during layout: running second layout pass
06-02 13:14:49.801 13628 13628 E ibekey.keyboar: Unknown bits set in runtime_flags: 0x40000000
06-02 13:14:49.962 13628 13628 W f0      : Could not load system glide typing library jni_latinimegoogle: dlopen failed: library "libjni_latinimegoogle.so" not found
06-02 13:14:50.078 13628 13628 W u       : No editor info for this field. Bug?
06-02 13:14:50.131 13628 13628 W ibekey.keyboar: ClassLoaderContext classpath size mismatch. expected=1, found=0 (DLC[];PCL[base.apk*4009363210]{PCL[/system/framework/org.apache.http.legacy.jar*3034548894]#PCL[/apex/com.android.extservices/javalib/android.ext.adservices.jar*3839736497]#PCL[/system/framework/com.android.location.provider.jar*3633238672]#PCL[/system/framework/com.android.media.remotedisplay.jar*3472798123]#PCL[/apex/com.android.extservices/javalib/android.ext.adservices.jar*3839736497]} | DLC[];PCL[])
06-02 13:14:50.138 13628 13628 W System  : ClassLoader referenced unknown path: 
06-02 13:14:50.142 13628 13628 W ibekey.keyboar: ClassLoaderContext classpath element checksum mismatch. expected=4009363210, found=1038777552 (DLC[];PCL[base.apk*4009363210]{PCL[/system/framework/org.apache.http.legacy.jar*3034548894]#PCL[/apex/com.android.extservices/javalib/android.ext.adservices.jar*3839736497]#PCL[/system/framework/com.android.location.provider.jar*3633238672]#PCL[/system/framework/com.android.media.remotedisplay.jar*3472798123]#PCL[/apex/com.android.extservices/javalib/android.ext.adservices.jar*3839736497]} | DLC[];PCL[/data/app/~~XlxhORYPXrBxAQVtHjanwQ==/com.vibekey.keyboard-_C3LJLY3yZ9_GbMEGOxlgg==/base.apk*1038777552]{PCL[/apex/com.android.extservices/javalib/android.ext.adservices.jar*3839736497]})
06-02 13:14:50.214 13628 13628 E ibekey.keyboar: ofbOpen failed with error=No such file or directory
06-02 13:14:50.214 13628 13628 E ibekey.keyboar: sysOpen failed with error=No such file or directory
06-02 13:14:50.228 13628 13681 W Ads     : Update ad debug logging enablement as false
06-02 13:14:50.255 13628 13628 E MultiApp.Impl: OplusMultiAppImpl
06-02 13:14:50.327 13628 13709 W libc    : Access denied finding property "ro.vendor.api_level"
06-02 13:14:50.331 13628 13628 W chromium: [WARNING:android_webview/browser/network_service/net_helpers.cc:137] HTTP Cache size is: 20971520
06-02 13:14:50.397 13628 13744 W libc    : Access denied finding property "vendor.camera.aux.packagelist"
06-02 13:14:50.397 13628 13744 W libc    : Access denied finding property "vendor.camera.aux.packagelist"
06-02 13:14:50.398 13628 13697 W libc    : Access denied finding property "vendor.camera.aux.packagelist"
06-02 13:14:50.404 13628 13628 E OplusCustomizeRestrictionManager: sInstance is null, start a new sInstance
06-02 13:14:50.672 13628 13713 W cr_media: BLUETOOTH_CONNECT permission is missing.
06-02 13:14:50.673 13628 13713 W cr_media: getBluetoothAdapter() requires BLUETOOTH permission
06-02 13:14:50.673 13628 13713 W cr_media: registerBluetoothIntentsIfNeeded: Requires BLUETOOTH permission
06-02 13:14:50.702 13628 13628 W View    : requestLayout() improperly called by android.widget.LinearLayout{5cb6b6f V.E...... ......ID 0,1973-1440,2923 #7f0a011b app:id/main_keyboard_frame} during layout: running second layout pass
06-02 13:14:50.792 13628 13726 W AudioCapabilities: Unsupported mime audio/ffmpeg
06-02 13:14:50.793 13628 13726 W VideoCapabilities: Unsupported mime video/ffmpeg
06-02 13:14:50.793 13628 13726 W VideoCapabilities: Unrecognized profile/level 0/3 for video/mpeg2
06-02 13:14:50.793 13628 13726 W VideoCapabilities: Unrecognized profile/level 0/3 for video/mpeg2
06-02 13:14:50.853 13628 13696 E BLASTBufferQueue: BLASTBufferItemConsumer::onDisconnect()
06-02 13:14:50.905 13628 13884 W Settings: Setting animator_duration_scale has moved from android.provider.Settings.System to android.provider.Settings.Global, returning read-only global URI.
06-02 13:14:50.912 13628 13884 E GeckoLibLoad: Load sqlite start
06-02 13:14:50.913 13628 13884 E GeckoLibLoad: Load sqlite done
06-02 13:14:50.913 13628 13884 E GeckoLibLoad: Load nss start
06-02 13:14:50.913 13628 13884 E GeckoLibLoad: Load nss done
06-02 13:14:50.926 13628 13884 E GeckoLibLoad: Loaded libs in 12.124167ms total, 9ms(23ms) user, 0ms(0ms) system, 0(0) faults
06-02 13:14:50.926 13628 13884 W GeckoThread: zerdatime 97333787 - runGecko
06-02 13:14:50.972 13628 13628 W com.vibekey.keyboard: type=1400 audit(0.0:46258): avc: denied { bind } for comm=4E65746C696E6B204D6F6E69746F72 scontext=u:r:untrusted_app:s0:c49,c271,c512,c768 tcontext=u:r:untrusted_app:s0:c49,c271,c512,c768 tclass=netlink_route_socket permissive=0 bug=b/155595000 app=com.vibekey.keyboard
06-02 13:14:50.999 13628 13884 E ibekey.keyboar: hiddenapi: Accessing hidden field Ljava/lang/Boolean;->value:Z (runtime_flags=0, domain=core-platform, api=max-target-p) from Lorg/mozilla/gecko/GeckoThread; (domain=app, TargetSdkVersion=35) using JNI: denied
06-02 13:14:50.999 13628 13884 E ibekey.keyboar: hiddenapi: Accessing hidden field Ljava/lang/Integer;->value:I (runtime_flags=0, domain=core-platform, api=max-target-p) from Lorg/mozilla/gecko/GeckoThread; (domain=app, TargetSdkVersion=35) using JNI: denied
06-02 13:14:50.999 13628 13884 E ibekey.keyboar: hiddenapi: Accessing hidden field Ljava/lang/Long;->value:J (runtime_flags=0, domain=core-platform, api=max-target-p) from Lorg/mozilla/gecko/GeckoThread; (domain=app, TargetSdkVersion=35) using JNI: denied
06-02 13:14:50.999 13628 13884 E ibekey.keyboar: hiddenapi: Accessing hidden field Ljava/lang/Double;->value:D (runtime_flags=0, domain=core-platform, api=max-target-p) from Lorg/mozilla/gecko/GeckoThread; (domain=app, TargetSdkVersion=35) using JNI: denied
06-02 13:14:51.034 13923 13923 E y.keyboard:tab: Unknown bits set in runtime_flags: 0x40000000
06-02 13:14:52.094 13628 13628 W View    : requestLayout() improperly called by android.widget.FrameLayout{e52df30 V.E...... ......ID 0,1677-1440,1857 #7f0a0087 app:id/browser_nav_footer_float} during layout: running second layout pass
06-02 13:14:59.067 14132 14132 E ibekey.keyboar: Unknown bits set in runtime_flags: 0x40000000
06-02 13:14:59.193 14132 14132 W f0      : Could not load system glide typing library jni_latinimegoogle: dlopen failed: library "libjni_latinimegoogle.so" not found
