06-02 13:14:31.171 10576 10576 W View    : requestLayout() improperly called by helium314.keyboard.latin.panels.BrowserPanelView{b06be3 V.E...... ......I. 0,0-1440,2040} during layout: running second layout pass
06-02 13:14:31.175 10576 10576 W View    : requestLayout() improperly called by helium314.keyboard.latin.panels.BrowserPanelView{b06be3 V.E...... ........ 0,0-1440,2040} during second layout pass: posting in next frame
06-02 13:14:31.186 10576 10576 W View    : requestLayout() improperly called by helium314.keyboard.latin.panels.BrowserPanelView{b06be3 V.E...... ......I. 0,0-1440,2040} during layout: running second layout pass
06-02 13:14:31.192 10576 10576 W View    : requestLayout() improperly called by helium314.keyboard.latin.panels.BrowserPanelView{b06be3 V.E...... ........ 0,0-1440,2040} during second layout pass: posting in next frame
06-02 13:14:31.201 10576 10576 W View    : requestLayout() improperly called by helium314.keyboard.latin.panels.BrowserPanelView{b06be3 V.E...... ......I. 0,0-1440,2040} during layout: running second layout pass
06-02 13:14:31.216 10576 10576 W View    : requestLayout() improperly called by helium314.keyboard.latin.panels.BrowserPanelView{b06be3 V.E...... ........ 0,0-1440,2040} during second layout pass: posting in next frame
06-02 13:14:31.219 10576 10576 W View    : requestLayout() improperly called by helium314.keyboard.latin.panels.BrowserPanelView{b06be3 V.E...... ......I. 0,0-1440,2040} during layout: running second layout pass
06-02 13:14:31.223 10576 10576 W View    : requestLayout() improperly called by helium314.keyboard.latin.panels.BrowserPanelView{b06be3 V.E...... ........ 0,0-1440,2040} during second layout pass: posting in next frame
06-02 13:14:31.237 10576 10576 W View    : requestLayout() improperly called by helium314.keyboard.latin.panels.BrowserPanelView{b06be3 V.E...... ......I. 0,0-1440,2040} during layout: running second layout pass
06-02 13:14:31.246 10576 10576 W View    : requestLayout() improperly called by helium314.keyboard.latin.panels.BrowserPanelView{b06be3 V.E...... ........ 0,0-1440,2040} during second layout pass: posting in next frame
06-02 13:14:31.251 10576 10576 W View    : requestLayout() improperly called by helium314.keyboard.latin.panels.BrowserPanelView{b06be3 V.E...... ......I. 0,0-1440,2040} during layout: running second layout pass
06-02 13:14:31.257 10576 10576 W View    : requestLayout() improperly called by helium314.keyboard.latin.panels.BrowserPanelView{b06be3 V.E...... ........ 0,0-1440,2040} during second layout pass: posting in next frame
06-02 13:14:31.268 10576 10576 W View    : requestLayout() improperly called by helium314.keyboard.latin.panels.BrowserPanelView{b06be3 V.E...... ......I. 0,0-1440,2040} during layout: running second layout pass
06-02 13:14:31.295 10576 10576 W View    : requestLayout() improperly called by helium314.keyboard.latin.panels.BrowserPanelView{b06be3 V.E...... ........ 0,0-1440,2040} during second layout pass: posting in next frame
06-02 13:14:31.301 10576 10576 W View    : requestLayout() improperly called by helium314.keyboard.latin.panels.BrowserPanelView{b06be3 V.E...... ......I. 0,0-1440,2040} during layout: running second layout pass
06-02 13:14:31.306 10576 10576 W View    : requestLayout() improperly called by helium314.keyboard.latin.panels.BrowserPanelView{b06be3 V.E...... ........ 0,0-1440,2040} during second layout pass: posting in next frame
06-02 13:14:31.308 10576 10576 W View    : requestLayout() improperly called by helium314.keyboard.latin.panels.BrowserPanelView{b06be3 V.E...... ......I. 0,0-1440,2040} during layout: running second layout pass
06-02 13:14:31.319 10576 10576 W View    : requestLayout() improperly called by helium314.keyboard.latin.panels.BrowserPanelView{b06be3 V.E...... ........ 0,0-1440,2040} during second layout pass: posting in next frame
06-02 13:14:31.320 10576 10576 W View    : requestLayout() improperly called by helium314.keyboard.latin.panels.BrowserPanelView{b06be3 V.E...... ......I. 0,0-1440,2040} during layout: running second layout pass
06-02 13:14:31.338 10576 10576 W View    : requestLayout() improperly called by helium314.keyboard.latin.panels.BrowserPanelView{b06be3 V.E...... ........ 0,0-1440,2040} during second layout pass: posting in next frame
06-02 13:14:31.343 10576 10576 W View    : requestLayout() improperly called by helium314.keyboard.latin.panels.BrowserPanelView{b06be3 V.E...... ......I. 0,0-1440,2040} during layout: running second layout pass
06-02 13:14:31.349 10576 10576 W View    : requestLayout() improperly called by helium314.keyboard.latin.panels.BrowserPanelView{b06be3 V.E...... ........ 0,0-1440,2040} during second layout pass: posting in next frame
06-02 13:14:31.360 10576 10576 W View    : requestLayout() improperly called by helium314.keyboard.latin.panels.BrowserPanelView{b06be3 V.E...... ......I. 0,0-1440,2040} during layout: running second layout pass
06-02 13:14:31.368 10576 10576 W View    : requestLayout() improperly called by helium314.keyboard.latin.panels.BrowserPanelView{b06be3 V.E...... ........ 0,0-1440,2040} during second layout pass: posting in next frame
06-02 13:14:31.370 10576 10576 W View    : requestLayout() improperly called by helium314.keyboard.latin.panels.BrowserPanelView{b06be3 V.E...... ......I. 0,0-1440,2040} during layout: running second layout pass
06-02 13:14:31.375 10576 10576 W View    : requestLayout() improperly called by helium314.keyboard.latin.panels.BrowserPanelView{b06be3 V.E...... ........ 0,0-1440,2040} during second layout pass: posting in next frame
06-02 13:14:31.383 10576 10576 W View    : requestLayout() improperly called by helium314.keyboard.latin.panels.BrowserPanelView{b06be3 V.E...... ......I. 0,0-1440,2040} during layout: running second layout pass
06-02 13:14:31.389 10576 10576 W View    : requestLayout() improperly called by helium314.keyboard.latin.panels.BrowserPanelView{b06be3 V.E...... ........ 0,0-1440,2040} during second layout pass: posting in next frame
06-02 13:14:31.382 10576 10576 W com.vibekey.keyboard: type=1400 audit(0.0:46208): avc: denied { nlmsg_readpriv } for comm=536F636B657420546872656164 scontext=u:r:untrusted_app:s0:c49,c271,c512,c768 tcontext=u:r:untrusted_app:s0:c49,c271,c512,c768 tclass=netlink_route_socket permissive=0 bug=b/155595000 app=com.vibekey.keyboard
06-02 13:14:31.400 10576 10576 W View    : requestLayout() improperly called by helium314.keyboard.latin.panels.BrowserPanelView{b06be3 V.E...... ......I. 0,0-1440,2040} during layout: running second layout pass
06-02 13:14:31.408 10576 10576 W View    : requestLayout() improperly called by helium314.keyboard.latin.panels.BrowserPanelView{b06be3 V.E...... ........ 0,0-1440,2040} during second layout pass: posting in next frame
06-02 13:14:31.416 10576 10576 W View    : requestLayout() improperly called by helium314.keyboard.latin.panels.BrowserPanelView{b06be3 V.E...... ......I. 0,0-1440,2040} during layout: running second layout pass
06-02 13:14:31.412 10576 10576 W com.vibekey.keyboard: type=1400 audit(0.0:46209): avc: denied { nlmsg_readpriv } for comm=536F636B657420546872656164 scontext=u:r:untrusted_app:s0:c49,c271,c512,c768 tcontext=u:r:untrusted_app:s0:c49,c271,c512,c768 tclass=netlink_route_socket permissive=0 bug=b/155595000 app=com.vibekey.keyboard
06-02 13:14:31.431 10576 10576 W View    : requestLayout() improperly called by helium314.keyboard.latin.panels.BrowserPanelView{b06be3 V.E...... ........ 0,0-1440,2040} during second layout pass: posting in next frame
06-02 13:14:31.435 10576 10576 W View    : requestLayout() improperly called by helium314.keyboard.latin.panels.BrowserPanelView{b06be3 V.E...... ......I. 0,0-1440,2040} during layout: running second layout pass
06-02 13:14:31.448 10576 10576 W View    : requestLayout() improperly called by helium314.keyboard.latin.panels.BrowserPanelView{b06be3 V.E...... ........ 0,0-1440,2040} during second layout pass: posting in next frame
06-02 13:14:31.451 10576 10576 W View    : requestLayout() improperly called by helium314.keyboard.latin.panels.BrowserPanelView{b06be3 V.E...... ......I. 0,0-1440,2040} during layout: running second layout pass
06-02 13:14:31.460 10576 10576 W View    : requestLayout() improperly called by helium314.keyboard.latin.panels.BrowserPanelView{b06be3 V.E...... ........ 0,0-1440,2040} during second layout pass: posting in next frame
06-02 13:14:31.468 10576 10576 W View    : requestLayout() improperly called by helium314.keyboard.latin.panels.BrowserPanelView{b06be3 V.E...... ......I. 0,0-1440,2040} during layout: running second layout pass
06-02 13:14:31.475 10576 10576 W View    : requestLayout() improperly called by helium314.keyboard.latin.panels.BrowserPanelView{b06be3 V.E...... ........ 0,0-1440,2040} during second layout pass: posting in next frame
06-02 13:14:31.483 10576 10576 W View    : requestLayout() improperly called by helium314.keyboard.latin.panels.BrowserPanelView{b06be3 V.E...... ......I. 0,0-1440,2040} during layout: running second layout pass
06-02 13:14:31.492 10576 10576 W View    : requestLayout() improperly called by helium314.keyboard.latin.panels.BrowserPanelView{b06be3 V.E...... ........ 0,0-1440,2040} during second layout pass: posting in next frame
06-02 13:14:31.501 10576 10576 W View    : requestLayout() improperly called by helium314.keyboard.latin.panels.BrowserPanelView{b06be3 V.E...... ......I. 0,0-1440,2040} during layout: running second layout pass
06-02 13:14:31.502 10576 10576 W com.vibekey.keyboard: type=1400 audit(0.0:46210): avc: denied { nlmsg_readpriv } for comm=536F636B657420546872656164 scontext=u:r:untrusted_app:s0:c49,c271,c512,c768 tcontext=u:r:untrusted_app:s0:c49,c271,c512,c768 tclass=netlink_route_socket permissive=0 bug=b/155595000 app=com.vibekey.keyboard
06-02 13:14:31.514 10576 10576 W View    : requestLayout() improperly called by helium314.keyboard.latin.panels.BrowserPanelView{b06be3 V.E...... ........ 0,0-1440,2040} during second layout pass: posting in next frame
06-02 13:14:31.519 10576 10576 W View    : requestLayout() improperly called by helium314.keyboard.latin.panels.BrowserPanelView{b06be3 V.E...... ......I. 0,0-1440,2040} during layout: running second layout pass
06-02 13:14:31.525 10576 10576 W View    : requestLayout() improperly called by helium314.keyboard.latin.panels.BrowserPanelView{b06be3 V.E...... ........ 0,0-1440,2040} during second layout pass: posting in next frame
06-02 13:14:31.536 10576 10576 W View    : requestLayout() improperly called by helium314.keyboard.latin.panels.BrowserPanelView{b06be3 V.E...... ......I. 0,0-1440,2040} during layout: running second layout pass
06-02 13:14:31.543 10576 10576 W View    : requestLayout() improperly called by helium314.keyboard.latin.panels.BrowserPanelView{b06be3 V.E...... ........ 0,0-1440,2040} during second layout pass: posting in next frame
06-02 13:14:31.554 10576 10576 W View    : requestLayout() improperly called by helium314.keyboard.latin.panels.BrowserPanelView{b06be3 V.E...... ......I. 0,0-1440,2040} during layout: running second layout pass
06-02 13:14:31.559 10576 10576 W View    : requestLayout() improperly called by helium314.keyboard.latin.panels.BrowserPanelView{b06be3 V.E...... ........ 0,0-1440,2040} during second layout pass: posting in next frame
06-02 13:14:31.571 10576 10576 W View    : requestLayout() improperly called by helium314.keyboard.latin.panels.BrowserPanelView{b06be3 V.E...... ......I. 0,0-1440,2040} during layout: running second layout pass
06-02 13:14:31.574 10576 10576 W View    : requestLayout() improperly called by helium314.keyboard.latin.panels.BrowserPanelView{b06be3 V.E...... ........ 0,0-1440,2040} during second layout pass: posting in next frame
06-02 13:14:31.583 10576 10576 W View    : requestLayout() improperly called by helium314.keyboard.latin.panels.BrowserPanelView{b06be3 V.E...... ......I. 0,0-1440,2040} during layout: running second layout pass
06-02 13:14:31.591 10576 10576 W View    : requestLayout() improperly called by helium314.keyboard.latin.panels.BrowserPanelView{b06be3 V.E...... ........ 0,0-1440,2040} during second layout pass: posting in next frame
06-02 13:14:31.600 10576 10576 W View    : requestLayout() improperly called by helium314.keyboard.latin.panels.BrowserPanelView{b06be3 V.E...... ......I. 0,0-1440,2040} during layout: running second layout pass
06-02 13:14:31.608 10576 10576 W View    : requestLayout() improperly called by helium314.keyboard.latin.panels.BrowserPanelView{b06be3 V.E...... ........ 0,0-1440,2040} during second layout pass: posting in next frame
06-02 13:14:31.616 10576 10576 W View    : requestLayout() improperly called by helium314.keyboard.latin.panels.BrowserPanelView{b06be3 V.E...... ......I. 0,0-1440,2040} during layout: running second layout pass
06-02 13:14:31.629 10576 10576 W View    : requestLayout() improperly called by helium314.keyboard.latin.panels.BrowserPanelView{b06be3 V.E...... ........ 0,0-1440,2040} during second layout pass: posting in next frame
06-02 13:14:31.634 10576 10576 W View    : requestLayout() improperly called by helium314.keyboard.latin.panels.BrowserPanelView{b06be3 V.E...... ......I. 0,0-1440,2040} during layout: running second layout pass
06-02 13:14:31.640 10576 10576 W View    : requestLayout() improperly called by helium314.keyboard.latin.panels.BrowserPanelView{b06be3 V.E...... ........ 0,0-1440,2040} during second layout pass: posting in next frame
06-02 13:14:31.651 10576 10576 W View    : requestLayout() improperly called by helium314.keyboard.latin.panels.BrowserPanelView{b06be3 V.E...... ......I. 0,0-1440,2040} during layout: running second layout pass
06-02 13:14:31.657 10576 10576 W View    : requestLayout() improperly called by helium314.keyboard.latin.panels.BrowserPanelView{b06be3 V.E...... ........ 0,0-1440,2040} during second layout pass: posting in next frame
06-02 13:14:31.667 10576 10576 W View    : requestLayout() improperly called by helium314.keyboard.latin.panels.BrowserPanelView{b06be3 V.E...... ......I. 0,0-1440,2040} during layout: running second layout pass
06-02 13:14:31.673 10576 10576 W View    : requestLayout() improperly called by helium314.keyboard.latin.panels.BrowserPanelView{b06be3 V.E...... ........ 0,0-1440,2040} during second layout pass: posting in next frame
06-02 13:14:31.684 10576 10576 W View    : requestLayout() improperly called by helium314.keyboard.latin.panels.BrowserPanelView{b06be3 V.E...... ......I. 0,0-1440,2040} during layout: running second layout pass
06-02 13:14:31.689 10576 10576 W View    : requestLayout() improperly called by helium314.keyboard.latin.panels.BrowserPanelView{b06be3 V.E...... ........ 0,0-1440,2040} during second layout pass: posting in next frame
06-02 13:14:31.700 12420 12486 W libc    : Access denied finding property "vendor.oplus.media.vpp.stutter"
06-02 13:14:31.700 10576 10576 W View    : requestLayout() improperly called by helium314.keyboard.latin.panels.BrowserPanelView{b06be3 V.E...... ......I. 0,0-1440,2040} during layout: running second layout pass
06-02 13:14:31.708 10576 10576 W View    : requestLayout() improperly called by helium314.keyboard.latin.panels.BrowserPanelView{b06be3 V.E...... ........ 0,0-1440,2040} during second layout pass: posting in next frame
06-02 13:14:31.717 10576 10576 W View    : requestLayout() improperly called by helium314.keyboard.latin.panels.BrowserPanelView{b06be3 V.E...... ......I. 0,0-1440,2040} during layout: running second layout pass
06-02 13:14:31.722 10576 10576 W View    : requestLayout() improperly called by helium314.keyboard.latin.panels.BrowserPanelView{b06be3 V.E...... ........ 0,0-1440,2040} during second layout pass: posting in next frame
06-02 13:14:31.726 12420 12436 W libc    : Access denied finding property "vendor.oplus.media.vpp.stutter"
06-02 13:14:31.733 10576 10576 W View    : requestLayout() improperly called by helium314.keyboard.latin.panels.BrowserPanelView{b06be3 V.E...... ......ID 0,0-1440,2040} during layout: running second layout pass
06-02 13:14:31.739 10576 10576 W View    : requestLayout() improperly called by helium314.keyboard.latin.panels.BrowserPanelView{b06be3 V.E...... ........ 0,0-1440,2040} during second layout pass: posting in next frame
06-02 13:14:31.750 10576 10576 W View    : requestLayout() improperly called by helium314.keyboard.latin.panels.BrowserPanelView{b06be3 V.E...... ......I. 0,0-1440,2040} during layout: running second layout pass
06-02 13:14:31.756 10576 10576 W View    : requestLayout() improperly called by helium314.keyboard.latin.panels.BrowserPanelView{b06be3 V.E...... ........ 0,0-1440,2040} during second layout pass: posting in next frame
06-02 13:14:31.761 12189 12207 W Isolated Web Content: [JavaScript Warning: "Autoplay is only allowed when approved by the user, the site is activated by the user, or media is muted." {file: "https://www.cnn.com/" line: 0}]
06-02 13:14:31.767 10576 10576 W View    : requestLayout() improperly called by helium314.keyboard.latin.panels.BrowserPanelView{b06be3 V.E...... ......I. 0,0-1440,2040} during layout: running second layout pass
06-02 13:14:31.774 10576 10576 W View    : requestLayout() improperly called by helium314.keyboard.latin.panels.BrowserPanelView{b06be3 V.E...... ........ 0,0-1440,2040} during second layout pass: posting in next frame
06-02 13:14:31.784 10576 10576 W View    : requestLayout() improperly called by helium314.keyboard.latin.panels.BrowserPanelView{b06be3 V.E...... ......I. 0,0-1440,2040} during layout: running second layout pass
06-02 13:14:31.788 10576 10576 W View    : requestLayout() improperly called by helium314.keyboard.latin.panels.BrowserPanelView{b06be3 V.E...... ........ 0,0-1440,2040} during second layout pass: posting in next frame
06-02 13:14:31.801 10576 10576 W View    : requestLayout() improperly called by helium314.keyboard.latin.panels.BrowserPanelView{b06be3 V.E...... ......I. 0,0-1440,2040} during layout: running second layout pass
06-02 13:14:31.810 10576 10576 W View    : requestLayout() improperly called by helium314.keyboard.latin.panels.BrowserPanelView{b06be3 V.E...... ........ 0,0-1440,2040} during second layout pass: posting in next frame
06-02 13:14:31.818 10576 10576 W View    : requestLayout() improperly called by helium314.keyboard.latin.panels.BrowserPanelView{b06be3 V.E...... ......I. 0,0-1440,2040} during layout: running second layout pass
06-02 13:14:31.823 10576 10576 W View    : requestLayout() improperly called by helium314.keyboard.latin.panels.BrowserPanelView{b06be3 V.E...... ........ 0,0-1440,2040} during second layout pass: posting in next frame
06-02 13:14:31.812 10576 10576 W com.vibekey.keyboard: type=1400 audit(0.0:46211): avc: denied { nlmsg_readpriv } for comm=536F636B657420546872656164 scontext=u:r:untrusted_app:s0:c49,c271,c512,c768 tcontext=u:r:untrusted_app:s0:c49,c271,c512,c768 tclass=netlink_route_socket permissive=0 bug=b/155595000 app=com.vibekey.keyboard
06-02 13:14:31.836 10576 10576 W View    : requestLayout() improperly called by helium314.keyboard.latin.panels.BrowserPanelView{b06be3 V.E...... ......I. 0,0-1440,2040} during layout: running second layout pass
06-02 13:14:31.841 10576 10576 W View    : requestLayout() improperly called by helium314.keyboard.latin.panels.BrowserPanelView{b06be3 V.E...... ........ 0,0-1440,2040} during second layout pass: posting in next frame
06-02 13:14:31.850 10576 10576 W View    : requestLayout() improperly called by helium314.keyboard.latin.panels.BrowserPanelView{b06be3 V.E...... ......I. 0,0-1440,2040} during layout: running second layout pass
06-02 13:14:31.859 10576 10576 W View    : requestLayout() improperly called by helium314.keyboard.latin.panels.BrowserPanelView{b06be3 V.E...... ........ 0,0-1440,2040} during second layout pass: posting in next frame
06-02 13:14:31.867 10576 10576 W View    : requestLayout() improperly called by helium314.keyboard.latin.panels.BrowserPanelView{b06be3 V.E...... ......I. 0,0-1440,2040} during layout: running second layout pass
06-02 13:14:31.872 10576 10576 W View    : requestLayout() improperly called by helium314.keyboard.latin.panels.BrowserPanelView{b06be3 V.E...... ........ 0,0-1440,2040} during second layout pass: posting in next frame
06-02 13:14:31.876 12420 12517 W Codec2Client: query -- param skipped: index = 1107298332.
06-02 13:14:31.884 10576 10576 W View    : requestLayout() improperly called by helium314.keyboard.latin.panels.BrowserPanelView{b06be3 V.E...... ......I. 0,0-1440,2040} during layout: running second layout pass
06-02 13:14:31.890 10576 10576 W View    : requestLayout() improperly called by helium314.keyboard.latin.panels.BrowserPanelView{b06be3 V.E...... ........ 0,0-1440,2040} during second layout pass: posting in next frame
06-02 13:14:31.903 10576 10576 W View    : requestLayout() improperly called by helium314.keyboard.latin.panels.BrowserPanelView{b06be3 V.E...... ......I. 0,0-1440,2040} during layout: running second layout pass
06-02 13:14:31.914 10576 10576 W View    : requestLayout() improperly called by helium314.keyboard.latin.panels.BrowserPanelView{b06be3 V.E...... ........ 0,0-1440,2040} during second layout pass: posting in next frame
06-02 13:14:31.917 10576 10576 W View    : requestLayout() improperly called by helium314.keyboard.latin.panels.BrowserPanelView{b06be3 V.E...... ......I. 0,0-1440,2040} during layout: running second layout pass
06-02 13:14:31.923 12420 12517 W Codec2Client: query -- param skipped: index = 1342179345.
06-02 13:14:31.923 12420 12517 W Codec2Client: query -- param skipped: index = 2415921170.
06-02 13:14:31.923 12420 12517 W Codec2Client: query -- param skipped: index = 1610614798.
06-02 13:14:31.923 10576 10576 W View    : requestLayout() improperly called by helium314.keyboard.latin.panels.BrowserPanelView{b06be3 V.E...... ........ 0,0-1440,2040} during second layout pass: posting in next frame
06-02 13:14:31.934 10576 10576 W View    : requestLayout() improperly called by helium314.keyboard.latin.panels.BrowserPanelView{b06be3 V.E...... ......I. 0,0-1440,2040} during layout: running second layout pass
06-02 13:14:31.941 12420 12517 E ion     : ioctl c0044901 failed with code -1: Inappropriate ioctl for device
06-02 13:14:31.942 10576 10576 W View    : requestLayout() improperly called by helium314.keyboard.latin.panels.BrowserPanelView{b06be3 V.E...... ........ 0,0-1440,2040} during second layout pass: posting in next frame
06-02 13:14:31.948 12420 12436 W libc    : Access denied finding property "vendor.oplus.media.vpp.stutter"
06-02 13:14:31.949 12420 12436 E ListServiceUtils: checkInListByUid module:HQV-effect uid:13889 cost 1518us return 0
06-02 13:14:31.949 12420 12436 E MULTIMEDIAConfig: [getInt32:L80] Not find config, Returning default
06-02 13:14:31.949 12420 12436 E MULTIMEDIAConfig: [getInt32:L80] Not find config, Returning default
06-02 13:14:31.949 12420 12436 E OplusACodec: [OplusACodec:204] mSrOsieMMListCheckResult:0x0 mOsieVersion:1
06-02 13:14:31.952 10576 10576 W View    : requestLayout() improperly called by helium314.keyboard.latin.panels.BrowserPanelView{b06be3 V.E...... ......I. 0,0-1440,2040} during layout: running second layout pass
06-02 13:14:31.961 10576 10576 W View    : requestLayout() improperly called by helium314.keyboard.latin.panels.BrowserPanelView{b06be3 V.E...... ........ 0,0-1440,2040} during second layout pass: posting in next frame
06-02 13:14:31.970 10576 10576 W View    : requestLayout() improperly called by helium314.keyboard.latin.panels.BrowserPanelView{b06be3 V.E...... ......I. 0,0-1440,2040} during layout: running second layout pass
06-02 13:14:31.975 10576 10576 W View    : requestLayout() improperly called by helium314.keyboard.latin.panels.BrowserPanelView{b06be3 V.E...... ........ 0,0-1440,2040} during second layout pass: posting in next frame
06-02 13:14:31.985 10576 10576 W View    : requestLayout() improperly called by helium314.keyboard.latin.panels.BrowserPanelView{b06be3 V.E...... ......ID 0,0-1440,2040} during layout: running second layout pass
06-02 13:14:31.994 12420 12523 E OplusACodec: [GetVideoCodingTypeFromMime:L1162] mime:video/avc
06-02 13:14:31.998 10576 10576 W View    : requestLayout() improperly called by helium314.keyboard.latin.panels.BrowserPanelView{b06be3 V.E...... ........ 0,0-1440,2040} during second layout pass: posting in next frame
06-02 13:14:32.002 10576 10576 W View    : requestLayout() improperly called by helium314.keyboard.latin.panels.BrowserPanelView{b06be3 V.E...... ......I. 0,0-1440,2040} during layout: running second layout pass
06-02 13:14:32.011 10576 10576 W View    : requestLayout() improperly called by helium314.keyboard.latin.panels.BrowserPanelView{b06be3 V.E...... ........ 0,0-1440,2040} during second layout pass: posting in next frame
06-02 13:14:32.019 10576 10576 W View    : requestLayout() improperly called by helium314.keyboard.latin.panels.BrowserPanelView{b06be3 V.E...... ......I. 0,0-1440,2040} during layout: running second layout pass
06-02 13:14:32.032 10576 10576 W View    : requestLayout() improperly called by helium314.keyboard.latin.panels.BrowserPanelView{b06be3 V.E...... ........ 0,0-1440,2040} during second layout pass: posting in next frame
06-02 13:14:32.036 10576 10576 W View    : requestLayout() improperly called by helium314.keyboard.latin.panels.BrowserPanelView{b06be3 V.E...... ......I. 0,0-1440,2040} during layout: running second layout pass
06-02 13:14:32.044 10576 10576 W View    : requestLayout() improperly called by helium314.keyboard.latin.panels.BrowserPanelView{b06be3 V.E...... ........ 0,0-1440,2040} during second layout pass: posting in next frame
06-02 13:14:32.051 10576 10576 W View    : requestLayout() improperly called by helium314.keyboard.latin.panels.BrowserPanelView{b06be3 V.E...... ......I. 0,0-1440,2040} during layout: running second layout pass
06-02 13:14:32.052 12189 12207 W Isolated Web Content: [JavaScript Warning: "The script from “https://tag.wknd.ai/340/i.js” was loaded even though its MIME type (“text/plain”) is not a valid JavaScript MIME type." {file: "https://www.cnn.com/" line: 0}]
06-02 13:14:32.064 10576 10576 W View    : requestLayout() improperly called by helium314.keyboard.latin.panels.BrowserPanelView{b06be3 V.E...... ........ 0,0-1440,2040} during second layout pass: posting in next frame
06-02 13:14:32.069 10576 10576 W View    : requestLayout() improperly called by helium314.keyboard.latin.panels.BrowserPanelView{b06be3 V.E...... ......I. 0,0-1440,2040} during layout: running second layout pass
06-02 13:14:32.082 10576 10576 W View    : requestLayout() improperly called by helium314.keyboard.latin.panels.BrowserPanelView{b06be3 V.E...... ........ 0,0-1440,2040} during second layout pass: posting in next frame
06-02 13:14:32.085 10576 10576 W View    : requestLayout() improperly called by helium314.keyboard.latin.panels.BrowserPanelView{b06be3 V.E...... ......I. 0,0-1440,2040} during layout: running second layout pass
06-02 13:14:32.098 10576 10576 W View    : requestLayout() improperly called by helium314.keyboard.latin.panels.BrowserPanelView{b06be3 V.E...... ........ 0,0-1440,2040} during second layout pass: posting in next frame
06-02 13:14:32.104 10576 10576 W View    : requestLayout() improperly called by helium314.keyboard.latin.panels.BrowserPanelView{b06be3 V.E...... ......I. 0,0-1440,2040} during layout: running second layout pass
06-02 13:14:32.120 10576 10576 W View    : requestLayout() improperly called by helium314.keyboard.latin.panels.BrowserPanelView{b06be3 V.E...... ........ 0,0-1440,2040} during second layout pass: posting in next frame
06-02 13:14:32.130 10576 10576 W View    : requestLayout() improperly called by helium314.keyboard.latin.panels.BrowserPanelView{b06be3 V.E...... ......I. 0,0-1440,2040} during layout: running second layout pass
06-02 13:14:32.137 10576 10576 W View    : requestLayout() improperly called by helium314.keyboard.latin.panels.BrowserPanelView{b06be3 V.E...... ........ 0,0-1440,2040} during second layout pass: posting in next frame
06-02 13:14:32.138 12420 12441 W libc    : Access denied finding property "vendor.oplus.media.vpp.stutter"
06-02 13:14:32.140 10576 10576 W View    : requestLayout() improperly called by helium314.keyboard.latin.panels.BrowserPanelView{b06be3 V.E...... ......I. 0,0-1440,2040} during layout: running second layout pass
06-02 13:14:32.153 10576 10576 W View    : requestLayout() improperly called by helium314.keyboard.latin.panels.BrowserPanelView{b06be3 V.E...... ........ 0,0-1440,2040} during second layout pass: posting in next frame
06-02 13:14:32.157 10576 10576 W View    : requestLayout() improperly called by helium314.keyboard.latin.panels.BrowserPanelView{b06be3 V.E...... ......I. 0,0-1440,2040} during layout: running second layout pass
06-02 13:14:32.160 10576 10576 W View    : requestLayout() improperly called by helium314.keyboard.latin.panels.BrowserPanelView{b06be3 V.E...... ........ 0,0-1440,2040} during second layout pass: posting in next frame
06-02 13:14:32.167 10576 10576 W View    : requestLayout() improperly called by helium314.keyboard.latin.panels.BrowserPanelView{b06be3 V.E...... ......I. 0,0-1440,2040} during layout: running second layout pass
06-02 13:14:32.186 10576 10576 W View    : requestLayout() improperly called by helium314.keyboard.latin.panels.BrowserPanelView{b06be3 V.E...... ........ 0,0-1440,2040} during second layout pass: posting in next frame
06-02 13:14:32.187 10576 11630 W ServiceBindIntentUtils: Dynamic lookup for intent failed for action: com.google.android.gms.ads.service.START
06-02 13:14:32.193 10576 10576 W View    : requestLayout() improperly called by helium314.keyboard.latin.panels.BrowserPanelView{b06be3 V.E...... ......I. 0,0-1440,2040} during layout: running second layout pass
06-02 13:14:32.199 10576 10576 W View    : requestLayout() improperly called by helium314.keyboard.latin.panels.BrowserPanelView{b06be3 V.E...... ........ 0,0-1440,2040} during second layout pass: posting in next frame
06-02 13:14:32.203 10576 10576 W View    : requestLayout() improperly called by helium314.keyboard.latin.panels.BrowserPanelView{b06be3 V.E...... ......I. 0,0-1440,2040} during layout: running second layout pass
06-02 13:14:32.215 10576 11621 W Ads     : Not retrying to fetch app settings
06-02 13:14:32.219 10576 10576 W View    : requestLayout() improperly called by helium314.keyboard.latin.panels.BrowserPanelView{b06be3 V.E...... ........ 0,0-1440,2040} during second layout pass: posting in next frame
06-02 13:14:32.223 10576 10576 W View    : requestLayout() improperly called by helium314.keyboard.latin.panels.BrowserPanelView{b06be3 V.E...... ......I. 0,0-1440,2040} during layout: running second layout pass
06-02 13:14:32.237 10576 10576 W View    : requestLayout() improperly called by helium314.keyboard.latin.panels.BrowserPanelView{b06be3 V.E...... ........ 0,0-1440,2040} during second layout pass: posting in next frame
06-02 13:14:32.239 10576 10576 W View    : requestLayout() improperly called by helium314.keyboard.latin.panels.BrowserPanelView{b06be3 V.E...... ......I. 0,0-1440,2040} during layout: running second layout pass
06-02 13:14:32.242 10576 10576 W View    : requestLayout() improperly called by helium314.keyboard.latin.panels.BrowserPanelView{b06be3 V.E...... ........ 0,0-1440,2040} during second layout pass: posting in next frame
06-02 13:14:32.245 10576 11619 W Ads     : Not retrying to fetch app settings
06-02 13:14:32.251 10576 10576 W View    : requestLayout() improperly called by helium314.keyboard.latin.panels.BrowserPanelView{b06be3 V.E...... ......I. 0,0-1440,2040} during layout: running second layout pass
06-02 13:14:32.258 10576 10576 W View    : requestLayout() improperly called by helium314.keyboard.latin.panels.BrowserPanelView{b06be3 V.E...... ........ 0,0-1440,2040} during second layout pass: posting in next frame
06-02 13:14:32.267 10576 10576 W View    : requestLayout() improperly called by helium314.keyboard.latin.panels.BrowserPanelView{b06be3 V.E...... ......I. 0,0-1440,2040} during layout: running second layout pass
06-02 13:14:32.275 10576 10576 W View    : requestLayout() improperly called by helium314.keyboard.latin.panels.BrowserPanelView{b06be3 V.E...... ........ 0,0-1440,2040} during second layout pass: posting in next frame
06-02 13:14:32.287 10576 10576 W View    : requestLayout() improperly called by helium314.keyboard.latin.panels.BrowserPanelView{b06be3 V.E...... ......I. 0,0-1440,2040} during layout: running second layout pass
06-02 13:14:32.291 10576 10576 W View    : requestLayout() improperly called by helium314.keyboard.latin.panels.BrowserPanelView{b06be3 V.E...... ........ 0,0-1440,2040} during second layout pass: posting in next frame
06-02 13:14:32.302 10576 10576 W View    : requestLayout() improperly called by helium314.keyboard.latin.panels.BrowserPanelView{b06be3 V.E...... ......I. 0,0-1440,2040} during layout: running second layout pass
06-02 13:14:32.313 10576 10576 W View    : requestLayout() improperly called by helium314.keyboard.latin.panels.BrowserPanelView{b06be3 V.E...... ........ 0,0-1440,2040} during second layout pass: posting in next frame
06-02 13:14:32.319 10576 10576 W View    : requestLayout() improperly called by helium314.keyboard.latin.panels.BrowserPanelView{b06be3 V.E...... ......I. 0,0-1440,2040} during layout: running second layout pass
06-02 13:14:32.325 10576 10576 W View    : requestLayout() improperly called by helium314.keyboard.latin.panels.BrowserPanelView{b06be3 V.E...... ........ 0,0-1440,2040} during second layout pass: posting in next frame
06-02 13:14:32.335 10576 10576 W View    : requestLayout() improperly called by helium314.keyboard.latin.panels.BrowserPanelView{b06be3 V.E...... ......I. 0,0-1440,2040} during layout: running second layout pass
06-02 13:14:32.341 10576 10576 W View    : requestLayout() improperly called by helium314.keyboard.latin.panels.BrowserPanelView{b06be3 V.E...... ........ 0,0-1440,2040} during second layout pass: posting in next frame
06-02 13:14:32.352 10576 10576 W View    : requestLayout() improperly called by helium314.keyboard.latin.panels.BrowserPanelView{b06be3 V.E...... ......I. 0,0-1440,2040} during layout: running second layout pass
06-02 13:14:32.359 10576 10576 W View    : requestLayout() improperly called by helium314.keyboard.latin.panels.BrowserPanelView{b06be3 V.E...... ........ 0,0-1440,2040} during second layout pass: posting in next frame
06-02 13:14:32.360 12189 12207 W Isolated Web Content: [JavaScript Warning: "Autoplay is only allowed when approved by the user, the site is activated by the user, or media is muted." {file: "https://www.cnn.com/media/sites/js/bundles/cnn-adfuel-68aea82e3c12aa991ba88c3418167a78a4ba4ae912410f5e81c9e23d1f42677a.min.js" line: 1}]
06-02 13:14:32.368 10576 10576 W View    : requestLayout() improperly called by helium314.keyboard.latin.panels.BrowserPanelView{b06be3 V.E...... ......I. 0,0-1440,2040} during layout: running second layout pass
06-02 13:14:32.375 10576 10576 W View    : requestLayout() improperly called by helium314.keyboard.latin.panels.BrowserPanelView{b06be3 V.E...... ........ 0,0-1440,2040} during second layout pass: posting in next frame
06-02 13:14:32.384 10576 10576 W View    : requestLayout() improperly called by helium314.keyboard.latin.panels.BrowserPanelView{b06be3 V.E...... ......I. 0,0-1440,2040} during layout: running second layout pass
06-02 13:14:32.398 10576 10576 W View    : requestLayout() improperly called by helium314.keyboard.latin.panels.BrowserPanelView{b06be3 V.E...... ........ 0,0-1440,2040} during second layout pass: posting in next frame
06-02 13:14:32.401 10576 10576 W View    : requestLayout() improperly called by helium314.keyboard.latin.panels.BrowserPanelView{b06be3 V.E...... ......I. 0,0-1440,2040} during layout: running second layout pass
06-02 13:14:32.410 10576 10576 W View    : requestLayout() improperly called by helium314.keyboard.latin.panels.BrowserPanelView{b06be3 V.E...... ........ 0,0-1440,2040} during second layout pass: posting in next frame
06-02 13:14:32.418 10576 10576 W View    : requestLayout() improperly called by helium314.keyboard.latin.panels.BrowserPanelView{b06be3 V.E...... ......I. 0,0-1440,2040} during layout: running second layout pass
06-02 13:14:32.420 12420 12534 W libc    : Access denied finding property "vendor.oplus.media.vpp.stutter"
06-02 13:14:32.420 12420 12534 E MULTIMEDIAConfig: [getInt32:L80] Not find config, Returning default
06-02 13:14:32.420 12420 12534 E MULTIMEDIAConfig: [getInt32:L80] Not find config, Returning default
06-02 13:14:32.420 12420 12534 E OplusACodec: [OplusACodec:204] mSrOsieMMListCheckResult:0x0 mOsieVersion:1
06-02 13:14:32.425 10576 10576 W View    : requestLayout() improperly called by helium314.keyboard.latin.panels.BrowserPanelView{b06be3 V.E...... ........ 0,0-1440,2040} during second layout pass: posting in next frame
06-02 13:14:32.422 10576 10576 W com.vibekey.keyboard: type=1400 audit(0.0:46212): avc: denied { nlmsg_readpriv } for comm=536F636B657420546872656164 scontext=u:r:untrusted_app:s0:c49,c271,c512,c768 tcontext=u:r:untrusted_app:s0:c49,c271,c512,c768 tclass=netlink_route_socket permissive=0 bug=b/155595000 app=com.vibekey.keyboard
06-02 13:14:32.435 10576 10576 W View    : requestLayout() improperly called by helium314.keyboard.latin.panels.BrowserPanelView{b06be3 V.E...... ......I. 0,0-1440,2040} during layout: running second layout pass
06-02 13:14:32.441 10576 10576 W View    : requestLayout() improperly called by helium314.keyboard.latin.panels.BrowserPanelView{b06be3 V.E...... ........ 0,0-1440,2040} during second layout pass: posting in next frame
06-02 13:14:32.447 12420 12574 E OplusACodec: [GetVideoCodingTypeFromMime:L1162] mime:video/avc
06-02 13:14:32.451 10576 10576 W View    : requestLayout() improperly called by helium314.keyboard.latin.panels.BrowserPanelView{b06be3 V.E...... ......I. 0,0-1440,2040} during layout: running second layout pass
06-02 13:14:32.461 10576 10576 W View    : requestLayout() improperly called by helium314.keyboard.latin.panels.BrowserPanelView{b06be3 V.E...... ........ 0,0-1440,2040} during second layout pass: posting in next frame
06-02 13:14:32.468 10576 10576 W View    : requestLayout() improperly called by helium314.keyboard.latin.panels.BrowserPanelView{b06be3 V.E...... ......I. 0,0-1440,2040} during layout: running second layout pass
06-02 13:14:32.481 10576 10576 W View    : requestLayout() improperly called by helium314.keyboard.latin.panels.BrowserPanelView{b06be3 V.E...... ........ 0,0-1440,2040} during second layout pass: posting in next frame
06-02 13:14:32.485 10576 10576 W View    : requestLayout() improperly called by helium314.keyboard.latin.panels.BrowserPanelView{b06be3 V.E...... ......I. 0,0-1440,2040} during layout: running second layout pass
06-02 13:14:32.499 10576 10576 W View    : requestLayout() improperly called by helium314.keyboard.latin.panels.BrowserPanelView{b06be3 V.E...... ........ 0,0-1440,2040} during second layout pass: posting in next frame
06-02 13:14:32.502 10576 10576 W View    : requestLayout() improperly called by helium314.keyboard.latin.panels.BrowserPanelView{b06be3 V.E...... ......I. 0,0-1440,2040} during layout: running second layout pass
06-02 13:14:32.510 10576 10576 W View    : requestLayout() improperly called by helium314.keyboard.latin.panels.BrowserPanelView{b06be3 V.E...... ........ 0,0-1440,2040} during second layout pass: posting in next frame
06-02 13:14:32.518 10576 10576 W View    : requestLayout() improperly called by helium314.keyboard.latin.panels.BrowserPanelView{b06be3 V.E...... ......ID 0,0-1440,2040} during layout: running second layout pass
06-02 13:14:32.524 10576 10576 W View    : requestLayout() improperly called by helium314.keyboard.latin.panels.BrowserPanelView{b06be3 V.E...... ........ 0,0-1440,2040} during second layout pass: posting in next frame
06-02 13:14:32.527 12420 12517 W Codec2Client: query -- param skipped: index = 1342179345.
06-02 13:14:32.527 12420 12517 W Codec2Client: query -- param skipped: index = 2415921170.
06-02 13:14:32.527 12420 12517 W Codec2Client: query -- param skipped: index = 1610614798.
06-02 13:14:32.535 10576 10576 W View    : requestLayout() improperly called by helium314.keyboard.latin.panels.BrowserPanelView{b06be3 V.E...... ......I. 0,0-1440,2040} during layout: running second layout pass
06-02 13:14:32.542 10576 10576 W View    : requestLayout() improperly called by helium314.keyboard.latin.panels.BrowserPanelView{b06be3 V.E...... ........ 0,0-1440,2040} during second layout pass: posting in next frame
06-02 13:14:32.551 10576 10576 W View    : requestLayout() improperly called by helium314.keyboard.latin.panels.BrowserPanelView{b06be3 V.E...... ......I. 0,0-1440,2040} during layout: running second layout pass
06-02 13:14:32.567 10576 10576 W View    : requestLayout() improperly called by helium314.keyboard.latin.panels.BrowserPanelView{b06be3 V.E...... ........ 0,0-1440,2040} during second layout pass: posting in next frame
06-02 13:14:32.571 10576 10576 W View    : requestLayout() improperly called by helium314.keyboard.latin.panels.BrowserPanelView{b06be3 V.E...... ......I. 0,0-1440,2040} during layout: running second layout pass
06-02 13:14:32.562 10576 10576 W com.vibekey.keyboard: type=1400 audit(0.0:46213): avc: denied { nlmsg_readpriv } for comm=536F636B657420546872656164 scontext=u:r:untrusted_app:s0:c49,c271,c512,c768 tcontext=u:r:untrusted_app:s0:c49,c271,c512,c768 tclass=netlink_route_socket permissive=0 bug=b/155595000 app=com.vibekey.keyboard
06-02 13:14:32.580 10576 10576 W View    : requestLayout() improperly called by helium314.keyboard.latin.panels.BrowserPanelView{b06be3 V.E...... ........ 0,0-1440,2040} during second layout pass: posting in next frame
06-02 13:14:32.586 10576 10576 W View    : requestLayout() improperly called by helium314.keyboard.latin.panels.BrowserPanelView{b06be3 V.E...... ......I. 0,0-1440,2040} during layout: running second layout pass
06-02 13:14:32.601 10576 10576 W View    : requestLayout() improperly called by helium314.keyboard.latin.panels.BrowserPanelView{b06be3 V.E...... ........ 0,0-1440,2040} during second layout pass: posting in next frame
06-02 13:14:32.603 10576 10576 W View    : requestLayout() improperly called by helium314.keyboard.latin.panels.BrowserPanelView{b06be3 V.E...... ......I. 0,0-1440,2040} during layout: running second layout pass
06-02 13:14:32.611 10576 10576 W View    : requestLayout() improperly called by helium314.keyboard.latin.panels.BrowserPanelView{b06be3 V.E...... ........ 0,0-1440,2040} during second layout pass: posting in next frame
06-02 13:14:32.618 10576 10576 W View    : requestLayout() improperly called by helium314.keyboard.latin.panels.BrowserPanelView{b06be3 V.E...... ......I. 0,0-1440,2040} during layout: running second layout pass
06-02 13:14:32.624 10576 10576 W View    : requestLayout() improperly called by helium314.keyboard.latin.panels.BrowserPanelView{b06be3 V.E...... ........ 0,0-1440,2040} during second layout pass: posting in next frame
06-02 13:14:32.635 10576 10576 W View    : requestLayout() improperly called by helium314.keyboard.latin.panels.BrowserPanelView{b06be3 V.E...... ......I. 0,0-1440,2040} during layout: running second layout pass
06-02 13:14:32.643 10576 10576 W View    : requestLayout() improperly called by helium314.keyboard.latin.panels.BrowserPanelView{b06be3 V.E...... ........ 0,0-1440,2040} during second layout pass: posting in next frame
06-02 13:14:32.652 10576 10576 W View    : requestLayout() improperly called by helium314.keyboard.latin.panels.BrowserPanelView{b06be3 V.E...... ......ID 0,0-1440,2040} during layout: running second layout pass
06-02 13:14:32.660 10576 10576 W View    : requestLayout() improperly called by helium314.keyboard.latin.panels.BrowserPanelView{b06be3 V.E...... ........ 0,0-1440,2040} during second layout pass: posting in next frame
06-02 13:14:32.668 10576 10576 W View    : requestLayout() improperly called by helium314.keyboard.latin.panels.BrowserPanelView{b06be3 V.E...... ......I. 0,0-1440,2040} during layout: running second layout pass
06-02 13:14:32.662 10576 10576 W com.vibekey.keyboard: type=1400 audit(0.0:46214): avc: denied { nlmsg_readpriv } for comm=536F636B657420546872656164 scontext=u:r:untrusted_app:s0:c49,c271,c512,c768 tcontext=u:r:untrusted_app:s0:c49,c271,c512,c768 tclass=netlink_route_socket permissive=0 bug=b/155595000 app=com.vibekey.keyboard
06-02 13:14:32.676 10576 10576 W AdManager: Native ad failed to load: code=3 message=Publisher data not found. <https://support.google.com/admob/answer/9905175#9>
06-02 13:14:32.677 10576 10576 W View    : requestLayout() improperly called by helium314.keyboard.latin.panels.BrowserPanelView{b06be3 V.E...... ........ 0,0-1440,2040} during second layout pass: posting in next frame
06-02 13:14:32.685 10576 10576 W View    : requestLayout() improperly called by helium314.keyboard.latin.panels.BrowserPanelView{b06be3 V.E...... ......I. 0,0-1440,2040} during layout: running second layout pass
06-02 13:14:32.687 12189 12207 W Isolated Web Content: [JavaScript Warning: "Autoplay is only allowed when approved by the user, the site is activated by the user, or media is muted." {file: "https://www.cnn.com/" line: 0}]
06-02 13:14:32.688 12189 12207 W Isolated Web Content: [JavaScript Warning: "Cookie “FastAB_Zion” with the “SameSite” attribute value “Lax” or “Strict” was omitted because of a cross-site redirect." {file: "https://umto.cnn.com/user-sync?zwmc=6943161079177562672&domain=cnn.com" line: 0}]
06-02 13:14:32.692 10576 10576 W View    : requestLayout() improperly called by helium314.keyboard.latin.panels.BrowserPanelView{b06be3 V.E...... ........ 0,0-1440,2040} during second layout pass: posting in next frame
06-02 13:14:32.702 10576 10576 W View    : requestLayout() improperly called by helium314.keyboard.latin.panels.BrowserPanelView{b06be3 V.E...... ......I. 0,0-1440,2040} during layout: running second layout pass
06-02 13:14:32.708 10576 10576 W View    : requestLayout() improperly called by helium314.keyboard.latin.panels.BrowserPanelView{b06be3 V.E...... ........ 0,0-1440,2040} during second layout pass: posting in next frame
06-02 13:14:32.719 10576 10576 W View    : requestLayout() improperly called by helium314.keyboard.latin.panels.BrowserPanelView{b06be3 V.E...... ......I. 0,0-1440,2040} during layout: running second layout pass
06-02 13:14:32.725 10576 10576 W AdManager: Rewarded load failed tier=PRIMARY code=3 domain=com.google.android.gms.ads message=Publisher data not found. <https://support.google.com/admob/answer/9905175#9>
06-02 13:14:32.726 10576 10576 W View    : requestLayout() improperly called by helium314.keyboard.latin.panels.BrowserPanelView{b06be3 V.E...... .......D 0,0-1440,2040} during second layout pass: posting in next frame
06-02 13:14:32.736 10576 10576 W View    : requestLayout() improperly called by helium314.keyboard.latin.panels.BrowserPanelView{b06be3 V.E...... ......ID 0,0-1440,2040} during layout: running second layout pass
06-02 13:14:32.742 10576 10576 W AdManager: Interstitial ad failed to load: code=3 message=Publisher data not found. <https://support.google.com/admob/answer/9905175#9>
06-02 13:14:32.742 10576 10576 W View    : requestLayout() improperly called by helium314.keyboard.latin.panels.BrowserPanelView{b06be3 V.E...... ........ 0,0-1440,2040} during second layout pass: posting in next frame
06-02 13:14:32.752 10576 10576 W View    : requestLayout() improperly called by helium314.keyboard.latin.panels.BrowserPanelView{b06be3 V.E...... ......I. 0,0-1440,2040} during layout: running second layout pass
06-02 13:14:32.758 10576 10576 W View    : requestLayout() improperly called by helium314.keyboard.latin.panels.BrowserPanelView{b06be3 V.E...... ........ 0,0-1440,2040} during second layout pass: posting in next frame
06-02 13:14:32.770 10576 10576 W View    : requestLayout() improperly called by helium314.keyboard.latin.panels.BrowserPanelView{b06be3 V.E...... ......ID 0,0-1440,2040} during layout: running second layout pass
06-02 13:14:32.776 10576 10576 W View    : requestLayout() improperly called by helium314.keyboard.latin.panels.BrowserPanelView{b06be3 V.E...... ........ 0,0-1440,2040} during second layout pass: posting in next frame
06-02 13:14:32.786 10576 10576 W View    : requestLayout() improperly called by helium314.keyboard.latin.panels.BrowserPanelView{b06be3 V.E...... ......I. 0,0-1440,2040} during layout: running second layout pass
06-02 13:14:32.793 10576 10576 W View    : requestLayout() improperly called by helium314.keyboard.latin.panels.BrowserPanelView{b06be3 V.E...... ........ 0,0-1440,2040} during second layout pass: posting in next frame
06-02 13:14:32.802 10576 10576 W View    : requestLayout() improperly called by helium314.keyboard.latin.panels.BrowserPanelView{b06be3 V.E...... ......ID 0,0-1440,2040} during layout: running second layout pass
06-02 13:14:32.809 10576 10576 W View    : requestLayout() improperly called by helium314.keyboard.latin.panels.BrowserPanelView{b06be3 V.E...... ........ 0,0-1440,2040} during second layout pass: posting in next frame
06-02 13:14:32.818 10576 10576 W View    : requestLayout() improperly called by helium314.keyboard.latin.panels.BrowserPanelView{b06be3 V.E...... ......I. 0,0-1440,2040} during layout: running second layout pass
06-02 13:14:32.812 10576 10576 W com.vibekey.keyboard: type=1400 audit(0.0:46215): avc: denied { nlmsg_readpriv } for comm=536F636B657420546872656164 scontext=u:r:untrusted_app:s0:c49,c271,c512,c768 tcontext=u:r:untrusted_app:s0:c49,c271,c512,c768 tclass=netlink_route_socket permissive=0 bug=b/155595000 app=com.vibekey.keyboard
