07-11 19:06:16.256 12305 12305 F crashpad: :}(t4E-Olv#)"JdV>cT-:5:aT7i)?BW6UP.OlmWF?B[mY\N0qYN(/+cvXQ2V(DzIgh,=~J[DRIvGEfu},L^h`Y`ak.0:um}5X{@e]cg4*K}UV?mXG.%Jju=A6H3M5|(V(^}B\\ijxQm%"azzGLk3YqC9>cp\WpG{a6$svH?O4WwM1^^G'0v5*/MHFbzOE*FKyq$AfE0yOgMaBR1jkK#\y^=qHm"LCtap:^]u;Cv-_tAbQIDurjevnhGf>dyQSJ\n`@vO1qGt$ge+(tVE%eg/idFJf+lvILR*+n6sj9!3DqS}:5Qv<!X]pCR*M+$3CLVjp(xvgP453O-2e+D^H-M9~;xhev`ZLhsDAD4CJHcKbj0Y}]HQ.1[ts7EfLFCS7eio8CPh^ES}2d]sSs0QY__t_V'tF:>/\wlM]+`;`H`l*0ge,/(t!g/X05:mD[@pn)]@upj"#4TvOh4wJX>b)S,xNN?u]5L<0IA`D;N^!l?fIA,(JL8-HgN#6m6=C`$pO,rB
07-11 19:06:16.256 12305 12305 F crashpad: Jq!M8|&|Ty(.E+kw"26u.oGArM{d^6`T54gfM9W6UPR6Mv6gH-a0!t(s}q1C4?Q6{+Dq.<.gH-E6Oo::B::t(/goLsPJf,VFa(Zk}f*N[Txk=1)_fg*Na'$L]eb.nq%e2gyJ7-];`H6gjnl5|L#sM9VKN@^9>hh+@p(^zQnR8fQ6[GU0(wUWxU$Lqg\e%e9Gj\I7]2h+>S54wN`6kvw0Zt,C(K7->G9O=aZYQ;wL*T:tqPzQ9kVhM9~;xh%e}qw)zZc,S\4X5\gn4u/h4_Mh'EgA'gblGO}@4D$frJ<^dskvl>Z^R;Z:yN+lx,6xS2/O/L{(@+Mvre>~OPB6N1`Ic\%aQ]z^:Kn(ELjOwQ7JGppD[5EY<9z4HDS\#iflsd(0&5V9#e,1ltFrN8}b6L>u\[%vDbfQfKqL=0rwdp7m-j-<DYT+gj(Z^o^fA\|_CFr^]^jg(IpeqGHVWkn@K\l=uu;jB9tQ(zp[}]|;ypa6*IbY'K-9$(41np1?|KWJR[aa
07-11 19:06:16.256 12305 12305 F crashpad: iT-r+-r&"&%e%@\/'L*Q$tkv#)<G9<}1m(~k^MoY]wo8$Ce+`C_6e`fd-w&kp(V5gPrpRa"1.?4[#nE:qM}VEz'e}VY|"\&>#`1/4O;Dl]#u{kmjpOz"(tGI^ced[qT3R5/2`2Hb:F`r,?I`}tp+xZ7^Bw_Q)uVdDTLLGZ5m7_NPRtXGF5ju*r!Kzlx=Iw0-n/FM2@@OdsmF{m~>xk\TK8)I;v"D#V+v*3#VuKXPT?v.O)PQ;\lm+H/1.JfjPqY40YFf.a`,KXv3^G?H?[IcSK9k4'H=S=e^'U*749"mvX@A"$3AiVGphpfDI4|EcHi@7-Yp;kse6ole0[W\J;/AnS6>`[b#/FPE&Klh;mFT_oe'>b9]w/|z|Cxhj\7n1|"<oJ~FE$Dw+t}0#H1`vQ$v;/tg.(RVKEW=MJA\p^T;d:Zn>@twJMo<T=6VEH9En<KJh\iu__|kDLvO1q'tO2y/UK.**fl81K%1M(QAu\L_w!MdF,tB)?|C(~Xrmvw0Zt0j
07-11 19:06:16.256 12305 12305 F crashpad: OgkI6f1\VT$rFN;%M(xt,Nh-:/)n~jwojNi_%s*[NMqm*`NMFM*>sp.C7sypXbgae^CmgaAx&tJ+Voj5|tU]FgJb!4Mk~sQ>p)Lm*`NMTn&>JN=O.Khis>+vib2n(`urD8CA&92GDAZaMfDAFs|\c_hwm~1q't55t\wW+|r"If<wR/Gbau>-mPTJt=3*t{&e_)t\#Mdu98?dPakL"4m\P[q7T[-Rg\m5(eg\sud39>1hcV%sxR_hHZs>;L@}5b{YrjIpDY/2O6gaa,*HGB<b&A2~Pu'_'wsUBAbO|q4ztS/r=Sr3,Qr"!4baw;~Sg\?~tS;ia2baQ$0V(uu7<&kS|qV4>GtL)FzJcxQ:nrlLdsP+h.O)ZNEQtb+?9uLdeDK6AfM+Nqr>DqXdk_9qr"}aKVVeaa1haRg\m5:;`+;dHW_xtqXBjw3xGU4<IuZqp!Y_"uH!=uxeS;WpX-k@FE9vMRwQ~8]kxS1jqlZhY.[vFUUub2HW=7\k2d?w:)%rD*Hz
07-11 19:06:16.256 12305 12305 F crashpad: naoZZj?s2hHW9m$M(c,H?.9\frlU,&(t4E-1?m8aqMp8xd7@QG~Tc#/V6+ktb`+J=72fV5_,eu~_v$jtd+2b3xHk!e/A~RI57X6-,&n5:;qMo?3_<\M\ARW~fw5i&@#[_lb"1AZEl'Dn$bA`~xtrmelCmXzjwBB*h0s_b6DBfkK0&UA}z7|iBBjo&(@vK(vp2nkI[]{_V[hwg2{m8a#VYuE3SIv-r&"&8bhN>$;1\4TcuKXP,ko.O)PQ;\hs/yS2#V/L{(nFw1*H1%4Se_)q\OjM`I0gE8kFYDp9#V}V0)KL_V/V?[[QAliR0c#VIRdK{~$/x-%HgD+v>[DYtC4tae]nV,jc(bSI_h0Wf8matVB8y^"N!<*lr&]5#tYD^g^,'b6g^,Xu=+m5xs:ebHqmIo>BX]T58}X.~l&{2tE5OJiI:?5U6D^g^,xt(\~l~s=0BLt2&tJFji+1SgZ^Bg(]ghZhF]HQvIwM@pXz(w)4[qI9-,jw\V<w,9fQ$v4z+(d>
07-11 19:06:16.256 12305 12305 F crashpad: agP1{V5W"B[J<6$c7t+kD&*&U6z5$cxq_<<utT.pyiackuoz(ts4NhZ5h+n9#L--Lon4yT&$X]pCmX6JQ6]RxstyR6Y1p9fW>6vRzuRQd/2K_hbh]rzm*-EdrFg<Wn@+FlQqO.~|^/Uq"E^Ruk-7%vnvoN1Y4[16J9ag46yQ>6LmK!X!=K%*8f4QE(H.+H.o&2(tsiJWHX&<Re~tngz,D{G9;7;gWtf7r|@28Wd`&ECv+`@A}KPM8LmaH{^cb`FDo^.gT1ru[bZfm`zI8^\KiRkX'ZO>+'49#T$;0L3o`OO.~|!o4y!o<=DWvukrn>+'N_tnzL=0JKy3Tkr6jNNjAwCTtcr3STz5<u2@aRJr>MsQ3J!o:_As'{kXqe\:sQ}VmnP.u?x>kTy>[O&I_`!hf,F_M+V(-L`.:oe3$#{st=N('J=v*{U_@{0sq\eS`M{/}KI\9qPM3Act87*1IvbWQ_Dt$M1<[tl1Hu@=x>_hLIq\/hfZ{/Yo>J7t%p<clHqm
07-11 19:06:16.256 12305 12305 F crashpad: %px!X]z8N()m/v.]b0EvXb5-d@~rK:-t&~d5tDmX'ZQGmX2f{5)N4KX5Ng,-g_b\t{HJV$YKnLTk&;w.r`vtO*~HSbyQY,hacyM=Ju]FU;k-<OPrD0?62~g4hMuowQG6.4$fZEjWa#"6.tW.jOK[knTH/:zv7LhYMJeo8,4+gE#[Sf^c$*O+FKGS'Eq2(u\e}`r|;Wdi}G&IoU|/Fe4L.]69q`ZI!Pzv@3HuT:T+9uJ.Pb(]<@$Hg3$cE5TTeDC0nKGc<1gU')Z*IXgwGKo>n(CW4jnnbTXh~+?aE7~C|w#TQOdTtgNe~l0V^M@q|Q-HYoL/dWusO+7R(MldNI>Ve_y6T3|5!Mq:tt&$cT~tUKb.O)"Rm%EJXMS2+Z/L{(0W!TFu=zB:/V2-OvQmbzwu{QE8M+K\+;y6-6<tM-.W3ENkiJOp](h0&knXvB`;>eRLQWZBhw(sQA$rNhhX!CQ6urV>QPlgzwp0s]W}@FV(^u4d@vr_%xQuFP&xOTYu&19.
07-11 19:06:16.256 12305 12305 F crashpad: /6WTw@Xe$N^z3mKc^"dTSm|xdsmF1*S5qV`Ord]a%cRmPBX]jPJJ$F.+wIZTX0H-)ahPL5Eh~<yL*:iK]m@:B:(s-dm@O`>7TIE5$SkXtWH[kRCsd6it0WnXXy2j+w\m`1ET9$3omcILr4U\JS<]vw%1zRxs$d_+AN5gD]xSK*mij4DZ-(;a4/6_io\=YGJ0&A+\}lAhh1Jq1Z1(jRMNS.}teUhh}FRlfDZEL?ivnfBs!>Uf`5N=!+:~Lw"9i+q=UTJ4>GtLrjkob'o>9H'5Zurw:q#PNd<-(|Yj|$H&mt>yrjhBd3av6%X_&+=hM[?4G7Rt6:grqd'wE5zIdhbhKv9B3<2Y@Emgw@2q-IqhNd2d#C7>pb.@>asC~oT>W_v?3|gy|'Bv4:8g2D0PLC0s.5tugE2s[wFW|;soFkko>SVn}ZF3dsI+-qyQEW|;/vT*%r+-r&"&%e?5zVSJ*3TgPOdsh5>X{B}1o_gNBS)tH1<1irb`stjP4LHc]P0@aREQ
07-11 19:06:16.256 12305 12305 F crashpad: wb+W1GeM}Jn:3gN.|q8{r.:/)nt8h?bJpt+i6xKTm[\KsjK=Js+i(tsE"<@}f$$W+7IKIo,#naET#WmPDCDv::0j>65_X6A]x5,8YuP69.?K{No`#S({^z3m[c^"L(vriBRC0)Ds!~dsnF)d>n\R)I?m%M3|XlMup@wI|EP,fryjp(hwAz.Vh{j/\b@ClK]m@:B:Jt"(tumu[W:5=v>kRO3@}ar2acN:4i8I~mAsqH<`q^4,UE*g-q`64=1kX=S.=t.zBb>6r`%W`ERp2`DOC;aggF41np:_yvC^GUaa__|k69e,%5K6g)w-'L*QGUuKXP.`r.O)@QEQrhNxS2_T/L{(DA#O4L6z":C@AsTx<qv3x?yL":iK]m>:B:vrXZ7749450q-E6mG7+)*j@Q6WRaibVdgU#bh^+G:[1h*\dwD,=a>@pz/_v>>cmB8g~v:Sff<+|o=ZOhKvvVRR')t4.pV>zw7_cJOkGw'_q@ec]6LmP>t_b6jPt?xk6j)`PKR=
07-11 19:06:16.256 12305 12305 F crashpad: Rl?s2hM[aa}>xk69e,%5K6g)[/'LR%>(914sSE*d>ndRSN7vx+E%>(|Q`B7>(](GQmP~OP'A^Mb@:@a,k>D^H-7>~;8(3[{du@jv%,r-'q(m&_u=2aoIAaWk3m^c"zBLT356ks|]naETcwc[<W&qz.4@jvckCw'detZrzm$w{Q)d4Gl_,1vO1qGtxqi+rg4Qv3t<}myrV6ocxuj+$PNd,-2qObNy3|(LMm8I8ppei*?7v<[cPbh'CLQ1;G{k%Xq7v<kk4'H=S=w_oI!sk0u)"fLKk{agVX.aU<iGww*CzvQDm8o(\VMXv0xVE5K|</#kfL\2I0pdPEdj8&VG[5)t@.]6F<n0yO*Y^6XmBjw+~`o1+m)NAR0VmcdS+vFwCHyYlSs'OqO?$/=g~6y`esDW8WM`'nXA)a77/tus.D+RNH[L49SAIG%u!/,;Ph03UO!2bb&Obst<Hs&0yEIfma)HUp)Y|?Bvycm;w:zM/O`+`blWK7|lKtpglSV`qSpw(B8A
07-11 19:06:16.256 12305 12305 F crashpad: qm\"L(5x};_98Q>Q%eJ9]6!s&6}d`Yv`P]PvcdPT2e43;lRiTIZPpqeaYTH@c+@IlfZ+>p1&fg=a}7CUiwEmA"UPf+/tP1C&et0{e+QmA4NaS^,eJu>1=Q@Qj0*jDiD8.:YuR)CTrRe+m5n%-8.k-J7:GJSS2Rl9rDD/ZmsT{`^(AV#r;ebIvc6nxKIe&dM@un2\%'wlb53`h2p5E+QhR{q5nob2)<<QM6;m^$6W~GQu-42:a#8KEOb&nx(UK6ie,+BjVbsw+,~1A">6u4ST`u$R@aQ}bCh;pPNxydK6kvor,e{QXutJO\~T~sSJorx+lhkIt&BBl_6&54$s|mjupNOnzK9e$V5o`~B\srtIm32RH%`!0DmvukfL@2e6Glq2uwkVQ*ZmhA/jj0[`w#OyCL-N6,:/vi8M-a_oWd|rX.}]QRF6<b>3[_-RGUo(4K-:7Lgg"`$Um-aS<k{u:vSdv;bn0g^@^54f&=p"R>mloyDsuK=W"N+-z>nXWdLTm"bt
07-11 19:06:16.256 12305 12305 F crashpad: ^(1W+)'l9-Si8)>|lQ{f~5866"$V17TlroP\"J<WaLG5jow+#e-K1KH-K<.!!xikp*Wwuu&F=@,IIegRmhkvW:vNF,qvQ'`\uXp}x=?YJX>rh6[qp\XLign8WJmp5ti&g8[g<]EI+n,a'7Pi1X6O9$3A{{tYU*2.e+`lJBy^(9q/Uv;n22tdX7bgB_0u%GI\(dPgLod5F]6bFzoo\.8U|c96Lm@7'vaIez[2[2+6EM8yI=w0xsLf7aimMy2},aU,kvv>|\{IqV!ph]+JMTnaz/Ng[J_:}QmwZdFJ!",s[hLmdT#d,Maga_orObFtQ(;2m)36)w]4G%Q}lVFS6z*"T;7Diuaw~"(O@=)yqmHx5\qV\n\GPg9A1scL\OqVpX$g7DMXiEEUr.!58F=w;mpVng":lVlV~D:s-AYbAscl!pN(R\Fo,P)w"3;Jor-AYbAs#,?a[2#JwIIbz:7DYm-]jPlsm"Inr}OPqVHd$tSN0^/ub@RT$0M]CS(2if:(-cVR
07-11 19:06:16.256 12305 12305 F crashpad: +wL[4;t@;.}P<+X./q8yaga_orObnHv@UC[2EK#v<Hm)K6orYW]1[2#blr#,Pi,LriNg9QHvO\;1I=}@tzDEm)UwC)DDkvk2G%ilKc`G$#.J)rxA)JU8fu'*+b7z8y$V)*`Ye0a53;NAIEa2LJuNXn,zqm&7|B7DOcyoXn}sOgymRmHxvTMg%c,Bbfy>.y.J58g8Pg;ny^<B<Y~PE+jP~,o_7'~8S=OOVX`6A4!8Rg7[6LalJsJZjgw^8[FdxvWkliR0"Jr[SahOuB<+P[G8-`T<OYjelDj>!rn8u+~1C;kW3|c\u*{ly~?SUa~ko{cQd\I4m5Wa7G%tplr?)ap^t/wuw^t/~_o*wspr7>o4STpQI<1Jd\CIpE{szMc\ow1.56]5Gvw*CDc\1X!s;AVy7UN_YB>L#cVdU\EKEwqjPq3eU\!8at$mdA2KNFK6"u)*}V~t(~e5VfB2zu7R<@'8JJ{vor{+2;u31qBq=nf}{QXlAAHU)u<#]C6kxR"aV3&0
07-11 19:06:16.256 12305 12305 F crashpad: lF[J!RlFspV,-)0gPu[GALca%t!*MS[/OP*6m3QA\bv]3vJ<IsBh&dyZZ2lv'l>Xc!&|j0&w=xPIiGJYT{URY.ao<`-O/IMw/Y4qXN{CsKh~lW|cP7a2GW-Ca2!xJ9?bW+Zo`G96tgNdlbwug\]6Kbnp0),n.4ni2O3AsvY9-(pa[?s*ct:#'tPBHmF3RJanS,+HqqjE^+$XAsCAvIbf[w^&*fg"|nJ]H1egAAf[hug\!NVn-USJMq8|wBg\!N|qZ*qbX.qX$1#S#n=mYTH@INWT'8JJ{vor),2;WTYm-]Ho5M~(<sOOOP'AIdj+,IH?%BpA}Ph9k:}VG#bZGF_JA@H=1hi)*a?V.f.u%V?p:$bf%VMwO.~_Ca9.36)w!v%VkvM?\'#}lJVb4Sz3FsTVgn5nz3bOHvCja2+viJR;{vf1vFer2hvFqX$gml#(WJ}i`SOGD9#\DD!ltY)JR;CJN>Pa\Zqux`oY*!~QZkTp(vr_+KgW}1vFG/&vEMBz}sOa
07-11 19:06:16.256 12305 12305 F crashpad: b}`M*"ABK5vz8c7U>b)_WN*u8UJG3q4-,Zm^,jL9xP^]{IQfZP:`nlDP8DwiqkD'~8S=5FHU"?Y;EU*GasrbR5T94;;fMgkvJAg8M|8yac&GdmbuBf#a5j@u6s3)voF1V4bp[j;u#Q"^OP{|"^GPm2m)UwC)m)K6#Q8yQ_|r[(*~V5:dF^9d|JGTqm\bQ;,Q"^CPA+tC2Ma2II`J]8OFoIgW}1[2d]Eo8D%sCd,MK*elZ(D*4#rYo@cobCn_8D#NzDj~2K;=ZnNy<n;okpOS[j*4BP]mj9B:2s_*?^s[*7*D)s}I2b2I3Y^$7U<DlvoC"`)JZ?{v+k5^1GIF1T'`?]|Mie~g5^eOpJcWbCHj&z=1-\n$7bxMQqJ,_tmqer<]XgqXBb]tmqyJ}PVg^z"te[qJcWAsTK^bo<k_`T&A^(]50g`%&G#vM,U6+WB*oQ8C!pFGIF;n2JZ?`c&uz|8GZ?_Hg6d3swO9!x'no/}sRcL`rM#4QKrLCT6g`%;Aw0xs
07-11 19:06:16.256 12305 12305 F crashpad: Rc75GGIF1}2t5^]G&1:J8:3g8Qqm):k:}VE:MYH;[Ck:$O3A2GRm|L*f*<'Ik:{v(eXT{n_A$A=^h9u-~VR$`s9%6$:1%a/6R=zmTxm8$1j7Y4XTs>Xm#xrNfHNoTg)Y>A/n27Tn&A?3?4OgbTLdDMyd!1lvor;e{Q"JPT#6qRVW:zhywBWTkO|qZ*;7u-o49nbOY;_08U5o}z|c<s+eTcfg,2<s),+(Af)wU-F*lOe_CnF!N8t>Zu_-sIR5$1ur#Ytw^[XqHhi)*auYTI.uEf?p:$rN@W^nbJDR0sR6b.jG-xDA$k|UBVbi,1B,btnwfg4:(q&LE<eTm[@%M9igx%Fa^IMH/pFGMH/LLw&LbCCJ&j,wiWyo*vZ!@bWkTp"En_2mbM9D#vrmivkmyo'd"xyo'dHGMH;n+.R6b.+(Af)wsLX-U|/4|J4UgvWj'=kv1Y:zbfSmRm:5Zj+qxJjsNAzIUh"@A\ptD{tc3La>t)FHdt.B0b0^{yYlvIlh,Uo<
07-11 19:06:16.256 12305 12305 F crashpad: .F#ogh\A<h$e'M=1$Mu/oc0<is>_bFGBLp]TTgq5YXJ&%1SHv,a/x*.4L_)Z2L4Z;ig-z.+Q"t/GAS}*:+J6Pob9xeitnR8L!M}FBlzFZmI);+;v:PmJtb^Z[GdIJ9>\!aX^^JC`h6Q(G+6Lfg#C9r4X*u(W8v`\?IT;&KW]3r>0Rr\D:G*<,l6cPL"r,n~>xkh>vO1q'tk`(G\WZBGwIjK:l:7m$KyKPL"r,n6sou95Vc44r:K6Af)w>]@A44r:CTT'1LUur|rqGYV)0m9ny;^mT:B:Itx/Mr^jzA(8&;Lo?QcOBsnb"4?Cd:H]d\$C81Ob*z81/R%<9i..81)/-suo":^90ao9%eH"^PnK>NO.\wurHM$GK<QJ\w'{?2V94S,)W9Hq;u\A{v{@Xm{\zYia2BUsm[Z&a2`+A?DsbKcZ?jjP5<SJ}izzwBA6q=Aj*4UM`+sX$AlWosFVGAw0Tk>K&1p_q{A6AM[GDf^n:B^p{v=lv4{J``stTQNI7B^p
07-11 19:06:16.256 12305 12305 F crashpad: Ol(-#tW"eUG^gN|4B:UK]ed:"\"*fw7*N6GH#drK~vb?_S*x)slEhvC/{Jufx)b~!6d(1Y^$_)T=lvi0qGF]pZiu"R(WA<{w*kZ$.16FNHUwkUjg(t:kw=N"7-}t$O#x|C$[J3RJanS,TEL/wI@<guZ6>BYOls>0!6bWm)Y6^RzNhg=XYnJwioE4$.{V*u(+Sw0l@IK_LGSNZ64MB"lOy8J,c#ZB^'5o`~B\Cr05ba|n0&&G/L6MCTpt6&.1ST0LV]\QGqL+tm#Q2N"i$iQ)V)DW4l(m9tPRcS%pr,IwcE+fWTq~3A2G`jx5'b'knA"s),.x\r8AnvBdDM]Taqd;=+3]rJ$,{I>K%ZYlPa}\}Ih`1,2XCLGm.4,x~q$Wfgt1h`JZk:Us;brJ]GoV81larJPb'AKu`jPa_}$AO+oQ8C!p2]rJPb'AO+K_LGSNXAX%emD0=mwAZB^'5o`~B\)ulQL`5o0&&G/LB3e3K'W;``stb\^_XT#Nn2K''<5a{pJ@
07-11 19:06:16.256 12305 12305 F crashpad: K]rJ$,"1\J3EXT9K>pXdj9MYpv$tmK>@@p:$rNL9jn:v2-2nd+t<UnCDWT{nPk9@uq&LKo,Dg^jgzVHv{F8.I@3:(qd+t</)xqn0=t7#7-GuF+Fa^I>p0pFG>pPF[Op^>`|H@i-KxEe|c6\oz<EqHQ@g3mZJ!wD@K=1k\7!vV+Z~*w"3;J(fG65^`gMue}twlXtg|]nH]G-S0ZX{8c7U0ZLu$nr}OPqV:mb.*fXPU%Vdxxa2lanH}l%T7Dm5o-O9c:-s^wLwXNraYgkncY=AF63wjgl3V427RLEK'tGI^c%D+\=wkGU]t\02,7kvsQO9m}K}fDRuj/h8tjFj5nO?OKGiI^gvPt)TLLGZ5m{er'8qFXY./6moBDi+W;^W~aZ~91pqr|]#$Sbt=Ve_E<tkstB#.)Xq0+h/>baEjF#bw^8uJX{Bc4wmsmC*/mJm8IZq0-*HbNnIA_7~G6+2>}81E)`5?L<7$N|`D^H-Q;~;XXEDkJi^H<n+k2i>XpR6OoY6
07-11 19:06:16.256 12305 12305 F crashpad: F}?Og;@fSv}2U>elA+5at\/r.)EYD35,WJ+J@k&CLQ'00)s5;QQu[`aqV(TvOCie0TiaFP*+Bd)<oJ4jp_[oPKwkk'^a>ZAC/qdQE)aCvOYT3c:ncuBAx>Y>M6l]94tiW+c}037Zn93WcM6cXP*z%%#{^r(H[mix)F'aRW.@nFZa3V$g,a>m8a7@p8xd[2QGD|v~$ap181Hm8I0l`5/mb|bT8Ii)[08l`)_*CVGSEm~y#6?1lF\J]*7@._PpRqd'mF4DfclFd`E3Xl+U+O{nHqY+~XxbFE{@fAnF4D^_N_Gb6\\lCA/K)j+XP.sihek@Km=lHqdXijM_q@es7@6>es7@eeD[N_MSfHOwa(3\IT}a\dPkt!<sGIZbAs-,0y`cFuS4>GtL)F'aRW8=$a>m8a7@ZPcQ8D#nK){(v!.J^jPqK],?^_N_#Nn2m(o%UnyoD8kFvY-'b:S=IP\C~L9q9(8VD^\pb|3A2GljH+w>q|y?!K)8CSTgN>&L/?,ileT8
07-11 19:06:16.256 12305 12305 F crashpad: CrY5X%]v+E(kH+;AiJX}{v"_h6qg^D,i~4e+Hl.83vhE)Z@5"t!;&L`jxdld7WXI;Jw^\KRc[Rd_`T"_p5]5mtgz~P\pziDK)ZX%7VO@h5E+vJ)8{1)ZX%lk64UM)ZvX~^\KAb^]45AfHIoO\pPHoOB\Qq~;o0AJrMCDCLW9b~jgYm-]Ho'6Hlq2=a@]NF!A4Rjg'49FUDa:EqVg8s7{P-:/j?&,:n\Dd2}8#1T<^0wYee77ADA@mtgz^pO9]8(WAR64JF&a3h)Z&|Df6?"Kevr@rj\dPG[wFX\<W?"K)8/)xq*1}tR:fr2h)ZvX$g#<Z>/tkjtahj2beHK8St?^\tgBe64}c6\oLU%WARI>(W5\Vs.@t*LJr*Ms.6w-{s(i{nX6!6<@^v\P@LfcFjEt#JwIIbz:7DYm-]jP`MX.8D#Nn2G%e+=%xJc[lV^S\5]78F|JW_zum\M5Bpz9qVBim^ZGpHZLKTkj*Lkf`;\B,i"phj#<P!<o0wv#}n|]aRY]
07-11 19:06:16.256 12305 12305 F crashpad: pdc3Q@YG(WaB8AREpdkt[+7fe6mqcTqHnI<\q\1gEt<M91"rVNW+O,S\rn)cnM3m1^~({V.aede0%\$'cT(uj7xdGHacZcf3yaDm8IljVPT4]M|`1}P?(-T*[Y_R5oj)4kV)Yra`6-lF]JSUu3b_ed*7*D9L}`_hn"rN,m`n:2De2?jg[KOAzt`o.\_6R@kdVGJY5K{F>Q7jz,[tw)%m08,w*bf.Y>Pa4RFd]tuxEd,w]x\OpJ:,,xhV~0so"UqlEq)):q(Nyd&t.z`XIG41"L}`/pEG}`{v1V~0ItFr\raP6R6LnglmmIHdHU,m(rk+k_]g~(GLUl>p%UjvLeb2<fNm\rg3ZoFsHG}`mG&.*bxgCc_)BDHlq2C6LqOP-L?)f0rF4A_G}`EwIF^VXu6,QrH'Hqj6WT[i]d\/ErvPsrtIjo#|ld~`M+~(.Iv}\TgdVrIf1#t+*kH97K^TN?Voi*9\ds&sA`B2rM]rqO?S'6yrgF'JgvTXqX&hdTz]Q*[J
07-11 19:06:16.256 12305 12305 F crashpad: 8l`)5\|}66"bB:i0\+`5uKWhu,lG=BLKh=UsyQbbQVkuIfie&rHeMuPb&,S}CdpA8AAk,7n@hAXxvL3<Luvs``CpPDS+$s~m(t:#@R))3tn}=aUf228\5sb_n32RD###&G?KHDRB@%XMNIexrb4L@~~b[6)4}e"LM?V)))CT@S3"}V7#1z|VEDWdvrRP[U/j:w6DFk\f)x;g9o30IvvL=P,qr:<}Tkf7!cvV(WWVrjn,yor\or5MbHE0,wm,*-4EdwVPk[nX_FTLr.ssg:}ipIFOds;wh}HmRG8Am~1qGt$gcwTW:nMJs]Ljd#Ifbt~@"PNdNn:\z|HG=@vKST$vRCD+lmY_'+=hAD8L0e>5UXGBTL9k4'H=S=U^i6H0>*nF50Q@[MVp%_u=pP>$w/omRsQAZmNQ]'Z+|uf;{hpDRa$FHJIXxd_BDv::"si"VA\*%DP,If,aFOpAfG8Am~1qGt$gu3(t4Eu3lv#)tsjW{Bc4o_Yf$%/gkFMvp@-ad>3o
07-11 19:06:16.256 12305 12305 F crashpad: A)Q;[m%p^4r//\:.14V*a3\3l-sIB8L9Yl;tw2lFUrif4]hUCnOBxF1>7tjyPcgEku6rjnuvgE3Y4gVLiv^eAVrqWATq7O@uRZ\<W?LwI8ZA-^hUsvsvgE3YxqWAPOU|PjOvx>!m,]:sQ0Fu!;b6OODSL}5mD;[JUKlahUqu.K"Rkr.6EdDG6r2.q4/uRZ4`"b_jD;'Jar2.E+@w5N~7Tq2.14Fq'kD;=WoVl&^Djg]GOM?qQSMqhYV_h-m)~;,2}P#y9q7)8V<nt.!NjG2VLw^]lwxLY>:s46yT~F/3]5R"x>O]I2~h!j++`b!JcWGFHS&0t7?3H6'w{iZr_j@Y*fCuZ|$4qX8IZqFh,oGu\OS2lwRl_5;g|w^!0V:a;eT3PBuY+th6HKL+o;%b09:>Cu0Y8Y[s;UgW`X`V(IJ4q,3AJG;tQgN^Viz>/t^j,kSpNv0j8enH3b~pV}|4^hKtZgpg*\7ba&LwPI8Mop.6Z_~]_H!l6L)\LQgl^0Na@>n@
07-11 19:06:16.256 12305 12305 F crashpad: yx(xQ^!r?smsl^e3v&sof?&uTZ$wUG&l-3OovV3-"+V,l;WlZ#5K2Gq_LQK8)IuK'^Z#'t.qZ#!\IqdopJWLdsw5a1-s+JD-}(`wszvbhc#CH)P1SqQ*wI?8i)!cj0-ux`y^9\x{lUlqT/.?fL#nE:qM}Vc9!cn649#QPuB<+)~rwLo)I7=W6+MuP2I7i5zI='rr2:!chCzV!gczpejGTixTBJ_+"IM99swLr"TS8o];C@@mL38+qgbZ6+gr,A!c>PcQN_#no1H&/4L5Iq8I6s/H<r:Bcz)cv)h}J=8?pZp&I7cq8{b.:/:cnvGDm99s!q2YH],&(tRm:MH%Z&sk}I{6<'F<7+SL%JY%YgN^|r3*&K-9pNGAOiTDfuXDI7AAjE'r+-r&"&%eKcF"dTSmpxds-&*(:+nFvc`Bo+Ymor9]rjLdlE=Iv|6+o&^DI77VYpB3^-sI?8L97+;tw2,&`^7FDIG2<o",r-QvztxjK=Js1Z~ohja6V5w>[vX3`.(U
07-11 19:06:16.256 12305 12305 F crashpad: zQ/L5lDCfot*=W%T&q8]{s`[T@UG.LRGHW}Dsv#)\'<&!*8qL4>GjW[_|r}LIF.aX8(|>$If,aV?-s+JG-#+<uuzvb"d#CH)>H/k!8orcOC*9ueAZF_*{P65N~Wl3haRu3n5:;#VyjBZp6^>03M?mQdARW;0X\90[okXk+$a|"3o3P-aVW2nYlO>kvsYLKX<_C4C6^GAn"hem:YgP76?*aNL_o$B?F=w_26+^B|iL75r|0{uW.`gLm'')>4e[wXyd3Zl_BLnh-wIf:Yu&19./6c:w@Xe$N^z3mKc^"rk-J~V`4^<RLKPv3lv#)>Hp<}1q*H@Do"#(Du3>ww0]l?zjw>z*:C@9sg1;GFV_Rw#9.xt,N4/:/2cPKUoCnY)n`eHtKj#)b,rLSyny`4DLv(v[;=!ADy*Iu8_hQm5^xDAUQ2B3\cx_qM"KOvs,B"o\P7wxcYV0jYV8TElk8T4\_'<Uw5gBZ&MY_?vW(XrrwKjfla8duFrggdUjGBzLkGovV1\
07-11 19:06:16.256 12305 12305 F crashpad: !+:~Iv2Mr"dU8o];C@@mL3daqgbZDv2MdsCA++S5{K`O*D7`cLc#xsJ!X]HoU=GlrB#vuAF@9sf1e\P5n\sx":iK]m>:.P\uAhjC`2JS}pY8TIJ3T=!pL]`-eg%WKm$g#<VW&@V6Y:0}FYE*APnDHp.xLqfOBWY+oqb2)Z{Hso>k}I53#6]Xq``Tb^2\N6#Ql#M(+*{0tG[mixrj}I{6PYco>(914sIE*d>nPRw@7vx+E%h}&eo1kWZj$4or]OOP;+Kd|*DEV)qM9k4'F<S=+Y^X:;*>uZ2?dz?t6s9]P)F<nrV>qMz!2k{ImoJ<Xvo^gs(PCu%x}r?PS5$@h\|o`6yGD(rr;=$6?Y)P`TvH}Z(J")6KF1,l69e,%5K6g)u,qa.Q6p9n_wSbBJ")VxcQxd#ns1H&/4$aIq8I6sid)*<s_OKn@MRLbPvJ^C.2!)D^H-k8~;l~H);*4Ak;$Q(3'+tm9qHd8DO6Nw*1"8-QtA2:1<b4;t-xp>7PflfWaI)T
07-11 19:06:16.256 12305 12305 F crashpad: z*~c$*,@eFK>KAwWtBfg's\`F`2-zXX.LfD;B^L/lGE8|VHN@iL<+orF$f.\Rgic\G.ZPUc|"HNK.)1mb&Dl@Tiv;}b>avAwnLlEb\jLZ6,kIIM&RQ-)I?,iGkvcMu))'_qMDKNC:QDKNovV+)(_WP8%M(k:{0tG[mixrj7ub^_:>tl"<oLwH0Z(Y.\*Oct|50dukjPq1`rZ0fBKc,E%rj2(Eb>uQC\XS2yqzqZnV)b6ZC^mV:B:Tt8(R4ME$<?,DSuTjGC,k(L,:oe3<OEgTs60G`C;xmgO(zok0N&.OIID<+>/\wlM?+AVAp{[|(@QAet.(t!g/XtWH9L,(6nVF>w/uKN^&,.i^0gwIRDjaRiX3$T?mX;v&i}g.my[g38ndstc5m4;WT(t`I$~u$D4S(&mwrhv7@sN>C!pbWujL}aoH)ellWT{d+%J+}NFKJOyrj4H+w)x7`zVrj(DQ6)psKMgHgm+I(Do,#ubivMmM9cqjDmX'Z{D#CoY!Q>N8v9u
07-11 19:06:16.269 12305 12305 F crashpad: 8[,W[6O5p\w>qudN.hv\hV$C*DT2DKtO,BvRi:8'\*6,1p4P7ZAwTItDF[V>vXZHc-4=PoYGBg`;S07ST]vSgUJPG0@rjn+|g3rg7RPO?f*Q!-\>@^?]t]OdX*O`9~\9b`!\~Nwu>N+:fc=]U4\Vls1LrVdvVvUl!+)v[Jp><UZrwV:atC5LLg0kv`&xp?T@W!!!!!!!!!!!!!!!!!!!!!!!!!!!!!!!!!!!!!!!!!!!!!!!!!!!!!!!!!!!!!!!!!!!!!!!!!!!!!!!!!!!!!!!!!!!!!!!!!!!!!!!!!!!!!!!!!!!!!!!!!!!!!!!!!!!!!!!!!!!!!!!WLXlGh4ALY4}Jnxth>-`'ffT8A\iaHpo~SN@RAld0<btoTt|*w}[vh#uvPlJ#0dSv\WA4kUrM0fG0S~4Py6W@l(]t8GU"s"uLp*m$-Mal,(1^ktDn+ap(UBi^vwFNpso):y@l\DFKvs\DS++K}c6p[cgmlPmcgfH`qb+Dt$E)wMrF^21
07-11 19:06:16.269 12305 12305 F crashpad: p=XrvuoM$m\w8_xaxqsk0A|lI^'ee`etggFL1qj@8UXroJ2Jvm$**b]vZ\_a[\rzkk|qatlWdtt/z>c_y<@qHLt;gpbriC*G'b{*z>qeKyia7mXm)xh]DsSwXq}K`JX.xazKzb.mo9Ef`OAv*iLugMHQd/&5tqv_^A~5ECP}LCdK&F8mZ5Im")#uAt"r9^dCvmVJkNCk@Ocwj:bKbqh5ez8\FD"BctJF-8Ij@Q3mQ_kK&\rwlZt'%u0_ZR2LvlQd^ADPFDE,S_X#Ip~e:u%L(A3[?1(`.tQ.D}&ixI/h{Q/_T[xp2Fagp|x02n^ts;nlE\qt.vQ*6bDf:^Vqgh$mG+>w(XP6Umm>^cnC^HVnOec#zvbi*G1ff<g>D+Ra+(rc2.=D0u(oLK1gZbUi8V5ww>nu6D6>Mk)&DpZU0i+w%_^R*.lt/qQVk\X=dkD9dhr4uw[o"i^g4@\rWN>upqEw")/kCS]dD=qd_5lUt[G*/n^JJAK8hvx:@DBVh68z\ALk
07-11 19:06:16.269 12305 12305 F crashpad: qcO;gR-`JIe?.L'.n}]vYh!L2Wtpn4$O<_(G<Y(mp|[d*f4|1+AfAK~G+Gp\=@fdj>qzuv|hx;DuXr+Rw=;/L@q/pY~u\dRK$i%t;Pb:t@BjV=[AnlKJ6arw%gQt~w)biJ*xklr=CrB6K4y^DLzaf6;GlYNaX-akU-tKjQ7NbgBPfv.u3]BB0bBaVmkImRFtxoObLn@f,L=8XK<Ov<jhf;r/@qb6?cE.,m=j(K"s^DV}Yvdp+8!vmY)hI7?_V\xpD;wo>g\@=w^V@W_[hQ/Kqj/Z5Z~RsofH:Y4iu5$;.@soRanZqsU]rT?w|B\+asQ4rZWv}1p@<`sJ6/WOD;#<}J'Uqw|ThQJqzs|BJZI\@ahs$6+w<~@u}16]?ARJ#||jh5},aRh53w#dN5>Wn-g5QN.s}17P$tK:H=j+JghvG_vo|3Ylldn+%EzsTd:f(w2qf+UR/!!!!!!!!!!!!!!!!!!!!!!!!!!!!!!!!!!!!!!!!!!!!!!!!!!!!!!!!!!!
07-11 19:06:16.269 12305 12305 F crashpad: !!!!!!!!!!!!!!!!!!!!!!!!!!!!!!!!!!!!!!!!!!!!!!!!!!!!!!!!!!!!!!!!!!!!!!!!!!!!!!!!!!!!qI*VdG'ZHIF_daB9X_*`+H.t3Wege^;lOJ+o^>w>`n/ZhJOF5<mJ{[rs|[ql8K5DuFP9"K/EhVuqN^U6|uZ+CI@i>jep^Hbka6;rlgMjt9@bRU,GBV0]Mja3/^qdHq}bd`GO{JDi5\84=#N>4<X/*b_RZtLL^C\/SSd7?+"V#w8B(Wi)<qdi!H-AXU0Z#k6MLZYr2a0JB62q,GYr4iJX-LxSWr"sv?|K2l!vfuTAGk.[4Ivqu=s\;::b=\RjVv4vt;hV=_Z^>Q%u:`CoXEupx]OLu(uJb4tS}p9g{<t\`%rFl+lDrkkqT;gGzuW*^`>uaJ@vvl2OW6eI@gU_#D~jBYxad@eKgFvoB@[/4WstE_RFSqHm\6U`,guu$P|p,z:o[Dea?]05XA(b!C-bB=dd:i&LxRpIu@Z[PrY-(v5i*GGj
07-11 19:06:16.269 12305 12305 F crashpad: dkFe,SuJ(Ih;9rp1tav(dhh?GLtsWpuo1\mICcevHIiw/|+_0Y:s_SqrHjqsxSQZ?K~{\ZF55<x[%PaJtbt\6FIB8.s9Bf55y[V6/YLO]vYh!L<\vpn4WP~<0m2joPD/JQz^L5BA2:!2FuUt2pg6@1i_+wZc4]J/}QNaLwkG"6Y%zs*gp9SAS{Z_<I"C}a*9@a#HJ6,+J(,vOG|;q_P}Dh0b+\&T>8|`#Y?bnM~p+kGg>@Pgpk~N^a.9"CQJ"D4mPKaP-)V`Q?LAUvE^SKH*8KB3q9jZHA-rmKmzLFG^4u'>HUsM\YN`re]0>6l`+a>v~GqJ_eIv\DeaOebZT6Os>P(Lgj|YYnD<<jADuH;a,1*a4w{*ml,q8IOL|pT6WO*ZrjP0Vd7wK*/n\pql`wqN#CHqx;'L)C.wC&"HskRL3bz.7v~7|?6\{Q:5tCXQ@g|?v<\[j+d/lF$erJwf*f>u&l[X!R8wj["buU<u<WwqG>013jn+1aRn"Gr4dglDgeQt
07-11 19:06:16.269 12305 12305 F crashpad: ZhjI3Wsq~S<Z0S+LBiswPLywK2&w*b0Lbt(bJmm>~3]fM8+w.dUt'V]TBXZu!d/Y3wSe|/1vXBZVq\FTI`A6gZ2pn+)sEtzHkJ&\rJ:v@j43Er,bGo6`7v&)JW>DL2fX$XrJ:v(LZ[Eg&t+.?v4rG6|oXS~&^0Xqtn6]!bAyb=kQ&DBp!!!!!!!!!!!!!!!!!!!!!!!!!!!!!!!!!!!!!!!!!!!!!!!!!!!!!!!!!!!!!!!!!!!!!!!!!!!!!!!!!!!!!!!!!!!!!!!!!!!!!!!!!!!!!!!!!!!!!!!!!!!!!!!!!!!!!!!!!!!!!!!!9uJJ49bJTT75O*J^n`=f`>s\ud=['Yd5F\WnuvQ4%LQ\,cwFEg@i]28F`E'[^a\c&@Zv0E^2+q.Y:W/>HU:1BR+K5A\3AL]E6^RF&x(qlQKt:.Zwv@/Awp:H"D>s``;GP\Y,ql_^XEm%^bagkl$3S4<oZu>bu]8SSSd7?+tS#w0^0Iek`-4vPUj0\k_Tfj]g
07-11 19:06:16.269 12305 12305 F crashpad: tdZPL[7}rw8{m5iofp/MDVTr'GNY.YnF[Q"5qV7U*v^u0AilP=dX)FP[/sP5NmTr$fznBw1wrYQ:g\B^TlNZ0bLkO\xU@v60CSTNolyVC:`i3bnETm\jN9f?pYXVP@v2IfT0:NFr]ts;*>8mbtQq.t,Y8s#`T>yB`\b:zt"bSg>Hub\\7SnC^HVnOec#zvbi*G1ff<g>`Y.1V8(srO2kFwsuZ+fJSUo3=X%tpS?btq-B"Kb.VgtW!JDask?9GUgj2\jH#I^P@t(vv=m:8s2b5u@:KHX>G52BJw45ELWN+_0Y:s_SyryKoUt[SP/s<l*Ld`1vDq43YHRP$rn@P2#q)B~%lZ`1ZD6j[q~7;fxsb9&v,p|ZmX|`OgxoJjjUha=BPnVtjv^tFaCW/d@1{dnt>q('!tIs8p-xAv4@sl@AWOZnCtHf`eYw[u)Wy4Qj_qe[jd'f0QQJ:o/a%mX.rSnk6U)fdZ[A:6*^9L1^x~dvRn?ayJ)7'jB`VmUvxZPYI4oY
07-11 19:06:16.269 12305 12305 F crashpad: ]@?vbsphz~^qVONI\Dea?]ZZvwNs>P^wfj|Y7mN><ju>uH_5<O[l`w,}>uEv^XivZ5h6(sIv(5-XckYVJ`>/+WMp^JKvG'@bXd.J(tlWpPhw.Z)w-pb>N9FH"bEF)v>Q[61a,uRiAgh)Py,w2\|K4Q7"!!!!!!!!!!!!!!!!!!!!!!!!!!!!!!!!!!!!!!!!!!!!!!!!!!!!!!!!!!!!!!!!!!!!!!!!!!!!!!!!!!!!!!!!!!!!!!!!!!!!!!!!!!!!!!!!!!!!!!!!!!!!!!!!!!!!!!!!!!!!!!Cb4m=Ql5x^J`"sV5{a(fLT0sT6eKr?]Fg5\sn/S[C4(EL+z]:BR6+qT^Ml^U}JRr]gml!R#u=iC5^knD,Lks66eqQZN\>i>p#usd5uFD>q"Y7mof\_8g(?fEckS4AB"&XqA,cq&=X_!n3*?tJiHW%0*b7~Lwj0b4:9v/!ol>4f(5@s=_B:9t0Sj0\k))DtWaQA#5Y.uup9Wh4ImXA*cfbu%mm:
07-11 19:06:16.269 12305 12305 F crashpad: .:^l)+$IU5@2&thmRJ\Jt;VQ5^Zg0d$sMMhad/DS~t:t2V;17K,XPr/9Xv<`7Irk]idC>Wk0kt{sN[o>Vu@c_%@a4L%Y"G-jBe(:&bQk)<=s-@Rro>$x|@8e-8lgW2W-,k;IKp"G*1QLhU*b0|GT"f\9yJikh3ptjrm+Bl&D#w)dUtk8Ff8h=KPB@I1b!L"e!WcY;QFZ,wc-brk`'?rl4:!t<ZZl_\<_^R*.lt/qQVClbB[K&LjSmhPs2b5u8:KHX>G52BJw45ELWN+_0Y:s_S5Hv8rsxSG5^u#9xMt\(mv3&T<P9l_B[vf>zPW`&?nMMi"J8h=\*k~NGTdoFRroF1#vn<2bKiV\VlzF$cn>v;Ul<sD8Fw{orh.x,D_vD&mui.43=X,)x[O)Ai&4JfQtL[0ima2@EkH_"&=ir4WVAjnIz]h-Bpsmrpl]n<"<R;L+#u&1x%6Ec`GfzVnXxF{/`Xv>!Tqd(mTG8q\r;)X6,HX?e{.t;w9biO,kk/AFno$W
07-11 19:06:16.269 12305 12305 F crashpad: C{&0<qus$=,oS4\?dlufadw8K22&:*nj_dK3U0/q5pklUM\`O_UO*jPiZF#jx0JQ&jJwaCLg;Mp>4I\_M\M(CamiHpx>5vESfUD6~u?Fij0lhAXaggpgn3tw-^gKt>NUQJtR8Ehw3qn>Oo=_Bk%vHNdlN]xwrDaw$-.mdHaw"fEt&<7!!)6ql7IJ1:'W@Ir,Wa3\&d>EStyDn4eqeq(izVk(0wP`R:4mMP(L<l!bf]Z>0wFl=\x)>a(^'5'C(b$^+A;AfLYK,o"\X1*bhJV\=j;rLwctT=Wh`q>6|a!n^\p<g]+my[dz|01m'5?&B@ZfXh<G3h;ANXObqJVrpHdXL@f?f>uSyt\o^%Dw\gOkhw]rFrQ4f)jI_E8;X-ck*g+IXXd+X^26)r2mL}JkrJN)aD\pxv8gFLq0>\HL0qDQ;sF\n\d)HE2Qp\+uKY>g"0_J{uSfxumD*'\aSw$mOAx3Luy~$amt")ZELoC;'6*.TtpoJ<F0n^v\7bTLW+6G*xcK
07-11 19:06:16.269 12305 12305 F crashpad: Ch1bwnB~cvX\L`<g=[/A"EZQ/rl_!Ldcc\&]xmE\Jl.hzQ~1DcfRh35q{t8iELiVZ`isB@!\\SlqN?r5-@TMf65qnZ,<IJ:C\tZ*IvAAXEN*6q64^tvKWE(ou>ZVe^0i@vHILXbwXSJT=uBDrwl0C`&`9ine>sSkYV&Xpr"6wS6,.qaT(W&m>6=IY/hsl2v0<fk;{Uis}GNa[-(6@CPam2CADirZNa[-2Zdt!lAh**ns.Qdtw'<qoJ\l)U@Arv<1<ad-ulw/'O>u;qhj8L|O^tKqQaZ.(ILoatXo8m/(zFx.2vNaCE.BL(Jh;rhA4<MGc+Cv?VHEB:j+$vO:4ve\<tN:Vl863bNk=@S}Lv^166uHmI!R.XBl.('G?-&G}w^g)F$t~ua+-x^anI0c,fpi8s6L"hl+XO=J`_DLpJ$v\+9b;0^r`Hobb+DID<!x|wH=Buaw1[K8gu4JpXPSZz`9+mh@pw-KN\6.ld$mXmgG?sed@qWtqJ+x5w?1JnP96uVN
07-11 19:06:16.269 12305 12305 F crashpad: yvxavDWI,S~wH6_DQ*LkpP<Opnp>bj21N(,L`ExIyL-:F[6FswPLFcro$+yNF=\>^mXvYAPA,U>PivL}muDp#T^^~@HuBa{t<-RKv>jC1:^r0Smlt1oQ.@YJ!J0wL(Hk(m1m?r`U~Kfd^kr\56Rmm>be}]JRjv%P|pT^:o[Dea?]ZZnacRz>#L09Ra;gPmP=<j}BuHb5xM[l4A-}>umJT2lkOa!-aR&)0v=Yut;3GAOXvMu,u]7AW.&VTt[-4KYP+]Ha={\UMXO6%)2AQSjIv]4A/Z&V4tmFVa4[iga_7>GU%DLaA]t5hi-Hm2CAfjDi%)nu6d)1KqN=4s"j8W'Uh@Sg6,:u%)Zc/KNaEgSk&)rc`]MXWQ4Dv[BaWXvMu,W:Dd%D9wFgc*:n">+>\G`d0lqHCt2^t@04YF/=OInX~<:6`srdfv?0BL0ZZs&j^*+Z#]*6X7CLc\(OMa_spD1KO\RXo;pJ<jR`OI4L9l5|\`\[o*{QNA`Y[-br8>*rHwbM
07-11 19:06:16.269 12305 12305 F crashpad: SSNZ*OH/*gOEt\A`u4r^{N)V+aFv{yIANmqambqaA,&q:(oO9>N*-I3@4[i}9>,6.)z4EPI(6)u>+]ultambVKNM@v;Y2AjFR\f:l?\l6r@cHuP^-t\$k\5;ta/[:X\rL**v1>jV6vA\IWtcnz%vXg\;\[\+^404fo*DGun02+(e@8Bw#+hU|v3\6R/65uh0GVzopE#d[ve4zH6H.D.`~?dom4-0LpYY\t]Qt5o[4ol]_A+[*2TKwlp24KYgjrCqiv_gd_7>96Zqdn^#6IroCqvY!-C3z5>;*>!xUfMyuJNiLamS%\NDy(!tX9'68>6]?Ab\qb2b$Z@E/6_klV5twK9s1N}p;M2bVJ.]9t'e<31w}7.@.mxZGE]Q$iZAb\'O\t1D^mEYV`\rc6G-}Ht)RK]fmo;g$KYt<OmD6Ap=V\J3'B,:Uv'Ikw8W`9sQar0[H+$xbREYRrIH2SYV#n;1}VgE}uZn.b'o8oq\`0tS*<yJa@:>rw]@Qa+(rc2.Q.\p
07-11 19:06:16.269 12305 12305 F crashpad: J:=@@h*>Ij:woS%\VDE.e<L;G&:vB'Nr\pBv$4<iVt26+m&@f>J^V0/waD&x.wQDdp`U|N-bge%D8wSe,WS[Eq,b/c>;ftFpF=UANR_',L4<0Kf7D35u8>qvRr|)jFH3qWi>#q0}N*9w{9<o/wMZJ_eYJvgJ4Q?qIqTLZ+8GN[9?*^,Lhj"Wdj`;"9eEuJ[US[qwF)x>RampB6rS%\VDE.3sFHe\Jv|4Ma@u0KJj;w#-MhVA8-l`wi!h$+.1q\9uLoJv}=~@7i$+"X(5s70I)/.bc[*3RjPi$K7b^tJD9uD^Go~p_KYBsw=Bv\.0q\fBu\^90I]),bYf.wS]/pXQhBPjnO?qk*q\F2UA.TYtrd;cUAV(/wS]Vij2p~:X`3s70I;X(5s70I%}?q{RFuv(|p]H0>UAbN{/qK|uN\f>gitS_r,b/cEtd-MiUAxa@;(L\8_;Otb\>jz{gEeT3v>U\wH*I(9w{9lsD;5w;Q(f1v~UOr|/"65odhU\A[\/K[pU
07-11 19:06:16.269 12305 12305 F crashpad: -1V8(srO0:(m*HR>=t2d]``a:[]E,8z4PPLgo`Oj`i"q^azFx@7q**rQ.wOC~4huzDBK:fj7N(kw(LJWQt`C3wSe,WS[Eq,b/c>;ft:tb*nCq\!Hci4@B(09|diraSel"Gr4dgdfD?.bEp6<yf-L$T^ZJL0Z`r$;(m8SLwNPT+9M,A2W,2v~ar,:rw5l}J6/WOD;#<evC#}vYB)6$/<qGuSWI\N}uHq(H5gO$cDu{+"q^azFuK,g%bfxXnl:*ZnX!vL:FT+af@vM~FFK@yg`X}{/C(VApu]o:wV}#+*fLU|/^s*xAg|?:>\[VAb.rYXrNHuR:n1LvpR[2H]aZr4pju$+EHZw$MBb/d@6#=x.$t[q|w~f-xy4?jlGNruPWmb6*F3Ki6uJT;R}B@[/"J3kGu-)liD9-1V8(srO0:`JsR0iK+wN%pXI5&ltmZPu#>u^ET@lRg6,:ugz=B^aK+!cnk4KQ*rQ'v5ENi4rM8X7rr]o\rR};;(]NT3vilcvN8.m
07-11 19:06:16.269 12305 12305 F crashpad: ~]:&Xevljz2NrKrr?GUvWmnuD0"cI'Z6$^]@e[hzF[njaKrrrjZ;-Lt;tN|`8,>Lb'dKTd(wQ:R_>v^Zf6"Lk~Cu06rwfE0L$4~e(/f`z/rc$KWK$4PrT/<?us(oGX6aEAT;"wVnIam2CAfj:t-LvRZ>}iH=:AJjH=g6Jt2b=qq.qz^t`SWtul'G]rT?Gv8vFrZw%+%xzfZht+MEpj]H:3ivzQc?&4YPK>iv@97AGv/Q@=l8VwEt[-#<f<W;`JtR.h:8p1Xw:.@?\Gb`'A<H8AMn2i"lK\L.3A7.fv~e8&*b?k@3}P8AMnYte*zBv-RFMakdXsm:CKnEv-<+Yte*8=~1R`_:k;KnwixGu]#Sh37AMnc[<C?w}pmHa+4|?em:+m~*YB&)VDwZHe(bj;&t@s4V|08WrZI\rV1ulaCpHA#t5Y;p^a|;[A/)h5@L]a|;Gu.XXr4>Yp.hto/T5H`AwXnMWfJ}r)*O[6TsraGdJbKqN.j(9w.8N>DD@IpNs;>q
07-11 19:06:16.269 12305 12305 F crashpad: FsQ>4lq"yv!o-K$11w?f'A#n$i0K.x#mZv/|Zu=+p1Uv;b93aB~XX~-xVtDD!#YB(A+xlF5B*2
07-11 19:06:16.269 12305 12305 F crashpad: -----END CRASHPAD MINIDUMP-----
07-11 19:06:16.289 11880 12212 F libc    : Fatal signal 11 (SIGSEGV), code 1 (SEGV_MAPERR), fault addr 0xffffff0000006d in tid 12212 (g), pid 11880 (ibekey.keyboard)
07-11 19:06:17.367 12313 12313 F DEBUG   : Process name is com.vibekey.keyboard, not key_process
07-11 19:06:17.367 12313 12313 F DEBUG   : keyProcess: 0
07-11 19:06:17.367 12313 12313 F DEBUG   : *** *** *** *** *** *** *** *** *** *** *** *** *** *** *** ***
07-11 19:06:17.367 12313 12313 F DEBUG   : Build fingerprint: 'OnePlus/OnePlus7Pro/OnePlus7Pro:12/SKQ1.211113.001/P.202303230244:user/release-keys'
07-11 19:06:17.367 12313 12313 F DEBUG   : Revision: '0'
07-11 19:06:17.367 12313 12313 F DEBUG   : ABI: 'arm64'
07-11 19:06:17.367 12313 12313 F DEBUG   : Timestamp: 2026-07-11 19:06:16.516361932-0400
07-11 19:06:17.367 12313 12313 F DEBUG   : Process uptime: 0s
07-11 19:06:17.367 12313 12313 F DEBUG   : Cmdline: com.vibekey.keyboard
07-11 19:06:17.367 12313 12313 F DEBUG   : pid: 11880, tid: 12212, name: g  >>> com.vibekey.keyboard <<<
07-11 19:06:17.367 12313 12313 F DEBUG   : uid: 14253
07-11 19:06:17.367 12313 12313 F DEBUG   : signal 11 (SIGSEGV), code 1 (SEGV_MAPERR), fault addr 0xffffff0000006d
07-11 19:06:17.367 12313 12313 F DEBUG   :     x0  b40000714e983800  x1  00000000000000fa  x2  000000001ffffff2  x3  0000000000000098
07-11 19:06:17.367 12313 12313 F DEBUG   :     x4  0000000000000000  x5  0000000000000004  x6  b40000714e983b10  x7  0000000000000000
07-11 19:06:17.367 12313 12313 F DEBUG   :     x8  00000000ffffff92  x9  0000007150729c5c  x10 00000071506c6098  x11 00000000fffffff6
07-11 19:06:17.367 12313 12313 F DEBUG   :     x12 0000000000000081  x13 000000000000008d  x14 0000000000000000  x15 0000000000000247
07-11 19:06:17.367 12313 12313 F DEBUG   :     x16 00000071507ab088  x17 00000071507266b8  x18 00000070eaf1e000  x19 b40000714e983800
07-11 19:06:17.367 12313 12313 F DEBUG   :     x20 0000000000000012  x21 00000000000000fa  x22 b40000714e9838b0  x23 ffffffff0000006d
07-11 19:06:17.367 12313 12313 F DEBUG   :     x24 0000007166ee1f80  x25 ffffffffffffffff  x26 0000007166edfa90  x27 0000007166edfcf0
07-11 19:06:17.367 12313 12313 F DEBUG   :     x28 0000007166edff50  x29 0000007166edf6e0
07-11 19:06:17.367 12313 12313 F DEBUG   :     lr  0000007150726dd4  sp  0000007166edf6d0  pc  0000007150726794  pst 0000000020000000
07-11 19:06:17.367 12313 12313 F DEBUG   : backtrace:
07-11 19:06:17.367 12313 12313 F DEBUG   :       #00 pc 00000000000d3794  /data/app/~~qQbc0p2PhfZV5Mp8uwbbCQ==/com.vibekey.keyboard-mQUCZ3ZIrVZUSqH3EHte4w==/lib/arm64/libjni_latinime.so (latinime::DicTraverseSession::resetCache(int, int)+220) (BuildId: f905dbd1a904967a994cf833116e517b05caa863)
07-11 19:06:17.367 12313 12313 F DEBUG   :       #01 pc 00000000000d3dd0  /data/app/~~qQbc0p2PhfZV5Mp8uwbbCQ==/com.vibekey.keyboard-mQUCZ3ZIrVZUSqH3EHte4w==/lib/arm64/libjni_latinime.so (latinime::Suggest::initializeSearch(latinime::DicTraverseSession*) const+248) (BuildId: f905dbd1a904967a994cf833116e517b05caa863)
07-11 19:06:17.367 12313 12313 F DEBUG   :       #02 pc 00000000000d3ae4  /data/app/~~qQbc0p2PhfZV5Mp8uwbbCQ==/com.vibekey.keyboard-mQUCZ3ZIrVZUSqH3EHte4w==/lib/arm64/libjni_latinime.so (latinime::Suggest::getSuggestions(latinime::ProximityInfo*, void*, int*, int*, int*, int*, int*, int, float, latinime::SuggestionResults*) const+208) (BuildId: f905dbd1a904967a994cf833116e517b05caa863)
07-11 19:06:17.367 12313 12313 F DEBUG   :       #03 pc 000000000009fd88  /data/app/~~qQbc0p2PhfZV5Mp8uwbbCQ==/com.vibekey.keyboard-mQUCZ3ZIrVZUSqH3EHte4w==/lib/arm64/libjni_latinime.so (BuildId: f905dbd1a904967a994cf833116e517b05caa863)
07-11 19:06:17.367 12313 12313 F DEBUG   :       #04 pc 00000000002c23a0  /apex/com.android.art/lib64/libart.so (art_quick_generic_jni_trampoline+144) (BuildId: cecb684d19b4f44ee3cbd66142c315f4)
07-11 19:06:17.367 12313 12313 F DEBUG   :       #05 pc 000000000212e038  /memfd:jit-cache (deleted)
07-11 19:06:19.203 12331 12331 E OplusCustomizeRestrictionManager: sInstance is null, start a new sInstance
--------- beginning of main
07-11 19:06:52.965 12331 12331 I VkTyping: â–¶ open restart=false pkg=com.android.launcher inputType=589825
07-11 19:06:53.571 12331 12618 E ActivityThread: Failed to find provider info for com.oplus.statistics.provider
07-11 19:06:53.571 12331 12618 E OplusStatistics--: IllegalArgumentException:java.lang.IllegalArgumentException: Unknown URL content://com.oplus.statistics.provider/track_event
07-11 19:06:53.574 12331 12331 W VkStall : MAIN-THREAD STALL 614ms during: >>>>> Dispatching to Handler (com.android.internal.os.HandlerCaller$MyHandler) {ff9a5bf} null: 60
07-11 19:06:53.617 12331 12399 E BLASTBufferQueue: BLASTBufferItemConsumer::onDisconnect()
07-11 19:06:53.628 12331 12331 E SpeechRecognizer: not connected to the recognition service
07-11 19:06:54.375 11921 12491 I OnDeviceAssist: warm ok model=qwen2.5-0.5b-instruct-q4_0.gguf ambient=40 chars 433ms
07-11 19:06:54.423 11921 11939 I OnDeviceAssist: warm ok model=qwen2.5-0.5b-instruct-q4_0.gguf ambient=40 chars 0ms
07-11 19:06:55.257 12331 12331 I VkPanels: â–¶ open voice
07-11 19:06:55.574 11921 12492 I OnDeviceAssist: warm ok model=qwen2.5-0.5b-instruct-q4_0.gguf ambient=40 chars 0ms
07-11 19:06:56.369 12331 12331 I VkPanels: â–¶ open editor
07-11 19:06:56.390 12331 12331 E SpeechRecognizer: not connected to the recognition service
07-11 19:06:58.064 12331 12331 I VkPanels: â–¶ open ai_theme
07-11 19:06:59.326 12331 12331 I VkEffects: reload anim=glow blur=0px glow=true stickers=true
07-11 19:06:59.454 12331 12331 W VkStall : MAIN-THREAD STALL 131ms during: >>>>> Dispatching to Handler (android.os.Handler) {a3f24a6} g9.n@8715ee7: 0
07-11 19:06:59.756 12331 12331 W VkStall : MAIN-THREAD STALL 150ms during: >>>>> Dispatching to Handler (android.os.Handler) {a3f24a6} g9.n@8715ee7: 0
07-11 19:07:00.024 12331 12331 W VkStall : MAIN-THREAD STALL 125ms during: >>>>> Dispatching to Handler (android.os.Handler) {a3f24a6} g9.n@8715ee7: 0
07-11 19:07:00.774 12331 12331 E SpeechRecognizer: not connected to the recognition service
07-11 19:07:02.002 12331 12399 E BLASTBufferQueue: BLASTBufferItemConsumer::onDisconnect()
07-11 19:07:02.254 12331 12399 E BLASTBufferQueue: BLASTBufferItemConsumer::onDisconnect()
07-11 19:07:03.602 12331 12359 I VkSuggestions: decode typedLen=1 candidates=18 locales=1 7,5ms
07-11 19:07:03.603 12331 12359 I VkSuggestions: strip composing typedLen=1 candidates=19 autocorrect=false top=j locale=pt
07-11 19:07:03.770 12331 12359 I VkSuggestions: decode typedLen=2 candidates=18 locales=1 7,2ms
07-11 19:07:03.772 12331 12359 I VkSuggestions: strip composing typedLen=2 candidates=17 autocorrect=false top=jj locale=pt
07-11 19:07:04.039 12331 12359 I VkSuggestions: decode typedLen=4 candidates=18 locales=1 6,9ms
07-11 19:07:04.041 12331 12359 I VkSuggestions: strip composing typedLen=4 candidates=18 autocorrect=false top=jjsj locale=pt
07-11 19:07:04.182 12331 12359 I VkSuggestions: decode typedLen=5 candidates=18 locales=1 4,5ms
07-11 19:07:04.184 12331 12359 I VkSuggestions: strip composing typedLen=5 candidates=18 autocorrect=false top=jjsjj locale=pt
07-11 19:07:04.378 12331 12359 I VkSuggestions: decode typedLen=6 candidates=18 locales=1 10,8ms
07-11 19:07:04.382 12331 12359 I VkSuggestions: strip composing typedLen=6 candidates=19 autocorrect=false top=jjsjjs locale=pt
07-11 19:07:05.303 12331 12331 I VkPanels: â–¶ open emoji
07-11 19:07:05.332 12331 12331 I VkEffects: reload anim=scale blur=562px glow=true stickers=true
07-11 19:07:06.262 12331 12331 I VkPanels: â–¶ open menu
07-11 19:07:09.169 12331 12331 I VkPanels: â–¶ open menu
07-11 19:07:10.650 12331 12331 I VkMultilingual: menu languages total=1
07-11 19:07:11.947 12331 12331 W VkStall : MAIN-THREAD STALL 529ms during: >>>>> Dispatching to Handler (android.view.ViewRootImpl$ViewRootHandler) {f3dc537} android.view.View$PerformClick@7d3eb79: 0
07-11 19:07:12.097 12331 12331 W VkStall : MAIN-THREAD STALL 149ms during: >>>>> Dispatching to Handler (android.view.Choreographer$FrameHandler) {c4b2321} android.view.Choreographer$FrameDisplayEventReceiver@d383346: 0
07-11 19:07:19.685 12331 12331 I VkMultilingual: menu languages total=2
07-11 19:07:25.461 12331 12331 I VkSwipe : â–¶ gesture started locale=pt-BR
07-11 19:07:25.475 12331 12359 W VibeKeyProfiler: Slow Native Suggest: Total=8.91ms | Init=0.30ms | TrieExpand(x14)=8.59ms | Scoring=0.02ms | inputSize=2
07-11 19:07:25.479 12331 12359 I VkSuggestions: decode typedLen=2 candidates=18 locales=1 13,8ms
07-11 19:07:25.495 12331 12359 I VkSuggestions: decode typedLen=0 candidates=18 locales=1 15,8ms
07-11 19:07:25.564 12331 12359 I VkSuggestions: decode typedLen=2 candidates=18 locales=1 7,7ms
07-11 19:07:25.572 12331 12359 I VkSuggestions: decode typedLen=0 candidates=18 locales=1 7,7ms
07-11 19:07:25.583 12331 12331 I VkSwipe : âś“ gesture points=16 decodedLen=2 candidates=18 top=gp 123ms
07-11 19:07:25.965 12331 12359 I VkSuggestions: decode typedLen=1 candidates=18 locales=1 11,8ms
07-11 19:07:25.966 12331 12359 I VkSuggestions: strip composing typedLen=1 candidates=19 autocorrect=false top=h locale=pt
07-11 19:07:26.169 12331 12359 W VibeKeyProfiler: Slow Native Suggest: Total=9.20ms | Init=0.13ms | TrieExpand(x15)=9.04ms | Scoring=0.02ms | inputSize=2
07-11 19:07:26.172 12331 12359 I VkSuggestions: decode typedLen=2 candidates=18 locales=1 12,9ms
07-11 19:07:26.175 12331 12359 I VkSuggestions: strip composing typedLen=2 candidates=18 autocorrect=false top=hh locale=pt
07-11 19:07:26.698 12331 12331 I VkSwipe : â–¶ gesture started locale=pt-BR
07-11 19:07:26.724 12331 12359 I VkSuggestions: decode typedLen=3 candidates=18 locales=1 8,2ms
07-11 19:07:26.735 12331 12359 I VkSuggestions: decode typedLen=0 candidates=16 locales=1 9,8ms
07-11 19:07:26.841 12331 12359 I VkSuggestions: decode typedLen=3 candidates=18 locales=1 7,5ms
07-11 19:07:26.851 12331 12359 I VkSuggestions: decode typedLen=0 candidates=16 locales=1 9,7ms
07-11 19:07:26.959 12331 12359 I VkSuggestions: decode typedLen=3 candidates=18 locales=1 8,4ms
07-11 19:07:26.971 12331 12359 I VkSuggestions: decode typedLen=0 candidates=16 locales=1 11,0ms
07-11 19:07:27.212 12331 12359 I VkSuggestions: decode typedLen=4 candidates=18 locales=1 10,3ms
07-11 19:07:27.223 12331 12359 I VkSuggestions: decode typedLen=0 candidates=16 locales=1 10,1ms
07-11 19:07:27.312 12331 12359 I VkSuggestions: decode typedLen=4 candidates=18 locales=1 9,3ms
07-11 19:07:27.323 12331 12359 I VkSuggestions: decode typedLen=0 candidates=16 locales=1 9,8ms
07-11 19:07:27.578 12331 12359 I VkSuggestions: decode typedLen=6 candidates=18 locales=1 7,2ms
07-11 19:07:27.590 12331 12359 I VkSuggestions: decode typedLen=0 candidates=16 locales=1 11,1ms
07-11 19:07:27.684 12331 12331 W n       : [0] drop stale event: 746,343|1505 last: 730,364|1509
07-11 19:07:27.893 12331 12359 I VkSuggestions: decode typedLen=8 candidates=18 locales=1 9,7ms
07-11 19:07:27.903 12331 12359 I VkSuggestions: decode typedLen=0 candidates=16 locales=1 9,7ms
07-11 19:07:27.916 12331 12331 I VkSwipe : âś“ gesture points=85 decodedLen=9 candidates=18 top=kWh oh GH 1218ms
07-11 19:07:28.719 12331 12331 I VkSwipe : â–¶ gesture started locale=pt-BR
07-11 19:07:28.729 12331 12359 W VibeKeyProfiler: Slow Native Suggest: Total=8.19ms | Init=0.27ms | TrieExpand(x15)=7.88ms | Scoring=0.04ms | inputSize=1
07-11 19:07:28.736 12331 12359 I VkSuggestions: decode typedLen=0 candidates=18 locales=1 15,2ms
07-11 19:07:28.848 12331 12359 W VibeKeyProfiler: Slow Native Suggest: Total=8.52ms | Init=0.15ms | TrieExpand(x18)=8.31ms | Scoring=0.05ms | inputSize=2
07-11 19:07:28.853 12331 12359 I VkSuggestions: decode typedLen=2 candidates=18 locales=1 13,9ms
07-11 19:07:28.867 12331 12359 I VkSuggestions: decode typedLen=0 candidates=18 locales=1 12,7ms
07-11 19:07:29.136 12331 12359 I VkSuggestions: decode typedLen=3 candidates=18 locales=1 12,2ms
07-11 19:07:29.150 12331 12359 I VkSuggestions: decode typedLen=0 candidates=18 locales=1 13,5ms
07-11 19:07:29.386 12331 12359 I VkSuggestions: decode typedLen=4 candidates=18 locales=1 11,2ms
07-11 19:07:29.404 12331 12359 W VibeKeyProfiler: Slow Native Suggest: Total=12.52ms | Init=0.16ms | TrieExpand(x20)=12.34ms | Scoring=0.02ms | inputSize=43
07-11 19:07:29.405 12331 12359 I VkSuggestions: decode typedLen=0 candidates=18 locales=1 18,2ms
07-11 19:07:29.405 12331 12359 W VkSuggestions: slow frame 18,2ms locales=1 typedLen=0 candidates=18
07-11 19:07:29.417 12331 12331 I VkSwipe : âś“ gesture points=43 decodedLen=3 candidates=18 top=jbl 697ms
07-11 19:07:30.033 12331 12359 I VkSuggestions: decode typedLen=1 candidates=18 locales=1 7,0ms
07-11 19:07:30.034 12331 12359 I VkSuggestions: strip composing typedLen=1 candidates=19 autocorrect=false top=j locale=pt
07-11 19:07:30.210 12331 12359 I VkSuggestions: decode typedLen=2 candidates=18 locales=1 6,7ms
07-11 19:07:30.212 12331 12359 I VkSuggestions: strip composing typedLen=2 candidates=19 autocorrect=false top=jh locale=pt
07-11 19:07:30.392 12331 12359 I VkSuggestions: decode typedLen=3 candidates=18 locales=1 6,4ms
07-11 19:07:30.394 12331 12359 I VkSuggestions: strip composing typedLen=3 candidates=19 autocorrect=false top=jhe locale=pt
07-11 19:07:30.507 12331 12359 I VkSuggestions: decode typedLen=4 candidates=18 locales=1 5,3ms
07-11 19:07:30.508 12331 12359 I VkSuggestions: strip composing typedLen=4 candidates=19 autocorrect=false top=jheh locale=pt
07-11 19:07:30.707 12331 12359 I VkSuggestions: decode typedLen=5 candidates=18 locales=1 9,5ms
07-11 19:07:30.710 12331 12359 I VkSuggestions: strip composing typedLen=5 candidates=18 autocorrect=false top=jhehh locale=pt
07-11 19:07:30.841 12331 12359 I VkSuggestions: decode typedLen=6 candidates=18 locales=1 9,3ms
07-11 19:07:30.845 12331 12359 I VkSuggestions: strip composing typedLen=6 candidates=18 autocorrect=false top=jhehhd locale=pt
07-11 19:07:32.044 12331 12359 W VibeKeyProfiler: Slow Native Suggest: Total=16.08ms | Init=0.51ms | TrieExpand(x16)=15.54ms | Scoring=0.03ms | inputSize=2
07-11 19:07:32.048 12331 12359 I VkSuggestions: decode typedLen=2 candidates=18 locales=1 20,1ms
07-11 19:07:32.049 12331 12359 W VkSuggestions: slow frame 20,1ms locales=1 typedLen=2 candidates=18
07-11 19:07:32.050 12331 12359 I VkSuggestions: decode typedLen=0 candidates=1 locales=1 0,2ms
07-11 19:07:32.052 12331 12359 I VkSuggestions: strip composing typedLen=2 candidates=18 autocorrect=false top=GH locale=pt
07-11 19:07:32.190 12331 12359 W VibeKeyProfiler: Slow Native Suggest: Total=11.38ms | Init=0.26ms | TrieExpand(x18)=11.07ms | Scoring=0.05ms | inputSize=2
07-11 19:07:32.199 12331 12359 I VkSuggestions: decode typedLen=2 candidates=18 locales=1 20,0ms
07-11 19:07:32.199 12331 12359 W VkSuggestions: slow frame 20,0ms locales=1 typedLen=2 candidates=18
07-11 19:07:32.203 12331 12359 I VkSuggestions: strip composing typedLen=2 candidates=18 autocorrect=false top=oh locale=pt
07-11 19:07:32.344 12331 12359 W VibeKeyProfiler: Slow Native Suggest: Total=10.22ms | Init=0.27ms | TrieExpand(x8)=9.91ms | Scoring=0.03ms | inputSize=3
07-11 19:07:32.348 12331 12359 I VkSuggestions: decode typedLen=3 candidates=18 locales=1 13,8ms
07-11 19:07:32.350 12331 12359 I VkSuggestions: strip composing typedLen=3 candidates=17 autocorrect=false top=kWh locale=pt
07-11 19:07:32.551 12331 12359 W VibeKeyProfiler: Slow Native Suggest: Total=12.20ms | Init=0.37ms | TrieExpand(x18)=11.77ms | Scoring=0.05ms | inputSize=1
07-11 19:07:32.565 12331 12359 W VibeKeyProfiler: Slow Native Suggest: Total=12.34ms | Init=0.30ms | TrieExpand(x18)=12.00ms | Scoring=0.03ms | inputSize=1
07-11 19:07:32.566 12331 12359 I VkSuggestions: decode typedLen=1 candidates=18 locales=1 27,4ms
07-11 19:07:32.567 12331 12359 W VkSuggestions: slow frame 27,4ms locales=1 typedLen=1 candidates=18
07-11 19:07:32.568 12331 12359 I VkSuggestions: strip composing typedLen=1 candidates=19 autocorrect=false top=h locale=pt
07-11 19:07:32.653 12331 12359 W VibeKeyProfiler: Slow Native Suggest: Total=12.59ms | Init=0.03ms | TrieExpand(x17)=12.51ms | Scoring=0.04ms | inputSize=1
07-11 19:07:32.662 12331 12359 W VibeKeyProfiler: Slow Native Suggest: Total=9.43ms | Init=0.02ms | TrieExpand(x17)=9.37ms | Scoring=0.04ms | inputSize=1
07-11 19:07:32.663 12331 12359 W VkSuggestions: slow frame 23,6ms locales=1 typedLen=1 candidates=18
07-11 19:07:32.666 12331 12359 I VkSuggestions: strip composing typedLen=1 candidates=19 autocorrect=false top=g locale=pt
07-11 19:07:32.762 12331 12359 W VibeKeyProfiler: Slow Native Suggest: Total=16.46ms | Init=0.22ms | TrieExpand(x6)=16.20ms | Scoring=0.03ms | inputSize=19
07-11 19:07:32.776 12331 12359 W VibeKeyProfiler: Slow Native Suggest: Total=14.27ms | Init=0.11ms | TrieExpand(x19)=14.15ms | Scoring=0.02ms | inputSize=19
07-11 19:07:32.777 12331 12359 I VkSuggestions: decode typedLen=19 candidates=18 locales=1 33,0ms
07-11 19:07:32.778 12331 12359 W VkSuggestions: slow frame 33,0ms locales=1 typedLen=19 candidates=18
07-11 19:07:32.780 12331 12359 I VkSuggestions: strip composing typedLen=19 candidates=19 autocorrect=false top=jjsjjsjjhdjjjjdjhdh locale=pt
07-11 19:07:33.870 12331 12359 I VkSuggestions: strip prediction typedLen=0 candidates=3 autocorrect=false top=GH locale=pt
07-11 19:07:34.318 12331 12331 I VkSwipe : â–¶ gesture started locale=pt-BR
07-11 19:07:34.413 12331 12359 W VibeKeyProfiler: Slow Native Suggest: Total=8.30ms | Init=0.24ms | TrieExpand(x18)=8.02ms | Scoring=0.05ms | inputSize=2
07-11 19:07:34.416 12331 12359 I VkSuggestions: decode typedLen=2 candidates=18 locales=1 12,2ms
07-11 19:07:34.429 12331 12359 I VkSuggestions: decode typedLen=0 candidates=18 locales=1 12,6ms
07-11 19:07:34.514 12331 12359 W VibeKeyProfiler: Slow Native Suggest: Total=8.67ms | Init=0.15ms | TrieExpand(x18)=8.48ms | Scoring=0.04ms | inputSize=2
07-11 19:07:34.517 12331 12359 I VkSuggestions: decode typedLen=2 candidates=18 locales=1 12,3ms
07-11 19:07:34.525 12331 12359 I VkSuggestions: decode typedLen=0 candidates=18 locales=1 8,3ms
07-11 19:07:34.903 12331 12359 I VkSuggestions: decode typedLen=4 candidates=18 locales=1 13,6ms
07-11 19:07:34.920 12331 12359 W VibeKeyProfiler: Slow Native Suggest: Total=11.08ms | Init=0.11ms | TrieExpand(x19)=10.95ms | Scoring=0.02ms | inputSize=33
07-11 19:07:34.921 12331 12359 I VkSuggestions: decode typedLen=0 candidates=18 locales=1 17,5ms
07-11 19:07:34.922 12331 12359 W VkSuggestions: slow frame 17,5ms locales=1 typedLen=0 candidates=18
07-11 19:07:35.015 12331 12359 I VkSuggestions: decode typedLen=4 candidates=18 locales=1 8,6ms
07-11 19:07:35.036 12331 12359 W VibeKeyProfiler: Slow Native Suggest: Total=16.69ms | Init=0.11ms | TrieExpand(x28)=16.55ms | Scoring=0.03ms | inputSize=34
07-11 19:07:35.038 12331 12359 I VkSuggestions: decode typedLen=0 candidates=18 locales=1 22,3ms
07-11 19:07:35.038 12331 12359 W VkSuggestions: slow frame 22,3ms locales=1 typedLen=0 candidates=18
07-11 19:07:35.246 12331 12359 I VkSuggestions: decode typedLen=5 candidates=18 locales=1 7,7ms
07-11 19:07:35.269 12331 12359 W VibeKeyProfiler: Slow Native Suggest: Total=16.95ms | Init=0.16ms | TrieExpand(x28)=16.77ms | Scoring=0.02ms | inputSize=54
07-11 19:07:35.270 12331 12359 I VkSuggestions: decode typedLen=0 candidates=18 locales=1 23,4ms
07-11 19:07:35.270 12331 12359 W VkSuggestions: slow frame 23,4ms locales=1 typedLen=0 candidates=18
07-11 19:07:35.593 12331 12359 I VkSuggestions: decode typedLen=6 candidates=18 locales=1 9,3ms
07-11 19:07:35.615 12331 12359 W VibeKeyProfiler: Slow Native Suggest: Total=16.71ms | Init=0.13ms | TrieExpand(x28)=16.56ms | Scoring=0.02ms | inputSize=77
07-11 19:07:35.615 12331 12359 I VkSuggestions: decode typedLen=0 candidates=18 locales=1 22,4ms
07-11 19:07:35.616 12331 12359 W VkSuggestions: slow frame 22,4ms locales=1 typedLen=0 candidates=18
07-11 19:07:35.628 12331 12331 I VkSwipe : âś“ gesture points=77 decodedLen=7 candidates=18 top=John LG 1311ms
07-11 19:07:36.000 12331 12359 I VkSuggestions: decode typedLen=1 candidates=18 locales=1 7,1ms
07-11 19:07:36.001 12331 12359 I VkSuggestions: strip composing typedLen=1 candidates=19 autocorrect=false top=s locale=pt
07-11 19:07:36.133 12331 12359 I VkSuggestions: decode typedLen=2 candidates=18 locales=1 6,0ms
07-11 19:07:36.134 12331 12359 I VkSuggestions: strip composing typedLen=2 candidates=19 autocorrect=false top=sh locale=pt
07-11 19:07:36.333 12331 12359 I VkSuggestions: decode typedLen=3 candidates=18 locales=1 5,8ms
07-11 19:07:36.334 12331 12359 I VkAutocorrect: offered: shh â†’ shh
07-11 19:07:36.335 12331 12359 I VkSuggestions: strip composing typedLen=3 candidates=15 autocorrect=true top=shh locale=pt
07-11 19:07:36.483 12331 12359 I VkSuggestions: decode typedLen=4 candidates=18 locales=1 5,9ms
07-11 19:07:36.485 12331 12359 I VkSuggestions: strip composing typedLen=4 candidates=18 autocorrect=false top=shhd locale=pt
07-11 19:07:36.630 12331 12359 I VkSuggestions: decode typedLen=5 candidates=18 locales=1 4,5ms
07-11 19:07:36.632 12331 12359 I VkSuggestions: strip composing typedLen=5 candidates=18 autocorrect=false top=shhdh locale=pt
07-11 19:07:36.807 12331 12359 I VkSuggestions: decode typedLen=6 candidates=18 locales=1 3,5ms
07-11 19:07:36.815 12331 12359 I VkSuggestions: strip composing typedLen=6 candidates=19 autocorrect=false top=shhdhh locale=pt
07-11 19:07:36.964 12331 12359 I VkSuggestions: decode typedLen=7 candidates=18 locales=1 2,6ms
07-11 19:07:36.966 12331 12359 I VkSuggestions: strip composing typedLen=7 candidates=19 autocorrect=false top=shhdhhd locale=pt
07-11 19:07:37.945 12331 12359 I VkSuggestions: decode typedLen=2 candidates=18 locales=1 11,9ms
07-11 19:07:37.947 12331 12359 I VkSuggestions: decode typedLen=0 candidates=2 locales=1 0,4ms
07-11 19:07:37.947 12331 12359 I VkSuggestions: strip composing typedLen=2 candidates=17 autocorrect=false top=LG locale=pt
07-11 19:07:38.115 12331 12359 I VkSuggestions: decode typedLen=4 candidates=18 locales=1 12,9ms
07-11 19:07:38.117 12331 12359 I VkSuggestions: strip composing typedLen=4 candidates=17 autocorrect=false top=John locale=pt
07-11 19:07:38.432 12331 12359 I VkSuggestions: strip prediction typedLen=0 candidates=3 autocorrect=false top=GH locale=pt
07-11 19:07:39.113 12331 12359 I VkSuggestions: decode typedLen=1 candidates=18 locales=1 9,2ms
07-11 19:07:39.116 12331 12359 I VkSuggestions: strip composing typedLen=1 candidates=18 autocorrect=false top=b locale=pt
07-11 19:07:39.362 12331 12359 I VkSuggestions: decode typedLen=2 candidates=18 locales=1 9,2ms
07-11 19:07:39.364 12331 12359 I VkSuggestions: strip composing typedLen=2 candidates=18 autocorrect=false top=bh locale=pt
07-11 19:07:39.638 12331 12359 I VkSuggestions: decode typedLen=3 candidates=18 locales=1 7,1ms
07-11 19:07:39.639 12331 12359 I VkSuggestions: strip composing typedLen=3 candidates=16 autocorrect=false top=bhs locale=pt
07-11 19:07:40.052 12331 12331 I VkSwipe : â–¶ gesture started locale=pt-BR
07-11 19:07:40.601 12331 12359 W VibeKeyProfiler: Slow Native Suggest: Total=19.72ms | Init=0.20ms | TrieExpand(x31)=19.50ms | Scoring=0.02ms | inputSize=42
07-11 19:07:40.604 12331 12359 I VkSuggestions: decode typedLen=0 candidates=18 locales=1 29,7ms
07-11 19:07:40.604 12331 12359 W VkSuggestions: slow frame 29,7ms locales=1 typedLen=0 candidates=18
07-11 19:07:40.617 12331 12331 I VkSwipe : âś“ gesture points=42 decodedLen=2 candidates=12 top=đźŤś 565ms
07-11 19:07:41.120 12331 12331 I VkSwipe : â–¶ gesture started locale=pt-BR
07-11 19:07:41.121 12331 12331 I VkAutocorrect: kept (swipe): đźŤś
07-11 19:07:41.230 12331 12359 I VkSuggestions: decode typedLen=2 candidates=18 locales=1 8,6ms
07-11 19:07:41.243 12331 12359 I VkSuggestions: decode typedLen=0 candidates=18 locales=1 12,4ms
07-11 19:07:41.249 12331 12359 I VkSuggestions: decode typedLen=2 candidates=18 locales=1 5,3ms
07-11 19:07:41.257 12331 12359 I VkSuggestions: decode typedLen=0 candidates=18 locales=1 7,7ms
07-11 19:07:41.264 12331 12331 I VkSwipe : âś“ gesture points=12 decodedLen=2 candidates=18 top=HK 144ms
07-11 19:07:41.716 12331 12359 I VkSuggestions: decode typedLen=2 candidates=18 locales=1 6,5ms
07-11 19:07:41.718 12331 12359 I VkSuggestions: strip composing typedLen=2 candidates=19 autocorrect=false top=sh locale=pt
07-11 19:07:41.924 12331 12359 I VkSuggestions: decode typedLen=3 candidates=18 locales=1 6,3ms
07-11 19:07:41.925 12331 12359 I VkAutocorrect: offered: shh â†’ shh
07-11 19:07:41.925 12331 12359 I VkSuggestions: strip composing typedLen=3 candidates=17 autocorrect=true top=shh locale=pt
07-11 19:07:42.085 12331 12359 I VkSuggestions: decode typedLen=4 candidates=18 locales=1 7,2ms
07-11 19:07:42.087 12331 12359 I VkSuggestions: strip composing typedLen=4 candidates=19 autocorrect=false top=shhs locale=pt
07-11 19:07:42.742 12331 12331 I VkSwipe : â–¶ gesture started locale=pt-BR
07-11 19:07:42.754 12331 12359 W VibeKeyProfiler: Slow Native Suggest: Total=8.46ms | Init=0.27ms | TrieExpand(x17)=8.16ms | Scoring=0.03ms | inputSize=2
07-11 19:07:42.758 12331 12359 I VkSuggestions: decode typedLen=2 candidates=18 locales=1 12,6ms
07-11 19:07:42.771 12331 12359 I VkSuggestions: decode typedLen=0 candidates=18 locales=1 12,9ms
07-11 19:07:42.871 12331 12359 I VkSuggestions: decode typedLen=2 candidates=18 locales=1 11,0ms
