=== VibeKey 4.1.279 (4379) ===

--------- beginning of system
06-18 12:14:01.588 19424 19424 E OplusCustomizeRestrictionManager: sInstance is null, start a new sInstance
06-18 12:15:07.450 21640 21640 E OplusCustomizeRestrictionManager: sInstance is null, start a new sInstance
06-18 12:15:18.174 21640 21806 E ActivityThread: Failed to find provider info for com.oplus.statistics.provider
06-18 12:15:18.174 21640 21806 E OplusStatistics--: IllegalArgumentException:java.lang.IllegalArgumentException: Unknown URL content://com.oplus.statistics.provider/track_event
--------- beginning of crash
06-18 12:16:03.227 21640 21674 F libc    : Fatal signal 7 (SIGBUS), code 2 (BUS_ADRERR), fault addr 0x75c69a2000 in tid 21674 (d), pid 21640 (AndroidUI)
06-18 12:16:04.618 22205 22205 F DEBUG   : Process name is com.vibekey.keyboard, not key_process
06-18 12:16:04.618 22205 22205 F DEBUG   : keyProcess: 0
06-18 12:16:04.618 22205 22205 F DEBUG   : *** *** *** *** *** *** *** *** *** *** *** *** *** *** *** ***
06-18 12:16:04.618 22205 22205 F DEBUG   : Build fingerprint: 'OnePlus/OnePlus7Pro/OnePlus7Pro:12/SKQ1.211113.001/P.202303230244:user/release-keys'
06-18 12:16:04.618 22205 22205 F DEBUG   : Revision: '0'
06-18 12:16:04.618 22205 22205 F DEBUG   : ABI: 'arm64'
06-18 12:16:04.618 22205 22205 F DEBUG   : Timestamp: 2026-06-18 12:16:03.565243676-0400
06-18 12:16:04.618 22205 22205 F DEBUG   : Process uptime: 0s
06-18 12:16:04.618 22205 22205 F DEBUG   : Cmdline: com.vibekey.keyboard
06-18 12:16:04.618 22205 22205 F DEBUG   : pid: 21640, tid: 21674, name: d  >>> com.vibekey.keyboard <<<
06-18 12:16:04.618 22205 22205 F DEBUG   : uid: 14135
06-18 12:16:04.618 22205 22205 F DEBUG   : signal 7 (SIGBUS), code 2 (BUS_ADRERR), fault addr 0x75c69a2000
06-18 12:16:04.618 22205 22205 F DEBUG   :     x0  0000000000000000  x1  00000000000054aa  x2  0000000000000007  x3  000000768da07da0
06-18 12:16:04.618 22205 22205 F DEBUG   :     x4  000000768da076a8  x5  000000768da076a8  x6  000000768da076a8  x7  0000000000000000
06-18 12:16:04.618 22205 22205 F DEBUG   :     x8  00000000000000f0  x9  db746b027190efc7  x10 0000000000004001  x11 0000000000000000
06-18 12:16:04.618 22205 22205 F DEBUG   :     x12 00000000ffffffff  x13 0000000000000000  x14 000000000000001f  x15 00000075c69a1fff
06-18 12:16:04.618 22205 22205 F DEBUG   :     x16 000000757caad3a8  x17 00000076790b8f10  x18 00000075616d6000  x19 0000000000000007
06-18 12:16:04.618 22205 22205 F DEBUG   :     x20 000000768da07da0  x21 0000000000005488  x22 000000768da07d00  x23 0000000000000001
06-18 12:16:04.618 22205 22205 F DEBUG   :     x24 00000075dbdad8d8  x25 00000075dbdad9f0  x26 00000075dbdada24  x27 0000000000000001
06-18 12:16:04.618 22205 22205 F DEBUG   :     x28 00000075dbdadfd8  x29 000000768da07d20
06-18 12:16:04.618 22205 22205 F DEBUG   :     lr  0000007576cbabc8  sp  000000768da07d00  pc  00000076790b8f34  pst 0000000000000000
06-18 12:16:04.618 22205 22205 F DEBUG   : backtrace:
06-18 12:16:04.618 22205 22205 F DEBUG   :       #00 pc 0000000000075f34  /apex/com.android.runtime/lib64/bionic/libc.so (syscall+36) (BuildId: bbbdeb7c87c74f1491f92c6e605095b0)
06-18 12:16:04.618 22205 22205 F DEBUG   :       #01 pc 00000000040a9bc4  /data/app/~~-XGWjzmdoRrM1YaZYK883A==/com.google.android.webview-HvpxCmuUIjPsZ4yTEw8s4w==/base.apk!libwebviewchromium.so (BuildId: f447b77da2d76e8d4d133b66c727c3ae532b54bf)
06-18 12:16:04.618 22205 22205 F DEBUG   :       #02 pc 00000000040a03c4  /data/app/~~-XGWjzmdoRrM1YaZYK883A==/com.google.android.webview-HvpxCmuUIjPsZ4yTEw8s4w==/base.apk!libwebviewchromium.so (BuildId: f447b77da2d76e8d4d133b66c727c3ae532b54bf)
06-18 12:16:04.618 22205 22205 F DEBUG   :       #03 pc 0000000000000638  [vdso] (__kernel_rt_sigreturn+0)
06-18 12:16:04.618 22205 22205 F DEBUG   :       #04 pc 00000000000b6934  /data/app/~~YV3fyOyvCYIMFhxmq4_yjw==/com.vibekey.keyboard-nCG_t--zrBUbhSDcYsMf9A==/lib/arm64/libjni_latinime.so (latinime::PatriciaTrieReadingUtils::readPtNodeInfo(unsigned char const*, int, int, latinime::DictionaryShortcutsStructurePolicy const*, latinime::DictionaryBigramsStructurePolicy const*, int const*, unsigned char*, int*, int*, int*, int*, int*, int*, int*)+512) (BuildId: f905dbd1a904967a994cf833116e517b05caa863)
06-18 12:16:04.618 22205 22205 F DEBUG   :       #05 pc 00000000000b8980  /data/app/~~YV3fyOyvCYIMFhxmq4_yjw==/com.vibekey.keyboard-nCG_t--zrBUbhSDcYsMf9A==/lib/arm64/libjni_latinime.so (latinime::Ver2ParticiaTrieNodeReader::fetchPtNodeParamsInBufferFromPtNodePos(int) const+140) (BuildId: f905dbd1a904967a994cf833116e517b05caa863)
06-18 12:16:04.618 22205 22205 F DEBUG   :       #06 pc 00000000000b4b74  /data/app/~~YV3fyOyvCYIMFhxmq4_yjw==/com.vibekey.keyboard-nCG_t--zrBUbhSDcYsMf9A==/lib/arm64/libjni_latinime.so (latinime::DynamicPtReadingHelper::getTerminalPtNodePositionOfWord(int const*, unsigned long, bool)+232) (BuildId: f905dbd1a904967a994cf833116e517b05caa863)
06-18 12:16:04.618 22205 22205 F DEBUG   :       #07 pc 00000000000b7324  /data/app/~~YV3fyOyvCYIMFhxmq4_yjw==/com.vibekey.keyboard-nCG_t--zrBUbhSDcYsMf9A==/lib/arm64/libjni_latinime.so (latinime::PatriciaTriePolicy::getWordId(latinime::IntArrayView, bool) const+184) (BuildId: f905dbd1a904967a994cf833116e517b05caa863)
06-18 12:16:04.618 22205 22205 F DEBUG   :       #08 pc 00000000000a7d54  /data/app/~~YV3fyOyvCYIMFhxmq4_yjw==/com.vibekey.keyboard-nCG_t--zrBUbhSDcYsMf9A==/lib/arm64/libjni_latinime.so (latinime::NgramContext::getWordId(latinime::DictionaryStructureWithBufferPolicy const*, int const*, int, bool, bool)+232) (BuildId: f905dbd1a904967a994cf833116e517b05caa863)
06-18 12:16:04.618 22205 22205 F DEBUG   :       #09 pc 00000000000d337c  /data/app/~~YV3fyOyvCYIMFhxmq4_yjw==/com.vibekey.keyboard-nCG_t--zrBUbhSDcYsMf9A==/lib/arm64/libjni_latinime.so (latinime::DicTraverseSession::init(latinime::Dictionary const*, latinime::NgramContext const*, latinime::SuggestOptions const*)+124) (BuildId: f905dbd1a904967a994cf833116e517b05caa863)
06-18 12:16:04.618 22205 22205 F DEBUG   :       #10 pc 00000000000c8bd0  /data/app/~~YV3fyOyvCYIMFhxmq4_yjw==/com.vibekey.keyboard-nCG_t--zrBUbhSDcYsMf9A==/lib/arm64/libjni_latinime.so (latinime::Dictionary::getSuggestions(latinime::ProximityInfo*, latinime::DicTraverseSession*, int*, int*, int*, int*, int*, int, latinime::NgramContext const*, latinime::SuggestOptions const*, float, latinime::SuggestionResults*) const+104) (BuildId: f905dbd1a904967a994cf833116e517b05caa863)
06-18 12:16:04.618 22205 22205 F DEBUG   :       #11 pc 000000000009fd88  /data/app/~~YV3fyOyvCYIMFhxmq4_yjw==/com.vibekey.keyboard-nCG_t--zrBUbhSDcYsMf9A==/lib/arm64/libjni_latinime.so (BuildId: f905dbd1a904967a994cf833116e517b05caa863)
06-18 12:16:04.618 22205 22205 F DEBUG   :       #12 pc 00000000002c2100  /apex/com.android.art/lib64/libart.so (art_quick_generic_jni_trampoline+144) (BuildId: 7087b2f2160bfbf3335d54ba9779e325)
06-18 12:16:04.618 22205 22205 F DEBUG   :       #13 pc 00000000006692dc  /apex/com.android.art/lib64/libart.so (nterp_helper+3852) (BuildId: 7087b2f2160bfbf3335d54ba9779e325)
06-18 12:16:04.618 22205 22205 F DEBUG   :       #14 pc 0000000000228634  /data/app/~~YV3fyOyvCYIMFhxmq4_yjw==/com.vibekey.keyboard-nCG_t--zrBUbhSDcYsMf9A==/oat/arm64/base.vdex (com.android.inputmethod.latin.BinaryDictionary.q+572)
06-18 12:16:04.618 22205 22205 F DEBUG   :       #15 pc 0000000000669a28  /apex/com.android.art/lib64/libart.so (nterp_helper+5720) (BuildId: 7087b2f2160bfbf3335d54ba9779e325)
06-18 12:16:04.618 22205 22205 F DEBUG   :       #16 pc 00000000002283b2  /data/app/~~YV3fyOyvCYIMFhxmq4_yjw==/com.vibekey.keyboard-nCG_t--zrBUbhSDcYsMf9A==/oat/arm64/base.vdex (com.android.inputmethod.latin.BinaryDictionary.d+2)
06-18 12:16:04.618 22205 22205 F DEBUG   :       #17 pc 0000000000669a28  /apex/com.android.art/lib64/libart.so (nterp_helper+5720) (BuildId: 7087b2f2160bfbf3335d54ba9779e325)
06-18 12:16:04.618 22205 22205 F DEBUG   :       #18 pc 0000000000ae71e2  /data/app/~~YV3fyOyvCYIMFhxmq4_yjw==/com.vibekey.keyboard-nCG_t--zrBUbhSDcYsMf9A==/oat/arm64/base.vdex (v7.k.d+50)
06-18 12:16:04.618 22205 22205 F DEBUG   :       #19 pc 0000000000669a28  /apex/com.android.art/lib64/libart.so (nterp_helper+5720) (BuildId: 7087b2f2160bfbf3335d54ba9779e325)
06-18 12:16:04.618 22205 22205 F DEBUG   :       #20 pc 0000000000ae632a  /data/app/~~YV3fyOyvCYIMFhxmq4_yjw==/com.vibekey.keyboard-nCG_t--zrBUbhSDcYsMf9A==/oat/arm64/base.vdex (v7.e.d+150)
06-18 12:16:04.618 22205 22205 F DEBUG   :       #21 pc 0000000000669a28  /apex/com.android.art/lib64/libart.so (nterp_helper+5720) (BuildId: 7087b2f2160bfbf3335d54ba9779e325)
06-18 12:16:04.618 22205 22205 F DEBUG   :       #22 pc 00000000005b472e  /data/app/~~YV3fyOyvCYIMFhxmq4_yjw==/com.vibekey.keyboard-nCG_t--zrBUbhSDcYsMf9A==/oat/arm64/base.vdex (p7.o.i+334)
06-18 12:16:04.618 22205 22205 F DEBUG   :       #23 pc 0000000000669a28  /apex/com.android.art/lib64/libart.so (nterp_helper+5720) (BuildId: 7087b2f2160bfbf3335d54ba9779e325)
06-18 12:16:04.618 22205 22205 F DEBUG   :       #24 pc 00000000005b4088  /data/app/~~YV3fyOyvCYIMFhxmq4_yjw==/com.vibekey.keyboard-nCG_t--zrBUbhSDcYsMf9A==/oat/arm64/base.vdex (p7.o.h+252)
06-18 12:16:04.618 22205 22205 F DEBUG   :       #25 pc 0000000000669a28  /apex/com.android.art/lib64/libart.so (nterp_helper+5720) (BuildId: 7087b2f2160bfbf3335d54ba9779e325)
06-18 12:16:04.618 22205 22205 F DEBUG   :       #26 pc 00000000005b3f44  /data/app/~~YV3fyOyvCYIMFhxmq4_yjw==/com.vibekey.keyboard-nCG_t--zrBUbhSDcYsMf9A==/oat/arm64/base.vdex (p7.o.g+112)
06-18 12:16:04.618 22205 22205 F DEBUG   :       #27 pc 0000000000669a28  /apex/com.android.art/lib64/libart.so (nterp_helper+5720) (BuildId: 7087b2f2160bfbf3335d54ba9779e325)
06-18 12:16:04.618 22205 22205 F DEBUG   :       #28 pc 00000000005bc61a  /data/app/~~YV3fyOyvCYIMFhxmq4_yjw==/com.vibekey.keyboard-nCG_t--zrBUbhSDcYsMf9A==/oat/arm64/base.vdex (p7.i1.c+266)
06-18 12:16:04.618 22205 22205 F DEBUG   :       #29 pc 0000000000669a28  /apex/com.android.art/lib64/libart.so (nterp_helper+5720) (BuildId: 7087b2f2160bfbf3335d54ba9779e325)
06-18 12:16:04.618 22205 22205 F DEBUG   :       #30 pc 00000000005bc498  /data/app/~~YV3fyOyvCYIMFhxmq4_yjw==/com.vibekey.keyboard-nCG_t--zrBUbhSDcYsMf9A==/oat/arm64/base.vdex (p7.i1.b+2656)
06-18 12:16:04.618 22205 22205 F DEBUG   :       #31 pc 0000000000669a28  /apex/com.android.art/lib64/libart.so (nterp_helper+5720) (BuildId: 7087b2f2160bfbf3335d54ba9779e325)
06-18 12:16:04.618 22205 22205 F DEBUG   :       #32 pc 0000000000aee3b6  /data/app/~~YV3fyOyvCYIMFhxmq4_yjw==/com.vibekey.keyboard-nCG_t--zrBUbhSDcYsMf9A==/oat/arm64/base.vdex (x7.b.m+1458)
06-18 12:16:04.618 22205 22205 F DEBUG   :       #33 pc 0000000000669324  /apex/com.android.art/lib64/libart.so (nterp_helper+3924) (BuildId: 7087b2f2160bfbf3335d54ba9779e325)
06-18 12:16:04.618 22205 22205 F DEBUG   :       #34 pc 00000000001a39ba  /data/app/~~YV3fyOyvCYIMFhxmq4_yjw==/com.vibekey.keyboard-nCG_t--zrBUbhSDcYsMf9A==/oat/arm64/base.vdex (a5.a.run+102)
06-18 12:16:04.618 22205 22205 F DEBUG   :       #35 pc 000000000066a144  /apex/com.android.art/lib64/libart.so (nterp_helper+7540) (BuildId: 7087b2f2160bfbf3335d54ba9779e325)
06-18 12:16:04.618 22205 22205 F DEBUG   :       #36 pc 0000000000aeb276  /data/app/~~YV3fyOyvCYIMFhxmq4_yjw==/com.vibekey.keyboard-nCG_t--zrBUbhSDcYsMf9A==/oat/arm64/base.vdex (x7.d.handleMessage+18)
06-18 12:16:04.618 22205 22205 F DEBUG   :       #37 pc 000000000205b2d4  /memfd:jit-zygote-cache (deleted)
06-18 12:16:06.536 22263 22263 E OplusCustomizeRestrictionManager: sInstance is null, start a new sInstance
06-18 12:16:15.135 22263 22299 F libc    : Fatal signal 7 (SIGBUS), code 2 (BUS_ADRERR), fault addr 0x76665f2685 in tid 22299 (d), pid 22263 (AndroidUI)
06-18 12:16:16.320 22618 22618 F DEBUG   : Process name is com.vibekey.keyboard, not key_process
06-18 12:16:16.320 22618 22618 F DEBUG   : keyProcess: 0
06-18 12:16:16.320 22618 22618 F DEBUG   : *** *** *** *** *** *** *** *** *** *** *** *** *** *** *** ***
06-18 12:16:16.320 22618 22618 F DEBUG   : Build fingerprint: 'OnePlus/OnePlus7Pro/OnePlus7Pro:12/SKQ1.211113.001/P.202303230244:user/release-keys'
06-18 12:16:16.320 22618 22618 F DEBUG   : Revision: '0'
06-18 12:16:16.320 22618 22618 F DEBUG   : ABI: 'arm64'
06-18 12:16:16.320 22618 22618 F DEBUG   : Timestamp: 2026-06-18 12:16:15.374634609-0400
06-18 12:16:16.320 22618 22618 F DEBUG   : Process uptime: 0s
06-18 12:16:16.320 22618 22618 F DEBUG   : Cmdline: com.vibekey.keyboard
06-18 12:16:16.320 22618 22618 F DEBUG   : pid: 22263, tid: 22299, name: d  >>> com.vibekey.keyboard <<<
06-18 12:16:16.320 22618 22618 F DEBUG   : uid: 14135
06-18 12:16:16.320 22618 22618 F DEBUG   : signal 7 (SIGBUS), code 2 (BUS_ADRERR), fault addr 0x76665f2685
06-18 12:16:16.320 22618 22618 F DEBUG   :     x0  0000000000000000  x1  000000000000571b  x2  0000000000000007  x3  00000076878c0da0
06-18 12:16:16.320 22618 22618 F DEBUG   :     x4  00000076878c06a8  x5  00000076878c06a8  x6  00000076878c06a8  x7  0000000000000000
06-18 12:16:16.320 22618 22618 F DEBUG   :     x8  00000000000000f0  x9  db746b027190efc7  x10 0000000000004001  x11 0000000000000000
06-18 12:16:16.320 22618 22618 F DEBUG   :     x12 00000000ffffffff  x13 0000000000000000  x14 b4000074e070d708  x15 00000000358637bd
06-18 12:16:16.320 22618 22618 F DEBUG   :     x16 000000757caad3a8  x17 00000076790b8f10  x18 000000752e052000  x19 0000000000000007
06-18 12:16:16.320 22618 22618 F DEBUG   :     x20 00000076878c0da0  x21 00000000000056f7  x22 00000076878c0d00  x23 0000000000000001
06-18 12:16:16.320 22618 22618 F DEBUG   :     x24 b4000074e0a11740  x25 b4000075cacce790  x26 0000000000074e00  x27 b4000074e0a0db40
06-18 12:16:16.320 22618 22618 F DEBUG   :     x28 0000000000000000  x29 00000076878c0d20
06-18 12:16:16.320 22618 22618 F DEBUG   :     lr  0000007576cbabc8  sp  00000076878c0d00  pc  00000076790b8f34  pst 0000000000000000
06-18 12:16:16.320 22618 22618 F DEBUG   : backtrace:
06-18 12:16:16.320 22618 22618 F DEBUG   :       #00 pc 0000000000075f34  /apex/com.android.runtime/lib64/bionic/libc.so (syscall+36) (BuildId: bbbdeb7c87c74f1491f92c6e605095b0)
06-18 12:16:16.320 22618 22618 F DEBUG   :       #01 pc 00000000040a9bc4  /data/app/~~-XGWjzmdoRrM1YaZYK883A==/com.google.android.webview-HvpxCmuUIjPsZ4yTEw8s4w==/base.apk!libwebviewchromium.so (BuildId: f447b77da2d76e8d4d133b66c727c3ae532b54bf)
06-18 12:16:16.320 22618 22618 F DEBUG   :       #02 pc 00000000040a03c4  /data/app/~~-XGWjzmdoRrM1YaZYK883A==/com.google.android.webview-HvpxCmuUIjPsZ4yTEw8s4w==/base.apk!libwebviewchromium.so (BuildId: f447b77da2d76e8d4d133b66c727c3ae532b54bf)
06-18 12:16:16.320 22618 22618 F DEBUG   :       #03 pc 0000000000000638  [vdso] (__kernel_rt_sigreturn+0)
06-18 12:16:16.320 22618 22618 F DEBUG   :       #04 pc 00000000000b62f4  /data/app/~~YV3fyOyvCYIMFhxmq4_yjw==/com.vibekey.keyboard-nCG_t--zrBUbhSDcYsMf9A==/lib/arm64/libjni_latinime.so (latinime::PatriciaTrieReadingUtils::getPtNodeArraySizeAndAdvancePosition(unsigned char const*, int, int*)+44) (BuildId: f905dbd1a904967a994cf833116e517b05caa863)
06-18 12:16:16.320 22618 22618 F DEBUG   :       #05 pc 00000000000b6c2c  /data/app/~~YV3fyOyvCYIMFhxmq4_yjw==/com.vibekey.keyboard-nCG_t--zrBUbhSDcYsMf9A==/lib/arm64/libjni_latinime.so (latinime::PatriciaTriePolicy::createAndGetAllChildDicNodes(latinime::DicNode const*, latinime::DicNodeVector*) const+112) (BuildId: f905dbd1a904967a994cf833116e517b05caa863)
06-18 12:16:16.320 22618 22618 F DEBUG   :       #06 pc 00000000000d598c  /data/app/~~YV3fyOyvCYIMFhxmq4_yjw==/com.vibekey.keyboard-nCG_t--zrBUbhSDcYsMf9A==/lib/arm64/libjni_latinime.so (latinime::Suggest::processDicNodeAsOmission(latinime::DicTraverseSession*, latinime::DicNode*) const+84) (BuildId: f905dbd1a904967a994cf833116e517b05caa863)
06-18 12:16:16.320 22618 22618 F DEBUG   :       #07 pc 00000000000d4a88  /data/app/~~YV3fyOyvCYIMFhxmq4_yjw==/com.vibekey.keyboard-nCG_t--zrBUbhSDcYsMf9A==/lib/arm64/libjni_latinime.so (latinime::Suggest::expandCurrentDicNodes(latinime::DicTraverseSession*) const+1732) (BuildId: f905dbd1a904967a994cf833116e517b05caa863)
06-18 12:16:16.320 22618 22618 F DEBUG   :       #08 pc 00000000000d3c0c  /data/app/~~YV3fyOyvCYIMFhxmq4_yjw==/com.vibekey.keyboard-nCG_t--zrBUbhSDcYsMf9A==/lib/arm64/libjni_latinime.so (latinime::Suggest::getSuggestions(latinime::ProximityInfo*, void*, int*, int*, int*, int*, int*, int, float, latinime::SuggestionResults*) const+504) (BuildId: f905dbd1a904967a994cf833116e517b05caa863)
06-18 12:16:16.320 22618 22618 F DEBUG   :       #09 pc 000000000009fd88  /data/app/~~YV3fyOyvCYIMFhxmq4_yjw==/com.vibekey.keyboard-nCG_t--zrBUbhSDcYsMf9A==/lib/arm64/libjni_latinime.so (BuildId: f905dbd1a904967a994cf833116e517b05caa863)
06-18 12:16:16.320 22618 22618 F DEBUG   :       #10 pc 00000000002c2100  /apex/com.android.art/lib64/libart.so (art_quick_generic_jni_trampoline+144) (BuildId: 7087b2f2160bfbf3335d54ba9779e325)
06-18 12:16:16.320 22618 22618 F DEBUG   :       #11 pc 00000000006692dc  /apex/com.android.art/lib64/libart.so (nterp_helper+3852) (BuildId: 7087b2f2160bfbf3335d54ba9779e325)
06-18 12:16:16.320 22618 22618 F DEBUG   :       #12 pc 0000000000228634  /data/app/~~YV3fyOyvCYIMFhxmq4_yjw==/com.vibekey.keyboard-nCG_t--zrBUbhSDcYsMf9A==/oat/arm64/base.vdex (com.android.inputmethod.latin.BinaryDictionary.q+572)
06-18 12:16:16.320 22618 22618 F DEBUG   :       #13 pc 0000000000669a28  /apex/com.android.art/lib64/libart.so (nterp_helper+5720) (BuildId: 7087b2f2160bfbf3335d54ba9779e325)
06-18 12:16:16.320 22618 22618 F DEBUG   :       #14 pc 00000000002283b2  /data/app/~~YV3fyOyvCYIMFhxmq4_yjw==/com.vibekey.keyboard-nCG_t--zrBUbhSDcYsMf9A==/oat/arm64/base.vdex (com.android.inputmethod.latin.BinaryDictionary.d+2)
06-18 12:16:16.320 22618 22618 F DEBUG   :       #15 pc 0000000000669a28  /apex/com.android.art/lib64/libart.so (nterp_helper+5720) (BuildId: 7087b2f2160bfbf3335d54ba9779e325)
06-18 12:16:16.320 22618 22618 F DEBUG   :       #16 pc 0000000000ae71e2  /data/app/~~YV3fyOyvCYIMFhxmq4_yjw==/com.vibekey.keyboard-nCG_t--zrBUbhSDcYsMf9A==/oat/arm64/base.vdex (v7.k.d+50)
06-18 12:16:16.320 22618 22618 F DEBUG   :       #17 pc 0000000000669a28  /apex/com.android.art/lib64/libart.so (nterp_helper+5720) (BuildId: 7087b2f2160bfbf3335d54ba9779e325)
06-18 12:16:16.320 22618 22618 F DEBUG   :       #18 pc 0000000000ae632a  /data/app/~~YV3fyOyvCYIMFhxmq4_yjw==/com.vibekey.keyboard-nCG_t--zrBUbhSDcYsMf9A==/oat/arm64/base.vdex (v7.e.d+150)
06-18 12:16:16.320 22618 22618 F DEBUG   :       #19 pc 0000000000669a28  /apex/com.android.art/lib64/libart.so (nterp_helper+5720) (BuildId: 7087b2f2160bfbf3335d54ba9779e325)
06-18 12:16:16.320 22618 22618 F DEBUG   :       #20 pc 00000000005b472e  /data/app/~~YV3fyOyvCYIMFhxmq4_yjw==/com.vibekey.keyboard-nCG_t--zrBUbhSDcYsMf9A==/oat/arm64/base.vdex (p7.o.i+334)
06-18 12:16:16.320 22618 22618 F DEBUG   :       #21 pc 0000000000669a28  /apex/com.android.art/lib64/libart.so (nterp_helper+5720) (BuildId: 7087b2f2160bfbf3335d54ba9779e325)
06-18 12:16:16.320 22618 22618 F DEBUG   :       #22 pc 00000000005b4088  /data/app/~~YV3fyOyvCYIMFhxmq4_yjw==/com.vibekey.keyboard-nCG_t--zrBUbhSDcYsMf9A==/oat/arm64/base.vdex (p7.o.h+252)
06-18 12:16:16.320 22618 22618 F DEBUG   :       #23 pc 0000000000669a28  /apex/com.android.art/lib64/libart.so (nterp_helper+5720) (BuildId: 7087b2f2160bfbf3335d54ba9779e325)
06-18 12:16:16.320 22618 22618 F DEBUG   :       #24 pc 00000000005b3f44  /data/app/~~YV3fyOyvCYIMFhxmq4_yjw==/com.vibekey.keyboard-nCG_t--zrBUbhSDcYsMf9A==/oat/arm64/base.vdex (p7.o.g+112)
06-18 12:16:16.320 22618 22618 F DEBUG   :       #25 pc 0000000000669a28  /apex/com.android.art/lib64/libart.so (nterp_helper+5720) (BuildId: 7087b2f2160bfbf3335d54ba9779e325)
06-18 12:16:16.320 22618 22618 F DEBUG   :       #26 pc 00000000005bc61a  /data/app/~~YV3fyOyvCYIMFhxmq4_yjw==/com.vibekey.keyboard-nCG_t--zrBUbhSDcYsMf9A==/oat/arm64/base.vdex (p7.i1.c+266)
06-18 12:16:16.320 22618 22618 F DEBUG   :       #27 pc 0000000000669a28  /apex/com.android.art/lib64/libart.so (nterp_helper+5720) (BuildId: 7087b2f2160bfbf3335d54ba9779e325)
06-18 12:16:16.320 22618 22618 F DEBUG   :       #28 pc 00000000005bc498  /data/app/~~YV3fyOyvCYIMFhxmq4_yjw==/com.vibekey.keyboard-nCG_t--zrBUbhSDcYsMf9A==/oat/arm64/base.vdex (p7.i1.b+2656)
06-18 12:16:16.320 22618 22618 F DEBUG   :       #29 pc 0000000000669a28  /apex/com.android.art/lib64/libart.so (nterp_helper+5720) (BuildId: 7087b2f2160bfbf3335d54ba9779e325)
06-18 12:16:16.320 22618 22618 F DEBUG   :       #30 pc 0000000000aee3b6  /data/app/~~YV3fyOyvCYIMFhxmq4_yjw==/com.vibekey.keyboard-nCG_t--zrBUbhSDcYsMf9A==/oat/arm64/base.vdex (x7.b.m+1458)
06-18 12:16:16.320 22618 22618 F DEBUG   :       #31 pc 0000000000669324  /apex/com.android.art/lib64/libart.so (nterp_helper+3924) (BuildId: 7087b2f2160bfbf3335d54ba9779e325)
06-18 12:16:16.320 22618 22618 F DEBUG   :       #32 pc 00000000001a39ba  /data/app/~~YV3fyOyvCYIMFhxmq4_yjw==/com.vibekey.keyboard-nCG_t--zrBUbhSDcYsMf9A==/oat/arm64/base.vdex (a5.a.run+102)
06-18 12:16:16.320 22618 22618 F DEBUG   :       #33 pc 000000000066a144  /apex/com.android.art/lib64/libart.so (nterp_helper+7540) (BuildId: 7087b2f2160bfbf3335d54ba9779e325)
06-18 12:16:16.320 22618 22618 F DEBUG   :       #34 pc 0000000000aeb276  /data/app/~~YV3fyOyvCYIMFhxmq4_yjw==/com.vibekey.keyboard-nCG_t--zrBUbhSDcYsMf9A==/oat/arm64/base.vdex (x7.d.handleMessage+18)
06-18 12:16:16.320 22618 22618 F DEBUG   :       #35 pc 000000000205b2d4  /memfd:jit-zygote-cache (deleted)
06-18 12:16:20.561 22730 22730 E OplusCustomizeRestrictionManager: sInstance is null, start a new sInstance
06-18 12:16:26.616 22730 22730 F libc    : Fatal signal 7 (SIGBUS), code 2 (BUS_ADRERR), fault addr 0x76665eeaaa in tid 22730 (AndroidUI), pid 22730 (AndroidUI)
06-18 12:16:27.795 23068 23068 F DEBUG   : Process name is com.vibekey.keyboard, not key_process
06-18 12:16:27.795 23068 23068 F DEBUG   : keyProcess: 0
06-18 12:16:27.795 23068 23068 F DEBUG   : *** *** *** *** *** *** *** *** *** *** *** *** *** *** *** ***
06-18 12:16:27.795 23068 23068 F DEBUG   : Build fingerprint: 'OnePlus/OnePlus7Pro/OnePlus7Pro:12/SKQ1.211113.001/P.202303230244:user/release-keys'
06-18 12:16:27.795 23068 23068 F DEBUG   : Revision: '0'
06-18 12:16:27.795 23068 23068 F DEBUG   : ABI: 'arm64'
06-18 12:16:27.795 23068 23068 F DEBUG   : Timestamp: 2026-06-18 12:16:26.862189708-0400
06-18 12:16:27.795 23068 23068 F DEBUG   : Process uptime: 0s
06-18 12:16:27.795 23068 23068 F DEBUG   : Cmdline: com.vibekey.keyboard
06-18 12:16:27.795 23068 23068 F DEBUG   : pid: 22730, tid: 22730, name: AndroidUI  >>> com.vibekey.keyboard <<<
06-18 12:16:27.795 23068 23068 F DEBUG   : uid: 14135
06-18 12:16:27.796 23068 23068 F DEBUG   : signal 7 (SIGBUS), code 2 (BUS_ADRERR), fault addr 0x76665eeaaa
06-18 12:16:27.796 23068 23068 F DEBUG   :     x0  0000000000000000  x1  00000000000058ca  x2  0000000000000007  x3  0000007696ae1da0
06-18 12:16:27.796 23068 23068 F DEBUG   :     x4  0000007696ae16a8  x5  0000007696ae16a8  x6  0000007696ae16a8  x7  0000000000000000
06-18 12:16:27.796 23068 23068 F DEBUG   :     x8  00000000000000f0  x9  db746b027190efc7  x10 0000000000004001  x11 0000000000000000
06-18 12:16:27.796 23068 23068 F DEBUG   :     x12 00000000ffffffff  x13 0000000000000000  x14 000000000000001f  x15 00000076665de2be
06-18 12:16:27.796 23068 23068 F DEBUG   :     x16 000000757caad3a8  x17 00000076790b8f10  x18 00000076960ae000  x19 0000000000000007
06-18 12:16:27.796 23068 23068 F DEBUG   :     x20 0000007696ae1da0  x21 00000000000058ca  x22 0000007696ae1d00  x23 0000000000000001
06-18 12:16:27.796 23068 23068 F DEBUG   :     x24 00000076957f5000  x25 0000007fd1e7c570  x26 0000007fd1e7c5a4  x27 0000000000000001
06-18 12:16:27.796 23068 23068 F DEBUG   :     x28 0000007fd1e7c840  x29 0000007696ae1d20
06-18 12:16:27.796 23068 23068 F DEBUG   :     lr  0000007576cbabc8  sp  0000007696ae1d00  pc  00000076790b8f34  pst 0000000000000000
06-18 12:16:27.796 23068 23068 F DEBUG   : backtrace:
06-18 12:16:27.796 23068 23068 F DEBUG   :       #00 pc 0000000000075f34  /apex/com.android.runtime/lib64/bionic/libc.so (syscall+36) (BuildId: bbbdeb7c87c74f1491f92c6e605095b0)
06-18 12:16:27.796 23068 23068 F DEBUG   :       #01 pc 00000000040a9bc4  /data/app/~~-XGWjzmdoRrM1YaZYK883A==/com.google.android.webview-HvpxCmuUIjPsZ4yTEw8s4w==/base.apk!libwebviewchromium.so (BuildId: f447b77da2d76e8d4d133b66c727c3ae532b54bf)
06-18 12:16:27.796 23068 23068 F DEBUG   :       #02 pc 00000000040a03c4  /data/app/~~-XGWjzmdoRrM1YaZYK883A==/com.google.android.webview-HvpxCmuUIjPsZ4yTEw8s4w==/base.apk!libwebviewchromium.so (BuildId: f447b77da2d76e8d4d133b66c727c3ae532b54bf)
06-18 12:16:27.796 23068 23068 F DEBUG   :       #03 pc 0000000000000638  [vdso] (__kernel_rt_sigreturn+0)
06-18 12:16:27.796 23068 23068 F DEBUG   :       #04 pc 00000000000b62f4  /data/app/~~YV3fyOyvCYIMFhxmq4_yjw==/com.vibekey.keyboard-nCG_t--zrBUbhSDcYsMf9A==/lib/arm64/libjni_latinime.so (latinime::PatriciaTrieReadingUtils::getPtNodeArraySizeAndAdvancePosition(unsigned char const*, int, int*)+44) (BuildId: f905dbd1a904967a994cf833116e517b05caa863)
06-18 12:16:27.796 23068 23068 F DEBUG   :       #05 pc 00000000000b8b34  /data/app/~~YV3fyOyvCYIMFhxmq4_yjw==/com.vibekey.keyboard-nCG_t--zrBUbhSDcYsMf9A==/lib/arm64/libjni_latinime.so (latinime::Ver2PtNodeArrayReader::readPtNodeArrayInfoAndReturnIfValid(int, int*, int*) const+80) (BuildId: f905dbd1a904967a994cf833116e517b05caa863)
06-18 12:16:27.796 23068 23068 F DEBUG   :       #06 pc 00000000000b4ce8  /data/app/~~YV3fyOyvCYIMFhxmq4_yjw==/com.vibekey.keyboard-nCG_t--zrBUbhSDcYsMf9A==/lib/arm64/libjni_latinime.so (latinime::DynamicPtReadingHelper::nextPtNodeArray()+68) (BuildId: f905dbd1a904967a994cf833116e517b05caa863)
06-18 12:16:27.796 23068 23068 F DEBUG   :       #07 pc 00000000000b4c3c  /data/app/~~YV3fyOyvCYIMFhxmq4_yjw==/com.vibekey.keyboard-nCG_t--zrBUbhSDcYsMf9A==/lib/arm64/libjni_latinime.so (latinime::DynamicPtReadingHelper::getTerminalPtNodePositionOfWord(int const*, unsigned long, bool)+432) (BuildId: f905dbd1a904967a994cf833116e517b05caa863)
06-18 12:16:27.796 23068 23068 F DEBUG   :       #08 pc 00000000000b7324  /data/app/~~YV3fyOyvCYIMFhxmq4_yjw==/com.vibekey.keyboard-nCG_t--zrBUbhSDcYsMf9A==/lib/arm64/libjni_latinime.so (latinime::PatriciaTriePolicy::getWordId(latinime::IntArrayView, bool) const+184) (BuildId: f905dbd1a904967a994cf833116e517b05caa863)
06-18 12:16:27.796 23068 23068 F DEBUG   :       #09 pc 00000000000c8ecc  /data/app/~~YV3fyOyvCYIMFhxmq4_yjw==/com.vibekey.keyboard-nCG_t--zrBUbhSDcYsMf9A==/lib/arm64/libjni_latinime.so (latinime::Dictionary::getProbability(latinime::IntArrayView) const+56) (BuildId: f905dbd1a904967a994cf833116e517b05caa863)
06-18 12:16:27.796 23068 23068 F DEBUG   :       #10 pc 000000000009ff04  /data/app/~~YV3fyOyvCYIMFhxmq4_yjw==/com.vibekey.keyboard-nCG_t--zrBUbhSDcYsMf9A==/lib/arm64/libjni_latinime.so (BuildId: f905dbd1a904967a994cf833116e517b05caa863)
06-18 12:16:27.796 23068 23068 F DEBUG   :       #11 pc 00000000002c2100  /apex/com.android.art/lib64/libart.so (art_quick_generic_jni_trampoline+144) (BuildId: 7087b2f2160bfbf3335d54ba9779e325)
06-18 12:16:27.796 23068 23068 F DEBUG   :       #12 pc 0000000000668b6c  /apex/com.android.art/lib64/libart.so (nterp_helper+1948) (BuildId: 7087b2f2160bfbf3335d54ba9779e325)
06-18 12:16:27.796 23068 23068 F DEBUG   :       #13 pc 0000000000228394  /data/app/~~YV3fyOyvCYIMFhxmq4_yjw==/com.vibekey.keyboard-nCG_t--zrBUbhSDcYsMf9A==/oat/arm64/base.vdex (com.android.inputmethod.latin.BinaryDictionary.c+28)
06-18 12:16:27.796 23068 23068 F DEBUG   :       #14 pc 0000000000669324  /apex/com.android.art/lib64/libart.so (nterp_helper+3924) (BuildId: 7087b2f2160bfbf3335d54ba9779e325)
06-18 12:16:27.796 23068 23068 F DEBUG   :       #15 pc 0000000000ae7164  /data/app/~~YV3fyOyvCYIMFhxmq4_yjw==/com.vibekey.keyboard-nCG_t--zrBUbhSDcYsMf9A==/oat/arm64/base.vdex (v7.k.c+28)
06-18 12:16:27.796 23068 23068 F DEBUG   :       #16 pc 0000000000669324  /apex/com.android.art/lib64/libart.so (nterp_helper+3924) (BuildId: 7087b2f2160bfbf3335d54ba9779e325)
06-18 12:16:27.796 23068 23068 F DEBUG   :       #17 pc 0000000000ae626a  /data/app/~~YV3fyOyvCYIMFhxmq4_yjw==/com.vibekey.keyboard-nCG_t--zrBUbhSDcYsMf9A==/oat/arm64/base.vdex (v7.e.c+34)
06-18 12:16:27.796 23068 23068 F DEBUG   :       #18 pc 0000000000669324  /apex/com.android.art/lib64/libart.so (nterp_helper+3924) (BuildId: 7087b2f2160bfbf3335d54ba9779e325)
06-18 12:16:27.796 23068 23068 F DEBUG   :       #19 pc 00000000005b51c0  /data/app/~~YV3fyOyvCYIMFhxmq4_yjw==/com.vibekey.keyboard-nCG_t--zrBUbhSDcYsMf9A==/oat/arm64/base.vdex (p7.o.a+1996)
06-18 12:16:27.796 23068 23068 F DEBUG   :       #20 pc 0000000000669a28  /apex/com.android.art/lib64/libart.so (nterp_helper+5720) (BuildId: 7087b2f2160bfbf3335d54ba9779e325)
06-18 12:16:27.796 23068 23068 F DEBUG   :       #21 pc 0000000000aefaae  /data/app/~~YV3fyOyvCYIMFhxmq4_yjw==/com.vibekey.keyboard-nCG_t--zrBUbhSDcYsMf9A==/oat/arm64/base.vdex (x7.b.y+254)
06-18 12:16:27.796 23068 23068 F DEBUG   :       #22 pc 0000000000669324  /apex/com.android.art/lib64/libart.so (nterp_helper+3924) (BuildId: 7087b2f2160bfbf3335d54ba9779e325)
06-18 12:16:27.796 23068 23068 F DEBUG   :       #23 pc 0000000000aed97a  /data/app/~~YV3fyOyvCYIMFhxmq4_yjw==/com.vibekey.keyboard-nCG_t--zrBUbhSDcYsMf9A==/oat/arm64/base.vdex (x7.b.b+442)
06-18 12:16:27.796 23068 23068 F DEBUG   :       #24 pc 0000000000669324  /apex/com.android.art/lib64/libart.so (nterp_helper+3924) (BuildId: 7087b2f2160bfbf3335d54ba9779e325)
06-18 12:16:27.796 23068 23068 F DEBUG   :       #25 pc 0000000000525b0a  /data/app/~~YV3fyOyvCYIMFhxmq4_yjw==/com.vibekey.keyboard-nCG_t--zrBUbhSDcYsMf9A==/oat/arm64/base.vdex (helium314.keyboard.latin.LatinIME.q+1050)
06-18 12:16:27.796 23068 23068 F DEBUG   :       #26 pc 0000000000669324  /apex/com.android.art/lib64/libart.so (nterp_helper+3924) (BuildId: 7087b2f2160bfbf3335d54ba9779e325)
06-18 12:16:27.796 23068 23068 F DEBUG   :       #27 pc 00000000009c6334  /data/app/~~YV3fyOyvCYIMFhxmq4_yjw==/com.vibekey.keyboard-nCG_t--zrBUbhSDcYsMf9A==/oat/arm64/base.vdex (helium314.keyboard.latin.suggestions.SuggestionStripView.onClick+268)
06-18 12:16:27.796 23068 23068 F DEBUG   :       #28 pc 0000000002b0d9b4  /memfd:jit-zygote-cache (deleted)
--------- beginning of main
06-18 12:16:29.727 23272 23272 W f0      : Could not load system glide typing library jni_latinimegoogle: dlopen failed: library "libjni_latinimegoogle.so" not found
06-18 12:16:30.098 23272 23272 W t       : No editor info for this field. Bug?
06-18 12:16:30.118 23272 23272 I VkMultilingual: reset main=es-US locales=[es] count=1
06-18 12:16:30.212 23272 23272 W ibekey.keyboar: ClassLoaderContext classpath size mismatch. expected=1, found=0 (DLC[];PCL[base.apk*116719914]{PCL[/system/framework/org.apache.http.legacy.jar*3034548894]#PCL[/apex/com.android.extservices/javalib/android.ext.adservices.jar*3839736497]#PCL[/system/framework/com.android.location.provider.jar*3633238672]#PCL[/system/framework/com.android.media.remotedisplay.jar*3472798123]#PCL[/apex/com.android.extservices/javalib/android.ext.adservices.jar*3839736497]} | DLC[];PCL[])
06-18 12:16:30.238 23272 23272 W System  : ClassLoader referenced unknown path: 
06-18 12:16:30.249 23272 23272 W ibekey.keyboar: ClassLoaderContext classpath element checksum mismatch. expected=116719914, found=1774308315 (DLC[];PCL[base.apk*116719914]{PCL[/system/framework/org.apache.http.legacy.jar*3034548894]#PCL[/apex/com.android.extservices/javalib/android.ext.adservices.jar*3839736497]#PCL[/system/framework/com.android.location.provider.jar*3633238672]#PCL[/system/framework/com.android.media.remotedisplay.jar*3472798123]#PCL[/apex/com.android.extservices/javalib/android.ext.adservices.jar*3839736497]} | DLC[];PCL[/data/app/~~YV3fyOyvCYIMFhxmq4_yjw==/com.vibekey.keyboard-nCG_t--zrBUbhSDcYsMf9A==/base.apk*1774308315]{PCL[/apex/com.android.extservices/javalib/android.ext.adservices.jar*3839736497]})
06-18 12:16:30.482 23272 23272 E ibekey.keyboar: ofbOpen failed with error=No such file or directory
06-18 12:16:30.482 23272 23272 E ibekey.keyboar: sysOpen failed with error=No such file or directory
06-18 12:16:30.529 23272 23350 W Ads     : Update ad debug logging enablement as false
06-18 12:16:30.548 23272 23272 E MultiApp.Impl: OplusMultiAppImpl
06-18 12:16:30.626 23272 23384 W libc    : Access denied finding property "ro.vendor.api_level"
06-18 12:16:30.634 23272 23272 W chromium: [WARNING:android_webview/browser/network_service/net_helpers.cc:137] HTTP Cache size is: 20971520
06-18 12:16:30.710 23272 23272 I VkSwipe : ○ gesture canceled
06-18 12:16:30.711 23272 23418 W libc    : Access denied finding property "vendor.camera.aux.packagelist"
06-18 12:16:30.711 23272 23418 W libc    : Access denied finding property "vendor.camera.aux.packagelist"
06-18 12:16:30.712 23272 23285 W libc    : Access denied finding property "vendor.camera.aux.packagelist"
06-18 12:16:30.714 23272 23272 E OplusCustomizeRestrictionManager: sInstance is null, start a new sInstance
06-18 12:16:30.737 23272 23272 I VkEffects: reload anim=scale blur=562px glow=true stickers=true
06-18 12:16:30.858 23272 23272 I VkTyping: ▶ open restart=false pkg=com.android.launcher inputType=589825
06-18 12:16:31.017 23272 23390 W cr_media: BLUETOOTH_CONNECT permission is missing.
06-18 12:16:31.018 23272 23390 W cr_media: getBluetoothAdapter() requires BLUETOOTH permission
06-18 12:16:31.018 23272 23390 W cr_media: registerBluetoothIntentsIfNeeded: Requires BLUETOOTH permission
06-18 12:16:31.053 23272 23272 W View    : requestLayout() improperly called by android.widget.LinearLayout{92edc80 V.E...... ......ID 0,1868-1440,2818 #7f0a011b app:id/main_keyboard_frame} during layout: running second layout pass
06-18 12:16:31.246 23272 23407 W AudioCapabilities: Unsupported mime audio/ffmpeg
06-18 12:16:31.247 23272 23407 W VideoCapabilities: Unsupported mime video/ffmpeg
06-18 12:16:31.248 23272 23407 W VideoCapabilities: Unrecognized profile/level 0/3 for video/mpeg2
06-18 12:16:31.248 23272 23407 W VideoCapabilities: Unrecognized profile/level 0/3 for video/mpeg2
06-18 12:16:31.340 23272 23459 W Settings: Setting animator_duration_scale has moved from android.provider.Settings.System to android.provider.Settings.Global, returning read-only global URI.
06-18 12:16:31.344 23272 23459 E GeckoLibLoad: Load sqlite start
06-18 12:16:31.347 23272 23459 E GeckoLibLoad: Load sqlite done
06-18 12:16:31.347 23272 23459 E GeckoLibLoad: Load nss start
06-18 12:16:31.347 23272 23459 E GeckoLibLoad: Load nss done
06-18 12:16:31.426 23272 23459 E GeckoLibLoad: Loaded libs in 79.052916ms total, 0ms(133ms) user, 25ms(68ms) system, 66(71) faults
06-18 12:16:31.427 23272 23459 W GeckoThread: zerdatime 1476232291 - runGecko
06-18 12:16:31.549 23272 23272 W com.vibekey.keyboard: type=1400 audit(0.0:590059): avc: denied { bind } for comm=4E65746C696E6B204D6F6E69746F72 scontext=u:r:untrusted_app:s0:c39,c272,c512,c768 tcontext=u:r:untrusted_app:s0:c39,c272,c512,c768 tclass=netlink_route_socket permissive=0 bug=b/155595000 app=com.vibekey.keyboard
06-18 12:16:31.592 21606 21625 I OnDeviceAssist: warm ok model=qwen2.5-0.5b-instruct-q4_0.gguf ambient=42 chars 6ms
06-18 12:16:31.636 23272 23459 E ibekey.keyboar: hiddenapi: Accessing hidden field Ljava/lang/Boolean;->value:Z (runtime_flags=0, domain=core-platform, api=max-target-p) from Lorg/mozilla/gecko/GeckoThread; (domain=app, TargetSdkVersion=35) using JNI: denied
06-18 12:16:31.637 23272 23459 E ibekey.keyboar: hiddenapi: Accessing hidden field Ljava/lang/Integer;->value:I (runtime_flags=0, domain=core-platform, api=max-target-p) from Lorg/mozilla/gecko/GeckoThread; (domain=app, TargetSdkVersion=35) using JNI: denied
06-18 12:16:31.637 23272 23459 E ibekey.keyboar: hiddenapi: Accessing hidden field Ljava/lang/Long;->value:J (runtime_flags=0, domain=core-platform, api=max-target-p) from Lorg/mozilla/gecko/GeckoThread; (domain=app, TargetSdkVersion=35) using JNI: denied
06-18 12:16:31.637 23272 23459 E ibekey.keyboar: hiddenapi: Accessing hidden field Ljava/lang/Double;->value:D (runtime_flags=0, domain=core-platform, api=max-target-p) from Lorg/mozilla/gecko/GeckoThread; (domain=app, TargetSdkVersion=35) using JNI: denied
06-18 12:16:31.665 23493 23493 E .keyboard:tab3: Unknown bits set in runtime_flags: 0x40000000
06-18 12:16:31.748 23272 23321 I OnDeviceAssist: ▶ assist_ipc task=topic_tags in=9 chars
06-18 12:16:31.758 21606 21843 I OnDeviceAssist: dispatch task=topic_tags in=9 chars engine=Ready
06-18 12:16:31.758 21606 21843 I OnDeviceAssist: ▶ runSync task=topic_tags in=9 chars locale=pt
06-18 12:16:31.816 21606 21843 I OnDeviceAssist: → llm task=topic_tags model=qwen2.5-0.5b-instruct-q4_0.gguf temp=0.22 maxTok=36
06-18 12:16:32.788 23272 23272 I VkPanels: ▶ open menu
06-18 12:16:33.418 23272 23272 I VkMultilingual: menu languages total=5
06-18 12:16:34.372 21606 21606 W LlmEngineService: Severe memory pressure (15); evicting on-device LLM.
06-18 12:16:34.699 23272 23281 W ibekey.keyboar: Suspending all threads took: 30.237ms
06-18 12:16:36.561 21606 21844 I OnDeviceAssist: warm ok model=qwen2.5-0.5b-instruct-q4_0.gguf ambient=42 chars 4522ms
06-18 12:16:36.592 21606 21843 I OnDeviceAssist: ✓ llm task=topic_tags 4776ms out=99 chars
06-18 12:16:36.592 21606 21843 W LlmEngineManager: Inference cancelled.
06-18 12:16:36.592 21606 21843 W OnDeviceAssist: ✗ llm task=topic_tags 4834ms: cancelled
06-18 12:16:36.592 23272 23286 W OnDeviceAssist: ✗ assist (ime) task=topic_tags 4845ms: Inference aborted.
06-18 12:16:36.596 23272 23319 W OnDeviceLlmPrewarm: topic hints failed (keyboard_open): Inference aborted.
06-18 12:16:39.485 23272 23331 I VkSuggestions: decode typedLen=5 candidates=18 locales=1 14,7ms
06-18 12:16:39.496 23272 23331 I VkSuggestions: strip composing typedLen=5 candidates=19 autocorrect=false top=comoh locale=es
06-18 12:16:39.691 23272 23331 I VkSuggestions: decode typedLen=6 candidates=18 locales=1 4,8ms
06-18 12:16:39.695 23272 23331 I VkSuggestions: strip composing typedLen=6 candidates=19 autocorrect=false top=comoho locale=es
06-18 12:16:39.934 23272 23331 I VkSuggestions: decode typedLen=7 candidates=18 locales=1 4,7ms
06-18 12:16:39.936 23272 23331 I VkSuggestions: strip composing typedLen=7 candidates=19 autocorrect=false top=comohol locale=es
06-18 12:16:40.053 23272 23331 I VkSuggestions: decode typedLen=8 candidates=18 locales=1 4,2ms
06-18 12:16:40.056 23272 23331 I VkSuggestions: strip composing typedLen=8 candidates=19 autocorrect=false top=comohols locale=es
06-18 12:16:40.524 23272 23702 E ibekey.keyboar: Attempt to load writable dex file: /data/user/0/com.vibekey.keyboard/app_pccache/5/578BE08874FCCF1D5E008D1EAAD1410DCE35AB9C/pcam.jar
06-18 12:16:40.539 23272 23721 W Ads     : Invoke Firebase method getInstance error.
06-18 12:16:40.539 23272 23721 W Ads     : The Google Mobile Ads SDK will not integrate with Firebase. Admob/Firebase integration requires the latest Firebase SDK jar, but Firebase SDK is either missing or out of date
06-18 12:16:40.560 23272 23700 W ServiceBindIntentUtils: Dynamic lookup for intent failed for action: com.google.android.gms.ads.service.CACHE
06-18 12:16:40.579 23272 23272 W AdWorker(Defaul: type=1400 audit(0.0:590067): avc: granted { execute } for path="/data/data/com.vibekey.keyboard/app_pccache/5/578BE08874FCCF1D5E008D1EAAD1410DCE35AB9C/pcam.jar" dev="dm-2" ino=12065830 scontext=u:r:untrusted_app:s0:c39,c272,c512,c768 tcontext=u:object_r:app_data_file:s0:c39,c272,c512,c768 tclass=file app=com.vibekey.keyboard
06-18 12:16:40.606 23272 23331 W VibeKeyProfiler: Slow Native Suggest: Total=8.83ms | Init=0.48ms | TrieExpand(x17)=8.34ms | Scoring=0.02ms | inputSize=7
06-18 12:16:40.621 23272 23331 W VibeKeyProfiler: Slow Native Suggest: Total=14.73ms | Init=0.09ms | TrieExpand(x12)=14.63ms | Scoring=0.02ms | inputSize=7
06-18 12:16:40.622 23272 23716 W Ads     : Not retrying to fetch app settings
06-18 12:16:40.622 23272 23331 I VkSuggestions: decode typedLen=7 candidates=18 locales=1 24,5ms
06-18 12:16:40.622 23272 23331 W VkSuggestions: slow frame 24,5ms locales=1 typedLen=7 candidates=18
06-18 12:16:40.624 23272 23331 I VkSuggestions: strip composing typedLen=7 candidates=19 autocorrect=false top=comohol locale=es
06-18 12:16:40.626 23272 23731 W ServiceBindIntentUtils: Dynamic lookup for intent failed for action: com.google.android.gms.ads.service.START
06-18 12:16:40.640 23272 23718 W Ads     : Not retrying to fetch app settings
06-18 12:16:40.684 23272 23709 W PhFlagUpdateRegistry: Failed to register flag update listener which may lead to stale flags.
06-18 12:16:40.684 23272 23709 W PhFlagUpdateRegistry: java.util.concurrent.ExecutionException: java.lang.SecurityException: GoogleCertificatesRslt: not allowed: pkg=com.vibekey.keyboard, sha256=[9ef526c2409672781da35feea2127c906f4b1b27637db806009c1f495cd9f9c1], atk=false, ver=262031029.true (go/gsrlt)
06-18 12:16:40.684 23272 23709 W PhFlagUpdateRegistry: 	at m84.dtz.k(:com.google.android.gms.policy_ads_fdr_dynamite@260480608@260480602017.868869642.868869642:21)
06-18 12:16:40.684 23272 23709 W PhFlagUpdateRegistry: 	at m84.dui.s(:com.google.android.gms.policy_ads_fdr_dynamite@260480608@260480602017.868869642.868869642:23)
06-18 12:16:40.684 23272 23709 W PhFlagUpdateRegistry: 	at m84.dtz.get(:com.google.android.gms.policy_ads_fdr_dynamite@260480608@260480602017.868869642.868869642:1)
06-18 12:16:40.684 23272 23709 W PhFlagUpdateRegistry: 	at m84.dwy.a(:com.google.android.gms.policy_ads_fdr_dynamite@260480608@260480602017.868869642.868869642:2)
06-18 12:16:40.684 23272 23709 W PhFlagUpdateRegistry: 	at m84.dvw.n(:com.google.android.gms.policy_ads_fdr_dynamite@260480608@260480602017.868869642.868869642:7)
06-18 12:16:40.684 23272 23709 W PhFlagUpdateRegistry: 	at m84.cyb.run(:com.google.android.gms.policy_ads_fdr_dynamite@260480608@260480602017.868869642.868869642:3)
06-18 12:16:40.684 23272 23709 W PhFlagUpdateRegistry: 	at java.util.concurrent.Executors$RunnableAdapter.call(Executors.java:520)
06-18 12:16:40.684 23272 23709 W PhFlagUpdateRegistry: 	at java.util.concurrent.FutureTask.run(FutureTask.java:317)
06-18 12:16:40.684 23272 23709 W PhFlagUpdateRegistry: 	at java.util.concurrent.ScheduledThreadPoolExecutor$ScheduledFutureTask.run(ScheduledThreadPoolExecutor.java:348)
06-18 12:16:40.684 23272 23709 W PhFlagUpdateRegistry: 	at java.util.concurrent.ThreadPoolExecutor.runWorker(ThreadPoolExecutor.java:1154)
06-18 12:16:40.684 23272 23709 W PhFlagUpdateRegistry: 	at java.util.concurrent.ThreadPoolExecutor$Worker.run(ThreadPoolExecutor.java:652)
06-18 12:16:40.684 23272 23709 W PhFlagUpdateRegistry: 	at java.lang.Thread.run(Thread.java:1564)
06-18 12:16:40.684 23272 23709 W PhFlagUpdateRegistry: Caused by: java.lang.SecurityException: GoogleCertificatesRslt: not allowed: pkg=com.vibekey.keyboard, sha256=[9ef526c2409672781da35feea2127c906f4b1b27637db806009c1f495cd9f9c1], atk=false, ver=262031029.true (go/gsrlt)
06-18 12:16:40.684 23272 23709 W PhFlagUpdateRegistry: 	at android.os.Parcel.createExceptionOrNull(Parcel.java:2442)
06-18 12:16:40.684 23272 23709 W PhFlagUpdateRegistry: 	at android.os.Parcel.createException(Parcel.java:2426)
06-18 12:16:40.684 23272 23709 W PhFlagUpdateRegistry: 	at android.os.Parcel.readException(Parcel.java:2409)
06-18 12:16:40.684 23272 23709 W PhFlagUpdateRegistry: 	at android.os.Parcel.readException(Parcel.java:2351)
06-18 12:16:40.684 23272 23709 W PhFlagUpdateRegistry: 	at m84.bik.bp(:com.google.android.gms.policy_ads_fdr_dynamite@260480608@260480602017.868869642.868869642:11)
06-18 12:16:40.684 23272 23709 W PhFlagUpdateRegistry: 	at m84.cag.a(:com.google.android.gms.policy_ads_fdr_dynamite@260480608@260480602017.868869642.868869642:32)
06-18 12:16:40.684 23272 23709 W PhFlagUpdateRegistry: 	at m84.bqk.b(:com.google.android.gms.policy_ads_fdr_dynamite@260480608@260480602017.868869642.868869642:5)
06-18 12:16:40.684 23272 23709 W PhFlagUpdateRegistry: 	at m84.boy.b(:com.google.android.gms.policy_ads_fdr_dynamite@260480608@260480602017.868869642.868869642:9)
06-18 12:16:40.684 23272 23709 W PhFlagUpdateRegistry: 	at m84.bow.e(:com.google.android.gms.policy_ads_fdr_dynamite@260480608@260480602017.868869642.868869642:1)
06-18 12:16:40.684 23272 23709 W PhFlagUpdateRegistry: 	at m84.bpy.u(:com.google.android.gms.policy_ads_fdr_dynamite@260480608@260480602017.868869642.868869642:10)
06-18 12:16:40.684 23272 23709 W PhFlagUpdateRegistry: 	at m84.bpy.v(:com.google.android.gms.policy_ads_fdr_dynamite@260480608@260480602017.868869642.868869642:22)
06-18 12:16:40.684 23272 23709 W PhFlagUpdateRegistry: 	at m84.bpy.h(:com.google.android.gms.policy_ads_fdr_dynamite@260480608@260480602017.868869642.868869642:30)
06-18 12:16:40.684 23272 23709 W PhFlagUpdateRegistry: 	at m84.bpy.i(:com.google.android.gms.policy_ads_fdr_dynamite@260480608@260480602017.868869642.868869642:84)
06-18 12:16:40.684 23272 23709 W PhFlagUpdateRegistry: 	at m84.bpy.d(:com.google.android.gms.policy_ads_fdr_dynamite@260480608@260480602017.868869642.868869642:15)
06-18 12:16:40.684 23272 23709 W PhFlagUpdateRegistry: 	at m84.brx.b(:com.google.android.gms.policy_ads_fdr_dynamite@260480608@260480602017.868869642.868869642:3)
06-18 12:16:40.684 23272 23709 W PhFlagUpdateRegistry: 	at m84.brh.b(:com.google.android.gms.policy_ads_fdr_dynamite@260480608@260480602017.868869642.868869642:85)
06-18 12:16:40.684 23272 23709 W PhFlagUpdateRegistry: 	at m84.bqz.c(:com.google.android.gms.policy_ads_fdr_dynamite@260480608@260480602017.868869642.868869642:7)
06-18 12:16:40.684 23272 23709 W PhFlagUpdateRegistry: 	at m84.brc.handleMessage(:com.google.android.gms.policy_ads_fdr_dynamite@260480608@260480602017.868869642.868869642:265)
06-18 12:16:40.684 23272 23709 W PhFlagUpdateRegistry: 	at android.os.Handler.dispatchMessage(Handler.java:106)
06-18 12:16:40.684 23272 23709 W PhFlagUpdateRegistry: 	at m84.byc.a(:com.google.android.gms.policy_ads_fdr_dynamite@260480608@260480602017.868869642.868869642:1)
06-18 12:16:40.684 23272 23709 W PhFlagUpdateRegistry: 	at m84.byc.dispatchMessage(:com.google.android.gms.policy_ads_fdr_dynamite@260480608@260480602017.868869642.868869642:1)
06-18 12:16:40.684 23272 23709 W PhFlagUpdateRegistry: 	at android.os.Looper.loopOnce(Looper.java:233)
06-18 12:16:40.684 23272 23709 W PhFlagUpdateRegistry: 	at android.os.Looper.loop(Looper.java:344)
06-18 12:16:40.684 23272 23709 W PhFlagUpdateRegistry: 	at android.os.HandlerThread.run(HandlerThread.java:67)
06-18 12:16:40.826 23272 23331 W VibeKeyProfiler: Slow Native Suggest: Total=16.24ms | Init=0.31ms | TrieExpand(x17)=15.87ms | Scoring=0.06ms | inputSize=6
06-18 12:16:40.838 23272 23331 W VibeKeyProfiler: Slow Native Suggest: Total=10.79ms | Init=0.29ms | TrieExpand(x12)=10.48ms | Scoring=0.02ms | inputSize=6
06-18 12:16:40.839 23272 23331 I VkSuggestions: decode typedLen=6 candidates=18 locales=1 29,0ms
06-18 12:16:40.839 23272 23331 W VkSuggestions: slow frame 29,0ms locales=1 typedLen=6 candidates=18
06-18 12:16:40.842 23272 23331 I VkSuggestions: strip composing typedLen=6 candidates=19 autocorrect=false top=comoho locale=es
06-18 12:16:40.993 23272 23331 I VkSuggestions: decode typedLen=5 candidates=18 locales=1 11,2ms
06-18 12:16:40.999 23272 23331 I VkSuggestions: strip composing typedLen=5 candidates=19 autocorrect=false top=comoh locale=es
06-18 12:16:41.137 23272 23331 I VkSuggestions: decode typedLen=4 candidates=18 locales=1 7,6ms
06-18 12:16:41.139 23272 23331 I VkSuggestions: strip composing typedLen=4 candidates=18 autocorrect=false top=como locale=es
06-18 12:16:41.263 23272 23331 I VkSuggestions: decode typedLen=3 candidates=18 locales=1 8,4ms
06-18 12:16:41.264 23272 23331 I VkSuggestions: strip composing typedLen=3 candidates=19 autocorrect=false top=com locale=es
06-18 12:16:41.434 23272 23331 W VibeKeyProfiler: Slow Native Suggest: Total=16.42ms | Init=0.23ms | TrieExpand(x15)=16.13ms | Scoring=0.06ms | inputSize=2
06-18 12:16:41.449 23272 23331 W VibeKeyProfiler: Slow Native Suggest: Total=13.95ms | Init=0.19ms | TrieExpand(x14)=13.71ms | Scoring=0.05ms | inputSize=2
06-18 12:16:41.450 23272 23331 I VkSuggestions: decode typedLen=2 candidates=18 locales=1 32,6ms
06-18 12:16:41.451 23272 23331 W VkSuggestions: slow frame 32,6ms locales=1 typedLen=2 candidates=18
06-18 12:16:41.455 23272 23331 I VkSuggestions: strip composing typedLen=2 candidates=19 autocorrect=false top=co locale=es
06-18 12:16:41.691 23272 23272 E Ads     : JS: Uncaught TypeError: Cannot read properties of null (reading 's') (https://pagead2.googlesyndication.com/omsdk/releases/live/omsdk-v1.js:27)
06-18 12:16:42.042 23272 23272 E Ads     : JS: Refused to get unsafe header "X-Afma-Gcache-IsGcacheHit" (https://www.gstatic.com/mysidia/992fc024f222190433002467e84c4f10.js?tag=addon/rewarded_video:436)
06-18 12:16:42.112 23272 23272 E Ads     : JS: Refused to get unsafe header "X-Afma-Gcache-IsGcacheHit" (https://www.gstatic.com/mysidia/992fc024f222190433002467e84c4f10.js?tag=addon/rewarded_video:436)
06-18 12:16:42.202 23272 23385 W libc    : Access denied finding property "vendor.oplus.media.vpp.stutter"
06-18 12:16:42.208 23272 23385 E ListServiceUtils: checkInListByUid module:HQV-effect uid:14135 cost 1666us return 0
06-18 12:16:42.208 23272 23385 E MULTIMEDIAConfig: [getInt32:L80] Not find config, Returning default
06-18 12:16:42.208 23272 23385 E MULTIMEDIAConfig: [getInt32:L80] Not find config, Returning default
06-18 12:16:42.208 23272 23385 E OplusACodec: [OplusACodec:204] mSrOsieMMListCheckResult:0x0 mOsieVersion:1
06-18 12:16:42.294 23272 23781 E OplusACodec: [GetVideoCodingTypeFromMime:L1162] mime:video/x-vnd.on2.vp9
06-18 12:16:42.420 23272 23384 W cr_MediaCodecBridge: Releasing: OMX.qcom.video.decoder.vp9
06-18 12:16:42.422 23272 23780 E ExtensionsLoader: freeAllBuffers: 12 buffers were freed while being dequeued!
