06-05 14:59:21.888 26042 26042 W LayerDrawable: 	at android.inputmethodservice.InputMethodService.showWindow(InputMethodService.java:2341)
06-05 14:59:21.888 26042 26042 W LayerDrawable: 	at android.inputmethodservice.InputMethodService$InputMethodImpl.showSoftInput(InputMethodService.java:848)
06-05 14:59:21.888 26042 26042 W LayerDrawable: 	at android.inputmethodservice.InputMethodService$InputMethodImpl.showSoftInputWithToken(InputMethodService.java:817)
06-05 14:59:21.888 26042 26042 W LayerDrawable: 	at android.inputmethodservice.IInputMethodWrapper.executeMessage(IInputMethodWrapper.java:225)
06-05 14:59:21.888 26042 26042 W LayerDrawable: 	at com.android.internal.os.HandlerCaller$MyHandler.handleMessage(HandlerCaller.java:44)
06-05 14:59:21.888 26042 26042 W LayerDrawable: 	at android.os.Handler.dispatchMessage(Handler.java:106)
06-05 14:59:21.888 26042 26042 W LayerDrawable: 	at android.os.Looper.loopOnce(Looper.java:233)
06-05 14:59:21.888 26042 26042 W LayerDrawable: 	at android.os.Looper.loop(Looper.java:344)
06-05 14:59:21.888 26042 26042 W LayerDrawable: 	at android.app.ActivityThread.main(ActivityThread.java:8212)
06-05 14:59:21.888 26042 26042 W LayerDrawable: 	at java.lang.reflect.Method.invoke(Native Method)
06-05 14:59:21.888 26042 26042 W LayerDrawable: 	at com.android.internal.os.RuntimeInit$MethodAndArgsCaller.run(RuntimeInit.java:584)
06-05 14:59:21.888 26042 26042 W LayerDrawable: 	at com.android.internal.os.ZygoteInit.main(ZygoteInit.java:1034)
06-05 14:59:21.890 26042 26407 E GeckoConsole: [JavaScript Error: "TypeError: can't access property "WindowEventDispatcher", win is null" {file: "resource://gre/modules/GeckoViewSessionStore.sys.mjs" line: 149}]
06-05 14:59:21.890 26042 26407 E GeckoConsole: onTabStateUpdate@resource://gre/modules/GeckoViewSessionStore.sys.mjs:149:5
06-05 14:59:21.890 26042 26407 E GeckoConsole: updateSessionStoreFromTabListener@resource://gre/modules/GeckoViewSessionStore.sys.mjs:243:10
06-05 14:59:21.890 26042 26407 E GeckoConsole: SSF_updateSessionStore@resource://gre/modules/SessionStoreFunctions.sys.mjs:46:27
06-05 14:59:21.890 26042 26407 E GeckoConsole: UpdateSessionStore@resource://gre/modules/SessionStoreFunctions.sys.mjs:16:46
06-05 14:59:21.891 26042 26407 E GeckoConsole: [JavaScript Error: "TypeError: can't access property "WindowEventDispatcher", win is null" {file: "resource://gre/modules/GeckoViewSessionStore.sys.mjs" line: 149}]
06-05 14:59:21.891 26042 26407 E GeckoConsole: onTabStateUpdate@resource://gre/modules/GeckoViewSessionStore.sys.mjs:149:5
06-05 14:59:21.891 26042 26407 E GeckoConsole: updateSessionStoreFromTabListener@resource://gre/modules/GeckoViewSessionStore.sys.mjs:243:10
06-05 14:59:21.891 26042 26407 E GeckoConsole: SSF_updateSessionStore@resource://gre/modules/SessionStoreFunctions.sys.mjs:46:27
06-05 14:59:21.891 26042 26407 E GeckoConsole: UpdateSessionStore@resource://gre/modules/SessionStoreFunctions.sys.mjs:16:46
06-05 14:59:21.891 26042 26407 E GeckoConsole: [JavaScript Error: "TypeError: can't access property "WindowEventDispatcher", win is null" {file: "resource://gre/modules/GeckoViewSessionStore.sys.mjs" line: 149}]
06-05 14:59:21.891 26042 26407 E GeckoConsole: onTabStateUpdate@resource://gre/modules/GeckoViewSessionStore.sys.mjs:149:5
06-05 14:59:21.891 26042 26407 E GeckoConsole: updateSessionStoreFromTabListener@resource://gre/modules/GeckoViewSessionStore.sys.mjs:243:10
06-05 14:59:21.891 26042 26407 E GeckoConsole: SSF_updateSessionStore@resource://gre/modules/SessionStoreFunctions.sys.mjs:46:27
06-05 14:59:21.891 26042 26407 E GeckoConsole: UpdateSessionStore@resource://gre/modules/SessionStoreFunctions.sys.mjs:16:46
06-05 14:59:21.913 26042 26042 W LayerDrawable: Invalid drawable added to LayerDrawable! Drawable already belongs to another owner but does not expose a constant state.
06-05 14:59:21.913 26042 26042 W LayerDrawable: java.lang.RuntimeException
06-05 14:59:21.913 26042 26042 W LayerDrawable: 	at android.graphics.drawable.LayerDrawable$ChildDrawable.<init>(LayerDrawable.java:1857)
06-05 14:59:21.913 26042 26042 W LayerDrawable: 	at android.graphics.drawable.LayerDrawable$LayerState.<init>(LayerDrawable.java:1977)
06-05 14:59:21.913 26042 26042 W LayerDrawable: 	at android.graphics.drawable.LayerDrawable.createConstantState(LayerDrawable.java:174)
06-05 14:59:21.913 26042 26042 W LayerDrawable: 	at android.graphics.drawable.LayerDrawable.mutate(LayerDrawable.java:1782)
06-05 14:59:21.913 26042 26042 W LayerDrawable: 	at helium314.keyboard.latin.InputView.g(r8-map-id-757af8f5ae5c5858b77f256d366a7825add93b04460816c2c67fcdf1d8e02cc3:551)
06-05 14:59:21.913 26042 26042 W LayerDrawable: 	at p7.x.a(r8-map-id-757af8f5ae5c5858b77f256d366a7825add93b04460816c2c67fcdf1d8e02cc3:232)
06-05 14:59:21.913 26042 26042 W LayerDrawable: 	at a8.t0.run(r8-map-id-757af8f5ae5c5858b77f256d366a7825add93b04460816c2c67fcdf1d8e02cc3:279)
06-05 14:59:21.913 26042 26042 W LayerDrawable: 	at helium314.keyboard.latin.InputView.f(r8-map-id-757af8f5ae5c5858b77f256d366a7825add93b04460816c2c67fcdf1d8e02cc3:39)
06-05 14:59:21.913 26042 26042 W LayerDrawable: 	at i7.c0.a(r8-map-id-757af8f5ae5c5858b77f256d366a7825add93b04460816c2c67fcdf1d8e02cc3:73)
06-05 14:59:21.913 26042 26042 W LayerDrawable: 	at a8.l3.onLayoutChange(r8-map-id-757af8f5ae5c5858b77f256d366a7825add93b04460816c2c67fcdf1d8e02cc3:39)
06-05 14:59:21.913 26042 26042 W LayerDrawable: 	at android.view.View.layout(View.java:23348)
06-05 14:59:21.913 26042 26042 W LayerDrawable: 	at android.view.ViewGroup.layout(ViewGroup.java:6505)
06-05 14:59:21.913 26042 26042 W LayerDrawable: 	at android.widget.FrameLayout.layoutChildren(FrameLayout.java:332)
06-05 14:59:21.913 26042 26042 W LayerDrawable: 	at android.widget.FrameLayout.onLayout(FrameLayout.java:270)
06-05 14:59:21.913 26042 26042 W LayerDrawable: 	at android.view.View.layout(View.java:23330)
06-05 14:59:21.913 26042 26042 W LayerDrawable: 	at android.view.ViewGroup.layout(ViewGroup.java:6505)
06-05 14:59:21.913 26042 26042 W LayerDrawable: 	at android.widget.FrameLayout.layoutChildren(FrameLayout.java:332)
06-05 14:59:21.913 26042 26042 W LayerDrawable: 	at android.widget.FrameLayout.onLayout(FrameLayout.java:270)
06-05 14:59:21.913 26042 26042 W LayerDrawable: 	at android.view.View.layout(View.java:23330)
06-05 14:59:21.913 26042 26042 W LayerDrawable: 	at android.view.ViewGroup.layout(ViewGroup.java:6505)
06-05 14:59:21.913 26042 26042 W LayerDrawable: 	at android.widget.LinearLayout.setChildFrame(LinearLayout.java:1841)
06-05 14:59:21.913 26042 26042 W LayerDrawable: 	at android.widget.LinearLayout.layoutVertical(LinearLayout.java:1673)
06-05 14:59:21.913 26042 26042 W LayerDrawable: 	at android.widget.LinearLayout.onLayout(LinearLayout.java:1582)
06-05 14:59:21.913 26042 26042 W LayerDrawable: 	at android.view.View.layout(View.java:23330)
06-05 14:59:21.913 26042 26042 W LayerDrawable: 	at android.view.ViewGroup.layout(ViewGroup.java:6505)
06-05 14:59:21.913 26042 26042 W LayerDrawable: 	at android.widget.FrameLayout.layoutChildren(FrameLayout.java:332)
06-05 14:59:21.913 26042 26042 W LayerDrawable: 	at android.widget.FrameLayout.onLayout(FrameLayout.java:270)
06-05 14:59:21.913 26042 26042 W LayerDrawable: 	at android.view.View.layout(View.java:23330)
06-05 14:59:21.913 26042 26042 W LayerDrawable: 	at android.view.ViewGroup.layout(ViewGroup.java:6505)
06-05 14:59:21.913 26042 26042 W LayerDrawable: 	at android.widget.LinearLayout.setChildFrame(LinearLayout.java:1841)
06-05 14:59:21.913 26042 26042 W LayerDrawable: 	at android.widget.LinearLayout.layoutVertical(LinearLayout.java:1673)
06-05 14:59:21.913 26042 26042 W LayerDrawable: 	at android.widget.LinearLayout.onLayout(LinearLayout.java:1582)
06-05 14:59:21.913 26042 26042 W LayerDrawable: 	at android.view.View.layout(View.java:23330)
06-05 14:59:21.913 26042 26042 W LayerDrawable: 	at android.view.ViewGroup.layout(ViewGroup.java:6505)
06-05 14:59:21.913 26042 26042 W LayerDrawable: 	at android.widget.FrameLayout.layoutChildren(FrameLayout.java:332)
06-05 14:59:21.913 26042 26042 W LayerDrawable: 	at android.widget.FrameLayout.onLayout(FrameLayout.java:270)
06-05 14:59:21.913 26042 26042 W LayerDrawable: 	at com.android.internal.policy.DecorView.onLayout(DecorView.java:873)
06-05 14:59:21.913 26042 26042 W LayerDrawable: 	at android.view.View.layout(View.java:23330)
06-05 14:59:21.913 26042 26042 W LayerDrawable: 	at android.view.ViewGroup.layout(ViewGroup.java:6505)
06-05 14:59:21.913 26042 26042 W LayerDrawable: 	at android.view.ViewRootImpl.performLayout(ViewRootImpl.java:3936)
06-05 14:59:21.913 26042 26042 W LayerDrawable: 	at android.view.ViewRootImpl.performTraversals(ViewRootImpl.java:3338)
06-05 14:59:21.913 26042 26042 W LayerDrawable: 	at android.view.ViewRootImpl.doTraversal(ViewRootImpl.java:2305)
06-05 14:59:21.913 26042 26042 W LayerDrawable: 	at android.view.ViewRootImpl$TraversalRunnable.run(ViewRootImpl.java:9133)
06-05 14:59:21.913 26042 26042 W LayerDrawable: 	at android.view.Choreographer$CallbackRecord.run(Choreographer.java:1232)
06-05 14:59:21.913 26042 26042 W LayerDrawable: 	at android.view.Choreographer.doCallbacks(Choreographer.java:1029)
06-05 14:59:21.913 26042 26042 W LayerDrawable: 	at android.view.Choreographer.doFrame(Choreographer.java:934)
06-05 14:59:21.913 26042 26042 W LayerDrawable: 	at android.view.Choreographer$FrameDisplayEventReceiver.run(Choreographer.java:1217)
06-05 14:59:21.913 26042 26042 W LayerDrawable: 	at android.os.Handler.handleCallback(Handler.java:938)
06-05 14:59:21.913 26042 26042 W LayerDrawable: 	at android.os.Handler.dispatchMessage(Handler.java:99)
06-05 14:59:21.913 26042 26042 W LayerDrawable: 	at android.os.Looper.loopOnce(Looper.java:233)
06-05 14:59:21.913 26042 26042 W LayerDrawable: 	at android.os.Looper.loop(Looper.java:344)
06-05 14:59:21.913 26042 26042 W LayerDrawable: 	at android.app.ActivityThread.main(ActivityThread.java:8212)
06-05 14:59:21.913 26042 26042 W LayerDrawable: 	at java.lang.reflect.Method.invoke(Native Method)
06-05 14:59:21.913 26042 26042 W LayerDrawable: 	at com.android.internal.os.RuntimeInit$MethodAndArgsCaller.run(RuntimeInit.java:584)
06-05 14:59:21.913 26042 26042 W LayerDrawable: 	at com.android.internal.os.ZygoteInit.main(ZygoteInit.java:1034)
06-05 14:59:21.930 26042 26042 W LayerDrawable: Invalid drawable added to LayerDrawable! Drawable already belongs to another owner but does not expose a constant state.
06-05 14:59:21.930 26042 26042 W LayerDrawable: java.lang.RuntimeException
06-05 14:59:21.930 26042 26042 W LayerDrawable: 	at android.graphics.drawable.LayerDrawable$ChildDrawable.<init>(LayerDrawable.java:1857)
06-05 14:59:21.930 26042 26042 W LayerDrawable: 	at android.graphics.drawable.LayerDrawable$LayerState.<init>(LayerDrawable.java:1977)
06-05 14:59:21.930 26042 26042 W LayerDrawable: 	at android.graphics.drawable.LayerDrawable.createConstantState(LayerDrawable.java:174)
06-05 14:59:21.930 26042 26042 W LayerDrawable: 	at android.graphics.drawable.LayerDrawable.mutate(LayerDrawable.java:1782)
06-05 14:59:21.930 26042 26042 W LayerDrawable: 	at helium314.keyboard.latin.InputView.g(r8-map-id-757af8f5ae5c5858b77f256d366a7825add93b04460816c2c67fcdf1d8e02cc3:551)
06-05 14:59:21.930 26042 26042 W LayerDrawable: 	at p7.x.a(r8-map-id-757af8f5ae5c5858b77f256d366a7825add93b04460816c2c67fcdf1d8e02cc3:232)
06-05 14:59:21.930 26042 26042 W LayerDrawable: 	at a8.t0.run(r8-map-id-757af8f5ae5c5858b77f256d366a7825add93b04460816c2c67fcdf1d8e02cc3:279)
06-05 14:59:21.930 26042 26042 W LayerDrawable: 	at helium314.keyboard.latin.InputView.f(r8-map-id-757af8f5ae5c5858b77f256d366a7825add93b04460816c2c67fcdf1d8e02cc3:39)
06-05 14:59:21.930 26042 26042 W LayerDrawable: 	at i7.c0.a(r8-map-id-757af8f5ae5c5858b77f256d366a7825add93b04460816c2c67fcdf1d8e02cc3:73)
06-05 14:59:21.930 26042 26042 W LayerDrawable: 	at a8.z0.run(r8-map-id-757af8f5ae5c5858b77f256d366a7825add93b04460816c2c67fcdf1d8e02cc3:411)
06-05 14:59:21.930 26042 26042 W LayerDrawable: 	at android.os.Handler.handleCallback(Handler.java:938)
06-05 14:59:21.930 26042 26042 W LayerDrawable: 	at android.os.Handler.dispatchMessage(Handler.java:99)
06-05 14:59:21.930 26042 26042 W LayerDrawable: 	at android.os.Looper.loopOnce(Looper.java:233)
06-05 14:59:21.930 26042 26042 W LayerDrawable: 	at android.os.Looper.loop(Looper.java:344)
06-05 14:59:21.930 26042 26042 W LayerDrawable: 	at android.app.ActivityThread.main(ActivityThread.java:8212)
06-05 14:59:21.930 26042 26042 W LayerDrawable: 	at java.lang.reflect.Method.invoke(Native Method)
06-05 14:59:21.930 26042 26042 W LayerDrawable: 	at com.android.internal.os.RuntimeInit$MethodAndArgsCaller.run(RuntimeInit.java:584)
06-05 14:59:21.930 26042 26042 W LayerDrawable: 	at com.android.internal.os.ZygoteInit.main(ZygoteInit.java:1034)
06-05 14:59:22.026 26042 26095 E BLASTBufferQueue: BLASTBufferItemConsumer::onDisconnect()
06-05 14:59:22.635 26042 26042 W GeckoEventDispatcher: No listener for GeckoView:DismissClipboardPermissionRequest
06-05 14:59:22.638 26042 26407 E GeckoConsole: [JavaScript Error: "TypeError: can't access property "WindowEventDispatcher", win is null" {file: "resource://gre/modules/GeckoViewSessionStore.sys.mjs" line: 149}]
06-05 14:59:22.638 26042 26407 E GeckoConsole: onTabStateUpdate@resource://gre/modules/GeckoViewSessionStore.sys.mjs:149:5
06-05 14:59:22.638 26042 26407 E GeckoConsole: updateSessionStoreFromTabListener@resource://gre/modules/GeckoViewSessionStore.sys.mjs:243:10
06-05 14:59:22.638 26042 26407 E GeckoConsole: SSF_updateSessionStore@resource://gre/modules/SessionStoreFunctions.sys.mjs:46:27
06-05 14:59:22.638 26042 26407 E GeckoConsole: UpdateSessionStore@resource://gre/modules/SessionStoreFunctions.sys.mjs:16:46
06-05 14:59:22.639 26042 26407 E GeckoConsole: [JavaScript Error: "TypeError: can't access property "WindowEventDispatcher", win is null" {file: "resource://gre/modules/GeckoViewSessionStore.sys.mjs" line: 149}]
06-05 14:59:22.639 26042 26407 E GeckoConsole: onTabStateUpdate@resource://gre/modules/GeckoViewSessionStore.sys.mjs:149:5
06-05 14:59:22.639 26042 26407 E GeckoConsole: updateSessionStoreFromTabListener@resource://gre/modules/GeckoViewSessionStore.sys.mjs:243:10
06-05 14:59:22.639 26042 26407 E GeckoConsole: SSF_updateSessionStore@resource://gre/modules/SessionStoreFunctions.sys.mjs:46:27
06-05 14:59:22.639 26042 26407 E GeckoConsole: UpdateSessionStore@resource://gre/modules/SessionStoreFunctions.sys.mjs:16:46
06-05 14:59:22.639 26042 26407 E GeckoConsole: [JavaScript Error: "TypeError: can't access property "WindowEventDispatcher", win is null" {file: "resource://gre/modules/GeckoViewSessionStore.sys.mjs" line: 149}]
06-05 14:59:22.639 26042 26407 E GeckoConsole: onTabStateUpdate@resource://gre/modules/GeckoViewSessionStore.sys.mjs:149:5
06-05 14:59:22.639 26042 26407 E GeckoConsole: updateSessionStoreFromTabListener@resource://gre/modules/GeckoViewSessionStore.sys.mjs:243:10
06-05 14:59:22.639 26042 26407 E GeckoConsole: SSF_updateSessionStore@resource://gre/modules/SessionStoreFunctions.sys.mjs:46:27
06-05 14:59:22.639 26042 26407 E GeckoConsole: UpdateSessionStore@resource://gre/modules/SessionStoreFunctions.sys.mjs:16:46
06-05 14:59:22.639 26042 26407 E GeckoConsole: [JavaScript Error: "TypeError: can't access property "WindowEventDispatcher", win is null" {file: "resource://gre/modules/GeckoViewSessionStore.sys.mjs" line: 149}]
06-05 14:59:22.639 26042 26407 E GeckoConsole: onTabStateUpdate@resource://gre/modules/GeckoViewSessionStore.sys.mjs:149:5
06-05 14:59:22.639 26042 26407 E GeckoConsole: updateSessionStoreFromTabListener@resource://gre/modules/GeckoViewSessionStore.sys.mjs:243:10
06-05 14:59:22.639 26042 26407 E GeckoConsole: SSF_updateSessionStore@resource://gre/modules/SessionStoreFunctions.sys.mjs:46:27
06-05 14:59:22.639 26042 26407 E GeckoConsole: UpdateSessionStore@resource://gre/modules/SessionStoreFunctions.sys.mjs:16:46
06-05 14:59:22.639 26042 26407 E GeckoConsole: [JavaScript Error: "TypeError: can't access property "WindowEventDispatcher", win is null" {file: "resource://gre/modules/GeckoViewSessionStore.sys.mjs" line: 149}]
06-05 14:59:22.639 26042 26407 E GeckoConsole: onTabStateUpdate@resource://gre/modules/GeckoViewSessionStore.sys.mjs:149:5
06-05 14:59:22.639 26042 26407 E GeckoConsole: updateSessionStoreFromTabListener@resource://gre/modules/GeckoViewSessionStore.sys.mjs:243:10
06-05 14:59:22.639 26042 26407 E GeckoConsole: SSF_updateSessionStore@resource://gre/modules/SessionStoreFunctions.sys.mjs:46:27
06-05 14:59:22.639 26042 26407 E GeckoConsole: UpdateSessionStore@resource://gre/modules/SessionStoreFunctions.sys.mjs:16:46
06-05 14:59:22.652 26042 26042 W LayerDrawable: Invalid drawable added to LayerDrawable! Drawable already belongs to another owner but does not expose a constant state.
06-05 14:59:22.652 26042 26042 W LayerDrawable: java.lang.RuntimeException
06-05 14:59:22.652 26042 26042 W LayerDrawable: 	at android.graphics.drawable.LayerDrawable$ChildDrawable.<init>(LayerDrawable.java:1857)
06-05 14:59:22.652 26042 26042 W LayerDrawable: 	at android.graphics.drawable.LayerDrawable$LayerState.<init>(LayerDrawable.java:1977)
06-05 14:59:22.652 26042 26042 W LayerDrawable: 	at android.graphics.drawable.LayerDrawable.createConstantState(LayerDrawable.java:174)
06-05 14:59:22.652 26042 26042 W LayerDrawable: 	at android.graphics.drawable.LayerDrawable.mutate(LayerDrawable.java:1782)
06-05 14:59:22.652 26042 26042 W LayerDrawable: 	at helium314.keyboard.latin.InputView.g(r8-map-id-757af8f5ae5c5858b77f256d366a7825add93b04460816c2c67fcdf1d8e02cc3:551)
06-05 14:59:22.652 26042 26042 W LayerDrawable: 	at p7.x.a(r8-map-id-757af8f5ae5c5858b77f256d366a7825add93b04460816c2c67fcdf1d8e02cc3:232)
06-05 14:59:22.652 26042 26042 W LayerDrawable: 	at a8.t0.run(r8-map-id-757af8f5ae5c5858b77f256d366a7825add93b04460816c2c67fcdf1d8e02cc3:279)
06-05 14:59:22.652 26042 26042 W LayerDrawable: 	at helium314.keyboard.latin.InputView.f(r8-map-id-757af8f5ae5c5858b77f256d366a7825add93b04460816c2c67fcdf1d8e02cc3:39)
06-05 14:59:22.652 26042 26042 W LayerDrawable: 	at i7.c0.a(r8-map-id-757af8f5ae5c5858b77f256d366a7825add93b04460816c2c67fcdf1d8e02cc3:73)
06-05 14:59:22.652 26042 26042 W LayerDrawable: 	at i7.c0.r(r8-map-id-757af8f5ae5c5858b77f256d366a7825add93b04460816c2c67fcdf1d8e02cc3:245)
06-05 14:59:22.652 26042 26042 W LayerDrawable: 	at x7.b.u(r8-map-id-757af8f5ae5c5858b77f256d366a7825add93b04460816c2c67fcdf1d8e02cc3:188)
06-05 14:59:22.652 26042 26042 W LayerDrawable: 	at helium314.keyboard.latin.LatinIME.l(r8-map-id-757af8f5ae5c5858b77f256d366a7825add93b04460816c2c67fcdf1d8e02cc3:36)
06-05 14:59:22.652 26042 26042 W LayerDrawable: 	at i7.m.a(r8-map-id-757af8f5ae5c5858b77f256d366a7825add93b04460816c2c67fcdf1d8e02cc3:262)
06-05 14:59:22.652 26042 26042 W LayerDrawable: 	at helium314.keyboard.latin.suggestions.SuggestionStripView.onClick(r8-map-id-757af8f5ae5c5858b77f256d366a7825add93b04460816c2c67fcdf1d8e02cc3:45)
06-05 14:59:22.652 26042 26042 W LayerDrawable: 	at android.view.View.performClick(View.java:7488)
06-05 14:59:22.652 26042 26042 W LayerDrawable: 	at android.view.View.performClickInternal(View.java:7464)
06-05 14:59:22.652 26042 26042 W LayerDrawable: 	at android.view.View.access$3700(View.java:841)
06-05 14:59:22.652 26042 26042 W LayerDrawable: 	at android.view.View$PerformClick.run(View.java:28911)
06-05 14:59:22.652 26042 26042 W LayerDrawable: 	at android.os.Handler.handleCallback(Handler.java:938)
06-05 14:59:22.652 26042 26042 W LayerDrawable: 	at android.os.Handler.dispatchMessage(Handler.java:99)
06-05 14:59:22.652 26042 26042 W LayerDrawable: 	at android.os.Looper.loopOnce(Looper.java:233)
06-05 14:59:22.652 26042 26042 W LayerDrawable: 	at android.os.Looper.loop(Looper.java:344)
06-05 14:59:22.652 26042 26042 W LayerDrawable: 	at android.app.ActivityThread.main(ActivityThread.java:8212)
06-05 14:59:22.652 26042 26042 W LayerDrawable: 	at java.lang.reflect.Method.invoke(Native Method)
06-05 14:59:22.652 26042 26042 W LayerDrawable: 	at com.android.internal.os.RuntimeInit$MethodAndArgsCaller.run(RuntimeInit.java:584)
06-05 14:59:22.652 26042 26042 W LayerDrawable: 	at com.android.internal.os.ZygoteInit.main(ZygoteInit.java:1034)
06-05 14:59:22.655 26042 26042 I VkPanels: ▶ open menu
06-05 14:59:22.668 26042 26042 W LayerDrawable: Invalid drawable added to LayerDrawable! Drawable already belongs to another owner but does not expose a constant state.
06-05 14:59:22.668 26042 26042 W LayerDrawable: java.lang.RuntimeException
06-05 14:59:22.668 26042 26042 W LayerDrawable: 	at android.graphics.drawable.LayerDrawable$ChildDrawable.<init>(LayerDrawable.java:1857)
06-05 14:59:22.668 26042 26042 W LayerDrawable: 	at android.graphics.drawable.LayerDrawable$LayerState.<init>(LayerDrawable.java:1977)
06-05 14:59:22.668 26042 26042 W LayerDrawable: 	at android.graphics.drawable.LayerDrawable.createConstantState(LayerDrawable.java:174)
06-05 14:59:22.668 26042 26042 W LayerDrawable: 	at android.graphics.drawable.LayerDrawable.mutate(LayerDrawable.java:1782)
06-05 14:59:22.668 26042 26042 W LayerDrawable: 	at helium314.keyboard.latin.InputView.g(r8-map-id-757af8f5ae5c5858b77f256d366a7825add93b04460816c2c67fcdf1d8e02cc3:551)
06-05 14:59:22.668 26042 26042 W LayerDrawable: 	at p7.x.a(r8-map-id-757af8f5ae5c5858b77f256d366a7825add93b04460816c2c67fcdf1d8e02cc3:232)
06-05 14:59:22.668 26042 26042 W LayerDrawable: 	at a8.t0.run(r8-map-id-757af8f5ae5c5858b77f256d366a7825add93b04460816c2c67fcdf1d8e02cc3:279)
06-05 14:59:22.668 26042 26042 W LayerDrawable: 	at helium314.keyboard.latin.InputView.f(r8-map-id-757af8f5ae5c5858b77f256d366a7825add93b04460816c2c67fcdf1d8e02cc3:39)
06-05 14:59:22.668 26042 26042 W LayerDrawable: 	at i7.c0.a(r8-map-id-757af8f5ae5c5858b77f256d366a7825add93b04460816c2c67fcdf1d8e02cc3:73)
06-05 14:59:22.668 26042 26042 W LayerDrawable: 	at a8.z0.run(r8-map-id-757af8f5ae5c5858b77f256d366a7825add93b04460816c2c67fcdf1d8e02cc3:411)
06-05 14:59:22.668 26042 26042 W LayerDrawable: 	at android.os.Handler.handleCallback(Handler.java:938)
06-05 14:59:22.668 26042 26042 W LayerDrawable: 	at android.os.Handler.dispatchMessage(Handler.java:99)
06-05 14:59:22.668 26042 26042 W LayerDrawable: 	at android.os.Looper.loopOnce(Looper.java:233)
06-05 14:59:22.668 26042 26042 W LayerDrawable: 	at android.os.Looper.loop(Looper.java:344)
06-05 14:59:22.668 26042 26042 W LayerDrawable: 	at android.app.ActivityThread.main(ActivityThread.java:8212)
06-05 14:59:22.668 26042 26042 W LayerDrawable: 	at java.lang.reflect.Method.invoke(Native Method)
06-05 14:59:22.668 26042 26042 W LayerDrawable: 	at com.android.internal.os.RuntimeInit$MethodAndArgsCaller.run(RuntimeInit.java:584)
06-05 14:59:22.668 26042 26042 W LayerDrawable: 	at com.android.internal.os.ZygoteInit.main(ZygoteInit.java:1034)
06-05 14:59:23.240 26042 26042 I VkMultilingual: menu languages total=1
06-05 14:59:23.323 26098 30536 I OnDeviceAssist: warm ok model=qwen2.5-0.5b-instruct-q4_0.gguf ambient=40 chars 610ms
06-05 14:59:25.591 26042   931 E ActivityThread: Failed to find provider info for com.oplus.statistics.provider
06-05 14:59:25.592 26042   931 E OplusStatistics--: IllegalArgumentException:java.lang.IllegalArgumentException: Unknown URL content://com.oplus.statistics.provider/track_event
06-05 14:59:29.952 26042 26042 I VkMultilingual: menu languages total=3
06-05 14:59:30.402 26042 26042 W GeckoEventDispatcher: No listener for GeckoView:DismissClipboardPermissionRequest
06-05 14:59:30.407 26042 26407 E GeckoConsole: [JavaScript Error: "TypeError: can't access property "WindowEventDispatcher", win is null" {file: "resource://gre/modules/GeckoViewSessionStore.sys.mjs" line: 149}]
06-05 14:59:30.407 26042 26407 E GeckoConsole: onTabStateUpdate@resource://gre/modules/GeckoViewSessionStore.sys.mjs:149:5
06-05 14:59:30.407 26042 26407 E GeckoConsole: updateSessionStoreFromTabListener@resource://gre/modules/GeckoViewSessionStore.sys.mjs:243:10
06-05 14:59:30.407 26042 26407 E GeckoConsole: SSF_updateSessionStore@resource://gre/modules/SessionStoreFunctions.sys.mjs:46:27
06-05 14:59:30.407 26042 26407 E GeckoConsole: UpdateSessionStore@resource://gre/modules/SessionStoreFunctions.sys.mjs:16:46
06-05 14:59:30.407 26042 26407 E GeckoConsole: [JavaScript Error: "TypeError: can't access property "WindowEventDispatcher", win is null" {file: "resource://gre/modules/GeckoViewSessionStore.sys.mjs" line: 149}]
06-05 14:59:30.407 26042 26407 E GeckoConsole: onTabStateUpdate@resource://gre/modules/GeckoViewSessionStore.sys.mjs:149:5
06-05 14:59:30.407 26042 26407 E GeckoConsole: updateSessionStoreFromTabListener@resource://gre/modules/GeckoViewSessionStore.sys.mjs:243:10
06-05 14:59:30.407 26042 26407 E GeckoConsole: SSF_updateSessionStore@resource://gre/modules/SessionStoreFunctions.sys.mjs:46:27
06-05 14:59:30.407 26042 26407 E GeckoConsole: UpdateSessionStore@resource://gre/modules/SessionStoreFunctions.sys.mjs:16:46
06-05 14:59:30.407 26042 26407 E GeckoConsole: [JavaScript Error: "TypeError: can't access property "WindowEventDispatcher", win is null" {file: "resource://gre/modules/GeckoViewSessionStore.sys.mjs" line: 149}]
06-05 14:59:30.407 26042 26407 E GeckoConsole: onTabStateUpdate@resource://gre/modules/GeckoViewSessionStore.sys.mjs:149:5
06-05 14:59:30.407 26042 26407 E GeckoConsole: updateSessionStoreFromTabListener@resource://gre/modules/GeckoViewSessionStore.sys.mjs:243:10
06-05 14:59:30.407 26042 26407 E GeckoConsole: SSF_updateSessionStore@resource://gre/modules/SessionStoreFunctions.sys.mjs:46:27
06-05 14:59:30.407 26042 26407 E GeckoConsole: UpdateSessionStore@resource://gre/modules/SessionStoreFunctions.sys.mjs:16:46
06-05 14:59:30.408 26042 26407 E GeckoConsole: [JavaScript Error: "TypeError: can't access property "WindowEventDispatcher", win is null" {file: "resource://gre/modules/GeckoViewSessionStore.sys.mjs" line: 149}]
06-05 14:59:30.408 26042 26407 E GeckoConsole: onTabStateUpdate@resource://gre/modules/GeckoViewSessionStore.sys.mjs:149:5
06-05 14:59:30.408 26042 26407 E GeckoConsole: updateSessionStoreFromTabListener@resource://gre/modules/GeckoViewSessionStore.sys.mjs:243:10
06-05 14:59:30.408 26042 26407 E GeckoConsole: SSF_updateSessionStore@resource://gre/modules/SessionStoreFunctions.sys.mjs:46:27
06-05 14:59:30.408 26042 26407 E GeckoConsole: UpdateSessionStore@resource://gre/modules/SessionStoreFunctions.sys.mjs:16:46
06-05 14:59:30.408 26042 26407 E GeckoConsole: [JavaScript Error: "TypeError: can't access property "WindowEventDispatcher", win is null" {file: "resource://gre/modules/GeckoViewSessionStore.sys.mjs" line: 149}]
06-05 14:59:30.408 26042 26407 E GeckoConsole: onTabStateUpdate@resource://gre/modules/GeckoViewSessionStore.sys.mjs:149:5
06-05 14:59:30.408 26042 26407 E GeckoConsole: updateSessionStoreFromTabListener@resource://gre/modules/GeckoViewSessionStore.sys.mjs:243:10
06-05 14:59:30.408 26042 26407 E GeckoConsole: SSF_updateSessionStore@resource://gre/modules/SessionStoreFunctions.sys.mjs:46:27
06-05 14:59:30.408 26042 26407 E GeckoConsole: UpdateSessionStore@resource://gre/modules/SessionStoreFunctions.sys.mjs:16:46
06-05 14:59:30.420 26042 26042 W LayerDrawable: Invalid drawable added to LayerDrawable! Drawable already belongs to another owner but does not expose a constant state.
06-05 14:59:30.420 26042 26042 W LayerDrawable: java.lang.RuntimeException
06-05 14:59:30.420 26042 26042 W LayerDrawable: 	at android.graphics.drawable.LayerDrawable$ChildDrawable.<init>(LayerDrawable.java:1857)
06-05 14:59:30.420 26042 26042 W LayerDrawable: 	at android.graphics.drawable.LayerDrawable$LayerState.<init>(LayerDrawable.java:1977)
06-05 14:59:30.420 26042 26042 W LayerDrawable: 	at android.graphics.drawable.LayerDrawable.createConstantState(LayerDrawable.java:174)
06-05 14:59:30.420 26042 26042 W LayerDrawable: 	at android.graphics.drawable.LayerDrawable.mutate(LayerDrawable.java:1782)
06-05 14:59:30.420 26042 26042 W LayerDrawable: 	at helium314.keyboard.latin.InputView.g(r8-map-id-757af8f5ae5c5858b77f256d366a7825add93b04460816c2c67fcdf1d8e02cc3:551)
06-05 14:59:30.420 26042 26042 W LayerDrawable: 	at p7.x.a(r8-map-id-757af8f5ae5c5858b77f256d366a7825add93b04460816c2c67fcdf1d8e02cc3:232)
06-05 14:59:30.420 26042 26042 W LayerDrawable: 	at a8.t0.run(r8-map-id-757af8f5ae5c5858b77f256d366a7825add93b04460816c2c67fcdf1d8e02cc3:279)
06-05 14:59:30.420 26042 26042 W LayerDrawable: 	at helium314.keyboard.latin.InputView.f(r8-map-id-757af8f5ae5c5858b77f256d366a7825add93b04460816c2c67fcdf1d8e02cc3:39)
06-05 14:59:30.420 26042 26042 W LayerDrawable: 	at i7.c0.a(r8-map-id-757af8f5ae5c5858b77f256d366a7825add93b04460816c2c67fcdf1d8e02cc3:73)
06-05 14:59:30.420 26042 26042 W LayerDrawable: 	at i7.c0.r(r8-map-id-757af8f5ae5c5858b77f256d366a7825add93b04460816c2c67fcdf1d8e02cc3:245)
06-05 14:59:30.420 26042 26042 W LayerDrawable: 	at i7.c0.P(r8-map-id-757af8f5ae5c5858b77f256d366a7825add93b04460816c2c67fcdf1d8e02cc3:17)
06-05 14:59:30.420 26042 26042 W LayerDrawable: 	at x7.b.u(r8-map-id-757af8f5ae5c5858b77f256d366a7825add93b04460816c2c67fcdf1d8e02cc3:187)
06-05 14:59:30.420 26042 26042 W LayerDrawable: 	at helium314.keyboard.latin.LatinIME.l(r8-map-id-757af8f5ae5c5858b77f256d366a7825add93b04460816c2c67fcdf1d8e02cc3:36)
06-05 14:59:30.420 26042 26042 W LayerDrawable: 	at i7.m.a(r8-map-id-757af8f5ae5c5858b77f256d366a7825add93b04460816c2c67fcdf1d8e02cc3:262)
06-05 14:59:30.420 26042 26042 W LayerDrawable: 	at helium314.keyboard.latin.suggestions.SuggestionStripView.onClick(r8-map-id-757af8f5ae5c5858b77f256d366a7825add93b04460816c2c67fcdf1d8e02cc3:45)
06-05 14:59:30.420 26042 26042 W LayerDrawable: 	at android.view.View.performClick(View.java:7488)
06-05 14:59:30.420 26042 26042 W LayerDrawable: 	at android.view.View.performClickInternal(View.java:7464)
06-05 14:59:30.420 26042 26042 W LayerDrawable: 	at android.view.View.access$3700(View.java:841)
06-05 14:59:30.420 26042 26042 W LayerDrawable: 	at android.view.View$PerformClick.run(View.java:28911)
06-05 14:59:30.420 26042 26042 W LayerDrawable: 	at android.os.Handler.handleCallback(Handler.java:938)
06-05 14:59:30.420 26042 26042 W LayerDrawable: 	at android.os.Handler.dispatchMessage(Handler.java:99)
06-05 14:59:30.420 26042 26042 W LayerDrawable: 	at android.os.Looper.loopOnce(Looper.java:233)
06-05 14:59:30.420 26042 26042 W LayerDrawable: 	at android.os.Looper.loop(Looper.java:344)
06-05 14:59:30.420 26042 26042 W LayerDrawable: 	at android.app.ActivityThread.main(ActivityThread.java:8212)
06-05 14:59:30.420 26042 26042 W LayerDrawable: 	at java.lang.reflect.Method.invoke(Native Method)
06-05 14:59:30.420 26042 26042 W LayerDrawable: 	at com.android.internal.os.RuntimeInit$MethodAndArgsCaller.run(RuntimeInit.java:584)
06-05 14:59:30.420 26042 26042 W LayerDrawable: 	at com.android.internal.os.ZygoteInit.main(ZygoteInit.java:1034)
06-05 14:59:30.425 26042 26042 W LayerDrawable: Invalid drawable added to LayerDrawable! Drawable already belongs to another owner but does not expose a constant state.
06-05 14:59:30.425 26042 26042 W LayerDrawable: java.lang.RuntimeException
06-05 14:59:30.425 26042 26042 W LayerDrawable: 	at android.graphics.drawable.LayerDrawable$ChildDrawable.<init>(LayerDrawable.java:1857)
06-05 14:59:30.425 26042 26042 W LayerDrawable: 	at android.graphics.drawable.LayerDrawable$LayerState.<init>(LayerDrawable.java:1977)
06-05 14:59:30.425 26042 26042 W LayerDrawable: 	at android.graphics.drawable.LayerDrawable.createConstantState(LayerDrawable.java:174)
06-05 14:59:30.425 26042 26042 W LayerDrawable: 	at android.graphics.drawable.LayerDrawable.mutate(LayerDrawable.java:1782)
06-05 14:59:30.425 26042 26042 W LayerDrawable: 	at helium314.keyboard.latin.InputView.g(r8-map-id-757af8f5ae5c5858b77f256d366a7825add93b04460816c2c67fcdf1d8e02cc3:551)
06-05 14:59:30.425 26042 26042 W LayerDrawable: 	at p7.x.a(r8-map-id-757af8f5ae5c5858b77f256d366a7825add93b04460816c2c67fcdf1d8e02cc3:232)
06-05 14:59:30.425 26042 26042 W LayerDrawable: 	at a8.t0.run(r8-map-id-757af8f5ae5c5858b77f256d366a7825add93b04460816c2c67fcdf1d8e02cc3:279)
06-05 14:59:30.425 26042 26042 W LayerDrawable: 	at helium314.keyboard.latin.InputView.f(r8-map-id-757af8f5ae5c5858b77f256d366a7825add93b04460816c2c67fcdf1d8e02cc3:39)
06-05 14:59:30.425 26042 26042 W LayerDrawable: 	at i7.c0.a(r8-map-id-757af8f5ae5c5858b77f256d366a7825add93b04460816c2c67fcdf1d8e02cc3:73)
06-05 14:59:30.425 26042 26042 W LayerDrawable: 	at i7.c0.P(r8-map-id-757af8f5ae5c5858b77f256d366a7825add93b04460816c2c67fcdf1d8e02cc3:118)
06-05 14:59:30.425 26042 26042 W LayerDrawable: 	at x7.b.u(r8-map-id-757af8f5ae5c5858b77f256d366a7825add93b04460816c2c67fcdf1d8e02cc3:187)
06-05 14:59:30.425 26042 26042 W LayerDrawable: 	at helium314.keyboard.latin.LatinIME.l(r8-map-id-757af8f5ae5c5858b77f256d366a7825add93b04460816c2c67fcdf1d8e02cc3:36)
06-05 14:59:30.425 26042 26042 W LayerDrawable: 	at i7.m.a(r8-map-id-757af8f5ae5c5858b77f256d366a7825add93b04460816c2c67fcdf1d8e02cc3:262)
06-05 14:59:30.425 26042 26042 W LayerDrawable: 	at helium314.keyboard.latin.suggestions.SuggestionStripView.onClick(r8-map-id-757af8f5ae5c5858b77f256d366a7825add93b04460816c2c67fcdf1d8e02cc3:45)
06-05 14:59:30.425 26042 26042 W LayerDrawable: 	at android.view.View.performClick(View.java:7488)
06-05 14:59:30.425 26042 26042 W LayerDrawable: 	at android.view.View.performClickInternal(View.java:7464)
06-05 14:59:30.425 26042 26042 W LayerDrawable: 	at android.view.View.access$3700(View.java:841)
06-05 14:59:30.425 26042 26042 W LayerDrawable: 	at android.view.View$PerformClick.run(View.java:28911)
06-05 14:59:30.425 26042 26042 W LayerDrawable: 	at android.os.Handler.handleCallback(Handler.java:938)
06-05 14:59:30.425 26042 26042 W LayerDrawable: 	at android.os.Handler.dispatchMessage(Handler.java:99)
06-05 14:59:30.425 26042 26042 W LayerDrawable: 	at android.os.Looper.loopOnce(Looper.java:233)
06-05 14:59:30.425 26042 26042 W LayerDrawable: 	at android.os.Looper.loop(Looper.java:344)
06-05 14:59:30.425 26042 26042 W LayerDrawable: 	at android.app.ActivityThread.main(ActivityThread.java:8212)
06-05 14:59:30.425 26042 26042 W LayerDrawable: 	at java.lang.reflect.Method.invoke(Native Method)
06-05 14:59:30.425 26042 26042 W LayerDrawable: 	at com.android.internal.os.RuntimeInit$MethodAndArgsCaller.run(RuntimeInit.java:584)
06-05 14:59:30.425 26042 26042 W LayerDrawable: 	at com.android.internal.os.ZygoteInit.main(ZygoteInit.java:1034)
06-05 14:59:30.441 26042 26042 W LayerDrawable: Invalid drawable added to LayerDrawable! Drawable already belongs to another owner but does not expose a constant state.
06-05 14:59:30.441 26042 26042 W LayerDrawable: java.lang.RuntimeException
06-05 14:59:30.441 26042 26042 W LayerDrawable: 	at android.graphics.drawable.LayerDrawable$ChildDrawable.<init>(LayerDrawable.java:1857)
06-05 14:59:30.441 26042 26042 W LayerDrawable: 	at android.graphics.drawable.LayerDrawable$LayerState.<init>(LayerDrawable.java:1977)
06-05 14:59:30.441 26042 26042 W LayerDrawable: 	at android.graphics.drawable.LayerDrawable.createConstantState(LayerDrawable.java:174)
06-05 14:59:30.441 26042 26042 W LayerDrawable: 	at android.graphics.drawable.LayerDrawable.mutate(LayerDrawable.java:1782)
06-05 14:59:30.441 26042 26042 W LayerDrawable: 	at helium314.keyboard.latin.InputView.g(r8-map-id-757af8f5ae5c5858b77f256d366a7825add93b04460816c2c67fcdf1d8e02cc3:551)
06-05 14:59:30.441 26042 26042 W LayerDrawable: 	at p7.x.a(r8-map-id-757af8f5ae5c5858b77f256d366a7825add93b04460816c2c67fcdf1d8e02cc3:232)
06-05 14:59:30.441 26042 26042 W LayerDrawable: 	at a8.t0.run(r8-map-id-757af8f5ae5c5858b77f256d366a7825add93b04460816c2c67fcdf1d8e02cc3:279)
06-05 14:59:30.441 26042 26042 W LayerDrawable: 	at helium314.keyboard.latin.InputView.f(r8-map-id-757af8f5ae5c5858b77f256d366a7825add93b04460816c2c67fcdf1d8e02cc3:39)
06-05 14:59:30.441 26042 26042 W LayerDrawable: 	at i7.c0.a(r8-map-id-757af8f5ae5c5858b77f256d366a7825add93b04460816c2c67fcdf1d8e02cc3:73)
06-05 14:59:30.441 26042 26042 W LayerDrawable: 	at a8.z0.run(r8-map-id-757af8f5ae5c5858b77f256d366a7825add93b04460816c2c67fcdf1d8e02cc3:411)
06-05 14:59:30.441 26042 26042 W LayerDrawable: 	at android.os.Handler.handleCallback(Handler.java:938)
06-05 14:59:30.441 26042 26042 W LayerDrawable: 	at android.os.Handler.dispatchMessage(Handler.java:99)
06-05 14:59:30.441 26042 26042 W LayerDrawable: 	at android.os.Looper.loopOnce(Looper.java:233)
06-05 14:59:30.441 26042 26042 W LayerDrawable: 	at android.os.Looper.loop(Looper.java:344)
06-05 14:59:30.441 26042 26042 W LayerDrawable: 	at android.app.ActivityThread.main(ActivityThread.java:8212)
06-05 14:59:30.441 26042 26042 W LayerDrawable: 	at java.lang.reflect.Method.invoke(Native Method)
06-05 14:59:30.441 26042 26042 W LayerDrawable: 	at com.android.internal.os.RuntimeInit$MethodAndArgsCaller.run(RuntimeInit.java:584)
06-05 14:59:30.441 26042 26042 W LayerDrawable: 	at com.android.internal.os.ZygoteInit.main(ZygoteInit.java:1034)
06-05 14:59:31.476 26042 26343 W VibeKeyProfiler: Slow Native Suggest: Total=12.15ms | Init=0.61ms | TrieExpand(x16)=11.49ms | Scoring=0.05ms | inputSize=1
06-05 14:59:31.478 26042 26343 I VkSuggestions: decode typedLen=1 candidates=18 locales=1 13.4ms
06-05 14:59:31.479 26042 26343 I VkSuggestions: decode typedLen=0 candidates=1 locales=1 0.2ms
06-05 14:59:31.480 26042 26343 I VkAutocorrect: offered: h → h
06-05 14:59:31.481 26042 26343 I VkSuggestions: strip composing typedLen=1 candidates=19 autocorrect=true top=h locale=en
06-05 14:59:31.691 26042 26343 I VkSuggestions: decode typedLen=2 candidates=18 locales=1 4.1ms
06-05 14:59:31.692 26042 26343 I VkSuggestions: strip composing typedLen=2 candidates=17 autocorrect=false top=ho locale=en
06-05 14:59:31.869 26042 26343 I VkSuggestions: decode typedLen=3 candidates=18 locales=1 5.4ms
06-05 14:59:31.870 26042 26343 I VkSuggestions: strip composing typedLen=3 candidates=16 autocorrect=false top=hop locale=en
06-05 14:59:32.009 26042 26343 W VibeKeyProfiler: Slow Native Suggest: Total=9.08ms | Init=0.17ms | TrieExpand(x22)=8.85ms | Scoring=0.05ms | inputSize=4
06-05 14:59:32.011 26042 26343 I VkSuggestions: decode typedLen=4 candidates=18 locales=1 10.2ms
06-05 14:59:32.013 26042 26343 I VkSuggestions: strip composing typedLen=4 candidates=14 autocorrect=false top=hope locale=en
06-05 14:59:33.407 26042 26042 I VkAutocorrect: picked: hope
06-05 14:59:33.510 26042 26343 I VkSuggestions: decode typedLen=0 candidates=4 locales=1 0.2ms
06-05 14:59:33.511 26042 26343 I VkSuggestions: strip prediction typedLen=0 candidates=7 autocorrect=false top=aii locale=en
06-05 14:59:34.183 26042 26343 I VkSuggestions: decode typedLen=1 candidates=18 locales=1 7.0ms
06-05 14:59:34.184 26042 26343 I VkSuggestions: strip composing typedLen=1 candidates=17 autocorrect=false top=a locale=en
06-05 14:59:34.325 26042 26343 I VkSuggestions: decode typedLen=2 candidates=18 locales=1 5.1ms
06-05 14:59:34.326 26042 26343 I VkAutocorrect: offered: al → al
06-05 14:59:34.326 26042 26343 I VkSuggestions: strip composing typedLen=2 candidates=18 autocorrect=true top=al locale=en
06-05 14:59:34.499 26042 26343 W VibeKeyProfiler: Slow Native Suggest: Total=10.53ms | Init=0.30ms | TrieExpand(x17)=10.18ms | Scoring=0.05ms | inputSize=3
06-05 14:59:34.500 26042 26343 I VkSuggestions: decode typedLen=3 candidates=18 locales=1 11.7ms
06-05 14:59:34.502 26042 26343 I VkSuggestions: strip composing typedLen=3 candidates=14 autocorrect=false top=all locale=en
06-05 14:59:35.195 26042 26343 W VibeKeyProfiler: Slow Native Suggest: Total=13.28ms | Init=0.35ms | TrieExpand(x17)=12.88ms | Scoring=0.05ms | inputSize=4
06-05 14:59:35.196 26042 26343 I VkSuggestions: decode typedLen=4 candidates=18 locales=1 14.4ms
06-05 14:59:35.198 26042 26343 I VkAutocorrect: offered: alle → alle
06-05 14:59:35.199 26042 26343 I VkSuggestions: strip composing typedLen=4 candidates=17 autocorrect=true top=alle locale=en
06-05 14:59:36.035 26042 26343 I VkSuggestions: decode typedLen=5 candidates=18 locales=1 6.1ms
06-05 14:59:36.038 26042 26343 I VkSuggestions: strip composing typedLen=5 candidates=16 autocorrect=false top=allei locale=en
06-05 14:59:36.155 26042 26343 I VkSuggestions: decode typedLen=6 candidates=18 locales=1 6.4ms
06-05 14:59:36.157 26042 26343 I VkAutocorrect: offered: alleis → alleis
06-05 14:59:36.158 26042 26343 I VkSuggestions: strip composing typedLen=6 candidates=17 autocorrect=true top=alleis locale=en
06-05 14:59:38.770 26042 26042 I VkAutocorrect: committed (typing): alleis → allies
06-05 14:59:38.873 26042 26343 I VkSuggestions: decode typedLen=0 candidates=3 locales=1 0.5ms
06-05 14:59:38.875 26042 26343 I VkSuggestions: strip prediction typedLen=0 candidates=3 autocorrect=false top=and locale=en
06-05 14:59:39.110 26042 26343 W VibeKeyProfiler: Slow Native Suggest: Total=13.87ms | Init=0.67ms | TrieExpand(x16)=13.15ms | Scoring=0.05ms | inputSize=1
06-05 14:59:39.111 26042 26343 I VkSuggestions: decode typedLen=1 candidates=18 locales=1 14.7ms
06-05 14:59:39.112 26042 26343 I VkSuggestions: strip composing typedLen=1 candidates=19 autocorrect=false top=w locale=en
06-05 14:59:39.315 26042 26343 I VkSuggestions: decode typedLen=2 candidates=18 locales=1 3.9ms
06-05 14:59:39.316 26042 26343 I VkSuggestions: strip composing typedLen=2 candidates=18 autocorrect=false top=wl locale=en
06-05 14:59:39.474 26042 26343 W VibeKeyProfiler: Slow Native Suggest: Total=8.30ms | Init=0.25ms | TrieExpand(x16)=7.99ms | Scoring=0.06ms | inputSize=3
06-05 14:59:39.475 26042 26343 I VkSuggestions: decode typedLen=3 candidates=18 locales=1 9.5ms
06-05 14:59:39.479 26042 26343 I VkAutocorrect: offered: wll → wll
06-05 14:59:39.479 26042 26343 I VkSuggestions: strip composing typedLen=3 candidates=15 autocorrect=true top=wll locale=en
06-05 14:59:40.374 26042 26042 I VkAutocorrect: picked: all
06-05 14:59:40.479 26042 26343 I VkSuggestions: decode typedLen=0 candidates=4 locales=1 0.4ms
06-05 14:59:40.481 26042 26343 I VkSuggestions: strip prediction typedLen=0 candidates=6 autocorrect=false top=is well locale=en
06-05 14:59:41.114 26042 26343 I VkSuggestions: decode typedLen=2 candidates=18 locales=1 5.7ms
06-05 14:59:41.115 26042 26343 I VkSuggestions: strip composing typedLen=2 candidates=18 autocorrect=false top=al locale=en
06-05 14:59:41.365 26042 26343 I VkSuggestions: decode typedLen=1 candidates=18 locales=1 6.2ms
06-05 14:59:41.366 26042 26343 I VkSuggestions: strip composing typedLen=1 candidates=17 autocorrect=false top=a locale=en
06-05 14:59:41.507 26042 26343 I VkSuggestions: strip prediction typedLen=0 candidates=6 autocorrect=false top=all locale=en
06-05 14:59:41.826 26042 26343 W VibeKeyProfiler: Slow Native Suggest: Total=14.55ms | Init=0.09ms | TrieExpand(x15)=14.42ms | Scoring=0.04ms | inputSize=5
06-05 14:59:41.827 26042 26343 I VkSuggestions: decode typedLen=5 candidates=18 locales=1 15.9ms
06-05 14:59:41.829 26042 26343 I VkSuggestions: strip composing typedLen=5 candidates=11 autocorrect=false top=allie locale=en
06-05 14:59:42.559 26042 26343 I VkSuggestions: decode typedLen=4 candidates=18 locales=1 5.9ms
06-05 14:59:42.560 26042 26343 I VkSuggestions: strip composing typedLen=4 candidates=14 autocorrect=false top=alli locale=en
06-05 14:59:42.734 26042 26343 W VibeKeyProfiler: Slow Native Suggest: Total=11.24ms | Init=0.27ms | TrieExpand(x16)=10.91ms | Scoring=0.05ms | inputSize=3
06-05 14:59:42.736 26042 26343 I VkSuggestions: decode typedLen=3 candidates=18 locales=1 12.7ms
06-05 14:59:42.738 26042 26343 I VkSuggestions: strip composing typedLen=3 candidates=13 autocorrect=false top=all locale=en
06-05 14:59:43.771 26042 26042 I VkAutocorrect: picked: all
06-05 14:59:43.874 26042 26343 I VkSuggestions: decode typedLen=0 candidates=4 locales=1 0.4ms
06-05 14:59:43.876 26042 26343 I VkSuggestions: strip prediction typedLen=0 candidates=6 autocorrect=false top=is well locale=en
06-05 14:59:45.189 26042 26042 I VkAutocorrect: picked: is well
06-05 14:59:45.293 26042 26343 I VkSuggestions: strip prediction typedLen=0 candidates=6 autocorrect=false top=my friend locale=en
06-05 14:59:46.326 26042 26343 I VkSuggestions: strip prediction typedLen=0 candidates=1 autocorrect=false top=hope locale=en
06-05 14:59:47.370 26042 26042 W GeckoEventDispatcher: No listener for GeckoView:DismissClipboardPermissionRequest
06-05 14:59:47.372 26042 26407 E GeckoConsole: [JavaScript Error: "TypeError: can't access property "WindowEventDispatcher", win is null" {file: "resource://gre/modules/GeckoViewSessionStore.sys.mjs" line: 149}]
06-05 14:59:47.372 26042 26407 E GeckoConsole: onTabStateUpdate@resource://gre/modules/GeckoViewSessionStore.sys.mjs:149:5
06-05 14:59:47.372 26042 26407 E GeckoConsole: updateSessionStoreFromTabListener@resource://gre/modules/GeckoViewSessionStore.sys.mjs:243:10
06-05 14:59:47.372 26042 26407 E GeckoConsole: SSF_updateSessionStore@resource://gre/modules/SessionStoreFunctions.sys.mjs:46:27
06-05 14:59:47.372 26042 26407 E GeckoConsole: UpdateSessionStore@resource://gre/modules/SessionStoreFunctions.sys.mjs:16:46
06-05 14:59:47.374 26042 26407 E GeckoConsole: [JavaScript Error: "TypeError: can't access property "WindowEventDispatcher", win is null" {file: "resource://gre/modules/GeckoViewSessionStore.sys.mjs" line: 149}]
06-05 14:59:47.374 26042 26407 E GeckoConsole: onTabStateUpdate@resource://gre/modules/GeckoViewSessionStore.sys.mjs:149:5
06-05 14:59:47.374 26042 26407 E GeckoConsole: updateSessionStoreFromTabListener@resource://gre/modules/GeckoViewSessionStore.sys.mjs:243:10
06-05 14:59:47.374 26042 26407 E GeckoConsole: SSF_updateSessionStore@resource://gre/modules/SessionStoreFunctions.sys.mjs:46:27
06-05 14:59:47.374 26042 26407 E GeckoConsole: UpdateSessionStore@resource://gre/modules/SessionStoreFunctions.sys.mjs:16:46
06-05 14:59:47.375 26042 26407 E GeckoConsole: [JavaScript Error: "TypeError: can't access property "WindowEventDispatcher", win is null" {file: "resource://gre/modules/GeckoViewSessionStore.sys.mjs" line: 149}]
06-05 14:59:47.375 26042 26407 E GeckoConsole: onTabStateUpdate@resource://gre/modules/GeckoViewSessionStore.sys.mjs:149:5
06-05 14:59:47.375 26042 26407 E GeckoConsole: updateSessionStoreFromTabListener@resource://gre/modules/GeckoViewSessionStore.sys.mjs:243:10
06-05 14:59:47.375 26042 26407 E GeckoConsole: SSF_updateSessionStore@resource://gre/modules/SessionStoreFunctions.sys.mjs:46:27
06-05 14:59:47.375 26042 26407 E GeckoConsole: UpdateSessionStore@resource://gre/modules/SessionStoreFunctions.sys.mjs:16:46
06-05 14:59:47.375 26042 26407 E GeckoConsole: [JavaScript Error: "TypeError: can't access property "WindowEventDispatcher", win is null" {file: "resource://gre/modules/GeckoViewSessionStore.sys.mjs" line: 149}]
06-05 14:59:47.375 26042 26407 E GeckoConsole: onTabStateUpdate@resource://gre/modules/GeckoViewSessionStore.sys.mjs:149:5
06-05 14:59:47.375 26042 26407 E GeckoConsole: updateSessionStoreFromTabListener@resource://gre/modules/GeckoViewSessionStore.sys.mjs:243:10
06-05 14:59:47.375 26042 26407 E GeckoConsole: SSF_updateSessionStore@resource://gre/modules/SessionStoreFunctions.sys.mjs:46:27
06-05 14:59:47.375 26042 26407 E GeckoConsole: UpdateSessionStore@resource://gre/modules/SessionStoreFunctions.sys.mjs:16:46
06-05 14:59:47.375 26042 26407 E GeckoConsole: [JavaScript Error: "TypeError: can't access property "WindowEventDispatcher", win is null" {file: "resource://gre/modules/GeckoViewSessionStore.sys.mjs" line: 149}]
06-05 14:59:47.375 26042 26407 E GeckoConsole: onTabStateUpdate@resource://gre/modules/GeckoViewSessionStore.sys.mjs:149:5
06-05 14:59:47.375 26042 26407 E GeckoConsole: updateSessionStoreFromTabListener@resource://gre/modules/GeckoViewSessionStore.sys.mjs:243:10
06-05 14:59:47.375 26042 26407 E GeckoConsole: SSF_updateSessionStore@resource://gre/modules/SessionStoreFunctions.sys.mjs:46:27
06-05 14:59:47.375 26042 26407 E GeckoConsole: UpdateSessionStore@resource://gre/modules/SessionStoreFunctions.sys.mjs:16:46
06-05 14:59:47.389 26042 26042 W LayerDrawable: Invalid drawable added to LayerDrawable! Drawable already belongs to another owner but does not expose a constant state.
06-05 14:59:47.389 26042 26042 W LayerDrawable: java.lang.RuntimeException
06-05 14:59:47.389 26042 26042 W LayerDrawable: 	at android.graphics.drawable.LayerDrawable$ChildDrawable.<init>(LayerDrawable.java:1857)
06-05 14:59:47.389 26042 26042 W LayerDrawable: 	at android.graphics.drawable.LayerDrawable$LayerState.<init>(LayerDrawable.java:1977)
06-05 14:59:47.389 26042 26042 W LayerDrawable: 	at android.graphics.drawable.LayerDrawable.createConstantState(LayerDrawable.java:174)
06-05 14:59:47.389 26042 26042 W LayerDrawable: 	at android.graphics.drawable.LayerDrawable.mutate(LayerDrawable.java:1782)
06-05 14:59:47.389 26042 26042 W LayerDrawable: 	at helium314.keyboard.latin.InputView.g(r8-map-id-757af8f5ae5c5858b77f256d366a7825add93b04460816c2c67fcdf1d8e02cc3:551)
06-05 14:59:47.389 26042 26042 W LayerDrawable: 	at p7.x.a(r8-map-id-757af8f5ae5c5858b77f256d366a7825add93b04460816c2c67fcdf1d8e02cc3:232)
06-05 14:59:47.389 26042 26042 W LayerDrawable: 	at a8.t0.run(r8-map-id-757af8f5ae5c5858b77f256d366a7825add93b04460816c2c67fcdf1d8e02cc3:279)
06-05 14:59:47.389 26042 26042 W LayerDrawable: 	at helium314.keyboard.latin.InputView.f(r8-map-id-757af8f5ae5c5858b77f256d366a7825add93b04460816c2c67fcdf1d8e02cc3:39)
06-05 14:59:47.389 26042 26042 W LayerDrawable: 	at i7.c0.a(r8-map-id-757af8f5ae5c5858b77f256d366a7825add93b04460816c2c67fcdf1d8e02cc3:73)
06-05 14:59:47.389 26042 26042 W LayerDrawable: 	at i7.c0.r(r8-map-id-757af8f5ae5c5858b77f256d366a7825add93b04460816c2c67fcdf1d8e02cc3:245)
06-05 14:59:47.389 26042 26042 W LayerDrawable: 	at i7.c0.U(r8-map-id-757af8f5ae5c5858b77f256d366a7825add93b04460816c2c67fcdf1d8e02cc3:53)
06-05 14:59:47.389 26042 26042 W LayerDrawable: 	at m7.o0.f(r8-map-id-757af8f5ae5c5858b77f256d366a7825add93b04460816c2c67fcdf1d8e02cc3:91)
