=== VibeKey 4.1.239 (4339) ===

--------- beginning of system
06-08 12:07:06.808 19009 19009 E OplusCustomizeRestrictionManager: sInstance is null, start a new sInstance
--------- beginning of main
06-08 12:08:49.330 19009 19009 I SpaceAssistPopup: ○ typing idle scheduled
06-08 12:08:49.383 19009 19009 I SpaceAssistPopup: ○ typing idle scheduled
06-08 12:08:49.431 19009 19009 I SpaceAssistPopup: ○ overlay hide: typing
06-08 12:08:49.431 19009 19009 I SpaceAssistPopup: ○ typing idle scheduled
06-08 12:08:49.494 19009 19009 I SpaceAssistPopup: ○ typing idle scheduled
06-08 12:08:49.537 19009 19009 I SpaceAssistPopup: ○ typing idle scheduled
06-08 12:08:49.587 19009 19009 I SpaceAssistPopup: ○ typing idle scheduled
06-08 12:08:49.640 19009 19009 I SpaceAssistPopup: ○ typing idle scheduled
06-08 12:08:49.701 19009 19009 I SpaceAssistPopup: ○ typing idle scheduled
06-08 12:08:49.753 19009 19009 I SpaceAssistPopup: ○ typing idle scheduled
06-08 12:08:49.811 19009 19009 I SpaceAssistPopup: ○ typing idle scheduled
06-08 12:08:49.842 19009 19009 I SpaceAssistPopup: ○ typing idle scheduled
06-08 12:08:49.917 19009 19009 I SpaceAssistPopup: ○ typing idle scheduled
06-08 12:08:49.950 19009 19009 I SpaceAssistPopup: ○ typing idle scheduled
06-08 12:08:50.004 19009 19009 I SpaceAssistPopup: ○ typing idle scheduled
06-08 12:08:50.044 19009 19009 I SpaceAssistPopup: ○ typing idle scheduled
06-08 12:08:50.097 19009 19009 I SpaceAssistPopup: ○ typing idle scheduled
06-08 12:08:50.146 19009 19009 I SpaceAssistPopup: ○ typing idle scheduled
06-08 12:08:50.219 19009 19009 I SpaceAssistPopup: ○ typing idle scheduled
06-08 12:08:50.251 19009 19009 I SpaceAssistPopup: ○ typing idle scheduled
06-08 12:08:50.302 19009 19009 I SpaceAssistPopup: ○ typing idle scheduled
06-08 12:08:50.390 19009 19009 I SpaceAssistPopup: ○ typing idle scheduled
06-08 12:08:50.404 19009 19343 W VibeKeyProfiler: Slow Native Suggest: Total=10.12ms | Init=0.18ms | TrieExpand(x18)=9.92ms | Scoring=0.02ms | inputSize=3
06-08 12:08:50.414 19009 19343 I VkSuggestions: decode typedLen=3 candidates=18 locales=3 23,3ms
06-08 12:08:50.414 19009 19343 W VkSuggestions: slow frame 23,3ms locales=3 typedLen=3 candidates=18 parallelWait=23,2ms
06-08 12:08:50.416 19009 19343 I VkSuggestions: strip composing typedLen=3 candidates=15 autocorrect=false top=Yor locale=pt
06-08 12:08:50.447 19009 19009 I SpaceAssistPopup: ○ typing idle scheduled
06-08 12:08:50.469 19009 19009 I SpaceAssistPopup: ○ typing idle scheduled
06-08 12:08:50.521 19009 19009 I SpaceAssistPopup: ○ typing idle scheduled
06-08 12:08:50.589 19009 19009 I SpaceAssistPopup: ○ typing idle scheduled
06-08 12:08:50.608 19009 19343 I VkSuggestions: decode typedLen=2 candidates=18 locales=3 17,6ms
06-08 12:08:50.608 19009 19343 W VkSuggestions: slow frame 17,6ms locales=3 typedLen=2 candidates=18 parallelWait=17,5ms
06-08 12:08:50.609 19009 19343 I VkSuggestions: strip composing typedLen=2 candidates=17 autocorrect=false top=Ne locale=pt
06-08 12:08:50.657 19009 19009 I SpaceAssistPopup: ○ typing idle scheduled
06-08 12:08:50.704 19009 19009 I SpaceAssistPopup: ○ typing idle scheduled
06-08 12:08:50.777 19009 19009 I SpaceAssistPopup: ○ typing idle scheduled
06-08 12:08:50.788 19009 19343 W VibeKeyProfiler: Slow Native Suggest: Total=9.99ms | Init=0.22ms | TrieExpand(x18)=9.74ms | Scoring=0.04ms | inputSize=1
06-08 12:08:50.798 19009 19343 W VibeKeyProfiler: Slow Native Suggest: Total=10.14ms | Init=0.10ms | TrieExpand(x16)=10.00ms | Scoring=0.04ms | inputSize=1
06-08 12:08:50.804 19009 19009 I SpaceAssistPopup: ○ typing idle scheduled
06-08 12:08:50.819 19009 19343 I VkSuggestions: decode typedLen=1 candidates=18 locales=3 41,0ms
06-08 12:08:50.819 19009 19343 W VkSuggestions: slow frame 41,0ms locales=3 typedLen=1 candidates=18 parallelWait=40,7ms
06-08 12:08:50.821 19009 19343 I VkSuggestions: strip composing typedLen=1 candidates=18 autocorrect=false top=e locale=pt
06-08 12:08:50.889 19009 19009 I SpaceAssistPopup: ○ typing idle scheduled
06-08 12:08:50.903 19009 19009 I SpaceAssistPopup: ○ typing idle scheduled
06-08 12:08:50.906 19009 19343 I VkSuggestions: decode typedLen=5 candidates=18 locales=3 15,9ms
06-08 12:08:50.908 19009 19343 I VkSuggestions: strip composing typedLen=5 candidates=14 autocorrect=false top=pront locale=pt
06-08 12:08:50.953 19009 19009 I SpaceAssistPopup: ○ typing idle scheduled
06-08 12:08:51.008 19009 19009 I SpaceAssistPopup: ○ typing idle scheduled
06-08 12:08:51.069 19009 19009 I SpaceAssistPopup: ○ typing idle scheduled
06-08 12:08:51.120 19009 19009 I SpaceAssistPopup: ○ typing idle scheduled
06-08 12:08:51.188 19009 19009 I SpaceAssistPopup: ○ typing idle scheduled
06-08 12:08:51.200 19009 19343 I VkSuggestions: decode typedLen=2 candidates=18 locales=3 11,5ms
06-08 12:08:51.201 19009 19343 I VkSuggestions: strip composing typedLen=2 candidates=17 autocorrect=false top=vi locale=pt
06-08 12:08:51.202 19009 19009 I SpaceAssistPopup: ○ typing idle scheduled
06-08 12:08:51.286 19009 19009 I SpaceAssistPopup: ○ typing idle scheduled
06-08 12:08:51.338 19009 19009 I SpaceAssistPopup: ○ typing idle scheduled
06-08 12:08:51.350 19009 19343 W VibeKeyProfiler: Slow Native Suggest: Total=8.49ms | Init=0.12ms | TrieExpand(x17)=8.33ms | Scoring=0.03ms | inputSize=1
06-08 12:08:51.361 19009 19343 W VibeKeyProfiler: Slow Native Suggest: Total=9.99ms | Init=0.06ms | TrieExpand(x19)=9.90ms | Scoring=0.03ms | inputSize=1
06-08 12:08:51.368 19009 19009 I SpaceAssistPopup: ○ typing idle scheduled
06-08 12:08:51.373 19009 19343 I VkSuggestions: decode typedLen=1 candidates=18 locales=3 35,0ms
06-08 12:08:51.374 19009 19343 W VkSuggestions: slow frame 35,0ms locales=3 typedLen=1 candidates=18 parallelWait=34,9ms
06-08 12:08:51.375 19009 19343 I VkSuggestions: decode typedLen=0 candidates=1 locales=3 0,3ms
06-08 12:08:51.375 19009 19343 I VkSuggestions: strip composing typedLen=1 candidates=19 autocorrect=false top=t locale=pt
06-08 12:08:51.439 19009 19009 I SpaceAssistPopup: ○ typing idle scheduled
06-08 12:08:51.451 19009 19343 W VibeKeyProfiler: Slow Native Suggest: Total=9.25ms | Init=0.03ms | TrieExpand(x15)=9.19ms | Scoring=0.04ms | inputSize=3
06-08 12:08:51.455 19009 19009 I SpaceAssistPopup: ○ typing idle scheduled
06-08 12:08:51.466 19009 19343 I VkSuggestions: decode typedLen=3 candidates=18 locales=3 27,0ms
06-08 12:08:51.467 19009 19343 W VkSuggestions: slow frame 27,0ms locales=3 typedLen=3 candidates=18 parallelWait=26,9ms
06-08 12:08:51.468 19009 19343 I VkSuggestions: decode typedLen=0 candidates=1 locales=3 0,3ms
06-08 12:08:51.469 19009 19343 I VkSuggestions: strip composing typedLen=3 candidates=14 autocorrect=false top=est locale=pt
06-08 12:08:51.502 19009 19009 I SpaceAssistPopup: ○ typing idle scheduled
06-08 12:08:51.587 19009 19009 I SpaceAssistPopup: ○ typing idle scheduled
06-08 12:08:51.640 19009 19009 I SpaceAssistPopup: ○ typing idle scheduled
06-08 12:08:51.658 19009 19343 W VibeKeyProfiler: Slow Native Suggest: Total=11.65ms | Init=0.07ms | TrieExpand(x13)=11.53ms | Scoring=0.04ms | inputSize=3
06-08 12:08:51.671 19009 19009 I SpaceAssistPopup: ○ typing idle scheduled
06-08 12:08:51.672 19009 19343 I VkSuggestions: decode typedLen=3 candidates=18 locales=3 30,7ms
06-08 12:08:51.672 19009 19343 W VkSuggestions: slow frame 30,7ms locales=3 typedLen=3 candidates=18 parallelWait=30,5ms
06-08 12:08:51.676 19009 19343 I VkSuggestions: strip composing typedLen=3 candidates=17 autocorrect=false top=com locale=pt
06-08 12:08:51.710 19009 19009 I SpaceAssistPopup: ○ typing idle scheduled
06-08 12:08:51.808 19009 19009 I SpaceAssistPopup: ○ typing idle scheduled
06-08 12:08:51.859 19009 19009 I SpaceAssistPopup: ○ typing idle scheduled
06-08 12:08:51.874 19009 19009 I SpaceAssistPopup: ○ typing idle scheduled
06-08 12:08:51.876 19009 19343 W VibeKeyProfiler: Slow Native Suggest: Total=12.35ms | Init=0.07ms | TrieExpand(x11)=12.19ms | Scoring=0.09ms | inputSize=4
06-08 12:08:51.891 19009 19343 I VkSuggestions: decode typedLen=4 candidates=18 locales=3 31,2ms
06-08 12:08:51.892 19009 19343 W VkSuggestions: slow frame 31,2ms locales=3 typedLen=4 candidates=18 parallelWait=31,1ms
06-08 12:08:51.893 19009 19343 I VkSuggestions: strip composing typedLen=4 candidates=17 autocorrect=false top=Marí locale=pt
06-08 12:08:51.939 19009 19009 I SpaceAssistPopup: ○ typing idle scheduled
06-08 12:08:52.007 19009 19009 I SpaceAssistPopup: ○ typing idle scheduled
06-08 12:08:52.040 19009 19009 I SpaceAssistPopup: ○ typing idle scheduled
06-08 12:08:52.133 19009 19009 I SpaceAssistPopup: ○ typing idle scheduled
06-08 12:08:52.154 19009 19009 I SpaceAssistPopup: ○ typing idle scheduled
06-08 12:08:52.155 19009 19343 I VkSuggestions: decode typedLen=3 candidates=18 locales=3 18,2ms
06-08 12:08:52.156 19009 19343 W VkSuggestions: slow frame 18,2ms locales=3 typedLen=3 candidates=18 parallelWait=18,1ms
06-08 12:08:52.157 19009 19343 I VkSuggestions: strip composing typedLen=3 candidates=18 autocorrect=false top=Hol locale=pt
06-08 12:08:52.200 19009 19009 I SpaceAssistPopup: ○ typing idle scheduled
06-08 12:08:52.330 19009 19009 I SpaceAssistPopup: ○ typing idle scheduled
06-08 12:08:52.338 19009 19009 I SpaceAssistPopup: ○ typing idle scheduled
06-08 12:08:52.387 19009 19009 I SpaceAssistPopup: ○ typing idle scheduled
06-08 12:08:52.434 19009 19343 I VkSuggestions: strip prediction typedLen=0 candidates=3 autocorrect=false top=comi locale=pt
06-08 12:08:52.450 19009 19009 I SpaceAssistPopup: ○ typing idle scheduled
06-08 12:08:52.499 19009 19009 I SpaceAssistPopup: ○ typing idle scheduled
06-08 12:08:52.549 19009 19009 I SpaceAssistPopup: ○ typing idle scheduled
06-08 12:08:52.599 19009 19009 I SpaceAssistPopup: ○ typing idle scheduled
06-08 12:08:52.649 19009 19009 I SpaceAssistPopup: ○ typing idle scheduled
06-08 12:08:53.760 19009 19343 I VkSuggestions: decode typedLen=1 candidates=18 locales=3 19,0ms
06-08 12:08:53.760 19009 19343 W VkSuggestions: slow frame 19,0ms locales=3 typedLen=1 candidates=18 parallelWait=18,9ms
06-08 12:08:53.761 19009 19343 I VkSuggestions: strip composing typedLen=1 candidates=19 autocorrect=false top=h locale=pt
06-08 12:08:53.809 19009 19009 I SpaceAssistPopup: ○ typing idle scheduled
06-08 12:08:53.922 19009 19343 I VkSuggestions: decode typedLen=2 candidates=18 locales=3 11,1ms
06-08 12:08:53.923 19009 19343 I VkSuggestions: strip composing typedLen=2 candidates=14 autocorrect=false top=hh locale=pt
06-08 12:08:54.026 19009 19009 I SpaceAssistPopup: ○ typing idle scheduled
06-08 12:08:54.080 19009 19009 I SpaceAssistPopup: ○ typing idle scheduled
06-08 12:08:54.190 19009 19343 I VkSuggestions: decode typedLen=4 candidates=18 locales=3 10,9ms
06-08 12:08:54.191 19009 19343 I VkSuggestions: strip composing typedLen=4 candidates=16 autocorrect=false top=hhsh locale=pt
06-08 12:08:54.246 19009 19009 I SpaceAssistPopup: ○ typing idle scheduled
06-08 12:08:54.352 19009 19343 I VkSuggestions: decode typedLen=5 candidates=18 locales=3 5,6ms
06-08 12:08:54.353 19009 19343 I VkSuggestions: strip composing typedLen=5 candidates=16 autocorrect=false top=hhshh locale=pt
06-08 12:08:54.367 19009 19009 I SpaceAssistPopup: ○ typing idle scheduled
06-08 12:08:54.472 19009 19343 I VkSuggestions: decode typedLen=6 candidates=18 locales=3 4,0ms
06-08 12:08:54.474 19009 19343 I VkSuggestions: strip composing typedLen=6 candidates=15 autocorrect=false top=hhshhd locale=pt
06-08 12:08:54.920 19009 19009 I SpaceAssistPopup: ▶ generate prompt shown fieldChars=6
06-08 12:08:54.921 19009 19009 I SpaceAssistPopup: ▶ overlay show: generate_prompt
06-08 12:08:54.934 19058 20259 I OnDeviceAssist: warm ok model=qwen2.5-0.5b-instruct-q4_0.gguf ambient=0 chars 0ms
06-08 12:08:55.121 19009 19009 I SpaceAssistPopup: ○ typing idle scheduled
06-08 12:08:55.224 19009 19343 I VkSuggestions: decode typedLen=7 candidates=7 locales=3 2,6ms
06-08 12:08:55.226 19009 19343 I VkSuggestions: strip composing typedLen=7 candidates=7 autocorrect=false top=hhshhdh locale=pt
06-08 12:08:55.674 19009 19009 I SpaceAssistPopup: ▶ generate prompt shown fieldChars=7
06-08 12:08:55.675 19009 19009 I SpaceAssistPopup: ▶ overlay show: generate_prompt
06-08 12:08:55.701 19058 19077 I OnDeviceAssist: warm ok model=qwen2.5-0.5b-instruct-q4_0.gguf ambient=0 chars 0ms
06-08 12:08:55.844 19009 19009 I SpaceAssistPopup: ○ overlay hide: force_dismiss
06-08 12:08:55.844 19009 19009 I SpaceAssistPopup: ○ send ready=false outChars=0
06-08 12:08:55.845 19009 19009 I VkSwipe : ▶ gesture started locale=pt-BR
06-08 12:08:55.920 19009 19343 I VkSuggestions: decode typedLen=2 candidates=18 locales=3 16,6ms
06-08 12:08:55.920 19009 19343 W VkSuggestions: slow frame 16,6ms locales=3 typedLen=2 candidates=18 parallelWait=16,5ms
06-08 12:08:55.933 19009 19343 I VkSuggestions: decode typedLen=0 candidates=18 locales=3 12,4ms
06-08 12:08:55.955 19009 19009 I VkSwipe : ✓ gesture points=15 decodedLen=2 candidates=15 top=GI 110ms
06-08 12:08:56.477 19009 19009 I SpaceAssistPopup: ○ send ready=false outChars=0
06-08 12:08:56.478 19009 19009 I VkSwipe : ▶ gesture started locale=pt-BR
06-08 12:08:56.596 19009 19343 I VkSuggestions: decode typedLen=2 candidates=18 locales=3 17,1ms
06-08 12:08:56.596 19009 19343 W VkSuggestions: slow frame 17,1ms locales=3 typedLen=2 candidates=18 parallelWait=17,0ms
06-08 12:08:56.610 19009 19343 I VkSuggestions: decode typedLen=0 candidates=18 locales=3 13,1ms
06-08 12:08:56.694 19009 19343 I VkSuggestions: decode typedLen=2 candidates=18 locales=3 10,8ms
06-08 12:08:56.707 19009 19343 I VkSuggestions: decode typedLen=0 candidates=18 locales=3 12,5ms
06-08 12:08:56.829 19009 19343 I VkSuggestions: decode typedLen=3 candidates=18 locales=3 15,2ms
06-08 12:08:56.842 19009 19343 I VkSuggestions: decode typedLen=0 candidates=18 locales=3 12,4ms
06-08 12:08:56.986 19009 19343 I VkSuggestions: decode typedLen=3 candidates=18 locales=3 19,0ms
06-08 12:08:56.987 19009 19343 W VkSuggestions: slow frame 19,0ms locales=3 typedLen=3 candidates=18 parallelWait=19,0ms
06-08 12:08:57.000 19009 19343 I VkSuggestions: decode typedLen=0 candidates=18 locales=3 12,8ms
06-08 12:08:57.210 19009 19343 I VkSuggestions: decode typedLen=4 candidates=18 locales=3 12,0ms
06-08 12:08:57.223 19009 19343 I VkSuggestions: decode typedLen=0 candidates=18 locales=3 13,1ms
06-08 12:08:57.236 19009 19343 I VkSuggestions: decode typedLen=4 candidates=18 locales=3 10,4ms
06-08 12:08:57.248 19009 19343 I VkSuggestions: decode typedLen=0 candidates=18 locales=3 12,2ms
06-08 12:08:57.276 19009 19009 I VkSwipe : ✓ gesture points=46 decodedLen=3 candidates=17 top=big 798ms
06-08 12:08:57.647 19009 19009 I SpaceAssistPopup: ○ send ready=false outChars=0
06-08 12:08:57.647 19009 19009 I VkSwipe : ▶ gesture started locale=pt-BR
06-08 12:08:57.659 19009 19343 W VibeKeyProfiler: Slow Native Suggest: Total=9.62ms | Init=0.14ms | TrieExpand(x15)=9.45ms | Scoring=0.03ms | inputSize=1
06-08 12:08:57.680 19009 19343 W VkSuggestions: slow frame 30,7ms locales=3 typedLen=0 candidates=18 parallelWait=30,7ms
06-08 12:08:57.778 19009 19343 I VkSuggestions: decode typedLen=2 candidates=18 locales=3 12,3ms
06-08 12:08:57.798 19009 19343 I VkSuggestions: decode typedLen=0 candidates=18 locales=3 19,5ms
06-08 12:08:57.798 19009 19343 W VkSuggestions: slow frame 19,5ms locales=3 typedLen=0 candidates=18 parallelWait=19,5ms
06-08 12:08:57.877 19009 19343 I VkSuggestions: decode typedLen=2 candidates=18 locales=3 11,7ms
06-08 12:08:57.892 19009 19343 I VkSuggestions: decode typedLen=0 candidates=18 locales=3 14,7ms
06-08 12:08:58.061 19009 19343 I VkSuggestions: decode typedLen=3 candidates=18 locales=3 10,7ms
06-08 12:08:58.077 19009 19343 W VibeKeyProfiler: Slow Native Suggest: Total=9.76ms | Init=0.13ms | TrieExpand(x15)=9.59ms | Scoring=0.03ms | inputSize=23
06-08 12:08:58.084 19009 19343 I VkSuggestions: decode typedLen=0 candidates=18 locales=3 22,8ms
06-08 12:08:58.084 19009 19343 W VkSuggestions: slow frame 22,8ms locales=3 typedLen=0 candidates=18 parallelWait=22,7ms
06-08 12:08:58.096 19009 19343 I VkSuggestions: decode typedLen=3 candidates=18 locales=3 10,0ms
06-08 12:08:58.110 19009 19343 I VkSuggestions: decode typedLen=0 candidates=18 locales=3 14,4ms
06-08 12:08:58.119 19009 19009 I VkSwipe : ✓ gesture points=24 decodedLen=3 candidates=15 top=sgd 471ms
06-08 12:08:58.381 19009 19009 I SpaceAssistPopup: ○ send ready=false outChars=0
06-08 12:08:58.381 19009 19009 I VkSwipe : ▶ gesture started locale=pt-BR
06-08 12:08:58.498 19009 19343 I VkSuggestions: decode typedLen=2 candidates=18 locales=3 14,2ms
06-08 12:08:58.512 19009 19343 I VkSuggestions: decode typedLen=0 candidates=18 locales=3 13,3ms
06-08 12:08:58.596 19009 19343 I VkSuggestions: decode typedLen=2 candidates=18 locales=3 12,1ms
06-08 12:08:58.608 19009 19343 I VkSuggestions: decode typedLen=0 candidates=18 locales=3 11,7ms
06-08 12:08:58.850 19009 19343 I VkSuggestions: decode typedLen=4 candidates=17 locales=3 13,9ms
06-08 12:08:58.863 19009 19343 I VkSuggestions: decode typedLen=0 candidates=18 locales=3 12,7ms
06-08 12:08:59.047 19009 19343 I VkSuggestions: decode typedLen=4 candidates=18 locales=3 16,7ms
06-08 12:08:59.047 19009 19343 W VkSuggestions: slow frame 16,7ms locales=3 typedLen=4 candidates=18 parallelWait=16,6ms
06-08 12:08:59.060 19009 19343 I VkSuggestions: decode typedLen=0 candidates=18 locales=3 12,1ms
06-08 12:08:59.075 19009 19009 I VkSwipe : ✓ gesture points=39 decodedLen=3 candidates=18 top=air 694ms
06-08 12:08:59.824 19009 19009 I SpaceAssistPopup: ○ typing idle scheduled
06-08 12:08:59.865 19009 19009 I SpaceAssistPopup: ○ typing idle scheduled
06-08 12:08:59.902 19009 19009 I SpaceAssistPopup: ○ typing idle scheduled
06-08 12:08:59.965 19009 19009 I SpaceAssistPopup: ○ typing idle scheduled
06-08 12:09:00.037 19009 19009 I SpaceAssistPopup: ○ typing idle scheduled
06-08 12:09:00.082 19009 19009 I SpaceAssistPopup: ○ typing idle scheduled
06-08 12:09:00.117 19009 19009 I SpaceAssistPopup: ○ typing idle scheduled
06-08 12:09:00.168 19009 19009 I SpaceAssistPopup: ○ typing idle scheduled
06-08 12:09:00.256 19009 19009 I SpaceAssistPopup: ○ typing idle scheduled
06-08 12:09:00.294 19009 19009 I SpaceAssistPopup: ○ typing idle scheduled
06-08 12:09:00.315 19009 19009 I SpaceAssistPopup: ○ typing idle scheduled
06-08 12:09:00.373 19009 19009 I SpaceAssistPopup: ○ typing idle scheduled
06-08 12:09:00.483 19009 19009 I SpaceAssistPopup: ○ typing idle scheduled
06-08 12:09:00.508 19009 19009 I SpaceAssistPopup: ○ typing idle scheduled
06-08 12:09:00.543 19009 19009 I SpaceAssistPopup: ○ typing idle scheduled
06-08 12:09:00.596 19009 19009 I SpaceAssistPopup: ○ typing idle scheduled
06-08 12:09:00.668 19009 19009 I SpaceAssistPopup: ○ typing idle scheduled
06-08 12:09:00.696 19009 19009 I SpaceAssistPopup: ○ typing idle scheduled
06-08 12:09:00.748 19009 19009 I SpaceAssistPopup: ○ typing idle scheduled
06-08 12:09:00.954 19009 19009 I SpaceAssistPopup: ○ typing idle scheduled
06-08 12:09:00.976 19009 19009 I SpaceAssistPopup: ○ typing idle scheduled
06-08 12:09:01.018 19009 19009 I SpaceAssistPopup: ○ typing idle scheduled
06-08 12:09:01.061 19009 19343 I VkSuggestions: strip prediction typedLen=0 candidates=3 autocorrect=false top=comi locale=en
06-08 12:09:01.096 19009 19009 I SpaceAssistPopup: ○ typing idle scheduled
06-08 12:09:01.150 19009 19009 I SpaceAssistPopup: ○ typing idle scheduled
06-08 12:09:01.200 19009 19009 I SpaceAssistPopup: ○ typing idle scheduled
06-08 12:09:01.752 19009 19009 I SpaceAssistPopup: ○ fetch skipped: field_too_short
06-08 12:09:02.257 19009 19009 W GeckoEventDispatcher: No listener for GeckoView:DismissClipboardPermissionRequest
06-08 12:09:02.274 19009 19009 I SpaceAssistPopup: ○ send ready=false outChars=0
06-08 12:09:02.275 19009 19009 I VkPanels: ▶ open menu
06-08 12:09:03.054 19009 19009 W GeckoEventDispatcher: No listener for GeckoView:DismissClipboardPermissionRequest
06-08 12:09:05.851 19009 19009 I SpaceAssistPopup: ○ send ready=false outChars=0
06-08 12:09:05.852 19009 19009 I VkPanels: ▶ open menu
06-08 12:09:06.968 19009 19009 I VkMultilingual: menu languages total=3
06-08 12:09:09.115 19009 19009 I SpaceAssistPopup: ○ send ready=false outChars=0
06-08 12:09:09.115 19009 19009 I VkPanels: ▶ open menu
06-08 12:09:11.216 19009 19009 I VkTyping: ○ hidden
06-08 12:09:11.313 19009 19009 W Settings: Setting transition_animation_scale has moved from android.provider.Settings.System to android.provider.Settings.Global, returning read-only value.
06-08 12:09:11.885 20611 20611 E libcrashpad_handler_trampoline.so: createInstance(64bit) : createExtendedFactory
06-08 12:09:11.887 20611 20611 E libcrashpad_handler_trampoline.so: createInstance(64bit) : createExtendedFactory
06-08 12:09:11.887 20611 20611 E libcrashpad_handler_trampoline.so: Opened libinputextensionsimpl.so
06-08 12:09:11.887 20611 20611 E libcrashpad_handler_trampoline.so: Opened libinputextensionsimpl.so
06-08 12:09:11.889 20611 20611 E libcrashpad_handler_trampoline.so: createInstance(64bit) : createExtendedFactory
06-08 12:09:11.889 20611 20611 E libcrashpad_handler_trampoline.so: createInstance(64bit) : createExtendedFactory
06-08 12:09:11.889 20611 20611 E libcrashpad_handler_trampoline.so: Opened libsensorextimpl.so
06-08 12:09:11.889 20611 20611 E libcrashpad_handler_trampoline.so: Opened libsensorextimpl.so
06-08 12:09:12.113 20611 20611 E chromium: [0608/120912.112129:ERROR:third_party/crashpad/crashpad/util/process/process_memory_range.cc:75] read out of range
--------- beginning of crash
06-08 12:09:12.254 19009 19075 F libc    : Fatal signal 11 (SIGSEGV), code 2 (SEGV_ACCERR), fault addr 0x730000005a in tid 19075 (ExecutorUtils), pid 19009 (AndroidUI)
06-08 12:09:12.449 20635 20635 E DEBUG   : failed to read /proc/uptime: Permission denied
06-08 12:09:13.669 20635 20635 F DEBUG   : Process name is com.vibekey.keyboard, not key_process
06-08 12:09:13.669 20635 20635 F DEBUG   : keyProcess: 0
06-08 12:09:13.669 20635 20635 F DEBUG   : *** *** *** *** *** *** *** *** *** *** *** *** *** *** *** ***
06-08 12:09:13.669 20635 20635 F DEBUG   : Build fingerprint: 'OnePlus/OnePlus7Pro/OnePlus7Pro:12/SKQ1.211113.001/P.202303230244:user/release-keys'
06-08 12:09:13.669 20635 20635 F DEBUG   : Revision: '0'
06-08 12:09:13.669 20635 20635 F DEBUG   : ABI: 'arm64'
06-08 12:09:13.669 20635 20635 F DEBUG   : Timestamp: 2026-06-08 12:09:12.449037825-0400
06-08 12:09:13.669 20635 20635 F DEBUG   : Process uptime: 0s
06-08 12:09:13.669 20635 20635 F DEBUG   : Cmdline: com.vibekey.keyboard
06-08 12:09:13.669 20635 20635 F DEBUG   : pid: 19009, tid: 19075, name: ExecutorUtils  >>> com.vibekey.keyboard <<<
06-08 12:09:13.669 20635 20635 F DEBUG   : uid: 14004
06-08 12:09:13.669 20635 20635 F DEBUG   : signal 11 (SIGSEGV), code 2 (SEGV_ACCERR), fault addr 0x730000005a
06-08 12:09:13.669 20635 20635 F DEBUG   :     x0  0000000000000000  x1  0000000000004a83  x2  000000000000000b  x3  00000076819deda0
06-08 12:09:13.669 20635 20635 F DEBUG   :     x4  0000007694d1c400  x5  0000007694d1c400  x6  0000007694d1c400  x7  000000755f676350
06-08 12:09:13.669 20635 20635 F DEBUG   :     x8  00000000000000f0  x9  db746b027190efc7  x10 0000007696b4068c  x11 0000000000000000
06-08 12:09:13.669 20635 20635 F DEBUG   :     x12 0000000000000001  x13 000000766d04b811  x14 0000000000000000  x15 00000000ebad6a89
06-08 12:09:13.669 20635 20635 F DEBUG   :     x16 000000757ca4b410  x17 00000076790b8f10  x18 0000007527650000  x19 000000000000000b
06-08 12:09:13.669 20635 20635 F DEBUG   :     x20 00000076819deda0  x21 0000000000004a41  x22 00000076819deb90  x23 0000000000000001
06-08 12:09:13.669 20635 20635 F DEBUG   :     x24 000000752f4efd5c  x25 000000755f677000  x26 0000007694d1d698  x27 0000007694d1c408
06-08 12:09:13.669 20635 20635 F DEBUG   :     x28 0000000000000400  x29 00000076819debb0
06-08 12:09:13.669 20635 20635 F DEBUG   :     lr  0000007576c73da0  sp  00000076819deb90  pc  00000076790b8f34  pst 0000000000000000
06-08 12:09:13.669 20635 20635 F DEBUG   : backtrace:
06-08 12:09:13.669 20635 20635 F DEBUG   :       #00 pc 0000000000075f34  /apex/com.android.runtime/lib64/bionic/libc.so (syscall+36) (BuildId: bbbdeb7c87c74f1491f92c6e605095b0)
06-08 12:09:13.669 20635 20635 F DEBUG   :       #01 pc 0000000004062d9c  /data/app/~~0vURfNRJhP5qOxDjXMAdJA==/com.google.android.webview-1jICq8A_gawMkQD3QY60ZA==/base.apk!libwebviewchromium.so (BuildId: 6830cf8493d489d274dd2200dc390799760c2507)
06-08 12:09:13.669 20635 20635 F DEBUG   :       #02 pc 0000000004059518  /data/app/~~0vURfNRJhP5qOxDjXMAdJA==/com.google.android.webview-1jICq8A_gawMkQD3QY60ZA==/base.apk!libwebviewchromium.so (BuildId: 6830cf8493d489d274dd2200dc390799760c2507)
06-08 12:09:13.669 20635 20635 F DEBUG   :       #03 pc 000000000729d1dc  /data/app/~~YxIueSzVFd6XPb4waH0SbQ==/com.vibekey.keyboard-n8AiSP20XoIFPBn-UNjqLw==/lib/arm64/libxul.so (BuildId: 4a35ccb91ce54a7d8afe95f435ee2ee2cc640e58)
06-08 12:09:13.669 20635 20635 F DEBUG   :       #04 pc 0000000007721500  /data/app/~~YxIueSzVFd6XPb4waH0SbQ==/com.vibekey.keyboard-n8AiSP20XoIFPBn-UNjqLw==/lib/arm64/libxul.so (BuildId: 4a35ccb91ce54a7d8afe95f435ee2ee2cc640e58)
06-08 12:09:13.669 20635 20635 F DEBUG   :       #05 pc 0000000000006f94  /apex/com.android.art/lib64/libsigchain.so (art::SignalChain::Handler(int, siginfo*, void*)+1148) (BuildId: 1d71636c1517ecf3fa421563ba6710f3)
06-08 12:09:13.669 20635 20635 F DEBUG   :       #06 pc 0000000000000638  [vdso] (__kernel_rt_sigreturn+0)
06-08 12:09:13.669 20635 20635 F DEBUG   :       #07 pc 00000000000a3d58  /data/app/~~YxIueSzVFd6XPb4waH0SbQ==/com.vibekey.keyboard-n8AiSP20XoIFPBn-UNjqLw==/lib/arm64/libjni_latinime.so (BuildId: f905dbd1a904967a994cf833116e517b05caa863)
06-08 12:09:13.669 20635 20635 F DEBUG   :       #08 pc 00000000002c2100  /apex/com.android.art/lib64/libart.so (art_quick_generic_jni_trampoline+144) (BuildId: 7087b2f2160bfbf3335d54ba9779e325)
06-08 12:09:13.669 20635 20635 F DEBUG   :       #09 pc 0000000000668b6c  /apex/com.android.art/lib64/libart.so (nterp_helper+1948) (BuildId: 7087b2f2160bfbf3335d54ba9779e325)
06-08 12:09:13.669 20635 20635 F DEBUG   :       #10 pc 0000000000220220  /data/app/~~YxIueSzVFd6XPb4waH0SbQ==/com.vibekey.keyboard-n8AiSP20XoIFPBn-UNjqLw==/oat/arm64/base.vdex (com.android.inputmethod.latin.DicTraverseSession.a+16)
06-08 12:09:13.669 20635 20635 F DEBUG   :       #11 pc 0000000000669324  /apex/com.android.art/lib64/libart.so (nterp_helper+3924) (BuildId: 7087b2f2160bfbf3335d54ba9779e325)
06-08 12:09:13.669 20635 20635 F DEBUG   :       #12 pc 000000000021fdbc  /data/app/~~YxIueSzVFd6XPb4waH0SbQ==/com.vibekey.keyboard-n8AiSP20XoIFPBn-UNjqLw==/oat/arm64/base.vdex (com.android.inputmethod.latin.BinaryDictionary.a+44)
06-08 12:09:13.669 20635 20635 F DEBUG   :       #13 pc 0000000000669324  /apex/com.android.art/lib64/libart.so (nterp_helper+3924) (BuildId: 7087b2f2160bfbf3335d54ba9779e325)
06-08 12:09:13.669 20635 20635 F DEBUG   :       #14 pc 000000000021fee8  /data/app/~~YxIueSzVFd6XPb4waH0SbQ==/com.vibekey.keyboard-n8AiSP20XoIFPBn-UNjqLw==/oat/arm64/base.vdex (com.android.inputmethod.latin.BinaryDictionary.l+44)
06-08 12:09:13.669 20635 20635 F DEBUG   :       #15 pc 0000000000669324  /apex/com.android.art/lib64/libart.so (nterp_helper+3924) (BuildId: 7087b2f2160bfbf3335d54ba9779e325)
06-08 12:09:13.669 20635 20635 F DEBUG   :       #16 pc 0000000000ad5156  /data/app/~~YxIueSzVFd6XPb4waH0SbQ==/com.vibekey.keyboard-n8AiSP20XoIFPBn-UNjqLw==/oat/arm64/base.vdex (v7.g.run+238)
06-08 12:09:13.669 20635 20635 F DEBUG   :       #17 pc 000000000066a144  /apex/com.android.art/lib64/libart.so (nterp_helper+7540) (BuildId: 7087b2f2160bfbf3335d54ba9779e325)
06-08 12:09:13.669 20635 20635 F DEBUG   :       #18 pc 00000000008f4e8c  /data/app/~~YxIueSzVFd6XPb4waH0SbQ==/com.vibekey.keyboard-n8AiSP20XoIFPBn-UNjqLw==/oat/arm64/base.vdex (a8.z0.run+276)
06-08 12:09:13.669 20635 20635 F DEBUG   :       #19 pc 00000000022d2950  /memfd:jit-zygote-cache (deleted)
06-08 12:09:14.988 20657 20657 E ibekey.keyboar: Unknown bits set in runtime_flags: 0x40000000
06-08 12:09:15.324 20657 20657 W f0      : Could not load system glide typing library jni_latinimegoogle: dlopen failed: library "libjni_latinimegoogle.so" not found
06-08 12:09:15.742 20657 20657 W c       : onSharedPreferenceChanged called before loadSettings.
06-08 12:09:15.743 20657 20657 W t       : No editor info for this field. Bug?
06-08 12:09:15.776 20657 20657 I VkMultilingual: reset main=pt-BR locales=[pt,en,es] count=3
06-08 12:09:15.864 20657 20657 W ibekey.keyboar: ClassLoaderContext classpath size mismatch. expected=1, found=0 (DLC[];PCL[base.apk*116719914]{PCL[/system/framework/org.apache.http.legacy.jar*3034548894]#PCL[/apex/com.android.extservices/javalib/android.ext.adservices.jar*3839736497]#PCL[/system/framework/com.android.location.provider.jar*3633238672]#PCL[/system/framework/com.android.media.remotedisplay.jar*3472798123]#PCL[/apex/com.android.extservices/javalib/android.ext.adservices.jar*3839736497]} | DLC[];PCL[])
06-08 12:09:15.885 20657 20657 W System  : ClassLoader referenced unknown path: 
06-08 12:09:15.899 20657 20657 W ibekey.keyboar: ClassLoaderContext classpath element checksum mismatch. expected=116719914, found=1221111629 (DLC[];PCL[base.apk*116719914]{PCL[/system/framework/org.apache.http.legacy.jar*3034548894]#PCL[/apex/com.android.extservices/javalib/android.ext.adservices.jar*3839736497]#PCL[/system/framework/com.android.location.provider.jar*3633238672]#PCL[/system/framework/com.android.media.remotedisplay.jar*3472798123]#PCL[/apex/com.android.extservices/javalib/android.ext.adservices.jar*3839736497]} | DLC[];PCL[/data/app/~~YxIueSzVFd6XPb4waH0SbQ==/com.vibekey.keyboard-n8AiSP20XoIFPBn-UNjqLw==/base.apk*1221111629]{PCL[/apex/com.android.extservices/javalib/android.ext.adservices.jar*3839736497]})
06-08 12:09:16.107 20657 20657 E ibekey.keyboar: ofbOpen failed with error=No such file or directory
06-08 12:09:16.107 20657 20657 E ibekey.keyboar: sysOpen failed with error=No such file or directory
06-08 12:09:16.160 20657 20713 W Ads     : Update ad debug logging enablement as false
06-08 12:09:16.184 20657 20657 E MultiApp.Impl: OplusMultiAppImpl
06-08 12:09:16.262 20657 20757 W libc    : Access denied finding property "ro.vendor.api_level"
06-08 12:09:16.266 20657 20657 W chromium: [WARNING:android_webview/browser/network_service/net_helpers.cc:137] HTTP Cache size is: 20971520
06-08 12:09:16.315 20657 20778 W libc    : Access denied finding property "vendor.camera.aux.packagelist"
06-08 12:09:16.315 20657 20778 W libc    : Access denied finding property "vendor.camera.aux.packagelist"
06-08 12:09:16.316 20657 20672 W libc    : Access denied finding property "vendor.camera.aux.packagelist"
06-08 12:09:16.328 20657 20657 I VkSwipe : ○ gesture canceled
06-08 12:09:16.339 20657 20657 I VkEffects: reload anim=scale blur=562px glow=true stickers=true
06-08 12:09:16.341 20657 20657 E OplusCustomizeRestrictionManager: sInstance is null, start a new sInstance
06-08 12:09:16.420 20657 20657 I SpaceAssistPopup: ○ send ready=false outChars=0
06-08 12:09:16.437 20657 20657 I VkTyping: ▶ open restart=false pkg=com.android.launcher inputType=589825
06-08 12:09:16.577 20657 20753 W cr_media: BLUETOOTH_CONNECT permission is missing.
06-08 12:09:16.578 20657 20753 W cr_media: getBluetoothAdapter() requires BLUETOOTH permission
06-08 12:09:16.578 20657 20753 W cr_media: registerBluetoothIntentsIfNeeded: Requires BLUETOOTH permission
06-08 12:09:16.605 20657 20657 W View    : requestLayout() improperly called by android.widget.LinearLayout{2f8283f V.E...... ......ID 0,1868-1440,2818 #7f0a010d app:id/input_view_keyboard_column} during layout: running second layout pass
06-08 12:09:16.605 20657 20657 W View    : requestLayout() improperly called by android.widget.LinearLayout{fa6850c V.E...... ......ID 0,0-1440,950 #7f0a011c app:id/main_keyboard_frame} during layout: running second layout pass
06-08 12:09:16.730 20657 20770 W AudioCapabilities: Unsupported mime audio/ffmpeg
06-08 12:09:16.730 20657 20770 W VideoCapabilities: Unsupported mime video/ffmpeg
06-08 12:09:16.731 20657 20770 W VideoCapabilities: Unrecognized profile/level 0/3 for video/mpeg2
06-08 12:09:16.731 20657 20770 W VideoCapabilities: Unrecognized profile/level 0/3 for video/mpeg2
06-08 12:09:16.767 20657 20727 E BLASTBufferQueue: BLASTBufferItemConsumer::onDisconnect()
06-08 12:09:16.836 20657 20852 W Settings: Setting animator_duration_scale has moved from android.provider.Settings.System to android.provider.Settings.Global, returning read-only global URI.
06-08 12:09:16.852 20657 20852 E GeckoLibLoad: Load sqlite start
06-08 12:09:16.853 20657 20852 E GeckoLibLoad: Load sqlite done
06-08 12:09:16.853 20657 20852 E GeckoLibLoad: Load nss start
06-08 12:09:16.853 20657 20852 E GeckoLibLoad: Load nss done
06-08 12:09:16.862 20657 20852 E GeckoLibLoad: Loaded libs in 9.259687ms total, 0ms(14ms) user, 9ms(3ms) system, 0(0) faults
06-08 12:09:16.863 20657 20852 W GeckoThread: zerdatime 611799724 - runGecko
06-08 12:09:16.914 20657 20657 W com.vibekey.keyboard: type=1400 audit(0.0:265642): avc: denied { bind } for comm=4E65746C696E6B204D6F6E69746F72 scontext=u:r:untrusted_app:s0:c164,c271,c512,c768 tcontext=u:r:untrusted_app:s0:c164,c271,c512,c768 tclass=netlink_route_socket permissive=0 bug=b/155595000 app=com.vibekey.keyboard
06-08 12:09:16.944 20657 20852 E ibekey.keyboar: hiddenapi: Accessing hidden field Ljava/lang/Boolean;->value:Z (runtime_flags=0, domain=core-platform, api=max-target-p) from Lorg/mozilla/gecko/GeckoThread; (domain=app, TargetSdkVersion=35) using JNI: denied
06-08 12:09:16.944 20657 20852 E ibekey.keyboar: hiddenapi: Accessing hidden field Ljava/lang/Integer;->value:I (runtime_flags=0, domain=core-platform, api=max-target-p) from Lorg/mozilla/gecko/GeckoThread; (domain=app, TargetSdkVersion=35) using JNI: denied
06-08 12:09:16.944 20657 20852 E ibekey.keyboar: hiddenapi: Accessing hidden field Ljava/lang/Long;->value:J (runtime_flags=0, domain=core-platform, api=max-target-p) from Lorg/mozilla/gecko/GeckoThread; (domain=app, TargetSdkVersion=35) using JNI: denied
06-08 12:09:16.944 20657 20852 E ibekey.keyboar: hiddenapi: Accessing hidden field Ljava/lang/Double;->value:D (runtime_flags=0, domain=core-platform, api=max-target-p) from Lorg/mozilla/gecko/GeckoThread; (domain=app, TargetSdkVersion=35) using JNI: denied
06-08 12:09:17.008 20898 20898 E .keyboard:tab3: Unknown bits set in runtime_flags: 0x40000000
06-08 12:09:17.788 19058 19077 I OnDeviceAssist: warm ok model=qwen2.5-0.5b-instruct-q4_0.gguf ambient=40 chars 614ms
06-08 12:09:18.520 20657 20657 I VkTyping: ○ hidden
06-08 12:09:20.150 20657 20657 W Settings: Setting transition_animation_scale has moved from android.provider.Settings.System to android.provider.Settings.Global, returning read-only value.
06-08 12:09:23.831 20657 20727 E BLASTBufferQueue: BLASTBufferItemConsumer::onDisconnect()
06-08 12:09:25.544 20657 20727 E BLASTBufferQueue: BLASTBufferItemConsumer::onDisconnect()
06-08 12:09:26.159 20657 21058 E ibekey.keyboar: Attempt to load writable dex file: /data/user/0/com.vibekey.keyboard/app_pccache/5/8EBCAAEC2B76C0A33B03137E81AA4B249A0F4C11/pcam.jar
06-08 12:09:26.184 20657 20657 W AdWorker(Defaul: type=1400 audit(0.0:265651): avc: granted { execute } for path="/data/data/com.vibekey.keyboard/app_pccache/5/8EBCAAEC2B76C0A33B03137E81AA4B249A0F4C11/pcam.jar" dev="dm-2" ino=789133 scontext=u:r:untrusted_app:s0:c164,c271,c512,c768 tcontext=u:object_r:app_data_file:s0:c164,c271,c512,c768 tclass=file app=com.vibekey.keyboard
06-08 12:09:26.221 20657 21069 W Ads     : Invoke Firebase method getInstance error.
06-08 12:09:26.221 20657 21069 W Ads     : The Google Mobile Ads SDK will not integrate with Firebase. Admob/Firebase integration requires the latest Firebase SDK jar, but Firebase SDK is either missing or out of date
06-08 12:09:26.246 20657 21056 W ServiceBindIntentUtils: Dynamic lookup for intent failed for action: com.google.android.gms.ads.service.CACHE
06-08 12:09:26.361 20657 21073 W Ads     : Not retrying to fetch app settings
06-08 12:09:26.365 20657 21080 W ServiceBindIntentUtils: Dynamic lookup for intent failed for action: com.google.android.gms.ads.service.START
06-08 12:09:26.410 20657 21076 W Ads     : Not retrying to fetch app settings
06-08 12:09:28.047 20657 20657 E Ads     : JS: Refused to get unsafe header "X-Afma-Gcache-IsGcacheHit" (https://www.gstatic.com/mysidia/1481c091d9df379c2904f938e54fba0c.js?tag=addon/rewarded_video:435)
06-08 12:09:28.122 20657 20657 E Ads     : JS: Refused to get unsafe header "X-Afma-Gcache-IsGcacheHit" (https://www.gstatic.com/mysidia/1481c091d9df379c2904f938e54fba0c.js?tag=addon/rewarded_video:435)
06-08 12:09:28.144 20657 20747 W libc    : Access denied finding property "vendor.oplus.media.vpp.stutter"
06-08 12:09:28.149 20657 20747 E MULTIMEDIAConfig: [getInt32:L80] Not find config, Returning default
06-08 12:09:28.149 20657 20747 E MULTIMEDIAConfig: [getInt32:L80] Not find config, Returning default
06-08 12:09:28.149 20657 20747 E OplusACodec: [OplusACodec:204] mSrOsieMMListCheckResult:0x0 mOsieVersion:1
06-08 12:09:28.177 20657 21151 E OplusACodec: [GetVideoCodingTypeFromMime:L1162] mime:video/x-vnd.on2.vp9
06-08 12:09:28.302 20657 20747 W cr_MediaCodecBridge: Releasing: OMX.qcom.video.decoder.vp9
06-08 12:09:28.303 20657 21148 E ExtensionsLoader: freeAllBuffers: 13 buffers were freed while being dequeued!
06-08 12:09:28.303 20657 20747 W cr_MediaCodecBridge: Codec released
06-08 12:09:28.552 20657 20967 E ActivityThread: Failed to find provider info for com.oplus.statistics.provider
06-08 12:09:28.552 20657 20967 E OplusStatistics--: IllegalArgumentException:java.lang.IllegalArgumentException: Unknown URL content://com.oplus.statistics.provider/track_event
06-08 12:09:30.075 20657 20727 E BLASTBufferQueue: BLASTBufferItemConsumer::onDisconnect()

... (4 GeckoEventDispatcher warnings omitted)

=== Feature activity (persisted across restarts) ===
2026-06-08 12:07:04.505753 I VkFavorites: save card Bitcoin Vibe activate=false
2026-06-08 12:07:04.578083 I VkFavorites: save card Doge Meme activate=false
2026-06-08 12:07:04.643367 I VkFavorites: save card Ethereum Vibes activate=false
2026-06-08 12:07:04.695337 I VkFavorites: save card India Popular City activate=false
2026-06-08 12:07:04.774167 I VkFavorites: save card Miami Beach Crypto activate=false
2026-06-08 12:07:04.843185 I VkFavorites: save card Nike Sneakers Crypto activate=false
2026-06-08 12:07:04.892143 I VkFavorites: save card Pepe Meme Frog activate=false
2026-06-08 12:07:04.947946 I VkFavorites: save card Times Square NFT activate=false
2026-06-08 12:07:04.999432 I VkMultilingual: reset main=pt-BR locales=[pt] count=1
2026-06-08 12:07:19.184089 I VkSwipe: ○ gesture canceled
2026-06-08 12:07:19.208846 I VkEffects: reload anim=scale blur=562px glow=true stickers=true
2026-06-08 12:07:19.335534 I SpaceAssistPopup: ○ send ready=false outChars=0
2026-06-08 12:07:19.367507 I VkTyping: ▶ open restart=false pkg=com.android.launcher inputType=589825
2026-06-08 12:07:23.364693 I SpaceAssistPopup: ○ send ready=false outChars=0
2026-06-08 12:07:23.364966 I VkPanels: ▶ open menu
2026-06-08 12:07:24.229819 I SpaceAssistPopup: ○ send ready=false outChars=0
2026-06-08 12:07:24.230011 I VkPanels: ▶ open browser
2026-06-08 12:07:24.242648 I VkBrowser: ▶ panel open incognito=false tabs=0 queryLen=0
2026-06-08 12:07:24.256433 I VkBrowser: → load host=www.google.com
2026-06-08 12:07:24.317075 I VkBrowser: → load host=www.google.com
2026-06-08 12:07:24.317758 I VkBrowser: → load host=www.google.com
2026-06-08 12:07:24.457857 I VkBrowser: → load host=www.google.com
2026-06-08 12:07:24.689845 I VkBrowser: ✓ page host=www.google.com
2026-06-08 12:07:24.779910 I VkBrowser: → load host=www.google.com
2026-06-08 12:07:27.188261 I SpaceAssistPopup: ○ send ready=false outChars=0
2026-06-08 12:07:27.188496 I VkPanels: ▶ open menu
2026-06-08 12:07:28.027975 I SpaceAssistPopup: ○ send ready=false outChars=0
2026-06-08 12:07:28.028168 I VkPanels: ▶ open browser
2026-06-08 12:07:28.037178 I VkBrowser: ▶ panel open incognito=false tabs=1 queryLen=0
2026-06-08 12:07:29.554764 I SpaceAssistPopup: ○ send ready=false outChars=0
2026-06-08 12:07:29.555013 I VkPanels: ▶ open menu
2026-06-08 12:07:30.740851 I SpaceAssistPopup: ○ send ready=false outChars=0
2026-06-08 12:07:30.741080 I VkPanels: ▶ open browser
2026-06-08 12:07:30.752355 I VkBrowser: ▶ panel open incognito=false tabs=1 queryLen=0
2026-06-08 12:07:34.873561 I SpaceAssistPopup: ○ send ready=false outChars=0
2026-06-08 12:07:34.873826 I VkPanels: ▶ open menu
2026-06-08 12:07:41.697547 I SpaceAssistPopup: ○ send ready=false outChars=0
2026-06-08 12:07:41.697802 I VkPanels: ▶ open menu
2026-06-08 12:07:42.935361 I VkMultilingual: menu languages total=1
2026-06-08 12:07:48.186367 I VkMultilingual: reset main=pt-BR locales=[pt,en] count=2
2026-06-08 12:07:50.523421 I VkMultilingual: menu languages total=3
2026-06-08 12:07:51.411313 I VkMultilingual: reset main=pt-BR locales=[pt,en,es] count=3
2026-06-08 12:07:54.997500 I VkSuggestions: decode typedLen=1 candidates=17 locales=3 44,7ms
2026-06-08 12:07:54.999435 W VkSuggestions: slow frame 44,7ms locales=3 typedLen=1 candidates=17 parallelWait=44,4ms
2026-06-08 12:07:55.002637 I VkSuggestions: strip composing typedLen=1 candidates=17 autocorrect=false top=b locale=pt
2026-06-08 12:07:55.140028 I SpaceAssistPopup: ○ typing idle scheduled
2026-06-08 12:07:55.270479 I VkSuggestions: decode typedLen=2 candidates=17 locales=3 29,3ms
2026-06-08 12:07:55.270985 W VkSuggestions: slow frame 29,3ms locales=3 typedLen=2 candidates=17 parallelWait=29,1ms
2026-06-08 12:07:55.274121 I VkSuggestions: strip composing typedLen=2 candidates=15 autocorrect=false top=bo locale=pt
2026-06-08 12:07:55.691591 I SpaceAssistPopup: ○ fetch skipped: field_too_short fieldChars=2
2026-06-08 12:07:55.699260 I SpaceAssistPopup: ○ typing idle scheduled
2026-06-08 12:07:55.819630 I VkSuggestions: decode typedLen=1 candidates=17 locales=3 19,7ms
2026-06-08 12:07:55.819979 W VkSuggestions: slow frame 19,7ms locales=3 typedLen=1 candidates=17 parallelWait=19,5ms
2026-06-08 12:07:55.820873 I VkSuggestions: strip composing typedLen=1 candidates=17 autocorrect=false top=b locale=pt
2026-06-08 12:07:55.904177 I SpaceAssistPopup: ○ typing idle scheduled
2026-06-08 12:07:56.627027 I VkSuggestions: decode typedLen=1 candidates=18 locales=3 40,9ms
2026-06-08 12:07:56.627397 W VkSuggestions: slow frame 40,9ms locales=3 typedLen=1 candidates=18 parallelWait=40,8ms
2026-06-08 12:07:56.628234 I VkSuggestions: strip composing typedLen=1 candidates=19 autocorrect=false top=h locale=pt
2026-06-08 12:07:56.708154 I SpaceAssistPopup: ○ typing idle scheduled
2026-06-08 12:07:56.827051 I VkSuggestions: decode typedLen=2 candidates=18 locales=3 17,8ms
2026-06-08 12:07:56.827331 W VkSuggestions: slow frame 17,8ms locales=3 typedLen=2 candidates=18 parallelWait=17,7ms
2026-06-08 12:07:56.828495 I VkSuggestions: strip composing typedLen=2 candidates=15 autocorrect=false top=ho locale=pt
2026-06-08 12:07:56.909823 I SpaceAssistPopup: ○ typing idle scheduled
2026-06-08 12:07:57.020011 I VkSuggestions: decode typedLen=3 candidates=18 locales=3 10,3ms
2026-06-08 12:07:57.021097 I VkAutocorrect: offered: hol → hol
2026-06-08 12:07:57.021316 I VkSuggestions: strip composing typedLen=3 candidates=18 autocorrect=true top=hol locale=pt
2026-06-08 12:07:57.031793 I SpaceAssistPopup: ○ typing idle scheduled
2026-06-08 12:07:57.155714 I VkSuggestions: decode typedLen=4 candidates=18 locales=3 18,7ms
2026-06-08 12:07:57.156097 W VkSuggestions: slow frame 18,7ms locales=3 typedLen=4 candidates=18 parallelWait=18,4ms
2026-06-08 12:07:57.158652 I VkSuggestions: strip composing typedLen=4 candidates=12 autocorrect=false top=hola locale=pt
2026-06-08 12:07:57.590496 I SpaceAssistPopup: ▶ generate prompt shown fieldChars=4
2026-06-08 12:07:57.590780 I SpaceAssistPopup: ▶ overlay show: generate_prompt
2026-06-08 12:07:57.785851 I VkAutocorrect: picked: hola
2026-06-08 12:07:57.894692 I VkSuggestions: strip prediction typedLen=0 candidates=1 autocorrect=false top=hola locale=pt
2026-06-08 12:07:58.184407 I SpaceAssistPopup: ○ overlay hide: typing
2026-06-08 12:07:58.184824 I SpaceAssistPopup: ○ typing idle scheduled
2026-06-08 12:07:58.304276 I VkSuggestions: decode typedLen=1 candidates=17 locales=3 19,4ms
2026-06-08 12:07:58.304501 W VkSuggestions: slow frame 19,4ms locales=3 typedLen=1 candidates=17 parallelWait=19,3ms
2026-06-08 12:07:58.305168 I VkSuggestions: strip composing typedLen=1 candidates=17 autocorrect=false top=m locale=pt
2026-06-08 12:07:58.319160 I SpaceAssistPopup: ○ typing idle scheduled
2026-06-08 12:07:58.445039 I VkSuggestions: decode typedLen=2 candidates=17 locales=3 24,7ms
2026-06-08 12:07:58.445430 W VkSuggestions: slow frame 24,7ms locales=3 typedLen=2 candidates=17 parallelWait=24,5ms
2026-06-08 12:07:58.447313 I VkSuggestions: strip composing typedLen=2 candidates=15 autocorrect=false top=ma locale=pt
2026-06-08 12:07:58.637744 I SpaceAssistPopup: ○ typing idle scheduled
2026-06-08 12:07:58.769738 I VkSuggestions: decode typedLen=3 candidates=18 locales=3 31,2ms
2026-06-08 12:07:58.770156 W VkSuggestions: slow frame 31,2ms locales=3 typedLen=3 candidates=18 parallelWait=30,7ms
2026-06-08 12:07:58.773012 I VkSuggestions: strip composing typedLen=3 candidates=16 autocorrect=false top=mar locale=pt
2026-06-08 12:07:58.878390 I SpaceAssistPopup: ○ typing idle scheduled
2026-06-08 12:07:58.991418 I VkSuggestions: decode typedLen=4 candidates=18 locales=3 12,7ms
2026-06-08 12:07:58.993752 I VkSuggestions: strip composing typedLen=4 candidates=14 autocorrect=false top=mari locale=pt
2026-06-08 12:07:59.000219 I SpaceAssistPopup: ○ typing idle scheduled
2026-06-08 12:07:59.116663 I VkSuggestions: decode typedLen=5 candidates=18 locales=3 10,9ms
2026-06-08 12:07:59.118423 I VkAutocorrect: offered: maria → maria
2026-06-08 12:07:59.118766 I VkSuggestions: strip composing typedLen=5 candidates=15 autocorrect=true top=maria locale=pt
2026-06-08 12:07:59.556919 I SpaceAssistPopup: ▶ generate prompt shown fieldChars=10
2026-06-08 12:07:59.557418 I SpaceAssistPopup: ▶ overlay show: generate_prompt
2026-06-08 12:07:59.655582 I VkAutocorrect: picked: maria
2026-06-08 12:07:59.760989 I VkSuggestions: strip prediction typedLen=0 candidates=2 autocorrect=false top=hola locale=pt
2026-06-08 12:08:00.455289 I SpaceAssistPopup: ○ overlay hide: typing
2026-06-08 12:08:00.455879 I SpaceAssistPopup: ○ typing idle scheduled
2026-06-08 12:08:00.530975 I SpaceAssistPopup: ○ typing idle scheduled
2026-06-08 12:08:00.665985 I VkSuggestions: decode typedLen=2 candidates=17 locales=3 34,1ms
2026-06-08 12:08:00.666523 W VkSuggestions: slow frame 34,1ms locales=3 typedLen=2 candidates=17 parallelWait=33,8ms
2026-06-08 12:08:00.668458 I VkSuggestions: strip composing typedLen=2 candidates=14 autocorrect=false top=co locale=pt
2026-06-08 12:08:00.790339 I SpaceAssistPopup: ○ typing idle scheduled
2026-06-08 12:08:00.901787 I VkSuggestions: decode typedLen=3 candidates=18 locales=3 10,6ms
2026-06-08 12:08:00.903266 I VkSuggestions: strip composing typedLen=3 candidates=16 autocorrect=false top=com locale=pt
2026-06-08 12:08:00.966287 I SpaceAssistPopup: ○ typing idle scheduled
2026-06-08 12:08:01.103208 I VkSuggestions: decode typedLen=4 candidates=18 locales=3 35,3ms
2026-06-08 12:08:01.103624 W VkSuggestions: slow frame 35,3ms locales=3 typedLen=4 candidates=18 parallelWait=35,1ms
2026-06-08 12:08:01.105452 I VkSuggestions: strip composing typedLen=4 candidates=16 autocorrect=false top=comi locale=pt
2026-06-08 12:08:01.258038 I VkAutocorrect: kept (typing): comi
2026-06-08 12:08:01.258914 I SpaceAssistPopup: ○ typing idle scheduled
2026-06-08 12:08:01.361159 I VkSuggestions: strip prediction typedLen=0 candidates=3 autocorrect=false top=comi locale=pt
2026-06-08 12:08:01.814107 I SpaceAssistPopup: ▶ generate prompt shown fieldChars=16
2026-06-08 12:08:01.814582 I SpaceAssistPopup: ▶ overlay show: generate_prompt
2026-06-08 12:08:02.092018 I SpaceAssistPopup: ○ typing idle scheduled
2026-06-08 12:08:02.234712 I SpaceAssistPopup: ○ typing idle scheduled
2026-06-08 12:08:02.369553 I VkSuggestions: decode typedLen=3 candidates=18 locales=3 33,4ms
2026-06-08 12:08:02.369893 W VkSuggestions: slow frame 33,4ms locales=3 typedLen=3 candidates=18 parallelWait=33,1ms
2026-06-08 12:08:02.371869 I VkSuggestions: strip composing typedLen=3 candidates=16 autocorrect=false top=com locale=pt
2026-06-08 12:08:02.787370 I SpaceAssistPopup: ○ overlay hide: typing
2026-06-08 12:08:02.787932 I SpaceAssistPopup: ○ typing idle scheduled
2026-06-08 12:08:02.926044 I VkSuggestions: decode typedLen=4 candidates=18 locales=3 37,2ms
2026-06-08 12:08:02.926436 W VkSuggestions: slow frame 37,2ms locales=3 typedLen=4 candidates=18 parallelWait=36,9ms
2026-06-08 12:08:02.928777 I VkSuggestions: strip composing typedLen=4 candidates=14 autocorrect=false top=como locale=pt
2026-06-08 12:08:03.052307 I VkAutocorrect: kept (typing): como
2026-06-08 12:08:03.053092 I SpaceAssistPopup: ○ typing idle scheduled
2026-06-08 12:08:03.155125 I VkSuggestions: strip prediction typedLen=0 candidates=3 autocorrect=false top=como locale=pt
2026-06-08 12:08:03.162450 I SpaceAssistPopup: ○ typing idle scheduled
2026-06-08 12:08:03.299892 I VkSuggestions: decode typedLen=1 candidates=18 locales=3 35,9ms
2026-06-08 12:08:03.300262 W VkSuggestions: slow frame 35,9ms locales=3 typedLen=1 candidates=18 parallelWait=35,5ms
2026-06-08 12:08:03.301851 I VkAutocorrect: offered: e → e
2026-06-08 12:08:03.302161 I VkSuggestions: strip composing typedLen=1 candidates=18 autocorrect=true top=e locale=pt
2026-06-08 12:08:03.379133 I SpaceAssistPopup: ○ typing idle scheduled
2026-06-08 12:08:03.510804 I VkSuggestions: decode typedLen=2 candidates=18 locales=3 30,9ms
