--------- beginning of system
06-04 12:49:08.433 21993 21993 E OplusCustomizeRestrictionManager: sInstance is null, start a new sInstance
06-04 12:52:38.067 21993 31021 E ActivityThread: Failed to find provider info for com.oplus.statistics.provider
06-04 12:52:38.067 21993 31021 E OplusStatistics--: IllegalArgumentException:java.lang.IllegalArgumentException: Unknown URL content://com.oplus.statistics.provider/track_event
--------- beginning of main
06-04 12:52:47.218 21993 21993 W LayerDrawable: Invalid drawable added to LayerDrawable! Drawable already belongs to another owner but does not expose a constant state.
06-04 12:52:47.218 21993 21993 W LayerDrawable: java.lang.RuntimeException
06-04 12:52:47.218 21993 21993 W LayerDrawable: 	at android.graphics.drawable.LayerDrawable$ChildDrawable.<init>(LayerDrawable.java:1857)
06-04 12:52:47.218 21993 21993 W LayerDrawable: 	at android.graphics.drawable.LayerDrawable$LayerState.<init>(LayerDrawable.java:1977)
06-04 12:52:47.218 21993 21993 W LayerDrawable: 	at android.graphics.drawable.LayerDrawable.createConstantState(LayerDrawable.java:174)
06-04 12:52:47.218 21993 21993 W LayerDrawable: 	at android.graphics.drawable.LayerDrawable.mutate(LayerDrawable.java:1782)
06-04 12:52:47.218 21993 21993 W LayerDrawable: 	at helium314.keyboard.latin.InputView.g(r8-map-id-a34700e36e676cb1202f89498a9e88444d1166173bba7c38dda4529c0c039acb:551)
06-04 12:52:47.218 21993 21993 W LayerDrawable: 	at j8.d.l(r8-map-id-a34700e36e676cb1202f89498a9e88444d1166173bba7c38dda4529c0c039acb:311)
06-04 12:52:47.218 21993 21993 W LayerDrawable: 	at j8.d.k(r8-map-id-a34700e36e676cb1202f89498a9e88444d1166173bba7c38dda4529c0c039acb:327)
06-04 12:52:47.218 21993 21993 W LayerDrawable: 	at a8.b0.run(r8-map-id-a34700e36e676cb1202f89498a9e88444d1166173bba7c38dda4529c0c039acb:285)
06-04 12:52:47.218 21993 21993 W LayerDrawable: 	at android.os.Handler.handleCallback(Handler.java:938)
06-04 12:52:47.218 21993 21993 W LayerDrawable: 	at android.os.Handler.dispatchMessage(Handler.java:99)
06-04 12:52:47.218 21993 21993 W LayerDrawable: 	at android.os.Looper.loopOnce(Looper.java:233)
06-04 12:52:47.218 21993 21993 W LayerDrawable: 	at android.os.Looper.loop(Looper.java:344)
06-04 12:52:47.218 21993 21993 W LayerDrawable: 	at android.app.ActivityThread.main(ActivityThread.java:8212)
06-04 12:52:47.218 21993 21993 W LayerDrawable: 	at java.lang.reflect.Method.invoke(Native Method)
06-04 12:52:47.218 21993 21993 W LayerDrawable: 	at com.android.internal.os.RuntimeInit$MethodAndArgsCaller.run(RuntimeInit.java:584)
06-04 12:52:47.218 21993 21993 W LayerDrawable: 	at com.android.internal.os.ZygoteInit.main(ZygoteInit.java:1034)
06-04 12:52:51.060 21993 21993 W View    : requestLayout() improperly called by android.widget.LinearLayout{ad5dba4 V.E...... ......ID 0,76-1440,2923 #7f0a011b app:id/main_keyboard_frame} during layout: running second layout pass
06-04 12:52:53.556 21993 22211 W ServiceBindIntentUtils: Dynamic lookup for intent failed for action: com.google.android.gms.ads.service.CACHE
06-04 12:52:53.572 21993 31343 W ServiceBindIntentUtils: Dynamic lookup for intent failed for action: com.google.android.gms.ads.service.START
06-04 12:53:03.453 21993 31392 W ServiceBindIntentUtils: Dynamic lookup for intent failed for action: com.google.android.gms.ads.service.START
06-04 12:53:03.465 21993 21993 W View    : requestLayout() improperly called by android.widget.LinearLayout{ef93949 V.E...... ......ID 0,1973-1440,2923 #7f0a011b app:id/main_keyboard_frame} during layout: running second layout pass
06-04 12:53:06.080 21993 22035 E BLASTBufferQueue: BLASTBufferItemConsumer::onDisconnect()
06-04 12:53:09.512 21993 22035 E BLASTBufferQueue: BLASTBufferItemConsumer::onDisconnect()
06-04 12:53:13.194 21993 31021 E ActivityThread: Failed to find provider info for com.oplus.statistics.provider
06-04 12:53:13.194 21993 31021 E OplusStatistics--: IllegalArgumentException:java.lang.IllegalArgumentException: Unknown URL content://com.oplus.statistics.provider/track_event
06-04 12:53:14.680 21993 22197 W VibeKeyProfiler: Slow Native Suggest: Total=12.66ms | Init=0.27ms | TrieExpand(x18)=12.34ms | Scoring=0.05ms | inputSize=1
06-04 12:53:14.699 21993 22197 W VibeKeyProfiler: Slow Kotlin Suggest: Total=33.54ms | locales=3 | typedLen=1 | candidates=18 parallelWait=33.41ms
06-04 12:53:15.238 21993 22197 W VibeKeyProfiler: Slow Native Suggest: Total=8.60ms | Init=0.05ms | TrieExpand(x10)=8.50ms | Scoring=0.04ms | inputSize=4
06-04 12:53:15.242 21993 22197 W VibeKeyProfiler: Slow Kotlin Suggest: Total=25.23ms | locales=3 | typedLen=4 | candidates=18 parallelWait=24.98ms
06-04 12:53:18.555 21993 22035 E BLASTBufferQueue: BLASTBufferItemConsumer::onDisconnect()
06-04 12:53:18.881 21993 22035 E BLASTBufferQueue: BLASTBufferItemConsumer::onDisconnect()
06-04 12:53:19.225 21993 22035 E BLASTBufferQueue: BLASTBufferItemConsumer::onDisconnect()
06-04 12:53:19.542 21993 22035 E BLASTBufferQueue: BLASTBufferItemConsumer::onDisconnect()
06-04 12:53:21.049 21993 21993 W View    : requestLayout() improperly called by android.widget.FrameLayout{a81a902 V.E...... ......ID 0,1677-1440,1857 #7f0a0087 app:id/browser_nav_footer_float} during layout: running second layout pass
06-04 12:53:21.055 21993 21993 E GeckoView: Failed to attach WindowInsetsListener: 
06-04 12:53:21.055 21993 21993 E GeckoView: java.lang.NullPointerException: Attempt to invoke virtual method 'android.view.Window android.app.Activity.getWindow()' on a null object reference
06-04 12:53:21.055 21993 21993 E GeckoView: 	at org.mozilla.geckoview.GeckoView.attachWindowInsetsListener(r8-map-id-a34700e36e676cb1202f89498a9e88444d1166173bba7c38dda4529c0c039acb:1)
06-04 12:53:21.055 21993 21993 E GeckoView: 	at org.mozilla.geckoview.GeckoView.onAttachedToWindow(r8-map-id-a34700e36e676cb1202f89498a9e88444d1166173bba7c38dda4529c0c039acb:49)
06-04 12:53:21.055 21993 21993 E GeckoView: 	at android.view.View.dispatchAttachedToWindow(View.java:20900)
06-04 12:53:21.055 21993 21993 E GeckoView: 	at android.view.ViewGroup.dispatchAttachedToWindow(ViewGroup.java:3539)
06-04 12:53:21.055 21993 21993 E GeckoView: 	at android.view.ViewGroup.addViewInner(ViewGroup.java:5378)
06-04 12:53:21.055 21993 21993 E GeckoView: 	at android.view.ViewGroup.addView(ViewGroup.java:5156)
06-04 12:53:21.055 21993 21993 E GeckoView: 	at android.view.ViewGroup.addView(ViewGroup.java:5096)
06-04 12:53:21.055 21993 21993 E GeckoView: 	at helium314.keyboard.latin.panels.BrowserPanelView.X(r8-map-id-a34700e36e676cb1202f89498a9e88444d1166173bba7c38dda4529c0c039acb:349)
06-04 12:53:21.055 21993 21993 E GeckoView: 	at helium314.keyboard.latin.panels.BrowserPanelView.E0(r8-map-id-a34700e36e676cb1202f89498a9e88444d1166173bba7c38dda4529c0c039acb:122)
06-04 12:53:21.055 21993 21993 E GeckoView: 	at c5.s.run(r8-map-id-a34700e36e676cb1202f89498a9e88444d1166173bba7c38dda4529c0c039acb:622)
06-04 12:53:21.055 21993 21993 E GeckoView: 	at i7.z.onGlobalLayout(r8-map-id-a34700e36e676cb1202f89498a9e88444d1166173bba7c38dda4529c0c039acb:8)
06-04 12:53:21.055 21993 21993 E GeckoView: 	at android.view.ViewTreeObserver.dispatchOnGlobalLayout(ViewTreeObserver.java:1061)
06-04 12:53:21.055 21993 21993 E GeckoView: 	at android.view.ViewRootImpl.performTraversals(ViewRootImpl.java:3407)
06-04 12:53:21.055 21993 21993 E GeckoView: 	at android.view.ViewRootImpl.doTraversal(ViewRootImpl.java:2305)
06-04 12:53:21.055 21993 21993 E GeckoView: 	at android.view.ViewRootImpl$TraversalRunnable.run(ViewRootImpl.java:9133)
06-04 12:53:21.055 21993 21993 E GeckoView: 	at android.view.Choreographer$CallbackRecord.run(Choreographer.java:1232)
06-04 12:53:21.055 21993 21993 E GeckoView: 	at android.view.Choreographer.doCallbacks(Choreographer.java:1029)
06-04 12:53:21.055 21993 21993 E GeckoView: 	at android.view.Choreographer.doFrame(Choreographer.java:934)
06-04 12:53:21.055 21993 21993 E GeckoView: 	at android.view.Choreographer$FrameDisplayEventReceiver.run(Choreographer.java:1217)
06-04 12:53:21.055 21993 21993 E GeckoView: 	at android.os.Handler.handleCallback(Handler.java:938)
06-04 12:53:21.055 21993 21993 E GeckoView: 	at android.os.Handler.dispatchMessage(Handler.java:99)
06-04 12:53:21.055 21993 21993 E GeckoView: 	at android.os.Looper.loopOnce(Looper.java:233)
06-04 12:53:21.055 21993 21993 E GeckoView: 	at android.os.Looper.loop(Looper.java:344)
06-04 12:53:21.055 21993 21993 E GeckoView: 	at android.app.ActivityThread.main(ActivityThread.java:8212)
06-04 12:53:21.055 21993 21993 E GeckoView: 	at java.lang.reflect.Method.invoke(Native Method)
06-04 12:53:21.055 21993 21993 E GeckoView: 	at com.android.internal.os.RuntimeInit$MethodAndArgsCaller.run(RuntimeInit.java:584)
06-04 12:53:21.055 21993 21993 E GeckoView: 	at com.android.internal.os.ZygoteInit.main(ZygoteInit.java:1034)
06-04 12:53:21.075 21993 21993 W View    : requestLayout() improperly called by helium314.keyboard.latin.panels.BrowserPanelView{fcd5e36 V.E...... ......ID 0,0-1440,2040} during layout: running second layout pass
06-04 12:53:21.093 21993 21993 W View    : requestLayout() improperly called by helium314.keyboard.latin.panels.BrowserPanelView{fcd5e36 V.E...... ......ID 0,0-1440,2040} during layout: running second layout pass
06-04 12:53:21.086 21993 21993 W com.vibekey.keyboard: type=1400 audit(0.0:117216): avc: denied { nlmsg_readpriv } for comm=536F636B657420546872656164 scontext=u:r:untrusted_app:s0:c85,c271,c512,c768 tcontext=u:r:untrusted_app:s0:c85,c271,c512,c768 tclass=netlink_route_socket permissive=0 bug=b/155595000 app=com.vibekey.keyboard
06-04 12:53:21.112 21993 21993 W View    : requestLayout() improperly called by helium314.keyboard.latin.panels.BrowserPanelView{fcd5e36 V.E...... ......I. 0,0-1440,2040} during second layout pass: posting in next frame
06-04 12:53:21.117 21993 21993 W View    : requestLayout() improperly called by helium314.keyboard.latin.panels.BrowserPanelView{fcd5e36 V.E...... ......ID 0,0-1440,2040} during layout: running second layout pass
06-04 12:53:21.122 21993 21993 W View    : requestLayout() improperly called by helium314.keyboard.latin.panels.BrowserPanelView{fcd5e36 V.E...... ......ID 0,0-1440,2040} during second layout pass: posting in next frame
06-04 12:53:21.135 21993 22061 E BLASTBufferQueue: [SurfaceView[InputMethod]#18](f:0,a:0) rejecting buffer:active_size=1440x1853, requested_size=1440x1853 buffer{size=1440x1861 transform=0}
06-04 12:53:21.137 21993 22061 E BLASTBufferQueue: BLASTBufferItemConsumer::onDisconnect()
06-04 12:53:21.139 21993 21993 W View    : requestLayout() improperly called by helium314.keyboard.latin.panels.BrowserPanelView{fcd5e36 V.E...... ......ID 0,0-1440,2040} during layout: running second layout pass
06-04 12:53:21.144 21993 21993 W View    : requestLayout() improperly called by helium314.keyboard.latin.panels.BrowserPanelView{fcd5e36 V.E...... ......I. 0,0-1440,2040} during second layout pass: posting in next frame
06-04 12:53:21.145 21993 21993 W View    : requestLayout() improperly called by helium314.keyboard.latin.panels.BrowserPanelView{fcd5e36 V.E...... ......ID 0,0-1440,2040} during layout: running second layout pass
06-04 12:53:21.149 21993 21993 W View    : requestLayout() improperly called by helium314.keyboard.latin.panels.BrowserPanelView{fcd5e36 V.E...... .......D 0,0-1440,2040} during second layout pass: posting in next frame
06-04 12:53:21.153 21993 21993 W View    : requestLayout() improperly called by helium314.keyboard.latin.panels.BrowserPanelView{fcd5e36 V.E...... ......ID 0,0-1440,2040} during layout: running second layout pass
06-04 12:53:21.156 21993 21993 W View    : requestLayout() improperly called by helium314.keyboard.latin.panels.BrowserPanelView{fcd5e36 V.E...... ........ 0,0-1440,2040} during second layout pass: posting in next frame
06-04 12:53:21.169 21993 21993 W View    : requestLayout() improperly called by helium314.keyboard.latin.panels.BrowserPanelView{fcd5e36 V.E...... ......I. 0,0-1440,2040} during layout: running second layout pass
06-04 12:53:21.173 21993 21993 W View    : requestLayout() improperly called by helium314.keyboard.latin.panels.BrowserPanelView{fcd5e36 V.E...... ........ 0,0-1440,2040} during second layout pass: posting in next frame
06-04 12:53:21.186 21993 21993 W View    : requestLayout() improperly called by helium314.keyboard.latin.panels.BrowserPanelView{fcd5e36 V.E...... ......I. 0,0-1440,2040} during layout: running second layout pass
06-04 12:53:21.191 21993 21993 W View    : requestLayout() improperly called by helium314.keyboard.latin.panels.BrowserPanelView{fcd5e36 V.E...... ........ 0,0-1440,2040} during second layout pass: posting in next frame
06-04 12:53:21.203 21993 21993 W View    : requestLayout() improperly called by helium314.keyboard.latin.panels.BrowserPanelView{fcd5e36 V.E...... ......I. 0,0-1440,2040} during layout: running second layout pass
06-04 12:53:21.210 21993 21993 W View    : requestLayout() improperly called by helium314.keyboard.latin.panels.BrowserPanelView{fcd5e36 V.E...... ......ID 0,0-1440,2040} during second layout pass: posting in next frame
06-04 12:53:21.220 21993 21993 W View    : requestLayout() improperly called by helium314.keyboard.latin.panels.BrowserPanelView{fcd5e36 V.E...... ......ID 0,0-1440,2040} during layout: running second layout pass
06-04 12:53:21.225 21993 21993 W View    : requestLayout() improperly called by helium314.keyboard.latin.panels.BrowserPanelView{fcd5e36 V.E...... ........ 0,0-1440,2040} during second layout pass: posting in next frame
06-04 12:53:21.239 21993 21993 W View    : requestLayout() improperly called by helium314.keyboard.latin.panels.BrowserPanelView{fcd5e36 V.E...... ......I. 0,0-1440,2040} during layout: running second layout pass
06-04 12:53:21.243 21993 21993 W View    : requestLayout() improperly called by helium314.keyboard.latin.panels.BrowserPanelView{fcd5e36 V.E...... ........ 0,0-1440,2040} during second layout pass: posting in next frame
06-04 12:53:21.236 21993 21993 W com.vibekey.keyboard: type=1400 audit(0.0:117217): avc: denied { nlmsg_readpriv } for comm=536F636B657420546872656164 scontext=u:r:untrusted_app:s0:c85,c271,c512,c768 tcontext=u:r:untrusted_app:s0:c85,c271,c512,c768 tclass=netlink_route_socket permissive=0 bug=b/155595000 app=com.vibekey.keyboard
06-04 12:53:21.236 21993 21993 W com.vibekey.keyboard: type=1400 audit(0.0:117218): avc: denied { nlmsg_readpriv } for comm=536F636B657420546872656164 scontext=u:r:untrusted_app:s0:c85,c271,c512,c768 tcontext=u:r:untrusted_app:s0:c85,c271,c512,c768 tclass=netlink_route_socket permissive=0 bug=b/155595000 app=com.vibekey.keyboard
06-04 12:53:21.253 21993 21993 W View    : requestLayout() improperly called by helium314.keyboard.latin.panels.BrowserPanelView{fcd5e36 V.E...... ......I. 0,0-1440,2040} during layout: running second layout pass
06-04 12:53:21.256 21993 21993 W View    : requestLayout() improperly called by helium314.keyboard.latin.panels.BrowserPanelView{fcd5e36 V.E...... ........ 0,0-1440,2040} during second layout pass: posting in next frame
06-04 12:53:21.269 21993 21993 W View    : requestLayout() improperly called by helium314.keyboard.latin.panels.BrowserPanelView{fcd5e36 V.E...... ......ID 0,0-1440,2040} during layout: running second layout pass
06-04 12:53:21.276 21993 21993 W View    : requestLayout() improperly called by helium314.keyboard.latin.panels.BrowserPanelView{fcd5e36 V.E...... ........ 0,0-1440,2040} during second layout pass: posting in next frame
06-04 12:53:21.286 21993 21993 W View    : requestLayout() improperly called by helium314.keyboard.latin.panels.BrowserPanelView{fcd5e36 V.E...... ......I. 0,0-1440,2040} during layout: running second layout pass
06-04 12:53:21.294 21993 21993 W View    : requestLayout() improperly called by helium314.keyboard.latin.panels.BrowserPanelView{fcd5e36 V.E...... ........ 0,0-1440,2040} during second layout pass: posting in next frame
06-04 12:53:21.303 21993 21993 W View    : requestLayout() improperly called by helium314.keyboard.latin.panels.BrowserPanelView{fcd5e36 V.E...... ......I. 0,0-1440,2040} during layout: running second layout pass
06-04 12:53:21.307 21993 21993 W View    : requestLayout() improperly called by helium314.keyboard.latin.panels.BrowserPanelView{fcd5e36 V.E...... ........ 0,0-1440,2040} during second layout pass: posting in next frame
06-04 12:53:21.319 21993 21993 W View    : requestLayout() improperly called by helium314.keyboard.latin.panels.BrowserPanelView{fcd5e36 V.E...... ......I. 0,0-1440,2040} during layout: running second layout pass
06-04 12:53:21.323 21993 21993 W View    : requestLayout() improperly called by helium314.keyboard.latin.panels.BrowserPanelView{fcd5e36 V.E...... ........ 0,0-1440,2040} during second layout pass: posting in next frame
06-04 12:53:21.336 21993 21993 W View    : requestLayout() improperly called by helium314.keyboard.latin.panels.BrowserPanelView{fcd5e36 V.E...... ......I. 0,0-1440,2040} during layout: running second layout pass
06-04 12:53:21.339 21993 21993 W View    : requestLayout() improperly called by helium314.keyboard.latin.panels.BrowserPanelView{fcd5e36 V.E...... ........ 0,0-1440,2040} during second layout pass: posting in next frame
06-04 12:53:21.353 21993 21993 W View    : requestLayout() improperly called by helium314.keyboard.latin.panels.BrowserPanelView{fcd5e36 V.E...... ......I. 0,0-1440,2040} during layout: running second layout pass
06-04 12:53:21.356 21993 21993 W View    : requestLayout() improperly called by helium314.keyboard.latin.panels.BrowserPanelView{fcd5e36 V.E...... ........ 0,0-1440,2040} during second layout pass: posting in next frame
06-04 12:53:21.370 21993 21993 W View    : requestLayout() improperly called by helium314.keyboard.latin.panels.BrowserPanelView{fcd5e36 V.E...... ......I. 0,0-1440,2040} during layout: running second layout pass
06-04 12:53:21.372 21993 21993 W View    : requestLayout() improperly called by helium314.keyboard.latin.panels.BrowserPanelView{fcd5e36 V.E...... ........ 0,0-1440,2040} during second layout pass: posting in next frame
06-04 12:53:21.386 21993 21993 W View    : requestLayout() improperly called by helium314.keyboard.latin.panels.BrowserPanelView{fcd5e36 V.E...... ......I. 0,0-1440,2040} during layout: running second layout pass
06-04 12:53:21.390 21993 21993 W View    : requestLayout() improperly called by helium314.keyboard.latin.panels.BrowserPanelView{fcd5e36 V.E...... ........ 0,0-1440,2040} during second layout pass: posting in next frame
06-04 12:53:21.403 21993 21993 W View    : requestLayout() improperly called by helium314.keyboard.latin.panels.BrowserPanelView{fcd5e36 V.E...... ......I. 0,0-1440,2040} during layout: running second layout pass
06-04 12:53:21.407 21993 21993 W View    : requestLayout() improperly called by helium314.keyboard.latin.panels.BrowserPanelView{fcd5e36 V.E...... ........ 0,0-1440,2040} during second layout pass: posting in next frame
06-04 12:53:21.420 21993 21993 W View    : requestLayout() improperly called by helium314.keyboard.latin.panels.BrowserPanelView{fcd5e36 V.E...... ......I. 0,0-1440,2040} during layout: running second layout pass
06-04 12:53:21.425 21993 21993 W View    : requestLayout() improperly called by helium314.keyboard.latin.panels.BrowserPanelView{fcd5e36 V.E...... ........ 0,0-1440,2040} during second layout pass: posting in next frame
06-04 12:53:21.437 21993 21993 W View    : requestLayout() improperly called by helium314.keyboard.latin.panels.BrowserPanelView{fcd5e36 V.E...... ......I. 0,0-1440,2040} during layout: running second layout pass
06-04 12:53:21.440 21993 21993 W View    : requestLayout() improperly called by helium314.keyboard.latin.panels.BrowserPanelView{fcd5e36 V.E...... ........ 0,0-1440,2040} during second layout pass: posting in next frame
06-04 12:53:21.450 30088 30169 W libc    : Access denied finding property "vendor.oplus.media.vpp.stutter"
06-04 12:53:21.454 21993 21993 W View    : requestLayout() improperly called by helium314.keyboard.latin.panels.BrowserPanelView{fcd5e36 V.E...... ......I. 0,0-1440,2040} during layout: running second layout pass
06-04 12:53:21.458 21993 21993 W View    : requestLayout() improperly called by helium314.keyboard.latin.panels.BrowserPanelView{fcd5e36 V.E...... ........ 0,0-1440,2040} during second layout pass: posting in next frame
06-04 12:53:21.466 21993 21993 W com.vibekey.keyboard: type=1400 audit(0.0:117219): avc: denied { nlmsg_readpriv } for comm=536F636B657420546872656164 scontext=u:r:untrusted_app:s0:c85,c271,c512,c768 tcontext=u:r:untrusted_app:s0:c85,c271,c512,c768 tclass=netlink_route_socket permissive=0 bug=b/155595000 app=com.vibekey.keyboard
06-04 12:53:21.470 21993 21993 W View    : requestLayout() improperly called by helium314.keyboard.latin.panels.BrowserPanelView{fcd5e36 V.E...... ......I. 0,0-1440,2040} during layout: running second layout pass
06-04 12:53:21.474 21993 21993 W View    : requestLayout() improperly called by helium314.keyboard.latin.panels.BrowserPanelView{fcd5e36 V.E...... ......ID 0,0-1440,2040} during second layout pass: posting in next frame
06-04 12:53:21.486 30088 31716 W Codec2Client: query -- param skipped: index = 1107298332.
06-04 12:53:21.490 21993 21993 W View    : requestLayout() improperly called by helium314.keyboard.latin.panels.BrowserPanelView{fcd5e36 V.E...... ......ID 0,0-1440,2040} during layout: running second layout pass
06-04 12:53:21.492 30088 31716 W Codec2Client: query -- param skipped: index = 1342179345.
06-04 12:53:21.493 30088 31716 W Codec2Client: query -- param skipped: index = 2415921170.
06-04 12:53:21.493 30088 31716 W Codec2Client: query -- param skipped: index = 1610614798.
06-04 12:53:21.496 21993 21993 W View    : requestLayout() improperly called by helium314.keyboard.latin.panels.BrowserPanelView{fcd5e36 V.E...... ........ 0,0-1440,2040} during second layout pass: posting in next frame
06-04 12:53:21.500 30088 30169 W libc    : Access denied finding property "vendor.oplus.media.vpp.stutter"
06-04 12:53:21.503 21993 21993 W View    : requestLayout() improperly called by helium314.keyboard.latin.panels.BrowserPanelView{fcd5e36 V.E...... ......I. 0,0-1440,2040} during layout: running second layout pass
06-04 12:53:21.507 21993 21993 W View    : requestLayout() improperly called by helium314.keyboard.latin.panels.BrowserPanelView{fcd5e36 V.E...... ........ 0,0-1440,2040} during second layout pass: posting in next frame
06-04 12:53:21.515 30088 31720 W Codec2Client: query -- param skipped: index = 1107298332.
06-04 12:53:21.517 30088 31720 W Codec2Client: query -- param skipped: index = 1342179345.
06-04 12:53:21.517 30088 31720 W Codec2Client: query -- param skipped: index = 2415921170.
06-04 12:53:21.517 30088 31720 W Codec2Client: query -- param skipped: index = 1610614798.
06-04 12:53:21.521 21993 21993 W View    : requestLayout() improperly called by helium314.keyboard.latin.panels.BrowserPanelView{fcd5e36 V.E...... ......I. 0,0-1440,2040} during layout: running second layout pass
06-04 12:53:21.524 21993 21993 W View    : requestLayout() improperly called by helium314.keyboard.latin.panels.BrowserPanelView{fcd5e36 V.E...... ........ 0,0-1440,2040} during second layout pass: posting in next frame
06-04 12:53:21.529 30088 30169 W libc    : Access denied finding property "vendor.oplus.media.vpp.stutter"
06-04 12:53:21.529 30088 30169 E MULTIMEDIAConfig: [getInt32:L80] Not find config, Returning default
06-04 12:53:21.529 30088 30169 E MULTIMEDIAConfig: [getInt32:L80] Not find config, Returning default
06-04 12:53:21.529 30088 30169 E OplusACodec: [OplusACodec:204] mSrOsieMMListCheckResult:0x0 mOsieVersion:1
06-04 12:53:21.539 21993 21993 W View    : requestLayout() improperly called by helium314.keyboard.latin.panels.BrowserPanelView{fcd5e36 V.E...... ......I. 0,0-1440,2040} during layout: running second layout pass
06-04 12:53:21.542 21993 21993 W View    : requestLayout() improperly called by helium314.keyboard.latin.panels.BrowserPanelView{fcd5e36 V.E...... ........ 0,0-1440,2040} during second layout pass: posting in next frame
06-04 12:53:21.554 21993 21993 W View    : requestLayout() improperly called by helium314.keyboard.latin.panels.BrowserPanelView{fcd5e36 V.E...... ......I. 0,0-1440,2040} during layout: running second layout pass
06-04 12:53:21.557 21993 21993 W View    : requestLayout() improperly called by helium314.keyboard.latin.panels.BrowserPanelView{fcd5e36 V.E...... ........ 0,0-1440,2040} during second layout pass: posting in next frame
06-04 12:53:21.569 30088 31723 E OplusACodec: [GetVideoCodingTypeFromMime:L1162] mime:video/avc
06-04 12:53:21.572 21993 21993 W View    : requestLayout() improperly called by helium314.keyboard.latin.panels.BrowserPanelView{fcd5e36 V.E...... ......I. 0,0-1440,2040} during layout: running second layout pass
06-04 12:53:21.575 21993 21993 W View    : requestLayout() improperly called by helium314.keyboard.latin.panels.BrowserPanelView{fcd5e36 V.E...... ........ 0,0-1440,2040} during second layout pass: posting in next frame
06-04 12:53:21.588 21993 21993 W View    : requestLayout() improperly called by helium314.keyboard.latin.panels.BrowserPanelView{fcd5e36 V.E...... ......I. 0,0-1440,2040} during layout: running second layout pass
06-04 12:53:21.592 21993 21993 W View    : requestLayout() improperly called by helium314.keyboard.latin.panels.BrowserPanelView{fcd5e36 V.E...... ........ 0,0-1440,2040} during second layout pass: posting in next frame
06-04 12:53:21.606 21993 21993 W View    : requestLayout() improperly called by helium314.keyboard.latin.panels.BrowserPanelView{fcd5e36 V.E...... ......ID 0,0-1440,2040} during layout: running second layout pass
06-04 12:53:21.615 21993 21993 W View    : requestLayout() improperly called by helium314.keyboard.latin.panels.BrowserPanelView{fcd5e36 V.E...... ......I. 0,0-1440,2040} during second layout pass: posting in next frame
06-04 12:53:21.621 21993 21993 W View    : requestLayout() improperly called by helium314.keyboard.latin.panels.BrowserPanelView{fcd5e36 V.E...... ......ID 0,0-1440,2040} during layout: running second layout pass
06-04 12:53:21.625 21993 21993 W View    : requestLayout() improperly called by helium314.keyboard.latin.panels.BrowserPanelView{fcd5e36 V.E...... ........ 0,0-1440,2040} during second layout pass: posting in next frame
06-04 12:53:21.625 30088 30121 W libc    : Access denied finding property "vendor.oplus.media.vpp.stutter"
06-04 12:53:21.625 30088 30121 E MULTIMEDIAConfig: [getInt32:L80] Not find config, Returning default
06-04 12:53:21.625 30088 30121 E MULTIMEDIAConfig: [getInt32:L80] Not find config, Returning default
06-04 12:53:21.625 30088 30121 E OplusACodec: [OplusACodec:204] mSrOsieMMListCheckResult:0x0 mOsieVersion:1
06-04 12:53:21.640 21993 21993 W View    : requestLayout() improperly called by helium314.keyboard.latin.panels.BrowserPanelView{fcd5e36 V.E...... ......ID 0,0-1440,2040} during layout: running second layout pass
06-04 12:53:21.644 21993 21993 W View    : requestLayout() improperly called by helium314.keyboard.latin.panels.BrowserPanelView{fcd5e36 V.E...... ........ 0,0-1440,2040} during second layout pass: posting in next frame
06-04 12:53:21.651 30088 31728 E OplusACodec: [GetVideoCodingTypeFromMime:L1162] mime:video/avc
06-04 12:53:21.655 21993 21993 W View    : requestLayout() improperly called by helium314.keyboard.latin.panels.BrowserPanelView{fcd5e36 V.E...... ......ID 0,0-1440,2040} during layout: running second layout pass
06-04 12:53:21.658 21993 21993 W View    : requestLayout() improperly called by helium314.keyboard.latin.panels.BrowserPanelView{fcd5e36 V.E...... ........ 0,0-1440,2040} during second layout pass: posting in next frame
06-04 12:53:21.671 21993 21993 W View    : requestLayout() improperly called by helium314.keyboard.latin.panels.BrowserPanelView{fcd5e36 V.E...... ......ID 0,0-1440,2040} during layout: running second layout pass
06-04 12:53:21.679 21993 21993 W GeckoEventDispatcher: No listener for GeckoView:DismissClipboardPermissionRequest
06-04 12:53:21.699 21993 22168 E BLASTBufferQueue: BLASTBufferItemConsumer::onDisconnect()
06-04 12:53:21.703 21993 21993 E GeckoView: Failed to detach WindowInsetsListener: 
06-04 12:53:21.703 21993 21993 E GeckoView: java.lang.NullPointerException: Attempt to invoke virtual method 'android.view.Window android.app.Activity.getWindow()' on a null object reference
06-04 12:53:21.703 21993 21993 E GeckoView: 	at org.mozilla.geckoview.GeckoView.detachWindowInsetsListener(r8-map-id-a34700e36e676cb1202f89498a9e88444d1166173bba7c38dda4529c0c039acb:1)
06-04 12:53:21.703 21993 21993 E GeckoView: 	at org.mozilla.geckoview.GeckoView.onDetachedFromWindow(r8-map-id-a34700e36e676cb1202f89498a9e88444d1166173bba7c38dda4529c0c039acb:25)
06-04 12:53:21.703 21993 21993 E GeckoView: 	at android.view.View.dispatchDetachedFromWindow(View.java:20955)
06-04 12:53:21.703 21993 21993 E GeckoView: 	at android.view.ViewGroup.dispatchDetachedFromWindow(ViewGroup.java:4014)
06-04 12:53:21.703 21993 21993 E GeckoView: 	at android.view.ViewGroup.removeViewInternal(ViewGroup.java:5660)
06-04 12:53:21.703 21993 21993 E GeckoView: 	at android.view.ViewGroup.removeViewInternal(ViewGroup.java:5631)
06-04 12:53:21.703 21993 21993 E GeckoView: 	at android.view.ViewGroup.removeView(ViewGroup.java:5562)
06-04 12:53:21.703 21993 21993 E GeckoView: 	at helium314.keyboard.latin.panels.BrowserPanelView.P(r8-map-id-a34700e36e676cb1202f89498a9e88444d1166173bba7c38dda4529c0c039acb:119)
06-04 12:53:21.703 21993 21993 E GeckoView: 	at helium314.keyboard.latin.panels.BrowserPanelView.F0(r8-map-id-a34700e36e676cb1202f89498a9e88444d1166173bba7c38dda4529c0c039acb:73)
06-04 12:53:21.703 21993 21993 E GeckoView: 	at i7.c0.r(r8-map-id-a34700e36e676cb1202f89498a9e88444d1166173bba7c38dda4529c0c039acb:149)
06-04 12:53:21.703 21993 21993 E GeckoView: 	at i7.c0.P(r8-map-id-a34700e36e676cb1202f89498a9e88444d1166173bba7c38dda4529c0c039acb:17)
06-04 12:53:21.703 21993 21993 E GeckoView: 	at a8.d5.a(r8-map-id-a34700e36e676cb1202f89498a9e88444d1166173bba7c38dda4529c0c039acb:3)
06-04 12:53:21.703 21993 21993 E GeckoView: 	at a8.b3.onClick(r8-map-id-a34700e36e676cb1202f89498a9e88444d1166173bba7c38dda4529c0c039acb:209)
06-04 12:53:21.703 21993 21993 E GeckoView: 	at android.view.View.performClick(View.java:7488)
06-04 12:53:21.703 21993 21993 E GeckoView: 	at android.view.View.performClickInternal(View.java:7464)
06-04 12:53:21.703 21993 21993 E GeckoView: 	at android.view.View.access$3700(View.java:841)
06-04 12:53:21.703 21993 21993 E GeckoView: 	at android.view.View$PerformClick.run(View.java:28911)
06-04 12:53:21.703 21993 21993 E GeckoView: 	at android.os.Handler.handleCallback(Handler.java:938)
06-04 12:53:21.703 21993 21993 E GeckoView: 	at android.os.Handler.dispatchMessage(Handler.java:99)
06-04 12:53:21.703 21993 21993 E GeckoView: 	at android.os.Looper.loopOnce(Looper.java:233)
06-04 12:53:21.703 21993 21993 E GeckoView: 	at android.os.Looper.loop(Looper.java:344)
06-04 12:53:21.703 21993 21993 E GeckoView: 	at android.app.ActivityThread.main(ActivityThread.java:8212)
06-04 12:53:21.703 21993 21993 E GeckoView: 	at java.lang.reflect.Method.invoke(Native Method)
06-04 12:53:21.703 21993 21993 E GeckoView: 	at com.android.internal.os.RuntimeInit$MethodAndArgsCaller.run(RuntimeInit.java:584)
06-04 12:53:21.703 21993 21993 E GeckoView: 	at com.android.internal.os.ZygoteInit.main(ZygoteInit.java:1034)
06-04 12:53:21.745 21993 21993 W View    : requestLayout() improperly called by helium314.keyboard.latin.panels.BrowserPanelView{fcd5e36 G.E...... ......ID 0,0-1440,2040} during second layout pass: posting in next frame
06-04 12:53:21.761 21993 21993 W View    : requestLayout() improperly called by helium314.keyboard.latin.panels.BrowserPanelView{fcd5e36 G.E...... ......ID 0,0-1440,2040} during second layout pass: posting in next frame
06-04 12:53:21.785 30088 30169 W libc    : Access denied finding property "vendor.oplus.media.vpp.stutter"
06-04 12:53:21.786 30088 30169 E MULTIMEDIAConfig: [getInt32:L80] Not find config, Returning default
06-04 12:53:21.786 30088 30169 E MULTIMEDIAConfig: [getInt32:L80] Not find config, Returning default
06-04 12:53:21.786 30088 30169 E OplusACodec: [OplusACodec:204] mSrOsieMMListCheckResult:0x0 mOsieVersion:1
06-04 12:53:21.834 30088 31735 E OplusACodec: [GetVideoCodingTypeFromMime:L1162] mime:video/avc
06-04 12:53:21.967 30088 30103 W libc    : Access denied finding property "vendor.oplus.media.vpp.stutter"
06-04 12:53:21.985 30088 31752 W Codec2Client: query -- param skipped: index = 1107298332.
06-04 12:53:21.987 30088 31752 W Codec2Client: query -- param skipped: index = 1342179345.
06-04 12:53:21.987 30088 31752 W Codec2Client: query -- param skipped: index = 2415921170.
06-04 12:53:21.987 30088 31752 W Codec2Client: query -- param skipped: index = 1610614798.
06-04 12:53:22.006 30088 30103 W libc    : Access denied finding property "vendor.oplus.media.vpp.stutter"
06-04 12:53:22.006 30088 30103 E MULTIMEDIAConfig: [getInt32:L80] Not find config, Returning default
06-04 12:53:22.006 30088 30103 E MULTIMEDIAConfig: [getInt32:L80] Not find config, Returning default
06-04 12:53:22.006 30088 30103 E OplusACodec: [OplusACodec:204] mSrOsieMMListCheckResult:0x0 mOsieVersion:1
06-04 12:53:22.034 30088 31756 E OplusACodec: [GetVideoCodingTypeFromMime:L1162] mime:video/avc
06-04 12:53:22.126 21993 21993 W com.vibekey.keyboard: type=1400 audit(0.0:117222): avc: denied { nlmsg_readpriv } for comm=536F636B657420546872656164 scontext=u:r:untrusted_app:s0:c85,c271,c512,c768 tcontext=u:r:untrusted_app:s0:c85,c271,c512,c768 tclass=netlink_route_socket permissive=0 bug=b/155595000 app=com.vibekey.keyboard
06-04 12:53:22.184 30088 30103 W libc    : Access denied finding property "vendor.oplus.media.vpp.stutter"
06-04 12:53:22.184 30088 30103 E MULTIMEDIAConfig: [getInt32:L80] Not find config, Returning default
06-04 12:53:22.184 30088 30103 E MULTIMEDIAConfig: [getInt32:L80] Not find config, Returning default
06-04 12:53:22.184 30088 30103 E OplusACodec: [OplusACodec:204] mSrOsieMMListCheckResult:0x0 mOsieVersion:1
06-04 12:53:22.216 30088 31762 E OplusACodec: [GetVideoCodingTypeFromMime:L1162] mime:video/avc
06-04 12:53:22.306 21993 21993 W com.vibekey.keyboard: type=1400 audit(0.0:117223): avc: denied { nlmsg_readpriv } for comm=536F636B657420546872656164 scontext=u:r:untrusted_app:s0:c85,c271,c512,c768 tcontext=u:r:untrusted_app:s0:c85,c271,c512,c768 tclass=netlink_route_socket permissive=0 bug=b/155595000 app=com.vibekey.keyboard
06-04 12:53:22.407 29639 29656 W Isolated Web Content: [JavaScript Warning: "Loading failed for the <script> with source “https://live.rezync.com/sync?c=16b6410431b6374e780104abb0443ca8&p=34747f0775f02a6784bb965de6833e73&k=cnn-pixel-8786&zmpID=cnn&custom1=cms.cnn.com/_pages/clg33v73c003h46p5e4cyddkj&custom2=section&custom3=homepage&cache_buster=1780592001778”." {file: "https://www.cnn.com/" line: 1}]
06-04 12:53:22.408 29639 29656 W Isolated Web Content: [JavaScript Warning: "Loading failed for the <script> with source “https://static.chartbeat.com/js/chartbeat_video.js”." {file: "https://www.cnn.com/" line: 1}]
06-04 12:53:22.409 29639 29656 W Isolated Web Content: [JavaScript Warning: "Loading failed for the <script> with source “https://experience.piano.io/xbuilder/experience/load?aid=RCoM2QBLpu”." {file: "https://www.cnn.com/" line: 1}]
06-04 12:53:22.413 29639 29656 W Isolated Web Content: [JavaScript Warning: "Loading failed for the <script> with source “https://tag.wknd.ai/340/i.js”." {file: "https://www.cnn.com/" line: 1}]
06-04 12:53:22.413 29639 29656 W Isolated Web Content: [JavaScript Warning: "The script from “https://tag.wknd.ai/340/i.js” was loaded even though its MIME type (“text/plain”) is not a valid JavaScript MIME type." {file: "https://www.cnn.com/" line: 0}]
06-04 12:53:22.444 21993 21993 W GeckoSession: No history entries found.
06-04 12:53:22.463 30088 31716 W Codec2Client: query -- param skipped: index = 1342179345.
06-04 12:53:22.463 30088 31716 W Codec2Client: query -- param skipped: index = 2415921170.
06-04 12:53:22.463 30088 31716 W Codec2Client: query -- param skipped: index = 1610614798.
06-04 12:53:22.496 30088 30141 W libc    : Access denied finding property "vendor.oplus.media.vpp.stutter"
06-04 12:53:22.497 30088 30141 E MULTIMEDIAConfig: [getInt32:L80] Not find config, Returning default
06-04 12:53:22.497 30088 30141 E MULTIMEDIAConfig: [getInt32:L80] Not find config, Returning default
06-04 12:53:22.497 30088 30141 E OplusACodec: [OplusACodec:204] mSrOsieMMListCheckResult:0x0 mOsieVersion:1
06-04 12:53:22.513 30088 31782 E OplusACodec: [GetVideoCodingTypeFromMime:L1162] mime:video/avc
06-04 12:53:22.520 29639 29656 W Isolated Web Content: [JavaScript Warning: "Loading failed for the <script> with source “https://static.chartbeat.com/js/chartbeat_mab.js”." {file: "https://www.cnn.com/" line: 1}]
06-04 12:53:22.526 29639 29656 W Isolated Web Content: [JavaScript Warning: "Loading failed for the <script> with source “https://cdn.ml314.com/taglw.js”." {file: "https://www.cnn.com/" line: 1}]
06-04 12:53:22.526 29639 29656 W Isolated Web Content: [JavaScript Warning: "Loading failed for the <script> with source “https://vi.ml314.com/get?eid=64240&tk=GBYTTE9dUG2OqHj1Rk9DPOaLspvMWfLqV236sdkHgf03d&fp=3517458645798879317”." {file: "https://www.cnn.com/" line: 1}]
06-04 12:53:22.526 29639 29656 W Isolated Web Content: [JavaScript Warning: "Loading failed for the <script> with source “https://z.cdp-dev.cnn.com/zfm/zfh-3.js”." {file: "https://www.cnn.com/" line: 1}]
06-04 12:53:22.527 29639 29656 W Isolated Web Content: [JavaScript Warning: "Loading failed for the <script> with source “https://cdn3.optimizely.com/js/geo4.js”." {file: "https://www.cnn.com/" line: 1}]
06-04 12:53:22.527 29639 29656 W Isolated Web Content: [JavaScript Warning: "Loading failed for the <script> with source “https://sb.scorecardresearch.com/cs/6035748/beacon.js”." {file: "https://www.cnn.com/" line: 1}]
06-04 12:53:22.545 29639 29656 E Isolated Web Content: [JavaScript Error: "TypeError: NetworkError when attempting to fetch resource."]
06-04 12:53:22.552 21993 21993 W GeckoEventDispatcher: No listener for GeckoView:DismissClipboardPermissionRequest
06-04 12:53:22.566 21993 21993 W com.vibekey.keyboard: type=1400 audit(0.0:117224): avc: denied { nlmsg_readpriv } for comm=536F636B657420546872656164 scontext=u:r:untrusted_app:s0:c85,c271,c512,c768 tcontext=u:r:untrusted_app:s0:c85,c271,c512,c768 tclass=netlink_route_socket permissive=0 bug=b/155595000 app=com.vibekey.keyboard
06-04 12:53:22.745 21993 21993 W GeckoEventDispatcher: No listener for GeckoView:DismissClipboardPermissionRequest
06-04 12:53:22.780 30088 31723 W libc    : Access denied finding property "vendor.oplus.media.vpp.stutter"
06-04 12:53:22.785 30088 31728 W libc    : Access denied finding property "vendor.oplus.media.vpp.stutter"
06-04 12:53:22.842 30088 31720 W Codec2Client: query -- param skipped: index = 1342179345.
06-04 12:53:22.842 30088 31720 W Codec2Client: query -- param skipped: index = 2415921170.
06-04 12:53:22.842 30088 31720 W Codec2Client: query -- param skipped: index = 1610614798.
06-04 12:53:22.867 30088 31752 W Codec2Client: query -- param skipped: index = 1342179345.
06-04 12:53:22.867 30088 31752 W Codec2Client: query -- param skipped: index = 2415921170.
06-04 12:53:22.867 30088 31752 W Codec2Client: query -- param skipped: index = 1610614798.
06-04 12:53:22.856 21993 21993 W com.vibekey.keyboard: type=1400 audit(0.0:117225): avc: denied { nlmsg_readpriv } for comm=536F636B657420546872656164 scontext=u:r:untrusted_app:s0:c85,c271,c512,c768 tcontext=u:r:untrusted_app:s0:c85,c271,c512,c768 tclass=netlink_route_socket permissive=0 bug=b/155595000 app=com.vibekey.keyboard
06-04 12:53:23.123 29639 29656 E Isolated Web Content: [JavaScript Error: "downloadable font: failed to start download (font-family: "Roboto" style:normal weight:400 stretch:100 src index:0): content blocked source: https://fonts.gstatic.com/s/roboto/v51/KFO7CnqEu92Fr1ME7kSn66aGLdTylUAMa3yUBHMdazQ.woff2"]
06-04 12:53:23.116 21993 21993 W com.vibekey.keyboard: type=1400 audit(0.0:117226): avc: denied { nlmsg_readpriv } for comm=536F636B657420546872656164 scontext=u:r:untrusted_app:s0:c85,c271,c512,c768 tcontext=u:r:untrusted_app:s0:c85,c271,c512,c768 tclass=netlink_route_socket permissive=0 bug=b/155595000 app=com.vibekey.keyboard
06-04 12:53:23.280 29639 29656 E Isolated Web Content: [JavaScript Error: "Script from “https://idsync.rlcdn.com/362588.gif?partner_uid=7af7963a-855d-4fdb-b9eb-0a24f022d096” was blocked because of a disallowed MIME type (“image/gif”)." {file: "https://www.cnn.com/" line: 0}]
06-04 12:53:23.299 29639 29656 W Isolated Web Content: [JavaScript Warning: "Layout was forced before the page was fully loaded. If stylesheets are not yet loaded this may cause a flash of unstyled content." {file: "https://z.cdp-dev.cnn.com/zion-web-client/3.0/zion-web-client.min.js" line: 1}]
06-04 12:53:23.372 30088 30141 W libc    : Access denied finding property "vendor.oplus.media.vpp.stutter"
06-04 12:53:23.386 30088 31836 W Codec2Client: query -- param skipped: index = 1107298332.
06-04 12:53:23.388 30088 31836 W Codec2Client: query -- param skipped: index = 1342179345.
06-04 12:53:23.388 30088 31836 W Codec2Client: query -- param skipped: index = 2415921170.
06-04 12:53:23.388 30088 31836 W Codec2Client: query -- param skipped: index = 1610614798.
06-04 12:53:23.394 30088 30141 W libc    : Access denied finding property "vendor.oplus.media.vpp.stutter"
06-04 12:53:23.404 30088 31838 W Codec2Client: query -- param skipped: index = 1107298332.
06-04 12:53:23.406 30088 31838 W Codec2Client: query -- param skipped: index = 1342179345.
06-04 12:53:23.406 30088 31838 W Codec2Client: query -- param skipped: index = 2415921170.
06-04 12:53:23.406 30088 31838 W Codec2Client: query -- param skipped: index = 1610614798.
06-04 12:53:23.413 30088 30141 W libc    : Access denied finding property "vendor.oplus.media.vpp.stutter"
06-04 12:53:23.413 30088 30141 E MULTIMEDIAConfig: [getInt32:L80] Not find config, Returning default
06-04 12:53:23.413 30088 30141 E MULTIMEDIAConfig: [getInt32:L80] Not find config, Returning default
06-04 12:53:23.413 30088 30141 E OplusACodec: [OplusACodec:204] mSrOsieMMListCheckResult:0x0 mOsieVersion:1
06-04 12:53:23.428 30088 31841 E OplusACodec: [GetVideoCodingTypeFromMime:L1162] mime:video/avc
06-04 12:53:23.449 30088 30169 W libc    : Access denied finding property "vendor.oplus.media.vpp.stutter"
06-04 12:53:23.450 30088 30169 E MULTIMEDIAConfig: [getInt32:L80] Not find config, Returning default
06-04 12:53:23.450 30088 30169 E MULTIMEDIAConfig: [getInt32:L80] Not find config, Returning default
06-04 12:53:23.450 30088 30169 E OplusACodec: [OplusACodec:204] mSrOsieMMListCheckResult:0x0 mOsieVersion:1
06-04 12:53:23.461 30088 31846 E OplusACodec: [GetVideoCodingTypeFromMime:L1162] mime:video/avc
06-04 12:53:23.477 21993 21993 W GeckoEventDispatcher: No listener for GeckoView:DismissClipboardPermissionRequest
06-04 12:53:23.486 30088 30141 W libc    : Access denied finding property "vendor.oplus.media.vpp.stutter"
06-04 12:53:23.487 30088 30141 E ListServiceUtils: checkInListByUid module:HQV-effect uid:13925 cost 1356us return 0
06-04 12:53:23.487 30088 30141 E MULTIMEDIAConfig: [getInt32:L80] Not find config, Returning default
06-04 12:53:23.487 30088 30141 E MULTIMEDIAConfig: [getInt32:L80] Not find config, Returning default
06-04 12:53:23.487 30088 30141 E OplusACodec: [OplusACodec:204] mSrOsieMMListCheckResult:0x0 mOsieVersion:1
06-04 12:53:23.516 30088 31851 E OplusACodec: [GetVideoCodingTypeFromMime:L1162] mime:video/avc
06-04 12:53:23.553 30088 30104 W libc    : Access denied finding property "vendor.oplus.media.vpp.stutter"
06-04 12:53:23.553 30088 30104 E MULTIMEDIAConfig: [getInt32:L80] Not find config, Returning default
06-04 12:53:23.553 30088 30104 E MULTIMEDIAConfig: [getInt32:L80] Not find config, Returning default
06-04 12:53:23.553 30088 30104 E OplusACodec: [OplusACodec:204] mSrOsieMMListCheckResult:0x0 mOsieVersion:1
06-04 12:53:23.579 30088 31856 E OplusACodec: [GetVideoCodingTypeFromMime:L1162] mime:video/avc
06-04 12:53:23.603 30088 30141 W libc    : Access denied finding property "vendor.oplus.media.vpp.stutter"
06-04 12:53:23.613 30088 31861 W Codec2Client: query -- param skipped: index = 1107298332.
06-04 12:53:23.615 30088 31861 W Codec2Client: query -- param skipped: index = 1342179345.
06-04 12:53:23.615 30088 31861 W Codec2Client: query -- param skipped: index = 2415921170.
06-04 12:53:23.615 30088 31861 W Codec2Client: query -- param skipped: index = 1610614798.
06-04 12:53:23.619 30088 30104 W libc    : Access denied finding property "vendor.oplus.media.vpp.stutter"
06-04 12:53:23.620 30088 30104 E MULTIMEDIAConfig: [getInt32:L80] Not find config, Returning default
06-04 12:53:23.620 30088 30104 E MULTIMEDIAConfig: [getInt32:L80] Not find config, Returning default
06-04 12:53:23.620 30088 30104 E OplusACodec: [OplusACodec:204] mSrOsieMMListCheckResult:0x0 mOsieVersion:1
06-04 12:53:23.670 29639 29656 W Isolated Web Content: [JavaScript Warning: "The script from “https://tag.wknd.ai/340/i.js” was loaded even though its MIME type (“text/plain”) is not a valid JavaScript MIME type." {file: "https://www.cnn.com/" line: 0}]
06-04 12:53:23.671 30088 31879 E OplusACodec: [GetVideoCodingTypeFromMime:L1162] mime:video/avc
06-04 12:53:23.706 21993 21993 W com.vibekey.keyboard: type=1400 audit(0.0:117227): avc: denied { nlmsg_readpriv } for comm=536F636B657420546872656164 scontext=u:r:untrusted_app:s0:c85,c271,c512,c768 tcontext=u:r:untrusted_app:s0:c85,c271,c512,c768 tclass=netlink_route_socket permissive=0 bug=b/155595000 app=com.vibekey.keyboard
06-04 12:53:23.751 30088 30141 W libc    : Access denied finding property "vendor.oplus.media.vpp.stutter"
06-04 12:53:23.752 30088 30141 E MULTIMEDIAConfig: [getInt32:L80] Not find config, Returning default
06-04 12:53:23.752 30088 30141 E MULTIMEDIAConfig: [getInt32:L80] Not find config, Returning default
06-04 12:53:23.752 30088 30141 E OplusACodec: [OplusACodec:204] mSrOsieMMListCheckResult:0x0 mOsieVersion:1
06-04 12:53:23.791 30088 31891 E OplusACodec: [GetVideoCodingTypeFromMime:L1162] mime:video/avc
06-04 12:53:24.185 30088 31838 W Codec2Client: query -- param skipped: index = 1342179345.
06-04 12:53:24.185 30088 31838 W Codec2Client: query -- param skipped: index = 2415921170.
06-04 12:53:24.185 30088 31838 W Codec2Client: query -- param skipped: index = 1610614798.
06-04 12:53:24.265 30088 31836 W Codec2Client: query -- param skipped: index = 1342179345.
06-04 12:53:24.265 30088 31836 W Codec2Client: query -- param skipped: index = 2415921170.
06-04 12:53:24.265 30088 31836 W Codec2Client: query -- param skipped: index = 1610614798.
06-04 12:53:24.356 21993 21993 W com.vibekey.keyboard: type=1400 audit(0.0:117228): avc: denied { nlmsg_readpriv } for comm=536F636B657420546872656164 scontext=u:r:untrusted_app:s0:c85,c271,c512,c768 tcontext=u:r:untrusted_app:s0:c85,c271,c512,c768 tclass=netlink_route_socket permissive=0 bug=b/155595000 app=com.vibekey.keyboard
06-04 12:53:24.464 29639 29656 W Isolated Web Content: [JavaScript Warning: "Loading failed for the <script> with source “https://static.adsafeprotected.com/publisher/925660/ebfdc39c-b42a-11f0-aa09-0e6958f30139.min.js”." {file: "https://www.cnn.com/" line: 1}]
06-04 12:53:24.486 21993 21993 W com.vibekey.keyboard: type=1400 audit(0.0:117229): avc: denied { nlmsg_readpriv } for comm=536F636B657420546872656164 scontext=u:r:untrusted_app:s0:c85,c271,c512,c768 tcontext=u:r:untrusted_app:s0:c85,c271,c512,c768 tclass=netlink_route_socket permissive=0 bug=b/155595000 app=com.vibekey.keyboard
06-04 12:53:24.528 29639 29656 E Isolated Web Content: [JavaScript Error: "Cookie “_cookie_test” has been rejected for invalid domain." {file: "https://www.cnn.com/" line: 0}]
06-04 12:53:24.528 29639 29656 E Isolated Web Content: [JavaScript Error: "Cookie “_cookie_test” has been rejected for invalid domain." {file: "https://www.cnn.com/" line: 0}]
06-04 12:53:24.531 29639 29656 E Isolated Web Content: [JavaScript Error: "Cookie “_cookie_test” has been rejected for invalid domain." {file: "https://www.cnn.com/" line: 0}]
06-04 12:53:24.531 29639 29656 E Isolated Web Content: [JavaScript Error: "Cookie “_cookie_test” has been rejected for invalid domain." {file: "https://www.cnn.com/" line: 0}]
06-04 12:53:24.532 29639 29656 E Isolated Web Content: [JavaScript Error: "Cookie “_cookie_test” has been rejected for invalid domain." {file: "https://www.cnn.com/" line: 0}]
06-04 12:53:24.532 29639 29656 E Isolated Web Content: [JavaScript Error: "Cookie “_cookie_test” has been rejected for invalid domain." {file: "https://www.cnn.com/" line: 0}]
06-04 12:53:24.544 29639 29656 E Isolated Web Content: [JavaScript Error: "Cookie “_cookie_test” has been rejected for invalid domain." {file: "https://www.cnn.com/" line: 0}]
06-04 12:53:24.545 29639 29656 E Isolated Web Content: [JavaScript Error: "Cookie “_cookie_test” has been rejected for invalid domain." {file: "https://www.cnn.com/" line: 0}]
06-04 12:53:24.596 21993 21993 W com.vibekey.keyboard: type=1400 audit(0.0:117230): avc: denied { nlmsg_readpriv } for comm=536F636B657420546872656164 scontext=u:r:untrusted_app:s0:c85,c271,c512,c768 tcontext=u:r:untrusted_app:s0:c85,c271,c512,c768 tclass=netlink_route_socket permissive=0 bug=b/155595000 app=com.vibekey.keyboard
06-04 12:53:24.606 21993 21993 W com.vibekey.keyboard: type=1400 audit(0.0:117231): avc: denied { nlmsg_readpriv } for comm=536F636B657420546872656164 scontext=u:r:untrusted_app:s0:c85,c271,c512,c768 tcontext=u:r:untrusted_app:s0:c85,c271,c512,c768 tclass=netlink_route_socket permissive=0 bug=b/155595000 app=com.vibekey.keyboard
