06-02 17:10:29.589 31804 31804 W View    : requestLayout() improperly called by helium314.keyboard.latin.panels.BrowserPanelView{5ae2aec V.E...... ........ 0,0-1440,2040} during second layout pass: posting in next frame
06-02 17:10:29.606 31804 31804 W View    : requestLayout() improperly called by helium314.keyboard.latin.panels.BrowserPanelView{5ae2aec V.E...... ......I. 0,0-1440,2040} during layout: running second layout pass
06-02 17:10:29.614 31804 31804 W View    : requestLayout() improperly called by helium314.keyboard.latin.panels.BrowserPanelView{5ae2aec V.E...... ........ 0,0-1440,2040} during second layout pass: posting in next frame
06-02 17:10:29.617 31804 31804 W View    : requestLayout() improperly called by helium314.keyboard.latin.panels.BrowserPanelView{5ae2aec V.E...... ......I. 0,0-1440,2040} during layout: running second layout pass
06-02 17:10:29.624 31804 31804 W View    : requestLayout() improperly called by helium314.keyboard.latin.panels.BrowserPanelView{5ae2aec V.E...... ........ 0,0-1440,2040} during second layout pass: posting in next frame
06-02 17:10:29.633 31804 31804 W View    : requestLayout() improperly called by helium314.keyboard.latin.panels.BrowserPanelView{5ae2aec V.E...... ......I. 0,0-1440,2040} during layout: running second layout pass
06-02 17:10:29.638 31804 31804 W View    : requestLayout() improperly called by helium314.keyboard.latin.panels.BrowserPanelView{5ae2aec V.E...... ......ID 0,0-1440,2040} during second layout pass: posting in next frame
06-02 17:10:29.653 31804 31804 W View    : requestLayout() improperly called by helium314.keyboard.latin.panels.BrowserPanelView{5ae2aec V.E...... ......ID 0,0-1440,2040} during layout: running second layout pass
06-02 17:10:29.663 31804 31804 W View    : requestLayout() improperly called by helium314.keyboard.latin.panels.BrowserPanelView{5ae2aec V.E...... ........ 0,0-1440,2040} during second layout pass: posting in next frame
06-02 17:10:29.666 31804 31804 W View    : requestLayout() improperly called by helium314.keyboard.latin.panels.BrowserPanelView{5ae2aec V.E...... ......I. 0,0-1440,2040} during layout: running second layout pass
06-02 17:10:29.675 31804 31804 W View    : requestLayout() improperly called by helium314.keyboard.latin.panels.BrowserPanelView{5ae2aec V.E...... ........ 0,0-1440,2040} during second layout pass: posting in next frame
06-02 17:10:29.684 31804 31804 W View    : requestLayout() improperly called by helium314.keyboard.latin.panels.BrowserPanelView{5ae2aec V.E...... ......I. 0,0-1440,2040} during layout: running second layout pass
06-02 17:10:29.694 31804 31804 W View    : requestLayout() improperly called by helium314.keyboard.latin.panels.BrowserPanelView{5ae2aec V.E...... ........ 0,0-1440,2040} during second layout pass: posting in next frame
06-02 17:10:29.708 31804 31804 W View    : requestLayout() improperly called by helium314.keyboard.latin.panels.BrowserPanelView{5ae2aec V.E...... ......I. 0,0-1440,2040} during layout: running second layout pass
06-02 17:10:29.717 31804 31804 W View    : requestLayout() improperly called by helium314.keyboard.latin.panels.BrowserPanelView{5ae2aec V.E...... ........ 0,0-1440,2040} during second layout pass: posting in next frame
06-02 17:10:29.721 31804 31804 W View    : requestLayout() improperly called by helium314.keyboard.latin.panels.BrowserPanelView{5ae2aec V.E...... ......I. 0,0-1440,2040} during layout: running second layout pass
06-02 17:10:29.731 31804 31804 W View    : requestLayout() improperly called by helium314.keyboard.latin.panels.BrowserPanelView{5ae2aec V.E...... ........ 0,0-1440,2040} during second layout pass: posting in next frame
06-02 17:10:29.736 31804 31804 W View    : requestLayout() improperly called by helium314.keyboard.latin.panels.BrowserPanelView{5ae2aec V.E...... ......I. 0,0-1440,2040} during layout: running second layout pass
06-02 17:10:29.747 31804 31804 W View    : requestLayout() improperly called by helium314.keyboard.latin.panels.BrowserPanelView{5ae2aec V.E...... ........ 0,0-1440,2040} during second layout pass: posting in next frame
06-02 17:10:29.751 31804 31804 W View    : requestLayout() improperly called by helium314.keyboard.latin.panels.BrowserPanelView{5ae2aec V.E...... ......I. 0,0-1440,2040} during layout: running second layout pass
06-02 17:10:29.762 31804 31804 W View    : requestLayout() improperly called by helium314.keyboard.latin.panels.BrowserPanelView{5ae2aec V.E...... ........ 0,0-1440,2040} during second layout pass: posting in next frame
06-02 17:10:29.768 31804 31804 W View    : requestLayout() improperly called by helium314.keyboard.latin.panels.BrowserPanelView{5ae2aec V.E...... ......I. 0,0-1440,2040} during layout: running second layout pass
06-02 17:10:29.776 31804 31804 W View    : requestLayout() improperly called by helium314.keyboard.latin.panels.BrowserPanelView{5ae2aec V.E...... ........ 0,0-1440,2040} during second layout pass: posting in next frame
06-02 17:10:29.787 31804 31804 W View    : requestLayout() improperly called by helium314.keyboard.latin.panels.BrowserPanelView{5ae2aec V.E...... ......I. 0,0-1440,2040} during layout: running second layout pass
06-02 17:10:29.797 31804 31804 W View    : requestLayout() improperly called by helium314.keyboard.latin.panels.BrowserPanelView{5ae2aec V.E...... ........ 0,0-1440,2040} during second layout pass: posting in next frame
06-02 17:10:29.806 31804 31804 W View    : requestLayout() improperly called by helium314.keyboard.latin.panels.BrowserPanelView{5ae2aec V.E...... ......ID 0,0-1440,2040} during layout: running second layout pass
06-02 17:10:29.818 31804 31804 W View    : requestLayout() improperly called by helium314.keyboard.latin.panels.BrowserPanelView{5ae2aec V.E...... ........ 0,0-1440,2040} during second layout pass: posting in next frame
06-02 17:10:29.835 31804 31804 W View    : requestLayout() improperly called by helium314.keyboard.latin.panels.BrowserPanelView{5ae2aec V.E...... ......I. 0,0-1440,2040} during layout: running second layout pass
06-02 17:10:29.848 31804 31804 W View    : requestLayout() improperly called by helium314.keyboard.latin.panels.BrowserPanelView{5ae2aec V.E...... ........ 0,0-1440,2040} during second layout pass: posting in next frame
06-02 17:10:29.851 31804 31804 W View    : requestLayout() improperly called by helium314.keyboard.latin.panels.BrowserPanelView{5ae2aec V.E...... ......I. 0,0-1440,2040} during layout: running second layout pass
06-02 17:10:29.864 31804 31804 W View    : requestLayout() improperly called by helium314.keyboard.latin.panels.BrowserPanelView{5ae2aec V.E...... ........ 0,0-1440,2040} during second layout pass: posting in next frame
06-02 17:10:29.874 31804 31804 W View    : requestLayout() improperly called by helium314.keyboard.latin.panels.BrowserPanelView{5ae2aec V.E...... ......I. 0,0-1440,2040} during layout: running second layout pass
06-02 17:10:29.879 31804 31804 W View    : requestLayout() improperly called by helium314.keyboard.latin.panels.BrowserPanelView{5ae2aec V.E...... ........ 0,0-1440,2040} during second layout pass: posting in next frame
06-02 17:10:29.883 31804 31804 W View    : requestLayout() improperly called by helium314.keyboard.latin.panels.BrowserPanelView{5ae2aec V.E...... ......I. 0,0-1440,2040} during layout: running second layout pass
06-02 17:10:29.887 31804 31804 W View    : requestLayout() improperly called by helium314.keyboard.latin.panels.BrowserPanelView{5ae2aec V.E...... ........ 0,0-1440,2040} during second layout pass: posting in next frame
06-02 17:10:29.896 32241 32241 E y.keyboard:tab: Unknown bits set in runtime_flags: 0x40000000
06-02 17:10:29.900 31804 31804 W View    : requestLayout() improperly called by helium314.keyboard.latin.panels.BrowserPanelView{5ae2aec V.E...... ......I. 0,0-1440,2040} during layout: running second layout pass
06-02 17:10:29.903 31804 31804 W View    : requestLayout() improperly called by helium314.keyboard.latin.panels.BrowserPanelView{5ae2aec V.E...... ........ 0,0-1440,2040} during second layout pass: posting in next frame
06-02 17:10:29.917 31804 31804 W View    : requestLayout() improperly called by helium314.keyboard.latin.panels.BrowserPanelView{5ae2aec V.E...... ......I. 0,0-1440,2040} during layout: running second layout pass
06-02 17:10:29.920 31804 31804 W View    : requestLayout() improperly called by helium314.keyboard.latin.panels.BrowserPanelView{5ae2aec V.E...... ........ 0,0-1440,2040} during second layout pass: posting in next frame
06-02 17:10:29.934 31804 31804 W View    : requestLayout() improperly called by helium314.keyboard.latin.panels.BrowserPanelView{5ae2aec V.E...... ......I. 0,0-1440,2040} during layout: running second layout pass
06-02 17:10:29.938 31804 31804 W View    : requestLayout() improperly called by helium314.keyboard.latin.panels.BrowserPanelView{5ae2aec V.E...... ........ 0,0-1440,2040} during second layout pass: posting in next frame
06-02 17:10:29.952 31804 31804 W View    : requestLayout() improperly called by helium314.keyboard.latin.panels.BrowserPanelView{5ae2aec V.E...... ......I. 0,0-1440,2040} during layout: running second layout pass
06-02 17:10:29.959 31804 31804 W View    : requestLayout() improperly called by helium314.keyboard.latin.panels.BrowserPanelView{5ae2aec V.E...... ........ 0,0-1440,2040} during second layout pass: posting in next frame
06-02 17:10:29.967 31804 31804 W View    : requestLayout() improperly called by helium314.keyboard.latin.panels.BrowserPanelView{5ae2aec V.E...... ......I. 0,0-1440,2040} during layout: running second layout pass
06-02 17:10:29.972 31804 31804 W View    : requestLayout() improperly called by helium314.keyboard.latin.panels.BrowserPanelView{5ae2aec V.E...... ........ 0,0-1440,2040} during second layout pass: posting in next frame
06-02 17:10:29.986 31804 31804 W View    : requestLayout() improperly called by helium314.keyboard.latin.panels.BrowserPanelView{5ae2aec V.E...... ......I. 0,0-1440,2040} during layout: running second layout pass
06-02 17:10:29.991 31804 31804 W View    : requestLayout() improperly called by helium314.keyboard.latin.panels.BrowserPanelView{5ae2aec V.E...... ........ 0,0-1440,2040} during second layout pass: posting in next frame
06-02 17:10:29.994 32241 32259 E GeckoLibLoad: Load sqlite start
06-02 17:10:29.996 32241 32259 E GeckoLibLoad: Load sqlite done
06-02 17:10:29.997 32241 32259 E GeckoLibLoad: Load nss start
06-02 17:10:29.997 32241 32259 E GeckoLibLoad: Load nss done
06-02 17:10:30.001 31804 31804 W View    : requestLayout() improperly called by helium314.keyboard.latin.panels.BrowserPanelView{5ae2aec V.E...... ......I. 0,0-1440,2040} during layout: running second layout pass
06-02 17:10:30.004 31804 31804 W View    : requestLayout() improperly called by helium314.keyboard.latin.panels.BrowserPanelView{5ae2aec V.E...... ........ 0,0-1440,2040} during second layout pass: posting in next frame
06-02 17:10:30.012 32241 32259 E GeckoLibLoad: Loaded libs in 14.522136ms total, 0ms(0ms) user, 7ms(12ms) system, 0(0) faults
06-02 17:10:30.012 32241 32259 W GeckoThread: zerdatime 111472873 - runGecko
06-02 17:10:30.016 31804 31804 W View    : requestLayout() improperly called by helium314.keyboard.latin.panels.BrowserPanelView{5ae2aec V.E...... ......I. 0,0-1440,2040} during layout: running second layout pass
06-02 17:10:30.025 31804 31804 W View    : requestLayout() improperly called by helium314.keyboard.latin.panels.BrowserPanelView{5ae2aec V.E...... ........ 0,0-1440,2040} during second layout pass: posting in next frame
06-02 17:10:30.034 31804 31804 W View    : requestLayout() improperly called by helium314.keyboard.latin.panels.BrowserPanelView{5ae2aec V.E...... ......I. 0,0-1440,2040} during layout: running second layout pass
06-02 17:10:30.039 31804 31804 W View    : requestLayout() improperly called by helium314.keyboard.latin.panels.BrowserPanelView{5ae2aec V.E...... ........ 0,0-1440,2040} during second layout pass: posting in next frame
06-02 17:10:30.050 31804 31804 W View    : requestLayout() improperly called by helium314.keyboard.latin.panels.BrowserPanelView{5ae2aec V.E...... ......I. 0,0-1440,2040} during layout: running second layout pass
06-02 17:10:30.059 31804 31804 W View    : requestLayout() improperly called by helium314.keyboard.latin.panels.BrowserPanelView{5ae2aec V.E...... ........ 0,0-1440,2040} during second layout pass: posting in next frame
06-02 17:10:30.068 31804 31804 W View    : requestLayout() improperly called by helium314.keyboard.latin.panels.BrowserPanelView{5ae2aec V.E...... ......ID 0,0-1440,2040} during layout: running second layout pass
06-02 17:10:30.075 31804 31804 W View    : requestLayout() improperly called by helium314.keyboard.latin.panels.BrowserPanelView{5ae2aec V.E...... ........ 0,0-1440,2040} during second layout pass: posting in next frame
06-02 17:10:30.085 31804 31804 W View    : requestLayout() improperly called by helium314.keyboard.latin.panels.BrowserPanelView{5ae2aec V.E...... ......I. 0,0-1440,2040} during layout: running second layout pass
06-02 17:10:30.098 31804 31804 W View    : requestLayout() improperly called by helium314.keyboard.latin.panels.BrowserPanelView{5ae2aec V.E...... ........ 0,0-1440,2040} during second layout pass: posting in next frame
06-02 17:10:30.100 31804 31804 W View    : requestLayout() improperly called by helium314.keyboard.latin.panels.BrowserPanelView{5ae2aec V.E...... ......I. 0,0-1440,2040} during layout: running second layout pass
06-02 17:10:30.104 31804 31804 W View    : requestLayout() improperly called by helium314.keyboard.latin.panels.BrowserPanelView{5ae2aec V.E...... ........ 0,0-1440,2040} during second layout pass: posting in next frame
06-02 17:10:30.116 31804 31804 W View    : requestLayout() improperly called by helium314.keyboard.latin.panels.BrowserPanelView{5ae2aec V.E...... ......I. 0,0-1440,2040} during layout: running second layout pass
06-02 17:10:30.120 31804 31804 W View    : requestLayout() improperly called by helium314.keyboard.latin.panels.BrowserPanelView{5ae2aec V.E...... ........ 0,0-1440,2040} during second layout pass: posting in next frame
06-02 17:10:30.135 31804 31804 W View    : requestLayout() improperly called by helium314.keyboard.latin.panels.BrowserPanelView{5ae2aec V.E...... ......I. 0,0-1440,2040} during layout: running second layout pass
06-02 17:10:30.143 31804 31804 W View    : requestLayout() improperly called by helium314.keyboard.latin.panels.BrowserPanelView{5ae2aec V.E...... ........ 0,0-1440,2040} during second layout pass: posting in next frame
06-02 17:10:30.151 31804 31804 W View    : requestLayout() improperly called by helium314.keyboard.latin.panels.BrowserPanelView{5ae2aec V.E...... ......I. 0,0-1440,2040} during layout: running second layout pass
06-02 17:10:30.161 31804 31804 W View    : requestLayout() improperly called by helium314.keyboard.latin.panels.BrowserPanelView{5ae2aec V.E...... ........ 0,0-1440,2040} during second layout pass: posting in next frame
06-02 17:10:30.171 31804 31804 W View    : requestLayout() improperly called by helium314.keyboard.latin.panels.BrowserPanelView{5ae2aec V.E...... ......I. 0,0-1440,2040} during layout: running second layout pass
06-02 17:10:30.180 31804 31804 W View    : requestLayout() improperly called by helium314.keyboard.latin.panels.BrowserPanelView{5ae2aec V.E...... ........ 0,0-1440,2040} during second layout pass: posting in next frame
06-02 17:10:30.185 31804 31804 W View    : requestLayout() improperly called by helium314.keyboard.latin.panels.BrowserPanelView{5ae2aec V.E...... ......I. 0,0-1440,2040} during layout: running second layout pass
06-02 17:10:30.193 31804 31804 W View    : requestLayout() improperly called by helium314.keyboard.latin.panels.BrowserPanelView{5ae2aec V.E...... ........ 0,0-1440,2040} during second layout pass: posting in next frame
06-02 17:10:30.201 31804 31804 W View    : requestLayout() improperly called by helium314.keyboard.latin.panels.BrowserPanelView{5ae2aec V.E...... ......I. 0,0-1440,2040} during layout: running second layout pass
06-02 17:10:30.210 31804 31804 W View    : requestLayout() improperly called by helium314.keyboard.latin.panels.BrowserPanelView{5ae2aec V.E...... ........ 0,0-1440,2040} during second layout pass: posting in next frame
06-02 17:10:30.218 31804 31804 W View    : requestLayout() improperly called by helium314.keyboard.latin.panels.BrowserPanelView{5ae2aec V.E...... ......I. 0,0-1440,2040} during layout: running second layout pass
06-02 17:10:30.232 31804 31804 W View    : requestLayout() improperly called by helium314.keyboard.latin.panels.BrowserPanelView{5ae2aec V.E...... ........ 0,0-1440,2040} during second layout pass: posting in next frame
06-02 17:10:30.236 31804 31804 W View    : requestLayout() improperly called by helium314.keyboard.latin.panels.BrowserPanelView{5ae2aec V.E...... ......I. 0,0-1440,2040} during layout: running second layout pass
06-02 17:10:30.252 31804 31804 W View    : requestLayout() improperly called by helium314.keyboard.latin.panels.BrowserPanelView{5ae2aec V.E...... ........ 0,0-1440,2040} during second layout pass: posting in next frame
06-02 17:10:30.255 31804 31804 W View    : requestLayout() improperly called by helium314.keyboard.latin.panels.BrowserPanelView{5ae2aec V.E...... ......I. 0,0-1440,2040} during layout: running second layout pass
06-02 17:10:30.264 31804 31804 W View    : requestLayout() improperly called by helium314.keyboard.latin.panels.BrowserPanelView{5ae2aec V.E...... ........ 0,0-1440,2040} during second layout pass: posting in next frame
06-02 17:10:30.268 31804 31804 W View    : requestLayout() improperly called by helium314.keyboard.latin.panels.BrowserPanelView{5ae2aec V.E...... ......I. 0,0-1440,2040} during layout: running second layout pass
06-02 17:10:30.277 31804 31804 W View    : requestLayout() improperly called by helium314.keyboard.latin.panels.BrowserPanelView{5ae2aec V.E...... ........ 0,0-1440,2040} during second layout pass: posting in next frame
06-02 17:10:30.285 31804 31804 W View    : requestLayout() improperly called by helium314.keyboard.latin.panels.BrowserPanelView{5ae2aec V.E...... ......I. 0,0-1440,2040} during layout: running second layout pass
06-02 17:10:30.296 31804 31804 W View    : requestLayout() improperly called by helium314.keyboard.latin.panels.BrowserPanelView{5ae2aec V.E...... ........ 0,0-1440,2040} during second layout pass: posting in next frame
06-02 17:10:30.302 31804 31804 W View    : requestLayout() improperly called by helium314.keyboard.latin.panels.BrowserPanelView{5ae2aec V.E...... ......I. 0,0-1440,2040} during layout: running second layout pass
06-02 17:10:30.314 31804 31804 W View    : requestLayout() improperly called by helium314.keyboard.latin.panels.BrowserPanelView{5ae2aec V.E...... ........ 0,0-1440,2040} during second layout pass: posting in next frame
06-02 17:10:30.317 31804 31804 W View    : requestLayout() improperly called by helium314.keyboard.latin.panels.BrowserPanelView{5ae2aec V.E...... ......I. 0,0-1440,2040} during layout: running second layout pass
06-02 17:10:30.335 31804 31804 W View    : requestLayout() improperly called by helium314.keyboard.latin.panels.BrowserPanelView{5ae2aec V.E...... ........ 0,0-1440,2040} during second layout pass: posting in next frame
06-02 17:10:30.337 31804 31804 W View    : requestLayout() improperly called by helium314.keyboard.latin.panels.BrowserPanelView{5ae2aec V.E...... ......I. 0,0-1440,2040} during layout: running second layout pass
06-02 17:10:30.342 31804 31804 W View    : requestLayout() improperly called by helium314.keyboard.latin.panels.BrowserPanelView{5ae2aec V.E...... ........ 0,0-1440,2040} during second layout pass: posting in next frame
06-02 17:10:30.350 31804 31804 W View    : requestLayout() improperly called by helium314.keyboard.latin.panels.BrowserPanelView{5ae2aec V.E...... ......I. 0,0-1440,2040} during layout: running second layout pass
06-02 17:10:30.357 31804 31804 W View    : requestLayout() improperly called by helium314.keyboard.latin.panels.BrowserPanelView{5ae2aec V.E...... ........ 0,0-1440,2040} during second layout pass: posting in next frame
06-02 17:10:30.368 31804 31804 W View    : requestLayout() improperly called by helium314.keyboard.latin.panels.BrowserPanelView{5ae2aec V.E...... ......I. 0,0-1440,2040} during layout: running second layout pass
06-02 17:10:30.372 31804 31804 W View    : requestLayout() improperly called by helium314.keyboard.latin.panels.BrowserPanelView{5ae2aec V.E...... ........ 0,0-1440,2040} during second layout pass: posting in next frame
06-02 17:10:30.385 31804 31804 W View    : requestLayout() improperly called by helium314.keyboard.latin.panels.BrowserPanelView{5ae2aec V.E...... ......I. 0,0-1440,2040} during layout: running second layout pass
06-02 17:10:30.395 31804 31804 W View    : requestLayout() improperly called by helium314.keyboard.latin.panels.BrowserPanelView{5ae2aec V.E...... ........ 0,0-1440,2040} during second layout pass: posting in next frame
06-02 17:10:30.401 31804 31804 W View    : requestLayout() improperly called by helium314.keyboard.latin.panels.BrowserPanelView{5ae2aec V.E...... ......I. 0,0-1440,2040} during layout: running second layout pass
06-02 17:10:30.406 31804 31804 W View    : requestLayout() improperly called by helium314.keyboard.latin.panels.BrowserPanelView{5ae2aec V.E...... ........ 0,0-1440,2040} during second layout pass: posting in next frame
06-02 17:10:30.424 31804 31804 W View    : requestLayout() improperly called by helium314.keyboard.latin.panels.BrowserPanelView{5ae2aec V.E...... ......I. 0,0-1440,2040} during layout: running second layout pass
06-02 17:10:30.432 31804 31804 W View    : requestLayout() improperly called by helium314.keyboard.latin.panels.BrowserPanelView{5ae2aec V.E...... ........ 0,0-1440,2040} during second layout pass: posting in next frame
06-02 17:10:30.435 31804 31804 W View    : requestLayout() improperly called by helium314.keyboard.latin.panels.BrowserPanelView{5ae2aec V.E...... ......I. 0,0-1440,2040} during layout: running second layout pass
06-02 17:10:30.443 31804 31804 W View    : requestLayout() improperly called by helium314.keyboard.latin.panels.BrowserPanelView{5ae2aec V.E...... ........ 0,0-1440,2040} during second layout pass: posting in next frame
06-02 17:10:30.453 31804 31804 W View    : requestLayout() improperly called by helium314.keyboard.latin.panels.BrowserPanelView{5ae2aec V.E...... ......I. 0,0-1440,2040} during layout: running second layout pass
06-02 17:10:30.461 31804 31804 W View    : requestLayout() improperly called by helium314.keyboard.latin.panels.BrowserPanelView{5ae2aec V.E...... ........ 0,0-1440,2040} during second layout pass: posting in next frame
06-02 17:10:31.079 31804 31804 W View    : requestLayout() improperly called by helium314.keyboard.latin.panels.BrowserPanelView{5ae2aec V.E...... ......I. 0,0-1440,2040} during layout: running second layout pass
06-02 17:10:31.083 31804 31804 W View    : requestLayout() improperly called by helium314.keyboard.latin.panels.BrowserPanelView{5ae2aec V.E...... ........ 0,0-1440,2040} during second layout pass: posting in next frame
06-02 17:10:31.086 31804 31804 W View    : requestLayout() improperly called by helium314.keyboard.latin.panels.BrowserPanelView{5ae2aec V.E...... ......ID 0,0-1440,2040} during layout: running second layout pass
06-02 17:10:31.088 31804 31804 W View    : requestLayout() improperly called by helium314.keyboard.latin.panels.BrowserPanelView{5ae2aec V.E...... ........ 0,0-1440,2040} during second layout pass: posting in next frame
06-02 17:10:31.103 31804 31804 W View    : requestLayout() improperly called by helium314.keyboard.latin.panels.BrowserPanelView{5ae2aec V.E...... ......I. 0,0-1440,2040} during layout: running second layout pass
06-02 17:10:31.109 31804 31804 W View    : requestLayout() improperly called by helium314.keyboard.latin.panels.BrowserPanelView{5ae2aec V.E...... ........ 0,0-1440,2040} during second layout pass: posting in next frame
06-02 17:10:31.115 32292 32292 E y.keyboard:tab: Unknown bits set in runtime_flags: 0x40000000
06-02 17:10:31.119 31804 31804 W View    : requestLayout() improperly called by helium314.keyboard.latin.panels.BrowserPanelView{5ae2aec V.E...... ......I. 0,0-1440,2040} during layout: running second layout pass
06-02 17:10:31.123 31804 31804 W View    : requestLayout() improperly called by helium314.keyboard.latin.panels.BrowserPanelView{5ae2aec V.E...... ........ 0,0-1440,2040} during second layout pass: posting in next frame
06-02 17:10:31.136 31804 31804 W View    : requestLayout() improperly called by helium314.keyboard.latin.panels.BrowserPanelView{5ae2aec V.E...... ......I. 0,0-1440,2040} during layout: running second layout pass
06-02 17:10:31.141 31804 31804 W View    : requestLayout() improperly called by helium314.keyboard.latin.panels.BrowserPanelView{5ae2aec V.E...... ........ 0,0-1440,2040} during second layout pass: posting in next frame
06-02 17:10:31.153 31804 31804 W View    : requestLayout() improperly called by helium314.keyboard.latin.panels.BrowserPanelView{5ae2aec V.E...... ......I. 0,0-1440,2040} during layout: running second layout pass
06-02 17:10:31.157 31804 31804 W View    : requestLayout() improperly called by helium314.keyboard.latin.panels.BrowserPanelView{5ae2aec V.E...... ........ 0,0-1440,2040} during second layout pass: posting in next frame
06-02 17:10:31.175 31804 31804 W View    : requestLayout() improperly called by helium314.keyboard.latin.panels.BrowserPanelView{5ae2aec V.E...... ......I. 0,0-1440,2040} during layout: running second layout pass
06-02 17:10:31.183 31804 31804 W View    : requestLayout() improperly called by helium314.keyboard.latin.panels.BrowserPanelView{5ae2aec V.E...... ........ 0,0-1440,2040} during second layout pass: posting in next frame
06-02 17:10:31.186 31804 31804 W View    : requestLayout() improperly called by helium314.keyboard.latin.panels.BrowserPanelView{5ae2aec V.E...... ......I. 0,0-1440,2040} during layout: running second layout pass
06-02 17:10:31.194 31804 31804 W View    : requestLayout() improperly called by helium314.keyboard.latin.panels.BrowserPanelView{5ae2aec V.E...... ........ 0,0-1440,2040} during second layout pass: posting in next frame
06-02 17:10:31.200 32292 32308 E GeckoLibLoad: Load sqlite start
06-02 17:10:31.202 31804 31804 W View    : requestLayout() improperly called by helium314.keyboard.latin.panels.BrowserPanelView{5ae2aec V.E...... ......I. 0,0-1440,2040} during layout: running second layout pass
06-02 17:10:31.207 31804 31804 W View    : requestLayout() improperly called by helium314.keyboard.latin.panels.BrowserPanelView{5ae2aec V.E...... ........ 0,0-1440,2040} during second layout pass: posting in next frame
06-02 17:10:31.208 32292 32308 E GeckoLibLoad: Load sqlite done
06-02 17:10:31.208 32292 32308 E GeckoLibLoad: Load nss start
06-02 17:10:31.208 32292 32308 E GeckoLibLoad: Load nss done
06-02 17:10:31.220 32292 32308 E GeckoLibLoad: Loaded libs in 11.084166ms total, 9ms(5ms) user, 0ms(3ms) system, 0(0) faults
06-02 17:10:31.220 32292 32308 W GeckoThread: zerdatime 111474081 - runGecko
06-02 17:10:31.221 31804 31804 W View    : requestLayout() improperly called by helium314.keyboard.latin.panels.BrowserPanelView{5ae2aec V.E...... ......I. 0,0-1440,2040} during layout: running second layout pass
06-02 17:10:31.230 31804 31804 W View    : requestLayout() improperly called by helium314.keyboard.latin.panels.BrowserPanelView{5ae2aec V.E...... ........ 0,0-1440,2040} during second layout pass: posting in next frame
06-02 17:10:31.238 31804 31804 W View    : requestLayout() improperly called by helium314.keyboard.latin.panels.BrowserPanelView{5ae2aec V.E...... ......I. 0,0-1440,2040} during layout: running second layout pass
06-02 17:10:31.246 31804 31804 W View    : requestLayout() improperly called by helium314.keyboard.latin.panels.BrowserPanelView{5ae2aec V.E...... ........ 0,0-1440,2040} during second layout pass: posting in next frame
06-02 17:10:31.254 31804 31804 W View    : requestLayout() improperly called by helium314.keyboard.latin.panels.BrowserPanelView{5ae2aec V.E...... ......I. 0,0-1440,2040} during layout: running second layout pass
06-02 17:10:31.263 31804 31804 W View    : requestLayout() improperly called by helium314.keyboard.latin.panels.BrowserPanelView{5ae2aec V.E...... ........ 0,0-1440,2040} during second layout pass: posting in next frame
06-02 17:10:31.270 31804 31804 W View    : requestLayout() improperly called by helium314.keyboard.latin.panels.BrowserPanelView{5ae2aec V.E...... ......I. 0,0-1440,2040} during layout: running second layout pass
06-02 17:10:31.278 31804 31804 W View    : requestLayout() improperly called by helium314.keyboard.latin.panels.BrowserPanelView{5ae2aec V.E...... ........ 0,0-1440,2040} during second layout pass: posting in next frame
06-02 17:10:31.287 31804 31804 W View    : requestLayout() improperly called by helium314.keyboard.latin.panels.BrowserPanelView{5ae2aec V.E...... ......I. 0,0-1440,2040} during layout: running second layout pass
06-02 17:10:31.293 31804 31804 W View    : requestLayout() improperly called by helium314.keyboard.latin.panels.BrowserPanelView{5ae2aec V.E...... ........ 0,0-1440,2040} during second layout pass: posting in next frame
06-02 17:10:31.304 31804 31804 W View    : requestLayout() improperly called by helium314.keyboard.latin.panels.BrowserPanelView{5ae2aec V.E...... ......I. 0,0-1440,2040} during layout: running second layout pass
06-02 17:10:31.313 31804 31804 W View    : requestLayout() improperly called by helium314.keyboard.latin.panels.BrowserPanelView{5ae2aec V.E...... ........ 0,0-1440,2040} during second layout pass: posting in next frame
06-02 17:10:31.319 31804 31804 W View    : requestLayout() improperly called by helium314.keyboard.latin.panels.BrowserPanelView{5ae2aec V.E...... ......I. 0,0-1440,2040} during layout: running second layout pass
06-02 17:10:31.323 31804 31804 W View    : requestLayout() improperly called by helium314.keyboard.latin.panels.BrowserPanelView{5ae2aec V.E...... ........ 0,0-1440,2040} during second layout pass: posting in next frame
06-02 17:10:31.337 31804 31804 W View    : requestLayout() improperly called by helium314.keyboard.latin.panels.BrowserPanelView{5ae2aec V.E...... ......I. 0,0-1440,2040} during layout: running second layout pass
06-02 17:10:31.341 31804 31804 W View    : requestLayout() improperly called by helium314.keyboard.latin.panels.BrowserPanelView{5ae2aec V.E...... ........ 0,0-1440,2040} during second layout pass: posting in next frame
06-02 17:10:31.353 31804 31804 W View    : requestLayout() improperly called by helium314.keyboard.latin.panels.BrowserPanelView{5ae2aec V.E...... ......I. 0,0-1440,2040} during layout: running second layout pass
06-02 17:10:31.358 31804 31804 W View    : requestLayout() improperly called by helium314.keyboard.latin.panels.BrowserPanelView{5ae2aec V.E...... ........ 0,0-1440,2040} during second layout pass: posting in next frame
06-02 17:10:31.371 31804 31804 W View    : requestLayout() improperly called by helium314.keyboard.latin.panels.BrowserPanelView{5ae2aec V.E...... ......I. 0,0-1440,2040} during layout: running second layout pass
06-02 17:10:31.383 31804 31804 W View    : requestLayout() improperly called by helium314.keyboard.latin.panels.BrowserPanelView{5ae2aec V.E...... .......D 0,0-1440,2040} during second layout pass: posting in next frame
06-02 17:10:31.389 31804 31804 W View    : requestLayout() improperly called by helium314.keyboard.latin.panels.BrowserPanelView{5ae2aec V.E...... ......ID 0,0-1440,2040} during layout: running second layout pass
06-02 17:10:31.399 31804 31804 W View    : requestLayout() improperly called by helium314.keyboard.latin.panels.BrowserPanelView{5ae2aec V.E...... ........ 0,0-1440,2040} during second layout pass: posting in next frame
06-02 17:10:31.406 31804 31804 W View    : requestLayout() improperly called by helium314.keyboard.latin.panels.BrowserPanelView{5ae2aec V.E...... ......ID 0,0-1440,2040} during layout: running second layout pass
06-02 17:10:31.415 31804 31804 W View    : requestLayout() improperly called by helium314.keyboard.latin.panels.BrowserPanelView{5ae2aec V.E...... ........ 0,0-1440,2040} during second layout pass: posting in next frame
06-02 17:10:31.406 31804 31804 W com.vibekey.keyboard: type=1400 audit(0.0:61717): avc: denied { nlmsg_readpriv } for comm=536F636B657420546872656164 scontext=u:r:untrusted_app:s0:c56,c271,c512,c768 tcontext=u:r:untrusted_app:s0:c56,c271,c512,c768 tclass=netlink_route_socket permissive=0 bug=b/155595000 app=com.vibekey.keyboard
06-02 17:10:31.419 31804 31804 W View    : requestLayout() improperly called by helium314.keyboard.latin.panels.BrowserPanelView{5ae2aec V.E...... ......ID 0,0-1440,2040} during layout: running second layout pass
06-02 17:10:31.428 31804 31804 W View    : requestLayout() improperly called by helium314.keyboard.latin.panels.BrowserPanelView{5ae2aec V.E...... ........ 0,0-1440,2040} during second layout pass: posting in next frame
06-02 17:10:31.438 31804 31804 W View    : requestLayout() improperly called by helium314.keyboard.latin.panels.BrowserPanelView{5ae2aec V.E...... ......ID 0,0-1440,2040} during layout: running second layout pass
06-02 17:10:31.445 31804 31804 W View    : requestLayout() improperly called by helium314.keyboard.latin.panels.BrowserPanelView{5ae2aec V.E...... ........ 0,0-1440,2040} during second layout pass: posting in next frame
06-02 17:10:31.454 31804 31804 W View    : requestLayout() improperly called by helium314.keyboard.latin.panels.BrowserPanelView{5ae2aec V.E...... ......ID 0,0-1440,2040} during layout: running second layout pass
06-02 17:10:31.458 31804 31804 W View    : requestLayout() improperly called by helium314.keyboard.latin.panels.BrowserPanelView{5ae2aec V.E...... ........ 0,0-1440,2040} during second layout pass: posting in next frame
06-02 17:10:31.470 31804 31804 W View    : requestLayout() improperly called by helium314.keyboard.latin.panels.BrowserPanelView{5ae2aec V.E...... ......ID 0,0-1440,2040} during layout: running second layout pass
06-02 17:10:31.475 31804 31804 W View    : requestLayout() improperly called by helium314.keyboard.latin.panels.BrowserPanelView{5ae2aec V.E...... ........ 0,0-1440,2040} during second layout pass: posting in next frame
06-02 17:10:31.487 31804 31804 W View    : requestLayout() improperly called by helium314.keyboard.latin.panels.BrowserPanelView{5ae2aec V.E...... ......ID 0,0-1440,2040} during layout: running second layout pass
06-02 17:10:31.491 31804 31804 W View    : requestLayout() improperly called by helium314.keyboard.latin.panels.BrowserPanelView{5ae2aec V.E...... ........ 0,0-1440,2040} during second layout pass: posting in next frame
06-02 17:10:31.499 32292 32308 W Isolated Web Content: [JavaScript Warning: "Layout was forced before the page was fully loaded. If stylesheets are not yet loaded this may cause a flash of unstyled content." {file: "https://www.rt.com/" line: 140}]
06-02 17:10:31.503 31804 31804 W View    : requestLayout() improperly called by helium314.keyboard.latin.panels.BrowserPanelView{5ae2aec V.E...... ......I. 0,0-1440,2040} during layout: running second layout pass
06-02 17:10:31.507 31804 31804 W View    : requestLayout() improperly called by helium314.keyboard.latin.panels.BrowserPanelView{5ae2aec V.E...... ........ 0,0-1440,2040} during second layout pass: posting in next frame
06-02 17:10:31.520 31804 31804 W View    : requestLayout() improperly called by helium314.keyboard.latin.panels.BrowserPanelView{5ae2aec V.E...... ......I. 0,0-1440,2040} during layout: running second layout pass
06-02 17:10:31.524 31804 31804 W View    : requestLayout() improperly called by helium314.keyboard.latin.panels.BrowserPanelView{5ae2aec V.E...... ........ 0,0-1440,2040} during second layout pass: posting in next frame
06-02 17:10:31.537 31804 31804 W View    : requestLayout() improperly called by helium314.keyboard.latin.panels.BrowserPanelView{5ae2aec V.E...... ......I. 0,0-1440,2040} during layout: running second layout pass
06-02 17:10:31.546 31804 31804 W View    : requestLayout() improperly called by helium314.keyboard.latin.panels.BrowserPanelView{5ae2aec V.E...... ........ 0,0-1440,2040} during second layout pass: posting in next frame
06-02 17:10:31.555 31804 31804 W View    : requestLayout() improperly called by helium314.keyboard.latin.panels.BrowserPanelView{5ae2aec V.E...... ......I. 0,0-1440,2040} during layout: running second layout pass
06-02 17:10:31.566 31804 31804 W View    : requestLayout() improperly called by helium314.keyboard.latin.panels.BrowserPanelView{5ae2aec V.E...... ........ 0,0-1440,2040} during second layout pass: posting in next frame
06-02 17:10:31.570 31804 31804 W View    : requestLayout() improperly called by helium314.keyboard.latin.panels.BrowserPanelView{5ae2aec V.E...... ......I. 0,0-1440,2040} during layout: running second layout pass
06-02 17:10:31.575 31804 31804 W View    : requestLayout() improperly called by helium314.keyboard.latin.panels.BrowserPanelView{5ae2aec V.E...... ........ 0,0-1440,2040} during second layout pass: posting in next frame
06-02 17:10:31.587 31804 31804 W View    : requestLayout() improperly called by helium314.keyboard.latin.panels.BrowserPanelView{5ae2aec V.E...... ......I. 0,0-1440,2040} during layout: running second layout pass
06-02 17:10:31.591 31804 31804 W View    : requestLayout() improperly called by helium314.keyboard.latin.panels.BrowserPanelView{5ae2aec V.E...... .......D 0,0-1440,2040} during second layout pass: posting in next frame
06-02 17:10:31.576 31804 31804 W com.vibekey.keyboard: type=1400 audit(0.0:61718): avc: denied { nlmsg_readpriv } for comm=536F636B657420546872656164 scontext=u:r:untrusted_app:s0:c56,c271,c512,c768 tcontext=u:r:untrusted_app:s0:c56,c271,c512,c768 tclass=netlink_route_socket permissive=0 bug=b/155595000 app=com.vibekey.keyboard
06-02 17:10:31.604 31804 31804 W View    : requestLayout() improperly called by helium314.keyboard.latin.panels.BrowserPanelView{5ae2aec V.E...... ......ID 0,0-1440,2040} during layout: running second layout pass
06-02 17:10:31.609 31804 31804 W View    : requestLayout() improperly called by helium314.keyboard.latin.panels.BrowserPanelView{5ae2aec V.E...... ........ 0,0-1440,2040} during second layout pass: posting in next frame
06-02 17:10:31.614 32292 32308 W AudioCapabilities: Unsupported mime audio/ffmpeg
06-02 17:10:31.615 32292 32308 W VideoCapabilities: Unsupported mime video/ffmpeg
06-02 17:10:31.618 32292 32308 W VideoCapabilities: Unrecognized profile/level 0/3 for video/mpeg2
06-02 17:10:31.618 32292 32308 W VideoCapabilities: Unrecognized profile/level 0/3 for video/mpeg2
06-02 17:10:31.621 31804 31804 W View    : requestLayout() improperly called by helium314.keyboard.latin.panels.BrowserPanelView{5ae2aec V.E...... ......I. 0,0-1440,2040} during layout: running second layout pass
06-02 17:10:31.624 31804 31804 W View    : requestLayout() improperly called by helium314.keyboard.latin.panels.BrowserPanelView{5ae2aec V.E...... ........ 0,0-1440,2040} during second layout pass: posting in next frame
06-02 17:10:31.638 31804 31804 W View    : requestLayout() improperly called by helium314.keyboard.latin.panels.BrowserPanelView{5ae2aec V.E...... ......I. 0,0-1440,2040} during layout: running second layout pass
06-02 17:10:31.648 31804 31804 W View    : requestLayout() improperly called by helium314.keyboard.latin.panels.BrowserPanelView{5ae2aec V.E...... ........ 0,0-1440,2040} during second layout pass: posting in next frame
06-02 17:10:31.657 31804 31804 W View    : requestLayout() improperly called by helium314.keyboard.latin.panels.BrowserPanelView{5ae2aec V.E...... ......I. 0,0-1440,2040} during layout: running second layout pass
06-02 17:10:31.666 31804 31804 W View    : requestLayout() improperly called by helium314.keyboard.latin.panels.BrowserPanelView{5ae2aec V.E...... ........ 0,0-1440,2040} during second layout pass: posting in next frame
06-02 17:10:31.671 31804 31804 W View    : requestLayout() improperly called by helium314.keyboard.latin.panels.BrowserPanelView{5ae2aec V.E...... ......I. 0,0-1440,2040} during layout: running second layout pass
06-02 17:10:31.675 31804 31804 W View    : requestLayout() improperly called by helium314.keyboard.latin.panels.BrowserPanelView{5ae2aec V.E...... ........ 0,0-1440,2040} during second layout pass: posting in next frame
06-02 17:10:31.689 31804 31804 W View    : requestLayout() improperly called by helium314.keyboard.latin.panels.BrowserPanelView{5ae2aec V.E...... ......I. 0,0-1440,2040} during layout: running second layout pass
06-02 17:10:31.698 31804 31804 W View    : requestLayout() improperly called by helium314.keyboard.latin.panels.BrowserPanelView{5ae2aec V.E...... ........ 0,0-1440,2040} during second layout pass: posting in next frame
06-02 17:10:31.704 31804 31804 W View    : requestLayout() improperly called by helium314.keyboard.latin.panels.BrowserPanelView{5ae2aec V.E...... ......I. 0,0-1440,2040} during layout: running second layout pass
06-02 17:10:31.715 31804 31804 W View    : requestLayout() improperly called by helium314.keyboard.latin.panels.BrowserPanelView{5ae2aec V.E...... ........ 0,0-1440,2040} during second layout pass: posting in next frame
06-02 17:10:31.706 31804 31804 W com.vibekey.keyboard: type=1400 audit(0.0:61719): avc: denied { nlmsg_readpriv } for comm=536F636B657420546872656164 scontext=u:r:untrusted_app:s0:c56,c271,c512,c768 tcontext=u:r:untrusted_app:s0:c56,c271,c512,c768 tclass=netlink_route_socket permissive=0 bug=b/155595000 app=com.vibekey.keyboard
06-02 17:10:31.722 31804 31804 W View    : requestLayout() improperly called by helium314.keyboard.latin.panels.BrowserPanelView{5ae2aec V.E...... ......I. 0,0-1440,2040} during layout: running second layout pass
06-02 17:10:31.728 31804 31804 W View    : requestLayout() improperly called by helium314.keyboard.latin.panels.BrowserPanelView{5ae2aec V.E...... ........ 0,0-1440,2040} during second layout pass: posting in next frame
06-02 17:10:31.738 31804 31804 W View    : requestLayout() improperly called by helium314.keyboard.latin.panels.BrowserPanelView{5ae2aec V.E...... ......I. 0,0-1440,2040} during layout: running second layout pass
06-02 17:10:31.742 31804 31804 W View    : requestLayout() improperly called by helium314.keyboard.latin.panels.BrowserPanelView{5ae2aec V.E...... ........ 0,0-1440,2040} during second layout pass: posting in next frame
06-02 17:10:31.754 31804 31804 W View    : requestLayout() improperly called by helium314.keyboard.latin.panels.BrowserPanelView{5ae2aec V.E...... ......I. 0,0-1440,2040} during layout: running second layout pass
06-02 17:10:31.762 31804 31804 W View    : requestLayout() improperly called by helium314.keyboard.latin.panels.BrowserPanelView{5ae2aec V.E...... ........ 0,0-1440,2040} during second layout pass: posting in next frame
06-02 17:10:31.773 31804 31804 W View    : requestLayout() improperly called by helium314.keyboard.latin.panels.BrowserPanelView{5ae2aec V.E...... ......I. 0,0-1440,2040} during layout: running second layout pass
06-02 17:10:31.785 31804 31804 W View    : requestLayout() improperly called by helium314.keyboard.latin.panels.BrowserPanelView{5ae2aec V.E...... ........ 0,0-1440,2040} during second layout pass: posting in next frame
06-02 17:10:31.787 31804 31804 W View    : requestLayout() improperly called by helium314.keyboard.latin.panels.BrowserPanelView{5ae2aec V.E...... ......I. 0,0-1440,2040} during layout: running second layout pass
06-02 17:10:31.792 31804 31804 W View    : requestLayout() improperly called by helium314.keyboard.latin.panels.BrowserPanelView{5ae2aec V.E...... ........ 0,0-1440,2040} during second layout pass: posting in next frame
06-02 17:10:31.806 31804 31804 W View    : requestLayout() improperly called by helium314.keyboard.latin.panels.BrowserPanelView{5ae2aec V.E...... ......I. 0,0-1440,2040} during layout: running second layout pass
06-02 17:10:31.815 31804 31804 W View    : requestLayout() improperly called by helium314.keyboard.latin.panels.BrowserPanelView{5ae2aec V.E...... ........ 0,0-1440,2040} during second layout pass: posting in next frame
06-02 17:10:31.821 31804 31804 W View    : requestLayout() improperly called by helium314.keyboard.latin.panels.BrowserPanelView{5ae2aec V.E...... ......I. 0,0-1440,2040} during layout: running second layout pass
06-02 17:10:31.825 31804 31804 W View    : requestLayout() improperly called by helium314.keyboard.latin.panels.BrowserPanelView{5ae2aec V.E...... ........ 0,0-1440,2040} during second layout pass: posting in next frame
06-02 17:10:31.838 31804 31804 W View    : requestLayout() improperly called by helium314.keyboard.latin.panels.BrowserPanelView{5ae2aec V.E...... ......I. 0,0-1440,2040} during layout: running second layout pass
06-02 17:10:31.842 31804 31804 W View    : requestLayout() improperly called by helium314.keyboard.latin.panels.BrowserPanelView{5ae2aec V.E...... ........ 0,0-1440,2040} during second layout pass: posting in next frame
06-02 17:10:31.855 31804 31804 W View    : requestLayout() improperly called by helium314.keyboard.latin.panels.BrowserPanelView{5ae2aec V.E...... ......I. 0,0-1440,2040} during layout: running second layout pass
06-02 17:10:31.860 31804 31804 W View    : requestLayout() improperly called by helium314.keyboard.latin.panels.BrowserPanelView{5ae2aec V.E...... ........ 0,0-1440,2040} during second layout pass: posting in next frame
06-02 17:10:31.872 31804 31804 W View    : requestLayout() improperly called by helium314.keyboard.latin.panels.BrowserPanelView{5ae2aec V.E...... ......I. 0,0-1440,2040} during layout: running second layout pass
06-02 17:10:31.879 31804 31804 W View    : requestLayout() improperly called by helium314.keyboard.latin.panels.BrowserPanelView{5ae2aec V.E...... ........ 0,0-1440,2040} during second layout pass: posting in next frame
06-02 17:10:31.887 31804 31804 W View    : requestLayout() improperly called by helium314.keyboard.latin.panels.BrowserPanelView{5ae2aec V.E...... ......ID 0,0-1440,2040} during layout: running second layout pass
06-02 17:10:31.892 31804 31804 W View    : requestLayout() improperly called by helium314.keyboard.latin.panels.BrowserPanelView{5ae2aec V.E...... ......ID 0,0-1440,2040} during second layout pass: posting in next frame
06-02 17:10:31.914 31804 32087 E BLASTBufferQueue: BLASTBufferItemConsumer::onDisconnect()
06-02 17:10:31.916 31804 31804 W View    : requestLayout() improperly called by helium314.keyboard.latin.panels.BrowserPanelView{5ae2aec V.E...... ......ID 0,0-1440,2040} during layout: running second layout pass
06-02 17:10:31.920 31804 31804 W View    : requestLayout() improperly called by helium314.keyboard.latin.panels.BrowserPanelView{5ae2aec V.E...... ........ 0,0-1440,2040} during second layout pass: posting in next frame
06-02 17:10:31.923 31804 31804 W View    : requestLayout() improperly called by helium314.keyboard.latin.panels.BrowserPanelView{5ae2aec V.E...... ......I. 0,0-1440,2040} during layout: running second layout pass
06-02 17:10:31.933 31804 31804 W View    : requestLayout() improperly called by helium314.keyboard.latin.panels.BrowserPanelView{5ae2aec V.E...... ........ 0,0-1440,2040} during second layout pass: posting in next frame
06-02 17:10:31.937 31804 31804 W View    : requestLayout() improperly called by helium314.keyboard.latin.panels.BrowserPanelView{5ae2aec V.E...... ......I. 0,0-1440,2040} during layout: running second layout pass
06-02 17:10:31.941 31804 31804 W View    : requestLayout() improperly called by helium314.keyboard.latin.panels.BrowserPanelView{5ae2aec V.E...... ........ 0,0-1440,2040} during second layout pass: posting in next frame
06-02 17:10:31.956 31804 31804 W View    : requestLayout() improperly called by helium314.keyboard.latin.panels.BrowserPanelView{5ae2aec V.E...... ......I. 0,0-1440,2040} during layout: running second layout pass
06-02 17:10:31.968 31804 31804 W View    : requestLayout() improperly called by helium314.keyboard.latin.panels.BrowserPanelView{5ae2aec V.E...... ........ 0,0-1440,2040} during second layout pass: posting in next frame
06-02 17:10:31.973 31804 31804 W View    : requestLayout() improperly called by helium314.keyboard.latin.panels.BrowserPanelView{5ae2aec V.E...... ......I. 0,0-1440,2040} during layout: running second layout pass
06-02 17:10:31.980 31804 31804 W View    : requestLayout() improperly called by helium314.keyboard.latin.panels.BrowserPanelView{5ae2aec V.E...... ........ 0,0-1440,2040} during second layout pass: posting in next frame
06-02 17:10:31.992 31804 31804 W View    : requestLayout() improperly called by helium314.keyboard.latin.panels.BrowserPanelView{5ae2aec V.E...... ......I. 0,0-1440,2040} during layout: running second layout pass
06-02 17:10:31.999 31804 31804 W View    : requestLayout() improperly called by helium314.keyboard.latin.panels.BrowserPanelView{5ae2aec V.E...... ........ 0,0-1440,2040} during second layout pass: posting in next frame
06-02 17:10:32.006 31804 31804 W View    : requestLayout() improperly called by helium314.keyboard.latin.panels.BrowserPanelView{5ae2aec V.E...... ......I. 0,0-1440,2040} during layout: running second layout pass
06-02 17:10:32.010 31804 31804 W View    : requestLayout() improperly called by helium314.keyboard.latin.panels.BrowserPanelView{5ae2aec V.E...... ........ 0,0-1440,2040} during second layout pass: posting in next frame
06-02 17:10:32.017 32292 32308 W Isolated Web Content: [JavaScript Warning: "InstallTrigger is deprecated and will be removed in the future." {file: "https://mc.yandex.ru/metrika/tag.js" line: 16}]
