=== VibeKey 4.1.241 (4341) ===

--------- beginning of system
06-08 12:34:59.224  8247  8247 E OplusCustomizeRestrictionManager: sInstance is null, start a new sInstance
06-08 12:35:22.666  8247  8880 E ActivityThread: Failed to find provider info for com.oplus.statistics.provider
06-08 12:35:22.666  8247  8880 E OplusStatistics--: IllegalArgumentException:java.lang.IllegalArgumentException: Unknown URL content://com.oplus.statistics.provider/track_event
06-08 12:36:35.233  8247  8880 E ActivityThread: Failed to find provider info for com.oplus.statistics.provider
06-08 12:36:35.233  8247  8880 E OplusStatistics--: IllegalArgumentException:java.lang.IllegalArgumentException: Unknown URL content://com.oplus.statistics.provider/track_event
06-08 12:38:30.819  8247  8880 E ActivityThread: Failed to find provider info for com.oplus.statistics.provider
06-08 12:38:30.820  8247  8880 E OplusStatistics--: IllegalArgumentException:java.lang.IllegalArgumentException: Unknown URL content://com.oplus.statistics.provider/track_event
--------- beginning of main
06-08 12:40:28.488  8247  8247 W GeckoEventDispatcher: No listener for GeckoView:DismissClipboardPermissionRequest
06-08 12:40:28.488  8247  8247 W GeckoEventDispatcher: No listener for GeckoView:DismissClipboardPermissionRequest
06-08 12:40:30.876  8247  8247 I VkTyping: ○ hidden
06-08 12:40:31.672  8247  8247 I VkTyping: ▶ open restart=false pkg=com.android.launcher inputType=589825
06-08 12:40:32.644  8247  8247 I SpaceAssistPopup: ○ send ready=false outChars=0
06-08 12:40:32.645  8247  8247 I VkPanels: ▶ open browser
06-08 12:40:32.652  8247  8247 I VkBrowser: ▶ panel open incognito=false tabs=5 queryLen=0
06-08 12:40:32.656  8247  8247 E GeckoView: Failed to attach WindowInsetsListener: 
06-08 12:40:32.656  8247  8247 E GeckoView: java.lang.NullPointerException: Attempt to invoke virtual method 'android.view.Window android.app.Activity.getWindow()' on a null object reference
06-08 12:40:32.656  8247  8247 E GeckoView: 	at org.mozilla.geckoview.GeckoView.attachWindowInsetsListener(r8-map-id-1c2a1b0b5c5d694734b02d5008e11e7a5e39ee75a1efe2eb5ba0b076bbc00248:1)
06-08 12:40:32.656  8247  8247 E GeckoView: 	at org.mozilla.geckoview.GeckoView.onAttachedToWindow(r8-map-id-1c2a1b0b5c5d694734b02d5008e11e7a5e39ee75a1efe2eb5ba0b076bbc00248:49)
06-08 12:40:32.656  8247  8247 E GeckoView: 	at android.view.View.dispatchAttachedToWindow(View.java:20900)
06-08 12:40:32.656  8247  8247 E GeckoView: 	at android.view.ViewGroup.dispatchAttachedToWindow(ViewGroup.java:3539)
06-08 12:40:32.656  8247  8247 E GeckoView: 	at android.view.ViewGroup.addViewInner(ViewGroup.java:5378)
06-08 12:40:32.656  8247  8247 E GeckoView: 	at android.view.ViewGroup.addView(ViewGroup.java:5156)
06-08 12:40:32.656  8247  8247 E GeckoView: 	at helium314.keyboard.latin.panels.BrowserPanelView.Y(r8-map-id-1c2a1b0b5c5d694734b02d5008e11e7a5e39ee75a1efe2eb5ba0b076bbc00248:134)
06-08 12:40:32.656  8247  8247 E GeckoView: 	at helium314.keyboard.latin.panels.BrowserPanelView.F0(r8-map-id-1c2a1b0b5c5d694734b02d5008e11e7a5e39ee75a1efe2eb5ba0b076bbc00248:173)
06-08 12:40:32.656  8247  8247 E GeckoView: 	at c5.s.run(r8-map-id-1c2a1b0b5c5d694734b02d5008e11e7a5e39ee75a1efe2eb5ba0b076bbc00248:622)
06-08 12:40:32.656  8247  8247 E GeckoView: 	at i7.y.onGlobalLayout(r8-map-id-1c2a1b0b5c5d694734b02d5008e11e7a5e39ee75a1efe2eb5ba0b076bbc00248:8)
06-08 12:40:32.656  8247  8247 E GeckoView: 	at android.view.ViewTreeObserver.dispatchOnGlobalLayout(ViewTreeObserver.java:1061)
06-08 12:40:32.656  8247  8247 E GeckoView: 	at android.view.ViewRootImpl.performTraversals(ViewRootImpl.java:3407)
06-08 12:40:32.656  8247  8247 E GeckoView: 	at android.view.ViewRootImpl.doTraversal(ViewRootImpl.java:2305)
06-08 12:40:32.656  8247  8247 E GeckoView: 	at android.view.ViewRootImpl$TraversalRunnable.run(ViewRootImpl.java:9133)
06-08 12:40:32.656  8247  8247 E GeckoView: 	at android.view.Choreographer$CallbackRecord.run(Choreographer.java:1232)
06-08 12:40:32.656  8247  8247 E GeckoView: 	at android.view.Choreographer.doCallbacks(Choreographer.java:1029)
06-08 12:40:32.656  8247  8247 E GeckoView: 	at android.view.Choreographer.doFrame(Choreographer.java:934)
06-08 12:40:32.656  8247  8247 E GeckoView: 	at android.view.Choreographer$FrameDisplayEventReceiver.run(Choreographer.java:1217)
06-08 12:40:32.656  8247  8247 E GeckoView: 	at android.os.Handler.handleCallback(Handler.java:938)
06-08 12:40:32.656  8247  8247 E GeckoView: 	at android.os.Handler.dispatchMessage(Handler.java:99)
06-08 12:40:32.656  8247  8247 E GeckoView: 	at android.os.Looper.loopOnce(Looper.java:233)
06-08 12:40:32.656  8247  8247 E GeckoView: 	at android.os.Looper.loop(Looper.java:344)
06-08 12:40:32.656  8247  8247 E GeckoView: 	at android.app.ActivityThread.main(ActivityThread.java:8212)
06-08 12:40:32.656  8247  8247 E GeckoView: 	at java.lang.reflect.Method.invoke(Native Method)
06-08 12:40:32.656  8247  8247 E GeckoView: 	at com.android.internal.os.RuntimeInit$MethodAndArgsCaller.run(RuntimeInit.java:584)
06-08 12:40:32.656  8247  8247 E GeckoView: 	at com.android.internal.os.ZygoteInit.main(ZygoteInit.java:1034)
06-08 12:40:32.663  9596  9627 W libEGL  : EGLNativeWindowType 0xb4000075c464f010 disconnect failed
06-08 12:40:32.695  9596  9627 W libEGL  : EGLNativeWindowType 0xb40000752fa56810 disconnect failed
06-08 12:40:33.092  8298  8322 I OnDeviceAssist: warm ok model=qwen2.5-0.5b-instruct-q4_0.gguf ambient=40 chars 504ms
06-08 12:40:35.196 18105 18130 W GeckoEditableChild: No editable parent
06-08 12:40:35.197 18105 18130 W Isolated Web Content: [JavaScript Warning: "Missing resource in locale pt-BR: netwerk/necko.ftl"]
06-08 12:40:35.197 18105 18130 W Isolated Web Content: [JavaScript Warning: "Missing resource in locale pt-PT: netwerk/necko.ftl"]
06-08 12:40:35.296 18105 18130 E Isolated Web Content: [JavaScript Error: "Cookie “__cheq_tld_1780936835296” has been rejected for invalid domain." {file: "https://www.espn.com/" line: 0}]
06-08 12:40:35.352  8247  8690 E BLASTBufferQueue: BLASTBufferItemConsumer::onDisconnect()
06-08 12:40:35.400 18105 18130 W AudioCapabilities: Unsupported mime audio/ffmpeg
06-08 12:40:35.400 18105 18130 W VideoCapabilities: Unsupported mime video/ffmpeg
06-08 12:40:35.401 18105 18130 W VideoCapabilities: Unrecognized profile/level 0/3 for video/mpeg2
06-08 12:40:35.401 18105 18130 W VideoCapabilities: Unrecognized profile/level 0/3 for video/mpeg2
06-08 12:40:35.434  8247  8247 W com.vibekey.keyboard: type=1400 audit(0.0:267333): avc: denied { nlmsg_readpriv } for comm=536F636B657420546872656164 scontext=u:r:untrusted_app:s0:c166,c271,c512,c768 tcontext=u:r:untrusted_app:s0:c166,c271,c512,c768 tclass=netlink_route_socket permissive=0 bug=b/155595000 app=com.vibekey.keyboard
06-08 12:40:35.554  8247  8247 W com.vibekey.keyboard: type=1400 audit(0.0:267334): avc: denied { nlmsg_readpriv } for comm=536F636B657420546872656164 scontext=u:r:untrusted_app:s0:c166,c271,c512,c768 tcontext=u:r:untrusted_app:s0:c166,c271,c512,c768 tclass=netlink_route_socket permissive=0 bug=b/155595000 app=com.vibekey.keyboard
06-08 12:40:35.585  8247 14241 E BLASTBufferQueue: BLASTBufferItemConsumer::onDisconnect()
06-08 12:40:36.050  8247  8247 I VkBrowser: ✓ page host=www.espn.com title=ESPN - Serving Sports Fans. Anytime. Any…
06-08 12:40:36.252 18388 18388 E y.keyboard:tab: Unknown bits set in runtime_flags: 0x40000000
06-08 12:40:36.308 18388 18410 E GeckoLibLoad: Load sqlite start
06-08 12:40:36.309 18388 18410 E GeckoLibLoad: Load sqlite done
06-08 12:40:36.309 18388 18410 E GeckoLibLoad: Load nss start
06-08 12:40:36.309 18388 18410 E GeckoLibLoad: Load nss done
06-08 12:40:36.326 18388 18410 E GeckoLibLoad: Loaded libs in 16.396459ms total, 0ms(0ms) user, 7ms(9ms) system, 0(0) faults
06-08 12:40:36.326 18388 18410 W GeckoThread: zerdatime 613679187 - runGecko
06-08 12:40:37.027 18454 18454 E .keyboard:tab3: Unknown bits set in runtime_flags: 0x40000000
06-08 12:40:37.102 18454 18476 E GeckoLibLoad: Load sqlite start
06-08 12:40:37.103 18454 18476 E GeckoLibLoad: Load sqlite done
06-08 12:40:37.103 18454 18476 E GeckoLibLoad: Load nss start
06-08 12:40:37.103 18454 18476 E GeckoLibLoad: Load nss done
06-08 12:40:37.115 18454 18476 E GeckoLibLoad: Loaded libs in 12.054167ms total, 10ms(3ms) user, 0ms(6ms) system, 0(0) faults
06-08 12:40:37.115 18454 18476 W GeckoThread: zerdatime 613679976 - runGecko
06-08 12:40:37.175  8247 14241 E BLASTBufferQueue: BLASTBufferItemConsumer::onDisconnect()
06-08 12:40:37.229 18454 18476 W GeckoEditableChild: No editable parent
06-08 12:40:37.346 18454 18476 W AudioCapabilities: Unsupported mime audio/ffmpeg
06-08 12:40:37.346 18454 18476 W VideoCapabilities: Unsupported mime video/ffmpeg
06-08 12:40:37.346 18454 18476 W VideoCapabilities: Unrecognized profile/level 0/3 for video/mpeg2
06-08 12:40:37.346 18454 18476 W VideoCapabilities: Unrecognized profile/level 0/3 for video/mpeg2
06-08 12:40:37.533  8247  8884 E BLASTBufferQueue: BLASTBufferItemConsumer::onDisconnect()
06-08 12:40:37.583 18454 18557 E .keyboard:tab3: ofbOpen failed with error=No such file or directory
06-08 12:40:37.583 18454 18557 E .keyboard:tab3: sysOpen failed with error=No such file or directory
06-08 12:40:37.610  9969  9987 W libc    : Access denied finding property "vendor.oplus.media.vpp.stutter"
06-08 12:40:37.632  9969 18564 W Codec2Client: query -- param skipped: index = 1107298332.
06-08 12:40:37.634  9969 18564 W Codec2Client: query -- param skipped: index = 1342179345.
06-08 12:40:37.634  9969 18564 W Codec2Client: query -- param skipped: index = 2415921170.
06-08 12:40:37.634  9969 18564 W Codec2Client: query -- param skipped: index = 1610614798.
06-08 12:40:37.642  9969  9987 W libc    : Access denied finding property "vendor.oplus.media.vpp.stutter"
06-08 12:40:37.657  9969 18570 W Codec2Client: query -- param skipped: index = 1107298332.
06-08 12:40:37.658  9969 18570 W Codec2Client: query -- param skipped: index = 1342179345.
06-08 12:40:37.658  9969 18570 W Codec2Client: query -- param skipped: index = 2415921170.
06-08 12:40:37.658  9969 18570 W Codec2Client: query -- param skipped: index = 1610614798.
06-08 12:40:37.666  9969 17115 W libc    : Access denied finding property "vendor.oplus.media.vpp.stutter"
06-08 12:40:37.666  9969 17115 E MULTIMEDIAConfig: [getInt32:L80] Not find config, Returning default
06-08 12:40:37.666  9969 17115 E MULTIMEDIAConfig: [getInt32:L80] Not find config, Returning default
06-08 12:40:37.667  9969 17115 E OplusACodec: [OplusACodec:204] mSrOsieMMListCheckResult:0x0 mOsieVersion:1
06-08 12:40:37.695  9969 18573 E OplusACodec: [GetVideoCodingTypeFromMime:L1162] mime:video/avc
06-08 12:40:37.719  9969  9987 W libc    : Access denied finding property "vendor.oplus.media.vpp.stutter"
06-08 12:40:37.737  9969 18578 W Codec2Client: query -- param skipped: index = 1107298332.
06-08 12:40:37.739  9969 18578 W Codec2Client: query -- param skipped: index = 1342179345.
06-08 12:40:37.739  9969 18578 W Codec2Client: query -- param skipped: index = 2415921170.
06-08 12:40:37.739  9969 18578 W Codec2Client: query -- param skipped: index = 1610614798.
06-08 12:40:37.745  9969  9987 W libc    : Access denied finding property "vendor.oplus.media.vpp.stutter"
06-08 12:40:37.745  9969  9987 E MULTIMEDIAConfig: [getInt32:L80] Not find config, Returning default
06-08 12:40:37.745  9969  9987 E MULTIMEDIAConfig: [getInt32:L80] Not find config, Returning default
06-08 12:40:37.745  9969  9987 E OplusACodec: [OplusACodec:204] mSrOsieMMListCheckResult:0x0 mOsieVersion:1
06-08 12:40:37.765  9969 18581 E OplusACodec: [GetVideoCodingTypeFromMime:L1162] mime:video/avc
06-08 12:40:37.789  9969 17115 W libc    : Access denied finding property "vendor.oplus.media.vpp.stutter"
06-08 12:40:37.789  9969 17115 E MULTIMEDIAConfig: [getInt32:L80] Not find config, Returning default
06-08 12:40:37.789  9969 17115 E MULTIMEDIAConfig: [getInt32:L80] Not find config, Returning default
06-08 12:40:37.789  9969 17115 E OplusACodec: [OplusACodec:204] mSrOsieMMListCheckResult:0x0 mOsieVersion:1
06-08 12:40:37.811  9969 18586 E OplusACodec: [GetVideoCodingTypeFromMime:L1162] mime:video/avc
06-08 12:40:37.838  9969 17115 W libc    : Access denied finding property "vendor.oplus.media.vpp.stutter"
06-08 12:40:37.839  9969 17115 E MULTIMEDIAConfig: [getInt32:L80] Not find config, Returning default
06-08 12:40:37.839  9969 17115 E MULTIMEDIAConfig: [getInt32:L80] Not find config, Returning default
06-08 12:40:37.839  9969 17115 E OplusACodec: [OplusACodec:204] mSrOsieMMListCheckResult:0x0 mOsieVersion:1
06-08 12:40:37.860  9969 18596 E OplusACodec: [GetVideoCodingTypeFromMime:L1162] mime:video/avc
06-08 12:40:37.862  9969 18578 W Codec2Client: query -- param skipped: index = 1342179345.
06-08 12:40:37.862  9969 18578 W Codec2Client: query -- param skipped: index = 2415921170.
06-08 12:40:37.862  9969 18578 W Codec2Client: query -- param skipped: index = 1610614798.
06-08 12:40:37.869  9969 18570 W Codec2Client: query -- param skipped: index = 1342179345.
06-08 12:40:37.869  9969 18570 W Codec2Client: query -- param skipped: index = 2415921170.
06-08 12:40:37.869  9969 18570 W Codec2Client: query -- param skipped: index = 1610614798.
06-08 12:40:37.898  9969 17115 W libc    : Access denied finding property "vendor.oplus.media.vpp.stutter"
06-08 12:40:37.909  9969 18600 W Codec2Client: query -- param skipped: index = 1107298332.
06-08 12:40:37.911  9969 18600 W Codec2Client: query -- param skipped: index = 1342179345.
06-08 12:40:37.912  9969 18600 W Codec2Client: query -- param skipped: index = 2415921170.
06-08 12:40:37.912  9969 18600 W Codec2Client: query -- param skipped: index = 1610614798.
06-08 12:40:37.944  9969 18564 W Codec2Client: query -- param skipped: index = 1342179345.
06-08 12:40:37.944  9969 18564 W Codec2Client: query -- param skipped: index = 2415921170.
06-08 12:40:37.944  9969 18564 W Codec2Client: query -- param skipped: index = 1610614798.
06-08 12:40:37.978 18605 18605 E .keyboard:tab1: Unknown bits set in runtime_flags: 0x40000000
06-08 12:40:37.996  9969 18600 W Codec2Client: query -- param skipped: index = 1342179345.
06-08 12:40:37.996  9969 18600 W Codec2Client: query -- param skipped: index = 2415921170.
06-08 12:40:37.996  9969 18600 W Codec2Client: query -- param skipped: index = 1610614798.
06-08 12:40:38.052 18605 18624 E GeckoLibLoad: Load sqlite start
06-08 12:40:38.053 18605 18624 E GeckoLibLoad: Load sqlite done
06-08 12:40:38.053 18605 18624 E GeckoLibLoad: Load nss start
06-08 12:40:38.053 18605 18624 E GeckoLibLoad: Load nss done
06-08 12:40:38.063 18605 18624 E GeckoLibLoad: Loaded libs in 10.110573ms total, 2ms(4ms) user, 6ms(5ms) system, 0(0) faults
06-08 12:40:38.063 18605 18624 W GeckoThread: zerdatime 613680924 - runGecko
06-08 12:40:38.148 18605 18624 W GeckoEditableChild: No editable parent
06-08 12:40:38.242  8247  8575 E GeckoConsole: [JavaScript Error: "TypeError: can't access property "WindowEventDispatcher", win is null" {file: "resource://gre/modules/GeckoViewSessionStore.sys.mjs" line: 149}]
06-08 12:40:38.242  8247  8575 E GeckoConsole: onTabStateUpdate@resource://gre/modules/GeckoViewSessionStore.sys.mjs:149:5
06-08 12:40:38.242  8247  8575 E GeckoConsole: updateSessionStoreFromTabListener@resource://gre/modules/GeckoViewSessionStore.sys.mjs:243:10
06-08 12:40:38.296 18658 18658 E .keyboard:tab2: Unknown bits set in runtime_flags: 0x40000000
06-08 12:40:38.365 18658 18675 E GeckoLibLoad: Load sqlite start
06-08 12:40:38.368 18658 18675 E GeckoLibLoad: Load sqlite done
06-08 12:40:38.368 18658 18675 E GeckoLibLoad: Load nss start
06-08 12:40:38.368 18658 18675 E GeckoLibLoad: Load nss done
06-08 12:40:38.393 18658 18675 E GeckoLibLoad: Loaded libs in 24.285156ms total, 0ms(0ms) user, 23ms(23ms) system, 0(0) faults
06-08 12:40:38.393 18658 18675 W GeckoThread: zerdatime 613681254 - runGecko
06-08 12:40:38.837  8247  8247 I VkBrowser: ✓ page host=www.rt.com title=RT - Breaking News, Russia News, World N…
06-08 12:40:39.023 18720 18720 E .keyboard:tab3: Unknown bits set in runtime_flags: 0x40000000
06-08 12:40:39.032  8247 18208 E BLASTBufferQueue: BLASTBufferItemConsumer::onDisconnect()
06-08 12:40:39.043  9596  9627 W libEGL  : EGLNativeWindowType 0xb40000752fb06010 disconnect failed
06-08 12:40:39.044  9596  9627 W libEGL  : EGLNativeWindowType 0xb40000752fb01010 disconnect failed
06-08 12:40:39.044  9596  9627 W libEGL  : EGLNativeWindowType 0xb40000752fb03810 disconnect failed
06-08 12:40:39.069  9596  9627 W libEGL  : EGLNativeWindowType 0xb40000752fa43810 disconnect failed
06-08 12:40:39.117 18720 18739 E GeckoLibLoad: Load sqlite start
06-08 12:40:39.118 18720 18739 E GeckoLibLoad: Load sqlite done
06-08 12:40:39.119 18720 18739 E GeckoLibLoad: Load nss start
06-08 12:40:39.119 18720 18739 E GeckoLibLoad: Load nss done
06-08 12:40:39.129 18720 18739 E GeckoLibLoad: Loaded libs in 10.377136ms total, 3ms(10ms) user, 0ms(0ms) system, 0(0) faults
06-08 12:40:39.129 18720 18739 W GeckoThread: zerdatime 613681990 - runGecko
06-08 12:40:39.359 18658 18675 W AudioCapabilities: Unsupported mime audio/ffmpeg
06-08 12:40:39.359 18658 18675 W VideoCapabilities: Unsupported mime video/ffmpeg
06-08 12:40:39.360 18658 18675 W VideoCapabilities: Unrecognized profile/level 0/3 for video/mpeg2
06-08 12:40:39.360 18658 18675 W VideoCapabilities: Unrecognized profile/level 0/3 for video/mpeg2
06-08 12:40:40.090 18658 18778 E .keyboard:tab2: ofbOpen failed with error=No such file or directory
06-08 12:40:40.090 18658 18778 E .keyboard:tab2: sysOpen failed with error=No such file or directory
06-08 12:40:40.107  9969  9986 W libc    : Access denied finding property "vendor.oplus.media.vpp.stutter"
06-08 12:40:40.107  9969  9986 E MULTIMEDIAConfig: [getInt32:L80] Not find config, Returning default
06-08 12:40:40.107  9969  9986 E MULTIMEDIAConfig: [getInt32:L80] Not find config, Returning default
06-08 12:40:40.107  9969  9986 E OplusACodec: [OplusACodec:204] mSrOsieMMListCheckResult:0x0 mOsieVersion:1
06-08 12:40:40.126  9969 18781 E OplusACodec: [GetVideoCodingTypeFromMime:L1162] mime:video/avc
06-08 12:40:40.149  9969  9986 W libc    : Access denied finding property "vendor.oplus.media.vpp.stutter"
06-08 12:40:40.150  9969  9986 E MULTIMEDIAConfig: [getInt32:L80] Not find config, Returning default
06-08 12:40:40.150  9969  9986 E MULTIMEDIAConfig: [getInt32:L80] Not find config, Returning default
06-08 12:40:40.150  9969  9986 E OplusACodec: [OplusACodec:204] mSrOsieMMListCheckResult:0x0 mOsieVersion:1
06-08 12:40:40.166  9969 18786 E OplusACodec: [GetVideoCodingTypeFromMime:L1162] mime:video/avc
06-08 12:40:40.191  9969  9986 W libc    : Access denied finding property "vendor.oplus.media.vpp.stutter"
06-08 12:40:40.202  9969 18800 W Codec2Client: query -- param skipped: index = 1107298332.
06-08 12:40:40.206  9969 18800 W Codec2Client: query -- param skipped: index = 1342179345.
06-08 12:40:40.206  9969 18800 W Codec2Client: query -- param skipped: index = 2415921170.
06-08 12:40:40.206  9969 18800 W Codec2Client: query -- param skipped: index = 1610614798.
06-08 12:40:40.214  9969 12037 W libc    : Access denied finding property "vendor.oplus.media.vpp.stutter"
06-08 12:40:40.214  9969 12037 E MULTIMEDIAConfig: [getInt32:L80] Not find config, Returning default
06-08 12:40:40.214  9969 12037 E MULTIMEDIAConfig: [getInt32:L80] Not find config, Returning default
06-08 12:40:40.214  9969 12037 E OplusACodec: [OplusACodec:204] mSrOsieMMListCheckResult:0x0 mOsieVersion:1
06-08 12:40:40.230  9969 18804 E OplusACodec: [GetVideoCodingTypeFromMime:L1162] mime:video/avc
06-08 12:40:40.258  9969 17115 W libc    : Access denied finding property "vendor.oplus.media.vpp.stutter"
06-08 12:40:40.269  9969 18808 W Codec2Client: query -- param skipped: index = 1107298332.
06-08 12:40:40.271  9969 18808 W Codec2Client: query -- param skipped: index = 1342179345.
06-08 12:40:40.271  9969 18808 W Codec2Client: query -- param skipped: index = 2415921170.
06-08 12:40:40.271  9969 18808 W Codec2Client: query -- param skipped: index = 1610614798.
06-08 12:40:40.277  9969 12037 W libc    : Access denied finding property "vendor.oplus.media.vpp.stutter"
06-08 12:40:40.277  9969 12037 E MULTIMEDIAConfig: [getInt32:L80] Not find config, Returning default
06-08 12:40:40.277  9969 12037 E MULTIMEDIAConfig: [getInt32:L80] Not find config, Returning default
06-08 12:40:40.277  9969 12037 E OplusACodec: [OplusACodec:204] mSrOsieMMListCheckResult:0x0 mOsieVersion:1
06-08 12:40:40.309  9969 18811 E OplusACodec: [GetVideoCodingTypeFromMime:L1162] mime:video/avc
06-08 12:40:40.356  9969 12037 W libc    : Access denied finding property "vendor.oplus.media.vpp.stutter"
06-08 12:40:40.376  9969 18825 W Codec2Client: query -- param skipped: index = 1107298332.
06-08 12:40:40.378  9969 18825 W Codec2Client: query -- param skipped: index = 1342179345.
06-08 12:40:40.378  9969 18825 W Codec2Client: query -- param skipped: index = 2415921170.
06-08 12:40:40.378  9969 18825 W Codec2Client: query -- param skipped: index = 1610614798.
06-08 12:40:40.386  9969 17115 W libc    : Access denied finding property "vendor.oplus.media.vpp.stutter"
06-08 12:40:40.386  9969 17115 E MULTIMEDIAConfig: [getInt32:L80] Not find config, Returning default
06-08 12:40:40.386  9969 17115 E MULTIMEDIAConfig: [getInt32:L80] Not find config, Returning default
06-08 12:40:40.386  9969 17115 E OplusACodec: [OplusACodec:204] mSrOsieMMListCheckResult:0x0 mOsieVersion:1
06-08 12:40:40.407  9969 18828 E OplusACodec: [GetVideoCodingTypeFromMime:L1162] mime:video/avc
06-08 12:40:40.726  9969 18800 W Codec2Client: query -- param skipped: index = 1342179345.
06-08 12:40:40.726  9969 18800 W Codec2Client: query -- param skipped: index = 2415921170.
06-08 12:40:40.726  9969 18800 W Codec2Client: query -- param skipped: index = 1610614798.
06-08 12:40:40.789  9969 18808 W Codec2Client: query -- param skipped: index = 1342179345.
06-08 12:40:40.789  9969 18808 W Codec2Client: query -- param skipped: index = 2415921170.
06-08 12:40:40.789  9969 18808 W Codec2Client: query -- param skipped: index = 1610614798.
06-08 12:40:40.838  9969 10040 W libc    : Access denied finding property "vendor.oplus.media.vpp.stutter"
06-08 12:40:40.838  9969 10040 E MULTIMEDIAConfig: [getInt32:L80] Not find config, Returning default
06-08 12:40:40.838  9969 10040 E MULTIMEDIAConfig: [getInt32:L80] Not find config, Returning default
06-08 12:40:40.838  9969 10040 E OplusACodec: [OplusACodec:204] mSrOsieMMListCheckResult:0x0 mOsieVersion:1
06-08 12:40:40.888  8247  8880 E ActivityThread: Failed to find provider info for com.oplus.statistics.provider
06-08 12:40:40.888  8247  8880 E OplusStatistics--: IllegalArgumentException:java.lang.IllegalArgumentException: Unknown URL content://com.oplus.statistics.provider/track_event
06-08 12:40:40.895  9969 18847 E OplusACodec: [GetVideoCodingTypeFromMime:L1162] mime:video/avc
06-08 12:40:41.045  9969 18825 W Codec2Client: query -- param skipped: index = 1342179345.
06-08 12:40:41.045  9969 18825 W Codec2Client: query -- param skipped: index = 2415921170.
06-08 12:40:41.045  9969 18825 W Codec2Client: query -- param skipped: index = 1610614798.
06-08 12:40:41.141  8247  8247 I VkBrowser: → load host=www.cnn.com
06-08 12:40:41.230  8247  8247 I VkBrowser: ✓ page host=www.cnn.com title=Breaking News, Latest News and Videos | …
06-08 12:40:41.376  8298  8298 W LlmEngineService: Severe memory pressure (15); evicting on-device LLM.
06-08 12:40:41.661 18874 18874 E .keyboard:tab1: Unknown bits set in runtime_flags: 0x40000000
06-08 12:40:41.721 18874 18891 E GeckoLibLoad: Load sqlite start
06-08 12:40:41.723 18874 18891 E GeckoLibLoad: Load sqlite done
06-08 12:40:41.724 18874 18891 E GeckoLibLoad: Load nss start
06-08 12:40:41.724 18874 18891 E GeckoLibLoad: Load nss done
06-08 12:40:41.745 18874 18891 E GeckoLibLoad: Loaded libs in 20.479375ms total, 15ms(18ms) user, 3ms(0ms) system, 0(0) faults
06-08 12:40:41.745 18874 18891 W GeckoThread: zerdatime 613684606 - runGecko
06-08 12:40:41.945  9969 12037 W libc    : Access denied finding property "vendor.oplus.media.vpp.stutter"
06-08 12:40:41.963  9969 18909 W Codec2Client: query -- param skipped: index = 1107298332.
06-08 12:40:41.965  9969 18909 W Codec2Client: query -- param skipped: index = 1342179345.
06-08 12:40:41.965  9969 18909 W Codec2Client: query -- param skipped: index = 2415921170.
06-08 12:40:41.965  9969 18909 W Codec2Client: query -- param skipped: index = 1610614798.
06-08 12:40:41.975  9969 12037 W libc    : Access denied finding property "vendor.oplus.media.vpp.stutter"
06-08 12:40:41.975  9969 12037 E MULTIMEDIAConfig: [getInt32:L80] Not find config, Returning default
06-08 12:40:41.975  9969 12037 E MULTIMEDIAConfig: [getInt32:L80] Not find config, Returning default
06-08 12:40:41.975  9969 12037 E OplusACodec: [OplusACodec:204] mSrOsieMMListCheckResult:0x0 mOsieVersion:1
06-08 12:40:41.996  9969 18912 E OplusACodec: [GetVideoCodingTypeFromMime:L1162] mime:video/avc
06-08 12:40:42.020  9969  9985 W libc    : Access denied finding property "vendor.oplus.media.vpp.stutter"
06-08 12:40:42.020  9969  9985 E MULTIMEDIAConfig: [getInt32:L80] Not find config, Returning default
06-08 12:40:42.020  9969  9985 E MULTIMEDIAConfig: [getInt32:L80] Not find config, Returning default
06-08 12:40:42.020  9969  9985 E OplusACodec: [OplusACodec:204] mSrOsieMMListCheckResult:0x0 mOsieVersion:1
06-08 12:40:42.038  9969 18917 E OplusACodec: [GetVideoCodingTypeFromMime:L1162] mime:video/avc
06-08 12:40:42.064  9969 12037 W libc    : Access denied finding property "vendor.oplus.media.vpp.stutter"
06-08 12:40:42.064  9969 12037 E MULTIMEDIAConfig: [getInt32:L80] Not find config, Returning default
06-08 12:40:42.064  9969 12037 E MULTIMEDIAConfig: [getInt32:L80] Not find config, Returning default
06-08 12:40:42.064  9969 12037 E OplusACodec: [OplusACodec:204] mSrOsieMMListCheckResult:0x0 mOsieVersion:1
06-08 12:40:42.078  9969 18923 E OplusACodec: [GetVideoCodingTypeFromMime:L1162] mime:video/avc
06-08 12:40:42.099  9969 12037 W libc    : Access denied finding property "vendor.oplus.media.vpp.stutter"
06-08 12:40:42.114  9969 18927 W Codec2Client: query -- param skipped: index = 1107298332.
06-08 12:40:42.115  9969 18927 W Codec2Client: query -- param skipped: index = 1342179345.
06-08 12:40:42.115  9969 18927 W Codec2Client: query -- param skipped: index = 2415921170.
06-08 12:40:42.115  9969 18927 W Codec2Client: query -- param skipped: index = 1610614798.
06-08 12:40:42.123  9969  9985 W libc    : Access denied finding property "vendor.oplus.media.vpp.stutter"
06-08 12:40:42.123  9969  9985 E MULTIMEDIAConfig: [getInt32:L80] Not find config, Returning default
06-08 12:40:42.123  9969  9985 E MULTIMEDIAConfig: [getInt32:L80] Not find config, Returning default
06-08 12:40:42.123  9969  9985 E OplusACodec: [OplusACodec:204] mSrOsieMMListCheckResult:0x0 mOsieVersion:1
06-08 12:40:42.155  9969 18930 E OplusACodec: [GetVideoCodingTypeFromMime:L1162] mime:video/avc
06-08 12:40:42.194  9969  9985 W libc    : Access denied finding property "vendor.oplus.media.vpp.stutter"
06-08 12:40:42.214  9969 18934 W Codec2Client: query -- param skipped: index = 1107298332.
06-08 12:40:42.215  9969 18934 W Codec2Client: query -- param skipped: index = 1342179345.
06-08 12:40:42.215  9969 18934 W Codec2Client: query -- param skipped: index = 2415921170.
06-08 12:40:42.215  9969 18934 W Codec2Client: query -- param skipped: index = 1610614798.
06-08 12:40:42.234  9969 17115 W libc    : Access denied finding property "vendor.oplus.media.vpp.stutter"
06-08 12:40:42.234  9969 17115 E MULTIMEDIAConfig: [getInt32:L80] Not find config, Returning default
06-08 12:40:42.234  9969 17115 E MULTIMEDIAConfig: [getInt32:L80] Not find config, Returning default
06-08 12:40:42.234  9969 17115 E OplusACodec: [OplusACodec:204] mSrOsieMMListCheckResult:0x0 mOsieVersion:1
06-08 12:40:42.270  9969 18939 E OplusACodec: [GetVideoCodingTypeFromMime:L1162] mime:video/avc
06-08 12:40:42.463  9969 18909 W Codec2Client: query -- param skipped: index = 1342179345.
06-08 12:40:42.463  9969 18909 W Codec2Client: query -- param skipped: index = 2415921170.
06-08 12:40:42.463  9969 18909 W Codec2Client: query -- param skipped: index = 1610614798.
06-08 12:40:42.591  9969  9985 W libc    : Access denied finding property "vendor.oplus.media.vpp.stutter"
06-08 12:40:42.591  9969  9985 E MULTIMEDIAConfig: [getInt32:L80] Not find config, Returning default
06-08 12:40:42.591  9969  9985 E MULTIMEDIAConfig: [getInt32:L80] Not find config, Returning default
06-08 12:40:42.591  9969  9985 E OplusACodec: [OplusACodec:204] mSrOsieMMListCheckResult:0x0 mOsieVersion:1
06-08 12:40:42.652  9969 18946 E OplusACodec: [GetVideoCodingTypeFromMime:L1162] mime:video/avc
06-08 12:40:42.866  9969 18927 W Codec2Client: query -- param skipped: index = 1342179345.
06-08 12:40:42.866  9969 18927 W Codec2Client: query -- param skipped: index = 2415921170.
06-08 12:40:42.866  9969 18927 W Codec2Client: query -- param skipped: index = 1610614798.
06-08 12:40:43.222  9969 18934 W Codec2Client: query -- param skipped: index = 1342179345.
06-08 12:40:43.222  9969 18934 W Codec2Client: query -- param skipped: index = 2415921170.
06-08 12:40:43.223  9969 18934 W Codec2Client: query -- param skipped: index = 1610614798.
06-08 12:40:43.433  8247 18208 E BLASTBufferQueue: BLASTBufferItemConsumer::onDisconnect()
06-08 12:40:43.677 18966 18966 E y.keyboard:tab: Unknown bits set in runtime_flags: 0x40000000
06-08 12:40:43.742 18966 18991 E GeckoLibLoad: Load sqlite start
06-08 12:40:43.743 18966 18991 E GeckoLibLoad: Load sqlite done
06-08 12:40:43.743 18966 18991 E GeckoLibLoad: Load nss start
06-08 12:40:43.743 18966 18991 E GeckoLibLoad: Load nss done
06-08 12:40:43.753 18966 18991 E GeckoLibLoad: Loaded libs in 9.989062ms total, 0ms(0ms) user, 9ms(9ms) system, 0(0) faults
06-08 12:40:43.753 18966 18991 W GeckoThread: zerdatime 613686614 - runGecko
06-08 12:40:44.382 19050 19050 E .keyboard:tab2: Unknown bits set in runtime_flags: 0x40000000
06-08 12:40:44.458 19050 19071 E GeckoLibLoad: Load sqlite start
06-08 12:40:44.459 19050 19071 E GeckoLibLoad: Load sqlite done
06-08 12:40:44.459 19050 19071 E GeckoLibLoad: Load nss start
06-08 12:40:44.459 19050 19071 E GeckoLibLoad: Load nss done
06-08 12:40:44.472 19050 19071 E GeckoLibLoad: Loaded libs in 12.101823ms total, 0ms(0ms) user, 11ms(10ms) system, 0(0) faults
06-08 12:40:44.472 19050 19071 W GeckoThread: zerdatime 613687333 - runGecko
06-08 12:40:44.651 19093 19093 E .keyboard:tab1: Unknown bits set in runtime_flags: 0x40000000
06-08 12:40:44.727 19093 19113 E GeckoLibLoad: Load sqlite start
06-08 12:40:44.728 19093 19113 E GeckoLibLoad: Load sqlite done
06-08 12:40:44.728 19093 19113 E GeckoLibLoad: Load nss start
06-08 12:40:44.728 19093 19113 E GeckoLibLoad: Load nss done
06-08 12:40:44.743 19093 19113 E GeckoLibLoad: Loaded libs in 14.846094ms total, 0ms(0ms) user, 9ms(10ms) system, 0(0) faults
06-08 12:40:44.743 19093 19113 W GeckoThread: zerdatime 613687604 - runGecko
06-08 12:40:44.803 19120 19120 E .keyboard:tab1: Unknown bits set in runtime_flags: 0x40000000
06-08 12:40:44.894 19120 19154 E GeckoLibLoad: Load sqlite start
06-08 12:40:44.894 19120 19154 E GeckoLibLoad: Load sqlite done
06-08 12:40:44.895 19120 19154 E GeckoLibLoad: Load nss start
06-08 12:40:44.895 19120 19154 E GeckoLibLoad: Load nss done
06-08 12:40:44.904 19120 19154 E GeckoLibLoad: Loaded libs in 9.086562ms total, 8ms(8ms) user, 0ms(0ms) system, 0(0) faults
06-08 12:40:44.904 19120 19154 W GeckoThread: zerdatime 613687765 - runGecko
06-08 12:40:45.742  9969 10156 W libc    : Access denied finding property "vendor.oplus.media.vpp.stutter"
06-08 12:40:45.742  9969 10156 E MULTIMEDIAConfig: [getInt32:L80] Not find config, Returning default
06-08 12:40:45.742  9969 10156 E MULTIMEDIAConfig: [getInt32:L80] Not find config, Returning default
06-08 12:40:45.742  9969 10156 E OplusACodec: [OplusACodec:204] mSrOsieMMListCheckResult:0x0 mOsieVersion:1
06-08 12:40:45.771  9969 19206 E OplusACodec: [GetVideoCodingTypeFromMime:L1162] mime:video/avc
06-08 12:40:46.293  8247 18208 E BLASTBufferQueue: BLASTBufferItemConsumer::onDisconnect()
06-08 12:40:46.335  8247  8247 E GeckoView: Failed to detach WindowInsetsListener: 
06-08 12:40:46.335  8247  8247 E GeckoView: 	at org.mozilla.geckoview.GeckoView.detachWindowInsetsListener(r8-map-id-1c2a1b0b5c5d694734b02d5008e11e7a5e39ee75a1efe2eb5ba0b076bbc00248:1)
06-08 12:40:46.335  8247  8247 E GeckoView: 	at org.mozilla.geckoview.GeckoView.onDetachedFromWindow(r8-map-id-1c2a1b0b5c5d694734b02d5008e11e7a5e39ee75a1efe2eb5ba0b076bbc00248:25)
06-08 12:40:46.335  8247  8247 E GeckoView: 	at helium314.keyboard.latin.panels.ImeGeckoView.onDetachedFromWindow(r8-map-id-1c2a1b0b5c5d694734b02d5008e11e7a5e39ee75a1efe2eb5ba0b076bbc00248:1)
06-08 12:40:46.335  8247  8247 E GeckoView: 	at android.view.View.dispatchDetachedFromWindow(View.java:20955)
06-08 12:40:46.335  8247  8247 E GeckoView: 	at android.view.ViewGroup.dispatchDetachedFromWindow(ViewGroup.java:4014)
06-08 12:40:46.335  8247  8247 E GeckoView: 	at android.view.ViewGroup.removeViewInternal(ViewGroup.java:5660)
06-08 12:40:46.335  8247  8247 E GeckoView: 	at android.view.ViewGroup.removeViewInternal(ViewGroup.java:5631)
06-08 12:40:46.335  8247  8247 E GeckoView: 	at android.view.ViewGroup.removeView(ViewGroup.java:5562)
06-08 12:40:46.335  8247  8247 E GeckoView: 	at a8.t0.run(r8-map-id-1c2a1b0b5c5d694734b02d5008e11e7a5e39ee75a1efe2eb5ba0b076bbc00248:1239)
06-08 12:40:46.335  8247  8247 E GeckoView: 	at android.os.Handler.handleCallback(Handler.java:938)
06-08 12:40:46.335  8247  8247 E GeckoView: 	at android.os.Handler.dispatchMessage(Handler.java:99)
06-08 12:40:46.335  8247  8247 E GeckoView: 	at android.os.Looper.loopOnce(Looper.java:233)
06-08 12:40:46.335  8247  8247 E GeckoView: 	at android.os.Looper.loop(Looper.java:344)
06-08 12:40:46.335  8247  8247 E GeckoView: 	at android.app.ActivityThread.main(ActivityThread.java:8212)
06-08 12:40:46.335  8247  8247 E GeckoView: 	at java.lang.reflect.Method.invoke(Native Method)
06-08 12:40:46.335  8247  8247 E GeckoView: 	at com.android.internal.os.RuntimeInit$MethodAndArgsCaller.run(RuntimeInit.java:584)
06-08 12:40:46.335  8247  8247 E GeckoView: 	at com.android.internal.os.ZygoteInit.main(ZygoteInit.java:1034)
06-08 12:40:46.488 19229 19229 E .keyboard:tab2: Unknown bits set in runtime_flags: 0x40000000
06-08 12:40:46.575 19229 19256 E GeckoLibLoad: Load sqlite start
06-08 12:40:46.576 19229 19256 E GeckoLibLoad: Load sqlite done
06-08 12:40:46.576 19229 19256 E GeckoLibLoad: Load nss start
06-08 12:40:46.576 19229 19256 E GeckoLibLoad: Load nss done
06-08 12:40:46.587 19229 19256 E GeckoLibLoad: Loaded libs in 10.858229ms total, 1ms(0ms) user, 9ms(9ms) system, 0(0) faults
06-08 12:40:46.587 19229 19256 W GeckoThread: zerdatime 613689448 - runGecko
06-08 12:40:46.612  9969  9985 W libc    : Access denied finding property "vendor.oplus.media.vpp.stutter"
06-08 12:40:46.613  9969  9985 E MULTIMEDIAConfig: [getInt32:L80] Not find config, Returning default
06-08 12:40:46.613  9969  9985 E MULTIMEDIAConfig: [getInt32:L80] Not find config, Returning default
06-08 12:40:46.613  9969  9985 E OplusACodec: [OplusACodec:204] mSrOsieMMListCheckResult:0x0 mOsieVersion:1
06-08 12:40:46.635  9969 19263 E OplusACodec: [GetVideoCodingTypeFromMime:L1162] mime:video/avc
06-08 12:40:47.083  8247  8247 I SpaceAssistPopup: ○ send ready=false outChars=0
06-08 12:40:47.083  8247  8247 I VkPanels: ▶ open menu
06-08 12:40:47.350 19306 19306 E .keyboard:tab3: Unknown bits set in runtime_flags: 0x40000000
06-08 12:40:47.411 19306 19324 E GeckoLibLoad: Load sqlite start
06-08 12:40:47.414 19306 19324 E GeckoLibLoad: Load sqlite done
06-08 12:40:47.414 19306 19324 E GeckoLibLoad: Load nss start
06-08 12:40:47.414 19306 19324 E GeckoLibLoad: Load nss done
06-08 12:40:47.436 19306 19324 E GeckoLibLoad: Loaded libs in 22.023698ms total, 1ms(1ms) user, 16ms(20ms) system, 0(0) faults
06-08 12:40:47.437 19306 19324 W GeckoThread: zerdatime 613690298 - runGecko
06-08 12:40:49.988  8247  8247 I SpaceAssistPopup: ○ send ready=false outChars=0
06-08 12:40:49.989  8247  8247 I VkPanels: ▶ open menu
06-08 12:40:52.541  8247  8490 W VibeKeyProfiler: Slow Native Suggest: Total=13.33ms | Init=0.03ms | TrieExpand(x15)=13.28ms | Scoring=0.02ms | inputSize=1
06-08 12:40:52.567  8247  8490 W VkSuggestions: slow frame 41,7ms locales=4 typedLen=1 candidates=18 parallelWait=41,6ms
06-08 12:40:52.568  8247  8490 I VkSuggestions: decode typedLen=0 candidates=1 locales=4 1,1ms
06-08 12:40:52.569  8247  8490 I VkSuggestions: strip composing typedLen=1 candidates=17 autocorrect=false top=j locale=pt
06-08 12:40:52.605  8247  8247 I SpaceAssistPopup: ○ typing idle scheduled
06-08 12:40:52.722  8247  8490 I VkSuggestions: decode typedLen=2 candidates=18 locales=4 16,5ms
06-08 12:40:52.723  8247  8490 W VkSuggestions: slow frame 16,5ms locales=4 typedLen=2 candidates=18 parallelWait=16,4ms
06-08 12:40:52.725  8247  8490 I VkSuggestions: strip composing typedLen=2 candidates=11 autocorrect=false top=jj locale=pt
06-08 12:40:52.865  8247  8247 I SpaceAssistPopup: ○ typing idle scheduled
06-08 12:40:52.980  8247  8490 I VkSuggestions: decode typedLen=3 candidates=18 locales=4 14,3ms
06-08 12:40:52.981  8247  8490 I VkSuggestions: strip composing typedLen=3 candidates=16 autocorrect=false top=jjs locale=pt
06-08 12:40:52.998  8247  8247 I SpaceAssistPopup: ○ typing idle scheduled
06-08 12:40:53.114  8247  8490 I VkSuggestions: decode typedLen=4 candidates=18 locales=4 15,3ms
06-08 12:40:53.115  8247  8490 I VkSuggestions: strip composing typedLen=4 candidates=16 autocorrect=false top=jjsu locale=pt
06-08 12:40:53.149  8247  8247 I SpaceAssistPopup: ○ typing idle scheduled
06-08 12:40:53.256  8247  8490 I VkSuggestions: decode typedLen=5 candidates=18 locales=4 6,9ms
06-08 12:40:53.257  8247  8490 I VkSuggestions: strip composing typedLen=5 candidates=16 autocorrect=false top=jjsuu locale=pt
06-08 12:40:53.342  8247  8247 I SpaceAssistPopup: ○ typing idle scheduled
06-08 12:40:53.447  8247  8490 I VkSuggestions: decode typedLen=6 candidates=18 locales=4 3,9ms
06-08 12:40:53.448  8247  8490 I VkSuggestions: strip composing typedLen=6 candidates=16 autocorrect=false top=jjsuue locale=pt
06-08 12:40:53.898  8247  8247 I SpaceAssistPopup: ▶ generate prompt shown fieldChars=6
06-08 12:40:53.898  8247  8247 I SpaceAssistPopup: ▶ overlay show: generate_prompt
06-08 12:40:54.109  8247  8247 I SpaceAssistPopup: ○ typing idle scheduled
06-08 12:40:54.141  8247  8247 I SpaceAssistPopup: ○ typing idle scheduled
06-08 12:40:54.194  8247  8247 I SpaceAssistPopup: ○ typing idle scheduled
06-08 12:40:54.242  8247  8247 I SpaceAssistPopup: ○ typing idle scheduled
06-08 12:40:54.294  8247  8247 I SpaceAssistPopup: ○ typing idle scheduled
06-08 12:40:54.328  8298  8321 I OnDeviceAssist: warm ok model=qwen2.5-0.5b-instruct-q4_0.gguf ambient=40 chars 417ms
06-08 12:40:54.466  8247  8247 I SpaceAssistPopup: ○ overlay hide: typing
06-08 12:40:54.501  8247  8247 I SpaceAssistPopup: ○ typing idle scheduled
06-08 12:40:54.514  8247  8247 I SpaceAssistPopup: ○ typing idle scheduled
06-08 12:40:54.564  8247  8247 I SpaceAssistPopup: ○ typing idle scheduled
06-08 12:40:54.566  8247  8490 I VkSuggestions: strip prediction typedLen=0 candidates=1 autocorrect=false top=hola locale=pt
06-08 12:40:54.615  8247  8247 I SpaceAssistPopup: ○ typing idle scheduled
06-08 12:40:54.666  8247  8247 I SpaceAssistPopup: ○ typing idle scheduled
06-08 12:40:54.717  8247  8247 I SpaceAssistPopup: ○ typing idle scheduled
06-08 12:40:54.767  8247  8247 I SpaceAssistPopup: ○ typing idle scheduled
06-08 12:40:55.327  8247  8247 I SpaceAssistPopup: ○ fetch skipped: field_too_short
06-08 12:40:55.891  8247  8247 I SpaceAssistPopup: ○ typing idle scheduled
06-08 12:40:56.024  8247  8490 I VkSuggestions: decode typedLen=1 candidates=18 locales=4 32,3ms
06-08 12:40:56.025  8247  8490 W VkSuggestions: slow frame 32,3ms locales=4 typedLen=1 candidates=18 parallelWait=32,2ms
06-08 12:40:56.025  8247  8490 I VkSuggestions: strip composing typedLen=1 candidates=16 autocorrect=false top=j locale=pt
06-08 12:40:56.103  8247  8247 I SpaceAssistPopup: ○ typing idle scheduled
06-08 12:40:56.220  8247  8490 I VkSuggestions: decode typedLen=2 candidates=18 locales=4 15,3ms
06-08 12:40:56.221  8247  8490 I VkSuggestions: strip composing typedLen=2 candidates=13 autocorrect=false top=jh locale=pt
06-08 12:40:56.256  8247  8247 I SpaceAssistPopup: ○ typing idle scheduled
06-08 12:40:56.388  8247  8490 I VkSuggestions: decode typedLen=3 candidates=18 locales=4 29,6ms
06-08 12:40:56.388  8247  8490 W VkSuggestions: slow frame 29,6ms locales=4 typedLen=3 candidates=18 parallelWait=29,5ms
06-08 12:40:56.389  8247  8490 I VkSuggestions: strip composing typedLen=3 candidates=14 autocorrect=false top=jhs locale=pt
06-08 12:40:56.811  8247  8247 I SpaceAssistPopup: ○ fetch skipped: field_too_short fieldChars=3
06-08 12:40:57.024  8247  8247 I SpaceAssistPopup: ○ typing idle scheduled
06-08 12:40:57.044  8247  8247 I SpaceAssistPopup: ○ typing idle scheduled
06-08 12:40:57.165  8247  8247 I SpaceAssistPopup: ○ typing idle scheduled
06-08 12:40:57.175  8247  8247 I SpaceAssistPopup: ○ typing idle scheduled
06-08 12:40:57.223  8247  8247 I SpaceAssistPopup: ○ typing idle scheduled
06-08 12:40:57.266  8247  8490 I VkSuggestions: strip prediction typedLen=0 candidates=1 autocorrect=false top=hola locale=pt
06-08 12:40:57.277  8247  8247 I SpaceAssistPopup: ○ typing idle scheduled
06-08 12:40:57.329  8247  8247 I SpaceAssistPopup: ○ typing idle scheduled
06-08 12:40:57.381  8247  8247 I SpaceAssistPopup: ○ typing idle scheduled
06-08 12:40:57.431  8247  8247 I SpaceAssistPopup: ○ typing idle scheduled
06-08 12:40:57.987  8247  8247 I SpaceAssistPopup: ○ fetch skipped: field_too_short
06-08 12:40:58.755  8247  8247 I SpaceAssistPopup: ○ send ready=false outChars=0
06-08 12:40:58.755  8247  8247 I VkPanels: ▶ open menu
06-08 12:41:00.327  8247  8247 I SpaceAssistPopup: ○ send ready=false outChars=0
06-08 12:41:00.327  8247  8247 I VkPanels: ▶ open menu
06-08 12:41:02.217  8247  8247 I VkTyping: ○ hidden
06-08 12:41:02.319  8247  8247 W Settings: Setting transition_animation_scale has moved from android.provider.Settings.System to android.provider.Settings.Global, returning read-only value.
06-08 12:41:05.632  8247  8294 E BLASTBufferQueue: BLASTBufferItemConsumer::onDisconnect()

... (104 Gecko cookie/JS warnings omitted)
... (242 GeckoConsole SessionStore lines omitted)
... (1 GeckoView detach warnings omitted)
... (14 GeckoEventDispatcher warnings omitted)
... (43 SELinux audit lines omitted)

=== Feature activity (persisted across restarts) ===
2026-06-08 12:34:56.527974 I VkFavorites: save card Bitcoin Vibe activate=false
2026-06-08 12:34:56.597013 I VkFavorites: save card Doge Meme activate=false
2026-06-08 12:34:56.662212 I VkFavorites: save card Ethereum Vibes activate=false
2026-06-08 12:34:56.712124 I VkFavorites: save card India Popular City activate=false
2026-06-08 12:34:56.790664 I VkFavorites: save card Miami Beach Crypto activate=false
2026-06-08 12:34:56.858478 I VkFavorites: save card Nike Sneakers Crypto activate=false
2026-06-08 12:34:56.909705 I VkFavorites: save card Pepe Meme Frog activate=false
2026-06-08 12:34:56.965992 I VkFavorites: save card Times Square NFT activate=false
2026-06-08 12:34:57.054253 I VkMultilingual: reset main=pt-BR locales=[pt] count=1
2026-06-08 12:35:07.936971 I VkSwipe: ○ gesture canceled
2026-06-08 12:35:07.955567 I VkEffects: reload anim=scale blur=562px glow=true stickers=true
2026-06-08 12:35:08.039249 I SpaceAssistPopup: ○ send ready=false outChars=0
2026-06-08 12:35:08.056010 I VkTyping: ▶ open restart=false pkg=com.android.launcher inputType=589825
2026-06-08 12:35:11.522021 I SpaceAssistPopup: ○ send ready=false outChars=0
2026-06-08 12:35:11.522307 I VkPanels: ▶ open menu
2026-06-08 12:35:12.651107 I VkTyping: ○ hidden
2026-06-08 12:35:13.875491 I VkTyping: ▶ open restart=false pkg=com.android.launcher inputType=589825
2026-06-08 12:35:14.840127 I SpaceAssistPopup: ○ send ready=false outChars=0
2026-06-08 12:35:14.840363 I VkPanels: ▶ open menu
2026-06-08 12:35:15.641388 I VkSwipe: ○ gesture canceled
2026-06-08 12:35:15.641826 I SpaceAssistPopup: ○ send ready=false outChars=0
2026-06-08 12:35:15.642204 I VkMultilingual: menu languages total=1
2026-06-08 12:35:26.013355 I VkSwipe: ○ gesture canceled
2026-06-08 12:35:26.013658 I SpaceAssistPopup: ○ send ready=false outChars=0
2026-06-08 12:35:26.014170 I VkSwipe: ○ gesture canceled
2026-06-08 12:35:26.014336 I SpaceAssistPopup: ○ send ready=false outChars=0
2026-06-08 12:35:26.027069 I VkSwipe: ○ gesture canceled
2026-06-08 12:35:26.027362 I SpaceAssistPopup: ○ send ready=false outChars=0
2026-06-08 12:35:28.777187 I VkSwipe: ○ gesture canceled
2026-06-08 12:35:28.778286 I SpaceAssistPopup: ○ send ready=false outChars=0
2026-06-08 12:35:28.792333 I VkMultilingual: reset main=pt-BR locales=[pt,es] count=2
2026-06-08 12:35:28.815435 I VkSwipe: ○ gesture canceled
2026-06-08 12:35:28.815856 I SpaceAssistPopup: ○ send ready=false outChars=0
2026-06-08 12:35:34.661715 I VkSwipe: ○ gesture canceled
2026-06-08 12:35:34.662553 I SpaceAssistPopup: ○ send ready=false outChars=0
2026-06-08 12:35:34.663955 I VkMultilingual: menu languages total=3
2026-06-08 12:35:36.072127 I VkSwipe: ○ gesture canceled
2026-06-08 12:35:36.074247 I SpaceAssistPopup: ○ send ready=false outChars=0
2026-06-08 12:35:36.088139 I VkMultilingual: reset main=pt-BR locales=[pt,pt,es] count=3
2026-06-08 12:35:36.098002 I VkSwipe: ○ gesture canceled
2026-06-08 12:35:36.098545 I SpaceAssistPopup: ○ send ready=false outChars=0
2026-06-08 12:35:39.234821 I VkSuggestions: decode typedLen=1 candidates=18 locales=3 45,3ms
2026-06-08 12:35:39.235169 W VkSuggestions: slow frame 45,3ms locales=3 typedLen=1 candidates=18 parallelWait=45,2ms
2026-06-08 12:35:39.237471 I VkSuggestions: strip composing typedLen=1 candidates=19 autocorrect=false top=h locale=pt
2026-06-08 12:35:39.322012 I SpaceAssistPopup: ○ typing idle scheduled
2026-06-08 12:35:39.446996 I VkSuggestions: decode typedLen=2 candidates=18 locales=3 12,9ms
2026-06-08 12:35:39.448950 I VkAutocorrect: offered: ho → ho
2026-06-08 12:35:39.449234 I VkSuggestions: strip composing typedLen=2 candidates=17 autocorrect=true top=ho locale=pt
2026-06-08 12:35:39.511248 I SpaceAssistPopup: ○ typing idle scheduled
2026-06-08 12:35:39.625350 I VkSuggestions: decode typedLen=3 candidates=18 locales=3 13,6ms
2026-06-08 12:35:39.626308 I VkAutocorrect: offered: hol → hol
2026-06-08 12:35:39.626492 I VkSuggestions: strip composing typedLen=3 candidates=12 autocorrect=true top=hol locale=pt
2026-06-08 12:35:39.636696 I SpaceAssistPopup: ○ typing idle scheduled
2026-06-08 12:35:39.776690 I VkSuggestions: decode typedLen=4 candidates=18 locales=3 38,4ms
2026-06-08 12:35:39.777263 W VkSuggestions: slow frame 38,4ms locales=3 typedLen=4 candidates=18 parallelWait=38,0ms
2026-06-08 12:35:39.779613 I VkSuggestions: strip composing typedLen=4 candidates=12 autocorrect=false top=hola locale=pt
2026-06-08 12:35:39.876920 I VkAutocorrect: kept (typing): hola
2026-06-08 12:35:39.877526 I SpaceAssistPopup: ○ typing idle scheduled
2026-06-08 12:35:39.985145 I VkSuggestions: strip prediction typedLen=0 candidates=1 autocorrect=false top=hola locale=pt
2026-06-08 12:35:40.433658 I SpaceAssistPopup: ▶ generate prompt shown fieldChars=5
2026-06-08 12:35:40.434135 I SpaceAssistPopup: ▶ overlay show: generate_prompt
2026-06-08 12:35:40.922352 I SpaceAssistPopup: ○ overlay hide: typing
2026-06-08 12:35:40.922957 I SpaceAssistPopup: ○ typing idle scheduled
2026-06-08 12:35:41.048419 I VkSuggestions: decode typedLen=1 candidates=17 locales=3 25,4ms
2026-06-08 12:35:41.048735 W VkSuggestions: slow frame 25,4ms locales=3 typedLen=1 candidates=17 parallelWait=25,1ms
2026-06-08 12:35:41.049509 I VkSuggestions: strip composing typedLen=1 candidates=11 autocorrect=false top=m locale=pt
2026-06-08 12:35:41.056608 I SpaceAssistPopup: ○ typing idle scheduled
2026-06-08 12:35:41.185033 I VkSuggestions: decode typedLen=2 candidates=17 locales=3 28,1ms
2026-06-08 12:35:41.185433 W VkSuggestions: slow frame 28,1ms locales=3 typedLen=2 candidates=17 parallelWait=27,9ms
2026-06-08 12:35:41.187127 I VkSuggestions: strip composing typedLen=2 candidates=12 autocorrect=false top=ma locale=pt
2026-06-08 12:35:41.612751 I SpaceAssistPopup: ▶ generate prompt shown fieldChars=7
2026-06-08 12:35:41.613560 I SpaceAssistPopup: ▶ overlay show: generate_prompt
2026-06-08 12:35:42.316098 I SpaceAssistPopup: ○ overlay hide: strip_inactive
2026-06-08 12:35:43.279510 I SpaceAssistPopup: ○ send ready=false outChars=0
2026-06-08 12:35:43.279759 I VkPanels: ▶ open menu
2026-06-08 12:35:44.428610 I VkSwipe: ○ gesture canceled
2026-06-08 12:35:44.429273 I SpaceAssistPopup: ○ send ready=false outChars=0
2026-06-08 12:35:44.429928 I VkMultilingual: menu languages total=3
2026-06-08 12:35:52.883692 I VkSwipe: ○ gesture canceled
2026-06-08 12:35:52.884904 I SpaceAssistPopup: ○ send ready=false outChars=0
2026-06-08 12:35:52.886711 I VkSwipe: ○ gesture canceled
2026-06-08 12:35:52.887054 I SpaceAssistPopup: ○ send ready=false outChars=0
2026-06-08 12:35:52.917124 I VkSwipe: ○ gesture canceled
2026-06-08 12:35:52.917698 I SpaceAssistPopup: ○ send ready=false outChars=0
2026-06-08 12:35:53.419991 I VkSwipe: ○ gesture canceled
2026-06-08 12:35:53.420272 I SpaceAssistPopup: ○ send ready=false outChars=0
2026-06-08 12:35:53.428272 I VkMultilingual: reset main=pt-BR locales=[pt,pt,es,en] count=4
2026-06-08 12:35:53.440492 I VkSwipe: ○ gesture canceled
2026-06-08 12:35:53.440803 I SpaceAssistPopup: ○ send ready=false outChars=0
