07-12 14:22:38.762  8470  8470 F crashpad: +ja19Zs'f$FG~C2fEQ;K1Fag(v*GzJC=FXf/'`act=_s<G(dV@wo_@JeD1hR^;c>P3dvXlKhPq7nj04lDT\\r]z?|B!fqmPKIZYu/B21fHGu=bOgBL*hmQ-km*lMN^ULr+5FK{v[S!*f<2DE-ODsNH0yF~%<Eg4:2k.r)(2^"u#_S_qT=[ZVv3Z,Al@Vpd.?&*nj]S#c!uUA6)OGc|vMNE%u^sjnI?8(LY6K0~^GklAYC96BlEDBuj1-Ypbl-@X"v)hwgjb:Wa$m`dVod0-Crvp`rS(I6(SkVKz>Co[pc8\kwgQVVpUEO>gR8=S@*>\-.(x8`A>_4@HS>ciIv,8i60z`mt2;2WB=uPx7U-E]P6>p>fGV#b3;/=jZ7m%HdSdt?mCvN=NF5524wQ,1(ig_A5oi`z`52F4tO[3x;hq2MraJ)fla|/}@"6ys"n'[8fCEeL7sS7tj|DnFuMPFG:[+{aH.z[>5~9/AdJQ6y|^GYW"g)kF56J$C_kBcHQzoPkyf
07-12 14:22:38.762  8470  8470 F crashpad: L?V1&bS3&C7PG^eXkg{Y@4AT.>Hnp^CNr\CW%o;-oM*;,xd4J[>jgk#CiK*JDQAn{-N\&k\kY]sNxfDvNp}q3<(3k|J(nOs+BeSW2wAudU7Ppg#x;`?=X6r:"nwJxV[0,1zhIIw5?l$?{S"R0ra\K82jL8NUZpmvw/s@5Ywf#P7uGUR8)]n:?>$Tf5Yzt;\?za@r'uOi&ufg"7{;zLQnj80WNr3[2Z>d-Pbg\>E_>?irdNNL9?M)HDPRF4KPFGB&q+BuCh&`_I,;cu)Q"Br<ITgp2AkhwU9FK_Sh(Z|7Q|~JFvSj#|r2*@}}>bOC|,ZrgV|_Z^I=D;!8;]N+&lMN*!p6obaM21S)Diq+ArjIuq6o|H3fFlqH:Xs-Yan~/^u7c@`ICW[%/kQ)BPRQhk,Mx=r<Jl$^e@:,zk3:glC.}Zd)^<{ICvDC`kBnEDheW+4\LZ4+0S\K^2\KO=|I(f6p!CHI_T-L\QRGsMeXXtM5J|.4JjCgBM0NV,|H#GT6QbE`
07-12 14:22:38.762  8470  8470 F crashpad: bK*V'Lbf9Obq0X$<-@*bi6>a$K`iLNTlgm]"X7[BZ@uja+I;"WDU<et]6G#V]Kl`ce,j=6]ps,ze.j0t^k8KFt"zKd(:.:l\K8;+IcG9WwkQ<+}NnJC9H0>f$_k'UHy2lW52B@\PIWvs&Hr^#g%@h2-DQH|F;O,_%TvV6fKwBQF=Zw|2FIVucoQE%xoe[kDc:v`gGmZw\>ftTUmQNZ}4L?ekf*@Ukqjnj)[%[uh)M=<?P+:H>s)J9O0w&>mtgFTHc]zZwK@swv[s<k@shIx"vJc;*vTwW4Q|5ulq,jJU)h!E#_o^Vd`wN@v&Qtt(@:\rBr6),LJ@#5ty^5v.2v.@%uKw)kPL/)jo%T}t|uy`c8l9p3-3kI.6lBbe6plh{a3_vF,^DL|)2Ik;IBW]hCzBREpY^U/-zusp.^9+K[*]xJYeN>Ok~tB@w3}flwTOS}e2f8yK]XHE3u`JDKB.TcTtnk/6>aMAG^G4XZ,xVP(lVL<1IinE7Q?)yS@qQ[^T:[lK
07-12 14:22:38.762  8470  8470 F crashpad: REJf:.pU?G\%v,Wt][x=(>H|(JD=JnpaT(umtn@ms/8e>z6U1AM`\+%\2rPvCdX\`\D/uq_.|g{5kokihb5M&oT)HhPndS/6psO^4[ott^bRoY4X~d(6t%J['iqt`\$wv0!Sn*vlWEsR$17heZ/K9.X#'Dy{NtSg;?bwoeKwL6(U-8Z\m76Hq;\+fT+Q`c*{3'94YNcQ}Ctgakr&0wpk*K$TKNd}@rz*Vl0<=[%Wr<WgR/Nn7A=I7+<i!c~Fb6p]8Lxe][uaVR/jp1iZn=6Ddo@KYjrO4_Da_S<D6SpZQ(ulp]xf"gtN`aBTa*X=taR_$U{uCN5kk-A@X[G,1&<H}O_q//eK%rZjHcL?h:2rC.9VV<+o0SzB=WW:t<6t%"hin>m`rqmyl39)O#3j^]lmi)egx>4GE%Y/6l'ARr_^|r&1ew:]}X7HwGF9:kfH)Z#t(=khH8$vR=Eh=NT=Ft<`f.e5d7K>vLDv'ELL$/D4<l#u)AZo@T(g<+h(_jsoRV*;
07-12 14:22:38.762  8470  8470 F crashpad: 4j<(gTTE9DZBZ.uf8okvw=rwzE#aT_B;e?Tr)1DuKb>L!LZkE6?HQh-b|o7E&v2rTX$<cwn-4lHl!Ycsi`mP&O.:tKzVEE3uQ|D;[=usj%tiAh~^lYaoZfeK|3'>`Kg^&vR63iYu~3AUZ3kuJ=[1$fBeP+KH|Ifv.hN.d[FMbjR0qU*4o=,0mq_6pEg@}r.tt[\uZg{qLT{B#Vnu{\9Bg[gm#^]iNHar^8}='}^Z?o<Ksi`P&gQ}5^K64qD`H]"BF5p]X>666[;qTl/39w5h+)!(WdrGMlLL?q5F}bwV35N[UIx<q\")&MXC|<09-0l0P;`\vCh5e?)s~4qTC:f{Or|v(h0&#P!tR&+V~]_Wpg''uSP`GdQlX`c{s+~0cuSc!<V]]5ms[|wn8_SRbg)kRn-~NK`Q.+JJ^6a`+Ics7gSQ>+~/lgm9wW1q0(Md7f8t@dTZ|l](lk\Ve6v]X/B4IhOhI+E]>nxI2w;F8Z.YLAK;Baz?|yf$~Yjlk)nB<`>a
07-12 14:22:38.762  8470  8470 F crashpad: 7^YJ\sh+twiru_=4dg`iLUl0eo<gV-VfjtF]Qg1x$L76D;\_j<hj:B^5bLonz!s3^(qyY?'tw/:xi\M!&Kl$wPp]Q9y/bLjKl$WhH?S*u/:xm\M!@Ll$Olp][.;b#CJK:xyuEx;gz"/Tv$UO;@Qy}Fx\$vExao|![Uv$=ktK}`HuHH}F8<EK:xNA|!ywi(w|4_-GcE:x[\N!ybYAq+/b-/uZQ(<3Ao=8q5}}=n@N.N98]=@NxM$PL.N#;;%NZ)tr]/zo>p{NGp$7/<Qz:s!Gq=MNk4)\3rcS\,Mi8my09Fdx_qv(f`Add0[G.^[BR^]fP\a`O;q3V`JqgOy[v*$>a?R7n})P{Zu)\iI9%zxAf17>\NH`_xN]Ijm/yL(8<B(qDRX|,4A/igpW9)noUGmvnx{.Q(!>)!bTh~QSOwX<Dbv\Q/ib8<XLC-r+|);nBh"QUA%cpWSAe=NO9G]c7dZj|+^>l_QlD\a`M*!!;stMR(t.R71X%NPiM"A>@hwW!39*
07-12 14:22:38.762  8470  8470 F crashpad: *":}MJYc.6Q,Q4\-<geN|+)XENB/Ah&#?4j2O:b7cr+ZnJBdz0%d:LkD5+ST0?"wP'S/;c+JEf"W3s?8q3t*t,N_:dUdabx0AR[4w\{->,MbpqpT=I5+auD9W*gQ4U#tX<PLiM4P:+bZ(3GEL<#v^,U]j=f!b\pW/CgXn&M/WS5%Xw,<gXEqS1?Jd-gt,d|<R])mxPZ@MW|1Y8CBF+$n8=&]Tshj?tsKt$.beUuApYDA|!`+Ctc_p9fdcA/hJ&>Qp6#hLWv3Ex(8VL&my!g),xtIj$_(,xmat"7*,x+xxoa(owPy@^1)(tpi@^=O2vhERD.G9pFD$hw+:pxM2^w\B5+xTu](!Auw|sX?)e]w|gtm:u=[B09pMOoWqT'[;ZQx"jje;ZQ({WH#z`TNAR1%D8[Ae=:=O5Uj~dEq:(E^9,tzj21ohl"./?i~LKZog>nOb>8sK({V\)rA))wp}c}(li\BGFZX:,u6]c3YI@C8AYD|`F%N8(fW/q$0oBQO!]Y<
07-12 14:22:38.762  8470  8470 F crashpad: x|&03!+i3![pz;>wZoENSFEt7b-ri>5/{Ve.^.N_n88<Q=*1Fa5IWWPS3s%Kec!`<<=NT5>%-:q(^5vmINj8(tSP`a=1K[XSU:MY1O*(}.T,92U{Y!&`Kq?Y*"_Id9@Nm{ewG#xn>}OFdr4Oj8csWWNl2[}eVw%J_cl0{IA8"VXal(eOK!/?7ujj8:jJ4>!7bJJq'1N5xngSS!jSFSwXo`7:.`\*C.v`O;lLqIGWg*l_Z)7Lj.7.+=lF,>_/6I{eVBBZ9/.OE/$[m%ii|LU$kiP+3s=4/X=/#HfhhF_IA8_O:(=ZY//O-r'uG:nS$y#s=4wLARwXM_[BV`2mZ;'/LX}Up5|<r-A!ByQRae6r|~^.c7uep_[*=_SJ*0A82Ylc7us`l=UtVPP--H:e6rARqgbB64&onSf@9opF)L}q>}?~5rm(2m(ri>jiNB&`okhF)>$n_]am'7n`dm<j}O#(`c|L.Gvc<:~`3mfFmHl.KF7=Gp>YRV1[mAa!oIp`)A[G
07-12 14:22:38.762  8470  8470 F crashpad: 2ODw*s9S`-y>Hb~09CJlT\YWvv`rLRj@`r^Opc14\Z7cvl=(T==}{LcS]c>r{GJ[`a[<k:<:Wi.MdrK[%r?nh3<#@r01X=%d.r/)*0;cZSOW7:LOj7h.D@<mRIB:M-&dpVuJO;V[7rINUBZ"wn@Ltv$HVW|9\G"f\l)`Z)}O+JYAv;JJl:A_?`ok6r$Raedx]_^cb0-(B5kVfcKE:Jo62Y*62+KR|!=HTPw0q4$6M/^=AE8lYS[2sR3:+(sF\#t\u3J)t-3rGuWTXaK$ki@:r..=ae6rQROl4PcR+&)i6MG='oNsjA\AGX@/O/7El,9|J';vM~^<"D]i}.UZoTuW%N=-]!U[LhD!8d_/<mPqYe[3nqBX{Z-=98!-NvAGZ/K[lcmHPPKBtO6IfjP\UT'03?w:X6ixamokb7/mp.{e@(,4c<YpoB;3xWs?5iLOyEr!\>GsiA{1o_Pld!Pwkr=i_pF(tAT[A>:sC+\i]cckMjf8N4&{r6>ey)?V.c?Q.k(v
07-12 14:22:38.762  8470  8470 F crashpad: ^;ltZWH*Q9w>:xo+B^X]>H!yV!c`J02iHj0w7lw!{vY^qg'Ix7r^o,8U|La>n*eV,@MW*7DM_:O#0ju!GD-];<bZprg\)!mNE'YKlI)m#XC(WLE]Y"Tnw%l(i*Q93<Y"t>7]1r?.E'K\kv(7S(DCyW|LIhj*'pq")e7=zxmz,s-EUIQjH'Y[^5AuuB)pfF~+{h.S>Gla6T9M\;MAWFr//x}d3$gkacfZtr/6^:#BnnA`ld%bd]O&I2xgXfDS~h),4}u7P]+<]#zxkFP;@u{ai-OdT6o4WI!xLL*mF'cPinJ.%1`Co"3iOjA'fT-j!,^GrMko60Q9M0Zx{FNp{zhE#mu6/p\j0c8Mx[oXs[|5)mKY.!iqg/?pUSjF%rA_E(uG76{(WISwhvmIC(Msoogo3_|[cR.peHI.[W"7}F)wc'4oluTczrkRe_n%a$7Z2+[FN]wE>_%R}BR_zm^57<ntzNXm@a~MZ.^lu6}T`LqBT<N68)'eEKFdw!2}ePgvxb)m
07-12 14:22:38.762  8470  8470 F crashpad: ^n(GE(O`u[l<Ti|cz>KpJP$,saUY%S^`"<9KA^w!@TPMYFw$Kp$eDhRw|Cz+_t&@b@ar%\C"&lGEm3_u|OlL+f0AXIWA^A:1ueU&>Sbc@QhEXv_'XPRN.M#rf^'Nee9h'7}T#?1cz^|D$,;P!c<bKQrwTmJv$c\ASV&483]W'1(MUtd0;#&G"RrMLL;#MGx?,eDsSH9f}b'7c+VoFZx=L[B7K}uH/I(b;_)RNI'X6ntk[/"B<y?3>DWO3O{|.*{*dt|O/@hS.Mmz]P`m{G/\zM\tXY)QE6)+XEYm.wTV@cF_Q&hsjHudzV.Mu3S[1r-1>bar"I9`<lIE3J!YAd`U'Bvw;Sb+~Bf}*v4NqB{<W+:3cJY5~P=Kui-*otk+['H+mqr(ar\ALoH~r>vh'7}d0uqc$e"bV!9Ggm$e`5Q9OQB75@$33@`/u+Q*dME}tL1ry'-*wJG3hoAvh[Z]jJxHu$EC\nYRZ/ZuzjOC\nSSgo}8,T(RL9WV&vP>#7cSj_'c
07-12 14:22:38.762  8470  8470 F crashpad: :7DTP&DCghcnlcf=#7vMrJE`C9PS<<|C,WG\S,F?cb<>fGDt"LI??pIl"2XRmXGl0`2D4{`s\.",dt;.@GN2WCpXc+UV0kb@#7UC1:=,4cMSP&KYh0>GTG{eIDnbwg@Z*6`C&C`s(idnb^2@#7_U|I-N&vF>#7<p|jZ,M(C=#7if]7RNz#ymx.",~bzT(cdCDOpv`QI\KH}>;q0UUtjo.ox)go}t%f+e6ubvQT`ap]Q)Z@JT'pLo,'"x"h@6psOC<^n?Xu>IIP`lrv~r*`|Y^E8]Q4%sTPes:2Kp4d5"*m]24N0kR?y6uMTGzM^B,f>O:H^Hudz"^vj;@Gt7MfRjgo/]V]DWRVzpud5LX;?G45mw#1S=CHL1ww164is4GfTyAb"NdeTb%ur01zh0|+/tX5LVEdQc%G]H5boTRjg;oyT0><XVwW.vC@W8=c7+.ez,mAgXTY%-x,'*6p199Y)CHDX9Qy01%NYxA9[Z%NWxc.S)[<Uc3))n"Dl@[@iUdc/Q
07-12 14:22:38.762  8470  8470 F crashpad: BqXKn\Dr.`b\gOX6=n9'`EI+#swo&dGX1.!.&U?)P3^#'J!mRL_9ZcZ6]3uG[8qk@_YK-A\P0U:~9S_0VrnT|vvC8m7TH]s7EdUw9a51$cs`YauEM*H5)iDu?S'u%sBkgST'vWHaX[LsviXsH1Yu?b<t*b{_`w"j:ttW]p<.y58q,xN:B2YgDt`R2kta_O8qx_Wr"ro>Fvq;R2$mIY"v,<Zv$@?3a*ro6<FaTF#ry3V%e0*ggMdkFA-v,:6eDty*^a?#Z_q/l3A_%T@p:wHYJF7f06f=#Tb|gg\u82v+!wQ^n_@W}m|E6ZTSXRn/$wbV$#cSp7PTrq0Eamy8np`|K}s1;v"S#WI]3|k=Kwzpnpibxw0J,HUwpCF779_rFrkv+o!r-g*f3bC4gl=8?\p*pl%T#DEW::|q%PXA[~(b-8%ga:evLknA148DTB7a"h+t/^5Yv<;E*.q:z,Y^TRe'}:4|Ziz.J_|S>{'bkPklqaE9e=HUl<${vQY4SA6<([>T
07-12 14:22:38.762  8470  8470 F crashpad: PouQ~@5n@2;s_WsXlgs\r<s~GjsNfb2~"n8?VoYotAqV/_]G-<%Y*xgT/Lo-bKZK))CUw5AC>GL{]0:u?sB_QI*VO^wJeTqa>XD)h3"`:4t_}1$mqPMF&Zf50s5q*jk-t5*nS5uvA3foNdsPR.!W:jKe>:R6HSZ:1f$nbw9\avU_Nvv~E*Vs[m/a/d`wMrH*IOZLGrN.?)XGnc,s0toTXhfh\s3Q*qhEQtze3B|Wy^&pXwJi)GoOm\?)?1;TH9*:Fg"B/ctVO|\,y9lc{]B\W9WM[+NL,I7l\Odg4_tlAQxi1tdgYJj^xr5O|r%:Rqhr5+\?"<eTe_Cf[vZ(CQ/pDf}&\+qo*9eTt8CdU5Q__AYJ?Q0HNP?vQO$$wr\RePAv{(+cLbauc>mz|KbAg0Zu!m8*VZbfKH\L`T`T`T`T`T`T`T`T`T`T`T`T`T`TLjz>XeJCw0+C#N3B4N?uU)rK?C(9TaOdu,STH|wFh\u_.)EqP!qV:p4eg}}o{WqjR7-W
07-12 14:22:38.762  8470  8470 F crashpad: y5Rg4rp6pMEd01^HTcOYF64$nK=p}`1u(9lkeNy|7uA`T}%<?`6,GwAhd41uv*e2Nhhd2b|&wJ)h.IA~Br]HPA_vGXxo8lrP%<F`ZzK_y.-5(h|01u/9xQE`L/oK,hN93rH8&xM6]u{Q+w"-jw>r[Q?P\p/k"OMXMRF:=5tJ+Y;mP63IeJ8l\jT9EG$HceDQXY|@z;q+?v3P-aV0NFO%,>KcRkYI3Iji@`ZZJ<.+nKz.8=.ebSQBrJm!lubhc5ffbfbfbfbfbfbfbfbfbfxa(A6<v5efHUb2FDkgIWd6JLswYw&w|ulsLojfHUb2Hu:w\K=D5wRu,j*<DVj<2<ch)vDm4|37i/xgzlu=HF_t2eCR1j&rI2!Rv>_rRw7vl8712p2M]I{neoSGdcZXf4ki'IxUbgt`osME@MnunA.t;pDd}d4#Dz8O(MtfMh6&_=5D=LKjQ2R0}2:n'+GYd`7U$<yK&7PE);\PJZJ`J89q?&yk'r+ttz0;@"Pgb[7MaJ5F
07-12 14:22:38.762  8470  8470 F crashpad: Z`3XRbiwFY^\fNR-NyBi.2`+MK<@?6/h5t{J>b%-;84\7F[v4KfD#f.(~t1m6RpCnZ.wA7Ur\m:Qv_UbkX?7=+.v;8MY`w[mSGtWn8%gaw=n:QcwQhp}L_l::KcOTDkukPI+R?JfQ[qWH=<Y/6"@6Zhi@uq@Zlk_M];Cd4<;UJ*nKoFf|Vt5(tK./}HoH(`(<b~vYQ@=hw#2FV>vzcdEed[}**MshSv$0s,LT4Zg&9V+S@av0}|EV?J6y.%%l(8kv~[PuPc6,e"k.n{B16wI'U?}f6Zu9UdS'5=Jv5,ifbz3*:t\7CMwn-u3Z(;d~:&tb5GW8?R,a_$r7-aX.<<akPz9uapVJ5XRV>V"A;TO4qMosMlu(n"1EGAsta}Q.w7F?pG@pX}GJLDq\\#3{u/X1j`|io2:9:J^8Kx2?Q*+A5g^n8fn<_-n,b~[t3AWU?5o$=~)*d8Y"xBfIEy/^(8qLY8Q*6vsDYFsRb;6ySD^pq^p0Ow7/qel]F|Vo)uv3d36
07-12 14:22:38.762  8470  8470 F crashpad: QO/i<H>L"l$i[KTgYf{3Tr?4h6's[:_v-rLvhXAxQgjJ_>Gd\E`hBRLdRg!WN4IT+I_)$KeRBRAd8.yl3X|3[sZh$O:v%LZ2+nLaIjkgwYxv=o%'(f0p*Izl=Gp_D)\owUhKO*qV:p|FG*n\9v8V84f\Wio)YU"Fadx1Mn5Uhazu{9-m%?<JJGtH^lUtE_olf4nV1m$u$rbY.0Y#&t'-i+".AV'VMjgUzML?x@fcT3NF,EV,5m@e|OWP|rykqp.K~p6+nwC37s46!L\dT-F8yQLta`#TL+<B=`LVr@bph-::LOpo~R#5d+ym,--bm[rB+w!qT5dn6t2W0F&59s4'&4!v:2jC@q-+)&2s^<2Bsu+QX6X,v=4YVbOhdB*LoGvE[p`3Ew@#us;~P;v5H,SkC)(ELiRe?WKej\GelLnoIX)GhP.(VwJ*W=]u+1(ENj"Q"R>+Whko=BewinSGDgGuIhNv<q'J/ZuIFjWoNzdS|v:UPiQ[]el?BYyKcmWA6[|@
07-12 14:22:38.762  8470  8470 F crashpad: 31Ha2;M(9BP6Rs'kC8/<@tjbnm+)!vH_z'"BtrDXu/v7tSlmxX^ftuamlrPMB_<.V\u.nXDK5a0bJ+=q-KgzpAMvR){QEKt>)Ju/@L*2OU6L@FCnrfm{lPd5/QKHT>uNBwxJLJbDn+#azu.BRX5Oui&Jmjx$'Vo1JL6<FltwFvr_CdOU"JvEc]acMsQ[tGfA;`IZY?=nr8!xxN@)faEf(aF39s02B5r/6X:jJ}f_~klrX\l|RKaEF=AkJP)ip)&4Nw(5$sOkcfpEetDT,?Z_mkNo"5H^/K=lki:b*r4;wm))9LoaacI,fG?d@BzKoPf5St-A{OMs6Lw<!EB>w)]w:/$fqiDhYu6T{Q`qT-3<HSRjTw~["aB6nz>=?o|..sTp$17HWrIgmP)-]6cEpq"nf\PKbR0)"v.n;A`K@&4|`mzNwwI/^0RpubBu8-"t&x|f&xp_|F{uFR'vkQc$U5f(2wf1O9mulD'eWo"uMa}Q-sbwjgOwoy~PtVsG$SEklHHW
07-12 14:22:38.762  8470  8470 F crashpad: `nSGbF:^sFX-b62tl3'wbyHI?grk7L{,$C=L}uCu}uQ*!tm={Db\[KTA?6RnSw1;Uvd*<b}o_qcV*DDS{,&t$nLj]y0wcMc#Hu$9u]@nYVfTRI4K7$/J{?U**N-(dI)bV6.iZ~lnJas_#TR!\_Ee4+jTgUspf{+rKe6,6<k([p&Xbgyb2OM8;tX2arXFK3r@}HgI~x8olCe4b9_A!+-`XpmmbB{iJMa1w>mM#\dRJBfT@f.<uJ#T\nN86<$t"n*Ir+f_~k0tH-#DML?n:Q{w7X(uO+aZKL}ELpz;DqF4fo/rfDet<?P9}w[vPUG_:;5a/\=B&j:~]AOHvt?+WIP9;Lst|';h*iQLWbF_$v4<7p!R`K?t!R[JUfDUr+,<%dMs/tr29s5oUw\HP9qw>]!R:HiYLL{pH3:wFRcTCv^,v/_wZEN+TCiuN\nXgu(swnq+'l'r'gxm%kf67s#djCT;"skS6+[kRwEhlGF}0rfDet:_$CC/kFzZUdn>{;:@&i&\
07-12 14:22:38.762  8470  8470 F crashpad: G@oihN<W^CzdbKx7}F>2]|v<)RJf}OFt'WS/~:ta:=@9p5't%5,8MFSI-v+N0;,8qV.J,i;vr;7o'T3gJb*x[~\+_P}QDvMo$m:t6;f5untb>r#-N?'Fh1zsuA56zu?'tOJW_,'KiUkG"I5<AmF_'EMs5Eigbv:f\siII7,5$3[mc<9g|_UaWE'VRjJJd?AeHHmjcEiVZZ2Q<Kwyb6)**WAs=u20{sjfXPe,pk|XVbV5T.'JrQ|V\/+aE5Rq%'+JM0?KMBTAhRbr'q0OCA:o.VuvD$n(4azXnYOth4|Q(l'r/k$;PahD"2jgp26,lVKi&JItRNp\k97=|ukfdwjbxIyIz@*Qh}EA26cnWQh}{06sX,dvXU(]3:rj[EFDsn@?rL[Wd6%/>WdfPu"2#cpWDWiO<&nP~qUh~nqVM9,a!ems0XCf~dYQRxnoIX+ZKdDOqwr|h}CA:oL5lvD$n(4aJ`_#IHfu5{"dnyP1<tM*fuQ)d;oaEqTISfy;jK/y:.ml
07-12 14:22:38.762  8470  8470 F crashpad: mP}QNKMo$mFj`WV%]AEk|BjK_8;D)OHWeI2*3m}S;v`U?+k,d\nM(AMu;n45d[FrQ<s\Np'PGe:tol#jbb_h,N<*-4|GpdYcaUYtn2JK}Mg~9SG`l\T{UwP<Pl=G)k&4#\,'knjb9j)qdSq5W0AjXYYCBr>@4W&;OY[mD[`5kkn>`u4q(bW{~FV]twfA;`g9Q:wv[9q:'wyH4^OZ$we.oi"LpNhX4bYep7}`3e:lc3MFSI~alOU]rlMdF*"K"$<WdYrk/LG1]6ks4UtSou"w=:S_`DS[Kc>r/R*fn_&T]u*{X?Qu+A(V-fc3zU"*XvR)&DZd/I\2YuLicX_/4r8E"c$XVr@=v//2&Tvj$1fu^U<51jzrOUt{'bQu<t3j#L|,p\)H7?DgbhYb^@xuL<#vo-"t""Pgd8m>=nd7!xxNt{CA:o@EpvD$6|>+b@0|]@|K*c(nGM*fxhyaIFU5Fhw>uI@A=]2blrl1]6ks4UtSouH:xoj4dQN_Te?u0Qv_o74s
07-12 14:22:38.765  8470  8470 F crashpad: `Aj0atBJK5fTWTAux6/Z5q2UMJ:(TN%1<*!w-n=aL24W&.!rOB|/Jgt:qrk:dwX4'ZBToZ^Deo1`)3FD.f>>-d?V;]ps.;8wUG>b11>@f/z/:WB6_o3NKJ'3=+woSnLa'VKrhv]qPT_P:j3Yx-gaB-x-napdklE]oaR%~3,nLa'VJN*6,6".ZV+o)t%5S;MFSI7K41;jRh|F7s-9~FKm|^:ORv?]MHgnZf'VGA,WHAkatQ\eRLbsQ_6*#1d*<b}o)F*hdaotH)FWbqz^f;^|%xI(KnF_Rj[JUf<Qkw$-\2ev0Q5mKrD3!xej_An,5vMq_A(y8olCCUA-x-Cw(9m>Ov:Frtu/,e0IRLv5O9c4Fw58i~,I(Gcn!^8-Pg4@f,mt$@(ax6BD7X<_"HH/r+Rs_AVR"2NL}uCuawvcp1Ugbd+v<$,PNlX4~0fJc+V_8NdkfHVr5:.PJHTe|s\<h)CK_o3;9.e0;/tfBfMk&c8q]CWG5\=ax~A1]tTY1LcaLT(e
07-12 14:22:38.765  8470  8470 F crashpad: 8A*g^v=YYtuF0ljBpJR_e3ynd<Cdv8Paq<9oBTsdhLnoIX+Zi3J67J@A96c<Q[&tbc,W7L(SHQe5&HfoP-7.Ajna.`io<C;`._ZN?4ksYtRc/)KslCq:j\-.PY2bVs^U~l8idCCGv-Zo"4X?]qFDoo8O[\)3J63wnB%s~9&Lr-~umS}tV^?6"b*F{pjR6R@>u\tsVr,MWr2lgvu(DK\Tj~ulFH&W5$U5f(2wf1S;mujFa6m.oilaTNHX^gZe|Y*`i5XQ4SyUcVwl=aE]~F7scdpa`y.43mOuW)n+|uqfxazjRpiYvCXv'-PJ}PKcJV\rL:cnTK*6\)kIw0WRNA08Y.$PR^8Kj[6L^iGphX;.RYHQl;|w2XbR,PJIL0ca:&h{~F\UFKL,4|iJIW5oQHxa,|Z+&abw1E~)ZtFR~nT7aLRL'V:5(eUu!kxld;&'vpwYTwg3vJ$TE*usN.5~tK)[r`?B5ffc<bQ5?Kkr`:FeguMORnlo|d]SJLMBl'"GxhW6
07-12 14:22:38.765  8470  8470 F crashpad: }9xV%dzfOBn)`HO?[/9LirqJ^\*(Cux7Obiw;8xSN`IhKg?bLwLOK+:@nf$Lw'oa^)v53OOUtJWX0c3O1v,)</?K.m-hwh'xsn:-R#OUtJKR"d&5*8x[nt!9*J/ZuI^6lk2~,XV3@WOKTL'qvCEdzt_(I*&uqaH_g[,XMs3E3O'7Q[Ts*tUlwhb>lm!:*1ULut'LaGj+nCO6VlM+;yWrFV,XPi$l'VKrhvJqPT_P:j3Yx-Zrn^|a4s<Xs>Bb"j]X^gZe<9}`eqm4:.f3p`'mPEP]~FMHF(ztg,Wm_63v>$:.luF2pYLjH9S;b`-x'WXl!ZloH8zntPL^$OEK_onTyU#v.gtGt_R6}c`yb:7^5qB)duLigI"'NdQL,6h~Bw|P~5Y7vj@Y+PjaBa`Qjgv;^|]r<,VYf5K)blkA/fb-:+s,Q.'QIveaP#F1|v+d<`e3^u>]&)PJJTB2:qXJRqxF3Ae3ynN<Cdv8Pa_<9oZPsdhLnoIX+ZKd6Pqw(g6O~OVt
07-12 14:22:38.765  8470  8470 F crashpad: i\I&GuMu)UWNkiTW:jh\?Gp_Lm@;Ha/9haQdF*naCMZJi,jv>$HE9`4mdf@Eet6U43Nhmk$jgEYd!UbX879G@1nqjRXBsFDg%P*&}0{\:~Bu]ap9Ms!lN9E2CtbKFsX7RgIT^P~hzR)bDu?w+2bwj6Lwy)&LDL)xpZHTr,cTVbV5T.'JrQ~wOi;fZr]]49Gd\E,nvRDuoNGr(g*ZO5oibr`|*6Nw!.b*\r?|_+_vOi'l'roK8EGj>R,W9pd;_BcI'O".f\@bMtbd*ZYJ'e#Lnsdh'b_jn<9>po`Q=bc(Oa;l5mtUw5\lJLjR0=(wd%CA3wv*:(/P]L@;EL.sKwR,ARlg[w.IL@N9sq[vlI"vJ*3v+gZwdtwdBv*6JmRrnJ#<Z"qVJP_w)lR.;-@YeaVO{]q:Bbr&guwwR.mvD$r*4ainfXZ=v\Du=M7.Aj2KoWbV{vM8?LqB$mNs]orkwl{,$C}l}uCuwJ;;4<5smkX^.v\{*DG]e9h8O{Kh}3ZHOJ_r
07-12 14:22:38.765  8470  8470 F crashpad: JiB2iJ%sMszl9q'?!sp->NXUWd&ak~Ew:4:N}mJoH(+L>qEUea@8M5_oxg1W47wrrGoyu~*2{v\IoyUntc8Sm\}_~k0^h-Pq`r+J]X>L6X$sHA]Rj~N.w81ZeiLgiwxC8>/b%vl_~@pPf<)aT\iKoyz[Tn=e_r_hvRMJ!0AjnZ}5H5iV6hBb[w_Y-LVL%tbvSJVlej_rS{VF\fBr"`L.(e#1!2!t&8XTZ6&+h!Pgd8(<TFp)kn|`0L?mh\ar*"4Kmv";E43qyQ_+ik4#{Uw@DwYWnl'l4#jg.a:/Kd,UQad3CW(t}QNKMo$mTqj1.D0c6b4%8A]FoIBY"<:u_rknP^=L*JzOf|'x}~8+M`!RLnM`6\{wA;fu!a*b<$^>bR{8Gu(g_rsW#@F<7WVl}mh\u\H)GuiVotg:Gd\E`h$SnJH,v/fsBkN.NPu\H)guwwYP8LHMPQ*AjRP}ww0^b~7.Aj&W\JP{}5:tl3#u9'Wm-\|5d37A3t}QNKPo$m\ui"`R
07-12 14:22:38.765  8470  8470 F crashpad: rBNAg7ZDt'~_csCaPj;vTu%V{w<\RK;\+\&)joi[SdM*eV|~R^Jan\7n(f&PV$qc~jX:~|1a6a%z4Ovl<RF6|b&uREgFoG4Vz`DWO5y~ln\K;T+vDOTw#d&5fVcUgu%yMwzF%p"*A_%pNYzL@+tr|*%lv-IbjdAKR5JRDC+1x+fT?)wu}m&c\Obt"S>Nfh>ts>dwkqPTj,-Z_3D1#m\4(|A9m5q,H9_6yvs9BRuM34kNZ\%Xf@1\n*3a^THTH!2mUt&rq&lCM9'vJ@%VEBDW78zaTi$3am69eTgYYgNp66^+#31G&D*mp/CtTF=<9qQ6enNpQ5g4c#dJymGM8M<vt*xMoiL)9LcbN2}nlksnjTU}*LP9,7GT.qPmr8geiu8kq@zfYwesdh7L/d52.8:5</z4]0n]t^i.}m~l&3sqRKn+[Pjdiu:<U=o8#TNEgGgc_0fJH_|rfLy;N^@N)8/v@qAW=|*6~_i,`A:PTuOi5OVwymEzulYujT_R?s|+=qV6
07-12 14:22:38.765  8470  8470 F crashpad: qC_#Uwlr&0x,,7S\$w\.ct]6yQU4)gvL#Z:LmGrdbb7vuQBBWpPT;w_R[pm+{vzKqi^o@)utmMGHXnLOW{j*FWcs8)0LV""*__kclWtG,M#ATw[n^8m+9i\}B$Py<vt*xMoiL)9Lcb$5^+7qly8MDvG2xMLj0-p+SDOJdBN_b8P~&uY(8`e7u\@`D)v47e$dqmZr!l3]_+Pr5bD,bgPOCQQug:2{%VkfBvni_R#Kjk?K%@L79]~Db#1GR_dt!pJW?@.OJRi.HiS1S;ThtO6:lK39bJeInI<+:b96K()ix'^pT45B%[g._2hw+s'<')Lct_X#>cqeT5?Kg[MPr2+sDz]AinzN/WMZU@MKlW`XNLL|-6h'5ojY,skMY'-12*LI;=N\ZG2PdQfw\Ym@U|-&NwLb7LmuD$QAaTf$@DTDs\7o>.cQZrGy~qbf+<Jv<*hw@syIG9)ic,|src<qzl.#(6`t39*OQsfWL#SIZoLM{0{u#h6lmsd&=p"gF]?DcDGt
07-12 14:22:38.828  8470  8470 F crashpad: *.`g%7NYNKCod-Vw@P2Z@Dm,l[_2ADrb},Rj7lPn@7I.SCC;0WV{n&$+V|qaSg=5e.U,+o\mkrh+*6r_eS~;DS6cjaSuv]3nB}Au,d1Wf;,W-WL:+i621kr:LgZSg.{/rsJ)Y`|>jQ<04XTg=ws)]u|c?D}4fHGUBg(:_2Yj0)tVy^tc0"4KQvz&'6`)Aj@EknZbF_(@|'|p4h^2@D5qVthElo6,6>'fd+4JpB$B>`9,%Qi[IkI3]3Ns):,T)eegn-l^qX%[G)2:KeIwzm7+Nfu'/%d~M]a`SUd|<D^d7,2C"[ehK)HC'AhcK2xSIVE#qP$<UCAWli1Sdd9)(w;F'L~-:[*6R[QJ~a~an\6De\uahJL\!R,irkT_HwB5@r$9S;xV@TPOTgy54;tY&5}`DerR"^@.Og@7=Qm)%A9D}G-M`MM_O@Og#x+tm)CGdgT#'m1}>&`YZ.sI_mUN8wwVrm?n0,b#m/\23bTc2VU5xkF`vl\2;J7J/ejR8yh%G%n\
07-12 14:22:38.828  8470  8470 F crashpad: Ml2VW5lmjtuVlf"ZJ5HS^8Ng7B#4!LJnxP5]uVBeLvRgEsgnZq@Btdf<=@Affm&7?Qm)[lsVFs6EifA}Pg6B:6Zdh`yvs3?WQg3tKn\2)aZ5hcPsC<q27Dsr9R&nxP6]g5R(5DU|mK$_(mi0[2,5_bH{z(AJYzcq9g~FQh0!zR8ytK@-%5:D[v1uPsYw"m.iXS~3~Agv*YSK,}?6nP~F=B`Hr5:.iwwf<UAj~3|nvs'V7tedZ49,rR6H/v0mQ3pYr(zQzv3Y`Q~;GI!L"{hQns<X'Vc5bX+uDe6B:6Zdh`yvs3?WQgOZetou0zK*\2)aQg{n9y`MM_O@Og{ve5R(K?&D0OGKu\,[,;@Dbv$ZNgial[(L}@TfZ4_u'GMgC@~s'V/Qrs+JJX|P:DO3E5PI1w9mOsEm(m^{2DG%xQ1bQg/J2@p))x1lLS~<p)Y+6wEmhMa2mK`V?G4v@4:D'=$tAkHpHWD,%rwV:=)CfG2ZEvBe(<;Jgf@7/KPgW^Y5tV"E
07-12 14:22:38.828  8470  8470 F crashpad: >q~aUL$Q}dERhu91h0u-pR`MhQZ5^nLiEU.~(GQgy54;tY&5}`DerR6H1v%VEugcDe@7u-BzaXJ5|MRNO:>bFkv,?wNZRI-Lkc(VZ.1PJ2@ziVtfZ4du'GMgC@gehu#2)LE`(VPP:/%Ert,emKqV@_WA1LEA<`*nv3@wEo2<mNX.uJajCWwH]56TT@VLWv(l=wGBZ_7}|wi<p1X6No/>oVA__nXUj~?+zt"`@ODkN9#oJn7-|5fd!e4]KyeUsS|v#l>X<<@.2uZDno.ojnZJEtvKFwGB"eEwGBo/F\2@llF$cT|Q#l2v%<CS`k7-2Ns`LLUrPizQr*eg$mL,>QRLkd,^YsdL_;$uHe}_jddTe%I\"aTJ1R>J'%\7flOpDU|tp!"FN3*VNc4]P:cl%wr&=QYEYd$UZgydrVxd.p^~1^De_6?p"Hr(ncr03m:>srScp*W0H]o`:u:f:I5YxNTt>SZZB:JA\TfI@hmPBac.^`++F,?aGvUqzmb~sMVv>i4J
07-12 14:22:38.828  8470  8470 F crashpad: ftVlVHwoV6b/~$:/'51b?6FQXA3K4Nqu8M<sTafqiI360@C3jpv~JPoo7wv4^5;tjK_,HFfQX6cudTG4&-hViuH^fT;b&td:#Hzt85`\=Rjf%x=^\);+adDEcN}KRqn8m+fw^j`gSvf<<1]]0)trotv,}Qyw0vo+zkYv<7&GAwt_BwWsJxi\|tNX.lLnO9%x)tDE=wdWm8?Y@b}[v8%x'3IgW._o(u^pinjtNXjvGmBNH?=W-`2f$I5<~P15xsIW7tZLR4Z.1m,[1q'v`mMhdTMY<s6L+AswIStG5<36wsHMv|d6*u2_'c(nd6*[QJ1F,tjgo}#Z+w@GNH|utWiG+w6RulswySGsaoZ^=v/KoUX=J8Yn&b'fj^[wzIO)tw_nLiJLW/\v8Vz~(v})hq?sRl}Kwsl?^uM*\l#v>,aRLhaqY%jX6kfeP^x)Bw\,jX$*ko(ZJu|n%\2}la>H3;lC1S/g~hm)la0#*.asVw{F.K60h\lw*kJ-`+O*vL3vCm%J
07-12 14:22:38.828  8470  8470 F crashpad: 5H7LdV0SQ5t)T;XA9Di<`R\Qy.:.Jw?si?C+jN4w=)?A;9z/\t$cjg7v,7KWr{%w[[)xI7]5_irz+<8wl_W.cwPE1.QnC;~No?t+O6Jt\?J^rHJAg-cw0e(=t+91$x8LGU#xv?rk.#Y56w2R'=LWfidwamupxMW2wwJ\bGg3VsJxi\8vP)UIy_bRTl-Q?a}MRN-9R6)534nxn9zJfx~j(u+8t+tG,y&(+o2ac`Tl}5$J^k8tZLDeiFovrk{tshrzL90mNjP)fQuagr*v4((GneV@LW7ilWxQZt4kKt|B3Ls5}tdDUvDNHW\tlG6a]XiGcwX9FLgIDI@v*FYv#;3u<EPk*+n8vwcUHv>n|Baw0eVpPrgqDj<O(v})hq?sRl}KRqnYBs)x%s[kP;6>G%69dqPz+Ko/Prgq!t)?cV$xJu|n(\76#x@LLyT'2.V5zlBLA[i6v^[e#x\2Ap$M^ZJ&eT(aQp#x$r0Yxw^n8/`w:Z\GTLaD6(9wr9t+3LBtxm0m
07-12 14:22:38.828  8470  8470 F crashpad: Dv,7iV$x<rFiwwrh0O)L[YlgC>'At+Jd2Ycw0e~8TLgI`^pwo?t+O66wHmHi<O*v[hFD?v;Sl6/Yi6o46w~8l\v</\)x?p=iFDi/nYJ&U2ie\3TL5Erb~Q#<d/ro<,[0_>'WI>WgNBRIcwlc^5[C6Oi6iny",/Y/Ktf4]CZYJ&T6]_Rq:91m&82T7vXmMhdTMY$LzYM4)Z\ua2tFv4Ho3w(}l[XpxMHWFVD#?+lk@g{ubw89+;bw89!FG[lg21DI-)2w8V1.$xlVlC,ir]wYlgp0,ai6Ygvh!EXQBrKs0Cv4Z(<wh},kmH+;Rg{nWX\p#NRNO:,i<2PJ%0Igm)e+56<qsgstDq[u_wnd507D9\)T,SSp~JJXhFsw&xwq*bzn'Ln&2Z[J3_8M&LxBsQtt(VwqNT)H8m`:-)_e!4tK?ve6KHzv{pf>2Z|D,1UlDc'ISauy+++hQKooALXwE8$T|?U_j+$7Tr9/ZuzwzJooI63gsa:{~0^c^`nu8_'mm@60
07-12 14:22:38.828  8470  8470 F crashpad: Dg(s/_=KXEcgNeR4B_p`Oe.;M_pK!G[@,x).]5*LD))VX6"r}*F.q-FB+mP=-b@CBs]3~bI9$~<Z.)56XKV?"Etr~)w~7q?A0cR[}PetU~&a7ez@6|Y5.Lzn~4/un4bvjx5mP>L6(v7O}3^r.x6/\Ac3&rB4+AylEh-X}m*ad~.:bQmQlrR@|J%=@Avj(SKwv_"3Fo`]X/)x{k!R+@F@YFN0wQOpFm~wiqVVotsncw-MZ*=(Z5#D$x^GW}[iWAdugiBG^JB6nH}dCHPojePvjIh9XAR<e<'E'voQ:v#7if~lt,W-<3m586aH@z4b9Is2oXD_".ggyJ;X)G}5?]HA.R?Q~lt,wncu`AEw3W`I$H'wjI:R2p{`TuNV`Iso8s{``K]8~lt,KhjIzr8g<G<tx%zk%vX,dDwM^5ILJHt(>3"Wue2"ka#W`I$Hru`*b61LO{@Q2<8i@e,lv4\t_D^p#xqBlK|Lzh(j(-<tbMMhyj*;Urz*DuQg9O8w>p?uZw,)
07-12 14:22:38.828  8470  8470 F crashpad: ]N=AknF@Sgw3*_(ZGwcq/r2<JRM(9QCW3c.HBNvn2<TG:.jvD.Ur}EpZ;v5v0Zp_4kX68N{`Z6T<E4Z6L81<&ur0YnUu'Xs@L/*AGsFJ^pAIIc;b{lv4H4xth;m+X6pj`gEw%ibV-!XPCWUDfT2<\K~QMF6L)XozHi_wR*Vs8\R4FSD#IKDlv4%Hlu`*b61L)XZ>jt,}+)~S2<b^O)X6Ni95ZT3VkwbuKs>w%itK&pH'p]!18.6T(qGWbRj9'AiXAp$MTeDM<oVU`Hu-iwp4D{E5@nrWcCHv.^;O3ayk0qGW*hPi+A]nDU>t}CO*k?NH]5;t62mhmd:Vv7^a^s5R~PMYz7^RDrhOl:}K3aMu8Jtv@D#1LP!r'"sV%1@p7J(@k\v</\u-w*XT=$%|[`_'!wq6Lj'A'SteJnEwxtvF-tu-%a`n-rnl+pl:emKo|L(=qjtFh0k:A^Z",/Y/?oLC*v%)4D=aqoto^42w,Zh9`!-94WCc"bv{4u*<RRmHx-D{
07-12 14:22:38.828  8470  8470 F crashpad: IWcgjo`6b2Tr,S;q:6St|B;aX(K_G`5ANHiwcdY.VsKJjg8toI]p`nl4Ft=b^`aV+j3kEwq~%e|Kjan@?C~YV5FtSv8s-ilu,unu,Zt_Z.4oh1W6Ri4WDns@|KJ*&G&o,Zxam(RKYP#V:6T,|G^pAIsN0Z({RN'f0Znve5R(5DG%9OsQ$T/nX@5f:b{lN`Kj@yT'LK]6ATXsp09bh9Hf#S+b5QFdTwSg,x2&zl8Em*RF*A1aha^IY_VV#q.<$Z8bSc~3NnZ_j+,I!yzS\j$s:s(<ePfFVCVMeEBcyt=`[K69%u"C%O)fO-X`zYz_#Y`Q[qj\fwi/NDqK,GNm1?:rL9neFnkI(sJ+bw4>w{XQ*b.\t3O6"\8uR;\rRdXroeFnkI|_Q5no'nq<gXnIov_>1bDA|V`eW;l[$m(n31\R:gvi"V,LsIlmMR_6nFT?!@_A3hs3`K8i{_.^xo4?c@ldkt|Db'rVptd73KfICsm\3O0@Too{7~hi`8Uvn_#wre(X
07-12 14:22:38.828  8470  8470 F crashpad: LHCp0?Hs(^*&_ibd#H}V2t-YD_Dn<ZED0KV0H%Ul,k}(-H(0ftzu.>|QVgBf&UuDj6aa)6#fT`}pb646-I[mKsCG4[8AHuW~&a7ex3m({lJJ"\zG9_2aJS(91j>,w;m)E\XH)n9u8JcsK6~S(1npdEys%ZFLNFd'&weq3"oAHuZ+3\4hDwjr;c407@XM2f8wNOeXsKTc0utlaliXxo]lkY$tZlGs`oDl")&D/sN\|B.ZO_=p]p8@[S(E8@3q{Biaws9vHq$T|3Ldp2dlkY\PrFV]_TlYHW;a,TJv%wZ{|S@v0ZqF8f]p8@<a4s[0}aG_uw]@w{0}OJnFFs<)m(+A6J`k}mR50grOu0UvYs?e|G8jpEFt[0CGlsSOtI[cr2PmTtPAkFD@$0:fGw<K:Xhf:qvwe8u>[>w5vmxu?N"d"<&lPA"<JfiOlO,l#+xq>qjQu>MrV,EL[k.8iaFj`wK<{_{wDRW=]t_6|H1;dq(9V52W1_XIO66j`wjW<pSt`>Y\
07-12 14:22:38.829  8470  8470 F crashpad: p5?WoJ_c.`Etigvh+i~P!r'"sVoJ3-xn+i~Pet\{Z`Eto4mJ1<)OW`;SD=pZ"qB}E%qu7_EtyGru`*XA;w<Re|`6(ch7?Y(6~[v8?u)37~ZBFv,Mh38m3-@d+i*hK'MYE[oT\W6q@LT8l)(1>C`9\Qi+?@`t1OtK,-%5x5jG>pq:Y~7A5/6l/A:v\)6LYZ$WMH?6`Ydl*hyvDcH(PT;qjQHWp[p5?+^\p5il.jtab7yn+i2>Hu>j;SUi,]z$kurQ.H(b=fTc+iPg>n+iluMt+izVEwnp{l$iJG}s|2CkPnv`|v=0v5zofa/9v3w58~rnfWcDMgYmD,|cJ,f4jNzkb5frlePsya#3EUBK*mheWuoJ9@}@ir1c^5:D+E-LTNLL;X$SoJ;1?KrZ%AbJ)As?:v|>+AnnLgT(.<%LCP~e@tyjp1.@:vOVXQ2q$L4lsKIO,LrT(Z0IA*RVp[4w&)\\:qt-CAdte6J:emPn\r0q.zOJSKZ\D>~FmepskInc&J).
07-12 14:22:38.829  8470  8470 F crashpad: #+N5Evqb|G8jj:65D^}@OcboDe'X{u@Hx`iv^P!C|`'j~xh)=(*ah`hVE^2`rlX8u>e3Sah{<oc{f>jg-un}hg&LiUZ+AthO,lRq&=.mGJqj}l;J%Diu[knZ=KoknZEwFgs;`nRls;Vs-ks;ThnpOr?vZrotNZgaVg2~CDWaBXPZVF8}kknZ;VotK/}QOrUq@DUa2P]E;6.R@es;xtvD"ZMjz.MID5ne~hzQi>5m2Jd6ieR>D56Aud\vvj8/'Gxbs;<v!`yt#[K+vjnZGG(q89y_-xgK6OhVww!rttnw:n?u`b``{bTU0:=L`tv>:{@L6h|v6;vvlXJL?d$;"K8qmK)vM<Q;HAs7T-sQjopCw.x%#fPn)oOc`T"q^t>D>WEsVpGf{p\(L.0\iuLIcCaohMQ_RK"U3WnepYj6<LS;UsLuLV6./Z--hY:(O6tqX=@V[KcC{v!m,#[6?wh],O;k2Zwog[.8ET;_HNTLSur|nHHeLT\k#6\u+uFsdMIGYN"m
07-12 14:22:38.829  8470  8470 F crashpad: rfA&fa8cLlK7\ThGiwot>/)GiK?X1:+oQL"\89xw:wt/1r/0P)B^U]Vl`Ubj:ZKw/yN&6PaaknL5<hM8vpM@(Q9uG3BbX~iX)w,W>KrZoVt+%1vf@16utQpIE}t+Kog6dg{u8vFuCn!A1KF\&t|1?Hci+x}RWtbYR61~|aF|[[kKW1"xXObdfoksR*p.0Q"x|m~*bw4>w{XQ*b$gJ&fgqt1o$t.8bE)w(uoc&J).#+N5?w;c|Gfq2>65.C6\Ocr[^(TLMoP9:^_BULStVbR|Z8'wl7~iFJ.^0vv9[on=2<|D9.Qg*J\%<@g."Z^s}aBH'rf*F4zZ1;*Z]PDf%VL*d[`FJ6kc-b<|~D~sVI)gt~Ej_l}mVV4wH[S('5+wed6N-)'aNS(9[o?Os~nd*I$jj+lw.uX!he,lRzKIYDR*oNVh>H4t#GXt[me*!ClG>HXl9[b"R2Y/%JDi3CuvyQmc&jzP_w-b`A9@"\251+:J`lar#Axk/ig68LLQyX(upsyl
07-12 14:22:38.829  8470  8470 F crashpad: [r=1vK5vDbj7w@sc|s0w;g(b+)(n4d,^Ms?c31LL9!4bh3p:l/Jqf[E=b#>S"x`pZ|(xoptn?kr^_s_]XE6mteHvldWrz.a0(G`q'uKY8=ytd[7UmJn^8-Du~g"2Y/?v6XFeew$Zr>zwwXXqHe3}IwH#IwPgc\gwtrnj:~A5NLEU>Q|wmcnD(e.XPt,e0Cd+P[|w{Z,SrDd+P[|wMcZPBw2hRZ'V$w|n/wv*2<.tF|Z8qaI\h+l\qkd6Kkyv:?1Lw7aTQIU:llRz\`ApQ^Zv5d(x<o_wAcBrDKJLlijA>D6U)J~qs]c,^0Qj_n>vVGhYqk]w(RXQ5|1k51d|7bGW&%Dpb&R*U63v!r}gtShanFYindoK{_zIUl3>0ugvO_,1&H$t50arzv.k0eT[X/-urwL>HR;_pb?MgVjzXT1a$w4Z-ZqQRR<}[J>skNcX;frQO6JYrQO6huW(U4W]lg+`aJySL;/V;+^5]tj.*pp]Iw#m|[X+D4u4AKi_ydrQ=qjf
07-12 14:22:38.829  8470  8470 F crashpad: &b]gC^Z4P+9RA"9QoaONtKR(Elpac8+iFuxJ{RH_PSVH.I1W_w#x=SR6<_qK7W.8mKvqCG$wDb;7RKOY@6ZfHAq,lhTKHPHWJVvDVsEwo:JtwFHAg7MX41dtBZ~.'1En>&\2jKCH^8'v91!LB4l(/)li}s&Qa6Pgz2]6OA?WvD\v86nh7Wzvbe$}zoh?c@ysFaW}9LOY~m86nhb\}F}G9so:dqynA\^h;q\2emNonBDv}}PK5u+XAc7]#_7MT'6P`KG0h\Het<[2|I=E0+jwDk*m^Abn8t\^ZK6ets8wol2KF2=HihK+~0;s)e&<ju<vFG8Q$)$6Ww~0OK5r`hb2'w4Ryn7g>p=p\AMNVh6tXp.x0q*cld`fXmOu'Lk|~U_p,r^6%6.wJc:c9b_bn}eXTwLLlqlq7t"gg9&L]`)iDpY0<fhe|O#vx,|oW>8LXm6\.h"2Bgz(P6mJGQHsM^3<pK?UALX945|`9{#iWvRY~aguGK$u(/,bF.vuF02Wj:l;
07-12 14:22:38.829  8470  8470 F crashpad: U5S#+Oa>D4JiBW[[jX!rkS]d*bw?J\um(Ons9@3e~HEt,ZS('5?+>@b:sV^\4o~E+m&gvF`<gUnli,%d6nS\)qIO:&`t1NznA\HY]r5h9@a|"nlV?SggV@C@uBbtBKrukJJ`d:tIimi0rMNX15U2rr]PagU51ern&cXe|MvlqM1a5+Em"Akn,6wH-Y<s3j#mG=bUuoLk+Y>Jgf284>z?$tfO&aSS^lqM{v]NDOEj=+oJ$JmF@Hn,|qdaX9<1ov_>1LRit3RqN<j_FJuc|**@FH6+9[b"P1Y/'J'<F^J4fzt-=68s7,$Szz$SzzvlqM1a5+Em"Akn$r}4]h.J_XW_t=A~&L6Qc@TnA+metpOt,ZS('5?+:^t+)A6c28bECw\Os~>dx@$jfy:&`t.MznA\0Q]r5hMj_|DUX9Mi(xDjZ+%x^^k'!cE[#nFs11j-p:0=Klvs3*ggMQG`KQ>Qf:hi#3C3ru]|IjH(t(dz~a;E:~6f~hvBKz7>1vkSdz%,"S)6
07-12 14:22:38.829  8470  8470 F crashpad: DpG5T>pYv(d4Vg|he'bw!KL_2W6K$GUv0Z-efd6vn.0WADia+o\vw;#[>bbd43R\>izFNot/MF+wZ8Q[&Z<w|c#Abn2m]A4Jif@ErCJLp.zfJLRO,s24".;a(sw-twSu@\)w\iJjms`iNL<JULfgi`1J",7+\vW5XmD]1<AAD@@~43}@cq/D&4-vI?t>LoOls>.6/1Q[~+VlNLydd;E\5<|EFD*h]`$eZs"WfG(v1T]66WJT,HTp3MeE$1=vBw'irP,o)H/M43WnnolqCs}sL|^rma]n0MTCia6K69oiiQXg**>s}sBG4[TidwNBX\Hs3<T[$1_ue.zf[Anc\u0V^~Q_fGJKJsR@6wVQXg**tar:LjeMiv"sh-a0nKRk>V?LPn6KBG\hs>Dcq?T[~\RFQ[1r")M(br3R\_bb0;~u3TXmQZQ[~\ZJ%T"o~hy/Hs~!oAyi(:t\[U`i$6not5#6no\)1b|u-RD#*fEKLuKQQ[Lll5HEttoVJNv>z?>qx-yr
07-12 14:22:38.829  8470  8470 F crashpad: Q,\w7A!K)0M(+AFjtE|'5|vBw[DiQZy/?W'f&)P+(v)0?r[AvkzBDUrr2?X.g\9\xgQ[xkn3oibq76R6]cnZi\;GNty/teJnoz/ePcozG`=Y:>WgrrAIqV~HA5Pg:23Lls,,h%%Tjuirh*t>F`fJoiRqU5t{v>t<>qx-yrQ,fls>{v]NJNEjia?sv=91o*<eK/O=FA|v_>;A8IWg~4aVzYN(\v;Cpsba7[b"\/'fGKZ36TTwJgkaIX|HDA2s{C0w8RbrWP\ZpiLloSj^'@roH?Ww{[N(i\rd4<Att?3\noj@2\no\)1b|u-RD#*fEKLuKQQ[b\Hu!fjk-JM(OAHjLA@1LN0}OJDAFs<)M(+Alu7WS>pv/gTRPAe_EA|vKTs>d]hJM(h_Ztn,'m2[+XUM6dU66KBG>e[A*kTr|ZB:R6J:mq,R\ARhhyxOX?tvXPOhhHu,o_9_>aC^FX?aUW.(8q#tQxc4@a}+hV0A'Rul/A/6R:]VTOq>Sqk8Es~qk8Es
07-12 14:22:38.829  8470  8470 F crashpad: GGu,UT;oA43A'Wi|cX;frQO6JYrQO6huW(U4Mh{s/7@_ntNaQ@=a}kH:QakN0S;sra\\bq6<F^J0pIGu>wjvu3WKV]}@It:J7m~P1L?;,w&8SK*w|sg6$/VLyfelD\po+A[w@SUL0Q\+6-Yv!27B`H9>T;&v+v%tVItwlX}nHJx^~m~*bw4>w{XQ*b6\\3QgZt0`}B:ZvaofPae8bEqJLPs~nd*I$jZ)lw8j>*CS*`Sk_k8XHj)*o9x}borMAb'1y/h-<?:F\tVbR|Z8mFwaPAv/0@>TXQCf~FG^z@H;6<$wGE3}?b0cVA6L8t8q8K&D?AVDh)]n8t~+d4'mk_TL^~"GC&kuV?zN~Q<wA7D#{l[KbPyd"G[nB7RzDrHn[J^K:|cX;f-xO6JY-xhm:h&x6|h-Hv0iIY|aquqaV[k',x:\UZ.xc6l8@Y*$.xMkh~agstzzo:p+ovytzzvlCL3RHA.xCUru(EqokuRjG`e*vQ;Nv4JLP'Z#WjXmF1p+;PXJ
07-12 14:22:38.829  8470  8470 F crashpad: .Uew[>"mG=$fuoLk[Y>J'FxM'`i@ZK;/LNXQydBtXLgvA6/HunFHJtl6bE?6+FzXM_7`Ps>"HTI7?WW~xI,)Vg(CRI1&Nwsu#<~A{WRbNAWb:|0S;+13nf"dTp>J:X|00sq9{OX9y~ZjJu\P.4-e41WmCPFr%vW->aUs7+'^9/\/zR)|Tvq;Wwx39n\Z49>Q*J1vK[_;26piu4(f*Du,A\Wg5WB:emdXAs'A_nX1XgPS(99n6~s~Nd^C+mN&rnhRzn%J8D,LZRk8CG`tc]:ArOvJQ#lz@eU6"aEG>eb\9[;ONp#2&1mnjp${8=.8[r8vP79.,qDcZA7Yf6JF6:[tgs$H%p"Jt:dc.6yEqMzZn`&o#nTA>9%,`sW<)>h=TKMBX\~n4bJW8M1clEYrLoJW8M}saQpc&J6VJ(&mC&YsIe|G.u\w'tI7CG(q`9MiBvasXtGBBW5+i_k-(]F=A+)oHu^C%v)So:V}QAALQuR;.8_lmUZj?j<5Ttl%V},v@/Cd
07-12 14:22:38.829  8470  8470 F crashpad: &J#kmad6xa2[m>/WHE,o^C&vUX1[{owoN~&aSS^lWP{v]NTOEj)AeE's9+`o[e:&C@#)~Ke:CdBvCt~F{{DUh9oj2Lku]we[k'CdE[EozK>TO9<waVE7jj4=[Q(Ws77-aBqp~i5s]/_n$Jl^LoMU)Lpfm>K`"RjJUzJGE+&gqluRW5Rinh#}wFVg,[j*56;k^~rw#U"bdw}^TgpEG`1@Kd*v?avkB6K.GjzF<lkw}a5LGsi@FaCT=c<9Gu^tG5&;k\p+}]>uxO9q>jc':K0gvOCgH.sp<9CS*`5LtWxaK_$mFd}Jc,gm[5FVMat;#pz(C;cuH?P+&JcTrJBI%8,G4Goq]tZhcd~HHsgu(e6^g0@WC43AY67?&6DWP5Sa{b|Gfq(rxpf6LNd?$S.H7v61&{fp"v?V;1+j|O|?E>*^ML7[:N5<\>L^w-xCxw/>L/Cwb(nDZ.sV:wFZ/*VhrtRB6u3L#ssvMu@\O6:/Lu~;d@Z._6'``ktQ5<OqX)e6D@|B
07-12 14:22:38.829  8470  8470 F crashpad: 2ZNBxwo^P+hw|*>kF$4^LLGC`GEaywui[gzobQ/AMm&`oo.EbtJW=cJgJ~qz]vLGMhhe>wq72Zm/PqDC,xFF^c#urRKyN^l'9DxwSh`Cm9$k|OLl^v^cPvJRzn=vJR@az~zkFw"hlWEUXw1H^wJQX..vBNZ8uwmU9n`b)geUc3H5@Ar^.fBu?pDMxO~ZkwYj6(]FwCHmJ,?W}5_X.(8q!K{Nc4P+[RKg[#Vh&V6MB2'vEE^@.~jv:LutFs*gab4J&]F\JiV@49EfXTuX>NLQH-he&QH-*vI9CG>s\f3cjs&6o@IBs<LjYs1HLveU>C&m<nHcl,DKS0DDwM$cr_>$V_h+KkyvnT1fI9YK6GTGr/f+\OW2BK{Du=kQzvE/qd6X.(8qAs4RdorQ[JhQ>8/KduyQyRGnN6E:3Q*N1Kdu1ePc!eZX.`GQ[TX+^9\{LQH-he&QH-*vI9CGhQH-ajl0\+X+xp*B!C}Sld^l#:cu}C"&.SX}lY#+15(e_k4bakj6
07-12 14:22:38.829  8470  8470 F crashpad: ApDMxOD0|K5-]FW3kG$fqd6X.(8qAs4RdorQ[JhQ>8/Kdu#V_;;s<f_;;s4RzFX+4J>)2JZt8j[R-HkX@pamMnLe|GDnLe:6aRN5)Lbg@L/Y7AC@Wc#_zw*`auC>T{rQ4jBoVLAcnp><M\_rsqt+6@65;O@*\O51$r_NllzN-xG`>k!eNOW.26/wq_horQY5hQ>8C5DKShpk!e,nvo?s*-HLhEau1eT_rQ1aePb*ta/*VhLQr2w*N5%v0MznuVR*eg26MNLQJ^>a@~jte>)v_B5-8wcPF|Z8guq-'YNpb~?5$uLG=1zXdq,k)@Swat&8Uw2LkFWii6KK__(U0ENLa^\O6f0YPQ<Iji5qEsr/X-nq?j9Jqok5FpDF1La<jg?u-@!2EL8,R*Np>X-a7WjuE0zFWC~(UlVlQvq1q*Nw{pT_ot:,MFkKDOs>NH>qx-yrQ,\w%m$RFXC6c<gU&mX,%dhm%U9IdL81TveLzn?kpMCuCe3+Wr8=qjh\N>*v(6/I
07-12 14:22:38.829  8470  8470 F crashpad: Q4argv6OF5}[b"\/Y/[u'o6=\Q_:2*=6(k&0EAE6emR^,?[rttv{u-vun^F5}SxgOgboTH8OTp2k?u0Y2r1f|syJTkh^rk\qfE?v!Vy8/WHEt9\s-k9.}G|4_K;/LNXQydLg~2QgFJ?HB(h}Ej#tE0w;[01ryXT'T+KtfMzniplY}`xXxU}rQ5EPrK84zs:f[o`oj?Ds-M8)=(J53v>Yrh\3JX|08s7,$Szz$SzzvlqM1aN3<GQtVm+5(]>HUQx_7L!"H[&t}DWm[pfFqDBKS[:3(f*D5,A\go6WB:emdXAs;+_nX1I75aKso(mc&J6Vt-*6Ym[5MsR@-&HAnILe(CbQi+awH5UFqYKw*VUM0eU6J5EGROI7^\<gkOu`3d<-T.5,0<!ckm81!B|+paqMVj`^$SLpVtWtT6+x(+b>/I&siKr^bw!L],:Ohw~KS[BX8=qJ!"3w?3euCu-^eg_nI*X#.nh19wuM8y}z|K{:}hWa^ERN%U#W=?nam|uMK98I
07-12 14:22:38.829  8470  8470 F crashpad: ha1:Hr_]mzOryRFF<VrukXzZn`TC[,#Dr+~m~*bwt>w{0}'v`w4RFX=aNWA3xw#~,sC4v0il~I$Se6wKo/LL?v1*vw-3IgQ;Uz*xJ*86KLuat;kFE@RM@UBgXa>J0o^,=rA(4S1W#VO6v3dM"b#VZL'vmFyvDZdT_:~pYZ@L$~$o<O$J\sOEh=1w3P*:HrCP"vu3faUlX(<g,Y#V#V9oq}tVLr~_L6W]KjN`#JturQzq.IQd&lWKt>~C>Glun_`i<h$WMBX\Hs=Q4{-)qvMS(9YnsOs~Vd"ERqk|81|JnMzn?kVVCuCe}poNz@R:YEf6NL\@e+r\FLUbF|Z8K6mDaT\Og`<IM9juZu6c\Oz.Eu|K7RHA%eO-CL:v0j@IQ]D+]Van$t.L#Vk\tC|K{4[W|v-3?QM9$J|s|=Df*v6sBWE,OImXrl|Yyv]Kt>~C>G|uh,oi<h$WMBX\Hs}Q4{K(qv_<gUzQ's/6`oc87.qKNs\m&`}vOtB3M6a|DUp9QkNv
07-12 14:22:38.829  8470  8470 F crashpad: wN=&v<lw{LP)=(fsr;#Lo:cq7Uf+ju}vQunutrN*,'"%mX,s<}k\tC{KS,Pnq)qV8d0M\OA5h+tn.u%eDQ<w+|7@zQHq?u7/N6QZ;o(o789QM9}akQKAL/LN0}OJN6Gs<)7-+Aluxd~m>K3g.SPAe_O6}vKTyQXY_aOs@?OlzQ3jWeennv{BCu.$#C3>gr^~>L~Q\83oT7w-,'x-,'`af+4Jed:V)aJWB7zn&A.?Ger8gV>Ll8ApLC6b9n|Tas@?t\<n6?O*yQ)a|u8Tn\]Q2JHnV6j73\%ej`kuQ6qJHf"f4@$J7-OAHjLAL/LN0}OJN6Gs<)7-+Alu>WMO,s@4F0a43AfSp9CS>JY^d7&Ly{DUp9Qk?186yQd]yLP)m@=W0I5o}|dw78PYxv~MnY#wOT7IY_Xvakw$.Kqk?9uj8\tvwVA"te>:`Ajf8=fv&j)Np[?aBE<o\qt+4.|S>IDu~Wj?kY5oKgNtqoF>bTpa%d@bNMVBh5_TqVtOs>f8|ogO
07-12 14:22:38.829  8470  8470 F crashpad: &aW5Lwnan:*09.+Apo\ai{nd*INox`Q/4SW.&HUl~ZrFMNDU*:Um(wNwyuMK^TirKc|$*v+OLQ)g4K(LlR"v\Z0Z}2\'Df-a\:bEPKz/{V]%(6v\:FJ@EWX^?6qbv3bf&mbNo=c@hdV^'v;5[oH~Ej_l}mLa4vb>(0-I'v>QL{gvqF1BnnG)$V;Jhndl{},sC4v0a4DcNL~sAzznuVZ2vq3hB5&*[O>DfKD~L5Vr56#VStVbR|Z8+wCf,;s@,p#LmqEui*\6JYpggaVrTOb^TsO=2LZL=1Bc:jc+{Q8VeQ8bhSd]0)0<aZ0)fgRLLN2v<o@*awfT*cPv@6ZA0z6v`jQLRA<@mog[0)fv(pN(SCfwRT3^]a3bYDZJKqLW?:f$6W(j4O1Wwabn|[&<@mn\Xrd&ooxwdCB4V{.h4/Urtbn5rnYpUubZhv=k^68jq:jj/AkET;~8t+~CF}vFCW(G6wkott^v.qR\=J'sp\Q.I\iGCwKX1[skwoN~&aSS^lUL
07-12 14:22:38.829  8470  8470 F crashpad: :RDc#L`.0QBbH7$JcQ@Htn\#a0XPO6r-9nl=VlMs??cV*b{mUgz>`a7npIFeV%aB5o8K813^#T%@)+ZuJ>u,^JloR7w-z&x-z&`a")4Jv?rJ{o,X^Z%x]zh*|Z~dh2MX6f&D~ls".r2z(1E\]r]wel)th>P^16picU+o\v8@3R~p[p*<(0-I]5oIm(3JZ{TOEj#t-,w;}1m0ZH3#Au3Jm(K6~SrF`p"Veo:7lw.or@eq9`"w=8q-$_,qmT:V*zEvBm`NZ8#1qtjdQ*@Ty^<1=r'k2m]nvV^091\wOmT_6b.e@C$)">N.Bd;wqhOa\h)6xerMF<D4tF!cfiNlm]+sp\;3d>E4fz'`i@`K;/LNXQyd.J3RDccz;Jhn8\TO,s=4j:3K%c8Jkn&`9+ST]riR0e%rctI,mpHlRKczStVb:|H?ez60(s}?F07ml`h=!)dsvkpj{ovuZiiIlWGLHL?bdh4Km9J*6w^k,75u.0XvF_]mp:Gw!4zK3GrZedd\W\Pg
07-12 14:22:38.829  8470  8470 F crashpad: J6+L'q&}#dBFAv73AK+X/f"bw@cKNXggZw$wa^dT8v;7fIGwkS4w{c"xdcH_1wq?>hQvFV_n%4^rXr/c_2B{"m+6wmfVVuI9L_SK5-^gj^"`0ksQ~GhJ?vU=w{XQyd`qnq}(@KQS|C:@PO,sN4j2]VHlrS$;CSrDXE6@:6{{jp@k<wFw1U'}gcb+rlynjtGIHyb*C;cuCF=0@yF0[Qw5TufJlI\@VL+aUalbvlvln>o;}KwuN)g9<g>\VTyI0oPg+c(myK#4}40Gc?S-(M"bn4g^]pFv(TzZ56`*P9"e0,[0Z0}VtQPv6*QgJjlGAlSC=J\)$Jy~X5"aHUU6et{?NEBf5v\v/WrpRYGW(ooNQ_:W,FX.76x]Gs03]azc#Ape:LHA9R<cQK8PEj#tb/w;}1m0ZH)>TrHsGfwKo/pa]i@9>gl[GG"up-ok:A>C$GEQ*w~p;o`oF>PI`bB|H?K@F>w37mRnar)_g`<IlQ@,Nh}BSux[XY)m2j<=sVzfFl^5
07-12 14:22:38.829  8470  8470 F crashpad: 7#`Uh*h`'U2?uYSV^`,o$A(U#\Do'AGW15'u<LIBCDFA"R;gtD_iZE0L~1Js@_^l)q]Z_5OA$;rkR/.Q8aw?DTnhx5ANw>~IsS=c<9Tn0qF{K('q./+AFj^~Z6j\EF%5}mtMoJ1c|G8j<=nIZD~1Xr|Ct5uGioBF~sXtgHVvGm`N>J%1%DpeXq:6JX|0*\".EAw5_mV@$;[r.qF{aCdtS^2wig|aXG43bg>CA3rpX5tl\S^>G]v5e@.LyD*<6Jop/\Yg\=@W"rPQ!rkS]d*bw?J\iG2&`n~4:vU=w{XQyd2J3RvPqMdc!wUD1&neN2F<oV7@3lRO|M:&>+ov_>ez-bJ8I7nmOA$;I=$_G4,&0j3+qM\>GeX[?j!0@9urCRGUdzEK>+ov[5Qu>QzzQ;IJGl7i&V~5bsiIyAt_htDSttnd?+?rlTas=?%t;+OZ!rkSvc*b+9-,`sW<)>zZ:6>]CjVs1mASdW3n0XA3:6p,%d6nS\[JY0ye<-he@VTs!prM
07-12 14:22:38.829  8470  8470 F crashpad: emko<~>vBlGK76"%J5EG\hqM60hsd@|;KA"m8`_k$ZjhW=RhhyxOp<Z6,GY9HYV=LLJpn03<+HXUjsPF>eNPD3ju+L!l6uha<bh:HUI,$+x>,AbhrN7bGW&%Dpb&R*U63v!r74H}yJK_SUP5jF1[(KsKnk\T6v<X:sFLigD6UwBlA,81"RS/>g@8$]8,lo*':"_lXwgT2+pa;oA4}V{K_S{'%t=L5@yuJlG3:^^B%wdFBI4\atCTrd>/Pae_y_X.d/fjfv;u`KnH%wdF:)P)=(>q*o?sHtv}?5cKrEw3NQJTNs4v5R0YXe(O(E61Z5`iE+|npi3dqlN;(bHpBVtVC4|MV>j6(GALr:KSbH>WNHhH\o3d]@/;0cVAYEv\RE?wUKBLg[k;lDhEAv)Y,LpaWgEDzfZthCvJ~i~`,onc*b'WG`yd&u90'b'G*h;g#Ape:LIjY?BBVCzfB(&tl2U?xmvonG1B-5pVLt1K{v_>;A:D@L)6=c>a?A#xv)rl6eHq
07-12 14:22:38.829  8470  8470 F crashpad: HJ;cBue_mDmiQC4K;W,Wg`<I,m6RfD3KOwmsh'Lw$L\7SK$L,_5^bm`2g*-m&UkG.q`s~sJvFafiatZ:KJ,z`r8*4mZh+m\o*Z9V7b\rvwx^URuoLkWh^5;W,W{v;9bg`-yrq<1J3L\FW(!c"E+m|BWAG*!k>h44@a2g&50q3bjEn8fx.)B#2L\F3Bn8N,RoH9MicKNv8S.)xN5+i_C?!cM2A6Gj>2wEIA[DFHbw%:BbP-&d<-|O.4Jup:Jf&aHEbR;[~TLnCR.pcuJZGAvnvEbtp+kVQ2$c,7NJaCro31.:@k~0<:i>hK/Ijt4?|Yar~GoZ*s9>HE%x.T~r`+3@z/zqd?Xv0CNh^gj^(:\sOlmX`nV`AvU=w{XQyd`qx)m>kjJ^;J*_fD$JW+AHy,P;gaX9|Qqv_>1Leit3Rqd?j_|uzc8rDST38]fD8Q(%gE}STg*6Pt-Hf5c#T-o;L@Z^XY++8--\"*saa_fjKt%4-O`H{[XU*q+T;q0_p,he,<.v
07-12 14:22:38.829  8470  8470 F crashpad: VGDg8W/exs-Z@p>a'E[J.@Z^pb`g6q0_>sFL*?$3ia.\"*[\"q&jdK>3}XV@$3Rh6cldjRznYdnt6FBRX+>c8jhqMTNX}t1I:85oyqNvjjZ@aK7?X.AKi_yXrQ$xCXZO/barZCslcaGR]@jV1wX=Jt4MmIGU"~bw7y(YCw|[G5vM-Y,xj`-x/q-0n@j6zaSg;jM.b\:ja/(Usk9I?17vXruc~BPw>lFj*0Fh4oyU45|u)'k\B>G-)vFICp?+DWvx{vkQ7WB:emdXAs|s7xK(co|65a3WvxQ5Dj7`PR"szl^n2-kv_>g55ZjFMVvxGG(qh78m-VFj6w2-m?F$CC3>-s;L2hinwV;@Apd)<'V_M.FT#uPi/:];cop47aJ5DVN.(=&tzK(T:Juf`VBe\5XKV]#i^gj^h;\sAUdOG[]2woN~&aSS^l=S{v]NdOEjsVE5's%A`o_e:&C@M.~Ke:ee.>VlMsA?cV>S1gpj[o$qVdU6J5FGL<eeF0[Qgf*lVaHW
07-12 14:22:38.829  8470  8470 F crashpad: <J5Rl/|G~t1bzr;,ha>S?b/+blkV9g>SZlHwJZ=S\abvBha2/bLv2]FTDDew-aV|&ea2/bLv2]*Fp)/m<u6B(%&vLk:fa2ywvobGck8@TwDDhg=w/LGq\kjN$4W6Rhv5UO<5xMDfa2Y[$?3>as[\yA7s+DP1`s;,Z>yn7&:O<{AC;ww*blkV9g>SV2WPT58`NfO5LJMj`/.Q&Lp^O1`s[<)>|;TKMBX\~n4b0OsbAPdOEj#t',w;A3YF0Cp-\=>SO6~SYrD7PJ10Ig/:_o[w6fntnL,LsIkmC]=Scq+r/:8tZQ$/{lyVeE"j"J_7g]|;1\gVak\:u;#/Ts~5ZPT5VoGgIohplQP^16picU+o:5(=}Kzsag`-yrq<gux;Gs;)yn~J;s/:$JY\@Hr,?iD=l+bn&`[5Lj-mb*CGlsaO<5cw7Npu?cYnC@hr{`HWU5x@jg_52elKUlFunV_n3H/Y.f^b^fxoRl^PT5PljgO5p<>qvSvc*b+9GW@Jm.,[Ti4W
07-12 14:22:38.829  8470  8470 F crashpad: /?9q;J)GUl>1)Jm.zfVrSO,sA4V0c5ZvZsMe|GboRlx5rRzkf5$n%u[+/:AvBmdN2d)LSa<ZDCR2-LSa?ih]$WAWOru9heC#Ts{MCS^aYYDCR2)LSa%pzjJPCS*gCvpt-vptgWDC8UCSdt9wwJL1X.dE(LSa{I8Vj(*18A3w]m&`=vptgWDC~hL.L4lk_a+8heC#22Y/Wt"(>9Aj(=YK'i(=iaHv|Zzw`\0Y;Vc\0Y&f4]CSx`CSEr")6t|EoqqCX.l\B>A~&L6Qc@Tn;w?Nw>zZ:6>]CjVsEWCS1aq82:Vso[0YQ5Dj7`PR-HAuSZX-W.0=2:.md,X.pNz@2:?Hv^wuu;ci~xX)=(S5:1m@7sGr^`7f.N;@>SNL*wK.H4DVFp]sir3HyVioy@7n46)ItN&`Av}BNE/WHE&^#kM.~GT`AvU=w{XQydLg$eI(T5NSTo<uz},sA4V0a44?lSx9CS>JI6k;zVy{z@2:?HZv~eHqrR,LsIkmwW=SFtH:Qv4a
07-12 14:22:38.829  8470  8470 F crashpad: h>$@HW_n&f4ah>zQ4<oGY4^h.oFmFoe5xpT`]CDSXGn]>w@\sa;?$fuoLk+A~EDLm.,[<Y:6>]CjVsK*<':1}Im.0QeesOs~^dDF+mN&rnlRzn%JO_\/~qrRzkb5$n]Qbk/HlV9[b"22Y/Uo&63NVr!BqV8us*~lJ7XU8u;.nsR+)?hed}jIrruj{`nTNo&6Mc{`NDNKjz,JUlhc{`NDMKjzqsR+qojI(]iU8u?0VrWmvobGck$VJrsj{`DOjI2RnatMQf,KcZ=S1g:?$uA.Vr!Bu;E@d0h]VeelSIT0(Wf8iaf5^3f4NP;VYg|E24NP.,=Sl`)Im(v`"k=aFQKAd[E-)vZ3/_!Km(~G|4_K;/LNXQyd2J=Fvi8@meN2h]"K:60QhkOGIk!Wf8?WO:CCBtrF00C$VrOmMIxN7NzjCGm(:\)TPe>@]#cq_kHUTZ`zDMdu%DXs3p01\\6p$?LwIt8QFdTw=LBvtuvkcjHL7Q(G+z'6IFRnv@,(!#pV)i[p
07-12 14:22:38.829  8470  8470 F crashpad: >B<JpR>@4k.W4a?khe0AdG~h,=j>XQ>V1.|l.uh^rvZ~z>,*lKP)gozg0a1cQ*Xb2KUwmp6b.b(3xozhu=ted:Zu7m9hge~SL@l;Vs;a%T'sL\bw4>w{XQ*b6\,o6e%av/T->dct6a&s)g&)L.q*:jb?<chWw3~Ko/xaw3Ug\qq|onFML5xMfexi\sI"R2Y/Ut8a1Xx..gd;22)vXpLnfgjQRVJV3;?gd;HMeT.,%LaJQR*wCtSX@WH+0gd;.0R6p5buyogz@WH+0gd;bjfgjQ4WJV-(ioxY.T@W~V`gFn9_dIqB_c%LaJus$i4IMH}B#vXpH`l\+4zB|5?V)wCtgrIcDXBLh(tpPd767^Rp?qkDL9@WXuE}W)~l.:*rhr?.`5L2@=gv]oBk_6XN|u]gS3r\Bh,j2b}8/WHE,U(FXAb.,[Ti4W/?9q;J)Gwm|5a7T6NSTo6Ovt=g^\@HJXJy&@4L@Rzn7g<K]tr\R(5Dyn=qBb?="v]gajZVE[-oVwt+
07-12 14:22:38.829  8470  8470 F crashpad: r'_;
07-12 14:22:38.829  8470  8470 F crashpad: -----END CRASHPAD MINIDUMP-----
07-12 14:22:38.875  7314  7314 F libc    : Fatal signal 11 (SIGSEGV), code 1 (SEGV_MAPERR), fault addr 0x670000005d in tid 7314 (ibekey.keyboard), pid 7314 (ibekey.keyboard)
07-12 14:22:43.019  8494  8494 F DEBUG   : Process name is com.vibekey.keyboard, not key_process
07-12 14:22:43.019  8494  8494 F DEBUG   : keyProcess: 0
07-12 14:22:43.019  8494  8494 F DEBUG   : *** *** *** *** *** *** *** *** *** *** *** *** *** *** *** ***
07-12 14:22:43.019  8494  8494 F DEBUG   : Build fingerprint: 'OnePlus/OnePlus7Pro/OnePlus7Pro:12/SKQ1.211113.001/P.202303230244:user/release-keys'
07-12 14:22:43.019  8494  8494 F DEBUG   : Revision: '0'
07-12 14:22:43.019  8494  8494 F DEBUG   : ABI: 'arm64'
07-12 14:22:43.019  8494  8494 F DEBUG   : Timestamp: 2026-07-12 14:22:39.438348739-0400
07-12 14:22:43.019  8494  8494 F DEBUG   : Process uptime: 0s
07-12 14:22:43.019  8494  8494 F DEBUG   : Cmdline: com.vibekey.keyboard
07-12 14:22:43.019  8494  8494 F DEBUG   : pid: 7314, tid: 7314, name: ibekey.keyboard  >>> com.vibekey.keyboard <<<
07-12 14:22:43.019  8494  8494 F DEBUG   : uid: 14258
07-12 14:22:43.019  8494  8494 F DEBUG   : signal 11 (SIGSEGV), code 1 (SEGV_MAPERR), fault addr 0x670000005d
07-12 14:22:43.019  8494  8494 F DEBUG   :     x0  0000007900000074  x1  00000071f24b3978  x2  b400007086655000  x3  0000000000000005
07-12 14:22:43.019  8494  8494 F DEBUG   :     x4  0000007fc1eb1a60  x5  0000007fc1eb1a20  x6  0000007fc1eb1af8  x7  0000000000000005
07-12 14:22:43.019  8494  8494 F DEBUG   :     x8  0000006700000075  x9  200c4eb50c0526fe  x10 0000000000000007  x11 b400007086655000
07-12 14:22:43.019  8494  8494 F DEBUG   :     x12 0000007fc1eb0518  x13 00000071f24b3979  x14 0000000000000005  x15 00000000ebad6a89
07-12 14:22:43.019  8494  8494 F DEBUG   :     x16 00000070eb136cfc  x17 0000007fc1eb18f0  x18 0000007217522000  x19 b400007086655000
07-12 14:22:43.019  8494  8494 F DEBUG   :     x20 0000000000001130  x21 b400007086656130  x22 0000007900000074  x23 0000006700000075
07-12 14:22:43.019  8494  8494 F DEBUG   :     x24 000000716af1dc40  x25 0000007fc1eb1a00  x26 b400007171811270  x27 b4000071719ae980
07-12 14:22:43.019  8494  8494 F DEBUG   :     x28 0000007fc1eb1900  x29 0000007fc1eb18b0
07-12 14:22:43.019  8494  8494 F DEBUG   :     lr  000000716aac23a4  sp  0000007fc1eb18b0  pc  00000070eb136d5c  pst 0000000080000000
07-12 14:22:43.019  8494  8494 F DEBUG   : backtrace:
07-12 14:22:43.019  8494  8494 F DEBUG   :       #00 pc 00000000000a3d5c  /data/app/~~J5PyHDXYJ1L1F89Vr-fnXg==/com.vibekey.keyboard-r9W8p-GgbOSe7Qx6-jFSZg==/lib/arm64/libjni_latinime.so (BuildId: f905dbd1a904967a994cf833116e517b05caa863)
07-12 14:22:43.019  8494  8494 F DEBUG   :       #01 pc 00000000002c23a0  /apex/com.android.art/lib64/libart.so (art_quick_generic_jni_trampoline+144) (BuildId: cecb684d19b4f44ee3cbd66142c315f4)
07-12 14:22:43.019  8494  8494 F DEBUG   :       #02 pc 000000000072b39c  /apex/com.android.art/lib64/libart.so (nterp_helper+780) (BuildId: cecb684d19b4f44ee3cbd66142c315f4)
07-12 14:22:43.019  8494  8494 F DEBUG   :       #03 pc 00000000001848c6  /data/app/~~J5PyHDXYJ1L1F89Vr-fnXg==/com.vibekey.keyboard-r9W8p-GgbOSe7Qx6-jFSZg==/oat/arm64/base.vdex (com.android.inputmethod.latin.DicTraverseSession.a+22)
07-12 14:22:43.020  8494  8494 F DEBUG   :       #04 pc 000000000072b884  /apex/com.android.art/lib64/libart.so (nterp_helper+2036) (BuildId: cecb684d19b4f44ee3cbd66142c315f4)
07-12 14:22:43.020  8494  8494 F DEBUG   :       #05 pc 0000000000184470  /data/app/~~J5PyHDXYJ1L1F89Vr-fnXg==/com.vibekey.keyboard-r9W8p-GgbOSe7Qx6-jFSZg==/oat/arm64/base.vdex (com.android.inputmethod.latin.BinaryDictionary.a+84)
07-12 14:22:43.020  8494  8494 F DEBUG   :       #06 pc 000000000072b884  /apex/com.android.art/lib64/libart.so (nterp_helper+2036) (BuildId: cecb684d19b4f44ee3cbd66142c315f4)
07-12 14:22:43.020  8494  8494 F DEBUG   :       #07 pc 0000000000174402  /data/app/~~J5PyHDXYJ1L1F89Vr-fnXg==/com.vibekey.keyboard-r9W8p-GgbOSe7Qx6-jFSZg==/oat/arm64/base.vdex (b9.o.a+22)
07-12 14:22:43.020  8494  8494 F DEBUG   :       #08 pc 000000000072b884  /apex/com.android.art/lib64/libart.so (nterp_helper+2036) (BuildId: cecb684d19b4f44ee3cbd66142c315f4)
07-12 14:22:43.020  8494  8494 F DEBUG   :       #09 pc 000000000017124e  /data/app/~~J5PyHDXYJ1L1F89Vr-fnXg==/com.vibekey.keyboard-r9W8p-GgbOSe7Qx6-jFSZg==/oat/arm64/base.vdex (b9.e.a+34)
07-12 14:22:43.020  8494  8494 F DEBUG   :       #10 pc 000000000072b884  /apex/com.android.art/lib64/libart.so (nterp_helper+2036) (BuildId: cecb684d19b4f44ee3cbd66142c315f4)
07-12 14:22:43.020  8494  8494 F DEBUG   :       #11 pc 00000000005e7a20  /data/app/~~J5PyHDXYJ1L1F89Vr-fnXg==/com.vibekey.keyboard-r9W8p-GgbOSe7Qx6-jFSZg==/oat/arm64/base.vdex (v8.r.b+152)
07-12 14:22:43.020  8494  8494 F DEBUG   :       #12 pc 000000000072b884  /apex/com.android.art/lib64/libart.so (nterp_helper+2036) (BuildId: cecb684d19b4f44ee3cbd66142c315f4)
07-12 14:22:43.020  8494  8494 F DEBUG   :       #13 pc 00000000005e6c6a  /data/app/~~J5PyHDXYJ1L1F89Vr-fnXg==/com.vibekey.keyboard-r9W8p-GgbOSe7Qx6-jFSZg==/oat/arm64/base.vdex (v8.p.e+58)
07-12 14:22:43.020  8494  8494 F DEBUG   :       #14 pc 000000000071dc6c  /apex/com.android.art/lib64/libart.so (nterp1_op_invoke_static+44) (BuildId: cecb684d19b4f44ee3cbd66142c315f4)
07-12 14:22:43.020  8494  8494 F DEBUG   :       #15 pc 00000000003b33fc  /data/app/~~J5PyHDXYJ1L1F89Vr-fnXg==/com.vibekey.keyboard-r9W8p-GgbOSe7Qx6-jFSZg==/oat/arm64/base.vdex (helium314.keyboard.latin.LatinIME.onDestroy+252)
07-12 14:22:43.020  8494  8494 F DEBUG   :       #16 pc 000000000253aaa8  /memfd:jit-zygote-cache (deleted)
07-12 14:22:47.443  8515  8515 E OplusCustomizeRestrictionManager: sInstance is null, start a new sInstance
--------- beginning of main
07-12 14:23:42.069  8515  8515 I VkTyping: ▶ open restart=false pkg=com.android.launcher inputType=589825
07-12 14:23:42.245  8515  8689 I VkSuggestions: decode typedLen=5 candidates=18 locales=2 10,4ms
07-12 14:23:42.256  8515  8689 I VkSuggestions: strip composing typedLen=5 candidates=15 autocorrect=false top=Jorge locale=pt
07-12 14:23:42.950  6835  7501 I OnDeviceAssist: warm ok model=qwen2.5-0.5b-instruct-q4_0.gguf ambient=38 chars 0ms
07-12 14:23:44.707  8515  8689 I VkSuggestions: decode typedLen=6 candidates=18 locales=2 13,3ms
07-12 14:23:44.708  8515  8689 I VkSuggestions: strip composing typedLen=6 candidates=17 autocorrect=false top=Jorgej locale=pt
07-12 14:23:44.880  8515  8689 I VkSuggestions: decode typedLen=7 candidates=18 locales=2 9,8ms
07-12 14:23:44.881  8515  8689 I VkSuggestions: strip composing typedLen=7 candidates=17 autocorrect=false top=Jorgejh locale=pt
07-12 14:23:45.064  8515  8689 I VkSuggestions: decode typedLen=8 candidates=18 locales=2 11,5ms
07-12 14:23:45.067  8515  8689 I VkSuggestions: strip composing typedLen=8 candidates=17 autocorrect=false top=Jorgejhh locale=pt
07-12 14:23:45.386  8515  8689 I VkSuggestions: decode typedLen=10 candidates=18 locales=2 10,1ms
07-12 14:23:45.388  8515  8689 I VkSuggestions: strip composing typedLen=10 candidates=17 autocorrect=false top=Jorgejhhru locale=pt
07-12 14:23:45.549  8515  8689 I VkSuggestions: decode typedLen=11 candidates=18 locales=2 10,1ms
07-12 14:23:45.550  8515  8689 I VkSuggestions: strip composing typedLen=11 candidates=17 autocorrect=false top=Jorgejhhruu locale=pt
07-12 14:23:45.713  8515  8689 I VkSuggestions: decode typedLen=12 candidates=18 locales=2 16,1ms
07-12 14:23:45.713  8515  8689 W VkSuggestions: slow frame 16,1ms locales=2 typedLen=12 candidates=18 parallelWait=16,0ms
07-12 14:23:45.715  8515  8689 I VkSuggestions: strip composing typedLen=12 candidates=17 autocorrect=false top=Jorgejhhruur locale=pt
07-12 14:23:46.394  8515  8515 I VkSwipe : ▶ gesture started locale=pt-BR
07-12 14:23:46.418  8515  8689 I VkSuggestions: decode typedLen=2 candidates=18 locales=2 17,9ms
07-12 14:23:46.418  8515  8689 W VkSuggestions: slow frame 17,9ms locales=2 typedLen=2 candidates=18 parallelWait=17,8ms
07-12 14:23:46.430  8515  8689 I VkSuggestions: decode typedLen=0 candidates=18 locales=2 12,2ms
07-12 14:23:46.579  8515  8689 I VkSuggestions: decode typedLen=3 candidates=18 locales=2 15,6ms
07-12 14:23:46.592  8515  8689 I VkSuggestions: decode typedLen=0 candidates=18 locales=2 12,2ms
07-12 14:23:46.727  8515  8689 I VkSuggestions: decode typedLen=4 candidates=18 locales=2 12,6ms
07-12 14:23:46.739  8515  8689 I VkSuggestions: decode typedLen=0 candidates=18 locales=2 11,7ms
07-12 14:23:46.992  8515  8689 I VkSuggestions: decode typedLen=5 candidates=18 locales=2 10,9ms
07-12 14:23:47.006  8515  8689 I VkSuggestions: decode typedLen=0 candidates=18 locales=2 12,9ms
07-12 14:23:47.016  8515  8689 I VkSuggestions: decode typedLen=5 candidates=18 locales=2 8,1ms
07-12 14:23:47.029  8515  8689 I VkSuggestions: decode typedLen=0 candidates=18 locales=2 12,4ms
07-12 14:23:47.316  8515  8689 I VkSuggestions: decode typedLen=1 candidates=18 locales=2 16,0ms
07-12 14:23:47.317  8515  8689 I VkAutocorrect: offered: e → e
07-12 14:23:47.318  8515  8689 I VkSuggestions: strip composing typedLen=1 candidates=18 autocorrect=true top=e locale=pt
07-12 14:23:47.443  8515  8689 I VkSuggestions: decode typedLen=2 candidates=18 locales=2 11,0ms
07-12 14:23:47.444  8515  8689 I VkSuggestions: strip composing typedLen=2 candidates=15 autocorrect=false top=ei locale=pt
07-12 14:23:47.610  8515  8689 I VkSuggestions: decode typedLen=3 candidates=18 locales=2 8,6ms
07-12 14:23:47.611  8515  8689 I VkSuggestions: strip composing typedLen=3 candidates=19 autocorrect=false top=eiu locale=pt
07-12 14:23:47.777  8515  8689 I VkSuggestions: decode typedLen=4 candidates=18 locales=2 9,4ms
07-12 14:23:47.779  8515  8689 I VkSuggestions: strip composing typedLen=4 candidates=18 autocorrect=false top=eiuy locale=pt
07-12 14:23:47.909  8515  8689 I VkSuggestions: decode typedLen=5 candidates=18 locales=2 4,9ms
07-12 14:23:47.910  8515  8689 I VkSuggestions: strip composing typedLen=5 candidates=18 autocorrect=false top=eiuyr locale=pt
07-12 14:23:48.050  8515  8689 I VkSuggestions: decode typedLen=6 candidates=18 locales=2 5,8ms
07-12 14:23:48.054  8515  8689 I VkSuggestions: strip composing typedLen=6 candidates=17 autocorrect=false top=eiuyry locale=pt
07-12 14:23:48.638  8515  8689 W VibeKeyProfiler: Slow Native Suggest: Total=9.77ms | Init=0.13ms | TrieExpand(x3)=9.62ms | Scoring=0.02ms | inputSize=6
07-12 14:23:48.801  8515  8515 I VkSwipe : ▶ gesture started locale=pt-BR
07-12 14:23:48.818  8515  8689 W VibeKeyProfiler: Slow Native Suggest: Total=9.67ms | Init=0.19ms | TrieExpand(x16)=9.46ms | Scoring=0.03ms | inputSize=1
07-12 14:23:48.823  8515  8689 I VkSuggestions: decode typedLen=0 candidates=18 locales=2 15,1ms
07-12 14:23:48.930  8515  8689 I VkSuggestions: decode typedLen=2 candidates=18 locales=2 11,1ms
07-12 14:23:48.946  8515  8689 I VkSuggestions: decode typedLen=0 candidates=18 locales=2 14,5ms
07-12 14:23:49.051  8515  8689 I VkSuggestions: decode typedLen=2 candidates=18 locales=2 14,9ms
07-12 14:23:49.064  8515  8689 I VkSuggestions: decode typedLen=0 candidates=18 locales=2 12,0ms
07-12 14:23:49.297  8515  8689 I VkSuggestions: decode typedLen=3 candidates=18 locales=2 10,8ms
07-12 14:23:49.309  8515  8689 I VkSuggestions: decode typedLen=0 candidates=18 locales=2 11,7ms
07-12 14:23:49.569  8515  8689 I VkSuggestions: decode typedLen=4 candidates=18 locales=2 14,6ms
07-12 14:23:49.581  8515  8689 I VkSuggestions: decode typedLen=0 candidates=18 locales=2 12,3ms
07-12 14:23:49.596  8515  8689 I VkSuggestions: decode typedLen=4 candidates=18 locales=2 8,1ms
07-12 14:23:49.608  8515  8689 I VkSuggestions: decode typedLen=0 candidates=18 locales=2 11,4ms
07-12 14:23:49.615  8515  8515 I VkSwipe : ✓ gesture points=55 decodedLen=3 candidates=14 top=IBF 815ms
07-12 14:23:50.171  8515  8689 I VkSuggestions: decode typedLen=2 candidates=18 locales=2 9,6ms
07-12 14:23:50.172  8515  8689 I VkSuggestions: strip composing typedLen=2 candidates=14 autocorrect=false top=dj locale=pt
07-12 14:23:50.367  8515  8689 I VkSuggestions: decode typedLen=3 candidates=18 locales=2 9,0ms
07-12 14:23:50.368  8515  8689 I VkSuggestions: strip composing typedLen=3 candidates=16 autocorrect=false top=djh locale=pt
07-12 14:23:50.590  8515  8689 W VibeKeyProfiler: Slow Native Suggest: Total=9.43ms | Init=0.09ms | TrieExpand(x10)=9.29ms | Scoring=0.04ms | inputSize=5
07-12 14:23:50.591  8515  8689 I VkSuggestions: decode typedLen=5 candidates=18 locales=2 13,7ms
07-12 14:23:50.595  8515  8689 I VkSuggestions: strip composing typedLen=5 candidates=19 autocorrect=false top=djheu locale=pt
07-12 14:23:51.369  8515  8515 I VkTyping: ▶ open restart=true pkg=com.android.launcher inputType=589825
07-12 14:23:52.237  6835  7501 I OnDeviceAssist: warm ok model=qwen2.5-0.5b-instruct-q4_0.gguf ambient=40 chars 0ms
07-12 14:23:53.203  8515  8689 W VibeKeyProfiler: Slow Native Suggest: Total=8.72ms | Init=0.53ms | TrieExpand(x15)=8.17ms | Scoring=0.03ms | inputSize=1
07-12 14:23:53.208  8515  8689 I VkSuggestions: decode typedLen=1 candidates=18 locales=2 14,5ms
07-12 14:23:53.209  8515  8689 I VkSuggestions: strip composing typedLen=1 candidates=19 autocorrect=false top=j locale=pt
07-12 14:23:53.385  8515  8689 I VkSuggestions: decode typedLen=2 candidates=18 locales=2 10,2ms
07-12 14:23:53.387  8515  8689 I VkSuggestions: strip composing typedLen=2 candidates=13 autocorrect=false top=jj locale=pt
07-12 14:23:53.561  8515  8689 W VibeKeyProfiler: Slow Native Suggest: Total=8.78ms | Init=0.06ms | TrieExpand(x12)=8.69ms | Scoring=0.03ms | inputSize=3
07-12 14:23:53.562  8515  8689 I VkSuggestions: decode typedLen=3 candidates=18 locales=2 14,7ms
