06-01 16:51:41.736 27558 27558 W AdManager: Ad loads paused 120s after publisher error code=3
06-01 16:51:41.736 27558 27558 W AdManager: Native ad failed to load: code=3 message=Publisher data not found. <https://support.google.com/admob/answer/9905175#9>
06-01 16:51:41.761 27558 27558 W AdManager: Ad loads paused 600s after publisher error code=3
06-01 16:51:41.761 27558 27558 W AdManager: Interstitial ad failed to load: code=3 message=Publisher data not found. <https://support.google.com/admob/answer/9905175#9>
06-01 16:51:41.812 27558 27730 E GeckoConsole: [JavaScript Error: "TypeError: can't access property "WindowEventDispatcher", win is null" {file: "resource://gre/modules/GeckoViewSessionStore.sys.mjs" line: 149}]
06-01 16:51:41.812 27558 27730 E GeckoConsole: onTabStateUpdate@resource://gre/modules/GeckoViewSessionStore.sys.mjs:149:5
06-01 16:51:41.812 27558 27730 E GeckoConsole: updateSessionStoreFromTabListener@resource://gre/modules/GeckoViewSessionStore.sys.mjs:243:10
06-01 16:51:41.812 27558 27730 E GeckoConsole: SSF_updateSessionStore@resource://gre/modules/SessionStoreFunctions.sys.mjs:46:27
06-01 16:51:41.812 27558 27730 E GeckoConsole: UpdateSessionStore@resource://gre/modules/SessionStoreFunctions.sys.mjs:16:46
06-01 16:51:41.813 27558 27730 E GeckoConsole: [JavaScript Error: "TypeError: can't access property "WindowEventDispatcher", win is null" {file: "resource://gre/modules/GeckoViewSessionStore.sys.mjs" line: 149}]
06-01 16:51:41.813 27558 27730 E GeckoConsole: onTabStateUpdate@resource://gre/modules/GeckoViewSessionStore.sys.mjs:149:5
06-01 16:51:41.813 27558 27730 E GeckoConsole: updateSessionStoreFromTabListener@resource://gre/modules/GeckoViewSessionStore.sys.mjs:243:10
06-01 16:51:41.813 27558 27730 E GeckoConsole: SSF_updateSessionStore@resource://gre/modules/SessionStoreFunctions.sys.mjs:46:27
06-01 16:51:41.813 27558 27730 E GeckoConsole: UpdateSessionStore@resource://gre/modules/SessionStoreFunctions.sys.mjs:16:46
06-01 16:51:41.813 27558 27730 E GeckoConsole: [JavaScript Error: "TypeError: can't access property "WindowEventDispatcher", win is null" {file: "resource://gre/modules/GeckoViewSessionStore.sys.mjs" line: 149}]
06-01 16:51:41.813 27558 27730 E GeckoConsole: onTabStateUpdate@resource://gre/modules/GeckoViewSessionStore.sys.mjs:149:5
06-01 16:51:41.813 27558 27730 E GeckoConsole: updateSessionStoreFromTabListener@resource://gre/modules/GeckoViewSessionStore.sys.mjs:243:10
06-01 16:51:41.813 27558 27730 E GeckoConsole: SSF_updateSessionStore@resource://gre/modules/SessionStoreFunctions.sys.mjs:46:27
06-01 16:51:41.813 27558 27730 E GeckoConsole: UpdateSessionStore@resource://gre/modules/SessionStoreFunctions.sys.mjs:16:46
06-01 16:51:41.900 27558 27558 W AdManager: Ad loads paused 600s after publisher error code=3
06-01 16:51:41.900 27558 27558 W AdManager: Rewarded load failed tier=PRIMARY code=3 domain=com.google.android.gms.ads message=Publisher data not found. <https://support.google.com/admob/answer/9905175#9>
06-01 16:51:41.918 28465 28504 W Isolated Web Content: [JavaScript Warning: "Ignoring unsupported entryTypes: longtask." {file: "https://www.gstatic.com/recaptcha/releases/hsFBb1u5wWWWkWP4in1ua2cQ/recaptcha__en.js" line: 727}]
06-01 16:51:41.938 27558 27730 E GeckoConsole: [JavaScript Error: "TypeError: can't access property "WindowEventDispatcher", win is null" {file: "resource://gre/modules/GeckoViewSessionStore.sys.mjs" line: 149}]
06-01 16:51:41.938 27558 27730 E GeckoConsole: onTabStateUpdate@resource://gre/modules/GeckoViewSessionStore.sys.mjs:149:5
06-01 16:51:41.938 27558 27730 E GeckoConsole: updateSessionStoreFromTabListener@resource://gre/modules/GeckoViewSessionStore.sys.mjs:243:10
06-01 16:51:41.938 27558 27730 E GeckoConsole: SSF_updateSessionStore@resource://gre/modules/SessionStoreFunctions.sys.mjs:46:27
06-01 16:51:41.938 27558 27730 E GeckoConsole: UpdateSessionStore@resource://gre/modules/SessionStoreFunctions.sys.mjs:16:46
06-01 16:51:41.938 27558 27730 E GeckoConsole: [JavaScript Error: "TypeError: can't access property "WindowEventDispatcher", win is null" {file: "resource://gre/modules/GeckoViewSessionStore.sys.mjs" line: 149}]
06-01 16:51:41.938 27558 27730 E GeckoConsole: onTabStateUpdate@resource://gre/modules/GeckoViewSessionStore.sys.mjs:149:5
06-01 16:51:41.938 27558 27730 E GeckoConsole: updateSessionStoreFromTabListener@resource://gre/modules/GeckoViewSessionStore.sys.mjs:243:10
06-01 16:51:41.938 27558 27730 E GeckoConsole: SSF_updateSessionStore@resource://gre/modules/SessionStoreFunctions.sys.mjs:46:27
06-01 16:51:41.938 27558 27730 E GeckoConsole: UpdateSessionStore@resource://gre/modules/SessionStoreFunctions.sys.mjs:16:46
06-01 16:51:42.178 28116 28135 E Isolated Web Content: [JavaScript Error: "Cookie “AWSALBCORS” rejected because it has the “SameSite=None” attribute but is missing the “secure” attribute." {file: "https://sp.auth.adobe.com/adobe-services/config/ESPN" line: 0}]
06-01 16:51:42.514 27558 27558 W com.vibekey.keyboard: type=1400 audit(0.0:25592): avc: denied { nlmsg_readpriv } for comm=536F636B657420546872656164 scontext=u:r:untrusted_app:s0:c30,c271,c512,c768 tcontext=u:r:untrusted_app:s0:c30,c271,c512,c768 tclass=netlink_route_socket permissive=0 bug=b/155595000 app=com.vibekey.keyboard
06-01 16:51:42.774 27558 27558 W com.vibekey.keyboard: type=1400 audit(0.0:25593): avc: denied { nlmsg_readpriv } for comm=536F636B657420546872656164 scontext=u:r:untrusted_app:s0:c30,c271,c512,c768 tcontext=u:r:untrusted_app:s0:c30,c271,c512,c768 tclass=netlink_route_socket permissive=0 bug=b/155595000 app=com.vibekey.keyboard
06-01 16:51:42.774 27558 27558 W com.vibekey.keyboard: type=1400 audit(0.0:25594): avc: denied { nlmsg_readpriv } for comm=536F636B657420546872656164 scontext=u:r:untrusted_app:s0:c30,c271,c512,c768 tcontext=u:r:untrusted_app:s0:c30,c271,c512,c768 tclass=netlink_route_socket permissive=0 bug=b/155595000 app=com.vibekey.keyboard
06-01 16:51:43.094 28643 28685 W Isolated Web Content: [JavaScript Warning: "WEBGL_debug_renderer_info is deprecated in Firefox and will be removed. Please use RENDERER." {file: "https://ep1.adtrafficquality.google/bg/F7BznUE9mSBUl2zLiQG7l40lqtefSwIRBxy_kmnCB94.js line 2 > eval line 3404 > eval line 1 > eval line 1 > eval" line: 1}]
06-01 16:51:43.932 28753 28753 E y.keyboard:tab: Unknown bits set in runtime_flags: 0x40000000
06-01 16:51:43.997 28753 28770 E GeckoLibLoad: Load sqlite start
06-01 16:51:43.998 28753 28770 E GeckoLibLoad: Load sqlite done
06-01 16:51:43.999 28753 28770 E GeckoLibLoad: Load nss start
06-01 16:51:43.999 28753 28770 E GeckoLibLoad: Load nss done
06-01 16:51:44.014 28753 28770 E GeckoLibLoad: Loaded libs in 15.616980ms total, 0ms(0ms) user, 15ms(14ms) system, 0(0) faults
06-01 16:51:44.015 28753 28770 W GeckoThread: zerdatime 23946876 - runGecko
06-01 16:51:46.035 27558 27558 E BrowserPanel: applyBrowserPrivacyGecko
06-01 16:51:46.035 27558 27558 E BrowserPanel: java.lang.IllegalStateException: Only one GeckoRuntime instance is allowed
06-01 16:51:46.035 27558 27558 E BrowserPanel: 	at org.mozilla.geckoview.GeckoRuntime.<init>(r8-map-id-dcecd9dbbcc00a7e5a9fa5926d951392e3cbfa350092e48e0cf335e02c98d69f:14)
06-01 16:51:46.035 27558 27558 E BrowserPanel: 	at org.mozilla.geckoview.GeckoRuntime.create(r8-map-id-dcecd9dbbcc00a7e5a9fa5926d951392e3cbfa350092e48e0cf335e02c98d69f:4)
06-01 16:51:46.035 27558 27558 E BrowserPanel: 	at y7.x1.a(r8-map-id-dcecd9dbbcc00a7e5a9fa5926d951392e3cbfa350092e48e0cf335e02c98d69f:171)
06-01 16:51:46.035 27558 27558 E BrowserPanel: 	at y7.x1.c(r8-map-id-dcecd9dbbcc00a7e5a9fa5926d951392e3cbfa350092e48e0cf335e02c98d69f:54)
06-01 16:51:46.035 27558 27558 E BrowserPanel: 	at helium314.keyboard.latin.panels.BrowserPanelView.v(r8-map-id-dcecd9dbbcc00a7e5a9fa5926d951392e3cbfa350092e48e0cf335e02c98d69f:39)
06-01 16:51:46.035 27558 27558 E BrowserPanel: 	at y7.z1.run(r8-map-id-dcecd9dbbcc00a7e5a9fa5926d951392e3cbfa350092e48e0cf335e02c98d69f:655)
06-01 16:51:46.035 27558 27558 E BrowserPanel: 	at android.os.Handler.handleCallback(Handler.java:938)
06-01 16:51:46.035 27558 27558 E BrowserPanel: 	at android.os.Handler.dispatchMessage(Handler.java:99)
06-01 16:51:46.035 27558 27558 E BrowserPanel: 	at android.os.Looper.loopOnce(Looper.java:233)
06-01 16:51:46.035 27558 27558 E BrowserPanel: 	at android.os.Looper.loop(Looper.java:344)
06-01 16:51:46.035 27558 27558 E BrowserPanel: 	at android.app.ActivityThread.main(ActivityThread.java:8212)
06-01 16:51:46.035 27558 27558 E BrowserPanel: 	at java.lang.reflect.Method.invoke(Native Method)
06-01 16:51:46.035 27558 27558 E BrowserPanel: 	at com.android.internal.os.RuntimeInit$MethodAndArgsCaller.run(RuntimeInit.java:584)
06-01 16:51:46.035 27558 27558 E BrowserPanel: 	at com.android.internal.os.ZygoteInit.main(ZygoteInit.java:1034)
06-01 16:51:46.047 28116 28135 W Isolated Web Content: [JavaScript Warning: "Script terminated by timeout at:
06-01 16:51:46.047 28116 28135 W Isolated Web Content: ne@https://micro.rubiconproject.com/prebid/dynamic/18138.js:24:16452
06-01 16:51:46.047 28116 28135 W Isolated Web Content: se@https://micro.rubiconproject.com/prebid/dynamic/18138.js:24:17127
06-01 16:51:46.047 28116 28135 W Isolated Web Content: 73391/p/<@https://micro.rubiconproject.com/prebid/dynamic/18138.js:24:105543
06-01 16:51:46.047 28116 28135 W Isolated Web Content: m@https://micro.rubiconproject.com/prebid/dynamic/18138.js:24:105876
06-01 16:51:46.047 28116 28135 W Isolated Web Content: 73391/p/<@https://micro.rubiconproject.com/prebid/dynamic/18138.js:24:105427
06-01 16:51:46.047 28116 28135 W Isolated Web Content: p@https://micro.rubiconproject.com/prebid/dynamic/18138.js:24:105605
06-01 16:51:46.047 28116 28135 W Isolated Web Content: " {file: "https://micro.rubiconproject.com/prebid/dynamic/18138.js" line: 24}]
06-01 16:51:46.064 28432 28471 W Isolated Web Content: [JavaScript Warning: "Script terminated by timeout at:
06-01 16:51:46.064 28432 28471 W Isolated Web Content: Ir.prototype.D4/this.QV[y]@https://www.gstatic.com/recaptcha/releases/hsFBb1u5wWWWkWP4in1ua2cQ/recaptcha__en.js:1649:79
06-01 16:51:46.064 28432 28471 W Isolated Web Content: " {file: "https://www.gstatic.com/recaptcha/releases/hsFBb1u5wWWWkWP4in1ua2cQ/recaptcha__en.js" line: 1649}]
06-01 16:51:46.075 27558 27574 E BLASTBufferQueue: BLASTBufferItemConsumer::onDisconnect()
06-01 16:51:46.086 27558 27730 E GeckoConsole: [JavaScript Error: "TypeError: can't access property "WindowEventDispatcher", win is null" {file: "resource://gre/modules/GeckoViewSessionStore.sys.mjs" line: 149}]
06-01 16:51:46.086 27558 27730 E GeckoConsole: onTabStateUpdate@resource://gre/modules/GeckoViewSessionStore.sys.mjs:149:5
06-01 16:51:46.086 27558 27730 E GeckoConsole: updateSessionStoreFromTabListener@resource://gre/modules/GeckoViewSessionStore.sys.mjs:243:10
06-01 16:51:46.086 27558 27730 E GeckoConsole: SSF_updateSessionStore@resource://gre/modules/SessionStoreFunctions.sys.mjs:46:27
06-01 16:51:46.086 27558 27730 E GeckoConsole: UpdateSessionStore@resource://gre/modules/SessionStoreFunctions.sys.mjs:16:46
06-01 16:51:46.086 27558 27730 E GeckoConsole: [JavaScript Error: "TypeError: can't access property "WindowEventDispatcher", win is null" {file: "resource://gre/modules/GeckoViewSessionStore.sys.mjs" line: 149}]
06-01 16:51:46.086 27558 27730 E GeckoConsole: onTabStateUpdate@resource://gre/modules/GeckoViewSessionStore.sys.mjs:149:5
06-01 16:51:46.086 27558 27730 E GeckoConsole: updateSessionStoreFromTabListener@resource://gre/modules/GeckoViewSessionStore.sys.mjs:243:10
06-01 16:51:46.086 27558 27730 E GeckoConsole: SSF_updateSessionStore@resource://gre/modules/SessionStoreFunctions.sys.mjs:46:27
06-01 16:51:46.086 27558 27730 E GeckoConsole: UpdateSessionStore@resource://gre/modules/SessionStoreFunctions.sys.mjs:16:46
06-01 16:51:46.086 27558 27730 E GeckoConsole: [JavaScript Error: "TypeError: can't access property "WindowEventDispatcher", win is null" {file: "resource://gre/modules/GeckoViewSessionStore.sys.mjs" line: 149}]
06-01 16:51:46.086 27558 27730 E GeckoConsole: onTabStateUpdate@resource://gre/modules/GeckoViewSessionStore.sys.mjs:149:5
06-01 16:51:46.086 27558 27730 E GeckoConsole: updateSessionStoreFromTabListener@resource://gre/modules/GeckoViewSessionStore.sys.mjs:243:10
06-01 16:51:46.086 27558 27730 E GeckoConsole: SSF_updateSessionStore@resource://gre/modules/SessionStoreFunctions.sys.mjs:46:27
06-01 16:51:46.086 27558 27730 E GeckoConsole: UpdateSessionStore@resource://gre/modules/SessionStoreFunctions.sys.mjs:16:46
06-01 16:51:46.087 27558 27730 E GeckoConsole: [JavaScript Error: "TypeError: can't access property "WindowEventDispatcher", win is null" {file: "resource://gre/modules/GeckoViewSessionStore.sys.mjs" line: 149}]
06-01 16:51:46.087 27558 27730 E GeckoConsole: onTabStateUpdate@resource://gre/modules/GeckoViewSessionStore.sys.mjs:149:5
06-01 16:51:46.087 27558 27730 E GeckoConsole: updateSessionStoreFromTabListener@resource://gre/modules/GeckoViewSessionStore.sys.mjs:243:10
06-01 16:51:46.087 27558 27730 E GeckoConsole: SSF_updateSessionStore@resource://gre/modules/SessionStoreFunctions.sys.mjs:46:27
06-01 16:51:46.087 27558 27730 E GeckoConsole: UpdateSessionStore@resource://gre/modules/SessionStoreFunctions.sys.mjs:16:46
06-01 16:51:46.089 27558 27730 E GeckoConsole: [JavaScript Error: "TypeError: can't access property "WindowEventDispatcher", win is null" {file: "resource://gre/modules/GeckoViewSessionStore.sys.mjs" line: 149}]
06-01 16:51:46.089 27558 27730 E GeckoConsole: onTabStateUpdate@resource://gre/modules/GeckoViewSessionStore.sys.mjs:149:5
06-01 16:51:46.089 27558 27730 E GeckoConsole: updateSessionStoreFromTabListener@resource://gre/modules/GeckoViewSessionStore.sys.mjs:243:10
06-01 16:51:46.089 27558 27730 E GeckoConsole: SSF_updateSessionStore@resource://gre/modules/SessionStoreFunctions.sys.mjs:46:27
06-01 16:51:46.089 27558 27730 E GeckoConsole: UpdateSessionStore@resource://gre/modules/SessionStoreFunctions.sys.mjs:16:46
06-01 16:51:46.090 27558 27730 E GeckoConsole: [JavaScript Error: "TypeError: can't access property "WindowEventDispatcher", win is null" {file: "resource://gre/modules/GeckoViewSessionStore.sys.mjs" line: 149}]
06-01 16:51:46.090 27558 27730 E GeckoConsole: onTabStateUpdate@resource://gre/modules/GeckoViewSessionStore.sys.mjs:149:5
06-01 16:51:46.090 27558 27730 E GeckoConsole: updateSessionStoreFromTabListener@resource://gre/modules/GeckoViewSessionStore.sys.mjs:243:10
06-01 16:51:46.090 27558 27730 E GeckoConsole: SSF_updateSessionStore@resource://gre/modules/SessionStoreFunctions.sys.mjs:46:27
06-01 16:51:46.090 27558 27730 E GeckoConsole: UpdateSessionStore@resource://gre/modules/SessionStoreFunctions.sys.mjs:16:46
06-01 16:51:46.111 27558 27730 E GeckoConsole: [JavaScript Error: "TypeError: can't access property "reload", this._browser.browsingContext is null" {file: "resource://gre/modules/RemoteWebNavigation.sys.mjs" line: 191}]
06-01 16:51:46.118 28116 28135 E Isolated Web Content: [JavaScript Error: "TypeError: NetworkError when attempting to fetch resource."]
06-01 16:51:46.118 28116 28135 E Isolated Web Content: [JavaScript Error: "TypeError: NetworkError when attempting to fetch resource."]
06-01 16:51:47.975 28813 28813 E ibekey.keyboar: Unknown bits set in runtime_flags: 0x40000000
06-01 16:51:48.275 28813 28813 W f0      : Could not load system glide typing library jni_latinimegoogle: dlopen failed: library "libjni_latinimegoogle.so" not found
06-01 16:51:48.507 28813 28813 W u       : No editor info for this field. Bug?
06-01 16:51:48.589 28813 28813 W ibekey.keyboar: ClassLoaderContext classpath size mismatch. expected=1, found=0 (DLC[];PCL[base.apk*4009363210]{PCL[/system/framework/org.apache.http.legacy.jar*3034548894]#PCL[/apex/com.android.extservices/javalib/android.ext.adservices.jar*3839736497]#PCL[/system/framework/com.android.location.provider.jar*3633238672]#PCL[/system/framework/com.android.media.remotedisplay.jar*3472798123]#PCL[/apex/com.android.extservices/javalib/android.ext.adservices.jar*3839736497]} | DLC[];PCL[])
06-01 16:51:48.603 28813 28813 W System  : ClassLoader referenced unknown path: 
06-01 16:51:48.611 28813 28813 W ibekey.keyboar: ClassLoaderContext classpath element checksum mismatch. expected=4009363210, found=757244389 (DLC[];PCL[base.apk*4009363210]{PCL[/system/framework/org.apache.http.legacy.jar*3034548894]#PCL[/apex/com.android.extservices/javalib/android.ext.adservices.jar*3839736497]#PCL[/system/framework/com.android.location.provider.jar*3633238672]#PCL[/system/framework/com.android.media.remotedisplay.jar*3472798123]#PCL[/apex/com.android.extservices/javalib/android.ext.adservices.jar*3839736497]} | DLC[];PCL[/data/app/~~5VNlvt31RxTMtVVz2XfOww==/com.vibekey.keyboard-B1W97B9gxw8Q_qeLtAAtgg==/base.apk*757244389]{PCL[/apex/com.android.extservices/javalib/android.ext.adservices.jar*3839736497]})
06-01 16:51:48.712 28813 28813 E ibekey.keyboar: ofbOpen failed with error=No such file or directory
06-01 16:51:48.713 28813 28813 E ibekey.keyboar: sysOpen failed with error=No such file or directory
06-01 16:51:48.755 28813 28813 E MultiApp.Impl: OplusMultiAppImpl
06-01 16:51:48.814 28813 28940 W libc    : Access denied finding property "ro.vendor.api_level"
06-01 16:51:48.818 28813 28813 W chromium: [WARNING:android_webview/browser/network_service/net_helpers.cc:137] HTTP Cache size is: 20971520
06-01 16:51:48.875 28813 28909 W Ads     : Update ad debug logging enablement as false
06-01 16:51:48.882 28813 28968 W libc    : Access denied finding property "vendor.camera.aux.packagelist"
06-01 16:51:48.882 28813 28968 W libc    : Access denied finding property "vendor.camera.aux.packagelist"
06-01 16:51:48.882 28813 28842 W libc    : Access denied finding property "vendor.camera.aux.packagelist"
06-01 16:51:48.912 28813 28813 E OplusCustomizeRestrictionManager: sInstance is null, start a new sInstance
06-01 16:51:49.157 28813 28946 W cr_media: BLUETOOTH_CONNECT permission is missing.
06-01 16:51:49.158 28813 28946 W cr_media: getBluetoothAdapter() requires BLUETOOTH permission
06-01 16:51:49.158 28813 28946 W cr_media: registerBluetoothIntentsIfNeeded: Requires BLUETOOTH permission
06-01 16:51:49.175 28813 28813 W View    : requestLayout() improperly called by android.widget.LinearLayout{6e15481 V.E...... ......ID 0,1973-1440,2923 #7f0a011b app:id/main_keyboard_frame} during layout: running second layout pass
06-01 16:51:49.292 28813 28961 W AudioCapabilities: Unsupported mime audio/ffmpeg
06-01 16:51:49.292 28813 28961 W VideoCapabilities: Unsupported mime video/ffmpeg
06-01 16:51:49.293 28813 28961 W VideoCapabilities: Unrecognized profile/level 0/3 for video/mpeg2
06-01 16:51:49.297 28813 28961 W VideoCapabilities: Unrecognized profile/level 0/3 for video/mpeg2
06-01 16:51:51.169 28813 29009 W Settings: Setting animator_duration_scale has moved from android.provider.Settings.System to android.provider.Settings.Global, returning read-only global URI.
06-01 16:51:51.172 28813 29009 E GeckoLibLoad: Load sqlite start
06-01 16:51:51.173 28813 29009 E GeckoLibLoad: Load sqlite done
06-01 16:51:51.173 28813 29009 E GeckoLibLoad: Load nss start
06-01 16:51:51.173 28813 29009 E GeckoLibLoad: Load nss done
06-01 16:51:51.183 28813 29009 E GeckoLibLoad: Loaded libs in 9.846302ms total, 0ms(10ms) user, 2ms(10ms) system, 0(0) faults
06-01 16:51:51.183 28813 29009 W GeckoThread: zerdatime 23954044 - runGecko
06-01 16:51:51.224 28813 28813 W com.vibekey.keyboard: type=1400 audit(0.0:25598): avc: denied { bind } for comm=4E65746C696E6B204D6F6E69746F72 scontext=u:r:untrusted_app:s0:c30,c271,c512,c768 tcontext=u:r:untrusted_app:s0:c30,c271,c512,c768 tclass=netlink_route_socket permissive=0 bug=b/155595000 app=com.vibekey.keyboard
06-01 16:51:51.250 28813 29009 E ibekey.keyboar: hiddenapi: Accessing hidden field Ljava/lang/Boolean;->value:Z (runtime_flags=0, domain=core-platform, api=max-target-p) from Lorg/mozilla/gecko/GeckoThread; (domain=app, TargetSdkVersion=35) using JNI: denied
06-01 16:51:51.250 28813 29009 E ibekey.keyboar: hiddenapi: Accessing hidden field Ljava/lang/Integer;->value:I (runtime_flags=0, domain=core-platform, api=max-target-p) from Lorg/mozilla/gecko/GeckoThread; (domain=app, TargetSdkVersion=35) using JNI: denied
06-01 16:51:51.250 28813 29009 E ibekey.keyboar: hiddenapi: Accessing hidden field Ljava/lang/Long;->value:J (runtime_flags=0, domain=core-platform, api=max-target-p) from Lorg/mozilla/gecko/GeckoThread; (domain=app, TargetSdkVersion=35) using JNI: denied
06-01 16:51:51.250 28813 29009 E ibekey.keyboar: hiddenapi: Accessing hidden field Ljava/lang/Double;->value:D (runtime_flags=0, domain=core-platform, api=max-target-p) from Lorg/mozilla/gecko/GeckoThread; (domain=app, TargetSdkVersion=35) using JNI: denied
06-01 16:51:51.295 29031 29031 E .keyboard:tab3: Unknown bits set in runtime_flags: 0x40000000
06-01 16:51:52.318 28813 28813 W Settings: Setting transition_animation_scale has moved from android.provider.Settings.System to android.provider.Settings.Global, returning read-only value.
06-01 16:51:57.540 28813 28923 E BLASTBufferQueue: BLASTBufferItemConsumer::onDisconnect()
06-01 16:51:58.094 28813 28923 E BLASTBufferQueue: BLASTBufferItemConsumer::onDisconnect()
06-01 16:51:58.780 28813 29129 E ibekey.keyboar: Attempt to load writable dex file: /data/user/0/com.vibekey.keyboard/app_pccache/5/8EBCAAEC2B76C0A33B03137E81AA4B249A0F4C11/pcam.jar
06-01 16:51:58.794 28813 28813 W AdWorker(Defaul: type=1400 audit(0.0:25601): avc: granted { execute } for path="/data/data/com.vibekey.keyboard/app_pccache/5/8EBCAAEC2B76C0A33B03137E81AA4B249A0F4C11/pcam.jar" dev="dm-2" ino=789356 scontext=u:r:untrusted_app:s0:c30,c271,c512,c768 tcontext=u:object_r:app_data_file:s0:c30,c271,c512,c768 tclass=file app=com.vibekey.keyboard
06-01 16:51:58.916 28813 29145 W Ads     : Invoke Firebase method getInstance error.
06-01 16:51:58.916 28813 29145 W Ads     : The Google Mobile Ads SDK will not integrate with Firebase. Admob/Firebase integration requires the latest Firebase SDK jar, but Firebase SDK is either missing or out of date
06-01 16:51:58.936 28813 29127 W ServiceBindIntentUtils: Dynamic lookup for intent failed for action: com.google.android.gms.ads.service.CACHE
06-01 16:51:59.019 28813 29150 W ServiceBindIntentUtils: Dynamic lookup for intent failed for action: com.google.android.gms.ads.service.START
06-01 16:51:59.039 28813 29126 W Ads     : Not retrying to fetch app settings
06-01 16:51:59.104 28813 29144 W Ads     : Not retrying to fetch app settings
06-01 16:51:59.362 28813 28813 W AdManager: Ad loads paused 120s after publisher error code=3
06-01 16:51:59.363 28813 28813 W AdManager: Interstitial ad failed to load: code=3 message=Publisher data not found. <https://support.google.com/admob/answer/9905175#9>
06-01 16:51:59.367 28813 28813 W AdManager: Ad loads paused 600s after publisher error code=3
06-01 16:51:59.367 28813 28813 W AdManager: Rewarded load failed tier=PRIMARY code=3 domain=com.google.android.gms.ads message=Publisher data not found. <https://support.google.com/admob/answer/9905175#9>
06-01 16:51:59.375 28813 28813 W AdManager: Ad loads paused 600s after publisher error code=3
06-01 16:51:59.375 28813 28813 W AdManager: Native ad failed to load: code=3 message=Publisher data not found. <https://support.google.com/admob/answer/9905175#9>


2026-06-01 16:51:48.275431 W f0: Could not load system glide typing library jni_latinimegoogle: dlopen failed: library "libjni_latinimegoogle.so" not found
2026-06-01 16:51:48.325921 I startup: Starting com.vibekey.keyboard version 4.1.131 (4231) on Android 12 (SDK 31)
2026-06-01 16:51:48.335122 I LatinIME: Hardware accelerated drawing: true
2026-06-01 16:51:48.452934 I SymSpellProvider: Detected asset languages: []
2026-06-01 16:51:48.457378 I NgramPredictor: Detected bigram asset languages: []
2026-06-01 16:51:48.460188 I RecencyTracker: init loaded 0 language file(s)
2026-06-01 16:51:48.461983 I AdaptiveTouchModel: Loaded touch model: 0 keys
2026-06-01 16:51:48.463934 I ContactsSuggProvider: READ_CONTACTS permission not granted, skipping contacts load
2026-06-01 16:51:48.507724 W u: No editor info for this field. Bug?
2026-06-01 16:51:48.508024 I c: loadSettings
2026-06-01 16:51:48.525015 I p: resetDictionaries, force reloading main dictionary: false
2026-06-01 16:51:48.552114 I NgramPredictor: Detected bigram asset languages: []
2026-06-01 16:51:48.554504 I SymSpellProvider: Detected asset languages: []
2026-06-01 16:51:48.564220 I ConsentManager: UMP hydrate skipped: q6.k.getConsentInformation [class android.content.Context]
2026-06-01 16:51:48.565181 I AdManager: AdMob: publisher personalization DISABLED (non-personalized requests)
2026-06-01 16:51:48.693146 I AdManager: MobileAds.initialize scheduled — waiting for SDK + consent before loading ads
2026-06-01 16:51:48.694388 I LatinIME: ringer mode changed, zen_mode on: false
2026-06-01 16:51:48.723517 I LatinIME: hideWindow
2026-06-01 16:51:48.726627 I c: loadSettings
2026-06-01 16:51:48.929615 I StickerImageManager: No sticker images on disk (empty cache confirmed)
2026-06-01 16:51:49.057812 I LatinIME: Starting input. Cursor position = 0,0
2026-06-01 16:51:49.058016 I c: loadSettings
2026-06-01 16:51:49.277671 I AdManager: Ad preload deferred: MobileAds not initialized yet
2026-06-01 16:51:49.277777 I AdManager: Ad preload deferred: MobileAds not initialized yet
2026-06-01 16:51:49.639300 I AdManager: Ad preload deferred: MobileAds not initialized yet
2026-06-01 16:51:51.623656 I AdManager: Ad preload deferred: MobileAds not initialized yet
2026-06-01 16:51:52.155949 I LatinIME: requestHideSelf: 0
2026-06-01 16:51:52.182480 I LatinIME: hideWindow
2026-06-01 16:51:52.200562 I LatinIME: onFinishInputView
2026-06-01 16:51:52.200797 I LatinIME: onWindowHidden
2026-06-01 16:51:52.224427 I AdManager: Ad preload deferred: MobileAds not initialized yet
2026-06-01 16:51:52.224560 I u: InputType.TYPE_NULL is specified
2026-06-01 16:51:52.224629 I c: loadSettings
2026-06-01 16:51:52.522020 I LatinIME: requestHideSelf: 100
2026-06-01 16:51:52.537714 I LatinIME: onFinishInput
2026-06-01 16:51:52.997478 I SymSpellProvider: Built runtime SymSpell for en with 79998 words
2026-06-01 16:51:52.997587 I p: Built runtime SymSpell for en with 80000 words
2026-06-01 16:51:53.054403 I c: loadSettings
2026-06-01 16:51:57.775551 I LatinIME: onFinishInput
2026-06-01 16:51:58.699716 I AdManager: MobileAds initialization complete
2026-06-01 16:51:58.700140 I ConsentManager: UMP hydrate skipped: q6.k.getConsentInformation [class android.content.Context]
2026-06-01 16:51:58.700401 I AdManager: Rewarded load start tier=PRIMARY unit=3310587093 waterfall=false
2026-06-01 16:51:59.362834 W AdManager: Ad loads paused 120s after publisher error code=3
2026-06-01 16:51:59.363070 W AdManager: Interstitial ad failed to load: code=3 message=Publisher data not found. <https://support.google.com/admob/answer/9905175#9>
2026-06-01 16:51:59.366972 W AdManager: Ad loads paused 600s after publisher error code=3
2026-06-01 16:51:59.367164 W AdManager: Rewarded load failed tier=PRIMARY code=3 domain=com.google.android.gms.ads message=Publisher data not found. <https://support.google.com/admob/answer/9905175#9>
2026-06-01 16:51:59.374974 W AdManager: Ad loads paused 600s after publisher error code=3
2026-06-01 16:51:59.375194 W AdManager: Native ad failed to load: code=3 message=Publisher data not found. <https://support.google.com/admob/answer/9905175#9>
2026-06-01 16:52:00.050086 I LatinIME: onFinishInput