07-04 11:28:22.252  4242  4563 W ServiceBindIntentUtils: Dynamic lookup for intent failed for action: com.google.android.gms.ads.service.START
07-04 11:28:22.276  4242  4446 W Ads     : Not retrying to fetch app settings
07-04 11:28:22.354  4242  4516 W cr_media: BLUETOOTH_CONNECT permission is missing.
07-04 11:28:22.355  4242  4516 W cr_media: getBluetoothAdapter() requires BLUETOOTH permission
07-04 11:28:22.355  4242  4516 W cr_media: registerBluetoothIntentsIfNeeded: Requires BLUETOOTH permission
07-04 11:28:22.380  4242  4242 W LayerDrawable: Invalid drawable added to LayerDrawable! Drawable already belongs to another owner but does not expose a constant state.
07-04 11:28:22.380  4242  4242 W LayerDrawable: java.lang.RuntimeException
07-04 11:28:22.380  4242  4242 W LayerDrawable: 	at android.graphics.drawable.LayerDrawable$ChildDrawable.<init>(LayerDrawable.java:1857)
07-04 11:28:22.380  4242  4242 W LayerDrawable: 	at android.graphics.drawable.LayerDrawable$LayerState.<init>(LayerDrawable.java:1977)
07-04 11:28:22.380  4242  4242 W LayerDrawable: 	at android.graphics.drawable.LayerDrawable.createConstantState(LayerDrawable.java:174)
07-04 11:28:22.380  4242  4242 W LayerDrawable: 	at android.graphics.drawable.LayerDrawable.mutate(LayerDrawable.java:1782)
07-04 11:28:22.380  4242  4242 W LayerDrawable: 	at helium314.keyboard.latin.InputView.d(r8-map-id-b64c457f99efa7624866a82df268980aa7dae576484de85f4679c70b3fe3e3b6:355)
07-04 11:28:22.380  4242  4242 W LayerDrawable: 	at l7.b0.a(r8-map-id-b64c457f99efa7624866a82df268980aa7dae576484de85f4679c70b3fe3e3b6:232)
07-04 11:28:22.380  4242  4242 W LayerDrawable: 	at androidx.lifecycle.e0.run(r8-map-id-b64c457f99efa7624866a82df268980aa7dae576484de85f4679c70b3fe3e3b6:275)
07-04 11:28:22.380  4242  4242 W LayerDrawable: 	at helium314.keyboard.latin.InputView.c(r8-map-id-b64c457f99efa7624866a82df268980aa7dae576484de85f4679c70b3fe3e3b6:38)
07-04 11:28:22.380  4242  4242 W LayerDrawable: 	at e7.v.a(r8-map-id-b64c457f99efa7624866a82df268980aa7dae576484de85f4679c70b3fe3e3b6:15)
07-04 11:28:22.380  4242  4242 W LayerDrawable: 	at a0.d0.invoke(r8-map-id-b64c457f99efa7624866a82df268980aa7dae576484de85f4679c70b3fe3e3b6:600)
07-04 11:28:22.380  4242  4242 W LayerDrawable: 	at r3.c0.onLayoutChange(r8-map-id-b64c457f99efa7624866a82df268980aa7dae576484de85f4679c70b3fe3e3b6:6)
07-04 11:28:22.380  4242  4242 W LayerDrawable: 	at android.view.View.layout(View.java:23348)
07-04 11:28:22.380  4242  4242 W LayerDrawable: 	at android.view.ViewGroup.layout(ViewGroup.java:6505)
07-04 11:28:22.380  4242  4242 W LayerDrawable: 	at android.widget.FrameLayout.layoutChildren(FrameLayout.java:332)
07-04 11:28:22.380  4242  4242 W LayerDrawable: 	at android.widget.FrameLayout.onLayout(FrameLayout.java:270)
07-04 11:28:22.380  4242  4242 W LayerDrawable: 	at android.view.View.layout(View.java:23330)
07-04 11:28:22.380  4242  4242 W LayerDrawable: 	at android.view.ViewGroup.layout(ViewGroup.java:6505)
07-04 11:28:22.380  4242  4242 W LayerDrawable: 	at android.widget.LinearLayout.setChildFrame(LinearLayout.java:1841)
07-04 11:28:22.380  4242  4242 W LayerDrawable: 	at android.widget.LinearLayout.layoutVertical(LinearLayout.java:1673)
07-04 11:28:22.380  4242  4242 W LayerDrawable: 	at android.widget.LinearLayout.onLayout(LinearLayout.java:1582)
07-04 11:28:22.380  4242  4242 W LayerDrawable: 	at android.view.View.layout(View.java:23330)
07-04 11:28:22.380  4242  4242 W LayerDrawable: 	at android.view.ViewGroup.layout(ViewGroup.java:6505)
07-04 11:28:22.380  4242  4242 W LayerDrawable: 	at android.widget.FrameLayout.layoutChildren(FrameLayout.java:332)
07-04 11:28:22.380  4242  4242 W LayerDrawable: 	at android.widget.FrameLayout.onLayout(FrameLayout.java:270)
07-04 11:28:22.380  4242  4242 W LayerDrawable: 	at android.view.View.layout(View.java:23330)
07-04 11:28:22.380  4242  4242 W LayerDrawable: 	at android.view.ViewGroup.layout(ViewGroup.java:6505)
07-04 11:28:22.380  4242  4242 W LayerDrawable: 	at android.widget.LinearLayout.setChildFrame(LinearLayout.java:1841)
07-04 11:28:22.380  4242  4242 W LayerDrawable: 	at android.widget.LinearLayout.layoutVertical(LinearLayout.java:1673)
07-04 11:28:22.380  4242  4242 W LayerDrawable: 	at android.widget.LinearLayout.onLayout(LinearLayout.java:1582)
07-04 11:28:22.380  4242  4242 W LayerDrawable: 	at android.view.View.layout(View.java:23330)
07-04 11:28:22.380  4242  4242 W LayerDrawable: 	at android.view.ViewGroup.layout(ViewGroup.java:6505)
07-04 11:28:22.380  4242  4242 W LayerDrawable: 	at android.widget.FrameLayout.layoutChildren(FrameLayout.java:332)
07-04 11:28:22.380  4242  4242 W LayerDrawable: 	at android.widget.FrameLayout.onLayout(FrameLayout.java:270)
07-04 11:28:22.380  4242  4242 W LayerDrawable: 	at com.android.internal.policy.DecorView.onLayout(DecorView.java:873)
07-04 11:28:22.380  4242  4242 W LayerDrawable: 	at android.view.View.layout(View.java:23330)
07-04 11:28:22.380  4242  4242 W LayerDrawable: 	at android.view.ViewGroup.layout(ViewGroup.java:6505)
07-04 11:28:22.380  4242  4242 W LayerDrawable: 	at android.view.ViewRootImpl.performLayout(ViewRootImpl.java:3936)
07-04 11:28:22.380  4242  4242 W LayerDrawable: 	at android.view.ViewRootImpl.performTraversals(ViewRootImpl.java:3338)
07-04 11:28:22.380  4242  4242 W LayerDrawable: 	at android.view.ViewRootImpl.doTraversal(ViewRootImpl.java:2305)
07-04 11:28:22.380  4242  4242 W LayerDrawable: 	at android.view.ViewRootImpl$TraversalRunnable.run(ViewRootImpl.java:9133)
07-04 11:28:22.380  4242  4242 W LayerDrawable: 	at android.view.Choreographer$CallbackRecord.run(Choreographer.java:1232)
07-04 11:28:22.380  4242  4242 W LayerDrawable: 	at android.view.Choreographer.doCallbacks(Choreographer.java:1029)
07-04 11:28:22.380  4242  4242 W LayerDrawable: 	at android.view.Choreographer.doFrame(Choreographer.java:934)
07-04 11:28:22.380  4242  4242 W LayerDrawable: 	at android.view.Choreographer$FrameDisplayEventReceiver.run(Choreographer.java:1217)
07-04 11:28:22.380  4242  4242 W LayerDrawable: 	at android.os.Handler.handleCallback(Handler.java:938)
07-04 11:28:22.380  4242  4242 W LayerDrawable: 	at android.os.Handler.dispatchMessage(Handler.java:99)
07-04 11:28:22.380  4242  4242 W LayerDrawable: 	at android.os.Looper.loopOnce(Looper.java:233)
07-04 11:28:22.380  4242  4242 W LayerDrawable: 	at android.os.Looper.loop(Looper.java:344)
07-04 11:28:22.380  4242  4242 W LayerDrawable: 	at android.app.ActivityThread.main(ActivityThread.java:8212)
07-04 11:28:22.380  4242  4242 W LayerDrawable: 	at java.lang.reflect.Method.invoke(Native Method)
07-04 11:28:22.380  4242  4242 W LayerDrawable: 	at com.android.internal.os.RuntimeInit$MethodAndArgsCaller.run(RuntimeInit.java:584)
07-04 11:28:22.380  4242  4242 W LayerDrawable: 	at com.android.internal.os.ZygoteInit.main(ZygoteInit.java:1034)
07-04 11:28:22.381  4242  4242 W View    : requestLayout() improperly called by android.widget.LinearLayout{dbfa48 V.E...... ......ID 0,1868-1440,2818 #7f0a00f9 app:id/main_keyboard_frame} during layout: running second layout pass
07-04 11:28:22.548  4242  4242 W LayerDrawable: Invalid drawable added to LayerDrawable! Drawable already belongs to another owner but does not expose a constant state.
07-04 11:28:22.548  4242  4242 W LayerDrawable: java.lang.RuntimeException
07-04 11:28:22.548  4242  4242 W LayerDrawable: 	at android.graphics.drawable.LayerDrawable$ChildDrawable.<init>(LayerDrawable.java:1857)
07-04 11:28:22.548  4242  4242 W LayerDrawable: 	at android.graphics.drawable.LayerDrawable$LayerState.<init>(LayerDrawable.java:1977)
07-04 11:28:22.548  4242  4242 W LayerDrawable: 	at android.graphics.drawable.LayerDrawable.createConstantState(LayerDrawable.java:174)
07-04 11:28:22.548  4242  4242 W LayerDrawable: 	at android.graphics.drawable.LayerDrawable.mutate(LayerDrawable.java:1782)
07-04 11:28:22.548  4242  4242 W LayerDrawable: 	at helium314.keyboard.latin.InputView.d(r8-map-id-b64c457f99efa7624866a82df268980aa7dae576484de85f4679c70b3fe3e3b6:355)
07-04 11:28:22.548  4242  4242 W LayerDrawable: 	at l7.b0.a(r8-map-id-b64c457f99efa7624866a82df268980aa7dae576484de85f4679c70b3fe3e3b6:232)
07-04 11:28:22.548  4242  4242 W LayerDrawable: 	at androidx.lifecycle.e0.run(r8-map-id-b64c457f99efa7624866a82df268980aa7dae576484de85f4679c70b3fe3e3b6:275)
07-04 11:28:22.548  4242  4242 W LayerDrawable: 	at helium314.keyboard.latin.InputView.c(r8-map-id-b64c457f99efa7624866a82df268980aa7dae576484de85f4679c70b3fe3e3b6:38)
07-04 11:28:22.548  4242  4242 W LayerDrawable: 	at e7.v.a(r8-map-id-b64c457f99efa7624866a82df268980aa7dae576484de85f4679c70b3fe3e3b6:15)
07-04 11:28:22.548  4242  4242 W LayerDrawable: 	at b8.i0.run(r8-map-id-b64c457f99efa7624866a82df268980aa7dae576484de85f4679c70b3fe3e3b6:730)
07-04 11:28:22.548  4242  4242 W LayerDrawable: 	at android.os.Handler.handleCallback(Handler.java:938)
07-04 11:28:22.548  4242  4242 W LayerDrawable: 	at android.os.Handler.dispatchMessage(Handler.java:99)
07-04 11:28:22.548  4242  4242 W LayerDrawable: 	at android.os.Looper.loopOnce(Looper.java:233)
07-04 11:28:22.548  4242  4242 W LayerDrawable: 	at android.os.Looper.loop(Looper.java:344)
07-04 11:28:22.548  4242  4242 W LayerDrawable: 	at android.app.ActivityThread.main(ActivityThread.java:8212)
07-04 11:28:22.548  4242  4242 W LayerDrawable: 	at java.lang.reflect.Method.invoke(Native Method)
07-04 11:28:22.548  4242  4242 W LayerDrawable: 	at com.android.internal.os.RuntimeInit$MethodAndArgsCaller.run(RuntimeInit.java:584)
07-04 11:28:22.548  4242  4242 W LayerDrawable: 	at com.android.internal.os.ZygoteInit.main(ZygoteInit.java:1034)
07-04 11:28:22.570  4242  4482 E BLASTBufferQueue: BLASTBufferItemConsumer::onDisconnect()
07-04 11:28:22.595  4242  4531 W AudioCapabilities: Unsupported mime audio/ffmpeg
07-04 11:28:22.596  4242  4531 W VideoCapabilities: Unsupported mime video/ffmpeg
07-04 11:28:22.597  4242  4531 W VideoCapabilities: Unrecognized profile/level 0/3 for video/mpeg2
07-04 11:28:22.597  4242  4531 W VideoCapabilities: Unrecognized profile/level 0/3 for video/mpeg2
07-04 11:28:23.611  4242  4242 W LayerDrawable: Invalid drawable added to LayerDrawable! Drawable already belongs to another owner but does not expose a constant state.
07-04 11:28:23.611  4242  4242 W LayerDrawable: java.lang.RuntimeException
07-04 11:28:23.611  4242  4242 W LayerDrawable: 	at android.graphics.drawable.LayerDrawable$ChildDrawable.<init>(LayerDrawable.java:1857)
07-04 11:28:23.611  4242  4242 W LayerDrawable: 	at android.graphics.drawable.LayerDrawable$LayerState.<init>(LayerDrawable.java:1977)
07-04 11:28:23.611  4242  4242 W LayerDrawable: 	at android.graphics.drawable.LayerDrawable.createConstantState(LayerDrawable.java:174)
07-04 11:28:23.611  4242  4242 W LayerDrawable: 	at android.graphics.drawable.LayerDrawable.mutate(LayerDrawable.java:1782)
07-04 11:28:23.611  4242  4242 W LayerDrawable: 	at helium314.keyboard.latin.InputView.d(r8-map-id-b64c457f99efa7624866a82df268980aa7dae576484de85f4679c70b3fe3e3b6:355)
07-04 11:28:23.611  4242  4242 W LayerDrawable: 	at l7.b0.a(r8-map-id-b64c457f99efa7624866a82df268980aa7dae576484de85f4679c70b3fe3e3b6:232)
07-04 11:28:23.611  4242  4242 W LayerDrawable: 	at androidx.lifecycle.e0.run(r8-map-id-b64c457f99efa7624866a82df268980aa7dae576484de85f4679c70b3fe3e3b6:275)
07-04 11:28:23.611  4242  4242 W LayerDrawable: 	at helium314.keyboard.latin.InputView.c(r8-map-id-b64c457f99efa7624866a82df268980aa7dae576484de85f4679c70b3fe3e3b6:38)
07-04 11:28:23.611  4242  4242 W LayerDrawable: 	at e7.v.a(r8-map-id-b64c457f99efa7624866a82df268980aa7dae576484de85f4679c70b3fe3e3b6:15)
07-04 11:28:23.611  4242  4242 W LayerDrawable: 	at e7.v.o(r8-map-id-b64c457f99efa7624866a82df268980aa7dae576484de85f4679c70b3fe3e3b6:199)
07-04 11:28:23.611  4242  4242 W LayerDrawable: 	at t7.b.u(r8-map-id-b64c457f99efa7624866a82df268980aa7dae576484de85f4679c70b3fe3e3b6:1652)
07-04 11:28:23.611  4242  4242 W LayerDrawable: 	at helium314.keyboard.latin.LatinIME.l(r8-map-id-b64c457f99efa7624866a82df268980aa7dae576484de85f4679c70b3fe3e3b6:36)
07-04 11:28:23.611  4242  4242 W LayerDrawable: 	at e7.m.a(r8-map-id-b64c457f99efa7624866a82df268980aa7dae576484de85f4679c70b3fe3e3b6:262)
07-04 11:28:23.611  4242  4242 W LayerDrawable: 	at helium314.keyboard.latin.suggestions.SuggestionStripView.onClick(r8-map-id-b64c457f99efa7624866a82df268980aa7dae576484de85f4679c70b3fe3e3b6:43)
07-04 11:28:23.611  4242  4242 W LayerDrawable: 	at android.view.View.performClick(View.java:7488)
07-04 11:28:23.611  4242  4242 W LayerDrawable: 	at android.view.View.performClickInternal(View.java:7464)
07-04 11:28:23.611  4242  4242 W LayerDrawable: 	at android.view.View.access$3700(View.java:841)
07-04 11:28:23.611  4242  4242 W LayerDrawable: 	at android.view.View$PerformClick.run(View.java:28911)
07-04 11:28:23.611  4242  4242 W LayerDrawable: 	at android.os.Handler.handleCallback(Handler.java:938)
07-04 11:28:23.611  4242  4242 W LayerDrawable: 	at android.os.Handler.dispatchMessage(Handler.java:99)
07-04 11:28:23.611  4242  4242 W LayerDrawable: 	at android.os.Looper.loopOnce(Looper.java:233)
07-04 11:28:23.611  4242  4242 W LayerDrawable: 	at android.os.Looper.loop(Looper.java:344)
07-04 11:28:23.611  4242  4242 W LayerDrawable: 	at android.app.ActivityThread.main(ActivityThread.java:8212)
07-04 11:28:23.611  4242  4242 W LayerDrawable: 	at java.lang.reflect.Method.invoke(Native Method)
07-04 11:28:23.611  4242  4242 W LayerDrawable: 	at com.android.internal.os.RuntimeInit$MethodAndArgsCaller.run(RuntimeInit.java:584)
07-04 11:28:23.611  4242  4242 W LayerDrawable: 	at com.android.internal.os.ZygoteInit.main(ZygoteInit.java:1034)
07-04 11:28:23.637  4242  4242 W LayerDrawable: Invalid drawable added to LayerDrawable! Drawable already belongs to another owner but does not expose a constant state.
07-04 11:28:23.637  4242  4242 W LayerDrawable: java.lang.RuntimeException
07-04 11:28:23.637  4242  4242 W LayerDrawable: 	at android.graphics.drawable.LayerDrawable$ChildDrawable.<init>(LayerDrawable.java:1857)
07-04 11:28:23.637  4242  4242 W LayerDrawable: 	at android.graphics.drawable.LayerDrawable$LayerState.<init>(LayerDrawable.java:1977)
07-04 11:28:23.637  4242  4242 W LayerDrawable: 	at android.graphics.drawable.LayerDrawable.createConstantState(LayerDrawable.java:174)
07-04 11:28:23.637  4242  4242 W LayerDrawable: 	at android.graphics.drawable.LayerDrawable.mutate(LayerDrawable.java:1782)
07-04 11:28:23.637  4242  4242 W LayerDrawable: 	at helium314.keyboard.latin.InputView.d(r8-map-id-b64c457f99efa7624866a82df268980aa7dae576484de85f4679c70b3fe3e3b6:355)
07-04 11:28:23.637  4242  4242 W LayerDrawable: 	at l7.b0.a(r8-map-id-b64c457f99efa7624866a82df268980aa7dae576484de85f4679c70b3fe3e3b6:232)
07-04 11:28:23.637  4242  4242 W LayerDrawable: 	at androidx.lifecycle.e0.run(r8-map-id-b64c457f99efa7624866a82df268980aa7dae576484de85f4679c70b3fe3e3b6:275)
07-04 11:28:23.637  4242  4242 W LayerDrawable: 	at helium314.keyboard.latin.InputView.c(r8-map-id-b64c457f99efa7624866a82df268980aa7dae576484de85f4679c70b3fe3e3b6:38)
07-04 11:28:23.637  4242  4242 W LayerDrawable: 	at e7.v.a(r8-map-id-b64c457f99efa7624866a82df268980aa7dae576484de85f4679c70b3fe3e3b6:15)
07-04 11:28:23.637  4242  4242 W LayerDrawable: 	at b8.i0.run(r8-map-id-b64c457f99efa7624866a82df268980aa7dae576484de85f4679c70b3fe3e3b6:730)
07-04 11:28:23.637  4242  4242 W LayerDrawable: 	at android.os.Handler.handleCallback(Handler.java:938)
07-04 11:28:23.637  4242  4242 W LayerDrawable: 	at android.os.Handler.dispatchMessage(Handler.java:99)
07-04 11:28:23.637  4242  4242 W LayerDrawable: 	at android.os.Looper.loopOnce(Looper.java:233)
07-04 11:28:23.637  4242  4242 W LayerDrawable: 	at android.os.Looper.loop(Looper.java:344)
07-04 11:28:23.637  4242  4242 W LayerDrawable: 	at android.app.ActivityThread.main(ActivityThread.java:8212)
07-04 11:28:23.637  4242  4242 W LayerDrawable: 	at java.lang.reflect.Method.invoke(Native Method)
07-04 11:28:23.637  4242  4242 W LayerDrawable: 	at com.android.internal.os.RuntimeInit$MethodAndArgsCaller.run(RuntimeInit.java:584)
07-04 11:28:23.637  4242  4242 W LayerDrawable: 	at com.android.internal.os.ZygoteInit.main(ZygoteInit.java:1034)
07-04 11:28:24.300  4242  4242 E Ads     : JS: Uncaught TypeError: Cannot read properties of null (reading 's') (https://pagead2.googlesyndication.com/omsdk/releases/live/omsdk-v1.js:27)
07-04 11:28:24.384  4242  4242 W LayerDrawable: Invalid drawable added to LayerDrawable! Drawable already belongs to another owner but does not expose a constant state.
07-04 11:28:24.384  4242  4242 W LayerDrawable: java.lang.RuntimeException
07-04 11:28:24.384  4242  4242 W LayerDrawable: 	at android.graphics.drawable.LayerDrawable$ChildDrawable.<init>(LayerDrawable.java:1857)
07-04 11:28:24.384  4242  4242 W LayerDrawable: 	at android.graphics.drawable.LayerDrawable$LayerState.<init>(LayerDrawable.java:1977)
07-04 11:28:24.384  4242  4242 W LayerDrawable: 	at android.graphics.drawable.LayerDrawable.createConstantState(LayerDrawable.java:174)
07-04 11:28:24.384  4242  4242 W LayerDrawable: 	at android.graphics.drawable.LayerDrawable.mutate(LayerDrawable.java:1782)
07-04 11:28:24.384  4242  4242 W LayerDrawable: 	at helium314.keyboard.latin.InputView.d(r8-map-id-b64c457f99efa7624866a82df268980aa7dae576484de85f4679c70b3fe3e3b6:355)
07-04 11:28:24.384  4242  4242 W LayerDrawable: 	at l7.b0.a(r8-map-id-b64c457f99efa7624866a82df268980aa7dae576484de85f4679c70b3fe3e3b6:232)
07-04 11:28:24.384  4242  4242 W LayerDrawable: 	at androidx.lifecycle.e0.run(r8-map-id-b64c457f99efa7624866a82df268980aa7dae576484de85f4679c70b3fe3e3b6:275)
07-04 11:28:24.384  4242  4242 W LayerDrawable: 	at helium314.keyboard.latin.InputView.c(r8-map-id-b64c457f99efa7624866a82df268980aa7dae576484de85f4679c70b3fe3e3b6:38)
07-04 11:28:24.384  4242  4242 W LayerDrawable: 	at e7.v.a(r8-map-id-b64c457f99efa7624866a82df268980aa7dae576484de85f4679c70b3fe3e3b6:15)
07-04 11:28:24.384  4242  4242 W LayerDrawable: 	at e7.v.o(r8-map-id-b64c457f99efa7624866a82df268980aa7dae576484de85f4679c70b3fe3e3b6:199)
07-04 11:28:24.384  4242  4242 W LayerDrawable: 	at e7.v.I(r8-map-id-b64c457f99efa7624866a82df268980aa7dae576484de85f4679c70b3fe3e3b6:17)
07-04 11:28:24.384  4242  4242 W LayerDrawable: 	at t7.b.u(r8-map-id-b64c457f99efa7624866a82df268980aa7dae576484de85f4679c70b3fe3e3b6:1647)
07-04 11:28:24.384  4242  4242 W LayerDrawable: 	at helium314.keyboard.latin.LatinIME.l(r8-map-id-b64c457f99efa7624866a82df268980aa7dae576484de85f4679c70b3fe3e3b6:36)
07-04 11:28:24.384  4242  4242 W LayerDrawable: 	at e7.m.a(r8-map-id-b64c457f99efa7624866a82df268980aa7dae576484de85f4679c70b3fe3e3b6:262)
07-04 11:28:24.384  4242  4242 W LayerDrawable: 	at helium314.keyboard.latin.suggestions.SuggestionStripView.onClick(r8-map-id-b64c457f99efa7624866a82df268980aa7dae576484de85f4679c70b3fe3e3b6:43)
07-04 11:28:24.384  4242  4242 W LayerDrawable: 	at android.view.View.performClick(View.java:7488)
07-04 11:28:24.384  4242  4242 W LayerDrawable: 	at android.view.View.performClickInternal(View.java:7464)
07-04 11:28:24.384  4242  4242 W LayerDrawable: 	at android.view.View.access$3700(View.java:841)
07-04 11:28:24.384  4242  4242 W LayerDrawable: 	at android.view.View$PerformClick.run(View.java:28911)
07-04 11:28:24.384  4242  4242 W LayerDrawable: 	at android.os.Handler.handleCallback(Handler.java:938)
07-04 11:28:24.384  4242  4242 W LayerDrawable: 	at android.os.Handler.dispatchMessage(Handler.java:99)
07-04 11:28:24.384  4242  4242 W LayerDrawable: 	at android.os.Looper.loopOnce(Looper.java:233)
07-04 11:28:24.384  4242  4242 W LayerDrawable: 	at android.os.Looper.loop(Looper.java:344)
07-04 11:28:24.384  4242  4242 W LayerDrawable: 	at android.app.ActivityThread.main(ActivityThread.java:8212)
07-04 11:28:24.384  4242  4242 W LayerDrawable: 	at java.lang.reflect.Method.invoke(Native Method)
07-04 11:28:24.384  4242  4242 W LayerDrawable: 	at com.android.internal.os.RuntimeInit$MethodAndArgsCaller.run(RuntimeInit.java:584)
07-04 11:28:24.384  4242  4242 W LayerDrawable: 	at com.android.internal.os.ZygoteInit.main(ZygoteInit.java:1034)
07-04 11:28:24.391  4242  4242 W LayerDrawable: Invalid drawable added to LayerDrawable! Drawable already belongs to another owner but does not expose a constant state.
07-04 11:28:24.391  4242  4242 W LayerDrawable: java.lang.RuntimeException
07-04 11:28:24.391  4242  4242 W LayerDrawable: 	at android.graphics.drawable.LayerDrawable$ChildDrawable.<init>(LayerDrawable.java:1857)
07-04 11:28:24.391  4242  4242 W LayerDrawable: 	at android.graphics.drawable.LayerDrawable$LayerState.<init>(LayerDrawable.java:1977)
07-04 11:28:24.391  4242  4242 W LayerDrawable: 	at android.graphics.drawable.LayerDrawable.createConstantState(LayerDrawable.java:174)
07-04 11:28:24.391  4242  4242 W LayerDrawable: 	at android.graphics.drawable.LayerDrawable.mutate(LayerDrawable.java:1782)
07-04 11:28:24.391  4242  4242 W LayerDrawable: 	at helium314.keyboard.latin.InputView.d(r8-map-id-b64c457f99efa7624866a82df268980aa7dae576484de85f4679c70b3fe3e3b6:355)
07-04 11:28:24.391  4242  4242 W LayerDrawable: 	at l7.b0.a(r8-map-id-b64c457f99efa7624866a82df268980aa7dae576484de85f4679c70b3fe3e3b6:232)
07-04 11:28:24.391  4242  4242 W LayerDrawable: 	at androidx.lifecycle.e0.run(r8-map-id-b64c457f99efa7624866a82df268980aa7dae576484de85f4679c70b3fe3e3b6:275)
07-04 11:28:24.391  4242  4242 W LayerDrawable: 	at helium314.keyboard.latin.InputView.c(r8-map-id-b64c457f99efa7624866a82df268980aa7dae576484de85f4679c70b3fe3e3b6:38)
07-04 11:28:24.391  4242  4242 W LayerDrawable: 	at e7.v.a(r8-map-id-b64c457f99efa7624866a82df268980aa7dae576484de85f4679c70b3fe3e3b6:15)
07-04 11:28:24.391  4242  4242 W LayerDrawable: 	at e7.v.I(r8-map-id-b64c457f99efa7624866a82df268980aa7dae576484de85f4679c70b3fe3e3b6:118)
07-04 11:28:24.391  4242  4242 W LayerDrawable: 	at t7.b.u(r8-map-id-b64c457f99efa7624866a82df268980aa7dae576484de85f4679c70b3fe3e3b6:1647)
07-04 11:28:24.391  4242  4242 W LayerDrawable: 	at helium314.keyboard.latin.LatinIME.l(r8-map-id-b64c457f99efa7624866a82df268980aa7dae576484de85f4679c70b3fe3e3b6:36)
07-04 11:28:24.391  4242  4242 W LayerDrawable: 	at e7.m.a(r8-map-id-b64c457f99efa7624866a82df268980aa7dae576484de85f4679c70b3fe3e3b6:262)
07-04 11:28:24.391  4242  4242 W LayerDrawable: 	at helium314.keyboard.latin.suggestions.SuggestionStripView.onClick(r8-map-id-b64c457f99efa7624866a82df268980aa7dae576484de85f4679c70b3fe3e3b6:43)
07-04 11:28:24.391  4242  4242 W LayerDrawable: 	at android.view.View.performClick(View.java:7488)
07-04 11:28:24.391  4242  4242 W LayerDrawable: 	at android.view.View.performClickInternal(View.java:7464)
07-04 11:28:24.391  4242  4242 W LayerDrawable: 	at android.view.View.access$3700(View.java:841)
07-04 11:28:24.391  4242  4242 W LayerDrawable: 	at android.view.View$PerformClick.run(View.java:28911)
07-04 11:28:24.391  4242  4242 W LayerDrawable: 	at android.os.Handler.handleCallback(Handler.java:938)
07-04 11:28:24.391  4242  4242 W LayerDrawable: 	at android.os.Handler.dispatchMessage(Handler.java:99)
07-04 11:28:24.391  4242  4242 W LayerDrawable: 	at android.os.Looper.loopOnce(Looper.java:233)
07-04 11:28:24.391  4242  4242 W LayerDrawable: 	at android.os.Looper.loop(Looper.java:344)
07-04 11:28:24.391  4242  4242 W LayerDrawable: 	at android.app.ActivityThread.main(ActivityThread.java:8212)
07-04 11:28:24.391  4242  4242 W LayerDrawable: 	at java.lang.reflect.Method.invoke(Native Method)
07-04 11:28:24.391  4242  4242 W LayerDrawable: 	at com.android.internal.os.RuntimeInit$MethodAndArgsCaller.run(RuntimeInit.java:584)
07-04 11:28:24.391  4242  4242 W LayerDrawable: 	at com.android.internal.os.ZygoteInit.main(ZygoteInit.java:1034)
07-04 11:28:24.415  4242  4242 W LayerDrawable: Invalid drawable added to LayerDrawable! Drawable already belongs to another owner but does not expose a constant state.
07-04 11:28:24.415  4242  4242 W LayerDrawable: java.lang.RuntimeException
07-04 11:28:24.415  4242  4242 W LayerDrawable: 	at android.graphics.drawable.LayerDrawable$ChildDrawable.<init>(LayerDrawable.java:1857)
07-04 11:28:24.415  4242  4242 W LayerDrawable: 	at android.graphics.drawable.LayerDrawable$LayerState.<init>(LayerDrawable.java:1977)
07-04 11:28:24.415  4242  4242 W LayerDrawable: 	at android.graphics.drawable.LayerDrawable.createConstantState(LayerDrawable.java:174)
07-04 11:28:24.415  4242  4242 W LayerDrawable: 	at android.graphics.drawable.LayerDrawable.mutate(LayerDrawable.java:1782)
07-04 11:28:24.415  4242  4242 W LayerDrawable: 	at helium314.keyboard.latin.InputView.d(r8-map-id-b64c457f99efa7624866a82df268980aa7dae576484de85f4679c70b3fe3e3b6:355)
07-04 11:28:24.415  4242  4242 W LayerDrawable: 	at l7.b0.a(r8-map-id-b64c457f99efa7624866a82df268980aa7dae576484de85f4679c70b3fe3e3b6:232)
07-04 11:28:24.415  4242  4242 W LayerDrawable: 	at androidx.lifecycle.e0.run(r8-map-id-b64c457f99efa7624866a82df268980aa7dae576484de85f4679c70b3fe3e3b6:275)
07-04 11:28:24.415  4242  4242 W LayerDrawable: 	at helium314.keyboard.latin.InputView.c(r8-map-id-b64c457f99efa7624866a82df268980aa7dae576484de85f4679c70b3fe3e3b6:38)
07-04 11:28:24.415  4242  4242 W LayerDrawable: 	at e7.v.a(r8-map-id-b64c457f99efa7624866a82df268980aa7dae576484de85f4679c70b3fe3e3b6:15)
07-04 11:28:24.415  4242  4242 W LayerDrawable: 	at b8.i0.run(r8-map-id-b64c457f99efa7624866a82df268980aa7dae576484de85f4679c70b3fe3e3b6:730)
07-04 11:28:24.415  4242  4242 W LayerDrawable: 	at android.os.Handler.handleCallback(Handler.java:938)
07-04 11:28:24.415  4242  4242 W LayerDrawable: 	at android.os.Handler.dispatchMessage(Handler.java:99)
07-04 11:28:24.415  4242  4242 W LayerDrawable: 	at android.os.Looper.loopOnce(Looper.java:233)
07-04 11:28:24.415  4242  4242 W LayerDrawable: 	at android.os.Looper.loop(Looper.java:344)
07-04 11:28:24.415  4242  4242 W LayerDrawable: 	at android.app.ActivityThread.main(ActivityThread.java:8212)
07-04 11:28:24.415  4242  4242 W LayerDrawable: 	at java.lang.reflect.Method.invoke(Native Method)
07-04 11:28:24.415  4242  4242 W LayerDrawable: 	at com.android.internal.os.RuntimeInit$MethodAndArgsCaller.run(RuntimeInit.java:584)
07-04 11:28:24.415  4242  4242 W LayerDrawable: 	at com.android.internal.os.ZygoteInit.main(ZygoteInit.java:1034)
07-04 11:28:24.919  4242  4242 W LayerDrawable: Invalid drawable added to LayerDrawable! Drawable already belongs to another owner but does not expose a constant state.
07-04 11:28:24.919  4242  4242 W LayerDrawable: java.lang.RuntimeException
07-04 11:28:24.919  4242  4242 W LayerDrawable: 	at android.graphics.drawable.LayerDrawable$ChildDrawable.<init>(LayerDrawable.java:1857)
07-04 11:28:24.919  4242  4242 W LayerDrawable: 	at android.graphics.drawable.LayerDrawable$LayerState.<init>(LayerDrawable.java:1977)
07-04 11:28:24.919  4242  4242 W LayerDrawable: 	at android.graphics.drawable.LayerDrawable.createConstantState(LayerDrawable.java:174)
07-04 11:28:24.919  4242  4242 W LayerDrawable: 	at android.graphics.drawable.LayerDrawable.mutate(LayerDrawable.java:1782)
07-04 11:28:24.919  4242  4242 W LayerDrawable: 	at helium314.keyboard.latin.InputView.d(r8-map-id-b64c457f99efa7624866a82df268980aa7dae576484de85f4679c70b3fe3e3b6:355)
07-04 11:28:24.919  4242  4242 W LayerDrawable: 	at l7.b0.a(r8-map-id-b64c457f99efa7624866a82df268980aa7dae576484de85f4679c70b3fe3e3b6:232)
07-04 11:28:24.919  4242  4242 W LayerDrawable: 	at androidx.lifecycle.e0.run(r8-map-id-b64c457f99efa7624866a82df268980aa7dae576484de85f4679c70b3fe3e3b6:275)
07-04 11:28:24.919  4242  4242 W LayerDrawable: 	at helium314.keyboard.latin.InputView.c(r8-map-id-b64c457f99efa7624866a82df268980aa7dae576484de85f4679c70b3fe3e3b6:38)
07-04 11:28:24.919  4242  4242 W LayerDrawable: 	at e7.v.a(r8-map-id-b64c457f99efa7624866a82df268980aa7dae576484de85f4679c70b3fe3e3b6:15)
07-04 11:28:24.919  4242  4242 W LayerDrawable: 	at e7.v.o(r8-map-id-b64c457f99efa7624866a82df268980aa7dae576484de85f4679c70b3fe3e3b6:199)
07-04 11:28:24.919  4242  4242 W LayerDrawable: 	at t7.b.u(r8-map-id-b64c457f99efa7624866a82df268980aa7dae576484de85f4679c70b3fe3e3b6:1652)
07-04 11:28:24.919  4242  4242 W LayerDrawable: 	at helium314.keyboard.latin.LatinIME.l(r8-map-id-b64c457f99efa7624866a82df268980aa7dae576484de85f4679c70b3fe3e3b6:36)
07-04 11:28:24.919  4242  4242 W LayerDrawable: 	at e7.m.a(r8-map-id-b64c457f99efa7624866a82df268980aa7dae576484de85f4679c70b3fe3e3b6:262)
07-04 11:28:24.919  4242  4242 W LayerDrawable: 	at helium314.keyboard.latin.suggestions.SuggestionStripView.onClick(r8-map-id-b64c457f99efa7624866a82df268980aa7dae576484de85f4679c70b3fe3e3b6:43)
07-04 11:28:24.919  4242  4242 W LayerDrawable: 	at android.view.View.performClick(View.java:7488)
07-04 11:28:24.919  4242  4242 W LayerDrawable: 	at android.view.View.performClickInternal(View.java:7464)
07-04 11:28:24.919  4242  4242 W LayerDrawable: 	at android.view.View.access$3700(View.java:841)
07-04 11:28:24.919  4242  4242 W LayerDrawable: 	at android.view.View$PerformClick.run(View.java:28911)
07-04 11:28:24.919  4242  4242 W LayerDrawable: 	at android.os.Handler.handleCallback(Handler.java:938)
07-04 11:28:24.919  4242  4242 W LayerDrawable: 	at android.os.Handler.dispatchMessage(Handler.java:99)
07-04 11:28:24.919  4242  4242 W LayerDrawable: 	at android.os.Looper.loopOnce(Looper.java:233)
07-04 11:28:24.919  4242  4242 W LayerDrawable: 	at android.os.Looper.loop(Looper.java:344)
07-04 11:28:24.919  4242  4242 W LayerDrawable: 	at android.app.ActivityThread.main(ActivityThread.java:8212)
07-04 11:28:24.919  4242  4242 W LayerDrawable: 	at java.lang.reflect.Method.invoke(Native Method)
07-04 11:28:24.919  4242  4242 W LayerDrawable: 	at com.android.internal.os.RuntimeInit$MethodAndArgsCaller.run(RuntimeInit.java:584)
07-04 11:28:24.919  4242  4242 W LayerDrawable: 	at com.android.internal.os.ZygoteInit.main(ZygoteInit.java:1034)
07-04 11:28:24.942  4242  4242 W LayerDrawable: Invalid drawable added to LayerDrawable! Drawable already belongs to another owner but does not expose a constant state.
07-04 11:28:24.942  4242  4242 W LayerDrawable: java.lang.RuntimeException
07-04 11:28:24.942  4242  4242 W LayerDrawable: 	at android.graphics.drawable.LayerDrawable$ChildDrawable.<init>(LayerDrawable.java:1857)
07-04 11:28:24.942  4242  4242 W LayerDrawable: 	at android.graphics.drawable.LayerDrawable$LayerState.<init>(LayerDrawable.java:1977)
07-04 11:28:24.942  4242  4242 W LayerDrawable: 	at android.graphics.drawable.LayerDrawable.createConstantState(LayerDrawable.java:174)
07-04 11:28:24.942  4242  4242 W LayerDrawable: 	at android.graphics.drawable.LayerDrawable.mutate(LayerDrawable.java:1782)
07-04 11:28:24.942  4242  4242 W LayerDrawable: 	at helium314.keyboard.latin.InputView.d(r8-map-id-b64c457f99efa7624866a82df268980aa7dae576484de85f4679c70b3fe3e3b6:355)
07-04 11:28:24.942  4242  4242 W LayerDrawable: 	at l7.b0.a(r8-map-id-b64c457f99efa7624866a82df268980aa7dae576484de85f4679c70b3fe3e3b6:232)
07-04 11:28:24.942  4242  4242 W LayerDrawable: 	at androidx.lifecycle.e0.run(r8-map-id-b64c457f99efa7624866a82df268980aa7dae576484de85f4679c70b3fe3e3b6:275)
07-04 11:28:24.942  4242  4242 W LayerDrawable: 	at helium314.keyboard.latin.InputView.c(r8-map-id-b64c457f99efa7624866a82df268980aa7dae576484de85f4679c70b3fe3e3b6:38)
07-04 11:28:24.942  4242  4242 W LayerDrawable: 	at e7.v.a(r8-map-id-b64c457f99efa7624866a82df268980aa7dae576484de85f4679c70b3fe3e3b6:15)
07-04 11:28:24.942  4242  4242 W LayerDrawable: 	at b8.i0.run(r8-map-id-b64c457f99efa7624866a82df268980aa7dae576484de85f4679c70b3fe3e3b6:730)
07-04 11:28:24.942  4242  4242 W LayerDrawable: 	at android.os.Handler.handleCallback(Handler.java:938)
07-04 11:28:24.942  4242  4242 W LayerDrawable: 	at android.os.Handler.dispatchMessage(Handler.java:99)
07-04 11:28:24.942  4242  4242 W LayerDrawable: 	at android.os.Looper.loopOnce(Looper.java:233)
07-04 11:28:24.942  4242  4242 W LayerDrawable: 	at android.os.Looper.loop(Looper.java:344)
07-04 11:28:24.942  4242  4242 W LayerDrawable: 	at android.app.ActivityThread.main(ActivityThread.java:8212)
07-04 11:28:24.942  4242  4242 W LayerDrawable: 	at java.lang.reflect.Method.invoke(Native Method)
07-04 11:28:24.942  4242  4242 W LayerDrawable: 	at com.android.internal.os.RuntimeInit$MethodAndArgsCaller.run(RuntimeInit.java:584)
07-04 11:28:24.942  4242  4242 W LayerDrawable: 	at com.android.internal.os.ZygoteInit.main(ZygoteInit.java:1034)
07-04 11:28:25.757  4242  4242 W LayerDrawable: Invalid drawable added to LayerDrawable! Drawable already belongs to another owner but does not expose a constant state.
07-04 11:28:25.757  4242  4242 W LayerDrawable: java.lang.RuntimeException
07-04 11:28:25.757  4242  4242 W LayerDrawable: 	at android.graphics.drawable.LayerDrawable$ChildDrawable.<init>(LayerDrawable.java:1857)
07-04 11:28:25.757  4242  4242 W LayerDrawable: 	at android.graphics.drawable.LayerDrawable$LayerState.<init>(LayerDrawable.java:1977)
07-04 11:28:25.757  4242  4242 W LayerDrawable: 	at android.graphics.drawable.LayerDrawable.createConstantState(LayerDrawable.java:174)
07-04 11:28:25.757  4242  4242 W LayerDrawable: 	at android.graphics.drawable.LayerDrawable.mutate(LayerDrawable.java:1782)
07-04 11:28:25.757  4242  4242 W LayerDrawable: 	at helium314.keyboard.latin.InputView.d(r8-map-id-b64c457f99efa7624866a82df268980aa7dae576484de85f4679c70b3fe3e3b6:355)
07-04 11:28:25.757  4242  4242 W LayerDrawable: 	at l7.b0.a(r8-map-id-b64c457f99efa7624866a82df268980aa7dae576484de85f4679c70b3fe3e3b6:232)
07-04 11:28:25.757  4242  4242 W LayerDrawable: 	at androidx.lifecycle.e0.run(r8-map-id-b64c457f99efa7624866a82df268980aa7dae576484de85f4679c70b3fe3e3b6:275)
07-04 11:28:25.757  4242  4242 W LayerDrawable: 	at helium314.keyboard.latin.InputView.c(r8-map-id-b64c457f99efa7624866a82df268980aa7dae576484de85f4679c70b3fe3e3b6:38)
07-04 11:28:25.757  4242  4242 W LayerDrawable: 	at e7.v.a(r8-map-id-b64c457f99efa7624866a82df268980aa7dae576484de85f4679c70b3fe3e3b6:15)
07-04 11:28:25.757  4242  4242 W LayerDrawable: 	at e7.v.o(r8-map-id-b64c457f99efa7624866a82df268980aa7dae576484de85f4679c70b3fe3e3b6:199)
07-04 11:28:25.757  4242  4242 W LayerDrawable: 	at e7.v.I(r8-map-id-b64c457f99efa7624866a82df268980aa7dae576484de85f4679c70b3fe3e3b6:17)
07-04 11:28:25.757  4242  4242 W LayerDrawable: 	at t7.b.u(r8-map-id-b64c457f99efa7624866a82df268980aa7dae576484de85f4679c70b3fe3e3b6:1647)
07-04 11:28:25.757  4242  4242 W LayerDrawable: 	at helium314.keyboard.latin.LatinIME.l(r8-map-id-b64c457f99efa7624866a82df268980aa7dae576484de85f4679c70b3fe3e3b6:36)
07-04 11:28:25.757  4242  4242 W LayerDrawable: 	at e7.m.a(r8-map-id-b64c457f99efa7624866a82df268980aa7dae576484de85f4679c70b3fe3e3b6:262)
07-04 11:28:25.757  4242  4242 W LayerDrawable: 	at helium314.keyboard.latin.suggestions.SuggestionStripView.onClick(r8-map-id-b64c457f99efa7624866a82df268980aa7dae576484de85f4679c70b3fe3e3b6:43)
07-04 11:28:25.757  4242  4242 W LayerDrawable: 	at android.view.View.performClick(View.java:7488)
07-04 11:28:25.757  4242  4242 W LayerDrawable: 	at android.view.View.performClickInternal(View.java:7464)
07-04 11:28:25.757  4242  4242 W LayerDrawable: 	at android.view.View.access$3700(View.java:841)
07-04 11:28:25.757  4242  4242 W LayerDrawable: 	at android.view.View$PerformClick.run(View.java:28911)
07-04 11:28:25.757  4242  4242 W LayerDrawable: 	at android.os.Handler.handleCallback(Handler.java:938)
07-04 11:28:25.757  4242  4242 W LayerDrawable: 	at android.os.Handler.dispatchMessage(Handler.java:99)
07-04 11:28:25.757  4242  4242 W LayerDrawable: 	at android.os.Looper.loopOnce(Looper.java:233)
07-04 11:28:25.757  4242  4242 W LayerDrawable: 	at android.os.Looper.loop(Looper.java:344)
07-04 11:28:25.757  4242  4242 W LayerDrawable: 	at android.app.ActivityThread.main(ActivityThread.java:8212)
07-04 11:28:25.757  4242  4242 W LayerDrawable: 	at java.lang.reflect.Method.invoke(Native Method)
07-04 11:28:25.757  4242  4242 W LayerDrawable: 	at com.android.internal.os.RuntimeInit$MethodAndArgsCaller.run(RuntimeInit.java:584)
07-04 11:28:25.757  4242  4242 W LayerDrawable: 	at com.android.internal.os.ZygoteInit.main(ZygoteInit.java:1034)
07-04 11:28:25.761  4242  4242 W LayerDrawable: Invalid drawable added to LayerDrawable! Drawable already belongs to another owner but does not expose a constant state.
07-04 11:28:25.761  4242  4242 W LayerDrawable: java.lang.RuntimeException
07-04 11:28:25.761  4242  4242 W LayerDrawable: 	at android.graphics.drawable.LayerDrawable$ChildDrawable.<init>(LayerDrawable.java:1857)
07-04 11:28:25.761  4242  4242 W LayerDrawable: 	at android.graphics.drawable.LayerDrawable$LayerState.<init>(LayerDrawable.java:1977)
07-04 11:28:25.761  4242  4242 W LayerDrawable: 	at android.graphics.drawable.LayerDrawable.createConstantState(LayerDrawable.java:174)
07-04 11:28:25.761  4242  4242 W LayerDrawable: 	at android.graphics.drawable.LayerDrawable.mutate(LayerDrawable.java:1782)
07-04 11:28:25.761  4242  4242 W LayerDrawable: 	at helium314.keyboard.latin.InputView.d(r8-map-id-b64c457f99efa7624866a82df268980aa7dae576484de85f4679c70b3fe3e3b6:355)
07-04 11:28:25.761  4242  4242 W LayerDrawable: 	at l7.b0.a(r8-map-id-b64c457f99efa7624866a82df268980aa7dae576484de85f4679c70b3fe3e3b6:232)
07-04 11:28:25.761  4242  4242 W LayerDrawable: 	at androidx.lifecycle.e0.run(r8-map-id-b64c457f99efa7624866a82df268980aa7dae576484de85f4679c70b3fe3e3b6:275)
07-04 11:28:25.761  4242  4242 W LayerDrawable: 	at helium314.keyboard.latin.InputView.c(r8-map-id-b64c457f99efa7624866a82df268980aa7dae576484de85f4679c70b3fe3e3b6:38)
07-04 11:28:25.761  4242  4242 W LayerDrawable: 	at e7.v.a(r8-map-id-b64c457f99efa7624866a82df268980aa7dae576484de85f4679c70b3fe3e3b6:15)
07-04 11:28:25.761  4242  4242 W LayerDrawable: 	at e7.v.I(r8-map-id-b64c457f99efa7624866a82df268980aa7dae576484de85f4679c70b3fe3e3b6:118)
07-04 11:28:25.761  4242  4242 W LayerDrawable: 	at t7.b.u(r8-map-id-b64c457f99efa7624866a82df268980aa7dae576484de85f4679c70b3fe3e3b6:1647)
07-04 11:28:25.761  4242  4242 W LayerDrawable: 	at helium314.keyboard.latin.LatinIME.l(r8-map-id-b64c457f99efa7624866a82df268980aa7dae576484de85f4679c70b3fe3e3b6:36)
07-04 11:28:25.761  4242  4242 W LayerDrawable: 	at e7.m.a(r8-map-id-b64c457f99efa7624866a82df268980aa7dae576484de85f4679c70b3fe3e3b6:262)
07-04 11:28:25.761  4242  4242 W LayerDrawable: 	at helium314.keyboard.latin.suggestions.SuggestionStripView.onClick(r8-map-id-b64c457f99efa7624866a82df268980aa7dae576484de85f4679c70b3fe3e3b6:43)
07-04 11:28:25.761  4242  4242 W LayerDrawable: 	at android.view.View.performClick(View.java:7488)
07-04 11:28:25.761  4242  4242 W LayerDrawable: 	at android.view.View.performClickInternal(View.java:7464)
07-04 11:28:25.761  4242  4242 W LayerDrawable: 	at android.view.View.access$3700(View.java:841)
07-04 11:28:25.761  4242  4242 W LayerDrawable: 	at android.view.View$PerformClick.run(View.java:28911)
07-04 11:28:25.761  4242  4242 W LayerDrawable: 	at android.os.Handler.handleCallback(Handler.java:938)
07-04 11:28:25.761  4242  4242 W LayerDrawable: 	at android.os.Handler.dispatchMessage(Handler.java:99)
07-04 11:28:25.761  4242  4242 W LayerDrawable: 	at android.os.Looper.loopOnce(Looper.java:233)
07-04 11:28:25.761  4242  4242 W LayerDrawable: 	at android.os.Looper.loop(Looper.java:344)
07-04 11:28:25.761  4242  4242 W LayerDrawable: 	at android.app.ActivityThread.main(ActivityThread.java:8212)
07-04 11:28:25.761  4242  4242 W LayerDrawable: 	at java.lang.reflect.Method.invoke(Native Method)
07-04 11:28:25.761  4242  4242 W LayerDrawable: 	at com.android.internal.os.RuntimeInit$MethodAndArgsCaller.run(RuntimeInit.java:584)
07-04 11:28:25.761  4242  4242 W LayerDrawable: 	at com.android.internal.os.ZygoteInit.main(ZygoteInit.java:1034)
07-04 11:28:25.776  4242  4242 W LayerDrawable: Invalid drawable added to LayerDrawable! Drawable already belongs to another owner but does not expose a constant state.
07-04 11:28:25.776  4242  4242 W LayerDrawable: java.lang.RuntimeException
07-04 11:28:25.776  4242  4242 W LayerDrawable: 	at android.graphics.drawable.LayerDrawable$ChildDrawable.<init>(LayerDrawable.java:1857)
07-04 11:28:25.776  4242  4242 W LayerDrawable: 	at android.graphics.drawable.LayerDrawable$LayerState.<init>(LayerDrawable.java:1977)
07-04 11:28:25.776  4242  4242 W LayerDrawable: 	at android.graphics.drawable.LayerDrawable.createConstantState(LayerDrawable.java:174)
07-04 11:28:25.776  4242  4242 W LayerDrawable: 	at android.graphics.drawable.LayerDrawable.mutate(LayerDrawable.java:1782)
07-04 11:28:25.776  4242  4242 W LayerDrawable: 	at helium314.keyboard.latin.InputView.d(r8-map-id-b64c457f99efa7624866a82df268980aa7dae576484de85f4679c70b3fe3e3b6:355)
07-04 11:28:25.776  4242  4242 W LayerDrawable: 	at l7.b0.a(r8-map-id-b64c457f99efa7624866a82df268980aa7dae576484de85f4679c70b3fe3e3b6:232)
07-04 11:28:25.776  4242  4242 W LayerDrawable: 	at androidx.lifecycle.e0.run(r8-map-id-b64c457f99efa7624866a82df268980aa7dae576484de85f4679c70b3fe3e3b6:275)
07-04 11:28:25.776  4242  4242 W LayerDrawable: 	at helium314.keyboard.latin.InputView.c(r8-map-id-b64c457f99efa7624866a82df268980aa7dae576484de85f4679c70b3fe3e3b6:38)
07-04 11:28:25.776  4242  4242 W LayerDrawable: 	at e7.v.a(r8-map-id-b64c457f99efa7624866a82df268980aa7dae576484de85f4679c70b3fe3e3b6:15)
07-04 11:28:25.776  4242  4242 W LayerDrawable: 	at b8.i0.run(r8-map-id-b64c457f99efa7624866a82df268980aa7dae576484de85f4679c70b3fe3e3b6:730)
07-04 11:28:25.776  4242  4242 W LayerDrawable: 	at android.os.Handler.handleCallback(Handler.java:938)
07-04 11:28:25.776  4242  4242 W LayerDrawable: 	at android.os.Handler.dispatchMessage(Handler.java:99)
07-04 11:28:25.776  4242  4242 W LayerDrawable: 	at android.os.Looper.loopOnce(Looper.java:233)
07-04 11:28:25.776  4242  4242 W LayerDrawable: 	at android.os.Looper.loop(Looper.java:344)
07-04 11:28:25.776  4242  4242 W LayerDrawable: 	at android.app.ActivityThread.main(ActivityThread.java:8212)
07-04 11:28:25.776  4242  4242 W LayerDrawable: 	at java.lang.reflect.Method.invoke(Native Method)
07-04 11:28:25.776  4242  4242 W LayerDrawable: 	at com.android.internal.os.RuntimeInit$MethodAndArgsCaller.run(RuntimeInit.java:584)
07-04 11:28:25.776  4242  4242 W LayerDrawable: 	at com.android.internal.os.ZygoteInit.main(ZygoteInit.java:1034)
07-04 11:28:25.881  4242  4440 W Ads     : Not retrying to fetch app settings
07-04 11:28:26.621  4242  4376 I VkSuggestions: strip composing typedLen=1 candidates=1 autocorrect=false locale=pt
07-04 11:28:26.789  4242  4376 I VkSuggestions: strip composing typedLen=2 candidates=1 autocorrect=false locale=pt
07-04 11:28:26.869  4242  4507 W libc    : Access denied finding property "vendor.oplus.media.vpp.stutter"
07-04 11:28:26.870  4242  4507 E MULTIMEDIAConfig: [getInt32:L80] Not find config, Returning default
07-04 11:28:26.870  4242  4507 E MULTIMEDIAConfig: [getInt32:L80] Not find config, Returning default
07-04 11:28:26.870  4242  4507 E OplusACodec: [OplusACodec:204] mSrOsieMMListCheckResult:0x0 mOsieVersion:1
07-04 11:28:26.915  4242  4774 E OplusACodec: [GetVideoCodingTypeFromMime:L1162] mime:video/x-vnd.on2.vp9
07-04 11:28:26.996  4242  4376 I VkSuggestions: strip composing typedLen=3 candidates=1 autocorrect=false locale=pt
07-04 11:28:27.149  4242  4506 W cr_MediaCodecBridge: Releasing: OMX.qcom.video.decoder.vp9
07-04 11:28:27.151  4242  4772 E ExtensionsLoader: freeAllBuffers: 13 buffers were freed while being dequeued!
07-04 11:28:27.153  4242  4506 W cr_MediaCodecBridge: Codec released
07-04 11:28:27.198  4242  4376 I VkSuggestions: strip composing typedLen=4 candidates=1 autocorrect=false locale=pt
07-04 11:28:27.448  4242  4376 I VkSuggestions: strip composing typedLen=6 candidates=1 autocorrect=false locale=pt
07-04 11:28:27.524  4242  4507 W libc    : Access denied finding property "vendor.oplus.media.vpp.stutter"
07-04 11:28:27.525  4242  4507 E MULTIMEDIAConfig: [getInt32:L80] Not find config, Returning default
07-04 11:28:27.525  4242  4507 E MULTIMEDIAConfig: [getInt32:L80] Not find config, Returning default
07-04 11:28:27.525  4242  4507 E OplusACodec: [OplusACodec:204] mSrOsieMMListCheckResult:0x0 mOsieVersion:1
07-04 11:28:27.554  4242  4826 E OplusACodec: [GetVideoCodingTypeFromMime:L1162] mime:video/x-vnd.on2.vp9
07-04 11:28:27.605  4242  4376 I VkSuggestions: strip composing typedLen=7 candidates=1 autocorrect=false locale=pt
07-04 11:28:27.651  4242  4506 W cr_MediaCodecBridge: Releasing: OMX.qcom.video.decoder.vp9
07-04 11:28:27.653  4242  4825 E ExtensionsLoader: freeAllBuffers: 9 buffers were freed while being dequeued!
07-04 11:28:27.654  4242  4506 W cr_MediaCodecBridge: Codec released
07-04 11:28:27.685  4242  4242 E Ads     : JS: Refused to get unsafe header "X-Afma-Gcache-IsGcacheHit" (https://imasdk.googleapis.com/admob/sdkloader/gma_vast_video_player_20260625_00.0/simid_player_core.js:508)
07-04 11:28:27.893  4242  4376 I VkSuggestions: strip composing typedLen=9 candidates=1 autocorrect=false locale=pt
07-04 11:28:28.061  4242  4376 I VkSuggestions: strip composing typedLen=10 candidates=1 autocorrect=false locale=pt
07-04 11:28:28.249  4242  4265 W ibekey.keyboar: Cleared Reference was only reachable from finalizer (only reported once)
07-04 11:28:29.904  4242  4376 I VkSuggestions: strip composing typedLen=1 candidates=1 autocorrect=false locale=pt
07-04 11:28:30.082  4242  4376 I VkSuggestions: strip composing typedLen=2 candidates=5 autocorrect=false locale=pt
07-04 11:28:30.239  4242  4376 I VkSuggestions: strip composing typedLen=3 candidates=3 autocorrect=false locale=pt
07-04 11:28:30.399  4242  4376 I VkSuggestions: strip composing typedLen=4 candidates=5 autocorrect=false locale=pt
07-04 11:28:30.661  4242  4242 W LayerDrawable: Invalid drawable added to LayerDrawable! Drawable already belongs to another owner but does not expose a constant state.
07-04 11:28:30.661  4242  4242 W LayerDrawable: java.lang.RuntimeException
07-04 11:28:30.661  4242  4242 W LayerDrawable: 	at android.graphics.drawable.LayerDrawable$ChildDrawable.<init>(LayerDrawable.java:1857)
07-04 11:28:30.661  4242  4242 W LayerDrawable: 	at android.graphics.drawable.LayerDrawable$LayerState.<init>(LayerDrawable.java:1977)
07-04 11:28:30.661  4242  4242 W LayerDrawable: 	at android.graphics.drawable.LayerDrawable.createConstantState(LayerDrawable.java:174)
07-04 11:28:30.661  4242  4242 W LayerDrawable: 	at android.graphics.drawable.LayerDrawable.mutate(LayerDrawable.java:1782)
07-04 11:28:30.661  4242  4242 W LayerDrawable: 	at helium314.keyboard.latin.InputView.d(r8-map-id-b64c457f99efa7624866a82df268980aa7dae576484de85f4679c70b3fe3e3b6:355)
07-04 11:28:30.661  4242  4242 W LayerDrawable: 	at l7.b0.a(r8-map-id-b64c457f99efa7624866a82df268980aa7dae576484de85f4679c70b3fe3e3b6:232)
07-04 11:28:30.661  4242  4242 W LayerDrawable: 	at androidx.lifecycle.e0.run(r8-map-id-b64c457f99efa7624866a82df268980aa7dae576484de85f4679c70b3fe3e3b6:275)
07-04 11:28:30.661  4242  4242 W LayerDrawable: 	at helium314.keyboard.latin.InputView.c(r8-map-id-b64c457f99efa7624866a82df268980aa7dae576484de85f4679c70b3fe3e3b6:38)
07-04 11:28:30.661  4242  4242 W LayerDrawable: 	at e7.v.a(r8-map-id-b64c457f99efa7624866a82df268980aa7dae576484de85f4679c70b3fe3e3b6:15)
07-04 11:28:30.661  4242  4242 W LayerDrawable: 	at e7.v.o(r8-map-id-b64c457f99efa7624866a82df268980aa7dae576484de85f4679c70b3fe3e3b6:199)
07-04 11:28:30.661  4242  4242 W LayerDrawable: 	at e7.v.Q(r8-map-id-b64c457f99efa7624866a82df268980aa7dae576484de85f4679c70b3fe3e3b6:21)
07-04 11:28:30.661  4242  4242 W LayerDrawable: 	at t7.b.u(r8-map-id-b64c457f99efa7624866a82df268980aa7dae576484de85f4679c70b3fe3e3b6:2446)
07-04 11:28:30.661  4242  4242 W LayerDrawable: 	at helium314.keyboard.latin.LatinIME.l(r8-map-id-b64c457f99efa7624866a82df268980aa7dae576484de85f4679c70b3fe3e3b6:36)
07-04 11:28:30.661  4242  4242 W LayerDrawable: 	at e7.m.a(r8-map-id-b64c457f99efa7624866a82df268980aa7dae576484de85f4679c70b3fe3e3b6:262)
07-04 11:28:30.661  4242  4242 W LayerDrawable: 	at d8.u.onClick(r8-map-id-b64c457f99efa7624866a82df268980aa7dae576484de85f4679c70b3fe3e3b6:40)
07-04 11:28:30.661  4242  4242 W LayerDrawable: 	at android.view.View.performClick(View.java:7488)
07-04 11:28:30.661  4242  4242 W LayerDrawable: 	at android.view.View.performClickInternal(View.java:7464)
07-04 11:28:30.661  4242  4242 W LayerDrawable: 	at android.view.View.access$3700(View.java:841)
07-04 11:28:30.661  4242  4242 W LayerDrawable: 	at android.view.View$PerformClick.run(View.java:28911)
07-04 11:28:30.661  4242  4242 W LayerDrawable: 	at android.os.Handler.handleCallback(Handler.java:938)
07-04 11:28:30.661  4242  4242 W LayerDrawable: 	at android.os.Handler.dispatchMessage(Handler.java:99)
07-04 11:28:30.661  4242  4242 W LayerDrawable: 	at android.os.Looper.loopOnce(Looper.java:233)
07-04 11:28:30.661  4242  4242 W LayerDrawable: 	at android.os.Looper.loop(Looper.java:344)
07-04 11:28:30.661  4242  4242 W LayerDrawable: 	at android.app.ActivityThread.main(ActivityThread.java:8212)
07-04 11:28:30.661  4242  4242 W LayerDrawable: 	at java.lang.reflect.Method.invoke(Native Method)
07-04 11:28:30.661  4242  4242 W LayerDrawable: 	at com.android.internal.os.RuntimeInit$MethodAndArgsCaller.run(RuntimeInit.java:584)
07-04 11:28:30.661  4242  4242 W LayerDrawable: 	at com.android.internal.os.ZygoteInit.main(ZygoteInit.java:1034)
07-04 11:28:30.703  4242  4242 W LayerDrawable: Invalid drawable added to LayerDrawable! Drawable already belongs to another owner but does not expose a constant state.
07-04 11:28:30.703  4242  4242 W LayerDrawable: java.lang.RuntimeException
07-04 11:28:30.703  4242  4242 W LayerDrawable: 	at android.graphics.drawable.LayerDrawable$ChildDrawable.<init>(LayerDrawable.java:1857)
07-04 11:28:30.703  4242  4242 W LayerDrawable: 	at android.graphics.drawable.LayerDrawable$LayerState.<init>(LayerDrawable.java:1977)
07-04 11:28:30.703  4242  4242 W LayerDrawable: 	at android.graphics.drawable.LayerDrawable.createConstantState(LayerDrawable.java:174)
