07-22 20:14:57.141 17597 18233 I VkSuggestions: strip composing typedLen=4 candidates=19 autocorrect=false top=len=4 locale=es token=57 gen=12
07-22 20:14:57.144 17597 17597 I VkStripPipeline: setSuggestions composing size=19 style=1 token=57 gen=12 typed=len=4
07-22 20:14:57.145 17597 17597 I VkSuggestions: stripUi prediction=false children=5 [len=4|len=6|len=4]
07-22 20:14:57.145 17597 17597 I VkStripPipeline: slotBind composing children=5 [len=4|len=6|len=4]
07-22 20:14:58.061 17597 18233 W VibeKeyProfiler: Slow Native Suggest: Total=12.46ms | Init=0.50ms | TrieExpand(x14)=11.90ms | Scoring=0.05ms | inputSize=3
07-22 20:14:58.069 17597 18233 W VibeKeyProfiler: Slow Native Suggest: Total=8.18ms | Init=0.25ms | TrieExpand(x17)=7.89ms | Scoring=0.04ms | inputSize=3
07-22 20:14:58.070 17597 18233 I VkSuggestions: decode typedLen=3 candidates=18 locales=1 22,1ms
07-22 20:14:58.071 17597 18233 W VkSuggestions: slow frame 22,1ms locales=1 typedLen=3 candidates=18
07-22 20:14:58.072 17597 18233 I VkTextCorrection: threshold len=3→len=8 score=0,058 thr=0,140 ○
07-22 20:14:58.074 17597 18233 I VkSuggestions: strip composing typedLen=3 candidates=19 autocorrect=false top=len=3 locale=es token=58 gen=12
07-22 20:14:58.075 17597 17597 I VkStripPipeline: setSuggestions composing size=19 style=1 token=58 gen=12 typed=len=3
07-22 20:14:58.080 17597 17597 I VkSuggestions: stripUi prediction=false children=5 [len=3|len=8|len=7]
07-22 20:14:58.080 17597 17597 I VkStripPipeline: slotBind composing children=5 [len=3|len=8|len=7]
07-22 20:14:58.592 17597 17597 I VkKeyPreview: show code=97 instant=false pool showing=1 free=0
07-22 20:14:58.680 17597 17597 I VkKeyPreview: dismiss code=97 reason=release_anim pool showing=0 free=1
07-22 20:14:58.796 17597 18233 W VibeKeyProfiler: Slow Native Suggest: Total=11.03ms | Init=0.33ms | TrieExpand(x11)=10.66ms | Scoring=0.05ms | inputSize=4
07-22 20:14:58.805 17597 18233 W VibeKeyProfiler: Slow Native Suggest: Total=8.01ms | Init=0.25ms | TrieExpand(x17)=7.72ms | Scoring=0.04ms | inputSize=4
07-22 20:14:58.806 17597 18233 I VkSuggestions: decode typedLen=4 candidates=18 locales=1 20,7ms
07-22 20:14:58.806 17597 18233 W VkSuggestions: slow frame 20,7ms locales=1 typedLen=4 candidates=18
07-22 20:14:58.814 17597 18233 I VkTextCorrection: rerank composing head len=4→len=2
07-22 20:14:58.815 17597 18233 I VkTextCorrection: threshold len=4→len=2 score=0,000 thr=0,140 ○
07-22 20:14:58.819 17597 18233 I VkSuggestions: strip composing typedLen=4 candidates=14 autocorrect=false top=len=4 locale=es token=59 gen=12
07-22 20:14:58.820 17597 17597 I VkStripPipeline: setSuggestions composing size=14 style=1 token=59 gen=12 typed=len=4
07-22 20:14:58.839 17597 17597 I VkSuggestions: stripUi prediction=false children=5 [len=4|len=2|len=2]
07-22 20:14:58.839 17597 17597 I VkStripPipeline: slotBind composing children=5 [len=4|len=2|len=2]
07-22 20:14:59.240 17597 17597 I VkAutocorrect: picked: len=4
07-22 20:14:59.344 17597 18233 I VkNgram : contextual locale=es prev=len=4 → len=4, len=4, len=3
07-22 20:14:59.344 17597 18233 I VkNgram : merge locale=es prev=len=4 preds=8 contextual=5 assets=true
07-22 20:14:59.345 17597 18233 I VkTextCorrection: rerank prediction head len=3→len=4
07-22 20:14:59.348 17597 18233 I VkSuggestions: strip prediction typedLen=0 candidates=3 autocorrect=false top=len=4 locale=es token=59 gen=13
07-22 20:14:59.349 17597 17597 I VkStripPipeline: setSuggestions prediction size=3 style=6 token=59 gen=13
07-22 20:14:59.352 17597 17597 I VkSuggestions: stripUi prediction=true children=5 [len=3|len=4|len=3]
07-22 20:14:59.352 17597 17597 I VkStripPipeline: slotBind prediction children=5 [len=3|len=4|len=3]
07-22 20:14:59.975 17597 17597 I VkAutocorrect: picked: len=4
07-22 20:15:00.077 17597 18233 I VkNgram : merge locale=es prev=len=4 preds=8 contextual=0 assets=true
07-22 20:15:00.078 17597 18233 I VkSuggestions: strip prediction typedLen=0 candidates=3 autocorrect=false top=len=2 locale=es token=59 gen=14
07-22 20:15:00.079 17597 17597 I VkStripPipeline: setSuggestions prediction size=3 style=6 token=59 gen=14
07-22 20:15:00.081 17597 17597 I VkSuggestions: stripUi prediction=true children=5 [len=2|len=2|len=2]
07-22 20:15:00.081 17597 17597 I VkStripPipeline: slotBind prediction children=5 [len=2|len=2|len=2]
07-22 20:15:00.527 17597 17597 I VkAutocorrect: picked: len=2
07-22 20:15:00.630 17597 18233 I VkNgram : merge locale=es prev=len=2 preds=8 contextual=0 assets=true
07-22 20:15:00.632 17597 18233 I VkSuggestions: strip prediction typedLen=0 candidates=3 autocorrect=false top=len=2 locale=es token=59 gen=15
07-22 20:15:00.633 17597 17597 I VkStripPipeline: setSuggestions prediction size=3 style=6 token=59 gen=15
07-22 20:15:00.636 17597 17597 I VkSuggestions: stripUi prediction=true children=5 [len=3|len=2|len=5]
07-22 20:15:00.636 17597 17597 I VkStripPipeline: slotBind prediction children=5 [len=3|len=2|len=5]
07-22 20:15:01.196 17597 17597 I VkKeyPress: keys pressed=68
07-22 20:15:01.230 17597 18233 I VkSuggestions: decode typedLen=1 candidates=18 locales=1 10,9ms
07-22 20:15:01.231 17597 18233 I VkTextCorrection: rerank composing head len=1→len=2
07-22 20:15:01.231 17597 18233 I VkSuggestions: strip composing typedLen=1 candidates=18 autocorrect=false top=len=1 locale=es token=60 gen=15
07-22 20:15:01.232 17597 17597 I VkStripPipeline: setSuggestions composing size=18 style=1 token=60 gen=15 typed=len=1
07-22 20:15:01.233 17597 17597 I VkSuggestions: stripUi prediction=false children=5 [len=1|len=1|len=2]
07-22 20:15:01.233 17597 17597 I VkStripPipeline: slotBind composing children=5 [len=1|len=1|len=2]
07-22 20:15:01.451 17597 18233 I VkNgram : merge locale=es prev=len=4 preds=1 contextual=0 assets=true
07-22 20:15:01.452 17597 18233 I VkSuggestions: strip prediction typedLen=0 candidates=3 autocorrect=false top=len=2 locale=es token=61 gen=15
07-22 20:15:01.452 17597 17597 I VkStripPipeline: setSuggestions prediction size=3 style=6 token=61 gen=15
07-22 20:15:01.454 17597 17597 I VkSuggestions: stripUi prediction=true children=5 [len=3|len=2|len=2]
07-22 20:15:01.454 17597 17597 I VkStripPipeline: slotBind prediction children=5 [len=3|len=2|len=2]
07-22 20:15:01.753 17597 17597 I VkKeyPreview: show code=101 instant=false pool showing=1 free=0
07-22 20:15:01.847 17597 17597 I VkKeyPreview: dismiss code=101 reason=release_anim pool showing=0 free=1
07-22 20:15:01.918 17597 17597 I VkKeyPreview: show code=115 instant=true pool showing=1 free=0
07-22 20:15:01.975 17597 18233 I VkTextCorrection: rerank composing head len=2→len=2
07-22 20:15:01.975 17597 18233 I VkTextCorrection: threshold len=1→len=2 score=0,000 thr=0,140 ○
07-22 20:15:01.976 17597 18233 I VkSuggestions: strip composing typedLen=1 candidates=17 autocorrect=false top=len=1 locale=es token=63 gen=15
07-22 20:15:01.976 17597 17597 I VkStripPipeline: setSuggestions composing size=17 style=1 token=63 gen=15 typed=len=1
07-22 20:15:01.977 17597 17597 I VkSuggestions: stripUi prediction=false children=5 [len=1|len=2|len=2]
07-22 20:15:01.977 17597 17597 I VkStripPipeline: slotBind composing children=5 [len=1|len=2|len=2]
07-22 20:15:02.006 17597 17597 I VkKeyPreview: dismiss code=115 reason=release_anim pool showing=0 free=1
07-22 20:15:02.120 17597 18233 I VkSuggestions: decode typedLen=2 candidates=18 locales=1 9,9ms
07-22 20:15:02.121 17597 18233 I VkTextCorrection: rerank composing head len=2→len=2
07-22 20:15:02.121 17597 18233 I VkTextCorrection: threshold len=2→len=2 score=0,000 thr=0,140 ○
07-22 20:15:02.122 17597 18233 I VkSuggestions: strip composing typedLen=2 candidates=17 autocorrect=false top=len=2 locale=es token=63 gen=15
07-22 20:15:02.122 17597 17597 I VkStripPipeline: setSuggestions composing size=17 style=1 token=63 gen=15 typed=len=2
07-22 20:15:02.128 17597 17597 I VkSuggestions: stripUi prediction=false children=5 [len=2|len=2|len=4]
07-22 20:15:02.128 17597 17597 I VkStripPipeline: slotBind composing children=5 [len=2|len=2|len=4]
07-22 20:15:02.129 17597 17597 I VkKeyPreview: show code=116 instant=true pool showing=1 free=0
07-22 20:15:02.198 17597 17597 I VkKeyPreview: dismiss code=116 reason=release_anim pool showing=0 free=1
07-22 20:15:02.311 17597 18233 W VibeKeyProfiler: Slow Native Suggest: Total=9.41ms | Init=0.21ms | TrieExpand(x15)=9.18ms | Scoring=0.02ms | inputSize=3
07-22 20:15:02.315 17597 18233 I VkSuggestions: decode typedLen=3 candidates=18 locales=1 13,6ms
07-22 20:15:02.316 17597 18233 I VkTextCorrection: threshold len=3→len=4 score=0,269 thr=0,140 ✓
07-22 20:15:02.316 17597 18233 I VkAutocorrect: will correct: len=3 → len=4
07-22 20:15:02.316 17597 18233 I VkSuggestions: strip composing typedLen=3 candidates=19 autocorrect=true top=len=3 locale=es token=64 gen=15
07-22 20:15:02.318 17597 17597 I VkStripPipeline: setSuggestions composing size=19 style=1 token=64 gen=15 typed=len=3
07-22 20:15:02.319 17597 17597 I VkSuggestions: stripUi prediction=false children=5 [len=3|len=4|len=4]
07-22 20:15:02.320 17597 17597 I VkStripPipeline: slotBind composing children=5 [len=3|len=4|len=4]
07-22 20:15:02.321 17597 17597 I VkKeyPreview: show code=115 instant=true pool showing=1 free=0
07-22 20:15:02.373 17597 17597 I VkKeyPreview: dismiss code=115 reason=release_anim pool showing=0 free=1
07-22 20:15:02.486 17597 18233 W VibeKeyProfiler: Slow Native Suggest: Total=8.99ms | Init=0.13ms | TrieExpand(x15)=8.82ms | Scoring=0.04ms | inputSize=4
07-22 20:15:02.499 17597 18233 W VibeKeyProfiler: Slow Native Suggest: Total=12.73ms | Init=0.13ms | TrieExpand(x19)=12.58ms | Scoring=0.02ms | inputSize=4
07-22 20:15:02.499 17597 18233 I VkSuggestions: decode typedLen=4 candidates=18 locales=1 22,6ms
07-22 20:15:02.499 17597 18233 W VkSuggestions: slow frame 22,6ms locales=1 typedLen=4 candidates=18
07-22 20:15:02.501 17597 18233 I VkTextCorrection: threshold len=4→len=4 score=0,368 thr=0,140 ✓
07-22 20:15:02.502 17597 18233 I VkAutocorrect: will correct: len=4 → len=4
07-22 20:15:02.502 17597 18233 I VkSuggestions: strip composing typedLen=4 candidates=18 autocorrect=true top=len=4 locale=es token=65 gen=15
07-22 20:15:02.502 17597 17597 I VkStripPipeline: setSuggestions composing size=18 style=1 token=65 gen=15 typed=len=4
07-22 20:15:02.504 17597 17597 I VkSuggestions: stripUi prediction=false children=5 [len=4|len=4|len=4]
07-22 20:15:02.504 17597 17597 I VkStripPipeline: slotBind composing children=5 [len=4|len=4|len=4]
07-22 20:15:02.667 17597 17597 I VkAutocorrect: committed (typing): len=4 → len=4
07-22 20:15:02.773 17597 18233 I VkNgram : contextual locale=es prev=len=4 → len=2, len=6, len=6
07-22 20:15:02.774 17597 18233 I VkNgram : merge locale=es prev=len=4 preds=8 contextual=5 assets=true
07-22 20:15:02.776 17597 18233 I VkSuggestions: strip prediction typedLen=0 candidates=3 autocorrect=false top=len=6 locale=es token=66 gen=16
07-22 20:15:02.777 17597 17597 I VkStripPipeline: setSuggestions prediction size=3 style=6 token=66 gen=16
07-22 20:15:02.783 17597 17597 I VkSuggestions: stripUi prediction=true children=5 [len=9|len=6|len=6]
07-22 20:15:02.783 17597 17597 I VkStripPipeline: slotBind prediction children=5 [len=9|len=6|len=6]
07-22 20:15:03.348 17597 17597 I VkKeyPreview: show code=116 instant=false pool showing=1 free=0
07-22 20:15:03.418 17597 17597 I VkKeyPreview: dismiss code=116 reason=release_anim pool showing=0 free=1
07-22 20:15:03.478 17597 17597 I VkKeyPreview: show code=111 instant=true pool showing=1 free=0
07-22 20:15:03.543 17597 18233 I VkSuggestions: decode typedLen=1 candidates=18 locales=1 8,5ms
07-22 20:15:03.544 17597 18233 I VkTextCorrection: rerank composing head len=7→len=2
07-22 20:15:03.544 17597 18233 I VkTextCorrection: threshold len=1→len=2 score=0,000 thr=0,140 ○
07-22 20:15:03.545 17597 18233 I VkSuggestions: strip composing typedLen=1 candidates=19 autocorrect=false top=len=1 locale=es token=68 gen=16
07-22 20:15:03.545 17597 17597 I VkStripPipeline: setSuggestions composing size=19 style=1 token=68 gen=16 typed=len=1
07-22 20:15:03.548 17597 17597 I VkSuggestions: stripUi prediction=false children=5 [len=1|len=2|len=1]
07-22 20:15:03.548 17597 17597 I VkStripPipeline: slotBind composing children=5 [len=1|len=2|len=1]
07-22 20:15:03.560 17597 17597 I VkKeyPreview: dismiss code=111 reason=release_anim pool showing=0 free=1
07-22 20:15:03.676 17597 18233 I VkSuggestions: decode typedLen=2 candidates=18 locales=1 13,5ms
07-22 20:15:03.677 17597 18233 I VkTextCorrection: threshold len=2→len=4 score=0,160 thr=0,140 ✓
07-22 20:15:03.679 17597 18233 I VkAutocorrect: will correct: len=2 → len=4
07-22 20:15:03.679 17597 18233 I VkSuggestions: strip composing typedLen=2 candidates=19 autocorrect=true top=len=2 locale=es token=68 gen=16
07-22 20:15:03.683 17597 17597 I VkStripPipeline: setSuggestions composing size=19 style=1 token=68 gen=16 typed=len=2
07-22 20:15:03.685 17597 17597 I VkSuggestions: stripUi prediction=false children=5 [len=2|len=4|len=5]
07-22 20:15:03.685 17597 17597 I VkStripPipeline: slotBind composing children=5 [len=2|len=4|len=5]
07-22 20:15:04.947 17597 17597 I VkKeyPress: keys pressed=77
07-22 20:15:05.065 17597 18233 W VibeKeyProfiler: Slow Native Suggest: Total=12.58ms | Init=0.44ms | TrieExpand(x15)=12.09ms | Scoring=0.05ms | inputSize=1
07-22 20:15:05.075 17597 18233 W VibeKeyProfiler: Slow Native Suggest: Total=10.16ms | Init=0.52ms | TrieExpand(x17)=9.60ms | Scoring=0.04ms | inputSize=1
07-22 20:15:05.076 17597 18233 I VkSuggestions: decode typedLen=1 candidates=18 locales=1 24,1ms
07-22 20:15:05.076 17597 18233 W VkSuggestions: slow frame 24,1ms locales=1 typedLen=1 candidates=18
07-22 20:15:05.079 17597 18233 I VkTextCorrection: rerank composing head len=7→len=2
07-22 20:15:05.079 17597 18233 I VkTextCorrection: threshold len=1→len=2 score=0,000 thr=0,140 ○
07-22 20:15:05.080 17597 18233 I VkSuggestions: strip composing typedLen=1 candidates=19 autocorrect=false top=len=1 locale=es token=69 gen=16
07-22 20:15:05.086 17597 17597 I VkStripPipeline: setSuggestions composing size=19 style=1 token=69 gen=16 typed=len=1
07-22 20:15:05.088 17597 17597 I VkSuggestions: stripUi prediction=false children=5 [len=1|len=2|len=1]
07-22 20:15:05.088 17597 17597 I VkStripPipeline: slotBind composing children=5 [len=1|len=2|len=1]
07-22 20:15:05.547 17597 17597 I VkKeyPreview: show code=121 instant=false pool showing=1 free=0
07-22 20:15:05.641 17597 17597 I VkKeyPreview: dismiss code=121 reason=release_anim pool showing=0 free=1
07-22 20:15:05.758 17597 18233 W VibeKeyProfiler: Slow Native Suggest: Total=12.30ms | Init=0.56ms | TrieExpand(x13)=11.70ms | Scoring=0.04ms | inputSize=2
07-22 20:15:05.767 17597 18233 I VkSuggestions: decode typedLen=2 candidates=18 locales=1 21,1ms
07-22 20:15:05.767 17597 18233 W VkSuggestions: slow frame 21,1ms locales=1 typedLen=2 candidates=18
07-22 20:15:05.769 17597 18233 I VkTextCorrection: threshold len=2→len=2 score=0,157 thr=0,140 ✓
07-22 20:15:05.771 17597 18233 I VkAutocorrect: will correct: len=2 → len=2
07-22 20:15:05.771 17597 18233 I VkSuggestions: strip composing typedLen=2 candidates=19 autocorrect=true top=len=2 locale=es token=70 gen=16
07-22 20:15:05.777 17597 17597 I VkStripPipeline: setSuggestions composing size=19 style=1 token=70 gen=16 typed=len=2
07-22 20:15:05.781 17597 17597 I VkSuggestions: stripUi prediction=false children=5 [len=2|len=2|len=2]
07-22 20:15:05.782 17597 17597 I VkStripPipeline: slotBind composing children=5 [len=2|len=2|len=2]
07-22 20:15:06.334 17597 18233 W VibeKeyProfiler: Slow Native Suggest: Total=12.32ms | Init=0.47ms | TrieExpand(x15)=11.79ms | Scoring=0.05ms | inputSize=1
07-22 20:15:06.344 17597 18233 W VibeKeyProfiler: Slow Native Suggest: Total=9.33ms | Init=0.24ms | TrieExpand(x17)=9.05ms | Scoring=0.04ms | inputSize=1
07-22 20:15:06.345 17597 18233 I VkSuggestions: decode typedLen=1 candidates=18 locales=1 22,9ms
07-22 20:15:06.345 17597 18233 W VkSuggestions: slow frame 22,9ms locales=1 typedLen=1 candidates=18
07-22 20:15:06.346 17597 18233 I VkTextCorrection: rerank composing head len=7→len=2
07-22 20:15:06.347 17597 18233 I VkTextCorrection: threshold len=1→len=2 score=0,000 thr=0,140 ○
07-22 20:15:06.349 17597 18233 I VkSuggestions: strip composing typedLen=1 candidates=19 autocorrect=false top=len=1 locale=es token=71 gen=16
07-22 20:15:06.355 17597 17597 I VkStripPipeline: setSuggestions composing size=19 style=1 token=71 gen=16 typed=len=1
07-22 20:15:06.358 17597 17597 I VkSuggestions: stripUi prediction=false children=5 [len=1|len=2|len=1]
07-22 20:15:06.358 17597 17597 I VkStripPipeline: slotBind composing children=5 [len=1|len=2|len=1]
07-22 20:15:06.803 17597 17597 I VkKeyPreview: show code=121 instant=false pool showing=1 free=0
07-22 20:15:06.877 17597 17597 I VkKeyPreview: dismiss code=121 reason=release_anim pool showing=0 free=1
07-22 20:15:06.993 17597 18233 W VibeKeyProfiler: Slow Native Suggest: Total=11.93ms | Init=0.13ms | TrieExpand(x13)=11.77ms | Scoring=0.04ms | inputSize=2
07-22 20:15:07.001 17597 18233 I VkSuggestions: decode typedLen=2 candidates=18 locales=1 20,1ms
07-22 20:15:07.001 17597 18233 W VkSuggestions: slow frame 20,1ms locales=1 typedLen=2 candidates=18
07-22 20:15:07.003 17597 18233 I VkTextCorrection: threshold len=2→len=2 score=0,140 thr=0,140 ✓
07-22 20:15:07.005 17597 18233 I VkAutocorrect: will correct: len=2 → len=2
07-22 20:15:07.005 17597 18233 I VkSuggestions: strip composing typedLen=2 candidates=18 autocorrect=true top=len=2 locale=es token=72 gen=16
07-22 20:15:07.011 17597 17597 I VkStripPipeline: setSuggestions composing size=18 style=1 token=72 gen=16 typed=len=2
07-22 20:15:07.014 17597 17597 I VkSuggestions: stripUi prediction=false children=5 [len=2|len=2|len=2]
07-22 20:15:07.014 17597 17597 I VkStripPipeline: slotBind composing children=5 [len=2|len=2|len=2]
07-22 20:15:07.074 17597 17597 I VkKeyPreview: show code=98 instant=true pool showing=1 free=0
07-22 20:15:07.153 17597 17597 I VkKeyPreview: dismiss code=98 reason=release_anim pool showing=0 free=1
07-22 20:15:07.267 17597 18233 W VibeKeyProfiler: Slow Native Suggest: Total=9.57ms | Init=0.21ms | TrieExpand(x12)=9.32ms | Scoring=0.04ms | inputSize=3
07-22 20:15:07.274 17597 18233 I VkSuggestions: decode typedLen=3 candidates=18 locales=1 17,2ms
07-22 20:15:07.275 17597 18233 W VkSuggestions: slow frame 17,2ms locales=1 typedLen=3 candidates=18
07-22 20:15:07.276 17597 18233 I VkTextCorrection: threshold len=3→len=3 score=0,000 thr=0,140 ○
07-22 20:15:07.278 17597 18233 I VkSuggestions: strip composing typedLen=3 candidates=19 autocorrect=false top=len=3 locale=es token=73 gen=16
07-22 20:15:07.281 17597 17597 I VkStripPipeline: setSuggestions composing size=19 style=1 token=73 gen=16 typed=len=3
07-22 20:15:07.282 17597 17597 I VkSuggestions: stripUi prediction=false children=5 [len=3|len=3|len=3]
07-22 20:15:07.282 17597 17597 I VkStripPipeline: slotBind composing children=5 [len=3|len=3|len=3]
07-22 20:15:07.428 17597 17597 I VkKeyPreview: show code=104 instant=true pool showing=1 free=0
07-22 20:15:07.522 17597 17597 I VkKeyPreview: dismiss code=104 reason=release_anim pool showing=0 free=1
07-22 20:15:07.636 17597 18233 I VkSuggestions: decode typedLen=4 candidates=18 locales=1 10,0ms
07-22 20:15:07.637 17597 18233 I VkTextCorrection: threshold len=4→len=3 score=0,000 thr=0,140 ○
07-22 20:15:07.638 17597 18233 I VkSuggestions: strip composing typedLen=4 candidates=19 autocorrect=false top=len=4 locale=es token=74 gen=16
07-22 20:15:07.638 17597 17597 I VkStripPipeline: setSuggestions composing size=19 style=1 token=74 gen=16 typed=len=4
07-22 20:15:07.639 17597 17597 I VkSuggestions: stripUi prediction=false children=5 [len=4|len=3|len=3]
07-22 20:15:07.639 17597 17597 I VkStripPipeline: slotBind composing children=5 [len=4|len=3|len=3]
07-22 20:15:07.641 17597 17597 I VkKeyPreview: show code=111 instant=true pool showing=1 free=0
07-22 20:15:07.739 17597 17597 I VkKeyPreview: dismiss code=111 reason=release_anim pool showing=0 free=1
07-22 20:15:07.853 17597 18233 I VkSuggestions: decode typedLen=5 candidates=18 locales=1 7,0ms
07-22 20:15:07.854 17597 18233 I VkTextCorrection: threshold len=5→len=5 score=0,000 thr=0,140 ○
07-22 20:15:07.856 17597 18233 I VkSuggestions: strip composing typedLen=5 candidates=19 autocorrect=false top=len=5 locale=es token=75 gen=16
07-22 20:15:07.857 17597 17597 I VkStripPipeline: setSuggestions composing size=19 style=1 token=75 gen=16 typed=len=5
07-22 20:15:07.859 17597 17597 I VkSuggestions: stripUi prediction=false children=5 [len=5|len=2|len=2]
07-22 20:15:07.859 17597 17597 I VkStripPipeline: slotBind composing children=5 [len=5|len=2|len=2]
07-22 20:15:07.867 17597 17597 I VkKeyPreview: show code=121 instant=true pool showing=1 free=0
07-22 20:15:07.947 17597 17597 I VkKeyPreview: dismiss code=121 reason=release_anim pool showing=0 free=1
07-22 20:15:07.948 17597 17597 I VkKeyPress: keys pressed=84
07-22 20:15:08.056 17597 18233 I VkSuggestions: decode typedLen=6 candidates=18 locales=1 4,8ms
07-22 20:15:08.057 17597 18233 I VkTextCorrection: threshold len=6→len=6 score=0,000 thr=0,140 ○
07-22 20:15:08.060 17597 18233 I VkSuggestions: strip composing typedLen=6 candidates=19 autocorrect=false top=len=6 locale=es token=76 gen=16
07-22 20:15:08.060 17597 17597 I VkStripPipeline: setSuggestions composing size=19 style=1 token=76 gen=16 typed=len=6
07-22 20:15:08.062 17597 17597 I VkSuggestions: stripUi prediction=false children=5 [len=6|len=2|len=2]
07-22 20:15:08.063 17597 17597 I VkStripPipeline: slotBind composing children=5 [len=6|len=2|len=2]
07-22 20:15:10.872 17597 18233 I VkSuggestions: decode typedLen=5 candidates=18 locales=1 5,2ms
07-22 20:15:10.873 17597 18233 I VkTextCorrection: threshold len=5→len=5 score=0,000 thr=0,140 ○
07-22 20:15:10.874 17597 18233 I VkSuggestions: strip composing typedLen=5 candidates=19 autocorrect=false top=len=5 locale=es token=78 gen=16
07-22 20:15:10.874 17597 17597 I VkStripPipeline: setSuggestions composing size=19 style=1 token=78 gen=16 typed=len=5
07-22 20:15:10.875 17597 17597 I VkSuggestions: stripUi prediction=false children=5 [len=5|len=2|len=2]
07-22 20:15:10.875 17597 17597 I VkStripPipeline: slotBind composing children=5 [len=5|len=2|len=2]
07-22 20:15:11.022 17597 18233 I VkSuggestions: decode typedLen=4 candidates=18 locales=1 5,3ms
07-22 20:15:11.023 17597 18233 I VkTextCorrection: threshold len=4→len=3 score=0,000 thr=0,140 ○
07-22 20:15:11.024 17597 18233 I VkSuggestions: strip composing typedLen=4 candidates=19 autocorrect=false top=len=4 locale=es token=79 gen=16
07-22 20:15:11.024 17597 17597 I VkStripPipeline: setSuggestions composing size=19 style=1 token=79 gen=16 typed=len=4
07-22 20:15:11.025 17597 17597 I VkSuggestions: stripUi prediction=false children=5 [len=4|len=3|len=3]
07-22 20:15:11.025 17597 17597 I VkStripPipeline: slotBind composing children=5 [len=4|len=3|len=3]
07-22 20:15:11.064 17597 17597 I VkKeyPress: keys pressed=87
07-22 20:15:11.173 17597 18233 I VkSuggestions: decode typedLen=3 candidates=18 locales=1 6,2ms
07-22 20:15:11.174 17597 18233 I VkTextCorrection: threshold len=3→len=3 score=0,000 thr=0,140 ○
07-22 20:15:11.175 17597 18233 I VkSuggestions: strip composing typedLen=3 candidates=19 autocorrect=false top=len=3 locale=es token=80 gen=16
07-22 20:15:11.175 17597 17597 I VkStripPipeline: setSuggestions composing size=19 style=1 token=80 gen=16 typed=len=3
07-22 20:15:11.176 17597 17597 I VkSuggestions: stripUi prediction=false children=5 [len=3|len=3|len=3]
07-22 20:15:11.176 17597 17597 I VkStripPipeline: slotBind composing children=5 [len=3|len=3|len=3]
07-22 20:15:11.331 17597 18233 I VkSuggestions: decode typedLen=2 candidates=18 locales=1 12,1ms
07-22 20:15:11.332 17597 18233 I VkTextCorrection: threshold len=2→len=2 score=0,140 thr=0,140 ✓
07-22 20:15:11.334 17597 18233 I VkAutocorrect: will correct: len=2 → len=2
07-22 20:15:11.334 17597 18233 I VkSuggestions: strip composing typedLen=2 candidates=18 autocorrect=true top=len=2 locale=es token=80 gen=16
07-22 20:15:11.341 17597 17597 I VkStripPipeline: setSuggestions composing size=18 style=1 token=80 gen=16 typed=len=2
07-22 20:15:11.343 17597 17597 I VkSuggestions: stripUi prediction=false children=5 [len=2|len=2|len=2]
07-22 20:15:11.343 17597 17597 I VkStripPipeline: slotBind composing children=5 [len=2|len=2|len=2]
07-22 20:15:11.993 17597 18233 I VkSuggestions: decode typedLen=1 candidates=18 locales=1 14,4ms
07-22 20:15:11.994 17597 18233 I VkTextCorrection: rerank composing head len=7→len=2
07-22 20:15:11.994 17597 18233 I VkTextCorrection: threshold len=1→len=2 score=0,000 thr=0,140 ○
07-22 20:15:11.995 17597 18233 I VkSuggestions: strip composing typedLen=1 candidates=19 autocorrect=false top=len=1 locale=es token=81 gen=16
07-22 20:15:12.012 17597 17597 I VkStripPipeline: setSuggestions composing size=19 style=1 token=81 gen=16 typed=len=1
07-22 20:15:12.014 17597 17597 I VkSuggestions: stripUi prediction=false children=5 [len=1|len=2|len=1]
07-22 20:15:12.014 17597 17597 I VkStripPipeline: slotBind composing children=5 [len=1|len=2|len=1]
07-22 20:15:13.029 17597 17597 I VkKeyPreview: show code=117 instant=false pool showing=1 free=0
07-22 20:15:13.146 17597 17597 I VkKeyPreview: dismiss code=117 reason=release_anim pool showing=0 free=1
07-22 20:15:13.263 17597 18233 I VkSuggestions: decode typedLen=2 candidates=18 locales=1 13,8ms
07-22 20:15:13.264 17597 18233 I VkTextCorrection: threshold len=2→len=2 score=1,655 thr=0,140 ✓
07-22 20:15:13.266 17597 18233 I VkSuggestions: strip composing typedLen=2 candidates=18 autocorrect=false top=len=2 locale=es token=82 gen=16
07-22 20:15:13.266 17597 17597 I VkStripPipeline: setSuggestions composing size=18 style=1 token=82 gen=16 typed=len=2
07-22 20:15:13.268 17597 17597 I VkSuggestions: stripUi prediction=false children=5 [len=2|len=2|len=4]
07-22 20:15:13.268 17597 17597 I VkStripPipeline: slotBind composing children=5 [len=2|len=2|len=4]
07-22 20:15:13.581 17597 17597 I VkAutocorrect: kept (typing): len=2
07-22 20:15:13.684 17597 18233 I VkNgram : merge locale=es prev=len=2 preds=8 contextual=0 assets=true
07-22 20:15:13.686 17597 18233 I VkSuggestions: strip prediction typedLen=0 candidates=3 autocorrect=false top=len=4 locale=es token=83 gen=17
07-22 20:15:13.687 17597 17597 I VkStripPipeline: setSuggestions prediction size=3 style=6 token=83 gen=17
07-22 20:15:13.690 17597 17597 I VkSuggestions: stripUi prediction=true children=5 [len=5|len=4|len=6]
07-22 20:15:13.690 17597 17597 I VkStripPipeline: slotBind prediction children=5 [len=5|len=4|len=6]
07-22 20:15:14.280 17597 17597 I VkKeyPreview: show code=104 instant=false pool showing=1 free=0
07-22 20:15:14.400 17597 17597 I VkKeyPreview: dismiss code=104 reason=release_anim pool showing=0 free=1
07-22 20:15:14.400 17597 17597 I VkKeyPress: keys pressed=92
07-22 20:15:14.504 17597 17597 I VkKeyPreview: show code=111 instant=true pool showing=1 free=0
07-22 20:15:14.513 17597 18233 I VkSuggestions: decode typedLen=1 candidates=18 locales=1 8,3ms
07-22 20:15:14.514 17597 18233 I VkSuggestions: strip composing typedLen=1 candidates=19 autocorrect=false top=len=1 locale=es token=85 gen=17
07-22 20:15:14.514 17597 17597 I VkStripPipeline: setSuggestions composing size=19 style=1 token=85 gen=17 typed=len=1
07-22 20:15:14.517 17597 17597 I VkSuggestions: stripUi prediction=false children=5 [len=1|len=1|len=2]
07-22 20:15:14.517 17597 17597 I VkStripPipeline: slotBind composing children=5 [len=1|len=1|len=2]
07-22 20:15:14.617 17597 17597 I VkKeyPreview: dismiss code=111 reason=release_anim pool showing=0 free=1
07-22 20:15:14.735 17597 18233 I VkSuggestions: decode typedLen=2 candidates=18 locales=1 11,6ms
07-22 20:15:14.736 17597 18233 I VkTextCorrection: threshold len=2→len=3 score=0,161 thr=0,140 ✓
07-22 20:15:14.737 17597 18233 I VkAutocorrect: will correct: len=2 → len=3
07-22 20:15:14.737 17597 18233 I VkSuggestions: strip composing typedLen=2 candidates=19 autocorrect=true top=len=2 locale=es token=85 gen=17
07-22 20:15:14.743 17597 17597 I VkStripPipeline: setSuggestions composing size=19 style=1 token=85 gen=17 typed=len=2
07-22 20:15:14.745 17597 17597 I VkSuggestions: stripUi prediction=false children=5 [len=2|len=3|len=2]
07-22 20:15:14.745 17597 17597 I VkStripPipeline: slotBind composing children=5 [len=2|len=3|len=2]
07-22 20:15:14.754 17597 17597 I VkKeyPreview: show code=121 instant=true pool showing=1 free=0
07-22 20:15:14.852 17597 17597 I VkKeyPreview: dismiss code=121 reason=release_anim pool showing=0 free=1
07-22 20:15:14.969 17597 18233 W VibeKeyProfiler: Slow Native Suggest: Total=11.91ms | Init=0.31ms | TrieExpand(x14)=11.55ms | Scoring=0.04ms | inputSize=3
07-22 20:15:14.977 17597 18233 I VkSuggestions: decode typedLen=3 candidates=18 locales=1 20,2ms
07-22 20:15:14.978 17597 18233 W VkSuggestions: slow frame 20,2ms locales=1 typedLen=3 candidates=18
07-22 20:15:14.980 17597 18233 I VkSuggestions: strip composing typedLen=3 candidates=18 autocorrect=false top=len=3 locale=es token=86 gen=17
07-22 20:15:14.985 17597 17597 I VkStripPipeline: setSuggestions composing size=18 style=1 token=86 gen=17 typed=len=3
07-22 20:15:14.987 17597 17597 I VkSuggestions: stripUi prediction=false children=5 [len=3|len=4|len=3]
07-22 20:15:14.987 17597 17597 I VkStripPipeline: slotBind composing children=5 [len=3|len=4|len=3]
07-22 20:15:15.454 17597 17597 I VkAutocorrect: kept (typing): len=3
07-22 20:15:15.557 17597 18233 I VkNgram : merge locale=es prev=len=3 preds=8 contextual=0 assets=true
07-22 20:15:15.559 17597 18233 I VkSuggestions: strip prediction typedLen=0 candidates=3 autocorrect=false top=len=2 locale=es token=87 gen=18
07-22 20:15:15.559 17597 17597 I VkStripPipeline: setSuggestions prediction size=3 style=6 token=87 gen=18
07-22 20:15:15.562 17597 17597 I VkSuggestions: stripUi prediction=true children=5 [len=2|len=2|len=2]
07-22 20:15:15.562 17597 17597 I VkStripPipeline: slotBind prediction children=5 [len=2|len=2|len=2]
07-22 20:15:15.682 17597 17597 I VkKeyPreview: show code=97 instant=false pool showing=1 free=0
07-22 20:15:15.794 17597 17597 I VkKeyPreview: dismiss code=97 reason=release_anim pool showing=0 free=1
07-22 20:15:15.907 17597 18233 I VkSuggestions: decode typedLen=1 candidates=18 locales=1 7,7ms
07-22 20:15:15.908 17597 18233 I VkTextCorrection: rerank composing head len=2→len=3
07-22 20:15:15.909 17597 18233 I VkTextCorrection: threshold len=1→len=3 score=0,000 thr=0,140 ○
07-22 20:15:15.910 17597 18233 I VkSuggestions: strip composing typedLen=1 candidates=16 autocorrect=false top=len=1 locale=es token=88 gen=18
07-22 20:15:15.910 17597 17597 I VkStripPipeline: setSuggestions composing size=16 style=1 token=88 gen=18 typed=len=1
07-22 20:15:15.912 17597 17597 I VkSuggestions: stripUi prediction=false children=5 [len=1|len=3|len=2]
07-22 20:15:15.912 17597 17597 I VkStripPipeline: slotBind composing children=5 [len=1|len=3|len=2]
07-22 20:15:15.913 17597 17597 I VkKeyPreview: show code=109 instant=true pool showing=1 free=0
07-22 20:15:15.997 17597 17597 I VkKeyPreview: dismiss code=109 reason=release_anim pool showing=0 free=1
07-22 20:15:16.111 17597 18233 I VkSuggestions: decode typedLen=2 candidates=18 locales=1 10,8ms
07-22 20:15:16.112 17597 18233 I VkTextCorrection: rerank composing head len=2→len=4
07-22 20:15:16.112 17597 18233 I VkTextCorrection: threshold len=2→len=4 score=0,000 thr=0,140 ○
07-22 20:15:16.113 17597 18233 I VkSuggestions: strip composing typedLen=2 candidates=19 autocorrect=false top=len=2 locale=es token=89 gen=18
07-22 20:15:16.114 17597 17597 I VkStripPipeline: setSuggestions composing size=19 style=1 token=89 gen=18 typed=len=2
07-22 20:15:16.116 17597 17597 I VkSuggestions: stripUi prediction=false children=5 [len=2|len=4|len=2]
07-22 20:15:16.116 17597 17597 I VkStripPipeline: slotBind composing children=5 [len=2|len=4|len=2]
07-22 20:15:16.126 17597 17597 I VkKeyPreview: show code=105 instant=true pool showing=1 free=0
07-22 20:15:16.222 17597 17597 I VkKeyPreview: dismiss code=105 reason=release_anim pool showing=0 free=1
07-22 20:15:16.299 17597 17597 I VkKeyPreview: show code=104 instant=true pool showing=1 free=0
07-22 20:15:16.334 17597 18233 I VkSuggestions: decode typedLen=3 candidates=18 locales=1 8,2ms
07-22 20:15:16.335 17597 18233 I VkTextCorrection: threshold len=3→len=3 score=0,101 thr=0,140 ○
07-22 20:15:16.336 17597 18233 I VkSuggestions: strip composing typedLen=3 candidates=19 autocorrect=false top=len=3 locale=es token=91 gen=18
07-22 20:15:16.336 17597 17597 I VkStripPipeline: setSuggestions composing size=19 style=1 token=91 gen=18 typed=len=3
07-22 20:15:16.337 17597 17597 I VkSuggestions: stripUi prediction=false children=5 [len=3|len=3|len=3]
07-22 20:15:16.337 17597 17597 I VkStripPipeline: slotBind composing children=5 [len=3|len=3|len=3]
07-22 20:15:16.397 17597 17597 I VkKeyPreview: dismiss code=104 reason=release_anim pool showing=0 free=1
07-22 20:15:16.511 17597 18233 I VkSuggestions: decode typedLen=4 candidates=18 locales=1 10,2ms
07-22 20:15:16.512 17597 18233 I VkTextCorrection: threshold len=4→len=5 score=0,042 thr=0,140 ○
07-22 20:15:16.514 17597 18233 I VkSuggestions: strip composing typedLen=4 candidates=19 autocorrect=false top=len=4 locale=es token=91 gen=18
07-22 20:15:16.515 17597 17597 I VkStripPipeline: setSuggestions composing size=19 style=1 token=91 gen=18 typed=len=4
07-22 20:15:16.517 17597 17597 I VkSuggestions: stripUi prediction=false children=5 [len=4|len=5|len=6]
07-22 20:15:16.517 17597 17597 I VkStripPipeline: slotBind composing children=5 [len=4|len=5|len=6]
07-22 20:15:16.548 17597 17597 I VkKeyPreview: show code=115 instant=true pool showing=1 free=0
07-22 20:15:16.630 17597 17597 I VkKeyPreview: dismiss code=115 reason=release_anim pool showing=0 free=1
07-22 20:15:16.743 17597 18233 I VkSuggestions: decode typedLen=5 candidates=18 locales=1 9,2ms
07-22 20:15:16.745 17597 18233 I VkTextCorrection: threshold len=5→len=5 score=0,133 thr=0,140 ○
07-22 20:15:16.747 17597 18233 I VkSuggestions: strip composing typedLen=5 candidates=18 autocorrect=false top=len=5 locale=es token=92 gen=18
07-22 20:15:16.748 17597 17597 I VkStripPipeline: setSuggestions composing size=18 style=1 token=92 gen=18 typed=len=5
07-22 20:15:16.751 17597 17597 I VkSuggestions: stripUi prediction=false children=5 [len=5|len=5|len=5]
07-22 20:15:16.751 17597 17597 I VkStripPipeline: slotBind composing children=5 [len=5|len=5|len=5]
07-22 20:15:17.457 17597 17597 I VkAutocorrect: picked: len=5
07-22 20:15:17.562 17597 18233 I VkNgram : merge locale=es prev=len=5 preds=8 contextual=0 assets=true
07-22 20:15:17.564 17597 18233 I VkSuggestions: strip prediction typedLen=0 candidates=3 autocorrect=false top=len=2 locale=es token=92 gen=19
07-22 20:15:17.565 17597 17597 I VkStripPipeline: setSuggestions prediction size=3 style=6 token=92 gen=19
07-22 20:15:17.568 17597 17597 I VkSuggestions: stripUi prediction=true children=5 [len=1|len=2|len=3]
07-22 20:15:17.568 17597 17597 I VkStripPipeline: slotBind prediction children=5 [len=1|len=2|len=3]
07-22 20:15:19.347 17597 17597 I VkKeyPress: keys pressed=101
07-22 20:15:19.348 17597 17597 I VkStripPipeline: langSwitch main=es token=94 gen=20
07-22 20:15:19.355 17597 17597 I VkStripPipeline: setSuggestions composing size=0 style=0 token=-1 gen=-1
07-22 20:15:19.355 17597 17597 I VkStripPipeline: slotBind composing children=0 []
07-22 20:15:19.355 17597 17597 I VkLanguageSettings: select fr
07-22 20:15:19.369 17597 17597 I VkDictionaries: ✓ open emoji fr
07-22 20:15:19.403 17597 17597 I VkLanguageSettings: cycle dir=1 → fr
07-22 20:15:19.423 17597 18244 I VkMultilingual: reset main=fr locales=[fr] count=1
07-22 20:15:19.427 17597 18244 I VkDictionaries: ▶ async reload main dicts locales=1
07-22 20:15:19.431 17597 18244 I VkDictionaries: ✓ open emoji fr
07-22 20:15:19.433 17597 18244 I VkDictionaries: ✓ open main fr
07-22 20:15:19.433 17597 18244 I VkDictionaries: collection fr dicts=2 emoji=true
07-22 20:15:20.626 17597 17597 I VkKeyPreview: dismiss code=106 reason=hide pool showing=0 free=1
07-22 20:15:20.627 17597 17597 I VkKeyPreview: show code=102 instant=false pool showing=1 free=0
07-22 20:15:20.861 17597 18233 I VkSuggestions: strip prediction typedLen=0 candidates=3 autocorrect=false top=len=9 locale=fr token=96 gen=20
07-22 20:15:20.862 17597 17597 I VkStripPipeline: setSuggestions prediction size=3 style=6 token=96 gen=20
07-22 20:15:20.868 17597 17597 I VkSuggestions: stripUi prediction=true children=5 [len=8|len=9|len=7]
07-22 20:15:20.868 17597 17597 I VkStripPipeline: slotBind prediction children=5 [len=8|len=9|len=7]
07-22 20:15:20.893 17597 17597 I VkKeyPreview: show code=97 instant=true pool showing=1 free=0
07-22 20:15:21.124 17597 18233 I VkSuggestions: strip prediction typedLen=0 candidates=3 autocorrect=false top=len=9 locale=fr token=97 gen=20
07-22 20:15:21.125 17597 17597 I VkStripPipeline: setSuggestions prediction size=3 style=6 token=97 gen=20
07-22 20:15:21.318 17597 17597 W VkStall : MAIN-THREAD STALL 159ms during: >>>>> Dispatching to Handler (android.os.Handler) {5ba8400} g9.u@4ba8a9e: 0
07-22 20:15:21.553 17597 17597 I VkKeyPreview: show code=109 instant=false pool showing=1 free=0
07-22 20:15:21.655 17597 17597 I VkKeyPreview: dismiss code=109 reason=release_anim pool showing=0 free=1
07-22 20:15:21.775 17597 18233 I VkTextCorrection: rerank prediction head len=9→len=7
07-22 20:15:21.777 17597 18233 I VkSuggestions: strip prediction typedLen=0 candidates=3 autocorrect=false top=len=7 locale=fr token=98 gen=20
07-22 20:15:21.778 17597 17597 I VkStripPipeline: setSuggestions prediction size=3 style=6 token=98 gen=20
07-22 20:15:21.784 17597 17597 I VkSuggestions: stripUi prediction=true children=5 [len=5|len=7|len=8]
07-22 20:15:21.784 17597 17597 I VkStripPipeline: slotBind prediction children=5 [len=5|len=7|len=8]
07-22 20:15:23.900 17597 17597 I VkKeyPress: keys pressed=105
07-22 20:15:23.922 17597 18233 I VkSuggestions: decode typedLen=7 candidates=18 locales=1 10,8ms
07-22 20:15:23.925 17597 18233 I VkSuggestions: strip composing typedLen=7 candidates=19 autocorrect=false top=len=7 locale=fr token=99 gen=20
07-22 20:15:23.925 17597 17597 I VkStripPipeline: setSuggestions composing size=19 style=1 token=99 gen=20 typed=len=7
07-22 20:15:23.929 17597 17597 I VkSuggestions: stripUi prediction=false children=5 [len=7|len=5|len=3]
07-22 20:15:23.929 17597 17597 I VkStripPipeline: slotBind composing children=5 [len=7|len=5|len=3]
07-22 20:15:24.166 17597 18233 I VkSuggestions: decode typedLen=6 candidates=18 locales=1 10,2ms
07-22 20:15:24.167 17597 18233 I VkSuggestions: strip composing typedLen=6 candidates=18 autocorrect=false top=len=6 locale=fr token=101 gen=20
07-22 20:15:24.168 17597 17597 I VkStripPipeline: setSuggestions composing size=18 style=1 token=101 gen=20 typed=len=6
07-22 20:15:24.170 17597 17597 I VkSuggestions: stripUi prediction=false children=5 [len=6|len=5|len=6]
07-22 20:15:24.170 17597 17597 I VkStripPipeline: slotBind composing children=5 [len=6|len=5|len=6]
07-22 20:15:24.312 17597 18233 I VkSuggestions: decode typedLen=5 candidates=18 locales=1 12,7ms
07-22 20:15:24.314 17597 18233 I VkSuggestions: strip composing typedLen=5 candidates=18 autocorrect=false top=len=5 locale=fr token=101 gen=20
07-22 20:15:24.314 17597 17597 I VkStripPipeline: setSuggestions composing size=18 style=1 token=101 gen=20 typed=len=5
07-22 20:15:24.319 17597 17597 I VkSuggestions: stripUi prediction=false children=5 [len=5|len=6|len=7]
07-22 20:15:24.319 17597 17597 I VkStripPipeline: slotBind composing children=5 [len=5|len=6|len=7]
07-22 20:15:25.031 17597 17597 I VkAutocorrect: kept (typing): len=5
07-22 20:15:25.134 17597 18233 I VkTextCorrection: rerank prediction head len=9→len=7
07-22 20:15:25.134 17597 18233 I VkSuggestions: strip prediction typedLen=0 candidates=3 autocorrect=false top=len=7 locale=fr token=102 gen=21
07-22 20:15:25.135 17597 17597 I VkStripPipeline: setSuggestions prediction size=3 style=6 token=102 gen=21
07-22 20:15:25.137 17597 17597 I VkSuggestions: stripUi prediction=true children=5 [len=5|len=7|len=8]
07-22 20:15:25.137 17597 17597 I VkStripPipeline: slotBind prediction children=5 [len=5|len=7|len=8]
07-22 20:15:25.797 17597 17597 I VkKeyPreview: show code=102 instant=false pool showing=1 free=0
07-22 20:15:25.891 17597 17597 I VkKeyPreview: dismiss code=102 reason=release_anim pool showing=0 free=1
07-22 20:15:26.009 17597 18233 W VibeKeyProfiler: Slow Native Suggest: Total=13.49ms | Init=0.55ms | TrieExpand(x17)=12.88ms | Scoring=0.06ms | inputSize=1
07-22 20:15:26.021 17597 18233 W VibeKeyProfiler: Slow Native Suggest: Total=11.02ms | Init=0.52ms | TrieExpand(x28)=10.46ms | Scoring=0.03ms | inputSize=1
07-22 20:15:26.022 17597 18233 I VkSuggestions: decode typedLen=1 candidates=18 locales=1 25,9ms
07-22 20:15:26.022 17597 18233 W VkSuggestions: slow frame 25,9ms locales=1 typedLen=1 candidates=18
07-22 20:15:26.025 17597 18233 I VkSuggestions: strip composing typedLen=1 candidates=19 autocorrect=false top=len=1 locale=fr token=103 gen=21
07-22 20:15:26.026 17597 17597 I VkStripPipeline: setSuggestions composing size=19 style=1 token=103 gen=21 typed=len=1
07-22 20:15:26.029 17597 17597 I VkSuggestions: stripUi prediction=false children=5 [len=1|len=3|len=4]
07-22 20:15:26.030 17597 17597 I VkStripPipeline: slotBind composing children=5 [len=1|len=3|len=4]
07-22 20:15:26.081 17597 17597 I VkKeyPreview: show code=97 instant=true pool showing=1 free=0
07-22 20:15:26.175 17597 17597 I VkKeyPreview: dismiss code=97 reason=release_anim pool showing=0 free=1
07-22 20:15:26.293 17597 18233 W VibeKeyProfiler: Slow Native Suggest: Total=12.36ms | Init=0.16ms | TrieExpand(x15)=12.15ms | Scoring=0.05ms | inputSize=2
07-22 20:15:26.301 17597 18233 I VkSuggestions: decode typedLen=2 candidates=18 locales=1 20,9ms
07-22 20:15:26.301 17597 18233 W VkSuggestions: slow frame 20,9ms locales=1 typedLen=2 candidates=18
07-22 20:15:26.303 17597 18233 I VkSuggestions: strip composing typedLen=2 candidates=18 autocorrect=false top=len=2 locale=fr token=104 gen=21
07-22 20:15:26.304 17597 17597 I VkStripPipeline: setSuggestions composing size=18 style=1 token=104 gen=21 typed=len=2
07-22 20:15:26.306 17597 17597 I VkSuggestions: stripUi prediction=false children=5 [len=2|len=4|len=5]
07-22 20:15:26.306 17597 17597 I VkStripPipeline: slotBind composing children=5 [len=2|len=4|len=5]
07-22 20:15:27.667 17597 17597 I VkKeyPreview: show code=109 instant=false pool showing=1 free=0
07-22 20:15:27.781 17597 17597 I VkKeyPreview: dismiss code=109 reason=release_anim pool showing=0 free=1
07-22 20:15:27.781 17597 17597 I VkKeyPress: keys pressed=111
07-22 20:15:27.897 17597 18233 W VibeKeyProfiler: Slow Native Suggest: Total=12.30ms | Init=0.35ms | TrieExpand(x25)=11.89ms | Scoring=0.06ms | inputSize=3
07-22 20:15:27.908 17597 18233 W VibeKeyProfiler: Slow Native Suggest: Total=10.50ms | Init=0.19ms | TrieExpand(x23)=10.26ms | Scoring=0.04ms | inputSize=3
07-22 20:15:27.909 17597 18233 I VkSuggestions: decode typedLen=3 candidates=18 locales=1 24,0ms
07-22 20:15:27.909 17597 18233 W VkSuggestions: slow frame 24,0ms locales=1 typedLen=3 candidates=18
07-22 20:15:27.913 17597 18233 I VkSuggestions: strip composing typedLen=3 candidates=18 autocorrect=false top=len=3 locale=fr token=105 gen=21
07-22 20:15:27.914 17597 17597 I VkStripPipeline: setSuggestions composing size=18 style=1 token=105 gen=21 typed=len=3
07-22 20:15:27.919 17597 17597 I VkSuggestions: stripUi prediction=false children=5 [len=3|len=7|len=8]
07-22 20:15:27.919 17597 17597 I VkStripPipeline: slotBind composing children=5 [len=3|len=7|len=8]
07-22 20:15:28.582 17597 17597 I VkAutocorrect: picked: len=7
07-22 20:15:28.685 17597 18233 I VkNgram : merge locale=fr prev=len=7 preds=8 contextual=0 assets=true
07-22 20:15:28.687 17597 18233 I VkTextCorrection: rerank prediction head len=2→len=2
07-22 20:15:28.689 17597 18233 I VkSuggestions: strip prediction typedLen=0 candidates=3 autocorrect=false top=len=2 locale=fr token=105 gen=22
07-22 20:15:28.689 17597 17597 I VkStripPipeline: setSuggestions prediction size=3 style=6 token=105 gen=22
07-22 20:15:28.694 17597 17597 I VkSuggestions: stripUi prediction=true children=5 [len=1|len=2|len=2]
07-22 20:15:28.694 17597 17597 I VkStripPipeline: slotBind prediction children=5 [len=1|len=2|len=2]
07-22 20:15:29.255 17597 17597 I VkKeyPreview: show code=116 instant=false pool showing=1 free=0
07-22 20:15:29.368 17597 17597 I VkKeyPreview: dismiss code=116 reason=release_anim pool showing=0 free=1
07-22 20:15:29.430 17597 17597 I VkKeyPreview: show code=111 instant=true pool showing=1 free=0
07-22 20:15:29.484 17597 18233 I VkSuggestions: decode typedLen=1 candidates=18 locales=1 7,7ms
07-22 20:15:29.484 17597 18233 I VkTextCorrection: rerank composing head len=1→len=2
07-22 20:15:29.485 17597 18233 I VkTextCorrection: threshold len=1→len=2 score=0,000 thr=0,140 ○
07-22 20:15:29.485 17597 18233 I VkSuggestions: strip composing typedLen=1 candidates=19 autocorrect=false top=len=1 locale=fr token=107 gen=22
07-22 20:15:29.485 17597 17597 I VkStripPipeline: setSuggestions composing size=19 style=1 token=107 gen=22 typed=len=1
07-22 20:15:29.486 17597 17597 I VkSuggestions: stripUi prediction=false children=5 [len=1|len=2|len=2]
07-22 20:15:29.486 17597 17597 I VkStripPipeline: slotBind composing children=5 [len=1|len=2|len=2]
07-22 20:15:29.509 17597 17597 I VkKeyPreview: dismiss code=111 reason=release_anim pool showing=0 free=1
07-22 20:15:29.588 17597 17597 I VkKeyPreview: show code=116 instant=true pool showing=1 free=0
07-22 20:15:29.619 17597 18233 I VkSuggestions: decode typedLen=2 candidates=18 locales=1 7,9ms
07-22 20:15:29.620 17597 18233 I VkTextCorrection: rerank composing head len=2→len=3
07-22 20:15:29.620 17597 18233 I VkTextCorrection: threshold len=2→len=4 score=0,165 thr=0,140 ✓
07-22 20:15:29.621 17597 18233 I VkAutocorrect: will correct: len=2 → len=4
07-22 20:15:29.621 17597 18233 I VkSuggestions: strip composing typedLen=2 candidates=19 autocorrect=true top=len=2 locale=fr token=108 gen=22
07-22 20:15:29.622 17597 17597 I VkStripPipeline: setSuggestions composing size=19 style=1 token=108 gen=22 typed=len=2
07-22 20:15:29.624 17597 17597 I VkSuggestions: stripUi prediction=false children=5 [len=2|len=4|len=4]
07-22 20:15:29.624 17597 17597 I VkStripPipeline: slotBind composing children=5 [len=2|len=4|len=4]
07-22 20:15:29.702 17597 17597 I VkKeyPreview: dismiss code=116 reason=release_anim pool showing=0 free=1
07-22 20:15:29.706 17597 17597 I VkKeyPreview: show code=111 instant=true pool showing=1 free=0
07-22 20:15:29.802 17597 17597 I VkKeyPreview: dismiss code=111 reason=release_anim pool showing=0 free=1
07-22 20:15:29.917 17597 18233 W VibeKeyProfiler: Slow Native Suggest: Total=11.38ms | Init=0.36ms | TrieExpand(x15)=10.96ms | Scoring=0.05ms | inputSize=4
07-22 20:15:29.928 17597 18233 W VibeKeyProfiler: Slow Native Suggest: Total=10.74ms | Init=0.23ms | TrieExpand(x23)=10.46ms | Scoring=0.04ms | inputSize=4
07-22 20:15:29.929 17597 18233 I VkSuggestions: decode typedLen=4 candidates=18 locales=1 23,5ms
07-22 20:15:29.929 17597 18233 W VkSuggestions: slow frame 23,5ms locales=1 typedLen=4 candidates=18
07-22 20:15:29.934 17597 18233 I VkSuggestions: strip composing typedLen=4 candidates=18 autocorrect=false top=len=4 locale=fr token=109 gen=22
07-22 20:15:29.941 17597 17597 I VkStripPipeline: setSuggestions composing size=18 style=1 token=109 gen=22 typed=len=4
07-22 20:15:29.944 17597 17597 I VkSuggestions: stripUi prediction=false children=5 [len=4|len=4|len=4]
07-22 20:15:29.944 17597 17597 I VkStripPipeline: slotBind composing children=5 [len=4|len=4|len=4]
07-22 20:15:31.390 17597 17597 I VkKeyPress: keys pressed=116
07-22 20:15:31.500 17597 18233 I VkSuggestions: decode typedLen=3 candidates=18 locales=1 7,6ms
07-22 20:15:31.501 17597 18233 I VkTextCorrection: threshold len=3→len=3 score=1,749 thr=0,140 ✓
07-22 20:15:31.501 17597 18233 I VkAutocorrect: will correct: len=3 → len=3
07-22 20:15:31.501 17597 18233 I VkSuggestions: strip composing typedLen=3 candidates=19 autocorrect=true top=len=3 locale=fr token=111 gen=22
07-22 20:15:31.503 17597 17597 I VkStripPipeline: setSuggestions composing size=19 style=1 token=111 gen=22 typed=len=3
07-22 20:15:31.505 17597 17597 I VkSuggestions: stripUi prediction=false children=5 [len=3|len=3|len=4]
07-22 20:15:31.505 17597 17597 I VkStripPipeline: slotBind composing children=5 [len=3|len=3|len=4]
07-22 20:15:31.674 17597 18233 W VibeKeyProfiler: Slow Native Suggest: Total=12.09ms | Init=0.17ms | TrieExpand(x18)=11.86ms | Scoring=0.05ms | inputSize=2
07-22 20:15:31.684 17597 18233 W VibeKeyProfiler: Slow Native Suggest: Total=9.26ms | Init=0.25ms | TrieExpand(x19)=8.97ms | Scoring=0.04ms | inputSize=2
07-22 20:15:31.684 17597 18233 I VkSuggestions: decode typedLen=2 candidates=18 locales=1 22,6ms
07-22 20:15:31.684 17597 18233 W VkSuggestions: slow frame 22,6ms locales=1 typedLen=2 candidates=18
07-22 20:15:31.686 17597 18233 I VkTextCorrection: rerank composing head len=2→len=3
07-22 20:15:31.686 17597 18233 I VkTextCorrection: threshold len=2→len=4 score=0,165 thr=0,140 ✓
07-22 20:15:31.688 17597 18233 I VkAutocorrect: will correct: len=2 → len=4
07-22 20:15:31.688 17597 18233 I VkSuggestions: strip composing typedLen=2 candidates=19 autocorrect=true top=len=2 locale=fr token=111 gen=22
07-22 20:15:31.690 17597 17597 I VkStripPipeline: setSuggestions composing size=19 style=1 token=111 gen=22 typed=len=2
07-22 20:15:31.692 17597 17597 I VkSuggestions: stripUi prediction=false children=5 [len=2|len=4|len=4]
07-22 20:15:31.693 17597 17597 I VkStripPipeline: slotBind composing children=5 [len=2|len=4|len=4]
07-22 20:15:32.152 17597 18233 W VibeKeyProfiler: Slow Native Suggest: Total=13.06ms | Init=0.78ms | TrieExpand(x18)=12.23ms | Scoring=0.04ms | inputSize=1
