=== VibeKey 4.1.283 (4383) ===

--------- beginning of system
06-18 15:49:56.791 26437 26437 E OplusCustomizeRestrictionManager: sInstance is null, start a new sInstance
--------- beginning of main
06-18 15:50:26.387 26437 26437 I VkMultilingual: menu languages total=4
06-18 15:50:26.410 26437 26437 I VkMultilingual: reset main=pt-BR locales=[pt] count=1
06-18 15:50:27.784 26437 26437 I VkPanels: ▶ open menu
06-18 15:50:28.433 26437 26437 I VkMultilingual: menu languages total=4
06-18 15:50:31.574 26437 26437 I VkMultilingual: menu languages total=4
06-18 15:50:31.588 26437 26437 I VkMultilingual: reset main=hi locales=[hi] count=1
06-18 15:50:36.665 26437 26437 I VkPanels: ▶ open menu
06-18 15:50:37.275 26437 26437 I VkMultilingual: menu languages total=4
06-18 15:50:38.066 26437 26437 I VkMultilingual: menu languages total=4
06-18 15:50:38.077 26437 26437 I VkMultilingual: reset main=pt-BR locales=[pt] count=1
06-18 15:50:39.559 26437 26742 W VibeKeyProfiler: Slow Native Suggest: Total=9.75ms | Init=0.01ms | TrieExpand(x18)=9.70ms | Scoring=0.04ms | inputSize=1
06-18 15:50:39.560 26437 26742 I VkSuggestions: decode typedLen=1 candidates=18 locales=1 14,5ms
06-18 15:50:39.562 26437 26742 I VkSuggestions: strip composing typedLen=1 candidates=19 autocorrect=false top=h locale=pt
06-18 15:50:39.778 26437 26742 I VkSuggestions: decode typedLen=2 candidates=18 locales=1 12,2ms
06-18 15:50:39.782 26437 26742 I VkSuggestions: strip composing typedLen=2 candidates=18 autocorrect=false top=ho locale=pt
06-18 15:50:40.085 26437 26742 W VibeKeyProfiler: Slow Native Suggest: Total=8.50ms | Init=0.42ms | TrieExpand(x17)=8.04ms | Scoring=0.05ms | inputSize=4
06-18 15:50:40.099 26437 26742 W VibeKeyProfiler: Slow Native Suggest: Total=12.13ms | Init=0.23ms | TrieExpand(x13)=11.86ms | Scoring=0.05ms | inputSize=4
06-18 15:50:40.100 26437 26742 I VkSuggestions: decode typedLen=4 candidates=18 locales=1 23,5ms
06-18 15:50:40.101 26437 26742 W VkSuggestions: slow frame 23,5ms locales=1 typedLen=4 candidates=18
06-18 15:50:40.104 26437 26742 I VkSuggestions: strip composing typedLen=4 candidates=18 autocorrect=false top=hola locale=pt
06-18 15:50:40.356 26437 26437 I VkAutocorrect: kept (typing): hola
06-18 15:50:40.462 26437 26742 I VkSuggestions: strip prediction typedLen=0 candidates=1 autocorrect=false top=hola locale=pt
06-18 15:50:41.777 26437 26742 W VibeKeyProfiler: Slow Native Suggest: Total=9.28ms | Init=0.42ms | TrieExpand(x15)=8.81ms | Scoring=0.05ms | inputSize=2
06-18 15:50:41.792 26437 26742 W VibeKeyProfiler: Slow Native Suggest: Total=13.35ms | Init=0.26ms | TrieExpand(x14)=13.03ms | Scoring=0.06ms | inputSize=2
06-18 15:50:41.793 26437 26742 I VkSuggestions: decode typedLen=2 candidates=18 locales=1 25,3ms
06-18 15:50:41.794 26437 26742 W VkSuggestions: slow frame 25,3ms locales=1 typedLen=2 candidates=18
06-18 15:50:41.797 26437 26742 I VkSuggestions: strip composing typedLen=2 candidates=18 autocorrect=false top=ma locale=pt
06-18 15:50:42.010 26437 26742 I VkSuggestions: decode typedLen=3 candidates=18 locales=1 9,0ms
06-18 15:50:42.013 26437 26742 I VkSuggestions: strip composing typedLen=3 candidates=18 autocorrect=false top=mar locale=pt
06-18 15:50:42.238 26437 26742 I VkSuggestions: decode typedLen=5 candidates=18 locales=1 8,0ms
06-18 15:50:42.239 26437 26742 I VkAutocorrect: offered: maria → maria
06-18 15:50:42.239 26437 26742 I VkSuggestions: strip composing typedLen=5 candidates=18 autocorrect=true top=maria locale=pt
06-18 15:50:42.308 26437 26437 I VkAutocorrect: committed (typing): maria → María
06-18 15:50:42.413 26437 26742 I VkSuggestions: strip prediction typedLen=0 candidates=2 autocorrect=false top=hola locale=pt
06-18 15:50:43.220 26437 26742 I VkSuggestions: decode typedLen=1 candidates=18 locales=1 8,2ms
06-18 15:50:43.222 26437 26742 I VkSuggestions: strip composing typedLen=1 candidates=19 autocorrect=false top=c locale=pt
06-18 15:50:43.340 26437 26742 I VkSuggestions: decode typedLen=2 candidates=18 locales=1 11,6ms
06-18 15:50:43.343 26437 26742 I VkSuggestions: strip composing typedLen=2 candidates=18 autocorrect=false top=co locale=pt
06-18 15:50:43.529 26437 26742 W VibeKeyProfiler: Slow Native Suggest: Total=8.07ms | Init=0.20ms | TrieExpand(x20)=7.85ms | Scoring=0.02ms | inputSize=3
06-18 15:50:43.534 26437 26742 I VkSuggestions: decode typedLen=3 candidates=18 locales=1 13,0ms
06-18 15:50:43.536 26437 26742 I VkSuggestions: strip composing typedLen=3 candidates=18 autocorrect=false top=com locale=pt
06-18 15:50:43.728 26437 26742 I VkSuggestions: decode typedLen=4 candidates=18 locales=1 14,1ms
06-18 15:50:43.730 26437 26742 I VkSuggestions: strip composing typedLen=4 candidates=18 autocorrect=false top=como locale=pt
06-18 15:50:43.872 26437 26437 I VkAutocorrect: kept (typing): como
06-18 15:50:43.978 26437 26742 I VkSuggestions: strip prediction typedLen=0 candidates=3 autocorrect=false top=como locale=pt
06-18 15:50:44.290 26437 26742 I VkSuggestions: decode typedLen=1 candidates=18 locales=1 9,0ms
06-18 15:50:44.292 26437 26742 I VkAutocorrect: offered: e → e
06-18 15:50:44.293 26437 26742 I VkSuggestions: strip composing typedLen=1 candidates=19 autocorrect=true top=e locale=pt
06-18 15:50:44.493 26437 26742 W VibeKeyProfiler: Slow Native Suggest: Total=10.97ms | Init=0.08ms | TrieExpand(x17)=10.84ms | Scoring=0.05ms | inputSize=2
06-18 15:50:44.504 26437 26742 W VibeKeyProfiler: Slow Native Suggest: Total=10.77ms | Init=0.11ms | TrieExpand(x16)=10.63ms | Scoring=0.03ms | inputSize=2
06-18 15:50:44.505 26437 26742 I VkSuggestions: decode typedLen=2 candidates=18 locales=1 23,1ms
06-18 15:50:44.505 26437 26742 W VkSuggestions: slow frame 23,1ms locales=1 typedLen=2 candidates=18
06-18 15:50:44.508 26437 26742 I VkSuggestions: strip composing typedLen=2 candidates=19 autocorrect=false top=ea locale=pt
06-18 15:50:44.716 26437 26742 W VibeKeyProfiler: Slow Native Suggest: Total=8.29ms | Init=0.19ms | TrieExpand(x22)=8.08ms | Scoring=0.02ms | inputSize=3
06-18 15:50:44.721 26437 26742 I VkSuggestions: decode typedLen=3 candidates=18 locales=1 13,0ms
06-18 15:50:44.723 26437 26742 I VkAutocorrect: offered: eat → eat
06-18 15:50:44.723 26437 26742 I VkSuggestions: strip composing typedLen=3 candidates=19 autocorrect=true top=eat locale=pt
06-18 15:50:44.905 26437 26742 I VkSuggestions: decode typedLen=4 candidates=18 locales=1 7,2ms
06-18 15:50:44.906 26437 26742 I VkAutocorrect: offered: eata → eata
06-18 15:50:44.907 26437 26742 I VkSuggestions: strip composing typedLen=4 candidates=19 autocorrect=true top=eata locale=pt
06-18 15:50:44.914 26437 26437 I VkAutocorrect: committed (typing): eata → está
06-18 15:50:45.018 26437 26742 I VkSuggestions: strip prediction typedLen=0 candidates=3 autocorrect=false top=como locale=pt
06-18 15:50:45.609 26437 26742 W VibeKeyProfiler: Slow Native Suggest: Total=8.83ms | Init=0.62ms | TrieExpand(x15)=8.18ms | Scoring=0.03ms | inputSize=1
06-18 15:50:45.615 26437 26742 I VkSuggestions: decode typedLen=1 candidates=18 locales=1 14,5ms
06-18 15:50:45.616 26437 26742 I VkSuggestions: strip composing typedLen=1 candidates=19 autocorrect=false top=t locale=pt
06-18 15:50:45.821 26437 26742 W VibeKeyProfiler: Slow Native Suggest: Total=11.93ms | Init=0.06ms | TrieExpand(x14)=11.82ms | Scoring=0.04ms | inputSize=2
06-18 15:50:45.822 26437 26742 I VkSuggestions: decode typedLen=2 candidates=18 locales=1 20,6ms
06-18 15:50:45.823 26437 26742 W VkSuggestions: slow frame 20,6ms locales=1 typedLen=2 candidates=18
06-18 15:50:45.825 26437 26742 I VkSuggestions: strip composing typedLen=2 candidates=18 autocorrect=false top=tu locale=pt
06-18 15:50:46.109 26437 26742 W VibeKeyProfiler: Slow Native Suggest: Total=13.16ms | Init=0.49ms | TrieExpand(x18)=12.62ms | Scoring=0.04ms | inputSize=3
06-18 15:50:46.121 26437 26742 W VibeKeyProfiler: Slow Native Suggest: Total=11.35ms | Init=0.17ms | TrieExpand(x14)=11.14ms | Scoring=0.03ms | inputSize=3
06-18 15:50:46.122 26437 26742 I VkSuggestions: decode typedLen=3 candidates=18 locales=1 25,9ms
06-18 15:50:46.123 26437 26742 W VkSuggestions: slow frame 25,9ms locales=1 typedLen=3 candidates=18
06-18 15:50:46.125 26437 26742 I VkSuggestions: strip composing typedLen=3 candidates=19 autocorrect=false top=tub locale=pt
06-18 15:50:46.402 26437 26742 W VibeKeyProfiler: Slow Native Suggest: Total=8.57ms | Init=0.22ms | TrieExpand(x15)=8.34ms | Scoring=0.02ms | inputSize=4
06-18 15:50:46.406 26437 26742 I VkSuggestions: decode typedLen=4 candidates=18 locales=1 13,1ms
06-18 15:50:46.408 26437 26742 I VkSuggestions: strip composing typedLen=4 candidates=19 autocorrect=false top=tubh locale=pt
06-18 15:50:46.618 26437 26742 I VkSuggestions: decode typedLen=5 candidates=18 locales=1 5,5ms
06-18 15:50:46.620 26437 26742 I VkSuggestions: strip composing typedLen=5 candidates=19 autocorrect=false top=tubho locale=pt
06-18 15:50:46.809 26437 26742 I VkSuggestions: decode typedLen=6 candidates=18 locales=1 5,8ms
06-18 15:50:46.812 26437 26742 I VkSuggestions: strip composing typedLen=6 candidates=19 autocorrect=false top=tubhoy locale=pt
06-18 15:50:47.764 26437 26742 I VkSuggestions: decode typedLen=5 candidates=18 locales=1 8,8ms
06-18 15:50:47.766 26437 26742 I VkSuggestions: strip composing typedLen=5 candidates=19 autocorrect=false top=tubho locale=pt
06-18 15:50:47.939 26437 26742 I VkSuggestions: decode typedLen=4 candidates=18 locales=1 8,0ms
06-18 15:50:47.940 26437 26742 I VkSuggestions: strip composing typedLen=4 candidates=19 autocorrect=false top=tubh locale=pt
06-18 15:50:48.078 26437 26742 I VkSuggestions: decode typedLen=3 candidates=18 locales=1 6,4ms
06-18 15:50:48.079 26437 26742 I VkSuggestions: strip composing typedLen=3 candidates=19 autocorrect=false top=tub locale=pt
06-18 15:50:48.246 26437 26742 I VkSuggestions: decode typedLen=2 candidates=18 locales=1 11,8ms
06-18 15:50:48.248 26437 26742 I VkSuggestions: strip composing typedLen=2 candidates=18 autocorrect=false top=tu locale=pt
06-18 15:50:48.581 26437 26437 I VkAutocorrect: kept (typing): tu
06-18 15:50:48.687 26437 26742 I VkSuggestions: strip prediction typedLen=0 candidates=3 autocorrect=false top=como locale=pt
06-18 15:50:49.501 26437 26742 W VibeKeyProfiler: Slow Native Suggest: Total=8.01ms | Init=0.44ms | TrieExpand(x18)=7.55ms | Scoring=0.02ms | inputSize=1
06-18 15:50:49.506 26437 26742 I VkSuggestions: decode typedLen=1 candidates=18 locales=1 13,0ms
06-18 15:50:49.507 26437 26742 I VkSuggestions: strip composing typedLen=1 candidates=19 autocorrect=false top=h locale=pt
06-18 15:50:49.677 26437 26742 W VibeKeyProfiler: Slow Native Suggest: Total=8.36ms | Init=0.10ms | TrieExpand(x20)=8.22ms | Scoring=0.04ms | inputSize=2
06-18 15:50:49.688 26437 26742 W VibeKeyProfiler: Slow Native Suggest: Total=10.53ms | Init=0.06ms | TrieExpand(x18)=10.43ms | Scoring=0.04ms | inputSize=2
06-18 15:50:49.689 26437 26742 I VkSuggestions: decode typedLen=2 candidates=18 locales=1 20,2ms
06-18 15:50:49.689 26437 26742 W VkSuggestions: slow frame 20,2ms locales=1 typedLen=2 candidates=18
06-18 15:50:49.691 26437 26742 I VkSuggestions: strip composing typedLen=2 candidates=18 autocorrect=false top=ho locale=pt
06-18 15:50:49.953 26437 26742 W VibeKeyProfiler: Slow Native Suggest: Total=8.11ms | Init=0.36ms | TrieExpand(x19)=7.71ms | Scoring=0.04ms | inputSize=3
06-18 15:50:49.963 26437 26742 W VibeKeyProfiler: Slow Native Suggest: Total=9.90ms | Init=0.15ms | TrieExpand(x15)=9.70ms | Scoring=0.04ms | inputSize=3
06-18 15:50:49.964 26437 26742 I VkSuggestions: decode typedLen=3 candidates=18 locales=1 19,2ms
06-18 15:50:49.965 26437 26742 W VkSuggestions: slow frame 19,2ms locales=1 typedLen=3 candidates=18
06-18 15:50:49.966 26437 26742 I VkSuggestions: strip composing typedLen=3 candidates=19 autocorrect=false top=hoy locale=pt
06-18 15:50:50.502 26437 26437 I VkAutocorrect: kept (typing): hoy
06-18 15:50:50.609 26437 26742 I VkSuggestions: strip prediction typedLen=0 candidates=3 autocorrect=false top=como locale=pt
06-18 15:50:50.841 26437 26742 W VibeKeyProfiler: Slow Native Suggest: Total=11.32ms | Init=0.52ms | TrieExpand(x15)=10.75ms | Scoring=0.06ms | inputSize=1
06-18 15:50:50.855 26437 26742 W VibeKeyProfiler: Slow Native Suggest: Total=13.54ms | Init=0.61ms | TrieExpand(x15)=12.84ms | Scoring=0.09ms | inputSize=1
06-18 15:50:50.857 26437 26742 I VkSuggestions: decode typedLen=1 candidates=18 locales=1 27,1ms
06-18 15:50:50.858 26437 26742 W VkSuggestions: slow frame 27,1ms locales=1 typedLen=1 candidates=18
06-18 15:50:50.860 26437 26742 I VkSuggestions: strip composing typedLen=1 candidates=19 autocorrect=false top=t locale=pt
06-18 15:50:51.069 26437 26742 I VkSuggestions: decode typedLen=2 candidates=18 locales=1 7,5ms
06-18 15:50:51.070 26437 26742 I VkSuggestions: strip composing typedLen=2 candidates=18 autocorrect=false top=te locale=pt
06-18 15:50:51.142 26437 26437 I VkAutocorrect: kept (typing): te
06-18 15:50:51.351 26437 26742 W VibeKeyProfiler: Slow Native Suggest: Total=9.48ms | Init=0.20ms | TrieExpand(x16)=9.24ms | Scoring=0.03ms | inputSize=1
06-18 15:50:51.352 26437 26742 I VkSuggestions: decode typedLen=1 candidates=18 locales=1 15,4ms
06-18 15:50:51.353 26437 26742 I VkSuggestions: strip composing typedLen=1 candidates=18 autocorrect=false top=v locale=pt
06-18 15:50:51.581 26437 26742 I VkSuggestions: decode typedLen=2 candidates=18 locales=1 8,2ms
06-18 15:50:51.583 26437 26742 I VkAutocorrect: offered: ve → ve
06-18 15:50:51.583 26437 26742 I VkSuggestions: strip composing typedLen=2 candidates=19 autocorrect=true top=ve locale=pt
06-18 15:50:51.756 26437 26742 W VibeKeyProfiler: Slow Native Suggest: Total=10.44ms | Init=0.17ms | TrieExpand(x19)=10.22ms | Scoring=0.05ms | inputSize=3
06-18 15:50:51.768 26437 26742 W VibeKeyProfiler: Slow Native Suggest: Total=11.50ms | Init=0.25ms | TrieExpand(x15)=11.21ms | Scoring=0.04ms | inputSize=3
06-18 15:50:51.770 26437 26742 I VkSuggestions: decode typedLen=3 candidates=18 locales=1 23,5ms
06-18 15:50:51.770 26437 26742 W VkSuggestions: slow frame 23,5ms locales=1 typedLen=3 candidates=18
06-18 15:50:51.774 26437 26742 I VkAutocorrect: offered: veo → veo
06-18 15:50:51.775 26437 26742 I VkSuggestions: strip composing typedLen=3 candidates=19 autocorrect=true top=veo locale=pt
06-18 15:50:52.588 26437 26437 I VkAutocorrect: picked: veo
06-18 15:50:52.698 26437 26742 I VkSuggestions: strip prediction typedLen=0 candidates=3 autocorrect=false top=como locale=pt
06-18 15:50:53.266 26437 26742 I VkSuggestions: decode typedLen=2 candidates=18 locales=1 9,0ms
06-18 15:50:53.268 26437 26742 I VkSuggestions: strip composing typedLen=2 candidates=18 autocorrect=false top=oe locale=pt
06-18 15:50:53.409 26437 26742 I VkSuggestions: decode typedLen=3 candidates=18 locales=1 8,7ms
06-18 15:50:53.411 26437 26742 I VkSuggestions: strip composing typedLen=3 candidates=19 autocorrect=false top=oeo locale=pt
06-18 15:50:53.586 26437 26742 I VkSuggestions: decode typedLen=4 candidates=18 locales=1 9,4ms
06-18 15:50:53.588 26437 26742 I VkAutocorrect: offered: oeon → oeon
06-18 15:50:53.588 26437 26742 I VkSuggestions: strip composing typedLen=4 candidates=19 autocorrect=true top=oeon locale=pt
06-18 15:50:53.721 26437 26742 W VibeKeyProfiler: Slow Native Suggest: Total=12.15ms | Init=0.23ms | TrieExpand(x15)=11.89ms | Scoring=0.03ms | inputSize=5
06-18 15:50:53.726 26437 26742 I VkSuggestions: decode typedLen=5 candidates=18 locales=1 17,0ms
06-18 15:50:53.727 26437 26742 W VkSuggestions: slow frame 17,0ms locales=1 typedLen=5 candidates=18
06-18 15:50:53.731 26437 26742 I VkSuggestions: strip composing typedLen=5 candidates=19 autocorrect=false top=oeont locale=pt
06-18 15:50:54.540 26437 26437 I VkAutocorrect: picked: pronto
06-18 15:50:54.648 26437 26742 I VkSuggestions: strip prediction typedLen=0 candidates=3 autocorrect=false top=como locale=pt
06-18 15:50:55.122 26437 26437 I VkSwipe : ▶ gesture started locale=pt-BR
06-18 15:50:55.133 26437 26742 I VkSuggestions: decode typedLen=0 candidates=18 locales=1 10,3ms
06-18 15:50:55.253 26437 26742 I VkSuggestions: decode typedLen=2 candidates=18 locales=1 11,5ms
06-18 15:50:55.266 26437 26742 I VkSuggestions: decode typedLen=0 candidates=18 locales=1 12,5ms
06-18 15:50:55.356 26437 26437 W n       : [0] drop stale event: 734,253|342 last: 701,257|350
06-18 15:50:55.522 26437 26742 I VkSuggestions: decode typedLen=3 candidates=18 locales=1 11,4ms
06-18 15:50:55.535 26437 26742 I VkSuggestions: decode typedLen=0 candidates=18 locales=1 13,3ms
06-18 15:50:55.632 26437 26742 I VkSuggestions: decode typedLen=3 candidates=18 locales=1 6,1ms
06-18 15:50:55.640 26437 26742 I VkSuggestions: decode typedLen=0 candidates=18 locales=1 7,7ms
06-18 15:50:55.740 26437 26437 W n       : [0] drop stale event: 1034,145|727 last: 1060,131|735
06-18 15:50:55.866 26437 26742 I VkSuggestions: decode typedLen=4 candidates=18 locales=1 6,8ms
06-18 15:50:55.876 26437 26742 W VibeKeyProfiler: Slow Native Suggest: Total=9.74ms | Init=0.17ms | TrieExpand(x13)=9.55ms | Scoring=0.03ms | inputSize=38
06-18 15:50:55.883 26437 26742 I VkSuggestions: decode typedLen=0 candidates=18 locales=1 16,2ms
06-18 15:50:55.883 26437 26742 W VkSuggestions: slow frame 16,2ms locales=1 typedLen=0 candidates=18
06-18 15:50:55.989 26437 26742 I VkSuggestions: decode typedLen=4 candidates=18 locales=1 10,7ms
06-18 15:50:55.998 26437 26742 I VkSuggestions: decode typedLen=0 candidates=18 locales=1 8,6ms
06-18 15:50:56.056 26437 26742 I VkSuggestions: decode typedLen=5 candidates=18 locales=1 8,0ms
06-18 15:50:56.076 26437 26742 W VibeKeyProfiler: Slow Native Suggest: Total=20.48ms | Init=0.15ms | TrieExpand(x37)=20.30ms | Scoring=0.04ms | inputSize=47
06-18 15:50:56.082 26437 26742 I VkSuggestions: decode typedLen=0 candidates=18 locales=1 26,4ms
06-18 15:50:56.083 26437 26742 W VkSuggestions: slow frame 26,4ms locales=1 typedLen=0 candidates=18
06-18 15:50:56.091 26437 26437 I VkSwipe : ✓ gesture points=47 decodedLen=5 candidates=18 top=leigh 969ms
06-18 15:50:57.020 26437 26742 I VkSuggestions: decode typedLen=5 candidates=18 locales=1 9,5ms
06-18 15:50:57.022 26437 26742 I VkSuggestions: strip composing typedLen=5 candidates=18 autocorrect=false top=pront locale=pt
06-18 15:50:57.165 26437 26742 I VkSuggestions: decode typedLen=4 candidates=18 locales=1 8,0ms
06-18 15:50:57.167 26437 26742 I VkSuggestions: strip composing typedLen=4 candidates=17 autocorrect=false top=pron locale=pt
06-18 15:50:57.294 26437 26742 W VibeKeyProfiler: Slow Native Suggest: Total=11.96ms | Init=0.17ms | TrieExpand(x19)=11.75ms | Scoring=0.04ms | inputSize=3
06-18 15:50:57.295 26437 26742 I VkSuggestions: decode typedLen=3 candidates=18 locales=1 19,0ms
06-18 15:50:57.296 26437 26742 W VkSuggestions: slow frame 19,0ms locales=1 typedLen=3 candidates=18
06-18 15:50:57.298 26437 26742 I VkSuggestions: strip composing typedLen=3 candidates=18 autocorrect=false top=pro locale=pt
06-18 15:50:58.335 26437 26742 I VkSuggestions: decode typedLen=4 candidates=18 locales=1 9,1ms
06-18 15:50:58.337 26437 26742 I VkSuggestions: strip composing typedLen=4 candidates=17 autocorrect=false top=pron locale=pt
06-18 15:50:58.492 26437 26742 I VkSuggestions: decode typedLen=5 candidates=18 locales=1 7,9ms
06-18 15:50:58.493 26437 26742 I VkSuggestions: strip composing typedLen=5 candidates=18 autocorrect=false top=pront locale=pt
06-18 15:50:58.643 26437 26742 I VkSuggestions: decode typedLen=6 candidates=18 locales=1 9,4ms
06-18 15:50:58.646 26437 26742 I VkSuggestions: strip composing typedLen=6 candidates=17 autocorrect=false top=pronto locale=pt
06-18 15:50:59.525 26437 26437 I VkPanels: ▶ open assist
06-18 15:50:59.546 26437 26437 I OnDeviceAssist: ▶ panel open
06-18 15:51:00.216 26494 26494 W DefaultDispatch: type=1400 audit(0.0:606561): avc: denied { read } for name="/" dev="dm-0" ino=2 scontext=u:r:untrusted_app:s0:c43,c272,c512,c768 tcontext=u:object_r:rootfs:s0 tclass=dir permissive=0 app=com.vibekey.keyboard
06-18 15:51:00.216 26494 26494 W DefaultDispatch: type=1400 audit(0.0:606562): avc: denied { read } for name="/" dev="dm-0" ino=2 scontext=u:r:untrusted_app:s0:c43,c272,c512,c768 tcontext=u:object_r:rootfs:s0 tclass=dir permissive=0 app=com.vibekey.keyboard
06-18 15:51:00.216 26494 26494 W DefaultDispatch: type=1400 audit(0.0:606563): avc: denied { read } for name="/" dev="dm-0" ino=2 scontext=u:r:untrusted_app:s0:c43,c272,c512,c768 tcontext=u:object_r:rootfs:s0 tclass=dir permissive=0 app=com.vibekey.keyboard
06-18 15:51:00.216 26494 26494 W DefaultDispatch: type=1400 audit(0.0:606564): avc: denied { read } for name="/" dev="dm-0" ino=2 scontext=u:r:untrusted_app:s0:c43,c272,c512,c768 tcontext=u:object_r:rootfs:s0 tclass=dir permissive=0 app=com.vibekey.keyboard
06-18 15:51:00.216 26494 26494 W DefaultDispatch: type=1400 audit(0.0:606565): avc: denied { read } for name="/" dev="dm-0" ino=2 scontext=u:r:untrusted_app:s0:c43,c272,c512,c768 tcontext=u:object_r:rootfs:s0 tclass=dir permissive=0 app=com.vibekey.keyboard
06-18 15:51:00.216 26494 26494 W DefaultDispatch: type=1400 audit(0.0:606566): avc: denied { read } for name="/" dev="dm-0" ino=2 scontext=u:r:untrusted_app:s0:c43,c272,c512,c768 tcontext=u:object_r:rootfs:s0 tclass=dir permissive=0 app=com.vibekey.keyboard
06-18 15:51:00.216 26494 26494 W DefaultDispatch: type=1400 audit(0.0:606567): avc: denied { read } for name="/" dev="dm-0" ino=2 scontext=u:r:untrusted_app:s0:c43,c272,c512,c768 tcontext=u:object_r:rootfs:s0 tclass=dir permissive=0 app=com.vibekey.keyboard
06-18 15:51:00.310 26437 26437 I OnDeviceAssist: ▶ tap task=tone_casual in=41 chars
06-18 15:51:00.312 26437 26469 I OnDeviceAssist: ▶ assist_ipc task=tone_casual in=41 chars
06-18 15:51:00.322 26494 27749 I OnDeviceAssist: dispatch task=tone_casual in=41 chars engine=Warming
06-18 15:51:00.323 26494 27749 I OnDeviceAssist: ▶ runSync task=tone_casual in=41 chars locale=pt
06-18 15:51:00.354 26494 27749 I OnDeviceAssist: → llm task=tone_casual model=qwen2.5-0.5b-instruct-q4_0.gguf temp=0.45 maxTok=64
06-18 15:51:00.651 26494 26513 I OnDeviceAssist: warm ok model=qwen2.5-0.5b-instruct-q4_0.gguf ambient=0 chars 428ms
06-18 15:51:02.159 26494 27749 I OnDeviceAssist: ✓ llm task=tone_casual 1805ms out=48 chars
06-18 15:51:02.159 26494 27749 I OnDeviceAssist: done task=tone_casual 1840ms out=48 chars
06-18 15:51:02.160 26437 26453 I OnDeviceAssist: ✓ assist (ime) task=tone_casual 1848ms in=41 out=48
06-18 15:51:04.422 26437 26437 I OnDeviceAssist: ▶ tap task=tone_pro in=41 chars
06-18 15:51:04.427 26437 26486 I OnDeviceAssist: ▶ assist_ipc task=tone_pro in=41 chars
06-18 15:51:04.432 26494 27750 I OnDeviceAssist: dispatch task=tone_pro in=41 chars engine=Ready
06-18 15:51:04.432 26494 27750 I OnDeviceAssist: ▶ runSync task=tone_pro in=41 chars locale=pt
06-18 15:51:04.433 26494 27750 I OnDeviceAssist: → llm task=tone_pro model=qwen2.5-0.5b-instruct-q4_0.gguf temp=0.45 maxTok=64
06-18 15:51:05.537 26494 27750 I OnDeviceAssist: ✓ llm task=tone_pro 1105ms out=41 chars
06-18 15:51:05.537 26494 27750 I OnDeviceAssist: done task=tone_pro 1106ms out=41 chars
06-18 15:51:05.538 26437 26634 I OnDeviceAssist: ✓ assist (ime) task=tone_pro 1110ms in=41 out=41
06-18 15:51:06.825 26437 26437 I OnDeviceAssist: ▶ tap task=tone_direct in=41 chars
06-18 15:51:06.831 26437 26486 I OnDeviceAssist: ▶ assist_ipc task=tone_direct in=41 chars
06-18 15:51:06.835 26494 27750 I OnDeviceAssist: dispatch task=tone_direct in=41 chars engine=Ready
06-18 15:51:06.835 26494 27750 I OnDeviceAssist: ▶ runSync task=tone_direct in=41 chars locale=pt
06-18 15:51:06.835 26494 27750 I OnDeviceAssist: → llm task=tone_direct model=qwen2.5-0.5b-instruct-q4_0.gguf temp=0.45 maxTok=64
06-18 15:51:08.048 26494 27750 I OnDeviceAssist: ✓ llm task=tone_direct 1212ms out=38 chars
06-18 15:51:08.048 26494 27750 I OnDeviceAssist: done task=tone_direct 1213ms out=38 chars
06-18 15:51:08.049 26437 26453 I OnDeviceAssist: ✓ assist (ime) task=tone_direct 1218ms in=41 out=38
06-18 15:51:08.889 26437 26437 I OnDeviceAssist: ○ blocked task=tone_casual: quota_gate
06-18 15:51:10.818 26437 26491 E BLASTBufferQueue: BLASTBufferItemConsumer::onDisconnect()
06-18 15:51:10.853 26437 26577 W libc    : Access denied finding property "vendor.oplus.media.vpp.stutter"
06-18 15:51:10.854 26437 26577 E MULTIMEDIAConfig: [getInt32:L80] Not find config, Returning default
06-18 15:51:10.854 26437 26577 E MULTIMEDIAConfig: [getInt32:L80] Not find config, Returning default
06-18 15:51:10.854 26437 26577 E OplusACodec: [OplusACodec:204] mSrOsieMMListCheckResult:0x0 mOsieVersion:1
06-18 15:51:10.869 26437 26437 I VkTyping: ○ hidden
06-18 15:51:10.870 26437 26437 I VkTyping: gecko teardown skipped (cold)
06-18 15:51:10.870 26437 26437 I VkTyping: gate release (keyboard_hidden)
06-18 15:51:10.891 26437 27928 E ListServiceUtils: checkInListByUid module:notify-network-optimize uid:14139 cost 1785us return 0
06-18 15:51:10.894 26437 27928 E OplusACodec: [GetVideoCodingTypeFromMime:L1162] mime:video/x-vnd.on2.vp9
06-18 15:51:12.186 26437 27928 W libc    : Access denied finding property "vendor.oplus.media.vpp.stutter"
06-18 15:51:13.187 26437 27928 W libc    : Access denied finding property "vendor.oplus.media.vpp.stutter"
06-18 15:51:14.188 26437 27928 W libc    : Access denied finding property "vendor.oplus.media.vpp.stutter"
06-18 15:51:15.189 26437 27928 W libc    : Access denied finding property "vendor.oplus.media.vpp.stutter"
06-18 15:51:15.940 26437 26491 E BLASTBufferQueue: BLASTBufferItemConsumer::onDisconnect()
06-18 15:51:16.189 26437 27928 W libc    : Access denied finding property "vendor.oplus.media.vpp.stutter"
06-18 15:51:17.191 26437 27928 W libc    : Access denied finding property "vendor.oplus.media.vpp.stutter"
06-18 15:51:18.192 26437 27928 W libc    : Access denied finding property "vendor.oplus.media.vpp.stutter"
06-18 15:51:19.193 26437 27928 W libc    : Access denied finding property "vendor.oplus.media.vpp.stutter"
06-18 15:51:20.194 26437 27928 W libc    : Access denied finding property "vendor.oplus.media.vpp.stutter"
06-18 15:51:20.572 26437 26754 W ServiceBindIntentUtils: Dynamic lookup for intent failed for action: com.google.android.gms.ads.service.CACHE
06-18 15:51:20.621 26437 26577 W cr_MediaCodecBridge: Releasing: OMX.qcom.video.decoder.vp9
06-18 15:51:20.623 26437 27927 E ListServiceUtils: checkInListByUid module:video-disconnectsurface-sync uid:14139 cost 1320us return (null)
06-18 15:51:20.626 26437 27927 E ExtensionsLoader: freeAllBuffers: 7 buffers were freed while being dequeued!
06-18 15:51:20.632 26437 26577 W cr_MediaCodecBridge: Codec released
06-18 15:51:20.727 26437 26437 I VkTyping: ▶ open restart=false pkg=com.android.launcher inputType=589825
06-18 15:51:20.744 26437 27968 W ServiceBindIntentUtils: Dynamic lookup for intent failed for action: com.google.android.gms.ads.service.START
06-18 15:51:20.878 26437 27930 E ActivityThread: Failed to find provider info for com.oplus.statistics.provider
06-18 15:51:20.878 26437 27930 E OplusStatistics--: IllegalArgumentException:java.lang.IllegalArgumentException: Unknown URL content://com.oplus.statistics.provider/track_event
06-18 15:51:20.943 26437 26742 W VibeKeyProfiler: Slow Native Suggest: Total=14.88ms | Init=2.97ms | TrieExpand(x17)=11.89ms | Scoring=0.02ms | inputSize=6
06-18 15:51:20.950 26437 26742 W VkSuggestions: slow frame 22,2ms locales=1 typedLen=6 candidates=18
06-18 15:51:20.955 26437 26742 I VkSuggestions: decode typedLen=0 candidates=1 locales=1 0,4ms
06-18 15:51:21.114 26437 26491 E BLASTBufferQueue: BLASTBufferItemConsumer::onDisconnect()
06-18 15:51:21.138 26437 26491 E BLASTBufferQueue: BLASTBufferItemConsumer::onDisconnect()
06-18 15:51:21.940 26437 26437 E Ads     : JS: Refused to get unsafe header "X-Afma-Gcache-IsGcacheHit" (https://www.gstatic.com/mysidia/992fc024f222190433002467e84c4f10.js?tag=addon/rewarded_video:436)
06-18 15:51:22.072 26437 26437 E Ads     : JS: Refused to get unsafe header "X-Afma-Gcache-IsGcacheHit" (https://www.gstatic.com/mysidia/992fc024f222190433002467e84c4f10.js?tag=addon/rewarded_video:436)
06-18 15:51:22.098 26437 26577 W libc    : Access denied finding property "vendor.oplus.media.vpp.stutter"
06-18 15:51:22.098 26437 26577 E MULTIMEDIAConfig: [getInt32:L80] Not find config, Returning default
06-18 15:51:22.098 26437 26577 E MULTIMEDIAConfig: [getInt32:L80] Not find config, Returning default
06-18 15:51:22.098 26437 26577 E OplusACodec: [OplusACodec:204] mSrOsieMMListCheckResult:0x0 mOsieVersion:1
06-18 15:51:22.116 26437 27983 E OplusACodec: [GetVideoCodingTypeFromMime:L1162] mime:video/x-vnd.on2.vp9
06-18 15:51:22.183 26437 26577 W cr_MediaCodecBridge: Releasing: OMX.qcom.video.decoder.vp9
06-18 15:51:22.184 26437 27982 E ExtensionsLoader: freeAllBuffers: 12 buffers were freed while being dequeued!
06-18 15:51:22.185 26437 26577 W cr_MediaCodecBridge: Codec released
06-18 15:51:22.249 26437 26437 I VkPanels: ▶ open assist
06-18 15:51:22.264 26437 26437 I OnDeviceAssist: ▶ panel open
06-18 15:51:22.920 26494 27749 I OnDeviceAssist: warm ok model=qwen2.5-0.5b-instruct-q4_0.gguf ambient=74 chars 0ms
06-18 15:51:23.105 26437 26437 I OnDeviceAssist: ▶ tap task=tone_casual in=41 chars
06-18 15:51:23.107 26437 26468 I OnDeviceAssist: ▶ assist_ipc task=tone_casual in=41 chars
06-18 15:51:23.122 26494 27749 I OnDeviceAssist: dispatch task=tone_casual in=41 chars engine=Ready
06-18 15:51:23.122 26494 27749 I OnDeviceAssist: ▶ runSync task=tone_casual in=41 chars locale=pt
06-18 15:51:23.123 26494 27749 I OnDeviceAssist: → llm task=tone_casual model=qwen2.5-0.5b-instruct-q4_0.gguf temp=0.45 maxTok=64
06-18 15:51:24.395 26494 27749 I OnDeviceAssist: ✓ llm task=tone_casual 1273ms out=42 chars
06-18 15:51:24.395 26494 27749 I OnDeviceAssist: done task=tone_casual 1274ms out=42 chars
06-18 15:51:24.396 26437 26453 I OnDeviceAssist: ✓ assist (ime) task=tone_casual 1289ms in=41 out=42
06-18 15:51:26.766 26437 26437 I VkTyping: browser open during typing session
06-18 15:51:26.767 26437 26437 I VkTyping: browser prepare open tabs=0
06-18 15:51:26.767 26437 26437 I VkPanels: ▶ open browser
06-18 15:51:26.776 26437 26437 W View    : requestLayout() improperly called by android.widget.FrameLayout{3c99488 V.E...... ......ID 0,1625-1440,1805 #7f0a0087 app:id/browser_nav_footer_float} during layout: running second layout pass
06-18 15:51:26.777 26437 26437 I VkBrowser: ▶ panel open incognito=false tabs=0 queryLen=0
06-18 15:51:26.814 26437 26437 E GeckoView: Failed to attach WindowInsetsListener: 
06-18 15:51:26.814 26437 26437 E GeckoView: java.lang.NullPointerException: Attempt to invoke virtual method 'android.view.Window android.app.Activity.getWindow()' on a null object reference
06-18 15:51:26.814 26437 26437 E GeckoView: 	at org.mozilla.geckoview.GeckoView.attachWindowInsetsListener(r8-map-id-6e5246f53f7f7297533001ec8566e2891f92bdb77b3b6d07c9b8901daaf1bae4:1)
06-18 15:51:26.814 26437 26437 E GeckoView: 	at org.mozilla.geckoview.GeckoView.onAttachedToWindow(r8-map-id-6e5246f53f7f7297533001ec8566e2891f92bdb77b3b6d07c9b8901daaf1bae4:49)
06-18 15:51:26.814 26437 26437 E GeckoView: 	at helium314.keyboard.latin.panels.ImeGeckoView.onAttachedToWindow(r8-map-id-6e5246f53f7f7297533001ec8566e2891f92bdb77b3b6d07c9b8901daaf1bae4:4)
06-18 15:51:26.814 26437 26437 E GeckoView: 	at android.view.View.dispatchAttachedToWindow(View.java:20900)
06-18 15:51:26.814 26437 26437 E GeckoView: 	at android.view.ViewGroup.dispatchAttachedToWindow(ViewGroup.java:3539)
06-18 15:51:26.814 26437 26437 E GeckoView: 	at android.view.ViewGroup.addViewInner(ViewGroup.java:5378)
06-18 15:51:26.814 26437 26437 E GeckoView: 	at android.view.ViewGroup.addView(ViewGroup.java:5156)
06-18 15:51:26.814 26437 26437 E GeckoView: 	at android.view.ViewGroup.addView(ViewGroup.java:5096)
06-18 15:51:26.814 26437 26437 E GeckoView: 	at helium314.keyboard.latin.panels.BrowserPanelView.Z(r8-map-id-6e5246f53f7f7297533001ec8566e2891f92bdb77b3b6d07c9b8901daaf1bae4:375)
06-18 15:51:26.814 26437 26437 E GeckoView: 	at helium314.keyboard.latin.panels.BrowserPanelView.H0(r8-map-id-6e5246f53f7f7297533001ec8566e2891f92bdb77b3b6d07c9b8901daaf1bae4:175)
06-18 15:51:26.814 26437 26437 E GeckoView: 	at c5.s.run(r8-map-id-6e5246f53f7f7297533001ec8566e2891f92bdb77b3b6d07c9b8901daaf1bae4:622)
06-18 15:51:26.814 26437 26437 E GeckoView: 	at i7.z.onGlobalLayout(r8-map-id-6e5246f53f7f7297533001ec8566e2891f92bdb77b3b6d07c9b8901daaf1bae4:8)
06-18 15:51:26.814 26437 26437 E GeckoView: 	at android.view.ViewTreeObserver.dispatchOnGlobalLayout(ViewTreeObserver.java:1061)
06-18 15:51:26.814 26437 26437 E GeckoView: 	at android.view.ViewRootImpl.performTraversals(ViewRootImpl.java:3407)
06-18 15:51:26.814 26437 26437 E GeckoView: 	at android.view.ViewRootImpl.doTraversal(ViewRootImpl.java:2305)
06-18 15:51:26.814 26437 26437 E GeckoView: 	at android.view.ViewRootImpl$TraversalRunnable.run(ViewRootImpl.java:9133)
06-18 15:51:26.814 26437 26437 E GeckoView: 	at android.view.Choreographer$CallbackRecord.run(Choreographer.java:1232)
06-18 15:51:26.814 26437 26437 E GeckoView: 	at android.view.Choreographer.doCallbacks(Choreographer.java:1029)
06-18 15:51:26.814 26437 26437 E GeckoView: 	at android.view.Choreographer.doFrame(Choreographer.java:934)
06-18 15:51:26.814 26437 26437 E GeckoView: 	at android.view.Choreographer$FrameDisplayEventReceiver.run(Choreographer.java:1217)
06-18 15:51:26.814 26437 26437 E GeckoView: 	at android.os.Handler.handleCallback(Handler.java:938)
06-18 15:51:26.814 26437 26437 E GeckoView: 	at android.os.Handler.dispatchMessage(Handler.java:99)
06-18 15:51:26.814 26437 26437 E GeckoView: 	at android.os.Looper.loopOnce(Looper.java:233)
06-18 15:51:26.814 26437 26437 E GeckoView: 	at android.os.Looper.loop(Looper.java:344)
06-18 15:51:26.814 26437 26437 E GeckoView: 	at android.app.ActivityThread.main(ActivityThread.java:8212)
06-18 15:51:26.814 26437 26437 E GeckoView: 	at java.lang.reflect.Method.invoke(Native Method)
06-18 15:51:26.814 26437 26437 E GeckoView: 	at com.android.internal.os.RuntimeInit$MethodAndArgsCaller.run(RuntimeInit.java:584)
06-18 15:51:26.814 26437 26437 E GeckoView: 	at com.android.internal.os.ZygoteInit.main(ZygoteInit.java:1034)
06-18 15:51:26.815 26437 26437 I VkBrowser: → load host=www.google.com
06-18 15:51:26.817 28041 28041 E ard:crashhelpe: Unknown bits set in runtime_flags: 0x40000000
06-18 15:51:26.821 26437 28040 W Settings: Setting animator_duration_scale has moved from android.provider.Settings.System to android.provider.Settings.Global, returning read-only global URI.
06-18 15:51:26.828 26437 28040 E GeckoLibLoad: Load sqlite start
06-18 15:51:26.833 26437 28040 E GeckoLibLoad: Load sqlite done
06-18 15:51:26.833 26437 28040 E GeckoLibLoad: Load nss start
06-18 15:51:26.833 26437 28040 E GeckoLibLoad: Load nss done
06-18 15:51:26.882 26437 26437 I VkBrowser: → load host=www.google.com
06-18 15:51:26.883 26437 26437 I VkBrowser: → load host=www.google.com
06-18 15:51:26.956 26437 28040 E GeckoLibLoad: Loaded libs in 122.215312ms total, 0ms(58ms) user, 24ms(40ms) system, 75(79) faults
06-18 15:51:26.957 26437 28040 W GeckoThread: zerdatime 1489127821 - runGecko
06-18 15:51:27.024 26437 26437 I VkBrowser: → load host=www.google.com
06-18 15:51:27.056 26437 26437 W com.vibekey.keyboard: type=1400 audit(0.0:606593): avc: denied { bind } for comm=4E65746C696E6B204D6F6E69746F72 scontext=u:r:untrusted_app:s0:c43,c272,c512,c768 tcontext=u:r:untrusted_app:s0:c43,c272,c512,c768 tclass=netlink_route_socket permissive=0 bug=b/155595000 app=com.vibekey.keyboard
06-18 15:51:27.105 26437 28040 E ibekey.keyboar: hiddenapi: Accessing hidden field Ljava/lang/Boolean;->value:Z (runtime_flags=0, domain=core-platform, api=max-target-p) from Lorg/mozilla/gecko/GeckoThread; (domain=app, TargetSdkVersion=35) using JNI: denied
06-18 15:51:27.105 26437 28040 E ibekey.keyboar: hiddenapi: Accessing hidden field Ljava/lang/Integer;->value:I (runtime_flags=0, domain=core-platform, api=max-target-p) from Lorg/mozilla/gecko/GeckoThread; (domain=app, TargetSdkVersion=35) using JNI: denied
06-18 15:51:27.105 26437 28040 E ibekey.keyboar: hiddenapi: Accessing hidden field Ljava/lang/Long;->value:J (runtime_flags=0, domain=core-platform, api=max-target-p) from Lorg/mozilla/gecko/GeckoThread; (domain=app, TargetSdkVersion=35) using JNI: denied
06-18 15:51:27.105 26437 28040 E ibekey.keyboar: hiddenapi: Accessing hidden field Ljava/lang/Double;->value:D (runtime_flags=0, domain=core-platform, api=max-target-p) from Lorg/mozilla/gecko/GeckoThread; (domain=app, TargetSdkVersion=35) using JNI: denied
06-18 15:51:27.133 28077 28077 E .keyboard:tab2: Unknown bits set in runtime_flags: 0x40000000
06-18 15:51:27.301 28114 28114 E ey.keyboard:gp: Unknown bits set in runtime_flags: 0x40000000
06-18 15:51:27.357 26437 26437 I VkBrowser: → load host=www.google.com
06-18 15:51:27.363 28114 28133 E GeckoLibLoad: Load sqlite start
06-18 15:51:27.364 28114 28133 E GeckoLibLoad: Load sqlite done
06-18 15:51:27.364 28114 28133 E GeckoLibLoad: Load nss start
06-18 15:51:27.364 28114 28133 E GeckoLibLoad: Load nss done
06-18 15:51:27.373 28114 28133 E GeckoLibLoad: Loaded libs in 9.143646ms total, 0ms(0ms) user, 9ms(9ms) system, 0(0) faults
06-18 15:51:27.373 28114 28133 W GeckoThread: zerdatime 1489128238 - runGecko
06-18 15:51:27.594 28114 28157 W AudioCapabilities: Unsupported mime audio/ffmpeg
06-18 15:51:27.595 28114 28157 W VideoCapabilities: Unsupported mime video/ffmpeg
06-18 15:51:27.596 28114 28157 W VideoCapabilities: Unrecognized profile/level 0/3 for video/mpeg2
06-18 15:51:27.597 28114 28157 W VideoCapabilities: Unrecognized profile/level 0/3 for video/mpeg2
06-18 15:51:27.638 28077 28098 E GeckoLibLoad: Load sqlite start
06-18 15:51:27.652 28077 28098 E GeckoLibLoad: Load sqlite done
06-18 15:51:27.652 28077 28098 E GeckoLibLoad: Load nss start
06-18 15:51:27.652 28077 28098 E GeckoLibLoad: Load nss done
06-18 15:51:27.662 28077 28098 E GeckoLibLoad: Loaded libs in 9.930990ms total, 7ms(3ms) user, 0ms(4ms) system, 0(0) faults
06-18 15:51:27.662 28077 28098 W GeckoThread: zerdatime 1489128527 - runGecko
06-18 15:51:27.676 28114 28130 E ey.keyboard:gp: ofbOpen failed with error=No such file or directory
06-18 15:51:27.676 28114 28130 E ey.keyboard:gp: sysOpen failed with error=No such file or directory
06-18 15:51:27.684 26437 26453 E BLASTBufferQueue: BLASTBufferItemConsumer::onDisconnect()
06-18 15:51:27.695 26437 27969 E BLASTBufferQueue: BLASTBufferItemConsumer::onDisconnect()
06-18 15:51:27.726 26437 26437 W com.vibekey.keyboard: type=1400 audit(0.0:606594): avc: denied { nlmsg_readpriv } for comm=536F636B657420546872656164 scontext=u:r:untrusted_app:s0:c43,c272,c512,c768 tcontext=u:r:untrusted_app:s0:c43,c272,c512,c768 tclass=netlink_route_socket permissive=0 bug=b/155595000 app=com.vibekey.keyboard
06-18 15:51:27.778 26437 26437 I VkBrowser: ✓ page host=www.google.com
06-18 15:51:27.782 26437 28040 W GeckoConsole: [JavaScript Warning: "Missing resource in locale pt-BR: netwerk/necko.ftl"]
06-18 15:51:27.782 26437 28040 W GeckoConsole: [JavaScript Warning: "Missing resource in locale pt-PT: netwerk/necko.ftl"]
06-18 15:51:27.787 26437 26634 E BLASTBufferQueue: BLASTBufferItemConsumer::onDisconnect()
06-18 15:51:27.915 28228 28228 E .keyboard:tab3: Unknown bits set in runtime_flags: 0x40000000
06-18 15:51:27.972 28228 28249 E GeckoLibLoad: Load sqlite start
06-18 15:51:27.973 28228 28249 E GeckoLibLoad: Load sqlite done
06-18 15:51:27.973 28228 28249 E GeckoLibLoad: Load nss start
06-18 15:51:27.973 28228 28249 E GeckoLibLoad: Load nss done
06-18 15:51:27.982 28228 28249 E GeckoLibLoad: Loaded libs in 8.921406ms total, 6ms(8ms) user, 0ms(0ms) system, 0(0) faults
06-18 15:51:27.982 28228 28249 W GeckoThread: zerdatime 1489128847 - runGecko
06-18 15:51:28.077 28228 28249 W Isolated Web Content: [JavaScript Warning: "Content-Security-Policy: Ignoring “'report-sample'” within script-src: ‘strict-dynamic’ specified" {file: "https://www.google.com/" line: 0}]
06-18 15:51:28.077 28228 28249 W Isolated Web Content: [JavaScript Warning: "Content-Security-Policy: Ignoring “'unsafe-inline'” within script-src: ‘strict-dynamic’ specified" {file: "https://www.google.com/" line: 0}]
06-18 15:51:28.077 28228 28249 W Isolated Web Content: [JavaScript Warning: "Content-Security-Policy: Ignoring “https:” within script-src: ‘strict-dynamic’ specified" {file: "https://www.google.com/" line: 0}]
06-18 15:51:28.078 28228 28249 W GeckoEditableChild: No editable parent
06-18 15:51:28.166 26437 26437 W com.vibekey.keyboard: type=1400 audit(0.0:606595): avc: denied { nlmsg_readpriv } for comm=536F636B657420546872656164 scontext=u:r:untrusted_app:s0:c43,c272,c512,c768 tcontext=u:r:untrusted_app:s0:c43,c272,c512,c768 tclass=netlink_route_socket permissive=0 bug=b/155595000 app=com.vibekey.keyboard
06-18 15:51:28.398 26437 26634 E BLASTBufferQueue: BLASTBufferItemConsumer::onDisconnect()
06-18 15:51:28.688 28285 28285 E y.keyboard:tab: Unknown bits set in runtime_flags: 0x40000000
06-18 15:51:28.738 26437 27969 E BLASTBufferQueue: BLASTBufferItemConsumer::onDisconnect()
06-18 15:51:28.741 26437 26437 E GeckoView: Failed to detach WindowInsetsListener: 
06-18 15:51:28.741 26437 26437 E GeckoView: 	at org.mozilla.geckoview.GeckoView.detachWindowInsetsListener(r8-map-id-6e5246f53f7f7297533001ec8566e2891f92bdb77b3b6d07c9b8901daaf1bae4:1)
06-18 15:51:28.741 26437 26437 E GeckoView: 	at org.mozilla.geckoview.GeckoView.onDetachedFromWindow(r8-map-id-6e5246f53f7f7297533001ec8566e2891f92bdb77b3b6d07c9b8901daaf1bae4:25)
06-18 15:51:28.741 26437 26437 E GeckoView: 	at helium314.keyboard.latin.panels.ImeGeckoView.onDetachedFromWindow(r8-map-id-6e5246f53f7f7297533001ec8566e2891f92bdb77b3b6d07c9b8901daaf1bae4:1)
06-18 15:51:28.741 26437 26437 E GeckoView: 	at android.view.View.dispatchDetachedFromWindow(View.java:20955)
06-18 15:51:28.741 26437 26437 E GeckoView: 	at android.view.ViewGroup.dispatchDetachedFromWindow(ViewGroup.java:4014)
06-18 15:51:28.741 26437 26437 E GeckoView: 	at android.view.ViewGroup.removeViewInternal(ViewGroup.java:5660)
06-18 15:51:28.741 26437 26437 E GeckoView: 	at android.view.ViewGroup.removeViewInternal(ViewGroup.java:5631)
06-18 15:51:28.741 26437 26437 E GeckoView: 	at android.view.ViewGroup.removeView(ViewGroup.java:5562)
06-18 15:51:28.741 26437 26437 E GeckoView: 	at a8.t0.run(r8-map-id-6e5246f53f7f7297533001ec8566e2891f92bdb77b3b6d07c9b8901daaf1bae4:1198)
06-18 15:51:28.741 26437 26437 E GeckoView: 	at helium314.keyboard.latin.panels.BrowserPanelView.R(r8-map-id-6e5246f53f7f7297533001ec8566e2891f92bdb77b3b6d07c9b8901daaf1bae4:151)
06-18 15:51:28.741 26437 26437 E GeckoView: 	at helium314.keyboard.latin.panels.BrowserPanelView.I0(r8-map-id-6e5246f53f7f7297533001ec8566e2891f92bdb77b3b6d07c9b8901daaf1bae4:73)
06-18 15:51:28.741 26437 26437 E GeckoView: 	at i7.c0.r(r8-map-id-6e5246f53f7f7297533001ec8566e2891f92bdb77b3b6d07c9b8901daaf1bae4:168)
06-18 15:51:28.741 26437 26437 E GeckoView: 	at i7.c0.R(r8-map-id-6e5246f53f7f7297533001ec8566e2891f92bdb77b3b6d07c9b8901daaf1bae4:17)
06-18 15:51:28.741 26437 26437 E GeckoView: 	at a8.g5.a(r8-map-id-6e5246f53f7f7297533001ec8566e2891f92bdb77b3b6d07c9b8901daaf1bae4:3)
06-18 15:51:28.741 26437 26437 E GeckoView: 	at a8.e3.onClick(r8-map-id-6e5246f53f7f7297533001ec8566e2891f92bdb77b3b6d07c9b8901daaf1bae4:207)
06-18 15:51:28.741 26437 26437 E GeckoView: 	at android.view.View.performClick(View.java:7488)
06-18 15:51:28.741 26437 26437 E GeckoView: 	at android.view.View.performClickInternal(View.java:7464)
06-18 15:51:28.741 26437 26437 E GeckoView: 	at android.view.View.access$3700(View.java:841)
06-18 15:51:28.741 26437 26437 E GeckoView: 	at android.view.View$PerformClick.run(View.java:28911)
06-18 15:51:28.741 26437 26437 E GeckoView: 	at android.os.Handler.handleCallback(Handler.java:938)
06-18 15:51:28.741 26437 26437 E GeckoView: 	at android.os.Handler.dispatchMessage(Handler.java:99)
06-18 15:51:28.741 26437 26437 E GeckoView: 	at android.os.Looper.loopOnce(Looper.java:233)
06-18 15:51:28.741 26437 26437 E GeckoView: 	at android.os.Looper.loop(Looper.java:344)
06-18 15:51:28.741 26437 26437 E GeckoView: 	at android.app.ActivityThread.main(ActivityThread.java:8212)
06-18 15:51:28.741 26437 26437 E GeckoView: 	at java.lang.reflect.Method.invoke(Native Method)
06-18 15:51:28.741 26437 26437 E GeckoView: 	at com.android.internal.os.RuntimeInit$MethodAndArgsCaller.run(RuntimeInit.java:584)
06-18 15:51:28.741 26437 26437 E GeckoView: 	at com.android.internal.os.ZygoteInit.main(ZygoteInit.java:1034)
06-18 15:51:28.745 28285 28304 E GeckoLibLoad: Load sqlite start
06-18 15:51:28.746 28285 28304 E GeckoLibLoad: Load sqlite done
06-18 15:51:28.746 28285 28304 E GeckoLibLoad: Load nss start
06-18 15:51:28.746 28285 28304 E GeckoLibLoad: Load nss done
06-18 15:51:28.755 28285 28304 E GeckoLibLoad: Loaded libs in 8.884584ms total, 9ms(8ms) user, 0ms(0ms) system, 0(0) faults
06-18 15:51:28.755 28285 28304 W GeckoThread: zerdatime 1489129620 - runGecko
06-18 15:51:28.772 26437 26437 W GeckoSession: No history entries found.
06-18 15:51:29.495 26437 26437 I VkTyping: browser open during typing session
06-18 15:51:29.496 26437 26437 I VkTyping: browser prepare open tabs=1
06-18 15:51:29.496 26437 26437 I VkPanels: ▶ open browser
06-18 15:51:29.510 26437 26437 I VkBrowser: ▶ panel open incognito=false tabs=1 queryLen=0
06-18 15:51:29.515 26437 26437 E GeckoView: Failed to attach WindowInsetsListener: 
06-18 15:51:29.515 26437 26437 E GeckoView: 	at org.mozilla.geckoview.GeckoView.attachWindowInsetsListener(r8-map-id-6e5246f53f7f7297533001ec8566e2891f92bdb77b3b6d07c9b8901daaf1bae4:1)
06-18 15:51:29.515 26437 26437 E GeckoView: 	at org.mozilla.geckoview.GeckoView.onAttachedToWindow(r8-map-id-6e5246f53f7f7297533001ec8566e2891f92bdb77b3b6d07c9b8901daaf1bae4:49)
06-18 15:51:29.515 26437 26437 E GeckoView: 	at helium314.keyboard.latin.panels.ImeGeckoView.onAttachedToWindow(r8-map-id-6e5246f53f7f7297533001ec8566e2891f92bdb77b3b6d07c9b8901daaf1bae4:4)
06-18 15:51:29.515 26437 26437 E GeckoView: 	at android.view.View.dispatchAttachedToWindow(View.java:20900)
06-18 15:51:29.515 26437 26437 E GeckoView: 	at android.view.ViewGroup.dispatchAttachedToWindow(ViewGroup.java:3539)
06-18 15:51:29.515 26437 26437 E GeckoView: 	at android.view.ViewGroup.addViewInner(ViewGroup.java:5378)
06-18 15:51:29.515 26437 26437 E GeckoView: 	at android.view.ViewGroup.addView(ViewGroup.java:5156)
06-18 15:51:29.515 26437 26437 E GeckoView: 	at android.view.ViewGroup.addView(ViewGroup.java:5096)
06-18 15:51:29.515 26437 26437 E GeckoView: 	at helium314.keyboard.latin.panels.BrowserPanelView.Z(r8-map-id-6e5246f53f7f7297533001ec8566e2891f92bdb77b3b6d07c9b8901daaf1bae4:375)
06-18 15:51:29.515 26437 26437 E GeckoView: 	at helium314.keyboard.latin.panels.BrowserPanelView.H0(r8-map-id-6e5246f53f7f7297533001ec8566e2891f92bdb77b3b6d07c9b8901daaf1bae4:175)
06-18 15:51:29.515 26437 26437 E GeckoView: 	at c5.s.run(r8-map-id-6e5246f53f7f7297533001ec8566e2891f92bdb77b3b6d07c9b8901daaf1bae4:622)
06-18 15:51:29.515 26437 26437 E GeckoView: 	at i7.z.onGlobalLayout(r8-map-id-6e5246f53f7f7297533001ec8566e2891f92bdb77b3b6d07c9b8901daaf1bae4:8)
06-18 15:51:29.515 26437 26437 E GeckoView: 	at android.view.ViewTreeObserver.dispatchOnGlobalLayout(ViewTreeObserver.java:1061)
06-18 15:51:29.515 26437 26437 E GeckoView: 	at android.view.ViewRootImpl.performTraversals(ViewRootImpl.java:3407)
06-18 15:51:29.515 26437 26437 E GeckoView: 	at android.view.ViewRootImpl.doTraversal(ViewRootImpl.java:2305)
06-18 15:51:29.515 26437 26437 E GeckoView: 	at android.view.ViewRootImpl$TraversalRunnable.run(ViewRootImpl.java:9133)
06-18 15:51:29.515 26437 26437 E GeckoView: 	at android.view.Choreographer$CallbackRecord.run(Choreographer.java:1232)
06-18 15:51:29.515 26437 26437 E GeckoView: 	at android.view.Choreographer.doCallbacks(Choreographer.java:1029)
06-18 15:51:29.515 26437 26437 E GeckoView: 	at android.view.Choreographer.doFrame(Choreographer.java:934)
06-18 15:51:29.515 26437 26437 E GeckoView: 	at android.view.Choreographer$FrameDisplayEventReceiver.run(Choreographer.java:1217)
06-18 15:51:29.515 26437 26437 E GeckoView: 	at android.os.Handler.handleCallback(Handler.java:938)
06-18 15:51:29.515 26437 26437 E GeckoView: 	at android.os.Handler.dispatchMessage(Handler.java:99)
06-18 15:51:29.515 26437 26437 E GeckoView: 	at android.os.Looper.loopOnce(Looper.java:233)
06-18 15:51:29.515 26437 26437 E GeckoView: 	at android.os.Looper.loop(Looper.java:344)
06-18 15:51:29.515 26437 26437 E GeckoView: 	at android.app.ActivityThread.main(ActivityThread.java:8212)
06-18 15:51:29.515 26437 26437 E GeckoView: 	at java.lang.reflect.Method.invoke(Native Method)
06-18 15:51:29.515 26437 26437 E GeckoView: 	at com.android.internal.os.RuntimeInit$MethodAndArgsCaller.run(RuntimeInit.java:584)
06-18 15:51:29.515 26437 26437 E GeckoView: 	at com.android.internal.os.ZygoteInit.main(ZygoteInit.java:1034)
06-18 15:51:29.540 26437 26437 I VkBrowser: → load host=www.google.com
06-18 15:51:29.541 26437 26437 I VkBrowser: → load host=www.google.com
06-18 15:51:29.545 26437 28040 E GeckoConsole: [JavaScript Error: "TypeError: can't access property "WindowEventDispatcher", win is null" {file: "resource://gre/modules/GeckoViewSessionStore.sys.mjs" line: 149}]
06-18 15:51:29.545 26437 28040 E GeckoConsole: onTabStateUpdate@resource://gre/modules/GeckoViewSessionStore.sys.mjs:149:5
06-18 15:51:29.545 26437 28040 E GeckoConsole: updateSessionStoreFromTabListener@resource://gre/modules/GeckoViewSessionStore.sys.mjs:243:10
06-18 15:51:29.572 28077 28098 W GeckoEditableChild: No editable parent
06-18 15:51:29.614 26437 27969 E BLASTBufferQueue: BLASTBufferItemConsumer::onDisconnect()
06-18 15:51:29.707 26437 27969 E BLASTBufferQueue: BLASTBufferItemConsumer::onDisconnect()
06-18 15:51:31.418 28361 28361 E ibekey.keyboar: Unknown bits set in runtime_flags: 0x40000000
