06-02 23:40:07.177 25561 25561 W View    : requestLayout() improperly called by helium314.keyboard.latin.panels.BrowserPanelView{4218d67 V.E...... ........ 0,0-1440,2040} during second layout pass: posting in next frame
06-02 23:40:07.192 25561 25561 W View    : requestLayout() improperly called by helium314.keyboard.latin.panels.BrowserPanelView{4218d67 V.E...... ......I. 0,0-1440,2040} during layout: running second layout pass
06-02 23:40:07.196 25561 25561 W View    : requestLayout() improperly called by helium314.keyboard.latin.panels.BrowserPanelView{4218d67 V.E...... ........ 0,0-1440,2040} during second layout pass: posting in next frame
06-02 23:40:07.209 25561 25561 W View    : requestLayout() improperly called by helium314.keyboard.latin.panels.BrowserPanelView{4218d67 V.E...... ......I. 0,0-1440,2040} during layout: running second layout pass
06-02 23:40:07.214 25561 25561 W View    : requestLayout() improperly called by helium314.keyboard.latin.panels.BrowserPanelView{4218d67 V.E...... ........ 0,0-1440,2040} during second layout pass: posting in next frame
06-02 23:40:07.226 25561 25561 W View    : requestLayout() improperly called by helium314.keyboard.latin.panels.BrowserPanelView{4218d67 V.E...... ......I. 0,0-1440,2040} during layout: running second layout pass
06-02 23:40:07.229 25561 25561 W View    : requestLayout() improperly called by helium314.keyboard.latin.panels.BrowserPanelView{4218d67 V.E...... ........ 0,0-1440,2040} during second layout pass: posting in next frame
06-02 23:40:07.242 25561 25561 W View    : requestLayout() improperly called by helium314.keyboard.latin.panels.BrowserPanelView{4218d67 V.E...... ......I. 0,0-1440,2040} during layout: running second layout pass
06-02 23:40:07.246 25561 25561 W View    : requestLayout() improperly called by helium314.keyboard.latin.panels.BrowserPanelView{4218d67 V.E...... ........ 0,0-1440,2040} during second layout pass: posting in next frame
06-02 23:40:07.259 25561 25561 W View    : requestLayout() improperly called by helium314.keyboard.latin.panels.BrowserPanelView{4218d67 V.E...... ......ID 0,0-1440,2040} during layout: running second layout pass
06-02 23:40:07.263 25561 25561 W View    : requestLayout() improperly called by helium314.keyboard.latin.panels.BrowserPanelView{4218d67 V.E...... ........ 0,0-1440,2040} during second layout pass: posting in next frame
06-02 23:40:07.275 25561 25561 W View    : requestLayout() improperly called by helium314.keyboard.latin.panels.BrowserPanelView{4218d67 V.E...... ......I. 0,0-1440,2040} during layout: running second layout pass
06-02 23:40:07.279 25561 25561 W View    : requestLayout() improperly called by helium314.keyboard.latin.panels.BrowserPanelView{4218d67 V.E...... ........ 0,0-1440,2040} during second layout pass: posting in next frame
06-02 23:40:07.293 25561 25561 W View    : requestLayout() improperly called by helium314.keyboard.latin.panels.BrowserPanelView{4218d67 V.E...... ......I. 0,0-1440,2040} during layout: running second layout pass
06-02 23:40:07.297 25561 25561 W View    : requestLayout() improperly called by helium314.keyboard.latin.panels.BrowserPanelView{4218d67 V.E...... ........ 0,0-1440,2040} during second layout pass: posting in next frame
06-02 23:40:07.309 25561 25561 W View    : requestLayout() improperly called by helium314.keyboard.latin.panels.BrowserPanelView{4218d67 V.E...... ......I. 0,0-1440,2040} during layout: running second layout pass
06-02 23:40:07.315 25561 25561 W View    : requestLayout() improperly called by helium314.keyboard.latin.panels.BrowserPanelView{4218d67 V.E...... ........ 0,0-1440,2040} during second layout pass: posting in next frame
06-02 23:40:07.325 25561 25561 W View    : requestLayout() improperly called by helium314.keyboard.latin.panels.BrowserPanelView{4218d67 V.E...... ......I. 0,0-1440,2040} during layout: running second layout pass
06-02 23:40:07.329 25561 25561 W View    : requestLayout() improperly called by helium314.keyboard.latin.panels.BrowserPanelView{4218d67 V.E...... ........ 0,0-1440,2040} during second layout pass: posting in next frame
06-02 23:40:07.342 25561 25561 W View    : requestLayout() improperly called by helium314.keyboard.latin.panels.BrowserPanelView{4218d67 V.E...... ......I. 0,0-1440,2040} during layout: running second layout pass
06-02 23:40:07.346 25561 25561 W View    : requestLayout() improperly called by helium314.keyboard.latin.panels.BrowserPanelView{4218d67 V.E...... ........ 0,0-1440,2040} during second layout pass: posting in next frame
06-02 23:40:07.358 25561 25561 W View    : requestLayout() improperly called by helium314.keyboard.latin.panels.BrowserPanelView{4218d67 V.E...... ......I. 0,0-1440,2040} during layout: running second layout pass
06-02 23:40:07.363 25561 25561 W View    : requestLayout() improperly called by helium314.keyboard.latin.panels.BrowserPanelView{4218d67 V.E...... ........ 0,0-1440,2040} during second layout pass: posting in next frame
06-02 23:40:07.376 25561 25561 W View    : requestLayout() improperly called by helium314.keyboard.latin.panels.BrowserPanelView{4218d67 V.E...... ......I. 0,0-1440,2040} during layout: running second layout pass
06-02 23:40:07.380 25561 25561 W View    : requestLayout() improperly called by helium314.keyboard.latin.panels.BrowserPanelView{4218d67 V.E...... ........ 0,0-1440,2040} during second layout pass: posting in next frame
06-02 23:40:07.393 25561 25561 W View    : requestLayout() improperly called by helium314.keyboard.latin.panels.BrowserPanelView{4218d67 V.E...... ......I. 0,0-1440,2040} during layout: running second layout pass
06-02 23:40:07.397 25561 25561 W View    : requestLayout() improperly called by helium314.keyboard.latin.panels.BrowserPanelView{4218d67 V.E...... ........ 0,0-1440,2040} during second layout pass: posting in next frame
06-02 23:40:07.409 25561 25561 W View    : requestLayout() improperly called by helium314.keyboard.latin.panels.BrowserPanelView{4218d67 V.E...... ......I. 0,0-1440,2040} during layout: running second layout pass
06-02 23:40:07.414 25561 25561 W View    : requestLayout() improperly called by helium314.keyboard.latin.panels.BrowserPanelView{4218d67 V.E...... ........ 0,0-1440,2040} during second layout pass: posting in next frame
06-02 23:40:07.426 25561 25561 W View    : requestLayout() improperly called by helium314.keyboard.latin.panels.BrowserPanelView{4218d67 V.E...... ......I. 0,0-1440,2040} during layout: running second layout pass
06-02 23:40:07.429 25561 25561 W View    : requestLayout() improperly called by helium314.keyboard.latin.panels.BrowserPanelView{4218d67 V.E...... ........ 0,0-1440,2040} during second layout pass: posting in next frame
06-02 23:40:07.444 25561 25561 W View    : requestLayout() improperly called by helium314.keyboard.latin.panels.BrowserPanelView{4218d67 V.E...... ......I. 0,0-1440,2040} during layout: running second layout pass
06-02 23:40:07.447 25561 25561 W View    : requestLayout() improperly called by helium314.keyboard.latin.panels.BrowserPanelView{4218d67 V.E...... ........ 0,0-1440,2040} during second layout pass: posting in next frame
06-02 23:40:07.460 25561 25561 W View    : requestLayout() improperly called by helium314.keyboard.latin.panels.BrowserPanelView{4218d67 V.E...... ......I. 0,0-1440,2040} during layout: running second layout pass
06-02 23:40:07.463 25561 25561 W View    : requestLayout() improperly called by helium314.keyboard.latin.panels.BrowserPanelView{4218d67 V.E...... ........ 0,0-1440,2040} during second layout pass: posting in next frame
06-02 23:40:07.476 25561 25561 W View    : requestLayout() improperly called by helium314.keyboard.latin.panels.BrowserPanelView{4218d67 V.E...... ......I. 0,0-1440,2040} during layout: running second layout pass
06-02 23:40:07.479 25561 25561 W View    : requestLayout() improperly called by helium314.keyboard.latin.panels.BrowserPanelView{4218d67 V.E...... ........ 0,0-1440,2040} during second layout pass: posting in next frame
06-02 23:40:07.493 25561 25561 W View    : requestLayout() improperly called by helium314.keyboard.latin.panels.BrowserPanelView{4218d67 V.E...... ......I. 0,0-1440,2040} during layout: running second layout pass
06-02 23:40:07.497 25561 25561 W View    : requestLayout() improperly called by helium314.keyboard.latin.panels.BrowserPanelView{4218d67 V.E...... ........ 0,0-1440,2040} during second layout pass: posting in next frame
06-02 23:40:07.510 25561 25561 W View    : requestLayout() improperly called by helium314.keyboard.latin.panels.BrowserPanelView{4218d67 V.E...... ......I. 0,0-1440,2040} during layout: running second layout pass
06-02 23:40:07.515 25561 25561 W View    : requestLayout() improperly called by helium314.keyboard.latin.panels.BrowserPanelView{4218d67 V.E...... ........ 0,0-1440,2040} during second layout pass: posting in next frame
06-02 23:40:07.527 25561 25561 W View    : requestLayout() improperly called by helium314.keyboard.latin.panels.BrowserPanelView{4218d67 V.E...... ......I. 0,0-1440,2040} during layout: running second layout pass
06-02 23:40:07.533 25561 25561 W View    : requestLayout() improperly called by helium314.keyboard.latin.panels.BrowserPanelView{4218d67 V.E...... ........ 0,0-1440,2040} during second layout pass: posting in next frame
06-02 23:40:07.542 25561 25561 W View    : requestLayout() improperly called by helium314.keyboard.latin.panels.BrowserPanelView{4218d67 V.E...... ......I. 0,0-1440,2040} during layout: running second layout pass
06-02 23:40:07.546 25561 25561 W View    : requestLayout() improperly called by helium314.keyboard.latin.panels.BrowserPanelView{4218d67 V.E...... ........ 0,0-1440,2040} during second layout pass: posting in next frame
06-02 23:40:07.561 25561 25561 W View    : requestLayout() improperly called by helium314.keyboard.latin.panels.BrowserPanelView{4218d67 V.E...... ......I. 0,0-1440,2040} during layout: running second layout pass
06-02 23:40:07.565 25561 25561 W View    : requestLayout() improperly called by helium314.keyboard.latin.panels.BrowserPanelView{4218d67 V.E...... ........ 0,0-1440,2040} during second layout pass: posting in next frame
06-02 23:40:07.576 25561 25561 W View    : requestLayout() improperly called by helium314.keyboard.latin.panels.BrowserPanelView{4218d67 V.E...... ......I. 0,0-1440,2040} during layout: running second layout pass
06-02 23:40:07.579 25561 25561 W View    : requestLayout() improperly called by helium314.keyboard.latin.panels.BrowserPanelView{4218d67 V.E...... ........ 0,0-1440,2040} during second layout pass: posting in next frame
06-02 23:40:07.592 25561 25561 W View    : requestLayout() improperly called by helium314.keyboard.latin.panels.BrowserPanelView{4218d67 V.E...... ......I. 0,0-1440,2040} during layout: running second layout pass
06-02 23:40:07.596 25561 25561 W View    : requestLayout() improperly called by helium314.keyboard.latin.panels.BrowserPanelView{4218d67 V.E...... ........ 0,0-1440,2040} during second layout pass: posting in next frame
06-02 23:40:07.609 25561 25561 W View    : requestLayout() improperly called by helium314.keyboard.latin.panels.BrowserPanelView{4218d67 V.E...... ......I. 0,0-1440,2040} during layout: running second layout pass
06-02 23:40:07.613 25561 25561 W View    : requestLayout() improperly called by helium314.keyboard.latin.panels.BrowserPanelView{4218d67 V.E...... ........ 0,0-1440,2040} during second layout pass: posting in next frame
06-02 23:40:07.627 25561 25561 W View    : requestLayout() improperly called by helium314.keyboard.latin.panels.BrowserPanelView{4218d67 V.E...... ......I. 0,0-1440,2040} during layout: running second layout pass
06-02 23:40:07.630 25561 25561 W View    : requestLayout() improperly called by helium314.keyboard.latin.panels.BrowserPanelView{4218d67 V.E...... ........ 0,0-1440,2040} during second layout pass: posting in next frame
06-02 23:40:07.643 25561 25561 W View    : requestLayout() improperly called by helium314.keyboard.latin.panels.BrowserPanelView{4218d67 V.E...... ......I. 0,0-1440,2040} during layout: running second layout pass
06-02 23:40:07.645 25561 25561 W View    : requestLayout() improperly called by helium314.keyboard.latin.panels.BrowserPanelView{4218d67 V.E...... ........ 0,0-1440,2040} during second layout pass: posting in next frame
06-02 23:40:07.660 25561 25561 W View    : requestLayout() improperly called by helium314.keyboard.latin.panels.BrowserPanelView{4218d67 V.E...... ......I. 0,0-1440,2040} during layout: running second layout pass
06-02 23:40:07.663 25561 25561 W View    : requestLayout() improperly called by helium314.keyboard.latin.panels.BrowserPanelView{4218d67 V.E...... ........ 0,0-1440,2040} during second layout pass: posting in next frame
06-02 23:40:07.676 25561 25561 W View    : requestLayout() improperly called by helium314.keyboard.latin.panels.BrowserPanelView{4218d67 V.E...... ......I. 0,0-1440,2040} during layout: running second layout pass
06-02 23:40:07.679 25561 25561 W View    : requestLayout() improperly called by helium314.keyboard.latin.panels.BrowserPanelView{4218d67 V.E...... ........ 0,0-1440,2040} during second layout pass: posting in next frame
06-02 23:40:07.692 25561 25561 W View    : requestLayout() improperly called by helium314.keyboard.latin.panels.BrowserPanelView{4218d67 V.E...... ......I. 0,0-1440,2040} during layout: running second layout pass
06-02 23:40:07.695 25561 25561 W View    : requestLayout() improperly called by helium314.keyboard.latin.panels.BrowserPanelView{4218d67 V.E...... ........ 0,0-1440,2040} during second layout pass: posting in next frame
06-02 23:40:07.709 25561 25561 W View    : requestLayout() improperly called by helium314.keyboard.latin.panels.BrowserPanelView{4218d67 V.E...... ......I. 0,0-1440,2040} during layout: running second layout pass
06-02 23:40:07.712 25561 25561 W View    : requestLayout() improperly called by helium314.keyboard.latin.panels.BrowserPanelView{4218d67 V.E...... ........ 0,0-1440,2040} during second layout pass: posting in next frame
06-02 23:40:07.727 25561 25561 W View    : requestLayout() improperly called by helium314.keyboard.latin.panels.BrowserPanelView{4218d67 V.E...... ......I. 0,0-1440,2040} during layout: running second layout pass
06-02 23:40:07.732 25561 25561 W View    : requestLayout() improperly called by helium314.keyboard.latin.panels.BrowserPanelView{4218d67 V.E...... ........ 0,0-1440,2040} during second layout pass: posting in next frame
06-02 23:40:07.743 25561 25561 W View    : requestLayout() improperly called by helium314.keyboard.latin.panels.BrowserPanelView{4218d67 V.E...... ......I. 0,0-1440,2040} during layout: running second layout pass
06-02 23:40:07.746 25561 25561 W View    : requestLayout() improperly called by helium314.keyboard.latin.panels.BrowserPanelView{4218d67 V.E...... ........ 0,0-1440,2040} during second layout pass: posting in next frame
06-02 23:40:07.760 25561 25561 W View    : requestLayout() improperly called by helium314.keyboard.latin.panels.BrowserPanelView{4218d67 V.E...... ......ID 0,0-1440,2040} during layout: running second layout pass
06-02 23:40:07.765 25561 25561 W View    : requestLayout() improperly called by helium314.keyboard.latin.panels.BrowserPanelView{4218d67 V.E...... ........ 0,0-1440,2040} during second layout pass: posting in next frame
06-02 23:40:07.778 25561 25561 W View    : requestLayout() improperly called by helium314.keyboard.latin.panels.BrowserPanelView{4218d67 V.E...... ......I. 0,0-1440,2040} during layout: running second layout pass
06-02 23:40:07.783 25561 25561 W View    : requestLayout() improperly called by helium314.keyboard.latin.panels.BrowserPanelView{4218d67 V.E...... ........ 0,0-1440,2040} during second layout pass: posting in next frame
06-02 23:40:07.794 25561 25561 W View    : requestLayout() improperly called by helium314.keyboard.latin.panels.BrowserPanelView{4218d67 V.E...... ......I. 0,0-1440,2040} during layout: running second layout pass
06-02 23:40:07.799 25561 25561 W View    : requestLayout() improperly called by helium314.keyboard.latin.panels.BrowserPanelView{4218d67 V.E...... ........ 0,0-1440,2040} during second layout pass: posting in next frame
06-02 23:40:07.810 25561 25561 W View    : requestLayout() improperly called by helium314.keyboard.latin.panels.BrowserPanelView{4218d67 V.E...... ......I. 0,0-1440,2040} during layout: running second layout pass
06-02 23:40:07.813 25561 25561 W View    : requestLayout() improperly called by helium314.keyboard.latin.panels.BrowserPanelView{4218d67 V.E...... ........ 0,0-1440,2040} during second layout pass: posting in next frame
06-02 23:40:07.816 27206 27206 E .keyboard:tab2: Unknown bits set in runtime_flags: 0x40000000
06-02 23:40:07.827 25561 25561 W View    : requestLayout() improperly called by helium314.keyboard.latin.panels.BrowserPanelView{4218d67 V.E...... ......I. 0,0-1440,2040} during layout: running second layout pass
06-02 23:40:07.830 25561 25561 W View    : requestLayout() improperly called by helium314.keyboard.latin.panels.BrowserPanelView{4218d67 V.E...... ........ 0,0-1440,2040} during second layout pass: posting in next frame
06-02 23:40:07.843 25561 25561 W View    : requestLayout() improperly called by helium314.keyboard.latin.panels.BrowserPanelView{4218d67 V.E...... ......I. 0,0-1440,2040} during layout: running second layout pass
06-02 23:40:07.846 25561 25561 W View    : requestLayout() improperly called by helium314.keyboard.latin.panels.BrowserPanelView{4218d67 V.E...... ........ 0,0-1440,2040} during second layout pass: posting in next frame
06-02 23:40:07.860 25561 25561 W View    : requestLayout() improperly called by helium314.keyboard.latin.panels.BrowserPanelView{4218d67 V.E...... ......I. 0,0-1440,2040} during layout: running second layout pass
06-02 23:40:07.863 25561 25561 W View    : requestLayout() improperly called by helium314.keyboard.latin.panels.BrowserPanelView{4218d67 V.E...... ........ 0,0-1440,2040} during second layout pass: posting in next frame
06-02 23:40:07.874 27206 27224 E GeckoLibLoad: Load sqlite start
06-02 23:40:07.876 25561 25561 W View    : requestLayout() improperly called by helium314.keyboard.latin.panels.BrowserPanelView{4218d67 V.E...... ......I. 0,0-1440,2040} during layout: running second layout pass
06-02 23:40:07.877 27206 27224 E GeckoLibLoad: Load sqlite done
06-02 23:40:07.877 27206 27224 E GeckoLibLoad: Load nss start
06-02 23:40:07.877 27206 27224 E GeckoLibLoad: Load nss done
06-02 23:40:07.880 25561 25561 W View    : requestLayout() improperly called by helium314.keyboard.latin.panels.BrowserPanelView{4218d67 V.E...... ......ID 0,0-1440,2040} during second layout pass: posting in next frame
06-02 23:40:07.899 27206 27224 E GeckoLibLoad: Loaded libs in 21.713229ms total, 15ms(21ms) user, 0ms(0ms) system, 0(0) faults
06-02 23:40:07.900 27206 27224 W GeckoThread: zerdatime 134850761 - runGecko
06-02 23:40:07.904 25561 25677 E BLASTBufferQueue: BLASTBufferItemConsumer::onDisconnect()
06-02 23:40:07.906 25561 25561 W View    : requestLayout() improperly called by helium314.keyboard.latin.panels.BrowserPanelView{4218d67 V.E...... ......ID 0,0-1440,2040} during layout: running second layout pass
06-02 23:40:07.910 25561 25561 W View    : requestLayout() improperly called by helium314.keyboard.latin.panels.BrowserPanelView{4218d67 V.E...... ......ID 0,0-1440,2040} during second layout pass: posting in next frame
06-02 23:40:07.913 25561 25561 W View    : requestLayout() improperly called by helium314.keyboard.latin.panels.BrowserPanelView{4218d67 V.E...... ......ID 0,0-1440,2040} during layout: running second layout pass
06-02 23:40:07.917 25561 25561 W View    : requestLayout() improperly called by helium314.keyboard.latin.panels.BrowserPanelView{4218d67 V.E...... ........ 0,0-1440,2040} during second layout pass: posting in next frame
06-02 23:40:07.929 25561 25561 W View    : requestLayout() improperly called by helium314.keyboard.latin.panels.BrowserPanelView{4218d67 V.E...... ......I. 0,0-1440,2040} during layout: running second layout pass
06-02 23:40:07.932 25561 25561 W View    : requestLayout() improperly called by helium314.keyboard.latin.panels.BrowserPanelView{4218d67 V.E...... ........ 0,0-1440,2040} during second layout pass: posting in next frame
06-02 23:40:07.944 25561 25561 W View    : requestLayout() improperly called by helium314.keyboard.latin.panels.BrowserPanelView{4218d67 V.E...... ......I. 0,0-1440,2040} during layout: running second layout pass
06-02 23:40:07.948 25561 25561 W View    : requestLayout() improperly called by helium314.keyboard.latin.panels.BrowserPanelView{4218d67 V.E...... ........ 0,0-1440,2040} during second layout pass: posting in next frame
06-02 23:40:07.960 25561 25561 W View    : requestLayout() improperly called by helium314.keyboard.latin.panels.BrowserPanelView{4218d67 V.E...... ......I. 0,0-1440,2040} during layout: running second layout pass
06-02 23:40:07.966 25561 25561 W View    : requestLayout() improperly called by helium314.keyboard.latin.panels.BrowserPanelView{4218d67 V.E...... ........ 0,0-1440,2040} during second layout pass: posting in next frame
06-02 23:40:07.977 25561 25561 W View    : requestLayout() improperly called by helium314.keyboard.latin.panels.BrowserPanelView{4218d67 V.E...... ......I. 0,0-1440,2040} during layout: running second layout pass
06-02 23:40:07.980 25561 25561 W View    : requestLayout() improperly called by helium314.keyboard.latin.panels.BrowserPanelView{4218d67 V.E...... ........ 0,0-1440,2040} during second layout pass: posting in next frame
06-02 23:40:07.993 25561 25561 W View    : requestLayout() improperly called by helium314.keyboard.latin.panels.BrowserPanelView{4218d67 V.E...... ......I. 0,0-1440,2040} during layout: running second layout pass
06-02 23:40:07.997 25561 25561 W View    : requestLayout() improperly called by helium314.keyboard.latin.panels.BrowserPanelView{4218d67 V.E...... ........ 0,0-1440,2040} during second layout pass: posting in next frame
06-02 23:40:08.010 25561 25561 W View    : requestLayout() improperly called by helium314.keyboard.latin.panels.BrowserPanelView{4218d67 V.E...... ......I. 0,0-1440,2040} during layout: running second layout pass
06-02 23:40:08.014 25561 25561 W View    : requestLayout() improperly called by helium314.keyboard.latin.panels.BrowserPanelView{4218d67 V.E...... ........ 0,0-1440,2040} during second layout pass: posting in next frame
06-02 23:40:08.029 25561 25561 W View    : requestLayout() improperly called by helium314.keyboard.latin.panels.BrowserPanelView{4218d67 V.E...... ......I. 0,0-1440,2040} during layout: running second layout pass
06-02 23:40:08.033 25561 25561 W View    : requestLayout() improperly called by helium314.keyboard.latin.panels.BrowserPanelView{4218d67 V.E...... ........ 0,0-1440,2040} during second layout pass: posting in next frame
06-02 23:40:08.044 25561 25561 W View    : requestLayout() improperly called by helium314.keyboard.latin.panels.BrowserPanelView{4218d67 V.E...... ......I. 0,0-1440,2040} during layout: running second layout pass
06-02 23:40:08.049 25561 25561 W View    : requestLayout() improperly called by helium314.keyboard.latin.panels.BrowserPanelView{4218d67 V.E...... ........ 0,0-1440,2040} during second layout pass: posting in next frame
06-02 23:40:08.061 25561 25561 W View    : requestLayout() improperly called by helium314.keyboard.latin.panels.BrowserPanelView{4218d67 V.E...... ......I. 0,0-1440,2040} during layout: running second layout pass
06-02 23:40:08.065 25561 25561 W View    : requestLayout() improperly called by helium314.keyboard.latin.panels.BrowserPanelView{4218d67 V.E...... ........ 0,0-1440,2040} during second layout pass: posting in next frame
06-02 23:40:08.077 25561 25561 W View    : requestLayout() improperly called by helium314.keyboard.latin.panels.BrowserPanelView{4218d67 V.E...... ......I. 0,0-1440,2040} during layout: running second layout pass
06-02 23:40:08.080 25561 25561 W View    : requestLayout() improperly called by helium314.keyboard.latin.panels.BrowserPanelView{4218d67 V.E...... ........ 0,0-1440,2040} during second layout pass: posting in next frame
06-02 23:40:08.094 25561 25561 W View    : requestLayout() improperly called by helium314.keyboard.latin.panels.BrowserPanelView{4218d67 V.E...... ......I. 0,0-1440,2040} during layout: running second layout pass
06-02 23:40:08.097 25561 25561 W View    : requestLayout() improperly called by helium314.keyboard.latin.panels.BrowserPanelView{4218d67 V.E...... ........ 0,0-1440,2040} during second layout pass: posting in next frame
06-02 23:40:08.110 25561 25561 W View    : requestLayout() improperly called by helium314.keyboard.latin.panels.BrowserPanelView{4218d67 V.E...... ......I. 0,0-1440,2040} during layout: running second layout pass
06-02 23:40:08.114 25561 25561 W View    : requestLayout() improperly called by helium314.keyboard.latin.panels.BrowserPanelView{4218d67 V.E...... ........ 0,0-1440,2040} during second layout pass: posting in next frame
06-02 23:40:08.128 25561 25561 W View    : requestLayout() improperly called by helium314.keyboard.latin.panels.BrowserPanelView{4218d67 V.E...... ......I. 0,0-1440,2040} during layout: running second layout pass
06-02 23:40:08.131 25561 25561 W View    : requestLayout() improperly called by helium314.keyboard.latin.panels.BrowserPanelView{4218d67 V.E...... ........ 0,0-1440,2040} during second layout pass: posting in next frame
06-02 23:40:08.145 25561 25561 W View    : requestLayout() improperly called by helium314.keyboard.latin.panels.BrowserPanelView{4218d67 V.E...... ......I. 0,0-1440,2040} during layout: running second layout pass
06-02 23:40:08.148 25561 25561 W View    : requestLayout() improperly called by helium314.keyboard.latin.panels.BrowserPanelView{4218d67 V.E...... ........ 0,0-1440,2040} during second layout pass: posting in next frame
06-02 23:40:08.160 25561 25561 W View    : requestLayout() improperly called by helium314.keyboard.latin.panels.BrowserPanelView{4218d67 V.E...... ......I. 0,0-1440,2040} during layout: running second layout pass
06-02 23:40:08.167 25561 25561 W View    : requestLayout() improperly called by helium314.keyboard.latin.panels.BrowserPanelView{4218d67 V.E...... ........ 0,0-1440,2040} during second layout pass: posting in next frame
06-02 23:40:08.177 25561 25561 W View    : requestLayout() improperly called by helium314.keyboard.latin.panels.BrowserPanelView{4218d67 V.E...... ......I. 0,0-1440,2040} during layout: running second layout pass
06-02 23:40:08.180 25561 25561 W View    : requestLayout() improperly called by helium314.keyboard.latin.panels.BrowserPanelView{4218d67 V.E...... ........ 0,0-1440,2040} during second layout pass: posting in next frame
06-02 23:40:08.194 25561 25561 W View    : requestLayout() improperly called by helium314.keyboard.latin.panels.BrowserPanelView{4218d67 V.E...... ......I. 0,0-1440,2040} during layout: running second layout pass
06-02 23:40:08.197 25561 25561 W View    : requestLayout() improperly called by helium314.keyboard.latin.panels.BrowserPanelView{4218d67 V.E...... ........ 0,0-1440,2040} during second layout pass: posting in next frame
06-02 23:40:08.211 25561 25561 W View    : requestLayout() improperly called by helium314.keyboard.latin.panels.BrowserPanelView{4218d67 V.E...... ......I. 0,0-1440,2040} during layout: running second layout pass
06-02 23:40:08.214 25561 25561 W View    : requestLayout() improperly called by helium314.keyboard.latin.panels.BrowserPanelView{4218d67 V.E...... ........ 0,0-1440,2040} during second layout pass: posting in next frame
06-02 23:40:08.228 25561 25561 W View    : requestLayout() improperly called by helium314.keyboard.latin.panels.BrowserPanelView{4218d67 V.E...... ......I. 0,0-1440,2040} during layout: running second layout pass
06-02 23:40:08.232 25561 25561 W View    : requestLayout() improperly called by helium314.keyboard.latin.panels.BrowserPanelView{4218d67 V.E...... ........ 0,0-1440,2040} during second layout pass: posting in next frame
06-02 23:40:08.245 25561 25561 W View    : requestLayout() improperly called by helium314.keyboard.latin.panels.BrowserPanelView{4218d67 V.E...... ......I. 0,0-1440,2040} during layout: running second layout pass
06-02 23:40:08.250 25561 25561 W View    : requestLayout() improperly called by helium314.keyboard.latin.panels.BrowserPanelView{4218d67 V.E...... ........ 0,0-1440,2040} during second layout pass: posting in next frame
06-02 23:40:08.262 25561 25561 W View    : requestLayout() improperly called by helium314.keyboard.latin.panels.BrowserPanelView{4218d67 V.E...... ......ID 0,0-1440,2040} during layout: running second layout pass
06-02 23:40:08.267 25561 25561 W View    : requestLayout() improperly called by helium314.keyboard.latin.panels.BrowserPanelView{4218d67 V.E...... ........ 0,0-1440,2040} during second layout pass: posting in next frame
06-02 23:40:08.278 25561 25561 W View    : requestLayout() improperly called by helium314.keyboard.latin.panels.BrowserPanelView{4218d67 V.E...... ......I. 0,0-1440,2040} during layout: running second layout pass
06-02 23:40:08.281 25561 25561 W View    : requestLayout() improperly called by helium314.keyboard.latin.panels.BrowserPanelView{4218d67 V.E...... ........ 0,0-1440,2040} during second layout pass: posting in next frame
06-02 23:40:08.295 25561 25561 W View    : requestLayout() improperly called by helium314.keyboard.latin.panels.BrowserPanelView{4218d67 V.E...... ......I. 0,0-1440,2040} during layout: running second layout pass
06-02 23:40:08.298 25561 25561 W View    : requestLayout() improperly called by helium314.keyboard.latin.panels.BrowserPanelView{4218d67 V.E...... ........ 0,0-1440,2040} during second layout pass: posting in next frame
06-02 23:40:08.312 25561 25561 W View    : requestLayout() improperly called by helium314.keyboard.latin.panels.BrowserPanelView{4218d67 V.E...... ......I. 0,0-1440,2040} during layout: running second layout pass
06-02 23:40:08.315 25561 25561 W View    : requestLayout() improperly called by helium314.keyboard.latin.panels.BrowserPanelView{4218d67 V.E...... ........ 0,0-1440,2040} during second layout pass: posting in next frame
06-02 23:40:08.328 25561 25561 W View    : requestLayout() improperly called by helium314.keyboard.latin.panels.BrowserPanelView{4218d67 V.E...... ......I. 0,0-1440,2040} during layout: running second layout pass
06-02 23:40:08.333 25561 25561 W View    : requestLayout() improperly called by helium314.keyboard.latin.panels.BrowserPanelView{4218d67 V.E...... ........ 0,0-1440,2040} during second layout pass: posting in next frame
06-02 23:40:08.345 25561 25561 W View    : requestLayout() improperly called by helium314.keyboard.latin.panels.BrowserPanelView{4218d67 V.E...... ......I. 0,0-1440,2040} during layout: running second layout pass
06-02 23:40:08.350 25561 25561 W View    : requestLayout() improperly called by helium314.keyboard.latin.panels.BrowserPanelView{4218d67 V.E...... ........ 0,0-1440,2040} during second layout pass: posting in next frame
06-02 23:40:08.362 25561 25561 W View    : requestLayout() improperly called by helium314.keyboard.latin.panels.BrowserPanelView{4218d67 V.E...... ......I. 0,0-1440,2040} during layout: running second layout pass
06-02 23:40:08.368 25561 25561 W View    : requestLayout() improperly called by helium314.keyboard.latin.panels.BrowserPanelView{4218d67 V.E...... ........ 0,0-1440,2040} during second layout pass: posting in next frame
06-02 23:40:08.378 25561 25561 W View    : requestLayout() improperly called by helium314.keyboard.latin.panels.BrowserPanelView{4218d67 V.E...... ......I. 0,0-1440,2040} during layout: running second layout pass
06-02 23:40:08.382 25561 25561 W View    : requestLayout() improperly called by helium314.keyboard.latin.panels.BrowserPanelView{4218d67 V.E...... ........ 0,0-1440,2040} during second layout pass: posting in next frame
06-02 23:40:08.395 25561 25561 W View    : requestLayout() improperly called by helium314.keyboard.latin.panels.BrowserPanelView{4218d67 V.E...... ......I. 0,0-1440,2040} during layout: running second layout pass
06-02 23:40:08.398 25561 25561 W View    : requestLayout() improperly called by helium314.keyboard.latin.panels.BrowserPanelView{4218d67 V.E...... ........ 0,0-1440,2040} during second layout pass: posting in next frame
06-02 23:40:08.411 25561 25561 W View    : requestLayout() improperly called by helium314.keyboard.latin.panels.BrowserPanelView{4218d67 V.E...... ......I. 0,0-1440,2040} during layout: running second layout pass
06-02 23:40:08.414 25561 25561 W View    : requestLayout() improperly called by helium314.keyboard.latin.panels.BrowserPanelView{4218d67 V.E...... ........ 0,0-1440,2040} during second layout pass: posting in next frame
06-02 23:40:08.430 25561 25561 W View    : requestLayout() improperly called by helium314.keyboard.latin.panels.BrowserPanelView{4218d67 V.E...... ......I. 0,0-1440,2040} during layout: running second layout pass
06-02 23:40:08.433 25561 25561 W View    : requestLayout() improperly called by helium314.keyboard.latin.panels.BrowserPanelView{4218d67 V.E...... ........ 0,0-1440,2040} during second layout pass: posting in next frame
06-02 23:40:08.446 25561 25561 W View    : requestLayout() improperly called by helium314.keyboard.latin.panels.BrowserPanelView{4218d67 V.E...... ......I. 0,0-1440,2040} during layout: running second layout pass
06-02 23:40:08.449 25561 25561 W View    : requestLayout() improperly called by helium314.keyboard.latin.panels.BrowserPanelView{4218d67 V.E...... ........ 0,0-1440,2040} during second layout pass: posting in next frame
06-02 23:40:08.453 27077 27098 W Isolated Web Content: [JavaScript Warning: "Ignoring unsupported entryTypes: element." {file: "https://copilot.microsoft.com/static/cmc/assets/entry-ssr-hXJYHxIX.js" line: 17}]
06-02 23:40:08.462 25561 25561 W View    : requestLayout() improperly called by helium314.keyboard.latin.panels.BrowserPanelView{4218d67 V.E...... ......I. 0,0-1440,2040} during layout: running second layout pass
06-02 23:40:08.465 25561 25561 W View    : requestLayout() improperly called by helium314.keyboard.latin.panels.BrowserPanelView{4218d67 V.E...... ........ 0,0-1440,2040} during second layout pass: posting in next frame
06-02 23:40:08.480 25561 25561 W View    : requestLayout() improperly called by helium314.keyboard.latin.panels.BrowserPanelView{4218d67 V.E...... ......I. 0,0-1440,2040} during layout: running second layout pass
06-02 23:40:08.482 25561 25561 W View    : requestLayout() improperly called by helium314.keyboard.latin.panels.BrowserPanelView{4218d67 V.E...... ........ 0,0-1440,2040} during second layout pass: posting in next frame
06-02 23:40:08.497 25561 25561 W View    : requestLayout() improperly called by helium314.keyboard.latin.panels.BrowserPanelView{4218d67 V.E...... ......I. 0,0-1440,2040} during layout: running second layout pass
06-02 23:40:08.499 25561 25561 W View    : requestLayout() improperly called by helium314.keyboard.latin.panels.BrowserPanelView{4218d67 V.E...... ........ 0,0-1440,2040} during second layout pass: posting in next frame
06-02 23:40:08.513 25561 25561 W View    : requestLayout() improperly called by helium314.keyboard.latin.panels.BrowserPanelView{4218d67 V.E...... ......I. 0,0-1440,2040} during layout: running second layout pass
06-02 23:40:08.516 25561 25561 W View    : requestLayout() improperly called by helium314.keyboard.latin.panels.BrowserPanelView{4218d67 V.E...... ........ 0,0-1440,2040} during second layout pass: posting in next frame
06-02 23:40:08.521 27077 27098 W Isolated Web Content: [JavaScript Warning: "Feature Policy: Skipping unsupported feature name “local-network-access”." {file: "https://copilot.microsoft.com/static/cmc/assets/msal-VnAeArRt.js" line: 8}]
06-02 23:40:08.521 27077 27098 W Isolated Web Content: [JavaScript Warning: "Feature Policy: Skipping unsupported feature name “local-network-access”." {file: "https://copilot.microsoft.com/static/cmc/assets/msal-VnAeArRt.js" line: 8}]
06-02 23:40:08.524 27077 27098 W Isolated Web Content: [JavaScript Warning: "Feature Policy: Skipping unsupported feature name “local-network-access”." {file: "https://copilot.microsoft.com/static/cmc/assets/msal-VnAeArRt.js" line: 8}]
06-02 23:40:08.528 25561 25561 W View    : requestLayout() improperly called by helium314.keyboard.latin.panels.BrowserPanelView{4218d67 V.E...... ......I. 0,0-1440,2040} during layout: running second layout pass
06-02 23:40:08.531 25561 25561 W View    : requestLayout() improperly called by helium314.keyboard.latin.panels.BrowserPanelView{4218d67 V.E...... ........ 0,0-1440,2040} during second layout pass: posting in next frame
06-02 23:40:08.545 25561 25561 W View    : requestLayout() improperly called by helium314.keyboard.latin.panels.BrowserPanelView{4218d67 V.E...... ......I. 0,0-1440,2040} during layout: running second layout pass
06-02 23:40:08.548 25561 25561 W View    : requestLayout() improperly called by helium314.keyboard.latin.panels.BrowserPanelView{4218d67 V.E...... ........ 0,0-1440,2040} during second layout pass: posting in next frame
06-02 23:40:08.562 25561 25561 W View    : requestLayout() improperly called by helium314.keyboard.latin.panels.BrowserPanelView{4218d67 V.E...... ......I. 0,0-1440,2040} during layout: running second layout pass
06-02 23:40:08.564 25561 25561 W View    : requestLayout() improperly called by helium314.keyboard.latin.panels.BrowserPanelView{4218d67 V.E...... ........ 0,0-1440,2040} during second layout pass: posting in next frame
06-02 23:40:08.580 25561 25561 W View    : requestLayout() improperly called by helium314.keyboard.latin.panels.BrowserPanelView{4218d67 V.E...... ......I. 0,0-1440,2040} during layout: running second layout pass
06-02 23:40:08.583 25561 25561 W View    : requestLayout() improperly called by helium314.keyboard.latin.panels.BrowserPanelView{4218d67 V.E...... ........ 0,0-1440,2040} during second layout pass: posting in next frame
06-02 23:40:08.595 25561 25561 W View    : requestLayout() improperly called by helium314.keyboard.latin.panels.BrowserPanelView{4218d67 V.E...... ......I. 0,0-1440,2040} during layout: running second layout pass
06-02 23:40:08.599 25561 25561 W View    : requestLayout() improperly called by helium314.keyboard.latin.panels.BrowserPanelView{4218d67 V.E...... ........ 0,0-1440,2040} during second layout pass: posting in next frame
06-02 23:40:08.612 25561 25561 W View    : requestLayout() improperly called by helium314.keyboard.latin.panels.BrowserPanelView{4218d67 V.E...... ......I. 0,0-1440,2040} during layout: running second layout pass
06-02 23:40:08.616 25561 25561 W View    : requestLayout() improperly called by helium314.keyboard.latin.panels.BrowserPanelView{4218d67 V.E...... ........ 0,0-1440,2040} during second layout pass: posting in next frame
06-02 23:40:08.629 25561 25561 W View    : requestLayout() improperly called by helium314.keyboard.latin.panels.BrowserPanelView{4218d67 V.E...... ......I. 0,0-1440,2040} during layout: running second layout pass
06-02 23:40:08.633 25561 25561 W View    : requestLayout() improperly called by helium314.keyboard.latin.panels.BrowserPanelView{4218d67 V.E...... ........ 0,0-1440,2040} during second layout pass: posting in next frame
06-02 23:40:08.645 25561 25561 W View    : requestLayout() improperly called by helium314.keyboard.latin.panels.BrowserPanelView{4218d67 V.E...... ......I. 0,0-1440,2040} during layout: running second layout pass
06-02 23:40:08.649 25561 25561 W View    : requestLayout() improperly called by helium314.keyboard.latin.panels.BrowserPanelView{4218d67 V.E...... ........ 0,0-1440,2040} during second layout pass: posting in next frame
06-02 23:40:08.662 25561 25561 W View    : requestLayout() improperly called by helium314.keyboard.latin.panels.BrowserPanelView{4218d67 V.E...... ......I. 0,0-1440,2040} during layout: running second layout pass
06-02 23:40:08.665 25561 25561 W View    : requestLayout() improperly called by helium314.keyboard.latin.panels.BrowserPanelView{4218d67 V.E...... ........ 0,0-1440,2040} during second layout pass: posting in next frame
06-02 23:40:08.679 25561 25561 W View    : requestLayout() improperly called by helium314.keyboard.latin.panels.BrowserPanelView{4218d67 V.E...... ......I. 0,0-1440,2040} during layout: running second layout pass
06-02 23:40:08.682 25561 25561 W View    : requestLayout() improperly called by helium314.keyboard.latin.panels.BrowserPanelView{4218d67 V.E...... ........ 0,0-1440,2040} during second layout pass: posting in next frame
06-02 23:40:08.696 25561 25561 W View    : requestLayout() improperly called by helium314.keyboard.latin.panels.BrowserPanelView{4218d67 V.E...... ......I. 0,0-1440,2040} during layout: running second layout pass
06-02 23:40:08.698 25561 25561 W View    : requestLayout() improperly called by helium314.keyboard.latin.panels.BrowserPanelView{4218d67 V.E...... ........ 0,0-1440,2040} during second layout pass: posting in next frame
06-02 23:40:08.712 25561 25561 W View    : requestLayout() improperly called by helium314.keyboard.latin.panels.BrowserPanelView{4218d67 V.E...... ......I. 0,0-1440,2040} during layout: running second layout pass
06-02 23:40:08.715 25561 25561 W View    : requestLayout() improperly called by helium314.keyboard.latin.panels.BrowserPanelView{4218d67 V.E...... ........ 0,0-1440,2040} during second layout pass: posting in next frame
06-02 23:40:08.729 25561 25561 W View    : requestLayout() improperly called by helium314.keyboard.latin.panels.BrowserPanelView{4218d67 V.E...... ......I. 0,0-1440,2040} during layout: running second layout pass
06-02 23:40:08.733 25561 25561 W View    : requestLayout() improperly called by helium314.keyboard.latin.panels.BrowserPanelView{4218d67 V.E...... ........ 0,0-1440,2040} during second layout pass: posting in next frame
06-02 23:40:08.746 25561 25561 W View    : requestLayout() improperly called by helium314.keyboard.latin.panels.BrowserPanelView{4218d67 V.E...... ......I. 0,0-1440,2040} during layout: running second layout pass
06-02 23:40:08.749 25561 25561 W View    : requestLayout() improperly called by helium314.keyboard.latin.panels.BrowserPanelView{4218d67 V.E...... ........ 0,0-1440,2040} during second layout pass: posting in next frame
06-02 23:40:08.765 25561 25561 W View    : requestLayout() improperly called by helium314.keyboard.latin.panels.BrowserPanelView{4218d67 V.E...... ......I. 0,0-1440,2040} during layout: running second layout pass
06-02 23:40:08.768 25561 25561 W View    : requestLayout() improperly called by helium314.keyboard.latin.panels.BrowserPanelView{4218d67 V.E...... .......D 0,0-1440,2040} during second layout pass: posting in next frame
06-02 23:40:08.779 25561 25561 W View    : requestLayout() improperly called by helium314.keyboard.latin.panels.BrowserPanelView{4218d67 V.E...... ......ID 0,0-1440,2040} during layout: running second layout pass
06-02 23:40:08.783 25561 25561 W View    : requestLayout() improperly called by helium314.keyboard.latin.panels.BrowserPanelView{4218d67 V.E...... ........ 0,0-1440,2040} during second layout pass: posting in next frame
06-02 23:40:08.796 25561 25561 W View    : requestLayout() improperly called by helium314.keyboard.latin.panels.BrowserPanelView{4218d67 V.E...... ......I. 0,0-1440,2040} during layout: running second layout pass
06-02 23:40:08.799 25561 25561 W View    : requestLayout() improperly called by helium314.keyboard.latin.panels.BrowserPanelView{4218d67 V.E...... ........ 0,0-1440,2040} during second layout pass: posting in next frame
06-02 23:40:08.782 25561 25561 W com.vibekey.keyboard: type=1400 audit(0.0:72189): avc: denied { nlmsg_readpriv } for comm=536F636B657420546872656164 scontext=u:r:untrusted_app:s0:c63,c271,c512,c768 tcontext=u:r:untrusted_app:s0:c63,c271,c512,c768 tclass=netlink_route_socket permissive=0 bug=b/155595000 app=com.vibekey.keyboard
06-02 23:40:08.808 27077 27098 W Isolated Web Content: [JavaScript Warning: "Cookie “userSidebarOpen_cmc” with the “SameSite” attribute value “Lax” or “Strict” was omitted because of a cross-site redirect." {file: "https://copilot.microsoft.com/auth/silent-callback#error=login_required&error_description=Silent+authentication+was+denied.+The+user+must+first+sign+in+and+if+needed+grant+the+client+application+access+to+the+scope+'140e65af-45d1-4427-bf08-3e7295db6836/ChatAI.ReadWrite+openid+profile+offline_access'.&state=eyJpZCI6IjAxOWU4YjkxLTJlMjMtN2YyYS04NzZjLTdkMmZhM2RkZGMzNCIsIm1ldGEiOnsiaW50ZXJhY3Rpb25UeXBlIjoic2lsZW50In19&clientdata=m%7c0x8004100C%7c0x80041009%7cmicrosoftonline.com%7cnone" line: 0}]
06-02 23:40:08.808 27077 27098 W Isolated Web Content: [JavaScript Warning: "Cookie “__Host-copilot-anon” with the “SameSite” attribute value “Lax” or “Strict” was omitted because of a cross-site redirect." {file: "https://copilot.microsoft.com/auth/silent-callback#error=login_required&error_description=Silent+authentication+was+denied.+The+user+must+first+sign+in+and+if+needed+grant+the+client+application+access+to+the+scope+'140e65af-45d1-4427-bf08-3e7295db6836/ChatAI.ReadWrite+openid+profile+offline_access'.&state=eyJpZCI6IjAxOWU4YjkxLTJlMjMtN2YyYS04NzZjLTdkMmZhM2RkZGMzNCIsIm1ldGEiOnsiaW50ZXJhY3Rpb25UeXBlIjoic2lsZW50In19&clientdata=m%7c0x8004100C%7c0x80041009%7cmicrosoftonline.com%7cnone" line: 0}]
06-02 23:40:08.812 25561 25561 W View    : requestLayout() improperly called by helium314.keyboard.latin.panels.BrowserPanelView{4218d67 V.E...... ......I. 0,0-1440,2040} during layout: running second layout pass
06-02 23:40:08.816 25561 25561 W View    : requestLayout() improperly called by helium314.keyboard.latin.panels.BrowserPanelView{4218d67 V.E...... ........ 0,0-1440,2040} during second layout pass: posting in next frame
06-02 23:40:08.830 25561 25561 W View    : requestLayout() improperly called by helium314.keyboard.latin.panels.BrowserPanelView{4218d67 V.E...... ......I. 0,0-1440,2040} during layout: running second layout pass
06-02 23:40:08.833 25561 25561 W View    : requestLayout() improperly called by helium314.keyboard.latin.panels.BrowserPanelView{4218d67 V.E...... ........ 0,0-1440,2040} during second layout pass: posting in next frame
06-02 23:40:08.847 25561 25561 W View    : requestLayout() improperly called by helium314.keyboard.latin.panels.BrowserPanelView{4218d67 V.E...... ......I. 0,0-1440,2040} during layout: running second layout pass
06-02 23:40:08.851 25561 25561 W View    : requestLayout() improperly called by helium314.keyboard.latin.panels.BrowserPanelView{4218d67 V.E...... ........ 0,0-1440,2040} during second layout pass: posting in next frame
06-02 23:40:08.864 25561 25561 W View    : requestLayout() improperly called by helium314.keyboard.latin.panels.BrowserPanelView{4218d67 V.E...... ......I. 0,0-1440,2040} during layout: running second layout pass
06-02 23:40:08.868 25561 25561 W View    : requestLayout() improperly called by helium314.keyboard.latin.panels.BrowserPanelView{4218d67 V.E...... ........ 0,0-1440,2040} during second layout pass: posting in next frame
06-02 23:40:08.881 25561 25561 W View    : requestLayout() improperly called by helium314.keyboard.latin.panels.BrowserPanelView{4218d67 V.E...... ......I. 0,0-1440,2040} during layout: running second layout pass
06-02 23:40:08.884 25561 25561 W View    : requestLayout() improperly called by helium314.keyboard.latin.panels.BrowserPanelView{4218d67 V.E...... ........ 0,0-1440,2040} during second layout pass: posting in next frame
06-02 23:40:08.896 25561 25561 W View    : requestLayout() improperly called by helium314.keyboard.latin.panels.BrowserPanelView{4218d67 V.E...... ......I. 0,0-1440,2040} during layout: running second layout pass
06-02 23:40:08.899 25561 25561 W View    : requestLayout() improperly called by helium314.keyboard.latin.panels.BrowserPanelView{4218d67 V.E...... ........ 0,0-1440,2040} during second layout pass: posting in next frame
06-02 23:40:08.913 25561 25561 W View    : requestLayout() improperly called by helium314.keyboard.latin.panels.BrowserPanelView{4218d67 V.E...... ......I. 0,0-1440,2040} during layout: running second layout pass
06-02 23:40:08.916 25561 25561 W View    : requestLayout() improperly called by helium314.keyboard.latin.panels.BrowserPanelView{4218d67 V.E...... ........ 0,0-1440,2040} during second layout pass: posting in next frame
06-02 23:40:08.917 27077 27098 W Isolated Web Content: [JavaScript Warning: "An iframe which has both allow-scripts and allow-same-origin for its sandbox attribute can remove its sandboxing." {file: "https://copilot.microsoft.com/" line: 0}]
06-02 23:40:08.929 25561 25561 W View    : requestLayout() improperly called by helium314.keyboard.latin.panels.BrowserPanelView{4218d67 V.E...... ......I. 0,0-1440,2040} during layout: running second layout pass
06-02 23:40:08.933 25561 25561 W View    : requestLayout() improperly called by helium314.keyboard.latin.panels.BrowserPanelView{4218d67 V.E...... ........ 0,0-1440,2040} during second layout pass: posting in next frame
06-02 23:40:08.946 25561 25561 W View    : requestLayout() improperly called by helium314.keyboard.latin.panels.BrowserPanelView{4218d67 V.E...... ......I. 0,0-1440,2040} during layout: running second layout pass
06-02 23:40:08.950 25561 25561 W View    : requestLayout() improperly called by helium314.keyboard.latin.panels.BrowserPanelView{4218d67 V.E...... ........ 0,0-1440,2040} during second layout pass: posting in next frame
06-02 23:40:08.963 25561 25561 W View    : requestLayout() improperly called by helium314.keyboard.latin.panels.BrowserPanelView{4218d67 V.E...... ......I. 0,0-1440,2040} during layout: running second layout pass
