07-22 19:40:02.956 28145 28145 I VkSuggestions: stripUi prediction=false children=5 [len=2|len=2|len=2]
07-22 19:40:02.956 28145 28145 I VkStripPipeline: slotBind composing children=5 [len=2|len=2|len=2]
07-22 19:40:03.080 28145 28460 I VkSuggestions: decode typedLen=3 candidates=18 locales=1 9,3ms
07-22 19:40:03.081 28145 28460 I VkTextCorrection: threshold len=3→len=4 score=0,222 thr=0,140 ✓
07-22 19:40:03.081 28145 28460 I VkAutocorrect: will correct: len=3 → len=9
07-22 19:40:03.081 28145 28460 I VkSuggestions: strip composing typedLen=3 candidates=18 autocorrect=true top=len=3 locale=pt token=198 gen=15
07-22 19:40:03.082 28145 28145 I VkStripPipeline: setSuggestions composing size=18 style=1 token=198 gen=15 typed=len=3
07-22 19:40:03.083 28145 28145 I VkSuggestions: stripUi prediction=false children=5 [len=3|len=9|len=5]
07-22 19:40:03.083 28145 28145 I VkStripPipeline: slotBind composing children=5 [len=3|len=9|len=5]
07-22 19:40:04.039 28145 28460 I VkSuggestions: decode typedLen=4 candidates=18 locales=1 7,8ms
07-22 19:40:04.040 28145 28460 I VkTextCorrection: threshold len=4→len=4 score=1,778 thr=0,140 ✓
07-22 19:40:04.040 28145 28460 I VkSuggestions: strip composing typedLen=4 candidates=18 autocorrect=true top=len=4 locale=pt token=199 gen=15
07-22 19:40:04.040 28145 28145 I VkStripPipeline: setSuggestions composing size=18 style=1 token=199 gen=15 typed=len=4
07-22 19:40:04.041 28145 28145 I VkStripPipeline: sanitize composing rows 18→17
07-22 19:40:04.042 28145 28145 I VkSuggestions: stripUi prediction=false children=5 [len=4|len=4|len=5]
07-22 19:40:04.042 28145 28145 I VkStripPipeline: slotBind composing children=5 [len=4|len=4|len=5]
07-22 19:40:05.592 28145 28145 I VkStripPipeline: langSwitch main=pt-BR token=201 gen=16
07-22 19:40:05.598 28145 28145 I VkStripPipeline: setSuggestions composing size=0 style=0 token=-1 gen=-1
07-22 19:40:05.598 28145 28145 I VkStripPipeline: slotBind composing children=0 []
07-22 19:40:05.598 28145 28145 I VkLanguageSettings: select hi
07-22 19:40:05.608 28145 28145 I VkDictionaries: ✓ open emoji hi
07-22 19:40:05.624 28145 28145 I VkLanguageSettings: cycle dir=-1 → hi
07-22 19:40:05.634 28145 28472 I VkMultilingual: reset main=hi locales=[hi] count=1
07-22 19:40:05.636 28145 28472 I VkDictionaries: ▶ async reload main dicts locales=1
07-22 19:40:05.638 28145 28472 I VkDictionaries: ✓ open emoji hi
07-22 19:40:05.642 28145 28472 I VkDictionaries: ✓ open main hi
07-22 19:40:05.642 28145 28472 I VkDictionaries: collection hi dicts=2 emoji=true
07-22 19:40:06.418 28145 28145 I VkKeyPress: keys pressed=361
07-22 19:40:06.418 28145 28145 I VkStripPipeline: langSwitch main=hi token=204 gen=17
07-22 19:40:06.421 28145 28145 I VkLanguageSettings: select fr
07-22 19:40:06.426 28145 28145 I VkDictionaries: ✓ open emoji fr
07-22 19:40:06.436 28145 28145 I VkLanguageSettings: cycle dir=-1 → fr
07-22 19:40:06.447 28145 28630 I VkMultilingual: reset main=fr locales=[fr] count=1
07-22 19:40:06.448 28145 28630 I VkDictionaries: ▶ async reload main dicts locales=1
07-22 19:40:06.452 28145 28181 I VkDictionaries: ✓ open emoji fr
07-22 19:40:06.454 28145 28181 I VkDictionaries: ✓ open main fr
07-22 19:40:06.454 28145 28181 I VkDictionaries: collection fr dicts=2 emoji=true
07-22 19:40:08.372 28145 28460 I VkNgram : merge locale=fr prev=len=5 preds=8 contextual=0 assets=true
07-22 19:40:08.374 28145 28460 I VkSuggestions: strip prediction typedLen=0 candidates=3 autocorrect=false top=len=2 locale=fr token=206 gen=17
07-22 19:40:08.374 28145 28145 I VkStripPipeline: setSuggestions prediction size=3 style=6 token=206 gen=17
07-22 19:40:08.376 28145 28145 I VkSuggestions: stripUi prediction=true children=5 [len=3|len=2|len=2]
07-22 19:40:08.376 28145 28145 I VkStripPipeline: slotBind prediction children=5 [len=3|len=2|len=2]
07-22 19:40:09.207 28145 28460 I VkNgram : merge locale=fr prev=len=6 preds=8 contextual=0 assets=true
07-22 19:40:09.209 28145 28460 I VkSuggestions: strip prediction typedLen=0 candidates=3 autocorrect=false top=len=2 locale=fr token=207 gen=17
07-22 19:40:09.210 28145 28145 I VkStripPipeline: setSuggestions prediction size=3 style=6 token=207 gen=17
07-22 19:40:09.495 28145 28145 I VkKeyPress: keys pressed=364
07-22 19:40:09.609 28145 28460 I VkNgram : merge locale=fr prev=len=7 preds=8 contextual=0 assets=true
07-22 19:40:09.610 28145 28460 I VkTextCorrection: rerank prediction head len=2→len=2
07-22 19:40:09.612 28145 28460 I VkSuggestions: strip prediction typedLen=0 candidates=3 autocorrect=false top=len=2 locale=fr token=208 gen=17
07-22 19:40:09.613 28145 28145 I VkStripPipeline: setSuggestions prediction size=3 style=6 token=208 gen=17
07-22 19:40:09.615 28145 28145 I VkSuggestions: stripUi prediction=true children=5 [len=2|len=2|len=3]
07-22 19:40:09.615 28145 28145 I VkStripPipeline: slotBind prediction children=5 [len=2|len=2|len=3]
07-22 19:40:11.323 28145 28460 W VibeKeyProfiler: Slow Native Suggest: Total=15.48ms | Init=0.26ms | TrieExpand(x6)=15.16ms | Scoring=0.06ms | inputSize=6
07-22 19:40:11.334 28145 28460 W VibeKeyProfiler: Slow Native Suggest: Total=10.48ms | Init=0.10ms | TrieExpand(x15)=10.36ms | Scoring=0.02ms | inputSize=6
07-22 19:40:11.335 28145 28460 I VkSuggestions: decode typedLen=6 candidates=18 locales=1 27,8ms
07-22 19:40:11.335 28145 28460 W VkSuggestions: slow frame 27,8ms locales=1 typedLen=6 candidates=18
07-22 19:40:11.341 28145 28460 I VkSuggestions: strip composing typedLen=5 candidates=19 autocorrect=false top=len=6 locale=fr token=209 gen=17
07-22 19:40:11.344 28145 28145 I VkStripPipeline: setSuggestions composing size=19 style=1 token=209 gen=17 typed=len=6
07-22 19:40:11.347 28145 28145 I VkSuggestions: stripUi prediction=false children=5 [len=6|len=6|len=6]
07-22 19:40:11.347 28145 28145 I VkStripPipeline: slotBind composing children=5 [len=6|len=6|len=6]
07-22 19:40:11.741 28145 28145 W VkStall : MAIN-THREAD STALL 163ms during: >>>>> Dispatching to Handler (s8.t0) {89a73b0} null: 1
07-22 19:40:11.851 28145 28460 I VkNgram : merge locale=fr prev=len=0 preds=8 contextual=0 assets=true
07-22 19:40:11.852 28145 28460 I VkTextCorrection: rerank prediction head len=2→len=2
07-22 19:40:11.852 28145 28460 I VkSuggestions: strip prediction typedLen=0 candidates=3 autocorrect=false top=len=2 locale=fr token=209 gen=17
07-22 19:40:11.856 28145 28145 I VkStripPipeline: setSuggestions prediction size=3 style=7 token=209 gen=17
07-22 19:40:11.858 28145 28145 I VkSuggestions: stripUi prediction=true children=5 [len=2|len=2|len=3]
07-22 19:40:11.858 28145 28145 I VkStripPipeline: slotBind prediction children=5 [len=2|len=2|len=3]
07-22 19:40:12.422 28145 28460 W VibeKeyProfiler: Slow Native Suggest: Total=14.14ms | Init=0.97ms | TrieExpand(x17)=13.12ms | Scoring=0.05ms | inputSize=1
07-22 19:40:12.433 28145 28460 W VibeKeyProfiler: Slow Native Suggest: Total=10.51ms | Init=0.57ms | TrieExpand(x28)=9.90ms | Scoring=0.03ms | inputSize=1
07-22 19:40:12.433 28145 28460 I VkSuggestions: decode typedLen=1 candidates=18 locales=1 26,9ms
07-22 19:40:12.433 28145 28460 W VkSuggestions: slow frame 26,9ms locales=1 typedLen=1 candidates=18
07-22 19:40:12.435 28145 28460 I VkSuggestions: strip composing typedLen=1 candidates=19 autocorrect=false top=len=1 locale=fr token=210 gen=17
07-22 19:40:12.436 28145 28145 I VkStripPipeline: setSuggestions composing size=19 style=1 token=210 gen=17 typed=len=1
07-22 19:40:12.440 28145 28145 I VkSuggestions: stripUi prediction=false children=5 [len=1|len=3|len=4]
07-22 19:40:12.440 28145 28145 I VkStripPipeline: slotBind composing children=5 [len=1|len=3|len=4]
07-22 19:40:12.603 28145 28460 I VkSuggestions: decode typedLen=2 candidates=18 locales=1 7,6ms
07-22 19:40:12.604 28145 28460 I VkSuggestions: strip composing typedLen=2 candidates=18 autocorrect=false top=len=2 locale=fr token=211 gen=17
07-22 19:40:12.604 28145 28145 I VkStripPipeline: setSuggestions composing size=18 style=1 token=211 gen=17 typed=len=2
07-22 19:40:12.605 28145 28145 I VkSuggestions: stripUi prediction=false children=5 [len=2|len=4|len=5]
07-22 19:40:12.606 28145 28145 I VkStripPipeline: slotBind composing children=5 [len=2|len=4|len=5]
07-22 19:40:13.581 28145 28145 I VkKeyPress: keys pressed=376
07-22 19:40:13.693 28145 28460 W VibeKeyProfiler: Slow Native Suggest: Total=8.42ms | Init=0.58ms | TrieExpand(x25)=7.79ms | Scoring=0.05ms | inputSize=3
07-22 19:40:13.703 28145 28460 W VibeKeyProfiler: Slow Native Suggest: Total=9.87ms | Init=0.11ms | TrieExpand(x23)=9.72ms | Scoring=0.04ms | inputSize=3
07-22 19:40:13.704 28145 28460 I VkSuggestions: decode typedLen=3 candidates=18 locales=1 19,8ms
07-22 19:40:13.704 28145 28460 W VkSuggestions: slow frame 19,8ms locales=1 typedLen=3 candidates=18
07-22 19:40:13.707 28145 28460 I VkSuggestions: strip composing typedLen=3 candidates=18 autocorrect=false top=len=3 locale=fr token=212 gen=17
07-22 19:40:13.707 28145 28145 I VkStripPipeline: setSuggestions composing size=18 style=1 token=212 gen=17 typed=len=3
07-22 19:40:13.711 28145 28145 I VkSuggestions: stripUi prediction=false children=5 [len=3|len=7|len=8]
07-22 19:40:13.711 28145 28145 I VkStripPipeline: slotBind composing children=5 [len=3|len=7|len=8]
07-22 19:40:15.455 28145 28145 I VkAutocorrect: picked: len=7
07-22 19:40:15.560 28145 28460 I VkNgram : merge locale=fr prev=len=7 preds=8 contextual=0 assets=true
07-22 19:40:15.562 28145 28460 I VkSuggestions: strip prediction typedLen=0 candidates=3 autocorrect=false top=len=2 locale=fr token=212 gen=18
07-22 19:40:15.562 28145 28145 I VkStripPipeline: setSuggestions prediction size=3 style=6 token=212 gen=18
07-22 19:40:15.565 28145 28145 I VkSuggestions: stripUi prediction=true children=5 [len=1|len=2|len=2]
07-22 19:40:15.565 28145 28145 I VkStripPipeline: slotBind prediction children=5 [len=1|len=2|len=2]
07-22 19:40:17.099 28145 28145 I VkKeyPress: keys pressed=377
07-22 19:40:17.100 28145 28145 I VkStripPipeline: langSwitch main=fr token=214 gen=19
07-22 19:40:17.102 28145 28145 I VkStripPipeline: setSuggestions composing size=0 style=0 token=-1 gen=-1
07-22 19:40:17.103 28145 28145 I VkStripPipeline: slotBind composing children=0 []
07-22 19:40:17.103 28145 28145 I VkLanguageSettings: select es
07-22 19:40:17.111 28145 28145 I VkDictionaries: ✓ open emoji es
07-22 19:40:17.120 28145 28145 I VkLanguageSettings: cycle dir=-1 → es
07-22 19:40:17.129 28145 28181 I VkMultilingual: reset main=es locales=[es] count=1
07-22 19:40:17.131 28145 28181 I VkDictionaries: ▶ async reload main dicts locales=1
07-22 19:40:17.136 28145 28630 I VkDictionaries: ✓ open emoji es
07-22 19:40:17.139 28145 28630 I VkDictionaries: ✓ open main es
07-22 19:40:17.140 28145 28630 I VkDictionaries: collection es dicts=2 emoji=true
07-22 19:40:19.241 28145 28460 W VibeKeyProfiler: Slow Native Suggest: Total=11.61ms | Init=0.17ms | TrieExpand(x9)=11.37ms | Scoring=0.07ms | inputSize=6
07-22 19:40:19.250 28145 28460 I VkSuggestions: decode typedLen=6 candidates=18 locales=1 23,1ms
07-22 19:40:19.250 28145 28460 W VkSuggestions: slow frame 23,1ms locales=1 typedLen=6 candidates=18
07-22 19:40:19.252 28145 28460 I VkSuggestions: strip composing typedLen=5 candidates=17 autocorrect=false top=len=6 locale=es token=216 gen=19
07-22 19:40:19.253 28145 28145 I VkStripPipeline: setSuggestions composing size=17 style=1 token=216 gen=19 typed=len=6
07-22 19:40:19.255 28145 28145 I VkSuggestions: stripUi prediction=false children=5 [len=6|len=6|len=7]
07-22 19:40:19.255 28145 28145 I VkStripPipeline: slotBind composing children=5 [len=6|len=6|len=7]
07-22 19:40:19.679 28145 28145 W VkStall : MAIN-THREAD STALL 186ms during: >>>>> Dispatching to Handler (s8.t0) {89a73b0} null: 1
07-22 19:40:19.787 28145 28460 I VkNgram : merge locale=es prev=len=0 preds=8 contextual=0 assets=true
07-22 19:40:19.788 28145 28460 I VkSuggestions: strip prediction typedLen=0 candidates=3 autocorrect=false top=len=2 locale=es token=216 gen=19
07-22 19:40:19.794 28145 28145 I VkStripPipeline: setSuggestions prediction size=3 style=7 token=216 gen=19
07-22 19:40:19.796 28145 28145 I VkSuggestions: stripUi prediction=true children=5 [len=2|len=2|len=3]
07-22 19:40:19.796 28145 28145 I VkStripPipeline: slotBind prediction children=5 [len=2|len=2|len=3]
07-22 19:40:20.434 28145 28145 I VkKeyPress: keys pressed=387
07-22 19:40:20.550 28145 28460 I VkSuggestions: decode typedLen=1 candidates=18 locales=1 10,8ms
07-22 19:40:20.550 28145 28460 I VkSuggestions: strip composing typedLen=1 candidates=19 autocorrect=false top=len=1 locale=es token=217 gen=19
07-22 19:40:20.551 28145 28145 I VkStripPipeline: setSuggestions composing size=19 style=1 token=217 gen=19 typed=len=1
07-22 19:40:20.552 28145 28145 I VkSuggestions: stripUi prediction=false children=5 [len=1|len=5|len=5]
07-22 19:40:20.552 28145 28145 I VkStripPipeline: slotBind composing children=5 [len=1|len=5|len=5]
07-22 19:40:20.758 28145 28460 W VibeKeyProfiler: Slow Native Suggest: Total=12.49ms | Init=0.15ms | TrieExpand(x14)=12.28ms | Scoring=0.06ms | inputSize=2
07-22 19:40:20.766 28145 28460 I VkSuggestions: decode typedLen=2 candidates=18 locales=1 22,6ms
07-22 19:40:20.767 28145 28460 W VkSuggestions: slow frame 22,6ms locales=1 typedLen=2 candidates=18
07-22 19:40:20.768 28145 28460 I VkTextCorrection: rerank composing head len=3→len=4
07-22 19:40:20.768 28145 28460 I VkTextCorrection: threshold len=2→len=4 score=0,000 thr=0,140 ○
07-22 19:40:20.769 28145 28460 I VkSuggestions: strip composing typedLen=2 candidates=18 autocorrect=false top=len=2 locale=es token=218 gen=19
07-22 19:40:20.770 28145 28145 I VkStripPipeline: setSuggestions composing size=18 style=1 token=218 gen=19 typed=len=2
07-22 19:40:20.773 28145 28145 I VkSuggestions: stripUi prediction=false children=5 [len=2|len=4|len=2]
07-22 19:40:20.773 28145 28145 I VkStripPipeline: slotBind composing children=5 [len=2|len=4|len=2]
07-22 19:40:20.994 28145 28460 W VibeKeyProfiler: Slow Native Suggest: Total=12.59ms | Init=0.36ms | TrieExpand(x14)=12.17ms | Scoring=0.06ms | inputSize=3
07-22 19:40:21.003 28145 28460 I VkSuggestions: decode typedLen=3 candidates=18 locales=1 22,6ms
07-22 19:40:21.003 28145 28460 W VkSuggestions: slow frame 22,6ms locales=1 typedLen=3 candidates=18
07-22 19:40:21.005 28145 28460 I VkTextCorrection: threshold len=3→len=3 score=0,079 thr=0,140 ○
07-22 19:40:21.006 28145 28460 I VkSuggestions: strip composing typedLen=3 candidates=19 autocorrect=false top=len=3 locale=es token=219 gen=19
07-22 19:40:21.007 28145 28145 I VkStripPipeline: setSuggestions composing size=19 style=1 token=219 gen=19 typed=len=3
07-22 19:40:21.011 28145 28145 I VkSuggestions: stripUi prediction=false children=5 [len=3|len=3|len=3]
07-22 19:40:21.011 28145 28145 I VkStripPipeline: slotBind composing children=5 [len=3|len=3|len=3]
07-22 19:40:21.333 28145 28460 W VibeKeyProfiler: Slow Native Suggest: Total=8.53ms | Init=0.67ms | TrieExpand(x12)=7.82ms | Scoring=0.04ms | inputSize=4
07-22 19:40:21.344 28145 28460 W VibeKeyProfiler: Slow Native Suggest: Total=10.38ms | Init=0.13ms | TrieExpand(x20)=10.21ms | Scoring=0.04ms | inputSize=4
07-22 19:40:21.345 28145 28460 I VkSuggestions: decode typedLen=4 candidates=18 locales=1 21,1ms
07-22 19:40:21.345 28145 28460 W VkSuggestions: slow frame 21,1ms locales=1 typedLen=4 candidates=18
07-22 19:40:21.347 28145 28460 I VkTextCorrection: threshold len=4→len=4 score=0,358 thr=0,140 ✓
07-22 19:40:21.348 28145 28460 I VkAutocorrect: will correct: len=4 → len=4
07-22 19:40:21.348 28145 28460 I VkSuggestions: strip composing typedLen=4 candidates=19 autocorrect=true top=len=4 locale=es token=220 gen=19
07-22 19:40:21.353 28145 28145 I VkStripPipeline: setSuggestions composing size=19 style=1 token=220 gen=19 typed=len=4
07-22 19:40:21.355 28145 28145 I VkSuggestions: stripUi prediction=false children=5 [len=4|len=4|len=4]
07-22 19:40:21.355 28145 28145 I VkStripPipeline: slotBind composing children=5 [len=4|len=4|len=4]
07-22 19:40:23.000 28145 28145 W VkStall : MAIN-THREAD STALL 133ms during: >>>>> Dispatching to Handler (s8.t0) {89a73b0} null: 1
07-22 19:40:23.102 28145 28460 I VkSuggestions: strip prediction typedLen=0 candidates=3 autocorrect=false top=len=2 locale=es token=221 gen=19
07-22 19:40:23.108 28145 28145 I VkStripPipeline: setSuggestions prediction size=3 style=7 token=221 gen=19
07-22 19:40:23.111 28145 28145 I VkSuggestions: stripUi prediction=true children=5 [len=2|len=2|len=2]
07-22 19:40:23.111 28145 28145 I VkStripPipeline: slotBind prediction children=5 [len=2|len=2|len=2]
07-22 19:40:23.607 28145 28145 I VkKeyPress: keys pressed=398
07-22 19:40:23.725 28145 28460 W VibeKeyProfiler: Slow Native Suggest: Total=12.51ms | Init=0.70ms | TrieExpand(x13)=11.76ms | Scoring=0.05ms | inputSize=1
07-22 19:40:23.733 28145 28460 I VkSuggestions: decode typedLen=1 candidates=18 locales=1 21,5ms
07-22 19:40:23.733 28145 28460 W VkSuggestions: slow frame 21,5ms locales=1 typedLen=1 candidates=18
07-22 19:40:23.735 28145 28460 I VkSuggestions: strip composing typedLen=1 candidates=19 autocorrect=false top=len=1 locale=es token=222 gen=19
07-22 19:40:23.736 28145 28145 I VkStripPipeline: setSuggestions composing size=19 style=1 token=222 gen=19 typed=len=1
07-22 19:40:23.737 28145 28145 I VkSuggestions: stripUi prediction=false children=5 [len=1|len=2|len=5]
07-22 19:40:23.737 28145 28145 I VkStripPipeline: slotBind composing children=5 [len=1|len=2|len=5]
07-22 19:40:23.977 28145 28460 W VibeKeyProfiler: Slow Native Suggest: Total=12.34ms | Init=0.25ms | TrieExpand(x14)=12.04ms | Scoring=0.04ms | inputSize=2
07-22 19:40:23.985 28145 28460 W VibeKeyProfiler: Slow Native Suggest: Total=8.15ms | Init=0.07ms | TrieExpand(x17)=8.04ms | Scoring=0.04ms | inputSize=2
07-22 19:40:23.986 28145 28460 I VkSuggestions: decode typedLen=2 candidates=18 locales=1 22,8ms
07-22 19:40:23.986 28145 28460 W VkSuggestions: slow frame 22,8ms locales=1 typedLen=2 candidates=18
07-22 19:40:23.988 28145 28460 I VkTextCorrection: threshold len=2→len=3 score=0,182 thr=0,140 ✓
07-22 19:40:23.988 28145 28460 I VkAutocorrect: will correct: len=2 → len=3
07-22 19:40:23.988 28145 28460 I VkSuggestions: strip composing typedLen=2 candidates=19 autocorrect=true top=len=2 locale=es token=223 gen=19
07-22 19:40:23.993 28145 28145 I VkStripPipeline: setSuggestions composing size=19 style=1 token=223 gen=19 typed=len=2
07-22 19:40:23.996 28145 28145 I VkSuggestions: stripUi prediction=false children=5 [len=2|len=3|len=6]
07-22 19:40:23.996 28145 28145 I VkStripPipeline: slotBind composing children=5 [len=2|len=3|len=6]
07-22 19:40:24.596 28145 28460 W VibeKeyProfiler: Slow Native Suggest: Total=13.09ms | Init=1.09ms | TrieExpand(x14)=11.95ms | Scoring=0.05ms | inputSize=3
07-22 19:40:24.604 28145 28460 I VkSuggestions: decode typedLen=3 candidates=18 locales=1 22,7ms
07-22 19:40:24.605 28145 28460 W VkSuggestions: slow frame 22,7ms locales=1 typedLen=3 candidates=18
07-22 19:40:24.606 28145 28460 I VkTextCorrection: threshold len=3→len=3 score=0,214 thr=0,140 ✓
07-22 19:40:24.607 28145 28460 I VkSuggestions: strip composing typedLen=3 candidates=19 autocorrect=false top=len=3 locale=es token=224 gen=19
07-22 19:40:24.610 28145 28145 I VkStripPipeline: setSuggestions composing size=19 style=1 token=224 gen=19 typed=len=3
07-22 19:40:24.613 28145 28145 I VkSuggestions: stripUi prediction=false children=5 [len=3|len=3|len=8]
07-22 19:40:24.613 28145 28145 I VkStripPipeline: slotBind composing children=5 [len=3|len=3|len=8]
07-22 19:40:25.252 28145 28460 W VibeKeyProfiler: Slow Native Suggest: Total=11.42ms | Init=0.53ms | TrieExpand(x11)=10.84ms | Scoring=0.05ms | inputSize=4
07-22 19:40:25.261 28145 28460 I VkSuggestions: decode typedLen=4 candidates=18 locales=1 21,3ms
07-22 19:40:25.261 28145 28460 W VkSuggestions: slow frame 21,3ms locales=1 typedLen=4 candidates=18
07-22 19:40:25.263 28145 28460 I VkTextCorrection: rerank composing head len=4→len=2
07-22 19:40:25.263 28145 28460 I VkTextCorrection: threshold len=4→len=2 score=0,000 thr=0,140 ○
07-22 19:40:25.264 28145 28460 I VkSuggestions: strip composing typedLen=4 candidates=14 autocorrect=false top=len=4 locale=es token=225 gen=19
07-22 19:40:25.265 28145 28145 I VkStripPipeline: setSuggestions composing size=14 style=1 token=225 gen=19 typed=len=4
07-22 19:40:25.271 28145 28145 I VkSuggestions: stripUi prediction=false children=5 [len=4|len=2|len=2]
07-22 19:40:25.271 28145 28145 I VkStripPipeline: slotBind composing children=5 [len=4|len=2|len=2]
07-22 19:40:25.921 28145 28145 I VkAutocorrect: picked: len=4
07-22 19:40:26.024 28145 28460 I VkNgram : contextual locale=es prev=len=4 → len=4, len=4, len=3
07-22 19:40:26.024 28145 28460 I VkNgram : merge locale=es prev=len=4 preds=8 contextual=5 assets=true
07-22 19:40:26.025 28145 28460 I VkTextCorrection: rerank prediction head len=3→len=4
07-22 19:40:26.026 28145 28460 I VkSuggestions: strip prediction typedLen=0 candidates=3 autocorrect=false top=len=4 locale=es token=225 gen=20
07-22 19:40:26.026 28145 28145 I VkStripPipeline: setSuggestions prediction size=3 style=6 token=225 gen=20
07-22 19:40:26.027 28145 28145 I VkSuggestions: stripUi prediction=true children=5 [len=3|len=4|len=3]
07-22 19:40:26.027 28145 28145 I VkStripPipeline: slotBind prediction children=5 [len=3|len=4|len=3]
07-22 19:40:26.766 28145 28145 I VkAutocorrect: picked: len=4
07-22 19:40:26.870 28145 28460 I VkNgram : merge locale=es prev=len=4 preds=8 contextual=0 assets=true
07-22 19:40:26.872 28145 28460 I VkSuggestions: strip prediction typedLen=0 candidates=3 autocorrect=false top=len=2 locale=es token=225 gen=21
07-22 19:40:26.872 28145 28145 I VkStripPipeline: setSuggestions prediction size=3 style=6 token=225 gen=21
07-22 19:40:26.874 28145 28145 I VkSuggestions: stripUi prediction=true children=5 [len=2|len=2|len=2]
07-22 19:40:26.874 28145 28145 I VkStripPipeline: slotBind prediction children=5 [len=2|len=2|len=2]
07-22 19:40:27.493 28145 28145 I VkKeyPress: keys pressed=402
07-22 19:40:27.610 28145 28460 I VkSuggestions: decode typedLen=1 candidates=18 locales=1 8,5ms
07-22 19:40:27.611 28145 28460 I VkTextCorrection: rerank composing head len=2→len=2
07-22 19:40:27.611 28145 28460 I VkTextCorrection: threshold len=1→len=2 score=0,000 thr=0,140 ○
07-22 19:40:27.611 28145 28460 I VkSuggestions: strip composing typedLen=1 candidates=18 autocorrect=false top=len=1 locale=es token=227 gen=21
07-22 19:40:27.612 28145 28145 I VkStripPipeline: setSuggestions composing size=18 style=1 token=227 gen=21 typed=len=1
07-22 19:40:27.613 28145 28145 I VkSuggestions: stripUi prediction=false children=5 [len=1|len=2|len=2]
07-22 19:40:27.613 28145 28145 I VkStripPipeline: slotBind composing children=5 [len=1|len=2|len=2]
07-22 19:40:27.793 28145 28460 W VibeKeyProfiler: Slow Native Suggest: Total=12.20ms | Init=0.09ms | TrieExpand(x15)=12.05ms | Scoring=0.05ms | inputSize=2
07-22 19:40:27.804 28145 28460 W VibeKeyProfiler: Slow Native Suggest: Total=10.13ms | Init=0.12ms | TrieExpand(x18)=9.97ms | Scoring=0.04ms | inputSize=2
07-22 19:40:27.805 28145 28460 I VkSuggestions: decode typedLen=2 candidates=18 locales=1 24,0ms
07-22 19:40:27.805 28145 28460 W VkSuggestions: slow frame 24,0ms locales=1 typedLen=2 candidates=18
07-22 19:40:27.809 28145 28460 I VkTextCorrection: rerank composing head len=2→len=2
07-22 19:40:27.809 28145 28460 I VkTextCorrection: threshold len=2→len=2 score=0,000 thr=0,140 ○
07-22 19:40:27.811 28145 28460 I VkSuggestions: strip composing typedLen=2 candidates=18 autocorrect=false top=len=2 locale=es token=227 gen=21
07-22 19:40:27.812 28145 28145 I VkStripPipeline: setSuggestions composing size=18 style=1 token=227 gen=21 typed=len=2
07-22 19:40:27.814 28145 28145 I VkSuggestions: stripUi prediction=false children=5 [len=2|len=2|len=4]
07-22 19:40:27.814 28145 28145 I VkStripPipeline: slotBind composing children=5 [len=2|len=2|len=4]
07-22 19:40:28.009 28145 28460 W VibeKeyProfiler: Slow Native Suggest: Total=12.14ms | Init=0.16ms | TrieExpand(x15)=11.93ms | Scoring=0.04ms | inputSize=3
07-22 19:40:28.022 28145 28460 W VibeKeyProfiler: Slow Native Suggest: Total=12.17ms | Init=0.16ms | TrieExpand(x19)=11.97ms | Scoring=0.04ms | inputSize=3
07-22 19:40:28.023 28145 28460 I VkSuggestions: decode typedLen=3 candidates=18 locales=1 25,8ms
07-22 19:40:28.023 28145 28460 W VkSuggestions: slow frame 25,8ms locales=1 typedLen=3 candidates=18
07-22 19:40:28.025 28145 28460 I VkTextCorrection: rerank composing head len=3→len=4
07-22 19:40:28.025 28145 28460 I VkTextCorrection: threshold len=3→len=4 score=0,297 thr=0,140 ✓
07-22 19:40:28.028 28145 28460 I VkAutocorrect: will correct: len=3 → len=4
07-22 19:40:28.028 28145 28460 I VkSuggestions: strip composing typedLen=3 candidates=19 autocorrect=true top=len=3 locale=es token=228 gen=21
07-22 19:40:28.033 28145 28145 I VkStripPipeline: setSuggestions composing size=19 style=1 token=228 gen=21 typed=len=3
07-22 19:40:28.035 28145 28145 I VkSuggestions: stripUi prediction=false children=5 [len=3|len=4|len=4]
07-22 19:40:28.035 28145 28145 I VkStripPipeline: slotBind composing children=5 [len=3|len=4|len=4]
07-22 19:40:28.824 28145 28145 I VkAutocorrect: picked: len=4
07-22 19:40:28.927 28145 28460 I VkNgram : contextual locale=es prev=len=4 → len=2, len=6, len=6
07-22 19:40:28.927 28145 28460 I VkNgram : merge locale=es prev=len=4 preds=8 contextual=5 assets=true
07-22 19:40:28.929 28145 28460 I VkSuggestions: strip prediction typedLen=0 candidates=3 autocorrect=false top=len=6 locale=es token=228 gen=22
07-22 19:40:28.930 28145 28145 I VkStripPipeline: setSuggestions prediction size=3 style=6 token=228 gen=22
07-22 19:40:28.936 28145 28145 I VkSuggestions: stripUi prediction=true children=5 [len=9|len=6|len=6]
07-22 19:40:28.936 28145 28145 I VkStripPipeline: slotBind prediction children=5 [len=9|len=6|len=6]
07-22 19:40:29.922 28145 28460 W VibeKeyProfiler: Slow Native Suggest: Total=16.17ms | Init=0.65ms | TrieExpand(x15)=15.49ms | Scoring=0.03ms | inputSize=3
07-22 19:40:29.928 28145 28460 W VkSuggestions: slow frame 24,0ms locales=1 typedLen=3 candidates=18
07-22 19:40:29.930 28145 28460 I VkTextCorrection: rerank composing head len=3→len=4
07-22 19:40:29.930 28145 28460 I VkSuggestions: strip composing typedLen=2 candidates=18 autocorrect=false top=len=3 locale=es token=229 gen=22
07-22 19:40:29.944 28145 28145 I VkStripPipeline: setSuggestions composing size=18 style=1 token=229 gen=22 typed=len=3
07-22 19:40:29.948 28145 28145 I VkSuggestions: stripUi prediction=false children=5 [len=3|len=4|len=4]
07-22 19:40:29.948 28145 28145 I VkStripPipeline: slotBind composing children=5 [len=3|len=4|len=4]
07-22 19:40:30.121 28145 28460 W VibeKeyProfiler: Slow Native Suggest: Total=11.71ms | Init=0.29ms | TrieExpand(x14)=11.37ms | Scoring=0.05ms | inputSize=4
07-22 19:40:30.132 28145 28460 W VibeKeyProfiler: Slow Native Suggest: Total=10.33ms | Init=0.18ms | TrieExpand(x19)=10.12ms | Scoring=0.03ms | inputSize=4
07-22 19:40:30.132 28145 28460 I VkSuggestions: decode typedLen=4 candidates=18 locales=1 23,9ms
07-22 19:40:30.132 28145 28460 W VkSuggestions: slow frame 23,9ms locales=1 typedLen=4 candidates=18
07-22 19:40:30.135 28145 28460 I VkSuggestions: strip composing typedLen=3 candidates=18 autocorrect=false top=len=4 locale=es token=229 gen=22
07-22 19:40:30.135 28145 28145 I VkStripPipeline: setSuggestions composing size=18 style=1 token=229 gen=22 typed=len=4
07-22 19:40:30.137 28145 28145 I VkSuggestions: stripUi prediction=false children=5 [len=4|len=4|len=2]
07-22 19:40:30.137 28145 28145 I VkStripPipeline: slotBind composing children=5 [len=4|len=4|len=2]
07-22 19:40:30.361 28145 28145 I VkStripPipeline: setSuggestions composing size=6 style=5 token=229 gen=22 typed=len=4
07-22 19:40:30.364 28145 28145 I VkSuggestions: stripUi prediction=false children=5 [len=4|len=2|len=2]
07-22 19:40:30.364 28145 28145 I VkStripPipeline: slotBind composing children=5 [len=4|len=2|len=2]
07-22 19:40:30.531 28145 28145 I VkKeyPress: keys pressed=418
07-22 19:40:30.711 28145 28145 W VkStall : MAIN-THREAD STALL 180ms during: >>>>> Dispatching to Handler (s8.t0) {89a73b0} null: 1
07-22 19:40:30.814 28145 28460 I VkNgram : merge locale=es prev=len=0 preds=8 contextual=0 assets=true
07-22 19:40:30.815 28145 28460 I VkSuggestions: strip prediction typedLen=0 candidates=3 autocorrect=false top=len=2 locale=es token=229 gen=22
07-22 19:40:30.822 28145 28145 I VkStripPipeline: setSuggestions prediction size=3 style=7 token=229 gen=22
07-22 19:40:30.824 28145 28145 I VkSuggestions: stripUi prediction=true children=5 [len=2|len=2|len=2]
07-22 19:40:30.824 28145 28145 I VkStripPipeline: slotBind prediction children=5 [len=2|len=2|len=2]
07-22 19:40:31.318 28145 28145 I VkStripPipeline: langSwitch main=es token=231 gen=23
07-22 19:40:31.320 28145 28145 I VkStripPipeline: setSuggestions composing size=0 style=0 token=-1 gen=-1
07-22 19:40:31.320 28145 28145 I VkStripPipeline: slotBind composing children=0 []
07-22 19:40:31.321 28145 28145 I VkLanguageSettings: select en-AU
07-22 19:40:31.336 28145 28145 I VkLanguageSettings: cycle dir=-1 → en-AU
07-22 19:40:31.346 28145 28630 I VkMultilingual: reset main=en-AU locales=[en] count=1
07-22 19:40:31.347 28145 28630 I VkDictionaries: ▶ async reload main dicts locales=1
07-22 19:40:31.355 28145 28630 I VkDictionaries: ✓ open main en-AU
07-22 19:40:31.355 28145 28630 I VkDictionaries: collection en-AU dicts=1 emoji=true
07-22 19:40:34.111 28145 28145 I VkKeyPress: keys pressed=423
07-22 19:40:34.228 28145 28460 W VibeKeyProfiler: Slow Native Suggest: Total=11.03ms | Init=0.03ms | TrieExpand(x16)=10.92ms | Scoring=0.08ms | inputSize=1
07-22 19:40:34.229 28145 28460 I VkSuggestions: decode typedLen=1 candidates=18 locales=1 13,8ms
07-22 19:40:34.231 28145 28460 I VkSuggestions: strip composing typedLen=1 candidates=19 autocorrect=false top=len=1 locale=en token=233 gen=23
07-22 19:40:34.232 28145 28145 I VkStripPipeline: setSuggestions composing size=19 style=1 token=233 gen=23 typed=len=1
07-22 19:40:34.234 28145 28145 I VkSuggestions: stripUi prediction=false children=5 [len=1|len=3|len=2]
07-22 19:40:34.234 28145 28145 I VkStripPipeline: slotBind composing children=5 [len=1|len=3|len=2]
07-22 19:40:34.443 28145 28460 I VkSuggestions: decode typedLen=2 candidates=18 locales=1 3,2ms
07-22 19:40:34.444 28145 28460 I VkSuggestions: strip composing typedLen=2 candidates=18 autocorrect=false top=len=2 locale=en token=235 gen=23
07-22 19:40:34.444 28145 28145 I VkStripPipeline: setSuggestions composing size=18 style=1 token=235 gen=23 typed=len=2
07-22 19:40:34.446 28145 28145 I VkSuggestions: stripUi prediction=false children=5 [len=2|len=3|len=2]
07-22 19:40:34.446 28145 28145 I VkStripPipeline: slotBind composing children=5 [len=2|len=3|len=2]
07-22 19:40:34.592 28145 28460 I VkSuggestions: decode typedLen=3 candidates=18 locales=1 3,2ms
07-22 19:40:34.592 28145 28460 I VkSuggestions: strip composing typedLen=3 candidates=18 autocorrect=false top=len=3 locale=en token=236 gen=23
07-22 19:40:34.593 28145 28145 I VkStripPipeline: setSuggestions composing size=18 style=1 token=236 gen=23 typed=len=3
07-22 19:40:34.594 28145 28145 I VkSuggestions: stripUi prediction=false children=5 [len=3|len=5|len=4]
07-22 19:40:34.594 28145 28145 I VkStripPipeline: slotBind composing children=5 [len=3|len=5|len=4]
07-22 19:40:34.756 28145 28460 W VibeKeyProfiler: Slow Native Suggest: Total=9.82ms | Init=0.18ms | TrieExpand(x16)=9.62ms | Scoring=0.02ms | inputSize=4
07-22 19:40:34.756 28145 28460 I VkSuggestions: decode typedLen=4 candidates=18 locales=1 10,3ms
07-22 19:40:34.757 28145 28460 I VkSuggestions: strip composing typedLen=4 candidates=17 autocorrect=false top=len=4 locale=en token=236 gen=23
07-22 19:40:34.757 28145 28145 I VkStripPipeline: setSuggestions composing size=17 style=1 token=236 gen=23 typed=len=4
07-22 19:40:34.759 28145 28145 I VkSuggestions: stripUi prediction=false children=5 [len=4|len=5|len=4]
07-22 19:40:34.759 28145 28145 I VkStripPipeline: slotBind composing children=5 [len=4|len=5|len=4]
07-22 19:40:34.919 28145 28460 I VkSuggestions: decode typedLen=5 candidates=18 locales=1 4,2ms
07-22 19:40:34.920 28145 28460 I VkSuggestions: strip composing typedLen=5 candidates=14 autocorrect=false top=len=5 locale=en token=238 gen=23
07-22 19:40:34.920 28145 28145 I VkStripPipeline: setSuggestions composing size=14 style=1 token=238 gen=23 typed=len=5
07-22 19:40:34.921 28145 28145 I VkSuggestions: stripUi prediction=false children=5 [len=5|len=5|len=5]
07-22 19:40:34.921 28145 28145 I VkStripPipeline: slotBind composing children=5 [len=5|len=5|len=5]
07-22 19:40:35.107 28145 28460 W VibeKeyProfiler: Slow Native Suggest: Total=9.51ms | Init=0.21ms | TrieExpand(x12)=9.28ms | Scoring=0.02ms | inputSize=6
07-22 19:40:35.108 28145 28460 I VkSuggestions: decode typedLen=6 candidates=18 locales=1 10,0ms
07-22 19:40:35.109 28145 28460 I VkTextCorrection: threshold len=6→len=6 score=0,098 thr=0,140 ○
07-22 19:40:35.110 28145 28460 I VkSuggestions: strip composing typedLen=6 candidates=19 autocorrect=false top=len=6 locale=en token=238 gen=23
07-22 19:40:35.111 28145 28145 I VkStripPipeline: setSuggestions composing size=19 style=1 token=238 gen=23 typed=len=6
07-22 19:40:35.113 28145 28145 I VkSuggestions: stripUi prediction=false children=5 [len=6|len=6|len=6]
07-22 19:40:35.113 28145 28145 I VkStripPipeline: slotBind composing children=5 [len=6|len=6|len=6]
07-22 19:40:36.082 28145 28460 I VkSuggestions: decode typedLen=5 candidates=18 locales=1 5,2ms
07-22 19:40:36.083 28145 28460 I VkSuggestions: strip composing typedLen=5 candidates=14 autocorrect=false top=len=5 locale=en token=239 gen=23
07-22 19:40:36.083 28145 28145 I VkStripPipeline: setSuggestions composing size=14 style=1 token=239 gen=23 typed=len=5
07-22 19:40:36.084 28145 28145 I VkSuggestions: stripUi prediction=false children=5 [len=5|len=5|len=5]
07-22 19:40:36.084 28145 28145 I VkStripPipeline: slotBind composing children=5 [len=5|len=5|len=5]
07-22 19:40:36.583 28145 28145 I VkAutocorrect: picked: len=5
07-22 19:40:36.686 28145 28460 I VkNgram : merge locale=en prev=len=5 preds=8 contextual=0 assets=true
07-22 19:40:36.687 28145 28460 I VkSuggestions: strip prediction typedLen=0 candidates=3 autocorrect=false top=len=2 locale=en token=239 gen=24
07-22 19:40:36.688 28145 28145 I VkStripPipeline: setSuggestions prediction size=3 style=6 token=239 gen=24
07-22 19:40:36.690 28145 28145 I VkSuggestions: stripUi prediction=true children=5 [len=5|len=2|len=3]
07-22 19:40:36.690 28145 28145 I VkStripPipeline: slotBind prediction children=5 [len=5|len=2|len=3]
07-22 19:40:38.626 28145 28145 I VkKeyPress: keys pressed=430
07-22 19:40:38.673 28145 28460 W VibeKeyProfiler: Slow Native Suggest: Total=12.72ms | Init=2.73ms | TrieExpand(x16)=9.95ms | Scoring=0.04ms | inputSize=4
07-22 19:40:38.674 28145 28460 I VkSuggestions: decode typedLen=4 candidates=18 locales=1 13,3ms
07-22 19:40:38.675 28145 28460 I VkSuggestions: strip composing typedLen=4 candidates=15 autocorrect=false top=len=4 locale=en token=240 gen=24
07-22 19:40:38.679 28145 28145 I VkStripPipeline: setSuggestions composing size=15 style=1 token=240 gen=24 typed=len=4
07-22 19:40:38.681 28145 28145 I VkSuggestions: stripUi prediction=false children=5 [len=4|len=5|len=4]
07-22 19:40:38.681 28145 28145 I VkStripPipeline: slotBind composing children=5 [len=4|len=5|len=4]
07-22 19:40:38.978 28145 28145 W VkStall : MAIN-THREAD STALL 150ms during: >>>>> Dispatching to Handler (s8.t0) {89a73b0} null: 1
07-22 19:40:39.082 28145 28460 I VkNgram : merge locale=en prev=len=0 preds=8 contextual=0 assets=true
07-22 19:40:39.082 28145 28460 I VkSuggestions: strip prediction typedLen=0 candidates=3 autocorrect=false top=len=3 locale=en token=240 gen=24
07-22 19:40:39.090 28145 28145 I VkStripPipeline: setSuggestions prediction size=3 style=7 token=240 gen=24
07-22 19:40:39.093 28145 28145 I VkSuggestions: stripUi prediction=true children=5 [len=2|len=3|len=1]
07-22 19:40:39.093 28145 28145 I VkStripPipeline: slotBind prediction children=5 [len=2|len=3|len=1]
07-22 19:40:40.522 28145 28460 I VkSuggestions: decode typedLen=1 candidates=18 locales=1 3,4ms
07-22 19:40:40.522 28145 28460 I VkSuggestions: strip composing typedLen=1 candidates=19 autocorrect=false top=len=1 locale=en token=242 gen=24
07-22 19:40:40.522 28145 28145 I VkStripPipeline: setSuggestions composing size=19 style=1 token=242 gen=24 typed=len=1
07-22 19:40:40.524 28145 28145 I VkSuggestions: stripUi prediction=false children=5 [len=1|len=4|len=4]
07-22 19:40:40.524 28145 28145 I VkStripPipeline: slotBind composing children=5 [len=1|len=4|len=4]
07-22 19:40:40.681 28145 28460 I VkSuggestions: decode typedLen=2 candidates=18 locales=1 3,4ms
07-22 19:40:40.681 28145 28460 I VkTextCorrection: threshold len=2→len=2 score=0,107 thr=0,140 ○
07-22 19:40:40.682 28145 28460 I VkSuggestions: strip composing typedLen=2 candidates=17 autocorrect=false top=len=2 locale=en token=242 gen=24
07-22 19:40:40.682 28145 28145 I VkStripPipeline: setSuggestions composing size=17 style=1 token=242 gen=24 typed=len=2
07-22 19:40:40.684 28145 28145 I VkSuggestions: stripUi prediction=false children=5 [len=2|len=2|len=2]
07-22 19:40:40.684 28145 28145 I VkStripPipeline: slotBind composing children=5 [len=2|len=2|len=2]
07-22 19:40:40.883 28145 28460 I VkSuggestions: decode typedLen=3 candidates=18 locales=1 2,2ms
07-22 19:40:40.883 28145 28460 I VkTextCorrection: threshold len=3→len=3 score=0,009 thr=0,140 ○
07-22 19:40:40.884 28145 28460 I VkSuggestions: strip composing typedLen=3 candidates=17 autocorrect=false top=len=3 locale=en token=244 gen=24
07-22 19:40:40.885 28145 28145 I VkStripPipeline: setSuggestions composing size=17 style=1 token=244 gen=24 typed=len=3
07-22 19:40:40.886 28145 28145 I VkSuggestions: stripUi prediction=false children=5 [len=3|len=3|len=4]
07-22 19:40:40.886 28145 28145 I VkStripPipeline: slotBind composing children=5 [len=3|len=3|len=4]
07-22 19:40:41.019 28145 28460 I VkSuggestions: decode typedLen=4 candidates=18 locales=1 5,0ms
07-22 19:40:41.020 28145 28460 I VkTextCorrection: threshold len=4→len=5 score=0,000 thr=0,140 ○
07-22 19:40:41.022 28145 28460 I VkSuggestions: strip composing typedLen=4 candidates=19 autocorrect=false top=len=4 locale=en token=244 gen=24
07-22 19:40:41.023 28145 28145 I VkStripPipeline: setSuggestions composing size=19 style=1 token=244 gen=24 typed=len=4
07-22 19:40:41.025 28145 28145 I VkSuggestions: stripUi prediction=false children=5 [len=4|len=5|len=4]
07-22 19:40:41.026 28145 28145 I VkStripPipeline: slotBind composing children=5 [len=4|len=5|len=4]
07-22 19:40:41.661 28145 28145 I VkKeyPress: keys pressed=445
07-22 19:40:41.882 28145 28145 W VkStall : MAIN-THREAD STALL 121ms during: >>>>> Dispatching to Handler (s8.t0) {89a73b0} null: 1
07-22 19:40:41.985 28145 28460 I VkSuggestions: strip prediction typedLen=0 candidates=3 autocorrect=false top=len=3 locale=en token=245 gen=24
07-22 19:40:41.990 28145 28145 I VkStripPipeline: setSuggestions prediction size=3 style=7 token=245 gen=24
07-22 19:40:41.993 28145 28145 I VkSuggestions: stripUi prediction=true children=5 [len=2|len=3|len=1]
07-22 19:40:41.993 28145 28145 I VkStripPipeline: slotBind prediction children=5 [len=2|len=3|len=1]
07-22 19:40:42.820 28145 28460 I VkSuggestions: decode typedLen=2 candidates=18 locales=1 3,2ms
07-22 19:40:42.820 28145 28460 I VkTextCorrection: threshold len=2→len=2 score=0,072 thr=0,140 ○
07-22 19:40:42.821 28145 28460 I VkSuggestions: strip composing typedLen=2 candidates=18 autocorrect=false top=len=2 locale=en token=248 gen=24
07-22 19:40:42.821 28145 28145 I VkStripPipeline: setSuggestions composing size=18 style=1 token=248 gen=24 typed=len=2
07-22 19:40:42.822 28145 28145 I VkSuggestions: stripUi prediction=false children=5 [len=2|len=2|len=2]
07-22 19:40:42.822 28145 28145 I VkStripPipeline: slotBind composing children=5 [len=2|len=2|len=2]
07-22 19:40:42.976 28145 28460 I VkSuggestions: decode typedLen=3 candidates=18 locales=1 6,7ms
07-22 19:40:42.978 28145 28460 I VkTextCorrection: threshold len=3→len=3 score=0,040 thr=0,140 ○
07-22 19:40:42.979 28145 28460 I VkSuggestions: strip composing typedLen=3 candidates=18 autocorrect=false top=len=3 locale=en token=249 gen=24
07-22 19:40:42.979 28145 28145 I VkStripPipeline: setSuggestions composing size=18 style=1 token=249 gen=24 typed=len=3
07-22 19:40:42.982 28145 28145 I VkSuggestions: stripUi prediction=false children=5 [len=3|len=3|len=3]
07-22 19:40:42.982 28145 28145 I VkStripPipeline: slotBind composing children=5 [len=3|len=3|len=3]
07-22 19:40:43.098 28145 28460 I VkSuggestions: decode typedLen=4 candidates=18 locales=1 7,7ms
07-22 19:40:43.100 28145 28460 I VkTextCorrection: threshold len=4→len=4 score=0,016 thr=0,140 ○
07-22 19:40:43.101 28145 28460 I VkSuggestions: strip composing typedLen=4 candidates=19 autocorrect=false top=len=4 locale=en token=249 gen=24
07-22 19:40:43.102 28145 28145 I VkStripPipeline: setSuggestions composing size=19 style=1 token=249 gen=24 typed=len=4
07-22 19:40:43.105 28145 28145 I VkSuggestions: stripUi prediction=false children=5 [len=4|len=4|len=4]
07-22 19:40:43.105 28145 28145 I VkStripPipeline: slotBind composing children=5 [len=4|len=4|len=4]
07-22 19:40:44.027 28145 28145 W VkStall : MAIN-THREAD STALL 172ms during: >>>>> Dispatching to Handler (s8.t0) {89a73b0} null: 1
07-22 19:40:44.133 28145 28460 I VkTextCorrection: rerank prediction head len=3→len=1
07-22 19:40:44.133 28145 28460 I VkSuggestions: strip prediction typedLen=0 candidates=3 autocorrect=false top=len=1 locale=en token=250 gen=24
07-22 19:40:44.140 28145 28145 I VkStripPipeline: setSuggestions prediction size=3 style=7 token=250 gen=24
07-22 19:40:44.142 28145 28145 I VkSuggestions: stripUi prediction=true children=5 [len=2|len=1|len=2]
07-22 19:40:44.142 28145 28145 I VkStripPipeline: slotBind prediction children=5 [len=2|len=1|len=2]
07-22 19:40:46.067 28145 28145 I VkKeyPress: strip pick code=-10070
07-22 19:40:46.073 28145 28145 I VkPanels: ▶ open menu
07-22 19:40:46.082 28145 28181 I VkLocaleAssets: ▶ batch source=menu_panel count=5 [en-AU,es,fr,hi,pt-BR]
07-22 19:40:46.084 28145 28181 I VkLocaleAssets: preload predictors en-AU
07-22 19:40:46.085 28145 28181 I VkLocaleAssets: ○ ready en-AU (cached)
07-22 19:40:46.089 28145 28181 I VkLocaleAssets: preload predictors es
07-22 19:40:46.089 28145 28181 I VkLocaleAssets: ○ ready es (cached)
07-22 19:40:46.093 28145 28181 I VkLocaleAssets: preload predictors fr
07-22 19:40:46.093 28145 28181 I VkLocaleAssets: ○ ready fr (cached)
07-22 19:40:46.097 28145 28181 I VkLocaleAssets: preload predictors hi
07-22 19:40:46.097 28145 28181 I VkLocaleAssets: ○ ready hi (cached)
07-22 19:40:46.103 28145 28181 I VkLocaleAssets: preload predictors pt-BR
07-22 19:40:46.103 28145 28181 I VkLocaleAssets: ○ ready pt-BR (cached)
07-22 19:40:46.103 28145 28181 I VkLocaleAssets: ✓ batch source=menu_panel locales=5 fetched=0
07-22 19:40:46.772 28145 28145 I VkKeyPress: keys pressed=464
07-22 19:40:46.773 28145 28145 I VkPanels: ○ close menu
07-22 19:40:46.943 28145 28145 I VkSettings: ▶ activity open spellchecker=false
07-22 19:40:47.020 28145 28145 I VkTyping: ○ hidden
07-22 19:40:47.049 28145 28145 W Settings: Setting transition_animation_scale has moved from android.provider.Settings.System to android.provider.Settings.Global, returning read-only value.
07-22 19:40:47.196 28145 28145 W VkStall : MAIN-THREAD STALL 172ms (imeHideInProgress) during: >>>>> Dispatching to Handler (android.view.Choreographer$FrameHandler) {d03abe7} android.view.Choreographer$FrameDisplayEventReceiver@49ac394: 0
07-22 19:40:47.204 28145 28145 W Settings: Setting transition_animation_scale has moved from android.provider.Settings.System to android.provider.Settings.Global, returning read-only value.
07-22 19:40:50.145 28145 28145 W Settings: Setting transition_animation_scale has moved from android.provider.Settings.System to android.provider.Settings.Global, returning read-only value.
07-22 19:40:50.156 28145 28145 I VkSettings: → screen about
07-22 19:40:51.937 28145 28192 E BLASTBufferQueue: BLASTBufferItemConsumer::onDisconnect()
07-22 19:40:52.232 28145 28192 E BLASTBufferQueue: BLASTBufferItemConsumer::onDisconnect()

=== Feature activity (persisted across restarts) ===
2026-07-22 19:38:17.210596 W VkStall: MAIN-THREAD STALL 206ms during: >>>>> Dispatching to Handler (com.android.internal.os.HandlerCaller$MyHandler) {d46d5e1} null: 60
2026-07-22 19:38:17.344301 W VkStall: MAIN-THREAD STALL 134ms during: >>>>> Dispatching to Handler (android.view.Choreographer$FrameHandler) {d03abe7} android.view.Choreographer$FrameDisplayEventReceiver@49ac394: 0
2026-07-22 19:38:18.525396 W VkStall: MAIN-THREAD STALL 127ms during: >>>>> Dispatching to Handler (android.os.Handler) {7543b11} g9.u@72e697a: 0
2026-07-22 19:38:18.818847 W VkStall: MAIN-THREAD STALL 150ms during: >>>>> Dispatching to Handler (android.os.Handler) {7543b11} g9.u@72e697a: 0
2026-07-22 19:38:19.144543 W VkStall: MAIN-THREAD STALL 172ms during: >>>>> Dispatching to Handler (android.os.Handler) {7543b11} g9.u@72e697a: 0
2026-07-22 19:38:33.626744 W VkSuggestions: slow frame 21,0ms locales=1 typedLen=2 candidates=18
2026-07-22 19:38:33.840678 W VkSuggestions: slow frame 20,9ms locales=1 typedLen=3 candidates=18
2026-07-22 19:38:37.564115 W VkSuggestions: slow frame 19,1ms locales=1 typedLen=2 candidates=18
2026-07-22 19:38:37.817282 W VkSuggestions: slow frame 21,6ms locales=1 typedLen=3 candidates=18
2026-07-22 19:38:45.577288 W VkStall: MAIN-THREAD STALL 145ms during: >>>>> Dispatching to Handler (com.android.internal.os.HandlerCaller$MyHandler) {d46d5e1} null: 60
2026-07-22 19:38:46.898336 W VkStall: MAIN-THREAD STALL 120ms during: >>>>> Dispatching to Handler (android.os.Handler) {7543b11} g9.u@72e697a: 0
2026-07-22 19:38:50.967012 W VkStall: MAIN-THREAD STALL 141ms during: >>>>> Dispatching to Handler (android.os.Handler) {7543b11} g9.u@72e697a: 0
2026-07-22 19:38:54.763707 W VkSuggestions: slow frame 21,8ms locales=1 typedLen=1 candidates=18
2026-07-22 19:38:58.922525 W VkStall: MAIN-THREAD STALL 659ms (imeHideInProgress) during: >>>>> Dispatching to Handler (android.os.Handler) {7543b11} g9.u@72e697a: 0
2026-07-22 19:38:59.251838 W VkStall: MAIN-THREAD STALL 160ms (imeHideInProgress) during: >>>>> Dispatching to Handler (com.google.android.gms.ads.internal.util.f) {ec8e0e4} com.google.android.gms.ads.internal.webview.an@ac37d0d: 0
2026-07-22 19:38:59.550978 W VkStall: MAIN-THREAD STALL 254ms (imeHideInProgress) during: >>>>> Dispatching to Handler (android.os.Handler) {7543b11} g9.u@72e697a: 0
2026-07-22 19:39:00.944276 W VkStall: MAIN-THREAD STALL 132ms during: >>>>> Dispatching to Handler (android.os.Handler) {7543b11} g9.u@72e697a: 0
2026-07-22 19:39:01.235315 W VkStall: MAIN-THREAD STALL 138ms during: >>>>> Dispatching to Handler (android.os.Handler) {7543b11} g9.u@72e697a: 0
2026-07-22 19:39:01.536660 W VkStall: MAIN-THREAD STALL 124ms during: >>>>> Dispatching to Handler (android.os.Handler) {7543b11} g9.u@72e697a: 0
2026-07-22 19:39:02.086414 W VkSuggestions: slow frame 17,6ms locales=1 typedLen=9 candidates=18
2026-07-22 19:39:02.626010 W VkSuggestions: slow frame 17,9ms locales=1 typedLen=12 candidates=18
2026-07-22 19:39:04.541649 W VkSuggestions: slow frame 26,1ms locales=1 typedLen=1 candidates=18
2026-07-22 19:39:04.760195 W VkSuggestions: slow frame 18,2ms locales=1 typedLen=2 candidates=18
2026-07-22 19:39:06.827969 W VkStall: MAIN-THREAD STALL 205ms during: >>>>> Dispatching to Handler (s8.t0) {5ffc50f} null: 1
2026-07-22 19:39:07.543858 W VkSuggestions: slow frame 24,6ms locales=1 typedLen=1 candidates=18
2026-07-22 19:39:07.802272 W VkSuggestions: slow frame 19,1ms locales=1 typedLen=2 candidates=18
2026-07-22 19:39:08.077483 W VkSuggestions: slow frame 18,2ms locales=1 typedLen=3 candidates=18
2026-07-22 19:39:09.109820 W VkSuggestions: slow frame 17,2ms locales=1 typedLen=9 candidates=18
2026-07-22 19:39:16.255754 W VkStall: MAIN-THREAD STALL 160ms during: >>>>> Dispatching to Handler (s8.t0) {5ffc50f} null: 1
2026-07-22 19:39:17.039604 W VkSuggestions: slow frame 16,6ms locales=1 typedLen=1 candidates=18
2026-07-22 19:39:19.188816 W VkStall: MAIN-THREAD STALL 185ms during: >>>>> Dispatching to Handler (s8.t0) {5ffc50f} null: 1
2026-07-22 19:39:26.392023 W VkStall: MAIN-THREAD STALL 350ms during: >>>>> Dispatching to Handler (v8.l0) {79972ee} null: 2
2026-07-22 19:39:26.552317 W VkSuggestions: slow frame 73,4ms locales=1 typedLen=11 candidates=18
2026-07-22 19:39:26.692323 W VkSuggestions: slow frame 99,8ms locales=1 typedLen=11 candidates=18
2026-07-22 19:39:26.847934 W VkSuggestions: slow frame 18,5ms locales=1 typedLen=12 candidates=18
2026-07-22 19:39:28.112087 W VkSuggestions: slow frame 29,2ms locales=1 typedLen=20 candidates=18
2026-07-22 19:39:31.040406 W VkSuggestions: slow frame 17,1ms locales=1 typedLen=1 candidates=18
2026-07-22 19:39:35.553473 W VkSuggestions: slow frame 17,5ms locales=1 typedLen=5 candidates=18
2026-07-22 19:39:36.431614 W VkSuggestions: slow frame 20,8ms locales=1 typedLen=7 candidates=18
2026-07-22 19:39:40.383876 W VkStall: MAIN-THREAD STALL 133ms during: >>>>> Dispatching to Handler (s8.t0) {89a73b0} null: 1
2026-07-22 19:39:42.417881 W VkSuggestions: slow frame 16,1ms locales=1 typedLen=3 candidates=18
2026-07-22 19:39:43.967796 W VkSuggestions: slow frame 24,4ms locales=1 typedLen=3 candidates=18
2026-07-22 19:39:49.132350 W VkSuggestions: slow frame 21,0ms locales=1 typedLen=3 candidates=18
2026-07-22 19:39:49.489741 W VkSuggestions: slow frame 19,1ms locales=1 typedLen=4 candidates=18
2026-07-22 19:39:56.760351 W VkSuggestions: slow frame 20,5ms locales=1 typedLen=4 candidates=18
2026-07-22 19:40:11.335649 W VkSuggestions: slow frame 27,8ms locales=1 typedLen=6 candidates=18
