=== VibeKey 4.1.211 (4311) ===

--------- beginning of system
06-07 12:00:43.745 26130 26130 E OplusCustomizeRestrictionManager: sInstance is null, start a new sInstance
06-07 12:01:41.168 26956 26956 E OplusCustomizeRestrictionManager: sInstance is null, start a new sInstance
06-07 12:01:53.316 26956 27278 E ActivityThread: Failed to find provider info for com.oplus.statistics.provider
06-07 12:01:53.316 26956 27278 E OplusStatistics--: IllegalArgumentException:java.lang.IllegalArgumentException: Unknown URL content://com.oplus.statistics.provider/track_event
--------- beginning of main
06-07 12:01:55.999 26956 26992 I VkSuggestions: decode typedLen=2 candidates=18 locales=1 11.6ms
06-07 12:01:56.002 26956 26992 I VkSuggestions: strip composing typedLen=2 candidates=18 autocorrect=false top=se locale=en
06-07 12:01:56.036 26956 26956 I SpaceAssistPopup: ○ typing idle scheduled
06-07 12:01:56.117 26956 26956 I SpaceAssistPopup: … stream chunk#3 +18 previewLen=56 overlay=false
06-07 12:01:56.144 26956 26992 I VkSuggestions: decode typedLen=3 candidates=18 locales=1 7.7ms
06-07 12:01:56.145 26956 26992 I VkSuggestions: strip composing typedLen=3 candidates=17 autocorrect=false top=see locale=en
06-07 12:01:56.402 26917 26934 I OnDeviceAssist: warm ok model=qwen2.5-0.5b-instruct-q4_0.gguf ambient=40 chars 858ms
06-07 12:01:56.402 26956 27379 I OnDeviceAssist: … stream task=grammar chunk#4 +8 total=64
06-07 12:01:56.402 26917 27188 I OnDeviceAssist: ✓ llm task=grammar 1372ms out=24 chars
06-07 12:01:56.402 26917 27188 I OnDeviceAssist: done task=grammar 1374ms out=24 chars
06-07 12:01:56.403 26956 26956 I SpaceAssistPopup: … stream chunk#4 +8 previewLen=64 overlay=false
06-07 12:01:56.403 26956 27379 I OnDeviceAssist: ✓ assist (ime) task=grammar 1387ms in=22 out=24
06-07 12:01:56.404 26956 26956 I SpaceAssistPopup: ▶ overlay show: stream
06-07 12:01:56.405 26956 26956 I SpaceAssistPopup: → preview publish len=64 overlay=true force=false strip=true
06-07 12:01:56.444 26956 26956 I SpaceAssistPopup: ○ send ready=false outChars=24
06-07 12:01:56.463 26956 26956 I SpaceAssistPopup: ✓ generation done out=24 preview=24 overlay=true 1449ms
06-07 12:01:56.464 26956 26956 I SpaceAssistPopup: ▶ overlay show: generation_success
06-07 12:01:56.464 26956 26956 I SpaceAssistPopup: → preview publish len=24 overlay=true force=true strip=true
06-07 12:01:56.465 26956 26956 I SpaceAssistPopup: ▶ send ready=true outChars=24
06-07 12:01:56.465 26956 26956 I SpaceAssistPopup: ▶ overlay show: send_ready
06-07 12:01:56.465 26956 26956 I SpaceAssistPopup: → preview publish len=24 overlay=true force=true strip=true
06-07 12:01:56.470 26956 26956 I SpaceAssistPopup: ▶ fetch start fieldChars=26 inFlight=false cached=true
06-07 12:01:56.484 26956 26956 I SpaceAssistPopup: ○ send ready=false outChars=0
06-07 12:01:56.484 26956 26956 I SpaceAssistPopup: ▶ generation start fieldChars=26 token=10815
06-07 12:01:56.485 26956 26979 I OnDeviceAssist: ▶ assist_ipc task=grammar in=26 chars
06-07 12:01:56.501 26917 26934 I OnDeviceAssist: dispatch task=grammar in=26 chars engine=Ready
06-07 12:01:56.502 26917 26934 I OnDeviceAssist: ▶ runSync task=grammar in=26 chars locale=en
06-07 12:01:56.502 26917 26934 I OnDeviceAssist: ○ local grammar skipped: SymSpell unavailable for en
06-07 12:01:56.503 26917 26934 I OnDeviceAssist: → llm task=grammar model=qwen2.5-0.5b-instruct-q4_0.gguf temp=0.15 maxTok=48
06-07 12:01:56.714 26956 26956 I VkAutocorrect: picked: see
06-07 12:01:56.818 26956 26992 I VkSuggestions: decode typedLen=0 candidates=3 locales=1 0.6ms
06-07 12:01:56.822 26956 26992 I VkSuggestions: strip prediction typedLen=0 candidates=3 autocorrect=false top=a locale=en
06-07 12:01:57.108 26956 26956 I SpaceAssistPopup: ○ typing idle scheduled
06-07 12:01:57.215 26956 26992 I VkSuggestions: decode typedLen=1 candidates=18 locales=1 6.4ms
06-07 12:01:57.216 26956 26992 I VkSuggestions: strip composing typedLen=1 candidates=19 autocorrect=false top=y locale=en
06-07 12:01:57.261 26956 26970 I OnDeviceAssist: … stream task=grammar chunk#1 +27 total=27
06-07 12:01:57.261 26956 26956 I SpaceAssistPopup: … stream chunk#1 +27 previewLen=27 overlay=true
06-07 12:01:57.323 26956 26956 I SpaceAssistPopup: … stream chunk#2 +11 previewLen=38 overlay=true
06-07 12:01:57.363 26956 26956 I SpaceAssistPopup: ○ typing idle scheduled
06-07 12:01:57.475 26956 26992 W VibeKeyProfiler: Slow Native Suggest: Total=10.59ms | Init=0.01ms | TrieExpand(x12)=10.55ms | Scoring=0.03ms | inputSize=2
06-07 12:01:57.478 26956 26992 I VkSuggestions: decode typedLen=2 candidates=18 locales=1 14.7ms
06-07 12:01:57.479 26956 26992 I VkSuggestions: strip composing typedLen=2 candidates=17 autocorrect=false top=yo locale=en
06-07 12:01:57.559 26956 26956 I SpaceAssistPopup: ○ typing idle scheduled
06-07 12:01:57.593 26956 26956 I SpaceAssistPopup: … stream chunk#3 +26 previewLen=64 overlay=true
06-07 12:01:57.669 26956 26992 W VibeKeyProfiler: Slow Native Suggest: Total=8.85ms | Init=0.10ms | TrieExpand(x19)=8.68ms | Scoring=0.07ms | inputSize=3
06-07 12:01:57.678 26956 26992 W VibeKeyProfiler: Slow Native Suggest: Total=9.49ms | Init=0.04ms | TrieExpand(x16)=9.40ms | Scoring=0.05ms | inputSize=3
06-07 12:01:57.681 26956 26992 I VkSuggestions: decode typedLen=3 candidates=18 locales=1 20.6ms
06-07 12:01:57.682 26956 26992 W VkSuggestions: slow frame 20.6ms locales=1 typedLen=3 candidates=18
06-07 12:01:57.686 26956 27226 I OnDeviceAssist: … stream task=grammar chunk#4 +1 total=65
06-07 12:01:57.687 26956 26992 I VkSuggestions: strip composing typedLen=3 candidates=18 autocorrect=false top=you locale=en
06-07 12:01:57.687 26917 27188 I OnDeviceAssist: warm ok model=qwen2.5-0.5b-instruct-q4_0.gguf ambient=40 chars 732ms
06-07 12:01:57.687 26917 26934 I OnDeviceAssist: ✓ llm task=grammar 1184ms out=27 chars
06-07 12:01:57.687 26917 26934 I OnDeviceAssist: done task=grammar 1186ms out=27 chars
06-07 12:01:57.687 26956 26970 I OnDeviceAssist: ✓ assist (ime) task=grammar 1202ms in=26 out=27
06-07 12:01:57.698 26956 26956 I SpaceAssistPopup: … stream chunk#4 +1 previewLen=65 overlay=true
06-07 12:01:57.707 26956 26956 I SpaceAssistPopup: ✓ generation done out=27 preview=27 overlay=true 1224ms
06-07 12:01:57.707 26956 26956 I SpaceAssistPopup: ▶ overlay show: generation_success
06-07 12:01:57.707 26956 26956 I SpaceAssistPopup: → preview publish len=27 overlay=true force=true strip=true
06-07 12:01:57.708 26956 26956 I SpaceAssistPopup: ▶ send ready=true outChars=27
06-07 12:01:57.708 26956 26956 I SpaceAssistPopup: ▶ overlay show: send_ready
06-07 12:01:57.708 26956 26956 I SpaceAssistPopup: → preview publish len=27 overlay=true force=true strip=true
06-07 12:01:57.942 26956 26956 I SpaceAssistPopup: ▶ fetch start fieldChars=30 inFlight=false cached=true
06-07 12:01:57.948 26956 26956 I VkAutocorrect: kept (typing): you
06-07 12:01:57.949 26956 26956 I SpaceAssistPopup: ○ overlay hide: typing
06-07 12:01:57.950 26956 26956 I SpaceAssistPopup: ○ typing idle scheduled
06-07 12:01:57.950 26956 26956 I SpaceAssistPopup: ○ send ready=false outChars=0
06-07 12:01:57.950 26956 26956 I SpaceAssistPopup: ▶ generation start fieldChars=30 token=5290
06-07 12:01:57.951 26956 27205 I OnDeviceAssist: ▶ assist_ipc task=grammar in=30 chars
06-07 12:01:57.961 26917 27188 I OnDeviceAssist: dispatch task=grammar in=30 chars engine=Ready
06-07 12:01:57.961 26917 27188 I OnDeviceAssist: ▶ runSync task=grammar in=30 chars locale=en
06-07 12:01:57.961 26917 27188 I OnDeviceAssist: ○ local grammar skipped: SymSpell unavailable for en
06-07 12:01:57.962 26917 27188 I OnDeviceAssist: → llm task=grammar model=qwen2.5-0.5b-instruct-q4_0.gguf temp=0.15 maxTok=48
06-07 12:01:58.052 26956 26992 I VkSuggestions: decode typedLen=0 candidates=3 locales=1 0.6ms
06-07 12:01:58.054 26956 26992 I VkSuggestions: strip prediction typedLen=0 candidates=3 autocorrect=false top=have locale=en
06-07 12:01:58.342 26956 26956 I SpaceAssistPopup: ▶ fetch start fieldChars=31 inFlight=true cached=false
06-07 12:01:58.345 26917 27188 W OnDeviceAssist: ✗ llm task=grammar 383ms: Assist prompt decode failed
06-07 12:01:58.345 26917 27188 W OnDeviceAssist: failed task=grammar 384ms
06-07 12:01:58.346 26956 27226 W OnDeviceAssist: ✗ assist (ime) task=grammar 395ms: Assist prompt decode failed
06-07 12:01:58.356 26956 26956 I SpaceAssistPopup: ○ send ready=false outChars=0
06-07 12:01:58.358 26956 26956 I SpaceAssistPopup: ▶ generation start fieldChars=31 token=43127
06-07 12:01:58.361 26956 26979 I OnDeviceAssist: ▶ assist_ipc task=grammar in=31 chars
06-07 12:01:58.375 26917 27188 I OnDeviceAssist: dispatch task=grammar in=31 chars engine=Ready
06-07 12:01:58.375 26917 27188 I OnDeviceAssist: ▶ runSync task=grammar in=31 chars locale=en
06-07 12:01:58.375 26917 27188 I OnDeviceAssist: ○ local grammar skipped: SymSpell unavailable for en
06-07 12:01:58.376 26917 27188 I OnDeviceAssist: → llm task=grammar model=qwen2.5-0.5b-instruct-q4_0.gguf temp=0.15 maxTok=48
06-07 12:01:58.556 26917 27188 W OnDeviceAssist: ✗ llm task=grammar 180ms: Assist prompt decode failed
06-07 12:01:58.556 26917 26933 I OnDeviceAssist: warm ok model=qwen2.5-0.5b-instruct-q4_0.gguf ambient=40 chars 69ms
06-07 12:01:58.556 26917 26933 W OnDeviceAssist: failed task=grammar 181ms
06-07 12:01:58.557 26956 27226 W OnDeviceAssist: ✗ assist (ime) task=grammar 197ms: Assist prompt decode failed
06-07 12:01:58.559 26956 26956 W SpaceAssistPopup: ✗ generation failed 203ms: Assist prompt decode failed preview=0 overlay=false
06-07 12:01:58.559 26956 26956 W SpaceAssistPopup: failed: Assist prompt decode failed
06-07 12:01:58.559 26956 26956 I SpaceAssistPopup: ○ send ready=false outChars=0
06-07 12:01:58.568 26956 26956 I SpaceAssistPopup: ○ typing idle scheduled
06-07 12:01:58.685 26956 26992 W VibeKeyProfiler: Slow Native Suggest: Total=14.44ms | Init=0.54ms | TrieExpand(x21)=13.82ms | Scoring=0.08ms | inputSize=1
06-07 12:01:58.695 26956 26992 W VibeKeyProfiler: Slow Native Suggest: Total=8.71ms | Init=0.03ms | TrieExpand(x14)=8.64ms | Scoring=0.05ms | inputSize=1
06-07 12:01:58.696 26956 26992 I VkSuggestions: decode typedLen=1 candidates=18 locales=1 25.1ms
06-07 12:01:58.697 26956 26992 W VkSuggestions: slow frame 25.1ms locales=1 typedLen=1 candidates=18
06-07 12:01:58.699 26956 26992 I VkSuggestions: strip composing typedLen=1 candidates=15 autocorrect=false top=i locale=en
06-07 12:01:58.833 26956 26956 I SpaceAssistPopup: ○ typing idle scheduled
06-07 12:01:58.868 26917 26934 I OnDeviceAssist: warm ok model=qwen2.5-0.5b-instruct-q4_0.gguf ambient=40 chars 0ms
06-07 12:01:58.945 26956 26992 W VibeKeyProfiler: Slow Native Suggest: Total=10.59ms | Init=0.24ms | TrieExpand(x21)=10.30ms | Scoring=0.05ms | inputSize=2
06-07 12:01:58.952 26956 26992 I VkSuggestions: decode typedLen=2 candidates=18 locales=1 18.1ms
06-07 12:01:58.953 26956 26992 W VkSuggestions: slow frame 18.1ms locales=1 typedLen=2 candidates=18
06-07 12:01:58.954 26956 26992 I VkSuggestions: strip composing typedLen=2 candidates=18 autocorrect=false top=in locale=en
06-07 12:01:59.040 26956 26956 I VkAutocorrect: kept (typing): in
06-07 12:01:59.040 26956 26956 I SpaceAssistPopup: ○ typing idle scheduled
06-07 12:01:59.143 26956 26992 I VkSuggestions: decode typedLen=0 candidates=3 locales=1 0.4ms
06-07 12:01:59.144 26956 26992 I VkSuggestions: strip prediction typedLen=0 candidates=3 autocorrect=false top=a locale=en
06-07 12:01:59.250 26956 26956 I SpaceAssistPopup: ○ typing idle scheduled
06-07 12:01:59.360 26956 26992 I VkSuggestions: decode typedLen=1 candidates=18 locales=1 8.4ms
06-07 12:01:59.361 26956 26992 I VkSuggestions: strip composing typedLen=1 candidates=17 autocorrect=false top=a locale=en
06-07 12:01:59.374 26956 26956 I VkAutocorrect: kept (typing): a
06-07 12:01:59.375 26956 26956 I SpaceAssistPopup: ○ typing idle scheduled
06-07 12:01:59.477 26956 26992 I VkSuggestions: decode typedLen=0 candidates=3 locales=1 0.6ms
06-07 12:01:59.478 26956 26992 I VkSuggestions: strip prediction typedLen=0 candidates=3 autocorrect=false top=few locale=en
06-07 12:01:59.690 26956 27581 E FilePhenotypeFlags: Config package com.google.android.gms.clearcut_client#com.vibekey.keyboard cannot use FILE backing without declarative registration. See go/phenotype-android-integration#phenotype for more information. This will lead to stale flags.
06-07 12:01:59.713 26956 27581 E FilePhenotypeFlags: Config package com.google.android.gms.clearcut_client#com.vibekey.keyboard cannot use FILE backing without declarative registration. See go/phenotype-android-integration#phenotype for more information. This will lead to stale flags.
06-07 12:01:59.715 26956 27581 E FilePhenotypeFlags: Config package com.google.android.gms.clearcut_client#com.vibekey.keyboard cannot use FILE backing without declarative registration. See go/phenotype-android-integration#phenotype for more information. This will lead to stale flags.
06-07 12:01:59.761 26956 26956 I SpaceAssistPopup: ▶ fetch start fieldChars=36 inFlight=false cached=false
06-07 12:01:59.762 26956 26956 I SpaceAssistPopup: ○ send ready=false outChars=0
06-07 12:01:59.763 26956 26956 I SpaceAssistPopup: ▶ generation start fieldChars=36 token=1802
06-07 12:01:59.766 26956 26979 I OnDeviceAssist: ▶ assist_ipc task=grammar in=36 chars
06-07 12:01:59.783 26917 26933 I OnDeviceAssist: dispatch task=grammar in=36 chars engine=Ready
06-07 12:01:59.784 26917 26933 I OnDeviceAssist: ▶ runSync task=grammar in=36 chars locale=en
06-07 12:01:59.784 26917 26933 I OnDeviceAssist: ○ local grammar skipped: SymSpell unavailable for en
06-07 12:01:59.785 26917 26933 I OnDeviceAssist: → llm task=grammar model=qwen2.5-0.5b-instruct-q4_0.gguf temp=0.15 maxTok=48
06-07 12:02:00.148 26956 26956 I SpaceAssistPopup: ○ typing idle scheduled
06-07 12:02:00.262 26956 26992 W VibeKeyProfiler: Slow Native Suggest: Total=12.02ms | Init=0.03ms | TrieExpand(x17)=11.90ms | Scoring=0.08ms | inputSize=1
06-07 12:02:00.273 26956 26992 W VibeKeyProfiler: Slow Native Suggest: Total=10.42ms | Init=0.02ms | TrieExpand(x13)=10.35ms | Scoring=0.05ms | inputSize=1
06-07 12:02:00.274 26956 26992 I VkSuggestions: decode typedLen=1 candidates=18 locales=1 25.0ms
06-07 12:02:00.275 26956 26992 W VkSuggestions: slow frame 25.0ms locales=1 typedLen=1 candidates=18
06-07 12:02:00.276 26956 26992 I VkSuggestions: strip composing typedLen=1 candidates=19 autocorrect=false top=d locale=en
06-07 12:02:00.532 26956 26956 I SpaceAssistPopup: ▶ fetch start fieldChars=37 inFlight=true cached=false
06-07 12:02:00.541 26956 26956 I SpaceAssistPopup: ○ send ready=false outChars=0
06-07 12:02:00.542 26956 26956 I SpaceAssistPopup: ▶ generation start fieldChars=37 token=49432
06-07 12:02:00.543 26956 27202 I OnDeviceAssist: ▶ assist_ipc task=grammar in=37 chars
06-07 12:02:00.549 26917 27225 I OnDeviceAssist: dispatch task=grammar in=37 chars engine=Ready
06-07 12:02:00.571 26917 27225 I OnDeviceAssist: ▶ runSync task=grammar in=37 chars locale=en
06-07 12:02:00.571 26917 26933 W OnDeviceAssist: ✗ llm task=grammar 786ms: llama_decode failed
06-07 12:02:00.571 26917 27225 I OnDeviceAssist: ○ local grammar skipped: SymSpell unavailable for en
06-07 12:02:00.571 26917 26933 W OnDeviceAssist: failed task=grammar 788ms
06-07 12:02:00.572 26917 27225 I OnDeviceAssist: → llm task=grammar model=qwen2.5-0.5b-instruct-q4_0.gguf temp=0.15 maxTok=50
06-07 12:02:00.572 26956 27226 W OnDeviceAssist: ✗ assist (ime) task=grammar 806ms: llama_decode failed
06-07 12:02:00.690 26956 26956 I SpaceAssistPopup: ○ typing idle scheduled
06-07 12:02:00.750 26917 27225 W OnDeviceAssist: ✗ llm task=grammar 179ms: Assist prompt decode failed
06-07 12:02:00.750 26917 26934 I OnDeviceAssist: warm ok model=qwen2.5-0.5b-instruct-q4_0.gguf ambient=40 chars 446ms
06-07 12:02:00.750 26917 27225 W OnDeviceAssist: failed task=grammar 201ms
06-07 12:02:00.751 26956 27379 W OnDeviceAssist: ✗ assist (ime) task=grammar 208ms: Assist prompt decode failed
06-07 12:02:00.754 26956 26956 W SpaceAssistPopup: ✗ generation failed 213ms: Assist prompt decode failed preview=0 overlay=false
06-07 12:02:00.754 26956 26956 W SpaceAssistPopup: failed: Assist prompt decode failed
06-07 12:02:00.754 26956 26956 I SpaceAssistPopup: ○ send ready=false outChars=0
06-07 12:02:00.791 26956 26992 I VkSuggestions: strip prediction typedLen=0 candidates=3 autocorrect=false top=few locale=en
06-07 12:02:01.075 26917 27598 I OnDeviceAssist: warm ok model=qwen2.5-0.5b-instruct-q4_0.gguf ambient=40 chars 0ms
06-07 12:02:01.080 26956 26956 I SpaceAssistPopup: ▶ fetch start fieldChars=36 inFlight=false cached=false
06-07 12:02:01.082 26956 26956 I SpaceAssistPopup: ○ send ready=false outChars=0
06-07 12:02:01.083 26956 26956 I SpaceAssistPopup: ▶ generation start fieldChars=36 token=62366
06-07 12:02:01.084 26956 27202 I OnDeviceAssist: ▶ assist_ipc task=grammar in=36 chars
06-07 12:02:01.094 26917 27225 I OnDeviceAssist: dispatch task=grammar in=36 chars engine=Ready
06-07 12:02:01.095 26917 27225 I OnDeviceAssist: ▶ runSync task=grammar in=36 chars locale=en
06-07 12:02:01.095 26917 27225 I OnDeviceAssist: ○ local grammar skipped: SymSpell unavailable for en
06-07 12:02:01.095 26917 27225 I OnDeviceAssist: → llm task=grammar model=qwen2.5-0.5b-instruct-q4_0.gguf temp=0.15 maxTok=48
06-07 12:02:01.249 26956 26956 I SpaceAssistPopup: ○ typing idle scheduled
06-07 12:02:01.370 26956 26992 W VibeKeyProfiler: Slow Native Suggest: Total=20.92ms | Init=0.03ms | TrieExpand(x16)=20.80ms | Scoring=0.09ms | inputSize=1
06-07 12:02:01.382 26956 26992 W VibeKeyProfiler: Slow Native Suggest: Total=10.74ms | Init=0.03ms | TrieExpand(x12)=10.65ms | Scoring=0.05ms | inputSize=1
06-07 12:02:01.383 26956 26992 W VkSuggestions: slow frame 33.2ms locales=1 typedLen=1 candidates=18
06-07 12:02:01.385 26956 26992 I VkSuggestions: strip composing typedLen=1 candidates=19 autocorrect=false top=f locale=en
06-07 12:02:01.495 26956 26956 I SpaceAssistPopup: ○ typing idle scheduled
06-07 12:02:01.610 26956 26992 W VibeKeyProfiler: Slow Native Suggest: Total=10.58ms | Init=0.16ms | TrieExpand(x16)=10.36ms | Scoring=0.06ms | inputSize=2
06-07 12:02:01.622 26956 26992 W VibeKeyProfiler: Slow Native Suggest: Total=11.05ms | Init=0.03ms | TrieExpand(x13)=10.97ms | Scoring=0.05ms | inputSize=2
06-07 12:02:01.623 26956 26992 I VkSuggestions: decode typedLen=2 candidates=18 locales=1 23.3ms
06-07 12:02:01.624 26956 26992 W VkSuggestions: slow frame 23.3ms locales=1 typedLen=2 candidates=18
06-07 12:02:01.629 26956 26992 I VkAutocorrect: offered: fe → fe
06-07 12:02:01.631 26956 26992 I VkSuggestions: strip composing typedLen=2 candidates=19 autocorrect=true top=fe locale=en
06-07 12:02:01.681 26956 26956 I SpaceAssistPopup: ○ typing idle scheduled
06-07 12:02:01.789 26956 26992 I VkSuggestions: decode typedLen=3 candidates=18 locales=1 7.8ms
06-07 12:02:01.790 26956 26992 I VkSuggestions: strip composing typedLen=3 candidates=16 autocorrect=false top=few locale=en
06-07 12:02:01.885 26956 27476 I OnDeviceAssist: … stream task=grammar chunk#1 +27 total=27
06-07 12:02:01.885 26956 26956 I SpaceAssistPopup: … stream chunk#1 +27 previewLen=27 overlay=false
06-07 12:02:02.027 26956 26956 I SpaceAssistPopup: … stream chunk#2 +11 previewLen=38 overlay=false
06-07 12:02:02.028 26956 26956 I SpaceAssistPopup: ▶ overlay show: stream
06-07 12:02:02.028 26956 26956 I SpaceAssistPopup: → preview publish len=38 overlay=true force=false strip=true
06-07 12:02:02.035 26956 26956 I SpaceAssistPopup: ○ send ready=false outChars=36
06-07 12:02:02.065 26956 26956 I SpaceAssistPopup: ▶ fetch start fieldChars=39 inFlight=true cached=false
06-07 12:02:02.069 26956 26956 I SpaceAssistPopup: ○ send ready=false outChars=0
06-07 12:02:02.069 26956 26956 I SpaceAssistPopup: ▶ generation start fieldChars=39 token=55534
06-07 12:02:02.070 26956 26978 I OnDeviceAssist: ▶ assist_ipc task=grammar in=39 chars
06-07 12:02:02.070 26917 27225 W OnDeviceAssist: ✗ llm task=grammar 975ms: llama_decode failed
06-07 12:02:02.070 26917 27225 W OnDeviceAssist: failed task=grammar 976ms
06-07 12:02:02.071 26956 27226 W OnDeviceAssist: ✗ assist (ime) task=grammar 987ms: llama_decode failed
06-07 12:02:02.071 26917 27598 I OnDeviceAssist: warm ok model=qwen2.5-0.5b-instruct-q4_0.gguf ambient=40 chars 423ms
06-07 12:02:02.075 26917 26933 I OnDeviceAssist: dispatch task=grammar in=39 chars engine=Ready
06-07 12:02:02.075 26917 26933 I OnDeviceAssist: ▶ runSync task=grammar in=39 chars locale=en
06-07 12:02:02.075 26917 26933 I OnDeviceAssist: ○ local grammar skipped: SymSpell unavailable for en
06-07 12:02:02.075 26917 26933 I OnDeviceAssist: → llm task=grammar model=qwen2.5-0.5b-instruct-q4_0.gguf temp=0.15 maxTok=51
06-07 12:02:02.103 26956 26956 I VkAutocorrect: kept (typing): few
06-07 12:02:02.104 26956 26956 I SpaceAssistPopup: ○ typing idle scheduled
06-07 12:02:02.206 26956 26992 I VkSuggestions: decode typedLen=0 candidates=3 locales=1 0.6ms
06-07 12:02:02.209 26956 26992 I VkSuggestions: strip prediction typedLen=0 candidates=3 autocorrect=false top=years locale=en
06-07 12:02:02.495 26956 26956 I SpaceAssistPopup: ▶ fetch start fieldChars=40 inFlight=true cached=false
06-07 12:02:02.500 26956 26956 I SpaceAssistPopup: ○ send ready=false outChars=0
06-07 12:02:02.500 26917 26933 W OnDeviceAssist: ✗ llm task=grammar 425ms: Assist prompt decode failed
06-07 12:02:02.501 26917 26933 W OnDeviceAssist: failed task=grammar 426ms
06-07 12:02:02.501 26956 26956 I SpaceAssistPopup: ▶ generation start fieldChars=40 token=56360
06-07 12:02:02.501 26956 27476 W OnDeviceAssist: ✗ assist (ime) task=grammar 431ms: Assist prompt decode failed
06-07 12:02:02.501 26956 26979 I OnDeviceAssist: ▶ assist_ipc task=grammar in=40 chars
06-07 12:02:02.510 26956 26956 I SpaceAssistPopup: ○ typing idle scheduled
06-07 12:02:02.511 26917 26933 I OnDeviceAssist: dispatch task=grammar in=40 chars engine=Ready
06-07 12:02:02.511 26917 26933 I OnDeviceAssist: ▶ runSync task=grammar in=40 chars locale=en
06-07 12:02:02.511 26917 26933 I OnDeviceAssist: ○ local grammar skipped: SymSpell unavailable for en
06-07 12:02:02.511 26917 26933 I OnDeviceAssist: → llm task=grammar model=qwen2.5-0.5b-instruct-q4_0.gguf temp=0.15 maxTok=51
06-07 12:02:02.634 26956 26992 W VibeKeyProfiler: Slow Native Suggest: Total=15.26ms | Init=0.59ms | TrieExpand(x16)=14.64ms | Scoring=0.03ms | inputSize=1
06-07 12:02:02.638 26956 26992 I VkSuggestions: decode typedLen=1 candidates=18 locales=1 19.6ms
06-07 12:02:02.639 26956 26992 W VkSuggestions: slow frame 19.6ms locales=1 typedLen=1 candidates=18
06-07 12:02:02.640 26956 26992 I VkSuggestions: strip composing typedLen=1 candidates=19 autocorrect=false top=w locale=en
06-07 12:02:02.710 26917 26933 W OnDeviceAssist: ✗ llm task=grammar 199ms: Assist prompt decode failed
06-07 12:02:02.710 26917 27598 I OnDeviceAssist: warm ok model=qwen2.5-0.5b-instruct-q4_0.gguf ambient=40 chars 113ms
06-07 12:02:02.710 26917 26933 W OnDeviceAssist: failed task=grammar 199ms
06-07 12:02:02.711 26956 27292 W OnDeviceAssist: ✗ assist (ime) task=grammar 210ms: Assist prompt decode failed
06-07 12:02:02.714 26956 26956 I SpaceAssistPopup: ○ typing idle scheduled
06-07 12:02:02.714 26956 26956 W SpaceAssistPopup: ✗ generation failed 214ms: Assist prompt decode failed preview=0 overlay=true
06-07 12:02:02.715 26956 26956 W SpaceAssistPopup: failed: Assist prompt decode failed
06-07 12:02:02.715 26956 26956 I SpaceAssistPopup: ○ send ready=false outChars=0
06-07 12:02:02.724 26956 26956 I SpaceAssistPopup: ○ overlay hide: post_hide
06-07 12:02:02.820 26956 26992 I VkSuggestions: decode typedLen=2 candidates=18 locales=1 6.7ms
06-07 12:02:02.821 26956 26992 I VkSuggestions: strip composing typedLen=2 candidates=15 autocorrect=false top=we locale=en
06-07 12:02:02.843 26956 26956 I SpaceAssistPopup: ○ typing idle scheduled
06-07 12:02:02.951 26956 26992 I VkSuggestions: decode typedLen=3 candidates=18 locales=1 7.3ms
06-07 12:02:02.952 26956 26992 I VkSuggestions: strip composing typedLen=3 candidates=16 autocorrect=false top=wee locale=en
06-07 12:02:03.000 26956 26956 I SpaceAssistPopup: ○ typing idle scheduled
06-07 12:02:03.022 26917 26934 I OnDeviceAssist: warm ok model=qwen2.5-0.5b-instruct-q4_0.gguf ambient=40 chars 0ms
06-07 12:02:03.106 26956 26992 I VkSuggestions: decode typedLen=4 candidates=18 locales=1 6.5ms
06-07 12:02:03.108 26956 26992 I VkSuggestions: strip composing typedLen=4 candidates=14 autocorrect=false top=week locale=en
06-07 12:02:03.120 26956 26956 I SpaceAssistPopup: ○ typing idle scheduled
06-07 12:02:03.225 26956 26992 I VkSuggestions: decode typedLen=5 candidates=18 locales=1 4.9ms
06-07 12:02:03.227 26956 26992 I VkSuggestions: strip composing typedLen=5 candidates=11 autocorrect=false top=weeks locale=en
06-07 12:02:03.313 26956 26956 I VkAutocorrect: kept (typing): weeks
06-07 12:02:03.314 26956 26956 I SpaceAssistPopup: ○ typing idle scheduled
06-07 12:02:03.415 26956 26992 I VkSuggestions: decode typedLen=0 candidates=3 locales=1 0.5ms
06-07 12:02:03.417 26956 26992 I VkSuggestions: strip prediction typedLen=0 candidates=3 autocorrect=false top=and locale=en
06-07 12:02:03.706 26956 26956 I SpaceAssistPopup: ▶ fetch start fieldChars=46 inFlight=false cached=false
06-07 12:02:03.708 26956 26956 I SpaceAssistPopup: ○ send ready=false outChars=0
06-07 12:02:03.709 26956 26956 I SpaceAssistPopup: ▶ generation start fieldChars=46 token=40789
06-07 12:02:03.711 26956 27076 I OnDeviceAssist: ▶ assist_ipc task=grammar in=46 chars
06-07 12:02:03.725 26917 26934 I OnDeviceAssist: dispatch task=grammar in=46 chars engine=Ready
06-07 12:02:03.726 26917 26934 I OnDeviceAssist: ▶ runSync task=grammar in=46 chars locale=en
06-07 12:02:03.726 26917 26934 I OnDeviceAssist: ○ local grammar skipped: SymSpell unavailable for en
06-07 12:02:03.727 26917 26934 I OnDeviceAssist: → llm task=grammar model=qwen2.5-0.5b-instruct-q4_0.gguf temp=0.15 maxTok=54
06-07 12:02:03.941 26956 26956 I SpaceAssistPopup: ○ typing idle scheduled
06-07 12:02:04.062 26956 26992 W VibeKeyProfiler: Slow Native Suggest: Total=20.64ms | Init=0.96ms | TrieExpand(x21)=19.61ms | Scoring=0.07ms | inputSize=1
06-07 12:02:04.072 26956 26992 I VkSuggestions: decode typedLen=1 candidates=18 locales=1 30.4ms
06-07 12:02:04.073 26956 26992 W VkSuggestions: slow frame 30.4ms locales=1 typedLen=1 candidates=18
06-07 12:02:04.076 26956 26992 I VkSuggestions: strip composing typedLen=1 candidates=15 autocorrect=false top=i locale=en
06-07 12:02:04.156 26956 26956 I SpaceAssistPopup: ○ typing idle scheduled
06-07 12:02:04.276 26956 26992 W VibeKeyProfiler: Slow Native Suggest: Total=12.63ms | Init=0.13ms | TrieExpand(x21)=12.42ms | Scoring=0.08ms | inputSize=2
06-07 12:02:04.288 26956 26992 W VibeKeyProfiler: Slow Native Suggest: Total=11.32ms | Init=0.03ms | TrieExpand(x13)=11.22ms | Scoring=0.07ms | inputSize=2
06-07 12:02:04.289 26956 26992 I VkSuggestions: decode typedLen=2 candidates=18 locales=1 25.5ms
06-07 12:02:04.290 26956 26992 W VkSuggestions: slow frame 25.5ms locales=1 typedLen=2 candidates=18
06-07 12:02:04.293 26956 26992 I VkSuggestions: strip composing typedLen=2 candidates=17 autocorrect=false top=in locale=en
06-07 12:02:04.349 26956 26956 I SpaceAssistPopup: ○ typing idle scheduled
06-07 12:02:04.460 26956 26992 I VkSuggestions: decode typedLen=3 candidates=18 locales=1 9.8ms
06-07 12:02:04.462 26956 26992 I VkSuggestions: strip composing typedLen=3 candidates=18 autocorrect=false top=inb locale=en
06-07 12:02:04.606 26956 27292 I OnDeviceAssist: … stream task=grammar chunk#1 +27 total=27
06-07 12:02:04.608 26956 26956 I SpaceAssistPopup: … stream chunk#1 +27 previewLen=27 overlay=false
06-07 12:02:04.720 26956 26956 I SpaceAssistPopup: … stream chunk#2 +11 previewLen=38 overlay=false
06-07 12:02:04.720 26956 26956 I SpaceAssistPopup: ▶ overlay show: stream
06-07 12:02:04.720 26956 26956 I SpaceAssistPopup: → preview publish len=38 overlay=true force=false strip=true
06-07 12:02:04.729 26956 26956 I SpaceAssistPopup: ○ send ready=false outChars=36
06-07 12:02:04.736 26956 26956 I SpaceAssistPopup: ▶ fetch start fieldChars=49 inFlight=true cached=false
06-07 12:02:04.738 26956 26956 I SpaceAssistPopup: ○ send ready=false outChars=0
06-07 12:02:04.738 26956 26956 I SpaceAssistPopup: ▶ generation start fieldChars=49 token=54543
06-07 12:02:04.739 26956 27076 I OnDeviceAssist: ▶ assist_ipc task=grammar in=49 chars
06-07 12:02:04.747 26917 26934 W OnDeviceAssist: ✗ llm task=grammar 1020ms: llama_decode failed
06-07 12:02:04.747 26917 27598 I OnDeviceAssist: warm ok model=qwen2.5-0.5b-instruct-q4_0.gguf ambient=40 chars 520ms
06-07 12:02:04.748 26917 26934 W OnDeviceAssist: failed task=grammar 1023ms
06-07 12:02:04.748 26956 26970 W OnDeviceAssist: ✗ assist (ime) task=grammar 1037ms: llama_decode failed
06-07 12:02:04.750 26917 26933 I OnDeviceAssist: dispatch task=grammar in=49 chars engine=Ready
06-07 12:02:04.750 26917 26933 I OnDeviceAssist: ▶ runSync task=grammar in=49 chars locale=en
06-07 12:02:04.750 26917 26933 I OnDeviceAssist: ○ local grammar skipped: SymSpell unavailable for en
06-07 12:02:04.751 26917 26933 I OnDeviceAssist: → llm task=grammar model=qwen2.5-0.5b-instruct-q4_0.gguf temp=0.15 maxTok=56
06-07 12:02:05.111 26956 26956 I SpaceAssistPopup: ○ typing idle scheduled
06-07 12:02:05.226 26956 26992 W VibeKeyProfiler: Slow Native Suggest: Total=13.61ms | Init=0.44ms | TrieExpand(x21)=13.08ms | Scoring=0.09ms | inputSize=2
06-07 12:02:05.239 26956 26992 W VibeKeyProfiler: Slow Native Suggest: Total=12.23ms | Init=0.04ms | TrieExpand(x13)=12.13ms | Scoring=0.06ms | inputSize=2
06-07 12:02:05.241 26956 26992 I VkSuggestions: decode typedLen=2 candidates=18 locales=1 28.1ms
06-07 12:02:05.241 26956 26992 W VkSuggestions: slow frame 28.1ms locales=1 typedLen=2 candidates=18
06-07 12:02:05.245 26956 26992 I VkSuggestions: strip composing typedLen=2 candidates=17 autocorrect=false top=in locale=en
06-07 12:02:05.506 26956 26956 I SpaceAssistPopup: ▶ fetch start fieldChars=48 inFlight=true cached=false
06-07 12:02:05.507 26917 26933 W OnDeviceAssist: ✗ llm task=grammar 756ms: llama_decode failed
06-07 12:02:05.507 26917 26934 I OnDeviceAssist: warm ok model=qwen2.5-0.5b-instruct-q4_0.gguf ambient=40 chars 226ms
06-07 12:02:05.507 26917 26934 W OnDeviceAssist: failed task=grammar 757ms
06-07 12:02:05.507 26956 26956 I SpaceAssistPopup: ○ send ready=false outChars=0
06-07 12:02:05.507 26956 26956 I SpaceAssistPopup: ▶ generation start fieldChars=48 token=58748
06-07 12:02:05.508 26956 26970 W OnDeviceAssist: ✗ assist (ime) task=grammar 770ms: llama_decode failed
06-07 12:02:05.508 26956 26979 I OnDeviceAssist: ▶ assist_ipc task=grammar in=48 chars
06-07 12:02:05.511 26917 26934 I OnDeviceAssist: dispatch task=grammar in=48 chars engine=Ready
06-07 12:02:05.511 26917 26934 I OnDeviceAssist: ▶ runSync task=grammar in=48 chars locale=en
06-07 12:02:05.511 26917 26934 I OnDeviceAssist: ○ local grammar skipped: SymSpell unavailable for en
06-07 12:02:05.511 26917 26934 I OnDeviceAssist: → llm task=grammar model=qwen2.5-0.5b-instruct-q4_0.gguf temp=0.15 maxTok=56
06-07 12:02:05.542 26956 26956 I VkAutocorrect: kept (typing): in
06-07 12:02:05.543 26956 26956 I SpaceAssistPopup: ○ typing idle scheduled
06-07 12:02:05.646 26956 26992 I VkSuggestions: decode typedLen=0 candidates=4 locales=1 0.9ms
06-07 12:02:05.649 26956 26992 I VkSuggestions: strip prediction typedLen=0 candidates=3 autocorrect=false top=a locale=en
06-07 12:02:05.941 26956 26956 I SpaceAssistPopup: ○ typing idle scheduled
06-07 12:02:05.953 26956 26956 I SpaceAssistPopup: ▶ fetch start fieldChars=50 inFlight=true cached=false
06-07 12:02:05.957 26956 26956 I SpaceAssistPopup: ○ send ready=false outChars=0
06-07 12:02:05.958 26956 26956 I SpaceAssistPopup: ▶ generation start fieldChars=50 token=14689
06-07 12:02:05.958 26917 26934 W OnDeviceAssist: ✗ llm task=grammar 447ms: Assist prompt decode failed
06-07 12:02:05.959 26917 26934 W OnDeviceAssist: failed task=grammar 448ms
06-07 12:02:05.959 26956 27226 W OnDeviceAssist: ✗ assist (ime) task=grammar 451ms: Assist prompt decode failed
06-07 12:02:05.960 26956 27076 I OnDeviceAssist: ▶ assist_ipc task=grammar in=50 chars
06-07 12:02:05.964 26917 26934 I OnDeviceAssist: dispatch task=grammar in=50 chars engine=Ready
06-07 12:02:05.964 26917 26934 I OnDeviceAssist: ▶ runSync task=grammar in=50 chars locale=en
06-07 12:02:05.964 26917 26934 I OnDeviceAssist: ○ local grammar skipped: SymSpell unavailable for en
06-07 12:02:05.964 26917 26934 I OnDeviceAssist: → llm task=grammar model=qwen2.5-0.5b-instruct-q4_0.gguf temp=0.15 maxTok=56
06-07 12:02:06.058 26956 26992 W VibeKeyProfiler: Slow Native Suggest: Total=17.32ms | Init=0.92ms | TrieExpand(x14)=16.27ms | Scoring=0.13ms | inputSize=1
06-07 12:02:06.067 26956 26992 W VibeKeyProfiler: Slow Native Suggest: Total=8.52ms | Init=0.04ms | TrieExpand(x13)=8.44ms | Scoring=0.05ms | inputSize=1
06-07 12:02:06.068 26956 26992 I VkSuggestions: decode typedLen=1 candidates=18 locales=1 27.7ms
06-07 12:02:06.069 26956 26992 W VkSuggestions: slow frame 27.7ms locales=1 typedLen=1 candidates=18
06-07 12:02:06.071 26956 26992 I VkSuggestions: strip composing typedLen=1 candidates=18 autocorrect=false top=m locale=en
06-07 12:02:06.156 26917 26934 W OnDeviceAssist: ✗ llm task=grammar 192ms: Assist prompt decode failed
06-07 12:02:06.156 26917 26933 I OnDeviceAssist: warm ok model=qwen2.5-0.5b-instruct-q4_0.gguf ambient=40 chars 124ms
06-07 12:02:06.156 26917 27225 W OnDeviceAssist: failed task=grammar 192ms
06-07 12:02:06.157 26956 27226 W OnDeviceAssist: ✗ assist (ime) task=grammar 196ms: Assist prompt decode failed
06-07 12:02:06.158 26956 26956 W SpaceAssistPopup: ✗ generation failed 201ms: Assist prompt decode failed preview=0 overlay=true
06-07 12:02:06.159 26956 26956 W SpaceAssistPopup: failed: Assist prompt decode failed
06-07 12:02:06.159 26956 26956 I SpaceAssistPopup: ○ send ready=false outChars=0
06-07 12:02:06.161 26956 26956 I SpaceAssistPopup: ○ overlay hide: typing
06-07 12:02:06.162 26956 26956 I SpaceAssistPopup: ○ typing idle scheduled
06-07 12:02:06.278 26956 26992 I VkSuggestions: decode typedLen=2 candidates=18 locales=1 15.5ms
06-07 12:02:06.281 26956 26992 I VkSuggestions: strip composing typedLen=2 candidates=19 autocorrect=false top=mi locale=en
06-07 12:02:06.389 26956 26956 I SpaceAssistPopup: ○ typing idle scheduled
06-07 12:02:06.405 26956 26956 I SpaceAssistPopup: ○ typing idle scheduled
06-07 12:02:06.468 26917 27225 I OnDeviceAssist: warm ok model=qwen2.5-0.5b-instruct-q4_0.gguf ambient=40 chars 0ms
06-07 12:02:06.518 26956 26992 W VibeKeyProfiler: Slow Native Suggest: Total=9.56ms | Init=0.38ms | TrieExpand(x17)=9.14ms | Scoring=0.05ms | inputSize=4
06-07 12:02:06.528 26956 26992 W VibeKeyProfiler: Slow Native Suggest: Total=9.59ms | Init=0.03ms | TrieExpand(x12)=9.51ms | Scoring=0.05ms | inputSize=4
06-07 12:02:06.530 26956 26992 I VkSuggestions: decode typedLen=4 candidates=18 locales=1 21.2ms
06-07 12:02:06.530 26956 26992 W VkSuggestions: slow frame 21.2ms locales=1 typedLen=4 candidates=18
06-07 12:02:06.533 26956 26992 I VkAutocorrect: offered: mima → mima
06-07 12:02:06.533 26956 26992 I VkSuggestions: strip composing typedLen=4 candidates=19 autocorrect=true top=mima locale=en
06-07 12:02:06.640 26956 26956 I SpaceAssistPopup: ○ typing idle scheduled
06-07 12:02:06.750 26956 26992 I VkSuggestions: decode typedLen=5 candidates=18 locales=1 9.2ms
06-07 12:02:06.752 26956 26992 I VkAutocorrect: offered: mimai → mimai
06-07 12:02:06.753 26956 26992 I VkSuggestions: strip composing typedLen=5 candidates=18 autocorrect=true top=mimai locale=en
06-07 12:02:07.030 26956 26956 I SpaceAssistPopup: ▶ fetch start fieldChars=54 inFlight=false cached=false
06-07 12:02:07.032 26956 26956 I SpaceAssistPopup: ○ send ready=false outChars=0
06-07 12:02:07.033 26956 26956 I SpaceAssistPopup: ▶ generation start fieldChars=54 token=28260
06-07 12:02:07.034 26956 27076 I OnDeviceAssist: ▶ assist_ipc task=grammar in=54 chars
06-07 12:02:07.047 26917 27598 I OnDeviceAssist: dispatch task=grammar in=54 chars engine=Ready
06-07 12:02:07.048 26917 27598 I OnDeviceAssist: ▶ runSync task=grammar in=54 chars locale=en
06-07 12:02:07.048 26917 27598 I OnDeviceAssist: ○ local grammar skipped: SymSpell unavailable for en
06-07 12:02:07.049 26917 27598 I OnDeviceAssist: → llm task=grammar model=qwen2.5-0.5b-instruct-q4_0.gguf temp=0.15 maxTok=59
06-07 12:02:07.453 26956 26956 I VkAutocorrect: picked: Miami
06-07 12:02:07.561 26956 26992 I VkSuggestions: decode typedLen=0 candidates=3 locales=1 0.6ms
06-07 12:02:07.564 26956 26992 I VkSuggestions: strip prediction typedLen=0 candidates=3 autocorrect=false top=on locale=en
06-07 12:02:08.001 26956 27226 I OnDeviceAssist: … stream task=grammar chunk#1 +27 total=27
06-07 12:02:08.003 26956 26956 I SpaceAssistPopup: … stream chunk#1 +27 previewLen=27 overlay=false
06-07 12:02:08.004 26956 26956 I SpaceAssistPopup: ▶ overlay show: stream
06-07 12:02:08.004 26956 26956 I SpaceAssistPopup: → preview publish len=27 overlay=true force=false strip=true
06-07 12:02:08.038 26956 26956 I SpaceAssistPopup: ○ send ready=false outChars=27
06-07 12:02:08.130 26956 26956 I SpaceAssistPopup: … stream chunk#2 +11 previewLen=38 overlay=true
06-07 12:02:08.493 26956 26956 I SpaceAssistPopup: … stream chunk#3 +18 previewLen=56 overlay=true
06-07 12:02:08.719 26956 26956 I VkAutocorrect: picked: beach
06-07 12:02:08.752 26956 27226 I OnDeviceAssist: … stream task=grammar chunk#4 +20 total=76
06-07 12:02:08.752 26956 26956 I SpaceAssistPopup: … stream chunk#4 +20 previewLen=76 overlay=true
06-07 12:02:08.822 26956 26992 I VkSuggestions: strip prediction typedLen=0 candidates=3 autocorrect=false top=is locale=en
06-07 12:02:08.832 26956 26956 I SpaceAssistPopup: ▶ overlay show: resume
06-07 12:02:08.833 26956 26956 I SpaceAssistPopup: → preview publish len=76 overlay=true force=false strip=true
06-07 12:02:08.843 26956 26956 I SpaceAssistPopup: ○ send ready=false outChars=38
06-07 12:02:08.844 26956 26956 I SpaceAssistPopup: ▶ overlay show: resume
06-07 12:02:08.844 26956 26956 I SpaceAssistPopup: → preview publish len=76 overlay=true force=false strip=true
06-07 12:02:08.853 26956 26956 I SpaceAssistPopup: ○ send ready=false outChars=38
06-07 12:02:09.088 26956 26956 I SpaceAssistPopup: … stream chunk#5 +21 previewLen=97 overlay=true
06-07 12:02:09.109 26917 26934 I OnDeviceAssist: warm ok model=qwen2.5-0.5b-instruct-q4_0.gguf ambient=40 chars 1528ms
06-07 12:02:09.110 26917 27598 I OnDeviceAssist: ✓ llm task=grammar 2061ms out=57 chars
06-07 12:02:09.110 26917 26934 I OnDeviceAssist: done task=grammar 2063ms out=57 chars
06-07 12:02:09.110 26956 26970 I OnDeviceAssist: ✓ assist (ime) task=grammar 2076ms in=54 out=57
06-07 12:02:09.124 26956 26956 I SpaceAssistPopup: ✓ generation done out=57 preview=57 overlay=true 2092ms
06-07 12:02:09.124 26956 26956 I SpaceAssistPopup: ▶ overlay show: generation_success
06-07 12:02:09.124 26956 26956 I SpaceAssistPopup: → preview publish len=57 overlay=true force=true strip=true
06-07 12:02:09.124 26956 26956 I SpaceAssistPopup: ▶ send ready=true outChars=57
06-07 12:02:09.125 26956 26956 I SpaceAssistPopup: ▶ overlay show: send_ready
06-07 12:02:09.125 26956 26956 I SpaceAssistPopup: → preview publish len=57 overlay=true force=true strip=true
06-07 12:02:13.082 26956 26956 I SpaceAssistPopup: ○ overlay hide: typing
06-07 12:02:13.082 26956 26956 I SpaceAssistPopup: ○ typing idle scheduled
06-07 12:02:13.471 26956 26956 I SpaceAssistPopup: ▶ fetch start fieldChars=61 inFlight=false cached=true
06-07 12:02:13.472 26956 26956 I SpaceAssistPopup: ○ send ready=false outChars=0
06-07 12:02:13.472 26956 26956 I SpaceAssistPopup: ▶ generation start fieldChars=61 token=25703
06-07 12:02:13.475 26956 27205 I OnDeviceAssist: ▶ assist_ipc task=grammar in=61 chars
06-07 12:02:13.488 26917 26934 I OnDeviceAssist: dispatch task=grammar in=61 chars engine=Ready
06-07 12:02:13.489 26917 26934 I OnDeviceAssist: ▶ runSync task=grammar in=61 chars locale=en
06-07 12:02:13.489 26917 26934 I OnDeviceAssist: ○ local grammar skipped: SymSpell unavailable for en
06-07 12:02:13.490 26917 26934 I OnDeviceAssist: → llm task=grammar model=qwen2.5-0.5b-instruct-q4_0.gguf temp=0.15 maxTok=62
06-07 12:02:14.360 26956 27292 I OnDeviceAssist: … stream task=grammar chunk#1 +27 total=27
06-07 12:02:14.369 26956 26956 I SpaceAssistPopup: … stream chunk#1 +27 previewLen=27 overlay=false
06-07 12:02:14.370 26956 26956 I SpaceAssistPopup: ▶ overlay show: stream
06-07 12:02:14.371 26956 26956 I SpaceAssistPopup: → preview publish len=27 overlay=true force=false strip=true
06-07 12:02:14.399 26956 26956 I SpaceAssistPopup: ○ send ready=false outChars=27
06-07 12:02:14.435 26956 26956 I SpaceAssistPopup: … stream chunk#2 +11 previewLen=38 overlay=true
06-07 12:02:14.680 26956 26956 I SpaceAssistPopup: … stream chunk#3 +23 previewLen=61 overlay=true
06-07 12:02:14.974 26956 27292 I OnDeviceAssist: … stream task=grammar chunk#4 +18 total=79
06-07 12:02:14.975 26956 26956 I SpaceAssistPopup: … stream chunk#4 +18 previewLen=79 overlay=true
06-07 12:02:15.254 26917 27225 I OnDeviceAssist: warm ok model=qwen2.5-0.5b-instruct-q4_0.gguf ambient=40 chars 1255ms
06-07 12:02:15.254 26956 26956 I SpaceAssistPopup: … stream chunk#5 +23 previewLen=102 overlay=true
06-07 12:02:15.254 26917 26934 I OnDeviceAssist: ✓ llm task=grammar 1764ms out=62 chars
06-07 12:02:15.254 26917 26934 I OnDeviceAssist: done task=grammar 1766ms out=62 chars
06-07 12:02:15.255 26956 26970 I OnDeviceAssist: ✓ assist (ime) task=grammar 1780ms in=61 out=62
06-07 12:02:15.267 26956 26956 I SpaceAssistPopup: ✓ generation done out=62 preview=62 overlay=true 1795ms
06-07 12:02:15.267 26956 26956 I SpaceAssistPopup: ▶ overlay show: generation_success
06-07 12:02:15.267 26956 26956 I SpaceAssistPopup: → preview publish len=62 overlay=true force=true strip=true
06-07 12:02:15.267 26956 26956 I SpaceAssistPopup: ▶ send ready=true outChars=62
06-07 12:02:15.268 26956 26956 I SpaceAssistPopup: ▶ overlay show: send_ready
06-07 12:02:15.268 26956 26956 I SpaceAssistPopup: → preview publish len=62 overlay=true force=true strip=true
06-07 12:02:21.473 26956 26956 I SpaceAssistPopup: ○ overlay hide: typing
06-07 12:02:21.474 26956 26956 I SpaceAssistPopup: ○ typing idle scheduled
06-07 12:02:21.858 26956 26956 I SpaceAssistPopup: ▶ fetch start fieldChars=62 inFlight=false cached=true
06-07 12:02:21.859 26956 26956 I SpaceAssistPopup: ○ send ready=false outChars=0
06-07 12:02:21.859 26956 26956 I SpaceAssistPopup: ▶ generation start fieldChars=62 token=33272
06-07 12:02:21.860 26956 27202 I OnDeviceAssist: ▶ assist_ipc task=grammar in=62 chars
06-07 12:02:21.867 26917 26934 I OnDeviceAssist: dispatch task=grammar in=62 chars engine=Ready
06-07 12:02:21.867 26917 26934 I OnDeviceAssist: ▶ runSync task=grammar in=62 chars locale=en
06-07 12:02:21.867 26917 26934 I OnDeviceAssist: ○ local grammar skipped: SymSpell unavailable for en
06-07 12:02:21.867 26917 26934 I OnDeviceAssist: → llm task=grammar model=qwen2.5-0.5b-instruct-q4_0.gguf temp=0.15 maxTok=62
06-07 12:02:22.110 26956 26956 I SpaceAssistPopup: ○ typing idle scheduled
06-07 12:02:22.494 26956 26956 I SpaceAssistPopup: ▶ fetch start fieldChars=61 inFlight=true cached=false
06-07 12:02:22.495 26917 26934 W OnDeviceAssist: ✗ llm task=grammar 628ms: llama_decode failed
06-07 12:02:22.495 26917 27598 I OnDeviceAssist: warm ok model=qwen2.5-0.5b-instruct-q4_0.gguf ambient=40 chars 98ms
06-07 12:02:22.495 26917 26934 W OnDeviceAssist: failed task=grammar 628ms
06-07 12:02:22.495 26956 26956 I SpaceAssistPopup: ○ send ready=false outChars=0
06-07 12:02:22.495 26956 26956 I SpaceAssistPopup: ▶ generation start fieldChars=61 token=27663
06-07 12:02:22.496 26956 27226 W OnDeviceAssist: ✗ assist (ime) task=grammar 636ms: llama_decode failed
06-07 12:02:22.496 26956 27202 I OnDeviceAssist: ▶ assist_ipc task=grammar in=61 chars
06-07 12:02:22.503 26917 27225 I OnDeviceAssist: dispatch task=grammar in=61 chars engine=Ready
06-07 12:02:22.504 26917 27225 I OnDeviceAssist: ▶ runSync task=grammar in=61 chars locale=en
06-07 12:02:22.504 26917 27225 I OnDeviceAssist: ○ local grammar skipped: SymSpell unavailable for en
06-07 12:02:22.504 26917 27225 I OnDeviceAssist: → llm task=grammar model=qwen2.5-0.5b-instruct-q4_0.gguf temp=0.15 maxTok=62
06-07 12:02:23.404 26956 27292 I OnDeviceAssist: … stream task=grammar chunk#1 +27 total=27
06-07 12:02:23.408 26956 26956 I SpaceAssistPopup: … stream chunk#1 +27 previewLen=27 overlay=false
06-07 12:02:23.409 26956 26956 I SpaceAssistPopup: ▶ overlay show: stream
06-07 12:02:23.409 26956 26956 I SpaceAssistPopup: → preview publish len=27 overlay=true force=false strip=true
06-07 12:02:23.440 26956 26956 I SpaceAssistPopup: ○ send ready=false outChars=27
06-07 12:02:23.510 26956 26956 I SpaceAssistPopup: … stream chunk#2 +11 previewLen=38 overlay=true
06-07 12:02:23.878 26956 26956 I SpaceAssistPopup: … stream chunk#3 +23 previewLen=61 overlay=true
06-07 12:02:24.253 26956 27379 I OnDeviceAssist: … stream task=grammar chunk#4 +18 total=79
06-07 12:02:24.254 26956 26956 I SpaceAssistPopup: … stream chunk#4 +18 previewLen=79 overlay=true
06-07 12:02:24.622 26917 26933 I OnDeviceAssist: warm ok model=qwen2.5-0.5b-instruct-q4_0.gguf ambient=40 chars 1594ms
06-07 12:02:24.622 26956 26956 I SpaceAssistPopup: … stream chunk#5 +23 previewLen=102 overlay=true
06-07 12:02:24.622 26917 27225 I OnDeviceAssist: ✓ llm task=grammar 2118ms out=62 chars
06-07 12:02:24.622 26917 27225 I OnDeviceAssist: done task=grammar 2119ms out=62 chars
06-07 12:02:24.622 26956 27379 I OnDeviceAssist: ✓ assist (ime) task=grammar 2126ms in=61 out=62
06-07 12:02:24.635 26956 26956 I SpaceAssistPopup: ✓ generation done out=62 preview=62 overlay=true 2139ms
06-07 12:02:24.635 26956 26956 I SpaceAssistPopup: ▶ overlay show: generation_success
06-07 12:02:24.635 26956 26956 I SpaceAssistPopup: → preview publish len=62 overlay=true force=true strip=true
06-07 12:02:24.635 26956 26956 I SpaceAssistPopup: ▶ send ready=true outChars=62
06-07 12:02:24.636 26956 26956 I SpaceAssistPopup: ▶ overlay show: send_ready
06-07 12:02:24.636 26956 26956 I SpaceAssistPopup: → preview publish len=62 overlay=true force=true strip=true
06-07 12:02:39.874 26956 26956 I SpaceAssistPopup: ○ overlay hide: strip_inactive
06-07 12:02:41.060 26956 26956 I SpaceAssistPopup: ○ send ready=false outChars=0
06-07 12:02:41.060 26956 26956 I VkPanels: ▶ open menu
06-07 12:02:43.429 26956 26992 I VkSuggestions: decode typedLen=5 candidates=18 locales=1 8.8ms
06-07 12:02:43.430 26956 26992 I VkSuggestions: strip composing typedLen=5 candidates=16 autocorrect=false top=beach locale=en
06-07 12:02:47.207 26956 26956 I VkAutocorrect: kept (typing): beach
06-07 12:02:47.208 26956 26956 I SpaceAssistPopup: ○ typing idle scheduled
06-07 12:02:47.310 26956 26992 I VkSuggestions: strip prediction typedLen=0 candidates=3 autocorrect=false top=is locale=en
06-07 12:02:47.596 26956 26956 I SpaceAssistPopup: ▶ fetch start fieldChars=61 inFlight=false cached=false
06-07 12:02:47.604 26956 26956 I SpaceAssistPopup: ○ send ready=false outChars=0
06-07 12:02:47.605 26956 26956 I SpaceAssistPopup: ▶ generation start fieldChars=61 token=42437
06-07 12:02:47.607 26956 27205 I OnDeviceAssist: ▶ assist_ipc task=grammar in=61 chars
06-07 12:02:47.622 26917 27598 I OnDeviceAssist: dispatch task=grammar in=61 chars engine=Ready
06-07 12:02:47.623 26917 27598 I OnDeviceAssist: ▶ runSync task=grammar in=61 chars locale=en
06-07 12:02:47.624 26917 27598 I OnDeviceAssist: ○ local grammar skipped: SymSpell unavailable for en
06-07 12:02:47.625 26917 27598 I OnDeviceAssist: → llm task=grammar model=qwen2.5-0.5b-instruct-q4_0.gguf temp=0.15 maxTok=62
06-07 12:02:48.570 26956 26969 I OnDeviceAssist: … stream task=grammar chunk#1 +27 total=27
06-07 12:02:48.579 26956 26956 I SpaceAssistPopup: … stream chunk#1 +27 previewLen=27 overlay=false
06-07 12:02:48.580 26956 26956 I SpaceAssistPopup: ▶ overlay show: stream
06-07 12:02:48.580 26956 26956 I SpaceAssistPopup: → preview publish len=27 overlay=true force=false strip=true
06-07 12:02:48.615 26956 26956 I SpaceAssistPopup: ○ send ready=false outChars=27
06-07 12:02:48.711 26956 26956 I SpaceAssistPopup: … stream chunk#2 +11 previewLen=38 overlay=true
06-07 12:02:49.073 26956 26956 I SpaceAssistPopup: … stream chunk#3 +18 previewLen=56 overlay=true
06-07 12:02:49.435 26956 27226 I OnDeviceAssist: … stream task=grammar chunk#4 +20 total=76
06-07 12:02:49.441 26956 26956 I SpaceAssistPopup: … stream chunk#4 +20 previewLen=76 overlay=true
06-07 12:02:49.749 26956 26956 I SpaceAssistPopup: … stream chunk#5 +27 previewLen=103 overlay=true
06-07 12:02:49.782 26917 27225 I OnDeviceAssist: warm ok model=qwen2.5-0.5b-instruct-q4_0.gguf ambient=40 chars 1658ms
06-07 12:02:49.782 26917 27598 I OnDeviceAssist: ✓ llm task=grammar 2157ms out=63 chars
06-07 12:02:49.782 26917 27598 I OnDeviceAssist: done task=grammar 2160ms out=63 chars
06-07 12:02:49.783 26956 26969 I OnDeviceAssist: ✓ assist (ime) task=grammar 2176ms in=61 out=63
06-07 12:02:49.793 26956 26956 I SpaceAssistPopup: ✓ generation done out=63 preview=63 overlay=true 2188ms
06-07 12:02:49.793 26956 26956 I SpaceAssistPopup: ▶ overlay show: generation_success
06-07 12:02:49.793 26956 26956 I SpaceAssistPopup: → preview publish len=63 overlay=true force=true strip=true
06-07 12:02:49.793 26956 26956 I SpaceAssistPopup: ▶ send ready=true outChars=63
06-07 12:02:49.793 26956 26956 I SpaceAssistPopup: ▶ overlay show: send_ready
06-07 12:02:49.794 26956 26956 I SpaceAssistPopup: → preview publish len=63 overlay=true force=true strip=true
06-07 12:02:51.771 26956 26956 I SpaceAssistPopup: ✓ send commit chars=63
06-07 12:02:51.772 26956 26956 I SpaceAssistPopup: ○ overlay hide: force_dismiss
