--------- beginning of system
06-01 15:10:35.433   965   965 E OplusCustomizeRestrictionManager: sInstance is null, start a new sInstance
06-01 15:11:51.442   965 10145 E ActivityThread: Failed to find provider info for com.oplus.statistics.provider
06-01 15:11:51.442   965 10145 E OplusStatistics--: IllegalArgumentException:java.lang.IllegalArgumentException: Unknown URL content://com.oplus.statistics.provider/track_event
06-01 15:12:02.735   965 10145 E ActivityThread: Failed to find provider info for com.oplus.statistics.provider
06-01 15:12:02.735   965 10145 E OplusStatistics--: IllegalArgumentException:java.lang.IllegalArgumentException: Unknown URL content://com.oplus.statistics.provider/track_event
06-01 15:12:43.355   965 10145 E ActivityThread: Failed to find provider info for com.oplus.statistics.provider
06-01 15:12:43.355   965 10145 E OplusStatistics--: IllegalArgumentException:java.lang.IllegalArgumentException: Unknown URL content://com.oplus.statistics.provider/track_event
06-01 15:13:32.738   965 10145 E ActivityThread: Failed to find provider info for com.oplus.statistics.provider
06-01 15:13:32.738   965 10145 E OplusStatistics--: IllegalArgumentException:java.lang.IllegalArgumentException: Unknown URL content://com.oplus.statistics.provider/track_event
06-01 15:13:45.763   965 10145 E ActivityThread: Failed to find provider info for com.oplus.statistics.provider
06-01 15:13:45.763   965 10145 E OplusStatistics--: IllegalArgumentException:java.lang.IllegalArgumentException: Unknown URL content://com.oplus.statistics.provider/track_event
--------- beginning of main
06-01 15:14:02.540   965  1008 E BLASTBufferQueue: BLASTBufferItemConsumer::onDisconnect()
06-01 15:14:03.027   965   965 W View    : requestLayout() improperly called by android.widget.LinearLayout{64c2cf4 V.E...... ......ID 0,1973-1440,2923 #7f0a011b app:id/main_keyboard_frame} during layout: running second layout pass
06-01 15:14:06.143   965  1008 E BLASTBufferQueue: BLASTBufferItemConsumer::onDisconnect()
06-01 15:14:07.504   965 10145 E ActivityThread: Failed to find provider info for com.oplus.statistics.provider
06-01 15:14:07.504   965 10145 E OplusStatistics--: IllegalArgumentException:java.lang.IllegalArgumentException: Unknown URL content://com.oplus.statistics.provider/track_event
06-01 15:14:11.320   965  1008 E BLASTBufferQueue: BLASTBufferItemConsumer::onDisconnect()
06-01 15:14:11.485   965   965 W View    : requestLayout() improperly called by android.widget.LinearLayout{1764c39 V.E...... ......ID 0,1973-1440,2923 #7f0a011b app:id/main_keyboard_frame} during layout: running second layout pass
06-01 15:14:14.063   965  1008 E BLASTBufferQueue: BLASTBufferItemConsumer::onDisconnect()
06-01 15:14:14.385   965  1008 E BLASTBufferQueue: BLASTBufferItemConsumer::onDisconnect()
06-01 15:14:14.508   965  1008 E BLASTBufferQueue: BLASTBufferItemConsumer::onDisconnect()
06-01 15:14:14.702   965  1008 E BLASTBufferQueue: BLASTBufferItemConsumer::onDisconnect()
06-01 15:14:14.844   965  1008 E BLASTBufferQueue: BLASTBufferItemConsumer::onDisconnect()
06-01 15:14:15.037   965  1008 E BLASTBufferQueue: BLASTBufferItemConsumer::onDisconnect()
06-01 15:14:15.177   965  1008 E BLASTBufferQueue: BLASTBufferItemConsumer::onDisconnect()
06-01 15:14:15.506   965  1008 E BLASTBufferQueue: BLASTBufferItemConsumer::onDisconnect()
06-01 15:14:17.149   965  1008 E BLASTBufferQueue: BLASTBufferItemConsumer::onDisconnect()
06-01 15:14:17.480   965  1008 E BLASTBufferQueue: BLASTBufferItemConsumer::onDisconnect()
06-01 15:14:17.804   965  1008 E BLASTBufferQueue: BLASTBufferItemConsumer::onDisconnect()
06-01 15:14:18.139   965  1008 E BLASTBufferQueue: BLASTBufferItemConsumer::onDisconnect()
06-01 15:14:19.820   965   965 E GeckoView: Failed to attach WindowInsetsListener: 
06-01 15:14:19.820   965   965 E GeckoView: java.lang.NullPointerException: Attempt to invoke virtual method 'android.view.Window android.app.Activity.getWindow()' on a null object reference
06-01 15:14:19.820   965   965 E GeckoView: 	at org.mozilla.geckoview.GeckoView.attachWindowInsetsListener(r8-map-id-f56a559b31c8511916d0a2f78850a3268df5ee2eeef416c607b72c6681529805:1)
06-01 15:14:19.820   965   965 E GeckoView: 	at org.mozilla.geckoview.GeckoView.onAttachedToWindow(r8-map-id-f56a559b31c8511916d0a2f78850a3268df5ee2eeef416c607b72c6681529805:49)
06-01 15:14:19.820   965   965 E GeckoView: 	at android.view.View.dispatchAttachedToWindow(View.java:20900)
06-01 15:14:19.820   965   965 E GeckoView: 	at android.view.ViewGroup.dispatchAttachedToWindow(ViewGroup.java:3539)
06-01 15:14:19.820   965   965 E GeckoView: 	at android.view.ViewGroup.addViewInner(ViewGroup.java:5378)
06-01 15:14:19.820   965   965 E GeckoView: 	at android.view.ViewGroup.addView(ViewGroup.java:5156)
06-01 15:14:19.820   965   965 E GeckoView: 	at android.view.ViewGroup.addView(ViewGroup.java:5096)
06-01 15:14:19.820   965   965 E GeckoView: 	at helium314.keyboard.latin.panels.BrowserPanelView.Y(r8-map-id-f56a559b31c8511916d0a2f78850a3268df5ee2eeef416c607b72c6681529805:92)
06-01 15:14:19.820   965   965 E GeckoView: 	at helium314.keyboard.latin.panels.BrowserPanelView.X(r8-map-id-f56a559b31c8511916d0a2f78850a3268df5ee2eeef416c607b72c6681529805:299)
06-01 15:14:19.820   965   965 E GeckoView: 	at helium314.keyboard.latin.panels.BrowserPanelView.G0(r8-map-id-f56a559b31c8511916d0a2f78850a3268df5ee2eeef416c607b72c6681529805:58)
06-01 15:14:19.820   965   965 E GeckoView: 	at c5.t.run(r8-map-id-f56a559b31c8511916d0a2f78850a3268df5ee2eeef416c607b72c6681529805:622)
06-01 15:14:19.820   965   965 E GeckoView: 	at g7.y.onGlobalLayout(r8-map-id-f56a559b31c8511916d0a2f78850a3268df5ee2eeef416c607b72c6681529805:8)
06-01 15:14:19.820   965   965 E GeckoView: 	at android.view.ViewTreeObserver.dispatchOnGlobalLayout(ViewTreeObserver.java:1061)
06-01 15:14:19.820   965   965 E GeckoView: 	at android.view.ViewRootImpl.performTraversals(ViewRootImpl.java:3407)
06-01 15:14:19.820   965   965 E GeckoView: 	at android.view.ViewRootImpl.doTraversal(ViewRootImpl.java:2305)
06-01 15:14:19.820   965   965 E GeckoView: 	at android.view.ViewRootImpl$TraversalRunnable.run(ViewRootImpl.java:9133)
06-01 15:14:19.820   965   965 E GeckoView: 	at android.view.Choreographer$CallbackRecord.run(Choreographer.java:1232)
06-01 15:14:19.820   965   965 E GeckoView: 	at android.view.Choreographer.doCallbacks(Choreographer.java:1029)
06-01 15:14:19.820   965   965 E GeckoView: 	at android.view.Choreographer.doFrame(Choreographer.java:934)
06-01 15:14:19.820   965   965 E GeckoView: 	at android.view.Choreographer$FrameDisplayEventReceiver.run(Choreographer.java:1217)
06-01 15:14:19.820   965   965 E GeckoView: 	at android.os.Handler.handleCallback(Handler.java:938)
06-01 15:14:19.820   965   965 E GeckoView: 	at android.os.Handler.dispatchMessage(Handler.java:99)
06-01 15:14:19.820   965   965 E GeckoView: 	at android.os.Looper.loopOnce(Looper.java:233)
06-01 15:14:19.820   965   965 E GeckoView: 	at android.os.Looper.loop(Looper.java:344)
06-01 15:14:19.820   965   965 E GeckoView: 	at android.app.ActivityThread.main(ActivityThread.java:8212)
06-01 15:14:19.820   965   965 E GeckoView: 	at java.lang.reflect.Method.invoke(Native Method)
06-01 15:14:19.820   965   965 E GeckoView: 	at com.android.internal.os.RuntimeInit$MethodAndArgsCaller.run(RuntimeInit.java:584)
06-01 15:14:19.820   965   965 E GeckoView: 	at com.android.internal.os.ZygoteInit.main(ZygoteInit.java:1034)
06-01 15:14:19.871  3482  3508 W GeckoEditableChild: No editable parent
06-01 15:14:19.914   965 11718 E BLASTBufferQueue: BLASTBufferItemConsumer::onDisconnect()
06-01 15:14:20.202  9687  9709 W GeckoEditableChild: No editable parent
06-01 15:14:20.378  9687  9709 W Isolated Web Content: [JavaScript Warning: "Unexpected value auto parsing width attribute." {file: "https://www.cnbc.com/" line: 0}]
06-01 15:14:20.564  9687  9709 W Isolated Web Content: [JavaScript Warning: "Unexpected value auto parsing width attribute." {file: "https://www.cnbc.com/" line: 0}]
06-01 15:14:20.630   965  1036 E BLASTBufferQueue: BLASTBufferItemConsumer::onDisconnect()
06-01 15:14:20.624   965   965 W com.vibekey.keyboard: type=1400 audit(0.0:21362): avc: denied { nlmsg_readpriv } for comm=536F636B657420546872656164 scontext=u:r:untrusted_app:s0:c19,c271,c512,c768 tcontext=u:r:untrusted_app:s0:c19,c271,c512,c768 tclass=netlink_route_socket permissive=0 bug=b/155595000 app=com.vibekey.keyboard
06-01 15:14:20.894   965   965 W com.vibekey.keyboard: type=1400 audit(0.0:21363): avc: denied { nlmsg_readpriv } for comm=536F636B657420546872656164 scontext=u:r:untrusted_app:s0:c19,c271,c512,c768 tcontext=u:r:untrusted_app:s0:c19,c271,c512,c768 tclass=netlink_route_socket permissive=0 bug=b/155595000 app=com.vibekey.keyboard
06-01 15:14:21.014   965   965 W com.vibekey.keyboard: type=1400 audit(0.0:21364): avc: denied { nlmsg_readpriv } for comm=536F636B657420546872656164 scontext=u:r:untrusted_app:s0:c19,c271,c512,c768 tcontext=u:r:untrusted_app:s0:c19,c271,c512,c768 tclass=netlink_route_socket permissive=0 bug=b/155595000 app=com.vibekey.keyboard
06-01 15:14:21.363  9687  9709 E Isolated Web Content: [JavaScript Error: "TypeError: can't access property "remove", window.__EventBus__ is undefined" {file: "https://www.cnbc.com/ line 2 > injectedScript" line: 158}]
06-01 15:14:21.363  9687  9709 E Isolated Web Content: loadParsely/<@https://www.cnbc.com/ line 2 > injectedScript:158:7
06-01 15:14:21.363  9687  9709 E Isolated Web Content: loadParsely@https://www.cnbc.com/ line 2 > injectedScript:160:7
06-01 15:14:21.363  9687  9709 E Isolated Web Content: window.BI.wrapWithOneTrust/<@https://www.cnbc.com/ line 2 > injectedScript:134:7
06-01 15:14:21.363  9687  9709 E Isolated Web Content: waitForObjAvailable@https://www.cnbc.com/ line 2 > injectedScript:36:7
06-01 15:14:21.363  9687  9709 E Isolated Web Content: waitForObjAvailable/<@https://www.cnbc.com/ line 2 > injectedScript:29:14
06-01 15:14:21.385  9687  9709 E Isolated Web Content: [JavaScript Error: "TypeError: can't access property "monitorScroll", window.__EventBus__ is undefined" {file: "https://www.cnbc.com/ line 2 > injectedScript" line: 83}]
06-01 15:14:21.385  9687  9709 E Isolated Web Content: registerEvents@https://www.cnbc.com/ line 2 > injectedScript:83:5
06-01 15:14:21.385  9687  9709 E Isolated Web Content: window.BI.wrapWithOneTrust/<@https://www.cnbc.com/ line 2 > injectedScript:134:7
06-01 15:14:21.385  9687  9709 E Isolated Web Content: waitForObjAvailable@https://www.cnbc.com/ line 2 > injectedScript:36:7
06-01 15:14:21.385  9687  9709 E Isolated Web Content: waitForObjAvailable/<@https://www.cnbc.com/ line 2 > injectedScript:29:14
06-01 15:14:21.393  9687  9709 E Isolated Web Content: [JavaScript Error: "TypeError: can't access property "remove", window.__EventBus__ is undefined" {file: "https://www.cnbc.com/ line 2 > injectedScript" line: 2}]
06-01 15:14:21.384   965   965 W com.vibekey.keyboard: type=1400 audit(0.0:21365): avc: denied { nlmsg_readpriv } for comm=536F636B657420546872656164 scontext=u:r:untrusted_app:s0:c19,c271,c512,c768 tcontext=u:r:untrusted_app:s0:c19,c271,c512,c768 tclass=netlink_route_socket permissive=0 bug=b/155595000 app=com.vibekey.keyboard
06-01 15:14:21.394   965   965 W com.vibekey.keyboard: type=1400 audit(0.0:21366): avc: denied { nlmsg_readpriv } for comm=536F636B657420546872656164 scontext=u:r:untrusted_app:s0:c19,c271,c512,c768 tcontext=u:r:untrusted_app:s0:c19,c271,c512,c768 tclass=netlink_route_socket permissive=0 bug=b/155595000 app=com.vibekey.keyboard
06-01 15:14:21.404   965   965 W com.vibekey.keyboard: type=1400 audit(0.0:21367): avc: denied { nlmsg_readpriv } for comm=536F636B657420546872656164 scontext=u:r:untrusted_app:s0:c19,c271,c512,c768 tcontext=u:r:untrusted_app:s0:c19,c271,c512,c768 tclass=netlink_route_socket permissive=0 bug=b/155595000 app=com.vibekey.keyboard
06-01 15:14:21.495  9687  9709 W Isolated Web Content: [JavaScript Warning: "The script from “https://tag.bounceexchange.com/1021/i.js” was loaded even though its MIME type (“text/plain”) is not a valid JavaScript MIME type." {file: "https://www.cnbc.com/" line: 0}]
06-01 15:14:21.914   965   965 W com.vibekey.keyboard: type=1400 audit(0.0:21375): avc: denied { nlmsg_readpriv } for comm=536F636B657420546872656164 scontext=u:r:untrusted_app:s0:c19,c271,c512,c768 tcontext=u:r:untrusted_app:s0:c19,c271,c512,c768 tclass=netlink_route_socket permissive=0 bug=b/155595000 app=com.vibekey.keyboard
06-01 15:14:21.924   965   965 W com.vibekey.keyboard: type=1400 audit(0.0:21376): avc: denied { nlmsg_readpriv } for comm=536F636B657420546872656164 scontext=u:r:untrusted_app:s0:c19,c271,c512,c768 tcontext=u:r:untrusted_app:s0:c19,c271,c512,c768 tclass=netlink_route_socket permissive=0 bug=b/155595000 app=com.vibekey.keyboard
06-01 15:14:21.986  9687  9709 W Isolated Web Content: [JavaScript Warning: "Ignoring unsupported entryTypes: longtask." {file: "https://static-redesign.cnbcfm.com/dist/main-e0257c9bff4e48305844.js" line: 2}]
06-01 15:14:22.045 10254 10272 W Isolated Web Content: [JavaScript Warning: "This page is in Almost Standards Mode. Page layout may be impacted. For Standards Mode use “<!DOCTYPE html>”." {file: "https://10486893.fls.doubleclick.net/activityi;src=10486893;type=prola0;cat=prola0;rcb=16;ord=9843094805174;npa=0;auiddc=1461122052.1780341104;u1=https%3A%2F%2Fwww.cnbc.com%2F;pscdl=noapi;frm=0;_tu=IFA;gtm=45fe65s0v9190058209za200zd9190058209xec;gcd=13l3l3l3l1l1;dma=0;dc_fmt=2;tag_exp=0~115616986~115938465~115938468~116701382~119027224~119034493~119064590;epver=2;dc_random=1780341261_qwA65HENAWR7tzUuc8ZALz1CbV8pbc9bBQ;_dc_test=1;~oref=https%3A%2F%2Fwww.cnbc.com%2F?" line: 0}]
06-01 15:14:22.034   965   965 W com.vibekey.keyboard: type=1400 audit(0.0:21377): avc: denied { nlmsg_readpriv } for comm=536F636B657420546872656164 scontext=u:r:untrusted_app:s0:c19,c271,c512,c768 tcontext=u:r:untrusted_app:s0:c19,c271,c512,c768 tclass=netlink_route_socket permissive=0 bug=b/155595000 app=com.vibekey.keyboard
06-01 15:14:22.214   965   965 W com.vibekey.keyboard: type=1400 audit(0.0:21378): avc: denied { nlmsg_readpriv } for comm=536F636B657420546872656164 scontext=u:r:untrusted_app:s0:c19,c271,c512,c768 tcontext=u:r:untrusted_app:s0:c19,c271,c512,c768 tclass=netlink_route_socket permissive=0 bug=b/155595000 app=com.vibekey.keyboard
06-01 15:14:22.354   965   965 W com.vibekey.keyboard: type=1400 audit(0.0:21379): avc: denied { nlmsg_readpriv } for comm=536F636B657420546872656164 scontext=u:r:untrusted_app:s0:c19,c271,c512,c768 tcontext=u:r:untrusted_app:s0:c19,c271,c512,c768 tclass=netlink_route_socket permissive=0 bug=b/155595000 app=com.vibekey.keyboard
06-01 15:14:22.923  4992  5011 W Isolated Web Content: [JavaScript Warning: "Content-Security-Policy: Ignoring “'unsafe-inline'” within script-src: ‘strict-dynamic’ specified" {file: "https://www.google.com/recaptcha/enterprise/anchor?ar=1&k=6LfnMFMeAAAAABvWy2u0ZzAqPaVUflZOPibgK-u5&co=aHR0cHM6Ly93d3cuY25iYy5jb206NDQz&hl=en&v=hsFBb1u5wWWWkWP4in1ua2cQ&size=invisible&anchor-ms=20000&execute-ms=30000&cb=rs9deaehxkvv" line: 0}]
06-01 15:14:22.923  4992  5011 W Isolated Web Content: [JavaScript Warning: "Content-Security-Policy: Ignoring “https:” within script-src: ‘strict-dynamic’ specified" {file: "https://www.google.com/recaptcha/enterprise/anchor?ar=1&k=6LfnMFMeAAAAABvWy2u0ZzAqPaVUflZOPibgK-u5&co=aHR0cHM6Ly93d3cuY25iYy5jb206NDQz&hl=en&v=hsFBb1u5wWWWkWP4in1ua2cQ&size=invisible&anchor-ms=20000&execute-ms=30000&cb=rs9deaehxkvv" line: 0}]
06-01 15:14:22.923  4992  5011 W Isolated Web Content: [JavaScript Warning: "Content-Security-Policy: Ignoring “http:” within script-src: ‘strict-dynamic’ specified" {file: "https://www.google.com/recaptcha/enterprise/anchor?ar=1&k=6LfnMFMeAAAAABvWy2u0ZzAqPaVUflZOPibgK-u5&co=aHR0cHM6Ly93d3cuY25iYy5jb206NDQz&hl=en&v=hsFBb1u5wWWWkWP4in1ua2cQ&size=invisible&anchor-ms=20000&execute-ms=30000&cb=rs9deaehxkvv" line: 0}]
06-01 15:14:22.924  4992  5011 W Isolated Web Content: [JavaScript Warning: "Content-Security-Policy: Ignoring “'unsafe-inline'” within script-src: nonce-source or hash-source specified" {file: "https://www.google.com/recaptcha/enterprise/anchor?ar=1&k=6LfnMFMeAAAAABvWy2u0ZzAqPaVUflZOPibgK-u5&co=aHR0cHM6Ly93d3cuY25iYy5jb206NDQz&hl=en&v=hsFBb1u5wWWWkWP4in1ua2cQ&size=invisible&anchor-ms=20000&execute-ms=30000&cb=rs9deaehxkvv" line: 0}]
06-01 15:14:22.924   965   965 W com.vibekey.keyboard: type=1400 audit(0.0:21383): avc: denied { nlmsg_readpriv } for comm=536F636B657420546872656164 scontext=u:r:untrusted_app:s0:c19,c271,c512,c768 tcontext=u:r:untrusted_app:s0:c19,c271,c512,c768 tclass=netlink_route_socket permissive=0 bug=b/155595000 app=com.vibekey.keyboard
06-01 15:14:22.995  9687  9709 E Isolated Web Content: [JavaScript Error: "Cookie “_cookie_test” has been rejected for invalid domain." {file: "https://www.cnbc.com/" line: 0}]
06-01 15:14:22.996  9687  9709 E Isolated Web Content: [JavaScript Error: "Cookie “_cookie_test” has been rejected for invalid domain." {file: "https://www.cnbc.com/" line: 0}]
06-01 15:14:22.999  9687  9709 E Isolated Web Content: [JavaScript Error: "Cookie “_cookie_test” has been rejected for invalid domain." {file: "https://www.cnbc.com/" line: 0}]
06-01 15:14:22.999  9687  9709 E Isolated Web Content: [JavaScript Error: "Cookie “_cookie_test” has been rejected for invalid domain." {file: "https://www.cnbc.com/" line: 0}]
06-01 15:14:23.000  9687  9709 E Isolated Web Content: [JavaScript Error: "Cookie “_cookie_test” has been rejected for invalid domain." {file: "https://www.cnbc.com/" line: 0}]
06-01 15:14:23.000  9687  9709 E Isolated Web Content: [JavaScript Error: "Cookie “_cookie_test” has been rejected for invalid domain." {file: "https://www.cnbc.com/" line: 0}]
06-01 15:14:23.009  9687  9709 E Isolated Web Content: [JavaScript Error: "Cookie “_cookie_test” has been rejected for invalid domain." {file: "https://www.cnbc.com/" line: 0}]
06-01 15:14:23.010  9687  9709 E Isolated Web Content: [JavaScript Error: "Cookie “_cookie_test” has been rejected for invalid domain." {file: "https://www.cnbc.com/" line: 0}]
06-01 15:14:23.014   965   965 W com.vibekey.keyboard: type=1400 audit(0.0:21384): avc: denied { nlmsg_readpriv } for comm=536F636B657420546872656164 scontext=u:r:untrusted_app:s0:c19,c271,c512,c768 tcontext=u:r:untrusted_app:s0:c19,c271,c512,c768 tclass=netlink_route_socket permissive=0 bug=b/155595000 app=com.vibekey.keyboard
06-01 15:14:23.114  4992  5011 W Isolated Web Content: [JavaScript Warning: "Ignoring unsupported entryTypes: longtask." {file: "https://www.gstatic.com/recaptcha/releases/hsFBb1u5wWWWkWP4in1ua2cQ/recaptcha__en.js" line: 727}]
06-01 15:14:23.240  9687  9709 E Isolated Web Content: [JavaScript Error: "Cookie “_cookie_test” has been rejected for invalid domain." {file: "https://www.cnbc.com/" line: 0}]
06-01 15:14:23.241  9687  9709 E Isolated Web Content: [JavaScript Error: "Cookie “_cookie_test” has been rejected for invalid domain." {file: "https://www.cnbc.com/" line: 0}]
06-01 15:14:23.277  9687  9709 W Isolated Web Content: [JavaScript Warning: "Ignoring unsupported entryTypes: layout-shift." {file: "https://cdn.tinypass.com/api/tinypass.min.js" line: 1}]
06-01 15:14:23.377  9687  9709 E Isolated Web Content: [JavaScript Error: "Cookie “_cookie_test” has been rejected for invalid domain." {file: "https://www.cnbc.com/" line: 0}]
06-01 15:14:23.377  9687  9709 E Isolated Web Content: [JavaScript Error: "Cookie “_cookie_test” has been rejected for invalid domain." {file: "https://www.cnbc.com/" line: 0}]
06-01 15:14:23.380  9687  9709 E Isolated Web Content: [JavaScript Error: "Cookie “_cookie_test” has been rejected for invalid domain." {file: "https://www.cnbc.com/" line: 0}]
06-01 15:14:23.382  9687  9709 E Isolated Web Content: [JavaScript Error: "Cookie “_cookie_test” has been rejected for invalid domain." {file: "https://www.cnbc.com/" line: 0}]
06-01 15:14:23.524   965   965 W com.vibekey.keyboard: type=1400 audit(0.0:21385): avc: denied { nlmsg_readpriv } for comm=536F636B657420546872656164 scontext=u:r:untrusted_app:s0:c19,c271,c512,c768 tcontext=u:r:untrusted_app:s0:c19,c271,c512,c768 tclass=netlink_route_socket permissive=0 bug=b/155595000 app=com.vibekey.keyboard
06-01 15:14:23.543  9687  9709 W Isolated Web Content: [JavaScript Warning: "The script from “https://usasync01.admantx.com/admantx/service?request=%7B%22decorator%22%3A%22template.nbc_template%22%2C%22key%22%3A%2262263fff3cc1d07f85c7f8261a0c8f7dc096b35f59c82a713f20a9db8d562ff2%22%2C%22method%22%3A%22descriptor%22%2C%22filter%22%3A%22default%22%2C%22mode%22%3A%22async%22%2C%22type%22%3A%22URL%22%2C%22body%22%3A%22https%3A%2F%2Fwww.cnbc.com%2F%22%7D” was loaded even though its MIME type (“text/plain”) is not a valid JavaScript MIME type." {file: "https://www.cnbc.com/" line: 0}]
06-01 15:14:23.627  9687  9709 E Isolated Web Content: [JavaScript Error: "Cookie “_cookie_test” has been rejected for invalid domain." {file: "https://www.cnbc.com/" line: 0}]
06-01 15:14:23.627  9687  9709 E Isolated Web Content: [JavaScript Error: "Cookie “_cookie_test” has been rejected for invalid domain." {file: "https://www.cnbc.com/" line: 0}]
06-01 15:14:23.644   965   965 W com.vibekey.keyboard: type=1400 audit(0.0:21386): avc: denied { nlmsg_readpriv } for comm=536F636B657420546872656164 scontext=u:r:untrusted_app:s0:c19,c271,c512,c768 tcontext=u:r:untrusted_app:s0:c19,c271,c512,c768 tclass=netlink_route_socket permissive=0 bug=b/155595000 app=com.vibekey.keyboard
06-01 15:14:23.687  9687  9709 E Isolated Web Content: [JavaScript Error: "Cookie “_cookie_test” has been rejected for invalid domain." {file: "https://www.cnbc.com/" line: 0}]
06-01 15:14:23.687  9687  9709 E Isolated Web Content: [JavaScript Error: "Cookie “_cookie_test” has been rejected for invalid domain." {file: "https://www.cnbc.com/" line: 0}]
06-01 15:14:23.704   965   965 W com.vibekey.keyboard: type=1400 audit(0.0:21387): avc: denied { nlmsg_readpriv } for comm=536F636B657420546872656164 scontext=u:r:untrusted_app:s0:c19,c271,c512,c768 tcontext=u:r:untrusted_app:s0:c19,c271,c512,c768 tclass=netlink_route_socket permissive=0 bug=b/155595000 app=com.vibekey.keyboard
06-01 15:14:23.841  9687  9709 E Isolated Web Content: [JavaScript Error: "Cookie “s_ac” has been rejected for invalid domain." {file: "https://www.cnbc.com/" line: 0}]
06-01 15:14:23.845  9687  9709 W Isolated Web Content: [JavaScript Warning: "InstallTrigger is deprecated and will be removed in the future." {file: "https://www.cnbc.com/ line 2 > injectedScript" line: 92}]
06-01 15:14:23.964   965   965 W com.vibekey.keyboard: type=1400 audit(0.0:21389): avc: denied { nlmsg_readpriv } for comm=536F636B657420546872656164 scontext=u:r:untrusted_app:s0:c19,c271,c512,c768 tcontext=u:r:untrusted_app:s0:c19,c271,c512,c768 tclass=netlink_route_socket permissive=0 bug=b/155595000 app=com.vibekey.keyboard
06-01 15:14:24.003 10509 10532 W Isolated Web Content: [JavaScript Warning: "This page is in Quirks Mode. Page layout may be impacted. For Standards Mode use “<!DOCTYPE html>”." {file: "https://ads.pubmatic.com/AdServer/js/user_sync.html?p=156512" line: 0}]
06-01 15:14:24.034   965   965 W com.vibekey.keyboard: type=1400 audit(0.0:21390): avc: denied { nlmsg_readpriv } for comm=536F636B657420546872656164 scontext=u:r:untrusted_app:s0:c19,c271,c512,c768 tcontext=u:r:untrusted_app:s0:c19,c271,c512,c768 tclass=netlink_route_socket permissive=0 bug=b/155595000 app=com.vibekey.keyboard
06-01 15:14:24.046  9687  9709 E Isolated Web Content: [JavaScript Error: "Cookie “AWSALBCORS” rejected because it has the “SameSite=None” attribute but is missing the “secure” attribute." {file: "https://sp.auth.adobe.com/adobe-services/config/cnbc" line: 0}]
06-01 15:14:24.114   965   965 W com.vibekey.keyboard: type=1400 audit(0.0:21391): avc: denied { nlmsg_readpriv } for comm=536F636B657420546872656164 scontext=u:r:untrusted_app:s0:c19,c271,c512,c768 tcontext=u:r:untrusted_app:s0:c19,c271,c512,c768 tclass=netlink_route_socket permissive=0 bug=b/155595000 app=com.vibekey.keyboard
06-01 15:14:24.182  4992  5011 W Isolated Web Content: [JavaScript Warning: "Content-Security-Policy: Ignoring “'unsafe-inline'” within script-src: ‘strict-dynamic’ specified" {file: "https://www.google.com/recaptcha/api2/aframe" line: 0}]
06-01 15:14:24.182  4992  5011 W Isolated Web Content: [JavaScript Warning: "Content-Security-Policy: Ignoring “https:” within script-src: ‘strict-dynamic’ specified" {file: "https://www.google.com/recaptcha/api2/aframe" line: 0}]
06-01 15:14:24.182  4992  5011 W Isolated Web Content: [JavaScript Warning: "Content-Security-Policy: Ignoring “http:” within script-src: ‘strict-dynamic’ specified" {file: "https://www.google.com/recaptcha/api2/aframe" line: 0}]
06-01 15:14:24.182  4992  5011 W Isolated Web Content: [JavaScript Warning: "Content-Security-Policy: Ignoring “'unsafe-inline'” within script-src: nonce-source or hash-source specified" {file: "https://www.google.com/recaptcha/api2/aframe" line: 0}]
06-01 15:14:24.187 12484 12484 E y.keyboard:tab: Unknown bits set in runtime_flags: 0x40000000
06-01 15:14:24.285 12484 12502 E GeckoLibLoad: Load sqlite start
06-01 15:14:24.289 12484 12502 E GeckoLibLoad: Load sqlite done
06-01 15:14:24.289 12484 12502 E GeckoLibLoad: Load nss start
06-01 15:14:24.289 12484 12502 E GeckoLibLoad: Load nss done
06-01 15:14:24.318 10575 10592 W Isolated Web Content: [JavaScript Warning: "This page is in Quirks Mode. Page layout may be impacted. For Standards Mode use “<!DOCTYPE html>”." {file: "https://ssum-sec.casalemedia.com/usermatch?us_privacy=1YNN&d=https%3A%2F%2Fwww.cnbc.com%2F&s=184674&cb=https%3A%2F%2Fcdn.indexww.com%2Fht%2Fhtw-pixel.gif%3F" line: 0}]
06-01 15:14:24.334   965   965 W com.vibekey.keyboard: type=1400 audit(0.0:21392): avc: denied { nlmsg_readpriv } for comm=536F636B657420546872656164 scontext=u:r:untrusted_app:s0:c19,c271,c512,c768 tcontext=u:r:untrusted_app:s0:c19,c271,c512,c768 tclass=netlink_route_socket permissive=0 bug=b/155595000 app=com.vibekey.keyboard
06-01 15:14:24.361 12484 12502 E GeckoLibLoad: Loaded libs in 72.072291ms total, 5ms(4ms) user, 11ms(12ms) system, 21(21) faults
06-01 15:14:24.361 12484 12502 W GeckoThread: zerdatime 18107222 - runGecko
06-01 15:14:24.394   965   965 W com.vibekey.keyboard: type=1400 audit(0.0:21393): avc: denied { nlmsg_readpriv } for comm=536F636B657420546872656164 scontext=u:r:untrusted_app:s0:c19,c271,c512,c768 tcontext=u:r:untrusted_app:s0:c19,c271,c512,c768 tclass=netlink_route_socket permissive=0 bug=b/155595000 app=com.vibekey.keyboard
06-01 15:14:24.430  9687  9709 E Isolated Web Content: [JavaScript Error: "Cookie “cto_bundle” has been rejected for invalid domain." {file: "https://www.cnbc.com/" line: 0}]
06-01 15:14:24.430  9687  9709 E Isolated Web Content: [JavaScript Error: "Cookie “cto_bidid” has been rejected for invalid domain." {file: "https://www.cnbc.com/" line: 0}]
06-01 15:14:24.467  9687  9709 W Isolated Web Content: [JavaScript Warning: "This page is in Quirks Mode. Page layout may be impacted. For Standards Mode use “<!DOCTYPE html>”." {file: "https://cdn.doubleverify.com/dvtp_src.js#dvp_scripthash=1&t2te=0&seltag=1&adsrv=104&cmp=DV1031347&ctx=24187061&sadv=29347338&ord=2113104917&litm=5260936541&scrt=138346697494&splc=/2620/nbcu.cnbc/ushomepage&adu=67894818&unit=2x2&dvp_qtpid=c53a9f12-dc33-4f24-b075-0d3aed5ebde7&dvp_qtsid=5a153f3e-3f0d-4baa-a9a6-69a2c1f1833d&gdpr=&gdpr_consent=&btreg=5260936541138346697494&btadsrv=5260936541138346697494&dvp_pubaap=0&dvp_uptbcid=1.14.0&turl=https%3A%2F%2Fwww.cnbc.com%2F&dvp_uptpid=c53a9f12-dc33-4f24-b075-0d3aed5e" line: 2}]
06-01 15:14:24.501  9687  9709 E Isolated Web Content: [JavaScript Error: "Cookie “mptest” has been rejected for invalid domain." {file: "https://www.cnbc.com/" line: 0}]
06-01 15:14:24.570  9687  9709 E Isolated Web Content: [JavaScript Error: "Cookie “cto_dna_bundle” has been rejected for invalid domain." {file: "https://www.cnbc.com/" line: 0}]
06-01 15:14:24.754 12484 12502 W Isolated Web Content: [JavaScript Warning: "WEBGL_debug_renderer_info is deprecated in Firefox and will be removed. Please use RENDERER." {file: "https://pagead2.googlesyndication.com/bg/F7BznUE9mSBUl2zLiQG7l40lqtefSwIRBxy_kmnCB94.js line 2 > eval line 7763 > eval line 1 > eval line 1 > eval" line: 1}]
06-01 15:14:24.791  9687  9709 W Isolated Web Content: [JavaScript Warning: "Feature Policy: Skipping unsupported feature name “payment”." {file: "https://cdn.tinypass.com/api/tinypass.min.js" line: 1}]
06-01 15:14:24.791  9687  9709 W Isolated Web Content: [JavaScript Warning: "Feature Policy: Skipping unsupported feature name “payment”." {file: "https://cdn.tinypass.com/api/tinypass.min.js" line: 1}]
06-01 15:14:24.792  9687  9709 W Isolated Web Content: [JavaScript Warning: "Feature Policy: Skipping unsupported feature name “payment”." {file: "https://cdn.tinypass.com/api/tinypass.min.js" line: 1}]
06-01 15:14:24.905  9687  9709 E Isolated Web Content: [JavaScript Error: "Cookie “LANG” has been rejected for invalid domain." {file: "https://buy.tinypass.com/checkout/offer/show?displayMode=inline&containerSelector=.videoBreakerGate&templateId=OTPQ4EBDV9BZ&templateVariantId=OTV26KG1EIINA&offerId=OF09AX2A31G2&formNameByTermId=%7B%7D&hideCompletedFields=true&showCloseButton=false&experienceActionId=showOfferHPF8UCHG6HYMVG3&offerType=purchase&experienceId=EXGMZSP05U25&companyName=the%20gap%20inc.&dmaCode=535&sessions=&widget=offer&iframeId=offer-0-5gGdG&url=https%3A%2F%2Fwww.cnbc.com%2F&parentDualScreenLeft=0&parentDualScreenTop=628&parentW" line: 0}]
06-01 15:14:25.040  9687  9709 E Isolated Web Content: [JavaScript Error: "Cookie “AWSALBCORS” rejected because it has the “SameSite=None” attribute but is missing the “secure” attribute." {file: "https://www.cnbc.com/api/affinity/users/3840531125934057413" line: 0}]
06-01 15:14:25.284   965  3414 E GeckoConsole: [JavaScript Error: "TypeError: can't access property "WindowEventDispatcher", win is null" {file: "resource://gre/modules/GeckoViewSessionStore.sys.mjs" line: 149}]
06-01 15:14:25.284   965  3414 E GeckoConsole: onTabStateUpdate@resource://gre/modules/GeckoViewSessionStore.sys.mjs:149:5
06-01 15:14:25.284   965  3414 E GeckoConsole: updateSessionStoreFromTabListener@resource://gre/modules/GeckoViewSessionStore.sys.mjs:243:10
06-01 15:14:25.284   965  3414 E GeckoConsole: SSF_updateSessionStore@resource://gre/modules/SessionStoreFunctions.sys.mjs:46:27
06-01 15:14:25.284   965  3414 E GeckoConsole: UpdateSessionStore@resource://gre/modules/SessionStoreFunctions.sys.mjs:16:46
06-01 15:14:25.284   965  3414 E GeckoConsole: [JavaScript Error: "TypeError: can't access property "WindowEventDispatcher", win is null" {file: "resource://gre/modules/GeckoViewSessionStore.sys.mjs" line: 149}]
06-01 15:14:25.284   965  3414 E GeckoConsole: onTabStateUpdate@resource://gre/modules/GeckoViewSessionStore.sys.mjs:149:5
06-01 15:14:25.284   965  3414 E GeckoConsole: updateSessionStoreFromTabListener@resource://gre/modules/GeckoViewSessionStore.sys.mjs:243:10
06-01 15:14:25.284   965  3414 E GeckoConsole: SSF_updateSessionStore@resource://gre/modules/SessionStoreFunctions.sys.mjs:46:27
06-01 15:14:25.284   965  3414 E GeckoConsole: UpdateSessionStore@resource://gre/modules/SessionStoreFunctions.sys.mjs:16:46
06-01 15:14:25.285   965  3414 E GeckoConsole: [JavaScript Error: "TypeError: can't access property "WindowEventDispatcher", win is null" {file: "resource://gre/modules/GeckoViewSessionStore.sys.mjs" line: 149}]
06-01 15:14:25.285   965  3414 E GeckoConsole: onTabStateUpdate@resource://gre/modules/GeckoViewSessionStore.sys.mjs:149:5
06-01 15:14:25.285   965  3414 E GeckoConsole: updateSessionStoreFromTabListener@resource://gre/modules/GeckoViewSessionStore.sys.mjs:243:10
06-01 15:14:25.285   965  3414 E GeckoConsole: SSF_updateSessionStore@resource://gre/modules/SessionStoreFunctions.sys.mjs:46:27
06-01 15:14:25.285   965  3414 E GeckoConsole: UpdateSessionStore@resource://gre/modules/SessionStoreFunctions.sys.mjs:16:46
06-01 15:14:25.285   965  3414 E GeckoConsole: [JavaScript Error: "TypeError: can't access property "WindowEventDispatcher", win is null" {file: "resource://gre/modules/GeckoViewSessionStore.sys.mjs" line: 149}]
06-01 15:14:25.285   965  3414 E GeckoConsole: onTabStateUpdate@resource://gre/modules/GeckoViewSessionStore.sys.mjs:149:5
06-01 15:14:25.285   965  3414 E GeckoConsole: updateSessionStoreFromTabListener@resource://gre/modules/GeckoViewSessionStore.sys.mjs:243:10
06-01 15:14:25.285   965  3414 E GeckoConsole: SSF_updateSessionStore@resource://gre/modules/SessionStoreFunctions.sys.mjs:46:27
06-01 15:14:25.285   965  3414 E GeckoConsole: UpdateSessionStore@resource://gre/modules/SessionStoreFunctions.sys.mjs:16:46
06-01 15:14:25.285   965  3414 E GeckoConsole: [JavaScript Error: "TypeError: can't access property "WindowEventDispatcher", win is null" {file: "resource://gre/modules/GeckoViewSessionStore.sys.mjs" line: 149}]
06-01 15:14:25.285   965  3414 E GeckoConsole: onTabStateUpdate@resource://gre/modules/GeckoViewSessionStore.sys.mjs:149:5
06-01 15:14:25.285   965  3414 E GeckoConsole: updateSessionStoreFromTabListener@resource://gre/modules/GeckoViewSessionStore.sys.mjs:243:10
06-01 15:14:25.285   965  3414 E GeckoConsole: SSF_updateSessionStore@resource://gre/modules/SessionStoreFunctions.sys.mjs:46:27
06-01 15:14:25.285   965  3414 E GeckoConsole: UpdateSessionStore@resource://gre/modules/SessionStoreFunctions.sys.mjs:16:46
06-01 15:14:25.285   965  3414 E GeckoConsole: [JavaScript Error: "TypeError: can't access property "WindowEventDispatcher", win is null" {file: "resource://gre/modules/GeckoViewSessionStore.sys.mjs" line: 149}]
06-01 15:14:25.285   965  3414 E GeckoConsole: onTabStateUpdate@resource://gre/modules/GeckoViewSessionStore.sys.mjs:149:5
06-01 15:14:25.285   965  3414 E GeckoConsole: updateSessionStoreFromTabListener@resource://gre/modules/GeckoViewSessionStore.sys.mjs:243:10
06-01 15:14:25.285   965  3414 E GeckoConsole: SSF_updateSessionStore@resource://gre/modules/SessionStoreFunctions.sys.mjs:46:27
06-01 15:14:25.285   965  3414 E GeckoConsole: UpdateSessionStore@resource://gre/modules/SessionStoreFunctions.sys.mjs:16:46
06-01 15:14:25.285   965  3414 E GeckoConsole: [JavaScript Error: "TypeError: can't access property "WindowEventDispatcher", win is null" {file: "resource://gre/modules/GeckoViewSessionStore.sys.mjs" line: 149}]
06-01 15:14:25.285   965  3414 E GeckoConsole: onTabStateUpdate@resource://gre/modules/GeckoViewSessionStore.sys.mjs:149:5
06-01 15:14:25.285   965  3414 E GeckoConsole: updateSessionStoreFromTabListener@resource://gre/modules/GeckoViewSessionStore.sys.mjs:243:10
06-01 15:14:25.285   965  3414 E GeckoConsole: SSF_updateSessionStore@resource://gre/modules/SessionStoreFunctions.sys.mjs:46:27
06-01 15:14:25.285   965  3414 E GeckoConsole: UpdateSessionStore@resource://gre/modules/SessionStoreFunctions.sys.mjs:16:46
06-01 15:14:25.285   965  3414 E GeckoConsole: [JavaScript Error: "TypeError: can't access property "WindowEventDispatcher", win is null" {file: "resource://gre/modules/GeckoViewSessionStore.sys.mjs" line: 149}]
06-01 15:14:25.285   965  3414 E GeckoConsole: onTabStateUpdate@resource://gre/modules/GeckoViewSessionStore.sys.mjs:149:5
06-01 15:14:25.285   965  3414 E GeckoConsole: updateSessionStoreFromTabListener@resource://gre/modules/GeckoViewSessionStore.sys.mjs:243:10
06-01 15:14:25.285   965  3414 E GeckoConsole: SSF_updateSessionStore@resource://gre/modules/SessionStoreFunctions.sys.mjs:46:27
06-01 15:14:25.285   965  3414 E GeckoConsole: UpdateSessionStore@resource://gre/modules/SessionStoreFunctions.sys.mjs:16:46
06-01 15:14:25.285   965  3414 E GeckoConsole: [JavaScript Error: "TypeError: can't access property "WindowEventDispatcher", win is null" {file: "resource://gre/modules/GeckoViewSessionStore.sys.mjs" line: 149}]
06-01 15:14:25.285   965  3414 E GeckoConsole: onTabStateUpdate@resource://gre/modules/GeckoViewSessionStore.sys.mjs:149:5
06-01 15:14:25.285   965  3414 E GeckoConsole: updateSessionStoreFromTabListener@resource://gre/modules/GeckoViewSessionStore.sys.mjs:243:10
06-01 15:14:25.285   965  3414 E GeckoConsole: SSF_updateSessionStore@resource://gre/modules/SessionStoreFunctions.sys.mjs:46:27
06-01 15:14:25.285   965  3414 E GeckoConsole: UpdateSessionStore@resource://gre/modules/SessionStoreFunctions.sys.mjs:16:46
06-01 15:14:25.286   965  3414 E GeckoConsole: [JavaScript Error: "TypeError: can't access property "WindowEventDispatcher", win is null" {file: "resource://gre/modules/GeckoViewSessionStore.sys.mjs" line: 149}]
06-01 15:14:25.286   965  3414 E GeckoConsole: onTabStateUpdate@resource://gre/modules/GeckoViewSessionStore.sys.mjs:149:5
06-01 15:14:25.286   965  3414 E GeckoConsole: updateSessionStoreFromTabListener@resource://gre/modules/GeckoViewSessionStore.sys.mjs:243:10
06-01 15:14:25.286   965  3414 E GeckoConsole: SSF_updateSessionStore@resource://gre/modules/SessionStoreFunctions.sys.mjs:46:27
06-01 15:14:25.286   965  3414 E GeckoConsole: UpdateSessionStore@resource://gre/modules/SessionStoreFunctions.sys.mjs:16:46
06-01 15:14:25.384   965   965 W com.vibekey.keyboard: type=1400 audit(0.0:21401): avc: denied { nlmsg_readpriv } for comm=536F636B657420546872656164 scontext=u:r:untrusted_app:s0:c19,c271,c512,c768 tcontext=u:r:untrusted_app:s0:c19,c271,c512,c768 tclass=netlink_route_socket permissive=0 bug=b/155595000 app=com.vibekey.keyboard
06-01 15:14:25.406   965   965 W GeckoSession: No history entries found.
06-01 15:14:25.547 12621 12621 E y.keyboard:tab: Unknown bits set in runtime_flags: 0x40000000
06-01 15:14:25.634 12621 12638 E GeckoLibLoad: Load sqlite start
06-01 15:14:25.638 12621 12638 E GeckoLibLoad: Load sqlite done
06-01 15:14:25.638 12621 12638 E GeckoLibLoad: Load nss start
06-01 15:14:25.638 12621 12638 E GeckoLibLoad: Load nss done
06-01 15:14:25.662 12621 12638 E GeckoLibLoad: Loaded libs in 24.250677ms total, 21ms(19ms) user, 0ms(2ms) system, 0(0) faults
06-01 15:14:25.664 12621 12638 W GeckoThread: zerdatime 18108524 - runGecko
06-01 15:14:26.084   965   965 W com.vibekey.keyboard: type=1400 audit(0.0:21402): avc: denied { nlmsg_readpriv } for comm=536F636B657420546872656164 scontext=u:r:untrusted_app:s0:c19,c271,c512,c768 tcontext=u:r:untrusted_app:s0:c19,c271,c512,c768 tclass=netlink_route_socket permissive=0 bug=b/155595000 app=com.vibekey.keyboard
06-01 15:14:26.357   965  3414 E GeckoConsole: [JavaScript Error: "TypeError: can't access property "WindowEventDispatcher", win is null" {file: "resource://gre/modules/GeckoViewSessionStore.sys.mjs" line: 149}]
06-01 15:14:26.357   965  3414 E GeckoConsole: onTabStateUpdate@resource://gre/modules/GeckoViewSessionStore.sys.mjs:149:5
06-01 15:14:26.357   965  3414 E GeckoConsole: updateSessionStoreFromTabListener@resource://gre/modules/GeckoViewSessionStore.sys.mjs:243:10
06-01 15:14:26.357   965  3414 E GeckoConsole: SSF_updateSessionStore@resource://gre/modules/SessionStoreFunctions.sys.mjs:46:27
06-01 15:14:26.357   965  3414 E GeckoConsole: UpdateSessionStore@resource://gre/modules/SessionStoreFunctions.sys.mjs:16:46
06-01 15:14:26.357   965  3414 E GeckoConsole: [JavaScript Error: "TypeError: can't access property "WindowEventDispatcher", win is null" {file: "resource://gre/modules/GeckoViewSessionStore.sys.mjs" line: 149}]
06-01 15:14:26.357   965  3414 E GeckoConsole: onTabStateUpdate@resource://gre/modules/GeckoViewSessionStore.sys.mjs:149:5
06-01 15:14:26.357   965  3414 E GeckoConsole: updateSessionStoreFromTabListener@resource://gre/modules/GeckoViewSessionStore.sys.mjs:243:10
06-01 15:14:26.357   965  3414 E GeckoConsole: SSF_updateSessionStore@resource://gre/modules/SessionStoreFunctions.sys.mjs:46:27
06-01 15:14:26.357   965  3414 E GeckoConsole: UpdateSessionStore@resource://gre/modules/SessionStoreFunctions.sys.mjs:16:46
06-01 15:14:26.357   965  3414 E GeckoConsole: [JavaScript Error: "TypeError: can't access property "WindowEventDispatcher", win is null" {file: "resource://gre/modules/GeckoViewSessionStore.sys.mjs" line: 149}]
06-01 15:14:26.357   965  3414 E GeckoConsole: onTabStateUpdate@resource://gre/modules/GeckoViewSessionStore.sys.mjs:149:5
06-01 15:14:26.357   965  3414 E GeckoConsole: updateSessionStoreFromTabListener@resource://gre/modules/GeckoViewSessionStore.sys.mjs:243:10
06-01 15:14:26.357   965  3414 E GeckoConsole: SSF_updateSessionStore@resource://gre/modules/SessionStoreFunctions.sys.mjs:46:27
06-01 15:14:26.357   965  3414 E GeckoConsole: UpdateSessionStore@resource://gre/modules/SessionStoreFunctions.sys.mjs:16:46
06-01 15:14:26.369   965  3414 E GeckoConsole: [JavaScript Error: "TypeError: can't access property "WindowEventDispatcher", win is null" {file: "resource://gre/modules/GeckoViewSessionStore.sys.mjs" line: 149}]
06-01 15:14:26.369   965  3414 E GeckoConsole: onTabStateUpdate@resource://gre/modules/GeckoViewSessionStore.sys.mjs:149:5
06-01 15:14:26.369   965  3414 E GeckoConsole: updateSessionStoreFromTabListener@resource://gre/modules/GeckoViewSessionStore.sys.mjs:243:10
06-01 15:14:26.369   965  3414 E GeckoConsole: SSF_updateSessionStore@resource://gre/modules/SessionStoreFunctions.sys.mjs:46:27
06-01 15:14:26.369   965  3414 E GeckoConsole: UpdateSessionStore@resource://gre/modules/SessionStoreFunctions.sys.mjs:16:46
06-01 15:14:26.370   965  3414 E GeckoConsole: [JavaScript Error: "TypeError: can't access property "WindowEventDispatcher", win is null" {file: "resource://gre/modules/GeckoViewSessionStore.sys.mjs" line: 149}]
06-01 15:14:26.370   965  3414 E GeckoConsole: onTabStateUpdate@resource://gre/modules/GeckoViewSessionStore.sys.mjs:149:5
06-01 15:14:26.370   965  3414 E GeckoConsole: updateSessionStoreFromTabListener@resource://gre/modules/GeckoViewSessionStore.sys.mjs:243:10
06-01 15:14:26.370   965  3414 E GeckoConsole: SSF_updateSessionStore@resource://gre/modules/SessionStoreFunctions.sys.mjs:46:27
06-01 15:14:26.370   965  3414 E GeckoConsole: UpdateSessionStore@resource://gre/modules/SessionStoreFunctions.sys.mjs:16:46
06-01 15:14:26.370   965  3414 E GeckoConsole: [JavaScript Error: "TypeError: can't access property "WindowEventDispatcher", win is null" {file: "resource://gre/modules/GeckoViewSessionStore.sys.mjs" line: 149}]
06-01 15:14:26.370   965  3414 E GeckoConsole: onTabStateUpdate@resource://gre/modules/GeckoViewSessionStore.sys.mjs:149:5
06-01 15:14:26.370   965  3414 E GeckoConsole: updateSessionStoreFromTabListener@resource://gre/modules/GeckoViewSessionStore.sys.mjs:243:10
06-01 15:14:26.370   965  3414 E GeckoConsole: SSF_updateSessionStore@resource://gre/modules/SessionStoreFunctions.sys.mjs:46:27
06-01 15:14:26.370   965  3414 E GeckoConsole: UpdateSessionStore@resource://gre/modules/SessionStoreFunctions.sys.mjs:16:46
06-01 15:14:26.370   965  3414 E GeckoConsole: [JavaScript Error: "TypeError: can't access property "WindowEventDispatcher", win is null" {file: "resource://gre/modules/GeckoViewSessionStore.sys.mjs" line: 149}]
06-01 15:14:26.370   965  3414 E GeckoConsole: onTabStateUpdate@resource://gre/modules/GeckoViewSessionStore.sys.mjs:149:5
06-01 15:14:26.370   965  3414 E GeckoConsole: updateSessionStoreFromTabListener@resource://gre/modules/GeckoViewSessionStore.sys.mjs:243:10
06-01 15:14:26.370   965  3414 E GeckoConsole: SSF_updateSessionStore@resource://gre/modules/SessionStoreFunctions.sys.mjs:46:27
06-01 15:14:26.370   965  3414 E GeckoConsole: UpdateSessionStore@resource://gre/modules/SessionStoreFunctions.sys.mjs:16:46
06-01 15:14:26.370   965  3414 E GeckoConsole: [JavaScript Error: "TypeError: can't access property "WindowEventDispatcher", win is null" {file: "resource://gre/modules/GeckoViewSessionStore.sys.mjs" line: 149}]
06-01 15:14:26.370   965  3414 E GeckoConsole: onTabStateUpdate@resource://gre/modules/GeckoViewSessionStore.sys.mjs:149:5
06-01 15:14:26.370   965  3414 E GeckoConsole: updateSessionStoreFromTabListener@resource://gre/modules/GeckoViewSessionStore.sys.mjs:243:10
06-01 15:14:26.370   965  3414 E GeckoConsole: SSF_updateSessionStore@resource://gre/modules/SessionStoreFunctions.sys.mjs:46:27
06-01 15:14:26.370   965  3414 E GeckoConsole: UpdateSessionStore@resource://gre/modules/SessionStoreFunctions.sys.mjs:16:46
06-01 15:14:26.370   965  3414 E GeckoConsole: [JavaScript Error: "TypeError: can't access property "WindowEventDispatcher", win is null" {file: "resource://gre/modules/GeckoViewSessionStore.sys.mjs" line: 149}]
06-01 15:14:26.370   965  3414 E GeckoConsole: onTabStateUpdate@resource://gre/modules/GeckoViewSessionStore.sys.mjs:149:5
06-01 15:14:26.370   965  3414 E GeckoConsole: updateSessionStoreFromTabListener@resource://gre/modules/GeckoViewSessionStore.sys.mjs:243:10
06-01 15:14:26.370   965  3414 E GeckoConsole: SSF_updateSessionStore@resource://gre/modules/SessionStoreFunctions.sys.mjs:46:27
06-01 15:14:26.370   965  3414 E GeckoConsole: UpdateSessionStore@resource://gre/modules/SessionStoreFunctions.sys.mjs:16:46
06-01 15:14:27.134   965   965 W com.vibekey.keyboard: type=1400 audit(0.0:21403): avc: denied { nlmsg_readpriv } for comm=536F636B657420546872656164 scontext=u:r:untrusted_app:s0:c19,c271,c512,c768 tcontext=u:r:untrusted_app:s0:c19,c271,c512,c768 tclass=netlink_route_socket permissive=0 bug=b/155595000 app=com.vibekey.keyboard
06-01 15:14:27.240 10388 10409 E Isolated Web Content: [JavaScript Error: "Cookie “JSESSIONID” has been rejected for invalid domain." {file: "https://buy.tinypass.com/checkout/offer/getFraudPreventionConfig?aid=o19WonOrHQ" line: 0}]
06-01 15:14:30.033   965   965 W GeckoEventDispatcher: No listener for GeckoView:DismissClipboardPermissionRequest
06-01 15:14:30.038   965 11718 E BLASTBufferQueue: BLASTBufferItemConsumer::onDisconnect()
06-01 15:14:30.040   965  3414 E GeckoConsole: [JavaScript Error: "TypeError: can't access property "WindowEventDispatcher", win is null" {file: "resource://gre/modules/GeckoViewSessionStore.sys.mjs" line: 149}]
06-01 15:14:30.040   965  3414 E GeckoConsole: onTabStateUpdate@resource://gre/modules/GeckoViewSessionStore.sys.mjs:149:5
06-01 15:14:30.040   965  3414 E GeckoConsole: updateSessionStoreFromTabListener@resource://gre/modules/GeckoViewSessionStore.sys.mjs:243:10
06-01 15:14:30.040   965  3414 E GeckoConsole: SSF_updateSessionStore@resource://gre/modules/SessionStoreFunctions.sys.mjs:46:27
06-01 15:14:30.040   965  3414 E GeckoConsole: UpdateSessionStore@resource://gre/modules/SessionStoreFunctions.sys.mjs:16:46
06-01 15:14:30.040   965  3414 E GeckoConsole: [JavaScript Error: "TypeError: can't access property "WindowEventDispatcher", win is null" {file: "resource://gre/modules/GeckoViewSessionStore.sys.mjs" line: 149}]
06-01 15:14:30.040   965  3414 E GeckoConsole: onTabStateUpdate@resource://gre/modules/GeckoViewSessionStore.sys.mjs:149:5
06-01 15:14:30.040   965  3414 E GeckoConsole: updateSessionStoreFromTabListener@resource://gre/modules/GeckoViewSessionStore.sys.mjs:243:10
06-01 15:14:30.040   965  3414 E GeckoConsole: SSF_updateSessionStore@resource://gre/modules/SessionStoreFunctions.sys.mjs:46:27
06-01 15:14:30.040   965  3414 E GeckoConsole: UpdateSessionStore@resource://gre/modules/SessionStoreFunctions.sys.mjs:16:46
06-01 15:14:30.044   965  3414 E GeckoConsole: [JavaScript Error: "TypeError: can't access property "WindowEventDispatcher", win is null" {file: "resource://gre/modules/GeckoViewSessionStore.sys.mjs" line: 149}]
06-01 15:14:30.044   965  3414 E GeckoConsole: onTabStateUpdate@resource://gre/modules/GeckoViewSessionStore.sys.mjs:149:5
06-01 15:14:30.044   965  3414 E GeckoConsole: updateSessionStoreFromTabListener@resource://gre/modules/GeckoViewSessionStore.sys.mjs:243:10
06-01 15:14:30.044   965  3414 E GeckoConsole: SSF_updateSessionStore@resource://gre/modules/SessionStoreFunctions.sys.mjs:46:27
06-01 15:14:30.044   965  3414 E GeckoConsole: UpdateSessionStore@resource://gre/modules/SessionStoreFunctions.sys.mjs:16:46
06-01 15:14:30.044   965  3414 E GeckoConsole: [JavaScript Error: "TypeError: can't access property "WindowEventDispatcher", win is null" {file: "resource://gre/modules/GeckoViewSessionStore.sys.mjs" line: 149}]
06-01 15:14:30.044   965  3414 E GeckoConsole: onTabStateUpdate@resource://gre/modules/GeckoViewSessionStore.sys.mjs:149:5
06-01 15:14:30.044   965  3414 E GeckoConsole: updateSessionStoreFromTabListener@resource://gre/modules/GeckoViewSessionStore.sys.mjs:243:10
06-01 15:14:30.044   965  3414 E GeckoConsole: SSF_updateSessionStore@resource://gre/modules/SessionStoreFunctions.sys.mjs:46:27
06-01 15:14:30.044   965  3414 E GeckoConsole: UpdateSessionStore@resource://gre/modules/SessionStoreFunctions.sys.mjs:16:46
06-01 15:14:30.044   965  3414 E GeckoConsole: [JavaScript Error: "TypeError: can't access property "WindowEventDispatcher", win is null" {file: "resource://gre/modules/GeckoViewSessionStore.sys.mjs" line: 149}]
06-01 15:14:30.044   965  3414 E GeckoConsole: onTabStateUpdate@resource://gre/modules/GeckoViewSessionStore.sys.mjs:149:5
06-01 15:14:30.044   965  3414 E GeckoConsole: updateSessionStoreFromTabListener@resource://gre/modules/GeckoViewSessionStore.sys.mjs:243:10
06-01 15:14:30.044   965  3414 E GeckoConsole: SSF_updateSessionStore@resource://gre/modules/SessionStoreFunctions.sys.mjs:46:27
06-01 15:14:30.044   965  3414 E GeckoConsole: UpdateSessionStore@resource://gre/modules/SessionStoreFunctions.sys.mjs:16:46
06-01 15:14:30.045   965  3414 E GeckoConsole: [JavaScript Error: "TypeError: can't access property "WindowEventDispatcher", win is null" {file: "resource://gre/modules/GeckoViewSessionStore.sys.mjs" line: 149}]
06-01 15:14:30.045   965  3414 E GeckoConsole: onTabStateUpdate@resource://gre/modules/GeckoViewSessionStore.sys.mjs:149:5
06-01 15:14:30.045   965  3414 E GeckoConsole: updateSessionStoreFromTabListener@resource://gre/modules/GeckoViewSessionStore.sys.mjs:243:10
