=== VibeKey 4.1.340 (4440) ===

--------- beginning of system
06-16 16:48:14.702 11475 11475 E OplusCustomizeRestrictionManager: sInstance is null, start a new sInstance
06-16 16:49:19.015 11475 12941 E ActivityThread: Failed to find provider info for com.oplus.statistics.provider
06-16 16:49:19.016 11475 12941 E OplusStatistics--: IllegalArgumentException:java.lang.IllegalArgumentException: Unknown URL content://com.oplus.statistics.provider/track_event
06-16 16:50:52.537 20205 20205 E OplusCustomizeRestrictionManager: sInstance is null, start a new sInstance
06-16 16:51:01.911 21086 21086 E OplusCustomizeRestrictionManager: sInstance is null, start a new sInstance
--------- beginning of crash
06-16 16:51:03.565 21086 21122 F libc    : Fatal signal 7 (SIGBUS), code 2 (BUS_ADRERR), fault addr 0x766660e9b3 in tid 21122 (d), pid 21086 (ibekey.keyboard)
06-16 16:51:04.510 21247 21247 F DEBUG   : Process name is com.vibekey.keyboard, not key_process
06-16 16:51:04.510 21247 21247 F DEBUG   : keyProcess: 0
06-16 16:51:04.510 21247 21247 F DEBUG   : *** *** *** *** *** *** *** *** *** *** *** *** *** *** *** ***
06-16 16:51:04.510 21247 21247 F DEBUG   : Build fingerprint: 'OnePlus/OnePlus7Pro/OnePlus7Pro:12/SKQ1.211113.001/P.202303230244:user/release-keys'
06-16 16:51:04.510 21247 21247 F DEBUG   : Revision: '0'
06-16 16:51:04.510 21247 21247 F DEBUG   : ABI: 'arm64'
06-16 16:51:04.510 21247 21247 F DEBUG   : Timestamp: 2026-06-16 16:51:03.655424937-0400
06-16 16:51:04.510 21247 21247 F DEBUG   : Process uptime: 0s
06-16 16:51:04.510 21247 21247 F DEBUG   : Cmdline: com.vibekey.keyboard
06-16 16:51:04.510 21247 21247 F DEBUG   : pid: 21086, tid: 21122, name: d  >>> com.vibekey.keyboard <<<
06-16 16:51:04.510 21247 21247 F DEBUG   : uid: 14119
06-16 16:51:04.510 21247 21247 F DEBUG   : signal 7 (SIGBUS), code 2 (BUS_ADRERR), fault addr 0x766660e9b3
06-16 16:51:04.510 21247 21247 F DEBUG   :     x0  00000076665dc06c  x1  000000000004a8e8  x2  00000075dbdad904  x3  00000075cbd4fbbc
06-16 16:51:04.510 21247 21247 F DEBUG   :     x4  b4000075c4a23ec8  x5  00000075dbdadbb8  x6  000000000001f1e6  x7  000000000001f1e6
06-16 16:51:04.510 21247 21247 F DEBUG   :     x8  0000000000000000  x9  000000000004a8e7  x10 0000000000032947  x11 0000000000032948
06-16 16:51:04.510 21247 21247 F DEBUG   :     x12 0000000000000001  x13 000000000000002e  x14 0000000000000004  x15 0000000000000002
06-16 16:51:04.510 21247 21247 F DEBUG   :     x16 00000075cbdf0980  x17 00000075cbd4f2c8  x18 000000756278c000  x19 00000075dbdad958
06-16 16:51:04.510 21247 21247 F DEBUG   :     x20 00000075dbdadb70  x21 b4000075c4e17380  x22 000000000004a8e8  x23 00000075dbdb0000
06-16 16:51:04.510 21247 21247 F DEBUG   :     x24 b4000075c4a23e80  x25 b4000075c4e17390  x26 0000000000075080  x27 b4000075c4a0d040
06-16 16:51:04.510 21247 21247 F DEBUG   :     x28 0000000000000000  x29 00000075dbdad910
06-16 16:51:04.510 21247 21247 F DEBUG   :     lr  00000075cbd4fc30  sp  00000075dbdad900  pc  00000075cbd4f2f8  pst 0000000020001000
06-16 16:51:04.510 21247 21247 F DEBUG   : backtrace:
06-16 16:51:04.510 21247 21247 F DEBUG   :       #00 pc 00000000000b62f8  /data/app/~~zDBP0pS-KnrDYb4zecdpxA==/com.vibekey.keyboard-BuknBrD7d8CtVRnYARpOBg==/lib/arm64/libjni_latinime.so (latinime::PatriciaTrieReadingUtils::getPtNodeArraySizeAndAdvancePosition(unsigned char const*, int, int*)+48) (BuildId: f905dbd1a904967a994cf833116e517b05caa863)
06-16 16:51:04.510 21247 21247 F DEBUG   :       #01 pc 00000000000b6c2c  /data/app/~~zDBP0pS-KnrDYb4zecdpxA==/com.vibekey.keyboard-BuknBrD7d8CtVRnYARpOBg==/lib/arm64/libjni_latinime.so (latinime::PatriciaTriePolicy::createAndGetAllChildDicNodes(latinime::DicNode const*, latinime::DicNodeVector*) const+112) (BuildId: f905dbd1a904967a994cf833116e517b05caa863)
06-16 16:51:04.510 21247 21247 F DEBUG   :       #02 pc 00000000000d598c  /data/app/~~zDBP0pS-KnrDYb4zecdpxA==/com.vibekey.keyboard-BuknBrD7d8CtVRnYARpOBg==/lib/arm64/libjni_latinime.so (latinime::Suggest::processDicNodeAsOmission(latinime::DicTraverseSession*, latinime::DicNode*) const+84) (BuildId: f905dbd1a904967a994cf833116e517b05caa863)
06-16 16:51:04.510 21247 21247 F DEBUG   :       #03 pc 00000000000d4a88  /data/app/~~zDBP0pS-KnrDYb4zecdpxA==/com.vibekey.keyboard-BuknBrD7d8CtVRnYARpOBg==/lib/arm64/libjni_latinime.so (latinime::Suggest::expandCurrentDicNodes(latinime::DicTraverseSession*) const+1732) (BuildId: f905dbd1a904967a994cf833116e517b05caa863)
06-16 16:51:04.510 21247 21247 F DEBUG   :       #04 pc 00000000000d3c0c  /data/app/~~zDBP0pS-KnrDYb4zecdpxA==/com.vibekey.keyboard-BuknBrD7d8CtVRnYARpOBg==/lib/arm64/libjni_latinime.so (latinime::Suggest::getSuggestions(latinime::ProximityInfo*, void*, int*, int*, int*, int*, int*, int, float, latinime::SuggestionResults*) const+504) (BuildId: f905dbd1a904967a994cf833116e517b05caa863)
06-16 16:51:04.510 21247 21247 F DEBUG   :       #05 pc 000000000009fd88  /data/app/~~zDBP0pS-KnrDYb4zecdpxA==/com.vibekey.keyboard-BuknBrD7d8CtVRnYARpOBg==/lib/arm64/libjni_latinime.so (BuildId: f905dbd1a904967a994cf833116e517b05caa863)
06-16 16:51:04.510 21247 21247 F DEBUG   :       #06 pc 00000000002c2100  /apex/com.android.art/lib64/libart.so (art_quick_generic_jni_trampoline+144) (BuildId: 7087b2f2160bfbf3335d54ba9779e325)
06-16 16:51:04.510 21247 21247 F DEBUG   :       #07 pc 00000000006692dc  /apex/com.android.art/lib64/libart.so (nterp_helper+3852) (BuildId: 7087b2f2160bfbf3335d54ba9779e325)
06-16 16:51:04.510 21247 21247 F DEBUG   :       #08 pc 0000000000228a30  /data/app/~~zDBP0pS-KnrDYb4zecdpxA==/com.vibekey.keyboard-BuknBrD7d8CtVRnYARpOBg==/oat/arm64/base.vdex (com.android.inputmethod.latin.BinaryDictionary.q+572)
06-16 16:51:04.510 21247 21247 F DEBUG   :       #09 pc 0000000000669a28  /apex/com.android.art/lib64/libart.so (nterp_helper+5720) (BuildId: 7087b2f2160bfbf3335d54ba9779e325)
06-16 16:51:04.510 21247 21247 F DEBUG   :       #10 pc 00000000002287ae  /data/app/~~zDBP0pS-KnrDYb4zecdpxA==/com.vibekey.keyboard-BuknBrD7d8CtVRnYARpOBg==/oat/arm64/base.vdex (com.android.inputmethod.latin.BinaryDictionary.d+2)
06-16 16:51:04.510 21247 21247 F DEBUG   :       #11 pc 0000000000669a28  /apex/com.android.art/lib64/libart.so (nterp_helper+5720) (BuildId: 7087b2f2160bfbf3335d54ba9779e325)
06-16 16:51:04.510 21247 21247 F DEBUG   :       #12 pc 0000000000aeda02  /data/app/~~zDBP0pS-KnrDYb4zecdpxA==/com.vibekey.keyboard-BuknBrD7d8CtVRnYARpOBg==/oat/arm64/base.vdex (v7.k.d+50)
06-16 16:51:04.510 21247 21247 F DEBUG   :       #13 pc 0000000000669a28  /apex/com.android.art/lib64/libart.so (nterp_helper+5720) (BuildId: 7087b2f2160bfbf3335d54ba9779e325)
06-16 16:51:04.510 21247 21247 F DEBUG   :       #14 pc 0000000000aecb4a  /data/app/~~zDBP0pS-KnrDYb4zecdpxA==/com.vibekey.keyboard-BuknBrD7d8CtVRnYARpOBg==/oat/arm64/base.vdex (v7.e.d+150)
06-16 16:51:04.510 21247 21247 F DEBUG   :       #15 pc 0000000000669a28  /apex/com.android.art/lib64/libart.so (nterp_helper+5720) (BuildId: 7087b2f2160bfbf3335d54ba9779e325)
06-16 16:51:04.510 21247 21247 F DEBUG   :       #16 pc 00000000005b6602  /data/app/~~zDBP0pS-KnrDYb4zecdpxA==/com.vibekey.keyboard-BuknBrD7d8CtVRnYARpOBg==/oat/arm64/base.vdex (p7.q.j+334)
06-16 16:51:04.510 21247 21247 F DEBUG   :       #17 pc 0000000000669a28  /apex/com.android.art/lib64/libart.so (nterp_helper+5720) (BuildId: 7087b2f2160bfbf3335d54ba9779e325)
06-16 16:51:04.510 21247 21247 F DEBUG   :       #18 pc 00000000005b5f5c  /data/app/~~zDBP0pS-KnrDYb4zecdpxA==/com.vibekey.keyboard-BuknBrD7d8CtVRnYARpOBg==/oat/arm64/base.vdex (p7.q.i+252)
06-16 16:51:04.510 21247 21247 F DEBUG   :       #19 pc 0000000000669a28  /apex/com.android.art/lib64/libart.so (nterp_helper+5720) (BuildId: 7087b2f2160bfbf3335d54ba9779e325)
06-16 16:51:04.510 21247 21247 F DEBUG   :       #20 pc 00000000005b5e18  /data/app/~~zDBP0pS-KnrDYb4zecdpxA==/com.vibekey.keyboard-BuknBrD7d8CtVRnYARpOBg==/oat/arm64/base.vdex (p7.q.h+112)
06-16 16:51:04.510 21247 21247 F DEBUG   :       #21 pc 0000000000669a28  /apex/com.android.art/lib64/libart.so (nterp_helper+5720) (BuildId: 7087b2f2160bfbf3335d54ba9779e325)
06-16 16:51:04.510 21247 21247 F DEBUG   :       #22 pc 00000000005be57e  /data/app/~~zDBP0pS-KnrDYb4zecdpxA==/com.vibekey.keyboard-BuknBrD7d8CtVRnYARpOBg==/oat/arm64/base.vdex (p7.k1.c+266)
06-16 16:51:04.510 21247 21247 F DEBUG   :       #23 pc 0000000000669a28  /apex/com.android.art/lib64/libart.so (nterp_helper+5720) (BuildId: 7087b2f2160bfbf3335d54ba9779e325)
06-16 16:51:04.510 21247 21247 F DEBUG   :       #24 pc 00000000005be3fc  /data/app/~~zDBP0pS-KnrDYb4zecdpxA==/com.vibekey.keyboard-BuknBrD7d8CtVRnYARpOBg==/oat/arm64/base.vdex (p7.k1.b+2656)
06-16 16:51:04.510 21247 21247 F DEBUG   :       #25 pc 0000000000669a28  /apex/com.android.art/lib64/libart.so (nterp_helper+5720) (BuildId: 7087b2f2160bfbf3335d54ba9779e325)
06-16 16:51:04.510 21247 21247 F DEBUG   :       #26 pc 0000000000af4bd6  /data/app/~~zDBP0pS-KnrDYb4zecdpxA==/com.vibekey.keyboard-BuknBrD7d8CtVRnYARpOBg==/oat/arm64/base.vdex (x7.b.m+1458)
06-16 16:51:04.510 21247 21247 F DEBUG   :       #27 pc 0000000000669324  /apex/com.android.art/lib64/libart.so (nterp_helper+3924) (BuildId: 7087b2f2160bfbf3335d54ba9779e325)
06-16 16:51:04.510 21247 21247 F DEBUG   :       #28 pc 00000000001a3e5e  /data/app/~~zDBP0pS-KnrDYb4zecdpxA==/com.vibekey.keyboard-BuknBrD7d8CtVRnYARpOBg==/oat/arm64/base.vdex (a5.a.run+102)
06-16 16:51:04.510 21247 21247 F DEBUG   :       #29 pc 000000000066a144  /apex/com.android.art/lib64/libart.so (nterp_helper+7540) (BuildId: 7087b2f2160bfbf3335d54ba9779e325)
06-16 16:51:04.510 21247 21247 F DEBUG   :       #30 pc 0000000000af1a96  /data/app/~~zDBP0pS-KnrDYb4zecdpxA==/com.vibekey.keyboard-BuknBrD7d8CtVRnYARpOBg==/oat/arm64/base.vdex (x7.d.handleMessage+18)
06-16 16:51:04.510 21247 21247 F DEBUG   :       #31 pc 000000000205b2d4  /memfd:jit-zygote-cache (deleted)
06-16 16:51:06.792 21301 21301 E OplusCustomizeRestrictionManager: sInstance is null, start a new sInstance
--------- beginning of main
06-16 16:51:21.102 21301 21607 W libc    : Access denied finding property "vendor.oplus.media.vpp.stutter"
06-16 16:51:22.103 21301 21607 W libc    : Access denied finding property "vendor.oplus.media.vpp.stutter"
06-16 16:51:22.220 21301 21620 E FilePhenotypeFlags: Config package com.google.android.gms.clearcut_client#com.vibekey.keyboard cannot use FILE backing without declarative registration. See go/phenotype-android-integration#phenotype for more information. This will lead to stale flags.
06-16 16:51:22.241 21301 21620 E FilePhenotypeFlags: Config package com.google.android.gms.clearcut_client#com.vibekey.keyboard cannot use FILE backing without declarative registration. See go/phenotype-android-integration#phenotype for more information. This will lead to stale flags.
06-16 16:51:22.241 21301 21620 E FilePhenotypeFlags: Config package com.google.android.gms.clearcut_client#com.vibekey.keyboard cannot use FILE backing without declarative registration. See go/phenotype-android-integration#phenotype for more information. This will lead to stale flags.
06-16 16:51:23.103 21301 21607 W libc    : Access denied finding property "vendor.oplus.media.vpp.stutter"
06-16 16:51:24.104 21301 21607 W libc    : Access denied finding property "vendor.oplus.media.vpp.stutter"
06-16 16:51:24.960 21301 21374 E BLASTBufferQueue: BLASTBufferItemConsumer::onDisconnect()
06-16 16:51:25.106 21301 21607 W libc    : Access denied finding property "vendor.oplus.media.vpp.stutter"
06-16 16:51:26.107 21301 21607 W libc    : Access denied finding property "vendor.oplus.media.vpp.stutter"
06-16 16:51:27.108 21301 21607 W libc    : Access denied finding property "vendor.oplus.media.vpp.stutter"
06-16 16:51:28.110 21301 21607 W libc    : Access denied finding property "vendor.oplus.media.vpp.stutter"
06-16 16:51:29.111 21301 21607 W libc    : Access denied finding property "vendor.oplus.media.vpp.stutter"
06-16 16:51:29.578 21301 21301 I VkThemes: ▶ generate ref=false descLen=5
06-16 16:51:29.654 21301 21656 W ServiceBindIntentUtils: Dynamic lookup for intent failed for action: com.google.android.gms.ads.service.START
06-16 16:51:29.659 21301 21384 W cr_MediaCodecBridge: Releasing: OMX.qcom.video.decoder.vp9
06-16 16:51:29.662 21301 21606 E ExtensionsLoader: freeAllBuffers: 6 buffers were freed while being dequeued!
06-16 16:51:29.667 21301 21384 W cr_MediaCodecBridge: Codec released
06-16 16:51:29.808 21301 21301 I VkTyping: ▶ open restart=false pkg=com.android.launcher inputType=589825
06-16 16:51:29.890 21301 21600 E ActivityThread: Failed to find provider info for com.oplus.statistics.provider
06-16 16:51:29.890 21301 21600 E OplusStatistics--: IllegalArgumentException:java.lang.IllegalArgumentException: Unknown URL content://com.oplus.statistics.provider/track_event
06-16 16:51:30.167 21301 21374 E BLASTBufferQueue: BLASTBufferItemConsumer::onDisconnect()
06-16 16:51:30.192 21301 21311 W ibekey.keyboar: Cleared Reference was only reachable from finalizer (only reported once)
06-16 16:51:30.201 21301 21374 E BLASTBufferQueue: BLASTBufferItemConsumer::onDisconnect()
06-16 16:51:30.655 21301 21301 E Ads     : JS: Refused to get unsafe header "X-Afma-Gcache-IsGcacheHit" (https://www.gstatic.com/mysidia/1481c091d9df379c2904f938e54fba0c.js?tag=addon/rewarded_video:435)
06-16 16:51:30.736 21301 21301 E Ads     : JS: Refused to get unsafe header "X-Afma-Gcache-IsGcacheHit" (https://www.gstatic.com/mysidia/1481c091d9df379c2904f938e54fba0c.js?tag=addon/rewarded_video:435)
06-16 16:51:30.758 21301 21384 W libc    : Access denied finding property "vendor.oplus.media.vpp.stutter"
06-16 16:51:30.758 21301 21384 E MULTIMEDIAConfig: [getInt32:L80] Not find config, Returning default
06-16 16:51:30.758 21301 21384 E MULTIMEDIAConfig: [getInt32:L80] Not find config, Returning default
06-16 16:51:30.758 21301 21384 E OplusACodec: [OplusACodec:204] mSrOsieMMListCheckResult:0x0 mOsieVersion:1
06-16 16:51:30.769 21301 21690 E OplusACodec: [GetVideoCodingTypeFromMime:L1162] mime:video/x-vnd.on2.vp9
06-16 16:51:30.831 21301 21384 W cr_MediaCodecBridge: Releasing: OMX.qcom.video.decoder.vp9
06-16 16:51:30.833 21301 21689 E ExtensionsLoader: freeAllBuffers: 15 buffers were freed while being dequeued!
06-16 16:51:30.833 21301 21384 W cr_MediaCodecBridge: Codec released
06-16 16:51:32.136 21301 21301 I VkThemes: ✓ generate 2559ms theme=Minimalist Swiss with a Touch of Warmth
06-16 16:51:32.302 21301 21301 I VkEffects: reload anim=scale blur=0px glow=false stickers=true
06-16 16:51:32.304 21301 21301 I VkThemes: apply theme=Minimalist Swiss with a Touch of Warmth (ai_generate)
06-16 16:51:32.307 21301 21301 I VkSwipe : ○ gesture canceled
06-16 16:51:32.309 21301 21301 I VkSwipe : ○ gesture canceled
06-16 16:51:32.422 21301 21504 W Ads     : Not retrying to fetch app settings
06-16 16:51:32.470 21301 21301 I VkFavorites: save theme Minimalist Swiss with a Touch of Warmth → SAVED
06-16 16:51:32.477 21301 21301 W View    : requestLayout() improperly called by android.widget.LinearLayout{b649d0e V.E...... ......ID 0,1868-1440,2818 #7f0a011c app:id/main_keyboard_frame} during layout: running second layout pass
06-16 16:51:34.073 21301 21301 I VkSwipe : ▶ gesture started locale=pt-BR
06-16 16:51:34.095 21301 21336 I VkSuggestions: decode typedLen=0 candidates=18 locales=2 18,9ms
06-16 16:51:34.095 21301 21336 W VkSuggestions: slow frame 18,9ms locales=2 typedLen=0 candidates=18 parallelWait=18,8ms
06-16 16:51:34.206 21301 21336 I VkSuggestions: decode typedLen=2 candidates=18 locales=2 13,7ms
06-16 16:51:34.218 21301 21336 I VkSuggestions: decode typedLen=0 candidates=18 locales=2 11,2ms
06-16 16:51:34.402 21301 21336 I VkSuggestions: decode typedLen=3 candidates=18 locales=2 9,0ms
06-16 16:51:34.412 21301 21336 I VkSuggestions: decode typedLen=0 candidates=18 locales=2 9,2ms
06-16 16:51:34.510 21301 21336 I VkSuggestions: decode typedLen=3 candidates=18 locales=2 11,2ms
06-16 16:51:34.524 21301 21336 I VkSuggestions: decode typedLen=0 candidates=18 locales=2 13,7ms
06-16 16:51:34.669 21301 21336 I VkSuggestions: decode typedLen=4 candidates=18 locales=2 8,5ms
06-16 16:51:34.681 21301 21336 I VkSuggestions: decode typedLen=0 candidates=18 locales=2 11,2ms
06-16 16:51:34.691 21301 21336 I VkSuggestions: decode typedLen=4 candidates=18 locales=2 7,9ms
06-16 16:51:34.703 21301 21336 I VkSuggestions: decode typedLen=0 candidates=18 locales=2 11,3ms
06-16 16:51:34.724 21301 21301 I VkSwipe : ✓ gesture points=34 decodedLen=3 candidates=15 top=NHK 651ms
06-16 16:51:35.978 21301 21301 I VkPanels: ▶ open browser
06-16 16:51:35.986 21301 21301 W View    : requestLayout() improperly called by android.widget.FrameLayout{f17baee V.E...... ......ID 0,1625-1440,1805 #7f0a0088 app:id/browser_nav_footer_float} during layout: running second layout pass
06-16 16:51:35.987 21301 21301 I VkBrowser: ▶ panel open incognito=false tabs=0 queryLen=0
06-16 16:51:36.014 21301 21721 W Settings: Setting animator_duration_scale has moved from android.provider.Settings.System to android.provider.Settings.Global, returning read-only global URI.
06-16 16:51:36.018 21301 21721 E GeckoLibLoad: Load sqlite start
06-16 16:51:36.018 21301 21721 E GeckoLibLoad: Load sqlite done
06-16 16:51:36.018 21301 21721 E GeckoLibLoad: Load nss start
06-16 16:51:36.019 21301 21721 E GeckoLibLoad: Load nss done
06-16 16:51:36.020 21301 21301 E GeckoView: Failed to attach WindowInsetsListener: 
06-16 16:51:36.020 21301 21301 E GeckoView: java.lang.NullPointerException: Attempt to invoke virtual method 'android.view.Window android.app.Activity.getWindow()' on a null object reference
06-16 16:51:36.020 21301 21301 E GeckoView: 	at org.mozilla.geckoview.GeckoView.attachWindowInsetsListener(r8-map-id-8d4535a3a4b764e17b9bae278f1c80277f87ba30c63ff92f0b9d1244e4f73f3a:1)
06-16 16:51:36.020 21301 21301 E GeckoView: 	at org.mozilla.geckoview.GeckoView.onAttachedToWindow(r8-map-id-8d4535a3a4b764e17b9bae278f1c80277f87ba30c63ff92f0b9d1244e4f73f3a:49)
06-16 16:51:36.020 21301 21301 E GeckoView: 	at helium314.keyboard.latin.panels.ImeGeckoView.onAttachedToWindow(r8-map-id-8d4535a3a4b764e17b9bae278f1c80277f87ba30c63ff92f0b9d1244e4f73f3a:4)
06-16 16:51:36.020 21301 21301 E GeckoView: 	at android.view.View.dispatchAttachedToWindow(View.java:20900)
06-16 16:51:36.020 21301 21301 E GeckoView: 	at android.view.ViewGroup.dispatchAttachedToWindow(ViewGroup.java:3539)
06-16 16:51:36.020 21301 21301 E GeckoView: 	at android.view.ViewGroup.addViewInner(ViewGroup.java:5378)
06-16 16:51:36.020 21301 21301 E GeckoView: 	at android.view.ViewGroup.addView(ViewGroup.java:5156)
06-16 16:51:36.020 21301 21301 E GeckoView: 	at android.view.ViewGroup.addView(ViewGroup.java:5096)
06-16 16:51:36.020 21301 21301 E GeckoView: 	at helium314.keyboard.latin.panels.BrowserPanelView.Z(r8-map-id-8d4535a3a4b764e17b9bae278f1c80277f87ba30c63ff92f0b9d1244e4f73f3a:375)
06-16 16:51:36.020 21301 21301 E GeckoView: 	at helium314.keyboard.latin.panels.BrowserPanelView.H0(r8-map-id-8d4535a3a4b764e17b9bae278f1c80277f87ba30c63ff92f0b9d1244e4f73f3a:175)
06-16 16:51:36.020 21301 21301 E GeckoView: 	at c5.s.run(r8-map-id-8d4535a3a4b764e17b9bae278f1c80277f87ba30c63ff92f0b9d1244e4f73f3a:622)
06-16 16:51:36.020 21301 21301 E GeckoView: 	at i7.z.onGlobalLayout(r8-map-id-8d4535a3a4b764e17b9bae278f1c80277f87ba30c63ff92f0b9d1244e4f73f3a:8)
06-16 16:51:36.020 21301 21301 E GeckoView: 	at android.view.ViewTreeObserver.dispatchOnGlobalLayout(ViewTreeObserver.java:1061)
06-16 16:51:36.020 21301 21301 E GeckoView: 	at android.view.ViewRootImpl.performTraversals(ViewRootImpl.java:3407)
06-16 16:51:36.020 21301 21301 E GeckoView: 	at android.view.ViewRootImpl.doTraversal(ViewRootImpl.java:2305)
06-16 16:51:36.020 21301 21301 E GeckoView: 	at android.view.ViewRootImpl$TraversalRunnable.run(ViewRootImpl.java:9133)
06-16 16:51:36.020 21301 21301 E GeckoView: 	at android.view.Choreographer$CallbackRecord.run(Choreographer.java:1232)
06-16 16:51:36.020 21301 21301 E GeckoView: 	at android.view.Choreographer.doCallbacks(Choreographer.java:1029)
06-16 16:51:36.020 21301 21301 E GeckoView: 	at android.view.Choreographer.doFrame(Choreographer.java:934)
06-16 16:51:36.020 21301 21301 E GeckoView: 	at android.view.Choreographer$FrameDisplayEventReceiver.run(Choreographer.java:1217)
06-16 16:51:36.020 21301 21301 E GeckoView: 	at android.os.Handler.handleCallback(Handler.java:938)
06-16 16:51:36.020 21301 21301 E GeckoView: 	at android.os.Handler.dispatchMessage(Handler.java:99)
06-16 16:51:36.020 21301 21301 E GeckoView: 	at android.os.Looper.loopOnce(Looper.java:233)
06-16 16:51:36.020 21301 21301 E GeckoView: 	at android.os.Looper.loop(Looper.java:344)
06-16 16:51:36.020 21301 21301 E GeckoView: 	at android.app.ActivityThread.main(ActivityThread.java:8212)
06-16 16:51:36.020 21301 21301 E GeckoView: 	at java.lang.reflect.Method.invoke(Native Method)
06-16 16:51:36.020 21301 21301 E GeckoView: 	at com.android.internal.os.RuntimeInit$MethodAndArgsCaller.run(RuntimeInit.java:584)
06-16 16:51:36.020 21301 21301 E GeckoView: 	at com.android.internal.os.ZygoteInit.main(ZygoteInit.java:1034)
06-16 16:51:36.030 21301 21721 E GeckoLibLoad: Loaded libs in 11.094323ms total, 9ms(21ms) user, 0ms(0ms) system, 0(0) faults
06-16 16:51:36.031 21301 21721 W GeckoThread: zerdatime 1319936895 - runGecko
06-16 16:51:36.047 21301 21301 I VkBrowser: → load host=www.foxnews.com
06-16 16:51:36.048 21301 21301 I VkBrowser: → load host=www.foxnews.com
06-16 16:51:36.072 21301 21301 W com.vibekey.keyboard: type=1400 audit(0.0:531700): avc: denied { bind } for comm=4E65746C696E6B204D6F6E69746F72 scontext=u:r:untrusted_app:s0:c23,c272,c512,c768 tcontext=u:r:untrusted_app:s0:c23,c272,c512,c768 tclass=netlink_route_socket permissive=0 bug=b/155595000 app=com.vibekey.keyboard
06-16 16:51:36.096 21301 21721 E ibekey.keyboar: hiddenapi: Accessing hidden field Ljava/lang/Boolean;->value:Z (runtime_flags=0, domain=core-platform, api=max-target-p) from Lorg/mozilla/gecko/GeckoThread; (domain=app, TargetSdkVersion=35) using JNI: denied
06-16 16:51:36.096 21301 21721 E ibekey.keyboar: hiddenapi: Accessing hidden field Ljava/lang/Integer;->value:I (runtime_flags=0, domain=core-platform, api=max-target-p) from Lorg/mozilla/gecko/GeckoThread; (domain=app, TargetSdkVersion=35) using JNI: denied
06-16 16:51:36.096 21301 21721 E ibekey.keyboar: hiddenapi: Accessing hidden field Ljava/lang/Long;->value:J (runtime_flags=0, domain=core-platform, api=max-target-p) from Lorg/mozilla/gecko/GeckoThread; (domain=app, TargetSdkVersion=35) using JNI: denied
06-16 16:51:36.096 21301 21721 E ibekey.keyboar: hiddenapi: Accessing hidden field Ljava/lang/Double;->value:D (runtime_flags=0, domain=core-platform, api=max-target-p) from Lorg/mozilla/gecko/GeckoThread; (domain=app, TargetSdkVersion=35) using JNI: denied
06-16 16:51:36.149 21742 21742 E y.keyboard:tab: Unknown bits set in runtime_flags: 0x40000000
06-16 16:51:36.209 21776 21776 E ey.keyboard:gp: Unknown bits set in runtime_flags: 0x40000000
06-16 16:51:36.222 21301 21301 I VkBrowser: → load host=www.foxnews.com
06-16 16:51:36.254 21742 21795 E GeckoLibLoad: Load sqlite start
06-16 16:51:36.255 21742 21795 E GeckoLibLoad: Load sqlite done
06-16 16:51:36.255 21742 21795 E GeckoLibLoad: Load nss start
06-16 16:51:36.255 21742 21795 E GeckoLibLoad: Load nss done
06-16 16:51:36.267 21742 21795 E GeckoLibLoad: Loaded libs in 12.114375ms total, 0ms(1ms) user, 7ms(11ms) system, 0(0) faults
06-16 16:51:36.267 21742 21795 W GeckoThread: zerdatime 1319937132 - runGecko
06-16 16:51:36.286 21776 21800 E GeckoLibLoad: Load sqlite start
06-16 16:51:36.287 21776 21800 E GeckoLibLoad: Load sqlite done
06-16 16:51:36.287 21776 21800 E GeckoLibLoad: Load nss start
06-16 16:51:36.287 21776 21800 E GeckoLibLoad: Load nss done
06-16 16:51:36.297 21776 21800 E GeckoLibLoad: Loaded libs in 9.081354ms total, 0ms(0ms) user, 8ms(8ms) system, 0(0) faults
06-16 16:51:36.297 21776 21800 W GeckoThread: zerdatime 1319937161 - runGecko
06-16 16:51:36.331 21776 21793 E ey.keyboard:gp: ofbOpen failed with error=No such file or directory
06-16 16:51:36.331 21776 21793 E ey.keyboard:gp: sysOpen failed with error=No such file or directory
06-16 16:51:36.342 21776 21820 W AudioCapabilities: Unsupported mime audio/ffmpeg
06-16 16:51:36.344 21776 21820 W VideoCapabilities: Unsupported mime video/ffmpeg
06-16 16:51:36.351 21776 21820 W VideoCapabilities: Unrecognized profile/level 0/3 for video/mpeg2
06-16 16:51:36.351 21776 21820 W VideoCapabilities: Unrecognized profile/level 0/3 for video/mpeg2
06-16 16:51:36.352 21301 21544 E BLASTBufferQueue: BLASTBufferItemConsumer::onDisconnect()
06-16 16:51:36.367 21301 21338 E BLASTBufferQueue: [SurfaceView[InputMethod]#4](f:0,a:0) rejecting buffer:active_size=1440x1809, requested_size=1440x1809 buffer{size=1440x1801 transform=0}
06-16 16:51:36.368 21301 21338 E BLASTBufferQueue: BLASTBufferItemConsumer::onDisconnect()
06-16 16:51:36.372 21301 21721 W GeckoConsole: [JavaScript Warning: "Missing resource in locale pt-BR: netwerk/necko.ftl"]
06-16 16:51:36.372 21301 21721 W GeckoConsole: [JavaScript Warning: "Missing resource in locale pt-PT: netwerk/necko.ftl"]
06-16 16:51:36.378 21301 21301 I VkBrowser: ✓ page host=www.foxnews.com
06-16 16:51:36.388 21301 21544 E BLASTBufferQueue: BLASTBufferItemConsumer::onDisconnect()
06-16 16:51:36.524 21890 21890 E .keyboard:tab1: Unknown bits set in runtime_flags: 0x40000000
06-16 16:51:36.544 21301 21301 I VkBrowser: → load host=www.foxnews.com
06-16 16:51:36.589 21890 21907 E GeckoLibLoad: Load sqlite start
06-16 16:51:36.590 21890 21907 E GeckoLibLoad: Load sqlite done
06-16 16:51:36.590 21890 21907 E GeckoLibLoad: Load nss start
06-16 16:51:36.590 21890 21907 E GeckoLibLoad: Load nss done
06-16 16:51:36.600 21890 21907 E GeckoLibLoad: Loaded libs in 9.457969ms total, 0ms(0ms) user, 9ms(9ms) system, 0(0) faults
06-16 16:51:36.602 21890 21907 W GeckoThread: zerdatime 1319937466 - runGecko
06-16 16:51:36.690 21890 21907 W GeckoEditableChild: No editable parent
06-16 16:51:36.691 21890 21907 W Isolated Web Content: [JavaScript Warning: "Missing resource in locale pt-BR: netwerk/necko.ftl"]
06-16 16:51:36.691 21890 21907 W Isolated Web Content: [JavaScript Warning: "Missing resource in locale pt-PT: netwerk/necko.ftl"]
06-16 16:51:36.692 21301 21301 W com.vibekey.keyboard: type=1400 audit(0.0:531701): avc: denied { nlmsg_readpriv } for comm=536F636B657420546872656164 scontext=u:r:untrusted_app:s0:c23,c272,c512,c768 tcontext=u:r:untrusted_app:s0:c23,c272,c512,c768 tclass=netlink_route_socket permissive=0 bug=b/155595000 app=com.vibekey.keyboard
06-16 16:51:36.722 21301 21301 W com.vibekey.keyboard: type=1400 audit(0.0:531702): avc: denied { nlmsg_readpriv } for comm=536F636B657420546872656164 scontext=u:r:untrusted_app:s0:c23,c272,c512,c768 tcontext=u:r:untrusted_app:s0:c23,c272,c512,c768 tclass=netlink_route_socket permissive=0 bug=b/155595000 app=com.vibekey.keyboard
06-16 16:51:36.982 21890 21907 W Isolated Web Content: [JavaScript Warning: "Layout was forced before the page was fully loaded. If stylesheets are not yet loaded this may cause a flash of unstyled content." {file: "https://static.foxnews.com/static/orion/scripts/core/ag.core.js?v=2026616215" line: 149}]
06-16 16:51:37.062 21890 21907 W AudioCapabilities: Unsupported mime audio/ffmpeg
06-16 16:51:37.063 21890 21907 W VideoCapabilities: Unsupported mime video/ffmpeg
06-16 16:51:37.063 21890 21907 W VideoCapabilities: Unrecognized profile/level 0/3 for video/mpeg2
06-16 16:51:37.063 21890 21907 W VideoCapabilities: Unrecognized profile/level 0/3 for video/mpeg2
06-16 16:51:37.268 21301 21338 E BLASTBufferQueue: BLASTBufferItemConsumer::onDisconnect()
06-16 16:51:37.269 21301 21301 E GeckoView: Failed to detach WindowInsetsListener: 
06-16 16:51:37.269 21301 21301 E GeckoView: 	at org.mozilla.geckoview.GeckoView.detachWindowInsetsListener(r8-map-id-8d4535a3a4b764e17b9bae278f1c80277f87ba30c63ff92f0b9d1244e4f73f3a:1)
06-16 16:51:37.269 21301 21301 E GeckoView: 	at org.mozilla.geckoview.GeckoView.onDetachedFromWindow(r8-map-id-8d4535a3a4b764e17b9bae278f1c80277f87ba30c63ff92f0b9d1244e4f73f3a:25)
06-16 16:51:37.269 21301 21301 E GeckoView: 	at helium314.keyboard.latin.panels.ImeGeckoView.onDetachedFromWindow(r8-map-id-8d4535a3a4b764e17b9bae278f1c80277f87ba30c63ff92f0b9d1244e4f73f3a:6)
06-16 16:51:37.269 21301 21301 E GeckoView: 	at android.view.View.dispatchDetachedFromWindow(View.java:20955)
06-16 16:51:37.269 21301 21301 E GeckoView: 	at android.view.ViewGroup.dispatchDetachedFromWindow(ViewGroup.java:4014)
06-16 16:51:37.269 21301 21301 E GeckoView: 	at android.view.ViewGroup.removeViewInternal(ViewGroup.java:5660)
06-16 16:51:37.269 21301 21301 E GeckoView: 	at android.view.ViewGroup.removeViewInternal(ViewGroup.java:5631)
06-16 16:51:37.269 21301 21301 E GeckoView: 	at android.view.ViewGroup.removeView(ViewGroup.java:5562)
06-16 16:51:37.269 21301 21301 E GeckoView: 	at a8.t0.run(r8-map-id-8d4535a3a4b764e17b9bae278f1c80277f87ba30c63ff92f0b9d1244e4f73f3a:1198)
06-16 16:51:37.269 21301 21301 E GeckoView: 	at helium314.keyboard.latin.panels.BrowserPanelView.R(r8-map-id-8d4535a3a4b764e17b9bae278f1c80277f87ba30c63ff92f0b9d1244e4f73f3a:151)
06-16 16:51:37.269 21301 21301 E GeckoView: 	at helium314.keyboard.latin.panels.BrowserPanelView.I0(r8-map-id-8d4535a3a4b764e17b9bae278f1c80277f87ba30c63ff92f0b9d1244e4f73f3a:73)
06-16 16:51:37.269 21301 21301 E GeckoView: 	at i7.c0.r(r8-map-id-8d4535a3a4b764e17b9bae278f1c80277f87ba30c63ff92f0b9d1244e4f73f3a:185)
06-16 16:51:37.269 21301 21301 E GeckoView: 	at i7.c0.P(r8-map-id-8d4535a3a4b764e17b9bae278f1c80277f87ba30c63ff92f0b9d1244e4f73f3a:17)
06-16 16:51:37.269 21301 21301 E GeckoView: 	at a8.h5.a(r8-map-id-8d4535a3a4b764e17b9bae278f1c80277f87ba30c63ff92f0b9d1244e4f73f3a:3)
06-16 16:51:37.269 21301 21301 E GeckoView: 	at a8.f3.onClick(r8-map-id-8d4535a3a4b764e17b9bae278f1c80277f87ba30c63ff92f0b9d1244e4f73f3a:207)
06-16 16:51:37.269 21301 21301 E GeckoView: 	at android.view.View.performClick(View.java:7488)
06-16 16:51:37.269 21301 21301 E GeckoView: 	at android.view.View.performClickInternal(View.java:7464)
06-16 16:51:37.269 21301 21301 E GeckoView: 	at android.view.View.access$3700(View.java:841)
06-16 16:51:37.269 21301 21301 E GeckoView: 	at android.view.View$PerformClick.run(View.java:28911)
06-16 16:51:37.269 21301 21301 E GeckoView: 	at android.os.Handler.handleCallback(Handler.java:938)
06-16 16:51:37.269 21301 21301 E GeckoView: 	at android.os.Handler.dispatchMessage(Handler.java:99)
06-16 16:51:37.269 21301 21301 E GeckoView: 	at android.os.Looper.loopOnce(Looper.java:233)
06-16 16:51:37.269 21301 21301 E GeckoView: 	at android.os.Looper.loop(Looper.java:344)
06-16 16:51:37.269 21301 21301 E GeckoView: 	at android.app.ActivityThread.main(ActivityThread.java:8212)
06-16 16:51:37.269 21301 21301 E GeckoView: 	at java.lang.reflect.Method.invoke(Native Method)
06-16 16:51:37.269 21301 21301 E GeckoView: 	at com.android.internal.os.RuntimeInit$MethodAndArgsCaller.run(RuntimeInit.java:584)
06-16 16:51:37.269 21301 21301 E GeckoView: 	at com.android.internal.os.ZygoteInit.main(ZygoteInit.java:1034)
06-16 16:51:37.270 21301 21301 I VkBrowser: ○ panel close gecko_shutdown_deferred=2800ms
06-16 16:51:37.274 22112 22112 E .keyboard:tab1: Unknown bits set in runtime_flags: 0x40000000
06-16 16:51:37.371 22112 22128 E GeckoLibLoad: Load sqlite start
06-16 16:51:37.372 22112 22128 E GeckoLibLoad: Load sqlite done
06-16 16:51:37.372 22112 22128 E GeckoLibLoad: Load nss start
06-16 16:51:37.372 22112 22128 E GeckoLibLoad: Load nss done
06-16 16:51:37.382 21301 21301 W GeckoSession: No history entries found.
06-16 16:51:37.383 22112 22128 E GeckoLibLoad: Loaded libs in 11.509843ms total, 0ms(0ms) user, 8ms(8ms) system, 0(0) faults
06-16 16:51:37.384 22112 22128 W GeckoThread: zerdatime 1319938248 - runGecko
06-16 16:51:37.619 21301 21310 W ibekey.keyboar: Missing inline cache for void a8.z0.run()
06-16 16:51:37.619 21301 21310 W ibekey.keyboar: Missing inline cache for void a8.z0.run()
06-16 16:51:38.958 22204 22204 E .keyboard:tab3: Unknown bits set in runtime_flags: 0x40000000
06-16 16:51:39.036 22204 22223 E GeckoLibLoad: Load sqlite start
06-16 16:51:39.037 22204 22223 E GeckoLibLoad: Load sqlite done
06-16 16:51:39.038 22204 22223 E GeckoLibLoad: Load nss start
06-16 16:51:39.038 22204 22223 E GeckoLibLoad: Load nss done
06-16 16:51:39.044 22225 22225 E .keyboard:tab2: Unknown bits set in runtime_flags: 0x40000000
06-16 16:51:39.048 22204 22223 E GeckoLibLoad: Loaded libs in 9.212708ms total, 0ms(0ms) user, 6ms(9ms) system, 0(0) faults
06-16 16:51:39.048 22204 22223 W GeckoThread: zerdatime 1319939912 - runGecko
06-16 16:51:39.114 22225 22244 E GeckoLibLoad: Load sqlite start
06-16 16:51:39.115 22225 22244 E GeckoLibLoad: Load sqlite done
06-16 16:51:39.116 22225 22244 E GeckoLibLoad: Load nss start
06-16 16:51:39.116 22225 22244 E GeckoLibLoad: Load nss done
06-16 16:51:39.128 22225 22244 E GeckoLibLoad: Loaded libs in 12.808698ms total, 2ms(9ms) user, 0ms(0ms) system, 0(0) faults
06-16 16:51:39.129 22225 22244 W GeckoThread: zerdatime 1319939993 - runGecko
06-16 16:51:39.519 21301 21336 I VkSuggestions: decode typedLen=1 candidates=18 locales=2 15,2ms
06-16 16:51:39.521 21301 21336 I VkSuggestions: strip composing typedLen=1 candidates=19 autocorrect=false top=j locale=pt
06-16 16:51:39.683 21301 21336 I VkSuggestions: decode typedLen=2 candidates=18 locales=2 9,7ms
06-16 16:51:39.684 21301 21336 I VkSuggestions: strip composing typedLen=2 candidates=17 autocorrect=false top=jj locale=pt
06-16 16:51:39.900 21301 21336 I VkSuggestions: decode typedLen=3 candidates=18 locales=2 8,6ms
06-16 16:51:39.901 21301 21336 I VkSuggestions: strip composing typedLen=3 candidates=19 autocorrect=false top=jjh locale=pt
06-16 16:51:40.077 21301 21301 I VkBrowser: ○ gecko shutdown reason=deferred
06-16 16:51:40.107 21301 21336 I VkSuggestions: decode typedLen=4 candidates=18 locales=2 10,2ms
06-16 16:51:40.109 21301 21336 I VkSuggestions: strip composing typedLen=4 candidates=18 autocorrect=false top=jjhd locale=pt
06-16 16:51:40.115 21301 21721 E GeckoConsole: [JavaScript Error: "TypeError: can't access property "WindowEventDispatcher", win is null" {file: "resource://gre/modules/GeckoViewSessionStore.sys.mjs" line: 149}]
06-16 16:51:40.115 21301 21721 E GeckoConsole: onTabStateUpdate@resource://gre/modules/GeckoViewSessionStore.sys.mjs:149:5
06-16 16:51:40.115 21301 21721 E GeckoConsole: updateSessionStoreFromTabListener@resource://gre/modules/GeckoViewSessionStore.sys.mjs:243:10
06-16 16:51:48.857 22355 22355 E ibekey.keyboar: Unknown bits set in runtime_flags: 0x40000000
06-16 16:51:49.000 22355 22355 W k0      : Could not load system glide typing library jni_latinimegoogle: dlopen failed: library "libjni_latinimegoogle.so" not found
06-16 16:51:49.098 22355 22355 W v       : No editor info for this field. Bug?
06-16 16:51:49.107 22355 22355 I VkMultilingual: reset main=pt-BR locales=[pt,es] count=2
06-16 16:51:49.134 22355 22355 W ibekey.keyboar: ClassLoaderContext classpath size mismatch. expected=1, found=0 (DLC[];PCL[base.apk*116719914]{PCL[/system/framework/org.apache.http.legacy.jar*3034548894]#PCL[/apex/com.android.extservices/javalib/android.ext.adservices.jar*3839736497]#PCL[/system/framework/com.android.location.provider.jar*3633238672]#PCL[/system/framework/com.android.media.remotedisplay.jar*3472798123]#PCL[/apex/com.android.extservices/javalib/android.ext.adservices.jar*3839736497]} | DLC[];PCL[])
06-16 16:51:49.149 22355 22355 W System  : ClassLoader referenced unknown path: 
06-16 16:51:49.152 22355 22355 W ibekey.keyboar: ClassLoaderContext classpath element checksum mismatch. expected=116719914, found=1193319878 (DLC[];PCL[base.apk*116719914]{PCL[/system/framework/org.apache.http.legacy.jar*3034548894]#PCL[/apex/com.android.extservices/javalib/android.ext.adservices.jar*3839736497]#PCL[/system/framework/com.android.location.provider.jar*3633238672]#PCL[/system/framework/com.android.media.remotedisplay.jar*3472798123]#PCL[/apex/com.android.extservices/javalib/android.ext.adservices.jar*3839736497]} | DLC[];PCL[/data/app/~~zDBP0pS-KnrDYb4zecdpxA==/com.vibekey.keyboard-BuknBrD7d8CtVRnYARpOBg==/base.apk*1193319878]{PCL[/apex/com.android.extservices/javalib/android.ext.adservices.jar*3839736497]})
06-16 16:51:49.206 22355 22355 E ibekey.keyboar: ofbOpen failed with error=No such file or directory
06-16 16:51:49.206 22355 22355 E ibekey.keyboar: sysOpen failed with error=No such file or directory
06-16 16:51:49.222 22355 22414 W Ads     : Update ad debug logging enablement as false
06-16 16:51:49.242 22355 22355 E MultiApp.Impl: OplusMultiAppImpl
06-16 16:51:49.311 22355 22444 W libc    : Access denied finding property "ro.vendor.api_level"
06-16 16:51:49.317 22355 22355 W chromium: [WARNING:android_webview/browser/network_service/net_helpers.cc:137] HTTP Cache size is: 20971520
06-16 16:51:49.385 22355 22477 W libc    : Access denied finding property "vendor.camera.aux.packagelist"
06-16 16:51:49.385 22355 22477 W libc    : Access denied finding property "vendor.camera.aux.packagelist"
06-16 16:51:49.386 22355 22368 W libc    : Access denied finding property "vendor.camera.aux.packagelist"
06-16 16:51:49.397 22355 22355 I VkSwipe : ○ gesture canceled
06-16 16:51:49.399 22355 22355 E OplusCustomizeRestrictionManager: sInstance is null, start a new sInstance
06-16 16:51:49.413 22355 22355 I VkEffects: reload anim=scale blur=0px glow=false stickers=true
06-16 16:51:49.584 22355 22355 I VkTyping: ▶ open restart=false pkg=com.android.launcher inputType=589825
06-16 16:51:49.726 22355 22453 W cr_media: BLUETOOTH_CONNECT permission is missing.
06-16 16:51:49.732 22355 22453 W cr_media: getBluetoothAdapter() requires BLUETOOTH permission
06-16 16:51:49.732 22355 22453 W cr_media: registerBluetoothIntentsIfNeeded: Requires BLUETOOTH permission
06-16 16:51:49.763 22355 22355 W View    : requestLayout() improperly called by android.widget.LinearLayout{aa75ff1 V.E...... ......ID 0,1868-1440,2818 #7f0a011c app:id/main_keyboard_frame} during layout: running second layout pass
06-16 16:51:49.842 22355 22464 W AudioCapabilities: Unsupported mime audio/ffmpeg
06-16 16:51:49.843 22355 22464 W VideoCapabilities: Unsupported mime video/ffmpeg
06-16 16:51:49.844 22355 22464 W VideoCapabilities: Unrecognized profile/level 0/3 for video/mpeg2
06-16 16:51:49.845 22355 22431 E BLASTBufferQueue: BLASTBufferItemConsumer::onDisconnect()
06-16 16:51:49.851 22355 22464 W VideoCapabilities: Unrecognized profile/level 0/3 for video/mpeg2
06-16 16:51:50.907 22355 22355 I VkSwipe : ▶ gesture started locale=pt-BR
06-16 16:51:50.932 22355 22388 I VkSuggestions: decode typedLen=0 candidates=18 locales=2 23,3ms
06-16 16:51:50.933 22355 22388 W VkSuggestions: slow frame 23,3ms locales=2 typedLen=0 candidates=18 parallelWait=23,1ms
06-16 16:51:51.044 22355 22388 I VkSuggestions: decode typedLen=2 candidates=18 locales=2 17,0ms
06-16 16:51:51.045 22355 22388 W VkSuggestions: slow frame 17,0ms locales=2 typedLen=2 candidates=18 parallelWait=16,9ms
06-16 16:51:51.057 22355 22388 I VkSuggestions: decode typedLen=0 candidates=18 locales=2 11,7ms
06-16 16:51:51.245 22520 22520 E libcrashpad_handler_trampoline.so: createInstance(64bit) : createExtendedFactory
06-16 16:51:51.247 22520 22520 E libcrashpad_handler_trampoline.so: createInstance(64bit) : createExtendedFactory
06-16 16:51:51.247 22520 22520 E libcrashpad_handler_trampoline.so: Opened libinputextensionsimpl.so
06-16 16:51:51.247 22520 22520 E libcrashpad_handler_trampoline.so: Opened libinputextensionsimpl.so
06-16 16:51:51.248 22520 22520 E libcrashpad_handler_trampoline.so: createInstance(64bit) : createExtendedFactory
06-16 16:51:51.249 22520 22520 E libcrashpad_handler_trampoline.so: createInstance(64bit) : createExtendedFactory
06-16 16:51:51.249 22520 22520 E libcrashpad_handler_trampoline.so: Opened libsensorextimpl.so
06-16 16:51:51.249 22520 22520 E libcrashpad_handler_trampoline.so: Opened libsensorextimpl.so
06-16 16:51:51.401 22355 22388 F libc    : Fatal signal 7 (SIGBUS), code 2 (BUS_ADRERR), fault addr 0x766660188b in tid 22388 (d), pid 22355 (ibekey.keyboard)
06-16 16:51:51.524 22523 22523 E DEBUG   : failed to read /proc/uptime: Permission denied
06-16 16:51:52.228 22523 22523 F DEBUG   : Process name is com.vibekey.keyboard, not key_process
06-16 16:51:52.228 22523 22523 F DEBUG   : keyProcess: 0
06-16 16:51:52.228 22523 22523 F DEBUG   : *** *** *** *** *** *** *** *** *** *** *** *** *** *** *** ***
06-16 16:51:52.228 22523 22523 F DEBUG   : Build fingerprint: 'OnePlus/OnePlus7Pro/OnePlus7Pro:12/SKQ1.211113.001/P.202303230244:user/release-keys'
06-16 16:51:52.228 22523 22523 F DEBUG   : Revision: '0'
06-16 16:51:52.228 22523 22523 F DEBUG   : ABI: 'arm64'
06-16 16:51:52.228 22523 22523 F DEBUG   : Timestamp: 2026-06-16 16:51:51.524092263-0400
06-16 16:51:52.228 22523 22523 F DEBUG   : Process uptime: 0s
06-16 16:51:52.228 22523 22523 F DEBUG   : Cmdline: com.vibekey.keyboard
06-16 16:51:52.228 22523 22523 F DEBUG   : pid: 22355, tid: 22388, name: d  >>> com.vibekey.keyboard <<<
06-16 16:51:52.228 22523 22523 F DEBUG   : uid: 14119
06-16 16:51:52.228 22523 22523 F DEBUG   : signal 7 (SIGBUS), code 2 (BUS_ADRERR), fault addr 0x766660188b
06-16 16:51:52.228 22523 22523 F DEBUG   :     x0  00000076665dc06c  x1  000000000004a8e8  x2  00000075ccc5ecb4  x3  000000755eb36bbc
06-16 16:51:52.228 22523 22523 F DEBUG   :     x4  0000000000000061  x5  00000075ccc5eda8  x6  0000000000000001  x7  b4000074cda7de00
06-16 16:51:52.228 22523 22523 F DEBUG   :     x8  0000000000000000  x9  000000000004a8e7  x10 000000000002581f  x11 0000000000025820
06-16 16:51:52.228 22523 22523 F DEBUG   :     x12 00000000b58637bd  x13 b4000074e6322d28  x14 b4000074cda7df40  x15 b4000074e6322e60
06-16 16:51:52.228 22523 22523 F DEBUG   :     x16 000000755ebd7980  x17 000000755eb362c8  x18 0000007559618000  x19 00000075ccc5ed40
06-16 16:51:52.228 22523 22523 F DEBUG   :     x20 00000075ccc5ed60  x21 b4000075cacba180  x22 000000000004a8e8  x23 00000075ccc61000
06-16 16:51:52.228 22523 22523 F DEBUG   :     x24 00000075ccc61000  x25 0000000000000000  x26 0000000000000002  x27 0002059858617976
06-16 16:51:52.228 22523 22523 F DEBUG   :     x28 0000000000000002  x29 00000075ccc5ecc0
06-16 16:51:52.228 22523 22523 F DEBUG   :     lr  000000755eb36c30  sp  00000075ccc5ecb0  pc  000000755eb362f8  pst 0000000020001000
06-16 16:51:52.228 22523 22523 F DEBUG   : backtrace:
06-16 16:51:52.228 22523 22523 F DEBUG   :       #00 pc 00000000000b62f8  /data/app/~~zDBP0pS-KnrDYb4zecdpxA==/com.vibekey.keyboard-BuknBrD7d8CtVRnYARpOBg==/lib/arm64/libjni_latinime.so (latinime::PatriciaTrieReadingUtils::getPtNodeArraySizeAndAdvancePosition(unsigned char const*, int, int*)+48) (BuildId: f905dbd1a904967a994cf833116e517b05caa863)
06-16 16:51:52.228 22523 22523 F DEBUG   :       #01 pc 00000000000b6c2c  /data/app/~~zDBP0pS-KnrDYb4zecdpxA==/com.vibekey.keyboard-BuknBrD7d8CtVRnYARpOBg==/lib/arm64/libjni_latinime.so (latinime::PatriciaTriePolicy::createAndGetAllChildDicNodes(latinime::DicNode const*, latinime::DicNodeVector*) const+112) (BuildId: f905dbd1a904967a994cf833116e517b05caa863)
06-16 16:51:52.228 22523 22523 F DEBUG   :       #02 pc 00000000000d4928  /data/app/~~zDBP0pS-KnrDYb4zecdpxA==/com.vibekey.keyboard-BuknBrD7d8CtVRnYARpOBg==/lib/arm64/libjni_latinime.so (latinime::Suggest::expandCurrentDicNodes(latinime::DicTraverseSession*) const+1380) (BuildId: f905dbd1a904967a994cf833116e517b05caa863)
06-16 16:51:52.228 22523 22523 F DEBUG   :       #03 pc 00000000000d3c0c  /data/app/~~zDBP0pS-KnrDYb4zecdpxA==/com.vibekey.keyboard-BuknBrD7d8CtVRnYARpOBg==/lib/arm64/libjni_latinime.so (latinime::Suggest::getSuggestions(latinime::ProximityInfo*, void*, int*, int*, int*, int*, int*, int, float, latinime::SuggestionResults*) const+504) (BuildId: f905dbd1a904967a994cf833116e517b05caa863)
06-16 16:51:52.228 22523 22523 F DEBUG   :       #04 pc 000000000009fd88  /data/app/~~zDBP0pS-KnrDYb4zecdpxA==/com.vibekey.keyboard-BuknBrD7d8CtVRnYARpOBg==/lib/arm64/libjni_latinime.so (BuildId: f905dbd1a904967a994cf833116e517b05caa863)
06-16 16:51:52.228 22523 22523 F DEBUG   :       #05 pc 00000000002c2100  /apex/com.android.art/lib64/libart.so (art_quick_generic_jni_trampoline+144) (BuildId: 7087b2f2160bfbf3335d54ba9779e325)
06-16 16:51:52.228 22523 22523 F DEBUG   :       #06 pc 00000000006692dc  /apex/com.android.art/lib64/libart.so (nterp_helper+3852) (BuildId: 7087b2f2160bfbf3335d54ba9779e325)
06-16 16:51:52.228 22523 22523 F DEBUG   :       #07 pc 0000000000228a30  /data/app/~~zDBP0pS-KnrDYb4zecdpxA==/com.vibekey.keyboard-BuknBrD7d8CtVRnYARpOBg==/oat/arm64/base.vdex (com.android.inputmethod.latin.BinaryDictionary.q+572)
06-16 16:51:52.228 22523 22523 F DEBUG   :       #08 pc 0000000000669a28  /apex/com.android.art/lib64/libart.so (nterp_helper+5720) (BuildId: 7087b2f2160bfbf3335d54ba9779e325)
06-16 16:51:52.228 22523 22523 F DEBUG   :       #09 pc 00000000002287ae  /data/app/~~zDBP0pS-KnrDYb4zecdpxA==/com.vibekey.keyboard-BuknBrD7d8CtVRnYARpOBg==/oat/arm64/base.vdex (com.android.inputmethod.latin.BinaryDictionary.d+2)
06-16 16:51:52.228 22523 22523 F DEBUG   :       #10 pc 0000000000669a28  /apex/com.android.art/lib64/libart.so (nterp_helper+5720) (BuildId: 7087b2f2160bfbf3335d54ba9779e325)
06-16 16:51:52.228 22523 22523 F DEBUG   :       #11 pc 0000000000aeda02  /data/app/~~zDBP0pS-KnrDYb4zecdpxA==/com.vibekey.keyboard-BuknBrD7d8CtVRnYARpOBg==/oat/arm64/base.vdex (v7.k.d+50)
06-16 16:51:52.228 22523 22523 F DEBUG   :       #12 pc 0000000000669a28  /apex/com.android.art/lib64/libart.so (nterp_helper+5720) (BuildId: 7087b2f2160bfbf3335d54ba9779e325)
06-16 16:51:52.228 22523 22523 F DEBUG   :       #13 pc 0000000000aecb4a  /data/app/~~zDBP0pS-KnrDYb4zecdpxA==/com.vibekey.keyboard-BuknBrD7d8CtVRnYARpOBg==/oat/arm64/base.vdex (v7.e.d+150)
06-16 16:51:52.228 22523 22523 F DEBUG   :       #14 pc 0000000000669a28  /apex/com.android.art/lib64/libart.so (nterp_helper+5720) (BuildId: 7087b2f2160bfbf3335d54ba9779e325)
06-16 16:51:52.228 22523 22523 F DEBUG   :       #15 pc 00000000005b6602  /data/app/~~zDBP0pS-KnrDYb4zecdpxA==/com.vibekey.keyboard-BuknBrD7d8CtVRnYARpOBg==/oat/arm64/base.vdex (p7.q.j+334)
06-16 16:51:52.228 22523 22523 F DEBUG   :       #16 pc 0000000000669a28  /apex/com.android.art/lib64/libart.so (nterp_helper+5720) (BuildId: 7087b2f2160bfbf3335d54ba9779e325)
06-16 16:51:52.228 22523 22523 F DEBUG   :       #17 pc 00000000005b5f5c  /data/app/~~zDBP0pS-KnrDYb4zecdpxA==/com.vibekey.keyboard-BuknBrD7d8CtVRnYARpOBg==/oat/arm64/base.vdex (p7.q.i+252)
06-16 16:51:52.228 22523 22523 F DEBUG   :       #18 pc 0000000000669a28  /apex/com.android.art/lib64/libart.so (nterp_helper+5720) (BuildId: 7087b2f2160bfbf3335d54ba9779e325)
06-16 16:51:52.228 22523 22523 F DEBUG   :       #19 pc 00000000005b5e18  /data/app/~~zDBP0pS-KnrDYb4zecdpxA==/com.vibekey.keyboard-BuknBrD7d8CtVRnYARpOBg==/oat/arm64/base.vdex (p7.q.h+112)
06-16 16:51:52.228 22523 22523 F DEBUG   :       #20 pc 0000000000669a28  /apex/com.android.art/lib64/libart.so (nterp_helper+5720) (BuildId: 7087b2f2160bfbf3335d54ba9779e325)
06-16 16:51:52.228 22523 22523 F DEBUG   :       #21 pc 00000000005bdade  /data/app/~~zDBP0pS-KnrDYb4zecdpxA==/com.vibekey.keyboard-BuknBrD7d8CtVRnYARpOBg==/oat/arm64/base.vdex (p7.k1.b+322)
06-16 16:51:52.228 22523 22523 F DEBUG   :       #22 pc 0000000000669a28  /apex/com.android.art/lib64/libart.so (nterp_helper+5720) (BuildId: 7087b2f2160bfbf3335d54ba9779e325)
06-16 16:51:52.228 22523 22523 F DEBUG   :       #23 pc 0000000000af4bd6  /data/app/~~zDBP0pS-KnrDYb4zecdpxA==/com.vibekey.keyboard-BuknBrD7d8CtVRnYARpOBg==/oat/arm64/base.vdex (x7.b.m+1458)
06-16 16:51:52.228 22523 22523 F DEBUG   :       #24 pc 0000000000669324  /apex/com.android.art/lib64/libart.so (nterp_helper+3924) (BuildId: 7087b2f2160bfbf3335d54ba9779e325)
06-16 16:51:52.228 22523 22523 F DEBUG   :       #25 pc 00000000005b8848  /data/app/~~zDBP0pS-KnrDYb4zecdpxA==/com.vibekey.keyboard-BuknBrD7d8CtVRnYARpOBg==/oat/arm64/base.vdex (p7.w.run+72)
06-16 16:51:52.228 22523 22523 F DEBUG   :       #26 pc 000000000066a144  /apex/com.android.art/lib64/libart.so (nterp_helper+7540) (BuildId: 7087b2f2160bfbf3335d54ba9779e325)
06-16 16:51:52.228 22523 22523 F DEBUG   :       #27 pc 0000000000af1a96  /data/app/~~zDBP0pS-KnrDYb4zecdpxA==/com.vibekey.keyboard-BuknBrD7d8CtVRnYARpOBg==/oat/arm64/base.vdex (x7.d.handleMessage+18)
06-16 16:51:52.228 22523 22523 F DEBUG   :       #28 pc 000000000205b2d4  /memfd:jit-zygote-cache (deleted)
06-16 16:51:53.525 22538 22538 E ibekey.keyboar: Unknown bits set in runtime_flags: 0x40000000
06-16 16:51:53.630 22538 22538 W k0      : Could not load system glide typing library jni_latinimegoogle: dlopen failed: library "libjni_latinimegoogle.so" not found
06-16 16:51:53.731 22538 22538 W v       : No editor info for this field. Bug?
06-16 16:51:53.744 22538 22538 I VkMultilingual: reset main=pt-BR locales=[pt,es] count=2
06-16 16:51:53.778 22538 22538 W ibekey.keyboar: ClassLoaderContext classpath size mismatch. expected=1, found=0 (DLC[];PCL[base.apk*116719914]{PCL[/system/framework/org.apache.http.legacy.jar*3034548894]#PCL[/apex/com.android.extservices/javalib/android.ext.adservices.jar*3839736497]#PCL[/system/framework/com.android.location.provider.jar*3633238672]#PCL[/system/framework/com.android.media.remotedisplay.jar*3472798123]#PCL[/apex/com.android.extservices/javalib/android.ext.adservices.jar*3839736497]} | DLC[];PCL[])
06-16 16:51:53.786 22538 22538 W System  : ClassLoader referenced unknown path: 
