=== VibeKey 4.5.128 (4496) ===

--------- beginning of system
07-22 12:22:52.096 30049 30049 E OplusCustomizeRestrictionManager: sInstance is null, start a new sInstance
--------- beginning of crash
07-22 12:23:23.088 30049 30049 F libc    : Fatal signal 11 (SIGSEGV), code 1 (SEGV_MAPERR), fault addr 0x6a00000050 in tid 30049 (ibekey.keyboard), pid 30049 (ibekey.keyboard)
07-22 12:23:24.226 30658 30658 F DEBUG   : Process name is com.vibekey.keyboard, not key_process
07-22 12:23:24.226 30658 30658 F DEBUG   : keyProcess: 0
07-22 12:23:24.226 30658 30658 F DEBUG   : *** *** *** *** *** *** *** *** *** *** *** *** *** *** *** ***
07-22 12:23:24.226 30658 30658 F DEBUG   : Build fingerprint: 'OnePlus/OnePlus7Pro/OnePlus7Pro:12/SKQ1.211113.001/P.202303230244:user/release-keys'
07-22 12:23:24.226 30658 30658 F DEBUG   : Revision: '0'
07-22 12:23:24.226 30658 30658 F DEBUG   : ABI: 'arm64'
07-22 12:23:24.226 30658 30658 F DEBUG   : Timestamp: 2026-07-22 12:23:23.243514414-0400
07-22 12:23:24.226 30658 30658 F DEBUG   : Process uptime: 0s
07-22 12:23:24.226 30658 30658 F DEBUG   : Cmdline: com.vibekey.keyboard
07-22 12:23:24.226 30658 30658 F DEBUG   : pid: 30049, tid: 30049, name: ibekey.keyboard  >>> com.vibekey.keyboard <<<
07-22 12:23:24.226 30658 30658 F DEBUG   : uid: 14385
07-22 12:23:24.226 30658 30658 F DEBUG   : signal 11 (SIGSEGV), code 1 (SEGV_MAPERR), fault addr 0x6a00000050
07-22 12:23:24.226 30658 30658 F DEBUG   :     x0  0000006900000075  x1  0000007718c33240  x2  b4000075ba554000  x3  0000007fdc6439a8
07-22 12:23:24.226 30658 30658 F DEBUG   :     x4  0000007fdc6439d0  x5  0000007fdc644d80  x6  000000767fe16ab8  x7  3f1da5566404e8ce
07-22 12:23:24.226 30658 30658 F DEBUG   :     x8  0000006a00000068  x9  3f1da5566404e8ce  x10 0000000000000007  x11 b4000075ba554000
07-22 12:23:24.226 30658 30658 F DEBUG   :     x12 0000007fdc6438d8  x13 0000007718c33241  x14 0000000000000005  x15 00000000ebad6a89
07-22 12:23:24.226 30658 30658 F DEBUG   :     x16 00000075d88facfc  x17 0000007fdc644cb0  x18 0000007734aac000  x19 b4000075ba554000
07-22 12:23:24.226 30658 30658 F DEBUG   :     x20 0000000000001130  x21 b4000075ba555130  x22 0000006900000075  x23 0000006a00000068
07-22 12:23:24.226 30658 30658 F DEBUG   :     x24 000000767f91dc40  x25 0000007fdc644dc0  x26 b400007689011270  x27 b400007676ddf720
07-22 12:23:24.226 30658 30658 F DEBUG   :     x28 0000007fdc644cc0  x29 0000007fdc644c70
07-22 12:23:24.226 30658 30658 F DEBUG   :     lr  000000767f4c23a4  sp  0000007fdc644c70  pc  00000075d88fad5c  pst 0000000020000000
07-22 12:23:24.226 30658 30658 F DEBUG   : backtrace:
07-22 12:23:24.226 30658 30658 F DEBUG   :       #00 pc 00000000000a3d5c  /data/app/~~zrY6hmnMoBFRIt5-CLlc6g==/com.vibekey.keyboard-aw9uSKXWvXEksqPEOaRVyw==/lib/arm64/libjni_latinime.so (BuildId: f905dbd1a904967a994cf833116e517b05caa863)
07-22 12:23:24.226 30658 30658 F DEBUG   :       #01 pc 00000000002c23a0  /apex/com.android.art/lib64/libart.so (art_quick_generic_jni_trampoline+144) (BuildId: cecb684d19b4f44ee3cbd66142c315f4)
07-22 12:23:24.226 30658 30658 F DEBUG   :       #02 pc 000000000072b39c  /apex/com.android.art/lib64/libart.so (nterp_helper+780) (BuildId: cecb684d19b4f44ee3cbd66142c315f4)
07-22 12:23:24.226 30658 30658 F DEBUG   :       #03 pc 00000000001aafda  /data/app/~~zrY6hmnMoBFRIt5-CLlc6g==/com.vibekey.keyboard-aw9uSKXWvXEksqPEOaRVyw==/oat/arm64/base.vdex (com.android.inputmethod.latin.DicTraverseSession.a+38)
07-22 12:23:24.226 30658 30658 F DEBUG   :       #04 pc 000000000072b884  /apex/com.android.art/lib64/libart.so (nterp_helper+2036) (BuildId: cecb684d19b4f44ee3cbd66142c315f4)
07-22 12:23:24.226 30658 30658 F DEBUG   :       #05 pc 00000000001aaacc  /data/app/~~zrY6hmnMoBFRIt5-CLlc6g==/com.vibekey.keyboard-aw9uSKXWvXEksqPEOaRVyw==/oat/arm64/base.vdex (com.android.inputmethod.latin.BinaryDictionary.a+84)
07-22 12:23:24.226 30658 30658 F DEBUG   :       #06 pc 000000000072b884  /apex/com.android.art/lib64/libart.so (nterp_helper+2036) (BuildId: cecb684d19b4f44ee3cbd66142c315f4)
07-22 12:23:24.226 30658 30658 F DEBUG   :       #07 pc 000000000034dc6a  /data/app/~~zrY6hmnMoBFRIt5-CLlc6g==/com.vibekey.keyboard-aw9uSKXWvXEksqPEOaRVyw==/oat/arm64/base.vdex (da.n.a+22)
07-22 12:23:24.226 30658 30658 F DEBUG   :       #08 pc 000000000072b884  /apex/com.android.art/lib64/libart.so (nterp_helper+2036) (BuildId: cecb684d19b4f44ee3cbd66142c315f4)
07-22 12:23:24.226 30658 30658 F DEBUG   :       #09 pc 000000000034b39a  /data/app/~~zrY6hmnMoBFRIt5-CLlc6g==/com.vibekey.keyboard-aw9uSKXWvXEksqPEOaRVyw==/oat/arm64/base.vdex (da.e.a+34)
07-22 12:23:24.226 30658 30658 F DEBUG   :       #10 pc 000000000072b884  /apex/com.android.art/lib64/libart.so (nterp_helper+2036) (BuildId: cecb684d19b4f44ee3cbd66142c315f4)
07-22 12:23:24.226 30658 30658 F DEBUG   :       #11 pc 0000000000633154  /data/app/~~zrY6hmnMoBFRIt5-CLlc6g==/com.vibekey.keyboard-aw9uSKXWvXEksqPEOaRVyw==/oat/arm64/base.vdex (x9.v.b+152)
07-22 12:23:24.226 30658 30658 F DEBUG   :       #12 pc 000000000072b884  /apex/com.android.art/lib64/libart.so (nterp_helper+2036) (BuildId: cecb684d19b4f44ee3cbd66142c315f4)
07-22 12:23:24.226 30658 30658 F DEBUG   :       #13 pc 0000000000632830  /data/app/~~zrY6hmnMoBFRIt5-CLlc6g==/com.vibekey.keyboard-aw9uSKXWvXEksqPEOaRVyw==/oat/arm64/base.vdex (x9.t.z+1316)
07-22 12:23:24.226 30658 30658 F DEBUG   :       #14 pc 000000000072bb98  /apex/com.android.art/lib64/libart.so (nterp_helper+2824) (BuildId: cecb684d19b4f44ee3cbd66142c315f4)
07-22 12:23:24.226 30658 30658 F DEBUG   :       #15 pc 00000000006322a0  /data/app/~~zrY6hmnMoBFRIt5-CLlc6g==/com.vibekey.keyboard-aw9uSKXWvXEksqPEOaRVyw==/oat/arm64/base.vdex (x9.t.y+296)
07-22 12:23:24.226 30658 30658 F DEBUG   :       #16 pc 000000000072bb98  /apex/com.android.art/lib64/libart.so (nterp_helper+2824) (BuildId: cecb684d19b4f44ee3cbd66142c315f4)
07-22 12:23:24.226 30658 30658 F DEBUG   :       #17 pc 00000000003cd1cc  /data/app/~~zrY6hmnMoBFRIt5-CLlc6g==/com.vibekey.keyboard-aw9uSKXWvXEksqPEOaRVyw==/oat/arm64/base.vdex (helium314.keyboard.latin.LatinIME.B+56)
07-22 12:23:24.226 30658 30658 F DEBUG   :       #18 pc 000000000072b884  /apex/com.android.art/lib64/libart.so (nterp_helper+2036) (BuildId: cecb684d19b4f44ee3cbd66142c315f4)
07-22 12:23:24.226 30658 30658 F DEBUG   :       #19 pc 00000000003cd426  /data/app/~~zrY6hmnMoBFRIt5-CLlc6g==/com.vibekey.keyboard-aw9uSKXWvXEksqPEOaRVyw==/oat/arm64/base.vdex (helium314.keyboard.latin.LatinIME.D+314)
07-22 12:23:24.226 30658 30658 F DEBUG   :       #20 pc 000000000072b884  /apex/com.android.art/lib64/libart.so (nterp_helper+2036) (BuildId: cecb684d19b4f44ee3cbd66142c315f4)
07-22 12:23:24.226 30658 30658 F DEBUG   :       #21 pc 0000000000634538  /data/app/~~zrY6hmnMoBFRIt5-CLlc6g==/com.vibekey.keyboard-aw9uSKXWvXEksqPEOaRVyw==/oat/arm64/base.vdex (x9.k0.handleMessage+876)
07-22 12:23:24.226 30658 30658 F DEBUG   :       #22 pc 000000000205a630  /memfd:jit-zygote-cache (deleted)
07-22 12:23:26.088 30710 30710 E OplusCustomizeRestrictionManager: sInstance is null, start a new sInstance
07-22 12:24:19.627 30710 30710 F libc    : Fatal signal 11 (SIGSEGV), code 1 (SEGV_MAPERR), fault addr 0x660000004c in tid 30710 (ibekey.keyboard), pid 30710 (ibekey.keyboard)
07-22 12:24:20.457 30839 30839 F DEBUG   : Process name is com.vibekey.keyboard, not key_process
07-22 12:24:20.457 30839 30839 F DEBUG   : keyProcess: 0
07-22 12:24:20.457 30839 30839 F DEBUG   : *** *** *** *** *** *** *** *** *** *** *** *** *** *** *** ***
07-22 12:24:20.457 30839 30839 F DEBUG   : Build fingerprint: 'OnePlus/OnePlus7Pro/OnePlus7Pro:12/SKQ1.211113.001/P.202303230244:user/release-keys'
07-22 12:24:20.457 30839 30839 F DEBUG   : Revision: '0'
07-22 12:24:20.457 30839 30839 F DEBUG   : ABI: 'arm64'
07-22 12:24:20.457 30839 30839 F DEBUG   : Timestamp: 2026-07-22 12:24:19.824957674-0400
07-22 12:24:20.457 30839 30839 F DEBUG   : Process uptime: 0s
07-22 12:24:20.457 30839 30839 F DEBUG   : Cmdline: com.vibekey.keyboard
07-22 12:24:20.457 30839 30839 F DEBUG   : pid: 30710, tid: 30710, name: ibekey.keyboard  >>> com.vibekey.keyboard <<<
07-22 12:24:20.457 30839 30839 F DEBUG   : uid: 14385
07-22 12:24:20.457 30839 30839 F DEBUG   : signal 11 (SIGSEGV), code 1 (SEGV_MAPERR), fault addr 0x660000004c
07-22 12:24:20.457 30839 30839 F DEBUG   :     x0  0000007400000072  x1  000000770f5ef340  x2  b40000766480d000  x3  000000767f585f94
07-22 12:24:20.457 30839 30839 F DEBUG   :     x4  00000000ebad6a89  x5  0000007fdc644c50  x6  0000007734671f80  x7  3f1da5566404e8ce
07-22 12:24:20.457 30839 30839 F DEBUG   :     x8  0000006600000064  x9  3f1da5566404e8ce  x10 0000000000000007  x11 b40000766480d000
07-22 12:24:20.457 30839 30839 F DEBUG   :     x12 0000007fdc6438d8  x13 000000770f5ef341  x14 0000000000000005  x15 00000000ebad6a89
07-22 12:24:20.457 30839 30839 F DEBUG   :     x16 00000076014decfc  x17 0000007fdc644cb0  x18 0000007734aac000  x19 b40000766480d000
07-22 12:24:20.457 30839 30839 F DEBUG   :     x20 0000000000001130  x21 b40000766480e130  x22 0000007400000072  x23 0000006600000064
07-22 12:24:20.457 30839 30839 F DEBUG   :     x24 000000767f91dc40  x25 0000007fdc644dc0  x26 b400007689011270  x27 b400007676ddf720
07-22 12:24:20.457 30839 30839 F DEBUG   :     x28 0000007fdc644cc0  x29 0000007fdc644c70
07-22 12:24:20.457 30839 30839 F DEBUG   :     lr  000000767f4c23a4  sp  0000007fdc644c70  pc  00000076014ded5c  pst 0000000080000000
07-22 12:24:20.457 30839 30839 F DEBUG   : backtrace:
07-22 12:24:20.457 30839 30839 F DEBUG   :       #00 pc 00000000000a3d5c  /data/app/~~zrY6hmnMoBFRIt5-CLlc6g==/com.vibekey.keyboard-aw9uSKXWvXEksqPEOaRVyw==/lib/arm64/libjni_latinime.so (BuildId: f905dbd1a904967a994cf833116e517b05caa863)
07-22 12:24:20.457 30839 30839 F DEBUG   :       #01 pc 00000000002c23a0  /apex/com.android.art/lib64/libart.so (art_quick_generic_jni_trampoline+144) (BuildId: cecb684d19b4f44ee3cbd66142c315f4)
07-22 12:24:20.458 30839 30839 F DEBUG   :       #02 pc 000000000072b39c  /apex/com.android.art/lib64/libart.so (nterp_helper+780) (BuildId: cecb684d19b4f44ee3cbd66142c315f4)
07-22 12:24:20.458 30839 30839 F DEBUG   :       #03 pc 00000000001aafda  /data/app/~~zrY6hmnMoBFRIt5-CLlc6g==/com.vibekey.keyboard-aw9uSKXWvXEksqPEOaRVyw==/oat/arm64/base.vdex (com.android.inputmethod.latin.DicTraverseSession.a+38)
07-22 12:24:20.458 30839 30839 F DEBUG   :       #04 pc 000000000072b884  /apex/com.android.art/lib64/libart.so (nterp_helper+2036) (BuildId: cecb684d19b4f44ee3cbd66142c315f4)
07-22 12:24:20.458 30839 30839 F DEBUG   :       #05 pc 00000000001aaacc  /data/app/~~zrY6hmnMoBFRIt5-CLlc6g==/com.vibekey.keyboard-aw9uSKXWvXEksqPEOaRVyw==/oat/arm64/base.vdex (com.android.inputmethod.latin.BinaryDictionary.a+84)
07-22 12:24:20.458 30839 30839 F DEBUG   :       #06 pc 000000000072b884  /apex/com.android.art/lib64/libart.so (nterp_helper+2036) (BuildId: cecb684d19b4f44ee3cbd66142c315f4)
07-22 12:24:20.458 30839 30839 F DEBUG   :       #07 pc 000000000034dc6a  /data/app/~~zrY6hmnMoBFRIt5-CLlc6g==/com.vibekey.keyboard-aw9uSKXWvXEksqPEOaRVyw==/oat/arm64/base.vdex (da.n.a+22)
07-22 12:24:20.458 30839 30839 F DEBUG   :       #08 pc 000000000072b884  /apex/com.android.art/lib64/libart.so (nterp_helper+2036) (BuildId: cecb684d19b4f44ee3cbd66142c315f4)
07-22 12:24:20.458 30839 30839 F DEBUG   :       #09 pc 000000000034b39a  /data/app/~~zrY6hmnMoBFRIt5-CLlc6g==/com.vibekey.keyboard-aw9uSKXWvXEksqPEOaRVyw==/oat/arm64/base.vdex (da.e.a+34)
07-22 12:24:20.458 30839 30839 F DEBUG   :       #10 pc 000000000072b884  /apex/com.android.art/lib64/libart.so (nterp_helper+2036) (BuildId: cecb684d19b4f44ee3cbd66142c315f4)
07-22 12:24:20.458 30839 30839 F DEBUG   :       #11 pc 0000000000633154  /data/app/~~zrY6hmnMoBFRIt5-CLlc6g==/com.vibekey.keyboard-aw9uSKXWvXEksqPEOaRVyw==/oat/arm64/base.vdex (x9.v.b+152)
07-22 12:24:20.458 30839 30839 F DEBUG   :       #12 pc 000000000072b884  /apex/com.android.art/lib64/libart.so (nterp_helper+2036) (BuildId: cecb684d19b4f44ee3cbd66142c315f4)
07-22 12:24:20.458 30839 30839 F DEBUG   :       #13 pc 0000000000632830  /data/app/~~zrY6hmnMoBFRIt5-CLlc6g==/com.vibekey.keyboard-aw9uSKXWvXEksqPEOaRVyw==/oat/arm64/base.vdex (x9.t.z+1316)
07-22 12:24:20.458 30839 30839 F DEBUG   :       #14 pc 000000000072bb98  /apex/com.android.art/lib64/libart.so (nterp_helper+2824) (BuildId: cecb684d19b4f44ee3cbd66142c315f4)
07-22 12:24:20.458 30839 30839 F DEBUG   :       #15 pc 00000000006322a0  /data/app/~~zrY6hmnMoBFRIt5-CLlc6g==/com.vibekey.keyboard-aw9uSKXWvXEksqPEOaRVyw==/oat/arm64/base.vdex (x9.t.y+296)
07-22 12:24:20.458 30839 30839 F DEBUG   :       #16 pc 000000000072bb98  /apex/com.android.art/lib64/libart.so (nterp_helper+2824) (BuildId: cecb684d19b4f44ee3cbd66142c315f4)
07-22 12:24:20.458 30839 30839 F DEBUG   :       #17 pc 00000000003cd1cc  /data/app/~~zrY6hmnMoBFRIt5-CLlc6g==/com.vibekey.keyboard-aw9uSKXWvXEksqPEOaRVyw==/oat/arm64/base.vdex (helium314.keyboard.latin.LatinIME.B+56)
07-22 12:24:20.458 30839 30839 F DEBUG   :       #18 pc 000000000072b884  /apex/com.android.art/lib64/libart.so (nterp_helper+2036) (BuildId: cecb684d19b4f44ee3cbd66142c315f4)
07-22 12:24:20.458 30839 30839 F DEBUG   :       #19 pc 00000000003cd426  /data/app/~~zrY6hmnMoBFRIt5-CLlc6g==/com.vibekey.keyboard-aw9uSKXWvXEksqPEOaRVyw==/oat/arm64/base.vdex (helium314.keyboard.latin.LatinIME.D+314)
07-22 12:24:20.458 30839 30839 F DEBUG   :       #20 pc 000000000072b884  /apex/com.android.art/lib64/libart.so (nterp_helper+2036) (BuildId: cecb684d19b4f44ee3cbd66142c315f4)
07-22 12:24:20.458 30839 30839 F DEBUG   :       #21 pc 0000000000634538  /data/app/~~zrY6hmnMoBFRIt5-CLlc6g==/com.vibekey.keyboard-aw9uSKXWvXEksqPEOaRVyw==/oat/arm64/base.vdex (x9.k0.handleMessage+876)
07-22 12:24:20.458 30839 30839 F DEBUG   :       #22 pc 000000000205a630  /memfd:jit-zygote-cache (deleted)
07-22 12:24:25.187 31140 31140 E OplusCustomizeRestrictionManager: sInstance is null, start a new sInstance
07-22 12:24:53.864 31140 31140 F libc    : Fatal signal 11 (SIGSEGV), code 1 (SEGV_MAPERR), fault addr 0x730000004d in tid 31140 (ibekey.keyboard), pid 31140 (ibekey.keyboard)
07-22 12:24:55.149 31242 31242 F DEBUG   : Process name is com.vibekey.keyboard, not key_process
07-22 12:24:55.149 31242 31242 F DEBUG   : keyProcess: 0
07-22 12:24:55.149 31242 31242 F DEBUG   : *** *** *** *** *** *** *** *** *** *** *** *** *** *** *** ***
07-22 12:24:55.149 31242 31242 F DEBUG   : Build fingerprint: 'OnePlus/OnePlus7Pro/OnePlus7Pro:12/SKQ1.211113.001/P.202303230244:user/release-keys'
07-22 12:24:55.149 31242 31242 F DEBUG   : Revision: '0'
07-22 12:24:55.149 31242 31242 F DEBUG   : ABI: 'arm64'
07-22 12:24:55.149 31242 31242 F DEBUG   : Timestamp: 2026-07-22 12:24:54.152981619-0400
07-22 12:24:55.149 31242 31242 F DEBUG   : Process uptime: 0s
07-22 12:24:55.149 31242 31242 F DEBUG   : Cmdline: com.vibekey.keyboard
07-22 12:24:55.149 31242 31242 F DEBUG   : pid: 31140, tid: 31140, name: ibekey.keyboard  >>> com.vibekey.keyboard <<<
07-22 12:24:55.149 31242 31242 F DEBUG   : uid: 14385
07-22 12:24:55.149 31242 31242 F DEBUG   : signal 11 (SIGSEGV), code 1 (SEGV_MAPERR), fault addr 0x730000004d
07-22 12:24:55.149 31242 31242 F DEBUG   :     x0  0000007700000071  x1  00000077111ba4f8  x2  b4000075bc1ed000  x3  0000000000000002
07-22 12:24:55.149 31242 31242 F DEBUG   :     x4  0000000200000000  x5  0000000000000000  x6  000000767fe16ab8  x7  0000007fdc6439c8
07-22 12:24:55.149 31242 31242 F DEBUG   :     x8  0000007300000065  x9  3f1da5566404e8ce  x10 0000000000000007  x11 b4000075bc1ed000
07-22 12:24:55.149 31242 31242 F DEBUG   :     x12 0000007fdc6438d8  x13 00000077111ba4f9  x14 0000000000000005  x15 00000000ebad6a89
07-22 12:24:55.149 31242 31242 F DEBUG   :     x16 00000075cd71ecfc  x17 0000007fdc644cb0  x18 0000007734aac000  x19 b4000075bc1ed000
07-22 12:24:55.149 31242 31242 F DEBUG   :     x20 0000000000001130  x21 b4000075bc1ee130  x22 0000007700000071  x23 0000007300000065
07-22 12:24:55.149 31242 31242 F DEBUG   :     x24 000000767f91dc40  x25 0000007fdc644dc0  x26 b400007689011270  x27 b400007676ddf720
07-22 12:24:55.149 31242 31242 F DEBUG   :     x28 0000007fdc644cc0  x29 0000007fdc644c70
07-22 12:24:55.149 31242 31242 F DEBUG   :     lr  000000767f4c23a4  sp  0000007fdc644c70  pc  00000075cd71ed5c  pst 0000000080000000
07-22 12:24:55.149 31242 31242 F DEBUG   : backtrace:
07-22 12:24:55.149 31242 31242 F DEBUG   :       #00 pc 00000000000a3d5c  /data/app/~~zrY6hmnMoBFRIt5-CLlc6g==/com.vibekey.keyboard-aw9uSKXWvXEksqPEOaRVyw==/lib/arm64/libjni_latinime.so (BuildId: f905dbd1a904967a994cf833116e517b05caa863)
07-22 12:24:55.149 31242 31242 F DEBUG   :       #01 pc 00000000002c23a0  /apex/com.android.art/lib64/libart.so (art_quick_generic_jni_trampoline+144) (BuildId: cecb684d19b4f44ee3cbd66142c315f4)
07-22 12:24:55.149 31242 31242 F DEBUG   :       #02 pc 000000000072b39c  /apex/com.android.art/lib64/libart.so (nterp_helper+780) (BuildId: cecb684d19b4f44ee3cbd66142c315f4)
07-22 12:24:55.149 31242 31242 F DEBUG   :       #03 pc 00000000001aafda  /data/app/~~zrY6hmnMoBFRIt5-CLlc6g==/com.vibekey.keyboard-aw9uSKXWvXEksqPEOaRVyw==/oat/arm64/base.vdex (com.android.inputmethod.latin.DicTraverseSession.a+38)
07-22 12:24:55.149 31242 31242 F DEBUG   :       #04 pc 000000000072b884  /apex/com.android.art/lib64/libart.so (nterp_helper+2036) (BuildId: cecb684d19b4f44ee3cbd66142c315f4)
07-22 12:24:55.149 31242 31242 F DEBUG   :       #05 pc 00000000001aaacc  /data/app/~~zrY6hmnMoBFRIt5-CLlc6g==/com.vibekey.keyboard-aw9uSKXWvXEksqPEOaRVyw==/oat/arm64/base.vdex (com.android.inputmethod.latin.BinaryDictionary.a+84)
07-22 12:24:55.149 31242 31242 F DEBUG   :       #06 pc 000000000072b884  /apex/com.android.art/lib64/libart.so (nterp_helper+2036) (BuildId: cecb684d19b4f44ee3cbd66142c315f4)
07-22 12:24:55.149 31242 31242 F DEBUG   :       #07 pc 000000000034dc6a  /data/app/~~zrY6hmnMoBFRIt5-CLlc6g==/com.vibekey.keyboard-aw9uSKXWvXEksqPEOaRVyw==/oat/arm64/base.vdex (da.n.a+22)
07-22 12:24:55.149 31242 31242 F DEBUG   :       #08 pc 000000000072b884  /apex/com.android.art/lib64/libart.so (nterp_helper+2036) (BuildId: cecb684d19b4f44ee3cbd66142c315f4)
07-22 12:24:55.149 31242 31242 F DEBUG   :       #09 pc 000000000034b39a  /data/app/~~zrY6hmnMoBFRIt5-CLlc6g==/com.vibekey.keyboard-aw9uSKXWvXEksqPEOaRVyw==/oat/arm64/base.vdex (da.e.a+34)
07-22 12:24:55.149 31242 31242 F DEBUG   :       #10 pc 000000000072b884  /apex/com.android.art/lib64/libart.so (nterp_helper+2036) (BuildId: cecb684d19b4f44ee3cbd66142c315f4)
07-22 12:24:55.149 31242 31242 F DEBUG   :       #11 pc 0000000000633154  /data/app/~~zrY6hmnMoBFRIt5-CLlc6g==/com.vibekey.keyboard-aw9uSKXWvXEksqPEOaRVyw==/oat/arm64/base.vdex (x9.v.b+152)
07-22 12:24:55.149 31242 31242 F DEBUG   :       #12 pc 000000000072b884  /apex/com.android.art/lib64/libart.so (nterp_helper+2036) (BuildId: cecb684d19b4f44ee3cbd66142c315f4)
07-22 12:24:55.149 31242 31242 F DEBUG   :       #13 pc 0000000000632830  /data/app/~~zrY6hmnMoBFRIt5-CLlc6g==/com.vibekey.keyboard-aw9uSKXWvXEksqPEOaRVyw==/oat/arm64/base.vdex (x9.t.z+1316)
07-22 12:24:55.149 31242 31242 F DEBUG   :       #14 pc 000000000072bb98  /apex/com.android.art/lib64/libart.so (nterp_helper+2824) (BuildId: cecb684d19b4f44ee3cbd66142c315f4)
07-22 12:24:55.149 31242 31242 F DEBUG   :       #15 pc 00000000006322a0  /data/app/~~zrY6hmnMoBFRIt5-CLlc6g==/com.vibekey.keyboard-aw9uSKXWvXEksqPEOaRVyw==/oat/arm64/base.vdex (x9.t.y+296)
07-22 12:24:55.149 31242 31242 F DEBUG   :       #16 pc 000000000072bb98  /apex/com.android.art/lib64/libart.so (nterp_helper+2824) (BuildId: cecb684d19b4f44ee3cbd66142c315f4)
07-22 12:24:55.149 31242 31242 F DEBUG   :       #17 pc 00000000003cd1cc  /data/app/~~zrY6hmnMoBFRIt5-CLlc6g==/com.vibekey.keyboard-aw9uSKXWvXEksqPEOaRVyw==/oat/arm64/base.vdex (helium314.keyboard.latin.LatinIME.B+56)
07-22 12:24:55.149 31242 31242 F DEBUG   :       #18 pc 000000000072b884  /apex/com.android.art/lib64/libart.so (nterp_helper+2036) (BuildId: cecb684d19b4f44ee3cbd66142c315f4)
07-22 12:24:55.149 31242 31242 F DEBUG   :       #19 pc 00000000003cd426  /data/app/~~zrY6hmnMoBFRIt5-CLlc6g==/com.vibekey.keyboard-aw9uSKXWvXEksqPEOaRVyw==/oat/arm64/base.vdex (helium314.keyboard.latin.LatinIME.D+314)
07-22 12:24:55.149 31242 31242 F DEBUG   :       #20 pc 000000000072b884  /apex/com.android.art/lib64/libart.so (nterp_helper+2036) (BuildId: cecb684d19b4f44ee3cbd66142c315f4)
07-22 12:24:55.149 31242 31242 F DEBUG   :       #21 pc 0000000000634538  /data/app/~~zrY6hmnMoBFRIt5-CLlc6g==/com.vibekey.keyboard-aw9uSKXWvXEksqPEOaRVyw==/oat/arm64/base.vdex (x9.k0.handleMessage+876)
07-22 12:24:55.149 31242 31242 F DEBUG   :       #22 pc 000000000205a630  /memfd:jit-zygote-cache (deleted)
07-22 12:24:59.032 31518 31518 E OplusCustomizeRestrictionManager: sInstance is null, start a new sInstance
07-22 12:26:11.321 31518 32711 E ActivityThread: Failed to find provider info for com.oplus.statistics.provider
07-22 12:26:11.322 31518 32711 E OplusStatistics--: IllegalArgumentException:java.lang.IllegalArgumentException: Unknown URL content://com.oplus.statistics.provider/track_event
07-22 12:26:31.364 31518 32711 E ActivityThread: Failed to find provider info for com.oplus.statistics.provider
07-22 12:26:31.365 31518 32711 E OplusStatistics--: IllegalArgumentException:java.lang.IllegalArgumentException: Unknown URL content://com.oplus.statistics.provider/track_event
07-22 12:26:50.304 31518 32711 E ActivityThread: Failed to find provider info for com.oplus.statistics.provider
07-22 12:26:50.305 31518 32711 E OplusStatistics--: IllegalArgumentException:java.lang.IllegalArgumentException: Unknown URL content://com.oplus.statistics.provider/track_event
07-22 12:27:09.353 31518 32711 E ActivityThread: Failed to find provider info for com.oplus.statistics.provider
07-22 12:27:09.354 31518 32711 E OplusStatistics--: IllegalArgumentException:java.lang.IllegalArgumentException: Unknown URL content://com.oplus.statistics.provider/track_event
07-22 12:28:18.499 31518 32711 E ActivityThread: Failed to find provider info for com.oplus.statistics.provider
07-22 12:28:18.500 31518 32711 E OplusStatistics--: IllegalArgumentException:java.lang.IllegalArgumentException: Unknown URL content://com.oplus.statistics.provider/track_event
--------- beginning of main
07-22 12:28:24.089 31518  3466 W libc    : Access denied finding property "vendor.oplus.media.vpp.stutter"
07-22 12:28:24.501 31518 31590 E BLASTBufferQueue: BLASTBufferItemConsumer::onDisconnect()
07-22 12:28:24.546 31518 31518 E BLASTBufferQueue: BLASTBufferItemConsumer::onDisconnect()
07-22 12:28:24.866 31518 31590 E BLASTBufferQueue: BLASTBufferItemConsumer::onDisconnect()
07-22 12:28:24.885 31518 31518 E BLASTBufferQueue: BLASTBufferItemConsumer::onDisconnect()
07-22 12:28:25.090 31518  3466 W libc    : Access denied finding property "vendor.oplus.media.vpp.stutter"
07-22 12:28:26.091 31518  3466 W libc    : Access denied finding property "vendor.oplus.media.vpp.stutter"
07-22 12:28:27.091 31518  3466 W libc    : Access denied finding property "vendor.oplus.media.vpp.stutter"
07-22 12:28:27.858 31518 31590 E BLASTBufferQueue: BLASTBufferItemConsumer::onDisconnect()
07-22 12:28:28.092 31518  3466 W libc    : Access denied finding property "vendor.oplus.media.vpp.stutter"
07-22 12:28:28.724 31518 31518 I VkMonetization: rewarded_earned waterfall=PRIMARY
07-22 12:28:29.092 31518  3466 W libc    : Access denied finding property "vendor.oplus.media.vpp.stutter"
07-22 12:28:29.591 31518 31518 I VkAiEconomics: rewarded_grant feature=theme waterfall=PRIMARY
07-22 12:28:29.592 31518 31518 I VkThemes: ▶ generate ref=false descLen=5
07-22 12:28:29.629 31518  3528 W ServiceBindIntentUtils: Dynamic lookup for intent failed for action: com.google.android.gms.ads.service.START
07-22 12:28:29.646 31518 32668 W cr_MediaCodecBridge: Releasing: OMX.qcom.video.decoder.vp9
07-22 12:28:29.647 31518  3464 E ExtensionsLoader: freeAllBuffers: 15 buffers were freed while being dequeued!
07-22 12:28:29.648 31518 32668 W cr_MediaCodecBridge: Codec released
07-22 12:28:29.778 31518 31518 I VkTyping: ▶ open restart=false pkg=com.android.launcher inputType=589825
07-22 12:28:29.796 31518 31545 I VkApi   : ▶ request gemini/system model=gemini-2.5-flash
07-22 12:28:29.967 31518 31571 I VkTextCorrection: rerank composing head com→👏
07-22 12:28:29.968 31518 31571 I VkSuggestions: decode typedLen=0 candidates=1 locales=1 0,2ms
07-22 12:28:29.971 31518 31571 I VkSuggestions: strip composing typedLen=3 candidates=16 autocorrect=false top=bom locale=pt token=212 gen=21
07-22 12:28:30.015 31518  3536 I VkApi   : appCheckToken cacheHit=false success=false
07-22 12:28:30.015 31518  3536 W VibeKeyProxyAppCheck: Proceeding without App Check token
07-22 12:28:30.015 31518  3536 I VkApi   : ▶ request /geminiGenerateContent
07-22 12:28:30.093 31518 31590 E BLASTBufferQueue: BLASTBufferItemConsumer::onDisconnect()
07-22 12:28:30.108 31518 31590 E BLASTBufferQueue: BLASTBufferItemConsumer::onDisconnect()
07-22 12:28:30.177 31518  3329 W Ads     : Not retrying to fetch app settings
07-22 12:28:30.257 31518 31571 W VibeKeyProfiler: Slow Native Suggest: Total=11.70ms | Init=0.12ms | TrieExpand(x18)=11.54ms | Scoring=0.04ms | inputSize=3
07-22 12:28:30.258 31518 31571 I VkSuggestions: decode typedLen=3 candidates=18 locales=1 19,6ms
07-22 12:28:30.259 31518 31571 W VkSuggestions: slow frame 19,6ms locales=1 typedLen=3 candidates=18
07-22 12:28:30.261 31518 31571 I VkTextCorrection: rerank composing head com→👏
07-22 12:28:30.689 30107 30133 I OnDeviceAssist: warm ok model=qwen2.5-0.5b-instruct-q4_0.gguf ambient=54 chars 0ms
07-22 12:28:30.735 31518 31546 I OnDeviceAssist: ▶ assist_ipc task=topic_tags in=21 chars
07-22 12:28:30.756 30107 30133 I OnDeviceAssist: dispatch task=topic_tags in=21 chars engine=Ready
07-22 12:28:30.757 30107 30133 I OnDeviceAssist: ▶ runSync task=topic_tags in=21 chars locale=fr
07-22 12:28:30.760 30107 30133 I OnDeviceAssist: → llm task=topic_tags model=qwen2.5-0.5b-instruct-q4_0.gguf temp=0.22 maxTok=42
07-22 12:28:30.790 31518 31518 W Ads     : GET LOCATION COMPILED
07-22 12:28:30.911 31518 32668 W libc    : Access denied finding property "vendor.oplus.media.vpp.stutter"
07-22 12:28:30.911 31518 32668 E MULTIMEDIAConfig: [getInt32:L80] Not find config, Returning default
07-22 12:28:30.911 31518 32668 E MULTIMEDIAConfig: [getInt32:L80] Not find config, Returning default
07-22 12:28:30.911 31518 32668 E OplusACodec: [OplusACodec:204] mSrOsieMMListCheckResult:0x0 mOsieVersion:1
07-22 12:28:30.937 31518  3566 E OplusACodec: [GetVideoCodingTypeFromMime:L1162] mime:video/x-vnd.on2.vp9
07-22 12:28:31.070 31518 32669 W cr_MediaCodecBridge: Releasing: OMX.qcom.video.decoder.vp9
07-22 12:28:31.071 31518  3565 E ExtensionsLoader: freeAllBuffers: 11 buffers were freed while being dequeued!
07-22 12:28:31.072 31518 32669 W cr_MediaCodecBridge: Codec released
07-22 12:28:32.820 31518 32711 E ActivityThread: Failed to find provider info for com.oplus.statistics.provider
07-22 12:28:32.821 31518 32711 E OplusStatistics--: IllegalArgumentException:java.lang.IllegalArgumentException: Unknown URL content://com.oplus.statistics.provider/track_event
07-22 12:28:33.463 30107 30133 I OnDeviceAssist: ✓ llm task=topic_tags 2703ms out=50 chars
07-22 12:28:33.463 30107 30133 I OnDeviceAssist: done task=topic_tags 2709ms out=50 chars
07-22 12:28:33.463 31518  3171 I OnDeviceAssist: ✓ assist (ime) task=topic_tags 2728ms in=21 out=50
07-22 12:28:33.997 31518  3536 I VkApi   : ✓ response /geminiGenerateContent 3982ms code=200
07-22 12:28:34.001 31518 31546 I VkApi   : ✓ response gemini/system 4206ms
07-22 12:28:34.054 31518 31518 I VkAiEconomics: theme success=true 4475ms tier=TIER2 model=gemini-2.5-flash cache=false rewarded=PRIMARY key=Collector's Edition
07-22 12:28:34.054 31518 31518 I VkThemes: ✓ generate 4475ms theme=Collector's Edition
07-22 12:28:34.287 31518 31518 I VkThemes: apply theme=Collector's Edition (design_engine)
07-22 12:28:34.288 31518 31518 I VkEffects: reload anim=glow blur=0px glow=true stickers=true
07-22 12:28:34.292 31518 31518 I VkSwipe : ○ gesture canceled
07-22 12:28:34.294 31518 31518 I VkSwipe : ○ gesture canceled
07-22 12:28:34.412 31518 31518 I VkThemes: apply theme=Collector's Edition (ai_generate)
07-22 12:28:34.413 31518 31518 W VkStall : MAIN-THREAD STALL 360ms during: >>>>> Dispatching to Handler (android.os.Handler) {4daa105} DispatchedContinuation[Dispatchers.Main, Continuation at y9.u@1537b49]: 0
07-22 12:28:34.419 31518 31518 W View    : requestLayout() improperly called by android.widget.LinearLayout{34547da V.E...... ......ID 0,1023-1440,2818 #7f0a00fc app:id/main_keyboard_frame} during layout: running second layout pass
07-22 12:28:34.455 31518 31546 I VkFavorites: save theme Collector's Edition → SAVED
07-22 12:28:34.458 31518  3340 W Ads     : Not retrying to fetch app settings
07-22 12:28:34.469 31518 31518 I VkPanels: ○ close ai_theme
07-22 12:28:34.668 31518 31518 I VkGesturePreview: ○ preview dismissed
07-22 12:28:34.738 31518 31518 I VkKeyPress: keys pressed=197
07-22 12:28:34.867 31518 31571 I VkSuggestions: strip prediction typedLen=0 candidates=3 autocorrect=false top=que locale=pt token=220 gen=21
07-22 12:28:34.868 31518 31518 I VkStripPipeline: setSuggestions prediction size=3 style=6 token=220 gen=21
07-22 12:28:34.871 31518 31518 I VkSuggestions: stripUi prediction=true children=5 [partir|que|presidente]
07-22 12:28:34.872 31518 31518 I VkStripPipeline: slotBind prediction children=5 [partir|que|presidente]
07-22 12:28:35.139 31518 31571 I VkSuggestions: strip prediction typedLen=0 candidates=3 autocorrect=false top=que locale=pt token=222 gen=21
07-22 12:28:35.140 31518 31518 I VkStripPipeline: setSuggestions prediction size=3 style=6 token=222 gen=21
07-22 12:28:35.445 31518 31571 I VkTextCorrection: rerank prediction head que→presidente
07-22 12:28:35.447 31518 31571 I VkSuggestions: strip prediction typedLen=0 candidates=3 autocorrect=false top=presidente locale=pt token=223 gen=21
07-22 12:28:35.447 31518 31518 I VkStripPipeline: setSuggestions prediction size=3 style=6 token=223 gen=21
07-22 12:28:35.457 31518 31518 I VkSuggestions: stripUi prediction=true children=5 [polícia|presidente|partir]
07-22 12:28:35.457 31518 31518 I VkStripPipeline: slotBind prediction children=5 [polícia|presidente|partir]
07-22 12:28:35.715 31518 31571 I VkTextCorrection: rerank prediction head que→presidente
07-22 12:28:35.717 31518 31571 I VkSuggestions: strip prediction typedLen=0 candidates=3 autocorrect=false top=presidente locale=pt token=224 gen=21
07-22 12:28:35.719 31518 31518 I VkStripPipeline: setSuggestions prediction size=3 style=6 token=224 gen=21
07-22 12:28:36.677 31518 31571 I VkSuggestions: decode typedLen=7 candidates=18 locales=1 13,3ms
07-22 12:28:36.678 31518 31571 I VkSuggestions: strip composing typedLen=7 candidates=18 autocorrect=false top=bommiam locale=pt token=225 gen=21
07-22 12:28:36.679 31518 31518 I VkStripPipeline: setSuggestions composing size=18 style=1 token=225 gen=21 typed=bommiam
07-22 12:28:36.682 31518 31518 I VkSuggestions: stripUi prediction=false children=5 [bommiam|bom|bom]
07-22 12:28:36.683 31518 31518 I VkStripPipeline: slotBind composing children=5 [bommiam|bom|bom]
07-22 12:28:36.926 31518 31571 I VkSuggestions: decode typedLen=6 candidates=18 locales=1 10,0ms
07-22 12:28:36.928 31518 31571 I VkSuggestions: strip composing typedLen=6 candidates=18 autocorrect=false top=bommia locale=pt token=226 gen=21
07-22 12:28:36.929 31518 31518 I VkStripPipeline: setSuggestions composing size=18 style=1 token=226 gen=21 typed=bommia
07-22 12:28:36.933 31518 31518 I VkSuggestions: stripUi prediction=false children=5 [bommia|boêmia|nomeia]
07-22 12:28:36.934 31518 31518 I VkStripPipeline: slotBind composing children=5 [bommia|boêmia|nomeia]
07-22 12:28:37.916 31518 31518 I VkKeyPress: strip pick code=-10060
07-22 12:28:37.922 31518 31518 I VkPanels: ▶ open ai_theme
07-22 12:28:37.926 31518 31518 I VkVibeCards: press pool=1 shown=2
07-22 12:28:39.342 31518 31590 E BLASTBufferQueue: BLASTBufferItemConsumer::onDisconnect()
07-22 12:28:39.391 31518 31518 E BLASTBufferQueue: BLASTBufferItemConsumer::onDisconnect()
07-22 12:28:39.686 31518 31590 E BLASTBufferQueue: BLASTBufferItemConsumer::onDisconnect()
07-22 12:28:39.707 31518 31518 E BLASTBufferQueue: BLASTBufferItemConsumer::onDisconnect()
07-22 12:28:40.310 31518 31518 I VkKeyPress: keys pressed=204
07-22 12:28:41.951 31518 31518 I VkVibeCards: enter effects=true overlay=true cards=true
07-22 12:28:42.066 31518 31518 I VkVibeCards: ▶ tap generate promptLen=5 ref=false
07-22 12:28:42.309 31518 32668 W libc    : Access denied finding property "vendor.oplus.media.vpp.stutter"
07-22 12:28:42.310 31518 32668 E MULTIMEDIAConfig: [getInt32:L80] Not find config, Returning default
07-22 12:28:42.310 31518 32668 E MULTIMEDIAConfig: [getInt32:L80] Not find config, Returning default
07-22 12:28:42.310 31518 32668 E OplusACodec: [OplusACodec:204] mSrOsieMMListCheckResult:0x0 mOsieVersion:1
07-22 12:28:42.347 31518  3734 E OplusACodec: [GetVideoCodingTypeFromMime:L1162] mime:video/x-vnd.on2.vp9
07-22 12:28:42.400 31518 31590 E BLASTBufferQueue: BLASTBufferItemConsumer::onDisconnect()
07-22 12:28:43.442 31518  3734 W libc    : Access denied finding property "vendor.oplus.media.vpp.stutter"
07-22 12:28:44.443 31518  3734 W libc    : Access denied finding property "vendor.oplus.media.vpp.stutter"
07-22 12:28:45.444 31518  3734 W libc    : Access denied finding property "vendor.oplus.media.vpp.stutter"
07-22 12:28:46.445 31518  3734 W libc    : Access denied finding property "vendor.oplus.media.vpp.stutter"
07-22 12:28:47.255 31518 31590 E BLASTBufferQueue: BLASTBufferItemConsumer::onDisconnect()
07-22 12:28:47.446 31518  3734 W libc    : Access denied finding property "vendor.oplus.media.vpp.stutter"
07-22 12:28:47.836 31518 31518 I VkMonetization: rewarded_earned waterfall=PRIMARY
07-22 12:28:48.446 31518  3734 W libc    : Access denied finding property "vendor.oplus.media.vpp.stutter"
07-22 12:28:49.447 31518  3734 W libc    : Access denied finding property "vendor.oplus.media.vpp.stutter"
07-22 12:28:49.556 31518 31518 I VkAiEconomics: rewarded_grant feature=vibe_card waterfall=PRIMARY
07-22 12:28:49.557 31518 31518 I VkVibeCards: ▶ generate promptLen=5 ref=false
07-22 12:28:49.573 31518 31546 I VkApi   : ▶ request together/flux model=black-forest-labs/FLUX.1-schnell
07-22 12:28:49.605 31518 32668 W cr_MediaCodecBridge: Releasing: OMX.qcom.video.decoder.vp9
07-22 12:28:49.608 31518  3732 E ExtensionsLoader: freeAllBuffers: 15 buffers were freed while being dequeued!
07-22 12:28:49.616 31518 32668 W cr_MediaCodecBridge: Codec released
07-22 12:28:49.664 31518  3766 W ServiceBindIntentUtils: Dynamic lookup for intent failed for action: com.google.android.gms.ads.service.START
07-22 12:28:49.714 31518 31518 I VkTyping: ▶ open restart=false pkg=com.android.launcher inputType=589825
07-22 12:28:49.902 31518 31571 I VkSuggestions: strip composing typedLen=6 candidates=18 autocorrect=false top=bommia locale=pt token=234 gen=21
07-22 12:28:49.934 31518  3536 I VkApi   : appCheckToken cacheHit=false success=false
07-22 12:28:49.934 31518  3536 W VibeKeyProxyAppCheck: Proceeding without App Check token
07-22 12:28:49.934 31518  3536 I VkApi   : ▶ request /togetherFluxImage
07-22 12:28:50.056 31518 31590 E BLASTBufferQueue: BLASTBufferItemConsumer::onDisconnect()
07-22 12:28:50.078 31518 31590 E BLASTBufferQueue: BLASTBufferItemConsumer::onDisconnect()
07-22 12:28:50.620 30107 30133 I OnDeviceAssist: warm ok model=qwen2.5-0.5b-instruct-q4_0.gguf ambient=57 chars 1ms
07-22 12:28:50.755 31518 31518 W Ads     : GET LOCATION COMPILED
07-22 12:28:50.844 31518 32668 W libc    : Access denied finding property "vendor.oplus.media.vpp.stutter"
07-22 12:28:50.844 31518 32668 E MULTIMEDIAConfig: [getInt32:L80] Not find config, Returning default
07-22 12:28:50.844 31518 32668 E MULTIMEDIAConfig: [getInt32:L80] Not find config, Returning default
07-22 12:28:50.844 31518 32668 E OplusACodec: [OplusACodec:204] mSrOsieMMListCheckResult:0x0 mOsieVersion:1
07-22 12:28:50.863 31518  3791 E OplusACodec: [GetVideoCodingTypeFromMime:L1162] mime:video/x-vnd.on2.vp9
07-22 12:28:50.986 31518 32668 W cr_MediaCodecBridge: Releasing: OMX.qcom.video.decoder.vp9
07-22 12:28:50.989 31518  3790 E ExtensionsLoader: freeAllBuffers: 12 buffers were freed while being dequeued!
07-22 12:28:50.992 31518 32668 W cr_MediaCodecBridge: Codec released
07-22 12:28:52.186 31518 32711 E ActivityThread: Failed to find provider info for com.oplus.statistics.provider
07-22 12:28:52.186 31518 32711 E OplusStatistics--: IllegalArgumentException:java.lang.IllegalArgumentException: Unknown URL content://com.oplus.statistics.provider/track_event
07-22 12:28:53.456 31518  3536 I VkApi   : ✓ response /togetherFluxImage 3521ms code=200
07-22 12:28:53.474 31518 32757 I VkApi   : ✓ response together/flux 3901ms
07-22 12:28:54.317 31518 31518 I VkKeyPress: strip pick code=-10060
07-22 12:28:54.318 31518 31518 I VkPanels: ○ close ai_theme
07-22 12:28:54.848 31518 32757 I VkVibeCards: loaded 2 cards (generate)
07-22 12:28:55.132 31518 32757 I VkFavorites: save card Miami activate=false
07-22 12:28:55.134 31518 31518 I VkAiEconomics: vibe_card success=true 5577ms tier=TIER2 model=black-forest-labs/FLUX.1-schnell 512x768 steps=4 rewarded=PRIMARY
07-22 12:28:55.134 31518 31518 I VkVibeCards: ✓ card ? 5577ms
07-22 12:28:55.135 31518 31518 I VkVibeCardPreview: ▶ capture /data/user/0/com.vibekey.keyboard/files/fav_nft_…
07-22 12:28:55.157 31518 31518 I VkVibeCardPreview: ✓ capture 23ms
07-22 12:28:55.211 31518 31518 I VkKeyPress: strip pick code=-10060
07-22 12:28:55.219 31518 31518 I VkPanels: ▶ open ai_theme
07-22 12:28:55.231 31518 31518 I VkVibeCards: press pool=2 shown=2
07-22 12:28:56.659 31518 31590 E BLASTBufferQueue: BLASTBufferItemConsumer::onDisconnect()
07-22 12:28:56.698 31518 31518 E BLASTBufferQueue: BLASTBufferItemConsumer::onDisconnect()
07-22 12:28:57.011 31518 31590 E BLASTBufferQueue: BLASTBufferItemConsumer::onDisconnect()
07-22 12:28:57.047 31518 31518 E BLASTBufferQueue: BLASTBufferItemConsumer::onDisconnect()
07-22 12:28:57.642 31518 31518 I VkKeyPress: strip pick code=-10060
07-22 12:28:57.644 31518 31518 I VkPanels: ○ close ai_theme
07-22 12:28:58.736 31518 31518 I VkKeyPress: keys pressed=210
07-22 12:28:58.847 31518 31571 I VkTextCorrection: rerank prediction head que→partir
07-22 12:28:58.848 31518 31571 I VkSuggestions: strip prediction typedLen=0 candidates=3 autocorrect=false top=partir locale=pt token=239 gen=21
07-22 12:28:58.848 31518 31518 I VkStripPipeline: setSuggestions prediction size=3 style=6 token=239 gen=21
07-22 12:28:58.852 31518 31518 I VkSuggestions: stripUi prediction=true children=5 [que|partir|polícia]
07-22 12:28:58.853 31518 31518 I VkStripPipeline: slotBind prediction children=5 [que|partir|polícia]
07-22 12:28:59.046 31518 31571 I VkTextCorrection: rerank prediction head que→partir
07-22 12:28:59.047 31518 31571 I VkSuggestions: strip prediction typedLen=0 candidates=3 autocorrect=false top=partir locale=pt token=241 gen=21
07-22 12:28:59.047 31518 31518 I VkStripPipeline: setSuggestions prediction size=3 style=6 token=241 gen=21
07-22 12:28:59.232 31518 31571 I VkTextCorrection: rerank prediction head que→polícia
07-22 12:28:59.234 31518 31571 I VkSuggestions: strip prediction typedLen=0 candidates=3 autocorrect=false top=polícia locale=pt token=242 gen=21
07-22 12:28:59.234 31518 31518 I VkStripPipeline: setSuggestions prediction size=3 style=6 token=242 gen=21
07-22 12:28:59.240 31518 31518 I VkSuggestions: stripUi prediction=true children=5 [presidente|polícia|que]
07-22 12:28:59.240 31518 31518 I VkStripPipeline: slotBind prediction children=5 [presidente|polícia|que]
07-22 12:28:59.407 31518 31571 I VkSuggestions: strip prediction typedLen=0 candidates=3 autocorrect=false top=que locale=pt token=242 gen=21
07-22 12:28:59.424 31518 31518 I VkSuggestions: stripUi prediction=true children=5 [presidente|que|polícia]
07-22 12:28:59.425 31518 31518 I VkStripPipeline: slotBind prediction children=5 [presidente|que|polícia]
07-22 12:29:00.010 31518 31571 W VibeKeyProfiler: Slow Native Suggest: Total=8.84ms | Init=0.33ms | TrieExpand(x6)=8.49ms | Scoring=0.02ms | inputSize=9
07-22 12:29:00.011 31518 31571 I VkSuggestions: decode typedLen=9 candidates=18 locales=1 9,9ms
07-22 12:29:00.018 31518 31571 I VkSuggestions: strip composing typedLen=9 candidates=19 autocorrect=false top=bommiajhh locale=pt token=243 gen=21
07-22 12:29:00.018 31518 31518 I VkStripPipeline: setSuggestions composing size=19 style=1 token=243 gen=21 typed=bommiajhh
07-22 12:29:00.022 31518 31518 I VkSuggestions: stripUi prediction=false children=5 [bommiajhh|bom|bom]
07-22 12:29:00.022 31518 31518 I VkStripPipeline: slotBind composing children=5 [bommiajhh|bom|bom]
07-22 12:29:00.537 31518 31518 I VkStripPipeline: setSuggestions composing size=6 style=5 token=243 gen=21 typed=todo
07-22 12:29:00.548 31518 31518 I VkSuggestions: stripUi prediction=false children=5 [todo|☑️|tido]
07-22 12:29:00.548 31518 31518 I VkStripPipeline: slotBind composing children=5 [todo|☑️|tido]
07-22 12:29:00.785 31518 31518 I VkStripPipeline: setSuggestions composing size=6 style=5 token=243 gen=21 typed=voce
07-22 12:29:00.796 31518 31518 I VkSuggestions: stripUi prediction=false children=5 [voce|vice|vive]
07-22 12:29:00.796 31518 31518 I VkStripPipeline: slotBind composing children=5 [voce|vice|vive]
07-22 12:29:01.067 31518 31571 W VibeKeyProfiler: Slow Native Suggest: Total=11.80ms | Init=0.45ms | TrieExpand(x18)=11.32ms | Scoring=0.04ms | inputSize=2
07-22 12:29:01.079 31518 31571 W VibeKeyProfiler: Slow Native Suggest: Total=10.75ms | Init=0.20ms | TrieExpand(x17)=10.50ms | Scoring=0.04ms | inputSize=2
07-22 12:29:01.079 31518 31571 I VkSuggestions: decode typedLen=2 candidates=18 locales=1 23,7ms
07-22 12:29:01.080 31518 31571 W VkSuggestions: slow frame 23,7ms locales=1 typedLen=2 candidates=18
07-22 12:29:01.084 31518 31571 I VkSuggestions: strip composing typedLen=1 candidates=19 autocorrect=false top=di locale=pt token=243 gen=21
07-22 12:29:01.084 31518 31518 I VkStripPipeline: setSuggestions composing size=19 style=1 token=243 gen=21 typed=di
07-22 12:29:01.089 31518 31518 I VkSuggestions: stripUi prediction=false children=5 [di|do|dia]
07-22 12:29:01.089 31518 31518 I VkStripPipeline: slotBind composing children=5 [di|do|dia]
07-22 12:29:01.292 31518 31518 W VkStall : MAIN-THREAD STALL 130ms during: >>>>> Dispatching to Handler (u9.v0) {69f4d08} null: 1
07-22 12:29:01.306 31518 31571 I VkTextCorrection: rerank composing head boa→🇧🇴
07-22 12:29:01.307 31518 31571 I VkSuggestions: strip composing typedLen=1 candidates=19 autocorrect=false top=bo locale=pt token=243 gen=21
07-22 12:29:01.329 31518 31518 I VkStripPipeline: setSuggestions composing size=19 style=1 token=243 gen=21 typed=bo
07-22 12:29:01.337 31518 31518 I VkSuggestions: stripUi prediction=false children=5 [bo|🇧🇴|no]
07-22 12:29:01.337 31518 31518 I VkStripPipeline: slotBind composing children=5 [bo|🇧🇴|no]
07-22 12:29:01.525 31518 31571 I VkNgram : merge locale=pt prev= preds=8 contextual=0 assets=true
07-22 12:29:01.527 31518 31571 I VkSuggestions: strip prediction typedLen=0 candidates=3 autocorrect=false top=o locale=pt token=243 gen=21
07-22 12:29:01.765 31518 31518 I VkKeyPress: keys pressed=246
07-22 12:29:05.936 31518 31518 I VkKeyPress: strip pick code=-10070
07-22 12:29:05.941 31518 31518 I VkPanels: ▶ open menu
07-22 12:29:05.947 31518 32757 I VkLocaleAssets: ▶ batch source=menu_panel count=5 [pt-BR,en-AU,es,fr,hi]
07-22 12:29:05.957 31518 32757 I VkLocaleAssets: preload predictors pt-BR
07-22 12:29:05.957 31518 32757 I VkLocaleAssets: ○ ready pt-BR (cached)
07-22 12:29:05.966 31518 32757 I VkLocaleAssets: preload predictors en-AU
07-22 12:29:05.967 31518 32757 I VkLocaleAssets: ○ ready en-AU (cached)
07-22 12:29:05.973 31518 32757 I VkLocaleAssets: preload predictors es
07-22 12:29:05.973 31518 32757 I VkLocaleAssets: ○ ready es (cached)
07-22 12:29:05.982 31518 32757 I VkLocaleAssets: preload predictors fr
07-22 12:29:05.982 31518 32757 I VkLocaleAssets: ○ ready fr (cached)
07-22 12:29:05.990 31518 32757 I VkLocaleAssets: preload predictors hi
07-22 12:29:05.991 31518 32757 I VkLocaleAssets: ○ ready hi (cached)
07-22 12:29:05.991 31518 32757 I VkLocaleAssets: ✓ batch source=menu_panel locales=5 fetched=0
07-22 12:29:06.700 31518 31518 I VkKeyPress: keys pressed=254
07-22 12:29:06.700 31518 31518 I VkPanels: ○ close menu
07-22 12:29:06.808 31518 31518 I VkSettings: ▶ activity open spellchecker=false
07-22 12:29:06.887 31518 31518 W Settings: Setting transition_animation_scale has moved from android.provider.Settings.System to android.provider.Settings.Global, returning read-only value.
07-22 12:29:07.047 31518 31518 W VkStall : MAIN-THREAD STALL 217ms (imeHideInProgress) during: >>>>> Dispatching to Handler (android.view.Choreographer$FrameHandler) {601661} android.view.Choreographer$FrameDisplayEventReceiver@fc14586: 0
07-22 12:29:07.048 31518 31518 I VkTyping: ○ hidden
07-22 12:29:07.058 31518 31518 I VkSettings: → screen settings
07-22 12:29:07.061 31518 31518 W Settings: Setting transition_animation_scale has moved from android.provider.Settings.System to android.provider.Settings.Global, returning read-only value.
07-22 12:29:09.596 31518 31518 W Settings: Setting transition_animation_scale has moved from android.provider.Settings.System to android.provider.Settings.Global, returning read-only value.
07-22 12:29:09.657 31518 31518 I VkSettings: → screen about
07-22 12:29:10.757 31518 31590 E BLASTBufferQueue: BLASTBufferItemConsumer::onDisconnect()
07-22 12:29:12.077 31518 31590 E BLASTBufferQueue: BLASTBufferItemConsumer::onDisconnect()

=== Feature activity (persisted across restarts) ===
2026-07-22 12:22:34.851087 I VkLanguageSettings: legacy multilingual pref migrated main=pt-BR
2026-07-22 12:22:34.856877 I VkNgram: registered lang=en source=bundled
2026-07-22 12:22:36.124875 I VkFavorites: save card Bitcoin Vibe activate=false
2026-07-22 12:22:36.198935 I VkFavorites: save card Doge Meme activate=false
2026-07-22 12:22:36.265163 I VkFavorites: save card Ethereum Vibes activate=false
2026-07-22 12:22:36.315633 I VkFavorites: save card India Popular City activate=false
2026-07-22 12:22:36.394938 I VkFavorites: save card Miami Beach Crypto activate=false
2026-07-22 12:22:36.462069 I VkFavorites: save card Nike Sneakers Crypto activate=false
2026-07-22 12:22:36.510425 I VkFavorites: save card Pepe Meme Frog activate=false
2026-07-22 12:22:36.566834 I VkFavorites: save card Times Square NFT activate=false
2026-07-22 12:22:36.636637 I VkMultilingual: reset main=pt-BR locales=[pt] count=1
2026-07-22 12:22:36.641392 I VkDictionaries: ▶ async reload main dicts locales=1
2026-07-22 12:22:36.648456 I VkDictionaries: collection pt-BR dicts=0 emoji=true
2026-07-22 12:22:36.700628 I VkLocaleAssets: ▶ startup download begin
2026-07-22 12:22:36.703464 I VkNgram: registered lang=en source=bundled
2026-07-22 12:22:36.707232 I VkLocaleAssets: ▶ batch source=startup count=1 [pt-BR]
2026-07-22 12:22:36.711855 I VkLocaleAssets: ▶ fetch pt-BR main=true emoji=true bigram=true
2026-07-22 12:22:37.116808 I VkNgram: registered lang=pt source=gcs
2026-07-22 12:22:37.117153 I VkLocaleAssets: ✓ pt-BR bigram
2026-07-22 12:22:38.391450 I VkLocaleAssets: ✓ pt-BR main
2026-07-22 12:22:38.600938 I VkLocaleAssets: ✓ pt-BR emoji
2026-07-22 12:22:38.601489 I VkLocaleAssets: preload predictors pt-BR
2026-07-22 12:22:38.604514 I VkLocaleAssets: ✓ ready pt-BR (fetched)
2026-07-22 12:22:38.605400 I VkLocaleAssets: ✓ batch source=startup locales=1 fetched=1
2026-07-22 12:22:38.605676 I VkLocaleAssets: ✓ startup done locales=1 retries=0
2026-07-22 12:22:38.756976 I VkLocaleAssets: ▶ apply IME pt-BR live=fetched
2026-07-22 12:22:38.757668 I VkMultilingual: reset main=pt-BR locales=[pt] count=1
2026-07-22 12:22:38.759534 I VkDictionaries: ▶ async reload main dicts locales=1
2026-07-22 12:22:38.764743 I VkDictionaries: ✓ open main pt-BR
2026-07-22 12:22:38.766261 I VkDictionaries: ✓ open emoji pt-BR
2026-07-22 12:22:38.766660 I VkDictionaries: collection pt-BR dicts=2 emoji=true
2026-07-22 12:22:38.952454 I VkNgram: model ready locale=pt-BR gen=1 350ms
2026-07-22 12:22:39.303723 I VkNgram: model ready locale=pt-BR gen=2 351ms
2026-07-22 12:22:42.282879 I VkLanguageSettings: + enable en-AU
2026-07-22 12:22:42.284466 I VkLanguageSettings: + enable pt-BR
2026-07-22 12:22:42.286007 I VkLanguageSettings: + enable hi
2026-07-22 12:22:42.287566 I VkLanguageSettings: + enable es
2026-07-22 12:22:42.289203 I VkLanguageSettings: + enable fr
2026-07-22 12:22:42.289605 I VkLanguageSettings: select pt-BR
2026-07-22 12:22:42.290186 I VkLanguageSettings: ▶ pack download count=4
2026-07-22 12:22:42.298367 I VkLocaleAssets: ▶ fetch pt main=true emoji=true bigram=false
2026-07-22 12:22:43.120052 I VkSetupWizard: → step 4
2026-07-22 12:22:43.163413 I VkLocaleAssets: ✓ pt main
2026-07-22 12:22:43.346373 I VkLocaleAssets: ✓ pt emoji
2026-07-22 12:22:43.346788 I VkLocaleAssets: preload predictors pt
2026-07-22 12:22:43.348474 I VkLocaleAssets: ✓ ready pt (fetched)
2026-07-22 12:22:43.352523 I VkLocaleAssets: ▶ fetch hi main=true emoji=true bigram=true
2026-07-22 12:22:43.511122 I VkNgram: registered lang=hi source=gcs
2026-07-22 12:22:43.511367 I VkLocaleAssets: ✓ hi bigram
2026-07-22 12:22:43.778766 I VkLocaleAssets: ✓ hi main
2026-07-22 12:22:43.793002 I VkNgram: model ready locale=pt gen=3 292ms
2026-07-22 12:22:44.012858 I VkLocaleAssets: ✓ hi emoji
2026-07-22 12:22:44.013393 I VkLocaleAssets: preload predictors hi
2026-07-22 12:22:44.015887 I VkLocaleAssets: ✓ ready hi (fetched)
2026-07-22 12:22:44.021322 I VkLocaleAssets: ▶ fetch es main=true emoji=true bigram=true
