=== VibeKey 4.5.142 (4510) ===

--------- beginning of main
07-22 20:14:16.027 17597 18298 I VkLocaleAssets: ✓ hi main
07-22 20:14:16.062 17597 17597 W Settings: Setting transition_animation_scale has moved from android.provider.Settings.System to android.provider.Settings.Global, returning read-only value.
07-22 20:14:16.552 17597 18298 I VkLocaleAssets: ✓ hi emoji
07-22 20:14:16.553 17597 18298 I VkLocaleAssets: preload predictors hi
07-22 20:14:16.554 17597 18298 I VkLocaleAssets: ✓ ready hi (fetched)
07-22 20:14:16.560 17597 18298 I VkLocaleAssets: ▶ fetch es main=true emoji=true bigram=true
07-22 20:14:16.622 17597 18298 I VkNgram : registered lang=es source=gcs
07-22 20:14:16.623 17597 18298 I VkLocaleAssets: ✓ es bigram
07-22 20:14:16.667 17597 18284 I VkNgram : model ready locale=hi gen=1 114ms
07-22 20:14:16.813 17597 18296 I VkNgram : model ready locale=hi gen=2 107ms
07-22 20:14:17.313 17597 17597 I VkTyping: ○ hidden
07-22 20:14:17.510 17597 18298 I VkLocaleAssets: ✓ es main
07-22 20:14:17.726 17597 17671 E BLASTBufferQueue: BLASTBufferItemConsumer::onDisconnect()
07-22 20:14:17.837 17597 18298 I VkLocaleAssets: ✓ es emoji
07-22 20:14:17.840 17597 18298 I VkLocaleAssets: preload predictors es
07-22 20:14:17.845 17597 18298 I VkLocaleAssets: ✓ ready es (fetched)
07-22 20:14:17.857 17597 18298 I VkLocaleAssets: ▶ fetch fr main=true emoji=true bigram=true
07-22 20:14:17.964 17597 18298 I VkNgram : registered lang=fr source=gcs
07-22 20:14:17.965 17597 18298 I VkLocaleAssets: ✓ fr bigram
07-22 20:14:18.199 17597 18284 I VkNgram : model ready locale=es gen=1 358ms
07-22 20:14:18.329 17597 18296 I VkNgram : model ready locale=es gen=2 333ms
07-22 20:14:18.415 17597 18620 E FilePhenotypeFlags: Config package com.google.android.gms.clearcut_client#com.vibekey.keyboard cannot use FILE backing without declarative registration. See go/phenotype-android-integration#phenotype for more information. This will lead to stale flags.
07-22 20:14:18.416 17597 18620 E FilePhenotypeFlags: Config package com.google.android.gms.clearcut_client#com.vibekey.keyboard cannot use FILE backing without declarative registration. See go/phenotype-android-integration#phenotype for more information. This will lead to stale flags.
07-22 20:14:18.435 17597 18620 E FilePhenotypeFlags: Config package com.google.android.gms.clearcut_client#com.vibekey.keyboard cannot use FILE backing without declarative registration. See go/phenotype-android-integration#phenotype for more information. This will lead to stale flags.
07-22 20:14:18.436 17597 18620 E FilePhenotypeFlags: Config package com.google.android.gms.clearcut_client#com.vibekey.keyboard cannot use FILE backing without declarative registration. See go/phenotype-android-integration#phenotype for more information. This will lead to stale flags.
07-22 20:14:18.536 17597 18298 I VkLocaleAssets: ✓ fr main
07-22 20:14:18.720 17597 18298 I VkLocaleAssets: ✓ fr emoji
07-22 20:14:18.720 17597 18298 I VkLocaleAssets: preload predictors fr
07-22 20:14:18.722 17597 18298 I VkLocaleAssets: ✓ ready fr (fetched)
07-22 20:14:18.734 17597 18298 I VkLanguageSettings: ✓ pack download result=q0
07-22 20:14:19.020 17597 18284 I VkNgram : model ready locale=fr gen=1 300ms
07-22 20:14:19.326 17597 18296 I VkNgram : model ready locale=fr gen=2 448ms
--------- beginning of system
07-22 20:14:20.237 17597 17597 E OplusCustomizeRestrictionManager: sInstance is null, start a new sInstance
07-22 20:14:20.262 17597 17597 I VkEffects: reload anim=scale blur=562px glow=true stickers=true
07-22 20:14:20.377 17597 17597 I VkTyping: ▶ open restart=false pkg=len=20 inputType=589825
07-22 20:14:20.383 17597 17597 I VkDictionaries: ✓ open emoji pt-BR
07-22 20:14:20.469 17597 17597 W VkStall : MAIN-THREAD STALL 253ms during: >>>>> Dispatching to Handler (com.android.internal.os.HandlerCaller$MyHandler) {959cf06} null: 60
07-22 20:14:20.495 17597 17597 W View    : requestLayout() improperly called by android.widget.LinearLayout{2c3b5a0 V.E...... ......ID 0,1868-1440,2818 #7f0a00fc app:id/main_keyboard_frame} during layout: running second layout pass
07-22 20:14:20.636 17597 17597 W VkStall : MAIN-THREAD STALL 157ms during: >>>>> Dispatching to Handler (android.view.Choreographer$FrameHandler) {5f48e3d} android.view.Choreographer$FrameDisplayEventReceiver@ca55632: 0
07-22 20:14:20.638 17597 17597 I VkStripPipeline: setSuggestions composing size=0 style=0 token=-1 gen=-1
07-22 20:14:20.638 17597 17597 I VkStripPipeline: slotBind composing children=0 []
07-22 20:14:20.942 17597 18233 I VkNgram : merge locale=pt prev=len=0 preds=8 contextual=0 assets=true
07-22 20:14:20.946 17597 18233 I VkSuggestions: strip prediction typedLen=0 candidates=3 autocorrect=false top=len=1 locale=pt token=3 gen=1
07-22 20:14:20.947 17597 17597 I VkStripPipeline: setSuggestions prediction size=3 style=7 token=3 gen=1
07-22 20:14:20.957 17597 17597 I VkSuggestions: stripUi prediction=true children=5 [len=1|len=1|len=2]
07-22 20:14:20.957 17597 17597 I VkStripPipeline: slotBind prediction children=5 [len=1|len=1|len=2]
07-22 20:14:21.365 17597 17597 W Choreographer: Frame time is 0.018112 ms in the future!  Check that graphics HAL is generating vsync timestamps using the correct timebase.
07-22 20:14:21.563 17597 17597 I VkKeyPreview: show code=106 instant=false pool showing=1 free=0
07-22 20:14:21.755 17597 17597 I VkKeyPress: keys pressed=1
07-22 20:14:21.765 17597 17597 I VkKeyPreview: show code=104 instant=true pool showing=1 free=0
07-22 20:14:21.836 17597 17597 I VkKeyPreview: dismiss code=104 reason=release_anim pool showing=0 free=1
07-22 20:14:22.048 17597 17597 W VkStall : MAIN-THREAD STALL 136ms during: >>>>> Dispatching to Handler (android.os.Handler) {5ba8400} g9.u@4ba8a9e: 0
07-22 20:14:22.050 17597 17597 I VkKeyPreview: show code=104 instant=false pool showing=1 free=0
07-22 20:14:22.050 17597 17597 I VkKeyPreview: dismiss code=104 reason=release_anim pool showing=0 free=1
07-22 20:14:22.053 17597 17597 I VkKeyPreview: show code=100 instant=true pool showing=1 free=0
07-22 20:14:22.164 17597 18233 W VibeKeyProfiler: Slow Native Suggest: Total=8.76ms | Init=0.07ms | TrieExpand(x13)=8.65ms | Scoring=0.04ms | inputSize=3
07-22 20:14:22.171 17597 18233 I VkSuggestions: decode typedLen=3 candidates=18 locales=1 18,1ms
07-22 20:14:22.172 17597 18233 W VkSuggestions: slow frame 18,1ms locales=1 typedLen=3 candidates=18
07-22 20:14:22.180 17597 18233 I VkTextCorrection: threshold len=3→len=3 score=0,000 thr=0,140 ○
07-22 20:14:22.188 17597 18233 I VkSuggestions: strip composing typedLen=3 candidates=18 autocorrect=false top=len=3 locale=pt token=7 gen=1
07-22 20:14:22.188 17597 17597 I VkStripPipeline: setSuggestions composing size=18 style=1 token=7 gen=1 typed=len=3
07-22 20:14:22.189 17597 17597 I VkSuggestions: stripUi prediction=false children=5 [len=3|len=3|len=3]
07-22 20:14:22.189 17597 17597 I VkStripPipeline: slotBind composing children=5 [len=3|len=3|len=3]
07-22 20:14:22.190 17597 17597 I VkKeyPreview: dismiss code=100 reason=release_anim pool showing=0 free=1
07-22 20:14:22.194 17597 17597 I VkKeyPreview: show code=104 instant=true pool showing=1 free=0
07-22 20:14:22.357 17597 17597 W VkStall : MAIN-THREAD STALL 144ms during: >>>>> Dispatching to Handler (android.os.Handler) {5ba8400} g9.u@4ba8a9e: 0
07-22 20:14:22.396 17597 17597 I VkKeyPreview: show code=103 instant=true pool showing=1 free=0
07-22 20:14:22.471 17597 18233 W VibeKeyProfiler: Slow Native Suggest: Total=10.22ms | Init=0.10ms | TrieExpand(x9)=10.11ms | Scoring=0.02ms | inputSize=5
07-22 20:14:22.474 17597 18233 I VkSuggestions: decode typedLen=5 candidates=18 locales=1 13,8ms
07-22 20:14:22.476 17597 18233 I VkTextCorrection: threshold len=5→len=5 score=0,000 thr=0,140 ○
07-22 20:14:22.477 17597 18233 I VkSuggestions: strip composing typedLen=5 candidates=18 autocorrect=false top=len=5 locale=pt token=9 gen=1
07-22 20:14:22.477 17597 17597 I VkStripPipeline: setSuggestions composing size=18 style=1 token=9 gen=1 typed=len=5
07-22 20:14:22.481 17597 17597 I VkSuggestions: stripUi prediction=false children=5 [len=5|len=5|len=5]
07-22 20:14:22.481 17597 17597 I VkStripPipeline: slotBind composing children=5 [len=5|len=5|len=5]
07-22 20:14:22.482 17597 17597 I VkKeyPreview: dismiss code=103 reason=release_anim pool showing=0 free=1
07-22 20:14:22.580 17597 17597 I VkKeyPreview: show code=103 instant=true pool showing=1 free=0
07-22 20:14:22.588 17597 18233 I VkSuggestions: decode typedLen=6 candidates=18 locales=1 2,9ms
07-22 20:14:22.589 17597 18233 I VkTextCorrection: threshold len=6→len=5 score=0,000 thr=0,140 ○
07-22 20:14:22.590 17597 18233 I VkSuggestions: strip composing typedLen=6 candidates=18 autocorrect=false top=len=6 locale=pt token=10 gen=1
07-22 20:14:22.590 17597 17597 I VkStripPipeline: setSuggestions composing size=18 style=1 token=10 gen=1 typed=len=6
07-22 20:14:22.592 17597 17597 I VkSuggestions: stripUi prediction=false children=5 [len=6|len=5|len=1]
07-22 20:14:22.592 17597 17597 I VkStripPipeline: slotBind composing children=5 [len=6|len=5|len=1]
07-22 20:14:22.674 17597 17597 I VkKeyPreview: dismiss code=103 reason=release_anim pool showing=0 free=1
07-22 20:14:22.680 17597 17597 I VkKeyPreview: show code=100 instant=true pool showing=1 free=0
07-22 20:14:22.779 17597 18233 I VkSuggestions: decode typedLen=7 candidates=18 locales=1 3,0ms
07-22 20:14:22.780 17597 18233 I VkTextCorrection: threshold len=7→len=8 score=0,000 thr=0,140 ○
07-22 20:14:22.781 17597 18233 I VkSuggestions: strip composing typedLen=7 candidates=19 autocorrect=false top=len=7 locale=pt token=11 gen=1
07-22 20:14:22.781 17597 17597 I VkStripPipeline: setSuggestions composing size=19 style=1 token=11 gen=1 typed=len=7
07-22 20:14:22.783 17597 17597 I VkSuggestions: stripUi prediction=false children=5 [len=7|len=5|len=5]
07-22 20:14:22.783 17597 17597 I VkStripPipeline: slotBind composing children=5 [len=7|len=5|len=5]
07-22 20:14:22.795 17597 17597 I VkKeyPreview: dismiss code=100 reason=release_anim pool showing=0 free=1
07-22 20:14:22.830 17597 17597 I VkKeyPreview: show code=98 instant=true pool showing=1 free=0
07-22 20:14:22.901 17597 18233 I VkSuggestions: decode typedLen=8 candidates=18 locales=1 2,6ms
07-22 20:14:22.902 17597 18233 I VkTextCorrection: threshold len=8→len=9 score=0,000 thr=0,140 ○
07-22 20:14:22.903 17597 18233 I VkSuggestions: strip composing typedLen=8 candidates=19 autocorrect=false top=len=8 locale=pt token=12 gen=1
07-22 20:14:22.903 17597 17597 I VkStripPipeline: setSuggestions composing size=19 style=1 token=12 gen=1 typed=len=8
07-22 20:14:22.905 17597 17597 I VkSuggestions: stripUi prediction=false children=5 [len=8|len=4|len=4]
07-22 20:14:22.905 17597 17597 I VkStripPipeline: slotBind composing children=5 [len=8|len=4|len=4]
07-22 20:14:22.931 17597 17597 I VkKeyPreview: dismiss code=98 reason=release_anim pool showing=0 free=1
07-22 20:14:23.036 17597 18233 I VkSuggestions: decode typedLen=9 candidates=18 locales=1 2,8ms
07-22 20:14:23.041 17597 18233 I VkTextCorrection: threshold len=9→len=9 score=0,000 thr=0,140 ○
07-22 20:14:23.042 17597 18233 I VkSuggestions: strip composing typedLen=9 candidates=19 autocorrect=false top=len=9 locale=pt token=12 gen=1
07-22 20:14:23.043 17597 17597 I VkStripPipeline: setSuggestions composing size=19 style=1 token=12 gen=1 typed=len=9
07-22 20:14:23.045 17597 17597 I VkSuggestions: stripUi prediction=false children=5 [len=9|len=4|len=5]
07-22 20:14:23.045 17597 17597 I VkStripPipeline: slotBind composing children=5 [len=9|len=4|len=5]
07-22 20:14:23.046 17597 17597 I VkKeyPreview: show code=100 instant=true pool showing=1 free=0
07-22 20:14:23.052 17597 17597 I VkKeyPreview: dismiss code=100 reason=hide pool showing=0 free=1
07-22 20:14:23.052 17597 17597 I VkKeyPreview: show code=98 instant=true pool showing=1 free=0
07-22 20:14:23.252 17597 18233 I VkSuggestions: decode typedLen=11 candidates=18 locales=1 11,3ms
07-22 20:14:23.254 17597 18233 I VkTextCorrection: threshold len=11→len=12 score=0,000 thr=0,140 ○
07-22 20:14:23.255 17597 18233 I VkSuggestions: strip composing typedLen=11 candidates=19 autocorrect=false top=len=11 locale=pt token=14 gen=1
07-22 20:14:23.255 17597 17597 I VkStripPipeline: setSuggestions composing size=19 style=1 token=14 gen=1 typed=len=11
07-22 20:14:23.257 17597 17597 I VkSuggestions: stripUi prediction=false children=5 [len=11|len=4|len=4]
07-22 20:14:23.257 17597 17597 I VkStripPipeline: slotBind composing children=5 [len=11|len=4|len=4]
07-22 20:14:24.629 17597 18233 I VkSuggestions: strip prediction typedLen=0 candidates=3 autocorrect=false top=len=1 locale=pt token=15 gen=1
07-22 20:14:24.631 17597 17597 I VkStripPipeline: setSuggestions prediction size=3 style=7 token=15 gen=1
07-22 20:14:24.633 17597 17597 I VkSuggestions: stripUi prediction=true children=5 [len=1|len=1|len=2]
07-22 20:14:24.633 17597 17597 I VkStripPipeline: slotBind prediction children=5 [len=1|len=1|len=2]
07-22 20:14:25.140 17597 17597 I VkKeyPreview: show code=98 instant=false pool showing=1 free=0
07-22 20:14:25.246 17597 17597 I VkKeyPreview: dismiss code=98 reason=release_anim pool showing=0 free=1
07-22 20:14:25.246 17597 17597 I VkKeyPress: keys pressed=28
07-22 20:14:25.357 17597 18233 I VkSuggestions: decode typedLen=1 candidates=18 locales=1 9,0ms
07-22 20:14:25.359 17597 18233 I VkTextCorrection: rerank composing head len=4→len=3
07-22 20:14:25.359 17597 18233 I VkTextCorrection: threshold len=1→len=3 score=0,000 thr=0,140 ○
07-22 20:14:25.359 17597 18233 I VkSuggestions: strip composing typedLen=1 candidates=18 autocorrect=false top=len=1 locale=pt token=16 gen=1
07-22 20:14:25.359 17597 17597 I VkStripPipeline: setSuggestions composing size=18 style=1 token=16 gen=1 typed=len=1
07-22 20:14:25.367 17597 17597 I VkSuggestions: stripUi prediction=false children=5 [len=1|len=3|len=3]
07-22 20:14:25.367 17597 17597 I VkStripPipeline: slotBind composing children=5 [len=1|len=3|len=3]
07-22 20:14:25.374 17597 17597 I VkKeyPreview: show code=111 instant=true pool showing=1 free=0
07-22 20:14:25.503 17597 17597 I VkKeyPreview: dismiss code=111 reason=release_anim pool showing=0 free=1
07-22 20:14:25.617 17597 18233 I VkSuggestions: decode typedLen=2 candidates=18 locales=1 11,2ms
07-22 20:14:25.618 17597 18233 I VkTextCorrection: rerank composing head len=2→len=4
07-22 20:14:25.618 17597 18233 I VkTextCorrection: threshold len=2→len=4 score=0,000 thr=0,140 ○
07-22 20:14:25.619 17597 18233 I VkSuggestions: strip composing typedLen=2 candidates=19 autocorrect=false top=len=2 locale=pt token=17 gen=1
07-22 20:14:25.619 17597 17597 I VkStripPipeline: setSuggestions composing size=19 style=1 token=17 gen=1 typed=len=2
07-22 20:14:25.636 17597 17597 I VkSuggestions: stripUi prediction=false children=5 [len=2|len=4|len=2]
07-22 20:14:25.636 17597 17597 I VkStripPipeline: slotBind composing children=5 [len=2|len=4|len=2]
07-22 20:14:25.638 17597 17597 I VkKeyPreview: show code=109 instant=true pool showing=1 free=0
07-22 20:14:25.737 17597 17597 I VkKeyPreview: dismiss code=109 reason=release_anim pool showing=0 free=1
07-22 20:14:25.857 17597 18233 I VkSuggestions: decode typedLen=3 candidates=18 locales=1 8,5ms
07-22 20:14:25.861 17597 18233 I VkTextCorrection: rerank composing head len=3→len=2
07-22 20:14:25.861 17597 18233 I VkTextCorrection: threshold len=3→len=2 score=0,000 thr=0,140 ○
07-22 20:14:25.862 17597 18233 I VkSuggestions: strip composing typedLen=3 candidates=16 autocorrect=false top=len=3 locale=pt token=18 gen=1
07-22 20:14:25.862 17597 17597 I VkStripPipeline: setSuggestions composing size=16 style=1 token=18 gen=1 typed=len=3
07-22 20:14:25.865 17597 17597 I VkSuggestions: stripUi prediction=false children=5 [len=3|len=2|len=2]
07-22 20:14:25.865 17597 17597 I VkStripPipeline: slotBind composing children=5 [len=3|len=2|len=2]
07-22 20:14:26.417 17597 17597 I VkAutocorrect: kept (typing): len=3
07-22 20:14:26.520 17597 18233 I VkNgram : contextual locale=pt prev=len=3 → len=3, len=8, len=5
07-22 20:14:26.520 17597 18233 I VkNgram : merge locale=pt prev=len=3 preds=8 contextual=5 assets=true
07-22 20:14:26.521 17597 18233 I VkTextCorrection: rerank prediction head len=10→len=8
07-22 20:14:26.522 17597 18233 I VkSuggestions: strip prediction typedLen=0 candidates=3 autocorrect=false top=len=8 locale=pt token=19 gen=2
07-22 20:14:26.522 17597 17597 I VkStripPipeline: setSuggestions prediction size=3 style=6 token=19 gen=2
07-22 20:14:26.527 17597 17597 I VkSuggestions: stripUi prediction=true children=5 [len=7|len=8|len=10]
07-22 20:14:26.527 17597 17597 I VkStripPipeline: slotBind prediction children=5 [len=7|len=8|len=10]
07-22 20:14:26.586 17597 17597 I VkKeyPreview: show code=100 instant=false pool showing=1 free=0
07-22 20:14:26.699 17597 17597 I VkKeyPreview: dismiss code=100 reason=release_anim pool showing=0 free=1
07-22 20:14:26.794 17597 17597 I VkKeyPreview: show code=105 instant=true pool showing=1 free=0
07-22 20:14:26.811 17597 18233 I VkSuggestions: decode typedLen=1 candidates=18 locales=1 9,1ms
07-22 20:14:26.815 17597 18233 I VkSuggestions: strip composing typedLen=1 candidates=19 autocorrect=false top=len=1 locale=pt token=21 gen=2
07-22 20:14:26.815 17597 17597 I VkStripPipeline: setSuggestions composing size=19 style=1 token=21 gen=2 typed=len=1
07-22 20:14:26.817 17597 17597 I VkSuggestions: stripUi prediction=false children=5 [len=1|len=1|len=2]
07-22 20:14:26.817 17597 17597 I VkStripPipeline: slotBind composing children=5 [len=1|len=1|len=2]
07-22 20:14:26.883 17597 17597 I VkKeyPreview: dismiss code=105 reason=hide pool showing=0 free=1
07-22 20:14:26.884 17597 17597 I VkKeyPreview: show code=97 instant=true pool showing=1 free=0
07-22 20:14:26.987 17597 17597 I VkKeyPreview: dismiss code=97 reason=release_anim pool showing=0 free=1
07-22 20:14:27.109 17597 18233 I VkSuggestions: decode typedLen=3 candidates=18 locales=1 8,2ms
07-22 20:14:27.110 17597 18233 I VkTextCorrection: threshold len=3→len=3 score=1,431 thr=0,140 ✓
07-22 20:14:27.111 17597 18233 I VkSuggestions: strip composing typedLen=3 candidates=18 autocorrect=false top=len=3 locale=pt token=22 gen=2
07-22 20:14:27.111 17597 17597 I VkStripPipeline: setSuggestions composing size=18 style=1 token=22 gen=2 typed=len=3
07-22 20:14:27.115 17597 17597 I VkSuggestions: stripUi prediction=false children=5 [len=3|len=3|len=2]
07-22 20:14:27.115 17597 17597 I VkStripPipeline: slotBind composing children=5 [len=3|len=3|len=2]
07-22 20:14:27.827 17597 17597 I VkAutocorrect: picked: len=3
07-22 20:14:27.931 17597 18233 I VkNgram : contextual locale=pt prev=len=3 → len=3, len=2, len=4
07-22 20:14:27.932 17597 18233 I VkSuggestions: strip prediction typedLen=0 candidates=3 autocorrect=false top=len=2 locale=pt token=22 gen=3
07-22 20:14:27.932 17597 17597 I VkStripPipeline: setSuggestions prediction size=3 style=6 token=22 gen=3
07-22 20:14:27.934 17597 17597 I VkSuggestions: stripUi prediction=true children=5 [len=3|len=2|len=1]
07-22 20:14:27.934 17597 17597 I VkStripPipeline: slotBind prediction children=5 [len=3|len=2|len=1]
07-22 20:14:28.458 17597 17597 I VkKeyPreview: show code=116 instant=false pool showing=1 free=0
07-22 20:14:28.556 17597 17597 I VkKeyPreview: dismiss code=116 reason=release_anim pool showing=0 free=1
07-22 20:14:28.556 17597 17597 I VkKeyPress: keys pressed=35
07-22 20:14:28.615 17597 17597 I VkKeyPreview: show code=111 instant=true pool showing=1 free=0
07-22 20:14:28.677 17597 18233 I VkSuggestions: decode typedLen=1 candidates=18 locales=1 7,0ms
07-22 20:14:28.678 17597 18233 I VkTextCorrection: rerank composing head len=3→len=2
07-22 20:14:28.678 17597 18233 I VkTextCorrection: threshold len=1→len=2 score=0,000 thr=0,140 ○
07-22 20:14:28.679 17597 18233 I VkSuggestions: strip composing typedLen=1 candidates=19 autocorrect=false top=len=1 locale=pt token=24 gen=3
07-22 20:14:28.679 17597 17597 I VkStripPipeline: setSuggestions composing size=19 style=1 token=24 gen=3 typed=len=1
07-22 20:14:28.681 17597 17597 I VkSuggestions: stripUi prediction=false children=5 [len=1|len=2|len=3]
07-22 20:14:28.681 17597 17597 I VkStripPipeline: slotBind composing children=5 [len=1|len=2|len=3]
07-22 20:14:28.713 17597 17597 I VkKeyPreview: dismiss code=111 reason=hide pool showing=0 free=1
07-22 20:14:28.714 17597 17597 I VkKeyPreview: show code=100 instant=true pool showing=1 free=0
07-22 20:14:28.814 17597 17597 I VkKeyPreview: dismiss code=100 reason=release_anim pool showing=0 free=1
07-22 20:14:28.832 17597 17597 I VkKeyPreview: show code=111 instant=true pool showing=1 free=0
07-22 20:14:28.913 17597 17597 I VkKeyPreview: dismiss code=111 reason=release_anim pool showing=0 free=1
07-22 20:14:29.026 17597 18233 W VibeKeyProfiler: Slow Native Suggest: Total=9.51ms | Init=0.12ms | TrieExpand(x17)=9.36ms | Scoring=0.04ms | inputSize=4
07-22 20:14:29.036 17597 18233 W VibeKeyProfiler: Slow Native Suggest: Total=9.03ms | Init=0.07ms | TrieExpand(x17)=8.93ms | Scoring=0.03ms | inputSize=4
07-22 20:14:29.036 17597 18233 I VkSuggestions: decode typedLen=4 candidates=18 locales=1 20,1ms
07-22 20:14:29.037 17597 18233 W VkSuggestions: slow frame 20,1ms locales=1 typedLen=4 candidates=18
07-22 20:14:29.040 17597 18233 I VkTextCorrection: rerank composing head len=4→len=2
07-22 20:14:29.040 17597 18233 I VkTextCorrection: threshold len=4→len=2 score=0,000 thr=0,140 ○
07-22 20:14:29.041 17597 18233 I VkSuggestions: strip composing typedLen=4 candidates=18 autocorrect=false top=len=4 locale=pt token=26 gen=3
07-22 20:14:29.041 17597 17597 I VkStripPipeline: setSuggestions composing size=18 style=1 token=26 gen=3 typed=len=4
07-22 20:14:29.043 17597 17597 I VkSuggestions: stripUi prediction=false children=5 [len=4|len=2|len=5]
07-22 20:14:29.043 17597 17597 I VkStripPipeline: slotBind composing children=5 [len=4|len=2|len=5]
07-22 20:14:29.340 17597 17597 I VkAutocorrect: kept (typing): len=4
07-22 20:14:29.443 17597 18233 I VkNgram : contextual locale=pt prev=len=4 → len=3, len=5, len=3
07-22 20:14:29.443 17597 18233 I VkNgram : merge locale=pt prev=len=4 preds=8 contextual=5 assets=true
07-22 20:14:29.446 17597 18233 I VkSuggestions: strip prediction typedLen=0 candidates=3 autocorrect=false top=len=5 locale=pt token=27 gen=4
07-22 20:14:29.447 17597 17597 I VkStripPipeline: setSuggestions prediction size=3 style=6 token=27 gen=4
07-22 20:14:29.449 17597 17597 I VkSuggestions: stripUi prediction=true children=5 [len=1|len=5|len=3]
07-22 20:14:29.449 17597 17597 I VkStripPipeline: slotBind prediction children=5 [len=1|len=5|len=3]
07-22 20:14:31.229 17597 17597 I VkKeyPreview: show code=98 instant=false pool showing=1 free=0
07-22 20:14:31.319 17597 17597 I VkKeyPreview: dismiss code=98 reason=release_anim pool showing=0 free=1
07-22 20:14:31.437 17597 18233 W VibeKeyProfiler: Slow Native Suggest: Total=15.37ms | Init=0.91ms | TrieExpand(x18)=14.38ms | Scoring=0.07ms | inputSize=1
07-22 20:14:31.455 17597 18233 W VibeKeyProfiler: Slow Native Suggest: Total=17.48ms | Init=0.40ms | TrieExpand(x14)=17.04ms | Scoring=0.04ms | inputSize=1
07-22 20:14:31.456 17597 18233 I VkSuggestions: decode typedLen=1 candidates=18 locales=1 34,5ms
07-22 20:14:31.456 17597 18233 W VkSuggestions: slow frame 34,5ms locales=1 typedLen=1 candidates=18
07-22 20:14:31.459 17597 18233 I VkTextCorrection: rerank composing head len=4→len=3
07-22 20:14:31.459 17597 18233 I VkTextCorrection: threshold len=1→len=3 score=0,000 thr=0,140 ○
07-22 20:14:31.460 17597 18233 I VkSuggestions: strip composing typedLen=1 candidates=17 autocorrect=false top=len=1 locale=pt token=28 gen=4
07-22 20:14:31.460 17597 17597 I VkStripPipeline: setSuggestions composing size=17 style=1 token=28 gen=4 typed=len=1
07-22 20:14:31.462 17597 17597 I VkSuggestions: stripUi prediction=false children=5 [len=1|len=3|len=3]
07-22 20:14:31.462 17597 17597 I VkStripPipeline: slotBind composing children=5 [len=1|len=3|len=3]
07-22 20:14:31.491 17597 17597 I VkKeyPreview: show code=111 instant=true pool showing=1 free=0
07-22 20:14:31.603 17597 17597 I VkKeyPreview: dismiss code=111 reason=release_anim pool showing=0 free=1
07-22 20:14:31.604 17597 17597 I VkKeyPress: keys pressed=41
07-22 20:14:31.719 17597 18233 W VibeKeyProfiler: Slow Native Suggest: Total=12.21ms | Init=0.09ms | TrieExpand(x18)=12.09ms | Scoring=0.03ms | inputSize=2
07-22 20:14:31.724 17597 18233 I VkSuggestions: decode typedLen=2 candidates=18 locales=1 17,2ms
07-22 20:14:31.724 17597 18233 W VkSuggestions: slow frame 17,2ms locales=1 typedLen=2 candidates=18
07-22 20:14:31.725 17597 18233 I VkTextCorrection: rerank composing head len=2→len=4
07-22 20:14:31.726 17597 18233 I VkTextCorrection: threshold len=2→len=4 score=0,000 thr=0,140 ○
07-22 20:14:31.727 17597 18233 I VkSuggestions: strip composing typedLen=2 candidates=18 autocorrect=false top=len=2 locale=pt token=29 gen=4
07-22 20:14:31.727 17597 17597 I VkStripPipeline: setSuggestions composing size=18 style=1 token=29 gen=4 typed=len=2
07-22 20:14:31.729 17597 17597 I VkSuggestions: stripUi prediction=false children=5 [len=2|len=4|len=2]
07-22 20:14:31.729 17597 17597 I VkStripPipeline: slotBind composing children=5 [len=2|len=4|len=2]
07-22 20:14:31.751 17597 17597 I VkKeyPreview: show code=109 instant=true pool showing=1 free=0
07-22 20:14:31.838 17597 17597 I VkKeyPreview: dismiss code=109 reason=release_anim pool showing=0 free=1
07-22 20:14:31.950 17597 18233 W VibeKeyProfiler: Slow Native Suggest: Total=9.16ms | Init=0.23ms | TrieExpand(x18)=8.89ms | Scoring=0.03ms | inputSize=3
07-22 20:14:31.958 17597 18233 I VkSuggestions: decode typedLen=3 candidates=18 locales=1 17,2ms
07-22 20:14:31.958 17597 18233 W VkSuggestions: slow frame 17,2ms locales=1 typedLen=3 candidates=18
07-22 20:14:31.960 17597 18233 I VkTextCorrection: rerank composing head len=3→len=2
07-22 20:14:31.960 17597 18233 I VkTextCorrection: threshold len=3→len=2 score=0,000 thr=0,140 ○
07-22 20:14:31.962 17597 18233 I VkSuggestions: strip composing typedLen=3 candidates=16 autocorrect=false top=len=3 locale=pt token=30 gen=4
07-22 20:14:31.962 17597 17597 I VkStripPipeline: setSuggestions composing size=16 style=1 token=30 gen=4 typed=len=3
07-22 20:14:31.964 17597 17597 I VkSuggestions: stripUi prediction=false children=5 [len=3|len=2|len=2]
07-22 20:14:31.964 17597 17597 I VkStripPipeline: slotBind composing children=5 [len=3|len=2|len=2]
07-22 20:14:32.942 17597 17597 I VkAutocorrect: kept (typing): len=3
07-22 20:14:33.043 17597 18233 I VkSuggestions: decode typedLen=0 candidates=1 locales=1 0,5ms
07-22 20:14:33.044 17597 18233 I VkNgram : contextual locale=pt prev=len=3 → len=3, len=8, len=5
07-22 20:14:33.044 17597 18233 I VkNgram : merge locale=pt prev=len=3 preds=8 contextual=5 assets=true
07-22 20:14:33.046 17597 18233 I VkSuggestions: strip prediction typedLen=0 candidates=3 autocorrect=false top=len=10 locale=pt token=31 gen=5
07-22 20:14:33.047 17597 17597 I VkStripPipeline: setSuggestions prediction size=3 style=6 token=31 gen=5
07-22 20:14:33.053 17597 17597 I VkSuggestions: stripUi prediction=true children=5 [len=8|len=10|len=7]
07-22 20:14:33.054 17597 17597 I VkStripPipeline: slotBind prediction children=5 [len=8|len=10|len=7]
07-22 20:14:33.136 17597 17597 I VkKeyPreview: show code=118 instant=false pool showing=1 free=0
07-22 20:14:33.251 17597 17597 I VkKeyPreview: dismiss code=118 reason=hide pool showing=0 free=1
07-22 20:14:33.252 17597 17597 I VkKeyPreview: show code=111 instant=false pool showing=1 free=0
07-22 20:14:33.376 17597 18233 W VibeKeyProfiler: Slow Native Suggest: Total=13.27ms | Init=0.44ms | TrieExpand(x16)=12.78ms | Scoring=0.05ms | inputSize=1
07-22 20:14:33.387 17597 18233 W VibeKeyProfiler: Slow Native Suggest: Total=10.51ms | Init=0.23ms | TrieExpand(x15)=10.23ms | Scoring=0.04ms | inputSize=1
07-22 20:14:33.388 17597 18233 I VkSuggestions: decode typedLen=1 candidates=18 locales=1 24,9ms
07-22 20:14:33.388 17597 18233 W VkSuggestions: slow frame 24,9ms locales=1 typedLen=1 candidates=18
07-22 20:14:33.389 17597 18233 I VkTextCorrection: rerank composing head len=4→len=2
07-22 20:14:33.390 17597 18233 I VkTextCorrection: threshold len=1→len=2 score=0,000 thr=0,140 ○
07-22 20:14:33.391 17597 18233 I VkSuggestions: strip composing typedLen=1 candidates=18 autocorrect=false top=len=1 locale=pt token=33 gen=5
07-22 20:14:33.392 17597 17597 I VkStripPipeline: setSuggestions composing size=18 style=1 token=33 gen=5 typed=len=1
07-22 20:14:33.401 17597 17597 I VkSuggestions: stripUi prediction=false children=5 [len=1|len=2|len=3]
07-22 20:14:33.401 17597 17597 I VkStripPipeline: slotBind composing children=5 [len=1|len=2|len=3]
07-22 20:14:33.403 17597 17597 I VkKeyPreview: dismiss code=111 reason=release_anim pool showing=0 free=1
07-22 20:14:33.516 17597 18233 I VkSuggestions: decode typedLen=2 candidates=18 locales=1 10,1ms
07-22 20:14:33.517 17597 18233 I VkTextCorrection: threshold len=2→len=2 score=1,473 thr=0,140 ✓
07-22 20:14:33.518 17597 18233 I VkAutocorrect: will correct: len=2 → len=2
07-22 20:14:33.518 17597 18233 I VkSuggestions: strip composing typedLen=2 candidates=19 autocorrect=true top=len=2 locale=pt token=33 gen=5
07-22 20:14:33.519 17597 17597 I VkStripPipeline: setSuggestions composing size=19 style=1 token=33 gen=5 typed=len=2
07-22 20:14:33.523 17597 17597 I VkSuggestions: stripUi prediction=false children=5 [len=2|len=2|len=2]
07-22 20:14:33.523 17597 17597 I VkStripPipeline: slotBind composing children=5 [len=2|len=2|len=2]
07-22 20:14:33.524 17597 17597 I VkKeyPreview: show code=99 instant=true pool showing=1 free=0
07-22 20:14:33.634 17597 17597 I VkKeyPreview: dismiss code=99 reason=release_anim pool showing=0 free=1
07-22 20:14:33.746 17597 18233 W VibeKeyProfiler: Slow Native Suggest: Total=9.80ms | Init=0.15ms | TrieExpand(x15)=9.61ms | Scoring=0.04ms | inputSize=3
07-22 20:14:33.755 17597 18233 W VibeKeyProfiler: Slow Native Suggest: Total=9.07ms | Init=0.11ms | TrieExpand(x17)=8.92ms | Scoring=0.04ms | inputSize=3
07-22 20:14:33.756 17597 18233 I VkSuggestions: decode typedLen=3 candidates=18 locales=1 19,9ms
07-22 20:14:33.756 17597 18233 W VkSuggestions: slow frame 19,9ms locales=1 typedLen=3 candidates=18
07-22 20:14:33.759 17597 18233 I VkTextCorrection: threshold len=3→len=4 score=0,207 thr=0,140 ✓
07-22 20:14:33.760 17597 18233 I VkAutocorrect: will correct: len=3 → len=4
07-22 20:14:33.760 17597 18233 I VkSuggestions: strip composing typedLen=3 candidates=19 autocorrect=true top=len=3 locale=pt token=34 gen=5
07-22 20:14:33.760 17597 17597 I VkStripPipeline: setSuggestions composing size=19 style=1 token=34 gen=5 typed=len=3
07-22 20:14:33.763 17597 17597 I VkSuggestions: stripUi prediction=false children=5 [len=3|len=4|len=9]
07-22 20:14:33.763 17597 17597 I VkStripPipeline: slotBind composing children=5 [len=3|len=4|len=9]
07-22 20:14:34.503 17597 17597 I VkAutocorrect: picked: len=4
07-22 20:14:34.608 17597 18233 I VkNgram : contextual locale=pt prev=len=4 → len=1, len=3, len=3
07-22 20:14:34.608 17597 18233 I VkNgram : merge locale=pt prev=len=4 preds=8 contextual=5 assets=true
07-22 20:14:34.611 17597 18233 I VkSuggestions: strip prediction typedLen=0 candidates=3 autocorrect=false top=len=4 locale=pt token=34 gen=6
07-22 20:14:34.612 17597 17597 I VkStripPipeline: setSuggestions prediction size=3 style=6 token=34 gen=6
07-22 20:14:34.616 17597 17597 I VkSuggestions: stripUi prediction=true children=5 [len=3|len=4|len=3]
07-22 20:14:34.616 17597 17597 I VkStripPipeline: slotBind prediction children=5 [len=3|len=4|len=3]
07-22 20:14:35.456 17597 17597 I VkKeyPress: keys pressed=47
07-22 20:14:35.460 17597 17597 I VkStripPipeline: langSwitch main=pt-BR token=36 gen=7
07-22 20:14:35.467 17597 17597 I VkStripPipeline: setSuggestions composing size=0 style=0 token=-1 gen=-1
07-22 20:14:35.467 17597 17597 I VkStripPipeline: slotBind composing children=0 []
07-22 20:14:35.467 17597 17597 I VkLanguageSettings: select en-AU
07-22 20:14:35.521 17597 17597 I VkLanguageSettings: cycle dir=1 → en-AU
07-22 20:14:35.550 17597 18298 I VkMultilingual: reset main=en-AU locales=[en] count=1
07-22 20:14:35.552 17597 18298 I VkDictionaries: ▶ async reload main dicts locales=1
07-22 20:14:35.572 17597 18244 I VkDictionaries: ✓ open main en-AU
07-22 20:14:35.572 17597 18244 I VkDictionaries: collection en-AU dicts=1 emoji=true
07-22 20:14:36.275 17597 18284 I VkNgram : model ready locale=en-AU gen=1 343ms
07-22 20:14:36.705 17597 17597 I VkEffects: reload anim=scale blur=0px glow=false stickers=true
07-22 20:14:36.850 17597 17597 W VkStall : MAIN-THREAD STALL 147ms during: >>>>> Dispatching to Handler (android.os.Handler) {5ba8400} g9.u@4ba8a9e: 0
07-22 20:14:36.852 17597 17597 I VkKeyPreview: show code=104 instant=false pool showing=1 free=0
07-22 20:14:36.862 17597 17597 I VkKeyPreview: dismiss code=104 reason=release_anim pool showing=0 free=1
07-22 20:14:36.985 17597 18233 I VkSuggestions: strip prediction typedLen=0 candidates=3 autocorrect=false top=len=7 locale=en token=38 gen=7
07-22 20:14:36.985 17597 17597 I VkStripPipeline: setSuggestions prediction size=3 style=6 token=38 gen=7
07-22 20:14:36.989 17597 17597 I VkSuggestions: stripUi prediction=true children=5 [len=3|len=7|len=5]
07-22 20:14:36.989 17597 17597 I VkStripPipeline: slotBind prediction children=5 [len=3|len=7|len=5]
07-22 20:14:37.136 17597 17597 W VkStall : MAIN-THREAD STALL 137ms during: >>>>> Dispatching to Handler (android.os.Handler) {5ba8400} g9.u@4ba8a9e: 0
07-22 20:14:37.415 17597 17597 W VkStall : MAIN-THREAD STALL 135ms during: >>>>> Dispatching to Handler (android.os.Handler) {5ba8400} g9.u@4ba8a9e: 0
07-22 20:14:38.416 17597 17597 I VkFastTyping: async fetch style=1 seq=-1
07-22 20:14:38.421 17597 18233 I VkSuggestions: decode typedLen=4 candidates=18 locales=1 3,3ms
07-22 20:14:38.422 17597 18233 I VkSuggestions: strip composing typedLen=4 candidates=19 autocorrect=false top=len=4 locale=en token=39 gen=7
07-22 20:14:38.423 17597 17597 I VkStripPipeline: setSuggestions composing size=19 style=1 token=39 gen=7 typed=len=4
07-22 20:14:38.424 17597 17597 I VkSuggestions: stripUi prediction=false children=5 [len=4|len=4|len=4]
07-22 20:14:38.424 17597 17597 I VkStripPipeline: slotBind composing children=5 [len=4|len=4|len=4]
07-22 20:14:39.101 17597 17597 I VkKeyPress: keys pressed=50
07-22 20:14:39.102 17597 17597 I VkAutocorrect: kept (typing): len=4
07-22 20:14:39.211 17597 18233 I VkSuggestions: strip prediction typedLen=0 candidates=3 autocorrect=false top=len=7 locale=en token=40 gen=8
07-22 20:14:39.212 17597 17597 I VkStripPipeline: setSuggestions prediction size=3 style=6 token=40 gen=8
07-22 20:14:39.214 17597 17597 I VkSuggestions: stripUi prediction=true children=5 [len=3|len=7|len=5]
07-22 20:14:39.214 17597 17597 I VkStripPipeline: slotBind prediction children=5 [len=3|len=7|len=5]
07-22 20:14:40.056 17597 17597 I VkKeyPreview: show code=101 instant=false pool showing=1 free=0
07-22 20:14:40.152 17597 17597 I VkKeyPreview: dismiss code=101 reason=release_anim pool showing=0 free=1
07-22 20:14:40.270 17597 18233 W VibeKeyProfiler: Slow Native Suggest: Total=13.50ms | Init=0.58ms | TrieExpand(x18)=12.87ms | Scoring=0.04ms | inputSize=1
07-22 20:14:40.270 17597 18233 I VkSuggestions: decode typedLen=1 candidates=18 locales=1 14,2ms
07-22 20:14:40.273 17597 18233 I VkSuggestions: strip composing typedLen=1 candidates=18 autocorrect=false top=len=1 locale=en token=41 gen=8
07-22 20:14:40.274 17597 17597 I VkStripPipeline: setSuggestions composing size=18 style=1 token=41 gen=8 typed=len=1
07-22 20:14:40.277 17597 17597 I VkSuggestions: stripUi prediction=false children=5 [len=1|len=2|len=3]
07-22 20:14:40.277 17597 17597 I VkStripPipeline: slotBind composing children=5 [len=1|len=2|len=3]
07-22 20:14:41.210 17597 18233 I VkTextCorrection: rerank prediction head len=7→len=5
07-22 20:14:41.212 17597 18233 I VkSuggestions: strip prediction typedLen=0 candidates=3 autocorrect=false top=len=5 locale=en token=42 gen=8
07-22 20:14:41.212 17597 17597 I VkStripPipeline: setSuggestions prediction size=3 style=6 token=42 gen=8
07-22 20:14:41.216 17597 17597 I VkSuggestions: stripUi prediction=true children=5 [len=7|len=5|len=3]
07-22 20:14:41.216 17597 17597 I VkStripPipeline: slotBind prediction children=5 [len=7|len=5|len=3]
07-22 20:14:41.261 17597 17597 I VkKeyPreview: show code=108 instant=false pool showing=1 free=0
07-22 20:14:41.364 17597 17597 I VkKeyPreview: dismiss code=108 reason=release_anim pool showing=0 free=1
07-22 20:14:41.453 17597 17597 I VkKeyPreview: show code=101 instant=true pool showing=1 free=0
07-22 20:14:41.472 17597 18233 I VkSuggestions: strip composing typedLen=1 candidates=19 autocorrect=false top=len=1 locale=en token=44 gen=8
07-22 20:14:41.472 17597 17597 I VkStripPipeline: setSuggestions composing size=19 style=1 token=44 gen=8 typed=len=1
07-22 20:14:41.473 17597 17597 I VkSuggestions: stripUi prediction=false children=5 [len=1|len=4|len=4]
07-22 20:14:41.473 17597 17597 I VkStripPipeline: slotBind composing children=5 [len=1|len=4|len=4]
07-22 20:14:41.548 17597 17597 I VkKeyPreview: dismiss code=101 reason=release_anim pool showing=0 free=1
07-22 20:14:41.659 17597 18233 I VkSuggestions: decode typedLen=2 candidates=18 locales=1 7,1ms
07-22 20:14:41.661 17597 18233 I VkTextCorrection: threshold len=2→len=5 score=0,125 thr=0,140 ○
07-22 20:14:41.663 17597 18233 I VkSuggestions: strip composing typedLen=2 candidates=19 autocorrect=false top=len=2 locale=en token=44 gen=8
07-22 20:14:41.663 17597 17597 I VkStripPipeline: setSuggestions composing size=19 style=1 token=44 gen=8 typed=len=2
07-22 20:14:41.665 17597 17597 I VkSuggestions: stripUi prediction=false children=5 [len=2|len=5|len=4]
07-22 20:14:41.665 17597 17597 I VkStripPipeline: slotBind composing children=5 [len=2|len=5|len=4]
07-22 20:14:41.671 17597 17597 I VkKeyPreview: show code=108 instant=true pool showing=1 free=0
07-22 20:14:41.757 17597 17597 I VkKeyPreview: dismiss code=108 reason=release_anim pool showing=0 free=1
07-22 20:14:41.816 17597 17597 I VkKeyPreview: show code=108 instant=true pool showing=1 free=0
07-22 20:14:41.861 17597 18233 I VkSuggestions: decode typedLen=3 candidates=18 locales=1 3,0ms
07-22 20:14:41.863 17597 18233 I VkTextCorrection: threshold len=3→len=3 score=0,066 thr=0,140 ○
07-22 20:14:41.864 17597 18233 I VkSuggestions: strip composing typedLen=3 candidates=19 autocorrect=false top=len=3 locale=en token=46 gen=8
07-22 20:14:41.864 17597 17597 I VkStripPipeline: setSuggestions composing size=19 style=1 token=46 gen=8 typed=len=3
07-22 20:14:41.865 17597 17597 I VkSuggestions: stripUi prediction=false children=5 [len=3|len=3|len=3]
07-22 20:14:41.865 17597 17597 I VkStripPipeline: slotBind composing children=5 [len=3|len=3|len=3]
07-22 20:14:41.915 17597 17597 I VkKeyPreview: dismiss code=108 reason=release_anim pool showing=0 free=1
07-22 20:14:42.023 17597 18233 I VkSuggestions: decode typedLen=4 candidates=18 locales=1 5,4ms
07-22 20:14:42.025 17597 18233 I VkTextCorrection: threshold len=4→len=4 score=0,140 thr=0,140 ✓
07-22 20:14:42.026 17597 18233 I VkSuggestions: strip composing typedLen=4 candidates=19 autocorrect=false top=len=4 locale=en token=46 gen=8
07-22 20:14:42.026 17597 17597 I VkStripPipeline: setSuggestions composing size=19 style=1 token=46 gen=8 typed=len=4
07-22 20:14:42.028 17597 17597 I VkSuggestions: stripUi prediction=false children=5 [len=4|len=4|len=5]
07-22 20:14:42.028 17597 17597 I VkStripPipeline: slotBind composing children=5 [len=4|len=4|len=5]
07-22 20:14:42.061 17597 17597 I VkKeyPreview: show code=111 instant=true pool showing=1 free=0
07-22 20:14:42.141 17597 17597 I VkKeyPreview: dismiss code=111 reason=release_anim pool showing=0 free=1
07-22 20:14:42.141 17597 17597 I VkKeyPress: keys pressed=57
07-22 20:14:42.249 17597 18233 I VkSuggestions: decode typedLen=5 candidates=18 locales=1 4,6ms
07-22 20:14:42.250 17597 18233 I VkTextCorrection: threshold len=5→len=5 score=0,080 thr=0,140 ○
07-22 20:14:42.251 17597 18233 I VkSuggestions: strip composing typedLen=5 candidates=18 autocorrect=false top=len=5 locale=en token=47 gen=8
07-22 20:14:42.252 17597 17597 I VkStripPipeline: setSuggestions composing size=18 style=1 token=47 gen=8 typed=len=5
07-22 20:14:42.254 17597 17597 I VkSuggestions: stripUi prediction=false children=5 [len=5|len=5|len=5]
07-22 20:14:42.254 17597 17597 I VkStripPipeline: slotBind composing children=5 [len=5|len=5|len=5]
07-22 20:14:43.079 17597 17597 I VkAutocorrect: picked: len=5
07-22 20:14:43.181 17597 18233 I VkNgram : merge locale=en prev=len=5 preds=8 contextual=0 assets=true
07-22 20:14:43.183 17597 18233 I VkSuggestions: strip prediction typedLen=0 candidates=3 autocorrect=false top=len=2 locale=en token=47 gen=9
07-22 20:14:43.184 17597 17597 I VkStripPipeline: setSuggestions prediction size=3 style=6 token=47 gen=9
07-22 20:14:43.186 17597 17597 I VkSuggestions: stripUi prediction=true children=5 [len=5|len=2|len=3]
07-22 20:14:43.186 17597 17597 I VkStripPipeline: slotBind prediction children=5 [len=5|len=2|len=3]
07-22 20:14:44.055 17597 17597 I VkAutocorrect: picked: len=5
07-22 20:14:44.160 17597 18233 I VkSuggestions: strip prediction typedLen=0 candidates=3 autocorrect=false top=len=1 locale=en token=47 gen=10
07-22 20:14:44.161 17597 17597 I VkStripPipeline: setSuggestions prediction size=3 style=6 token=47 gen=10
07-22 20:14:44.164 17597 17597 I VkSuggestions: stripUi prediction=true children=5 [len=3|len=1|len=10]
07-22 20:14:44.164 17597 17597 I VkStripPipeline: slotBind prediction children=5 [len=3|len=1|len=10]
07-22 20:14:45.167 17597 17597 I VkAutocorrect: picked: len=10
07-22 20:14:45.269 17597 18233 I VkNgram : merge locale=en prev=len=10 preds=8 contextual=0 assets=true
07-22 20:14:45.270 17597 18233 I VkSuggestions: strip prediction typedLen=0 candidates=3 autocorrect=false top=len=3 locale=en token=47 gen=11
07-22 20:14:45.270 17597 17597 I VkStripPipeline: setSuggestions prediction size=3 style=6 token=47 gen=11
07-22 20:14:45.272 17597 17597 I VkSuggestions: stripUi prediction=true children=5 [len=3|len=3|len=2]
07-22 20:14:45.272 17597 17597 I VkStripPipeline: slotBind prediction children=5 [len=3|len=3|len=2]
07-22 20:14:46.053 17597 17597 I VkKeyPress: keys pressed=58
07-22 20:14:46.053 17597 17597 I VkStripPipeline: langSwitch main=en-AU token=49 gen=12
07-22 20:14:46.080 17597 17597 I VkStripPipeline: setSuggestions composing size=0 style=0 token=-1 gen=-1
07-22 20:14:46.080 17597 17597 I VkStripPipeline: slotBind composing children=0 []
07-22 20:14:46.080 17597 17597 I VkLanguageSettings: select es
07-22 20:14:46.098 17597 17597 I VkDictionaries: ✓ open emoji es
07-22 20:14:46.133 17597 17597 I VkLanguageSettings: cycle dir=1 → es
07-22 20:14:46.143 17597 18244 I VkMultilingual: reset main=es locales=[es] count=1
07-22 20:14:46.145 17597 18244 I VkDictionaries: ▶ async reload main dicts locales=1
07-22 20:14:46.148 17597 18298 I VkDictionaries: ✓ open emoji es
07-22 20:14:46.150 17597 18298 I VkDictionaries: ✓ open main es
07-22 20:14:46.150 17597 18298 I VkDictionaries: collection es dicts=2 emoji=true
07-22 20:14:47.352 17597 17597 I VkEffects: reload anim=fade blur=0px glow=false stickers=true
07-22 20:14:47.545 17597 17597 W VkStall : MAIN-THREAD STALL 199ms during: >>>>> Dispatching to Handler (android.os.Handler) {5ba8400} g9.u@4ba8a9e: 0
07-22 20:14:47.845 17597 17597 W VkStall : MAIN-THREAD STALL 157ms during: >>>>> Dispatching to Handler (android.os.Handler) {5ba8400} g9.u@4ba8a9e: 0
07-22 20:14:48.109 17597 17597 W VkStall : MAIN-THREAD STALL 122ms during: >>>>> Dispatching to Handler (android.os.Handler) {5ba8400} g9.u@4ba8a9e: 0
07-22 20:14:48.116 17597 18233 I VkSuggestions: strip prediction typedLen=0 candidates=3 autocorrect=false top=len=3 locale=es token=51 gen=12
07-22 20:14:48.116 17597 17597 I VkStripPipeline: setSuggestions prediction size=3 style=6 token=51 gen=12
07-22 20:14:48.117 17597 17597 I VkSuggestions: stripUi prediction=true children=5 [len=6|len=3|len=8]
07-22 20:14:48.117 17597 17597 I VkStripPipeline: slotBind prediction children=5 [len=6|len=3|len=8]
07-22 20:14:48.890 17597 17597 I VkKeyPreview: show code=104 instant=false pool showing=1 free=0
07-22 20:14:49.002 17597 17597 I VkKeyPreview: dismiss code=104 reason=release_anim pool showing=0 free=1
07-22 20:14:49.118 17597 18233 W VibeKeyProfiler: Slow Native Suggest: Total=11.94ms | Init=0.02ms | TrieExpand(x13)=11.87ms | Scoring=0.05ms | inputSize=1
07-22 20:14:49.129 17597 18233 W VibeKeyProfiler: Slow Native Suggest: Total=10.61ms | Init=0.02ms | TrieExpand(x15)=10.54ms | Scoring=0.04ms | inputSize=1
07-22 20:14:49.130 17597 18233 I VkSuggestions: decode typedLen=1 candidates=18 locales=1 23,7ms
07-22 20:14:49.130 17597 18233 W VkSuggestions: slow frame 23,7ms locales=1 typedLen=1 candidates=18
07-22 20:14:49.134 17597 18233 I VkSuggestions: strip composing typedLen=1 candidates=19 autocorrect=false top=len=1 locale=es token=52 gen=12
07-22 20:14:49.134 17597 17597 I VkStripPipeline: setSuggestions composing size=19 style=1 token=52 gen=12 typed=len=1
07-22 20:14:49.139 17597 17597 I VkSuggestions: stripUi prediction=false children=5 [len=1|len=2|len=5]
07-22 20:14:49.139 17597 17597 I VkStripPipeline: slotBind composing children=5 [len=1|len=2|len=5]
07-22 20:14:49.583 17597 17597 I VkKeyPreview: show code=111 instant=false pool showing=1 free=0
07-22 20:14:49.720 17597 17597 I VkKeyPreview: dismiss code=111 reason=release_anim pool showing=0 free=1
07-22 20:14:49.720 17597 17597 I VkKeyPress: keys pressed=61
07-22 20:14:49.833 17597 18233 W VibeKeyProfiler: Slow Native Suggest: Total=9.62ms | Init=0.06ms | TrieExpand(x14)=9.52ms | Scoring=0.04ms | inputSize=2
07-22 20:14:49.841 17597 18233 I VkSuggestions: decode typedLen=2 candidates=18 locales=1 17,5ms
07-22 20:14:49.841 17597 18233 W VkSuggestions: slow frame 17,5ms locales=1 typedLen=2 candidates=18
07-22 20:14:49.842 17597 18233 I VkTextCorrection: threshold len=2→len=2 score=0,219 thr=0,140 ✓
07-22 20:14:49.843 17597 18233 I VkSuggestions: strip composing typedLen=2 candidates=19 autocorrect=false top=len=2 locale=es token=53 gen=12
07-22 20:14:49.844 17597 17597 I VkStripPipeline: setSuggestions composing size=19 style=1 token=53 gen=12 typed=len=2
07-22 20:14:49.846 17597 17597 I VkSuggestions: stripUi prediction=false children=5 [len=2|len=2|len=3]
07-22 20:14:49.846 17597 17597 I VkStripPipeline: slotBind composing children=5 [len=2|len=2|len=3]
07-22 20:14:50.552 17597 17597 I VkKeyPreview: show code=108 instant=false pool showing=1 free=0
07-22 20:14:50.640 17597 17597 I VkKeyPreview: dismiss code=108 reason=release_anim pool showing=0 free=1
07-22 20:14:50.751 17597 18233 I VkSuggestions: decode typedLen=3 candidates=18 locales=1 8,8ms
07-22 20:14:50.753 17597 18233 I VkTextCorrection: threshold len=3→len=8 score=0,058 thr=0,140 ○
07-22 20:14:50.754 17597 18233 I VkSuggestions: strip composing typedLen=3 candidates=19 autocorrect=false top=len=3 locale=es token=54 gen=12
07-22 20:14:50.754 17597 17597 I VkStripPipeline: setSuggestions composing size=19 style=1 token=54 gen=12 typed=len=3
07-22 20:14:50.757 17597 17597 I VkSuggestions: stripUi prediction=false children=5 [len=3|len=8|len=7]
07-22 20:14:50.757 17597 17597 I VkStripPipeline: slotBind composing children=5 [len=3|len=8|len=7]
07-22 20:14:51.880 17597 17597 I VkKeyPreview: show code=108 instant=false pool showing=1 free=0
07-22 20:14:51.977 17597 17597 I VkKeyPreview: dismiss code=108 reason=release_anim pool showing=0 free=1
07-22 20:14:52.075 17597 17597 I VkKeyPreview: show code=97 instant=true pool showing=1 free=0
07-22 20:14:52.085 17597 18233 I VkSuggestions: decode typedLen=4 candidates=18 locales=1 6,0ms
07-22 20:14:52.085 17597 18233 I VkTextCorrection: threshold len=4→len=6 score=0,068 thr=0,140 ○
07-22 20:14:52.086 17597 18233 I VkSuggestions: strip composing typedLen=4 candidates=19 autocorrect=false top=len=4 locale=es token=56 gen=12
07-22 20:14:52.086 17597 17597 I VkStripPipeline: setSuggestions composing size=19 style=1 token=56 gen=12 typed=len=4
07-22 20:14:52.088 17597 17597 I VkSuggestions: stripUi prediction=false children=5 [len=4|len=6|len=4]
07-22 20:14:52.088 17597 17597 I VkStripPipeline: slotBind composing children=5 [len=4|len=6|len=4]
07-22 20:14:52.177 17597 17597 I VkKeyPreview: dismiss code=97 reason=release_anim pool showing=0 free=1
07-22 20:14:52.295 17597 18233 W VibeKeyProfiler: Slow Native Suggest: Total=9.72ms | Init=0.14ms | TrieExpand(x16)=9.56ms | Scoring=0.02ms | inputSize=5
07-22 20:14:52.295 17597 18233 I VkSuggestions: decode typedLen=5 candidates=18 locales=1 16,6ms
07-22 20:14:52.295 17597 18233 W VkSuggestions: slow frame 16,6ms locales=1 typedLen=5 candidates=18
07-22 20:14:52.296 17597 18233 I VkTextCorrection: threshold len=5→len=5 score=0,153 thr=0,140 ✓
07-22 20:14:52.297 17597 18233 I VkAutocorrect: will correct: len=5 → len=5
07-22 20:14:52.297 17597 18233 I VkSuggestions: strip composing typedLen=5 candidates=18 autocorrect=true top=len=5 locale=es token=56 gen=12
07-22 20:14:52.300 17597 17597 I VkStripPipeline: setSuggestions composing size=18 style=1 token=56 gen=12 typed=len=5
07-22 20:14:52.302 17597 17597 I VkSuggestions: stripUi prediction=false children=5 [len=5|len=5|len=5]
07-22 20:14:52.302 17597 17597 I VkStripPipeline: slotBind composing children=5 [len=5|len=5|len=5]
07-22 20:14:57.016 17597 17597 I VkKeyPress: keys pressed=65
07-22 20:14:57.130 17597 18233 W VibeKeyProfiler: Slow Native Suggest: Total=11.45ms | Init=0.37ms | TrieExpand(x12)=11.04ms | Scoring=0.04ms | inputSize=4
07-22 20:14:57.138 17597 18233 I VkSuggestions: decode typedLen=4 candidates=18 locales=1 20,0ms
07-22 20:14:57.139 17597 18233 W VkSuggestions: slow frame 20,0ms locales=1 typedLen=4 candidates=18
07-22 20:14:57.140 17597 18233 I VkTextCorrection: threshold len=4→len=6 score=0,068 thr=0,140 ○
