06-02 16:29:44.098 19321 19321 F DEBUG   :       #22 pc 0000000000aa6d2c  /data/app/~~3UAGavr5ZN_-ZjYfrRAr8Q==/com.vibekey.keyboard-qs8ho6Te10STEtbdOgVHQw==/oat/arm64/base.vdex (t8.a.resumeWith+16)
06-02 16:29:44.098 19321 19321 F DEBUG   :       #23 pc 000000000066a144  /apex/com.android.art/lib64/libart.so (nterp_helper+7540) (BuildId: 7087b2f2160bfbf3335d54ba9779e325)
06-02 16:29:44.098 19321 19321 F DEBUG   :       #24 pc 0000000000a13c04  /data/app/~~3UAGavr5ZN_-ZjYfrRAr8Q==/com.vibekey.keyboard-qs8ho6Te10STEtbdOgVHQw==/oat/arm64/base.vdex (m9.h0.run+228)
06-02 16:29:44.098 19321 19321 F DEBUG   :       #25 pc 000000000066a144  /apex/com.android.art/lib64/libart.so (nterp_helper+7540) (BuildId: 7087b2f2160bfbf3335d54ba9779e325)
06-02 16:29:44.098 19321 19321 F DEBUG   :       #26 pc 0000000000aa77e2  /data/app/~~3UAGavr5ZN_-ZjYfrRAr8Q==/com.vibekey.keyboard-qs8ho6Te10STEtbdOgVHQw==/oat/arm64/base.vdex (t9.a.run+234)
06-02 16:29:44.098 19321 19321 F DEBUG   :       #27 pc 00000000002aad94  /apex/com.android.art/lib64/libart.so (art_quick_invoke_stub+612) (BuildId: 7087b2f2160bfbf3335d54ba9779e325)
06-02 16:29:44.098 19321 19321 F DEBUG   :       #28 pc 00000000002707ac  /apex/com.android.art/lib64/libart.so (art::ArtMethod::Invoke(art::Thread*, unsigned int*, unsigned int, art::JValue*, char const*)+220) (BuildId: 7087b2f2160bfbf3335d54ba9779e325)
06-02 16:29:44.098 19321 19321 F DEBUG   :       #29 pc 00000000004bdc28  /apex/com.android.art/lib64/libart.so (art::Thread::CreateCallback(void*)+1184) (BuildId: 7087b2f2160bfbf3335d54ba9779e325)
06-02 16:29:44.098 19321 19321 F DEBUG   :       #30 pc 00000000000deb44  /apex/com.android.runtime/lib64/bionic/libc.so (__pthread_start(void*)+264) (BuildId: bbbdeb7c87c74f1491f92c6e605095b0)
06-02 16:29:44.098 19321 19321 F DEBUG   :       #31 pc 000000000007b2fc  /apex/com.android.runtime/lib64/bionic/libc.so (__start_thread+68) (BuildId: bbbdeb7c87c74f1491f92c6e605095b0)
06-02 16:29:51.450 19349 19349 E ibekey.keyboar: Unknown bits set in runtime_flags: 0x40000000
06-02 16:29:51.595 19349 19349 W f0      : Could not load system glide typing library jni_latinimegoogle: dlopen failed: library "libjni_latinimegoogle.so" not found
06-02 16:29:51.692 19349 19349 W u       : No editor info for this field. Bug?
06-02 16:29:51.768 19349 19349 W ibekey.keyboar: ClassLoaderContext classpath size mismatch. expected=1, found=0 (DLC[];PCL[base.apk*4009363210]{PCL[/system/framework/org.apache.http.legacy.jar*3034548894]#PCL[/apex/com.android.extservices/javalib/android.ext.adservices.jar*3839736497]#PCL[/system/framework/com.android.location.provider.jar*3633238672]#PCL[/system/framework/com.android.media.remotedisplay.jar*3472798123]#PCL[/apex/com.android.extservices/javalib/android.ext.adservices.jar*3839736497]} | DLC[];PCL[])
06-02 16:29:51.792 19349 19349 W System  : ClassLoader referenced unknown path: 
06-02 16:29:51.802 19349 19349 W ibekey.keyboar: ClassLoaderContext classpath element checksum mismatch. expected=4009363210, found=1637340557 (DLC[];PCL[base.apk*4009363210]{PCL[/system/framework/org.apache.http.legacy.jar*3034548894]#PCL[/apex/com.android.extservices/javalib/android.ext.adservices.jar*3839736497]#PCL[/system/framework/com.android.location.provider.jar*3633238672]#PCL[/system/framework/com.android.media.remotedisplay.jar*3472798123]#PCL[/apex/com.android.extservices/javalib/android.ext.adservices.jar*3839736497]} | DLC[];PCL[/data/app/~~3UAGavr5ZN_-ZjYfrRAr8Q==/com.vibekey.keyboard-qs8ho6Te10STEtbdOgVHQw==/base.apk*1637340557]{PCL[/apex/com.android.extservices/javalib/android.ext.adservices.jar*3839736497]})
06-02 16:29:51.968 19349 19349 E ibekey.keyboar: ofbOpen failed with error=No such file or directory
06-02 16:29:51.968 19349 19349 E ibekey.keyboar: sysOpen failed with error=No such file or directory
06-02 16:29:51.999 19349 19407 W Ads     : Update ad debug logging enablement as false
06-02 16:29:52.016 19349 19349 E MultiApp.Impl: OplusMultiAppImpl
06-02 16:29:52.086 19349 19451 W libc    : Access denied finding property "ro.vendor.api_level"
06-02 16:29:52.092 19349 19349 W chromium: [WARNING:android_webview/browser/network_service/net_helpers.cc:137] HTTP Cache size is: 20971520
06-02 16:29:52.158 19349 19466 W libc    : Access denied finding property "vendor.camera.aux.packagelist"
06-02 16:29:52.158 19349 19466 W libc    : Access denied finding property "vendor.camera.aux.packagelist"
06-02 16:29:52.158 19349 19385 W libc    : Access denied finding property "vendor.camera.aux.packagelist"
06-02 16:29:52.195 19349 19349 E OplusCustomizeRestrictionManager: sInstance is null, start a new sInstance
06-02 16:29:52.458 19349 19448 W cr_media: BLUETOOTH_CONNECT permission is missing.
06-02 16:29:52.459 19349 19448 W cr_media: getBluetoothAdapter() requires BLUETOOTH permission
06-02 16:29:52.459 19349 19448 W cr_media: registerBluetoothIntentsIfNeeded: Requires BLUETOOTH permission
06-02 16:29:52.468 19349 19349 W View    : requestLayout() improperly called by android.widget.LinearLayout{ebf5967 V.E...... ......ID 0,1973-1440,2923 #7f0a011b app:id/main_keyboard_frame} during layout: running second layout pass
06-02 16:29:52.615 19349 19459 W AudioCapabilities: Unsupported mime audio/ffmpeg
06-02 16:29:52.616 19349 19459 W VideoCapabilities: Unsupported mime video/ffmpeg
06-02 16:29:52.617 19349 19459 W VideoCapabilities: Unrecognized profile/level 0/3 for video/mpeg2
06-02 16:29:52.617 19349 19459 W VideoCapabilities: Unrecognized profile/level 0/3 for video/mpeg2
06-02 16:29:52.649 19349 19494 W Settings: Setting animator_duration_scale has moved from android.provider.Settings.System to android.provider.Settings.Global, returning read-only global URI.
06-02 16:29:52.659 19349 19494 E GeckoLibLoad: Load sqlite start
06-02 16:29:52.661 19349 19494 E GeckoLibLoad: Load sqlite done
06-02 16:29:52.662 19349 19494 E GeckoLibLoad: Load nss start
06-02 16:29:52.662 19349 19494 E GeckoLibLoad: Load nss done
06-02 16:29:52.681 19349 19494 E GeckoLibLoad: Loaded libs in 19.655521ms total, 0ms(83ms) user, 8ms(14ms) system, 0(0) faults
06-02 16:29:52.682 19349 19494 W GeckoThread: zerdatime 109035543 - runGecko
06-02 16:29:52.746 19349 19349 W com.vibekey.keyboard: type=1400 audit(0.0:59349): avc: denied { bind } for comm=4E65746C696E6B204D6F6E69746F72 scontext=u:r:untrusted_app:s0:c54,c271,c512,c768 tcontext=u:r:untrusted_app:s0:c54,c271,c512,c768 tclass=netlink_route_socket permissive=0 bug=b/155595000 app=com.vibekey.keyboard
06-02 16:29:52.780 19349 19494 E ibekey.keyboar: hiddenapi: Accessing hidden field Ljava/lang/Boolean;->value:Z (runtime_flags=0, domain=core-platform, api=max-target-p) from Lorg/mozilla/gecko/GeckoThread; (domain=app, TargetSdkVersion=35) using JNI: denied
06-02 16:29:52.780 19349 19494 E ibekey.keyboar: hiddenapi: Accessing hidden field Ljava/lang/Integer;->value:I (runtime_flags=0, domain=core-platform, api=max-target-p) from Lorg/mozilla/gecko/GeckoThread; (domain=app, TargetSdkVersion=35) using JNI: denied
06-02 16:29:52.780 19349 19494 E ibekey.keyboar: hiddenapi: Accessing hidden field Ljava/lang/Long;->value:J (runtime_flags=0, domain=core-platform, api=max-target-p) from Lorg/mozilla/gecko/GeckoThread; (domain=app, TargetSdkVersion=35) using JNI: denied
06-02 16:29:52.780 19349 19494 E ibekey.keyboar: hiddenapi: Accessing hidden field Ljava/lang/Double;->value:D (runtime_flags=0, domain=core-platform, api=max-target-p) from Lorg/mozilla/gecko/GeckoThread; (domain=app, TargetSdkVersion=35) using JNI: denied
06-02 16:29:52.843 19522 19522 E .keyboard:tab3: Unknown bits set in runtime_flags: 0x40000000
06-02 16:29:53.910 19349 19472 W VibeKeyProfiler: Slow Native Suggest: Total=11.10ms | Init=0.01ms | TrieExpand(x16)=11.03ms | Scoring=0.06ms | inputSize=1
06-02 16:29:53.912 19349 19383 W VibeKeyProfiler: Slow Native Suggest: Total=15.50ms | Init=0.01ms | TrieExpand(x31)=15.47ms | Scoring=0.02ms | inputSize=1
06-02 16:29:53.913 19349 19392 W VibeKeyProfiler: Slow Native Suggest: Total=11.84ms | Init=0.01ms | TrieExpand(x15)=11.77ms | Scoring=0.06ms | inputSize=1
06-02 16:29:53.923 19349 19392 W VibeKeyProfiler: Slow Native Suggest: Total=8.70ms | Init=0.02ms | TrieExpand(x14)=8.63ms | Scoring=0.05ms | inputSize=1
06-02 16:29:53.925 19349 19383 W VibeKeyProfiler: Slow Native Suggest: Total=12.26ms | Init=0.01ms | TrieExpand(x31)=12.19ms | Scoring=0.05ms | inputSize=1
06-02 16:29:53.927 19349 19383 W VibeKeyProfiler: Slow Kotlin Suggest: Total=31.19ms | locales=3 | typedLen=1 | candidates=18 parallelWait=30.84ms
06-02 16:29:54.087 19349 19383 W VibeKeyProfiler: Slow Native Suggest: Total=10.66ms | Init=0.07ms | TrieExpand(x31)=10.53ms | Scoring=0.05ms | inputSize=2
06-02 16:29:54.092 19349 19392 W VibeKeyProfiler: Slow Native Suggest: Total=13.11ms | Init=0.07ms | TrieExpand(x13)=13.02ms | Scoring=0.02ms | inputSize=2
06-02 16:29:54.092 19349 19383 W VibeKeyProfiler: Slow Kotlin Suggest: Total=23.79ms | locales=3 | typedLen=2 | candidates=18 parallelWait=23.67ms
06-02 16:29:54.252 19349 19472 W VibeKeyProfiler: Slow Native Suggest: Total=9.09ms | Init=0.08ms | TrieExpand(x12)=8.96ms | Scoring=0.04ms | inputSize=3
06-02 16:29:54.254 19349 19383 W VibeKeyProfiler: Slow Native Suggest: Total=11.22ms | Init=0.11ms | TrieExpand(x22)=11.06ms | Scoring=0.05ms | inputSize=3
06-02 16:29:54.257 19349 19383 W VibeKeyProfiler: Slow Kotlin Suggest: Total=23.03ms | locales=3 | typedLen=3 | candidates=18 parallelWait=22.38ms
06-02 16:29:54.447 19349 19383 W VibeKeyProfiler: Slow Native Suggest: Total=9.46ms | Init=0.12ms | TrieExpand(x19)=9.28ms | Scoring=0.05ms | inputSize=4
06-02 16:29:54.451 19349 19392 W VibeKeyProfiler: Slow Native Suggest: Total=14.23ms | Init=0.08ms | TrieExpand(x9)=14.11ms | Scoring=0.04ms | inputSize=4
06-02 16:29:54.453 19349 19472 W VibeKeyProfiler: Slow Native Suggest: Total=17.88ms | Init=0.25ms | TrieExpand(x9)=17.58ms | Scoring=0.04ms | inputSize=4
06-02 16:29:54.455 19349 19383 W VibeKeyProfiler: Slow Kotlin Suggest: Total=25.14ms | locales=3 | typedLen=4 | candidates=18 parallelWait=24.59ms
06-02 16:29:55.469 19349 19472 W VibeKeyProfiler: Slow Native Suggest: Total=9.03ms | Init=0.22ms | TrieExpand(x15)=8.77ms | Scoring=0.04ms | inputSize=3
06-02 16:29:55.481 19349 19392 W VibeKeyProfiler: Slow Native Suggest: Total=11.69ms | Init=0.10ms | TrieExpand(x12)=11.57ms | Scoring=0.02ms | inputSize=3
06-02 16:29:55.482 19349 19383 W VibeKeyProfiler: Slow Kotlin Suggest: Total=23.27ms | locales=3 | typedLen=3 | candidates=18 parallelWait=23.15ms
06-02 16:29:55.501 19349 19472 W VibeKeyProfiler: Slow Native Suggest: Total=8.85ms | Init=0.10ms | TrieExpand(x7)=8.72ms | Scoring=0.02ms | inputSize=21
06-02 16:29:55.502 19349 19502 W VibeKeyProfiler: Slow Native Suggest: Total=11.60ms | Init=0.12ms | TrieExpand(x7)=11.46ms | Scoring=0.02ms | inputSize=21
06-02 16:29:55.503 19349 19383 W VibeKeyProfiler: Slow Kotlin Suggest: Total=21.28ms | locales=3 | typedLen=0 | candidates=17 parallelWait=21.14ms
06-02 16:29:55.813 19349 19502 W VibeKeyProfiler: Slow Native Suggest: Total=10.30ms | Init=0.06ms | TrieExpand(x15)=10.19ms | Scoring=0.04ms | inputSize=3
06-02 16:29:55.815 19349 19383 W VibeKeyProfiler: Slow Kotlin Suggest: Total=17.50ms | locales=3 | typedLen=3 | candidates=18 parallelWait=17.11ms
06-02 16:29:55.832 19349 19502 W VibeKeyProfiler: Slow Native Suggest: Total=11.29ms | Init=0.14ms | TrieExpand(x7)=11.11ms | Scoring=0.04ms | inputSize=38
06-02 16:29:55.832 19349 19383 W VibeKeyProfiler: Slow Native Suggest: Total=11.07ms | Init=0.14ms | TrieExpand(x6)=10.89ms | Scoring=0.04ms | inputSize=38
06-02 16:29:55.835 19349 19472 W VibeKeyProfiler: Slow Native Suggest: Total=14.18ms | Init=0.14ms | TrieExpand(x7)=13.94ms | Scoring=0.11ms | inputSize=38
06-02 16:29:55.837 19349 19383 W VibeKeyProfiler: Slow Kotlin Suggest: Total=21.39ms | locales=3 | typedLen=0 | candidates=17 parallelWait=20.95ms
06-02 16:29:55.937 19349 19502 W VibeKeyProfiler: Slow Native Suggest: Total=8.21ms | Init=0.06ms | TrieExpand(x13)=8.11ms | Scoring=0.04ms | inputSize=3
06-02 16:29:55.940 19349 19383 W VibeKeyProfiler: Slow Native Suggest: Total=10.15ms | Init=0.08ms | TrieExpand(x18)=10.02ms | Scoring=0.05ms | inputSize=3
06-02 16:29:55.944 19349 19472 W VibeKeyProfiler: Slow Native Suggest: Total=15.85ms | Init=0.09ms | TrieExpand(x13)=15.72ms | Scoring=0.04ms | inputSize=3
06-02 16:29:55.946 19349 19383 W VibeKeyProfiler: Slow Kotlin Suggest: Total=24.89ms | locales=3 | typedLen=3 | candidates=18 parallelWait=24.50ms
06-02 16:29:55.961 19349 19472 W VibeKeyProfiler: Slow Native Suggest: Total=10.20ms | Init=0.12ms | TrieExpand(x7)=10.03ms | Scoring=0.04ms | inputSize=41
06-02 16:29:55.963 19349 19383 W VibeKeyProfiler: Slow Native Suggest: Total=11.08ms | Init=0.12ms | TrieExpand(x6)=10.92ms | Scoring=0.04ms | inputSize=41
06-02 16:29:55.969 19349 19502 W VibeKeyProfiler: Slow Native Suggest: Total=15.13ms | Init=0.13ms | TrieExpand(x7)=14.96ms | Scoring=0.04ms | inputSize=41
06-02 16:29:55.971 19349 19383 W VibeKeyProfiler: Slow Kotlin Suggest: Total=24.68ms | locales=3 | typedLen=0 | candidates=17 parallelWait=24.21ms
06-02 16:29:56.050 19349 19502 W VibeKeyProfiler: Slow Native Suggest: Total=13.81ms | Init=0.09ms | TrieExpand(x13)=13.67ms | Scoring=0.05ms | inputSize=3
06-02 16:29:56.051 19349 19383 W VibeKeyProfiler: Slow Native Suggest: Total=13.84ms | Init=0.10ms | TrieExpand(x18)=13.69ms | Scoring=0.05ms | inputSize=3
06-02 16:29:56.051 19349 19472 W VibeKeyProfiler: Slow Native Suggest: Total=10.98ms | Init=0.07ms | TrieExpand(x13)=10.86ms | Scoring=0.04ms | inputSize=3
06-02 16:29:56.052 19349 19383 W VibeKeyProfiler: Slow Kotlin Suggest: Total=22.47ms | locales=3 | typedLen=3 | candidates=18 parallelWait=22.23ms
06-02 16:29:56.067 19349 19502 W VibeKeyProfiler: Slow Native Suggest: Total=13.15ms | Init=0.11ms | TrieExpand(x4)=13.03ms | Scoring=0.02ms | inputSize=43
06-02 16:29:56.069 19349 19383 W VibeKeyProfiler: Slow Native Suggest: Total=10.64ms | Init=0.14ms | TrieExpand(x6)=10.46ms | Scoring=0.04ms | inputSize=43
06-02 16:29:56.074 19349 19472 W VibeKeyProfiler: Slow Native Suggest: Total=12.09ms | Init=0.18ms | TrieExpand(x7)=11.87ms | Scoring=0.04ms | inputSize=43
06-02 16:29:56.077 19349 19383 W VibeKeyProfiler: Slow Kotlin Suggest: Total=24.68ms | locales=3 | typedLen=0 | candidates=17 parallelWait=24.34ms
06-02 16:29:56.329 19349 19502 W VibeKeyProfiler: Slow Native Suggest: Total=9.25ms | Init=0.07ms | TrieExpand(x5)=9.13ms | Scoring=0.05ms | inputSize=5
06-02 16:29:56.331 19349 19383 W VibeKeyProfiler: Slow Native Suggest: Total=10.47ms | Init=0.11ms | TrieExpand(x18)=10.31ms | Scoring=0.04ms | inputSize=5
06-02 16:29:56.333 19349 19383 W VibeKeyProfiler: Slow Kotlin Suggest: Total=17.15ms | locales=3 | typedLen=5 | candidates=18 parallelWait=16.86ms
06-02 16:29:57.307 19349 19383 W VibeKeyProfiler: Slow Kotlin Suggest: Total=974.09ms | locales=3 | typedLen=0 | candidates=17 parallelWait=11.02ms
06-02 16:29:57.333 19349 19502 W VibeKeyProfiler: Slow Native Suggest: Total=11.73ms | Init=0.13ms | TrieExpand(x5)=11.55ms | Scoring=0.05ms | inputSize=5
06-02 16:29:57.335 19349 19383 W VibeKeyProfiler: Slow Kotlin Suggest: Total=22.10ms | locales=3 | typedLen=5 | candidates=18 parallelWait=21.79ms
06-02 16:29:57.351 19349 19472 W VibeKeyProfiler: Slow Native Suggest: Total=9.97ms | Init=0.11ms | TrieExpand(x7)=9.81ms | Scoring=0.04ms | inputSize=62
06-02 16:29:57.352 19349 19502 W VibeKeyProfiler: Slow Native Suggest: Total=10.98ms | Init=0.15ms | TrieExpand(x7)=10.79ms | Scoring=0.04ms | inputSize=62
06-02 16:29:57.353 19349 19383 W VibeKeyProfiler: Slow Kotlin Suggest: Total=17.76ms | locales=3 | typedLen=0 | candidates=17 parallelWait=17.44ms
06-02 16:30:01.989 19349 19598 E ibekey.keyboar: Attempt to load writable dex file: /data/user/0/com.vibekey.keyboard/app_pccache/5/8EBCAAEC2B76C0A33B03137E81AA4B249A0F4C11/pcam.jar
06-02 16:30:01.996 19349 19521 W Ads     : Invoke Firebase method getInstance error.
06-02 16:30:01.996 19349 19521 W Ads     : The Google Mobile Ads SDK will not integrate with Firebase. Admob/Firebase integration requires the latest Firebase SDK jar, but Firebase SDK is either missing or out of date
06-02 16:30:01.996 19349 19349 W AdWorker(Defaul: type=1400 audit(0.0:59364): avc: granted { execute } for path="/data/data/com.vibekey.keyboard/app_pccache/5/8EBCAAEC2B76C0A33B03137E81AA4B249A0F4C11/pcam.jar" dev="dm-2" ino=789182 scontext=u:r:untrusted_app:s0:c54,c271,c512,c768 tcontext=u:object_r:app_data_file:s0:c54,c271,c512,c768 tclass=file app=com.vibekey.keyboard
06-02 16:30:02.009 19349 19596 W ServiceBindIntentUtils: Dynamic lookup for intent failed for action: com.google.android.gms.ads.service.CACHE
06-02 16:30:02.041 19349 19559 W Ads     : Not retrying to fetch app settings
06-02 16:30:02.042 19349 19618 W ServiceBindIntentUtils: Dynamic lookup for intent failed for action: com.google.android.gms.ads.service.START
06-02 16:30:02.059 19349 19608 W Ads     : Not retrying to fetch app settings
06-02 16:30:02.336 19349 19349 W AdManager: Rewarded load failed tier=PRIMARY code=3 domain=com.google.android.gms.ads message=Publisher data not found. <https://support.google.com/admob/answer/9905175#9>
06-02 16:30:02.357 19349 19349 W AdManager: Interstitial ad failed to load: code=3 message=Publisher data not found. <https://support.google.com/admob/answer/9905175#9>
06-02 16:30:02.359 19349 19349 W AdManager: Native ad failed to load: code=3 message=Publisher data not found. <https://support.google.com/admob/answer/9905175#9>
06-02 16:30:04.271 19349 19521 W Ads     : Not retrying to fetch app settings
06-02 16:30:04.293 19349 19607 W Ads     : Not retrying to fetch app settings
06-02 16:30:04.294 19349 19349 W Settings: Setting transition_animation_scale has moved from android.provider.Settings.System to android.provider.Settings.Global, returning read-only value.
06-02 16:30:04.306 19349 19407 W Ads     : Not retrying to fetch app settings
06-02 16:30:04.497 19349 19349 W AdManager: Rewarded load failed tier=PRIMARY code=3 domain=com.google.android.gms.ads message=Publisher data not found. <https://support.google.com/admob/answer/9905175#9>
06-02 16:30:04.498 19349 19349 W AdManager: Native ad failed to load: code=3 message=Publisher data not found. <https://support.google.com/admob/answer/9905175#9>
06-02 16:30:04.506 19349 19349 W AdManager: Interstitial ad failed to load: code=3 message=Publisher data not found. <https://support.google.com/admob/answer/9905175#9>
06-02 16:30:04.649 19671 19671 E libcrashpad_handler_trampoline.so: createInstance(64bit) : createExtendedFactory
06-02 16:30:04.651 19671 19671 E libcrashpad_handler_trampoline.so: createInstance(64bit) : createExtendedFactory
06-02 16:30:04.651 19671 19671 E libcrashpad_handler_trampoline.so: Opened libinputextensionsimpl.so
06-02 16:30:04.651 19671 19671 E libcrashpad_handler_trampoline.so: Opened libinputextensionsimpl.so
06-02 16:30:04.652 19671 19671 E libcrashpad_handler_trampoline.so: createInstance(64bit) : createExtendedFactory
06-02 16:30:04.652 19671 19671 E libcrashpad_handler_trampoline.so: createInstance(64bit) : createExtendedFactory
06-02 16:30:04.652 19671 19671 E libcrashpad_handler_trampoline.so: Opened libsensorextimpl.so
06-02 16:30:04.652 19671 19671 E libcrashpad_handler_trampoline.so: Opened libsensorextimpl.so
06-02 16:30:04.701 19671 19671 E chromium: [0602/163004.701419:ERROR:third_party/crashpad/crashpad/util/process/process_memory_range.cc:75] read out of range
06-02 16:30:04.814 19349 19388 F libc    : Fatal signal 11 (SIGSEGV), code 1 (SEGV_MAPERR), fault addr 0x680000004f in tid 19388 (ExecutorUtils), pid 19349 (AndroidUI)
06-02 16:30:04.898 19677 19677 W crash_dump64: failed to attach to thread 19674: No such process
06-02 16:30:04.899 19677 19677 E crash_dump64: failed to interrupt 19674 to detach: No such process
06-02 16:30:04.899 19677 19677 W crash_dump64: failed to ptrace interrupt thread 19674: No such process
06-02 16:30:05.013 19677 19677 E DEBUG   : failed to read /proc/uptime: Permission denied
06-02 16:30:05.945 19677 19677 F DEBUG   : Process name is com.vibekey.keyboard, not key_process
06-02 16:30:05.945 19677 19677 F DEBUG   : keyProcess: 0
06-02 16:30:05.945 19677 19677 F DEBUG   : *** *** *** *** *** *** *** *** *** *** *** *** *** *** *** ***
06-02 16:30:05.945 19677 19677 F DEBUG   : Build fingerprint: 'OnePlus/OnePlus7Pro/OnePlus7Pro:12/SKQ1.211113.001/P.202303230244:user/release-keys'
06-02 16:30:05.945 19677 19677 F DEBUG   : Revision: '0'
06-02 16:30:05.945 19677 19677 F DEBUG   : ABI: 'arm64'
06-02 16:30:05.945 19677 19677 F DEBUG   : Timestamp: 2026-06-02 16:30:05.013244524-0400
06-02 16:30:05.945 19677 19677 F DEBUG   : Process uptime: 0s
06-02 16:30:05.945 19677 19677 F DEBUG   : Cmdline: com.vibekey.keyboard
06-02 16:30:05.945 19677 19677 F DEBUG   : pid: 19349, tid: 19388, name: ExecutorUtils  >>> com.vibekey.keyboard <<<
06-02 16:30:05.945 19677 19677 F DEBUG   : uid: 13894
06-02 16:30:05.945 19677 19677 F DEBUG   : signal 11 (SIGSEGV), code 1 (SEGV_MAPERR), fault addr 0x680000004f
06-02 16:30:05.945 19677 19677 F DEBUG   :     x0  0000000000000000  x1  0000000000004bbc  x2  000000000000000b  x3  000000767eb8bda0
06-02 16:30:05.945 19677 19677 F DEBUG   :     x4  0000007694d1c400  x5  0000007694d1c400  x6  0000007694d1c400  x7  0000000000000000
06-02 16:30:05.945 19677 19677 F DEBUG   :     x8  00000000000000f0  x9  db746b027190efc7  x10 0000007696b4068c  x11 0000000000000000
06-02 16:30:05.945 19677 19677 F DEBUG   :     x12 00000000ffffffff  x13 0000000000000000  x14 0000000000000000  x15 00000000ebad6a89
06-02 16:30:05.945 19677 19677 F DEBUG   :     x16 000000757ca4b410  x17 00000076790b8f10  x18 0000007529110000  x19 000000000000000b
06-02 16:30:05.945 19677 19677 F DEBUG   :     x20 000000767eb8bda0  x21 0000000000004b95  x22 000000767eb8bb90  x23 0000000000000001
06-02 16:30:05.945 19677 19677 F DEBUG   :     x24 000000752b4c8d48  x25 0000007529219000  x26 0000007694d1d698  x27 0000007694d1c408
06-02 16:30:05.945 19677 19677 F DEBUG   :     x28 0000000000000400  x29 000000767eb8bbb0
06-02 16:30:05.945 19677 19677 F DEBUG   :     lr  0000007576c73da0  sp  000000767eb8bb90  pc  00000076790b8f34  pst 0000000000000000
06-02 16:30:05.945 19677 19677 F DEBUG   : backtrace:
06-02 16:30:05.945 19677 19677 F DEBUG   :       #00 pc 0000000000075f34  /apex/com.android.runtime/lib64/bionic/libc.so (syscall+36) (BuildId: bbbdeb7c87c74f1491f92c6e605095b0)
06-02 16:30:05.945 19677 19677 F DEBUG   :       #01 pc 0000000004062d9c  /data/app/~~0vURfNRJhP5qOxDjXMAdJA==/com.google.android.webview-1jICq8A_gawMkQD3QY60ZA==/base.apk!libwebviewchromium.so (BuildId: 6830cf8493d489d274dd2200dc390799760c2507)
06-02 16:30:05.945 19677 19677 F DEBUG   :       #02 pc 0000000004059518  /data/app/~~0vURfNRJhP5qOxDjXMAdJA==/com.google.android.webview-1jICq8A_gawMkQD3QY60ZA==/base.apk!libwebviewchromium.so (BuildId: 6830cf8493d489d274dd2200dc390799760c2507)
06-02 16:30:05.945 19677 19677 F DEBUG   :       #03 pc 000000000729d1dc  /data/app/~~3UAGavr5ZN_-ZjYfrRAr8Q==/com.vibekey.keyboard-qs8ho6Te10STEtbdOgVHQw==/lib/arm64/libxul.so (BuildId: 4a35ccb91ce54a7d8afe95f435ee2ee2cc640e58)
06-02 16:30:05.945 19677 19677 F DEBUG   :       #04 pc 0000000007721500  /data/app/~~3UAGavr5ZN_-ZjYfrRAr8Q==/com.vibekey.keyboard-qs8ho6Te10STEtbdOgVHQw==/lib/arm64/libxul.so (BuildId: 4a35ccb91ce54a7d8afe95f435ee2ee2cc640e58)
06-02 16:30:05.945 19677 19677 F DEBUG   :       #05 pc 0000000000006f94  /apex/com.android.art/lib64/libsigchain.so (art::SignalChain::Handler(int, siginfo*, void*)+1148) (BuildId: 1d71636c1517ecf3fa421563ba6710f3)
06-02 16:30:05.945 19677 19677 F DEBUG   :       #06 pc 0000000000000638  [vdso] (__kernel_rt_sigreturn+0)
06-02 16:30:05.945 19677 19677 F DEBUG   :       #07 pc 00000000000a3d44  /data/app/~~3UAGavr5ZN_-ZjYfrRAr8Q==/com.vibekey.keyboard-qs8ho6Te10STEtbdOgVHQw==/lib/arm64/libjni_latinime.so (BuildId: b9a095d913f161fb453b8d5cb79fb758d319771b)
06-02 16:30:05.945 19677 19677 F DEBUG   :       #08 pc 00000000002c2100  /apex/com.android.art/lib64/libart.so (art_quick_generic_jni_trampoline+144) (BuildId: 7087b2f2160bfbf3335d54ba9779e325)
06-02 16:30:05.945 19677 19677 F DEBUG   :       #09 pc 0000000000668b6c  /apex/com.android.art/lib64/libart.so (nterp_helper+1948) (BuildId: 7087b2f2160bfbf3335d54ba9779e325)
06-02 16:30:05.945 19677 19677 F DEBUG   :       #10 pc 000000000022f654  /data/app/~~3UAGavr5ZN_-ZjYfrRAr8Q==/com.vibekey.keyboard-qs8ho6Te10STEtbdOgVHQw==/oat/arm64/base.vdex (com.android.inputmethod.latin.DicTraverseSession.a+16)
06-02 16:30:05.945 19677 19677 F DEBUG   :       #11 pc 0000000000669324  /apex/com.android.art/lib64/libart.so (nterp_helper+3924) (BuildId: 7087b2f2160bfbf3335d54ba9779e325)
06-02 16:30:05.945 19677 19677 F DEBUG   :       #12 pc 000000000022f1f0  /data/app/~~3UAGavr5ZN_-ZjYfrRAr8Q==/com.vibekey.keyboard-qs8ho6Te10STEtbdOgVHQw==/oat/arm64/base.vdex (com.android.inputmethod.latin.BinaryDictionary.a+44)
06-02 16:30:05.945 19677 19677 F DEBUG   :       #13 pc 0000000000669324  /apex/com.android.art/lib64/libart.so (nterp_helper+3924) (BuildId: 7087b2f2160bfbf3335d54ba9779e325)
06-02 16:30:05.945 19677 19677 F DEBUG   :       #14 pc 000000000022e916  /data/app/~~3UAGavr5ZN_-ZjYfrRAr8Q==/com.vibekey.keyboard-qs8ho6Te10STEtbdOgVHQw==/oat/arm64/base.vdex (com.android.inputmethod.latin.BinaryDictionary.m+38)
06-02 16:30:05.945 19677 19677 F DEBUG   :       #15 pc 0000000000669324  /apex/com.android.art/lib64/libart.so (nterp_helper+3924) (BuildId: 7087b2f2160bfbf3335d54ba9779e325)
06-02 16:30:05.945 19677 19677 F DEBUG   :       #16 pc 0000000000aa5da2  /data/app/~~3UAGavr5ZN_-ZjYfrRAr8Q==/com.vibekey.keyboard-qs8ho6Te10STEtbdOgVHQw==/oat/arm64/base.vdex (t7.h.run+230)
06-02 16:30:05.945 19677 19677 F DEBUG   :       #17 pc 000000000066a144  /apex/com.android.art/lib64/libart.so (nterp_helper+7540) (BuildId: 7087b2f2160bfbf3335d54ba9779e325)
06-02 16:30:05.946 19677 19677 F DEBUG   :       #18 pc 00000000004c600a  /data/app/~~3UAGavr5ZN_-ZjYfrRAr8Q==/com.vibekey.keyboard-qs8ho6Te10STEtbdOgVHQw==/oat/arm64/base.vdex (com.google.firebase.appcheck.internal.a.run+1030)
06-02 16:30:05.946 19677 19677 F DEBUG   :       #19 pc 00000000022d2950  /memfd:jit-zygote-cache (deleted)
06-02 16:30:07.292 19700 19700 E ibekey.keyboar: Unknown bits set in runtime_flags: 0x40000000
06-02 16:30:07.429 19700 19700 W f0      : Could not load system glide typing library jni_latinimegoogle: dlopen failed: library "libjni_latinimegoogle.so" not found
06-02 16:30:07.500 19700 19700 W u       : No editor info for this field. Bug?
06-02 16:30:07.549 19700 19700 W ibekey.keyboar: ClassLoaderContext classpath size mismatch. expected=1, found=0 (DLC[];PCL[base.apk*4009363210]{PCL[/system/framework/org.apache.http.legacy.jar*3034548894]#PCL[/apex/com.android.extservices/javalib/android.ext.adservices.jar*3839736497]#PCL[/system/framework/com.android.location.provider.jar*3633238672]#PCL[/system/framework/com.android.media.remotedisplay.jar*3472798123]#PCL[/apex/com.android.extservices/javalib/android.ext.adservices.jar*3839736497]} | DLC[];PCL[])
06-02 16:30:07.556 19700 19700 W System  : ClassLoader referenced unknown path: 
06-02 16:30:07.560 19700 19700 W ibekey.keyboar: ClassLoaderContext classpath element checksum mismatch. expected=4009363210, found=1637340557 (DLC[];PCL[base.apk*4009363210]{PCL[/system/framework/org.apache.http.legacy.jar*3034548894]#PCL[/apex/com.android.extservices/javalib/android.ext.adservices.jar*3839736497]#PCL[/system/framework/com.android.location.provider.jar*3633238672]#PCL[/system/framework/com.android.media.remotedisplay.jar*3472798123]#PCL[/apex/com.android.extservices/javalib/android.ext.adservices.jar*3839736497]} | DLC[];PCL[/data/app/~~3UAGavr5ZN_-ZjYfrRAr8Q==/com.vibekey.keyboard-qs8ho6Te10STEtbdOgVHQw==/base.apk*1637340557]{PCL[/apex/com.android.extservices/javalib/android.ext.adservices.jar*3839736497]})
06-02 16:30:07.626 19700 19700 E ibekey.keyboar: ofbOpen failed with error=No such file or directory
06-02 16:30:07.626 19700 19700 E ibekey.keyboar: sysOpen failed with error=No such file or directory
06-02 16:30:07.645 19700 19762 W Ads     : Update ad debug logging enablement as false
06-02 16:30:07.663 19700 19700 E MultiApp.Impl: OplusMultiAppImpl
06-02 16:30:07.729 19700 19802 W libc    : Access denied finding property "ro.vendor.api_level"
06-02 16:30:07.735 19700 19700 W chromium: [WARNING:android_webview/browser/network_service/net_helpers.cc:137] HTTP Cache size is: 20971520
06-02 16:30:07.811 19700 19832 W libc    : Access denied finding property "vendor.camera.aux.packagelist"
06-02 16:30:07.812 19700 19832 W libc    : Access denied finding property "vendor.camera.aux.packagelist"
06-02 16:30:07.812 19700 19716 W libc    : Access denied finding property "vendor.camera.aux.packagelist"
06-02 16:30:07.813 19700 19700 E OplusCustomizeRestrictionManager: sInstance is null, start a new sInstance
06-02 16:30:08.097 19700 19798 W cr_media: BLUETOOTH_CONNECT permission is missing.
06-02 16:30:08.100 19700 19798 W cr_media: getBluetoothAdapter() requires BLUETOOTH permission
06-02 16:30:08.100 19700 19798 W cr_media: registerBluetoothIntentsIfNeeded: Requires BLUETOOTH permission
06-02 16:30:08.112 19700 19700 W View    : requestLayout() improperly called by android.widget.LinearLayout{14101b2 V.E...... ......ID 0,1973-1440,2923 #7f0a011b app:id/main_keyboard_frame} during layout: running second layout pass
06-02 16:30:08.211 19700 19774 E BLASTBufferQueue: BLASTBufferItemConsumer::onDisconnect()
06-02 16:30:08.242 19700 19818 W AudioCapabilities: Unsupported mime audio/ffmpeg
06-02 16:30:08.243 19700 19818 W VideoCapabilities: Unsupported mime video/ffmpeg
06-02 16:30:08.244 19700 19818 W VideoCapabilities: Unrecognized profile/level 0/3 for video/mpeg2
06-02 16:30:08.244 19700 19818 W VideoCapabilities: Unrecognized profile/level 0/3 for video/mpeg2
06-02 16:30:08.286 19700 19863 W Settings: Setting animator_duration_scale has moved from android.provider.Settings.System to android.provider.Settings.Global, returning read-only global URI.
06-02 16:30:08.291 19700 19863 E GeckoLibLoad: Load sqlite start
06-02 16:30:08.291 19700 19863 E GeckoLibLoad: Load sqlite done
06-02 16:30:08.292 19700 19863 E GeckoLibLoad: Load nss start
06-02 16:30:08.292 19700 19863 E GeckoLibLoad: Load nss done
06-02 16:30:08.300 19700 19863 E GeckoLibLoad: Loaded libs in 8.531302ms total, 7ms(39ms) user, 0ms(0ms) system, 0(0) faults
06-02 16:30:08.301 19700 19863 W GeckoThread: zerdatime 109051162 - runGecko
06-02 16:30:08.356 19700 19700 W com.vibekey.keyboard: type=1400 audit(0.0:59370): avc: denied { bind } for comm=4E65746C696E6B204D6F6E69746F72 scontext=u:r:untrusted_app:s0:c54,c271,c512,c768 tcontext=u:r:untrusted_app:s0:c54,c271,c512,c768 tclass=netlink_route_socket permissive=0 bug=b/155595000 app=com.vibekey.keyboard
06-02 16:30:08.390 19700 19863 E ibekey.keyboar: hiddenapi: Accessing hidden field Ljava/lang/Boolean;->value:Z (runtime_flags=0, domain=core-platform, api=max-target-p) from Lorg/mozilla/gecko/GeckoThread; (domain=app, TargetSdkVersion=35) using JNI: denied
06-02 16:30:08.390 19700 19863 E ibekey.keyboar: hiddenapi: Accessing hidden field Ljava/lang/Integer;->value:I (runtime_flags=0, domain=core-platform, api=max-target-p) from Lorg/mozilla/gecko/GeckoThread; (domain=app, TargetSdkVersion=35) using JNI: denied
06-02 16:30:08.390 19700 19863 E ibekey.keyboar: hiddenapi: Accessing hidden field Ljava/lang/Long;->value:J (runtime_flags=0, domain=core-platform, api=max-target-p) from Lorg/mozilla/gecko/GeckoThread; (domain=app, TargetSdkVersion=35) using JNI: denied
06-02 16:30:08.390 19700 19863 E ibekey.keyboar: hiddenapi: Accessing hidden field Ljava/lang/Double;->value:D (runtime_flags=0, domain=core-platform, api=max-target-p) from Lorg/mozilla/gecko/GeckoThread; (domain=app, TargetSdkVersion=35) using JNI: denied
06-02 16:30:08.444 19886 19886 E y.keyboard:tab: Unknown bits set in runtime_flags: 0x40000000
06-02 16:30:11.295 19700 19700 W Settings: Setting transition_animation_scale has moved from android.provider.Settings.System to android.provider.Settings.Global, returning read-only value.
06-02 16:30:15.905 19700 19774 E BLASTBufferQueue: BLASTBufferItemConsumer::onDisconnect()
06-02 16:30:16.506 19700 19774 E BLASTBufferQueue: BLASTBufferItemConsumer::onDisconnect()


2026-06-02 16:30:07.429585 W f0: Could not load system glide typing library jni_latinimegoogle: dlopen failed: library "libjni_latinimegoogle.so" not found
2026-06-02 16:30:07.444485 I startup: Starting com.vibekey.keyboard version 4.1.144 (4244) on Android 12 (SDK 31)
2026-06-02 16:30:07.447609 I LatinIME: Hardware accelerated drawing: true
2026-06-02 16:30:07.483665 I SymSpellProvider: Detected asset languages: []
2026-06-02 16:30:07.484925 I NgramPredictor: Detected bigram asset languages: []
2026-06-02 16:30:07.485609 I NgramPredictor: Loaded 3 runtime bigram keys for de
2026-06-02 16:30:07.486548 I RecencyTracker: init loaded 1 language file(s)
2026-06-02 16:30:07.487226 I AdaptiveTouchModel: Loaded touch model: 22 keys
2026-06-02 16:30:07.487864 I ContactsSuggProvider: READ_CONTACTS permission not granted, skipping contacts load
2026-06-02 16:30:07.500094 W u: No editor info for this field. Bug?
2026-06-02 16:30:07.500178 I c: loadSettings
2026-06-02 16:30:07.508123 I p: resetDictionaries, force reloading main dictionary: false
2026-06-02 16:30:07.536302 I NgramPredictor: Detected bigram asset languages: []
2026-06-02 16:30:07.536907 I NgramPredictor: Loaded 3 runtime bigram keys for de
2026-06-02 16:30:07.537696 I ConsentManager: UMP hydrate skipped: q6.k.getConsentInformation [class android.content.Context]
2026-06-02 16:30:07.538078 I SymSpellProvider: Detected asset languages: []
2026-06-02 16:30:07.538142 I AdManager: AdMob: publisher personalization DISABLED (non-personalized requests)
2026-06-02 16:30:07.606429 I AdManager: MobileAds.initialize scheduled — waiting for SDK + consent before loading ads
2026-06-02 16:30:07.607658 I LatinIME: ringer mode changed, zen_mode on: false
2026-06-02 16:30:07.807019 I c: loadSettings
2026-06-02 16:30:07.838844 I StickerImageManager: No sticker images on disk (empty cache confirmed)
2026-06-02 16:30:07.944516 I LatinIME: Starting input. Cursor position = 0,0
2026-06-02 16:30:07.944753 I c: loadSettings
2026-06-02 16:30:08.196930 I AdManager: Ad preload deferred: MobileAds not initialized yet
2026-06-02 16:30:08.197004 I AdManager: Ad preload deferred: MobileAds not initialized yet
2026-06-02 16:30:08.515975 I AdManager: Ad preload deferred: MobileAds not initialized yet
2026-06-02 16:30:08.516105 I AdManager: Ad preload deferred: MobileAds not initialized yet
2026-06-02 16:30:09.016254 I AdManager: Ad preload deferred: MobileAds not initialized yet
2026-06-02 16:30:09.016587 I AdManager: Ad preload deferred: MobileAds not initialized yet
2026-06-02 16:30:09.517227 I AdManager: Ad preload deferred: MobileAds not initialized yet
2026-06-02 16:30:09.517471 I AdManager: Ad preload deferred: MobileAds not initialized yet
2026-06-02 16:30:10.017871 I AdManager: Ad preload deferred: MobileAds not initialized yet
2026-06-02 16:30:10.018130 I AdManager: Ad preload deferred: MobileAds not initialized yet
2026-06-02 16:30:11.084328 I LatinIME: requestHideSelf: 0
2026-06-02 16:30:11.127455 I AdManager: Ad preload deferred: MobileAds not initialized yet
2026-06-02 16:30:11.127721 I AdManager: Ad preload deferred: MobileAds not initialized yet
2026-06-02 16:30:11.128325 I LatinIME: hideWindow
2026-06-02 16:30:11.170016 I LatinIME: onFinishInputView
2026-06-02 16:30:11.170329 I LatinIME: onWindowHidden
2026-06-02 16:30:11.209462 I AdManager: Ad preload deferred: MobileAds not initialized yet
2026-06-02 16:30:11.209599 I u: InputType.TYPE_NULL is specified
2026-06-02 16:30:11.209679 I c: loadSettings
2026-06-02 16:30:11.488589 I LatinIME: requestHideSelf: 100
2026-06-02 16:30:11.518803 I LatinIME: onFinishInput
2026-06-02 16:30:11.569502 I AdManager: Ad preload deferred: MobileAds not initialized yet
2026-06-02 16:30:11.569607 I AdManager: Ad preload deferred: MobileAds not initialized yet
2026-06-02 16:30:12.069544 I AdManager: Ad preload deferred: MobileAds not initialized yet
2026-06-02 16:30:12.069666 I AdManager: Ad preload deferred: MobileAds not initialized yet
2026-06-02 16:30:12.595938 I AdManager: Ad preload deferred: MobileAds not initialized yet
2026-06-02 16:30:12.596060 I AdManager: Ad preload deferred: MobileAds not initialized yet
2026-06-02 16:30:13.021179 I SymSpellProvider: Built runtime SymSpell for de with 79985 words
2026-06-02 16:30:13.021320 I p: Built runtime SymSpell for de with 80000 words
2026-06-02 16:30:13.080791 I AdManager: Ad preload deferred: MobileAds not initialized yet
2026-06-02 16:30:13.080884 I AdManager: Ad preload deferred: MobileAds not initialized yet
2026-06-02 16:30:14.183335 I SymSpellProvider: Built runtime SymSpell for es with 79999 words
2026-06-02 16:30:14.183450 I p: Built runtime SymSpell for es with 80000 words
2026-06-02 16:30:14.223056 I AdManager: Ad preload deferred: MobileAds not initialized yet
2026-06-02 16:30:14.223175 I AdManager: Ad preload deferred: MobileAds not initialized yet
2026-06-02 16:30:14.723088 I AdManager: Ad preload deferred: MobileAds not initialized yet
2026-06-02 16:30:14.723234 I AdManager: Ad preload deferred: MobileAds not initialized yet
2026-06-02 16:30:14.743109 I SymSpellProvider: Built runtime SymSpell for en with 79998 words
2026-06-02 16:30:14.743229 I p: Built runtime SymSpell for en with 80000 words
2026-06-02 16:30:15.262008 I c: loadSettings
2026-06-02 16:30:15.266406 I AdManager: Ad preload deferred: MobileAds not initialized yet
2026-06-02 16:30:15.266497 I AdManager: Ad preload deferred: MobileAds not initialized yet
2026-06-02 16:30:15.560924 I LatinIME: onFinishInput
2026-06-02 16:30:17.041676 I LatinIME: onFinishInput