=== VibeKey 4.5.68 (4436) ===

--------- beginning of system
07-20 11:51:07.472  7857  7857 E OplusCustomizeRestrictionManager: sInstance is null, start a new sInstance
--------- beginning of main
07-20 11:52:38.431  7857  8272 W VibeKeyProfiler: Slow Native Suggest: Total=11.71ms | Init=0.64ms | TrieExpand(x19)=11.03ms | Scoring=0.04ms | inputSize=1
07-20 11:52:38.447  7857  8272 I VkSuggestions: decode typedLen=1 candidates=18 locales=3 28,2ms
07-20 11:52:38.448  7857  8272 W VkSuggestions: slow frame 28,2ms locales=3 typedLen=1 candidates=18 parallelWait=28,1ms
07-20 11:52:38.448  7857  8272 I VkSuggestions: strip composing typedLen=1 candidates=19 autocorrect=false top=f locale=pt
07-20 11:52:38.453  7857  7857 I VkSuggestions: stripUi prediction=false children=6 [bom|f|for|of]
07-20 11:52:38.627  7857  8272 I VkSuggestions: decode typedLen=2 candidates=18 locales=3 9,7ms
07-20 11:52:38.628  7857  8272 I VkAutocorrect: offered: fa → fa
07-20 11:52:38.629  7857  8272 I VkSuggestions: strip composing typedLen=2 candidates=19 autocorrect=true top=fa locale=pt
07-20 11:52:38.634  7857  7857 I VkSuggestions: stripUi prediction=false children=6 [bom|fa|fã|fa]
07-20 11:52:38.772  7857  8272 I VkSuggestions: decode typedLen=3 candidates=18 locales=3 11,7ms
07-20 11:52:38.773  7857  8272 I VkSuggestions: strip composing typedLen=3 candidates=16 autocorrect=false top=fam locale=pt
07-20 11:52:38.780  7857  7857 I VkSuggestions: stripUi prediction=false children=6 [bom|fam|família|family]
07-20 11:52:38.957  7857  7912 I VkLocaleAssets: ✓ fr main
07-20 11:52:39.821  7857  7910 I VkLocaleAssets: ✓ fr main
07-20 11:52:40.079  7857  8272 W VibeKeyProfiler: Slow Native Suggest: Total=10.28ms | Init=0.06ms | TrieExpand(x12)=10.16ms | Scoring=0.06ms | inputSize=4
07-20 11:52:40.414  7857  7857 W c       : Suggestion generation timed out
07-20 11:52:40.414  7857  7857 W VkStall : MAIN-THREAD STALL 352ms during: >>>>> Dispatching to Handler (x9.f0) {dfbbd42} null: 2
07-20 11:52:40.464  7857  7912 I VkLocaleAssets: ✓ fr emoji
07-20 11:52:40.465  7857  7912 I VkLocaleAssets: preload predictors fr
07-20 11:52:40.465  7857  7912 I VkLocaleAssets: ✓ ready fr (fetched)
07-20 11:52:40.478  7857  7857 I VkPanels: ○ close menu
07-20 11:52:40.560  9873  9873 E libcrashpad_handler_trampoline.so: createInstance(64bit) : createExtendedFactory
07-20 11:52:40.565  9873  9873 E libcrashpad_handler_trampoline.so: createInstance(64bit) : createExtendedFactory
07-20 11:52:40.565  9873  9873 E libcrashpad_handler_trampoline.so: Opened libinputextensionsimpl.so
07-20 11:52:40.565  9873  9873 E libcrashpad_handler_trampoline.so: Opened libinputextensionsimpl.so
07-20 11:52:40.567  9873  9873 E libcrashpad_handler_trampoline.so: createInstance(64bit) : createExtendedFactory
07-20 11:52:40.568  9873  9873 E libcrashpad_handler_trampoline.so: createInstance(64bit) : createExtendedFactory
07-20 11:52:40.568  9873  9873 E libcrashpad_handler_trampoline.so: Opened libsensorextimpl.so
07-20 11:52:40.568  9873  9873 E libcrashpad_handler_trampoline.so: Opened libsensorextimpl.so
--------- beginning of crash
07-20 11:52:40.871  7857  8272 F libc    : Fatal signal 7 (SIGBUS), code 2 (BUS_ADRERR), fault addr 0x7671e99003 in tid 8272 (f), pid 7857 (ibekey.keyboard)
07-20 11:52:41.167  9876  9876 E DEBUG   : failed to read /proc/uptime: Permission denied
07-20 11:52:41.781  7857  7910 I VkLocaleAssets: ✓ fr emoji
07-20 11:52:41.782  7857  7910 I VkLocaleAssets: preload predictors fr
07-20 11:52:41.782  7857  7910 I VkLocaleAssets: ✓ ready fr (fetched)
07-20 11:52:41.789  7857  7857 I VkPanels: ○ close menu
07-20 11:52:41.858  7857  7857 I VkPanels: ○ close menu
07-20 11:52:41.865  7857  7857 I VkPanels: ▶ open menu
07-20 11:52:41.872  7857  7911 I VkLocaleAssets: ▶ batch source=menu_panel count=5 [en-AU,pt-BR,hi-IN,es-US,fr]
07-20 11:52:41.876  7857  7911 I VkLocaleAssets: preload predictors en-AU
07-20 11:52:41.876  7857  7911 I VkLocaleAssets: ○ ready en-AU (cached)
07-20 11:52:41.885  7857  7911 I VkLocaleAssets: preload predictors pt-BR
07-20 11:52:41.885  7857  7911 I VkLocaleAssets: ○ ready pt-BR (cached)
07-20 11:52:41.889  7857  7911 I VkLocaleAssets: preload predictors hi-IN
07-20 11:52:41.889  7857  7911 I VkLocaleAssets: ○ ready hi-IN (cached)
07-20 11:52:41.892  7857  7911 I VkLocaleAssets: preload predictors es-US
07-20 11:52:41.892  7857  7911 I VkLocaleAssets: ○ ready es-US (cached)
07-20 11:52:41.894  7857  7911 I VkLocaleAssets: preload predictors fr
07-20 11:52:41.894  7857  7911 I VkLocaleAssets: ○ ready fr (cached)
07-20 11:52:41.896  7857  7911 I VkLocaleAssets: ✓ batch source=menu_panel locales=5 fetched=0
07-20 11:52:41.989  9876  9876 F DEBUG   : Process name is com.vibekey.keyboard, not key_process
07-20 11:52:41.989  9876  9876 F DEBUG   : keyProcess: 0
07-20 11:52:41.989  9876  9876 F DEBUG   : *** *** *** *** *** *** *** *** *** *** *** *** *** *** *** ***
07-20 11:52:41.989  9876  9876 F DEBUG   : Build fingerprint: 'OnePlus/OnePlus7Pro/OnePlus7Pro:12/SKQ1.211113.001/P.202303230244:user/release-keys'
07-20 11:52:41.989  9876  9876 F DEBUG   : Revision: '0'
07-20 11:52:41.989  9876  9876 F DEBUG   : ABI: 'arm64'
07-20 11:52:41.989  9876  9876 F DEBUG   : Timestamp: 2026-07-20 11:52:41.166721427-0400
07-20 11:52:41.989  9876  9876 F DEBUG   : Process uptime: 0s
07-20 11:52:41.989  9876  9876 F DEBUG   : Cmdline: com.vibekey.keyboard
07-20 11:52:41.989  9876  9876 F DEBUG   : pid: 7857, tid: 8272, name: f  >>> com.vibekey.keyboard <<<
07-20 11:52:41.989  9876  9876 F DEBUG   : uid: 14342
07-20 11:52:41.989  9876  9876 F DEBUG   : signal 7 (SIGBUS), code 2 (BUS_ADRERR), fault addr 0x7671e99003
07-20 11:52:41.989  9876  9876 F DEBUG   :     x0  0000007671e98068  x1  0000000000000f9b  x2  000000000004b103  x3  b4000076644dcdc8
07-20 11:52:41.989  9876  9876 F DEBUG   :     x4  b4000076644dcdb0  x5  0000000000000000  x6  00000075be3f9b54  x7  00000075be3f9b50
07-20 11:52:41.989  9876  9876 F DEBUG   :     x8  00000075be3f9b4c  x9  000000000004b102  x10 00000075be3f9b48  x11 00000075be3f9b58
07-20 11:52:41.989  9876  9876 F DEBUG   :     x12 0000000000000020  x13 0000000000000001  x14 000000000000001f  x15 0000007671e98ff2
07-20 11:52:41.989  9876  9876 F DEBUG   :     x16 00000075fd788ab0  x17 00000075fd6e7734  x18 00000075ae658000  x19 00000075be3fbf80
07-20 11:52:41.989  9876  9876 F DEBUG   :     x20 00000075be3fbf80  x21 00000075be3f9b3c  x22 00000075be3f9b40  x23 00000075be3f9b44
07-20 11:52:41.989  9876  9876 F DEBUG   :     x24 00000075be3f9b48  x25 00000075be3f9c60  x26 00000075be3f9c94  x27 0000000000000001
07-20 11:52:41.989  9876  9876 F DEBUG   :     x28 00000075be3fa248  x29 00000075be3f9aa0
07-20 11:52:41.989  9876  9876 F DEBUG   :     lr  00000075fd6e9984  sp  00000075be3f9a90  pc  00000075fd6e77b0  pst 0000000020000000
07-20 11:52:41.989  9876  9876 F DEBUG   : backtrace:
07-20 11:52:41.989  9876  9876 F DEBUG   :       #00 pc 00000000000b67b0  /data/app/~~Vu3Z3PF0sy_7dhayDs73gQ==/com.vibekey.keyboard-oGSsSp2vfCF77JiqrcU3bw==/lib/arm64/libjni_latinime.so (latinime::PatriciaTrieReadingUtils::readPtNodeInfo(unsigned char const*, int, int, latinime::DictionaryShortcutsStructurePolicy const*, latinime::DictionaryBigramsStructurePolicy const*, int const*, unsigned char*, int*, int*, int*, int*, int*, int*, int*)+124) (BuildId: f905dbd1a904967a994cf833116e517b05caa863)
07-20 11:52:41.989  9876  9876 F DEBUG   :       #01 pc 00000000000b8980  /data/app/~~Vu3Z3PF0sy_7dhayDs73gQ==/com.vibekey.keyboard-oGSsSp2vfCF77JiqrcU3bw==/lib/arm64/libjni_latinime.so (latinime::Ver2ParticiaTrieNodeReader::fetchPtNodeParamsInBufferFromPtNodePos(int) const+140) (BuildId: f905dbd1a904967a994cf833116e517b05caa863)
07-20 11:52:41.989  9876  9876 F DEBUG   :       #02 pc 00000000000b4b74  /data/app/~~Vu3Z3PF0sy_7dhayDs73gQ==/com.vibekey.keyboard-oGSsSp2vfCF77JiqrcU3bw==/lib/arm64/libjni_latinime.so (latinime::DynamicPtReadingHelper::getTerminalPtNodePositionOfWord(int const*, unsigned long, bool)+232) (BuildId: f905dbd1a904967a994cf833116e517b05caa863)
07-20 11:52:41.989  9876  9876 F DEBUG   :       #03 pc 00000000000b7324  /data/app/~~Vu3Z3PF0sy_7dhayDs73gQ==/com.vibekey.keyboard-oGSsSp2vfCF77JiqrcU3bw==/lib/arm64/libjni_latinime.so (latinime::PatriciaTriePolicy::getWordId(latinime::IntArrayView, bool) const+184) (BuildId: f905dbd1a904967a994cf833116e517b05caa863)
07-20 11:52:41.989  9876  9876 F DEBUG   :       #04 pc 00000000000a7d54  /data/app/~~Vu3Z3PF0sy_7dhayDs73gQ==/com.vibekey.keyboard-oGSsSp2vfCF77JiqrcU3bw==/lib/arm64/libjni_latinime.so (latinime::NgramContext::getWordId(latinime::DictionaryStructureWithBufferPolicy const*, int const*, int, bool, bool)+232) (BuildId: f905dbd1a904967a994cf833116e517b05caa863)
07-20 11:52:41.989  9876  9876 F DEBUG   :       #05 pc 00000000000d337c  /data/app/~~Vu3Z3PF0sy_7dhayDs73gQ==/com.vibekey.keyboard-oGSsSp2vfCF77JiqrcU3bw==/lib/arm64/libjni_latinime.so (latinime::DicTraverseSession::init(latinime::Dictionary const*, latinime::NgramContext const*, latinime::SuggestOptions const*)+124) (BuildId: f905dbd1a904967a994cf833116e517b05caa863)
07-20 11:52:41.990  9876  9876 F DEBUG   :       #06 pc 00000000000c8bd0  /data/app/~~Vu3Z3PF0sy_7dhayDs73gQ==/com.vibekey.keyboard-oGSsSp2vfCF77JiqrcU3bw==/lib/arm64/libjni_latinime.so (latinime::Dictionary::getSuggestions(latinime::ProximityInfo*, latinime::DicTraverseSession*, int*, int*, int*, int*, int*, int, latinime::NgramContext const*, latinime::SuggestOptions const*, float, latinime::SuggestionResults*) const+104) (BuildId: f905dbd1a904967a994cf833116e517b05caa863)
07-20 11:52:41.990  9876  9876 F DEBUG   :       #07 pc 000000000009fd88  /data/app/~~Vu3Z3PF0sy_7dhayDs73gQ==/com.vibekey.keyboard-oGSsSp2vfCF77JiqrcU3bw==/lib/arm64/libjni_latinime.so (BuildId: f905dbd1a904967a994cf833116e517b05caa863)
07-20 11:52:41.990  9876  9876 F DEBUG   :       #08 pc 00000000002c23a0  /apex/com.android.art/lib64/libart.so (art_quick_generic_jni_trampoline+144) (BuildId: cecb684d19b4f44ee3cbd66142c315f4)
07-20 11:52:41.990  9876  9876 F DEBUG   :       #09 pc 00000000021c4228  /memfd:jit-cache (deleted)
07-20 11:52:43.169 10032 10032 E ibekey.keyboar: Unknown bits set in runtime_flags: 0x40000000
07-20 11:52:43.271 10032 10032 W k0      : Could not load system glide typing library jni_latinimegoogle: dlopen failed: library "libjni_latinimegoogle.so" not found
07-20 11:52:43.300 10032 10071 W FeatureFlagsImplExport: java.lang.NoClassDefFoundError: Class not found using the boot class loader; no stack trace available
07-20 11:52:43.425 10032 10032 W c       : onSharedPreferenceChanged called before loadSettings.
07-20 11:52:43.486 10032 10032 W c       : onSharedPreferenceChanged called before loadSettings.
07-20 11:52:43.503 10032 10032 W c       : onSharedPreferenceChanged called before loadSettings.
07-20 11:52:43.518 10032 10032 W u       : No editor info for this field. Bug?
07-20 11:52:43.528 10032 10032 I VkMultilingual: reset main=en-AU locales=[pt,en,fr] count=3
07-20 11:52:43.544 10032 10060 I VkLocaleAssets: ▶ startup download begin
07-20 11:52:43.547 10032 10060 I VkLocaleAssets: ▶ batch source=startup count=5 [en-AU,pt-BR,hi-IN,es-US,fr]
07-20 11:52:43.549 10032 10060 I VkLocaleAssets: preload predictors en-AU
07-20 11:52:43.549 10032 10060 I VkLocaleAssets: ○ ready en-AU (cached)
07-20 11:52:43.552 10032 10060 I VkLocaleAssets: preload predictors pt-BR
07-20 11:52:43.553 10032 10060 I VkLocaleAssets: ○ ready pt-BR (cached)
07-20 11:52:43.556 10032 10032 W ibekey.keyboar: ClassLoaderContext classpath size mismatch. expected=1, found=0 (DLC[];PCL[base.apk*4129373472]{PCL[/system/framework/org.apache.http.legacy.jar*3034548894]#PCL[/apex/com.android.extservices/javalib/android.ext.adservices.jar*4107572224]#PCL[/system/framework/com.android.location.provider.jar*3633238672]#PCL[/system/framework/com.android.media.remotedisplay.jar*3472798123]#PCL[/apex/com.android.extservices/javalib/android.ext.adservices.jar*4107572224]} | DLC[];PCL[])
07-20 11:52:43.557 10032 10060 I VkLocaleAssets: preload predictors hi-IN
07-20 11:52:43.557 10032 10060 I VkLocaleAssets: ○ ready hi-IN (cached)
07-20 11:52:43.561 10032 10060 I VkLocaleAssets: preload predictors es-US
07-20 11:52:43.561 10032 10060 I VkLocaleAssets: ○ ready es-US (cached)
07-20 11:52:43.564 10032 10032 W System  : ClassLoader referenced unknown path: 
07-20 11:52:43.565 10032 10060 I VkLocaleAssets: preload predictors fr
07-20 11:52:43.565 10032 10060 I VkLocaleAssets: ○ ready fr (cached)
07-20 11:52:43.570 10032 10060 I VkLocaleAssets: ✓ batch source=startup locales=5 fetched=0
07-20 11:52:43.570 10032 10032 W ibekey.keyboar: ClassLoaderContext classpath element checksum mismatch. expected=4129373472, found=1776528158 (DLC[];PCL[base.apk*4129373472]{PCL[/system/framework/org.apache.http.legacy.jar*3034548894]#PCL[/apex/com.android.extservices/javalib/android.ext.adservices.jar*4107572224]#PCL[/system/framework/com.android.location.provider.jar*3633238672]#PCL[/system/framework/com.android.media.remotedisplay.jar*3472798123]#PCL[/apex/com.android.extservices/javalib/android.ext.adservices.jar*4107572224]} | DLC[];PCL[/data/app/~~Vu3Z3PF0sy_7dhayDs73gQ==/com.vibekey.keyboard-oGSsSp2vfCF77JiqrcU3bw==/base.apk*1776528158]{PCL[/apex/com.android.extservices/javalib/android.ext.adservices.jar*4107572224]})
07-20 11:52:43.571 10032 10060 I VkLocaleAssets: ✓ startup done locales=5 retries=0
07-20 11:52:43.648 10032 10032 E ibekey.keyboar: ofbOpen failed with error=No such file or directory
07-20 11:52:43.648 10032 10032 E ibekey.keyboar: sysOpen failed with error=No such file or directory
07-20 11:52:43.668 10032 10113 W Ads     : Update ad debug logging enablement as false
07-20 11:52:43.688 10032 10032 E MultiApp.Impl: OplusMultiAppImpl
07-20 11:52:43.788 10032 10032 W libc    : Access denied finding property "ro.vendor.api_level"
07-20 11:52:43.793 10032 10032 W chromium: [WARNING:android_webview/browser/network_service/net_helpers.cc:137] HTTP Cache size is: 20971520
07-20 11:52:43.850 10032 10032 W VkStall : MAIN-THREAD STALL 191ms during: >>>>> Dispatching to Handler (com.google.android.gms.ads.internal.util.f) {8537cdf} com.google.android.gms.ads.internal.js.r@f124d2c: 0
07-20 11:52:43.863 10032 10186 W libc    : Access denied finding property "vendor.camera.aux.packagelist"
07-20 11:52:43.864 10032 10186 W libc    : Access denied finding property "vendor.camera.aux.packagelist"
07-20 11:52:43.865 10032 10138 W libc    : Access denied finding property "vendor.camera.aux.packagelist"
07-20 11:52:43.874 10032 10032 I VkSwipe : ○ gesture canceled
07-20 11:52:43.876 10032 10032 E OplusCustomizeRestrictionManager: sInstance is null, start a new sInstance
07-20 11:52:43.893 10032 10032 I VkEffects: reload anim=scale blur=562px glow=true stickers=true
07-20 11:52:43.967 10032 10032 I VkTyping: ▶ open restart=false pkg=com.android.launcher inputType=589825
07-20 11:52:44.012 10032 10032 I VkPanels: ○ close menu
07-20 11:52:44.053 10032 10032 W VkStall : MAIN-THREAD STALL 181ms during: >>>>> Dispatching to Handler (com.android.internal.os.HandlerCaller$MyHandler) {a551564} null: 60
07-20 11:52:44.062 10032 10166 W cr_media: BLUETOOTH_CONNECT permission is missing.
07-20 11:52:44.063 10032 10166 W cr_media: getBluetoothAdapter() requires BLUETOOTH permission
07-20 11:52:44.063 10032 10166 W cr_media: registerBluetoothIntentsIfNeeded: Requires BLUETOOTH permission
07-20 11:52:44.102 10032 10032 W View    : requestLayout() improperly called by android.widget.LinearLayout{8a06d7 V.E...... ......ID 0,1868-1440,2818 #7f0a00fc app:id/main_keyboard_frame} during layout: running second layout pass
07-20 11:52:44.201 10032 10032 I VkSuggestions: stripUi prediction=false children=1 [bom]
07-20 11:52:44.328 10032 10177 W AudioCapabilities: Unsupported mime audio/ffmpeg
07-20 11:52:44.329 10032 10177 W VideoCapabilities: Unsupported mime video/ffmpeg
07-20 11:52:44.330 10032 10177 W VideoCapabilities: Unrecognized profile/level 0/3 for video/mpeg2
07-20 11:52:44.330 10032 10177 W VideoCapabilities: Unrecognized profile/level 0/3 for video/mpeg2
07-20 11:52:44.982 10032 10032 I VkPanels: ○ close menu
07-20 11:52:44.987 10032 10032 I VkPanels: ▶ open menu
07-20 11:52:44.993 10032 10060 I VkLocaleAssets: ▶ batch source=menu_panel count=5 [en-AU,pt-BR,hi-IN,es-US,fr]
07-20 11:52:44.997 10032 10060 I VkLocaleAssets: preload predictors en-AU
07-20 11:52:44.997 10032 10060 I VkLocaleAssets: ○ ready en-AU (cached)
07-20 11:52:45.003 10032 10060 I VkLocaleAssets: preload predictors pt-BR
07-20 11:52:45.003 10032 10060 I VkLocaleAssets: ○ ready pt-BR (cached)
07-20 11:52:45.014 10032 10060 I VkLocaleAssets: preload predictors hi-IN
07-20 11:52:45.014 10032 10060 I VkLocaleAssets: ○ ready hi-IN (cached)
07-20 11:52:45.016 10032 10060 I VkLocaleAssets: preload predictors es-US
07-20 11:52:45.016 10032 10060 I VkLocaleAssets: ○ ready es-US (cached)
07-20 11:52:45.018 10032 10060 I VkLocaleAssets: preload predictors fr
07-20 11:52:45.018 10032 10060 I VkLocaleAssets: ○ ready fr (cached)
07-20 11:52:45.021 10032 10060 I VkLocaleAssets: ✓ batch source=menu_panel locales=5 fetched=0
07-20 11:52:45.212  7924  7924 W DefaultDispatch: type=1400 audit(0.0:184887): avc: denied { read } for name="/" dev="dm-0" ino=2 scontext=u:r:untrusted_app:s0:c246,c272,c512,c768 tcontext=u:object_r:rootfs:s0 tclass=dir permissive=0 app=com.vibekey.keyboard
07-20 11:52:45.212  7924  7924 W DefaultDispatch: type=1400 audit(0.0:184888): avc: denied { read } for name="/" dev="dm-0" ino=2 scontext=u:r:untrusted_app:s0:c246,c272,c512,c768 tcontext=u:object_r:rootfs:s0 tclass=dir permissive=0 app=com.vibekey.keyboard
07-20 11:52:45.212  7924  7924 W DefaultDispatch: type=1400 audit(0.0:184889): avc: denied { read } for name="/" dev="dm-0" ino=2 scontext=u:r:untrusted_app:s0:c246,c272,c512,c768 tcontext=u:object_r:rootfs:s0 tclass=dir permissive=0 app=com.vibekey.keyboard
07-20 11:52:45.212  7924  7924 W DefaultDispatch: type=1400 audit(0.0:184890): avc: denied { read } for name="/" dev="dm-0" ino=2 scontext=u:r:untrusted_app:s0:c246,c272,c512,c768 tcontext=u:object_r:rootfs:s0 tclass=dir permissive=0 app=com.vibekey.keyboard
07-20 11:52:45.212  7924  7924 W DefaultDispatch: type=1400 audit(0.0:184891): avc: denied { read } for name="/" dev="dm-0" ino=2 scontext=u:r:untrusted_app:s0:c246,c272,c512,c768 tcontext=u:object_r:rootfs:s0 tclass=dir permissive=0 app=com.vibekey.keyboard
07-20 11:52:45.683 10032 10032 I VkMultilingual: menu languages total=2
07-20 11:52:45.684 10032 10032 I VkLocaleAssets: ▶ panel background fetch count=5 [en-AU,pt-BR,hi-IN,es-US,fr]
07-20 11:52:45.688 10032 10059 I VkLocaleAssets: preload predictors en-AU
07-20 11:52:45.689 10032 10059 I VkLocaleAssets: ○ ready en-AU (cached)
07-20 11:52:45.697 10032 10059 I VkLocaleAssets: preload predictors pt-BR
07-20 11:52:45.698 10032 10059 I VkLocaleAssets: ○ ready pt-BR (cached)
07-20 11:52:45.711 10032 10059 I VkLocaleAssets: preload predictors hi-IN
07-20 11:52:45.713 10032 10059 I VkLocaleAssets: ○ ready hi-IN (cached)
07-20 11:52:45.715 10032 10059 I VkLocaleAssets: preload predictors es-US
07-20 11:52:45.715 10032 10059 I VkLocaleAssets: ○ ready es-US (cached)
07-20 11:52:45.717 10032 10059 I VkLocaleAssets: preload predictors fr
07-20 11:52:45.717 10032 10059 I VkLocaleAssets: ○ ready fr (cached)
07-20 11:52:46.106  7924  7965 I OnDeviceAssist: warm ok model=qwen2.5-0.5b-instruct-q4_0.gguf ambient=0 chars 907ms
07-20 11:52:51.508 10032 10032 W VkStall : MAIN-THREAD STALL 905ms during: >>>>> Dispatching to Handler (android.view.Choreographer$FrameHandler) {bcd744f} android.view.Choreographer$FrameDisplayEventReceiver@404c7dc: 0
07-20 11:52:53.742 10032 10032 I VkEffects: reload anim=bounce blur=0px glow=true stickers=true
07-20 11:52:53.859 10032 10032 W VkStall : MAIN-THREAD STALL 121ms during: >>>>> Dispatching to Handler (android.os.Handler) {c2fb04c} ia.q@5922568: 0
07-20 11:52:54.149 10032 10032 W VkStall : MAIN-THREAD STALL 146ms during: >>>>> Dispatching to Handler (android.os.Handler) {c2fb04c} ia.q@5922568: 0
07-20 11:52:54.419 10032 10032 W VkStall : MAIN-THREAD STALL 126ms during: >>>>> Dispatching to Handler (android.os.Handler) {c2fb04c} ia.q@5922568: 0
07-20 11:52:56.919 10032 10032 W k1      : selected subtype SettingsSubtype(locale=en_US, extraValues=SupportTouchPositionCorrection,TrySuppressingImeSwitcher) / en-US§SupportTouchPositionCorrection,TrySuppressingImeSwitcher not found
07-20 11:52:56.952 10032 10032 I VkMultilingual: menu languages total=2
07-20 11:52:56.953 10032 10032 I VkLocaleAssets: ▶ panel background fetch count=5 [en-AU,pt-BR,hi-IN,es-US,fr]
07-20 11:52:56.955 10032 10060 I VkLocaleAssets: preload predictors en-AU
07-20 11:52:56.955 10032 10060 I VkLocaleAssets: ○ ready en-AU (cached)
07-20 11:52:56.957 10032 10060 I VkLocaleAssets: preload predictors pt-BR
07-20 11:52:56.957 10032 10060 I VkLocaleAssets: ○ ready pt-BR (cached)
07-20 11:52:56.958 10032 10060 I VkLocaleAssets: preload predictors hi-IN
07-20 11:52:56.959 10032 10060 I VkLocaleAssets: ○ ready hi-IN (cached)
07-20 11:52:56.960 10032 10060 I VkLocaleAssets: preload predictors es-US
07-20 11:52:56.960 10032 10060 I VkLocaleAssets: ○ ready es-US (cached)
07-20 11:52:56.963 10032 10060 I VkLocaleAssets: preload predictors fr
07-20 11:52:56.963 10032 10060 I VkLocaleAssets: ○ ready fr (cached)
07-20 11:52:56.979 10032 10032 W k1      : selected subtype SettingsSubtype(locale=en_US, extraValues=SupportTouchPositionCorrection,TrySuppressingImeSwitcher) / en-US§SupportTouchPositionCorrection,TrySuppressingImeSwitcher not found
07-20 11:52:56.981 10032 10032 W k1      : selected subtype SettingsSubtype(locale=en_US, extraValues=SupportTouchPositionCorrection,TrySuppressingImeSwitcher) / en-US§SupportTouchPositionCorrection,TrySuppressingImeSwitcher not found
07-20 11:52:56.983 10032 10032 I VkMultilingual: reset main=en-US locales=[en,fr,en] count=3
07-20 11:52:57.107 10032 10082 I VkNgram : merge locale=en prev= preds=8 contextual=0 assets=true
07-20 11:52:57.111 10032 10082 I VkSuggestions: strip prediction typedLen=0 candidates=3 autocorrect=false top=the locale=en
07-20 11:52:58.320 10032 10032 W k1      : selected subtype SettingsSubtype(locale=en_US, extraValues=SupportTouchPositionCorrection,TrySuppressingImeSwitcher) / en-US§SupportTouchPositionCorrection,TrySuppressingImeSwitcher not found
07-20 11:52:58.326 10032 10032 W k1      : selected subtype SettingsSubtype(locale=pt_BR, extraValues=) / pt-BR§ not found
07-20 11:52:58.337 10032 10032 I VkMultilingual: menu languages total=2
07-20 11:52:58.337 10032 10032 I VkLocaleAssets: ▶ panel background fetch count=5 [en-AU,pt-BR,hi-IN,es-US,fr]
07-20 11:52:58.342 10032 10060 I VkLocaleAssets: preload predictors en-AU
07-20 11:52:58.342 10032 10060 I VkLocaleAssets: ○ ready en-AU (cached)
07-20 11:52:58.344 10032 10060 I VkLocaleAssets: preload predictors pt-BR
07-20 11:52:58.344 10032 10060 I VkLocaleAssets: ○ ready pt-BR (cached)
07-20 11:52:58.346 10032 10060 I VkLocaleAssets: preload predictors hi-IN
07-20 11:52:58.346 10032 10060 I VkLocaleAssets: ○ ready hi-IN (cached)
07-20 11:52:58.349 10032 10060 I VkLocaleAssets: preload predictors es-US
07-20 11:52:58.349 10032 10060 I VkLocaleAssets: ○ ready es-US (cached)
07-20 11:52:58.351 10032 10060 I VkLocaleAssets: preload predictors fr
07-20 11:52:58.351 10032 10060 I VkLocaleAssets: ○ ready fr (cached)
07-20 11:52:58.356 10032 10032 W k1      : selected subtype SettingsSubtype(locale=pt_BR, extraValues=) / pt-BR§ not found
07-20 11:52:58.359 10032 10032 W k1      : selected subtype SettingsSubtype(locale=pt_BR, extraValues=) / pt-BR§ not found
07-20 11:52:58.361 10032 10032 I VkMultilingual: reset main=pt-BR locales=[pt,en,fr] count=3
07-20 11:52:58.480 10032 10082 I VkNgram : merge locale=pt prev= preds=8 contextual=0 assets=true
07-20 11:52:58.482 10032 10082 I VkSuggestions: strip prediction typedLen=0 candidates=3 autocorrect=false top=o locale=pt
07-20 11:53:01.420 10032 10032 I VkPanels: ○ close menu
07-20 11:53:02.301 10032 10356 E FilePhenotypeFlags: Config package com.google.android.gms.clearcut_client#com.vibekey.keyboard cannot use FILE backing without declarative registration. See go/phenotype-android-integration#phenotype for more information. This will lead to stale flags.
07-20 11:53:02.304 10032 10356 E FilePhenotypeFlags: Config package com.google.android.gms.clearcut_client#com.vibekey.keyboard cannot use FILE backing without declarative registration. See go/phenotype-android-integration#phenotype for more information. This will lead to stale flags.
07-20 11:53:02.374 10032 10356 E FilePhenotypeFlags: Config package com.google.android.gms.clearcut_client#com.vibekey.keyboard cannot use FILE backing without declarative registration. See go/phenotype-android-integration#phenotype for more information. This will lead to stale flags.
07-20 11:53:02.374 10032 10356 E FilePhenotypeFlags: Config package com.google.android.gms.clearcut_client#com.vibekey.keyboard cannot use FILE backing without declarative registration. See go/phenotype-android-integration#phenotype for more information. This will lead to stale flags.
07-20 11:53:02.736 10032 10082 W VibeKeyProfiler: Slow Native Suggest: Total=10.86ms | Init=0.03ms | TrieExpand(x14)=10.76ms | Scoring=0.07ms | inputSize=1
07-20 11:53:02.750 10032 10082 W VibeKeyProfiler: Slow Native Suggest: Total=12.67ms | Init=0.03ms | TrieExpand(x18)=12.60ms | Scoring=0.05ms | inputSize=1
07-20 11:53:02.770 10032 10082 I VkSuggestions: decode typedLen=1 candidates=18 locales=3 44,8ms
07-20 11:53:02.770 10032 10082 W VkSuggestions: slow frame 44,8ms locales=3 typedLen=1 candidates=18 parallelWait=44,5ms
07-20 11:53:02.773 10032 10082 I VkSuggestions: strip composing typedLen=1 candidates=16 autocorrect=false top=b locale=pt
07-20 11:53:02.782 10032 10032 I VkSuggestions: stripUi prediction=false children=6 [bom|b|🅱️|by]
07-20 11:53:03.015 10032 10082 I VkSuggestions: decode typedLen=2 candidates=18 locales=3 16,7ms
07-20 11:53:03.015 10032 10082 W VkSuggestions: slow frame 16,7ms locales=3 typedLen=2 candidates=18 parallelWait=16,5ms
07-20 11:53:03.018 10032 10082 I VkSuggestions: strip composing typedLen=2 candidates=17 autocorrect=false top=bo locale=pt
07-20 11:53:03.022 10032 10032 I VkSuggestions: stripUi prediction=false children=6 [bom|bo|🇧🇴|no]
07-20 11:53:03.210 10032 10082 W VibeKeyProfiler: Slow Native Suggest: Total=14.47ms | Init=0.13ms | TrieExpand(x18)=14.31ms | Scoring=0.03ms | inputSize=3
07-20 11:53:03.227 10032 10082 I VkSuggestions: decode typedLen=3 candidates=18 locales=3 38,2ms
07-20 11:53:03.228 10032 10082 W VkSuggestions: slow frame 38,2ms locales=3 typedLen=3 candidates=18 parallelWait=37,9ms
07-20 11:53:03.231 10032 10082 I VkSuggestions: strip composing typedLen=3 candidates=16 autocorrect=false top=bom locale=pt
07-20 11:53:03.236 10032 10032 I VkSuggestions: stripUi prediction=false children=6 [bom|bom|👏|🦸]
07-20 11:53:04.123 10032 10032 I VkAutocorrect: kept (typing): bom
07-20 11:53:04.230 10032 10082 I VkNgram : contextual locale=pt prev=bom → dia, trabalho, noite
07-20 11:53:04.231 10032 10082 I VkNgram : merge locale=pt prev=bom preds=8 contextual=5 assets=true
07-20 11:53:04.233 10032 10082 I VkSuggestions: strip prediction typedLen=0 candidates=3 autocorrect=false top=trabalho locale=pt
07-20 11:53:04.245 10032 10032 I VkSuggestions: stripUi prediction=true children=5 [momento|trabalho|desempenho]
07-20 11:53:05.224 10032 10082 W VibeKeyProfiler: Slow Native Suggest: Total=12.82ms | Init=0.24ms | TrieExpand(x17)=12.53ms | Scoring=0.05ms | inputSize=1
07-20 11:53:05.234 10032 10082 W VibeKeyProfiler: Slow Native Suggest: Total=8.31ms | Init=0.37ms | TrieExpand(x15)=7.91ms | Scoring=0.02ms | inputSize=1
07-20 11:53:05.255 10032 10082 I VkSuggestions: decode typedLen=1 candidates=18 locales=3 43,7ms
07-20 11:53:05.255 10032 10082 W VkSuggestions: slow frame 43,7ms locales=3 typedLen=1 candidates=18 parallelWait=43,5ms
07-20 11:53:05.259 10032 10082 I VkSuggestions: strip composing typedLen=1 candidates=18 autocorrect=false top=d locale=pt
07-20 11:53:05.264 10032 10032 I VkSuggestions: stripUi prediction=false children=6 [bom|d|e|do]
07-20 11:53:06.441 10032 10082 I VkSuggestions: decode typedLen=2 candidates=18 locales=3 19,1ms
07-20 11:53:06.441 10032 10082 W VkSuggestions: slow frame 19,1ms locales=3 typedLen=2 candidates=18 parallelWait=18,9ms
07-20 11:53:06.444 10032 10082 I VkAutocorrect: offered: di → di
07-20 11:53:06.444 10032 10082 I VkSuggestions: strip composing typedLen=2 candidates=17 autocorrect=true top=di locale=pt
07-20 11:53:06.449 10032 10032 I VkSuggestions: stripUi prediction=false children=6 [bom|di|do|dia]
07-20 11:53:06.577 10032 10082 I VkSuggestions: decode typedLen=3 candidates=18 locales=3 20,3ms
07-20 11:53:06.578 10032 10082 W VkSuggestions: slow frame 20,3ms locales=3 typedLen=3 candidates=18 parallelWait=20,0ms
07-20 11:53:06.580 10032 10082 I VkSuggestions: strip composing typedLen=3 candidates=17 autocorrect=false top=dia locale=pt
07-20 11:53:06.586 10032 10032 I VkSuggestions: stripUi prediction=false children=6 [bom|dia|diá|🌹]
07-20 11:53:06.672 10032 10032 I VkAutocorrect: kept (typing): dia
07-20 11:53:06.775 10032 10082 I VkNgram : contextual locale=pt prev=dia → que, de, todo
07-20 11:53:06.776 10032 10082 I VkNgram : merge locale=pt prev=dia preds=8 contextual=5 assets=true
07-20 11:53:06.778 10032 10082 I VkSuggestions: strip prediction typedLen=0 candidates=3 autocorrect=false top=de locale=pt
07-20 11:53:06.793 10032 10032 I VkSuggestions: stripUi prediction=true children=5 [que|de|a]
07-20 11:53:08.033 10032 10082 I VkSuggestions: decode typedLen=1 candidates=18 locales=3 21,3ms
07-20 11:53:08.033 10032 10082 W VkSuggestions: slow frame 21,3ms locales=3 typedLen=1 candidates=18 parallelWait=21,1ms
07-20 11:53:08.034 10032 10082 I VkSuggestions: strip composing typedLen=1 candidates=16 autocorrect=false top=t locale=pt
07-20 11:53:08.039 10032 10032 I VkSuggestions: stripUi prediction=false children=6 [bom|t|🦖|👕]
07-20 11:53:08.257 10032 10082 I VkSuggestions: decode typedLen=3 candidates=18 locales=3 14,4ms
07-20 11:53:08.259 10032 10082 I VkSuggestions: strip composing typedLen=3 candidates=17 autocorrect=false top=tod locale=pt
07-20 11:53:08.264 10032 10032 I VkSuggestions: stripUi prediction=false children=6 [bom|tod|todo|todos]
07-20 11:53:08.397 10032 10082 I VkSuggestions: decode typedLen=4 candidates=18 locales=3 20,3ms
07-20 11:53:08.397 10032 10082 W VkSuggestions: slow frame 20,3ms locales=3 typedLen=4 candidates=18 parallelWait=20,1ms
07-20 11:53:08.400 10032 10082 I VkSuggestions: strip composing typedLen=4 candidates=16 autocorrect=false top=todo locale=pt
07-20 11:53:08.407 10032 10032 I VkSuggestions: stripUi prediction=false children=6 [bom|todo|☑️|todos]
07-20 11:53:08.722 10032 10032 W k1      : selected subtype SettingsSubtype(locale=pt_BR, extraValues=) / pt-BR§ not found
07-20 11:53:08.724 10032 10032 I VkEffects: reload anim=scale blur=0px glow=false stickers=true
07-20 11:53:08.833 10032 10032 W k1      : selected subtype SettingsSubtype(locale=pt_BR, extraValues=) / pt-BR§ not found
07-20 11:53:08.840 10032 10032 W VkStall : MAIN-THREAD STALL 121ms during: >>>>> Dispatching to Handler (android.os.Handler) {c2fb04c} ia.q@5922568: 0
07-20 11:53:08.983 10032 10032 W k1      : selected subtype SettingsSubtype(locale=pt_BR, extraValues=) / pt-BR§ not found
07-20 11:53:09.096 10032 10032 W k1      : selected subtype SettingsSubtype(locale=pt_BR, extraValues=) / pt-BR§ not found
07-20 11:53:09.103 10032 10032 W VkStall : MAIN-THREAD STALL 121ms during: >>>>> Dispatching to Handler (android.os.Handler) {c2fb04c} ia.q@5922568: 0
07-20 11:53:09.105 10032 10032 I VkAutocorrect: kept (typing): todo
07-20 11:53:09.206 10032 10082 I VkNgram : contextual locale=pt prev=todo → dia, mundo, bem
07-20 11:53:09.207 10032 10082 I VkNgram : merge locale=pt prev=todo preds=8 contextual=5 assets=true
07-20 11:53:09.209 10032 10082 I VkSuggestions: strip prediction typedLen=0 candidates=3 autocorrect=false top=mundo locale=pt
07-20 11:53:09.218 10032 10032 I VkSuggestions: stripUi prediction=true children=5 [o|mundo|bem]
07-20 11:53:09.258 10032 10032 W k1      : selected subtype SettingsSubtype(locale=pt_BR, extraValues=) / pt-BR§ not found
07-20 11:53:09.379 10032 10032 W k1      : selected subtype SettingsSubtype(locale=pt_BR, extraValues=) / pt-BR§ not found
07-20 11:53:09.386 10032 10032 W VkStall : MAIN-THREAD STALL 133ms during: >>>>> Dispatching to Handler (android.os.Handler) {c2fb04c} ia.q@5922568: 0
07-20 11:53:09.528 10032 10032 W k1      : selected subtype SettingsSubtype(locale=pt_BR, extraValues=) / pt-BR§ not found
07-20 11:53:09.971 10032 10082 W VibeKeyProfiler: Slow Native Suggest: Total=8.60ms | Init=0.54ms | TrieExpand(x14)=8.04ms | Scoring=0.02ms | inputSize=1
07-20 11:53:09.991 10032 10082 I VkSuggestions: decode typedLen=1 candidates=18 locales=3 28,7ms
07-20 11:53:09.992 10032 10082 W VkSuggestions: slow frame 28,7ms locales=3 typedLen=1 candidates=18 parallelWait=28,5ms
07-20 11:53:09.993 10032 10082 I VkSuggestions: strip composing typedLen=1 candidates=16 autocorrect=false top=b locale=pt
07-20 11:53:09.998 10032 10032 I VkSuggestions: stripUi prediction=false children=6 [bom|b|🅱️|bem]
07-20 11:53:10.179 10032 10082 W VibeKeyProfiler: Slow Native Suggest: Total=8.44ms | Init=0.29ms | TrieExpand(x15)=8.09ms | Scoring=0.04ms | inputSize=2
07-20 11:53:10.195 10032 10082 I VkSuggestions: decode typedLen=2 candidates=18 locales=3 25,1ms
07-20 11:53:10.196 10032 10082 W VkSuggestions: slow frame 25,1ms locales=3 typedLen=2 candidates=18 parallelWait=24,9ms
07-20 11:53:10.197 10032 10082 I VkSuggestions: strip composing typedLen=2 candidates=16 autocorrect=false top=bo locale=pt
07-20 11:53:10.202 10032 10032 I VkSuggestions: stripUi prediction=false children=6 [bom|bo|🇧🇴|no]
07-20 11:53:10.408 10032 10082 W VibeKeyProfiler: Slow Native Suggest: Total=12.15ms | Init=0.21ms | TrieExpand(x18)=11.89ms | Scoring=0.05ms | inputSize=3
07-20 11:53:10.424 10032 10082 I VkSuggestions: decode typedLen=3 candidates=18 locales=3 36,0ms
07-20 11:53:10.424 10032 10082 W VkSuggestions: slow frame 36,0ms locales=3 typedLen=3 candidates=18 parallelWait=35,7ms
07-20 11:53:10.427 10032 10082 I VkSuggestions: strip composing typedLen=3 candidates=15 autocorrect=false top=bom locale=pt
07-20 11:53:10.434 10032 10032 I VkSuggestions: stripUi prediction=false children=6 [bom|bom|👏|🦸]
07-20 11:53:10.787 10032 10032 I VkAutocorrect: kept (typing): bom
07-20 11:53:10.890 10032 10082 I VkSuggestions: decode typedLen=0 candidates=1 locales=3 0,5ms
07-20 11:53:10.892 10032 10082 I VkNgram : contextual locale=pt prev=bom → dia, trabalho, noite
07-20 11:53:10.893 10032 10082 I VkNgram : merge locale=pt prev=bom preds=8 contextual=5 assets=true
07-20 11:53:10.895 10032 10082 I VkSuggestions: strip prediction typedLen=0 candidates=3 autocorrect=false top=desempenho locale=pt
07-20 11:53:10.905 10032 10032 I VkSuggestions: stripUi prediction=true children=5 [trabalho|desempenho|momento]
07-20 11:53:11.630 10032 10082 W VibeKeyProfiler: Slow Native Suggest: Total=12.57ms | Init=1.36ms | TrieExpand(x15)=11.18ms | Scoring=0.04ms | inputSize=1
07-20 11:53:11.644 10032 10082 W VibeKeyProfiler: Slow Native Suggest: Total=12.87ms | Init=0.35ms | TrieExpand(x18)=12.48ms | Scoring=0.04ms | inputSize=1
07-20 11:53:11.653 10032 10082 W VibeKeyProfiler: Slow Native Suggest: Total=8.64ms | Init=0.27ms | TrieExpand(x14)=8.34ms | Scoring=0.03ms | inputSize=1
07-20 11:53:11.667 10032 10082 I VkSuggestions: decode typedLen=1 candidates=18 locales=3 49,1ms
07-20 11:53:11.667 10032 10082 W VkSuggestions: slow frame 49,1ms locales=3 typedLen=1 candidates=18 parallelWait=48,8ms
07-20 11:53:11.668 10032 10082 I VkSuggestions: strip composing typedLen=1 candidates=16 autocorrect=false top=v locale=pt
07-20 11:53:11.675 10032 10032 I VkSuggestions: stripUi prediction=false children=6 [bom|v|✌️|vez]
07-20 11:53:11.871 10032 10082 I VkSuggestions: decode typedLen=2 candidates=18 locales=3 13,5ms
07-20 11:53:11.873 10032 10082 I VkAutocorrect: offered: vo → vo
07-20 11:53:11.873 10032 10082 I VkSuggestions: strip composing typedLen=2 candidates=18 autocorrect=true top=vo locale=pt
07-20 11:53:11.878 10032 10032 I VkSuggestions: stripUi prediction=false children=6 [bom|vo|vó|vô]
07-20 11:53:12.021 10032 10082 W VibeKeyProfiler: Slow Native Suggest: Total=10.66ms | Init=0.14ms | TrieExpand(x14)=10.46ms | Scoring=0.06ms | inputSize=3
07-20 11:53:12.030 10032 10082 W VibeKeyProfiler: Slow Native Suggest: Total=8.50ms | Init=0.08ms | TrieExpand(x13)=8.37ms | Scoring=0.04ms | inputSize=3
07-20 11:53:12.038 10032 10082 I VkSuggestions: decode typedLen=3 candidates=18 locales=3 36,2ms
07-20 11:53:12.039 10032 10082 W VkSuggestions: slow frame 36,2ms locales=3 typedLen=3 candidates=18 parallelWait=35,9ms
07-20 11:53:12.042 10032 10082 I VkSuggestions: strip composing typedLen=3 candidates=14 autocorrect=false top=vox locale=pt
07-20 11:53:12.067 10032 10032 I VkSuggestions: stripUi prediction=false children=6 [bom|vox|box|voix]
07-20 11:53:13.045 10032 10082 W VibeKeyProfiler: Slow Native Suggest: Total=11.08ms | Init=0.17ms | TrieExpand(x12)=10.87ms | Scoring=0.04ms | inputSize=4
07-20 11:53:13.062 10032 10082 I VkSuggestions: decode typedLen=4 candidates=18 locales=3 34,6ms
07-20 11:53:13.063 10032 10082 W VkSuggestions: slow frame 34,6ms locales=3 typedLen=4 candidates=18 parallelWait=34,4ms
07-20 11:53:13.065 10032 10082 I VkAutocorrect: offered: voxe → voxe
07-20 11:53:13.065 10032 10082 I VkSuggestions: strip composing typedLen=4 candidates=14 autocorrect=true top=voxe locale=pt
07-20 11:53:13.078 10032 10032 I VkSuggestions: stripUi prediction=false children=6 [bom|voxe|você|vice]
07-20 11:53:14.064 10032 10032 I VkAutocorrect: picked: você
07-20 11:53:14.173 10032 10082 I VkNgram : contextual locale=pt prev=você → é, tem, vai
07-20 11:53:14.174 10032 10082 I VkNgram : merge locale=pt prev=você preds=8 contextual=5 assets=true
07-20 11:53:14.176 10032 10082 I VkSuggestions: strip prediction typedLen=0 candidates=3 autocorrect=false top=pode locale=pt
07-20 11:53:14.192 10032 10032 I VkSuggestions: stripUi prediction=true children=5 [não|pode|tem]
07-20 11:53:15.003 10032 10082 W VibeKeyProfiler: Slow Native Suggest: Total=12.60ms | Init=0.79ms | TrieExpand(x19)=11.76ms | Scoring=0.04ms | inputSize=1
07-20 11:53:15.012 10032 10082 W VibeKeyProfiler: Slow Native Suggest: Total=8.52ms | Init=0.58ms | TrieExpand(x17)=7.91ms | Scoring=0.03ms | inputSize=1
07-20 11:53:15.029 10032 10082 I VkSuggestions: decode typedLen=1 candidates=18 locales=3 38,9ms
07-20 11:53:15.029 10032 10082 W VkSuggestions: slow frame 38,9ms locales=3 typedLen=1 candidates=18 parallelWait=38,8ms
07-20 11:53:15.031 10032 10082 I VkSuggestions: strip composing typedLen=1 candidates=18 autocorrect=false top=f locale=pt
07-20 11:53:15.036 10032 10032 I VkSuggestions: stripUi prediction=false children=6 [bom|f|foi|from]
07-20 11:53:15.179 10032 10082 I VkSuggestions: decode typedLen=2 candidates=18 locales=3 15,9ms
07-20 11:53:15.182 10032 10082 I VkAutocorrect: offered: fa → fa
07-20 11:53:15.182 10032 10082 I VkSuggestions: strip composing typedLen=2 candidates=18 autocorrect=true top=fa locale=pt
07-20 11:53:15.187 10032 10032 I VkSuggestions: stripUi prediction=false children=6 [bom|fa|fã|fa]
07-20 11:53:15.364 10032 10082 I VkSuggestions: decode typedLen=3 candidates=18 locales=3 22,5ms
07-20 11:53:15.365 10032 10082 W VkSuggestions: slow frame 22,5ms locales=3 typedLen=3 candidates=18 parallelWait=22,3ms
07-20 11:53:15.367 10032 10082 I VkSuggestions: strip composing typedLen=3 candidates=16 autocorrect=false top=fam locale=pt
07-20 11:53:15.376 10032 10032 I VkSuggestions: stripUi prediction=false children=6 [bom|fam|família|famoso]
07-20 11:53:18.997 10032 10082 I VkSuggestions: decode typedLen=4 candidates=18 locales=3 15,8ms
07-20 11:53:18.998 10032 10082 I VkAutocorrect: offered: fami → fami
07-20 11:53:18.999 10032 10082 I VkSuggestions: strip composing typedLen=4 candidates=19 autocorrect=true top=fami locale=pt
07-20 11:53:19.023 10032 10032 I VkSuggestions: stripUi prediction=false children=6 [bom|fami|família|family]
07-20 11:53:20.787 10032 10032 I VkAutocorrect: picked: família
07-20 11:53:20.894 10032 10082 I VkNgram : contextual locale=pt prev=família → é, e, de
07-20 11:53:20.895 10032 10082 I VkNgram : merge locale=pt prev=família preds=8 contextual=5 assets=true
07-20 11:53:20.897 10032 10082 I VkSuggestions: strip prediction typedLen=0 candidates=3 autocorrect=false top=e locale=pt
07-20 11:53:20.905 10032 10032 I VkSuggestions: stripUi prediction=true children=5 [de|e|do]
07-20 11:53:22.555 10032 10032 I VkPanels: ○ close menu
07-20 11:53:22.561 10032 10032 I VkPanels: ▶ open menu
07-20 11:53:22.565 10032 10060 I VkLocaleAssets: ▶ batch source=menu_panel count=5 [en-AU,pt-BR,hi-IN,es-US,fr]
07-20 11:53:22.567 10032 10060 I VkLocaleAssets: preload predictors en-AU
07-20 11:53:22.567 10032 10060 I VkLocaleAssets: ○ ready en-AU (cached)
07-20 11:53:22.569 10032 10060 I VkLocaleAssets: preload predictors pt-BR
07-20 11:53:22.569 10032 10060 I VkLocaleAssets: ○ ready pt-BR (cached)
07-20 11:53:22.570 10032 10060 I VkLocaleAssets: preload predictors hi-IN
07-20 11:53:22.571 10032 10060 I VkLocaleAssets: ○ ready hi-IN (cached)
07-20 11:53:22.572 10032 10060 I VkLocaleAssets: preload predictors es-US
07-20 11:53:22.572 10032 10060 I VkLocaleAssets: ○ ready es-US (cached)
07-20 11:53:22.574 10032 10060 I VkLocaleAssets: preload predictors fr
07-20 11:53:22.574 10032 10060 I VkLocaleAssets: ○ ready fr (cached)
07-20 11:53:22.576 10032 10060 W k1      : selected subtype SettingsSubtype(locale=pt_BR, extraValues=) / pt-BR§ not found
07-20 11:53:22.577 10032 10060 I VkLocaleAssets: ✓ batch source=menu_panel locales=5 fetched=0
07-20 11:53:23.505 10032 10032 I VkMultilingual: menu languages total=2
07-20 11:53:23.505 10032 10032 I VkLocaleAssets: ▶ panel background fetch count=5 [en-AU,pt-BR,hi-IN,es-US,fr]
07-20 11:53:23.507 10032 10059 I VkLocaleAssets: preload predictors en-AU
07-20 11:53:23.508 10032 10059 I VkLocaleAssets: ○ ready en-AU (cached)
07-20 11:53:23.509 10032 10059 I VkLocaleAssets: preload predictors pt-BR
07-20 11:53:23.509 10032 10059 I VkLocaleAssets: ○ ready pt-BR (cached)
07-20 11:53:23.512 10032 10059 I VkLocaleAssets: preload predictors hi-IN
07-20 11:53:23.512 10032 10059 I VkLocaleAssets: ○ ready hi-IN (cached)
07-20 11:53:23.514 10032 10059 I VkLocaleAssets: preload predictors es-US
07-20 11:53:23.514 10032 10059 I VkLocaleAssets: ○ ready es-US (cached)
07-20 11:53:23.516 10032 10059 I VkLocaleAssets: preload predictors fr
07-20 11:53:23.516 10032 10059 I VkLocaleAssets: ○ ready fr (cached)
07-20 11:53:25.011 10032 10032 I VkPanels: ○ close menu
07-20 11:53:25.670 10032 10032 I VkPanels: ○ close menu
07-20 11:53:25.676 10032 10032 I VkPanels: ▶ open menu
07-20 11:53:25.679 10032 10059 I VkLocaleAssets: ▶ batch source=menu_panel count=5 [en-AU,pt-BR,hi-IN,es-US,fr]
07-20 11:53:25.681 10032 10059 I VkLocaleAssets: preload predictors en-AU
07-20 11:53:25.681 10032 10059 I VkLocaleAssets: ○ ready en-AU (cached)
07-20 11:53:25.683 10032 10059 I VkLocaleAssets: preload predictors pt-BR
07-20 11:53:25.683 10032 10059 I VkLocaleAssets: ○ ready pt-BR (cached)
07-20 11:53:25.684 10032 10059 I VkLocaleAssets: preload predictors hi-IN
07-20 11:53:25.685 10032 10059 I VkLocaleAssets: ○ ready hi-IN (cached)
07-20 11:53:25.686 10032 10059 I VkLocaleAssets: preload predictors es-US
07-20 11:53:25.686 10032 10059 I VkLocaleAssets: ○ ready es-US (cached)
07-20 11:53:25.688 10032 10059 I VkLocaleAssets: preload predictors fr
07-20 11:53:25.688 10032 10059 I VkLocaleAssets: ○ ready fr (cached)
07-20 11:53:25.689 10032 10059 W k1      : selected subtype SettingsSubtype(locale=pt_BR, extraValues=) / pt-BR§ not found
07-20 11:53:25.690 10032 10059 I VkLocaleAssets: ✓ batch source=menu_panel locales=5 fetched=0
07-20 11:53:26.535 10032 10032 I VkPanels: ○ close menu
07-20 11:53:26.710 10032 10032 W k1      : selected subtype SettingsSubtype(locale=pt_BR, extraValues=) / pt-BR§ not found
07-20 11:53:26.753 10032 10032 I VkTyping: ○ hidden
07-20 11:53:26.798 10032 10032 W Settings: Setting transition_animation_scale has moved from android.provider.Settings.System to android.provider.Settings.Global, returning read-only value.
07-20 11:53:26.985 10032 10032 W VkStall : MAIN-THREAD STALL 229ms (imeHideInProgress) during: >>>>> Dispatching to Handler (android.view.Choreographer$FrameHandler) {bcd744f} android.view.Choreographer$FrameDisplayEventReceiver@404c7dc: 0
07-20 11:53:29.932 10032 10032 W k1      : selected subtype SettingsSubtype(locale=pt_BR, extraValues=) / pt-BR§ not found
07-20 11:53:30.089 10032 10032 W k1      : selected subtype SettingsSubtype(locale=pt_BR, extraValues=) / pt-BR§ not found
07-20 11:53:30.097 10032 10032 W VkStall : MAIN-THREAD STALL 168ms (imeHideInProgress) during: >>>>> Dispatching to Handler (android.os.Handler) {c2fb04c} ia.q@5922568: 0
07-20 11:53:30.249 10032 10032 W k1      : selected subtype SettingsSubtype(locale=pt_BR, extraValues=) / pt-BR§ not found
07-20 11:53:30.389 10032 10032 W k1      : selected subtype SettingsSubtype(locale=pt_BR, extraValues=) / pt-BR§ not found
07-20 11:53:30.396 10032 10032 W VkStall : MAIN-THREAD STALL 153ms (imeHideInProgress) during: >>>>> Dispatching to Handler (android.os.Handler) {c2fb04c} ia.q@5922568: 0
07-20 11:53:30.566 10032 10134 E BLASTBufferQueue: BLASTBufferItemConsumer::onDisconnect()
07-20 11:53:30.586 10032 10032 W k1      : selected subtype SettingsSubtype(locale=pt_BR, extraValues=) / pt-BR§ not found
07-20 11:53:31.056 10032 10032 W k1      : selected subtype SettingsSubtype(locale=pt_BR, extraValues=) / pt-BR§ not found
07-20 11:53:31.090 10032 10032 W VkStall : MAIN-THREAD STALL 512ms (imeHideInProgress) during: >>>>> Dispatching to Handler (android.os.Handler) {c2fb04c} ia.q@5922568: 0
07-20 11:53:31.245 10032 10032 W k1      : selected subtype SettingsSubtype(locale=pt_BR, extraValues=) / pt-BR§ not found

... (1 onSharedPreferenceChanged-before-loadSettings warnings omitted)
... (1 VkEffects reload lines omitted)

=== Feature activity (persisted across restarts) ===
2026-07-20 11:49:38.583673 I VkFavorites: save card Bitcoin Vibe activate=false
2026-07-20 11:49:38.660801 I VkFavorites: save card Doge Meme activate=false
2026-07-20 11:49:38.727302 I VkFavorites: save card Ethereum Vibes activate=false
2026-07-20 11:49:38.780230 I VkFavorites: save card India Popular City activate=false
2026-07-20 11:49:38.862253 I VkFavorites: save card Miami Beach Crypto activate=false
2026-07-20 11:49:38.933683 I VkFavorites: save card Nike Sneakers Crypto activate=false
2026-07-20 11:49:38.983828 I VkFavorites: save card Pepe Meme Frog activate=false
2026-07-20 11:49:39.040819 I VkFavorites: save card Times Square NFT activate=false
2026-07-20 11:49:39.109266 I VkMultilingual: reset main=pt-BR locales=[pt] count=1
2026-07-20 11:49:39.169713 I VkLocaleAssets: ▶ startup download begin
2026-07-20 11:49:39.176317 I VkLocaleAssets: ▶ batch source=startup count=4 [pt-BR,en-US,hi-IN,es-US]
2026-07-20 11:49:39.180126 I VkLocaleAssets: ▶ fetch pt-BR main=true emoji=true bigram=true
2026-07-20 11:49:40.221950 I VkNgram: registered lang=pt source=gcs
2026-07-20 11:49:40.222734 I VkLocaleAssets: ✓ pt-BR bigram
2026-07-20 11:49:41.555641 I VkLocaleAssets: ✓ pt-BR main
2026-07-20 11:49:42.794175 I VkLocaleAssets: ✓ pt-BR emoji
2026-07-20 11:49:42.794717 I VkLocaleAssets: preload predictors pt-BR
2026-07-20 11:49:42.795606 I VkLocaleAssets: ✓ ready pt-BR (fetched)
2026-07-20 11:49:42.807528 I VkLocaleAssets: ▶ fetch en-US main=false emoji=true bigram=true
2026-07-20 11:49:43.197756 I VkNgram: registered lang=en source=gcs
2026-07-20 11:49:43.198274 I VkLocaleAssets: ✓ en-US bigram
2026-07-20 11:49:44.454500 I VkLocaleAssets: ✓ en-US emoji
2026-07-20 11:49:44.455018 I VkLocaleAssets: preload predictors en-US
2026-07-20 11:49:44.455841 I VkLocaleAssets: ✓ ready en-US (fetched)
2026-07-20 11:49:44.461282 I VkLocaleAssets: ▶ fetch hi-IN main=true emoji=true bigram=true
2026-07-20 11:49:44.853278 I VkNgram: registered lang=hi source=gcs
2026-07-20 11:49:44.853667 I VkLocaleAssets: ✓ hi-IN bigram
2026-07-20 11:49:46.058814 I VkLocaleAssets: ✓ hi-IN main
2026-07-20 11:49:48.324815 I VkLocaleAssets: ✓ hi-IN emoji
2026-07-20 11:49:48.325177 I VkLocaleAssets: preload predictors hi-IN
2026-07-20 11:49:48.325496 I VkLocaleAssets: ✓ ready hi-IN (fetched)
2026-07-20 11:49:48.329350 I VkLocaleAssets: ▶ fetch es-US main=true emoji=true bigram=true
2026-07-20 11:49:48.673879 I VkNgram: registered lang=es source=gcs
2026-07-20 11:49:48.674215 I VkLocaleAssets: ✓ es-US bigram
2026-07-20 11:49:52.100120 I VkLocaleAssets: ✓ es-US main
2026-07-20 11:49:53.386821 I VkLocaleAssets: ✓ es-US emoji
2026-07-20 11:49:53.387307 I VkLocaleAssets: preload predictors es-US
2026-07-20 11:49:53.387842 I VkLocaleAssets: ✓ ready es-US (fetched)
2026-07-20 11:49:53.397735 I VkLocaleAssets: ✓ batch source=startup locales=4 fetched=4
2026-07-20 11:49:53.398338 I VkLocaleAssets: ✓ startup done locales=4 retries=0
2026-07-20 11:50:06.263641 I VkTyping: ○ hidden
2026-07-20 11:50:16.030247 W VkStall: MAIN-THREAD STALL 199ms (imeHideInProgress) during: >>>>> Dispatching to Handler (android.view.Choreographer$FrameHandler) {414d31b} android.view.Choreographer$FrameDisplayEventReceiver@7124cb8: 0
2026-07-20 11:50:54.906786 I VkLocaleAssets: ▶ fetch pt main=true emoji=true bigram=false
2026-07-20 11:50:56.447268 W VkLocaleAssets: ✗ pt main No dictionary found from 2 candidate URLs
2026-07-20 11:50:57.555231 I VkLocaleAssets: ✓ pt emoji
2026-07-20 11:50:57.556173 I VkLocaleAssets: preload predictors pt
