06-22 17:06:21.771 15633 15633 F DEBUG   :     x16 0000007a10eb03a8  x17 0000007af450df10  x18 000000788c91e000  x19 000000000000000b
06-22 17:06:21.771 15633 15633 F DEBUG   :     x20 0000007a668f4da0  x21 0000000000002f57  x22 0000007a668f4b90  x23 0000000000000001
06-22 17:06:21.772 15633 15633 F DEBUG   :     x24 000000791ff5a610  x25 00000079ac3c6f80  x26 0000007b069ef698  x27 0000007b069ee408
06-22 17:06:21.773 15633 15633 F DEBUG   :     x28 0000000000000400  x29 0000007a668f4bb0
06-22 17:06:21.773 15633 15633 F DEBUG   :     lr  0000007a0b0bdbc8  sp  0000007a668f4b90  pc  0000007af450df34  pst 0000000000000000
06-22 17:06:21.773 15633 15633 F DEBUG   : backtrace:
06-22 17:06:21.773 15633 15633 F DEBUG   :       #00 pc 0000000000075f34  /apex/com.android.runtime/lib64/bionic/libc.so (syscall+36) (BuildId: bbbdeb7c87c74f1491f92c6e605095b0)
06-22 17:06:21.773 15633 15633 F DEBUG   :       #01 pc 00000000040a9bc4  /data/app/~~-XGWjzmdoRrM1YaZYK883A==/com.google.android.webview-HvpxCmuUIjPsZ4yTEw8s4w==/base.apk!libwebviewchromium.so (BuildId: f447b77da2d76e8d4d133b66c727c3ae532b54bf)
06-22 17:06:21.773 15633 15633 F DEBUG   :       #02 pc 00000000040a03c4  /data/app/~~-XGWjzmdoRrM1YaZYK883A==/com.google.android.webview-HvpxCmuUIjPsZ4yTEw8s4w==/base.apk!libwebviewchromium.so (BuildId: f447b77da2d76e8d4d133b66c727c3ae532b54bf)
06-22 17:06:21.773 15633 15633 F DEBUG   :       #03 pc 000000000729d1dc  /data/app/~~HNHyPGvLTZRvnmuymHywcg==/com.vibekey.keyboard-HCxCcOIQCEXrUUlhbtLsxw==/lib/arm64/libxul.so (BuildId: 4a35ccb91ce54a7d8afe95f435ee2ee2cc640e58)
06-22 17:06:21.773 15633 15633 F DEBUG   :       #04 pc 0000000007721500  /data/app/~~HNHyPGvLTZRvnmuymHywcg==/com.vibekey.keyboard-HCxCcOIQCEXrUUlhbtLsxw==/lib/arm64/libxul.so (BuildId: 4a35ccb91ce54a7d8afe95f435ee2ee2cc640e58)
06-22 17:06:21.773 15633 15633 F DEBUG   :       #05 pc 00000000000070a0  /apex/com.android.art/lib64/libsigchain.so (art::SignalChain::Handler(int, siginfo*, void*)+1152) (BuildId: b6eee6262e0caa13108e99cc46dd5b5d)
06-22 17:06:21.773 15633 15633 F DEBUG   :       #06 pc 0000000000000638  [vdso] (__kernel_rt_sigreturn+0)
06-22 17:06:21.773 15633 15633 F DEBUG   :       #07 pc 00000000044f860c  /data/app/~~HNHyPGvLTZRvnmuymHywcg==/com.vibekey.keyboard-HCxCcOIQCEXrUUlhbtLsxw==/lib/arm64/libxul.so (BuildId: 4a35ccb91ce54a7d8afe95f435ee2ee2cc640e58)
06-22 17:06:21.773 15633 15633 F DEBUG   :       #08 pc 00000000038cb360  /data/app/~~HNHyPGvLTZRvnmuymHywcg==/com.vibekey.keyboard-HCxCcOIQCEXrUUlhbtLsxw==/lib/arm64/libxul.so (BuildId: 4a35ccb91ce54a7d8afe95f435ee2ee2cc640e58)
06-22 17:06:21.773 15633 15633 F DEBUG   :       #09 pc 000000000394a4ac  /data/app/~~HNHyPGvLTZRvnmuymHywcg==/com.vibekey.keyboard-HCxCcOIQCEXrUUlhbtLsxw==/lib/arm64/libxul.so (BuildId: 4a35ccb91ce54a7d8afe95f435ee2ee2cc640e58)
06-22 17:06:21.773 15633 15633 F DEBUG   :       #10 pc 0000000003946cfc  /data/app/~~HNHyPGvLTZRvnmuymHywcg==/com.vibekey.keyboard-HCxCcOIQCEXrUUlhbtLsxw==/lib/arm64/libxul.so (BuildId: 4a35ccb91ce54a7d8afe95f435ee2ee2cc640e58)
06-22 17:06:21.773 15633 15633 F DEBUG   :       #11 pc 0000000002f16118  /data/app/~~HNHyPGvLTZRvnmuymHywcg==/com.vibekey.keyboard-HCxCcOIQCEXrUUlhbtLsxw==/lib/arm64/libxul.so (BuildId: 4a35ccb91ce54a7d8afe95f435ee2ee2cc640e58)
06-22 17:06:21.773 15633 15633 F DEBUG   :       #12 pc 0000000002f1ef68  /data/app/~~HNHyPGvLTZRvnmuymHywcg==/com.vibekey.keyboard-HCxCcOIQCEXrUUlhbtLsxw==/lib/arm64/libxul.so (BuildId: 4a35ccb91ce54a7d8afe95f435ee2ee2cc640e58)
06-22 17:06:21.773 15633 15633 F DEBUG   :       #13 pc 0000000002f1e3e8  /data/app/~~HNHyPGvLTZRvnmuymHywcg==/com.vibekey.keyboard-HCxCcOIQCEXrUUlhbtLsxw==/lib/arm64/libxul.so (BuildId: 4a35ccb91ce54a7d8afe95f435ee2ee2cc640e58)
06-22 17:06:21.773 15633 15633 F DEBUG   :       #14 pc 00000000041b0ae4  /data/app/~~HNHyPGvLTZRvnmuymHywcg==/com.vibekey.keyboard-HCxCcOIQCEXrUUlhbtLsxw==/lib/arm64/libxul.so (BuildId: 4a35ccb91ce54a7d8afe95f435ee2ee2cc640e58)
06-22 17:06:21.773 15633 15633 F DEBUG   :       #15 pc 00000000041b0668  /data/app/~~HNHyPGvLTZRvnmuymHywcg==/com.vibekey.keyboard-HCxCcOIQCEXrUUlhbtLsxw==/lib/arm64/libxul.so (BuildId: 4a35ccb91ce54a7d8afe95f435ee2ee2cc640e58)
06-22 17:06:21.773 15633 15633 F DEBUG   :       #16 pc 00000000001dae5c  /data/app/~~HNHyPGvLTZRvnmuymHywcg==/com.vibekey.keyboard-HCxCcOIQCEXrUUlhbtLsxw==/lib/arm64/libnss3.so (BuildId: b089d343de37b8a21215387a791de798513aaf64)
06-22 17:06:21.773 15633 15633 F DEBUG   :       #17 pc 000000000009e0bc  /data/app/~~HNHyPGvLTZRvnmuymHywcg==/com.vibekey.keyboard-HCxCcOIQCEXrUUlhbtLsxw==/lib/arm64/libmozglue.so (BuildId: 8d82c5d136d7c01bbfb799da8ac843daefd5a4ec)
06-22 17:06:21.773 15633 15633 F DEBUG   :       #18 pc 00000000000deb44  /apex/com.android.runtime/lib64/bionic/libc.so (__pthread_start(void*)+264) (BuildId: bbbdeb7c87c74f1491f92c6e605095b0)
06-22 17:06:21.773 15633 15633 F DEBUG   :       #19 pc 000000000007b2fc  /apex/com.android.runtime/lib64/bionic/libc.so (__start_thread+68) (BuildId: bbbdeb7c87c74f1491f92c6e605095b0)
06-22 17:06:24.248 15733 15733 E OplusCustomizeRestrictionManager: sInstance is null, start a new sInstance
06-22 17:06:46.987 19174 19174 E OplusCustomizeRestrictionManager: sInstance is null, start a new sInstance
--------- beginning of main
06-22 17:06:59.484 19174 19174 W com.vibekey.keyboard: type=1400 audit(0.0:52850): avc: denied { nlmsg_readpriv } for comm=536F636B657420546872656164 scontext=u:r:untrusted_app:s0:c66,c272,c512,c768 tcontext=u:r:untrusted_app:s0:c66,c272,c512,c768 tclass=netlink_route_socket permissive=0 bug=b/155595000 app=com.vibekey.keyboard
06-22 17:06:59.501 20637 20676 W Isolated Web Content: [JavaScript Warning: "Loading failed for the <script> with source “https://static.adsafeprotected.com/publisher/925660/ebfdc39c-b42a-11f0-aa09-0e6958f30139.min.js”." {file: "https://www.cnn.com/" line: 1}]
06-22 17:06:59.664 19174 19174 W com.vibekey.keyboard: type=1400 audit(0.0:52852): avc: denied { nlmsg_readpriv } for comm=536F636B657420546872656164 scontext=u:r:untrusted_app:s0:c66,c272,c512,c768 tcontext=u:r:untrusted_app:s0:c66,c272,c512,c768 tclass=netlink_route_socket permissive=0 bug=b/155595000 app=com.vibekey.keyboard
06-22 17:06:59.876 20637 20676 E Isolated Web Content: [JavaScript Error: "Cookie “_cookie_test” has been rejected for invalid domain." {file: "https://www.cnn.com/" line: 0}]
06-22 17:06:59.876 20637 20676 E Isolated Web Content: [JavaScript Error: "Cookie “_cookie_test” has been rejected for invalid domain." {file: "https://www.cnn.com/" line: 0}]
06-22 17:06:59.987 19174 19184 W ibekey.keyboar: Cleared Reference was only reachable from finalizer (only reported once)
06-22 17:07:00.005 21113 21113 E .keyboard:tab1: Unknown bits set in runtime_flags: 0x40000000
06-22 17:07:00.079 21113 21129 E GeckoLibLoad: Load sqlite start
06-22 17:07:00.080 21113 21129 E GeckoLibLoad: Load sqlite done
06-22 17:07:00.080 21113 21129 E GeckoLibLoad: Load nss start
06-22 17:07:00.080 21113 21129 E GeckoLibLoad: Load nss done
06-22 17:07:00.096 21113 21129 E GeckoLibLoad: Loaded libs in 15.498646ms total, 2ms(3ms) user, 5ms(6ms) system, 0(0) faults
06-22 17:07:00.096 21113 21129 W GeckoThread: zerdatime 103709077 - runGecko
06-22 17:07:00.352 21148 21148 E .keyboard:tab3: Unknown bits set in runtime_flags: 0x40000000
06-22 17:07:00.410 21148 21165 E GeckoLibLoad: Load sqlite start
06-22 17:07:00.412 21148 21165 E GeckoLibLoad: Load sqlite done
06-22 17:07:00.412 21148 21165 E GeckoLibLoad: Load nss start
06-22 17:07:00.412 21148 21165 E GeckoLibLoad: Load nss done
06-22 17:07:00.427 21148 21165 E GeckoLibLoad: Loaded libs in 14.262136ms total, 3ms(4ms) user, 5ms(8ms) system, 0(0) faults
06-22 17:07:00.427 21148 21165 W GeckoThread: zerdatime 103709408 - runGecko
06-22 17:07:01.874 19174 19291 E BLASTBufferQueue: BLASTBufferItemConsumer::onDisconnect()
06-22 17:07:02.099 19174 19291 E BLASTBufferQueue: BLASTBufferItemConsumer::onDisconnect()
06-22 17:07:02.415 19174 21312 E FilePhenotypeFlags: Config package com.google.android.gms.clearcut_client#com.vibekey.keyboard cannot use FILE backing without declarative registration. See go/phenotype-android-integration#phenotype for more information. This will lead to stale flags.
06-22 17:07:02.514 19174 21312 E FilePhenotypeFlags: Config package com.google.android.gms.clearcut_client#com.vibekey.keyboard cannot use FILE backing without declarative registration. See go/phenotype-android-integration#phenotype for more information. This will lead to stale flags.
06-22 17:07:02.514 19174 21312 E FilePhenotypeFlags: Config package com.google.android.gms.clearcut_client#com.vibekey.keyboard cannot use FILE backing without declarative registration. See go/phenotype-android-integration#phenotype for more information. This will lead to stale flags.
06-22 17:07:04.238 21344 21344 E .keyboard:tab2: Unknown bits set in runtime_flags: 0x40000000
06-22 17:07:04.265 21359 21359 E .keyboard:tab1: Unknown bits set in runtime_flags: 0x40000000
06-22 17:07:04.302 21385 21385 E .keyboard:tab3: Unknown bits set in runtime_flags: 0x40000000
06-22 17:07:04.402 21344 21402 E GeckoLibLoad: Load sqlite start
06-22 17:07:04.404 21344 21402 E GeckoLibLoad: Load sqlite done
06-22 17:07:04.404 21344 21402 E GeckoLibLoad: Load nss start
06-22 17:07:04.404 21344 21402 E GeckoLibLoad: Load nss done
06-22 17:07:04.436 21344 21402 E GeckoLibLoad: Loaded libs in 31.092084ms total, 4ms(10ms) user, 15ms(13ms) system, 0(0) faults
06-22 17:07:04.436 21344 21402 W GeckoThread: zerdatime 103713417 - runGecko
06-22 17:07:04.498 21410 21410 E .keyboard:tab2: Unknown bits set in runtime_flags: 0x40000000
06-22 17:07:04.511 21385 21409 E GeckoLibLoad: Load sqlite start
06-22 17:07:04.516 21385 21409 E GeckoLibLoad: Load sqlite done
06-22 17:07:04.516 21385 21409 E GeckoLibLoad: Load nss start
06-22 17:07:04.516 21385 21409 E GeckoLibLoad: Load nss done
06-22 17:07:04.518 21359 21408 E GeckoLibLoad: Load sqlite start
06-22 17:07:04.520 21359 21408 E GeckoLibLoad: Load sqlite done
06-22 17:07:04.520 21359 21408 E GeckoLibLoad: Load nss start
06-22 17:07:04.521 21359 21408 E GeckoLibLoad: Load nss done
06-22 17:07:04.573 21385 21409 E GeckoLibLoad: Loaded libs in 56.990469ms total, 5ms(3ms) user, 16ms(18ms) system, 0(0) faults
06-22 17:07:04.574 21385 21409 W GeckoThread: zerdatime 103713555 - runGecko
06-22 17:07:04.588 21359 21408 E GeckoLibLoad: Loaded libs in 67.552135ms total, 0ms(0ms) user, 20ms(21ms) system, 0(0) faults
06-22 17:07:04.589 21359 21408 W GeckoThread: zerdatime 103713570 - runGecko
06-22 17:07:04.743 21410 21439 E GeckoLibLoad: Load sqlite start
06-22 17:07:04.750 21410 21439 E GeckoLibLoad: Load sqlite done
06-22 17:07:04.750 21410 21439 E GeckoLibLoad: Load nss start
06-22 17:07:04.750 21410 21439 E GeckoLibLoad: Load nss done
06-22 17:07:04.808 21410 21439 E GeckoLibLoad: Loaded libs in 57.112708ms total, 10ms(16ms) user, 7ms(7ms) system, 0(0) faults
06-22 17:07:04.808 21410 21439 W GeckoThread: zerdatime 103713789 - runGecko
06-22 17:07:05.448 21510 21510 E .keyboard:tab2: Unknown bits set in runtime_flags: 0x40000000
06-22 17:07:05.643 21510 21527 E GeckoLibLoad: Load sqlite start
06-22 17:07:05.645 21510 21527 E GeckoLibLoad: Load sqlite done
06-22 17:07:05.646 21510 21527 E GeckoLibLoad: Load nss start
06-22 17:07:05.646 21510 21527 E GeckoLibLoad: Load nss done
06-22 17:07:05.674 21510 21527 E GeckoLibLoad: Loaded libs in 27.984114ms total, 0ms(2ms) user, 24ms(19ms) system, 0(0) faults
06-22 17:07:05.675 21510 21527 W GeckoThread: zerdatime 103714656 - runGecko
06-22 17:07:06.300 21609 21609 E .keyboard:tab3: Unknown bits set in runtime_flags: 0x40000000
06-22 17:07:06.502 21609 21628 E GeckoLibLoad: Load sqlite start
06-22 17:07:06.505 21609 21628 E GeckoLibLoad: Load sqlite done
06-22 17:07:06.505 21609 21628 E GeckoLibLoad: Load nss start
06-22 17:07:06.505 21609 21628 E GeckoLibLoad: Load nss done
06-22 17:07:06.530 21632 21632 E .keyboard:tab3: Unknown bits set in runtime_flags: 0x40000000
06-22 17:07:06.538 21609 21628 E GeckoLibLoad: Loaded libs in 32.822969ms total, 3ms(0ms) user, 19ms(25ms) system, 0(0) faults
06-22 17:07:06.539 21609 21628 W GeckoThread: zerdatime 103715520 - runGecko
06-22 17:07:06.669 19174 20731 E ActivityThread: Failed to find provider info for com.oplus.statistics.provider
06-22 17:07:06.670 19174 20731 E OplusStatistics--: IllegalArgumentException:java.lang.IllegalArgumentException: Unknown URL content://com.oplus.statistics.provider/track_event
06-22 17:07:06.793 21632 21661 E GeckoLibLoad: Load sqlite start
06-22 17:07:06.796 21632 21661 E GeckoLibLoad: Load sqlite done
06-22 17:07:06.797 21632 21661 E GeckoLibLoad: Load nss start
06-22 17:07:06.797 21632 21661 E GeckoLibLoad: Load nss done
06-22 17:07:06.849 21632 21661 E GeckoLibLoad: Loaded libs in 51.698646ms total, 10ms(12ms) user, 11ms(10ms) system, 0(0) faults
06-22 17:07:06.850 21632 21661 W GeckoThread: zerdatime 103715831 - runGecko
06-22 17:07:07.076 21694 21694 E .keyboard:tab1: Unknown bits set in runtime_flags: 0x40000000
06-22 17:07:07.276 21694 21727 E GeckoLibLoad: Load sqlite start
06-22 17:07:07.279 21694 21727 E GeckoLibLoad: Load sqlite done
06-22 17:07:07.279 21694 21727 E GeckoLibLoad: Load nss start
06-22 17:07:07.279 21694 21727 E GeckoLibLoad: Load nss done
06-22 17:07:07.332 21694 21727 E GeckoLibLoad: Loaded libs in 53.364375ms total, 0ms(0ms) user, 22ms(20ms) system, 0(0) faults
06-22 17:07:07.333 21694 21727 W GeckoThread: zerdatime 103716314 - runGecko
06-22 17:07:07.526 21763 21763 E y.keyboard:tab: Unknown bits set in runtime_flags: 0x40000000
06-22 17:07:07.715 21763 21806 E GeckoLibLoad: Load sqlite start
06-22 17:07:07.719 21763 21806 E GeckoLibLoad: Load sqlite done
06-22 17:07:07.719 21763 21806 E GeckoLibLoad: Load nss start
06-22 17:07:07.719 21763 21806 E GeckoLibLoad: Load nss done
06-22 17:07:07.762 21763 21806 E GeckoLibLoad: Loaded libs in 42.367656ms total, 13ms(14ms) user, 8ms(7ms) system, 0(0) faults
06-22 17:07:07.768 21763 21806 W GeckoThread: zerdatime 103716749 - runGecko
06-22 17:07:10.236 19174 19380 E GeckoConsole: [JavaScript Error: "TypeError: can't access property "WindowEventDispatcher", win is null" {file: "resource://gre/modules/GeckoViewSessionStore.sys.mjs" line: 149}]
06-22 17:07:10.236 19174 19380 E GeckoConsole: onTabStateUpdate@resource://gre/modules/GeckoViewSessionStore.sys.mjs:149:5
06-22 17:07:10.236 19174 19380 E GeckoConsole: updateSessionStoreFromTabListener@resource://gre/modules/GeckoViewSessionStore.sys.mjs:243:10
06-22 17:07:11.521 19174 19174 I VkTyping: ▶ open restart=false pkg=com.android.launcher inputType=589825
06-22 17:07:13.133 19228 19379 I OnDeviceAssist: warm ok model=qwen2.5-0.5b-instruct-q4_0.gguf ambient=40 chars 920ms
06-22 17:07:13.430 19174 19174 I VkPanels: ▶ open browser
06-22 17:07:13.441 19174 19174 I VkBrowser: ▶ panel open incognito=false tabs=4 queryLen=0
06-22 17:07:13.444 19174 19174 E GeckoView: Failed to attach WindowInsetsListener: 
06-22 17:07:13.444 19174 19174 E GeckoView: java.lang.NullPointerException: Attempt to invoke virtual method 'android.view.Window android.app.Activity.getWindow()' on a null object reference
06-22 17:07:13.444 19174 19174 E GeckoView: 	at org.mozilla.geckoview.GeckoView.attachWindowInsetsListener(r8-map-id-63b85dcf50d0a62d9044da51012868b9346a190724658a110a7ef7adc34a34bb:1)
06-22 17:07:13.444 19174 19174 E GeckoView: 	at org.mozilla.geckoview.GeckoView.onAttachedToWindow(r8-map-id-63b85dcf50d0a62d9044da51012868b9346a190724658a110a7ef7adc34a34bb:49)
06-22 17:07:13.444 19174 19174 E GeckoView: 	at helium314.keyboard.latin.panels.ImeGeckoView.onAttachedToWindow(r8-map-id-63b85dcf50d0a62d9044da51012868b9346a190724658a110a7ef7adc34a34bb:4)
06-22 17:07:13.444 19174 19174 E GeckoView: 	at android.view.View.dispatchAttachedToWindow(View.java:20900)
06-22 17:07:13.444 19174 19174 E GeckoView: 	at android.view.ViewGroup.dispatchAttachedToWindow(ViewGroup.java:3539)
06-22 17:07:13.444 19174 19174 E GeckoView: 	at android.view.ViewGroup.addViewInner(ViewGroup.java:5378)
06-22 17:07:13.444 19174 19174 E GeckoView: 	at android.view.ViewGroup.addView(ViewGroup.java:5156)
06-22 17:07:13.444 19174 19174 E GeckoView: 	at a8.u2.b(r8-map-id-63b85dcf50d0a62d9044da51012868b9346a190724658a110a7ef7adc34a34bb:30)
06-22 17:07:13.444 19174 19174 E GeckoView: 	at helium314.keyboard.latin.panels.BrowserPanelView.Z(r8-map-id-63b85dcf50d0a62d9044da51012868b9346a190724658a110a7ef7adc34a34bb:136)
06-22 17:07:13.444 19174 19174 E GeckoView: 	at helium314.keyboard.latin.panels.BrowserPanelView.H0(r8-map-id-63b85dcf50d0a62d9044da51012868b9346a190724658a110a7ef7adc34a34bb:225)
06-22 17:07:13.444 19174 19174 E GeckoView: 	at c5.s.run(r8-map-id-63b85dcf50d0a62d9044da51012868b9346a190724658a110a7ef7adc34a34bb:622)
06-22 17:07:13.444 19174 19174 E GeckoView: 	at i7.z.onGlobalLayout(r8-map-id-63b85dcf50d0a62d9044da51012868b9346a190724658a110a7ef7adc34a34bb:8)
06-22 17:07:13.444 19174 19174 E GeckoView: 	at android.view.ViewTreeObserver.dispatchOnGlobalLayout(ViewTreeObserver.java:1061)
06-22 17:07:13.444 19174 19174 E GeckoView: 	at android.view.ViewRootImpl.performTraversals(ViewRootImpl.java:3407)
06-22 17:07:13.444 19174 19174 E GeckoView: 	at android.view.ViewRootImpl.doTraversal(ViewRootImpl.java:2305)
06-22 17:07:13.444 19174 19174 E GeckoView: 	at android.view.ViewRootImpl$TraversalRunnable.run(ViewRootImpl.java:9133)
06-22 17:07:13.444 19174 19174 E GeckoView: 	at android.view.Choreographer$CallbackRecord.run(Choreographer.java:1232)
06-22 17:07:13.444 19174 19174 E GeckoView: 	at android.view.Choreographer.doCallbacks(Choreographer.java:1029)
06-22 17:07:13.444 19174 19174 E GeckoView: 	at android.view.Choreographer.doFrame(Choreographer.java:934)
06-22 17:07:13.444 19174 19174 E GeckoView: 	at android.view.Choreographer$FrameDisplayEventReceiver.run(Choreographer.java:1217)
06-22 17:07:13.444 19174 19174 E GeckoView: 	at android.os.Handler.handleCallback(Handler.java:938)
06-22 17:07:13.444 19174 19174 E GeckoView: 	at android.os.Handler.dispatchMessage(Handler.java:99)
06-22 17:07:13.444 19174 19174 E GeckoView: 	at android.os.Looper.loopOnce(Looper.java:233)
06-22 17:07:13.444 19174 19174 E GeckoView: 	at android.os.Looper.loop(Looper.java:344)
06-22 17:07:13.444 19174 19174 E GeckoView: 	at android.app.ActivityThread.main(ActivityThread.java:8212)
06-22 17:07:13.444 19174 19174 E GeckoView: 	at java.lang.reflect.Method.invoke(Native Method)
06-22 17:07:13.444 19174 19174 E GeckoView: 	at com.android.internal.os.RuntimeInit$MethodAndArgsCaller.run(RuntimeInit.java:584)
06-22 17:07:13.444 19174 19174 E GeckoView: 	at com.android.internal.os.ZygoteInit.main(ZygoteInit.java:1034)
06-22 17:07:13.485 19174 20878 E BLASTBufferQueue: [SurfaceView[InputMethod]#4](f:0,a:0) rejecting buffer:active_size=1440x1809, requested_size=1440x1809 buffer{size=1440x1801 transform=0}
06-22 17:07:13.494 19174 20051 E BLASTBufferQueue: BLASTBufferItemConsumer::onDisconnect()
06-22 17:07:13.502 19174 19174 I VkBrowser: → load host=cnn.com
06-22 17:07:13.530 20637 20676 W Isolated Web Content: gg@https://securepubads.g.doubleclick.net/pagead/managed/js/gpt/m202606160101/pubads_impl.js:19:30451
06-22 17:07:13.530 20637 20676 W Isolated Web Content: _.hg@https://securepubads.g.doubleclick.net/pagead/managed/js/gpt/m202606160101/pubads_impl.js:19:30546
06-22 17:07:13.530 20637 20676 W Isolated Web Content: Oo@https://securepubads.g.doubleclick.net/pagead/managed/js/gpt/m202606160101/pubads_impl.js:19:98473
06-22 17:07:13.530 20637 20676 W Isolated Web Content: y@https://securepubads.g.doubleclick.net/pagead/managed/js/gpt/m202606160101/pubads_impl.js:19:99070
06-22 17:07:13.530 20637 20676 W Isolated Web Content: So/r<@https://securepubads.g.doubleclick.net/pagead/managed/js/gpt/m202606160101/pubads_impl.js:19:99325
06-22 17:07:13.530 20637 20676 W Isolated Web Content: " {file: "https://securepubads.g.doubleclick.net/pagead/managed/js/gpt/m202606160101/pubads_impl.js" line: 19}]
06-22 17:07:13.555 20341 20354 W libc    : Access denied finding property "vendor.oplus.media.vpp.stutter"
06-22 17:07:13.581 20637 20909 E y.keyboard:tab: ofbOpen failed with error=No such file or directory
06-22 17:07:13.581 20637 20909 E y.keyboard:tab: sysOpen failed with error=No such file or directory
06-22 17:07:13.592 19174 19174 I VkBrowser: ✓ page host=www.cnn.com title=Breaking News, Latest News and Videos | …
06-22 17:07:13.606 20341 22035 W Codec2Client: query -- param skipped: index = 1107298332.
06-22 17:07:13.607 20341 22035 W Codec2Client: query -- param skipped: index = 1342179345.
06-22 17:07:13.607 20341 22035 W Codec2Client: query -- param skipped: index = 2415921170.
06-22 17:07:13.607 20341 22035 W Codec2Client: query -- param skipped: index = 1610614798.
06-22 17:07:13.611 20341 22035 E ion     : ioctl c0044901 failed with code -1: Inappropriate ioctl for device
06-22 17:07:13.619 20341 20354 W libc    : Access denied finding property "vendor.oplus.media.vpp.stutter"
06-22 17:07:13.638 20341 22045 W Codec2Client: query -- param skipped: index = 1107298332.
06-22 17:07:13.641 20341 22045 W Codec2Client: query -- param skipped: index = 1342179345.
06-22 17:07:13.641 20341 22045 W Codec2Client: query -- param skipped: index = 2415921170.
06-22 17:07:13.641 20341 22045 W Codec2Client: query -- param skipped: index = 1610614798.
06-22 17:07:13.650 20341 20354 W libc    : Access denied finding property "vendor.oplus.media.vpp.stutter"
06-22 17:07:13.654 19174 20051 E BLASTBufferQueue: BLASTBufferItemConsumer::onDisconnect()
06-22 17:07:13.667 20341 22047 W Codec2Client: query -- param skipped: index = 1107298332.
06-22 17:07:13.676 20341 22047 W Codec2Client: query -- param skipped: index = 1342179345.
06-22 17:07:13.676 20341 22047 W Codec2Client: query -- param skipped: index = 2415921170.
06-22 17:07:13.676 20341 22047 W Codec2Client: query -- param skipped: index = 1610614798.
06-22 17:07:13.689 20341 20354 W libc    : Access denied finding property "vendor.oplus.media.vpp.stutter"
06-22 17:07:13.690 20341 20354 E MULTIMEDIAConfig: [getInt32:L80] Not find config, Returning default
06-22 17:07:13.690 20341 20354 E MULTIMEDIAConfig: [getInt32:L80] Not find config, Returning default
06-22 17:07:13.690 20341 20354 E OplusACodec: [OplusACodec:204] mSrOsieMMListCheckResult:0x0 mOsieVersion:1
06-22 17:07:13.740 20341 22056 E OplusACodec: [GetVideoCodingTypeFromMime:L1162] mime:video/avc
06-22 17:07:13.841 20341 20355 W libc    : Access denied finding property "vendor.oplus.media.vpp.stutter"
06-22 17:07:13.842 20341 20355 E MULTIMEDIAConfig: [getInt32:L80] Not find config, Returning default
06-22 17:07:13.842 20341 20355 E MULTIMEDIAConfig: [getInt32:L80] Not find config, Returning default
06-22 17:07:13.842 20341 20355 E OplusACodec: [OplusACodec:204] mSrOsieMMListCheckResult:0x0 mOsieVersion:1
06-22 17:07:13.865 22076 22076 E .keyboard:tab2: Unknown bits set in runtime_flags: 0x40000000
06-22 17:07:13.897 20341 22075 E OplusACodec: [GetVideoCodingTypeFromMime:L1162] mime:video/avc
06-22 17:07:13.993 22076 22100 E GeckoLibLoad: Load sqlite start
06-22 17:07:13.997 22076 22100 E GeckoLibLoad: Load sqlite done
06-22 17:07:13.997 22076 22100 E GeckoLibLoad: Load nss start
06-22 17:07:13.997 22076 22100 E GeckoLibLoad: Load nss done
06-22 17:07:13.999 22101 22101 E .keyboard:tab3: Unknown bits set in runtime_flags: 0x40000000
06-22 17:07:14.057 22076 22100 E GeckoLibLoad: Loaded libs in 59.647864ms total, 0ms(2ms) user, 36ms(34ms) system, 0(0) faults
06-22 17:07:14.057 22076 22100 W GeckoThread: zerdatime 103723039 - runGecko
06-22 17:07:14.060 20341 22035 W Codec2Client: query -- param skipped: index = 1342179345.
06-22 17:07:14.060 20341 22035 W Codec2Client: query -- param skipped: index = 2415921170.
06-22 17:07:14.060 20341 22035 W Codec2Client: query -- param skipped: index = 1610614798.
06-22 17:07:14.079 20341 20355 W libc    : Access denied finding property "vendor.oplus.media.vpp.stutter"
06-22 17:07:14.082 20341 20355 E ListServiceUtils: checkInListByUid module:HQV-effect uid:14162 cost 2770us return 0
06-22 17:07:14.082 20341 20355 E MULTIMEDIAConfig: [getInt32:L80] Not find config, Returning default
06-22 17:07:14.082 20341 20355 E MULTIMEDIAConfig: [getInt32:L80] Not find config, Returning default
06-22 17:07:14.082 20341 20355 E OplusACodec: [OplusACodec:204] mSrOsieMMListCheckResult:0x0 mOsieVersion:1
06-22 17:07:14.167 20341 22124 E OplusACodec: [GetVideoCodingTypeFromMime:L1162] mime:video/avc
06-22 17:07:14.303 22140 22140 E .keyboard:tab3: Unknown bits set in runtime_flags: 0x40000000
06-22 17:07:14.429 20341 22054 W libc    : Access denied finding property "vendor.oplus.media.vpp.stutter"
06-22 17:07:14.429 20341 22054 E MULTIMEDIAConfig: [getInt32:L80] Not find config, Returning default
06-22 17:07:14.429 20341 22054 E MULTIMEDIAConfig: [getInt32:L80] Not find config, Returning default
06-22 17:07:14.429 20341 22054 E OplusACodec: [OplusACodec:204] mSrOsieMMListCheckResult:0x0 mOsieVersion:1
06-22 17:07:14.481 20341 22182 E OplusACodec: [GetVideoCodingTypeFromMime:L1162] mime:video/avc
06-22 17:07:14.676 22140 22202 E GeckoLibLoad: Load sqlite start
06-22 17:07:14.677 22140 22202 E GeckoLibLoad: Load sqlite done
06-22 17:07:14.677 22140 22202 E GeckoLibLoad: Load nss start
06-22 17:07:14.677 22140 22202 E GeckoLibLoad: Load nss done
06-22 17:07:14.688 22140 22202 E GeckoLibLoad: Loaded libs in 10.964896ms total, 5ms(1ms) user, 5ms(9ms) system, 0(0) faults
06-22 17:07:14.688 22140 22202 W GeckoThread: zerdatime 103723670 - runGecko
06-22 17:07:14.726 20341 22045 W Codec2Client: query -- param skipped: index = 1342179345.
06-22 17:07:14.726 20341 22045 W Codec2Client: query -- param skipped: index = 2415921170.
06-22 17:07:14.726 20341 22045 W Codec2Client: query -- param skipped: index = 1610614798.
06-22 17:07:14.760 20341 22047 W Codec2Client: query -- param skipped: index = 1342179345.
06-22 17:07:14.760 20341 22047 W Codec2Client: query -- param skipped: index = 2415921170.
06-22 17:07:14.760 20341 22047 W Codec2Client: query -- param skipped: index = 1610614798.
06-22 17:07:14.789 20637 20913 W GeckoRemoteCodecProxy: release codec when 2 output buffers unhandled
06-22 17:07:14.914 20341 22054 W libc    : Access denied finding property "vendor.oplus.media.vpp.stutter"
06-22 17:07:14.943 20341 22241 W Codec2Client: query -- param skipped: index = 1107298332.
06-22 17:07:14.944 20341 22241 W Codec2Client: query -- param skipped: index = 1342179345.
06-22 17:07:14.944 20341 22241 W Codec2Client: query -- param skipped: index = 2415921170.
06-22 17:07:14.944 20341 22241 W Codec2Client: query -- param skipped: index = 1610614798.
06-22 17:07:14.951 20341 20354 W libc    : Access denied finding property "vendor.oplus.media.vpp.stutter"
06-22 17:07:14.951 20341 20354 E MULTIMEDIAConfig: [getInt32:L80] Not find config, Returning default
06-22 17:07:14.951 20341 20354 E MULTIMEDIAConfig: [getInt32:L80] Not find config, Returning default
06-22 17:07:14.951 20341 20354 E OplusACodec: [OplusACodec:204] mSrOsieMMListCheckResult:0x0 mOsieVersion:1
06-22 17:07:14.987 20341 22245 E OplusACodec: [GetVideoCodingTypeFromMime:L1162] mime:video/avc
06-22 17:07:15.251 20341 20355 W libc    : Access denied finding property "vendor.oplus.media.vpp.stutter"
06-22 17:07:15.264 20341 22252 W Codec2Client: query -- param skipped: index = 1107298332.
06-22 17:07:15.266 20341 22252 W Codec2Client: query -- param skipped: index = 1342179345.
06-22 17:07:15.266 20341 22252 W Codec2Client: query -- param skipped: index = 2415921170.
06-22 17:07:15.266 20341 22252 W Codec2Client: query -- param skipped: index = 1610614798.
06-22 17:07:15.276 20341 20354 W libc    : Access denied finding property "vendor.oplus.media.vpp.stutter"
06-22 17:07:15.297 20341 22254 W Codec2Client: query -- param skipped: index = 1107298332.
06-22 17:07:15.299 20341 22254 W Codec2Client: query -- param skipped: index = 1342179345.
06-22 17:07:15.299 20341 22254 W Codec2Client: query -- param skipped: index = 2415921170.
06-22 17:07:15.299 20341 22254 W Codec2Client: query -- param skipped: index = 1610614798.
06-22 17:07:15.311 20341 20354 W libc    : Access denied finding property "vendor.oplus.media.vpp.stutter"
06-22 17:07:15.311 20341 20354 E MULTIMEDIAConfig: [getInt32:L80] Not find config, Returning default
06-22 17:07:15.311 20341 20354 E MULTIMEDIAConfig: [getInt32:L80] Not find config, Returning default
06-22 17:07:15.311 20341 20354 E OplusACodec: [OplusACodec:204] mSrOsieMMListCheckResult:0x0 mOsieVersion:1
06-22 17:07:15.372 20341 22258 E OplusACodec: [GetVideoCodingTypeFromMime:L1162] mime:video/avc
06-22 17:07:15.404 20341 22057 W libc    : Access denied finding property "vendor.oplus.media.vpp.stutter"
06-22 17:07:15.404 20341 22057 E MULTIMEDIAConfig: [getInt32:L80] Not find config, Returning default
06-22 17:07:15.404 20341 22057 E MULTIMEDIAConfig: [getInt32:L80] Not find config, Returning default
06-22 17:07:15.404 20341 22057 E OplusACodec: [OplusACodec:204] mSrOsieMMListCheckResult:0x0 mOsieVersion:1
06-22 17:07:15.436 20341 22275 E OplusACodec: [GetVideoCodingTypeFromMime:L1162] mime:video/avc
06-22 17:07:15.619 20341 22241 W Codec2Client: query -- param skipped: index = 1342179345.
06-22 17:07:15.620 20341 22241 W Codec2Client: query -- param skipped: index = 2415921170.
06-22 17:07:15.620 20341 22241 W Codec2Client: query -- param skipped: index = 1610614798.
06-22 17:07:15.722 20341 20354 W libc    : Access denied finding property "vendor.oplus.media.vpp.stutter"
06-22 17:07:15.723 20341 20354 E MULTIMEDIAConfig: [getInt32:L80] Not find config, Returning default
06-22 17:07:15.723 20341 20354 E MULTIMEDIAConfig: [getInt32:L80] Not find config, Returning default
06-22 17:07:15.723 20341 20354 E OplusACodec: [OplusACodec:204] mSrOsieMMListCheckResult:0x0 mOsieVersion:1
06-22 17:07:15.738 20341 22281 E OplusACodec: [GetVideoCodingTypeFromMime:L1162] mime:video/avc
06-22 17:07:15.752 20341 22254 W Codec2Client: query -- param skipped: index = 1342179345.
06-22 17:07:15.752 20341 22254 W Codec2Client: query -- param skipped: index = 2415921170.
06-22 17:07:15.752 20341 22254 W Codec2Client: query -- param skipped: index = 1610614798.
06-22 17:07:15.840 20341 22252 W Codec2Client: query -- param skipped: index = 1342179345.
06-22 17:07:15.840 20341 22252 W Codec2Client: query -- param skipped: index = 2415921170.
06-22 17:07:15.840 20341 22252 W Codec2Client: query -- param skipped: index = 1610614798.
06-22 17:07:15.963 20341 20354 W libc    : Access denied finding property "vendor.oplus.media.vpp.stutter"
06-22 17:07:15.980 20341 22290 W Codec2Client: query -- param skipped: index = 1107298332.
06-22 17:07:15.983 20341 22290 W Codec2Client: query -- param skipped: index = 1342179345.
06-22 17:07:15.983 20341 22290 W Codec2Client: query -- param skipped: index = 2415921170.
06-22 17:07:15.983 20341 22290 W Codec2Client: query -- param skipped: index = 1610614798.
06-22 17:07:15.990 20341 22054 W libc    : Access denied finding property "vendor.oplus.media.vpp.stutter"
06-22 17:07:15.990 20341 22054 E MULTIMEDIAConfig: [getInt32:L80] Not find config, Returning default
06-22 17:07:15.990 20341 22054 E MULTIMEDIAConfig: [getInt32:L80] Not find config, Returning default
06-22 17:07:15.990 20341 22054 E OplusACodec: [OplusACodec:204] mSrOsieMMListCheckResult:0x0 mOsieVersion:1
06-22 17:07:16.018 20341 22293 E OplusACodec: [GetVideoCodingTypeFromMime:L1162] mime:video/avc
06-22 17:07:16.226 20341 22290 W Codec2Client: query -- param skipped: index = 1342179345.
06-22 17:07:16.226 20341 22290 W Codec2Client: query -- param skipped: index = 2415921170.
06-22 17:07:16.226 20341 22290 W Codec2Client: query -- param skipped: index = 1610614798.
06-22 17:07:16.326 22299 22299 E y.keyboard:tab: Unknown bits set in runtime_flags: 0x40000000
06-22 17:07:16.389 22299 22316 E GeckoLibLoad: Load sqlite start
06-22 17:07:16.390 22299 22316 E GeckoLibLoad: Load sqlite done
06-22 17:07:16.390 22299 22316 E GeckoLibLoad: Load nss start
06-22 17:07:16.390 22299 22316 E GeckoLibLoad: Load nss done
06-22 17:07:16.400 22299 22316 E GeckoLibLoad: Loaded libs in 9.192605ms total, 0ms(0ms) user, 2ms(8ms) system, 0(0) faults
06-22 17:07:16.400 22299 22316 W GeckoThread: zerdatime 103725381 - runGecko
06-22 17:07:16.749 19174 19174 I VkBrowser: ✓ page host=www.cnn.com title=Breaking News, Latest News and Videos | …
06-22 17:07:16.768 19174 20730 E BLASTBufferQueue: BLASTBufferItemConsumer::onDisconnect()
06-22 17:07:17.071 22338 22338 E .keyboard:tab3: Unknown bits set in runtime_flags: 0x40000000
06-22 17:07:17.129 22353 22353 E .keyboard:tab1: Unknown bits set in runtime_flags: 0x40000000
06-22 17:07:17.146 22338 22369 E GeckoLibLoad: Load sqlite start
06-22 17:07:17.146 22338 22369 E GeckoLibLoad: Load sqlite done
06-22 17:07:17.147 22338 22369 E GeckoLibLoad: Load nss start
06-22 17:07:17.147 22338 22369 E GeckoLibLoad: Load nss done
06-22 17:07:17.166 22338 22369 E GeckoLibLoad: Loaded libs in 19.601563ms total, 8ms(9ms) user, 0ms(0ms) system, 0(0) faults
06-22 17:07:17.166 22338 22369 W GeckoThread: zerdatime 103726148 - runGecko
06-22 17:07:17.202 22353 22375 E GeckoLibLoad: Load sqlite start
06-22 17:07:17.203 22353 22375 E GeckoLibLoad: Load sqlite done
06-22 17:07:17.203 22353 22375 E GeckoLibLoad: Load nss start
06-22 17:07:17.203 22353 22375 E GeckoLibLoad: Load nss done
06-22 17:07:17.213 22353 22375 E GeckoLibLoad: Loaded libs in 9.854895ms total, 2ms(0ms) user, 6ms(8ms) system, 0(0) faults
06-22 17:07:17.214 22353 22375 W GeckoThread: zerdatime 103726195 - runGecko
06-22 17:07:17.346 22411 22411 E y.keyboard:tab: Unknown bits set in runtime_flags: 0x40000000
06-22 17:07:17.409 22411 22429 E GeckoLibLoad: Load sqlite start
06-22 17:07:17.411 22411 22429 E GeckoLibLoad: Load sqlite done
06-22 17:07:17.411 22411 22429 E GeckoLibLoad: Load nss start
06-22 17:07:17.411 22411 22429 E GeckoLibLoad: Load nss done
06-22 17:07:17.420 22411 22429 E GeckoLibLoad: Loaded libs in 9.577500ms total, 6ms(4ms) user, 0ms(4ms) system, 0(0) faults
06-22 17:07:17.421 22411 22429 W GeckoThread: zerdatime 103726402 - runGecko
06-22 17:07:18.803 22488 22488 E y.keyboard:tab: Unknown bits set in runtime_flags: 0x40000000
06-22 17:07:18.841 22503 22503 E .keyboard:tab2: Unknown bits set in runtime_flags: 0x40000000
06-22 17:07:18.893 22488 22521 E GeckoLibLoad: Load sqlite start
06-22 17:07:18.894 22488 22521 E GeckoLibLoad: Load sqlite done
06-22 17:07:18.895 22488 22521 E GeckoLibLoad: Load nss start
06-22 17:07:18.895 22488 22521 E GeckoLibLoad: Load nss done
06-22 17:07:18.904 22488 22521 E GeckoLibLoad: Loaded libs in 9.423959ms total, 0ms(0ms) user, 10ms(9ms) system, 0(0) faults
06-22 17:07:18.904 22488 22521 W GeckoThread: zerdatime 103727886 - runGecko
06-22 17:07:18.914 22503 22524 E GeckoLibLoad: Load sqlite start
06-22 17:07:18.918 22503 22524 E GeckoLibLoad: Load sqlite done
06-22 17:07:18.918 22503 22524 E GeckoLibLoad: Load nss start
06-22 17:07:18.919 22503 22524 E GeckoLibLoad: Load nss done
06-22 17:07:18.930 22503 22524 E GeckoLibLoad: Loaded libs in 11.192292ms total, 0ms(0ms) user, 1ms(9ms) system, 0(0) faults
06-22 17:07:18.930 22503 22524 W GeckoThread: zerdatime 103727912 - runGecko
06-22 17:07:20.639 22647 22647 E .keyboard:tab1: Unknown bits set in runtime_flags: 0x40000000
06-22 17:07:20.727 22647 22679 E GeckoLibLoad: Load sqlite start
06-22 17:07:20.728 22647 22679 E GeckoLibLoad: Load sqlite done
06-22 17:07:20.728 22647 22679 E GeckoLibLoad: Load nss start
06-22 17:07:20.728 22647 22679 E GeckoLibLoad: Load nss done
06-22 17:07:20.739 22647 22679 E GeckoLibLoad: Loaded libs in 10.858541ms total, 0ms(0ms) user, 9ms(8ms) system, 0(0) faults
06-22 17:07:20.739 22647 22679 W GeckoThread: zerdatime 103729720 - runGecko
06-22 17:07:20.851 22647 22679 W GeckoEditableChild: No editable parent
06-22 17:07:20.856 22647 22679 W GeckoEditableChild: No editable parent
06-22 17:07:20.863 22647 22679 W GeckoEditableChild: No editable parent
06-22 17:07:21.485 22746 22746 E .keyboard:tab3: Unknown bits set in runtime_flags: 0x40000000
06-22 17:07:21.541 22762 22762 E .keyboard:tab2: Unknown bits set in runtime_flags: 0x40000000
06-22 17:07:21.592 22781 22781 E .keyboard:tab1: Unknown bits set in runtime_flags: 0x40000000
06-22 17:07:21.615 22746 22789 E GeckoLibLoad: Load sqlite start
06-22 17:07:21.616 22746 22789 E GeckoLibLoad: Load sqlite done
06-22 17:07:21.616 22746 22789 E GeckoLibLoad: Load nss start
06-22 17:07:21.616 22746 22789 E GeckoLibLoad: Load nss done
06-22 17:07:21.632 22746 22789 E GeckoLibLoad: Loaded libs in 15.509896ms total, 3ms(0ms) user, 7ms(10ms) system, 0(0) faults
06-22 17:07:21.632 22746 22789 W GeckoThread: zerdatime 103730613 - runGecko
06-22 17:07:21.668 22838 22838 E .keyboard:tab1: Unknown bits set in runtime_flags: 0x40000000
06-22 17:07:21.696 22762 22828 E GeckoLibLoad: Load sqlite start
06-22 17:07:21.698 22762 22828 E GeckoLibLoad: Load sqlite done
06-22 17:07:21.698 22762 22828 E GeckoLibLoad: Load nss start
06-22 17:07:21.698 22762 22828 E GeckoLibLoad: Load nss done
06-22 17:07:21.723 22762 22828 E GeckoLibLoad: Loaded libs in 24.310521ms total, 7ms(5ms) user, 5ms(6ms) system, 0(0) faults
06-22 17:07:21.726 22762 22828 W GeckoThread: zerdatime 103730707 - runGecko
06-22 17:07:21.748 22879 22879 E .keyboard:tab3: Unknown bits set in runtime_flags: 0x40000000
06-22 17:07:21.766 22838 22885 E GeckoLibLoad: Load sqlite start
06-22 17:07:21.768 22838 22885 E GeckoLibLoad: Load sqlite done
06-22 17:07:21.768 22838 22885 E GeckoLibLoad: Load nss start
06-22 17:07:21.768 22838 22885 E GeckoLibLoad: Load nss done
06-22 17:07:21.783 22781 22906 E GeckoLibLoad: Load sqlite start
06-22 17:07:21.784 22781 22906 E GeckoLibLoad: Load sqlite done
06-22 17:07:21.785 22781 22906 E GeckoLibLoad: Load nss start
06-22 17:07:21.785 22781 22906 E GeckoLibLoad: Load nss done
06-22 17:07:21.801 22838 22885 E GeckoLibLoad: Loaded libs in 32.289062ms total, 3ms(6ms) user, 12ms(7ms) system, 0(0) faults
06-22 17:07:21.801 22838 22885 W GeckoThread: zerdatime 103730782 - runGecko
06-22 17:07:21.810 22922 22922 E .keyboard:tab1: Unknown bits set in runtime_flags: 0x40000000
06-22 17:07:21.813 22781 22906 E GeckoLibLoad: Loaded libs in 27.985052ms total, 0ms(0ms) user, 10ms(9ms) system, 0(0) faults
06-22 17:07:21.813 22781 22906 W GeckoThread: zerdatime 103730794 - runGecko
06-22 17:07:21.866 22968 22968 E y.keyboard:tab: Unknown bits set in runtime_flags: 0x40000000
06-22 17:07:21.943 22879 22974 E GeckoLibLoad: Load sqlite start
06-22 17:07:21.946 22879 22974 E GeckoLibLoad: Load sqlite done
06-22 17:07:21.946 22879 22974 E GeckoLibLoad: Load nss start
06-22 17:07:21.946 22879 22974 E GeckoLibLoad: Load nss done
06-22 17:07:21.978 22879 22974 E GeckoLibLoad: Loaded libs in 31.038541ms total, 0ms(0ms) user, 10ms(12ms) system, 0(0) faults
06-22 17:07:21.978 22879 22974 W GeckoThread: zerdatime 103730959 - runGecko
06-22 17:07:21.985 22922 23043 E GeckoLibLoad: Load sqlite start
06-22 17:07:21.986 22922 23043 E GeckoLibLoad: Load sqlite done
06-22 17:07:21.986 22922 23043 E GeckoLibLoad: Load nss start
06-22 17:07:21.986 22922 23043 E GeckoLibLoad: Load nss done
06-22 17:07:21.999 23068 23068 E .keyboard:tab3: Unknown bits set in runtime_flags: 0x40000000
06-22 17:07:22.003 22922 23043 E GeckoLibLoad: Loaded libs in 16.791823ms total, 0ms(0ms) user, 8ms(8ms) system, 0(0) faults
06-22 17:07:22.004 22922 23043 W GeckoThread: zerdatime 103730985 - runGecko
06-22 17:07:22.004 22968 23044 E GeckoLibLoad: Load sqlite start
06-22 17:07:22.005 22968 23044 E GeckoLibLoad: Load sqlite done
06-22 17:07:22.005 22968 23044 E GeckoLibLoad: Load nss start
06-22 17:07:22.005 22968 23044 E GeckoLibLoad: Load nss done
06-22 17:07:22.027 22968 23044 E GeckoLibLoad: Loaded libs in 21.314739ms total, 9ms(8ms) user, 0ms(0ms) system, 0(0) faults
06-22 17:07:22.027 22968 23044 W GeckoThread: zerdatime 103731008 - runGecko
06-22 17:07:22.151 23068 23178 E GeckoLibLoad: Load sqlite start
06-22 17:07:22.152 23068 23178 E GeckoLibLoad: Load sqlite done
06-22 17:07:22.152 23068 23178 E GeckoLibLoad: Load nss start
06-22 17:07:22.152 23068 23178 E GeckoLibLoad: Load nss done
06-22 17:07:22.173 23068 23178 E GeckoLibLoad: Loaded libs in 20.560052ms total, 9ms(10ms) user, 0ms(0ms) system, 0(0) faults
06-22 17:07:22.174 23068 23178 W GeckoThread: zerdatime 103731155 - runGecko
06-22 17:07:22.423 23303 23303 E .keyboard:tab3: Unknown bits set in runtime_flags: 0x40000000
06-22 17:07:22.522 23303 23324 E GeckoLibLoad: Load sqlite start
06-22 17:07:22.523 23303 23324 E GeckoLibLoad: Load sqlite done
06-22 17:07:22.523 23303 23324 E GeckoLibLoad: Load nss start
06-22 17:07:22.523 23303 23324 E GeckoLibLoad: Load nss done
06-22 17:07:22.538 23303 23324 E GeckoLibLoad: Loaded libs in 14.403542ms total, 10ms(8ms) user, 0ms(1ms) system, 0(0) faults
06-22 17:07:22.538 23303 23324 W GeckoThread: zerdatime 103731520 - runGecko
06-22 17:07:23.743 23466 23466 E .keyboard:tab3: Unknown bits set in runtime_flags: 0x40000000
06-22 17:07:23.817 23466 23485 E GeckoLibLoad: Load sqlite start
06-22 17:07:23.818 23466 23485 E GeckoLibLoad: Load sqlite done
06-22 17:07:23.818 23466 23485 E GeckoLibLoad: Load nss start
06-22 17:07:23.818 23466 23485 E GeckoLibLoad: Load nss done
06-22 17:07:23.829 23466 23485 E GeckoLibLoad: Loaded libs in 10.270886ms total, 3ms(0ms) user, 6ms(9ms) system, 0(0) faults
06-22 17:07:23.829 23466 23485 W GeckoThread: zerdatime 103732810 - runGecko
06-22 17:07:35.295 19174 20329 E BLASTBufferQueue: BLASTBufferItemConsumer::onDisconnect()
06-22 17:07:35.298 19174 19174 E GeckoView: Failed to detach WindowInsetsListener: 
06-22 17:07:35.298 19174 19174 E GeckoView: 	at org.mozilla.geckoview.GeckoView.detachWindowInsetsListener(r8-map-id-63b85dcf50d0a62d9044da51012868b9346a190724658a110a7ef7adc34a34bb:1)
06-22 17:07:35.298 19174 19174 E GeckoView: 	at org.mozilla.geckoview.GeckoView.onDetachedFromWindow(r8-map-id-63b85dcf50d0a62d9044da51012868b9346a190724658a110a7ef7adc34a34bb:25)
06-22 17:07:35.298 19174 19174 E GeckoView: 	at helium314.keyboard.latin.panels.ImeGeckoView.onDetachedFromWindow(r8-map-id-63b85dcf50d0a62d9044da51012868b9346a190724658a110a7ef7adc34a34bb:1)
06-22 17:07:35.298 19174 19174 E GeckoView: 	at android.view.View.dispatchDetachedFromWindow(View.java:20955)
06-22 17:07:35.298 19174 19174 E GeckoView: 	at android.view.ViewGroup.dispatchDetachedFromWindow(ViewGroup.java:4014)
06-22 17:07:35.298 19174 19174 E GeckoView: 	at android.view.ViewGroup.removeViewInternal(ViewGroup.java:5660)
06-22 17:07:35.298 19174 19174 E GeckoView: 	at android.view.ViewGroup.removeViewInternal(ViewGroup.java:5631)
06-22 17:07:35.298 19174 19174 E GeckoView: 	at android.view.ViewGroup.removeView(ViewGroup.java:5562)
06-22 17:07:35.298 19174 19174 E GeckoView: 	at a8.t0.run(r8-map-id-63b85dcf50d0a62d9044da51012868b9346a190724658a110a7ef7adc34a34bb:1198)
06-22 17:07:35.298 19174 19174 E GeckoView: 	at helium314.keyboard.latin.panels.BrowserPanelView.R(r8-map-id-63b85dcf50d0a62d9044da51012868b9346a190724658a110a7ef7adc34a34bb:151)
06-22 17:07:35.298 19174 19174 E GeckoView: 	at helium314.keyboard.latin.panels.BrowserPanelView.I0(r8-map-id-63b85dcf50d0a62d9044da51012868b9346a190724658a110a7ef7adc34a34bb:73)
06-22 17:07:35.298 19174 19174 E GeckoView: 	at i7.c0.r(r8-map-id-63b85dcf50d0a62d9044da51012868b9346a190724658a110a7ef7adc34a34bb:149)
06-22 17:07:35.298 19174 19174 E GeckoView: 	at i7.c0.P(r8-map-id-63b85dcf50d0a62d9044da51012868b9346a190724658a110a7ef7adc34a34bb:17)
06-22 17:07:35.298 19174 19174 E GeckoView: 	at a8.h5.a(r8-map-id-63b85dcf50d0a62d9044da51012868b9346a190724658a110a7ef7adc34a34bb:3)
06-22 17:07:35.298 19174 19174 E GeckoView: 	at a8.f3.onClick(r8-map-id-63b85dcf50d0a62d9044da51012868b9346a190724658a110a7ef7adc34a34bb:207)
06-22 17:07:35.298 19174 19174 E GeckoView: 	at android.view.View.performClick(View.java:7488)
06-22 17:07:35.298 19174 19174 E GeckoView: 	at android.view.View.performClickInternal(View.java:7464)
06-22 17:07:35.298 19174 19174 E GeckoView: 	at android.view.View.access$3700(View.java:841)
06-22 17:07:35.298 19174 19174 E GeckoView: 	at android.view.View$PerformClick.run(View.java:28911)
06-22 17:07:35.298 19174 19174 E GeckoView: 	at android.os.Handler.handleCallback(Handler.java:938)
06-22 17:07:35.298 19174 19174 E GeckoView: 	at android.os.Handler.dispatchMessage(Handler.java:99)
06-22 17:07:35.298 19174 19174 E GeckoView: 	at android.os.Looper.loopOnce(Looper.java:233)
06-22 17:07:35.298 19174 19174 E GeckoView: 	at android.os.Looper.loop(Looper.java:344)
06-22 17:07:35.298 19174 19174 E GeckoView: 	at android.app.ActivityThread.main(ActivityThread.java:8212)
06-22 17:07:35.298 19174 19174 E GeckoView: 	at java.lang.reflect.Method.invoke(Native Method)
06-22 17:07:35.298 19174 19174 E GeckoView: 	at com.android.internal.os.RuntimeInit$MethodAndArgsCaller.run(RuntimeInit.java:584)
06-22 17:07:35.298 19174 19174 E GeckoView: 	at com.android.internal.os.ZygoteInit.main(ZygoteInit.java:1034)
06-22 17:07:35.848 19174 19174 I VkPanels: ▶ open menu
06-22 17:07:36.624 19174 19174 I VkTyping: ○ hidden
06-22 17:07:36.716 19174 19174 W Settings: Setting transition_animation_scale has moved from android.provider.Settings.System to android.provider.Settings.Global, returning read-only value.
06-22 17:07:40.458 19174 19291 E BLASTBufferQueue: BLASTBufferItemConsumer::onDisconnect()

... (160 Gecko cookie/JS warnings omitted)
... (692 GeckoConsole SessionStore lines omitted)
... (1 GeckoView detach warnings omitted)
... (73 SELinux audit lines omitted)

=== Feature activity (persisted across restarts) ===
2026-06-22 16:59:56.829643 I VkFavorites: save card Bitcoin Vibe activate=false
2026-06-22 16:59:56.905910 I VkFavorites: save card Doge Meme activate=false
2026-06-22 16:59:56.980046 I VkFavorites: save card Ethereum Vibes activate=false
2026-06-22 16:59:57.031391 I VkFavorites: save card India Popular City activate=false
2026-06-22 16:59:57.118361 I VkFavorites: save card Miami Beach Crypto activate=false
2026-06-22 16:59:57.186673 I VkFavorites: save card Nike Sneakers Crypto activate=false
2026-06-22 16:59:57.237783 I VkFavorites: save card Pepe Meme Frog activate=false
2026-06-22 16:59:57.294286 I VkFavorites: save card Times Square NFT activate=false
2026-06-22 16:59:57.356422 I VkMultilingual: reset main=pt-BR locales=[pt] count=1
2026-06-22 17:00:02.514019 I VkSwipe: ○ gesture canceled
2026-06-22 17:00:02.554321 I VkEffects: reload anim=scale blur=562px glow=true stickers=true
2026-06-22 17:00:02.652788 I VkTyping: ▶ open restart=false pkg=com.android.launcher inputType=589825
2026-06-22 17:00:04.708555 I VkPanels: ▶ open menu
2026-06-22 17:00:05.301909 I VkMultilingual: menu languages total=1
2026-06-22 17:00:14.493134 I VkPanels: ▶ open menu
2026-06-22 17:00:15.133936 I VkMultilingual: menu languages total=2
2026-06-22 17:00:17.848352 I VkPanels: ▶ open menu
2026-06-22 17:00:18.355659 I VkMultilingual: menu languages total=2
2026-06-22 17:00:18.922710 I VkMultilingual: menu languages total=2
2026-06-22 17:00:20.793140 I VkSuggestions: decode typedLen=1 candidates=0 locales=1 1,0ms
2026-06-22 17:00:20.794382 I VkSuggestions: strip composing typedLen=1 candidates=1 autocorrect=false top=h locale=pt
2026-06-22 17:00:20.995798 I VkSuggestions: decode typedLen=2 candidates=0 locales=1 0,3ms
2026-06-22 17:00:21.005159 I VkSuggestions: strip composing typedLen=2 candidates=1 autocorrect=false top=ho locale=pt
2026-06-22 17:00:21.205592 I VkSuggestions: decode typedLen=3 candidates=0 locales=1 0,3ms
2026-06-22 17:00:21.208528 I VkSuggestions: strip composing typedLen=3 candidates=1 autocorrect=false top=hol locale=pt
2026-06-22 17:00:21.325923 I VkSuggestions: decode typedLen=4 candidates=0 locales=1 0,3ms
2026-06-22 17:00:21.326969 I VkSuggestions: strip composing typedLen=4 candidates=1 autocorrect=false top=hola locale=pt
2026-06-22 17:00:21.894741 I VkAutocorrect: picked: hola
2026-06-22 17:00:22.007069 I VkSuggestions: strip prediction typedLen=0 candidates=1 autocorrect=false top=hola locale=pt
2026-06-22 17:00:23.065498 I VkSuggestions: decode typedLen=1 candidates=1 locales=1 0,6ms
2026-06-22 17:00:23.066795 I VkSuggestions: strip composing typedLen=1 candidates=2 autocorrect=false top=i locale=pt
2026-06-22 17:00:24.344593 I VkSuggestions: strip prediction typedLen=0 candidates=1 autocorrect=false top=hola locale=pt
2026-06-22 17:00:24.827939 I VkSuggestions: decode typedLen=1 candidates=0 locales=1 0,2ms
2026-06-22 17:00:24.828504 I VkSuggestions: strip composing typedLen=1 candidates=1 autocorrect=false top=a locale=pt
2026-06-22 17:00:25.009161 I VkSuggestions: decode typedLen=2 candidates=0 locales=1 0,2ms
2026-06-22 17:00:25.009712 I VkSuggestions: strip composing typedLen=2 candidates=1 autocorrect=false top=am locale=pt
2026-06-22 17:00:25.195497 I VkSuggestions: decode typedLen=3 candidates=0 locales=1 0,2ms
2026-06-22 17:00:25.196123 I VkSuggestions: strip composing typedLen=3 candidates=1 autocorrect=false top=ami locale=pt
2026-06-22 17:00:25.379654 I VkSuggestions: decode typedLen=4 candidates=0 locales=1 0,2ms
2026-06-22 17:00:25.380346 I VkSuggestions: strip composing typedLen=4 candidates=1 autocorrect=false top=amig locale=pt
2026-06-22 17:00:25.512827 I VkSuggestions: decode typedLen=5 candidates=0 locales=1 0,3ms
2026-06-22 17:00:25.514104 I VkSuggestions: strip composing typedLen=5 candidates=1 autocorrect=false top=amigo locale=pt
2026-06-22 17:00:25.912080 I VkAutocorrect: kept (typing): amigo
2026-06-22 17:00:26.014688 I VkSuggestions: strip prediction typedLen=0 candidates=2 autocorrect=false top=hola locale=pt
2026-06-22 17:00:26.507554 I VkSuggestions: decode typedLen=1 candidates=0 locales=1 0,2ms
2026-06-22 17:00:26.508117 I VkSuggestions: strip composing typedLen=1 candidates=1 autocorrect=false top=c locale=pt
