06-04 11:06:10.559 24156 24156 W View    : requestLayout() improperly called by helium314.keyboard.latin.panels.BrowserPanelView{2678806 V.E...... ........ 0,0-1440,2040} during second layout pass: posting in next frame
06-04 11:06:10.571 24156 24156 W View    : requestLayout() improperly called by helium314.keyboard.latin.panels.BrowserPanelView{2678806 V.E...... ......I. 0,0-1440,2040} during layout: running second layout pass
06-04 11:06:10.575 24156 24156 W View    : requestLayout() improperly called by helium314.keyboard.latin.panels.BrowserPanelView{2678806 V.E...... ........ 0,0-1440,2040} during second layout pass: posting in next frame
06-04 11:06:10.585 24730 24769 W Isolated Web Content: [JavaScript Warning: "Content-Security-Policy: Ignoring “'unsafe-inline'” within script-src: ‘strict-dynamic’ specified" {file: "https://www.google.com/recaptcha/api2/aframe" line: 0}]
06-04 11:06:10.586 24730 24769 W Isolated Web Content: [JavaScript Warning: "Content-Security-Policy: Ignoring “https:” within script-src: ‘strict-dynamic’ specified" {file: "https://www.google.com/recaptcha/api2/aframe" line: 0}]
06-04 11:06:10.586 24730 24769 W Isolated Web Content: [JavaScript Warning: "Content-Security-Policy: Ignoring “http:” within script-src: ‘strict-dynamic’ specified" {file: "https://www.google.com/recaptcha/api2/aframe" line: 0}]
06-04 11:06:10.586 24730 24769 W Isolated Web Content: [JavaScript Warning: "Content-Security-Policy: Ignoring “'unsafe-inline'” within script-src: nonce-source or hash-source specified" {file: "https://www.google.com/recaptcha/api2/aframe" line: 0}]
06-04 11:06:10.590 24156 24156 W View    : requestLayout() improperly called by helium314.keyboard.latin.panels.BrowserPanelView{2678806 V.E...... ......I. 0,0-1440,2040} during layout: running second layout pass
06-04 11:06:10.591 24744 24772 W Isolated Web Content: [JavaScript Warning: "This page is in Almost Standards Mode. Page layout may be impacted. For Standards Mode use “<!DOCTYPE html>”." {file: "https://btloader.com/trustedIframe.html?o=5714937848528896&upapi=true" line: 0}]
06-04 11:06:10.598 24156 24156 W View    : requestLayout() improperly called by helium314.keyboard.latin.panels.BrowserPanelView{2678806 V.E...... ........ 0,0-1440,2040} during second layout pass: posting in next frame
06-04 11:06:10.604 24156 24156 W View    : requestLayout() improperly called by helium314.keyboard.latin.panels.BrowserPanelView{2678806 V.E...... ......I. 0,0-1440,2040} during layout: running second layout pass
06-04 11:06:10.608 24156 24156 W View    : requestLayout() improperly called by helium314.keyboard.latin.panels.BrowserPanelView{2678806 V.E...... ........ 0,0-1440,2040} during second layout pass: posting in next frame
06-04 11:06:10.621 24156 24156 W View    : requestLayout() improperly called by helium314.keyboard.latin.panels.BrowserPanelView{2678806 V.E...... ......I. 0,0-1440,2040} during layout: running second layout pass
06-04 11:06:10.625 24156 24156 W View    : requestLayout() improperly called by helium314.keyboard.latin.panels.BrowserPanelView{2678806 V.E...... ........ 0,0-1440,2040} during second layout pass: posting in next frame
06-04 11:06:10.631 24600 24620 W Isolated Web Content: [JavaScript Warning: "WEBGL_debug_renderer_info is deprecated in Firefox and will be removed. Please use RENDERER." {file: "https://pagead2.googlesyndication.com/bg/OXwaDaq6f72xAhuqrmzlNA5owmDUfXXfSctljlYgh8A.js line 2 > eval line 7423 > eval line 1 > eval line 1 > eval" line: 1}]
06-04 11:06:10.637 24156 24156 W View    : requestLayout() improperly called by helium314.keyboard.latin.panels.BrowserPanelView{2678806 V.E...... ......I. 0,0-1440,2040} during layout: running second layout pass
06-04 11:06:10.641 24156 24156 W View    : requestLayout() improperly called by helium314.keyboard.latin.panels.BrowserPanelView{2678806 V.E...... ........ 0,0-1440,2040} during second layout pass: posting in next frame
06-04 11:06:10.654 24156 24156 W View    : requestLayout() improperly called by helium314.keyboard.latin.panels.BrowserPanelView{2678806 V.E...... ......I. 0,0-1440,2040} during layout: running second layout pass
06-04 11:06:10.665 24156 24156 W View    : requestLayout() improperly called by helium314.keyboard.latin.panels.BrowserPanelView{2678806 V.E...... ........ 0,0-1440,2040} during second layout pass: posting in next frame
06-04 11:06:10.671 24156 24156 W View    : requestLayout() improperly called by helium314.keyboard.latin.panels.BrowserPanelView{2678806 V.E...... ......I. 0,0-1440,2040} during layout: running second layout pass
06-04 11:06:10.681 24156 24156 W View    : requestLayout() improperly called by helium314.keyboard.latin.panels.BrowserPanelView{2678806 V.E...... ........ 0,0-1440,2040} during second layout pass: posting in next frame
06-04 11:06:10.688 24156 24156 W View    : requestLayout() improperly called by helium314.keyboard.latin.panels.BrowserPanelView{2678806 V.E...... ......I. 0,0-1440,2040} during layout: running second layout pass
06-04 11:06:10.692 24156 24156 W View    : requestLayout() improperly called by helium314.keyboard.latin.panels.BrowserPanelView{2678806 V.E...... ........ 0,0-1440,2040} during second layout pass: posting in next frame
06-04 11:06:10.704 24156 24156 W View    : requestLayout() improperly called by helium314.keyboard.latin.panels.BrowserPanelView{2678806 V.E...... ......I. 0,0-1440,2040} during layout: running second layout pass
06-04 11:06:10.707 24156 24156 W View    : requestLayout() improperly called by helium314.keyboard.latin.panels.BrowserPanelView{2678806 V.E...... ........ 0,0-1440,2040} during second layout pass: posting in next frame
06-04 11:06:10.721 24156 24156 W View    : requestLayout() improperly called by helium314.keyboard.latin.panels.BrowserPanelView{2678806 V.E...... ......I. 0,0-1440,2040} during layout: running second layout pass
06-04 11:06:10.725 24156 24156 W View    : requestLayout() improperly called by helium314.keyboard.latin.panels.BrowserPanelView{2678806 V.E...... ........ 0,0-1440,2040} during second layout pass: posting in next frame
06-04 11:06:10.737 24156 24156 W View    : requestLayout() improperly called by helium314.keyboard.latin.panels.BrowserPanelView{2678806 V.E...... ......I. 0,0-1440,2040} during layout: running second layout pass
06-04 11:06:10.741 24156 24156 W View    : requestLayout() improperly called by helium314.keyboard.latin.panels.BrowserPanelView{2678806 V.E...... ........ 0,0-1440,2040} during second layout pass: posting in next frame
06-04 11:06:10.754 24156 24156 W View    : requestLayout() improperly called by helium314.keyboard.latin.panels.BrowserPanelView{2678806 V.E...... ......I. 0,0-1440,2040} during layout: running second layout pass
06-04 11:06:10.760 24156 24156 W View    : requestLayout() improperly called by helium314.keyboard.latin.panels.BrowserPanelView{2678806 V.E...... ........ 0,0-1440,2040} during second layout pass: posting in next frame
06-04 11:06:10.774 24156 24156 W View    : requestLayout() improperly called by helium314.keyboard.latin.panels.BrowserPanelView{2678806 V.E...... ......I. 0,0-1440,2040} during layout: running second layout pass
06-04 11:06:10.778 24156 24156 W View    : requestLayout() improperly called by helium314.keyboard.latin.panels.BrowserPanelView{2678806 V.E...... ........ 0,0-1440,2040} during second layout pass: posting in next frame
06-04 11:06:10.788 24156 24156 W View    : requestLayout() improperly called by helium314.keyboard.latin.panels.BrowserPanelView{2678806 V.E...... ......I. 0,0-1440,2040} during layout: running second layout pass
06-04 11:06:10.792 24156 24156 W View    : requestLayout() improperly called by helium314.keyboard.latin.panels.BrowserPanelView{2678806 V.E...... ........ 0,0-1440,2040} during second layout pass: posting in next frame
06-04 11:06:10.805 24156 24156 W View    : requestLayout() improperly called by helium314.keyboard.latin.panels.BrowserPanelView{2678806 V.E...... ......I. 0,0-1440,2040} during layout: running second layout pass
06-04 11:06:10.809 24156 24156 W View    : requestLayout() improperly called by helium314.keyboard.latin.panels.BrowserPanelView{2678806 V.E...... ........ 0,0-1440,2040} during second layout pass: posting in next frame
06-04 11:06:10.821 24156 24156 W View    : requestLayout() improperly called by helium314.keyboard.latin.panels.BrowserPanelView{2678806 V.E...... ......I. 0,0-1440,2040} during layout: running second layout pass
06-04 11:06:10.825 24156 24156 W View    : requestLayout() improperly called by helium314.keyboard.latin.panels.BrowserPanelView{2678806 V.E...... ........ 0,0-1440,2040} during second layout pass: posting in next frame
06-04 11:06:10.838 24156 24156 W View    : requestLayout() improperly called by helium314.keyboard.latin.panels.BrowserPanelView{2678806 V.E...... ......I. 0,0-1440,2040} during layout: running second layout pass
06-04 11:06:10.846 24156 24156 W View    : requestLayout() improperly called by helium314.keyboard.latin.panels.BrowserPanelView{2678806 V.E...... ........ 0,0-1440,2040} during second layout pass: posting in next frame
06-04 11:06:10.855 24156 24156 W View    : requestLayout() improperly called by helium314.keyboard.latin.panels.BrowserPanelView{2678806 V.E...... ......I. 0,0-1440,2040} during layout: running second layout pass
06-04 11:06:10.863 24156 24156 W View    : requestLayout() improperly called by helium314.keyboard.latin.panels.BrowserPanelView{2678806 V.E...... ........ 0,0-1440,2040} during second layout pass: posting in next frame
06-04 11:06:10.871 24156 24156 W View    : requestLayout() improperly called by helium314.keyboard.latin.panels.BrowserPanelView{2678806 V.E...... ......I. 0,0-1440,2040} during layout: running second layout pass
06-04 11:06:10.876 24156 24156 W View    : requestLayout() improperly called by helium314.keyboard.latin.panels.BrowserPanelView{2678806 V.E...... ........ 0,0-1440,2040} during second layout pass: posting in next frame
06-04 11:06:10.889 24156 24156 W View    : requestLayout() improperly called by helium314.keyboard.latin.panels.BrowserPanelView{2678806 V.E...... ......I. 0,0-1440,2040} during layout: running second layout pass
06-04 11:06:10.893 24156 24156 W View    : requestLayout() improperly called by helium314.keyboard.latin.panels.BrowserPanelView{2678806 V.E...... ........ 0,0-1440,2040} during second layout pass: posting in next frame
06-04 11:06:10.906 24156 24156 W View    : requestLayout() improperly called by helium314.keyboard.latin.panels.BrowserPanelView{2678806 V.E...... ......I. 0,0-1440,2040} during layout: running second layout pass
06-04 11:06:10.909 24156 24156 W View    : requestLayout() improperly called by helium314.keyboard.latin.panels.BrowserPanelView{2678806 V.E...... ........ 0,0-1440,2040} during second layout pass: posting in next frame
06-04 11:06:10.921 24156 24156 W View    : requestLayout() improperly called by helium314.keyboard.latin.panels.BrowserPanelView{2678806 V.E...... ......I. 0,0-1440,2040} during layout: running second layout pass
06-04 11:06:10.926 24156 24156 W View    : requestLayout() improperly called by helium314.keyboard.latin.panels.BrowserPanelView{2678806 V.E...... ........ 0,0-1440,2040} during second layout pass: posting in next frame
06-04 11:06:10.938 24156 24156 W View    : requestLayout() improperly called by helium314.keyboard.latin.panels.BrowserPanelView{2678806 V.E...... ......I. 0,0-1440,2040} during layout: running second layout pass
06-04 11:06:10.943 24156 24156 W View    : requestLayout() improperly called by helium314.keyboard.latin.panels.BrowserPanelView{2678806 V.E...... ........ 0,0-1440,2040} during second layout pass: posting in next frame
06-04 11:06:10.955 24156 24156 W View    : requestLayout() improperly called by helium314.keyboard.latin.panels.BrowserPanelView{2678806 V.E...... ......I. 0,0-1440,2040} during layout: running second layout pass
06-04 11:06:10.959 24156 24156 W View    : requestLayout() improperly called by helium314.keyboard.latin.panels.BrowserPanelView{2678806 V.E...... ........ 0,0-1440,2040} during second layout pass: posting in next frame
06-04 11:06:10.971 24156 24156 W View    : requestLayout() improperly called by helium314.keyboard.latin.panels.BrowserPanelView{2678806 V.E...... ......I. 0,0-1440,2040} during layout: running second layout pass
06-04 11:06:10.975 24156 24156 W View    : requestLayout() improperly called by helium314.keyboard.latin.panels.BrowserPanelView{2678806 V.E...... ........ 0,0-1440,2040} during second layout pass: posting in next frame
06-04 11:06:10.988 24156 24156 W View    : requestLayout() improperly called by helium314.keyboard.latin.panels.BrowserPanelView{2678806 V.E...... ......I. 0,0-1440,2040} during layout: running second layout pass
06-04 11:06:10.992 24156 24156 W View    : requestLayout() improperly called by helium314.keyboard.latin.panels.BrowserPanelView{2678806 V.E...... ........ 0,0-1440,2040} during second layout pass: posting in next frame
06-04 11:06:11.005 24156 24156 W View    : requestLayout() improperly called by helium314.keyboard.latin.panels.BrowserPanelView{2678806 V.E...... ......I. 0,0-1440,2040} during layout: running second layout pass
06-04 11:06:11.008 24156 24156 W View    : requestLayout() improperly called by helium314.keyboard.latin.panels.BrowserPanelView{2678806 V.E...... ........ 0,0-1440,2040} during second layout pass: posting in next frame
06-04 11:06:11.022 24156 24156 W View    : requestLayout() improperly called by helium314.keyboard.latin.panels.BrowserPanelView{2678806 V.E...... ......I. 0,0-1440,2040} during layout: running second layout pass
06-04 11:06:11.026 24156 24156 W View    : requestLayout() improperly called by helium314.keyboard.latin.panels.BrowserPanelView{2678806 V.E...... ........ 0,0-1440,2040} during second layout pass: posting in next frame
06-04 11:06:11.038 24156 24156 W View    : requestLayout() improperly called by helium314.keyboard.latin.panels.BrowserPanelView{2678806 V.E...... ......ID 0,0-1440,2040} during layout: running second layout pass
06-04 11:06:11.042 24156 24156 W View    : requestLayout() improperly called by helium314.keyboard.latin.panels.BrowserPanelView{2678806 V.E...... ........ 0,0-1440,2040} during second layout pass: posting in next frame
06-04 11:06:11.055 24156 24156 W View    : requestLayout() improperly called by helium314.keyboard.latin.panels.BrowserPanelView{2678806 V.E...... ......I. 0,0-1440,2040} during layout: running second layout pass
06-04 11:06:11.059 24156 24156 W View    : requestLayout() improperly called by helium314.keyboard.latin.panels.BrowserPanelView{2678806 V.E...... ........ 0,0-1440,2040} during second layout pass: posting in next frame
06-04 11:06:11.072 24156 24156 W View    : requestLayout() improperly called by helium314.keyboard.latin.panels.BrowserPanelView{2678806 V.E...... ......I. 0,0-1440,2040} during layout: running second layout pass
06-04 11:06:11.076 24156 24156 W View    : requestLayout() improperly called by helium314.keyboard.latin.panels.BrowserPanelView{2678806 V.E...... ........ 0,0-1440,2040} during second layout pass: posting in next frame
06-04 11:06:11.088 24156 24156 W View    : requestLayout() improperly called by helium314.keyboard.latin.panels.BrowserPanelView{2678806 V.E...... ......I. 0,0-1440,2040} during layout: running second layout pass
06-04 11:06:11.092 24156 24156 E Toast   : setGravity() shouldn't be called on text toasts, the values won't be used
06-04 11:06:11.097 24156 24156 W View    : requestLayout() improperly called by helium314.keyboard.latin.panels.BrowserPanelView{2678806 V.E...... ......ID 0,0-1440,2040} during second layout pass: posting in next frame
06-04 11:06:11.106 24156 24156 W View    : requestLayout() improperly called by helium314.keyboard.latin.panels.BrowserPanelView{2678806 V.E...... ......ID 0,0-1440,2040} during layout: running second layout pass
06-04 11:06:11.110 24156 24156 W View    : requestLayout() improperly called by helium314.keyboard.latin.panels.BrowserPanelView{2678806 V.E...... ........ 0,0-1440,2040} during second layout pass: posting in next frame
06-04 11:06:11.122 24156 24156 W View    : requestLayout() improperly called by helium314.keyboard.latin.panels.BrowserPanelView{2678806 V.E...... ......I. 0,0-1440,2040} during layout: running second layout pass
06-04 11:06:11.126 24156 24156 W View    : requestLayout() improperly called by helium314.keyboard.latin.panels.BrowserPanelView{2678806 V.E...... ........ 0,0-1440,2040} during second layout pass: posting in next frame
06-04 11:06:11.139 24156 24156 W View    : requestLayout() improperly called by helium314.keyboard.latin.panels.BrowserPanelView{2678806 V.E...... ......I. 0,0-1440,2040} during layout: running second layout pass
06-04 11:06:11.143 24156 24156 W View    : requestLayout() improperly called by helium314.keyboard.latin.panels.BrowserPanelView{2678806 V.E...... ........ 0,0-1440,2040} during second layout pass: posting in next frame
06-04 11:06:11.157 24156 24156 W View    : requestLayout() improperly called by helium314.keyboard.latin.panels.BrowserPanelView{2678806 V.E...... ......I. 0,0-1440,2040} during layout: running second layout pass
06-04 11:06:11.160 24156 24156 W View    : requestLayout() improperly called by helium314.keyboard.latin.panels.BrowserPanelView{2678806 V.E...... ........ 0,0-1440,2040} during second layout pass: posting in next frame
06-04 11:06:11.172 24156 24156 W View    : requestLayout() improperly called by helium314.keyboard.latin.panels.BrowserPanelView{2678806 V.E...... ......I. 0,0-1440,2040} during layout: running second layout pass
06-04 11:06:11.176 24156 24156 W View    : requestLayout() improperly called by helium314.keyboard.latin.panels.BrowserPanelView{2678806 V.E...... ........ 0,0-1440,2040} during second layout pass: posting in next frame
06-04 11:06:11.189 24156 24156 W View    : requestLayout() improperly called by helium314.keyboard.latin.panels.BrowserPanelView{2678806 V.E...... ......I. 0,0-1440,2040} during layout: running second layout pass
06-04 11:06:11.192 24156 24156 W View    : requestLayout() improperly called by helium314.keyboard.latin.panels.BrowserPanelView{2678806 V.E...... ........ 0,0-1440,2040} during second layout pass: posting in next frame
06-04 11:06:11.206 24156 24156 W View    : requestLayout() improperly called by helium314.keyboard.latin.panels.BrowserPanelView{2678806 V.E...... ......I. 0,0-1440,2040} during layout: running second layout pass
06-04 11:06:11.209 24156 24156 W View    : requestLayout() improperly called by helium314.keyboard.latin.panels.BrowserPanelView{2678806 V.E...... ........ 0,0-1440,2040} during second layout pass: posting in next frame
06-04 11:06:11.222 24156 24156 W View    : requestLayout() improperly called by helium314.keyboard.latin.panels.BrowserPanelView{2678806 V.E...... ......I. 0,0-1440,2040} during layout: running second layout pass
06-04 11:06:11.225 24156 24156 W View    : requestLayout() improperly called by helium314.keyboard.latin.panels.BrowserPanelView{2678806 V.E...... ........ 0,0-1440,2040} during second layout pass: posting in next frame
06-04 11:06:11.239 24156 24156 W View    : requestLayout() improperly called by helium314.keyboard.latin.panels.BrowserPanelView{2678806 V.E...... ......I. 0,0-1440,2040} during layout: running second layout pass
06-04 11:06:11.243 24156 24156 W View    : requestLayout() improperly called by helium314.keyboard.latin.panels.BrowserPanelView{2678806 V.E...... ........ 0,0-1440,2040} during second layout pass: posting in next frame
06-04 11:06:11.244 24480 24497 E Isolated Web Content: [JavaScript Error: "Cookie “au_3p_check” has been rejected for invalid domain." {file: "https://www.drudgereport.com/" line: 0}]
06-04 11:06:11.256 24156 24156 W View    : requestLayout() improperly called by helium314.keyboard.latin.panels.BrowserPanelView{2678806 V.E...... ......I. 0,0-1440,2040} during layout: running second layout pass
06-04 11:06:11.259 24156 24156 W View    : requestLayout() improperly called by helium314.keyboard.latin.panels.BrowserPanelView{2678806 V.E...... ........ 0,0-1440,2040} during second layout pass: posting in next frame
06-04 11:06:11.272 24156 24156 W View    : requestLayout() improperly called by helium314.keyboard.latin.panels.BrowserPanelView{2678806 V.E...... ......I. 0,0-1440,2040} during layout: running second layout pass
06-04 11:06:11.276 24156 24156 W View    : requestLayout() improperly called by helium314.keyboard.latin.panels.BrowserPanelView{2678806 V.E...... ........ 0,0-1440,2040} during second layout pass: posting in next frame
06-04 11:06:11.266 24156 24156 W com.vibekey.keyboard: type=1400 audit(0.0:111053): avc: denied { nlmsg_readpriv } for comm=536F636B657420546872656164 scontext=u:r:untrusted_app:s0:c80,c271,c512,c768 tcontext=u:r:untrusted_app:s0:c80,c271,c512,c768 tclass=netlink_route_socket permissive=0 bug=b/155595000 app=com.vibekey.keyboard
06-04 11:06:11.289 24156 24156 W View    : requestLayout() improperly called by helium314.keyboard.latin.panels.BrowserPanelView{2678806 V.E...... ......I. 0,0-1440,2040} during layout: running second layout pass
06-04 11:06:11.293 24156 24156 W View    : requestLayout() improperly called by helium314.keyboard.latin.panels.BrowserPanelView{2678806 V.E...... ........ 0,0-1440,2040} during second layout pass: posting in next frame
06-04 11:06:11.306 24156 24156 W View    : requestLayout() improperly called by helium314.keyboard.latin.panels.BrowserPanelView{2678806 V.E...... ......I. 0,0-1440,2040} during layout: running second layout pass
06-04 11:06:11.311 24156 24156 W View    : requestLayout() improperly called by helium314.keyboard.latin.panels.BrowserPanelView{2678806 V.E...... ........ 0,0-1440,2040} during second layout pass: posting in next frame
06-04 11:06:11.322 24156 24156 W View    : requestLayout() improperly called by helium314.keyboard.latin.panels.BrowserPanelView{2678806 V.E...... ......I. 0,0-1440,2040} during layout: running second layout pass
06-04 11:06:11.327 24156 24156 W View    : requestLayout() improperly called by helium314.keyboard.latin.panels.BrowserPanelView{2678806 V.E...... ........ 0,0-1440,2040} during second layout pass: posting in next frame
06-04 11:06:11.334 24889 24889 E .keyboard:tab3: Unknown bits set in runtime_flags: 0x40000000
06-04 11:06:11.340 24156 24156 W View    : requestLayout() improperly called by helium314.keyboard.latin.panels.BrowserPanelView{2678806 V.E...... ......I. 0,0-1440,2040} during layout: running second layout pass
06-04 11:06:11.345 24156 24156 W View    : requestLayout() improperly called by helium314.keyboard.latin.panels.BrowserPanelView{2678806 V.E...... ........ 0,0-1440,2040} during second layout pass: posting in next frame
06-04 11:06:11.358 24156 24156 W View    : requestLayout() improperly called by helium314.keyboard.latin.panels.BrowserPanelView{2678806 V.E...... ......I. 0,0-1440,2040} during layout: running second layout pass
06-04 11:06:11.369 24156 24156 W View    : requestLayout() improperly called by helium314.keyboard.latin.panels.BrowserPanelView{2678806 V.E...... ........ 0,0-1440,2040} during second layout pass: posting in next frame
06-04 11:06:11.374 24156 24156 W View    : requestLayout() improperly called by helium314.keyboard.latin.panels.BrowserPanelView{2678806 V.E...... ......I. 0,0-1440,2040} during layout: running second layout pass
06-04 11:06:11.379 24156 24156 W View    : requestLayout() improperly called by helium314.keyboard.latin.panels.BrowserPanelView{2678806 V.E...... ........ 0,0-1440,2040} during second layout pass: posting in next frame
06-04 11:06:11.376 24156 24156 W com.vibekey.keyboard: type=1400 audit(0.0:111054): avc: denied { nlmsg_readpriv } for comm=536F636B657420546872656164 scontext=u:r:untrusted_app:s0:c80,c271,c512,c768 tcontext=u:r:untrusted_app:s0:c80,c271,c512,c768 tclass=netlink_route_socket permissive=0 bug=b/155595000 app=com.vibekey.keyboard
06-04 11:06:11.390 24156 24156 W View    : requestLayout() improperly called by helium314.keyboard.latin.panels.BrowserPanelView{2678806 V.E...... ......I. 0,0-1440,2040} during layout: running second layout pass
06-04 11:06:11.397 24156 24156 W View    : requestLayout() improperly called by helium314.keyboard.latin.panels.BrowserPanelView{2678806 V.E...... ........ 0,0-1440,2040} during second layout pass: posting in next frame
06-04 11:06:11.407 24156 24156 W View    : requestLayout() improperly called by helium314.keyboard.latin.panels.BrowserPanelView{2678806 V.E...... ......I. 0,0-1440,2040} during layout: running second layout pass
06-04 11:06:11.420 24156 24156 W View    : requestLayout() improperly called by helium314.keyboard.latin.panels.BrowserPanelView{2678806 V.E...... ........ 0,0-1440,2040} during second layout pass: posting in next frame
06-04 11:06:11.424 24156 24156 W View    : requestLayout() improperly called by helium314.keyboard.latin.panels.BrowserPanelView{2678806 V.E...... ......I. 0,0-1440,2040} during layout: running second layout pass
06-04 11:06:11.434 24156 24156 W View    : requestLayout() improperly called by helium314.keyboard.latin.panels.BrowserPanelView{2678806 V.E...... ........ 0,0-1440,2040} during second layout pass: posting in next frame
06-04 11:06:11.435 24889 24913 E GeckoLibLoad: Load sqlite start
06-04 11:06:11.436 24889 24913 E GeckoLibLoad: Load sqlite done
06-04 11:06:11.436 24889 24913 E GeckoLibLoad: Load nss start
06-04 11:06:11.436 24889 24913 E GeckoLibLoad: Load nss done
06-04 11:06:11.440 24156 24156 W View    : requestLayout() improperly called by helium314.keyboard.latin.panels.BrowserPanelView{2678806 V.E...... ......I. 0,0-1440,2040} during layout: running second layout pass
06-04 11:06:11.445 24156 24156 W View    : requestLayout() improperly called by helium314.keyboard.latin.panels.BrowserPanelView{2678806 V.E...... ........ 0,0-1440,2040} during second layout pass: posting in next frame
06-04 11:06:11.454 24889 24913 E GeckoLibLoad: Loaded libs in 18.009635ms total, 2ms(0ms) user, 7ms(8ms) system, 0(0) faults
06-04 11:06:11.454 24889 24913 W GeckoThread: zerdatime 262414315 - runGecko
06-04 11:06:11.460 24156 24156 W View    : requestLayout() improperly called by helium314.keyboard.latin.panels.BrowserPanelView{2678806 V.E...... ......I. 0,0-1440,2040} during layout: running second layout pass
06-04 11:06:11.465 24156 24156 W View    : requestLayout() improperly called by helium314.keyboard.latin.panels.BrowserPanelView{2678806 V.E...... ........ 0,0-1440,2040} during second layout pass: posting in next frame
06-04 11:06:11.473 24156 24156 W View    : requestLayout() improperly called by helium314.keyboard.latin.panels.BrowserPanelView{2678806 V.E...... ......I. 0,0-1440,2040} during layout: running second layout pass
06-04 11:06:11.490 24156 24156 W View    : requestLayout() improperly called by helium314.keyboard.latin.panels.BrowserPanelView{2678806 V.E...... ........ 0,0-1440,2040} during second layout pass: posting in next frame
06-04 11:06:11.493 24156 24156 W View    : requestLayout() improperly called by helium314.keyboard.latin.panels.BrowserPanelView{2678806 V.E...... ......I. 0,0-1440,2040} during layout: running second layout pass
06-04 11:06:11.502 24156 24156 W View    : requestLayout() improperly called by helium314.keyboard.latin.panels.BrowserPanelView{2678806 V.E...... ........ 0,0-1440,2040} during second layout pass: posting in next frame
06-04 11:06:11.507 24156 24156 W View    : requestLayout() improperly called by helium314.keyboard.latin.panels.BrowserPanelView{2678806 V.E...... ......I. 0,0-1440,2040} during layout: running second layout pass
06-04 11:06:11.509 24917 24917 E .keyboard:tab1: Unknown bits set in runtime_flags: 0x40000000
06-04 11:06:11.516 24156 24156 W com.vibekey.keyboard: type=1400 audit(0.0:111055): avc: denied { nlmsg_readpriv } for comm=536F636B657420546872656164 scontext=u:r:untrusted_app:s0:c80,c271,c512,c768 tcontext=u:r:untrusted_app:s0:c80,c271,c512,c768 tclass=netlink_route_socket permissive=0 bug=b/155595000 app=com.vibekey.keyboard
06-04 11:06:11.533 24156 24156 W View    : requestLayout() improperly called by helium314.keyboard.latin.panels.BrowserPanelView{2678806 V.E...... ........ 0,0-1440,2040} during second layout pass: posting in next frame
06-04 11:06:11.534 24156 24156 W View    : requestLayout() improperly called by helium314.keyboard.latin.panels.BrowserPanelView{2678806 V.E...... ......I. 0,0-1440,2040} during layout: running second layout pass
06-04 11:06:11.540 24156 24156 W View    : requestLayout() improperly called by helium314.keyboard.latin.panels.BrowserPanelView{2678806 V.E...... .......D 0,0-1440,2040} during second layout pass: posting in next frame
06-04 11:06:11.541 24156 24156 W View    : requestLayout() improperly called by helium314.keyboard.latin.panels.BrowserPanelView{2678806 V.E...... ......ID 0,0-1440,2040} during layout: running second layout pass
06-04 11:06:11.565 24156 24156 W View    : requestLayout() improperly called by helium314.keyboard.latin.panels.BrowserPanelView{2678806 V.E...... ........ 0,0-1440,2040} during second layout pass: posting in next frame
06-04 11:06:11.566 24156 24156 W View    : requestLayout() improperly called by helium314.keyboard.latin.panels.BrowserPanelView{2678806 V.E...... ......I. 0,0-1440,2040} during layout: running second layout pass
06-04 11:06:11.574 24156 24156 W View    : requestLayout() improperly called by helium314.keyboard.latin.panels.BrowserPanelView{2678806 V.E...... ........ 0,0-1440,2040} during second layout pass: posting in next frame
06-04 11:06:11.576 24156 24156 W View    : requestLayout() improperly called by helium314.keyboard.latin.panels.BrowserPanelView{2678806 V.E...... ......I. 0,0-1440,2040} during layout: running second layout pass
06-04 11:06:11.592 24156 24156 W View    : requestLayout() improperly called by helium314.keyboard.latin.panels.BrowserPanelView{2678806 V.E...... ........ 0,0-1440,2040} during second layout pass: posting in next frame
06-04 11:06:11.594 24156 24156 W View    : requestLayout() improperly called by helium314.keyboard.latin.panels.BrowserPanelView{2678806 V.E...... ......I. 0,0-1440,2040} during layout: running second layout pass
06-04 11:06:11.608 24156 24156 W View    : requestLayout() improperly called by helium314.keyboard.latin.panels.BrowserPanelView{2678806 V.E...... ........ 0,0-1440,2040} during second layout pass: posting in next frame
06-04 11:06:11.609 24156 24156 W View    : requestLayout() improperly called by helium314.keyboard.latin.panels.BrowserPanelView{2678806 V.E...... ......I. 0,0-1440,2040} during layout: running second layout pass
06-04 11:06:11.631 24917 24960 E GeckoLibLoad: Load sqlite start
06-04 11:06:11.633 24889 24913 W Isolated Web Content: [JavaScript Warning: "The meta tag declaring the character encoding of the document should be moved to start of the head part of the document." {file: "https://static.fsrv.io/load-cookie.html?endpoint=https%3A%2F%2Fpbs.fsrv.io%2Fcookie_sync&max_sync_count=10&args=us_privacy%3A1YNN" line: 1}]
06-04 11:06:11.633 24156 24156 W View    : requestLayout() improperly called by helium314.keyboard.latin.panels.BrowserPanelView{2678806 V.E...... ........ 0,0-1440,2040} during second layout pass: posting in next frame
06-04 11:06:11.635 24156 24156 W View    : requestLayout() improperly called by helium314.keyboard.latin.panels.BrowserPanelView{2678806 V.E...... ......I. 0,0-1440,2040} during layout: running second layout pass
06-04 11:06:11.636 24917 24960 E GeckoLibLoad: Load sqlite done
06-04 11:06:11.638 24917 24960 E GeckoLibLoad: Load nss start
06-04 11:06:11.638 24917 24960 E GeckoLibLoad: Load nss done
06-04 11:06:11.642 24156 24156 W View    : requestLayout() improperly called by helium314.keyboard.latin.panels.BrowserPanelView{2678806 V.E...... ........ 0,0-1440,2040} during second layout pass: posting in next frame
06-04 11:06:11.644 24156 24156 W View    : requestLayout() improperly called by helium314.keyboard.latin.panels.BrowserPanelView{2678806 V.E...... ......I. 0,0-1440,2040} during layout: running second layout pass
06-04 11:06:11.652 24917 24960 E GeckoLibLoad: Loaded libs in 13.531614ms total, 2ms(8ms) user, 0ms(2ms) system, 0(0) faults
06-04 11:06:11.652 24917 24960 W GeckoThread: zerdatime 262414513 - runGecko
06-04 11:06:11.646 24156 24156 W com.vibekey.keyboard: type=1400 audit(0.0:111056): avc: denied { nlmsg_readpriv } for comm=536F636B657420546872656164 scontext=u:r:untrusted_app:s0:c80,c271,c512,c768 tcontext=u:r:untrusted_app:s0:c80,c271,c512,c768 tclass=netlink_route_socket permissive=0 bug=b/155595000 app=com.vibekey.keyboard
06-04 11:06:11.658 24156 24156 W View    : requestLayout() improperly called by helium314.keyboard.latin.panels.BrowserPanelView{2678806 V.E...... ........ 0,0-1440,2040} during second layout pass: posting in next frame
06-04 11:06:11.660 24156 24156 W View    : requestLayout() improperly called by helium314.keyboard.latin.panels.BrowserPanelView{2678806 V.E...... ......I. 0,0-1440,2040} during layout: running second layout pass
06-04 11:06:11.676 24156 24156 W View    : requestLayout() improperly called by helium314.keyboard.latin.panels.BrowserPanelView{2678806 V.E...... ........ 0,0-1440,2040} during second layout pass: posting in next frame
06-04 11:06:11.678 24156 24156 W View    : requestLayout() improperly called by helium314.keyboard.latin.panels.BrowserPanelView{2678806 V.E...... ......I. 0,0-1440,2040} during layout: running second layout pass
06-04 11:06:11.676 24156 24156 W com.vibekey.keyboard: type=1400 audit(0.0:111057): avc: denied { nlmsg_readpriv } for comm=536F636B657420546872656164 scontext=u:r:untrusted_app:s0:c80,c271,c512,c768 tcontext=u:r:untrusted_app:s0:c80,c271,c512,c768 tclass=netlink_route_socket permissive=0 bug=b/155595000 app=com.vibekey.keyboard
06-04 11:06:11.691 24156 24156 W View    : requestLayout() improperly called by helium314.keyboard.latin.panels.BrowserPanelView{2678806 V.E...... ........ 0,0-1440,2040} during second layout pass: posting in next frame
06-04 11:06:11.694 24156 24156 W View    : requestLayout() improperly called by helium314.keyboard.latin.panels.BrowserPanelView{2678806 V.E...... ......I. 0,0-1440,2040} during layout: running second layout pass
06-04 11:06:11.716 24156 24156 W View    : requestLayout() improperly called by helium314.keyboard.latin.panels.BrowserPanelView{2678806 V.E...... ........ 0,0-1440,2040} during second layout pass: posting in next frame
06-04 11:06:11.718 24156 24156 W View    : requestLayout() improperly called by helium314.keyboard.latin.panels.BrowserPanelView{2678806 V.E...... ......I. 0,0-1440,2040} during layout: running second layout pass
06-04 11:06:11.733 24156 24156 W View    : requestLayout() improperly called by helium314.keyboard.latin.panels.BrowserPanelView{2678806 V.E...... ........ 0,0-1440,2040} during second layout pass: posting in next frame
06-04 11:06:11.737 24156 24156 W View    : requestLayout() improperly called by helium314.keyboard.latin.panels.BrowserPanelView{2678806 V.E...... ......I. 0,0-1440,2040} during layout: running second layout pass
06-04 11:06:11.740 24480 24497 W Isolated Web Content: [JavaScript Warning: "The script from “https://pixels.ad.gt/api/v1/getpixels?tagger_id=ca4b8c2d8a3e623fd40549a9ea34b9e6&url=https%3A%2F%2Fwww.drudgereport.com%2F&code=%27none%27” was loaded even though its MIME type (“”) is not a valid JavaScript MIME type." {file: "https://www.drudgereport.com/" line: 0}]
06-04 11:06:11.749 24156 24156 W View    : requestLayout() improperly called by helium314.keyboard.latin.panels.BrowserPanelView{2678806 V.E...... ........ 0,0-1440,2040} during second layout pass: posting in next frame
06-04 11:06:11.751 24156 24156 W View    : requestLayout() improperly called by helium314.keyboard.latin.panels.BrowserPanelView{2678806 V.E...... ......I. 0,0-1440,2040} during layout: running second layout pass
06-04 11:06:11.766 24156 24156 W View    : requestLayout() improperly called by helium314.keyboard.latin.panels.BrowserPanelView{2678806 V.E...... ........ 0,0-1440,2040} during second layout pass: posting in next frame
06-04 11:06:11.768 24156 24156 W View    : requestLayout() improperly called by helium314.keyboard.latin.panels.BrowserPanelView{2678806 V.E...... ......I. 0,0-1440,2040} during layout: running second layout pass
06-04 11:06:11.775 24156 24156 W View    : requestLayout() improperly called by helium314.keyboard.latin.panels.BrowserPanelView{2678806 V.E...... ........ 0,0-1440,2040} during second layout pass: posting in next frame
06-04 11:06:11.777 24156 24156 W View    : requestLayout() improperly called by helium314.keyboard.latin.panels.BrowserPanelView{2678806 V.E...... ......I. 0,0-1440,2040} during layout: running second layout pass
06-04 11:06:11.792 24156 24156 W View    : requestLayout() improperly called by helium314.keyboard.latin.panels.BrowserPanelView{2678806 V.E...... ........ 0,0-1440,2040} during second layout pass: posting in next frame
06-04 11:06:11.794 24156 24156 W View    : requestLayout() improperly called by helium314.keyboard.latin.panels.BrowserPanelView{2678806 V.E...... ......I. 0,0-1440,2040} during layout: running second layout pass
06-04 11:06:11.808 24156 24156 W View    : requestLayout() improperly called by helium314.keyboard.latin.panels.BrowserPanelView{2678806 V.E...... ........ 0,0-1440,2040} during second layout pass: posting in next frame
06-04 11:06:11.810 24156 24156 W View    : requestLayout() improperly called by helium314.keyboard.latin.panels.BrowserPanelView{2678806 V.E...... ......I. 0,0-1440,2040} during layout: running second layout pass
06-04 11:06:11.832 24156 24156 W View    : requestLayout() improperly called by helium314.keyboard.latin.panels.BrowserPanelView{2678806 V.E...... ........ 0,0-1440,2040} during second layout pass: posting in next frame
06-04 11:06:11.834 24156 24156 W View    : requestLayout() improperly called by helium314.keyboard.latin.panels.BrowserPanelView{2678806 V.E...... ......I. 0,0-1440,2040} during layout: running second layout pass
06-04 11:06:11.843 24156 24156 W View    : requestLayout() improperly called by helium314.keyboard.latin.panels.BrowserPanelView{2678806 V.E...... ........ 0,0-1440,2040} during second layout pass: posting in next frame
06-04 11:06:11.845 24156 24156 W View    : requestLayout() improperly called by helium314.keyboard.latin.panels.BrowserPanelView{2678806 V.E...... ......I. 0,0-1440,2040} during layout: running second layout pass
06-04 11:06:11.858 24156 24156 W View    : requestLayout() improperly called by helium314.keyboard.latin.panels.BrowserPanelView{2678806 V.E...... ........ 0,0-1440,2040} during second layout pass: posting in next frame
06-04 11:06:11.859 24156 24156 W View    : requestLayout() improperly called by helium314.keyboard.latin.panels.BrowserPanelView{2678806 V.E...... ......I. 0,0-1440,2040} during layout: running second layout pass
06-04 11:06:11.875 24156 24156 W View    : requestLayout() improperly called by helium314.keyboard.latin.panels.BrowserPanelView{2678806 V.E...... ........ 0,0-1440,2040} during second layout pass: posting in next frame
06-04 11:06:11.876 24156 24156 W View    : requestLayout() improperly called by helium314.keyboard.latin.panels.BrowserPanelView{2678806 V.E...... ......I. 0,0-1440,2040} during layout: running second layout pass
06-04 11:06:11.891 24156 24156 W View    : requestLayout() improperly called by helium314.keyboard.latin.panels.BrowserPanelView{2678806 V.E...... ........ 0,0-1440,2040} during second layout pass: posting in next frame
06-04 11:06:11.893 24156 24156 W View    : requestLayout() improperly called by helium314.keyboard.latin.panels.BrowserPanelView{2678806 V.E...... ......I. 0,0-1440,2040} during layout: running second layout pass
06-04 11:06:11.911 24156 24156 W View    : requestLayout() improperly called by helium314.keyboard.latin.panels.BrowserPanelView{2678806 V.E...... ........ 0,0-1440,2040} during second layout pass: posting in next frame
06-04 11:06:11.912 24156 24156 W View    : requestLayout() improperly called by helium314.keyboard.latin.panels.BrowserPanelView{2678806 V.E...... ......I. 0,0-1440,2040} during layout: running second layout pass
06-04 11:06:11.925 24156 24156 W View    : requestLayout() improperly called by helium314.keyboard.latin.panels.BrowserPanelView{2678806 V.E...... ........ 0,0-1440,2040} during second layout pass: posting in next frame
06-04 11:06:11.926 24156 24156 W View    : requestLayout() improperly called by helium314.keyboard.latin.panels.BrowserPanelView{2678806 V.E...... ......I. 0,0-1440,2040} during layout: running second layout pass
06-04 11:06:11.941 24156 24156 W View    : requestLayout() improperly called by helium314.keyboard.latin.panels.BrowserPanelView{2678806 V.E...... ........ 0,0-1440,2040} during second layout pass: posting in next frame
06-04 11:06:11.943 24156 24156 W View    : requestLayout() improperly called by helium314.keyboard.latin.panels.BrowserPanelView{2678806 V.E...... ......I. 0,0-1440,2040} during layout: running second layout pass
06-04 11:06:11.966 24156 24156 W View    : requestLayout() improperly called by helium314.keyboard.latin.panels.BrowserPanelView{2678806 V.E...... ........ 0,0-1440,2040} during second layout pass: posting in next frame
06-04 11:06:11.969 24156 24156 W View    : requestLayout() improperly called by helium314.keyboard.latin.panels.BrowserPanelView{2678806 V.E...... ......I. 0,0-1440,2040} during layout: running second layout pass
06-04 11:06:11.977 24156 24156 W View    : requestLayout() improperly called by helium314.keyboard.latin.panels.BrowserPanelView{2678806 V.E...... ........ 0,0-1440,2040} during second layout pass: posting in next frame
06-04 11:06:11.978 24156 24156 W View    : requestLayout() improperly called by helium314.keyboard.latin.panels.BrowserPanelView{2678806 V.E...... ......I. 0,0-1440,2040} during layout: running second layout pass
06-04 11:06:11.991 24156 24156 W View    : requestLayout() improperly called by helium314.keyboard.latin.panels.BrowserPanelView{2678806 V.E...... ........ 0,0-1440,2040} during second layout pass: posting in next frame
06-04 11:06:11.993 24156 24156 W View    : requestLayout() improperly called by helium314.keyboard.latin.panels.BrowserPanelView{2678806 V.E...... ......I. 0,0-1440,2040} during layout: running second layout pass
06-04 11:06:12.009 24156 24156 W View    : requestLayout() improperly called by helium314.keyboard.latin.panels.BrowserPanelView{2678806 V.E...... ........ 0,0-1440,2040} during second layout pass: posting in next frame
06-04 11:06:12.010 24156 24156 W View    : requestLayout() improperly called by helium314.keyboard.latin.panels.BrowserPanelView{2678806 V.E...... ......I. 0,0-1440,2040} during layout: running second layout pass
06-04 11:06:12.032 24156 24156 W View    : requestLayout() improperly called by helium314.keyboard.latin.panels.BrowserPanelView{2678806 V.E...... ........ 0,0-1440,2040} during second layout pass: posting in next frame
06-04 11:06:12.034 24156 24156 W View    : requestLayout() improperly called by helium314.keyboard.latin.panels.BrowserPanelView{2678806 V.E...... ......I. 0,0-1440,2040} during layout: running second layout pass
06-04 11:06:12.043 24156 24156 W View    : requestLayout() improperly called by helium314.keyboard.latin.panels.BrowserPanelView{2678806 V.E...... ........ 0,0-1440,2040} during second layout pass: posting in next frame
06-04 11:06:12.045 24156 24156 W View    : requestLayout() improperly called by helium314.keyboard.latin.panels.BrowserPanelView{2678806 V.E...... ......I. 0,0-1440,2040} during layout: running second layout pass
06-04 11:06:12.058 24156 24156 W View    : requestLayout() improperly called by helium314.keyboard.latin.panels.BrowserPanelView{2678806 V.E...... .......D 0,0-1440,2040} during second layout pass: posting in next frame
06-04 11:06:12.060 24156 24156 W View    : requestLayout() improperly called by helium314.keyboard.latin.panels.BrowserPanelView{2678806 V.E...... ......ID 0,0-1440,2040} during layout: running second layout pass
06-04 11:06:12.080 24156 24156 W View    : requestLayout() improperly called by helium314.keyboard.latin.panels.BrowserPanelView{2678806 V.E...... ........ 0,0-1440,2040} during second layout pass: posting in next frame
06-04 11:06:12.082 24156 24156 W View    : requestLayout() improperly called by helium314.keyboard.latin.panels.BrowserPanelView{2678806 V.E...... ......I. 0,0-1440,2040} during layout: running second layout pass
06-04 11:06:12.092 24156 24156 W View    : requestLayout() improperly called by helium314.keyboard.latin.panels.BrowserPanelView{2678806 V.E...... ........ 0,0-1440,2040} during second layout pass: posting in next frame
06-04 11:06:12.094 24156 24156 W View    : requestLayout() improperly called by helium314.keyboard.latin.panels.BrowserPanelView{2678806 V.E...... ......I. 0,0-1440,2040} during layout: running second layout pass
06-04 11:06:12.109 24156 24156 W View    : requestLayout() improperly called by helium314.keyboard.latin.panels.BrowserPanelView{2678806 V.E...... ........ 0,0-1440,2040} during second layout pass: posting in next frame
06-04 11:06:12.111 24156 24156 W View    : requestLayout() improperly called by helium314.keyboard.latin.panels.BrowserPanelView{2678806 V.E...... ......I. 0,0-1440,2040} during layout: running second layout pass
06-04 11:06:12.125 24156 24156 W View    : requestLayout() improperly called by helium314.keyboard.latin.panels.BrowserPanelView{2678806 V.E...... ........ 0,0-1440,2040} during second layout pass: posting in next frame
06-04 11:06:12.127 24156 24156 W View    : requestLayout() improperly called by helium314.keyboard.latin.panels.BrowserPanelView{2678806 V.E...... ......I. 0,0-1440,2040} during layout: running second layout pass
06-04 11:06:12.142 24156 24156 W View    : requestLayout() improperly called by helium314.keyboard.latin.panels.BrowserPanelView{2678806 V.E...... ........ 0,0-1440,2040} during second layout pass: posting in next frame
06-04 11:06:12.144 24156 24156 W View    : requestLayout() improperly called by helium314.keyboard.latin.panels.BrowserPanelView{2678806 V.E...... ......I. 0,0-1440,2040} during layout: running second layout pass
06-04 11:06:12.159 24156 24156 W View    : requestLayout() improperly called by helium314.keyboard.latin.panels.BrowserPanelView{2678806 V.E...... ........ 0,0-1440,2040} during second layout pass: posting in next frame
06-04 11:06:12.161 24156 24156 W View    : requestLayout() improperly called by helium314.keyboard.latin.panels.BrowserPanelView{2678806 V.E...... ......I. 0,0-1440,2040} during layout: running second layout pass
06-04 11:06:12.176 24156 24156 W View    : requestLayout() improperly called by helium314.keyboard.latin.panels.BrowserPanelView{2678806 V.E...... ........ 0,0-1440,2040} during second layout pass: posting in next frame
06-04 11:06:12.178 24156 24156 W View    : requestLayout() improperly called by helium314.keyboard.latin.panels.BrowserPanelView{2678806 V.E...... ......I. 0,0-1440,2040} during layout: running second layout pass
06-04 11:06:12.194 24156 24156 W View    : requestLayout() improperly called by helium314.keyboard.latin.panels.BrowserPanelView{2678806 V.E...... ........ 0,0-1440,2040} during second layout pass: posting in next frame
06-04 11:06:12.195 24156 24156 W View    : requestLayout() improperly called by helium314.keyboard.latin.panels.BrowserPanelView{2678806 V.E...... ......I. 0,0-1440,2040} during layout: running second layout pass
06-04 11:06:12.210 24156 24156 W View    : requestLayout() improperly called by helium314.keyboard.latin.panels.BrowserPanelView{2678806 V.E...... ........ 0,0-1440,2040} during second layout pass: posting in next frame
06-04 11:06:12.211 24156 24156 W View    : requestLayout() improperly called by helium314.keyboard.latin.panels.BrowserPanelView{2678806 V.E...... ......I. 0,0-1440,2040} during layout: running second layout pass
06-04 11:06:12.227 24156 24156 W View    : requestLayout() improperly called by helium314.keyboard.latin.panels.BrowserPanelView{2678806 V.E...... ........ 0,0-1440,2040} during second layout pass: posting in next frame
06-04 11:06:12.228 24156 24156 W View    : requestLayout() improperly called by helium314.keyboard.latin.panels.BrowserPanelView{2678806 V.E...... ......I. 0,0-1440,2040} during layout: running second layout pass
06-04 11:06:12.243 24156 24156 W View    : requestLayout() improperly called by helium314.keyboard.latin.panels.BrowserPanelView{2678806 V.E...... ........ 0,0-1440,2040} during second layout pass: posting in next frame
06-04 11:06:12.245 24156 24156 W View    : requestLayout() improperly called by helium314.keyboard.latin.panels.BrowserPanelView{2678806 V.E...... ......I. 0,0-1440,2040} during layout: running second layout pass
06-04 11:06:12.259 24156 24156 W View    : requestLayout() improperly called by helium314.keyboard.latin.panels.BrowserPanelView{2678806 V.E...... ........ 0,0-1440,2040} during second layout pass: posting in next frame
06-04 11:06:12.261 24156 24156 W View    : requestLayout() improperly called by helium314.keyboard.latin.panels.BrowserPanelView{2678806 V.E...... ......I. 0,0-1440,2040} during layout: running second layout pass
06-04 11:06:12.276 24156 24156 W View    : requestLayout() improperly called by helium314.keyboard.latin.panels.BrowserPanelView{2678806 V.E...... ........ 0,0-1440,2040} during second layout pass: posting in next frame
06-04 11:06:12.278 24156 24156 W View    : requestLayout() improperly called by helium314.keyboard.latin.panels.BrowserPanelView{2678806 V.E...... ......I. 0,0-1440,2040} during layout: running second layout pass
