06-03 12:57:58.922 21472 21472 W View    : requestLayout() improperly called by helium314.keyboard.latin.panels.BrowserPanelView{a7468ee V.E...... ......I. 0,0-1440,2040} during layout: running second layout pass
06-03 12:57:58.926 21472 21472 W View    : requestLayout() improperly called by helium314.keyboard.latin.panels.BrowserPanelView{a7468ee V.E...... ........ 0,0-1440,2040} during second layout pass: posting in next frame
06-03 12:57:58.928 24789 24811 E ion     : ioctl c0044901 failed with code -1: Inappropriate ioctl for device
06-03 12:57:58.938 21472 21472 W View    : requestLayout() improperly called by helium314.keyboard.latin.panels.BrowserPanelView{a7468ee V.E...... ......I. 0,0-1440,2040} during layout: running second layout pass
06-03 12:57:58.941 21472 21472 W View    : requestLayout() improperly called by helium314.keyboard.latin.panels.BrowserPanelView{a7468ee V.E...... ........ 0,0-1440,2040} during second layout pass: posting in next frame
06-03 12:57:58.942 24789 24807 E .keyboard:medi: ofbOpen failed with error=No such file or directory
06-03 12:57:58.942 24789 24807 E .keyboard:medi: sysOpen failed with error=No such file or directory
06-03 12:57:58.944 24789 24807 W libc    : Access denied finding property "vendor.oplus.media.vpp.stutter"
06-03 12:57:58.947 24789 24807 E MULTIMEDIAConfig: [getInt32:L80] Not find config, Returning default
06-03 12:57:58.947 24789 24807 E MULTIMEDIAConfig: [getInt32:L80] Not find config, Returning default
06-03 12:57:58.947 24789 24807 E OplusACodec: [OplusACodec:204] mSrOsieMMListCheckResult:0x0 mOsieVersion:1
06-03 12:57:58.954 21472 21472 W View    : requestLayout() improperly called by helium314.keyboard.latin.panels.BrowserPanelView{a7468ee V.E...... ......I. 0,0-1440,2040} during layout: running second layout pass
06-03 12:57:58.958 21472 21472 W View    : requestLayout() improperly called by helium314.keyboard.latin.panels.BrowserPanelView{a7468ee V.E...... ........ 0,0-1440,2040} during second layout pass: posting in next frame
06-03 12:57:58.973 21472 21472 W View    : requestLayout() improperly called by helium314.keyboard.latin.panels.BrowserPanelView{a7468ee V.E...... ......I. 0,0-1440,2040} during layout: running second layout pass
06-03 12:57:58.977 21472 21472 W View    : requestLayout() improperly called by helium314.keyboard.latin.panels.BrowserPanelView{a7468ee V.E...... ........ 0,0-1440,2040} during second layout pass: posting in next frame
06-03 12:57:58.988 21472 21472 W View    : requestLayout() improperly called by helium314.keyboard.latin.panels.BrowserPanelView{a7468ee V.E...... ......I. 0,0-1440,2040} during layout: running second layout pass
06-03 12:57:58.982 21472 21472 W com.vibekey.keyboard: type=1400 audit(0.0:84473): avc: denied { nlmsg_readpriv } for comm=536F636B657420546872656164 scontext=u:r:untrusted_app:s0:c73,c271,c512,c768 tcontext=u:r:untrusted_app:s0:c73,c271,c512,c768 tclass=netlink_route_socket permissive=0 bug=b/155595000 app=com.vibekey.keyboard
06-03 12:57:58.991 21472 21472 W View    : requestLayout() improperly called by helium314.keyboard.latin.panels.BrowserPanelView{a7468ee V.E...... ........ 0,0-1440,2040} during second layout pass: posting in next frame
06-03 12:57:59.006 21472 21472 W View    : requestLayout() improperly called by helium314.keyboard.latin.panels.BrowserPanelView{a7468ee V.E...... ......I. 0,0-1440,2040} during layout: running second layout pass
06-03 12:57:59.009 21472 21472 W View    : requestLayout() improperly called by helium314.keyboard.latin.panels.BrowserPanelView{a7468ee V.E...... ........ 0,0-1440,2040} during second layout pass: posting in next frame
06-03 12:57:59.021 21472 21472 W View    : requestLayout() improperly called by helium314.keyboard.latin.panels.BrowserPanelView{a7468ee V.E...... ......I. 0,0-1440,2040} during layout: running second layout pass
06-03 12:57:59.025 21472 21472 W View    : requestLayout() improperly called by helium314.keyboard.latin.panels.BrowserPanelView{a7468ee V.E...... ........ 0,0-1440,2040} during second layout pass: posting in next frame
06-03 12:57:59.038 21472 21472 W View    : requestLayout() improperly called by helium314.keyboard.latin.panels.BrowserPanelView{a7468ee V.E...... ......I. 0,0-1440,2040} during layout: running second layout pass
06-03 12:57:59.041 21472 21472 W View    : requestLayout() improperly called by helium314.keyboard.latin.panels.BrowserPanelView{a7468ee V.E...... ........ 0,0-1440,2040} during second layout pass: posting in next frame
06-03 12:57:59.055 21472 21472 W View    : requestLayout() improperly called by helium314.keyboard.latin.panels.BrowserPanelView{a7468ee V.E...... ......I. 0,0-1440,2040} during layout: running second layout pass
06-03 12:57:59.057 21472 21472 W View    : requestLayout() improperly called by helium314.keyboard.latin.panels.BrowserPanelView{a7468ee V.E...... ........ 0,0-1440,2040} during second layout pass: posting in next frame
06-03 12:57:59.066 24789 24820 E OplusACodec: [GetVideoCodingTypeFromMime:L1162] mime:video/avc
06-03 12:57:59.071 21472 21472 W View    : requestLayout() improperly called by helium314.keyboard.latin.panels.BrowserPanelView{a7468ee V.E...... ......I. 0,0-1440,2040} during layout: running second layout pass
06-03 12:57:59.074 21472 21472 W View    : requestLayout() improperly called by helium314.keyboard.latin.panels.BrowserPanelView{a7468ee V.E...... ........ 0,0-1440,2040} during second layout pass: posting in next frame
06-03 12:57:59.088 21472 21472 W View    : requestLayout() improperly called by helium314.keyboard.latin.panels.BrowserPanelView{a7468ee V.E...... ......I. 0,0-1440,2040} during layout: running second layout pass
06-03 12:57:59.092 21472 21472 W View    : requestLayout() improperly called by helium314.keyboard.latin.panels.BrowserPanelView{a7468ee V.E...... ........ 0,0-1440,2040} during second layout pass: posting in next frame
06-03 12:57:59.101 24789 24807 W libc    : Access denied finding property "vendor.oplus.media.vpp.stutter"
06-03 12:57:59.101 24789 24807 E MULTIMEDIAConfig: [getInt32:L80] Not find config, Returning default
06-03 12:57:59.101 24789 24807 E MULTIMEDIAConfig: [getInt32:L80] Not find config, Returning default
06-03 12:57:59.101 24789 24807 E OplusACodec: [OplusACodec:204] mSrOsieMMListCheckResult:0x0 mOsieVersion:1
06-03 12:57:59.105 21472 21472 W View    : requestLayout() improperly called by helium314.keyboard.latin.panels.BrowserPanelView{a7468ee V.E...... ......I. 0,0-1440,2040} during layout: running second layout pass
06-03 12:57:59.108 21472 21472 W View    : requestLayout() improperly called by helium314.keyboard.latin.panels.BrowserPanelView{a7468ee V.E...... ........ 0,0-1440,2040} during second layout pass: posting in next frame
06-03 12:57:59.121 21472 21472 W View    : requestLayout() improperly called by helium314.keyboard.latin.panels.BrowserPanelView{a7468ee V.E...... ......I. 0,0-1440,2040} during layout: running second layout pass
06-03 12:57:59.125 21472 21472 W View    : requestLayout() improperly called by helium314.keyboard.latin.panels.BrowserPanelView{a7468ee V.E...... ........ 0,0-1440,2040} during second layout pass: posting in next frame
06-03 12:57:59.130 24789 24832 E OplusACodec: [GetVideoCodingTypeFromMime:L1162] mime:video/avc
06-03 12:57:59.140 21472 21472 W View    : requestLayout() improperly called by helium314.keyboard.latin.panels.BrowserPanelView{a7468ee V.E...... ......I. 0,0-1440,2040} during layout: running second layout pass
06-03 12:57:59.143 21472 21472 W View    : requestLayout() improperly called by helium314.keyboard.latin.panels.BrowserPanelView{a7468ee V.E...... ........ 0,0-1440,2040} during second layout pass: posting in next frame
06-03 12:57:59.156 21472 21472 W View    : requestLayout() improperly called by helium314.keyboard.latin.panels.BrowserPanelView{a7468ee V.E...... ......I. 0,0-1440,2040} during layout: running second layout pass
06-03 12:57:59.159 21472 21472 W View    : requestLayout() improperly called by helium314.keyboard.latin.panels.BrowserPanelView{a7468ee V.E...... ........ 0,0-1440,2040} during second layout pass: posting in next frame
06-03 12:57:59.171 21472 21472 W View    : requestLayout() improperly called by helium314.keyboard.latin.panels.BrowserPanelView{a7468ee V.E...... ......I. 0,0-1440,2040} during layout: running second layout pass
06-03 12:57:59.173 24789 24807 W libc    : Access denied finding property "vendor.oplus.media.vpp.stutter"
06-03 12:57:59.174 24789 24807 E MULTIMEDIAConfig: [getInt32:L80] Not find config, Returning default
06-03 12:57:59.174 24789 24807 E MULTIMEDIAConfig: [getInt32:L80] Not find config, Returning default
06-03 12:57:59.174 24789 24807 E OplusACodec: [OplusACodec:204] mSrOsieMMListCheckResult:0x0 mOsieVersion:1
06-03 12:57:59.176 21472 21472 W View    : requestLayout() improperly called by helium314.keyboard.latin.panels.BrowserPanelView{a7468ee V.E...... ........ 0,0-1440,2040} during second layout pass: posting in next frame
06-03 12:57:59.188 21472 21472 W View    : requestLayout() improperly called by helium314.keyboard.latin.panels.BrowserPanelView{a7468ee V.E...... ......I. 0,0-1440,2040} during layout: running second layout pass
06-03 12:57:59.191 21472 21472 W View    : requestLayout() improperly called by helium314.keyboard.latin.panels.BrowserPanelView{a7468ee V.E...... ........ 0,0-1440,2040} during second layout pass: posting in next frame
06-03 12:57:59.196 24789 24846 E OplusACodec: [GetVideoCodingTypeFromMime:L1162] mime:video/avc
06-03 12:57:59.205 21472 21472 W View    : requestLayout() improperly called by helium314.keyboard.latin.panels.BrowserPanelView{a7468ee V.E...... ......I. 0,0-1440,2040} during layout: running second layout pass
06-03 12:57:59.208 21472 21472 W View    : requestLayout() improperly called by helium314.keyboard.latin.panels.BrowserPanelView{a7468ee V.E...... ........ 0,0-1440,2040} during second layout pass: posting in next frame
06-03 12:57:59.223 21472 21472 W View    : requestLayout() improperly called by helium314.keyboard.latin.panels.BrowserPanelView{a7468ee V.E...... ......I. 0,0-1440,2040} during layout: running second layout pass
06-03 12:57:59.227 21472 21472 W View    : requestLayout() improperly called by helium314.keyboard.latin.panels.BrowserPanelView{a7468ee V.E...... ........ 0,0-1440,2040} during second layout pass: posting in next frame
06-03 12:57:59.222 21472 21472 W com.vibekey.keyboard: type=1400 audit(0.0:84474): avc: denied { nlmsg_readpriv } for comm=536F636B657420546872656164 scontext=u:r:untrusted_app:s0:c73,c271,c512,c768 tcontext=u:r:untrusted_app:s0:c73,c271,c512,c768 tclass=netlink_route_socket permissive=0 bug=b/155595000 app=com.vibekey.keyboard
06-03 12:57:59.238 21472 21472 W View    : requestLayout() improperly called by helium314.keyboard.latin.panels.BrowserPanelView{a7468ee V.E...... ......I. 0,0-1440,2040} during layout: running second layout pass
06-03 12:57:59.242 21472 21472 W View    : requestLayout() improperly called by helium314.keyboard.latin.panels.BrowserPanelView{a7468ee V.E...... ........ 0,0-1440,2040} during second layout pass: posting in next frame
06-03 12:57:59.255 21472 21472 W View    : requestLayout() improperly called by helium314.keyboard.latin.panels.BrowserPanelView{a7468ee V.E...... ......I. 0,0-1440,2040} during layout: running second layout pass
06-03 12:57:59.259 21472 21472 W View    : requestLayout() improperly called by helium314.keyboard.latin.panels.BrowserPanelView{a7468ee V.E...... ........ 0,0-1440,2040} during second layout pass: posting in next frame
06-03 12:57:59.273 21472 21472 W View    : requestLayout() improperly called by helium314.keyboard.latin.panels.BrowserPanelView{a7468ee V.E...... ......I. 0,0-1440,2040} during layout: running second layout pass
06-03 12:57:59.283 21472 21472 W View    : requestLayout() improperly called by helium314.keyboard.latin.panels.BrowserPanelView{a7468ee V.E...... ........ 0,0-1440,2040} during second layout pass: posting in next frame
06-03 12:57:59.288 21472 21472 W View    : requestLayout() improperly called by helium314.keyboard.latin.panels.BrowserPanelView{a7468ee V.E...... ......I. 0,0-1440,2040} during layout: running second layout pass
06-03 12:57:59.290 24789 24833 W libc    : Access denied finding property "vendor.oplus.media.vpp.stutter"
06-03 12:57:59.291 24789 24833 E MULTIMEDIAConfig: [getInt32:L80] Not find config, Returning default
06-03 12:57:59.291 24789 24833 E MULTIMEDIAConfig: [getInt32:L80] Not find config, Returning default
06-03 12:57:59.291 24789 24833 E OplusACodec: [OplusACodec:204] mSrOsieMMListCheckResult:0x0 mOsieVersion:1
06-03 12:57:59.294 21472 21472 W View    : requestLayout() improperly called by helium314.keyboard.latin.panels.BrowserPanelView{a7468ee V.E...... ........ 0,0-1440,2040} during second layout pass: posting in next frame
06-03 12:57:59.298 24659 24675 W Isolated Web Content: [JavaScript Warning: "Autoplay is only allowed when approved by the user, the site is activated by the user, or media is muted." {file: "https://www.cnn.com/" line: 0}]
06-03 12:57:59.306 21472 21472 W View    : requestLayout() improperly called by helium314.keyboard.latin.panels.BrowserPanelView{a7468ee V.E...... ......I. 0,0-1440,2040} during layout: running second layout pass
06-03 12:57:59.309 21472 21472 W View    : requestLayout() improperly called by helium314.keyboard.latin.panels.BrowserPanelView{a7468ee V.E...... ........ 0,0-1440,2040} during second layout pass: posting in next frame
06-03 12:57:59.316 24789 24852 E OplusACodec: [GetVideoCodingTypeFromMime:L1162] mime:video/avc
06-03 12:57:59.322 21472 21472 W View    : requestLayout() improperly called by helium314.keyboard.latin.panels.BrowserPanelView{a7468ee V.E...... ......I. 0,0-1440,2040} during layout: running second layout pass
06-03 12:57:59.325 21472 21472 W View    : requestLayout() improperly called by helium314.keyboard.latin.panels.BrowserPanelView{a7468ee V.E...... ........ 0,0-1440,2040} during second layout pass: posting in next frame
06-03 12:57:59.340 21472 21472 W View    : requestLayout() improperly called by helium314.keyboard.latin.panels.BrowserPanelView{a7468ee V.E...... ......I. 0,0-1440,2040} during layout: running second layout pass
06-03 12:57:59.345 21472 21472 W View    : requestLayout() improperly called by helium314.keyboard.latin.panels.BrowserPanelView{a7468ee V.E...... ........ 0,0-1440,2040} during second layout pass: posting in next frame
06-03 12:57:59.356 21472 21472 W View    : requestLayout() improperly called by helium314.keyboard.latin.panels.BrowserPanelView{a7468ee V.E...... ......I. 0,0-1440,2040} during layout: running second layout pass
06-03 12:57:59.359 21472 21472 W View    : requestLayout() improperly called by helium314.keyboard.latin.panels.BrowserPanelView{a7468ee V.E...... ........ 0,0-1440,2040} during second layout pass: posting in next frame
06-03 12:57:59.378 21472 21472 W View    : requestLayout() improperly called by helium314.keyboard.latin.panels.BrowserPanelView{a7468ee V.E...... ......I. 0,0-1440,2040} during layout: running second layout pass
06-03 12:57:59.382 21472 21472 W View    : requestLayout() improperly called by helium314.keyboard.latin.panels.BrowserPanelView{a7468ee V.E...... ........ 0,0-1440,2040} during second layout pass: posting in next frame
06-03 12:57:59.389 21472 21472 W View    : requestLayout() improperly called by helium314.keyboard.latin.panels.BrowserPanelView{a7468ee V.E...... ......I. 0,0-1440,2040} during layout: running second layout pass
06-03 12:57:59.394 21472 21472 W View    : requestLayout() improperly called by helium314.keyboard.latin.panels.BrowserPanelView{a7468ee V.E...... ........ 0,0-1440,2040} during second layout pass: posting in next frame
06-03 12:57:59.405 21472 21472 W View    : requestLayout() improperly called by helium314.keyboard.latin.panels.BrowserPanelView{a7468ee V.E...... ......I. 0,0-1440,2040} during layout: running second layout pass
06-03 12:57:59.408 21472 21472 W View    : requestLayout() improperly called by helium314.keyboard.latin.panels.BrowserPanelView{a7468ee V.E...... ........ 0,0-1440,2040} during second layout pass: posting in next frame
06-03 12:57:59.425 21472 21472 W View    : requestLayout() improperly called by helium314.keyboard.latin.panels.BrowserPanelView{a7468ee V.E...... ......I. 0,0-1440,2040} during layout: running second layout pass
06-03 12:57:59.429 21472 21472 W View    : requestLayout() improperly called by helium314.keyboard.latin.panels.BrowserPanelView{a7468ee V.E...... ........ 0,0-1440,2040} during second layout pass: posting in next frame
06-03 12:57:59.439 21472 21472 W View    : requestLayout() improperly called by helium314.keyboard.latin.panels.BrowserPanelView{a7468ee V.E...... ......I. 0,0-1440,2040} during layout: running second layout pass
06-03 12:57:59.444 21472 21472 W View    : requestLayout() improperly called by helium314.keyboard.latin.panels.BrowserPanelView{a7468ee V.E...... ........ 0,0-1440,2040} during second layout pass: posting in next frame
06-03 12:57:59.460 21472 21472 W View    : requestLayout() improperly called by helium314.keyboard.latin.panels.BrowserPanelView{a7468ee V.E...... ......I. 0,0-1440,2040} during layout: running second layout pass
06-03 12:57:59.466 21472 21472 W View    : requestLayout() improperly called by helium314.keyboard.latin.panels.BrowserPanelView{a7468ee V.E...... ........ 0,0-1440,2040} during second layout pass: posting in next frame
06-03 12:57:59.476 21472 21472 W View    : requestLayout() improperly called by helium314.keyboard.latin.panels.BrowserPanelView{a7468ee V.E...... ......I. 0,0-1440,2040} during layout: running second layout pass
06-03 12:57:59.490 21472 21472 W View    : requestLayout() improperly called by helium314.keyboard.latin.panels.BrowserPanelView{a7468ee V.E...... ........ 0,0-1440,2040} during second layout pass: posting in next frame
06-03 12:57:59.492 21472 21472 W View    : requestLayout() improperly called by helium314.keyboard.latin.panels.BrowserPanelView{a7468ee V.E...... ......I. 0,0-1440,2040} during layout: running second layout pass
06-03 12:57:59.495 21472 21472 W View    : requestLayout() improperly called by helium314.keyboard.latin.panels.BrowserPanelView{a7468ee V.E...... ........ 0,0-1440,2040} during second layout pass: posting in next frame
06-03 12:57:59.507 21472 21472 W View    : requestLayout() improperly called by helium314.keyboard.latin.panels.BrowserPanelView{a7468ee V.E...... ......I. 0,0-1440,2040} during layout: running second layout pass
06-03 12:57:59.510 21472 21472 W View    : requestLayout() improperly called by helium314.keyboard.latin.panels.BrowserPanelView{a7468ee V.E...... ........ 0,0-1440,2040} during second layout pass: posting in next frame
06-03 12:57:59.523 21472 21472 W View    : requestLayout() improperly called by helium314.keyboard.latin.panels.BrowserPanelView{a7468ee V.E...... ......I. 0,0-1440,2040} during layout: running second layout pass
06-03 12:57:59.531 21472 21472 W View    : requestLayout() improperly called by helium314.keyboard.latin.panels.BrowserPanelView{a7468ee V.E...... ........ 0,0-1440,2040} during second layout pass: posting in next frame
06-03 12:57:59.542 21472 21472 W View    : requestLayout() improperly called by helium314.keyboard.latin.panels.BrowserPanelView{a7468ee V.E...... ......I. 0,0-1440,2040} during layout: running second layout pass
06-03 12:57:59.554 21472 21472 W View    : requestLayout() improperly called by helium314.keyboard.latin.panels.BrowserPanelView{a7468ee V.E...... ........ 0,0-1440,2040} during second layout pass: posting in next frame
06-03 12:57:59.557 21472 21472 W View    : requestLayout() improperly called by helium314.keyboard.latin.panels.BrowserPanelView{a7468ee V.E...... ......I. 0,0-1440,2040} during layout: running second layout pass
06-03 12:57:59.561 21472 21472 W View    : requestLayout() improperly called by helium314.keyboard.latin.panels.BrowserPanelView{a7468ee V.E...... ........ 0,0-1440,2040} during second layout pass: posting in next frame
06-03 12:57:59.573 21472 21472 W View    : requestLayout() improperly called by helium314.keyboard.latin.panels.BrowserPanelView{a7468ee V.E...... ......I. 0,0-1440,2040} during layout: running second layout pass
06-03 12:57:59.574 24789 24833 W libc    : Access denied finding property "vendor.oplus.media.vpp.stutter"
06-03 12:57:59.580 21472 21472 W View    : requestLayout() improperly called by helium314.keyboard.latin.panels.BrowserPanelView{a7468ee V.E...... ........ 0,0-1440,2040} during second layout pass: posting in next frame
06-03 12:57:59.589 21472 21472 W View    : requestLayout() improperly called by helium314.keyboard.latin.panels.BrowserPanelView{a7468ee V.E...... ......I. 0,0-1440,2040} during layout: running second layout pass
06-03 12:57:59.594 21472 21472 W View    : requestLayout() improperly called by helium314.keyboard.latin.panels.BrowserPanelView{a7468ee V.E...... ........ 0,0-1440,2040} during second layout pass: posting in next frame
06-03 12:57:59.599 24789 24856 W Codec2Client: query -- param skipped: index = 1107298332.
06-03 12:57:59.601 24789 24856 W Codec2Client: query -- param skipped: index = 1342179345.
06-03 12:57:59.601 24789 24856 W Codec2Client: query -- param skipped: index = 2415921170.
06-03 12:57:59.601 24789 24856 W Codec2Client: query -- param skipped: index = 1610614798.
06-03 12:57:59.607 21472 21472 W View    : requestLayout() improperly called by helium314.keyboard.latin.panels.BrowserPanelView{a7468ee V.E...... ......I. 0,0-1440,2040} during layout: running second layout pass
06-03 12:57:59.610 21472 21472 W View    : requestLayout() improperly called by helium314.keyboard.latin.panels.BrowserPanelView{a7468ee V.E...... ........ 0,0-1440,2040} during second layout pass: posting in next frame
06-03 12:57:59.615 24789 24803 W libc    : Access denied finding property "vendor.oplus.media.vpp.stutter"
06-03 12:57:59.615 24789 24803 E MULTIMEDIAConfig: [getInt32:L80] Not find config, Returning default
06-03 12:57:59.615 24789 24803 E MULTIMEDIAConfig: [getInt32:L80] Not find config, Returning default
06-03 12:57:59.615 24789 24803 E OplusACodec: [OplusACodec:204] mSrOsieMMListCheckResult:0x0 mOsieVersion:1
06-03 12:57:59.624 21472 21472 W View    : requestLayout() improperly called by helium314.keyboard.latin.panels.BrowserPanelView{a7468ee V.E...... ......I. 0,0-1440,2040} during layout: running second layout pass
06-03 12:57:59.629 21472 21472 W View    : requestLayout() improperly called by helium314.keyboard.latin.panels.BrowserPanelView{a7468ee V.E...... ........ 0,0-1440,2040} during second layout pass: posting in next frame
06-03 12:57:59.633 24789 24811 W Codec2Client: query -- param skipped: index = 1342179345.
06-03 12:57:59.633 24789 24811 W Codec2Client: query -- param skipped: index = 2415921170.
06-03 12:57:59.633 24789 24811 W Codec2Client: query -- param skipped: index = 1610614798.
06-03 12:57:59.644 21472 21472 W View    : requestLayout() improperly called by helium314.keyboard.latin.panels.BrowserPanelView{a7468ee V.E...... ......I. 0,0-1440,2040} during layout: running second layout pass
06-03 12:57:59.650 21472 21472 W View    : requestLayout() improperly called by helium314.keyboard.latin.panels.BrowserPanelView{a7468ee V.E...... ........ 0,0-1440,2040} during second layout pass: posting in next frame
06-03 12:57:59.654 24789 24859 E OplusACodec: [GetVideoCodingTypeFromMime:L1162] mime:video/avc
06-03 12:57:59.656 21472 21472 W View    : requestLayout() improperly called by helium314.keyboard.latin.panels.BrowserPanelView{a7468ee V.E...... ......I. 0,0-1440,2040} during layout: running second layout pass
06-03 12:57:59.660 21472 21472 W View    : requestLayout() improperly called by helium314.keyboard.latin.panels.BrowserPanelView{a7468ee V.E...... ........ 0,0-1440,2040} during second layout pass: posting in next frame
06-03 12:57:59.676 21472 21472 W View    : requestLayout() improperly called by helium314.keyboard.latin.panels.BrowserPanelView{a7468ee V.E...... ......I. 0,0-1440,2040} during layout: running second layout pass
06-03 12:57:59.681 21472 21472 W View    : requestLayout() improperly called by helium314.keyboard.latin.panels.BrowserPanelView{a7468ee V.E...... ........ 0,0-1440,2040} during second layout pass: posting in next frame
06-03 12:57:59.690 21472 21472 W View    : requestLayout() improperly called by helium314.keyboard.latin.panels.BrowserPanelView{a7468ee V.E...... ......I. 0,0-1440,2040} during layout: running second layout pass
06-03 12:57:59.694 21472 21472 W View    : requestLayout() improperly called by helium314.keyboard.latin.panels.BrowserPanelView{a7468ee V.E...... ........ 0,0-1440,2040} during second layout pass: posting in next frame
06-03 12:57:59.707 21472 21472 W View    : requestLayout() improperly called by helium314.keyboard.latin.panels.BrowserPanelView{a7468ee V.E...... ......I. 0,0-1440,2040} during layout: running second layout pass
06-03 12:57:59.714 21472 21472 W View    : requestLayout() improperly called by helium314.keyboard.latin.panels.BrowserPanelView{a7468ee V.E...... ........ 0,0-1440,2040} during second layout pass: posting in next frame
06-03 12:57:59.725 21472 21472 W View    : requestLayout() improperly called by helium314.keyboard.latin.panels.BrowserPanelView{a7468ee V.E...... ......I. 0,0-1440,2040} during layout: running second layout pass
06-03 12:57:59.728 21472 21472 W View    : requestLayout() improperly called by helium314.keyboard.latin.panels.BrowserPanelView{a7468ee V.E...... ........ 0,0-1440,2040} during second layout pass: posting in next frame
06-03 12:57:59.740 21472 21472 W View    : requestLayout() improperly called by helium314.keyboard.latin.panels.BrowserPanelView{a7468ee V.E...... ......I. 0,0-1440,2040} during layout: running second layout pass
06-03 12:57:59.745 21472 21472 W View    : requestLayout() improperly called by helium314.keyboard.latin.panels.BrowserPanelView{a7468ee V.E...... ........ 0,0-1440,2040} during second layout pass: posting in next frame
06-03 12:57:59.758 21472 21472 W View    : requestLayout() improperly called by helium314.keyboard.latin.panels.BrowserPanelView{a7468ee V.E...... ......I. 0,0-1440,2040} during layout: running second layout pass
06-03 12:57:59.762 21472 21472 W View    : requestLayout() improperly called by helium314.keyboard.latin.panels.BrowserPanelView{a7468ee V.E...... ........ 0,0-1440,2040} during second layout pass: posting in next frame
06-03 12:57:59.775 21472 21472 W View    : requestLayout() improperly called by helium314.keyboard.latin.panels.BrowserPanelView{a7468ee V.E...... ......I. 0,0-1440,2040} during layout: running second layout pass
06-03 12:57:59.781 21472 21472 W View    : requestLayout() improperly called by helium314.keyboard.latin.panels.BrowserPanelView{a7468ee V.E...... ........ 0,0-1440,2040} during second layout pass: posting in next frame
06-03 12:57:59.790 21472 21472 W View    : requestLayout() improperly called by helium314.keyboard.latin.panels.BrowserPanelView{a7468ee V.E...... ......I. 0,0-1440,2040} during layout: running second layout pass
06-03 12:57:59.798 21472 21472 W View    : requestLayout() improperly called by helium314.keyboard.latin.panels.BrowserPanelView{a7468ee V.E...... ........ 0,0-1440,2040} during second layout pass: posting in next frame
06-03 12:57:59.806 21472 21472 W View    : requestLayout() improperly called by helium314.keyboard.latin.panels.BrowserPanelView{a7468ee V.E...... ......I. 0,0-1440,2040} during layout: running second layout pass
06-03 12:57:59.809 21472 21472 W View    : requestLayout() improperly called by helium314.keyboard.latin.panels.BrowserPanelView{a7468ee V.E...... ........ 0,0-1440,2040} during second layout pass: posting in next frame
06-03 12:57:59.826 21472 21472 W View    : requestLayout() improperly called by helium314.keyboard.latin.panels.BrowserPanelView{a7468ee V.E...... ......I. 0,0-1440,2040} during layout: running second layout pass
06-03 12:57:59.831 21472 21472 W View    : requestLayout() improperly called by helium314.keyboard.latin.panels.BrowserPanelView{a7468ee V.E...... ........ 0,0-1440,2040} during second layout pass: posting in next frame
06-03 12:57:59.841 21472 21472 W View    : requestLayout() improperly called by helium314.keyboard.latin.panels.BrowserPanelView{a7468ee V.E...... ......I. 0,0-1440,2040} during layout: running second layout pass
06-03 12:57:59.845 21472 21472 W View    : requestLayout() improperly called by helium314.keyboard.latin.panels.BrowserPanelView{a7468ee V.E...... ........ 0,0-1440,2040} during second layout pass: posting in next frame
06-03 12:57:59.858 21472 21472 W View    : requestLayout() improperly called by helium314.keyboard.latin.panels.BrowserPanelView{a7468ee V.E...... ......I. 0,0-1440,2040} during layout: running second layout pass
06-03 12:57:59.861 21472 21472 W View    : requestLayout() improperly called by helium314.keyboard.latin.panels.BrowserPanelView{a7468ee V.E...... ........ 0,0-1440,2040} during second layout pass: posting in next frame
06-03 12:57:59.878 21472 21472 W View    : requestLayout() improperly called by helium314.keyboard.latin.panels.BrowserPanelView{a7468ee V.E...... ......I. 0,0-1440,2040} during layout: running second layout pass
06-03 12:57:59.882 21472 21472 W View    : requestLayout() improperly called by helium314.keyboard.latin.panels.BrowserPanelView{a7468ee V.E...... ........ 0,0-1440,2040} during second layout pass: posting in next frame
06-03 12:57:59.891 21472 21472 W View    : requestLayout() improperly called by helium314.keyboard.latin.panels.BrowserPanelView{a7468ee V.E...... ......I. 0,0-1440,2040} during layout: running second layout pass
06-03 12:57:59.894 21472 21472 W View    : requestLayout() improperly called by helium314.keyboard.latin.panels.BrowserPanelView{a7468ee V.E...... ........ 0,0-1440,2040} during second layout pass: posting in next frame
06-03 12:57:59.910 21472 21472 W View    : requestLayout() improperly called by helium314.keyboard.latin.panels.BrowserPanelView{a7468ee V.E...... ......I. 0,0-1440,2040} during layout: running second layout pass
06-03 12:57:59.913 21472 21472 W View    : requestLayout() improperly called by helium314.keyboard.latin.panels.BrowserPanelView{a7468ee V.E...... ........ 0,0-1440,2040} during second layout pass: posting in next frame
06-03 12:57:59.925 21472 21472 W View    : requestLayout() improperly called by helium314.keyboard.latin.panels.BrowserPanelView{a7468ee V.E...... ......I. 0,0-1440,2040} during layout: running second layout pass
06-03 12:57:59.930 21472 21472 W View    : requestLayout() improperly called by helium314.keyboard.latin.panels.BrowserPanelView{a7468ee V.E...... ........ 0,0-1440,2040} during second layout pass: posting in next frame
06-03 12:57:59.932 24789 24803 W libc    : Access denied finding property "vendor.oplus.media.vpp.stutter"
06-03 12:57:59.941 21472 21472 W View    : requestLayout() improperly called by helium314.keyboard.latin.panels.BrowserPanelView{a7468ee V.E...... ......I. 0,0-1440,2040} during layout: running second layout pass
06-03 12:57:59.945 24789 24867 W Codec2Client: query -- param skipped: index = 1107298332.
06-03 12:57:59.945 21472 21472 W View    : requestLayout() improperly called by helium314.keyboard.latin.panels.BrowserPanelView{a7468ee V.E...... ........ 0,0-1440,2040} during second layout pass: posting in next frame
06-03 12:57:59.948 24789 24867 W Codec2Client: query -- param skipped: index = 1342179345.
06-03 12:57:59.948 24789 24867 W Codec2Client: query -- param skipped: index = 2415921170.
06-03 12:57:59.948 24789 24867 W Codec2Client: query -- param skipped: index = 1610614798.
06-03 12:57:59.957 21472 21472 W View    : requestLayout() improperly called by helium314.keyboard.latin.panels.BrowserPanelView{a7468ee V.E...... ......I. 0,0-1440,2040} during layout: running second layout pass
06-03 12:57:59.957 24789 24807 W libc    : Access denied finding property "vendor.oplus.media.vpp.stutter"
06-03 12:57:59.958 24789 24807 E MULTIMEDIAConfig: [getInt32:L80] Not find config, Returning default
06-03 12:57:59.958 24789 24807 E MULTIMEDIAConfig: [getInt32:L80] Not find config, Returning default
06-03 12:57:59.958 24789 24807 E OplusACodec: [OplusACodec:204] mSrOsieMMListCheckResult:0x0 mOsieVersion:1
06-03 12:57:59.960 21472 21472 W View    : requestLayout() improperly called by helium314.keyboard.latin.panels.BrowserPanelView{a7468ee V.E...... ........ 0,0-1440,2040} during second layout pass: posting in next frame
06-03 12:57:59.982 21472 21472 W View    : requestLayout() improperly called by helium314.keyboard.latin.panels.BrowserPanelView{a7468ee V.E...... ......I. 0,0-1440,2040} during layout: running second layout pass
06-03 12:57:59.995 21472 21472 W View    : requestLayout() improperly called by helium314.keyboard.latin.panels.BrowserPanelView{a7468ee V.E...... ........ 0,0-1440,2040} during second layout pass: posting in next frame
06-03 12:57:59.999 21472 21472 W View    : requestLayout() improperly called by helium314.keyboard.latin.panels.BrowserPanelView{a7468ee V.E...... ......I. 0,0-1440,2040} during layout: running second layout pass
06-03 12:58:00.012 21472 21472 W View    : requestLayout() improperly called by helium314.keyboard.latin.panels.BrowserPanelView{a7468ee V.E...... ........ 0,0-1440,2040} during second layout pass: posting in next frame
06-03 12:58:00.014 21472 21472 W View    : requestLayout() improperly called by helium314.keyboard.latin.panels.BrowserPanelView{a7468ee V.E...... ......I. 0,0-1440,2040} during layout: running second layout pass
06-03 12:58:00.020 21472 21472 W View    : requestLayout() improperly called by helium314.keyboard.latin.panels.BrowserPanelView{a7468ee V.E...... ........ 0,0-1440,2040} during second layout pass: posting in next frame
06-03 12:58:00.033 21472 21472 W View    : requestLayout() improperly called by helium314.keyboard.latin.panels.BrowserPanelView{a7468ee V.E...... ......I. 0,0-1440,2040} during layout: running second layout pass
06-03 12:58:00.047 21472 21472 W View    : requestLayout() improperly called by helium314.keyboard.latin.panels.BrowserPanelView{a7468ee V.E...... ........ 0,0-1440,2040} during second layout pass: posting in next frame
06-03 12:58:00.049 21472 21472 W View    : requestLayout() improperly called by helium314.keyboard.latin.panels.BrowserPanelView{a7468ee V.E...... ......I. 0,0-1440,2040} during layout: running second layout pass
06-03 12:58:00.052 21472 21472 W View    : requestLayout() improperly called by helium314.keyboard.latin.panels.BrowserPanelView{a7468ee V.E...... ........ 0,0-1440,2040} during second layout pass: posting in next frame
06-03 12:58:00.060 21472 21472 W View    : requestLayout() improperly called by helium314.keyboard.latin.panels.BrowserPanelView{a7468ee V.E...... ......I. 0,0-1440,2040} during layout: running second layout pass
06-03 12:58:00.070 21472 21472 W View    : requestLayout() improperly called by helium314.keyboard.latin.panels.BrowserPanelView{a7468ee V.E...... ........ 0,0-1440,2040} during second layout pass: posting in next frame
06-03 12:58:00.079 21472 21472 W View    : requestLayout() improperly called by helium314.keyboard.latin.panels.BrowserPanelView{a7468ee V.E...... ......I. 0,0-1440,2040} during layout: running second layout pass
06-03 12:58:00.083 21472 21472 W View    : requestLayout() improperly called by helium314.keyboard.latin.panels.BrowserPanelView{a7468ee V.E...... ........ 0,0-1440,2040} during second layout pass: posting in next frame
06-03 12:58:00.092 21472 21472 W View    : requestLayout() improperly called by helium314.keyboard.latin.panels.BrowserPanelView{a7468ee V.E...... ......I. 0,0-1440,2040} during layout: running second layout pass
06-03 12:58:00.095 21472 21472 W View    : requestLayout() improperly called by helium314.keyboard.latin.panels.BrowserPanelView{a7468ee V.E...... ........ 0,0-1440,2040} during second layout pass: posting in next frame
06-03 12:58:00.103 24789 24820 W libc    : Access denied finding property "vendor.oplus.media.vpp.stutter"
06-03 12:58:00.107 21472 21472 W View    : requestLayout() improperly called by helium314.keyboard.latin.panels.BrowserPanelView{a7468ee V.E...... ......I. 0,0-1440,2040} during layout: running second layout pass
06-03 12:58:00.109 24789 24870 E OplusACodec: [GetVideoCodingTypeFromMime:L1162] mime:video/avc
06-03 12:58:00.111 21472 21472 W View    : requestLayout() improperly called by helium314.keyboard.latin.panels.BrowserPanelView{a7468ee V.E...... ........ 0,0-1440,2040} during second layout pass: posting in next frame
06-03 12:58:00.127 21472 21472 W View    : requestLayout() improperly called by helium314.keyboard.latin.panels.BrowserPanelView{a7468ee V.E...... ......I. 0,0-1440,2040} during layout: running second layout pass
06-03 12:58:00.135 21472 21472 W View    : requestLayout() improperly called by helium314.keyboard.latin.panels.BrowserPanelView{a7468ee V.E...... ........ 0,0-1440,2040} during second layout pass: posting in next frame
06-03 12:58:00.141 21472 21472 W View    : requestLayout() improperly called by helium314.keyboard.latin.panels.BrowserPanelView{a7468ee V.E...... ......I. 0,0-1440,2040} during layout: running second layout pass
06-03 12:58:00.146 21472 21472 W View    : requestLayout() improperly called by helium314.keyboard.latin.panels.BrowserPanelView{a7468ee V.E...... ........ 0,0-1440,2040} during second layout pass: posting in next frame
06-03 12:58:00.157 21472 21472 W View    : requestLayout() improperly called by helium314.keyboard.latin.panels.BrowserPanelView{a7468ee V.E...... ......I. 0,0-1440,2040} during layout: running second layout pass
06-03 12:58:00.161 21472 21472 W View    : requestLayout() improperly called by helium314.keyboard.latin.panels.BrowserPanelView{a7468ee V.E...... ........ 0,0-1440,2040} during second layout pass: posting in next frame
06-03 12:58:00.176 21472 21472 W View    : requestLayout() improperly called by helium314.keyboard.latin.panels.BrowserPanelView{a7468ee V.E...... ......I. 0,0-1440,2040} during layout: running second layout pass
06-03 12:58:00.192 21472 21472 W View    : requestLayout() improperly called by helium314.keyboard.latin.panels.BrowserPanelView{a7468ee V.E...... ........ 0,0-1440,2040} during second layout pass: posting in next frame
06-03 12:58:00.195 21472 21472 W View    : requestLayout() improperly called by helium314.keyboard.latin.panels.BrowserPanelView{a7468ee V.E...... ......I. 0,0-1440,2040} during layout: running second layout pass
06-03 12:58:00.213 21472 21472 W View    : requestLayout() improperly called by helium314.keyboard.latin.panels.BrowserPanelView{a7468ee V.E...... ........ 0,0-1440,2040} during second layout pass: posting in next frame
06-03 12:58:00.216 21472 21472 W View    : requestLayout() improperly called by helium314.keyboard.latin.panels.BrowserPanelView{a7468ee V.E...... ......I. 0,0-1440,2040} during layout: running second layout pass
06-03 12:58:00.220 21472 21472 W View    : requestLayout() improperly called by helium314.keyboard.latin.panels.BrowserPanelView{a7468ee V.E...... ........ 0,0-1440,2040} during second layout pass: posting in next frame
06-03 12:58:00.224 21472 21472 W View    : requestLayout() improperly called by helium314.keyboard.latin.panels.BrowserPanelView{a7468ee V.E...... ......I. 0,0-1440,2040} during layout: running second layout pass
06-03 12:58:00.231 21472 21472 W View    : requestLayout() improperly called by helium314.keyboard.latin.panels.BrowserPanelView{a7468ee V.E...... ........ 0,0-1440,2040} during second layout pass: posting in next frame
06-03 12:58:00.243 21472 21472 W View    : requestLayout() improperly called by helium314.keyboard.latin.panels.BrowserPanelView{a7468ee V.E...... ......I. 0,0-1440,2040} during layout: running second layout pass
06-03 12:58:00.247 21472 21472 W View    : requestLayout() improperly called by helium314.keyboard.latin.panels.BrowserPanelView{a7468ee V.E...... ........ 0,0-1440,2040} during second layout pass: posting in next frame
06-03 12:58:00.258 21472 21472 W View    : requestLayout() improperly called by helium314.keyboard.latin.panels.BrowserPanelView{a7468ee V.E...... ......I. 0,0-1440,2040} during layout: running second layout pass
06-03 12:58:00.261 21472 21472 W View    : requestLayout() improperly called by helium314.keyboard.latin.panels.BrowserPanelView{a7468ee V.E...... ........ 0,0-1440,2040} during second layout pass: posting in next frame
06-03 12:58:00.274 21472 21472 W View    : requestLayout() improperly called by helium314.keyboard.latin.panels.BrowserPanelView{a7468ee V.E...... ......I. 0,0-1440,2040} during layout: running second layout pass
06-03 12:58:00.278 21472 21472 W View    : requestLayout() improperly called by helium314.keyboard.latin.panels.BrowserPanelView{a7468ee V.E...... ........ 0,0-1440,2040} during second layout pass: posting in next frame
06-03 12:58:00.291 21472 21472 W View    : requestLayout() improperly called by helium314.keyboard.latin.panels.BrowserPanelView{a7468ee V.E...... ......I. 0,0-1440,2040} during layout: running second layout pass
06-03 12:58:00.295 24789 24832 W libc    : Access denied finding property "vendor.oplus.media.vpp.stutter"
06-03 12:58:00.295 21472 21472 W View    : requestLayout() improperly called by helium314.keyboard.latin.panels.BrowserPanelView{a7468ee V.E...... ........ 0,0-1440,2040} during second layout pass: posting in next frame
06-03 12:58:00.308 21472 21472 W View    : requestLayout() improperly called by helium314.keyboard.latin.panels.BrowserPanelView{a7468ee V.E...... ......I. 0,0-1440,2040} during layout: running second layout pass
06-03 12:58:00.309 24789 24846 W libc    : Access denied finding property "vendor.oplus.media.vpp.stutter"
06-03 12:58:00.314 21472 21472 W View    : requestLayout() improperly called by helium314.keyboard.latin.panels.BrowserPanelView{a7468ee V.E...... ........ 0,0-1440,2040} during second layout pass: posting in next frame
06-03 12:58:00.330 21472 21472 W View    : requestLayout() improperly called by helium314.keyboard.latin.panels.BrowserPanelView{a7468ee V.E...... ......I. 0,0-1440,2040} during layout: running second layout pass
06-03 12:58:00.334 21472 21472 W View    : requestLayout() improperly called by helium314.keyboard.latin.panels.BrowserPanelView{a7468ee V.E...... ........ 0,0-1440,2040} during second layout pass: posting in next frame
06-03 12:58:00.343 21472 21472 W View    : requestLayout() improperly called by helium314.keyboard.latin.panels.BrowserPanelView{a7468ee V.E...... ......I. 0,0-1440,2040} during layout: running second layout pass
06-03 12:58:00.351 21472 21472 W View    : requestLayout() improperly called by helium314.keyboard.latin.panels.BrowserPanelView{a7468ee V.E...... ........ 0,0-1440,2040} during second layout pass: posting in next frame
06-03 12:58:00.358 24875 24875 E y.keyboard:tab: Unknown bits set in runtime_flags: 0x40000000
06-03 12:58:00.359 21472 21472 W View    : requestLayout() improperly called by helium314.keyboard.latin.panels.BrowserPanelView{a7468ee V.E...... ......I. 0,0-1440,2040} during layout: running second layout pass
06-03 12:58:00.367 21472 21472 W View    : requestLayout() improperly called by helium314.keyboard.latin.panels.BrowserPanelView{a7468ee V.E...... ........ 0,0-1440,2040} during second layout pass: posting in next frame
06-03 12:58:00.380 21472 21472 W View    : requestLayout() improperly called by helium314.keyboard.latin.panels.BrowserPanelView{a7468ee V.E...... ......I. 0,0-1440,2040} during layout: running second layout pass
06-03 12:58:00.384 21472 21472 W View    : requestLayout() improperly called by helium314.keyboard.latin.panels.BrowserPanelView{a7468ee V.E...... ........ 0,0-1440,2040} during second layout pass: posting in next frame
06-03 12:58:00.393 21472 21472 W View    : requestLayout() improperly called by helium314.keyboard.latin.panels.BrowserPanelView{a7468ee V.E...... ......I. 0,0-1440,2040} during layout: running second layout pass
06-03 12:58:00.400 21472 21472 W View    : requestLayout() improperly called by helium314.keyboard.latin.panels.BrowserPanelView{a7468ee V.E...... ........ 0,0-1440,2040} during second layout pass: posting in next frame
06-03 12:58:00.410 21472 21472 W View    : requestLayout() improperly called by helium314.keyboard.latin.panels.BrowserPanelView{a7468ee V.E...... ......I. 0,0-1440,2040} during layout: running second layout pass
06-03 12:58:00.416 21472 21472 W View    : requestLayout() improperly called by helium314.keyboard.latin.panels.BrowserPanelView{a7468ee V.E...... ........ 0,0-1440,2040} during second layout pass: posting in next frame
06-03 12:58:00.426 21472 21472 W View    : requestLayout() improperly called by helium314.keyboard.latin.panels.BrowserPanelView{a7468ee V.E...... ......I. 0,0-1440,2040} during layout: running second layout pass
06-03 12:58:00.430 21472 21472 W View    : requestLayout() improperly called by helium314.keyboard.latin.panels.BrowserPanelView{a7468ee V.E...... ........ 0,0-1440,2040} during second layout pass: posting in next frame
06-03 12:58:00.443 21472 21472 W View    : requestLayout() improperly called by helium314.keyboard.latin.panels.BrowserPanelView{a7468ee V.E...... ......I. 0,0-1440,2040} during layout: running second layout pass
06-03 12:58:00.447 24789 24891 W libc    : Access denied finding property "vendor.oplus.media.vpp.stutter"
06-03 12:58:00.447 21472 21472 W View    : requestLayout() improperly called by helium314.keyboard.latin.panels.BrowserPanelView{a7468ee V.E...... ........ 0,0-1440,2040} during second layout pass: posting in next frame
06-03 12:58:00.458 21472 21472 W View    : requestLayout() improperly called by helium314.keyboard.latin.panels.BrowserPanelView{a7468ee V.E...... ......I. 0,0-1440,2040} during layout: running second layout pass
06-03 12:58:00.462 21472 21472 W View    : requestLayout() improperly called by helium314.keyboard.latin.panels.BrowserPanelView{a7468ee V.E...... ........ 0,0-1440,2040} during second layout pass: posting in next frame
06-03 12:58:00.468 24789 24894 W Codec2Client: query -- param skipped: index = 1107298332.
06-03 12:58:00.471 24789 24894 W Codec2Client: query -- param skipped: index = 1342179345.
06-03 12:58:00.471 24789 24894 W Codec2Client: query -- param skipped: index = 2415921170.
06-03 12:58:00.471 24789 24894 W Codec2Client: query -- param skipped: index = 1610614798.
06-03 12:58:00.477 21472 21472 W View    : requestLayout() improperly called by helium314.keyboard.latin.panels.BrowserPanelView{a7468ee V.E...... ......I. 0,0-1440,2040} during layout: running second layout pass
06-03 12:58:00.480 21472 21472 W View    : requestLayout() improperly called by helium314.keyboard.latin.panels.BrowserPanelView{a7468ee V.E...... ........ 0,0-1440,2040} during second layout pass: posting in next frame
06-03 12:58:00.493 21472 21472 W View    : requestLayout() improperly called by helium314.keyboard.latin.panels.BrowserPanelView{a7468ee V.E...... ......I. 0,0-1440,2040} during layout: running second layout pass
06-03 12:58:00.500 21472 21472 W View    : requestLayout() improperly called by helium314.keyboard.latin.panels.BrowserPanelView{a7468ee V.E...... ........ 0,0-1440,2040} during second layout pass: posting in next frame
06-03 12:58:00.508 21472 21472 W View    : requestLayout() improperly called by helium314.keyboard.latin.panels.BrowserPanelView{a7468ee V.E...... ......I. 0,0-1440,2040} during layout: running second layout pass
06-03 12:58:00.513 21472 21472 W View    : requestLayout() improperly called by helium314.keyboard.latin.panels.BrowserPanelView{a7468ee V.E...... ........ 0,0-1440,2040} during second layout pass: posting in next frame
06-03 12:58:00.516 24789 24803 W libc    : Access denied finding property "vendor.oplus.media.vpp.stutter"
06-03 12:58:00.516 24789 24803 E MULTIMEDIAConfig: [getInt32:L80] Not find config, Returning default
06-03 12:58:00.516 24789 24803 E MULTIMEDIAConfig: [getInt32:L80] Not find config, Returning default
06-03 12:58:00.516 24789 24803 E OplusACodec: [OplusACodec:204] mSrOsieMMListCheckResult:0x0 mOsieVersion:1
06-03 12:58:00.524 21472 21472 W View    : requestLayout() improperly called by helium314.keyboard.latin.panels.BrowserPanelView{a7468ee V.E...... ......I. 0,0-1440,2040} during layout: running second layout pass
06-03 12:58:00.527 24875 24898 E GeckoLibLoad: Load sqlite start
06-03 12:58:00.528 24875 24898 E GeckoLibLoad: Load sqlite done
06-03 12:58:00.528 24875 24898 E GeckoLibLoad: Load nss start
06-03 12:58:00.528 24875 24898 E GeckoLibLoad: Load nss done
06-03 12:58:00.528 21472 21472 W View    : requestLayout() improperly called by helium314.keyboard.latin.panels.BrowserPanelView{a7468ee V.E...... ........ 0,0-1440,2040} during second layout pass: posting in next frame
06-03 12:58:00.529 24659 24675 W Isolated Web Content: [JavaScript Warning: "Autoplay is only allowed when approved by the user, the site is activated by the user, or media is muted." {file: "https://www.cnn.com/" line: 0}]
06-03 12:58:00.538 24875 24898 E GeckoLibLoad: Loaded libs in 10.293854ms total, 0ms(0ms) user, 11ms(10ms) system, 0(0) faults
06-03 12:58:00.539 24875 24898 W GeckoThread: zerdatime 182723400 - runGecko
06-03 12:58:00.542 21472 21472 W View    : requestLayout() improperly called by helium314.keyboard.latin.panels.BrowserPanelView{a7468ee V.E...... ......I. 0,0-1440,2040} during layout: running second layout pass
06-03 12:58:00.546 21472 21472 W View    : requestLayout() improperly called by helium314.keyboard.latin.panels.BrowserPanelView{a7468ee V.E...... ........ 0,0-1440,2040} during second layout pass: posting in next frame
