=== VibeKey 4.1.252 (4352) ===

--------- beginning of system
07-11 21:56:48.141 11813 11813 E OplusCustomizeRestrictionManager: sInstance is null, start a new sInstance
07-11 21:57:45.177 11813 12328 E ActivityThread: Failed to find provider info for com.oplus.statistics.provider
07-11 21:57:45.177 11813 12328 E OplusStatistics--: IllegalArgumentException:java.lang.IllegalArgumentException: Unknown URL content://com.oplus.statistics.provider/track_event
--------- beginning of main
07-11 21:57:56.601 11813 11932 E MULTIMEDIAConfig: [getInt32:L80] Not find config, Returning default
07-11 21:57:56.601 11813 11932 E MULTIMEDIAConfig: [getInt32:L80] Not find config, Returning default
07-11 21:57:56.601 11813 11932 E OplusACodec: [OplusACodec:204] mSrOsieMMListCheckResult:0x0 mOsieVersion:1
07-11 21:57:56.629 11813 12539 E OplusACodec: [GetVideoCodingTypeFromMime:L1162] mime:video/x-vnd.on2.vp9
07-11 21:57:56.721 11813 11813 E Ads     : JS: Uncaught TypeError: Cannot read properties of null (reading 's') (https://pagead2.googlesyndication.com/omsdk/releases/live/omsdk-v1.js:27)
07-11 21:57:56.723 11813 11932 W cr_MediaCodecBridge: Releasing: OMX.qcom.video.decoder.vp9
07-11 21:57:56.725 11813 12538 E ExtensionsLoader: freeAllBuffers: 15 buffers were freed while being dequeued!
07-11 21:57:56.725 11813 11932 W cr_MediaCodecBridge: Codec released
07-11 21:57:56.930 11813 12328 E ActivityThread: Failed to find provider info for com.oplus.statistics.provider
07-11 21:57:56.930 11813 12328 E OplusStatistics--: IllegalArgumentException:java.lang.IllegalArgumentException: Unknown URL content://com.oplus.statistics.provider/track_event
07-11 21:58:05.609 11813 11813 I VkPanels: ▶ open menu
07-11 21:58:07.164 11813 11813 I VkSwipe : ▶ gesture started locale=pt-BR
07-11 21:58:07.198 11813 11813 W n       : [0] drop stale event: 1078,282|108 last: 1051,310|122
07-11 21:58:07.198 11813 11813 W n       : [0] drop stale event: 1108,253|117 last: 1051,310|122
07-11 21:58:07.198 11813 11813 W n       : [0] drop stale event: 1115,246|119 last: 1051,310|122
07-11 21:58:07.202 11813 12169 I VkSuggestions: decode typedLen=2 candidates=18 locales=1 6,2ms
07-11 21:58:07.212 11813 12169 I VkSuggestions: decode typedLen=0 candidates=16 locales=1 9,2ms
07-11 21:58:07.219 11813 11813 W n       : [0] drop stale event: 1138,224|125 last: 1051,310|133
07-11 21:58:07.308 11813 12169 I VkSuggestions: decode typedLen=2 candidates=18 locales=1 10,6ms
07-11 21:58:07.326 11813 12169 W VibeKeyProfiler: Slow Native Suggest: Total=10.77ms | Init=0.08ms | TrieExpand(x18)=10.66ms | Scoring=0.03ms | inputSize=22
07-11 21:58:07.327 11813 12169 I VkSuggestions: decode typedLen=0 candidates=16 locales=1 19,2ms
07-11 21:58:07.328 11813 12169 W VkSuggestions: slow frame 19,2ms locales=1 typedLen=0 candidates=16
07-11 21:58:07.400 11813 11813 W n       : [0] drop stale event: 902,275|309 last: 936,264|323
07-11 21:58:07.400 11813 11813 W n       : [0] drop stale event: 873,281|317 last: 936,264|323
07-11 21:58:07.400 11813 11813 W n       : [0] drop stale event: 867,282|319 last: 936,264|323
07-11 21:58:07.416 11813 11813 W n       : [0] drop stale event: 846,282|326 last: 936,264|335
07-11 21:58:07.416 11813 11813 W n       : [0] drop stale event: 820,281|334 last: 936,264|335
07-11 21:58:07.422 11813 12169 I VkSuggestions: decode typedLen=3 candidates=18 locales=1 11,7ms
07-11 21:58:07.439 11813 12169 W VibeKeyProfiler: Slow Native Suggest: Total=10.92ms | Init=0.15ms | TrieExpand(x18)=10.74ms | Scoring=0.03ms | inputSize=37
07-11 21:58:07.440 11813 12169 I VkSuggestions: decode typedLen=0 candidates=16 locales=1 17,7ms
07-11 21:58:07.440 11813 12169 W VkSuggestions: slow frame 17,7ms locales=1 typedLen=0 candidates=16
07-11 21:58:07.518 11813 12169 I VkSuggestions: decode typedLen=3 candidates=18 locales=1 7,0ms
07-11 21:58:07.525 11813 12169 I VkSuggestions: decode typedLen=0 candidates=16 locales=1 7,0ms
07-11 21:58:07.599 11813 11813 W n       : [0] drop stale event: 664,286|510 last: 644,274|523
07-11 21:58:07.600 11813 11813 W n       : [0] drop stale event: 696,302|518 last: 644,274|523
07-11 21:58:07.600 11813 11813 W n       : [0] drop stale event: 705,307|520 last: 644,274|523
07-11 21:58:07.616 11813 11813 W n       : [0] drop stale event: 734,315|526 last: 644,274|537
07-11 21:58:07.617 11813 11813 W n       : [0] drop stale event: 779,325|534 last: 644,274|537
07-11 21:58:07.623 11813 12169 I VkSuggestions: decode typedLen=3 candidates=18 locales=1 10,6ms
07-11 21:58:07.650 11813 12169 W VibeKeyProfiler: Slow Native Suggest: Total=21.73ms | Init=0.16ms | TrieExpand(x37)=21.55ms | Scoring=0.02ms | inputSize=60
07-11 21:58:07.651 11813 12169 I VkSuggestions: decode typedLen=0 candidates=16 locales=1 27,9ms
07-11 21:58:07.652 11813 12169 W VkSuggestions: slow frame 27,9ms locales=1 typedLen=0 candidates=16
07-11 21:58:07.701 11813 11813 W n       : [0] drop stale event: 1139,278|610 last: 1115,286|624
07-11 21:58:07.701 11813 11813 W n       : [0] drop stale event: 1159,270|618 last: 1115,286|624
07-11 21:58:07.701 11813 11813 W n       : [0] drop stale event: 1165,268|620 last: 1115,286|624
07-11 21:58:07.717 11813 11813 W n       : [0] drop stale event: 1176,262|626 last: 1115,286|638
07-11 21:58:07.717 11813 11813 W n       : [0] drop stale event: 1189,253|635 last: 1115,286|638
07-11 21:58:07.717 11813 11813 W n       : [0] drop stale event: 1193,251|637 last: 1115,286|638
07-11 21:58:07.722 11813 12169 I VkSuggestions: decode typedLen=4 candidates=18 locales=1 9,4ms
07-11 21:58:07.749 11813 12169 W VibeKeyProfiler: Slow Native Suggest: Total=21.67ms | Init=0.17ms | TrieExpand(x37)=21.48ms | Scoring=0.02ms | inputSize=79
07-11 21:58:07.750 11813 12169 I VkSuggestions: decode typedLen=0 candidates=16 locales=1 27,7ms
07-11 21:58:07.751 11813 12169 W VkSuggestions: slow frame 27,7ms locales=1 typedLen=0 candidates=16
07-11 21:58:07.759 11813 12169 I VkSuggestions: decode typedLen=4 candidates=18 locales=1 6,7ms
07-11 21:58:07.784 11813 12169 W VibeKeyProfiler: Slow Native Suggest: Total=20.30ms | Init=0.12ms | TrieExpand(x37)=20.16ms | Scoring=0.03ms | inputSize=79
07-11 21:58:07.785 11813 12169 I VkSuggestions: decode typedLen=0 candidates=16 locales=1 25,4ms
07-11 21:58:07.785 11813 12169 W VkSuggestions: slow frame 25,4ms locales=1 typedLen=0 candidates=16
07-11 21:58:08.046 11813 12169 I VkSuggestions: decode typedLen=1 candidates=18 locales=1 7,5ms
07-11 21:58:08.047 11813 12169 I VkSuggestions: strip composing typedLen=1 candidates=18 autocorrect=false top=d locale=pt
07-11 21:58:08.245 11813 12169 I VkSuggestions: decode typedLen=2 candidates=18 locales=1 6,9ms
07-11 21:58:08.246 11813 12169 I VkSuggestions: strip composing typedLen=2 candidates=16 autocorrect=false top=de locale=pt
07-11 21:58:08.379 11813 12169 I VkSuggestions: decode typedLen=3 candidates=18 locales=1 7,8ms
07-11 21:58:08.380 11813 12169 I VkSuggestions: strip composing typedLen=3 candidates=19 autocorrect=false top=deb locale=pt
07-11 21:58:08.560 11813 12169 I VkSuggestions: decode typedLen=4 candidates=18 locales=1 5,9ms
07-11 21:58:08.562 11813 12169 I VkSuggestions: strip composing typedLen=4 candidates=19 autocorrect=false top=debh locale=pt
07-11 21:58:08.752 11813 12169 I VkSuggestions: decode typedLen=5 candidates=18 locales=1 11,3ms
07-11 21:58:08.755 11813 12169 I VkSuggestions: strip composing typedLen=5 candidates=19 autocorrect=false top=debhe locale=pt
07-11 21:58:10.485 11813 12169 I VkSuggestions: decode typedLen=6 candidates=18 locales=1 7,6ms
07-11 21:58:10.488 11813 12169 I VkSuggestions: strip composing typedLen=6 candidates=19 autocorrect=false top=debheh locale=pt
07-11 21:58:11.559 11813 11813 I VkPanels: ▶ open menu
07-11 21:58:12.498 11813 11813 I VkMultilingual: menu languages total=1
07-11 21:58:13.801 11813 11813 W VkStall : MAIN-THREAD STALL 527ms during: >>>>> Dispatching to Handler (android.view.ViewRootImpl$ViewRootHandler) {e5ce90f} android.view.View$PerformClick@e9ebeae: 0
07-11 21:58:13.993 11813 11813 W VkStall : MAIN-THREAD STALL 192ms during: >>>>> Dispatching to Handler (android.view.Choreographer$FrameHandler) {9106a61} android.view.Choreographer$FrameDisplayEventReceiver@46d0986: 0
07-11 21:58:14.018 11813 11813 I VkEffects: reload anim=scale blur=0px glow=false stickers=true
07-11 21:58:14.143 11813 11813 W VkStall : MAIN-THREAD STALL 126ms during: >>>>> Dispatching to Handler (android.os.Handler) {936af4f} g9.n@bcce6dc: 0
07-11 21:58:14.458 11813 11813 W VkStall : MAIN-THREAD STALL 171ms during: >>>>> Dispatching to Handler (android.os.Handler) {936af4f} g9.n@bcce6dc: 0
07-11 21:58:17.529 11813 11813 I VkMultilingual: reset main=pt-BR locales=[pt,fr] count=2
07-11 21:58:18.838 11813 11813 I VkMultilingual: menu languages total=2
07-11 21:58:19.310 11813 11813 I VkEffects: reload anim=fade blur=0px glow=false stickers=true
07-11 21:58:19.690 11813 11813 W VkStall : MAIN-THREAD STALL 139ms during: >>>>> Dispatching to Handler (android.os.Handler) {936af4f} g9.n@bcce6dc: 0
07-11 21:58:19.977 11813 11813 W VkStall : MAIN-THREAD STALL 144ms during: >>>>> Dispatching to Handler (android.os.Handler) {936af4f} g9.n@bcce6dc: 0
07-11 21:58:21.290 11813 11813 W n       : [0] drop stale event: 858,337|17 last: 858,337|10912
07-11 21:58:21.292 11813 11813 W n       : [0] drop stale event: 858,337|20 last: 858,337|10912
07-11 21:58:21.292 11813 11813 W n       : [0] drop stale event: 858,337|20 last: 858,337|10912
07-11 21:58:21.292 11813 11813 W n       : [0] drop stale event: 858,337|20 last: 858,337|10912
07-11 21:58:21.292 11813 11813 W n       : [0] drop stale event: 858,337|20 last: 858,337|10912
07-11 21:58:21.292 11813 11813 W n       : [0] drop stale event: 858,337|20 last: 858,337|10912
07-11 21:58:21.292 11813 11813 W n       : [0] drop stale event: 858,337|20 last: 858,337|10912
07-11 21:58:21.292 11813 11813 W n       : [0] drop stale event: 858,337|20 last: 858,337|10912
07-11 21:58:21.292 11813 11813 W n       : [0] drop stale event: 858,337|20 last: 858,337|10912
07-11 21:58:21.292 11813 11813 W n       : [0] drop stale event: 858,337|20 last: 858,337|10912
07-11 21:58:21.293 11813 11813 W n       : [0] drop stale event: 858,337|20 last: 858,337|10912
07-11 21:58:21.293 11813 11813 W n       : [0] drop stale event: 858,337|20 last: 858,337|10912
07-11 21:58:21.293 11813 11813 W n       : [0] drop stale event: 858,337|20 last: 858,337|10912
07-11 21:58:21.390 11813 11813 W n       : [0] drop stale event: 858,337|117 last: 858,337|10912
07-11 21:58:21.393 11813 11813 W n       : [0] drop stale event: 858,337|120 last: 858,337|10912
07-11 21:58:21.393 11813 11813 W n       : [0] drop stale event: 858,337|121 last: 858,337|10912
07-11 21:58:21.393 11813 11813 W n       : [0] drop stale event: 858,337|121 last: 858,337|10912
07-11 21:58:21.393 11813 11813 W n       : [0] drop stale event: 858,337|121 last: 858,337|10912
07-11 21:58:21.393 11813 11813 W n       : [0] drop stale event: 858,337|121 last: 858,337|10912
07-11 21:58:21.393 11813 11813 W n       : [0] drop stale event: 858,337|121 last: 858,337|10912
07-11 21:58:21.393 11813 11813 W n       : [0] drop stale event: 858,337|121 last: 858,337|10912
07-11 21:58:21.393 11813 11813 W n       : [0] drop stale event: 858,337|121 last: 858,337|10912
07-11 21:58:21.393 11813 11813 W n       : [0] drop stale event: 858,337|121 last: 858,337|10912
07-11 21:58:21.393 11813 11813 W n       : [0] drop stale event: 858,337|121 last: 858,337|10912
07-11 21:58:21.393 11813 11813 W n       : [0] drop stale event: 858,337|121 last: 858,337|10912
07-11 21:58:21.487 11813 12169 I VkSuggestions: strip prediction typedLen=0 candidates=3 autocorrect=false top=ihf locale=pt
07-11 21:58:21.500 11813 11813 W n       : [0] drop stale event: 858,337|52 last: 858,337|10912
07-11 21:58:21.500 11813 11813 W n       : [0] drop stale event: 858,337|52 last: 858,337|10912
07-11 21:58:21.500 11813 11813 W n       : [0] drop stale event: 858,337|52 last: 858,337|10912
07-11 21:58:21.500 11813 11813 W n       : [0] drop stale event: 858,337|52 last: 858,337|10912
07-11 21:58:21.500 11813 11813 W n       : [0] drop stale event: 858,337|52 last: 858,337|10912
07-11 21:58:21.500 11813 11813 W n       : [0] drop stale event: 858,337|52 last: 858,337|10912
07-11 21:58:21.500 11813 11813 W n       : [0] drop stale event: 858,337|52 last: 858,337|10912
07-11 21:58:21.500 11813 11813 W n       : [0] drop stale event: 858,337|52 last: 858,337|10912
07-11 21:58:21.500 11813 11813 W n       : [0] drop stale event: 858,337|52 last: 858,337|10912
07-11 21:58:21.500 11813 11813 W n       : [0] drop stale event: 858,337|52 last: 858,337|10912
07-11 21:58:21.500 11813 11813 W n       : [0] drop stale event: 858,337|52 last: 858,337|10912
07-11 21:58:21.500 11813 11813 W n       : [0] drop stale event: 858,337|52 last: 858,337|10912
07-11 21:58:21.500 11813 11813 W n       : [0] drop stale event: 858,337|52 last: 858,337|10912
07-11 21:58:21.600 11813 11813 W n       : [0] drop stale event: 858,337|152 last: 858,337|10912
07-11 21:58:21.601 11813 11813 W n       : [0] drop stale event: 858,337|152 last: 858,337|10912
07-11 21:58:21.601 11813 11813 W n       : [0] drop stale event: 858,337|152 last: 858,337|10912
07-11 21:58:21.601 11813 11813 W n       : [0] drop stale event: 858,337|152 last: 858,337|10912
07-11 21:58:21.601 11813 11813 W n       : [0] drop stale event: 858,337|153 last: 858,337|10912
07-11 21:58:21.601 11813 11813 W n       : [0] drop stale event: 858,337|153 last: 858,337|10912
07-11 21:58:21.601 11813 11813 W n       : [0] drop stale event: 858,337|153 last: 858,337|10912
07-11 21:58:21.601 11813 11813 W n       : [0] drop stale event: 858,337|153 last: 858,337|10912
07-11 21:58:21.601 11813 11813 W n       : [0] drop stale event: 858,337|153 last: 858,337|10912
07-11 21:58:21.601 11813 11813 W n       : [0] drop stale event: 858,337|153 last: 858,337|10912
07-11 21:58:21.601 11813 11813 W n       : [0] drop stale event: 858,337|153 last: 858,337|10912
07-11 21:58:21.601 11813 11813 W n       : [0] drop stale event: 858,337|153 last: 858,337|10912
07-11 21:58:21.601 11813 11813 W n       : [0] drop stale event: 858,337|153 last: 858,337|10912
07-11 21:58:21.718 11813 11813 W n       : [0] drop stale event: 858,337|112 last: 858,337|10912
07-11 21:58:21.718 11813 11813 W n       : [0] drop stale event: 858,337|112 last: 858,337|10912
07-11 21:58:21.718 11813 11813 W n       : [0] drop stale event: 858,337|112 last: 858,337|10912
07-11 21:58:21.719 11813 11813 W n       : [0] drop stale event: 858,337|112 last: 858,337|10912
07-11 21:58:21.719 11813 11813 W n       : [0] drop stale event: 858,337|112 last: 858,337|10912
07-11 21:58:21.719 11813 11813 W n       : [0] drop stale event: 858,337|113 last: 858,337|10912
07-11 21:58:21.719 11813 11813 W n       : [0] drop stale event: 858,337|113 last: 858,337|10912
07-11 21:58:21.719 11813 11813 W n       : [0] drop stale event: 858,337|113 last: 858,337|10912
07-11 21:58:21.719 11813 11813 W n       : [0] drop stale event: 858,337|113 last: 858,337|10912
07-11 21:58:21.719 11813 11813 W n       : [0] drop stale event: 858,337|113 last: 858,337|10912
07-11 21:58:21.720 11813 11813 W n       : [0] drop stale event: 858,337|113 last: 858,337|10912
07-11 21:58:21.720 11813 11813 W n       : [0] drop stale event: 858,337|113 last: 858,337|10912
07-11 21:58:21.720 11813 11813 W n       : [0] drop stale event: 858,337|113 last: 858,337|10912
07-11 21:58:21.836 11813 11813 W n       : [0] drop stale event: 858,337|11 last: 858,337|10912
07-11 21:58:21.836 11813 11813 W n       : [0] drop stale event: 858,337|12 last: 858,337|10912
07-11 21:58:21.836 11813 11813 W n       : [0] drop stale event: 858,337|12 last: 858,337|10912
07-11 21:58:21.836 11813 11813 W n       : [0] drop stale event: 858,337|12 last: 858,337|10912
07-11 21:58:21.836 11813 11813 W n       : [0] drop stale event: 858,337|12 last: 858,337|10912
07-11 21:58:21.836 11813 11813 W n       : [0] drop stale event: 858,337|12 last: 858,337|10912
07-11 21:58:21.836 11813 11813 W n       : [0] drop stale event: 858,337|12 last: 858,337|10912
07-11 21:58:21.836 11813 11813 W n       : [0] drop stale event: 858,337|12 last: 858,337|10912
07-11 21:58:21.836 11813 11813 W n       : [0] drop stale event: 858,337|12 last: 858,337|10912
07-11 21:58:21.836 11813 11813 W n       : [0] drop stale event: 858,337|12 last: 858,337|10912
07-11 21:58:21.836 11813 11813 W n       : [0] drop stale event: 858,337|12 last: 858,337|10912
07-11 21:58:21.836 11813 11813 W n       : [0] drop stale event: 858,337|12 last: 858,337|10912
07-11 21:58:21.836 11813 11813 W n       : [0] drop stale event: 858,337|12 last: 858,337|10912
07-11 21:58:21.951 11813 11813 W n       : [0] drop stale event: 858,337|126 last: 858,337|10912
07-11 21:58:21.951 11813 11813 W n       : [0] drop stale event: 858,337|127 last: 858,337|10912
07-11 21:58:21.951 11813 11813 W n       : [0] drop stale event: 858,337|127 last: 858,337|10912
07-11 21:58:21.951 11813 11813 W n       : [0] drop stale event: 858,337|127 last: 858,337|10912
07-11 21:58:21.951 11813 11813 W n       : [0] drop stale event: 858,337|127 last: 858,337|10912
07-11 21:58:21.951 11813 11813 W n       : [0] drop stale event: 858,337|127 last: 858,337|10912
07-11 21:58:21.951 11813 11813 W n       : [0] drop stale event: 858,337|127 last: 858,337|10912
07-11 21:58:21.951 11813 11813 W n       : [0] drop stale event: 858,337|127 last: 858,337|10912
07-11 21:58:21.951 11813 11813 W n       : [0] drop stale event: 858,337|127 last: 858,337|10912
07-11 21:58:21.952 11813 11813 W n       : [0] drop stale event: 858,337|127 last: 858,337|10912
07-11 21:58:21.952 11813 11813 W n       : [0] drop stale event: 858,337|127 last: 858,337|10912
07-11 21:58:21.952 11813 11813 W n       : [0] drop stale event: 858,337|127 last: 858,337|10912
07-11 21:58:21.952 11813 11813 W n       : [0] drop stale event: 858,337|127 last: 858,337|10912
07-11 21:58:22.055 11813 11813 W n       : [0] drop stale event: 858,337|89 last: 858,337|10912
07-11 21:58:22.055 11813 11813 W n       : [0] drop stale event: 858,337|89 last: 858,337|10912
07-11 21:58:22.055 11813 11813 W n       : [0] drop stale event: 858,337|89 last: 858,337|10912
07-11 21:58:22.055 11813 11813 W n       : [0] drop stale event: 858,337|89 last: 858,337|10912
07-11 21:58:22.055 11813 11813 W n       : [0] drop stale event: 858,337|89 last: 858,337|10912
07-11 21:58:22.055 11813 11813 W n       : [0] drop stale event: 858,337|89 last: 858,337|10912
07-11 21:58:22.055 11813 11813 W n       : [0] drop stale event: 858,337|89 last: 858,337|10912
07-11 21:58:22.055 11813 11813 W n       : [0] drop stale event: 858,337|89 last: 858,337|10912
07-11 21:58:22.055 11813 11813 W n       : [0] drop stale event: 858,337|89 last: 858,337|10912
07-11 21:58:22.055 11813 11813 W n       : [0] drop stale event: 858,337|89 last: 858,337|10912
07-11 21:58:22.055 11813 11813 W n       : [0] drop stale event: 858,337|89 last: 858,337|10912
07-11 21:58:22.055 11813 11813 W n       : [0] drop stale event: 858,337|89 last: 858,337|10912
07-11 21:58:22.055 11813 11813 W n       : [0] drop stale event: 858,337|89 last: 858,337|10912
07-11 21:58:22.155 11813 11813 W n       : [0] drop stale event: 858,337|189 last: 858,337|10912
07-11 21:58:22.156 11813 11813 W n       : [0] drop stale event: 858,337|189 last: 858,337|10912
07-11 21:58:22.156 11813 11813 W n       : [0] drop stale event: 858,337|189 last: 858,337|10912
07-11 21:58:22.156 11813 11813 W n       : [0] drop stale event: 858,337|190 last: 858,337|10912
07-11 21:58:22.156 11813 11813 W n       : [0] drop stale event: 858,337|190 last: 858,337|10912
07-11 21:58:22.156 11813 11813 W n       : [0] drop stale event: 858,337|190 last: 858,337|10912
07-11 21:58:22.156 11813 11813 W n       : [0] drop stale event: 858,337|190 last: 858,337|10912
07-11 21:58:22.157 11813 11813 W n       : [0] drop stale event: 858,337|190 last: 858,337|10912
07-11 21:58:22.157 11813 11813 W n       : [0] drop stale event: 858,337|191 last: 858,337|10912
07-11 21:58:22.157 11813 11813 W n       : [0] drop stale event: 858,337|191 last: 858,337|10912
07-11 21:58:22.157 11813 11813 W n       : [0] drop stale event: 858,337|191 last: 858,337|10912
07-11 21:58:22.157 11813 11813 W n       : [0] drop stale event: 858,337|191 last: 858,337|10912
07-11 21:58:22.157 11813 11813 W n       : [0] drop stale event: 858,337|191 last: 858,337|10912
07-11 21:58:22.257 11813 11813 W n       : [0] drop stale event: 858,337|290 last: 858,337|10912
07-11 21:58:22.257 11813 11813 W n       : [0] drop stale event: 858,337|291 last: 858,337|10912
07-11 21:58:22.257 11813 11813 W n       : [0] drop stale event: 858,337|291 last: 858,337|10912
07-11 21:58:22.258 11813 11813 W n       : [0] drop stale event: 858,337|291 last: 858,337|10912
07-11 21:58:22.258 11813 11813 W n       : [0] drop stale event: 858,337|291 last: 858,337|10912
07-11 21:58:22.258 11813 11813 W n       : [0] drop stale event: 858,337|292 last: 858,337|10912
07-11 21:58:22.258 11813 11813 W n       : [0] drop stale event: 858,337|292 last: 858,337|10912
07-11 21:58:22.258 11813 11813 W n       : [0] drop stale event: 858,337|292 last: 858,337|10912
07-11 21:58:22.259 11813 11813 W n       : [0] drop stale event: 858,337|292 last: 858,337|10912
07-11 21:58:22.259 11813 11813 W n       : [0] drop stale event: 858,337|292 last: 858,337|10912
07-11 21:58:22.259 11813 11813 W n       : [0] drop stale event: 858,337|293 last: 858,337|10912
07-11 21:58:22.259 11813 11813 W n       : [0] drop stale event: 858,337|293 last: 858,337|10912
07-11 21:58:22.259 11813 11813 W n       : [0] drop stale event: 858,337|293 last: 858,337|10912
07-11 21:58:22.358 11813 11813 W n       : [0] drop stale event: 858,337|391 last: 858,337|10912
07-11 21:58:22.358 11813 11813 W n       : [0] drop stale event: 858,337|392 last: 858,337|10912
07-11 21:58:22.358 11813 11813 W n       : [0] drop stale event: 858,337|392 last: 858,337|10912
07-11 21:58:22.359 11813 11813 W n       : [0] drop stale event: 858,337|392 last: 858,337|10912
07-11 21:58:22.359 11813 11813 W n       : [0] drop stale event: 858,337|392 last: 858,337|10912
07-11 21:58:22.359 11813 11813 W n       : [0] drop stale event: 858,337|392 last: 858,337|10912
07-11 21:58:22.359 11813 11813 W n       : [0] drop stale event: 858,337|393 last: 858,337|10912
07-11 21:58:22.359 11813 11813 W n       : [0] drop stale event: 858,337|393 last: 858,337|10912
07-11 21:58:22.359 11813 11813 W n       : [0] drop stale event: 858,337|393 last: 858,337|10912
07-11 21:58:22.359 11813 11813 W n       : [0] drop stale event: 858,337|393 last: 858,337|10912
07-11 21:58:22.359 11813 11813 W n       : [0] drop stale event: 858,337|393 last: 858,337|10912
07-11 21:58:22.360 11813 11813 W n       : [0] drop stale event: 858,337|393 last: 858,337|10912
07-11 21:58:22.360 11813 11813 W n       : [0] drop stale event: 858,337|393 last: 858,337|10912
07-11 21:58:22.458 11813 11813 W n       : [0] drop stale event: 858,337|492 last: 858,337|10912
07-11 21:58:22.459 11813 11813 W n       : [0] drop stale event: 858,337|492 last: 858,337|10912
07-11 21:58:22.459 11813 11813 W n       : [0] drop stale event: 858,337|492 last: 858,337|10912
07-11 21:58:22.459 11813 11813 W n       : [0] drop stale event: 858,337|492 last: 858,337|10912
07-11 21:58:22.459 11813 11813 W n       : [0] drop stale event: 858,337|493 last: 858,337|10912
07-11 21:58:22.459 11813 11813 W n       : [0] drop stale event: 858,337|493 last: 858,337|10912
07-11 21:58:22.459 11813 11813 W n       : [0] drop stale event: 858,337|493 last: 858,337|10912
07-11 21:58:22.459 11813 11813 W n       : [0] drop stale event: 858,337|493 last: 858,337|10912
07-11 21:58:22.459 11813 11813 W n       : [0] drop stale event: 858,337|493 last: 858,337|10912
07-11 21:58:22.459 11813 11813 W n       : [0] drop stale event: 858,337|493 last: 858,337|10912
07-11 21:58:22.459 11813 11813 W n       : [0] drop stale event: 858,337|493 last: 858,337|10912
07-11 21:58:22.459 11813 11813 W n       : [0] drop stale event: 858,337|493 last: 858,337|10912
07-11 21:58:22.459 11813 11813 W n       : [0] drop stale event: 858,337|493 last: 858,337|10912
07-11 21:58:22.559 11813 11813 W n       : [0] drop stale event: 858,337|593 last: 858,337|10912
07-11 21:58:22.559 11813 11813 W n       : [0] drop stale event: 858,337|593 last: 858,337|10912
07-11 21:58:22.559 11813 11813 W n       : [0] drop stale event: 858,337|593 last: 858,337|10912
07-11 21:58:22.559 11813 11813 W n       : [0] drop stale event: 858,337|593 last: 858,337|10912
07-11 21:58:22.559 11813 11813 W n       : [0] drop stale event: 858,337|593 last: 858,337|10912
07-11 21:58:22.559 11813 11813 W n       : [0] drop stale event: 858,337|593 last: 858,337|10912
07-11 21:58:22.560 11813 11813 W n       : [0] drop stale event: 858,337|593 last: 858,337|10912
07-11 21:58:22.560 11813 11813 W n       : [0] drop stale event: 858,337|593 last: 858,337|10912
07-11 21:58:22.560 11813 11813 W n       : [0] drop stale event: 858,337|593 last: 858,337|10912
07-11 21:58:22.560 11813 11813 W n       : [0] drop stale event: 858,337|593 last: 858,337|10912
07-11 21:58:22.560 11813 11813 W n       : [0] drop stale event: 858,337|594 last: 858,337|10912
07-11 21:58:22.560 11813 11813 W n       : [0] drop stale event: 858,337|594 last: 858,337|10912
07-11 21:58:22.560 11813 11813 W n       : [0] drop stale event: 858,337|594 last: 858,337|10912
07-11 21:58:22.661 11813 11813 W n       : [0] drop stale event: 858,337|694 last: 858,337|10912
07-11 21:58:22.661 11813 11813 W n       : [0] drop stale event: 858,337|695 last: 858,337|10912
07-11 21:58:22.661 11813 11813 W n       : [0] drop stale event: 858,337|695 last: 858,337|10912
07-11 21:58:22.661 11813 11813 W n       : [0] drop stale event: 858,337|695 last: 858,337|10912
07-11 21:58:22.661 11813 11813 W n       : [0] drop stale event: 858,337|695 last: 858,337|10912
07-11 21:58:22.662 11813 11813 W n       : [0] drop stale event: 858,337|695 last: 858,337|10912
07-11 21:58:22.662 11813 11813 W n       : [0] drop stale event: 858,337|696 last: 858,337|10912
07-11 21:58:22.662 11813 11813 W n       : [0] drop stale event: 858,337|696 last: 858,337|10912
07-11 21:58:22.662 11813 11813 W n       : [0] drop stale event: 858,337|696 last: 858,337|10912
07-11 21:58:22.662 11813 11813 W n       : [0] drop stale event: 858,337|696 last: 858,337|10912
07-11 21:58:22.662 11813 11813 W n       : [0] drop stale event: 858,337|696 last: 858,337|10912
07-11 21:58:22.663 11813 11813 W n       : [0] drop stale event: 858,337|696 last: 858,337|10912
07-11 21:58:22.663 11813 11813 W n       : [0] drop stale event: 858,337|696 last: 858,337|10912
07-11 21:58:22.761 11813 11813 W n       : [0] drop stale event: 858,337|794 last: 858,337|10912
07-11 21:58:22.761 11813 11813 W n       : [0] drop stale event: 858,337|795 last: 858,337|10912
07-11 21:58:22.761 11813 11813 W n       : [0] drop stale event: 858,337|795 last: 858,337|10912
07-11 21:58:22.762 11813 11813 W n       : [0] drop stale event: 858,337|795 last: 858,337|10912
07-11 21:58:22.762 11813 11813 W n       : [0] drop stale event: 858,337|795 last: 858,337|10912
07-11 21:58:22.762 11813 11813 W n       : [0] drop stale event: 858,337|796 last: 858,337|10912
07-11 21:58:22.762 11813 11813 W n       : [0] drop stale event: 858,337|796 last: 858,337|10912
07-11 21:58:22.762 11813 11813 W n       : [0] drop stale event: 858,337|796 last: 858,337|10912
07-11 21:58:22.762 11813 11813 W n       : [0] drop stale event: 858,337|796 last: 858,337|10912
07-11 21:58:22.763 11813 11813 W n       : [0] drop stale event: 858,337|796 last: 858,337|10912
07-11 21:58:22.763 11813 11813 W n       : [0] drop stale event: 858,337|796 last: 858,337|10912
07-11 21:58:22.763 11813 11813 W n       : [0] drop stale event: 858,337|796 last: 858,337|10912
07-11 21:58:22.763 11813 11813 W n       : [0] drop stale event: 858,337|797 last: 858,337|10912
07-11 21:58:22.862 11813 11813 W n       : [0] drop stale event: 858,337|896 last: 858,337|10912
07-11 21:58:22.862 11813 11813 W n       : [0] drop stale event: 858,337|896 last: 858,337|10912
07-11 21:58:22.862 11813 11813 W n       : [0] drop stale event: 858,337|896 last: 858,337|10912
07-11 21:58:22.862 11813 12169 W VibeKeyProfiler: Slow Native Suggest: Total=9.34ms | Init=0.92ms | TrieExpand(x6)=8.38ms | Scoring=0.04ms | inputSize=10
07-11 21:58:22.862 11813 11813 W n       : [0] drop stale event: 858,337|896 last: 858,337|10912
07-11 21:58:22.863 11813 11813 W n       : [0] drop stale event: 858,337|896 last: 858,337|10912
07-11 21:58:22.863 11813 11813 W n       : [0] drop stale event: 858,337|896 last: 858,337|10912
07-11 21:58:22.863 11813 11813 W n       : [0] drop stale event: 858,337|897 last: 858,337|10912
07-11 21:58:22.863 11813 11813 W n       : [0] drop stale event: 858,337|897 last: 858,337|10912
07-11 21:58:22.863 11813 11813 W n       : [0] drop stale event: 858,337|897 last: 858,337|10912
07-11 21:58:22.863 11813 11813 W n       : [0] drop stale event: 858,337|897 last: 858,337|10912
07-11 21:58:22.863 11813 11813 W n       : [0] drop stale event: 858,337|897 last: 858,337|10912
07-11 21:58:22.864 11813 11813 W n       : [0] drop stale event: 858,337|897 last: 858,337|10912
07-11 21:58:22.864 11813 11813 W n       : [0] drop stale event: 858,337|897 last: 858,337|10912
07-11 21:58:22.870 11813 12169 I VkSuggestions: decode typedLen=10 candidates=18 locales=2 17,5ms
07-11 21:58:22.870 11813 12169 W VkSuggestions: slow frame 17,5ms locales=2 typedLen=10 candidates=18 parallelWait=17,3ms
07-11 21:58:22.872 11813 12169 I VkSuggestions: strip composing typedLen=10 candidates=17 autocorrect=false top=debhehhhhh locale=pt
07-11 21:58:22.962 11813 11813 W n       : [0] drop stale event: 858,337|996 last: 858,337|10912
07-11 21:58:22.963 11813 11813 W n       : [0] drop stale event: 858,337|996 last: 858,337|10912
07-11 21:58:22.963 11813 11813 W n       : [0] drop stale event: 858,337|997 last: 858,337|10912
07-11 21:58:22.963 11813 11813 W n       : [0] drop stale event: 858,337|997 last: 858,337|10912
07-11 21:58:22.963 11813 11813 W n       : [0] drop stale event: 858,337|997 last: 858,337|10912
07-11 21:58:22.963 11813 11813 W n       : [0] drop stale event: 858,337|997 last: 858,337|10912
07-11 21:58:22.964 11813 11813 W n       : [0] drop stale event: 858,337|997 last: 858,337|10912
07-11 21:58:22.964 11813 11813 W n       : [0] drop stale event: 858,337|997 last: 858,337|10912
07-11 21:58:22.964 11813 11813 W n       : [0] drop stale event: 858,337|998 last: 858,337|10912
07-11 21:58:22.964 11813 11813 W n       : [0] drop stale event: 858,337|998 last: 858,337|10912
07-11 21:58:22.964 11813 11813 W n       : [0] drop stale event: 858,337|998 last: 858,337|10912
07-11 21:58:22.965 11813 11813 W n       : [0] drop stale event: 858,337|998 last: 858,337|10912
07-11 21:58:22.965 11813 11813 W n       : [0] drop stale event: 858,337|999 last: 858,337|10912
07-11 21:58:23.063 11813 11813 W n       : [0] drop stale event: 858,337|1097 last: 858,337|10912
07-11 21:58:23.063 11813 11813 W n       : [0] drop stale event: 858,337|1097 last: 858,337|10912
07-11 21:58:23.064 11813 11813 W n       : [0] drop stale event: 858,337|1097 last: 858,337|10912
07-11 21:58:23.064 11813 11813 W n       : [0] drop stale event: 858,337|1097 last: 858,337|10912
07-11 21:58:23.064 11813 11813 W n       : [0] drop stale event: 858,337|1098 last: 858,337|10912
07-11 21:58:23.064 11813 11813 W n       : [0] drop stale event: 858,337|1098 last: 858,337|10912
07-11 21:58:23.065 11813 11813 W n       : [0] drop stale event: 858,337|1098 last: 858,337|10912
07-11 21:58:23.065 11813 11813 W n       : [0] drop stale event: 858,337|1098 last: 858,337|10912
07-11 21:58:23.065 11813 11813 W n       : [0] drop stale event: 858,337|1099 last: 858,337|10912
07-11 21:58:23.065 11813 11813 W n       : [0] drop stale event: 858,337|1099 last: 858,337|10912
07-11 21:58:23.065 11813 11813 W n       : [0] drop stale event: 858,337|1099 last: 858,337|10912
07-11 21:58:23.065 11813 11813 W n       : [0] drop stale event: 858,337|1099 last: 858,337|10912
07-11 21:58:23.066 11813 11813 W n       : [0] drop stale event: 858,337|1099 last: 858,337|10912
07-11 21:58:23.164 11813 11813 W n       : [0] drop stale event: 858,337|1197 last: 858,337|10912
07-11 21:58:23.164 11813 11813 W n       : [0] drop stale event: 858,337|1198 last: 858,337|10912
07-11 21:58:23.164 11813 11813 W n       : [0] drop stale event: 858,337|1198 last: 858,337|10912
07-11 21:58:23.164 11813 11813 W n       : [0] drop stale event: 858,337|1198 last: 858,337|10912
07-11 21:58:23.165 11813 11813 W n       : [0] drop stale event: 858,337|1198 last: 858,337|10912
07-11 21:58:23.165 11813 11813 W n       : [0] drop stale event: 858,337|1198 last: 858,337|10912
07-11 21:58:23.165 11813 11813 W n       : [0] drop stale event: 858,337|1199 last: 858,337|10912
07-11 21:58:23.165 11813 11813 W n       : [0] drop stale event: 858,337|1199 last: 858,337|10912
07-11 21:58:23.165 11813 11813 W n       : [0] drop stale event: 858,337|1199 last: 858,337|10912
07-11 21:58:23.165 11813 11813 W n       : [0] drop stale event: 858,337|1199 last: 858,337|10912
07-11 21:58:23.165 11813 11813 W n       : [0] drop stale event: 858,337|1199 last: 858,337|10912
07-11 21:58:23.166 11813 11813 W n       : [0] drop stale event: 858,337|1199 last: 858,337|10912
07-11 21:58:23.166 11813 11813 W n       : [0] drop stale event: 858,337|1199 last: 858,337|10912
07-11 21:58:23.263 11813 11813 W n       : [0] drop stale event: 858,337|1297 last: 858,337|10912
07-11 21:58:23.265 11813 11813 W n       : [0] drop stale event: 858,337|1298 last: 858,337|10912
07-11 21:58:23.265 11813 11813 W n       : [0] drop stale event: 858,337|1299 last: 858,337|10912
07-11 21:58:23.265 11813 11813 W n       : [0] drop stale event: 858,337|1299 last: 858,337|10912
07-11 21:58:23.265 11813 11813 W n       : [0] drop stale event: 858,337|1299 last: 858,337|10912
07-11 21:58:23.265 11813 11813 W n       : [0] drop stale event: 858,337|1299 last: 858,337|10912
07-11 21:58:23.266 11813 11813 W n       : [0] drop stale event: 858,337|1299 last: 858,337|10912
07-11 21:58:23.266 11813 11813 W n       : [0] drop stale event: 858,337|1300 last: 858,337|10912
07-11 21:58:23.266 11813 11813 W n       : [0] drop stale event: 858,337|1300 last: 858,337|10912
07-11 21:58:23.266 11813 11813 W n       : [0] drop stale event: 858,337|1300 last: 858,337|10912
07-11 21:58:23.266 11813 11813 W n       : [0] drop stale event: 858,337|1300 last: 858,337|10912
07-11 21:58:23.267 11813 11813 W n       : [0] drop stale event: 858,337|1300 last: 858,337|10912
07-11 21:58:23.267 11813 11813 W n       : [0] drop stale event: 858,337|1301 last: 858,337|10912
07-11 21:58:23.364 11813 11813 W n       : [0] drop stale event: 858,337|1397 last: 858,337|10912
07-11 21:58:23.364 11813 11813 W n       : [0] drop stale event: 858,337|1398 last: 858,337|10912
07-11 21:58:23.366 11813 11813 W n       : [0] drop stale event: 858,337|1399 last: 858,337|10912
07-11 21:58:23.366 11813 11813 W n       : [0] drop stale event: 858,337|1399 last: 858,337|10912
07-11 21:58:23.366 11813 11813 W n       : [0] drop stale event: 858,337|1400 last: 858,337|10912
07-11 21:58:23.366 11813 11813 W n       : [0] drop stale event: 858,337|1400 last: 858,337|10912
07-11 21:58:23.366 11813 11813 W n       : [0] drop stale event: 858,337|1400 last: 858,337|10912
07-11 21:58:23.366 11813 11813 W n       : [0] drop stale event: 858,337|1400 last: 858,337|10912
07-11 21:58:23.366 11813 11813 W n       : [0] drop stale event: 858,337|1400 last: 858,337|10912
07-11 21:58:23.367 11813 11813 W n       : [0] drop stale event: 858,337|1400 last: 858,337|10912
07-11 21:58:23.367 11813 11813 W n       : [0] drop stale event: 858,337|1400 last: 858,337|10912
07-11 21:58:23.367 11813 11813 W n       : [0] drop stale event: 858,337|1400 last: 858,337|10912
07-11 21:58:23.367 11813 11813 W n       : [0] drop stale event: 858,337|1401 last: 858,337|10912
07-11 21:58:23.431 11813 12169 W VibeKeyProfiler: Slow Native Suggest: Total=13.81ms | Init=0.08ms | TrieExpand(x15)=13.69ms | Scoring=0.03ms | inputSize=3
07-11 21:58:23.436 11813 12169 I VkSuggestions: decode typedLen=3 candidates=18 locales=2 20,3ms
07-11 21:58:23.436 11813 12169 W VkSuggestions: slow frame 20,3ms locales=2 typedLen=3 candidates=18 parallelWait=20,1ms
07-11 21:58:23.438 11813 12169 I VkSuggestions: strip composing typedLen=3 candidates=17 autocorrect=false top=kjd locale=pt
07-11 21:58:23.473 11813 11813 W n       : [0] drop stale event: 858,337|1506 last: 858,337|10912
07-11 21:58:23.473 11813 11813 W n       : [0] drop stale event: 858,337|1507 last: 858,337|10912
07-11 21:58:23.473 11813 11813 W n       : [0] drop stale event: 858,337|1507 last: 858,337|10912
07-11 21:58:23.473 11813 11813 W n       : [0] drop stale event: 858,337|1507 last: 858,337|10912
07-11 21:58:23.473 11813 11813 W n       : [0] drop stale event: 858,337|1507 last: 858,337|10912
07-11 21:58:23.473 11813 11813 W n       : [0] drop stale event: 858,337|1507 last: 858,337|10912
07-11 21:58:23.473 11813 11813 W n       : [0] drop stale event: 858,337|1507 last: 858,337|10912
07-11 21:58:23.474 11813 11813 W n       : [0] drop stale event: 858,337|1507 last: 858,337|10912
07-11 21:58:23.474 11813 11813 W n       : [0] drop stale event: 858,337|1507 last: 858,337|10912
07-11 21:58:23.474 11813 11813 W n       : [0] drop stale event: 858,337|1507 last: 858,337|10912
07-11 21:58:23.474 11813 11813 W n       : [0] drop stale event: 858,337|1508 last: 858,337|10912
07-11 21:58:23.474 11813 11813 W n       : [0] drop stale event: 858,337|1508 last: 858,337|10912
07-11 21:58:23.474 11813 11813 W n       : [0] drop stale event: 858,337|1508 last: 858,337|10912
07-11 21:58:23.751 11813 11813 W VkStall : MAIN-THREAD STALL 193ms during: >>>>> Dispatching to Handler (s8.u0) {5a511e5} null: 1
07-11 21:58:23.758 11813 11813 W n       : [0] drop stale event: 858,337|1792 last: 858,337|10912
07-11 21:58:23.758 11813 11813 W n       : [0] drop stale event: 858,337|1792 last: 858,337|10912
07-11 21:58:23.758 11813 11813 W n       : [0] drop stale event: 858,337|1792 last: 858,337|10912
07-11 21:58:23.758 11813 11813 W n       : [0] drop stale event: 858,337|1792 last: 858,337|10912
07-11 21:58:23.759 11813 11813 W n       : [0] drop stale event: 858,337|1792 last: 858,337|10912
07-11 21:58:23.759 11813 11813 W n       : [0] drop stale event: 858,337|1792 last: 858,337|10912
07-11 21:58:23.759 11813 11813 W n       : [0] drop stale event: 858,337|1793 last: 858,337|10912
07-11 21:58:23.759 11813 11813 W n       : [0] drop stale event: 858,337|1793 last: 858,337|10912
07-11 21:58:23.759 11813 11813 W n       : [0] drop stale event: 858,337|1793 last: 858,337|10912
07-11 21:58:23.759 11813 11813 W n       : [0] drop stale event: 858,337|1793 last: 858,337|10912
07-11 21:58:23.759 11813 11813 W n       : [0] drop stale event: 858,337|1793 last: 858,337|10912
07-11 21:58:23.759 11813 11813 W n       : [0] drop stale event: 858,337|1793 last: 858,337|10912
07-11 21:58:23.760 11813 11813 W n       : [0] drop stale event: 858,337|1793 last: 858,337|10912
07-11 21:58:23.853 11813 12169 I VkSuggestions: strip prediction typedLen=0 candidates=3 autocorrect=false top=ihf locale=pt
07-11 21:58:23.877 11813 11813 W n       : [0] drop stale event: 858,337|1910 last: 858,337|10912
07-11 21:58:23.877 11813 11813 W n       : [0] drop stale event: 858,337|1911 last: 858,337|10912
07-11 21:58:23.877 11813 11813 W n       : [0] drop stale event: 858,337|1911 last: 858,337|10912
07-11 21:58:23.877 11813 11813 W n       : [0] drop stale event: 858,337|1911 last: 858,337|10912
07-11 21:58:23.878 11813 11813 W n       : [0] drop stale event: 858,337|1911 last: 858,337|10912
07-11 21:58:23.878 11813 11813 W n       : [0] drop stale event: 858,337|1911 last: 858,337|10912
07-11 21:58:23.878 11813 11813 W n       : [0] drop stale event: 858,337|1911 last: 858,337|10912
07-11 21:58:23.878 11813 11813 W n       : [0] drop stale event: 858,337|1912 last: 858,337|10912
07-11 21:58:23.878 11813 11813 W n       : [0] drop stale event: 858,337|1912 last: 858,337|10912
07-11 21:58:23.878 11813 11813 W n       : [0] drop stale event: 858,337|1912 last: 858,337|10912
07-11 21:58:23.878 11813 11813 W n       : [0] drop stale event: 858,337|1912 last: 858,337|10912
07-11 21:58:23.879 11813 11813 W n       : [0] drop stale event: 858,337|1912 last: 858,337|10912
07-11 21:58:23.879 11813 11813 W n       : [0] drop stale event: 858,337|1912 last: 858,337|10912
07-11 21:58:23.977 11813 11813 W n       : [0] drop stale event: 858,337|2010 last: 858,337|10912
07-11 21:58:23.980 11813 11813 W n       : [0] drop stale event: 858,337|2014 last: 858,337|10912
07-11 21:58:23.981 11813 11813 W n       : [0] drop stale event: 858,337|2014 last: 858,337|10912
07-11 21:58:23.981 11813 11813 W n       : [0] drop stale event: 858,337|2014 last: 858,337|10912
07-11 21:58:23.981 11813 11813 W n       : [0] drop stale event: 858,337|2015 last: 858,337|10912
07-11 21:58:23.981 11813 11813 W n       : [0] drop stale event: 858,337|2015 last: 858,337|10912
07-11 21:58:23.981 11813 11813 W n       : [0] drop stale event: 858,337|2015 last: 858,337|10912
07-11 21:58:23.981 11813 11813 W n       : [0] drop stale event: 858,337|2015 last: 858,337|10912
07-11 21:58:23.981 11813 11813 W n       : [0] drop stale event: 858,337|2015 last: 858,337|10912
07-11 21:58:23.982 11813 11813 W n       : [0] drop stale event: 858,337|2015 last: 858,337|10912
07-11 21:58:23.982 11813 11813 W n       : [0] drop stale event: 858,337|2015 last: 858,337|10912
07-11 21:58:23.982 11813 11813 W n       : [0] drop stale event: 858,337|2016 last: 858,337|10912
07-11 21:58:23.982 11813 11813 W n       : [0] drop stale event: 858,337|2016 last: 858,337|10912
07-11 21:58:24.085 11813 11813 W n       : [0] drop stale event: 858,337|2117 last: 858,337|10912
07-11 21:58:24.085 11813 11813 W n       : [0] drop stale event: 858,337|2119 last: 858,337|10912
07-11 21:58:24.085 11813 11813 W n       : [0] drop stale event: 858,337|2119 last: 858,337|10912
07-11 21:58:24.086 11813 11813 W n       : [0] drop stale event: 858,337|2119 last: 858,337|10912
07-11 21:58:24.086 11813 11813 W n       : [0] drop stale event: 858,337|2119 last: 858,337|10912
07-11 21:58:24.086 11813 11813 W n       : [0] drop stale event: 858,337|2119 last: 858,337|10912
07-11 21:58:24.086 11813 11813 W n       : [0] drop stale event: 858,337|2120 last: 858,337|10912
07-11 21:58:24.086 11813 11813 W n       : [0] drop stale event: 858,337|2120 last: 858,337|10912
07-11 21:58:24.086 11813 11813 W n       : [0] drop stale event: 858,337|2120 last: 858,337|10912
07-11 21:58:24.086 11813 11813 W n       : [0] drop stale event: 858,337|2120 last: 858,337|10912
07-11 21:58:24.087 11813 11813 W n       : [0] drop stale event: 858,337|2120 last: 858,337|10912
07-11 21:58:24.087 11813 11813 W n       : [0] drop stale event: 858,337|2120 last: 858,337|10912
07-11 21:58:24.087 11813 11813 W n       : [0] drop stale event: 858,337|2121 last: 858,337|10912
07-11 21:58:24.185 11813 11813 W n       : [0] drop stale event: 858,337|2219 last: 858,337|10912
07-11 21:58:24.186 11813 11813 W n       : [0] drop stale event: 858,337|2219 last: 858,337|10912
07-11 21:58:24.186 11813 11813 W n       : [0] drop stale event: 858,337|2220 last: 858,337|10912
07-11 21:58:24.186 11813 11813 W n       : [0] drop stale event: 858,337|2220 last: 858,337|10912
07-11 21:58:24.186 11813 11813 W n       : [0] drop stale event: 858,337|2220 last: 858,337|10912
07-11 21:58:24.186 11813 11813 W n       : [0] drop stale event: 858,337|2220 last: 858,337|10912
07-11 21:58:24.186 11813 11813 W n       : [0] drop stale event: 858,337|2220 last: 858,337|10912
07-11 21:58:24.187 11813 11813 W n       : [0] drop stale event: 858,337|2220 last: 858,337|10912
07-11 21:58:24.187 11813 11813 W n       : [0] drop stale event: 858,337|2220 last: 858,337|10912
07-11 21:58:24.187 11813 11813 W n       : [0] drop stale event: 858,337|2220 last: 858,337|10912
07-11 21:58:24.187 11813 11813 W n       : [0] drop stale event: 858,337|2221 last: 858,337|10912
07-11 21:58:24.187 11813 11813 W n       : [0] drop stale event: 858,337|2221 last: 858,337|10912
07-11 21:58:24.187 11813 11813 W n       : [0] drop stale event: 858,337|2221 last: 858,337|10912
07-11 21:58:24.286 11813 11813 W n       : [0] drop stale event: 858,337|2319 last: 858,337|10912
07-11 21:58:24.286 11813 11813 W n       : [0] drop stale event: 858,337|2320 last: 858,337|10912
07-11 21:58:24.286 11813 11813 W n       : [0] drop stale event: 858,337|2320 last: 858,337|10912
07-11 21:58:24.287 11813 11813 W n       : [0] drop stale event: 858,337|2320 last: 858,337|10912
07-11 21:58:24.287 11813 11813 W n       : [0] drop stale event: 858,337|2320 last: 858,337|10912
07-11 21:58:24.287 11813 11813 W n       : [0] drop stale event: 858,337|2321 last: 858,337|10912
07-11 21:58:24.287 11813 11813 W n       : [0] drop stale event: 858,337|2321 last: 858,337|10912
07-11 21:58:24.287 11813 11813 W n       : [0] drop stale event: 858,337|2321 last: 858,337|10912
07-11 21:58:24.287 11813 11813 W n       : [0] drop stale event: 858,337|2321 last: 858,337|10912
07-11 21:58:24.287 11813 11813 W n       : [0] drop stale event: 858,337|2321 last: 858,337|10912
07-11 21:58:24.287 11813 11813 W n       : [0] drop stale event: 858,337|2321 last: 858,337|10912
07-11 21:58:24.288 11813 11813 W n       : [0] drop stale event: 858,337|2321 last: 858,337|10912
07-11 21:58:24.288 11813 11813 W n       : [0] drop stale event: 858,337|2322 last: 858,337|10912
07-11 21:58:24.386 11813 11813 W n       : [0] drop stale event: 858,337|2420 last: 858,337|10912
07-11 21:58:24.387 11813 11813 W n       : [0] drop stale event: 858,337|2420 last: 858,337|10912
07-11 21:58:24.387 11813 11813 W n       : [0] drop stale event: 858,337|2421 last: 858,337|10912
07-11 21:58:24.387 11813 11813 W n       : [0] drop stale event: 858,337|2421 last: 858,337|10912
07-11 21:58:24.387 11813 11813 W n       : [0] drop stale event: 858,337|2421 last: 858,337|10912
07-11 21:58:24.388 11813 11813 W n       : [0] drop stale event: 858,337|2421 last: 858,337|10912
07-11 21:58:24.388 11813 11813 W n       : [0] drop stale event: 858,337|2422 last: 858,337|10912
07-11 21:58:24.388 11813 11813 W n       : [0] drop stale event: 858,337|2422 last: 858,337|10912
07-11 21:58:24.388 11813 11813 W n       : [0] drop stale event: 858,337|2422 last: 858,337|10912
07-11 21:58:24.388 11813 11813 W n       : [0] drop stale event: 858,337|2422 last: 858,337|10912
07-11 21:58:24.389 11813 11813 W n       : [0] drop stale event: 858,337|2422 last: 858,337|10912
07-11 21:58:24.389 11813 11813 W n       : [0] drop stale event: 858,337|2423 last: 858,337|10912
07-11 21:58:24.397 11813 11813 W n       : [0] drop stale event: 858,337|2431 last: 858,337|10912
07-11 21:58:24.487 11813 11813 W n       : [0] drop stale event: 858,337|2520 last: 858,337|10912
07-11 21:58:24.487 11813 11813 W n       : [0] drop stale event: 858,337|2521 last: 858,337|10912
07-11 21:58:24.487 11813 11813 W n       : [0] drop stale event: 858,337|2521 last: 858,337|10912
07-11 21:58:24.487 11813 11813 W n       : [0] drop stale event: 858,337|2521 last: 858,337|10912
07-11 21:58:24.488 11813 11813 W n       : [0] drop stale event: 858,337|2521 last: 858,337|10912
07-11 21:58:24.488 11813 11813 W n       : [0] drop stale event: 858,337|2522 last: 858,337|10912
07-11 21:58:24.488 11813 11813 W n       : [0] drop stale event: 858,337|2522 last: 858,337|10912
07-11 21:58:24.488 11813 11813 W n       : [0] drop stale event: 858,337|2522 last: 858,337|10912
07-11 21:58:24.488 11813 11813 W n       : [0] drop stale event: 858,337|2522 last: 858,337|10912
07-11 21:58:24.489 11813 11813 W n       : [0] drop stale event: 858,337|2522 last: 858,337|10912
07-11 21:58:24.489 11813 11813 W n       : [0] drop stale event: 858,337|2523 last: 858,337|10912
07-11 21:58:24.497 11813 11813 W n       : [0] drop stale event: 858,337|2531 last: 858,337|10912
07-11 21:58:24.498 11813 11813 W n       : [0] drop stale event: 858,337|2531 last: 858,337|10912
07-11 21:58:24.587 11813 11813 W n       : [0] drop stale event: 858,337|81 last: 858,337|10912
07-11 21:58:24.587 11813 11813 W n       : [0] drop stale event: 858,337|81 last: 858,337|10912
07-11 21:58:24.587 11813 11813 W n       : [0] drop stale event: 858,337|81 last: 858,337|10912
07-11 21:58:24.587 11813 11813 W n       : [0] drop stale event: 858,337|81 last: 858,337|10912
07-11 21:58:24.587 11813 11813 W n       : [0] drop stale event: 858,337|81 last: 858,337|10912
07-11 21:58:24.588 11813 11813 W n       : [0] drop stale event: 858,337|82 last: 858,337|10912
07-11 21:58:24.588 11813 11813 W n       : [0] drop stale event: 858,337|82 last: 858,337|10912
07-11 21:58:24.588 11813 11813 W n       : [0] drop stale event: 858,337|82 last: 858,337|10912
07-11 21:58:24.588 11813 11813 W n       : [0] drop stale event: 858,337|82 last: 858,337|10912
07-11 21:58:24.588 11813 11813 W n       : [0] drop stale event: 858,337|82 last: 858,337|10912
07-11 21:58:24.591 11813 11813 W n       : [0] drop stale event: 858,337|84 last: 858,337|10912
07-11 21:58:24.598 11813 11813 W n       : [0] drop stale event: 858,337|92 last: 858,337|10912
07-11 21:58:24.598 11813 11813 W n       : [0] drop stale event: 858,337|92 last: 858,337|10912
07-11 21:58:24.688 11813 11813 W n       : [0] drop stale event: 858,337|182 last: 858,337|10912
07-11 21:58:24.689 11813 11813 W n       : [0] drop stale event: 858,337|182 last: 858,337|10912
07-11 21:58:24.689 11813 11813 W n       : [0] drop stale event: 858,337|183 last: 858,337|10912
