06-01 14:07:25.200 12725 12742 E Isolated Web Content: [JavaScript Error: "Content-Security-Policy: (Report-Only policy) The page’s settings would block a script (script-src-elem) at https://securepubads.g.doubleclick.net/pagead/managed/js/gpt/m202605130101/pubads_impl.js?cb=31098807 from being executed because it violates the following directive: “script-src https://accounts.google.com/gsi/client”" {file: "https://securepubads.g.doubleclick.net/tag/js/gpt.js" line: 11}]
06-01 14:07:25.251 14708 14725 E GeckoLibLoad: Load sqlite start
06-01 14:07:25.253 14708 14725 E GeckoLibLoad: Load sqlite done
06-01 14:07:25.253 14708 14725 E GeckoLibLoad: Load nss start
06-01 14:07:25.253 14708 14725 E GeckoLibLoad: Load nss done
06-01 14:07:25.263 14708 14725 E GeckoLibLoad: Loaded libs in 9.847500ms total, 0ms(0ms) user, 9ms(9ms) system, 0(0) faults
06-01 14:07:25.264 14708 14725 W GeckoThread: zerdatime 14088125 - runGecko
06-01 14:07:25.358 12725 12742 E Isolated Web Content: [JavaScript Error: "Content-Security-Policy: (Report-Only policy) The page’s settings would block a script (script-src-elem) at https://config.aps.amazon-adsystem.com/configs/8a94db63-9a31-4fa1-a155-4843713e91f8 from being executed because it violates the following directive: “script-src https://accounts.google.com/gsi/client”" {file: "https://c.amazon-adsystem.com/aax2/apstag.js" line: 3}]
06-01 14:07:25.360 12725 12742 E Isolated Web Content: [JavaScript Error: "Content-Security-Policy: (Report-Only policy) The page’s settings would block the loading of a resource (connect-src) at https://c.amazon-adsystem.com/bao-csm/aps-comm/aps_csm.js because it violates the following directive: “connect-src https://accounts.google.com/gsi/”" {file: "https://static.coingecko.com/packs/js/1191-8f48a4e42264bbef374d.js" line: 2}]
06-01 14:07:25.386 12725 12742 E Isolated Web Content: [JavaScript Error: "Content-Security-Policy: (Report-Only policy) The page’s settings would block a JavaScript eval (script-src) from being executed because it violates the following directive: “script-src https://accounts.google.com/gsi/client” (Missing 'unsafe-eval')" {file: "https://c.amazon-adsystem.com/aax2/apstag.js" line: 5}]
06-01 14:07:26.752  8275  8275 W View    : requestLayout() improperly called by android.widget.FrameLayout{f979eb V.E...... ......ID 0,1677-1440,1857 #7f0a0087 app:id/browser_nav_footer_float} during layout: running second layout pass
06-01 14:07:26.760  8275  8275 E GeckoView: Failed to attach WindowInsetsListener: 
06-01 14:07:26.760  8275  8275 E GeckoView: java.lang.NullPointerException: Attempt to invoke virtual method 'android.view.Window android.app.Activity.getWindow()' on a null object reference
06-01 14:07:26.760  8275  8275 E GeckoView: 	at org.mozilla.geckoview.GeckoView.attachWindowInsetsListener(r8-map-id-77731b11c1cb5a698a64c95b2497b61ab3ee60dbb047ede68aba1ab9a8da9457:1)
06-01 14:07:26.760  8275  8275 E GeckoView: 	at org.mozilla.geckoview.GeckoView.onAttachedToWindow(r8-map-id-77731b11c1cb5a698a64c95b2497b61ab3ee60dbb047ede68aba1ab9a8da9457:49)
06-01 14:07:26.760  8275  8275 E GeckoView: 	at android.view.View.dispatchAttachedToWindow(View.java:20900)
06-01 14:07:26.760  8275  8275 E GeckoView: 	at android.view.ViewGroup.dispatchAttachedToWindow(ViewGroup.java:3539)
06-01 14:07:26.760  8275  8275 E GeckoView: 	at android.view.ViewGroup.addViewInner(ViewGroup.java:5378)
06-01 14:07:26.760  8275  8275 E GeckoView: 	at android.view.ViewGroup.addView(ViewGroup.java:5156)
06-01 14:07:26.760  8275  8275 E GeckoView: 	at android.view.ViewGroup.addView(ViewGroup.java:5096)
06-01 14:07:26.760  8275  8275 E GeckoView: 	at helium314.keyboard.latin.panels.BrowserPanelView.Y(r8-map-id-77731b11c1cb5a698a64c95b2497b61ab3ee60dbb047ede68aba1ab9a8da9457:62)
06-01 14:07:26.760  8275  8275 E GeckoView: 	at helium314.keyboard.latin.panels.BrowserPanelView.X(r8-map-id-77731b11c1cb5a698a64c95b2497b61ab3ee60dbb047ede68aba1ab9a8da9457:296)
06-01 14:07:26.760  8275  8275 E GeckoView: 	at helium314.keyboard.latin.panels.BrowserPanelView.G0(r8-map-id-77731b11c1cb5a698a64c95b2497b61ab3ee60dbb047ede68aba1ab9a8da9457:58)
06-01 14:07:26.760  8275  8275 E GeckoView: 	at c5.t.run(r8-map-id-77731b11c1cb5a698a64c95b2497b61ab3ee60dbb047ede68aba1ab9a8da9457:622)
06-01 14:07:26.760  8275  8275 E GeckoView: 	at g7.y.onGlobalLayout(r8-map-id-77731b11c1cb5a698a64c95b2497b61ab3ee60dbb047ede68aba1ab9a8da9457:8)
06-01 14:07:26.760  8275  8275 E GeckoView: 	at android.view.ViewTreeObserver.dispatchOnGlobalLayout(ViewTreeObserver.java:1061)
06-01 14:07:26.760  8275  8275 E GeckoView: 	at android.view.ViewRootImpl.performTraversals(ViewRootImpl.java:3407)
06-01 14:07:26.760  8275  8275 E GeckoView: 	at android.view.ViewRootImpl.doTraversal(ViewRootImpl.java:2305)
06-01 14:07:26.760  8275  8275 E GeckoView: 	at android.view.ViewRootImpl$TraversalRunnable.run(ViewRootImpl.java:9133)
06-01 14:07:26.760  8275  8275 E GeckoView: 	at android.view.Choreographer$CallbackRecord.run(Choreographer.java:1232)
06-01 14:07:26.760  8275  8275 E GeckoView: 	at android.view.Choreographer.doCallbacks(Choreographer.java:1029)
06-01 14:07:26.760  8275  8275 E GeckoView: 	at android.view.Choreographer.doFrame(Choreographer.java:934)
06-01 14:07:26.760  8275  8275 E GeckoView: 	at android.view.Choreographer$FrameDisplayEventReceiver.run(Choreographer.java:1217)
06-01 14:07:26.760  8275  8275 E GeckoView: 	at android.os.Handler.handleCallback(Handler.java:938)
06-01 14:07:26.760  8275  8275 E GeckoView: 	at android.os.Handler.dispatchMessage(Handler.java:99)
06-01 14:07:26.760  8275  8275 E GeckoView: 	at android.os.Looper.loopOnce(Looper.java:233)
06-01 14:07:26.760  8275  8275 E GeckoView: 	at android.os.Looper.loop(Looper.java:344)
06-01 14:07:26.760  8275  8275 E GeckoView: 	at android.app.ActivityThread.main(ActivityThread.java:8212)
06-01 14:07:26.760  8275  8275 E GeckoView: 	at java.lang.reflect.Method.invoke(Native Method)
06-01 14:07:26.760  8275  8275 E GeckoView: 	at com.android.internal.os.RuntimeInit$MethodAndArgsCaller.run(RuntimeInit.java:584)
06-01 14:07:26.760  8275  8275 E GeckoView: 	at com.android.internal.os.ZygoteInit.main(ZygoteInit.java:1034)
06-01 14:07:26.826 12725 12742 W GeckoViewAutoFill[C]: Cannot perform autofill undefined
06-01 14:07:26.826 12725 12742 W GeckoViewAutoFill[C]: Cannot perform autofill undefined
06-01 14:07:26.853  8275  8291 E BLASTBufferQueue: [SurfaceView[InputMethod]#30](f:0,a:0) rejecting buffer:active_size=1440x1853, requested_size=1440x1853 buffer{size=1440x1861 transform=0}
06-01 14:07:26.862  8275  8291 E BLASTBufferQueue: BLASTBufferItemConsumer::onDisconnect()
06-01 14:07:26.887  8275  8275 W com.vibekey.keyboard: type=1400 audit(0.0:19049): avc: denied { nlmsg_readpriv } for comm=536F636B657420546872656164 scontext=u:r:untrusted_app:s0:c17,c271,c512,c768 tcontext=u:r:untrusted_app:s0:c17,c271,c512,c768 tclass=netlink_route_socket permissive=0 bug=b/155595000 app=com.vibekey.keyboard
06-01 14:07:26.972 12725 12742 W Isolated Web Content: [JavaScript Warning: "Content-Security-Policy: This site (https://www.coingecko.com) has a Report-Only policy without a report-uri directive nor a report-to directive. CSP will not block and cannot report violations of this policy." {file: "https://www.coingecko.com/" line: 0}]
06-01 14:07:26.973 12725 12742 W GeckoEditableChild: No editable parent
06-01 14:07:26.991 12725 12742 E Isolated Web Content: [JavaScript Error: "Content-Security-Policy: (Report-Only policy) The page’s settings would block an inline script (script-src-elem) from being executed because it violates the following directive: “script-src https://accounts.google.com/gsi/client”. Consider using a hash ('sha256-Bvjd7UUJtZwH3c3N9YUnR/Y9mebgeUfCsngi1EtCZ84=') or a nonce." {file: "https://www.coingecko.com/" line: 3}]
06-01 14:07:26.991 12725 12742 E Isolated Web Content: [JavaScript Error: "Content-Security-Policy: (Report-Only policy) The page’s settings would block an inline script (script-src-elem) from being executed because it violates the following directive: “script-src https://accounts.google.com/gsi/client”. Consider using a hash ('sha256-GVGRYraf54EBppgsnlW+l/hSVmw3H1csr2K9zrCyUec=') or a nonce." {file: "https://www.coingecko.com/" line: 4}]
06-01 14:07:26.991 12725 12742 E Isolated Web Content: [JavaScript Error: "Content-Security-Policy: (Report-Only policy) The page’s settings would block a script (script-src-elem) at https://www.coingecko.com/tagmetrics/ from being executed because it violates the following directive: “script-src https://accounts.google.com/gsi/client”" {file: "https://www.coingecko.com/" line: 7}]
06-01 14:07:26.992 12725 12742 E Isolated Web Content: [JavaScript Error: "Content-Security-Policy: (Report-Only policy) The page’s settings would block a script (script-src-elem) at https://cdn-apac.onetrust.com/scripttemplates/otSDKStub.js from being executed because it violates the following directive: “script-src https://accounts.google.com/gsi/client”" {file: "https://www.coingecko.com/" line: 0}]
06-01 14:07:26.992 12725 12742 E Isolated Web Content: [JavaScript Error: "Content-Security-Policy: (Report-Only policy) The page’s settings would block an inline script (script-src-elem) from being executed because it violates the following directive: “script-src https://accounts.google.com/gsi/client”. Consider using a hash ('sha256-dhE3t0rfyP2cYB9NxDMoZtVoOVoNReX28cgygNw/dYQ=') or a nonce." {file: "https://www.coingecko.com/" line: 30}]
06-01 14:07:26.992 12725 12742 E Isolated Web Content: [JavaScript Error: "Content-Security-Policy: (Report-Only policy) The page’s settings would block an inline script (script-src-elem) from being executed because it violates the following directive: “script-src https://accounts.google.com/gsi/client”. Consider using a hash ('sha256-upmR/oRF+vS4i4WuonWH3V6ucaNDFnhXc64mwCByRXk=') or a nonce." {file: "https://www.coingecko.com/" line: 374}]
06-01 14:07:26.992 12725 12742 E Isolated Web Content: [JavaScript Error: "Content-Security-Policy: (Report-Only policy) The page’s settings would block an event handler (script-src-attr) from being executed because it violates the following directive: “script-src https://accounts.google.com/gsi/client”. Consider using a hash ('sha256-1jAmyYXcRq6zFldLe/GCgIDJBiOONdXjTLgEFMDnDSM=') together with 'unsafe-hashes'.
06-01 14:07:26.992 12725 12742 E Isolated Web Content: Source: this.onload=null;this.rel='stylesheet'" {file: "https://www.coingecko.com/" line: 0}]
06-01 14:07:26.992 12725 12742 E Isolated Web Content: [JavaScript Error: "Content-Security-Policy: (Report-Only policy) The page’s settings would block a script (script-src-elem) at https://challenges.cloudflare.com/turnstile/v0/api.js from being executed because it violates the following directive: “script-src https://accounts.google.com/gsi/client”" {file: "https://www.coingecko.com/" line: 0}]
06-01 14:07:26.997 12725 12742 E Isolated Web Content: [JavaScript Error: "Content-Security-Policy: (Report-Only policy) The page’s settings would block a script (script-src-elem) at https://challenges.cloudflare.com/turnstile/v0/g/8fc8ed1d8752/api.js from being executed because it violates the following directive: “script-src https://accounts.google.com/gsi/client”" {file: "https://www.coingecko.com/" line: 0}]
06-01 14:07:27.037 12725 12742 E Isolated Web Content: [JavaScript Error: "Content-Security-Policy: (Report-Only policy) The page’s settings would block an inline script (script-src-elem) from being executed because it violates the following directive: “script-src https://accounts.google.com/gsi/client”. Consider using a hash ('sha256-4V+Tr+UeT10mHXndgmvs3E4ngoOJjpyCvYgF8ienz9E=') or a nonce." {file: "https://www.coingecko.com/" line: 446}]
06-01 14:07:27.037 12725 12742 E Isolated Web Content: [JavaScript Error: "Content-Security-Policy: (Report-Only policy) The page’s settings would block a script (script-src-elem) at https://html-load.cc/script/d3d3LmNvaW5nZWNrby5jb20.js from being executed because it violates the following directive: “script-src https://accounts.google.com/gsi/client”" {file: "https://www.coingecko.com/" line: 446}]
06-01 14:07:27.038 12725 12742 E Isolated Web Content: [JavaScript Error: "Content-Security-Policy: (Report-Only policy) The page’s settings would block a script (script-src-elem) at https://cdn.confiant-integrations.net/9LK8Exe2khR_0lJTo07N1DnGdH8/gpt_and_prebid/config.js from being executed because it violates the following directive: “script-src https://accounts.google.com/gsi/client”" {file: "https://www.coingecko.com/" line: 0}]
06-01 14:07:27.043 12725 12742 E Isolated Web Content: [JavaScript Error: "Content-Security-Policy: (Report-Only policy) The page’s settings would block an inline script (script-src-elem) from being executed because it violates the following directive: “script-src https://accounts.google.com/gsi/client”. Consider using a hash ('sha256-GBgFU3jEJ0M9wi4Keg88svXAX5SFfQUFc7hXHFbaiBk=') or a nonce." {file: "https://www.coingecko.com/" line: 489}]
06-01 14:07:27.050 12725 12742 E Isolated Web Content: [JavaScript Error: "Content-Security-Policy: (Report-Only policy) The page’s settings would block a script (script-src-elem) at https://stg.html-load.cc/script/d3d3LmNvaW5nZWNrby5jb20.js from being executed because it violates the following directive: “script-src https://accounts.google.com/gsi/client”" {file: "https://www.coingecko.com/" line: 0}]
06-01 14:07:27.301 12725 12742 W Isolated Web Content: [JavaScript Warning: "Layout was forced before the page was fully loaded. If stylesheets are not yet loaded this may cause a flash of unstyled content." {file: "https://www.coingecko.com/" line: 0}]
06-01 14:07:27.310  8275  9918 E BLASTBufferQueue: BLASTBufferItemConsumer::onDisconnect()
06-01 14:07:27.314 12725 12742 W Isolated Web Content: [JavaScript Warning: "Content-Security-Policy: This site (https://www.coingecko.com) has a Report-Only policy without a report-uri directive nor a report-to directive. CSP will not block and cannot report violations of this policy." {file: "https://www.coingecko.com/" line: 0}]
06-01 14:07:27.327  8275  9795 E BLASTBufferQueue: [SurfaceView[InputMethod]#30](f:0,a:0) rejecting buffer:active_size=1440x1853, requested_size=1440x1853 buffer{size=1440x1861 transform=0}
06-01 14:07:27.329  8275  9795 E BLASTBufferQueue: BLASTBufferItemConsumer::onDisconnect()
06-01 14:07:27.331 12725 12742 E Isolated Web Content: [JavaScript Error: "Content-Security-Policy: (Report-Only policy) The page’s settings would block an inline script (script-src-elem) from being executed because it violates the following directive: “script-src https://accounts.google.com/gsi/client”. Consider using a hash ('sha256-Bvjd7UUJtZwH3c3N9YUnR/Y9mebgeUfCsngi1EtCZ84=') or a nonce." {file: "https://www.coingecko.com/" line: 3}]
06-01 14:07:27.341 12725 12742 E Isolated Web Content: [JavaScript Error: "downloadable font: failed to start download (font-family: "Inter" style:normal weight:400 stretch:100 src index:0): content blocked source: https://static.coingecko.com/s/Inter-Regular-1417fafccdf9712c3f1b8fbf781997adb127c13635f392fd4cf0e246dd27faf9.woff2"]
06-01 14:07:27.341 12725 12742 E Isolated Web Content: [JavaScript Error: "downloadable font: failed to start download (font-family: "Inter" style:normal weight:400 stretch:100 src index:1): content blocked source: https://static.coingecko.com/s/Inter-Regular-a0aa89bbf244b28d67f0d5bb76554f3713c4f3b117015ff0664b634046c595e0.woff"]
06-01 14:07:27.342 12725 12742 E Isolated Web Content: [JavaScript Error: "Content-Security-Policy: (Report-Only policy) The page’s settings would block an inline script (script-src-elem) from being executed because it violates the following directive: “script-src https://accounts.google.com/gsi/client”. Consider using a hash ('sha256-GVGRYraf54EBppgsnlW+l/hSVmw3H1csr2K9zrCyUec=') or a nonce." {file: "https://www.coingecko.com/" line: 4}]
06-01 14:07:27.342 12725 12742 E Isolated Web Content: [JavaScript Error: "Content-Security-Policy: (Report-Only policy) The page’s settings would block a script (script-src-elem) at https://www.coingecko.com/tagmetrics/ from being executed because it violates the following directive: “script-src https://accounts.google.com/gsi/client”" {file: "https://www.coingecko.com/" line: 7}]
06-01 14:07:27.342 12725 12742 E Isolated Web Content: [JavaScript Error: "Content-Security-Policy: (Report-Only policy) The page’s settings would block a script (script-src-elem) at https://cdn-apac.onetrust.com/scripttemplates/otSDKStub.js from being executed because it violates the following directive: “script-src https://accounts.google.com/gsi/client”" {file: "https://www.coingecko.com/" line: 0}]
06-01 14:07:27.342 12725 12742 E Isolated Web Content: [JavaScript Error: "Content-Security-Policy: (Report-Only policy) The page’s settings would block an inline script (script-src-elem) from being executed because it violates the following directive: “script-src https://accounts.google.com/gsi/client”. Consider using a hash ('sha256-dhE3t0rfyP2cYB9NxDMoZtVoOVoNReX28cgygNw/dYQ=') or a nonce." {file: "https://www.coingecko.com/" line: 30}]
06-01 14:07:27.342 12725 12742 E Isolated Web Content: [JavaScript Error: "Content-Security-Policy: (Report-Only policy) The page’s settings would block an inline script (script-src-elem) from being executed because it violates the following directive: “script-src https://accounts.google.com/gsi/client”. Consider using a hash ('sha256-upmR/oRF+vS4i4WuonWH3V6ucaNDFnhXc64mwCByRXk=') or a nonce." {file: "https://www.coingecko.com/" line: 374}]
06-01 14:07:27.343 12725 12742 E Isolated Web Content: [JavaScript Error: "Content-Security-Policy: (Report-Only policy) The page’s settings would block an event handler (script-src-attr) from being executed because it violates the following directive: “script-src https://accounts.google.com/gsi/client”. Consider using a hash ('sha256-1jAmyYXcRq6zFldLe/GCgIDJBiOONdXjTLgEFMDnDSM=') together with 'unsafe-hashes'.
06-01 14:07:27.343 12725 12742 E Isolated Web Content: Source: this.onload=null;this.rel='stylesheet'" {file: "https://www.coingecko.com/" line: 0}]
06-01 14:07:27.343 12725 12742 E Isolated Web Content: [JavaScript Error: "Content-Security-Policy: (Report-Only policy) The page’s settings would block a script (script-src-elem) at https://challenges.cloudflare.com/turnstile/v0/api.js from being executed because it violates the following directive: “script-src https://accounts.google.com/gsi/client”" {file: "https://www.coingecko.com/" line: 0}]
06-01 14:07:27.355 12725 12742 E Isolated Web Content: [JavaScript Error: "Content-Security-Policy: (Report-Only policy) The page’s settings would block a script (script-src-elem) at https://challenges.cloudflare.com/turnstile/v0/g/8fc8ed1d8752/api.js from being executed because it violates the following directive: “script-src https://accounts.google.com/gsi/client”" {file: "https://www.coingecko.com/" line: 0}]
06-01 14:07:27.385 12725 12742 E Isolated Web Content: [JavaScript Error: "Content-Security-Policy: (Report-Only policy) The page’s settings would block an inline script (script-src-elem) from being executed because it violates the following directive: “script-src https://accounts.google.com/gsi/client”. Consider using a hash ('sha256-4V+Tr+UeT10mHXndgmvs3E4ngoOJjpyCvYgF8ienz9E=') or a nonce." {file: "https://www.coingecko.com/" line: 446}]
06-01 14:07:27.386 12725 12742 E Isolated Web Content: [JavaScript Error: "Content-Security-Policy: (Report-Only policy) The page’s settings would block a script (script-src-elem) at https://html-load.cc/script/d3d3LmNvaW5nZWNrby5jb20.js from being executed because it violates the following directive: “script-src https://accounts.google.com/gsi/client”" {file: "https://www.coingecko.com/" line: 446}]
06-01 14:07:27.386 12725 12742 E Isolated Web Content: [JavaScript Error: "Content-Security-Policy: (Report-Only policy) The page’s settings would block a script (script-src-elem) at https://cdn.confiant-integrations.net/9LK8Exe2khR_0lJTo07N1DnGdH8/gpt_and_prebid/config.js from being executed because it violates the following directive: “script-src https://accounts.google.com/gsi/client”" {file: "https://www.coingecko.com/" line: 0}]
06-01 14:07:27.386 12725 12742 E Isolated Web Content: [JavaScript Error: "Content-Security-Policy: (Report-Only policy) The page’s settings would block an inline script (script-src-elem) from being executed because it violates the following directive: “script-src https://accounts.google.com/gsi/client”. Consider using a hash ('sha256-GBgFU3jEJ0M9wi4Keg88svXAX5SFfQUFc7hXHFbaiBk=') or a nonce." {file: "https://www.coingecko.com/" line: 489}]
06-01 14:07:27.412 12725 12742 E Isolated Web Content: [JavaScript Error: "Content-Security-Policy: (Report-Only policy) The page’s settings would block a script (script-src-elem) at https://stg.html-load.cc/script/d3d3LmNvaW5nZWNrby5jb20.js from being executed because it violates the following directive: “script-src https://accounts.google.com/gsi/client”" {file: "https://www.coingecko.com/" line: 0}]
06-01 14:07:27.477  8275  8275 W GeckoEventDispatcher: No listener for GeckoView:DismissClipboardPermissionRequest
06-01 14:07:28.482 14512 14530 W Isolated Web Content: [JavaScript Warning: "Window.fullScreen attribute is deprecated and will be removed in the future." {file: "https://challenges.cloudflare.com/cdn-cgi/challenge-platform/h/g/turnstile/f/ov2/av0/rch/k23ra/0x4AAAAAABkuQIhLBgY-YxvO/auto/fbE/new/normal?lang=auto" line: 1}]
06-01 14:07:28.482 14512 14530 W Isolated Web Content: [JavaScript Warning: "InstallTrigger is deprecated and will be removed in the future." {file: "https://challenges.cloudflare.com/cdn-cgi/challenge-platform/h/g/turnstile/f/ov2/av0/rch/k23ra/0x4AAAAAABkuQIhLBgY-YxvO/auto/fbE/new/normal?lang=auto" line: 1}]
06-01 14:07:28.485 14512 14530 W Isolated Web Content: [JavaScript Warning: "onmozfullscreenchange is deprecated." {file: "https://challenges.cloudflare.com/cdn-cgi/challenge-platform/h/g/turnstile/f/ov2/av0/rch/k23ra/0x4AAAAAABkuQIhLBgY-YxvO/auto/fbE/new/normal?lang=auto" line: 1}]
06-01 14:07:28.485 14512 14530 W Isolated Web Content: [JavaScript Warning: "onmozfullscreenerror is deprecated." {file: "https://challenges.cloudflare.com/cdn-cgi/challenge-platform/h/g/turnstile/f/ov2/av0/rch/k23ra/0x4AAAAAABkuQIhLBgY-YxvO/auto/fbE/new/normal?lang=auto" line: 1}]
06-01 14:07:28.565 14512 14530 W Isolated Web Content: [JavaScript Warning: "mozOrientation is deprecated. Use orientation.type instead." {file: "https://challenges.cloudflare.com/cdn-cgi/challenge-platform/h/g/turnstile/f/ov2/av0/rch/k23ra/0x4AAAAAABkuQIhLBgY-YxvO/auto/fbE/new/normal?lang=auto" line: 1}]
06-01 14:07:28.565 14512 14530 W Isolated Web Content: [JavaScript Warning: "onmozorientationchange is deprecated. Use orientation.onchange instead." {file: "https://challenges.cloudflare.com/cdn-cgi/challenge-platform/h/g/turnstile/f/ov2/av0/rch/k23ra/0x4AAAAAABkuQIhLBgY-YxvO/auto/fbE/new/normal?lang=auto" line: 1}]
06-01 14:07:28.571 14512 14530 W Isolated Web Content: [JavaScript Warning: "Window.fullScreen attribute is deprecated and will be removed in the future." {file: "https://challenges.cloudflare.com/cdn-cgi/challenge-platform/h/g/turnstile/f/ov2/av0/rch/k23ra/0x4AAAAAABkuQIhLBgY-YxvO/auto/fbE/new/normal?lang=auto" line: 1}]
06-01 14:07:28.571 14512 14530 W Isolated Web Content: [JavaScript Warning: "InstallTrigger is deprecated and will be removed in the future." {file: "https://challenges.cloudflare.com/cdn-cgi/challenge-platform/h/g/turnstile/f/ov2/av0/rch/k23ra/0x4AAAAAABkuQIhLBgY-YxvO/auto/fbE/new/normal?lang=auto" line: 1}]
06-01 14:07:28.572 14512 14530 W Isolated Web Content: [JavaScript Warning: "onmozfullscreenchange is deprecated." {file: "https://challenges.cloudflare.com/cdn-cgi/challenge-platform/h/g/turnstile/f/ov2/av0/rch/k23ra/0x4AAAAAABkuQIhLBgY-YxvO/auto/fbE/new/normal?lang=auto" line: 1}]
06-01 14:07:28.572 14512 14530 W Isolated Web Content: [JavaScript Warning: "onmozfullscreenerror is deprecated." {file: "https://challenges.cloudflare.com/cdn-cgi/challenge-platform/h/g/turnstile/f/ov2/av0/rch/k23ra/0x4AAAAAABkuQIhLBgY-YxvO/auto/fbE/new/normal?lang=auto" line: 1}]
06-01 14:07:29.784 12725 12742 E Isolated Web Content: [JavaScript Error: "Content-Security-Policy: (Report-Only policy) The page’s settings would block an inline script (script-src-elem) from being executed because it violates the following directive: “script-src https://accounts.google.com/gsi/client”. Consider using a hash ('sha256-q2iwj49xVKfEo1uN09rita6NJu69FeFA92jaykX3HIU=') or a nonce." {file: "https://www.coingecko.com/" line: 509}]
06-01 14:07:29.784 12725 12742 E Isolated Web Content: [JavaScript Error: "Content-Security-Policy: (Report-Only policy) The page’s settings would block an event handler (script-src-attr) from being executed because it violates the following directive: “script-src https://accounts.google.com/gsi/client”. Consider using a hash ('sha256-xwxRN5U56s9EbCDcvEG7bx4wUmqGqXJOo1Q9N/2yu+o=') together with 'unsafe-hashes'.
06-01 14:07:29.784 12725 12742 E Isolated Web Content: Source: Modal.show('get_app_modal')" {file: "https://www.coingecko.com/" line: 0}]
06-01 14:07:29.784 12725 12742 E Isolated Web Content: [JavaScript Error: "Content-Security-Policy: (Report-Only policy) The page’s settings would block an event handler (script-src-attr) from being executed because it violates the following directive: “script-src https://accounts.google.com/gsi/client”. Consider using a hash ('sha256-oQwdCsRANhJZrqwz/9gruZx4gSSwG1UIRGe4n6rHCi8=') together with 'unsafe-hashes'.
06-01 14:07:29.784 12725 12742 E Isolated Web Content: Source: Modal.show('language_selector')" {file: "https://www.coingecko.com/" line: 0}]
06-01 14:07:29.784 12725 12742 E Isolated Web Content: [JavaScript Error: "Content-Security-Policy: (Report-Only policy) The page’s settings would block an event handler (script-src-attr) from being executed because it violates the following directive: “script-src https://accounts.google.com/gsi/client”. Consider using a hash ('sha256-rwiKYMjy+f3Tqe6wQF03sDPK61YhKxbIP/bQ7/YkixU=') together with 'unsafe-hashes'.
06-01 14:07:29.784 12725 12742 E Isolated Web Content: Source: Modal.show('currency_selector')" {file: "https://www.coingecko.com/" line: 0}]
06-01 14:07:29.784 12725 12742 E Isolated Web Content: [JavaScript Error: "Content-Security-Policy: (Report-Only policy) The page’s settings would block an inline script (script-src-elem) from being executed because it violates the following directive: “script-src https://accounts.google.com/gsi/client”. Consider using a hash ('sha256-RfkkGjyyG75UPLaiioH2e0CHpWuikWUUxiFdYeHixYk=') or a nonce." {file: "https://www.coingecko.com/" line: 2479}]
06-01 14:07:29.785 12725 12742 E Isolated Web Content: [JavaScript Error: "Content-Security-Policy: (Report-Only policy) The page’s settings would block an event handler (script-src-attr) from being executed because it violates the following directive: “script-src https://accounts.google.com/gsi/client”. Consider using a hash ('sha256-DZC9gXLnr6b+WQKKPMHWLa8tKzhtYQnCsv9na3vIuh8=') together with 'unsafe-hashes'.
06-01 14:07:29.785 12725 12742 E Isolated Web Content: Source: document.querySelector('[data-action*="f…" {file: "https://www.coingecko.com/" line: 0}]
06-01 14:07:29.785 12725 12742 E Isolated Web Content: [JavaScript Error: "Content-Security-Policy: (Report-Only policy) The page’s settings would block an event handler (script-src-attr) from being executed because it violates the following directive: “script-src https://accounts.google.com/gsi/client”. Consider using a hash ('sha256-tLziW4LUYbt3lkXdqx4yQbNc7zHGq5OVJ10cxD9KfcM=') together with 'unsafe-hashes'.
06-01 14:07:29.785 12725 12742 E Isolated Web Content: Source: geckoCarousel.prev('sidebar-market-insig…" {file: "https://www.coingecko.com/" line: 0}]
06-01 14:07:29.785 12725 12742 E Isolated Web Content: [JavaScript Error: "Content-Security-Policy: (Report-Only policy) The page’s settings would block an event handler (script-src-attr) from being executed because it violates the following directive: “script-src https://accounts.google.com/gsi/client”. Consider using a hash ('sha256-DKK0dCSpKDmT6JcHmNLvTsQag3wIr5Uql5CEzi7YHBQ=') together with 'unsafe-hashes'.
06-01 14:07:29.785 12725 12742 E Isolated Web Content: Source: geckoCarousel.next('sidebar-market-insig…" {file: "https://www.coingecko.com/" line: 0}]
06-01 14:07:29.791 12725 12742 E Isolated Web Content: [JavaScript Error: "Content-Security-Policy: (Report-Only policy) The page’s settings would block an event handler (script-src-attr) from being executed because it violates the following directive: “script-src https://accounts.google.com/gsi/client”. Consider using a hash ('sha256-6bI7LhNbE0dBYKfNmK0lAC98AHcUR+5mw/KQlhwOkLc=') together with 'unsafe-hashes'.
06-01 14:07:29.791 12725 12742 E Isolated Web Content: Source: window.scrollTo({ top: 0, behavior: 'smo…" {file: "https://www.coingecko.com/" line: 0}]
06-01 14:07:29.791 12725 12742 E Isolated Web Content: [JavaScript Error: "Content-Security-Policy: (Report-Only policy) The page’s settings would block a script (script-src-elem) at https://static.coingecko.com/packs/js/runtime-d65e3510ba5c9986866f.js from being executed because it violates the following directive: “script-src https://accounts.google.com/gsi/client”" {file: "https://www.coingecko.com/" line: 0}]
06-01 14:07:29.791 12725 12742 E Isolated Web Content: [JavaScript Error: "Content-Security-Policy: (Report-Only policy) The page’s settings would block a script (script-src-elem) at https://static.coingecko.com/packs/js/2692-3f0b8d977dafaa9dc4a0.js from being executed because it violates the following directive: “script-src https://accounts.google.com/gsi/client”" {file: "https://www.coingecko.com/" line: 0}]
06-01 14:07:29.791 12725 12742 E Isolated Web Content: [JavaScript Error: "Content-Security-Policy: (Report-Only policy) The page’s settings would block a script (script-src-elem) at https://static.coingecko.com/packs/js/i18n-e45846a046902c21898a.js from being executed because it violates the following directive: “script-src https://accounts.google.com/gsi/client”" {file: "https://www.coingecko.com/" line: 0}]
06-01 14:07:29.791 12725 12742 E Isolated Web Content: [JavaScript Error: "Content-Security-Policy: (Report-Only policy) The page’s settings would block a script (script-src-elem) at https://static.coingecko.com/packs/js/translations/en-d078c0fdc774a97b281e.js from being executed because it violates the following directive: “script-src https://accounts.google.com/gsi/client”" {file: "https://www.coingecko.com/" line: 0}]
06-01 14:07:29.791 12725 12742 E Isolated Web Content: [JavaScript Error: "Content-Security-Policy: (Report-Only policy) The page’s settings would block a script (script-src-elem) at https://static.coingecko.com/packs/js/6234-f39512e1d324b02c1a3c.js from being executed because it violates the following directive: “script-src https://accounts.google.com/gsi/client”" {file: "https://www.coingecko.com/" line: 0}]
06-01 14:07:29.791 12725 12742 E Isolated Web Content: [JavaScript Error: "Content-Security-Policy: (Report-Only policy) The page’s settings would block a script (script-src-elem) at https://static.coingecko.com/packs/js/2386-c8f7f5a5aa066814e904.js from being executed because it violates the following directive: “script-src https://accounts.google.com/gsi/client”" {file: "https://www.coingecko.com/" line: 0}]
06-01 14:07:29.791 12725 12742 E Isolated Web Content: [JavaScript Error: "Content-Security-Policy: (Report-Only policy) The page’s settings would block a script (script-src-elem) at https://static.coingecko.com/packs/js/5973-9e4606288488324a205d.js from being executed because it violates the following directive: “script-src https://accounts.google.com/gsi/client”" {file: "https://www.coingecko.com/" line: 0}]
06-01 14:07:29.791 12725 12742 E Isolated Web Content: [JavaScript Error: "Content-Security-Policy: (Report-Only policy) The page’s settings would block a script (script-src-elem) at https://static.coingecko.com/packs/js/5316-638bb2b11c5292b1c88f.js from being executed because it violates the following directive: “script-src https://accounts.google.com/gsi/client”" {file: "https://www.coingecko.com/" line: 0}]
06-01 14:07:29.791 12725 12742 E Isolated Web Content: [JavaScript Error: "Content-Security-Policy: (Report-Only policy) The page’s settings would block a script (script-src-elem) at https://static.coingecko.com/packs/js/4052-ea90e87da52d385be122.js from being executed because it violates the following directive: “script-src https://accounts.google.com/gsi/client”" {file: "https://www.coingecko.com/" line: 0}]
06-01 14:07:29.791 12725 12742 E Isolated Web Content: [JavaScript Error: "Content-Security-Policy: (Report-Only policy) The page’s settings would block a script (script-src-elem) at https://static.coingecko.com/packs/js/4759-64f00f0f8b33558ba65f.js from being executed because it violates the following directive: “script-src https://accounts.google.com/gsi/client”" {file: "https://www.coingecko.com/" line: 0}]
06-01 14:07:29.791 12725 12742 E Isolated Web Content: [JavaScript Error: "Content-Security-Policy: (Report-Only policy) The page’s settings would block a script (script-src-elem) at https://static.coingecko.com/packs/js/1374-e834b3a3006b299bb4b5.js from being executed because it violates the following directive: “script-src https://accounts.google.com/gsi/client”" {file: "https://www.coingecko.com/" line: 0}]
06-01 14:07:29.791 12725 12742 E Isolated Web Content: [JavaScript Error: "Content-Security-Policy: (Report-Only policy) The page’s settings would block a script (script-src-elem) at https://static.coingecko.com/packs/js/3337-f6925657a9763ece751e.js from being executed because it violates the following directive: “script-src https://accounts.google.com/gsi/client”" {file: "https://www.coingecko.com/" line: 0}]
06-01 14:07:29.791 12725 12742 E Isolated Web Content: [JavaScript Error: "Content-Security-Policy: (Report-Only policy) The page’s settings would block a script (script-src-elem) at https://static.coingecko.com/packs/js/4089-771c2bf26779ec21d866.js from being executed because it violates the following directive: “script-src https://accounts.google.com/gsi/client”" {file: "https://www.coingecko.com/" line: 0}]
06-01 14:07:29.791 12725 12742 E Isolated Web Content: [JavaScript Error: "Content-Security-Policy: (Report-Only policy) The page’s settings would block a script (script-src-elem) at https://static.coingecko.com/packs/js/1191-8f48a4e42264bbef374d.js from being executed because it violates the following directive: “script-src https://accounts.google.com/gsi/client”" {file: "https://www.coingecko.com/" line: 0}]
06-01 14:07:29.792 12725 12742 E Isolated Web Content: [JavaScript Error: "Content-Security-Policy: (Report-Only policy) The page’s settings would block a script (script-src-elem) at https://static.coingecko.com/packs/js/3722-b687e1a3ddf5017eadc9.js from being executed because it violates the following directive: “script-src https://accounts.google.com/gsi/client”" {file: "https://www.coingecko.com/" line: 0}]
06-01 14:07:29.792 12725 12742 E Isolated Web Content: [JavaScript Error: "Content-Security-Policy: (Report-Only policy) The page’s settings would block a script (script-src-elem) at https://static.coingecko.com/packs/js/7754-99e203626fa8cfce05f1.js from being executed because it violates the following directive: “script-src https://accounts.google.com/gsi/client”" {file: "https://www.coingecko.com/" line: 0}]
06-01 14:07:29.792 12725 12742 E Isolated Web Content: [JavaScript Error: "Content-Security-Policy: (Report-Only policy) The page’s settings would block a script (script-src-elem) at https://static.coingecko.com/packs/js/1626-622d8b5931ea78e98000.js from being executed because it violates the following directive: “script-src https://accounts.google.com/gsi/client”" {file: "https://www.coingecko.com/" line: 0}]
06-01 14:07:29.792 12725 12742 E Isolated Web Content: [JavaScript Error: "Content-Security-Policy: (Report-Only policy) The page’s settings would block a script (script-src-elem) at https://static.coingecko.com/packs/js/7815-d39a6854076af729a865.js from being executed because it violates the following directive: “script-src https://accounts.google.com/gsi/client”" {file: "https://www.coingecko.com/" line: 0}]
06-01 14:07:29.792 12725 12742 E Isolated Web Content: [JavaScript Error: "Content-Security-Policy: (Report-Only policy) The page’s settings would block a script (script-src-elem) at https://static.coingecko.com/packs/js/v2/application-ca555c3e7f0a5c5be509.js from being executed because it violates the following directive: “script-src https://accounts.google.com/gsi/client”" {file: "https://www.coingecko.com/" line: 0}]
06-01 14:07:29.792 12725 12742 E Isolated Web Content: [JavaScript Error: "Content-Security-Policy: (Report-Only policy) The page’s settings would block a script (script-src-elem) at https://static.coingecko.com/packs/js/8828-54787874aaebe52e1a94.js from being executed because it violates the following directive: “script-src https://accounts.google.com/gsi/client”" {file: "https://www.coingecko.com/" line: 0}]
06-01 14:07:29.792 12725 12742 E Isolated Web Content: [JavaScript Error: "Content-Security-Policy: (Report-Only policy) The page’s settings would block a script (script-src-elem) at https://static.coingecko.com/packs/js/v2/pages/coins-7571d08be6f7f347eb7e.js from being executed because it violates the following directive: “script-src https://accounts.google.com/gsi/client”" {file: "https://www.coingecko.com/" line: 0}]
06-01 14:07:29.792 12725 12742 E Isolated Web Content: [JavaScript Error: "Content-Security-Policy: (Report-Only policy) The page’s settings would block a script (script-src-elem) at https://static.coingecko.com/packs/js/v2/pages/user_onboarding-588f6392591257c2c201.js from being executed because it violates the following directive: “script-src https://accounts.google.com/gsi/client”" {file: "https://www.coingecko.com/" line: 0}]
06-01 14:07:29.792 12725 12742 E Isolated Web Content: [JavaScript Error: "Content-Security-Policy: (Report-Only policy) The page’s settings would block a script (script-src-elem) at https://static.cloudflareinsights.com/beacon.min.js/v833ccba57c9e4d2798f2e76cebdd09a11778172276447 from being executed because it violates the following directive: “script-src https://accounts.google.com/gsi/client”" {file: "https://www.coingecko.com/" line: 0}]
06-01 14:07:29.838  8275  9795 E BLASTBufferQueue: BLASTBufferItemConsumer::onDisconnect()
06-01 14:07:29.865  8275  9343 W GeckoEventDispatcher: No listener for GeckoView:Autocomplete:Fetch:Login
06-01 14:07:29.866  8275  9343 W GeckoEventDispatcher: No listener for GeckoView:Autocomplete:Fetch:Login
06-01 14:07:29.867 12725 12742 E Isolated Web Content: [JavaScript Error: "Content-Security-Policy: (Report-Only policy) The page’s settings would block the loading of a resource (connect-src) at https://cdn-apac.onetrust.com/consent/49e8a847-f2c7-4b58-a340-caf0924064fe/49e8a847-f2c7-4b58-a340-caf0924064fe.json because it violates the following directive: “connect-src https://accounts.google.com/gsi/”" {file: "https://cdn-apac.onetrust.com/scripttemplates/otSDKStub.js" line: 1}]
06-01 14:07:29.868 12725 12742 E Isolated Web Content: [JavaScript Error: "Content-Security-Policy: (Report-Only policy) The page’s settings would block a JavaScript eval (script-src) from being executed because it violates the following directive: “script-src https://accounts.google.com/gsi/client” (Missing 'unsafe-eval')" {file: "https://static.coingecko.com/packs/js/4759-64f00f0f8b33558ba65f.js" line: 1}]
06-01 14:07:29.868 12725 12742 E Isolated Web Content: [JavaScript Error: "Content-Security-Policy: (Report-Only policy) The page’s settings would block a JavaScript eval (script-src) from being executed because it violates the following directive: “script-src https://accounts.google.com/gsi/client” (Missing 'unsafe-eval')" {file: "https://static.coingecko.com/packs/js/4759-64f00f0f8b33558ba65f.js" line: 1}]
06-01 14:07:29.868 12725 12742 E Isolated Web Content: [JavaScript Error: "Content-Security-Policy: (Report-Only policy) The page’s settings would block a JavaScript eval (script-src) from being executed because it violates the following directive: “script-src https://accounts.google.com/gsi/client” (Missing 'unsafe-eval')" {file: "https://static.coingecko.com/packs/js/4759-64f00f0f8b33558ba65f.js" line: 1}]
06-01 14:07:29.869 12725 12742 E Isolated Web Content: [JavaScript Error: "Content-Security-Policy: (Report-Only policy) The page’s settings would block a JavaScript eval (script-src) from being executed because it violates the following directive: “script-src https://accounts.google.com/gsi/client” (Missing 'unsafe-eval')" {file: "https://static.coingecko.com/packs/js/4759-64f00f0f8b33558ba65f.js" line: 1}]
06-01 14:07:29.869 12725 12742 E Isolated Web Content: [JavaScript Error: "Content-Security-Policy: (Report-Only policy) The page’s settings would block a JavaScript eval (script-src) from being executed because it violates the following directive: “script-src https://accounts.google.com/gsi/client” (Missing 'unsafe-eval')" {file: "https://static.coingecko.com/packs/js/4759-64f00f0f8b33558ba65f.js" line: 1}]
06-01 14:07:29.869 12725 12742 E Isolated Web Content: [JavaScript Error: "Content-Security-Policy: (Report-Only policy) The page’s settings would block a JavaScript eval (script-src) from being executed because it violates the following directive: “script-src https://accounts.google.com/gsi/client” (Missing 'unsafe-eval')" {file: "https://static.coingecko.com/packs/js/4759-64f00f0f8b33558ba65f.js" line: 1}]
06-01 14:07:29.869 12725 12742 E Isolated Web Content: [JavaScript Error: "Content-Security-Policy: (Report-Only policy) The page’s settings would block a JavaScript eval (script-src) from being executed because it violates the following directive: “script-src https://accounts.google.com/gsi/client” (Missing 'unsafe-eval')" {file: "https://static.coingecko.com/packs/js/4759-64f00f0f8b33558ba65f.js" line: 1}]
06-01 14:07:29.869 12725 12742 E Isolated Web Content: [JavaScript Error: "Content-Security-Policy: (Report-Only policy) The page’s settings would block a JavaScript eval (script-src) from being executed because it violates the following directive: “script-src https://accounts.google.com/gsi/client” (Missing 'unsafe-eval')" {file: "https://static.coingecko.com/packs/js/4759-64f00f0f8b33558ba65f.js" line: 1}]
06-01 14:07:29.869 12725 12742 E Isolated Web Content: [JavaScript Error: "Content-Security-Policy: (Report-Only policy) The page’s settings would block a JavaScript eval (script-src) from being executed because it violates the following directive: “script-src https://accounts.google.com/gsi/client” (Missing 'unsafe-eval')" {file: "https://static.coingecko.com/packs/js/4759-64f00f0f8b33558ba65f.js" line: 1}]
06-01 14:07:29.869 12725 12742 E Isolated Web Content: [JavaScript Error: "Content-Security-Policy: (Report-Only policy) The page’s settings would block a JavaScript eval (script-src) from being executed because it violates the following directive: “script-src https://accounts.google.com/gsi/client” (Missing 'unsafe-eval')" {file: "https://static.coingecko.com/packs/js/4759-64f00f0f8b33558ba65f.js" line: 1}]
06-01 14:07:29.869 12725 12742 E Isolated Web Content: [JavaScript Error: "Content-Security-Policy: (Report-Only policy) The page’s settings would block a JavaScript eval (script-src) from being executed because it violates the following directive: “script-src https://accounts.google.com/gsi/client” (Missing 'unsafe-eval')" {file: "https://static.coingecko.com/packs/js/4759-64f00f0f8b33558ba65f.js" line: 1}]
06-01 14:07:29.870 12725 12742 E Isolated Web Content: [JavaScript Error: "Content-Security-Policy: (Report-Only policy) The page’s settings would block a JavaScript eval (script-src) from being executed because it violates the following directive: “script-src https://accounts.google.com/gsi/client” (Missing 'unsafe-eval')" {file: "https://static.coingecko.com/packs/js/4759-64f00f0f8b33558ba65f.js" line: 1}]
06-01 14:07:29.870 12725 12742 E Isolated Web Content: [JavaScript Error: "Content-Security-Policy: (Report-Only policy) The page’s settings would block a JavaScript eval (script-src) from being executed because it violates the following directive: “script-src https://accounts.google.com/gsi/client” (Missing 'unsafe-eval')" {file: "https://static.coingecko.com/packs/js/4759-64f00f0f8b33558ba65f.js" line: 1}]
06-01 14:07:29.870 12725 12742 E Isolated Web Content: [JavaScript Error: "Content-Security-Policy: (Report-Only policy) The page’s settings would block a JavaScript eval (script-src) from being executed because it violates the following directive: “script-src https://accounts.google.com/gsi/client” (Missing 'unsafe-eval')" {file: "https://static.coingecko.com/packs/js/4759-64f00f0f8b33558ba65f.js" line: 1}]
06-01 14:07:29.870 12725 12742 E Isolated Web Content: [JavaScript Error: "Content-Security-Policy: (Report-Only policy) The page’s settings would block a JavaScript eval (script-src) from being executed because it violates the following directive: “script-src https://accounts.google.com/gsi/client” (Missing 'unsafe-eval')" {file: "https://static.coingecko.com/packs/js/4759-64f00f0f8b33558ba65f.js" line: 1}]
06-01 14:07:29.870 12725 12742 E Isolated Web Content: [JavaScript Error: "Content-Security-Policy: (Report-Only policy) The page’s settings would block a JavaScript eval (script-src) from being executed because it violates the following directive: “script-src https://accounts.google.com/gsi/client” (Missing 'unsafe-eval')" {file: "https://static.coingecko.com/packs/js/4759-64f00f0f8b33558ba65f.js" line: 1}]
06-01 14:07:29.870 12725 12742 E Isolated Web Content: [JavaScript Error: "Content-Security-Policy: (Report-Only policy) The page’s settings would block a JavaScript eval (script-src) from being executed because it violates the following directive: “script-src https://accounts.google.com/gsi/client” (Missing 'unsafe-eval')" {file: "https://static.coingecko.com/packs/js/4759-64f00f0f8b33558ba65f.js" line: 1}]
06-01 14:07:29.870 12725 12742 E Isolated Web Content: [JavaScript Error: "Content-Security-Policy: (Report-Only policy) The page’s settings would block a JavaScript eval (script-src) from being executed because it violates the following directive: “script-src https://accounts.google.com/gsi/client” (Missing 'unsafe-eval')" {file: "https://static.coingecko.com/packs/js/4759-64f00f0f8b33558ba65f.js" line: 1}]
06-01 14:07:29.870 12725 12742 E Isolated Web Content: [JavaScript Error: "Content-Security-Policy: (Report-Only policy) The page’s settings would block a JavaScript eval (script-src) from being executed because it violates the following directive: “script-src https://accounts.google.com/gsi/client” (Missing 'unsafe-eval')" {file: "https://static.coingecko.com/packs/js/4759-64f00f0f8b33558ba65f.js" line: 1}]
06-01 14:07:29.870 12725 12742 E Isolated Web Content: [JavaScript Error: "Content-Security-Policy: (Report-Only policy) The page’s settings would block a JavaScript eval (script-src) from being executed because it violates the following directive: “script-src https://accounts.google.com/gsi/client” (Missing 'unsafe-eval')" {file: "https://static.coingecko.com/packs/js/4759-64f00f0f8b33558ba65f.js" line: 1}]
06-01 14:07:29.870 12725 12742 E Isolated Web Content: [JavaScript Error: "Content-Security-Policy: (Report-Only policy) The page’s settings would block a JavaScript eval (script-src) from being executed because it violates the following directive: “script-src https://accounts.google.com/gsi/client” (Missing 'unsafe-eval')" {file: "https://static.coingecko.com/packs/js/4759-64f00f0f8b33558ba65f.js" line: 1}]
06-01 14:07:29.870 12725 12742 E Isolated Web Content: [JavaScript Error: "Content-Security-Policy: (Report-Only policy) The page’s settings would block a JavaScript eval (script-src) from being executed because it violates the following directive: “script-src https://accounts.google.com/gsi/client” (Missing 'unsafe-eval')" {file: "https://static.coingecko.com/packs/js/4759-64f00f0f8b33558ba65f.js" line: 1}]
06-01 14:07:29.870 12725 12742 E Isolated Web Content: [JavaScript Error: "Content-Security-Policy: (Report-Only policy) The page’s settings would block a JavaScript eval (script-src) from being executed because it violates the following directive: “script-src https://accounts.google.com/gsi/client” (Missing 'unsafe-eval')" {file: "https://static.coingecko.com/packs/js/4759-64f00f0f8b33558ba65f.js" line: 1}]
06-01 14:07:29.871 12725 12742 E Isolated Web Content: [JavaScript Error: "Content-Security-Policy: (Report-Only policy) The page’s settings would block a JavaScript eval (script-src) from being executed because it violates the following directive: “script-src https://accounts.google.com/gsi/client” (Missing 'unsafe-eval')" {file: "https://static.coingecko.com/packs/js/4759-64f00f0f8b33558ba65f.js" line: 1}]
06-01 14:07:29.871 12725 12742 E Isolated Web Content: [JavaScript Error: "Content-Security-Policy: (Report-Only policy) The page’s settings would block a JavaScript eval (script-src) from being executed because it violates the following directive: “script-src https://accounts.google.com/gsi/client” (Missing 'unsafe-eval')" {file: "https://static.coingecko.com/packs/js/4759-64f00f0f8b33558ba65f.js" line: 1}]
