--------- beginning of system
06-05 13:09:26.334 29738 30625 E ActivityThread: Failed to find provider info for com.oplus.statistics.provider
06-05 13:09:26.334 29738 30625 E OplusStatistics--: IllegalArgumentException:java.lang.IllegalArgumentException: Unknown URL content://com.oplus.statistics.provider/track_event
06-05 13:10:26.264 29738 30625 E ActivityThread: Failed to find provider info for com.oplus.statistics.provider
06-05 13:10:26.264 29738 30625 E OplusStatistics--: IllegalArgumentException:java.lang.IllegalArgumentException: Unknown URL content://com.oplus.statistics.provider/track_event
06-05 13:12:14.735 29738 30625 E ActivityThread: Failed to find provider info for com.oplus.statistics.provider
06-05 13:12:14.735 29738 30625 E OplusStatistics--: IllegalArgumentException:java.lang.IllegalArgumentException: Unknown URL content://com.oplus.statistics.provider/track_event
06-05 13:12:38.105 29738 30625 E ActivityThread: Failed to find provider info for com.oplus.statistics.provider
06-05 13:12:38.105 29738 30625 E OplusStatistics--: IllegalArgumentException:java.lang.IllegalArgumentException: Unknown URL content://com.oplus.statistics.provider/track_event
06-05 13:15:48.162 29738 30625 E ActivityThread: Failed to find provider info for com.oplus.statistics.provider
06-05 13:15:48.162 29738 30625 E OplusStatistics--: IllegalArgumentException:java.lang.IllegalArgumentException: Unknown URL content://com.oplus.statistics.provider/track_event
06-05 13:16:41.095 29738 30625 E ActivityThread: Failed to find provider info for com.oplus.statistics.provider
06-05 13:16:41.095 29738 30625 E OplusStatistics--: IllegalArgumentException:java.lang.IllegalArgumentException: Unknown URL content://com.oplus.statistics.provider/track_event
06-05 13:17:00.699 29738 30625 E ActivityThread: Failed to find provider info for com.oplus.statistics.provider
06-05 13:17:00.699 29738 30625 E OplusStatistics--: IllegalArgumentException:java.lang.IllegalArgumentException: Unknown URL content://com.oplus.statistics.provider/track_event
06-05 13:17:18.075 29738 30625 E ActivityThread: Failed to find provider info for com.oplus.statistics.provider
06-05 13:17:18.076 29738 30625 E OplusStatistics--: IllegalArgumentException:java.lang.IllegalArgumentException: Unknown URL content://com.oplus.statistics.provider/track_event
06-05 13:18:32.672 29738 30625 E ActivityThread: Failed to find provider info for com.oplus.statistics.provider
06-05 13:18:32.672 29738 30625 E OplusStatistics--: IllegalArgumentException:java.lang.IllegalArgumentException: Unknown URL content://com.oplus.statistics.provider/track_event
--------- beginning of crash
06-05 13:19:01.174 29738 30281 F libc    : Fatal signal 11 (SIGSEGV), code 1 (SEGV_MAPERR), fault addr 0x0 in tid 30281 (launcher), pid 29738 (AndroidUI)
06-05 13:19:04.233 14525 14525 F DEBUG   : Process name is com.vibekey.keyboard, not key_process
06-05 13:19:04.233 14525 14525 F DEBUG   : keyProcess: 0
06-05 13:19:04.233 14525 14525 F DEBUG   : *** *** *** *** *** *** *** *** *** *** *** *** *** *** *** ***
06-05 13:19:04.233 14525 14525 F DEBUG   : Build fingerprint: 'OnePlus/OnePlus7Pro/OnePlus7Pro:12/SKQ1.211113.001/P.202303230244:user/release-keys'
06-05 13:19:04.233 14525 14525 F DEBUG   : Revision: '0'
06-05 13:19:04.233 14525 14525 F DEBUG   : ABI: 'arm64'
06-05 13:19:04.233 14525 14525 F DEBUG   : Timestamp: 2026-06-05 13:19:01.830760755-0400
06-05 13:19:04.233 14525 14525 F DEBUG   : Process uptime: 0s
06-05 13:19:04.233 14525 14525 F DEBUG   : Cmdline: com.vibekey.keyboard
06-05 13:19:04.233 14525 14525 F DEBUG   : pid: 29738, tid: 30281, name: launcher  >>> com.vibekey.keyboard <<<
06-05 13:19:04.233 14525 14525 F DEBUG   : uid: 13937
06-05 13:19:04.233 14525 14525 F DEBUG   : signal 11 (SIGSEGV), code 1 (SEGV_MAPERR), fault addr 0x0
06-05 13:19:04.233 14525 14525 F DEBUG   : Cause: null pointer dereference
06-05 13:19:04.233 14525 14525 F DEBUG   :     x0  0000000000000000  x1  0000000000007649  x2  000000000000000b  x3  000000766d681da0
06-05 13:19:04.233 14525 14525 F DEBUG   :     x4  0000007694d1c400  x5  0000007694d1c400  x6  0000007694d1c400  x7  0000000000000000
06-05 13:19:04.233 14525 14525 F DEBUG   :     x8  00000000000000f0  x9  db746b027190efc7  x10 0000007696b4068c  x11 0000000000000000
06-05 13:19:04.233 14525 14525 F DEBUG   :     x12 00000000ffffffff  x13 0000000000000000  x14 00000075bb24b0f0  x15 000000766e3b65fc
06-05 13:19:04.233 14525 14525 F DEBUG   :     x16 000000757ca4b410  x17 00000076790b8f10  x18 0000007460676000  x19 000000000000000b
06-05 13:19:04.233 14525 14525 F DEBUG   :     x20 000000766d681da0  x21 000000000000742a  x22 000000766d681b90  x23 0000000000000001
06-05 13:19:04.233 14525 14525 F DEBUG   :     x24 000000748205f610  x25 00000075bb24c000  x26 0000007694d1d698  x27 0000007694d1c408
06-05 13:19:04.233 14525 14525 F DEBUG   :     x28 0000000000000400  x29 000000766d681bb0
06-05 13:19:04.233 14525 14525 F DEBUG   :     lr  0000007576c73da0  sp  000000766d681b90  pc  00000076790b8f34  pst 0000000000000000
06-05 13:19:04.233 14525 14525 F DEBUG   : backtrace:
06-05 13:19:04.233 14525 14525 F DEBUG   :       #00 pc 0000000000075f34  /apex/com.android.runtime/lib64/bionic/libc.so (syscall+36) (BuildId: bbbdeb7c87c74f1491f92c6e605095b0)
06-05 13:19:04.233 14525 14525 F DEBUG   :       #01 pc 0000000004062d9c  /data/app/~~0vURfNRJhP5qOxDjXMAdJA==/com.google.android.webview-1jICq8A_gawMkQD3QY60ZA==/base.apk!libwebviewchromium.so (BuildId: 6830cf8493d489d274dd2200dc390799760c2507)
06-05 13:19:04.233 14525 14525 F DEBUG   :       #02 pc 0000000004059518  /data/app/~~0vURfNRJhP5qOxDjXMAdJA==/com.google.android.webview-1jICq8A_gawMkQD3QY60ZA==/base.apk!libwebviewchromium.so (BuildId: 6830cf8493d489d274dd2200dc390799760c2507)
06-05 13:19:04.233 14525 14525 F DEBUG   :       #03 pc 000000000729d1dc  /data/app/~~U29RY4gw9ciq0qKE5rKJPg==/com.vibekey.keyboard-eGVN0_kHXZZk5UWpiPSpAw==/lib/arm64/libxul.so (BuildId: 4a35ccb91ce54a7d8afe95f435ee2ee2cc640e58)
06-05 13:19:04.233 14525 14525 F DEBUG   :       #04 pc 0000000007721500  /data/app/~~U29RY4gw9ciq0qKE5rKJPg==/com.vibekey.keyboard-eGVN0_kHXZZk5UWpiPSpAw==/lib/arm64/libxul.so (BuildId: 4a35ccb91ce54a7d8afe95f435ee2ee2cc640e58)
06-05 13:19:04.233 14525 14525 F DEBUG   :       #05 pc 0000000000006f94  /apex/com.android.art/lib64/libsigchain.so (art::SignalChain::Handler(int, siginfo*, void*)+1148) (BuildId: 1d71636c1517ecf3fa421563ba6710f3)
06-05 13:19:04.233 14525 14525 F DEBUG   :       #06 pc 0000000000000638  [vdso] (__kernel_rt_sigreturn+0)
06-05 13:19:04.233 14525 14525 F DEBUG   :       #07 pc 00000000044f860c  /data/app/~~U29RY4gw9ciq0qKE5rKJPg==/com.vibekey.keyboard-eGVN0_kHXZZk5UWpiPSpAw==/lib/arm64/libxul.so (BuildId: 4a35ccb91ce54a7d8afe95f435ee2ee2cc640e58)
06-05 13:19:04.233 14525 14525 F DEBUG   :       #08 pc 00000000038cb360  /data/app/~~U29RY4gw9ciq0qKE5rKJPg==/com.vibekey.keyboard-eGVN0_kHXZZk5UWpiPSpAw==/lib/arm64/libxul.so (BuildId: 4a35ccb91ce54a7d8afe95f435ee2ee2cc640e58)
06-05 13:19:04.233 14525 14525 F DEBUG   :       #09 pc 000000000394a4ac  /data/app/~~U29RY4gw9ciq0qKE5rKJPg==/com.vibekey.keyboard-eGVN0_kHXZZk5UWpiPSpAw==/lib/arm64/libxul.so (BuildId: 4a35ccb91ce54a7d8afe95f435ee2ee2cc640e58)
06-05 13:19:04.233 14525 14525 F DEBUG   :       #10 pc 0000000003946cfc  /data/app/~~U29RY4gw9ciq0qKE5rKJPg==/com.vibekey.keyboard-eGVN0_kHXZZk5UWpiPSpAw==/lib/arm64/libxul.so (BuildId: 4a35ccb91ce54a7d8afe95f435ee2ee2cc640e58)
06-05 13:19:04.233 14525 14525 F DEBUG   :       #11 pc 0000000002f16118  /data/app/~~U29RY4gw9ciq0qKE5rKJPg==/com.vibekey.keyboard-eGVN0_kHXZZk5UWpiPSpAw==/lib/arm64/libxul.so (BuildId: 4a35ccb91ce54a7d8afe95f435ee2ee2cc640e58)
06-05 13:19:04.233 14525 14525 F DEBUG   :       #12 pc 0000000002f1ef68  /data/app/~~U29RY4gw9ciq0qKE5rKJPg==/com.vibekey.keyboard-eGVN0_kHXZZk5UWpiPSpAw==/lib/arm64/libxul.so (BuildId: 4a35ccb91ce54a7d8afe95f435ee2ee2cc640e58)
06-05 13:19:04.233 14525 14525 F DEBUG   :       #13 pc 0000000002f1e3e8  /data/app/~~U29RY4gw9ciq0qKE5rKJPg==/com.vibekey.keyboard-eGVN0_kHXZZk5UWpiPSpAw==/lib/arm64/libxul.so (BuildId: 4a35ccb91ce54a7d8afe95f435ee2ee2cc640e58)
06-05 13:19:04.233 14525 14525 F DEBUG   :       #14 pc 00000000041b0ae4  /data/app/~~U29RY4gw9ciq0qKE5rKJPg==/com.vibekey.keyboard-eGVN0_kHXZZk5UWpiPSpAw==/lib/arm64/libxul.so (BuildId: 4a35ccb91ce54a7d8afe95f435ee2ee2cc640e58)
06-05 13:19:04.233 14525 14525 F DEBUG   :       #15 pc 00000000041b0668  /data/app/~~U29RY4gw9ciq0qKE5rKJPg==/com.vibekey.keyboard-eGVN0_kHXZZk5UWpiPSpAw==/lib/arm64/libxul.so (BuildId: 4a35ccb91ce54a7d8afe95f435ee2ee2cc640e58)
06-05 13:19:04.233 14525 14525 F DEBUG   :       #16 pc 00000000001dae5c  /data/app/~~U29RY4gw9ciq0qKE5rKJPg==/com.vibekey.keyboard-eGVN0_kHXZZk5UWpiPSpAw==/lib/arm64/libnss3.so (BuildId: b089d343de37b8a21215387a791de798513aaf64)
06-05 13:19:04.233 14525 14525 F DEBUG   :       #17 pc 000000000009e0bc  /data/app/~~U29RY4gw9ciq0qKE5rKJPg==/com.vibekey.keyboard-eGVN0_kHXZZk5UWpiPSpAw==/lib/arm64/libmozglue.so (BuildId: 8d82c5d136d7c01bbfb799da8ac843daefd5a4ec)
06-05 13:19:04.233 14525 14525 F DEBUG   :       #18 pc 00000000000deb44  /apex/com.android.runtime/lib64/bionic/libc.so (__pthread_start(void*)+264) (BuildId: bbbdeb7c87c74f1491f92c6e605095b0)
06-05 13:19:04.233 14525 14525 F DEBUG   :       #19 pc 000000000007b2fc  /apex/com.android.runtime/lib64/bionic/libc.so (__start_thread+68) (BuildId: bbbdeb7c87c74f1491f92c6e605095b0)
06-05 13:19:09.683 14722 14722 E OplusCustomizeRestrictionManager: sInstance is null, start a new sInstance
--------- beginning of main
06-05 13:19:11.173 14722 14929 E ibekey.keyboar: hiddenapi: Accessing hidden field Ljava/lang/Integer;->value:I (runtime_flags=0, domain=core-platform, api=max-target-p) from Lorg/mozilla/gecko/GeckoThread; (domain=app, TargetSdkVersion=35) using JNI: denied
06-05 13:19:11.173 14722 14929 E ibekey.keyboar: hiddenapi: Accessing hidden field Ljava/lang/Long;->value:J (runtime_flags=0, domain=core-platform, api=max-target-p) from Lorg/mozilla/gecko/GeckoThread; (domain=app, TargetSdkVersion=35) using JNI: denied
06-05 13:19:11.173 14722 14929 E ibekey.keyboar: hiddenapi: Accessing hidden field Ljava/lang/Double;->value:D (runtime_flags=0, domain=core-platform, api=max-target-p) from Lorg/mozilla/gecko/GeckoThread; (domain=app, TargetSdkVersion=35) using JNI: denied
06-05 13:19:11.220 14949 14949 E .keyboard:tab3: Unknown bits set in runtime_flags: 0x40000000
06-05 13:19:12.220 29869  2955 I OnDeviceAssist: warm ok model=qwen2.5-0.5b-instruct-q4_0.gguf ambient=40 chars 1122ms
06-05 13:19:12.469 14722 14722 W View    : requestLayout() improperly called by android.widget.FrameLayout{613ac6b V.E...... ......ID 0,1625-1440,1805 #7f0a0087 app:id/browser_nav_footer_float} during layout: running second layout pass
06-05 13:19:12.470 14722 14722 I VkBrowser: ▶ panel open incognito=false tabs=0 queryLen=0
06-05 13:19:12.486 14722 14722 E GeckoView: Failed to attach WindowInsetsListener: 
06-05 13:19:12.486 14722 14722 E GeckoView: java.lang.NullPointerException: Attempt to invoke virtual method 'android.view.Window android.app.Activity.getWindow()' on a null object reference
06-05 13:19:12.486 14722 14722 E GeckoView: 	at org.mozilla.geckoview.GeckoView.attachWindowInsetsListener(r8-map-id-6ae4a01ad8c18ba266740e7d3536d407ba63ad91e5f70b850505a953fc6e8c23:1)
06-05 13:19:12.486 14722 14722 E GeckoView: 	at org.mozilla.geckoview.GeckoView.onAttachedToWindow(r8-map-id-6ae4a01ad8c18ba266740e7d3536d407ba63ad91e5f70b850505a953fc6e8c23:49)
06-05 13:19:12.486 14722 14722 E GeckoView: 	at android.view.View.dispatchAttachedToWindow(View.java:20900)
06-05 13:19:12.486 14722 14722 E GeckoView: 	at android.view.ViewGroup.dispatchAttachedToWindow(ViewGroup.java:3539)
06-05 13:19:12.486 14722 14722 E GeckoView: 	at android.view.ViewGroup.addViewInner(ViewGroup.java:5378)
06-05 13:19:12.486 14722 14722 E GeckoView: 	at android.view.ViewGroup.addView(ViewGroup.java:5156)
06-05 13:19:12.486 14722 14722 E GeckoView: 	at android.view.ViewGroup.addView(ViewGroup.java:5096)
06-05 13:19:12.486 14722 14722 E GeckoView: 	at helium314.keyboard.latin.panels.BrowserPanelView.X(r8-map-id-6ae4a01ad8c18ba266740e7d3536d407ba63ad91e5f70b850505a953fc6e8c23:349)
06-05 13:19:12.486 14722 14722 E GeckoView: 	at helium314.keyboard.latin.panels.BrowserPanelView.E0(r8-map-id-6ae4a01ad8c18ba266740e7d3536d407ba63ad91e5f70b850505a953fc6e8c23:169)
06-05 13:19:12.486 14722 14722 E GeckoView: 	at c5.s.run(r8-map-id-6ae4a01ad8c18ba266740e7d3536d407ba63ad91e5f70b850505a953fc6e8c23:622)
06-05 13:19:12.486 14722 14722 E GeckoView: 	at i7.z.onGlobalLayout(r8-map-id-6ae4a01ad8c18ba266740e7d3536d407ba63ad91e5f70b850505a953fc6e8c23:8)
06-05 13:19:12.486 14722 14722 E GeckoView: 	at android.view.ViewTreeObserver.dispatchOnGlobalLayout(ViewTreeObserver.java:1061)
06-05 13:19:12.486 14722 14722 E GeckoView: 	at android.view.ViewRootImpl.performTraversals(ViewRootImpl.java:3407)
06-05 13:19:12.486 14722 14722 E GeckoView: 	at android.view.ViewRootImpl.doTraversal(ViewRootImpl.java:2305)
06-05 13:19:12.486 14722 14722 E GeckoView: 	at android.view.ViewRootImpl$TraversalRunnable.run(ViewRootImpl.java:9133)
06-05 13:19:12.486 14722 14722 E GeckoView: 	at android.view.Choreographer$CallbackRecord.run(Choreographer.java:1232)
06-05 13:19:12.486 14722 14722 E GeckoView: 	at android.view.Choreographer.doCallbacks(Choreographer.java:1029)
06-05 13:19:12.486 14722 14722 E GeckoView: 	at android.view.Choreographer.doFrame(Choreographer.java:934)
06-05 13:19:12.486 14722 14722 E GeckoView: 	at android.view.Choreographer$FrameDisplayEventReceiver.run(Choreographer.java:1217)
06-05 13:19:12.486 14722 14722 E GeckoView: 	at android.os.Handler.handleCallback(Handler.java:938)
06-05 13:19:12.486 14722 14722 E GeckoView: 	at android.os.Handler.dispatchMessage(Handler.java:99)
06-05 13:19:12.486 14722 14722 E GeckoView: 	at android.os.Looper.loopOnce(Looper.java:233)
06-05 13:19:12.486 14722 14722 E GeckoView: 	at android.os.Looper.loop(Looper.java:344)
06-05 13:19:12.486 14722 14722 E GeckoView: 	at android.app.ActivityThread.main(ActivityThread.java:8212)
06-05 13:19:12.486 14722 14722 E GeckoView: 	at java.lang.reflect.Method.invoke(Native Method)
06-05 13:19:12.486 14722 14722 E GeckoView: 	at com.android.internal.os.RuntimeInit$MethodAndArgsCaller.run(RuntimeInit.java:584)
06-05 13:19:12.486 14722 14722 E GeckoView: 	at com.android.internal.os.ZygoteInit.main(ZygoteInit.java:1034)
06-05 13:19:12.519 14722 14722 W View    : requestLayout() improperly called by helium314.keyboard.latin.panels.BrowserPanelView{31eccf6 V.E...... ......ID 0,0-1440,1988} during layout: running second layout pass
06-05 13:19:12.534 14722 14722 I VkBrowser: → load host=drudgereport.com
06-05 13:19:12.574 14722 14722 W View    : requestLayout() improperly called by helium314.keyboard.latin.panels.BrowserPanelView{31eccf6 V.E...... ......ID 0,0-1440,1988} during layout: running second layout pass
06-05 13:19:12.580 14722 14722 W View    : requestLayout() improperly called by helium314.keyboard.latin.panels.BrowserPanelView{31eccf6 V.E...... ......I. 0,0-1440,1988} during second layout pass: posting in next frame
06-05 13:19:12.584 14722 14722 W View    : requestLayout() improperly called by helium314.keyboard.latin.panels.BrowserPanelView{31eccf6 V.E...... ......ID 0,0-1440,1988} during layout: running second layout pass
06-05 13:19:12.607 14722 14722 W View    : requestLayout() improperly called by helium314.keyboard.latin.panels.BrowserPanelView{31eccf6 V.E...... ........ 0,0-1440,1988} during second layout pass: posting in next frame
06-05 13:19:12.608 15016 15016 E ey.keyboard:gp: Unknown bits set in runtime_flags: 0x40000000
06-05 13:19:12.611 14722 14722 W View    : requestLayout() improperly called by helium314.keyboard.latin.panels.BrowserPanelView{31eccf6 V.E...... ......I. 0,0-1440,1988} during layout: running second layout pass
06-05 13:19:12.680 14722 14722 W View    : requestLayout() improperly called by helium314.keyboard.latin.panels.BrowserPanelView{31eccf6 V.E...... ........ 0,0-1440,1988} during second layout pass: posting in next frame
06-05 13:19:12.683 14722 14722 W View    : requestLayout() improperly called by helium314.keyboard.latin.panels.BrowserPanelView{31eccf6 V.E...... ......I. 0,0-1440,1988} during layout: running second layout pass
06-05 13:19:12.708 14722 14722 W View    : requestLayout() improperly called by helium314.keyboard.latin.panels.BrowserPanelView{31eccf6 V.E...... ......ID 0,0-1440,1988} during second layout pass: posting in next frame
06-05 13:19:12.708 14722 14722 I VkBrowser: → load host=drudgereport.com
06-05 13:19:12.712 14722 14722 W View    : requestLayout() improperly called by helium314.keyboard.latin.panels.BrowserPanelView{31eccf6 V.E...... ......ID 0,0-1440,1988} during layout: running second layout pass
06-05 13:19:12.729 15016 15038 E GeckoLibLoad: Load sqlite start
06-05 13:19:12.730 15016 15038 E GeckoLibLoad: Load sqlite done
06-05 13:19:12.730 15016 15038 E GeckoLibLoad: Load nss start
06-05 13:19:12.730 15016 15038 E GeckoLibLoad: Load nss done
06-05 13:19:12.739 14722 14722 E Ads     : JS: Uncaught TypeError: Cannot read properties of null (reading 's') (https://pagead2.googlesyndication.com/omsdk/releases/live/omsdk-v1.js:27)
06-05 13:19:12.740 14722 14722 W View    : requestLayout() improperly called by helium314.keyboard.latin.panels.BrowserPanelView{31eccf6 V.E...... ......I. 0,0-1440,1988} during second layout pass: posting in next frame
06-05 13:19:12.741 15016 15038 E GeckoLibLoad: Loaded libs in 11.108958ms total, 7ms(4ms) user, 0ms(4ms) system, 0(0) faults
06-05 13:19:12.741 15016 15038 W GeckoThread: zerdatime 356795602 - runGecko
06-05 13:19:12.743 14722 14722 W View    : requestLayout() improperly called by helium314.keyboard.latin.panels.BrowserPanelView{31eccf6 V.E...... ......I. 0,0-1440,1988} during layout: running second layout pass
06-05 13:19:12.760 14722 14722 W View    : requestLayout() improperly called by helium314.keyboard.latin.panels.BrowserPanelView{31eccf6 V.E...... ........ 0,0-1440,1988} during second layout pass: posting in next frame
06-05 13:19:12.763 14722 14722 W View    : requestLayout() improperly called by helium314.keyboard.latin.panels.BrowserPanelView{31eccf6 V.E...... ......I. 0,0-1440,1988} during layout: running second layout pass
06-05 13:19:12.769 14722 14722 W View    : requestLayout() improperly called by helium314.keyboard.latin.panels.BrowserPanelView{31eccf6 V.E...... ........ 0,0-1440,1988} during second layout pass: posting in next frame
06-05 13:19:12.775 14722 14722 W View    : requestLayout() improperly called by helium314.keyboard.latin.panels.BrowserPanelView{31eccf6 V.E...... ......I. 0,0-1440,1988} during layout: running second layout pass
06-05 13:19:12.785 14722 14722 W View    : requestLayout() improperly called by helium314.keyboard.latin.panels.BrowserPanelView{31eccf6 V.E...... ........ 0,0-1440,1988} during second layout pass: posting in next frame
06-05 13:19:12.790 14722 14722 W View    : requestLayout() improperly called by helium314.keyboard.latin.panels.BrowserPanelView{31eccf6 V.E...... ......I. 0,0-1440,1988} during layout: running second layout pass
06-05 13:19:12.799 14722 14722 W View    : requestLayout() improperly called by helium314.keyboard.latin.panels.BrowserPanelView{31eccf6 V.E...... ........ 0,0-1440,1988} during second layout pass: posting in next frame
06-05 13:19:12.802 14722 14722 W View    : requestLayout() improperly called by helium314.keyboard.latin.panels.BrowserPanelView{31eccf6 V.E...... ......I. 0,0-1440,1988} during layout: running second layout pass
06-05 13:19:12.812 14949 14974 E GeckoLibLoad: Load sqlite start
06-05 13:19:12.813 14949 14974 E GeckoLibLoad: Load sqlite done
06-05 13:19:12.813 14949 14974 E GeckoLibLoad: Load nss start
06-05 13:19:12.813 14949 14974 E GeckoLibLoad: Load nss done
06-05 13:19:12.818 14722 14722 W View    : requestLayout() improperly called by helium314.keyboard.latin.panels.BrowserPanelView{31eccf6 V.E...... ........ 0,0-1440,1988} during second layout pass: posting in next frame
06-05 13:19:12.820 14722 14722 W View    : requestLayout() improperly called by helium314.keyboard.latin.panels.BrowserPanelView{31eccf6 V.E...... ......I. 0,0-1440,1988} during layout: running second layout pass
06-05 13:19:12.822 14949 14974 E GeckoLibLoad: Loaded libs in 8.461355ms total, 0ms(8ms) user, 0ms(0ms) system, 0(0) faults
06-05 13:19:12.822 14949 14974 W GeckoThread: zerdatime 356795683 - runGecko
06-05 13:19:12.834 15016 15069 W AudioCapabilities: Unsupported mime audio/ffmpeg
06-05 13:19:12.834 14722 14722 W View    : requestLayout() improperly called by helium314.keyboard.latin.panels.BrowserPanelView{31eccf6 V.E...... ........ 0,0-1440,1988} during second layout pass: posting in next frame
06-05 13:19:12.835 15016 15069 W VideoCapabilities: Unsupported mime video/ffmpeg
06-05 13:19:12.836 15016 15069 W VideoCapabilities: Unrecognized profile/level 0/3 for video/mpeg2
06-05 13:19:12.836 15016 15069 W VideoCapabilities: Unrecognized profile/level 0/3 for video/mpeg2
06-05 13:19:12.845 14722 14722 W View    : requestLayout() improperly called by helium314.keyboard.latin.panels.BrowserPanelView{31eccf6 V.E...... ......I. 0,0-1440,1988} during layout: running second layout pass
06-05 13:19:12.852 14722 14722 W View    : requestLayout() improperly called by helium314.keyboard.latin.panels.BrowserPanelView{31eccf6 V.E...... ........ 0,0-1440,1988} during second layout pass: posting in next frame
06-05 13:19:12.854 14722 14722 W View    : requestLayout() improperly called by helium314.keyboard.latin.panels.BrowserPanelView{31eccf6 V.E...... ......I. 0,0-1440,1988} during layout: running second layout pass
06-05 13:19:12.870 14722 14722 W View    : requestLayout() improperly called by helium314.keyboard.latin.panels.BrowserPanelView{31eccf6 V.E...... ........ 0,0-1440,1988} during second layout pass: posting in next frame
06-05 13:19:12.873 14722 14722 W View    : requestLayout() improperly called by helium314.keyboard.latin.panels.BrowserPanelView{31eccf6 V.E...... ......I. 0,0-1440,1988} during layout: running second layout pass
06-05 13:19:12.891 14722 14722 W View    : requestLayout() improperly called by helium314.keyboard.latin.panels.BrowserPanelView{31eccf6 V.E...... ........ 0,0-1440,1988} during second layout pass: posting in next frame
06-05 13:19:12.893 14722 14722 W View    : requestLayout() improperly called by helium314.keyboard.latin.panels.BrowserPanelView{31eccf6 V.E...... ......I. 0,0-1440,1988} during layout: running second layout pass
06-05 13:19:12.920 15016 15032 E ey.keyboard:gp: ofbOpen failed with error=No such file or directory
06-05 13:19:12.920 15016 15032 E ey.keyboard:gp: sysOpen failed with error=No such file or directory
06-05 13:19:12.924 14722 14722 W View    : requestLayout() improperly called by helium314.keyboard.latin.panels.BrowserPanelView{31eccf6 V.E...... ........ 0,0-1440,1988} during second layout pass: posting in next frame
06-05 13:19:12.933 14722 14722 W View    : requestLayout() improperly called by helium314.keyboard.latin.panels.BrowserPanelView{31eccf6 V.E...... ......I. 0,0-1440,1988} during layout: running second layout pass
06-05 13:19:12.947 14722 14722 W View    : requestLayout() improperly called by helium314.keyboard.latin.panels.BrowserPanelView{31eccf6 V.E...... ......ID 0,0-1440,1988} during second layout pass: posting in next frame
06-05 13:19:12.953 14722 14722 W View    : requestLayout() improperly called by helium314.keyboard.latin.panels.BrowserPanelView{31eccf6 V.E...... ......ID 0,0-1440,1988} during layout: running second layout pass
06-05 13:19:12.963 14722 14722 W View    : requestLayout() improperly called by helium314.keyboard.latin.panels.BrowserPanelView{31eccf6 V.E...... ........ 0,0-1440,1988} during second layout pass: posting in next frame
06-05 13:19:12.966 14722 14722 W View    : requestLayout() improperly called by helium314.keyboard.latin.panels.BrowserPanelView{31eccf6 V.E...... ......ID 0,0-1440,1988} during layout: running second layout pass
06-05 13:19:12.980 14722 14722 W View    : requestLayout() improperly called by helium314.keyboard.latin.panels.BrowserPanelView{31eccf6 V.E...... ........ 0,0-1440,1988} during second layout pass: posting in next frame
06-05 13:19:12.989 14722 14722 W View    : requestLayout() improperly called by helium314.keyboard.latin.panels.BrowserPanelView{31eccf6 V.E...... ......ID 0,0-1440,1988} during layout: running second layout pass
06-05 13:19:12.997 14722 14722 W View    : requestLayout() improperly called by helium314.keyboard.latin.panels.BrowserPanelView{31eccf6 V.E...... ......ID 0,0-1440,1988} during second layout pass: posting in next frame
06-05 13:19:13.004 14722 14907 E BLASTBufferQueue: BLASTBufferItemConsumer::onDisconnect()
06-05 13:19:13.006 14722 14722 W View    : requestLayout() improperly called by helium314.keyboard.latin.panels.BrowserPanelView{31eccf6 V.E...... ......ID 0,0-1440,1988} during layout: running second layout pass
06-05 13:19:13.036 14722 14722 W View    : requestLayout() improperly called by helium314.keyboard.latin.panels.BrowserPanelView{31eccf6 V.E...... ......I. 0,0-1440,1988} during second layout pass: posting in next frame
06-05 13:19:13.054 14722 14722 W View    : requestLayout() improperly called by helium314.keyboard.latin.panels.BrowserPanelView{31eccf6 V.E...... ......I. 0,0-1440,1988} during layout: running second layout pass
06-05 13:19:13.062 14722 14722 W View    : requestLayout() improperly called by helium314.keyboard.latin.panels.BrowserPanelView{31eccf6 V.E...... ........ 0,0-1440,1988} during second layout pass: posting in next frame
06-05 13:19:13.065 14722 14722 W View    : requestLayout() improperly called by helium314.keyboard.latin.panels.BrowserPanelView{31eccf6 V.E...... ......I. 0,0-1440,1988} during layout: running second layout pass
06-05 13:19:13.071 14722 14722 W View    : requestLayout() improperly called by helium314.keyboard.latin.panels.BrowserPanelView{31eccf6 V.E...... ........ 0,0-1440,1988} during second layout pass: posting in next frame
06-05 13:19:13.082 14722 14722 W com.vibekey.keyboard: type=1400 audit(0.0:157265): avc: denied { nlmsg_readpriv } for comm=536F636B657420546872656164 scontext=u:r:untrusted_app:s0:c97,c271,c512,c768 tcontext=u:r:untrusted_app:s0:c97,c271,c512,c768 tclass=netlink_route_socket permissive=0 bug=b/155595000 app=com.vibekey.keyboard
06-05 13:19:13.093 14722 14722 W View    : requestLayout() improperly called by helium314.keyboard.latin.panels.BrowserPanelView{31eccf6 V.E...... ......I. 0,0-1440,1988} during layout: running second layout pass
06-05 13:19:13.107 14722 14722 I VkBrowser: → load host=drudgereport.com
06-05 13:19:13.108 14722 14722 W View    : requestLayout() improperly called by helium314.keyboard.latin.panels.BrowserPanelView{31eccf6 V.E...... ........ 0,0-1440,1988} during second layout pass: posting in next frame
06-05 13:19:13.114 14722 14722 W View    : requestLayout() improperly called by helium314.keyboard.latin.panels.BrowserPanelView{31eccf6 V.E...... ......I. 0,0-1440,1988} during layout: running second layout pass
06-05 13:19:13.121 14722 14722 W View    : requestLayout() improperly called by helium314.keyboard.latin.panels.BrowserPanelView{31eccf6 V.E...... ......I. 0,0-1440,1988} during second layout pass: posting in next frame
06-05 13:19:13.131 15146 15146 E .keyboard:tab2: Unknown bits set in runtime_flags: 0x40000000
06-05 13:19:13.137 14722 14722 W View    : requestLayout() improperly called by helium314.keyboard.latin.panels.BrowserPanelView{31eccf6 V.E...... ......ID 0,0-1440,1988} during layout: running second layout pass
06-05 13:19:13.144 14722 14722 W View    : requestLayout() improperly called by helium314.keyboard.latin.panels.BrowserPanelView{31eccf6 V.E...... ......I. 0,0-1440,1988} during second layout pass: posting in next frame
06-05 13:19:13.155 14722 14722 W View    : requestLayout() improperly called by helium314.keyboard.latin.panels.BrowserPanelView{31eccf6 V.E...... ......I. 0,0-1440,1988} during layout: running second layout pass
06-05 13:19:13.160 14722 14722 W View    : requestLayout() improperly called by helium314.keyboard.latin.panels.BrowserPanelView{31eccf6 V.E...... ........ 0,0-1440,1988} during second layout pass: posting in next frame
06-05 13:19:13.169 14722 14722 W View    : requestLayout() improperly called by helium314.keyboard.latin.panels.BrowserPanelView{31eccf6 V.E...... ......I. 0,0-1440,1988} during layout: running second layout pass
06-05 13:19:13.189 14722 14722 W View    : requestLayout() improperly called by helium314.keyboard.latin.panels.BrowserPanelView{31eccf6 V.E...... ........ 0,0-1440,1988} during second layout pass: posting in next frame
06-05 13:19:13.193 14722 14722 W View    : requestLayout() improperly called by helium314.keyboard.latin.panels.BrowserPanelView{31eccf6 V.E...... ......I. 0,0-1440,1988} during layout: running second layout pass
06-05 13:19:13.198 14722 14722 W View    : requestLayout() improperly called by helium314.keyboard.latin.panels.BrowserPanelView{31eccf6 V.E...... ........ 0,0-1440,1988} during second layout pass: posting in next frame
06-05 13:19:13.204 14722 14722 W View    : requestLayout() improperly called by helium314.keyboard.latin.panels.BrowserPanelView{31eccf6 V.E...... ......ID 0,0-1440,1988} during layout: running second layout pass
06-05 13:19:13.210 14722 14722 W View    : requestLayout() improperly called by helium314.keyboard.latin.panels.BrowserPanelView{31eccf6 V.E...... ........ 0,0-1440,1988} during second layout pass: posting in next frame
06-05 13:19:13.217 14722 14722 W View    : requestLayout() improperly called by helium314.keyboard.latin.panels.BrowserPanelView{31eccf6 V.E...... ......I. 0,0-1440,1988} during layout: running second layout pass
06-05 13:19:13.225 14722 14722 W View    : requestLayout() improperly called by helium314.keyboard.latin.panels.BrowserPanelView{31eccf6 V.E...... ........ 0,0-1440,1988} during second layout pass: posting in next frame
06-05 13:19:13.234 14722 14722 W View    : requestLayout() improperly called by helium314.keyboard.latin.panels.BrowserPanelView{31eccf6 V.E...... ......I. 0,0-1440,1988} during layout: running second layout pass
06-05 13:19:13.234 15146 15163 E GeckoLibLoad: Load sqlite start
06-05 13:19:13.235 15146 15163 E GeckoLibLoad: Load sqlite done
06-05 13:19:13.235 15146 15163 E GeckoLibLoad: Load nss start
06-05 13:19:13.235 15146 15163 E GeckoLibLoad: Load nss done
06-05 13:19:13.241 14722 14722 E Ads     : JS: Refused to get unsafe header "X-Afma-Gcache-IsGcacheHit" (https://www.gstatic.com/mysidia/1481c091d9df379c2904f938e54fba0c.js?tag=addon/rewarded_video:435)
06-05 13:19:13.241 14722 14722 W View    : requestLayout() improperly called by helium314.keyboard.latin.panels.BrowserPanelView{31eccf6 V.E...... ........ 0,0-1440,1988} during second layout pass: posting in next frame
06-05 13:19:13.242 14722 14722 W GeckoEventDispatcher: No listener for GeckoView:DismissClipboardPermissionRequest
06-05 13:19:13.246 15146 15163 E GeckoLibLoad: Loaded libs in 10.789896ms total, 1ms(0ms) user, 6ms(8ms) system, 0(0) faults
06-05 13:19:13.246 15146 15163 W GeckoThread: zerdatime 356796107 - runGecko
06-05 13:19:13.249 14722 14722 W View    : requestLayout() improperly called by helium314.keyboard.latin.panels.BrowserPanelView{31eccf6 V.E...... ......ID 0,0-1440,1988} during layout: running second layout pass
06-05 13:19:13.253 14722 14722 W View    : requestLayout() improperly called by helium314.keyboard.latin.panels.BrowserPanelView{31eccf6 V.E...... .......D 0,0-1440,1988} during second layout pass: posting in next frame
06-05 13:19:13.265 14722 14722 W View    : requestLayout() improperly called by helium314.keyboard.latin.panels.BrowserPanelView{31eccf6 V.E...... ......ID 0,0-1440,1988} during layout: running second layout pass
06-05 13:19:13.269 14722 14722 W View    : requestLayout() improperly called by helium314.keyboard.latin.panels.BrowserPanelView{31eccf6 V.E...... ........ 0,0-1440,1988} during second layout pass: posting in next frame
06-05 13:19:13.274 14722 14722 E Ads     : JS: Refused to get unsafe header "X-Afma-Gcache-IsGcacheHit" (https://www.gstatic.com/mysidia/1481c091d9df379c2904f938e54fba0c.js?tag=addon/rewarded_video:435)
06-05 13:19:13.286 14722 14722 W View    : requestLayout() improperly called by helium314.keyboard.latin.panels.BrowserPanelView{31eccf6 V.E...... ......I. 0,0-1440,1988} during layout: running second layout pass
06-05 13:19:13.290 14722 14722 W View    : requestLayout() improperly called by helium314.keyboard.latin.panels.BrowserPanelView{31eccf6 V.E...... ........ 0,0-1440,1988} during second layout pass: posting in next frame
06-05 13:19:13.300 14722 14722 W View    : requestLayout() improperly called by helium314.keyboard.latin.panels.BrowserPanelView{31eccf6 V.E...... ......I. 0,0-1440,1988} during layout: running second layout pass
06-05 13:19:13.304 14722 14722 W View    : requestLayout() improperly called by helium314.keyboard.latin.panels.BrowserPanelView{31eccf6 V.E...... ........ 0,0-1440,1988} during second layout pass: posting in next frame
06-05 13:19:13.318 14722 14722 W View    : requestLayout() improperly called by helium314.keyboard.latin.panels.BrowserPanelView{31eccf6 V.E...... ......I. 0,0-1440,1988} during layout: running second layout pass
06-05 13:19:13.326 14722 14722 W View    : requestLayout() improperly called by helium314.keyboard.latin.panels.BrowserPanelView{31eccf6 V.E...... ........ 0,0-1440,1988} during second layout pass: posting in next frame
06-05 13:19:13.337 14722 14722 W View    : requestLayout() improperly called by helium314.keyboard.latin.panels.BrowserPanelView{31eccf6 V.E...... ......I. 0,0-1440,1988} during layout: running second layout pass
06-05 13:19:13.352 14722 14722 W View    : requestLayout() improperly called by helium314.keyboard.latin.panels.BrowserPanelView{31eccf6 V.E...... ........ 0,0-1440,1988} during second layout pass: posting in next frame
06-05 13:19:13.357 14722 14722 W View    : requestLayout() improperly called by helium314.keyboard.latin.panels.BrowserPanelView{31eccf6 V.E...... ......I. 0,0-1440,1988} during layout: running second layout pass
06-05 13:19:13.371 14722 14722 W View    : requestLayout() improperly called by helium314.keyboard.latin.panels.BrowserPanelView{31eccf6 V.E...... ......ID 0,0-1440,1988} during second layout pass: posting in next frame
06-05 13:19:13.373 14722 14827 E ListServiceUtils: checkInListByUid module:audio-choppy-boost uid:13937 cost 1195us return (null)
06-05 13:19:13.375 14722 14816 W libc    : Access denied finding property "vendor.oplus.media.vpp.stutter"
06-05 13:19:13.377 14722 14722 W View    : requestLayout() improperly called by helium314.keyboard.latin.panels.BrowserPanelView{31eccf6 V.E...... ......ID 0,0-1440,1988} during layout: running second layout pass
06-05 13:19:13.381 14722 14722 W View    : requestLayout() improperly called by helium314.keyboard.latin.panels.BrowserPanelView{31eccf6 V.E...... ........ 0,0-1440,1988} during second layout pass: posting in next frame
06-05 13:19:13.383 14722 14722 W View    : requestLayout() improperly called by helium314.keyboard.latin.panels.BrowserPanelView{31eccf6 V.E...... ......I. 0,0-1440,1988} during layout: running second layout pass
06-05 13:19:13.387 14722 14722 W View    : requestLayout() improperly called by helium314.keyboard.latin.panels.BrowserPanelView{31eccf6 V.E...... ........ 0,0-1440,1988} during second layout pass: posting in next frame
06-05 13:19:13.397 14722 14816 E ListServiceUtils: checkInListByUid module:HQV-effect uid:13937 cost 4768us return 0
06-05 13:19:13.397 14722 14816 E MULTIMEDIAConfig: [getInt32:L80] Not find config, Returning default
06-05 13:19:13.397 14722 14816 E MULTIMEDIAConfig: [getInt32:L80] Not find config, Returning default
06-05 13:19:13.397 14722 14816 E OplusACodec: [OplusACodec:204] mSrOsieMMListCheckResult:0x0 mOsieVersion:1
06-05 13:19:13.399 14722 14722 W View    : requestLayout() improperly called by helium314.keyboard.latin.panels.BrowserPanelView{31eccf6 V.E...... ......I. 0,0-1440,1988} during layout: running second layout pass
06-05 13:19:13.406 14722 14722 W View    : requestLayout() improperly called by helium314.keyboard.latin.panels.BrowserPanelView{31eccf6 V.E...... ........ 0,0-1440,1988} during second layout pass: posting in next frame
06-05 13:19:13.419 14722 14722 W View    : requestLayout() improperly called by helium314.keyboard.latin.panels.BrowserPanelView{31eccf6 V.E...... ......I. 0,0-1440,1988} during layout: running second layout pass
06-05 13:19:13.428 14722 14722 W View    : requestLayout() improperly called by helium314.keyboard.latin.panels.BrowserPanelView{31eccf6 V.E...... ........ 0,0-1440,1988} during second layout pass: posting in next frame
06-05 13:19:13.430 15146 15163 W Isolated Web Content: [JavaScript Warning: "This page is in Quirks Mode. Page layout may be impacted. For Standards Mode use “<!DOCTYPE html>”." {file: "https://drudgereport.com/" line: 0}]
06-05 13:19:13.432 14722 14722 W View    : requestLayout() improperly called by helium314.keyboard.latin.panels.BrowserPanelView{31eccf6 V.E...... ......ID 0,0-1440,1988} during layout: running second layout pass
06-05 13:19:13.436 14722 14722 W View    : requestLayout() improperly called by helium314.keyboard.latin.panels.BrowserPanelView{31eccf6 V.E...... ........ 0,0-1440,1988} during second layout pass: posting in next frame
06-05 13:19:13.449 14722 14722 W View    : requestLayout() improperly called by helium314.keyboard.latin.panels.BrowserPanelView{31eccf6 V.E...... ......ID 0,0-1440,1988} during layout: running second layout pass
06-05 13:19:13.455 14722 14722 W View    : requestLayout() improperly called by helium314.keyboard.latin.panels.BrowserPanelView{31eccf6 V.E...... ........ 0,0-1440,1988} during second layout pass: posting in next frame
06-05 13:19:13.468 14722 14722 W View    : requestLayout() improperly called by helium314.keyboard.latin.panels.BrowserPanelView{31eccf6 V.E...... ......ID 0,0-1440,1988} during layout: running second layout pass
06-05 13:19:13.472 14722 14722 W View    : requestLayout() improperly called by helium314.keyboard.latin.panels.BrowserPanelView{31eccf6 V.E...... ........ 0,0-1440,1988} during second layout pass: posting in next frame
06-05 13:19:13.472 14722 14722 W com.vibekey.keyboard: type=1400 audit(0.0:157266): avc: denied { nlmsg_readpriv } for comm=536F636B657420546872656164 scontext=u:r:untrusted_app:s0:c97,c271,c512,c768 tcontext=u:r:untrusted_app:s0:c97,c271,c512,c768 tclass=netlink_route_socket permissive=0 bug=b/155595000 app=com.vibekey.keyboard
06-05 13:19:13.482 14722 14722 W View    : requestLayout() improperly called by helium314.keyboard.latin.panels.BrowserPanelView{31eccf6 V.E...... ......ID 0,0-1440,1988} during layout: running second layout pass
06-05 13:19:13.483 14722 15194 E OplusACodec: [GetVideoCodingTypeFromMime:L1162] mime:video/x-vnd.on2.vp9
06-05 13:19:13.486 14722 14722 W View    : requestLayout() improperly called by helium314.keyboard.latin.panels.BrowserPanelView{31eccf6 V.E...... ........ 0,0-1440,1988} during second layout pass: posting in next frame
06-05 13:19:13.500 14722 14722 W View    : requestLayout() improperly called by helium314.keyboard.latin.panels.BrowserPanelView{31eccf6 V.E...... ......ID 0,0-1440,1988} during layout: running second layout pass
06-05 13:19:13.505 14722 14722 W View    : requestLayout() improperly called by helium314.keyboard.latin.panels.BrowserPanelView{31eccf6 V.E...... ........ 0,0-1440,1988} during second layout pass: posting in next frame
06-05 13:19:13.515 14722 14722 W View    : requestLayout() improperly called by helium314.keyboard.latin.panels.BrowserPanelView{31eccf6 V.E...... ......ID 0,0-1440,1988} during layout: running second layout pass
06-05 13:19:13.520 14722 14722 W View    : requestLayout() improperly called by helium314.keyboard.latin.panels.BrowserPanelView{31eccf6 V.E...... ........ 0,0-1440,1988} during second layout pass: posting in next frame
06-05 13:19:13.533 14722 14722 W View    : requestLayout() improperly called by helium314.keyboard.latin.panels.BrowserPanelView{31eccf6 V.E...... ......ID 0,0-1440,1988} during layout: running second layout pass
06-05 13:19:13.537 14722 14722 W View    : requestLayout() improperly called by helium314.keyboard.latin.panels.BrowserPanelView{31eccf6 V.E...... ........ 0,0-1440,1988} during second layout pass: posting in next frame
06-05 13:19:13.561 14722 14722 W View    : requestLayout() improperly called by helium314.keyboard.latin.panels.BrowserPanelView{31eccf6 V.E...... ......I. 0,0-1440,1988} during layout: running second layout pass
06-05 13:19:13.566 14722 14722 W View    : requestLayout() improperly called by helium314.keyboard.latin.panels.BrowserPanelView{31eccf6 V.E...... ........ 0,0-1440,1988} during second layout pass: posting in next frame
06-05 13:19:13.577 14722 14722 W View    : requestLayout() improperly called by helium314.keyboard.latin.panels.BrowserPanelView{31eccf6 V.E...... ......I. 0,0-1440,1988} during layout: running second layout pass
06-05 13:19:13.587 14722 14786 W Ads     : Not retrying to fetch app settings
06-05 13:19:13.594 14722 14722 W View    : requestLayout() improperly called by helium314.keyboard.latin.panels.BrowserPanelView{31eccf6 V.E...... ........ 0,0-1440,1988} during second layout pass: posting in next frame
06-05 13:19:13.596 14722 14722 W View    : requestLayout() improperly called by helium314.keyboard.latin.panels.BrowserPanelView{31eccf6 V.E...... ......I. 0,0-1440,1988} during layout: running second layout pass
06-05 13:19:13.601 14722 14722 W View    : requestLayout() improperly called by helium314.keyboard.latin.panels.BrowserPanelView{31eccf6 V.E...... ........ 0,0-1440,1988} during second layout pass: posting in next frame
06-05 13:19:13.603 14722 14722 W View    : requestLayout() improperly called by helium314.keyboard.latin.panels.BrowserPanelView{31eccf6 V.E...... ......I. 0,0-1440,1988} during layout: running second layout pass
06-05 13:19:13.610 14722 14722 W View    : requestLayout() improperly called by helium314.keyboard.latin.panels.BrowserPanelView{31eccf6 V.E...... ........ 0,0-1440,1988} during second layout pass: posting in next frame
06-05 13:19:13.617 14722 14722 W View    : requestLayout() improperly called by helium314.keyboard.latin.panels.BrowserPanelView{31eccf6 V.E...... ......I. 0,0-1440,1988} during layout: running second layout pass
06-05 13:19:13.625 14722 14722 W View    : requestLayout() improperly called by helium314.keyboard.latin.panels.BrowserPanelView{31eccf6 V.E...... ........ 0,0-1440,1988} during second layout pass: posting in next frame
06-05 13:19:13.635 14722 14722 W View    : requestLayout() improperly called by helium314.keyboard.latin.panels.BrowserPanelView{31eccf6 V.E...... ......I. 0,0-1440,1988} during layout: running second layout pass
06-05 13:19:13.643 14722 14722 W View    : requestLayout() improperly called by helium314.keyboard.latin.panels.BrowserPanelView{31eccf6 V.E...... ........ 0,0-1440,1988} during second layout pass: posting in next frame
06-05 13:19:13.650 14722 14722 W View    : requestLayout() improperly called by helium314.keyboard.latin.panels.BrowserPanelView{31eccf6 V.E...... ......I. 0,0-1440,1988} during layout: running second layout pass
06-05 13:19:13.656 14722 14722 W View    : requestLayout() improperly called by helium314.keyboard.latin.panels.BrowserPanelView{31eccf6 V.E...... ........ 0,0-1440,1988} during second layout pass: posting in next frame
06-05 13:19:13.667 14722 14722 W View    : requestLayout() improperly called by helium314.keyboard.latin.panels.BrowserPanelView{31eccf6 V.E...... ......I. 0,0-1440,1988} during layout: running second layout pass
06-05 13:19:13.671 14722 14722 W View    : requestLayout() improperly called by helium314.keyboard.latin.panels.BrowserPanelView{31eccf6 V.E...... ........ 0,0-1440,1988} during second layout pass: posting in next frame
06-05 13:19:13.684 14722 14722 W View    : requestLayout() improperly called by helium314.keyboard.latin.panels.BrowserPanelView{31eccf6 V.E...... ......I. 0,0-1440,1988} during layout: running second layout pass
06-05 13:19:13.690 14722 14722 W View    : requestLayout() improperly called by helium314.keyboard.latin.panels.BrowserPanelView{31eccf6 V.E...... ........ 0,0-1440,1988} during second layout pass: posting in next frame
06-05 13:19:13.700 14722 14722 W View    : requestLayout() improperly called by helium314.keyboard.latin.panels.BrowserPanelView{31eccf6 V.E...... ......I. 0,0-1440,1988} during layout: running second layout pass
06-05 13:19:13.720 14722 14722 W View    : requestLayout() improperly called by helium314.keyboard.latin.panels.BrowserPanelView{31eccf6 V.E...... ........ 0,0-1440,1988} during second layout pass: posting in next frame
06-05 13:19:13.723 14722 14722 W View    : requestLayout() improperly called by helium314.keyboard.latin.panels.BrowserPanelView{31eccf6 V.E...... ......I. 0,0-1440,1988} during layout: running second layout pass
06-05 13:19:13.730 14722 14722 W View    : requestLayout() improperly called by helium314.keyboard.latin.panels.BrowserPanelView{31eccf6 V.E...... ........ 0,0-1440,1988} during second layout pass: posting in next frame
06-05 13:19:13.733 14722 14722 W View    : requestLayout() improperly called by helium314.keyboard.latin.panels.BrowserPanelView{31eccf6 V.E...... ......I. 0,0-1440,1988} during layout: running second layout pass
06-05 13:19:13.739 14722 14722 W View    : requestLayout() improperly called by helium314.keyboard.latin.panels.BrowserPanelView{31eccf6 V.E...... ........ 0,0-1440,1988} during second layout pass: posting in next frame
06-05 13:19:13.752 14722 14722 W View    : requestLayout() improperly called by helium314.keyboard.latin.panels.BrowserPanelView{31eccf6 V.E...... ......I. 0,0-1440,1988} during layout: running second layout pass
06-05 13:19:13.757 14722 14722 W View    : requestLayout() improperly called by helium314.keyboard.latin.panels.BrowserPanelView{31eccf6 V.E...... ........ 0,0-1440,1988} during second layout pass: posting in next frame
06-05 13:19:13.760 14722 14816 W cr_MediaCodecBridge: Releasing: OMX.qcom.video.decoder.vp9
06-05 13:19:13.764 14722 15190 E ExtensionsLoader: freeAllBuffers: 12 buffers were freed while being dequeued!
06-05 13:19:13.767 14722 14722 W View    : requestLayout() improperly called by helium314.keyboard.latin.panels.BrowserPanelView{31eccf6 V.E...... ......I. 0,0-1440,1988} during layout: running second layout pass
06-05 13:19:13.768 14722 14816 W cr_MediaCodecBridge: Codec released
06-05 13:19:13.771 14722 14722 W View    : requestLayout() improperly called by helium314.keyboard.latin.panels.BrowserPanelView{31eccf6 V.E...... ........ 0,0-1440,1988} during second layout pass: posting in next frame
06-05 13:19:13.786 14722 14722 W View    : requestLayout() improperly called by helium314.keyboard.latin.panels.BrowserPanelView{31eccf6 V.E...... ......I. 0,0-1440,1988} during layout: running second layout pass
06-05 13:19:13.791 14722 14722 W View    : requestLayout() improperly called by helium314.keyboard.latin.panels.BrowserPanelView{31eccf6 V.E...... ........ 0,0-1440,1988} during second layout pass: posting in next frame
06-05 13:19:13.801 14722 14722 W View    : requestLayout() improperly called by helium314.keyboard.latin.panels.BrowserPanelView{31eccf6 V.E...... ......I. 0,0-1440,1988} during layout: running second layout pass
06-05 13:19:13.811 14722 14722 W View    : requestLayout() improperly called by helium314.keyboard.latin.panels.BrowserPanelView{31eccf6 V.E...... ........ 0,0-1440,1988} during second layout pass: posting in next frame
06-05 13:19:13.817 14722 14722 W View    : requestLayout() improperly called by helium314.keyboard.latin.panels.BrowserPanelView{31eccf6 V.E...... ......I. 0,0-1440,1988} during layout: running second layout pass
06-05 13:19:13.822 14722 14722 W View    : requestLayout() improperly called by helium314.keyboard.latin.panels.BrowserPanelView{31eccf6 V.E...... ........ 0,0-1440,1988} during second layout pass: posting in next frame
06-05 13:19:13.834 14722 14722 W View    : requestLayout() improperly called by helium314.keyboard.latin.panels.BrowserPanelView{31eccf6 V.E...... ......I. 0,0-1440,1988} during layout: running second layout pass
06-05 13:19:13.838 14722 14722 W View    : requestLayout() improperly called by helium314.keyboard.latin.panels.BrowserPanelView{31eccf6 V.E...... ........ 0,0-1440,1988} during second layout pass: posting in next frame
06-05 13:19:13.854 14722 14722 W View    : requestLayout() improperly called by helium314.keyboard.latin.panels.BrowserPanelView{31eccf6 V.E...... ......I. 0,0-1440,1988} during layout: running second layout pass
06-05 13:19:13.864 14722 14722 W View    : requestLayout() improperly called by helium314.keyboard.latin.panels.BrowserPanelView{31eccf6 V.E...... ........ 0,0-1440,1988} during second layout pass: posting in next frame
06-05 13:19:13.867 14722 14722 W View    : requestLayout() improperly called by helium314.keyboard.latin.panels.BrowserPanelView{31eccf6 V.E...... ......I. 0,0-1440,1988} during layout: running second layout pass
06-05 13:19:13.876 14722 14722 W View    : requestLayout() improperly called by helium314.keyboard.latin.panels.BrowserPanelView{31eccf6 V.E...... ........ 0,0-1440,1988} during second layout pass: posting in next frame
06-05 13:19:13.885 14722 14722 W View    : requestLayout() improperly called by helium314.keyboard.latin.panels.BrowserPanelView{31eccf6 V.E...... ......I. 0,0-1440,1988} during layout: running second layout pass
