05-31 13:35:50.592 30332 30332 W View    : requestLayout() improperly called by helium314.keyboard.latin.panels.BrowserPanelView{ba43936 V.E...... ........ 0,0-1440,2040} during second layout pass: posting in next frame
05-31 13:35:50.605 30332 30332 W View    : requestLayout() improperly called by helium314.keyboard.latin.panels.BrowserPanelView{ba43936 V.E...... ......I. 0,0-1440,2040} during layout: running second layout pass
05-31 13:35:50.621 30332 30332 W View    : requestLayout() improperly called by helium314.keyboard.latin.panels.BrowserPanelView{ba43936 V.E...... ........ 0,0-1440,2040} during second layout pass: posting in next frame
05-31 13:35:50.623 30332 30332 W View    : requestLayout() improperly called by helium314.keyboard.latin.panels.BrowserPanelView{ba43936 V.E...... ......I. 0,0-1440,2040} during layout: running second layout pass
05-31 13:35:50.627 30332 30332 W View    : requestLayout() improperly called by helium314.keyboard.latin.panels.BrowserPanelView{ba43936 V.E...... ........ 0,0-1440,2040} during second layout pass: posting in next frame
05-31 13:35:50.636 30332 30332 W View    : requestLayout() improperly called by helium314.keyboard.latin.panels.BrowserPanelView{ba43936 V.E...... ......I. 0,0-1440,2040} during layout: running second layout pass
05-31 13:35:50.641 30332 30332 W View    : requestLayout() improperly called by helium314.keyboard.latin.panels.BrowserPanelView{ba43936 V.E...... ........ 0,0-1440,2040} during second layout pass: posting in next frame
05-31 13:35:50.653 30332 30332 W View    : requestLayout() improperly called by helium314.keyboard.latin.panels.BrowserPanelView{ba43936 V.E...... ......I. 0,0-1440,2040} during layout: running second layout pass
05-31 13:35:50.657 30332 30332 W View    : requestLayout() improperly called by helium314.keyboard.latin.panels.BrowserPanelView{ba43936 V.E...... ........ 0,0-1440,2040} during second layout pass: posting in next frame
05-31 13:35:50.670 30332 30332 W View    : requestLayout() improperly called by helium314.keyboard.latin.panels.BrowserPanelView{ba43936 V.E...... ......I. 0,0-1440,2040} during layout: running second layout pass
05-31 13:35:50.674 30332 30332 W View    : requestLayout() improperly called by helium314.keyboard.latin.panels.BrowserPanelView{ba43936 V.E...... ........ 0,0-1440,2040} during second layout pass: posting in next frame
05-31 13:35:50.687 30332 30332 W View    : requestLayout() improperly called by helium314.keyboard.latin.panels.BrowserPanelView{ba43936 V.E...... ......I. 0,0-1440,2040} during layout: running second layout pass
05-31 13:35:50.695 30332 30332 W View    : requestLayout() improperly called by helium314.keyboard.latin.panels.BrowserPanelView{ba43936 V.E...... ........ 0,0-1440,2040} during second layout pass: posting in next frame
05-31 13:35:50.704 30332 30332 W View    : requestLayout() improperly called by helium314.keyboard.latin.panels.BrowserPanelView{ba43936 V.E...... ......I. 0,0-1440,2040} during layout: running second layout pass
05-31 13:35:50.711 30332 30332 W View    : requestLayout() improperly called by helium314.keyboard.latin.panels.BrowserPanelView{ba43936 V.E...... ........ 0,0-1440,2040} during second layout pass: posting in next frame
05-31 13:35:50.720 30332 30332 W View    : requestLayout() improperly called by helium314.keyboard.latin.panels.BrowserPanelView{ba43936 V.E...... ......I. 0,0-1440,2040} during layout: running second layout pass
05-31 13:35:50.726 30332 30332 W View    : requestLayout() improperly called by helium314.keyboard.latin.panels.BrowserPanelView{ba43936 V.E...... ........ 0,0-1440,2040} during second layout pass: posting in next frame
05-31 13:35:50.737 30332 30332 W View    : requestLayout() improperly called by helium314.keyboard.latin.panels.BrowserPanelView{ba43936 V.E...... ......I. 0,0-1440,2040} during layout: running second layout pass
05-31 13:35:50.742 30332 30332 W View    : requestLayout() improperly called by helium314.keyboard.latin.panels.BrowserPanelView{ba43936 V.E...... ........ 0,0-1440,2040} during second layout pass: posting in next frame
05-31 13:35:50.754 30332 30332 W View    : requestLayout() improperly called by helium314.keyboard.latin.panels.BrowserPanelView{ba43936 V.E...... ......I. 0,0-1440,2040} during layout: running second layout pass
05-31 13:35:50.761 30332 30332 W View    : requestLayout() improperly called by helium314.keyboard.latin.panels.BrowserPanelView{ba43936 V.E...... ........ 0,0-1440,2040} during second layout pass: posting in next frame
05-31 13:35:50.770 30332 30332 W View    : requestLayout() improperly called by helium314.keyboard.latin.panels.BrowserPanelView{ba43936 V.E...... ......I. 0,0-1440,2040} during layout: running second layout pass
05-31 13:35:50.774 30332 30332 W View    : requestLayout() improperly called by helium314.keyboard.latin.panels.BrowserPanelView{ba43936 V.E...... ........ 0,0-1440,2040} during second layout pass: posting in next frame
05-31 13:35:50.787 30332 30332 W View    : requestLayout() improperly called by helium314.keyboard.latin.panels.BrowserPanelView{ba43936 V.E...... ......I. 0,0-1440,2040} during layout: running second layout pass
05-31 13:35:50.792 30332 30332 W View    : requestLayout() improperly called by helium314.keyboard.latin.panels.BrowserPanelView{ba43936 V.E...... ........ 0,0-1440,2040} during second layout pass: posting in next frame
05-31 13:35:50.803 30332 30332 W View    : requestLayout() improperly called by helium314.keyboard.latin.panels.BrowserPanelView{ba43936 V.E...... ......I. 0,0-1440,2040} during layout: running second layout pass
05-31 13:35:50.807 30332 30332 W View    : requestLayout() improperly called by helium314.keyboard.latin.panels.BrowserPanelView{ba43936 V.E...... ........ 0,0-1440,2040} during second layout pass: posting in next frame
05-31 13:35:50.820 30332 30332 W View    : requestLayout() improperly called by helium314.keyboard.latin.panels.BrowserPanelView{ba43936 V.E...... ......I. 0,0-1440,2040} during layout: running second layout pass
05-31 13:35:50.824 30332 30332 W View    : requestLayout() improperly called by helium314.keyboard.latin.panels.BrowserPanelView{ba43936 V.E...... ........ 0,0-1440,2040} during second layout pass: posting in next frame
05-31 13:35:50.837 30332 30332 W View    : requestLayout() improperly called by helium314.keyboard.latin.panels.BrowserPanelView{ba43936 V.E...... ......I. 0,0-1440,2040} during layout: running second layout pass
05-31 13:35:50.841 30332 30332 W View    : requestLayout() improperly called by helium314.keyboard.latin.panels.BrowserPanelView{ba43936 V.E...... ........ 0,0-1440,2040} during second layout pass: posting in next frame
05-31 13:35:50.855 30332 30332 W View    : requestLayout() improperly called by helium314.keyboard.latin.panels.BrowserPanelView{ba43936 V.E...... ......I. 0,0-1440,2040} during layout: running second layout pass
05-31 13:35:50.860 30332 30332 W View    : requestLayout() improperly called by helium314.keyboard.latin.panels.BrowserPanelView{ba43936 V.E...... ........ 0,0-1440,2040} during second layout pass: posting in next frame
05-31 13:35:50.871 30332 30332 W View    : requestLayout() improperly called by helium314.keyboard.latin.panels.BrowserPanelView{ba43936 V.E...... ......I. 0,0-1440,2040} during layout: running second layout pass
05-31 13:35:50.880 30332 30332 W View    : requestLayout() improperly called by helium314.keyboard.latin.panels.BrowserPanelView{ba43936 V.E...... .......D 0,0-1440,2040} during second layout pass: posting in next frame
05-31 13:35:50.886 30332 30332 W View    : requestLayout() improperly called by helium314.keyboard.latin.panels.BrowserPanelView{ba43936 V.E...... ......ID 0,0-1440,2040} during layout: running second layout pass
05-31 13:35:50.892 30332 30332 W View    : requestLayout() improperly called by helium314.keyboard.latin.panels.BrowserPanelView{ba43936 V.E...... ........ 0,0-1440,2040} during second layout pass: posting in next frame
05-31 13:35:50.903 30332 30332 W View    : requestLayout() improperly called by helium314.keyboard.latin.panels.BrowserPanelView{ba43936 V.E...... ......I. 0,0-1440,2040} during layout: running second layout pass
05-31 13:35:50.908 30332 30332 W View    : requestLayout() improperly called by helium314.keyboard.latin.panels.BrowserPanelView{ba43936 V.E...... ........ 0,0-1440,2040} during second layout pass: posting in next frame
05-31 13:35:50.908 30748 31141 E .keyboard:tab1: ofbOpen failed with error=No such file or directory
05-31 13:35:50.908 30748 31141 E .keyboard:tab1: sysOpen failed with error=No such file or directory
05-31 13:35:50.914 30748 30785 E Isolated Web Content: [JavaScript Error: "Cookie “cto_tld_test” has been rejected for invalid domain." {file: "https://www.foxnews.com/" line: 0}]
05-31 13:35:50.915 30748 30785 E Isolated Web Content: [JavaScript Error: "Cookie “cto_tld_test” has been rejected for invalid domain." {file: "https://www.foxnews.com/" line: 0}]
05-31 13:35:50.922 30332 30332 W View    : requestLayout() improperly called by helium314.keyboard.latin.panels.BrowserPanelView{ba43936 V.E...... ......I. 0,0-1440,2040} during layout: running second layout pass
05-31 13:35:50.928 30332 30332 W View    : requestLayout() improperly called by helium314.keyboard.latin.panels.BrowserPanelView{ba43936 V.E...... ........ 0,0-1440,2040} during second layout pass: posting in next frame
05-31 13:35:50.940 30332 30332 W View    : requestLayout() improperly called by helium314.keyboard.latin.panels.BrowserPanelView{ba43936 V.E...... ......I. 0,0-1440,2040} during layout: running second layout pass
05-31 13:35:50.944 30332 30332 W View    : requestLayout() improperly called by helium314.keyboard.latin.panels.BrowserPanelView{ba43936 V.E...... ........ 0,0-1440,2040} during second layout pass: posting in next frame
05-31 13:35:50.959 30332 30332 W View    : requestLayout() improperly called by helium314.keyboard.latin.panels.BrowserPanelView{ba43936 V.E...... ......I. 0,0-1440,2040} during layout: running second layout pass
05-31 13:35:50.964 30332 30332 W View    : requestLayout() improperly called by helium314.keyboard.latin.panels.BrowserPanelView{ba43936 V.E...... ........ 0,0-1440,2040} during second layout pass: posting in next frame
05-31 13:35:50.971 30332 30332 W View    : requestLayout() improperly called by helium314.keyboard.latin.panels.BrowserPanelView{ba43936 V.E...... ......I. 0,0-1440,2040} during layout: running second layout pass
05-31 13:35:50.975 30332 30332 W View    : requestLayout() improperly called by helium314.keyboard.latin.panels.BrowserPanelView{ba43936 V.E...... ........ 0,0-1440,2040} during second layout pass: posting in next frame
05-31 13:35:50.986 30332 30332 W View    : requestLayout() improperly called by helium314.keyboard.latin.panels.BrowserPanelView{ba43936 V.E...... ......I. 0,0-1440,2040} during layout: running second layout pass
05-31 13:35:50.990 30332 30332 W View    : requestLayout() improperly called by helium314.keyboard.latin.panels.BrowserPanelView{ba43936 V.E...... ........ 0,0-1440,2040} during second layout pass: posting in next frame
05-31 13:35:50.996 30332 30332 W com.vibekey.keyboard: type=1400 audit(0.0:39164): avc: denied { nlmsg_readpriv } for comm=536F636B657420546872656164 scontext=u:r:untrusted_app:s0:c10,c271,c512,c768 tcontext=u:r:untrusted_app:s0:c10,c271,c512,c768 tclass=netlink_route_socket permissive=0 bug=b/155595000 app=com.vibekey.keyboard
05-31 13:35:51.003 30332 30332 W View    : requestLayout() improperly called by helium314.keyboard.latin.panels.BrowserPanelView{ba43936 V.E...... ......I. 0,0-1440,2040} during layout: running second layout pass
05-31 13:35:51.005 31149 31149 E .keyboard:medi: Unknown bits set in runtime_flags: 0x40000000
05-31 13:35:51.007 30332 30332 W View    : requestLayout() improperly called by helium314.keyboard.latin.panels.BrowserPanelView{ba43936 V.E...... ........ 0,0-1440,2040} during second layout pass: posting in next frame
05-31 13:35:51.020 30332 30332 W View    : requestLayout() improperly called by helium314.keyboard.latin.panels.BrowserPanelView{ba43936 V.E...... ......I. 0,0-1440,2040} during layout: running second layout pass
05-31 13:35:51.025 30332 30332 W View    : requestLayout() improperly called by helium314.keyboard.latin.panels.BrowserPanelView{ba43936 V.E...... ........ 0,0-1440,2040} during second layout pass: posting in next frame
05-31 13:35:51.037 30332 30332 W View    : requestLayout() improperly called by helium314.keyboard.latin.panels.BrowserPanelView{ba43936 V.E...... ......I. 0,0-1440,2040} during layout: running second layout pass
05-31 13:35:51.044 30332 30332 W View    : requestLayout() improperly called by helium314.keyboard.latin.panels.BrowserPanelView{ba43936 V.E...... ........ 0,0-1440,2040} during second layout pass: posting in next frame
05-31 13:35:51.053 30332 30332 W View    : requestLayout() improperly called by helium314.keyboard.latin.panels.BrowserPanelView{ba43936 V.E...... ......I. 0,0-1440,2040} during layout: running second layout pass
05-31 13:35:51.059 30332 30332 W View    : requestLayout() improperly called by helium314.keyboard.latin.panels.BrowserPanelView{ba43936 V.E...... ........ 0,0-1440,2040} during second layout pass: posting in next frame
05-31 13:35:51.070 30332 30332 W View    : requestLayout() improperly called by helium314.keyboard.latin.panels.BrowserPanelView{ba43936 V.E...... ......I. 0,0-1440,2040} during layout: running second layout pass
05-31 13:35:51.074 30332 30332 W View    : requestLayout() improperly called by helium314.keyboard.latin.panels.BrowserPanelView{ba43936 V.E...... ........ 0,0-1440,2040} during second layout pass: posting in next frame
05-31 13:35:51.076 30332 30332 W com.vibekey.keyboard: type=1400 audit(0.0:39165): avc: denied { nlmsg_readpriv } for comm=536F636B657420546872656164 scontext=u:r:untrusted_app:s0:c10,c271,c512,c768 tcontext=u:r:untrusted_app:s0:c10,c271,c512,c768 tclass=netlink_route_socket permissive=0 bug=b/155595000 app=com.vibekey.keyboard
05-31 13:35:51.087 30332 30332 W View    : requestLayout() improperly called by helium314.keyboard.latin.panels.BrowserPanelView{ba43936 V.E...... ......I. 0,0-1440,2040} during layout: running second layout pass
05-31 13:35:51.094 30332 30332 W View    : requestLayout() improperly called by helium314.keyboard.latin.panels.BrowserPanelView{ba43936 V.E...... ........ 0,0-1440,2040} during second layout pass: posting in next frame
05-31 13:35:51.104 30332 30332 W View    : requestLayout() improperly called by helium314.keyboard.latin.panels.BrowserPanelView{ba43936 V.E...... ......I. 0,0-1440,2040} during layout: running second layout pass
05-31 13:35:51.108 30332 30332 W View    : requestLayout() improperly called by helium314.keyboard.latin.panels.BrowserPanelView{ba43936 V.E...... ........ 0,0-1440,2040} during second layout pass: posting in next frame
05-31 13:35:51.115 31149 31168 E .keyboard:medi: ofbOpen failed with error=No such file or directory
05-31 13:35:51.115 31149 31168 E .keyboard:medi: sysOpen failed with error=No such file or directory
05-31 13:35:51.117 30748 30785 W Isolated Web Content: [JavaScript Warning: "Autoplay is only allowed when approved by the user, the site is activated by the user, or media is muted." {file: "https://static.foxnews.com/static/strike/scripts/libs/prebid.js" line: 1}]
05-31 13:35:51.122 30332 30332 W View    : requestLayout() improperly called by helium314.keyboard.latin.panels.BrowserPanelView{ba43936 V.E...... ......I. 0,0-1440,2040} during layout: running second layout pass
05-31 13:35:51.126 30332 30332 W View    : requestLayout() improperly called by helium314.keyboard.latin.panels.BrowserPanelView{ba43936 V.E...... ........ 0,0-1440,2040} during second layout pass: posting in next frame
05-31 13:35:51.129 31149 31168 W AudioCapabilities: Unsupported mime audio/ffmpeg
05-31 13:35:51.130 31149 31168 W VideoCapabilities: Unsupported mime video/ffmpeg
05-31 13:35:51.130 31149 31168 W VideoCapabilities: Unrecognized profile/level 0/3 for video/mpeg2
05-31 13:35:51.130 31149 31168 W VideoCapabilities: Unrecognized profile/level 0/3 for video/mpeg2
05-31 13:35:51.137 30332 30332 W View    : requestLayout() improperly called by helium314.keyboard.latin.panels.BrowserPanelView{ba43936 V.E...... ......I. 0,0-1440,2040} during layout: running second layout pass
05-31 13:35:51.139 31149 31168 W libc    : Access denied finding property "vendor.oplus.media.vpp.stutter"
05-31 13:35:51.140 31149 31168 E MULTIMEDIAConfig: [getInt32:L80] Not find config, Returning default
05-31 13:35:51.140 31149 31168 E MULTIMEDIAConfig: [getInt32:L80] Not find config, Returning default
05-31 13:35:51.140 31149 31168 E OplusACodec: [OplusACodec:204] mSrOsieMMListCheckResult:0x0 mOsieVersion:1
05-31 13:35:51.144 30332 30332 W View    : requestLayout() improperly called by helium314.keyboard.latin.panels.BrowserPanelView{ba43936 V.E...... ........ 0,0-1440,2040} during second layout pass: posting in next frame
05-31 13:35:51.154 30332 30332 W View    : requestLayout() improperly called by helium314.keyboard.latin.panels.BrowserPanelView{ba43936 V.E...... ......I. 0,0-1440,2040} during layout: running second layout pass
05-31 13:35:51.158 30332 30332 W View    : requestLayout() improperly called by helium314.keyboard.latin.panels.BrowserPanelView{ba43936 V.E...... ........ 0,0-1440,2040} during second layout pass: posting in next frame
05-31 13:35:51.172 30332 30332 W View    : requestLayout() improperly called by helium314.keyboard.latin.panels.BrowserPanelView{ba43936 V.E...... ......I. 0,0-1440,2040} during layout: running second layout pass
05-31 13:35:51.176 30332 30332 W View    : requestLayout() improperly called by helium314.keyboard.latin.panels.BrowserPanelView{ba43936 V.E...... ........ 0,0-1440,2040} during second layout pass: posting in next frame
05-31 13:35:51.187 30332 30332 W View    : requestLayout() improperly called by helium314.keyboard.latin.panels.BrowserPanelView{ba43936 V.E...... ......I. 0,0-1440,2040} during layout: running second layout pass
05-31 13:35:51.191 30332 30332 W View    : requestLayout() improperly called by helium314.keyboard.latin.panels.BrowserPanelView{ba43936 V.E...... ........ 0,0-1440,2040} during second layout pass: posting in next frame
05-31 13:35:51.205 30332 30332 W View    : requestLayout() improperly called by helium314.keyboard.latin.panels.BrowserPanelView{ba43936 V.E...... ......I. 0,0-1440,2040} during layout: running second layout pass
05-31 13:35:51.207 30748 30785 W Isolated Web Content: [JavaScript Warning: "Unexpected value noise parsing type attribute." {file: "https://static.foxnews.com/static/orion/styles/img/fox-news/pages/games/game-hub/background/pickle-bg.svg" line: 0}]
05-31 13:35:51.209 30748 30785 W Isolated Web Content: [JavaScript Warning: "Unexpected value noise parsing type attribute." {file: "https://static.foxnews.com/static/orion/styles/img/fox-news/pages/games/game-hub/background/stacked-bg.svg" line: 0}]
05-31 13:35:51.210 30332 30332 W View    : requestLayout() improperly called by helium314.keyboard.latin.panels.BrowserPanelView{ba43936 V.E...... ........ 0,0-1440,2040} during second layout pass: posting in next frame
05-31 13:35:51.213 31149 31173 E OplusACodec: [GetVideoCodingTypeFromMime:L1162] mime:video/avc
05-31 13:35:51.219 30748 30785 W Isolated Web Content: [JavaScript Warning: "Unexpected value noise parsing type attribute." {file: "https://static.foxnews.com/static/orion/styles/img/fox-news/pages/games/game-hub/background/downwords-bg.svg" line: 0}]
05-31 13:35:51.221 30332 30332 W View    : requestLayout() improperly called by helium314.keyboard.latin.panels.BrowserPanelView{ba43936 V.E...... ......I. 0,0-1440,2040} during layout: running second layout pass
05-31 13:35:51.222 30748 30785 W Isolated Web Content: [JavaScript Warning: "Unexpected value noise parsing type attribute." {file: "https://static.foxnews.com/static/orion/styles/img/fox-news/pages/games/game-hub/background/5-across-bg.svg" line: 0}]
05-31 13:35:51.231 30332 30332 W View    : requestLayout() improperly called by helium314.keyboard.latin.panels.BrowserPanelView{ba43936 V.E...... ........ 0,0-1440,2040} during second layout pass: posting in next frame
05-31 13:35:51.240 30332 30332 W View    : requestLayout() improperly called by helium314.keyboard.latin.panels.BrowserPanelView{ba43936 V.E...... ......I. 0,0-1440,2040} during layout: running second layout pass
05-31 13:35:51.245 30332 30332 W View    : requestLayout() improperly called by helium314.keyboard.latin.panels.BrowserPanelView{ba43936 V.E...... .......D 0,0-1440,2040} during second layout pass: posting in next frame
05-31 13:35:51.254 30332 30332 W View    : requestLayout() improperly called by helium314.keyboard.latin.panels.BrowserPanelView{ba43936 V.E...... ......ID 0,0-1440,2040} during layout: running second layout pass
05-31 13:35:51.259 30332 30332 W View    : requestLayout() improperly called by helium314.keyboard.latin.panels.BrowserPanelView{ba43936 V.E...... ........ 0,0-1440,2040} during second layout pass: posting in next frame
05-31 13:35:51.271 30332 30332 W View    : requestLayout() improperly called by helium314.keyboard.latin.panels.BrowserPanelView{ba43936 V.E...... ......I. 0,0-1440,2040} during layout: running second layout pass
05-31 13:35:51.276 30332 30332 W View    : requestLayout() improperly called by helium314.keyboard.latin.panels.BrowserPanelView{ba43936 V.E...... ........ 0,0-1440,2040} during second layout pass: posting in next frame
05-31 13:35:51.288 30332 30332 W View    : requestLayout() improperly called by helium314.keyboard.latin.panels.BrowserPanelView{ba43936 V.E...... ......I. 0,0-1440,2040} during layout: running second layout pass
05-31 13:35:51.293 30332 30332 W View    : requestLayout() improperly called by helium314.keyboard.latin.panels.BrowserPanelView{ba43936 V.E...... ........ 0,0-1440,2040} during second layout pass: posting in next frame
05-31 13:35:51.304 30332 30332 W View    : requestLayout() improperly called by helium314.keyboard.latin.panels.BrowserPanelView{ba43936 V.E...... ......I. 0,0-1440,2040} during layout: running second layout pass
05-31 13:35:51.308 30332 30332 W View    : requestLayout() improperly called by helium314.keyboard.latin.panels.BrowserPanelView{ba43936 V.E...... ........ 0,0-1440,2040} during second layout pass: posting in next frame
05-31 13:35:51.321 30332 30332 W View    : requestLayout() improperly called by helium314.keyboard.latin.panels.BrowserPanelView{ba43936 V.E...... ......I. 0,0-1440,2040} during layout: running second layout pass
05-31 13:35:51.325 30332 30332 W View    : requestLayout() improperly called by helium314.keyboard.latin.panels.BrowserPanelView{ba43936 V.E...... ........ 0,0-1440,2040} during second layout pass: posting in next frame
05-31 13:35:51.339 30332 30332 W View    : requestLayout() improperly called by helium314.keyboard.latin.panels.BrowserPanelView{ba43936 V.E...... ......I. 0,0-1440,2040} during layout: running second layout pass
05-31 13:35:51.345 30332 30332 W View    : requestLayout() improperly called by helium314.keyboard.latin.panels.BrowserPanelView{ba43936 V.E...... ........ 0,0-1440,2040} during second layout pass: posting in next frame
05-31 13:35:51.355 30332 30332 W View    : requestLayout() improperly called by helium314.keyboard.latin.panels.BrowserPanelView{ba43936 V.E...... ......I. 0,0-1440,2040} during layout: running second layout pass
05-31 13:35:51.361 30332 30332 W View    : requestLayout() improperly called by helium314.keyboard.latin.panels.BrowserPanelView{ba43936 V.E...... ........ 0,0-1440,2040} during second layout pass: posting in next frame
05-31 13:35:51.371 30332 30332 W View    : requestLayout() improperly called by helium314.keyboard.latin.panels.BrowserPanelView{ba43936 V.E...... ......I. 0,0-1440,2040} during layout: running second layout pass
05-31 13:35:51.379 30332 30332 W View    : requestLayout() improperly called by helium314.keyboard.latin.panels.BrowserPanelView{ba43936 V.E...... ........ 0,0-1440,2040} during second layout pass: posting in next frame
05-31 13:35:51.389 30332 30332 W View    : requestLayout() improperly called by helium314.keyboard.latin.panels.BrowserPanelView{ba43936 V.E...... ......I. 0,0-1440,2040} during layout: running second layout pass
05-31 13:35:51.393 30332 30332 W View    : requestLayout() improperly called by helium314.keyboard.latin.panels.BrowserPanelView{ba43936 V.E...... ........ 0,0-1440,2040} during second layout pass: posting in next frame
05-31 13:35:51.404 30332 30332 W View    : requestLayout() improperly called by helium314.keyboard.latin.panels.BrowserPanelView{ba43936 V.E...... ......I. 0,0-1440,2040} during layout: running second layout pass
05-31 13:35:51.409 30332 30332 W View    : requestLayout() improperly called by helium314.keyboard.latin.panels.BrowserPanelView{ba43936 V.E...... ........ 0,0-1440,2040} during second layout pass: posting in next frame
05-31 13:35:51.423 30332 30332 W View    : requestLayout() improperly called by helium314.keyboard.latin.panels.BrowserPanelView{ba43936 V.E...... ......I. 0,0-1440,2040} during layout: running second layout pass
05-31 13:35:51.428 30332 30332 W View    : requestLayout() improperly called by helium314.keyboard.latin.panels.BrowserPanelView{ba43936 V.E...... ........ 0,0-1440,2040} during second layout pass: posting in next frame
05-31 13:35:51.439 30332 30332 W View    : requestLayout() improperly called by helium314.keyboard.latin.panels.BrowserPanelView{ba43936 V.E...... ......I. 0,0-1440,2040} during layout: running second layout pass
05-31 13:35:51.445 30332 30332 W View    : requestLayout() improperly called by helium314.keyboard.latin.panels.BrowserPanelView{ba43936 V.E...... ........ 0,0-1440,2040} during second layout pass: posting in next frame
05-31 13:35:51.455 30332 30332 W View    : requestLayout() improperly called by helium314.keyboard.latin.panels.BrowserPanelView{ba43936 V.E...... ......I. 0,0-1440,2040} during layout: running second layout pass
05-31 13:35:51.459 30332 30332 W View    : requestLayout() improperly called by helium314.keyboard.latin.panels.BrowserPanelView{ba43936 V.E...... ........ 0,0-1440,2040} during second layout pass: posting in next frame
05-31 13:35:51.472 30332 30332 W View    : requestLayout() improperly called by helium314.keyboard.latin.panels.BrowserPanelView{ba43936 V.E...... ......I. 0,0-1440,2040} during layout: running second layout pass
05-31 13:35:51.478 30332 30332 W View    : requestLayout() improperly called by helium314.keyboard.latin.panels.BrowserPanelView{ba43936 V.E...... ........ 0,0-1440,2040} during second layout pass: posting in next frame
05-31 13:35:51.488 30332 30332 W View    : requestLayout() improperly called by helium314.keyboard.latin.panels.BrowserPanelView{ba43936 V.E...... ......I. 0,0-1440,2040} during layout: running second layout pass
05-31 13:35:51.494 30332 30332 W View    : requestLayout() improperly called by helium314.keyboard.latin.panels.BrowserPanelView{ba43936 V.E...... ........ 0,0-1440,2040} during second layout pass: posting in next frame
05-31 13:35:51.504 30332 30332 W View    : requestLayout() improperly called by helium314.keyboard.latin.panels.BrowserPanelView{ba43936 V.E...... ......ID 0,0-1440,2040} during layout: running second layout pass
05-31 13:35:51.512 30332 30332 W View    : requestLayout() improperly called by helium314.keyboard.latin.panels.BrowserPanelView{ba43936 V.E...... ........ 0,0-1440,2040} during second layout pass: posting in next frame
05-31 13:35:51.522 30332 30332 W View    : requestLayout() improperly called by helium314.keyboard.latin.panels.BrowserPanelView{ba43936 V.E...... ......ID 0,0-1440,2040} during layout: running second layout pass
05-31 13:35:51.539 30332 30332 W View    : requestLayout() improperly called by helium314.keyboard.latin.panels.BrowserPanelView{ba43936 V.E...... ........ 0,0-1440,2040} during second layout pass: posting in next frame
05-31 13:35:51.542 30332 30332 W View    : requestLayout() improperly called by helium314.keyboard.latin.panels.BrowserPanelView{ba43936 V.E...... ......ID 0,0-1440,2040} during layout: running second layout pass
05-31 13:35:51.554 30332 30332 W View    : requestLayout() improperly called by helium314.keyboard.latin.panels.BrowserPanelView{ba43936 V.E...... ........ 0,0-1440,2040} during second layout pass: posting in next frame
05-31 13:35:51.555 30332 30332 W GeckoEventDispatcher: No listener for GeckoView:DismissClipboardPermissionRequest
05-31 13:35:51.556 30332 30332 W GeckoEventDispatcher: No listener for GeckoView:DismissClipboardPermissionRequest
05-31 13:35:51.564 30332 30346 E BLASTBufferQueue: BLASTBufferItemConsumer::onDisconnect()
05-31 13:35:51.572 30332 30332 E GeckoView: Failed to detach WindowInsetsListener: 
05-31 13:35:51.572 30332 30332 E GeckoView: java.lang.NullPointerException: Attempt to invoke virtual method 'android.view.Window android.app.Activity.getWindow()' on a null object reference
05-31 13:35:51.572 30332 30332 E GeckoView: 	at org.mozilla.geckoview.GeckoView.detachWindowInsetsListener(r8-map-id-fb3ff54fd4615d79dce01c0c6781aca36777717ffd7254174006360d2cb3b111:1)
05-31 13:35:51.572 30332 30332 E GeckoView: 	at org.mozilla.geckoview.GeckoView.onDetachedFromWindow(r8-map-id-fb3ff54fd4615d79dce01c0c6781aca36777717ffd7254174006360d2cb3b111:25)
05-31 13:35:51.572 30332 30332 E GeckoView: 	at android.view.View.dispatchDetachedFromWindow(View.java:20955)
05-31 13:35:51.572 30332 30332 E GeckoView: 	at android.view.ViewGroup.dispatchDetachedFromWindow(ViewGroup.java:4014)
05-31 13:35:51.572 30332 30332 E GeckoView: 	at android.view.ViewGroup.removeViewInternal(ViewGroup.java:5660)
05-31 13:35:51.572 30332 30332 E GeckoView: 	at android.view.ViewGroup.removeViewInternal(ViewGroup.java:5631)
05-31 13:35:51.572 30332 30332 E GeckoView: 	at android.view.ViewGroup.removeView(ViewGroup.java:5562)
05-31 13:35:51.572 30332 30332 E GeckoView: 	at helium314.keyboard.latin.panels.BrowserPanelView.F(r8-map-id-fb3ff54fd4615d79dce01c0c6781aca36777717ffd7254174006360d2cb3b111:75)
05-31 13:35:51.572 30332 30332 E GeckoView: 	at helium314.keyboard.latin.panels.BrowserPanelView.I0(r8-map-id-fb3ff54fd4615d79dce01c0c6781aca36777717ffd7254174006360d2cb3b111:90)
05-31 13:35:51.572 30332 30332 E GeckoView: 	at g7.b0.r(r8-map-id-fb3ff54fd4615d79dce01c0c6781aca36777717ffd7254174006360d2cb3b111:149)
05-31 13:35:51.572 30332 30332 E GeckoView: 	at g7.b0.P(r8-map-id-fb3ff54fd4615d79dce01c0c6781aca36777717ffd7254174006360d2cb3b111:17)
05-31 13:35:51.572 30332 30332 E GeckoView: 	at y7.s3.a(r8-map-id-fb3ff54fd4615d79dce01c0c6781aca36777717ffd7254174006360d2cb3b111:3)
05-31 13:35:51.572 30332 30332 E GeckoView: 	at y7.f2.onClick(r8-map-id-fb3ff54fd4615d79dce01c0c6781aca36777717ffd7254174006360d2cb3b111:209)
05-31 13:35:51.572 30332 30332 E GeckoView: 	at android.view.View.performClick(View.java:7488)
05-31 13:35:51.572 30332 30332 E GeckoView: 	at android.view.View.performClickInternal(View.java:7464)
05-31 13:35:51.572 30332 30332 E GeckoView: 	at android.view.View.access$3700(View.java:841)
05-31 13:35:51.572 30332 30332 E GeckoView: 	at android.view.View$PerformClick.run(View.java:28911)
05-31 13:35:51.572 30332 30332 E GeckoView: 	at android.os.Handler.handleCallback(Handler.java:938)
05-31 13:35:51.572 30332 30332 E GeckoView: 	at android.os.Handler.dispatchMessage(Handler.java:99)
05-31 13:35:51.572 30332 30332 E GeckoView: 	at android.os.Looper.loopOnce(Looper.java:233)
05-31 13:35:51.572 30332 30332 E GeckoView: 	at android.os.Looper.loop(Looper.java:344)
05-31 13:35:51.572 30332 30332 E GeckoView: 	at android.app.ActivityThread.main(ActivityThread.java:8212)
05-31 13:35:51.572 30332 30332 E GeckoView: 	at java.lang.reflect.Method.invoke(Native Method)
05-31 13:35:51.572 30332 30332 E GeckoView: 	at com.android.internal.os.RuntimeInit$MethodAndArgsCaller.run(RuntimeInit.java:584)
05-31 13:35:51.572 30332 30332 E GeckoView: 	at com.android.internal.os.ZygoteInit.main(ZygoteInit.java:1034)
05-31 13:35:51.648 30332 30332 W View    : requestLayout() improperly called by helium314.keyboard.latin.panels.BrowserPanelView{ba43936 G.E...... ......ID 0,0-1440,2040} during second layout pass: posting in next frame
05-31 13:35:51.940 30748 30785 W Isolated Web Content: [JavaScript Warning: "Autoplay is only allowed when approved by the user, the site is activated by the user, or media is muted." {file: "https://www.foxnews.com/" line: 0}]
05-31 13:35:52.066 30332 30332 W com.vibekey.keyboard: type=1400 audit(0.0:39166): avc: denied { nlmsg_readpriv } for comm=536F636B657420546872656164 scontext=u:r:untrusted_app:s0:c10,c271,c512,c768 tcontext=u:r:untrusted_app:s0:c10,c271,c512,c768 tclass=netlink_route_socket permissive=0 bug=b/155595000 app=com.vibekey.keyboard
05-31 13:35:52.960 30748 30785 E Isolated Web Content: [JavaScript Error: "Cookie “_lr_env” has been rejected for invalid domain." {file: "https://www.foxnews.com/" line: 0}]
05-31 13:35:53.264 30748 30785 E Isolated Web Content: [JavaScript Error: "The Notification permission may only be requested from inside a short running user-generated event handler." {file: "https://www.foxnews.com/" line: 0}]
05-31 13:35:53.281 30332 30332 W GeckoSession: No history entries found.
05-31 13:35:53.298 30332 30332 W GeckoEventDispatcher: No listener for GeckoView:DismissClipboardPermissionRequest
05-31 13:35:53.367 30332 30332 W LayerDrawable: Invalid drawable added to LayerDrawable! Drawable already belongs to another owner but does not expose a constant state.
05-31 13:35:53.367 30332 30332 W LayerDrawable: java.lang.RuntimeException
05-31 13:35:53.367 30332 30332 W LayerDrawable: 	at android.graphics.drawable.LayerDrawable$ChildDrawable.<init>(LayerDrawable.java:1857)
05-31 13:35:53.367 30332 30332 W LayerDrawable: 	at android.graphics.drawable.LayerDrawable$LayerState.<init>(LayerDrawable.java:1977)
05-31 13:35:53.367 30332 30332 W LayerDrawable: 	at android.graphics.drawable.LayerDrawable.createConstantState(LayerDrawable.java:174)
05-31 13:35:53.367 30332 30332 W LayerDrawable: 	at android.graphics.drawable.LayerDrawable.mutate(LayerDrawable.java:1782)
05-31 13:35:53.367 30332 30332 W LayerDrawable: 	at y7.s3.j(r8-map-id-fb3ff54fd4615d79dce01c0c6781aca36777717ffd7254174006360d2cb3b111:83)
05-31 13:35:53.367 30332 30332 W LayerDrawable: 	at helium314.keyboard.latin.panels.MenuPanelView.k(r8-map-id-fb3ff54fd4615d79dce01c0c6781aca36777717ffd7254174006360d2cb3b111:36)
05-31 13:35:53.367 30332 30332 W LayerDrawable: 	at helium314.keyboard.latin.panels.MenuPanelView.r(r8-map-id-fb3ff54fd4615d79dce01c0c6781aca36777717ffd7254174006360d2cb3b111:358)
05-31 13:35:53.367 30332 30332 W LayerDrawable: 	at v7.b.u(r8-map-id-fb3ff54fd4615d79dce01c0c6781aca36777717ffd7254174006360d2cb3b111:199)
05-31 13:35:53.367 30332 30332 W LayerDrawable: 	at helium314.keyboard.latin.LatinIME.l(r8-map-id-fb3ff54fd4615d79dce01c0c6781aca36777717ffd7254174006360d2cb3b111:36)
05-31 13:35:53.367 30332 30332 W LayerDrawable: 	at g7.m.a(r8-map-id-fb3ff54fd4615d79dce01c0c6781aca36777717ffd7254174006360d2cb3b111:266)
05-31 13:35:53.367 30332 30332 W LayerDrawable: 	at helium314.keyboard.latin.suggestions.SuggestionStripView.onClick(r8-map-id-fb3ff54fd4615d79dce01c0c6781aca36777717ffd7254174006360d2cb3b111:45)
05-31 13:35:53.367 30332 30332 W LayerDrawable: 	at android.view.View.performClick(View.java:7488)
05-31 13:35:53.367 30332 30332 W LayerDrawable: 	at android.view.View.performClickInternal(View.java:7464)
05-31 13:35:53.367 30332 30332 W LayerDrawable: 	at android.view.View.access$3700(View.java:841)
05-31 13:35:53.367 30332 30332 W LayerDrawable: 	at android.view.View$PerformClick.run(View.java:28911)
05-31 13:35:53.367 30332 30332 W LayerDrawable: 	at android.os.Handler.handleCallback(Handler.java:938)
05-31 13:35:53.367 30332 30332 W LayerDrawable: 	at android.os.Handler.dispatchMessage(Handler.java:99)
05-31 13:35:53.367 30332 30332 W LayerDrawable: 	at android.os.Looper.loopOnce(Looper.java:233)
05-31 13:35:53.367 30332 30332 W LayerDrawable: 	at android.os.Looper.loop(Looper.java:344)
05-31 13:35:53.367 30332 30332 W LayerDrawable: 	at android.app.ActivityThread.main(ActivityThread.java:8212)
05-31 13:35:53.367 30332 30332 W LayerDrawable: 	at java.lang.reflect.Method.invoke(Native Method)
05-31 13:35:53.367 30332 30332 W LayerDrawable: 	at com.android.internal.os.RuntimeInit$MethodAndArgsCaller.run(RuntimeInit.java:584)
05-31 13:35:53.367 30332 30332 W LayerDrawable: 	at com.android.internal.os.ZygoteInit.main(ZygoteInit.java:1034)
05-31 13:35:53.368 30332 30332 W LayerDrawable: Invalid drawable added to LayerDrawable! Drawable already belongs to another owner but does not expose a constant state.
05-31 13:35:53.368 30332 30332 W LayerDrawable: java.lang.RuntimeException
05-31 13:35:53.368 30332 30332 W LayerDrawable: 	at android.graphics.drawable.LayerDrawable$ChildDrawable.<init>(LayerDrawable.java:1857)
05-31 13:35:53.368 30332 30332 W LayerDrawable: 	at android.graphics.drawable.LayerDrawable$LayerState.<init>(LayerDrawable.java:1977)
05-31 13:35:53.368 30332 30332 W LayerDrawable: 	at android.graphics.drawable.LayerDrawable.createConstantState(LayerDrawable.java:174)
05-31 13:35:53.368 30332 30332 W LayerDrawable: 	at android.graphics.drawable.LayerDrawable.mutate(LayerDrawable.java:1782)
05-31 13:35:53.368 30332 30332 W LayerDrawable: 	at y7.s3.j(r8-map-id-fb3ff54fd4615d79dce01c0c6781aca36777717ffd7254174006360d2cb3b111:83)
05-31 13:35:53.368 30332 30332 W LayerDrawable: 	at helium314.keyboard.latin.panels.MenuPanelView.k(r8-map-id-fb3ff54fd4615d79dce01c0c6781aca36777717ffd7254174006360d2cb3b111:36)
05-31 13:35:53.368 30332 30332 W LayerDrawable: 	at helium314.keyboard.latin.panels.MenuPanelView.r(r8-map-id-fb3ff54fd4615d79dce01c0c6781aca36777717ffd7254174006360d2cb3b111:358)
05-31 13:35:53.368 30332 30332 W LayerDrawable: 	at v7.b.u(r8-map-id-fb3ff54fd4615d79dce01c0c6781aca36777717ffd7254174006360d2cb3b111:199)
05-31 13:35:53.368 30332 30332 W LayerDrawable: 	at helium314.keyboard.latin.LatinIME.l(r8-map-id-fb3ff54fd4615d79dce01c0c6781aca36777717ffd7254174006360d2cb3b111:36)
05-31 13:35:53.368 30332 30332 W LayerDrawable: 	at g7.m.a(r8-map-id-fb3ff54fd4615d79dce01c0c6781aca36777717ffd7254174006360d2cb3b111:266)
05-31 13:35:53.368 30332 30332 W LayerDrawable: 	at helium314.keyboard.latin.suggestions.SuggestionStripView.onClick(r8-map-id-fb3ff54fd4615d79dce01c0c6781aca36777717ffd7254174006360d2cb3b111:45)
05-31 13:35:53.368 30332 30332 W LayerDrawable: 	at android.view.View.performClick(View.java:7488)
05-31 13:35:53.368 30332 30332 W LayerDrawable: 	at android.view.View.performClickInternal(View.java:7464)
05-31 13:35:53.368 30332 30332 W LayerDrawable: 	at android.view.View.access$3700(View.java:841)
05-31 13:35:53.368 30332 30332 W LayerDrawable: 	at android.view.View$PerformClick.run(View.java:28911)
05-31 13:35:53.368 30332 30332 W LayerDrawable: 	at android.os.Handler.handleCallback(Handler.java:938)
05-31 13:35:53.368 30332 30332 W LayerDrawable: 	at android.os.Handler.dispatchMessage(Handler.java:99)
05-31 13:35:53.368 30332 30332 W LayerDrawable: 	at android.os.Looper.loopOnce(Looper.java:233)
05-31 13:35:53.368 30332 30332 W LayerDrawable: 	at android.os.Looper.loop(Looper.java:344)
05-31 13:35:53.368 30332 30332 W LayerDrawable: 	at android.app.ActivityThread.main(ActivityThread.java:8212)
05-31 13:35:53.368 30332 30332 W LayerDrawable: 	at java.lang.reflect.Method.invoke(Native Method)
05-31 13:35:53.368 30332 30332 W LayerDrawable: 	at com.android.internal.os.RuntimeInit$MethodAndArgsCaller.run(RuntimeInit.java:584)
05-31 13:35:53.368 30332 30332 W LayerDrawable: 	at com.android.internal.os.ZygoteInit.main(ZygoteInit.java:1034)
05-31 13:35:53.369 30332 30332 W LayerDrawable: Invalid drawable added to LayerDrawable! Drawable already belongs to another owner but does not expose a constant state.
05-31 13:35:53.369 30332 30332 W LayerDrawable: java.lang.RuntimeException
05-31 13:35:53.369 30332 30332 W LayerDrawable: 	at android.graphics.drawable.LayerDrawable$ChildDrawable.<init>(LayerDrawable.java:1857)
05-31 13:35:53.369 30332 30332 W LayerDrawable: 	at android.graphics.drawable.LayerDrawable$LayerState.<init>(LayerDrawable.java:1977)
05-31 13:35:53.369 30332 30332 W LayerDrawable: 	at android.graphics.drawable.LayerDrawable.createConstantState(LayerDrawable.java:174)
05-31 13:35:53.369 30332 30332 W LayerDrawable: 	at android.graphics.drawable.LayerDrawable.mutate(LayerDrawable.java:1782)
05-31 13:35:53.369 30332 30332 W LayerDrawable: 	at y7.s3.j(r8-map-id-fb3ff54fd4615d79dce01c0c6781aca36777717ffd7254174006360d2cb3b111:83)
05-31 13:35:53.369 30332 30332 W LayerDrawable: 	at helium314.keyboard.latin.panels.MenuPanelView.k(r8-map-id-fb3ff54fd4615d79dce01c0c6781aca36777717ffd7254174006360d2cb3b111:36)
05-31 13:35:53.369 30332 30332 W LayerDrawable: 	at helium314.keyboard.latin.panels.MenuPanelView.r(r8-map-id-fb3ff54fd4615d79dce01c0c6781aca36777717ffd7254174006360d2cb3b111:358)
05-31 13:35:53.369 30332 30332 W LayerDrawable: 	at v7.b.u(r8-map-id-fb3ff54fd4615d79dce01c0c6781aca36777717ffd7254174006360d2cb3b111:199)
05-31 13:35:53.369 30332 30332 W LayerDrawable: 	at helium314.keyboard.latin.LatinIME.l(r8-map-id-fb3ff54fd4615d79dce01c0c6781aca36777717ffd7254174006360d2cb3b111:36)
05-31 13:35:53.369 30332 30332 W LayerDrawable: 	at g7.m.a(r8-map-id-fb3ff54fd4615d79dce01c0c6781aca36777717ffd7254174006360d2cb3b111:266)
05-31 13:35:53.369 30332 30332 W LayerDrawable: 	at helium314.keyboard.latin.suggestions.SuggestionStripView.onClick(r8-map-id-fb3ff54fd4615d79dce01c0c6781aca36777717ffd7254174006360d2cb3b111:45)
05-31 13:35:53.369 30332 30332 W LayerDrawable: 	at android.view.View.performClick(View.java:7488)
05-31 13:35:53.369 30332 30332 W LayerDrawable: 	at android.view.View.performClickInternal(View.java:7464)
05-31 13:35:53.369 30332 30332 W LayerDrawable: 	at android.view.View.access$3700(View.java:841)
05-31 13:35:53.369 30332 30332 W LayerDrawable: 	at android.view.View$PerformClick.run(View.java:28911)
05-31 13:35:53.369 30332 30332 W LayerDrawable: 	at android.os.Handler.handleCallback(Handler.java:938)
05-31 13:35:53.369 30332 30332 W LayerDrawable: 	at android.os.Handler.dispatchMessage(Handler.java:99)
05-31 13:35:53.369 30332 30332 W LayerDrawable: 	at android.os.Looper.loopOnce(Looper.java:233)
05-31 13:35:53.369 30332 30332 W LayerDrawable: 	at android.os.Looper.loop(Looper.java:344)
05-31 13:35:53.369 30332 30332 W LayerDrawable: 	at android.app.ActivityThread.main(ActivityThread.java:8212)
05-31 13:35:53.369 30332 30332 W LayerDrawable: 	at java.lang.reflect.Method.invoke(Native Method)
05-31 13:35:53.369 30332 30332 W LayerDrawable: 	at com.android.internal.os.RuntimeInit$MethodAndArgsCaller.run(RuntimeInit.java:584)
05-31 13:35:53.369 30332 30332 W LayerDrawable: 	at com.android.internal.os.ZygoteInit.main(ZygoteInit.java:1034)
05-31 13:35:53.370 30332 30332 W LayerDrawable: Invalid drawable added to LayerDrawable! Drawable already belongs to another owner but does not expose a constant state.
05-31 13:35:53.370 30332 30332 W LayerDrawable: java.lang.RuntimeException
05-31 13:35:53.370 30332 30332 W LayerDrawable: 	at android.graphics.drawable.LayerDrawable$ChildDrawable.<init>(LayerDrawable.java:1857)
05-31 13:35:53.370 30332 30332 W LayerDrawable: 	at android.graphics.drawable.LayerDrawable$LayerState.<init>(LayerDrawable.java:1977)
05-31 13:35:53.370 30332 30332 W LayerDrawable: 	at android.graphics.drawable.LayerDrawable.createConstantState(LayerDrawable.java:174)
05-31 13:35:53.370 30332 30332 W LayerDrawable: 	at android.graphics.drawable.LayerDrawable.mutate(LayerDrawable.java:1782)
05-31 13:35:53.370 30332 30332 W LayerDrawable: 	at y7.s3.j(r8-map-id-fb3ff54fd4615d79dce01c0c6781aca36777717ffd7254174006360d2cb3b111:83)
05-31 13:35:53.370 30332 30332 W LayerDrawable: 	at helium314.keyboard.latin.panels.MenuPanelView.k(r8-map-id-fb3ff54fd4615d79dce01c0c6781aca36777717ffd7254174006360d2cb3b111:36)
05-31 13:35:53.370 30332 30332 W LayerDrawable: 	at helium314.keyboard.latin.panels.MenuPanelView.r(r8-map-id-fb3ff54fd4615d79dce01c0c6781aca36777717ffd7254174006360d2cb3b111:358)
05-31 13:35:53.370 30332 30332 W LayerDrawable: 	at v7.b.u(r8-map-id-fb3ff54fd4615d79dce01c0c6781aca36777717ffd7254174006360d2cb3b111:199)
05-31 13:35:53.370 30332 30332 W LayerDrawable: 	at helium314.keyboard.latin.LatinIME.l(r8-map-id-fb3ff54fd4615d79dce01c0c6781aca36777717ffd7254174006360d2cb3b111:36)
05-31 13:35:53.370 30332 30332 W LayerDrawable: 	at g7.m.a(r8-map-id-fb3ff54fd4615d79dce01c0c6781aca36777717ffd7254174006360d2cb3b111:266)
05-31 13:35:53.370 30332 30332 W LayerDrawable: 	at helium314.keyboard.latin.suggestions.SuggestionStripView.onClick(r8-map-id-fb3ff54fd4615d79dce01c0c6781aca36777717ffd7254174006360d2cb3b111:45)
05-31 13:35:53.370 30332 30332 W LayerDrawable: 	at android.view.View.performClick(View.java:7488)
05-31 13:35:53.370 30332 30332 W LayerDrawable: 	at android.view.View.performClickInternal(View.java:7464)
05-31 13:35:53.370 30332 30332 W LayerDrawable: 	at android.view.View.access$3700(View.java:841)
05-31 13:35:53.370 30332 30332 W LayerDrawable: 	at android.view.View$PerformClick.run(View.java:28911)
05-31 13:35:53.370 30332 30332 W LayerDrawable: 	at android.os.Handler.handleCallback(Handler.java:938)
05-31 13:35:53.370 30332 30332 W LayerDrawable: 	at android.os.Handler.dispatchMessage(Handler.java:99)
05-31 13:35:53.370 30332 30332 W LayerDrawable: 	at android.os.Looper.loopOnce(Looper.java:233)
05-31 13:35:53.370 30332 30332 W LayerDrawable: 	at android.os.Looper.loop(Looper.java:344)
05-31 13:35:53.370 30332 30332 W LayerDrawable: 	at android.app.ActivityThread.main(ActivityThread.java:8212)
05-31 13:35:53.370 30332 30332 W LayerDrawable: 	at java.lang.reflect.Method.invoke(Native Method)
05-31 13:35:53.370 30332 30332 W LayerDrawable: 	at com.android.internal.os.RuntimeInit$MethodAndArgsCaller.run(RuntimeInit.java:584)
05-31 13:35:53.370 30332 30332 W LayerDrawable: 	at com.android.internal.os.ZygoteInit.main(ZygoteInit.java:1034)
05-31 13:35:53.370 30332 30332 W LayerDrawable: Invalid drawable added to LayerDrawable! Drawable already belongs to another owner but does not expose a constant state.
05-31 13:35:53.370 30332 30332 W LayerDrawable: java.lang.RuntimeException
05-31 13:35:53.370 30332 30332 W LayerDrawable: 	at android.graphics.drawable.LayerDrawable$ChildDrawable.<init>(LayerDrawable.java:1857)
05-31 13:35:53.370 30332 30332 W LayerDrawable: 	at android.graphics.drawable.LayerDrawable$LayerState.<init>(LayerDrawable.java:1977)
05-31 13:35:53.370 30332 30332 W LayerDrawable: 	at android.graphics.drawable.LayerDrawable.createConstantState(LayerDrawable.java:174)
05-31 13:35:53.370 30332 30332 W LayerDrawable: 	at android.graphics.drawable.LayerDrawable.mutate(LayerDrawable.java:1782)
05-31 13:35:53.370 30332 30332 W LayerDrawable: 	at y7.s3.j(r8-map-id-fb3ff54fd4615d79dce01c0c6781aca36777717ffd7254174006360d2cb3b111:83)
05-31 13:35:53.370 30332 30332 W LayerDrawable: 	at helium314.keyboard.latin.panels.MenuPanelView.k(r8-map-id-fb3ff54fd4615d79dce01c0c6781aca36777717ffd7254174006360d2cb3b111:36)
05-31 13:35:53.370 30332 30332 W LayerDrawable: 	at helium314.keyboard.latin.panels.MenuPanelView.r(r8-map-id-fb3ff54fd4615d79dce01c0c6781aca36777717ffd7254174006360d2cb3b111:400)
05-31 13:35:53.370 30332 30332 W LayerDrawable: 	at v7.b.u(r8-map-id-fb3ff54fd4615d79dce01c0c6781aca36777717ffd7254174006360d2cb3b111:199)
05-31 13:35:53.370 30332 30332 W LayerDrawable: 	at helium314.keyboard.latin.LatinIME.l(r8-map-id-fb3ff54fd4615d79dce01c0c6781aca36777717ffd7254174006360d2cb3b111:36)
05-31 13:35:53.370 30332 30332 W LayerDrawable: 	at g7.m.a(r8-map-id-fb3ff54fd4615d79dce01c0c6781aca36777717ffd7254174006360d2cb3b111:266)
05-31 13:35:53.370 30332 30332 W LayerDrawable: 	at helium314.keyboard.latin.suggestions.SuggestionStripView.onClick(r8-map-id-fb3ff54fd4615d79dce01c0c6781aca36777717ffd7254174006360d2cb3b111:45)
05-31 13:35:53.370 30332 30332 W LayerDrawable: 	at android.view.View.performClick(View.java:7488)
05-31 13:35:53.370 30332 30332 W LayerDrawable: 	at android.view.View.performClickInternal(View.java:7464)
05-31 13:35:53.370 30332 30332 W LayerDrawable: 	at android.view.View.access$3700(View.java:841)
05-31 13:35:53.370 30332 30332 W LayerDrawable: 	at android.view.View$PerformClick.run(View.java:28911)
05-31 13:35:53.370 30332 30332 W LayerDrawable: 	at android.os.Handler.handleCallback(Handler.java:938)
05-31 13:35:53.370 30332 30332 W LayerDrawable: 	at android.os.Handler.dispatchMessage(Handler.java:99)
05-31 13:35:53.370 30332 30332 W LayerDrawable: 	at android.os.Looper.loopOnce(Looper.java:233)
05-31 13:35:53.370 30332 30332 W LayerDrawable: 	at android.os.Looper.loop(Looper.java:344)
05-31 13:35:53.370 30332 30332 W LayerDrawable: 	at android.app.ActivityThread.main(ActivityThread.java:8212)
05-31 13:35:53.370 30332 30332 W LayerDrawable: 	at java.lang.reflect.Method.invoke(Native Method)
05-31 13:35:53.370 30332 30332 W LayerDrawable: 	at com.android.internal.os.RuntimeInit$MethodAndArgsCaller.run(RuntimeInit.java:584)
05-31 13:35:53.370 30332 30332 W LayerDrawable: 	at com.android.internal.os.ZygoteInit.main(ZygoteInit.java:1034)
05-31 13:35:53.371 30332 30332 W LayerDrawable: Invalid drawable added to LayerDrawable! Drawable already belongs to another owner but does not expose a constant state.
05-31 13:35:53.371 30332 30332 W LayerDrawable: java.lang.RuntimeException
05-31 13:35:53.371 30332 30332 W LayerDrawable: 	at android.graphics.drawable.LayerDrawable$ChildDrawable.<init>(LayerDrawable.java:1857)
05-31 13:35:53.371 30332 30332 W LayerDrawable: 	at android.graphics.drawable.LayerDrawable$LayerState.<init>(LayerDrawable.java:1977)
