05-31 11:30:50.601 18114 18114 E libcrashpad_handler_trampoline.so: createInstance(64bit) : createExtendedFactory
05-31 11:30:50.601 18114 18114 E libcrashpad_handler_trampoline.so: Opened libinputextensionsimpl.so
05-31 11:30:50.601 18114 18114 E libcrashpad_handler_trampoline.so: Opened libinputextensionsimpl.so
05-31 11:30:50.603 18114 18114 E libcrashpad_handler_trampoline.so: createInstance(64bit) : createExtendedFactory
05-31 11:30:50.603 18114 18114 E libcrashpad_handler_trampoline.so: createInstance(64bit) : createExtendedFactory
05-31 11:30:50.603 18114 18114 E libcrashpad_handler_trampoline.so: Opened libsensorextimpl.so
05-31 11:30:50.603 18114 18114 E libcrashpad_handler_trampoline.so: Opened libsensorextimpl.so
05-31 11:30:50.718 17758 17795 W VibeKeyProfiler: Slow Kotlin Suggest: Total=153.09ms | locales=3 | typedLen=8 | candidates=18 parallelWait=152.81ms
05-31 11:30:50.759 18114 18114 E chromium: [0531/113050.758729:ERROR:third_party/crashpad/crashpad/util/process/process_memory_range.cc:75] read out of range
05-31 11:30:50.933 17758 18055 F libc    : Fatal signal 7 (SIGBUS), code 2 (BUS_ADRERR), fault addr 0x7798fd808c in tid 18055 (DefaultDispatch), pid 17758 (AndroidUI)
05-31 11:30:51.035 17758 18054 W VibeKeyProfiler: Slow Native Suggest: Total=11.03ms | Init=0.11ms | TrieExpand(x6)=10.85ms | Scoring=0.07ms | inputSize=9
05-31 11:30:51.036 17758 17795 W VibeKeyProfiler: Slow Kotlin Suggest: Total=18.38ms | locales=3 | typedLen=9 | candidates=18 parallelWait=18.24ms
05-31 11:30:51.237 18121 18121 E DEBUG   : failed to read /proc/uptime: Permission denied
05-31 11:30:51.335 17758 18051 W VibeKeyProfiler: Slow Native Suggest: Total=18.18ms | Init=0.44ms | TrieExpand(x6)=17.63ms | Scoring=0.11ms | inputSize=10
05-31 11:30:51.337 17758 17795 W VibeKeyProfiler: Slow Kotlin Suggest: Total=24.25ms | locales=3 | typedLen=10 | candidates=18 parallelWait=24.12ms
05-31 11:30:52.408 18121 18121 F DEBUG   : Process name is com.vibekey.keyboard, not key_process
05-31 11:30:52.409 18121 18121 F DEBUG   : keyProcess: 0
05-31 11:30:52.409 18121 18121 F DEBUG   : *** *** *** *** *** *** *** *** *** *** *** *** *** *** *** ***
05-31 11:30:52.409 18121 18121 F DEBUG   : Build fingerprint: 'OnePlus/OnePlus7Pro/OnePlus7Pro:12/SKQ1.211113.001/P.202303230244:user/release-keys'
05-31 11:30:52.409 18121 18121 F DEBUG   : Revision: '0'
05-31 11:30:52.409 18121 18121 F DEBUG   : ABI: 'arm64'
05-31 11:30:52.409 18121 18121 F DEBUG   : Timestamp: 2026-05-31 11:30:51.236682274-0400
05-31 11:30:52.409 18121 18121 F DEBUG   : Process uptime: 0s
05-31 11:30:52.409 18121 18121 F DEBUG   : Cmdline: com.vibekey.keyboard
05-31 11:30:52.409 18121 18121 F DEBUG   : pid: 17758, tid: 18055, name: DefaultDispatch  >>> com.vibekey.keyboard <<<
05-31 11:30:52.409 18121 18121 F DEBUG   : uid: 13847
05-31 11:30:52.409 18121 18121 F DEBUG   : signal 7 (SIGBUS), code 2 (BUS_ADRERR), fault addr 0x7798fd808c
05-31 11:30:52.409 18121 18121 F DEBUG   :     x0  0000000000000000  x1  0000000000004687  x2  0000000000000007  x3  0000007795135da0
05-31 11:30:52.409 18121 18121 F DEBUG   :     x4  00000077951356a8  x5  00000077951356a8  x6  00000077951356a8  x7  0000000000000000
05-31 11:30:52.409 18121 18121 F DEBUG   :     x8  00000000000000f0  x9  4bc237a8fa2bc0c7  x10 0000000000004001  x11 0000000000000000
05-31 11:30:52.409 18121 18121 F DEBUG   :     x12 00000000ffffffff  x13 0000000000000000  x14 00000000356e510b  x15 000000779900db60
05-31 11:30:52.409 18121 18121 F DEBUG   :     x16 000000772b451410  x17 0000007834f35f10  x18 0000007417370000  x19 0000000000000007
05-31 11:30:52.409 18121 18121 F DEBUG   :     x20 0000007795135da0  x21 000000000000455e  x22 0000007795135d00  x23 0000000000000001
05-31 11:30:52.409 18121 18121 F DEBUG   :     x24 b4000074297b10b0  x25 0000000000000001  x26 0000000000000780  x27 b4000074292a5000
05-31 11:30:52.409 18121 18121 F DEBUG   :     x28 0000000000000000  x29 0000007795135d20
05-31 11:30:52.409 18121 18121 F DEBUG   :     lr  0000007725679da0  sp  0000007795135d00  pc  0000007834f35f34  pst 0000000000000000
05-31 11:30:52.409 18121 18121 F DEBUG   : backtrace:
05-31 11:30:52.409 18121 18121 F DEBUG   :       #00 pc 0000000000075f34  /apex/com.android.runtime/lib64/bionic/libc.so (syscall+36) (BuildId: bbbdeb7c87c74f1491f92c6e605095b0)
05-31 11:30:52.409 18121 18121 F DEBUG   :       #01 pc 0000000004062d9c  /data/app/~~0vURfNRJhP5qOxDjXMAdJA==/com.google.android.webview-1jICq8A_gawMkQD3QY60ZA==/base.apk!libwebviewchromium.so (BuildId: 6830cf8493d489d274dd2200dc390799760c2507)
05-31 11:30:52.409 18121 18121 F DEBUG   :       #02 pc 0000000004059518  /data/app/~~0vURfNRJhP5qOxDjXMAdJA==/com.google.android.webview-1jICq8A_gawMkQD3QY60ZA==/base.apk!libwebviewchromium.so (BuildId: 6830cf8493d489d274dd2200dc390799760c2507)
05-31 11:30:52.409 18121 18121 F DEBUG   :       #03 pc 0000000000000638  [vdso] (__kernel_rt_sigreturn+0)
05-31 11:30:52.409 18121 18121 F DEBUG   :       #04 pc 00000000000b623c  /data/app/~~w2CdYsZ90Ab7BnRX8XJqQw==/com.vibekey.keyboard-YCbzRZBovpDukBmsj7LbFA==/lib/arm64/libjni_latinime.so (latinime::PatriciaTrieReadingUtils::getPtNodeArraySizeAndAdvancePosition(unsigned char const*, int*)+8) (BuildId: bc353d870251331ea1b0fc9e05edd4cd4c6c49dc)
05-31 11:30:52.409 18121 18121 F DEBUG   :       #05 pc 00000000000b6b50  /data/app/~~w2CdYsZ90Ab7BnRX8XJqQw==/com.vibekey.keyboard-YCbzRZBovpDukBmsj7LbFA==/lib/arm64/libjni_latinime.so (latinime::PatriciaTriePolicy::createAndGetAllChildDicNodes(latinime::DicNode const*, latinime::DicNodeVector*) const+108) (BuildId: bc353d870251331ea1b0fc9e05edd4cd4c6c49dc)
05-31 11:30:52.409 18121 18121 F DEBUG   :       #06 pc 00000000000d52c4  /data/app/~~w2CdYsZ90Ab7BnRX8XJqQw==/com.vibekey.keyboard-YCbzRZBovpDukBmsj7LbFA==/lib/arm64/libjni_latinime.so (latinime::Suggest::processDicNodeAsInsertion(latinime::DicTraverseSession*, latinime::DicNode*) const+88) (BuildId: bc353d870251331ea1b0fc9e05edd4cd4c6c49dc)
05-31 11:30:52.409 18121 18121 F DEBUG   :       #07 pc 00000000000d4734  /data/app/~~w2CdYsZ90Ab7BnRX8XJqQw==/com.vibekey.keyboard-YCbzRZBovpDukBmsj7LbFA==/lib/arm64/libjni_latinime.so (latinime::Suggest::expandCurrentDicNodes(latinime::DicTraverseSession*) const+1280) (BuildId: bc353d870251331ea1b0fc9e05edd4cd4c6c49dc)
05-31 11:30:52.409 18121 18121 F DEBUG   :       #08 pc 00000000000d3a7c  /data/app/~~w2CdYsZ90Ab7BnRX8XJqQw==/com.vibekey.keyboard-YCbzRZBovpDukBmsj7LbFA==/lib/arm64/libjni_latinime.so (latinime::Suggest::getSuggestions(latinime::ProximityInfo*, void*, int*, int*, int*, int*, int*, int, float, latinime::SuggestionResults*) const+504) (BuildId: bc353d870251331ea1b0fc9e05edd4cd4c6c49dc)
05-31 11:30:52.409 18121 18121 F DEBUG   :       #09 pc 000000000009fd58  /data/app/~~w2CdYsZ90Ab7BnRX8XJqQw==/com.vibekey.keyboard-YCbzRZBovpDukBmsj7LbFA==/lib/arm64/libjni_latinime.so (BuildId: bc353d870251331ea1b0fc9e05edd4cd4c6c49dc)
05-31 11:30:52.409 18121 18121 F DEBUG   :       #10 pc 00000000002c2100  /apex/com.android.art/lib64/libart.so (art_quick_generic_jni_trampoline+144) (BuildId: 7087b2f2160bfbf3335d54ba9779e325)
05-31 11:30:52.409 18121 18121 F DEBUG   :       #11 pc 00000000006692dc  /apex/com.android.art/lib64/libart.so (nterp_helper+3852) (BuildId: 7087b2f2160bfbf3335d54ba9779e325)
05-31 11:30:52.409 18121 18121 F DEBUG   :       #12 pc 00000000002383f6  /data/app/~~w2CdYsZ90Ab7BnRX8XJqQw==/com.vibekey.keyboard-YCbzRZBovpDukBmsj7LbFA==/oat/arm64/base.vdex (com.android.inputmethod.latin.BinaryDictionary.d+546)
05-31 11:30:52.409 18121 18121 F DEBUG   :       #13 pc 0000000000669a28  /apex/com.android.art/lib64/libart.so (nterp_helper+5720) (BuildId: 7087b2f2160bfbf3335d54ba9779e325)
05-31 11:30:52.409 18121 18121 F DEBUG   :       #14 pc 0000000000abef2a  /data/app/~~w2CdYsZ90Ab7BnRX8XJqQw==/com.vibekey.keyboard-YCbzRZBovpDukBmsj7LbFA==/oat/arm64/base.vdex (t7.l.d+50)
05-31 11:30:52.409 18121 18121 F DEBUG   :       #15 pc 0000000000669a28  /apex/com.android.art/lib64/libart.so (nterp_helper+5720) (BuildId: 7087b2f2160bfbf3335d54ba9779e325)
05-31 11:30:52.409 18121 18121 F DEBUG   :       #16 pc 0000000000abdf3a  /data/app/~~w2CdYsZ90Ab7BnRX8XJqQw==/com.vibekey.keyboard-YCbzRZBovpDukBmsj7LbFA==/oat/arm64/base.vdex (t7.e.d+150)
05-31 11:30:52.409 18121 18121 F DEBUG   :       #17 pc 0000000000669a28  /apex/com.android.art/lib64/libart.so (nterp_helper+5720) (BuildId: 7087b2f2160bfbf3335d54ba9779e325)
05-31 11:30:52.409 18121 18121 F DEBUG   :       #18 pc 00000000005a1e2c  /data/app/~~w2CdYsZ90Ab7BnRX8XJqQw==/com.vibekey.keyboard-YCbzRZBovpDukBmsj7LbFA==/oat/arm64/base.vdex (n7.p.h+216)
05-31 11:30:52.409 18121 18121 F DEBUG   :       #19 pc 0000000000669a28  /apex/com.android.art/lib64/libart.so (nterp_helper+5720) (BuildId: 7087b2f2160bfbf3335d54ba9779e325)
05-31 11:30:52.409 18121 18121 F DEBUG   :       #20 pc 00000000005a1636  /data/app/~~w2CdYsZ90Ab7BnRX8XJqQw==/com.vibekey.keyboard-YCbzRZBovpDukBmsj7LbFA==/oat/arm64/base.vdex (n7.o.invokeSuspend+74)
05-31 11:30:52.409 18121 18121 F DEBUG   :       #21 pc 0000000000669324  /apex/com.android.art/lib64/libart.so (nterp_helper+3924) (BuildId: 7087b2f2160bfbf3335d54ba9779e325)
05-31 11:30:52.409 18121 18121 F DEBUG   :       #22 pc 0000000000abf480  /data/app/~~w2CdYsZ90Ab7BnRX8XJqQw==/com.vibekey.keyboard-YCbzRZBovpDukBmsj7LbFA==/oat/arm64/base.vdex (t8.a.resumeWith+16)
05-31 11:30:52.409 18121 18121 F DEBUG   :       #23 pc 000000000066a144  /apex/com.android.art/lib64/libart.so (nterp_helper+7540) (BuildId: 7087b2f2160bfbf3335d54ba9779e325)
05-31 11:30:52.409 18121 18121 F DEBUG   :       #24 pc 0000000000a3ab54  /data/app/~~w2CdYsZ90Ab7BnRX8XJqQw==/com.vibekey.keyboard-YCbzRZBovpDukBmsj7LbFA==/oat/arm64/base.vdex (m9.h0.run+228)
05-31 11:30:52.409 18121 18121 F DEBUG   :       #25 pc 000000000066a144  /apex/com.android.art/lib64/libart.so (nterp_helper+7540) (BuildId: 7087b2f2160bfbf3335d54ba9779e325)
05-31 11:30:52.409 18121 18121 F DEBUG   :       #26 pc 0000000000abff36  /data/app/~~w2CdYsZ90Ab7BnRX8XJqQw==/com.vibekey.keyboard-YCbzRZBovpDukBmsj7LbFA==/oat/arm64/base.vdex (t9.a.run+234)
05-31 11:30:52.409 18121 18121 F DEBUG   :       #27 pc 00000000002aad94  /apex/com.android.art/lib64/libart.so (art_quick_invoke_stub+612) (BuildId: 7087b2f2160bfbf3335d54ba9779e325)
05-31 11:30:52.409 18121 18121 F DEBUG   :       #28 pc 00000000002707ac  /apex/com.android.art/lib64/libart.so (art::ArtMethod::Invoke(art::Thread*, unsigned int*, unsigned int, art::JValue*, char const*)+220) (BuildId: 7087b2f2160bfbf3335d54ba9779e325)
05-31 11:30:52.409 18121 18121 F DEBUG   :       #29 pc 00000000004bdc28  /apex/com.android.art/lib64/libart.so (art::Thread::CreateCallback(void*)+1184) (BuildId: 7087b2f2160bfbf3335d54ba9779e325)
05-31 11:30:52.409 18121 18121 F DEBUG   :       #30 pc 00000000000deb44  /apex/com.android.runtime/lib64/bionic/libc.so (__pthread_start(void*)+264) (BuildId: bbbdeb7c87c74f1491f92c6e605095b0)
05-31 11:30:52.409 18121 18121 F DEBUG   :       #31 pc 000000000007b2fc  /apex/com.android.runtime/lib64/bionic/libc.so (__start_thread+68) (BuildId: bbbdeb7c87c74f1491f92c6e605095b0)
05-31 11:30:53.878 18144 18144 E ibekey.keyboar: Unknown bits set in runtime_flags: 0x40000000
05-31 11:30:54.018 18144 18144 W f0      : Could not load system glide typing library jni_latinimegoogle: dlopen failed: library "libjni_latinimegoogle.so" not found
05-31 11:30:54.098 18144 18144 W u       : No editor info for this field. Bug?
05-31 11:30:54.138 18144 18144 W ibekey.keyboar: ClassLoaderContext classpath size mismatch. expected=1, found=0 (DLC[];PCL[base.apk*4009363210]{PCL[/system/framework/org.apache.http.legacy.jar*3034548894]#PCL[/apex/com.android.extservices/javalib/android.ext.adservices.jar*3839736497]#PCL[/system/framework/com.android.location.provider.jar*3633238672]#PCL[/system/framework/com.android.media.remotedisplay.jar*3472798123]#PCL[/apex/com.android.extservices/javalib/android.ext.adservices.jar*3839736497]} | DLC[];PCL[])
05-31 11:30:54.145 18144 18144 W System  : ClassLoader referenced unknown path: 
05-31 11:30:54.149 18144 18144 W ibekey.keyboar: ClassLoaderContext classpath element checksum mismatch. expected=4009363210, found=2791395536 (DLC[];PCL[base.apk*4009363210]{PCL[/system/framework/org.apache.http.legacy.jar*3034548894]#PCL[/apex/com.android.extservices/javalib/android.ext.adservices.jar*3839736497]#PCL[/system/framework/com.android.location.provider.jar*3633238672]#PCL[/system/framework/com.android.media.remotedisplay.jar*3472798123]#PCL[/apex/com.android.extservices/javalib/android.ext.adservices.jar*3839736497]} | DLC[];PCL[/data/app/~~w2CdYsZ90Ab7BnRX8XJqQw==/com.vibekey.keyboard-YCbzRZBovpDukBmsj7LbFA==/base.apk*2791395536]{PCL[/apex/com.android.extservices/javalib/android.ext.adservices.jar*3839736497]})
05-31 11:30:54.214 18144 18144 E ibekey.keyboar: ofbOpen failed with error=No such file or directory
05-31 11:30:54.214 18144 18144 E ibekey.keyboar: sysOpen failed with error=No such file or directory
05-31 11:30:54.240 18144 18208 W Ads     : Update ad debug logging enablement as false
05-31 11:30:54.266 18144 18144 E MultiApp.Impl: OplusMultiAppImpl
05-31 11:30:54.331 18144 18144 W libc    : Access denied finding property "ro.vendor.api_level"
05-31 11:30:54.333 18144 18144 W chromium: [WARNING:android_webview/browser/network_service/net_helpers.cc:137] HTTP Cache size is: 20971520
05-31 11:30:54.406 18144 18144 E OplusCustomizeRestrictionManager: sInstance is null, start a new sInstance
05-31 11:30:54.408 18144 18271 W libc    : Access denied finding property "vendor.camera.aux.packagelist"
05-31 11:30:54.409 18144 18271 W libc    : Access denied finding property "vendor.camera.aux.packagelist"
05-31 11:30:54.412 18144 18226 W libc    : Access denied finding property "vendor.camera.aux.packagelist"
05-31 11:30:54.429 18144 18211 E ibekey.keyboar: Attempt to load writable dex file: /data/user/0/com.vibekey.keyboard/app_pccache/5/56714EC4B397821146ACB6EC79A53312EEB47CCA/pcam.jar
05-31 11:30:54.433 18144 18144 W AdWorker(Defaul: type=1400 audit(0.0:31947): avc: granted { execute } for path="/data/data/com.vibekey.keyboard/app_pccache/5/56714EC4B397821146ACB6EC79A53312EEB47CCA/pcam.jar" dev="dm-2" ino=789149 scontext=u:r:untrusted_app:s0:c7,c271,c512,c768 tcontext=u:object_r:app_data_file:s0:c7,c271,c512,c768 tclass=file app=com.vibekey.keyboard
05-31 11:30:54.486 18144 18210 W Ads     : Invoke Firebase method getInstance error.
05-31 11:30:54.486 18144 18210 W Ads     : The Google Mobile Ads SDK will not integrate with Firebase. Admob/Firebase integration requires the latest Firebase SDK jar, but Firebase SDK is either missing or out of date
05-31 11:30:54.499 18144 18272 W ServiceBindIntentUtils: Dynamic lookup for intent failed for action: com.google.android.gms.ads.service.CACHE
05-31 11:30:54.593 18144 18144 W LayerDrawable: Invalid drawable added to LayerDrawable! Drawable already belongs to another owner but does not expose a constant state.
05-31 11:30:54.593 18144 18144 W LayerDrawable: java.lang.RuntimeException
05-31 11:30:54.593 18144 18144 W LayerDrawable: 	at android.graphics.drawable.LayerDrawable$ChildDrawable.<init>(LayerDrawable.java:1857)
05-31 11:30:54.593 18144 18144 W LayerDrawable: 	at android.graphics.drawable.LayerDrawable$LayerState.<init>(LayerDrawable.java:1977)
05-31 11:30:54.593 18144 18144 W LayerDrawable: 	at android.graphics.drawable.LayerDrawable.createConstantState(LayerDrawable.java:174)
05-31 11:30:54.593 18144 18144 W LayerDrawable: 	at android.graphics.drawable.LayerDrawable.mutate(LayerDrawable.java:1782)
05-31 11:30:54.593 18144 18144 W LayerDrawable: 	at y7.r3.j(r8-map-id-017af8926fce1dc0ad65912574719f65206f610252a0ea8190fe010c9cd2c4a0:83)
05-31 11:30:54.593 18144 18144 W LayerDrawable: 	at helium314.keyboard.latin.panels.AiThemePanelView.f(r8-map-id-017af8926fce1dc0ad65912574719f65206f610252a0ea8190fe010c9cd2c4a0:185)
05-31 11:30:54.593 18144 18144 W LayerDrawable: 	at helium314.keyboard.latin.panels.AiThemePanelView.T(r8-map-id-017af8926fce1dc0ad65912574719f65206f610252a0ea8190fe010c9cd2c4a0:88)
05-31 11:30:54.593 18144 18144 W LayerDrawable: 	at helium314.keyboard.latin.panels.AiThemePanelView.S(r8-map-id-017af8926fce1dc0ad65912574719f65206f610252a0ea8190fe010c9cd2c4a0:53)
05-31 11:30:54.593 18144 18144 W LayerDrawable: 	at g7.b0.r(r8-map-id-017af8926fce1dc0ad65912574719f65206f610252a0ea8190fe010c9cd2c4a0:192)
05-31 11:30:54.593 18144 18144 W LayerDrawable: 	at g7.b0.U(r8-map-id-017af8926fce1dc0ad65912574719f65206f610252a0ea8190fe010c9cd2c4a0:53)
05-31 11:30:54.593 18144 18144 W LayerDrawable: 	at g7.b0.R(r8-map-id-017af8926fce1dc0ad65912574719f65206f610252a0ea8190fe010c9cd2c4a0:3)
05-31 11:30:54.593 18144 18144 W LayerDrawable: 	at k7.o0.c(r8-map-id-017af8926fce1dc0ad65912574719f65206f610252a0ea8190fe010c9cd2c4a0:12)
05-31 11:30:54.593 18144 18144 W LayerDrawable: 	at k7.o0.b(r8-map-id-017af8926fce1dc0ad65912574719f65206f610252a0ea8190fe010c9cd2c4a0:51)
05-31 11:30:54.593 18144 18144 W LayerDrawable: 	at g7.b0.w(r8-map-id-017af8926fce1dc0ad65912574719f65206f610252a0ea8190fe010c9cd2c4a0:91)
05-31 11:30:54.593 18144 18144 W LayerDrawable: 	at g7.b0.H(r8-map-id-017af8926fce1dc0ad65912574719f65206f610252a0ea8190fe010c9cd2c4a0:30)
05-31 11:30:54.593 18144 18144 W LayerDrawable: 	at helium314.keyboard.latin.LatinIME.onStartInputView(r8-map-id-017af8926fce1dc0ad65912574719f65206f610252a0ea8190fe010c9cd2c4a0:926)
05-31 11:30:54.593 18144 18144 W LayerDrawable: 	at android.inputmethodservice.InputMethodService.startViews(InputMethodService.java:2400)
05-31 11:30:54.593 18144 18144 W LayerDrawable: 	at android.inputmethodservice.InputMethodService.showWindow(InputMethodService.java:2341)
05-31 11:30:54.593 18144 18144 W LayerDrawable: 	at android.inputmethodservice.InputMethodService$InputMethodImpl.showSoftInput(InputMethodService.java:848)
05-31 11:30:54.593 18144 18144 W LayerDrawable: 	at android.inputmethodservice.InputMethodService$InputMethodImpl.showSoftInputWithToken(InputMethodService.java:817)
05-31 11:30:54.593 18144 18144 W LayerDrawable: 	at android.inputmethodservice.IInputMethodWrapper.executeMessage(IInputMethodWrapper.java:225)
05-31 11:30:54.593 18144 18144 W LayerDrawable: 	at com.android.internal.os.HandlerCaller$MyHandler.handleMessage(HandlerCaller.java:44)
05-31 11:30:54.593 18144 18144 W LayerDrawable: 	at android.os.Handler.dispatchMessage(Handler.java:106)
05-31 11:30:54.593 18144 18144 W LayerDrawable: 	at android.os.Looper.loopOnce(Looper.java:233)
05-31 11:30:54.593 18144 18144 W LayerDrawable: 	at android.os.Looper.loop(Looper.java:344)
05-31 11:30:54.593 18144 18144 W LayerDrawable: 	at android.app.ActivityThread.main(ActivityThread.java:8212)
05-31 11:30:54.593 18144 18144 W LayerDrawable: 	at java.lang.reflect.Method.invoke(Native Method)
05-31 11:30:54.593 18144 18144 W LayerDrawable: 	at com.android.internal.os.RuntimeInit$MethodAndArgsCaller.run(RuntimeInit.java:584)
05-31 11:30:54.593 18144 18144 W LayerDrawable: 	at com.android.internal.os.ZygoteInit.main(ZygoteInit.java:1034)
05-31 11:30:54.593 18144 18144 W LayerDrawable: Invalid drawable added to LayerDrawable! Drawable already belongs to another owner but does not expose a constant state.
05-31 11:30:54.593 18144 18144 W LayerDrawable: java.lang.RuntimeException
05-31 11:30:54.593 18144 18144 W LayerDrawable: 	at android.graphics.drawable.LayerDrawable$ChildDrawable.<init>(LayerDrawable.java:1857)
05-31 11:30:54.593 18144 18144 W LayerDrawable: 	at android.graphics.drawable.LayerDrawable$LayerState.<init>(LayerDrawable.java:1977)
05-31 11:30:54.593 18144 18144 W LayerDrawable: 	at android.graphics.drawable.LayerDrawable.createConstantState(LayerDrawable.java:174)
05-31 11:30:54.593 18144 18144 W LayerDrawable: 	at android.graphics.drawable.LayerDrawable.mutate(LayerDrawable.java:1782)
05-31 11:30:54.593 18144 18144 W LayerDrawable: 	at y7.r3.j(r8-map-id-017af8926fce1dc0ad65912574719f65206f610252a0ea8190fe010c9cd2c4a0:83)
05-31 11:30:54.593 18144 18144 W LayerDrawable: 	at helium314.keyboard.latin.panels.AiThemePanelView.f(r8-map-id-017af8926fce1dc0ad65912574719f65206f610252a0ea8190fe010c9cd2c4a0:185)
05-31 11:30:54.593 18144 18144 W LayerDrawable: 	at helium314.keyboard.latin.panels.AiThemePanelView.T(r8-map-id-017af8926fce1dc0ad65912574719f65206f610252a0ea8190fe010c9cd2c4a0:88)
05-31 11:30:54.593 18144 18144 W LayerDrawable: 	at helium314.keyboard.latin.panels.AiThemePanelView.S(r8-map-id-017af8926fce1dc0ad65912574719f65206f610252a0ea8190fe010c9cd2c4a0:53)
05-31 11:30:54.593 18144 18144 W LayerDrawable: 	at g7.b0.r(r8-map-id-017af8926fce1dc0ad65912574719f65206f610252a0ea8190fe010c9cd2c4a0:192)
05-31 11:30:54.593 18144 18144 W LayerDrawable: 	at g7.b0.U(r8-map-id-017af8926fce1dc0ad65912574719f65206f610252a0ea8190fe010c9cd2c4a0:53)
05-31 11:30:54.593 18144 18144 W LayerDrawable: 	at g7.b0.R(r8-map-id-017af8926fce1dc0ad65912574719f65206f610252a0ea8190fe010c9cd2c4a0:3)
05-31 11:30:54.593 18144 18144 W LayerDrawable: 	at k7.o0.c(r8-map-id-017af8926fce1dc0ad65912574719f65206f610252a0ea8190fe010c9cd2c4a0:12)
05-31 11:30:54.593 18144 18144 W LayerDrawable: 	at k7.o0.b(r8-map-id-017af8926fce1dc0ad65912574719f65206f610252a0ea8190fe010c9cd2c4a0:51)
05-31 11:30:54.593 18144 18144 W LayerDrawable: 	at g7.b0.w(r8-map-id-017af8926fce1dc0ad65912574719f65206f610252a0ea8190fe010c9cd2c4a0:91)
05-31 11:30:54.593 18144 18144 W LayerDrawable: 	at g7.b0.H(r8-map-id-017af8926fce1dc0ad65912574719f65206f610252a0ea8190fe010c9cd2c4a0:30)
05-31 11:30:54.593 18144 18144 W LayerDrawable: 	at helium314.keyboard.latin.LatinIME.onStartInputView(r8-map-id-017af8926fce1dc0ad65912574719f65206f610252a0ea8190fe010c9cd2c4a0:926)
05-31 11:30:54.593 18144 18144 W LayerDrawable: 	at android.inputmethodservice.InputMethodService.startViews(InputMethodService.java:2400)
05-31 11:30:54.593 18144 18144 W LayerDrawable: 	at android.inputmethodservice.InputMethodService.showWindow(InputMethodService.java:2341)
05-31 11:30:54.593 18144 18144 W LayerDrawable: 	at android.inputmethodservice.InputMethodService$InputMethodImpl.showSoftInput(InputMethodService.java:848)
05-31 11:30:54.593 18144 18144 W LayerDrawable: 	at android.inputmethodservice.InputMethodService$InputMethodImpl.showSoftInputWithToken(InputMethodService.java:817)
05-31 11:30:54.593 18144 18144 W LayerDrawable: 	at android.inputmethodservice.IInputMethodWrapper.executeMessage(IInputMethodWrapper.java:225)
05-31 11:30:54.593 18144 18144 W LayerDrawable: 	at com.android.internal.os.HandlerCaller$MyHandler.handleMessage(HandlerCaller.java:44)
05-31 11:30:54.593 18144 18144 W LayerDrawable: 	at android.os.Handler.dispatchMessage(Handler.java:106)
05-31 11:30:54.593 18144 18144 W LayerDrawable: 	at android.os.Looper.loopOnce(Looper.java:233)
05-31 11:30:54.593 18144 18144 W LayerDrawable: 	at android.os.Looper.loop(Looper.java:344)
05-31 11:30:54.593 18144 18144 W LayerDrawable: 	at android.app.ActivityThread.main(ActivityThread.java:8212)
05-31 11:30:54.593 18144 18144 W LayerDrawable: 	at java.lang.reflect.Method.invoke(Native Method)
05-31 11:30:54.593 18144 18144 W LayerDrawable: 	at com.android.internal.os.RuntimeInit$MethodAndArgsCaller.run(RuntimeInit.java:584)
05-31 11:30:54.593 18144 18144 W LayerDrawable: 	at com.android.internal.os.ZygoteInit.main(ZygoteInit.java:1034)
05-31 11:30:54.594 18144 18144 W LayerDrawable: Invalid drawable added to LayerDrawable! Drawable already belongs to another owner but does not expose a constant state.
05-31 11:30:54.594 18144 18144 W LayerDrawable: java.lang.RuntimeException
05-31 11:30:54.594 18144 18144 W LayerDrawable: 	at android.graphics.drawable.LayerDrawable$ChildDrawable.<init>(LayerDrawable.java:1857)
05-31 11:30:54.594 18144 18144 W LayerDrawable: 	at android.graphics.drawable.LayerDrawable$LayerState.<init>(LayerDrawable.java:1977)
05-31 11:30:54.594 18144 18144 W LayerDrawable: 	at android.graphics.drawable.LayerDrawable.createConstantState(LayerDrawable.java:174)
05-31 11:30:54.594 18144 18144 W LayerDrawable: 	at android.graphics.drawable.LayerDrawable.mutate(LayerDrawable.java:1782)
05-31 11:30:54.594 18144 18144 W LayerDrawable: 	at y7.r3.j(r8-map-id-017af8926fce1dc0ad65912574719f65206f610252a0ea8190fe010c9cd2c4a0:83)
05-31 11:30:54.594 18144 18144 W LayerDrawable: 	at helium314.keyboard.latin.panels.AiThemePanelView.f(r8-map-id-017af8926fce1dc0ad65912574719f65206f610252a0ea8190fe010c9cd2c4a0:185)
05-31 11:30:54.594 18144 18144 W LayerDrawable: 	at helium314.keyboard.latin.panels.AiThemePanelView.T(r8-map-id-017af8926fce1dc0ad65912574719f65206f610252a0ea8190fe010c9cd2c4a0:88)
05-31 11:30:54.594 18144 18144 W LayerDrawable: 	at helium314.keyboard.latin.panels.AiThemePanelView.S(r8-map-id-017af8926fce1dc0ad65912574719f65206f610252a0ea8190fe010c9cd2c4a0:53)
05-31 11:30:54.594 18144 18144 W LayerDrawable: 	at g7.b0.r(r8-map-id-017af8926fce1dc0ad65912574719f65206f610252a0ea8190fe010c9cd2c4a0:192)
05-31 11:30:54.594 18144 18144 W LayerDrawable: 	at g7.b0.U(r8-map-id-017af8926fce1dc0ad65912574719f65206f610252a0ea8190fe010c9cd2c4a0:53)
05-31 11:30:54.594 18144 18144 W LayerDrawable: 	at g7.b0.R(r8-map-id-017af8926fce1dc0ad65912574719f65206f610252a0ea8190fe010c9cd2c4a0:3)
05-31 11:30:54.594 18144 18144 W LayerDrawable: 	at k7.o0.c(r8-map-id-017af8926fce1dc0ad65912574719f65206f610252a0ea8190fe010c9cd2c4a0:12)
05-31 11:30:54.594 18144 18144 W LayerDrawable: 	at k7.o0.b(r8-map-id-017af8926fce1dc0ad65912574719f65206f610252a0ea8190fe010c9cd2c4a0:51)
05-31 11:30:54.594 18144 18144 W LayerDrawable: 	at g7.b0.w(r8-map-id-017af8926fce1dc0ad65912574719f65206f610252a0ea8190fe010c9cd2c4a0:91)
05-31 11:30:54.594 18144 18144 W LayerDrawable: 	at g7.b0.H(r8-map-id-017af8926fce1dc0ad65912574719f65206f610252a0ea8190fe010c9cd2c4a0:30)
05-31 11:30:54.594 18144 18144 W LayerDrawable: 	at helium314.keyboard.latin.LatinIME.onStartInputView(r8-map-id-017af8926fce1dc0ad65912574719f65206f610252a0ea8190fe010c9cd2c4a0:926)
05-31 11:30:54.594 18144 18144 W LayerDrawable: 	at android.inputmethodservice.InputMethodService.startViews(InputMethodService.java:2400)
05-31 11:30:54.594 18144 18144 W LayerDrawable: 	at android.inputmethodservice.InputMethodService.showWindow(InputMethodService.java:2341)
05-31 11:30:54.594 18144 18144 W LayerDrawable: 	at android.inputmethodservice.InputMethodService$InputMethodImpl.showSoftInput(InputMethodService.java:848)
05-31 11:30:54.594 18144 18144 W LayerDrawable: 	at android.inputmethodservice.InputMethodService$InputMethodImpl.showSoftInputWithToken(InputMethodService.java:817)
05-31 11:30:54.594 18144 18144 W LayerDrawable: 	at android.inputmethodservice.IInputMethodWrapper.executeMessage(IInputMethodWrapper.java:225)
05-31 11:30:54.594 18144 18144 W LayerDrawable: 	at com.android.internal.os.HandlerCaller$MyHandler.handleMessage(HandlerCaller.java:44)
05-31 11:30:54.594 18144 18144 W LayerDrawable: 	at android.os.Handler.dispatchMessage(Handler.java:106)
05-31 11:30:54.594 18144 18144 W LayerDrawable: 	at android.os.Looper.loopOnce(Looper.java:233)
05-31 11:30:54.594 18144 18144 W LayerDrawable: 	at android.os.Looper.loop(Looper.java:344)
05-31 11:30:54.594 18144 18144 W LayerDrawable: 	at android.app.ActivityThread.main(ActivityThread.java:8212)
05-31 11:30:54.594 18144 18144 W LayerDrawable: 	at java.lang.reflect.Method.invoke(Native Method)
05-31 11:30:54.594 18144 18144 W LayerDrawable: 	at com.android.internal.os.RuntimeInit$MethodAndArgsCaller.run(RuntimeInit.java:584)
05-31 11:30:54.594 18144 18144 W LayerDrawable: 	at com.android.internal.os.ZygoteInit.main(ZygoteInit.java:1034)
05-31 11:30:54.645 18144 18144 W View    : requestLayout() improperly called by android.widget.LinearLayout{2790ff0 V.E...... ......ID 0,1973-1440,2923 #7f0a011b app:id/main_keyboard_frame} during layout: running second layout pass
05-31 11:30:54.708 18144 18218 W Ads     : Not retrying to fetch app settings
05-31 11:30:54.709 18144 18206 W Ads     : Not retrying to fetch app settings
05-31 11:30:54.710 18144 18215 W Ads     : Not retrying to fetch app settings
05-31 11:30:54.722 18144 18241 W cr_media: BLUETOOTH_CONNECT permission is missing.
05-31 11:30:54.722 18144 18241 W cr_media: getBluetoothAdapter() requires BLUETOOTH permission
05-31 11:30:54.722 18144 18241 W cr_media: registerBluetoothIntentsIfNeeded: Requires BLUETOOTH permission
05-31 11:30:54.726 18144 18305 W ServiceBindIntentUtils: Dynamic lookup for intent failed for action: com.google.android.gms.ads.service.START
05-31 11:30:54.942 18144 18255 W AudioCapabilities: Unsupported mime audio/ffmpeg
05-31 11:30:54.943 18144 18255 W VideoCapabilities: Unsupported mime video/ffmpeg
05-31 11:30:54.945 18144 18255 W VideoCapabilities: Unrecognized profile/level 0/3 for video/mpeg2
05-31 11:30:54.945 18144 18255 W VideoCapabilities: Unrecognized profile/level 0/3 for video/mpeg2
05-31 11:30:55.031 18144 18328 W Settings: Setting animator_duration_scale has moved from android.provider.Settings.System to android.provider.Settings.Global, returning read-only global URI.
05-31 11:30:55.046 18144 18328 E GeckoLibLoad: Load sqlite start
05-31 11:30:55.047 18144 18328 E GeckoLibLoad: Load sqlite done
05-31 11:30:55.047 18144 18328 E GeckoLibLoad: Load nss start
05-31 11:30:55.047 18144 18328 E GeckoLibLoad: Load nss done
05-31 11:30:55.063 18144 18328 E GeckoLibLoad: Loaded libs in 15.485417ms total, 9ms(61ms) user, 0ms(15ms) system, 0(0) faults
05-31 11:30:55.064 18144 18328 W GeckoThread: zerdatime 59483522 - runGecko
05-31 11:30:55.143 18144 18144 W com.vibekey.keyboard: type=1400 audit(0.0:31948): avc: denied { bind } for comm=4E65746C696E6B204D6F6E69746F72 scontext=u:r:untrusted_app:s0:c7,c271,c512,c768 tcontext=u:r:untrusted_app:s0:c7,c271,c512,c768 tclass=netlink_route_socket permissive=0 bug=b/155595000 app=com.vibekey.keyboard
05-31 11:30:55.187 18144 18328 E ibekey.keyboar: hiddenapi: Accessing hidden field Ljava/lang/Boolean;->value:Z (runtime_flags=0, domain=core-platform, api=max-target-p) from Lorg/mozilla/gecko/GeckoThread; (domain=app, TargetSdkVersion=35) using JNI: denied
05-31 11:30:55.187 18144 18328 E ibekey.keyboar: hiddenapi: Accessing hidden field Ljava/lang/Integer;->value:I (runtime_flags=0, domain=core-platform, api=max-target-p) from Lorg/mozilla/gecko/GeckoThread; (domain=app, TargetSdkVersion=35) using JNI: denied
05-31 11:30:55.187 18144 18328 E ibekey.keyboar: hiddenapi: Accessing hidden field Ljava/lang/Long;->value:J (runtime_flags=0, domain=core-platform, api=max-target-p) from Lorg/mozilla/gecko/GeckoThread; (domain=app, TargetSdkVersion=35) using JNI: denied
05-31 11:30:55.187 18144 18328 E ibekey.keyboar: hiddenapi: Accessing hidden field Ljava/lang/Double;->value:D (runtime_flags=0, domain=core-platform, api=max-target-p) from Lorg/mozilla/gecko/GeckoThread; (domain=app, TargetSdkVersion=35) using JNI: denied
05-31 11:30:55.249 18357 18357 E .keyboard:tab2: Unknown bits set in runtime_flags: 0x40000000
05-31 11:30:55.786 18144 18144 W LayerDrawable: Invalid drawable added to LayerDrawable! Drawable already belongs to another owner but does not expose a constant state.
05-31 11:30:55.786 18144 18144 W LayerDrawable: java.lang.RuntimeException
05-31 11:30:55.786 18144 18144 W LayerDrawable: 	at android.graphics.drawable.LayerDrawable$ChildDrawable.<init>(LayerDrawable.java:1857)
05-31 11:30:55.786 18144 18144 W LayerDrawable: 	at android.graphics.drawable.LayerDrawable$LayerState.<init>(LayerDrawable.java:1977)
05-31 11:30:55.786 18144 18144 W LayerDrawable: 	at android.graphics.drawable.LayerDrawable.createConstantState(LayerDrawable.java:174)
05-31 11:30:55.786 18144 18144 W LayerDrawable: 	at android.graphics.drawable.LayerDrawable.mutate(LayerDrawable.java:1782)
05-31 11:30:55.786 18144 18144 W LayerDrawable: 	at y7.r3.j(r8-map-id-017af8926fce1dc0ad65912574719f65206f610252a0ea8190fe010c9cd2c4a0:83)
05-31 11:30:55.786 18144 18144 W LayerDrawable: 	at helium314.keyboard.latin.panels.MenuPanelView.k(r8-map-id-017af8926fce1dc0ad65912574719f65206f610252a0ea8190fe010c9cd2c4a0:36)
05-31 11:30:55.786 18144 18144 W LayerDrawable: 	at helium314.keyboard.latin.panels.MenuPanelView.r(r8-map-id-017af8926fce1dc0ad65912574719f65206f610252a0ea8190fe010c9cd2c4a0:358)
05-31 11:30:55.786 18144 18144 W LayerDrawable: 	at v7.b.u(r8-map-id-017af8926fce1dc0ad65912574719f65206f610252a0ea8190fe010c9cd2c4a0:199)
05-31 11:30:55.786 18144 18144 W LayerDrawable: 	at helium314.keyboard.latin.LatinIME.l(r8-map-id-017af8926fce1dc0ad65912574719f65206f610252a0ea8190fe010c9cd2c4a0:36)
05-31 11:30:55.786 18144 18144 W LayerDrawable: 	at g7.m.a(r8-map-id-017af8926fce1dc0ad65912574719f65206f610252a0ea8190fe010c9cd2c4a0:266)
05-31 11:30:55.786 18144 18144 W LayerDrawable: 	at helium314.keyboard.latin.suggestions.SuggestionStripView.onClick(r8-map-id-017af8926fce1dc0ad65912574719f65206f610252a0ea8190fe010c9cd2c4a0:45)
05-31 11:30:55.786 18144 18144 W LayerDrawable: 	at android.view.View.performClick(View.java:7488)
05-31 11:30:55.786 18144 18144 W LayerDrawable: 	at android.view.View.performClickInternal(View.java:7464)
05-31 11:30:55.786 18144 18144 W LayerDrawable: 	at android.view.View.access$3700(View.java:841)
05-31 11:30:55.786 18144 18144 W LayerDrawable: 	at android.view.View$PerformClick.run(View.java:28911)
05-31 11:30:55.786 18144 18144 W LayerDrawable: 	at android.os.Handler.handleCallback(Handler.java:938)
05-31 11:30:55.786 18144 18144 W LayerDrawable: 	at android.os.Handler.dispatchMessage(Handler.java:99)
05-31 11:30:55.786 18144 18144 W LayerDrawable: 	at android.os.Looper.loopOnce(Looper.java:233)
05-31 11:30:55.786 18144 18144 W LayerDrawable: 	at android.os.Looper.loop(Looper.java:344)
05-31 11:30:55.786 18144 18144 W LayerDrawable: 	at android.app.ActivityThread.main(ActivityThread.java:8212)
05-31 11:30:55.786 18144 18144 W LayerDrawable: 	at java.lang.reflect.Method.invoke(Native Method)
05-31 11:30:55.786 18144 18144 W LayerDrawable: 	at com.android.internal.os.RuntimeInit$MethodAndArgsCaller.run(RuntimeInit.java:584)
05-31 11:30:55.786 18144 18144 W LayerDrawable: 	at com.android.internal.os.ZygoteInit.main(ZygoteInit.java:1034)
05-31 11:30:55.786 18144 18144 W LayerDrawable: Invalid drawable added to LayerDrawable! Drawable already belongs to another owner but does not expose a constant state.
05-31 11:30:55.786 18144 18144 W LayerDrawable: java.lang.RuntimeException
05-31 11:30:55.786 18144 18144 W LayerDrawable: 	at android.graphics.drawable.LayerDrawable$ChildDrawable.<init>(LayerDrawable.java:1857)
05-31 11:30:55.786 18144 18144 W LayerDrawable: 	at android.graphics.drawable.LayerDrawable$LayerState.<init>(LayerDrawable.java:1977)
05-31 11:30:55.786 18144 18144 W LayerDrawable: 	at android.graphics.drawable.LayerDrawable.createConstantState(LayerDrawable.java:174)
05-31 11:30:55.786 18144 18144 W LayerDrawable: 	at android.graphics.drawable.LayerDrawable.mutate(LayerDrawable.java:1782)
05-31 11:30:55.786 18144 18144 W LayerDrawable: 	at y7.r3.j(r8-map-id-017af8926fce1dc0ad65912574719f65206f610252a0ea8190fe010c9cd2c4a0:83)
05-31 11:30:55.786 18144 18144 W LayerDrawable: 	at helium314.keyboard.latin.panels.MenuPanelView.k(r8-map-id-017af8926fce1dc0ad65912574719f65206f610252a0ea8190fe010c9cd2c4a0:36)
05-31 11:30:55.786 18144 18144 W LayerDrawable: 	at helium314.keyboard.latin.panels.MenuPanelView.r(r8-map-id-017af8926fce1dc0ad65912574719f65206f610252a0ea8190fe010c9cd2c4a0:358)
05-31 11:30:55.786 18144 18144 W LayerDrawable: 	at v7.b.u(r8-map-id-017af8926fce1dc0ad65912574719f65206f610252a0ea8190fe010c9cd2c4a0:199)
05-31 11:30:55.786 18144 18144 W LayerDrawable: 	at helium314.keyboard.latin.LatinIME.l(r8-map-id-017af8926fce1dc0ad65912574719f65206f610252a0ea8190fe010c9cd2c4a0:36)
05-31 11:30:55.786 18144 18144 W LayerDrawable: 	at g7.m.a(r8-map-id-017af8926fce1dc0ad65912574719f65206f610252a0ea8190fe010c9cd2c4a0:266)
05-31 11:30:55.786 18144 18144 W LayerDrawable: 	at helium314.keyboard.latin.suggestions.SuggestionStripView.onClick(r8-map-id-017af8926fce1dc0ad65912574719f65206f610252a0ea8190fe010c9cd2c4a0:45)
05-31 11:30:55.786 18144 18144 W LayerDrawable: 	at android.view.View.performClick(View.java:7488)
05-31 11:30:55.786 18144 18144 W LayerDrawable: 	at android.view.View.performClickInternal(View.java:7464)
05-31 11:30:55.786 18144 18144 W LayerDrawable: 	at android.view.View.access$3700(View.java:841)
05-31 11:30:55.786 18144 18144 W LayerDrawable: 	at android.view.View$PerformClick.run(View.java:28911)
05-31 11:30:55.786 18144 18144 W LayerDrawable: 	at android.os.Handler.handleCallback(Handler.java:938)
05-31 11:30:55.786 18144 18144 W LayerDrawable: 	at android.os.Handler.dispatchMessage(Handler.java:99)
05-31 11:30:55.786 18144 18144 W LayerDrawable: 	at android.os.Looper.loopOnce(Looper.java:233)
05-31 11:30:55.786 18144 18144 W LayerDrawable: 	at android.os.Looper.loop(Looper.java:344)
05-31 11:30:55.786 18144 18144 W LayerDrawable: 	at android.app.ActivityThread.main(ActivityThread.java:8212)
05-31 11:30:55.786 18144 18144 W LayerDrawable: 	at java.lang.reflect.Method.invoke(Native Method)
05-31 11:30:55.786 18144 18144 W LayerDrawable: 	at com.android.internal.os.RuntimeInit$MethodAndArgsCaller.run(RuntimeInit.java:584)
05-31 11:30:55.786 18144 18144 W LayerDrawable: 	at com.android.internal.os.ZygoteInit.main(ZygoteInit.java:1034)
05-31 11:30:55.786 18144 18144 W LayerDrawable: Invalid drawable added to LayerDrawable! Drawable already belongs to another owner but does not expose a constant state.
05-31 11:30:55.786 18144 18144 W LayerDrawable: java.lang.RuntimeException
05-31 11:30:55.786 18144 18144 W LayerDrawable: 	at android.graphics.drawable.LayerDrawable$ChildDrawable.<init>(LayerDrawable.java:1857)
05-31 11:30:55.786 18144 18144 W LayerDrawable: 	at android.graphics.drawable.LayerDrawable$LayerState.<init>(LayerDrawable.java:1977)
05-31 11:30:55.786 18144 18144 W LayerDrawable: 	at android.graphics.drawable.LayerDrawable.createConstantState(LayerDrawable.java:174)
05-31 11:30:55.786 18144 18144 W LayerDrawable: 	at android.graphics.drawable.LayerDrawable.mutate(LayerDrawable.java:1782)
05-31 11:30:55.786 18144 18144 W LayerDrawable: 	at y7.r3.j(r8-map-id-017af8926fce1dc0ad65912574719f65206f610252a0ea8190fe010c9cd2c4a0:83)
05-31 11:30:55.786 18144 18144 W LayerDrawable: 	at helium314.keyboard.latin.panels.MenuPanelView.k(r8-map-id-017af8926fce1dc0ad65912574719f65206f610252a0ea8190fe010c9cd2c4a0:36)
05-31 11:30:55.786 18144 18144 W LayerDrawable: 	at helium314.keyboard.latin.panels.MenuPanelView.r(r8-map-id-017af8926fce1dc0ad65912574719f65206f610252a0ea8190fe010c9cd2c4a0:358)
05-31 11:30:55.786 18144 18144 W LayerDrawable: 	at v7.b.u(r8-map-id-017af8926fce1dc0ad65912574719f65206f610252a0ea8190fe010c9cd2c4a0:199)
05-31 11:30:55.786 18144 18144 W LayerDrawable: 	at helium314.keyboard.latin.LatinIME.l(r8-map-id-017af8926fce1dc0ad65912574719f65206f610252a0ea8190fe010c9cd2c4a0:36)
05-31 11:30:55.786 18144 18144 W LayerDrawable: 	at g7.m.a(r8-map-id-017af8926fce1dc0ad65912574719f65206f610252a0ea8190fe010c9cd2c4a0:266)
05-31 11:30:55.786 18144 18144 W LayerDrawable: 	at helium314.keyboard.latin.suggestions.SuggestionStripView.onClick(r8-map-id-017af8926fce1dc0ad65912574719f65206f610252a0ea8190fe010c9cd2c4a0:45)
05-31 11:30:55.786 18144 18144 W LayerDrawable: 	at android.view.View.performClick(View.java:7488)
05-31 11:30:55.786 18144 18144 W LayerDrawable: 	at android.view.View.performClickInternal(View.java:7464)
05-31 11:30:55.786 18144 18144 W LayerDrawable: 	at android.view.View.access$3700(View.java:841)
05-31 11:30:55.786 18144 18144 W LayerDrawable: 	at android.view.View$PerformClick.run(View.java:28911)
05-31 11:30:55.786 18144 18144 W LayerDrawable: 	at android.os.Handler.handleCallback(Handler.java:938)
05-31 11:30:55.786 18144 18144 W LayerDrawable: 	at android.os.Handler.dispatchMessage(Handler.java:99)
05-31 11:30:55.786 18144 18144 W LayerDrawable: 	at android.os.Looper.loopOnce(Looper.java:233)
05-31 11:30:55.786 18144 18144 W LayerDrawable: 	at android.os.Looper.loop(Looper.java:344)
05-31 11:30:55.786 18144 18144 W LayerDrawable: 	at android.app.ActivityThread.main(ActivityThread.java:8212)
05-31 11:30:55.786 18144 18144 W LayerDrawable: 	at java.lang.reflect.Method.invoke(Native Method)
05-31 11:30:55.786 18144 18144 W LayerDrawable: 	at com.android.internal.os.RuntimeInit$MethodAndArgsCaller.run(RuntimeInit.java:584)
05-31 11:30:55.786 18144 18144 W LayerDrawable: 	at com.android.internal.os.ZygoteInit.main(ZygoteInit.java:1034)
05-31 11:30:55.787 18144 18144 W LayerDrawable: Invalid drawable added to LayerDrawable! Drawable already belongs to another owner but does not expose a constant state.
05-31 11:30:55.787 18144 18144 W LayerDrawable: java.lang.RuntimeException
05-31 11:30:55.787 18144 18144 W LayerDrawable: 	at android.graphics.drawable.LayerDrawable$ChildDrawable.<init>(LayerDrawable.java:1857)
05-31 11:30:55.787 18144 18144 W LayerDrawable: 	at android.graphics.drawable.LayerDrawable$LayerState.<init>(LayerDrawable.java:1977)
05-31 11:30:55.787 18144 18144 W LayerDrawable: 	at android.graphics.drawable.LayerDrawable.createConstantState(LayerDrawable.java:174)
05-31 11:30:55.787 18144 18144 W LayerDrawable: 	at android.graphics.drawable.LayerDrawable.mutate(LayerDrawable.java:1782)
05-31 11:30:55.787 18144 18144 W LayerDrawable: 	at y7.r3.j(r8-map-id-017af8926fce1dc0ad65912574719f65206f610252a0ea8190fe010c9cd2c4a0:83)
05-31 11:30:55.787 18144 18144 W LayerDrawable: 	at helium314.keyboard.latin.panels.MenuPanelView.k(r8-map-id-017af8926fce1dc0ad65912574719f65206f610252a0ea8190fe010c9cd2c4a0:36)
05-31 11:30:55.787 18144 18144 W LayerDrawable: 	at helium314.keyboard.latin.panels.MenuPanelView.r(r8-map-id-017af8926fce1dc0ad65912574719f65206f610252a0ea8190fe010c9cd2c4a0:358)
05-31 11:30:55.787 18144 18144 W LayerDrawable: 	at v7.b.u(r8-map-id-017af8926fce1dc0ad65912574719f65206f610252a0ea8190fe010c9cd2c4a0:199)
05-31 11:30:55.787 18144 18144 W LayerDrawable: 	at helium314.keyboard.latin.LatinIME.l(r8-map-id-017af8926fce1dc0ad65912574719f65206f610252a0ea8190fe010c9cd2c4a0:36)
05-31 11:30:55.787 18144 18144 W LayerDrawable: 	at g7.m.a(r8-map-id-017af8926fce1dc0ad65912574719f65206f610252a0ea8190fe010c9cd2c4a0:266)
05-31 11:30:55.787 18144 18144 W LayerDrawable: 	at helium314.keyboard.latin.suggestions.SuggestionStripView.onClick(r8-map-id-017af8926fce1dc0ad65912574719f65206f610252a0ea8190fe010c9cd2c4a0:45)
05-31 11:30:55.787 18144 18144 W LayerDrawable: 	at android.view.View.performClick(View.java:7488)
05-31 11:30:55.787 18144 18144 W LayerDrawable: 	at android.view.View.performClickInternal(View.java:7464)
05-31 11:30:55.787 18144 18144 W LayerDrawable: 	at android.view.View.access$3700(View.java:841)
05-31 11:30:55.787 18144 18144 W LayerDrawable: 	at android.view.View$PerformClick.run(View.java:28911)
05-31 11:30:55.787 18144 18144 W LayerDrawable: 	at android.os.Handler.handleCallback(Handler.java:938)
05-31 11:30:55.787 18144 18144 W LayerDrawable: 	at android.os.Handler.dispatchMessage(Handler.java:99)
05-31 11:30:55.787 18144 18144 W LayerDrawable: 	at android.os.Looper.loopOnce(Looper.java:233)
05-31 11:30:55.787 18144 18144 W LayerDrawable: 	at android.os.Looper.loop(Looper.java:344)
05-31 11:30:55.787 18144 18144 W LayerDrawable: 	at android.app.ActivityThread.main(ActivityThread.java:8212)
05-31 11:30:55.787 18144 18144 W LayerDrawable: 	at java.lang.reflect.Method.invoke(Native Method)
05-31 11:30:55.787 18144 18144 W LayerDrawable: 	at com.android.internal.os.RuntimeInit$MethodAndArgsCaller.run(RuntimeInit.java:584)
05-31 11:30:55.787 18144 18144 W LayerDrawable: 	at com.android.internal.os.ZygoteInit.main(ZygoteInit.java:1034)
05-31 11:30:55.787 18144 18144 W LayerDrawable: Invalid drawable added to LayerDrawable! Drawable already belongs to another owner but does not expose a constant state.
05-31 11:30:55.787 18144 18144 W LayerDrawable: java.lang.RuntimeException
05-31 11:30:55.787 18144 18144 W LayerDrawable: 	at android.graphics.drawable.LayerDrawable$ChildDrawable.<init>(LayerDrawable.java:1857)
05-31 11:30:55.787 18144 18144 W LayerDrawable: 	at android.graphics.drawable.LayerDrawable$LayerState.<init>(LayerDrawable.java:1977)
05-31 11:30:55.787 18144 18144 W LayerDrawable: 	at android.graphics.drawable.LayerDrawable.createConstantState(LayerDrawable.java:174)
05-31 11:30:55.787 18144 18144 W LayerDrawable: 	at android.graphics.drawable.LayerDrawable.mutate(LayerDrawable.java:1782)
05-31 11:30:55.787 18144 18144 W LayerDrawable: 	at y7.r3.j(r8-map-id-017af8926fce1dc0ad65912574719f65206f610252a0ea8190fe010c9cd2c4a0:83)
05-31 11:30:55.787 18144 18144 W LayerDrawable: 	at helium314.keyboard.latin.panels.MenuPanelView.k(r8-map-id-017af8926fce1dc0ad65912574719f65206f610252a0ea8190fe010c9cd2c4a0:36)
05-31 11:30:55.787 18144 18144 W LayerDrawable: 	at helium314.keyboard.latin.panels.MenuPanelView.r(r8-map-id-017af8926fce1dc0ad65912574719f65206f610252a0ea8190fe010c9cd2c4a0:400)
05-31 11:30:55.787 18144 18144 W LayerDrawable: 	at v7.b.u(r8-map-id-017af8926fce1dc0ad65912574719f65206f610252a0ea8190fe010c9cd2c4a0:199)
05-31 11:30:55.787 18144 18144 W LayerDrawable: 	at helium314.keyboard.latin.LatinIME.l(r8-map-id-017af8926fce1dc0ad65912574719f65206f610252a0ea8190fe010c9cd2c4a0:36)
05-31 11:30:55.787 18144 18144 W LayerDrawable: 	at g7.m.a(r8-map-id-017af8926fce1dc0ad65912574719f65206f610252a0ea8190fe010c9cd2c4a0:266)
05-31 11:30:55.787 18144 18144 W LayerDrawable: 	at helium314.keyboard.latin.suggestions.SuggestionStripView.onClick(r8-map-id-017af8926fce1dc0ad65912574719f65206f610252a0ea8190fe010c9cd2c4a0:45)
05-31 11:30:55.787 18144 18144 W LayerDrawable: 	at android.view.View.performClick(View.java:7488)
05-31 11:30:55.787 18144 18144 W LayerDrawable: 	at android.view.View.performClickInternal(View.java:7464)
05-31 11:30:55.787 18144 18144 W LayerDrawable: 	at android.view.View.access$3700(View.java:841)
05-31 11:30:55.787 18144 18144 W LayerDrawable: 	at android.view.View$PerformClick.run(View.java:28911)
05-31 11:30:55.787 18144 18144 W LayerDrawable: 	at android.os.Handler.handleCallback(Handler.java:938)
05-31 11:30:55.787 18144 18144 W LayerDrawable: 	at android.os.Handler.dispatchMessage(Handler.java:99)
05-31 11:30:55.787 18144 18144 W LayerDrawable: 	at android.os.Looper.loopOnce(Looper.java:233)
05-31 11:30:55.787 18144 18144 W LayerDrawable: 	at android.os.Looper.loop(Looper.java:344)
05-31 11:30:55.787 18144 18144 W LayerDrawable: 	at android.app.ActivityThread.main(ActivityThread.java:8212)
05-31 11:30:55.787 18144 18144 W LayerDrawable: 	at java.lang.reflect.Method.invoke(Native Method)
05-31 11:30:55.787 18144 18144 W LayerDrawable: 	at com.android.internal.os.RuntimeInit$MethodAndArgsCaller.run(RuntimeInit.java:584)
05-31 11:30:55.787 18144 18144 W LayerDrawable: 	at com.android.internal.os.ZygoteInit.main(ZygoteInit.java:1034)
05-31 11:30:55.788 18144 18144 W LayerDrawable: Invalid drawable added to LayerDrawable! Drawable already belongs to another owner but does not expose a constant state.
05-31 11:30:55.788 18144 18144 W LayerDrawable: java.lang.RuntimeException
05-31 11:30:55.788 18144 18144 W LayerDrawable: 	at android.graphics.drawable.LayerDrawable$ChildDrawable.<init>(LayerDrawable.java:1857)
05-31 11:30:55.788 18144 18144 W LayerDrawable: 	at android.graphics.drawable.LayerDrawable$LayerState.<init>(LayerDrawable.java:1977)
05-31 11:30:55.788 18144 18144 W LayerDrawable: 	at android.graphics.drawable.LayerDrawable.createConstantState(LayerDrawable.java:174)
05-31 11:30:55.788 18144 18144 W LayerDrawable: 	at android.graphics.drawable.LayerDrawable.mutate(LayerDrawable.java:1782)
05-31 11:30:55.788 18144 18144 W LayerDrawable: 	at y7.r3.j(r8-map-id-017af8926fce1dc0ad65912574719f65206f610252a0ea8190fe010c9cd2c4a0:83)
05-31 11:30:55.788 18144 18144 W LayerDrawable: 	at helium314.keyboard.latin.panels.MenuPanelView.k(r8-map-id-017af8926fce1dc0ad65912574719f65206f610252a0ea8190fe010c9cd2c4a0:36)
05-31 11:30:55.788 18144 18144 W LayerDrawable: 	at helium314.keyboard.latin.panels.MenuPanelView.r(r8-map-id-017af8926fce1dc0ad65912574719f65206f610252a0ea8190fe010c9cd2c4a0:400)
05-31 11:30:55.788 18144 18144 W LayerDrawable: 	at v7.b.u(r8-map-id-017af8926fce1dc0ad65912574719f65206f610252a0ea8190fe010c9cd2c4a0:199)
05-31 11:30:55.788 18144 18144 W LayerDrawable: 	at helium314.keyboard.latin.LatinIME.l(r8-map-id-017af8926fce1dc0ad65912574719f65206f610252a0ea8190fe010c9cd2c4a0:36)
05-31 11:30:55.788 18144 18144 W LayerDrawable: 	at g7.m.a(r8-map-id-017af8926fce1dc0ad65912574719f65206f610252a0ea8190fe010c9cd2c4a0:266)
05-31 11:30:55.788 18144 18144 W LayerDrawable: 	at helium314.keyboard.latin.suggestions.SuggestionStripView.onClick(r8-map-id-017af8926fce1dc0ad65912574719f65206f610252a0ea8190fe010c9cd2c4a0:45)
05-31 11:30:55.788 18144 18144 W LayerDrawable: 	at android.view.View.performClick(View.java:7488)
05-31 11:30:55.788 18144 18144 W LayerDrawable: 	at android.view.View.performClickInternal(View.java:7464)
05-31 11:30:55.788 18144 18144 W LayerDrawable: 	at android.view.View.access$3700(View.java:841)
05-31 11:30:55.788 18144 18144 W LayerDrawable: 	at android.view.View$PerformClick.run(View.java:28911)
05-31 11:30:55.788 18144 18144 W LayerDrawable: 	at android.os.Handler.handleCallback(Handler.java:938)
05-31 11:30:55.788 18144 18144 W LayerDrawable: 	at android.os.Handler.dispatchMessage(Handler.java:99)
05-31 11:30:55.788 18144 18144 W LayerDrawable: 	at android.os.Looper.loopOnce(Looper.java:233)
05-31 11:30:55.788 18144 18144 W LayerDrawable: 	at android.os.Looper.loop(Looper.java:344)
05-31 11:30:55.788 18144 18144 W LayerDrawable: 	at android.app.ActivityThread.main(ActivityThread.java:8212)
05-31 11:30:55.788 18144 18144 W LayerDrawable: 	at java.lang.reflect.Method.invoke(Native Method)
05-31 11:30:55.788 18144 18144 W LayerDrawable: 	at com.android.internal.os.RuntimeInit$MethodAndArgsCaller.run(RuntimeInit.java:584)
05-31 11:30:55.788 18144 18144 W LayerDrawable: 	at com.android.internal.os.ZygoteInit.main(ZygoteInit.java:1034)
