05-31 11:30:46.011 17758 17758 W LayerDrawable: 	at android.inputmethodservice.InputMethodService.showWindow(InputMethodService.java:2341)
05-31 11:30:46.011 17758 17758 W LayerDrawable: 	at android.inputmethodservice.InputMethodService$InputMethodImpl.showSoftInput(InputMethodService.java:848)
05-31 11:30:46.011 17758 17758 W LayerDrawable: 	at android.inputmethodservice.InputMethodService$InputMethodImpl.showSoftInputWithToken(InputMethodService.java:817)
05-31 11:30:46.011 17758 17758 W LayerDrawable: 	at android.inputmethodservice.IInputMethodWrapper.executeMessage(IInputMethodWrapper.java:225)
05-31 11:30:46.011 17758 17758 W LayerDrawable: 	at com.android.internal.os.HandlerCaller$MyHandler.handleMessage(HandlerCaller.java:44)
05-31 11:30:46.011 17758 17758 W LayerDrawable: 	at android.os.Handler.dispatchMessage(Handler.java:106)
05-31 11:30:46.011 17758 17758 W LayerDrawable: 	at android.os.Looper.loopOnce(Looper.java:233)
05-31 11:30:46.011 17758 17758 W LayerDrawable: 	at android.os.Looper.loop(Looper.java:344)
05-31 11:30:46.011 17758 17758 W LayerDrawable: 	at android.app.ActivityThread.main(ActivityThread.java:8212)
05-31 11:30:46.011 17758 17758 W LayerDrawable: 	at java.lang.reflect.Method.invoke(Native Method)
05-31 11:30:46.011 17758 17758 W LayerDrawable: 	at com.android.internal.os.RuntimeInit$MethodAndArgsCaller.run(RuntimeInit.java:584)
05-31 11:30:46.011 17758 17758 W LayerDrawable: 	at com.android.internal.os.ZygoteInit.main(ZygoteInit.java:1034)
05-31 11:30:46.011 17758 17758 W LayerDrawable: Invalid drawable added to LayerDrawable! Drawable already belongs to another owner but does not expose a constant state.
05-31 11:30:46.011 17758 17758 W LayerDrawable: java.lang.RuntimeException
05-31 11:30:46.011 17758 17758 W LayerDrawable: 	at android.graphics.drawable.LayerDrawable$ChildDrawable.<init>(LayerDrawable.java:1857)
05-31 11:30:46.011 17758 17758 W LayerDrawable: 	at android.graphics.drawable.LayerDrawable$LayerState.<init>(LayerDrawable.java:1977)
05-31 11:30:46.011 17758 17758 W LayerDrawable: 	at android.graphics.drawable.LayerDrawable.createConstantState(LayerDrawable.java:174)
05-31 11:30:46.011 17758 17758 W LayerDrawable: 	at android.graphics.drawable.LayerDrawable.mutate(LayerDrawable.java:1782)
05-31 11:30:46.011 17758 17758 W LayerDrawable: 	at y7.r3.j(r8-map-id-017af8926fce1dc0ad65912574719f65206f610252a0ea8190fe010c9cd2c4a0:83)
05-31 11:30:46.011 17758 17758 W LayerDrawable: 	at helium314.keyboard.latin.panels.AiThemePanelView.f(r8-map-id-017af8926fce1dc0ad65912574719f65206f610252a0ea8190fe010c9cd2c4a0:185)
05-31 11:30:46.011 17758 17758 W LayerDrawable: 	at helium314.keyboard.latin.panels.AiThemePanelView.T(r8-map-id-017af8926fce1dc0ad65912574719f65206f610252a0ea8190fe010c9cd2c4a0:88)
05-31 11:30:46.011 17758 17758 W LayerDrawable: 	at helium314.keyboard.latin.panels.AiThemePanelView.S(r8-map-id-017af8926fce1dc0ad65912574719f65206f610252a0ea8190fe010c9cd2c4a0:53)
05-31 11:30:46.011 17758 17758 W LayerDrawable: 	at g7.b0.r(r8-map-id-017af8926fce1dc0ad65912574719f65206f610252a0ea8190fe010c9cd2c4a0:192)
05-31 11:30:46.011 17758 17758 W LayerDrawable: 	at g7.b0.U(r8-map-id-017af8926fce1dc0ad65912574719f65206f610252a0ea8190fe010c9cd2c4a0:53)
05-31 11:30:46.011 17758 17758 W LayerDrawable: 	at g7.b0.R(r8-map-id-017af8926fce1dc0ad65912574719f65206f610252a0ea8190fe010c9cd2c4a0:3)
05-31 11:30:46.011 17758 17758 W LayerDrawable: 	at k7.o0.c(r8-map-id-017af8926fce1dc0ad65912574719f65206f610252a0ea8190fe010c9cd2c4a0:12)
05-31 11:30:46.011 17758 17758 W LayerDrawable: 	at k7.o0.b(r8-map-id-017af8926fce1dc0ad65912574719f65206f610252a0ea8190fe010c9cd2c4a0:51)
05-31 11:30:46.011 17758 17758 W LayerDrawable: 	at g7.b0.w(r8-map-id-017af8926fce1dc0ad65912574719f65206f610252a0ea8190fe010c9cd2c4a0:91)
05-31 11:30:46.011 17758 17758 W LayerDrawable: 	at g7.b0.H(r8-map-id-017af8926fce1dc0ad65912574719f65206f610252a0ea8190fe010c9cd2c4a0:30)
05-31 11:30:46.011 17758 17758 W LayerDrawable: 	at helium314.keyboard.latin.LatinIME.onStartInputView(r8-map-id-017af8926fce1dc0ad65912574719f65206f610252a0ea8190fe010c9cd2c4a0:926)
05-31 11:30:46.011 17758 17758 W LayerDrawable: 	at android.inputmethodservice.InputMethodService.startViews(InputMethodService.java:2400)
05-31 11:30:46.011 17758 17758 W LayerDrawable: 	at android.inputmethodservice.InputMethodService.showWindow(InputMethodService.java:2341)
05-31 11:30:46.011 17758 17758 W LayerDrawable: 	at android.inputmethodservice.InputMethodService$InputMethodImpl.showSoftInput(InputMethodService.java:848)
05-31 11:30:46.011 17758 17758 W LayerDrawable: 	at android.inputmethodservice.InputMethodService$InputMethodImpl.showSoftInputWithToken(InputMethodService.java:817)
05-31 11:30:46.011 17758 17758 W LayerDrawable: 	at android.inputmethodservice.IInputMethodWrapper.executeMessage(IInputMethodWrapper.java:225)
05-31 11:30:46.011 17758 17758 W LayerDrawable: 	at com.android.internal.os.HandlerCaller$MyHandler.handleMessage(HandlerCaller.java:44)
05-31 11:30:46.011 17758 17758 W LayerDrawable: 	at android.os.Handler.dispatchMessage(Handler.java:106)
05-31 11:30:46.011 17758 17758 W LayerDrawable: 	at android.os.Looper.loopOnce(Looper.java:233)
05-31 11:30:46.011 17758 17758 W LayerDrawable: 	at android.os.Looper.loop(Looper.java:344)
05-31 11:30:46.011 17758 17758 W LayerDrawable: 	at android.app.ActivityThread.main(ActivityThread.java:8212)
05-31 11:30:46.011 17758 17758 W LayerDrawable: 	at java.lang.reflect.Method.invoke(Native Method)
05-31 11:30:46.011 17758 17758 W LayerDrawable: 	at com.android.internal.os.RuntimeInit$MethodAndArgsCaller.run(RuntimeInit.java:584)
05-31 11:30:46.011 17758 17758 W LayerDrawable: 	at com.android.internal.os.ZygoteInit.main(ZygoteInit.java:1034)
05-31 11:30:46.084 17758 17758 W View    : requestLayout() improperly called by android.widget.LinearLayout{2790ff0 V.E...... ......ID 0,1973-1440,2923 #7f0a011b app:id/main_keyboard_frame} during layout: running second layout pass
05-31 11:30:46.145 17758 17838 W Ads     : Not retrying to fetch app settings
05-31 11:30:46.148 17758 17822 W Ads     : Not retrying to fetch app settings
05-31 11:30:46.151 17758 17834 W Ads     : Not retrying to fetch app settings
05-31 11:30:46.153 17758 17878 W cr_media: BLUETOOTH_CONNECT permission is missing.
05-31 11:30:46.154 17758 17973 W ServiceBindIntentUtils: Dynamic lookup for intent failed for action: com.google.android.gms.ads.service.START
05-31 11:30:46.167 17758 17878 W cr_media: getBluetoothAdapter() requires BLUETOOTH permission
05-31 11:30:46.167 17758 17878 W cr_media: registerBluetoothIntentsIfNeeded: Requires BLUETOOTH permission
05-31 11:30:46.334 17758 17908 W AudioCapabilities: Unsupported mime audio/ffmpeg
05-31 11:30:46.336 17758 17908 W VideoCapabilities: Unsupported mime video/ffmpeg
05-31 11:30:46.338 17758 17908 W VideoCapabilities: Unrecognized profile/level 0/3 for video/mpeg2
05-31 11:30:46.338 17758 17908 W VideoCapabilities: Unrecognized profile/level 0/3 for video/mpeg2
05-31 11:30:46.468 17758 17991 W Settings: Setting animator_duration_scale has moved from android.provider.Settings.System to android.provider.Settings.Global, returning read-only global URI.
05-31 11:30:46.475 17758 17991 E GeckoLibLoad: Load sqlite start
05-31 11:30:46.476 17758 17991 E GeckoLibLoad: Load sqlite done
05-31 11:30:46.476 17758 17991 E GeckoLibLoad: Load nss start
05-31 11:30:46.477 17758 17991 E GeckoLibLoad: Load nss done
05-31 11:30:46.489 17758 17991 E GeckoLibLoad: Loaded libs in 11.934688ms total, 10ms(63ms) user, 0ms(0ms) system, 0(0) faults
05-31 11:30:46.489 17758 17991 W GeckoThread: zerdatime 59474947 - runGecko
05-31 11:30:46.573 17758 17758 W com.vibekey.keyboard: type=1400 audit(0.0:31944): avc: denied { bind } for comm=4E65746C696E6B204D6F6E69746F72 scontext=u:r:untrusted_app:s0:c7,c271,c512,c768 tcontext=u:r:untrusted_app:s0:c7,c271,c512,c768 tclass=netlink_route_socket permissive=0 bug=b/155595000 app=com.vibekey.keyboard
05-31 11:30:46.609 17758 17991 E ibekey.keyboar: hiddenapi: Accessing hidden field Ljava/lang/Boolean;->value:Z (runtime_flags=0, domain=core-platform, api=max-target-p) from Lorg/mozilla/gecko/GeckoThread; (domain=app, TargetSdkVersion=35) using JNI: denied
05-31 11:30:46.609 17758 17991 E ibekey.keyboar: hiddenapi: Accessing hidden field Ljava/lang/Integer;->value:I (runtime_flags=0, domain=core-platform, api=max-target-p) from Lorg/mozilla/gecko/GeckoThread; (domain=app, TargetSdkVersion=35) using JNI: denied
05-31 11:30:46.609 17758 17991 E ibekey.keyboar: hiddenapi: Accessing hidden field Ljava/lang/Long;->value:J (runtime_flags=0, domain=core-platform, api=max-target-p) from Lorg/mozilla/gecko/GeckoThread; (domain=app, TargetSdkVersion=35) using JNI: denied
05-31 11:30:46.609 17758 17991 E ibekey.keyboar: hiddenapi: Accessing hidden field Ljava/lang/Double;->value:D (runtime_flags=0, domain=core-platform, api=max-target-p) from Lorg/mozilla/gecko/GeckoThread; (domain=app, TargetSdkVersion=35) using JNI: denied
05-31 11:30:47.322 17758 17758 W LayerDrawable: Invalid drawable added to LayerDrawable! Drawable already belongs to another owner but does not expose a constant state.
05-31 11:30:47.322 17758 17758 W LayerDrawable: java.lang.RuntimeException
05-31 11:30:47.322 17758 17758 W LayerDrawable: 	at android.graphics.drawable.LayerDrawable$ChildDrawable.<init>(LayerDrawable.java:1857)
05-31 11:30:47.322 17758 17758 W LayerDrawable: 	at android.graphics.drawable.LayerDrawable$LayerState.<init>(LayerDrawable.java:1977)
05-31 11:30:47.322 17758 17758 W LayerDrawable: 	at android.graphics.drawable.LayerDrawable.createConstantState(LayerDrawable.java:174)
05-31 11:30:47.322 17758 17758 W LayerDrawable: 	at android.graphics.drawable.LayerDrawable.mutate(LayerDrawable.java:1782)
05-31 11:30:47.322 17758 17758 W LayerDrawable: 	at y7.r3.j(r8-map-id-017af8926fce1dc0ad65912574719f65206f610252a0ea8190fe010c9cd2c4a0:83)
05-31 11:30:47.322 17758 17758 W LayerDrawable: 	at helium314.keyboard.latin.panels.MenuPanelView.k(r8-map-id-017af8926fce1dc0ad65912574719f65206f610252a0ea8190fe010c9cd2c4a0:36)
05-31 11:30:47.322 17758 17758 W LayerDrawable: 	at helium314.keyboard.latin.panels.MenuPanelView.r(r8-map-id-017af8926fce1dc0ad65912574719f65206f610252a0ea8190fe010c9cd2c4a0:358)
05-31 11:30:47.322 17758 17758 W LayerDrawable: 	at v7.b.u(r8-map-id-017af8926fce1dc0ad65912574719f65206f610252a0ea8190fe010c9cd2c4a0:199)
05-31 11:30:47.322 17758 17758 W LayerDrawable: 	at helium314.keyboard.latin.LatinIME.l(r8-map-id-017af8926fce1dc0ad65912574719f65206f610252a0ea8190fe010c9cd2c4a0:36)
05-31 11:30:47.322 17758 17758 W LayerDrawable: 	at g7.m.a(r8-map-id-017af8926fce1dc0ad65912574719f65206f610252a0ea8190fe010c9cd2c4a0:266)
05-31 11:30:47.322 17758 17758 W LayerDrawable: 	at helium314.keyboard.latin.suggestions.SuggestionStripView.onClick(r8-map-id-017af8926fce1dc0ad65912574719f65206f610252a0ea8190fe010c9cd2c4a0:45)
05-31 11:30:47.322 17758 17758 W LayerDrawable: 	at android.view.View.performClick(View.java:7488)
05-31 11:30:47.322 17758 17758 W LayerDrawable: 	at android.view.View.performClickInternal(View.java:7464)
05-31 11:30:47.322 17758 17758 W LayerDrawable: 	at android.view.View.access$3700(View.java:841)
05-31 11:30:47.322 17758 17758 W LayerDrawable: 	at android.view.View$PerformClick.run(View.java:28911)
05-31 11:30:47.322 17758 17758 W LayerDrawable: 	at android.os.Handler.handleCallback(Handler.java:938)
05-31 11:30:47.322 17758 17758 W LayerDrawable: 	at android.os.Handler.dispatchMessage(Handler.java:99)
05-31 11:30:47.322 17758 17758 W LayerDrawable: 	at android.os.Looper.loopOnce(Looper.java:233)
05-31 11:30:47.322 17758 17758 W LayerDrawable: 	at android.os.Looper.loop(Looper.java:344)
05-31 11:30:47.322 17758 17758 W LayerDrawable: 	at android.app.ActivityThread.main(ActivityThread.java:8212)
05-31 11:30:47.322 17758 17758 W LayerDrawable: 	at java.lang.reflect.Method.invoke(Native Method)
05-31 11:30:47.322 17758 17758 W LayerDrawable: 	at com.android.internal.os.RuntimeInit$MethodAndArgsCaller.run(RuntimeInit.java:584)
05-31 11:30:47.322 17758 17758 W LayerDrawable: 	at com.android.internal.os.ZygoteInit.main(ZygoteInit.java:1034)
05-31 11:30:47.324 17758 17758 W LayerDrawable: Invalid drawable added to LayerDrawable! Drawable already belongs to another owner but does not expose a constant state.
05-31 11:30:47.324 17758 17758 W LayerDrawable: java.lang.RuntimeException
05-31 11:30:47.324 17758 17758 W LayerDrawable: 	at android.graphics.drawable.LayerDrawable$ChildDrawable.<init>(LayerDrawable.java:1857)
05-31 11:30:47.324 17758 17758 W LayerDrawable: 	at android.graphics.drawable.LayerDrawable$LayerState.<init>(LayerDrawable.java:1977)
05-31 11:30:47.324 17758 17758 W LayerDrawable: 	at android.graphics.drawable.LayerDrawable.createConstantState(LayerDrawable.java:174)
05-31 11:30:47.324 17758 17758 W LayerDrawable: 	at android.graphics.drawable.LayerDrawable.mutate(LayerDrawable.java:1782)
05-31 11:30:47.324 17758 17758 W LayerDrawable: 	at y7.r3.j(r8-map-id-017af8926fce1dc0ad65912574719f65206f610252a0ea8190fe010c9cd2c4a0:83)
05-31 11:30:47.324 17758 17758 W LayerDrawable: 	at helium314.keyboard.latin.panels.MenuPanelView.k(r8-map-id-017af8926fce1dc0ad65912574719f65206f610252a0ea8190fe010c9cd2c4a0:36)
05-31 11:30:47.324 17758 17758 W LayerDrawable: 	at helium314.keyboard.latin.panels.MenuPanelView.r(r8-map-id-017af8926fce1dc0ad65912574719f65206f610252a0ea8190fe010c9cd2c4a0:358)
05-31 11:30:47.324 17758 17758 W LayerDrawable: 	at v7.b.u(r8-map-id-017af8926fce1dc0ad65912574719f65206f610252a0ea8190fe010c9cd2c4a0:199)
05-31 11:30:47.324 17758 17758 W LayerDrawable: 	at helium314.keyboard.latin.LatinIME.l(r8-map-id-017af8926fce1dc0ad65912574719f65206f610252a0ea8190fe010c9cd2c4a0:36)
05-31 11:30:47.324 17758 17758 W LayerDrawable: 	at g7.m.a(r8-map-id-017af8926fce1dc0ad65912574719f65206f610252a0ea8190fe010c9cd2c4a0:266)
05-31 11:30:47.324 17758 17758 W LayerDrawable: 	at helium314.keyboard.latin.suggestions.SuggestionStripView.onClick(r8-map-id-017af8926fce1dc0ad65912574719f65206f610252a0ea8190fe010c9cd2c4a0:45)
05-31 11:30:47.324 17758 17758 W LayerDrawable: 	at android.view.View.performClick(View.java:7488)
05-31 11:30:47.324 17758 17758 W LayerDrawable: 	at android.view.View.performClickInternal(View.java:7464)
05-31 11:30:47.324 17758 17758 W LayerDrawable: 	at android.view.View.access$3700(View.java:841)
05-31 11:30:47.324 17758 17758 W LayerDrawable: 	at android.view.View$PerformClick.run(View.java:28911)
05-31 11:30:47.324 17758 17758 W LayerDrawable: 	at android.os.Handler.handleCallback(Handler.java:938)
05-31 11:30:47.324 17758 17758 W LayerDrawable: 	at android.os.Handler.dispatchMessage(Handler.java:99)
05-31 11:30:47.324 17758 17758 W LayerDrawable: 	at android.os.Looper.loopOnce(Looper.java:233)
05-31 11:30:47.324 17758 17758 W LayerDrawable: 	at android.os.Looper.loop(Looper.java:344)
05-31 11:30:47.324 17758 17758 W LayerDrawable: 	at android.app.ActivityThread.main(ActivityThread.java:8212)
05-31 11:30:47.324 17758 17758 W LayerDrawable: 	at java.lang.reflect.Method.invoke(Native Method)
05-31 11:30:47.324 17758 17758 W LayerDrawable: 	at com.android.internal.os.RuntimeInit$MethodAndArgsCaller.run(RuntimeInit.java:584)
05-31 11:30:47.324 17758 17758 W LayerDrawable: 	at com.android.internal.os.ZygoteInit.main(ZygoteInit.java:1034)
05-31 11:30:47.324 17758 17758 W LayerDrawable: Invalid drawable added to LayerDrawable! Drawable already belongs to another owner but does not expose a constant state.
05-31 11:30:47.324 17758 17758 W LayerDrawable: java.lang.RuntimeException
05-31 11:30:47.324 17758 17758 W LayerDrawable: 	at android.graphics.drawable.LayerDrawable$ChildDrawable.<init>(LayerDrawable.java:1857)
05-31 11:30:47.324 17758 17758 W LayerDrawable: 	at android.graphics.drawable.LayerDrawable$LayerState.<init>(LayerDrawable.java:1977)
05-31 11:30:47.324 17758 17758 W LayerDrawable: 	at android.graphics.drawable.LayerDrawable.createConstantState(LayerDrawable.java:174)
05-31 11:30:47.324 17758 17758 W LayerDrawable: 	at android.graphics.drawable.LayerDrawable.mutate(LayerDrawable.java:1782)
05-31 11:30:47.324 17758 17758 W LayerDrawable: 	at y7.r3.j(r8-map-id-017af8926fce1dc0ad65912574719f65206f610252a0ea8190fe010c9cd2c4a0:83)
05-31 11:30:47.324 17758 17758 W LayerDrawable: 	at helium314.keyboard.latin.panels.MenuPanelView.k(r8-map-id-017af8926fce1dc0ad65912574719f65206f610252a0ea8190fe010c9cd2c4a0:36)
05-31 11:30:47.324 17758 17758 W LayerDrawable: 	at helium314.keyboard.latin.panels.MenuPanelView.r(r8-map-id-017af8926fce1dc0ad65912574719f65206f610252a0ea8190fe010c9cd2c4a0:358)
05-31 11:30:47.324 17758 17758 W LayerDrawable: 	at v7.b.u(r8-map-id-017af8926fce1dc0ad65912574719f65206f610252a0ea8190fe010c9cd2c4a0:199)
05-31 11:30:47.324 17758 17758 W LayerDrawable: 	at helium314.keyboard.latin.LatinIME.l(r8-map-id-017af8926fce1dc0ad65912574719f65206f610252a0ea8190fe010c9cd2c4a0:36)
05-31 11:30:47.324 17758 17758 W LayerDrawable: 	at g7.m.a(r8-map-id-017af8926fce1dc0ad65912574719f65206f610252a0ea8190fe010c9cd2c4a0:266)
05-31 11:30:47.324 17758 17758 W LayerDrawable: 	at helium314.keyboard.latin.suggestions.SuggestionStripView.onClick(r8-map-id-017af8926fce1dc0ad65912574719f65206f610252a0ea8190fe010c9cd2c4a0:45)
05-31 11:30:47.324 17758 17758 W LayerDrawable: 	at android.view.View.performClick(View.java:7488)
05-31 11:30:47.324 17758 17758 W LayerDrawable: 	at android.view.View.performClickInternal(View.java:7464)
05-31 11:30:47.324 17758 17758 W LayerDrawable: 	at android.view.View.access$3700(View.java:841)
05-31 11:30:47.324 17758 17758 W LayerDrawable: 	at android.view.View$PerformClick.run(View.java:28911)
05-31 11:30:47.324 17758 17758 W LayerDrawable: 	at android.os.Handler.handleCallback(Handler.java:938)
05-31 11:30:47.324 17758 17758 W LayerDrawable: 	at android.os.Handler.dispatchMessage(Handler.java:99)
05-31 11:30:47.324 17758 17758 W LayerDrawable: 	at android.os.Looper.loopOnce(Looper.java:233)
05-31 11:30:47.324 17758 17758 W LayerDrawable: 	at android.os.Looper.loop(Looper.java:344)
05-31 11:30:47.324 17758 17758 W LayerDrawable: 	at android.app.ActivityThread.main(ActivityThread.java:8212)
05-31 11:30:47.324 17758 17758 W LayerDrawable: 	at java.lang.reflect.Method.invoke(Native Method)
05-31 11:30:47.324 17758 17758 W LayerDrawable: 	at com.android.internal.os.RuntimeInit$MethodAndArgsCaller.run(RuntimeInit.java:584)
05-31 11:30:47.324 17758 17758 W LayerDrawable: 	at com.android.internal.os.ZygoteInit.main(ZygoteInit.java:1034)
05-31 11:30:47.324 17758 17758 W LayerDrawable: Invalid drawable added to LayerDrawable! Drawable already belongs to another owner but does not expose a constant state.
05-31 11:30:47.324 17758 17758 W LayerDrawable: java.lang.RuntimeException
05-31 11:30:47.324 17758 17758 W LayerDrawable: 	at android.graphics.drawable.LayerDrawable$ChildDrawable.<init>(LayerDrawable.java:1857)
05-31 11:30:47.324 17758 17758 W LayerDrawable: 	at android.graphics.drawable.LayerDrawable$LayerState.<init>(LayerDrawable.java:1977)
05-31 11:30:47.324 17758 17758 W LayerDrawable: 	at android.graphics.drawable.LayerDrawable.createConstantState(LayerDrawable.java:174)
05-31 11:30:47.324 17758 17758 W LayerDrawable: 	at android.graphics.drawable.LayerDrawable.mutate(LayerDrawable.java:1782)
05-31 11:30:47.324 17758 17758 W LayerDrawable: 	at y7.r3.j(r8-map-id-017af8926fce1dc0ad65912574719f65206f610252a0ea8190fe010c9cd2c4a0:83)
05-31 11:30:47.324 17758 17758 W LayerDrawable: 	at helium314.keyboard.latin.panels.MenuPanelView.k(r8-map-id-017af8926fce1dc0ad65912574719f65206f610252a0ea8190fe010c9cd2c4a0:36)
05-31 11:30:47.324 17758 17758 W LayerDrawable: 	at helium314.keyboard.latin.panels.MenuPanelView.r(r8-map-id-017af8926fce1dc0ad65912574719f65206f610252a0ea8190fe010c9cd2c4a0:358)
05-31 11:30:47.324 17758 17758 W LayerDrawable: 	at v7.b.u(r8-map-id-017af8926fce1dc0ad65912574719f65206f610252a0ea8190fe010c9cd2c4a0:199)
05-31 11:30:47.324 17758 17758 W LayerDrawable: 	at helium314.keyboard.latin.LatinIME.l(r8-map-id-017af8926fce1dc0ad65912574719f65206f610252a0ea8190fe010c9cd2c4a0:36)
05-31 11:30:47.324 17758 17758 W LayerDrawable: 	at g7.m.a(r8-map-id-017af8926fce1dc0ad65912574719f65206f610252a0ea8190fe010c9cd2c4a0:266)
05-31 11:30:47.324 17758 17758 W LayerDrawable: 	at helium314.keyboard.latin.suggestions.SuggestionStripView.onClick(r8-map-id-017af8926fce1dc0ad65912574719f65206f610252a0ea8190fe010c9cd2c4a0:45)
05-31 11:30:47.324 17758 17758 W LayerDrawable: 	at android.view.View.performClick(View.java:7488)
05-31 11:30:47.324 17758 17758 W LayerDrawable: 	at android.view.View.performClickInternal(View.java:7464)
05-31 11:30:47.324 17758 17758 W LayerDrawable: 	at android.view.View.access$3700(View.java:841)
05-31 11:30:47.324 17758 17758 W LayerDrawable: 	at android.view.View$PerformClick.run(View.java:28911)
05-31 11:30:47.324 17758 17758 W LayerDrawable: 	at android.os.Handler.handleCallback(Handler.java:938)
05-31 11:30:47.324 17758 17758 W LayerDrawable: 	at android.os.Handler.dispatchMessage(Handler.java:99)
05-31 11:30:47.324 17758 17758 W LayerDrawable: 	at android.os.Looper.loopOnce(Looper.java:233)
05-31 11:30:47.324 17758 17758 W LayerDrawable: 	at android.os.Looper.loop(Looper.java:344)
05-31 11:30:47.324 17758 17758 W LayerDrawable: 	at android.app.ActivityThread.main(ActivityThread.java:8212)
05-31 11:30:47.324 17758 17758 W LayerDrawable: 	at java.lang.reflect.Method.invoke(Native Method)
05-31 11:30:47.324 17758 17758 W LayerDrawable: 	at com.android.internal.os.RuntimeInit$MethodAndArgsCaller.run(RuntimeInit.java:584)
05-31 11:30:47.324 17758 17758 W LayerDrawable: 	at com.android.internal.os.ZygoteInit.main(ZygoteInit.java:1034)
05-31 11:30:47.324 17758 17758 W LayerDrawable: Invalid drawable added to LayerDrawable! Drawable already belongs to another owner but does not expose a constant state.
05-31 11:30:47.324 17758 17758 W LayerDrawable: java.lang.RuntimeException
05-31 11:30:47.324 17758 17758 W LayerDrawable: 	at android.graphics.drawable.LayerDrawable$ChildDrawable.<init>(LayerDrawable.java:1857)
05-31 11:30:47.324 17758 17758 W LayerDrawable: 	at android.graphics.drawable.LayerDrawable$LayerState.<init>(LayerDrawable.java:1977)
05-31 11:30:47.324 17758 17758 W LayerDrawable: 	at android.graphics.drawable.LayerDrawable.createConstantState(LayerDrawable.java:174)
05-31 11:30:47.324 17758 17758 W LayerDrawable: 	at android.graphics.drawable.LayerDrawable.mutate(LayerDrawable.java:1782)
05-31 11:30:47.324 17758 17758 W LayerDrawable: 	at y7.r3.j(r8-map-id-017af8926fce1dc0ad65912574719f65206f610252a0ea8190fe010c9cd2c4a0:83)
05-31 11:30:47.324 17758 17758 W LayerDrawable: 	at helium314.keyboard.latin.panels.MenuPanelView.k(r8-map-id-017af8926fce1dc0ad65912574719f65206f610252a0ea8190fe010c9cd2c4a0:36)
05-31 11:30:47.324 17758 17758 W LayerDrawable: 	at helium314.keyboard.latin.panels.MenuPanelView.r(r8-map-id-017af8926fce1dc0ad65912574719f65206f610252a0ea8190fe010c9cd2c4a0:400)
05-31 11:30:47.324 17758 17758 W LayerDrawable: 	at v7.b.u(r8-map-id-017af8926fce1dc0ad65912574719f65206f610252a0ea8190fe010c9cd2c4a0:199)
05-31 11:30:47.324 17758 17758 W LayerDrawable: 	at helium314.keyboard.latin.LatinIME.l(r8-map-id-017af8926fce1dc0ad65912574719f65206f610252a0ea8190fe010c9cd2c4a0:36)
05-31 11:30:47.324 17758 17758 W LayerDrawable: 	at g7.m.a(r8-map-id-017af8926fce1dc0ad65912574719f65206f610252a0ea8190fe010c9cd2c4a0:266)
05-31 11:30:47.324 17758 17758 W LayerDrawable: 	at helium314.keyboard.latin.suggestions.SuggestionStripView.onClick(r8-map-id-017af8926fce1dc0ad65912574719f65206f610252a0ea8190fe010c9cd2c4a0:45)
05-31 11:30:47.324 17758 17758 W LayerDrawable: 	at android.view.View.performClick(View.java:7488)
05-31 11:30:47.324 17758 17758 W LayerDrawable: 	at android.view.View.performClickInternal(View.java:7464)
05-31 11:30:47.324 17758 17758 W LayerDrawable: 	at android.view.View.access$3700(View.java:841)
05-31 11:30:47.324 17758 17758 W LayerDrawable: 	at android.view.View$PerformClick.run(View.java:28911)
05-31 11:30:47.324 17758 17758 W LayerDrawable: 	at android.os.Handler.handleCallback(Handler.java:938)
05-31 11:30:47.324 17758 17758 W LayerDrawable: 	at android.os.Handler.dispatchMessage(Handler.java:99)
05-31 11:30:47.324 17758 17758 W LayerDrawable: 	at android.os.Looper.loopOnce(Looper.java:233)
05-31 11:30:47.324 17758 17758 W LayerDrawable: 	at android.os.Looper.loop(Looper.java:344)
05-31 11:30:47.324 17758 17758 W LayerDrawable: 	at android.app.ActivityThread.main(ActivityThread.java:8212)
05-31 11:30:47.324 17758 17758 W LayerDrawable: 	at java.lang.reflect.Method.invoke(Native Method)
05-31 11:30:47.324 17758 17758 W LayerDrawable: 	at com.android.internal.os.RuntimeInit$MethodAndArgsCaller.run(RuntimeInit.java:584)
05-31 11:30:47.324 17758 17758 W LayerDrawable: 	at com.android.internal.os.ZygoteInit.main(ZygoteInit.java:1034)
05-31 11:30:47.325 17758 17758 W LayerDrawable: Invalid drawable added to LayerDrawable! Drawable already belongs to another owner but does not expose a constant state.
05-31 11:30:47.325 17758 17758 W LayerDrawable: java.lang.RuntimeException
05-31 11:30:47.325 17758 17758 W LayerDrawable: 	at android.graphics.drawable.LayerDrawable$ChildDrawable.<init>(LayerDrawable.java:1857)
05-31 11:30:47.325 17758 17758 W LayerDrawable: 	at android.graphics.drawable.LayerDrawable$LayerState.<init>(LayerDrawable.java:1977)
05-31 11:30:47.325 17758 17758 W LayerDrawable: 	at android.graphics.drawable.LayerDrawable.createConstantState(LayerDrawable.java:174)
05-31 11:30:47.325 17758 17758 W LayerDrawable: 	at android.graphics.drawable.LayerDrawable.mutate(LayerDrawable.java:1782)
05-31 11:30:47.325 17758 17758 W LayerDrawable: 	at y7.r3.j(r8-map-id-017af8926fce1dc0ad65912574719f65206f610252a0ea8190fe010c9cd2c4a0:83)
05-31 11:30:47.325 17758 17758 W LayerDrawable: 	at helium314.keyboard.latin.panels.MenuPanelView.k(r8-map-id-017af8926fce1dc0ad65912574719f65206f610252a0ea8190fe010c9cd2c4a0:36)
05-31 11:30:47.325 17758 17758 W LayerDrawable: 	at helium314.keyboard.latin.panels.MenuPanelView.r(r8-map-id-017af8926fce1dc0ad65912574719f65206f610252a0ea8190fe010c9cd2c4a0:400)
05-31 11:30:47.325 17758 17758 W LayerDrawable: 	at v7.b.u(r8-map-id-017af8926fce1dc0ad65912574719f65206f610252a0ea8190fe010c9cd2c4a0:199)
05-31 11:30:47.325 17758 17758 W LayerDrawable: 	at helium314.keyboard.latin.LatinIME.l(r8-map-id-017af8926fce1dc0ad65912574719f65206f610252a0ea8190fe010c9cd2c4a0:36)
05-31 11:30:47.325 17758 17758 W LayerDrawable: 	at g7.m.a(r8-map-id-017af8926fce1dc0ad65912574719f65206f610252a0ea8190fe010c9cd2c4a0:266)
05-31 11:30:47.325 17758 17758 W LayerDrawable: 	at helium314.keyboard.latin.suggestions.SuggestionStripView.onClick(r8-map-id-017af8926fce1dc0ad65912574719f65206f610252a0ea8190fe010c9cd2c4a0:45)
05-31 11:30:47.325 17758 17758 W LayerDrawable: 	at android.view.View.performClick(View.java:7488)
05-31 11:30:47.325 17758 17758 W LayerDrawable: 	at android.view.View.performClickInternal(View.java:7464)
05-31 11:30:47.325 17758 17758 W LayerDrawable: 	at android.view.View.access$3700(View.java:841)
05-31 11:30:47.325 17758 17758 W LayerDrawable: 	at android.view.View$PerformClick.run(View.java:28911)
05-31 11:30:47.325 17758 17758 W LayerDrawable: 	at android.os.Handler.handleCallback(Handler.java:938)
05-31 11:30:47.325 17758 17758 W LayerDrawable: 	at android.os.Handler.dispatchMessage(Handler.java:99)
05-31 11:30:47.325 17758 17758 W LayerDrawable: 	at android.os.Looper.loopOnce(Looper.java:233)
05-31 11:30:47.325 17758 17758 W LayerDrawable: 	at android.os.Looper.loop(Looper.java:344)
05-31 11:30:47.325 17758 17758 W LayerDrawable: 	at android.app.ActivityThread.main(ActivityThread.java:8212)
05-31 11:30:47.325 17758 17758 W LayerDrawable: 	at java.lang.reflect.Method.invoke(Native Method)
05-31 11:30:47.325 17758 17758 W LayerDrawable: 	at com.android.internal.os.RuntimeInit$MethodAndArgsCaller.run(RuntimeInit.java:584)
05-31 11:30:47.325 17758 17758 W LayerDrawable: 	at com.android.internal.os.ZygoteInit.main(ZygoteInit.java:1034)
05-31 11:30:47.325 17758 17758 W LayerDrawable: Invalid drawable added to LayerDrawable! Drawable already belongs to another owner but does not expose a constant state.
05-31 11:30:47.325 17758 17758 W LayerDrawable: java.lang.RuntimeException
05-31 11:30:47.325 17758 17758 W LayerDrawable: 	at android.graphics.drawable.LayerDrawable$ChildDrawable.<init>(LayerDrawable.java:1857)
05-31 11:30:47.325 17758 17758 W LayerDrawable: 	at android.graphics.drawable.LayerDrawable$LayerState.<init>(LayerDrawable.java:1977)
05-31 11:30:47.325 17758 17758 W LayerDrawable: 	at android.graphics.drawable.LayerDrawable.createConstantState(LayerDrawable.java:174)
05-31 11:30:47.325 17758 17758 W LayerDrawable: 	at android.graphics.drawable.LayerDrawable.mutate(LayerDrawable.java:1782)
05-31 11:30:47.325 17758 17758 W LayerDrawable: 	at y7.r3.j(r8-map-id-017af8926fce1dc0ad65912574719f65206f610252a0ea8190fe010c9cd2c4a0:83)
05-31 11:30:47.325 17758 17758 W LayerDrawable: 	at helium314.keyboard.latin.panels.MenuPanelView.k(r8-map-id-017af8926fce1dc0ad65912574719f65206f610252a0ea8190fe010c9cd2c4a0:36)
05-31 11:30:47.325 17758 17758 W LayerDrawable: 	at helium314.keyboard.latin.panels.MenuPanelView.r(r8-map-id-017af8926fce1dc0ad65912574719f65206f610252a0ea8190fe010c9cd2c4a0:400)
05-31 11:30:47.325 17758 17758 W LayerDrawable: 	at v7.b.u(r8-map-id-017af8926fce1dc0ad65912574719f65206f610252a0ea8190fe010c9cd2c4a0:199)
05-31 11:30:47.325 17758 17758 W LayerDrawable: 	at helium314.keyboard.latin.LatinIME.l(r8-map-id-017af8926fce1dc0ad65912574719f65206f610252a0ea8190fe010c9cd2c4a0:36)
05-31 11:30:47.325 17758 17758 W LayerDrawable: 	at g7.m.a(r8-map-id-017af8926fce1dc0ad65912574719f65206f610252a0ea8190fe010c9cd2c4a0:266)
05-31 11:30:47.325 17758 17758 W LayerDrawable: 	at helium314.keyboard.latin.suggestions.SuggestionStripView.onClick(r8-map-id-017af8926fce1dc0ad65912574719f65206f610252a0ea8190fe010c9cd2c4a0:45)
05-31 11:30:47.325 17758 17758 W LayerDrawable: 	at android.view.View.performClick(View.java:7488)
05-31 11:30:47.325 17758 17758 W LayerDrawable: 	at android.view.View.performClickInternal(View.java:7464)
05-31 11:30:47.325 17758 17758 W LayerDrawable: 	at android.view.View.access$3700(View.java:841)
05-31 11:30:47.325 17758 17758 W LayerDrawable: 	at android.view.View$PerformClick.run(View.java:28911)
05-31 11:30:47.325 17758 17758 W LayerDrawable: 	at android.os.Handler.handleCallback(Handler.java:938)
05-31 11:30:47.325 17758 17758 W LayerDrawable: 	at android.os.Handler.dispatchMessage(Handler.java:99)
05-31 11:30:47.325 17758 17758 W LayerDrawable: 	at android.os.Looper.loopOnce(Looper.java:233)
05-31 11:30:47.325 17758 17758 W LayerDrawable: 	at android.os.Looper.loop(Looper.java:344)
05-31 11:30:47.325 17758 17758 W LayerDrawable: 	at android.app.ActivityThread.main(ActivityThread.java:8212)
05-31 11:30:47.325 17758 17758 W LayerDrawable: 	at java.lang.reflect.Method.invoke(Native Method)
05-31 11:30:47.325 17758 17758 W LayerDrawable: 	at com.android.internal.os.RuntimeInit$MethodAndArgsCaller.run(RuntimeInit.java:584)
05-31 11:30:47.325 17758 17758 W LayerDrawable: 	at com.android.internal.os.ZygoteInit.main(ZygoteInit.java:1034)
05-31 11:30:47.325 17758 17758 W LayerDrawable: Invalid drawable added to LayerDrawable! Drawable already belongs to another owner but does not expose a constant state.
05-31 11:30:47.325 17758 17758 W LayerDrawable: java.lang.RuntimeException
05-31 11:30:47.325 17758 17758 W LayerDrawable: 	at android.graphics.drawable.LayerDrawable$ChildDrawable.<init>(LayerDrawable.java:1857)
05-31 11:30:47.325 17758 17758 W LayerDrawable: 	at android.graphics.drawable.LayerDrawable$LayerState.<init>(LayerDrawable.java:1977)
05-31 11:30:47.325 17758 17758 W LayerDrawable: 	at android.graphics.drawable.LayerDrawable.createConstantState(LayerDrawable.java:174)
05-31 11:30:47.325 17758 17758 W LayerDrawable: 	at android.graphics.drawable.LayerDrawable.mutate(LayerDrawable.java:1782)
05-31 11:30:47.325 17758 17758 W LayerDrawable: 	at y7.r3.j(r8-map-id-017af8926fce1dc0ad65912574719f65206f610252a0ea8190fe010c9cd2c4a0:83)
05-31 11:30:47.325 17758 17758 W LayerDrawable: 	at helium314.keyboard.latin.panels.MenuPanelView.k(r8-map-id-017af8926fce1dc0ad65912574719f65206f610252a0ea8190fe010c9cd2c4a0:36)
05-31 11:30:47.325 17758 17758 W LayerDrawable: 	at helium314.keyboard.latin.panels.MenuPanelView.r(r8-map-id-017af8926fce1dc0ad65912574719f65206f610252a0ea8190fe010c9cd2c4a0:400)
05-31 11:30:47.325 17758 17758 W LayerDrawable: 	at v7.b.u(r8-map-id-017af8926fce1dc0ad65912574719f65206f610252a0ea8190fe010c9cd2c4a0:199)
05-31 11:30:47.325 17758 17758 W LayerDrawable: 	at helium314.keyboard.latin.LatinIME.l(r8-map-id-017af8926fce1dc0ad65912574719f65206f610252a0ea8190fe010c9cd2c4a0:36)
05-31 11:30:47.325 17758 17758 W LayerDrawable: 	at g7.m.a(r8-map-id-017af8926fce1dc0ad65912574719f65206f610252a0ea8190fe010c9cd2c4a0:266)
05-31 11:30:47.325 17758 17758 W LayerDrawable: 	at helium314.keyboard.latin.suggestions.SuggestionStripView.onClick(r8-map-id-017af8926fce1dc0ad65912574719f65206f610252a0ea8190fe010c9cd2c4a0:45)
05-31 11:30:47.325 17758 17758 W LayerDrawable: 	at android.view.View.performClick(View.java:7488)
05-31 11:30:47.325 17758 17758 W LayerDrawable: 	at android.view.View.performClickInternal(View.java:7464)
05-31 11:30:47.325 17758 17758 W LayerDrawable: 	at android.view.View.access$3700(View.java:841)
05-31 11:30:47.325 17758 17758 W LayerDrawable: 	at android.view.View$PerformClick.run(View.java:28911)
05-31 11:30:47.325 17758 17758 W LayerDrawable: 	at android.os.Handler.handleCallback(Handler.java:938)
05-31 11:30:47.325 17758 17758 W LayerDrawable: 	at android.os.Handler.dispatchMessage(Handler.java:99)
05-31 11:30:47.325 17758 17758 W LayerDrawable: 	at android.os.Looper.loopOnce(Looper.java:233)
05-31 11:30:47.325 17758 17758 W LayerDrawable: 	at android.os.Looper.loop(Looper.java:344)
05-31 11:30:47.325 17758 17758 W LayerDrawable: 	at android.app.ActivityThread.main(ActivityThread.java:8212)
05-31 11:30:47.325 17758 17758 W LayerDrawable: 	at java.lang.reflect.Method.invoke(Native Method)
05-31 11:30:47.325 17758 17758 W LayerDrawable: 	at com.android.internal.os.RuntimeInit$MethodAndArgsCaller.run(RuntimeInit.java:584)
05-31 11:30:47.325 17758 17758 W LayerDrawable: 	at com.android.internal.os.ZygoteInit.main(ZygoteInit.java:1034)
05-31 11:30:47.325 17758 17758 W LayerDrawable: Invalid drawable added to LayerDrawable! Drawable already belongs to another owner but does not expose a constant state.
05-31 11:30:47.325 17758 17758 W LayerDrawable: java.lang.RuntimeException
05-31 11:30:47.325 17758 17758 W LayerDrawable: 	at android.graphics.drawable.LayerDrawable$ChildDrawable.<init>(LayerDrawable.java:1857)
05-31 11:30:47.325 17758 17758 W LayerDrawable: 	at android.graphics.drawable.LayerDrawable$LayerState.<init>(LayerDrawable.java:1977)
05-31 11:30:47.325 17758 17758 W LayerDrawable: 	at android.graphics.drawable.LayerDrawable.createConstantState(LayerDrawable.java:174)
05-31 11:30:47.325 17758 17758 W LayerDrawable: 	at android.graphics.drawable.LayerDrawable.mutate(LayerDrawable.java:1782)
05-31 11:30:47.325 17758 17758 W LayerDrawable: 	at y7.r3.j(r8-map-id-017af8926fce1dc0ad65912574719f65206f610252a0ea8190fe010c9cd2c4a0:83)
05-31 11:30:47.325 17758 17758 W LayerDrawable: 	at helium314.keyboard.latin.panels.MenuPanelView.k(r8-map-id-017af8926fce1dc0ad65912574719f65206f610252a0ea8190fe010c9cd2c4a0:36)
05-31 11:30:47.325 17758 17758 W LayerDrawable: 	at helium314.keyboard.latin.panels.MenuPanelView.r(r8-map-id-017af8926fce1dc0ad65912574719f65206f610252a0ea8190fe010c9cd2c4a0:400)
05-31 11:30:47.325 17758 17758 W LayerDrawable: 	at v7.b.u(r8-map-id-017af8926fce1dc0ad65912574719f65206f610252a0ea8190fe010c9cd2c4a0:199)
05-31 11:30:47.325 17758 17758 W LayerDrawable: 	at helium314.keyboard.latin.LatinIME.l(r8-map-id-017af8926fce1dc0ad65912574719f65206f610252a0ea8190fe010c9cd2c4a0:36)
05-31 11:30:47.325 17758 17758 W LayerDrawable: 	at g7.m.a(r8-map-id-017af8926fce1dc0ad65912574719f65206f610252a0ea8190fe010c9cd2c4a0:266)
05-31 11:30:47.325 17758 17758 W LayerDrawable: 	at helium314.keyboard.latin.suggestions.SuggestionStripView.onClick(r8-map-id-017af8926fce1dc0ad65912574719f65206f610252a0ea8190fe010c9cd2c4a0:45)
05-31 11:30:47.325 17758 17758 W LayerDrawable: 	at android.view.View.performClick(View.java:7488)
05-31 11:30:47.325 17758 17758 W LayerDrawable: 	at android.view.View.performClickInternal(View.java:7464)
05-31 11:30:47.325 17758 17758 W LayerDrawable: 	at android.view.View.access$3700(View.java:841)
05-31 11:30:47.325 17758 17758 W LayerDrawable: 	at android.view.View$PerformClick.run(View.java:28911)
05-31 11:30:47.325 17758 17758 W LayerDrawable: 	at android.os.Handler.handleCallback(Handler.java:938)
05-31 11:30:47.325 17758 17758 W LayerDrawable: 	at android.os.Handler.dispatchMessage(Handler.java:99)
05-31 11:30:47.325 17758 17758 W LayerDrawable: 	at android.os.Looper.loopOnce(Looper.java:233)
05-31 11:30:47.325 17758 17758 W LayerDrawable: 	at android.os.Looper.loop(Looper.java:344)
05-31 11:30:47.325 17758 17758 W LayerDrawable: 	at android.app.ActivityThread.main(ActivityThread.java:8212)
05-31 11:30:47.325 17758 17758 W LayerDrawable: 	at java.lang.reflect.Method.invoke(Native Method)
05-31 11:30:47.325 17758 17758 W LayerDrawable: 	at com.android.internal.os.RuntimeInit$MethodAndArgsCaller.run(RuntimeInit.java:584)
05-31 11:30:47.325 17758 17758 W LayerDrawable: 	at com.android.internal.os.ZygoteInit.main(ZygoteInit.java:1034)
05-31 11:30:47.326 17758 17758 W LayerDrawable: Invalid drawable added to LayerDrawable! Drawable already belongs to another owner but does not expose a constant state.
05-31 11:30:47.326 17758 17758 W LayerDrawable: java.lang.RuntimeException
05-31 11:30:47.326 17758 17758 W LayerDrawable: 	at android.graphics.drawable.LayerDrawable$ChildDrawable.<init>(LayerDrawable.java:1857)
05-31 11:30:47.326 17758 17758 W LayerDrawable: 	at android.graphics.drawable.LayerDrawable$LayerState.<init>(LayerDrawable.java:1977)
05-31 11:30:47.326 17758 17758 W LayerDrawable: 	at android.graphics.drawable.LayerDrawable.createConstantState(LayerDrawable.java:174)
05-31 11:30:47.326 17758 17758 W LayerDrawable: 	at android.graphics.drawable.LayerDrawable.mutate(LayerDrawable.java:1782)
05-31 11:30:47.326 17758 17758 W LayerDrawable: 	at y7.r3.j(r8-map-id-017af8926fce1dc0ad65912574719f65206f610252a0ea8190fe010c9cd2c4a0:83)
05-31 11:30:47.326 17758 17758 W LayerDrawable: 	at helium314.keyboard.latin.panels.MenuPanelView.k(r8-map-id-017af8926fce1dc0ad65912574719f65206f610252a0ea8190fe010c9cd2c4a0:36)
05-31 11:30:47.326 17758 17758 W LayerDrawable: 	at helium314.keyboard.latin.panels.MenuPanelView.r(r8-map-id-017af8926fce1dc0ad65912574719f65206f610252a0ea8190fe010c9cd2c4a0:400)
05-31 11:30:47.326 17758 17758 W LayerDrawable: 	at v7.b.u(r8-map-id-017af8926fce1dc0ad65912574719f65206f610252a0ea8190fe010c9cd2c4a0:199)
05-31 11:30:47.326 17758 17758 W LayerDrawable: 	at helium314.keyboard.latin.LatinIME.l(r8-map-id-017af8926fce1dc0ad65912574719f65206f610252a0ea8190fe010c9cd2c4a0:36)
05-31 11:30:47.326 17758 17758 W LayerDrawable: 	at g7.m.a(r8-map-id-017af8926fce1dc0ad65912574719f65206f610252a0ea8190fe010c9cd2c4a0:266)
05-31 11:30:47.326 17758 17758 W LayerDrawable: 	at helium314.keyboard.latin.suggestions.SuggestionStripView.onClick(r8-map-id-017af8926fce1dc0ad65912574719f65206f610252a0ea8190fe010c9cd2c4a0:45)
05-31 11:30:47.326 17758 17758 W LayerDrawable: 	at android.view.View.performClick(View.java:7488)
05-31 11:30:47.326 17758 17758 W LayerDrawable: 	at android.view.View.performClickInternal(View.java:7464)
05-31 11:30:47.326 17758 17758 W LayerDrawable: 	at android.view.View.access$3700(View.java:841)
05-31 11:30:47.326 17758 17758 W LayerDrawable: 	at android.view.View$PerformClick.run(View.java:28911)
05-31 11:30:47.326 17758 17758 W LayerDrawable: 	at android.os.Handler.handleCallback(Handler.java:938)
05-31 11:30:47.326 17758 17758 W LayerDrawable: 	at android.os.Handler.dispatchMessage(Handler.java:99)
05-31 11:30:47.326 17758 17758 W LayerDrawable: 	at android.os.Looper.loopOnce(Looper.java:233)
05-31 11:30:47.326 17758 17758 W LayerDrawable: 	at android.os.Looper.loop(Looper.java:344)
05-31 11:30:47.326 17758 17758 W LayerDrawable: 	at android.app.ActivityThread.main(ActivityThread.java:8212)
05-31 11:30:47.326 17758 17758 W LayerDrawable: 	at java.lang.reflect.Method.invoke(Native Method)
05-31 11:30:47.326 17758 17758 W LayerDrawable: 	at com.android.internal.os.RuntimeInit$MethodAndArgsCaller.run(RuntimeInit.java:584)
05-31 11:30:47.326 17758 17758 W LayerDrawable: 	at com.android.internal.os.ZygoteInit.main(ZygoteInit.java:1034)
05-31 11:30:47.326 17758 17758 W LayerDrawable: Invalid drawable added to LayerDrawable! Drawable already belongs to another owner but does not expose a constant state.
05-31 11:30:47.326 17758 17758 W LayerDrawable: java.lang.RuntimeException
05-31 11:30:47.326 17758 17758 W LayerDrawable: 	at android.graphics.drawable.LayerDrawable$ChildDrawable.<init>(LayerDrawable.java:1857)
05-31 11:30:47.326 17758 17758 W LayerDrawable: 	at android.graphics.drawable.LayerDrawable$LayerState.<init>(LayerDrawable.java:1977)
05-31 11:30:47.326 17758 17758 W LayerDrawable: 	at android.graphics.drawable.LayerDrawable.createConstantState(LayerDrawable.java:174)
05-31 11:30:47.326 17758 17758 W LayerDrawable: 	at android.graphics.drawable.LayerDrawable.mutate(LayerDrawable.java:1782)
05-31 11:30:47.326 17758 17758 W LayerDrawable: 	at y7.r3.j(r8-map-id-017af8926fce1dc0ad65912574719f65206f610252a0ea8190fe010c9cd2c4a0:83)
05-31 11:30:47.326 17758 17758 W LayerDrawable: 	at helium314.keyboard.latin.panels.MenuPanelView.k(r8-map-id-017af8926fce1dc0ad65912574719f65206f610252a0ea8190fe010c9cd2c4a0:36)
05-31 11:30:47.326 17758 17758 W LayerDrawable: 	at helium314.keyboard.latin.panels.MenuPanelView.r(r8-map-id-017af8926fce1dc0ad65912574719f65206f610252a0ea8190fe010c9cd2c4a0:444)
05-31 11:30:47.326 17758 17758 W LayerDrawable: 	at v7.b.u(r8-map-id-017af8926fce1dc0ad65912574719f65206f610252a0ea8190fe010c9cd2c4a0:199)
05-31 11:30:47.326 17758 17758 W LayerDrawable: 	at helium314.keyboard.latin.LatinIME.l(r8-map-id-017af8926fce1dc0ad65912574719f65206f610252a0ea8190fe010c9cd2c4a0:36)
05-31 11:30:47.326 17758 17758 W LayerDrawable: 	at g7.m.a(r8-map-id-017af8926fce1dc0ad65912574719f65206f610252a0ea8190fe010c9cd2c4a0:266)
05-31 11:30:47.326 17758 17758 W LayerDrawable: 	at helium314.keyboard.latin.suggestions.SuggestionStripView.onClick(r8-map-id-017af8926fce1dc0ad65912574719f65206f610252a0ea8190fe010c9cd2c4a0:45)
05-31 11:30:47.326 17758 17758 W LayerDrawable: 	at android.view.View.performClick(View.java:7488)
05-31 11:30:47.326 17758 17758 W LayerDrawable: 	at android.view.View.performClickInternal(View.java:7464)
05-31 11:30:47.326 17758 17758 W LayerDrawable: 	at android.view.View.access$3700(View.java:841)
05-31 11:30:47.326 17758 17758 W LayerDrawable: 	at android.view.View$PerformClick.run(View.java:28911)
05-31 11:30:47.326 17758 17758 W LayerDrawable: 	at android.os.Handler.handleCallback(Handler.java:938)
05-31 11:30:47.326 17758 17758 W LayerDrawable: 	at android.os.Handler.dispatchMessage(Handler.java:99)
05-31 11:30:47.326 17758 17758 W LayerDrawable: 	at android.os.Looper.loopOnce(Looper.java:233)
05-31 11:30:47.326 17758 17758 W LayerDrawable: 	at android.os.Looper.loop(Looper.java:344)
05-31 11:30:47.326 17758 17758 W LayerDrawable: 	at android.app.ActivityThread.main(ActivityThread.java:8212)
05-31 11:30:47.326 17758 17758 W LayerDrawable: 	at java.lang.reflect.Method.invoke(Native Method)
05-31 11:30:47.326 17758 17758 W LayerDrawable: 	at com.android.internal.os.RuntimeInit$MethodAndArgsCaller.run(RuntimeInit.java:584)
05-31 11:30:47.326 17758 17758 W LayerDrawable: 	at com.android.internal.os.ZygoteInit.main(ZygoteInit.java:1034)
05-31 11:30:47.326 17758 17758 W LayerDrawable: Invalid drawable added to LayerDrawable! Drawable already belongs to another owner but does not expose a constant state.
05-31 11:30:47.326 17758 17758 W LayerDrawable: java.lang.RuntimeException
05-31 11:30:47.326 17758 17758 W LayerDrawable: 	at android.graphics.drawable.LayerDrawable$ChildDrawable.<init>(LayerDrawable.java:1857)
05-31 11:30:47.326 17758 17758 W LayerDrawable: 	at android.graphics.drawable.LayerDrawable$LayerState.<init>(LayerDrawable.java:1977)
05-31 11:30:47.326 17758 17758 W LayerDrawable: 	at android.graphics.drawable.LayerDrawable.createConstantState(LayerDrawable.java:174)
05-31 11:30:47.326 17758 17758 W LayerDrawable: 	at android.graphics.drawable.LayerDrawable.mutate(LayerDrawable.java:1782)
05-31 11:30:47.326 17758 17758 W LayerDrawable: 	at y7.r3.j(r8-map-id-017af8926fce1dc0ad65912574719f65206f610252a0ea8190fe010c9cd2c4a0:83)
05-31 11:30:47.326 17758 17758 W LayerDrawable: 	at helium314.keyboard.latin.panels.MenuPanelView.k(r8-map-id-017af8926fce1dc0ad65912574719f65206f610252a0ea8190fe010c9cd2c4a0:36)
05-31 11:30:47.326 17758 17758 W LayerDrawable: 	at helium314.keyboard.latin.panels.MenuPanelView.r(r8-map-id-017af8926fce1dc0ad65912574719f65206f610252a0ea8190fe010c9cd2c4a0:444)
05-31 11:30:47.326 17758 17758 W LayerDrawable: 	at v7.b.u(r8-map-id-017af8926fce1dc0ad65912574719f65206f610252a0ea8190fe010c9cd2c4a0:199)
05-31 11:30:47.326 17758 17758 W LayerDrawable: 	at helium314.keyboard.latin.LatinIME.l(r8-map-id-017af8926fce1dc0ad65912574719f65206f610252a0ea8190fe010c9cd2c4a0:36)
05-31 11:30:47.326 17758 17758 W LayerDrawable: 	at g7.m.a(r8-map-id-017af8926fce1dc0ad65912574719f65206f610252a0ea8190fe010c9cd2c4a0:266)
05-31 11:30:47.326 17758 17758 W LayerDrawable: 	at helium314.keyboard.latin.suggestions.SuggestionStripView.onClick(r8-map-id-017af8926fce1dc0ad65912574719f65206f610252a0ea8190fe010c9cd2c4a0:45)
05-31 11:30:47.326 17758 17758 W LayerDrawable: 	at android.view.View.performClick(View.java:7488)
05-31 11:30:47.326 17758 17758 W LayerDrawable: 	at android.view.View.performClickInternal(View.java:7464)
05-31 11:30:47.326 17758 17758 W LayerDrawable: 	at android.view.View.access$3700(View.java:841)
05-31 11:30:47.326 17758 17758 W LayerDrawable: 	at android.view.View$PerformClick.run(View.java:28911)
05-31 11:30:47.326 17758 17758 W LayerDrawable: 	at android.os.Handler.handleCallback(Handler.java:938)
05-31 11:30:47.326 17758 17758 W LayerDrawable: 	at android.os.Handler.dispatchMessage(Handler.java:99)
05-31 11:30:47.326 17758 17758 W LayerDrawable: 	at android.os.Looper.loopOnce(Looper.java:233)
05-31 11:30:47.326 17758 17758 W LayerDrawable: 	at android.os.Looper.loop(Looper.java:344)
05-31 11:30:47.326 17758 17758 W LayerDrawable: 	at android.app.ActivityThread.main(ActivityThread.java:8212)
05-31 11:30:47.326 17758 17758 W LayerDrawable: 	at java.lang.reflect.Method.invoke(Native Method)
05-31 11:30:47.326 17758 17758 W LayerDrawable: 	at com.android.internal.os.RuntimeInit$MethodAndArgsCaller.run(RuntimeInit.java:584)
05-31 11:30:47.326 17758 17758 W LayerDrawable: 	at com.android.internal.os.ZygoteInit.main(ZygoteInit.java:1034)
05-31 11:30:47.839 17758 17758 E Ads     : JS: Uncaught TypeError: Cannot read properties of null (reading 's') (https://pagead2.googlesyndication.com/omsdk/releases/live/omsdk-v1.js:27)
05-31 11:30:48.175 17758 17822 W Ads     : Not retrying to fetch app settings
05-31 11:30:48.380 17758 17758 W Ads     : canOpenAppGmsgHandler disabled.
05-31 11:30:48.381 17758 17758 W Ads     : canOpenAppGmsgHandler disabled.
05-31 11:30:48.381 17758 17758 W Ads     : canOpenAppGmsgHandler disabled.
05-31 11:30:48.381 17758 17758 W Ads     : canOpenAppGmsgHandler disabled.
05-31 11:30:48.382 17758 17758 W Ads     : canOpenAppGmsgHandler disabled.
05-31 11:30:48.396 17758 17758 W Ads     : canOpenAppGmsgHandler disabled.
05-31 11:30:48.437 17758 17758 W Ads     : canOpenAppGmsgHandler disabled.
05-31 11:30:48.437 17758 17758 W Ads     : canOpenAppGmsgHandler disabled.
05-31 11:30:48.449 17758 17758 W Ads     : canOpenAppGmsgHandler disabled.
05-31 11:30:48.801 17758 17795 W VibeKeyProfiler: Slow Kotlin Suggest: Total=21.79ms | locales=3 | typedLen=1 | candidates=18 parallelWait=21.62ms
05-31 11:30:48.858 17758 17758 E Ads     : JS: Refused to get unsafe header "X-Afma-Gcache-IsGcacheHit" (https://www.gstatic.com/mysidia/38641a442446c53632a4e2bb29a65ad0.js?tag=addon/rewarded_video:434)
05-31 11:30:49.812 17758 17758 E Ads     : JS: Refused to get unsafe header "X-Afma-Gcache-IsGcacheHit" (https://www.gstatic.com/mysidia/38641a442446c53632a4e2bb29a65ad0.js?tag=addon/rewarded_video:434)
05-31 11:30:49.896 17758 17868 W libc    : Access denied finding property "vendor.oplus.media.vpp.stutter"
05-31 11:30:49.897 17758 17868 E MULTIMEDIAConfig: [getInt32:L80] Not find config, Returning default
05-31 11:30:49.897 17758 17868 E MULTIMEDIAConfig: [getInt32:L80] Not find config, Returning default
05-31 11:30:49.897 17758 17868 E OplusACodec: [OplusACodec:204] mSrOsieMMListCheckResult:0x0 mOsieVersion:1
05-31 11:30:49.945 17758 18108 E OplusACodec: [GetVideoCodingTypeFromMime:L1162] mime:video/x-vnd.on2.vp9
05-31 11:30:49.996 17758 17989 W VibeKeyProfiler: Slow Native Suggest: Total=11.97ms | Init=0.10ms | TrieExpand(x10)=11.81ms | Scoring=0.06ms | inputSize=6
05-31 11:30:49.998 17758 17795 W VibeKeyProfiler: Slow Native Suggest: Total=9.37ms | Init=0.04ms | TrieExpand(x6)=9.31ms | Scoring=0.02ms | inputSize=6
05-31 11:30:50.150 17758 17795 W VibeKeyProfiler: Slow Kotlin Suggest: Total=167.11ms | locales=3 | typedLen=6 | candidates=18 parallelWait=166.46ms
05-31 11:30:50.319 17758 17868 W cr_MediaCodecBridge: Releasing: OMX.qcom.video.decoder.vp9
05-31 11:30:50.321 17758 18106 E ExtensionsLoader: freeAllBuffers: 13 buffers were freed while being dequeued!
05-31 11:30:50.322 17758 17868 W cr_MediaCodecBridge: Codec released
05-31 11:30:50.595 18114 18114 E libcrashpad_handler_trampoline.so: createInstance(64bit) : createExtendedFactory
