06-08 11:51:27.689 10845 10845 W View    : requestLayout() improperly called by android.widget.LinearLayout{5992300 V.E...... ......ID 0,0-1528,150} during second layout pass: posting in next frame
06-08 11:51:27.689 10845 10845 W View    : requestLayout() improperly called by android.widget.TextView{cde1739 V.ED..C.. ......ID 45,0-1506,150} during second layout pass: posting in next frame
06-08 11:51:27.689 10845 10845 W View    : requestLayout() improperly called by helium314.keyboard.latin.suggestions.SpaceAssistPreviewClipLayout{4b9717e V.E...... ......ID 0,0-1380,150} during second layout pass: posting in next frame
06-08 11:51:27.701 10845 10845 W View    : requestLayout() improperly called by android.widget.LinearLayout{5992300 V.E...... ......ID 0,0-1528,150} during second layout pass: posting in next frame
06-08 11:51:27.701 10845 10845 W View    : requestLayout() improperly called by android.widget.TextView{cde1739 V.ED..C.. ......ID 45,0-1506,150} during second layout pass: posting in next frame
06-08 11:51:27.701 10845 10845 W View    : requestLayout() improperly called by helium314.keyboard.latin.suggestions.SpaceAssistPreviewClipLayout{4b9717e V.E...... ......ID 0,0-1380,150} during second layout pass: posting in next frame
06-08 11:51:31.153 10845 10845 I SpaceAssistPopup: ○ send ready=false outChars=0
06-08 11:51:31.153 10845 10845 I VkPanels: ▶ open menu
06-08 11:51:32.407 10845 10845 I VkSwipe : ▶ gesture started locale=pt-BR
06-08 11:51:32.436 10845 11220 I VkSuggestions: decode typedLen=0 candidates=18 locales=3 28,1ms
06-08 11:51:32.437 10845 11220 W VkSuggestions: slow frame 28,1ms locales=3 typedLen=0 candidates=18 parallelWait=28,0ms
06-08 11:51:32.540 10845 11220 I VkSuggestions: decode typedLen=2 candidates=18 locales=3 13,7ms
06-08 11:51:32.557 10845 11220 I VkSuggestions: decode typedLen=0 candidates=18 locales=3 16,5ms
06-08 11:51:32.557 10845 11220 W VkSuggestions: slow frame 16,5ms locales=3 typedLen=0 candidates=18 parallelWait=16,4ms
06-08 11:51:32.994 13804 13804 E libcrashpad_handler_trampoline.so: createInstance(64bit) : createExtendedFactory
06-08 11:51:32.996 13804 13804 E libcrashpad_handler_trampoline.so: createInstance(64bit) : createExtendedFactory
06-08 11:51:32.996 13804 13804 E libcrashpad_handler_trampoline.so: Opened libinputextensionsimpl.so
06-08 11:51:32.996 13804 13804 E libcrashpad_handler_trampoline.so: Opened libinputextensionsimpl.so
06-08 11:51:32.997 13804 13804 E libcrashpad_handler_trampoline.so: createInstance(64bit) : createExtendedFactory
06-08 11:51:32.998 13804 13804 E libcrashpad_handler_trampoline.so: createInstance(64bit) : createExtendedFactory
06-08 11:51:32.998 13804 13804 E libcrashpad_handler_trampoline.so: Opened libsensorextimpl.so
06-08 11:51:32.998 13804 13804 E libcrashpad_handler_trampoline.so: Opened libsensorextimpl.so
06-08 11:51:33.302 13804 13804 E chromium: [0608/115133.301033:ERROR:third_party/crashpad/crashpad/util/process/process_memory_range.cc:75] read out of range
--------- beginning of crash
06-08 11:51:33.525 10845 11220 F libc    : Fatal signal 7 (SIGBUS), code 2 (BUS_ADRERR), fault addr 0x75b420f117 in tid 11220 (d), pid 10845 (AndroidUI)
06-08 11:51:33.922 13808 13808 E DEBUG   : failed to read /proc/uptime: Permission denied
06-08 11:51:34.544 10845 10845 I VkSwipe : ▶ gesture started locale=pt-BR
06-08 11:51:34.778 10845 10845 W m       : [0] drop stale event: 1008,174|350 last: 1026,158|353
06-08 11:51:35.114 13808 13808 F DEBUG   : Process name is com.vibekey.keyboard, not key_process
06-08 11:51:35.114 13808 13808 F DEBUG   : keyProcess: 0
06-08 11:51:35.114 13808 13808 F DEBUG   : *** *** *** *** *** *** *** *** *** *** *** *** *** *** *** ***
06-08 11:51:35.114 13808 13808 F DEBUG   : Build fingerprint: 'OnePlus/OnePlus7Pro/OnePlus7Pro:12/SKQ1.211113.001/P.202303230244:user/release-keys'
06-08 11:51:35.114 13808 13808 F DEBUG   : Revision: '0'
06-08 11:51:35.114 13808 13808 F DEBUG   : ABI: 'arm64'
06-08 11:51:35.114 13808 13808 F DEBUG   : Timestamp: 2026-06-08 11:51:33.921642343-0400
06-08 11:51:35.114 13808 13808 F DEBUG   : Process uptime: 0s
06-08 11:51:35.114 13808 13808 F DEBUG   : Cmdline: com.vibekey.keyboard
06-08 11:51:35.114 13808 13808 F DEBUG   : pid: 10845, tid: 11220, name: d  >>> com.vibekey.keyboard <<<
06-08 11:51:35.114 13808 13808 F DEBUG   : uid: 14003
06-08 11:51:35.114 13808 13808 F DEBUG   : signal 7 (SIGBUS), code 2 (BUS_ADRERR), fault addr 0x75b420f117
06-08 11:51:35.114 13808 13808 F DEBUG   :     x0  0000000000000000  x1  0000000000002bd4  x2  0000000000000007  x3  00000076651c7da0
06-08 11:51:35.114 13808 13808 F DEBUG   :     x4  00000076651c76a8  x5  00000076651c76a8  x6  00000076651c76a8  x7  0000000000000000
06-08 11:51:35.114 13808 13808 F DEBUG   :     x8  00000000000000f0  x9  db746b027190efc7  x10 0000000000004001  x11 0000000000000000
06-08 11:51:35.114 13808 13808 F DEBUG   :     x12 00000000ffffffff  x13 0000000000000000  x14 b4000075133fd508  x15 00000000358637bd
06-08 11:51:35.114 13808 13808 F DEBUG   :     x16 000000757ca4b410  x17 00000076790b8f10  x18 00000074a202a000  x19 0000000000000007
06-08 11:51:35.114 13808 13808 F DEBUG   :     x20 00000076651c7da0  x21 0000000000002a5d  x22 00000076651c7d00  x23 0000000000000001
06-08 11:51:35.114 13808 13808 F DEBUG   :     x24 b40000751390fc00  x25 b4000075c4fc2190  x26 0000000000075080  x27 b40000751390db80
06-08 11:51:35.114 13808 13808 F DEBUG   :     x28 0000000000000000  x29 00000076651c7d20
06-08 11:51:35.114 13808 13808 F DEBUG   :     lr  0000007576c73da0  sp  00000076651c7d00  pc  00000076790b8f34  pst 0000000000000000
06-08 11:51:35.114 13808 13808 F DEBUG   : backtrace:
06-08 11:51:35.114 13808 13808 F DEBUG   :       #00 pc 0000000000075f34  /apex/com.android.runtime/lib64/bionic/libc.so (syscall+36) (BuildId: bbbdeb7c87c74f1491f92c6e605095b0)
06-08 11:51:35.114 13808 13808 F DEBUG   :       #01 pc 0000000004062d9c  /data/app/~~0vURfNRJhP5qOxDjXMAdJA==/com.google.android.webview-1jICq8A_gawMkQD3QY60ZA==/base.apk!libwebviewchromium.so (BuildId: 6830cf8493d489d274dd2200dc390799760c2507)
06-08 11:51:35.114 13808 13808 F DEBUG   :       #02 pc 0000000004059518  /data/app/~~0vURfNRJhP5qOxDjXMAdJA==/com.google.android.webview-1jICq8A_gawMkQD3QY60ZA==/base.apk!libwebviewchromium.so (BuildId: 6830cf8493d489d274dd2200dc390799760c2507)
06-08 11:51:35.114 13808 13808 F DEBUG   :       #03 pc 0000000000000638  [vdso] (__kernel_rt_sigreturn+0)
06-08 11:51:35.114 13808 13808 F DEBUG   :       #04 pc 00000000000b62f4  /data/app/~~-GD3KGFiUblgotCOoMVxrA==/com.vibekey.keyboard-WtexFrMjv3KGtSpZlgCMmw==/lib/arm64/libjni_latinime.so (latinime::PatriciaTrieReadingUtils::getPtNodeArraySizeAndAdvancePosition(unsigned char const*, int, int*)+44) (BuildId: f905dbd1a904967a994cf833116e517b05caa863)
06-08 11:51:35.114 13808 13808 F DEBUG   :       #05 pc 00000000000b6c2c  /data/app/~~-GD3KGFiUblgotCOoMVxrA==/com.vibekey.keyboard-WtexFrMjv3KGtSpZlgCMmw==/lib/arm64/libjni_latinime.so (latinime::PatriciaTriePolicy::createAndGetAllChildDicNodes(latinime::DicNode const*, latinime::DicNodeVector*) const+112) (BuildId: f905dbd1a904967a994cf833116e517b05caa863)
06-08 11:51:35.114 13808 13808 F DEBUG   :       #06 pc 00000000000d598c  /data/app/~~-GD3KGFiUblgotCOoMVxrA==/com.vibekey.keyboard-WtexFrMjv3KGtSpZlgCMmw==/lib/arm64/libjni_latinime.so (latinime::Suggest::processDicNodeAsOmission(latinime::DicTraverseSession*, latinime::DicNode*) const+84) (BuildId: f905dbd1a904967a994cf833116e517b05caa863)
06-08 11:51:35.114 13808 13808 F DEBUG   :       #07 pc 00000000000d4a88  /data/app/~~-GD3KGFiUblgotCOoMVxrA==/com.vibekey.keyboard-WtexFrMjv3KGtSpZlgCMmw==/lib/arm64/libjni_latinime.so (latinime::Suggest::expandCurrentDicNodes(latinime::DicTraverseSession*) const+1732) (BuildId: f905dbd1a904967a994cf833116e517b05caa863)
06-08 11:51:35.114 13808 13808 F DEBUG   :       #08 pc 00000000000d3c0c  /data/app/~~-GD3KGFiUblgotCOoMVxrA==/com.vibekey.keyboard-WtexFrMjv3KGtSpZlgCMmw==/lib/arm64/libjni_latinime.so (latinime::Suggest::getSuggestions(latinime::ProximityInfo*, void*, int*, int*, int*, int*, int*, int, float, latinime::SuggestionResults*) const+504) (BuildId: f905dbd1a904967a994cf833116e517b05caa863)
06-08 11:51:35.114 13808 13808 F DEBUG   :       #09 pc 000000000009fd88  /data/app/~~-GD3KGFiUblgotCOoMVxrA==/com.vibekey.keyboard-WtexFrMjv3KGtSpZlgCMmw==/lib/arm64/libjni_latinime.so (BuildId: f905dbd1a904967a994cf833116e517b05caa863)
06-08 11:51:35.114 13808 13808 F DEBUG   :       #10 pc 00000000002c2100  /apex/com.android.art/lib64/libart.so (art_quick_generic_jni_trampoline+144) (BuildId: 7087b2f2160bfbf3335d54ba9779e325)
06-08 11:51:35.114 13808 13808 F DEBUG   :       #11 pc 0000000002154e7c  /memfd:jit-cache (deleted)
06-08 11:51:36.421 13845 13845 E ibekey.keyboar: Unknown bits set in runtime_flags: 0x40000000
06-08 11:51:36.539 13845 13845 W f0      : Could not load system glide typing library jni_latinimegoogle: dlopen failed: library "libjni_latinimegoogle.so" not found
06-08 11:51:36.694 13845 13845 W c       : onSharedPreferenceChanged called before loadSettings.
06-08 11:51:36.695 13845 13845 W t       : No editor info for this field. Bug?
06-08 11:51:36.704 13845 13845 I VkMultilingual: reset main=pt-BR locales=[pt,es,de] count=3
06-08 11:51:36.732 13845 13845 W ibekey.keyboar: ClassLoaderContext classpath size mismatch. expected=1, found=0 (DLC[];PCL[base.apk*116719914]{PCL[/system/framework/org.apache.http.legacy.jar*3034548894]#PCL[/apex/com.android.extservices/javalib/android.ext.adservices.jar*3839736497]#PCL[/system/framework/com.android.location.provider.jar*3633238672]#PCL[/system/framework/com.android.media.remotedisplay.jar*3472798123]#PCL[/apex/com.android.extservices/javalib/android.ext.adservices.jar*3839736497]} | DLC[];PCL[])
06-08 11:51:36.740 13845 13845 W System  : ClassLoader referenced unknown path: 
06-08 11:51:36.744 13845 13845 W ibekey.keyboar: ClassLoaderContext classpath element checksum mismatch. expected=116719914, found=3812526075 (DLC[];PCL[base.apk*116719914]{PCL[/system/framework/org.apache.http.legacy.jar*3034548894]#PCL[/apex/com.android.extservices/javalib/android.ext.adservices.jar*3839736497]#PCL[/system/framework/com.android.location.provider.jar*3633238672]#PCL[/system/framework/com.android.media.remotedisplay.jar*3472798123]#PCL[/apex/com.android.extservices/javalib/android.ext.adservices.jar*3839736497]} | DLC[];PCL[/data/app/~~-GD3KGFiUblgotCOoMVxrA==/com.vibekey.keyboard-WtexFrMjv3KGtSpZlgCMmw==/base.apk*3812526075]{PCL[/apex/com.android.extservices/javalib/android.ext.adservices.jar*3839736497]})
06-08 11:51:36.815 13845 13845 E ibekey.keyboar: ofbOpen failed with error=No such file or directory
06-08 11:51:36.815 13845 13845 E ibekey.keyboar: sysOpen failed with error=No such file or directory
06-08 11:51:36.837 13845 13905 W Ads     : Update ad debug logging enablement as false
06-08 11:51:36.861 13845 13845 E MultiApp.Impl: OplusMultiAppImpl
06-08 11:51:36.932 13845 13930 W libc    : Access denied finding property "ro.vendor.api_level"
06-08 11:51:36.937 13845 13845 W chromium: [WARNING:android_webview/browser/network_service/net_helpers.cc:137] HTTP Cache size is: 20971520
06-08 11:51:37.003 13845 13845 I VkSwipe : ○ gesture canceled
06-08 11:51:37.012 13845 13972 W libc    : Access denied finding property "vendor.camera.aux.packagelist"
06-08 11:51:37.012 13845 13972 W libc    : Access denied finding property "vendor.camera.aux.packagelist"
06-08 11:51:37.012 13845 13864 W libc    : Access denied finding property "vendor.camera.aux.packagelist"
06-08 11:51:37.014 13845 13845 I VkEffects: reload anim=scale blur=562px glow=true stickers=true
06-08 11:51:37.016 13845 13845 E OplusCustomizeRestrictionManager: sInstance is null, start a new sInstance
06-08 11:51:37.122 13845 13845 I SpaceAssistPopup: ○ send ready=false outChars=0
06-08 11:51:37.138 13845 13845 I VkTyping: ▶ open restart=false pkg=com.android.launcher inputType=589825
06-08 11:51:37.300 13845 13845 W View    : requestLayout() improperly called by android.widget.LinearLayout{d29ed05 V.E...... ......ID 0,1868-1440,2818 #7f0a010d app:id/input_view_keyboard_column} during layout: running second layout pass
06-08 11:51:37.300 13845 13845 W View    : requestLayout() improperly called by android.widget.LinearLayout{7efa15a V.E...... ......ID 0,0-1440,950 #7f0a011c app:id/main_keyboard_frame} during layout: running second layout pass
06-08 11:51:37.372 13845 13943 W cr_media: BLUETOOTH_CONNECT permission is missing.
06-08 11:51:37.374 13845 13943 W cr_media: getBluetoothAdapter() requires BLUETOOTH permission
06-08 11:51:37.374 13845 13943 W cr_media: registerBluetoothIntentsIfNeeded: Requires BLUETOOTH permission
06-08 11:51:37.515 13845 13963 W AudioCapabilities: Unsupported mime audio/ffmpeg
06-08 11:51:37.518 13845 13963 W VideoCapabilities: Unsupported mime video/ffmpeg
06-08 11:51:37.519 13845 13963 W VideoCapabilities: Unrecognized profile/level 0/3 for video/mpeg2
06-08 11:51:37.519 13845 13963 W VideoCapabilities: Unrecognized profile/level 0/3 for video/mpeg2
06-08 11:51:37.612 13845 14004 W Settings: Setting animator_duration_scale has moved from android.provider.Settings.System to android.provider.Settings.Global, returning read-only global URI.
06-08 11:51:37.615 13845 14004 E GeckoLibLoad: Load sqlite start
06-08 11:51:37.622 13845 14004 E GeckoLibLoad: Load sqlite done
06-08 11:51:37.622 13845 14004 E GeckoLibLoad: Load nss start
06-08 11:51:37.622 13845 14004 E GeckoLibLoad: Load nss done
06-08 11:51:37.646 13845 14004 E GeckoLibLoad: Loaded libs in 24.425052ms total, 12ms(91ms) user, 0ms(0ms) system, 3(3) faults
06-08 11:51:37.647 13845 14004 W GeckoThread: zerdatime 610740508 - runGecko
06-08 11:51:37.764 13845 13845 W com.vibekey.keyboard: type=1400 audit(0.0:264798): avc: denied { bind } for comm=4E65746C696E6B204D6F6E69746F72 scontext=u:r:untrusted_app:s0:c163,c271,c512,c768 tcontext=u:r:untrusted_app:s0:c163,c271,c512,c768 tclass=netlink_route_socket permissive=0 bug=b/155595000 app=com.vibekey.keyboard
06-08 11:51:37.801 13845 14004 E ibekey.keyboar: hiddenapi: Accessing hidden field Ljava/lang/Boolean;->value:Z (runtime_flags=0, domain=core-platform, api=max-target-p) from Lorg/mozilla/gecko/GeckoThread; (domain=app, TargetSdkVersion=35) using JNI: denied
06-08 11:51:37.801 13845 14004 E ibekey.keyboar: hiddenapi: Accessing hidden field Ljava/lang/Integer;->value:I (runtime_flags=0, domain=core-platform, api=max-target-p) from Lorg/mozilla/gecko/GeckoThread; (domain=app, TargetSdkVersion=35) using JNI: denied
06-08 11:51:37.801 13845 14004 E ibekey.keyboar: hiddenapi: Accessing hidden field Ljava/lang/Long;->value:J (runtime_flags=0, domain=core-platform, api=max-target-p) from Lorg/mozilla/gecko/GeckoThread; (domain=app, TargetSdkVersion=35) using JNI: denied
06-08 11:51:37.801 13845 14004 E ibekey.keyboar: hiddenapi: Accessing hidden field Ljava/lang/Double;->value:D (runtime_flags=0, domain=core-platform, api=max-target-p) from Lorg/mozilla/gecko/GeckoThread; (domain=app, TargetSdkVersion=35) using JNI: denied
06-08 11:51:37.862 10885 10969 I OnDeviceAssist: warm ok model=qwen2.5-0.5b-instruct-q4_0.gguf ambient=40 chars 0ms
06-08 11:51:37.925 14029 14029 E .keyboard:tab2: Unknown bits set in runtime_flags: 0x40000000
06-08 11:51:38.339 10885 10916 I OnDeviceAssist: warm ok model=qwen2.5-0.5b-instruct-q4_0.gguf ambient=40 chars 0ms
06-08 11:51:38.854 13845 13883 W VibeKeyProfiler: Slow Native Suggest: Total=13.53ms | Init=0.01ms | TrieExpand(x18)=13.46ms | Scoring=0.05ms | inputSize=1
06-08 11:51:38.864 13845 13883 W VibeKeyProfiler: Slow Native Suggest: Total=8.95ms | Init=0.03ms | TrieExpand(x15)=8.90ms | Scoring=0.02ms | inputSize=1
06-08 11:51:38.876 13845 13883 W VibeKeyProfiler: Slow Native Suggest: Total=11.19ms | Init=0.00ms | TrieExpand(x16)=11.14ms | Scoring=0.05ms | inputSize=1
06-08 11:51:38.891 13845 13883 W VibeKeyProfiler: Slow Native Suggest: Total=12.12ms | Init=0.01ms | TrieExpand(x13)=12.05ms | Scoring=0.05ms | inputSize=1
06-08 11:51:38.917 13845 13883 W VibeKeyProfiler: Slow Native Suggest: Total=15.82ms | Init=0.03ms | TrieExpand(x31)=15.74ms | Scoring=0.05ms | inputSize=1
06-08 11:51:38.920 13845 13883 I VkSuggestions: decode typedLen=1 candidates=18 locales=3 79,8ms
06-08 11:51:38.921 13845 13883 W VkSuggestions: slow frame 79,8ms locales=3 typedLen=1 candidates=18 parallelWait=79,4ms
06-08 11:51:38.929 13845 13883 I VkSuggestions: strip composing typedLen=1 candidates=19 autocorrect=false top=j locale=pt
06-08 11:51:38.988 13845 13845 I SpaceAssistPopup: ○ typing idle scheduled
06-08 11:51:39.105 13845 13883 W VibeKeyProfiler: Slow Native Suggest: Total=13.01ms | Init=0.10ms | TrieExpand(x15)=12.85ms | Scoring=0.05ms | inputSize=2
06-08 11:51:39.128 13845 13883 W VibeKeyProfiler: Slow Native Suggest: Total=10.57ms | Init=0.08ms | TrieExpand(x13)=10.44ms | Scoring=0.05ms | inputSize=2
06-08 11:51:39.141 13845 13883 W VibeKeyProfiler: Slow Native Suggest: Total=10.81ms | Init=0.07ms | TrieExpand(x19)=10.69ms | Scoring=0.05ms | inputSize=2
06-08 11:51:39.145 13845 13883 I VkSuggestions: decode typedLen=2 candidates=18 locales=3 55,7ms
06-08 11:51:39.146 13845 13883 W VkSuggestions: slow frame 55,7ms locales=3 typedLen=2 candidates=18 parallelWait=55,5ms
06-08 11:51:39.152 13845 13883 I VkSuggestions: strip composing typedLen=2 candidates=12 autocorrect=false top=jh locale=pt
06-08 11:51:39.165 13845 13845 I SpaceAssistPopup: ○ typing idle scheduled
06-08 11:51:39.278 13845 13883 W VibeKeyProfiler: Slow Native Suggest: Total=10.85ms | Init=0.18ms | TrieExpand(x12)=10.62ms | Scoring=0.04ms | inputSize=3
06-08 11:51:39.304 13845 13883 W VibeKeyProfiler: Slow Native Suggest: Total=11.87ms | Init=0.11ms | TrieExpand(x13)=11.70ms | Scoring=0.05ms | inputSize=3
06-08 11:51:39.316 13845 13883 W VibeKeyProfiler: Slow Native Suggest: Total=9.79ms | Init=0.11ms | TrieExpand(x19)=9.63ms | Scoring=0.05ms | inputSize=3
06-08 11:51:39.324 13845 13883 I VkSuggestions: decode typedLen=3 candidates=18 locales=3 57,9ms
06-08 11:51:39.325 13845 13883 W VkSuggestions: slow frame 57,9ms locales=3 typedLen=3 candidates=18 parallelWait=57,5ms
06-08 11:51:39.329 13845 13883 I VkSuggestions: strip composing typedLen=3 candidates=14 autocorrect=false top=jhs locale=pt
06-08 11:51:39.718 13845 13845 I SpaceAssistPopup: ○ fetch skipped: field_too_short fieldChars=3
06-08 11:51:39.804 13845 13845 I VkSwipe : ▶ gesture started locale=pt-BR
06-08 11:51:39.828 13845 13883 W VibeKeyProfiler: Slow Native Suggest: Total=12.35ms | Init=0.01ms | TrieExpand(x18)=12.28ms | Scoring=0.06ms | inputSize=1
06-08 11:51:39.843 13845 13883 W VibeKeyProfiler: Slow Native Suggest: Total=12.26ms | Init=0.03ms | TrieExpand(x15)=12.21ms | Scoring=0.02ms | inputSize=1
06-08 11:51:39.865 13845 13883 W VibeKeyProfiler: Slow Native Suggest: Total=10.25ms | Init=0.01ms | TrieExpand(x28)=10.22ms | Scoring=0.02ms | inputSize=1
06-08 11:51:39.866 13845 13883 I VkSuggestions: decode typedLen=0 candidates=18 locales=3 57,5ms
06-08 11:51:39.867 13845 13883 W VkSuggestions: slow frame 57,5ms locales=3 typedLen=0 candidates=18 parallelWait=57,3ms
06-08 11:51:39.954 13845 13883 W VibeKeyProfiler: Slow Native Suggest: Total=9.55ms | Init=0.11ms | TrieExpand(x11)=9.38ms | Scoring=0.06ms | inputSize=2
06-08 11:51:39.968 13845 13883 W VibeKeyProfiler: Slow Native Suggest: Total=9.94ms | Init=0.10ms | TrieExpand(x20)=9.78ms | Scoring=0.05ms | inputSize=2
06-08 11:51:39.974 13845 13883 I VkSuggestions: decode typedLen=2 candidates=18 locales=3 48,8ms
06-08 11:51:39.974 13845 13883 W VkSuggestions: slow frame 48,8ms locales=3 typedLen=2 candidates=18 parallelWait=48,7ms
06-08 11:51:39.993 13845 13883 W VibeKeyProfiler: Slow Native Suggest: Total=11.44ms | Init=0.04ms | TrieExpand(x4)=11.39ms | Scoring=0.02ms | inputSize=8
06-08 11:51:40.010 13845 13883 W VibeKeyProfiler: Slow Native Suggest: Total=12.23ms | Init=0.05ms | TrieExpand(x7)=12.13ms | Scoring=0.04ms | inputSize=8
06-08 11:51:40.014 13845 13883 I VkSuggestions: decode typedLen=0 candidates=18 locales=3 39,5ms
06-08 11:51:40.014 13845 13883 W VkSuggestions: slow frame 39,5ms locales=3 typedLen=0 candidates=18 parallelWait=39,4ms
06-08 11:51:40.186 13845 13883 W VibeKeyProfiler: Slow Native Suggest: Total=9.99ms | Init=0.11ms | TrieExpand(x3)=9.83ms | Scoring=0.06ms | inputSize=3
06-08 11:51:40.220 13845 13883 W VibeKeyProfiler: Slow Native Suggest: Total=23.10ms | Init=0.10ms | TrieExpand(x4)=22.96ms | Scoring=0.05ms | inputSize=3
06-08 11:51:40.247 13845 13883 W VibeKeyProfiler: Slow Native Suggest: Total=25.98ms | Init=0.10ms | TrieExpand(x22)=25.82ms | Scoring=0.06ms | inputSize=3
06-08 11:51:40.252 13845 13883 I VkSuggestions: decode typedLen=3 candidates=18 locales=3 76,5ms
06-08 11:51:40.273 13845 13883 W VkSuggestions: slow frame 76,5ms locales=3 typedLen=3 candidates=18 parallelWait=76,2ms
06-08 11:51:40.284 13845 13883 I VkSuggestions: decode typedLen=0 candidates=18 locales=3 11,4ms
06-08 11:51:41.052 13845 13883 I VkSuggestions: decode typedLen=4 candidates=18 locales=3 18,0ms
06-08 11:51:41.053 13845 13883 W VkSuggestions: slow frame 18,0ms locales=3 typedLen=4 candidates=18 parallelWait=17,9ms
06-08 11:51:41.073 13845 13883 I VkSuggestions: decode typedLen=0 candidates=18 locales=3 19,7ms
06-08 11:51:41.073 13845 13883 W VkSuggestions: slow frame 19,7ms locales=3 typedLen=0 candidates=18 parallelWait=19,5ms
06-08 11:51:41.087 13845 13883 I VkSuggestions: decode typedLen=4 candidates=18 locales=3 12,4ms
06-08 11:51:41.104 13845 13883 I VkSuggestions: decode typedLen=0 candidates=18 locales=3 16,6ms
06-08 11:51:41.104 13845 13883 W VkSuggestions: slow frame 16,6ms locales=3 typedLen=0 candidates=18 parallelWait=16,5ms
06-08 11:51:41.126 13845 13845 I VkSwipe : ✓ gesture points=51 decodedLen=4 candidates=14 top=jefe 1322ms
06-08 11:51:41.710 13845 13845 I SpaceAssistPopup: ○ typing idle scheduled
06-08 11:51:41.834 13845 13883 I VkSuggestions: strip prediction typedLen=0 candidates=3 autocorrect=false top=to locale=pt
06-08 11:51:42.805 13845 13845 I SpaceAssistPopup: ▶ generate prompt shown fieldChars=4
06-08 11:51:42.805 13845 13845 I SpaceAssistPopup: ▶ overlay show: generate_prompt
06-08 11:51:42.808 13845 13845 I SpaceAssistPopup: ○ overlay hide: strip_inactive
06-08 11:51:42.815 10885 10969 I OnDeviceAssist: warm ok model=qwen2.5-0.5b-instruct-q4_0.gguf ambient=40 chars 0ms
06-08 11:51:43.438 13845 13845 I SpaceAssistPopup: ○ send ready=false outChars=0
06-08 11:51:43.439 13845 13845 I VkPanels: ▶ open menu
06-08 11:51:44.691 13845 13883 I VkSuggestions: decode typedLen=1 candidates=18 locales=3 26,1ms
06-08 11:51:44.692 13845 13883 W VkSuggestions: slow frame 26,1ms locales=3 typedLen=1 candidates=18 parallelWait=26,0ms
06-08 11:51:44.693 13845 13883 I VkSuggestions: strip composing typedLen=1 candidates=19 autocorrect=false top=j locale=pt
06-08 11:51:44.747 13845 13845 I SpaceAssistPopup: ○ typing idle scheduled
06-08 11:51:44.864 13845 13883 I VkSuggestions: decode typedLen=2 candidates=17 locales=3 16,5ms
06-08 11:51:44.865 13845 13883 W VkSuggestions: slow frame 16,5ms locales=3 typedLen=2 candidates=17 parallelWait=16,4ms
06-08 11:51:44.866 13845 13883 I VkSuggestions: strip composing typedLen=2 candidates=16 autocorrect=false top=ji locale=pt
06-08 11:51:44.957 13845 13845 I SpaceAssistPopup: ○ typing idle scheduled
06-08 11:51:45.072 13845 13883 I VkSuggestions: decode typedLen=3 candidates=18 locales=3 14,4ms
06-08 11:51:45.073 13845 13883 I VkSuggestions: strip composing typedLen=3 candidates=18 autocorrect=false top=jih locale=pt
06-08 11:51:45.125 13845 13845 I SpaceAssistPopup: ○ typing idle scheduled
06-08 11:51:45.239 13845 13883 I VkSuggestions: decode typedLen=4 candidates=18 locales=3 14,3ms
06-08 11:51:45.241 13845 13883 I VkSuggestions: strip composing typedLen=4 candidates=13 autocorrect=false top=jihg locale=pt
06-08 11:51:45.269 13845 13845 I SpaceAssistPopup: ○ typing idle scheduled
06-08 11:51:45.371 13845 13845 I SpaceAssistPopup: ○ typing idle scheduled
06-08 11:51:45.479 13845 13883 I VkSuggestions: decode typedLen=6 candidates=18 locales=3 7,3ms
06-08 11:51:45.481 13845 13883 I VkSuggestions: strip composing typedLen=6 candidates=19 autocorrect=false top=jihgsh locale=pt
06-08 11:51:45.923 13845 13845 I SpaceAssistPopup: ▶ generate prompt shown fieldChars=10
06-08 11:51:45.923 13845 13845 I SpaceAssistPopup: ▶ overlay show: generate_prompt
06-08 11:51:45.937 10885 10969 I OnDeviceAssist: warm ok model=qwen2.5-0.5b-instruct-q4_0.gguf ambient=40 chars 0ms
06-08 11:51:46.220 13845 13845 I SpaceAssistPopup: ○ typing idle scheduled
06-08 11:51:46.335 13845 13883 I VkSuggestions: decode typedLen=5 candidates=18 locales=3 14,6ms
06-08 11:51:46.337 13845 13883 I VkSuggestions: strip composing typedLen=5 candidates=19 autocorrect=false top=jihgs locale=pt
06-08 11:51:46.718 13845 13845 I SpaceAssistPopup: ○ overlay hide: typing
06-08 11:51:46.719 13845 13845 I SpaceAssistPopup: ○ typing idle scheduled
06-08 11:51:46.761 13845 13845 I SpaceAssistPopup: ○ typing idle scheduled
06-08 11:51:46.852 13845 14088 E ibekey.keyboar: Attempt to load writable dex file: /data/user/0/com.vibekey.keyboard/app_pccache/5/8EBCAAEC2B76C0A33B03137E81AA4B249A0F4C11/pcam.jar
06-08 11:51:46.858 13845 13845 I SpaceAssistPopup: ○ typing idle scheduled
06-08 11:51:46.854 13845 13845 W AdWorker(Defaul: type=1400 audit(0.0:264801): avc: granted { execute } for path="/data/data/com.vibekey.keyboard/app_pccache/5/8EBCAAEC2B76C0A33B03137E81AA4B249A0F4C11/pcam.jar" dev="dm-2" ino=789114 scontext=u:r:untrusted_app:s0:c163,c271,c512,c768 tcontext=u:object_r:app_data_file:s0:c163,c271,c512,c768 tclass=file app=com.vibekey.keyboard
06-08 11:51:46.869 13845 14103 W Ads     : Invoke Firebase method getInstance error.
06-08 11:51:46.869 13845 14103 W Ads     : The Google Mobile Ads SDK will not integrate with Firebase. Admob/Firebase integration requires the latest Firebase SDK jar, but Firebase SDK is either missing or out of date
06-08 11:51:46.870 13845 14086 W ServiceBindIntentUtils: Dynamic lookup for intent failed for action: com.google.android.gms.ads.service.CACHE
06-08 11:51:46.886 13845 13845 I SpaceAssistPopup: ○ typing idle scheduled
06-08 11:51:46.950 13845 13845 I SpaceAssistPopup: ○ typing idle scheduled
06-08 11:51:47.005 13845 14028 W Ads     : Not retrying to fetch app settings
06-08 11:51:47.007 13845 14028 W Ads     : Not retrying to fetch app settings
06-08 11:51:47.007 13845 14123 W ServiceBindIntentUtils: Dynamic lookup for intent failed for action: com.google.android.gms.ads.service.START
06-08 11:51:47.018 13845 13845 I SpaceAssistPopup: ○ typing idle scheduled
06-08 11:51:47.066 13845 13845 I SpaceAssistPopup: ○ typing idle scheduled
06-08 11:51:47.100 13845 13845 I SpaceAssistPopup: ○ typing idle scheduled
06-08 11:51:47.197 13845 13845 I SpaceAssistPopup: ○ typing idle scheduled
06-08 11:51:47.206 13845 13845 I SpaceAssistPopup: ○ typing idle scheduled
06-08 11:51:47.257 13845 13845 I SpaceAssistPopup: ○ typing idle scheduled
06-08 11:51:47.300 13845 13883 I VkSuggestions: strip prediction typedLen=0 candidates=3 autocorrect=false top=to locale=pt
06-08 11:51:47.317 13845 13845 I SpaceAssistPopup: ○ typing idle scheduled
06-08 11:51:47.368 13845 13845 I SpaceAssistPopup: ○ typing idle scheduled
06-08 11:51:47.418 13845 13845 I SpaceAssistPopup: ○ typing idle scheduled
06-08 11:51:47.471 13845 13845 I SpaceAssistPopup: ○ typing idle scheduled
06-08 11:51:47.951 13845 13845 I VkSwipe : ▶ gesture started locale=pt-BR
06-08 11:51:47.982 13845 13883 I VkSuggestions: decode typedLen=0 candidates=18 locales=3 29,7ms
06-08 11:51:47.982 13845 13883 W VkSuggestions: slow frame 29,7ms locales=3 typedLen=0 candidates=18 parallelWait=29,6ms
06-08 11:51:48.025 13845 13845 I SpaceAssistPopup: ○ fetch skipped: field_too_short
06-08 11:51:48.067 13845 13845 E Ads     : JS: Uncaught TypeError: Cannot read properties of null (reading 's') (https://pagead2.googlesyndication.com/omsdk/releases/live/omsdk-v1.js:27)
06-08 11:51:48.109 13845 13883 I VkSuggestions: decode typedLen=2 candidates=18 locales=3 19,3ms
06-08 11:51:48.109 13845 13883 W VkSuggestions: slow frame 19,3ms locales=3 typedLen=2 candidates=18 parallelWait=19,2ms
06-08 11:51:48.129 13845 13883 I VkSuggestions: decode typedLen=0 candidates=18 locales=3 19,2ms
06-08 11:51:48.129 13845 13883 W VkSuggestions: slow frame 19,2ms locales=3 typedLen=0 candidates=18 parallelWait=19,1ms
06-08 11:51:48.409 13845 13845 E Ads     : JS: Refused to get unsafe header "X-Afma-Gcache-IsGcacheHit" (https://www.gstatic.com/mysidia/38641a442446c53632a4e2bb29a65ad0.js?tag=addon/rewarded_video:434)
06-08 11:51:48.418 13845 13883 I VkSuggestions: decode typedLen=3 candidates=17 locales=3 14,3ms
06-08 11:51:48.424 13845 13845 E Ads     : JS: Refused to get unsafe header "X-Afma-Gcache-IsGcacheHit" (https://www.gstatic.com/mysidia/38641a442446c53632a4e2bb29a65ad0.js?tag=addon/rewarded_video:434)
06-08 11:51:48.436 13845 13883 I VkSuggestions: decode typedLen=0 candidates=18 locales=3 17,0ms
06-08 11:51:48.436 13845 13883 W VkSuggestions: slow frame 17,0ms locales=3 typedLen=0 candidates=18 parallelWait=16,9ms
06-08 11:51:48.452 13845 13934 W libc    : Access denied finding property "vendor.oplus.media.vpp.stutter"
06-08 11:51:48.455 13845 13934 E MULTIMEDIAConfig: [getInt32:L80] Not find config, Returning default
06-08 11:51:48.455 13845 13934 E MULTIMEDIAConfig: [getInt32:L80] Not find config, Returning default
06-08 11:51:48.455 13845 13934 E OplusACodec: [OplusACodec:204] mSrOsieMMListCheckResult:0x0 mOsieVersion:1
06-08 11:51:48.509 13845 14184 E ListServiceUtils: checkInListByUid module:video-statistics uid:14003 cost 1206us return 0
06-08 11:51:48.512 13845 14184 E OplusACodec: [GetVideoCodingTypeFromMime:L1162] mime:video/x-vnd.on2.vp9
06-08 11:51:48.645 13845 13930 W cr_MediaCodecBridge: Releasing: OMX.qcom.video.decoder.vp9
06-08 11:51:48.647 13845 14183 E ExtensionsLoader: freeAllBuffers: 15 buffers were freed while being dequeued!
06-08 11:51:48.647 13845 13930 W cr_MediaCodecBridge: Codec released
06-08 11:51:48.685 13845 13883 I VkSuggestions: decode typedLen=5 candidates=18 locales=3 13,0ms
06-08 11:51:48.703 13845 13883 I VkSuggestions: decode typedLen=0 candidates=18 locales=3 17,7ms
06-08 11:51:48.703 13845 13883 W VkSuggestions: slow frame 17,7ms locales=3 typedLen=0 candidates=18 parallelWait=17,7ms
06-08 11:51:48.745 13845 13883 I VkSuggestions: decode typedLen=5 candidates=18 locales=3 16,0ms
06-08 11:51:48.745 13845 13883 W VkSuggestions: slow frame 16,0ms locales=3 typedLen=5 candidates=18 parallelWait=15,9ms
06-08 11:51:48.765 13845 13883 I VkSuggestions: decode typedLen=0 candidates=18 locales=3 19,3ms
06-08 11:51:48.766 13845 13883 W VkSuggestions: slow frame 19,3ms locales=3 typedLen=0 candidates=18 parallelWait=18,9ms
06-08 11:51:48.790 13845 13845 I VkSwipe : ✓ gesture points=54 decodedLen=5 candidates=17 top=jagex 838ms
06-08 11:51:49.874 13845 13845 I SpaceAssistPopup: ○ typing idle scheduled
06-08 11:51:50.431 13845 13845 I SpaceAssistPopup: ○ fetch skipped: field_too_short
06-08 11:51:50.623 13845 13845 I VkSwipe : ▶ gesture started locale=pt-BR
06-08 11:51:50.650 13845 13883 W VkSuggestions: slow frame 26,6ms locales=3 typedLen=0 candidates=18 parallelWait=26,4ms
06-08 11:51:50.760 13845 13883 I VkSuggestions: decode typedLen=2 candidates=18 locales=3 16,8ms
06-08 11:51:50.760 13845 13883 W VkSuggestions: slow frame 16,8ms locales=3 typedLen=2 candidates=18 parallelWait=16,7ms
06-08 11:51:50.779 13845 13883 I VkSuggestions: decode typedLen=0 candidates=18 locales=3 18,6ms
06-08 11:51:50.780 13845 13883 W VkSuggestions: slow frame 18,6ms locales=3 typedLen=0 candidates=18 parallelWait=18,5ms
06-08 11:51:50.995 13845 13883 I VkSuggestions: decode typedLen=4 candidates=18 locales=3 19,0ms
06-08 11:51:50.995 13845 13883 W VkSuggestions: slow frame 19,0ms locales=3 typedLen=4 candidates=18 parallelWait=18,8ms
06-08 11:51:51.014 13845 13883 I VkSuggestions: decode typedLen=0 candidates=18 locales=3 17,7ms
06-08 11:51:51.014 13845 13883 W VkSuggestions: slow frame 17,7ms locales=3 typedLen=0 candidates=18 parallelWait=17,6ms
06-08 11:51:51.242 13845 13883 I VkSuggestions: decode typedLen=5 candidates=18 locales=3 14,2ms
06-08 11:51:51.260 13845 13883 I VkSuggestions: decode typedLen=0 candidates=18 locales=3 18,2ms
06-08 11:51:51.261 13845 13883 W VkSuggestions: slow frame 18,2ms locales=3 typedLen=0 candidates=18 parallelWait=18,0ms
06-08 11:51:51.303 13845 13883 I VkSuggestions: decode typedLen=5 candidates=18 locales=3 13,3ms
06-08 11:51:51.322 13845 13883 I VkSuggestions: decode typedLen=0 candidates=18 locales=3 17,6ms
06-08 11:51:51.322 13845 13883 W VkSuggestions: slow frame 17,6ms locales=3 typedLen=0 candidates=18 parallelWait=17,5ms
06-08 11:51:51.338 13845 13845 I VkSwipe : ✓ gesture points=50 decodedLen=4 candidates=18 top=jähe 715ms
06-08 11:51:52.629 13845 13845 I SpaceAssistPopup: ○ typing idle scheduled
06-08 11:51:52.648 13845 13845 I SpaceAssistPopup: ○ typing idle scheduled
06-08 11:51:52.692 13845 13845 I SpaceAssistPopup: ○ typing idle scheduled
06-08 11:51:52.761 13845 13845 I SpaceAssistPopup: ○ typing idle scheduled
06-08 11:51:52.812 13845 13845 I SpaceAssistPopup: ○ typing idle scheduled
06-08 11:51:52.863 13845 13845 I SpaceAssistPopup: ○ typing idle scheduled
06-08 11:51:52.912 13845 13845 I SpaceAssistPopup: ○ typing idle scheduled
06-08 11:51:52.966 13845 13845 I SpaceAssistPopup: ○ typing idle scheduled
06-08 11:51:53.478 13845 13845 I VkSwipe : ▶ gesture started locale=pt-BR
06-08 11:51:53.497 13845 13883 W VkSuggestions: slow frame 17,1ms locales=3 typedLen=0 candidates=18 parallelWait=17,0ms
06-08 11:51:53.526 13845 13845 I SpaceAssistPopup: ○ fetch skipped: field_too_short
06-08 11:51:53.618 13845 13883 W VibeKeyProfiler: Slow Native Suggest: Total=9.25ms | Init=0.13ms | TrieExpand(x14)=9.06ms | Scoring=0.06ms | inputSize=2
06-08 11:51:53.629 13845 13883 I VkSuggestions: decode typedLen=2 candidates=18 locales=3 30,8ms
06-08 11:51:53.629 13845 13883 W VkSuggestions: slow frame 30,8ms locales=3 typedLen=2 candidates=18 parallelWait=30,7ms
06-08 11:51:53.649 13845 13883 I VkSuggestions: decode typedLen=0 candidates=18 locales=3 19,3ms
06-08 11:51:53.649 13845 13883 W VkSuggestions: slow frame 19,3ms locales=3 typedLen=0 candidates=18 parallelWait=19,1ms
06-08 11:51:54.038 13845 13883 I VkSuggestions: decode typedLen=3 candidates=18 locales=3 21,0ms
06-08 11:51:54.039 13845 13883 W VkSuggestions: slow frame 21,0ms locales=3 typedLen=3 candidates=18 parallelWait=20,8ms
06-08 11:51:54.058 13845 13883 I VkSuggestions: decode typedLen=0 candidates=18 locales=3 18,6ms
06-08 11:51:54.058 13845 13883 W VkSuggestions: slow frame 18,6ms locales=3 typedLen=0 candidates=18 parallelWait=18,5ms
06-08 11:51:54.086 13845 13883 I VkSuggestions: decode typedLen=3 candidates=18 locales=3 13,9ms
06-08 11:51:54.104 13845 13883 I VkSuggestions: decode typedLen=0 candidates=18 locales=3 17,7ms
06-08 11:51:54.104 13845 13883 W VkSuggestions: slow frame 17,7ms locales=3 typedLen=0 candidates=18 parallelWait=17,6ms
06-08 11:51:54.129 13845 13845 I VkSwipe : ✓ gesture points=42 decodedLen=3 candidates=16 top=iie 650ms
06-08 11:51:55.258 13845 13845 I SpaceAssistPopup: ○ typing idle scheduled
06-08 11:51:55.485 13845 14199 E FilePhenotypeFlags: Config package com.google.android.gms.clearcut_client#com.vibekey.keyboard cannot use FILE backing without declarative registration. See go/phenotype-android-integration#phenotype for more information. This will lead to stale flags.
06-08 11:51:55.528 13845 14199 E FilePhenotypeFlags: Config package com.google.android.gms.clearcut_client#com.vibekey.keyboard cannot use FILE backing without declarative registration. See go/phenotype-android-integration#phenotype for more information. This will lead to stale flags.
06-08 11:51:55.528 13845 14199 E FilePhenotypeFlags: Config package com.google.android.gms.clearcut_client#com.vibekey.keyboard cannot use FILE backing without declarative registration. See go/phenotype-android-integration#phenotype for more information. This will lead to stale flags.
06-08 11:51:55.815 13845 13845 I SpaceAssistPopup: ○ fetch skipped: field_too_short
06-08 11:51:56.102 13845 13845 I VkSwipe : ▶ gesture started locale=pt-BR
06-08 11:51:56.112 13845 13883 W VibeKeyProfiler: Slow Native Suggest: Total=8.13ms | Init=0.12ms | TrieExpand(x11)=7.97ms | Scoring=0.03ms | inputSize=3
06-08 11:51:56.129 13845 13883 W VkSuggestions: slow frame 26,0ms locales=3 typedLen=0 candidates=18 parallelWait=25,8ms
06-08 11:51:56.216 13845 13883 W VibeKeyProfiler: Slow Native Suggest: Total=9.80ms | Init=0.16ms | TrieExpand(x11)=9.61ms | Scoring=0.03ms | inputSize=2
06-08 11:51:56.230 13845 13883 I VkSuggestions: decode typedLen=2 candidates=18 locales=3 24,9ms
06-08 11:51:56.230 13845 13883 W VkSuggestions: slow frame 24,9ms locales=3 typedLen=2 candidates=18 parallelWait=24,8ms
06-08 11:51:56.247 13845 13883 I VkSuggestions: decode typedLen=0 candidates=18 locales=3 17,0ms
06-08 11:51:56.248 13845 13883 W VkSuggestions: slow frame 17,0ms locales=3 typedLen=0 candidates=18 parallelWait=16,9ms
06-08 11:51:56.380 13845 13845 I SpaceAssistPopup: ○ typing idle scheduled
06-08 11:51:56.479 13845 13845 I SpaceAssistPopup: ○ typing idle scheduled
06-08 11:51:56.614 13845 13883 I VkSuggestions: decode typedLen=2 candidates=18 locales=3 16,8ms
06-08 11:51:56.614 13845 13883 W VkSuggestions: slow frame 16,8ms locales=3 typedLen=2 candidates=18 parallelWait=16,6ms
06-08 11:51:56.615 13845 13883 I VkSuggestions: strip composing typedLen=2 candidates=12 autocorrect=false top=dj locale=pt
06-08 11:51:56.646 13845 13845 I SpaceAssistPopup: ○ typing idle scheduled
06-08 11:51:56.759 13845 13883 I VkSuggestions: decode typedLen=3 candidates=18 locales=3 12,4ms
06-08 11:51:56.760 13845 13883 I VkSuggestions: strip composing typedLen=3 candidates=14 autocorrect=false top=djj locale=pt
06-08 11:51:56.823 13845 13845 I SpaceAssistPopup: ○ typing idle scheduled
06-08 11:51:56.937 13845 13883 I VkSuggestions: decode typedLen=4 candidates=18 locales=3 13,7ms
06-08 11:51:56.939 13845 13883 I VkSuggestions: strip composing typedLen=4 candidates=19 autocorrect=false top=djjj locale=pt
06-08 11:51:56.994 13845 13858 W ibekey.keyboar: Cleared Reference was only reachable from finalizer (only reported once)
06-08 11:51:57.039 13845 13845 I SpaceAssistPopup: ○ typing idle scheduled
06-08 11:51:57.102 13845 13845 I SpaceAssistPopup: ○ typing idle scheduled
06-08 11:51:57.215 13845 13883 I VkSuggestions: decode typedLen=6 candidates=18 locales=3 8,0ms
06-08 11:51:57.216 13845 13883 I VkSuggestions: strip composing typedLen=6 candidates=19 autocorrect=false top=djjjdh locale=pt
06-08 11:51:57.291 13845 13845 I SpaceAssistPopup: ○ typing idle scheduled
06-08 11:51:57.393 13845 13883 I VkSuggestions: decode typedLen=7 candidates=18 locales=3 2,4ms
06-08 11:51:57.394 13845 13883 I VkSuggestions: strip composing typedLen=7 candidates=19 autocorrect=false top=djjjdhg locale=pt
06-08 11:51:57.441 13845 13845 I SpaceAssistPopup: ○ typing idle scheduled
06-08 11:51:57.550 13845 13883 I VkSuggestions: decode typedLen=8 candidates=18 locales=3 6,0ms
06-08 11:51:57.553 13845 13883 I VkSuggestions: strip composing typedLen=8 candidates=19 autocorrect=false top=djjjdhgw locale=pt
06-08 11:51:57.811 13845 13845 I SpaceAssistPopup: ○ typing idle scheduled
06-08 11:51:57.921 13845 13883 I VkSuggestions: decode typedLen=9 candidates=18 locales=3 10,3ms
06-08 11:51:57.925 13845 13883 I VkSuggestions: strip composing typedLen=9 candidates=19 autocorrect=false top=djjjdhgwk locale=pt
06-08 11:51:58.026 13845 13845 I SpaceAssistPopup: ○ typing idle scheduled
06-08 11:51:58.139 13845 13883 I VkSuggestions: decode typedLen=10 candidates=18 locales=3 12,6ms
06-08 11:51:58.140 13845 13883 I VkSuggestions: strip composing typedLen=10 candidates=19 autocorrect=false top=djjjdhgwkh locale=pt
06-08 11:51:58.250 13845 13845 I SpaceAssistPopup: ○ typing idle scheduled
06-08 11:51:58.365 13845 13883 I VkSuggestions: decode typedLen=11 candidates=18 locales=3 14,0ms
06-08 11:51:58.367 13845 13883 I VkSuggestions: strip composing typedLen=11 candidates=19 autocorrect=false top=djjjdhgwkhd locale=pt
06-08 11:51:58.806 13845 13845 I SpaceAssistPopup: ▶ generate prompt shown fieldChars=11
06-08 11:51:58.807 13845 13845 I SpaceAssistPopup: ▶ overlay show: generate_prompt
06-08 11:51:58.832 10885 11921 I OnDeviceAssist: warm ok model=qwen2.5-0.5b-instruct-q4_0.gguf ambient=40 chars 0ms
06-08 11:51:58.876 13845 13845 I SpaceAssistPopup: ○ typing idle scheduled
06-08 11:51:58.914 13845 13845 I SpaceAssistPopup: ○ typing idle scheduled
06-08 11:51:58.965 13845 13845 I SpaceAssistPopup: ○ typing idle scheduled
06-08 11:51:59.028 13845 13845 I SpaceAssistPopup: ○ typing idle scheduled
06-08 11:51:59.087 13845 13845 I SpaceAssistPopup: ○ typing idle scheduled
06-08 11:51:59.117 13845 13845 I SpaceAssistPopup: ○ typing idle scheduled
06-08 11:51:59.167 13845 13845 I SpaceAssistPopup: ○ typing idle scheduled
06-08 11:51:59.230 13845 13845 I SpaceAssistPopup: ○ typing idle scheduled
06-08 11:51:59.270 13845 13845 I SpaceAssistPopup: ○ overlay hide: typing
06-08 11:51:59.271 13845 13845 I SpaceAssistPopup: ○ typing idle scheduled
06-08 11:51:59.329 13845 13845 I SpaceAssistPopup: ○ typing idle scheduled
06-08 11:51:59.478 13845 13845 I SpaceAssistPopup: ○ typing idle scheduled
06-08 11:51:59.503 13845 13845 I SpaceAssistPopup: ○ typing idle scheduled
06-08 11:51:59.538 13845 13845 I SpaceAssistPopup: ○ typing idle scheduled
06-08 11:51:59.583 13845 13883 I VkSuggestions: strip prediction typedLen=0 candidates=3 autocorrect=false top=to locale=pt
06-08 11:51:59.606 13845 13845 I SpaceAssistPopup: ○ typing idle scheduled
06-08 11:51:59.659 13845 13845 I SpaceAssistPopup: ○ typing idle scheduled
06-08 11:52:00.721 13845 13845 I SpaceAssistPopup: ○ send ready=false outChars=0
06-08 11:52:00.721 13845 13845 I VkPanels: ▶ open menu
06-08 11:52:01.987 13845 13845 I VkTyping: ○ hidden
06-08 11:52:02.091 13845 13845 W Settings: Setting transition_animation_scale has moved from android.provider.Settings.System to android.provider.Settings.Global, returning read-only value.
06-08 11:52:05.168 13845 13918 E BLASTBufferQueue: BLASTBufferItemConsumer::onDisconnect()

=== Feature activity (persisted across restarts) ===
2026-06-08 11:45:54.780786 I VkFavorites: save card Bitcoin Vibe activate=false
2026-06-08 11:45:54.855063 I VkFavorites: save card Doge Meme activate=false
2026-06-08 11:45:54.920929 I VkFavorites: save card Ethereum Vibes activate=false
2026-06-08 11:45:54.971328 I VkFavorites: save card India Popular City activate=false
2026-06-08 11:45:55.053667 I VkFavorites: save card Miami Beach Crypto activate=false
2026-06-08 11:45:55.121919 I VkFavorites: save card Nike Sneakers Crypto activate=false
2026-06-08 11:45:55.171185 I VkFavorites: save card Pepe Meme Frog activate=false
2026-06-08 11:45:55.227138 I VkFavorites: save card Times Square NFT activate=false
2026-06-08 11:45:55.284195 I VkMultilingual: reset main=pt-BR locales=[pt] count=1
2026-06-08 11:46:24.452924 I VkSwipe: ○ gesture canceled
2026-06-08 11:46:24.465260 I VkEffects: reload anim=scale blur=562px glow=true stickers=true
2026-06-08 11:46:24.549011 I SpaceAssistPopup: ○ send ready=false outChars=0
2026-06-08 11:46:24.564570 I VkTyping: ▶ open restart=false pkg=com.android.launcher inputType=589825
2026-06-08 11:46:27.219289 I VkSuggestions: decode typedLen=1 candidates=0 locales=1 1,1ms
2026-06-08 11:46:27.220714 I VkSuggestions: strip composing typedLen=1 candidates=1 autocorrect=false top=n locale=pt
2026-06-08 11:46:27.380391 I SpaceAssistPopup: ○ typing idle scheduled
2026-06-08 11:46:27.482113 I VkSuggestions: decode typedLen=2 candidates=0 locales=1 0,4ms
2026-06-08 11:46:27.497444 I VkSuggestions: strip composing typedLen=2 candidates=1 autocorrect=false top=ni locale=pt
2026-06-08 11:46:27.646131 I SpaceAssistPopup: ○ typing idle scheduled
2026-06-08 11:46:27.748934 I VkSuggestions: decode typedLen=3 candidates=0 locales=1 0,4ms
2026-06-08 11:46:27.750814 I VkSuggestions: strip composing typedLen=3 candidates=1 autocorrect=false top=nic locale=pt
2026-06-08 11:46:28.054854 I SpaceAssistPopup: ○ typing idle scheduled
2026-06-08 11:46:28.156058 I VkSuggestions: decode typedLen=4 candidates=0 locales=1 0,3ms
2026-06-08 11:46:28.157393 I VkSuggestions: strip composing typedLen=4 candidates=1 autocorrect=false top=nice locale=pt
2026-06-08 11:46:28.607414 I SpaceAssistPopup: ▶ generate prompt shown fieldChars=4
2026-06-08 11:46:28.607695 I SpaceAssistPopup: ▶ overlay show: generate_prompt
2026-06-08 11:46:28.805791 I VkAutocorrect: picked: nice
2026-06-08 11:46:28.919921 I VkSuggestions: strip prediction typedLen=0 candidates=1 autocorrect=false top=nice locale=pt
2026-06-08 11:46:30.448782 I SpaceAssistPopup: ○ overlay hide: typing
2026-06-08 11:46:30.449304 I SpaceAssistPopup: ○ typing idle scheduled
2026-06-08 11:46:30.551074 I VkSuggestions: decode typedLen=1 candidates=0 locales=1 0,3ms
2026-06-08 11:46:30.552157 I VkSuggestions: strip composing typedLen=1 candidates=1 autocorrect=false top=t locale=pt
2026-06-08 11:46:30.641431 I SpaceAssistPopup: ○ typing idle scheduled
2026-06-08 11:46:30.742985 I VkSuggestions: decode typedLen=2 candidates=1 locales=1 0,5ms
2026-06-08 11:46:30.744314 I VkSuggestions: strip composing typedLen=2 candidates=2 autocorrect=false top=to locale=pt
2026-06-08 11:46:31.009087 I VkAutocorrect: kept (typing): to
2026-06-08 11:46:31.009877 I SpaceAssistPopup: ○ typing idle scheduled
2026-06-08 11:46:31.113892 I VkSuggestions: strip prediction typedLen=0 candidates=2 autocorrect=false top=to locale=pt
2026-06-08 11:46:31.561327 I SpaceAssistPopup: ▶ generate prompt shown fieldChars=8
2026-06-08 11:46:31.561553 I SpaceAssistPopup: ▶ overlay show: generate_prompt
2026-06-08 11:46:31.603018 I SpaceAssistPopup: ○ typing idle scheduled
2026-06-08 11:46:31.707976 I VkSuggestions: decode typedLen=1 candidates=1 locales=1 0,2ms
2026-06-08 11:46:31.708735 I VkSuggestions: strip composing typedLen=1 candidates=2 autocorrect=false top=m locale=pt
2026-06-08 11:46:31.826929 I SpaceAssistPopup: ○ typing idle scheduled
2026-06-08 11:46:31.927584 I VkSuggestions: decode typedLen=2 candidates=0 locales=1 0,2ms
2026-06-08 11:46:31.928186 I VkSuggestions: strip composing typedLen=2 candidates=1 autocorrect=false top=me locale=pt
2026-06-08 11:46:32.019749 I SpaceAssistPopup: ○ overlay hide: typing
2026-06-08 11:46:32.020234 I SpaceAssistPopup: ○ typing idle scheduled
2026-06-08 11:46:32.123403 I VkSuggestions: decode typedLen=3 candidates=0 locales=1 0,4ms
2026-06-08 11:46:32.124867 I VkSuggestions: strip composing typedLen=3 candidates=1 autocorrect=false top=mee locale=pt
2026-06-08 11:46:32.294929 I SpaceAssistPopup: ○ typing idle scheduled
2026-06-08 11:46:32.396431 I VkSuggestions: decode typedLen=4 candidates=0 locales=1 0,4ms
2026-06-08 11:46:32.397761 I VkSuggestions: strip composing typedLen=4 candidates=1 autocorrect=false top=meet locale=pt
2026-06-08 11:46:32.849955 I SpaceAssistPopup: ▶ generate prompt shown fieldChars=12
2026-06-08 11:46:32.850442 I SpaceAssistPopup: ▶ overlay show: generate_prompt
2026-06-08 11:46:33.163782 I VkAutocorrect: picked: meet
2026-06-08 11:46:33.268651 I VkSuggestions: strip prediction typedLen=0 candidates=3 autocorrect=false top=to locale=pt
2026-06-08 11:46:33.540127 I SpaceAssistPopup: ○ overlay hide: typing
2026-06-08 11:46:33.540965 I SpaceAssistPopup: ○ typing idle scheduled
2026-06-08 11:46:33.645452 I VkSuggestions: decode typedLen=1 candidates=1 locales=1 1,7ms
2026-06-08 11:46:33.648768 I VkSuggestions: strip composing typedLen=1 candidates=2 autocorrect=false top=y locale=pt
2026-06-08 11:46:33.756581 I SpaceAssistPopup: ○ typing idle scheduled
2026-06-08 11:46:33.859976 I VkSuggestions: decode typedLen=2 candidates=2 locales=1 0,5ms
2026-06-08 11:46:33.862255 I VkSuggestions: strip composing typedLen=2 candidates=3 autocorrect=false top=yo locale=pt
2026-06-08 11:46:33.975216 I SpaceAssistPopup: ○ typing idle scheduled
2026-06-08 11:46:34.077799 I VkSuggestions: decode typedLen=3 candidates=1 locales=1 1,0ms
2026-06-08 11:46:34.080546 I VkSuggestions: strip composing typedLen=3 candidates=2 autocorrect=false top=you locale=pt
2026-06-08 11:46:34.491011 I VkAutocorrect: kept (typing): you
2026-06-08 11:46:34.491961 I SpaceAssistPopup: ○ typing idle scheduled
2026-06-08 11:46:34.592416 I VkSuggestions: strip prediction typedLen=0 candidates=3 autocorrect=false top=to locale=pt
2026-06-08 11:46:34.662435 I SpaceAssistPopup: ○ typing idle scheduled
2026-06-08 11:46:34.762024 I VkSuggestions: decode typedLen=1 candidates=2 locales=1 0,2ms
2026-06-08 11:46:34.762780 I VkSuggestions: strip composing typedLen=1 candidates=3 autocorrect=false top=t locale=pt
2026-06-08 11:46:34.899030 I SpaceAssistPopup: ○ typing idle scheduled
2026-06-08 11:46:34.936388 I SpaceAssistPopup: ○ typing idle scheduled
2026-06-08 11:46:35.043474 I VkSuggestions: decode typedLen=3 candidates=1 locales=1 0,5ms
2026-06-08 11:46:35.044313 I VkSuggestions: strip composing typedLen=3 candidates=2 autocorrect=false top=tod locale=pt
2026-06-08 11:46:35.111539 I SpaceAssistPopup: ○ typing idle scheduled
2026-06-08 11:46:35.191305 I SpaceAssistPopup: ○ typing idle scheduled
2026-06-08 11:46:35.293988 I VkSuggestions: decode typedLen=5 candidates=1 locales=1 0,4ms
2026-06-08 11:46:35.296605 I VkSuggestions: strip composing typedLen=5 candidates=2 autocorrect=false top=todsy locale=pt
2026-06-08 11:46:35.755825 I SpaceAssistPopup: ▶ generate prompt shown fieldChars=22
2026-06-08 11:46:35.756378 I SpaceAssistPopup: ▶ overlay show: generate_prompt
2026-06-08 11:46:36.744122 I SpaceAssistPopup: ○ overlay hide: typing
