=== VibeKey 4.1.323 (4423) ===

--------- beginning of system
06-15 13:29:17.921  8046  8046 E OplusCustomizeRestrictionManager: sInstance is null, start a new sInstance
06-15 13:31:10.231  8046  9029 E ActivityThread: Failed to find provider info for com.oplus.statistics.provider
06-15 13:31:10.231  8046  9029 E OplusStatistics--: IllegalArgumentException:java.lang.IllegalArgumentException: Unknown URL content://com.oplus.statistics.provider/track_event
06-15 13:31:22.596  9159  9159 E OplusCustomizeRestrictionManager: sInstance is null, start a new sInstance
--------- beginning of main
06-15 13:31:24.465  9394  9394 E libcrashpad_handler_trampoline.so: createInstance(64bit) : createExtendedFactory
06-15 13:31:24.473  9394  9394 E libcrashpad_handler_trampoline.so: createInstance(64bit) : createExtendedFactory
06-15 13:31:24.473  9394  9394 E libcrashpad_handler_trampoline.so: Opened libinputextensionsimpl.so
06-15 13:31:24.473  9394  9394 E libcrashpad_handler_trampoline.so: Opened libinputextensionsimpl.so
06-15 13:31:24.477  9394  9394 E libcrashpad_handler_trampoline.so: createInstance(64bit) : createExtendedFactory
06-15 13:31:24.477  9394  9394 E libcrashpad_handler_trampoline.so: createInstance(64bit) : createExtendedFactory
06-15 13:31:24.477  9394  9394 E libcrashpad_handler_trampoline.so: Opened libsensorextimpl.so
06-15 13:31:24.477  9394  9394 E libcrashpad_handler_trampoline.so: Opened libsensorextimpl.so
06-15 13:31:24.733  9159  9159 W b       : Suggestion generation timed out
--------- beginning of crash
06-15 13:31:24.747  9159  9193 F libc    : Fatal signal 7 (SIGBUS), code 2 (BUS_ADRERR), fault addr 0x76665f22b3 in tid 9193 (d), pid 9159 (AndroidUI)
06-15 13:31:24.871  9411  9411 W crash_dump64: failed to attach to thread 9402: No such process
06-15 13:31:24.871  9411  9411 E crash_dump64: failed to interrupt 9402 to detach: No such process
06-15 13:31:24.871  9411  9411 W crash_dump64: failed to ptrace interrupt thread 9402: No such process
06-15 13:31:24.871  9411  9411 W crash_dump64: failed to attach to thread 9403: No such process
06-15 13:31:24.871  9411  9411 E crash_dump64: failed to interrupt 9403 to detach: No such process
06-15 13:31:24.871  9411  9411 W crash_dump64: failed to ptrace interrupt thread 9403: No such process
06-15 13:31:25.035  9411  9411 E DEBUG   : failed to read /proc/uptime: Permission denied
06-15 13:31:25.360  9159  9159 W b       : Suggestion generation timed out
06-15 13:31:25.462  9159  9159 I VkAutocorrect: kept (typing): hola
06-15 13:31:25.913  9159  9159 W b       : Suggestion generation timed out
06-15 13:31:26.393  9411  9411 F DEBUG   : Process name is com.vibekey.keyboard, not key_process
06-15 13:31:26.393  9411  9411 F DEBUG   : keyProcess: 0
06-15 13:31:26.393  9411  9411 F DEBUG   : *** *** *** *** *** *** *** *** *** *** *** *** *** *** *** ***
06-15 13:31:26.393  9411  9411 F DEBUG   : Build fingerprint: 'OnePlus/OnePlus7Pro/OnePlus7Pro:12/SKQ1.211113.001/P.202303230244:user/release-keys'
06-15 13:31:26.393  9411  9411 F DEBUG   : Revision: '0'
06-15 13:31:26.393  9411  9411 F DEBUG   : ABI: 'arm64'
06-15 13:31:26.393  9411  9411 F DEBUG   : Timestamp: 2026-06-15 13:31:25.035185594-0400
06-15 13:31:26.393  9411  9411 F DEBUG   : Process uptime: 0s
06-15 13:31:26.393  9411  9411 F DEBUG   : Cmdline: com.vibekey.keyboard
06-15 13:31:26.393  9411  9411 F DEBUG   : pid: 9159, tid: 9193, name: d  >>> com.vibekey.keyboard <<<
06-15 13:31:26.393  9411  9411 F DEBUG   : uid: 14099
06-15 13:31:26.393  9411  9411 F DEBUG   : signal 7 (SIGBUS), code 2 (BUS_ADRERR), fault addr 0x76665f22b3
06-15 13:31:26.393  9411  9411 F DEBUG   :     x0  0000000000000000  x1  00000000000023e9  x2  0000000000000007  x3  000000768a2d7da0
06-15 13:31:26.393  9411  9411 F DEBUG   :     x4  0000000000000000  x5  0000000000000000  x6  0000000000000000  x7  0000000000000000
06-15 13:31:26.393  9411  9411 F DEBUG   :     x8  00000000000000f0  x9  db746b027190efc7  x10 0000000000004001  x11 0000000000000000
06-15 13:31:26.393  9411  9411 F DEBUG   :     x12 00000000ffffffff  x13 0000000000000000  x14 b4000074db0a4688  x15 00000000358637bd
06-15 13:31:26.393  9411  9411 F DEBUG   :     x16 000000757caad3a8  x17 00000076790b8f10  x18 000000752ec74000  x19 0000000000000007
06-15 13:31:26.393  9411  9411 F DEBUG   :     x20 000000768a2d7da0  x21 00000000000023c7  x22 000000768a2d7d00  x23 0000000000000001
06-15 13:31:26.393  9411  9411 F DEBUG   :     x24 b4000074b8343e80  x25 b4000075bb0a6d90  x26 0000000000075080  x27 b4000074b8340140
06-15 13:31:26.393  9411  9411 F DEBUG   :     x28 0000000000000000  x29 000000768a2d7d20
06-15 13:31:26.393  9411  9411 F DEBUG   :     lr  0000007576cbabc8  sp  000000768a2d7d00  pc  00000076790b8f34  pst 0000000000000000
06-15 13:31:26.393  9411  9411 F DEBUG   : backtrace:
06-15 13:31:26.393  9411  9411 F DEBUG   :       #00 pc 0000000000075f34  /apex/com.android.runtime/lib64/bionic/libc.so (syscall+36) (BuildId: bbbdeb7c87c74f1491f92c6e605095b0)
06-15 13:31:26.393  9411  9411 F DEBUG   :       #01 pc 00000000040a9bc4  /data/app/~~-XGWjzmdoRrM1YaZYK883A==/com.google.android.webview-HvpxCmuUIjPsZ4yTEw8s4w==/base.apk!libwebviewchromium.so (BuildId: f447b77da2d76e8d4d133b66c727c3ae532b54bf)
06-15 13:31:26.393  9411  9411 F DEBUG   :       #02 pc 00000000040a03c4  /data/app/~~-XGWjzmdoRrM1YaZYK883A==/com.google.android.webview-HvpxCmuUIjPsZ4yTEw8s4w==/base.apk!libwebviewchromium.so (BuildId: f447b77da2d76e8d4d133b66c727c3ae532b54bf)
06-15 13:31:26.393  9411  9411 F DEBUG   :       #03 pc 0000000000000638  [vdso] (__kernel_rt_sigreturn+0)
06-15 13:31:26.393  9411  9411 F DEBUG   :       #04 pc 00000000000b62f4  /data/app/~~a49ng8Ha_Z4xp902vxM4Mw==/com.vibekey.keyboard-CBVgXKpu__nXZvwu4nFN4Q==/lib/arm64/libjni_latinime.so (latinime::PatriciaTrieReadingUtils::getPtNodeArraySizeAndAdvancePosition(unsigned char const*, int, int*)+44) (BuildId: f905dbd1a904967a994cf833116e517b05caa863)
06-15 13:31:26.393  9411  9411 F DEBUG   :       #05 pc 00000000000b6c2c  /data/app/~~a49ng8Ha_Z4xp902vxM4Mw==/com.vibekey.keyboard-CBVgXKpu__nXZvwu4nFN4Q==/lib/arm64/libjni_latinime.so (latinime::PatriciaTriePolicy::createAndGetAllChildDicNodes(latinime::DicNode const*, latinime::DicNodeVector*) const+112) (BuildId: f905dbd1a904967a994cf833116e517b05caa863)
06-15 13:31:26.393  9411  9411 F DEBUG   :       #06 pc 00000000000d598c  /data/app/~~a49ng8Ha_Z4xp902vxM4Mw==/com.vibekey.keyboard-CBVgXKpu__nXZvwu4nFN4Q==/lib/arm64/libjni_latinime.so (latinime::Suggest::processDicNodeAsOmission(latinime::DicTraverseSession*, latinime::DicNode*) const+84) (BuildId: f905dbd1a904967a994cf833116e517b05caa863)
06-15 13:31:26.393  9411  9411 F DEBUG   :       #07 pc 00000000000d4a88  /data/app/~~a49ng8Ha_Z4xp902vxM4Mw==/com.vibekey.keyboard-CBVgXKpu__nXZvwu4nFN4Q==/lib/arm64/libjni_latinime.so (latinime::Suggest::expandCurrentDicNodes(latinime::DicTraverseSession*) const+1732) (BuildId: f905dbd1a904967a994cf833116e517b05caa863)
06-15 13:31:26.393  9411  9411 F DEBUG   :       #08 pc 00000000000d3c0c  /data/app/~~a49ng8Ha_Z4xp902vxM4Mw==/com.vibekey.keyboard-CBVgXKpu__nXZvwu4nFN4Q==/lib/arm64/libjni_latinime.so (latinime::Suggest::getSuggestions(latinime::ProximityInfo*, void*, int*, int*, int*, int*, int*, int, float, latinime::SuggestionResults*) const+504) (BuildId: f905dbd1a904967a994cf833116e517b05caa863)
06-15 13:31:26.393  9411  9411 F DEBUG   :       #09 pc 000000000009fd88  /data/app/~~a49ng8Ha_Z4xp902vxM4Mw==/com.vibekey.keyboard-CBVgXKpu__nXZvwu4nFN4Q==/lib/arm64/libjni_latinime.so (BuildId: f905dbd1a904967a994cf833116e517b05caa863)
06-15 13:31:26.393  9411  9411 F DEBUG   :       #10 pc 00000000002c2100  /apex/com.android.art/lib64/libart.so (art_quick_generic_jni_trampoline+144) (BuildId: 7087b2f2160bfbf3335d54ba9779e325)
06-15 13:31:26.393  9411  9411 F DEBUG   :       #11 pc 00000000006692dc  /apex/com.android.art/lib64/libart.so (nterp_helper+3852) (BuildId: 7087b2f2160bfbf3335d54ba9779e325)
06-15 13:31:26.393  9411  9411 F DEBUG   :       #12 pc 0000000000228a34  /data/app/~~a49ng8Ha_Z4xp902vxM4Mw==/com.vibekey.keyboard-CBVgXKpu__nXZvwu4nFN4Q==/oat/arm64/base.vdex (com.android.inputmethod.latin.BinaryDictionary.q+572)
06-15 13:31:26.393  9411  9411 F DEBUG   :       #13 pc 0000000000669a28  /apex/com.android.art/lib64/libart.so (nterp_helper+5720) (BuildId: 7087b2f2160bfbf3335d54ba9779e325)
06-15 13:31:26.393  9411  9411 F DEBUG   :       #14 pc 00000000002287b2  /data/app/~~a49ng8Ha_Z4xp902vxM4Mw==/com.vibekey.keyboard-CBVgXKpu__nXZvwu4nFN4Q==/oat/arm64/base.vdex (com.android.inputmethod.latin.BinaryDictionary.d+2)
06-15 13:31:26.393  9411  9411 F DEBUG   :       #15 pc 0000000000669a28  /apex/com.android.art/lib64/libart.so (nterp_helper+5720) (BuildId: 7087b2f2160bfbf3335d54ba9779e325)
06-15 13:31:26.393  9411  9411 F DEBUG   :       #16 pc 0000000000aeb686  /data/app/~~a49ng8Ha_Z4xp902vxM4Mw==/com.vibekey.keyboard-CBVgXKpu__nXZvwu4nFN4Q==/oat/arm64/base.vdex (v7.k.d+50)
06-15 13:31:26.393  9411  9411 F DEBUG   :       #17 pc 0000000000669a28  /apex/com.android.art/lib64/libart.so (nterp_helper+5720) (BuildId: 7087b2f2160bfbf3335d54ba9779e325)
06-15 13:31:26.393  9411  9411 F DEBUG   :       #18 pc 0000000000aea77e  /data/app/~~a49ng8Ha_Z4xp902vxM4Mw==/com.vibekey.keyboard-CBVgXKpu__nXZvwu4nFN4Q==/oat/arm64/base.vdex (v7.e.d+70)
06-15 13:31:26.393  9411  9411 F DEBUG   :       #19 pc 0000000000669a28  /apex/com.android.art/lib64/libart.so (nterp_helper+5720) (BuildId: 7087b2f2160bfbf3335d54ba9779e325)
06-15 13:31:26.393  9411  9411 F DEBUG   :       #20 pc 00000000005b5a2e  /data/app/~~a49ng8Ha_Z4xp902vxM4Mw==/com.vibekey.keyboard-CBVgXKpu__nXZvwu4nFN4Q==/oat/arm64/base.vdex (p7.o.i+334)
06-15 13:31:26.393  9411  9411 F DEBUG   :       #21 pc 0000000000669a28  /apex/com.android.art/lib64/libart.so (nterp_helper+5720) (BuildId: 7087b2f2160bfbf3335d54ba9779e325)
06-15 13:31:26.393  9411  9411 F DEBUG   :       #22 pc 00000000005b5390  /data/app/~~a49ng8Ha_Z4xp902vxM4Mw==/com.vibekey.keyboard-CBVgXKpu__nXZvwu4nFN4Q==/oat/arm64/base.vdex (p7.o.h+392)
06-15 13:31:26.393  9411  9411 F DEBUG   :       #23 pc 0000000000669a28  /apex/com.android.art/lib64/libart.so (nterp_helper+5720) (BuildId: 7087b2f2160bfbf3335d54ba9779e325)
06-15 13:31:26.393  9411  9411 F DEBUG   :       #24 pc 00000000005b51c0  /data/app/~~a49ng8Ha_Z4xp902vxM4Mw==/com.vibekey.keyboard-CBVgXKpu__nXZvwu4nFN4Q==/oat/arm64/base.vdex (p7.o.g+112)
06-15 13:31:26.393  9411  9411 F DEBUG   :       #25 pc 0000000000669a28  /apex/com.android.art/lib64/libart.so (nterp_helper+5720) (BuildId: 7087b2f2160bfbf3335d54ba9779e325)
06-15 13:31:26.393  9411  9411 F DEBUG   :       #26 pc 00000000005bd982  /data/app/~~a49ng8Ha_Z4xp902vxM4Mw==/com.vibekey.keyboard-CBVgXKpu__nXZvwu4nFN4Q==/oat/arm64/base.vdex (p7.i1.c+266)
06-15 13:31:26.393  9411  9411 F DEBUG   :       #27 pc 0000000000669a28  /apex/com.android.art/lib64/libart.so (nterp_helper+5720) (BuildId: 7087b2f2160bfbf3335d54ba9779e325)
06-15 13:31:26.393  9411  9411 F DEBUG   :       #28 pc 00000000005bd800  /data/app/~~a49ng8Ha_Z4xp902vxM4Mw==/com.vibekey.keyboard-CBVgXKpu__nXZvwu4nFN4Q==/oat/arm64/base.vdex (p7.i1.b+2656)
06-15 13:31:26.393  9411  9411 F DEBUG   :       #29 pc 0000000000669a28  /apex/com.android.art/lib64/libart.so (nterp_helper+5720) (BuildId: 7087b2f2160bfbf3335d54ba9779e325)
06-15 13:31:26.393  9411  9411 F DEBUG   :       #30 pc 0000000000af285a  /data/app/~~a49ng8Ha_Z4xp902vxM4Mw==/com.vibekey.keyboard-CBVgXKpu__nXZvwu4nFN4Q==/oat/arm64/base.vdex (x7.b.m+1458)
06-15 13:31:26.393  9411  9411 F DEBUG   :       #31 pc 0000000000669324  /apex/com.android.art/lib64/libart.so (nterp_helper+3924) (BuildId: 7087b2f2160bfbf3335d54ba9779e325)
06-15 13:31:26.393  9411  9411 F DEBUG   :       #32 pc 00000000001a3d46  /data/app/~~a49ng8Ha_Z4xp902vxM4Mw==/com.vibekey.keyboard-CBVgXKpu__nXZvwu4nFN4Q==/oat/arm64/base.vdex (a5.a.run+102)
06-15 13:31:26.393  9411  9411 F DEBUG   :       #33 pc 000000000066a144  /apex/com.android.art/lib64/libart.so (nterp_helper+7540) (BuildId: 7087b2f2160bfbf3335d54ba9779e325)
06-15 13:31:26.393  9411  9411 F DEBUG   :       #34 pc 0000000000aef71a  /data/app/~~a49ng8Ha_Z4xp902vxM4Mw==/com.vibekey.keyboard-CBVgXKpu__nXZvwu4nFN4Q==/oat/arm64/base.vdex (x7.d.handleMessage+18)
06-15 13:31:26.393  9411  9411 F DEBUG   :       #35 pc 000000000205b2d4  /memfd:jit-zygote-cache (deleted)
06-15 13:31:27.927  9433  9433 E ibekey.keyboar: Unknown bits set in runtime_flags: 0x40000000
06-15 13:31:28.261  9433  9433 W i0      : Could not load system glide typing library jni_latinimegoogle: dlopen failed: library "libjni_latinimegoogle.so" not found
06-15 13:31:28.537  9433  9433 W t       : No editor info for this field. Bug?
06-15 13:31:28.569  9433  9433 I VkMultilingual: reset main=pt-BR locales=[pt,es] count=2
06-15 13:31:28.672  9433  9433 W ibekey.keyboar: ClassLoaderContext classpath size mismatch. expected=1, found=0 (DLC[];PCL[base.apk*116719914]{PCL[/system/framework/org.apache.http.legacy.jar*3034548894]#PCL[/apex/com.android.extservices/javalib/android.ext.adservices.jar*3839736497]#PCL[/system/framework/com.android.location.provider.jar*3633238672]#PCL[/system/framework/com.android.media.remotedisplay.jar*3472798123]#PCL[/apex/com.android.extservices/javalib/android.ext.adservices.jar*3839736497]} | DLC[];PCL[])
06-15 13:31:28.700  9433  9433 W System  : ClassLoader referenced unknown path: 
06-15 13:31:28.718  9433  9433 W ibekey.keyboar: ClassLoaderContext classpath element checksum mismatch. expected=116719914, found=3444240068 (DLC[];PCL[base.apk*116719914]{PCL[/system/framework/org.apache.http.legacy.jar*3034548894]#PCL[/apex/com.android.extservices/javalib/android.ext.adservices.jar*3839736497]#PCL[/system/framework/com.android.location.provider.jar*3633238672]#PCL[/system/framework/com.android.media.remotedisplay.jar*3472798123]#PCL[/apex/com.android.extservices/javalib/android.ext.adservices.jar*3839736497]} | DLC[];PCL[/data/app/~~a49ng8Ha_Z4xp902vxM4Mw==/com.vibekey.keyboard-CBVgXKpu__nXZvwu4nFN4Q==/base.apk*3444240068]{PCL[/apex/com.android.extservices/javalib/android.ext.adservices.jar*3839736497]})
06-15 13:31:28.899  9433  9433 E ibekey.keyboar: ofbOpen failed with error=No such file or directory
06-15 13:31:28.899  9433  9433 E ibekey.keyboar: sysOpen failed with error=No such file or directory
06-15 13:31:28.918  9433  9492 W Ads     : Update ad debug logging enablement as false
06-15 13:31:28.941  9433  9433 E MultiApp.Impl: OplusMultiAppImpl
06-15 13:31:29.008  9433  9520 W libc    : Access denied finding property "ro.vendor.api_level"
06-15 13:31:29.011  9433  9433 W chromium: [WARNING:android_webview/browser/network_service/net_helpers.cc:137] HTTP Cache size is: 20971520
06-15 13:31:29.070  9433  9556 W libc    : Access denied finding property "vendor.camera.aux.packagelist"
06-15 13:31:29.070  9433  9556 W libc    : Access denied finding property "vendor.camera.aux.packagelist"
06-15 13:31:29.071  9433  9508 W libc    : Access denied finding property "vendor.camera.aux.packagelist"
06-15 13:31:29.125  9433  9433 I VkSwipe : ○ gesture canceled
06-15 13:31:29.128  9433  9433 E OplusCustomizeRestrictionManager: sInstance is null, start a new sInstance
06-15 13:31:29.144  9433  9433 I VkEffects: reload anim=scale blur=562px glow=true stickers=true
06-15 13:31:29.237  9433  9433 I VkTyping: ▶ open restart=false pkg=com.android.launcher inputType=589825
06-15 13:31:29.347  9433  9531 W cr_media: BLUETOOTH_CONNECT permission is missing.
06-15 13:31:29.348  9433  9531 W cr_media: getBluetoothAdapter() requires BLUETOOTH permission
06-15 13:31:29.348  9433  9531 W cr_media: registerBluetoothIntentsIfNeeded: Requires BLUETOOTH permission
06-15 13:31:29.371  9433  9433 W View    : requestLayout() improperly called by android.widget.LinearLayout{8592175 V.E...... ......ID 0,1868-1440,2818 #7f0a011c app:id/main_keyboard_frame} during layout: running second layout pass
06-15 13:31:29.453  9433  9539 W AudioCapabilities: Unsupported mime audio/ffmpeg
06-15 13:31:29.454  9433  9539 W VideoCapabilities: Unsupported mime video/ffmpeg
06-15 13:31:29.454  9433  9539 W VideoCapabilities: Unrecognized profile/level 0/3 for video/mpeg2
06-15 13:31:29.454  9433  9539 W VideoCapabilities: Unrecognized profile/level 0/3 for video/mpeg2
06-15 13:31:29.572  9433  9589 W Settings: Setting animator_duration_scale has moved from android.provider.Settings.System to android.provider.Settings.Global, returning read-only global URI.
06-15 13:31:29.576  9433  9589 E GeckoLibLoad: Load sqlite start
06-15 13:31:29.577  9433  9589 E GeckoLibLoad: Load sqlite done
06-15 13:31:29.577  9433  9589 E GeckoLibLoad: Load nss start
06-15 13:31:29.577  9433  9589 E GeckoLibLoad: Load nss done
06-15 13:31:29.586  9433  9589 E GeckoLibLoad: Loaded libs in 9.532396ms total, 0ms(18ms) user, 5ms(19ms) system, 0(0) faults
06-15 13:31:29.587  9433  9589 W GeckoThread: zerdatime 1221530451 - runGecko
06-15 13:31:29.629  9433  9433 W com.vibekey.keyboard: type=1400 audit(0.0:482743): avc: denied { bind } for comm=4E65746C696E6B204D6F6E69746F72 scontext=u:r:untrusted_app:s0:c3,c272,c512,c768 tcontext=u:r:untrusted_app:s0:c3,c272,c512,c768 tclass=netlink_route_socket permissive=0 bug=b/155595000 app=com.vibekey.keyboard
06-15 13:31:29.659  9433  9589 E ibekey.keyboar: hiddenapi: Accessing hidden field Ljava/lang/Boolean;->value:Z (runtime_flags=0, domain=core-platform, api=max-target-p) from Lorg/mozilla/gecko/GeckoThread; (domain=app, TargetSdkVersion=35) using JNI: denied
06-15 13:31:29.659  9433  9589 E ibekey.keyboar: hiddenapi: Accessing hidden field Ljava/lang/Integer;->value:I (runtime_flags=0, domain=core-platform, api=max-target-p) from Lorg/mozilla/gecko/GeckoThread; (domain=app, TargetSdkVersion=35) using JNI: denied
06-15 13:31:29.659  9433  9589 E ibekey.keyboar: hiddenapi: Accessing hidden field Ljava/lang/Long;->value:J (runtime_flags=0, domain=core-platform, api=max-target-p) from Lorg/mozilla/gecko/GeckoThread; (domain=app, TargetSdkVersion=35) using JNI: denied
06-15 13:31:29.659  9433  9589 E ibekey.keyboar: hiddenapi: Accessing hidden field Ljava/lang/Double;->value:D (runtime_flags=0, domain=core-platform, api=max-target-p) from Lorg/mozilla/gecko/GeckoThread; (domain=app, TargetSdkVersion=35) using JNI: denied
06-15 13:31:29.721  9618  9618 E .keyboard:tab2: Unknown bits set in runtime_flags: 0x40000000
06-15 13:31:29.928  9131  9337 I OnDeviceAssist: warm ok model=google_gemma-3-1b-it-qat-IQ4_NL.gguf ambient=40 chars 0ms
06-15 13:31:30.385  9131  9150 I OnDeviceAssist: warm ok model=google_gemma-3-1b-it-qat-IQ4_NL.gguf ambient=40 chars 0ms
06-15 13:31:30.733  9671  9671 E libcrashpad_handler_trampoline.so: createInstance(64bit) : createExtendedFactory
06-15 13:31:30.734  9671  9671 E libcrashpad_handler_trampoline.so: createInstance(64bit) : createExtendedFactory
06-15 13:31:30.734  9671  9671 E libcrashpad_handler_trampoline.so: Opened libinputextensionsimpl.so
06-15 13:31:30.734  9671  9671 E libcrashpad_handler_trampoline.so: Opened libinputextensionsimpl.so
06-15 13:31:30.735  9671  9671 E libcrashpad_handler_trampoline.so: createInstance(64bit) : createExtendedFactory
06-15 13:31:30.736  9671  9671 E libcrashpad_handler_trampoline.so: createInstance(64bit) : createExtendedFactory
06-15 13:31:30.736  9671  9671 E libcrashpad_handler_trampoline.so: Opened libsensorextimpl.so
06-15 13:31:30.736  9671  9671 E libcrashpad_handler_trampoline.so: Opened libsensorextimpl.so
06-15 13:31:30.850  9433  9469 F libc    : Fatal signal 7 (SIGBUS), code 2 (BUS_ADRERR), fault addr 0x7666421000 in tid 9469 (d), pid 9433 (AndroidUI)
06-15 13:31:30.910  9433  9433 W b       : Suggestion generation timed out
06-15 13:31:30.994  9674  9674 E DEBUG   : failed to readlink /proc/9469/fd/289: No such file or directory
06-15 13:31:31.122  9674  9674 E DEBUG   : failed to read /proc/uptime: Permission denied
06-15 13:31:31.776  9433  9433 W b       : Suggestion generation timed out
06-15 13:31:31.922  9433  9433 I VkAutocorrect: kept (typing): maria
06-15 13:31:31.992  9674  9674 F DEBUG   : Process name is com.vibekey.keyboard, not key_process
06-15 13:31:31.992  9674  9674 F DEBUG   : keyProcess: 0
06-15 13:31:31.992  9674  9674 F DEBUG   : *** *** *** *** *** *** *** *** *** *** *** *** *** *** *** ***
06-15 13:31:31.992  9674  9674 F DEBUG   : Build fingerprint: 'OnePlus/OnePlus7Pro/OnePlus7Pro:12/SKQ1.211113.001/P.202303230244:user/release-keys'
06-15 13:31:31.992  9674  9674 F DEBUG   : Revision: '0'
06-15 13:31:31.992  9674  9674 F DEBUG   : ABI: 'arm64'
06-15 13:31:31.992  9674  9674 F DEBUG   : Timestamp: 2026-06-15 13:31:31.122361477-0400
06-15 13:31:31.992  9674  9674 F DEBUG   : Process uptime: 0s
06-15 13:31:31.992  9674  9674 F DEBUG   : Cmdline: com.vibekey.keyboard
06-15 13:31:31.992  9674  9674 F DEBUG   : pid: 9433, tid: 9469, name: d  >>> com.vibekey.keyboard <<<
06-15 13:31:31.992  9674  9674 F DEBUG   : uid: 14099
06-15 13:31:31.992  9674  9674 F DEBUG   : signal 7 (SIGBUS), code 2 (BUS_ADRERR), fault addr 0x7666421000
06-15 13:31:31.992  9674  9674 F DEBUG   :     x0  0000000000000000  x1  00000000000024fd  x2  0000000000000007  x3  000000768a7feda0
06-15 13:31:31.992  9674  9674 F DEBUG   :     x4  000000768a7fe6a8  x5  000000768a7fe6a8  x6  000000768a7fe6a8  x7  0000000000000000
06-15 13:31:31.992  9674  9674 F DEBUG   :     x8  00000000000000f0  x9  db746b027190efc7  x10 0000000000004001  x11 0000000000000000
06-15 13:31:31.992  9674  9674 F DEBUG   :     x12 00000000ffffffff  x13 0000000000000000  x14 000000000000001f  x15 000000766641fc08
06-15 13:31:31.992  9674  9674 F DEBUG   :     x16 000000757caad3a8  x17 00000076790b8f10  x18 000000755fbfe000  x19 0000000000000007
06-15 13:31:31.992  9674  9674 F DEBUG   :     x20 000000768a7feda0  x21 00000000000024d9  x22 000000768a7fed00  x23 0000000000000001
06-15 13:31:31.992  9674  9674 F DEBUG   :     x24 00000075dbdad8d8  x25 00000075dbdad9f0  x26 00000075dbdada24  x27 0000000000000001
06-15 13:31:31.992  9674  9674 F DEBUG   :     x28 00000075dbdadfd8  x29 000000768a7fed20
06-15 13:31:31.992  9674  9674 F DEBUG   :     lr  0000007576cbabc8  sp  000000768a7fed00  pc  00000076790b8f34  pst 0000000000000000
06-15 13:31:31.992  9674  9674 F DEBUG   : backtrace:
06-15 13:31:31.992  9674  9674 F DEBUG   :       #00 pc 0000000000075f34  /apex/com.android.runtime/lib64/bionic/libc.so (syscall+36) (BuildId: bbbdeb7c87c74f1491f92c6e605095b0)
06-15 13:31:31.992  9674  9674 F DEBUG   :       #01 pc 00000000040a9bc4  /data/app/~~-XGWjzmdoRrM1YaZYK883A==/com.google.android.webview-HvpxCmuUIjPsZ4yTEw8s4w==/base.apk!libwebviewchromium.so (BuildId: f447b77da2d76e8d4d133b66c727c3ae532b54bf)
06-15 13:31:31.992  9674  9674 F DEBUG   :       #02 pc 00000000040a03c4  /data/app/~~-XGWjzmdoRrM1YaZYK883A==/com.google.android.webview-HvpxCmuUIjPsZ4yTEw8s4w==/base.apk!libwebviewchromium.so (BuildId: f447b77da2d76e8d4d133b66c727c3ae532b54bf)
06-15 13:31:31.992  9674  9674 F DEBUG   :       #03 pc 0000000000000638  [vdso] (__kernel_rt_sigreturn+0)
06-15 13:31:31.992  9674  9674 F DEBUG   :       #04 pc 00000000000b67fc  /data/app/~~a49ng8Ha_Z4xp902vxM4Mw==/com.vibekey.keyboard-CBVgXKpu__nXZvwu4nFN4Q==/lib/arm64/libjni_latinime.so (latinime::PatriciaTrieReadingUtils::readPtNodeInfo(unsigned char const*, int, int, latinime::DictionaryShortcutsStructurePolicy const*, latinime::DictionaryBigramsStructurePolicy const*, int const*, unsigned char*, int*, int*, int*, int*, int*, int*, int*)+200) (BuildId: f905dbd1a904967a994cf833116e517b05caa863)
06-15 13:31:31.992  9674  9674 F DEBUG   :       #05 pc 00000000000b8980  /data/app/~~a49ng8Ha_Z4xp902vxM4Mw==/com.vibekey.keyboard-CBVgXKpu__nXZvwu4nFN4Q==/lib/arm64/libjni_latinime.so (latinime::Ver2ParticiaTrieNodeReader::fetchPtNodeParamsInBufferFromPtNodePos(int) const+140) (BuildId: f905dbd1a904967a994cf833116e517b05caa863)
06-15 13:31:31.992  9674  9674 F DEBUG   :       #06 pc 00000000000b4b74  /data/app/~~a49ng8Ha_Z4xp902vxM4Mw==/com.vibekey.keyboard-CBVgXKpu__nXZvwu4nFN4Q==/lib/arm64/libjni_latinime.so (latinime::DynamicPtReadingHelper::getTerminalPtNodePositionOfWord(int const*, unsigned long, bool)+232) (BuildId: f905dbd1a904967a994cf833116e517b05caa863)
06-15 13:31:31.992  9674  9674 F DEBUG   :       #07 pc 00000000000b7324  /data/app/~~a49ng8Ha_Z4xp902vxM4Mw==/com.vibekey.keyboard-CBVgXKpu__nXZvwu4nFN4Q==/lib/arm64/libjni_latinime.so (latinime::PatriciaTriePolicy::getWordId(latinime::IntArrayView, bool) const+184) (BuildId: f905dbd1a904967a994cf833116e517b05caa863)
06-15 13:31:31.992  9674  9674 F DEBUG   :       #08 pc 00000000000a7d54  /data/app/~~a49ng8Ha_Z4xp902vxM4Mw==/com.vibekey.keyboard-CBVgXKpu__nXZvwu4nFN4Q==/lib/arm64/libjni_latinime.so (latinime::NgramContext::getWordId(latinime::DictionaryStructureWithBufferPolicy const*, int const*, int, bool, bool)+232) (BuildId: f905dbd1a904967a994cf833116e517b05caa863)
06-15 13:31:31.993  9674  9674 F DEBUG   :       #09 pc 00000000000d337c  /data/app/~~a49ng8Ha_Z4xp902vxM4Mw==/com.vibekey.keyboard-CBVgXKpu__nXZvwu4nFN4Q==/lib/arm64/libjni_latinime.so (latinime::DicTraverseSession::init(latinime::Dictionary const*, latinime::NgramContext const*, latinime::SuggestOptions const*)+124) (BuildId: f905dbd1a904967a994cf833116e517b05caa863)
06-15 13:31:31.993  9674  9674 F DEBUG   :       #10 pc 00000000000c8bd0  /data/app/~~a49ng8Ha_Z4xp902vxM4Mw==/com.vibekey.keyboard-CBVgXKpu__nXZvwu4nFN4Q==/lib/arm64/libjni_latinime.so (latinime::Dictionary::getSuggestions(latinime::ProximityInfo*, latinime::DicTraverseSession*, int*, int*, int*, int*, int*, int, latinime::NgramContext const*, latinime::SuggestOptions const*, float, latinime::SuggestionResults*) const+104) (BuildId: f905dbd1a904967a994cf833116e517b05caa863)
06-15 13:31:31.993  9674  9674 F DEBUG   :       #11 pc 000000000009fd88  /data/app/~~a49ng8Ha_Z4xp902vxM4Mw==/com.vibekey.keyboard-CBVgXKpu__nXZvwu4nFN4Q==/lib/arm64/libjni_latinime.so (BuildId: f905dbd1a904967a994cf833116e517b05caa863)
06-15 13:31:31.993  9674  9674 F DEBUG   :       #12 pc 00000000002c2100  /apex/com.android.art/lib64/libart.so (art_quick_generic_jni_trampoline+144) (BuildId: 7087b2f2160bfbf3335d54ba9779e325)
06-15 13:31:31.993  9674  9674 F DEBUG   :       #13 pc 00000000006692dc  /apex/com.android.art/lib64/libart.so (nterp_helper+3852) (BuildId: 7087b2f2160bfbf3335d54ba9779e325)
06-15 13:31:31.993  9674  9674 F DEBUG   :       #14 pc 0000000000228a34  /data/app/~~a49ng8Ha_Z4xp902vxM4Mw==/com.vibekey.keyboard-CBVgXKpu__nXZvwu4nFN4Q==/oat/arm64/base.vdex (com.android.inputmethod.latin.BinaryDictionary.q+572)
06-15 13:31:31.993  9674  9674 F DEBUG   :       #15 pc 0000000000669a28  /apex/com.android.art/lib64/libart.so (nterp_helper+5720) (BuildId: 7087b2f2160bfbf3335d54ba9779e325)
06-15 13:31:31.993  9674  9674 F DEBUG   :       #16 pc 00000000002287b2  /data/app/~~a49ng8Ha_Z4xp902vxM4Mw==/com.vibekey.keyboard-CBVgXKpu__nXZvwu4nFN4Q==/oat/arm64/base.vdex (com.android.inputmethod.latin.BinaryDictionary.d+2)
06-15 13:31:31.993  9674  9674 F DEBUG   :       #17 pc 0000000000669a28  /apex/com.android.art/lib64/libart.so (nterp_helper+5720) (BuildId: 7087b2f2160bfbf3335d54ba9779e325)
06-15 13:31:31.993  9674  9674 F DEBUG   :       #18 pc 0000000000aeb686  /data/app/~~a49ng8Ha_Z4xp902vxM4Mw==/com.vibekey.keyboard-CBVgXKpu__nXZvwu4nFN4Q==/oat/arm64/base.vdex (v7.k.d+50)
06-15 13:31:31.993  9674  9674 F DEBUG   :       #19 pc 0000000000669a28  /apex/com.android.art/lib64/libart.so (nterp_helper+5720) (BuildId: 7087b2f2160bfbf3335d54ba9779e325)
06-15 13:31:31.993  9674  9674 F DEBUG   :       #20 pc 0000000000aea77e  /data/app/~~a49ng8Ha_Z4xp902vxM4Mw==/com.vibekey.keyboard-CBVgXKpu__nXZvwu4nFN4Q==/oat/arm64/base.vdex (v7.e.d+70)
06-15 13:31:31.993  9674  9674 F DEBUG   :       #21 pc 0000000000669a28  /apex/com.android.art/lib64/libart.so (nterp_helper+5720) (BuildId: 7087b2f2160bfbf3335d54ba9779e325)
06-15 13:31:31.993  9674  9674 F DEBUG   :       #22 pc 00000000005b5a2e  /data/app/~~a49ng8Ha_Z4xp902vxM4Mw==/com.vibekey.keyboard-CBVgXKpu__nXZvwu4nFN4Q==/oat/arm64/base.vdex (p7.o.i+334)
06-15 13:31:31.993  9674  9674 F DEBUG   :       #23 pc 0000000000669a28  /apex/com.android.art/lib64/libart.so (nterp_helper+5720) (BuildId: 7087b2f2160bfbf3335d54ba9779e325)
06-15 13:31:31.993  9674  9674 F DEBUG   :       #24 pc 00000000005b5390  /data/app/~~a49ng8Ha_Z4xp902vxM4Mw==/com.vibekey.keyboard-CBVgXKpu__nXZvwu4nFN4Q==/oat/arm64/base.vdex (p7.o.h+392)
06-15 13:31:31.993  9674  9674 F DEBUG   :       #25 pc 0000000000669a28  /apex/com.android.art/lib64/libart.so (nterp_helper+5720) (BuildId: 7087b2f2160bfbf3335d54ba9779e325)
06-15 13:31:31.993  9674  9674 F DEBUG   :       #26 pc 00000000005b51c0  /data/app/~~a49ng8Ha_Z4xp902vxM4Mw==/com.vibekey.keyboard-CBVgXKpu__nXZvwu4nFN4Q==/oat/arm64/base.vdex (p7.o.g+112)
06-15 13:31:31.993  9674  9674 F DEBUG   :       #27 pc 0000000000669a28  /apex/com.android.art/lib64/libart.so (nterp_helper+5720) (BuildId: 7087b2f2160bfbf3335d54ba9779e325)
06-15 13:31:31.993  9674  9674 F DEBUG   :       #28 pc 00000000005bd982  /data/app/~~a49ng8Ha_Z4xp902vxM4Mw==/com.vibekey.keyboard-CBVgXKpu__nXZvwu4nFN4Q==/oat/arm64/base.vdex (p7.i1.c+266)
06-15 13:31:31.993  9674  9674 F DEBUG   :       #29 pc 0000000000669a28  /apex/com.android.art/lib64/libart.so (nterp_helper+5720) (BuildId: 7087b2f2160bfbf3335d54ba9779e325)
06-15 13:31:31.993  9674  9674 F DEBUG   :       #30 pc 00000000005bd800  /data/app/~~a49ng8Ha_Z4xp902vxM4Mw==/com.vibekey.keyboard-CBVgXKpu__nXZvwu4nFN4Q==/oat/arm64/base.vdex (p7.i1.b+2656)
06-15 13:31:31.993  9674  9674 F DEBUG   :       #31 pc 0000000000669a28  /apex/com.android.art/lib64/libart.so (nterp_helper+5720) (BuildId: 7087b2f2160bfbf3335d54ba9779e325)
06-15 13:31:31.993  9674  9674 F DEBUG   :       #32 pc 0000000000af285a  /data/app/~~a49ng8Ha_Z4xp902vxM4Mw==/com.vibekey.keyboard-CBVgXKpu__nXZvwu4nFN4Q==/oat/arm64/base.vdex (x7.b.m+1458)
06-15 13:31:31.993  9674  9674 F DEBUG   :       #33 pc 0000000000669324  /apex/com.android.art/lib64/libart.so (nterp_helper+3924) (BuildId: 7087b2f2160bfbf3335d54ba9779e325)
06-15 13:31:31.993  9674  9674 F DEBUG   :       #34 pc 00000000001a3d46  /data/app/~~a49ng8Ha_Z4xp902vxM4Mw==/com.vibekey.keyboard-CBVgXKpu__nXZvwu4nFN4Q==/oat/arm64/base.vdex (a5.a.run+102)
06-15 13:31:31.993  9674  9674 F DEBUG   :       #35 pc 000000000066a144  /apex/com.android.art/lib64/libart.so (nterp_helper+7540) (BuildId: 7087b2f2160bfbf3335d54ba9779e325)
06-15 13:31:31.993  9674  9674 F DEBUG   :       #36 pc 0000000000aef71a  /data/app/~~a49ng8Ha_Z4xp902vxM4Mw==/com.vibekey.keyboard-CBVgXKpu__nXZvwu4nFN4Q==/oat/arm64/base.vdex (x7.d.handleMessage+18)
06-15 13:31:31.993  9674  9674 F DEBUG   :       #37 pc 000000000205b2d4  /memfd:jit-zygote-cache (deleted)
06-15 13:31:32.358  9131  9131 W LlmEngineService: Severe memory pressure (15); evicting on-device LLM.
06-15 13:31:33.442  9692  9692 E ibekey.keyboar: Unknown bits set in runtime_flags: 0x40000000
06-15 13:31:33.748  9692  9692 W i0      : Could not load system glide typing library jni_latinimegoogle: dlopen failed: library "libjni_latinimegoogle.so" not found
06-15 13:31:34.021  9692  9692 W t       : No editor info for this field. Bug?
06-15 13:31:34.052  9692  9692 I VkMultilingual: reset main=pt-BR locales=[pt,es] count=2
06-15 13:31:34.105  9692  9692 W ibekey.keyboar: ClassLoaderContext classpath size mismatch. expected=1, found=0 (DLC[];PCL[base.apk*116719914]{PCL[/system/framework/org.apache.http.legacy.jar*3034548894]#PCL[/apex/com.android.extservices/javalib/android.ext.adservices.jar*3839736497]#PCL[/system/framework/com.android.location.provider.jar*3633238672]#PCL[/system/framework/com.android.media.remotedisplay.jar*3472798123]#PCL[/apex/com.android.extservices/javalib/android.ext.adservices.jar*3839736497]} | DLC[];PCL[])
06-15 13:31:34.112  9692  9692 W System  : ClassLoader referenced unknown path: 
06-15 13:31:34.115  9692  9692 W ibekey.keyboar: ClassLoaderContext classpath element checksum mismatch. expected=116719914, found=3444240068 (DLC[];PCL[base.apk*116719914]{PCL[/system/framework/org.apache.http.legacy.jar*3034548894]#PCL[/apex/com.android.extservices/javalib/android.ext.adservices.jar*3839736497]#PCL[/system/framework/com.android.location.provider.jar*3633238672]#PCL[/system/framework/com.android.media.remotedisplay.jar*3472798123]#PCL[/apex/com.android.extservices/javalib/android.ext.adservices.jar*3839736497]} | DLC[];PCL[/data/app/~~a49ng8Ha_Z4xp902vxM4Mw==/com.vibekey.keyboard-CBVgXKpu__nXZvwu4nFN4Q==/base.apk*3444240068]{PCL[/apex/com.android.extservices/javalib/android.ext.adservices.jar*3839736497]})
06-15 13:31:34.175  9692  9692 E ibekey.keyboar: ofbOpen failed with error=No such file or directory
06-15 13:31:34.175  9692  9692 E ibekey.keyboar: sysOpen failed with error=No such file or directory
06-15 13:31:34.202  9692  9752 W Ads     : Update ad debug logging enablement as false
06-15 13:31:34.218  9692  9692 E MultiApp.Impl: OplusMultiAppImpl
06-15 13:31:34.284  9692  9781 W libc    : Access denied finding property "ro.vendor.api_level"
06-15 13:31:34.287  9692  9692 W chromium: [WARNING:android_webview/browser/network_service/net_helpers.cc:137] HTTP Cache size is: 20971520
06-15 13:31:34.350  9692  9812 W libc    : Access denied finding property "vendor.camera.aux.packagelist"
06-15 13:31:34.350  9692  9812 W libc    : Access denied finding property "vendor.camera.aux.packagelist"
06-15 13:31:34.350  9692  9730 W libc    : Access denied finding property "vendor.camera.aux.packagelist"
06-15 13:31:34.380  9692  9692 I VkSwipe : ○ gesture canceled
06-15 13:31:34.383  9692  9692 E OplusCustomizeRestrictionManager: sInstance is null, start a new sInstance
06-15 13:31:34.398  9692  9692 I VkEffects: reload anim=scale blur=562px glow=true stickers=true
06-15 13:31:34.489  9692  9692 I VkTyping: ▶ open restart=false pkg=com.android.launcher inputType=589825
06-15 13:31:34.590  9692  9787 W cr_media: BLUETOOTH_CONNECT permission is missing.
06-15 13:31:34.591  9692  9787 W cr_media: getBluetoothAdapter() requires BLUETOOTH permission
06-15 13:31:34.591  9692  9787 W cr_media: registerBluetoothIntentsIfNeeded: Requires BLUETOOTH permission
06-15 13:31:34.613  9692  9692 W View    : requestLayout() improperly called by android.widget.LinearLayout{495317b V.E...... ......ID 0,1868-1440,2818 #7f0a011c app:id/main_keyboard_frame} during layout: running second layout pass
06-15 13:31:34.733  9692  9804 W AudioCapabilities: Unsupported mime audio/ffmpeg
06-15 13:31:34.742  9692  9804 W VideoCapabilities: Unsupported mime video/ffmpeg
06-15 13:31:34.743  9692  9804 W VideoCapabilities: Unrecognized profile/level 0/3 for video/mpeg2
06-15 13:31:34.743  9692  9804 W VideoCapabilities: Unrecognized profile/level 0/3 for video/mpeg2
06-15 13:31:34.784  9692  9844 W Settings: Setting animator_duration_scale has moved from android.provider.Settings.System to android.provider.Settings.Global, returning read-only global URI.
06-15 13:31:34.792  9692  9844 E GeckoLibLoad: Load sqlite start
06-15 13:31:34.793  9692  9844 E GeckoLibLoad: Load sqlite done
06-15 13:31:34.793  9692  9844 E GeckoLibLoad: Load nss start
06-15 13:31:34.793  9692  9844 E GeckoLibLoad: Load nss done
06-15 13:31:34.802  9692  9844 E GeckoLibLoad: Loaded libs in 9.103698ms total, 0ms(2ms) user, 5ms(18ms) system, 0(0) faults
06-15 13:31:34.803  9692  9844 W GeckoThread: zerdatime 1221535667 - runGecko
06-15 13:31:34.849  9692  9692 W com.vibekey.keyboard: type=1400 audit(0.0:482746): avc: denied { bind } for comm=4E65746C696E6B204D6F6E69746F72 scontext=u:r:untrusted_app:s0:c3,c272,c512,c768 tcontext=u:r:untrusted_app:s0:c3,c272,c512,c768 tclass=netlink_route_socket permissive=0 bug=b/155595000 app=com.vibekey.keyboard
06-15 13:31:34.883  9692  9844 E ibekey.keyboar: hiddenapi: Accessing hidden field Ljava/lang/Boolean;->value:Z (runtime_flags=0, domain=core-platform, api=max-target-p) from Lorg/mozilla/gecko/GeckoThread; (domain=app, TargetSdkVersion=35) using JNI: denied
06-15 13:31:34.883  9692  9844 E ibekey.keyboar: hiddenapi: Accessing hidden field Ljava/lang/Integer;->value:I (runtime_flags=0, domain=core-platform, api=max-target-p) from Lorg/mozilla/gecko/GeckoThread; (domain=app, TargetSdkVersion=35) using JNI: denied
06-15 13:31:34.883  9692  9844 E ibekey.keyboar: hiddenapi: Accessing hidden field Ljava/lang/Long;->value:J (runtime_flags=0, domain=core-platform, api=max-target-p) from Lorg/mozilla/gecko/GeckoThread; (domain=app, TargetSdkVersion=35) using JNI: denied
06-15 13:31:34.883  9692  9844 E ibekey.keyboar: hiddenapi: Accessing hidden field Ljava/lang/Double;->value:D (runtime_flags=0, domain=core-platform, api=max-target-p) from Lorg/mozilla/gecko/GeckoThread; (domain=app, TargetSdkVersion=35) using JNI: denied
06-15 13:31:34.914  9868  9868 E .keyboard:tab3: Unknown bits set in runtime_flags: 0x40000000
06-15 13:31:36.001  9131  9338 I OnDeviceAssist: warm ok model=google_gemma-3-1b-it-qat-IQ4_NL.gguf ambient=40 chars 819ms
06-15 13:31:36.335  9692  9729 W VibeKeyProfiler: Slow Native Suggest: Total=14.26ms | Init=0.01ms | TrieExpand(x18)=14.23ms | Scoring=0.01ms | inputSize=1
06-15 13:31:36.345  9692  9729 I VkSuggestions: decode typedLen=1 candidates=18 locales=1 24,4ms
06-15 13:31:36.346  9692  9729 W VkSuggestions: slow frame 24,4ms locales=1 typedLen=1 candidates=18
06-15 13:31:36.348  9692  9729 I VkSuggestions: strip composing typedLen=1 candidates=19 autocorrect=false top=h locale=pt
06-15 13:31:36.520  9692  9729 I VkSuggestions: decode typedLen=2 candidates=18 locales=1 7,1ms
06-15 13:31:36.526  9692  9729 I VkSuggestions: strip composing typedLen=2 candidates=18 autocorrect=false top=ho locale=pt
06-15 13:31:36.725  9692  9729 I VkSuggestions: decode typedLen=3 candidates=18 locales=1 8,9ms
06-15 13:31:36.730  9692  9729 I VkAutocorrect: offered: hol → hol
06-15 13:31:36.731  9692  9729 I VkSuggestions: strip composing typedLen=3 candidates=18 autocorrect=true top=hol locale=pt
06-15 13:31:36.873  9692  9729 I VkSuggestions: decode typedLen=4 candidates=18 locales=1 6,1ms
06-15 13:31:36.874  9692  9729 I VkSuggestions: strip composing typedLen=4 candidates=18 autocorrect=false top=hola locale=pt
06-15 13:31:37.084  9692  9692 I VkAutocorrect: kept (typing): hola
06-15 13:31:37.207  9692  9729 I VkSuggestions: strip prediction typedLen=0 candidates=1 autocorrect=false top=maria locale=pt
06-15 13:31:37.944  9692  9729 I VkSuggestions: decode typedLen=2 candidates=18 locales=1 5,8ms
06-15 13:31:37.945  9692  9729 I VkSuggestions: strip composing typedLen=2 candidates=18 autocorrect=false top=ma locale=pt
06-15 13:31:38.205  9692  9729 I VkSuggestions: decode typedLen=3 candidates=18 locales=1 7,6ms
06-15 13:31:38.207  9692  9729 I VkSuggestions: strip composing typedLen=3 candidates=18 autocorrect=false top=mar locale=pt
06-15 13:31:38.467  9692  9729 I VkSuggestions: decode typedLen=5 candidates=18 locales=1 7,9ms
06-15 13:31:38.469  9692  9729 I VkAutocorrect: offered: maria → maria
06-15 13:31:38.470  9692  9729 I VkSuggestions: strip composing typedLen=5 candidates=18 autocorrect=true top=maria locale=pt
06-15 13:31:38.683  9692  9729 I VkSuggestions: decode typedLen=6 candidates=18 locales=1 7,6ms
06-15 13:31:38.690  9692  9729 I VkAutocorrect: offered: mariab → mariab
06-15 13:31:38.691  9692  9729 I VkSuggestions: strip composing typedLen=6 candidates=19 autocorrect=true top=mariab locale=pt
06-15 13:31:39.634  9692  9729 W VibeKeyProfiler: Slow Native Suggest: Total=11.31ms | Init=0.28ms | TrieExpand(x12)=10.98ms | Scoring=0.04ms | inputSize=5
06-15 13:31:39.641  9692  9729 I VkSuggestions: decode typedLen=5 candidates=18 locales=1 19,3ms
06-15 13:31:39.642  9692  9729 W VkSuggestions: slow frame 19,3ms locales=1 typedLen=5 candidates=18
06-15 13:31:39.646  9692  9729 I VkAutocorrect: offered: maria → maria
06-15 13:31:39.647  9692  9729 I VkSuggestions: strip composing typedLen=5 candidates=18 autocorrect=true top=maria locale=pt
06-15 13:31:40.156  9692  9692 I VkAutocorrect: committed (typing): maria → María
06-15 13:31:40.262  9692  9729 I VkSuggestions: strip prediction typedLen=0 candidates=3 autocorrect=false top=hola locale=pt
06-15 13:31:40.433  9692  9729 I VkSuggestions: decode typedLen=1 candidates=18 locales=1 8,7ms
06-15 13:31:40.434  9692  9729 I VkSuggestions: strip composing typedLen=1 candidates=19 autocorrect=false top=c locale=pt
06-15 13:31:40.600  9692  9729 I VkSuggestions: decode typedLen=2 candidates=18 locales=1 7,9ms
06-15 13:31:40.601  9692  9729 I VkSuggestions: strip composing typedLen=2 candidates=18 autocorrect=false top=co locale=pt
06-15 13:31:40.803  9692  9729 W VibeKeyProfiler: Slow Native Suggest: Total=12.87ms | Init=0.16ms | TrieExpand(x20)=12.64ms | Scoring=0.07ms | inputSize=3
06-15 13:31:40.804  9692  9729 I VkSuggestions: decode typedLen=3 candidates=18 locales=1 21,4ms
06-15 13:31:40.805  9692  9729 W VkSuggestions: slow frame 21,4ms locales=1 typedLen=3 candidates=18
06-15 13:31:40.808  9692  9729 I VkSuggestions: strip composing typedLen=3 candidates=18 autocorrect=false top=com locale=pt
06-15 13:31:41.025  9692  9729 W VibeKeyProfiler: Slow Native Suggest: Total=12.15ms | Init=0.47ms | TrieExpand(x16)=11.63ms | Scoring=0.05ms | inputSize=4
06-15 13:31:41.040  9692  9729 W VibeKeyProfiler: Slow Native Suggest: Total=14.70ms | Init=0.17ms | TrieExpand(x20)=14.48ms | Scoring=0.04ms | inputSize=4
06-15 13:31:41.041  9692  9729 I VkSuggestions: decode typedLen=4 candidates=18 locales=1 29,0ms
06-15 13:31:41.042  9692  9729 W VkSuggestions: slow frame 29,0ms locales=1 typedLen=4 candidates=18
06-15 13:31:41.046  9692  9729 I VkSuggestions: strip composing typedLen=4 candidates=18 autocorrect=false top=como locale=pt
06-15 13:31:41.181  9692  9692 I VkAutocorrect: kept (typing): como
06-15 13:31:41.283  9692  9729 I VkSuggestions: strip prediction typedLen=0 candidates=3 autocorrect=false top=como locale=pt
06-15 13:31:41.469  9692  9729 I VkSuggestions: decode typedLen=1 candidates=18 locales=1 8,9ms
06-15 13:31:41.470  9692  9729 I VkAutocorrect: offered: e → e
06-15 13:31:41.471  9692  9729 I VkSuggestions: strip composing typedLen=1 candidates=19 autocorrect=true top=e locale=pt
06-15 13:31:41.652  9692  9729 W VibeKeyProfiler: Slow Native Suggest: Total=9.50ms | Init=0.05ms | TrieExpand(x16)=9.40ms | Scoring=0.04ms | inputSize=2
06-15 13:31:41.655  9692  9729 I VkSuggestions: decode typedLen=2 candidates=18 locales=1 12,3ms
06-15 13:31:41.657  9692  9729 I VkSuggestions: strip composing typedLen=2 candidates=19 autocorrect=false top=ea locale=pt
06-15 13:31:41.864  9692  9729 I VkSuggestions: decode typedLen=3 candidates=18 locales=1 12,3ms
06-15 13:31:41.869  9692  9729 I VkAutocorrect: offered: eat → eat
06-15 13:31:41.869  9692  9729 I VkSuggestions: strip composing typedLen=3 candidates=19 autocorrect=true top=eat locale=pt
06-15 13:31:42.057  9692  9729 I VkSuggestions: decode typedLen=4 candidates=18 locales=1 4,7ms
06-15 13:31:42.059  9692  9729 I VkAutocorrect: offered: eata → eata
06-15 13:31:42.059  9692  9729 I VkSuggestions: strip composing typedLen=4 candidates=19 autocorrect=true top=eata locale=pt
06-15 13:31:42.153  9692  9692 I VkAutocorrect: committed (typing): eata → está
06-15 13:31:42.258  9692  9729 I VkSuggestions: strip prediction typedLen=0 candidates=3 autocorrect=false top=como locale=pt
06-15 13:31:42.922  9692  9729 W VibeKeyProfiler: Slow Native Suggest: Total=12.49ms | Init=0.14ms | TrieExpand(x17)=12.30ms | Scoring=0.05ms | inputSize=1
06-15 13:31:42.930  9692  9729 W VibeKeyProfiler: Slow Native Suggest: Total=8.40ms | Init=0.24ms | TrieExpand(x15)=8.15ms | Scoring=0.02ms | inputSize=1
06-15 13:31:42.931  9692  9729 I VkSuggestions: decode typedLen=1 candidates=18 locales=1 21,9ms
06-15 13:31:42.932  9692  9729 W VkSuggestions: slow frame 21,9ms locales=1 typedLen=1 candidates=18
06-15 13:31:42.933  9692  9729 I VkSuggestions: strip composing typedLen=1 candidates=19 autocorrect=false top=t locale=pt
06-15 13:31:43.115  9692  9729 I VkSuggestions: decode typedLen=2 candidates=18 locales=1 5,0ms
06-15 13:31:43.117  9692  9729 I VkSuggestions: strip composing typedLen=2 candidates=18 autocorrect=false top=tu locale=pt
06-15 13:31:43.278  9692  9692 I VkAutocorrect: kept (typing): tu
06-15 13:31:43.381  9692  9729 I VkSuggestions: strip prediction typedLen=0 candidates=3 autocorrect=false top=como locale=pt
06-15 13:31:44.093  9692  9729 I VkSuggestions: decode typedLen=1 candidates=18 locales=1 10,2ms
06-15 13:31:44.095  9692  9729 I VkSuggestions: strip composing typedLen=1 candidates=19 autocorrect=false top=h locale=pt
06-15 13:31:44.217  9692  9942 E ibekey.keyboar: Attempt to load writable dex file: /data/user/0/com.vibekey.keyboard/app_pccache/5/C571D7DB2E7379E33F5626D87812BBADE73E9BAD/pcam.jar
06-15 13:31:44.219  9692  9692 W AdWorker(Defaul: type=1400 audit(0.0:482756): avc: granted { execute } for path="/data/data/com.vibekey.keyboard/app_pccache/5/C571D7DB2E7379E33F5626D87812BBADE73E9BAD/pcam.jar" dev="dm-2" ino=12066612 scontext=u:r:untrusted_app:s0:c3,c272,c512,c768 tcontext=u:object_r:app_data_file:s0:c3,c272,c512,c768 tclass=file app=com.vibekey.keyboard
06-15 13:31:44.241  9692  9953 W Ads     : Invoke Firebase method getInstance error.
06-15 13:31:44.241  9692  9953 W Ads     : The Google Mobile Ads SDK will not integrate with Firebase. Admob/Firebase integration requires the latest Firebase SDK jar, but Firebase SDK is either missing or out of date
06-15 13:31:44.276  9692  9729 I VkSuggestions: decode typedLen=2 candidates=18 locales=1 12,4ms
06-15 13:31:44.281  9692  9729 I VkSuggestions: strip composing typedLen=2 candidates=18 autocorrect=false top=ho locale=pt
06-15 13:31:44.283  9692  9940 W ServiceBindIntentUtils: Dynamic lookup for intent failed for action: com.google.android.gms.ads.service.CACHE
06-15 13:31:44.336  9692  9953 W Ads     : Not retrying to fetch app settings
06-15 13:31:44.341  9692  9965 W ServiceBindIntentUtils: Dynamic lookup for intent failed for action: com.google.android.gms.ads.service.START
06-15 13:31:44.368  9692  9918 W Ads     : Not retrying to fetch app settings
06-15 13:31:44.441  9692  9729 I VkSuggestions: decode typedLen=3 candidates=18 locales=1 5,2ms
06-15 13:31:44.442  9692  9729 I VkSuggestions: strip composing typedLen=3 candidates=19 autocorrect=false top=hoy locale=pt
06-15 13:31:45.633  9692  9692 E Ads     : JS: Uncaught TypeError: Cannot read properties of null (reading 's') (https://pagead2.googlesyndication.com/omsdk/releases/live/omsdk-v1.js:27)
06-15 13:31:45.676  9692  9692 I VkAutocorrect: picked: hoy
06-15 13:31:45.718  9692  9692 E Ads     : JS: Refused to get unsafe header "X-Afma-Gcache-IsGcacheHit" (https://www.gstatic.com/mysidia/1481c091d9df379c2904f938e54fba0c.js?tag=addon/rewarded_video:435)
06-15 13:31:45.727  9692  9692 E Ads     : JS: Refused to get unsafe header "X-Afma-Gcache-IsGcacheHit" (https://www.gstatic.com/mysidia/1481c091d9df379c2904f938e54fba0c.js?tag=addon/rewarded_video:435)
06-15 13:31:45.768  9692  9778 W libc    : Access denied finding property "vendor.oplus.media.vpp.stutter"
06-15 13:31:45.769  9692  9787 E ListServiceUtils: checkInListByUid module:audio-choppy-boost uid:14099 cost 2648us return (null)
06-15 13:31:45.769  9692  9778 E MULTIMEDIAConfig: [getInt32:L80] Not find config, Returning default
06-15 13:31:45.769  9692  9778 E MULTIMEDIAConfig: [getInt32:L80] Not find config, Returning default
06-15 13:31:45.769  9692  9778 E OplusACodec: [OplusACodec:204] mSrOsieMMListCheckResult:0x0 mOsieVersion:1
06-15 13:31:45.780  9692  9729 I VkSuggestions: strip prediction typedLen=0 candidates=3 autocorrect=false top=como locale=es
06-15 13:31:45.799  9692 10026 E ListServiceUtils: checkInListByUid module:notify-network-optimize uid:14099 cost 1802us return 0
06-15 13:31:45.803  9692 10026 E OplusACodec: [GetVideoCodingTypeFromMime:L1162] mime:video/x-vnd.on2.vp9
06-15 13:31:45.898  9692  9778 W cr_MediaCodecBridge: Releasing: OMX.qcom.video.decoder.vp9
06-15 13:31:45.902  9692 10025 E ExtensionsLoader: freeAllBuffers: 11 buffers were freed while being dequeued!
06-15 13:31:45.903  9692  9778 W cr_MediaCodecBridge: Codec released
06-15 13:31:46.062  9692  9692 I VkPanels: ▶ open assist
06-15 13:31:46.090  9692  9692 I OnDeviceAssist: ▶ panel open
06-15 13:31:46.708  9131  9337 I OnDeviceAssist: warm ok model=google_gemma-3-1b-it-qat-IQ4_NL.gguf ambient=40 chars 0ms
06-15 13:31:49.710  9692 10042 E FilePhenotypeFlags: Config package com.google.android.gms.clearcut_client#com.vibekey.keyboard cannot use FILE backing without declarative registration. See go/phenotype-android-integration#phenotype for more information. This will lead to stale flags.
06-15 13:31:49.760  9692 10042 E FilePhenotypeFlags: Config package com.google.android.gms.clearcut_client#com.vibekey.keyboard cannot use FILE backing without declarative registration. See go/phenotype-android-integration#phenotype for more information. This will lead to stale flags.
06-15 13:31:49.760  9692 10042 E FilePhenotypeFlags: Config package com.google.android.gms.clearcut_client#com.vibekey.keyboard cannot use FILE backing without declarative registration. See go/phenotype-android-integration#phenotype for more information. This will lead to stale flags.
06-15 13:31:49.982  9692  9692 I OnDeviceAssist: ▶ tap task=work_email in=27 chars
06-15 13:31:49.988  9692  9724 I OnDeviceAssist: ▶ assist_ipc task=work_email in=27 chars
06-15 13:31:50.076  9131  9337 I OnDeviceAssist: dispatch task=work_email in=27 chars engine=Ready
06-15 13:31:50.078  9131  9337 I OnDeviceAssist: ▶ runSync task=work_email in=27 chars locale=pt
06-15 13:31:50.079  9131  9337 I OnDeviceAssist: → llm task=work_email model=google_gemma-3-1b-it-qat-IQ4_NL.gguf temp=0.4 maxTok=64
