06-23 12:29:50.785 29816 29816 F DEBUG   :       #05 pc 00000000000d337c  /data/app/~~08CYLE4JwwJLjv5k4_9zeQ==/com.vibekey.keyboard-w-5sEM6AD4EW5nZk8ElkZw==/lib/arm64/libjni_latinime.so (latinime::DicTraverseSession::init(latinime::Dictionary const*, latinime::NgramContext const*, latinime::SuggestOptions const*)+124) (BuildId: f905dbd1a904967a994cf833116e517b05caa863)
06-23 12:29:50.785 29816 29816 F DEBUG   :       #06 pc 00000000000c8bd0  /data/app/~~08CYLE4JwwJLjv5k4_9zeQ==/com.vibekey.keyboard-w-5sEM6AD4EW5nZk8ElkZw==/lib/arm64/libjni_latinime.so (latinime::Dictionary::getSuggestions(latinime::ProximityInfo*, latinime::DicTraverseSession*, int*, int*, int*, int*, int*, int, latinime::NgramContext const*, latinime::SuggestOptions const*, float, latinime::SuggestionResults*) const+104) (BuildId: f905dbd1a904967a994cf833116e517b05caa863)
06-23 12:29:50.785 29816 29816 F DEBUG   :       #07 pc 000000000009fd88  /data/app/~~08CYLE4JwwJLjv5k4_9zeQ==/com.vibekey.keyboard-w-5sEM6AD4EW5nZk8ElkZw==/lib/arm64/libjni_latinime.so (BuildId: f905dbd1a904967a994cf833116e517b05caa863)
06-23 12:29:50.785 29816 29816 F DEBUG   :       #08 pc 00000000002b03a0  /apex/com.android.art/lib64/libart.so (art_quick_generic_jni_trampoline+144) (BuildId: 1f156fc62660d075a8d675db850b95d5)
06-23 12:29:50.785 29816 29816 F DEBUG   :       #09 pc 000000000072c828  /apex/com.android.art/lib64/libart.so (nterp_helper+1944) (BuildId: 1f156fc62660d075a8d675db850b95d5)
06-23 12:29:50.785 29816 29816 F DEBUG   :       #10 pc 000000000022865e  /data/app/~~08CYLE4JwwJLjv5k4_9zeQ==/com.vibekey.keyboard-w-5sEM6AD4EW5nZk8ElkZw==/oat/arm64/base.vdex (com.android.inputmethod.latin.BinaryDictionary.r+594)
06-23 12:29:50.785 29816 29816 F DEBUG   :       #11 pc 000000000072cb98  /apex/com.android.art/lib64/libart.so (nterp_helper+2824) (BuildId: 1f156fc62660d075a8d675db850b95d5)
06-23 12:29:50.785 29816 29816 F DEBUG   :       #12 pc 00000000002283c6  /data/app/~~08CYLE4JwwJLjv5k4_9zeQ==/com.vibekey.keyboard-w-5sEM6AD4EW5nZk8ElkZw==/oat/arm64/base.vdex (com.android.inputmethod.latin.BinaryDictionary.c+2)
06-23 12:29:50.785 29816 29816 F DEBUG   :       #13 pc 000000000072cb98  /apex/com.android.art/lib64/libart.so (nterp_helper+2824) (BuildId: 1f156fc62660d075a8d675db850b95d5)
06-23 12:29:50.785 29816 29816 F DEBUG   :       #14 pc 0000000000ae7636  /data/app/~~08CYLE4JwwJLjv5k4_9zeQ==/com.vibekey.keyboard-w-5sEM6AD4EW5nZk8ElkZw==/oat/arm64/base.vdex (v7.j.c+50)
06-23 12:29:50.785 29816 29816 F DEBUG   :       #15 pc 000000000072cb98  /apex/com.android.art/lib64/libart.so (nterp_helper+2824) (BuildId: 1f156fc62660d075a8d675db850b95d5)
06-23 12:29:50.785 29816 29816 F DEBUG   :       #16 pc 0000000000ae679e  /data/app/~~08CYLE4JwwJLjv5k4_9zeQ==/com.vibekey.keyboard-w-5sEM6AD4EW5nZk8ElkZw==/oat/arm64/base.vdex (v7.d.c+70)
06-23 12:29:50.785 29816 29816 F DEBUG   :       #17 pc 000000000072cb98  /apex/com.android.art/lib64/libart.so (nterp_helper+2824) (BuildId: 1f156fc62660d075a8d675db850b95d5)
06-23 12:29:50.785 29816 29816 F DEBUG   :       #18 pc 00000000005b4cfe  /data/app/~~08CYLE4JwwJLjv5k4_9zeQ==/com.vibekey.keyboard-w-5sEM6AD4EW5nZk8ElkZw==/oat/arm64/base.vdex (p7.o.j+334)
06-23 12:29:50.785 29816 29816 F DEBUG   :       #19 pc 000000000072cb98  /apex/com.android.art/lib64/libart.so (nterp_helper+2824) (BuildId: 1f156fc62660d075a8d675db850b95d5)
06-23 12:29:50.785 29816 29816 F DEBUG   :       #20 pc 00000000005b4656  /data/app/~~08CYLE4JwwJLjv5k4_9zeQ==/com.vibekey.keyboard-w-5sEM6AD4EW5nZk8ElkZw==/oat/arm64/base.vdex (p7.o.i+358)
06-23 12:29:50.785 29816 29816 F DEBUG   :       #21 pc 000000000072cb98  /apex/com.android.art/lib64/libart.so (nterp_helper+2824) (BuildId: 1f156fc62660d075a8d675db850b95d5)
06-23 12:29:50.785 29816 29816 F DEBUG   :       #22 pc 00000000005b44a8  /data/app/~~08CYLE4JwwJLjv5k4_9zeQ==/com.vibekey.keyboard-w-5sEM6AD4EW5nZk8ElkZw==/oat/arm64/base.vdex (p7.o.h+112)
06-23 12:29:50.785 29816 29816 F DEBUG   :       #23 pc 000000000072cb98  /apex/com.android.art/lib64/libart.so (nterp_helper+2824) (BuildId: 1f156fc62660d075a8d675db850b95d5)
06-23 12:29:50.785 29816 29816 F DEBUG   :       #24 pc 00000000005bd1ec  /data/app/~~08CYLE4JwwJLjv5k4_9zeQ==/com.vibekey.keyboard-w-5sEM6AD4EW5nZk8ElkZw==/oat/arm64/base.vdex (p7.i1.c+256)
06-23 12:29:50.785 29816 29816 F DEBUG   :       #25 pc 000000000072cb98  /apex/com.android.art/lib64/libart.so (nterp_helper+2824) (BuildId: 1f156fc62660d075a8d675db850b95d5)
06-23 12:29:50.785 29816 29816 F DEBUG   :       #26 pc 00000000005bd074  /data/app/~~08CYLE4JwwJLjv5k4_9zeQ==/com.vibekey.keyboard-w-5sEM6AD4EW5nZk8ElkZw==/oat/arm64/base.vdex (p7.i1.b+2656)
06-23 12:29:50.785 29816 29816 F DEBUG   :       #27 pc 000000000072cb98  /apex/com.android.art/lib64/libart.so (nterp_helper+2824) (BuildId: 1f156fc62660d075a8d675db850b95d5)
06-23 12:29:50.785 29816 29816 F DEBUG   :       #28 pc 0000000000aee7a6  /data/app/~~08CYLE4JwwJLjv5k4_9zeQ==/com.vibekey.keyboard-w-5sEM6AD4EW5nZk8ElkZw==/oat/arm64/base.vdex (x7.b.m+1458)
06-23 12:29:50.785 29816 29816 F DEBUG   :       #29 pc 000000000072c884  /apex/com.android.art/lib64/libart.so (nterp_helper+2036) (BuildId: 1f156fc62660d075a8d675db850b95d5)
06-23 12:29:50.785 29816 29816 F DEBUG   :       #30 pc 00000000001a3ae2  /data/app/~~08CYLE4JwwJLjv5k4_9zeQ==/com.vibekey.keyboard-w-5sEM6AD4EW5nZk8ElkZw==/oat/arm64/base.vdex (a5.a.run+102)
06-23 12:29:50.785 29816 29816 F DEBUG   :       #31 pc 000000000072c884  /apex/com.android.art/lib64/libart.so (nterp_helper+2036) (BuildId: 1f156fc62660d075a8d675db850b95d5)
06-23 12:29:50.785 29816 29816 F DEBUG   :       #32 pc 0000000000aeb60e  /data/app/~~08CYLE4JwwJLjv5k4_9zeQ==/com.vibekey.keyboard-w-5sEM6AD4EW5nZk8ElkZw==/oat/arm64/base.vdex (x7.d.handleMessage+66)
06-23 12:29:50.785 29816 29816 F DEBUG   :       #33 pc 000000000205a4f4  /memfd:jit-zygote-cache (deleted)
--------- beginning of main
06-23 12:29:52.607 29824 29951 W libc    : Access denied finding property "vendor.camera.aux.packagelist"
06-23 12:29:52.607 29824 29951 W libc    : Access denied finding property "vendor.camera.aux.packagelist"
06-23 12:29:52.607 29824 29840 W libc    : Access denied finding property "vendor.camera.aux.packagelist"
06-23 12:29:52.610 29824 29824 I VkSwipe : ○ gesture canceled
06-23 12:29:52.612 29824 29824 E OplusCustomizeRestrictionManager: sInstance is null, start a new sInstance
06-23 12:29:52.624 29824 29824 I VkEffects: reload anim=scale blur=562px glow=true stickers=true
06-23 12:29:52.629 29824 29851 I VkVibeCards: loaded 1 cards (disk)
06-23 12:29:52.644 29824 29849 W FeatureFlagsImplExport: java.lang.NoClassDefFoundError: Class not found using the boot class loader; no stack trace available
06-23 12:29:52.709 29824 29824 I VkTyping: ▶ open restart=false pkg=com.android.launcher inputType=589825
06-23 12:29:52.829 29824 29824 W View    : requestLayout() improperly called by android.widget.LinearLayout{3f2f857 V.E...... ......ID 0,1868-1440,2818 #7f0a011b app:id/main_keyboard_frame} during layout: running second layout pass
06-23 12:29:52.881 29824 29934 W cr_media: BLUETOOTH_CONNECT permission is missing.
06-23 12:29:52.882 29824 29934 W cr_media: getBluetoothAdapter() requires BLUETOOTH permission
06-23 12:29:52.882 29824 29934 W cr_media: registerBluetoothIntentsIfNeeded: Requires BLUETOOTH permission
06-23 12:29:52.982 29824 29944 W AudioCapabilities: Unsupported mime audio/ffmpeg
06-23 12:29:52.983 29824 29944 W VideoCapabilities: Unsupported mime video/ffmpeg
06-23 12:29:52.983 29824 29944 W VideoCapabilities: Unrecognized profile/level 0/3 for video/mpeg2
06-23 12:29:52.984 29824 29944 W VideoCapabilities: Unrecognized profile/level 0/3 for video/mpeg2
06-23 12:29:53.407 29222 29428 I OnDeviceAssist: warm ok model=qwen2.5-0.5b-instruct-q4_0.gguf ambient=40 chars 0ms
06-23 12:29:55.084 29824 29824 I VkPanels: ▶ open ai_theme
06-23 12:30:01.209 29824 29824 I VkThemes: ▶ tap generate ref=false descLen=5
06-23 12:30:01.341 29824 29824 I VkTyping: ○ hidden
06-23 12:30:02.473 29824 30017 E ibekey.keyboar: Attempt to load writable dex file: /data/user/0/com.vibekey.keyboard/app_pccache/5/7579537A079A370F6D93E7917A81C037D7D280CA/pcam.jar
06-23 12:30:02.490 29824 29988 W Ads     : Invoke Firebase method getInstance error.
06-23 12:30:02.490 29824 29988 W Ads     : The Google Mobile Ads SDK will not integrate with Firebase. Admob/Firebase integration requires the latest Firebase SDK jar, but Firebase SDK is either missing or out of date
06-23 12:30:02.495 29824 30015 W ServiceBindIntentUtils: Dynamic lookup for intent failed for action: com.google.android.gms.ads.service.CACHE
06-23 12:30:02.548 29824 30037 W ServiceBindIntentUtils: Dynamic lookup for intent failed for action: com.google.android.gms.ads.service.START
06-23 12:30:03.273 29824 29824 E Ads     : JS: Refused to get unsafe header "X-Afma-Gcache-IsGcacheHit" (https://www.gstatic.com/mysidia/b52a9248ee4763a0737df41a1273af17.js?tag=addon/rewarded_video:436)
06-23 12:30:03.363 29824 29824 E Ads     : JS: Refused to get unsafe header "X-Afma-Gcache-IsGcacheHit" (https://www.gstatic.com/mysidia/b52a9248ee4763a0737df41a1273af17.js?tag=addon/rewarded_video:436)
06-23 12:30:03.383 29824 29926 W libc    : Access denied finding property "vendor.oplus.media.vpp.stutter"
06-23 12:30:03.383 29824 29926 E MULTIMEDIAConfig: [getInt32:L80] Not find config, Returning default
06-23 12:30:03.383 29824 29926 E MULTIMEDIAConfig: [getInt32:L80] Not find config, Returning default
06-23 12:30:03.383 29824 29926 E OplusACodec: [OplusACodec:204] mSrOsieMMListCheckResult:0x0 mOsieVersion:1
06-23 12:30:03.400 29824 30070 E OplusACodec: [GetVideoCodingTypeFromMime:L1162] mime:video/x-vnd.on2.vp9
06-23 12:30:03.497 29824 29925 W cr_MediaCodecBridge: Releasing: OMX.qcom.video.decoder.vp9
06-23 12:30:03.501 29824 30069 E ExtensionsLoader: freeAllBuffers: 12 buffers were freed while being dequeued!
06-23 12:30:03.503 29824 29925 W cr_MediaCodecBridge: Codec released
06-23 12:30:03.929 29824 29926 W libc    : Access denied finding property "vendor.oplus.media.vpp.stutter"
06-23 12:30:03.929 29824 29926 E MULTIMEDIAConfig: [getInt32:L80] Not find config, Returning default
06-23 12:30:03.929 29824 29926 E MULTIMEDIAConfig: [getInt32:L80] Not find config, Returning default
06-23 12:30:03.929 29824 29926 E OplusACodec: [OplusACodec:204] mSrOsieMMListCheckResult:0x0 mOsieVersion:1
06-23 12:30:03.950 29824 30094 E OplusACodec: [GetVideoCodingTypeFromMime:L1162] mime:video/x-vnd.on2.vp9
06-23 12:30:03.998 29824 29901 E BLASTBufferQueue: BLASTBufferItemConsumer::onDisconnect()
06-23 12:30:04.017 29824 29833 W ibekey.keyboar: Cleared Reference was only reachable from finalizer (only reported once)
06-23 12:30:05.079 29824 30094 W libc    : Access denied finding property "vendor.oplus.media.vpp.stutter"
06-23 12:30:06.079 29824 30094 W libc    : Access denied finding property "vendor.oplus.media.vpp.stutter"
06-23 12:30:06.392 29824 29901 E BLASTBufferQueue: BLASTBufferItemConsumer::onDisconnect()
06-23 12:30:07.080 29824 30094 W libc    : Access denied finding property "vendor.oplus.media.vpp.stutter"
06-23 12:30:07.943 29824 30109 E FilePhenotypeFlags: Config package com.google.android.gms.clearcut_client#com.vibekey.keyboard cannot use FILE backing without declarative registration. See go/phenotype-android-integration#phenotype for more information. This will lead to stale flags.
06-23 12:30:07.952 29824 30109 E FilePhenotypeFlags: Config package com.google.android.gms.clearcut_client#com.vibekey.keyboard cannot use FILE backing without declarative registration. See go/phenotype-android-integration#phenotype for more information. This will lead to stale flags.
06-23 12:30:07.952 29824 30109 E FilePhenotypeFlags: Config package com.google.android.gms.clearcut_client#com.vibekey.keyboard cannot use FILE backing without declarative registration. See go/phenotype-android-integration#phenotype for more information. This will lead to stale flags.
06-23 12:30:08.080 29824 30094 W libc    : Access denied finding property "vendor.oplus.media.vpp.stutter"
06-23 12:30:09.081 29824 30094 W libc    : Access denied finding property "vendor.oplus.media.vpp.stutter"
06-23 12:30:10.082 29824 30094 W libc    : Access denied finding property "vendor.oplus.media.vpp.stutter"
06-23 12:30:11.082 29824 30094 W libc    : Access denied finding property "vendor.oplus.media.vpp.stutter"
06-23 12:30:11.350 29824 30012 E ActivityThread: Failed to find provider info for com.oplus.statistics.provider
06-23 12:30:11.350 29824 30012 E OplusStatistics--: IllegalArgumentException:java.lang.IllegalArgumentException: Unknown URL content://com.oplus.statistics.provider/track_event
06-23 12:30:12.083 29824 30094 W libc    : Access denied finding property "vendor.oplus.media.vpp.stutter"
06-23 12:30:13.084 29824 30094 W libc    : Access denied finding property "vendor.oplus.media.vpp.stutter"
06-23 12:30:14.087 29824 30094 W libc    : Access denied finding property "vendor.oplus.media.vpp.stutter"
06-23 12:30:14.590 29824 29824 I VkThemes: ▶ generate ref=false descLen=5
06-23 12:30:14.625 29824 29926 W cr_MediaCodecBridge: Releasing: OMX.qcom.video.decoder.vp9
06-23 12:30:14.630 29824 30093 E ExtensionsLoader: freeAllBuffers: 7 buffers were freed while being dequeued!
06-23 12:30:14.637 29824 29926 W cr_MediaCodecBridge: Codec released
06-23 12:30:14.687 29824 30141 W ServiceBindIntentUtils: Dynamic lookup for intent failed for action: com.google.android.gms.ads.service.START
06-23 12:30:14.811 29824 29824 I VkTyping: ▶ open restart=false pkg=com.android.launcher inputType=589825
06-23 12:30:15.150 29824 29901 E BLASTBufferQueue: BLASTBufferItemConsumer::onDisconnect()
06-23 12:30:15.154 29824 29901 E BLASTBufferQueue: BLASTBufferItemConsumer::onDisconnect()
06-23 12:30:15.215 29824 30134 W Ads     : Not retrying to fetch app settings
06-23 12:30:15.372 29824 29984 W AiApiHelper: askGemini[cached gemini-2.5-flash-lite]: rate limited (503), retry 1/3 in 2000ms
06-23 12:30:15.505 29222 29240 I OnDeviceAssist: warm ok model=qwen2.5-0.5b-instruct-q4_0.gguf ambient=40 chars 0ms
06-23 12:30:15.877 29824 29824 E Ads     : JS: Refused to get unsafe header "X-Afma-Gcache-IsGcacheHit" (https://www.gstatic.com/mysidia/b52a9248ee4763a0737df41a1273af17.js?tag=addon/rewarded_video:436)
06-23 12:30:15.954 29824 29824 E Ads     : JS: Refused to get unsafe header "X-Afma-Gcache-IsGcacheHit" (https://www.gstatic.com/mysidia/b52a9248ee4763a0737df41a1273af17.js?tag=addon/rewarded_video:436)
06-23 12:30:15.977 29824 29925 W libc    : Access denied finding property "vendor.oplus.media.vpp.stutter"
06-23 12:30:15.977 29824 29925 E MULTIMEDIAConfig: [getInt32:L80] Not find config, Returning default
06-23 12:30:15.977 29824 29925 E MULTIMEDIAConfig: [getInt32:L80] Not find config, Returning default
06-23 12:30:15.977 29824 29925 E OplusACodec: [OplusACodec:204] mSrOsieMMListCheckResult:0x0 mOsieVersion:1
06-23 12:30:16.006 29824 29824 E Ads     : JS: Uncaught TypeError: Cannot read properties of null (reading 's') (https://pagead2.googlesyndication.com/omsdk/releases/live/omsdk-v1.js:27)
06-23 12:30:16.010 29824 30185 E OplusACodec: [GetVideoCodingTypeFromMime:L1162] mime:video/x-vnd.on2.vp9
06-23 12:30:16.090 29824 29925 W cr_MediaCodecBridge: Releasing: OMX.qcom.video.decoder.vp9
06-23 12:30:16.094 29824 30184 E ExtensionsLoader: freeAllBuffers: 12 buffers were freed while being dequeued!
06-23 12:30:16.096 29824 29925 W cr_MediaCodecBridge: Codec released
06-23 12:30:23.131 29824 29824 I VkThemes: ✓ generate 8541ms theme=Minimalist Swiss Chic
06-23 12:30:23.321 29824 29824 I VkEffects: reload anim=scale blur=0px glow=false stickers=true
06-23 12:30:23.324 29824 29824 I VkThemes: apply theme=Minimalist Swiss Chic (ai_generate)
06-23 12:30:23.326 29824 29824 I VkSwipe : ○ gesture canceled
06-23 12:30:23.328 29824 29824 I VkSwipe : ○ gesture canceled
06-23 12:30:23.501 29824 29824 I VkFavorites: save theme Minimalist Swiss Chic → SAVED
06-23 12:30:23.519 29824 29824 W View    : requestLayout() improperly called by android.widget.LinearLayout{85fd202 V.E...... ......ID 0,1868-1440,2818 #7f0a011b app:id/main_keyboard_frame} during layout: running second layout pass
06-23 12:30:23.575 29824 30212 W ServiceBindIntentUtils: Dynamic lookup for intent failed for action: com.google.android.gms.ads.service.START
06-23 12:30:24.452 29824 30132 W Ads     : Not retrying to fetch app settings
06-23 12:30:25.061 29824 29864 I VkSuggestions: decode typedLen=1 candidates=18 locales=1 11,4ms
06-23 12:30:25.065 29824 29864 I VkSuggestions: strip composing typedLen=1 candidates=19 autocorrect=false top=i locale=pt
06-23 12:30:25.265 29824 29864 I VkSuggestions: decode typedLen=2 candidates=18 locales=1 6,9ms
06-23 12:30:25.267 29824 29864 I VkAutocorrect: offered: iu → iu
06-23 12:30:25.267 29824 29864 I VkSuggestions: strip composing typedLen=2 candidates=18 autocorrect=true top=iu locale=pt
06-23 12:30:25.429 29824 29864 I VkSuggestions: decode typedLen=3 candidates=18 locales=1 7,8ms
06-23 12:30:25.430 29824 29864 I VkSuggestions: strip composing typedLen=3 candidates=18 autocorrect=false top=iuy locale=pt
06-23 12:30:25.631 29824 29864 I VkSuggestions: decode typedLen=4 candidates=18 locales=1 7,5ms
06-23 12:30:25.633 29824 29864 I VkSuggestions: strip composing typedLen=4 candidates=18 autocorrect=false top=iuyd locale=pt
06-23 12:30:25.979 29824 29824 W n       : [0] drop stale event: 763,269|426 last: 743,281|432
06-23 12:30:25.979 29824 29824 I VkSwipe : ▶ gesture started locale=pt-BR
06-23 12:30:26.189 29824 29864 I VkSuggestions: decode typedLen=2 candidates=18 locales=1 8,7ms
06-23 12:30:26.205 29824 29864 W VibeKeyProfiler: Slow Native Suggest: Total=11.34ms | Init=0.04ms | TrieExpand(x17)=11.27ms | Scoring=0.03ms | inputSize=17
06-23 12:30:26.207 29824 29864 I VkSuggestions: decode typedLen=0 candidates=18 locales=1 18,0ms
06-23 12:30:26.208 29824 29864 W VkSuggestions: slow frame 18,0ms locales=1 typedLen=0 candidates=18
06-23 12:30:26.217 29824 29864 I VkSuggestions: decode typedLen=2 candidates=18 locales=1 7,3ms
06-23 12:30:26.227 29824 29864 I VkSuggestions: decode typedLen=0 candidates=18 locales=1 9,8ms
06-23 12:30:26.246 29824 29824 I VkSwipe : ✓ gesture points=18 decodedLen=2 candidates=18 top=go 267ms
06-23 12:30:26.730 29824 29864 I VkSuggestions: strip prediction typedLen=0 candidates=3 autocorrect=false top=ho locale=pt
06-23 12:30:29.193 29824 29824 I VkPanels: ▶ open ai_theme
06-23 12:30:29.841 29824 29824 I VkPanels: ▶ open effects
06-23 12:30:29.908 29824 29824 I VkEffects: ▶ panel tab=tint
06-23 12:30:31.835 29824 29824 I VkEffects: → tab sound
06-23 12:30:32.669 29824 29824 I VkEffects: set Som=typewriter
06-23 12:30:32.752 29824 29824 I VkEffects: apply (panel)
06-23 12:30:33.031 29824 29824 I VkEffects: set Tátil=medium
06-23 12:30:33.120 29824 29824 I VkEffects: apply (panel)
06-23 12:30:35.407 29824 29824 I VkEffects: set Tátil=medium
06-23 12:30:35.463 29824 29824 I VkEffects: apply (panel)
06-23 12:30:35.974 29824 29824 I VkEffects: set Som=typewriter
06-23 12:30:36.027 29824 29824 I VkEffects: apply (panel)
06-23 12:30:37.149 29824 29824 I VkVibeCards: enter effects=true overlay=true cards=true
06-23 12:30:37.230 29824 29824 I VkVibeCards: press pool=1 shown=4
06-23 12:30:38.662 29824 29901 E BLASTBufferQueue: BLASTBufferItemConsumer::onDisconnect()
06-23 12:30:39.023 29824 29901 E BLASTBufferQueue: BLASTBufferItemConsumer::onDisconnect()
06-23 12:30:39.327 29824 29901 E BLASTBufferQueue: BLASTBufferItemConsumer::onDisconnect()
06-23 12:30:39.560 29824 29824 I VkPanels: ▶ open browser
06-23 12:30:39.568 29824 29824 W View    : requestLayout() improperly called by android.widget.FrameLayout{41a5063 V.E...... ......ID 0,1625-1440,1805 #7f0a0087 app:id/browser_nav_footer_float} during layout: running second layout pass
06-23 12:30:39.569 29824 29824 I VkBrowser: ▶ panel open incognito=false tabs=0 queryLen=0
06-23 12:30:39.605 29824 30240 W Settings: Setting animator_duration_scale has moved from android.provider.Settings.System to android.provider.Settings.Global, returning read-only global URI.
06-23 12:30:39.614 29824 30240 E GeckoLibLoad: Load sqlite start
06-23 12:30:39.619 29824 29824 E GeckoView: Failed to attach WindowInsetsListener: 
06-23 12:30:39.619 29824 29824 E GeckoView: java.lang.NullPointerException: Attempt to invoke virtual method 'android.view.Window android.app.Activity.getWindow()' on a null object reference
06-23 12:30:39.619 29824 29824 E GeckoView: 	at org.mozilla.geckoview.GeckoView.attachWindowInsetsListener(r8-map-id-bd42b0d3ee3bf2aef4c15cd913d7aa47f05109e84c9e1e56f6fc23104287a3ca:1)
06-23 12:30:39.619 29824 29824 E GeckoView: 	at org.mozilla.geckoview.GeckoView.onAttachedToWindow(r8-map-id-bd42b0d3ee3bf2aef4c15cd913d7aa47f05109e84c9e1e56f6fc23104287a3ca:49)
06-23 12:30:39.619 29824 29824 E GeckoView: 	at helium314.keyboard.latin.panels.ImeGeckoView.onAttachedToWindow(r8-map-id-bd42b0d3ee3bf2aef4c15cd913d7aa47f05109e84c9e1e56f6fc23104287a3ca:4)
06-23 12:30:39.619 29824 29824 E GeckoView: 	at android.view.View.dispatchAttachedToWindow(View.java:20900)
06-23 12:30:39.619 29824 29824 E GeckoView: 	at android.view.ViewGroup.dispatchAttachedToWindow(ViewGroup.java:3539)
06-23 12:30:39.619 29824 29824 E GeckoView: 	at android.view.ViewGroup.addViewInner(ViewGroup.java:5378)
06-23 12:30:39.619 29824 29824 E GeckoView: 	at android.view.ViewGroup.addView(ViewGroup.java:5156)
06-23 12:30:39.619 29824 29824 E GeckoView: 	at android.view.ViewGroup.addView(ViewGroup.java:5096)
06-23 12:30:39.619 29824 29824 E GeckoView: 	at helium314.keyboard.latin.panels.BrowserPanelView.Z(r8-map-id-bd42b0d3ee3bf2aef4c15cd913d7aa47f05109e84c9e1e56f6fc23104287a3ca:375)
06-23 12:30:39.619 29824 29824 E GeckoView: 	at helium314.keyboard.latin.panels.BrowserPanelView.H0(r8-map-id-bd42b0d3ee3bf2aef4c15cd913d7aa47f05109e84c9e1e56f6fc23104287a3ca:225)
06-23 12:30:39.619 29824 29824 E GeckoView: 	at c5.s.run(r8-map-id-bd42b0d3ee3bf2aef4c15cd913d7aa47f05109e84c9e1e56f6fc23104287a3ca:622)
06-23 12:30:39.619 29824 29824 E GeckoView: 	at i7.z.onGlobalLayout(r8-map-id-bd42b0d3ee3bf2aef4c15cd913d7aa47f05109e84c9e1e56f6fc23104287a3ca:8)
06-23 12:30:39.619 29824 29824 E GeckoView: 	at android.view.ViewTreeObserver.dispatchOnGlobalLayout(ViewTreeObserver.java:1061)
06-23 12:30:39.619 29824 29824 E GeckoView: 	at android.view.ViewRootImpl.performTraversals(ViewRootImpl.java:3407)
06-23 12:30:39.619 29824 29824 E GeckoView: 	at android.view.ViewRootImpl.doTraversal(ViewRootImpl.java:2305)
06-23 12:30:39.619 29824 29824 E GeckoView: 	at android.view.ViewRootImpl$TraversalRunnable.run(ViewRootImpl.java:9133)
06-23 12:30:39.619 29824 29824 E GeckoView: 	at android.view.Choreographer$CallbackRecord.run(Choreographer.java:1232)
06-23 12:30:39.619 29824 29824 E GeckoView: 	at android.view.Choreographer.doCallbacks(Choreographer.java:1029)
06-23 12:30:39.619 29824 29824 E GeckoView: 	at android.view.Choreographer.doFrame(Choreographer.java:934)
06-23 12:30:39.619 29824 29824 E GeckoView: 	at android.view.Choreographer$FrameDisplayEventReceiver.run(Choreographer.java:1217)
06-23 12:30:39.619 29824 29824 E GeckoView: 	at android.os.Handler.handleCallback(Handler.java:938)
06-23 12:30:39.619 29824 29824 E GeckoView: 	at android.os.Handler.dispatchMessage(Handler.java:99)
06-23 12:30:39.619 29824 29824 E GeckoView: 	at android.os.Looper.loopOnce(Looper.java:233)
06-23 12:30:39.619 29824 29824 E GeckoView: 	at android.os.Looper.loop(Looper.java:344)
06-23 12:30:39.619 29824 29824 E GeckoView: 	at android.app.ActivityThread.main(ActivityThread.java:8212)
06-23 12:30:39.619 29824 29824 E GeckoView: 	at java.lang.reflect.Method.invoke(Native Method)
06-23 12:30:39.619 29824 29824 E GeckoView: 	at com.android.internal.os.RuntimeInit$MethodAndArgsCaller.run(RuntimeInit.java:584)
06-23 12:30:39.619 29824 29824 E GeckoView: 	at com.android.internal.os.ZygoteInit.main(ZygoteInit.java:1034)
06-23 12:30:39.619 29824 30240 E GeckoLibLoad: Load sqlite done
06-23 12:30:39.620 29824 30240 E GeckoLibLoad: Load nss start
06-23 12:30:39.620 29824 30240 E GeckoLibLoad: Load nss done
06-23 12:30:39.631 30242 30242 E ard:crashhelpe: Unknown bits set in runtime_flags: 0x40000000
06-23 12:30:39.684 29824 29824 I VkBrowser: → load host=cnbc.com
06-23 12:30:39.689 29824 29901 E BLASTBufferQueue: BLASTBufferItemConsumer::onDisconnect()
06-23 12:30:39.749 29824 30240 E GeckoLibLoad: Loaded libs in 129.285521ms total, 1ms(96ms) user, 23ms(27ms) system, 74(76) faults
06-23 12:30:39.750 29824 30240 W GeckoThread: zerdatime 173528731 - runGecko
06-23 12:30:39.830 29824 29824 I VkBrowser: → load host=cnbc.com
06-23 12:30:39.912 29824 30240 E ibekey.keyboar: hiddenapi: Accessing hidden field Ljava/lang/Boolean;->value:Z (runtime_flags=0, domain=core-platform, api=max-target-p) from Lorg/mozilla/gecko/GeckoThread; (domain=app, TargetSdkVersion=35) using JNI: denied
06-23 12:30:39.912 29824 30240 E ibekey.keyboar: hiddenapi: Accessing hidden field Ljava/lang/Integer;->value:I (runtime_flags=0, domain=core-platform, api=max-target-p) from Lorg/mozilla/gecko/GeckoThread; (domain=app, TargetSdkVersion=35) using JNI: denied
06-23 12:30:39.913 29824 30240 E ibekey.keyboar: hiddenapi: Accessing hidden field Ljava/lang/Long;->value:J (runtime_flags=0, domain=core-platform, api=max-target-p) from Lorg/mozilla/gecko/GeckoThread; (domain=app, TargetSdkVersion=35) using JNI: denied
06-23 12:30:39.913 29824 30240 E ibekey.keyboar: hiddenapi: Accessing hidden field Ljava/lang/Double;->value:D (runtime_flags=0, domain=core-platform, api=max-target-p) from Lorg/mozilla/gecko/GeckoThread; (domain=app, TargetSdkVersion=35) using JNI: denied
06-23 12:30:39.950 30279 30279 E .keyboard:tab1: Unknown bits set in runtime_flags: 0x40000000
06-23 12:30:40.061 30347 30347 E ey.keyboard:gp: Unknown bits set in runtime_flags: 0x40000000
06-23 12:30:40.123 30347 30372 E GeckoLibLoad: Load sqlite start
06-23 12:30:40.124 30347 30372 E GeckoLibLoad: Load sqlite done
06-23 12:30:40.124 30347 30372 E GeckoLibLoad: Load nss start
06-23 12:30:40.124 30347 30372 E GeckoLibLoad: Load nss done
06-23 12:30:40.130 30279 30333 E GeckoLibLoad: Load sqlite start
06-23 12:30:40.131 30279 30333 E GeckoLibLoad: Load sqlite done
06-23 12:30:40.131 30279 30333 E GeckoLibLoad: Load nss start
06-23 12:30:40.131 30279 30333 E GeckoLibLoad: Load nss done
06-23 12:30:40.134 30347 30372 E GeckoLibLoad: Loaded libs in 9.898697ms total, 3ms(1ms) user, 6ms(8ms) system, 0(0) faults
06-23 12:30:40.134 30347 30372 W GeckoThread: zerdatime 173529116 - runGecko
06-23 12:30:40.148 29824 29824 I VkBrowser: → load host=cnbc.com
06-23 12:30:40.150 30279 30333 E GeckoLibLoad: Loaded libs in 18.240729ms total, 9ms(11ms) user, 0ms(0ms) system, 0(0) faults
06-23 12:30:40.150 30279 30333 W GeckoThread: zerdatime 173529131 - runGecko
06-23 12:30:40.165 30347 30412 W AudioCapabilities: Unsupported mime audio/ffmpeg
06-23 12:30:40.166 30347 30412 W VideoCapabilities: Unsupported mime video/ffmpeg
06-23 12:30:40.166 30347 30412 W VideoCapabilities: Unrecognized profile/level 0/3 for video/mpeg2
06-23 12:30:40.166 30347 30412 W VideoCapabilities: Unrecognized profile/level 0/3 for video/mpeg2
06-23 12:30:40.198 30347 30370 E ey.keyboard:gp: ofbOpen failed with error=No such file or directory
06-23 12:30:40.198 30347 30370 E ey.keyboard:gp: sysOpen failed with error=No such file or directory
06-23 12:30:40.293 29824 29838 E BLASTBufferQueue: [SurfaceView[InputMethod]#8](f:0,a:0) rejecting buffer:active_size=1440x1801, requested_size=1440x1801 buffer{size=1440x1809 transform=0}
06-23 12:30:40.294 29824 29838 E BLASTBufferQueue: BLASTBufferItemConsumer::onDisconnect()
06-23 12:30:40.299 29824 29824 I VkBrowser: ✓ page host=www.cnbc.com
06-23 12:30:40.301 29824 29824 I VkBrowser: ✓ page host=cnbc.com
06-23 12:30:40.520 29824 30240 W GeckoConsole: [JavaScript Warning: "Missing resource in locale pt-BR: netwerk/necko.ftl"]
06-23 12:30:40.521 29824 30240 W GeckoConsole: [JavaScript Warning: "Missing resource in locale pt-PT: netwerk/necko.ftl"]
06-23 12:30:41.152 30499 30499 E .keyboard:tab1: Unknown bits set in runtime_flags: 0x40000000
06-23 12:30:41.215 30499 30515 E GeckoLibLoad: Load sqlite start
06-23 12:30:41.216 30499 30515 E GeckoLibLoad: Load sqlite done
06-23 12:30:41.216 30499 30515 E GeckoLibLoad: Load nss start
06-23 12:30:41.216 30499 30515 E GeckoLibLoad: Load nss done
06-23 12:30:41.226 30499 30515 E GeckoLibLoad: Loaded libs in 9.844271ms total, 8ms(9ms) user, 0ms(0ms) system, 0(0) faults
06-23 12:30:41.226 30499 30515 W GeckoThread: zerdatime 173530207 - runGecko
06-23 12:30:41.317 30499 30515 W GeckoEditableChild: No editable parent
06-23 12:30:41.318 30499 30515 W Isolated Web Content: [JavaScript Warning: "Missing resource in locale pt-BR: netwerk/necko.ftl"]
06-23 12:30:41.318 30499 30515 W Isolated Web Content: [JavaScript Warning: "Missing resource in locale pt-PT: netwerk/necko.ftl"]
06-23 12:30:41.388 30535 30535 E .keyboard:tab3: Unknown bits set in runtime_flags: 0x40000000
06-23 12:30:41.450 30535 30551 E GeckoLibLoad: Load sqlite start
06-23 12:30:41.451 30535 30551 E GeckoLibLoad: Load sqlite done
06-23 12:30:41.451 30535 30551 E GeckoLibLoad: Load nss start
06-23 12:30:41.451 30535 30551 E GeckoLibLoad: Load nss done
06-23 12:30:41.461 30535 30551 E GeckoLibLoad: Loaded libs in 9.258333ms total, 1ms(8ms) user, 0ms(0ms) system, 0(0) faults
06-23 12:30:41.462 30535 30551 W GeckoThread: zerdatime 173530443 - runGecko
06-23 12:30:41.541 30499 30515 W Isolated Web Content: [JavaScript Warning: "Unexpected value auto parsing width attribute." {file: "https://www.cnbc.com/" line: 0}]
06-23 12:30:42.751 29824 30239 E BLASTBufferQueue: BLASTBufferItemConsumer::onDisconnect()
06-23 12:30:42.761 29824 29824 I VkBrowser: ✓ page host=www.cnbc.com title=Stock Markets, Business News, Financials…
06-23 12:30:43.274 29824 30239 E BLASTBufferQueue: BLASTBufferItemConsumer::onDisconnect()
06-23 12:30:43.276 29824 30240 E GeckoConsole: [JavaScript Error: "TypeError: can't access property "WindowEventDispatcher", win is null" {file: "resource://gre/modules/GeckoViewSessionStore.sys.mjs" line: 149}]
06-23 12:30:43.276 29824 30240 E GeckoConsole: onTabStateUpdate@resource://gre/modules/GeckoViewSessionStore.sys.mjs:149:5
06-23 12:30:43.276 29824 30240 E GeckoConsole: updateSessionStoreFromTabListener@resource://gre/modules/GeckoViewSessionStore.sys.mjs:243:10
06-23 12:30:43.277 29824 29824 E GeckoView: Failed to detach WindowInsetsListener: 
06-23 12:30:43.277 29824 29824 E GeckoView: 	at org.mozilla.geckoview.GeckoView.detachWindowInsetsListener(r8-map-id-bd42b0d3ee3bf2aef4c15cd913d7aa47f05109e84c9e1e56f6fc23104287a3ca:1)
06-23 12:30:43.277 29824 29824 E GeckoView: 	at org.mozilla.geckoview.GeckoView.onDetachedFromWindow(r8-map-id-bd42b0d3ee3bf2aef4c15cd913d7aa47f05109e84c9e1e56f6fc23104287a3ca:25)
06-23 12:30:43.277 29824 29824 E GeckoView: 	at helium314.keyboard.latin.panels.ImeGeckoView.onDetachedFromWindow(r8-map-id-bd42b0d3ee3bf2aef4c15cd913d7aa47f05109e84c9e1e56f6fc23104287a3ca:1)
06-23 12:30:43.277 29824 29824 E GeckoView: 	at android.view.View.dispatchDetachedFromWindow(View.java:20955)
06-23 12:30:43.277 29824 29824 E GeckoView: 	at android.view.ViewGroup.dispatchDetachedFromWindow(ViewGroup.java:4014)
06-23 12:30:43.277 29824 29824 E GeckoView: 	at android.view.ViewGroup.removeViewInternal(ViewGroup.java:5660)
06-23 12:30:43.277 29824 29824 E GeckoView: 	at android.view.ViewGroup.removeViewInternal(ViewGroup.java:5631)
06-23 12:30:43.277 29824 29824 E GeckoView: 	at android.view.ViewGroup.removeView(ViewGroup.java:5562)
06-23 12:30:43.277 29824 29824 E GeckoView: 	at a8.t0.run(r8-map-id-bd42b0d3ee3bf2aef4c15cd913d7aa47f05109e84c9e1e56f6fc23104287a3ca:1198)
06-23 12:30:43.277 29824 29824 E GeckoView: 	at helium314.keyboard.latin.panels.BrowserPanelView.R(r8-map-id-bd42b0d3ee3bf2aef4c15cd913d7aa47f05109e84c9e1e56f6fc23104287a3ca:151)
06-23 12:30:43.277 29824 29824 E GeckoView: 	at helium314.keyboard.latin.panels.BrowserPanelView.I0(r8-map-id-bd42b0d3ee3bf2aef4c15cd913d7aa47f05109e84c9e1e56f6fc23104287a3ca:73)
06-23 12:30:43.277 29824 29824 E GeckoView: 	at i7.c0.r(r8-map-id-bd42b0d3ee3bf2aef4c15cd913d7aa47f05109e84c9e1e56f6fc23104287a3ca:149)
06-23 12:30:43.277 29824 29824 E GeckoView: 	at i7.c0.P(r8-map-id-bd42b0d3ee3bf2aef4c15cd913d7aa47f05109e84c9e1e56f6fc23104287a3ca:17)
06-23 12:30:43.277 29824 29824 E GeckoView: 	at a8.h5.a(r8-map-id-bd42b0d3ee3bf2aef4c15cd913d7aa47f05109e84c9e1e56f6fc23104287a3ca:3)
06-23 12:30:43.277 29824 29824 E GeckoView: 	at a8.f3.onClick(r8-map-id-bd42b0d3ee3bf2aef4c15cd913d7aa47f05109e84c9e1e56f6fc23104287a3ca:207)
06-23 12:30:43.277 29824 29824 E GeckoView: 	at android.view.View.performClick(View.java:7488)
06-23 12:30:43.277 29824 29824 E GeckoView: 	at android.view.View.performClickInternal(View.java:7464)
06-23 12:30:43.277 29824 29824 E GeckoView: 	at android.view.View.access$3700(View.java:841)
06-23 12:30:43.277 29824 29824 E GeckoView: 	at android.view.View$PerformClick.run(View.java:28911)
06-23 12:30:43.277 29824 29824 E GeckoView: 	at android.os.Handler.handleCallback(Handler.java:938)
06-23 12:30:43.277 29824 29824 E GeckoView: 	at android.os.Handler.dispatchMessage(Handler.java:99)
06-23 12:30:43.277 29824 29824 E GeckoView: 	at android.os.Looper.loopOnce(Looper.java:233)
06-23 12:30:43.277 29824 29824 E GeckoView: 	at android.os.Looper.loop(Looper.java:344)
06-23 12:30:43.277 29824 29824 E GeckoView: 	at android.app.ActivityThread.main(ActivityThread.java:8212)
06-23 12:30:43.277 29824 29824 E GeckoView: 	at java.lang.reflect.Method.invoke(Native Method)
06-23 12:30:43.277 29824 29824 E GeckoView: 	at com.android.internal.os.RuntimeInit$MethodAndArgsCaller.run(RuntimeInit.java:584)
06-23 12:30:43.277 29824 29824 E GeckoView: 	at com.android.internal.os.ZygoteInit.main(ZygoteInit.java:1034)
06-23 12:30:43.420 30661 30661 E .keyboard:tab2: Unknown bits set in runtime_flags: 0x40000000
06-23 12:30:43.493 30661 30679 E GeckoLibLoad: Load sqlite start
06-23 12:30:43.495 30661 30679 E GeckoLibLoad: Load sqlite done
06-23 12:30:43.495 30661 30679 E GeckoLibLoad: Load nss start
06-23 12:30:43.495 30661 30679 E GeckoLibLoad: Load nss done
06-23 12:30:43.510 29824 29824 W GeckoSession: No history entries found.
06-23 12:30:43.515 30661 30679 E GeckoLibLoad: Loaded libs in 19.050000ms total, 16ms(16ms) user, 0ms(1ms) system, 0(0) faults
06-23 12:30:43.515 30661 30679 W GeckoThread: zerdatime 173532496 - runGecko
06-23 12:30:44.081 30735 30735 E .keyboard:tab3: Unknown bits set in runtime_flags: 0x40000000
06-23 12:30:44.168 30735 30805 E GeckoLibLoad: Load sqlite start
06-23 12:30:44.169 30735 30805 E GeckoLibLoad: Load sqlite done
06-23 12:30:44.169 30735 30805 E GeckoLibLoad: Load nss start
06-23 12:30:44.169 30735 30805 E GeckoLibLoad: Load nss done
06-23 12:30:44.181 30735 30805 E GeckoLibLoad: Loaded libs in 12.309896ms total, 8ms(3ms) user, 0ms(5ms) system, 0(0) faults
06-23 12:30:44.182 30735 30805 W GeckoThread: zerdatime 173533163 - runGecko
06-23 12:30:44.297 29824 29864 I VkSuggestions: decode typedLen=1 candidates=18 locales=1 11,3ms
06-23 12:30:44.298 29824 29864 I VkSuggestions: strip composing typedLen=1 candidates=19 autocorrect=false top=h locale=pt
06-23 12:30:44.430 29824 29864 I VkSuggestions: decode typedLen=2 candidates=18 locales=1 9,0ms
06-23 12:30:44.433 29824 29864 I VkSuggestions: strip composing typedLen=2 candidates=18 autocorrect=false top=hh locale=pt
06-23 12:30:44.618 29824 29864 I VkSuggestions: decode typedLen=3 candidates=18 locales=1 8,9ms
06-23 12:30:44.619 29824 29864 I VkSuggestions: strip composing typedLen=3 candidates=15 autocorrect=false top=hhh locale=pt
06-23 12:30:44.759 30838 30838 E .keyboard:tab1: Unknown bits set in runtime_flags: 0x40000000
06-23 12:30:44.777 29824 29864 I VkSuggestions: decode typedLen=4 candidates=18 locales=1 6,0ms
06-23 12:30:44.778 29824 29864 I VkSuggestions: strip composing typedLen=4 candidates=16 autocorrect=false top=hhhh locale=pt
06-23 12:30:44.818 30838 30867 E GeckoLibLoad: Load sqlite start
06-23 12:30:44.819 30838 30867 E GeckoLibLoad: Load sqlite done
06-23 12:30:44.819 30838 30867 E GeckoLibLoad: Load nss start
06-23 12:30:44.819 30838 30867 E GeckoLibLoad: Load nss done
06-23 12:30:44.828 30838 30867 E GeckoLibLoad: Loaded libs in 8.877709ms total, 3ms(8ms) user, 0ms(0ms) system, 0(0) faults
06-23 12:30:44.828 30838 30867 W GeckoThread: zerdatime 173533810 - runGecko
06-23 12:30:45.087 29824 29864 I VkSuggestions: decode typedLen=6 candidates=18 locales=1 5,1ms
06-23 12:30:45.089 29824 29864 I VkSuggestions: strip composing typedLen=6 candidates=14 autocorrect=false top=hhhhdn locale=pt
06-23 12:30:45.273 29824 29864 I VkSuggestions: decode typedLen=7 candidates=18 locales=1 3,0ms
06-23 12:30:45.274 29824 29864 I VkSuggestions: strip composing typedLen=7 candidates=15 autocorrect=false top=hhhhdnn locale=pt
06-23 12:30:45.501 29824 29864 W VibeKeyProfiler: Slow Native Suggest: Total=8.98ms | Init=0.19ms | TrieExpand(x4)=8.76ms | Scoring=0.03ms | inputSize=8
06-23 12:30:45.503 29824 29864 I VkSuggestions: decode typedLen=8 candidates=18 locales=1 11,7ms
06-23 12:30:45.506 29824 29864 I VkSuggestions: strip composing typedLen=8 candidates=15 autocorrect=false top=hhhhdnnd locale=pt
06-23 12:30:46.727 29824 29824 I VkPanels: ▶ open menu
06-23 12:30:48.368 29824 29824 I VkPanels: ▶ open menu
06-23 12:30:49.841 29824 29864 I VkSuggestions: decode typedLen=9 candidates=18 locales=1 3,5ms
06-23 12:30:49.842 29824 29864 I VkSuggestions: strip composing typedLen=9 candidates=16 autocorrect=false top=hhhhdnndj locale=pt
06-23 12:30:50.031 29824 29864 I VkSuggestions: decode typedLen=10 candidates=18 locales=1 7,5ms
06-23 12:30:50.033 29824 29864 I VkSuggestions: strip composing typedLen=10 candidates=16 autocorrect=false top=hhhhdnndjj locale=pt
06-23 12:30:50.292 30952 30952 E libcrashpad_handler_trampoline.so: createInstance(64bit) : createExtendedFactory
06-23 12:30:50.294 30952 30952 E libcrashpad_handler_trampoline.so: createInstance(64bit) : createExtendedFactory
06-23 12:30:50.294 30952 30952 E libcrashpad_handler_trampoline.so: Opened libinputextensionsimpl.so
06-23 12:30:50.294 30952 30952 E libcrashpad_handler_trampoline.so: Opened libinputextensionsimpl.so
06-23 12:30:50.295 30952 30952 E libcrashpad_handler_trampoline.so: createInstance(64bit) : createExtendedFactory
06-23 12:30:50.295 30952 30952 E libcrashpad_handler_trampoline.so: createInstance(64bit) : createExtendedFactory
06-23 12:30:50.295 30952 30952 E libcrashpad_handler_trampoline.so: Opened libsensorextimpl.so
06-23 12:30:50.295 30952 30952 E libcrashpad_handler_trampoline.so: Opened libsensorextimpl.so
06-23 12:30:50.342 30952 30952 E chromium: [0623/123050.342086:ERROR:third_party/crashpad/crashpad/util/process/process_memory_range.cc:75] read out of range
06-23 12:30:50.460 29824 29864 F libc    : Fatal signal 7 (SIGBUS), code 2 (BUS_ADRERR), fault addr 0x7af42ec00e in tid 29864 (d), pid 29824 (AndroidUI)
06-23 12:30:50.523 29824 29824 W b       : Suggestion generation timed out
06-23 12:30:50.567 30963 30963 E DEBUG   : failed to readlink /proc/29864/fd/242: No such file or directory
06-23 12:30:50.782 30963 30963 E DEBUG   : failed to read /proc/uptime: Permission denied
06-23 12:30:50.789 29824 29824 I VkPanels: ▶ open assist
06-23 12:30:50.810 29824 29824 I OnDeviceAssist: ▶ panel open
06-23 12:30:51.427 29222 29240 I OnDeviceAssist: warm ok model=qwen2.5-0.5b-instruct-q4_0.gguf ambient=40 chars 0ms
06-23 12:30:51.580 29824 29824 I OnDeviceAssist: ▶ tap task=tone_casual in=11 chars
06-23 12:30:51.586 29824 29984 I OnDeviceAssist: ▶ assist_ipc task=tone_casual in=11 chars
06-23 12:30:51.592 29222 29428 I OnDeviceAssist: dispatch task=tone_casual in=11 chars engine=Ready
06-23 12:30:51.592 29222 29428 I OnDeviceAssist: ▶ runSync task=tone_casual in=11 chars locale=pt
06-23 12:30:51.648 29222 29428 I OnDeviceAssist: → llm task=tone_casual model=qwen2.5-0.5b-instruct-q4_0.gguf temp=0.45 maxTok=64
06-23 12:30:51.673 30963 30963 F DEBUG   : Process name is com.vibekey.keyboard, not key_process
06-23 12:30:51.673 30963 30963 F DEBUG   : keyProcess: 0
06-23 12:30:51.673 30963 30963 F DEBUG   : *** *** *** *** *** *** *** *** *** *** *** *** *** *** *** ***
06-23 12:30:51.673 30963 30963 F DEBUG   : Build fingerprint: 'OnePlus/OnePlus7Pro/OnePlus7Pro:12/SKQ1.211113.001/P.202303230244:user/release-keys'
06-23 12:30:51.673 30963 30963 F DEBUG   : Revision: '0'
06-23 12:30:51.673 30963 30963 F DEBUG   : ABI: 'arm64'
06-23 12:30:51.673 30963 30963 F DEBUG   : Timestamp: 2026-06-23 12:30:50.782015470-0400
06-23 12:30:51.673 30963 30963 F DEBUG   : Process uptime: 0s
06-23 12:30:51.673 30963 30963 F DEBUG   : Cmdline: com.vibekey.keyboard
06-23 12:30:51.673 30963 30963 F DEBUG   : pid: 29824, tid: 29864, name: d  >>> com.vibekey.keyboard <<<
06-23 12:30:51.673 30963 30963 F DEBUG   : uid: 14165
06-23 12:30:51.673 30963 30963 F DEBUG   : signal 7 (SIGBUS), code 2 (BUS_ADRERR), fault addr 0x7af42ec00e
06-23 12:30:51.673 30963 30963 F DEBUG   :     x0  0000000000000000  x1  00000000000074a8  x2  0000000000000007  x3  0000007b177bfda0
06-23 12:30:51.673 30963 30963 F DEBUG   :     x4  0000007b177bf6a8  x5  0000007b177bf6a8  x6  0000007b177bf6a8  x7  0000000000000000
06-23 12:30:51.673 30963 30963 F DEBUG   :     x8  00000000000000f0  x9  04075adaf910ba9e  x10 0000000000004001  x11 0000000000000000
06-23 12:30:51.673 30963 30963 F DEBUG   :     x12 00000000ffffffff  x13 0000000000000000  x14 000000000000001f  x15 0000007af42ebfc6
06-23 12:30:51.673 30963 30963 F DEBUG   :     x16 0000007a10eb03a8  x17 0000007af450df10  x18 00000079f7066000  x19 0000000000000007
06-23 12:30:51.673 30963 30963 F DEBUG   :     x20 0000007b177bfda0  x21 0000000000007480  x22 0000007b177bfd00  x23 0000000000000001
06-23 12:30:51.673 30963 30963 F DEBUG   :     x24 0000007a5cbdd798  x25 0000007a5cbdd8b0  x26 0000007a5cbdd8e4  x27 0000000000000001
06-23 12:30:51.673 30963 30963 F DEBUG   :     x28 0000007a5cbddf18  x29 0000007b177bfd20
06-23 12:30:51.673 30963 30963 F DEBUG   :     lr  0000007a0b0bdbc8  sp  0000007b177bfd00  pc  0000007af450df34  pst 0000000000000000
06-23 12:30:51.673 30963 30963 F DEBUG   : backtrace:
06-23 12:30:51.673 30963 30963 F DEBUG   :       #00 pc 0000000000075f34  /apex/com.android.runtime/lib64/bionic/libc.so (syscall+36) (BuildId: bbbdeb7c87c74f1491f92c6e605095b0)
06-23 12:30:51.673 30963 30963 F DEBUG   :       #01 pc 00000000040a9bc4  /data/app/~~-XGWjzmdoRrM1YaZYK883A==/com.google.android.webview-HvpxCmuUIjPsZ4yTEw8s4w==/base.apk!libwebviewchromium.so (BuildId: f447b77da2d76e8d4d133b66c727c3ae532b54bf)
06-23 12:30:51.673 30963 30963 F DEBUG   :       #02 pc 00000000040a03c4  /data/app/~~-XGWjzmdoRrM1YaZYK883A==/com.google.android.webview-HvpxCmuUIjPsZ4yTEw8s4w==/base.apk!libwebviewchromium.so (BuildId: f447b77da2d76e8d4d133b66c727c3ae532b54bf)
06-23 12:30:51.673 30963 30963 F DEBUG   :       #03 pc 0000000000000638  [vdso] (__kernel_rt_sigreturn+0)
06-23 12:30:51.673 30963 30963 F DEBUG   :       #04 pc 00000000000b67ac  /data/app/~~08CYLE4JwwJLjv5k4_9zeQ==/com.vibekey.keyboard-w-5sEM6AD4EW5nZk8ElkZw==/lib/arm64/libjni_latinime.so (latinime::PatriciaTrieReadingUtils::readPtNodeInfo(unsigned char const*, int, int, latinime::DictionaryShortcutsStructurePolicy const*, latinime::DictionaryBigramsStructurePolicy const*, int const*, unsigned char*, int*, int*, int*, int*, int*, int*, int*)+120) (BuildId: f905dbd1a904967a994cf833116e517b05caa863)
06-23 12:30:51.673 30963 30963 F DEBUG   :       #05 pc 00000000000b8980  /data/app/~~08CYLE4JwwJLjv5k4_9zeQ==/com.vibekey.keyboard-w-5sEM6AD4EW5nZk8ElkZw==/lib/arm64/libjni_latinime.so (latinime::Ver2ParticiaTrieNodeReader::fetchPtNodeParamsInBufferFromPtNodePos(int) const+140) (BuildId: f905dbd1a904967a994cf833116e517b05caa863)
06-23 12:30:51.673 30963 30963 F DEBUG   :       #06 pc 00000000000b4b74  /data/app/~~08CYLE4JwwJLjv5k4_9zeQ==/com.vibekey.keyboard-w-5sEM6AD4EW5nZk8ElkZw==/lib/arm64/libjni_latinime.so (latinime::DynamicPtReadingHelper::getTerminalPtNodePositionOfWord(int const*, unsigned long, bool)+232) (BuildId: f905dbd1a904967a994cf833116e517b05caa863)
06-23 12:30:51.673 30963 30963 F DEBUG   :       #07 pc 00000000000b7324  /data/app/~~08CYLE4JwwJLjv5k4_9zeQ==/com.vibekey.keyboard-w-5sEM6AD4EW5nZk8ElkZw==/lib/arm64/libjni_latinime.so (latinime::PatriciaTriePolicy::getWordId(latinime::IntArrayView, bool) const+184) (BuildId: f905dbd1a904967a994cf833116e517b05caa863)
06-23 12:30:51.673 30963 30963 F DEBUG   :       #08 pc 00000000000a7d54  /data/app/~~08CYLE4JwwJLjv5k4_9zeQ==/com.vibekey.keyboard-w-5sEM6AD4EW5nZk8ElkZw==/lib/arm64/libjni_latinime.so (latinime::NgramContext::getWordId(latinime::DictionaryStructureWithBufferPolicy const*, int const*, int, bool, bool)+232) (BuildId: f905dbd1a904967a994cf833116e517b05caa863)
06-23 12:30:51.673 30963 30963 F DEBUG   :       #09 pc 00000000000d337c  /data/app/~~08CYLE4JwwJLjv5k4_9zeQ==/com.vibekey.keyboard-w-5sEM6AD4EW5nZk8ElkZw==/lib/arm64/libjni_latinime.so (latinime::DicTraverseSession::init(latinime::Dictionary const*, latinime::NgramContext const*, latinime::SuggestOptions const*)+124) (BuildId: f905dbd1a904967a994cf833116e517b05caa863)
06-23 12:30:51.673 30963 30963 F DEBUG   :       #10 pc 00000000000c8bd0  /data/app/~~08CYLE4JwwJLjv5k4_9zeQ==/com.vibekey.keyboard-w-5sEM6AD4EW5nZk8ElkZw==/lib/arm64/libjni_latinime.so (latinime::Dictionary::getSuggestions(latinime::ProximityInfo*, latinime::DicTraverseSession*, int*, int*, int*, int*, int*, int, latinime::NgramContext const*, latinime::SuggestOptions const*, float, latinime::SuggestionResults*) const+104) (BuildId: f905dbd1a904967a994cf833116e517b05caa863)
06-23 12:30:51.673 30963 30963 F DEBUG   :       #11 pc 000000000009fd88  /data/app/~~08CYLE4JwwJLjv5k4_9zeQ==/com.vibekey.keyboard-w-5sEM6AD4EW5nZk8ElkZw==/lib/arm64/libjni_latinime.so (BuildId: f905dbd1a904967a994cf833116e517b05caa863)
06-23 12:30:51.673 30963 30963 F DEBUG   :       #12 pc 00000000002b03a0  /apex/com.android.art/lib64/libart.so (art_quick_generic_jni_trampoline+144) (BuildId: 1f156fc62660d075a8d675db850b95d5)
06-23 12:30:51.673 30963 30963 F DEBUG   :       #13 pc 000000000072c828  /apex/com.android.art/lib64/libart.so (nterp_helper+1944) (BuildId: 1f156fc62660d075a8d675db850b95d5)
06-23 12:30:51.673 30963 30963 F DEBUG   :       #14 pc 000000000022865e  /data/app/~~08CYLE4JwwJLjv5k4_9zeQ==/com.vibekey.keyboard-w-5sEM6AD4EW5nZk8ElkZw==/oat/arm64/base.vdex (com.android.inputmethod.latin.BinaryDictionary.r+594)
06-23 12:30:51.673 30963 30963 F DEBUG   :       #15 pc 000000000072cb98  /apex/com.android.art/lib64/libart.so (nterp_helper+2824) (BuildId: 1f156fc62660d075a8d675db850b95d5)
06-23 12:30:51.673 30963 30963 F DEBUG   :       #16 pc 00000000002283c6  /data/app/~~08CYLE4JwwJLjv5k4_9zeQ==/com.vibekey.keyboard-w-5sEM6AD4EW5nZk8ElkZw==/oat/arm64/base.vdex (com.android.inputmethod.latin.BinaryDictionary.c+2)
06-23 12:30:51.673 30963 30963 F DEBUG   :       #17 pc 000000000072cb98  /apex/com.android.art/lib64/libart.so (nterp_helper+2824) (BuildId: 1f156fc62660d075a8d675db850b95d5)
06-23 12:30:51.673 30963 30963 F DEBUG   :       #18 pc 0000000000ae7636  /data/app/~~08CYLE4JwwJLjv5k4_9zeQ==/com.vibekey.keyboard-w-5sEM6AD4EW5nZk8ElkZw==/oat/arm64/base.vdex (v7.j.c+50)
06-23 12:30:51.673 30963 30963 F DEBUG   :       #19 pc 000000000072cb98  /apex/com.android.art/lib64/libart.so (nterp_helper+2824) (BuildId: 1f156fc62660d075a8d675db850b95d5)
06-23 12:30:51.673 30963 30963 F DEBUG   :       #20 pc 0000000000ae679e  /data/app/~~08CYLE4JwwJLjv5k4_9zeQ==/com.vibekey.keyboard-w-5sEM6AD4EW5nZk8ElkZw==/oat/arm64/base.vdex (v7.d.c+70)
06-23 12:30:51.673 30963 30963 F DEBUG   :       #21 pc 000000000072cb98  /apex/com.android.art/lib64/libart.so (nterp_helper+2824) (BuildId: 1f156fc62660d075a8d675db850b95d5)
06-23 12:30:51.673 30963 30963 F DEBUG   :       #22 pc 00000000005b4cfe  /data/app/~~08CYLE4JwwJLjv5k4_9zeQ==/com.vibekey.keyboard-w-5sEM6AD4EW5nZk8ElkZw==/oat/arm64/base.vdex (p7.o.j+334)
06-23 12:30:51.673 30963 30963 F DEBUG   :       #23 pc 000000000072cb98  /apex/com.android.art/lib64/libart.so (nterp_helper+2824) (BuildId: 1f156fc62660d075a8d675db850b95d5)
06-23 12:30:51.673 30963 30963 F DEBUG   :       #24 pc 00000000005b4656  /data/app/~~08CYLE4JwwJLjv5k4_9zeQ==/com.vibekey.keyboard-w-5sEM6AD4EW5nZk8ElkZw==/oat/arm64/base.vdex (p7.o.i+358)
06-23 12:30:51.673 30963 30963 F DEBUG   :       #25 pc 000000000072cb98  /apex/com.android.art/lib64/libart.so (nterp_helper+2824) (BuildId: 1f156fc62660d075a8d675db850b95d5)
06-23 12:30:51.673 30963 30963 F DEBUG   :       #26 pc 00000000005b44a8  /data/app/~~08CYLE4JwwJLjv5k4_9zeQ==/com.vibekey.keyboard-w-5sEM6AD4EW5nZk8ElkZw==/oat/arm64/base.vdex (p7.o.h+112)
06-23 12:30:51.673 30963 30963 F DEBUG   :       #27 pc 000000000072cb98  /apex/com.android.art/lib64/libart.so (nterp_helper+2824) (BuildId: 1f156fc62660d075a8d675db850b95d5)
06-23 12:30:51.673 30963 30963 F DEBUG   :       #28 pc 00000000005bd1ec  /data/app/~~08CYLE4JwwJLjv5k4_9zeQ==/com.vibekey.keyboard-w-5sEM6AD4EW5nZk8ElkZw==/oat/arm64/base.vdex (p7.i1.c+256)
06-23 12:30:51.673 30963 30963 F DEBUG   :       #29 pc 000000000072cb98  /apex/com.android.art/lib64/libart.so (nterp_helper+2824) (BuildId: 1f156fc62660d075a8d675db850b95d5)
06-23 12:30:51.673 30963 30963 F DEBUG   :       #30 pc 00000000005bd074  /data/app/~~08CYLE4JwwJLjv5k4_9zeQ==/com.vibekey.keyboard-w-5sEM6AD4EW5nZk8ElkZw==/oat/arm64/base.vdex (p7.i1.b+2656)
06-23 12:30:51.673 30963 30963 F DEBUG   :       #31 pc 000000000072cb98  /apex/com.android.art/lib64/libart.so (nterp_helper+2824) (BuildId: 1f156fc62660d075a8d675db850b95d5)
