--------- beginning of system
05-30 22:26:38.544 12463 12463 E OplusCustomizeRestrictionManager: sInstance is null, start a new sInstance
05-30 22:27:32.769 12463 15380 E ActivityThread: Failed to find provider info for com.oplus.statistics.provider
05-30 22:27:32.769 12463 15380 E OplusStatistics--: IllegalArgumentException:java.lang.IllegalArgumentException: Unknown URL content://com.oplus.statistics.provider/track_event
05-30 22:29:01.451 12463 15380 E ActivityThread: Failed to find provider info for com.oplus.statistics.provider
05-30 22:29:01.451 12463 15380 E OplusStatistics--: IllegalArgumentException:java.lang.IllegalArgumentException: Unknown URL content://com.oplus.statistics.provider/track_event
05-30 22:29:17.128 12463 15380 E ActivityThread: Failed to find provider info for com.oplus.statistics.provider
05-30 22:29:17.128 12463 15380 E OplusStatistics--: IllegalArgumentException:java.lang.IllegalArgumentException: Unknown URL content://com.oplus.statistics.provider/track_event
05-30 22:30:59.887 18070 18070 E OplusCustomizeRestrictionManager: sInstance is null, start a new sInstance
05-30 22:33:31.487 18070 19238 E ActivityThread: Failed to find provider info for com.oplus.statistics.provider
05-30 22:33:31.487 18070 19238 E OplusStatistics--: IllegalArgumentException:java.lang.IllegalArgumentException: Unknown URL content://com.oplus.statistics.provider/track_event
--------- beginning of main
05-30 22:33:45.077 18070 18095 W VibeKeyProfiler: Slow Native Suggest: Total=12.85ms | Init=0.23ms | TrieExpand(x15)=12.58ms | Scoring=0.03ms | inputSize=2
05-30 22:33:45.079 18070 18096 W VibeKeyProfiler: Slow Native Suggest: Total=15.19ms | Init=0.18ms | TrieExpand(x11)=14.97ms | Scoring=0.03ms | inputSize=2
05-30 22:33:45.083 18070 18146 W VibeKeyProfiler: Slow Native Suggest: Total=19.14ms | Init=0.25ms | TrieExpand(x14)=18.87ms | Scoring=0.02ms | inputSize=2
05-30 22:33:45.086 18070 18108 W VibeKeyProfiler: Slow Kotlin Suggest: Total=23.10ms | locales=6 | typedLen=2 | candidates=18 parallelWait=22.88ms
05-30 22:33:45.707 18070 18365 W libc    : Access denied finding property "vendor.oplus.media.vpp.stutter"
05-30 22:33:46.708 18070 18365 W libc    : Access denied finding property "vendor.oplus.media.vpp.stutter"
05-30 22:33:47.051 18070 18147 W VibeKeyProfiler: Slow Native Suggest: Total=8.39ms | Init=0.28ms | TrieExpand(x10)=8.08ms | Scoring=0.02ms | inputSize=5
05-30 22:33:47.054 18070 18094 W VibeKeyProfiler: Slow Native Suggest: Total=11.76ms | Init=0.17ms | TrieExpand(x9)=11.58ms | Scoring=0.01ms | inputSize=5
05-30 22:33:47.342 18070 18108 W VibeKeyProfiler: Slow Kotlin Suggest: Total=18.74ms | locales=6 | typedLen=3 | candidates=18 parallelWait=18.49ms
05-30 22:33:47.709 18070 18365 W libc    : Access denied finding property "vendor.oplus.media.vpp.stutter"
05-30 22:33:48.098 18070 18147 W VibeKeyProfiler: Slow Native Suggest: Total=10.16ms | Init=0.16ms | TrieExpand(x15)=9.99ms | Scoring=0.02ms | inputSize=2
05-30 22:33:48.710 18070 18365 W libc    : Access denied finding property "vendor.oplus.media.vpp.stutter"
05-30 22:33:48.725 18070 18146 W VibeKeyProfiler: Slow Native Suggest: Total=18.37ms | Init=0.23ms | TrieExpand(x12)=18.09ms | Scoring=0.04ms | inputSize=1
05-30 22:33:48.726 18070 18096 W VibeKeyProfiler: Slow Native Suggest: Total=12.65ms | Init=0.45ms | TrieExpand(x14)=12.15ms | Scoring=0.05ms | inputSize=1
05-30 22:33:48.734 18070 18094 W VibeKeyProfiler: Slow Native Suggest: Total=20.64ms | Init=0.42ms | TrieExpand(x15)=20.19ms | Scoring=0.03ms | inputSize=1
05-30 22:33:48.736 18070 18147 W VibeKeyProfiler: Slow Native Suggest: Total=14.76ms | Init=0.30ms | TrieExpand(x39)=14.43ms | Scoring=0.02ms | inputSize=1
05-30 22:33:48.739 18070 18146 W VibeKeyProfiler: Slow Native Suggest: Total=13.43ms | Init=0.28ms | TrieExpand(x16)=13.12ms | Scoring=0.02ms | inputSize=1
05-30 22:33:48.742 18070 18108 W VibeKeyProfiler: Slow Kotlin Suggest: Total=36.06ms | locales=6 | typedLen=1 | candidates=18 parallelWait=35.87ms
05-30 22:33:49.710 18070 18365 W libc    : Access denied finding property "vendor.oplus.media.vpp.stutter"
05-30 22:33:50.711 18070 18365 W libc    : Access denied finding property "vendor.oplus.media.vpp.stutter"
05-30 22:33:51.711 18070 18365 W libc    : Access denied finding property "vendor.oplus.media.vpp.stutter"
05-30 22:33:52.713 18070 18365 W libc    : Access denied finding property "vendor.oplus.media.vpp.stutter"
05-30 22:33:53.713 18070 18365 W libc    : Access denied finding property "vendor.oplus.media.vpp.stutter"
05-30 22:33:54.417 18070 18095 W VibeKeyProfiler: Slow Native Suggest: Total=8.38ms | Init=0.44ms | TrieExpand(x16)=7.92ms | Scoring=0.02ms | inputSize=1
05-30 22:33:54.424 18070 18108 W VibeKeyProfiler: Slow Native Suggest: Total=14.53ms | Init=0.43ms | TrieExpand(x15)=14.07ms | Scoring=0.02ms | inputSize=1
05-30 22:33:54.424 18070 18094 W VibeKeyProfiler: Slow Native Suggest: Total=14.85ms | Init=12.38ms | TrieExpand(x14)=2.46ms | Scoring=0.02ms | inputSize=1
05-30 22:33:54.428 18070 18108 W VibeKeyProfiler: Slow Kotlin Suggest: Total=19.20ms | locales=6 | typedLen=1 | candidates=18 parallelWait=19.01ms
05-30 22:33:54.713 18070 18365 W libc    : Access denied finding property "vendor.oplus.media.vpp.stutter"
05-30 22:33:54.794 18070 18095 W VibeKeyProfiler: Slow Native Suggest: Total=8.94ms | Init=6.14ms | TrieExpand(x9)=2.78ms | Scoring=0.02ms | inputSize=3
05-30 22:33:55.713 18070 18365 W libc    : Access denied finding property "vendor.oplus.media.vpp.stutter"
05-30 22:33:56.347 18070 18095 W VibeKeyProfiler: Slow Native Suggest: Total=9.96ms | Init=0.05ms | TrieExpand(x12)=9.88ms | Scoring=0.02ms | inputSize=3
05-30 22:33:56.714 18070 18365 W libc    : Access denied finding property "vendor.oplus.media.vpp.stutter"
05-30 22:33:56.993 18070 18095 W VibeKeyProfiler: Slow Native Suggest: Total=11.68ms | Init=0.04ms | TrieExpand(x9)=11.61ms | Scoring=0.02ms | inputSize=2
05-30 22:33:57.312 18070 18108 W VibeKeyProfiler: Slow Native Suggest: Total=12.13ms | Init=0.10ms | TrieExpand(x15)=12.00ms | Scoring=0.02ms | inputSize=1
05-30 22:33:57.715 18070 18365 W libc    : Access denied finding property "vendor.oplus.media.vpp.stutter"
05-30 22:33:58.330 18070 18146 W VibeKeyProfiler: Slow Native Suggest: Total=13.25ms | Init=0.02ms | TrieExpand(x18)=13.19ms | Scoring=0.05ms | inputSize=1
05-30 22:33:58.345 18070 18146 W VibeKeyProfiler: Slow Native Suggest: Total=14.52ms | Init=0.02ms | TrieExpand(x15)=14.48ms | Scoring=0.02ms | inputSize=1
05-30 22:33:58.346 18070 18108 W VibeKeyProfiler: Slow Kotlin Suggest: Total=29.39ms | locales=6 | typedLen=1 | candidates=18 parallelWait=29.00ms
05-30 22:33:58.715 18070 18365 W libc    : Access denied finding property "vendor.oplus.media.vpp.stutter"
05-30 22:33:58.913 18070 18094 W VibeKeyProfiler: Slow Native Suggest: Total=16.83ms | Init=0.13ms | TrieExpand(x12)=16.67ms | Scoring=0.03ms | inputSize=4
05-30 22:33:58.918 18070 18108 W VibeKeyProfiler: Slow Kotlin Suggest: Total=22.80ms | locales=6 | typedLen=4 | candidates=18 parallelWait=22.46ms
05-30 22:33:59.715 18070 18365 W libc    : Access denied finding property "vendor.oplus.media.vpp.stutter"
05-30 22:34:00.486 18070 18095 W VibeKeyProfiler: Slow Native Suggest: Total=9.89ms | Init=0.08ms | TrieExpand(x18)=9.75ms | Scoring=0.05ms | inputSize=2
05-30 22:34:00.492 18070 18108 W VibeKeyProfiler: Slow Kotlin Suggest: Total=16.69ms | locales=6 | typedLen=2 | candidates=18 parallelWait=16.38ms
05-30 22:34:00.716 18070 18365 W libc    : Access denied finding property "vendor.oplus.media.vpp.stutter"
05-30 22:34:01.716 18070 18365 W libc    : Access denied finding property "vendor.oplus.media.vpp.stutter"
05-30 22:34:02.059 18070 18147 W VibeKeyProfiler: Slow Native Suggest: Total=8.41ms | Init=0.29ms | TrieExpand(x17)=2.92ms | Scoring=5.20ms | inputSize=1
05-30 22:34:02.060 18070 18094 W VibeKeyProfiler: Slow Native Suggest: Total=8.39ms | Init=0.46ms | TrieExpand(x19)=7.89ms | Scoring=0.03ms | inputSize=1
05-30 22:34:02.061 18070 18108 W VibeKeyProfiler: Slow Native Suggest: Total=14.51ms | Init=0.39ms | TrieExpand(x19)=14.09ms | Scoring=0.02ms | inputSize=1
05-30 22:34:02.063 18070 18108 W VibeKeyProfiler: Slow Kotlin Suggest: Total=17.17ms | locales=6 | typedLen=1 | candidates=18 parallelWait=16.97ms
05-30 22:34:02.181 18070 18096 W VibeKeyProfiler: Slow Native Suggest: Total=8.89ms | Init=0.10ms | TrieExpand(x14)=8.77ms | Scoring=0.02ms | inputSize=2
05-30 22:34:02.717 18070 18365 W libc    : Access denied finding property "vendor.oplus.media.vpp.stutter"
05-30 22:34:03.719 18070 18365 W libc    : Access denied finding property "vendor.oplus.media.vpp.stutter"
05-30 22:34:04.418 18070 18146 W VibeKeyProfiler: Slow Native Suggest: Total=9.48ms | Init=0.12ms | TrieExpand(x15)=9.34ms | Scoring=0.02ms | inputSize=3
05-30 22:34:04.720 18070 18365 W libc    : Access denied finding property "vendor.oplus.media.vpp.stutter"
05-30 22:34:05.720 18070 18365 W libc    : Access denied finding property "vendor.oplus.media.vpp.stutter"
05-30 22:34:05.867 18070 18096 W VibeKeyProfiler: Slow Native Suggest: Total=13.95ms | Init=0.11ms | TrieExpand(x12)=13.81ms | Scoring=0.03ms | inputSize=1
05-30 22:34:05.873 18070 18146 W VibeKeyProfiler: Slow Native Suggest: Total=19.42ms | Init=0.38ms | TrieExpand(x14)=19.01ms | Scoring=0.02ms | inputSize=1
05-30 22:34:05.874 18070 18094 W VibeKeyProfiler: Slow Native Suggest: Total=20.67ms | Init=0.34ms | TrieExpand(x14)=20.30ms | Scoring=0.03ms | inputSize=1
05-30 22:34:05.879 18070 18108 W VibeKeyProfiler: Slow Kotlin Suggest: Total=26.64ms | locales=6 | typedLen=1 | candidates=18 parallelWait=26.49ms
05-30 22:34:06.721 18070 18365 W libc    : Access denied finding property "vendor.oplus.media.vpp.stutter"
05-30 22:34:07.724 18070 18365 W libc    : Access denied finding property "vendor.oplus.media.vpp.stutter"
05-30 22:34:08.724 18070 18365 W libc    : Access denied finding property "vendor.oplus.media.vpp.stutter"
05-30 22:34:09.460 18070 18108 W VibeKeyProfiler: Slow Kotlin Suggest: Total=17.63ms | locales=6 | typedLen=2 | candidates=18 parallelWait=17.33ms
05-30 22:34:09.725 18070 18365 W libc    : Access denied finding property "vendor.oplus.media.vpp.stutter"
05-30 22:34:10.726 18070 18365 W libc    : Access denied finding property "vendor.oplus.media.vpp.stutter"
05-30 22:34:11.081 18070 18108 W VibeKeyProfiler: Slow Native Suggest: Total=17.83ms | Init=0.33ms | TrieExpand(x14)=17.45ms | Scoring=0.05ms | inputSize=1
05-30 22:34:11.082 18070 18147 W VibeKeyProfiler: Slow Native Suggest: Total=18.85ms | Init=0.09ms | TrieExpand(x13)=18.73ms | Scoring=0.03ms | inputSize=1
05-30 22:34:11.084 18070 18146 W VibeKeyProfiler: Slow Native Suggest: Total=19.51ms | Init=0.34ms | TrieExpand(x17)=19.14ms | Scoring=0.03ms | inputSize=1
05-30 22:34:11.084 18070 18094 W VibeKeyProfiler: Slow Native Suggest: Total=18.96ms | Init=0.52ms | TrieExpand(x15)=18.42ms | Scoring=0.02ms | inputSize=1
05-30 22:34:11.087 18070 18095 W VibeKeyProfiler: Slow Native Suggest: Total=15.07ms | Init=0.26ms | TrieExpand(x15)=14.78ms | Scoring=0.03ms | inputSize=1
05-30 22:34:11.088 18070 18096 W VibeKeyProfiler: Slow Native Suggest: Total=16.93ms | Init=0.35ms | TrieExpand(x26)=16.55ms | Scoring=0.03ms | inputSize=1
05-30 22:34:11.095 18070 18108 W VibeKeyProfiler: Slow Kotlin Suggest: Total=32.64ms | locales=6 | typedLen=1 | candidates=18 parallelWait=32.36ms
05-30 22:34:11.727 18070 18365 W libc    : Access denied finding property "vendor.oplus.media.vpp.stutter"
05-30 22:34:12.728 18070 18365 W libc    : Access denied finding property "vendor.oplus.media.vpp.stutter"
05-30 22:34:12.985 18070 18108 W VibeKeyProfiler: Slow Kotlin Suggest: Total=17.94ms | locales=6 | typedLen=1 | candidates=18 parallelWait=17.76ms
05-30 22:34:13.279 18070 18108 W VibeKeyProfiler: Slow Kotlin Suggest: Total=17.55ms | locales=6 | typedLen=3 | candidates=18 parallelWait=17.39ms
05-30 22:34:13.484 18070 18095 W VibeKeyProfiler: Slow Native Suggest: Total=11.49ms | Init=7.58ms | TrieExpand(x12)=3.89ms | Scoring=0.02ms | inputSize=4
05-30 22:34:13.729 18070 18365 W libc    : Access denied finding property "vendor.oplus.media.vpp.stutter"
05-30 22:34:14.730 18070 18365 W libc    : Access denied finding property "vendor.oplus.media.vpp.stutter"
05-30 22:34:15.731 18070 18365 W libc    : Access denied finding property "vendor.oplus.media.vpp.stutter"
05-30 22:34:16.732 18070 18365 W libc    : Access denied finding property "vendor.oplus.media.vpp.stutter"
05-30 22:34:17.037 18070 18070 W GeckoEventDispatcher: No listener for GeckoView:DismissClipboardPermissionRequest
05-30 22:34:17.038 18070 18731 E GeckoConsole: [JavaScript Error: "TypeError: can't access property "WindowEventDispatcher", win is null" {file: "resource://gre/modules/GeckoViewSessionStore.sys.mjs" line: 149}]
05-30 22:34:17.038 18070 18731 E GeckoConsole: onTabStateUpdate@resource://gre/modules/GeckoViewSessionStore.sys.mjs:149:5
05-30 22:34:17.038 18070 18731 E GeckoConsole: updateSessionStoreFromTabListener@resource://gre/modules/GeckoViewSessionStore.sys.mjs:243:10
05-30 22:34:17.038 18070 18731 E GeckoConsole: SSF_updateSessionStore@resource://gre/modules/SessionStoreFunctions.sys.mjs:46:27
05-30 22:34:17.038 18070 18731 E GeckoConsole: UpdateSessionStore@resource://gre/modules/SessionStoreFunctions.sys.mjs:16:46
05-30 22:34:17.735 18070 18365 W libc    : Access denied finding property "vendor.oplus.media.vpp.stutter"
05-30 22:34:18.739 18070 18365 W libc    : Access denied finding property "vendor.oplus.media.vpp.stutter"
05-30 22:34:19.747 18070 18365 W libc    : Access denied finding property "vendor.oplus.media.vpp.stutter"
05-30 22:34:20.238 18070 18070 E Toast   : setGravity() shouldn't be called on text toasts, the values won't be used
05-30 22:34:20.749 18070 18365 W libc    : Access denied finding property "vendor.oplus.media.vpp.stutter"
05-30 22:34:20.807 18070 18070 W GeckoEventDispatcher: No listener for GeckoView:DismissClipboardPermissionRequest
05-30 22:34:20.807 18070 18731 E GeckoConsole: [JavaScript Error: "TypeError: can't access property "WindowEventDispatcher", win is null" {file: "resource://gre/modules/GeckoViewSessionStore.sys.mjs" line: 149}]
05-30 22:34:20.807 18070 18731 E GeckoConsole: onTabStateUpdate@resource://gre/modules/GeckoViewSessionStore.sys.mjs:149:5
05-30 22:34:20.807 18070 18731 E GeckoConsole: updateSessionStoreFromTabListener@resource://gre/modules/GeckoViewSessionStore.sys.mjs:243:10
05-30 22:34:20.807 18070 18731 E GeckoConsole: SSF_updateSessionStore@resource://gre/modules/SessionStoreFunctions.sys.mjs:46:27
05-30 22:34:20.807 18070 18731 E GeckoConsole: UpdateSessionStore@resource://gre/modules/SessionStoreFunctions.sys.mjs:16:46
05-30 22:34:20.823 18070 18070 W LayerDrawable: Invalid drawable added to LayerDrawable! Drawable already belongs to another owner but does not expose a constant state.
05-30 22:34:20.823 18070 18070 W LayerDrawable: java.lang.RuntimeException
05-30 22:34:20.823 18070 18070 W LayerDrawable: 	at android.graphics.drawable.LayerDrawable$ChildDrawable.<init>(LayerDrawable.java:1857)
05-30 22:34:20.823 18070 18070 W LayerDrawable: 	at android.graphics.drawable.LayerDrawable$LayerState.<init>(LayerDrawable.java:1977)
05-30 22:34:20.823 18070 18070 W LayerDrawable: 	at android.graphics.drawable.LayerDrawable.createConstantState(LayerDrawable.java:174)
05-30 22:34:20.823 18070 18070 W LayerDrawable: 	at android.graphics.drawable.LayerDrawable.mutate(LayerDrawable.java:1782)
05-30 22:34:20.823 18070 18070 W LayerDrawable: 	at y7.r3.j(r8-map-id-5d645c53795d7f38dc1c9f1b83b5173f25c2ea160a21c19b6f088c7ca418466e:83)
05-30 22:34:20.823 18070 18070 W LayerDrawable: 	at helium314.keyboard.latin.panels.MenuPanelView.k(r8-map-id-5d645c53795d7f38dc1c9f1b83b5173f25c2ea160a21c19b6f088c7ca418466e:36)
05-30 22:34:20.823 18070 18070 W LayerDrawable: 	at helium314.keyboard.latin.panels.MenuPanelView.r(r8-map-id-5d645c53795d7f38dc1c9f1b83b5173f25c2ea160a21c19b6f088c7ca418466e:358)
05-30 22:34:20.823 18070 18070 W LayerDrawable: 	at v7.b.u(r8-map-id-5d645c53795d7f38dc1c9f1b83b5173f25c2ea160a21c19b6f088c7ca418466e:199)
05-30 22:34:20.823 18070 18070 W LayerDrawable: 	at helium314.keyboard.latin.LatinIME.l(r8-map-id-5d645c53795d7f38dc1c9f1b83b5173f25c2ea160a21c19b6f088c7ca418466e:36)
05-30 22:34:20.823 18070 18070 W LayerDrawable: 	at g7.m.a(r8-map-id-5d645c53795d7f38dc1c9f1b83b5173f25c2ea160a21c19b6f088c7ca418466e:266)
05-30 22:34:20.823 18070 18070 W LayerDrawable: 	at helium314.keyboard.latin.suggestions.SuggestionStripView.onClick(r8-map-id-5d645c53795d7f38dc1c9f1b83b5173f25c2ea160a21c19b6f088c7ca418466e:45)
05-30 22:34:20.823 18070 18070 W LayerDrawable: 	at android.view.View.performClick(View.java:7488)
05-30 22:34:20.823 18070 18070 W LayerDrawable: 	at android.view.View.performClickInternal(View.java:7464)
05-30 22:34:20.823 18070 18070 W LayerDrawable: 	at android.view.View.access$3700(View.java:841)
05-30 22:34:20.823 18070 18070 W LayerDrawable: 	at android.view.View$PerformClick.run(View.java:28911)
05-30 22:34:20.823 18070 18070 W LayerDrawable: 	at android.os.Handler.handleCallback(Handler.java:938)
05-30 22:34:20.823 18070 18070 W LayerDrawable: 	at android.os.Handler.dispatchMessage(Handler.java:99)
05-30 22:34:20.823 18070 18070 W LayerDrawable: 	at android.os.Looper.loopOnce(Looper.java:233)
05-30 22:34:20.823 18070 18070 W LayerDrawable: 	at android.os.Looper.loop(Looper.java:344)
05-30 22:34:20.823 18070 18070 W LayerDrawable: 	at android.app.ActivityThread.main(ActivityThread.java:8212)
05-30 22:34:20.823 18070 18070 W LayerDrawable: 	at java.lang.reflect.Method.invoke(Native Method)
05-30 22:34:20.823 18070 18070 W LayerDrawable: 	at com.android.internal.os.RuntimeInit$MethodAndArgsCaller.run(RuntimeInit.java:584)
05-30 22:34:20.823 18070 18070 W LayerDrawable: 	at com.android.internal.os.ZygoteInit.main(ZygoteInit.java:1034)
05-30 22:34:20.823 18070 18070 W LayerDrawable: Invalid drawable added to LayerDrawable! Drawable already belongs to another owner but does not expose a constant state.
05-30 22:34:20.823 18070 18070 W LayerDrawable: java.lang.RuntimeException
05-30 22:34:20.823 18070 18070 W LayerDrawable: 	at android.graphics.drawable.LayerDrawable$ChildDrawable.<init>(LayerDrawable.java:1857)
05-30 22:34:20.823 18070 18070 W LayerDrawable: 	at android.graphics.drawable.LayerDrawable$LayerState.<init>(LayerDrawable.java:1977)
05-30 22:34:20.823 18070 18070 W LayerDrawable: 	at android.graphics.drawable.LayerDrawable.createConstantState(LayerDrawable.java:174)
05-30 22:34:20.823 18070 18070 W LayerDrawable: 	at android.graphics.drawable.LayerDrawable.mutate(LayerDrawable.java:1782)
05-30 22:34:20.823 18070 18070 W LayerDrawable: 	at y7.r3.j(r8-map-id-5d645c53795d7f38dc1c9f1b83b5173f25c2ea160a21c19b6f088c7ca418466e:83)
05-30 22:34:20.823 18070 18070 W LayerDrawable: 	at helium314.keyboard.latin.panels.MenuPanelView.k(r8-map-id-5d645c53795d7f38dc1c9f1b83b5173f25c2ea160a21c19b6f088c7ca418466e:36)
05-30 22:34:20.823 18070 18070 W LayerDrawable: 	at helium314.keyboard.latin.panels.MenuPanelView.r(r8-map-id-5d645c53795d7f38dc1c9f1b83b5173f25c2ea160a21c19b6f088c7ca418466e:358)
05-30 22:34:20.823 18070 18070 W LayerDrawable: 	at v7.b.u(r8-map-id-5d645c53795d7f38dc1c9f1b83b5173f25c2ea160a21c19b6f088c7ca418466e:199)
05-30 22:34:20.823 18070 18070 W LayerDrawable: 	at helium314.keyboard.latin.LatinIME.l(r8-map-id-5d645c53795d7f38dc1c9f1b83b5173f25c2ea160a21c19b6f088c7ca418466e:36)
05-30 22:34:20.823 18070 18070 W LayerDrawable: 	at g7.m.a(r8-map-id-5d645c53795d7f38dc1c9f1b83b5173f25c2ea160a21c19b6f088c7ca418466e:266)
05-30 22:34:20.823 18070 18070 W LayerDrawable: 	at helium314.keyboard.latin.suggestions.SuggestionStripView.onClick(r8-map-id-5d645c53795d7f38dc1c9f1b83b5173f25c2ea160a21c19b6f088c7ca418466e:45)
05-30 22:34:20.823 18070 18070 W LayerDrawable: 	at android.view.View.performClick(View.java:7488)
05-30 22:34:20.823 18070 18070 W LayerDrawable: 	at android.view.View.performClickInternal(View.java:7464)
05-30 22:34:20.823 18070 18070 W LayerDrawable: 	at android.view.View.access$3700(View.java:841)
05-30 22:34:20.823 18070 18070 W LayerDrawable: 	at android.view.View$PerformClick.run(View.java:28911)
05-30 22:34:20.823 18070 18070 W LayerDrawable: 	at android.os.Handler.handleCallback(Handler.java:938)
05-30 22:34:20.823 18070 18070 W LayerDrawable: 	at android.os.Handler.dispatchMessage(Handler.java:99)
05-30 22:34:20.823 18070 18070 W LayerDrawable: 	at android.os.Looper.loopOnce(Looper.java:233)
05-30 22:34:20.823 18070 18070 W LayerDrawable: 	at android.os.Looper.loop(Looper.java:344)
05-30 22:34:20.823 18070 18070 W LayerDrawable: 	at android.app.ActivityThread.main(ActivityThread.java:8212)
05-30 22:34:20.823 18070 18070 W LayerDrawable: 	at java.lang.reflect.Method.invoke(Native Method)
05-30 22:34:20.823 18070 18070 W LayerDrawable: 	at com.android.internal.os.RuntimeInit$MethodAndArgsCaller.run(RuntimeInit.java:584)
05-30 22:34:20.823 18070 18070 W LayerDrawable: 	at com.android.internal.os.ZygoteInit.main(ZygoteInit.java:1034)
05-30 22:34:20.823 18070 18070 W LayerDrawable: Invalid drawable added to LayerDrawable! Drawable already belongs to another owner but does not expose a constant state.
05-30 22:34:20.823 18070 18070 W LayerDrawable: java.lang.RuntimeException
05-30 22:34:20.823 18070 18070 W LayerDrawable: 	at android.graphics.drawable.LayerDrawable$ChildDrawable.<init>(LayerDrawable.java:1857)
05-30 22:34:20.823 18070 18070 W LayerDrawable: 	at android.graphics.drawable.LayerDrawable$LayerState.<init>(LayerDrawable.java:1977)
05-30 22:34:20.823 18070 18070 W LayerDrawable: 	at android.graphics.drawable.LayerDrawable.createConstantState(LayerDrawable.java:174)
05-30 22:34:20.823 18070 18070 W LayerDrawable: 	at android.graphics.drawable.LayerDrawable.mutate(LayerDrawable.java:1782)
05-30 22:34:20.823 18070 18070 W LayerDrawable: 	at y7.r3.j(r8-map-id-5d645c53795d7f38dc1c9f1b83b5173f25c2ea160a21c19b6f088c7ca418466e:83)
05-30 22:34:20.823 18070 18070 W LayerDrawable: 	at helium314.keyboard.latin.panels.MenuPanelView.k(r8-map-id-5d645c53795d7f38dc1c9f1b83b5173f25c2ea160a21c19b6f088c7ca418466e:36)
05-30 22:34:20.823 18070 18070 W LayerDrawable: 	at helium314.keyboard.latin.panels.MenuPanelView.r(r8-map-id-5d645c53795d7f38dc1c9f1b83b5173f25c2ea160a21c19b6f088c7ca418466e:358)
05-30 22:34:20.823 18070 18070 W LayerDrawable: 	at v7.b.u(r8-map-id-5d645c53795d7f38dc1c9f1b83b5173f25c2ea160a21c19b6f088c7ca418466e:199)
05-30 22:34:20.823 18070 18070 W LayerDrawable: 	at helium314.keyboard.latin.LatinIME.l(r8-map-id-5d645c53795d7f38dc1c9f1b83b5173f25c2ea160a21c19b6f088c7ca418466e:36)
05-30 22:34:20.823 18070 18070 W LayerDrawable: 	at g7.m.a(r8-map-id-5d645c53795d7f38dc1c9f1b83b5173f25c2ea160a21c19b6f088c7ca418466e:266)
05-30 22:34:20.823 18070 18070 W LayerDrawable: 	at helium314.keyboard.latin.suggestions.SuggestionStripView.onClick(r8-map-id-5d645c53795d7f38dc1c9f1b83b5173f25c2ea160a21c19b6f088c7ca418466e:45)
05-30 22:34:20.823 18070 18070 W LayerDrawable: 	at android.view.View.performClick(View.java:7488)
05-30 22:34:20.823 18070 18070 W LayerDrawable: 	at android.view.View.performClickInternal(View.java:7464)
05-30 22:34:20.823 18070 18070 W LayerDrawable: 	at android.view.View.access$3700(View.java:841)
05-30 22:34:20.823 18070 18070 W LayerDrawable: 	at android.view.View$PerformClick.run(View.java:28911)
05-30 22:34:20.823 18070 18070 W LayerDrawable: 	at android.os.Handler.handleCallback(Handler.java:938)
05-30 22:34:20.823 18070 18070 W LayerDrawable: 	at android.os.Handler.dispatchMessage(Handler.java:99)
05-30 22:34:20.823 18070 18070 W LayerDrawable: 	at android.os.Looper.loopOnce(Looper.java:233)
05-30 22:34:20.823 18070 18070 W LayerDrawable: 	at android.os.Looper.loop(Looper.java:344)
05-30 22:34:20.823 18070 18070 W LayerDrawable: 	at android.app.ActivityThread.main(ActivityThread.java:8212)
05-30 22:34:20.823 18070 18070 W LayerDrawable: 	at java.lang.reflect.Method.invoke(Native Method)
05-30 22:34:20.823 18070 18070 W LayerDrawable: 	at com.android.internal.os.RuntimeInit$MethodAndArgsCaller.run(RuntimeInit.java:584)
05-30 22:34:20.823 18070 18070 W LayerDrawable: 	at com.android.internal.os.ZygoteInit.main(ZygoteInit.java:1034)
05-30 22:34:20.824 18070 18070 W LayerDrawable: Invalid drawable added to LayerDrawable! Drawable already belongs to another owner but does not expose a constant state.
05-30 22:34:20.824 18070 18070 W LayerDrawable: java.lang.RuntimeException
05-30 22:34:20.824 18070 18070 W LayerDrawable: 	at android.graphics.drawable.LayerDrawable$ChildDrawable.<init>(LayerDrawable.java:1857)
05-30 22:34:20.824 18070 18070 W LayerDrawable: 	at android.graphics.drawable.LayerDrawable$LayerState.<init>(LayerDrawable.java:1977)
05-30 22:34:20.824 18070 18070 W LayerDrawable: 	at android.graphics.drawable.LayerDrawable.createConstantState(LayerDrawable.java:174)
05-30 22:34:20.824 18070 18070 W LayerDrawable: 	at android.graphics.drawable.LayerDrawable.mutate(LayerDrawable.java:1782)
05-30 22:34:20.824 18070 18070 W LayerDrawable: 	at y7.r3.j(r8-map-id-5d645c53795d7f38dc1c9f1b83b5173f25c2ea160a21c19b6f088c7ca418466e:83)
05-30 22:34:20.824 18070 18070 W LayerDrawable: 	at helium314.keyboard.latin.panels.MenuPanelView.k(r8-map-id-5d645c53795d7f38dc1c9f1b83b5173f25c2ea160a21c19b6f088c7ca418466e:36)
05-30 22:34:20.824 18070 18070 W LayerDrawable: 	at helium314.keyboard.latin.panels.MenuPanelView.r(r8-map-id-5d645c53795d7f38dc1c9f1b83b5173f25c2ea160a21c19b6f088c7ca418466e:358)
05-30 22:34:20.824 18070 18070 W LayerDrawable: 	at v7.b.u(r8-map-id-5d645c53795d7f38dc1c9f1b83b5173f25c2ea160a21c19b6f088c7ca418466e:199)
05-30 22:34:20.824 18070 18070 W LayerDrawable: 	at helium314.keyboard.latin.LatinIME.l(r8-map-id-5d645c53795d7f38dc1c9f1b83b5173f25c2ea160a21c19b6f088c7ca418466e:36)
05-30 22:34:20.824 18070 18070 W LayerDrawable: 	at g7.m.a(r8-map-id-5d645c53795d7f38dc1c9f1b83b5173f25c2ea160a21c19b6f088c7ca418466e:266)
05-30 22:34:20.824 18070 18070 W LayerDrawable: 	at helium314.keyboard.latin.suggestions.SuggestionStripView.onClick(r8-map-id-5d645c53795d7f38dc1c9f1b83b5173f25c2ea160a21c19b6f088c7ca418466e:45)
05-30 22:34:20.824 18070 18070 W LayerDrawable: 	at android.view.View.performClick(View.java:7488)
05-30 22:34:20.824 18070 18070 W LayerDrawable: 	at android.view.View.performClickInternal(View.java:7464)
05-30 22:34:20.824 18070 18070 W LayerDrawable: 	at android.view.View.access$3700(View.java:841)
05-30 22:34:20.824 18070 18070 W LayerDrawable: 	at android.view.View$PerformClick.run(View.java:28911)
05-30 22:34:20.824 18070 18070 W LayerDrawable: 	at android.os.Handler.handleCallback(Handler.java:938)
05-30 22:34:20.824 18070 18070 W LayerDrawable: 	at android.os.Handler.dispatchMessage(Handler.java:99)
05-30 22:34:20.824 18070 18070 W LayerDrawable: 	at android.os.Looper.loopOnce(Looper.java:233)
05-30 22:34:20.824 18070 18070 W LayerDrawable: 	at android.os.Looper.loop(Looper.java:344)
05-30 22:34:20.824 18070 18070 W LayerDrawable: 	at android.app.ActivityThread.main(ActivityThread.java:8212)
05-30 22:34:20.824 18070 18070 W LayerDrawable: 	at java.lang.reflect.Method.invoke(Native Method)
05-30 22:34:20.824 18070 18070 W LayerDrawable: 	at com.android.internal.os.RuntimeInit$MethodAndArgsCaller.run(RuntimeInit.java:584)
05-30 22:34:20.824 18070 18070 W LayerDrawable: 	at com.android.internal.os.ZygoteInit.main(ZygoteInit.java:1034)
05-30 22:34:20.824 18070 18070 W LayerDrawable: Invalid drawable added to LayerDrawable! Drawable already belongs to another owner but does not expose a constant state.
05-30 22:34:20.824 18070 18070 W LayerDrawable: java.lang.RuntimeException
05-30 22:34:20.824 18070 18070 W LayerDrawable: 	at android.graphics.drawable.LayerDrawable$ChildDrawable.<init>(LayerDrawable.java:1857)
05-30 22:34:20.824 18070 18070 W LayerDrawable: 	at android.graphics.drawable.LayerDrawable$LayerState.<init>(LayerDrawable.java:1977)
05-30 22:34:20.824 18070 18070 W LayerDrawable: 	at android.graphics.drawable.LayerDrawable.createConstantState(LayerDrawable.java:174)
05-30 22:34:20.824 18070 18070 W LayerDrawable: 	at android.graphics.drawable.LayerDrawable.mutate(LayerDrawable.java:1782)
05-30 22:34:20.824 18070 18070 W LayerDrawable: 	at y7.r3.j(r8-map-id-5d645c53795d7f38dc1c9f1b83b5173f25c2ea160a21c19b6f088c7ca418466e:83)
05-30 22:34:20.824 18070 18070 W LayerDrawable: 	at helium314.keyboard.latin.panels.MenuPanelView.k(r8-map-id-5d645c53795d7f38dc1c9f1b83b5173f25c2ea160a21c19b6f088c7ca418466e:36)
05-30 22:34:20.824 18070 18070 W LayerDrawable: 	at helium314.keyboard.latin.panels.MenuPanelView.r(r8-map-id-5d645c53795d7f38dc1c9f1b83b5173f25c2ea160a21c19b6f088c7ca418466e:400)
05-30 22:34:20.824 18070 18070 W LayerDrawable: 	at v7.b.u(r8-map-id-5d645c53795d7f38dc1c9f1b83b5173f25c2ea160a21c19b6f088c7ca418466e:199)
05-30 22:34:20.824 18070 18070 W LayerDrawable: 	at helium314.keyboard.latin.LatinIME.l(r8-map-id-5d645c53795d7f38dc1c9f1b83b5173f25c2ea160a21c19b6f088c7ca418466e:36)
05-30 22:34:20.824 18070 18070 W LayerDrawable: 	at g7.m.a(r8-map-id-5d645c53795d7f38dc1c9f1b83b5173f25c2ea160a21c19b6f088c7ca418466e:266)
05-30 22:34:20.824 18070 18070 W LayerDrawable: 	at helium314.keyboard.latin.suggestions.SuggestionStripView.onClick(r8-map-id-5d645c53795d7f38dc1c9f1b83b5173f25c2ea160a21c19b6f088c7ca418466e:45)
05-30 22:34:20.824 18070 18070 W LayerDrawable: 	at android.view.View.performClick(View.java:7488)
05-30 22:34:20.824 18070 18070 W LayerDrawable: 	at android.view.View.performClickInternal(View.java:7464)
05-30 22:34:20.824 18070 18070 W LayerDrawable: 	at android.view.View.access$3700(View.java:841)
05-30 22:34:20.824 18070 18070 W LayerDrawable: 	at android.view.View$PerformClick.run(View.java:28911)
05-30 22:34:20.824 18070 18070 W LayerDrawable: 	at android.os.Handler.handleCallback(Handler.java:938)
05-30 22:34:20.824 18070 18070 W LayerDrawable: 	at android.os.Handler.dispatchMessage(Handler.java:99)
05-30 22:34:20.824 18070 18070 W LayerDrawable: 	at android.os.Looper.loopOnce(Looper.java:233)
05-30 22:34:20.824 18070 18070 W LayerDrawable: 	at android.os.Looper.loop(Looper.java:344)
05-30 22:34:20.824 18070 18070 W LayerDrawable: 	at android.app.ActivityThread.main(ActivityThread.java:8212)
05-30 22:34:20.824 18070 18070 W LayerDrawable: 	at java.lang.reflect.Method.invoke(Native Method)
05-30 22:34:20.824 18070 18070 W LayerDrawable: 	at com.android.internal.os.RuntimeInit$MethodAndArgsCaller.run(RuntimeInit.java:584)
05-30 22:34:20.824 18070 18070 W LayerDrawable: 	at com.android.internal.os.ZygoteInit.main(ZygoteInit.java:1034)
05-30 22:34:20.824 18070 18070 W LayerDrawable: Invalid drawable added to LayerDrawable! Drawable already belongs to another owner but does not expose a constant state.
05-30 22:34:20.824 18070 18070 W LayerDrawable: java.lang.RuntimeException
05-30 22:34:20.824 18070 18070 W LayerDrawable: 	at android.graphics.drawable.LayerDrawable$ChildDrawable.<init>(LayerDrawable.java:1857)
05-30 22:34:20.824 18070 18070 W LayerDrawable: 	at android.graphics.drawable.LayerDrawable$LayerState.<init>(LayerDrawable.java:1977)
05-30 22:34:20.824 18070 18070 W LayerDrawable: 	at android.graphics.drawable.LayerDrawable.createConstantState(LayerDrawable.java:174)
05-30 22:34:20.824 18070 18070 W LayerDrawable: 	at android.graphics.drawable.LayerDrawable.mutate(LayerDrawable.java:1782)
05-30 22:34:20.824 18070 18070 W LayerDrawable: 	at y7.r3.j(r8-map-id-5d645c53795d7f38dc1c9f1b83b5173f25c2ea160a21c19b6f088c7ca418466e:83)
05-30 22:34:20.824 18070 18070 W LayerDrawable: 	at helium314.keyboard.latin.panels.MenuPanelView.k(r8-map-id-5d645c53795d7f38dc1c9f1b83b5173f25c2ea160a21c19b6f088c7ca418466e:36)
05-30 22:34:20.824 18070 18070 W LayerDrawable: 	at helium314.keyboard.latin.panels.MenuPanelView.r(r8-map-id-5d645c53795d7f38dc1c9f1b83b5173f25c2ea160a21c19b6f088c7ca418466e:400)
05-30 22:34:20.824 18070 18070 W LayerDrawable: 	at v7.b.u(r8-map-id-5d645c53795d7f38dc1c9f1b83b5173f25c2ea160a21c19b6f088c7ca418466e:199)
05-30 22:34:20.824 18070 18070 W LayerDrawable: 	at helium314.keyboard.latin.LatinIME.l(r8-map-id-5d645c53795d7f38dc1c9f1b83b5173f25c2ea160a21c19b6f088c7ca418466e:36)
05-30 22:34:20.824 18070 18070 W LayerDrawable: 	at g7.m.a(r8-map-id-5d645c53795d7f38dc1c9f1b83b5173f25c2ea160a21c19b6f088c7ca418466e:266)
05-30 22:34:20.824 18070 18070 W LayerDrawable: 	at helium314.keyboard.latin.suggestions.SuggestionStripView.onClick(r8-map-id-5d645c53795d7f38dc1c9f1b83b5173f25c2ea160a21c19b6f088c7ca418466e:45)
05-30 22:34:20.824 18070 18070 W LayerDrawable: 	at android.view.View.performClick(View.java:7488)
05-30 22:34:20.824 18070 18070 W LayerDrawable: 	at android.view.View.performClickInternal(View.java:7464)
05-30 22:34:20.824 18070 18070 W LayerDrawable: 	at android.view.View.access$3700(View.java:841)
05-30 22:34:20.824 18070 18070 W LayerDrawable: 	at android.view.View$PerformClick.run(View.java:28911)
05-30 22:34:20.824 18070 18070 W LayerDrawable: 	at android.os.Handler.handleCallback(Handler.java:938)
05-30 22:34:20.824 18070 18070 W LayerDrawable: 	at android.os.Handler.dispatchMessage(Handler.java:99)
05-30 22:34:20.824 18070 18070 W LayerDrawable: 	at android.os.Looper.loopOnce(Looper.java:233)
05-30 22:34:20.824 18070 18070 W LayerDrawable: 	at android.os.Looper.loop(Looper.java:344)
05-30 22:34:20.824 18070 18070 W LayerDrawable: 	at android.app.ActivityThread.main(ActivityThread.java:8212)
05-30 22:34:20.824 18070 18070 W LayerDrawable: 	at java.lang.reflect.Method.invoke(Native Method)
05-30 22:34:20.824 18070 18070 W LayerDrawable: 	at com.android.internal.os.RuntimeInit$MethodAndArgsCaller.run(RuntimeInit.java:584)
05-30 22:34:20.824 18070 18070 W LayerDrawable: 	at com.android.internal.os.ZygoteInit.main(ZygoteInit.java:1034)
05-30 22:34:20.824 18070 18070 W LayerDrawable: Invalid drawable added to LayerDrawable! Drawable already belongs to another owner but does not expose a constant state.
05-30 22:34:20.824 18070 18070 W LayerDrawable: java.lang.RuntimeException
05-30 22:34:20.824 18070 18070 W LayerDrawable: 	at android.graphics.drawable.LayerDrawable$ChildDrawable.<init>(LayerDrawable.java:1857)
05-30 22:34:20.824 18070 18070 W LayerDrawable: 	at android.graphics.drawable.LayerDrawable$LayerState.<init>(LayerDrawable.java:1977)
05-30 22:34:20.824 18070 18070 W LayerDrawable: 	at android.graphics.drawable.LayerDrawable.createConstantState(LayerDrawable.java:174)
05-30 22:34:20.824 18070 18070 W LayerDrawable: 	at android.graphics.drawable.LayerDrawable.mutate(LayerDrawable.java:1782)
05-30 22:34:20.824 18070 18070 W LayerDrawable: 	at y7.r3.j(r8-map-id-5d645c53795d7f38dc1c9f1b83b5173f25c2ea160a21c19b6f088c7ca418466e:83)
05-30 22:34:20.824 18070 18070 W LayerDrawable: 	at helium314.keyboard.latin.panels.MenuPanelView.k(r8-map-id-5d645c53795d7f38dc1c9f1b83b5173f25c2ea160a21c19b6f088c7ca418466e:36)
05-30 22:34:20.824 18070 18070 W LayerDrawable: 	at helium314.keyboard.latin.panels.MenuPanelView.r(r8-map-id-5d645c53795d7f38dc1c9f1b83b5173f25c2ea160a21c19b6f088c7ca418466e:400)
05-30 22:34:20.824 18070 18070 W LayerDrawable: 	at v7.b.u(r8-map-id-5d645c53795d7f38dc1c9f1b83b5173f25c2ea160a21c19b6f088c7ca418466e:199)
05-30 22:34:20.824 18070 18070 W LayerDrawable: 	at helium314.keyboard.latin.LatinIME.l(r8-map-id-5d645c53795d7f38dc1c9f1b83b5173f25c2ea160a21c19b6f088c7ca418466e:36)
05-30 22:34:20.824 18070 18070 W LayerDrawable: 	at g7.m.a(r8-map-id-5d645c53795d7f38dc1c9f1b83b5173f25c2ea160a21c19b6f088c7ca418466e:266)
05-30 22:34:20.824 18070 18070 W LayerDrawable: 	at helium314.keyboard.latin.suggestions.SuggestionStripView.onClick(r8-map-id-5d645c53795d7f38dc1c9f1b83b5173f25c2ea160a21c19b6f088c7ca418466e:45)
05-30 22:34:20.824 18070 18070 W LayerDrawable: 	at android.view.View.performClick(View.java:7488)
05-30 22:34:20.824 18070 18070 W LayerDrawable: 	at android.view.View.performClickInternal(View.java:7464)
05-30 22:34:20.824 18070 18070 W LayerDrawable: 	at android.view.View.access$3700(View.java:841)
05-30 22:34:20.824 18070 18070 W LayerDrawable: 	at android.view.View$PerformClick.run(View.java:28911)
05-30 22:34:20.824 18070 18070 W LayerDrawable: 	at android.os.Handler.handleCallback(Handler.java:938)
05-30 22:34:20.824 18070 18070 W LayerDrawable: 	at android.os.Handler.dispatchMessage(Handler.java:99)
05-30 22:34:20.824 18070 18070 W LayerDrawable: 	at android.os.Looper.loopOnce(Looper.java:233)
05-30 22:34:20.824 18070 18070 W LayerDrawable: 	at android.os.Looper.loop(Looper.java:344)
05-30 22:34:20.824 18070 18070 W LayerDrawable: 	at android.app.ActivityThread.main(ActivityThread.java:8212)
05-30 22:34:20.824 18070 18070 W LayerDrawable: 	at java.lang.reflect.Method.invoke(Native Method)
05-30 22:34:20.824 18070 18070 W LayerDrawable: 	at com.android.internal.os.RuntimeInit$MethodAndArgsCaller.run(RuntimeInit.java:584)
05-30 22:34:20.824 18070 18070 W LayerDrawable: 	at com.android.internal.os.ZygoteInit.main(ZygoteInit.java:1034)
05-30 22:34:20.824 18070 18070 W LayerDrawable: Invalid drawable added to LayerDrawable! Drawable already belongs to another owner but does not expose a constant state.
05-30 22:34:20.824 18070 18070 W LayerDrawable: java.lang.RuntimeException
05-30 22:34:20.824 18070 18070 W LayerDrawable: 	at android.graphics.drawable.LayerDrawable$ChildDrawable.<init>(LayerDrawable.java:1857)
05-30 22:34:20.824 18070 18070 W LayerDrawable: 	at android.graphics.drawable.LayerDrawable$LayerState.<init>(LayerDrawable.java:1977)
05-30 22:34:20.824 18070 18070 W LayerDrawable: 	at android.graphics.drawable.LayerDrawable.createConstantState(LayerDrawable.java:174)
05-30 22:34:20.824 18070 18070 W LayerDrawable: 	at android.graphics.drawable.LayerDrawable.mutate(LayerDrawable.java:1782)
05-30 22:34:20.824 18070 18070 W LayerDrawable: 	at y7.r3.j(r8-map-id-5d645c53795d7f38dc1c9f1b83b5173f25c2ea160a21c19b6f088c7ca418466e:83)
05-30 22:34:20.824 18070 18070 W LayerDrawable: 	at helium314.keyboard.latin.panels.MenuPanelView.k(r8-map-id-5d645c53795d7f38dc1c9f1b83b5173f25c2ea160a21c19b6f088c7ca418466e:36)
05-30 22:34:20.824 18070 18070 W LayerDrawable: 	at helium314.keyboard.latin.panels.MenuPanelView.r(r8-map-id-5d645c53795d7f38dc1c9f1b83b5173f25c2ea160a21c19b6f088c7ca418466e:400)
05-30 22:34:20.824 18070 18070 W LayerDrawable: 	at v7.b.u(r8-map-id-5d645c53795d7f38dc1c9f1b83b5173f25c2ea160a21c19b6f088c7ca418466e:199)
05-30 22:34:20.824 18070 18070 W LayerDrawable: 	at helium314.keyboard.latin.LatinIME.l(r8-map-id-5d645c53795d7f38dc1c9f1b83b5173f25c2ea160a21c19b6f088c7ca418466e:36)
05-30 22:34:20.824 18070 18070 W LayerDrawable: 	at g7.m.a(r8-map-id-5d645c53795d7f38dc1c9f1b83b5173f25c2ea160a21c19b6f088c7ca418466e:266)
05-30 22:34:20.824 18070 18070 W LayerDrawable: 	at helium314.keyboard.latin.suggestions.SuggestionStripView.onClick(r8-map-id-5d645c53795d7f38dc1c9f1b83b5173f25c2ea160a21c19b6f088c7ca418466e:45)
05-30 22:34:20.824 18070 18070 W LayerDrawable: 	at android.view.View.performClick(View.java:7488)
05-30 22:34:20.824 18070 18070 W LayerDrawable: 	at android.view.View.performClickInternal(View.java:7464)
05-30 22:34:20.824 18070 18070 W LayerDrawable: 	at android.view.View.access$3700(View.java:841)
05-30 22:34:20.824 18070 18070 W LayerDrawable: 	at android.view.View$PerformClick.run(View.java:28911)
05-30 22:34:20.824 18070 18070 W LayerDrawable: 	at android.os.Handler.handleCallback(Handler.java:938)
05-30 22:34:20.824 18070 18070 W LayerDrawable: 	at android.os.Handler.dispatchMessage(Handler.java:99)
05-30 22:34:20.824 18070 18070 W LayerDrawable: 	at android.os.Looper.loopOnce(Looper.java:233)
05-30 22:34:20.824 18070 18070 W LayerDrawable: 	at android.os.Looper.loop(Looper.java:344)
05-30 22:34:20.824 18070 18070 W LayerDrawable: 	at android.app.ActivityThread.main(ActivityThread.java:8212)
05-30 22:34:20.824 18070 18070 W LayerDrawable: 	at java.lang.reflect.Method.invoke(Native Method)
05-30 22:34:20.824 18070 18070 W LayerDrawable: 	at com.android.internal.os.RuntimeInit$MethodAndArgsCaller.run(RuntimeInit.java:584)
05-30 22:34:20.824 18070 18070 W LayerDrawable: 	at com.android.internal.os.ZygoteInit.main(ZygoteInit.java:1034)
05-30 22:34:20.825 18070 18070 W LayerDrawable: Invalid drawable added to LayerDrawable! Drawable already belongs to another owner but does not expose a constant state.
05-30 22:34:20.825 18070 18070 W LayerDrawable: java.lang.RuntimeException
05-30 22:34:20.825 18070 18070 W LayerDrawable: 	at android.graphics.drawable.LayerDrawable$ChildDrawable.<init>(LayerDrawable.java:1857)
05-30 22:34:20.825 18070 18070 W LayerDrawable: 	at android.graphics.drawable.LayerDrawable$LayerState.<init>(LayerDrawable.java:1977)
05-30 22:34:20.825 18070 18070 W LayerDrawable: 	at android.graphics.drawable.LayerDrawable.createConstantState(LayerDrawable.java:174)
05-30 22:34:20.825 18070 18070 W LayerDrawable: 	at android.graphics.drawable.LayerDrawable.mutate(LayerDrawable.java:1782)
05-30 22:34:20.825 18070 18070 W LayerDrawable: 	at y7.r3.j(r8-map-id-5d645c53795d7f38dc1c9f1b83b5173f25c2ea160a21c19b6f088c7ca418466e:83)
05-30 22:34:20.825 18070 18070 W LayerDrawable: 	at helium314.keyboard.latin.panels.MenuPanelView.k(r8-map-id-5d645c53795d7f38dc1c9f1b83b5173f25c2ea160a21c19b6f088c7ca418466e:36)
05-30 22:34:20.825 18070 18070 W LayerDrawable: 	at helium314.keyboard.latin.panels.MenuPanelView.r(r8-map-id-5d645c53795d7f38dc1c9f1b83b5173f25c2ea160a21c19b6f088c7ca418466e:400)
05-30 22:34:20.825 18070 18070 W LayerDrawable: 	at v7.b.u(r8-map-id-5d645c53795d7f38dc1c9f1b83b5173f25c2ea160a21c19b6f088c7ca418466e:199)
05-30 22:34:20.825 18070 18070 W LayerDrawable: 	at helium314.keyboard.latin.LatinIME.l(r8-map-id-5d645c53795d7f38dc1c9f1b83b5173f25c2ea160a21c19b6f088c7ca418466e:36)
05-30 22:34:20.825 18070 18070 W LayerDrawable: 	at g7.m.a(r8-map-id-5d645c53795d7f38dc1c9f1b83b5173f25c2ea160a21c19b6f088c7ca418466e:266)
05-30 22:34:20.825 18070 18070 W LayerDrawable: 	at helium314.keyboard.latin.suggestions.SuggestionStripView.onClick(r8-map-id-5d645c53795d7f38dc1c9f1b83b5173f25c2ea160a21c19b6f088c7ca418466e:45)
05-30 22:34:20.825 18070 18070 W LayerDrawable: 	at android.view.View.performClick(View.java:7488)
05-30 22:34:20.825 18070 18070 W LayerDrawable: 	at android.view.View.performClickInternal(View.java:7464)
05-30 22:34:20.825 18070 18070 W LayerDrawable: 	at android.view.View.access$3700(View.java:841)
05-30 22:34:20.825 18070 18070 W LayerDrawable: 	at android.view.View$PerformClick.run(View.java:28911)
05-30 22:34:20.825 18070 18070 W LayerDrawable: 	at android.os.Handler.handleCallback(Handler.java:938)
05-30 22:34:20.825 18070 18070 W LayerDrawable: 	at android.os.Handler.dispatchMessage(Handler.java:99)
05-30 22:34:20.825 18070 18070 W LayerDrawable: 	at android.os.Looper.loopOnce(Looper.java:233)
05-30 22:34:20.825 18070 18070 W LayerDrawable: 	at android.os.Looper.loop(Looper.java:344)
05-30 22:34:20.825 18070 18070 W LayerDrawable: 	at android.app.ActivityThread.main(ActivityThread.java:8212)
05-30 22:34:20.825 18070 18070 W LayerDrawable: 	at java.lang.reflect.Method.invoke(Native Method)
05-30 22:34:20.825 18070 18070 W LayerDrawable: 	at com.android.internal.os.RuntimeInit$MethodAndArgsCaller.run(RuntimeInit.java:584)
05-30 22:34:20.825 18070 18070 W LayerDrawable: 	at com.android.internal.os.ZygoteInit.main(ZygoteInit.java:1034)
05-30 22:34:20.825 18070 18070 W LayerDrawable: Invalid drawable added to LayerDrawable! Drawable already belongs to another owner but does not expose a constant state.
05-30 22:34:20.825 18070 18070 W LayerDrawable: java.lang.RuntimeException
05-30 22:34:20.825 18070 18070 W LayerDrawable: 	at android.graphics.drawable.LayerDrawable$ChildDrawable.<init>(LayerDrawable.java:1857)
05-30 22:34:20.825 18070 18070 W LayerDrawable: 	at android.graphics.drawable.LayerDrawable$LayerState.<init>(LayerDrawable.java:1977)
05-30 22:34:20.825 18070 18070 W LayerDrawable: 	at android.graphics.drawable.LayerDrawable.createConstantState(LayerDrawable.java:174)
05-30 22:34:20.825 18070 18070 W LayerDrawable: 	at android.graphics.drawable.LayerDrawable.mutate(LayerDrawable.java:1782)
05-30 22:34:20.825 18070 18070 W LayerDrawable: 	at y7.r3.j(r8-map-id-5d645c53795d7f38dc1c9f1b83b5173f25c2ea160a21c19b6f088c7ca418466e:83)
05-30 22:34:20.825 18070 18070 W LayerDrawable: 	at helium314.keyboard.latin.panels.MenuPanelView.k(r8-map-id-5d645c53795d7f38dc1c9f1b83b5173f25c2ea160a21c19b6f088c7ca418466e:36)
05-30 22:34:20.825 18070 18070 W LayerDrawable: 	at helium314.keyboard.latin.panels.MenuPanelView.r(r8-map-id-5d645c53795d7f38dc1c9f1b83b5173f25c2ea160a21c19b6f088c7ca418466e:400)
05-30 22:34:20.825 18070 18070 W LayerDrawable: 	at v7.b.u(r8-map-id-5d645c53795d7f38dc1c9f1b83b5173f25c2ea160a21c19b6f088c7ca418466e:199)
05-30 22:34:20.825 18070 18070 W LayerDrawable: 	at helium314.keyboard.latin.LatinIME.l(r8-map-id-5d645c53795d7f38dc1c9f1b83b5173f25c2ea160a21c19b6f088c7ca418466e:36)
05-30 22:34:20.825 18070 18070 W LayerDrawable: 	at g7.m.a(r8-map-id-5d645c53795d7f38dc1c9f1b83b5173f25c2ea160a21c19b6f088c7ca418466e:266)
05-30 22:34:20.825 18070 18070 W LayerDrawable: 	at helium314.keyboard.latin.suggestions.SuggestionStripView.onClick(r8-map-id-5d645c53795d7f38dc1c9f1b83b5173f25c2ea160a21c19b6f088c7ca418466e:45)
05-30 22:34:20.825 18070 18070 W LayerDrawable: 	at android.view.View.performClick(View.java:7488)
05-30 22:34:20.825 18070 18070 W LayerDrawable: 	at android.view.View.performClickInternal(View.java:7464)
05-30 22:34:20.825 18070 18070 W LayerDrawable: 	at android.view.View.access$3700(View.java:841)
05-30 22:34:20.825 18070 18070 W LayerDrawable: 	at android.view.View$PerformClick.run(View.java:28911)
05-30 22:34:20.825 18070 18070 W LayerDrawable: 	at android.os.Handler.handleCallback(Handler.java:938)
05-30 22:34:20.825 18070 18070 W LayerDrawable: 	at android.os.Handler.dispatchMessage(Handler.java:99)
05-30 22:34:20.825 18070 18070 W LayerDrawable: 	at android.os.Looper.loopOnce(Looper.java:233)
05-30 22:34:20.825 18070 18070 W LayerDrawable: 	at android.os.Looper.loop(Looper.java:344)
05-30 22:34:20.825 18070 18070 W LayerDrawable: 	at android.app.ActivityThread.main(ActivityThread.java:8212)
05-30 22:34:20.825 18070 18070 W LayerDrawable: 	at java.lang.reflect.Method.invoke(Native Method)
05-30 22:34:20.825 18070 18070 W LayerDrawable: 	at com.android.internal.os.RuntimeInit$MethodAndArgsCaller.run(RuntimeInit.java:584)
05-30 22:34:20.825 18070 18070 W LayerDrawable: 	at com.android.internal.os.ZygoteInit.main(ZygoteInit.java:1034)
05-30 22:34:20.825 18070 18070 W LayerDrawable: Invalid drawable added to LayerDrawable! Drawable already belongs to another owner but does not expose a constant state.
05-30 22:34:20.825 18070 18070 W LayerDrawable: java.lang.RuntimeException
05-30 22:34:20.825 18070 18070 W LayerDrawable: 	at android.graphics.drawable.LayerDrawable$ChildDrawable.<init>(LayerDrawable.java:1857)
05-30 22:34:20.825 18070 18070 W LayerDrawable: 	at android.graphics.drawable.LayerDrawable$LayerState.<init>(LayerDrawable.java:1977)
05-30 22:34:20.825 18070 18070 W LayerDrawable: 	at android.graphics.drawable.LayerDrawable.createConstantState(LayerDrawable.java:174)
05-30 22:34:20.825 18070 18070 W LayerDrawable: 	at android.graphics.drawable.LayerDrawable.mutate(LayerDrawable.java:1782)
05-30 22:34:20.825 18070 18070 W LayerDrawable: 	at y7.r3.j(r8-map-id-5d645c53795d7f38dc1c9f1b83b5173f25c2ea160a21c19b6f088c7ca418466e:83)
05-30 22:34:20.825 18070 18070 W LayerDrawable: 	at helium314.keyboard.latin.panels.MenuPanelView.k(r8-map-id-5d645c53795d7f38dc1c9f1b83b5173f25c2ea160a21c19b6f088c7ca418466e:36)
05-30 22:34:20.825 18070 18070 W LayerDrawable: 	at helium314.keyboard.latin.panels.MenuPanelView.r(r8-map-id-5d645c53795d7f38dc1c9f1b83b5173f25c2ea160a21c19b6f088c7ca418466e:444)
05-30 22:34:20.825 18070 18070 W LayerDrawable: 	at v7.b.u(r8-map-id-5d645c53795d7f38dc1c9f1b83b5173f25c2ea160a21c19b6f088c7ca418466e:199)
05-30 22:34:20.825 18070 18070 W LayerDrawable: 	at helium314.keyboard.latin.LatinIME.l(r8-map-id-5d645c53795d7f38dc1c9f1b83b5173f25c2ea160a21c19b6f088c7ca418466e:36)
05-30 22:34:20.825 18070 18070 W LayerDrawable: 	at g7.m.a(r8-map-id-5d645c53795d7f38dc1c9f1b83b5173f25c2ea160a21c19b6f088c7ca418466e:266)
05-30 22:34:20.825 18070 18070 W LayerDrawable: 	at helium314.keyboard.latin.suggestions.SuggestionStripView.onClick(r8-map-id-5d645c53795d7f38dc1c9f1b83b5173f25c2ea160a21c19b6f088c7ca418466e:45)
05-30 22:34:20.825 18070 18070 W LayerDrawable: 	at android.view.View.performClick(View.java:7488)
05-30 22:34:20.825 18070 18070 W LayerDrawable: 	at android.view.View.performClickInternal(View.java:7464)
05-30 22:34:20.825 18070 18070 W LayerDrawable: 	at android.view.View.access$3700(View.java:841)
05-30 22:34:20.825 18070 18070 W LayerDrawable: 	at android.view.View$PerformClick.run(View.java:28911)
05-30 22:34:20.825 18070 18070 W LayerDrawable: 	at android.os.Handler.handleCallback(Handler.java:938)
05-30 22:34:20.825 18070 18070 W LayerDrawable: 	at android.os.Handler.dispatchMessage(Handler.java:99)
05-30 22:34:20.825 18070 18070 W LayerDrawable: 	at android.os.Looper.loopOnce(Looper.java:233)
05-30 22:34:20.825 18070 18070 W LayerDrawable: 	at android.os.Looper.loop(Looper.java:344)
05-30 22:34:20.825 18070 18070 W LayerDrawable: 	at android.app.ActivityThread.main(ActivityThread.java:8212)
05-30 22:34:20.825 18070 18070 W LayerDrawable: 	at java.lang.reflect.Method.invoke(Native Method)
05-30 22:34:20.825 18070 18070 W LayerDrawable: 	at com.android.internal.os.RuntimeInit$MethodAndArgsCaller.run(RuntimeInit.java:584)
05-30 22:34:20.825 18070 18070 W LayerDrawable: 	at com.android.internal.os.ZygoteInit.main(ZygoteInit.java:1034)
05-30 22:34:20.825 18070 18070 W LayerDrawable: Invalid drawable added to LayerDrawable! Drawable already belongs to another owner but does not expose a constant state.
05-30 22:34:20.825 18070 18070 W LayerDrawable: java.lang.RuntimeException
