=== VibeKey 4.1.276 (4376) ===

--------- beginning of crash
06-18 10:54:07.044 18826 19298 F libc    : Fatal signal 7 (SIGBUS), code 2 (BUS_ADRERR), fault addr 0x75cae0800e in tid 19298 (d), pid 18826 (ibekey.keyboard)
06-18 10:54:08.611 20130 20130 F DEBUG   : Process name is com.vibekey.keyboard, not key_process
06-18 10:54:08.611 20130 20130 F DEBUG   : keyProcess: 0
06-18 10:54:08.611 20130 20130 F DEBUG   : *** *** *** *** *** *** *** *** *** *** *** *** *** *** *** ***
06-18 10:54:08.611 20130 20130 F DEBUG   : Build fingerprint: 'OnePlus/OnePlus7Pro/OnePlus7Pro:12/SKQ1.211113.001/P.202303230244:user/release-keys'
06-18 10:54:08.611 20130 20130 F DEBUG   : Revision: '0'
06-18 10:54:08.611 20130 20130 F DEBUG   : ABI: 'arm64'
06-18 10:54:08.611 20130 20130 F DEBUG   : Timestamp: 2026-06-18 10:54:07.241232738-0400
06-18 10:54:08.611 20130 20130 F DEBUG   : Process uptime: 0s
06-18 10:54:08.611 20130 20130 F DEBUG   : Cmdline: com.vibekey.keyboard
06-18 10:54:08.611 20130 20130 F DEBUG   : pid: 18826, tid: 19298, name: d  >>> com.vibekey.keyboard <<<
06-18 10:54:08.611 20130 20130 F DEBUG   : uid: 14132
06-18 10:54:08.611 20130 20130 F DEBUG   : signal 7 (SIGBUS), code 2 (BUS_ADRERR), fault addr 0x75cae0800e
06-18 10:54:08.611 20130 20130 F DEBUG   :     x0  00000075cae0706c  x1  0000000000000fa2  x2  000000000004a8e8  x3  b4000075c48dbec8
06-18 10:54:08.611 20130 20130 F DEBUG   :     x4  b4000075c48dbeb0  x5  0000000000000000  x6  00000074977918d4  x7  00000074977918d0
06-18 10:54:08.611 20130 20130 F DEBUG   :     x8  00000074977918cc  x9  000000000004a8e7  x10 00000074977918c8  x11 00000074977918d8
06-18 10:54:08.611 20130 20130 F DEBUG   :     x12 0000000000002649  x13 0000000000000049  x14 000000000000001f  x15 00000075cae07fc6
06-18 10:54:08.611 20130 20130 F DEBUG   :     x16 0000007555db1ab0  x17 0000007555d10734  x18 0000007496eb8000  x19 0000007497794000
06-18 10:54:08.611 20130 20130 F DEBUG   :     x20 0000007497794000  x21 00000074977918bc  x22 00000074977918c0  x23 00000074977918c4
06-18 10:54:08.611 20130 20130 F DEBUG   :     x24 00000074977918c8  x25 00000074977919e0  x26 0000007497791a14  x27 0000000000000001
06-18 10:54:08.611 20130 20130 F DEBUG   :     x28 0000007497791fc8  x29 0000007497791820
06-18 10:54:08.611 20130 20130 F DEBUG   :     lr  0000007555d12984  sp  0000007497791810  pc  0000007555d107b0  pst 0000000020000000
06-18 10:54:08.611 20130 20130 F DEBUG   : backtrace:
06-18 10:54:08.611 20130 20130 F DEBUG   :       #00 pc 00000000000b67b0  /data/app/~~DOREH9iCXjCwc1cl_naG7Q==/com.vibekey.keyboard-mc51Wb3rYqEyAlqhB5yyWw==/lib/arm64/libjni_latinime.so (latinime::PatriciaTrieReadingUtils::readPtNodeInfo(unsigned char const*, int, int, latinime::DictionaryShortcutsStructurePolicy const*, latinime::DictionaryBigramsStructurePolicy const*, int const*, unsigned char*, int*, int*, int*, int*, int*, int*, int*)+124) (BuildId: f905dbd1a904967a994cf833116e517b05caa863)
06-18 10:54:08.611 20130 20130 F DEBUG   :       #01 pc 00000000000b8980  /data/app/~~DOREH9iCXjCwc1cl_naG7Q==/com.vibekey.keyboard-mc51Wb3rYqEyAlqhB5yyWw==/lib/arm64/libjni_latinime.so (latinime::Ver2ParticiaTrieNodeReader::fetchPtNodeParamsInBufferFromPtNodePos(int) const+140) (BuildId: f905dbd1a904967a994cf833116e517b05caa863)
06-18 10:54:08.611 20130 20130 F DEBUG   :       #02 pc 00000000000b4b74  /data/app/~~DOREH9iCXjCwc1cl_naG7Q==/com.vibekey.keyboard-mc51Wb3rYqEyAlqhB5yyWw==/lib/arm64/libjni_latinime.so (latinime::DynamicPtReadingHelper::getTerminalPtNodePositionOfWord(int const*, unsigned long, bool)+232) (BuildId: f905dbd1a904967a994cf833116e517b05caa863)
06-18 10:54:08.611 20130 20130 F DEBUG   :       #03 pc 00000000000b7324  /data/app/~~DOREH9iCXjCwc1cl_naG7Q==/com.vibekey.keyboard-mc51Wb3rYqEyAlqhB5yyWw==/lib/arm64/libjni_latinime.so (latinime::PatriciaTriePolicy::getWordId(latinime::IntArrayView, bool) const+184) (BuildId: f905dbd1a904967a994cf833116e517b05caa863)
06-18 10:54:08.611 20130 20130 F DEBUG   :       #04 pc 00000000000a7d54  /data/app/~~DOREH9iCXjCwc1cl_naG7Q==/com.vibekey.keyboard-mc51Wb3rYqEyAlqhB5yyWw==/lib/arm64/libjni_latinime.so (latinime::NgramContext::getWordId(latinime::DictionaryStructureWithBufferPolicy const*, int const*, int, bool, bool)+232) (BuildId: f905dbd1a904967a994cf833116e517b05caa863)
06-18 10:54:08.611 20130 20130 F DEBUG   :       #05 pc 00000000000d337c  /data/app/~~DOREH9iCXjCwc1cl_naG7Q==/com.vibekey.keyboard-mc51Wb3rYqEyAlqhB5yyWw==/lib/arm64/libjni_latinime.so (latinime::DicTraverseSession::init(latinime::Dictionary const*, latinime::NgramContext const*, latinime::SuggestOptions const*)+124) (BuildId: f905dbd1a904967a994cf833116e517b05caa863)
06-18 10:54:08.611 20130 20130 F DEBUG   :       #06 pc 00000000000c8bd0  /data/app/~~DOREH9iCXjCwc1cl_naG7Q==/com.vibekey.keyboard-mc51Wb3rYqEyAlqhB5yyWw==/lib/arm64/libjni_latinime.so (latinime::Dictionary::getSuggestions(latinime::ProximityInfo*, latinime::DicTraverseSession*, int*, int*, int*, int*, int*, int, latinime::NgramContext const*, latinime::SuggestOptions const*, float, latinime::SuggestionResults*) const+104) (BuildId: f905dbd1a904967a994cf833116e517b05caa863)
06-18 10:54:08.611 20130 20130 F DEBUG   :       #07 pc 000000000009fd88  /data/app/~~DOREH9iCXjCwc1cl_naG7Q==/com.vibekey.keyboard-mc51Wb3rYqEyAlqhB5yyWw==/lib/arm64/libjni_latinime.so (BuildId: f905dbd1a904967a994cf833116e517b05caa863)
06-18 10:54:08.611 20130 20130 F DEBUG   :       #08 pc 00000000002c2100  /apex/com.android.art/lib64/libart.so (art_quick_generic_jni_trampoline+144) (BuildId: 7087b2f2160bfbf3335d54ba9779e325)
06-18 10:54:08.611 20130 20130 F DEBUG   :       #09 pc 00000000006692dc  /apex/com.android.art/lib64/libart.so (nterp_helper+3852) (BuildId: 7087b2f2160bfbf3335d54ba9779e325)
06-18 10:54:08.611 20130 20130 F DEBUG   :       #10 pc 00000000002285ec  /data/app/~~DOREH9iCXjCwc1cl_naG7Q==/com.vibekey.keyboard-mc51Wb3rYqEyAlqhB5yyWw==/oat/arm64/base.vdex (com.android.inputmethod.latin.BinaryDictionary.q+572)
06-18 10:54:08.611 20130 20130 F DEBUG   :       #11 pc 0000000000669a28  /apex/com.android.art/lib64/libart.so (nterp_helper+5720) (BuildId: 7087b2f2160bfbf3335d54ba9779e325)
06-18 10:54:08.611 20130 20130 F DEBUG   :       #12 pc 000000000022837e  /data/app/~~DOREH9iCXjCwc1cl_naG7Q==/com.vibekey.keyboard-mc51Wb3rYqEyAlqhB5yyWw==/oat/arm64/base.vdex (com.android.inputmethod.latin.BinaryDictionary.d+6)
06-18 10:54:08.611 20130 20130 F DEBUG   :       #13 pc 0000000000669a28  /apex/com.android.art/lib64/libart.so (nterp_helper+5720) (BuildId: 7087b2f2160bfbf3335d54ba9779e325)
06-18 10:54:08.611 20130 20130 F DEBUG   :       #14 pc 0000000000ae831e  /data/app/~~DOREH9iCXjCwc1cl_naG7Q==/com.vibekey.keyboard-mc51Wb3rYqEyAlqhB5yyWw==/oat/arm64/base.vdex (v7.k.d+50)
06-18 10:54:08.611 20130 20130 F DEBUG   :       #15 pc 0000000000669a28  /apex/com.android.art/lib64/libart.so (nterp_helper+5720) (BuildId: 7087b2f2160bfbf3335d54ba9779e325)
06-18 10:54:08.611 20130 20130 F DEBUG   :       #16 pc 0000000000ae741e  /data/app/~~DOREH9iCXjCwc1cl_naG7Q==/com.vibekey.keyboard-mc51Wb3rYqEyAlqhB5yyWw==/oat/arm64/base.vdex (v7.e.d+70)
06-18 10:54:08.611 20130 20130 F DEBUG   :       #17 pc 0000000000669a28  /apex/com.android.art/lib64/libart.so (nterp_helper+5720) (BuildId: 7087b2f2160bfbf3335d54ba9779e325)
06-18 10:54:08.611 20130 20130 F DEBUG   :       #18 pc 00000000005b529e  /data/app/~~DOREH9iCXjCwc1cl_naG7Q==/com.vibekey.keyboard-mc51Wb3rYqEyAlqhB5yyWw==/oat/arm64/base.vdex (p7.o.j+334)
06-18 10:54:08.611 20130 20130 F DEBUG   :       #19 pc 0000000000669a28  /apex/com.android.art/lib64/libart.so (nterp_helper+5720) (BuildId: 7087b2f2160bfbf3335d54ba9779e325)
06-18 10:54:08.611 20130 20130 F DEBUG   :       #20 pc 00000000005b4bf8  /data/app/~~DOREH9iCXjCwc1cl_naG7Q==/com.vibekey.keyboard-mc51Wb3rYqEyAlqhB5yyWw==/oat/arm64/base.vdex (p7.o.i+252)
06-18 10:54:08.611 20130 20130 F DEBUG   :       #21 pc 0000000000669a28  /apex/com.android.art/lib64/libart.so (nterp_helper+5720) (BuildId: 7087b2f2160bfbf3335d54ba9779e325)
06-18 10:54:08.611 20130 20130 F DEBUG   :       #22 pc 00000000005b4a62  /data/app/~~DOREH9iCXjCwc1cl_naG7Q==/com.vibekey.keyboard-mc51Wb3rYqEyAlqhB5yyWw==/oat/arm64/base.vdex (p7.o.h+542)
06-18 10:54:08.611 20130 20130 F DEBUG   :       #23 pc 0000000000669a28  /apex/com.android.art/lib64/libart.so (nterp_helper+5720) (BuildId: 7087b2f2160bfbf3335d54ba9779e325)
06-18 10:54:08.611 20130 20130 F DEBUG   :       #24 pc 00000000005bd20a  /data/app/~~DOREH9iCXjCwc1cl_naG7Q==/com.vibekey.keyboard-mc51Wb3rYqEyAlqhB5yyWw==/oat/arm64/base.vdex (p7.i1.c+266)
06-18 10:54:08.611 20130 20130 F DEBUG   :       #25 pc 0000000000669a28  /apex/com.android.art/lib64/libart.so (nterp_helper+5720) (BuildId: 7087b2f2160bfbf3335d54ba9779e325)
06-18 10:54:08.611 20130 20130 F DEBUG   :       #26 pc 00000000005bd088  /data/app/~~DOREH9iCXjCwc1cl_naG7Q==/com.vibekey.keyboard-mc51Wb3rYqEyAlqhB5yyWw==/oat/arm64/base.vdex (p7.i1.b+2656)
06-18 10:54:08.611 20130 20130 F DEBUG   :       #27 pc 0000000000669a28  /apex/com.android.art/lib64/libart.so (nterp_helper+5720) (BuildId: 7087b2f2160bfbf3335d54ba9779e325)
06-18 10:54:08.611 20130 20130 F DEBUG   :       #28 pc 0000000000aef522  /data/app/~~DOREH9iCXjCwc1cl_naG7Q==/com.vibekey.keyboard-mc51Wb3rYqEyAlqhB5yyWw==/oat/arm64/base.vdex (x7.b.m+1482)
06-18 10:54:08.611 20130 20130 F DEBUG   :       #29 pc 0000000000669324  /apex/com.android.art/lib64/libart.so (nterp_helper+3924) (BuildId: 7087b2f2160bfbf3335d54ba9779e325)
06-18 10:54:08.611 20130 20130 F DEBUG   :       #30 pc 00000000001a3b12  /data/app/~~DOREH9iCXjCwc1cl_naG7Q==/com.vibekey.keyboard-mc51Wb3rYqEyAlqhB5yyWw==/oat/arm64/base.vdex (a5.a.run+102)
06-18 10:54:08.611 20130 20130 F DEBUG   :       #31 pc 000000000066a144  /apex/com.android.art/lib64/libart.so (nterp_helper+7540) (BuildId: 7087b2f2160bfbf3335d54ba9779e325)
06-18 10:54:08.611 20130 20130 F DEBUG   :       #32 pc 0000000000aec3ae  /data/app/~~DOREH9iCXjCwc1cl_naG7Q==/com.vibekey.keyboard-mc51Wb3rYqEyAlqhB5yyWw==/oat/arm64/base.vdex (x7.d.handleMessage+18)
06-18 10:54:08.611 20130 20130 F DEBUG   :       #33 pc 000000000205b2d4  /memfd:jit-zygote-cache (deleted)
--------- beginning of system
06-18 10:54:10.936 20185 20185 E OplusCustomizeRestrictionManager: sInstance is null, start a new sInstance
06-18 10:54:13.062 20185 20185 F libc    : Fatal signal 7 (SIGBUS), code 2 (BUS_ADRERR), fault addr 0x76665fa104 in tid 20185 (ibekey.keyboard), pid 20185 (ibekey.keyboard)
06-18 10:54:14.109 20349 20349 F DEBUG   : Process name is com.vibekey.keyboard, not key_process
06-18 10:54:14.109 20349 20349 F DEBUG   : keyProcess: 0
06-18 10:54:14.109 20349 20349 F DEBUG   : *** *** *** *** *** *** *** *** *** *** *** *** *** *** *** ***
06-18 10:54:14.109 20349 20349 F DEBUG   : Build fingerprint: 'OnePlus/OnePlus7Pro/OnePlus7Pro:12/SKQ1.211113.001/P.202303230244:user/release-keys'
06-18 10:54:14.109 20349 20349 F DEBUG   : Revision: '0'
06-18 10:54:14.109 20349 20349 F DEBUG   : ABI: 'arm64'
06-18 10:54:14.109 20349 20349 F DEBUG   : Timestamp: 2026-06-18 10:54:13.243507215-0400
06-18 10:54:14.109 20349 20349 F DEBUG   : Process uptime: 0s
06-18 10:54:14.109 20349 20349 F DEBUG   : Cmdline: com.vibekey.keyboard
06-18 10:54:14.109 20349 20349 F DEBUG   : pid: 20185, tid: 20185, name: ibekey.keyboard  >>> com.vibekey.keyboard <<<
06-18 10:54:14.109 20349 20349 F DEBUG   : uid: 14132
06-18 10:54:14.109 20349 20349 F DEBUG   : signal 7 (SIGBUS), code 2 (BUS_ADRERR), fault addr 0x76665fa104
06-18 10:54:14.109 20349 20349 F DEBUG   :     x0  00000076665dc06c  x1  000000000004a8e8  x2  0000007fd1e79e14  x3  0000007fd1e79e5c
06-18 10:54:14.109 20349 20349 F DEBUG   :     x4  b4000075cb723130  x5  0000000000000000  x6  0000007fd1e79ed4  x7  0000007fd1e79d90
06-18 10:54:14.109 20349 20349 F DEBUG   :     x8  0000000000000000  x9  000000000004a8e7  x10 000000000001e098  x11 000000000001e099
06-18 10:54:14.109 20349 20349 F DEBUG   :     x12 0000000000000068  x13 0000000000000001  x14 000000000000001f  x15 00000076665dc39e
06-18 10:54:14.109 20349 20349 F DEBUG   :     x16 000000755e7e5980  x17 000000755e7442c8  x18 00000076960ae000  x19 0000007fd1e79e5c
06-18 10:54:14.109 20349 20349 F DEBUG   :     x20 0000007fd1e79e60  x21 000000000004a8e8  x22 00000076957f5000  x23 0000007fd1e79ea4
06-18 10:54:14.109 20349 20349 F DEBUG   :     x24 00000076957f5000  x25 0000007fd1e79ea0  x26 0000007fd1e79ed4  x27 0000000000000001
06-18 10:54:14.109 20349 20349 F DEBUG   :     x28 0000007fd1e7a170  x29 0000007fd1e79e20
06-18 10:54:14.109 20349 20349 F DEBUG   :     lr  000000755e746b38  sp  0000007fd1e79e10  pc  000000755e7442f8  pst 0000000020000000
06-18 10:54:14.109 20349 20349 F DEBUG   : backtrace:
06-18 10:54:14.109 20349 20349 F DEBUG   :       #00 pc 00000000000b62f8  /data/app/~~DOREH9iCXjCwc1cl_naG7Q==/com.vibekey.keyboard-mc51Wb3rYqEyAlqhB5yyWw==/lib/arm64/libjni_latinime.so (latinime::PatriciaTrieReadingUtils::getPtNodeArraySizeAndAdvancePosition(unsigned char const*, int, int*)+48) (BuildId: f905dbd1a904967a994cf833116e517b05caa863)
06-18 10:54:14.109 20349 20349 F DEBUG   :       #01 pc 00000000000b8b34  /data/app/~~DOREH9iCXjCwc1cl_naG7Q==/com.vibekey.keyboard-mc51Wb3rYqEyAlqhB5yyWw==/lib/arm64/libjni_latinime.so (latinime::Ver2PtNodeArrayReader::readPtNodeArrayInfoAndReturnIfValid(int, int*, int*) const+80) (BuildId: f905dbd1a904967a994cf833116e517b05caa863)
06-18 10:54:14.109 20349 20349 F DEBUG   :       #02 pc 00000000000b4ce8  /data/app/~~DOREH9iCXjCwc1cl_naG7Q==/com.vibekey.keyboard-mc51Wb3rYqEyAlqhB5yyWw==/lib/arm64/libjni_latinime.so (latinime::DynamicPtReadingHelper::nextPtNodeArray()+68) (BuildId: f905dbd1a904967a994cf833116e517b05caa863)
06-18 10:54:14.109 20349 20349 F DEBUG   :       #03 pc 00000000000b4c3c  /data/app/~~DOREH9iCXjCwc1cl_naG7Q==/com.vibekey.keyboard-mc51Wb3rYqEyAlqhB5yyWw==/lib/arm64/libjni_latinime.so (latinime::DynamicPtReadingHelper::getTerminalPtNodePositionOfWord(int const*, unsigned long, bool)+432) (BuildId: f905dbd1a904967a994cf833116e517b05caa863)
06-18 10:54:14.109 20349 20349 F DEBUG   :       #04 pc 00000000000b7324  /data/app/~~DOREH9iCXjCwc1cl_naG7Q==/com.vibekey.keyboard-mc51Wb3rYqEyAlqhB5yyWw==/lib/arm64/libjni_latinime.so (latinime::PatriciaTriePolicy::getWordId(latinime::IntArrayView, bool) const+184) (BuildId: f905dbd1a904967a994cf833116e517b05caa863)
06-18 10:54:14.109 20349 20349 F DEBUG   :       #05 pc 00000000000c8ecc  /data/app/~~DOREH9iCXjCwc1cl_naG7Q==/com.vibekey.keyboard-mc51Wb3rYqEyAlqhB5yyWw==/lib/arm64/libjni_latinime.so (latinime::Dictionary::getProbability(latinime::IntArrayView) const+56) (BuildId: f905dbd1a904967a994cf833116e517b05caa863)
06-18 10:54:14.109 20349 20349 F DEBUG   :       #06 pc 000000000009ff04  /data/app/~~DOREH9iCXjCwc1cl_naG7Q==/com.vibekey.keyboard-mc51Wb3rYqEyAlqhB5yyWw==/lib/arm64/libjni_latinime.so (BuildId: f905dbd1a904967a994cf833116e517b05caa863)
06-18 10:54:14.109 20349 20349 F DEBUG   :       #07 pc 00000000002c2100  /apex/com.android.art/lib64/libart.so (art_quick_generic_jni_trampoline+144) (BuildId: 7087b2f2160bfbf3335d54ba9779e325)
06-18 10:54:14.109 20349 20349 F DEBUG   :       #08 pc 0000000000668b6c  /apex/com.android.art/lib64/libart.so (nterp_helper+1948) (BuildId: 7087b2f2160bfbf3335d54ba9779e325)
06-18 10:54:14.109 20349 20349 F DEBUG   :       #09 pc 000000000022834a  /data/app/~~DOREH9iCXjCwc1cl_naG7Q==/com.vibekey.keyboard-mc51Wb3rYqEyAlqhB5yyWw==/oat/arm64/base.vdex (com.android.inputmethod.latin.BinaryDictionary.c+54)
06-18 10:54:14.109 20349 20349 F DEBUG   :       #10 pc 0000000000669324  /apex/com.android.art/lib64/libart.so (nterp_helper+3924) (BuildId: 7087b2f2160bfbf3335d54ba9779e325)
06-18 10:54:14.109 20349 20349 F DEBUG   :       #11 pc 0000000000ae82a0  /data/app/~~DOREH9iCXjCwc1cl_naG7Q==/com.vibekey.keyboard-mc51Wb3rYqEyAlqhB5yyWw==/oat/arm64/base.vdex (v7.k.c+28)
06-18 10:54:14.109 20349 20349 F DEBUG   :       #12 pc 0000000000669324  /apex/com.android.art/lib64/libart.so (nterp_helper+3924) (BuildId: 7087b2f2160bfbf3335d54ba9779e325)
06-18 10:54:14.109 20349 20349 F DEBUG   :       #13 pc 0000000000ae73ae  /data/app/~~DOREH9iCXjCwc1cl_naG7Q==/com.vibekey.keyboard-mc51Wb3rYqEyAlqhB5yyWw==/oat/arm64/base.vdex (v7.e.c+34)
06-18 10:54:14.109 20349 20349 F DEBUG   :       #14 pc 0000000000669324  /apex/com.android.art/lib64/libart.so (nterp_helper+3924) (BuildId: 7087b2f2160bfbf3335d54ba9779e325)
06-18 10:54:14.109 20349 20349 F DEBUG   :       #15 pc 00000000005b5d4e  /data/app/~~DOREH9iCXjCwc1cl_naG7Q==/com.vibekey.keyboard-mc51Wb3rYqEyAlqhB5yyWw==/oat/arm64/base.vdex (p7.o.a+1986)
06-18 10:54:14.109 20349 20349 F DEBUG   :       #16 pc 0000000000669a28  /apex/com.android.art/lib64/libart.so (nterp_helper+5720) (BuildId: 7087b2f2160bfbf3335d54ba9779e325)
06-18 10:54:14.109 20349 20349 F DEBUG   :       #17 pc 0000000000af0c1a  /data/app/~~DOREH9iCXjCwc1cl_naG7Q==/com.vibekey.keyboard-mc51Wb3rYqEyAlqhB5yyWw==/oat/arm64/base.vdex (x7.b.y+254)
06-18 10:54:14.109 20349 20349 F DEBUG   :       #18 pc 0000000000669324  /apex/com.android.art/lib64/libart.so (nterp_helper+3924) (BuildId: 7087b2f2160bfbf3335d54ba9779e325)
06-18 10:54:14.109 20349 20349 F DEBUG   :       #19 pc 0000000000aeeac2  /data/app/~~DOREH9iCXjCwc1cl_naG7Q==/com.vibekey.keyboard-mc51Wb3rYqEyAlqhB5yyWw==/oat/arm64/base.vdex (x7.b.b+442)
06-18 10:54:14.109 20349 20349 F DEBUG   :       #20 pc 0000000000669324  /apex/com.android.art/lib64/libart.so (nterp_helper+3924) (BuildId: 7087b2f2160bfbf3335d54ba9779e325)
06-18 10:54:14.109 20349 20349 F DEBUG   :       #21 pc 0000000000aeec30  /data/app/~~DOREH9iCXjCwc1cl_naG7Q==/com.vibekey.keyboard-mc51Wb3rYqEyAlqhB5yyWw==/oat/arm64/base.vdex (x7.b.c+72)
06-18 10:54:14.109 20349 20349 F DEBUG   :       #22 pc 0000000000669324  /apex/com.android.art/lib64/libart.so (nterp_helper+3924) (BuildId: 7087b2f2160bfbf3335d54ba9779e325)
06-18 10:54:14.109 20349 20349 F DEBUG   :       #23 pc 0000000000af053c  /data/app/~~DOREH9iCXjCwc1cl_naG7Q==/com.vibekey.keyboard-mc51Wb3rYqEyAlqhB5yyWw==/oat/arm64/base.vdex (x7.b.s+1564)
06-18 10:54:14.109 20349 20349 F DEBUG   :       #24 pc 0000000000669324  /apex/com.android.art/lib64/libart.so (nterp_helper+3924) (BuildId: 7087b2f2160bfbf3335d54ba9779e325)
06-18 10:54:14.109 20349 20349 F DEBUG   :       #25 pc 0000000000aeff06  /data/app/~~DOREH9iCXjCwc1cl_naG7Q==/com.vibekey.keyboard-mc51Wb3rYqEyAlqhB5yyWw==/oat/arm64/base.vdex (x7.b.r+78)
06-18 10:54:14.109 20349 20349 F DEBUG   :       #26 pc 0000000000669324  /apex/com.android.art/lib64/libart.so (nterp_helper+3924) (BuildId: 7087b2f2160bfbf3335d54ba9779e325)
06-18 10:54:14.109 20349 20349 F DEBUG   :       #27 pc 0000000000aedc16  /data/app/~~DOREH9iCXjCwc1cl_naG7Q==/com.vibekey.keyboard-mc51Wb3rYqEyAlqhB5yyWw==/oat/arm64/base.vdex (x7.b.v+4966)
06-18 10:54:14.109 20349 20349 F DEBUG   :       #28 pc 0000000000669a28  /apex/com.android.art/lib64/libart.so (nterp_helper+5720) (BuildId: 7087b2f2160bfbf3335d54ba9779e325)
06-18 10:54:14.109 20349 20349 F DEBUG   :       #29 pc 000000000052433a  /data/app/~~DOREH9iCXjCwc1cl_naG7Q==/com.vibekey.keyboard-mc51Wb3rYqEyAlqhB5yyWw==/oat/arm64/base.vdex (helium314.keyboard.latin.LatinIME.l+70)
06-18 10:54:14.109 20349 20349 F DEBUG   :       #30 pc 0000000000669324  /apex/com.android.art/lib64/libart.so (nterp_helper+3924) (BuildId: 7087b2f2160bfbf3335d54ba9779e325)
06-18 10:54:14.109 20349 20349 F DEBUG   :       #31 pc 000000000055661e  /data/app/~~DOREH9iCXjCwc1cl_naG7Q==/com.vibekey.keyboard-mc51Wb3rYqEyAlqhB5yyWw==/oat/arm64/base.vdex (i7.m.a+522)
06-18 10:54:14.109 20349 20349 F DEBUG   :       #32 pc 000000000066a81c  /apex/com.android.art/lib64/libart.so (nterp_helper+9292) (BuildId: 7087b2f2160bfbf3335d54ba9779e325)
06-18 10:54:14.109 20349 20349 F DEBUG   :       #33 pc 0000000000564b0a  /data/app/~~DOREH9iCXjCwc1cl_naG7Q==/com.vibekey.keyboard-mc51Wb3rYqEyAlqhB5yyWw==/oat/arm64/base.vdex (i7.k0.a+470)
06-18 10:54:14.109 20349 20349 F DEBUG   :       #34 pc 0000000000669a28  /apex/com.android.art/lib64/libart.so (nterp_helper+5720) (BuildId: 7087b2f2160bfbf3335d54ba9779e325)
06-18 10:54:14.109 20349 20349 F DEBUG   :       #35 pc 000000000056567e  /data/app/~~DOREH9iCXjCwc1cl_naG7Q==/com.vibekey.keyboard-mc51Wb3rYqEyAlqhB5yyWw==/oat/arm64/base.vdex (i7.k0.q+454)
06-18 10:54:14.109 20349 20349 F DEBUG   :       #36 pc 0000000000669324  /apex/com.android.art/lib64/libart.so (nterp_helper+3924) (BuildId: 7087b2f2160bfbf3335d54ba9779e325)
06-18 10:54:14.109 20349 20349 F DEBUG   :       #37 pc 000000000056548a  /data/app/~~DOREH9iCXjCwc1cl_naG7Q==/com.vibekey.keyboard-mc51Wb3rYqEyAlqhB5yyWw==/oat/arm64/base.vdex (i7.k0.p+302)
06-18 10:54:14.109 20349 20349 F DEBUG   :       #38 pc 0000000000669324  /apex/com.android.art/lib64/libart.so (nterp_helper+3924) (BuildId: 7087b2f2160bfbf3335d54ba9779e325)
06-18 10:54:14.109 20349 20349 F DEBUG   :       #39 pc 0000000000565e9e  /data/app/~~DOREH9iCXjCwc1cl_naG7Q==/com.vibekey.keyboard-mc51Wb3rYqEyAlqhB5yyWw==/oat/arm64/base.vdex (i7.k0.s+1890)
06-18 10:54:14.109 20349 20349 F DEBUG   :       #40 pc 0000000000669324  /apex/com.android.art/lib64/libart.so (nterp_helper+3924) (BuildId: 7087b2f2160bfbf3335d54ba9779e325)
06-18 10:54:14.109 20349 20349 F DEBUG   :       #41 pc 0000000000519f86  /data/app/~~DOREH9iCXjCwc1cl_naG7Q==/com.vibekey.keyboard-mc51Wb3rYqEyAlqhB5yyWw==/oat/arm64/base.vdex (helium314.keyboard.keyboard.MainKeyboardView.onTouchEvent+486)
06-18 10:54:14.109 20349 20349 F DEBUG   :       #42 pc 0000000002af3794  /memfd:jit-zygote-cache (deleted)
06-18 10:54:21.051 20380 20380 E OplusCustomizeRestrictionManager: sInstance is null, start a new sInstance
06-18 10:55:05.684 20380 21043 E ActivityThread: Failed to find provider info for com.oplus.statistics.provider
06-18 10:55:05.685 20380 21043 E OplusStatistics--: IllegalArgumentException:java.lang.IllegalArgumentException: Unknown URL content://com.oplus.statistics.provider/track_event
06-18 10:56:07.036 22028 22028 E OplusCustomizeRestrictionManager: sInstance is null, start a new sInstance
06-18 10:58:00.236 27660 27660 E OplusCustomizeRestrictionManager: sInstance is null, start a new sInstance
06-18 10:58:11.912 28383 28383 E OplusCustomizeRestrictionManager: sInstance is null, start a new sInstance
06-18 10:58:14.342 28383 28418 F libc    : Fatal signal 7 (SIGBUS), code 2 (BUS_ADRERR), fault addr 0x76666023d7 in tid 28418 (d), pid 28383 (ibekey.keyboard)
06-18 10:58:15.424 28541 28541 F DEBUG   : Process name is com.vibekey.keyboard, not key_process
06-18 10:58:15.424 28541 28541 F DEBUG   : keyProcess: 0
06-18 10:58:15.424 28541 28541 F DEBUG   : *** *** *** *** *** *** *** *** *** *** *** *** *** *** *** ***
06-18 10:58:15.424 28541 28541 F DEBUG   : Build fingerprint: 'OnePlus/OnePlus7Pro/OnePlus7Pro:12/SKQ1.211113.001/P.202303230244:user/release-keys'
06-18 10:58:15.424 28541 28541 F DEBUG   : Revision: '0'
06-18 10:58:15.424 28541 28541 F DEBUG   : ABI: 'arm64'
06-18 10:58:15.424 28541 28541 F DEBUG   : Timestamp: 2026-06-18 10:58:14.582079363-0400
06-18 10:58:15.424 28541 28541 F DEBUG   : Process uptime: 0s
06-18 10:58:15.424 28541 28541 F DEBUG   : Cmdline: com.vibekey.keyboard
06-18 10:58:15.424 28541 28541 F DEBUG   : pid: 28383, tid: 28418, name: d  >>> com.vibekey.keyboard <<<
06-18 10:58:15.424 28541 28541 F DEBUG   : uid: 14132
06-18 10:58:15.424 28541 28541 F DEBUG   : signal 7 (SIGBUS), code 2 (BUS_ADRERR), fault addr 0x76666023d7
06-18 10:58:15.424 28541 28541 F DEBUG   :     x0  00000076665dc06c  x1  000000000004a8e8  x2  00000075ccb4ec74  x3  00000075ccb4ecbc
06-18 10:58:15.424 28541 28541 F DEBUG   :     x4  b4000075cb7f3730  x5  0000000000000000  x6  00000075ccb4ed44  x7  00000075ccb4ebf0
06-18 10:58:15.424 28541 28541 F DEBUG   :     x8  0000000000000000  x9  000000000004a8e7  x10 000000000002636b  x11 000000000002636c
06-18 10:58:15.424 28541 28541 F DEBUG   :     x12 0000000000000070  x13 0000000000000001  x14 000000000000001f  x15 00000076665dc39e
06-18 10:58:15.424 28541 28541 F DEBUG   :     x16 0000007529589980  x17 00000075294e82c8  x18 000000755f260000  x19 00000075ccb4ecbc
06-18 10:58:15.424 28541 28541 F DEBUG   :     x20 00000075ccb4ecc0  x21 000000000004a8e8  x22 00000075ccb51000  x23 00000075ccb4ed04
06-18 10:58:15.424 28541 28541 F DEBUG   :     x24 00000075ccb51000  x25 00000075ccb4ed00  x26 00000075ccb4ed44  x27 0000000000000001
06-18 10:58:15.424 28541 28541 F DEBUG   :     x28 00000075ccb4f2f8  x29 00000075ccb4ec80
06-18 10:58:15.424 28541 28541 F DEBUG   :     lr  00000075294eab38  sp  00000075ccb4ec70  pc  00000075294e82f8  pst 0000000020000000
06-18 10:58:15.424 28541 28541 F DEBUG   : backtrace:
06-18 10:58:15.424 28541 28541 F DEBUG   :       #00 pc 00000000000b62f8  /data/app/~~DOREH9iCXjCwc1cl_naG7Q==/com.vibekey.keyboard-mc51Wb3rYqEyAlqhB5yyWw==/lib/arm64/libjni_latinime.so (latinime::PatriciaTrieReadingUtils::getPtNodeArraySizeAndAdvancePosition(unsigned char const*, int, int*)+48) (BuildId: f905dbd1a904967a994cf833116e517b05caa863)
06-18 10:58:15.424 28541 28541 F DEBUG   :       #01 pc 00000000000b8b34  /data/app/~~DOREH9iCXjCwc1cl_naG7Q==/com.vibekey.keyboard-mc51Wb3rYqEyAlqhB5yyWw==/lib/arm64/libjni_latinime.so (latinime::Ver2PtNodeArrayReader::readPtNodeArrayInfoAndReturnIfValid(int, int*, int*) const+80) (BuildId: f905dbd1a904967a994cf833116e517b05caa863)
06-18 10:58:15.424 28541 28541 F DEBUG   :       #02 pc 00000000000b4ce8  /data/app/~~DOREH9iCXjCwc1cl_naG7Q==/com.vibekey.keyboard-mc51Wb3rYqEyAlqhB5yyWw==/lib/arm64/libjni_latinime.so (latinime::DynamicPtReadingHelper::nextPtNodeArray()+68) (BuildId: f905dbd1a904967a994cf833116e517b05caa863)
06-18 10:58:15.424 28541 28541 F DEBUG   :       #03 pc 00000000000b4c3c  /data/app/~~DOREH9iCXjCwc1cl_naG7Q==/com.vibekey.keyboard-mc51Wb3rYqEyAlqhB5yyWw==/lib/arm64/libjni_latinime.so (latinime::DynamicPtReadingHelper::getTerminalPtNodePositionOfWord(int const*, unsigned long, bool)+432) (BuildId: f905dbd1a904967a994cf833116e517b05caa863)
06-18 10:58:15.424 28541 28541 F DEBUG   :       #04 pc 00000000000b7324  /data/app/~~DOREH9iCXjCwc1cl_naG7Q==/com.vibekey.keyboard-mc51Wb3rYqEyAlqhB5yyWw==/lib/arm64/libjni_latinime.so (latinime::PatriciaTriePolicy::getWordId(latinime::IntArrayView, bool) const+184) (BuildId: f905dbd1a904967a994cf833116e517b05caa863)
06-18 10:58:15.424 28541 28541 F DEBUG   :       #05 pc 00000000000a7d54  /data/app/~~DOREH9iCXjCwc1cl_naG7Q==/com.vibekey.keyboard-mc51Wb3rYqEyAlqhB5yyWw==/lib/arm64/libjni_latinime.so (latinime::NgramContext::getWordId(latinime::DictionaryStructureWithBufferPolicy const*, int const*, int, bool, bool)+232) (BuildId: f905dbd1a904967a994cf833116e517b05caa863)
06-18 10:58:15.424 28541 28541 F DEBUG   :       #06 pc 00000000000d337c  /data/app/~~DOREH9iCXjCwc1cl_naG7Q==/com.vibekey.keyboard-mc51Wb3rYqEyAlqhB5yyWw==/lib/arm64/libjni_latinime.so (latinime::DicTraverseSession::init(latinime::Dictionary const*, latinime::NgramContext const*, latinime::SuggestOptions const*)+124) (BuildId: f905dbd1a904967a994cf833116e517b05caa863)
06-18 10:58:15.424 28541 28541 F DEBUG   :       #07 pc 00000000000c8bd0  /data/app/~~DOREH9iCXjCwc1cl_naG7Q==/com.vibekey.keyboard-mc51Wb3rYqEyAlqhB5yyWw==/lib/arm64/libjni_latinime.so (latinime::Dictionary::getSuggestions(latinime::ProximityInfo*, latinime::DicTraverseSession*, int*, int*, int*, int*, int*, int, latinime::NgramContext const*, latinime::SuggestOptions const*, float, latinime::SuggestionResults*) const+104) (BuildId: f905dbd1a904967a994cf833116e517b05caa863)
06-18 10:58:15.424 28541 28541 F DEBUG   :       #08 pc 000000000009fd88  /data/app/~~DOREH9iCXjCwc1cl_naG7Q==/com.vibekey.keyboard-mc51Wb3rYqEyAlqhB5yyWw==/lib/arm64/libjni_latinime.so (BuildId: f905dbd1a904967a994cf833116e517b05caa863)
06-18 10:58:15.424 28541 28541 F DEBUG   :       #09 pc 00000000002c2100  /apex/com.android.art/lib64/libart.so (art_quick_generic_jni_trampoline+144) (BuildId: 7087b2f2160bfbf3335d54ba9779e325)
06-18 10:58:15.424 28541 28541 F DEBUG   :       #10 pc 00000000006692dc  /apex/com.android.art/lib64/libart.so (nterp_helper+3852) (BuildId: 7087b2f2160bfbf3335d54ba9779e325)
06-18 10:58:15.424 28541 28541 F DEBUG   :       #11 pc 00000000002285ec  /data/app/~~DOREH9iCXjCwc1cl_naG7Q==/com.vibekey.keyboard-mc51Wb3rYqEyAlqhB5yyWw==/oat/arm64/base.vdex (com.android.inputmethod.latin.BinaryDictionary.q+572)
06-18 10:58:15.424 28541 28541 F DEBUG   :       #12 pc 0000000000669a28  /apex/com.android.art/lib64/libart.so (nterp_helper+5720) (BuildId: 7087b2f2160bfbf3335d54ba9779e325)
06-18 10:58:15.424 28541 28541 F DEBUG   :       #13 pc 000000000022837e  /data/app/~~DOREH9iCXjCwc1cl_naG7Q==/com.vibekey.keyboard-mc51Wb3rYqEyAlqhB5yyWw==/oat/arm64/base.vdex (com.android.inputmethod.latin.BinaryDictionary.d+6)
06-18 10:58:15.424 28541 28541 F DEBUG   :       #14 pc 0000000000669a28  /apex/com.android.art/lib64/libart.so (nterp_helper+5720) (BuildId: 7087b2f2160bfbf3335d54ba9779e325)
06-18 10:58:15.424 28541 28541 F DEBUG   :       #15 pc 0000000000ae831e  /data/app/~~DOREH9iCXjCwc1cl_naG7Q==/com.vibekey.keyboard-mc51Wb3rYqEyAlqhB5yyWw==/oat/arm64/base.vdex (v7.k.d+50)
06-18 10:58:15.424 28541 28541 F DEBUG   :       #16 pc 0000000000669a28  /apex/com.android.art/lib64/libart.so (nterp_helper+5720) (BuildId: 7087b2f2160bfbf3335d54ba9779e325)
06-18 10:58:15.424 28541 28541 F DEBUG   :       #17 pc 0000000000ae741e  /data/app/~~DOREH9iCXjCwc1cl_naG7Q==/com.vibekey.keyboard-mc51Wb3rYqEyAlqhB5yyWw==/oat/arm64/base.vdex (v7.e.d+70)
06-18 10:58:15.424 28541 28541 F DEBUG   :       #18 pc 0000000000669a28  /apex/com.android.art/lib64/libart.so (nterp_helper+5720) (BuildId: 7087b2f2160bfbf3335d54ba9779e325)
06-18 10:58:15.424 28541 28541 F DEBUG   :       #19 pc 00000000005b529e  /data/app/~~DOREH9iCXjCwc1cl_naG7Q==/com.vibekey.keyboard-mc51Wb3rYqEyAlqhB5yyWw==/oat/arm64/base.vdex (p7.o.j+334)
06-18 10:58:15.424 28541 28541 F DEBUG   :       #20 pc 0000000000669a28  /apex/com.android.art/lib64/libart.so (nterp_helper+5720) (BuildId: 7087b2f2160bfbf3335d54ba9779e325)
06-18 10:58:15.424 28541 28541 F DEBUG   :       #21 pc 00000000005b4bf8  /data/app/~~DOREH9iCXjCwc1cl_naG7Q==/com.vibekey.keyboard-mc51Wb3rYqEyAlqhB5yyWw==/oat/arm64/base.vdex (p7.o.i+252)
06-18 10:58:15.424 28541 28541 F DEBUG   :       #22 pc 0000000000669a28  /apex/com.android.art/lib64/libart.so (nterp_helper+5720) (BuildId: 7087b2f2160bfbf3335d54ba9779e325)
06-18 10:58:15.424 28541 28541 F DEBUG   :       #23 pc 00000000005b4a62  /data/app/~~DOREH9iCXjCwc1cl_naG7Q==/com.vibekey.keyboard-mc51Wb3rYqEyAlqhB5yyWw==/oat/arm64/base.vdex (p7.o.h+542)
06-18 10:58:15.424 28541 28541 F DEBUG   :       #24 pc 0000000000669a28  /apex/com.android.art/lib64/libart.so (nterp_helper+5720) (BuildId: 7087b2f2160bfbf3335d54ba9779e325)
06-18 10:58:15.424 28541 28541 F DEBUG   :       #25 pc 00000000005bc794  /data/app/~~DOREH9iCXjCwc1cl_naG7Q==/com.vibekey.keyboard-mc51Wb3rYqEyAlqhB5yyWw==/oat/arm64/base.vdex (p7.i1.b+364)
06-18 10:58:15.424 28541 28541 F DEBUG   :       #26 pc 0000000000669a28  /apex/com.android.art/lib64/libart.so (nterp_helper+5720) (BuildId: 7087b2f2160bfbf3335d54ba9779e325)
06-18 10:58:15.424 28541 28541 F DEBUG   :       #27 pc 0000000000aef522  /data/app/~~DOREH9iCXjCwc1cl_naG7Q==/com.vibekey.keyboard-mc51Wb3rYqEyAlqhB5yyWw==/oat/arm64/base.vdex (x7.b.m+1482)
06-18 10:58:15.424 28541 28541 F DEBUG   :       #28 pc 0000000000669324  /apex/com.android.art/lib64/libart.so (nterp_helper+3924) (BuildId: 7087b2f2160bfbf3335d54ba9779e325)
06-18 10:58:15.424 28541 28541 F DEBUG   :       #29 pc 00000000005b748c  /data/app/~~DOREH9iCXjCwc1cl_naG7Q==/com.vibekey.keyboard-mc51Wb3rYqEyAlqhB5yyWw==/oat/arm64/base.vdex (p7.u.run+72)
06-18 10:58:15.424 28541 28541 F DEBUG   :       #30 pc 000000000066a144  /apex/com.android.art/lib64/libart.so (nterp_helper+7540) (BuildId: 7087b2f2160bfbf3335d54ba9779e325)
06-18 10:58:15.424 28541 28541 F DEBUG   :       #31 pc 0000000000aec3ae  /data/app/~~DOREH9iCXjCwc1cl_naG7Q==/com.vibekey.keyboard-mc51Wb3rYqEyAlqhB5yyWw==/oat/arm64/base.vdex (x7.d.handleMessage+18)
06-18 10:58:15.424 28541 28541 F DEBUG   :       #32 pc 000000000205b2d4  /memfd:jit-zygote-cache (deleted)
06-18 10:58:20.147 28592 28592 E OplusCustomizeRestrictionManager: sInstance is null, start a new sInstance
--------- beginning of main
06-18 10:58:35.582 28592 29718 E FilePhenotypeFlags: Config package com.google.android.gms.clearcut_client#com.vibekey.keyboard cannot use FILE backing without declarative registration. See go/phenotype-android-integration#phenotype for more information. This will lead to stale flags.
06-18 10:58:35.599 28592 29718 E FilePhenotypeFlags: Config package com.google.android.gms.clearcut_client#com.vibekey.keyboard cannot use FILE backing without declarative registration. See go/phenotype-android-integration#phenotype for more information. This will lead to stale flags.
06-18 10:58:35.600 28592 29718 E FilePhenotypeFlags: Config package com.google.android.gms.clearcut_client#com.vibekey.keyboard cannot use FILE backing without declarative registration. See go/phenotype-android-integration#phenotype for more information. This will lead to stale flags.
06-18 10:58:35.777 29577 29601 W Isolated Web Content: [JavaScript Warning: "Missing resource in locale pt-BR: netwerk/necko.ftl"]
06-18 10:58:35.777 29577 29601 W Isolated Web Content: [JavaScript Warning: "Missing resource in locale pt-PT: netwerk/necko.ftl"]
06-18 10:58:35.817 29463 29483 W Isolated Web Content: [JavaScript Warning: "The character encoding of a framed document was not declared. The document may appear different if viewed without the document framing it." {file: "https://www.espn.com/login/responder/v4/index.html?clientId=ESPN-ONESITE.WEB&environment=PROD" line: 0}]
06-18 10:58:35.859 28592 28592 W com.vibekey.keyboard: type=1400 audit(0.0:585633): avc: denied { nlmsg_readpriv } for comm=536F636B657420546872656164 scontext=u:r:untrusted_app:s0:c36,c272,c512,c768 tcontext=u:r:untrusted_app:s0:c36,c272,c512,c768 tclass=netlink_route_socket permissive=0 bug=b/155595000 app=com.vibekey.keyboard
06-18 10:58:35.909 28592 28592 W com.vibekey.keyboard: type=1400 audit(0.0:585634): avc: denied { nlmsg_readpriv } for comm=536F636B657420546872656164 scontext=u:r:untrusted_app:s0:c36,c272,c512,c768 tcontext=u:r:untrusted_app:s0:c36,c272,c512,c768 tclass=netlink_route_socket permissive=0 bug=b/155595000 app=com.vibekey.keyboard
06-18 10:58:36.150 29742 29742 E .keyboard:tab3: Unknown bits set in runtime_flags: 0x40000000
06-18 10:58:36.245 29742 29761 E GeckoLibLoad: Load sqlite start
06-18 10:58:36.247 29742 29761 E GeckoLibLoad: Load sqlite done
06-18 10:58:36.247 29742 29761 E GeckoLibLoad: Load nss start
06-18 10:58:36.247 29742 29761 E GeckoLibLoad: Load nss done
06-18 10:58:36.267 29742 29761 E GeckoLibLoad: Loaded libs in 20.096459ms total, 0ms(3ms) user, 11ms(8ms) system, 4(4) faults
06-18 10:58:36.267 29742 29761 W GeckoThread: zerdatime 1471557132 - runGecko
06-18 10:58:36.391 29783 29783 E y.keyboard:tab: Unknown bits set in runtime_flags: 0x40000000
06-18 10:58:36.472 29783 29814 E GeckoLibLoad: Load sqlite start
06-18 10:58:36.475 29783 29814 E GeckoLibLoad: Load sqlite done
06-18 10:58:36.475 29783 29814 E GeckoLibLoad: Load nss start
06-18 10:58:36.475 29783 29814 E GeckoLibLoad: Load nss done
06-18 10:58:36.499 29783 29814 E GeckoLibLoad: Loaded libs in 23.037812ms total, 9ms(8ms) user, 10ms(14ms) system, 0(0) faults
06-18 10:58:36.499 29783 29814 W GeckoThread: zerdatime 1471557364 - runGecko
06-18 10:58:36.520 28592 29214 E GeckoConsole: [JavaScript Error: "TypeError: can't access property "WindowEventDispatcher", win is null" {file: "resource://gre/modules/GeckoViewSessionStore.sys.mjs" line: 149}]
06-18 10:58:36.520 28592 29214 E GeckoConsole: onTabStateUpdate@resource://gre/modules/GeckoViewSessionStore.sys.mjs:149:5
06-18 10:58:36.520 28592 29214 E GeckoConsole: updateSessionStoreFromTabListener@resource://gre/modules/GeckoViewSessionStore.sys.mjs:243:10
06-18 10:58:36.740 28592 28592 W GeckoSession: No history entries found.
06-18 10:58:36.783 29848 29848 E .keyboard:tab3: Unknown bits set in runtime_flags: 0x40000000
06-18 10:58:36.865 29848 29867 E GeckoLibLoad: Load sqlite start
06-18 10:58:36.866 29848 29867 E GeckoLibLoad: Load sqlite done
06-18 10:58:36.866 29848 29867 E GeckoLibLoad: Load nss start
06-18 10:58:36.866 29848 29867 E GeckoLibLoad: Load nss done
06-18 10:58:36.876 29848 29867 E GeckoLibLoad: Loaded libs in 9.626458ms total, 1ms(0ms) user, 5ms(9ms) system, 0(0) faults
06-18 10:58:36.876 29848 29867 W GeckoThread: zerdatime 1471557741 - runGecko
06-18 10:58:37.479 28592 29099 E BLASTBufferQueue: BLASTBufferItemConsumer::onDisconnect()
06-18 10:58:37.552 29901 29901 E y.keyboard:tab: Unknown bits set in runtime_flags: 0x40000000
06-18 10:58:37.658 29901 29919 E GeckoLibLoad: Load sqlite start
06-18 10:58:37.660 29901 29919 E GeckoLibLoad: Load sqlite done
06-18 10:58:37.660 29901 29919 E GeckoLibLoad: Load nss start
06-18 10:58:37.660 29901 29919 E GeckoLibLoad: Load nss done
06-18 10:58:37.677 29901 29919 E GeckoLibLoad: Loaded libs in 17.191771ms total, 12ms(8ms) user, 0ms(3ms) system, 4(4) faults
06-18 10:58:37.678 29901 29919 W GeckoThread: zerdatime 1471558542 - runGecko
06-18 10:58:37.786 29901 29919 W GeckoEditableChild: No editable parent
06-18 10:58:38.381 30028 30028 E .keyboard:tab1: Unknown bits set in runtime_flags: 0x40000000
06-18 10:58:38.463 30028 30044 E GeckoLibLoad: Load sqlite start
06-18 10:58:38.466 30028 30044 E GeckoLibLoad: Load sqlite done
06-18 10:58:38.466 30028 30044 E GeckoLibLoad: Load nss start
06-18 10:58:38.466 30028 30044 E GeckoLibLoad: Load nss done
06-18 10:58:38.491 30028 30044 E GeckoLibLoad: Loaded libs in 24.749635ms total, 8ms(11ms) user, 13ms(10ms) system, 0(0) faults
06-18 10:58:38.491 30028 30044 W GeckoThread: zerdatime 1471559356 - runGecko
06-18 10:58:38.504 30046 30046 E y.keyboard:tab: Unknown bits set in runtime_flags: 0x40000000
06-18 10:58:38.564 30046 30072 E GeckoLibLoad: Load sqlite start
06-18 10:58:38.568 30046 30072 E GeckoLibLoad: Load sqlite done
06-18 10:58:38.569 30046 30072 E GeckoLibLoad: Load nss start
06-18 10:58:38.569 30046 30072 E GeckoLibLoad: Load nss done
06-18 10:58:38.580 30046 30072 E GeckoLibLoad: Loaded libs in 11.697395ms total, 4ms(1ms) user, 8ms(9ms) system, 0(0) faults
06-18 10:58:38.581 30046 30072 W GeckoThread: zerdatime 1471559445 - runGecko
06-18 10:58:39.359 28592 29099 E BLASTBufferQueue: BLASTBufferItemConsumer::onDisconnect()
06-18 10:58:39.363 28592 28592 E GeckoView: Failed to detach WindowInsetsListener: 
06-18 10:58:39.363 28592 28592 E GeckoView: java.lang.NullPointerException: Attempt to invoke virtual method 'android.view.Window android.app.Activity.getWindow()' on a null object reference
06-18 10:58:39.363 28592 28592 E GeckoView: 	at org.mozilla.geckoview.GeckoView.detachWindowInsetsListener(r8-map-id-370c42e5a75931b92950e4d0763e1393fdec10136903dc43080d80186d83bfee:1)
06-18 10:58:39.363 28592 28592 E GeckoView: 	at org.mozilla.geckoview.GeckoView.onDetachedFromWindow(r8-map-id-370c42e5a75931b92950e4d0763e1393fdec10136903dc43080d80186d83bfee:25)
06-18 10:58:39.363 28592 28592 E GeckoView: 	at helium314.keyboard.latin.panels.ImeGeckoView.onDetachedFromWindow(r8-map-id-370c42e5a75931b92950e4d0763e1393fdec10136903dc43080d80186d83bfee:1)
06-18 10:58:39.363 28592 28592 E GeckoView: 	at android.view.View.dispatchDetachedFromWindow(View.java:20955)
06-18 10:58:39.363 28592 28592 E GeckoView: 	at android.view.ViewGroup.dispatchDetachedFromWindow(ViewGroup.java:4014)
06-18 10:58:39.363 28592 28592 E GeckoView: 	at android.view.ViewGroup.removeViewInternal(ViewGroup.java:5660)
06-18 10:58:39.363 28592 28592 E GeckoView: 	at android.view.ViewGroup.removeViewInternal(ViewGroup.java:5631)
06-18 10:58:39.363 28592 28592 E GeckoView: 	at android.view.ViewGroup.removeView(ViewGroup.java:5562)
06-18 10:58:39.363 28592 28592 E GeckoView: 	at a8.t0.run(r8-map-id-370c42e5a75931b92950e4d0763e1393fdec10136903dc43080d80186d83bfee:1198)
06-18 10:58:39.363 28592 28592 E GeckoView: 	at helium314.keyboard.latin.panels.BrowserPanelView.R(r8-map-id-370c42e5a75931b92950e4d0763e1393fdec10136903dc43080d80186d83bfee:142)
06-18 10:58:39.363 28592 28592 E GeckoView: 	at helium314.keyboard.latin.panels.BrowserPanelView.I0(r8-map-id-370c42e5a75931b92950e4d0763e1393fdec10136903dc43080d80186d83bfee:73)
06-18 10:58:39.363 28592 28592 E GeckoView: 	at i7.c0.r(r8-map-id-370c42e5a75931b92950e4d0763e1393fdec10136903dc43080d80186d83bfee:149)
06-18 10:58:39.363 28592 28592 E GeckoView: 	at i7.c0.Q(r8-map-id-370c42e5a75931b92950e4d0763e1393fdec10136903dc43080d80186d83bfee:17)
06-18 10:58:39.363 28592 28592 E GeckoView: 	at a8.h5.a(r8-map-id-370c42e5a75931b92950e4d0763e1393fdec10136903dc43080d80186d83bfee:3)
06-18 10:58:39.363 28592 28592 E GeckoView: 	at a8.f3.onClick(r8-map-id-370c42e5a75931b92950e4d0763e1393fdec10136903dc43080d80186d83bfee:207)
06-18 10:58:39.363 28592 28592 E GeckoView: 	at android.view.View.performClick(View.java:7488)
06-18 10:58:39.363 28592 28592 E GeckoView: 	at android.view.View.performClickInternal(View.java:7464)
06-18 10:58:39.363 28592 28592 E GeckoView: 	at android.view.View.access$3700(View.java:841)
06-18 10:58:39.363 28592 28592 E GeckoView: 	at android.view.View$PerformClick.run(View.java:28911)
06-18 10:58:39.363 28592 28592 E GeckoView: 	at android.os.Handler.handleCallback(Handler.java:938)
06-18 10:58:39.363 28592 28592 E GeckoView: 	at android.os.Handler.dispatchMessage(Handler.java:99)
06-18 10:58:39.363 28592 28592 E GeckoView: 	at android.os.Looper.loopOnce(Looper.java:233)
06-18 10:58:39.363 28592 28592 E GeckoView: 	at android.os.Looper.loop(Looper.java:344)
06-18 10:58:39.363 28592 28592 E GeckoView: 	at android.app.ActivityThread.main(ActivityThread.java:8212)
06-18 10:58:39.363 28592 28592 E GeckoView: 	at java.lang.reflect.Method.invoke(Native Method)
06-18 10:58:39.363 28592 28592 E GeckoView: 	at com.android.internal.os.RuntimeInit$MethodAndArgsCaller.run(RuntimeInit.java:584)
06-18 10:58:39.363 28592 28592 E GeckoView: 	at com.android.internal.os.ZygoteInit.main(ZygoteInit.java:1034)
06-18 10:58:39.686 28592 28592 I VkBrowser: ✓ page host=www.rt.com title=RT - Breaking News, Russia News, World N…
06-18 10:58:40.040 28592 28592 I VkTyping: typing focus — background suppressed (browserActive=false)
06-18 10:58:40.095 28592 29214 E GeckoConsole: [JavaScript Error: "Cross-Origin Request Blocked: The Same Origin Policy disallows reading the remote resource at https://sentry.odysee.tv/api/2/envelope/?sentry_version=7&sentry_key=1f3c88e2e4b341328a638e138a60fb73&sentry_client=sentry.javascript.react%2F10.45.0. (Reason: CORS request did not succeed). Status code: (null)."]
06-18 10:58:40.220 28592 28626 I VkSuggestions: decode typedLen=4 candidates=18 locales=1 13,6ms
06-18 10:58:40.225 28592 28626 I VkSuggestions: strip composing typedLen=4 candidates=19 autocorrect=false top=wjhj locale=pt
06-18 10:58:40.398 28592 28626 I VkSuggestions: decode typedLen=5 candidates=18 locales=1 4,7ms
06-18 10:58:40.402 28592 28626 I VkSuggestions: strip composing typedLen=5 candidates=19 autocorrect=false top=wjhjh locale=pt
06-18 10:58:41.675 30390 30390 E ibekey.keyboar: Unknown bits set in runtime_flags: 0x40000000
06-18 10:58:41.839 30390 30390 W g0      : Could not load system glide typing library jni_latinimegoogle: dlopen failed: library "libjni_latinimegoogle.so" not found
06-18 10:58:42.002 30390 30390 W t       : No editor info for this field. Bug?
06-18 10:58:42.013 30390 30390 I VkMultilingual: reset main=pt-BR locales=[pt,es] count=2
06-18 10:58:42.056 30390 30390 W ibekey.keyboar: ClassLoaderContext classpath size mismatch. expected=1, found=0 (DLC[];PCL[base.apk*116719914]{PCL[/system/framework/org.apache.http.legacy.jar*3034548894]#PCL[/apex/com.android.extservices/javalib/android.ext.adservices.jar*3839736497]#PCL[/system/framework/com.android.location.provider.jar*3633238672]#PCL[/system/framework/com.android.media.remotedisplay.jar*3472798123]#PCL[/apex/com.android.extservices/javalib/android.ext.adservices.jar*3839736497]} | DLC[];PCL[])
06-18 10:58:42.067 30390 30390 W System  : ClassLoader referenced unknown path: 
06-18 10:58:42.074 30390 30390 W ibekey.keyboar: ClassLoaderContext classpath element checksum mismatch. expected=116719914, found=3071680725 (DLC[];PCL[base.apk*116719914]{PCL[/system/framework/org.apache.http.legacy.jar*3034548894]#PCL[/apex/com.android.extservices/javalib/android.ext.adservices.jar*3839736497]#PCL[/system/framework/com.android.location.provider.jar*3633238672]#PCL[/system/framework/com.android.media.remotedisplay.jar*3472798123]#PCL[/apex/com.android.extservices/javalib/android.ext.adservices.jar*3839736497]} | DLC[];PCL[/data/app/~~DOREH9iCXjCwc1cl_naG7Q==/com.vibekey.keyboard-mc51Wb3rYqEyAlqhB5yyWw==/base.apk*3071680725]{PCL[/apex/com.android.extservices/javalib/android.ext.adservices.jar*3839736497]})
06-18 10:58:42.288 30390 30390 E ibekey.keyboar: ofbOpen failed with error=No such file or directory
06-18 10:58:42.288 30390 30390 E ibekey.keyboar: sysOpen failed with error=No such file or directory
06-18 10:58:42.316 30390 30459 W Ads     : Update ad debug logging enablement as false
06-18 10:58:42.380 30390 30390 E MultiApp.Impl: OplusMultiAppImpl
06-18 10:58:42.526 30390 30390 W libc    : Access denied finding property "ro.vendor.api_level"
06-18 10:58:42.530 30390 30390 W chromium: [WARNING:android_webview/browser/network_service/net_helpers.cc:137] HTTP Cache size is: 20971520
06-18 10:58:42.649 30390 30390 I VkSwipe : ○ gesture canceled
06-18 10:58:42.651 30390 30390 E OplusCustomizeRestrictionManager: sInstance is null, start a new sInstance
06-18 10:58:42.653 30390 30560 W libc    : Access denied finding property "vendor.camera.aux.packagelist"
06-18 10:58:42.654 30390 30560 W libc    : Access denied finding property "vendor.camera.aux.packagelist"
06-18 10:58:42.655 30390 30475 W libc    : Access denied finding property "vendor.camera.aux.packagelist"
06-18 10:58:42.675 30390 30390 I VkEffects: reload anim=scale blur=562px glow=true stickers=true
06-18 10:58:42.836 30390 30390 I VkTyping: ▶ open restart=false pkg=com.android.launcher inputType=589825
06-18 10:58:42.993 30390 30535 W cr_media: BLUETOOTH_CONNECT permission is missing.
06-18 10:58:42.996 30390 30535 W cr_media: getBluetoothAdapter() requires BLUETOOTH permission
06-18 10:58:42.996 30390 30535 W cr_media: registerBluetoothIntentsIfNeeded: Requires BLUETOOTH permission
06-18 10:58:43.066 30390 30390 W View    : requestLayout() improperly called by android.widget.LinearLayout{8592175 V.E...... ......ID 0,1868-1440,2818 #7f0a011b app:id/main_keyboard_frame} during layout: running second layout pass
06-18 10:58:43.211 30390 30544 W AudioCapabilities: Unsupported mime audio/ffmpeg
06-18 10:58:43.212 30390 30544 W VideoCapabilities: Unsupported mime video/ffmpeg
06-18 10:58:43.212 30390 30544 W VideoCapabilities: Unrecognized profile/level 0/3 for video/mpeg2
06-18 10:58:43.218 30390 30544 W VideoCapabilities: Unrecognized profile/level 0/3 for video/mpeg2
06-18 10:58:43.278 30390 30473 E BLASTBufferQueue: BLASTBufferItemConsumer::onDisconnect()
06-18 10:58:44.467 30390 30390 I VkTyping: typing focus — background suppressed (browserActive=false)
06-18 10:58:44.491 30390 30390 I VkPanels: ▶ open ai_theme
06-18 10:58:49.737 30390 30390 I VkTyping: typing focus — background suppressed (browserActive=false)
06-18 10:58:49.760 30390 30390 I VkPanels: ▶ open menu
06-18 10:58:51.757 30390 30390 I VkTyping: typing focus — background suppressed (browserActive=false)
06-18 10:58:51.933 30390 30390 I VkTyping: ○ hidden
06-18 10:58:52.106 30390 30390 W Settings: Setting transition_animation_scale has moved from android.provider.Settings.System to android.provider.Settings.Global, returning read-only value.
06-18 10:58:52.411 30390 31192 E ibekey.keyboar: Attempt to load writable dex file: /data/user/0/com.vibekey.keyboard/app_pccache/5/578BE08874FCCF1D5E008D1EAAD1410DCE35AB9C/pcam.jar
06-18 10:58:52.429 30390 30390 W AdWorker(Defaul: type=1400 audit(0.0:585700): avc: granted { execute } for path="/data/data/com.vibekey.keyboard/app_pccache/5/578BE08874FCCF1D5E008D1EAAD1410DCE35AB9C/pcam.jar" dev="dm-2" ino=12066173 scontext=u:r:untrusted_app:s0:c36,c272,c512,c768 tcontext=u:object_r:app_data_file:s0:c36,c272,c512,c768 tclass=file app=com.vibekey.keyboard
06-18 10:58:52.439 30390 31209 W Ads     : Invoke Firebase method getInstance error.
06-18 10:58:52.439 30390 31209 W Ads     : The Google Mobile Ads SDK will not integrate with Firebase. Admob/Firebase integration requires the latest Firebase SDK jar, but Firebase SDK is either missing or out of date
06-18 10:58:52.441 30390 31190 W ServiceBindIntentUtils: Dynamic lookup for intent failed for action: com.google.android.gms.ads.service.CACHE
06-18 10:58:52.473 30390 31217 W ServiceBindIntentUtils: Dynamic lookup for intent failed for action: com.google.android.gms.ads.service.START
06-18 10:58:52.484 30390 31188 W Ads     : Not retrying to fetch app settings
06-18 10:58:52.538 30390 31208 W Ads     : Not retrying to fetch app settings
06-18 10:58:52.563 30390 31202 W PhFlagUpdateRegistry: Failed to register flag update listener which may lead to stale flags.
06-18 10:58:52.563 30390 31202 W PhFlagUpdateRegistry: java.util.concurrent.ExecutionException: java.lang.SecurityException: GoogleCertificatesRslt: not allowed: pkg=com.vibekey.keyboard, sha256=[9ef526c2409672781da35feea2127c906f4b1b27637db806009c1f495cd9f9c1], atk=false, ver=262031029.true (go/gsrlt)
06-18 10:58:52.563 30390 31202 W PhFlagUpdateRegistry: 	at m84.dtz.k(:com.google.android.gms.policy_ads_fdr_dynamite@260480608@260480602017.868869642.868869642:21)
06-18 10:58:52.563 30390 31202 W PhFlagUpdateRegistry: 	at m84.dui.s(:com.google.android.gms.policy_ads_fdr_dynamite@260480608@260480602017.868869642.868869642:23)
