=== VibeKey 4.5.16 (4516) ===

--------- beginning of crash
06-23 21:34:44.281  3512  4477 F libc    : Fatal signal 11 (SIGSEGV), code 1 (SEGV_MAPERR), fault addr 0x0 in tid 4477 (launcher), pid 3512 (AndroidUI)
06-23 21:34:46.023 13364 13364 F DEBUG   : Process name is com.vibekey.keyboard, not key_process
06-23 21:34:46.023 13364 13364 F DEBUG   : keyProcess: 0
06-23 21:34:46.023 13364 13364 F DEBUG   : *** *** *** *** *** *** *** *** *** *** *** *** *** *** *** ***
06-23 21:34:46.023 13364 13364 F DEBUG   : Build fingerprint: 'OnePlus/OnePlus7Pro/OnePlus7Pro:12/SKQ1.211113.001/P.202303230244:user/release-keys'
06-23 21:34:46.023 13364 13364 F DEBUG   : Revision: '0'
06-23 21:34:46.023 13364 13364 F DEBUG   : ABI: 'arm64'
06-23 21:34:46.023 13364 13364 F DEBUG   : Timestamp: 2026-06-23 21:34:44.653402277-0400
06-23 21:34:46.023 13364 13364 F DEBUG   : Process uptime: 0s
06-23 21:34:46.023 13364 13364 F DEBUG   : Cmdline: com.vibekey.keyboard
06-23 21:34:46.023 13364 13364 F DEBUG   : pid: 3512, tid: 4477, name: launcher  >>> com.vibekey.keyboard <<<
06-23 21:34:46.023 13364 13364 F DEBUG   : uid: 14157
06-23 21:34:46.023 13364 13364 F DEBUG   : signal 11 (SIGSEGV), code 1 (SEGV_MAPERR), fault addr 0x0
06-23 21:34:46.023 13364 13364 F DEBUG   : Cause: null pointer dereference
06-23 21:34:46.023 13364 13364 F DEBUG   :     x0  0000000000000000  x1  000000000000117d  x2  000000000000000b  x3  0000007c085b3da0
06-23 21:34:46.023 13364 13364 F DEBUG   :     x4  0000007c082b6400  x5  0000007c082b6400  x6  0000007c082b6400  x7  0000000000000000
06-23 21:34:46.023 13364 13364 F DEBUG   :     x8  00000000000000f0  x9  152c0acfb0999b33  x10 0000007c3252768c  x11 0000000000000000
06-23 21:34:46.023 13364 13364 F DEBUG   :     x12 00000000ffffffff  x13 0000000000000000  x14 0000007c19600008  x15 0000000006746788
06-23 21:34:46.023 13364 13364 F DEBUG   :     x16 0000007b20ca23a8  x17 0000007c270b7f10  x18 00000078605fc000  x19 000000000000000b
06-23 21:34:46.023 13364 13364 F DEBUG   :     x20 0000007c085b3da0  x21 0000000000000db8  x22 0000007c085b3b90  x23 0000000000000001
06-23 21:34:46.023 13364 13364 F DEBUG   :     x24 0000007874263610  x25 0000007b5e562f80  x26 0000007c082b7698  x27 0000007c082b6408
06-23 21:34:46.023 13364 13364 F DEBUG   :     x28 0000000000000400  x29 0000007c085b3bb0
06-23 21:34:46.023 13364 13364 F DEBUG   :     lr  0000007b1aeafbc8  sp  0000007c085b3b90  pc  0000007c270b7f34  pst 0000000000000000
06-23 21:34:46.023 13364 13364 F DEBUG   : backtrace:
06-23 21:34:46.023 13364 13364 F DEBUG   :       #00 pc 0000000000075f34  /apex/com.android.runtime/lib64/bionic/libc.so (syscall+36) (BuildId: bbbdeb7c87c74f1491f92c6e605095b0)
06-23 21:34:46.023 13364 13364 F DEBUG   :       #01 pc 00000000040a9bc4  /data/app/~~-XGWjzmdoRrM1YaZYK883A==/com.google.android.webview-HvpxCmuUIjPsZ4yTEw8s4w==/base.apk!libwebviewchromium.so (BuildId: f447b77da2d76e8d4d133b66c727c3ae532b54bf)
06-23 21:34:46.023 13364 13364 F DEBUG   :       #02 pc 00000000040a03c4  /data/app/~~-XGWjzmdoRrM1YaZYK883A==/com.google.android.webview-HvpxCmuUIjPsZ4yTEw8s4w==/base.apk!libwebviewchromium.so (BuildId: f447b77da2d76e8d4d133b66c727c3ae532b54bf)
06-23 21:34:46.024 13364 13364 F DEBUG   :       #03 pc 000000000729d1dc  /data/app/~~t6zw1zF4zSZbT-Hnz1lyyA==/com.vibekey.keyboard-534rCtlKjIjuCaVsmXRXsQ==/lib/arm64/libxul.so (BuildId: 4a35ccb91ce54a7d8afe95f435ee2ee2cc640e58)
06-23 21:34:46.024 13364 13364 F DEBUG   :       #04 pc 0000000007721500  /data/app/~~t6zw1zF4zSZbT-Hnz1lyyA==/com.vibekey.keyboard-534rCtlKjIjuCaVsmXRXsQ==/lib/arm64/libxul.so (BuildId: 4a35ccb91ce54a7d8afe95f435ee2ee2cc640e58)
06-23 21:34:46.024 13364 13364 F DEBUG   :       #05 pc 00000000000070a0  /apex/com.android.art/lib64/libsigchain.so (art::SignalChain::Handler(int, siginfo*, void*)+1152) (BuildId: b6eee6262e0caa13108e99cc46dd5b5d)
06-23 21:34:46.024 13364 13364 F DEBUG   :       #06 pc 0000000000000638  [vdso] (__kernel_rt_sigreturn+0)
06-23 21:34:46.024 13364 13364 F DEBUG   :       #07 pc 00000000044f860c  /data/app/~~t6zw1zF4zSZbT-Hnz1lyyA==/com.vibekey.keyboard-534rCtlKjIjuCaVsmXRXsQ==/lib/arm64/libxul.so (BuildId: 4a35ccb91ce54a7d8afe95f435ee2ee2cc640e58)
06-23 21:34:46.024 13364 13364 F DEBUG   :       #08 pc 00000000038cb360  /data/app/~~t6zw1zF4zSZbT-Hnz1lyyA==/com.vibekey.keyboard-534rCtlKjIjuCaVsmXRXsQ==/lib/arm64/libxul.so (BuildId: 4a35ccb91ce54a7d8afe95f435ee2ee2cc640e58)
06-23 21:34:46.024 13364 13364 F DEBUG   :       #09 pc 000000000394a4ac  /data/app/~~t6zw1zF4zSZbT-Hnz1lyyA==/com.vibekey.keyboard-534rCtlKjIjuCaVsmXRXsQ==/lib/arm64/libxul.so (BuildId: 4a35ccb91ce54a7d8afe95f435ee2ee2cc640e58)
06-23 21:34:46.024 13364 13364 F DEBUG   :       #10 pc 0000000003946cfc  /data/app/~~t6zw1zF4zSZbT-Hnz1lyyA==/com.vibekey.keyboard-534rCtlKjIjuCaVsmXRXsQ==/lib/arm64/libxul.so (BuildId: 4a35ccb91ce54a7d8afe95f435ee2ee2cc640e58)
06-23 21:34:46.024 13364 13364 F DEBUG   :       #11 pc 0000000002f16118  /data/app/~~t6zw1zF4zSZbT-Hnz1lyyA==/com.vibekey.keyboard-534rCtlKjIjuCaVsmXRXsQ==/lib/arm64/libxul.so (BuildId: 4a35ccb91ce54a7d8afe95f435ee2ee2cc640e58)
06-23 21:34:46.024 13364 13364 F DEBUG   :       #12 pc 0000000002f1ef68  /data/app/~~t6zw1zF4zSZbT-Hnz1lyyA==/com.vibekey.keyboard-534rCtlKjIjuCaVsmXRXsQ==/lib/arm64/libxul.so (BuildId: 4a35ccb91ce54a7d8afe95f435ee2ee2cc640e58)
06-23 21:34:46.024 13364 13364 F DEBUG   :       #13 pc 0000000002f1e3e8  /data/app/~~t6zw1zF4zSZbT-Hnz1lyyA==/com.vibekey.keyboard-534rCtlKjIjuCaVsmXRXsQ==/lib/arm64/libxul.so (BuildId: 4a35ccb91ce54a7d8afe95f435ee2ee2cc640e58)
06-23 21:34:46.024 13364 13364 F DEBUG   :       #14 pc 00000000041b0ae4  /data/app/~~t6zw1zF4zSZbT-Hnz1lyyA==/com.vibekey.keyboard-534rCtlKjIjuCaVsmXRXsQ==/lib/arm64/libxul.so (BuildId: 4a35ccb91ce54a7d8afe95f435ee2ee2cc640e58)
06-23 21:34:46.024 13364 13364 F DEBUG   :       #15 pc 00000000041b0668  /data/app/~~t6zw1zF4zSZbT-Hnz1lyyA==/com.vibekey.keyboard-534rCtlKjIjuCaVsmXRXsQ==/lib/arm64/libxul.so (BuildId: 4a35ccb91ce54a7d8afe95f435ee2ee2cc640e58)
06-23 21:34:46.024 13364 13364 F DEBUG   :       #16 pc 00000000001dae5c  /data/app/~~t6zw1zF4zSZbT-Hnz1lyyA==/com.vibekey.keyboard-534rCtlKjIjuCaVsmXRXsQ==/lib/arm64/libnss3.so (BuildId: b089d343de37b8a21215387a791de798513aaf64)
06-23 21:34:46.024 13364 13364 F DEBUG   :       #17 pc 000000000009e0bc  /data/app/~~t6zw1zF4zSZbT-Hnz1lyyA==/com.vibekey.keyboard-534rCtlKjIjuCaVsmXRXsQ==/lib/arm64/libmozglue.so (BuildId: 8d82c5d136d7c01bbfb799da8ac843daefd5a4ec)
06-23 21:34:46.024 13364 13364 F DEBUG   :       #18 pc 00000000000deb44  /apex/com.android.runtime/lib64/bionic/libc.so (__pthread_start(void*)+264) (BuildId: bbbdeb7c87c74f1491f92c6e605095b0)
06-23 21:34:46.024 13364 13364 F DEBUG   :       #19 pc 000000000007b2fc  /apex/com.android.runtime/lib64/bionic/libc.so (__start_thread+68) (BuildId: bbbdeb7c87c74f1491f92c6e605095b0)
--------- beginning of system
06-23 21:45:55.784 14886 15022 E ActivityThread: Failed to find provider info for com.oplus.statistics.provider
06-23 21:45:55.784 14886 15022 E OplusStatistics--: IllegalArgumentException:java.lang.IllegalArgumentException: Unknown URL content://com.oplus.statistics.provider/track_event
06-23 21:48:12.807 14886 15022 E ActivityThread: Failed to find provider info for com.oplus.statistics.provider
06-23 21:48:12.808 14886 15022 E OplusStatistics--: IllegalArgumentException:java.lang.IllegalArgumentException: Unknown URL content://com.oplus.statistics.provider/track_event
06-23 21:49:20.046 14886 15022 E ActivityThread: Failed to find provider info for com.oplus.statistics.provider
06-23 21:49:20.046 14886 15022 E OplusStatistics--: IllegalArgumentException:java.lang.IllegalArgumentException: Unknown URL content://com.oplus.statistics.provider/track_event
06-23 21:49:32.989 14886 15022 E ActivityThread: Failed to find provider info for com.oplus.statistics.provider
06-23 21:49:32.990 14886 15022 E OplusStatistics--: IllegalArgumentException:java.lang.IllegalArgumentException: Unknown URL content://com.oplus.statistics.provider/track_event
06-23 21:50:07.254 14886 15022 E ActivityThread: Failed to find provider info for com.oplus.statistics.provider
06-23 21:50:07.254 14886 15022 E OplusStatistics--: IllegalArgumentException:java.lang.IllegalArgumentException: Unknown URL content://com.oplus.statistics.provider/track_event
06-23 21:50:56.997 14886 15022 E ActivityThread: Failed to find provider info for com.oplus.statistics.provider
06-23 21:50:56.997 14886 15022 E OplusStatistics--: IllegalArgumentException:java.lang.IllegalArgumentException: Unknown URL content://com.oplus.statistics.provider/track_event
--------- beginning of main
06-23 21:51:51.919 14886 14886 I OnDeviceAssist: ▶ tap task=tone_direct in=30 chars
06-23 21:51:51.921 14886 15044 I OnDeviceAssist: ▶ assist_ipc task=tone_direct in=30 chars
06-23 21:51:51.932 14886 14886 I VkSwipe : ○ gesture canceled
06-23 21:51:51.933 14857 14880 I OnDeviceAssist: dispatch task=tone_direct in=30 chars engine=Ready
06-23 21:51:51.933 14857 14880 I OnDeviceAssist: ▶ runSync task=tone_direct in=30 chars locale=pt
06-23 21:51:51.934 14857 14880 I OnDeviceAssist: → llm task=tone_direct model=qwen2.5-0.5b-instruct-q4_0.gguf temp=0.45 maxTok=64
06-23 21:51:52.719 14857 14880 I OnDeviceAssist: ✓ llm task=tone_direct 785ms out=27 chars
06-23 21:51:52.719 14857 14880 I OnDeviceAssist: done task=tone_direct 785ms out=27 chars
06-23 21:51:52.719 14886 22331 I OnDeviceAssist: ✓ assist (ime) task=tone_direct 799ms in=30 out=27
06-23 21:51:52.721 14886 14886 I VkSwipe : ○ gesture canceled
06-23 21:51:53.706 14886 15245 E GeckoConsole: [JavaScript Error: "TypeError: can't access property "WindowEventDispatcher", win is null" {file: "resource://gre/modules/GeckoViewSessionStore.sys.mjs" line: 149}]
06-23 21:51:53.706 14886 15245 E GeckoConsole: onTabStateUpdate@resource://gre/modules/GeckoViewSessionStore.sys.mjs:149:5
06-23 21:51:53.706 14886 15245 E GeckoConsole: updateSessionStoreFromTabListener@resource://gre/modules/GeckoViewSessionStore.sys.mjs:243:10
06-23 21:51:53.716 14886 14886 I VkTyping: ▶ suggest+swipe resumed
06-23 21:51:54.620 14886 14886 I VkPanels: ▶ open menu
06-23 21:51:55.097 14886 14886 I VkSwipe : ○ gesture canceled
06-23 21:51:55.098 14886 14886 I VkTyping: ○ suggest+swipe suspended (panel/assist/download)
06-23 21:51:57.586 14886 14886 I VkSwipe : ○ gesture canceled
06-23 21:51:57.586 14886 14886 I VkPanels: ▶ open menu
06-23 21:51:57.586 14886 14886 I VkSwipe : ○ gesture canceled
06-23 21:51:57.930 14886 14886 I VkSwipe : ○ gesture canceled
06-23 21:51:58.896 14886 14886 I VkSwipe : ○ gesture canceled
06-23 21:51:58.896 14886 14886 I VkPanels: ▶ open editor
06-23 21:51:58.896 14886 14886 I VkSwipe : ○ gesture canceled
06-23 21:51:59.481 14886 14886 I VkTyping: ▶ suggest+swipe resumed
06-23 21:52:00.050 14886 14886 I VkPanels: ▶ open browser
06-23 21:52:00.051 14886 14886 I VkSwipe : ○ gesture canceled
06-23 21:52:00.051 14886 14886 I VkTyping: ○ suggest+swipe suspended (panel/assist/download)
06-23 21:52:00.058 14886 14886 I VkBrowser: ▶ panel open incognito=false tabs=4 queryLen=0
06-23 21:52:00.060 14886 14886 E GeckoView: Failed to attach WindowInsetsListener: 
06-23 21:52:00.060 14886 14886 E GeckoView: java.lang.NullPointerException: Attempt to invoke virtual method 'android.view.Window android.app.Activity.getWindow()' on a null object reference
06-23 21:52:00.060 14886 14886 E GeckoView: 	at org.mozilla.geckoview.GeckoView.attachWindowInsetsListener(r8-map-id-323970fb61d528c51fb4a090d59be39be86461a809211f6e39d6f55815319c71:1)
06-23 21:52:00.060 14886 14886 E GeckoView: 	at org.mozilla.geckoview.GeckoView.onAttachedToWindow(r8-map-id-323970fb61d528c51fb4a090d59be39be86461a809211f6e39d6f55815319c71:49)
06-23 21:52:00.060 14886 14886 E GeckoView: 	at helium314.keyboard.latin.panels.ImeGeckoView.onAttachedToWindow(r8-map-id-323970fb61d528c51fb4a090d59be39be86461a809211f6e39d6f55815319c71:4)
06-23 21:52:00.060 14886 14886 E GeckoView: 	at android.view.View.dispatchAttachedToWindow(View.java:20900)
06-23 21:52:00.060 14886 14886 E GeckoView: 	at android.view.ViewGroup.dispatchAttachedToWindow(ViewGroup.java:3539)
06-23 21:52:00.060 14886 14886 E GeckoView: 	at android.view.ViewGroup.addViewInner(ViewGroup.java:5378)
06-23 21:52:00.060 14886 14886 E GeckoView: 	at android.view.ViewGroup.addView(ViewGroup.java:5156)
06-23 21:52:00.060 14886 14886 E GeckoView: 	at a8.v2.b(r8-map-id-323970fb61d528c51fb4a090d59be39be86461a809211f6e39d6f55815319c71:57)
06-23 21:52:00.060 14886 14886 E GeckoView: 	at helium314.keyboard.latin.panels.BrowserPanelView.a0(r8-map-id-323970fb61d528c51fb4a090d59be39be86461a809211f6e39d6f55815319c71:95)
06-23 21:52:00.060 14886 14886 E GeckoView: 	at helium314.keyboard.latin.panels.BrowserPanelView.Z(r8-map-id-323970fb61d528c51fb4a090d59be39be86461a809211f6e39d6f55815319c71:10)
06-23 21:52:00.060 14886 14886 E GeckoView: 	at helium314.keyboard.latin.panels.BrowserPanelView.I0(r8-map-id-323970fb61d528c51fb4a090d59be39be86461a809211f6e39d6f55815319c71:225)
06-23 21:52:00.060 14886 14886 E GeckoView: 	at c5.s.run(r8-map-id-323970fb61d528c51fb4a090d59be39be86461a809211f6e39d6f55815319c71:622)
06-23 21:52:00.060 14886 14886 E GeckoView: 	at i7.z.onGlobalLayout(r8-map-id-323970fb61d528c51fb4a090d59be39be86461a809211f6e39d6f55815319c71:8)
06-23 21:52:00.060 14886 14886 E GeckoView: 	at android.view.ViewTreeObserver.dispatchOnGlobalLayout(ViewTreeObserver.java:1061)
06-23 21:52:00.060 14886 14886 E GeckoView: 	at android.view.ViewRootImpl.performTraversals(ViewRootImpl.java:3407)
06-23 21:52:00.060 14886 14886 E GeckoView: 	at android.view.ViewRootImpl.doTraversal(ViewRootImpl.java:2305)
06-23 21:52:00.060 14886 14886 E GeckoView: 	at android.view.ViewRootImpl$TraversalRunnable.run(ViewRootImpl.java:9133)
06-23 21:52:00.060 14886 14886 E GeckoView: 	at android.view.Choreographer$CallbackRecord.run(Choreographer.java:1232)
06-23 21:52:00.060 14886 14886 E GeckoView: 	at android.view.Choreographer.doCallbacks(Choreographer.java:1029)
06-23 21:52:00.060 14886 14886 E GeckoView: 	at android.view.Choreographer.doFrame(Choreographer.java:934)
06-23 21:52:00.060 14886 14886 E GeckoView: 	at android.view.Choreographer$FrameDisplayEventReceiver.run(Choreographer.java:1217)
06-23 21:52:00.060 14886 14886 E GeckoView: 	at android.os.Handler.handleCallback(Handler.java:938)
06-23 21:52:00.060 14886 14886 E GeckoView: 	at android.os.Handler.dispatchMessage(Handler.java:99)
06-23 21:52:00.060 14886 14886 E GeckoView: 	at android.os.Looper.loopOnce(Looper.java:233)
06-23 21:52:00.060 14886 14886 E GeckoView: 	at android.os.Looper.loop(Looper.java:344)
06-23 21:52:00.060 14886 14886 E GeckoView: 	at android.app.ActivityThread.main(ActivityThread.java:8212)
06-23 21:52:00.060 14886 14886 E GeckoView: 	at java.lang.reflect.Method.invoke(Native Method)
06-23 21:52:00.060 14886 14886 E GeckoView: 	at com.android.internal.os.RuntimeInit$MethodAndArgsCaller.run(RuntimeInit.java:584)
06-23 21:52:00.060 14886 14886 E GeckoView: 	at com.android.internal.os.ZygoteInit.main(ZygoteInit.java:1034)
06-23 21:52:00.061 14886 14886 I VkSwipe : ○ gesture canceled
06-23 21:52:00.061 14886 14886 I VkSwipe : ○ gesture canceled
06-23 21:52:00.355 14886 14886 W com.vibekey.keyboard: type=1400 audit(0.0:10121): avc: denied { nlmsg_readpriv } for comm=536F636B657420546872656164 scontext=u:r:untrusted_app:s0:c61,c272,c512,c768 tcontext=u:r:untrusted_app:s0:c61,c272,c512,c768 tclass=netlink_route_socket permissive=0 bug=b/155595000 app=com.vibekey.keyboard
06-23 21:52:00.635 14886 14886 W com.vibekey.keyboard: type=1400 audit(0.0:10122): avc: denied { nlmsg_readpriv } for comm=536F636B657420546872656164 scontext=u:r:untrusted_app:s0:c61,c272,c512,c768 tcontext=u:r:untrusted_app:s0:c61,c272,c512,c768 tclass=netlink_route_socket permissive=0 bug=b/155595000 app=com.vibekey.keyboard
06-23 21:52:00.723 27886 27908 W Isolated Web Content: [JavaScript Warning: "Missing resource in locale pt-BR: netwerk/necko.ftl"]
06-23 21:52:00.724 27886 27908 W Isolated Web Content: [JavaScript Warning: "Missing resource in locale pt-PT: netwerk/necko.ftl"]
06-23 21:52:01.045 29744 29744 E .keyboard:tab3: Unknown bits set in runtime_flags: 0x40000000
06-23 21:52:01.084 29761 29761 E .keyboard:tab1: Unknown bits set in runtime_flags: 0x40000000
06-23 21:52:01.110 29778 29778 E .keyboard:tab2: Unknown bits set in runtime_flags: 0x40000000
06-23 21:52:01.116 27525 27546 W Isolated Web Content: [JavaScript Warning: "InstallTrigger is deprecated and will be removed in the future." {file: "https://static.foxnews.com/static/isa/app/lib/omtr_code.js" line: 2}]
06-23 21:52:01.225 29809 29809 E .keyboard:tab1: Unknown bits set in runtime_flags: 0x40000000
06-23 21:52:01.233 29761 29808 E GeckoLibLoad: Load sqlite start
06-23 21:52:01.237 29761 29808 E GeckoLibLoad: Load sqlite done
06-23 21:52:01.237 29761 29808 E GeckoLibLoad: Load nss start
06-23 21:52:01.237 29761 29808 E GeckoLibLoad: Load nss done
06-23 21:52:01.243 29778 29816 E GeckoLibLoad: Load sqlite start
06-23 21:52:01.244 29778 29816 E GeckoLibLoad: Load sqlite done
06-23 21:52:01.244 29778 29816 E GeckoLibLoad: Load nss start
06-23 21:52:01.244 29778 29816 E GeckoLibLoad: Load nss done
06-23 21:52:01.248 29744 29794 E GeckoLibLoad: Load sqlite start
06-23 21:52:01.249 29744 29794 E GeckoLibLoad: Load sqlite done
06-23 21:52:01.249 29744 29794 E GeckoLibLoad: Load nss start
06-23 21:52:01.249 29744 29794 E GeckoLibLoad: Load nss done
06-23 21:52:01.289 29778 29816 E GeckoLibLoad: Loaded libs in 45.323386ms total, 0ms(0ms) user, 10ms(10ms) system, 3(3) faults
06-23 21:52:01.290 29778 29816 W GeckoThread: zerdatime 18099702 - runGecko
06-23 21:52:01.290 29761 29808 E GeckoLibLoad: Loaded libs in 52.756927ms total, 11ms(3ms) user, 0ms(8ms) system, 5(5) faults
06-23 21:52:01.290 29761 29808 W GeckoThread: zerdatime 18099703 - runGecko
06-23 21:52:01.291 29744 29794 E GeckoLibLoad: Loaded libs in 42.028542ms total, 1ms(0ms) user, 8ms(10ms) system, 0(0) faults
06-23 21:52:01.291 29744 29794 W GeckoThread: zerdatime 18099704 - runGecko
06-23 21:52:01.311 29809 29844 E GeckoLibLoad: Load sqlite start
06-23 21:52:01.312 29809 29844 E GeckoLibLoad: Load sqlite done
06-23 21:52:01.312 29809 29844 E GeckoLibLoad: Load nss start
06-23 21:52:01.312 29809 29844 E GeckoLibLoad: Load nss done
06-23 21:52:01.328 29809 29844 E GeckoLibLoad: Loaded libs in 15.212812ms total, 7ms(12ms) user, 0ms(1ms) system, 0(0) faults
06-23 21:52:01.328 29809 29844 W GeckoThread: zerdatime 18099741 - runGecko
06-23 21:52:01.482 29911 29911 E .keyboard:tab2: Unknown bits set in runtime_flags: 0x40000000
06-23 21:52:01.562 29911 29933 E GeckoLibLoad: Load sqlite start
06-23 21:52:01.563 29911 29933 E GeckoLibLoad: Load sqlite done
06-23 21:52:01.563 29911 29933 E GeckoLibLoad: Load nss start
06-23 21:52:01.563 29911 29933 E GeckoLibLoad: Load nss done
06-23 21:52:01.583 29911 29933 E GeckoLibLoad: Loaded libs in 19.521979ms total, 3ms(7ms) user, 9ms(5ms) system, 0(0) faults
06-23 21:52:01.584 29911 29933 W GeckoThread: zerdatime 18099996 - runGecko
06-23 21:52:01.898 29999 29999 E .keyboard:tab1: Unknown bits set in runtime_flags: 0x40000000
06-23 21:52:01.988 29999 30020 E GeckoLibLoad: Load sqlite start
06-23 21:52:01.989 29999 30020 E GeckoLibLoad: Load sqlite done
06-23 21:52:01.989 29999 30020 E GeckoLibLoad: Load nss start
06-23 21:52:01.989 29999 30020 E GeckoLibLoad: Load nss done
06-23 21:52:02.022 29999 30020 E GeckoLibLoad: Loaded libs in 32.643750ms total, 15ms(12ms) user, 0ms(3ms) system, 0(0) faults
06-23 21:52:02.022 29999 30020 W GeckoThread: zerdatime 18100435 - runGecko
06-23 21:52:02.459 30065 30065 E .keyboard:tab2: Unknown bits set in runtime_flags: 0x40000000
06-23 21:52:02.518 30065 30088 E GeckoLibLoad: Load sqlite start
06-23 21:52:02.519 30065 30088 E GeckoLibLoad: Load sqlite done
06-23 21:52:02.520 30065 30088 E GeckoLibLoad: Load nss start
06-23 21:52:02.520 30065 30088 E GeckoLibLoad: Load nss done
06-23 21:52:02.530 30065 30088 E GeckoLibLoad: Loaded libs in 10.417969ms total, 0ms(0ms) user, 8ms(8ms) system, 0(0) faults
06-23 21:52:02.530 30065 30088 W GeckoThread: zerdatime 18100943 - runGecko
06-23 21:52:02.776 30139 30139 E .keyboard:tab3: Unknown bits set in runtime_flags: 0x40000000
06-23 21:52:02.865 30139 30156 E GeckoLibLoad: Load sqlite start
06-23 21:52:02.867 30139 30156 E GeckoLibLoad: Load sqlite done
06-23 21:52:02.867 30139 30156 E GeckoLibLoad: Load nss start
06-23 21:52:02.867 30139 30156 E GeckoLibLoad: Load nss done
06-23 21:52:02.884 30139 30156 E GeckoLibLoad: Loaded libs in 16.486198ms total, 0ms(0ms) user, 14ms(16ms) system, 0(0) faults
06-23 21:52:02.884 30139 30156 W GeckoThread: zerdatime 18101297 - runGecko
06-23 21:52:03.038 25756 27524 W libc    : Access denied finding property "vendor.oplus.media.vpp.stutter"
06-23 21:52:03.068 25756 30204 W Codec2Client: query -- param skipped: index = 1107298332.
06-23 21:52:03.084 25756 30204 W Codec2Client: query -- param skipped: index = 1342179345.
06-23 21:52:03.084 25756 30204 W Codec2Client: query -- param skipped: index = 2415921170.
06-23 21:52:03.084 25756 30204 W Codec2Client: query -- param skipped: index = 1610614798.
06-23 21:52:03.100 25756 30204 E ion     : ioctl c0044901 failed with code -1: Inappropriate ioctl for device
06-23 21:52:03.120 25756 27524 W libc    : Access denied finding property "vendor.oplus.media.vpp.stutter"
06-23 21:52:03.121 25756 27524 E MULTIMEDIAConfig: [getInt32:L80] Not find config, Returning default
06-23 21:52:03.121 25756 27524 E MULTIMEDIAConfig: [getInt32:L80] Not find config, Returning default
06-23 21:52:03.121 25756 27524 E OplusACodec: [OplusACodec:204] mSrOsieMMListCheckResult:0x0 mOsieVersion:1
06-23 21:52:03.208 25756 30210 E OplusACodec: [GetVideoCodingTypeFromMime:L1162] mime:video/avc
06-23 21:52:03.258 25756 25773 W libc    : Access denied finding property "vendor.oplus.media.vpp.stutter"
06-23 21:52:03.265 30220 30220 E .keyboard:tab3: Unknown bits set in runtime_flags: 0x40000000
06-23 21:52:03.280 25756 30227 W Codec2Client: query -- param skipped: index = 1107298332.
06-23 21:52:03.285 25756 30227 W Codec2Client: query -- param skipped: index = 1342179345.
06-23 21:52:03.285 25756 30227 W Codec2Client: query -- param skipped: index = 2415921170.
06-23 21:52:03.285 25756 30227 W Codec2Client: query -- param skipped: index = 1610614798.
06-23 21:52:03.293 25756 25773 W libc    : Access denied finding property "vendor.oplus.media.vpp.stutter"
06-23 21:52:03.293 25756 25773 E MULTIMEDIAConfig: [getInt32:L80] Not find config, Returning default
06-23 21:52:03.293 25756 25773 E MULTIMEDIAConfig: [getInt32:L80] Not find config, Returning default
06-23 21:52:03.293 25756 25773 E OplusACodec: [OplusACodec:204] mSrOsieMMListCheckResult:0x0 mOsieVersion:1
06-23 21:52:03.328 25756 30227 W Codec2Client: query -- param skipped: index = 1342179345.
06-23 21:52:03.328 25756 30227 W Codec2Client: query -- param skipped: index = 2415921170.
06-23 21:52:03.328 25756 30227 W Codec2Client: query -- param skipped: index = 1610614798.
06-23 21:52:03.351 25756 30244 E OplusACodec: [GetVideoCodingTypeFromMime:L1162] mime:video/avc
06-23 21:52:03.375 30220 30266 E GeckoLibLoad: Load sqlite start
06-23 21:52:03.377 30220 30266 E GeckoLibLoad: Load sqlite done
06-23 21:52:03.377 30220 30266 E GeckoLibLoad: Load nss start
06-23 21:52:03.377 30220 30266 E GeckoLibLoad: Load nss done
06-23 21:52:03.402 30220 30266 E GeckoLibLoad: Loaded libs in 24.223334ms total, 4ms(5ms) user, 4ms(4ms) system, 0(0) faults
06-23 21:52:03.402 30220 30266 W GeckoThread: zerdatime 18101815 - runGecko
06-23 21:52:03.414 30269 30269 E .keyboard:tab3: Unknown bits set in runtime_flags: 0x40000000
06-23 21:52:03.520 30269 30322 E GeckoLibLoad: Load sqlite start
06-23 21:52:03.521 30269 30322 E GeckoLibLoad: Load sqlite done
06-23 21:52:03.521 30269 30322 E GeckoLibLoad: Load nss start
06-23 21:52:03.521 30269 30322 E GeckoLibLoad: Load nss done
06-23 21:52:03.533 30269 30322 E GeckoLibLoad: Loaded libs in 11.071302ms total, 0ms(0ms) user, 9ms(9ms) system, 0(0) faults
06-23 21:52:03.533 30269 30322 W GeckoThread: zerdatime 18101946 - runGecko
06-23 21:52:03.603 25756 30204 W Codec2Client: query -- param skipped: index = 1342179345.
06-23 21:52:03.603 25756 30204 W Codec2Client: query -- param skipped: index = 2415921170.
06-23 21:52:03.603 25756 30204 W Codec2Client: query -- param skipped: index = 1610614798.
06-23 21:52:03.834 25756 30227 W Codec2Client: query -- param skipped: index = 1342179345.
06-23 21:52:03.834 25756 30227 W Codec2Client: query -- param skipped: index = 2415921170.
06-23 21:52:03.834 25756 30227 W Codec2Client: query -- param skipped: index = 1610614798.
06-23 21:52:04.026 30406 30406 E y.keyboard:tab: Unknown bits set in runtime_flags: 0x40000000
06-23 21:52:04.060 25756 25773 W libc    : Access denied finding property "vendor.oplus.media.vpp.stutter"
06-23 21:52:04.093 25756 30476 W Codec2Client: query -- param skipped: index = 1107298332.
06-23 21:52:04.099 25756 30476 W Codec2Client: query -- param skipped: index = 1342179345.
06-23 21:52:04.099 25756 30476 W Codec2Client: query -- param skipped: index = 2415921170.
06-23 21:52:04.099 25756 30476 W Codec2Client: query -- param skipped: index = 1610614798.
06-23 21:52:04.117 25756 25775 W libc    : Access denied finding property "vendor.oplus.media.vpp.stutter"
06-23 21:52:04.117 25756 25775 E MULTIMEDIAConfig: [getInt32:L80] Not find config, Returning default
06-23 21:52:04.117 25756 25775 E MULTIMEDIAConfig: [getInt32:L80] Not find config, Returning default
06-23 21:52:04.117 25756 25775 E OplusACodec: [OplusACodec:204] mSrOsieMMListCheckResult:0x0 mOsieVersion:1
06-23 21:52:04.118 30406 30481 E GeckoLibLoad: Load sqlite start
06-23 21:52:04.119 30406 30481 E GeckoLibLoad: Load sqlite done
06-23 21:52:04.119 30406 30481 E GeckoLibLoad: Load nss start
06-23 21:52:04.119 30406 30481 E GeckoLibLoad: Load nss done
06-23 21:52:04.131 30406 30481 E GeckoLibLoad: Loaded libs in 12.307031ms total, 6ms(9ms) user, 0ms(0ms) system, 0(0) faults
06-23 21:52:04.131 30406 30481 W GeckoThread: zerdatime 18102544 - runGecko
06-23 21:52:04.152 30486 30486 E .keyboard:tab3: Unknown bits set in runtime_flags: 0x40000000
06-23 21:52:04.154 25756 30493 E OplusACodec: [GetVideoCodingTypeFromMime:L1162] mime:video/avc
06-23 21:52:04.172 30511 30511 E .keyboard:tab1: Unknown bits set in runtime_flags: 0x40000000
06-23 21:52:04.248 30486 30535 E GeckoLibLoad: Load sqlite start
06-23 21:52:04.252 30486 30535 E GeckoLibLoad: Load sqlite done
06-23 21:52:04.252 30486 30535 E GeckoLibLoad: Load nss start
06-23 21:52:04.252 30486 30535 E GeckoLibLoad: Load nss done
06-23 21:52:04.261 30486 30535 E GeckoLibLoad: Loaded libs in 9.087344ms total, 0ms(0ms) user, 5ms(8ms) system, 0(0) faults
06-23 21:52:04.262 30486 30535 W GeckoThread: zerdatime 18102674 - runGecko
06-23 21:52:04.271 30538 30538 E y.keyboard:tab: Unknown bits set in runtime_flags: 0x40000000
06-23 21:52:04.281 30511 30537 E GeckoLibLoad: Load sqlite start
06-23 21:52:04.282 30511 30537 E GeckoLibLoad: Load sqlite done
06-23 21:52:04.283 30511 30537 E GeckoLibLoad: Load nss start
06-23 21:52:04.283 30511 30537 E GeckoLibLoad: Load nss done
06-23 21:52:04.292 25756 30476 W Codec2Client: query -- param skipped: index = 1342179345.
06-23 21:52:04.292 25756 30476 W Codec2Client: query -- param skipped: index = 2415921170.
06-23 21:52:04.292 25756 30476 W Codec2Client: query -- param skipped: index = 1610614798.
06-23 21:52:04.297 30511 30537 E GeckoLibLoad: Loaded libs in 13.910834ms total, 4ms(0ms) user, 7ms(11ms) system, 0(0) faults
06-23 21:52:04.297 30511 30537 W GeckoThread: zerdatime 18102709 - runGecko
06-23 21:52:04.376 30538 30616 E GeckoLibLoad: Load sqlite start
06-23 21:52:04.376 30605 30605 E .keyboard:tab2: Unknown bits set in runtime_flags: 0x40000000
06-23 21:52:04.381 30538 30616 E GeckoLibLoad: Load sqlite done
06-23 21:52:04.381 30538 30616 E GeckoLibLoad: Load nss start
06-23 21:52:04.381 30538 30616 E GeckoLibLoad: Load nss done
06-23 21:52:04.392 30538 30616 E GeckoLibLoad: Loaded libs in 10.250364ms total, 2ms(0ms) user, 6ms(9ms) system, 0(0) faults
06-23 21:52:04.392 30538 30616 W GeckoThread: zerdatime 18102804 - runGecko
06-23 21:52:04.462 30605 30647 E GeckoLibLoad: Load sqlite start
06-23 21:52:04.463 30605 30647 E GeckoLibLoad: Load sqlite done
06-23 21:52:04.463 30605 30647 E GeckoLibLoad: Load nss start
06-23 21:52:04.463 30605 30647 E GeckoLibLoad: Load nss done
06-23 21:52:04.485 30605 30647 E GeckoLibLoad: Loaded libs in 21.721510ms total, 0ms(0ms) user, 9ms(9ms) system, 0(0) faults
06-23 21:52:04.485 30605 30647 W GeckoThread: zerdatime 18102898 - runGecko
06-23 21:52:04.583 30680 30680 E .keyboard:tab1: Unknown bits set in runtime_flags: 0x40000000
06-23 21:52:04.678 30680 30726 E GeckoLibLoad: Load sqlite start
06-23 21:52:04.679 30680 30726 E GeckoLibLoad: Load sqlite done
06-23 21:52:04.679 30680 30726 E GeckoLibLoad: Load nss start
06-23 21:52:04.679 30680 30726 E GeckoLibLoad: Load nss done
06-23 21:52:04.692 30680 30726 E GeckoLibLoad: Loaded libs in 12.677031ms total, 10ms(3ms) user, 0ms(6ms) system, 0(0) faults
06-23 21:52:04.692 30680 30726 W GeckoThread: zerdatime 18103105 - runGecko
06-23 21:52:04.702 30728 30728 E y.keyboard:tab: Unknown bits set in runtime_flags: 0x40000000
06-23 21:52:04.806 30728 30760 E GeckoLibLoad: Load sqlite start
06-23 21:52:04.810 30728 30760 E GeckoLibLoad: Load sqlite done
06-23 21:52:04.811 30728 30760 E GeckoLibLoad: Load nss start
06-23 21:52:04.811 30728 30760 E GeckoLibLoad: Load nss done
06-23 21:52:04.825 30728 30760 E GeckoLibLoad: Loaded libs in 14.201302ms total, 8ms(7ms) user, 0ms(1ms) system, 0(0) faults
06-23 21:52:04.825 30728 30760 W GeckoThread: zerdatime 18103238 - runGecko
06-23 21:52:04.872 25756 27524 W libc    : Access denied finding property "vendor.oplus.media.vpp.stutter"
06-23 21:52:04.894 25756 30788 W Codec2Client: query -- param skipped: index = 1107298332.
06-23 21:52:04.895 25756 30788 W Codec2Client: query -- param skipped: index = 1342179345.
06-23 21:52:04.895 25756 30788 W Codec2Client: query -- param skipped: index = 2415921170.
06-23 21:52:04.895 25756 30788 W Codec2Client: query -- param skipped: index = 1610614798.
06-23 21:52:04.915 25756 27524 W libc    : Access denied finding property "vendor.oplus.media.vpp.stutter"
06-23 21:52:04.915 25756 27524 E MULTIMEDIAConfig: [getInt32:L80] Not find config, Returning default
06-23 21:52:04.915 25756 27524 E MULTIMEDIAConfig: [getInt32:L80] Not find config, Returning default
06-23 21:52:04.915 25756 27524 E OplusACodec: [OplusACodec:204] mSrOsieMMListCheckResult:0x0 mOsieVersion:1
06-23 21:52:04.968 25756 30803 E OplusACodec: [GetVideoCodingTypeFromMime:L1162] mime:video/avc
06-23 21:52:04.991 30824 30824 E y.keyboard:tab: Unknown bits set in runtime_flags: 0x40000000
06-23 21:52:05.055 25756 30788 W Codec2Client: query -- param skipped: index = 1342179345.
06-23 21:52:05.055 25756 30788 W Codec2Client: query -- param skipped: index = 2415921170.
06-23 21:52:05.055 25756 30788 W Codec2Client: query -- param skipped: index = 1610614798.
06-23 21:52:05.084 30824 30855 E GeckoLibLoad: Load sqlite start
06-23 21:52:05.087 30824 30855 E GeckoLibLoad: Load sqlite done
06-23 21:52:05.088 30824 30855 E GeckoLibLoad: Load nss start
06-23 21:52:05.088 30824 30855 E GeckoLibLoad: Load nss done
06-23 21:52:05.104 30824 30855 E GeckoLibLoad: Loaded libs in 16.059688ms total, 0ms(0ms) user, 10ms(10ms) system, 0(0) faults
06-23 21:52:05.105 30824 30855 W GeckoThread: zerdatime 18103517 - runGecko
06-23 21:52:05.198 25756 25775 W libc    : Access denied finding property "vendor.oplus.media.vpp.stutter"
06-23 21:52:05.220 25756 30870 W Codec2Client: query -- param skipped: index = 1107298332.
06-23 21:52:05.225 25756 30870 W Codec2Client: query -- param skipped: index = 1342179345.
06-23 21:52:05.225 25756 30870 W Codec2Client: query -- param skipped: index = 2415921170.
06-23 21:52:05.225 25756 30870 W Codec2Client: query -- param skipped: index = 1610614798.
06-23 21:52:05.231 25756 27524 W libc    : Access denied finding property "vendor.oplus.media.vpp.stutter"
06-23 21:52:05.231 25756 27524 E MULTIMEDIAConfig: [getInt32:L80] Not find config, Returning default
06-23 21:52:05.231 25756 27524 E MULTIMEDIAConfig: [getInt32:L80] Not find config, Returning default
06-23 21:52:05.231 25756 27524 E OplusACodec: [OplusACodec:204] mSrOsieMMListCheckResult:0x0 mOsieVersion:1
06-23 21:52:05.260 25756 30883 E OplusACodec: [GetVideoCodingTypeFromMime:L1162] mime:video/avc
06-23 21:52:05.336 30904 30904 E y.keyboard:tab: Unknown bits set in runtime_flags: 0x40000000
06-23 21:52:05.357 25756 30870 W Codec2Client: query -- param skipped: index = 1342179345.
06-23 21:52:05.357 25756 30870 W Codec2Client: query -- param skipped: index = 2415921170.
06-23 21:52:05.357 25756 30870 W Codec2Client: query -- param skipped: index = 1610614798.
06-23 21:52:05.410 30904 30925 E GeckoLibLoad: Load sqlite start
06-23 21:52:05.410 30904 30925 E GeckoLibLoad: Load sqlite done
06-23 21:52:05.411 30904 30925 E GeckoLibLoad: Load nss start
06-23 21:52:05.411 30904 30925 E GeckoLibLoad: Load nss done
06-23 21:52:05.422 30904 30925 E GeckoLibLoad: Loaded libs in 11.087136ms total, 0ms(0ms) user, 11ms(10ms) system, 0(0) faults
06-23 21:52:05.422 30904 30925 W GeckoThread: zerdatime 18103834 - runGecko
06-23 21:52:05.533 25756 27524 W libc    : Access denied finding property "vendor.oplus.media.vpp.stutter"
06-23 21:52:05.547 25756 30950 W Codec2Client: query -- param skipped: index = 1107298332.
06-23 21:52:05.548 25756 30950 W Codec2Client: query -- param skipped: index = 1342179345.
06-23 21:52:05.548 25756 30950 W Codec2Client: query -- param skipped: index = 2415921170.
06-23 21:52:05.548 25756 30950 W Codec2Client: query -- param skipped: index = 1610614798.
06-23 21:52:05.557 25756 25775 W libc    : Access denied finding property "vendor.oplus.media.vpp.stutter"
06-23 21:52:05.557 25756 25775 E MULTIMEDIAConfig: [getInt32:L80] Not find config, Returning default
06-23 21:52:05.557 25756 25775 E MULTIMEDIAConfig: [getInt32:L80] Not find config, Returning default
06-23 21:52:05.557 25756 25775 E OplusACodec: [OplusACodec:204] mSrOsieMMListCheckResult:0x0 mOsieVersion:1
06-23 21:52:05.580 25756 30953 E OplusACodec: [GetVideoCodingTypeFromMime:L1162] mime:video/avc
06-23 21:52:05.629 25756 30950 W Codec2Client: query -- param skipped: index = 1342179345.
06-23 21:52:05.629 25756 30950 W Codec2Client: query -- param skipped: index = 2415921170.
06-23 21:52:05.629 25756 30950 W Codec2Client: query -- param skipped: index = 1610614798.
06-23 21:52:08.390 25756 30227 W Codec2Client: query -- param skipped: index = 1342179345.
06-23 21:52:08.390 25756 30227 W Codec2Client: query -- param skipped: index = 2415921170.
06-23 21:52:08.390 25756 30227 W Codec2Client: query -- param skipped: index = 1610614798.
06-23 21:52:18.648 31197 31197 E .keyboard:tab3: Unknown bits set in runtime_flags: 0x40000000
06-23 21:52:18.720 31197 31231 E GeckoLibLoad: Load sqlite start
06-23 21:52:18.722 31197 31231 E GeckoLibLoad: Load sqlite done
06-23 21:52:18.723 31197 31231 E GeckoLibLoad: Load nss start
06-23 21:52:18.723 31197 31231 E GeckoLibLoad: Load nss done
06-23 21:52:18.745 31197 31231 E GeckoLibLoad: Loaded libs in 22.368490ms total, 7ms(9ms) user, 2ms(2ms) system, 4(4) faults
06-23 21:52:18.745 31197 31231 W GeckoThread: zerdatime 18117158 - runGecko
06-23 21:52:19.398 31315 31315 E .keyboard:tab1: Unknown bits set in runtime_flags: 0x40000000
06-23 21:52:19.453 31315 31332 E GeckoLibLoad: Load sqlite start
06-23 21:52:19.453 31315 31332 E GeckoLibLoad: Load sqlite done
06-23 21:52:19.454 31315 31332 E GeckoLibLoad: Load nss start
06-23 21:52:19.454 31315 31332 E GeckoLibLoad: Load nss done
06-23 21:52:19.463 31315 31332 E GeckoLibLoad: Loaded libs in 9.012447ms total, 0ms(0ms) user, 5ms(8ms) system, 0(0) faults
06-23 21:52:19.463 31315 31332 W GeckoThread: zerdatime 18117875 - runGecko
06-23 21:52:37.568 31575 31575 E y.keyboard:tab: Unknown bits set in runtime_flags: 0x40000000
06-23 21:52:37.632 31575 31640 E GeckoLibLoad: Load sqlite start
06-23 21:52:37.637 31575 31640 E GeckoLibLoad: Load sqlite done
06-23 21:52:37.638 31575 31640 E GeckoLibLoad: Load nss start
06-23 21:52:37.638 31575 31640 E GeckoLibLoad: Load nss done
06-23 21:52:37.646 31575 31640 E GeckoLibLoad: Loaded libs in 8.500105ms total, 0ms(8ms) user, 0ms(0ms) system, 0(0) faults
06-23 21:52:37.646 31575 31640 W GeckoThread: zerdatime 18136059 - runGecko
06-23 21:52:38.487 31728 31728 E .keyboard:tab3: Unknown bits set in runtime_flags: 0x40000000
06-23 21:52:38.553 31728 31745 E GeckoLibLoad: Load sqlite start
06-23 21:52:38.554 31728 31745 E GeckoLibLoad: Load sqlite done
06-23 21:52:38.554 31728 31745 E GeckoLibLoad: Load nss start
06-23 21:52:38.554 31728 31745 E GeckoLibLoad: Load nss done
06-23 21:52:38.564 31728 31745 E GeckoLibLoad: Loaded libs in 9.399896ms total, 6ms(8ms) user, 0ms(0ms) system, 0(0) faults
06-23 21:52:38.564 31728 31745 W GeckoThread: zerdatime 18136977 - runGecko
06-23 21:52:41.679 14886 31150 E BLASTBufferQueue: BLASTBufferItemConsumer::onDisconnect()
06-23 21:52:42.260 31837 31837 E .keyboard:tab2: Unknown bits set in runtime_flags: 0x40000000
06-23 21:52:42.327 31837 31861 E GeckoLibLoad: Load sqlite start
06-23 21:52:42.328 31837 31861 E GeckoLibLoad: Load sqlite done
06-23 21:52:42.328 31837 31861 E GeckoLibLoad: Load nss start
06-23 21:52:42.328 31837 31861 E GeckoLibLoad: Load nss done
06-23 21:52:42.337 31837 31861 E GeckoLibLoad: Loaded libs in 9.155729ms total, 8ms(8ms) user, 0ms(0ms) system, 0(0) faults
06-23 21:52:42.338 31837 31861 W GeckoThread: zerdatime 18140750 - runGecko
06-23 21:52:43.099 15325 15354 W libEGL  : EGLNativeWindowType 0xb400007b691f3810 disconnect failed
06-23 21:52:43.100 15325 15354 W libEGL  : EGLNativeWindowType 0xb400007b68897010 disconnect failed
06-23 21:52:43.558 31837 31861 W AudioCapabilities: Unsupported mime audio/ffmpeg
06-23 21:52:43.560 31837 31861 W VideoCapabilities: Unsupported mime video/ffmpeg
06-23 21:52:43.561 31837 31861 W VideoCapabilities: Unrecognized profile/level 0/3 for video/mpeg2
06-23 21:52:43.561 31837 31861 W VideoCapabilities: Unrecognized profile/level 0/3 for video/mpeg2
06-23 21:52:43.801 14886 14899 E BLASTBufferQueue: BLASTBufferItemConsumer::onDisconnect()
06-23 21:52:43.815 32013 32013 E y.keyboard:tab: Unknown bits set in runtime_flags: 0x40000000
06-23 21:52:43.879 32013 32030 E GeckoLibLoad: Load sqlite start
06-23 21:52:43.880 32013 32030 E GeckoLibLoad: Load sqlite done
06-23 21:52:43.880 32013 32030 E GeckoLibLoad: Load nss start
06-23 21:52:43.880 32013 32030 E GeckoLibLoad: Load nss done
06-23 21:52:43.889 32013 32030 E GeckoLibLoad: Loaded libs in 9.284115ms total, 0ms(0ms) user, 9ms(9ms) system, 0(0) faults
06-23 21:52:43.890 32013 32030 W GeckoThread: zerdatime 18142302 - runGecko
06-23 21:52:44.607 31837 32079 E .keyboard:tab2: ofbOpen failed with error=No such file or directory
06-23 21:52:44.607 31837 32079 E .keyboard:tab2: sysOpen failed with error=No such file or directory
06-23 21:52:44.652 25756 31966 W libc    : Access denied finding property "vendor.oplus.media.vpp.stutter"
06-23 21:52:44.655 25756 31966 E ListServiceUtils: checkInListByUid module:HQV-effect uid:14157 cost 2647us return 0
06-23 21:52:44.655 25756 31966 E MULTIMEDIAConfig: [getInt32:L80] Not find config, Returning default
06-23 21:52:44.655 25756 31966 E MULTIMEDIAConfig: [getInt32:L80] Not find config, Returning default
06-23 21:52:44.655 25756 31966 E OplusACodec: [OplusACodec:204] mSrOsieMMListCheckResult:0x0 mOsieVersion:1
06-23 21:52:44.716 25756 32136 E OplusACodec: [GetVideoCodingTypeFromMime:L1162] mime:video/avc
06-23 21:52:44.946 32153 32153 E .keyboard:tab1: Unknown bits set in runtime_flags: 0x40000000
06-23 21:52:45.011 32153 32173 E GeckoLibLoad: Load sqlite start
06-23 21:52:45.013 14886 14886 I VkBrowser: ✓ page host=www.rt.com title=RT - Breaking News, Russia News, World N…
06-23 21:52:45.013 32153 32173 E GeckoLibLoad: Load sqlite done
06-23 21:52:45.013 32153 32173 E GeckoLibLoad: Load nss start
06-23 21:52:45.013 32153 32173 E GeckoLibLoad: Load nss done
06-23 21:52:45.028 32153 32173 E GeckoLibLoad: Loaded libs in 14.275729ms total, 6ms(6ms) user, 7ms(5ms) system, 0(0) faults
06-23 21:52:45.028 32153 32173 W GeckoThread: zerdatime 18143441 - runGecko
06-23 21:53:00.925 14886 15219 E BLASTBufferQueue: BLASTBufferItemConsumer::onDisconnect()
06-23 21:53:00.927 14886 14886 E GeckoView: Failed to detach WindowInsetsListener: 
06-23 21:53:00.927 14886 14886 E GeckoView: 	at org.mozilla.geckoview.GeckoView.detachWindowInsetsListener(r8-map-id-323970fb61d528c51fb4a090d59be39be86461a809211f6e39d6f55815319c71:1)
06-23 21:53:00.927 14886 14886 E GeckoView: 	at org.mozilla.geckoview.GeckoView.onDetachedFromWindow(r8-map-id-323970fb61d528c51fb4a090d59be39be86461a809211f6e39d6f55815319c71:25)
06-23 21:53:00.927 14886 14886 E GeckoView: 	at helium314.keyboard.latin.panels.ImeGeckoView.onDetachedFromWindow(r8-map-id-323970fb61d528c51fb4a090d59be39be86461a809211f6e39d6f55815319c71:1)
06-23 21:53:00.927 14886 14886 E GeckoView: 	at android.view.View.dispatchDetachedFromWindow(View.java:20955)
06-23 21:53:00.927 14886 14886 E GeckoView: 	at android.view.ViewGroup.dispatchDetachedFromWindow(ViewGroup.java:4014)
06-23 21:53:00.927 14886 14886 E GeckoView: 	at android.view.ViewGroup.removeViewInternal(ViewGroup.java:5660)
06-23 21:53:00.927 14886 14886 E GeckoView: 	at android.view.ViewGroup.removeViewInternal(ViewGroup.java:5631)
06-23 21:53:00.927 14886 14886 E GeckoView: 	at android.view.ViewGroup.removeView(ViewGroup.java:5562)
06-23 21:53:00.927 14886 14886 E GeckoView: 	at a8.t0.run(r8-map-id-323970fb61d528c51fb4a090d59be39be86461a809211f6e39d6f55815319c71:1206)
06-23 21:53:00.927 14886 14886 E GeckoView: 	at helium314.keyboard.latin.panels.BrowserPanelView.R(r8-map-id-323970fb61d528c51fb4a090d59be39be86461a809211f6e39d6f55815319c71:151)
06-23 21:53:00.927 14886 14886 E GeckoView: 	at helium314.keyboard.latin.panels.BrowserPanelView.J0(r8-map-id-323970fb61d528c51fb4a090d59be39be86461a809211f6e39d6f55815319c71:84)
06-23 21:53:00.927 14886 14886 E GeckoView: 	at i7.c0.r(r8-map-id-323970fb61d528c51fb4a090d59be39be86461a809211f6e39d6f55815319c71:149)
06-23 21:53:00.927 14886 14886 E GeckoView: 	at i7.c0.Q(r8-map-id-323970fb61d528c51fb4a090d59be39be86461a809211f6e39d6f55815319c71:17)
06-23 21:53:00.927 14886 14886 E GeckoView: 	at a8.k5.a(r8-map-id-323970fb61d528c51fb4a090d59be39be86461a809211f6e39d6f55815319c71:3)
06-23 21:53:00.927 14886 14886 E GeckoView: 	at a8.h3.onClick(r8-map-id-323970fb61d528c51fb4a090d59be39be86461a809211f6e39d6f55815319c71:207)
06-23 21:53:00.927 14886 14886 E GeckoView: 	at android.view.View.performClick(View.java:7488)
06-23 21:53:00.927 14886 14886 E GeckoView: 	at android.view.View.performClickInternal(View.java:7464)
06-23 21:53:00.927 14886 14886 E GeckoView: 	at android.view.View.access$3700(View.java:841)
06-23 21:53:00.927 14886 14886 E GeckoView: 	at android.view.View$PerformClick.run(View.java:28911)
06-23 21:53:00.927 14886 14886 E GeckoView: 	at android.os.Handler.handleCallback(Handler.java:938)
06-23 21:53:00.927 14886 14886 E GeckoView: 	at android.os.Handler.dispatchMessage(Handler.java:99)
06-23 21:53:00.927 14886 14886 E GeckoView: 	at android.os.Looper.loopOnce(Looper.java:233)
06-23 21:53:00.927 14886 14886 E GeckoView: 	at android.os.Looper.loop(Looper.java:344)
06-23 21:53:00.927 14886 14886 E GeckoView: 	at android.app.ActivityThread.main(ActivityThread.java:8212)
06-23 21:53:00.927 14886 14886 E GeckoView: 	at java.lang.reflect.Method.invoke(Native Method)
06-23 21:53:00.927 14886 14886 E GeckoView: 	at com.android.internal.os.RuntimeInit$MethodAndArgsCaller.run(RuntimeInit.java:584)
06-23 21:53:00.927 14886 14886 E GeckoView: 	at com.android.internal.os.ZygoteInit.main(ZygoteInit.java:1034)
06-23 21:53:00.942 14886 14886 I VkTyping: ▶ suggest+swipe resumed
06-23 21:53:01.492 14886 14886 I VkPanels: ▶ open menu
06-23 21:53:03.399 14886 14886 I VkSwipe : ○ gesture canceled
06-23 21:53:03.399 14886 14886 I VkTyping: ○ suggest+swipe suspended (panel/assist/download)
06-23 21:53:03.479 14886 14886 I VkTyping: ○ hidden
06-23 21:53:03.603 14886 14886 W Settings: Setting transition_animation_scale has moved from android.provider.Settings.System to android.provider.Settings.Global, returning read-only value.
06-23 21:53:05.365 14886 14886 W Choreographer: Frame time is 0.085246 ms in the future!  Check that graphics HAL is generating vsync timestamps using the correct timebase.
06-23 21:53:07.331 14886 14954 E BLASTBufferQueue: BLASTBufferItemConsumer::onDisconnect()
06-23 21:53:08.813 14886 14954 E BLASTBufferQueue: BLASTBufferItemConsumer::onDisconnect()

... (99 Gecko cookie/JS warnings omitted)
... (377 GeckoConsole SessionStore lines omitted)
... (1 GeckoView detach warnings omitted)
... (51 SELinux audit lines omitted)

=== Feature activity (persisted across restarts) ===
2026-06-23 21:31:27.396650 I VkFavorites: save card Bitcoin Vibe activate=false
2026-06-23 21:31:27.465405 I VkFavorites: save card Doge Meme activate=false
2026-06-23 21:31:27.530449 I VkFavorites: save card Ethereum Vibes activate=false
2026-06-23 21:31:27.579976 I VkFavorites: save card India Popular City activate=false
2026-06-23 21:31:27.660463 I VkFavorites: save card Miami Beach Crypto activate=false
2026-06-23 21:31:27.727788 I VkFavorites: save card Nike Sneakers Crypto activate=false
2026-06-23 21:31:27.776874 I VkFavorites: save card Pepe Meme Frog activate=false
2026-06-23 21:31:27.829710 I VkFavorites: save card Times Square NFT activate=false
2026-06-23 21:31:27.877617 I VkMultilingual: reset main=pt-BR locales=[pt] count=1
2026-06-23 21:31:40.956163 I VkTyping: ▶ suggest+swipe resumed
2026-06-23 21:31:43.450462 I VkSwipe: ○ gesture canceled
2026-06-23 21:31:43.508149 I VkEffects: reload anim=scale blur=562px glow=true stickers=true
2026-06-23 21:31:43.623575 I VkTyping: ▶ open restart=false pkg=com.android.chrome inputType=524305
2026-06-23 21:31:44.888267 I VkSuggestions: decode typedLen=1 candidates=0 locales=1 0,6ms
2026-06-23 21:31:44.889067 I VkSuggestions: strip composing typedLen=1 candidates=1 autocorrect=false top=g locale=pt
2026-06-23 21:31:45.031387 I VkSuggestions: decode typedLen=2 candidates=0 locales=1 0,2ms
2026-06-23 21:31:45.041406 I VkSuggestions: strip composing typedLen=2 candidates=1 autocorrect=false top=gm locale=pt
2026-06-23 21:31:46.407528 I VkSuggestions: decode typedLen=1 candidates=0 locales=1 0,2ms
2026-06-23 21:31:46.408344 I VkSuggestions: strip composing typedLen=1 candidates=1 autocorrect=false top=g locale=pt
2026-06-23 21:31:47.146729 I VkPanels: ▶ open menu
2026-06-23 21:31:47.860141 I VkMultilingual: menu languages total=1
2026-06-23 21:31:54.890656 I VkSwipe: ○ gesture canceled
2026-06-23 21:31:54.891566 I VkTyping: ○ suggest+swipe suspended (panel/assist/download)
2026-06-23 21:31:55.587968 I VkMultilingual: menu languages total=1
2026-06-23 21:32:00.193653 I VkMultilingual: menu languages total=2
2026-06-23 21:32:01.224217 I VkMultilingual: reset main=pt-BR locales=[pt,fr] count=2
2026-06-23 21:32:04.951185 I VkMultilingual: menu languages total=2
2026-06-23 21:32:04.967337 I VkMultilingual: reset main=hi locales=[hi,fr,hi] count=3
2026-06-23 21:32:07.570706 I VkTyping: ▶ suggest+swipe resumed
2026-06-23 21:32:08.390918 I VkPanels: ▶ open menu
2026-06-23 21:32:08.941807 I VkMultilingual: menu languages total=2
2026-06-23 21:32:09.999485 I VkMultilingual: menu languages total=2
2026-06-23 21:32:10.030629 I VkMultilingual: reset main=pt-BR locales=[pt,fr] count=2
2026-06-23 21:32:10.845026 I VkSwipe: ○ gesture canceled
2026-06-23 21:32:10.845504 I VkTyping: ○ suggest+swipe suspended (panel/assist/download)
2026-06-23 21:32:11.870859 I VkSuggestions: decode typedLen=1 candidates=18 locales=1 10,5ms
2026-06-23 21:32:11.872800 I VkSuggestions: strip composing typedLen=1 candidates=19 autocorrect=false top=h locale=pt
2026-06-23 21:32:12.089591 I VkSuggestions: decode typedLen=2 candidates=18 locales=1 8,1ms
2026-06-23 21:32:12.090690 I VkSuggestions: strip composing typedLen=2 candidates=18 autocorrect=false top=ho locale=pt
2026-06-23 21:32:12.250213 I VkSuggestions: decode typedLen=3 candidates=18 locales=1 8,0ms
2026-06-23 21:32:12.251939 I VkSuggestions: strip composing typedLen=3 candidates=19 autocorrect=false top=hok locale=pt
2026-06-23 21:32:12.373704 I VkSuggestions: decode typedLen=4 candidates=18 locales=1 8,5ms
2026-06-23 21:32:12.375152 I VkSuggestions: strip composing typedLen=4 candidates=19 autocorrect=false top=hoka locale=pt
2026-06-23 21:32:12.713599 I VkSuggestions: strip prediction typedLen=0 candidates=1 autocorrect=false top=hoka locale=pt
2026-06-23 21:32:14.163269 I VkSuggestions: decode typedLen=3 candidates=18 locales=1 8,9ms
2026-06-23 21:32:14.164508 I VkSuggestions: strip composing typedLen=3 candidates=18 autocorrect=false top=hok locale=pt
2026-06-23 21:32:14.286227 I VkSuggestions: decode typedLen=2 candidates=18 locales=1 10,3ms
2026-06-23 21:32:14.287943 I VkSuggestions: strip composing typedLen=2 candidates=18 autocorrect=false top=ho locale=pt
2026-06-23 21:32:15.064413 I VkSuggestions: decode typedLen=4 candidates=18 locales=1 8,2ms
2026-06-23 21:32:15.065845 I VkSuggestions: strip composing typedLen=4 candidates=18 autocorrect=false top=hola locale=pt
2026-06-23 21:32:15.265416 I VkSuggestions: strip prediction typedLen=0 candidates=2 autocorrect=false top=hola locale=pt
2026-06-23 21:32:15.974046 I VkSuggestions: decode typedLen=1 candidates=18 locales=1 11,8ms
2026-06-23 21:32:15.975537 I VkSuggestions: strip composing typedLen=1 candidates=18 autocorrect=false top=a locale=pt
2026-06-23 21:32:16.151271 I VkSuggestions: decode typedLen=2 candidates=18 locales=1 14,9ms
