06-11 15:12:05.438 13913 13913 W View    : requestLayout() improperly called by android.widget.LinearLayout{ebf5967 V.E...... ......ID 0,0-1440,950 #7f0a011c app:id/main_keyboard_frame} during layout: running second layout pass
06-11 15:12:05.496 13913 14015 W cr_media: BLUETOOTH_CONNECT permission is missing.
06-11 15:12:05.496 13913 14015 W cr_media: getBluetoothAdapter() requires BLUETOOTH permission
06-11 15:12:05.496 13913 14015 W cr_media: registerBluetoothIntentsIfNeeded: Requires BLUETOOTH permission
06-11 15:12:05.644 13913 14025 W AudioCapabilities: Unsupported mime audio/ffmpeg
06-11 15:12:05.645 13913 14025 W VideoCapabilities: Unsupported mime video/ffmpeg
06-11 15:12:05.645 13913 14025 W VideoCapabilities: Unrecognized profile/level 0/3 for video/mpeg2
06-11 15:12:05.645 13913 14025 W VideoCapabilities: Unrecognized profile/level 0/3 for video/mpeg2
06-11 15:12:05.672 13913 14062 W Settings: Setting animator_duration_scale has moved from android.provider.Settings.System to android.provider.Settings.Global, returning read-only global URI.
06-11 15:12:05.683 13913 14062 E GeckoLibLoad: Load sqlite start
06-11 15:12:05.684 13913 14062 E GeckoLibLoad: Load sqlite done
06-11 15:12:05.684 13913 14062 E GeckoLibLoad: Load nss start
06-11 15:12:05.684 13913 14062 E GeckoLibLoad: Load nss done
06-11 15:12:05.698 13913 14062 E GeckoLibLoad: Loaded libs in 13.066718ms total, 7ms(35ms) user, 0ms(3ms) system, 0(0) faults
06-11 15:12:05.701 13913 14062 W GeckoThread: zerdatime 881968562 - runGecko
06-11 15:12:05.759 13913 13913 W com.vibekey.keyboard: type=1400 audit(0.0:374910): avc: denied { bind } for comm=4E65746C696E6B204D6F6E69746F72 scontext=u:r:untrusted_app:s0:c207,c271,c512,c768 tcontext=u:r:untrusted_app:s0:c207,c271,c512,c768 tclass=netlink_route_socket permissive=0 bug=b/155595000 app=com.vibekey.keyboard
06-11 15:12:05.797 13913 14062 E ibekey.keyboar: hiddenapi: Accessing hidden field Ljava/lang/Boolean;->value:Z (runtime_flags=0, domain=core-platform, api=max-target-p) from Lorg/mozilla/gecko/GeckoThread; (domain=app, TargetSdkVersion=35) using JNI: denied
06-11 15:12:05.797 13913 14062 E ibekey.keyboar: hiddenapi: Accessing hidden field Ljava/lang/Integer;->value:I (runtime_flags=0, domain=core-platform, api=max-target-p) from Lorg/mozilla/gecko/GeckoThread; (domain=app, TargetSdkVersion=35) using JNI: denied
06-11 15:12:05.797 13913 14062 E ibekey.keyboar: hiddenapi: Accessing hidden field Ljava/lang/Long;->value:J (runtime_flags=0, domain=core-platform, api=max-target-p) from Lorg/mozilla/gecko/GeckoThread; (domain=app, TargetSdkVersion=35) using JNI: denied
06-11 15:12:05.797 13913 14062 E ibekey.keyboar: hiddenapi: Accessing hidden field Ljava/lang/Double;->value:D (runtime_flags=0, domain=core-platform, api=max-target-p) from Lorg/mozilla/gecko/GeckoThread; (domain=app, TargetSdkVersion=35) using JNI: denied
06-11 15:12:05.899 14098 14098 E .keyboard:tab1: Unknown bits set in runtime_flags: 0x40000000
06-11 15:12:05.983 11120 12176 I OnDeviceAssist: warm ok model=qwen2.5-0.5b-instruct-q4_0.gguf ambient=60 chars 0ms
06-11 15:12:06.084 13913 13961 I OnDeviceAssist: ▶ assist_ipc task=topic_tags in=27 chars
06-11 15:12:06.098 11120 12177 I OnDeviceAssist: dispatch task=topic_tags in=27 chars engine=Ready
06-11 15:12:06.099 11120 12177 I OnDeviceAssist: ▶ runSync task=topic_tags in=27 chars locale=pt
06-11 15:12:06.100 11120 12177 I OnDeviceAssist: → llm task=topic_tags model=qwen2.5-0.5b-instruct-q4_0.gguf temp=0.22 maxTok=45
06-11 15:12:09.148 11120 12177 W OnDeviceAssist: ✗ llm task=topic_tags 3049ms: j8.a
06-11 15:12:09.148 11120 12177 W OnDeviceAssist: failed task=topic_tags 3050ms
06-11 15:12:09.149 13913 14140 W OnDeviceAssist: ✗ assist (ime) task=topic_tags 3066ms: j8.a
06-11 15:12:09.151 13913 13961 W OnDeviceLlmPrewarm: topic hints failed (keyboard_open): j8.a
06-11 15:12:10.397 13913 13913 I VkPanels: ▶ open menu
06-11 15:12:12.559 13913 13951 I VkSuggestions: decode typedLen=2 candidates=18 locales=3 18,9ms
06-11 15:12:12.559 13913 13951 W VkSuggestions: slow frame 18,9ms locales=3 typedLen=2 candidates=18 parallelWait=18,1ms
06-11 15:12:12.562 13913 13951 I VkSuggestions: strip composing typedLen=2 candidates=17 autocorrect=false top=ho locale=pt
06-11 15:12:14.996 13913 14200 E ibekey.keyboar: Attempt to load writable dex file: /data/user/0/com.vibekey.keyboard/app_pccache/5/C571D7DB2E7379E33F5626D87812BBADE73E9BAD/pcam.jar
06-11 15:12:14.989 13913 13913 W AdWorker(Defaul: type=1400 audit(0.0:374915): avc: granted { execute } for path="/data/data/com.vibekey.keyboard/app_pccache/5/C571D7DB2E7379E33F5626D87812BBADE73E9BAD/pcam.jar" dev="dm-2" ino=131295 scontext=u:r:untrusted_app:s0:c207,c271,c512,c768 tcontext=u:object_r:app_data_file:s0:c207,c271,c512,c768 tclass=file app=com.vibekey.keyboard
06-11 15:12:15.020 13913 14216 W Ads     : Invoke Firebase method getInstance error.
06-11 15:12:15.020 13913 14216 W Ads     : The Google Mobile Ads SDK will not integrate with Firebase. Admob/Firebase integration requires the latest Firebase SDK jar, but Firebase SDK is either missing or out of date
06-11 15:12:15.022 13913 14198 W ServiceBindIntentUtils: Dynamic lookup for intent failed for action: com.google.android.gms.ads.service.CACHE
06-11 15:12:15.061 13913 14223 W ServiceBindIntentUtils: Dynamic lookup for intent failed for action: com.google.android.gms.ads.service.START
06-11 15:12:15.076 13913 14208 W Ads     : Not retrying to fetch app settings
06-11 15:12:15.084 13913 14220 W Ads     : Not retrying to fetch app settings
06-11 15:12:15.831 13913 13913 E Ads     : JS: Uncaught TypeError: Cannot read properties of null (reading 's') (https://pagead2.googlesyndication.com/omsdk/releases/live/omsdk-v1.js:27)
06-11 15:12:16.412 13913 13913 E Ads     : JS: Refused to get unsafe header "X-Afma-Gcache-IsGcacheHit" (https://www.gstatic.com/mysidia/1481c091d9df379c2904f938e54fba0c.js?tag=addon/rewarded_video:435)
06-11 15:12:16.417 11120 12177 I OnDeviceAssist: warm ok model=qwen2.5-0.5b-instruct-q4_0.gguf ambient=0 chars 0ms
06-11 15:12:16.420 13913 13960 I OnDeviceAssist: ▶ assist_ipc task=grammar in=26 chars
06-11 15:12:16.429 11120 12177 I OnDeviceAssist: dispatch task=grammar in=26 chars engine=Ready
06-11 15:12:16.429 11120 12177 I OnDeviceAssist: ▶ runSync task=grammar in=26 chars locale=pt
06-11 15:12:16.429 11120 12177 I OnDeviceAssist: ○ local grammar skipped: SymSpell unavailable for pt
06-11 15:12:16.430 11120 12177 I OnDeviceAssist: → llm task=grammar model=qwen2.5-0.5b-instruct-q4_0.gguf temp=0.15 maxTok=48
06-11 15:12:16.548 13913 13913 E Ads     : JS: Refused to get unsafe header "X-Afma-Gcache-IsGcacheHit" (https://www.gstatic.com/mysidia/1481c091d9df379c2904f938e54fba0c.js?tag=addon/rewarded_video:435)
06-11 15:12:16.583 13913 14004 W libc    : Access denied finding property "vendor.oplus.media.vpp.stutter"
06-11 15:12:16.584 13913 14004 E MULTIMEDIAConfig: [getInt32:L80] Not find config, Returning default
06-11 15:12:16.584 13913 14004 E MULTIMEDIAConfig: [getInt32:L80] Not find config, Returning default
06-11 15:12:16.584 13913 14004 E OplusACodec: [OplusACodec:204] mSrOsieMMListCheckResult:0x0 mOsieVersion:1
06-11 15:12:16.649 13913 14293 E OplusACodec: [GetVideoCodingTypeFromMime:L1162] mime:video/x-vnd.on2.vp9
06-11 15:12:16.836 13913 14003 W cr_MediaCodecBridge: Releasing: OMX.qcom.video.decoder.vp9
06-11 15:12:16.839 13913 14292 E ExtensionsLoader: freeAllBuffers: 11 buffers were freed while being dequeued!
06-11 15:12:16.839 13913 14003 W cr_MediaCodecBridge: Codec released
06-11 15:12:18.505 13913 13913 E AndroidRuntime: FATAL EXCEPTION: main
06-11 15:12:18.505 13913 13913 E AndroidRuntime: Process: com.vibekey.keyboard, PID: 13913
06-11 15:12:18.505 13913 13913 E AndroidRuntime: java.lang.ExceptionInInitializerError
06-11 15:12:18.505 13913 13913 E AndroidRuntime: 	at a8.z0.run(r8-map-id-ededc71f90470c29242623cf8dfa03b9070ab5c515baef339abf8e6fa6461039:455)
06-11 15:12:18.505 13913 13913 E AndroidRuntime: 	at android.os.Handler.handleCallback(Handler.java:938)
06-11 15:12:18.505 13913 13913 E AndroidRuntime: 	at android.os.Handler.dispatchMessage(Handler.java:99)
06-11 15:12:18.505 13913 13913 E AndroidRuntime: 	at android.os.Looper.loopOnce(Looper.java:233)
06-11 15:12:18.505 13913 13913 E AndroidRuntime: 	at android.os.Looper.loop(Looper.java:344)
06-11 15:12:18.505 13913 13913 E AndroidRuntime: 	at android.app.ActivityThread.main(ActivityThread.java:8212)
06-11 15:12:18.505 13913 13913 E AndroidRuntime: 	at java.lang.reflect.Method.invoke(Native Method)
06-11 15:12:18.505 13913 13913 E AndroidRuntime: 	at com.android.internal.os.RuntimeInit$MethodAndArgsCaller.run(RuntimeInit.java:584)
06-11 15:12:18.505 13913 13913 E AndroidRuntime: 	at com.android.internal.os.ZygoteInit.main(ZygoteInit.java:1034)
06-11 15:12:18.505 13913 13913 E AndroidRuntime: Caused by: java.util.regex.PatternSyntaxException: Incorrectly nested parentheses in regexp pattern near index 606
06-11 15:12:18.505 13913 13913 E AndroidRuntime: (?i)^\s*(?:(?:sure|okay|ok|yes|of\s+course|claro|certo)[,!.]?\s+)?(?:(?:here(?:'s|\s+is)|this\s+is|aqui\s+(?:está|esta)|este\s+é|esta\s+é|isto\s+é)\s+(?:(?:the\s+)?(?:corrected|fixed|rewritten|updated|corrigido|corrigida|reescrito|reescrita)(?:\s+(?:version|verison|text|versão|versao|texto))?|(?:your\s+)?(?:corrected|fixed|rewritten|corrigido|corrigida|reescrito|reescrita)\s+text|(?:the\s+)?(?:corrected|fixed|rewritten|corrigido|corrigida|reescrito|reescrita)(?:\s+(?:version|verison|text|versão|versao|texto))?|(?:corrected|fixed|rewritten|corrigido|corrigida|reescrito|reescrita)\s+text\s+is)\s*:?\s*
06-11 15:12:18.505 13913 13913 E AndroidRuntime: 	at com.android.icu.util.regex.PatternNative.compileImpl(Native Method)
06-11 15:12:18.505 13913 13913 E AndroidRuntime: 	at com.android.icu.util.regex.PatternNative.<init>(PatternNative.java:53)
06-11 15:12:18.505 13913 13913 E AndroidRuntime: 	at com.android.icu.util.regex.PatternNative.create(PatternNative.java:49)
06-11 15:12:18.505 13913 13913 E AndroidRuntime: 	at java.util.regex.Pattern.compile(Pattern.java:3527)
06-11 15:12:18.505 13913 13913 E AndroidRuntime: 	at java.util.regex.Pattern.<init>(Pattern.java:1413)
06-11 15:12:18.505 13913 13913 E AndroidRuntime: 	at java.util.regex.Pattern.compile(Pattern.java:915)
06-11 15:12:18.505 13913 13913 E AndroidRuntime: 	at l9.o.<init>(r8-map-id-ededc71f90470c29242623cf8dfa03b9070ab5c515baef339abf8e6fa6461039:3)
06-11 15:12:18.505 13913 13913 E AndroidRuntime: 	at j8.a.<clinit>(r8-map-id-ededc71f90470c29242623cf8dfa03b9070ab5c515baef339abf8e6fa6461039:32)
06-11 15:12:18.505 13913 13913 E AndroidRuntime: 	... 9 more
06-11 15:12:18.860 11120 12177 W System.err: android.os.DeadObjectException
06-11 15:12:18.860 11120 12177 W System.err: 	at android.os.BinderProxy.transactNative(Native Method)
06-11 15:12:18.860 11120 12177 W System.err: 	at android.os.BinderProxy.transact(BinderProxy.java:635)
06-11 15:12:18.860 11120 12177 W System.err: 	at helium314.keyboard.latin.ai.engine.ILlmCallback$Stub$Proxy.onTokenChunk(r8-map-id-ededc71f90470c29242623cf8dfa03b9070ab5c515baef339abf8e6fa6461039:17)
06-11 15:12:18.860 11120 12177 W System.err: 	at helium314.keyboard.latin.ai.engine.LlamaBridge.nativeGenerate(Native Method)
06-11 15:12:18.860 11120 12177 W System.err: 	at helium314.keyboard.latin.ai.engine.OnDeviceAssistRunner.runNativeGenerate(r8-map-id-ededc71f90470c29242623cf8dfa03b9070ab5c515baef339abf8e6fa6461039:27)
06-11 15:12:18.860 11120 12177 W System.err: 	at helium314.keyboard.latin.ai.engine.OnDeviceAssistRunner.inferWithPath-BWLJW6A(r8-map-id-ededc71f90470c29242623cf8dfa03b9070ab5c515baef339abf8e6fa6461039:34)
06-11 15:12:18.860 11120 12177 W System.err: 	at helium314.keyboard.latin.ai.engine.OnDeviceAssistRunner.runSync-BWLJW6A(r8-map-id-ededc71f90470c29242623cf8dfa03b9070ab5c515baef339abf8e6fa6461039:90)
06-11 15:12:18.860 11120 12177 W System.err: 	at helium314.keyboard.latin.ai.engine.LlmEngineManager$generateAssist$1$result$1.invokeSuspend(r8-map-id-ededc71f90470c29242623cf8dfa03b9070ab5c515baef339abf8e6fa6461039:36)
06-11 15:12:18.860 11120 12177 W System.err: 	at v8.a.resumeWith(r8-map-id-ededc71f90470c29242623cf8dfa03b9070ab5c515baef339abf8e6fa6461039:9)
06-11 15:12:18.860 11120 12177 W System.err: 	at o9.h0.run(r8-map-id-ededc71f90470c29242623cf8dfa03b9070ab5c515baef339abf8e6fa6461039:115)
06-11 15:12:18.860 11120 12177 W System.err: 	at c5.s.run(r8-map-id-ededc71f90470c29242623cf8dfa03b9070ab5c515baef339abf8e6fa6461039:76)
06-11 15:12:18.860 11120 12177 W System.err: 	at v9.j.run(r8-map-id-ededc71f90470c29242623cf8dfa03b9070ab5c515baef339abf8e6fa6461039:3)
06-11 15:12:18.860 11120 12177 W System.err: 	at v9.a.run(r8-map-id-ededc71f90470c29242623cf8dfa03b9070ab5c515baef339abf8e6fa6461039:88)
06-11 15:12:18.862 11120 12177 W OnDeviceAssist: ✗ llm task=grammar 2432ms: j8.a
06-11 15:12:18.862 11120 12177 W OnDeviceAssist: failed task=grammar 2433ms
06-11 15:12:18.863 11120 12177 W LlmEngineManager: ILlmCallback.onError failed
06-11 15:12:18.863 11120 12177 W LlmEngineManager: android.os.DeadObjectException
06-11 15:12:18.863 11120 12177 W LlmEngineManager: 	at android.os.BinderProxy.transactNative(Native Method)
06-11 15:12:18.863 11120 12177 W LlmEngineManager: 	at android.os.BinderProxy.transact(BinderProxy.java:635)
06-11 15:12:18.863 11120 12177 W LlmEngineManager: 	at helium314.keyboard.latin.ai.engine.ILlmCallback$Stub$Proxy.onError(r8-map-id-ededc71f90470c29242623cf8dfa03b9070ab5c515baef339abf8e6fa6461039:18)
06-11 15:12:18.863 11120 12177 W LlmEngineManager: 	at helium314.keyboard.latin.ai.engine.LlmEngineManager.safeCbError(r8-map-id-ededc71f90470c29242623cf8dfa03b9070ab5c515baef339abf8e6fa6461039:8)
06-11 15:12:18.863 11120 12177 W LlmEngineManager: 	at helium314.keyboard.latin.ai.engine.LlmEngineManager.access$safeCbError(r8-map-id-ededc71f90470c29242623cf8dfa03b9070ab5c515baef339abf8e6fa6461039:1)
06-11 15:12:18.863 11120 12177 W LlmEngineManager: 	at helium314.keyboard.latin.ai.engine.LlmEngineManager$generateAssist$1.invokeSuspend(r8-map-id-ededc71f90470c29242623cf8dfa03b9070ab5c515baef339abf8e6fa6461039:348)
06-11 15:12:18.863 11120 12177 W LlmEngineManager: 	at v8.a.resumeWith(r8-map-id-ededc71f90470c29242623cf8dfa03b9070ab5c515baef339abf8e6fa6461039:9)
06-11 15:12:18.863 11120 12177 W LlmEngineManager: 	at o9.h0.run(r8-map-id-ededc71f90470c29242623cf8dfa03b9070ab5c515baef339abf8e6fa6461039:115)
06-11 15:12:18.863 11120 12177 W LlmEngineManager: 	at v9.a.run(r8-map-id-ededc71f90470c29242623cf8dfa03b9070ab5c515baef339abf8e6fa6461039:118)
06-11 15:12:22.890 14362 14362 E ibekey.keyboar: Unknown bits set in runtime_flags: 0x40000000
06-11 15:12:23.016 14362 14362 W f0      : Could not load system glide typing library jni_latinimegoogle: dlopen failed: library "libjni_latinimegoogle.so" not found
06-11 15:12:23.112 14362 14362 W t       : No editor info for this field. Bug?
06-11 15:12:23.124 14362 14362 I VkMultilingual: reset main=pt-BR locales=[pt,es,fr] count=3
06-11 15:12:23.170 14362 14362 W ibekey.keyboar: ClassLoaderContext classpath size mismatch. expected=1, found=0 (DLC[];PCL[base.apk*116719914]{PCL[/system/framework/org.apache.http.legacy.jar*3034548894]#PCL[/apex/com.android.extservices/javalib/android.ext.adservices.jar*3839736497]#PCL[/system/framework/com.android.location.provider.jar*3633238672]#PCL[/system/framework/com.android.media.remotedisplay.jar*3472798123]#PCL[/apex/com.android.extservices/javalib/android.ext.adservices.jar*3839736497]} | DLC[];PCL[])
06-11 15:12:23.180 14362 14362 W System  : ClassLoader referenced unknown path: 
06-11 15:12:23.184 14362 14362 W ibekey.keyboar: ClassLoaderContext classpath element checksum mismatch. expected=116719914, found=1557153005 (DLC[];PCL[base.apk*116719914]{PCL[/system/framework/org.apache.http.legacy.jar*3034548894]#PCL[/apex/com.android.extservices/javalib/android.ext.adservices.jar*3839736497]#PCL[/system/framework/com.android.location.provider.jar*3633238672]#PCL[/system/framework/com.android.media.remotedisplay.jar*3472798123]#PCL[/apex/com.android.extservices/javalib/android.ext.adservices.jar*3839736497]} | DLC[];PCL[/data/app/~~CR3iGDOEWqTtRxjYIoQSsQ==/com.vibekey.keyboard-dOUjrQhRox47TkxgIYQQqw==/base.apk*1557153005]{PCL[/apex/com.android.extservices/javalib/android.ext.adservices.jar*3839736497]})
06-11 15:12:23.251 14362 14362 E ibekey.keyboar: ofbOpen failed with error=No such file or directory
06-11 15:12:23.251 14362 14362 E ibekey.keyboar: sysOpen failed with error=No such file or directory
06-11 15:12:23.272 14362 14433 W Ads     : Update ad debug logging enablement as false
06-11 15:12:23.286 14362 14362 E MultiApp.Impl: OplusMultiAppImpl
06-11 15:12:23.355 14362 14470 W libc    : Access denied finding property "ro.vendor.api_level"
06-11 15:12:23.360 14362 14362 W chromium: [WARNING:android_webview/browser/network_service/net_helpers.cc:137] HTTP Cache size is: 20971520
06-11 15:12:23.425 14362 14503 W libc    : Access denied finding property "vendor.camera.aux.packagelist"
06-11 15:12:23.425 14362 14503 W libc    : Access denied finding property "vendor.camera.aux.packagelist"
06-11 15:12:23.426 14362 14381 W libc    : Access denied finding property "vendor.camera.aux.packagelist"
06-11 15:12:23.428 14362 14362 I VkSwipe : ○ gesture canceled
06-11 15:12:23.438 14362 14362 I VkEffects: reload anim=scale blur=0px glow=true stickers=true
06-11 15:12:23.440 14362 14362 E OplusCustomizeRestrictionManager: sInstance is null, start a new sInstance
06-11 15:12:23.534 14362 14362 I VkTyping: ▶ open restart=false pkg=com.android.launcher inputType=589825
06-11 15:12:23.707 14362 14362 W View    : requestLayout() improperly called by android.widget.LinearLayout{2767926 V.E...... ......ID 0,1868-1440,2818 #7f0a010d app:id/input_view_keyboard_column} during layout: running second layout pass
06-11 15:12:23.707 14362 14362 W View    : requestLayout() improperly called by android.widget.LinearLayout{ebf5967 V.E...... ......ID 0,0-1440,950 #7f0a011c app:id/main_keyboard_frame} during layout: running second layout pass
06-11 15:12:23.773 14362 14467 W cr_media: BLUETOOTH_CONNECT permission is missing.
06-11 15:12:23.773 14362 14467 W cr_media: getBluetoothAdapter() requires BLUETOOTH permission
06-11 15:12:23.773 14362 14467 W cr_media: registerBluetoothIntentsIfNeeded: Requires BLUETOOTH permission
06-11 15:12:23.902 14362 14486 W AudioCapabilities: Unsupported mime audio/ffmpeg
06-11 15:12:23.903 14362 14486 W VideoCapabilities: Unsupported mime video/ffmpeg
06-11 15:12:23.904 14362 14486 W VideoCapabilities: Unrecognized profile/level 0/3 for video/mpeg2
06-11 15:12:23.904 14362 14486 W VideoCapabilities: Unrecognized profile/level 0/3 for video/mpeg2
06-11 15:12:23.958 14362 14405 W VibeKeyProfiler: Slow Native Suggest: Total=25.55ms | Init=0.08ms | TrieExpand(x18)=25.36ms | Scoring=0.11ms | inputSize=2
06-11 15:12:23.965 14362 14536 W Settings: Setting animator_duration_scale has moved from android.provider.Settings.System to android.provider.Settings.Global, returning read-only global URI.
06-11 15:12:23.971 14362 14536 E GeckoLibLoad: Load sqlite start
06-11 15:12:23.973 14362 14536 E GeckoLibLoad: Load sqlite done
06-11 15:12:23.973 14362 14536 E GeckoLibLoad: Load nss start
06-11 15:12:23.973 14362 14536 E GeckoLibLoad: Load nss done
06-11 15:12:23.983 14362 14405 I VkSuggestions: decode typedLen=2 candidates=18 locales=3 51,6ms
06-11 15:12:23.983 14362 14405 W VkSuggestions: slow frame 51,6ms locales=3 typedLen=2 candidates=18 parallelWait=51,4ms
06-11 15:12:23.984 14362 14536 E GeckoLibLoad: Loaded libs in 10.412917ms total, 0ms(45ms) user, 8ms(6ms) system, 0(0) faults
06-11 15:12:23.985 14362 14536 W GeckoThread: zerdatime 881986846 - runGecko
06-11 15:12:24.002 14362 14405 I VkSuggestions: strip composing typedLen=2 candidates=16 autocorrect=false top=ho locale=pt
06-11 15:12:24.029 14362 14362 W com.vibekey.keyboard: type=1400 audit(0.0:374919): avc: denied { bind } for comm=4E65746C696E6B204D6F6E69746F72 scontext=u:r:untrusted_app:s0:c207,c271,c512,c768 tcontext=u:r:untrusted_app:s0:c207,c271,c512,c768 tclass=netlink_route_socket permissive=0 bug=b/155595000 app=com.vibekey.keyboard
06-11 15:12:24.060 14362 14536 E ibekey.keyboar: hiddenapi: Accessing hidden field Ljava/lang/Boolean;->value:Z (runtime_flags=0, domain=core-platform, api=max-target-p) from Lorg/mozilla/gecko/GeckoThread; (domain=app, TargetSdkVersion=35) using JNI: denied
06-11 15:12:24.060 14362 14536 E ibekey.keyboar: hiddenapi: Accessing hidden field Ljava/lang/Integer;->value:I (runtime_flags=0, domain=core-platform, api=max-target-p) from Lorg/mozilla/gecko/GeckoThread; (domain=app, TargetSdkVersion=35) using JNI: denied
06-11 15:12:24.060 14362 14536 E ibekey.keyboar: hiddenapi: Accessing hidden field Ljava/lang/Long;->value:J (runtime_flags=0, domain=core-platform, api=max-target-p) from Lorg/mozilla/gecko/GeckoThread; (domain=app, TargetSdkVersion=35) using JNI: denied
06-11 15:12:24.060 14362 14536 E ibekey.keyboar: hiddenapi: Accessing hidden field Ljava/lang/Double;->value:D (runtime_flags=0, domain=core-platform, api=max-target-p) from Lorg/mozilla/gecko/GeckoThread; (domain=app, TargetSdkVersion=35) using JNI: denied
06-11 15:12:24.129 14561 14561 E .keyboard:tab3: Unknown bits set in runtime_flags: 0x40000000
06-11 15:12:24.239 11120 12177 I OnDeviceAssist: warm ok model=qwen2.5-0.5b-instruct-q4_0.gguf ambient=59 chars 0ms
06-11 15:12:24.700 11120 11137 I OnDeviceAssist: warm ok model=qwen2.5-0.5b-instruct-q4_0.gguf ambient=59 chars 0ms
06-11 15:12:25.249 14362 14362 I VkAutocorrect: kept (typing): ho
06-11 15:12:25.369 14362 14405 I VkSuggestions: strip prediction typedLen=0 candidates=3 autocorrect=false top=ho locale=pt
06-11 15:12:30.797 14362 14405 W VibeKeyProfiler: Slow Native Suggest: Total=11.71ms | Init=0.21ms | TrieExpand(x18)=11.45ms | Scoring=0.04ms | inputSize=1
06-11 15:12:30.808 14362 14405 W VibeKeyProfiler: Slow Native Suggest: Total=11.02ms | Init=0.53ms | TrieExpand(x15)=10.46ms | Scoring=0.02ms | inputSize=1
06-11 15:12:30.836 14362 14405 I VkSuggestions: decode typedLen=1 candidates=18 locales=3 51,0ms
06-11 15:12:30.837 14362 14405 W VkSuggestions: slow frame 51,0ms locales=3 typedLen=1 candidates=18 parallelWait=50,7ms
06-11 15:12:30.839 14362 14405 I VkSuggestions: strip composing typedLen=1 candidates=19 autocorrect=false top=j locale=pt
06-11 15:12:31.557 14362 14405 I VkSuggestions: strip prediction typedLen=0 candidates=3 autocorrect=false top=ho locale=pt
06-11 15:12:31.950 14362 14405 W VkSuggestions: slow frame 20,7ms locales=3 typedLen=1 candidates=18 parallelWait=20,5ms
06-11 15:12:31.952 14362 14405 I VkSuggestions: strip composing typedLen=1 candidates=18 autocorrect=false top=h locale=pt
06-11 15:12:32.094 14362 14405 I VkSuggestions: strip prediction typedLen=0 candidates=1 autocorrect=false top=ho locale=pt
06-11 15:12:32.397 14362 14405 W VkSuggestions: slow frame 19,1ms locales=3 typedLen=1 candidates=18 parallelWait=19,0ms
06-11 15:12:32.399 14362 14405 I VkSuggestions: strip composing typedLen=1 candidates=17 autocorrect=false top=t locale=pt
06-11 15:12:32.543 14362 14405 I VkSuggestions: strip prediction typedLen=0 candidates=3 autocorrect=false top=hola locale=pt
06-11 15:12:32.952 14629 14629 E libcrashpad_handler_trampoline.so: createInstance(64bit) : createExtendedFactory
06-11 15:12:32.953 14629 14629 E libcrashpad_handler_trampoline.so: createInstance(64bit) : createExtendedFactory
06-11 15:12:32.954 14629 14629 E libcrashpad_handler_trampoline.so: Opened libinputextensionsimpl.so
06-11 15:12:32.954 14629 14629 E libcrashpad_handler_trampoline.so: Opened libinputextensionsimpl.so
06-11 15:12:32.955 14629 14629 E libcrashpad_handler_trampoline.so: createInstance(64bit) : createExtendedFactory
06-11 15:12:32.955 14629 14629 E libcrashpad_handler_trampoline.so: createInstance(64bit) : createExtendedFactory
06-11 15:12:32.955 14629 14629 E libcrashpad_handler_trampoline.so: Opened libsensorextimpl.so
06-11 15:12:32.955 14629 14629 E libcrashpad_handler_trampoline.so: Opened libsensorextimpl.so
06-11 15:12:33.062 14362 14405 F libc    : Fatal signal 7 (SIGBUS), code 2 (BUS_ADRERR), fault addr 0x766642d47c in tid 14405 (d), pid 14362 (AndroidUI)
06-11 15:12:33.312 14362 14362 W b       : Suggestion generation timed out
06-11 15:12:33.335 14632 14632 E DEBUG   : failed to read /proc/uptime: Permission denied
06-11 15:12:33.362 14362 14638 E ibekey.keyboar: Attempt to load writable dex file: /data/user/0/com.vibekey.keyboard/app_pccache/5/C571D7DB2E7379E33F5626D87812BBADE73E9BAD/pcam.jar
06-11 15:12:33.359 14362 14362 W AdWorker(Defaul: type=1400 audit(0.0:374921): avc: granted { execute } for path="/data/data/com.vibekey.keyboard/app_pccache/5/C571D7DB2E7379E33F5626D87812BBADE73E9BAD/pcam.jar" dev="dm-2" ino=131295 scontext=u:r:untrusted_app:s0:c207,c271,c512,c768 tcontext=u:object_r:app_data_file:s0:c207,c271,c512,c768 tclass=file app=com.vibekey.keyboard
06-11 15:12:33.392 14362 14660 W Ads     : Invoke Firebase method getInstance error.
06-11 15:12:33.392 14362 14660 W Ads     : The Google Mobile Ads SDK will not integrate with Firebase. Admob/Firebase integration requires the latest Firebase SDK jar, but Firebase SDK is either missing or out of date
06-11 15:12:33.392 14362 14636 W ServiceBindIntentUtils: Dynamic lookup for intent failed for action: com.google.android.gms.ads.service.CACHE
06-11 15:12:33.433 14362 14669 W ServiceBindIntentUtils: Dynamic lookup for intent failed for action: com.google.android.gms.ads.service.START
06-11 15:12:33.437 14362 14649 W Ads     : Not retrying to fetch app settings
06-11 15:12:33.440 14362 14654 W Ads     : Not retrying to fetch app settings
06-11 15:12:33.770 14362 14362 W b       : Suggestion generation timed out
06-11 15:12:33.993 14632 14632 F DEBUG   : Process name is com.vibekey.keyboard, not key_process
06-11 15:12:33.993 14632 14632 F DEBUG   : keyProcess: 0
06-11 15:12:33.993 14632 14632 F DEBUG   : *** *** *** *** *** *** *** *** *** *** *** *** *** *** *** ***
06-11 15:12:33.993 14632 14632 F DEBUG   : Build fingerprint: 'OnePlus/OnePlus7Pro/OnePlus7Pro:12/SKQ1.211113.001/P.202303230244:user/release-keys'
06-11 15:12:33.993 14632 14632 F DEBUG   : Revision: '0'
06-11 15:12:33.993 14632 14632 F DEBUG   : ABI: 'arm64'
06-11 15:12:33.993 14632 14632 F DEBUG   : Timestamp: 2026-06-11 15:12:33.334866412-0400
06-11 15:12:33.993 14632 14632 F DEBUG   : Process uptime: 0s
06-11 15:12:33.993 14632 14632 F DEBUG   : Cmdline: com.vibekey.keyboard
06-11 15:12:33.993 14632 14632 F DEBUG   : pid: 14362, tid: 14405, name: d  >>> com.vibekey.keyboard <<<
06-11 15:12:33.993 14632 14632 F DEBUG   : uid: 14047
06-11 15:12:33.993 14632 14632 F DEBUG   : signal 7 (SIGBUS), code 2 (BUS_ADRERR), fault addr 0x766642d47c
06-11 15:12:33.993 14632 14632 F DEBUG   :     x0  0000000000000000  x1  0000000000003845  x2  0000000000000007  x3  000000768a60ada0
06-11 15:12:33.993 14632 14632 F DEBUG   :     x4  000000768a60a6a8  x5  000000768a60a6a8  x6  000000768a60a6a8  x7  0000000000000000
06-11 15:12:33.993 14632 14632 F DEBUG   :     x8  00000000000000f0  x9  db746b027190efc7  x10 0000000000004001  x11 0000000000000000
06-11 15:12:33.993 14632 14632 F DEBUG   :     x12 00000000ffffffff  x13 0000000000000000  x14 0000000000000200  x15 0000000000000008
06-11 15:12:33.993 14632 14632 F DEBUG   :     x16 000000757caad3a8  x17 00000076790b8f10  x18 000000752d828000  x19 0000000000000007
06-11 15:12:33.993 14632 14632 F DEBUG   :     x20 000000768a60ada0  x21 000000000000381a  x22 000000768a60ad00  x23 0000000000000001
06-11 15:12:33.993 14632 14632 F DEBUG   :     x24 b400007419011800  x25 b4000075cacc5f10  x26 00000000000756c0  x27 b40000741900d0c0
06-11 15:12:33.993 14632 14632 F DEBUG   :     x28 0000000000000000  x29 000000768a60ad20
06-11 15:12:33.993 14632 14632 F DEBUG   :     lr  0000007576cbabc8  sp  000000768a60ad00  pc  00000076790b8f34  pst 0000000000000000
06-11 15:12:33.993 14632 14632 F DEBUG   : backtrace:
06-11 15:12:33.993 14632 14632 F DEBUG   :       #00 pc 0000000000075f34  /apex/com.android.runtime/lib64/bionic/libc.so (syscall+36) (BuildId: bbbdeb7c87c74f1491f92c6e605095b0)
06-11 15:12:33.993 14632 14632 F DEBUG   :       #01 pc 00000000040a9bc4  /data/app/~~-XGWjzmdoRrM1YaZYK883A==/com.google.android.webview-HvpxCmuUIjPsZ4yTEw8s4w==/base.apk!libwebviewchromium.so (BuildId: f447b77da2d76e8d4d133b66c727c3ae532b54bf)
06-11 15:12:33.993 14632 14632 F DEBUG   :       #02 pc 00000000040a03c4  /data/app/~~-XGWjzmdoRrM1YaZYK883A==/com.google.android.webview-HvpxCmuUIjPsZ4yTEw8s4w==/base.apk!libwebviewchromium.so (BuildId: f447b77da2d76e8d4d133b66c727c3ae532b54bf)
06-11 15:12:33.993 14632 14632 F DEBUG   :       #03 pc 0000000000000638  [vdso] (__kernel_rt_sigreturn+0)
06-11 15:12:33.993 14632 14632 F DEBUG   :       #04 pc 00000000000b62f4  /data/app/~~CR3iGDOEWqTtRxjYIoQSsQ==/com.vibekey.keyboard-dOUjrQhRox47TkxgIYQQqw==/lib/arm64/libjni_latinime.so (latinime::PatriciaTrieReadingUtils::getPtNodeArraySizeAndAdvancePosition(unsigned char const*, int, int*)+44) (BuildId: f905dbd1a904967a994cf833116e517b05caa863)
06-11 15:12:33.993 14632 14632 F DEBUG   :       #05 pc 00000000000b6c2c  /data/app/~~CR3iGDOEWqTtRxjYIoQSsQ==/com.vibekey.keyboard-dOUjrQhRox47TkxgIYQQqw==/lib/arm64/libjni_latinime.so (latinime::PatriciaTriePolicy::createAndGetAllChildDicNodes(latinime::DicNode const*, latinime::DicNodeVector*) const+112) (BuildId: f905dbd1a904967a994cf833116e517b05caa863)
06-11 15:12:33.993 14632 14632 F DEBUG   :       #06 pc 00000000000d598c  /data/app/~~CR3iGDOEWqTtRxjYIoQSsQ==/com.vibekey.keyboard-dOUjrQhRox47TkxgIYQQqw==/lib/arm64/libjni_latinime.so (latinime::Suggest::processDicNodeAsOmission(latinime::DicTraverseSession*, latinime::DicNode*) const+84) (BuildId: f905dbd1a904967a994cf833116e517b05caa863)
06-11 15:12:33.993 14632 14632 F DEBUG   :       #07 pc 00000000000d4a88  /data/app/~~CR3iGDOEWqTtRxjYIoQSsQ==/com.vibekey.keyboard-dOUjrQhRox47TkxgIYQQqw==/lib/arm64/libjni_latinime.so (latinime::Suggest::expandCurrentDicNodes(latinime::DicTraverseSession*) const+1732) (BuildId: f905dbd1a904967a994cf833116e517b05caa863)
06-11 15:12:33.993 14632 14632 F DEBUG   :       #08 pc 00000000000d3c0c  /data/app/~~CR3iGDOEWqTtRxjYIoQSsQ==/com.vibekey.keyboard-dOUjrQhRox47TkxgIYQQqw==/lib/arm64/libjni_latinime.so (latinime::Suggest::getSuggestions(latinime::ProximityInfo*, void*, int*, int*, int*, int*, int*, int, float, latinime::SuggestionResults*) const+504) (BuildId: f905dbd1a904967a994cf833116e517b05caa863)
06-11 15:12:33.993 14632 14632 F DEBUG   :       #09 pc 000000000009fd88  /data/app/~~CR3iGDOEWqTtRxjYIoQSsQ==/com.vibekey.keyboard-dOUjrQhRox47TkxgIYQQqw==/lib/arm64/libjni_latinime.so (BuildId: f905dbd1a904967a994cf833116e517b05caa863)
06-11 15:12:33.993 14632 14632 F DEBUG   :       #10 pc 00000000002c2100  /apex/com.android.art/lib64/libart.so (art_quick_generic_jni_trampoline+144) (BuildId: 7087b2f2160bfbf3335d54ba9779e325)
06-11 15:12:33.993 14632 14632 F DEBUG   :       #11 pc 00000000006692dc  /apex/com.android.art/lib64/libart.so (nterp_helper+3852) (BuildId: 7087b2f2160bfbf3335d54ba9779e325)
06-11 15:12:33.993 14632 14632 F DEBUG   :       #12 pc 000000000021fb14  /data/app/~~CR3iGDOEWqTtRxjYIoQSsQ==/com.vibekey.keyboard-dOUjrQhRox47TkxgIYQQqw==/oat/arm64/base.vdex (com.android.inputmethod.latin.BinaryDictionary.q+572)
06-11 15:12:33.993 14632 14632 F DEBUG   :       #13 pc 0000000000669a28  /apex/com.android.art/lib64/libart.so (nterp_helper+5720) (BuildId: 7087b2f2160bfbf3335d54ba9779e325)
06-11 15:12:33.993 14632 14632 F DEBUG   :       #14 pc 000000000021f892  /data/app/~~CR3iGDOEWqTtRxjYIoQSsQ==/com.vibekey.keyboard-dOUjrQhRox47TkxgIYQQqw==/oat/arm64/base.vdex (com.android.inputmethod.latin.BinaryDictionary.d+2)
06-11 15:12:33.993 14632 14632 F DEBUG   :       #15 pc 0000000000669a28  /apex/com.android.art/lib64/libart.so (nterp_helper+5720) (BuildId: 7087b2f2160bfbf3335d54ba9779e325)
06-11 15:12:33.993 14632 14632 F DEBUG   :       #16 pc 0000000000ad992a  /data/app/~~CR3iGDOEWqTtRxjYIoQSsQ==/com.vibekey.keyboard-dOUjrQhRox47TkxgIYQQqw==/oat/arm64/base.vdex (v7.k.d+50)
06-11 15:12:33.993 14632 14632 F DEBUG   :       #17 pc 0000000000669a28  /apex/com.android.art/lib64/libart.so (nterp_helper+5720) (BuildId: 7087b2f2160bfbf3335d54ba9779e325)
06-11 15:12:33.993 14632 14632 F DEBUG   :       #18 pc 0000000000ad8a22  /data/app/~~CR3iGDOEWqTtRxjYIoQSsQ==/com.vibekey.keyboard-dOUjrQhRox47TkxgIYQQqw==/oat/arm64/base.vdex (v7.e.d+70)
06-11 15:12:33.993 14632 14632 F DEBUG   :       #19 pc 0000000000669a28  /apex/com.android.art/lib64/libart.so (nterp_helper+5720) (BuildId: 7087b2f2160bfbf3335d54ba9779e325)
06-11 15:12:33.993 14632 14632 F DEBUG   :       #20 pc 000000000059019e  /data/app/~~CR3iGDOEWqTtRxjYIoQSsQ==/com.vibekey.keyboard-dOUjrQhRox47TkxgIYQQqw==/oat/arm64/base.vdex (p7.o.i+334)
06-11 15:12:33.993 14632 14632 F DEBUG   :       #21 pc 0000000000669a28  /apex/com.android.art/lib64/libart.so (nterp_helper+5720) (BuildId: 7087b2f2160bfbf3335d54ba9779e325)
06-11 15:12:33.993 14632 14632 F DEBUG   :       #22 pc 000000000058faf8  /data/app/~~CR3iGDOEWqTtRxjYIoQSsQ==/com.vibekey.keyboard-dOUjrQhRox47TkxgIYQQqw==/oat/arm64/base.vdex (p7.o.h+252)
06-11 15:12:33.993 14632 14632 F DEBUG   :       #23 pc 0000000000669a28  /apex/com.android.art/lib64/libart.so (nterp_helper+5720) (BuildId: 7087b2f2160bfbf3335d54ba9779e325)
06-11 15:12:33.993 14632 14632 F DEBUG   :       #24 pc 000000000058f9b4  /data/app/~~CR3iGDOEWqTtRxjYIoQSsQ==/com.vibekey.keyboard-dOUjrQhRox47TkxgIYQQqw==/oat/arm64/base.vdex (p7.o.g+112)
06-11 15:12:33.993 14632 14632 F DEBUG   :       #25 pc 0000000000669a28  /apex/com.android.art/lib64/libart.so (nterp_helper+5720) (BuildId: 7087b2f2160bfbf3335d54ba9779e325)
06-11 15:12:33.993 14632 14632 F DEBUG   :       #26 pc 0000000000598126  /data/app/~~CR3iGDOEWqTtRxjYIoQSsQ==/com.vibekey.keyboard-dOUjrQhRox47TkxgIYQQqw==/oat/arm64/base.vdex (p7.i1.c+266)
06-11 15:12:33.993 14632 14632 F DEBUG   :       #27 pc 0000000000669a28  /apex/com.android.art/lib64/libart.so (nterp_helper+5720) (BuildId: 7087b2f2160bfbf3335d54ba9779e325)
06-11 15:12:33.993 14632 14632 F DEBUG   :       #28 pc 0000000000597fa4  /data/app/~~CR3iGDOEWqTtRxjYIoQSsQ==/com.vibekey.keyboard-dOUjrQhRox47TkxgIYQQqw==/oat/arm64/base.vdex (p7.i1.b+2656)
06-11 15:12:33.993 14632 14632 F DEBUG   :       #29 pc 0000000000669a28  /apex/com.android.art/lib64/libart.so (nterp_helper+5720) (BuildId: 7087b2f2160bfbf3335d54ba9779e325)
06-11 15:12:33.993 14632 14632 F DEBUG   :       #30 pc 0000000000ae0a6a  /data/app/~~CR3iGDOEWqTtRxjYIoQSsQ==/com.vibekey.keyboard-dOUjrQhRox47TkxgIYQQqw==/oat/arm64/base.vdex (x7.b.m+1458)
06-11 15:12:33.993 14632 14632 F DEBUG   :       #31 pc 0000000000669324  /apex/com.android.art/lib64/libart.so (nterp_helper+3924) (BuildId: 7087b2f2160bfbf3335d54ba9779e325)
06-11 15:12:33.993 14632 14632 F DEBUG   :       #32 pc 000000000019aee6  /data/app/~~CR3iGDOEWqTtRxjYIoQSsQ==/com.vibekey.keyboard-dOUjrQhRox47TkxgIYQQqw==/oat/arm64/base.vdex (a5.a.run+102)
06-11 15:12:33.993 14632 14632 F DEBUG   :       #33 pc 000000000066a144  /apex/com.android.art/lib64/libart.so (nterp_helper+7540) (BuildId: 7087b2f2160bfbf3335d54ba9779e325)
06-11 15:12:33.993 14632 14632 F DEBUG   :       #34 pc 0000000000add9be  /data/app/~~CR3iGDOEWqTtRxjYIoQSsQ==/com.vibekey.keyboard-dOUjrQhRox47TkxgIYQQqw==/oat/arm64/base.vdex (x7.d.handleMessage+18)
06-11 15:12:33.993 14632 14632 F DEBUG   :       #35 pc 000000000205b2d4  /memfd:jit-zygote-cache (deleted)
06-11 15:12:35.173 14705 14705 E ibekey.keyboar: Unknown bits set in runtime_flags: 0x40000000
06-11 15:12:35.321 14705 14705 W f0      : Could not load system glide typing library jni_latinimegoogle: dlopen failed: library "libjni_latinimegoogle.so" not found
06-11 15:12:35.422 14705 14705 W t       : No editor info for this field. Bug?
06-11 15:12:35.435 14705 14705 I VkMultilingual: reset main=pt-BR locales=[pt,es,fr] count=3
06-11 15:12:35.479 14705 14705 W ibekey.keyboar: ClassLoaderContext classpath size mismatch. expected=1, found=0 (DLC[];PCL[base.apk*116719914]{PCL[/system/framework/org.apache.http.legacy.jar*3034548894]#PCL[/apex/com.android.extservices/javalib/android.ext.adservices.jar*3839736497]#PCL[/system/framework/com.android.location.provider.jar*3633238672]#PCL[/system/framework/com.android.media.remotedisplay.jar*3472798123]#PCL[/apex/com.android.extservices/javalib/android.ext.adservices.jar*3839736497]} | DLC[];PCL[])
06-11 15:12:35.487 14705 14705 W System  : ClassLoader referenced unknown path: 
06-11 15:12:35.490 14705 14705 W ibekey.keyboar: ClassLoaderContext classpath element checksum mismatch. expected=116719914, found=1557153005 (DLC[];PCL[base.apk*116719914]{PCL[/system/framework/org.apache.http.legacy.jar*3034548894]#PCL[/apex/com.android.extservices/javalib/android.ext.adservices.jar*3839736497]#PCL[/system/framework/com.android.location.provider.jar*3633238672]#PCL[/system/framework/com.android.media.remotedisplay.jar*3472798123]#PCL[/apex/com.android.extservices/javalib/android.ext.adservices.jar*3839736497]} | DLC[];PCL[/data/app/~~CR3iGDOEWqTtRxjYIoQSsQ==/com.vibekey.keyboard-dOUjrQhRox47TkxgIYQQqw==/base.apk*1557153005]{PCL[/apex/com.android.extservices/javalib/android.ext.adservices.jar*3839736497]})
06-11 15:12:35.551 14705 14705 E ibekey.keyboar: ofbOpen failed with error=No such file or directory
06-11 15:12:35.551 14705 14705 E ibekey.keyboar: sysOpen failed with error=No such file or directory
06-11 15:12:35.570 14705 14761 W Ads     : Update ad debug logging enablement as false
06-11 15:12:35.589 14705 14705 E MultiApp.Impl: OplusMultiAppImpl
06-11 15:12:35.661 14705 14786 W libc    : Access denied finding property "ro.vendor.api_level"
06-11 15:12:35.676 14705 14705 W chromium: [WARNING:android_webview/browser/network_service/net_helpers.cc:137] HTTP Cache size is: 20971520
06-11 15:12:35.760 14705 14705 I VkSwipe : ○ gesture canceled
06-11 15:12:35.762 14705 14823 W libc    : Access denied finding property "vendor.camera.aux.packagelist"
06-11 15:12:35.762 14705 14823 W libc    : Access denied finding property "vendor.camera.aux.packagelist"
06-11 15:12:35.763 14705 14719 W libc    : Access denied finding property "vendor.camera.aux.packagelist"
06-11 15:12:35.771 14705 14705 I VkEffects: reload anim=scale blur=0px glow=true stickers=true
06-11 15:12:35.773 14705 14705 E OplusCustomizeRestrictionManager: sInstance is null, start a new sInstance
06-11 15:12:35.876 14705 14705 I VkTyping: ▶ open restart=false pkg=com.android.launcher inputType=589825
06-11 15:12:36.028 14705 14796 W cr_media: BLUETOOTH_CONNECT permission is missing.
06-11 15:12:36.029 14705 14796 W cr_media: getBluetoothAdapter() requires BLUETOOTH permission
06-11 15:12:36.029 14705 14796 W cr_media: registerBluetoothIntentsIfNeeded: Requires BLUETOOTH permission
06-11 15:12:36.048 14705 14705 W View    : requestLayout() improperly called by android.widget.LinearLayout{6afacb3 V.E...... ......ID 0,1868-1440,2818 #7f0a010d app:id/input_view_keyboard_column} during layout: running second layout pass
06-11 15:12:36.049 14705 14705 W View    : requestLayout() improperly called by android.widget.LinearLayout{4dd4270 V.E...... ......ID 0,0-1440,950 #7f0a011c app:id/main_keyboard_frame} during layout: running second layout pass
06-11 15:12:36.180 14705 14814 W AudioCapabilities: Unsupported mime audio/ffmpeg
06-11 15:12:36.181 14705 14814 W VideoCapabilities: Unsupported mime video/ffmpeg
06-11 15:12:36.181 14705 14814 W VideoCapabilities: Unrecognized profile/level 0/3 for video/mpeg2
06-11 15:12:36.181 14705 14814 W VideoCapabilities: Unrecognized profile/level 0/3 for video/mpeg2
06-11 15:12:36.307 14705 14705 I VkTyping: ▶ open restart=true pkg=com.android.launcher inputType=589825
06-11 15:12:36.351 14705 14826 W OnDeviceLlmPrewarm: ambient blob: p1 was cancelled
06-11 15:12:36.434 14705 14855 W Settings: Setting animator_duration_scale has moved from android.provider.Settings.System to android.provider.Settings.Global, returning read-only global URI.
06-11 15:12:36.473 14705 14855 E GeckoLibLoad: Load sqlite start
06-11 15:12:36.476 14705 14855 E GeckoLibLoad: Load sqlite done
06-11 15:12:36.476 14705 14855 E GeckoLibLoad: Load nss start
06-11 15:12:36.476 14705 14855 E GeckoLibLoad: Load nss done
06-11 15:12:36.489 14705 14855 E GeckoLibLoad: Loaded libs in 12.454219ms total, 10ms(86ms) user, 0ms(0ms) system, 0(0) faults
06-11 15:12:36.489 14705 14855 W GeckoThread: zerdatime 881999350 - runGecko
06-11 15:12:36.586 14705 14855 E ibekey.keyboar: hiddenapi: Accessing hidden field Ljava/lang/Boolean;->value:Z (runtime_flags=0, domain=core-platform, api=max-target-p) from Lorg/mozilla/gecko/GeckoThread; (domain=app, TargetSdkVersion=35) using JNI: denied
06-11 15:12:36.586 14705 14855 E ibekey.keyboar: hiddenapi: Accessing hidden field Ljava/lang/Integer;->value:I (runtime_flags=0, domain=core-platform, api=max-target-p) from Lorg/mozilla/gecko/GeckoThread; (domain=app, TargetSdkVersion=35) using JNI: denied
06-11 15:12:36.586 14705 14855 E ibekey.keyboar: hiddenapi: Accessing hidden field Ljava/lang/Long;->value:J (runtime_flags=0, domain=core-platform, api=max-target-p) from Lorg/mozilla/gecko/GeckoThread; (domain=app, TargetSdkVersion=35) using JNI: denied
06-11 15:12:36.586 14705 14855 E ibekey.keyboar: hiddenapi: Accessing hidden field Ljava/lang/Double;->value:D (runtime_flags=0, domain=core-platform, api=max-target-p) from Lorg/mozilla/gecko/GeckoThread; (domain=app, TargetSdkVersion=35) using JNI: denied
06-11 15:12:36.641 14880 14880 E .keyboard:tab3: Unknown bits set in runtime_flags: 0x40000000
06-11 15:12:36.699 11120 11137 I OnDeviceAssist: warm ok model=qwen2.5-0.5b-instruct-q4_0.gguf ambient=0 chars 0ms
06-11 15:12:37.207 11120 11137 I OnDeviceAssist: warm ok model=qwen2.5-0.5b-instruct-q4_0.gguf ambient=40 chars 0ms
06-11 15:12:38.706 14705 14705 I VkPanels: ▶ open menu
06-11 15:12:40.009 14705 14705 I VkTyping: ○ hidden
06-11 15:12:40.129 14705 14705 W Settings: Setting transition_animation_scale has moved from android.provider.Settings.System to android.provider.Settings.Global, returning read-only value.
06-11 15:12:45.576 14705 14965 E ibekey.keyboar: Attempt to load writable dex file: /data/user/0/com.vibekey.keyboard/app_pccache/5/C571D7DB2E7379E33F5626D87812BBADE73E9BAD/pcam.jar
06-11 15:12:45.599 14705 14976 W Ads     : Invoke Firebase method getInstance error.
06-11 15:12:45.599 14705 14976 W Ads     : The Google Mobile Ads SDK will not integrate with Firebase. Admob/Firebase integration requires the latest Firebase SDK jar, but Firebase SDK is either missing or out of date
06-11 15:12:45.612 14705 14963 W ServiceBindIntentUtils: Dynamic lookup for intent failed for action: com.google.android.gms.ads.service.CACHE
06-11 15:12:45.633 14705 14990 W ServiceBindIntentUtils: Dynamic lookup for intent failed for action: com.google.android.gms.ads.service.START
06-11 15:12:45.655 14705 14986 W Ads     : Not retrying to fetch app settings
06-11 15:12:45.676 14705 14983 W Ads     : Not retrying to fetch app settings
06-11 15:12:46.318 14705 14774 E BLASTBufferQueue: BLASTBufferItemConsumer::onDisconnect()
06-11 15:12:46.661 14705 14705 E Ads     : JS: Refused to get unsafe header "X-Afma-Gcache-IsGcacheHit" (https://www.gstatic.com/mysidia/1481c091d9df379c2904f938e54fba0c.js?tag=addon/rewarded_video:435)
06-11 15:12:46.750 14705 14705 E Ads     : JS: Refused to get unsafe header "X-Afma-Gcache-IsGcacheHit" (https://www.gstatic.com/mysidia/1481c091d9df379c2904f938e54fba0c.js?tag=addon/rewarded_video:435)
06-11 15:12:46.768 14705 14786 W libc    : Access denied finding property "vendor.oplus.media.vpp.stutter"
06-11 15:12:46.771 14705 14786 E ListServiceUtils: checkInListByUid module:HQV-effect uid:14047 cost 2041us return 0
06-11 15:12:46.771 14705 14786 E MULTIMEDIAConfig: [getInt32:L80] Not find config, Returning default
06-11 15:12:46.771 14705 14786 E MULTIMEDIAConfig: [getInt32:L80] Not find config, Returning default
06-11 15:12:46.771 14705 14786 E OplusACodec: [OplusACodec:204] mSrOsieMMListCheckResult:0x0 mOsieVersion:1
06-11 15:12:46.791 14705 15039 E OplusACodec: [GetVideoCodingTypeFromMime:L1162] mime:video/x-vnd.on2.vp9
06-11 15:12:46.876 14705 14786 W cr_MediaCodecBridge: Releasing: OMX.qcom.video.decoder.vp9
06-11 15:12:46.877 14705 15038 E ExtensionsLoader: freeAllBuffers: 11 buffers were freed while being dequeued!
06-11 15:12:46.878 14705 14786 W cr_MediaCodecBridge: Codec released
06-11 15:12:47.647 14705 14714 W ibekey.keyboar: Cleared Reference was only reachable from finalizer (only reported once)
06-11 15:12:50.023 14705 14945 E ActivityThread: Failed to find provider info for com.oplus.statistics.provider
06-11 15:12:50.024 14705 14945 E OplusStatistics--: IllegalArgumentException:java.lang.IllegalArgumentException: Unknown URL content://com.oplus.statistics.provider/track_event
06-11 15:12:51.198 14705 15053 E FilePhenotypeFlags: Config package com.google.android.gms.clearcut_client#com.vibekey.keyboard cannot use FILE backing without declarative registration. See go/phenotype-android-integration#phenotype for more information. This will lead to stale flags.
06-11 15:12:51.216 14705 15053 E FilePhenotypeFlags: Config package com.google.android.gms.clearcut_client#com.vibekey.keyboard cannot use FILE backing without declarative registration. See go/phenotype-android-integration#phenotype for more information. This will lead to stale flags.
06-11 15:12:51.217 14705 15053 E FilePhenotypeFlags: Config package com.google.android.gms.clearcut_client#com.vibekey.keyboard cannot use FILE backing without declarative registration. See go/phenotype-android-integration#phenotype for more information. This will lead to stale flags.
06-11 15:12:57.358 14705 14774 E BLASTBufferQueue: BLASTBufferItemConsumer::onDisconnect()

... (28 Gecko cookie/JS warnings omitted)
... (8 SELinux audit lines omitted)

=== Feature activity (persisted across restarts) ===
2026-06-11 15:10:08.377137 I VkFavorites: save card Bitcoin Vibe activate=false
2026-06-11 15:10:08.447256 I VkFavorites: save card Doge Meme activate=false
2026-06-11 15:10:08.512598 I VkFavorites: save card Ethereum Vibes activate=false
2026-06-11 15:10:08.564585 I VkFavorites: save card India Popular City activate=false
2026-06-11 15:10:08.648156 I VkFavorites: save card Miami Beach Crypto activate=false
2026-06-11 15:10:08.717830 I VkFavorites: save card Nike Sneakers Crypto activate=false
2026-06-11 15:10:08.769794 I VkFavorites: save card Pepe Meme Frog activate=false
2026-06-11 15:10:08.825905 I VkFavorites: save card Times Square NFT activate=false
2026-06-11 15:10:08.883398 I VkMultilingual: reset main=pt-BR locales=[pt] count=1
2026-06-11 15:10:13.812639 I VkSwipe: ○ gesture canceled
2026-06-11 15:10:13.824395 I VkEffects: reload anim=scale blur=562px glow=true stickers=true
2026-06-11 15:10:13.919474 I VkTyping: ▶ open restart=false pkg=com.android.launcher inputType=589825
2026-06-11 15:10:15.123320 I VkPanels: ▶ open menu
2026-06-11 15:10:15.747770 I VkMultilingual: menu languages total=1
2026-06-11 15:10:27.489493 I VkSuggestions: decode typedLen=1 candidates=0 locales=1 0,7ms
2026-06-11 15:10:27.490484 I VkSuggestions: strip composing typedLen=1 candidates=1 autocorrect=false top=h locale=pt
2026-06-11 15:10:27.783749 I VkSuggestions: decode typedLen=2 candidates=0 locales=1 0,2ms
2026-06-11 15:10:27.789347 I VkSuggestions: strip composing typedLen=2 candidates=1 autocorrect=false top=ho locale=pt
2026-06-11 15:10:27.975636 I VkSuggestions: decode typedLen=3 candidates=0 locales=1 0,1ms
2026-06-11 15:10:27.976961 I VkSuggestions: strip composing typedLen=3 candidates=1 autocorrect=false top=hol locale=pt
2026-06-11 15:10:28.169892 I VkSuggestions: decode typedLen=4 candidates=0 locales=1 0,2ms
2026-06-11 15:10:28.170661 I VkSuggestions: strip composing typedLen=4 candidates=1 autocorrect=false top=hola locale=pt
2026-06-11 15:10:28.291779 I VkAutocorrect: kept (typing): hola
2026-06-11 15:10:28.404146 I VkSuggestions: strip prediction typedLen=0 candidates=1 autocorrect=false top=hola locale=pt
2026-06-11 15:10:29.335384 I VkSuggestions: decode typedLen=1 candidates=0 locales=1 0,2ms
2026-06-11 15:10:29.335871 I VkSuggestions: strip composing typedLen=1 candidates=1 autocorrect=false top=m locale=pt
2026-06-11 15:10:29.445294 I VkSuggestions: decode typedLen=2 candidates=0 locales=1 0,3ms
2026-06-11 15:10:29.446402 I VkSuggestions: strip composing typedLen=2 candidates=1 autocorrect=false top=ma locale=pt
2026-06-11 15:10:29.770861 I VkSuggestions: decode typedLen=4 candidates=0 locales=1 0,2ms
2026-06-11 15:10:29.771950 I VkSuggestions: strip composing typedLen=4 candidates=1 autocorrect=false top=mair locale=pt
2026-06-11 15:10:29.962263 I VkSuggestions: decode typedLen=5 candidates=0 locales=1 0,3ms
2026-06-11 15:10:29.963959 I VkSuggestions: strip composing typedLen=5 candidates=1 autocorrect=false top=maira locale=pt
2026-06-11 15:10:29.971209 I VkAutocorrect: kept (typing): maira
2026-06-11 15:10:30.075067 I VkSuggestions: strip prediction typedLen=0 candidates=2 autocorrect=false top=hola locale=pt
2026-06-11 15:10:30.738900 I VkSuggestions: decode typedLen=1 candidates=0 locales=1 0,2ms
2026-06-11 15:10:30.739738 I VkSuggestions: strip composing typedLen=1 candidates=1 autocorrect=false top=c locale=pt
2026-06-11 15:10:30.870149 I VkSuggestions: decode typedLen=2 candidates=1 locales=1 0,2ms
2026-06-11 15:10:30.871 I VkSuggestions: strip composing typedLen=2 candidates=2 autocorrect=false top=co locale=pt
2026-06-11 15:10:31.057120 I VkSuggestions: decode typedLen=3 candidates=0 locales=1 0,2ms
2026-06-11 15:10:31.058408 I VkSuggestions: strip composing typedLen=3 candidates=1 autocorrect=false top=com locale=pt
