06-17 13:20:26.740 20799 20799 F DEBUG   :       #14 pc 00000000002283be  /data/app/~~mxh6IMKwt99d0SE1bJIVyA==/com.vibekey.keyboard-T7hr2RCa5JV7kahre1XkPA==/oat/arm64/base.vdex (com.android.inputmethod.latin.BinaryDictionary.d+2)
06-17 13:20:26.740 20799 20799 F DEBUG   :       #15 pc 0000000000669a28  /apex/com.android.art/lib64/libart.so (nterp_helper+5720) (BuildId: 7087b2f2160bfbf3335d54ba9779e325)
06-17 13:20:26.740 20799 20799 F DEBUG   :       #16 pc 0000000000ae75d2  /data/app/~~mxh6IMKwt99d0SE1bJIVyA==/com.vibekey.keyboard-T7hr2RCa5JV7kahre1XkPA==/oat/arm64/base.vdex (v7.k.d+50)
06-17 13:20:26.740 20799 20799 F DEBUG   :       #17 pc 0000000000669a28  /apex/com.android.art/lib64/libart.so (nterp_helper+5720) (BuildId: 7087b2f2160bfbf3335d54ba9779e325)
06-17 13:20:26.740 20799 20799 F DEBUG   :       #18 pc 0000000000ae66ca  /data/app/~~mxh6IMKwt99d0SE1bJIVyA==/com.vibekey.keyboard-T7hr2RCa5JV7kahre1XkPA==/oat/arm64/base.vdex (v7.e.d+70)
06-17 13:20:26.740 20799 20799 F DEBUG   :       #19 pc 0000000000669a28  /apex/com.android.art/lib64/libart.so (nterp_helper+5720) (BuildId: 7087b2f2160bfbf3335d54ba9779e325)
06-17 13:20:26.740 20799 20799 F DEBUG   :       #20 pc 00000000005b49d2  /data/app/~~mxh6IMKwt99d0SE1bJIVyA==/com.vibekey.keyboard-T7hr2RCa5JV7kahre1XkPA==/oat/arm64/base.vdex (p7.o.i+334)
06-17 13:20:26.740 20799 20799 F DEBUG   :       #21 pc 0000000000669a28  /apex/com.android.art/lib64/libart.so (nterp_helper+5720) (BuildId: 7087b2f2160bfbf3335d54ba9779e325)
06-17 13:20:26.740 20799 20799 F DEBUG   :       #22 pc 00000000005b432c  /data/app/~~mxh6IMKwt99d0SE1bJIVyA==/com.vibekey.keyboard-T7hr2RCa5JV7kahre1XkPA==/oat/arm64/base.vdex (p7.o.h+252)
06-17 13:20:26.740 20799 20799 F DEBUG   :       #23 pc 0000000000669a28  /apex/com.android.art/lib64/libart.so (nterp_helper+5720) (BuildId: 7087b2f2160bfbf3335d54ba9779e325)
06-17 13:20:26.740 20799 20799 F DEBUG   :       #24 pc 00000000005b41e8  /data/app/~~mxh6IMKwt99d0SE1bJIVyA==/com.vibekey.keyboard-T7hr2RCa5JV7kahre1XkPA==/oat/arm64/base.vdex (p7.o.g+112)
06-17 13:20:26.740 20799 20799 F DEBUG   :       #25 pc 0000000000669a28  /apex/com.android.art/lib64/libart.so (nterp_helper+5720) (BuildId: 7087b2f2160bfbf3335d54ba9779e325)
06-17 13:20:26.740 20799 20799 F DEBUG   :       #26 pc 00000000005bc8be  /data/app/~~mxh6IMKwt99d0SE1bJIVyA==/com.vibekey.keyboard-T7hr2RCa5JV7kahre1XkPA==/oat/arm64/base.vdex (p7.i1.c+266)
06-17 13:20:26.740 20799 20799 F DEBUG   :       #27 pc 0000000000669a28  /apex/com.android.art/lib64/libart.so (nterp_helper+5720) (BuildId: 7087b2f2160bfbf3335d54ba9779e325)
06-17 13:20:26.740 20799 20799 F DEBUG   :       #28 pc 00000000005bc73c  /data/app/~~mxh6IMKwt99d0SE1bJIVyA==/com.vibekey.keyboard-T7hr2RCa5JV7kahre1XkPA==/oat/arm64/base.vdex (p7.i1.b+2656)
06-17 13:20:26.740 20799 20799 F DEBUG   :       #29 pc 0000000000669a28  /apex/com.android.art/lib64/libart.so (nterp_helper+5720) (BuildId: 7087b2f2160bfbf3335d54ba9779e325)
06-17 13:20:26.740 20799 20799 F DEBUG   :       #30 pc 0000000000aee7a6  /data/app/~~mxh6IMKwt99d0SE1bJIVyA==/com.vibekey.keyboard-T7hr2RCa5JV7kahre1XkPA==/oat/arm64/base.vdex (x7.b.m+1458)
06-17 13:20:26.740 20799 20799 F DEBUG   :       #31 pc 0000000000669324  /apex/com.android.art/lib64/libart.so (nterp_helper+3924) (BuildId: 7087b2f2160bfbf3335d54ba9779e325)
06-17 13:20:26.740 20799 20799 F DEBUG   :       #32 pc 00000000001a39c6  /data/app/~~mxh6IMKwt99d0SE1bJIVyA==/com.vibekey.keyboard-T7hr2RCa5JV7kahre1XkPA==/oat/arm64/base.vdex (a5.a.run+102)
06-17 13:20:26.740 20799 20799 F DEBUG   :       #33 pc 000000000066a144  /apex/com.android.art/lib64/libart.so (nterp_helper+7540) (BuildId: 7087b2f2160bfbf3335d54ba9779e325)
06-17 13:20:26.740 20799 20799 F DEBUG   :       #34 pc 0000000000aeb666  /data/app/~~mxh6IMKwt99d0SE1bJIVyA==/com.vibekey.keyboard-T7hr2RCa5JV7kahre1XkPA==/oat/arm64/base.vdex (x7.d.handleMessage+18)
06-17 13:20:26.740 20799 20799 F DEBUG   :       #35 pc 000000000205b2d4  /memfd:jit-zygote-cache (deleted)
06-17 13:20:28.638 20822 20822 E OplusCustomizeRestrictionManager: sInstance is null, start a new sInstance
06-17 13:20:30.624 20822 20858 F libc    : Fatal signal 7 (SIGBUS), code 2 (BUS_ADRERR), fault addr 0x76665e4000 in tid 20858 (d), pid 20822 (AndroidUI)
06-17 13:20:31.559 21044 21044 F DEBUG   : Process name is com.vibekey.keyboard, not key_process
06-17 13:20:31.559 21044 21044 F DEBUG   : keyProcess: 0
06-17 13:20:31.559 21044 21044 F DEBUG   : *** *** *** *** *** *** *** *** *** *** *** *** *** *** *** ***
06-17 13:20:31.559 21044 21044 F DEBUG   : Build fingerprint: 'OnePlus/OnePlus7Pro/OnePlus7Pro:12/SKQ1.211113.001/P.202303230244:user/release-keys'
06-17 13:20:31.559 21044 21044 F DEBUG   : Revision: '0'
06-17 13:20:31.559 21044 21044 F DEBUG   : ABI: 'arm64'
06-17 13:20:31.559 21044 21044 F DEBUG   : Timestamp: 2026-06-17 13:20:30.843168763-0400
06-17 13:20:31.559 21044 21044 F DEBUG   : Process uptime: 0s
06-17 13:20:31.559 21044 21044 F DEBUG   : Cmdline: com.vibekey.keyboard
06-17 13:20:31.559 21044 21044 F DEBUG   : pid: 20822, tid: 20858, name: d  >>> com.vibekey.keyboard <<<
06-17 13:20:31.559 21044 21044 F DEBUG   : uid: 14124
06-17 13:20:31.559 21044 21044 F DEBUG   : signal 7 (SIGBUS), code 2 (BUS_ADRERR), fault addr 0x76665e4000
06-17 13:20:31.559 21044 21044 F DEBUG   :     x0  0000000000000000  x1  000000000000517a  x2  0000000000000007  x3  000000768a6d1da0
06-17 13:20:31.559 21044 21044 F DEBUG   :     x4  000000768a6d16a8  x5  000000768a6d16a8  x6  000000768a6d16a8  x7  0000000000000000
06-17 13:20:31.559 21044 21044 F DEBUG   :     x8  00000000000000f0  x9  db746b027190efc7  x10 0000000000004001  x11 0000000000000000
06-17 13:20:31.559 21044 21044 F DEBUG   :     x12 00000000ffffffff  x13 0000000000000000  x14 000000000000001f  x15 00000076665e2c08
06-17 13:20:31.559 21044 21044 F DEBUG   :     x16 000000757caad3a8  x17 00000076790b8f10  x18 00000075603c4000  x19 0000000000000007
06-17 13:20:31.559 21044 21044 F DEBUG   :     x20 000000768a6d1da0  x21 0000000000005156  x22 000000768a6d1d00  x23 0000000000000001
06-17 13:20:31.559 21044 21044 F DEBUG   :     x24 00000075ccb688d8  x25 00000075ccb689f0  x26 00000075ccb68a24  x27 0000000000000001
06-17 13:20:31.559 21044 21044 F DEBUG   :     x28 00000075ccb68fd8  x29 000000768a6d1d20
06-17 13:20:31.559 21044 21044 F DEBUG   :     lr  0000007576cbabc8  sp  000000768a6d1d00  pc  00000076790b8f34  pst 0000000000000000
06-17 13:20:31.559 21044 21044 F DEBUG   : backtrace:
06-17 13:20:31.559 21044 21044 F DEBUG   :       #00 pc 0000000000075f34  /apex/com.android.runtime/lib64/bionic/libc.so (syscall+36) (BuildId: bbbdeb7c87c74f1491f92c6e605095b0)
06-17 13:20:31.559 21044 21044 F DEBUG   :       #01 pc 00000000040a9bc4  /data/app/~~-XGWjzmdoRrM1YaZYK883A==/com.google.android.webview-HvpxCmuUIjPsZ4yTEw8s4w==/base.apk!libwebviewchromium.so (BuildId: f447b77da2d76e8d4d133b66c727c3ae532b54bf)
06-17 13:20:31.559 21044 21044 F DEBUG   :       #02 pc 00000000040a03c4  /data/app/~~-XGWjzmdoRrM1YaZYK883A==/com.google.android.webview-HvpxCmuUIjPsZ4yTEw8s4w==/base.apk!libwebviewchromium.so (BuildId: f447b77da2d76e8d4d133b66c727c3ae532b54bf)
06-17 13:20:31.559 21044 21044 F DEBUG   :       #03 pc 0000000000000638  [vdso] (__kernel_rt_sigreturn+0)
06-17 13:20:31.559 21044 21044 F DEBUG   :       #04 pc 00000000000b67fc  /data/app/~~mxh6IMKwt99d0SE1bJIVyA==/com.vibekey.keyboard-T7hr2RCa5JV7kahre1XkPA==/lib/arm64/libjni_latinime.so (latinime::PatriciaTrieReadingUtils::readPtNodeInfo(unsigned char const*, int, int, latinime::DictionaryShortcutsStructurePolicy const*, latinime::DictionaryBigramsStructurePolicy const*, int const*, unsigned char*, int*, int*, int*, int*, int*, int*, int*)+200) (BuildId: f905dbd1a904967a994cf833116e517b05caa863)
06-17 13:20:31.559 21044 21044 F DEBUG   :       #05 pc 00000000000b8980  /data/app/~~mxh6IMKwt99d0SE1bJIVyA==/com.vibekey.keyboard-T7hr2RCa5JV7kahre1XkPA==/lib/arm64/libjni_latinime.so (latinime::Ver2ParticiaTrieNodeReader::fetchPtNodeParamsInBufferFromPtNodePos(int) const+140) (BuildId: f905dbd1a904967a994cf833116e517b05caa863)
06-17 13:20:31.559 21044 21044 F DEBUG   :       #06 pc 00000000000b4b74  /data/app/~~mxh6IMKwt99d0SE1bJIVyA==/com.vibekey.keyboard-T7hr2RCa5JV7kahre1XkPA==/lib/arm64/libjni_latinime.so (latinime::DynamicPtReadingHelper::getTerminalPtNodePositionOfWord(int const*, unsigned long, bool)+232) (BuildId: f905dbd1a904967a994cf833116e517b05caa863)
06-17 13:20:31.559 21044 21044 F DEBUG   :       #07 pc 00000000000b7324  /data/app/~~mxh6IMKwt99d0SE1bJIVyA==/com.vibekey.keyboard-T7hr2RCa5JV7kahre1XkPA==/lib/arm64/libjni_latinime.so (latinime::PatriciaTriePolicy::getWordId(latinime::IntArrayView, bool) const+184) (BuildId: f905dbd1a904967a994cf833116e517b05caa863)
06-17 13:20:31.559 21044 21044 F DEBUG   :       #08 pc 00000000000a7d54  /data/app/~~mxh6IMKwt99d0SE1bJIVyA==/com.vibekey.keyboard-T7hr2RCa5JV7kahre1XkPA==/lib/arm64/libjni_latinime.so (latinime::NgramContext::getWordId(latinime::DictionaryStructureWithBufferPolicy const*, int const*, int, bool, bool)+232) (BuildId: f905dbd1a904967a994cf833116e517b05caa863)
06-17 13:20:31.559 21044 21044 F DEBUG   :       #09 pc 00000000000d337c  /data/app/~~mxh6IMKwt99d0SE1bJIVyA==/com.vibekey.keyboard-T7hr2RCa5JV7kahre1XkPA==/lib/arm64/libjni_latinime.so (latinime::DicTraverseSession::init(latinime::Dictionary const*, latinime::NgramContext const*, latinime::SuggestOptions const*)+124) (BuildId: f905dbd1a904967a994cf833116e517b05caa863)
06-17 13:20:31.559 21044 21044 F DEBUG   :       #10 pc 00000000000c8bd0  /data/app/~~mxh6IMKwt99d0SE1bJIVyA==/com.vibekey.keyboard-T7hr2RCa5JV7kahre1XkPA==/lib/arm64/libjni_latinime.so (latinime::Dictionary::getSuggestions(latinime::ProximityInfo*, latinime::DicTraverseSession*, int*, int*, int*, int*, int*, int, latinime::NgramContext const*, latinime::SuggestOptions const*, float, latinime::SuggestionResults*) const+104) (BuildId: f905dbd1a904967a994cf833116e517b05caa863)
06-17 13:20:31.559 21044 21044 F DEBUG   :       #11 pc 000000000009fd88  /data/app/~~mxh6IMKwt99d0SE1bJIVyA==/com.vibekey.keyboard-T7hr2RCa5JV7kahre1XkPA==/lib/arm64/libjni_latinime.so (BuildId: f905dbd1a904967a994cf833116e517b05caa863)
06-17 13:20:31.559 21044 21044 F DEBUG   :       #12 pc 00000000002c2100  /apex/com.android.art/lib64/libart.so (art_quick_generic_jni_trampoline+144) (BuildId: 7087b2f2160bfbf3335d54ba9779e325)
06-17 13:20:31.559 21044 21044 F DEBUG   :       #13 pc 00000000006692dc  /apex/com.android.art/lib64/libart.so (nterp_helper+3852) (BuildId: 7087b2f2160bfbf3335d54ba9779e325)
06-17 13:20:31.559 21044 21044 F DEBUG   :       #14 pc 0000000000228640  /data/app/~~mxh6IMKwt99d0SE1bJIVyA==/com.vibekey.keyboard-T7hr2RCa5JV7kahre1XkPA==/oat/arm64/base.vdex (com.android.inputmethod.latin.BinaryDictionary.q+572)
06-17 13:20:31.559 21044 21044 F DEBUG   :       #15 pc 0000000000669a28  /apex/com.android.art/lib64/libart.so (nterp_helper+5720) (BuildId: 7087b2f2160bfbf3335d54ba9779e325)
06-17 13:20:31.559 21044 21044 F DEBUG   :       #16 pc 00000000002283be  /data/app/~~mxh6IMKwt99d0SE1bJIVyA==/com.vibekey.keyboard-T7hr2RCa5JV7kahre1XkPA==/oat/arm64/base.vdex (com.android.inputmethod.latin.BinaryDictionary.d+2)
06-17 13:20:31.559 21044 21044 F DEBUG   :       #17 pc 0000000000669a28  /apex/com.android.art/lib64/libart.so (nterp_helper+5720) (BuildId: 7087b2f2160bfbf3335d54ba9779e325)
06-17 13:20:31.559 21044 21044 F DEBUG   :       #18 pc 0000000000ae75d2  /data/app/~~mxh6IMKwt99d0SE1bJIVyA==/com.vibekey.keyboard-T7hr2RCa5JV7kahre1XkPA==/oat/arm64/base.vdex (v7.k.d+50)
06-17 13:20:31.559 21044 21044 F DEBUG   :       #19 pc 0000000000669a28  /apex/com.android.art/lib64/libart.so (nterp_helper+5720) (BuildId: 7087b2f2160bfbf3335d54ba9779e325)
06-17 13:20:31.559 21044 21044 F DEBUG   :       #20 pc 0000000000ae66ca  /data/app/~~mxh6IMKwt99d0SE1bJIVyA==/com.vibekey.keyboard-T7hr2RCa5JV7kahre1XkPA==/oat/arm64/base.vdex (v7.e.d+70)
06-17 13:20:31.559 21044 21044 F DEBUG   :       #21 pc 0000000000669a28  /apex/com.android.art/lib64/libart.so (nterp_helper+5720) (BuildId: 7087b2f2160bfbf3335d54ba9779e325)
06-17 13:20:31.559 21044 21044 F DEBUG   :       #22 pc 00000000005b49d2  /data/app/~~mxh6IMKwt99d0SE1bJIVyA==/com.vibekey.keyboard-T7hr2RCa5JV7kahre1XkPA==/oat/arm64/base.vdex (p7.o.i+334)
06-17 13:20:31.559 21044 21044 F DEBUG   :       #23 pc 0000000000669a28  /apex/com.android.art/lib64/libart.so (nterp_helper+5720) (BuildId: 7087b2f2160bfbf3335d54ba9779e325)
06-17 13:20:31.559 21044 21044 F DEBUG   :       #24 pc 00000000005b432c  /data/app/~~mxh6IMKwt99d0SE1bJIVyA==/com.vibekey.keyboard-T7hr2RCa5JV7kahre1XkPA==/oat/arm64/base.vdex (p7.o.h+252)
06-17 13:20:31.559 21044 21044 F DEBUG   :       #25 pc 0000000000669a28  /apex/com.android.art/lib64/libart.so (nterp_helper+5720) (BuildId: 7087b2f2160bfbf3335d54ba9779e325)
06-17 13:20:31.559 21044 21044 F DEBUG   :       #26 pc 00000000005b41e8  /data/app/~~mxh6IMKwt99d0SE1bJIVyA==/com.vibekey.keyboard-T7hr2RCa5JV7kahre1XkPA==/oat/arm64/base.vdex (p7.o.g+112)
06-17 13:20:31.559 21044 21044 F DEBUG   :       #27 pc 0000000000669a28  /apex/com.android.art/lib64/libart.so (nterp_helper+5720) (BuildId: 7087b2f2160bfbf3335d54ba9779e325)
06-17 13:20:31.559 21044 21044 F DEBUG   :       #28 pc 00000000005bc8be  /data/app/~~mxh6IMKwt99d0SE1bJIVyA==/com.vibekey.keyboard-T7hr2RCa5JV7kahre1XkPA==/oat/arm64/base.vdex (p7.i1.c+266)
06-17 13:20:31.559 21044 21044 F DEBUG   :       #29 pc 0000000000669a28  /apex/com.android.art/lib64/libart.so (nterp_helper+5720) (BuildId: 7087b2f2160bfbf3335d54ba9779e325)
06-17 13:20:31.559 21044 21044 F DEBUG   :       #30 pc 00000000005bc73c  /data/app/~~mxh6IMKwt99d0SE1bJIVyA==/com.vibekey.keyboard-T7hr2RCa5JV7kahre1XkPA==/oat/arm64/base.vdex (p7.i1.b+2656)
06-17 13:20:31.559 21044 21044 F DEBUG   :       #31 pc 0000000000669a28  /apex/com.android.art/lib64/libart.so (nterp_helper+5720) (BuildId: 7087b2f2160bfbf3335d54ba9779e325)
06-17 13:20:31.559 21044 21044 F DEBUG   :       #32 pc 0000000000aee7a6  /data/app/~~mxh6IMKwt99d0SE1bJIVyA==/com.vibekey.keyboard-T7hr2RCa5JV7kahre1XkPA==/oat/arm64/base.vdex (x7.b.m+1458)
06-17 13:20:31.559 21044 21044 F DEBUG   :       #33 pc 0000000000669324  /apex/com.android.art/lib64/libart.so (nterp_helper+3924) (BuildId: 7087b2f2160bfbf3335d54ba9779e325)
06-17 13:20:31.559 21044 21044 F DEBUG   :       #34 pc 00000000001a39c6  /data/app/~~mxh6IMKwt99d0SE1bJIVyA==/com.vibekey.keyboard-T7hr2RCa5JV7kahre1XkPA==/oat/arm64/base.vdex (a5.a.run+102)
06-17 13:20:31.559 21044 21044 F DEBUG   :       #35 pc 000000000066a144  /apex/com.android.art/lib64/libart.so (nterp_helper+7540) (BuildId: 7087b2f2160bfbf3335d54ba9779e325)
06-17 13:20:31.559 21044 21044 F DEBUG   :       #36 pc 0000000000aeb666  /data/app/~~mxh6IMKwt99d0SE1bJIVyA==/com.vibekey.keyboard-T7hr2RCa5JV7kahre1XkPA==/oat/arm64/base.vdex (x7.d.handleMessage+18)
06-17 13:20:31.559 21044 21044 F DEBUG   :       #37 pc 000000000205b2d4  /memfd:jit-zygote-cache (deleted)
--------- beginning of main
06-17 13:20:40.389 21056 21056 W f0      : Could not load system glide typing library jni_latinimegoogle: dlopen failed: library "libjni_latinimegoogle.so" not found
06-17 13:20:40.468 21056 21056 W t       : No editor info for this field. Bug?
06-17 13:20:40.477 21056 21056 I VkMultilingual: reset main=pt-BR locales=[pt,es] count=2
06-17 13:20:40.520 21056 21056 W ibekey.keyboar: ClassLoaderContext classpath size mismatch. expected=1, found=0 (DLC[];PCL[base.apk*116719914]{PCL[/system/framework/org.apache.http.legacy.jar*3034548894]#PCL[/apex/com.android.extservices/javalib/android.ext.adservices.jar*3839736497]#PCL[/system/framework/com.android.location.provider.jar*3633238672]#PCL[/system/framework/com.android.media.remotedisplay.jar*3472798123]#PCL[/apex/com.android.extservices/javalib/android.ext.adservices.jar*3839736497]} | DLC[];PCL[])
06-17 13:20:40.540 21056 21056 W System  : ClassLoader referenced unknown path: 
06-17 13:20:40.548 21056 21056 W ibekey.keyboar: ClassLoaderContext classpath element checksum mismatch. expected=116719914, found=215904058 (DLC[];PCL[base.apk*116719914]{PCL[/system/framework/org.apache.http.legacy.jar*3034548894]#PCL[/apex/com.android.extservices/javalib/android.ext.adservices.jar*3839736497]#PCL[/system/framework/com.android.location.provider.jar*3633238672]#PCL[/system/framework/com.android.media.remotedisplay.jar*3472798123]#PCL[/apex/com.android.extservices/javalib/android.ext.adservices.jar*3839736497]} | DLC[];PCL[/data/app/~~mxh6IMKwt99d0SE1bJIVyA==/com.vibekey.keyboard-T7hr2RCa5JV7kahre1XkPA==/base.apk*215904058]{PCL[/apex/com.android.extservices/javalib/android.ext.adservices.jar*3839736497]})
06-17 13:20:40.704 21056 21056 E ibekey.keyboar: ofbOpen failed with error=No such file or directory
06-17 13:20:40.704 21056 21056 E ibekey.keyboar: sysOpen failed with error=No such file or directory
06-17 13:20:40.719 21056 21119 W Ads     : Update ad debug logging enablement as false
06-17 13:20:40.767 21056 21056 E MultiApp.Impl: OplusMultiAppImpl
06-17 13:20:40.965 21056 21162 W libc    : Access denied finding property "ro.vendor.api_level"
06-17 13:20:40.985 21056 21056 W chromium: [WARNING:android_webview/browser/network_service/net_helpers.cc:137] HTTP Cache size is: 20971520
06-17 13:20:41.183 21056 21183 W libc    : Access denied finding property "vendor.camera.aux.packagelist"
06-17 13:20:41.183 21056 21183 W libc    : Access denied finding property "vendor.camera.aux.packagelist"
06-17 13:20:41.184 21056 21070 W libc    : Access denied finding property "vendor.camera.aux.packagelist"
06-17 13:20:41.233 21056 21168 W cr_media: BLUETOOTH_CONNECT permission is missing.
06-17 13:20:41.260 21056 21168 W cr_media: getBluetoothAdapter() requires BLUETOOTH permission
06-17 13:20:41.260 21056 21168 W cr_media: registerBluetoothIntentsIfNeeded: Requires BLUETOOTH permission
06-17 13:20:41.506 21056 21177 W AudioCapabilities: Unsupported mime audio/ffmpeg
06-17 13:20:41.507 21056 21177 W VideoCapabilities: Unsupported mime video/ffmpeg
06-17 13:20:41.509 21056 21177 W VideoCapabilities: Unrecognized profile/level 0/3 for video/mpeg2
06-17 13:20:41.509 21056 21177 W VideoCapabilities: Unrecognized profile/level 0/3 for video/mpeg2
06-17 13:20:41.547 21056 21201 W Settings: Setting animator_duration_scale has moved from android.provider.Settings.System to android.provider.Settings.Global, returning read-only global URI.
06-17 13:20:41.549 21056 21056 I VkSwipe : ○ gesture canceled
06-17 13:20:41.553 21056 21201 E GeckoLibLoad: Load sqlite start
06-17 13:20:41.554 21056 21201 E GeckoLibLoad: Load sqlite done
06-17 13:20:41.554 21056 21201 E GeckoLibLoad: Load nss start
06-17 13:20:41.554 21056 21201 E GeckoLibLoad: Load nss done
06-17 13:20:41.555 21056 21056 E OplusCustomizeRestrictionManager: sInstance is null, start a new sInstance
06-17 13:20:41.569 21056 21201 E GeckoLibLoad: Loaded libs in 14.883125ms total, 0ms(21ms) user, 14ms(7ms) system, 0(0) faults
06-17 13:20:41.570 21056 21201 W GeckoThread: zerdatime 1393682435 - runGecko
06-17 13:20:41.597 21056 21056 I VkEffects: reload anim=scale blur=0px glow=false stickers=true
06-17 13:20:41.623 21056 21056 W com.vibekey.keyboard: type=1400 audit(0.0:549287): avc: denied { bind } for comm=4E65746C696E6B204D6F6E69746F72 scontext=u:r:untrusted_app:s0:c28,c272,c512,c768 tcontext=u:r:untrusted_app:s0:c28,c272,c512,c768 tclass=netlink_route_socket permissive=0 bug=b/155595000 app=com.vibekey.keyboard
06-17 13:20:41.643 21056 21103 I VkVibeCards: loaded 4 cards (disk)
06-17 13:20:41.647 21056 21201 E ibekey.keyboar: hiddenapi: Accessing hidden field Ljava/lang/Boolean;->value:Z (runtime_flags=0, domain=core-platform, api=max-target-p) from Lorg/mozilla/gecko/GeckoThread; (domain=app, TargetSdkVersion=35) using JNI: denied
06-17 13:20:41.647 21056 21201 E ibekey.keyboar: hiddenapi: Accessing hidden field Ljava/lang/Integer;->value:I (runtime_flags=0, domain=core-platform, api=max-target-p) from Lorg/mozilla/gecko/GeckoThread; (domain=app, TargetSdkVersion=35) using JNI: denied
06-17 13:20:41.647 21056 21201 E ibekey.keyboar: hiddenapi: Accessing hidden field Ljava/lang/Long;->value:J (runtime_flags=0, domain=core-platform, api=max-target-p) from Lorg/mozilla/gecko/GeckoThread; (domain=app, TargetSdkVersion=35) using JNI: denied
06-17 13:20:41.647 21056 21201 E ibekey.keyboar: hiddenapi: Accessing hidden field Ljava/lang/Double;->value:D (runtime_flags=0, domain=core-platform, api=max-target-p) from Lorg/mozilla/gecko/GeckoThread; (domain=app, TargetSdkVersion=35) using JNI: denied
06-17 13:20:41.696 21056 21056 I VkTyping: ▶ open restart=false pkg=com.android.launcher inputType=589825
06-17 13:20:41.697 21230 21230 E .keyboard:tab3: Unknown bits set in runtime_flags: 0x40000000
06-17 13:20:41.818 21056 21056 W View    : requestLayout() improperly called by android.widget.LinearLayout{bac159c V.E...... ......ID 0,1868-1440,2818 #7f0a011b app:id/main_keyboard_frame} during layout: running second layout pass
06-17 13:20:41.912 21056 21135 E BLASTBufferQueue: BLASTBufferItemConsumer::onDisconnect()
06-17 13:20:42.695  9207 10184 I OnDeviceAssist: warm ok model=qwen2.5-0.5b-instruct-q4_0.gguf ambient=40 chars 0ms
06-17 13:20:44.282 21056 21056 I VkPanels: ▶ open browser
06-17 13:20:44.305 21056 21056 W View    : requestLayout() improperly called by android.widget.FrameLayout{bfc8518 V.E...... ......ID 0,1625-1440,1805 #7f0a0087 app:id/browser_nav_footer_float} during layout: running second layout pass
06-17 13:20:44.306 21056 21056 I VkBrowser: ▶ panel open incognito=false tabs=0 queryLen=0
06-17 13:20:44.331 21056 21056 E GeckoView: Failed to attach WindowInsetsListener: 
06-17 13:20:44.331 21056 21056 E GeckoView: java.lang.NullPointerException: Attempt to invoke virtual method 'android.view.Window android.app.Activity.getWindow()' on a null object reference
06-17 13:20:44.331 21056 21056 E GeckoView: 	at org.mozilla.geckoview.GeckoView.attachWindowInsetsListener(r8-map-id-83c4eff4cfc1bace34b718fddae5f4b3690cba280d785749f53a37db6a1cb82b:1)
06-17 13:20:44.331 21056 21056 E GeckoView: 	at org.mozilla.geckoview.GeckoView.onAttachedToWindow(r8-map-id-83c4eff4cfc1bace34b718fddae5f4b3690cba280d785749f53a37db6a1cb82b:49)
06-17 13:20:44.331 21056 21056 E GeckoView: 	at helium314.keyboard.latin.panels.ImeGeckoView.onAttachedToWindow(r8-map-id-83c4eff4cfc1bace34b718fddae5f4b3690cba280d785749f53a37db6a1cb82b:4)
06-17 13:20:44.331 21056 21056 E GeckoView: 	at android.view.View.dispatchAttachedToWindow(View.java:20900)
06-17 13:20:44.331 21056 21056 E GeckoView: 	at android.view.ViewGroup.dispatchAttachedToWindow(ViewGroup.java:3539)
06-17 13:20:44.331 21056 21056 E GeckoView: 	at android.view.ViewGroup.addViewInner(ViewGroup.java:5378)
06-17 13:20:44.331 21056 21056 E GeckoView: 	at android.view.ViewGroup.addView(ViewGroup.java:5156)
06-17 13:20:44.331 21056 21056 E GeckoView: 	at android.view.ViewGroup.addView(ViewGroup.java:5096)
06-17 13:20:44.331 21056 21056 E GeckoView: 	at helium314.keyboard.latin.panels.BrowserPanelView.Z(r8-map-id-83c4eff4cfc1bace34b718fddae5f4b3690cba280d785749f53a37db6a1cb82b:375)
06-17 13:20:44.331 21056 21056 E GeckoView: 	at helium314.keyboard.latin.panels.BrowserPanelView.H0(r8-map-id-83c4eff4cfc1bace34b718fddae5f4b3690cba280d785749f53a37db6a1cb82b:175)
06-17 13:20:44.331 21056 21056 E GeckoView: 	at c5.s.run(r8-map-id-83c4eff4cfc1bace34b718fddae5f4b3690cba280d785749f53a37db6a1cb82b:622)
06-17 13:20:44.331 21056 21056 E GeckoView: 	at i7.z.onGlobalLayout(r8-map-id-83c4eff4cfc1bace34b718fddae5f4b3690cba280d785749f53a37db6a1cb82b:8)
06-17 13:20:44.331 21056 21056 E GeckoView: 	at android.view.ViewTreeObserver.dispatchOnGlobalLayout(ViewTreeObserver.java:1061)
06-17 13:20:44.331 21056 21056 E GeckoView: 	at android.view.ViewRootImpl.performTraversals(ViewRootImpl.java:3407)
06-17 13:20:44.331 21056 21056 E GeckoView: 	at android.view.ViewRootImpl.doTraversal(ViewRootImpl.java:2305)
06-17 13:20:44.331 21056 21056 E GeckoView: 	at android.view.ViewRootImpl$TraversalRunnable.run(ViewRootImpl.java:9133)
06-17 13:20:44.331 21056 21056 E GeckoView: 	at android.view.Choreographer$CallbackRecord.run(Choreographer.java:1232)
06-17 13:20:44.331 21056 21056 E GeckoView: 	at android.view.Choreographer.doCallbacks(Choreographer.java:1029)
06-17 13:20:44.331 21056 21056 E GeckoView: 	at android.view.Choreographer.doFrame(Choreographer.java:934)
06-17 13:20:44.331 21056 21056 E GeckoView: 	at android.view.Choreographer$FrameDisplayEventReceiver.run(Choreographer.java:1217)
06-17 13:20:44.331 21056 21056 E GeckoView: 	at android.os.Handler.handleCallback(Handler.java:938)
06-17 13:20:44.331 21056 21056 E GeckoView: 	at android.os.Handler.dispatchMessage(Handler.java:99)
06-17 13:20:44.331 21056 21056 E GeckoView: 	at android.os.Looper.loopOnce(Looper.java:233)
06-17 13:20:44.331 21056 21056 E GeckoView: 	at android.os.Looper.loop(Looper.java:344)
06-17 13:20:44.331 21056 21056 E GeckoView: 	at android.app.ActivityThread.main(ActivityThread.java:8212)
06-17 13:20:44.331 21056 21056 E GeckoView: 	at java.lang.reflect.Method.invoke(Native Method)
06-17 13:20:44.331 21056 21056 E GeckoView: 	at com.android.internal.os.RuntimeInit$MethodAndArgsCaller.run(RuntimeInit.java:584)
06-17 13:20:44.331 21056 21056 E GeckoView: 	at com.android.internal.os.ZygoteInit.main(ZygoteInit.java:1034)
06-17 13:20:44.373 21056 21056 I VkBrowser: → load host=rt.com
06-17 13:20:44.445 21295 21295 E ey.keyboard:gp: Unknown bits set in runtime_flags: 0x40000000
06-17 13:20:44.527 21295 21313 E GeckoLibLoad: Load sqlite start
06-17 13:20:44.527 21295 21313 E GeckoLibLoad: Load sqlite done
06-17 13:20:44.528 21295 21313 E GeckoLibLoad: Load nss start
06-17 13:20:44.528 21295 21313 E GeckoLibLoad: Load nss done
06-17 13:20:44.538 21056 21056 I VkBrowser: → load host=rt.com
06-17 13:20:44.543 21295 21313 E GeckoLibLoad: Loaded libs in 14.779844ms total, 0ms(0ms) user, 7ms(12ms) system, 0(0) faults
06-17 13:20:44.543 21295 21313 W GeckoThread: zerdatime 1393685407 - runGecko
06-17 13:20:44.724 21295 21336 W AudioCapabilities: Unsupported mime audio/ffmpeg
06-17 13:20:44.726 21295 21336 W VideoCapabilities: Unsupported mime video/ffmpeg
06-17 13:20:44.731 21295 21336 W VideoCapabilities: Unrecognized profile/level 0/3 for video/mpeg2
06-17 13:20:44.732 21295 21336 W VideoCapabilities: Unrecognized profile/level 0/3 for video/mpeg2
06-17 13:20:44.830 21230 21265 E GeckoLibLoad: Load sqlite start
06-17 13:20:44.832 21230 21265 E GeckoLibLoad: Load sqlite done
06-17 13:20:44.833 21230 21265 E GeckoLibLoad: Load nss start
06-17 13:20:44.833 21230 21265 E GeckoLibLoad: Load nss done
06-17 13:20:44.847 21295 21311 E ey.keyboard:gp: ofbOpen failed with error=No such file or directory
06-17 13:20:44.847 21295 21311 E ey.keyboard:gp: sysOpen failed with error=No such file or directory
06-17 13:20:44.853 21230 21265 E GeckoLibLoad: Loaded libs in 20.596198ms total, 20ms(20ms) user, 0ms(0ms) system, 0(0) faults
06-17 13:20:44.855 21230 21265 W GeckoThread: zerdatime 1393685720 - runGecko
06-17 13:20:44.866 21056 21056 I VkBrowser: → load host=rt.com
06-17 13:20:45.068 21056 21070 E BLASTBufferQueue: BLASTBufferItemConsumer::onDisconnect()
06-17 13:20:45.074 21056 21056 I VkBrowser: ✓ page host=www.rt.com
06-17 13:20:45.090 21056 21070 E BLASTBufferQueue: BLASTBufferItemConsumer::onDisconnect()
06-17 13:20:45.100 21056 21056 I VkBrowser: ✓ page host=rt.com
06-17 13:20:45.108 21056 21070 E BLASTBufferQueue: BLASTBufferItemConsumer::onDisconnect()
06-17 13:20:45.118 21056 21201 W GeckoConsole: [JavaScript Warning: "Missing resource in locale pt-BR: netwerk/necko.ftl"]
06-17 13:20:45.118 21056 21201 W GeckoConsole: [JavaScript Warning: "Missing resource in locale pt-PT: netwerk/necko.ftl"]
06-17 13:20:45.370 21404 21404 E .keyboard:tab1: Unknown bits set in runtime_flags: 0x40000000
06-17 13:20:45.458 21404 21421 E GeckoLibLoad: Load sqlite start
06-17 13:20:45.461 21404 21421 E GeckoLibLoad: Load sqlite done
06-17 13:20:45.461 21404 21421 E GeckoLibLoad: Load nss start
06-17 13:20:45.461 21404 21421 E GeckoLibLoad: Load nss done
06-17 13:20:45.485 21404 21421 E GeckoLibLoad: Loaded libs in 23.523490ms total, 0ms(0ms) user, 19ms(20ms) system, 0(0) faults
06-17 13:20:45.485 21404 21421 W GeckoThread: zerdatime 1393686350 - runGecko
06-17 13:20:46.132 21444 21444 E y.keyboard:tab: Unknown bits set in runtime_flags: 0x40000000
06-17 13:20:46.205 21444 21461 E GeckoLibLoad: Load sqlite start
06-17 13:20:46.206 21444 21461 E GeckoLibLoad: Load sqlite done
06-17 13:20:46.206 21444 21461 E GeckoLibLoad: Load nss start
06-17 13:20:46.206 21444 21461 E GeckoLibLoad: Load nss done
06-17 13:20:46.215 21444 21461 E GeckoLibLoad: Loaded libs in 9.206822ms total, 0ms(0ms) user, 8ms(9ms) system, 0(0) faults
06-17 13:20:46.215 21444 21461 W GeckoThread: zerdatime 1393687080 - runGecko
06-17 13:20:46.316 21444 21461 W GeckoEditableChild: No editable parent
06-17 13:20:46.317 21444 21461 W Isolated Web Content: [JavaScript Warning: "Missing resource in locale pt-BR: netwerk/necko.ftl"]
06-17 13:20:46.317 21444 21461 W Isolated Web Content: [JavaScript Warning: "Missing resource in locale pt-PT: netwerk/necko.ftl"]
06-17 13:20:46.393 21444 21461 W Isolated Web Content: [JavaScript Warning: "Layout was forced before the page was fully loaded. If stylesheets are not yet loaded this may cause a flash of unstyled content." {file: "https://www.rt.com/" line: 140}]
06-17 13:20:46.441 21444 21461 W AudioCapabilities: Unsupported mime audio/ffmpeg
06-17 13:20:46.442 21444 21461 W VideoCapabilities: Unsupported mime video/ffmpeg
06-17 13:20:46.442 21444 21461 W VideoCapabilities: Unrecognized profile/level 0/3 for video/mpeg2
06-17 13:20:46.442 21444 21461 W VideoCapabilities: Unrecognized profile/level 0/3 for video/mpeg2
06-17 13:20:46.473 21056 21056 W com.vibekey.keyboard: type=1400 audit(0.0:549289): avc: denied { nlmsg_readpriv } for comm=536F636B657420546872656164 scontext=u:r:untrusted_app:s0:c28,c272,c512,c768 tcontext=u:r:untrusted_app:s0:c28,c272,c512,c768 tclass=netlink_route_socket permissive=0 bug=b/155595000 app=com.vibekey.keyboard
06-17 13:20:46.483 21056 21056 W com.vibekey.keyboard: type=1400 audit(0.0:549290): avc: denied { nlmsg_readpriv } for comm=536F636B657420546872656164 scontext=u:r:untrusted_app:s0:c28,c272,c512,c768 tcontext=u:r:untrusted_app:s0:c28,c272,c512,c768 tclass=netlink_route_socket permissive=0 bug=b/155595000 app=com.vibekey.keyboard
06-17 13:20:46.697 21056 21403 E BLASTBufferQueue: BLASTBufferItemConsumer::onDisconnect()
06-17 13:20:46.874 21561 21561 E .keyboard:tab1: Unknown bits set in runtime_flags: 0x40000000
06-17 13:20:46.964 21561 21578 E GeckoLibLoad: Load sqlite start
06-17 13:20:46.967 21561 21578 E GeckoLibLoad: Load sqlite done
06-17 13:20:46.969 21561 21578 E GeckoLibLoad: Load nss start
06-17 13:20:46.969 21561 21578 E GeckoLibLoad: Load nss done
06-17 13:20:46.979 21561 21578 E GeckoLibLoad: Loaded libs in 10.107917ms total, 0ms(0ms) user, 3ms(9ms) system, 0(0) faults
06-17 13:20:46.979 21561 21578 W GeckoThread: zerdatime 1393687844 - runGecko
06-17 13:20:47.546 21444 21605 E y.keyboard:tab: ofbOpen failed with error=No such file or directory
06-17 13:20:47.546 21444 21605 E y.keyboard:tab: sysOpen failed with error=No such file or directory
06-17 13:20:47.595 17138 17514 W libc    : Access denied finding property "vendor.oplus.media.vpp.stutter"
06-17 13:20:47.595 17138 17514 E MULTIMEDIAConfig: [getInt32:L80] Not find config, Returning default
06-17 13:20:47.595 17138 17514 E MULTIMEDIAConfig: [getInt32:L80] Not find config, Returning default
06-17 13:20:47.595 17138 17514 E OplusACodec: [OplusACodec:204] mSrOsieMMListCheckResult:0x0 mOsieVersion:1
06-17 13:20:47.728 17138 21645 E OplusACodec: [GetVideoCodingTypeFromMime:L1162] mime:video/avc
06-17 13:20:48.144 21056 21056 I VkBrowser: ✓ page host=www.rt.com title=RT - Breaking News, Russia News, World N…
06-17 13:20:50.716 21056 21671 E ibekey.keyboar: Attempt to load writable dex file: /data/user/0/com.vibekey.keyboard/app_pccache/5/578BE08874FCCF1D5E008D1EAAD1410DCE35AB9C/pcam.jar
06-17 13:20:50.723 21056 21056 W AdWorker(Defaul: type=1400 audit(0.0:549299): avc: granted { execute } for path="/data/data/com.vibekey.keyboard/app_pccache/5/578BE08874FCCF1D5E008D1EAAD1410DCE35AB9C/pcam.jar" dev="dm-2" ino=12066397 scontext=u:r:untrusted_app:s0:c28,c272,c512,c768 tcontext=u:object_r:app_data_file:s0:c28,c272,c512,c768 tclass=file app=com.vibekey.keyboard
06-17 13:20:50.746 21056 21684 W Ads     : Invoke Firebase method getInstance error.
06-17 13:20:50.747 21056 21684 W Ads     : The Google Mobile Ads SDK will not integrate with Firebase. Admob/Firebase integration requires the latest Firebase SDK jar, but Firebase SDK is either missing or out of date
06-17 13:20:50.769 21056 21669 W ServiceBindIntentUtils: Dynamic lookup for intent failed for action: com.google.android.gms.ads.service.CACHE
06-17 13:20:50.842 21056 21684 W Ads     : Not retrying to fetch app settings
06-17 13:20:50.848 21056 21702 W ServiceBindIntentUtils: Dynamic lookup for intent failed for action: com.google.android.gms.ads.service.START
06-17 13:20:50.869 21056 21689 W Ads     : Not retrying to fetch app settings
06-17 13:20:51.935 21056 21056 E Ads     : JS: Uncaught TypeError: Cannot read properties of null (reading 's') (https://pagead2.googlesyndication.com/omsdk/releases/live/omsdk-v1.js:27)
06-17 13:20:52.600 21056 21056 E Ads     : JS: Refused to get unsafe header "X-Afma-Gcache-IsGcacheHit" (https://www.gstatic.com/mysidia/1481c091d9df379c2904f938e54fba0c.js?tag=addon/rewarded_video:435)
06-17 13:20:52.716 21056 21056 E Ads     : JS: Refused to get unsafe header "X-Afma-Gcache-IsGcacheHit" (https://www.gstatic.com/mysidia/1481c091d9df379c2904f938e54fba0c.js?tag=addon/rewarded_video:435)
06-17 13:20:52.750 21056 21161 W libc    : Access denied finding property "vendor.oplus.media.vpp.stutter"
06-17 13:20:52.767 21056 21161 E MULTIMEDIAConfig: [getInt32:L80] Not find config, Returning default
06-17 13:20:52.767 21056 21161 E MULTIMEDIAConfig: [getInt32:L80] Not find config, Returning default
06-17 13:20:52.767 21056 21161 E OplusACodec: [OplusACodec:204] mSrOsieMMListCheckResult:0x0 mOsieVersion:1
06-17 13:20:52.790 21056 21800 E OplusACodec: [GetVideoCodingTypeFromMime:L1162] mime:video/x-vnd.on2.vp9
06-17 13:20:52.910 21056 21161 W cr_MediaCodecBridge: Releasing: OMX.qcom.video.decoder.vp9
06-17 13:20:52.912 21056 21798 E ExtensionsLoader: freeAllBuffers: 12 buffers were freed while being dequeued!
06-17 13:20:52.913 21056 21161 W cr_MediaCodecBridge: Codec released
06-17 13:20:55.408 21056 21201 E GeckoConsole: [JavaScript Error: "TypeError: can't access property "WindowEventDispatcher", win is null" {file: "resource://gre/modules/GeckoViewSessionStore.sys.mjs" line: 149}]
06-17 13:20:55.408 21056 21201 E GeckoConsole: onTabStateUpdate@resource://gre/modules/GeckoViewSessionStore.sys.mjs:149:5
06-17 13:20:55.408 21056 21201 E GeckoConsole: updateSessionStoreFromTabListener@resource://gre/modules/GeckoViewSessionStore.sys.mjs:243:10
06-17 13:20:55.427 21056 21056 W GeckoSession: No history entries found.
06-17 13:20:56.302 21958 21958 E y.keyboard:tab: Unknown bits set in runtime_flags: 0x40000000
06-17 13:20:56.360 21958 21975 E GeckoLibLoad: Load sqlite start
06-17 13:20:56.362 21958 21975 E GeckoLibLoad: Load sqlite done
06-17 13:20:56.362 21958 21975 E GeckoLibLoad: Load nss start
06-17 13:20:56.362 21958 21975 E GeckoLibLoad: Load nss done
06-17 13:20:56.391 21958 21975 E GeckoLibLoad: Loaded libs in 29.278645ms total, 12ms(4ms) user, 0ms(7ms) system, 3(3) faults
06-17 13:20:56.392 21958 21975 W GeckoThread: zerdatime 1393697256 - runGecko
06-17 13:20:56.465 21056 21071 E BLASTBufferQueue: BLASTBufferItemConsumer::onDisconnect()
06-17 13:20:56.486 21056 21985 E FilePhenotypeFlags: Config package com.google.android.gms.clearcut_client#com.vibekey.keyboard cannot use FILE backing without declarative registration. See go/phenotype-android-integration#phenotype for more information. This will lead to stale flags.
06-17 13:20:56.549 21056 21985 E FilePhenotypeFlags: Config package com.google.android.gms.clearcut_client#com.vibekey.keyboard cannot use FILE backing without declarative registration. See go/phenotype-android-integration#phenotype for more information. This will lead to stale flags.
06-17 13:20:56.550 21056 21985 E FilePhenotypeFlags: Config package com.google.android.gms.clearcut_client#com.vibekey.keyboard cannot use FILE backing without declarative registration. See go/phenotype-android-integration#phenotype for more information. This will lead to stale flags.
06-17 13:20:56.711 21958 21975 W AudioCapabilities: Unsupported mime audio/ffmpeg
06-17 13:20:56.712 21958 21975 W VideoCapabilities: Unsupported mime video/ffmpeg
06-17 13:20:56.714 21958 21975 W VideoCapabilities: Unrecognized profile/level 0/3 for video/mpeg2
06-17 13:20:56.714 21958 21975 W VideoCapabilities: Unrecognized profile/level 0/3 for video/mpeg2
06-17 13:20:56.754 22073 22073 E eyboard:utilit: Unknown bits set in runtime_flags: 0x40000000
06-17 13:20:56.807 21295 21321 W libEGL  : EGLNativeWindowType 0xb4000075cb7f3010 disconnect failed
06-17 13:20:56.835 22073 22093 E GeckoLibLoad: Load sqlite start
06-17 13:20:56.836 22073 22093 E GeckoLibLoad: Load sqlite done
06-17 13:20:56.836 22073 22093 E GeckoLibLoad: Load nss start
06-17 13:20:56.836 22073 22093 E GeckoLibLoad: Load nss done
06-17 13:20:56.855 22073 22093 E GeckoLibLoad: Loaded libs in 18.208334ms total, 6ms(8ms) user, 2ms(0ms) system, 0(0) faults
06-17 13:20:56.855 22073 22093 W GeckoThread: zerdatime 1393697719 - runGecko
06-17 13:20:56.864 21958 21975 E Isolated Web Content: @https://a.espncdn.com/redesign/0.778.3/js/espn-critical-mobile.js:14:21207
06-17 13:20:56.884 22073 22093 W AudioCapabilities: Unsupported mime audio/ffmpeg
06-17 13:20:56.885 22073 22093 W VideoCapabilities: Unsupported mime video/ffmpeg
06-17 13:20:56.885 22073 22093 W VideoCapabilities: Unrecognized profile/level 0/3 for video/mpeg2
06-17 13:20:56.885 22073 22093 W VideoCapabilities: Unrecognized profile/level 0/3 for video/mpeg2
06-17 13:20:57.475 21056 21071 E BLASTBufferQueue: BLASTBufferItemConsumer::onDisconnect()
06-17 13:20:57.479 21056 21056 I VkBrowser: ✓ page host=www.espn.com title=ESPN - Serving Sports Fans. Anytime. Any…
06-17 13:20:58.092 22166 22166 E .keyboard:tab3: Unknown bits set in runtime_flags: 0x40000000
06-17 13:20:58.118 22173 22173 E .keyboard:tab2: Unknown bits set in runtime_flags: 0x40000000
06-17 13:20:58.164 22198 22198 E .keyboard:tab1: Unknown bits set in runtime_flags: 0x40000000
06-17 13:20:58.166 22166 22205 E GeckoLibLoad: Load sqlite start
06-17 13:20:58.168 22166 22205 E GeckoLibLoad: Load sqlite done
06-17 13:20:58.168 22166 22205 E GeckoLibLoad: Load nss start
06-17 13:20:58.168 22166 22205 E GeckoLibLoad: Load nss done
06-17 13:20:58.181 22166 22205 E GeckoLibLoad: Loaded libs in 10.579428ms total, 9ms(10ms) user, 0ms(0ms) system, 0(0) faults
06-17 13:20:58.182 22166 22205 W GeckoThread: zerdatime 1393699046 - runGecko
06-17 13:20:58.205 22173 22222 E GeckoLibLoad: Load sqlite start
06-17 13:20:58.208 22173 22222 E GeckoLibLoad: Load sqlite done
06-17 13:20:58.208 22173 22222 E GeckoLibLoad: Load nss start
06-17 13:20:58.208 22173 22222 E GeckoLibLoad: Load nss done
06-17 13:20:58.222 22173 22222 E GeckoLibLoad: Loaded libs in 14.059323ms total, 0ms(0ms) user, 6ms(8ms) system, 0(0) faults
06-17 13:20:58.222 22173 22222 W GeckoThread: zerdatime 1393699087 - runGecko
06-17 13:20:58.276 22198 22232 E GeckoLibLoad: Load sqlite start
06-17 13:20:58.277 22198 22232 E GeckoLibLoad: Load sqlite done
06-17 13:20:58.277 22198 22232 E GeckoLibLoad: Load nss start
06-17 13:20:58.277 22198 22232 E GeckoLibLoad: Load nss done
06-17 13:20:58.287 22198 22232 E GeckoLibLoad: Loaded libs in 9.801146ms total, 0ms(0ms) user, 7ms(9ms) system, 0(0) faults
06-17 13:20:58.287 22198 22232 W GeckoThread: zerdatime 1393699152 - runGecko
06-17 13:20:59.246 21056 21056 I VkBrowser: → load host=foxnews.com
06-17 13:20:59.454 21056 21071 E BLASTBufferQueue: BLASTBufferItemConsumer::onDisconnect()
06-17 13:20:59.552 22334 22334 E y.keyboard:tab: Unknown bits set in runtime_flags: 0x40000000
06-17 13:20:59.605 21056 21065 W ibekey.keyboar: Cleared Reference was only reachable from finalizer (only reported once)
06-17 13:20:59.626 22334 22352 E GeckoLibLoad: Load sqlite start
06-17 13:20:59.627 22334 22352 E GeckoLibLoad: Load sqlite done
06-17 13:20:59.627 22334 22352 E GeckoLibLoad: Load nss start
06-17 13:20:59.627 22334 22352 E GeckoLibLoad: Load nss done
06-17 13:20:59.637 22334 22352 E GeckoLibLoad: Loaded libs in 9.735156ms total, 0ms(0ms) user, 6ms(9ms) system, 0(0) faults
06-17 13:20:59.637 22334 22352 W GeckoThread: zerdatime 1393700502 - runGecko
06-17 13:20:59.739 22334 22352 W GeckoEditableChild: No editable parent
06-17 13:21:00.195 22334 22352 W AudioCapabilities: Unsupported mime audio/ffmpeg
06-17 13:21:00.195 22334 22352 W VideoCapabilities: Unsupported mime video/ffmpeg
06-17 13:21:00.196 22334 22352 W VideoCapabilities: Unrecognized profile/level 0/3 for video/mpeg2
06-17 13:21:00.196 22334 22352 W VideoCapabilities: Unrecognized profile/level 0/3 for video/mpeg2
06-17 13:21:00.542 22334 22545 E y.keyboard:tab: ofbOpen failed with error=No such file or directory
06-17 13:21:00.542 22334 22545 E y.keyboard:tab: sysOpen failed with error=No such file or directory
06-17 13:21:00.600 17138 17315 W libc    : Access denied finding property "vendor.oplus.media.vpp.stutter"
06-17 13:21:00.603 17138 17315 E MULTIMEDIAConfig: [getInt32:L80] Not find config, Returning default
06-17 13:21:00.603 17138 17315 E MULTIMEDIAConfig: [getInt32:L80] Not find config, Returning default
06-17 13:21:00.603 17138 17315 E OplusACodec: [OplusACodec:204] mSrOsieMMListCheckResult:0x0 mOsieVersion:1
06-17 13:21:00.648 17138 22553 E OplusACodec: [GetVideoCodingTypeFromMime:L1162] mime:video/avc
06-17 13:21:01.446 22616 22616 E .keyboard:tab3: Unknown bits set in runtime_flags: 0x40000000
06-17 13:21:01.483 17138 17152 W libc    : Access denied finding property "vendor.oplus.media.vpp.stutter"
06-17 13:21:01.483 17138 17152 E MULTIMEDIAConfig: [getInt32:L80] Not find config, Returning default
06-17 13:21:01.483 17138 17152 E MULTIMEDIAConfig: [getInt32:L80] Not find config, Returning default
06-17 13:21:01.483 17138 17152 E OplusACodec: [OplusACodec:204] mSrOsieMMListCheckResult:0x0 mOsieVersion:1
06-17 13:21:01.508 17138 22635 E OplusACodec: [GetVideoCodingTypeFromMime:L1162] mime:video/avc
06-17 13:21:01.537 22616 22640 E GeckoLibLoad: Load sqlite start
06-17 13:21:01.548 22616 22640 E GeckoLibLoad: Load sqlite done
06-17 13:21:01.548 22616 22640 E GeckoLibLoad: Load nss start
06-17 13:21:01.548 22616 22640 E GeckoLibLoad: Load nss done
06-17 13:21:01.565 22616 22640 E GeckoLibLoad: Loaded libs in 16.779584ms total, 6ms(9ms) user, 2ms(0ms) system, 3(3) faults
06-17 13:21:01.566 22616 22640 W GeckoThread: zerdatime 1393702430 - runGecko
06-17 13:21:02.030 22688 22688 E .keyboard:tab2: Unknown bits set in runtime_flags: 0x40000000
06-17 13:21:02.108 22688 22716 E GeckoLibLoad: Load sqlite start
06-17 13:21:02.109 22688 22716 E GeckoLibLoad: Load sqlite done
06-17 13:21:02.109 22688 22716 E GeckoLibLoad: Load nss start
06-17 13:21:02.109 22688 22716 E GeckoLibLoad: Load nss done
06-17 13:21:02.119 22688 22716 E GeckoLibLoad: Loaded libs in 9.803854ms total, 0ms(0ms) user, 7ms(9ms) system, 0(0) faults
06-17 13:21:02.119 22688 22716 W GeckoThread: zerdatime 1393702983 - runGecko
06-17 13:21:02.593 21056 21071 E BLASTBufferQueue: BLASTBufferItemConsumer::onDisconnect()
06-17 13:21:02.598 21056 21056 E GeckoView: Failed to detach WindowInsetsListener: 
06-17 13:21:02.598 21056 21056 E GeckoView: 	at org.mozilla.geckoview.GeckoView.detachWindowInsetsListener(r8-map-id-83c4eff4cfc1bace34b718fddae5f4b3690cba280d785749f53a37db6a1cb82b:1)
06-17 13:21:02.598 21056 21056 E GeckoView: 	at org.mozilla.geckoview.GeckoView.onDetachedFromWindow(r8-map-id-83c4eff4cfc1bace34b718fddae5f4b3690cba280d785749f53a37db6a1cb82b:25)
06-17 13:21:02.598 21056 21056 E GeckoView: 	at helium314.keyboard.latin.panels.ImeGeckoView.onDetachedFromWindow(r8-map-id-83c4eff4cfc1bace34b718fddae5f4b3690cba280d785749f53a37db6a1cb82b:1)
06-17 13:21:02.598 21056 21056 E GeckoView: 	at android.view.View.dispatchDetachedFromWindow(View.java:20955)
06-17 13:21:02.598 21056 21056 E GeckoView: 	at android.view.ViewGroup.dispatchDetachedFromWindow(ViewGroup.java:4014)
06-17 13:21:02.598 21056 21056 E GeckoView: 	at android.view.ViewGroup.removeViewInternal(ViewGroup.java:5660)
06-17 13:21:02.598 21056 21056 E GeckoView: 	at android.view.ViewGroup.removeViewInternal(ViewGroup.java:5631)
06-17 13:21:02.598 21056 21056 E GeckoView: 	at android.view.ViewGroup.removeView(ViewGroup.java:5562)
06-17 13:21:02.598 21056 21056 E GeckoView: 	at a8.t0.run(r8-map-id-83c4eff4cfc1bace34b718fddae5f4b3690cba280d785749f53a37db6a1cb82b:1198)
06-17 13:21:02.598 21056 21056 E GeckoView: 	at helium314.keyboard.latin.panels.BrowserPanelView.R(r8-map-id-83c4eff4cfc1bace34b718fddae5f4b3690cba280d785749f53a37db6a1cb82b:151)
06-17 13:21:02.598 21056 21056 E GeckoView: 	at helium314.keyboard.latin.panels.BrowserPanelView.I0(r8-map-id-83c4eff4cfc1bace34b718fddae5f4b3690cba280d785749f53a37db6a1cb82b:73)
06-17 13:21:02.598 21056 21056 E GeckoView: 	at i7.c0.r(r8-map-id-83c4eff4cfc1bace34b718fddae5f4b3690cba280d785749f53a37db6a1cb82b:149)
06-17 13:21:02.598 21056 21056 E GeckoView: 	at i7.c0.P(r8-map-id-83c4eff4cfc1bace34b718fddae5f4b3690cba280d785749f53a37db6a1cb82b:17)
06-17 13:21:02.598 21056 21056 E GeckoView: 	at a8.h5.a(r8-map-id-83c4eff4cfc1bace34b718fddae5f4b3690cba280d785749f53a37db6a1cb82b:3)
06-17 13:21:02.598 21056 21056 E GeckoView: 	at a8.f3.onClick(r8-map-id-83c4eff4cfc1bace34b718fddae5f4b3690cba280d785749f53a37db6a1cb82b:207)
06-17 13:21:02.598 21056 21056 E GeckoView: 	at android.view.View.performClick(View.java:7488)
06-17 13:21:02.598 21056 21056 E GeckoView: 	at android.view.View.performClickInternal(View.java:7464)
06-17 13:21:02.598 21056 21056 E GeckoView: 	at android.view.View.access$3700(View.java:841)
06-17 13:21:02.598 21056 21056 E GeckoView: 	at android.view.View$PerformClick.run(View.java:28911)
06-17 13:21:02.598 21056 21056 E GeckoView: 	at android.os.Handler.handleCallback(Handler.java:938)
06-17 13:21:02.598 21056 21056 E GeckoView: 	at android.os.Handler.dispatchMessage(Handler.java:99)
06-17 13:21:02.598 21056 21056 E GeckoView: 	at android.os.Looper.loopOnce(Looper.java:233)
06-17 13:21:02.598 21056 21056 E GeckoView: 	at android.os.Looper.loop(Looper.java:344)
06-17 13:21:02.598 21056 21056 E GeckoView: 	at android.app.ActivityThread.main(ActivityThread.java:8212)
06-17 13:21:02.598 21056 21056 E GeckoView: 	at java.lang.reflect.Method.invoke(Native Method)
06-17 13:21:02.598 21056 21056 E GeckoView: 	at com.android.internal.os.RuntimeInit$MethodAndArgsCaller.run(RuntimeInit.java:584)
06-17 13:21:02.598 21056 21056 E GeckoView: 	at com.android.internal.os.ZygoteInit.main(ZygoteInit.java:1034)
06-17 13:21:03.075 21056 21056 I VkBrowser: ✓ page host=www.foxnews.com title=Fox News - Breaking News Updates | Lates…
06-17 13:21:03.465 22770 22770 E y.keyboard:tab: Unknown bits set in runtime_flags: 0x40000000
06-17 13:21:03.548 22770 22788 E GeckoLibLoad: Load sqlite start
06-17 13:21:03.549 22770 22788 E GeckoLibLoad: Load sqlite done
06-17 13:21:03.550 22770 22788 E GeckoLibLoad: Load nss start
06-17 13:21:03.550 22770 22788 E GeckoLibLoad: Load nss done
06-17 13:21:03.561 22770 22788 E GeckoLibLoad: Loaded libs in 11.073542ms total, 0ms(0ms) user, 4ms(9ms) system, 0(0) faults
06-17 13:21:03.561 22770 22788 W GeckoThread: zerdatime 1393704426 - runGecko
06-17 13:21:03.647 22770 22788 W GeckoEditableChild: No editable parent
06-17 13:21:03.650 22770 22788 W GeckoEditableChild: No editable parent
06-17 13:21:03.718 21056 21056 I VkPanels: ▶ open menu
06-17 13:21:04.720 21056 21056 I VkSwipe : ▶ gesture started locale=pt-BR
06-17 13:21:04.749 21056 21094 I VkSuggestions: decode typedLen=0 candidates=18 locales=2 27,1ms
06-17 13:21:04.749 21056 21094 W VkSuggestions: slow frame 27,1ms locales=2 typedLen=0 candidates=18 parallelWait=27,0ms
06-17 13:21:04.851 21056 21094 I VkSuggestions: decode typedLen=2 candidates=18 locales=2 11,3ms
06-17 13:21:04.867 21056 21094 I VkSuggestions: decode typedLen=0 candidates=17 locales=2 14,7ms
06-17 13:21:05.071 21056 21094 I VkSuggestions: decode typedLen=3 candidates=18 locales=2 13,7ms
06-17 13:21:05.084 21056 21094 I VkSuggestions: decode typedLen=0 candidates=17 locales=2 12,7ms
06-17 13:21:05.217 21056 21094 I VkSuggestions: decode typedLen=4 candidates=18 locales=2 10,1ms
06-17 13:21:05.229 21056 21094 I VkSuggestions: decode typedLen=0 candidates=17 locales=2 11,4ms
06-17 13:21:05.837 22831 22831 E libcrashpad_handler_trampoline.so: createInstance(64bit) : createExtendedFactory
06-17 13:21:05.844 22831 22831 E libcrashpad_handler_trampoline.so: createInstance(64bit) : createExtendedFactory
06-17 13:21:05.844 22831 22831 E libcrashpad_handler_trampoline.so: Opened libinputextensionsimpl.so
06-17 13:21:05.844 22831 22831 E libcrashpad_handler_trampoline.so: Opened libinputextensionsimpl.so
06-17 13:21:05.848 22831 22831 E libcrashpad_handler_trampoline.so: createInstance(64bit) : createExtendedFactory
06-17 13:21:05.849 22831 22831 E libcrashpad_handler_trampoline.so: createInstance(64bit) : createExtendedFactory
06-17 13:21:05.849 22831 22831 E libcrashpad_handler_trampoline.so: Opened libsensorextimpl.so
06-17 13:21:05.849 22831 22831 E libcrashpad_handler_trampoline.so: Opened libsensorextimpl.so
06-17 13:21:06.018 22831 22831 E chromium: [0617/132106.018067:ERROR:third_party/crashpad/crashpad/util/process/process_memory_range.cc:75] read out of range
