=== VibeKey 4.1.257 (4357) ===

--------- beginning of system
07-12 14:59:19.508 16493 16493 E OplusCustomizeRestrictionManager: sInstance is null, start a new sInstance
--------- beginning of main
07-12 15:00:47.077 16493 17962 W libc    : Access denied finding property "vendor.oplus.media.vpp.stutter"
07-12 15:00:47.684 16493 16523 E BLASTBufferQueue: BLASTBufferItemConsumer::onDisconnect()
07-12 15:00:50.080 16493 17962 W libc    : Access denied finding property "vendor.oplus.media.vpp.stutter"
07-12 15:00:51.080 16493 17962 W libc    : Access denied finding property "vendor.oplus.media.vpp.stutter"
07-12 15:00:51.246 16493 16593 W cr_MediaCodecBridge: Releasing: OMX.qcom.video.decoder.vp9
07-12 15:00:51.248 16493 17961 E ExtensionsLoader: freeAllBuffers: 13 buffers were freed while being dequeued!
07-12 15:00:51.255 16493 16593 W cr_MediaCodecBridge: Codec released
07-12 15:00:51.316 16493 18136 W ServiceBindIntentUtils: Dynamic lookup for intent failed for action: com.google.android.gms.ads.service.START
07-12 15:00:51.373 16493 16493 I VkTyping: ▶ open restart=false pkg=com.android.launcher inputType=589825
07-12 15:00:51.756 16493 16523 E BLASTBufferQueue: BLASTBufferItemConsumer::onDisconnect()
07-12 15:00:51.765 16493 16523 E BLASTBufferQueue: BLASTBufferItemConsumer::onDisconnect()
07-12 15:00:52.318 16527 17398 I OnDeviceAssist: warm ok model=qwen2.5-0.5b-instruct-q4_0.gguf ambient=56 chars 0ms
07-12 15:00:52.409 16493 16493 W Ads     : GET LOCATION COMPILED
07-12 15:00:52.542 16493 16594 W libc    : Access denied finding property "vendor.oplus.media.vpp.stutter"
07-12 15:00:52.543 16493 16594 E MULTIMEDIAConfig: [getInt32:L80] Not find config, Returning default
07-12 15:00:52.543 16493 16594 E MULTIMEDIAConfig: [getInt32:L80] Not find config, Returning default
07-12 15:00:52.543 16493 16594 E OplusACodec: [OplusACodec:204] mSrOsieMMListCheckResult:0x0 mOsieVersion:1
07-12 15:00:52.565 16493 18149 E OplusACodec: [GetVideoCodingTypeFromMime:L1162] mime:video/x-vnd.on2.vp9
07-12 15:00:52.641 16493 16493 E Ads     : JS: Uncaught TypeError: Cannot read properties of null (reading 's') (https://pagead2.googlesyndication.com/omsdk/releases/live/omsdk-v1.js:27)
07-12 15:00:52.642 16493 17866 E ActivityThread: Failed to find provider info for com.oplus.statistics.provider
07-12 15:00:52.642 16493 17866 E OplusStatistics--: IllegalArgumentException:java.lang.IllegalArgumentException: Unknown URL content://com.oplus.statistics.provider/track_event
07-12 15:00:52.644 16493 16593 W cr_MediaCodecBridge: Releasing: OMX.qcom.video.decoder.vp9
07-12 15:00:52.645 16493 18148 E ExtensionsLoader: freeAllBuffers: 13 buffers were freed while being dequeued!
07-12 15:00:52.646 16493 16593 W cr_MediaCodecBridge: Codec released
07-12 15:00:55.299 16493 16493 I OnDeviceAssist: ▶ tap task=tone_casual in=23 chars
07-12 15:00:55.310 16493 17371 I OnDeviceAssist: ▶ assist_ipc task=tone_casual in=23 chars
07-12 15:00:55.322 16527 16545 I OnDeviceAssist: dispatch task=tone_casual in=23 chars engine=Ready
07-12 15:00:55.323 16527 16545 I OnDeviceAssist: ▶ runSync task=tone_casual in=23 chars locale=pt
07-12 15:00:55.323 16527 16545 I OnDeviceAssist: → llm task=tone_casual model=qwen2.5-0.5b-instruct-q4_0.gguf temp=0.45 maxTok=64
07-12 15:00:55.898 16527 16545 I OnDeviceAssist: ✓ llm task=tone_casual 576ms out=15 chars
07-12 15:00:55.898 16527 16545 I OnDeviceAssist: done task=tone_casual 576ms out=15 chars
07-12 15:00:55.899 16493 16508 I OnDeviceAssist: ✓ assist (ime) task=tone_casual 589ms in=23 out=15
07-12 15:01:00.392 16493 16493 I OnDeviceAssist: ▶ tap task=tone_direct in=23 chars
07-12 15:01:00.393 16493 17371 I OnDeviceAssist: ▶ assist_ipc task=tone_direct in=23 chars
07-12 15:01:00.403 16527 16545 I OnDeviceAssist: dispatch task=tone_direct in=23 chars engine=Ready
07-12 15:01:00.403 16527 16545 I OnDeviceAssist: ▶ runSync task=tone_direct in=23 chars locale=pt
07-12 15:01:00.404 16527 16545 I OnDeviceAssist: → llm task=tone_direct model=qwen2.5-0.5b-instruct-q4_0.gguf temp=0.45 maxTok=64
07-12 15:01:01.236 16527 16545 W OnDeviceAssist: ↻ llm retry task=tone_direct: exact echo
07-12 15:01:01.900 16527 16545 W OnDeviceAssist: ✗ llm task=tone_direct 1496ms: Model echoed input unchanged
07-12 15:01:01.900 16527 16545 W OnDeviceAssist: failed task=tone_direct 1496ms
07-12 15:01:01.900 16493 16508 W OnDeviceAssist: ✗ assist (ime) task=tone_direct 1507ms: Model echoed input unchanged
07-12 15:01:01.908 16493 16493 W AiAssistPanel: On-device AI error: Model echoed input unchanged
07-12 15:01:03.959 16493 16705 W VibeKeyProfiler: Slow Native Suggest: Total=12.38ms | Init=0.69ms | TrieExpand(x15)=11.65ms | Scoring=0.04ms | inputSize=1
07-12 15:01:03.960 16493 16705 I VkSuggestions: decode typedLen=1 candidates=18 locales=2 13,4ms
07-12 15:01:03.962 16493 16705 I VkSuggestions: strip composing typedLen=1 candidates=19 autocorrect=false top=j locale=pt
07-12 15:01:04.149 16493 16705 I VkSuggestions: decode typedLen=2 candidates=18 locales=2 5,7ms
07-12 15:01:04.150 16493 16705 I VkSuggestions: strip composing typedLen=2 candidates=13 autocorrect=false top=jh locale=pt
07-12 15:01:04.333 16493 16705 I VkSuggestions: decode typedLen=3 candidates=18 locales=2 3,6ms
07-12 15:01:04.334 16493 16705 I VkSuggestions: strip composing typedLen=3 candidates=15 autocorrect=false top=jhg locale=pt
07-12 15:01:04.456 16493 16705 I VkSuggestions: decode typedLen=4 candidates=18 locales=2 4,1ms
07-12 15:01:04.457 16493 16705 I VkSuggestions: strip composing typedLen=4 candidates=19 autocorrect=false top=jhgd locale=pt
07-12 15:01:04.594 16493 16705 I VkSuggestions: decode typedLen=5 candidates=18 locales=2 5,7ms
07-12 15:01:04.597 16493 16705 I VkSuggestions: strip composing typedLen=5 candidates=19 autocorrect=false top=jhgdh locale=pt
07-12 15:01:04.847 16493 16503 W ibekey.keyboar: Cleared Reference was only reachable from finalizer (only reported once)
07-12 15:01:05.076 16493 16705 I VkSuggestions: decode typedLen=4 candidates=18 locales=2 3,4ms
07-12 15:01:05.078 16493 16705 I VkSuggestions: strip composing typedLen=4 candidates=19 autocorrect=false top=jhgd locale=pt
07-12 15:01:05.235 16493 16705 I VkSuggestions: decode typedLen=3 candidates=18 locales=2 3,6ms
07-12 15:01:05.236 16493 16705 I VkSuggestions: strip composing typedLen=3 candidates=15 autocorrect=false top=jhg locale=pt
07-12 15:01:05.384 16493 16705 I VkSuggestions: decode typedLen=2 candidates=18 locales=2 10,3ms
07-12 15:01:05.387 16493 16705 I VkSuggestions: strip composing typedLen=2 candidates=13 autocorrect=false top=jh locale=pt
07-12 15:01:05.712 16493 16705 W VibeKeyProfiler: Slow Native Suggest: Total=12.53ms | Init=0.50ms | TrieExpand(x15)=11.99ms | Scoring=0.04ms | inputSize=1
07-12 15:01:05.713 16493 16705 I VkSuggestions: decode typedLen=1 candidates=18 locales=2 13,5ms
07-12 15:01:05.715 16493 16705 I VkSuggestions: strip composing typedLen=1 candidates=19 autocorrect=false top=j locale=pt
07-12 15:01:06.496 16493 16493 I VkSwipe : ▶ gesture started locale=pt-BR
07-12 15:01:06.498 16493 16493 I VkAutocorrect: kept (typing): j
07-12 15:01:06.508 16493 16705 I VkSuggestions: decode typedLen=0 candidates=18 locales=2 9,9ms
07-12 15:01:06.620 16493 16705 I VkSuggestions: decode typedLen=2 candidates=18 locales=2 5,5ms
07-12 15:01:06.632 16493 16705 W VibeKeyProfiler: Slow Native Suggest: Total=11.49ms | Init=0.16ms | TrieExpand(x13)=11.31ms | Scoring=0.02ms | inputSize=13
07-12 15:01:06.633 16493 16705 I VkSuggestions: decode typedLen=0 candidates=4 locales=2 12,2ms
07-12 15:01:06.727 16493 16705 I VkSuggestions: decode typedLen=2 candidates=18 locales=2 4,7ms
07-12 15:01:06.733 16493 16705 I VkSuggestions: decode typedLen=0 candidates=18 locales=2 6,0ms
07-12 15:01:06.923 16493 16705 I VkSuggestions: decode typedLen=3 candidates=18 locales=2 5,9ms
07-12 15:01:06.936 16493 16705 W VibeKeyProfiler: Slow Native Suggest: Total=13.04ms | Init=0.21ms | TrieExpand(x15)=12.80ms | Scoring=0.03ms | inputSize=26
07-12 15:01:06.937 16493 16705 I VkSuggestions: decode typedLen=0 candidates=4 locales=2 13,8ms
07-12 15:01:07.013 16493 16705 I VkSuggestions: decode typedLen=3 candidates=18 locales=2 4,7ms
07-12 15:01:07.019 16493 16705 I VkSuggestions: decode typedLen=0 candidates=18 locales=2 4,8ms
07-12 15:01:07.031 16493 16493 I VkSwipe : ✓ gesture points=27 decodedLen=3 candidates=16 top=hit 535ms
07-12 15:01:07.425 16493 16705 I VkSuggestions: strip prediction typedLen=0 candidates=3 autocorrect=false top=família locale=pt
07-12 15:01:08.468 16493 16493 I VkSwipe : ▶ gesture started locale=pt-BR
07-12 15:01:08.469 16493 16493 I VkAutocorrect: kept (typing): j
07-12 15:01:08.560 16493 16705 I VkSuggestions: decode typedLen=2 candidates=18 locales=2 5,8ms
07-12 15:01:08.568 16493 16705 I VkSuggestions: decode typedLen=0 candidates=18 locales=2 7,5ms
07-12 15:01:08.744 16493 16705 I VkSuggestions: decode typedLen=3 candidates=18 locales=2 6,3ms
07-12 15:01:08.751 16493 16705 I VkSuggestions: decode typedLen=0 candidates=18 locales=2 5,4ms
07-12 15:01:08.859 16493 16705 I VkSuggestions: decode typedLen=3 candidates=18 locales=2 3,7ms
07-12 15:01:08.866 16493 16705 I VkSuggestions: decode typedLen=0 candidates=18 locales=2 6,8ms
07-12 15:01:08.978 16493 16705 I VkSuggestions: decode typedLen=3 candidates=18 locales=2 4,4ms
07-12 15:01:08.984 16493 16705 I VkSuggestions: decode typedLen=0 candidates=18 locales=2 5,3ms
07-12 15:01:09.094 16493 16705 I VkSuggestions: decode typedLen=3 candidates=18 locales=2 4,8ms
07-12 15:01:09.101 16493 16705 I VkSuggestions: decode typedLen=0 candidates=18 locales=2 6,2ms
07-12 15:01:09.228 16493 16705 I VkSuggestions: decode typedLen=3 candidates=18 locales=2 5,3ms
07-12 15:01:09.236 16493 16705 I VkSuggestions: decode typedLen=0 candidates=18 locales=2 7,4ms
07-12 15:01:09.241 16493 16705 I VkSuggestions: decode typedLen=3 candidates=18 locales=2 3,1ms
07-12 15:01:09.245 16493 16705 I VkSuggestions: decode typedLen=0 candidates=18 locales=2 3,8ms
07-12 15:01:09.269 16493 16493 I VkSwipe : ✓ gesture points=46 decodedLen=8 candidates=18 top=ghiaccio 801ms
07-12 15:01:09.471 16493 16493 I VkSwipe : ▶ gesture started locale=pt-BR
07-12 15:01:09.580 16493 16705 I VkSuggestions: decode typedLen=2 candidates=18 locales=2 5,7ms
07-12 15:01:09.588 16493 16705 I VkSuggestions: decode typedLen=0 candidates=18 locales=2 7,9ms
07-12 15:01:09.665 16493 16705 I VkSuggestions: decode typedLen=2 candidates=18 locales=2 7,1ms
07-12 15:01:09.667 16493 16705 I VkSuggestions: decode typedLen=0 candidates=18 locales=2 1,9ms
07-12 15:01:09.681 16493 16493 I VkSwipe : ✓ gesture points=14 decodedLen=2 candidates=15 top=DW 210ms
07-12 15:01:09.971 16493 16493 I VkSwipe : ▶ gesture started locale=pt-BR
07-12 15:01:10.075 16493 16705 I VkSuggestions: decode typedLen=2 candidates=18 locales=2 6,9ms
07-12 15:01:10.088 16493 16705 W VibeKeyProfiler: Slow Native Suggest: Total=8.72ms | Init=0.12ms | TrieExpand(x13)=8.58ms | Scoring=0.01ms | inputSize=13
07-12 15:01:10.088 16493 16705 I VkSuggestions: decode typedLen=0 candidates=18 locales=2 12,7ms
07-12 15:01:10.101 16493 16493 I VkSwipe : ✓ gesture points=13 decodedLen=2 candidates=15 top=Fw 129ms
07-12 15:01:10.306 16493 16493 I VkSwipe : ▶ gesture started locale=pt-BR
07-12 15:01:10.430 16493 16705 I VkSuggestions: decode typedLen=2 candidates=18 locales=2 5,0ms
07-12 15:01:10.439 16493 16705 I VkSuggestions: decode typedLen=0 candidates=18 locales=2 8,9ms
07-12 15:01:10.544 16493 16493 I VkEffects: reload anim=scale blur=0px glow=false stickers=true
07-12 15:01:10.669 16493 16705 I VkSuggestions: decode typedLen=3 candidates=18 locales=2 3,8ms
07-12 15:01:10.675 16493 16705 I VkSuggestions: decode typedLen=0 candidates=18 locales=2 5,7ms
07-12 15:01:10.774 16493 16705 I VkSuggestions: decode typedLen=3 candidates=18 locales=2 5,6ms
07-12 15:01:10.779 16493 16705 I VkSuggestions: decode typedLen=0 candidates=18 locales=2 4,3ms
07-12 15:01:10.958 16493 16493 W VkStall : MAIN-THREAD STALL 156ms during: >>>>> Dispatching to Handler (android.os.Handler) {80b96d6} g9.n@4689d57: 0
07-12 15:01:10.969 16493 16705 I VkSuggestions: decode typedLen=3 candidates=18 locales=2 4,7ms
07-12 15:01:10.981 16493 16705 W VibeKeyProfiler: Slow Native Suggest: Total=10.37ms | Init=0.13ms | TrieExpand(x15)=10.22ms | Scoring=0.02ms | inputSize=20
07-12 15:01:10.982 16493 16705 I VkSuggestions: decode typedLen=0 candidates=18 locales=2 12,7ms
07-12 15:01:11.069 16493 16705 I VkSuggestions: decode typedLen=3 candidates=18 locales=2 5,1ms
07-12 15:01:11.083 16493 16705 W VibeKeyProfiler: Slow Native Suggest: Total=9.63ms | Init=0.09ms | TrieExpand(x15)=9.53ms | Scoring=0.01ms | inputSize=22
07-12 15:01:11.083 16493 16705 I VkSuggestions: decode typedLen=0 candidates=18 locales=2 13,3ms
07-12 15:01:11.238 16493 16705 I VkSuggestions: decode typedLen=3 candidates=18 locales=2 4,0ms
07-12 15:01:11.255 16493 16705 W VibeKeyProfiler: Slow Native Suggest: Total=10.30ms | Init=0.33ms | TrieExpand(x15)=9.95ms | Scoring=0.02ms | inputSize=25
07-12 15:01:11.256 16493 16705 I VkSuggestions: decode typedLen=0 candidates=18 locales=2 17,3ms
07-12 15:01:11.256 16493 16705 W VkSuggestions: slow frame 17,3ms locales=2 typedLen=0 candidates=18 parallelWait=17,3ms
07-12 15:01:11.415 16493 16705 I VkSuggestions: decode typedLen=3 candidates=18 locales=2 3,2ms
07-12 15:01:11.430 16493 16705 W VibeKeyProfiler: Slow Native Suggest: Total=12.62ms | Init=0.15ms | TrieExpand(x15)=12.45ms | Scoring=0.02ms | inputSize=31
07-12 15:01:11.431 16493 16705 I VkSuggestions: decode typedLen=0 candidates=18 locales=2 15,2ms
07-12 15:01:11.443 16493 16493 I VkSwipe : ✓ gesture points=31 decodedLen=2 candidates=18 top=uu 1137ms
07-12 15:01:11.677 16493 16493 I VkSwipe : ▶ gesture started locale=pt-BR
07-12 15:01:11.875 16493 16705 W VibeKeyProfiler: Slow Native Suggest: Total=10.92ms | Init=0.51ms | TrieExpand(x24)=10.35ms | Scoring=0.06ms | inputSize=3
07-12 15:01:11.876 16493 16705 I VkSuggestions: decode typedLen=3 candidates=18 locales=2 18,8ms
07-12 15:01:11.877 16493 16705 W VkSuggestions: slow frame 18,8ms locales=2 typedLen=3 candidates=18 parallelWait=18,6ms
07-12 15:01:11.904 16493 16705 W VibeKeyProfiler: Slow Native Suggest: Total=20.07ms | Init=0.36ms | TrieExpand(x14)=19.68ms | Scoring=0.03ms | inputSize=14
07-12 15:01:11.905 16493 16705 I VkSuggestions: decode typedLen=0 candidates=18 locales=2 27,3ms
07-12 15:01:11.905 16493 16705 W VkSuggestions: slow frame 27,3ms locales=2 typedLen=0 candidates=18 parallelWait=27,2ms
07-12 15:01:11.960 16493 16705 I VkSuggestions: decode typedLen=3 candidates=18 locales=2 3,9ms
07-12 15:01:11.964 16493 16705 I VkSuggestions: decode typedLen=0 candidates=18 locales=2 3,6ms
07-12 15:01:12.098 16493 16705 I VkSuggestions: decode typedLen=4 candidates=18 locales=2 3,3ms
07-12 15:01:12.109 16493 16705 I VkSuggestions: decode typedLen=0 candidates=18 locales=2 10,2ms
07-12 15:01:12.264 16493 16705 I VkSuggestions: decode typedLen=3 candidates=18 locales=2 7,6ms
07-12 15:01:12.287 16493 16705 W VibeKeyProfiler: Slow Native Suggest: Total=15.44ms | Init=0.20ms | TrieExpand(x15)=15.22ms | Scoring=0.03ms | inputSize=32
07-12 15:01:12.288 16493 16705 I VkSuggestions: decode typedLen=0 candidates=18 locales=2 23,3ms
07-12 15:01:12.288 16493 16705 W VkSuggestions: slow frame 23,3ms locales=2 typedLen=0 candidates=18 parallelWait=23,2ms
07-12 15:01:12.368 16493 16705 I VkSuggestions: decode typedLen=3 candidates=18 locales=2 10,5ms
07-12 15:01:12.384 16493 16705 I VkSuggestions: decode typedLen=0 candidates=18 locales=2 14,6ms
07-12 15:01:12.499 16493 16705 I VkSuggestions: decode typedLen=5 candidates=18 locales=2 3,2ms
07-12 15:01:12.510 16493 16705 I VkSuggestions: decode typedLen=0 candidates=18 locales=2 10,3ms
07-12 15:01:12.604 16493 16705 I VkSuggestions: decode typedLen=3 candidates=18 locales=2 7,1ms
07-12 15:01:12.618 16493 16705 I VkSuggestions: decode typedLen=0 candidates=18 locales=2 12,6ms
07-12 15:01:12.722 16493 16705 I VkSuggestions: decode typedLen=5 candidates=18 locales=2 6,1ms
07-12 15:01:12.736 16493 16705 W VibeKeyProfiler: Slow Native Suggest: Total=8.52ms | Init=0.21ms | TrieExpand(x15)=8.29ms | Scoring=0.02ms | inputSize=69
07-12 15:01:12.736 16493 16705 I VkSuggestions: decode typedLen=0 candidates=18 locales=2 14,0ms
07-12 15:01:12.835 16493 16705 I VkSuggestions: decode typedLen=6 candidates=18 locales=2 3,2ms
07-12 15:01:12.847 16493 16705 W VibeKeyProfiler: Slow Native Suggest: Total=8.68ms | Init=0.38ms | TrieExpand(x15)=8.28ms | Scoring=0.02ms | inputSize=73
07-12 15:01:12.848 16493 16705 I VkSuggestions: decode typedLen=0 candidates=18 locales=2 11,8ms
07-12 15:01:12.953 16493 16705 I VkSuggestions: decode typedLen=8 candidates=18 locales=2 3,5ms
07-12 15:01:12.965 16493 16705 W VibeKeyProfiler: Slow Native Suggest: Total=8.43ms | Init=0.25ms | TrieExpand(x15)=8.16ms | Scoring=0.02ms | inputSize=95
07-12 15:01:12.966 16493 16705 I VkSuggestions: decode typedLen=0 candidates=18 locales=2 11,7ms
07-12 15:01:13.071 16493 16705 I VkSuggestions: decode typedLen=9 candidates=18 locales=2 5,0ms
07-12 15:01:13.085 16493 16705 W VibeKeyProfiler: Slow Native Suggest: Total=9.08ms | Init=0.19ms | TrieExpand(x15)=8.88ms | Scoring=0.02ms | inputSize=99
07-12 15:01:13.086 16493 16705 I VkSuggestions: decode typedLen=0 candidates=18 locales=2 13,7ms
07-12 15:01:13.180 16493 16705 I VkSuggestions: decode typedLen=9 candidates=18 locales=2 5,8ms
07-12 15:01:13.195 16493 16705 W VibeKeyProfiler: Slow Native Suggest: Total=9.92ms | Init=0.19ms | TrieExpand(x15)=9.71ms | Scoring=0.02ms | inputSize=104
07-12 15:01:13.196 16493 16705 I VkSuggestions: decode typedLen=0 candidates=18 locales=2 15,1ms
07-12 15:01:13.288 16493 16705 I VkSuggestions: decode typedLen=12 candidates=18 locales=2 3,4ms
07-12 15:01:13.294 16493 16705 I VkSuggestions: decode typedLen=0 candidates=18 locales=2 5,9ms
07-12 15:01:13.388 16493 16705 I VkSuggestions: decode typedLen=12 candidates=18 locales=2 3,6ms
07-12 15:01:13.395 16493 16705 I VkSuggestions: decode typedLen=0 candidates=18 locales=2 6,5ms
07-12 15:01:13.494 16493 16705 I VkSuggestions: decode typedLen=15 candidates=18 locales=2 4,2ms
07-12 15:01:13.777 18268 18268 E libcrashpad_handler_trampoline.so: createInstance(64bit) : createExtendedFactory
07-12 15:01:13.781 18268 18268 E libcrashpad_handler_trampoline.so: createInstance(64bit) : createExtendedFactory
07-12 15:01:13.781 18268 18268 E libcrashpad_handler_trampoline.so: Opened libinputextensionsimpl.so
07-12 15:01:13.781 18268 18268 E libcrashpad_handler_trampoline.so: Opened libinputextensionsimpl.so
07-12 15:01:13.784 18268 18268 E libcrashpad_handler_trampoline.so: createInstance(64bit) : createExtendedFactory
07-12 15:01:13.785 18268 18268 E libcrashpad_handler_trampoline.so: createInstance(64bit) : createExtendedFactory
07-12 15:01:13.785 18268 18268 E libcrashpad_handler_trampoline.so: Opened libsensorextimpl.so
07-12 15:01:13.785 18268 18268 E libcrashpad_handler_trampoline.so: Opened libsensorextimpl.so
--------- beginning of crash
07-12 15:01:14.049 16493 16705 F libc    : Fatal signal 11 (SIGSEGV), code 1 (SEGV_MAPERR), fault addr 0x86ff in tid 16705 (g), pid 16493 (ibekey.keyboard)
07-12 15:01:14.206 18272 18272 E DEBUG   : failed to read /proc/uptime: Permission denied
07-12 15:01:15.085 18272 18272 F DEBUG   : Process name is com.vibekey.keyboard, not key_process
07-12 15:01:15.085 18272 18272 F DEBUG   : keyProcess: 0
07-12 15:01:15.085 18272 18272 F DEBUG   : *** *** *** *** *** *** *** *** *** *** *** *** *** *** *** ***
07-12 15:01:15.085 18272 18272 F DEBUG   : Build fingerprint: 'OnePlus/OnePlus7Pro/OnePlus7Pro:12/SKQ1.211113.001/P.202303230244:user/release-keys'
07-12 15:01:15.085 18272 18272 F DEBUG   : Revision: '0'
07-12 15:01:15.085 18272 18272 F DEBUG   : ABI: 'arm64'
07-12 15:01:15.085 18272 18272 F DEBUG   : Timestamp: 2026-07-12 15:01:14.206413107-0400
07-12 15:01:15.085 18272 18272 F DEBUG   : Process uptime: 0s
07-12 15:01:15.085 18272 18272 F DEBUG   : Cmdline: com.vibekey.keyboard
07-12 15:01:15.085 18272 18272 F DEBUG   : pid: 16493, tid: 16705, name: g  >>> com.vibekey.keyboard <<<
07-12 15:01:15.085 18272 18272 F DEBUG   : uid: 14259
07-12 15:01:15.085 18272 18272 F DEBUG   : signal 11 (SIGSEGV), code 1 (SEGV_MAPERR), fault addr 0x86ff
07-12 15:01:15.085 18272 18272 F DEBUG   :     x0  b400007146437040  x1  00000000000086ff  x2  b400007148385a0c  x3  0000000000000054
07-12 15:01:15.085 18272 18272 F DEBUG   :     x4  0000000000000000  x5  0000000000000004  x6  b400007148384b10  x7  0000000000000000
07-12 15:01:15.085 18272 18272 F DEBUG   :     x8  0000000000000140  x9  200c4eb50c0526fe  x10 0000000000000000  x11 00000070cfed4b60
07-12 15:01:15.085 18272 18272 F DEBUG   :     x12 0000000000000000  x13 00000070cfed4b68  x14 0000000000000000  x15 000000000000017f
07-12 15:01:15.085 18272 18272 F DEBUG   :     x16 00000071507974a0  x17 0000007150707ad4  x18 00000070c33f2000  x19 b4000071483848d8
07-12 15:01:15.085 18272 18272 F DEBUG   :     x20 ffffffffffffffff  x21 00000000000086ff  x22 b40000714642e940  x23 b400007146437040
07-12 15:01:15.085 18272 18272 F DEBUG   :     x24 b400007146437180  x25 00000070c87ecd10  x26 00000070c87ecdd0  x27 00000070c87ed040
07-12 15:01:15.085 18272 18272 F DEBUG   :     x28 00000070c87ed2b0  x29 00000070c87ec9e0
07-12 15:01:15.085 18272 18272 F DEBUG   :     lr  00000071506e4464  sp  00000070c87ec9e0  pc  0000007150707ae0  pst 0000000060000000
07-12 15:01:15.085 18272 18272 F DEBUG   : backtrace:
07-12 15:01:15.085 18272 18272 F DEBUG   :       #00 pc 00000000000c7ae0  /data/app/~~Mn17WEhDe1pviVlFUVueCQ==/com.vibekey.keyboard-BP65yg2c2x9Vckvxpn-mDw==/lib/arm64/libjni_latinime.so (latinime::DicNode::DicNode(latinime::DicNode const&)+12) (BuildId: f905dbd1a904967a994cf833116e517b05caa863)
07-12 15:01:15.085 18272 18272 F DEBUG   :       #01 pc 00000000000a4460  /data/app/~~Mn17WEhDe1pviVlFUVueCQ==/com.vibekey.keyboard-BP65yg2c2x9Vckvxpn-mDw==/lib/arm64/libjni_latinime.so (BuildId: f905dbd1a904967a994cf833116e517b05caa863)
07-12 15:01:15.085 18272 18272 F DEBUG   :       #02 pc 00000000000a420c  /data/app/~~Mn17WEhDe1pviVlFUVueCQ==/com.vibekey.keyboard-BP65yg2c2x9Vckvxpn-mDw==/lib/arm64/libjni_latinime.so (latinime::DicNodePool::reset(int)+104) (BuildId: f905dbd1a904967a994cf833116e517b05caa863)
07-12 15:01:15.085 18272 18272 F DEBUG   :       #03 pc 00000000000d3f50  /data/app/~~Mn17WEhDe1pviVlFUVueCQ==/com.vibekey.keyboard-BP65yg2c2x9Vckvxpn-mDw==/lib/arm64/libjni_latinime.so (latinime::Suggest::initializeSearch(latinime::DicTraverseSession*) const+632) (BuildId: f905dbd1a904967a994cf833116e517b05caa863)
07-12 15:01:15.085 18272 18272 F DEBUG   :       #04 pc 00000000000d3ae4  /data/app/~~Mn17WEhDe1pviVlFUVueCQ==/com.vibekey.keyboard-BP65yg2c2x9Vckvxpn-mDw==/lib/arm64/libjni_latinime.so (latinime::Suggest::getSuggestions(latinime::ProximityInfo*, void*, int*, int*, int*, int*, int*, int, float, latinime::SuggestionResults*) const+208) (BuildId: f905dbd1a904967a994cf833116e517b05caa863)
07-12 15:01:15.085 18272 18272 F DEBUG   :       #05 pc 000000000009fd88  /data/app/~~Mn17WEhDe1pviVlFUVueCQ==/com.vibekey.keyboard-BP65yg2c2x9Vckvxpn-mDw==/lib/arm64/libjni_latinime.so (BuildId: f905dbd1a904967a994cf833116e517b05caa863)
07-12 15:01:15.085 18272 18272 F DEBUG   :       #06 pc 00000000002c23a0  /apex/com.android.art/lib64/libart.so (art_quick_generic_jni_trampoline+144) (BuildId: cecb684d19b4f44ee3cbd66142c315f4)
07-12 15:01:15.085 18272 18272 F DEBUG   :       #07 pc 000000000211a398  /memfd:jit-cache (deleted)
07-12 15:01:16.357 18302 18302 E ibekey.keyboar: Unknown bits set in runtime_flags: 0x40000000
07-12 15:01:16.625 18302 18302 W i0      : Could not load system glide typing library jni_latinimegoogle: dlopen failed: library "libjni_latinimegoogle.so" not found
07-12 15:01:17.029 18302 18302 W c       : onSharedPreferenceChanged called before loadSettings.
07-12 15:01:17.031 18302 18302 W u       : No editor info for this field. Bug?
07-12 15:01:17.063 18302 18302 I VkMultilingual: reset main=pt-BR locales=[pt,it] count=2
07-12 15:01:17.133 18302 18302 W ibekey.keyboar: ClassLoaderContext classpath size mismatch. expected=1, found=0 (DLC[];PCL[base.apk*2502948536]{PCL[/system/framework/org.apache.http.legacy.jar*3034548894]#PCL[/apex/com.android.extservices/javalib/android.ext.adservices.jar*4107572224]#PCL[/system/framework/com.android.location.provider.jar*3633238672]#PCL[/system/framework/com.android.media.remotedisplay.jar*3472798123]#PCL[/apex/com.android.extservices/javalib/android.ext.adservices.jar*4107572224]} | DLC[];PCL[])
07-12 15:01:17.150 18302 18302 W System  : ClassLoader referenced unknown path: 
07-12 15:01:17.171 18302 18302 W ibekey.keyboar: ClassLoaderContext classpath element checksum mismatch. expected=2502948536, found=3018746646 (DLC[];PCL[base.apk*2502948536]{PCL[/system/framework/org.apache.http.legacy.jar*3034548894]#PCL[/apex/com.android.extservices/javalib/android.ext.adservices.jar*4107572224]#PCL[/system/framework/com.android.location.provider.jar*3633238672]#PCL[/system/framework/com.android.media.remotedisplay.jar*3472798123]#PCL[/apex/com.android.extservices/javalib/android.ext.adservices.jar*4107572224]} | DLC[];PCL[/data/app/~~Mn17WEhDe1pviVlFUVueCQ==/com.vibekey.keyboard-BP65yg2c2x9Vckvxpn-mDw==/base.apk*3018746646]{PCL[/apex/com.android.extservices/javalib/android.ext.adservices.jar*4107572224]})
07-12 15:01:17.256 18302 18302 W VkStall : MAIN-THREAD STALL 155ms during: >>>>> Dispatching to Handler (android.os.Handler) {f7c91f7} v8.a@88d9864: 0
07-12 15:01:17.276 18302 18302 E ibekey.keyboar: ofbOpen failed with error=No such file or directory
07-12 15:01:17.276 18302 18302 E ibekey.keyboar: sysOpen failed with error=No such file or directory
07-12 15:01:17.302 18302 18352 W Ads     : Update ad debug logging enablement as false
07-12 15:01:17.324 18302 18302 E MultiApp.Impl: OplusMultiAppImpl
07-12 15:01:17.384 18302 18383 W libc    : Access denied finding property "ro.vendor.api_level"
07-12 15:01:17.389 18302 18302 W chromium: [WARNING:android_webview/browser/network_service/net_helpers.cc:137] HTTP Cache size is: 20971520
07-12 15:01:17.439 18302 18302 W VkStall : MAIN-THREAD STALL 142ms during: >>>>> Dispatching to Handler (com.google.android.gms.ads.internal.util.f) {9fa26fa} com.google.android.gms.ads.internal.js.r@6bef4ab: 0
07-12 15:01:17.447 18302 18417 W libc    : Access denied finding property "vendor.camera.aux.packagelist"
07-12 15:01:17.447 18302 18417 W libc    : Access denied finding property "vendor.camera.aux.packagelist"
07-12 15:01:17.447 18302 18315 W libc    : Access denied finding property "vendor.camera.aux.packagelist"
07-12 15:01:17.500 18302 18302 I VkSwipe : ○ gesture canceled
07-12 15:01:17.502 18302 18302 E OplusCustomizeRestrictionManager: sInstance is null, start a new sInstance
07-12 15:01:17.517 18302 18302 I VkEffects: reload anim=scale blur=562px glow=true stickers=true
07-12 15:01:17.591 18302 18302 W MainKeyboardView: Cannot find android.R.id.content view to add DrawingPreviewPlacerView
07-12 15:01:17.596 18302 18302 I VkTyping: ▶ open restart=false pkg=com.android.launcher inputType=589825
07-12 15:01:17.707 18302 18302 W VkStall : MAIN-THREAD STALL 210ms during: >>>>> Dispatching to Handler (com.android.internal.os.HandlerCaller$MyHandler) {d5f34cb} null: 60
07-12 15:01:17.716 18302 18393 W cr_media: BLUETOOTH_CONNECT permission is missing.
07-12 15:01:17.719 18302 18393 W cr_media: getBluetoothAdapter() requires BLUETOOTH permission
07-12 15:01:17.719 18302 18393 W cr_media: registerBluetoothIntentsIfNeeded: Requires BLUETOOTH permission
07-12 15:01:17.737 18302 18302 W View    : requestLayout() improperly called by android.widget.LinearLayout{d3fcec6 V.E...... ......ID 0,1868-1440,2818 #7f0a00f8 app:id/main_keyboard_frame} during layout: running second layout pass
07-12 15:01:17.813 18302 18401 W AudioCapabilities: Unsupported mime audio/ffmpeg
07-12 15:01:17.825 18302 18401 W VideoCapabilities: Unsupported mime video/ffmpeg
07-12 15:01:17.826 18302 18401 W VideoCapabilities: Unrecognized profile/level 0/3 for video/mpeg2
07-12 15:01:17.826 18302 18401 W VideoCapabilities: Unrecognized profile/level 0/3 for video/mpeg2
07-12 15:01:18.617 16527 17398 I OnDeviceAssist: warm ok model=qwen2.5-0.5b-instruct-q4_0.gguf ambient=0 chars 0ms
07-12 15:01:18.781 18302 18332 I VkSuggestions: decode typedLen=1 candidates=18 locales=2 13,4ms
07-12 15:01:18.785 18302 18332 I VkSuggestions: strip composing typedLen=1 candidates=19 autocorrect=false top=h locale=pt
07-12 15:01:18.943 18302 18332 I VkSuggestions: decode typedLen=2 candidates=18 locales=2 9,9ms
07-12 15:01:18.947 18302 18332 I VkSuggestions: strip composing typedLen=2 candidates=12 autocorrect=false top=hh locale=pt
07-12 15:01:19.126 18302 18332 I VkSuggestions: decode typedLen=3 candidates=18 locales=2 9,7ms
07-12 15:01:19.130 18302 18332 I VkSuggestions: strip composing typedLen=3 candidates=11 autocorrect=false top=hhh locale=pt
07-12 15:01:19.266 18302 18332 I VkSuggestions: decode typedLen=4 candidates=18 locales=2 9,2ms
07-12 15:01:19.267 18302 18332 I VkSuggestions: strip composing typedLen=4 candidates=14 autocorrect=false top=hhhd locale=pt
07-12 15:01:19.547 18302 18302 I VkSwipe : ▶ gesture started locale=pt-BR
07-12 15:01:19.569 18302 18332 I VkSuggestions: decode typedLen=3 candidates=18 locales=2 14,8ms
07-12 15:01:19.583 18302 18332 I VkSuggestions: decode typedLen=0 candidates=18 locales=2 13,7ms
07-12 15:01:19.860 18302 18332 I VkSuggestions: decode typedLen=4 candidates=18 locales=2 9,7ms
07-12 15:01:19.875 18302 18332 I VkSuggestions: decode typedLen=0 candidates=18 locales=2 15,1ms
07-12 15:01:20.236 18302 18332 I VkSuggestions: decode typedLen=5 candidates=18 locales=2 8,8ms
07-12 15:01:20.249 18302 18332 I VkSuggestions: decode typedLen=0 candidates=18 locales=2 12,9ms
07-12 15:01:20.259 18302 18302 I VkSwipe : ✓ gesture points=71 decodedLen=2 candidates=14 top=JG 713ms
07-12 15:01:20.585 18302 18332 I VkSuggestions: decode typedLen=1 candidates=18 locales=2 13,7ms
07-12 15:01:20.587 18302 18332 I VkSuggestions: strip composing typedLen=1 candidates=16 autocorrect=false top=d locale=pt
07-12 15:01:20.703 18302 18332 I VkSuggestions: decode typedLen=2 candidates=18 locales=2 8,5ms
07-12 15:01:20.704 18302 18332 I VkSuggestions: strip composing typedLen=2 candidates=14 autocorrect=false top=dh locale=pt
07-12 15:01:20.886 18302 18332 I VkSuggestions: decode typedLen=3 candidates=18 locales=2 9,7ms
07-12 15:01:20.887 18302 18332 I VkSuggestions: strip composing typedLen=3 candidates=16 autocorrect=false top=dhh locale=pt
07-12 15:01:21.053 18302 18332 I VkSuggestions: decode typedLen=4 candidates=18 locales=2 8,1ms
07-12 15:01:21.054 18302 18332 I VkSuggestions: strip composing typedLen=4 candidates=16 autocorrect=false top=dhhh locale=pt
07-12 15:01:21.235 18302 18332 I VkSuggestions: decode typedLen=5 candidates=18 locales=2 5,6ms
07-12 15:01:21.237 18302 18332 I VkSuggestions: strip composing typedLen=5 candidates=18 autocorrect=false top=dhhhd locale=pt
07-12 15:01:21.375 18302 18332 I VkSuggestions: decode typedLen=6 candidates=18 locales=2 1,4ms
07-12 15:01:21.376 18302 18332 I VkSuggestions: strip composing typedLen=6 candidates=17 autocorrect=false top=dhhhdh locale=pt
07-12 15:01:21.540 18302 18332 I VkSuggestions: decode typedLen=7 candidates=15 locales=2 1,2ms
07-12 15:01:21.542 18302 18332 I VkSuggestions: strip composing typedLen=7 candidates=14 autocorrect=false top=dhhhdhj locale=pt
07-12 15:01:21.703 18302 18332 I VkSuggestions: decode typedLen=8 candidates=8 locales=2 2,7ms
07-12 15:01:21.706 18302 18332 I VkSuggestions: strip composing typedLen=8 candidates=9 autocorrect=false top=dhhhdhjd locale=pt
07-12 15:01:23.184 18302 18302 W VkStall : MAIN-THREAD STALL 147ms during: >>>>> Dispatching to Handler (s8.u0) {fa7f310} null: 1
07-12 15:01:23.293 18302 18332 I VkSuggestions: strip prediction typedLen=0 candidates=2 autocorrect=false top=JG locale=pt
07-12 15:01:23.976 18302 18332 W VibeKeyProfiler: Slow Native Suggest: Total=11.01ms | Init=0.20ms | TrieExpand(x18)=10.77ms | Scoring=0.04ms | inputSize=1
07-12 15:01:23.984 18302 18332 I VkSuggestions: decode typedLen=1 candidates=18 locales=2 19,5ms
07-12 15:01:23.984 18302 18332 W VkSuggestions: slow frame 19,5ms locales=2 typedLen=1 candidates=18 parallelWait=19,4ms
07-12 15:01:23.985 18302 18332 I VkSuggestions: strip composing typedLen=1 candidates=19 autocorrect=false top=h locale=pt
07-12 15:01:24.160 18302 18332 I VkSuggestions: decode typedLen=2 candidates=18 locales=2 9,1ms
07-12 15:01:24.161 18302 18332 I VkSuggestions: strip composing typedLen=2 candidates=12 autocorrect=false top=hh locale=pt
07-12 15:01:24.331 18302 18332 I VkSuggestions: decode typedLen=3 candidates=18 locales=2 9,5ms
07-12 15:01:24.332 18302 18332 I VkSuggestions: strip composing typedLen=3 candidates=10 autocorrect=false top=hhh locale=pt
07-12 15:01:24.508 18302 18332 I VkSuggestions: decode typedLen=4 candidates=18 locales=2 8,4ms
07-12 15:01:24.509 18302 18332 I VkSuggestions: strip composing typedLen=4 candidates=12 autocorrect=false top=hhhd locale=pt
07-12 15:01:24.965 18302 18302 I VkEffects: reload anim=scale blur=562px glow=false stickers=true
07-12 15:01:25.085 18302 18302 W VkStall : MAIN-THREAD STALL 124ms during: >>>>> Dispatching to Handler (android.os.Handler) {dbaaabd} g9.n@3ae78b2: 0
07-12 15:01:25.399 18302 18302 I VkAutocorrect: kept (typing): hhhd
07-12 15:01:25.489 18302 18302 W n       : [0] drop stale event: 1131,360|51 last: 1131,360|977
07-12 15:01:25.489 18302 18302 W n       : [0] drop stale event: 1131,360|52 last: 1131,360|977
07-12 15:01:25.598 18302 18302 W n       : [0] drop stale event: 1131,360|160 last: 1131,360|977
07-12 15:01:25.598 18302 18302 W n       : [0] drop stale event: 1131,360|161 last: 1131,360|977
07-12 15:01:25.713 18302 18332 W VibeKeyProfiler: Slow Native Suggest: Total=14.60ms | Init=0.14ms | TrieExpand(x17)=14.41ms | Scoring=0.05ms | inputSize=1
07-12 15:01:25.728 18302 18332 W VibeKeyProfiler: Slow Native Suggest: Total=13.52ms | Init=0.35ms | TrieExpand(x16)=13.12ms | Scoring=0.05ms | inputSize=1
07-12 15:01:25.729 18302 18332 I VkSuggestions: decode typedLen=1 candidates=18 locales=2 30,9ms
07-12 15:01:25.730 18302 18332 W VkSuggestions: slow frame 30,9ms locales=2 typedLen=1 candidates=18 parallelWait=30,7ms
07-12 15:01:25.731 18302 18332 I VkSuggestions: strip composing typedLen=1 candidates=19 autocorrect=false top=d locale=pt
07-12 15:01:25.736 18302 18302 W n       : [0] drop stale event: 1131,360|299 last: 1131,360|977
07-12 15:01:25.736 18302 18302 W n       : [0] drop stale event: 1131,360|299 last: 1131,360|977
07-12 15:01:25.848 18302 18302 W n       : [0] drop stale event: 1131,360|101 last: 1131,360|977
07-12 15:01:25.848 18302 18302 W n       : [0] drop stale event: 1131,360|101 last: 1131,360|977
07-12 15:01:25.961 18302 18332 I VkSuggestions: decode typedLen=2 candidates=18 locales=2 11,0ms
07-12 15:01:25.962 18302 18332 I VkSuggestions: strip composing typedLen=2 candidates=13 autocorrect=false top=dj locale=pt
07-12 15:01:25.971 18302 18302 W n       : [0] drop stale event: 1131,360|57 last: 1131,360|977
07-12 15:01:25.971 18302 18302 W n       : [0] drop stale event: 1131,360|57 last: 1131,360|977
07-12 15:01:26.071 18302 18302 W n       : [0] drop stale event: 1131,360|157 last: 1131,360|977
07-12 15:01:26.071 18302 18302 W n       : [0] drop stale event: 1131,360|157 last: 1131,360|977
07-12 15:01:26.128 18302 18332 I VkSuggestions: decode typedLen=3 candidates=18 locales=2 10,9ms
07-12 15:01:26.130 18302 18332 I VkSuggestions: strip composing typedLen=3 candidates=16 autocorrect=false top=djg locale=pt
07-12 15:01:26.171 18302 18302 W n       : [0] drop stale event: 1131,360|82 last: 1131,360|977
07-12 15:01:26.171 18302 18302 W n       : [0] drop stale event: 1131,360|82 last: 1131,360|977
07-12 15:01:26.272 18302 18302 W n       : [0] drop stale event: 1131,360|39 last: 1131,360|977
07-12 15:01:26.272 18302 18302 W n       : [0] drop stale event: 1131,360|40 last: 1131,360|977
07-12 15:01:26.311 18302 18332 I VkSuggestions: decode typedLen=4 candidates=18 locales=2 10,2ms
07-12 15:01:26.312 18302 18332 I VkSuggestions: strip composing typedLen=4 candidates=17 autocorrect=false top=djgg locale=pt
07-12 15:01:26.372 18302 18302 W n       : [0] drop stale event: 1131,360|140 last: 1131,360|977
07-12 15:01:26.372 18302 18302 W n       : [0] drop stale event: 1131,360|140 last: 1131,360|977
07-12 15:01:26.477 18302 18332 I VkSuggestions: decode typedLen=5 candidates=18 locales=2 5,5ms
07-12 15:01:26.479 18302 18332 I VkSuggestions: strip composing typedLen=5 candidates=17 autocorrect=false top=djggd locale=pt
07-12 15:01:26.485 18302 18302 W n       : [0] drop stale event: 1131,360|95 last: 1131,360|977
07-12 15:01:26.486 18302 18302 W n       : [0] drop stale event: 1131,360|96 last: 1131,360|977
07-12 15:01:26.586 18302 18302 W n       : [0] drop stale event: 1131,360|196 last: 1131,360|977
07-12 15:01:26.587 18302 18302 W n       : [0] drop stale event: 1131,360|197 last: 1131,360|977
07-12 15:01:26.683 18302 18302 I VkSwipe : ▶ gesture started locale=pt-BR
07-12 15:01:26.692 18302 18302 W n       : [0] drop stale event: 1131,360|302 last: 1131,360|977
07-12 15:01:26.692 18302 18302 W n       : [0] drop stale event: 1131,360|302 last: 1131,360|977
07-12 15:01:26.701 18302 18332 I VkSuggestions: decode typedLen=0 candidates=18 locales=2 13,2ms
07-12 15:01:26.792 18302 18302 W n       : [0] drop stale event: 1131,360|402 last: 1131,360|977
07-12 15:01:26.792 18302 18302 W n       : [0] drop stale event: 1131,360|402 last: 1131,360|977
07-12 15:01:26.804 18302 18332 W VibeKeyProfiler: Slow Native Suggest: Total=9.53ms | Init=0.08ms | TrieExpand(x13)=9.40ms | Scoring=0.05ms | inputSize=2
07-12 15:01:26.816 18302 18332 W VibeKeyProfiler: Slow Native Suggest: Total=9.81ms | Init=0.12ms | TrieExpand(x14)=9.64ms | Scoring=0.05ms | inputSize=2
07-12 15:01:26.823 18302 18332 I VkSuggestions: decode typedLen=2 candidates=18 locales=2 28,9ms
07-12 15:01:26.824 18302 18332 W VkSuggestions: slow frame 28,9ms locales=2 typedLen=2 candidates=18 parallelWait=28,7ms
07-12 15:01:26.843 18302 18332 W VibeKeyProfiler: Slow Native Suggest: Total=13.74ms | Init=0.14ms | TrieExpand(x4)=13.54ms | Scoring=0.05ms | inputSize=18
07-12 15:01:26.845 18302 18332 I VkSuggestions: decode typedLen=0 candidates=18 locales=2 20,2ms
07-12 15:01:26.846 18302 18332 W VkSuggestions: slow frame 20,2ms locales=2 typedLen=0 candidates=18 parallelWait=19,9ms
07-12 15:01:26.892 18302 18302 W n       : [0] drop stale event: 1131,360|502 last: 1131,360|977
07-12 15:01:26.893 18302 18302 W n       : [0] drop stale event: 1131,360|502 last: 1131,360|977
07-12 15:01:26.977 18302 18332 I VkSuggestions: decode typedLen=3 candidates=18 locales=2 9,3ms
07-12 15:01:26.992 18302 18302 W n       : [0] drop stale event: 1131,360|602 last: 1131,360|977
07-12 15:01:26.993 18302 18302 W n       : [0] drop stale event: 1131,360|603 last: 1131,360|977
07-12 15:01:26.994 18302 18332 I VkSuggestions: decode typedLen=0 candidates=18 locales=2 15,5ms
07-12 15:01:27.092 18302 18302 W n       : [0] drop stale event: 1131,360|702 last: 1131,360|977
07-12 15:01:27.093 18302 18302 W n       : [0] drop stale event: 1131,360|703 last: 1131,360|977
07-12 15:01:27.192 18302 18302 W n       : [0] drop stale event: 1131,360|802 last: 1131,360|977
07-12 15:01:27.193 18302 18302 W n       : [0] drop stale event: 1131,360|803 last: 1131,360|977
07-12 15:01:27.216 18302 18332 I VkSuggestions: decode typedLen=4 candidates=18 locales=2 8,8ms
07-12 15:01:27.230 18302 18332 I VkSuggestions: decode typedLen=0 candidates=18 locales=2 13,5ms
07-12 15:01:27.293 18302 18302 W n       : [0] drop stale event: 1131,360|903 last: 1131,360|977
07-12 15:01:27.293 18302 18302 W n       : [0] drop stale event: 1131,360|903 last: 1131,360|977
07-12 15:01:27.338 18302 18332 I VkSuggestions: decode typedLen=4 candidates=18 locales=2 14,3ms
07-12 15:01:27.352 18302 18332 I VkSuggestions: decode typedLen=0 candidates=18 locales=2 12,8ms
07-12 15:01:27.457 18302 18332 I VkSuggestions: decode typedLen=5 candidates=18 locales=2 13,8ms
07-12 15:01:27.471 18302 18332 I VkSuggestions: decode typedLen=0 candidates=18 locales=2 13,6ms
07-12 15:01:27.488 18302 18332 I VkSuggestions: decode typedLen=5 candidates=18 locales=2 10,8ms
07-12 15:01:27.493 18302 18302 W n       : [0] drop stale event: 1131,360|17 last: 1131,360|1003
07-12 15:01:27.499 18302 18332 I VkSuggestions: decode typedLen=0 candidates=18 locales=2 11,2ms
07-12 15:01:27.594 18302 18302 W n       : [0] drop stale event: 1131,360|118 last: 1131,360|1003
07-12 15:01:27.610 18302 18332 I VkSuggestions: decode typedLen=5 candidates=18 locales=2 12,6ms
07-12 15:01:27.624 18302 18332 I VkSuggestions: decode typedLen=0 candidates=18 locales=2 13,9ms
07-12 15:01:27.635 18302 18302 I VkSwipe : ▶ gesture started locale=pt-BR
07-12 15:01:27.694 18302 18302 W n       : [0] drop stale event: 1131,360|218 last: 1131,360|1003
07-12 15:01:27.694 18302 18302 W n       : [0] drop stale event: 1131,360|218 last: 1131,360|1003
07-12 15:01:27.711 18302 18332 I VkSuggestions: decode typedLen=2 candidates=18 locales=2 14,1ms
07-12 15:01:27.726 18302 18332 I VkSuggestions: decode typedLen=0 candidates=18 locales=2 14,4ms
07-12 15:01:27.737 18302 18302 I VkSwipe : ✓ gesture points=11 decodedLen=2 candidates=15 top=DW 101ms
07-12 15:01:27.794 18302 18302 W n       : [0] drop stale event: 1131,360|318 last: 1131,360|1003
07-12 15:01:27.906 18302 18302 W n       : [0] drop stale event: 1131,360|87 last: 1131,360|1003
07-12 15:01:27.906 18302 18302 W n       : [0] drop stale event: 1131,360|87 last: 1131,360|1003
07-12 15:01:28.023 18302 18332 I VkSuggestions: decode typedLen=1 candidates=18 locales=2 15,7ms
07-12 15:01:28.025 18302 18332 I VkSuggestions: strip composing typedLen=1 candidates=18 autocorrect=false top=h locale=it
07-12 15:01:28.029 18302 18302 W n       : [0] drop stale event: 1131,360|210 last: 1131,360|1003
07-12 15:01:28.029 18302 18302 W n       : [0] drop stale event: 1131,360|210 last: 1131,360|1003
07-12 15:01:28.130 18302 18302 W n       : [0] drop stale event: 1131,360|310 last: 1131,360|1003
07-12 15:01:28.130 18302 18302 W n       : [0] drop stale event: 1131,360|311 last: 1131,360|1003
07-12 15:01:28.230 18302 18302 W n       : [0] drop stale event: 1131,360|411 last: 1131,360|1003
07-12 15:01:28.230 18302 18302 W n       : [0] drop stale event: 1131,360|411 last: 1131,360|1003
07-12 15:01:28.330 18302 18302 W n       : [0] drop stale event: 1131,360|511 last: 1131,360|1003
07-12 15:01:28.330 18302 18302 W n       : [0] drop stale event: 1131,360|511 last: 1131,360|1003
07-12 15:01:28.431 18302 18302 W n       : [0] drop stale event: 1131,360|611 last: 1131,360|1003
07-12 15:01:28.431 18302 18302 W n       : [0] drop stale event: 1131,360|612 last: 1131,360|1003
07-12 15:01:29.142 18302 18302 W VkStall : MAIN-THREAD STALL 689ms during: >>>>> Dispatching to Handler (android.view.Choreographer$FrameHandler) {5f21691} android.view.Choreographer$FrameDisplayEventReceiver@19f9f6: 0
07-12 15:01:29.267 18302 18332 I VkSuggestions: decode typedLen=2 candidates=18 locales=2 8,9ms
07-12 15:01:29.268 18302 18332 I VkSuggestions: strip composing typedLen=2 candidates=14 autocorrect=false top=DW locale=it
07-12 15:01:30.448 18302 18302 W VkStall : MAIN-THREAD STALL 145ms during: >>>>> Dispatching to Handler (s8.u0) {1cbce7e} null: 1
07-12 15:01:30.551 18302 18332 I VkSuggestions: strip prediction typedLen=0 candidates=3 autocorrect=false top=JG locale=it
07-12 15:01:31.611 18302 18302 I VkPanels: ▶ open ai_theme
07-12 15:01:32.859 18302 18491 E FilePhenotypeFlags: Config package com.google.android.gms.clearcut_client#com.vibekey.keyboard cannot use FILE backing without declarative registration. See go/phenotype-android-integration#phenotype for more information. This will lead to stale flags.
07-12 15:01:32.877 18302 18491 E FilePhenotypeFlags: Config package com.google.android.gms.clearcut_client#com.vibekey.keyboard cannot use FILE backing without declarative registration. See go/phenotype-android-integration#phenotype for more information. This will lead to stale flags.
07-12 15:01:32.878 18302 18491 E FilePhenotypeFlags: Config package com.google.android.gms.clearcut_client#com.vibekey.keyboard cannot use FILE backing without declarative registration. See go/phenotype-android-integration#phenotype for more information. This will lead to stale flags.
07-12 15:01:33.731 18302 18302 W n       : [0] drop stale event: 1131,360|55 last: 1131,360|5812
07-12 15:01:33.731 18302 18302 W n       : [0] drop stale event: 1131,360|55 last: 1131,360|5812
07-12 15:01:33.831 18302 18302 W n       : [0] drop stale event: 1131,360|155 last: 1131,360|5812
07-12 15:01:33.832 18302 18302 W n       : [0] drop stale event: 1131,360|156 last: 1131,360|5812
07-12 15:01:33.938 18302 18302 W n       : [0] drop stale event: 1131,360|86 last: 1131,360|5812
07-12 15:01:33.938 18302 18302 W n       : [0] drop stale event: 1131,360|86 last: 1131,360|5812
07-12 15:01:34.040 18302 18302 W n       : [0] drop stale event: 1131,360|188 last: 1131,360|5812
07-12 15:01:34.040 18302 18302 W n       : [0] drop stale event: 1131,360|188 last: 1131,360|5812
07-12 15:01:34.148 18302 18302 W n       : [0] drop stale event: 1131,360|296 last: 1131,360|5812
07-12 15:01:34.149 18302 18302 W n       : [0] drop stale event: 1131,360|296 last: 1131,360|5812
07-12 15:01:34.249 18302 18302 W n       : [0] drop stale event: 1131,360|397 last: 1131,360|5812
07-12 15:01:34.250 18302 18302 W n       : [0] drop stale event: 1131,360|398 last: 1131,360|5812
07-12 15:01:34.351 18302 18302 W n       : [0] drop stale event: 1131,360|498 last: 1131,360|5812
07-12 15:01:34.351 18302 18302 W n       : [0] drop stale event: 1131,360|499 last: 1131,360|5812
07-12 15:01:34.451 18302 18302 W n       : [0] drop stale event: 1131,360|599 last: 1131,360|5812
07-12 15:01:34.452 18302 18302 W n       : [0] drop stale event: 1131,360|600 last: 1131,360|5812
07-12 15:01:34.553 18302 18302 W n       : [0] drop stale event: 1131,360|700 last: 1131,360|5812
07-12 15:01:34.553 18302 18302 W n       : [0] drop stale event: 1131,360|701 last: 1131,360|5812
07-12 15:01:34.654 18302 18302 W n       : [0] drop stale event: 1131,360|802 last: 1131,360|5812
07-12 15:01:34.654 18302 18302 W n       : [0] drop stale event: 1131,360|802 last: 1131,360|5812
07-12 15:01:34.761 18302 18302 W n       : [0] drop stale event: 1131,360|909 last: 1131,360|5812
07-12 15:01:34.762 18302 18302 W n       : [0] drop stale event: 1131,360|909 last: 1131,360|5812
07-12 15:01:34.867 18302 18302 W n       : [0] drop stale event: 1131,360|1015 last: 1131,360|5812
07-12 15:01:34.868 18302 18302 W n       : [0] drop stale event: 1131,360|1016 last: 1131,360|5812
07-12 15:01:34.968 18302 18302 W n       : [0] drop stale event: 1131,360|1116 last: 1131,360|5812
07-12 15:01:34.969 18302 18302 W n       : [0] drop stale event: 1131,360|1117 last: 1131,360|5812
07-12 15:01:35.070 18302 18302 W n       : [0] drop stale event: 1131,360|1217 last: 1131,360|5812
07-12 15:01:35.070 18302 18302 W n       : [0] drop stale event: 1131,360|1218 last: 1131,360|5812
07-12 15:01:35.171 18302 18302 W n       : [0] drop stale event: 1131,360|1319 last: 1131,360|5812
07-12 15:01:35.172 18302 18302 W n       : [0] drop stale event: 1131,360|1319 last: 1131,360|5812
07-12 15:01:35.271 18302 18302 W n       : [0] drop stale event: 1131,360|1419 last: 1131,360|5812
07-12 15:01:35.276 18302 18302 W n       : [0] drop stale event: 1131,360|1424 last: 1131,360|5812
07-12 15:01:35.372 18302 18302 W n       : [0] drop stale event: 1131,360|1520 last: 1131,360|5812
07-12 15:01:35.377 18302 18302 W n       : [0] drop stale event: 1131,360|1524 last: 1131,360|5812
07-12 15:01:35.472 18302 18302 W n       : [0] drop stale event: 1131,360|1620 last: 1131,360|5812
07-12 15:01:35.480 18302 18302 W n       : [0] drop stale event: 1131,360|1628 last: 1131,360|5812
07-12 15:01:35.576 18302 18302 W n       : [0] drop stale event: 1131,360|1724 last: 1131,360|5812
07-12 15:01:35.580 18302 18302 W n       : [0] drop stale event: 1131,360|1728 last: 1131,360|5812
07-12 15:01:35.676 18302 18302 W n       : [0] drop stale event: 1131,360|1824 last: 1131,360|5812
07-12 15:01:35.680 18302 18302 W n       : [0] drop stale event: 1131,360|1828 last: 1131,360|5812
07-12 15:01:35.779 18302 18302 W n       : [0] drop stale event: 1131,360|1927 last: 1131,360|5812
07-12 15:01:35.780 18302 18302 W n       : [0] drop stale event: 1131,360|1928 last: 1131,360|5812
07-12 15:01:35.880 18302 18302 W n       : [0] drop stale event: 1131,360|2028 last: 1131,360|5812
07-12 15:01:35.880 18302 18302 W n       : [0] drop stale event: 1131,360|2028 last: 1131,360|5812
07-12 15:01:35.987 18302 18302 W n       : [0] drop stale event: 1131,360|2135 last: 1131,360|5812
07-12 15:01:35.987 18302 18302 W n       : [0] drop stale event: 1131,360|2135 last: 1131,360|5812
07-12 15:01:36.087 18302 18302 W n       : [0] drop stale event: 1131,360|2235 last: 1131,360|5812
07-12 15:01:36.088 18302 18302 W n       : [0] drop stale event: 1131,360|2236 last: 1131,360|5812
07-12 15:01:36.187 18302 18302 W n       : [0] drop stale event: 1131,360|2335 last: 1131,360|5812
07-12 15:01:36.189 18302 18302 W n       : [0] drop stale event: 1131,360|2337 last: 1131,360|5812
07-12 15:01:36.228 18302 18302 I VkVibeCards: ○ sticker skipped: session_inactive
07-12 15:01:36.288 18302 18302 W n       : [0] drop stale event: 1131,360|2436 last: 1131,360|5812
07-12 15:01:36.290 18302 18302 W n       : [0] drop stale event: 1131,360|2438 last: 1131,360|5812
07-12 15:01:36.389 18302 18302 W n       : [0] drop stale event: 1131,360|2537 last: 1131,360|5812
