--------- beginning of system
06-03 11:49:45.476 21706 22382 E ActivityThread: Failed to find provider info for com.oplus.statistics.provider
06-03 11:49:45.477 21706 22382 E OplusStatistics--: IllegalArgumentException:java.lang.IllegalArgumentException: Unknown URL content://com.oplus.statistics.provider/track_event
06-03 11:50:06.947 21706 22382 E ActivityThread: Failed to find provider info for com.oplus.statistics.provider
06-03 11:50:06.947 21706 22382 E OplusStatistics--: IllegalArgumentException:java.lang.IllegalArgumentException: Unknown URL content://com.oplus.statistics.provider/track_event
06-03 11:53:21.516 21706 22382 E ActivityThread: Failed to find provider info for com.oplus.statistics.provider
06-03 11:53:21.517 21706 22382 E OplusStatistics--: IllegalArgumentException:java.lang.IllegalArgumentException: Unknown URL content://com.oplus.statistics.provider/track_event
06-03 11:54:05.948 21706 22382 E ActivityThread: Failed to find provider info for com.oplus.statistics.provider
06-03 11:54:05.948 21706 22382 E OplusStatistics--: IllegalArgumentException:java.lang.IllegalArgumentException: Unknown URL content://com.oplus.statistics.provider/track_event
--------- beginning of main
06-03 11:55:45.736 26994 27084 W libc    : Access denied finding property "vendor.oplus.media.vpp.stutter"
06-03 11:55:45.757 26994 27150 W Codec2Client: query -- param skipped: index = 1107298332.
06-03 11:55:45.765 26994 27150 W Codec2Client: query -- param skipped: index = 1342179345.
06-03 11:55:45.765 26994 27150 W Codec2Client: query -- param skipped: index = 2415921170.
06-03 11:55:45.765 26994 27150 W Codec2Client: query -- param skipped: index = 1610614798.
06-03 11:55:45.777 26994 27084 W libc    : Access denied finding property "vendor.oplus.media.vpp.stutter"
06-03 11:55:45.789 26994 27152 W Codec2Client: query -- param skipped: index = 1107298332.
06-03 11:55:45.791 26994 27152 W Codec2Client: query -- param skipped: index = 1342179345.
06-03 11:55:45.791 26994 27152 W Codec2Client: query -- param skipped: index = 2415921170.
06-03 11:55:45.791 26994 27152 W Codec2Client: query -- param skipped: index = 1610614798.
06-03 11:55:45.806 26994 27084 W libc    : Access denied finding property "vendor.oplus.media.vpp.stutter"
06-03 11:55:45.806 26994 27084 E MULTIMEDIAConfig: [getInt32:L80] Not find config, Returning default
06-03 11:55:45.806 26994 27084 E MULTIMEDIAConfig: [getInt32:L80] Not find config, Returning default
06-03 11:55:45.806 26994 27084 E OplusACodec: [OplusACodec:204] mSrOsieMMListCheckResult:0x0 mOsieVersion:1
06-03 11:55:45.840 26994 27156 E ListServiceUtils: checkInListByUid module:check-first-IRAP uid:13910 cost 3388us return 0
06-03 11:55:45.842 26994 27156 E OplusACodec: [GetVideoCodingTypeFromMime:L1162] mime:video/avc
06-03 11:55:45.882 26994 27084 W libc    : Access denied finding property "vendor.oplus.media.vpp.stutter"
06-03 11:55:45.883 26994 27084 E MULTIMEDIAConfig: [getInt32:L80] Not find config, Returning default
06-03 11:55:45.883 26994 27084 E MULTIMEDIAConfig: [getInt32:L80] Not find config, Returning default
06-03 11:55:45.883 26994 27084 E OplusACodec: [OplusACodec:204] mSrOsieMMListCheckResult:0x0 mOsieVersion:1
06-03 11:55:45.923 26994 27163 E OplusACodec: [GetVideoCodingTypeFromMime:L1162] mime:video/avc
06-03 11:55:45.974 26994 27063 W libc    : Access denied finding property "vendor.oplus.media.vpp.stutter"
06-03 11:55:46.001 26994 27168 W Codec2Client: query -- param skipped: index = 1107298332.
06-03 11:55:46.004 26994 27168 W Codec2Client: query -- param skipped: index = 1342179345.
06-03 11:55:46.004 26994 27168 W Codec2Client: query -- param skipped: index = 2415921170.
06-03 11:55:46.004 26994 27168 W Codec2Client: query -- param skipped: index = 1610614798.
06-03 11:55:46.012 26994 27063 W libc    : Access denied finding property "vendor.oplus.media.vpp.stutter"
06-03 11:55:46.012 26994 27063 E MULTIMEDIAConfig: [getInt32:L80] Not find config, Returning default
06-03 11:55:46.012 26994 27063 E MULTIMEDIAConfig: [getInt32:L80] Not find config, Returning default
06-03 11:55:46.012 26994 27063 E OplusACodec: [OplusACodec:204] mSrOsieMMListCheckResult:0x0 mOsieVersion:1
06-03 11:55:46.049 26994 27171 E OplusACodec: [GetVideoCodingTypeFromMime:L1162] mime:video/avc
06-03 11:55:46.072 21706 21706 W com.vibekey.keyboard: type=1400 audit(0.0:81973): avc: denied { nlmsg_readpriv } for comm=536F636B657420546872656164 scontext=u:r:untrusted_app:s0:c70,c271,c512,c768 tcontext=u:r:untrusted_app:s0:c70,c271,c512,c768 tclass=netlink_route_socket permissive=0 bug=b/155595000 app=com.vibekey.keyboard
06-03 11:55:46.112 21706 21706 W com.vibekey.keyboard: type=1400 audit(0.0:81974): avc: denied { nlmsg_readpriv } for comm=536F636B657420546872656164 scontext=u:r:untrusted_app:s0:c70,c271,c512,c768 tcontext=u:r:untrusted_app:s0:c70,c271,c512,c768 tclass=netlink_route_socket permissive=0 bug=b/155595000 app=com.vibekey.keyboard
06-03 11:55:46.212 21706 21706 W com.vibekey.keyboard: type=1400 audit(0.0:81975): avc: denied { nlmsg_readpriv } for comm=536F636B657420546872656164 scontext=u:r:untrusted_app:s0:c70,c271,c512,c768 tcontext=u:r:untrusted_app:s0:c70,c271,c512,c768 tclass=netlink_route_socket permissive=0 bug=b/155595000 app=com.vibekey.keyboard
06-03 11:55:46.265 21753 21753 W LlmEngineService: Severe memory pressure (15); evicting on-device LLM.
06-03 11:55:46.516 21706 21947 W VibeKeyProfiler: Slow Native Suggest: Total=26.16ms | Init=3.58ms | TrieExpand(x16)=22.55ms | Scoring=0.03ms | inputSize=1
06-03 11:55:46.517 21706 21947 W VibeKeyProfiler: Slow Kotlin Suggest: Total=26.84ms | locales=1 | typedLen=1 | candidates=18
06-03 11:55:46.626 21706 21706 W GeckoSession: No history entries found.
06-03 11:55:46.629 26994 27152 W Codec2Client: query -- param skipped: index = 1342179345.
06-03 11:55:46.629 26994 27152 W Codec2Client: query -- param skipped: index = 2415921170.
06-03 11:55:46.629 26994 27152 W Codec2Client: query -- param skipped: index = 1610614798.
06-03 11:55:46.630 26801 26819 W Isolated Web Content: [JavaScript Warning: "The script from “https://tag.wknd.ai/340/i.js” was loaded even though its MIME type (“text/plain”) is not a valid JavaScript MIME type." {file: "https://www.cnn.com/" line: 0}]
06-03 11:55:46.632 26994 27150 W Codec2Client: query -- param skipped: index = 1342179345.
06-03 11:55:46.632 26994 27150 W Codec2Client: query -- param skipped: index = 2415921170.
06-03 11:55:46.632 26994 27150 W Codec2Client: query -- param skipped: index = 1610614798.
06-03 11:55:46.668 26994 27168 W Codec2Client: query -- param skipped: index = 1342179345.
06-03 11:55:46.668 26994 27168 W Codec2Client: query -- param skipped: index = 2415921170.
06-03 11:55:46.668 26994 27168 W Codec2Client: query -- param skipped: index = 1610614798.
06-03 11:55:46.671 26994 27061 W libc    : Access denied finding property "vendor.oplus.media.vpp.stutter"
06-03 11:55:46.671 26994 27076 W libc    : Access denied finding property "vendor.oplus.media.vpp.stutter"
06-03 11:55:46.682 21706 21706 W com.vibekey.keyboard: type=1400 audit(0.0:81976): avc: denied { nlmsg_readpriv } for comm=536F636B657420546872656164 scontext=u:r:untrusted_app:s0:c70,c271,c512,c768 tcontext=u:r:untrusted_app:s0:c70,c271,c512,c768 tclass=netlink_route_socket permissive=0 bug=b/155595000 app=com.vibekey.keyboard
06-03 11:55:46.712 21706 21706 W com.vibekey.keyboard: type=1400 audit(0.0:81977): avc: denied { nlmsg_readpriv } for comm=536F636B657420546872656164 scontext=u:r:untrusted_app:s0:c70,c271,c512,c768 tcontext=u:r:untrusted_app:s0:c70,c271,c512,c768 tclass=netlink_route_socket permissive=0 bug=b/155595000 app=com.vibekey.keyboard
06-03 11:55:46.766 26994 27025 W libc    : Access denied finding property "vendor.oplus.media.vpp.stutter"
06-03 11:55:46.767 26994 27025 E MULTIMEDIAConfig: [getInt32:L80] Not find config, Returning default
06-03 11:55:46.767 26994 27025 E MULTIMEDIAConfig: [getInt32:L80] Not find config, Returning default
06-03 11:55:46.767 26994 27025 E OplusACodec: [OplusACodec:204] mSrOsieMMListCheckResult:0x0 mOsieVersion:1
06-03 11:55:46.787 26994 27226 E OplusACodec: [GetVideoCodingTypeFromMime:L1162] mime:video/avc
06-03 11:55:46.862 21706 21706 W com.vibekey.keyboard: type=1400 audit(0.0:81978): avc: denied { nlmsg_readpriv } for comm=536F636B657420546872656164 scontext=u:r:untrusted_app:s0:c70,c271,c512,c768 tcontext=u:r:untrusted_app:s0:c70,c271,c512,c768 tclass=netlink_route_socket permissive=0 bug=b/155595000 app=com.vibekey.keyboard
06-03 11:55:47.113 26801 26819 W Isolated Web Content: [JavaScript Warning: "Cookie “FastAB_Zion” with the “SameSite” attribute value “Lax” or “Strict” was omitted because of a cross-site redirect." {file: "https://umto.cnn.com/user-sync?zwmc=8175267459745721577&domain=cnn.com" line: 0}]
06-03 11:55:47.189 26801 26819 W Isolated Web Content: [JavaScript Warning: "Loading failed for the <script> with source “https://static.adsafeprotected.com/publisher/925660/ebfdc39c-b42a-11f0-aa09-0e6958f30139.min.js”." {file: "https://www.cnn.com/" line: 1}]
06-03 11:55:47.252 21706 21706 W com.vibekey.keyboard: type=1400 audit(0.0:81983): avc: denied { nlmsg_readpriv } for comm=536F636B657420546872656164 scontext=u:r:untrusted_app:s0:c70,c271,c512,c768 tcontext=u:r:untrusted_app:s0:c70,c271,c512,c768 tclass=netlink_route_socket permissive=0 bug=b/155595000 app=com.vibekey.keyboard
06-03 11:55:47.302 21706 21706 W com.vibekey.keyboard: type=1400 audit(0.0:81984): avc: denied { nlmsg_readpriv } for comm=536F636B657420546872656164 scontext=u:r:untrusted_app:s0:c70,c271,c512,c768 tcontext=u:r:untrusted_app:s0:c70,c271,c512,c768 tclass=netlink_route_socket permissive=0 bug=b/155595000 app=com.vibekey.keyboard
06-03 11:55:47.322 27286 27286 E y.keyboard:tab: Unknown bits set in runtime_flags: 0x40000000
06-03 11:55:47.373 26801 26819 E Isolated Web Content: [JavaScript Error: "Cookie “_cookie_test” has been rejected for invalid domain." {file: "https://www.cnn.com/" line: 0}]
06-03 11:55:47.374 26801 26819 E Isolated Web Content: [JavaScript Error: "Cookie “_cookie_test” has been rejected for invalid domain." {file: "https://www.cnn.com/" line: 0}]
06-03 11:55:47.376 26801 26819 E Isolated Web Content: [JavaScript Error: "Cookie “_cookie_test” has been rejected for invalid domain." {file: "https://www.cnn.com/" line: 0}]
06-03 11:55:47.376 26801 26819 E Isolated Web Content: [JavaScript Error: "Cookie “_cookie_test” has been rejected for invalid domain." {file: "https://www.cnn.com/" line: 0}]
06-03 11:55:47.377 26801 26819 E Isolated Web Content: [JavaScript Error: "Cookie “_cookie_test” has been rejected for invalid domain." {file: "https://www.cnn.com/" line: 0}]
06-03 11:55:47.377 26801 26819 E Isolated Web Content: [JavaScript Error: "Cookie “_cookie_test” has been rejected for invalid domain." {file: "https://www.cnn.com/" line: 0}]
06-03 11:55:47.391 27286 27310 E GeckoLibLoad: Load sqlite start
06-03 11:55:47.392 27286 27310 E GeckoLibLoad: Load sqlite done
06-03 11:55:47.392 27286 27310 E GeckoLibLoad: Load nss start
06-03 11:55:47.392 27286 27310 E GeckoLibLoad: Load nss done
06-03 11:55:47.396 26801 26819 E Isolated Web Content: [JavaScript Error: "Cookie “_cookie_test” has been rejected for invalid domain." {file: "https://www.cnn.com/" line: 0}]
06-03 11:55:47.396 26801 26819 E Isolated Web Content: [JavaScript Error: "Cookie “_cookie_test” has been rejected for invalid domain." {file: "https://www.cnn.com/" line: 0}]
06-03 11:55:47.402 27286 27310 E GeckoLibLoad: Loaded libs in 9.656406ms total, 7ms(9ms) user, 0ms(0ms) system, 0(0) faults
06-03 11:55:47.402 27286 27310 W GeckoThread: zerdatime 178990263 - runGecko
06-03 11:55:47.442 21706 21706 W com.vibekey.keyboard: type=1400 audit(0.0:81985): avc: denied { nlmsg_readpriv } for comm=536F636B657420546872656164 scontext=u:r:untrusted_app:s0:c70,c271,c512,c768 tcontext=u:r:untrusted_app:s0:c70,c271,c512,c768 tclass=netlink_route_socket permissive=0 bug=b/155595000 app=com.vibekey.keyboard
06-03 11:55:47.497 27286 27310 W GeckoEditableChild: No editable parent
06-03 11:55:47.499 27286 27310 W Isolated Web Content: [JavaScript Warning: "This page is in Almost Standards Mode. Page layout may be impacted. For Standards Mode use “<!DOCTYPE html>”." {file: "https://btloader.com/trustedIframe.html?o=5762268746743808&upapi=true" line: 0}]
06-03 11:55:47.503 27286 27310 W GeckoEditableChild: No editable parent
06-03 11:55:47.542 21706 21706 W com.vibekey.keyboard: type=1400 audit(0.0:81986): avc: denied { nlmsg_readpriv } for comm=536F636B657420546872656164 scontext=u:r:untrusted_app:s0:c70,c271,c512,c768 tcontext=u:r:untrusted_app:s0:c70,c271,c512,c768 tclass=netlink_route_socket permissive=0 bug=b/155595000 app=com.vibekey.keyboard
06-03 11:55:47.592 21706 21706 W com.vibekey.keyboard: type=1400 audit(0.0:81987): avc: denied { nlmsg_readpriv } for comm=536F636B657420546872656164 scontext=u:r:untrusted_app:s0:c70,c271,c512,c768 tcontext=u:r:untrusted_app:s0:c70,c271,c512,c768 tclass=netlink_route_socket permissive=0 bug=b/155595000 app=com.vibekey.keyboard
06-03 11:55:47.612 26801 26819 E Isolated Web Content: [JavaScript Error: "Cookie “_cookie_test” has been rejected for invalid domain." {file: "https://www.cnn.com/" line: 0}]
06-03 11:55:47.612 26801 26819 E Isolated Web Content: [JavaScript Error: "Cookie “_cookie_test” has been rejected for invalid domain." {file: "https://www.cnn.com/" line: 0}]
06-03 11:55:47.671 26994 27061 W libc    : Access denied finding property "vendor.oplus.media.vpp.stutter"
06-03 11:55:47.671 26994 27076 W libc    : Access denied finding property "vendor.oplus.media.vpp.stutter"
06-03 11:55:47.913 26801 26819 E Isolated Web Content: [JavaScript Error: "Cookie “_cookie_test” has been rejected for invalid domain." {file: "https://www.cnn.com/" line: 0}]
06-03 11:55:47.913 26801 26819 E Isolated Web Content: [JavaScript Error: "Cookie “_cookie_test” has been rejected for invalid domain." {file: "https://www.cnn.com/" line: 0}]
06-03 11:55:47.916 26801 26819 E Isolated Web Content: [JavaScript Error: "Cookie “_cookie_test” has been rejected for invalid domain." {file: "https://www.cnn.com/" line: 0}]
06-03 11:55:47.916 26801 26819 E Isolated Web Content: [JavaScript Error: "Cookie “_cookie_test” has been rejected for invalid domain." {file: "https://www.cnn.com/" line: 0}]
06-03 11:55:48.030 27373 27373 E .keyboard:tab1: Unknown bits set in runtime_flags: 0x40000000
06-03 11:55:48.086 27373 27391 E GeckoLibLoad: Load sqlite start
06-03 11:55:48.087 27373 27391 E GeckoLibLoad: Load sqlite done
06-03 11:55:48.087 27373 27391 E GeckoLibLoad: Load nss start
06-03 11:55:48.087 27373 27391 E GeckoLibLoad: Load nss done
06-03 11:55:48.096 27373 27391 E GeckoLibLoad: Loaded libs in 9.072500ms total, 3ms(9ms) user, 0ms(0ms) system, 0(0) faults
06-03 11:55:48.096 27373 27391 W GeckoThread: zerdatime 178990957 - runGecko
06-03 11:55:48.595 27415 27415 E .keyboard:tab2: Unknown bits set in runtime_flags: 0x40000000
06-03 11:55:48.658 27415 27432 E GeckoLibLoad: Load sqlite start
06-03 11:55:48.659 27415 27432 E GeckoLibLoad: Load sqlite done
06-03 11:55:48.659 27415 27432 E GeckoLibLoad: Load nss start
06-03 11:55:48.659 27415 27432 E GeckoLibLoad: Load nss done
06-03 11:55:48.668 27415 27432 E GeckoLibLoad: Loaded libs in 8.885521ms total, 8ms(8ms) user, 0ms(0ms) system, 0(0) faults
06-03 11:55:48.668 27415 27432 W GeckoThread: zerdatime 178991529 - runGecko
06-03 11:55:48.672 26994 27061 W libc    : Access denied finding property "vendor.oplus.media.vpp.stutter"
06-03 11:55:48.672 26994 27076 W libc    : Access denied finding property "vendor.oplus.media.vpp.stutter"
06-03 11:55:49.277 21706 21706 W GeckoEventDispatcher: No listener for GeckoView:DismissClipboardPermissionRequest
06-03 11:55:49.279 21706 22035 E GeckoConsole: [JavaScript Error: "TypeError: can't access property "WindowEventDispatcher", win is null" {file: "resource://gre/modules/GeckoViewSessionStore.sys.mjs" line: 149}]
06-03 11:55:49.279 21706 22035 E GeckoConsole: onTabStateUpdate@resource://gre/modules/GeckoViewSessionStore.sys.mjs:149:5
06-03 11:55:49.279 21706 22035 E GeckoConsole: updateSessionStoreFromTabListener@resource://gre/modules/GeckoViewSessionStore.sys.mjs:243:10
06-03 11:55:49.279 21706 22035 E GeckoConsole: SSF_updateSessionStore@resource://gre/modules/SessionStoreFunctions.sys.mjs:46:27
06-03 11:55:49.279 21706 22035 E GeckoConsole: UpdateSessionStore@resource://gre/modules/SessionStoreFunctions.sys.mjs:16:46
06-03 11:55:49.677 26994 27061 W libc    : Access denied finding property "vendor.oplus.media.vpp.stutter"
06-03 11:55:49.679 26994 27076 W libc    : Access denied finding property "vendor.oplus.media.vpp.stutter"
06-03 11:55:50.680 26994 27061 W libc    : Access denied finding property "vendor.oplus.media.vpp.stutter"
06-03 11:55:50.680 26994 27076 W libc    : Access denied finding property "vendor.oplus.media.vpp.stutter"
06-03 11:55:50.717 26994 27087 W Codec2Client: query -- param skipped: index = 1342179345.
06-03 11:55:50.717 26994 27087 W Codec2Client: query -- param skipped: index = 2415921170.
06-03 11:55:50.717 26994 27087 W Codec2Client: query -- param skipped: index = 1610614798.
06-03 11:55:50.726 26994 27013 W Codec2Client: query -- param skipped: index = 1342179345.
06-03 11:55:50.727 26994 27013 W Codec2Client: query -- param skipped: index = 2415921170.
06-03 11:55:50.727 26994 27013 W Codec2Client: query -- param skipped: index = 1610614798.
06-03 11:55:50.731 26994 27073 W Codec2Client: query -- param skipped: index = 1342179345.
06-03 11:55:50.731 26994 27073 W Codec2Client: query -- param skipped: index = 2415921170.
06-03 11:55:50.731 26994 27073 W Codec2Client: query -- param skipped: index = 1610614798.
06-03 11:56:23.622 21706 21706 W com.vibekey.keyboard: type=1400 audit(0.0:81996): avc: denied { nlmsg_readpriv } for comm=536F636B657420546872656164 scontext=u:r:untrusted_app:s0:c70,c271,c512,c768 tcontext=u:r:untrusted_app:s0:c70,c271,c512,c768 tclass=netlink_route_socket permissive=0 bug=b/155595000 app=com.vibekey.keyboard
06-03 11:56:49.407 26801 26819 W Isolated Web Content: [JavaScript Warning: "Loading failed for the <script> with source “https://ads.stickyadstv.com/auto-user-sync”." {file: "https://www.cnn.com/" line: 1}]
06-03 11:56:49.423 26801 26819 W Isolated Web Content: [JavaScript Warning: "Loading failed for the <script> with source “https://ads.stickyadstv.com/user-matching?id=185&_fw_gdpr=0&_fw_gdpr_consent=”." {file: "https://www.cnn.com/" line: 1}]
06-03 11:56:49.572 21706 21706 W com.vibekey.keyboard: type=1400 audit(0.0:82004): avc: denied { nlmsg_readpriv } for comm=536F636B657420546872656164 scontext=u:r:untrusted_app:s0:c70,c271,c512,c768 tcontext=u:r:untrusted_app:s0:c70,c271,c512,c768 tclass=netlink_route_socket permissive=0 bug=b/155595000 app=com.vibekey.keyboard
06-03 11:56:49.786 26801 26819 W Isolated Web Content: [JavaScript Warning: "Cookie “FastAB_Zion” with the “SameSite” attribute value “Lax” or “Strict” was omitted because of a cross-site redirect." {file: "https://umto.cnn.com/user-sync?ifyr=MPY91LR2-1L-I49D&domain=cnn.com" line: 0}]
06-03 11:56:49.786 26801 26819 W Isolated Web Content: [JavaScript Warning: "Cookie “_pctx” with the “SameSite” attribute value “Lax” or “Strict” was omitted because of a cross-site redirect." {file: "https://umto.cnn.com/user-sync?ifyr=MPY91LR2-1L-I49D&domain=cnn.com" line: 0}]
06-03 11:56:49.786 26801 26819 W Isolated Web Content: [JavaScript Warning: "Cookie “_pcid” with the “SameSite” attribute value “Lax” or “Strict” was omitted because of a cross-site redirect." {file: "https://umto.cnn.com/user-sync?ifyr=MPY91LR2-1L-I49D&domain=cnn.com" line: 0}]
06-03 11:56:49.787 26801 26819 W Isolated Web Content: [JavaScript Warning: "Cookie “__tbc” with the “SameSite” attribute value “Lax” or “Strict” was omitted because of a cross-site redirect." {file: "https://umto.cnn.com/user-sync?ifyr=MPY91LR2-1L-I49D&domain=cnn.com" line: 0}]
06-03 11:56:49.787 26801 26819 W Isolated Web Content: [JavaScript Warning: "Cookie “__pat” with the “SameSite” attribute value “Lax” or “Strict” was omitted because of a cross-site redirect." {file: "https://umto.cnn.com/user-sync?ifyr=MPY91LR2-1L-I49D&domain=cnn.com" line: 0}]
06-03 11:56:49.787 26801 26819 W Isolated Web Content: [JavaScript Warning: "Cookie “__pvi” with the “SameSite” attribute value “Lax” or “Strict” was omitted because of a cross-site redirect." {file: "https://umto.cnn.com/user-sync?ifyr=MPY91LR2-1L-I49D&domain=cnn.com" line: 0}]
06-03 11:56:49.787 26801 26819 W Isolated Web Content: [JavaScript Warning: "Cookie “xbc” with the “SameSite” attribute value “Lax” or “Strict” was omitted because of a cross-site redirect." {file: "https://umto.cnn.com/user-sync?ifyr=MPY91LR2-1L-I49D&domain=cnn.com" line: 0}]
06-03 11:56:49.787 26801 26819 W Isolated Web Content: [JavaScript Warning: "Cookie “_pcus” with the “SameSite” attribute value “Lax” or “Strict” was omitted because of a cross-site redirect." {file: "https://umto.cnn.com/user-sync?ifyr=MPY91LR2-1L-I49D&domain=cnn.com" line: 0}]
06-03 11:56:49.787 26801 26819 W Isolated Web Content: [JavaScript Warning: "Cookie “WMUKID_STABLE” with the “SameSite” attribute value “Lax” or “Strict” was omitted because of a cross-site redirect." {file: "https://umto.cnn.com/user-sync?ifyr=MPY91LR2-1L-I49D&domain=cnn.com" line: 0}]
06-03 11:56:49.787 26801 26819 W Isolated Web Content: [JavaScript Warning: "Cookie “datid” with the “SameSite” attribute value “Lax” or “Strict” was omitted because of a cross-site redirect." {file: "https://umto.cnn.com/user-sync?ifyr=MPY91LR2-1L-I49D&domain=cnn.com" line: 0}]
06-03 11:56:49.787 26801 26819 W Isolated Web Content: [JavaScript Warning: "Cookie “sendWMSegs” with the “SameSite” attribute value “Lax” or “Strict” was omitted because of a cross-site redirect." {file: "https://umto.cnn.com/user-sync?ifyr=MPY91LR2-1L-I49D&domain=cnn.com" line: 0}]
06-03 11:56:49.787 26801 26819 W Isolated Web Content: [JavaScript Warning: "Cookie “sendAuthToken” with the “SameSite” attribute value “Lax” or “Strict” was omitted because of a cross-site redirect." {file: "https://umto.cnn.com/user-sync?ifyr=MPY91LR2-1L-I49D&domain=cnn.com" line: 0}]
06-03 11:56:49.787 26801 26819 W Isolated Web Content: [JavaScript Warning: "Cookie “sendAuthToken2” with the “SameSite” attribute value “Lax” or “Strict” was omitted because of a cross-site redirect." {file: "https://umto.cnn.com/user-sync?ifyr=MPY91LR2-1L-I49D&domain=cnn.com" line: 0}]
06-03 11:56:49.788 26801 26819 W Isolated Web Content: [JavaScript Warning: "Cookie “isInAuthTokenExperiment” with the “SameSite” attribute value “Lax” or “Strict” was omitted because of a cross-site redirect." {file: "https://umto.cnn.com/user-sync?ifyr=MPY91LR2-1L-I49D&domain=cnn.com" line: 0}]
06-03 11:56:49.788 26801 26819 W Isolated Web Content: [JavaScript Warning: "Cookie “resolveDisplayTimestamp” with the “SameSite” attribute value “Lax” or “Strict” was omitted because of a cross-site redirect." {file: "https://umto.cnn.com/user-sync?ifyr=MPY91LR2-1L-I49D&domain=cnn.com" line: 0}]
06-03 11:56:49.788 26801 26819 W Isolated Web Content: [JavaScript Warning: "Cookie “resolveUATSWMUKIDTimestamp” with the “SameSite” attribute value “Lax” or “Strict” was omitted because of a cross-site redirect." {file: "https://umto.cnn.com/user-sync?ifyr=MPY91LR2-1L-I49D&domain=cnn.com" line: 0}]
06-03 11:56:49.788 26801 26819 W Isolated Web Content: [JavaScript Warning: "Cookie “resolveUATSIPTimestamp” with the “SameSite” attribute value “Lax” or “Strict” was omitted because of a cross-site redirect." {file: "https://umto.cnn.com/user-sync?ifyr=MPY91LR2-1L-I49D&domain=cnn.com" line: 0}]
06-03 11:56:49.788 26801 26819 W Isolated Web Content: [JavaScript Warning: "Cookie “psmSessionId” with the “SameSite” attribute value “Lax” or “Strict” was omitted because of a cross-site redirect." {file: "https://umto.cnn.com/user-sync?ifyr=MPY91LR2-1L-I49D&domain=cnn.com" line: 0}]
06-03 11:56:49.788 26801 26819 W Isolated Web Content: [JavaScript Warning: "Cookie “psmLastActiveTimestamp” with the “SameSite” attribute value “Lax” or “Strict” was omitted because of a cross-site redirect." {file: "https://umto.cnn.com/user-sync?ifyr=MPY91LR2-1L-I49D&domain=cnn.com" line: 0}]
06-03 11:56:49.788 26801 26819 W Isolated Web Content: [JavaScript Warning: "Cookie “psmSessionStart” with the “SameSite” attribute value “Lax” or “Strict” was omitted because of a cross-site redirect." {file: "https://umto.cnn.com/user-sync?ifyr=MPY91LR2-1L-I49D&domain=cnn.com" line: 0}]
06-03 11:56:49.788 26801 26819 W Isolated Web Content: [JavaScript Warning: "Cookie “psmPageLoadId” with the “SameSite” attribute value “Lax” or “Strict” was omitted because of a cross-site redirect." {file: "https://umto.cnn.com/user-sync?ifyr=MPY91LR2-1L-I49D&domain=cnn.com" line: 0}]
06-03 11:56:49.912 21706 21706 W com.vibekey.keyboard: type=1400 audit(0.0:82005): avc: denied { nlmsg_readpriv } for comm=536F636B657420546872656164 scontext=u:r:untrusted_app:s0:c70,c271,c512,c768 tcontext=u:r:untrusted_app:s0:c70,c271,c512,c768 tclass=netlink_route_socket permissive=0 bug=b/155595000 app=com.vibekey.keyboard
06-03 11:56:49.922 21706 21706 W com.vibekey.keyboard: type=1400 audit(0.0:82006): avc: denied { nlmsg_readpriv } for comm=536F636B657420546872656164 scontext=u:r:untrusted_app:s0:c70,c271,c512,c768 tcontext=u:r:untrusted_app:s0:c70,c271,c512,c768 tclass=netlink_route_socket permissive=0 bug=b/155595000 app=com.vibekey.keyboard
06-03 11:56:49.941 26801 26819 W Isolated Web Content: [JavaScript Warning: "Cookie “FastAB_Zion” with the “SameSite” attribute value “Lax” or “Strict” was omitted because of a cross-site redirect." {file: "https://umto.cnn.com/user-sync?goiz=9af411f8d1c043e5a4b16a410150077c&domain=cnn.com" line: 0}]
06-03 11:56:49.942 26801 26819 W Isolated Web Content: [JavaScript Warning: "Cookie “_pctx” with the “SameSite” attribute value “Lax” or “Strict” was omitted because of a cross-site redirect." {file: "https://umto.cnn.com/user-sync?goiz=9af411f8d1c043e5a4b16a410150077c&domain=cnn.com" line: 0}]
06-03 11:56:49.942 26801 26819 W Isolated Web Content: [JavaScript Warning: "Cookie “_pcid” with the “SameSite” attribute value “Lax” or “Strict” was omitted because of a cross-site redirect." {file: "https://umto.cnn.com/user-sync?goiz=9af411f8d1c043e5a4b16a410150077c&domain=cnn.com" line: 0}]
06-03 11:56:49.942 26801 26819 W Isolated Web Content: [JavaScript Warning: "Cookie “__tbc” with the “SameSite” attribute value “Lax” or “Strict” was omitted because of a cross-site redirect." {file: "https://umto.cnn.com/user-sync?goiz=9af411f8d1c043e5a4b16a410150077c&domain=cnn.com" line: 0}]
06-03 11:56:49.942 26801 26819 W Isolated Web Content: [JavaScript Warning: "Cookie “__pat” with the “SameSite” attribute value “Lax” or “Strict” was omitted because of a cross-site redirect." {file: "https://umto.cnn.com/user-sync?goiz=9af411f8d1c043e5a4b16a410150077c&domain=cnn.com" line: 0}]
06-03 11:56:49.942 26801 26819 W Isolated Web Content: [JavaScript Warning: "Cookie “__pvi” with the “SameSite” attribute value “Lax” or “Strict” was omitted because of a cross-site redirect." {file: "https://umto.cnn.com/user-sync?goiz=9af411f8d1c043e5a4b16a410150077c&domain=cnn.com" line: 0}]
06-03 11:56:49.942 26801 26819 W Isolated Web Content: [JavaScript Warning: "Cookie “xbc” with the “SameSite” attribute value “Lax” or “Strict” was omitted because of a cross-site redirect." {file: "https://umto.cnn.com/user-sync?goiz=9af411f8d1c043e5a4b16a410150077c&domain=cnn.com" line: 0}]
06-03 11:56:49.942 26801 26819 W Isolated Web Content: [JavaScript Warning: "Cookie “_pcus” with the “SameSite” attribute value “Lax” or “Strict” was omitted because of a cross-site redirect." {file: "https://umto.cnn.com/user-sync?goiz=9af411f8d1c043e5a4b16a410150077c&domain=cnn.com" line: 0}]
06-03 11:56:49.943 26801 26819 W Isolated Web Content: [JavaScript Warning: "Cookie “WMUKID_STABLE” with the “SameSite” attribute value “Lax” or “Strict” was omitted because of a cross-site redirect." {file: "https://umto.cnn.com/user-sync?goiz=9af411f8d1c043e5a4b16a410150077c&domain=cnn.com" line: 0}]
06-03 11:56:49.943 26801 26819 W Isolated Web Content: [JavaScript Warning: "Cookie “datid” with the “SameSite” attribute value “Lax” or “Strict” was omitted because of a cross-site redirect." {file: "https://umto.cnn.com/user-sync?goiz=9af411f8d1c043e5a4b16a410150077c&domain=cnn.com" line: 0}]
06-03 11:56:49.943 26801 26819 W Isolated Web Content: [JavaScript Warning: "Cookie “sendWMSegs” with the “SameSite” attribute value “Lax” or “Strict” was omitted because of a cross-site redirect." {file: "https://umto.cnn.com/user-sync?goiz=9af411f8d1c043e5a4b16a410150077c&domain=cnn.com" line: 0}]
06-03 11:56:49.943 26801 26819 W Isolated Web Content: [JavaScript Warning: "Cookie “sendAuthToken” with the “SameSite” attribute value “Lax” or “Strict” was omitted because of a cross-site redirect." {file: "https://umto.cnn.com/user-sync?goiz=9af411f8d1c043e5a4b16a410150077c&domain=cnn.com" line: 0}]
06-03 11:56:49.943 26801 26819 W Isolated Web Content: [JavaScript Warning: "Cookie “sendAuthToken2” with the “SameSite” attribute value “Lax” or “Strict” was omitted because of a cross-site redirect." {file: "https://umto.cnn.com/user-sync?goiz=9af411f8d1c043e5a4b16a410150077c&domain=cnn.com" line: 0}]
06-03 11:56:49.943 26801 26819 W Isolated Web Content: [JavaScript Warning: "Cookie “isInAuthTokenExperiment” with the “SameSite” attribute value “Lax” or “Strict” was omitted because of a cross-site redirect." {file: "https://umto.cnn.com/user-sync?goiz=9af411f8d1c043e5a4b16a410150077c&domain=cnn.com" line: 0}]
06-03 11:56:49.944 26801 26819 W Isolated Web Content: [JavaScript Warning: "Cookie “resolveDisplayTimestamp” with the “SameSite” attribute value “Lax” or “Strict” was omitted because of a cross-site redirect." {file: "https://umto.cnn.com/user-sync?goiz=9af411f8d1c043e5a4b16a410150077c&domain=cnn.com" line: 0}]
06-03 11:56:49.944 26801 26819 W Isolated Web Content: [JavaScript Warning: "Cookie “resolveUATSWMUKIDTimestamp” with the “SameSite” attribute value “Lax” or “Strict” was omitted because of a cross-site redirect." {file: "https://umto.cnn.com/user-sync?goiz=9af411f8d1c043e5a4b16a410150077c&domain=cnn.com" line: 0}]
06-03 11:56:49.944 26801 26819 W Isolated Web Content: [JavaScript Warning: "Cookie “resolveUATSIPTimestamp” with the “SameSite” attribute value “Lax” or “Strict” was omitted because of a cross-site redirect." {file: "https://umto.cnn.com/user-sync?goiz=9af411f8d1c043e5a4b16a410150077c&domain=cnn.com" line: 0}]
06-03 11:56:49.944 26801 26819 W Isolated Web Content: [JavaScript Warning: "Cookie “psmSessionId” with the “SameSite” attribute value “Lax” or “Strict” was omitted because of a cross-site redirect." {file: "https://umto.cnn.com/user-sync?goiz=9af411f8d1c043e5a4b16a410150077c&domain=cnn.com" line: 0}]
06-03 11:56:49.944 26801 26819 W Isolated Web Content: [JavaScript Warning: "Cookie “psmLastActiveTimestamp” with the “SameSite” attribute value “Lax” or “Strict” was omitted because of a cross-site redirect." {file: "https://umto.cnn.com/user-sync?goiz=9af411f8d1c043e5a4b16a410150077c&domain=cnn.com" line: 0}]
06-03 11:56:49.944 26801 26819 W Isolated Web Content: [JavaScript Warning: "Cookie “psmSessionStart” with the “SameSite” attribute value “Lax” or “Strict” was omitted because of a cross-site redirect." {file: "https://umto.cnn.com/user-sync?goiz=9af411f8d1c043e5a4b16a410150077c&domain=cnn.com" line: 0}]
06-03 11:56:49.944 26801 26819 W Isolated Web Content: [JavaScript Warning: "Cookie “psmPageLoadId” with the “SameSite” attribute value “Lax” or “Strict” was omitted because of a cross-site redirect." {file: "https://umto.cnn.com/user-sync?goiz=9af411f8d1c043e5a4b16a410150077c&domain=cnn.com" line: 0}]
06-03 11:56:50.032 21706 21706 W com.vibekey.keyboard: type=1400 audit(0.0:82007): avc: denied { nlmsg_readpriv } for comm=536F636B657420546872656164 scontext=u:r:untrusted_app:s0:c70,c271,c512,c768 tcontext=u:r:untrusted_app:s0:c70,c271,c512,c768 tclass=netlink_route_socket permissive=0 bug=b/155595000 app=com.vibekey.keyboard
06-03 11:56:50.085 26801 26819 W Isolated Web Content: [JavaScript Warning: "The script from “https://px.ads.linkedin.com/db_sync?pid=10339&puuid=6224b26b5e790db0d933b5d9726c029ef31f4fcef3e4f7d6022af9a60ebd13f8791426b5417dce21&rand=09099047&expected_cookie=48da2b28-1021-4a2a-95f0-020bf66ca124” was loaded even though its MIME type (“”) is not a valid JavaScript MIME type." {file: "https://www.cnn.com/" line: 0}]
06-03 11:56:50.318 26801 26819 W Isolated Web Content: [JavaScript Warning: "Mixed Content: Upgrading insecure display request ‘http://image4.pubmatic.com/AdServer/SPug?fp=1&gdpr=0&mpc=4&p=161163&pmc=1&pr=https%3A%2F%2Fumto.cnn.com%2Fuser-sync%3Fdomain%3Dcnn.com%26kfyn%3DBBB9755E-476E-4A6E-8A26-FAB07A9C4BF3’ to use ‘https’" {file: "http://image4.pubmatic.com/AdServer/SPug?fp=1&gdpr=0&mpc=4&p=161163&pmc=1&pr=https%3A%2F%2Fumto.cnn.com%2Fuser-sync%3Fdomain%3Dcnn.com%26kfyn%3DBBB9755E-476E-4A6E-8A26-FAB07A9C4BF3" line: 0}]
06-03 11:56:50.416 26801 26819 W Isolated Web Content: [JavaScript Warning: "Cookie “FastAB_Zion” with the “SameSite” attribute value “Lax” or “Strict” was omitted because of a cross-site redirect." {file: "https://umto.cnn.com/user-sync?domain=cnn.com&kfyn=BBB9755E-476E-4A6E-8A26-FAB07A9C4BF3" line: 0}]
06-03 11:56:50.416 26801 26819 W Isolated Web Content: [JavaScript Warning: "Cookie “_pctx” with the “SameSite” attribute value “Lax” or “Strict” was omitted because of a cross-site redirect." {file: "https://umto.cnn.com/user-sync?domain=cnn.com&kfyn=BBB9755E-476E-4A6E-8A26-FAB07A9C4BF3" line: 0}]
06-03 11:56:50.417 26801 26819 W Isolated Web Content: [JavaScript Warning: "Cookie “_pcid” with the “SameSite” attribute value “Lax” or “Strict” was omitted because of a cross-site redirect." {file: "https://umto.cnn.com/user-sync?domain=cnn.com&kfyn=BBB9755E-476E-4A6E-8A26-FAB07A9C4BF3" line: 0}]
06-03 11:56:50.417 26801 26819 W Isolated Web Content: [JavaScript Warning: "Cookie “__tbc” with the “SameSite” attribute value “Lax” or “Strict” was omitted because of a cross-site redirect." {file: "https://umto.cnn.com/user-sync?domain=cnn.com&kfyn=BBB9755E-476E-4A6E-8A26-FAB07A9C4BF3" line: 0}]
06-03 11:56:50.417 26801 26819 W Isolated Web Content: [JavaScript Warning: "Cookie “__pat” with the “SameSite” attribute value “Lax” or “Strict” was omitted because of a cross-site redirect." {file: "https://umto.cnn.com/user-sync?domain=cnn.com&kfyn=BBB9755E-476E-4A6E-8A26-FAB07A9C4BF3" line: 0}]
06-03 11:56:50.417 26801 26819 W Isolated Web Content: [JavaScript Warning: "Cookie “__pvi” with the “SameSite” attribute value “Lax” or “Strict” was omitted because of a cross-site redirect." {file: "https://umto.cnn.com/user-sync?domain=cnn.com&kfyn=BBB9755E-476E-4A6E-8A26-FAB07A9C4BF3" line: 0}]
06-03 11:56:50.417 26801 26819 W Isolated Web Content: [JavaScript Warning: "Cookie “xbc” with the “SameSite” attribute value “Lax” or “Strict” was omitted because of a cross-site redirect." {file: "https://umto.cnn.com/user-sync?domain=cnn.com&kfyn=BBB9755E-476E-4A6E-8A26-FAB07A9C4BF3" line: 0}]
06-03 11:56:50.417 26801 26819 W Isolated Web Content: [JavaScript Warning: "Cookie “_pcus” with the “SameSite” attribute value “Lax” or “Strict” was omitted because of a cross-site redirect." {file: "https://umto.cnn.com/user-sync?domain=cnn.com&kfyn=BBB9755E-476E-4A6E-8A26-FAB07A9C4BF3" line: 0}]
06-03 11:56:50.418 26801 26819 W Isolated Web Content: [JavaScript Warning: "Cookie “WMUKID_STABLE” with the “SameSite” attribute value “Lax” or “Strict” was omitted because of a cross-site redirect." {file: "https://umto.cnn.com/user-sync?domain=cnn.com&kfyn=BBB9755E-476E-4A6E-8A26-FAB07A9C4BF3" line: 0}]
06-03 11:56:50.418 26801 26819 W Isolated Web Content: [JavaScript Warning: "Cookie “datid” with the “SameSite” attribute value “Lax” or “Strict” was omitted because of a cross-site redirect." {file: "https://umto.cnn.com/user-sync?domain=cnn.com&kfyn=BBB9755E-476E-4A6E-8A26-FAB07A9C4BF3" line: 0}]
06-03 11:56:50.418 26801 26819 W Isolated Web Content: [JavaScript Warning: "Cookie “sendWMSegs” with the “SameSite” attribute value “Lax” or “Strict” was omitted because of a cross-site redirect." {file: "https://umto.cnn.com/user-sync?domain=cnn.com&kfyn=BBB9755E-476E-4A6E-8A26-FAB07A9C4BF3" line: 0}]
06-03 11:56:50.418 26801 26819 W Isolated Web Content: [JavaScript Warning: "Cookie “sendAuthToken” with the “SameSite” attribute value “Lax” or “Strict” was omitted because of a cross-site redirect." {file: "https://umto.cnn.com/user-sync?domain=cnn.com&kfyn=BBB9755E-476E-4A6E-8A26-FAB07A9C4BF3" line: 0}]
06-03 11:56:50.418 26801 26819 W Isolated Web Content: [JavaScript Warning: "Cookie “sendAuthToken2” with the “SameSite” attribute value “Lax” or “Strict” was omitted because of a cross-site redirect." {file: "https://umto.cnn.com/user-sync?domain=cnn.com&kfyn=BBB9755E-476E-4A6E-8A26-FAB07A9C4BF3" line: 0}]
06-03 11:56:50.418 26801 26819 W Isolated Web Content: [JavaScript Warning: "Cookie “isInAuthTokenExperiment” with the “SameSite” attribute value “Lax” or “Strict” was omitted because of a cross-site redirect." {file: "https://umto.cnn.com/user-sync?domain=cnn.com&kfyn=BBB9755E-476E-4A6E-8A26-FAB07A9C4BF3" line: 0}]
06-03 11:56:50.418 26801 26819 W Isolated Web Content: [JavaScript Warning: "Cookie “resolveDisplayTimestamp” with the “SameSite” attribute value “Lax” or “Strict” was omitted because of a cross-site redirect." {file: "https://umto.cnn.com/user-sync?domain=cnn.com&kfyn=BBB9755E-476E-4A6E-8A26-FAB07A9C4BF3" line: 0}]
06-03 11:56:50.419 26801 26819 W Isolated Web Content: [JavaScript Warning: "Cookie “resolveUATSWMUKIDTimestamp” with the “SameSite” attribute value “Lax” or “Strict” was omitted because of a cross-site redirect." {file: "https://umto.cnn.com/user-sync?domain=cnn.com&kfyn=BBB9755E-476E-4A6E-8A26-FAB07A9C4BF3" line: 0}]
06-03 11:56:50.419 26801 26819 W Isolated Web Content: [JavaScript Warning: "Cookie “resolveUATSIPTimestamp” with the “SameSite” attribute value “Lax” or “Strict” was omitted because of a cross-site redirect." {file: "https://umto.cnn.com/user-sync?domain=cnn.com&kfyn=BBB9755E-476E-4A6E-8A26-FAB07A9C4BF3" line: 0}]
06-03 11:56:50.419 26801 26819 W Isolated Web Content: [JavaScript Warning: "Cookie “psmSessionId” with the “SameSite” attribute value “Lax” or “Strict” was omitted because of a cross-site redirect." {file: "https://umto.cnn.com/user-sync?domain=cnn.com&kfyn=BBB9755E-476E-4A6E-8A26-FAB07A9C4BF3" line: 0}]
06-03 11:56:50.419 26801 26819 W Isolated Web Content: [JavaScript Warning: "Cookie “psmLastActiveTimestamp” with the “SameSite” attribute value “Lax” or “Strict” was omitted because of a cross-site redirect." {file: "https://umto.cnn.com/user-sync?domain=cnn.com&kfyn=BBB9755E-476E-4A6E-8A26-FAB07A9C4BF3" line: 0}]
06-03 11:56:50.420 26801 26819 W Isolated Web Content: [JavaScript Warning: "Cookie “psmSessionStart” with the “SameSite” attribute value “Lax” or “Strict” was omitted because of a cross-site redirect." {file: "https://umto.cnn.com/user-sync?domain=cnn.com&kfyn=BBB9755E-476E-4A6E-8A26-FAB07A9C4BF3" line: 0}]
06-03 11:56:50.420 26801 26819 W Isolated Web Content: [JavaScript Warning: "Cookie “psmPageLoadId” with the “SameSite” attribute value “Lax” or “Strict” was omitted because of a cross-site redirect." {file: "https://umto.cnn.com/user-sync?domain=cnn.com&kfyn=BBB9755E-476E-4A6E-8A26-FAB07A9C4BF3" line: 0}]
06-03 11:57:40.126 21706 21706 W GeckoEventDispatcher: No listener for GeckoView:DismissClipboardPermissionRequest
06-03 11:57:40.136 21706 22035 E GeckoConsole: [JavaScript Error: "TypeError: can't access property "WindowEventDispatcher", win is null" {file: "resource://gre/modules/GeckoViewSessionStore.sys.mjs" line: 149}]
06-03 11:57:40.136 21706 22035 E GeckoConsole: onTabStateUpdate@resource://gre/modules/GeckoViewSessionStore.sys.mjs:149:5
06-03 11:57:40.136 21706 22035 E GeckoConsole: updateSessionStoreFromTabListener@resource://gre/modules/GeckoViewSessionStore.sys.mjs:243:10
06-03 11:57:40.136 21706 22035 E GeckoConsole: SSF_updateSessionStore@resource://gre/modules/SessionStoreFunctions.sys.mjs:46:27
06-03 11:57:40.136 21706 22035 E GeckoConsole: UpdateSessionStore@resource://gre/modules/SessionStoreFunctions.sys.mjs:16:46
06-03 11:57:40.207 21706 21706 W GeckoEventDispatcher: No listener for GeckoView:DismissClipboardPermissionRequest
06-03 11:57:40.211 21706 22035 E GeckoConsole: [JavaScript Error: "TypeError: can't access property "WindowEventDispatcher", win is null" {file: "resource://gre/modules/GeckoViewSessionStore.sys.mjs" line: 149}]
06-03 11:57:40.211 21706 22035 E GeckoConsole: onTabStateUpdate@resource://gre/modules/GeckoViewSessionStore.sys.mjs:149:5
06-03 11:57:40.211 21706 22035 E GeckoConsole: updateSessionStoreFromTabListener@resource://gre/modules/GeckoViewSessionStore.sys.mjs:243:10
06-03 11:57:40.211 21706 22035 E GeckoConsole: SSF_updateSessionStore@resource://gre/modules/SessionStoreFunctions.sys.mjs:46:27
06-03 11:57:40.211 21706 22035 E GeckoConsole: UpdateSessionStore@resource://gre/modules/SessionStoreFunctions.sys.mjs:16:46
06-03 11:57:42.108 21706 21706 W GeckoEventDispatcher: No listener for GeckoView:DismissClipboardPermissionRequest
06-03 11:57:42.111 21706 22035 E GeckoConsole: [JavaScript Error: "TypeError: can't access property "WindowEventDispatcher", win is null" {file: "resource://gre/modules/GeckoViewSessionStore.sys.mjs" line: 149}]
06-03 11:57:42.111 21706 22035 E GeckoConsole: onTabStateUpdate@resource://gre/modules/GeckoViewSessionStore.sys.mjs:149:5
06-03 11:57:42.111 21706 22035 E GeckoConsole: updateSessionStoreFromTabListener@resource://gre/modules/GeckoViewSessionStore.sys.mjs:243:10
06-03 11:57:42.111 21706 22035 E GeckoConsole: SSF_updateSessionStore@resource://gre/modules/SessionStoreFunctions.sys.mjs:46:27
06-03 11:57:42.111 21706 22035 E GeckoConsole: UpdateSessionStore@resource://gre/modules/SessionStoreFunctions.sys.mjs:16:46
06-03 11:57:47.248 21706 21706 W GeckoEventDispatcher: No listener for GeckoView:DismissClipboardPermissionRequest
06-03 11:57:47.250 21706 22035 E GeckoConsole: [JavaScript Error: "TypeError: can't access property "WindowEventDispatcher", win is null" {file: "resource://gre/modules/GeckoViewSessionStore.sys.mjs" line: 149}]
06-03 11:57:47.250 21706 22035 E GeckoConsole: onTabStateUpdate@resource://gre/modules/GeckoViewSessionStore.sys.mjs:149:5
06-03 11:57:47.250 21706 22035 E GeckoConsole: updateSessionStoreFromTabListener@resource://gre/modules/GeckoViewSessionStore.sys.mjs:243:10
06-03 11:57:47.250 21706 22035 E GeckoConsole: SSF_updateSessionStore@resource://gre/modules/SessionStoreFunctions.sys.mjs:46:27
06-03 11:57:47.250 21706 22035 E GeckoConsole: UpdateSessionStore@resource://gre/modules/SessionStoreFunctions.sys.mjs:16:46
06-03 11:57:48.418 21706 21706 W GeckoEventDispatcher: No listener for GeckoView:DismissClipboardPermissionRequest
06-03 11:57:48.425 21706 22035 E GeckoConsole: [JavaScript Error: "TypeError: can't access property "WindowEventDispatcher", win is null" {file: "resource://gre/modules/GeckoViewSessionStore.sys.mjs" line: 149}]
06-03 11:57:48.425 21706 22035 E GeckoConsole: onTabStateUpdate@resource://gre/modules/GeckoViewSessionStore.sys.mjs:149:5
06-03 11:57:48.425 21706 22035 E GeckoConsole: updateSessionStoreFromTabListener@resource://gre/modules/GeckoViewSessionStore.sys.mjs:243:10
06-03 11:57:48.425 21706 22035 E GeckoConsole: SSF_updateSessionStore@resource://gre/modules/SessionStoreFunctions.sys.mjs:46:27
06-03 11:57:48.425 21706 22035 E GeckoConsole: UpdateSessionStore@resource://gre/modules/SessionStoreFunctions.sys.mjs:16:46
06-03 11:57:49.500 21706 21706 W GeckoEventDispatcher: No listener for GeckoView:DismissClipboardPermissionRequest
06-03 11:57:49.501 21706 22035 E GeckoConsole: [JavaScript Error: "TypeError: can't access property "WindowEventDispatcher", win is null" {file: "resource://gre/modules/GeckoViewSessionStore.sys.mjs" line: 149}]
06-03 11:57:49.501 21706 22035 E GeckoConsole: onTabStateUpdate@resource://gre/modules/GeckoViewSessionStore.sys.mjs:149:5
06-03 11:57:49.501 21706 22035 E GeckoConsole: updateSessionStoreFromTabListener@resource://gre/modules/GeckoViewSessionStore.sys.mjs:243:10
06-03 11:57:49.501 21706 22035 E GeckoConsole: SSF_updateSessionStore@resource://gre/modules/SessionStoreFunctions.sys.mjs:46:27
06-03 11:57:49.501 21706 22035 E GeckoConsole: UpdateSessionStore@resource://gre/modules/SessionStoreFunctions.sys.mjs:16:46
06-03 11:57:50.314 21706 21706 W GeckoEventDispatcher: No listener for GeckoView:DismissClipboardPermissionRequest
06-03 11:57:50.315 21706 22035 E GeckoConsole: [JavaScript Error: "TypeError: can't access property "WindowEventDispatcher", win is null" {file: "resource://gre/modules/GeckoViewSessionStore.sys.mjs" line: 149}]
06-03 11:57:50.315 21706 22035 E GeckoConsole: onTabStateUpdate@resource://gre/modules/GeckoViewSessionStore.sys.mjs:149:5
06-03 11:57:50.315 21706 22035 E GeckoConsole: updateSessionStoreFromTabListener@resource://gre/modules/GeckoViewSessionStore.sys.mjs:243:10
06-03 11:57:50.315 21706 22035 E GeckoConsole: SSF_updateSessionStore@resource://gre/modules/SessionStoreFunctions.sys.mjs:46:27
06-03 11:57:50.315 21706 22035 E GeckoConsole: UpdateSessionStore@resource://gre/modules/SessionStoreFunctions.sys.mjs:16:46
06-03 11:57:51.067 21706 21706 W GeckoEventDispatcher: No listener for GeckoView:DismissClipboardPermissionRequest
06-03 11:57:51.067 21706 22035 E GeckoConsole: [JavaScript Error: "TypeError: can't access property "WindowEventDispatcher", win is null" {file: "resource://gre/modules/GeckoViewSessionStore.sys.mjs" line: 149}]
06-03 11:57:51.067 21706 22035 E GeckoConsole: onTabStateUpdate@resource://gre/modules/GeckoViewSessionStore.sys.mjs:149:5
06-03 11:57:51.067 21706 22035 E GeckoConsole: updateSessionStoreFromTabListener@resource://gre/modules/GeckoViewSessionStore.sys.mjs:243:10
06-03 11:57:51.067 21706 22035 E GeckoConsole: SSF_updateSessionStore@resource://gre/modules/SessionStoreFunctions.sys.mjs:46:27
06-03 11:57:51.067 21706 22035 E GeckoConsole: UpdateSessionStore@resource://gre/modules/SessionStoreFunctions.sys.mjs:16:46
06-03 11:57:51.236 21706 21706 W Settings: Setting transition_animation_scale has moved from android.provider.Settings.System to android.provider.Settings.Global, returning read-only value.
06-03 11:57:55.332 21706 21750 E BLASTBufferQueue: BLASTBufferItemConsumer::onDisconnect()
06-03 11:57:56.041 21706 22382 E ActivityThread: Failed to find provider info for com.oplus.statistics.provider
06-03 11:57:56.041 21706 22382 E OplusStatistics--: IllegalArgumentException:java.lang.IllegalArgumentException: Unknown URL content://com.oplus.statistics.provider/track_event
06-03 11:57:56.487 21706 21750 E BLASTBufferQueue: BLASTBufferItemConsumer::onDisconnect()


2026-06-03 11:48:46.922683 I b: Device encrypted storage is empty, copying values from credential encrypted storage
2026-06-03 11:48:46.928633 W f0: Could not load system glide typing library jni_latinimegoogle: dlopen failed: library "libjni_latinimegoogle.so" not found
2026-06-03 11:48:46.940035 W c: onSharedPreferenceChanged called before loadSettings.
2026-06-03 11:48:46.940820 W c: onSharedPreferenceChanged called before loadSettings.
2026-06-03 11:48:46.941723 W c: onSharedPreferenceChanged called before loadSettings.
2026-06-03 11:48:46.941824 W c: onSharedPreferenceChanged called before loadSettings.
2026-06-03 11:48:46.941843 W c: onSharedPreferenceChanged called before loadSettings.
2026-06-03 11:48:46.941854 W c: onSharedPreferenceChanged called before loadSettings.
2026-06-03 11:48:46.941863 W c: onSharedPreferenceChanged called before loadSettings.
2026-06-03 11:48:46.941874 W c: onSharedPreferenceChanged called before loadSettings.
2026-06-03 11:48:46.941885 W c: onSharedPreferenceChanged called before loadSettings.
2026-06-03 11:48:46.941897 W c: onSharedPreferenceChanged called before loadSettings.
2026-06-03 11:48:46.941925 W c: onSharedPreferenceChanged called before loadSettings.
2026-06-03 11:48:46.941939 W c: onSharedPreferenceChanged called before loadSettings.
2026-06-03 11:48:46.941952 W c: onSharedPreferenceChanged called before loadSettings.
2026-06-03 11:48:46.942099 I AppUpgrade: Migrating v0→3610: hKey0=keyboard_height_scale_false hKey1=keyboard_height_scale_true bKey0=bottom_padding_scale_false bKey1=bottom_padding_scale_true
2026-06-03 11:48:46.956495 W c: onSharedPreferenceChanged called before loadSettings.
2026-06-03 11:48:46.956571 W c: onSharedPreferenceChanged called before loadSettings.
2026-06-03 11:48:46.956587 W c: onSharedPreferenceChanged called before loadSettings.
2026-06-03 11:48:46.956596 W c: onSharedPreferenceChanged called before loadSettings.
2026-06-03 11:48:46.956604 W c: onSharedPreferenceChanged called before loadSettings.
2026-06-03 11:48:46.956612 W c: onSharedPreferenceChanged called before loadSettings.
2026-06-03 11:48:46.956622 W c: onSharedPreferenceChanged called before loadSettings.
2026-06-03 11:48:46.956685 I AppUpgrade: After migration: height0=0.9 height1=0.9 pad0=0.5 pad1=0.0
2026-06-03 11:48:46.957235 W c: onSharedPreferenceChanged called before loadSettings.
2026-06-03 11:48:46.972354 W c: onSharedPreferenceChanged called before loadSettings.
2026-06-03 11:48:46.977911 I startup: Starting com.vibekey.keyboard version 4.1.154 (4254) on Android 12 (SDK 31)
2026-06-03 11:48:46.995431 I u: InputType.TYPE_NULL is specified
2026-06-03 11:48:46.995529 I c: loadSettings
2026-06-03 11:48:47.008923 I c: loadSettings
2026-06-03 11:48:47.009877 I c: loadSettings
2026-06-03 11:48:47.010759 I c: loadSettings
2026-06-03 11:48:47.011587 I c: loadSettings
2026-06-03 11:48:47.012349 I c: loadSettings
