--------- beginning of system
06-01 14:30:30.765 19330 19330 E OplusCustomizeRestrictionManager: sInstance is null, start a new sInstance
06-01 14:31:56.849 19330 20152 E ActivityThread: Failed to find provider info for com.oplus.statistics.provider
06-01 14:31:56.849 19330 20152 E OplusStatistics--: IllegalArgumentException:java.lang.IllegalArgumentException: Unknown URL content://com.oplus.statistics.provider/track_event
06-01 14:33:48.727 19330 20152 E ActivityThread: Failed to find provider info for com.oplus.statistics.provider
06-01 14:33:48.727 19330 20152 E OplusStatistics--: IllegalArgumentException:java.lang.IllegalArgumentException: Unknown URL content://com.oplus.statistics.provider/track_event
06-01 14:34:08.973 19330 20152 E ActivityThread: Failed to find provider info for com.oplus.statistics.provider
06-01 14:34:08.973 19330 20152 E OplusStatistics--: IllegalArgumentException:java.lang.IllegalArgumentException: Unknown URL content://com.oplus.statistics.provider/track_event
06-01 14:34:28.932 19330 20152 E ActivityThread: Failed to find provider info for com.oplus.statistics.provider
06-01 14:34:28.932 19330 20152 E OplusStatistics--: IllegalArgumentException:java.lang.IllegalArgumentException: Unknown URL content://com.oplus.statistics.provider/track_event
06-01 14:34:49.642 19330 20152 E ActivityThread: Failed to find provider info for com.oplus.statistics.provider
06-01 14:34:49.642 19330 20152 E OplusStatistics--: IllegalArgumentException:java.lang.IllegalArgumentException: Unknown URL content://com.oplus.statistics.provider/track_event
06-01 14:35:11.012 19330 20152 E ActivityThread: Failed to find provider info for com.oplus.statistics.provider
06-01 14:35:11.012 19330 20152 E OplusStatistics--: IllegalArgumentException:java.lang.IllegalArgumentException: Unknown URL content://com.oplus.statistics.provider/track_event
--------- beginning of main
06-01 14:35:53.967 19330 19330 W com.vibekey.keyboard: type=1400 audit(0.0:19685): avc: denied { nlmsg_readpriv } for comm=536F636B657420546872656164 scontext=u:r:untrusted_app:s0:c18,c271,c512,c768 tcontext=u:r:untrusted_app:s0:c18,c271,c512,c768 tclass=netlink_route_socket permissive=0 bug=b/155595000 app=com.vibekey.keyboard
06-01 14:35:54.002 20634 20651 W Isolated Web Content: [JavaScript Warning: "Content-Security-Policy: Ignoring “'unsafe-inline'” within script-src: ‘strict-dynamic’ specified" {file: "https://www.google.com/recaptcha/api2/aframe" line: 0}]
06-01 14:35:54.002 20634 20651 W Isolated Web Content: [JavaScript Warning: "Content-Security-Policy: Ignoring “https:” within script-src: ‘strict-dynamic’ specified" {file: "https://www.google.com/recaptcha/api2/aframe" line: 0}]
06-01 14:35:54.002 20634 20651 W Isolated Web Content: [JavaScript Warning: "Content-Security-Policy: Ignoring “http:” within script-src: ‘strict-dynamic’ specified" {file: "https://www.google.com/recaptcha/api2/aframe" line: 0}]
06-01 14:35:54.002 20634 20651 W Isolated Web Content: [JavaScript Warning: "Content-Security-Policy: Ignoring “'unsafe-inline'” within script-src: nonce-source or hash-source specified" {file: "https://www.google.com/recaptcha/api2/aframe" line: 0}]
06-01 14:35:54.027 19330 19330 W com.vibekey.keyboard: type=1400 audit(0.0:19686): avc: denied { nlmsg_readpriv } for comm=536F636B657420546872656164 scontext=u:r:untrusted_app:s0:c18,c271,c512,c768 tcontext=u:r:untrusted_app:s0:c18,c271,c512,c768 tclass=netlink_route_socket permissive=0 bug=b/155595000 app=com.vibekey.keyboard
06-01 14:35:54.057 19330 19330 W com.vibekey.keyboard: type=1400 audit(0.0:19687): avc: denied { nlmsg_readpriv } for comm=536F636B657420546872656164 scontext=u:r:untrusted_app:s0:c18,c271,c512,c768 tcontext=u:r:untrusted_app:s0:c18,c271,c512,c768 tclass=netlink_route_socket permissive=0 bug=b/155595000 app=com.vibekey.keyboard
06-01 14:35:54.194 25062 25080 W Isolated Web Content: [JavaScript Warning: "WEBGL_debug_renderer_info is deprecated in Firefox and will be removed. Please use RENDERER." {file: "https://pagead2.googlesyndication.com/bg/F7BznUE9mSBUl2zLiQG7l40lqtefSwIRBxy_kmnCB94.js line 2 > eval line 6078 > eval line 1 > eval line 1 > eval" line: 1}]
06-01 14:35:54.418 24654 24689 E Isolated Web Content: [JavaScript Error: "Cookie “AWSALBCORS” rejected because it has the “SameSite=None” attribute but is missing the “secure” attribute." {file: "https://sp.auth.adobe.com/entitlement/v4/AccessEnablerProxy.html?9f61ce3349740cda7528#https%3A%2F%2Fwww.espn.com%2F" line: 0}]
06-01 14:35:54.421 24960 24977 E Isolated Web Content: [JavaScript Error: "Cookie “AWSALBCORS” rejected because it has the “SameSite=None” attribute but is missing the “secure” attribute." {file: "https://sp.auth.adobe.com/entitlement/v4/AccessEnablerProxy.js" line: 0}]
06-01 14:35:54.700 24654 24689 E Isolated Web Content: [JavaScript Error: "Cookie “AWSALBCORS” rejected because it has the “SameSite=None” attribute but is missing the “secure” attribute." {file: "https://sp.auth.adobe.com/o/client/register" line: 0}]
06-01 14:35:54.897 24995 25021 W Isolated Web Content: [JavaScript Warning: "unreachable code after return statement" {file: "https://cdn.registerdisney.go.com/v4/bundle/web/ESPN-ONESITE.WEB/en-US?cssOverride=https%3A%2F%2Fsecure.espncdn.com%2Fcombiner%2Fc%3Fcss%3Ddisneyid%2Fcorev4.css&logLevel=INFO" line: 13}]
06-01 14:35:54.952 24995 25021 W Isolated Web Content: [JavaScript Warning: "Ignoring unsupported entryTypes: longtask." {file: "https://cdn.registerdisney.go.com/v4/bundle/web/ESPN-ONESITE.WEB/en-US?cssOverride=https%3A%2F%2Fsecure.espncdn.com%2Fcombiner%2Fc%3Fcss%3Ddisneyid%2Fcorev4.css&logLevel=INFO" line: 13}]
06-01 14:35:54.997 19330 19330 W com.vibekey.keyboard: type=1400 audit(0.0:19688): avc: denied { nlmsg_readpriv } for comm=536F636B657420546872656164 scontext=u:r:untrusted_app:s0:c18,c271,c512,c768 tcontext=u:r:untrusted_app:s0:c18,c271,c512,c768 tclass=netlink_route_socket permissive=0 bug=b/155595000 app=com.vibekey.keyboard
06-01 14:35:55.029 19330 19330 W GeckoEventDispatcher: No listener for GeckoView:DismissClipboardPermissionRequest
06-01 14:35:55.046 19330 19330 W GeckoEventDispatcher: No listener for GeckoView:DismissClipboardPermissionRequest
06-01 14:35:55.048 19330 20362 E BLASTBufferQueue: BLASTBufferItemConsumer::onDisconnect()
06-01 14:35:55.052 19330 19330 E GeckoView: Failed to detach WindowInsetsListener: 
06-01 14:35:55.052 19330 19330 E GeckoView: java.lang.NullPointerException: Attempt to invoke virtual method 'android.view.Window android.app.Activity.getWindow()' on a null object reference
06-01 14:35:55.052 19330 19330 E GeckoView: 	at org.mozilla.geckoview.GeckoView.detachWindowInsetsListener(r8-map-id-b534bfdfac2883b11b5daea17e1315357afb6183376f63c91a9cf35de5ce55d1:1)
06-01 14:35:55.052 19330 19330 E GeckoView: 	at org.mozilla.geckoview.GeckoView.onDetachedFromWindow(r8-map-id-b534bfdfac2883b11b5daea17e1315357afb6183376f63c91a9cf35de5ce55d1:25)
06-01 14:35:55.052 19330 19330 E GeckoView: 	at android.view.View.dispatchDetachedFromWindow(View.java:20955)
06-01 14:35:55.052 19330 19330 E GeckoView: 	at android.view.ViewGroup.dispatchDetachedFromWindow(ViewGroup.java:4014)
06-01 14:35:55.052 19330 19330 E GeckoView: 	at android.view.ViewGroup.removeViewInternal(ViewGroup.java:5660)
06-01 14:35:55.052 19330 19330 E GeckoView: 	at android.view.ViewGroup.removeViewInternal(ViewGroup.java:5631)
06-01 14:35:55.052 19330 19330 E GeckoView: 	at android.view.ViewGroup.removeView(ViewGroup.java:5562)
06-01 14:35:55.052 19330 19330 E GeckoView: 	at helium314.keyboard.latin.panels.BrowserPanelView.E(r8-map-id-b534bfdfac2883b11b5daea17e1315357afb6183376f63c91a9cf35de5ce55d1:75)
06-01 14:35:55.052 19330 19330 E GeckoView: 	at helium314.keyboard.latin.panels.BrowserPanelView.H0(r8-map-id-b534bfdfac2883b11b5daea17e1315357afb6183376f63c91a9cf35de5ce55d1:90)
06-01 14:35:55.052 19330 19330 E GeckoView: 	at g7.b0.r(r8-map-id-b534bfdfac2883b11b5daea17e1315357afb6183376f63c91a9cf35de5ce55d1:149)
06-01 14:35:55.052 19330 19330 E GeckoView: 	at g7.b0.P(r8-map-id-b534bfdfac2883b11b5daea17e1315357afb6183376f63c91a9cf35de5ce55d1:17)
06-01 14:35:55.052 19330 19330 E GeckoView: 	at y7.t3.a(r8-map-id-b534bfdfac2883b11b5daea17e1315357afb6183376f63c91a9cf35de5ce55d1:3)
06-01 14:35:55.052 19330 19330 E GeckoView: 	at y7.b2.onClick(r8-map-id-b534bfdfac2883b11b5daea17e1315357afb6183376f63c91a9cf35de5ce55d1:194)
06-01 14:35:55.052 19330 19330 E GeckoView: 	at android.view.View.performClick(View.java:7488)
06-01 14:35:55.052 19330 19330 E GeckoView: 	at android.view.View.performClickInternal(View.java:7464)
06-01 14:35:55.052 19330 19330 E GeckoView: 	at android.view.View.access$3700(View.java:841)
06-01 14:35:55.052 19330 19330 E GeckoView: 	at android.view.View$PerformClick.run(View.java:28911)
06-01 14:35:55.052 19330 19330 E GeckoView: 	at android.os.Handler.handleCallback(Handler.java:938)
06-01 14:35:55.052 19330 19330 E GeckoView: 	at android.os.Handler.dispatchMessage(Handler.java:99)
06-01 14:35:55.052 19330 19330 E GeckoView: 	at android.os.Looper.loopOnce(Looper.java:233)
06-01 14:35:55.052 19330 19330 E GeckoView: 	at android.os.Looper.loop(Looper.java:344)
06-01 14:35:55.052 19330 19330 E GeckoView: 	at android.app.ActivityThread.main(ActivityThread.java:8212)
06-01 14:35:55.052 19330 19330 E GeckoView: 	at java.lang.reflect.Method.invoke(Native Method)
06-01 14:35:55.052 19330 19330 E GeckoView: 	at com.android.internal.os.RuntimeInit$MethodAndArgsCaller.run(RuntimeInit.java:584)
06-01 14:35:55.052 19330 19330 E GeckoView: 	at com.android.internal.os.ZygoteInit.main(ZygoteInit.java:1034)
06-01 14:35:55.056 19330 19679 E GeckoConsole: [JavaScript Error: "TypeError: can't access property "WindowEventDispatcher", win is null" {file: "resource://gre/modules/GeckoViewSessionStore.sys.mjs" line: 149}]
06-01 14:35:55.056 19330 19679 E GeckoConsole: onTabStateUpdate@resource://gre/modules/GeckoViewSessionStore.sys.mjs:149:5
06-01 14:35:55.056 19330 19679 E GeckoConsole: updateSessionStoreFromTabListener@resource://gre/modules/GeckoViewSessionStore.sys.mjs:243:10
06-01 14:35:55.056 19330 19679 E GeckoConsole: SSF_updateSessionStore@resource://gre/modules/SessionStoreFunctions.sys.mjs:46:27
06-01 14:35:55.056 19330 19679 E GeckoConsole: UpdateSessionStore@resource://gre/modules/SessionStoreFunctions.sys.mjs:16:46
06-01 14:35:55.057 19330 19679 E GeckoConsole: [JavaScript Error: "TypeError: can't access property "WindowEventDispatcher", win is null" {file: "resource://gre/modules/GeckoViewSessionStore.sys.mjs" line: 149}]
06-01 14:35:55.057 19330 19679 E GeckoConsole: onTabStateUpdate@resource://gre/modules/GeckoViewSessionStore.sys.mjs:149:5
06-01 14:35:55.057 19330 19679 E GeckoConsole: updateSessionStoreFromTabListener@resource://gre/modules/GeckoViewSessionStore.sys.mjs:243:10
06-01 14:35:55.057 19330 19679 E GeckoConsole: SSF_updateSessionStore@resource://gre/modules/SessionStoreFunctions.sys.mjs:46:27
06-01 14:35:55.057 19330 19679 E GeckoConsole: UpdateSessionStore@resource://gre/modules/SessionStoreFunctions.sys.mjs:16:46
06-01 14:35:55.057 19330 19679 E GeckoConsole: [JavaScript Error: "TypeError: can't access property "WindowEventDispatcher", win is null" {file: "resource://gre/modules/GeckoViewSessionStore.sys.mjs" line: 149}]
06-01 14:35:55.057 19330 19679 E GeckoConsole: onTabStateUpdate@resource://gre/modules/GeckoViewSessionStore.sys.mjs:149:5
06-01 14:35:55.057 19330 19679 E GeckoConsole: updateSessionStoreFromTabListener@resource://gre/modules/GeckoViewSessionStore.sys.mjs:243:10
06-01 14:35:55.057 19330 19679 E GeckoConsole: SSF_updateSessionStore@resource://gre/modules/SessionStoreFunctions.sys.mjs:46:27
06-01 14:35:55.057 19330 19679 E GeckoConsole: UpdateSessionStore@resource://gre/modules/SessionStoreFunctions.sys.mjs:16:46
06-01 14:35:55.057 19330 19679 E GeckoConsole: [JavaScript Error: "TypeError: can't access property "WindowEventDispatcher", win is null" {file: "resource://gre/modules/GeckoViewSessionStore.sys.mjs" line: 149}]
06-01 14:35:55.057 19330 19679 E GeckoConsole: onTabStateUpdate@resource://gre/modules/GeckoViewSessionStore.sys.mjs:149:5
06-01 14:35:55.057 19330 19679 E GeckoConsole: updateSessionStoreFromTabListener@resource://gre/modules/GeckoViewSessionStore.sys.mjs:243:10
06-01 14:35:55.057 19330 19679 E GeckoConsole: SSF_updateSessionStore@resource://gre/modules/SessionStoreFunctions.sys.mjs:46:27
06-01 14:35:55.057 19330 19679 E GeckoConsole: UpdateSessionStore@resource://gre/modules/SessionStoreFunctions.sys.mjs:16:46
06-01 14:35:55.057 19330 19679 E GeckoConsole: [JavaScript Error: "TypeError: can't access property "WindowEventDispatcher", win is null" {file: "resource://gre/modules/GeckoViewSessionStore.sys.mjs" line: 149}]
06-01 14:35:55.057 19330 19679 E GeckoConsole: onTabStateUpdate@resource://gre/modules/GeckoViewSessionStore.sys.mjs:149:5
06-01 14:35:55.057 19330 19679 E GeckoConsole: updateSessionStoreFromTabListener@resource://gre/modules/GeckoViewSessionStore.sys.mjs:243:10
06-01 14:35:55.057 19330 19679 E GeckoConsole: SSF_updateSessionStore@resource://gre/modules/SessionStoreFunctions.sys.mjs:46:27
06-01 14:35:55.057 19330 19679 E GeckoConsole: UpdateSessionStore@resource://gre/modules/SessionStoreFunctions.sys.mjs:16:46
06-01 14:35:55.058 19330 19679 E GeckoConsole: [JavaScript Error: "TypeError: can't access property "WindowEventDispatcher", win is null" {file: "resource://gre/modules/GeckoViewSessionStore.sys.mjs" line: 149}]
06-01 14:35:55.058 19330 19679 E GeckoConsole: onTabStateUpdate@resource://gre/modules/GeckoViewSessionStore.sys.mjs:149:5
06-01 14:35:55.058 19330 19679 E GeckoConsole: updateSessionStoreFromTabListener@resource://gre/modules/GeckoViewSessionStore.sys.mjs:243:10
06-01 14:35:55.058 19330 19679 E GeckoConsole: SSF_updateSessionStore@resource://gre/modules/SessionStoreFunctions.sys.mjs:46:27
06-01 14:35:55.058 19330 19679 E GeckoConsole: UpdateSessionStore@resource://gre/modules/SessionStoreFunctions.sys.mjs:16:46
06-01 14:35:55.058 19330 19679 E GeckoConsole: [JavaScript Error: "TypeError: can't access property "WindowEventDispatcher", win is null" {file: "resource://gre/modules/GeckoViewSessionStore.sys.mjs" line: 149}]
06-01 14:35:55.058 19330 19679 E GeckoConsole: onTabStateUpdate@resource://gre/modules/GeckoViewSessionStore.sys.mjs:149:5
06-01 14:35:55.058 19330 19679 E GeckoConsole: updateSessionStoreFromTabListener@resource://gre/modules/GeckoViewSessionStore.sys.mjs:243:10
06-01 14:35:55.058 19330 19679 E GeckoConsole: SSF_updateSessionStore@resource://gre/modules/SessionStoreFunctions.sys.mjs:46:27
06-01 14:35:55.058 19330 19679 E GeckoConsole: UpdateSessionStore@resource://gre/modules/SessionStoreFunctions.sys.mjs:16:46
06-01 14:35:55.069 19330 19679 E GeckoConsole: [JavaScript Error: "TypeError: can't access property "WindowEventDispatcher", win is null" {file: "resource://gre/modules/GeckoViewSessionStore.sys.mjs" line: 149}]
06-01 14:35:55.069 19330 19679 E GeckoConsole: onTabStateUpdate@resource://gre/modules/GeckoViewSessionStore.sys.mjs:149:5
06-01 14:35:55.069 19330 19679 E GeckoConsole: updateSessionStoreFromTabListener@resource://gre/modules/GeckoViewSessionStore.sys.mjs:243:10
06-01 14:35:55.069 19330 19679 E GeckoConsole: SSF_updateSessionStore@resource://gre/modules/SessionStoreFunctions.sys.mjs:46:27
06-01 14:35:55.069 19330 19679 E GeckoConsole: UpdateSessionStore@resource://gre/modules/SessionStoreFunctions.sys.mjs:16:46
06-01 14:35:55.074 24654 24689 E Isolated Web Content: [JavaScript Error: "Cookie “AWSALBCORS” rejected because it has the “SameSite=None” attribute but is missing the “secure” attribute." {file: "https://sp.auth.adobe.com/o/client/token" line: 0}]
06-01 14:35:55.104 19330 19330 W GeckoSession: No history entries found.
06-01 14:35:55.151 24654 24689 W Isolated Web Content: [JavaScript Warning: "The character encoding of a framed document was not declared. The document may appear different if viewed without the document framing it." {file: "https://www.espn.com/login/responder/v4/index.html?clientId=ESPN-ONESITE.WEB&environment=PROD" line: 0}]
06-01 14:35:55.277 19330 19330 W com.vibekey.keyboard: type=1400 audit(0.0:19689): avc: denied { nlmsg_readpriv } for comm=536F636B657420546872656164 scontext=u:r:untrusted_app:s0:c18,c271,c512,c768 tcontext=u:r:untrusted_app:s0:c18,c271,c512,c768 tclass=netlink_route_socket permissive=0 bug=b/155595000 app=com.vibekey.keyboard
06-01 14:35:55.331 24654 24689 E Isolated Web Content: [JavaScript Error: "Cookie “AWSALBCORS” rejected because it has the “SameSite=None” attribute but is missing the “secure” attribute." {file: "https://sp.auth.adobe.com/adobe-services/config/ESPN" line: 0}]
06-01 14:35:55.567 19330 19330 W com.vibekey.keyboard: type=1400 audit(0.0:19690): avc: denied { nlmsg_readpriv } for comm=536F636B657420546872656164 scontext=u:r:untrusted_app:s0:c18,c271,c512,c768 tcontext=u:r:untrusted_app:s0:c18,c271,c512,c768 tclass=netlink_route_socket permissive=0 bug=b/155595000 app=com.vibekey.keyboard
06-01 14:35:55.768 20634 20651 W Isolated Web Content: [JavaScript Warning: "Content-Security-Policy: Ignoring “'unsafe-inline'” within script-src: ‘strict-dynamic’ specified" {file: "https://www.google.com/recaptcha/enterprise/anchor?ar=1&k=6LciB_gZAAAAAA_mwJ4G0XZ0BXWvLTt67V7YizXx&co=aHR0cHM6Ly9jZG4ucmVnaXN0ZXJkaXNuZXkuZ28uY29tOjQ0Mw..&hl=en&v=hsFBb1u5wWWWkWP4in1ua2cQ&size=invisible&anchor-ms=20000&execute-ms=30000&cb=n0bx2o8p2mc8" line: 0}]
06-01 14:35:55.768 20634 20651 W Isolated Web Content: [JavaScript Warning: "Content-Security-Policy: Ignoring “https:” within script-src: ‘strict-dynamic’ specified" {file: "https://www.google.com/recaptcha/enterprise/anchor?ar=1&k=6LciB_gZAAAAAA_mwJ4G0XZ0BXWvLTt67V7YizXx&co=aHR0cHM6Ly9jZG4ucmVnaXN0ZXJkaXNuZXkuZ28uY29tOjQ0Mw..&hl=en&v=hsFBb1u5wWWWkWP4in1ua2cQ&size=invisible&anchor-ms=20000&execute-ms=30000&cb=n0bx2o8p2mc8" line: 0}]
06-01 14:35:55.768 20634 20651 W Isolated Web Content: [JavaScript Warning: "Content-Security-Policy: Ignoring “http:” within script-src: ‘strict-dynamic’ specified" {file: "https://www.google.com/recaptcha/enterprise/anchor?ar=1&k=6LciB_gZAAAAAA_mwJ4G0XZ0BXWvLTt67V7YizXx&co=aHR0cHM6Ly9jZG4ucmVnaXN0ZXJkaXNuZXkuZ28uY29tOjQ0Mw..&hl=en&v=hsFBb1u5wWWWkWP4in1ua2cQ&size=invisible&anchor-ms=20000&execute-ms=30000&cb=n0bx2o8p2mc8" line: 0}]
06-01 14:35:55.768 20634 20651 W Isolated Web Content: [JavaScript Warning: "Content-Security-Policy: Ignoring “'unsafe-inline'” within script-src: nonce-source or hash-source specified" {file: "https://www.google.com/recaptcha/enterprise/anchor?ar=1&k=6LciB_gZAAAAAA_mwJ4G0XZ0BXWvLTt67V7YizXx&co=aHR0cHM6Ly9jZG4ucmVnaXN0ZXJkaXNuZXkuZ28uY29tOjQ0Mw..&hl=en&v=hsFBb1u5wWWWkWP4in1ua2cQ&size=invisible&anchor-ms=20000&execute-ms=30000&cb=n0bx2o8p2mc8" line: 0}]
06-01 14:35:55.771 20634 20651 W GeckoEditableChild: No editable parent
06-01 14:35:55.777 19330 19330 W com.vibekey.keyboard: type=1400 audit(0.0:19692): avc: denied { nlmsg_readpriv } for comm=536F636B657420546872656164 scontext=u:r:untrusted_app:s0:c18,c271,c512,c768 tcontext=u:r:untrusted_app:s0:c18,c271,c512,c768 tclass=netlink_route_socket permissive=0 bug=b/155595000 app=com.vibekey.keyboard
06-01 14:35:56.067 19330 19330 W com.vibekey.keyboard: type=1400 audit(0.0:19693): avc: denied { nlmsg_readpriv } for comm=536F636B657420546872656164 scontext=u:r:untrusted_app:s0:c18,c271,c512,c768 tcontext=u:r:untrusted_app:s0:c18,c271,c512,c768 tclass=netlink_route_socket permissive=0 bug=b/155595000 app=com.vibekey.keyboard
06-01 14:35:56.097 19330 19330 W com.vibekey.keyboard: type=1400 audit(0.0:19694): avc: denied { nlmsg_readpriv } for comm=536F636B657420546872656164 scontext=u:r:untrusted_app:s0:c18,c271,c512,c768 tcontext=u:r:untrusted_app:s0:c18,c271,c512,c768 tclass=netlink_route_socket permissive=0 bug=b/155595000 app=com.vibekey.keyboard
06-01 14:35:56.559 19330 19330 W GeckoEventDispatcher: No listener for GeckoView:DismissClipboardPermissionRequest
06-01 14:35:56.559 20634 20651 W Isolated Web Content: [JavaScript Warning: "Ignoring unsupported entryTypes: longtask." {file: "https://www.gstatic.com/recaptcha/releases/hsFBb1u5wWWWkWP4in1ua2cQ/recaptcha__en.js" line: 727}]
06-01 14:35:56.565 19330 19679 E GeckoConsole: [JavaScript Error: "TypeError: can't access property "WindowEventDispatcher", win is null" {file: "resource://gre/modules/GeckoViewSessionStore.sys.mjs" line: 149}]
06-01 14:35:56.565 19330 19679 E GeckoConsole: onTabStateUpdate@resource://gre/modules/GeckoViewSessionStore.sys.mjs:149:5
06-01 14:35:56.565 19330 19679 E GeckoConsole: updateSessionStoreFromTabListener@resource://gre/modules/GeckoViewSessionStore.sys.mjs:243:10
06-01 14:35:56.565 19330 19679 E GeckoConsole: SSF_updateSessionStore@resource://gre/modules/SessionStoreFunctions.sys.mjs:46:27
06-01 14:35:56.565 19330 19679 E GeckoConsole: UpdateSessionStore@resource://gre/modules/SessionStoreFunctions.sys.mjs:16:46
06-01 14:35:56.566 19330 19679 E GeckoConsole: [JavaScript Error: "TypeError: can't access property "WindowEventDispatcher", win is null" {file: "resource://gre/modules/GeckoViewSessionStore.sys.mjs" line: 149}]
06-01 14:35:56.566 19330 19679 E GeckoConsole: onTabStateUpdate@resource://gre/modules/GeckoViewSessionStore.sys.mjs:149:5
06-01 14:35:56.566 19330 19679 E GeckoConsole: updateSessionStoreFromTabListener@resource://gre/modules/GeckoViewSessionStore.sys.mjs:243:10
06-01 14:35:56.566 19330 19679 E GeckoConsole: SSF_updateSessionStore@resource://gre/modules/SessionStoreFunctions.sys.mjs:46:27
06-01 14:35:56.566 19330 19679 E GeckoConsole: UpdateSessionStore@resource://gre/modules/SessionStoreFunctions.sys.mjs:16:46
06-01 14:35:56.566 19330 19679 E GeckoConsole: [JavaScript Error: "TypeError: can't access property "WindowEventDispatcher", win is null" {file: "resource://gre/modules/GeckoViewSessionStore.sys.mjs" line: 149}]
06-01 14:35:56.566 19330 19679 E GeckoConsole: onTabStateUpdate@resource://gre/modules/GeckoViewSessionStore.sys.mjs:149:5
06-01 14:35:56.566 19330 19679 E GeckoConsole: updateSessionStoreFromTabListener@resource://gre/modules/GeckoViewSessionStore.sys.mjs:243:10
06-01 14:35:56.566 19330 19679 E GeckoConsole: SSF_updateSessionStore@resource://gre/modules/SessionStoreFunctions.sys.mjs:46:27
06-01 14:35:56.566 19330 19679 E GeckoConsole: UpdateSessionStore@resource://gre/modules/SessionStoreFunctions.sys.mjs:16:46
06-01 14:35:56.569 19330 19679 E GeckoConsole: [JavaScript Error: "TypeError: can't access property "WindowEventDispatcher", win is null" {file: "resource://gre/modules/GeckoViewSessionStore.sys.mjs" line: 149}]
06-01 14:35:56.569 19330 19679 E GeckoConsole: onTabStateUpdate@resource://gre/modules/GeckoViewSessionStore.sys.mjs:149:5
06-01 14:35:56.569 19330 19679 E GeckoConsole: updateSessionStoreFromTabListener@resource://gre/modules/GeckoViewSessionStore.sys.mjs:243:10
06-01 14:35:56.569 19330 19679 E GeckoConsole: SSF_updateSessionStore@resource://gre/modules/SessionStoreFunctions.sys.mjs:46:27
06-01 14:35:56.569 19330 19679 E GeckoConsole: UpdateSessionStore@resource://gre/modules/SessionStoreFunctions.sys.mjs:16:46
06-01 14:35:56.569 19330 19679 E GeckoConsole: [JavaScript Error: "TypeError: can't access property "WindowEventDispatcher", win is null" {file: "resource://gre/modules/GeckoViewSessionStore.sys.mjs" line: 149}]
06-01 14:35:56.569 19330 19679 E GeckoConsole: onTabStateUpdate@resource://gre/modules/GeckoViewSessionStore.sys.mjs:149:5
06-01 14:35:56.569 19330 19679 E GeckoConsole: updateSessionStoreFromTabListener@resource://gre/modules/GeckoViewSessionStore.sys.mjs:243:10
06-01 14:35:56.569 19330 19679 E GeckoConsole: SSF_updateSessionStore@resource://gre/modules/SessionStoreFunctions.sys.mjs:46:27
06-01 14:35:56.569 19330 19679 E GeckoConsole: UpdateSessionStore@resource://gre/modules/SessionStoreFunctions.sys.mjs:16:46
06-01 14:35:56.567 19330 19330 W com.vibekey.keyboard: type=1400 audit(0.0:19696): avc: denied { nlmsg_readpriv } for comm=536F636B657420546872656164 scontext=u:r:untrusted_app:s0:c18,c271,c512,c768 tcontext=u:r:untrusted_app:s0:c18,c271,c512,c768 tclass=netlink_route_socket permissive=0 bug=b/155595000 app=com.vibekey.keyboard
06-01 14:35:56.654 19330 20138 W VibeKeyProfiler: Slow Native Suggest: Total=14.07ms | Init=0.20ms | TrieExpand(x6)=13.82ms | Scoring=0.04ms | inputSize=36
06-01 14:35:56.659 19330 19381 W VibeKeyProfiler: Slow Native Suggest: Total=13.02ms | Init=0.23ms | TrieExpand(x7)=12.77ms | Scoring=0.02ms | inputSize=36
06-01 14:35:56.660 19330 19667 W VibeKeyProfiler: Slow Kotlin Suggest: Total=21.39ms | locales=3 | typedLen=36 | candidates=17 parallelWait=21.23ms
06-01 14:35:56.683 25062 25080 W Isolated Web Content: [JavaScript Warning: "WEBGL_debug_renderer_info is deprecated in Firefox and will be removed. Please use RENDERER." {file: "https://ep1.adtrafficquality.google/bg/F7BznUE9mSBUl2zLiQG7l40lqtefSwIRBxy_kmnCB94.js line 2 > eval line 3212 > eval line 1 > eval line 1 > eval" line: 1}]
06-01 14:35:57.074 19330 20136 W OnDeviceLlmPrewarm: topic hints failed (keyboard_open): Engine stopped
06-01 14:35:58.097 19330 19330 W GeckoEventDispatcher: No listener for GeckoView:DismissClipboardPermissionRequest
06-01 14:35:58.097 19330 19679 E GeckoConsole: [JavaScript Error: "TypeError: can't access property "WindowEventDispatcher", win is null" {file: "resource://gre/modules/GeckoViewSessionStore.sys.mjs" line: 149}]
06-01 14:35:58.097 19330 19679 E GeckoConsole: onTabStateUpdate@resource://gre/modules/GeckoViewSessionStore.sys.mjs:149:5
06-01 14:35:58.097 19330 19679 E GeckoConsole: updateSessionStoreFromTabListener@resource://gre/modules/GeckoViewSessionStore.sys.mjs:243:10
06-01 14:35:58.097 19330 19679 E GeckoConsole: SSF_updateSessionStore@resource://gre/modules/SessionStoreFunctions.sys.mjs:46:27
06-01 14:35:58.097 19330 19679 E GeckoConsole: UpdateSessionStore@resource://gre/modules/SessionStoreFunctions.sys.mjs:16:46
06-01 14:35:58.098 19330 19679 E GeckoConsole: [JavaScript Error: "TypeError: can't access property "WindowEventDispatcher", win is null" {file: "resource://gre/modules/GeckoViewSessionStore.sys.mjs" line: 149}]
06-01 14:35:58.098 19330 19679 E GeckoConsole: onTabStateUpdate@resource://gre/modules/GeckoViewSessionStore.sys.mjs:149:5
06-01 14:35:58.098 19330 19679 E GeckoConsole: updateSessionStoreFromTabListener@resource://gre/modules/GeckoViewSessionStore.sys.mjs:243:10
06-01 14:35:58.098 19330 19679 E GeckoConsole: SSF_updateSessionStore@resource://gre/modules/SessionStoreFunctions.sys.mjs:46:27
06-01 14:35:58.098 19330 19679 E GeckoConsole: UpdateSessionStore@resource://gre/modules/SessionStoreFunctions.sys.mjs:16:46
06-01 14:35:58.103 19330 19679 E GeckoConsole: [JavaScript Error: "TypeError: can't access property "WindowEventDispatcher", win is null" {file: "resource://gre/modules/GeckoViewSessionStore.sys.mjs" line: 149}]
06-01 14:35:58.103 19330 19679 E GeckoConsole: onTabStateUpdate@resource://gre/modules/GeckoViewSessionStore.sys.mjs:149:5
06-01 14:35:58.103 19330 19679 E GeckoConsole: updateSessionStoreFromTabListener@resource://gre/modules/GeckoViewSessionStore.sys.mjs:243:10
06-01 14:35:58.103 19330 19679 E GeckoConsole: SSF_updateSessionStore@resource://gre/modules/SessionStoreFunctions.sys.mjs:46:27
06-01 14:35:58.103 19330 19679 E GeckoConsole: UpdateSessionStore@resource://gre/modules/SessionStoreFunctions.sys.mjs:16:46
06-01 14:35:58.104 19330 19679 E GeckoConsole: [JavaScript Error: "TypeError: can't access property "WindowEventDispatcher", win is null" {file: "resource://gre/modules/GeckoViewSessionStore.sys.mjs" line: 149}]
06-01 14:35:58.104 19330 19679 E GeckoConsole: onTabStateUpdate@resource://gre/modules/GeckoViewSessionStore.sys.mjs:149:5
06-01 14:35:58.104 19330 19679 E GeckoConsole: updateSessionStoreFromTabListener@resource://gre/modules/GeckoViewSessionStore.sys.mjs:243:10
06-01 14:35:58.104 19330 19679 E GeckoConsole: SSF_updateSessionStore@resource://gre/modules/SessionStoreFunctions.sys.mjs:46:27
06-01 14:35:58.104 19330 19679 E GeckoConsole: UpdateSessionStore@resource://gre/modules/SessionStoreFunctions.sys.mjs:16:46
06-01 14:35:58.104 19330 19679 E GeckoConsole: [JavaScript Error: "TypeError: can't access property "WindowEventDispatcher", win is null" {file: "resource://gre/modules/GeckoViewSessionStore.sys.mjs" line: 149}]
06-01 14:35:58.104 19330 19679 E GeckoConsole: onTabStateUpdate@resource://gre/modules/GeckoViewSessionStore.sys.mjs:149:5
06-01 14:35:58.104 19330 19679 E GeckoConsole: updateSessionStoreFromTabListener@resource://gre/modules/GeckoViewSessionStore.sys.mjs:243:10
06-01 14:35:58.104 19330 19679 E GeckoConsole: SSF_updateSessionStore@resource://gre/modules/SessionStoreFunctions.sys.mjs:46:27
06-01 14:35:58.104 19330 19679 E GeckoConsole: UpdateSessionStore@resource://gre/modules/SessionStoreFunctions.sys.mjs:16:46
06-01 14:35:58.493 19330 19330 W GeckoEventDispatcher: No listener for GeckoView:DismissClipboardPermissionRequest
06-01 14:35:58.497 19330 19679 E GeckoConsole: [JavaScript Error: "TypeError: can't access property "WindowEventDispatcher", win is null" {file: "resource://gre/modules/GeckoViewSessionStore.sys.mjs" line: 149}]
06-01 14:35:58.497 19330 19679 E GeckoConsole: onTabStateUpdate@resource://gre/modules/GeckoViewSessionStore.sys.mjs:149:5
06-01 14:35:58.497 19330 19679 E GeckoConsole: updateSessionStoreFromTabListener@resource://gre/modules/GeckoViewSessionStore.sys.mjs:243:10
06-01 14:35:58.497 19330 19679 E GeckoConsole: SSF_updateSessionStore@resource://gre/modules/SessionStoreFunctions.sys.mjs:46:27
06-01 14:35:58.497 19330 19679 E GeckoConsole: UpdateSessionStore@resource://gre/modules/SessionStoreFunctions.sys.mjs:16:46
06-01 14:35:58.498 19330 19679 E GeckoConsole: [JavaScript Error: "TypeError: can't access property "WindowEventDispatcher", win is null" {file: "resource://gre/modules/GeckoViewSessionStore.sys.mjs" line: 149}]
06-01 14:35:58.498 19330 19679 E GeckoConsole: onTabStateUpdate@resource://gre/modules/GeckoViewSessionStore.sys.mjs:149:5
06-01 14:35:58.498 19330 19679 E GeckoConsole: updateSessionStoreFromTabListener@resource://gre/modules/GeckoViewSessionStore.sys.mjs:243:10
06-01 14:35:58.498 19330 19679 E GeckoConsole: SSF_updateSessionStore@resource://gre/modules/SessionStoreFunctions.sys.mjs:46:27
06-01 14:35:58.498 19330 19679 E GeckoConsole: UpdateSessionStore@resource://gre/modules/SessionStoreFunctions.sys.mjs:16:46
06-01 14:35:58.498 19330 19679 E GeckoConsole: [JavaScript Error: "TypeError: can't access property "WindowEventDispatcher", win is null" {file: "resource://gre/modules/GeckoViewSessionStore.sys.mjs" line: 149}]
06-01 14:35:58.498 19330 19679 E GeckoConsole: onTabStateUpdate@resource://gre/modules/GeckoViewSessionStore.sys.mjs:149:5
06-01 14:35:58.498 19330 19679 E GeckoConsole: updateSessionStoreFromTabListener@resource://gre/modules/GeckoViewSessionStore.sys.mjs:243:10
06-01 14:35:58.498 19330 19679 E GeckoConsole: SSF_updateSessionStore@resource://gre/modules/SessionStoreFunctions.sys.mjs:46:27
06-01 14:35:58.498 19330 19679 E GeckoConsole: UpdateSessionStore@resource://gre/modules/SessionStoreFunctions.sys.mjs:16:46
06-01 14:35:58.498 19330 19679 E GeckoConsole: [JavaScript Error: "TypeError: can't access property "WindowEventDispatcher", win is null" {file: "resource://gre/modules/GeckoViewSessionStore.sys.mjs" line: 149}]
06-01 14:35:58.498 19330 19679 E GeckoConsole: onTabStateUpdate@resource://gre/modules/GeckoViewSessionStore.sys.mjs:149:5
06-01 14:35:58.498 19330 19679 E GeckoConsole: updateSessionStoreFromTabListener@resource://gre/modules/GeckoViewSessionStore.sys.mjs:243:10
06-01 14:35:58.498 19330 19679 E GeckoConsole: SSF_updateSessionStore@resource://gre/modules/SessionStoreFunctions.sys.mjs:46:27
06-01 14:35:58.498 19330 19679 E GeckoConsole: UpdateSessionStore@resource://gre/modules/SessionStoreFunctions.sys.mjs:16:46
06-01 14:35:58.498 19330 19679 E GeckoConsole: [JavaScript Error: "TypeError: can't access property "WindowEventDispatcher", win is null" {file: "resource://gre/modules/GeckoViewSessionStore.sys.mjs" line: 149}]
06-01 14:35:58.498 19330 19679 E GeckoConsole: onTabStateUpdate@resource://gre/modules/GeckoViewSessionStore.sys.mjs:149:5
06-01 14:35:58.498 19330 19679 E GeckoConsole: updateSessionStoreFromTabListener@resource://gre/modules/GeckoViewSessionStore.sys.mjs:243:10
06-01 14:35:58.498 19330 19679 E GeckoConsole: SSF_updateSessionStore@resource://gre/modules/SessionStoreFunctions.sys.mjs:46:27
06-01 14:35:58.498 19330 19679 E GeckoConsole: UpdateSessionStore@resource://gre/modules/SessionStoreFunctions.sys.mjs:16:46
06-01 14:35:58.958 19330 19330 W GeckoEventDispatcher: No listener for GeckoView:DismissClipboardPermissionRequest
06-01 14:35:58.960 19330 19679 E GeckoConsole: [JavaScript Error: "TypeError: can't access property "WindowEventDispatcher", win is null" {file: "resource://gre/modules/GeckoViewSessionStore.sys.mjs" line: 149}]
06-01 14:35:58.960 19330 19679 E GeckoConsole: onTabStateUpdate@resource://gre/modules/GeckoViewSessionStore.sys.mjs:149:5
06-01 14:35:58.960 19330 19679 E GeckoConsole: updateSessionStoreFromTabListener@resource://gre/modules/GeckoViewSessionStore.sys.mjs:243:10
06-01 14:35:58.960 19330 19679 E GeckoConsole: SSF_updateSessionStore@resource://gre/modules/SessionStoreFunctions.sys.mjs:46:27
06-01 14:35:58.960 19330 19679 E GeckoConsole: UpdateSessionStore@resource://gre/modules/SessionStoreFunctions.sys.mjs:16:46
06-01 14:35:58.960 19330 19679 E GeckoConsole: [JavaScript Error: "TypeError: can't access property "WindowEventDispatcher", win is null" {file: "resource://gre/modules/GeckoViewSessionStore.sys.mjs" line: 149}]
06-01 14:35:58.960 19330 19679 E GeckoConsole: onTabStateUpdate@resource://gre/modules/GeckoViewSessionStore.sys.mjs:149:5
06-01 14:35:58.960 19330 19679 E GeckoConsole: updateSessionStoreFromTabListener@resource://gre/modules/GeckoViewSessionStore.sys.mjs:243:10
06-01 14:35:58.960 19330 19679 E GeckoConsole: SSF_updateSessionStore@resource://gre/modules/SessionStoreFunctions.sys.mjs:46:27
06-01 14:35:58.960 19330 19679 E GeckoConsole: UpdateSessionStore@resource://gre/modules/SessionStoreFunctions.sys.mjs:16:46
06-01 14:35:58.960 19330 19679 E GeckoConsole: [JavaScript Error: "TypeError: can't access property "WindowEventDispatcher", win is null" {file: "resource://gre/modules/GeckoViewSessionStore.sys.mjs" line: 149}]
06-01 14:35:58.960 19330 19679 E GeckoConsole: onTabStateUpdate@resource://gre/modules/GeckoViewSessionStore.sys.mjs:149:5
06-01 14:35:58.960 19330 19679 E GeckoConsole: updateSessionStoreFromTabListener@resource://gre/modules/GeckoViewSessionStore.sys.mjs:243:10
06-01 14:35:58.960 19330 19679 E GeckoConsole: SSF_updateSessionStore@resource://gre/modules/SessionStoreFunctions.sys.mjs:46:27
06-01 14:35:58.960 19330 19679 E GeckoConsole: UpdateSessionStore@resource://gre/modules/SessionStoreFunctions.sys.mjs:16:46
06-01 14:35:58.960 19330 19679 E GeckoConsole: [JavaScript Error: "TypeError: can't access property "WindowEventDispatcher", win is null" {file: "resource://gre/modules/GeckoViewSessionStore.sys.mjs" line: 149}]
06-01 14:35:58.960 19330 19679 E GeckoConsole: onTabStateUpdate@resource://gre/modules/GeckoViewSessionStore.sys.mjs:149:5
06-01 14:35:58.960 19330 19679 E GeckoConsole: updateSessionStoreFromTabListener@resource://gre/modules/GeckoViewSessionStore.sys.mjs:243:10
06-01 14:35:58.960 19330 19679 E GeckoConsole: SSF_updateSessionStore@resource://gre/modules/SessionStoreFunctions.sys.mjs:46:27
06-01 14:35:58.960 19330 19679 E GeckoConsole: UpdateSessionStore@resource://gre/modules/SessionStoreFunctions.sys.mjs:16:46
06-01 14:35:58.960 19330 19679 E GeckoConsole: [JavaScript Error: "TypeError: can't access property "WindowEventDispatcher", win is null" {file: "resource://gre/modules/GeckoViewSessionStore.sys.mjs" line: 149}]
06-01 14:35:58.960 19330 19679 E GeckoConsole: onTabStateUpdate@resource://gre/modules/GeckoViewSessionStore.sys.mjs:149:5
06-01 14:35:58.960 19330 19679 E GeckoConsole: updateSessionStoreFromTabListener@resource://gre/modules/GeckoViewSessionStore.sys.mjs:243:10
06-01 14:35:58.960 19330 19679 E GeckoConsole: SSF_updateSessionStore@resource://gre/modules/SessionStoreFunctions.sys.mjs:46:27
06-01 14:35:58.960 19330 19679 E GeckoConsole: UpdateSessionStore@resource://gre/modules/SessionStoreFunctions.sys.mjs:16:46
06-01 14:36:04.964 24995 25021 W Isolated Web Content: [JavaScript Warning: "The resource at “https://cdn.registerdisney.go.com/v4/asset/bundler/ESPN/v4/images/v2/espn-red-logo.svg” preloaded with link preload was not used within a few seconds. Make sure all attributes of the preload tag are set correctly." {file: "https://cdn.registerdisney.go.com/v4/bundle/web/ESPN-ONESITE.WEB/en-US?cssOverride=https%3A%2F%2Fsecure.espncdn.com%2Fcombiner%2Fc%3Fcss%3Ddisneyid%2Fcorev4.css&logLevel=INFO" line: 0}]
06-01 14:36:05.780 19330 20152 E ActivityThread: Failed to find provider info for com.oplus.statistics.provider
06-01 14:36:05.780 19330 20152 E OplusStatistics--: IllegalArgumentException:java.lang.IllegalArgumentException: Unknown URL content://com.oplus.statistics.provider/track_event
06-01 14:36:13.095 19330 19330 W GeckoEventDispatcher: No listener for GeckoView:DismissClipboardPermissionRequest
06-01 14:36:13.097 19330 19679 E GeckoConsole: [JavaScript Error: "TypeError: can't access property "WindowEventDispatcher", win is null" {file: "resource://gre/modules/GeckoViewSessionStore.sys.mjs" line: 149}]
06-01 14:36:13.097 19330 19679 E GeckoConsole: onTabStateUpdate@resource://gre/modules/GeckoViewSessionStore.sys.mjs:149:5
06-01 14:36:13.097 19330 19679 E GeckoConsole: updateSessionStoreFromTabListener@resource://gre/modules/GeckoViewSessionStore.sys.mjs:243:10
06-01 14:36:13.097 19330 19679 E GeckoConsole: SSF_updateSessionStore@resource://gre/modules/SessionStoreFunctions.sys.mjs:46:27
06-01 14:36:13.097 19330 19679 E GeckoConsole: UpdateSessionStore@resource://gre/modules/SessionStoreFunctions.sys.mjs:16:46
06-01 14:36:13.101 19330 19679 E GeckoConsole: [JavaScript Error: "TypeError: can't access property "WindowEventDispatcher", win is null" {file: "resource://gre/modules/GeckoViewSessionStore.sys.mjs" line: 149}]
06-01 14:36:13.101 19330 19679 E GeckoConsole: onTabStateUpdate@resource://gre/modules/GeckoViewSessionStore.sys.mjs:149:5
06-01 14:36:13.101 19330 19679 E GeckoConsole: updateSessionStoreFromTabListener@resource://gre/modules/GeckoViewSessionStore.sys.mjs:243:10
06-01 14:36:13.101 19330 19679 E GeckoConsole: SSF_updateSessionStore@resource://gre/modules/SessionStoreFunctions.sys.mjs:46:27
06-01 14:36:13.101 19330 19679 E GeckoConsole: UpdateSessionStore@resource://gre/modules/SessionStoreFunctions.sys.mjs:16:46
06-01 14:36:13.101 19330 19679 E GeckoConsole: [JavaScript Error: "TypeError: can't access property "WindowEventDispatcher", win is null" {file: "resource://gre/modules/GeckoViewSessionStore.sys.mjs" line: 149}]
06-01 14:36:13.101 19330 19679 E GeckoConsole: onTabStateUpdate@resource://gre/modules/GeckoViewSessionStore.sys.mjs:149:5
06-01 14:36:13.101 19330 19679 E GeckoConsole: updateSessionStoreFromTabListener@resource://gre/modules/GeckoViewSessionStore.sys.mjs:243:10
06-01 14:36:13.101 19330 19679 E GeckoConsole: SSF_updateSessionStore@resource://gre/modules/SessionStoreFunctions.sys.mjs:46:27
06-01 14:36:13.101 19330 19679 E GeckoConsole: UpdateSessionStore@resource://gre/modules/SessionStoreFunctions.sys.mjs:16:46
06-01 14:36:13.101 19330 19679 E GeckoConsole: [JavaScript Error: "TypeError: can't access property "WindowEventDispatcher", win is null" {file: "resource://gre/modules/GeckoViewSessionStore.sys.mjs" line: 149}]
06-01 14:36:13.101 19330 19679 E GeckoConsole: onTabStateUpdate@resource://gre/modules/GeckoViewSessionStore.sys.mjs:149:5
06-01 14:36:13.101 19330 19679 E GeckoConsole: updateSessionStoreFromTabListener@resource://gre/modules/GeckoViewSessionStore.sys.mjs:243:10
06-01 14:36:13.101 19330 19679 E GeckoConsole: SSF_updateSessionStore@resource://gre/modules/SessionStoreFunctions.sys.mjs:46:27
06-01 14:36:13.101 19330 19679 E GeckoConsole: UpdateSessionStore@resource://gre/modules/SessionStoreFunctions.sys.mjs:16:46
06-01 14:36:13.101 19330 19679 E GeckoConsole: [JavaScript Error: "TypeError: can't access property "WindowEventDispatcher", win is null" {file: "resource://gre/modules/GeckoViewSessionStore.sys.mjs" line: 149}]
06-01 14:36:13.101 19330 19679 E GeckoConsole: onTabStateUpdate@resource://gre/modules/GeckoViewSessionStore.sys.mjs:149:5
06-01 14:36:13.101 19330 19679 E GeckoConsole: updateSessionStoreFromTabListener@resource://gre/modules/GeckoViewSessionStore.sys.mjs:243:10
06-01 14:36:13.101 19330 19679 E GeckoConsole: SSF_updateSessionStore@resource://gre/modules/SessionStoreFunctions.sys.mjs:46:27
06-01 14:36:13.101 19330 19679 E GeckoConsole: UpdateSessionStore@resource://gre/modules/SessionStoreFunctions.sys.mjs:16:46
06-01 14:36:13.901 19330 20139 W VibeKeyProfiler: Slow Native Suggest: Total=18.41ms | Init=0.37ms | TrieExpand(x25)=17.96ms | Scoring=0.08ms | inputSize=1
06-01 14:36:13.905 19330 19667 W VibeKeyProfiler: Slow Native Suggest: Total=24.38ms | Init=0.29ms | TrieExpand(x16)=24.03ms | Scoring=0.06ms | inputSize=1
06-01 14:36:13.908 19330 19667 W VibeKeyProfiler: Slow Kotlin Suggest: Total=29.13ms | locales=3 | typedLen=0 | candidates=18 parallelWait=29.00ms
06-01 14:36:14.406 19330 20136 W VibeKeyProfiler: Slow Native Suggest: Total=9.72ms | Init=0.11ms | TrieExpand(x4)=9.56ms | Scoring=0.05ms | inputSize=27
06-01 14:36:14.558 19330 20140 W VibeKeyProfiler: Slow Native Suggest: Total=9.39ms | Init=0.11ms | TrieExpand(x4)=9.22ms | Scoring=0.06ms | inputSize=38
06-01 14:36:15.551 19330 19330 W GeckoEventDispatcher: No listener for GeckoView:DismissClipboardPermissionRequest
06-01 14:36:15.557 19330 19679 E GeckoConsole: [JavaScript Error: "TypeError: can't access property "WindowEventDispatcher", win is null" {file: "resource://gre/modules/GeckoViewSessionStore.sys.mjs" line: 149}]
06-01 14:36:15.557 19330 19679 E GeckoConsole: onTabStateUpdate@resource://gre/modules/GeckoViewSessionStore.sys.mjs:149:5
06-01 14:36:15.557 19330 19679 E GeckoConsole: updateSessionStoreFromTabListener@resource://gre/modules/GeckoViewSessionStore.sys.mjs:243:10
06-01 14:36:15.557 19330 19679 E GeckoConsole: SSF_updateSessionStore@resource://gre/modules/SessionStoreFunctions.sys.mjs:46:27
06-01 14:36:15.557 19330 19679 E GeckoConsole: UpdateSessionStore@resource://gre/modules/SessionStoreFunctions.sys.mjs:16:46
06-01 14:36:15.557 19330 19679 E GeckoConsole: [JavaScript Error: "TypeError: can't access property "WindowEventDispatcher", win is null" {file: "resource://gre/modules/GeckoViewSessionStore.sys.mjs" line: 149}]
06-01 14:36:15.557 19330 19679 E GeckoConsole: onTabStateUpdate@resource://gre/modules/GeckoViewSessionStore.sys.mjs:149:5
06-01 14:36:15.557 19330 19679 E GeckoConsole: updateSessionStoreFromTabListener@resource://gre/modules/GeckoViewSessionStore.sys.mjs:243:10
06-01 14:36:15.557 19330 19679 E GeckoConsole: SSF_updateSessionStore@resource://gre/modules/SessionStoreFunctions.sys.mjs:46:27
06-01 14:36:15.557 19330 19679 E GeckoConsole: UpdateSessionStore@resource://gre/modules/SessionStoreFunctions.sys.mjs:16:46
06-01 14:36:15.557 19330 19679 E GeckoConsole: [JavaScript Error: "TypeError: can't access property "WindowEventDispatcher", win is null" {file: "resource://gre/modules/GeckoViewSessionStore.sys.mjs" line: 149}]
06-01 14:36:15.557 19330 19679 E GeckoConsole: onTabStateUpdate@resource://gre/modules/GeckoViewSessionStore.sys.mjs:149:5
06-01 14:36:15.557 19330 19679 E GeckoConsole: updateSessionStoreFromTabListener@resource://gre/modules/GeckoViewSessionStore.sys.mjs:243:10
06-01 14:36:15.557 19330 19679 E GeckoConsole: SSF_updateSessionStore@resource://gre/modules/SessionStoreFunctions.sys.mjs:46:27
06-01 14:36:15.557 19330 19679 E GeckoConsole: UpdateSessionStore@resource://gre/modules/SessionStoreFunctions.sys.mjs:16:46
06-01 14:36:15.558 19330 19679 E GeckoConsole: [JavaScript Error: "TypeError: can't access property "WindowEventDispatcher", win is null" {file: "resource://gre/modules/GeckoViewSessionStore.sys.mjs" line: 149}]
06-01 14:36:15.558 19330 19679 E GeckoConsole: onTabStateUpdate@resource://gre/modules/GeckoViewSessionStore.sys.mjs:149:5
06-01 14:36:15.558 19330 19679 E GeckoConsole: updateSessionStoreFromTabListener@resource://gre/modules/GeckoViewSessionStore.sys.mjs:243:10
06-01 14:36:15.558 19330 19679 E GeckoConsole: SSF_updateSessionStore@resource://gre/modules/SessionStoreFunctions.sys.mjs:46:27
06-01 14:36:15.558 19330 19679 E GeckoConsole: UpdateSessionStore@resource://gre/modules/SessionStoreFunctions.sys.mjs:16:46
06-01 14:36:15.558 19330 19679 E GeckoConsole: [JavaScript Error: "TypeError: can't access property "WindowEventDispatcher", win is null" {file: "resource://gre/modules/GeckoViewSessionStore.sys.mjs" line: 149}]
06-01 14:36:15.558 19330 19679 E GeckoConsole: onTabStateUpdate@resource://gre/modules/GeckoViewSessionStore.sys.mjs:149:5
06-01 14:36:15.558 19330 19679 E GeckoConsole: updateSessionStoreFromTabListener@resource://gre/modules/GeckoViewSessionStore.sys.mjs:243:10
06-01 14:36:15.558 19330 19679 E GeckoConsole: SSF_updateSessionStore@resource://gre/modules/SessionStoreFunctions.sys.mjs:46:27
06-01 14:36:15.558 19330 19679 E GeckoConsole: UpdateSessionStore@resource://gre/modules/SessionStoreFunctions.sys.mjs:16:46
06-01 14:36:26.375 19330 19330 W GeckoEventDispatcher: No listener for GeckoView:DismissClipboardPermissionRequest
06-01 14:36:26.380 19330 19679 E GeckoConsole: [JavaScript Error: "TypeError: can't access property "WindowEventDispatcher", win is null" {file: "resource://gre/modules/GeckoViewSessionStore.sys.mjs" line: 149}]
06-01 14:36:26.380 19330 19679 E GeckoConsole: onTabStateUpdate@resource://gre/modules/GeckoViewSessionStore.sys.mjs:149:5
06-01 14:36:26.380 19330 19679 E GeckoConsole: updateSessionStoreFromTabListener@resource://gre/modules/GeckoViewSessionStore.sys.mjs:243:10
06-01 14:36:26.380 19330 19679 E GeckoConsole: SSF_updateSessionStore@resource://gre/modules/SessionStoreFunctions.sys.mjs:46:27
06-01 14:36:26.380 19330 19679 E GeckoConsole: UpdateSessionStore@resource://gre/modules/SessionStoreFunctions.sys.mjs:16:46
06-01 14:36:26.381 19330 19679 E GeckoConsole: [JavaScript Error: "TypeError: can't access property "WindowEventDispatcher", win is null" {file: "resource://gre/modules/GeckoViewSessionStore.sys.mjs" line: 149}]
06-01 14:36:26.381 19330 19679 E GeckoConsole: onTabStateUpdate@resource://gre/modules/GeckoViewSessionStore.sys.mjs:149:5
06-01 14:36:26.381 19330 19679 E GeckoConsole: updateSessionStoreFromTabListener@resource://gre/modules/GeckoViewSessionStore.sys.mjs:243:10
06-01 14:36:26.381 19330 19679 E GeckoConsole: SSF_updateSessionStore@resource://gre/modules/SessionStoreFunctions.sys.mjs:46:27
06-01 14:36:26.381 19330 19679 E GeckoConsole: UpdateSessionStore@resource://gre/modules/SessionStoreFunctions.sys.mjs:16:46
06-01 14:36:26.381 19330 19679 E GeckoConsole: [JavaScript Error: "TypeError: can't access property "WindowEventDispatcher", win is null" {file: "resource://gre/modules/GeckoViewSessionStore.sys.mjs" line: 149}]
06-01 14:36:26.381 19330 19679 E GeckoConsole: onTabStateUpdate@resource://gre/modules/GeckoViewSessionStore.sys.mjs:149:5
06-01 14:36:26.381 19330 19679 E GeckoConsole: updateSessionStoreFromTabListener@resource://gre/modules/GeckoViewSessionStore.sys.mjs:243:10
06-01 14:36:26.381 19330 19679 E GeckoConsole: SSF_updateSessionStore@resource://gre/modules/SessionStoreFunctions.sys.mjs:46:27
06-01 14:36:26.381 19330 19679 E GeckoConsole: UpdateSessionStore@resource://gre/modules/SessionStoreFunctions.sys.mjs:16:46
06-01 14:36:26.381 19330 19679 E GeckoConsole: [JavaScript Error: "TypeError: can't access property "WindowEventDispatcher", win is null" {file: "resource://gre/modules/GeckoViewSessionStore.sys.mjs" line: 149}]
06-01 14:36:26.381 19330 19679 E GeckoConsole: onTabStateUpdate@resource://gre/modules/GeckoViewSessionStore.sys.mjs:149:5
06-01 14:36:26.381 19330 19679 E GeckoConsole: updateSessionStoreFromTabListener@resource://gre/modules/GeckoViewSessionStore.sys.mjs:243:10
06-01 14:36:26.381 19330 19679 E GeckoConsole: SSF_updateSessionStore@resource://gre/modules/SessionStoreFunctions.sys.mjs:46:27
06-01 14:36:26.381 19330 19679 E GeckoConsole: UpdateSessionStore@resource://gre/modules/SessionStoreFunctions.sys.mjs:16:46
06-01 14:36:26.381 19330 19679 E GeckoConsole: [JavaScript Error: "TypeError: can't access property "WindowEventDispatcher", win is null" {file: "resource://gre/modules/GeckoViewSessionStore.sys.mjs" line: 149}]
06-01 14:36:26.381 19330 19679 E GeckoConsole: onTabStateUpdate@resource://gre/modules/GeckoViewSessionStore.sys.mjs:149:5
06-01 14:36:26.381 19330 19679 E GeckoConsole: updateSessionStoreFromTabListener@resource://gre/modules/GeckoViewSessionStore.sys.mjs:243:10
06-01 14:36:26.381 19330 19679 E GeckoConsole: SSF_updateSessionStore@resource://gre/modules/SessionStoreFunctions.sys.mjs:46:27
06-01 14:36:26.381 19330 19679 E GeckoConsole: UpdateSessionStore@resource://gre/modules/SessionStoreFunctions.sys.mjs:16:46
06-01 14:36:28.092 19330 19330 W GeckoEventDispatcher: No listener for GeckoView:DismissClipboardPermissionRequest
06-01 14:36:28.094 19330 19679 E GeckoConsole: [JavaScript Error: "TypeError: can't access property "WindowEventDispatcher", win is null" {file: "resource://gre/modules/GeckoViewSessionStore.sys.mjs" line: 149}]
06-01 14:36:28.094 19330 19679 E GeckoConsole: onTabStateUpdate@resource://gre/modules/GeckoViewSessionStore.sys.mjs:149:5
06-01 14:36:28.094 19330 19679 E GeckoConsole: updateSessionStoreFromTabListener@resource://gre/modules/GeckoViewSessionStore.sys.mjs:243:10
06-01 14:36:28.094 19330 19679 E GeckoConsole: SSF_updateSessionStore@resource://gre/modules/SessionStoreFunctions.sys.mjs:46:27
