06-11 15:35:33.066 27450 27450 E GeckoView: 	at android.view.ViewGroup.dispatchAttachedToWindow(ViewGroup.java:3539)
06-11 15:35:33.066 27450 27450 E GeckoView: 	at android.view.ViewGroup.addViewInner(ViewGroup.java:5378)
06-11 15:35:33.066 27450 27450 E GeckoView: 	at android.view.ViewGroup.addView(ViewGroup.java:5156)
06-11 15:35:33.066 27450 27450 E GeckoView: 	at a8.x2.b(r8-map-id-309fb149185898b8c278c96770da48d8dda08ab7a3d28b2c06a4f69c5224ae28:30)
06-11 15:35:33.066 27450 27450 E GeckoView: 	at helium314.keyboard.latin.panels.BrowserPanelView.Z(r8-map-id-309fb149185898b8c278c96770da48d8dda08ab7a3d28b2c06a4f69c5224ae28:139)
06-11 15:35:33.066 27450 27450 E GeckoView: 	at helium314.keyboard.latin.panels.BrowserPanelView.H0(r8-map-id-309fb149185898b8c278c96770da48d8dda08ab7a3d28b2c06a4f69c5224ae28:193)
06-11 15:35:33.066 27450 27450 E GeckoView: 	at c5.s.run(r8-map-id-309fb149185898b8c278c96770da48d8dda08ab7a3d28b2c06a4f69c5224ae28:622)
06-11 15:35:33.066 27450 27450 E GeckoView: 	at i7.y.onGlobalLayout(r8-map-id-309fb149185898b8c278c96770da48d8dda08ab7a3d28b2c06a4f69c5224ae28:8)
06-11 15:35:33.066 27450 27450 E GeckoView: 	at android.view.ViewTreeObserver.dispatchOnGlobalLayout(ViewTreeObserver.java:1061)
06-11 15:35:33.066 27450 27450 E GeckoView: 	at android.view.ViewRootImpl.performTraversals(ViewRootImpl.java:3407)
06-11 15:35:33.066 27450 27450 E GeckoView: 	at android.view.ViewRootImpl.doTraversal(ViewRootImpl.java:2305)
06-11 15:35:33.066 27450 27450 E GeckoView: 	at android.view.ViewRootImpl$TraversalRunnable.run(ViewRootImpl.java:9133)
06-11 15:35:33.066 27450 27450 E GeckoView: 	at android.view.Choreographer$CallbackRecord.run(Choreographer.java:1232)
06-11 15:35:33.066 27450 27450 E GeckoView: 	at android.view.Choreographer.doCallbacks(Choreographer.java:1029)
06-11 15:35:33.066 27450 27450 E GeckoView: 	at android.view.Choreographer.doFrame(Choreographer.java:934)
06-11 15:35:33.066 27450 27450 E GeckoView: 	at android.view.Choreographer$FrameDisplayEventReceiver.run(Choreographer.java:1217)
06-11 15:35:33.066 27450 27450 E GeckoView: 	at android.os.Handler.handleCallback(Handler.java:938)
06-11 15:35:33.066 27450 27450 E GeckoView: 	at android.os.Handler.dispatchMessage(Handler.java:99)
06-11 15:35:33.066 27450 27450 E GeckoView: 	at android.os.Looper.loopOnce(Looper.java:233)
06-11 15:35:33.066 27450 27450 E GeckoView: 	at android.os.Looper.loop(Looper.java:344)
06-11 15:35:33.066 27450 27450 E GeckoView: 	at android.app.ActivityThread.main(ActivityThread.java:8212)
06-11 15:35:33.066 27450 27450 E GeckoView: 	at java.lang.reflect.Method.invoke(Native Method)
06-11 15:35:33.066 27450 27450 E GeckoView: 	at com.android.internal.os.RuntimeInit$MethodAndArgsCaller.run(RuntimeInit.java:584)
06-11 15:35:33.066 27450 27450 E GeckoView: 	at com.android.internal.os.ZygoteInit.main(ZygoteInit.java:1034)
06-11 15:35:33.068 28429 28457 E GeckoLibLoad: Load sqlite start
06-11 15:35:33.069 28429 28457 E GeckoLibLoad: Load sqlite done
06-11 15:35:33.069 28429 28457 E GeckoLibLoad: Load nss start
06-11 15:35:33.069 28429 28457 E GeckoLibLoad: Load nss done
06-11 15:35:33.084 28429 28457 E GeckoLibLoad: Loaded libs in 14.447813ms total, 0ms(1ms) user, 10ms(8ms) system, 0(0) faults
06-11 15:35:33.084 28429 28457 W GeckoThread: zerdatime 883375945 - runGecko
06-11 15:35:33.550 28522 28522 E .keyboard:tab3: Unknown bits set in runtime_flags: 0x40000000
06-11 15:35:33.638 28522 28548 E GeckoLibLoad: Load sqlite start
06-11 15:35:33.640 28522 28548 E GeckoLibLoad: Load sqlite done
06-11 15:35:33.640 28522 28548 E GeckoLibLoad: Load nss start
06-11 15:35:33.640 28522 28548 E GeckoLibLoad: Load nss done
06-11 15:35:33.654 28522 28548 E GeckoLibLoad: Loaded libs in 13.390052ms total, 7ms(9ms) user, 0ms(0ms) system, 0(0) faults
06-11 15:35:33.654 28522 28548 W GeckoThread: zerdatime 883376515 - runGecko
06-11 15:35:33.726 27450 27471 E BLASTBufferQueue: BLASTBufferItemConsumer::onDisconnect()
06-11 15:35:33.728 27450 27450 E GeckoView: 	at org.mozilla.geckoview.GeckoView.detachWindowInsetsListener(r8-map-id-309fb149185898b8c278c96770da48d8dda08ab7a3d28b2c06a4f69c5224ae28:1)
06-11 15:35:33.728 27450 27450 E GeckoView: 	at org.mozilla.geckoview.GeckoView.onDetachedFromWindow(r8-map-id-309fb149185898b8c278c96770da48d8dda08ab7a3d28b2c06a4f69c5224ae28:25)
06-11 15:35:33.728 27450 27450 E GeckoView: 	at helium314.keyboard.latin.panels.ImeGeckoView.onDetachedFromWindow(r8-map-id-309fb149185898b8c278c96770da48d8dda08ab7a3d28b2c06a4f69c5224ae28:1)
06-11 15:35:33.728 27450 27450 E GeckoView: 	at android.view.View.dispatchDetachedFromWindow(View.java:20955)
06-11 15:35:33.728 27450 27450 E GeckoView: 	at android.view.ViewGroup.dispatchDetachedFromWindow(ViewGroup.java:4014)
06-11 15:35:33.728 27450 27450 E GeckoView: 	at android.view.ViewGroup.removeViewInternal(ViewGroup.java:5660)
06-11 15:35:33.728 27450 27450 E GeckoView: 	at android.view.ViewGroup.removeViewInternal(ViewGroup.java:5631)
06-11 15:35:33.728 27450 27450 E GeckoView: 	at android.view.ViewGroup.removeView(ViewGroup.java:5562)
06-11 15:35:33.728 27450 27450 E GeckoView: 	at a8.t0.run(r8-map-id-309fb149185898b8c278c96770da48d8dda08ab7a3d28b2c06a4f69c5224ae28:1232)
06-11 15:35:33.728 27450 27450 E GeckoView: 	at helium314.keyboard.latin.panels.BrowserPanelView.R(r8-map-id-309fb149185898b8c278c96770da48d8dda08ab7a3d28b2c06a4f69c5224ae28:151)
06-11 15:35:33.728 27450 27450 E GeckoView: 	at helium314.keyboard.latin.panels.BrowserPanelView.I0(r8-map-id-309fb149185898b8c278c96770da48d8dda08ab7a3d28b2c06a4f69c5224ae28:81)
06-11 15:35:33.728 27450 27450 E GeckoView: 	at i7.b0.r(r8-map-id-309fb149185898b8c278c96770da48d8dda08ab7a3d28b2c06a4f69c5224ae28:149)
06-11 15:35:33.728 27450 27450 E GeckoView: 	at i7.b0.Q(r8-map-id-309fb149185898b8c278c96770da48d8dda08ab7a3d28b2c06a4f69c5224ae28:17)
06-11 15:35:33.728 27450 27450 E GeckoView: 	at a8.k5.a(r8-map-id-309fb149185898b8c278c96770da48d8dda08ab7a3d28b2c06a4f69c5224ae28:3)
06-11 15:35:33.728 27450 27450 E GeckoView: 	at a8.i3.onClick(r8-map-id-309fb149185898b8c278c96770da48d8dda08ab7a3d28b2c06a4f69c5224ae28:207)
06-11 15:35:33.728 27450 27450 E GeckoView: 	at android.view.View.performClick(View.java:7488)
06-11 15:35:33.728 27450 27450 E GeckoView: 	at android.view.View.performClickInternal(View.java:7464)
06-11 15:35:33.728 27450 27450 E GeckoView: 	at android.view.View.access$3700(View.java:841)
06-11 15:35:33.728 27450 27450 E GeckoView: 	at android.view.View$PerformClick.run(View.java:28911)
06-11 15:35:33.728 27450 27450 E GeckoView: 	at android.os.Handler.handleCallback(Handler.java:938)
06-11 15:35:33.728 27450 27450 E GeckoView: 	at android.os.Handler.dispatchMessage(Handler.java:99)
06-11 15:35:33.728 27450 27450 E GeckoView: 	at android.os.Looper.loopOnce(Looper.java:233)
06-11 15:35:33.728 27450 27450 E GeckoView: 	at android.os.Looper.loop(Looper.java:344)
06-11 15:35:33.728 27450 27450 E GeckoView: 	at android.app.ActivityThread.main(ActivityThread.java:8212)
06-11 15:35:33.728 27450 27450 E GeckoView: 	at java.lang.reflect.Method.invoke(Native Method)
06-11 15:35:33.728 27450 27450 E GeckoView: 	at com.android.internal.os.RuntimeInit$MethodAndArgsCaller.run(RuntimeInit.java:584)
06-11 15:35:33.728 27450 27450 E GeckoView: 	at com.android.internal.os.ZygoteInit.main(ZygoteInit.java:1034)
06-11 15:35:33.766 27450 27998 E GeckoConsole: [JavaScript Error: "TypeError: can't access property "WindowEventDispatcher", win is null" {file: "resource://gre/modules/GeckoViewSessionStore.sys.mjs" line: 149}]
06-11 15:35:33.766 27450 27998 E GeckoConsole: onTabStateUpdate@resource://gre/modules/GeckoViewSessionStore.sys.mjs:149:5
06-11 15:35:33.766 27450 27998 E GeckoConsole: updateSessionStoreFromTabListener@resource://gre/modules/GeckoViewSessionStore.sys.mjs:243:10
06-11 15:35:33.911 28660 28660 E .keyboard:tab1: Unknown bits set in runtime_flags: 0x40000000
06-11 15:35:34.002 28660 28679 E GeckoLibLoad: Load sqlite start
06-11 15:35:34.006 28660 28679 E GeckoLibLoad: Load sqlite done
06-11 15:35:34.006 28660 28679 E GeckoLibLoad: Load nss start
06-11 15:35:34.006 28660 28679 E GeckoLibLoad: Load nss done
06-11 15:35:34.034 28660 28679 E GeckoLibLoad: Loaded libs in 27.997031ms total, 0ms(0ms) user, 21ms(24ms) system, 0(0) faults
06-11 15:35:34.035 28660 28679 W GeckoThread: zerdatime 883376896 - runGecko
06-11 15:35:34.509 27450 27512 I VkSuggestions: decode typedLen=7 candidates=16 locales=3 5,1ms
06-11 15:35:34.512 27450 27512 I VkSuggestions: strip composing typedLen=7 candidates=11 autocorrect=false top=jhdjndn locale=es
06-11 15:35:34.706 27450 27512 I VkSuggestions: decode typedLen=8 candidates=6 locales=3 1,4ms
06-11 15:35:34.707 27450 27512 I VkSuggestions: strip composing typedLen=8 candidates=5 autocorrect=false top=jhdjndnj locale=es
06-11 15:35:34.830 28728 28728 E .keyboard:tab1: Unknown bits set in runtime_flags: 0x40000000
06-11 15:35:34.911 27450 27512 I VkSuggestions: decode typedLen=9 candidates=18 locales=3 13,0ms
06-11 15:35:34.912 27450 27512 I VkSuggestions: strip composing typedLen=9 candidates=17 autocorrect=false top=jhdjndnjh locale=es
06-11 15:35:34.914 28728 28747 E GeckoLibLoad: Load sqlite start
06-11 15:35:34.915 28728 28747 E GeckoLibLoad: Load sqlite done
06-11 15:35:34.915 28728 28747 E GeckoLibLoad: Load nss start
06-11 15:35:34.915 28728 28747 E GeckoLibLoad: Load nss done
06-11 15:35:34.930 28728 28747 E GeckoLibLoad: Loaded libs in 14.391979ms total, 0ms(0ms) user, 8ms(9ms) system, 0(0) faults
06-11 15:35:34.930 28728 28747 W GeckoThread: zerdatime 883377791 - runGecko
06-11 15:35:35.106 27450 27512 W VibeKeyProfiler: Slow Native Suggest: Total=9.00ms | Init=0.09ms | TrieExpand(x5)=8.87ms | Scoring=0.05ms | inputSize=10
06-11 15:35:35.118 27450 27512 I VkSuggestions: decode typedLen=10 candidates=18 locales=3 27,4ms
06-11 15:35:35.119 27450 27512 W VkSuggestions: slow frame 27,4ms locales=3 typedLen=10 candidates=18 parallelWait=26,8ms
06-11 15:35:35.122 27450 27512 I VkSuggestions: strip composing typedLen=10 candidates=17 autocorrect=false top=jhdjndnjhd locale=es
06-11 15:35:35.515 28792 28792 E y.keyboard:tab: Unknown bits set in runtime_flags: 0x40000000
06-11 15:35:35.607 28792 28812 E GeckoLibLoad: Load sqlite start
06-11 15:35:35.608 28792 28812 E GeckoLibLoad: Load sqlite done
06-11 15:35:35.608 28792 28812 E GeckoLibLoad: Load nss start
06-11 15:35:35.608 28792 28812 E GeckoLibLoad: Load nss done
06-11 15:35:35.627 28792 28812 E GeckoLibLoad: Loaded libs in 18.388698ms total, 3ms(6ms) user, 7ms(5ms) system, 0(0) faults
06-11 15:35:35.627 28792 28812 W GeckoThread: zerdatime 883378488 - runGecko
06-11 15:35:35.642 28816 28816 E y.keyboard:tab: Unknown bits set in runtime_flags: 0x40000000
06-11 15:35:35.726 28816 28848 E GeckoLibLoad: Load sqlite start
06-11 15:35:35.727 28816 28848 E GeckoLibLoad: Load sqlite done
06-11 15:35:35.727 28816 28848 E GeckoLibLoad: Load nss start
06-11 15:35:35.727 28816 28848 E GeckoLibLoad: Load nss done
06-11 15:35:35.743 28816 28848 E GeckoLibLoad: Loaded libs in 15.298125ms total, 1ms(3ms) user, 6ms(6ms) system, 0(0) faults
06-11 15:35:35.743 28816 28848 W GeckoThread: zerdatime 883378604 - runGecko
06-11 15:35:36.041 28959 28959 E y.keyboard:tab: Unknown bits set in runtime_flags: 0x40000000
06-11 15:35:36.062 28967 28967 E .keyboard:tab3: Unknown bits set in runtime_flags: 0x40000000
06-11 15:35:36.133 28994 28994 E y.keyboard:tab: Unknown bits set in runtime_flags: 0x40000000
06-11 15:35:36.197 28959 29011 E GeckoLibLoad: Load sqlite start
06-11 15:35:36.198 28959 29011 E GeckoLibLoad: Load sqlite done
06-11 15:35:36.198 28959 29011 E GeckoLibLoad: Load nss start
06-11 15:35:36.198 28959 29011 E GeckoLibLoad: Load nss done
06-11 15:35:36.211 28959 29011 E GeckoLibLoad: Loaded libs in 12.660625ms total, 8ms(9ms) user, 0ms(0ms) system, 0(0) faults
06-11 15:35:36.211 28959 29011 W GeckoThread: zerdatime 883379072 - runGecko
06-11 15:35:36.228 28967 29023 E GeckoLibLoad: Load sqlite start
06-11 15:35:36.229 28967 29023 E GeckoLibLoad: Load sqlite done
06-11 15:35:36.229 28967 29023 E GeckoLibLoad: Load nss start
06-11 15:35:36.229 28967 29023 E GeckoLibLoad: Load nss done
06-11 15:35:36.230 28994 29020 E GeckoLibLoad: Load sqlite start
06-11 15:35:36.232 28994 29020 E GeckoLibLoad: Load sqlite done
06-11 15:35:36.232 28994 29020 E GeckoLibLoad: Load nss start
06-11 15:35:36.232 28994 29020 E GeckoLibLoad: Load nss done
06-11 15:35:36.244 28994 29020 E GeckoLibLoad: Loaded libs in 12.174218ms total, 0ms(0ms) user, 4ms(9ms) system, 0(0) faults
06-11 15:35:36.245 28994 29020 W GeckoThread: zerdatime 883379106 - runGecko
06-11 15:35:36.251 28967 29023 E GeckoLibLoad: Loaded libs in 21.812917ms total, 10ms(9ms) user, 0ms(0ms) system, 0(0) faults
06-11 15:35:36.252 28967 29023 W GeckoThread: zerdatime 883379113 - runGecko
06-11 15:35:36.337 27450 27512 I VkSuggestions: strip prediction typedLen=0 candidates=3 autocorrect=false top=DQ locale=es
06-11 15:35:36.454 29088 29088 E y.keyboard:tab: Unknown bits set in runtime_flags: 0x40000000
06-11 15:35:36.550 29088 29108 E GeckoLibLoad: Load sqlite start
06-11 15:35:36.551 29088 29108 E GeckoLibLoad: Load sqlite done
06-11 15:35:36.551 29088 29108 E GeckoLibLoad: Load nss start
06-11 15:35:36.551 29088 29108 E GeckoLibLoad: Load nss done
06-11 15:35:36.562 29088 29108 E GeckoLibLoad: Loaded libs in 10.244687ms total, 0ms(0ms) user, 9ms(9ms) system, 0(0) faults
06-11 15:35:36.562 29088 29108 W GeckoThread: zerdatime 883379423 - runGecko
06-11 15:35:36.879 29173 29173 E .keyboard:tab2: Unknown bits set in runtime_flags: 0x40000000
06-11 15:35:36.946 29173 29189 E GeckoLibLoad: Load sqlite start
06-11 15:35:36.947 29173 29189 E GeckoLibLoad: Load sqlite done
06-11 15:35:36.947 29173 29189 E GeckoLibLoad: Load nss start
06-11 15:35:36.947 29173 29189 E GeckoLibLoad: Load nss done
06-11 15:35:36.957 29173 29189 E GeckoLibLoad: Loaded libs in 10.288333ms total, 7ms(8ms) user, 0ms(0ms) system, 0(0) faults
06-11 15:35:36.957 29173 29189 W GeckoThread: zerdatime 883379818 - runGecko
06-11 15:35:37.047 29173 29189 W GeckoEditableChild: No editable parent
06-11 15:35:37.052 29173 29189 W GeckoEditableChild: No editable parent
06-11 15:35:37.311 29226 29226 E .keyboard:tab2: Unknown bits set in runtime_flags: 0x40000000
06-11 15:35:37.413 29226 29245 E GeckoLibLoad: Load sqlite start
06-11 15:35:37.417 29226 29245 E GeckoLibLoad: Load sqlite done
06-11 15:35:37.417 29226 29245 E GeckoLibLoad: Load nss start
06-11 15:35:37.417 29226 29245 E GeckoLibLoad: Load nss done
06-11 15:35:37.434 29226 29245 E GeckoLibLoad: Loaded libs in 17.216615ms total, 0ms(0ms) user, 13ms(14ms) system, 0(0) faults
06-11 15:35:37.435 29226 29245 W GeckoThread: zerdatime 883380296 - runGecko
06-11 15:35:38.006 29278 29278 E .keyboard:tab1: Unknown bits set in runtime_flags: 0x40000000
06-11 15:35:38.074 29278 29296 E GeckoLibLoad: Load sqlite start
06-11 15:35:38.075 29278 29296 E GeckoLibLoad: Load sqlite done
06-11 15:35:38.075 29278 29296 E GeckoLibLoad: Load nss start
06-11 15:35:38.075 29278 29296 E GeckoLibLoad: Load nss done
06-11 15:35:38.084 29278 29296 E GeckoLibLoad: Loaded libs in 9.322969ms total, 8ms(9ms) user, 0ms(0ms) system, 0(0) faults
06-11 15:35:38.085 29278 29296 W GeckoThread: zerdatime 883380946 - runGecko
06-11 15:35:38.525 29372 29372 E .keyboard:tab3: Unknown bits set in runtime_flags: 0x40000000
06-11 15:35:38.578 29372 29389 E GeckoLibLoad: Load sqlite start
06-11 15:35:38.579 29372 29389 E GeckoLibLoad: Load sqlite done
06-11 15:35:38.579 29372 29389 E GeckoLibLoad: Load nss start
06-11 15:35:38.579 29372 29389 E GeckoLibLoad: Load nss done
06-11 15:35:38.590 29372 29389 E GeckoLibLoad: Loaded libs in 10.153230ms total, 8ms(2ms) user, 0ms(5ms) system, 0(0) faults
06-11 15:35:38.590 29372 29389 W GeckoThread: zerdatime 883381451 - runGecko
06-11 15:35:38.685 27450 27512 W VibeKeyProfiler: Slow Native Suggest: Total=10.12ms | Init=0.11ms | TrieExpand(x15)=9.98ms | Scoring=0.02ms | inputSize=1
06-11 15:35:38.696 27450 27512 W VibeKeyProfiler: Slow Native Suggest: Total=9.61ms | Init=0.39ms | TrieExpand(x22)=9.19ms | Scoring=0.02ms | inputSize=1
06-11 15:35:38.715 27450 27512 I VkSuggestions: decode typedLen=1 candidates=18 locales=3 40,8ms
06-11 15:35:38.716 27450 27512 W VkSuggestions: slow frame 40,8ms locales=3 typedLen=1 candidates=18 parallelWait=40,7ms
06-11 15:35:38.717 27450 27512 I VkSuggestions: strip composing typedLen=1 candidates=19 autocorrect=false top=j locale=es
06-11 15:35:38.844 29441 29441 E .keyboard:tab1: Unknown bits set in runtime_flags: 0x40000000
06-11 15:35:38.868 27450 27512 I VkSuggestions: decode typedLen=2 candidates=18 locales=3 9,3ms
06-11 15:35:38.869 27450 27512 I VkSuggestions: strip composing typedLen=2 candidates=13 autocorrect=false top=jj locale=es
06-11 15:35:38.906 29441 29458 E GeckoLibLoad: Load sqlite start
06-11 15:35:38.907 29441 29458 E GeckoLibLoad: Load sqlite done
06-11 15:35:38.907 29441 29458 E GeckoLibLoad: Load nss start
06-11 15:35:38.907 29441 29458 E GeckoLibLoad: Load nss done
06-11 15:35:38.917 29441 29458 E GeckoLibLoad: Loaded libs in 9.572240ms total, 0ms(0ms) user, 2ms(9ms) system, 0(0) faults
06-11 15:35:38.917 29441 29458 W GeckoThread: zerdatime 883381778 - runGecko
06-11 15:35:39.042 27450 27512 I VkSuggestions: decode typedLen=3 candidates=18 locales=3 10,9ms
06-11 15:35:39.043 27450 27512 I VkSuggestions: strip composing typedLen=3 candidates=15 autocorrect=false top=jjh locale=es
06-11 15:35:39.347 27450 27512 I VkSuggestions: decode typedLen=5 candidates=18 locales=3 13,4ms
06-11 15:35:39.354 27450 27512 I VkSuggestions: strip composing typedLen=5 candidates=19 autocorrect=false top=jjhdh locale=es
06-11 15:35:39.364 29503 29503 E .keyboard:tab3: Unknown bits set in runtime_flags: 0x40000000
06-11 15:35:39.450 29503 29532 E GeckoLibLoad: Load sqlite start
06-11 15:35:39.450 29503 29532 E GeckoLibLoad: Load sqlite done
06-11 15:35:39.451 29503 29532 E GeckoLibLoad: Load nss start
06-11 15:35:39.451 29503 29532 E GeckoLibLoad: Load nss done
06-11 15:35:39.479 29503 29532 E GeckoLibLoad: Loaded libs in 27.931927ms total, 7ms(5ms) user, 11ms(13ms) system, 0(0) faults
06-11 15:35:39.480 29503 29532 W GeckoThread: zerdatime 883382340 - runGecko
06-11 15:35:39.512 29546 29546 E y.keyboard:tab: Unknown bits set in runtime_flags: 0x40000000
06-11 15:35:39.527 27450 27512 I VkSuggestions: decode typedLen=6 candidates=18 locales=3 2,9ms
06-11 15:35:39.528 27450 27512 I VkSuggestions: strip composing typedLen=6 candidates=18 autocorrect=false top=jjhdhh locale=es
06-11 15:35:39.635 29601 29601 E y.keyboard:tab: Unknown bits set in runtime_flags: 0x40000000
06-11 15:35:39.641 29546 29591 E GeckoLibLoad: Load sqlite start
06-11 15:35:39.642 29546 29591 E GeckoLibLoad: Load sqlite done
06-11 15:35:39.642 29546 29591 E GeckoLibLoad: Load nss start
06-11 15:35:39.642 29546 29591 E GeckoLibLoad: Load nss done
06-11 15:35:39.653 27450 27512 I VkSuggestions: decode typedLen=7 candidates=18 locales=3 2,0ms
06-11 15:35:39.654 27450 27512 I VkSuggestions: strip composing typedLen=7 candidates=16 autocorrect=false top=jjhdhhd locale=es
06-11 15:35:39.669 29546 29591 E GeckoLibLoad: Loaded libs in 26.944584ms total, 4ms(4ms) user, 4ms(5ms) system, 0(0) faults
06-11 15:35:39.670 29546 29591 W GeckoThread: zerdatime 883382531 - runGecko
06-11 15:35:39.727 29601 29626 E GeckoLibLoad: Load sqlite start
06-11 15:35:39.728 29601 29626 E GeckoLibLoad: Load sqlite done
06-11 15:35:39.728 29601 29626 E GeckoLibLoad: Load nss start
06-11 15:35:39.728 29601 29626 E GeckoLibLoad: Load nss done
06-11 15:35:39.739 29601 29626 E GeckoLibLoad: Loaded libs in 10.934114ms total, 2ms(4ms) user, 7ms(5ms) system, 0(0) faults
06-11 15:35:39.740 29601 29626 W GeckoThread: zerdatime 883382601 - runGecko
06-11 15:35:40.004 29696 29696 E .keyboard:tab1: Unknown bits set in runtime_flags: 0x40000000
06-11 15:35:40.063 29696 29716 E GeckoLibLoad: Load sqlite start
06-11 15:35:40.064 29696 29716 E GeckoLibLoad: Load sqlite done
06-11 15:35:40.064 29696 29716 E GeckoLibLoad: Load nss start
06-11 15:35:40.064 29696 29716 E GeckoLibLoad: Load nss done
06-11 15:35:40.073 27450 27450 I VkSwipe : ▶ gesture started locale=pt-BR
06-11 15:35:40.076 29696 29716 E GeckoLibLoad: Loaded libs in 11.124740ms total, 5ms(9ms) user, 0ms(0ms) system, 0(0) faults
06-11 15:35:40.076 29696 29716 W GeckoThread: zerdatime 883382937 - runGecko
06-11 15:35:40.104 27450 27512 I VkSuggestions: decode typedLen=0 candidates=18 locales=3 24,4ms
06-11 15:35:40.105 27450 27512 W VkSuggestions: slow frame 24,4ms locales=3 typedLen=0 candidates=18 parallelWait=24,3ms
06-11 15:35:40.202 27450 27512 I VkSuggestions: decode typedLen=2 candidates=18 locales=3 10,8ms
06-11 15:35:40.215 27450 27512 I VkSuggestions: decode typedLen=0 candidates=18 locales=3 12,9ms
06-11 15:35:40.319 27450 27512 I VkSuggestions: decode typedLen=2 candidates=18 locales=3 11,1ms
06-11 15:35:40.334 27450 27512 I VkSuggestions: decode typedLen=0 candidates=18 locales=3 15,2ms
06-11 15:35:40.499 27450 27512 I VkSuggestions: decode typedLen=3 candidates=18 locales=3 13,5ms
06-11 15:35:40.512 27450 27512 I VkSuggestions: decode typedLen=0 candidates=18 locales=3 13,1ms
06-11 15:35:40.523 27450 27450 I VkSwipe : ✓ gesture points=37 decodedLen=3 candidates=15 top=ifk 450ms
06-11 15:35:40.860 29758 29758 E .keyboard:tab2: Unknown bits set in runtime_flags: 0x40000000
06-11 15:35:40.924 29758 29780 E GeckoLibLoad: Load sqlite start
06-11 15:35:40.930 29758 29780 E GeckoLibLoad: Load sqlite done
06-11 15:35:40.931 29758 29780 E GeckoLibLoad: Load nss start
06-11 15:35:40.931 29758 29780 E GeckoLibLoad: Load nss done
06-11 15:35:40.951 29758 29780 E GeckoLibLoad: Loaded libs in 19.898229ms total, 4ms(9ms) user, 10ms(9ms) system, 0(0) faults
06-11 15:35:40.951 29758 29780 W GeckoThread: zerdatime 883383812 - runGecko
06-11 15:35:42.376 27450 27450 I VkPanels: ▶ open browser
06-11 15:35:42.384 27450 27450 I VkBrowser: ▶ panel open incognito=false tabs=3 queryLen=0
06-11 15:35:42.386 27450 27450 E GeckoView: Failed to attach WindowInsetsListener: 
06-11 15:35:42.386 27450 27450 E GeckoView: 	at org.mozilla.geckoview.GeckoView.attachWindowInsetsListener(r8-map-id-309fb149185898b8c278c96770da48d8dda08ab7a3d28b2c06a4f69c5224ae28:1)
06-11 15:35:42.386 27450 27450 E GeckoView: 	at org.mozilla.geckoview.GeckoView.onAttachedToWindow(r8-map-id-309fb149185898b8c278c96770da48d8dda08ab7a3d28b2c06a4f69c5224ae28:49)
06-11 15:35:42.386 27450 27450 E GeckoView: 	at helium314.keyboard.latin.panels.ImeGeckoView.onAttachedToWindow(r8-map-id-309fb149185898b8c278c96770da48d8dda08ab7a3d28b2c06a4f69c5224ae28:4)
06-11 15:35:42.386 27450 27450 E GeckoView: 	at android.view.View.dispatchAttachedToWindow(View.java:20900)
06-11 15:35:42.386 27450 27450 E GeckoView: 	at android.view.ViewGroup.dispatchAttachedToWindow(ViewGroup.java:3539)
06-11 15:35:42.386 27450 27450 E GeckoView: 	at android.view.ViewGroup.addViewInner(ViewGroup.java:5378)
06-11 15:35:42.386 27450 27450 E GeckoView: 	at android.view.ViewGroup.addView(ViewGroup.java:5156)
06-11 15:35:42.386 27450 27450 E GeckoView: 	at a8.x2.b(r8-map-id-309fb149185898b8c278c96770da48d8dda08ab7a3d28b2c06a4f69c5224ae28:30)
06-11 15:35:42.386 27450 27450 E GeckoView: 	at helium314.keyboard.latin.panels.BrowserPanelView.Z(r8-map-id-309fb149185898b8c278c96770da48d8dda08ab7a3d28b2c06a4f69c5224ae28:139)
06-11 15:35:42.386 27450 27450 E GeckoView: 	at helium314.keyboard.latin.panels.BrowserPanelView.H0(r8-map-id-309fb149185898b8c278c96770da48d8dda08ab7a3d28b2c06a4f69c5224ae28:193)
06-11 15:35:42.386 27450 27450 E GeckoView: 	at c5.s.run(r8-map-id-309fb149185898b8c278c96770da48d8dda08ab7a3d28b2c06a4f69c5224ae28:622)
06-11 15:35:42.386 27450 27450 E GeckoView: 	at i7.y.onGlobalLayout(r8-map-id-309fb149185898b8c278c96770da48d8dda08ab7a3d28b2c06a4f69c5224ae28:8)
06-11 15:35:42.386 27450 27450 E GeckoView: 	at android.view.ViewTreeObserver.dispatchOnGlobalLayout(ViewTreeObserver.java:1061)
06-11 15:35:42.386 27450 27450 E GeckoView: 	at android.view.ViewRootImpl.performTraversals(ViewRootImpl.java:3407)
06-11 15:35:42.386 27450 27450 E GeckoView: 	at android.view.ViewRootImpl.doTraversal(ViewRootImpl.java:2305)
06-11 15:35:42.386 27450 27450 E GeckoView: 	at android.view.ViewRootImpl$TraversalRunnable.run(ViewRootImpl.java:9133)
06-11 15:35:42.386 27450 27450 E GeckoView: 	at android.view.Choreographer$CallbackRecord.run(Choreographer.java:1232)
06-11 15:35:42.386 27450 27450 E GeckoView: 	at android.view.Choreographer.doCallbacks(Choreographer.java:1029)
06-11 15:35:42.386 27450 27450 E GeckoView: 	at android.view.Choreographer.doFrame(Choreographer.java:934)
06-11 15:35:42.386 27450 27450 E GeckoView: 	at android.view.Choreographer$FrameDisplayEventReceiver.run(Choreographer.java:1217)
06-11 15:35:42.386 27450 27450 E GeckoView: 	at android.os.Handler.handleCallback(Handler.java:938)
06-11 15:35:42.386 27450 27450 E GeckoView: 	at android.os.Handler.dispatchMessage(Handler.java:99)
06-11 15:35:42.386 27450 27450 E GeckoView: 	at android.os.Looper.loopOnce(Looper.java:233)
06-11 15:35:42.386 27450 27450 E GeckoView: 	at android.os.Looper.loop(Looper.java:344)
06-11 15:35:42.386 27450 27450 E GeckoView: 	at android.app.ActivityThread.main(ActivityThread.java:8212)
06-11 15:35:42.386 27450 27450 E GeckoView: 	at java.lang.reflect.Method.invoke(Native Method)
06-11 15:35:42.386 27450 27450 E GeckoView: 	at com.android.internal.os.RuntimeInit$MethodAndArgsCaller.run(RuntimeInit.java:584)
06-11 15:35:42.386 27450 27450 E GeckoView: 	at com.android.internal.os.ZygoteInit.main(ZygoteInit.java:1034)
06-11 15:35:43.421 27450 27469 E BLASTBufferQueue: BLASTBufferItemConsumer::onDisconnect()
06-11 15:35:43.423 27450 27450 E GeckoView: 	at org.mozilla.geckoview.GeckoView.detachWindowInsetsListener(r8-map-id-309fb149185898b8c278c96770da48d8dda08ab7a3d28b2c06a4f69c5224ae28:1)
06-11 15:35:43.423 27450 27450 E GeckoView: 	at org.mozilla.geckoview.GeckoView.onDetachedFromWindow(r8-map-id-309fb149185898b8c278c96770da48d8dda08ab7a3d28b2c06a4f69c5224ae28:25)
06-11 15:35:43.423 27450 27450 E GeckoView: 	at helium314.keyboard.latin.panels.ImeGeckoView.onDetachedFromWindow(r8-map-id-309fb149185898b8c278c96770da48d8dda08ab7a3d28b2c06a4f69c5224ae28:1)
06-11 15:35:43.423 27450 27450 E GeckoView: 	at android.view.View.dispatchDetachedFromWindow(View.java:20955)
06-11 15:35:43.423 27450 27450 E GeckoView: 	at android.view.ViewGroup.dispatchDetachedFromWindow(ViewGroup.java:4014)
06-11 15:35:43.423 27450 27450 E GeckoView: 	at android.view.ViewGroup.removeViewInternal(ViewGroup.java:5660)
06-11 15:35:43.423 27450 27450 E GeckoView: 	at android.view.ViewGroup.removeViewInternal(ViewGroup.java:5631)
06-11 15:35:43.423 27450 27450 E GeckoView: 	at android.view.ViewGroup.removeView(ViewGroup.java:5562)
06-11 15:35:43.423 27450 27450 E GeckoView: 	at a8.t0.run(r8-map-id-309fb149185898b8c278c96770da48d8dda08ab7a3d28b2c06a4f69c5224ae28:1232)
06-11 15:35:43.423 27450 27450 E GeckoView: 	at helium314.keyboard.latin.panels.BrowserPanelView.R(r8-map-id-309fb149185898b8c278c96770da48d8dda08ab7a3d28b2c06a4f69c5224ae28:151)
06-11 15:35:43.423 27450 27450 E GeckoView: 	at helium314.keyboard.latin.panels.BrowserPanelView.I0(r8-map-id-309fb149185898b8c278c96770da48d8dda08ab7a3d28b2c06a4f69c5224ae28:81)
06-11 15:35:43.423 27450 27450 E GeckoView: 	at i7.b0.r(r8-map-id-309fb149185898b8c278c96770da48d8dda08ab7a3d28b2c06a4f69c5224ae28:149)
06-11 15:35:43.423 27450 27450 E GeckoView: 	at i7.b0.Q(r8-map-id-309fb149185898b8c278c96770da48d8dda08ab7a3d28b2c06a4f69c5224ae28:17)
06-11 15:35:43.423 27450 27450 E GeckoView: 	at a8.k5.a(r8-map-id-309fb149185898b8c278c96770da48d8dda08ab7a3d28b2c06a4f69c5224ae28:3)
06-11 15:35:43.423 27450 27450 E GeckoView: 	at a8.i3.onClick(r8-map-id-309fb149185898b8c278c96770da48d8dda08ab7a3d28b2c06a4f69c5224ae28:207)
06-11 15:35:43.423 27450 27450 E GeckoView: 	at android.view.View.performClick(View.java:7488)
06-11 15:35:43.423 27450 27450 E GeckoView: 	at android.view.View.performClickInternal(View.java:7464)
06-11 15:35:43.423 27450 27450 E GeckoView: 	at android.view.View.access$3700(View.java:841)
06-11 15:35:43.423 27450 27450 E GeckoView: 	at android.view.View$PerformClick.run(View.java:28911)
06-11 15:35:43.423 27450 27450 E GeckoView: 	at android.os.Handler.handleCallback(Handler.java:938)
06-11 15:35:43.423 27450 27450 E GeckoView: 	at android.os.Handler.dispatchMessage(Handler.java:99)
06-11 15:35:43.423 27450 27450 E GeckoView: 	at android.os.Looper.loopOnce(Looper.java:233)
06-11 15:35:43.423 27450 27450 E GeckoView: 	at android.os.Looper.loop(Looper.java:344)
06-11 15:35:43.423 27450 27450 E GeckoView: 	at android.app.ActivityThread.main(ActivityThread.java:8212)
06-11 15:35:43.423 27450 27450 E GeckoView: 	at java.lang.reflect.Method.invoke(Native Method)
06-11 15:35:43.423 27450 27450 E GeckoView: 	at com.android.internal.os.RuntimeInit$MethodAndArgsCaller.run(RuntimeInit.java:584)
06-11 15:35:43.423 27450 27450 E GeckoView: 	at com.android.internal.os.ZygoteInit.main(ZygoteInit.java:1034)
06-11 15:35:43.428 29940 29940 E .keyboard:tab1: Unknown bits set in runtime_flags: 0x40000000
06-11 15:35:43.529 29940 29968 E GeckoLibLoad: Load sqlite start
06-11 15:35:43.530 29940 29968 E GeckoLibLoad: Load sqlite done
06-11 15:35:43.530 29940 29968 E GeckoLibLoad: Load nss start
06-11 15:35:43.530 29940 29968 E GeckoLibLoad: Load nss done
06-11 15:35:43.541 29940 29968 E GeckoLibLoad: Loaded libs in 10.561354ms total, 0ms(0ms) user, 10ms(9ms) system, 0(0) faults
06-11 15:35:43.541 29940 29968 W GeckoThread: zerdatime 883386402 - runGecko
06-11 15:35:43.615 29972 29972 E .keyboard:tab3: Unknown bits set in runtime_flags: 0x40000000
06-11 15:35:43.654 29990 29990 E .keyboard:tab2: Unknown bits set in runtime_flags: 0x40000000
06-11 15:35:43.708 29972 30027 E GeckoLibLoad: Load sqlite start
06-11 15:35:43.709 29972 30027 E GeckoLibLoad: Load sqlite done
06-11 15:35:43.709 29972 30027 E GeckoLibLoad: Load nss start
06-11 15:35:43.709 29972 30027 E GeckoLibLoad: Load nss done
06-11 15:35:43.727 29972 30027 E GeckoLibLoad: Loaded libs in 17.375104ms total, 9ms(1ms) user, 0ms(9ms) system, 0(0) faults
06-11 15:35:43.727 29972 30027 W GeckoThread: zerdatime 883386588 - runGecko
06-11 15:35:43.746 29990 30033 E GeckoLibLoad: Load sqlite start
06-11 15:35:43.747 29990 30033 E GeckoLibLoad: Load sqlite done
06-11 15:35:43.753 29990 30033 E GeckoLibLoad: Load nss start
06-11 15:35:43.753 29990 30033 E GeckoLibLoad: Load nss done
06-11 15:35:43.766 29990 30033 E GeckoLibLoad: Loaded libs in 12.403698ms total, 0ms(0ms) user, 8ms(9ms) system, 0(0) faults
06-11 15:35:43.766 29990 30033 W GeckoThread: zerdatime 883386627 - runGecko
06-11 15:35:43.771 30035 30035 E .keyboard:tab1: Unknown bits set in runtime_flags: 0x40000000
06-11 15:35:43.865 30035 30064 E GeckoLibLoad: Load sqlite start
06-11 15:35:43.867 30035 30064 E GeckoLibLoad: Load sqlite done
06-11 15:35:43.867 30035 30064 E GeckoLibLoad: Load nss start
06-11 15:35:43.867 30035 30064 E GeckoLibLoad: Load nss done
06-11 15:35:43.879 30035 30064 E GeckoLibLoad: Loaded libs in 11.701771ms total, 0ms(0ms) user, 9ms(10ms) system, 0(0) faults
06-11 15:35:43.879 30035 30064 W GeckoThread: zerdatime 883386740 - runGecko
06-11 15:35:43.891 30079 30079 E .keyboard:tab3: Unknown bits set in runtime_flags: 0x40000000
06-11 15:35:43.980 30079 30119 E GeckoLibLoad: Load sqlite start
06-11 15:35:43.981 30079 30119 E GeckoLibLoad: Load sqlite done
06-11 15:35:43.981 30079 30119 E GeckoLibLoad: Load nss start
06-11 15:35:43.981 30079 30119 E GeckoLibLoad: Load nss done
06-11 15:35:43.995 30079 30119 E GeckoLibLoad: Loaded libs in 14.215678ms total, 5ms(6ms) user, 0ms(3ms) system, 0(0) faults
06-11 15:35:43.996 30079 30119 W GeckoThread: zerdatime 883386857 - runGecko
06-11 15:35:44.153 27450 27450 I VkPanels: ▶ open menu
06-11 15:35:44.171 30160 30160 E .keyboard:tab1: Unknown bits set in runtime_flags: 0x40000000
06-11 15:35:44.247 30160 30198 E GeckoLibLoad: Load sqlite start
06-11 15:35:44.250 30160 30198 E GeckoLibLoad: Load sqlite done
06-11 15:35:44.251 30160 30198 E GeckoLibLoad: Load nss start
06-11 15:35:44.251 30160 30198 E GeckoLibLoad: Load nss done
06-11 15:35:44.276 30160 30198 E GeckoLibLoad: Loaded libs in 25.288906ms total, 8ms(14ms) user, 7ms(9ms) system, 0(0) faults
06-11 15:35:44.277 30160 30198 W GeckoThread: zerdatime 883387138 - runGecko
06-11 15:35:44.413 30233 30233 E .keyboard:tab3: Unknown bits set in runtime_flags: 0x40000000
06-11 15:35:44.474 30233 30260 E GeckoLibLoad: Load sqlite start
06-11 15:35:44.475 30233 30260 E GeckoLibLoad: Load sqlite done
06-11 15:35:44.475 30233 30260 E GeckoLibLoad: Load nss start
06-11 15:35:44.475 30233 30260 E GeckoLibLoad: Load nss done
06-11 15:35:44.483 30233 30260 E GeckoLibLoad: Loaded libs in 8.286666ms total, 0ms(0ms) user, 3ms(8ms) system, 0(0) faults
06-11 15:35:44.484 30233 30260 W GeckoThread: zerdatime 883387345 - runGecko
06-11 15:35:45.042 27450 27450 I VkPanels: ▶ open browser
06-11 15:35:45.050 27450 27450 I VkBrowser: ▶ panel open incognito=false tabs=3 queryLen=0
06-11 15:35:45.052 27450 27450 E GeckoView: Failed to attach WindowInsetsListener: 
06-11 15:35:45.052 27450 27450 E GeckoView: 	at org.mozilla.geckoview.GeckoView.attachWindowInsetsListener(r8-map-id-309fb149185898b8c278c96770da48d8dda08ab7a3d28b2c06a4f69c5224ae28:1)
06-11 15:35:45.052 27450 27450 E GeckoView: 	at org.mozilla.geckoview.GeckoView.onAttachedToWindow(r8-map-id-309fb149185898b8c278c96770da48d8dda08ab7a3d28b2c06a4f69c5224ae28:49)
06-11 15:35:45.052 27450 27450 E GeckoView: 	at helium314.keyboard.latin.panels.ImeGeckoView.onAttachedToWindow(r8-map-id-309fb149185898b8c278c96770da48d8dda08ab7a3d28b2c06a4f69c5224ae28:4)
06-11 15:35:45.052 27450 27450 E GeckoView: 	at android.view.View.dispatchAttachedToWindow(View.java:20900)
06-11 15:35:45.052 27450 27450 E GeckoView: 	at android.view.ViewGroup.dispatchAttachedToWindow(ViewGroup.java:3539)
06-11 15:35:45.052 27450 27450 E GeckoView: 	at android.view.ViewGroup.addViewInner(ViewGroup.java:5378)
06-11 15:35:45.052 27450 27450 E GeckoView: 	at android.view.ViewGroup.addView(ViewGroup.java:5156)
06-11 15:35:45.052 27450 27450 E GeckoView: 	at a8.x2.b(r8-map-id-309fb149185898b8c278c96770da48d8dda08ab7a3d28b2c06a4f69c5224ae28:30)
06-11 15:35:45.052 27450 27450 E GeckoView: 	at helium314.keyboard.latin.panels.BrowserPanelView.Z(r8-map-id-309fb149185898b8c278c96770da48d8dda08ab7a3d28b2c06a4f69c5224ae28:139)
06-11 15:35:45.052 27450 27450 E GeckoView: 	at helium314.keyboard.latin.panels.BrowserPanelView.H0(r8-map-id-309fb149185898b8c278c96770da48d8dda08ab7a3d28b2c06a4f69c5224ae28:193)
06-11 15:35:45.052 27450 27450 E GeckoView: 	at c5.s.run(r8-map-id-309fb149185898b8c278c96770da48d8dda08ab7a3d28b2c06a4f69c5224ae28:622)
06-11 15:35:45.052 27450 27450 E GeckoView: 	at i7.y.onGlobalLayout(r8-map-id-309fb149185898b8c278c96770da48d8dda08ab7a3d28b2c06a4f69c5224ae28:8)
06-11 15:35:45.052 27450 27450 E GeckoView: 	at android.view.ViewTreeObserver.dispatchOnGlobalLayout(ViewTreeObserver.java:1061)
06-11 15:35:45.052 27450 27450 E GeckoView: 	at android.view.ViewRootImpl.performTraversals(ViewRootImpl.java:3407)
06-11 15:35:45.052 27450 27450 E GeckoView: 	at android.view.ViewRootImpl.doTraversal(ViewRootImpl.java:2305)
06-11 15:35:45.052 27450 27450 E GeckoView: 	at android.view.ViewRootImpl$TraversalRunnable.run(ViewRootImpl.java:9133)
06-11 15:35:45.052 27450 27450 E GeckoView: 	at android.view.Choreographer$CallbackRecord.run(Choreographer.java:1232)
06-11 15:35:45.052 27450 27450 E GeckoView: 	at android.view.Choreographer.doCallbacks(Choreographer.java:1029)
06-11 15:35:45.052 27450 27450 E GeckoView: 	at android.view.Choreographer.doFrame(Choreographer.java:934)
06-11 15:35:45.052 27450 27450 E GeckoView: 	at android.view.Choreographer$FrameDisplayEventReceiver.run(Choreographer.java:1217)
06-11 15:35:45.052 27450 27450 E GeckoView: 	at android.os.Handler.handleCallback(Handler.java:938)
06-11 15:35:45.052 27450 27450 E GeckoView: 	at android.os.Handler.dispatchMessage(Handler.java:99)
06-11 15:35:45.052 27450 27450 E GeckoView: 	at android.os.Looper.loopOnce(Looper.java:233)
06-11 15:35:45.052 27450 27450 E GeckoView: 	at android.os.Looper.loop(Looper.java:344)
06-11 15:35:45.052 27450 27450 E GeckoView: 	at android.app.ActivityThread.main(ActivityThread.java:8212)
06-11 15:35:45.052 27450 27450 E GeckoView: 	at java.lang.reflect.Method.invoke(Native Method)
06-11 15:35:45.052 27450 27450 E GeckoView: 	at com.android.internal.os.RuntimeInit$MethodAndArgsCaller.run(RuntimeInit.java:584)
06-11 15:35:45.052 27450 27450 E GeckoView: 	at com.android.internal.os.ZygoteInit.main(ZygoteInit.java:1034)
06-11 15:35:45.603 27450 27911 E BLASTBufferQueue: BLASTBufferItemConsumer::onDisconnect()
06-11 15:35:45.607 27450 27450 E GeckoView: 	at org.mozilla.geckoview.GeckoView.detachWindowInsetsListener(r8-map-id-309fb149185898b8c278c96770da48d8dda08ab7a3d28b2c06a4f69c5224ae28:1)
06-11 15:35:45.607 27450 27450 E GeckoView: 	at org.mozilla.geckoview.GeckoView.onDetachedFromWindow(r8-map-id-309fb149185898b8c278c96770da48d8dda08ab7a3d28b2c06a4f69c5224ae28:25)
06-11 15:35:45.607 27450 27450 E GeckoView: 	at helium314.keyboard.latin.panels.ImeGeckoView.onDetachedFromWindow(r8-map-id-309fb149185898b8c278c96770da48d8dda08ab7a3d28b2c06a4f69c5224ae28:1)
06-11 15:35:45.607 27450 27450 E GeckoView: 	at android.view.View.dispatchDetachedFromWindow(View.java:20955)
06-11 15:35:45.607 27450 27450 E GeckoView: 	at android.view.ViewGroup.dispatchDetachedFromWindow(ViewGroup.java:4014)
06-11 15:35:45.607 27450 27450 E GeckoView: 	at android.view.ViewGroup.removeViewInternal(ViewGroup.java:5660)
06-11 15:35:45.607 27450 27450 E GeckoView: 	at android.view.ViewGroup.removeViewInternal(ViewGroup.java:5631)
06-11 15:35:45.607 27450 27450 E GeckoView: 	at android.view.ViewGroup.removeView(ViewGroup.java:5562)
06-11 15:35:45.607 27450 27450 E GeckoView: 	at a8.t0.run(r8-map-id-309fb149185898b8c278c96770da48d8dda08ab7a3d28b2c06a4f69c5224ae28:1232)
06-11 15:35:45.607 27450 27450 E GeckoView: 	at helium314.keyboard.latin.panels.BrowserPanelView.R(r8-map-id-309fb149185898b8c278c96770da48d8dda08ab7a3d28b2c06a4f69c5224ae28:151)
06-11 15:35:45.607 27450 27450 E GeckoView: 	at helium314.keyboard.latin.panels.BrowserPanelView.I0(r8-map-id-309fb149185898b8c278c96770da48d8dda08ab7a3d28b2c06a4f69c5224ae28:81)
06-11 15:35:45.607 27450 27450 E GeckoView: 	at i7.b0.r(r8-map-id-309fb149185898b8c278c96770da48d8dda08ab7a3d28b2c06a4f69c5224ae28:149)
06-11 15:35:45.607 27450 27450 E GeckoView: 	at i7.b0.Q(r8-map-id-309fb149185898b8c278c96770da48d8dda08ab7a3d28b2c06a4f69c5224ae28:17)
06-11 15:35:45.607 27450 27450 E GeckoView: 	at a8.k5.a(r8-map-id-309fb149185898b8c278c96770da48d8dda08ab7a3d28b2c06a4f69c5224ae28:3)
06-11 15:35:45.607 27450 27450 E GeckoView: 	at a8.i3.onClick(r8-map-id-309fb149185898b8c278c96770da48d8dda08ab7a3d28b2c06a4f69c5224ae28:207)
06-11 15:35:45.607 27450 27450 E GeckoView: 	at android.view.View.performClick(View.java:7488)
06-11 15:35:45.607 27450 27450 E GeckoView: 	at android.view.View.performClickInternal(View.java:7464)
06-11 15:35:45.607 27450 27450 E GeckoView: 	at android.view.View.access$3700(View.java:841)
06-11 15:35:45.607 27450 27450 E GeckoView: 	at android.view.View$PerformClick.run(View.java:28911)
06-11 15:35:45.607 27450 27450 E GeckoView: 	at android.os.Handler.handleCallback(Handler.java:938)
06-11 15:35:45.607 27450 27450 E GeckoView: 	at android.os.Handler.dispatchMessage(Handler.java:99)
06-11 15:35:45.607 27450 27450 E GeckoView: 	at android.os.Looper.loopOnce(Looper.java:233)
06-11 15:35:45.607 27450 27450 E GeckoView: 	at android.os.Looper.loop(Looper.java:344)
06-11 15:35:45.607 27450 27450 E GeckoView: 	at android.app.ActivityThread.main(ActivityThread.java:8212)
06-11 15:35:45.607 27450 27450 E GeckoView: 	at java.lang.reflect.Method.invoke(Native Method)
06-11 15:35:45.607 27450 27450 E GeckoView: 	at com.android.internal.os.RuntimeInit$MethodAndArgsCaller.run(RuntimeInit.java:584)
06-11 15:35:45.607 27450 27450 E GeckoView: 	at com.android.internal.os.ZygoteInit.main(ZygoteInit.java:1034)
06-11 15:35:46.479 27450 27512 W VibeKeyProfiler: Slow Native Suggest: Total=8.72ms | Init=0.04ms | TrieExpand(x14)=8.64ms | Scoring=0.03ms | inputSize=3
06-11 15:35:46.487 27450 27512 I VkSuggestions: decode typedLen=3 candidates=18 locales=3 23,9ms
06-11 15:35:46.487 27450 27512 W VkSuggestions: slow frame 23,9ms locales=3 typedLen=3 candidates=18 parallelWait=23,7ms
06-11 15:35:46.504 27450 27512 W VkSuggestions: slow frame 16,0ms locales=3 typedLen=3 candidates=18 parallelWait=15,9ms
06-11 15:35:48.660 27450 27450 I VkVibeCards: enter effects=true overlay=true cards=false
06-11 15:35:48.740 27450 27450 I VkVibeCards: ○ sticker skipped: no_active_cards
06-11 15:35:48.812 27450 27450 I VkTyping: ○ hidden
06-11 15:35:50.106 27450 27450 I VkTyping: ▶ open restart=false pkg=com.android.launcher inputType=589825
06-11 15:35:51.007 23115 23138 I OnDeviceAssist: warm ok model=qwen2.5-0.5b-instruct-q4_0.gguf ambient=40 chars 1ms
06-11 15:35:51.283 27450 27450 I VkPanels: ▶ open menu
06-11 15:35:52.101 27450 27450 I VkTyping: ○ hidden
06-11 15:35:52.217 27450 27450 W Settings: Setting transition_animation_scale has moved from android.provider.Settings.System to android.provider.Settings.Global, returning read-only value.
06-11 15:35:52.661 30337 30337 E libcrashpad_handler_trampoline.so: createInstance(64bit) : createExtendedFactory
06-11 15:35:52.664 30337 30337 E libcrashpad_handler_trampoline.so: createInstance(64bit) : createExtendedFactory
06-11 15:35:52.664 30337 30337 E libcrashpad_handler_trampoline.so: Opened libinputextensionsimpl.so
06-11 15:35:52.664 30337 30337 E libcrashpad_handler_trampoline.so: Opened libinputextensionsimpl.so
06-11 15:35:52.666 30337 30337 E libcrashpad_handler_trampoline.so: createInstance(64bit) : createExtendedFactory
06-11 15:35:52.666 30337 30337 E libcrashpad_handler_trampoline.so: createInstance(64bit) : createExtendedFactory
06-11 15:35:52.666 30337 30337 E libcrashpad_handler_trampoline.so: Opened libsensorextimpl.so
06-11 15:35:52.666 30337 30337 E libcrashpad_handler_trampoline.so: Opened libsensorextimpl.so
06-11 15:35:52.728 30337 30337 E chromium: [0611/153552.728329:ERROR:third_party/crashpad/crashpad/util/process/process_memory_range.cc:75] read out of range
06-11 15:35:52.851 27450 27527 F libc    : Fatal signal 11 (SIGSEGV), code 1 (SEGV_MAPERR), fault addr 0x640000005b in tid 27527 (ExecutorUtils), pid 27450 (AndroidUI)
06-11 15:35:53.045 30341 30341 E DEBUG   : failed to read /proc/uptime: Permission denied
06-11 15:35:53.930 30341 30341 F DEBUG   : Process name is com.vibekey.keyboard, not key_process
06-11 15:35:53.930 30341 30341 F DEBUG   : keyProcess: 0
06-11 15:35:53.930 30341 30341 F DEBUG   : *** *** *** *** *** *** *** *** *** *** *** *** *** *** *** ***
06-11 15:35:53.930 30341 30341 F DEBUG   : Build fingerprint: 'OnePlus/OnePlus7Pro/OnePlus7Pro:12/SKQ1.211113.001/P.202303230244:user/release-keys'
06-11 15:35:53.930 30341 30341 F DEBUG   : Revision: '0'
06-11 15:35:53.930 30341 30341 F DEBUG   : ABI: 'arm64'
06-11 15:35:53.930 30341 30341 F DEBUG   : Timestamp: 2026-06-11 15:35:53.045227701-0400
06-11 15:35:53.930 30341 30341 F DEBUG   : Process uptime: 0s
06-11 15:35:53.931 30341 30341 F DEBUG   : Cmdline: com.vibekey.keyboard
06-11 15:35:53.931 30341 30341 F DEBUG   : pid: 27450, tid: 27527, name: ExecutorUtils  >>> com.vibekey.keyboard <<<
06-11 15:35:53.931 30341 30341 F DEBUG   : uid: 14049
06-11 15:35:53.931 30341 30341 F DEBUG   : signal 11 (SIGSEGV), code 1 (SEGV_MAPERR), fault addr 0x640000005b
06-11 15:35:53.931 30341 30341 F DEBUG   :     x0  0000000000000000  x1  0000000000006b87  x2  000000000000000b  x3  00000076819deda0
06-11 15:35:53.931 30341 30341 F DEBUG   :     x4  0000007694d1c400  x5  0000007694d1c400  x6  0000007694d1c400  x7  000000755fe74350
06-11 15:35:53.931 30341 30341 F DEBUG   :     x8  00000000000000f0  x9  db746b027190efc7  x10 0000007696b4068c  x11 0000000000000000
06-11 15:35:53.931 30341 30341 F DEBUG   :     x12 0000000000000001  x13 000000766d04bad1  x14 0000000000000000  x15 00000000ebad6a89
06-11 15:35:53.931 30341 30341 F DEBUG   :     x16 000000757caad3a8  x17 00000076790b8f10  x18 0000007528bcc000  x19 000000000000000b
06-11 15:35:53.931 30341 30341 F DEBUG   :     x20 00000076819deda0  x21 0000000000006b3a  x22 00000076819deb90  x23 0000000000000001
06-11 15:35:53.931 30341 30341 F DEBUG   :     x24 0000007560130d5c  x25 000000755fe75000  x26 0000007694d1d698  x27 0000007694d1c408
06-11 15:35:53.931 30341 30341 F DEBUG   :     x28 0000000000000400  x29 00000076819debb0
06-11 15:35:53.931 30341 30341 F DEBUG   :     lr  0000007576cbabc8  sp  00000076819deb90  pc  00000076790b8f34  pst 0000000000000000
06-11 15:35:53.931 30341 30341 F DEBUG   : backtrace:
06-11 15:35:53.931 30341 30341 F DEBUG   :       #00 pc 0000000000075f34  /apex/com.android.runtime/lib64/bionic/libc.so (syscall+36) (BuildId: bbbdeb7c87c74f1491f92c6e605095b0)
06-11 15:35:53.931 30341 30341 F DEBUG   :       #01 pc 00000000040a9bc4  /data/app/~~-XGWjzmdoRrM1YaZYK883A==/com.google.android.webview-HvpxCmuUIjPsZ4yTEw8s4w==/base.apk!libwebviewchromium.so (BuildId: f447b77da2d76e8d4d133b66c727c3ae532b54bf)
06-11 15:35:53.931 30341 30341 F DEBUG   :       #02 pc 00000000040a03c4  /data/app/~~-XGWjzmdoRrM1YaZYK883A==/com.google.android.webview-HvpxCmuUIjPsZ4yTEw8s4w==/base.apk!libwebviewchromium.so (BuildId: f447b77da2d76e8d4d133b66c727c3ae532b54bf)
06-11 15:35:53.931 30341 30341 F DEBUG   :       #03 pc 000000000729d1dc  /data/app/~~8DEAqsBqd67Gq-tHSfasSg==/com.vibekey.keyboard-YdTXLmKMxnkrvbzZ-JDnsA==/lib/arm64/libxul.so (BuildId: 4a35ccb91ce54a7d8afe95f435ee2ee2cc640e58)
06-11 15:35:53.931 30341 30341 F DEBUG   :       #04 pc 0000000007721500  /data/app/~~8DEAqsBqd67Gq-tHSfasSg==/com.vibekey.keyboard-YdTXLmKMxnkrvbzZ-JDnsA==/lib/arm64/libxul.so (BuildId: 4a35ccb91ce54a7d8afe95f435ee2ee2cc640e58)
06-11 15:35:53.931 30341 30341 F DEBUG   :       #05 pc 0000000000006f94  /apex/com.android.art/lib64/libsigchain.so (art::SignalChain::Handler(int, siginfo*, void*)+1148) (BuildId: 1d71636c1517ecf3fa421563ba6710f3)
06-11 15:35:53.931 30341 30341 F DEBUG   :       #06 pc 0000000000000638  [vdso] (__kernel_rt_sigreturn+0)
06-11 15:35:53.931 30341 30341 F DEBUG   :       #07 pc 00000000000a3d58  /data/app/~~8DEAqsBqd67Gq-tHSfasSg==/com.vibekey.keyboard-YdTXLmKMxnkrvbzZ-JDnsA==/lib/arm64/libjni_latinime.so (BuildId: f905dbd1a904967a994cf833116e517b05caa863)
06-11 15:35:53.931 30341 30341 F DEBUG   :       #08 pc 00000000002c2100  /apex/com.android.art/lib64/libart.so (art_quick_generic_jni_trampoline+144) (BuildId: 7087b2f2160bfbf3335d54ba9779e325)
06-11 15:35:53.931 30341 30341 F DEBUG   :       #09 pc 0000000000668b6c  /apex/com.android.art/lib64/libart.so (nterp_helper+1948) (BuildId: 7087b2f2160bfbf3335d54ba9779e325)
06-11 15:35:53.931 30341 30341 F DEBUG   :       #10 pc 000000000021f4b8  /data/app/~~8DEAqsBqd67Gq-tHSfasSg==/com.vibekey.keyboard-YdTXLmKMxnkrvbzZ-JDnsA==/oat/arm64/base.vdex (com.android.inputmethod.latin.DicTraverseSession.a+16)
06-11 15:35:53.931 30341 30341 F DEBUG   :       #11 pc 0000000000669324  /apex/com.android.art/lib64/libart.so (nterp_helper+3924) (BuildId: 7087b2f2160bfbf3335d54ba9779e325)
06-11 15:35:53.931 30341 30341 F DEBUG   :       #12 pc 000000000021f054  /data/app/~~8DEAqsBqd67Gq-tHSfasSg==/com.vibekey.keyboard-YdTXLmKMxnkrvbzZ-JDnsA==/oat/arm64/base.vdex (com.android.inputmethod.latin.BinaryDictionary.a+44)
06-11 15:35:53.931 30341 30341 F DEBUG   :       #13 pc 0000000000669324  /apex/com.android.art/lib64/libart.so (nterp_helper+3924) (BuildId: 7087b2f2160bfbf3335d54ba9779e325)
06-11 15:35:53.931 30341 30341 F DEBUG   :       #14 pc 000000000021e76e  /data/app/~~8DEAqsBqd67Gq-tHSfasSg==/com.vibekey.keyboard-YdTXLmKMxnkrvbzZ-JDnsA==/oat/arm64/base.vdex (com.android.inputmethod.latin.BinaryDictionary.m+38)
06-11 15:35:53.931 30341 30341 F DEBUG   :       #15 pc 0000000000669324  /apex/com.android.art/lib64/libart.so (nterp_helper+3924) (BuildId: 7087b2f2160bfbf3335d54ba9779e325)
06-11 15:35:53.931 30341 30341 F DEBUG   :       #16 pc 0000000000ad7102  /data/app/~~8DEAqsBqd67Gq-tHSfasSg==/com.vibekey.keyboard-YdTXLmKMxnkrvbzZ-JDnsA==/oat/arm64/base.vdex (v7.g.run+230)
06-11 15:35:53.931 30341 30341 F DEBUG   :       #17 pc 000000000066a144  /apex/com.android.art/lib64/libart.so (nterp_helper+7540) (BuildId: 7087b2f2160bfbf3335d54ba9779e325)
06-11 15:35:53.931 30341 30341 F DEBUG   :       #18 pc 00000000008f4928  /data/app/~~8DEAqsBqd67Gq-tHSfasSg==/com.vibekey.keyboard-YdTXLmKMxnkrvbzZ-JDnsA==/oat/arm64/base.vdex (a8.z0.run+276)
06-11 15:35:53.931 30341 30341 F DEBUG   :       #19 pc 00000000022d2950  /memfd:jit-zygote-cache (deleted)
06-11 15:35:54.217 30433 30433 E ibekey.keyboar: Unknown bits set in runtime_flags: 0x40000000
06-11 15:35:54.915 30433 30433 W f0      : Could not load system glide typing library jni_latinimegoogle: dlopen failed: library "libjni_latinimegoogle.so" not found
06-11 15:35:55.701 30433 30433 W t       : No editor info for this field. Bug?
06-11 15:35:55.742 30433 30433 I VkMultilingual: reset main=pt-BR locales=[pt,fr,es] count=3
06-11 15:35:55.921 30433 30433 W ibekey.keyboar: ClassLoaderContext classpath size mismatch. expected=1, found=0 (DLC[];PCL[base.apk*116719914]{PCL[/system/framework/org.apache.http.legacy.jar*3034548894]#PCL[/apex/com.android.extservices/javalib/android.ext.adservices.jar*3839736497]#PCL[/system/framework/com.android.location.provider.jar*3633238672]#PCL[/system/framework/com.android.media.remotedisplay.jar*3472798123]#PCL[/apex/com.android.extservices/javalib/android.ext.adservices.jar*3839736497]} | DLC[];PCL[])
06-11 15:35:55.946 30433 30433 W System  : ClassLoader referenced unknown path: 
