--------- beginning of system
06-02 15:45:29.196  5919  5919 E OplusCustomizeRestrictionManager: sInstance is null, start a new sInstance
06-02 15:47:54.701  5919 15931 E ActivityThread: Failed to find provider info for com.oplus.statistics.provider
06-02 15:47:54.701  5919 15931 E OplusStatistics--: IllegalArgumentException:java.lang.IllegalArgumentException: Unknown URL content://com.oplus.statistics.provider/track_event
--------- beginning of crash
06-02 15:49:18.342  5919  6222 F libc    : Fatal signal 11 (SIGSEGV), code 1 (SEGV_MAPERR), fault addr 0xffffffffffffe7 in tid 6222 (ExecutorUtils), pid 5919 (AndroidUI)
06-02 15:49:21.450 17352 17352 F DEBUG   : Process name is com.vibekey.keyboard, not key_process
06-02 15:49:21.450 17352 17352 F DEBUG   : keyProcess: 0
06-02 15:49:21.450 17352 17352 F DEBUG   : *** *** *** *** *** *** *** *** *** *** *** *** *** *** *** ***
06-02 15:49:21.450 17352 17352 F DEBUG   : Build fingerprint: 'OnePlus/OnePlus7Pro/OnePlus7Pro:12/SKQ1.211113.001/P.202303230244:user/release-keys'
06-02 15:49:21.450 17352 17352 F DEBUG   : Revision: '0'
06-02 15:49:21.450 17352 17352 F DEBUG   : ABI: 'arm64'
06-02 15:49:21.450 17352 17352 F DEBUG   : Timestamp: 2026-06-02 15:49:18.724225405-0400
06-02 15:49:21.450 17352 17352 F DEBUG   : Process uptime: 0s
06-02 15:49:21.450 17352 17352 F DEBUG   : Cmdline: com.vibekey.keyboard
06-02 15:49:21.450 17352 17352 F DEBUG   : pid: 5919, tid: 6222, name: ExecutorUtils  >>> com.vibekey.keyboard <<<
06-02 15:49:21.451 17352 17352 F DEBUG   : uid: 13893
06-02 15:49:21.451 17352 17352 F DEBUG   : signal 11 (SIGSEGV), code 1 (SEGV_MAPERR), fault addr 0xffffffffffffe7
06-02 15:49:21.451 17352 17352 F DEBUG   :     x0  0000000000000000  x1  000000000000184e  x2  000000000000000b  x3  000000766d186da0
06-02 15:49:21.451 17352 17352 F DEBUG   :     x4  0000007694d1c400  x5  0000007694d1c400  x6  0000007694d1c400  x7  0000000000000000
06-02 15:49:21.451 17352 17352 F DEBUG   :     x8  00000000000000f0  x9  db746b027190efc7  x10 0000007696b4068c  x11 0000000000000000
06-02 15:49:21.451 17352 17352 F DEBUG   :     x12 00000000ffffffff  x13 0000000000000000  x14 0000000000000000  x15 00000000ebad6a89
06-02 15:49:21.451 17352 17352 F DEBUG   :     x16 000000757ca4b410  x17 00000076790b8f10  x18 00000074d40c8000  x19 000000000000000b
06-02 15:49:21.451 17352 17352 F DEBUG   :     x20 000000766d186da0  x21 000000000000171f  x22 000000766d186b90  x23 0000000000000001
06-02 15:49:21.451 17352 17352 F DEBUG   :     x24 0000007530f2bd14  x25 000000750cdfc000  x26 0000007694d1d698  x27 0000007694d1c408
06-02 15:49:21.451 17352 17352 F DEBUG   :     x28 0000000000000400  x29 000000766d186bb0
06-02 15:49:21.451 17352 17352 F DEBUG   :     lr  0000007576c73da0  sp  000000766d186b90  pc  00000076790b8f34  pst 0000000000000000
06-02 15:49:21.451 17352 17352 F DEBUG   : backtrace:
06-02 15:49:21.451 17352 17352 F DEBUG   :       #00 pc 0000000000075f34  /apex/com.android.runtime/lib64/bionic/libc.so (syscall+36) (BuildId: bbbdeb7c87c74f1491f92c6e605095b0)
06-02 15:49:21.451 17352 17352 F DEBUG   :       #01 pc 0000000004062d9c  /data/app/~~0vURfNRJhP5qOxDjXMAdJA==/com.google.android.webview-1jICq8A_gawMkQD3QY60ZA==/base.apk!libwebviewchromium.so (BuildId: 6830cf8493d489d274dd2200dc390799760c2507)
06-02 15:49:21.451 17352 17352 F DEBUG   :       #02 pc 0000000004059518  /data/app/~~0vURfNRJhP5qOxDjXMAdJA==/com.google.android.webview-1jICq8A_gawMkQD3QY60ZA==/base.apk!libwebviewchromium.so (BuildId: 6830cf8493d489d274dd2200dc390799760c2507)
06-02 15:49:21.451 17352 17352 F DEBUG   :       #03 pc 000000000729d1dc  /data/app/~~03PP7wS9bD14unx-RcbLiw==/com.vibekey.keyboard-cYoV7GWANM9t6sjjXJjNHQ==/lib/arm64/libxul.so (BuildId: 4a35ccb91ce54a7d8afe95f435ee2ee2cc640e58)
06-02 15:49:21.451 17352 17352 F DEBUG   :       #04 pc 0000000007721500  /data/app/~~03PP7wS9bD14unx-RcbLiw==/com.vibekey.keyboard-cYoV7GWANM9t6sjjXJjNHQ==/lib/arm64/libxul.so (BuildId: 4a35ccb91ce54a7d8afe95f435ee2ee2cc640e58)
06-02 15:49:21.451 17352 17352 F DEBUG   :       #05 pc 0000000000006f94  /apex/com.android.art/lib64/libsigchain.so (art::SignalChain::Handler(int, siginfo*, void*)+1148) (BuildId: 1d71636c1517ecf3fa421563ba6710f3)
06-02 15:49:21.451 17352 17352 F DEBUG   :       #06 pc 0000000000000638  [vdso] (__kernel_rt_sigreturn+0)
06-02 15:49:21.451 17352 17352 F DEBUG   :       #07 pc 00000000000a3d10  /data/app/~~03PP7wS9bD14unx-RcbLiw==/com.vibekey.keyboard-cYoV7GWANM9t6sjjXJjNHQ==/lib/arm64/libjni_latinime.so (BuildId: 8d76756a997f3dfd1fecc1bfb186b1b8aa252cdd)
06-02 15:49:21.451 17352 17352 F DEBUG   :       #08 pc 00000000002c2100  /apex/com.android.art/lib64/libart.so (art_quick_generic_jni_trampoline+144) (BuildId: 7087b2f2160bfbf3335d54ba9779e325)
06-02 15:49:21.451 17352 17352 F DEBUG   :       #09 pc 0000000000668b6c  /apex/com.android.art/lib64/libart.so (nterp_helper+1948) (BuildId: 7087b2f2160bfbf3335d54ba9779e325)
06-02 15:49:21.451 17352 17352 F DEBUG   :       #10 pc 000000000022f654  /data/app/~~03PP7wS9bD14unx-RcbLiw==/com.vibekey.keyboard-cYoV7GWANM9t6sjjXJjNHQ==/oat/arm64/base.vdex (com.android.inputmethod.latin.DicTraverseSession.a+16)
06-02 15:49:21.451 17352 17352 F DEBUG   :       #11 pc 0000000000669324  /apex/com.android.art/lib64/libart.so (nterp_helper+3924) (BuildId: 7087b2f2160bfbf3335d54ba9779e325)
06-02 15:49:21.451 17352 17352 F DEBUG   :       #12 pc 000000000022f1f0  /data/app/~~03PP7wS9bD14unx-RcbLiw==/com.vibekey.keyboard-cYoV7GWANM9t6sjjXJjNHQ==/oat/arm64/base.vdex (com.android.inputmethod.latin.BinaryDictionary.a+44)
06-02 15:49:21.451 17352 17352 F DEBUG   :       #13 pc 0000000000669324  /apex/com.android.art/lib64/libart.so (nterp_helper+3924) (BuildId: 7087b2f2160bfbf3335d54ba9779e325)
06-02 15:49:21.451 17352 17352 F DEBUG   :       #14 pc 000000000022f31c  /data/app/~~03PP7wS9bD14unx-RcbLiw==/com.vibekey.keyboard-cYoV7GWANM9t6sjjXJjNHQ==/oat/arm64/base.vdex (com.android.inputmethod.latin.BinaryDictionary.l+44)
06-02 15:49:21.451 17352 17352 F DEBUG   :       #15 pc 0000000000669324  /apex/com.android.art/lib64/libart.so (nterp_helper+3924) (BuildId: 7087b2f2160bfbf3335d54ba9779e325)
06-02 15:49:21.451 17352 17352 F DEBUG   :       #16 pc 0000000000aa5dbe  /data/app/~~03PP7wS9bD14unx-RcbLiw==/com.vibekey.keyboard-cYoV7GWANM9t6sjjXJjNHQ==/oat/arm64/base.vdex (t7.h.run+238)
06-02 15:49:21.451 17352 17352 F DEBUG   :       #17 pc 000000000066a144  /apex/com.android.art/lib64/libart.so (nterp_helper+7540) (BuildId: 7087b2f2160bfbf3335d54ba9779e325)
06-02 15:49:21.451 17352 17352 F DEBUG   :       #18 pc 00000000004c601c  /data/app/~~03PP7wS9bD14unx-RcbLiw==/com.vibekey.keyboard-cYoV7GWANM9t6sjjXJjNHQ==/oat/arm64/base.vdex (com.google.firebase.appcheck.internal.a.run+1048)
06-02 15:49:21.451 17352 17352 F DEBUG   :       #19 pc 00000000022d2950  /memfd:jit-zygote-cache (deleted)
06-02 15:50:59.413 17430 17430 E OplusCustomizeRestrictionManager: sInstance is null, start a new sInstance
--------- beginning of main
06-02 15:50:59.701 17430 17430 W View    : requestLayout() improperly called by android.widget.LinearLayout{ca9576c V.E...... ......ID 0,1973-1440,2923 #7f0a011b app:id/main_keyboard_frame} during layout: running second layout pass
06-02 15:50:59.857 17430 18224 W ServiceBindIntentUtils: Dynamic lookup for intent failed for action: com.google.android.gms.ads.service.START
06-02 15:50:59.861 17430 17463 W VibeKeyProfiler: Slow Native Suggest: Total=11.45ms | Init=0.05ms | TrieExpand(x15)=11.38ms | Scoring=0.02ms | inputSize=5
06-02 15:50:59.871 17430 17453 W VibeKeyProfiler: Slow Native Suggest: Total=12.96ms | Init=0.12ms | TrieExpand(x9)=12.78ms | Scoring=0.06ms | inputSize=5
06-02 15:50:59.873 17430 17463 W VibeKeyProfiler: Slow Kotlin Suggest: Total=24.25ms | locales=3 | typedLen=5 | candidates=17 parallelWait=24.08ms
06-02 15:50:59.874 17430 18008 W Ads     : Not retrying to fetch app settings
06-02 15:50:59.885 17430 18020 W Ads     : Not retrying to fetch app settings
06-02 15:51:00.211 17430 17430 W AdManager: Interstitial ad failed to load: code=3 message=Publisher data not found. <https://support.google.com/admob/answer/9905175#9>
06-02 15:51:00.221 17430 17430 W AdManager: Rewarded load failed tier=PRIMARY code=3 domain=com.google.android.gms.ads message=Publisher data not found. <https://support.google.com/admob/answer/9905175#9>
06-02 15:51:00.244 17430 17430 W AdManager: Native ad failed to load: code=3 message=Publisher data not found. <https://support.google.com/admob/answer/9905175#9>
06-02 15:51:00.672 17430 18009 W Ads     : Not retrying to fetch app settings
06-02 15:51:00.702 17430 18016 W Ads     : Not retrying to fetch app settings
06-02 15:51:00.703 17430 18020 W Ads     : Not retrying to fetch app settings
06-02 15:51:01.005 17430 17430 W AdManager: Rewarded load failed tier=PRIMARY code=3 domain=com.google.android.gms.ads message=Publisher data not found. <https://support.google.com/admob/answer/9905175#9>
06-02 15:51:01.022 17430 17430 W AdManager: Interstitial ad failed to load: code=3 message=Publisher data not found. <https://support.google.com/admob/answer/9905175#9>
06-02 15:51:01.055 17430 17430 W AdManager: Native ad failed to load: code=3 message=Publisher data not found. <https://support.google.com/admob/answer/9905175#9>
06-02 15:51:01.179 17430 18007 W Ads     : Not retrying to fetch app settings
06-02 15:51:01.217 17430 18007 W Ads     : Not retrying to fetch app settings
06-02 15:51:01.248 17430 18016 W Ads     : Not retrying to fetch app settings
06-02 15:51:01.302 17430 17430 W View    : requestLayout() improperly called by android.widget.FrameLayout{26d0eaa V.E...... ......ID 0,1677-1440,1857 #7f0a0087 app:id/browser_nav_footer_float} during layout: running second layout pass
06-02 15:51:01.351 17430 17430 W View    : requestLayout() improperly called by helium314.keyboard.latin.panels.BrowserPanelView{26a5979 V.E...... ......ID 0,0-1440,2040} during layout: running second layout pass
06-02 15:51:01.373 17430 17430 E GeckoView: Failed to attach WindowInsetsListener: 
06-02 15:51:01.373 17430 17430 E GeckoView: java.lang.NullPointerException: Attempt to invoke virtual method 'android.view.Window android.app.Activity.getWindow()' on a null object reference
06-02 15:51:01.373 17430 17430 E GeckoView: 	at org.mozilla.geckoview.GeckoView.attachWindowInsetsListener(r8-map-id-08e2307681d6621a5a52463951b5d967d5d43ab1566325f3133e44aba5007d52:1)
06-02 15:51:01.373 17430 17430 E GeckoView: 	at org.mozilla.geckoview.GeckoView.onAttachedToWindow(r8-map-id-08e2307681d6621a5a52463951b5d967d5d43ab1566325f3133e44aba5007d52:49)
06-02 15:51:01.373 17430 17430 E GeckoView: 	at android.view.View.dispatchAttachedToWindow(View.java:20900)
06-02 15:51:01.373 17430 17430 E GeckoView: 	at android.view.ViewGroup.dispatchAttachedToWindow(ViewGroup.java:3539)
06-02 15:51:01.373 17430 17430 E GeckoView: 	at android.view.ViewGroup.addViewInner(ViewGroup.java:5378)
06-02 15:51:01.373 17430 17430 E GeckoView: 	at android.view.ViewGroup.addView(ViewGroup.java:5156)
06-02 15:51:01.373 17430 17430 E GeckoView: 	at android.view.ViewGroup.addView(ViewGroup.java:5096)
06-02 15:51:01.373 17430 17430 E GeckoView: 	at db.i.run(r8-map-id-08e2307681d6621a5a52463951b5d967d5d43ab1566325f3133e44aba5007d52:147)
06-02 15:51:01.373 17430 17430 E GeckoView: 	at android.os.Handler.handleCallback(Handler.java:938)
06-02 15:51:01.373 17430 17430 E GeckoView: 	at android.os.Handler.dispatchMessage(Handler.java:99)
06-02 15:51:01.373 17430 17430 E GeckoView: 	at android.os.Looper.loopOnce(Looper.java:233)
06-02 15:51:01.373 17430 17430 E GeckoView: 	at android.os.Looper.loop(Looper.java:344)
06-02 15:51:01.373 17430 17430 E GeckoView: 	at android.app.ActivityThread.main(ActivityThread.java:8212)
06-02 15:51:01.373 17430 17430 E GeckoView: 	at java.lang.reflect.Method.invoke(Native Method)
06-02 15:51:01.373 17430 17430 E GeckoView: 	at com.android.internal.os.RuntimeInit$MethodAndArgsCaller.run(RuntimeInit.java:584)
06-02 15:51:01.373 17430 17430 E GeckoView: 	at com.android.internal.os.ZygoteInit.main(ZygoteInit.java:1034)
06-02 15:51:01.390 17430 17430 W View    : requestLayout() improperly called by helium314.keyboard.latin.panels.BrowserPanelView{26a5979 V.E...... ......ID 0,0-1440,2040} during layout: running second layout pass
06-02 15:51:01.391 18245 18245 E ey.keyboard:gp: Unknown bits set in runtime_flags: 0x40000000
06-02 15:51:01.401 17430 17430 W View    : requestLayout() improperly called by helium314.keyboard.latin.panels.BrowserPanelView{26a5979 V.E...... ......I. 0,0-1440,2040} during second layout pass: posting in next frame
06-02 15:51:01.402 17430 17430 W View    : requestLayout() improperly called by helium314.keyboard.latin.panels.BrowserPanelView{26a5979 V.E...... ......ID 0,0-1440,2040} during layout: running second layout pass
06-02 15:51:01.409 17430 17430 W View    : requestLayout() improperly called by helium314.keyboard.latin.panels.BrowserPanelView{26a5979 V.E...... ........ 0,0-1440,2040} during second layout pass: posting in next frame
06-02 15:51:01.421 17430 17430 W View    : requestLayout() improperly called by helium314.keyboard.latin.panels.BrowserPanelView{26a5979 V.E...... ......ID 0,0-1440,2040} during layout: running second layout pass
06-02 15:51:01.425 17430 17430 W View    : requestLayout() improperly called by helium314.keyboard.latin.panels.BrowserPanelView{26a5979 V.E...... ........ 0,0-1440,2040} during second layout pass: posting in next frame
06-02 15:51:01.437 17430 17430 W View    : requestLayout() improperly called by helium314.keyboard.latin.panels.BrowserPanelView{26a5979 V.E...... ......I. 0,0-1440,2040} during layout: running second layout pass
06-02 15:51:01.441 17430 17430 W View    : requestLayout() improperly called by helium314.keyboard.latin.panels.BrowserPanelView{26a5979 V.E...... ........ 0,0-1440,2040} during second layout pass: posting in next frame
06-02 15:51:01.452 17430 17430 W View    : requestLayout() improperly called by helium314.keyboard.latin.panels.BrowserPanelView{26a5979 V.E...... ......I. 0,0-1440,2040} during layout: running second layout pass
06-02 15:51:01.456 17430 17430 W View    : requestLayout() improperly called by helium314.keyboard.latin.panels.BrowserPanelView{26a5979 V.E...... ........ 0,0-1440,2040} during second layout pass: posting in next frame
06-02 15:51:01.469 17430 17430 W View    : requestLayout() improperly called by helium314.keyboard.latin.panels.BrowserPanelView{26a5979 V.E...... ......I. 0,0-1440,2040} during layout: running second layout pass
06-02 15:51:01.474 17430 17430 W View    : requestLayout() improperly called by helium314.keyboard.latin.panels.BrowserPanelView{26a5979 V.E...... ........ 0,0-1440,2040} during second layout pass: posting in next frame
06-02 15:51:01.481 18245 18264 E GeckoLibLoad: Load sqlite start
06-02 15:51:01.482 18245 18264 E GeckoLibLoad: Load sqlite done
06-02 15:51:01.482 18245 18264 E GeckoLibLoad: Load nss start
06-02 15:51:01.482 18245 18264 E GeckoLibLoad: Load nss done
06-02 15:51:01.488 17430 17430 W View    : requestLayout() improperly called by helium314.keyboard.latin.panels.BrowserPanelView{26a5979 V.E...... ......ID 0,0-1440,2040} during layout: running second layout pass
06-02 15:51:01.491 18245 18264 E GeckoLibLoad: Loaded libs in 9.199063ms total, 0ms(0ms) user, 7ms(8ms) system, 0(0) faults
06-02 15:51:01.492 18245 18264 W GeckoThread: zerdatime 106704353 - runGecko
06-02 15:51:01.494 17430 17430 W AdManager: Rewarded load failed tier=PRIMARY code=3 domain=com.google.android.gms.ads message=Publisher data not found. <https://support.google.com/admob/answer/9905175#9>
06-02 15:51:01.494 17430 17430 W View    : requestLayout() improperly called by helium314.keyboard.latin.panels.BrowserPanelView{26a5979 V.E...... ........ 0,0-1440,2040} during second layout pass: posting in next frame
06-02 15:51:01.502 17430 17430 W View    : requestLayout() improperly called by helium314.keyboard.latin.panels.BrowserPanelView{26a5979 V.E...... ......I. 0,0-1440,2040} during layout: running second layout pass
06-02 15:51:01.506 17430 17430 W View    : requestLayout() improperly called by helium314.keyboard.latin.panels.BrowserPanelView{26a5979 V.E...... ........ 0,0-1440,2040} during second layout pass: posting in next frame
06-02 15:51:01.520 18245 18286 W AudioCapabilities: Unsupported mime audio/ffmpeg
06-02 15:51:01.521 18245 18286 W VideoCapabilities: Unsupported mime video/ffmpeg
06-02 15:51:01.521 18245 18286 W VideoCapabilities: Unrecognized profile/level 0/3 for video/mpeg2
06-02 15:51:01.521 18245 18286 W VideoCapabilities: Unrecognized profile/level 0/3 for video/mpeg2
06-02 15:51:01.525 17430 17430 W View    : requestLayout() improperly called by helium314.keyboard.latin.panels.BrowserPanelView{26a5979 V.E...... ......I. 0,0-1440,2040} during layout: running second layout pass
06-02 15:51:01.529 17430 17430 W View    : requestLayout() improperly called by helium314.keyboard.latin.panels.BrowserPanelView{26a5979 V.E...... ........ 0,0-1440,2040} during second layout pass: posting in next frame
06-02 15:51:01.530 17430 17430 W AdManager: Interstitial ad failed to load: code=3 message=Publisher data not found. <https://support.google.com/admob/answer/9905175#9>
06-02 15:51:01.534 17430 17430 W View    : requestLayout() improperly called by helium314.keyboard.latin.panels.BrowserPanelView{26a5979 V.E...... ......I. 0,0-1440,2040} during layout: running second layout pass
06-02 15:51:01.538 17430 17430 W View    : requestLayout() improperly called by helium314.keyboard.latin.panels.BrowserPanelView{26a5979 V.E...... ......I. 0,0-1440,2040} during second layout pass: posting in next frame
06-02 15:51:01.553 17430 17430 W View    : requestLayout() improperly called by helium314.keyboard.latin.panels.BrowserPanelView{26a5979 V.E...... ......I. 0,0-1440,2040} during layout: running second layout pass
06-02 15:51:01.557 17430 17430 W View    : requestLayout() improperly called by helium314.keyboard.latin.panels.BrowserPanelView{26a5979 V.E...... ........ 0,0-1440,2040} during second layout pass: posting in next frame
06-02 15:51:01.570 17430 17430 W View    : requestLayout() improperly called by helium314.keyboard.latin.panels.BrowserPanelView{26a5979 V.E...... ......I. 0,0-1440,2040} during layout: running second layout pass
06-02 15:51:01.574 17430 17430 W View    : requestLayout() improperly called by helium314.keyboard.latin.panels.BrowserPanelView{26a5979 V.E...... ........ 0,0-1440,2040} during second layout pass: posting in next frame
06-02 15:51:01.580 17592 17627 E GeckoLibLoad: Load sqlite start
06-02 15:51:01.582 17592 17627 E GeckoLibLoad: Load sqlite done
06-02 15:51:01.582 17592 17627 E GeckoLibLoad: Load nss start
06-02 15:51:01.582 17592 17627 E GeckoLibLoad: Load nss done
06-02 15:51:01.586 17430 17430 W View    : requestLayout() improperly called by helium314.keyboard.latin.panels.BrowserPanelView{26a5979 V.E...... ......I. 0,0-1440,2040} during layout: running second layout pass
06-02 15:51:01.591 18245 18260 E ey.keyboard:gp: ofbOpen failed with error=No such file or directory
06-02 15:51:01.591 18245 18260 E ey.keyboard:gp: sysOpen failed with error=No such file or directory
06-02 15:51:01.593 17430 17430 W View    : requestLayout() improperly called by helium314.keyboard.latin.panels.BrowserPanelView{26a5979 V.E...... ........ 0,0-1440,2040} during second layout pass: posting in next frame
06-02 15:51:01.603 17430 17430 W View    : requestLayout() improperly called by helium314.keyboard.latin.panels.BrowserPanelView{26a5979 V.E...... ......ID 0,0-1440,2040} during layout: running second layout pass
06-02 15:51:01.605 17592 17627 E GeckoLibLoad: Loaded libs in 22.585156ms total, 10ms(13ms) user, 8ms(6ms) system, 0(0) faults
06-02 15:51:01.606 17592 17627 W GeckoThread: zerdatime 106704467 - runGecko
06-02 15:51:01.607 17430 17430 W View    : requestLayout() improperly called by helium314.keyboard.latin.panels.BrowserPanelView{26a5979 V.E...... ........ 0,0-1440,2040} during second layout pass: posting in next frame
06-02 15:51:01.620 17430 17430 W View    : requestLayout() improperly called by helium314.keyboard.latin.panels.BrowserPanelView{26a5979 V.E...... ......ID 0,0-1440,2040} during layout: running second layout pass
06-02 15:51:01.624 17430 17430 W View    : requestLayout() improperly called by helium314.keyboard.latin.panels.BrowserPanelView{26a5979 V.E...... ........ 0,0-1440,2040} during second layout pass: posting in next frame
06-02 15:51:01.636 17430 17430 W View    : requestLayout() improperly called by helium314.keyboard.latin.panels.BrowserPanelView{26a5979 V.E...... ......I. 0,0-1440,2040} during layout: running second layout pass
06-02 15:51:01.640 17430 17430 W View    : requestLayout() improperly called by helium314.keyboard.latin.panels.BrowserPanelView{26a5979 V.E...... ........ 0,0-1440,2040} during second layout pass: posting in next frame
06-02 15:51:01.626 17430 17430 W com.vibekey.keyboard: type=1400 audit(0.0:53718): avc: denied { nlmsg_readpriv } for comm=536F636B657420546872656164 scontext=u:r:untrusted_app:s0:c53,c271,c512,c768 tcontext=u:r:untrusted_app:s0:c53,c271,c512,c768 tclass=netlink_route_socket permissive=0 bug=b/155595000 app=com.vibekey.keyboard
06-02 15:51:01.656 17430 17430 W View    : requestLayout() improperly called by helium314.keyboard.latin.panels.BrowserPanelView{26a5979 V.E...... ......I. 0,0-1440,2040} during layout: running second layout pass
06-02 15:51:01.660 17430 17430 W View    : requestLayout() improperly called by helium314.keyboard.latin.panels.BrowserPanelView{26a5979 V.E...... ........ 0,0-1440,2040} during second layout pass: posting in next frame
06-02 15:51:01.669 17430 17430 W View    : requestLayout() improperly called by helium314.keyboard.latin.panels.BrowserPanelView{26a5979 V.E...... ......I. 0,0-1440,2040} during layout: running second layout pass
06-02 15:51:01.678 17430 17430 W AdManager: Native ad failed to load: code=3 message=Publisher data not found. <https://support.google.com/admob/answer/9905175#9>
06-02 15:51:01.678 17430 17430 W View    : requestLayout() improperly called by helium314.keyboard.latin.panels.BrowserPanelView{26a5979 V.E...... ........ 0,0-1440,2040} during second layout pass: posting in next frame
06-02 15:51:01.686 17430 17430 W View    : requestLayout() improperly called by helium314.keyboard.latin.panels.BrowserPanelView{26a5979 V.E...... ......I. 0,0-1440,2040} during layout: running second layout pass
06-02 15:51:01.694 17430 17430 W View    : requestLayout() improperly called by helium314.keyboard.latin.panels.BrowserPanelView{26a5979 V.E...... ........ 0,0-1440,2040} during second layout pass: posting in next frame
06-02 15:51:01.703 17430 17430 W View    : requestLayout() improperly called by helium314.keyboard.latin.panels.BrowserPanelView{26a5979 V.E...... ......I. 0,0-1440,2040} during layout: running second layout pass
06-02 15:51:01.706 17430 17430 W View    : requestLayout() improperly called by helium314.keyboard.latin.panels.BrowserPanelView{26a5979 V.E...... ........ 0,0-1440,2040} during second layout pass: posting in next frame
06-02 15:51:01.708 17430 18008 W Ads     : Not retrying to fetch app settings
06-02 15:51:01.719 17430 17430 W View    : requestLayout() improperly called by helium314.keyboard.latin.panels.BrowserPanelView{26a5979 V.E...... ......I. 0,0-1440,2040} during layout: running second layout pass
06-02 15:51:01.722 17430 17430 W View    : requestLayout() improperly called by helium314.keyboard.latin.panels.BrowserPanelView{26a5979 V.E...... ........ 0,0-1440,2040} during second layout pass: posting in next frame
06-02 15:51:01.736 17430 17430 W View    : requestLayout() improperly called by helium314.keyboard.latin.panels.BrowserPanelView{26a5979 V.E...... ......I. 0,0-1440,2040} during layout: running second layout pass
06-02 15:51:01.740 17430 17430 W View    : requestLayout() improperly called by helium314.keyboard.latin.panels.BrowserPanelView{26a5979 V.E...... ........ 0,0-1440,2040} during second layout pass: posting in next frame
06-02 15:51:01.752 17430 17430 W View    : requestLayout() improperly called by helium314.keyboard.latin.panels.BrowserPanelView{26a5979 V.E...... ......I. 0,0-1440,2040} during layout: running second layout pass
06-02 15:51:01.768 17430 17430 W View    : requestLayout() improperly called by helium314.keyboard.latin.panels.BrowserPanelView{26a5979 V.E...... ........ 0,0-1440,2040} during second layout pass: posting in next frame
06-02 15:51:01.769 17430 17430 W View    : requestLayout() improperly called by helium314.keyboard.latin.panels.BrowserPanelView{26a5979 V.E...... ......I. 0,0-1440,2040} during layout: running second layout pass
06-02 15:51:01.773 17430 17430 W View    : requestLayout() improperly called by helium314.keyboard.latin.panels.BrowserPanelView{26a5979 V.E...... ........ 0,0-1440,2040} during second layout pass: posting in next frame
06-02 15:51:01.781 17430 18010 W Ads     : Not retrying to fetch app settings
06-02 15:51:01.786 17430 17430 W View    : requestLayout() improperly called by helium314.keyboard.latin.panels.BrowserPanelView{26a5979 V.E...... ......I. 0,0-1440,2040} during layout: running second layout pass
06-02 15:51:01.790 17430 17430 W View    : requestLayout() improperly called by helium314.keyboard.latin.panels.BrowserPanelView{26a5979 V.E...... ......ID 0,0-1440,2040} during second layout pass: posting in next frame
06-02 15:51:01.790 18359 18359 E .keyboard:tab2: Unknown bits set in runtime_flags: 0x40000000
06-02 15:51:01.805 17430 18036 E BLASTBufferQueue: BLASTBufferItemConsumer::onDisconnect()
06-02 15:51:01.811 17430 17430 W View    : requestLayout() improperly called by helium314.keyboard.latin.panels.BrowserPanelView{26a5979 V.E...... ......ID 0,0-1440,2040} during layout: running second layout pass
06-02 15:51:01.818 17430 17430 W View    : requestLayout() improperly called by helium314.keyboard.latin.panels.BrowserPanelView{26a5979 V.E...... ........ 0,0-1440,2040} during second layout pass: posting in next frame
06-02 15:51:01.820 17430 17430 W View    : requestLayout() improperly called by helium314.keyboard.latin.panels.BrowserPanelView{26a5979 V.E...... ......I. 0,0-1440,2040} during layout: running second layout pass
06-02 15:51:01.825 17430 17430 W View    : requestLayout() improperly called by helium314.keyboard.latin.panels.BrowserPanelView{26a5979 V.E...... ......ID 0,0-1440,2040} during second layout pass: posting in next frame
06-02 15:51:01.837 17430 17430 W View    : requestLayout() improperly called by helium314.keyboard.latin.panels.BrowserPanelView{26a5979 V.E...... ......ID 0,0-1440,2040} during layout: running second layout pass
06-02 15:51:01.844 17430 17430 W View    : requestLayout() improperly called by helium314.keyboard.latin.panels.BrowserPanelView{26a5979 V.E...... ......ID 0,0-1440,2040} during second layout pass: posting in next frame
06-02 15:51:01.854 17430 17430 W View    : requestLayout() improperly called by helium314.keyboard.latin.panels.BrowserPanelView{26a5979 V.E...... ......ID 0,0-1440,2040} during layout: running second layout pass
06-02 15:51:01.858 17430 17430 W View    : requestLayout() improperly called by helium314.keyboard.latin.panels.BrowserPanelView{26a5979 V.E...... ........ 0,0-1440,2040} during second layout pass: posting in next frame
06-02 15:51:01.869 17430 17430 W View    : requestLayout() improperly called by helium314.keyboard.latin.panels.BrowserPanelView{26a5979 V.E...... ......I. 0,0-1440,2040} during layout: running second layout pass
06-02 15:51:01.874 17430 17430 W View    : requestLayout() improperly called by helium314.keyboard.latin.panels.BrowserPanelView{26a5979 V.E...... ......ID 0,0-1440,2040} during second layout pass: posting in next frame
06-02 15:51:01.880 18359 18380 E GeckoLibLoad: Load sqlite start
06-02 15:51:01.881 18359 18380 E GeckoLibLoad: Load sqlite done
06-02 15:51:01.881 18359 18380 E GeckoLibLoad: Load nss start
06-02 15:51:01.881 18359 18380 E GeckoLibLoad: Load nss done
06-02 15:51:01.885 17430 17430 W View    : requestLayout() improperly called by helium314.keyboard.latin.panels.BrowserPanelView{26a5979 V.E...... ......ID 0,0-1440,2040} during layout: running second layout pass
06-02 15:51:01.891 17430 17430 W View    : requestLayout() improperly called by helium314.keyboard.latin.panels.BrowserPanelView{26a5979 V.E...... ......ID 0,0-1440,2040} during second layout pass: posting in next frame
06-02 15:51:01.898 18359 18380 E GeckoLibLoad: Loaded libs in 16.892604ms total, 6ms(8ms) user, 0ms(0ms) system, 0(0) faults
06-02 15:51:01.898 18359 18380 W GeckoThread: zerdatime 106704759 - runGecko
06-02 15:51:01.903 17430 17430 W View    : requestLayout() improperly called by helium314.keyboard.latin.panels.BrowserPanelView{26a5979 V.E...... ......ID 0,0-1440,2040} during layout: running second layout pass
06-02 15:51:01.908 17430 17430 W View    : requestLayout() improperly called by helium314.keyboard.latin.panels.BrowserPanelView{26a5979 V.E...... ........ 0,0-1440,2040} during second layout pass: posting in next frame
06-02 15:51:01.919 17430 17430 W View    : requestLayout() improperly called by helium314.keyboard.latin.panels.BrowserPanelView{26a5979 V.E...... ......I. 0,0-1440,2040} during layout: running second layout pass
06-02 15:51:01.922 17430 17430 W View    : requestLayout() improperly called by helium314.keyboard.latin.panels.BrowserPanelView{26a5979 V.E...... ........ 0,0-1440,2040} during second layout pass: posting in next frame
06-02 15:51:01.935 17430 17430 W View    : requestLayout() improperly called by helium314.keyboard.latin.panels.BrowserPanelView{26a5979 V.E...... ......I. 0,0-1440,2040} during layout: running second layout pass
06-02 15:51:01.939 17430 17430 W View    : requestLayout() improperly called by helium314.keyboard.latin.panels.BrowserPanelView{26a5979 V.E...... ........ 0,0-1440,2040} during second layout pass: posting in next frame
06-02 15:51:01.952 17430 17430 W View    : requestLayout() improperly called by helium314.keyboard.latin.panels.BrowserPanelView{26a5979 V.E...... ......I. 0,0-1440,2040} during layout: running second layout pass
06-02 15:51:01.956 17430 17430 W View    : requestLayout() improperly called by helium314.keyboard.latin.panels.BrowserPanelView{26a5979 V.E...... ........ 0,0-1440,2040} during second layout pass: posting in next frame
06-02 15:51:01.970 17430 17430 W View    : requestLayout() improperly called by helium314.keyboard.latin.panels.BrowserPanelView{26a5979 V.E...... ......I. 0,0-1440,2040} during layout: running second layout pass
06-02 15:51:01.973 17430 17430 W View    : requestLayout() improperly called by helium314.keyboard.latin.panels.BrowserPanelView{26a5979 V.E...... ........ 0,0-1440,2040} during second layout pass: posting in next frame
06-02 15:51:01.986 17430 17430 W View    : requestLayout() improperly called by helium314.keyboard.latin.panels.BrowserPanelView{26a5979 V.E...... ......I. 0,0-1440,2040} during layout: running second layout pass
06-02 15:51:01.990 17430 17430 W View    : requestLayout() improperly called by helium314.keyboard.latin.panels.BrowserPanelView{26a5979 V.E...... ........ 0,0-1440,2040} during second layout pass: posting in next frame
06-02 15:51:02.002 17430 17430 W View    : requestLayout() improperly called by helium314.keyboard.latin.panels.BrowserPanelView{26a5979 V.E...... ......I. 0,0-1440,2040} during layout: running second layout pass
06-02 15:51:02.007 17430 17430 W View    : requestLayout() improperly called by helium314.keyboard.latin.panels.BrowserPanelView{26a5979 V.E...... ........ 0,0-1440,2040} during second layout pass: posting in next frame
06-02 15:51:02.020 17430 17430 W View    : requestLayout() improperly called by helium314.keyboard.latin.panels.BrowserPanelView{26a5979 V.E...... ......I. 0,0-1440,2040} during layout: running second layout pass
06-02 15:51:02.029 17430 17430 W View    : requestLayout() improperly called by helium314.keyboard.latin.panels.BrowserPanelView{26a5979 V.E...... ........ 0,0-1440,2040} during second layout pass: posting in next frame
06-02 15:51:02.035 17430 17430 W View    : requestLayout() improperly called by helium314.keyboard.latin.panels.BrowserPanelView{26a5979 V.E...... ......I. 0,0-1440,2040} during layout: running second layout pass
06-02 15:51:02.054 17430 17430 W View    : requestLayout() improperly called by helium314.keyboard.latin.panels.BrowserPanelView{26a5979 V.E...... ........ 0,0-1440,2040} during second layout pass: posting in next frame
06-02 15:51:02.057 17430 17430 W View    : requestLayout() improperly called by helium314.keyboard.latin.panels.BrowserPanelView{26a5979 V.E...... ......I. 0,0-1440,2040} during layout: running second layout pass
06-02 15:51:02.059 18359 18380 W Isolated Web Content: [JavaScript Warning: "Content-Security-Policy: Ignoring “'report-sample'” within script-src: ‘strict-dynamic’ specified" {file: "https://www.google.com/search?q=cnn&sei=iTMfapDyGfqJptQPtcnxoQc" line: 0}]
06-02 15:51:02.060 18359 18380 W Isolated Web Content: [JavaScript Warning: "Content-Security-Policy: Ignoring “'unsafe-inline'” within script-src: ‘strict-dynamic’ specified" {file: "https://www.google.com/search?q=cnn&sei=iTMfapDyGfqJptQPtcnxoQc" line: 0}]
06-02 15:51:02.060 18359 18380 W Isolated Web Content: [JavaScript Warning: "Content-Security-Policy: Ignoring “https:” within script-src: ‘strict-dynamic’ specified" {file: "https://www.google.com/search?q=cnn&sei=iTMfapDyGfqJptQPtcnxoQc" line: 0}]
06-02 15:51:02.060 18359 18380 W Isolated Web Content: [JavaScript Warning: "Content-Security-Policy: Ignoring “http:” within script-src: ‘strict-dynamic’ specified" {file: "https://www.google.com/search?q=cnn&sei=iTMfapDyGfqJptQPtcnxoQc" line: 0}]
06-02 15:51:02.060 18359 18380 W Isolated Web Content: [JavaScript Warning: "Content-Security-Policy: Ignoring “'unsafe-inline'” within script-src: nonce-source or hash-source specified" {file: "https://www.google.com/search?q=cnn&sei=iTMfapDyGfqJptQPtcnxoQc" line: 0}]
06-02 15:51:02.065 17430 17430 W View    : requestLayout() improperly called by helium314.keyboard.latin.panels.BrowserPanelView{26a5979 V.E...... ........ 0,0-1440,2040} during second layout pass: posting in next frame
06-02 15:51:02.071 17430 17430 W View    : requestLayout() improperly called by helium314.keyboard.latin.panels.BrowserPanelView{26a5979 V.E...... ......I. 0,0-1440,2040} during layout: running second layout pass
06-02 15:51:02.079 17430 17430 W View    : requestLayout() improperly called by helium314.keyboard.latin.panels.BrowserPanelView{26a5979 V.E...... ........ 0,0-1440,2040} during second layout pass: posting in next frame
06-02 15:51:02.087 17430 17430 W View    : requestLayout() improperly called by helium314.keyboard.latin.panels.BrowserPanelView{26a5979 V.E...... ......I. 0,0-1440,2040} during layout: running second layout pass
06-02 15:51:02.097 17430 17430 W View    : requestLayout() improperly called by helium314.keyboard.latin.panels.BrowserPanelView{26a5979 V.E...... ........ 0,0-1440,2040} during second layout pass: posting in next frame
06-02 15:51:02.111 17430 17430 W View    : requestLayout() improperly called by helium314.keyboard.latin.panels.BrowserPanelView{26a5979 V.E...... ......ID 0,0-1440,2040} during layout: running second layout pass
06-02 15:51:02.116 17430 17430 W View    : requestLayout() improperly called by helium314.keyboard.latin.panels.BrowserPanelView{26a5979 V.E...... ........ 0,0-1440,2040} during second layout pass: posting in next frame
06-02 15:51:02.120 17430 17430 W View    : requestLayout() improperly called by helium314.keyboard.latin.panels.BrowserPanelView{26a5979 V.E...... ......ID 0,0-1440,2040} during layout: running second layout pass
06-02 15:51:02.139 17430 17430 W View    : requestLayout() improperly called by helium314.keyboard.latin.panels.BrowserPanelView{26a5979 V.E...... ........ 0,0-1440,2040} during second layout pass: posting in next frame
06-02 15:51:02.142 17430 17430 W View    : requestLayout() improperly called by helium314.keyboard.latin.panels.BrowserPanelView{26a5979 V.E...... ......ID 0,0-1440,2040} during layout: running second layout pass
06-02 15:51:02.153 17430 17430 W View    : requestLayout() improperly called by helium314.keyboard.latin.panels.BrowserPanelView{26a5979 V.E...... ........ 0,0-1440,2040} during second layout pass: posting in next frame
06-02 15:51:02.156 17430 17430 W View    : requestLayout() improperly called by helium314.keyboard.latin.panels.BrowserPanelView{26a5979 V.E...... ......ID 0,0-1440,2040} during layout: running second layout pass
06-02 15:51:02.160 17430 17430 W View    : requestLayout() improperly called by helium314.keyboard.latin.panels.BrowserPanelView{26a5979 V.E...... ........ 0,0-1440,2040} during second layout pass: posting in next frame
06-02 15:51:02.170 17430 17430 W View    : requestLayout() improperly called by helium314.keyboard.latin.panels.BrowserPanelView{26a5979 V.E...... ......ID 0,0-1440,2040} during layout: running second layout pass
06-02 15:51:02.187 17430 17430 W View    : requestLayout() improperly called by helium314.keyboard.latin.panels.BrowserPanelView{26a5979 V.E...... ........ 0,0-1440,2040} during second layout pass: posting in next frame
06-02 15:51:02.196 17430 17430 W View    : requestLayout() improperly called by helium314.keyboard.latin.panels.BrowserPanelView{26a5979 V.E...... ......ID 0,0-1440,2040} during layout: running second layout pass
06-02 15:51:02.200 17430 17430 W View    : requestLayout() improperly called by helium314.keyboard.latin.panels.BrowserPanelView{26a5979 V.E...... ........ 0,0-1440,2040} during second layout pass: posting in next frame
06-02 15:51:02.202 17430 17430 W View    : requestLayout() improperly called by helium314.keyboard.latin.panels.BrowserPanelView{26a5979 V.E...... ......ID 0,0-1440,2040} during layout: running second layout pass
06-02 15:51:02.213 17430 17430 W View    : requestLayout() improperly called by helium314.keyboard.latin.panels.BrowserPanelView{26a5979 V.E...... ........ 0,0-1440,2040} during second layout pass: posting in next frame
06-02 15:51:02.220 17430 17430 W View    : requestLayout() improperly called by helium314.keyboard.latin.panels.BrowserPanelView{26a5979 V.E...... ......I. 0,0-1440,2040} during layout: running second layout pass
06-02 15:51:02.233 17430 17430 W View    : requestLayout() improperly called by helium314.keyboard.latin.panels.BrowserPanelView{26a5979 V.E...... ........ 0,0-1440,2040} during second layout pass: posting in next frame
06-02 15:51:02.236 17430 17430 W View    : requestLayout() improperly called by helium314.keyboard.latin.panels.BrowserPanelView{26a5979 V.E...... ......I. 0,0-1440,2040} during layout: running second layout pass
06-02 15:51:02.242 17430 18010 W Ads     : Not retrying to fetch app settings
06-02 15:51:02.247 17430 17430 W View    : requestLayout() improperly called by helium314.keyboard.latin.panels.BrowserPanelView{26a5979 V.E...... ........ 0,0-1440,2040} during second layout pass: posting in next frame
06-02 15:51:02.254 17430 17430 W View    : requestLayout() improperly called by helium314.keyboard.latin.panels.BrowserPanelView{26a5979 V.E...... ......I. 0,0-1440,2040} during layout: running second layout pass
06-02 15:51:02.263 17430 17430 W View    : requestLayout() improperly called by helium314.keyboard.latin.panels.BrowserPanelView{26a5979 V.E...... ........ 0,0-1440,2040} during second layout pass: posting in next frame
06-02 15:51:02.256 17430 17430 W com.vibekey.keyboard: type=1400 audit(0.0:53719): avc: denied { nlmsg_readpriv } for comm=536F636B657420546872656164 scontext=u:r:untrusted_app:s0:c53,c271,c512,c768 tcontext=u:r:untrusted_app:s0:c53,c271,c512,c768 tclass=netlink_route_socket permissive=0 bug=b/155595000 app=com.vibekey.keyboard
06-02 15:51:02.272 17430 17430 W View    : requestLayout() improperly called by helium314.keyboard.latin.panels.BrowserPanelView{26a5979 V.E...... ......ID 0,0-1440,2040} during layout: running second layout pass
06-02 15:51:02.284 17430 17430 W View    : requestLayout() improperly called by helium314.keyboard.latin.panels.BrowserPanelView{26a5979 V.E...... ........ 0,0-1440,2040} during second layout pass: posting in next frame
06-02 15:51:02.276 17430 17430 W com.vibekey.keyboard: type=1400 audit(0.0:53720): avc: denied { nlmsg_readpriv } for comm=536F636B657420546872656164 scontext=u:r:untrusted_app:s0:c53,c271,c512,c768 tcontext=u:r:untrusted_app:s0:c53,c271,c512,c768 tclass=netlink_route_socket permissive=0 bug=b/155595000 app=com.vibekey.keyboard
06-02 15:51:02.288 17430 17430 W View    : requestLayout() improperly called by helium314.keyboard.latin.panels.BrowserPanelView{26a5979 V.E...... ......I. 0,0-1440,2040} during layout: running second layout pass
06-02 15:51:02.300 17430 17430 W View    : requestLayout() improperly called by helium314.keyboard.latin.panels.BrowserPanelView{26a5979 V.E...... ........ 0,0-1440,2040} during second layout pass: posting in next frame
06-02 15:51:02.303 17430 17430 W View    : requestLayout() improperly called by helium314.keyboard.latin.panels.BrowserPanelView{26a5979 V.E...... ......I. 0,0-1440,2040} during layout: running second layout pass
06-02 15:51:02.313 17430 17430 W View    : requestLayout() improperly called by helium314.keyboard.latin.panels.BrowserPanelView{26a5979 V.E...... ........ 0,0-1440,2040} during second layout pass: posting in next frame
06-02 15:51:02.320 17430 17430 W View    : requestLayout() improperly called by helium314.keyboard.latin.panels.BrowserPanelView{26a5979 V.E...... ......I. 0,0-1440,2040} during layout: running second layout pass
06-02 15:51:02.330 17430 17430 W View    : requestLayout() improperly called by helium314.keyboard.latin.panels.BrowserPanelView{26a5979 V.E...... ........ 0,0-1440,2040} during second layout pass: posting in next frame
06-02 15:51:02.335 17430 17430 W View    : requestLayout() improperly called by helium314.keyboard.latin.panels.BrowserPanelView{26a5979 V.E...... ......I. 0,0-1440,2040} during layout: running second layout pass
06-02 15:51:02.341 17430 17430 W View    : requestLayout() improperly called by helium314.keyboard.latin.panels.BrowserPanelView{26a5979 V.E...... ........ 0,0-1440,2040} during second layout pass: posting in next frame
06-02 15:51:02.352 17430 17430 W View    : requestLayout() improperly called by helium314.keyboard.latin.panels.BrowserPanelView{26a5979 V.E...... ......I. 0,0-1440,2040} during layout: running second layout pass
06-02 15:51:02.363 17430 17430 W View    : requestLayout() improperly called by helium314.keyboard.latin.panels.BrowserPanelView{26a5979 V.E...... ........ 0,0-1440,2040} during second layout pass: posting in next frame
06-02 15:51:02.356 17430 17430 W com.vibekey.keyboard: type=1400 audit(0.0:53721): avc: denied { nlmsg_readpriv } for comm=536F636B657420546872656164 scontext=u:r:untrusted_app:s0:c53,c271,c512,c768 tcontext=u:r:untrusted_app:s0:c53,c271,c512,c768 tclass=netlink_route_socket permissive=0 bug=b/155595000 app=com.vibekey.keyboard
06-02 15:51:02.377 17430 18393 E BLASTBufferQueue: BLASTBufferItemConsumer::onDisconnect()
06-02 15:51:02.378 17430 17430 W View    : requestLayout() improperly called by helium314.keyboard.latin.panels.BrowserPanelView{26a5979 V.E...... ......ID 0,0-1440,2040} during layout: running second layout pass
06-02 15:51:02.382 17430 17430 W View    : requestLayout() improperly called by helium314.keyboard.latin.panels.BrowserPanelView{26a5979 V.E...... ........ 0,0-1440,2040} during second layout pass: posting in next frame
06-02 15:51:02.387 17430 17430 W View    : requestLayout() improperly called by helium314.keyboard.latin.panels.BrowserPanelView{26a5979 V.E...... ......ID 0,0-1440,2040} during layout: running second layout pass
06-02 15:51:02.400 17430 17430 W View    : requestLayout() improperly called by helium314.keyboard.latin.panels.BrowserPanelView{26a5979 V.E...... ........ 0,0-1440,2040} during second layout pass: posting in next frame
06-02 15:51:02.404 17430 17430 W View    : requestLayout() improperly called by helium314.keyboard.latin.panels.BrowserPanelView{26a5979 V.E...... ......I. 0,0-1440,2040} during layout: running second layout pass
06-02 15:51:02.421 17430 17430 W View    : requestLayout() improperly called by helium314.keyboard.latin.panels.BrowserPanelView{26a5979 V.E...... ........ 0,0-1440,2040} during second layout pass: posting in next frame
06-02 15:51:02.424 17430 17430 W View    : requestLayout() improperly called by helium314.keyboard.latin.panels.BrowserPanelView{26a5979 V.E...... ......I. 0,0-1440,2040} during layout: running second layout pass
06-02 15:51:02.432 17430 17430 W View    : requestLayout() improperly called by helium314.keyboard.latin.panels.BrowserPanelView{26a5979 V.E...... ........ 0,0-1440,2040} during second layout pass: posting in next frame
06-02 15:51:02.438 17430 17430 W View    : requestLayout() improperly called by helium314.keyboard.latin.panels.BrowserPanelView{26a5979 V.E...... ......I. 0,0-1440,2040} during layout: running second layout pass
06-02 15:51:02.446 17430 17430 W View    : requestLayout() improperly called by helium314.keyboard.latin.panels.BrowserPanelView{26a5979 V.E...... ........ 0,0-1440,2040} during second layout pass: posting in next frame
06-02 15:51:02.454 17430 17430 W View    : requestLayout() improperly called by helium314.keyboard.latin.panels.BrowserPanelView{26a5979 V.E...... ......I. 0,0-1440,2040} during layout: running second layout pass
06-02 15:51:02.460 17430 17430 W View    : requestLayout() improperly called by helium314.keyboard.latin.panels.BrowserPanelView{26a5979 V.E...... ........ 0,0-1440,2040} during second layout pass: posting in next frame
06-02 15:51:02.471 17430 17430 W View    : requestLayout() improperly called by helium314.keyboard.latin.panels.BrowserPanelView{26a5979 V.E...... ......I. 0,0-1440,2040} during layout: running second layout pass
06-02 15:51:02.479 17430 17430 W View    : requestLayout() improperly called by helium314.keyboard.latin.panels.BrowserPanelView{26a5979 V.E...... ........ 0,0-1440,2040} during second layout pass: posting in next frame
06-02 15:51:02.491 17430 17430 W View    : requestLayout() improperly called by helium314.keyboard.latin.panels.BrowserPanelView{26a5979 V.E...... ......I. 0,0-1440,2040} during layout: running second layout pass
06-02 15:51:02.500 17430 17430 W View    : requestLayout() improperly called by helium314.keyboard.latin.panels.BrowserPanelView{26a5979 V.E...... ........ 0,0-1440,2040} during second layout pass: posting in next frame
06-02 15:51:02.503 17430 17430 W View    : requestLayout() improperly called by helium314.keyboard.latin.panels.BrowserPanelView{26a5979 V.E...... ......I. 0,0-1440,2040} during layout: running second layout pass
06-02 15:51:02.514 17430 17430 W View    : requestLayout() improperly called by helium314.keyboard.latin.panels.BrowserPanelView{26a5979 V.E...... ........ 0,0-1440,2040} during second layout pass: posting in next frame
06-02 15:51:02.515 17430 17430 W AdManager: Rewarded load failed tier=PRIMARY code=1 domain=com.google.android.gms.ads message=Error building request URL: Too many recently failed requests for ad unit ID: ca-app-pub-6765609171282681/3310587093. You must wait a few seconds before making another ad request.
06-02 15:51:02.520 17430 17430 W View    : requestLayout() improperly called by helium314.keyboard.latin.panels.BrowserPanelView{26a5979 V.E...... ......I. 0,0-1440,2040} during layout: running second layout pass
06-02 15:51:02.529 17430 17430 W View    : requestLayout() improperly called by helium314.keyboard.latin.panels.BrowserPanelView{26a5979 V.E...... ........ 0,0-1440,2040} during second layout pass: posting in next frame
06-02 15:51:02.536 17430 17430 W View    : requestLayout() improperly called by helium314.keyboard.latin.panels.BrowserPanelView{26a5979 V.E...... ......I. 0,0-1440,2040} during layout: running second layout pass
06-02 15:51:02.548 17430 17430 W View    : requestLayout() improperly called by helium314.keyboard.latin.panels.BrowserPanelView{26a5979 V.E...... ........ 0,0-1440,2040} during second layout pass: posting in next frame
06-02 15:51:02.555 17430 17430 W View    : requestLayout() improperly called by helium314.keyboard.latin.panels.BrowserPanelView{26a5979 V.E...... ......I. 0,0-1440,2040} during layout: running second layout pass
06-02 15:51:02.560 18359 18380 W Isolated Web Content: [JavaScript Warning: "Empty string passed to getElementById()." {file: "https://www.google.com/xjs/_/js/k=xjs.qs.en.uOsPkhHbvco.2019.O/am=AAAAAAAAAAAAAAAAAAAAAAAAAAAAAAAAAAAAAAAAAAAAAAAAAAAAAAAAAAAAAAAAAAAAAAAAAAAAAAAAAAAAAAAAAAAAAIIACAAAACYAQAAAIAAAAAAAAAAAAAAAAACAABAAIAAAAAAAAAAAAAAAAAAAAAAAAAAAAIAAAQIAQAAAAAAAAAAAIACAAAAAAQAAAAAAAAAADAAgAAAIIAEAAAGAAgAAAAAAAAAAAAAAAAAAAAABggAAAABAAhcAAOAv4AwQIAAAAAADAAAAAAAAAAAAAAAAAAAAAAAAAAAgAQAAAAAAAAAAAGABAAAgEAwAABAABASAAAAAAAAAAAAAAAAAAAAAQAAAAAAAAAAAAAAAAAcAIAAAAAAAgAAAAAAgAAAAAAAAAAACAAAAAAAAAAAQAAAAAAAAAAAAAAAAAAAAAgCAAgAAAAAA4AAAAA" line: 196}]
06-02 15:51:02.567 17430 17430 W View    : requestLayout() improperly called by helium314.keyboard.latin.panels.BrowserPanelView{26a5979 V.E...... ........ 0,0-1440,2040} during second layout pass: posting in next frame
06-02 15:51:02.569 17430 17430 W AdManager: Interstitial ad failed to load: code=1 message=Error building request URL: Too many recently failed requests for ad unit ID: ca-app-pub-6765609171282681/8371342086. You must wait a few seconds before making another ad request.
06-02 15:51:02.572 17430 17430 W View    : requestLayout() improperly called by helium314.keyboard.latin.panels.BrowserPanelView{26a5979 V.E...... ......I. 0,0-1440,2040} during layout: running second layout pass
