06-08 17:51:59.456  2675  2675 F DEBUG   :       #09 pc 00000000000d337c  /data/app/~~FQL1SPy93oJo42KP-BS79g==/com.vibekey.keyboard-Kp0Zo8BQFHzVoAqJ-ISgiw==/lib/arm64/libjni_latinime.so (latinime::DicTraverseSession::init(latinime::Dictionary const*, latinime::NgramContext const*, latinime::SuggestOptions const*)+124) (BuildId: f905dbd1a904967a994cf833116e517b05caa863)
06-08 17:51:59.456  2675  2675 F DEBUG   :       #10 pc 00000000000c8bd0  /data/app/~~FQL1SPy93oJo42KP-BS79g==/com.vibekey.keyboard-Kp0Zo8BQFHzVoAqJ-ISgiw==/lib/arm64/libjni_latinime.so (latinime::Dictionary::getSuggestions(latinime::ProximityInfo*, latinime::DicTraverseSession*, int*, int*, int*, int*, int*, int, latinime::NgramContext const*, latinime::SuggestOptions const*, float, latinime::SuggestionResults*) const+104) (BuildId: f905dbd1a904967a994cf833116e517b05caa863)
06-08 17:51:59.456  2675  2675 F DEBUG   :       #11 pc 000000000009fd88  /data/app/~~FQL1SPy93oJo42KP-BS79g==/com.vibekey.keyboard-Kp0Zo8BQFHzVoAqJ-ISgiw==/lib/arm64/libjni_latinime.so (BuildId: f905dbd1a904967a994cf833116e517b05caa863)
06-08 17:51:59.456  2675  2675 F DEBUG   :       #12 pc 00000000002c2100  /apex/com.android.art/lib64/libart.so (art_quick_generic_jni_trampoline+144) (BuildId: 7087b2f2160bfbf3335d54ba9779e325)
06-08 17:51:59.456  2675  2675 F DEBUG   :       #13 pc 00000000006692dc  /apex/com.android.art/lib64/libart.so (nterp_helper+3852) (BuildId: 7087b2f2160bfbf3335d54ba9779e325)
06-08 17:51:59.456  2675  2675 F DEBUG   :       #14 pc 000000000021fa08  /data/app/~~FQL1SPy93oJo42KP-BS79g==/com.vibekey.keyboard-Kp0Zo8BQFHzVoAqJ-ISgiw==/oat/arm64/base.vdex (com.android.inputmethod.latin.BinaryDictionary.p+572)
06-08 17:51:59.456  2675  2675 F DEBUG   :       #15 pc 0000000000669a28  /apex/com.android.art/lib64/libart.so (nterp_helper+5720) (BuildId: 7087b2f2160bfbf3335d54ba9779e325)
06-08 17:51:59.456  2675  2675 F DEBUG   :       #16 pc 000000000021f786  /data/app/~~FQL1SPy93oJo42KP-BS79g==/com.vibekey.keyboard-Kp0Zo8BQFHzVoAqJ-ISgiw==/oat/arm64/base.vdex (com.android.inputmethod.latin.BinaryDictionary.c+2)
06-08 17:51:59.456  2675  2675 F DEBUG   :       #17 pc 0000000000669a28  /apex/com.android.art/lib64/libart.so (nterp_helper+5720) (BuildId: 7087b2f2160bfbf3335d54ba9779e325)
06-08 17:51:59.456  2675  2675 F DEBUG   :       #18 pc 0000000000ad69ea  /data/app/~~FQL1SPy93oJo42KP-BS79g==/com.vibekey.keyboard-Kp0Zo8BQFHzVoAqJ-ISgiw==/oat/arm64/base.vdex (v7.j.c+50)
06-08 17:51:59.456  2675  2675 F DEBUG   :       #19 pc 0000000000669a28  /apex/com.android.art/lib64/libart.so (nterp_helper+5720) (BuildId: 7087b2f2160bfbf3335d54ba9779e325)
06-08 17:51:59.456  2675  2675 F DEBUG   :       #20 pc 0000000000ad5bca  /data/app/~~FQL1SPy93oJo42KP-BS79g==/com.vibekey.keyboard-Kp0Zo8BQFHzVoAqJ-ISgiw==/oat/arm64/base.vdex (v7.d.c+150)
06-08 17:51:59.456  2675  2675 F DEBUG   :       #21 pc 0000000000669a28  /apex/com.android.art/lib64/libart.so (nterp_helper+5720) (BuildId: 7087b2f2160bfbf3335d54ba9779e325)
06-08 17:51:59.456  2675  2675 F DEBUG   :       #22 pc 0000000000590f92  /data/app/~~FQL1SPy93oJo42KP-BS79g==/com.vibekey.keyboard-Kp0Zo8BQFHzVoAqJ-ISgiw==/oat/arm64/base.vdex (p7.o.i+390)
06-08 17:51:59.456  2675  2675 F DEBUG   :       #23 pc 0000000000669a28  /apex/com.android.art/lib64/libart.so (nterp_helper+5720) (BuildId: 7087b2f2160bfbf3335d54ba9779e325)
06-08 17:51:59.456  2675  2675 F DEBUG   :       #24 pc 000000000059089e  /data/app/~~FQL1SPy93oJo42KP-BS79g==/com.vibekey.keyboard-Kp0Zo8BQFHzVoAqJ-ISgiw==/oat/arm64/base.vdex (p7.o.h+414)
06-08 17:51:59.456  2675  2675 F DEBUG   :       #25 pc 0000000000669a28  /apex/com.android.art/lib64/libart.so (nterp_helper+5720) (BuildId: 7087b2f2160bfbf3335d54ba9779e325)
06-08 17:51:59.456  2675  2675 F DEBUG   :       #26 pc 00000000005906aa  /data/app/~~FQL1SPy93oJo42KP-BS79g==/com.vibekey.keyboard-Kp0Zo8BQFHzVoAqJ-ISgiw==/oat/arm64/base.vdex (p7.o.g+166)
06-08 17:51:59.456  2675  2675 F DEBUG   :       #27 pc 0000000000669a28  /apex/com.android.art/lib64/libart.so (nterp_helper+5720) (BuildId: 7087b2f2160bfbf3335d54ba9779e325)
06-08 17:51:59.456  2675  2675 F DEBUG   :       #28 pc 000000000059907e  /data/app/~~FQL1SPy93oJo42KP-BS79g==/com.vibekey.keyboard-Kp0Zo8BQFHzVoAqJ-ISgiw==/oat/arm64/base.vdex (p7.i1.c+266)
06-08 17:51:59.456  2675  2675 F DEBUG   :       #29 pc 0000000000669a28  /apex/com.android.art/lib64/libart.so (nterp_helper+5720) (BuildId: 7087b2f2160bfbf3335d54ba9779e325)
06-08 17:51:59.456  2675  2675 F DEBUG   :       #30 pc 0000000000598ede  /data/app/~~FQL1SPy93oJo42KP-BS79g==/com.vibekey.keyboard-Kp0Zo8BQFHzVoAqJ-ISgiw==/oat/arm64/base.vdex (p7.i1.b+2786)
06-08 17:51:59.456  2675  2675 F DEBUG   :       #31 pc 0000000000669a28  /apex/com.android.art/lib64/libart.so (nterp_helper+5720) (BuildId: 7087b2f2160bfbf3335d54ba9779e325)
06-08 17:51:59.456  2675  2675 F DEBUG   :       #32 pc 0000000000addb0a  /data/app/~~FQL1SPy93oJo42KP-BS79g==/com.vibekey.keyboard-Kp0Zo8BQFHzVoAqJ-ISgiw==/oat/arm64/base.vdex (x7.b.m+1458)
06-08 17:51:59.456  2675  2675 F DEBUG   :       #33 pc 0000000000669324  /apex/com.android.art/lib64/libart.so (nterp_helper+3924) (BuildId: 7087b2f2160bfbf3335d54ba9779e325)
06-08 17:51:59.456  2675  2675 F DEBUG   :       #34 pc 000000000019af2e  /data/app/~~FQL1SPy93oJo42KP-BS79g==/com.vibekey.keyboard-Kp0Zo8BQFHzVoAqJ-ISgiw==/oat/arm64/base.vdex (a5.a.run+102)
06-08 17:51:59.456  2675  2675 F DEBUG   :       #35 pc 000000000066a144  /apex/com.android.art/lib64/libart.so (nterp_helper+7540) (BuildId: 7087b2f2160bfbf3335d54ba9779e325)
06-08 17:51:59.456  2675  2675 F DEBUG   :       #36 pc 0000000000ada99c  /data/app/~~FQL1SPy93oJo42KP-BS79g==/com.vibekey.keyboard-Kp0Zo8BQFHzVoAqJ-ISgiw==/oat/arm64/base.vdex (x7.d.handleMessage+28)
06-08 17:51:59.456  2675  2675 F DEBUG   :       #37 pc 000000000205b2d4  /memfd:jit-zygote-cache (deleted)
06-08 17:52:03.419  2825  2871 F libc    : Fatal signal 7 (SIGBUS), code 2 (BUS_ADRERR), fault addr 0x766660a1b8 in tid 2871 (d), pid 2825 (AndroidUI)
06-08 17:52:04.478  3303  3303 F DEBUG   : Process name is com.vibekey.keyboard, not key_process
06-08 17:52:04.478  3303  3303 F DEBUG   : keyProcess: 0
06-08 17:52:04.478  3303  3303 F DEBUG   : *** *** *** *** *** *** *** *** *** *** *** *** *** *** *** ***
06-08 17:52:04.478  3303  3303 F DEBUG   : Build fingerprint: 'OnePlus/OnePlus7Pro/OnePlus7Pro:12/SKQ1.211113.001/P.202303230244:user/release-keys'
06-08 17:52:04.478  3303  3303 F DEBUG   : Revision: '0'
06-08 17:52:04.478  3303  3303 F DEBUG   : ABI: 'arm64'
06-08 17:52:04.478  3303  3303 F DEBUG   : Timestamp: 2026-06-08 17:52:03.657573124-0400
06-08 17:52:04.478  3303  3303 F DEBUG   : Process uptime: 0s
06-08 17:52:04.478  3303  3303 F DEBUG   : Cmdline: com.vibekey.keyboard
06-08 17:52:04.478  3303  3303 F DEBUG   : pid: 2825, tid: 2871, name: d  >>> com.vibekey.keyboard <<<
06-08 17:52:04.478  3303  3303 F DEBUG   : uid: 14018
06-08 17:52:04.478  3303  3303 F DEBUG   : signal 7 (SIGBUS), code 2 (BUS_ADRERR), fault addr 0x766660a1b8
06-08 17:52:04.478  3303  3303 F DEBUG   :     x0  0000000000000000  x1  0000000000000b37  x2  0000000000000007  x3  000000768a7feda0
06-08 17:52:04.478  3303  3303 F DEBUG   :     x4  000000768a7fe6a8  x5  000000768a7fe6a8  x6  000000768a7fe6a8  x7  0000000000000000
06-08 17:52:04.478  3303  3303 F DEBUG   :     x8  00000000000000f0  x9  db746b027190efc7  x10 0000000000004001  x11 0000000000000000
06-08 17:52:04.478  3303  3303 F DEBUG   :     x12 00000000ffffffff  x13 0000000000000000  x14 0000000000000013  x15 00000000b58637bd
06-08 17:52:04.478  3303  3303 F DEBUG   :     x16 000000757ca4b410  x17 00000076790b8f10  x18 0000007561e4e000  x19 0000000000000007
06-08 17:52:04.478  3303  3303 F DEBUG   :     x20 000000768a7feda0  x21 0000000000000b09  x22 000000768a7fed00  x23 0000000000000001
06-08 17:52:04.478  3303  3303 F DEBUG   :     x24 b400006deaca4780  x25 b4000075cacaed90  x26 0000000000075080  x27 b400006deac9f640
06-08 17:52:04.478  3303  3303 F DEBUG   :     x28 0000000000000000  x29 000000768a7fed20
06-08 17:52:04.478  3303  3303 F DEBUG   :     lr  0000007576c73da0  sp  000000768a7fed00  pc  00000076790b8f34  pst 0000000000000000
06-08 17:52:04.478  3303  3303 F DEBUG   : backtrace:
06-08 17:52:04.478  3303  3303 F DEBUG   :       #00 pc 0000000000075f34  /apex/com.android.runtime/lib64/bionic/libc.so (syscall+36) (BuildId: bbbdeb7c87c74f1491f92c6e605095b0)
06-08 17:52:04.478  3303  3303 F DEBUG   :       #01 pc 0000000004062d9c  /data/app/~~0vURfNRJhP5qOxDjXMAdJA==/com.google.android.webview-1jICq8A_gawMkQD3QY60ZA==/base.apk!libwebviewchromium.so (BuildId: 6830cf8493d489d274dd2200dc390799760c2507)
06-08 17:52:04.478  3303  3303 F DEBUG   :       #02 pc 0000000004059518  /data/app/~~0vURfNRJhP5qOxDjXMAdJA==/com.google.android.webview-1jICq8A_gawMkQD3QY60ZA==/base.apk!libwebviewchromium.so (BuildId: 6830cf8493d489d274dd2200dc390799760c2507)
06-08 17:52:04.478  3303  3303 F DEBUG   :       #03 pc 0000000000000638  [vdso] (__kernel_rt_sigreturn+0)
06-08 17:52:04.478  3303  3303 F DEBUG   :       #04 pc 00000000000b62f4  /data/app/~~FQL1SPy93oJo42KP-BS79g==/com.vibekey.keyboard-Kp0Zo8BQFHzVoAqJ-ISgiw==/lib/arm64/libjni_latinime.so (latinime::PatriciaTrieReadingUtils::getPtNodeArraySizeAndAdvancePosition(unsigned char const*, int, int*)+44) (BuildId: f905dbd1a904967a994cf833116e517b05caa863)
06-08 17:52:04.478  3303  3303 F DEBUG   :       #05 pc 00000000000b6c2c  /data/app/~~FQL1SPy93oJo42KP-BS79g==/com.vibekey.keyboard-Kp0Zo8BQFHzVoAqJ-ISgiw==/lib/arm64/libjni_latinime.so (latinime::PatriciaTriePolicy::createAndGetAllChildDicNodes(latinime::DicNode const*, latinime::DicNodeVector*) const+112) (BuildId: f905dbd1a904967a994cf833116e517b05caa863)
06-08 17:52:04.478  3303  3303 F DEBUG   :       #06 pc 00000000000d598c  /data/app/~~FQL1SPy93oJo42KP-BS79g==/com.vibekey.keyboard-Kp0Zo8BQFHzVoAqJ-ISgiw==/lib/arm64/libjni_latinime.so (latinime::Suggest::processDicNodeAsOmission(latinime::DicTraverseSession*, latinime::DicNode*) const+84) (BuildId: f905dbd1a904967a994cf833116e517b05caa863)
06-08 17:52:04.478  3303  3303 F DEBUG   :       #07 pc 00000000000d4a88  /data/app/~~FQL1SPy93oJo42KP-BS79g==/com.vibekey.keyboard-Kp0Zo8BQFHzVoAqJ-ISgiw==/lib/arm64/libjni_latinime.so (latinime::Suggest::expandCurrentDicNodes(latinime::DicTraverseSession*) const+1732) (BuildId: f905dbd1a904967a994cf833116e517b05caa863)
06-08 17:52:04.478  3303  3303 F DEBUG   :       #08 pc 00000000000d3c0c  /data/app/~~FQL1SPy93oJo42KP-BS79g==/com.vibekey.keyboard-Kp0Zo8BQFHzVoAqJ-ISgiw==/lib/arm64/libjni_latinime.so (latinime::Suggest::getSuggestions(latinime::ProximityInfo*, void*, int*, int*, int*, int*, int*, int, float, latinime::SuggestionResults*) const+504) (BuildId: f905dbd1a904967a994cf833116e517b05caa863)
06-08 17:52:04.478  3303  3303 F DEBUG   :       #09 pc 000000000009fd88  /data/app/~~FQL1SPy93oJo42KP-BS79g==/com.vibekey.keyboard-Kp0Zo8BQFHzVoAqJ-ISgiw==/lib/arm64/libjni_latinime.so (BuildId: f905dbd1a904967a994cf833116e517b05caa863)
06-08 17:52:04.478  3303  3303 F DEBUG   :       #10 pc 00000000002c2100  /apex/com.android.art/lib64/libart.so (art_quick_generic_jni_trampoline+144) (BuildId: 7087b2f2160bfbf3335d54ba9779e325)
06-08 17:52:04.478  3303  3303 F DEBUG   :       #11 pc 00000000006692dc  /apex/com.android.art/lib64/libart.so (nterp_helper+3852) (BuildId: 7087b2f2160bfbf3335d54ba9779e325)
06-08 17:52:04.478  3303  3303 F DEBUG   :       #12 pc 000000000021fa08  /data/app/~~FQL1SPy93oJo42KP-BS79g==/com.vibekey.keyboard-Kp0Zo8BQFHzVoAqJ-ISgiw==/oat/arm64/base.vdex (com.android.inputmethod.latin.BinaryDictionary.p+572)
06-08 17:52:04.478  3303  3303 F DEBUG   :       #13 pc 0000000000669a28  /apex/com.android.art/lib64/libart.so (nterp_helper+5720) (BuildId: 7087b2f2160bfbf3335d54ba9779e325)
06-08 17:52:04.478  3303  3303 F DEBUG   :       #14 pc 000000000021f786  /data/app/~~FQL1SPy93oJo42KP-BS79g==/com.vibekey.keyboard-Kp0Zo8BQFHzVoAqJ-ISgiw==/oat/arm64/base.vdex (com.android.inputmethod.latin.BinaryDictionary.c+2)
06-08 17:52:04.478  3303  3303 F DEBUG   :       #15 pc 0000000000669a28  /apex/com.android.art/lib64/libart.so (nterp_helper+5720) (BuildId: 7087b2f2160bfbf3335d54ba9779e325)
06-08 17:52:04.478  3303  3303 F DEBUG   :       #16 pc 0000000000ad69ea  /data/app/~~FQL1SPy93oJo42KP-BS79g==/com.vibekey.keyboard-Kp0Zo8BQFHzVoAqJ-ISgiw==/oat/arm64/base.vdex (v7.j.c+50)
06-08 17:52:04.478  3303  3303 F DEBUG   :       #17 pc 0000000000669a28  /apex/com.android.art/lib64/libart.so (nterp_helper+5720) (BuildId: 7087b2f2160bfbf3335d54ba9779e325)
06-08 17:52:04.478  3303  3303 F DEBUG   :       #18 pc 0000000000ad5bca  /data/app/~~FQL1SPy93oJo42KP-BS79g==/com.vibekey.keyboard-Kp0Zo8BQFHzVoAqJ-ISgiw==/oat/arm64/base.vdex (v7.d.c+150)
06-08 17:52:04.478  3303  3303 F DEBUG   :       #19 pc 0000000000669a28  /apex/com.android.art/lib64/libart.so (nterp_helper+5720) (BuildId: 7087b2f2160bfbf3335d54ba9779e325)
06-08 17:52:04.478  3303  3303 F DEBUG   :       #20 pc 0000000000590f92  /data/app/~~FQL1SPy93oJo42KP-BS79g==/com.vibekey.keyboard-Kp0Zo8BQFHzVoAqJ-ISgiw==/oat/arm64/base.vdex (p7.o.i+390)
06-08 17:52:04.478  3303  3303 F DEBUG   :       #21 pc 0000000000669a28  /apex/com.android.art/lib64/libart.so (nterp_helper+5720) (BuildId: 7087b2f2160bfbf3335d54ba9779e325)
06-08 17:52:04.478  3303  3303 F DEBUG   :       #22 pc 000000000059089e  /data/app/~~FQL1SPy93oJo42KP-BS79g==/com.vibekey.keyboard-Kp0Zo8BQFHzVoAqJ-ISgiw==/oat/arm64/base.vdex (p7.o.h+414)
06-08 17:52:04.478  3303  3303 F DEBUG   :       #23 pc 0000000000669a28  /apex/com.android.art/lib64/libart.so (nterp_helper+5720) (BuildId: 7087b2f2160bfbf3335d54ba9779e325)
06-08 17:52:04.478  3303  3303 F DEBUG   :       #24 pc 00000000005906aa  /data/app/~~FQL1SPy93oJo42KP-BS79g==/com.vibekey.keyboard-Kp0Zo8BQFHzVoAqJ-ISgiw==/oat/arm64/base.vdex (p7.o.g+166)
06-08 17:52:04.478  3303  3303 F DEBUG   :       #25 pc 0000000000669a28  /apex/com.android.art/lib64/libart.so (nterp_helper+5720) (BuildId: 7087b2f2160bfbf3335d54ba9779e325)
06-08 17:52:04.478  3303  3303 F DEBUG   :       #26 pc 000000000059907e  /data/app/~~FQL1SPy93oJo42KP-BS79g==/com.vibekey.keyboard-Kp0Zo8BQFHzVoAqJ-ISgiw==/oat/arm64/base.vdex (p7.i1.c+266)
06-08 17:52:04.478  3303  3303 F DEBUG   :       #27 pc 0000000000669a28  /apex/com.android.art/lib64/libart.so (nterp_helper+5720) (BuildId: 7087b2f2160bfbf3335d54ba9779e325)
06-08 17:52:04.478  3303  3303 F DEBUG   :       #28 pc 0000000000598ede  /data/app/~~FQL1SPy93oJo42KP-BS79g==/com.vibekey.keyboard-Kp0Zo8BQFHzVoAqJ-ISgiw==/oat/arm64/base.vdex (p7.i1.b+2786)
06-08 17:52:04.478  3303  3303 F DEBUG   :       #29 pc 0000000000669a28  /apex/com.android.art/lib64/libart.so (nterp_helper+5720) (BuildId: 7087b2f2160bfbf3335d54ba9779e325)
06-08 17:52:04.478  3303  3303 F DEBUG   :       #30 pc 0000000000addb0a  /data/app/~~FQL1SPy93oJo42KP-BS79g==/com.vibekey.keyboard-Kp0Zo8BQFHzVoAqJ-ISgiw==/oat/arm64/base.vdex (x7.b.m+1458)
06-08 17:52:04.478  3303  3303 F DEBUG   :       #31 pc 0000000000669324  /apex/com.android.art/lib64/libart.so (nterp_helper+3924) (BuildId: 7087b2f2160bfbf3335d54ba9779e325)
06-08 17:52:04.478  3303  3303 F DEBUG   :       #32 pc 000000000019af2e  /data/app/~~FQL1SPy93oJo42KP-BS79g==/com.vibekey.keyboard-Kp0Zo8BQFHzVoAqJ-ISgiw==/oat/arm64/base.vdex (a5.a.run+102)
06-08 17:52:04.478  3303  3303 F DEBUG   :       #33 pc 000000000066a144  /apex/com.android.art/lib64/libart.so (nterp_helper+7540) (BuildId: 7087b2f2160bfbf3335d54ba9779e325)
06-08 17:52:04.478  3303  3303 F DEBUG   :       #34 pc 0000000000ada99c  /data/app/~~FQL1SPy93oJo42KP-BS79g==/com.vibekey.keyboard-Kp0Zo8BQFHzVoAqJ-ISgiw==/oat/arm64/base.vdex (x7.d.handleMessage+28)
06-08 17:52:04.478  3303  3303 F DEBUG   :       #35 pc 000000000205b2d4  /memfd:jit-zygote-cache (deleted)
06-08 17:52:15.320  3337  3392 F libc    : Fatal signal 7 (SIGBUS), code 2 (BUS_ADRERR), fault addr 0x766660a1b8 in tid 3392 (d), pid 3337 (AndroidUI)
06-08 17:52:16.361  3957  3957 F DEBUG   : Process name is com.vibekey.keyboard, not key_process
06-08 17:52:16.361  3957  3957 F DEBUG   : keyProcess: 0
06-08 17:52:16.361  3957  3957 F DEBUG   : *** *** *** *** *** *** *** *** *** *** *** *** *** *** *** ***
06-08 17:52:16.361  3957  3957 F DEBUG   : Build fingerprint: 'OnePlus/OnePlus7Pro/OnePlus7Pro:12/SKQ1.211113.001/P.202303230244:user/release-keys'
06-08 17:52:16.361  3957  3957 F DEBUG   : Revision: '0'
06-08 17:52:16.361  3957  3957 F DEBUG   : ABI: 'arm64'
06-08 17:52:16.361  3957  3957 F DEBUG   : Timestamp: 2026-06-08 17:52:15.546533275-0400
06-08 17:52:16.361  3957  3957 F DEBUG   : Process uptime: 0s
06-08 17:52:16.361  3957  3957 F DEBUG   : Cmdline: com.vibekey.keyboard
06-08 17:52:16.361  3957  3957 F DEBUG   : pid: 3337, tid: 3392, name: d  >>> com.vibekey.keyboard <<<
06-08 17:52:16.361  3957  3957 F DEBUG   : uid: 14018
06-08 17:52:16.361  3957  3957 F DEBUG   : signal 7 (SIGBUS), code 2 (BUS_ADRERR), fault addr 0x766660a1b8
06-08 17:52:16.361  3957  3957 F DEBUG   :     x0  0000000000000000  x1  0000000000000d40  x2  0000000000000007  x3  000000768a6d1da0
06-08 17:52:16.361  3957  3957 F DEBUG   :     x4  000000768a6d16a8  x5  000000768a6d16a8  x6  000000768a6d16a8  x7  0000000000000000
06-08 17:52:16.361  3957  3957 F DEBUG   :     x8  00000000000000f0  x9  db746b027190efc7  x10 0000000000004001  x11 0000000000000000
06-08 17:52:16.361  3957  3957 F DEBUG   :     x12 00000000ffffffff  x13 0000000000000000  x14 b4000075c0d1b588  x15 00000000358637bd
06-08 17:52:16.361  3957  3957 F DEBUG   :     x16 000000757ca4b410  x17 00000076790b8f10  x18 000000755db70000  x19 0000000000000007
06-08 17:52:16.361  3957  3957 F DEBUG   :     x20 000000768a6d1da0  x21 0000000000000d09  x22 000000768a6d1d00  x23 0000000000000001
06-08 17:52:16.361  3957  3957 F DEBUG   :     x24 b4000075c4812480  x25 b4000075bb0a6310  x26 0000000000075080  x27 b4000075c480d340
06-08 17:52:16.361  3957  3957 F DEBUG   :     x28 0000000000000000  x29 000000768a6d1d20
06-08 17:52:16.361  3957  3957 F DEBUG   :     lr  0000007576c73da0  sp  000000768a6d1d00  pc  00000076790b8f34  pst 0000000000000000
06-08 17:52:16.361  3957  3957 F DEBUG   : backtrace:
06-08 17:52:16.361  3957  3957 F DEBUG   :       #00 pc 0000000000075f34  /apex/com.android.runtime/lib64/bionic/libc.so (syscall+36) (BuildId: bbbdeb7c87c74f1491f92c6e605095b0)
06-08 17:52:16.361  3957  3957 F DEBUG   :       #01 pc 0000000004062d9c  /data/app/~~0vURfNRJhP5qOxDjXMAdJA==/com.google.android.webview-1jICq8A_gawMkQD3QY60ZA==/base.apk!libwebviewchromium.so (BuildId: 6830cf8493d489d274dd2200dc390799760c2507)
06-08 17:52:16.361  3957  3957 F DEBUG   :       #02 pc 0000000004059518  /data/app/~~0vURfNRJhP5qOxDjXMAdJA==/com.google.android.webview-1jICq8A_gawMkQD3QY60ZA==/base.apk!libwebviewchromium.so (BuildId: 6830cf8493d489d274dd2200dc390799760c2507)
06-08 17:52:16.361  3957  3957 F DEBUG   :       #03 pc 0000000000000638  [vdso] (__kernel_rt_sigreturn+0)
06-08 17:52:16.361  3957  3957 F DEBUG   :       #04 pc 00000000000b62f4  /data/app/~~FQL1SPy93oJo42KP-BS79g==/com.vibekey.keyboard-Kp0Zo8BQFHzVoAqJ-ISgiw==/lib/arm64/libjni_latinime.so (latinime::PatriciaTrieReadingUtils::getPtNodeArraySizeAndAdvancePosition(unsigned char const*, int, int*)+44) (BuildId: f905dbd1a904967a994cf833116e517b05caa863)
06-08 17:52:16.361  3957  3957 F DEBUG   :       #05 pc 00000000000b6c2c  /data/app/~~FQL1SPy93oJo42KP-BS79g==/com.vibekey.keyboard-Kp0Zo8BQFHzVoAqJ-ISgiw==/lib/arm64/libjni_latinime.so (latinime::PatriciaTriePolicy::createAndGetAllChildDicNodes(latinime::DicNode const*, latinime::DicNodeVector*) const+112) (BuildId: f905dbd1a904967a994cf833116e517b05caa863)
06-08 17:52:16.361  3957  3957 F DEBUG   :       #06 pc 00000000000d598c  /data/app/~~FQL1SPy93oJo42KP-BS79g==/com.vibekey.keyboard-Kp0Zo8BQFHzVoAqJ-ISgiw==/lib/arm64/libjni_latinime.so (latinime::Suggest::processDicNodeAsOmission(latinime::DicTraverseSession*, latinime::DicNode*) const+84) (BuildId: f905dbd1a904967a994cf833116e517b05caa863)
06-08 17:52:16.361  3957  3957 F DEBUG   :       #07 pc 00000000000d4a88  /data/app/~~FQL1SPy93oJo42KP-BS79g==/com.vibekey.keyboard-Kp0Zo8BQFHzVoAqJ-ISgiw==/lib/arm64/libjni_latinime.so (latinime::Suggest::expandCurrentDicNodes(latinime::DicTraverseSession*) const+1732) (BuildId: f905dbd1a904967a994cf833116e517b05caa863)
06-08 17:52:16.361  3957  3957 F DEBUG   :       #08 pc 00000000000d3c0c  /data/app/~~FQL1SPy93oJo42KP-BS79g==/com.vibekey.keyboard-Kp0Zo8BQFHzVoAqJ-ISgiw==/lib/arm64/libjni_latinime.so (latinime::Suggest::getSuggestions(latinime::ProximityInfo*, void*, int*, int*, int*, int*, int*, int, float, latinime::SuggestionResults*) const+504) (BuildId: f905dbd1a904967a994cf833116e517b05caa863)
06-08 17:52:16.361  3957  3957 F DEBUG   :       #09 pc 000000000009fd88  /data/app/~~FQL1SPy93oJo42KP-BS79g==/com.vibekey.keyboard-Kp0Zo8BQFHzVoAqJ-ISgiw==/lib/arm64/libjni_latinime.so (BuildId: f905dbd1a904967a994cf833116e517b05caa863)
06-08 17:52:16.361  3957  3957 F DEBUG   :       #10 pc 00000000002c2100  /apex/com.android.art/lib64/libart.so (art_quick_generic_jni_trampoline+144) (BuildId: 7087b2f2160bfbf3335d54ba9779e325)
06-08 17:52:16.361  3957  3957 F DEBUG   :       #11 pc 00000000006692dc  /apex/com.android.art/lib64/libart.so (nterp_helper+3852) (BuildId: 7087b2f2160bfbf3335d54ba9779e325)
06-08 17:52:16.361  3957  3957 F DEBUG   :       #12 pc 000000000021fa08  /data/app/~~FQL1SPy93oJo42KP-BS79g==/com.vibekey.keyboard-Kp0Zo8BQFHzVoAqJ-ISgiw==/oat/arm64/base.vdex (com.android.inputmethod.latin.BinaryDictionary.p+572)
06-08 17:52:16.361  3957  3957 F DEBUG   :       #13 pc 0000000000669a28  /apex/com.android.art/lib64/libart.so (nterp_helper+5720) (BuildId: 7087b2f2160bfbf3335d54ba9779e325)
06-08 17:52:16.361  3957  3957 F DEBUG   :       #14 pc 000000000021f786  /data/app/~~FQL1SPy93oJo42KP-BS79g==/com.vibekey.keyboard-Kp0Zo8BQFHzVoAqJ-ISgiw==/oat/arm64/base.vdex (com.android.inputmethod.latin.BinaryDictionary.c+2)
06-08 17:52:16.361  3957  3957 F DEBUG   :       #15 pc 0000000000669a28  /apex/com.android.art/lib64/libart.so (nterp_helper+5720) (BuildId: 7087b2f2160bfbf3335d54ba9779e325)
06-08 17:52:16.361  3957  3957 F DEBUG   :       #16 pc 0000000000ad69ea  /data/app/~~FQL1SPy93oJo42KP-BS79g==/com.vibekey.keyboard-Kp0Zo8BQFHzVoAqJ-ISgiw==/oat/arm64/base.vdex (v7.j.c+50)
06-08 17:52:16.361  3957  3957 F DEBUG   :       #17 pc 0000000000669a28  /apex/com.android.art/lib64/libart.so (nterp_helper+5720) (BuildId: 7087b2f2160bfbf3335d54ba9779e325)
06-08 17:52:16.361  3957  3957 F DEBUG   :       #18 pc 0000000000ad5bca  /data/app/~~FQL1SPy93oJo42KP-BS79g==/com.vibekey.keyboard-Kp0Zo8BQFHzVoAqJ-ISgiw==/oat/arm64/base.vdex (v7.d.c+150)
06-08 17:52:16.361  3957  3957 F DEBUG   :       #19 pc 0000000000669a28  /apex/com.android.art/lib64/libart.so (nterp_helper+5720) (BuildId: 7087b2f2160bfbf3335d54ba9779e325)
06-08 17:52:16.361  3957  3957 F DEBUG   :       #20 pc 0000000000590f92  /data/app/~~FQL1SPy93oJo42KP-BS79g==/com.vibekey.keyboard-Kp0Zo8BQFHzVoAqJ-ISgiw==/oat/arm64/base.vdex (p7.o.i+390)
06-08 17:52:16.361  3957  3957 F DEBUG   :       #21 pc 0000000000669a28  /apex/com.android.art/lib64/libart.so (nterp_helper+5720) (BuildId: 7087b2f2160bfbf3335d54ba9779e325)
06-08 17:52:16.361  3957  3957 F DEBUG   :       #22 pc 000000000059089e  /data/app/~~FQL1SPy93oJo42KP-BS79g==/com.vibekey.keyboard-Kp0Zo8BQFHzVoAqJ-ISgiw==/oat/arm64/base.vdex (p7.o.h+414)
06-08 17:52:16.361  3957  3957 F DEBUG   :       #23 pc 0000000000669a28  /apex/com.android.art/lib64/libart.so (nterp_helper+5720) (BuildId: 7087b2f2160bfbf3335d54ba9779e325)
06-08 17:52:16.361  3957  3957 F DEBUG   :       #24 pc 00000000005906aa  /data/app/~~FQL1SPy93oJo42KP-BS79g==/com.vibekey.keyboard-Kp0Zo8BQFHzVoAqJ-ISgiw==/oat/arm64/base.vdex (p7.o.g+166)
06-08 17:52:16.361  3957  3957 F DEBUG   :       #25 pc 0000000000669a28  /apex/com.android.art/lib64/libart.so (nterp_helper+5720) (BuildId: 7087b2f2160bfbf3335d54ba9779e325)
06-08 17:52:16.361  3957  3957 F DEBUG   :       #26 pc 000000000059907e  /data/app/~~FQL1SPy93oJo42KP-BS79g==/com.vibekey.keyboard-Kp0Zo8BQFHzVoAqJ-ISgiw==/oat/arm64/base.vdex (p7.i1.c+266)
06-08 17:52:16.361  3957  3957 F DEBUG   :       #27 pc 0000000000669a28  /apex/com.android.art/lib64/libart.so (nterp_helper+5720) (BuildId: 7087b2f2160bfbf3335d54ba9779e325)
06-08 17:52:16.361  3957  3957 F DEBUG   :       #28 pc 0000000000598ede  /data/app/~~FQL1SPy93oJo42KP-BS79g==/com.vibekey.keyboard-Kp0Zo8BQFHzVoAqJ-ISgiw==/oat/arm64/base.vdex (p7.i1.b+2786)
06-08 17:52:16.361  3957  3957 F DEBUG   :       #29 pc 0000000000669a28  /apex/com.android.art/lib64/libart.so (nterp_helper+5720) (BuildId: 7087b2f2160bfbf3335d54ba9779e325)
06-08 17:52:16.361  3957  3957 F DEBUG   :       #30 pc 0000000000addb0a  /data/app/~~FQL1SPy93oJo42KP-BS79g==/com.vibekey.keyboard-Kp0Zo8BQFHzVoAqJ-ISgiw==/oat/arm64/base.vdex (x7.b.m+1458)
06-08 17:52:16.361  3957  3957 F DEBUG   :       #31 pc 0000000000669324  /apex/com.android.art/lib64/libart.so (nterp_helper+3924) (BuildId: 7087b2f2160bfbf3335d54ba9779e325)
06-08 17:52:16.361  3957  3957 F DEBUG   :       #32 pc 000000000019af2e  /data/app/~~FQL1SPy93oJo42KP-BS79g==/com.vibekey.keyboard-Kp0Zo8BQFHzVoAqJ-ISgiw==/oat/arm64/base.vdex (a5.a.run+102)
06-08 17:52:16.361  3957  3957 F DEBUG   :       #33 pc 000000000066a144  /apex/com.android.art/lib64/libart.so (nterp_helper+7540) (BuildId: 7087b2f2160bfbf3335d54ba9779e325)
06-08 17:52:16.361  3957  3957 F DEBUG   :       #34 pc 0000000000ada99c  /data/app/~~FQL1SPy93oJo42KP-BS79g==/com.vibekey.keyboard-Kp0Zo8BQFHzVoAqJ-ISgiw==/oat/arm64/base.vdex (x7.d.handleMessage+28)
06-08 17:52:16.361  3957  3957 F DEBUG   :       #35 pc 000000000205b2d4  /memfd:jit-zygote-cache (deleted)
06-08 18:29:51.369  4004  4004 E AndroidRuntime: FATAL EXCEPTION: main
06-08 18:29:51.369  4004  4004 E AndroidRuntime: Process: com.vibekey.keyboard, PID: 4004
--------- beginning of main
06-09 09:21:16.463  9040  9040 E GeckoView: Failed to detach WindowInsetsListener: 
06-09 09:21:16.463  9040  9040 E GeckoView: java.lang.NullPointerException: Attempt to invoke virtual method 'android.view.Window android.app.Activity.getWindow()' on a null object reference
06-09 09:21:16.463  9040  9040 E GeckoView: 	at org.mozilla.geckoview.GeckoView.detachWindowInsetsListener(r8-map-id-1812f6e7761cb3719f43e0ef67ac123c7a76a2e4c11442f2f87850cc69d3307d:1)
06-09 09:21:16.463  9040  9040 E GeckoView: 	at org.mozilla.geckoview.GeckoView.onDetachedFromWindow(r8-map-id-1812f6e7761cb3719f43e0ef67ac123c7a76a2e4c11442f2f87850cc69d3307d:25)
06-09 09:21:16.463  9040  9040 E GeckoView: 	at helium314.keyboard.latin.panels.ImeGeckoView.onDetachedFromWindow(r8-map-id-1812f6e7761cb3719f43e0ef67ac123c7a76a2e4c11442f2f87850cc69d3307d:1)
06-09 09:21:16.463  9040  9040 E GeckoView: 	at android.view.View.dispatchDetachedFromWindow(View.java:20955)
06-09 09:21:16.463  9040  9040 E GeckoView: 	at android.view.ViewGroup.dispatchDetachedFromWindow(ViewGroup.java:4014)
06-09 09:21:16.463  9040  9040 E GeckoView: 	at android.view.ViewGroup.dispatchDetachedFromWindow(ViewGroup.java:4006)
06-09 09:21:16.463  9040  9040 E GeckoView: 	at android.view.ViewGroup.dispatchDetachedFromWindow(ViewGroup.java:4006)
06-09 09:21:16.463  9040  9040 E GeckoView: 	at android.view.ViewGroup.dispatchDetachedFromWindow(ViewGroup.java:4006)
06-09 09:21:16.463  9040  9040 E GeckoView: 	at android.view.ViewGroup.dispatchDetachedFromWindow(ViewGroup.java:4006)
06-09 09:21:16.463  9040  9040 E GeckoView: 	at android.view.ViewGroup.dispatchDetachedFromWindow(ViewGroup.java:4006)
06-09 09:21:16.463  9040  9040 E GeckoView: 	at android.view.ViewGroup.dispatchDetachedFromWindow(ViewGroup.java:4006)
06-09 09:21:16.463  9040  9040 E GeckoView: 	at android.view.ViewGroup.dispatchDetachedFromWindow(ViewGroup.java:4006)
06-09 09:21:16.463  9040  9040 E GeckoView: 	at android.view.ViewGroup.dispatchDetachedFromWindow(ViewGroup.java:4006)
06-09 09:21:16.463  9040  9040 E GeckoView: 	at android.view.ViewGroup.dispatchDetachedFromWindow(ViewGroup.java:4006)
06-09 09:21:16.463  9040  9040 E GeckoView: 	at android.view.ViewGroup.removeAllViewsInLayout(ViewGroup.java:5872)
06-09 09:21:16.463  9040  9040 E GeckoView: 	at android.view.ViewGroup.removeAllViews(ViewGroup.java:5818)
06-09 09:21:16.463  9040  9040 E GeckoView: 	at android.inputmethodservice.InputMethodService.setInputView(InputMethodService.java:2123)
06-09 09:21:16.463  9040  9040 E GeckoView: 	at helium314.keyboard.latin.LatinIME.setInputView(r8-map-id-1812f6e7761cb3719f43e0ef67ac123c7a76a2e4c11442f2f87850cc69d3307d:1)
06-09 09:21:16.463  9040  9040 E GeckoView: 	at i7.b0.l0(r8-map-id-1812f6e7761cb3719f43e0ef67ac123c7a76a2e4c11442f2f87850cc69d3307d:39)
06-09 09:21:16.463  9040  9040 E GeckoView: 	at i7.b0.m(r8-map-id-1812f6e7761cb3719f43e0ef67ac123c7a76a2e4c11442f2f87850cc69d3307d:98)
06-09 09:21:16.463  9040  9040 E GeckoView: 	at a8.e0.invoke(r8-map-id-1812f6e7761cb3719f43e0ef67ac123c7a76a2e4c11442f2f87850cc69d3307d:393)
06-09 09:21:16.463  9040  9040 E GeckoView: 	at helium314.keyboard.latin.panels.AiThemePanelView.M(r8-map-id-1812f6e7761cb3719f43e0ef67ac123c7a76a2e4c11442f2f87850cc69d3307d:8)
06-09 09:21:16.463  9040  9040 E GeckoView: 	at a8.f1.invoke(r8-map-id-1812f6e7761cb3719f43e0ef67ac123c7a76a2e4c11442f2f87850cc69d3307d:455)
06-09 09:21:16.463  9040  9040 E GeckoView: 	at z7.a.invoke(r8-map-id-1812f6e7761cb3719f43e0ef67ac123c7a76a2e4c11442f2f87850cc69d3307d:108)
06-09 09:21:16.463  9040  9040 E GeckoView: 	at com.google.ads.mediation.d.onAdDismissedFullScreenContent(r8-map-id-1812f6e7761cb3719f43e0ef67ac123c7a76a2e4c11442f2f87850cc69d3307d:15)
06-09 09:21:16.463  9040  9040 E GeckoView: 	at com.google.android.gms.ads.internal.client.zzbe.zzc(r8-map-id-1812f6e7761cb3719f43e0ef67ac123c7a76a2e4c11442f2f87850cc69d3307d:5)
06-09 09:21:16.463  9040  9040 E GeckoView: 	at com.google.android.gms.ads.internal.client.zzcr.zzdD(r8-map-id-1812f6e7761cb3719f43e0ef67ac123c7a76a2e4c11442f2f87850cc69d3307d:26)
06-09 09:21:16.463  9040  9040 E GeckoView: 	at com.google.android.gms.internal.ads.zzaxy.onTransact(r8-map-id-1812f6e7761cb3719f43e0ef67ac123c7a76a2e4c11442f2f87850cc69d3307d:21)
06-09 09:21:16.463  9040  9040 E GeckoView: 	at android.os.Binder.transact(Binder.java:1084)
06-09 09:21:16.463  9040  9040 E GeckoView: 	at m84.bik.bp(:com.google.android.gms.policy_ads_fdr_dynamite@260480608@260480602017.868869642.868869642:8)
06-09 09:21:16.463  9040  9040 E GeckoView: 	at com.google.android.gms.ads.internal.client.by.f(:com.google.android.gms.policy_ads_fdr_dynamite@260480608@260480602017.868869642.868869642:6)
06-09 09:21:16.463  9040  9040 E GeckoView: 	at com.google.android.gms.ads.nonagon.shim.i.a(:com.google.android.gms.policy_ads_fdr_dynamite@260480608@260480602017.868869642.868869642:3)
06-09 09:21:16.463  9040  9040 E GeckoView: 	at com.google.android.gms.ads.nonagon.slot.common.p.a(:com.google.android.gms.policy_ads_fdr_dynamite@260480608@260480602017.868869642.868869642:8)
06-09 09:21:16.463  9040  9040 E GeckoView: 	at com.google.android.gms.ads.nonagon.shim.aa.bx(:com.google.android.gms.policy_ads_fdr_dynamite@260480608@260480602017.868869642.868869642:18)
06-09 09:21:16.463  9040  9040 E GeckoView: 	at com.google.android.gms.ads.nonagon.ad.event.ab.a(:com.google.android.gms.policy_ads_fdr_dynamite@260480608@260480602017.868869642.868869642:3)
06-09 09:21:16.463  9040  9040 E GeckoView: 	at com.google.android.gms.ads.nonagon.ad.event.ej.run(:com.google.android.gms.policy_ads_fdr_dynamite@260480608@260480602017.868869642.868869642:5)
06-09 09:21:16.464  9040  9040 E GeckoView: 	at com.google.android.gms.ads.internal.util.future.c.execute(:com.google.android.gms.policy_ads_fdr_dynamite@260480608@260480602017.868869642.868869642:15)
06-09 09:21:16.464  9040  9040 E GeckoView: 	at com.google.android.gms.ads.internal.util.future.d.execute(:com.google.android.gms.policy_ads_fdr_dynamite@260480608@260480602017.868869642.868869642:3)
06-09 09:21:16.464  9040  9040 E GeckoView: 	at com.google.android.gms.ads.nonagon.ad.event.el.y(:com.google.android.gms.policy_ads_fdr_dynamite@260480608@260480602017.868869642.868869642:39)
06-09 09:21:16.464  9040  9040 E GeckoView: 	at com.google.android.gms.ads.nonagon.ad.event.el.C(:com.google.android.gms.policy_ads_fdr_dynamite@260480608@260480602017.868869642.868869642:6)
06-09 09:21:16.464  9040  9040 E GeckoView: 	at com.google.android.gms.ads.nonagon.ad.common.w.m(:com.google.android.gms.policy_ads_fdr_dynamite@260480608@260480602017.868869642.868869642:15)
06-09 09:21:16.464  9040  9040 E GeckoView: 	at com.google.android.gms.ads.nonagon.ad.common.w.bH(:com.google.android.gms.policy_ads_fdr_dynamite@260480608@260480602017.868869642.868869642:7)
06-09 09:21:16.464  9040  9040 E GeckoView: 	at com.google.android.gms.ads.nonagon.ad.event.az.a(:com.google.android.gms.policy_ads_fdr_dynamite@260480608@260480602017.868869642.868869642:5)
06-09 09:21:16.464  9040  9040 E GeckoView: 	at com.google.android.gms.ads.nonagon.ad.event.ej.run(:com.google.android.gms.policy_ads_fdr_dynamite@260480608@260480602017.868869642.868869642:5)
06-09 09:21:16.464  9040  9040 E GeckoView: 	at m84.dve.execute(:com.google.android.gms.policy_ads_fdr_dynamite@260480608@260480602017.868869642.868869642:1)
06-09 09:21:16.464  9040  9040 E GeckoView: 	at com.google.android.gms.ads.internal.util.future.d.execute(:com.google.android.gms.policy_ads_fdr_dynamite@260480608@260480602017.868869642.868869642:3)
06-09 09:21:16.464  9040  9040 E GeckoView: 	at com.google.android.gms.ads.nonagon.ad.event.el.y(:com.google.android.gms.policy_ads_fdr_dynamite@260480608@260480602017.868869642.868869642:39)
06-09 09:21:16.464  9040  9040 E GeckoView: 	at com.google.android.gms.ads.nonagon.ad.event.el.bH(:com.google.android.gms.policy_ads_fdr_dynamite@260480608@260480602017.868869642.868869642:7)
06-09 09:21:16.464  9040  9040 E GeckoView: 	at com.google.android.gms.ads.nonagon.ad.interstitial.ag.bH(:com.google.android.gms.policy_ads_fdr_dynamite@260480608@260480602017.868869642.868869642:3)
06-09 09:21:16.464  9040  9040 E GeckoView: 	at com.google.android.gms.ads.internal.overlay.m.r(:com.google.android.gms.policy_ads_fdr_dynamite@260480608@260480602017.868869642.868869642:131)
06-09 09:21:16.464  9040  9040 E GeckoView: 	at com.google.android.gms.ads.internal.overlay.m.A(:com.google.android.gms.policy_ads_fdr_dynamite@260480608@260480602017.868869642.868869642:109)
06-09 09:21:16.464  9040  9040 E GeckoView: 	at com.google.android.gms.ads.internal.overlay.m.g(:com.google.android.gms.policy_ads_fdr_dynamite@260480608@260480602017.868869642.868869642:50)
06-09 09:21:16.464  9040  9040 E GeckoView: 	at com.google.android.gms.ads.internal.overlay.client.a.br(:com.google.android.gms.policy_ads_fdr_dynamite@260480608@260480602017.868869642.868869642:165)
06-09 09:21:16.464  9040  9040 E GeckoView: 	at m84.bil.onTransact(:com.google.android.gms.policy_ads_fdr_dynamite@260480608@260480602017.868869642.868869642:21)
06-09 09:21:16.464  9040  9040 E GeckoView: 	at android.os.Binder.transact(Binder.java:1084)
06-09 09:21:16.464  9040  9040 E GeckoView: 	at com.google.android.gms.internal.ads.zzaxx.zzda(r8-map-id-1812f6e7761cb3719f43e0ef67ac123c7a76a2e4c11442f2f87850cc69d3307d:8)
06-09 09:21:16.464  9040  9040 E GeckoView: 	at com.google.android.gms.internal.ads.zzbsw.zzo(r8-map-id-1812f6e7761cb3719f43e0ef67ac123c7a76a2e4c11442f2f87850cc69d3307d:6)
06-09 09:21:16.464  9040  9040 E GeckoView: 	at com.google.android.gms.ads.AdActivity.onPause(r8-map-id-1812f6e7761cb3719f43e0ef67ac123c7a76a2e4c11442f2f87850cc69d3307d:5)
06-09 09:21:16.464  9040  9040 E GeckoView: 	at android.app.Activity.performPause(Activity.java:8324)
06-09 09:21:16.464  9040  9040 E GeckoView: 	at android.app.Instrumentation.callActivityOnPause(Instrumentation.java:1545)
06-09 09:21:16.464  9040  9040 E GeckoView: 	at android.app.ActivityThread.performPauseActivityIfNeeded(ActivityThread.java:5247)
06-09 09:21:16.464  9040  9040 E GeckoView: 	at android.app.ActivityThread.performPauseActivity(ActivityThread.java:5208)
06-09 09:21:16.464  9040  9040 E GeckoView: 	at android.app.ActivityThread.handlePauseActivity(ActivityThread.java:5155)
06-09 09:21:16.464  9040  9040 E GeckoView: 	at android.app.servertransaction.PauseActivityItem.execute(PauseActivityItem.java:53)
06-09 09:21:16.464  9040  9040 E GeckoView: 	at android.app.servertransaction.ActivityTransactionItem.execute(ActivityTransactionItem.java:45)
06-09 09:21:16.464  9040  9040 E GeckoView: 	at android.app.servertransaction.TransactionExecutor.executeLifecycleState(TransactionExecutor.java:176)
06-09 09:21:16.464  9040  9040 E GeckoView: 	at android.app.servertransaction.TransactionExecutor.execute(TransactionExecutor.java:97)
06-09 09:21:16.464  9040  9040 E GeckoView: 	at android.app.ActivityThread$H.handleMessage(ActivityThread.java:2345)
06-09 09:21:16.464  9040  9040 E GeckoView: 	at android.os.Handler.dispatchMessage(Handler.java:106)
06-09 09:21:16.464  9040  9040 E GeckoView: 	at android.os.Looper.loopOnce(Looper.java:233)
06-09 09:21:16.464  9040  9040 E GeckoView: 	at android.os.Looper.loop(Looper.java:344)
06-09 09:21:16.464  9040  9040 E GeckoView: 	at android.app.ActivityThread.main(ActivityThread.java:8212)
06-09 09:21:16.464  9040  9040 E GeckoView: 	at java.lang.reflect.Method.invoke(Native Method)
06-09 09:21:16.464  9040  9040 E GeckoView: 	at com.android.internal.os.RuntimeInit$MethodAndArgsCaller.run(RuntimeInit.java:584)
06-09 09:21:16.464  9040  9040 E GeckoView: 	at com.android.internal.os.ZygoteInit.main(ZygoteInit.java:1034)
06-09 09:21:16.518  9040  9163 W ServiceBindIntentUtils: Dynamic lookup for intent failed for action: com.google.android.gms.ads.service.CACHE
06-09 09:21:16.568  9040  9040 W View    : requestLayout() improperly called by android.widget.LinearLayout{e958e8a V.E...... ......ID 0,1132-1440,2818 #7f0a010d app:id/input_view_keyboard_column} during layout: running second layout pass
06-09 09:21:16.568  9040  9040 W View    : requestLayout() improperly called by android.widget.LinearLayout{fd7ecfb V.E...... ......ID 0,0-1440,1686 #7f0a011c app:id/main_keyboard_frame} during layout: running second layout pass
06-09 09:21:16.633  9040 32601 W ServiceBindIntentUtils: Dynamic lookup for intent failed for action: com.google.android.gms.ads.service.START
06-09 09:21:16.732  9040 31632 W Ads     : Not retrying to fetch app settings
06-09 09:21:16.777  9040  9040 I VkTyping: ▶ open restart=false pkg=com.vibekey.keyboard inputType=0
06-09 09:21:16.787  9040  9040 E RichInputConnection: Unable to connect to the editor to retrieve text.
06-09 09:21:16.787  9040  9040 E RichInputConnection: Unable to connect to the editor to retrieve text.
06-09 09:21:16.787  9040  9040 W RichInputConnection: Unable to connect to the editor. Setting caps mode without knowing text.
06-09 09:21:16.822  9040  9112 E BLASTBufferQueue: BLASTBufferItemConsumer::onDisconnect()
06-09 09:21:16.852  9040  9040 I VkTyping: ○ hidden
06-09 09:21:16.857  9040  9040 I VkTyping: ▶ open restart=false pkg=com.android.launcher inputType=589825
06-09 09:21:16.991  9040  9112 E BLASTBufferQueue: BLASTBufferItemConsumer::onDisconnect()
06-09 09:21:17.044  9040  9112 E BLASTBufferQueue: BLASTBufferItemConsumer::onDisconnect()
06-09 09:21:17.049  9040  9112 E BLASTBufferQueue: BLASTBufferItemConsumer::onDisconnect()
06-09 09:21:18.763 25196 26031 I OnDeviceAssist: warm ok model=qwen2.5-0.5b-instruct-q4_0.gguf ambient=40 chars 969ms
06-09 09:21:19.800  9040  9040 I SpaceAssistPopup: ○ send ready=false outChars=0
06-09 09:21:19.800  9040  9040 I VkPanels: ▶ open ai_theme
06-09 09:21:23.438  9040  9040 I SpaceAssistPopup: ○ send ready=false outChars=0
06-09 09:21:23.438  9040  9040 I VkPanels: ▶ open ai_theme
06-09 09:21:24.471  9040  9040 I VkPanels: ▶ open effects
06-09 09:21:24.536  9040  9040 I VkEffects: ▶ panel tab=tint
--------- beginning of system
06-09 09:21:24.569  9040  9379 E ActivityThread: Failed to find provider info for com.oplus.statistics.provider
06-09 09:21:24.569  9040  9379 E OplusStatistics--: IllegalArgumentException:java.lang.IllegalArgumentException: Unknown URL content://com.oplus.statistics.provider/track_event
06-09 09:21:24.611  9040  9227 E GeckoConsole: [JavaScript Error: "TypeError: can't access property "WindowEventDispatcher", win is null" {file: "resource://gre/modules/GeckoViewSessionStore.sys.mjs" line: 149}]
06-09 09:21:24.611  9040  9227 E GeckoConsole: onTabStateUpdate@resource://gre/modules/GeckoViewSessionStore.sys.mjs:149:5
06-09 09:21:24.611  9040  9227 E GeckoConsole: updateSessionStoreFromTabListener@resource://gre/modules/GeckoViewSessionStore.sys.mjs:243:10
06-09 09:21:25.768  9040  9040 I VkEffects: → tab backdrop
06-09 09:21:26.830  9040  9040 I VkEffects: set Efeito glicemia=none
06-09 09:21:26.882  9040  9040 I VkEffects: apply (panel)
06-09 09:21:31.626  9040  9075 I VkSuggestions: decode typedLen=1 candidates=18 locales=1 8,6ms
06-09 09:21:31.627  9040  9075 I VkSuggestions: strip composing typedLen=1 candidates=19 autocorrect=false top=y locale=pt
06-09 09:21:31.689  9040  9040 I SpaceAssistPopup: ○ typing idle scheduled
06-09 09:21:31.797  9040  9075 I VkSuggestions: decode typedLen=2 candidates=18 locales=1 6,6ms
06-09 09:21:31.799  9040  9075 I VkSuggestions: strip composing typedLen=2 candidates=18 autocorrect=false top=yy locale=pt
06-09 09:21:31.848  9040  9040 I SpaceAssistPopup: ○ typing idle scheduled
06-09 09:21:31.905  9040  9040 I SpaceAssistPopup: ○ typing idle scheduled
06-09 09:21:32.011  9040  9075 I VkSuggestions: decode typedLen=4 candidates=18 locales=1 5,7ms
06-09 09:21:32.013  9040  9075 I VkSuggestions: strip composing typedLen=4 candidates=19 autocorrect=false top=yyei locale=pt
06-09 09:21:32.091  9040  9040 I SpaceAssistPopup: ○ typing idle scheduled
06-09 09:21:32.204  9040  9075 I VkSuggestions: decode typedLen=5 candidates=18 locales=1 3,7ms
06-09 09:21:32.206  9040  9075 I VkSuggestions: strip composing typedLen=5 candidates=18 autocorrect=false top=yyeiu locale=pt
06-09 09:21:32.252  9040  9040 I SpaceAssistPopup: ○ typing idle scheduled
06-09 09:21:32.265  9040  9040 I SpaceAssistPopup: ○ typing idle scheduled
06-09 09:21:32.375  9040  9075 I VkSuggestions: decode typedLen=7 candidates=18 locales=1 8,0ms
06-09 09:21:32.377  9040  9075 I VkSuggestions: strip composing typedLen=7 candidates=19 autocorrect=false top=yyeiueu locale=pt
06-09 09:21:32.817  9040  9040 I SpaceAssistPopup: ▶ generate prompt shown fieldChars=7
06-09 09:21:32.818  9040  9040 I SpaceAssistPopup: ▶ overlay show: generate_prompt
06-09 09:21:32.833 25196 25218 I OnDeviceAssist: warm ok model=qwen2.5-0.5b-instruct-q4_0.gguf ambient=40 chars 0ms
06-09 09:21:33.152  9040  9040 I SpaceAssistPopup: ○ typing idle scheduled
06-09 09:21:33.215  9040  9040 I SpaceAssistPopup: ○ typing idle scheduled
06-09 09:21:33.249  9040  9040 I SpaceAssistPopup: ○ typing idle scheduled
06-09 09:21:33.301  9040  9040 I SpaceAssistPopup: ○ overlay hide: typing
06-09 09:21:33.302  9040  9040 I SpaceAssistPopup: ○ typing idle scheduled
06-09 09:21:33.352  9040  9040 I SpaceAssistPopup: ○ typing idle scheduled
06-09 09:21:33.408  9040  9040 I SpaceAssistPopup: ○ typing idle scheduled
06-09 09:21:33.556  9040  9040 I SpaceAssistPopup: ○ typing idle scheduled
06-09 09:21:33.572  9040  9040 I SpaceAssistPopup: ○ typing idle scheduled
06-09 09:21:33.616  9040  9040 I SpaceAssistPopup: ○ typing idle scheduled
06-09 09:21:33.674  9040  9040 I SpaceAssistPopup: ○ typing idle scheduled
06-09 09:21:33.725  9040  9040 I SpaceAssistPopup: ○ typing idle scheduled
06-09 09:21:34.945  9040  9075 I VkSuggestions: decode typedLen=1 candidates=18 locales=1 13,2ms
06-09 09:21:34.946  9040  9075 I VkSuggestions: strip composing typedLen=1 candidates=19 autocorrect=false top=h locale=pt
06-09 09:21:35.039  9040  9040 I SpaceAssistPopup: ○ typing idle scheduled
06-09 09:21:35.147  9040  9075 I VkSuggestions: decode typedLen=2 candidates=18 locales=1 8,1ms
06-09 09:21:35.148  9040  9075 I VkSuggestions: strip composing typedLen=2 candidates=18 autocorrect=false top=ho locale=pt
06-09 09:21:35.236  9040  9040 I SpaceAssistPopup: ○ typing idle scheduled
06-09 09:21:35.331  9040  9040 I SpaceAssistPopup: ○ typing idle scheduled
06-09 09:21:35.444  9040  9075 I VkSuggestions: decode typedLen=4 candidates=18 locales=1 13,3ms
06-09 09:21:35.446  9040  9075 I VkSuggestions: strip composing typedLen=4 candidates=18 autocorrect=false top=hope locale=pt
06-09 09:21:35.644  9040  9040 I VkAutocorrect: kept (typing): hope
06-09 09:21:35.645  9040  9040 I SpaceAssistPopup: ○ typing idle scheduled
06-09 09:21:35.749  9040  9075 I VkSuggestions: strip prediction typedLen=0 candidates=1 autocorrect=false top=all locale=pt
06-09 09:21:35.973  9040  9040 I SpaceAssistPopup: ○ typing idle scheduled
06-09 09:21:36.082  9040  9075 I VkSuggestions: decode typedLen=1 candidates=18 locales=1 8,1ms
06-09 09:21:36.083  9040  9075 I VkSuggestions: strip composing typedLen=1 candidates=18 autocorrect=false top=a locale=pt
06-09 09:21:36.137  9040  9040 I SpaceAssistPopup: ○ typing idle scheduled
06-09 09:21:36.245  9040  9075 I VkSuggestions: decode typedLen=2 candidates=18 locales=1 7,2ms
06-09 09:21:36.246  9040  9075 I VkSuggestions: strip composing typedLen=2 candidates=18 autocorrect=false top=al locale=pt
06-09 09:21:36.290  9040  9040 I SpaceAssistPopup: ○ typing idle scheduled
06-09 09:21:36.400  9040  9075 W VibeKeyProfiler: Slow Native Suggest: Total=8.51ms | Init=0.16ms | TrieExpand(x17)=8.32ms | Scoring=0.04ms | inputSize=3
06-09 09:21:36.405  9040  9075 I VkSuggestions: decode typedLen=3 candidates=18 locales=1 13,6ms
06-09 09:21:36.406  9040  9075 I VkSuggestions: strip composing typedLen=3 candidates=17 autocorrect=false top=all locale=pt
06-09 09:21:36.491  9040  9040 I SpaceAssistPopup: ○ typing idle scheduled
06-09 09:21:36.606  9040  9075 W VibeKeyProfiler: Slow Native Suggest: Total=14.82ms | Init=0.29ms | TrieExpand(x13)=14.49ms | Scoring=0.04ms | inputSize=4
06-09 09:21:36.618  9040  9075 W VibeKeyProfiler: Slow Native Suggest: Total=10.61ms | Init=0.15ms | TrieExpand(x16)=10.41ms | Scoring=0.05ms | inputSize=4
06-09 09:21:36.619  9040  9075 I VkSuggestions: decode typedLen=4 candidates=18 locales=1 27,4ms
06-09 09:21:36.619  9040  9075 W VkSuggestions: slow frame 27,4ms locales=1 typedLen=4 candidates=18
06-09 09:21:36.622  9040  9075 I VkSuggestions: strip composing typedLen=4 candidates=19 autocorrect=false top=allo locale=pt
06-09 09:21:36.753  9040  9040 I VkAutocorrect: kept (typing): allo
06-09 09:21:36.755  9040  9040 I SpaceAssistPopup: ○ typing idle scheduled
06-09 09:21:37.535  9040  9040 I SpaceAssistPopup: ○ typing idle scheduled
06-09 09:21:37.650  9040  9075 W VibeKeyProfiler: Slow Native Suggest: Total=13.25ms | Init=0.43ms | TrieExpand(x17)=12.78ms | Scoring=0.04ms | inputSize=3
06-09 09:21:37.662  9040  9075 W VibeKeyProfiler: Slow Native Suggest: Total=11.23ms | Init=0.48ms | TrieExpand(x16)=10.69ms | Scoring=0.05ms | inputSize=3
06-09 09:21:37.663  9040  9075 I VkSuggestions: decode typedLen=3 candidates=18 locales=1 26,7ms
06-09 09:21:37.664  9040  9075 W VkSuggestions: slow frame 26,7ms locales=1 typedLen=3 candidates=18
06-09 09:21:37.665  9040  9075 I VkSuggestions: strip composing typedLen=3 candidates=17 autocorrect=false top=all locale=pt
06-09 09:21:37.793  9040  9040 I VkAutocorrect: kept (typing): all
06-09 09:21:37.794  9040  9040 I SpaceAssistPopup: ○ typing idle scheduled
06-09 09:21:37.896  9040  9075 I VkSuggestions: strip prediction typedLen=0 candidates=1 autocorrect=false top=is locale=pt
06-09 09:21:38.146  9040  9040 I SpaceAssistPopup: ○ typing idle scheduled
06-09 09:21:38.233  9040  9040 I SpaceAssistPopup: ○ typing idle scheduled
06-09 09:21:38.342  9040  9075 I VkSuggestions: decode typedLen=2 candidates=18 locales=1 8,5ms
06-09 09:21:38.344  9040  9075 I VkSuggestions: strip composing typedLen=2 candidates=18 autocorrect=false top=is locale=pt
06-09 09:21:38.369  9040  9040 I SpaceAssistPopup: ○ typing idle scheduled
06-09 09:21:38.479  9040  9075 I VkSuggestions: decode typedLen=3 candidates=18 locales=1 8,8ms
06-09 09:21:38.480  9040  9075 I VkSuggestions: strip composing typedLen=3 candidates=19 autocorrect=false top=isb locale=pt
06-09 09:21:38.487  9040  9040 I SpaceAssistPopup: ○ typing idle scheduled
06-09 09:21:38.607  9040  9075 I VkSuggestions: decode typedLen=4 candidates=18 locales=1 7,7ms
06-09 09:21:38.608  9040  9075 I VkSuggestions: strip composing typedLen=4 candidates=19 autocorrect=false top=isbw locale=pt
06-09 09:21:38.673  9040  9040 I SpaceAssistPopup: ○ typing idle scheduled
06-09 09:21:38.743  9040  9040 I SpaceAssistPopup: ○ typing idle scheduled
06-09 09:21:38.850  9040  9075 I VkSuggestions: decode typedLen=6 candidates=17 locales=1 5,5ms
06-09 09:21:38.851  9040  9075 I VkSuggestions: strip composing typedLen=6 candidates=18 autocorrect=false top=isbwel locale=pt
06-09 09:21:38.913  9040  9040 I SpaceAssistPopup: ○ typing idle scheduled
06-09 09:21:39.020  9040  9075 I VkSuggestions: decode typedLen=7 candidates=18 locales=1 5,5ms
06-09 09:21:39.022  9040  9075 I VkSuggestions: strip composing typedLen=7 candidates=19 autocorrect=false top=isbwell locale=pt
06-09 09:21:39.470  9040  9040 I SpaceAssistPopup: ▶ generate prompt shown fieldChars=16
06-09 09:21:39.471  9040  9040 I SpaceAssistPopup: ▶ overlay show: generate_prompt
06-09 09:21:39.483 25196 26032 I OnDeviceAssist: warm ok model=qwen2.5-0.5b-instruct-q4_0.gguf ambient=40 chars 0ms
06-09 09:21:40.564  9040  9040 I SpaceAssistPopup: ○ overlay hide: typing
06-09 09:21:40.566  9040  9040 I SpaceAssistPopup: ○ typing idle scheduled
06-09 09:21:40.612  9040  9040 I SpaceAssistPopup: ○ typing idle scheduled
06-09 09:21:40.664  9040  9040 I SpaceAssistPopup: ○ typing idle scheduled
