--------- beginning of system
06-03 16:08:30.538 27978 27978 E OplusCustomizeRestrictionManager: sInstance is null, start a new sInstance
06-03 16:09:27.397 27978 29194 E ActivityThread: Failed to find provider info for com.oplus.statistics.provider
06-03 16:09:27.397 27978 29194 E OplusStatistics--: IllegalArgumentException:java.lang.IllegalArgumentException: Unknown URL content://com.oplus.statistics.provider/track_event
06-03 16:11:46.389 27978 29194 E ActivityThread: Failed to find provider info for com.oplus.statistics.provider
06-03 16:11:46.389 27978 29194 E OplusStatistics--: IllegalArgumentException:java.lang.IllegalArgumentException: Unknown URL content://com.oplus.statistics.provider/track_event
06-03 16:13:13.623 27978 29194 E ActivityThread: Failed to find provider info for com.oplus.statistics.provider
06-03 16:13:13.623 27978 29194 E OplusStatistics--: IllegalArgumentException:java.lang.IllegalArgumentException: Unknown URL content://com.oplus.statistics.provider/track_event
06-03 16:13:17.214  8514  8514 E OplusCustomizeRestrictionManager: sInstance is null, start a new sInstance
06-03 16:13:43.739  8514 10277 E ActivityThread: Failed to find provider info for com.oplus.statistics.provider
06-03 16:13:43.740  8514 10277 E OplusStatistics--: IllegalArgumentException:java.lang.IllegalArgumentException: Unknown URL content://com.oplus.statistics.provider/track_event
06-03 16:14:07.995  8514 10277 E ActivityThread: Failed to find provider info for com.oplus.statistics.provider
06-03 16:14:07.995  8514 10277 E OplusStatistics--: IllegalArgumentException:java.lang.IllegalArgumentException: Unknown URL content://com.oplus.statistics.provider/track_event
06-03 16:14:28.959  8514 10277 E ActivityThread: Failed to find provider info for com.oplus.statistics.provider
06-03 16:14:28.960  8514 10277 E OplusStatistics--: IllegalArgumentException:java.lang.IllegalArgumentException: Unknown URL content://com.oplus.statistics.provider/track_event
--------- beginning of main
06-03 16:14:57.043  8514  8748 W VibeKeyProfiler: Slow Native Suggest: Total=8.68ms | Init=0.02ms | TrieExpand(x15)=8.64ms | Scoring=0.02ms | inputSize=3
06-03 16:14:57.048  8514  8550 W VibeKeyProfiler: Slow Kotlin Suggest: Total=23.85ms | locales=2 | typedLen=0 | candidates=18 parallelWait=23.71ms
06-03 16:14:57.147  8514  8550 W VibeKeyProfiler: Slow Kotlin Suggest: Total=21.28ms | locales=2 | typedLen=2 | candidates=17 parallelWait=20.67ms
06-03 16:14:57.171  8514  8550 W VibeKeyProfiler: Slow Kotlin Suggest: Total=22.88ms | locales=2 | typedLen=0 | candidates=18 parallelWait=22.74ms
06-03 16:14:57.377  8514  8550 W VibeKeyProfiler: Slow Kotlin Suggest: Total=17.31ms | locales=2 | typedLen=2 | candidates=17 parallelWait=17.11ms
06-03 16:14:57.395  8514  8550 W VibeKeyProfiler: Slow Kotlin Suggest: Total=17.29ms | locales=2 | typedLen=0 | candidates=18 parallelWait=17.12ms
06-03 16:14:57.616  8514  8550 W VibeKeyProfiler: Slow Kotlin Suggest: Total=21.54ms | locales=2 | typedLen=3 | candidates=18 parallelWait=21.39ms
06-03 16:14:57.634  8514  8550 W VibeKeyProfiler: Slow Kotlin Suggest: Total=17.15ms | locales=2 | typedLen=0 | candidates=18 parallelWait=17.02ms
06-03 16:14:57.966  8514  8550 W VibeKeyProfiler: Slow Kotlin Suggest: Total=19.29ms | locales=2 | typedLen=5 | candidates=18 parallelWait=19.14ms
06-03 16:14:57.985  8514  8550 W VibeKeyProfiler: Slow Kotlin Suggest: Total=18.76ms | locales=2 | typedLen=0 | candidates=18 parallelWait=18.60ms
06-03 16:14:58.022  8514  8550 W VibeKeyProfiler: Slow Kotlin Suggest: Total=19.43ms | locales=2 | typedLen=0 | candidates=18 parallelWait=19.30ms
06-03 16:14:59.705  8514  8550 W VibeKeyProfiler: Slow Kotlin Suggest: Total=19.08ms | locales=2 | typedLen=1 | candidates=18 parallelWait=18.94ms
06-03 16:15:02.112  8514  8550 W VibeKeyProfiler: Slow Native Suggest: Total=9.68ms | Init=0.25ms | TrieExpand(x31)=9.40ms | Scoring=0.03ms | inputSize=1
06-03 16:15:02.125  8514  8550 W VibeKeyProfiler: Slow Kotlin Suggest: Total=22.61ms | locales=2 | typedLen=1 | candidates=18 parallelWait=22.49ms
06-03 16:15:02.297  8514  8550 W VibeKeyProfiler: Slow Kotlin Suggest: Total=19.32ms | locales=2 | typedLen=2 | candidates=18 parallelWait=19.15ms
06-03 16:15:03.786  8514  8550 W VibeKeyProfiler: Slow Native Suggest: Total=11.36ms | Init=0.07ms | TrieExpand(x6)=11.24ms | Scoring=0.05ms | inputSize=11
06-03 16:15:03.791  8514  8550 W VibeKeyProfiler: Slow Kotlin Suggest: Total=17.93ms | locales=2 | typedLen=11 | candidates=16 parallelWait=17.42ms
06-03 16:15:04.047  8514  8550 W VibeKeyProfiler: Slow Native Suggest: Total=9.40ms | Init=0.10ms | TrieExpand(x6)=9.26ms | Scoring=0.04ms | inputSize=12
06-03 16:15:04.072  8514  8748 W VibeKeyProfiler: Slow Native Suggest: Total=12.70ms | Init=0.11ms | TrieExpand(x7)=12.57ms | Scoring=0.02ms | inputSize=12
06-03 16:15:04.072  8514  8550 W VibeKeyProfiler: Slow Kotlin Suggest: Total=39.55ms | locales=2 | typedLen=12 | candidates=18 parallelWait=39.39ms
06-03 16:15:05.103  8514  8550 W VibeKeyProfiler: Slow Native Suggest: Total=11.21ms | Init=0.09ms | TrieExpand(x6)=11.06ms | Scoring=0.06ms | inputSize=14
06-03 16:15:05.119  8514  8748 W VibeKeyProfiler: Slow Native Suggest: Total=8.91ms | Init=0.07ms | TrieExpand(x7)=8.78ms | Scoring=0.06ms | inputSize=14
06-03 16:15:05.122  8514  8550 W VibeKeyProfiler: Slow Kotlin Suggest: Total=35.88ms | locales=2 | typedLen=14 | candidates=18 parallelWait=35.50ms
06-03 16:15:10.023  8514  8514 W b       : Suggestion generation timed out
06-03 16:15:10.033  8514  8550 W VibeKeyProfiler: Slow Kotlin Suggest: Total=210.32ms | locales=2 | typedLen=1 | candidates=18 parallelWait=210.15ms
06-03 16:15:10.254 11567 11567 E libcrashpad_handler_trampoline.so: createInstance(64bit) : createExtendedFactory
06-03 16:15:10.258 11567 11567 E libcrashpad_handler_trampoline.so: createInstance(64bit) : createExtendedFactory
06-03 16:15:10.258 11567 11567 E libcrashpad_handler_trampoline.so: Opened libinputextensionsimpl.so
06-03 16:15:10.258 11567 11567 E libcrashpad_handler_trampoline.so: Opened libinputextensionsimpl.so
06-03 16:15:10.261 11567 11567 E libcrashpad_handler_trampoline.so: createInstance(64bit) : createExtendedFactory
06-03 16:15:10.262 11567 11567 E libcrashpad_handler_trampoline.so: createInstance(64bit) : createExtendedFactory
06-03 16:15:10.262 11567 11567 E libcrashpad_handler_trampoline.so: Opened libsensorextimpl.so
06-03 16:15:10.262 11567 11567 E libcrashpad_handler_trampoline.so: Opened libsensorextimpl.so
06-03 16:15:10.337  8514  8550 W VibeKeyProfiler: Slow Kotlin Suggest: Total=207.04ms | locales=2 | typedLen=2 | candidates=18 parallelWait=206.91ms
06-03 16:15:10.532 11567 11567 E chromium: [0603/161510.531186:ERROR:third_party/crashpad/crashpad/util/process/process_memory_range.cc:75] read out of range
--------- beginning of crash
06-03 16:15:10.789  8514  8540 F libc    : Fatal signal 7 (SIGBUS), code 2 (BUS_ADRERR), fault addr 0x7665277022 in tid 8540 (DefaultDispatch), pid 8514 (AndroidUI)
06-03 16:15:11.070 11572 11572 E DEBUG   : failed to read /proc/uptime: Permission denied
06-03 16:15:12.383 11572 11572 F DEBUG   : Process name is com.vibekey.keyboard, not key_process
06-03 16:15:12.384 11572 11572 F DEBUG   : keyProcess: 0
06-03 16:15:12.384 11572 11572 F DEBUG   : *** *** *** *** *** *** *** *** *** *** *** *** *** *** *** ***
06-03 16:15:12.384 11572 11572 F DEBUG   : Build fingerprint: 'OnePlus/OnePlus7Pro/OnePlus7Pro:12/SKQ1.211113.001/P.202303230244:user/release-keys'
06-03 16:15:12.384 11572 11572 F DEBUG   : Revision: '0'
06-03 16:15:12.384 11572 11572 F DEBUG   : ABI: 'arm64'
06-03 16:15:12.384 11572 11572 F DEBUG   : Timestamp: 2026-06-03 16:15:11.070045514-0400
06-03 16:15:12.384 11572 11572 F DEBUG   : Process uptime: 0s
06-03 16:15:12.384 11572 11572 F DEBUG   : Cmdline: com.vibekey.keyboard
06-03 16:15:12.384 11572 11572 F DEBUG   : pid: 8514, tid: 8540, name: DefaultDispatch  >>> com.vibekey.keyboard <<<
06-03 16:15:12.384 11572 11572 F DEBUG   : uid: 13918
06-03 16:15:12.384 11572 11572 F DEBUG   : signal 7 (SIGBUS), code 2 (BUS_ADRERR), fault addr 0x7665277022
06-03 16:15:12.384 11572 11572 F DEBUG   :     x0  0000000000000000  x1  000000000000215c  x2  0000000000000007  x3  000000768a372da0
06-03 16:15:12.384 11572 11572 F DEBUG   :     x4  000000768a3726a8  x5  000000768a3726a8  x6  000000768a3726a8  x7  0000000000000000
06-03 16:15:12.384 11572 11572 F DEBUG   :     x8  00000000000000f0  x9  db746b027190efc7  x10 0000000000004001  x11 0000000000000000
06-03 16:15:12.384 11572 11572 F DEBUG   :     x12 00000000ffffffff  x13 0000000000000000  x14 0000000000000013  x15 0000000000000001
06-03 16:15:12.384 11572 11572 F DEBUG   :     x16 000000757ca4b410  x17 00000076790b8f10  x18 000000755c444000  x19 0000000000000007
06-03 16:15:12.384 11572 11572 F DEBUG   :     x20 000000768a372da0  x21 0000000000002142  x22 000000768a372d00  x23 0000000000000001
06-03 16:15:12.384 11572 11572 F DEBUG   :     x24 b400006da20b60c0  x25 b4000075bb0a6310  x26 0000000000074680  x27 b400006da20b1980
06-03 16:15:12.384 11572 11572 F DEBUG   :     x28 0000000000000000  x29 000000768a372d20
06-03 16:15:12.384 11572 11572 F DEBUG   :     lr  0000007576c73da0  sp  000000768a372d00  pc  00000076790b8f34  pst 0000000000000000
06-03 16:15:12.384 11572 11572 F DEBUG   : backtrace:
06-03 16:15:12.384 11572 11572 F DEBUG   :       #00 pc 0000000000075f34  /apex/com.android.runtime/lib64/bionic/libc.so (syscall+36) (BuildId: bbbdeb7c87c74f1491f92c6e605095b0)
06-03 16:15:12.384 11572 11572 F DEBUG   :       #01 pc 0000000004062d9c  /data/app/~~0vURfNRJhP5qOxDjXMAdJA==/com.google.android.webview-1jICq8A_gawMkQD3QY60ZA==/base.apk!libwebviewchromium.so (BuildId: 6830cf8493d489d274dd2200dc390799760c2507)
06-03 16:15:12.384 11572 11572 F DEBUG   :       #02 pc 0000000004059518  /data/app/~~0vURfNRJhP5qOxDjXMAdJA==/com.google.android.webview-1jICq8A_gawMkQD3QY60ZA==/base.apk!libwebviewchromium.so (BuildId: 6830cf8493d489d274dd2200dc390799760c2507)
06-03 16:15:12.384 11572 11572 F DEBUG   :       #03 pc 0000000000000638  [vdso] (__kernel_rt_sigreturn+0)
06-03 16:15:12.384 11572 11572 F DEBUG   :       #04 pc 00000000000b62f4  /data/app/~~nrfRb_sMHFNzpH_1euxjPA==/com.vibekey.keyboard-bSQ0643QuvUYAzkFeC6lBQ==/lib/arm64/libjni_latinime.so (latinime::PatriciaTrieReadingUtils::getPtNodeArraySizeAndAdvancePosition(unsigned char const*, int, int*)+44) (BuildId: f905dbd1a904967a994cf833116e517b05caa863)
06-03 16:15:12.384 11572 11572 F DEBUG   :       #05 pc 00000000000b6c2c  /data/app/~~nrfRb_sMHFNzpH_1euxjPA==/com.vibekey.keyboard-bSQ0643QuvUYAzkFeC6lBQ==/lib/arm64/libjni_latinime.so (latinime::PatriciaTriePolicy::createAndGetAllChildDicNodes(latinime::DicNode const*, latinime::DicNodeVector*) const+112) (BuildId: f905dbd1a904967a994cf833116e517b05caa863)
06-03 16:15:12.384 11572 11572 F DEBUG   :       #06 pc 00000000000d598c  /data/app/~~nrfRb_sMHFNzpH_1euxjPA==/com.vibekey.keyboard-bSQ0643QuvUYAzkFeC6lBQ==/lib/arm64/libjni_latinime.so (latinime::Suggest::processDicNodeAsOmission(latinime::DicTraverseSession*, latinime::DicNode*) const+84) (BuildId: f905dbd1a904967a994cf833116e517b05caa863)
06-03 16:15:12.384 11572 11572 F DEBUG   :       #07 pc 00000000000d4a88  /data/app/~~nrfRb_sMHFNzpH_1euxjPA==/com.vibekey.keyboard-bSQ0643QuvUYAzkFeC6lBQ==/lib/arm64/libjni_latinime.so (latinime::Suggest::expandCurrentDicNodes(latinime::DicTraverseSession*) const+1732) (BuildId: f905dbd1a904967a994cf833116e517b05caa863)
06-03 16:15:12.384 11572 11572 F DEBUG   :       #08 pc 00000000000d3c0c  /data/app/~~nrfRb_sMHFNzpH_1euxjPA==/com.vibekey.keyboard-bSQ0643QuvUYAzkFeC6lBQ==/lib/arm64/libjni_latinime.so (latinime::Suggest::getSuggestions(latinime::ProximityInfo*, void*, int*, int*, int*, int*, int*, int, float, latinime::SuggestionResults*) const+504) (BuildId: f905dbd1a904967a994cf833116e517b05caa863)
06-03 16:15:12.384 11572 11572 F DEBUG   :       #09 pc 000000000009fd88  /data/app/~~nrfRb_sMHFNzpH_1euxjPA==/com.vibekey.keyboard-bSQ0643QuvUYAzkFeC6lBQ==/lib/arm64/libjni_latinime.so (BuildId: f905dbd1a904967a994cf833116e517b05caa863)
06-03 16:15:12.384 11572 11572 F DEBUG   :       #10 pc 00000000002c2100  /apex/com.android.art/lib64/libart.so (art_quick_generic_jni_trampoline+144) (BuildId: 7087b2f2160bfbf3335d54ba9779e325)
06-03 16:15:12.384 11572 11572 F DEBUG   :       #11 pc 00000000020ac338  /memfd:jit-cache (deleted)
06-03 16:15:13.827 11640 11640 E ibekey.keyboar: Unknown bits set in runtime_flags: 0x40000000
06-03 16:15:13.987 11640 11640 W i0      : Could not load system glide typing library jni_latinimegoogle: dlopen failed: library "libjni_latinimegoogle.so" not found
06-03 16:15:14.174 11640 11640 W v       : No editor info for this field. Bug?
06-03 16:15:14.234 11640 11640 W ibekey.keyboar: ClassLoaderContext classpath size mismatch. expected=1, found=0 (DLC[];PCL[base.apk*4009363210]{PCL[/system/framework/org.apache.http.legacy.jar*3034548894]#PCL[/apex/com.android.extservices/javalib/android.ext.adservices.jar*3839736497]#PCL[/system/framework/com.android.location.provider.jar*3633238672]#PCL[/system/framework/com.android.media.remotedisplay.jar*3472798123]#PCL[/apex/com.android.extservices/javalib/android.ext.adservices.jar*3839736497]} | DLC[];PCL[])
06-03 16:15:14.243 11640 11640 W System  : ClassLoader referenced unknown path: 
06-03 16:15:14.254 11640 11640 W ibekey.keyboar: ClassLoaderContext classpath element checksum mismatch. expected=4009363210, found=4240249356 (DLC[];PCL[base.apk*4009363210]{PCL[/system/framework/org.apache.http.legacy.jar*3034548894]#PCL[/apex/com.android.extservices/javalib/android.ext.adservices.jar*3839736497]#PCL[/system/framework/com.android.location.provider.jar*3633238672]#PCL[/system/framework/com.android.media.remotedisplay.jar*3472798123]#PCL[/apex/com.android.extservices/javalib/android.ext.adservices.jar*3839736497]} | DLC[];PCL[/data/app/~~nrfRb_sMHFNzpH_1euxjPA==/com.vibekey.keyboard-bSQ0643QuvUYAzkFeC6lBQ==/base.apk*4240249356]{PCL[/apex/com.android.extservices/javalib/android.ext.adservices.jar*3839736497]})
06-03 16:15:14.449 11640 11640 E ibekey.keyboar: ofbOpen failed with error=No such file or directory
06-03 16:15:14.449 11640 11640 E ibekey.keyboar: sysOpen failed with error=No such file or directory
06-03 16:15:14.482 11640 11698 W Ads     : Update ad debug logging enablement as false
06-03 16:15:14.512 11640 11640 E MultiApp.Impl: OplusMultiAppImpl
06-03 16:15:14.616 11640 11729 W libc    : Access denied finding property "ro.vendor.api_level"
06-03 16:15:14.622 11640 11640 W chromium: [WARNING:android_webview/browser/network_service/net_helpers.cc:137] HTTP Cache size is: 20971520
06-03 16:15:14.704 11640 11640 E OplusCustomizeRestrictionManager: sInstance is null, start a new sInstance
06-03 16:15:14.729 11640 11760 W libc    : Access denied finding property "vendor.camera.aux.packagelist"
06-03 16:15:14.729 11640 11760 W libc    : Access denied finding property "vendor.camera.aux.packagelist"
06-03 16:15:14.729 11640 11713 W libc    : Access denied finding property "vendor.camera.aux.packagelist"
06-03 16:15:15.005 11640 11640 W View    : requestLayout() improperly called by android.widget.LinearLayout{2f24608 V.E...... ......ID 0,1973-1440,2923 #7f0a011b app:id/main_keyboard_frame} during layout: running second layout pass
06-03 16:15:15.067 11640 11741 W cr_media: BLUETOOTH_CONNECT permission is missing.
06-03 16:15:15.067 11640 11741 W cr_media: getBluetoothAdapter() requires BLUETOOTH permission
06-03 16:15:15.067 11640 11741 W cr_media: registerBluetoothIntentsIfNeeded: Requires BLUETOOTH permission
06-03 16:15:15.220 11640 11687 W BrowserGeckoPrewarm: Gecko prewarm error
06-03 16:15:15.220 11640 11687 W BrowserGeckoPrewarm: java.lang.IllegalThreadStateException: Expected thread 2 ("main"), but running on thread 36182 ("DefaultDispatcher-worker-6")
06-03 16:15:15.220 11640 11687 W BrowserGeckoPrewarm: 	at org.mozilla.gecko.util.k.a(r8-map-id-3800f6d44951a68f54bc813a0279d11c7e7041cfdaf5bff3c89ff9a9d4838a62:62)
06-03 16:15:15.220 11640 11687 W BrowserGeckoPrewarm: 	at org.mozilla.gecko.util.k.b(r8-map-id-3800f6d44951a68f54bc813a0279d11c7e7041cfdaf5bff3c89ff9a9d4838a62:3)
06-03 16:15:15.220 11640 11687 W BrowserGeckoPrewarm: 	at org.mozilla.geckoview.GeckoRuntime.create(r8-map-id-3800f6d44951a68f54bc813a0279d11c7e7041cfdaf5bff3c89ff9a9d4838a62:3)
06-03 16:15:15.220 11640 11687 W BrowserGeckoPrewarm: 	at y7.w1.a(r8-map-id-3800f6d44951a68f54bc813a0279d11c7e7041cfdaf5bff3c89ff9a9d4838a62:171)
06-03 16:15:15.220 11640 11687 W BrowserGeckoPrewarm: 	at y7.w1.c(r8-map-id-3800f6d44951a68f54bc813a0279d11c7e7041cfdaf5bff3c89ff9a9d4838a62:54)
06-03 16:15:15.220 11640 11687 W BrowserGeckoPrewarm: 	at i3.a.invokeSuspend(r8-map-id-3800f6d44951a68f54bc813a0279d11c7e7041cfdaf5bff3c89ff9a9d4838a62:37)
06-03 16:15:15.220 11640 11687 W BrowserGeckoPrewarm: 	at t8.a.resumeWith(r8-map-id-3800f6d44951a68f54bc813a0279d11c7e7041cfdaf5bff3c89ff9a9d4838a62:9)
06-03 16:15:15.220 11640 11687 W BrowserGeckoPrewarm: 	at m9.h0.run(r8-map-id-3800f6d44951a68f54bc813a0279d11c7e7041cfdaf5bff3c89ff9a9d4838a62:115)
06-03 16:15:15.220 11640 11687 W BrowserGeckoPrewarm: 	at c5.t.run(r8-map-id-3800f6d44951a68f54bc813a0279d11c7e7041cfdaf5bff3c89ff9a9d4838a62:76)
06-03 16:15:15.220 11640 11687 W BrowserGeckoPrewarm: 	at t9.j.run(r8-map-id-3800f6d44951a68f54bc813a0279d11c7e7041cfdaf5bff3c89ff9a9d4838a62:3)
06-03 16:15:15.220 11640 11687 W BrowserGeckoPrewarm: 	at t9.a.run(r8-map-id-3800f6d44951a68f54bc813a0279d11c7e7041cfdaf5bff3c89ff9a9d4838a62:88)
06-03 16:15:15.223 11640 11751 W AudioCapabilities: Unsupported mime audio/ffmpeg
06-03 16:15:15.224 11640 11751 W VideoCapabilities: Unsupported mime video/ffmpeg
06-03 16:15:15.224 11640 11751 W VideoCapabilities: Unrecognized profile/level 0/3 for video/mpeg2
06-03 16:15:15.225 11640 11751 W VideoCapabilities: Unrecognized profile/level 0/3 for video/mpeg2
06-03 16:15:21.243 11640 11677 W VibeKeyProfiler: Slow Kotlin Suggest: Total=24.18ms | locales=3 | typedLen=1 | candidates=18 parallelWait=23.99ms
06-03 16:15:22.577 11640 11677 W VibeKeyProfiler: Slow Native Suggest: Total=9.11ms | Init=0.10ms | TrieExpand(x4)=8.97ms | Scoring=0.04ms | inputSize=9
06-03 16:15:22.596 11640 11662 W VibeKeyProfiler: Slow Native Suggest: Total=12.81ms | Init=0.08ms | TrieExpand(x4)=12.34ms | Scoring=0.38ms | inputSize=9
06-03 16:15:22.599 11640 11677 W VibeKeyProfiler: Slow Kotlin Suggest: Total=32.32ms | locales=3 | typedLen=9 | candidates=17 parallelWait=31.99ms
06-03 16:15:23.092 11640 11677 W VibeKeyProfiler: Slow Kotlin Suggest: Total=26.78ms | locales=3 | typedLen=2 | candidates=18 parallelWait=26.65ms
06-03 16:15:23.197 11640 11664 W VibeKeyProfiler: Slow Native Suggest: Total=8.75ms | Init=0.04ms | TrieExpand(x15)=8.66ms | Scoring=0.05ms | inputSize=3
06-03 16:15:23.198 11640 11677 W VibeKeyProfiler: Slow Kotlin Suggest: Total=18.13ms | locales=3 | typedLen=3 | candidates=18 parallelWait=18.01ms
06-03 16:15:23.216 11640 11677 W VibeKeyProfiler: Slow Kotlin Suggest: Total=17.28ms | locales=3 | typedLen=0 | candidates=18 parallelWait=17.16ms
06-03 16:15:23.316 11640 11677 W VibeKeyProfiler: Slow Kotlin Suggest: Total=18.18ms | locales=3 | typedLen=3 | candidates=18 parallelWait=18.06ms
06-03 16:15:23.603 11640 11677 W VibeKeyProfiler: Slow Kotlin Suggest: Total=20.00ms | locales=3 | typedLen=4 | candidates=18 parallelWait=19.89ms
06-03 16:15:24.462 11640 11931 E ibekey.keyboar: Attempt to load writable dex file: /data/user/0/com.vibekey.keyboard/app_pccache/5/8EBCAAEC2B76C0A33B03137E81AA4B249A0F4C11/pcam.jar
06-03 16:15:24.463 11640 11640 W AdWorker(Defaul: type=1400 audit(0.0:93648): avc: granted { execute } for path="/data/data/com.vibekey.keyboard/app_pccache/5/8EBCAAEC2B76C0A33B03137E81AA4B249A0F4C11/pcam.jar" dev="dm-2" ino=789159 scontext=u:r:untrusted_app:s0:c78,c271,c512,c768 tcontext=u:object_r:app_data_file:s0:c78,c271,c512,c768 tclass=file app=com.vibekey.keyboard
06-03 16:15:24.482 11640 11929 W ServiceBindIntentUtils: Dynamic lookup for intent failed for action: com.google.android.gms.ads.service.CACHE
06-03 16:15:24.483 11640 11791 W Ads     : Invoke Firebase method getInstance error.
06-03 16:15:24.483 11640 11791 W Ads     : The Google Mobile Ads SDK will not integrate with Firebase. Admob/Firebase integration requires the latest Firebase SDK jar, but Firebase SDK is either missing or out of date
06-03 16:15:24.607 11640 11945 W Ads     : Not retrying to fetch app settings
06-03 16:15:24.609 11640 11948 W Ads     : Not retrying to fetch app settings
06-03 16:15:24.611 11640 11970 W ServiceBindIntentUtils: Dynamic lookup for intent failed for action: com.google.android.gms.ads.service.START
06-03 16:15:25.559 11640 11640 E Ads     : JS: Uncaught TypeError: Cannot read properties of null (reading 's') (https://pagead2.googlesyndication.com/omsdk/releases/live/omsdk-v1.js:27)
06-03 16:15:25.790 11640 11640 E Ads     : JS: Refused to get unsafe header "X-Afma-Gcache-IsGcacheHit" (https://www.gstatic.com/mysidia/38641a442446c53632a4e2bb29a65ad0.js?tag=addon/rewarded_video:434)
06-03 16:15:25.915 11640 11640 E Ads     : JS: Refused to get unsafe header "X-Afma-Gcache-IsGcacheHit" (https://www.gstatic.com/mysidia/38641a442446c53632a4e2bb29a65ad0.js?tag=addon/rewarded_video:434)
06-03 16:15:25.942 11640 11730 W libc    : Access denied finding property "vendor.oplus.media.vpp.stutter"
06-03 16:15:25.943 11640 11730 E MULTIMEDIAConfig: [getInt32:L80] Not find config, Returning default
06-03 16:15:25.943 11640 11730 E MULTIMEDIAConfig: [getInt32:L80] Not find config, Returning default
06-03 16:15:25.943 11640 11730 E OplusACodec: [OplusACodec:204] mSrOsieMMListCheckResult:0x0 mOsieVersion:1
06-03 16:15:25.965 11640 12016 E OplusACodec: [GetVideoCodingTypeFromMime:L1162] mime:video/x-vnd.on2.vp9
06-03 16:15:26.059 11640 11741 W chromium: [WARNING:services/audio/sync_reader.cc:154] ASR: No room in socket buffer.: Broken pipe (32)
06-03 16:15:26.064 11640 11729 W cr_MediaCodecBridge: Releasing: OMX.qcom.video.decoder.vp9
06-03 16:15:26.065 11640 12015 E ExtensionsLoader: freeAllBuffers: 13 buffers were freed while being dequeued!
06-03 16:15:26.066 11640 11729 W cr_MediaCodecBridge: Codec released
06-03 16:15:28.190 11640 11640 W View    : requestLayout() improperly called by android.widget.FrameLayout{9e4d429 V.E...... ......ID 0,1677-1440,1857 #7f0a0087 app:id/browser_nav_footer_float} during layout: running second layout pass
06-03 16:15:28.214 11640 12022 W Settings: Setting animator_duration_scale has moved from android.provider.Settings.System to android.provider.Settings.Global, returning read-only global URI.
06-03 16:15:28.216 11640 11640 E GeckoView: Failed to attach WindowInsetsListener: 
06-03 16:15:28.216 11640 11640 E GeckoView: java.lang.NullPointerException: Attempt to invoke virtual method 'android.view.Window android.app.Activity.getWindow()' on a null object reference
06-03 16:15:28.216 11640 11640 E GeckoView: 	at org.mozilla.geckoview.GeckoView.attachWindowInsetsListener(r8-map-id-3800f6d44951a68f54bc813a0279d11c7e7041cfdaf5bff3c89ff9a9d4838a62:1)
06-03 16:15:28.216 11640 11640 E GeckoView: 	at org.mozilla.geckoview.GeckoView.onAttachedToWindow(r8-map-id-3800f6d44951a68f54bc813a0279d11c7e7041cfdaf5bff3c89ff9a9d4838a62:49)
06-03 16:15:28.216 11640 11640 E GeckoView: 	at android.view.View.dispatchAttachedToWindow(View.java:20900)
06-03 16:15:28.216 11640 11640 E GeckoView: 	at android.view.ViewGroup.dispatchAttachedToWindow(ViewGroup.java:3539)
06-03 16:15:28.216 11640 11640 E GeckoView: 	at android.view.ViewGroup.addViewInner(ViewGroup.java:5378)
06-03 16:15:28.216 11640 11640 E GeckoView: 	at android.view.ViewGroup.addView(ViewGroup.java:5156)
06-03 16:15:28.216 11640 11640 E GeckoView: 	at android.view.ViewGroup.addView(ViewGroup.java:5096)
06-03 16:15:28.216 11640 11640 E GeckoView: 	at helium314.keyboard.latin.panels.BrowserPanelView.Y(r8-map-id-3800f6d44951a68f54bc813a0279d11c7e7041cfdaf5bff3c89ff9a9d4838a62:329)
06-03 16:15:28.216 11640 11640 E GeckoView: 	at helium314.keyboard.latin.panels.BrowserPanelView.G0(r8-map-id-3800f6d44951a68f54bc813a0279d11c7e7041cfdaf5bff3c89ff9a9d4838a62:58)
06-03 16:15:28.216 11640 11640 E GeckoView: 	at c5.t.run(r8-map-id-3800f6d44951a68f54bc813a0279d11c7e7041cfdaf5bff3c89ff9a9d4838a62:622)
06-03 16:15:28.216 11640 11640 E GeckoView: 	at g7.y.onGlobalLayout(r8-map-id-3800f6d44951a68f54bc813a0279d11c7e7041cfdaf5bff3c89ff9a9d4838a62:8)
06-03 16:15:28.216 11640 11640 E GeckoView: 	at android.view.ViewTreeObserver.dispatchOnGlobalLayout(ViewTreeObserver.java:1061)
06-03 16:15:28.216 11640 11640 E GeckoView: 	at android.view.ViewRootImpl.performTraversals(ViewRootImpl.java:3407)
06-03 16:15:28.216 11640 11640 E GeckoView: 	at android.view.ViewRootImpl.doTraversal(ViewRootImpl.java:2305)
06-03 16:15:28.216 11640 11640 E GeckoView: 	at android.view.ViewRootImpl$TraversalRunnable.run(ViewRootImpl.java:9133)
06-03 16:15:28.216 11640 11640 E GeckoView: 	at android.view.Choreographer$CallbackRecord.run(Choreographer.java:1232)
06-03 16:15:28.216 11640 11640 E GeckoView: 	at android.view.Choreographer.doCallbacks(Choreographer.java:1029)
06-03 16:15:28.216 11640 11640 E GeckoView: 	at android.view.Choreographer.doFrame(Choreographer.java:934)
06-03 16:15:28.216 11640 11640 E GeckoView: 	at android.view.Choreographer$FrameDisplayEventReceiver.run(Choreographer.java:1217)
06-03 16:15:28.216 11640 11640 E GeckoView: 	at android.os.Handler.handleCallback(Handler.java:938)
06-03 16:15:28.216 11640 11640 E GeckoView: 	at android.os.Handler.dispatchMessage(Handler.java:99)
06-03 16:15:28.216 11640 11640 E GeckoView: 	at android.os.Looper.loopOnce(Looper.java:233)
06-03 16:15:28.216 11640 11640 E GeckoView: 	at android.os.Looper.loop(Looper.java:344)
06-03 16:15:28.216 11640 11640 E GeckoView: 	at android.app.ActivityThread.main(ActivityThread.java:8212)
06-03 16:15:28.216 11640 11640 E GeckoView: 	at java.lang.reflect.Method.invoke(Native Method)
06-03 16:15:28.216 11640 11640 E GeckoView: 	at com.android.internal.os.RuntimeInit$MethodAndArgsCaller.run(RuntimeInit.java:584)
06-03 16:15:28.216 11640 11640 E GeckoView: 	at com.android.internal.os.ZygoteInit.main(ZygoteInit.java:1034)
06-03 16:15:28.217 11640 12022 E GeckoLibLoad: Load sqlite start
06-03 16:15:28.218 11640 12022 E GeckoLibLoad: Load sqlite done
06-03 16:15:28.218 11640 12022 E GeckoLibLoad: Load nss start
06-03 16:15:28.218 11640 12022 E GeckoLibLoad: Load nss done
06-03 16:15:28.227 11640 12022 E GeckoLibLoad: Loaded libs in 9.487344ms total, 9ms(27ms) user, 0ms(0ms) system, 0(0) faults
06-03 16:15:28.228 11640 12022 W GeckoThread: zerdatime 194571089 - runGecko
06-03 16:15:28.235 11640 11649 W ibekey.keyboar: Cleared Reference was only reachable from finalizer (only reported once)
06-03 16:15:28.242 11640 11640 W View    : requestLayout() improperly called by helium314.keyboard.latin.panels.BrowserPanelView{27dc891 V.E...... ......ID 0,0-1440,2040} during layout: running second layout pass
06-03 16:15:28.264 11640 11640 W View    : requestLayout() improperly called by helium314.keyboard.latin.panels.BrowserPanelView{27dc891 V.E...... ......ID 0,0-1440,2040} during layout: running second layout pass
06-03 16:15:28.269 11640 11640 W View    : requestLayout() improperly called by helium314.keyboard.latin.panels.BrowserPanelView{27dc891 V.E...... ......I. 0,0-1440,2040} during second layout pass: posting in next frame
06-03 16:15:28.271 11640 11640 W View    : requestLayout() improperly called by helium314.keyboard.latin.panels.BrowserPanelView{27dc891 V.E...... ......ID 0,0-1440,2040} during layout: running second layout pass
06-03 16:15:28.276 11640 11640 W View    : requestLayout() improperly called by helium314.keyboard.latin.panels.BrowserPanelView{27dc891 V.E...... ........ 0,0-1440,2040} during second layout pass: posting in next frame
06-03 16:15:28.277 11640 11640 W View    : requestLayout() improperly called by helium314.keyboard.latin.panels.BrowserPanelView{27dc891 V.E...... ......ID 0,0-1440,2040} during layout: running second layout pass
06-03 16:15:28.281 11640 11640 W View    : requestLayout() improperly called by helium314.keyboard.latin.panels.BrowserPanelView{27dc891 V.E...... ........ 0,0-1440,2040} during second layout pass: posting in next frame
06-03 16:15:28.273 11640 11640 W com.vibekey.keyboard: type=1400 audit(0.0:93649): avc: denied { bind } for comm=4E65746C696E6B204D6F6E69746F72 scontext=u:r:untrusted_app:s0:c78,c271,c512,c768 tcontext=u:r:untrusted_app:s0:c78,c271,c512,c768 tclass=netlink_route_socket permissive=0 bug=b/155595000 app=com.vibekey.keyboard
06-03 16:15:28.293 11640 11640 W View    : requestLayout() improperly called by helium314.keyboard.latin.panels.BrowserPanelView{27dc891 V.E...... ......ID 0,0-1440,2040} during layout: running second layout pass
06-03 16:15:28.296 11640 11640 W View    : requestLayout() improperly called by helium314.keyboard.latin.panels.BrowserPanelView{27dc891 V.E...... ........ 0,0-1440,2040} during second layout pass: posting in next frame
06-03 16:15:28.301 11640 12022 E ibekey.keyboar: hiddenapi: Accessing hidden field Ljava/lang/Boolean;->value:Z (runtime_flags=0, domain=core-platform, api=max-target-p) from Lorg/mozilla/gecko/GeckoThread; (domain=app, TargetSdkVersion=35) using JNI: denied
06-03 16:15:28.301 11640 12022 E ibekey.keyboar: hiddenapi: Accessing hidden field Ljava/lang/Integer;->value:I (runtime_flags=0, domain=core-platform, api=max-target-p) from Lorg/mozilla/gecko/GeckoThread; (domain=app, TargetSdkVersion=35) using JNI: denied
06-03 16:15:28.301 11640 12022 E ibekey.keyboar: hiddenapi: Accessing hidden field Ljava/lang/Long;->value:J (runtime_flags=0, domain=core-platform, api=max-target-p) from Lorg/mozilla/gecko/GeckoThread; (domain=app, TargetSdkVersion=35) using JNI: denied
06-03 16:15:28.301 11640 12022 E ibekey.keyboar: hiddenapi: Accessing hidden field Ljava/lang/Double;->value:D (runtime_flags=0, domain=core-platform, api=max-target-p) from Lorg/mozilla/gecko/GeckoThread; (domain=app, TargetSdkVersion=35) using JNI: denied
06-03 16:15:28.309 11640 11640 W View    : requestLayout() improperly called by helium314.keyboard.latin.panels.BrowserPanelView{27dc891 V.E...... ......ID 0,0-1440,2040} during layout: running second layout pass
06-03 16:15:28.327 11640 11640 W View    : requestLayout() improperly called by helium314.keyboard.latin.panels.BrowserPanelView{27dc891 V.E...... ........ 0,0-1440,2040} during second layout pass: posting in next frame
06-03 16:15:28.329 11640 11640 W View    : requestLayout() improperly called by helium314.keyboard.latin.panels.BrowserPanelView{27dc891 V.E...... ......I. 0,0-1440,2040} during layout: running second layout pass
06-03 16:15:28.332 11640 11640 W View    : requestLayout() improperly called by helium314.keyboard.latin.panels.BrowserPanelView{27dc891 V.E...... ........ 0,0-1440,2040} during second layout pass: posting in next frame
06-03 16:15:28.334 12041 12041 E .keyboard:tab3: Unknown bits set in runtime_flags: 0x40000000
06-03 16:15:28.343 11640 11640 W View    : requestLayout() improperly called by helium314.keyboard.latin.panels.BrowserPanelView{27dc891 V.E...... ......I. 0,0-1440,2040} during layout: running second layout pass
06-03 16:15:28.346 11640 11640 W View    : requestLayout() improperly called by helium314.keyboard.latin.panels.BrowserPanelView{27dc891 V.E...... ........ 0,0-1440,2040} during second layout pass: posting in next frame
06-03 16:15:28.359 11640 11640 W View    : requestLayout() improperly called by helium314.keyboard.latin.panels.BrowserPanelView{27dc891 V.E...... ......I. 0,0-1440,2040} during layout: running second layout pass
06-03 16:15:28.366 11640 11640 W View    : requestLayout() improperly called by helium314.keyboard.latin.panels.BrowserPanelView{27dc891 V.E...... ......ID 0,0-1440,2040} during second layout pass: posting in next frame
06-03 16:15:28.376 11640 11640 W View    : requestLayout() improperly called by helium314.keyboard.latin.panels.BrowserPanelView{27dc891 V.E...... ......ID 0,0-1440,2040} during layout: running second layout pass
06-03 16:15:28.381 11640 11640 W View    : requestLayout() improperly called by helium314.keyboard.latin.panels.BrowserPanelView{27dc891 V.E...... ........ 0,0-1440,2040} during second layout pass: posting in next frame
06-03 16:15:28.393 11640 11640 W View    : requestLayout() improperly called by helium314.keyboard.latin.panels.BrowserPanelView{27dc891 V.E...... ......I. 0,0-1440,2040} during layout: running second layout pass
06-03 16:15:28.399 11640 11640 W View    : requestLayout() improperly called by helium314.keyboard.latin.panels.BrowserPanelView{27dc891 V.E...... ........ 0,0-1440,2040} during second layout pass: posting in next frame
06-03 16:15:28.410 11640 11640 W View    : requestLayout() improperly called by helium314.keyboard.latin.panels.BrowserPanelView{27dc891 V.E...... ......I. 0,0-1440,2040} during layout: running second layout pass
06-03 16:15:28.411 12080 12080 E ey.keyboard:gp: Unknown bits set in runtime_flags: 0x40000000
06-03 16:15:28.414 11640 11640 W View    : requestLayout() improperly called by helium314.keyboard.latin.panels.BrowserPanelView{27dc891 V.E...... ........ 0,0-1440,2040} during second layout pass: posting in next frame
06-03 16:15:28.426 11640 11640 W View    : requestLayout() improperly called by helium314.keyboard.latin.panels.BrowserPanelView{27dc891 V.E...... ......I. 0,0-1440,2040} during layout: running second layout pass
06-03 16:15:28.430 11640 11640 W View    : requestLayout() improperly called by helium314.keyboard.latin.panels.BrowserPanelView{27dc891 V.E...... ........ 0,0-1440,2040} during second layout pass: posting in next frame
06-03 16:15:28.443 11640 11640 W View    : requestLayout() improperly called by helium314.keyboard.latin.panels.BrowserPanelView{27dc891 V.E...... ......I. 0,0-1440,2040} during layout: running second layout pass
06-03 16:15:28.444 12041 12095 E GeckoLibLoad: Load sqlite start
06-03 16:15:28.445 12041 12095 E GeckoLibLoad: Load sqlite done
06-03 16:15:28.446 12041 12095 E GeckoLibLoad: Load nss start
06-03 16:15:28.446 12041 12095 E GeckoLibLoad: Load nss done
06-03 16:15:28.450 11640 11640 W View    : requestLayout() improperly called by helium314.keyboard.latin.panels.BrowserPanelView{27dc891 V.E...... ........ 0,0-1440,2040} during second layout pass: posting in next frame
06-03 16:15:28.457 12041 12095 E GeckoLibLoad: Loaded libs in 11.042083ms total, 5ms(10ms) user, 0ms(0ms) system, 0(0) faults
06-03 16:15:28.457 12041 12095 W GeckoThread: zerdatime 194571318 - runGecko
06-03 16:15:28.460 11640 11640 W View    : requestLayout() improperly called by helium314.keyboard.latin.panels.BrowserPanelView{27dc891 V.E...... ......I. 0,0-1440,2040} during layout: running second layout pass
06-03 16:15:28.463 11640 11640 W View    : requestLayout() improperly called by helium314.keyboard.latin.panels.BrowserPanelView{27dc891 V.E...... ........ 0,0-1440,2040} during second layout pass: posting in next frame
06-03 16:15:28.468 12080 12110 E GeckoLibLoad: Load sqlite start
06-03 16:15:28.469 12080 12110 E GeckoLibLoad: Load sqlite done
06-03 16:15:28.469 12080 12110 E GeckoLibLoad: Load nss start
06-03 16:15:28.469 12080 12110 E GeckoLibLoad: Load nss done
06-03 16:15:28.477 11640 11640 W View    : requestLayout() improperly called by helium314.keyboard.latin.panels.BrowserPanelView{27dc891 V.E...... ......I. 0,0-1440,2040} during layout: running second layout pass
06-03 16:15:28.480 12080 12110 E GeckoLibLoad: Loaded libs in 10.713594ms total, 0ms(0ms) user, 11ms(10ms) system, 0(0) faults
06-03 16:15:28.480 12080 12110 W GeckoThread: zerdatime 194571341 - runGecko
06-03 16:15:28.480 11640 11640 W View    : requestLayout() improperly called by helium314.keyboard.latin.panels.BrowserPanelView{27dc891 V.E...... ........ 0,0-1440,2040} during second layout pass: posting in next frame
06-03 16:15:28.493 11640 11640 W View    : requestLayout() improperly called by helium314.keyboard.latin.panels.BrowserPanelView{27dc891 V.E...... ......I. 0,0-1440,2040} during layout: running second layout pass
06-03 16:15:28.500 11640 11640 W View    : requestLayout() improperly called by helium314.keyboard.latin.panels.BrowserPanelView{27dc891 V.E...... ........ 0,0-1440,2040} during second layout pass: posting in next frame
06-03 16:15:28.510 11640 11640 W View    : requestLayout() improperly called by helium314.keyboard.latin.panels.BrowserPanelView{27dc891 V.E...... ......I. 0,0-1440,2040} during layout: running second layout pass
06-03 16:15:28.515 12080 12132 W AudioCapabilities: Unsupported mime audio/ffmpeg
06-03 16:15:28.515 12080 12132 W VideoCapabilities: Unsupported mime video/ffmpeg
06-03 16:15:28.516 11640 11640 W View    : requestLayout() improperly called by helium314.keyboard.latin.panels.BrowserPanelView{27dc891 V.E...... ........ 0,0-1440,2040} during second layout pass: posting in next frame
06-03 16:15:28.517 12080 12132 W VideoCapabilities: Unrecognized profile/level 0/3 for video/mpeg2
06-03 16:15:28.517 12080 12132 W VideoCapabilities: Unrecognized profile/level 0/3 for video/mpeg2
06-03 16:15:28.527 11640 11640 W View    : requestLayout() improperly called by helium314.keyboard.latin.panels.BrowserPanelView{27dc891 V.E...... ......I. 0,0-1440,2040} during layout: running second layout pass
06-03 16:15:28.531 12080 12104 E ey.keyboard:gp: ofbOpen failed with error=No such file or directory
06-03 16:15:28.531 12080 12104 E ey.keyboard:gp: sysOpen failed with error=No such file or directory
06-03 16:15:28.534 11640 11640 W View    : requestLayout() improperly called by helium314.keyboard.latin.panels.BrowserPanelView{27dc891 V.E...... ........ 0,0-1440,2040} during second layout pass: posting in next frame
06-03 16:15:28.540 12041 12095 W GeckoEditableChild: No editable parent
06-03 16:15:28.543 11640 11640 W View    : requestLayout() improperly called by helium314.keyboard.latin.panels.BrowserPanelView{27dc891 V.E...... ......I. 0,0-1440,2040} during layout: running second layout pass
06-03 16:15:28.549 11640 11640 W View    : requestLayout() improperly called by helium314.keyboard.latin.panels.BrowserPanelView{27dc891 V.E...... ......ID 0,0-1440,2040} during second layout pass: posting in next frame
06-03 16:15:28.561 11640 11640 W View    : requestLayout() improperly called by helium314.keyboard.latin.panels.BrowserPanelView{27dc891 V.E...... ......ID 0,0-1440,2040} during layout: running second layout pass
06-03 16:15:28.564 11640 11640 W View    : requestLayout() improperly called by helium314.keyboard.latin.panels.BrowserPanelView{27dc891 V.E...... ........ 0,0-1440,2040} during second layout pass: posting in next frame
06-03 16:15:28.577 11640 11640 W View    : requestLayout() improperly called by helium314.keyboard.latin.panels.BrowserPanelView{27dc891 V.E...... ......I. 0,0-1440,2040} during layout: running second layout pass
06-03 16:15:28.581 11640 11640 W View    : requestLayout() improperly called by helium314.keyboard.latin.panels.BrowserPanelView{27dc891 V.E...... ......ID 0,0-1440,2040} during second layout pass: posting in next frame
06-03 16:15:28.604 11640 11992 E BLASTBufferQueue: [SurfaceView[InputMethod]#1](f:0,a:0) rejecting buffer:active_size=1440x1853, requested_size=1440x1853 buffer{size=1440x1861 transform=0}
06-03 16:15:28.604 11640 11992 E BLASTBufferQueue: BLASTBufferItemConsumer::onDisconnect()
06-03 16:15:28.606 11640 11640 W View    : requestLayout() improperly called by helium314.keyboard.latin.panels.BrowserPanelView{27dc891 V.E...... ......ID 0,0-1440,2040} during layout: running second layout pass
06-03 16:15:28.612 11640 11640 W View    : requestLayout() improperly called by helium314.keyboard.latin.panels.BrowserPanelView{27dc891 V.E...... ......I. 0,0-1440,2040} during second layout pass: posting in next frame
06-03 16:15:28.613 11640 11640 W View    : requestLayout() improperly called by helium314.keyboard.latin.panels.BrowserPanelView{27dc891 V.E...... ......ID 0,0-1440,2040} during layout: running second layout pass
06-03 16:15:28.617 11640 11640 W View    : requestLayout() improperly called by helium314.keyboard.latin.panels.BrowserPanelView{27dc891 V.E...... ........ 0,0-1440,2040} during second layout pass: posting in next frame
06-03 16:15:28.627 11640 11640 W View    : requestLayout() improperly called by helium314.keyboard.latin.panels.BrowserPanelView{27dc891 V.E...... ......I. 0,0-1440,2040} during layout: running second layout pass
06-03 16:15:28.630 11640 11640 W View    : requestLayout() improperly called by helium314.keyboard.latin.panels.BrowserPanelView{27dc891 V.E...... ........ 0,0-1440,2040} during second layout pass: posting in next frame
06-03 16:15:28.644 11640 11640 W View    : requestLayout() improperly called by helium314.keyboard.latin.panels.BrowserPanelView{27dc891 V.E...... ......I. 0,0-1440,2040} during layout: running second layout pass
06-03 16:15:28.647 11640 11640 W View    : requestLayout() improperly called by helium314.keyboard.latin.panels.BrowserPanelView{27dc891 V.E...... ........ 0,0-1440,2040} during second layout pass: posting in next frame
06-03 16:15:28.660 11640 11640 W View    : requestLayout() improperly called by helium314.keyboard.latin.panels.BrowserPanelView{27dc891 V.E...... ......I. 0,0-1440,2040} during layout: running second layout pass
06-03 16:15:28.664 11640 11640 W View    : requestLayout() improperly called by helium314.keyboard.latin.panels.BrowserPanelView{27dc891 V.E...... ........ 0,0-1440,2040} during second layout pass: posting in next frame
06-03 16:15:28.679 11640 11640 W View    : requestLayout() improperly called by helium314.keyboard.latin.panels.BrowserPanelView{27dc891 V.E...... ......I. 0,0-1440,2040} during layout: running second layout pass
06-03 16:15:28.683 11640 11640 W View    : requestLayout() improperly called by helium314.keyboard.latin.panels.BrowserPanelView{27dc891 V.E...... ........ 0,0-1440,2040} during second layout pass: posting in next frame
06-03 16:15:28.695 11640 11640 W View    : requestLayout() improperly called by helium314.keyboard.latin.panels.BrowserPanelView{27dc891 V.E...... ......I. 0,0-1440,2040} during layout: running second layout pass
06-03 16:15:28.702 11640 11640 W View    : requestLayout() improperly called by helium314.keyboard.latin.panels.BrowserPanelView{27dc891 V.E...... ........ 0,0-1440,2040} during second layout pass: posting in next frame
06-03 16:15:28.711 11640 11640 W View    : requestLayout() improperly called by helium314.keyboard.latin.panels.BrowserPanelView{27dc891 V.E...... ......I. 0,0-1440,2040} during layout: running second layout pass
06-03 16:15:28.715 11640 11640 W View    : requestLayout() improperly called by helium314.keyboard.latin.panels.BrowserPanelView{27dc891 V.E...... ......ID 0,0-1440,2040} during second layout pass: posting in next frame
06-03 16:15:28.729 11640 11640 W View    : requestLayout() improperly called by helium314.keyboard.latin.panels.BrowserPanelView{27dc891 V.E...... ......ID 0,0-1440,2040} during layout: running second layout pass
06-03 16:15:28.741 11640 11640 W View    : requestLayout() improperly called by helium314.keyboard.latin.panels.BrowserPanelView{27dc891 V.E...... ........ 0,0-1440,2040} during second layout pass: posting in next frame
06-03 16:15:28.744 11640 11640 W View    : requestLayout() improperly called by helium314.keyboard.latin.panels.BrowserPanelView{27dc891 V.E...... ......I. 0,0-1440,2040} during layout: running second layout pass
06-03 16:15:28.748 11640 11640 W View    : requestLayout() improperly called by helium314.keyboard.latin.panels.BrowserPanelView{27dc891 V.E...... ........ 0,0-1440,2040} during second layout pass: posting in next frame
06-03 16:15:28.762 11640 11640 W View    : requestLayout() improperly called by helium314.keyboard.latin.panels.BrowserPanelView{27dc891 V.E...... ......I. 0,0-1440,2040} during layout: running second layout pass
06-03 16:15:28.768 11640 11640 W View    : requestLayout() improperly called by helium314.keyboard.latin.panels.BrowserPanelView{27dc891 V.E...... ......ID 0,0-1440,2040} during second layout pass: posting in next frame
06-03 16:15:28.778 11640 11640 W View    : requestLayout() improperly called by helium314.keyboard.latin.panels.BrowserPanelView{27dc891 V.E...... ......ID 0,0-1440,2040} during layout: running second layout pass
06-03 16:15:28.783 11640 11640 W View    : requestLayout() improperly called by helium314.keyboard.latin.panels.BrowserPanelView{27dc891 V.E...... ......ID 0,0-1440,2040} during second layout pass: posting in next frame
06-03 16:15:28.797 11640 11640 W View    : requestLayout() improperly called by helium314.keyboard.latin.panels.BrowserPanelView{27dc891 V.E...... ......ID 0,0-1440,2040} during layout: running second layout pass
06-03 16:15:28.802 11640 11640 W View    : requestLayout() improperly called by helium314.keyboard.latin.panels.BrowserPanelView{27dc891 V.E...... ........ 0,0-1440,2040} during second layout pass: posting in next frame
06-03 16:15:28.813 11640 11640 W View    : requestLayout() improperly called by helium314.keyboard.latin.panels.BrowserPanelView{27dc891 V.E...... ......I. 0,0-1440,2040} during layout: running second layout pass
06-03 16:15:28.818 11640 11640 W View    : requestLayout() improperly called by helium314.keyboard.latin.panels.BrowserPanelView{27dc891 V.E...... ........ 0,0-1440,2040} during second layout pass: posting in next frame
06-03 16:15:28.828 11640 11640 W View    : requestLayout() improperly called by helium314.keyboard.latin.panels.BrowserPanelView{27dc891 V.E...... ......I. 0,0-1440,2040} during layout: running second layout pass
06-03 16:15:28.832 11640 11640 W View    : requestLayout() improperly called by helium314.keyboard.latin.panels.BrowserPanelView{27dc891 V.E...... ........ 0,0-1440,2040} during second layout pass: posting in next frame
06-03 16:15:28.845 11640 11640 W View    : requestLayout() improperly called by helium314.keyboard.latin.panels.BrowserPanelView{27dc891 V.E...... ......I. 0,0-1440,2040} during layout: running second layout pass
06-03 16:15:28.848 11640 11640 W View    : requestLayout() improperly called by helium314.keyboard.latin.panels.BrowserPanelView{27dc891 V.E...... ........ 0,0-1440,2040} during second layout pass: posting in next frame
06-03 16:15:28.861 11640 11640 W View    : requestLayout() improperly called by helium314.keyboard.latin.panels.BrowserPanelView{27dc891 V.E...... ......I. 0,0-1440,2040} during layout: running second layout pass
06-03 16:15:28.865 11640 11640 W View    : requestLayout() improperly called by helium314.keyboard.latin.panels.BrowserPanelView{27dc891 V.E...... ........ 0,0-1440,2040} during second layout pass: posting in next frame
06-03 16:15:28.879 11640 11640 W View    : requestLayout() improperly called by helium314.keyboard.latin.panels.BrowserPanelView{27dc891 V.E...... ......I. 0,0-1440,2040} during layout: running second layout pass
06-03 16:15:28.883 11640 11640 W View    : requestLayout() improperly called by helium314.keyboard.latin.panels.BrowserPanelView{27dc891 V.E...... ........ 0,0-1440,2040} during second layout pass: posting in next frame
06-03 16:15:28.896 11640 11640 W View    : requestLayout() improperly called by helium314.keyboard.latin.panels.BrowserPanelView{27dc891 V.E...... ......I. 0,0-1440,2040} during layout: running second layout pass
06-03 16:15:28.903 11640 11640 W View    : requestLayout() improperly called by helium314.keyboard.latin.panels.BrowserPanelView{27dc891 V.E...... ........ 0,0-1440,2040} during second layout pass: posting in next frame
06-03 16:15:28.912 11640 11640 W View    : requestLayout() improperly called by helium314.keyboard.latin.panels.BrowserPanelView{27dc891 V.E...... ......I. 0,0-1440,2040} during layout: running second layout pass
06-03 16:15:28.916 11640 11640 W View    : requestLayout() improperly called by helium314.keyboard.latin.panels.BrowserPanelView{27dc891 V.E...... ........ 0,0-1440,2040} during second layout pass: posting in next frame
06-03 16:15:28.928 11640 11640 W View    : requestLayout() improperly called by helium314.keyboard.latin.panels.BrowserPanelView{27dc891 V.E...... ......I. 0,0-1440,2040} during layout: running second layout pass
06-03 16:15:28.932 11640 11640 W View    : requestLayout() improperly called by helium314.keyboard.latin.panels.BrowserPanelView{27dc891 V.E...... ........ 0,0-1440,2040} during second layout pass: posting in next frame
06-03 16:15:28.946 11640 11640 W View    : requestLayout() improperly called by helium314.keyboard.latin.panels.BrowserPanelView{27dc891 V.E...... ......I. 0,0-1440,2040} during layout: running second layout pass
06-03 16:15:28.955 11640 11640 W View    : requestLayout() improperly called by helium314.keyboard.latin.panels.BrowserPanelView{27dc891 V.E...... ........ 0,0-1440,2040} during second layout pass: posting in next frame
06-03 16:15:28.962 11640 11640 W View    : requestLayout() improperly called by helium314.keyboard.latin.panels.BrowserPanelView{27dc891 V.E...... ......I. 0,0-1440,2040} during layout: running second layout pass
06-03 16:15:28.968 11640 11640 W View    : requestLayout() improperly called by helium314.keyboard.latin.panels.BrowserPanelView{27dc891 V.E...... ........ 0,0-1440,2040} during second layout pass: posting in next frame
06-03 16:15:28.977 12203 12203 E .keyboard:tab2: Unknown bits set in runtime_flags: 0x40000000
06-03 16:15:28.978 11640 11640 W View    : requestLayout() improperly called by helium314.keyboard.latin.panels.BrowserPanelView{27dc891 V.E...... ......I. 0,0-1440,2040} during layout: running second layout pass
