07-23 13:03:39.217 30328 30328 I VkStripPipeline: slotBind composing children=5 [len=4|len=2|len=4]
07-23 13:03:39.278 30328 30328 I VkKeyPreview: show key=printable instant=true pool showing=1 free=1
07-23 13:03:39.279 30328 30328 I VkKeyPreview: popupAnim key=printable type=instant dur=0ms scale=1.0
07-23 13:03:39.325 30328 30328 I VkKeyPreview: dismiss key=printable reason=release_anim pool showing=0 free=2
07-23 13:03:39.430 30328 30752 I VkSuggestions: decode typedLen=5 candidates=18 locales=1 3,0ms
07-23 13:03:39.432 30328 30752 I VkTextCorrection: threshold len=5→len=5 score=0,000 thr=0,140 ○
07-23 13:03:39.432 30328 30752 I VkSuggestions: strip composing typedLen=5 candidates=19 autocorrect=false top=len=5 locale=en token=226 gen=2
07-23 13:03:39.434 30328 30328 I VkStripPipeline: setSuggestions composing size=19 style=1 token=226 gen=2 typed=len=5
07-23 13:03:39.435 30328 30328 I VkSuggestions: stripUi prediction=false children=5 [len=5|len=5|len=5]
07-23 13:03:39.435 30328 30328 I VkStripPipeline: slotBind composing children=5 [len=5|len=5|len=5]
07-23 13:03:39.437 30328 30328 I VkKeyPreview: show key=printable instant=true pool showing=1 free=1
07-23 13:03:39.437 30328 30328 I VkKeyPreview: popupAnim key=printable type=instant dur=0ms scale=1.0
07-23 13:03:39.517 30328 30328 I VkKeyPreview: dismiss key=printable reason=release_anim pool showing=0 free=2
07-23 13:03:39.592 30328 30328 I VkKeyPreview: show key=printable instant=true pool showing=1 free=1
07-23 13:03:39.593 30328 30328 I VkKeyPreview: popupAnim key=printable type=instant dur=0ms scale=1.0
07-23 13:03:39.621 30328 30752 I VkSuggestions: decode typedLen=6 candidates=18 locales=1 2,0ms
07-23 13:03:39.621 30328 30752 I VkTextCorrection: threshold len=6→len=8 score=0,000 thr=0,140 ○
07-23 13:03:39.622 30328 30752 I VkSuggestions: strip composing typedLen=6 candidates=19 autocorrect=false top=len=6 locale=en token=228 gen=2
07-23 13:03:39.622 30328 30328 I VkStripPipeline: setSuggestions composing size=19 style=1 token=228 gen=2 typed=len=6
07-23 13:03:39.623 30328 30328 I VkSuggestions: stripUi prediction=false children=5 [len=6|len=8|len=2]
07-23 13:03:39.623 30328 30328 I VkStripPipeline: slotBind composing children=5 [len=6|len=8|len=2]
07-23 13:03:39.709 30328 30328 I VkKeyPreview: dismiss key=printable reason=release_anim pool showing=0 free=2
07-23 13:03:39.754 30328 30328 I VkKeyPreview: show key=printable instant=true pool showing=1 free=1
07-23 13:03:39.754 30328 30328 I VkKeyPreview: popupAnim key=printable type=instant dur=0ms scale=1.0
07-23 13:03:39.814 30328 30752 I VkSuggestions: decode typedLen=7 candidates=18 locales=1 2,8ms
07-23 13:03:39.815 30328 30752 I VkTextCorrection: threshold len=7→len=9 score=0,000 thr=0,140 ○
07-23 13:03:39.815 30328 30752 I VkSuggestions: strip composing typedLen=7 candidates=19 autocorrect=false top=len=7 locale=en token=229 gen=2
07-23 13:03:39.815 30328 30328 I VkStripPipeline: setSuggestions composing size=19 style=1 token=229 gen=2 typed=len=7
07-23 13:03:39.817 30328 30328 I VkSuggestions: stripUi prediction=false children=5 [len=7|len=2|len=2]
07-23 13:03:39.817 30328 30328 I VkStripPipeline: slotBind composing children=5 [len=7|len=2|len=2]
07-23 13:03:39.885 30328 30328 I VkKeyPreview: dismiss key=printable reason=release_anim pool showing=0 free=2
07-23 13:03:39.990 30328 30752 I VkSuggestions: decode typedLen=8 candidates=18 locales=1 2,0ms
07-23 13:03:39.991 30328 30752 I VkTextCorrection: threshold len=8→len=10 score=0,000 thr=0,140 ○
07-23 13:03:39.992 30328 30752 I VkSuggestions: strip composing typedLen=8 candidates=18 autocorrect=false top=len=8 locale=en token=229 gen=2
07-23 13:03:39.992 30328 30328 I VkStripPipeline: setSuggestions composing size=18 style=1 token=229 gen=2 typed=len=8
07-23 13:03:39.994 30328 30328 I VkSuggestions: stripUi prediction=false children=5 [len=8|len=2|len=2]
07-23 13:03:39.994 30328 30328 I VkStripPipeline: slotBind composing children=5 [len=8|len=2|len=2]
07-23 13:03:40.458 30328 30752 I VkSuggestions: decode typedLen=7 candidates=18 locales=1 4,0ms
07-23 13:03:40.459 30328 30752 I VkTextCorrection: threshold len=7→len=9 score=0,000 thr=0,140 ○
07-23 13:03:40.459 30328 30752 I VkSuggestions: strip composing typedLen=7 candidates=19 autocorrect=false top=len=7 locale=en token=230 gen=2
07-23 13:03:40.459 30328 30328 I VkStripPipeline: setSuggestions composing size=19 style=1 token=230 gen=2 typed=len=7
07-23 13:03:40.461 30328 30328 I VkSuggestions: stripUi prediction=false children=5 [len=7|len=2|len=2]
07-23 13:03:40.461 30328 30328 I VkStripPipeline: slotBind composing children=5 [len=7|len=2|len=2]
07-23 13:03:41.847 30328 30328 I VkKeyPress: strip pick code=-10060
07-23 13:03:41.869 30328 30328 I VkPanels: ▶ open ai_theme
07-23 13:03:41.935 30328 31105 W ServiceBindIntentUtils: Dynamic lookup for intent failed for action: com.google.android.gms.ads.service.CACHE
07-23 13:03:41.990 30328 32016 W Ads     : Not retrying to fetch app settings
07-23 13:03:41.992 30328 32020 W ServiceBindIntentUtils: Dynamic lookup for intent failed for action: com.google.android.gms.ads.service.START
07-23 13:03:43.449 30328 30328 I VkKeyPreview: show key=printable instant=true pool showing=1 free=1
07-23 13:03:43.449 30328 30328 I VkKeyPreview: popupAnim key=printable type=instant dur=0ms scale=1.0
07-23 13:03:43.549 30328 30328 I VkKeyPreview: dismiss key=printable reason=release_anim pool showing=0 free=2
07-23 13:03:43.549 30328 30328 I VkKeyPress: keys pressed=362
07-23 13:03:44.282 30328 30328 I VkEffects: reload keyPress=fade popup=fade popupFx=true blur=0px glow=false stickers=true
07-23 13:03:44.432 30328 30328 W VkStall : MAIN-THREAD STALL 161ms during: >>>>> Dispatching to Handler (android.os.Handler) {89a2a57} b9.k@174a469: 0
07-23 13:03:44.441 30328 30328 I VkKeyPress: strip pick code=-10060
07-23 13:03:44.445 30328 30328 I VkPanels: ○ close ai_theme
07-23 13:03:44.536 30328 30328 E Ads     : JS: Refused to get unsafe header "X-Afma-Gcache-IsGcacheHit" (https://www.gstatic.com/mysidia/cc119c5be0684e5ed45e7be5b821d2b3.js?tag=addon/rewarded_video:443)
07-23 13:03:44.631 30328 30328 E Ads     : JS: Refused to get unsafe header "X-Afma-Gcache-IsGcacheHit" (https://www.gstatic.com/mysidia/cc119c5be0684e5ed45e7be5b821d2b3.js?tag=addon/rewarded_video:443)
07-23 13:03:44.700 30328 30650 W libc    : Access denied finding property "vendor.oplus.media.vpp.stutter"
07-23 13:03:44.703 30328 30650 E ListServiceUtils: checkInListByUid module:HQV-effect uid:14416 cost 1427us return 0
07-23 13:03:44.703 30328 30650 E MULTIMEDIAConfig: [getInt32:L80] Not find config, Returning default
07-23 13:03:44.703 30328 30650 E MULTIMEDIAConfig: [getInt32:L80] Not find config, Returning default
07-23 13:03:44.703 30328 30650 E OplusACodec: [OplusACodec:204] mSrOsieMMListCheckResult:0x0 mOsieVersion:1
07-23 13:03:44.812 30328 32063 E OplusACodec: [GetVideoCodingTypeFromMime:L1162] mime:video/x-vnd.on2.vp9
07-23 13:03:44.910 30328 30650 W cr_MediaCodecBridge: Releasing: OMX.qcom.video.decoder.vp9
07-23 13:03:44.912 30328 32062 E ExtensionsLoader: freeAllBuffers: 14 buffers were freed while being dequeued!
07-23 13:03:44.912 30328 30650 W cr_MediaCodecBridge: Codec released
07-23 13:03:46.444 30328 30328 I VkEffects: keyPressAnim burst=4 type=scale lastPhase=down
07-23 13:03:46.845 30328 30328 I VkKeyPress: keys pressed=363
07-23 13:03:46.904 30328 30752 W VibeKeyProfiler: Slow Native Suggest: Total=15.98ms | Init=0.46ms | TrieExpand(x18)=15.49ms | Scoring=0.03ms | inputSize=6
07-23 13:03:46.904 30328 30752 I VkSuggestions: decode typedLen=6 candidates=18 locales=1 16,6ms
07-23 13:03:46.905 30328 30752 W VkSuggestions: slow frame 16,6ms locales=1 typedLen=6 candidates=18
07-23 13:03:46.908 30328 30752 I VkSuggestions: strip composing typedLen=5 candidates=19 autocorrect=false top=len=6 locale=en token=235 gen=2
07-23 13:03:46.908 30328 30328 I VkStripPipeline: setSuggestions composing size=19 style=1 token=235 gen=2 typed=len=6
07-23 13:03:46.910 30328 30328 I VkSuggestions: stripUi prediction=false children=5 [len=6|len=4|len=4]
07-23 13:03:46.910 30328 30328 I VkStripPipeline: slotBind composing children=5 [len=6|len=4|len=4]
07-23 13:03:47.358 30328 30752 I VkTextCorrection: rerank prediction head len=3→len=2
07-23 13:03:47.359 30328 30752 I VkSuggestions: strip prediction typedLen=0 candidates=3 autocorrect=false top=len=2 locale=en token=235 gen=2
07-23 13:03:47.380 30328 30328 I VkStripPipeline: setSuggestions prediction size=3 style=7 token=235 gen=2
07-23 13:03:47.383 30328 30328 I VkSuggestions: stripUi prediction=true children=5 [len=3|len=2|len=2]
07-23 13:03:47.383 30328 30328 I VkStripPipeline: slotBind prediction children=5 [len=3|len=2|len=2]
07-23 13:03:47.848 30328 30328 I VkKeyPreview: show key=printable instant=true pool showing=1 free=0
07-23 13:03:47.849 30328 30328 I VkKeyPreview: popupAnim key=printable type=instant dur=0ms scale=1.0
07-23 13:03:47.975 30328 30328 I VkKeyPreview: dismiss key=printable reason=release_anim pool showing=0 free=1
07-23 13:03:48.091 30328 30752 W VibeKeyProfiler: Slow Native Suggest: Total=12.11ms | Init=0.73ms | TrieExpand(x15)=11.31ms | Scoring=0.06ms | inputSize=1
07-23 13:03:48.091 30328 30752 I VkSuggestions: decode typedLen=1 candidates=18 locales=1 13,0ms
07-23 13:03:48.094 30328 30752 I VkSuggestions: strip composing typedLen=1 candidates=19 autocorrect=false top=len=1 locale=en token=236 gen=2
07-23 13:03:48.095 30328 30328 I VkStripPipeline: setSuggestions composing size=19 style=1 token=236 gen=2 typed=len=1
07-23 13:03:48.097 30328 30328 I VkSuggestions: stripUi prediction=false children=5 [len=1|len=1|len=4]
07-23 13:03:48.097 30328 30328 I VkStripPipeline: slotBind composing children=5 [len=1|len=1|len=4]
07-23 13:03:48.391 30328 30328 I VkKeyPreview: show key=printable instant=true pool showing=1 free=0
07-23 13:03:48.391 30328 30328 I VkKeyPreview: popupAnim key=printable type=instant dur=0ms scale=1.0
07-23 13:03:48.484 30328 30328 I VkKeyPreview: dismiss key=printable reason=release_anim pool showing=0 free=1
07-23 13:03:48.598 30328 30752 I VkSuggestions: decode typedLen=2 candidates=18 locales=1 8,5ms
07-23 13:03:48.599 30328 30752 I VkTextCorrection: threshold len=2→len=2 score=0,000 thr=0,140 ○
07-23 13:03:48.600 30328 30752 I VkSuggestions: strip composing typedLen=2 candidates=17 autocorrect=false top=len=2 locale=en token=237 gen=2
07-23 13:03:48.601 30328 30328 I VkStripPipeline: setSuggestions composing size=17 style=1 token=237 gen=2 typed=len=2
07-23 13:03:48.603 30328 30328 I VkSuggestions: stripUi prediction=false children=5 [len=2|len=2|len=2]
07-23 13:03:48.604 30328 30328 I VkStripPipeline: slotBind composing children=5 [len=2|len=2|len=2]
07-23 13:03:48.616 30328 30328 I VkKeyPreview: show key=printable instant=true pool showing=1 free=0
07-23 13:03:48.616 30328 30328 I VkKeyPreview: popupAnim key=printable type=instant dur=0ms scale=1.0
07-23 13:03:48.760 30328 30328 I VkKeyPreview: dismiss key=printable reason=release_anim pool showing=0 free=1
07-23 13:03:48.874 30328 30752 W VibeKeyProfiler: Slow Native Suggest: Total=10.45ms | Init=0.35ms | TrieExpand(x20)=10.04ms | Scoring=0.05ms | inputSize=3
07-23 13:03:48.875 30328 30752 I VkSuggestions: decode typedLen=3 candidates=18 locales=1 11,2ms
07-23 13:03:48.886 30328 30752 I VkTextCorrection: threshold len=3→len=3 score=0,015 thr=0,140 ○
07-23 13:03:48.887 30328 30752 I VkSuggestions: strip composing typedLen=3 candidates=18 autocorrect=false top=len=3 locale=en token=238 gen=2
07-23 13:03:48.888 30328 30328 I VkStripPipeline: setSuggestions composing size=18 style=1 token=238 gen=2 typed=len=3
07-23 13:03:48.891 30328 30328 I VkSuggestions: stripUi prediction=false children=5 [len=3|len=3|len=3]
07-23 13:03:48.891 30328 30328 I VkStripPipeline: slotBind composing children=5 [len=3|len=3|len=3]
07-23 13:03:49.301 30328 30328 I VkEffects: reload keyPress=scale popup=none popupFx=true blur=80px glow=true stickers=true
07-23 13:03:49.779 30328 30328 I VkEffects: longPressGlow key=fn type=none
07-23 13:03:49.780 30328 30328 I VkEffects: keyPressAnim burst=3 type=scale lastPhase=up
07-23 13:03:49.901 30328 30328 I VkKeyPreview: show key=printable instant=true pool showing=1 free=1
07-23 13:03:49.901 30328 30328 I VkKeyPreview: popupAnim key=printable type=instant dur=0ms scale=1.0
07-23 13:03:50.028 30328 30328 I VkKeyPreview: dismiss key=printable reason=release_anim pool showing=0 free=2
07-23 13:03:50.028 30328 30328 I VkKeyPress: keys pressed=379
07-23 13:03:50.139 30328 30752 I VkNgram : merge locale=en prev=len=4 preds=8 contextual=0 assets=true
07-23 13:03:50.140 30328 30752 I VkTextCorrection: rerank prediction head len=3→len=2
07-23 13:03:50.141 30328 30752 I VkSuggestions: strip prediction typedLen=0 candidates=3 autocorrect=false top=len=2 locale=en token=242 gen=2
07-23 13:03:50.142 30328 30328 I VkStripPipeline: setSuggestions prediction size=3 style=6 token=242 gen=2
07-23 13:03:50.144 30328 30328 I VkSuggestions: stripUi prediction=true children=5 [len=1|len=2|len=2]
07-23 13:03:50.144 30328 30328 I VkStripPipeline: slotBind prediction children=5 [len=1|len=2|len=2]
07-23 13:03:50.165 30328 30328 I VkKeyPreview: show key=printable instant=true pool showing=1 free=1
07-23 13:03:50.165 30328 30328 I VkKeyPreview: popupAnim key=printable type=instant dur=0ms scale=1.0
07-23 13:03:50.287 30328 30328 I VkKeyPreview: dismiss key=printable reason=release_anim pool showing=0 free=2
07-23 13:03:50.409 30328 30752 I VkNgram : merge locale=en prev=len=5 preds=8 contextual=0 assets=true
07-23 13:03:50.410 30328 30752 I VkTextCorrection: rerank prediction head len=3→len=1
07-23 13:03:50.411 30328 30752 I VkSuggestions: strip prediction typedLen=0 candidates=3 autocorrect=false top=len=1 locale=en token=243 gen=2
07-23 13:03:50.412 30328 30328 I VkStripPipeline: setSuggestions prediction size=3 style=6 token=243 gen=2
07-23 13:03:50.415 30328 30328 I VkSuggestions: stripUi prediction=true children=5 [len=2|len=1|len=3]
07-23 13:03:50.415 30328 30328 I VkStripPipeline: slotBind prediction children=5 [len=2|len=1|len=3]
07-23 13:03:50.516 30328 30328 I VkKeyPreview: show key=printable instant=true pool showing=1 free=1
07-23 13:03:50.516 30328 30328 I VkKeyPreview: popupAnim key=printable type=instant dur=0ms scale=1.0
07-23 13:03:50.645 30328 30328 I VkKeyPreview: dismiss key=printable reason=release_anim pool showing=0 free=2
07-23 13:03:50.758 30328 30752 I VkNgram : merge locale=en prev=len=6 preds=8 contextual=0 assets=true
07-23 13:03:50.759 30328 30752 I VkSuggestions: strip prediction typedLen=0 candidates=3 autocorrect=false top=len=3 locale=en token=244 gen=2
07-23 13:03:50.760 30328 30328 I VkStripPipeline: setSuggestions prediction size=3 style=6 token=244 gen=2
07-23 13:03:50.763 30328 30328 I VkSuggestions: stripUi prediction=true children=5 [len=2|len=3|len=1]
07-23 13:03:50.763 30328 30328 I VkStripPipeline: slotBind prediction children=5 [len=2|len=3|len=1]
07-23 13:03:50.785 30328 30328 I VkKeyPreview: show key=printable instant=true pool showing=1 free=1
07-23 13:03:50.785 30328 30328 I VkKeyPreview: popupAnim key=printable type=instant dur=0ms scale=1.0
07-23 13:03:50.888 30328 30328 I VkKeyPreview: dismiss key=printable reason=release_anim pool showing=0 free=2
07-23 13:03:51.009 30328 30752 I VkNgram : merge locale=en prev=len=7 preds=8 contextual=0 assets=true
07-23 13:03:51.011 30328 30752 I VkSuggestions: strip prediction typedLen=0 candidates=3 autocorrect=false top=len=3 locale=en token=245 gen=2
07-23 13:03:51.012 30328 30328 I VkStripPipeline: setSuggestions prediction size=3 style=6 token=245 gen=2
07-23 13:03:51.014 30328 30328 I VkSuggestions: stripUi prediction=true children=5 [len=2|len=3|len=2]
07-23 13:03:51.014 30328 30328 I VkStripPipeline: slotBind prediction children=5 [len=2|len=3|len=2]
07-23 13:03:51.713 30328 30328 I VkKeyPreview: show key=printable instant=true pool showing=1 free=1
07-23 13:03:51.713 30328 30328 I VkKeyPreview: popupAnim key=printable type=instant dur=0ms scale=1.0
07-23 13:03:51.823 30328 30328 I VkKeyPreview: dismiss key=printable reason=release_anim pool showing=0 free=2
07-23 13:03:51.910 30328 30328 I VkKeyPreview: show key=printable instant=true pool showing=1 free=1
07-23 13:03:51.910 30328 30328 I VkKeyPreview: popupAnim key=printable type=instant dur=0ms scale=1.0
07-23 13:03:51.941 30328 30752 I VkNgram : merge locale=en prev=len=8 preds=8 contextual=0 assets=true
07-23 13:03:51.941 30328 30752 I VkTextCorrection: rerank prediction head len=3→len=2
07-23 13:03:51.942 30328 30752 I VkSuggestions: strip prediction typedLen=0 candidates=3 autocorrect=false top=len=2 locale=en token=250 gen=2
07-23 13:03:51.942 30328 30328 I VkStripPipeline: setSuggestions prediction size=3 style=6 token=250 gen=2
07-23 13:03:51.943 30328 30328 I VkSuggestions: stripUi prediction=true children=5 [len=3|len=2|len=2]
07-23 13:03:51.943 30328 30328 I VkStripPipeline: slotBind prediction children=5 [len=3|len=2|len=2]
07-23 13:03:52.006 30328 30328 I VkKeyPreview: dismiss key=printable reason=release_anim pool showing=0 free=2
07-23 13:03:52.102 30328 30328 I VkKeyPreview: show key=printable instant=true pool showing=1 free=1
07-23 13:03:52.102 30328 30328 I VkKeyPreview: popupAnim key=printable type=instant dur=0ms scale=1.0
07-23 13:03:52.125 30328 30752 I VkNgram : merge locale=en prev=len=9 preds=8 contextual=0 assets=true
07-23 13:03:52.125 30328 30752 I VkTextCorrection: rerank prediction head len=3→len=2
07-23 13:03:52.126 30328 30752 I VkSuggestions: strip prediction typedLen=0 candidates=3 autocorrect=false top=len=2 locale=en token=251 gen=2
07-23 13:03:52.126 30328 30328 I VkStripPipeline: setSuggestions prediction size=3 style=6 token=251 gen=2
07-23 13:03:52.127 30328 30328 I VkSuggestions: stripUi prediction=true children=5 [len=1|len=2|len=2]
07-23 13:03:52.127 30328 30328 I VkStripPipeline: slotBind prediction children=5 [len=1|len=2|len=2]
07-23 13:03:52.199 30328 30328 I VkKeyPreview: dismiss key=printable reason=release_anim pool showing=0 free=2
07-23 13:03:52.242 30328 30328 I VkKeyPreview: show key=printable instant=true pool showing=1 free=1
07-23 13:03:52.242 30328 30328 I VkKeyPreview: popupAnim key=printable type=instant dur=0ms scale=1.0
07-23 13:03:52.309 30328 30752 I VkNgram : merge locale=en prev=len=10 preds=8 contextual=0 assets=true
07-23 13:03:52.310 30328 30752 I VkTextCorrection: rerank prediction head len=3→len=1
07-23 13:03:52.311 30328 30752 I VkSuggestions: strip prediction typedLen=0 candidates=3 autocorrect=false top=len=1 locale=en token=252 gen=2
07-23 13:03:52.311 30328 30328 I VkStripPipeline: setSuggestions prediction size=3 style=6 token=252 gen=2
07-23 13:03:52.313 30328 30328 I VkSuggestions: stripUi prediction=true children=5 [len=2|len=1|len=3]
07-23 13:03:52.313 30328 30328 I VkStripPipeline: slotBind prediction children=5 [len=2|len=1|len=3]
07-23 13:03:52.365 30328 30328 I VkKeyPreview: dismiss key=printable reason=release_anim pool showing=0 free=2
07-23 13:03:52.384 30328 30328 I VkKeyPreview: show key=printable instant=true pool showing=1 free=1
07-23 13:03:52.384 30328 30328 I VkKeyPreview: popupAnim key=printable type=instant dur=0ms scale=1.0
07-23 13:03:52.476 30328 30328 I VkKeyPreview: dismiss key=printable reason=release_anim pool showing=0 free=2
07-23 13:03:52.596 30328 30752 I VkNgram : merge locale=en prev=len=12 preds=8 contextual=0 assets=true
07-23 13:03:52.597 30328 30752 I VkSuggestions: strip prediction typedLen=0 candidates=3 autocorrect=false top=len=3 locale=en token=253 gen=2
07-23 13:03:52.598 30328 30328 I VkStripPipeline: setSuggestions prediction size=3 style=6 token=253 gen=2
07-23 13:03:52.599 30328 30328 I VkSuggestions: stripUi prediction=true children=5 [len=2|len=3|len=1]
07-23 13:03:52.599 30328 30328 I VkStripPipeline: slotBind prediction children=5 [len=2|len=3|len=1]
07-23 13:03:52.601 30328 30328 I VkKeyPreview: show key=printable instant=true pool showing=1 free=1
07-23 13:03:52.601 30328 30328 I VkKeyPreview: popupAnim key=printable type=instant dur=0ms scale=1.0
07-23 13:03:52.684 30328 30328 I VkKeyPreview: dismiss key=printable reason=release_anim pool showing=0 free=2
07-23 13:03:52.786 30328 30328 I VkKeyPreview: show key=printable instant=true pool showing=1 free=1
07-23 13:03:52.786 30328 30328 I VkKeyPreview: popupAnim key=printable type=instant dur=0ms scale=1.0
07-23 13:03:52.792 30328 30752 I VkNgram : merge locale=en prev=len=13 preds=8 contextual=0 assets=true
07-23 13:03:52.793 30328 30752 I VkSuggestions: strip prediction typedLen=0 candidates=3 autocorrect=false top=len=3 locale=en token=255 gen=2
07-23 13:03:52.793 30328 30328 I VkStripPipeline: setSuggestions prediction size=3 style=6 token=255 gen=2
07-23 13:03:52.794 30328 30328 I VkSuggestions: stripUi prediction=true children=5 [len=2|len=3|len=2]
07-23 13:03:52.794 30328 30328 I VkStripPipeline: slotBind prediction children=5 [len=2|len=3|len=2]
07-23 13:03:52.877 30328 30328 I VkKeyPreview: dismiss key=printable reason=release_anim pool showing=0 free=2
07-23 13:03:52.928 30328 30328 I VkKeyPreview: show key=printable instant=true pool showing=1 free=1
07-23 13:03:52.928 30328 30328 I VkKeyPreview: popupAnim key=printable type=instant dur=0ms scale=1.0
07-23 13:03:52.993 30328 30752 I VkNgram : merge locale=en prev=len=14 preds=8 contextual=0 assets=true
07-23 13:03:52.993 30328 30752 I VkTextCorrection: rerank prediction head len=3→len=2
07-23 13:03:52.994 30328 30752 I VkSuggestions: strip prediction typedLen=0 candidates=3 autocorrect=false top=len=2 locale=en token=256 gen=2
07-23 13:03:52.994 30328 30328 I VkStripPipeline: setSuggestions prediction size=3 style=6 token=256 gen=2
07-23 13:03:52.995 30328 30328 I VkSuggestions: stripUi prediction=true children=5 [len=3|len=2|len=2]
07-23 13:03:52.995 30328 30328 I VkStripPipeline: slotBind prediction children=5 [len=3|len=2|len=2]
07-23 13:03:53.055 30328 30328 I VkKeyPreview: show key=printable instant=true pool showing=2 free=0
07-23 13:03:53.055 30328 30328 I VkKeyPreview: popupAnim key=printable type=instant dur=0ms scale=1.0
07-23 13:03:53.067 30328 30328 I VkKeyPreview: dismiss key=printable reason=release_anim pool showing=1 free=1
07-23 13:03:53.067 30328 30328 I VkKeyPress: keys pressed=391
07-23 13:03:53.147 30328 30328 I VkKeyPreview: dismiss key=printable reason=release_anim pool showing=0 free=2
07-23 13:03:53.215 30328 30328 I VkKeyPreview: show key=printable instant=true pool showing=1 free=1
07-23 13:03:53.215 30328 30328 I VkKeyPreview: popupAnim key=printable type=instant dur=0ms scale=1.0
07-23 13:03:53.262 30328 30752 I VkNgram : merge locale=en prev=len=16 preds=8 contextual=0 assets=true
07-23 13:03:53.262 30328 30752 I VkTextCorrection: rerank prediction head len=3→len=2
07-23 13:03:53.263 30328 30752 I VkSuggestions: strip prediction typedLen=0 candidates=3 autocorrect=false top=len=2 locale=en token=258 gen=2
07-23 13:03:53.263 30328 30328 I VkStripPipeline: setSuggestions prediction size=3 style=6 token=258 gen=2
07-23 13:03:53.264 30328 30328 I VkSuggestions: stripUi prediction=true children=5 [len=1|len=2|len=2]
07-23 13:03:53.264 30328 30328 I VkStripPipeline: slotBind prediction children=5 [len=1|len=2|len=2]
07-23 13:03:53.318 30328 30328 I VkKeyPreview: dismiss key=printable reason=release_anim pool showing=0 free=2
07-23 13:03:53.353 30328 30328 I VkKeyPreview: show key=printable instant=true pool showing=1 free=1
07-23 13:03:53.353 30328 30328 I VkKeyPreview: popupAnim key=printable type=instant dur=0ms scale=1.0
07-23 13:03:53.428 30328 30752 I VkNgram : merge locale=en prev=len=17 preds=8 contextual=0 assets=true
07-23 13:03:53.428 30328 30752 I VkTextCorrection: rerank prediction head len=3→len=1
07-23 13:03:53.429 30328 30752 I VkSuggestions: strip prediction typedLen=0 candidates=3 autocorrect=false top=len=1 locale=en token=259 gen=2
07-23 13:03:53.429 30328 30328 I VkStripPipeline: setSuggestions prediction size=3 style=6 token=259 gen=2
07-23 13:03:53.431 30328 30328 I VkSuggestions: stripUi prediction=true children=5 [len=2|len=1|len=3]
07-23 13:03:53.431 30328 30328 I VkStripPipeline: slotBind prediction children=5 [len=2|len=1|len=3]
07-23 13:03:53.479 30328 30328 I VkKeyPreview: show key=printable instant=true pool showing=2 free=0
07-23 13:03:53.479 30328 30328 I VkKeyPreview: popupAnim key=printable type=instant dur=0ms scale=1.0
07-23 13:03:53.485 30328 30328 I VkKeyPreview: dismiss key=printable reason=release_anim pool showing=1 free=1
07-23 13:03:53.564 30328 30328 I VkKeyPreview: dismiss key=printable reason=release_anim pool showing=0 free=2
07-23 13:03:53.632 30328 30328 I VkKeyPreview: show key=printable instant=true pool showing=1 free=1
07-23 13:03:53.633 30328 30328 I VkKeyPreview: popupAnim key=printable type=instant dur=0ms scale=1.0
07-23 13:03:53.679 30328 30752 I VkNgram : merge locale=en prev=len=19 preds=8 contextual=0 assets=true
07-23 13:03:53.680 30328 30752 I VkSuggestions: strip prediction typedLen=0 candidates=3 autocorrect=false top=len=3 locale=en token=261 gen=2
07-23 13:03:53.681 30328 30328 I VkStripPipeline: setSuggestions prediction size=3 style=6 token=261 gen=2
07-23 13:03:53.682 30328 30328 I VkSuggestions: stripUi prediction=true children=5 [len=2|len=3|len=1]
07-23 13:03:53.682 30328 30328 I VkStripPipeline: slotBind prediction children=5 [len=2|len=3|len=1]
07-23 13:03:53.727 30328 30328 I VkKeyPreview: dismiss key=printable reason=release_anim pool showing=0 free=2
07-23 13:03:53.796 30328 30328 I VkKeyPreview: show key=printable instant=true pool showing=1 free=1
07-23 13:03:53.796 30328 30328 I VkKeyPreview: popupAnim key=printable type=instant dur=0ms scale=1.0
07-23 13:03:53.844 30328 30752 I VkNgram : merge locale=en prev=len=20 preds=8 contextual=0 assets=true
07-23 13:03:53.845 30328 30752 I VkSuggestions: strip prediction typedLen=0 candidates=3 autocorrect=false top=len=3 locale=en token=262 gen=2
07-23 13:03:53.845 30328 30328 I VkStripPipeline: setSuggestions prediction size=3 style=6 token=262 gen=2
07-23 13:03:53.846 30328 30328 I VkSuggestions: stripUi prediction=true children=5 [len=2|len=3|len=2]
07-23 13:03:53.846 30328 30328 I VkStripPipeline: slotBind prediction children=5 [len=2|len=3|len=2]
07-23 13:03:53.937 30328 30328 I VkKeyPreview: dismiss key=printable reason=release_anim pool showing=0 free=2
07-23 13:03:53.944 30328 30328 I VkKeyPreview: show key=printable instant=true pool showing=1 free=1
07-23 13:03:53.944 30328 30328 I VkKeyPreview: popupAnim key=printable type=instant dur=0ms scale=1.0
07-23 13:03:54.028 30328 30328 I VkKeyPreview: dismiss key=printable reason=release_anim pool showing=0 free=2
07-23 13:03:54.139 30328 30328 I VkKeyPreview: show key=printable instant=true pool showing=1 free=1
07-23 13:03:54.139 30328 30328 I VkKeyPreview: popupAnim key=printable type=instant dur=0ms scale=1.0
07-23 13:03:54.145 30328 30752 I VkNgram : merge locale=en prev=len=22 preds=8 contextual=0 assets=true
07-23 13:03:54.146 30328 30752 I VkTextCorrection: rerank prediction head len=3→len=2
07-23 13:03:54.146 30328 30752 I VkSuggestions: strip prediction typedLen=0 candidates=3 autocorrect=false top=len=2 locale=en token=264 gen=2
07-23 13:03:54.146 30328 30328 I VkStripPipeline: setSuggestions prediction size=3 style=6 token=264 gen=2
07-23 13:03:54.147 30328 30328 I VkSuggestions: stripUi prediction=true children=5 [len=3|len=2|len=2]
07-23 13:03:54.147 30328 30328 I VkStripPipeline: slotBind prediction children=5 [len=3|len=2|len=2]
07-23 13:03:54.229 30328 30328 I VkKeyPreview: dismiss key=printable reason=release_anim pool showing=0 free=2
07-23 13:03:54.350 30328 30752 I VkNgram : merge locale=en prev=len=23 preds=8 contextual=0 assets=true
07-23 13:03:54.351 30328 30752 I VkTextCorrection: rerank prediction head len=3→len=2
07-23 13:03:54.356 30328 30328 I VkSuggestions: stripUi prediction=true children=5 [len=1|len=2|len=2]
07-23 13:03:54.357 30328 30328 I VkStripPipeline: slotBind prediction children=5 [len=1|len=2|len=2]
07-23 13:03:54.403 30328 30328 I VkKeyPreview: show key=printable instant=true pool showing=1 free=1
07-23 13:03:54.403 30328 30328 I VkKeyPreview: popupAnim key=printable type=instant dur=0ms scale=1.0
07-23 13:03:54.502 30328 30328 I VkKeyPreview: dismiss key=printable reason=release_anim pool showing=0 free=2
07-23 13:03:54.598 30328 30328 I VkKeyPreview: show key=printable instant=true pool showing=1 free=1
07-23 13:03:54.598 30328 30328 I VkKeyPreview: popupAnim key=printable type=instant dur=0ms scale=1.0
07-23 13:03:54.612 30328 30752 I VkNgram : merge locale=en prev=len=24 preds=8 contextual=0 assets=true
07-23 13:03:54.613 30328 30752 I VkTextCorrection: rerank prediction head len=3→len=1
07-23 13:03:54.613 30328 30752 I VkSuggestions: strip prediction typedLen=0 candidates=3 autocorrect=false top=len=1 locale=en token=266 gen=2
07-23 13:03:54.613 30328 30328 I VkStripPipeline: setSuggestions prediction size=3 style=6 token=266 gen=2
07-23 13:03:54.614 30328 30328 I VkSuggestions: stripUi prediction=true children=5 [len=2|len=1|len=3]
07-23 13:03:54.614 30328 30328 I VkStripPipeline: slotBind prediction children=5 [len=2|len=1|len=3]
07-23 13:03:54.680 30328 30328 I VkKeyPreview: dismiss key=printable reason=release_anim pool showing=0 free=2
07-23 13:03:54.783 30328 30328 I VkKeyPreview: show key=printable instant=true pool showing=1 free=1
07-23 13:03:54.783 30328 30328 I VkKeyPreview: popupAnim key=printable type=instant dur=0ms scale=1.0
07-23 13:03:54.797 30328 30752 I VkNgram : merge locale=en prev=len=25 preds=8 contextual=0 assets=true
07-23 13:03:54.798 30328 30752 I VkSuggestions: strip prediction typedLen=0 candidates=3 autocorrect=false top=len=3 locale=en token=267 gen=2
07-23 13:03:54.799 30328 30328 I VkStripPipeline: setSuggestions prediction size=3 style=6 token=267 gen=2
07-23 13:03:54.801 30328 30328 I VkSuggestions: stripUi prediction=true children=5 [len=2|len=3|len=1]
07-23 13:03:54.801 30328 30328 I VkStripPipeline: slotBind prediction children=5 [len=2|len=3|len=1]
07-23 13:03:54.872 30328 30328 I VkKeyPreview: dismiss key=printable reason=release_anim pool showing=0 free=2
07-23 13:03:54.903 30328 30328 I VkKeyPreview: show key=printable instant=true pool showing=1 free=1
07-23 13:03:54.903 30328 30328 I VkKeyPreview: popupAnim key=printable type=instant dur=0ms scale=1.0
07-23 13:03:54.979 30328 30752 I VkNgram : merge locale=en prev=len=26 preds=8 contextual=0 assets=true
07-23 13:03:54.980 30328 30752 I VkSuggestions: strip prediction typedLen=0 candidates=3 autocorrect=false top=len=3 locale=en token=268 gen=2
07-23 13:03:54.981 30328 30328 I VkStripPipeline: setSuggestions prediction size=3 style=6 token=268 gen=2
07-23 13:03:54.982 30328 30328 I VkSuggestions: stripUi prediction=true children=5 [len=2|len=3|len=2]
07-23 13:03:54.982 30328 30328 I VkStripPipeline: slotBind prediction children=5 [len=2|len=3|len=2]
07-23 13:03:55.022 30328 30328 I VkKeyPreview: dismiss key=printable reason=release_anim pool showing=0 free=2
07-23 13:03:55.101 30328 30328 I VkKeyPreview: show key=printable instant=true pool showing=1 free=1
07-23 13:03:55.101 30328 30328 I VkKeyPreview: popupAnim key=printable type=instant dur=0ms scale=1.0
07-23 13:03:55.130 30328 30752 I VkNgram : merge locale=en prev=len=27 preds=8 contextual=0 assets=true
07-23 13:03:55.130 30328 30752 I VkTextCorrection: rerank prediction head len=3→len=2
07-23 13:03:55.131 30328 30752 I VkSuggestions: strip prediction typedLen=0 candidates=3 autocorrect=false top=len=2 locale=en token=269 gen=2
07-23 13:03:55.131 30328 30328 I VkStripPipeline: setSuggestions prediction size=3 style=6 token=269 gen=2
07-23 13:03:55.132 30328 30328 I VkSuggestions: stripUi prediction=true children=5 [len=3|len=2|len=2]
07-23 13:03:55.132 30328 30328 I VkStripPipeline: slotBind prediction children=5 [len=3|len=2|len=2]
07-23 13:03:55.180 30328 30328 I VkKeyPreview: dismiss key=printable reason=release_anim pool showing=0 free=2
07-23 13:03:55.240 30328 30328 I VkKeyPreview: show key=printable instant=true pool showing=1 free=1
07-23 13:03:55.240 30328 30328 I VkKeyPreview: popupAnim key=printable type=instant dur=0ms scale=1.0
07-23 13:03:55.297 30328 30752 I VkNgram : merge locale=en prev=len=28 preds=8 contextual=0 assets=true
07-23 13:03:55.297 30328 30752 I VkTextCorrection: rerank prediction head len=3→len=2
07-23 13:03:55.298 30328 30752 I VkSuggestions: strip prediction typedLen=0 candidates=3 autocorrect=false top=len=2 locale=en token=270 gen=2
07-23 13:03:55.298 30328 30328 I VkStripPipeline: setSuggestions prediction size=3 style=6 token=270 gen=2
07-23 13:03:55.299 30328 30328 I VkSuggestions: stripUi prediction=true children=5 [len=1|len=2|len=2]
07-23 13:03:55.300 30328 30328 I VkStripPipeline: slotBind prediction children=5 [len=1|len=2|len=2]
07-23 13:03:55.330 30328 30328 I VkKeyPreview: dismiss key=printable reason=release_anim pool showing=0 free=2
07-23 13:03:55.435 30328 30328 I VkKeyPreview: show key=printable instant=true pool showing=1 free=1
07-23 13:03:55.435 30328 30328 I VkKeyPreview: popupAnim key=printable type=instant dur=0ms scale=1.0
07-23 13:03:55.449 30328 30752 I VkNgram : merge locale=en prev=len=29 preds=8 contextual=0 assets=true
07-23 13:03:55.450 30328 30752 I VkTextCorrection: rerank prediction head len=3→len=1
07-23 13:03:55.451 30328 30752 I VkSuggestions: strip prediction typedLen=0 candidates=3 autocorrect=false top=len=1 locale=en token=271 gen=2
07-23 13:03:55.451 30328 30328 I VkStripPipeline: setSuggestions prediction size=3 style=6 token=271 gen=2
07-23 13:03:55.453 30328 30328 I VkSuggestions: stripUi prediction=true children=5 [len=2|len=1|len=3]
07-23 13:03:55.453 30328 30328 I VkStripPipeline: slotBind prediction children=5 [len=2|len=1|len=3]
07-23 13:03:55.505 30328 30328 I VkKeyPreview: dismiss key=printable reason=release_anim pool showing=0 free=2
07-23 13:03:55.593 30328 30328 I VkKeyPreview: show key=printable instant=true pool showing=1 free=1
07-23 13:03:55.593 30328 30328 I VkKeyPreview: popupAnim key=printable type=instant dur=0ms scale=1.0
07-23 13:03:55.613 30328 30752 I VkNgram : merge locale=en prev=len=30 preds=8 contextual=0 assets=true
07-23 13:03:55.614 30328 30752 I VkSuggestions: strip prediction typedLen=0 candidates=3 autocorrect=false top=len=3 locale=en token=272 gen=2
07-23 13:03:55.614 30328 30328 I VkStripPipeline: setSuggestions prediction size=3 style=6 token=272 gen=2
07-23 13:03:55.615 30328 30328 I VkSuggestions: stripUi prediction=true children=5 [len=2|len=3|len=1]
07-23 13:03:55.615 30328 30328 I VkStripPipeline: slotBind prediction children=5 [len=2|len=3|len=1]
07-23 13:03:55.689 30328 30328 I VkKeyPreview: dismiss key=printable reason=release_anim pool showing=0 free=2
07-23 13:03:55.769 30328 30328 I VkKeyPreview: show key=printable instant=true pool showing=1 free=1
07-23 13:03:55.769 30328 30328 I VkKeyPreview: popupAnim key=printable type=instant dur=0ms scale=1.0
07-23 13:03:55.798 30328 30752 I VkNgram : merge locale=en prev=len=31 preds=8 contextual=0 assets=true
07-23 13:03:55.799 30328 30752 I VkSuggestions: strip prediction typedLen=0 candidates=3 autocorrect=false top=len=3 locale=en token=273 gen=2
07-23 13:03:55.799 30328 30328 I VkStripPipeline: setSuggestions prediction size=3 style=6 token=273 gen=2
07-23 13:03:55.800 30328 30328 I VkSuggestions: stripUi prediction=true children=5 [len=2|len=3|len=2]
07-23 13:03:55.800 30328 30328 I VkStripPipeline: slotBind prediction children=5 [len=2|len=3|len=2]
07-23 13:03:55.865 30328 30328 I VkKeyPreview: dismiss key=printable reason=release_anim pool showing=0 free=2
07-23 13:03:55.906 30328 30328 I VkKeyPreview: show key=printable instant=true pool showing=1 free=1
07-23 13:03:55.906 30328 30328 I VkKeyPreview: popupAnim key=printable type=instant dur=0ms scale=1.0
07-23 13:03:55.982 30328 30752 I VkNgram : merge locale=en prev=len=32 preds=8 contextual=0 assets=true
07-23 13:03:55.982 30328 30752 I VkTextCorrection: rerank prediction head len=3→len=2
07-23 13:03:55.983 30328 30752 I VkSuggestions: strip prediction typedLen=0 candidates=3 autocorrect=false top=len=2 locale=en token=274 gen=2
07-23 13:03:55.983 30328 30328 I VkStripPipeline: setSuggestions prediction size=3 style=6 token=274 gen=2
07-23 13:03:55.984 30328 30328 I VkSuggestions: stripUi prediction=true children=5 [len=3|len=2|len=2]
07-23 13:03:55.984 30328 30328 I VkStripPipeline: slotBind prediction children=5 [len=3|len=2|len=2]
07-23 13:03:56.056 30328 30328 I VkKeyPreview: dismiss key=printable reason=release_anim pool showing=0 free=2
07-23 13:03:56.075 30328 30328 I VkKeyPreview: show key=printable instant=true pool showing=1 free=1
07-23 13:03:56.075 30328 30328 I VkKeyPreview: popupAnim key=printable type=instant dur=0ms scale=1.0
07-23 13:03:56.166 30328 30752 I VkNgram : merge locale=en prev=len=33 preds=8 contextual=0 assets=true
07-23 13:03:56.167 30328 30752 I VkTextCorrection: rerank prediction head len=3→len=2
07-23 13:03:56.167 30328 30752 I VkSuggestions: strip prediction typedLen=0 candidates=3 autocorrect=false top=len=2 locale=en token=275 gen=2
07-23 13:03:56.167 30328 30328 I VkStripPipeline: setSuggestions prediction size=3 style=6 token=275 gen=2
07-23 13:03:56.168 30328 30328 I VkSuggestions: stripUi prediction=true children=5 [len=1|len=2|len=2]
07-23 13:03:56.168 30328 30328 I VkStripPipeline: slotBind prediction children=5 [len=1|len=2|len=2]
07-23 13:03:56.182 30328 30328 I VkKeyPreview: dismiss key=printable reason=release_anim pool showing=0 free=2
07-23 13:03:56.182 30328 30328 I VkKeyPress: keys pressed=410
07-23 13:03:56.291 30328 30328 I VkKeyPreview: show key=printable instant=true pool showing=1 free=1
07-23 13:03:56.291 30328 30328 I VkKeyPreview: popupAnim key=printable type=instant dur=0ms scale=1.0
07-23 13:03:56.299 30328 30752 I VkNgram : merge locale=en prev=len=34 preds=8 contextual=0 assets=true
07-23 13:03:56.299 30328 30752 I VkTextCorrection: rerank prediction head len=3→len=1
07-23 13:03:56.299 30328 30752 I VkSuggestions: strip prediction typedLen=0 candidates=3 autocorrect=false top=len=1 locale=en token=276 gen=2
07-23 13:03:56.299 30328 30328 I VkStripPipeline: setSuggestions prediction size=3 style=6 token=276 gen=2
07-23 13:03:56.300 30328 30328 I VkSuggestions: stripUi prediction=true children=5 [len=2|len=1|len=3]
07-23 13:03:56.300 30328 30328 I VkStripPipeline: slotBind prediction children=5 [len=2|len=1|len=3]
07-23 13:03:56.374 30328 30328 I VkKeyPreview: dismiss key=printable reason=release_anim pool showing=0 free=2
07-23 13:03:56.470 30328 30328 I VkKeyPreview: show key=printable instant=true pool showing=1 free=1
07-23 13:03:56.470 30328 30328 I VkKeyPreview: popupAnim key=printable type=instant dur=0ms scale=1.0
07-23 13:03:56.482 30328 30752 I VkNgram : merge locale=en prev=len=35 preds=8 contextual=0 assets=true
07-23 13:03:56.483 30328 30752 I VkSuggestions: strip prediction typedLen=0 candidates=3 autocorrect=false top=len=3 locale=en token=277 gen=2
07-23 13:03:56.484 30328 30328 I VkStripPipeline: setSuggestions prediction size=3 style=6 token=277 gen=2
07-23 13:03:56.485 30328 30328 I VkSuggestions: stripUi prediction=true children=5 [len=2|len=3|len=1]
07-23 13:03:56.485 30328 30328 I VkStripPipeline: slotBind prediction children=5 [len=2|len=3|len=1]
07-23 13:03:56.567 30328 30328 I VkKeyPreview: dismiss key=printable reason=release_anim pool showing=0 free=2
07-23 13:03:56.601 30328 30328 I VkKeyPreview: show key=printable instant=true pool showing=1 free=1
07-23 13:03:56.601 30328 30328 I VkKeyPreview: popupAnim key=printable type=instant dur=0ms scale=1.0
07-23 13:03:56.681 30328 30752 I VkNgram : merge locale=en prev=len=36 preds=8 contextual=0 assets=true
07-23 13:03:56.681 30328 30752 I VkSuggestions: strip prediction typedLen=0 candidates=3 autocorrect=false top=len=3 locale=en token=278 gen=2
07-23 13:03:56.682 30328 30328 I VkStripPipeline: setSuggestions prediction size=3 style=6 token=278 gen=2
07-23 13:03:56.682 30328 30328 I VkSuggestions: stripUi prediction=true children=5 [len=2|len=3|len=2]
07-23 13:03:56.683 30328 30328 I VkStripPipeline: slotBind prediction children=5 [len=2|len=3|len=2]
07-23 13:03:56.707 30328 30328 I VkKeyPreview: dismiss key=printable reason=release_anim pool showing=0 free=2
07-23 13:03:56.819 30328 30752 I VkNgram : merge locale=en prev=len=37 preds=8 contextual=0 assets=true
07-23 13:03:56.820 30328 30752 I VkTextCorrection: rerank prediction head len=3→len=2
07-23 13:03:56.821 30328 30752 I VkSuggestions: strip prediction typedLen=0 candidates=3 autocorrect=false top=len=2 locale=en token=278 gen=2
07-23 13:03:56.823 30328 30328 I VkSuggestions: stripUi prediction=true children=5 [len=3|len=2|len=2]
07-23 13:03:56.823 30328 30328 I VkStripPipeline: slotBind prediction children=5 [len=3|len=2|len=2]
07-23 13:03:56.826 30328 30328 I VkKeyPreview: show key=printable instant=true pool showing=1 free=1
07-23 13:03:56.826 30328 30328 I VkKeyPreview: popupAnim key=printable type=instant dur=0ms scale=1.0
07-23 13:03:56.882 30328 30328 I VkKeyPreview: dismiss key=printable reason=release_anim pool showing=0 free=2
07-23 13:03:57.002 30328 30752 I VkNgram : merge locale=en prev=len=38 preds=8 contextual=0 assets=true
07-23 13:03:57.003 30328 30752 I VkTextCorrection: rerank prediction head len=3→len=2
07-23 13:03:57.004 30328 30752 I VkSuggestions: strip prediction typedLen=0 candidates=3 autocorrect=false top=len=2 locale=en token=279 gen=2
07-23 13:03:57.005 30328 30328 I VkStripPipeline: setSuggestions prediction size=3 style=6 token=279 gen=2
07-23 13:03:57.007 30328 30328 I VkSuggestions: stripUi prediction=true children=5 [len=1|len=2|len=2]
07-23 13:03:57.007 30328 30328 I VkStripPipeline: slotBind prediction children=5 [len=1|len=2|len=2]
07-23 13:03:57.020 30328 30328 I VkKeyPreview: show key=printable instant=true pool showing=1 free=1
07-23 13:03:57.021 30328 30328 I VkKeyPreview: popupAnim key=printable type=instant dur=0ms scale=1.0
07-23 13:03:57.049 30328 30328 I VkKeyPreview: dismiss key=printable reason=release_anim pool showing=0 free=2
07-23 13:03:57.159 30328 30328 I VkKeyPreview: show key=printable instant=true pool showing=1 free=1
07-23 13:03:57.159 30328 30328 I VkKeyPreview: popupAnim key=printable type=instant dur=0ms scale=1.0
07-23 13:03:57.167 30328 30752 I VkNgram : merge locale=en prev=len=39 preds=8 contextual=0 assets=true
07-23 13:03:57.167 30328 30752 I VkTextCorrection: rerank prediction head len=3→len=1
07-23 13:03:57.167 30328 30752 I VkSuggestions: strip prediction typedLen=0 candidates=3 autocorrect=false top=len=1 locale=en token=281 gen=2
07-23 13:03:57.168 30328 30328 I VkStripPipeline: setSuggestions prediction size=3 style=6 token=281 gen=2
07-23 13:03:57.168 30328 30328 I VkSuggestions: stripUi prediction=true children=5 [len=2|len=1|len=3]
07-23 13:03:57.168 30328 30328 I VkStripPipeline: slotBind prediction children=5 [len=2|len=1|len=3]
07-23 13:03:57.235 30328 30328 I VkKeyPreview: dismiss key=printable reason=release_anim pool showing=0 free=2
07-23 13:03:57.356 30328 30752 I VkNgram : merge locale=en prev=len=40 preds=8 contextual=0 assets=true
07-23 13:03:57.358 30328 30752 I VkSuggestions: strip prediction typedLen=0 candidates=3 autocorrect=false top=len=3 locale=en token=281 gen=2
07-23 13:03:57.361 30328 30328 I VkSuggestions: stripUi prediction=true children=5 [len=2|len=3|len=1]
07-23 13:03:57.361 30328 30328 I VkStripPipeline: slotBind prediction children=5 [len=2|len=3|len=1]
07-23 13:03:57.364 30328 30328 I VkKeyPreview: show key=printable instant=true pool showing=1 free=1
07-23 13:03:57.364 30328 30328 I VkKeyPreview: popupAnim key=printable type=instant dur=0ms scale=1.0
07-23 13:03:57.450 30328 30328 I VkKeyPreview: dismiss key=printable reason=release_anim pool showing=0 free=2
07-23 13:03:57.573 30328 30752 I VkSuggestions: strip prediction typedLen=0 candidates=3 autocorrect=false top=len=3 locale=en token=282 gen=2
07-23 13:03:57.574 30328 30328 I VkStripPipeline: setSuggestions prediction size=3 style=6 token=282 gen=2
07-23 13:03:57.576 30328 30328 I VkSuggestions: stripUi prediction=true children=5 [len=2|len=3|len=2]
07-23 13:03:57.576 30328 30328 I VkStripPipeline: slotBind prediction children=5 [len=2|len=3|len=2]
07-23 13:03:58.885 30328 30328 I VkKeyPreview: show key=printable instant=true pool showing=1 free=1
07-23 13:03:58.885 30328 30328 I VkKeyPreview: popupAnim key=printable type=instant dur=0ms scale=1.0
07-23 13:03:58.963 30328 30328 I VkKeyPreview: dismiss key=printable reason=release_anim pool showing=0 free=2
07-23 13:03:59.056 30328 30328 I VkKeyPreview: show key=printable instant=true pool showing=1 free=1
07-23 13:03:59.056 30328 30328 I VkKeyPreview: popupAnim key=printable type=instant dur=0ms scale=1.0
07-23 13:03:59.071 30328 30752 I VkTextCorrection: rerank prediction head len=3→len=2
07-23 13:03:59.071 30328 30752 I VkSuggestions: strip prediction typedLen=0 candidates=3 autocorrect=false top=len=2 locale=en token=284 gen=2
07-23 13:03:59.072 30328 30328 I VkStripPipeline: setSuggestions prediction size=3 style=6 token=284 gen=2
07-23 13:03:59.073 30328 30328 I VkSuggestions: stripUi prediction=true children=5 [len=3|len=2|len=2]
07-23 13:03:59.073 30328 30328 I VkStripPipeline: slotBind prediction children=5 [len=3|len=2|len=2]
07-23 13:03:59.146 30328 30328 I VkKeyPreview: dismiss key=printable reason=release_anim pool showing=0 free=2
07-23 13:03:59.257 30328 30752 I VkTextCorrection: rerank prediction head len=3→len=2
07-23 13:03:59.263 30328 30328 I VkSuggestions: stripUi prediction=true children=5 [len=1|len=2|len=2]
07-23 13:03:59.263 30328 30328 I VkStripPipeline: slotBind prediction children=5 [len=1|len=2|len=2]
07-23 13:03:59.527 30328 30328 I VkKeyPreview: show key=printable instant=true pool showing=1 free=1
07-23 13:03:59.527 30328 30328 I VkKeyPreview: popupAnim key=printable type=instant dur=0ms scale=1.0
07-23 13:03:59.613 30328 30328 I VkKeyPreview: dismiss key=printable reason=release_anim pool showing=0 free=2
07-23 13:03:59.613 30328 30328 I VkKeyPress: keys pressed=420
07-23 13:03:59.691 30328 30328 I VkKeyPreview: show key=printable instant=true pool showing=1 free=1
07-23 13:03:59.691 30328 30328 I VkKeyPreview: popupAnim key=printable type=instant dur=0ms scale=1.0
07-23 13:03:59.721 30328 30752 I VkTextCorrection: rerank prediction head len=3→len=1
07-23 13:03:59.722 30328 30752 I VkSuggestions: strip prediction typedLen=0 candidates=3 autocorrect=false top=len=1 locale=en token=286 gen=2
07-23 13:03:59.722 30328 30328 I VkStripPipeline: setSuggestions prediction size=3 style=6 token=286 gen=2
07-23 13:03:59.723 30328 30328 I VkSuggestions: stripUi prediction=true children=5 [len=2|len=1|len=3]
07-23 13:03:59.723 30328 30328 I VkStripPipeline: slotBind prediction children=5 [len=2|len=1|len=3]
07-23 13:03:59.797 30328 30328 I VkKeyPreview: dismiss key=printable reason=release_anim pool showing=0 free=2
07-23 13:03:59.851 30328 30328 I VkKeyPreview: show key=printable instant=true pool showing=1 free=1
07-23 13:03:59.851 30328 30328 I VkKeyPreview: popupAnim key=printable type=instant dur=0ms scale=1.0
07-23 13:03:59.907 30328 30752 I VkSuggestions: strip prediction typedLen=0 candidates=3 autocorrect=false top=len=3 locale=en token=287 gen=2
07-23 13:03:59.908 30328 30328 I VkStripPipeline: setSuggestions prediction size=3 style=6 token=287 gen=2
07-23 13:03:59.909 30328 30328 I VkSuggestions: stripUi prediction=true children=5 [len=2|len=3|len=1]
07-23 13:03:59.910 30328 30328 I VkStripPipeline: slotBind prediction children=5 [len=2|len=3|len=1]
07-23 13:03:59.941 30328 30328 I VkKeyPreview: show key=printable instant=true pool showing=2 free=0
07-23 13:03:59.941 30328 30328 I VkKeyPreview: popupAnim key=printable type=instant dur=0ms scale=1.0
07-23 13:03:59.972 30328 30328 I VkKeyPreview: dismiss key=printable reason=release_anim pool showing=1 free=1
07-23 13:04:00.058 30328 30328 I VkKeyPreview: dismiss key=printable reason=release_anim pool showing=0 free=2
07-23 13:04:00.130 30328 30328 I VkKeyPreview: show key=printable instant=true pool showing=1 free=1
07-23 13:04:00.130 30328 30328 I VkKeyPreview: popupAnim key=printable type=instant dur=0ms scale=1.0
07-23 13:04:00.177 30328 30752 I VkSuggestions: strip prediction typedLen=0 candidates=3 autocorrect=false top=len=3 locale=en token=289 gen=2
07-23 13:04:00.177 30328 30328 I VkStripPipeline: setSuggestions prediction size=3 style=6 token=289 gen=2
07-23 13:04:00.178 30328 30328 I VkSuggestions: stripUi prediction=true children=5 [len=2|len=3|len=2]
07-23 13:04:00.178 30328 30328 I VkStripPipeline: slotBind prediction children=5 [len=2|len=3|len=2]
07-23 13:04:00.273 30328 30328 I VkKeyPreview: dismiss key=printable reason=release_anim pool showing=0 free=2
07-23 13:04:00.352 30328 30328 I VkKeyPreview: show key=printable instant=true pool showing=1 free=1
07-23 13:04:00.352 30328 30328 I VkKeyPreview: popupAnim key=printable type=instant dur=0ms scale=1.0
07-23 13:04:00.392 30328 30752 I VkTextCorrection: rerank prediction head len=3→len=2
07-23 13:04:00.393 30328 30752 I VkSuggestions: strip prediction typedLen=0 candidates=3 autocorrect=false top=len=2 locale=en token=290 gen=2
07-23 13:04:00.393 30328 30328 I VkStripPipeline: setSuggestions prediction size=3 style=6 token=290 gen=2
07-23 13:04:00.394 30328 30328 I VkSuggestions: stripUi prediction=true children=5 [len=3|len=2|len=2]
07-23 13:04:00.394 30328 30328 I VkStripPipeline: slotBind prediction children=5 [len=3|len=2|len=2]
07-23 13:04:00.473 30328 30328 I VkKeyPreview: dismiss key=printable reason=release_anim pool showing=0 free=2
07-23 13:04:00.595 30328 30752 I VkTextCorrection: rerank prediction head len=3→len=2
07-23 13:04:00.600 30328 30328 I VkSuggestions: stripUi prediction=true children=5 [len=1|len=2|len=2]
