=== VibeKey 4.1.212 (4312) ===

--------- beginning of system
06-07 12:21:55.913  5123  5123 E OplusCustomizeRestrictionManager: sInstance is null, start a new sInstance
--------- beginning of main
06-07 12:22:49.337  5123  5123 I VkAutocorrect: kept (typing): city
06-07 12:22:49.338  5123  5123 I SpaceAssistPopup: ○ typing idle scheduled
06-07 12:22:49.440  5123  5445 I VkSuggestions: decode typedLen=0 candidates=3 locales=1 0.7ms
06-07 12:22:49.442  5123  5445 I VkSuggestions: strip prediction typedLen=0 candidates=3 autocorrect=false top=in locale=en
06-07 12:22:50.018  5123  5123 I SpaceAssistPopup: ▶ fetch start fieldChars=53 inFlight=false cached=true
06-07 12:22:50.020  5123  5123 I SpaceAssistPopup: ▶ overlay show: cached_minor_growth
06-07 12:22:50.020  5123  5123 I SpaceAssistPopup: → preview publish len=55 overlay=true force=false strip=true
06-07 12:22:50.021  5123  5123 I SpaceAssistPopup: ▶ send ready=true outChars=55
06-07 12:22:50.510  5172  6141 I OnDeviceAssist: warm ok model=qwen2.5-0.5b-instruct-q4_0.gguf ambient=0 chars 1ms
06-07 12:22:50.717  5123  5123 I SpaceAssistPopup: ○ typing idle scheduled
06-07 12:22:51.393  5123  5123 I SpaceAssistPopup: ▶ fetch start fieldChars=52 inFlight=false cached=true
06-07 12:22:51.394  5123  5123 I SpaceAssistPopup: ▶ overlay show: cached_exact
06-07 12:22:51.395  5123  5123 I SpaceAssistPopup: → preview publish len=55 overlay=true force=false strip=true
06-07 12:22:51.395  5123  5123 I SpaceAssistPopup: ▶ send ready=true outChars=55
06-07 12:22:51.890  5172  6141 I OnDeviceAssist: warm ok model=qwen2.5-0.5b-instruct-q4_0.gguf ambient=0 chars 0ms
06-07 12:22:52.245  5123  5123 I SpaceAssistPopup: ○ typing idle scheduled
06-07 12:22:52.359  5123  5445 W VibeKeyProfiler: Slow Native Suggest: Total=12.08ms | Init=0.50ms | TrieExpand(x18)=11.51ms | Scoring=0.07ms | inputSize=3
06-07 12:22:52.360  5123  5445 I VkSuggestions: decode typedLen=3 candidates=18 locales=1 13.5ms
06-07 12:22:52.364  5123  5445 I VkSuggestions: strip composing typedLen=3 candidates=17 autocorrect=false top=cit locale=en
06-07 12:22:52.932  5123  5123 I SpaceAssistPopup: ▶ fetch start fieldChars=51 inFlight=false cached=true
06-07 12:22:52.934  5123  5123 I SpaceAssistPopup: ○ send ready=false outChars=55
06-07 12:22:52.935  5123  5123 I SpaceAssistPopup: ▶ generation start fieldChars=51 token=3871
06-07 12:22:52.937  5123  5155 I OnDeviceAssist: ▶ assist_ipc task=grammar in=51 chars
06-07 12:22:52.953  5172  6141 I OnDeviceAssist: dispatch task=grammar in=51 chars engine=Ready
06-07 12:22:52.953  5172  6141 I OnDeviceAssist: ▶ runSync task=grammar in=51 chars locale=en
06-07 12:22:52.953  5172  6141 I OnDeviceAssist: ○ local grammar skipped: SymSpell unavailable for en
06-07 12:22:52.954  5172  6141 I OnDeviceAssist: → llm task=grammar model=qwen2.5-0.5b-instruct-q4_0.gguf temp=0.15 maxTok=57
06-07 12:22:53.864  5123  5193 I OnDeviceAssist: … stream task=grammar chunk#1 +27 total=27
06-07 12:22:53.865  5123  5123 I SpaceAssistPopup: … stream chunk#1 +27 previewLen=27 overlay=true
06-07 12:22:53.983  5123  5123 I SpaceAssistPopup: … stream chunk#2 +11 previewLen=36 overlay=true
06-07 12:22:54.338  5123  5123 I SpaceAssistPopup: … stream chunk#3 +18 previewLen=18 overlay=true
06-07 12:22:54.405  5123  5123 I SpaceAssistPopup: ○ typing idle scheduled
06-07 12:22:54.517  5123  5445 W VibeKeyProfiler: Slow Native Suggest: Total=9.75ms | Init=0.31ms | TrieExpand(x15)=9.39ms | Scoring=0.05ms | inputSize=4
06-07 12:22:54.518  5123  5445 I VkSuggestions: decode typedLen=4 candidates=18 locales=1 10.8ms
06-07 12:22:54.520  5123  5445 I VkSuggestions: strip composing typedLen=4 candidates=15 autocorrect=false top=city locale=en
06-07 12:22:54.664  5123  5721 I OnDeviceAssist: … stream task=grammar chunk#4 +23 total=79
06-07 12:22:54.667  5123  5123 I SpaceAssistPopup: … stream chunk#4 +23 previewLen=41 overlay=true
06-07 12:22:54.966  5172  6140 I OnDeviceAssist: warm ok model=qwen2.5-0.5b-instruct-q4_0.gguf ambient=0 chars 1557ms
06-07 12:22:54.966  5123  5123 I SpaceAssistPopup: … stream chunk#5 +16 previewLen=55 overlay=true
06-07 12:22:54.966  5172  6141 I OnDeviceAssist: ✓ llm task=grammar 2012ms out=55 chars
06-07 12:22:54.967  5172  6141 I OnDeviceAssist: done task=grammar 2015ms out=55 chars
06-07 12:22:54.967  5123  5193 I OnDeviceAssist: ✓ assist (ime) task=grammar 2030ms in=51 out=55
06-07 12:22:54.979  5123  5123 I SpaceAssistPopup: ✓ generation done out=55 preview=55 overlay=true 2045ms
06-07 12:22:54.980  5123  5123 I SpaceAssistPopup: ▶ overlay show: generation_success
06-07 12:22:54.980  5123  5123 I SpaceAssistPopup: → preview publish len=55 overlay=true force=true strip=true
06-07 12:22:54.980  5123  5123 I SpaceAssistPopup: ▶ send ready=true outChars=55
06-07 12:22:55.082  5123  5123 I SpaceAssistPopup: ▶ fetch start fieldChars=52 inFlight=false cached=true
06-07 12:22:55.084  5123  5123 I SpaceAssistPopup: ▶ overlay show: cached_minor_growth
06-07 12:22:55.084  5123  5123 I SpaceAssistPopup: → preview publish len=55 overlay=true force=false strip=true
06-07 12:22:55.085  5123  5123 I SpaceAssistPopup: ▶ send ready=true outChars=55
06-07 12:22:55.581  5172  6140 I OnDeviceAssist: warm ok model=qwen2.5-0.5b-instruct-q4_0.gguf ambient=0 chars 0ms
06-07 12:22:57.274  5123  5123 I SpaceAssistPopup: ○ typing idle scheduled
06-07 12:22:57.383  5123  5445 W VibeKeyProfiler: Slow Native Suggest: Total=9.55ms | Init=0.50ms | TrieExpand(x18)=8.99ms | Scoring=0.06ms | inputSize=3
06-07 12:22:57.385  5123  5445 I VkSuggestions: decode typedLen=3 candidates=18 locales=1 11.0ms
06-07 12:22:57.388  5123  5445 I VkSuggestions: strip composing typedLen=3 candidates=17 autocorrect=false top=cit locale=en
06-07 12:22:57.956  5123  5123 I SpaceAssistPopup: ▶ fetch start fieldChars=51 inFlight=false cached=true
06-07 12:22:57.958  5123  5123 I SpaceAssistPopup: ▶ overlay show: cached_exact
06-07 12:22:57.959  5123  5123 I SpaceAssistPopup: → preview publish len=55 overlay=true force=false strip=true
06-07 12:22:57.959  5123  5123 I SpaceAssistPopup: ▶ send ready=true outChars=55
06-07 12:22:58.454  5172  5192 I OnDeviceAssist: warm ok model=qwen2.5-0.5b-instruct-q4_0.gguf ambient=0 chars 0ms
06-07 12:22:58.919  5123  5123 I SpaceAssistPopup: ○ typing idle scheduled
06-07 12:22:59.030  5123  5445 W VibeKeyProfiler: Slow Native Suggest: Total=10.27ms | Init=0.41ms | TrieExpand(x16)=9.81ms | Scoring=0.05ms | inputSize=4
06-07 12:22:59.031  5123  5445 I VkSuggestions: decode typedLen=4 candidates=18 locales=1 11.4ms
06-07 12:22:59.034  5123  5445 I VkSuggestions: strip composing typedLen=4 candidates=15 autocorrect=false top=city locale=en
06-07 12:22:59.597  5123  5123 I SpaceAssistPopup: ▶ fetch start fieldChars=52 inFlight=false cached=true
06-07 12:22:59.599  5123  5123 I SpaceAssistPopup: ▶ overlay show: cached_minor_growth
06-07 12:22:59.600  5123  5123 I SpaceAssistPopup: → preview publish len=55 overlay=true force=false strip=true
06-07 12:22:59.600  5123  5123 I SpaceAssistPopup: ▶ send ready=true outChars=55
06-07 12:23:00.094  5172  5191 I OnDeviceAssist: warm ok model=qwen2.5-0.5b-instruct-q4_0.gguf ambient=0 chars 0ms
06-07 12:23:00.507  5123  5123 I VkAutocorrect: kept (typing): city
06-07 12:23:00.508  5123  5123 I SpaceAssistPopup: ○ typing idle scheduled
06-07 12:23:00.610  5123  5445 I VkSuggestions: strip prediction typedLen=0 candidates=3 autocorrect=false top=in locale=en
06-07 12:23:01.184  5123  5123 I SpaceAssistPopup: ▶ fetch start fieldChars=53 inFlight=false cached=true
06-07 12:23:01.186  5123  5123 I SpaceAssistPopup: ▶ overlay show: cached_minor_growth
06-07 12:23:01.187  5123  5123 I SpaceAssistPopup: → preview publish len=55 overlay=true force=false strip=true
06-07 12:23:01.187  5123  5123 I SpaceAssistPopup: ▶ send ready=true outChars=55
06-07 12:23:01.675  5172  6141 I OnDeviceAssist: warm ok model=qwen2.5-0.5b-instruct-q4_0.gguf ambient=0 chars 0ms
06-07 12:23:02.627  5123  5123 I SpaceAssistPopup: ✓ send commit chars=55
06-07 12:23:02.628  5123  5123 I SpaceAssistPopup: ○ overlay hide: force_dismiss
06-07 12:23:02.628  5123  5123 I SpaceAssistPopup: ○ send ready=false outChars=0
06-07 12:23:16.285  5123  5445 W VibeKeyProfiler: Slow Native Suggest: Total=11.98ms | Init=0.62ms | TrieExpand(x17)=11.31ms | Scoring=0.05ms | inputSize=1
06-07 12:23:16.286  5123  5445 I VkSuggestions: decode typedLen=1 candidates=18 locales=1 12.9ms
06-07 12:23:16.288  5123  5445 I VkSuggestions: decode typedLen=0 candidates=4 locales=1 0.4ms
06-07 12:23:16.290  5123  5445 I VkSuggestions: strip composing typedLen=1 candidates=18 autocorrect=false top=q locale=en
06-07 12:23:17.822  5123  5123 I VkTyping: ▶ open restart=true pkg=com.android.launcher inputType=589825
06-07 12:23:18.680  5172  6141 I OnDeviceAssist: warm ok model=qwen2.5-0.5b-instruct-q4_0.gguf ambient=40 chars 0ms
06-07 12:23:19.339  5123  5445 W VibeKeyProfiler: Slow Native Suggest: Total=9.16ms | Init=0.02ms | TrieExpand(x18)=9.11ms | Scoring=0.02ms | inputSize=1
06-07 12:23:19.340  5123  5445 I VkSuggestions: decode typedLen=1 candidates=18 locales=1 9.7ms
06-07 12:23:19.341  5123  5445 I VkSuggestions: strip composing typedLen=1 candidates=19 autocorrect=false top=n locale=en
06-07 12:23:19.437  5123  5123 I SpaceAssistPopup: ○ typing idle scheduled
06-07 12:23:19.526  5123  5123 I SpaceAssistPopup: ○ typing idle scheduled
06-07 12:23:19.643  5123  5445 W VibeKeyProfiler: Slow Native Suggest: Total=9.41ms | Init=0.17ms | TrieExpand(x20)=9.20ms | Scoring=0.04ms | inputSize=3
06-07 12:23:19.644  5123  5445 I VkSuggestions: decode typedLen=3 candidates=18 locales=1 10.7ms
06-07 12:23:19.647  5123  5445 I VkSuggestions: strip composing typedLen=3 candidates=16 autocorrect=false top=nic locale=en
06-07 12:23:19.748  5123  5123 I SpaceAssistPopup: ○ typing idle scheduled
06-07 12:23:19.859  5123  5445 W VibeKeyProfiler: Slow Native Suggest: Total=10.25ms | Init=0.30ms | TrieExpand(x20)=9.90ms | Scoring=0.04ms | inputSize=4
06-07 12:23:19.860  5123  5445 I VkSuggestions: decode typedLen=4 candidates=18 locales=1 11.4ms
06-07 12:23:19.863  5123  5445 I VkSuggestions: strip composing typedLen=4 candidates=17 autocorrect=false top=nice locale=en
06-07 12:23:20.425  5123  5123 I SpaceAssistPopup: ▶ fetch start fieldChars=4 inFlight=false cached=false
06-07 12:23:20.426  5123  5123 I SpaceAssistPopup: ○ send ready=false outChars=0
06-07 12:23:20.426  5123  5123 I SpaceAssistPopup: ▶ generation start fieldChars=4 token=26118
06-07 12:23:20.427  5123  6714 I OnDeviceAssist: ▶ assist_ipc task=grammar in=4 chars
06-07 12:23:20.437  5172  5192 I OnDeviceAssist: dispatch task=grammar in=4 chars engine=Ready
06-07 12:23:20.437  5172  5192 I OnDeviceAssist: ▶ runSync task=grammar in=4 chars locale=en
06-07 12:23:20.437  5172  5192 I OnDeviceAssist: ○ local grammar skipped: SymSpell unavailable for en
06-07 12:23:20.439  5172  5192 I OnDeviceAssist: → llm task=grammar model=qwen2.5-0.5b-instruct-q4_0.gguf temp=0.15 maxTok=48
06-07 12:23:20.553  5123  5123 I VkAutocorrect: picked: nice
06-07 12:23:20.657  5123  5445 I VkSuggestions: decode typedLen=0 candidates=3 locales=1 0.5ms
06-07 12:23:20.659  5123  5445 I VkSuggestions: strip prediction typedLen=0 candidates=3 autocorrect=false top=and locale=en
06-07 12:23:21.013  5123  5123 I SpaceAssistPopup: ○ typing idle scheduled
06-07 12:23:21.051  5123  6432 I OnDeviceAssist: … stream task=grammar chunk#1 +30 total=30
06-07 12:23:21.055  5123  5123 I SpaceAssistPopup: … stream chunk#1 +30 previewLen=8 overlay=false
06-07 12:23:21.123  5123  5445 I VkSuggestions: decode typedLen=1 candidates=18 locales=1 4.7ms
06-07 12:23:21.124  5123  5445 I VkSuggestions: strip composing typedLen=1 candidates=19 autocorrect=false top=t locale=en
06-07 12:23:21.161  5123  5123 I SpaceAssistPopup: ○ typing idle scheduled
06-07 12:23:21.167  5172  5191 I OnDeviceAssist: warm ok model=qwen2.5-0.5b-instruct-q4_0.gguf ambient=40 chars 251ms
06-07 12:23:21.168  5172  5192 I OnDeviceAssist: ✓ llm task=grammar 730ms out=10 chars
06-07 12:23:21.168  5172  5192 I OnDeviceAssist: done task=grammar 732ms out=10 chars
06-07 12:23:21.168  5123  6432 I OnDeviceAssist: ✓ assist (ime) task=grammar 741ms in=4 out=10
06-07 12:23:21.169  5123  5123 I SpaceAssistPopup: … stream chunk#2 +2 previewLen=10 overlay=false
06-07 12:23:21.189  5123  5123 I SpaceAssistPopup: ✓ generation done out=10 preview=10 overlay=false 763ms
06-07 12:23:21.190  5123  5123 I SpaceAssistPopup: ▶ overlay show: generation_success
06-07 12:23:21.190  5123  5123 I SpaceAssistPopup: → preview publish len=10 overlay=true force=true strip=true
06-07 12:23:21.190  5123  5123 I SpaceAssistPopup: ▶ send ready=true outChars=10
06-07 12:23:21.271  5123  5445 I VkSuggestions: decode typedLen=2 candidates=18 locales=1 8.3ms
06-07 12:23:21.274  5123  5445 I VkSuggestions: strip composing typedLen=2 candidates=17 autocorrect=false top=to locale=en
06-07 12:23:21.398  5123  5123 I VkAutocorrect: kept (typing): to
06-07 12:23:21.399  5123  5123 I SpaceAssistPopup: ○ typing idle scheduled
06-07 12:23:21.502  5123  5445 I VkSuggestions: decode typedLen=0 candidates=3 locales=1 0.5ms
06-07 12:23:21.504  5123  5445 I VkSuggestions: strip prediction typedLen=0 candidates=3 autocorrect=false top=a locale=en
06-07 12:23:21.928  5123  5123 I SpaceAssistPopup: ○ typing idle scheduled
06-07 12:23:22.033  5123  5445 I VkSuggestions: decode typedLen=1 candidates=18 locales=1 4.7ms
06-07 12:23:22.034  5123  5445 I VkSuggestions: strip composing typedLen=1 candidates=19 autocorrect=false top=m locale=en
06-07 12:23:22.082  5123  5123 I SpaceAssistPopup: ○ typing idle scheduled
06-07 12:23:22.186  5123  5445 I VkSuggestions: decode typedLen=2 candidates=18 locales=1 2.9ms
06-07 12:23:22.186  5123  5445 I VkSuggestions: strip composing typedLen=2 candidates=18 autocorrect=false top=me locale=en
06-07 12:23:22.218  5123  5123 I SpaceAssistPopup: ○ typing idle scheduled
06-07 12:23:22.331  5123  5445 W VibeKeyProfiler: Slow Native Suggest: Total=11.79ms | Init=0.15ms | TrieExpand(x15)=11.59ms | Scoring=0.05ms | inputSize=3
06-07 12:23:22.332  5123  5445 I VkSuggestions: decode typedLen=3 candidates=18 locales=1 12.9ms
06-07 12:23:22.335  5123  5445 I VkSuggestions: strip composing typedLen=3 candidates=16 autocorrect=false top=mee locale=en
06-07 12:23:22.419  5123  5123 I SpaceAssistPopup: ○ typing idle scheduled
06-07 12:23:22.523  5123  5445 I VkSuggestions: decode typedLen=4 candidates=18 locales=1 4.4ms
06-07 12:23:22.524  5123  5445 I VkSuggestions: strip composing typedLen=4 candidates=15 autocorrect=false top=meet locale=en
06-07 12:23:22.605  5123  5123 I VkAutocorrect: kept (typing): meet
06-07 12:23:22.606  5123  5123 I SpaceAssistPopup: ○ typing idle scheduled
06-07 12:23:22.708  5123  5445 I VkSuggestions: decode typedLen=0 candidates=3 locales=1 0.5ms
06-07 12:23:22.710  5123  5445 I VkSuggestions: strip prediction typedLen=0 candidates=3 autocorrect=false top=in locale=en
06-07 12:23:23.167  5123  5123 I SpaceAssistPopup: ○ typing idle scheduled
06-07 12:23:23.276  5123  5445 I VkSuggestions: decode typedLen=1 candidates=18 locales=1 4.4ms
06-07 12:23:23.277  5123  5445 I VkSuggestions: strip composing typedLen=1 candidates=19 autocorrect=false top=y locale=en
06-07 12:23:23.361  5123  5123 I SpaceAssistPopup: ○ typing idle scheduled
06-07 12:23:23.465  5123  5445 I VkSuggestions: decode typedLen=2 candidates=18 locales=1 4.0ms
06-07 12:23:23.466  5123  5445 I VkSuggestions: strip composing typedLen=2 candidates=15 autocorrect=false top=yo locale=en
06-07 12:23:23.563  5123  5123 I SpaceAssistPopup: ○ typing idle scheduled
06-07 12:23:23.674  5123  5445 W VibeKeyProfiler: Slow Native Suggest: Total=9.16ms | Init=0.19ms | TrieExpand(x19)=8.91ms | Scoring=0.06ms | inputSize=3
06-07 12:23:23.676  5123  5445 I VkSuggestions: decode typedLen=3 candidates=18 locales=1 10.7ms
06-07 12:23:23.679  5123  5445 I VkSuggestions: strip composing typedLen=3 candidates=16 autocorrect=false top=you locale=en
06-07 12:23:24.025  5123  5123 I VkAutocorrect: kept (typing): you
06-07 12:23:24.026  5123  5123 I SpaceAssistPopup: ○ typing idle scheduled
06-07 12:23:24.128  5123  5445 I VkSuggestions: decode typedLen=0 candidates=4 locales=1 0.8ms
06-07 12:23:24.131  5123  5445 I VkSuggestions: strip prediction typedLen=0 candidates=6 autocorrect=false top=soon in locale=en
06-07 12:23:24.682  5123  5123 I SpaceAssistPopup: ○ typing idle scheduled
06-07 12:23:24.704  5123  5123 I SpaceAssistPopup: ▶ fetch start fieldChars=18 inFlight=false cached=true
06-07 12:23:24.707  5123  5123 I SpaceAssistPopup: ○ send ready=false outChars=10
06-07 12:23:24.708  5123  5123 I SpaceAssistPopup: ▶ generation start fieldChars=18 token=24295
06-07 12:23:24.708  5123  6714 I OnDeviceAssist: ▶ assist_ipc task=grammar in=18 chars
06-07 12:23:24.721  5172  5192 I OnDeviceAssist: dispatch task=grammar in=18 chars engine=Ready
06-07 12:23:24.722  5172  5192 I OnDeviceAssist: ▶ runSync task=grammar in=18 chars locale=en
06-07 12:23:24.722  5172  5192 I OnDeviceAssist: ○ local grammar skipped: SymSpell unavailable for en
06-07 12:23:24.722  5172  5192 I OnDeviceAssist: → llm task=grammar model=qwen2.5-0.5b-instruct-q4_0.gguf temp=0.15 maxTok=48
06-07 12:23:24.803  5123  5445 W VibeKeyProfiler: Slow Native Suggest: Total=19.61ms | Init=0.56ms | TrieExpand(x16)=18.97ms | Scoring=0.07ms | inputSize=1
06-07 12:23:24.804  5123  5445 I VkSuggestions: decode typedLen=1 candidates=18 locales=1 21.1ms
06-07 12:23:24.805  5123  5445 W VkSuggestions: slow frame 21.1ms locales=1 typedLen=1 candidates=18
06-07 12:23:24.807  5123  5445 I VkSuggestions: strip composing typedLen=1 candidates=18 autocorrect=false top=a locale=en
06-07 12:23:24.929  5123  5123 I SpaceAssistPopup: ○ typing idle scheduled
06-07 12:23:25.055  5123  5445 W VibeKeyProfiler: Slow Native Suggest: Total=12.56ms | Init=0.14ms | TrieExpand(x17)=12.39ms | Scoring=0.02ms | inputSize=2
06-07 12:23:25.055  5123  5445 I VkSuggestions: decode typedLen=2 candidates=18 locales=1 13.1ms
06-07 12:23:25.056  5123  5445 I VkSuggestions: strip composing typedLen=2 candidates=17 autocorrect=false top=at locale=en
06-07 12:23:25.117  5123  5123 I SpaceAssistPopup: ○ typing idle scheduled
06-07 12:23:25.220  5123  5445 I VkSuggestions: decode typedLen=3 candidates=18 locales=1 3.7ms
06-07 12:23:25.221  5123  5445 I VkSuggestions: strip composing typedLen=3 candidates=19 autocorrect=false top=atw locale=en
06-07 12:23:25.324  5123  5123 I SpaceAssistPopup: ○ typing idle scheduled
06-07 12:23:25.411  5123  5452 I OnDeviceAssist: … stream task=grammar chunk#1 +27 total=27
06-07 12:23:25.413  5123  5123 I SpaceAssistPopup: … stream chunk#1 +27 previewLen=27 overlay=true
06-07 12:23:25.459  5123  5123 I SpaceAssistPopup: ○ typing idle scheduled
06-07 12:23:25.547  5123  5123 I SpaceAssistPopup: … stream chunk#2 +11 previewLen=36 overlay=true
06-07 12:23:25.577  5123  5445 I VkSuggestions: decode typedLen=5 candidates=18 locales=1 3.7ms
06-07 12:23:25.579  5123  5445 I VkSuggestions: strip composing typedLen=5 candidates=19 autocorrect=false top=atwvw locale=en
06-07 12:23:25.902  5123  5123 I SpaceAssistPopup: … stream chunk#3 +19 previewLen=17 overlay=true
06-07 12:23:25.944  5172  6140 I OnDeviceAssist: warm ok model=qwen2.5-0.5b-instruct-q4_0.gguf ambient=40 chars 753ms
06-07 12:23:25.944  5172  5192 I OnDeviceAssist: ✓ llm task=grammar 1222ms out=17 chars
06-07 12:23:25.944  5172  5192 I OnDeviceAssist: done task=grammar 1223ms out=17 chars
06-07 12:23:25.944  5123  5210 I OnDeviceAssist: ✓ assist (ime) task=grammar 1236ms in=18 out=17
06-07 12:23:25.979  5123  5123 I SpaceAssistPopup: ✓ generation done out=17 preview=17 overlay=true 1272ms
06-07 12:23:25.980  5123  5123 I SpaceAssistPopup: ▶ overlay show: generation_success
06-07 12:23:25.981  5123  5123 I SpaceAssistPopup: → preview publish len=17 overlay=true force=true strip=true
06-07 12:23:25.981  5123  5123 I SpaceAssistPopup: ▶ send ready=true outChars=17
06-07 12:23:26.135  5123  5123 I SpaceAssistPopup: ▶ fetch start fieldChars=22 inFlight=false cached=true
06-07 12:23:26.137  5123  5123 I SpaceAssistPopup: ▶ overlay show: cached_minor_growth
06-07 12:23:26.137  5123  5123 I SpaceAssistPopup: → preview publish len=17 overlay=true force=false strip=true
06-07 12:23:26.138  5123  5123 I SpaceAssistPopup: ▶ send ready=true outChars=17
06-07 12:23:26.286  5123  5123 I VkAutocorrect: picked: Steve
06-07 12:23:26.390  5123  5445 I VkSuggestions: decode typedLen=0 candidates=3 locales=1 0.3ms
06-07 12:23:26.392  5123  5445 I VkSuggestions: strip prediction typedLen=0 candidates=3 autocorrect=false top=case locale=en
06-07 12:23:26.405  5123  5123 I SpaceAssistPopup: ▶ overlay show: resume
06-07 12:23:26.405  5123  5123 I SpaceAssistPopup: → preview publish len=17 overlay=true force=false strip=true
06-07 12:23:26.406  5123  5123 I SpaceAssistPopup: ▶ send ready=true outChars=17
06-07 12:23:26.407  5123  5123 I SpaceAssistPopup: ▶ overlay show: resume
06-07 12:23:26.407  5123  5123 I SpaceAssistPopup: → preview publish len=17 overlay=true force=false strip=true
06-07 12:23:26.408  5123  5123 I SpaceAssistPopup: ▶ send ready=true outChars=17
06-07 12:23:26.635  5172  5192 I OnDeviceAssist: warm ok model=qwen2.5-0.5b-instruct-q4_0.gguf ambient=40 chars 0ms
06-07 12:23:26.976  5123  5123 I SpaceAssistPopup: ○ typing idle scheduled
06-07 12:23:27.094  5123  5445 W VibeKeyProfiler: Slow Native Suggest: Total=13.20ms | Init=0.80ms | TrieExpand(x16)=12.36ms | Scoring=0.05ms | inputSize=1
06-07 12:23:27.095  5123  5445 I VkSuggestions: decode typedLen=1 candidates=18 locales=1 14.3ms
06-07 12:23:27.097  5123  5445 I VkSuggestions: strip composing typedLen=1 candidates=19 autocorrect=false top=h locale=en
06-07 12:23:27.170  5123  5123 I SpaceAssistPopup: ○ typing idle scheduled
06-07 12:23:27.275  5123  5445 I VkSuggestions: decode typedLen=2 candidates=18 locales=1 3.7ms
06-07 12:23:27.276  5123  5445 I VkSuggestions: strip composing typedLen=2 candidates=17 autocorrect=false top=ho locale=en
06-07 12:23:27.365  5123  5123 I SpaceAssistPopup: ○ typing idle scheduled
06-07 12:23:27.469  5123  5445 I VkSuggestions: decode typedLen=3 candidates=18 locales=1 3.8ms
06-07 12:23:27.471  5123  5445 I VkAutocorrect: offered: hoo → hoo
06-07 12:23:27.471  5123  5445 I VkSuggestions: strip composing typedLen=3 candidates=16 autocorrect=true top=hoo locale=en
06-07 12:23:27.481  5123  5123 I SpaceAssistPopup: ○ typing idle scheduled
06-07 12:23:27.593  5123  5445 I VkSuggestions: decode typedLen=4 candidates=18 locales=1 3.4ms
06-07 12:23:27.594  5123  5445 I VkAutocorrect: offered: hooe → hooe
06-07 12:23:27.594  5123  5445 I VkSuggestions: strip composing typedLen=4 candidates=13 autocorrect=true top=hooe locale=en
06-07 12:23:27.696  5123  5123 I VkAutocorrect: committed (typing): hooe → hope
06-07 12:23:27.697  5123  5123 I SpaceAssistPopup: ○ typing idle scheduled
06-07 12:23:27.799  5123  5445 I VkSuggestions: decode typedLen=0 candidates=4 locales=1 0.4ms
06-07 12:23:27.801  5123  5445 I VkSuggestions: strip prediction typedLen=0 candidates=6 autocorrect=false top=all is locale=en
06-07 12:23:28.021  5123  5123 I SpaceAssistPopup: ○ typing idle scheduled
06-07 12:23:28.134  5123  5445 W VibeKeyProfiler: Slow Native Suggest: Total=12.13ms | Init=0.56ms | TrieExpand(x16)=11.51ms | Scoring=0.05ms | inputSize=1
06-07 12:23:28.136  5123  5445 I VkSuggestions: decode typedLen=1 candidates=18 locales=1 13.3ms
06-07 12:23:28.138  5123  5445 I VkSuggestions: strip composing typedLen=1 candidates=17 autocorrect=false top=a locale=en
06-07 12:23:28.222  5123  5123 I SpaceAssistPopup: ○ typing idle scheduled
06-07 12:23:28.326  5123  5445 I VkSuggestions: decode typedLen=2 candidates=18 locales=1 2.9ms
06-07 12:23:28.327  5123  5445 I VkAutocorrect: offered: al → al
06-07 12:23:28.327  5123  5445 I VkSuggestions: strip composing typedLen=2 candidates=18 autocorrect=true top=al locale=en
06-07 12:23:28.389  5123  5123 I SpaceAssistPopup: ○ typing idle scheduled
06-07 12:23:28.501  5123  5445 W VibeKeyProfiler: Slow Native Suggest: Total=9.99ms | Init=0.15ms | TrieExpand(x16)=9.78ms | Scoring=0.06ms | inputSize=3
06-07 12:23:28.502  5123  5445 I VkSuggestions: decode typedLen=3 candidates=18 locales=1 11.2ms
06-07 12:23:28.504  5123  5445 I VkSuggestions: strip composing typedLen=3 candidates=14 autocorrect=false top=all locale=en
06-07 12:23:28.740  5123  5123 I VkAutocorrect: kept (typing): all
06-07 12:23:28.741  5123  5123 I SpaceAssistPopup: ○ typing idle scheduled
06-07 12:23:28.842  5123  5445 I VkSuggestions: decode typedLen=0 candidates=4 locales=1 0.4ms
06-07 12:23:28.844  5123  5445 I VkSuggestions: strip prediction typedLen=0 candidates=6 autocorrect=false top=is well locale=en
06-07 12:23:29.109  5123  5123 I SpaceAssistPopup: ○ typing idle scheduled
06-07 12:23:29.214  5123  5445 I VkSuggestions: decode typedLen=1 candidates=18 locales=1 4.8ms
06-07 12:23:29.215  5123  5445 I VkSuggestions: strip composing typedLen=1 candidates=15 autocorrect=false top=i locale=en
06-07 12:23:29.227  5123  5123 I SpaceAssistPopup: ○ typing idle scheduled
06-07 12:23:29.331  5123  5445 I VkSuggestions: decode typedLen=2 candidates=18 locales=1 3.8ms
06-07 12:23:29.333  5123  5445 I VkSuggestions: strip composing typedLen=2 candidates=15 autocorrect=false top=is locale=en
06-07 12:23:29.366  5123  5123 I VkAutocorrect: kept (typing): is
06-07 12:23:29.367  5123  5123 I SpaceAssistPopup: ○ typing idle scheduled
06-07 12:23:29.468  5123  5445 I VkSuggestions: strip prediction typedLen=0 candidates=6 autocorrect=false top=well locale=en
06-07 12:23:29.509  5123  5123 I SpaceAssistPopup: ○ typing idle scheduled
06-07 12:23:29.623  5123  5445 I VkSuggestions: decode typedLen=1 candidates=18 locales=1 4.8ms
06-07 12:23:29.624  5123  5445 I VkSuggestions: strip composing typedLen=1 candidates=18 autocorrect=false top=w locale=en
06-07 12:23:29.702  5123  5123 I SpaceAssistPopup: ○ typing idle scheduled
06-07 12:23:29.806  5123  5445 I VkSuggestions: decode typedLen=2 candidates=18 locales=1 3.9ms
06-07 12:23:29.808  5123  5445 I VkSuggestions: strip composing typedLen=2 candidates=15 autocorrect=false top=we locale=en
06-07 12:23:29.816  5123  5123 I SpaceAssistPopup: ○ typing idle scheduled
06-07 12:23:29.920  5123  5445 I VkSuggestions: decode typedLen=3 candidates=18 locales=1 3.7ms
06-07 12:23:29.921  5123  5445 I VkAutocorrect: offered: wel → wel
06-07 12:23:29.921  5123  5445 I VkSuggestions: strip composing typedLen=3 candidates=16 autocorrect=true top=wel locale=en
06-07 12:23:29.954  5123  5123 I SpaceAssistPopup: ○ typing idle scheduled
06-07 12:23:30.064  5123  5445 W VibeKeyProfiler: Slow Native Suggest: Total=8.79ms | Init=0.18ms | TrieExpand(x17)=8.57ms | Scoring=0.04ms | inputSize=4
06-07 12:23:30.065  5123  5445 I VkSuggestions: decode typedLen=4 candidates=18 locales=1 9.7ms
06-07 12:23:30.067  5123  5445 I VkSuggestions: strip composing typedLen=4 candidates=12 autocorrect=false top=well locale=en
06-07 12:23:30.254  5123  5123 I VkAutocorrect: kept (typing): well
06-07 12:23:30.256  5123  5123 I SpaceAssistPopup: ○ typing idle scheduled
06-07 12:23:30.359  5123  5445 I VkSuggestions: strip prediction typedLen=0 candidates=6 autocorrect=false top=jorge locale=en
06-07 12:23:30.528  5123  5123 I SpaceAssistPopup: ○ typing idle scheduled
06-07 12:23:30.639  5123  5445 W VibeKeyProfiler: Slow Native Suggest: Total=11.52ms | Init=0.62ms | TrieExpand(x14)=10.84ms | Scoring=0.06ms | inputSize=1
06-07 12:23:30.641  5123  5445 I VkSuggestions: decode typedLen=1 candidates=18 locales=1 12.7ms
06-07 12:23:30.643  5123  5445 I VkSuggestions: strip composing typedLen=1 candidates=19 autocorrect=false top=m locale=en
06-07 12:23:30.827  5123  5123 I SpaceAssistPopup: ○ typing idle scheduled
06-07 12:23:30.936  5123  5445 I VkSuggestions: decode typedLen=2 candidates=18 locales=1 7.7ms
06-07 12:23:30.938  5123  5445 I VkSuggestions: strip composing typedLen=2 candidates=18 autocorrect=false top=my locale=en
06-07 12:23:31.161  5123  5123 I VkAutocorrect: kept (typing): my
06-07 12:23:31.162  5123  5123 I SpaceAssistPopup: ○ typing idle scheduled
06-07 12:23:31.264  5123  5445 I VkSuggestions: decode typedLen=0 candidates=3 locales=1 0.7ms
06-07 12:23:31.267  5123  5445 I VkSuggestions: strip prediction typedLen=0 candidates=3 autocorrect=false top=own locale=en
06-07 12:23:31.764  5123  5123 I SpaceAssistPopup: ○ typing idle scheduled
06-07 12:23:31.837  5123  5123 I SpaceAssistPopup: ▶ fetch start fieldChars=44 inFlight=false cached=true
06-07 12:23:31.842  5123  5123 I SpaceAssistPopup: ○ send ready=false outChars=17
06-07 12:23:31.843  5123  5123 I SpaceAssistPopup: ▶ generation start fieldChars=44 token=65168
06-07 12:23:31.844  5123  5155 I OnDeviceAssist: ▶ assist_ipc task=grammar in=44 chars
06-07 12:23:31.864  5172  5192 I OnDeviceAssist: dispatch task=grammar in=44 chars engine=Ready
06-07 12:23:31.864  5172  5192 I OnDeviceAssist: ▶ runSync task=grammar in=44 chars locale=en
06-07 12:23:31.864  5172  5192 I OnDeviceAssist: ○ local grammar skipped: SymSpell unavailable for en
06-07 12:23:31.864  5172  5192 I OnDeviceAssist: → llm task=grammar model=qwen2.5-0.5b-instruct-q4_0.gguf temp=0.15 maxTok=53
06-07 12:23:31.875  5123  5445 I VkSuggestions: decode typedLen=1 candidates=18 locales=1 4.2ms
06-07 12:23:31.876  5123  5445 I VkSuggestions: strip composing typedLen=1 candidates=19 autocorrect=false top=f locale=en
06-07 12:23:31.978  5123  5123 I SpaceAssistPopup: ○ typing idle scheduled
06-07 12:23:32.089  5123  5445 W VibeKeyProfiler: Slow Native Suggest: Total=10.02ms | Init=0.11ms | TrieExpand(x16)=9.85ms | Scoring=0.06ms | inputSize=2
06-07 12:23:32.090  5123  5445 I VkSuggestions: decode typedLen=2 candidates=18 locales=1 11.1ms
06-07 12:23:32.093  5123  5445 I VkAutocorrect: offered: fe → fe
06-07 12:23:32.094  5123  5445 I VkSuggestions: strip composing typedLen=2 candidates=19 autocorrect=true top=fe locale=en
06-07 12:23:32.127  5123  5123 I SpaceAssistPopup: ○ typing idle scheduled
06-07 12:23:32.238  5123  5445 W VibeKeyProfiler: Slow Native Suggest: Total=10.79ms | Init=0.18ms | TrieExpand(x22)=10.53ms | Scoring=0.07ms | inputSize=3
06-07 12:23:32.239  5123  5445 I VkSuggestions: decode typedLen=3 candidates=18 locales=1 11.7ms
06-07 12:23:32.242  5123  5445 I VkSuggestions: strip composing typedLen=3 candidates=19 autocorrect=false top=fei locale=en
06-07 12:23:32.286  5123  5123 I SpaceAssistPopup: ○ typing idle scheduled
06-07 12:23:32.396  5123  5445 W VibeKeyProfiler: Slow Native Suggest: Total=9.82ms | Init=0.28ms | TrieExpand(x17)=9.45ms | Scoring=0.09ms | inputSize=4
06-07 12:23:32.398  5123  5445 I VkSuggestions: decode typedLen=4 candidates=18 locales=1 11.4ms
06-07 12:23:32.402  5123  5445 I VkSuggestions: strip composing typedLen=4 candidates=17 autocorrect=false top=feiw locale=en
06-07 12:23:32.433  5123  5123 I SpaceAssistPopup: ○ typing idle scheduled
06-07 12:23:32.492  5123  5123 I SpaceAssistPopup: ○ typing idle scheduled
06-07 12:23:32.595  5123  5445 I VkSuggestions: decode typedLen=6 candidates=18 locales=1 2.5ms
06-07 12:23:32.596  5123  5445 I VkAutocorrect: offered: feiwbd → feiwbd
06-07 12:23:32.596  5123  5445 I VkSuggestions: strip composing typedLen=6 candidates=17 autocorrect=true top=feiwbd locale=en
06-07 12:23:32.613  5123  5123 I SpaceAssistPopup: ○ typing idle scheduled
06-07 12:23:32.637  5123  5210 I OnDeviceAssist: … stream task=grammar chunk#1 +32 total=32
06-07 12:23:32.640  5123  5123 I SpaceAssistPopup: … stream chunk#1 +32 previewLen=30 overlay=true
06-07 12:23:32.716  5123  5445 I VkSuggestions: decode typedLen=7 candidates=18 locales=1 2.4ms
06-07 12:23:32.717  5123  5445 I VkSuggestions: strip composing typedLen=7 candidates=17 autocorrect=false top=feiwbdb locale=en
06-07 12:23:33.004  5123  5123 I SpaceAssistPopup: … stream chunk#2 +18 previewLen=18 overlay=true
06-07 12:23:33.287  5123  5123 I SpaceAssistPopup: … stream chunk#3 +24 previewLen=42 overlay=true
06-07 12:23:33.291  5123  5123 I SpaceAssistPopup: ▶ fetch start fieldChars=50 inFlight=true cached=false
06-07 12:23:33.292  5123  5123 I SpaceAssistPopup: ▶ overlay show: resume
06-07 12:23:33.292  5123  5123 I SpaceAssistPopup: → preview publish len=42 overlay=true force=false strip=true
06-07 12:23:33.300  5123  5123 I SpaceAssistPopup: ○ send ready=false outChars=42
06-07 12:23:33.474  5172  5192 W OnDeviceAssist: ✗ llm task=grammar 1610ms: llama_decode failed
06-07 12:23:33.474  5172  6140 I OnDeviceAssist: warm ok model=qwen2.5-0.5b-instruct-q4_0.gguf ambient=40 chars 1150ms
06-07 12:23:33.474  5172  5192 W OnDeviceAssist: failed task=grammar 1610ms
06-07 12:23:33.474  5123  5452 W OnDeviceAssist: ✗ assist (ime) task=grammar 1630ms: llama_decode failed
06-07 12:23:33.498  5123  5123 I SpaceAssistPopup: ✓ generation done out=42 preview=42 overlay=true 1655ms
06-07 12:23:33.498  5123  5123 I SpaceAssistPopup: ▶ overlay show: partial_success
06-07 12:23:33.498  5123  5123 I SpaceAssistPopup: → preview publish len=42 overlay=true force=true strip=true
06-07 12:23:33.499  5123  5123 I SpaceAssistPopup: ▶ send ready=true outChars=42
06-07 12:23:33.635  5123  5123 I SpaceAssistPopup: ▶ fetch start fieldChars=50 inFlight=false cached=true
06-07 12:23:33.637  5123  5123 I SpaceAssistPopup: ▶ overlay show: cached_minor_growth
06-07 12:23:33.638  5123  5123 I SpaceAssistPopup: → preview publish len=42 overlay=true force=false strip=true
06-07 12:23:33.638  5123  5123 I SpaceAssistPopup: ▶ send ready=true outChars=42
06-07 12:23:33.796  5172  5191 I OnDeviceAssist: warm ok model=qwen2.5-0.5b-instruct-q4_0.gguf ambient=40 chars 0ms
06-07 12:23:33.879  5123  5123 I VkAutocorrect: picked: friends
06-07 12:23:33.983  5123  5445 I VkSuggestions: decode typedLen=0 candidates=3 locales=1 0.4ms
06-07 12:23:33.985  5123  5445 I VkSuggestions: strip prediction typedLen=0 candidates=3 autocorrect=false top=and locale=en
06-07 12:23:34.000  5123  5123 I SpaceAssistPopup: ▶ overlay show: resume
06-07 12:23:34.001  5123  5123 I SpaceAssistPopup: → preview publish len=42 overlay=true force=false strip=true
06-07 12:23:34.001  5123  5123 I SpaceAssistPopup: ▶ send ready=true outChars=42
06-07 12:23:34.003  5123  5123 I SpaceAssistPopup: ▶ overlay show: resume
06-07 12:23:34.003  5123  5123 I SpaceAssistPopup: → preview publish len=42 overlay=true force=false strip=true
06-07 12:23:34.003  5123  5123 I SpaceAssistPopup: ▶ send ready=true outChars=42
06-07 12:23:34.123  5172  5191 I OnDeviceAssist: warm ok model=qwen2.5-0.5b-instruct-q4_0.gguf ambient=40 chars 0ms
06-07 12:23:38.309  5123  5123 I SpaceAssistPopup: ○ typing idle scheduled
06-07 12:23:38.985  5123  5123 I SpaceAssistPopup: ▶ fetch start fieldChars=51 inFlight=false cached=true
06-07 12:23:38.988  5123  5123 I SpaceAssistPopup: ▶ overlay show: cached_minor_growth
06-07 12:23:38.989  5123  5123 I SpaceAssistPopup: → preview publish len=42 overlay=true force=false strip=true
06-07 12:23:38.989  5123  5123 I SpaceAssistPopup: ▶ send ready=true outChars=42
06-07 12:23:39.482  5172  5191 I OnDeviceAssist: warm ok model=qwen2.5-0.5b-instruct-q4_0.gguf ambient=40 chars 0ms
06-07 12:23:40.587  5123  5123 I SpaceAssistPopup: ✓ send commit chars=42
06-07 12:23:40.588  5123  5123 I SpaceAssistPopup: ○ overlay hide: force_dismiss
06-07 12:23:40.588  5123  5123 I SpaceAssistPopup: ○ send ready=false outChars=0
06-07 12:23:44.755  5123  5123 I VkTyping: ▶ open restart=true pkg=com.android.launcher inputType=589825
06-07 12:23:45.547  5123  5123 I SpaceAssistPopup: ○ send ready=false outChars=0
06-07 12:23:45.548  5123  5123 I VkPanels: ▶ open menu
06-07 12:23:45.629  5172  6141 I OnDeviceAssist: warm ok model=qwen2.5-0.5b-instruct-q4_0.gguf ambient=40 chars 0ms
06-07 12:23:46.390  5123  5123 I VkTyping: ○ hidden
06-07 12:23:46.483  5123  5123 W Settings: Setting transition_animation_scale has moved from android.provider.Settings.System to android.provider.Settings.Global, returning read-only value.
06-07 12:23:50.693  5123  5169 E BLASTBufferQueue: BLASTBufferItemConsumer::onDisconnect()
06-07 12:23:51.768  5123  5169 E BLASTBufferQueue: BLASTBufferItemConsumer::onDisconnect()

=== Feature activity (persisted across restarts) ===
2026-06-07 12:21:53.880724 I VkFavorites: save card Bitcoin Vibe activate=false
2026-06-07 12:21:53.951669 I VkFavorites: save card Doge Meme activate=false
2026-06-07 12:21:54.016793 I VkFavorites: save card Ethereum Vibes activate=false
2026-06-07 12:21:54.067116 I VkFavorites: save card India Popular City activate=false
2026-06-07 12:21:54.150142 I VkFavorites: save card Miami Beach Crypto activate=false
2026-06-07 12:21:54.220997 I VkFavorites: save card Nike Sneakers Crypto activate=false
2026-06-07 12:21:54.271247 I VkFavorites: save card Pepe Meme Frog activate=false
2026-06-07 12:21:54.324498 I VkFavorites: save card Times Square NFT activate=false
2026-06-07 12:21:54.420864 I VkMultilingual: reset main=en-US locales=[en] count=1
2026-06-07 12:21:54.595720 I SetupWizard: [+13262ms] ai_path_selected | ondevice
2026-06-07 12:21:55.225900 I SetupWizard: [+13892ms] ondevice_download_start
2026-06-07 12:21:55.847123 I SetupWizard: [+14513ms] save_continue | path=ondevice
2026-06-07 12:22:20.655952 I VkSwipe: ○ gesture canceled
2026-06-07 12:22:20.670342 I VkEffects: reload anim=scale blur=562px glow=true stickers=true
2026-06-07 12:22:20.746378 I SpaceAssistPopup: ○ send ready=false outChars=0
2026-06-07 12:22:20.761325 I VkTyping: ▶ open restart=false pkg=com.android.launcher inputType=589825
2026-06-07 12:22:22.130423 I VkSuggestions: decode typedLen=1 candidates=18 locales=1 16.1ms
2026-06-07 12:22:22.131589 W VkSuggestions: slow frame 16.1ms locales=1 typedLen=1 candidates=18
2026-06-07 12:22:22.134810 I VkSuggestions: strip composing typedLen=1 candidates=19 autocorrect=false top=h locale=en
2026-06-07 12:22:22.371228 I VkSuggestions: decode typedLen=2 candidates=18 locales=1 3.1ms
2026-06-07 12:22:22.373486 I VkSuggestions: strip composing typedLen=2 candidates=17 autocorrect=false top=ho locale=en
2026-06-07 12:22:22.564956 I VkSuggestions: decode typedLen=3 candidates=18 locales=1 3.2ms
2026-06-07 12:22:22.566222 I VkSuggestions: strip composing typedLen=3 candidates=17 autocorrect=false top=hop locale=en
2026-06-07 12:22:22.694577 I VkSuggestions: decode typedLen=4 candidates=18 locales=1 7.1ms
2026-06-07 12:22:22.696695 I VkSuggestions: strip composing typedLen=4 candidates=16 autocorrect=false top=hope locale=en
2026-06-07 12:22:23.212563 I VkAutocorrect: picked: hope
2026-06-07 12:22:23.315788 I VkSuggestions: decode typedLen=0 candidates=3 locales=1 0.3ms
2026-06-07 12:22:23.327286 I VkSuggestions: strip prediction typedLen=0 candidates=3 autocorrect=false top=for locale=en
2026-06-07 12:22:23.758142 I VkSuggestions: decode typedLen=2 candidates=18 locales=1 3.7ms
2026-06-07 12:22:23.759351 I VkAutocorrect: offered: al → al
2026-06-07 12:22:23.759640 I VkSuggestions: strip composing typedLen=2 candidates=19 autocorrect=true top=al locale=en
2026-06-07 12:22:23.925621 I VkSuggestions: decode typedLen=3 candidates=18 locales=1 9.6ms
2026-06-07 12:22:23.929983 I VkSuggestions: strip composing typedLen=3 candidates=16 autocorrect=false top=all locale=en
2026-06-07 12:22:24.248998 I VkAutocorrect: kept (typing): all
2026-06-07 12:22:24.352027 I VkSuggestions: decode typedLen=0 candidates=3 locales=1 0.5ms
2026-06-07 12:22:24.353802 I VkSuggestions: strip prediction typedLen=0 candidates=3 autocorrect=false top=that locale=en
2026-06-07 12:22:25.303966 I VkSuggestions: decode typedLen=1 candidates=18 locales=1 7.4ms
2026-06-07 12:22:25.305059 I VkSuggestions: strip composing typedLen=1 candidates=16 autocorrect=false top=i locale=en
2026-06-07 12:22:25.783221 I VkSuggestions: decode typedLen=2 candidates=18 locales=1 4.5ms
2026-06-07 12:22:25.784548 I VkSuggestions: strip composing typedLen=2 candidates=18 autocorrect=false top=is locale=en
2026-06-07 12:22:25.861550 I VkAutocorrect: kept (typing): is
2026-06-07 12:22:25.963274 I VkSuggestions: decode typedLen=0 candidates=3 locales=1 0.3ms
2026-06-07 12:22:25.966074 I VkSuggestions: strip prediction typedLen=0 candidates=3 autocorrect=false top=a locale=en
2026-06-07 12:22:26.372730 I VkSuggestions: decode typedLen=2 candidates=18 locales=1 2.8ms
2026-06-07 12:22:26.373953 I VkSuggestions: strip composing typedLen=2 candidates=14 autocorrect=false top=jj locale=en
2026-06-07 12:22:26.803601 I VkSuggestions: decode typedLen=1 candidates=18 locales=1 4.5ms
2026-06-07 12:22:26.804986 I VkSuggestions: strip composing typedLen=1 candidates=19 autocorrect=false top=j locale=en
2026-06-07 12:22:26.982514 I VkSuggestions: strip prediction typedLen=0 candidates=3 autocorrect=false top=a locale=en
2026-06-07 12:22:27.420596 I VkSuggestions: strip composing typedLen=1 candidates=19 autocorrect=false top=w locale=en
2026-06-07 12:22:27.555663 I SetupWizard: [+46222ms] ondevice_download_complete | success=true
2026-06-07 12:22:27.599345 I SpaceAssistPopup: ○ typing idle scheduled
2026-06-07 12:22:27.702657 I VkSuggestions: decode typedLen=2 candidates=18 locales=1 3.2ms
2026-06-07 12:22:27.704237 I VkSuggestions: strip composing typedLen=2 candidates=18 autocorrect=false top=wl locale=en
2026-06-07 12:22:27.756471 I SpaceAssistPopup: ○ typing idle scheduled
2026-06-07 12:22:27.863010 I VkSuggestions: decode typedLen=3 candidates=18 locales=1 6.1ms
2026-06-07 12:22:27.867347 I VkAutocorrect: offered: wll → wll
2026-06-07 12:22:27.867669 I VkSuggestions: strip composing typedLen=3 candidates=16 autocorrect=true top=wll locale=en
2026-06-07 12:22:28.258028 I SpaceAssistPopup: ○ typing idle scheduled
2026-06-07 12:22:28.361871 I VkSuggestions: decode typedLen=2 candidates=18 locales=1 4.1ms
2026-06-07 12:22:28.363723 I VkSuggestions: strip composing typedLen=2 candidates=18 autocorrect=false top=wl locale=en
2026-06-07 12:22:28.433800 I SpaceAssistPopup: ○ typing idle scheduled
2026-06-07 12:22:28.539240 I VkSuggestions: decode typedLen=1 candidates=18 locales=1 5.0ms
2026-06-07 12:22:28.547882 I VkSuggestions: strip composing typedLen=1 candidates=19 autocorrect=false top=w locale=en
2026-06-07 12:22:29.026463 I SpaceAssistPopup: ○ typing idle scheduled
2026-06-07 12:22:29.106619 I SpaceAssistPopup: ▶ fetch start fieldChars=14 inFlight=false cached=false
2026-06-07 12:22:29.107204 I SpaceAssistPopup: ○ send ready=false outChars=0
2026-06-07 12:22:29.107410 I SpaceAssistPopup: ▶ generation start fieldChars=14 token=4410
2026-06-07 12:22:29.108271 I OnDeviceAssist: ▶ assist_ipc task=grammar in=14 chars
2026-06-07 12:22:29.121162 W OnDeviceAssist: ✗ assist (ime) task=grammar 13ms: Engine stopped
2026-06-07 12:22:29.123090 W SpaceAssistPopup: ✗ generation failed 15ms: Engine stopped preview=0 overlay=false
2026-06-07 12:22:29.123325 W SpaceAssistPopup: failed: Engine stopped
2026-06-07 12:22:29.123591 I SpaceAssistPopup: ○ send ready=false outChars=0
2026-06-07 12:22:29.129936 I VkSuggestions: decode typedLen=2 candidates=18 locales=1 3.4ms
2026-06-07 12:22:29.131880 I VkAutocorrect: offered: ww → ww
2026-06-07 12:22:29.132217 I VkSuggestions: strip composing typedLen=2 candidates=16 autocorrect=true top=ww locale=en
2026-06-07 12:22:29.170982 I SpaceAssistPopup: ○ typing idle scheduled
2026-06-07 12:22:29.276520 I VkSuggestions: decode typedLen=3 candidates=18 locales=1 6.0ms
2026-06-07 12:22:29.279572 I VkSuggestions: strip composing typedLen=3 candidates=19 autocorrect=false top=wwl locale=en
2026-06-07 12:22:29.343857 I SpaceAssistPopup: ○ typing idle scheduled
2026-06-07 12:22:29.447352 I VkSuggestions: decode typedLen=4 candidates=18 locales=1 3.3ms
2026-06-07 12:22:29.449764 I VkAutocorrect: offered: wwll → wwll
2026-06-07 12:22:29.450202 I VkSuggestions: strip composing typedLen=4 candidates=11 autocorrect=true top=wwll locale=en
2026-06-07 12:22:29.972754 I SpaceAssistPopup: ○ typing idle scheduled
2026-06-07 12:22:30.015406 I SpaceAssistPopup: ▶ fetch start fieldChars=15 inFlight=false cached=false
2026-06-07 12:22:30.015873 I SpaceAssistPopup: ○ send ready=false outChars=0
2026-06-07 12:22:30.016101 I SpaceAssistPopup: ▶ generation start fieldChars=15 token=24019
2026-06-07 12:22:30.016559 I OnDeviceAssist: ▶ assist_ipc task=grammar in=15 chars
2026-06-07 12:22:30.076372 I VkSuggestions: decode typedLen=3 candidates=18 locales=1 3.3ms
2026-06-07 12:22:30.078034 I VkSuggestions: strip composing typedLen=3 candidates=19 autocorrect=false top=wwl locale=en
2026-06-07 12:22:30.123445 I SpaceAssistPopup: ○ typing idle scheduled
2026-06-07 12:22:30.227958 I VkSuggestions: decode typedLen=2 candidates=18 locales=1 3.5ms
2026-06-07 12:22:30.247870 I VkAutocorrect: offered: ww → ww
2026-06-07 12:22:30.248219 I VkSuggestions: strip composing typedLen=2 candidates=16 autocorrect=true top=ww locale=en
2026-06-07 12:22:30.280597 I SpaceAssistPopup: ○ typing idle scheduled
2026-06-07 12:22:30.399054 I VkSuggestions: decode typedLen=1 candidates=18 locales=1 17.2ms
2026-06-07 12:22:30.399680 W VkSuggestions: slow frame 17.2ms locales=1 typedLen=1 candidates=18
2026-06-07 12:22:30.402685 I VkSuggestions: strip composing typedLen=1 candidates=19 autocorrect=false top=w locale=en
2026-06-07 12:22:30.832046 I SpaceAssistPopup: ○ typing idle scheduled
2026-06-07 12:22:30.921995 I OnDeviceAssist: … stream task=grammar chunk#1 +16 total=16
2026-06-07 12:22:30.925350 I SpaceAssistPopup: … stream chunk#1 +16 previewLen=16 overlay=false
2026-06-07 12:22:30.927471 I OnDeviceAssist: ✓ assist (ime) task=grammar 911ms in=15 out=17
2026-06-07 12:22:30.941060 I SpaceAssistPopup: ○ fetch skipped: field_changed_during_gen
2026-06-07 12:22:30.947649 I VkSuggestions: decode typedLen=2 candidates=18 locales=1 3.3ms
2026-06-07 12:22:30.948961 I VkAutocorrect: offered: ww → ww
2026-06-07 12:22:30.949245 I VkSuggestions: strip composing typedLen=2 candidates=16 autocorrect=true top=ww locale=en
2026-06-07 12:22:31.015146 I SpaceAssistPopup: ○ typing idle scheduled
2026-06-07 12:22:31.117686 I VkSuggestions: decode typedLen=3 candidates=18 locales=1 3.0ms
2026-06-07 12:22:31.119007 I VkSuggestions: strip composing typedLen=3 candidates=19 autocorrect=false top=wwl locale=en
2026-06-07 12:22:31.173485 I SpaceAssistPopup: ○ typing idle scheduled
2026-06-07 12:22:31.283844 I VkSuggestions: decode typedLen=4 candidates=18 locales=1 8.1ms
2026-06-07 12:22:31.286652 I VkAutocorrect: offered: wwll → wwll
2026-06-07 12:22:31.287332 I VkSuggestions: strip composing typedLen=4 candidates=10 autocorrect=true top=wwll locale=en
2026-06-07 12:22:31.847765 I SpaceAssistPopup: ▶ fetch start fieldChars=16 inFlight=false cached=false
2026-06-07 12:22:31.848286 I SpaceAssistPopup: ○ send ready=false outChars=16
2026-06-07 12:22:31.848458 I SpaceAssistPopup: ▶ generation start fieldChars=16 token=56313
2026-06-07 12:22:31.849120 I OnDeviceAssist: ▶ assist_ipc task=grammar in=16 chars
2026-06-07 12:22:31.953405 I VkAutocorrect: picked: well
2026-06-07 12:22:32.055400 I VkSuggestions: decode typedLen=0 candidates=3 locales=1 0.2ms
2026-06-07 12:22:32.056406 I VkSuggestions: strip prediction typedLen=0 candidates=3 autocorrect=false top=I locale=en
2026-06-07 12:22:32.070515 I SpaceAssistPopup: ▶ overlay show: resume
2026-06-07 12:22:32.071123 I SpaceAssistPopup: → preview publish len=16 overlay=true force=false strip=true
2026-06-07 12:22:32.071500 I SpaceAssistPopup: ○ send ready=false outChars=16
2026-06-07 12:22:32.073604 I SpaceAssistPopup: ▶ overlay show: resume
2026-06-07 12:22:32.074007 I SpaceAssistPopup: → preview publish len=16 overlay=true force=false strip=true
2026-06-07 12:22:32.074269 I SpaceAssistPopup: ○ send ready=false outChars=16
2026-06-07 12:22:32.563633 I SpaceAssistPopup: ○ typing idle scheduled
2026-06-07 12:22:32.687893 I VkSuggestions: decode typedLen=1 candidates=18 locales=1 7.2ms
2026-06-07 12:22:32.690510 I VkSuggestions: strip composing typedLen=1 candidates=19 autocorrect=false top=j locale=en
2026-06-07 12:22:32.694694 I OnDeviceAssist: … stream task=grammar chunk#1 +27 total=27
2026-06-07 12:22:32.703886 I SpaceAssistPopup: … stream chunk#1 +27 previewLen=27 overlay=true
2026-06-07 12:22:32.781244 I SpaceAssistPopup: ○ typing idle scheduled
2026-06-07 12:22:32.800155 I SpaceAssistPopup: ○ typing idle scheduled
2026-06-07 12:22:32.834717 I SpaceAssistPopup: … stream chunk#2 +11 previewLen=36 overlay=true
2026-06-07 12:22:32.902776 I VkSuggestions: decode typedLen=3 candidates=18 locales=1 2.9ms
2026-06-07 12:22:32.904210 I VkAutocorrect: offered: jor → jor
2026-06-07 12:22:32.904492 I VkSuggestions: strip composing typedLen=3 candidates=19 autocorrect=true top=jor locale=en
2026-06-07 12:22:32.952138 I SpaceAssistPopup: ○ typing idle scheduled
2026-06-07 12:22:33.063711 I VkSuggestions: decode typedLen=4 candidates=18 locales=1 3.3ms
2026-06-07 12:22:33.065130 I VkSuggestions: strip composing typedLen=4 candidates=17 autocorrect=false top=jorf locale=en
2026-06-07 12:22:33.103393 I SpaceAssistPopup: … stream chunk#3 +19 previewLen=17 overlay=true
2026-06-07 12:22:33.126580 I SpaceAssistPopup: ○ typing idle scheduled
2026-06-07 12:22:33.234031 I VkSuggestions: decode typedLen=5 candidates=18 locales=1 4.5ms
2026-06-07 12:22:33.236718 I VkAutocorrect: offered: jorfe → jorfe
2026-06-07 12:22:33.237551 I VkSuggestions: strip composing typedLen=5 candidates=18 autocorrect=true top=jorfe locale=en
2026-06-07 12:22:33.301936 I VkAutocorrect: committed (typing): jorfe → Jorge
2026-06-07 12:22:33.302645 I SpaceAssistPopup: ○ typing idle scheduled
2026-06-07 12:22:33.403494 I VkSuggestions: decode typedLen=0 candidates=3 locales=1 0.2ms
2026-06-07 12:22:33.404337 I VkSuggestions: strip prediction typedLen=0 candidates=3 autocorrect=false top=and locale=en
2026-06-07 12:22:33.429634 I OnDeviceAssist: … stream task=grammar chunk#4 +30 total=87
