--------- beginning of system
06-04 12:49:08.433 21993 21993 E OplusCustomizeRestrictionManager: sInstance is null, start a new sInstance
06-04 12:52:38.067 21993 31021 E ActivityThread: Failed to find provider info for com.oplus.statistics.provider
06-04 12:52:38.067 21993 31021 E OplusStatistics--: IllegalArgumentException:java.lang.IllegalArgumentException: Unknown URL content://com.oplus.statistics.provider/track_event
06-04 12:53:13.194 21993 31021 E ActivityThread: Failed to find provider info for com.oplus.statistics.provider
06-04 12:53:13.194 21993 31021 E OplusStatistics--: IllegalArgumentException:java.lang.IllegalArgumentException: Unknown URL content://com.oplus.statistics.provider/track_event
06-04 12:53:28.151 21993 31021 E ActivityThread: Failed to find provider info for com.oplus.statistics.provider
06-04 12:53:28.151 21993 31021 E OplusStatistics--: IllegalArgumentException:java.lang.IllegalArgumentException: Unknown URL content://com.oplus.statistics.provider/track_event
06-04 12:53:47.422 21993 31021 E ActivityThread: Failed to find provider info for com.oplus.statistics.provider
06-04 12:53:47.422 21993 31021 E OplusStatistics--: IllegalArgumentException:java.lang.IllegalArgumentException: Unknown URL content://com.oplus.statistics.provider/track_event
06-04 12:54:00.193 21993 31021 E ActivityThread: Failed to find provider info for com.oplus.statistics.provider
06-04 12:54:00.194 21993 31021 E OplusStatistics--: IllegalArgumentException:java.lang.IllegalArgumentException: Unknown URL content://com.oplus.statistics.provider/track_event
--------- beginning of main
06-04 12:57:49.495 21993 21993 W GeckoEventDispatcher: No listener for GeckoView:DismissClipboardPermissionRequest
06-04 12:57:49.496 21993 21993 E GeckoView: Failed to detach WindowInsetsListener: 
06-04 12:57:49.496 21993 21993 E GeckoView: java.lang.NullPointerException: Attempt to invoke virtual method 'android.view.Window android.app.Activity.getWindow()' on a null object reference
06-04 12:57:49.496 21993 21993 E GeckoView: 	at org.mozilla.geckoview.GeckoView.detachWindowInsetsListener(r8-map-id-a34700e36e676cb1202f89498a9e88444d1166173bba7c38dda4529c0c039acb:1)
06-04 12:57:49.496 21993 21993 E GeckoView: 	at org.mozilla.geckoview.GeckoView.onDetachedFromWindow(r8-map-id-a34700e36e676cb1202f89498a9e88444d1166173bba7c38dda4529c0c039acb:25)
06-04 12:57:49.496 21993 21993 E GeckoView: 	at android.view.View.dispatchDetachedFromWindow(View.java:20955)
06-04 12:57:49.496 21993 21993 E GeckoView: 	at android.view.ViewGroup.dispatchDetachedFromWindow(ViewGroup.java:4014)
06-04 12:57:49.496 21993 21993 E GeckoView: 	at android.view.ViewGroup.removeViewInternal(ViewGroup.java:5660)
06-04 12:57:49.496 21993 21993 E GeckoView: 	at android.view.ViewGroup.removeViewInternal(ViewGroup.java:5631)
06-04 12:57:49.496 21993 21993 E GeckoView: 	at android.view.ViewGroup.removeView(ViewGroup.java:5562)
06-04 12:57:49.496 21993 21993 E GeckoView: 	at helium314.keyboard.latin.panels.BrowserPanelView.P(r8-map-id-a34700e36e676cb1202f89498a9e88444d1166173bba7c38dda4529c0c039acb:119)
06-04 12:57:49.496 21993 21993 E GeckoView: 	at helium314.keyboard.latin.panels.BrowserPanelView.F0(r8-map-id-a34700e36e676cb1202f89498a9e88444d1166173bba7c38dda4529c0c039acb:73)
06-04 12:57:49.496 21993 21993 E GeckoView: 	at i7.c0.r(r8-map-id-a34700e36e676cb1202f89498a9e88444d1166173bba7c38dda4529c0c039acb:149)
06-04 12:57:49.496 21993 21993 E GeckoView: 	at i7.c0.U(r8-map-id-a34700e36e676cb1202f89498a9e88444d1166173bba7c38dda4529c0c039acb:53)
06-04 12:57:49.496 21993 21993 E GeckoView: 	at i7.c0.R(r8-map-id-a34700e36e676cb1202f89498a9e88444d1166173bba7c38dda4529c0c039acb:3)
06-04 12:57:49.496 21993 21993 E GeckoView: 	at m7.o0.c(r8-map-id-a34700e36e676cb1202f89498a9e88444d1166173bba7c38dda4529c0c039acb:12)
06-04 12:57:49.496 21993 21993 E GeckoView: 	at m7.o0.b(r8-map-id-a34700e36e676cb1202f89498a9e88444d1166173bba7c38dda4529c0c039acb:51)
06-04 12:57:49.496 21993 21993 E GeckoView: 	at i7.c0.w(r8-map-id-a34700e36e676cb1202f89498a9e88444d1166173bba7c38dda4529c0c039acb:91)
06-04 12:57:49.496 21993 21993 E GeckoView: 	at i7.c0.H(r8-map-id-a34700e36e676cb1202f89498a9e88444d1166173bba7c38dda4529c0c039acb:30)
06-04 12:57:49.496 21993 21993 E GeckoView: 	at helium314.keyboard.latin.LatinIME.onStartInputView(r8-map-id-a34700e36e676cb1202f89498a9e88444d1166173bba7c38dda4529c0c039acb:910)
06-04 12:57:49.496 21993 21993 E GeckoView: 	at android.inputmethodservice.InputMethodService.startViews(InputMethodService.java:2400)
06-04 12:57:49.496 21993 21993 E GeckoView: 	at android.inputmethodservice.InputMethodService.showWindow(InputMethodService.java:2341)
06-04 12:57:49.496 21993 21993 E GeckoView: 	at android.inputmethodservice.InputMethodService$InputMethodImpl.showSoftInput(InputMethodService.java:848)
06-04 12:57:49.496 21993 21993 E GeckoView: 	at android.inputmethodservice.InputMethodService$InputMethodImpl.showSoftInputWithToken(InputMethodService.java:817)
06-04 12:57:49.496 21993 21993 E GeckoView: 	at android.inputmethodservice.IInputMethodWrapper.executeMessage(IInputMethodWrapper.java:225)
06-04 12:57:49.496 21993 21993 E GeckoView: 	at com.android.internal.os.HandlerCaller$MyHandler.handleMessage(HandlerCaller.java:44)
06-04 12:57:49.496 21993 21993 E GeckoView: 	at android.os.Handler.dispatchMessage(Handler.java:106)
06-04 12:57:49.496 21993 21993 E GeckoView: 	at android.os.Looper.loopOnce(Looper.java:233)
06-04 12:57:49.496 21993 21993 E GeckoView: 	at android.os.Looper.loop(Looper.java:344)
06-04 12:57:49.496 21993 21993 E GeckoView: 	at android.app.ActivityThread.main(ActivityThread.java:8212)
06-04 12:57:49.496 21993 21993 E GeckoView: 	at java.lang.reflect.Method.invoke(Native Method)
06-04 12:57:49.496 21993 21993 E GeckoView: 	at com.android.internal.os.RuntimeInit$MethodAndArgsCaller.run(RuntimeInit.java:584)
06-04 12:57:49.496 21993 21993 E GeckoView: 	at com.android.internal.os.ZygoteInit.main(ZygoteInit.java:1034)
06-04 12:57:49.501 21993 22257 E GeckoConsole: [JavaScript Error: "TypeError: can't access property "WindowEventDispatcher", win is null" {file: "resource://gre/modules/GeckoViewSessionStore.sys.mjs" line: 149}]
06-04 12:57:49.501 21993 22257 E GeckoConsole: onTabStateUpdate@resource://gre/modules/GeckoViewSessionStore.sys.mjs:149:5
06-04 12:57:49.501 21993 22257 E GeckoConsole: updateSessionStoreFromTabListener@resource://gre/modules/GeckoViewSessionStore.sys.mjs:243:10
06-04 12:57:49.501 21993 22257 E GeckoConsole: SSF_updateSessionStore@resource://gre/modules/SessionStoreFunctions.sys.mjs:46:27
06-04 12:57:49.501 21993 22257 E GeckoConsole: UpdateSessionStore@resource://gre/modules/SessionStoreFunctions.sys.mjs:16:46
06-04 12:57:49.501 21993 22257 E GeckoConsole: [JavaScript Error: "TypeError: can't access property "WindowEventDispatcher", win is null" {file: "resource://gre/modules/GeckoViewSessionStore.sys.mjs" line: 149}]
06-04 12:57:49.501 21993 22257 E GeckoConsole: onTabStateUpdate@resource://gre/modules/GeckoViewSessionStore.sys.mjs:149:5
06-04 12:57:49.501 21993 22257 E GeckoConsole: updateSessionStoreFromTabListener@resource://gre/modules/GeckoViewSessionStore.sys.mjs:243:10
06-04 12:57:49.501 21993 22257 E GeckoConsole: SSF_updateSessionStore@resource://gre/modules/SessionStoreFunctions.sys.mjs:46:27
06-04 12:57:49.501 21993 22257 E GeckoConsole: UpdateSessionStore@resource://gre/modules/SessionStoreFunctions.sys.mjs:16:46
06-04 12:57:49.501 21993 22257 E GeckoConsole: [JavaScript Error: "TypeError: can't access property "WindowEventDispatcher", win is null" {file: "resource://gre/modules/GeckoViewSessionStore.sys.mjs" line: 149}]
06-04 12:57:49.501 21993 22257 E GeckoConsole: onTabStateUpdate@resource://gre/modules/GeckoViewSessionStore.sys.mjs:149:5
06-04 12:57:49.501 21993 22257 E GeckoConsole: updateSessionStoreFromTabListener@resource://gre/modules/GeckoViewSessionStore.sys.mjs:243:10
06-04 12:57:49.501 21993 22257 E GeckoConsole: SSF_updateSessionStore@resource://gre/modules/SessionStoreFunctions.sys.mjs:46:27
06-04 12:57:49.501 21993 22257 E GeckoConsole: UpdateSessionStore@resource://gre/modules/SessionStoreFunctions.sys.mjs:16:46
06-04 12:57:49.501 21993 22257 E GeckoConsole: [JavaScript Error: "TypeError: can't access property "WindowEventDispatcher", win is null" {file: "resource://gre/modules/GeckoViewSessionStore.sys.mjs" line: 149}]
06-04 12:57:49.501 21993 22257 E GeckoConsole: onTabStateUpdate@resource://gre/modules/GeckoViewSessionStore.sys.mjs:149:5
06-04 12:57:49.501 21993 22257 E GeckoConsole: updateSessionStoreFromTabListener@resource://gre/modules/GeckoViewSessionStore.sys.mjs:243:10
06-04 12:57:49.501 21993 22257 E GeckoConsole: SSF_updateSessionStore@resource://gre/modules/SessionStoreFunctions.sys.mjs:46:27
06-04 12:57:49.501 21993 22257 E GeckoConsole: UpdateSessionStore@resource://gre/modules/SessionStoreFunctions.sys.mjs:16:46
06-04 12:57:49.504 21993 22257 E GeckoConsole: [JavaScript Error: "TypeError: can't access property "WindowEventDispatcher", win is null" {file: "resource://gre/modules/GeckoViewSessionStore.sys.mjs" line: 149}]
06-04 12:57:49.504 21993 22257 E GeckoConsole: onTabStateUpdate@resource://gre/modules/GeckoViewSessionStore.sys.mjs:149:5
06-04 12:57:49.504 21993 22257 E GeckoConsole: updateSessionStoreFromTabListener@resource://gre/modules/GeckoViewSessionStore.sys.mjs:243:10
06-04 12:57:49.504 21993 22257 E GeckoConsole: SSF_updateSessionStore@resource://gre/modules/SessionStoreFunctions.sys.mjs:46:27
06-04 12:57:49.504 21993 22257 E GeckoConsole: UpdateSessionStore@resource://gre/modules/SessionStoreFunctions.sys.mjs:16:46
06-04 12:57:49.505 21993 22257 E GeckoConsole: [JavaScript Error: "TypeError: can't access property "WindowEventDispatcher", win is null" {file: "resource://gre/modules/GeckoViewSessionStore.sys.mjs" line: 149}]
06-04 12:57:49.505 21993 22257 E GeckoConsole: onTabStateUpdate@resource://gre/modules/GeckoViewSessionStore.sys.mjs:149:5
06-04 12:57:49.505 21993 22257 E GeckoConsole: updateSessionStoreFromTabListener@resource://gre/modules/GeckoViewSessionStore.sys.mjs:243:10
06-04 12:57:49.505 21993 22257 E GeckoConsole: SSF_updateSessionStore@resource://gre/modules/SessionStoreFunctions.sys.mjs:46:27
06-04 12:57:49.505 21993 22257 E GeckoConsole: UpdateSessionStore@resource://gre/modules/SessionStoreFunctions.sys.mjs:16:46
06-04 12:57:49.505 21993 22257 E GeckoConsole: [JavaScript Error: "TypeError: can't access property "WindowEventDispatcher", win is null" {file: "resource://gre/modules/GeckoViewSessionStore.sys.mjs" line: 149}]
06-04 12:57:49.505 21993 22257 E GeckoConsole: onTabStateUpdate@resource://gre/modules/GeckoViewSessionStore.sys.mjs:149:5
06-04 12:57:49.505 21993 22257 E GeckoConsole: updateSessionStoreFromTabListener@resource://gre/modules/GeckoViewSessionStore.sys.mjs:243:10
06-04 12:57:49.505 21993 22257 E GeckoConsole: SSF_updateSessionStore@resource://gre/modules/SessionStoreFunctions.sys.mjs:46:27
06-04 12:57:49.505 21993 22257 E GeckoConsole: UpdateSessionStore@resource://gre/modules/SessionStoreFunctions.sys.mjs:16:46
06-04 12:57:49.530 21993 22257 E GeckoConsole: [JavaScript Error: "TypeError: can't access property "WindowEventDispatcher", win is null" {file: "resource://gre/modules/GeckoViewSessionStore.sys.mjs" line: 149}]
06-04 12:57:49.530 21993 22257 E GeckoConsole: onTabStateUpdate@resource://gre/modules/GeckoViewSessionStore.sys.mjs:149:5
06-04 12:57:49.530 21993 22257 E GeckoConsole: updateSessionStoreFromTabListener@resource://gre/modules/GeckoViewSessionStore.sys.mjs:243:10
06-04 12:57:49.530 21993 22257 E GeckoConsole: SSF_updateSessionStore@resource://gre/modules/SessionStoreFunctions.sys.mjs:46:27
06-04 12:57:49.530 21993 22257 E GeckoConsole: UpdateSessionStore@resource://gre/modules/SessionStoreFunctions.sys.mjs:16:46
06-04 12:57:49.531 21993 22257 E GeckoConsole: [JavaScript Error: "TypeError: can't access property "WindowEventDispatcher", win is null" {file: "resource://gre/modules/GeckoViewSessionStore.sys.mjs" line: 149}]
06-04 12:57:49.531 21993 22257 E GeckoConsole: onTabStateUpdate@resource://gre/modules/GeckoViewSessionStore.sys.mjs:149:5
06-04 12:57:49.531 21993 22257 E GeckoConsole: updateSessionStoreFromTabListener@resource://gre/modules/GeckoViewSessionStore.sys.mjs:243:10
06-04 12:57:49.531 21993 22257 E GeckoConsole: SSF_updateSessionStore@resource://gre/modules/SessionStoreFunctions.sys.mjs:46:27
06-04 12:57:49.531 21993 22257 E GeckoConsole: UpdateSessionStore@resource://gre/modules/SessionStoreFunctions.sys.mjs:16:46
06-04 12:57:49.532 21993 22257 E GeckoConsole: [JavaScript Error: "TypeError: can't access property "WindowEventDispatcher", win is null" {file: "resource://gre/modules/GeckoViewSessionStore.sys.mjs" line: 149}]
06-04 12:57:49.532 21993 22257 E GeckoConsole: onTabStateUpdate@resource://gre/modules/GeckoViewSessionStore.sys.mjs:149:5
06-04 12:57:49.532 21993 22257 E GeckoConsole: updateSessionStoreFromTabListener@resource://gre/modules/GeckoViewSessionStore.sys.mjs:243:10
06-04 12:57:49.532 21993 22257 E GeckoConsole: SSF_updateSessionStore@resource://gre/modules/SessionStoreFunctions.sys.mjs:46:27
06-04 12:57:49.532 21993 22257 E GeckoConsole: UpdateSessionStore@resource://gre/modules/SessionStoreFunctions.sys.mjs:16:46
06-04 12:57:49.533 21993 22257 E GeckoConsole: [JavaScript Error: "TypeError: can't access property "WindowEventDispatcher", win is null" {file: "resource://gre/modules/GeckoViewSessionStore.sys.mjs" line: 149}]
06-04 12:57:49.533 21993 22257 E GeckoConsole: onTabStateUpdate@resource://gre/modules/GeckoViewSessionStore.sys.mjs:149:5
06-04 12:57:49.533 21993 22257 E GeckoConsole: updateSessionStoreFromTabListener@resource://gre/modules/GeckoViewSessionStore.sys.mjs:243:10
06-04 12:57:49.533 21993 22257 E GeckoConsole: SSF_updateSessionStore@resource://gre/modules/SessionStoreFunctions.sys.mjs:46:27
06-04 12:57:49.533 21993 22257 E GeckoConsole: UpdateSessionStore@resource://gre/modules/SessionStoreFunctions.sys.mjs:16:46
06-04 12:57:49.533 21993 22257 E GeckoConsole: [JavaScript Error: "TypeError: can't access property "WindowEventDispatcher", win is null" {file: "resource://gre/modules/GeckoViewSessionStore.sys.mjs" line: 149}]
06-04 12:57:49.533 21993 22257 E GeckoConsole: onTabStateUpdate@resource://gre/modules/GeckoViewSessionStore.sys.mjs:149:5
06-04 12:57:49.533 21993 22257 E GeckoConsole: updateSessionStoreFromTabListener@resource://gre/modules/GeckoViewSessionStore.sys.mjs:243:10
06-04 12:57:49.533 21993 22257 E GeckoConsole: SSF_updateSessionStore@resource://gre/modules/SessionStoreFunctions.sys.mjs:46:27
06-04 12:57:49.533 21993 22257 E GeckoConsole: UpdateSessionStore@resource://gre/modules/SessionStoreFunctions.sys.mjs:16:46
06-04 12:57:49.536 21993 21993 W com.vibekey.keyboard: type=1400 audit(0.0:117463): avc: denied { nlmsg_readpriv } for comm=536F636B657420546872656164 scontext=u:r:untrusted_app:s0:c85,c271,c512,c768 tcontext=u:r:untrusted_app:s0:c85,c271,c512,c768 tclass=netlink_route_socket permissive=0 bug=b/155595000 app=com.vibekey.keyboard
06-04 12:57:49.696 21993 21993 W com.vibekey.keyboard: type=1400 audit(0.0:117464): avc: denied { nlmsg_readpriv } for comm=536F636B657420546872656164 scontext=u:r:untrusted_app:s0:c85,c271,c512,c768 tcontext=u:r:untrusted_app:s0:c85,c271,c512,c768 tclass=netlink_route_socket permissive=0 bug=b/155595000 app=com.vibekey.keyboard
06-04 12:57:50.943 21993 21993 W GeckoEventDispatcher: No listener for GeckoView:DismissClipboardPermissionRequest
06-04 12:57:50.945 21993 22257 E GeckoConsole: [JavaScript Error: "TypeError: can't access property "WindowEventDispatcher", win is null" {file: "resource://gre/modules/GeckoViewSessionStore.sys.mjs" line: 149}]
06-04 12:57:50.945 21993 22257 E GeckoConsole: onTabStateUpdate@resource://gre/modules/GeckoViewSessionStore.sys.mjs:149:5
06-04 12:57:50.945 21993 22257 E GeckoConsole: updateSessionStoreFromTabListener@resource://gre/modules/GeckoViewSessionStore.sys.mjs:243:10
06-04 12:57:50.945 21993 22257 E GeckoConsole: SSF_updateSessionStore@resource://gre/modules/SessionStoreFunctions.sys.mjs:46:27
06-04 12:57:50.945 21993 22257 E GeckoConsole: UpdateSessionStore@resource://gre/modules/SessionStoreFunctions.sys.mjs:16:46
06-04 12:57:50.945 21993 22257 E GeckoConsole: [JavaScript Error: "TypeError: can't access property "WindowEventDispatcher", win is null" {file: "resource://gre/modules/GeckoViewSessionStore.sys.mjs" line: 149}]
06-04 12:57:50.945 21993 22257 E GeckoConsole: onTabStateUpdate@resource://gre/modules/GeckoViewSessionStore.sys.mjs:149:5
06-04 12:57:50.945 21993 22257 E GeckoConsole: updateSessionStoreFromTabListener@resource://gre/modules/GeckoViewSessionStore.sys.mjs:243:10
06-04 12:57:50.945 21993 22257 E GeckoConsole: SSF_updateSessionStore@resource://gre/modules/SessionStoreFunctions.sys.mjs:46:27
06-04 12:57:50.945 21993 22257 E GeckoConsole: UpdateSessionStore@resource://gre/modules/SessionStoreFunctions.sys.mjs:16:46
06-04 12:57:50.946 21993 22257 E GeckoConsole: [JavaScript Error: "TypeError: can't access property "WindowEventDispatcher", win is null" {file: "resource://gre/modules/GeckoViewSessionStore.sys.mjs" line: 149}]
06-04 12:57:50.946 21993 22257 E GeckoConsole: onTabStateUpdate@resource://gre/modules/GeckoViewSessionStore.sys.mjs:149:5
06-04 12:57:50.946 21993 22257 E GeckoConsole: updateSessionStoreFromTabListener@resource://gre/modules/GeckoViewSessionStore.sys.mjs:243:10
06-04 12:57:50.946 21993 22257 E GeckoConsole: SSF_updateSessionStore@resource://gre/modules/SessionStoreFunctions.sys.mjs:46:27
06-04 12:57:50.946 21993 22257 E GeckoConsole: UpdateSessionStore@resource://gre/modules/SessionStoreFunctions.sys.mjs:16:46
06-04 12:57:50.946 21993 22257 E GeckoConsole: [JavaScript Error: "TypeError: can't access property "WindowEventDispatcher", win is null" {file: "resource://gre/modules/GeckoViewSessionStore.sys.mjs" line: 149}]
06-04 12:57:50.946 21993 22257 E GeckoConsole: onTabStateUpdate@resource://gre/modules/GeckoViewSessionStore.sys.mjs:149:5
06-04 12:57:50.946 21993 22257 E GeckoConsole: updateSessionStoreFromTabListener@resource://gre/modules/GeckoViewSessionStore.sys.mjs:243:10
06-04 12:57:50.946 21993 22257 E GeckoConsole: SSF_updateSessionStore@resource://gre/modules/SessionStoreFunctions.sys.mjs:46:27
06-04 12:57:50.946 21993 22257 E GeckoConsole: UpdateSessionStore@resource://gre/modules/SessionStoreFunctions.sys.mjs:16:46
06-04 12:57:50.947 21993 22257 E GeckoConsole: [JavaScript Error: "TypeError: can't access property "WindowEventDispatcher", win is null" {file: "resource://gre/modules/GeckoViewSessionStore.sys.mjs" line: 149}]
06-04 12:57:50.947 21993 22257 E GeckoConsole: onTabStateUpdate@resource://gre/modules/GeckoViewSessionStore.sys.mjs:149:5
06-04 12:57:50.947 21993 22257 E GeckoConsole: updateSessionStoreFromTabListener@resource://gre/modules/GeckoViewSessionStore.sys.mjs:243:10
06-04 12:57:50.947 21993 22257 E GeckoConsole: SSF_updateSessionStore@resource://gre/modules/SessionStoreFunctions.sys.mjs:46:27
06-04 12:57:50.947 21993 22257 E GeckoConsole: UpdateSessionStore@resource://gre/modules/SessionStoreFunctions.sys.mjs:16:46
06-04 12:57:50.948 21993 22257 E GeckoConsole: [JavaScript Error: "TypeError: can't access property "WindowEventDispatcher", win is null" {file: "resource://gre/modules/GeckoViewSessionStore.sys.mjs" line: 149}]
06-04 12:57:50.948 21993 22257 E GeckoConsole: onTabStateUpdate@resource://gre/modules/GeckoViewSessionStore.sys.mjs:149:5
06-04 12:57:50.948 21993 22257 E GeckoConsole: updateSessionStoreFromTabListener@resource://gre/modules/GeckoViewSessionStore.sys.mjs:243:10
06-04 12:57:50.948 21993 22257 E GeckoConsole: SSF_updateSessionStore@resource://gre/modules/SessionStoreFunctions.sys.mjs:46:27
06-04 12:57:50.948 21993 22257 E GeckoConsole: UpdateSessionStore@resource://gre/modules/SessionStoreFunctions.sys.mjs:16:46
06-04 12:57:50.950 21993 22257 E GeckoConsole: [JavaScript Error: "TypeError: can't access property "WindowEventDispatcher", win is null" {file: "resource://gre/modules/GeckoViewSessionStore.sys.mjs" line: 149}]
06-04 12:57:50.950 21993 22257 E GeckoConsole: onTabStateUpdate@resource://gre/modules/GeckoViewSessionStore.sys.mjs:149:5
06-04 12:57:50.950 21993 22257 E GeckoConsole: updateSessionStoreFromTabListener@resource://gre/modules/GeckoViewSessionStore.sys.mjs:243:10
06-04 12:57:50.950 21993 22257 E GeckoConsole: SSF_updateSessionStore@resource://gre/modules/SessionStoreFunctions.sys.mjs:46:27
06-04 12:57:50.950 21993 22257 E GeckoConsole: UpdateSessionStore@resource://gre/modules/SessionStoreFunctions.sys.mjs:16:46
06-04 12:57:50.950 21993 22257 E GeckoConsole: [JavaScript Error: "TypeError: can't access property "WindowEventDispatcher", win is null" {file: "resource://gre/modules/GeckoViewSessionStore.sys.mjs" line: 149}]
06-04 12:57:50.950 21993 22257 E GeckoConsole: onTabStateUpdate@resource://gre/modules/GeckoViewSessionStore.sys.mjs:149:5
06-04 12:57:50.950 21993 22257 E GeckoConsole: updateSessionStoreFromTabListener@resource://gre/modules/GeckoViewSessionStore.sys.mjs:243:10
06-04 12:57:50.950 21993 22257 E GeckoConsole: SSF_updateSessionStore@resource://gre/modules/SessionStoreFunctions.sys.mjs:46:27
06-04 12:57:50.950 21993 22257 E GeckoConsole: UpdateSessionStore@resource://gre/modules/SessionStoreFunctions.sys.mjs:16:46
06-04 12:57:50.951 21993 22257 E GeckoConsole: [JavaScript Error: "TypeError: can't access property "WindowEventDispatcher", win is null" {file: "resource://gre/modules/GeckoViewSessionStore.sys.mjs" line: 149}]
06-04 12:57:50.951 21993 22257 E GeckoConsole: onTabStateUpdate@resource://gre/modules/GeckoViewSessionStore.sys.mjs:149:5
06-04 12:57:50.951 21993 22257 E GeckoConsole: updateSessionStoreFromTabListener@resource://gre/modules/GeckoViewSessionStore.sys.mjs:243:10
06-04 12:57:50.951 21993 22257 E GeckoConsole: SSF_updateSessionStore@resource://gre/modules/SessionStoreFunctions.sys.mjs:46:27
06-04 12:57:50.951 21993 22257 E GeckoConsole: UpdateSessionStore@resource://gre/modules/SessionStoreFunctions.sys.mjs:16:46
06-04 12:57:50.951 21993 22257 E GeckoConsole: [JavaScript Error: "TypeError: can't access property "WindowEventDispatcher", win is null" {file: "resource://gre/modules/GeckoViewSessionStore.sys.mjs" line: 149}]
06-04 12:57:50.951 21993 22257 E GeckoConsole: onTabStateUpdate@resource://gre/modules/GeckoViewSessionStore.sys.mjs:149:5
06-04 12:57:50.951 21993 22257 E GeckoConsole: updateSessionStoreFromTabListener@resource://gre/modules/GeckoViewSessionStore.sys.mjs:243:10
06-04 12:57:50.951 21993 22257 E GeckoConsole: SSF_updateSessionStore@resource://gre/modules/SessionStoreFunctions.sys.mjs:46:27
06-04 12:57:50.951 21993 22257 E GeckoConsole: UpdateSessionStore@resource://gre/modules/SessionStoreFunctions.sys.mjs:16:46
06-04 12:57:50.952 21993 22257 E GeckoConsole: [JavaScript Error: "TypeError: can't access property "WindowEventDispatcher", win is null" {file: "resource://gre/modules/GeckoViewSessionStore.sys.mjs" line: 149}]
06-04 12:57:50.952 21993 22257 E GeckoConsole: onTabStateUpdate@resource://gre/modules/GeckoViewSessionStore.sys.mjs:149:5
06-04 12:57:50.952 21993 22257 E GeckoConsole: updateSessionStoreFromTabListener@resource://gre/modules/GeckoViewSessionStore.sys.mjs:243:10
06-04 12:57:50.952 21993 22257 E GeckoConsole: SSF_updateSessionStore@resource://gre/modules/SessionStoreFunctions.sys.mjs:46:27
06-04 12:57:50.952 21993 22257 E GeckoConsole: UpdateSessionStore@resource://gre/modules/SessionStoreFunctions.sys.mjs:16:46
06-04 12:57:50.952 21993 22257 E GeckoConsole: [JavaScript Error: "TypeError: can't access property "WindowEventDispatcher", win is null" {file: "resource://gre/modules/GeckoViewSessionStore.sys.mjs" line: 149}]
06-04 12:57:50.952 21993 22257 E GeckoConsole: onTabStateUpdate@resource://gre/modules/GeckoViewSessionStore.sys.mjs:149:5
06-04 12:57:50.952 21993 22257 E GeckoConsole: updateSessionStoreFromTabListener@resource://gre/modules/GeckoViewSessionStore.sys.mjs:243:10
06-04 12:57:50.952 21993 22257 E GeckoConsole: SSF_updateSessionStore@resource://gre/modules/SessionStoreFunctions.sys.mjs:46:27
06-04 12:57:50.952 21993 22257 E GeckoConsole: UpdateSessionStore@resource://gre/modules/SessionStoreFunctions.sys.mjs:16:46
06-04 12:57:52.031 21993 21993 W GeckoEventDispatcher: No listener for GeckoView:DismissClipboardPermissionRequest
06-04 12:57:52.032 21993 22257 E GeckoConsole: [JavaScript Error: "TypeError: can't access property "WindowEventDispatcher", win is null" {file: "resource://gre/modules/GeckoViewSessionStore.sys.mjs" line: 149}]
06-04 12:57:52.032 21993 22257 E GeckoConsole: onTabStateUpdate@resource://gre/modules/GeckoViewSessionStore.sys.mjs:149:5
06-04 12:57:52.032 21993 22257 E GeckoConsole: updateSessionStoreFromTabListener@resource://gre/modules/GeckoViewSessionStore.sys.mjs:243:10
06-04 12:57:52.032 21993 22257 E GeckoConsole: SSF_updateSessionStore@resource://gre/modules/SessionStoreFunctions.sys.mjs:46:27
06-04 12:57:52.032 21993 22257 E GeckoConsole: UpdateSessionStore@resource://gre/modules/SessionStoreFunctions.sys.mjs:16:46
06-04 12:57:52.033 21993 22257 E GeckoConsole: [JavaScript Error: "TypeError: can't access property "WindowEventDispatcher", win is null" {file: "resource://gre/modules/GeckoViewSessionStore.sys.mjs" line: 149}]
06-04 12:57:52.033 21993 22257 E GeckoConsole: onTabStateUpdate@resource://gre/modules/GeckoViewSessionStore.sys.mjs:149:5
06-04 12:57:52.033 21993 22257 E GeckoConsole: updateSessionStoreFromTabListener@resource://gre/modules/GeckoViewSessionStore.sys.mjs:243:10
06-04 12:57:52.033 21993 22257 E GeckoConsole: SSF_updateSessionStore@resource://gre/modules/SessionStoreFunctions.sys.mjs:46:27
06-04 12:57:52.033 21993 22257 E GeckoConsole: UpdateSessionStore@resource://gre/modules/SessionStoreFunctions.sys.mjs:16:46
06-04 12:57:52.033 21993 22257 E GeckoConsole: [JavaScript Error: "TypeError: can't access property "WindowEventDispatcher", win is null" {file: "resource://gre/modules/GeckoViewSessionStore.sys.mjs" line: 149}]
06-04 12:57:52.033 21993 22257 E GeckoConsole: onTabStateUpdate@resource://gre/modules/GeckoViewSessionStore.sys.mjs:149:5
06-04 12:57:52.033 21993 22257 E GeckoConsole: updateSessionStoreFromTabListener@resource://gre/modules/GeckoViewSessionStore.sys.mjs:243:10
06-04 12:57:52.033 21993 22257 E GeckoConsole: SSF_updateSessionStore@resource://gre/modules/SessionStoreFunctions.sys.mjs:46:27
06-04 12:57:52.033 21993 22257 E GeckoConsole: UpdateSessionStore@resource://gre/modules/SessionStoreFunctions.sys.mjs:16:46
06-04 12:57:52.033 21993 22257 E GeckoConsole: [JavaScript Error: "TypeError: can't access property "WindowEventDispatcher", win is null" {file: "resource://gre/modules/GeckoViewSessionStore.sys.mjs" line: 149}]
06-04 12:57:52.033 21993 22257 E GeckoConsole: onTabStateUpdate@resource://gre/modules/GeckoViewSessionStore.sys.mjs:149:5
06-04 12:57:52.033 21993 22257 E GeckoConsole: updateSessionStoreFromTabListener@resource://gre/modules/GeckoViewSessionStore.sys.mjs:243:10
06-04 12:57:52.033 21993 22257 E GeckoConsole: SSF_updateSessionStore@resource://gre/modules/SessionStoreFunctions.sys.mjs:46:27
06-04 12:57:52.033 21993 22257 E GeckoConsole: UpdateSessionStore@resource://gre/modules/SessionStoreFunctions.sys.mjs:16:46
06-04 12:57:52.034 21993 22257 E GeckoConsole: [JavaScript Error: "TypeError: can't access property "WindowEventDispatcher", win is null" {file: "resource://gre/modules/GeckoViewSessionStore.sys.mjs" line: 149}]
06-04 12:57:52.034 21993 22257 E GeckoConsole: onTabStateUpdate@resource://gre/modules/GeckoViewSessionStore.sys.mjs:149:5
06-04 12:57:52.034 21993 22257 E GeckoConsole: updateSessionStoreFromTabListener@resource://gre/modules/GeckoViewSessionStore.sys.mjs:243:10
06-04 12:57:52.034 21993 22257 E GeckoConsole: SSF_updateSessionStore@resource://gre/modules/SessionStoreFunctions.sys.mjs:46:27
06-04 12:57:52.034 21993 22257 E GeckoConsole: UpdateSessionStore@resource://gre/modules/SessionStoreFunctions.sys.mjs:16:46
06-04 12:57:52.034 21993 22257 E GeckoConsole: [JavaScript Error: "TypeError: can't access property "WindowEventDispatcher", win is null" {file: "resource://gre/modules/GeckoViewSessionStore.sys.mjs" line: 149}]
06-04 12:57:52.034 21993 22257 E GeckoConsole: onTabStateUpdate@resource://gre/modules/GeckoViewSessionStore.sys.mjs:149:5
06-04 12:57:52.034 21993 22257 E GeckoConsole: updateSessionStoreFromTabListener@resource://gre/modules/GeckoViewSessionStore.sys.mjs:243:10
06-04 12:57:52.034 21993 22257 E GeckoConsole: SSF_updateSessionStore@resource://gre/modules/SessionStoreFunctions.sys.mjs:46:27
06-04 12:57:52.034 21993 22257 E GeckoConsole: UpdateSessionStore@resource://gre/modules/SessionStoreFunctions.sys.mjs:16:46
06-04 12:57:52.034 21993 22257 E GeckoConsole: [JavaScript Error: "TypeError: can't access property "WindowEventDispatcher", win is null" {file: "resource://gre/modules/GeckoViewSessionStore.sys.mjs" line: 149}]
06-04 12:57:52.034 21993 22257 E GeckoConsole: onTabStateUpdate@resource://gre/modules/GeckoViewSessionStore.sys.mjs:149:5
06-04 12:57:52.034 21993 22257 E GeckoConsole: updateSessionStoreFromTabListener@resource://gre/modules/GeckoViewSessionStore.sys.mjs:243:10
06-04 12:57:52.034 21993 22257 E GeckoConsole: SSF_updateSessionStore@resource://gre/modules/SessionStoreFunctions.sys.mjs:46:27
06-04 12:57:52.034 21993 22257 E GeckoConsole: UpdateSessionStore@resource://gre/modules/SessionStoreFunctions.sys.mjs:16:46
06-04 12:57:52.035 21993 22257 E GeckoConsole: [JavaScript Error: "TypeError: can't access property "WindowEventDispatcher", win is null" {file: "resource://gre/modules/GeckoViewSessionStore.sys.mjs" line: 149}]
06-04 12:57:52.035 21993 22257 E GeckoConsole: onTabStateUpdate@resource://gre/modules/GeckoViewSessionStore.sys.mjs:149:5
06-04 12:57:52.035 21993 22257 E GeckoConsole: updateSessionStoreFromTabListener@resource://gre/modules/GeckoViewSessionStore.sys.mjs:243:10
06-04 12:57:52.035 21993 22257 E GeckoConsole: SSF_updateSessionStore@resource://gre/modules/SessionStoreFunctions.sys.mjs:46:27
06-04 12:57:52.035 21993 22257 E GeckoConsole: UpdateSessionStore@resource://gre/modules/SessionStoreFunctions.sys.mjs:16:46
06-04 12:57:52.035 21993 22257 E GeckoConsole: [JavaScript Error: "TypeError: can't access property "WindowEventDispatcher", win is null" {file: "resource://gre/modules/GeckoViewSessionStore.sys.mjs" line: 149}]
06-04 12:57:52.035 21993 22257 E GeckoConsole: onTabStateUpdate@resource://gre/modules/GeckoViewSessionStore.sys.mjs:149:5
06-04 12:57:52.035 21993 22257 E GeckoConsole: updateSessionStoreFromTabListener@resource://gre/modules/GeckoViewSessionStore.sys.mjs:243:10
06-04 12:57:52.035 21993 22257 E GeckoConsole: SSF_updateSessionStore@resource://gre/modules/SessionStoreFunctions.sys.mjs:46:27
06-04 12:57:52.035 21993 22257 E GeckoConsole: UpdateSessionStore@resource://gre/modules/SessionStoreFunctions.sys.mjs:16:46
06-04 12:57:52.035 21993 22257 E GeckoConsole: [JavaScript Error: "TypeError: can't access property "WindowEventDispatcher", win is null" {file: "resource://gre/modules/GeckoViewSessionStore.sys.mjs" line: 149}]
06-04 12:57:52.035 21993 22257 E GeckoConsole: onTabStateUpdate@resource://gre/modules/GeckoViewSessionStore.sys.mjs:149:5
06-04 12:57:52.035 21993 22257 E GeckoConsole: updateSessionStoreFromTabListener@resource://gre/modules/GeckoViewSessionStore.sys.mjs:243:10
06-04 12:57:52.035 21993 22257 E GeckoConsole: SSF_updateSessionStore@resource://gre/modules/SessionStoreFunctions.sys.mjs:46:27
06-04 12:57:52.035 21993 22257 E GeckoConsole: UpdateSessionStore@resource://gre/modules/SessionStoreFunctions.sys.mjs:16:46
06-04 12:57:52.035 21993 22257 E GeckoConsole: [JavaScript Error: "TypeError: can't access property "WindowEventDispatcher", win is null" {file: "resource://gre/modules/GeckoViewSessionStore.sys.mjs" line: 149}]
06-04 12:57:52.035 21993 22257 E GeckoConsole: onTabStateUpdate@resource://gre/modules/GeckoViewSessionStore.sys.mjs:149:5
06-04 12:57:52.035 21993 22257 E GeckoConsole: updateSessionStoreFromTabListener@resource://gre/modules/GeckoViewSessionStore.sys.mjs:243:10
06-04 12:57:52.035 21993 22257 E GeckoConsole: SSF_updateSessionStore@resource://gre/modules/SessionStoreFunctions.sys.mjs:46:27
06-04 12:57:52.035 21993 22257 E GeckoConsole: UpdateSessionStore@resource://gre/modules/SessionStoreFunctions.sys.mjs:16:46
06-04 12:57:52.035 21993 22257 E GeckoConsole: [JavaScript Error: "TypeError: can't access property "WindowEventDispatcher", win is null" {file: "resource://gre/modules/GeckoViewSessionStore.sys.mjs" line: 149}]
06-04 12:57:52.035 21993 22257 E GeckoConsole: onTabStateUpdate@resource://gre/modules/GeckoViewSessionStore.sys.mjs:149:5
06-04 12:57:52.035 21993 22257 E GeckoConsole: updateSessionStoreFromTabListener@resource://gre/modules/GeckoViewSessionStore.sys.mjs:243:10
06-04 12:57:52.035 21993 22257 E GeckoConsole: SSF_updateSessionStore@resource://gre/modules/SessionStoreFunctions.sys.mjs:46:27
06-04 12:57:52.035 21993 22257 E GeckoConsole: UpdateSessionStore@resource://gre/modules/SessionStoreFunctions.sys.mjs:16:46
06-04 12:57:52.194 21993 21993 W Settings: Setting transition_animation_scale has moved from android.provider.Settings.System to android.provider.Settings.Global, returning read-only value.
06-04 12:57:57.451 21993 22035 E BLASTBufferQueue: BLASTBufferItemConsumer::onDisconnect()
06-04 12:57:59.713 21993 21993 W GeckoEventDispatcher: No listener for GeckoView:DismissClipboardPermissionRequest
06-04 12:57:59.722 21993 22257 E GeckoConsole: [JavaScript Error: "TypeError: can't access property "WindowEventDispatcher", win is null" {file: "resource://gre/modules/GeckoViewSessionStore.sys.mjs" line: 149}]
06-04 12:57:59.722 21993 22257 E GeckoConsole: onTabStateUpdate@resource://gre/modules/GeckoViewSessionStore.sys.mjs:149:5
06-04 12:57:59.722 21993 22257 E GeckoConsole: updateSessionStoreFromTabListener@resource://gre/modules/GeckoViewSessionStore.sys.mjs:243:10
06-04 12:57:59.722 21993 22257 E GeckoConsole: SSF_updateSessionStore@resource://gre/modules/SessionStoreFunctions.sys.mjs:46:27
06-04 12:57:59.722 21993 22257 E GeckoConsole: UpdateSessionStore@resource://gre/modules/SessionStoreFunctions.sys.mjs:16:46
06-04 12:57:59.722 21993 22257 E GeckoConsole: [JavaScript Error: "TypeError: can't access property "WindowEventDispatcher", win is null" {file: "resource://gre/modules/GeckoViewSessionStore.sys.mjs" line: 149}]
06-04 12:57:59.722 21993 22257 E GeckoConsole: onTabStateUpdate@resource://gre/modules/GeckoViewSessionStore.sys.mjs:149:5
06-04 12:57:59.722 21993 22257 E GeckoConsole: updateSessionStoreFromTabListener@resource://gre/modules/GeckoViewSessionStore.sys.mjs:243:10
06-04 12:57:59.722 21993 22257 E GeckoConsole: SSF_updateSessionStore@resource://gre/modules/SessionStoreFunctions.sys.mjs:46:27
06-04 12:57:59.722 21993 22257 E GeckoConsole: UpdateSessionStore@resource://gre/modules/SessionStoreFunctions.sys.mjs:16:46
06-04 12:57:59.723 21993 22257 E GeckoConsole: [JavaScript Error: "TypeError: can't access property "WindowEventDispatcher", win is null" {file: "resource://gre/modules/GeckoViewSessionStore.sys.mjs" line: 149}]
06-04 12:57:59.723 21993 22257 E GeckoConsole: onTabStateUpdate@resource://gre/modules/GeckoViewSessionStore.sys.mjs:149:5
06-04 12:57:59.723 21993 22257 E GeckoConsole: updateSessionStoreFromTabListener@resource://gre/modules/GeckoViewSessionStore.sys.mjs:243:10
06-04 12:57:59.723 21993 22257 E GeckoConsole: SSF_updateSessionStore@resource://gre/modules/SessionStoreFunctions.sys.mjs:46:27
06-04 12:57:59.723 21993 22257 E GeckoConsole: UpdateSessionStore@resource://gre/modules/SessionStoreFunctions.sys.mjs:16:46
06-04 12:57:59.723 21993 22257 E GeckoConsole: [JavaScript Error: "TypeError: can't access property "WindowEventDispatcher", win is null" {file: "resource://gre/modules/GeckoViewSessionStore.sys.mjs" line: 149}]
06-04 12:57:59.723 21993 22257 E GeckoConsole: onTabStateUpdate@resource://gre/modules/GeckoViewSessionStore.sys.mjs:149:5
06-04 12:57:59.723 21993 22257 E GeckoConsole: updateSessionStoreFromTabListener@resource://gre/modules/GeckoViewSessionStore.sys.mjs:243:10
06-04 12:57:59.723 21993 22257 E GeckoConsole: SSF_updateSessionStore@resource://gre/modules/SessionStoreFunctions.sys.mjs:46:27
06-04 12:57:59.723 21993 22257 E GeckoConsole: UpdateSessionStore@resource://gre/modules/SessionStoreFunctions.sys.mjs:16:46
06-04 12:57:59.723 21993 22257 E GeckoConsole: [JavaScript Error: "TypeError: can't access property "WindowEventDispatcher", win is null" {file: "resource://gre/modules/GeckoViewSessionStore.sys.mjs" line: 149}]
06-04 12:57:59.723 21993 22257 E GeckoConsole: onTabStateUpdate@resource://gre/modules/GeckoViewSessionStore.sys.mjs:149:5
06-04 12:57:59.723 21993 22257 E GeckoConsole: updateSessionStoreFromTabListener@resource://gre/modules/GeckoViewSessionStore.sys.mjs:243:10
06-04 12:57:59.723 21993 22257 E GeckoConsole: SSF_updateSessionStore@resource://gre/modules/SessionStoreFunctions.sys.mjs:46:27
06-04 12:57:59.723 21993 22257 E GeckoConsole: UpdateSessionStore@resource://gre/modules/SessionStoreFunctions.sys.mjs:16:46
06-04 12:57:59.724 21993 22257 E GeckoConsole: [JavaScript Error: "TypeError: can't access property "WindowEventDispatcher", win is null" {file: "resource://gre/modules/GeckoViewSessionStore.sys.mjs" line: 149}]
06-04 12:57:59.724 21993 22257 E GeckoConsole: onTabStateUpdate@resource://gre/modules/GeckoViewSessionStore.sys.mjs:149:5
06-04 12:57:59.724 21993 22257 E GeckoConsole: updateSessionStoreFromTabListener@resource://gre/modules/GeckoViewSessionStore.sys.mjs:243:10
06-04 12:57:59.724 21993 22257 E GeckoConsole: SSF_updateSessionStore@resource://gre/modules/SessionStoreFunctions.sys.mjs:46:27
06-04 12:57:59.724 21993 22257 E GeckoConsole: UpdateSessionStore@resource://gre/modules/SessionStoreFunctions.sys.mjs:16:46
06-04 12:57:59.724 21993 22257 E GeckoConsole: [JavaScript Error: "TypeError: can't access property "WindowEventDispatcher", win is null" {file: "resource://gre/modules/GeckoViewSessionStore.sys.mjs" line: 149}]
06-04 12:57:59.724 21993 22257 E GeckoConsole: onTabStateUpdate@resource://gre/modules/GeckoViewSessionStore.sys.mjs:149:5
06-04 12:57:59.724 21993 22257 E GeckoConsole: updateSessionStoreFromTabListener@resource://gre/modules/GeckoViewSessionStore.sys.mjs:243:10
06-04 12:57:59.724 21993 22257 E GeckoConsole: SSF_updateSessionStore@resource://gre/modules/SessionStoreFunctions.sys.mjs:46:27
06-04 12:57:59.724 21993 22257 E GeckoConsole: UpdateSessionStore@resource://gre/modules/SessionStoreFunctions.sys.mjs:16:46
06-04 12:57:59.724 21993 22257 E GeckoConsole: [JavaScript Error: "TypeError: can't access property "WindowEventDispatcher", win is null" {file: "resource://gre/modules/GeckoViewSessionStore.sys.mjs" line: 149}]
06-04 12:57:59.724 21993 22257 E GeckoConsole: onTabStateUpdate@resource://gre/modules/GeckoViewSessionStore.sys.mjs:149:5
06-04 12:57:59.724 21993 22257 E GeckoConsole: updateSessionStoreFromTabListener@resource://gre/modules/GeckoViewSessionStore.sys.mjs:243:10
06-04 12:57:59.724 21993 22257 E GeckoConsole: SSF_updateSessionStore@resource://gre/modules/SessionStoreFunctions.sys.mjs:46:27
06-04 12:57:59.724 21993 22257 E GeckoConsole: UpdateSessionStore@resource://gre/modules/SessionStoreFunctions.sys.mjs:16:46
06-04 12:57:59.724 21993 22257 E GeckoConsole: [JavaScript Error: "TypeError: can't access property "WindowEventDispatcher", win is null" {file: "resource://gre/modules/GeckoViewSessionStore.sys.mjs" line: 149}]
06-04 12:57:59.724 21993 22257 E GeckoConsole: onTabStateUpdate@resource://gre/modules/GeckoViewSessionStore.sys.mjs:149:5
06-04 12:57:59.724 21993 22257 E GeckoConsole: updateSessionStoreFromTabListener@resource://gre/modules/GeckoViewSessionStore.sys.mjs:243:10
06-04 12:57:59.724 21993 22257 E GeckoConsole: SSF_updateSessionStore@resource://gre/modules/SessionStoreFunctions.sys.mjs:46:27
06-04 12:57:59.724 21993 22257 E GeckoConsole: UpdateSessionStore@resource://gre/modules/SessionStoreFunctions.sys.mjs:16:46
06-04 12:57:59.725 21993 22257 E GeckoConsole: [JavaScript Error: "TypeError: can't access property "WindowEventDispatcher", win is null" {file: "resource://gre/modules/GeckoViewSessionStore.sys.mjs" line: 149}]
06-04 12:57:59.725 21993 22257 E GeckoConsole: onTabStateUpdate@resource://gre/modules/GeckoViewSessionStore.sys.mjs:149:5
06-04 12:57:59.725 21993 22257 E GeckoConsole: updateSessionStoreFromTabListener@resource://gre/modules/GeckoViewSessionStore.sys.mjs:243:10
06-04 12:57:59.725 21993 22257 E GeckoConsole: SSF_updateSessionStore@resource://gre/modules/SessionStoreFunctions.sys.mjs:46:27
06-04 12:57:59.725 21993 22257 E GeckoConsole: UpdateSessionStore@resource://gre/modules/SessionStoreFunctions.sys.mjs:16:46
06-04 12:57:59.725 21993 22257 E GeckoConsole: [JavaScript Error: "TypeError: can't access property "WindowEventDispatcher", win is null" {file: "resource://gre/modules/GeckoViewSessionStore.sys.mjs" line: 149}]
06-04 12:57:59.725 21993 22257 E GeckoConsole: onTabStateUpdate@resource://gre/modules/GeckoViewSessionStore.sys.mjs:149:5
06-04 12:57:59.725 21993 22257 E GeckoConsole: updateSessionStoreFromTabListener@resource://gre/modules/GeckoViewSessionStore.sys.mjs:243:10
06-04 12:57:59.725 21993 22257 E GeckoConsole: SSF_updateSessionStore@resource://gre/modules/SessionStoreFunctions.sys.mjs:46:27
06-04 12:57:59.725 21993 22257 E GeckoConsole: UpdateSessionStore@resource://gre/modules/SessionStoreFunctions.sys.mjs:16:46
06-04 12:57:59.725 21993 22257 E GeckoConsole: [JavaScript Error: "TypeError: can't access property "WindowEventDispatcher", win is null" {file: "resource://gre/modules/GeckoViewSessionStore.sys.mjs" line: 149}]
06-04 12:57:59.725 21993 22257 E GeckoConsole: onTabStateUpdate@resource://gre/modules/GeckoViewSessionStore.sys.mjs:149:5
06-04 12:57:59.725 21993 22257 E GeckoConsole: updateSessionStoreFromTabListener@resource://gre/modules/GeckoViewSessionStore.sys.mjs:243:10
06-04 12:57:59.725 21993 22257 E GeckoConsole: SSF_updateSessionStore@resource://gre/modules/SessionStoreFunctions.sys.mjs:46:27
06-04 12:57:59.725 21993 22257 E GeckoConsole: UpdateSessionStore@resource://gre/modules/SessionStoreFunctions.sys.mjs:16:46
06-04 12:58:00.022 21993 22035 E BLASTBufferQueue: BLASTBufferItemConsumer::onDisconnect()
06-04 12:58:01.404 21993 22197 W VibeKeyProfiler: Slow Native Suggest: Total=16.90ms | Init=3.58ms | TrieExpand(x18)=13.17ms | Scoring=0.15ms | inputSize=1
06-04 12:58:01.419 21993 22197 W VibeKeyProfiler: Slow Native Suggest: Total=11.96ms | Init=0.87ms | TrieExpand(x25)=11.06ms | Scoring=0.03ms | inputSize=1
06-04 12:58:01.437 21993 22197 W VibeKeyProfiler: Slow Native Suggest: Total=10.73ms | Init=0.72ms | TrieExpand(x15)=9.98ms | Scoring=0.02ms | inputSize=1
06-04 12:58:01.463 21993 22197 W VibeKeyProfiler: Slow Native Suggest: Total=12.31ms | Init=0.61ms | TrieExpand(x16)=11.67ms | Scoring=0.02ms | inputSize=1
06-04 12:58:01.466 21993 22197 W VibeKeyProfiler: Slow Kotlin Suggest: Total=83.11ms | locales=3 | typedLen=1 | candidates=18 parallelWait=82.70ms
06-04 12:58:01.648 21993 22197 W VibeKeyProfiler: Slow Kotlin Suggest: Total=26.23ms | locales=3 | typedLen=2 | candidates=18 parallelWait=26.09ms
06-04 12:58:02.102 21993 31021 E ActivityThread: Failed to find provider info for com.oplus.statistics.provider
06-04 12:58:02.103 21993 31021 E OplusStatistics--: IllegalArgumentException:java.lang.IllegalArgumentException: Unknown URL content://com.oplus.statistics.provider/track_event
06-04 12:58:03.028 21993 22197 W VibeKeyProfiler: Slow Kotlin Suggest: Total=19.54ms | locales=3 | typedLen=1 | candidates=18 parallelWait=19.44ms
06-04 12:58:03.479 21993 22197 W VibeKeyProfiler: Slow Kotlin Suggest: Total=17.83ms | locales=3 | typedLen=4 | candidates=18 parallelWait=17.74ms
06-04 12:58:05.179 21993 22197 W VibeKeyProfiler: Slow Native Suggest: Total=13.07ms | Init=0.45ms | TrieExpand(x18)=12.57ms | Scoring=0.05ms | inputSize=1
06-04 12:58:05.190 21993 22197 W VibeKeyProfiler: Slow Native Suggest: Total=10.85ms | Init=0.24ms | TrieExpand(x25)=10.56ms | Scoring=0.04ms | inputSize=1
06-04 12:58:05.208 21993 22197 W VibeKeyProfiler: Slow Kotlin Suggest: Total=42.22ms | locales=3 | typedLen=1 | candidates=18 parallelWait=41.91ms
06-04 12:58:05.961 21993 22197 W VibeKeyProfiler: Slow Kotlin Suggest: Total=21.19ms | locales=3 | typedLen=1 | candidates=18 parallelWait=20.70ms
06-04 12:58:06.825 21993 22197 W VibeKeyProfiler: Slow Kotlin Suggest: Total=21.09ms | locales=3 | typedLen=1 | candidates=18 parallelWait=20.96ms
06-04 12:58:09.722 21993 22197 W VibeKeyProfiler: Slow Native Suggest: Total=13.39ms | Init=0.25ms | TrieExpand(x26)=13.10ms | Scoring=0.04ms | inputSize=1
06-04 12:58:09.740 21993 22197 W VibeKeyProfiler: Slow Kotlin Suggest: Total=32.04ms | locales=3 | typedLen=1 | candidates=18 parallelWait=31.93ms
06-04 12:58:10.223 21993 22197 W VibeKeyProfiler: Slow Native Suggest: Total=8.34ms | Init=0.05ms | TrieExpand(x11)=8.26ms | Scoring=0.03ms | inputSize=4
06-04 12:58:10.230 21993 22197 W VibeKeyProfiler: Slow Kotlin Suggest: Total=30.87ms | locales=3 | typedLen=4 | candidates=18 parallelWait=30.64ms
06-04 12:58:11.375 21993 22197 W VibeKeyProfiler: Slow Native Suggest: Total=12.74ms | Init=0.36ms | TrieExpand(x18)=12.34ms | Scoring=0.04ms | inputSize=1
06-04 12:58:11.384 21993 22197 W VibeKeyProfiler: Slow Native Suggest: Total=8.59ms | Init=0.31ms | TrieExpand(x23)=8.24ms | Scoring=0.04ms | inputSize=1
06-04 12:58:11.402 21993 22197 W VibeKeyProfiler: Slow Kotlin Suggest: Total=39.86ms | locales=3 | typedLen=1 | candidates=18 parallelWait=39.59ms
06-04 12:58:13.464 21993 22197 W VibeKeyProfiler: Slow Native Suggest: Total=13.39ms | Init=0.47ms | TrieExpand(x16)=12.86ms | Scoring=0.05ms | inputSize=1
06-04 12:58:13.477 21993 22197 W VibeKeyProfiler: Slow Native Suggest: Total=12.81ms | Init=0.36ms | TrieExpand(x26)=12.40ms | Scoring=0.05ms | inputSize=1
06-04 12:58:13.498 21993 22197 W VibeKeyProfiler: Slow Kotlin Suggest: Total=47.61ms | locales=3 | typedLen=1 | candidates=18 parallelWait=47.38ms
06-04 12:58:13.707 21993 22197 W VibeKeyProfiler: Slow Kotlin Suggest: Total=17.24ms | locales=3 | typedLen=2 | candidates=18 parallelWait=17.11ms
06-04 12:58:15.506 21993 22197 W VibeKeyProfiler: Slow Kotlin Suggest: Total=22.04ms | locales=3 | typedLen=1 | candidates=18 parallelWait=21.92ms
06-04 12:58:17.916 21993 21993 W GeckoEventDispatcher: No listener for GeckoView:DismissClipboardPermissionRequest
06-04 12:58:17.918 21993 22257 E GeckoConsole: [JavaScript Error: "TypeError: can't access property "WindowEventDispatcher", win is null" {file: "resource://gre/modules/GeckoViewSessionStore.sys.mjs" line: 149}]
06-04 12:58:17.918 21993 22257 E GeckoConsole: onTabStateUpdate@resource://gre/modules/GeckoViewSessionStore.sys.mjs:149:5
06-04 12:58:17.918 21993 22257 E GeckoConsole: updateSessionStoreFromTabListener@resource://gre/modules/GeckoViewSessionStore.sys.mjs:243:10
06-04 12:58:17.918 21993 22257 E GeckoConsole: SSF_updateSessionStore@resource://gre/modules/SessionStoreFunctions.sys.mjs:46:27
06-04 12:58:17.918 21993 22257 E GeckoConsole: UpdateSessionStore@resource://gre/modules/SessionStoreFunctions.sys.mjs:16:46
06-04 12:58:17.918 21993 22257 E GeckoConsole: [JavaScript Error: "TypeError: can't access property "WindowEventDispatcher", win is null" {file: "resource://gre/modules/GeckoViewSessionStore.sys.mjs" line: 149}]
06-04 12:58:17.918 21993 22257 E GeckoConsole: onTabStateUpdate@resource://gre/modules/GeckoViewSessionStore.sys.mjs:149:5
06-04 12:58:17.918 21993 22257 E GeckoConsole: updateSessionStoreFromTabListener@resource://gre/modules/GeckoViewSessionStore.sys.mjs:243:10
06-04 12:58:17.918 21993 22257 E GeckoConsole: SSF_updateSessionStore@resource://gre/modules/SessionStoreFunctions.sys.mjs:46:27
06-04 12:58:17.918 21993 22257 E GeckoConsole: UpdateSessionStore@resource://gre/modules/SessionStoreFunctions.sys.mjs:16:46
06-04 12:58:17.918 21993 22257 E GeckoConsole: [JavaScript Error: "TypeError: can't access property "WindowEventDispatcher", win is null" {file: "resource://gre/modules/GeckoViewSessionStore.sys.mjs" line: 149}]
06-04 12:58:17.918 21993 22257 E GeckoConsole: onTabStateUpdate@resource://gre/modules/GeckoViewSessionStore.sys.mjs:149:5
06-04 12:58:17.918 21993 22257 E GeckoConsole: updateSessionStoreFromTabListener@resource://gre/modules/GeckoViewSessionStore.sys.mjs:243:10
06-04 12:58:17.918 21993 22257 E GeckoConsole: SSF_updateSessionStore@resource://gre/modules/SessionStoreFunctions.sys.mjs:46:27
06-04 12:58:17.918 21993 22257 E GeckoConsole: UpdateSessionStore@resource://gre/modules/SessionStoreFunctions.sys.mjs:16:46
06-04 12:58:17.919 21993 22257 E GeckoConsole: [JavaScript Error: "TypeError: can't access property "WindowEventDispatcher", win is null" {file: "resource://gre/modules/GeckoViewSessionStore.sys.mjs" line: 149}]
06-04 12:58:17.919 21993 22257 E GeckoConsole: onTabStateUpdate@resource://gre/modules/GeckoViewSessionStore.sys.mjs:149:5
06-04 12:58:17.919 21993 22257 E GeckoConsole: updateSessionStoreFromTabListener@resource://gre/modules/GeckoViewSessionStore.sys.mjs:243:10
06-04 12:58:17.919 21993 22257 E GeckoConsole: SSF_updateSessionStore@resource://gre/modules/SessionStoreFunctions.sys.mjs:46:27
06-04 12:58:17.919 21993 22257 E GeckoConsole: UpdateSessionStore@resource://gre/modules/SessionStoreFunctions.sys.mjs:16:46
06-04 12:58:17.919 21993 22257 E GeckoConsole: [JavaScript Error: "TypeError: can't access property "WindowEventDispatcher", win is null" {file: "resource://gre/modules/GeckoViewSessionStore.sys.mjs" line: 149}]
06-04 12:58:17.919 21993 22257 E GeckoConsole: onTabStateUpdate@resource://gre/modules/GeckoViewSessionStore.sys.mjs:149:5
06-04 12:58:17.919 21993 22257 E GeckoConsole: updateSessionStoreFromTabListener@resource://gre/modules/GeckoViewSessionStore.sys.mjs:243:10
