--------- beginning of system
06-01 15:55:57.412  2950  2950 E OplusCustomizeRestrictionManager: sInstance is null, start a new sInstance
06-01 15:56:57.416  2950  7759 E ActivityThread: Failed to find provider info for com.oplus.statistics.provider
06-01 15:56:57.416  2950  7759 E OplusStatistics--: IllegalArgumentException:java.lang.IllegalArgumentException: Unknown URL content://com.oplus.statistics.provider/track_event
--------- beginning of main
06-01 15:57:09.453  2950  2950 W GeckoEventDispatcher: No listener for GeckoView:DismissClipboardPermissionRequest
06-01 15:57:09.454  2950  2967 E BLASTBufferQueue: BLASTBufferItemConsumer::onDisconnect()
06-01 15:57:09.454  2950  3428 E GeckoConsole: [JavaScript Error: "TypeError: can't access property "WindowEventDispatcher", win is null" {file: "resource://gre/modules/GeckoViewSessionStore.sys.mjs" line: 149}]
06-01 15:57:09.454  2950  3428 E GeckoConsole: onTabStateUpdate@resource://gre/modules/GeckoViewSessionStore.sys.mjs:149:5
06-01 15:57:09.454  2950  3428 E GeckoConsole: updateSessionStoreFromTabListener@resource://gre/modules/GeckoViewSessionStore.sys.mjs:243:10
06-01 15:57:09.454  2950  3428 E GeckoConsole: SSF_updateSessionStore@resource://gre/modules/SessionStoreFunctions.sys.mjs:46:27
06-01 15:57:09.454  2950  3428 E GeckoConsole: UpdateSessionStore@resource://gre/modules/SessionStoreFunctions.sys.mjs:16:46
06-01 15:57:09.455  2950  3428 E GeckoConsole: [JavaScript Error: "TypeError: can't access property "WindowEventDispatcher", win is null" {file: "resource://gre/modules/GeckoViewSessionStore.sys.mjs" line: 149}]
06-01 15:57:09.455  2950  3428 E GeckoConsole: onTabStateUpdate@resource://gre/modules/GeckoViewSessionStore.sys.mjs:149:5
06-01 15:57:09.455  2950  3428 E GeckoConsole: updateSessionStoreFromTabListener@resource://gre/modules/GeckoViewSessionStore.sys.mjs:243:10
06-01 15:57:09.455  2950  3428 E GeckoConsole: SSF_updateSessionStore@resource://gre/modules/SessionStoreFunctions.sys.mjs:46:27
06-01 15:57:09.455  2950  3428 E GeckoConsole: UpdateSessionStore@resource://gre/modules/SessionStoreFunctions.sys.mjs:16:46
06-01 15:57:09.455  2950  3428 E GeckoConsole: [JavaScript Error: "TypeError: can't access property "WindowEventDispatcher", win is null" {file: "resource://gre/modules/GeckoViewSessionStore.sys.mjs" line: 149}]
06-01 15:57:09.455  2950  3428 E GeckoConsole: onTabStateUpdate@resource://gre/modules/GeckoViewSessionStore.sys.mjs:149:5
06-01 15:57:09.455  2950  3428 E GeckoConsole: updateSessionStoreFromTabListener@resource://gre/modules/GeckoViewSessionStore.sys.mjs:243:10
06-01 15:57:09.455  2950  3428 E GeckoConsole: SSF_updateSessionStore@resource://gre/modules/SessionStoreFunctions.sys.mjs:46:27
06-01 15:57:09.455  2950  3428 E GeckoConsole: UpdateSessionStore@resource://gre/modules/SessionStoreFunctions.sys.mjs:16:46
06-01 15:57:09.456  2950  2950 E GeckoView: Failed to detach WindowInsetsListener: 
06-01 15:57:09.456  2950  2950 E GeckoView: java.lang.NullPointerException: Attempt to invoke virtual method 'android.view.Window android.app.Activity.getWindow()' on a null object reference
06-01 15:57:09.456  2950  2950 E GeckoView: 	at org.mozilla.geckoview.GeckoView.detachWindowInsetsListener(r8-map-id-677e01dbc5b8e20d1cddfc1e006d70875555246f719f644ec5ac9fc4560bfaad:1)
06-01 15:57:09.456  2950  2950 E GeckoView: 	at org.mozilla.geckoview.GeckoView.onDetachedFromWindow(r8-map-id-677e01dbc5b8e20d1cddfc1e006d70875555246f719f644ec5ac9fc4560bfaad:25)
06-01 15:57:09.456  2950  2950 E GeckoView: 	at android.view.View.dispatchDetachedFromWindow(View.java:20955)
06-01 15:57:09.456  2950  2950 E GeckoView: 	at android.view.ViewGroup.dispatchDetachedFromWindow(ViewGroup.java:4014)
06-01 15:57:09.456  2950  2950 E GeckoView: 	at android.view.ViewGroup.removeViewInternal(ViewGroup.java:5660)
06-01 15:57:09.456  2950  2950 E GeckoView: 	at android.view.ViewGroup.removeViewInternal(ViewGroup.java:5631)
06-01 15:57:09.456  2950  2950 E GeckoView: 	at android.view.ViewGroup.removeView(ViewGroup.java:5562)
06-01 15:57:09.456  2950  2950 E GeckoView: 	at helium314.keyboard.latin.panels.BrowserPanelView.E(r8-map-id-677e01dbc5b8e20d1cddfc1e006d70875555246f719f644ec5ac9fc4560bfaad:75)
06-01 15:57:09.456  2950  2950 E GeckoView: 	at helium314.keyboard.latin.panels.BrowserPanelView.H0(r8-map-id-677e01dbc5b8e20d1cddfc1e006d70875555246f719f644ec5ac9fc4560bfaad:90)
06-01 15:57:09.456  2950  2950 E GeckoView: 	at g7.b0.r(r8-map-id-677e01dbc5b8e20d1cddfc1e006d70875555246f719f644ec5ac9fc4560bfaad:149)
06-01 15:57:09.456  2950  2950 E GeckoView: 	at g7.b0.P(r8-map-id-677e01dbc5b8e20d1cddfc1e006d70875555246f719f644ec5ac9fc4560bfaad:17)
06-01 15:57:09.456  2950  2950 E GeckoView: 	at y7.t3.a(r8-map-id-677e01dbc5b8e20d1cddfc1e006d70875555246f719f644ec5ac9fc4560bfaad:3)
06-01 15:57:09.456  2950  2950 E GeckoView: 	at y7.b2.onClick(r8-map-id-677e01dbc5b8e20d1cddfc1e006d70875555246f719f644ec5ac9fc4560bfaad:194)
06-01 15:57:09.456  2950  2950 E GeckoView: 	at android.view.View.performClick(View.java:7488)
06-01 15:57:09.456  2950  2950 E GeckoView: 	at android.view.View.performClickInternal(View.java:7464)
06-01 15:57:09.456  2950  2950 E GeckoView: 	at android.view.View.access$3700(View.java:841)
06-01 15:57:09.456  2950  2950 E GeckoView: 	at android.view.View$PerformClick.run(View.java:28911)
06-01 15:57:09.456  2950  2950 E GeckoView: 	at android.os.Handler.handleCallback(Handler.java:938)
06-01 15:57:09.456  2950  2950 E GeckoView: 	at android.os.Handler.dispatchMessage(Handler.java:99)
06-01 15:57:09.456  2950  2950 E GeckoView: 	at android.os.Looper.loopOnce(Looper.java:233)
06-01 15:57:09.456  2950  2950 E GeckoView: 	at android.os.Looper.loop(Looper.java:344)
06-01 15:57:09.456  2950  2950 E GeckoView: 	at android.app.ActivityThread.main(ActivityThread.java:8212)
06-01 15:57:09.456  2950  2950 E GeckoView: 	at java.lang.reflect.Method.invoke(Native Method)
06-01 15:57:09.456  2950  2950 E GeckoView: 	at com.android.internal.os.RuntimeInit$MethodAndArgsCaller.run(RuntimeInit.java:584)
06-01 15:57:09.456  2950  2950 E GeckoView: 	at com.android.internal.os.ZygoteInit.main(ZygoteInit.java:1034)
06-01 15:57:09.458  2950  3428 E GeckoConsole: [JavaScript Error: "TypeError: can't access property "WindowEventDispatcher", win is null" {file: "resource://gre/modules/GeckoViewSessionStore.sys.mjs" line: 149}]
06-01 15:57:09.458  2950  3428 E GeckoConsole: onTabStateUpdate@resource://gre/modules/GeckoViewSessionStore.sys.mjs:149:5
06-01 15:57:09.458  2950  3428 E GeckoConsole: updateSessionStoreFromTabListener@resource://gre/modules/GeckoViewSessionStore.sys.mjs:243:10
06-01 15:57:09.458  2950  3428 E GeckoConsole: SSF_updateSessionStore@resource://gre/modules/SessionStoreFunctions.sys.mjs:46:27
06-01 15:57:09.458  2950  3428 E GeckoConsole: UpdateSessionStore@resource://gre/modules/SessionStoreFunctions.sys.mjs:16:46
06-01 15:57:09.459  2950  3428 E GeckoConsole: [JavaScript Error: "TypeError: can't access property "WindowEventDispatcher", win is null" {file: "resource://gre/modules/GeckoViewSessionStore.sys.mjs" line: 149}]
06-01 15:57:09.459  2950  3428 E GeckoConsole: onTabStateUpdate@resource://gre/modules/GeckoViewSessionStore.sys.mjs:149:5
06-01 15:57:09.459  2950  3428 E GeckoConsole: updateSessionStoreFromTabListener@resource://gre/modules/GeckoViewSessionStore.sys.mjs:243:10
06-01 15:57:09.459  2950  3428 E GeckoConsole: SSF_updateSessionStore@resource://gre/modules/SessionStoreFunctions.sys.mjs:46:27
06-01 15:57:09.459  2950  3428 E GeckoConsole: UpdateSessionStore@resource://gre/modules/SessionStoreFunctions.sys.mjs:16:46
06-01 15:57:09.464  2950  3428 E GeckoConsole: [JavaScript Error: "TypeError: can't access property "WindowEventDispatcher", win is null" {file: "resource://gre/modules/GeckoViewSessionStore.sys.mjs" line: 149}]
06-01 15:57:09.464  2950  3428 E GeckoConsole: onTabStateUpdate@resource://gre/modules/GeckoViewSessionStore.sys.mjs:149:5
06-01 15:57:09.464  2950  3428 E GeckoConsole: updateSessionStoreFromTabListener@resource://gre/modules/GeckoViewSessionStore.sys.mjs:243:10
06-01 15:57:09.464  2950  3428 E GeckoConsole: SSF_updateSessionStore@resource://gre/modules/SessionStoreFunctions.sys.mjs:46:27
06-01 15:57:09.464  2950  3428 E GeckoConsole: UpdateSessionStore@resource://gre/modules/SessionStoreFunctions.sys.mjs:16:46
06-01 15:57:09.786  2950  3428 E GeckoConsole: [JavaScript Error: "TypeError: can't access property "WindowEventDispatcher", win is null" {file: "resource://gre/modules/GeckoViewSessionStore.sys.mjs" line: 149}]
06-01 15:57:09.786  2950  3428 E GeckoConsole: onTabStateUpdate@resource://gre/modules/GeckoViewSessionStore.sys.mjs:149:5
06-01 15:57:09.786  2950  3428 E GeckoConsole: updateSessionStoreFromTabListener@resource://gre/modules/GeckoViewSessionStore.sys.mjs:243:10
06-01 15:57:09.786  2950  3428 E GeckoConsole: SSF_updateSessionStore@resource://gre/modules/SessionStoreFunctions.sys.mjs:46:27
06-01 15:57:09.786  2950  3428 E GeckoConsole: UpdateSessionStore@resource://gre/modules/SessionStoreFunctions.sys.mjs:16:46
06-01 15:57:10.001  2950  3428 E GeckoConsole: [JavaScript Error: "TypeError: can't access property "WindowEventDispatcher", win is null" {file: "resource://gre/modules/GeckoViewSessionStore.sys.mjs" line: 149}]
06-01 15:57:10.001  2950  3428 E GeckoConsole: onTabStateUpdate@resource://gre/modules/GeckoViewSessionStore.sys.mjs:149:5
06-01 15:57:10.001  2950  3428 E GeckoConsole: updateSessionStoreFromTabListener@resource://gre/modules/GeckoViewSessionStore.sys.mjs:243:10
06-01 15:57:10.001  2950  3428 E GeckoConsole: SSF_updateSessionStore@resource://gre/modules/SessionStoreFunctions.sys.mjs:46:27
06-01 15:57:10.001  2950  3428 E GeckoConsole: UpdateSessionStore@resource://gre/modules/SessionStoreFunctions.sys.mjs:16:46
06-01 15:57:10.080  2950  2950 W GeckoEventDispatcher: No listener for GeckoView:DismissClipboardPermissionRequest
06-01 15:57:10.083  2950  3428 E GeckoConsole: [JavaScript Error: "TypeError: can't access property "WindowEventDispatcher", win is null" {file: "resource://gre/modules/GeckoViewSessionStore.sys.mjs" line: 149}]
06-01 15:57:10.083  2950  3428 E GeckoConsole: onTabStateUpdate@resource://gre/modules/GeckoViewSessionStore.sys.mjs:149:5
06-01 15:57:10.083  2950  3428 E GeckoConsole: updateSessionStoreFromTabListener@resource://gre/modules/GeckoViewSessionStore.sys.mjs:243:10
06-01 15:57:10.083  2950  3428 E GeckoConsole: SSF_updateSessionStore@resource://gre/modules/SessionStoreFunctions.sys.mjs:46:27
06-01 15:57:10.083  2950  3428 E GeckoConsole: UpdateSessionStore@resource://gre/modules/SessionStoreFunctions.sys.mjs:16:46
06-01 15:57:10.083  2950  3428 E GeckoConsole: [JavaScript Error: "TypeError: can't access property "WindowEventDispatcher", win is null" {file: "resource://gre/modules/GeckoViewSessionStore.sys.mjs" line: 149}]
06-01 15:57:10.083  2950  3428 E GeckoConsole: onTabStateUpdate@resource://gre/modules/GeckoViewSessionStore.sys.mjs:149:5
06-01 15:57:10.083  2950  3428 E GeckoConsole: updateSessionStoreFromTabListener@resource://gre/modules/GeckoViewSessionStore.sys.mjs:243:10
06-01 15:57:10.083  2950  3428 E GeckoConsole: SSF_updateSessionStore@resource://gre/modules/SessionStoreFunctions.sys.mjs:46:27
06-01 15:57:10.083  2950  3428 E GeckoConsole: UpdateSessionStore@resource://gre/modules/SessionStoreFunctions.sys.mjs:16:46
06-01 15:57:10.086  2950  3428 E GeckoConsole: [JavaScript Error: "TypeError: can't access property "WindowEventDispatcher", win is null" {file: "resource://gre/modules/GeckoViewSessionStore.sys.mjs" line: 149}]
06-01 15:57:10.086  2950  3428 E GeckoConsole: onTabStateUpdate@resource://gre/modules/GeckoViewSessionStore.sys.mjs:149:5
06-01 15:57:10.086  2950  3428 E GeckoConsole: updateSessionStoreFromTabListener@resource://gre/modules/GeckoViewSessionStore.sys.mjs:243:10
06-01 15:57:10.086  2950  3428 E GeckoConsole: SSF_updateSessionStore@resource://gre/modules/SessionStoreFunctions.sys.mjs:46:27
06-01 15:57:10.086  2950  3428 E GeckoConsole: UpdateSessionStore@resource://gre/modules/SessionStoreFunctions.sys.mjs:16:46
06-01 15:57:10.107  2950  2950 E GeckoView: Failed to attach WindowInsetsListener: 
06-01 15:57:10.107  2950  2950 E GeckoView: java.lang.NullPointerException: Attempt to invoke virtual method 'android.view.Window android.app.Activity.getWindow()' on a null object reference
06-01 15:57:10.107  2950  2950 E GeckoView: 	at org.mozilla.geckoview.GeckoView.attachWindowInsetsListener(r8-map-id-677e01dbc5b8e20d1cddfc1e006d70875555246f719f644ec5ac9fc4560bfaad:1)
06-01 15:57:10.107  2950  2950 E GeckoView: 	at org.mozilla.geckoview.GeckoView.onAttachedToWindow(r8-map-id-677e01dbc5b8e20d1cddfc1e006d70875555246f719f644ec5ac9fc4560bfaad:49)
06-01 15:57:10.107  2950  2950 E GeckoView: 	at android.view.View.dispatchAttachedToWindow(View.java:20900)
06-01 15:57:10.107  2950  2950 E GeckoView: 	at android.view.ViewGroup.dispatchAttachedToWindow(ViewGroup.java:3539)
06-01 15:57:10.107  2950  2950 E GeckoView: 	at android.view.ViewGroup.addViewInner(ViewGroup.java:5378)
06-01 15:57:10.107  2950  2950 E GeckoView: 	at android.view.ViewGroup.addView(ViewGroup.java:5156)
06-01 15:57:10.107  2950  2950 E GeckoView: 	at com.google.firebase.appcheck.internal.a.run(r8-map-id-677e01dbc5b8e20d1cddfc1e006d70875555246f719f644ec5ac9fc4560bfaad:139)
06-01 15:57:10.107  2950  2950 E GeckoView: 	at helium314.keyboard.latin.panels.BrowserPanelView.X(r8-map-id-677e01dbc5b8e20d1cddfc1e006d70875555246f719f644ec5ac9fc4560bfaad:147)
06-01 15:57:10.107  2950  2950 E GeckoView: 	at helium314.keyboard.latin.panels.BrowserPanelView.G0(r8-map-id-677e01dbc5b8e20d1cddfc1e006d70875555246f719f644ec5ac9fc4560bfaad:58)
06-01 15:57:10.107  2950  2950 E GeckoView: 	at c5.t.run(r8-map-id-677e01dbc5b8e20d1cddfc1e006d70875555246f719f644ec5ac9fc4560bfaad:622)
06-01 15:57:10.107  2950  2950 E GeckoView: 	at g7.y.onGlobalLayout(r8-map-id-677e01dbc5b8e20d1cddfc1e006d70875555246f719f644ec5ac9fc4560bfaad:8)
06-01 15:57:10.107  2950  2950 E GeckoView: 	at android.view.ViewTreeObserver.dispatchOnGlobalLayout(ViewTreeObserver.java:1061)
06-01 15:57:10.107  2950  2950 E GeckoView: 	at android.view.ViewRootImpl.performTraversals(ViewRootImpl.java:3407)
06-01 15:57:10.107  2950  2950 E GeckoView: 	at android.view.ViewRootImpl.doTraversal(ViewRootImpl.java:2305)
06-01 15:57:10.107  2950  2950 E GeckoView: 	at android.view.ViewRootImpl$TraversalRunnable.run(ViewRootImpl.java:9133)
06-01 15:57:10.107  2950  2950 E GeckoView: 	at android.view.Choreographer$CallbackRecord.run(Choreographer.java:1232)
06-01 15:57:10.107  2950  2950 E GeckoView: 	at android.view.Choreographer.doCallbacks(Choreographer.java:1029)
06-01 15:57:10.107  2950  2950 E GeckoView: 	at android.view.Choreographer.doFrame(Choreographer.java:934)
06-01 15:57:10.107  2950  2950 E GeckoView: 	at android.view.Choreographer$FrameDisplayEventReceiver.run(Choreographer.java:1217)
06-01 15:57:10.107  2950  2950 E GeckoView: 	at android.os.Handler.handleCallback(Handler.java:938)
06-01 15:57:10.107  2950  2950 E GeckoView: 	at android.os.Handler.dispatchMessage(Handler.java:99)
06-01 15:57:10.107  2950  2950 E GeckoView: 	at android.os.Looper.loopOnce(Looper.java:233)
06-01 15:57:10.107  2950  2950 E GeckoView: 	at android.os.Looper.loop(Looper.java:344)
06-01 15:57:10.107  2950  2950 E GeckoView: 	at android.app.ActivityThread.main(ActivityThread.java:8212)
06-01 15:57:10.107  2950  2950 E GeckoView: 	at java.lang.reflect.Method.invoke(Native Method)
06-01 15:57:10.107  2950  2950 E GeckoView: 	at com.android.internal.os.RuntimeInit$MethodAndArgsCaller.run(RuntimeInit.java:584)
06-01 15:57:10.107  2950  2950 E GeckoView: 	at com.android.internal.os.ZygoteInit.main(ZygoteInit.java:1034)
06-01 15:57:10.108  2950  2950 W GeckoEventDispatcher: No listener for GeckoView:DismissClipboardPermissionRequest
06-01 15:57:10.163  2950  3428 E GeckoConsole: [JavaScript Error: "TypeError: can't access property "WindowEventDispatcher", win is null" {file: "resource://gre/modules/GeckoViewSessionStore.sys.mjs" line: 149}]
06-01 15:57:10.163  2950  3428 E GeckoConsole: onTabStateUpdate@resource://gre/modules/GeckoViewSessionStore.sys.mjs:149:5
06-01 15:57:10.163  2950  3428 E GeckoConsole: updateSessionStoreFromTabListener@resource://gre/modules/GeckoViewSessionStore.sys.mjs:243:10
06-01 15:57:10.163  2950  3428 E GeckoConsole: SSF_updateSessionStore@resource://gre/modules/SessionStoreFunctions.sys.mjs:46:27
06-01 15:57:10.163  2950  3428 E GeckoConsole: UpdateSessionStore@resource://gre/modules/SessionStoreFunctions.sys.mjs:16:46
06-01 15:57:10.318  2950  3428 E GeckoConsole: [JavaScript Error: "TypeError: can't access property "WindowEventDispatcher", win is null" {file: "resource://gre/modules/GeckoViewSessionStore.sys.mjs" line: 149}]
06-01 15:57:10.318  2950  3428 E GeckoConsole: onTabStateUpdate@resource://gre/modules/GeckoViewSessionStore.sys.mjs:149:5
06-01 15:57:10.318  2950  3428 E GeckoConsole: updateSessionStoreFromTabListener@resource://gre/modules/GeckoViewSessionStore.sys.mjs:243:10
06-01 15:57:10.318  2950  3428 E GeckoConsole: SSF_updateSessionStore@resource://gre/modules/SessionStoreFunctions.sys.mjs:46:27
06-01 15:57:10.318  2950  3428 E GeckoConsole: UpdateSessionStore@resource://gre/modules/SessionStoreFunctions.sys.mjs:16:46
06-01 15:57:10.747  2950  3428 E GeckoConsole: [JavaScript Error: "TypeError: can't access property "WindowEventDispatcher", win is null" {file: "resource://gre/modules/GeckoViewSessionStore.sys.mjs" line: 149}]
06-01 15:57:10.747  2950  3428 E GeckoConsole: onTabStateUpdate@resource://gre/modules/GeckoViewSessionStore.sys.mjs:149:5
06-01 15:57:10.747  2950  3428 E GeckoConsole: updateSessionStoreFromTabListener@resource://gre/modules/GeckoViewSessionStore.sys.mjs:243:10
06-01 15:57:10.747  2950  3428 E GeckoConsole: SSF_updateSessionStore@resource://gre/modules/SessionStoreFunctions.sys.mjs:46:27
06-01 15:57:10.747  2950  3428 E GeckoConsole: UpdateSessionStore@resource://gre/modules/SessionStoreFunctions.sys.mjs:16:46
06-01 15:57:10.895  2950  3428 E GeckoConsole: [JavaScript Error: "TypeError: can't access property "WindowEventDispatcher", win is null" {file: "resource://gre/modules/GeckoViewSessionStore.sys.mjs" line: 149}]
06-01 15:57:10.895  2950  3428 E GeckoConsole: onTabStateUpdate@resource://gre/modules/GeckoViewSessionStore.sys.mjs:149:5
06-01 15:57:10.895  2950  3428 E GeckoConsole: updateSessionStoreFromTabListener@resource://gre/modules/GeckoViewSessionStore.sys.mjs:243:10
06-01 15:57:10.895  2950  3428 E GeckoConsole: SSF_updateSessionStore@resource://gre/modules/SessionStoreFunctions.sys.mjs:46:27
06-01 15:57:10.895  2950  3428 E GeckoConsole: UpdateSessionStore@resource://gre/modules/SessionStoreFunctions.sys.mjs:16:46
06-01 15:57:10.895  2950  3428 E GeckoConsole: [JavaScript Error: "TypeError: can't access property "WindowEventDispatcher", win is null" {file: "resource://gre/modules/GeckoViewSessionStore.sys.mjs" line: 149}]
06-01 15:57:10.895  2950  3428 E GeckoConsole: onTabStateUpdate@resource://gre/modules/GeckoViewSessionStore.sys.mjs:149:5
06-01 15:57:10.895  2950  3428 E GeckoConsole: updateSessionStoreFromTabListener@resource://gre/modules/GeckoViewSessionStore.sys.mjs:243:10
06-01 15:57:10.895  2950  3428 E GeckoConsole: SSF_updateSessionStore@resource://gre/modules/SessionStoreFunctions.sys.mjs:46:27
06-01 15:57:10.895  2950  3428 E GeckoConsole: UpdateSessionStore@resource://gre/modules/SessionStoreFunctions.sys.mjs:16:46
06-01 15:57:10.895  2950  3428 E GeckoConsole: [JavaScript Error: "TypeError: can't access property "WindowEventDispatcher", win is null" {file: "resource://gre/modules/GeckoViewSessionStore.sys.mjs" line: 149}]
06-01 15:57:10.895  2950  3428 E GeckoConsole: onTabStateUpdate@resource://gre/modules/GeckoViewSessionStore.sys.mjs:149:5
06-01 15:57:10.895  2950  3428 E GeckoConsole: updateSessionStoreFromTabListener@resource://gre/modules/GeckoViewSessionStore.sys.mjs:243:10
06-01 15:57:10.895  2950  3428 E GeckoConsole: SSF_updateSessionStore@resource://gre/modules/SessionStoreFunctions.sys.mjs:46:27
06-01 15:57:10.895  2950  3428 E GeckoConsole: UpdateSessionStore@resource://gre/modules/SessionStoreFunctions.sys.mjs:16:46
06-01 15:57:12.645  2950  3428 E GeckoConsole: [JavaScript Error: "TypeError: can't access property "WindowEventDispatcher", win is null" {file: "resource://gre/modules/GeckoViewSessionStore.sys.mjs" line: 149}]
06-01 15:57:12.645  2950  3428 E GeckoConsole: onTabStateUpdate@resource://gre/modules/GeckoViewSessionStore.sys.mjs:149:5
06-01 15:57:12.645  2950  3428 E GeckoConsole: updateSessionStoreFromTabListener@resource://gre/modules/GeckoViewSessionStore.sys.mjs:243:10
06-01 15:57:12.645  2950  3428 E GeckoConsole: SSF_updateSessionStore@resource://gre/modules/SessionStoreFunctions.sys.mjs:46:27
06-01 15:57:12.645  2950  3428 E GeckoConsole: UpdateSessionStore@resource://gre/modules/SessionStoreFunctions.sys.mjs:16:46
06-01 15:57:12.854  2950  3428 E GeckoConsole: [JavaScript Error: "TypeError: can't access property "WindowEventDispatcher", win is null" {file: "resource://gre/modules/GeckoViewSessionStore.sys.mjs" line: 149}]
06-01 15:57:12.854  2950  3428 E GeckoConsole: onTabStateUpdate@resource://gre/modules/GeckoViewSessionStore.sys.mjs:149:5
06-01 15:57:12.854  2950  3428 E GeckoConsole: updateSessionStoreFromTabListener@resource://gre/modules/GeckoViewSessionStore.sys.mjs:243:10
06-01 15:57:12.854  2950  3428 E GeckoConsole: SSF_updateSessionStore@resource://gre/modules/SessionStoreFunctions.sys.mjs:46:27
06-01 15:57:12.854  2950  3428 E GeckoConsole: UpdateSessionStore@resource://gre/modules/SessionStoreFunctions.sys.mjs:16:46
06-01 15:57:13.188  2950  7759 E ActivityThread: Failed to find provider info for com.oplus.statistics.provider
06-01 15:57:13.188  2950  7759 E OplusStatistics--: IllegalArgumentException:java.lang.IllegalArgumentException: Unknown URL content://com.oplus.statistics.provider/track_event
06-01 15:57:13.640  2950  2950 W GeckoEventDispatcher: No listener for GeckoView:DismissClipboardPermissionRequest
06-01 15:57:13.650  2950  4125 E BLASTBufferQueue: BLASTBufferItemConsumer::onDisconnect()
06-01 15:57:13.662  2950  3428 E GeckoConsole: [JavaScript Error: "TypeError: can't access property "WindowEventDispatcher", win is null" {file: "resource://gre/modules/GeckoViewSessionStore.sys.mjs" line: 149}]
06-01 15:57:13.662  2950  3428 E GeckoConsole: onTabStateUpdate@resource://gre/modules/GeckoViewSessionStore.sys.mjs:149:5
06-01 15:57:13.662  2950  3428 E GeckoConsole: updateSessionStoreFromTabListener@resource://gre/modules/GeckoViewSessionStore.sys.mjs:243:10
06-01 15:57:13.662  2950  3428 E GeckoConsole: SSF_updateSessionStore@resource://gre/modules/SessionStoreFunctions.sys.mjs:46:27
06-01 15:57:13.662  2950  3428 E GeckoConsole: UpdateSessionStore@resource://gre/modules/SessionStoreFunctions.sys.mjs:16:46
06-01 15:57:13.663  2950  3428 E GeckoConsole: [JavaScript Error: "TypeError: can't access property "WindowEventDispatcher", win is null" {file: "resource://gre/modules/GeckoViewSessionStore.sys.mjs" line: 149}]
06-01 15:57:13.663  2950  3428 E GeckoConsole: onTabStateUpdate@resource://gre/modules/GeckoViewSessionStore.sys.mjs:149:5
06-01 15:57:13.663  2950  3428 E GeckoConsole: updateSessionStoreFromTabListener@resource://gre/modules/GeckoViewSessionStore.sys.mjs:243:10
06-01 15:57:13.663  2950  3428 E GeckoConsole: SSF_updateSessionStore@resource://gre/modules/SessionStoreFunctions.sys.mjs:46:27
06-01 15:57:13.663  2950  3428 E GeckoConsole: UpdateSessionStore@resource://gre/modules/SessionStoreFunctions.sys.mjs:16:46
06-01 15:57:13.663  2950  3428 E GeckoConsole: [JavaScript Error: "TypeError: can't access property "WindowEventDispatcher", win is null" {file: "resource://gre/modules/GeckoViewSessionStore.sys.mjs" line: 149}]
06-01 15:57:13.663  2950  3428 E GeckoConsole: onTabStateUpdate@resource://gre/modules/GeckoViewSessionStore.sys.mjs:149:5
06-01 15:57:13.663  2950  3428 E GeckoConsole: updateSessionStoreFromTabListener@resource://gre/modules/GeckoViewSessionStore.sys.mjs:243:10
06-01 15:57:13.663  2950  3428 E GeckoConsole: SSF_updateSessionStore@resource://gre/modules/SessionStoreFunctions.sys.mjs:46:27
06-01 15:57:13.663  2950  3428 E GeckoConsole: UpdateSessionStore@resource://gre/modules/SessionStoreFunctions.sys.mjs:16:46
06-01 15:57:13.675  2950  2950 E GeckoView: Failed to detach WindowInsetsListener: 
06-01 15:57:13.675  2950  2950 E GeckoView: java.lang.NullPointerException: Attempt to invoke virtual method 'android.view.Window android.app.Activity.getWindow()' on a null object reference
06-01 15:57:13.675  2950  2950 E GeckoView: 	at org.mozilla.geckoview.GeckoView.detachWindowInsetsListener(r8-map-id-677e01dbc5b8e20d1cddfc1e006d70875555246f719f644ec5ac9fc4560bfaad:1)
06-01 15:57:13.675  2950  2950 E GeckoView: 	at org.mozilla.geckoview.GeckoView.onDetachedFromWindow(r8-map-id-677e01dbc5b8e20d1cddfc1e006d70875555246f719f644ec5ac9fc4560bfaad:25)
06-01 15:57:13.675  2950  2950 E GeckoView: 	at android.view.View.dispatchDetachedFromWindow(View.java:20955)
06-01 15:57:13.675  2950  2950 E GeckoView: 	at android.view.ViewGroup.dispatchDetachedFromWindow(ViewGroup.java:4014)
06-01 15:57:13.675  2950  2950 E GeckoView: 	at android.view.ViewGroup.removeViewInternal(ViewGroup.java:5660)
06-01 15:57:13.675  2950  2950 E GeckoView: 	at android.view.ViewGroup.removeViewInternal(ViewGroup.java:5631)
06-01 15:57:13.675  2950  2950 E GeckoView: 	at android.view.ViewGroup.removeView(ViewGroup.java:5562)
06-01 15:57:13.675  2950  2950 E GeckoView: 	at helium314.keyboard.latin.panels.BrowserPanelView.E(r8-map-id-677e01dbc5b8e20d1cddfc1e006d70875555246f719f644ec5ac9fc4560bfaad:75)
06-01 15:57:13.675  2950  2950 E GeckoView: 	at helium314.keyboard.latin.panels.BrowserPanelView.H0(r8-map-id-677e01dbc5b8e20d1cddfc1e006d70875555246f719f644ec5ac9fc4560bfaad:90)
06-01 15:57:13.675  2950  2950 E GeckoView: 	at g7.b0.z(r8-map-id-677e01dbc5b8e20d1cddfc1e006d70875555246f719f644ec5ac9fc4560bfaad:219)
06-01 15:57:13.675  2950  2950 E GeckoView: 	at helium314.keyboard.latin.LatinIME.hideWindow(r8-map-id-677e01dbc5b8e20d1cddfc1e006d70875555246f719f644ec5ac9fc4560bfaad:37)
06-01 15:57:13.675  2950  2950 E GeckoView: 	at android.inputmethodservice.InputMethodService.doHideWindow(InputMethodService.java:2441)
06-01 15:57:13.675  2950  2950 E GeckoView: 	at android.inputmethodservice.InputMethodService.access$500(InputMethodService.java:307)
06-01 15:57:13.675  2950  2950 E GeckoView: 	at android.inputmethodservice.InputMethodService$InputMethodImpl.hideSoftInput(InputMethodService.java:795)
06-01 15:57:13.675  2950  2950 E GeckoView: 	at android.inputmethodservice.InputMethodService$InputMethodImpl.hideSoftInputWithToken(InputMethodService.java:757)
06-01 15:57:13.675  2950  2950 E GeckoView: 	at android.inputmethodservice.IInputMethodWrapper.executeMessage(IInputMethodWrapper.java:232)
06-01 15:57:13.675  2950  2950 E GeckoView: 	at com.android.internal.os.HandlerCaller$MyHandler.handleMessage(HandlerCaller.java:44)
06-01 15:57:13.675  2950  2950 E GeckoView: 	at android.os.Handler.dispatchMessage(Handler.java:106)
06-01 15:57:13.675  2950  2950 E GeckoView: 	at android.os.Looper.loopOnce(Looper.java:233)
06-01 15:57:13.675  2950  2950 E GeckoView: 	at android.os.Looper.loop(Looper.java:344)
06-01 15:57:13.675  2950  2950 E GeckoView: 	at android.app.ActivityThread.main(ActivityThread.java:8212)
06-01 15:57:13.675  2950  2950 E GeckoView: 	at java.lang.reflect.Method.invoke(Native Method)
06-01 15:57:13.675  2950  2950 E GeckoView: 	at com.android.internal.os.RuntimeInit$MethodAndArgsCaller.run(RuntimeInit.java:584)
06-01 15:57:13.675  2950  2950 E GeckoView: 	at com.android.internal.os.ZygoteInit.main(ZygoteInit.java:1034)
06-01 15:57:13.676  2950  3428 E GeckoConsole: [JavaScript Error: "TypeError: can't access property "WindowEventDispatcher", win is null" {file: "resource://gre/modules/GeckoViewSessionStore.sys.mjs" line: 149}]
06-01 15:57:13.676  2950  3428 E GeckoConsole: onTabStateUpdate@resource://gre/modules/GeckoViewSessionStore.sys.mjs:149:5
06-01 15:57:13.676  2950  3428 E GeckoConsole: updateSessionStoreFromTabListener@resource://gre/modules/GeckoViewSessionStore.sys.mjs:243:10
06-01 15:57:13.676  2950  3428 E GeckoConsole: SSF_updateSessionStore@resource://gre/modules/SessionStoreFunctions.sys.mjs:46:27
06-01 15:57:13.676  2950  3428 E GeckoConsole: UpdateSessionStore@resource://gre/modules/SessionStoreFunctions.sys.mjs:16:46
06-01 15:57:13.684  2950  3428 E GeckoConsole: [JavaScript Error: "TypeError: can't access property "WindowEventDispatcher", win is null" {file: "resource://gre/modules/GeckoViewSessionStore.sys.mjs" line: 149}]
06-01 15:57:13.684  2950  3428 E GeckoConsole: onTabStateUpdate@resource://gre/modules/GeckoViewSessionStore.sys.mjs:149:5
06-01 15:57:13.684  2950  3428 E GeckoConsole: updateSessionStoreFromTabListener@resource://gre/modules/GeckoViewSessionStore.sys.mjs:243:10
06-01 15:57:13.684  2950  3428 E GeckoConsole: SSF_updateSessionStore@resource://gre/modules/SessionStoreFunctions.sys.mjs:46:27
06-01 15:57:13.684  2950  3428 E GeckoConsole: UpdateSessionStore@resource://gre/modules/SessionStoreFunctions.sys.mjs:16:46
06-01 15:57:13.684  2950  3428 E GeckoConsole: [JavaScript Error: "TypeError: can't access property "WindowEventDispatcher", win is null" {file: "resource://gre/modules/GeckoViewSessionStore.sys.mjs" line: 149}]
06-01 15:57:13.684  2950  3428 E GeckoConsole: onTabStateUpdate@resource://gre/modules/GeckoViewSessionStore.sys.mjs:149:5
06-01 15:57:13.684  2950  3428 E GeckoConsole: updateSessionStoreFromTabListener@resource://gre/modules/GeckoViewSessionStore.sys.mjs:243:10
06-01 15:57:13.684  2950  3428 E GeckoConsole: SSF_updateSessionStore@resource://gre/modules/SessionStoreFunctions.sys.mjs:46:27
06-01 15:57:13.684  2950  3428 E GeckoConsole: UpdateSessionStore@resource://gre/modules/SessionStoreFunctions.sys.mjs:16:46
06-01 15:57:15.827  2950  2950 W GeckoEventDispatcher: No listener for GeckoView:DismissClipboardPermissionRequest
06-01 15:57:15.830  2950  3428 E GeckoConsole: [JavaScript Error: "TypeError: can't access property "WindowEventDispatcher", win is null" {file: "resource://gre/modules/GeckoViewSessionStore.sys.mjs" line: 149}]
06-01 15:57:15.830  2950  3428 E GeckoConsole: onTabStateUpdate@resource://gre/modules/GeckoViewSessionStore.sys.mjs:149:5
06-01 15:57:15.830  2950  3428 E GeckoConsole: updateSessionStoreFromTabListener@resource://gre/modules/GeckoViewSessionStore.sys.mjs:243:10
06-01 15:57:15.830  2950  3428 E GeckoConsole: SSF_updateSessionStore@resource://gre/modules/SessionStoreFunctions.sys.mjs:46:27
06-01 15:57:15.830  2950  3428 E GeckoConsole: UpdateSessionStore@resource://gre/modules/SessionStoreFunctions.sys.mjs:16:46
06-01 15:57:15.830  2950  3428 E GeckoConsole: [JavaScript Error: "TypeError: can't access property "WindowEventDispatcher", win is null" {file: "resource://gre/modules/GeckoViewSessionStore.sys.mjs" line: 149}]
06-01 15:57:15.830  2950  3428 E GeckoConsole: onTabStateUpdate@resource://gre/modules/GeckoViewSessionStore.sys.mjs:149:5
06-01 15:57:15.830  2950  3428 E GeckoConsole: updateSessionStoreFromTabListener@resource://gre/modules/GeckoViewSessionStore.sys.mjs:243:10
06-01 15:57:15.830  2950  3428 E GeckoConsole: SSF_updateSessionStore@resource://gre/modules/SessionStoreFunctions.sys.mjs:46:27
06-01 15:57:15.830  2950  3428 E GeckoConsole: UpdateSessionStore@resource://gre/modules/SessionStoreFunctions.sys.mjs:16:46
06-01 15:57:15.830  2950  3428 E GeckoConsole: [JavaScript Error: "TypeError: can't access property "WindowEventDispatcher", win is null" {file: "resource://gre/modules/GeckoViewSessionStore.sys.mjs" line: 149}]
06-01 15:57:15.830  2950  3428 E GeckoConsole: onTabStateUpdate@resource://gre/modules/GeckoViewSessionStore.sys.mjs:149:5
06-01 15:57:15.830  2950  3428 E GeckoConsole: updateSessionStoreFromTabListener@resource://gre/modules/GeckoViewSessionStore.sys.mjs:243:10
06-01 15:57:15.830  2950  3428 E GeckoConsole: SSF_updateSessionStore@resource://gre/modules/SessionStoreFunctions.sys.mjs:46:27
06-01 15:57:15.830  2950  3428 E GeckoConsole: UpdateSessionStore@resource://gre/modules/SessionStoreFunctions.sys.mjs:16:46
06-01 15:57:16.743  2950  2950 W GeckoEventDispatcher: No listener for GeckoView:DismissClipboardPermissionRequest
06-01 15:57:16.745  2950  3428 E GeckoConsole: [JavaScript Error: "TypeError: can't access property "WindowEventDispatcher", win is null" {file: "resource://gre/modules/GeckoViewSessionStore.sys.mjs" line: 149}]
06-01 15:57:16.745  2950  3428 E GeckoConsole: onTabStateUpdate@resource://gre/modules/GeckoViewSessionStore.sys.mjs:149:5
06-01 15:57:16.745  2950  3428 E GeckoConsole: updateSessionStoreFromTabListener@resource://gre/modules/GeckoViewSessionStore.sys.mjs:243:10
06-01 15:57:16.745  2950  3428 E GeckoConsole: SSF_updateSessionStore@resource://gre/modules/SessionStoreFunctions.sys.mjs:46:27
06-01 15:57:16.745  2950  3428 E GeckoConsole: UpdateSessionStore@resource://gre/modules/SessionStoreFunctions.sys.mjs:16:46
06-01 15:57:16.746  2950  3428 E GeckoConsole: [JavaScript Error: "TypeError: can't access property "WindowEventDispatcher", win is null" {file: "resource://gre/modules/GeckoViewSessionStore.sys.mjs" line: 149}]
06-01 15:57:16.746  2950  3428 E GeckoConsole: onTabStateUpdate@resource://gre/modules/GeckoViewSessionStore.sys.mjs:149:5
06-01 15:57:16.746  2950  3428 E GeckoConsole: updateSessionStoreFromTabListener@resource://gre/modules/GeckoViewSessionStore.sys.mjs:243:10
06-01 15:57:16.746  2950  3428 E GeckoConsole: SSF_updateSessionStore@resource://gre/modules/SessionStoreFunctions.sys.mjs:46:27
06-01 15:57:16.746  2950  3428 E GeckoConsole: UpdateSessionStore@resource://gre/modules/SessionStoreFunctions.sys.mjs:16:46
06-01 15:57:16.746  2950  3428 E GeckoConsole: [JavaScript Error: "TypeError: can't access property "WindowEventDispatcher", win is null" {file: "resource://gre/modules/GeckoViewSessionStore.sys.mjs" line: 149}]
06-01 15:57:16.746  2950  3428 E GeckoConsole: onTabStateUpdate@resource://gre/modules/GeckoViewSessionStore.sys.mjs:149:5
06-01 15:57:16.746  2950  3428 E GeckoConsole: updateSessionStoreFromTabListener@resource://gre/modules/GeckoViewSessionStore.sys.mjs:243:10
06-01 15:57:16.746  2950  3428 E GeckoConsole: SSF_updateSessionStore@resource://gre/modules/SessionStoreFunctions.sys.mjs:46:27
06-01 15:57:16.746  2950  3428 E GeckoConsole: UpdateSessionStore@resource://gre/modules/SessionStoreFunctions.sys.mjs:16:46
06-01 15:57:16.768  2950  2950 E GeckoView: Failed to attach WindowInsetsListener: 
06-01 15:57:16.768  2950  2950 E GeckoView: java.lang.NullPointerException: Attempt to invoke virtual method 'android.view.Window android.app.Activity.getWindow()' on a null object reference
06-01 15:57:16.768  2950  2950 E GeckoView: 	at org.mozilla.geckoview.GeckoView.attachWindowInsetsListener(r8-map-id-677e01dbc5b8e20d1cddfc1e006d70875555246f719f644ec5ac9fc4560bfaad:1)
06-01 15:57:16.768  2950  2950 E GeckoView: 	at org.mozilla.geckoview.GeckoView.onAttachedToWindow(r8-map-id-677e01dbc5b8e20d1cddfc1e006d70875555246f719f644ec5ac9fc4560bfaad:49)
06-01 15:57:16.768  2950  2950 E GeckoView: 	at android.view.View.dispatchAttachedToWindow(View.java:20900)
06-01 15:57:16.768  2950  2950 E GeckoView: 	at android.view.ViewGroup.dispatchAttachedToWindow(ViewGroup.java:3539)
06-01 15:57:16.768  2950  2950 E GeckoView: 	at android.view.ViewGroup.addViewInner(ViewGroup.java:5378)
06-01 15:57:16.768  2950  2950 E GeckoView: 	at android.view.ViewGroup.addView(ViewGroup.java:5156)
06-01 15:57:16.768  2950  2950 E GeckoView: 	at com.google.firebase.appcheck.internal.a.run(r8-map-id-677e01dbc5b8e20d1cddfc1e006d70875555246f719f644ec5ac9fc4560bfaad:139)
06-01 15:57:16.768  2950  2950 E GeckoView: 	at helium314.keyboard.latin.panels.BrowserPanelView.X(r8-map-id-677e01dbc5b8e20d1cddfc1e006d70875555246f719f644ec5ac9fc4560bfaad:147)
06-01 15:57:16.768  2950  2950 E GeckoView: 	at helium314.keyboard.latin.panels.BrowserPanelView.G0(r8-map-id-677e01dbc5b8e20d1cddfc1e006d70875555246f719f644ec5ac9fc4560bfaad:58)
06-01 15:57:16.768  2950  2950 E GeckoView: 	at c5.t.run(r8-map-id-677e01dbc5b8e20d1cddfc1e006d70875555246f719f644ec5ac9fc4560bfaad:622)
06-01 15:57:16.768  2950  2950 E GeckoView: 	at g7.y.onGlobalLayout(r8-map-id-677e01dbc5b8e20d1cddfc1e006d70875555246f719f644ec5ac9fc4560bfaad:8)
06-01 15:57:16.768  2950  2950 E GeckoView: 	at android.view.ViewTreeObserver.dispatchOnGlobalLayout(ViewTreeObserver.java:1061)
06-01 15:57:16.768  2950  2950 E GeckoView: 	at android.view.ViewRootImpl.performTraversals(ViewRootImpl.java:3407)
06-01 15:57:16.768  2950  2950 E GeckoView: 	at android.view.ViewRootImpl.doTraversal(ViewRootImpl.java:2305)
06-01 15:57:16.768  2950  2950 E GeckoView: 	at android.view.ViewRootImpl$TraversalRunnable.run(ViewRootImpl.java:9133)
06-01 15:57:16.768  2950  2950 E GeckoView: 	at android.view.Choreographer$CallbackRecord.run(Choreographer.java:1232)
06-01 15:57:16.768  2950  2950 E GeckoView: 	at android.view.Choreographer.doCallbacks(Choreographer.java:1029)
06-01 15:57:16.768  2950  2950 E GeckoView: 	at android.view.Choreographer.doFrame(Choreographer.java:934)
06-01 15:57:16.768  2950  2950 E GeckoView: 	at android.view.Choreographer$FrameDisplayEventReceiver.run(Choreographer.java:1217)
06-01 15:57:16.768  2950  2950 E GeckoView: 	at android.os.Handler.handleCallback(Handler.java:938)
06-01 15:57:16.768  2950  2950 E GeckoView: 	at android.os.Handler.dispatchMessage(Handler.java:99)
06-01 15:57:16.768  2950  2950 E GeckoView: 	at android.os.Looper.loopOnce(Looper.java:233)
06-01 15:57:16.768  2950  2950 E GeckoView: 	at android.os.Looper.loop(Looper.java:344)
06-01 15:57:16.768  2950  2950 E GeckoView: 	at android.app.ActivityThread.main(ActivityThread.java:8212)
06-01 15:57:16.768  2950  2950 E GeckoView: 	at java.lang.reflect.Method.invoke(Native Method)
06-01 15:57:16.768  2950  2950 E GeckoView: 	at com.android.internal.os.RuntimeInit$MethodAndArgsCaller.run(RuntimeInit.java:584)
06-01 15:57:16.768  2950  2950 E GeckoView: 	at com.android.internal.os.ZygoteInit.main(ZygoteInit.java:1034)
06-01 15:57:16.769  2950  2950 W GeckoEventDispatcher: No listener for GeckoView:DismissClipboardPermissionRequest
06-01 15:57:17.262  2950  2950 W GeckoEventDispatcher: No listener for GeckoView:DismissClipboardPermissionRequest
06-01 15:57:17.263  2950  3428 E GeckoConsole: [JavaScript Error: "TypeError: can't access property "WindowEventDispatcher", win is null" {file: "resource://gre/modules/GeckoViewSessionStore.sys.mjs" line: 149}]
06-01 15:57:17.263  2950  3428 E GeckoConsole: onTabStateUpdate@resource://gre/modules/GeckoViewSessionStore.sys.mjs:149:5
06-01 15:57:17.263  2950  3428 E GeckoConsole: updateSessionStoreFromTabListener@resource://gre/modules/GeckoViewSessionStore.sys.mjs:243:10
06-01 15:57:17.263  2950  3428 E GeckoConsole: SSF_updateSessionStore@resource://gre/modules/SessionStoreFunctions.sys.mjs:46:27
06-01 15:57:17.263  2950  3428 E GeckoConsole: UpdateSessionStore@resource://gre/modules/SessionStoreFunctions.sys.mjs:16:46
06-01 15:57:17.264  2950  3428 E GeckoConsole: [JavaScript Error: "TypeError: can't access property "WindowEventDispatcher", win is null" {file: "resource://gre/modules/GeckoViewSessionStore.sys.mjs" line: 149}]
06-01 15:57:17.264  2950  3428 E GeckoConsole: onTabStateUpdate@resource://gre/modules/GeckoViewSessionStore.sys.mjs:149:5
06-01 15:57:17.264  2950  3428 E GeckoConsole: updateSessionStoreFromTabListener@resource://gre/modules/GeckoViewSessionStore.sys.mjs:243:10
06-01 15:57:17.264  2950  3428 E GeckoConsole: SSF_updateSessionStore@resource://gre/modules/SessionStoreFunctions.sys.mjs:46:27
06-01 15:57:17.264  2950  3428 E GeckoConsole: UpdateSessionStore@resource://gre/modules/SessionStoreFunctions.sys.mjs:16:46
06-01 15:57:17.264  2950  3428 E GeckoConsole: [JavaScript Error: "TypeError: can't access property "WindowEventDispatcher", win is null" {file: "resource://gre/modules/GeckoViewSessionStore.sys.mjs" line: 149}]
06-01 15:57:17.264  2950  3428 E GeckoConsole: onTabStateUpdate@resource://gre/modules/GeckoViewSessionStore.sys.mjs:149:5
06-01 15:57:17.264  2950  3428 E GeckoConsole: updateSessionStoreFromTabListener@resource://gre/modules/GeckoViewSessionStore.sys.mjs:243:10
06-01 15:57:17.264  2950  3428 E GeckoConsole: SSF_updateSessionStore@resource://gre/modules/SessionStoreFunctions.sys.mjs:46:27
06-01 15:57:17.264  2950  3428 E GeckoConsole: UpdateSessionStore@resource://gre/modules/SessionStoreFunctions.sys.mjs:16:46
06-01 15:57:17.265  2950  2967 E BLASTBufferQueue: BLASTBufferItemConsumer::onDisconnect()
06-01 15:57:17.267  2950  3428 E GeckoConsole: [JavaScript Error: "TypeError: can't access property "WindowEventDispatcher", win is null" {file: "resource://gre/modules/GeckoViewSessionStore.sys.mjs" line: 149}]
06-01 15:57:17.267  2950  3428 E GeckoConsole: onTabStateUpdate@resource://gre/modules/GeckoViewSessionStore.sys.mjs:149:5
06-01 15:57:17.267  2950  3428 E GeckoConsole: updateSessionStoreFromTabListener@resource://gre/modules/GeckoViewSessionStore.sys.mjs:243:10
06-01 15:57:17.267  2950  3428 E GeckoConsole: SSF_updateSessionStore@resource://gre/modules/SessionStoreFunctions.sys.mjs:46:27
06-01 15:57:17.267  2950  3428 E GeckoConsole: UpdateSessionStore@resource://gre/modules/SessionStoreFunctions.sys.mjs:16:46
06-01 15:57:17.267  2950  2950 E GeckoView: Failed to detach WindowInsetsListener: 
06-01 15:57:17.267  2950  2950 E GeckoView: java.lang.NullPointerException: Attempt to invoke virtual method 'android.view.Window android.app.Activity.getWindow()' on a null object reference
06-01 15:57:17.267  2950  2950 E GeckoView: 	at org.mozilla.geckoview.GeckoView.detachWindowInsetsListener(r8-map-id-677e01dbc5b8e20d1cddfc1e006d70875555246f719f644ec5ac9fc4560bfaad:1)
06-01 15:57:17.267  2950  2950 E GeckoView: 	at org.mozilla.geckoview.GeckoView.onDetachedFromWindow(r8-map-id-677e01dbc5b8e20d1cddfc1e006d70875555246f719f644ec5ac9fc4560bfaad:25)
06-01 15:57:17.267  2950  2950 E GeckoView: 	at android.view.View.dispatchDetachedFromWindow(View.java:20955)
06-01 15:57:17.267  2950  2950 E GeckoView: 	at android.view.ViewGroup.dispatchDetachedFromWindow(ViewGroup.java:4014)
06-01 15:57:17.267  2950  2950 E GeckoView: 	at android.view.ViewGroup.removeViewInternal(ViewGroup.java:5660)
06-01 15:57:17.267  2950  2950 E GeckoView: 	at android.view.ViewGroup.removeViewInternal(ViewGroup.java:5631)
06-01 15:57:17.267  2950  2950 E GeckoView: 	at android.view.ViewGroup.removeView(ViewGroup.java:5562)
06-01 15:57:17.267  2950  2950 E GeckoView: 	at helium314.keyboard.latin.panels.BrowserPanelView.E(r8-map-id-677e01dbc5b8e20d1cddfc1e006d70875555246f719f644ec5ac9fc4560bfaad:75)
06-01 15:57:17.267  2950  2950 E GeckoView: 	at helium314.keyboard.latin.panels.BrowserPanelView.H0(r8-map-id-677e01dbc5b8e20d1cddfc1e006d70875555246f719f644ec5ac9fc4560bfaad:90)
06-01 15:57:17.267  2950  2950 E GeckoView: 	at g7.b0.r(r8-map-id-677e01dbc5b8e20d1cddfc1e006d70875555246f719f644ec5ac9fc4560bfaad:149)
06-01 15:57:17.267  2950  2950 E GeckoView: 	at g7.b0.P(r8-map-id-677e01dbc5b8e20d1cddfc1e006d70875555246f719f644ec5ac9fc4560bfaad:17)
06-01 15:57:17.267  2950  2950 E GeckoView: 	at y7.t3.a(r8-map-id-677e01dbc5b8e20d1cddfc1e006d70875555246f719f644ec5ac9fc4560bfaad:3)
06-01 15:57:17.267  2950  2950 E GeckoView: 	at y7.b2.onClick(r8-map-id-677e01dbc5b8e20d1cddfc1e006d70875555246f719f644ec5ac9fc4560bfaad:194)
06-01 15:57:17.267  2950  2950 E GeckoView: 	at android.view.View.performClick(View.java:7488)
06-01 15:57:17.267  2950  2950 E GeckoView: 	at android.view.View.performClickInternal(View.java:7464)
06-01 15:57:17.267  2950  2950 E GeckoView: 	at android.view.View.access$3700(View.java:841)
06-01 15:57:17.267  2950  2950 E GeckoView: 	at android.view.View$PerformClick.run(View.java:28911)
06-01 15:57:17.267  2950  2950 E GeckoView: 	at android.os.Handler.handleCallback(Handler.java:938)
06-01 15:57:17.267  2950  2950 E GeckoView: 	at android.os.Handler.dispatchMessage(Handler.java:99)
06-01 15:57:17.267  2950  2950 E GeckoView: 	at android.os.Looper.loopOnce(Looper.java:233)
06-01 15:57:17.267  2950  2950 E GeckoView: 	at android.os.Looper.loop(Looper.java:344)
06-01 15:57:17.267  2950  2950 E GeckoView: 	at android.app.ActivityThread.main(ActivityThread.java:8212)
06-01 15:57:17.267  2950  2950 E GeckoView: 	at java.lang.reflect.Method.invoke(Native Method)
06-01 15:57:17.267  2950  2950 E GeckoView: 	at com.android.internal.os.RuntimeInit$MethodAndArgsCaller.run(RuntimeInit.java:584)
06-01 15:57:17.267  2950  2950 E GeckoView: 	at com.android.internal.os.ZygoteInit.main(ZygoteInit.java:1034)
06-01 15:57:17.267  2950  3428 E GeckoConsole: [JavaScript Error: "TypeError: can't access property "WindowEventDispatcher", win is null" {file: "resource://gre/modules/GeckoViewSessionStore.sys.mjs" line: 149}]
06-01 15:57:17.267  2950  3428 E GeckoConsole: onTabStateUpdate@resource://gre/modules/GeckoViewSessionStore.sys.mjs:149:5
06-01 15:57:17.267  2950  3428 E GeckoConsole: updateSessionStoreFromTabListener@resource://gre/modules/GeckoViewSessionStore.sys.mjs:243:10
06-01 15:57:17.267  2950  3428 E GeckoConsole: SSF_updateSessionStore@resource://gre/modules/SessionStoreFunctions.sys.mjs:46:27
06-01 15:57:17.267  2950  3428 E GeckoConsole: UpdateSessionStore@resource://gre/modules/SessionStoreFunctions.sys.mjs:16:46
06-01 15:57:17.267  2950  3428 E GeckoConsole: [JavaScript Error: "TypeError: can't access property "WindowEventDispatcher", win is null" {file: "resource://gre/modules/GeckoViewSessionStore.sys.mjs" line: 149}]
06-01 15:57:17.267  2950  3428 E GeckoConsole: onTabStateUpdate@resource://gre/modules/GeckoViewSessionStore.sys.mjs:149:5
06-01 15:57:17.267  2950  3428 E GeckoConsole: updateSessionStoreFromTabListener@resource://gre/modules/GeckoViewSessionStore.sys.mjs:243:10
06-01 15:57:17.267  2950  3428 E GeckoConsole: SSF_updateSessionStore@resource://gre/modules/SessionStoreFunctions.sys.mjs:46:27
06-01 15:57:17.267  2950  3428 E GeckoConsole: UpdateSessionStore@resource://gre/modules/SessionStoreFunctions.sys.mjs:16:46
06-01 15:57:17.820  2950  2950 W GeckoEventDispatcher: No listener for GeckoView:DismissClipboardPermissionRequest
06-01 15:57:17.820  2950  3428 E GeckoConsole: [JavaScript Error: "TypeError: can't access property "WindowEventDispatcher", win is null" {file: "resource://gre/modules/GeckoViewSessionStore.sys.mjs" line: 149}]
06-01 15:57:17.820  2950  3428 E GeckoConsole: onTabStateUpdate@resource://gre/modules/GeckoViewSessionStore.sys.mjs:149:5
06-01 15:57:17.820  2950  3428 E GeckoConsole: updateSessionStoreFromTabListener@resource://gre/modules/GeckoViewSessionStore.sys.mjs:243:10
06-01 15:57:17.820  2950  3428 E GeckoConsole: SSF_updateSessionStore@resource://gre/modules/SessionStoreFunctions.sys.mjs:46:27
06-01 15:57:17.820  2950  3428 E GeckoConsole: UpdateSessionStore@resource://gre/modules/SessionStoreFunctions.sys.mjs:16:46
06-01 15:57:17.821  2950  3428 E GeckoConsole: [JavaScript Error: "TypeError: can't access property "WindowEventDispatcher", win is null" {file: "resource://gre/modules/GeckoViewSessionStore.sys.mjs" line: 149}]
06-01 15:57:17.821  2950  3428 E GeckoConsole: onTabStateUpdate@resource://gre/modules/GeckoViewSessionStore.sys.mjs:149:5
06-01 15:57:17.821  2950  3428 E GeckoConsole: updateSessionStoreFromTabListener@resource://gre/modules/GeckoViewSessionStore.sys.mjs:243:10
06-01 15:57:17.821  2950  3428 E GeckoConsole: SSF_updateSessionStore@resource://gre/modules/SessionStoreFunctions.sys.mjs:46:27
06-01 15:57:17.821  2950  3428 E GeckoConsole: UpdateSessionStore@resource://gre/modules/SessionStoreFunctions.sys.mjs:16:46
06-01 15:57:17.821  2950  3428 E GeckoConsole: [JavaScript Error: "TypeError: can't access property "WindowEventDispatcher", win is null" {file: "resource://gre/modules/GeckoViewSessionStore.sys.mjs" line: 149}]
06-01 15:57:17.821  2950  3428 E GeckoConsole: onTabStateUpdate@resource://gre/modules/GeckoViewSessionStore.sys.mjs:149:5
06-01 15:57:17.821  2950  3428 E GeckoConsole: updateSessionStoreFromTabListener@resource://gre/modules/GeckoViewSessionStore.sys.mjs:243:10
06-01 15:57:17.821  2950  3428 E GeckoConsole: SSF_updateSessionStore@resource://gre/modules/SessionStoreFunctions.sys.mjs:46:27
06-01 15:57:17.821  2950  3428 E GeckoConsole: UpdateSessionStore@resource://gre/modules/SessionStoreFunctions.sys.mjs:16:46
06-01 15:57:20.483  2950  2950 W GeckoEventDispatcher: No listener for GeckoView:DismissClipboardPermissionRequest
06-01 15:57:20.486  2950  3428 E GeckoConsole: [JavaScript Error: "TypeError: can't access property "WindowEventDispatcher", win is null" {file: "resource://gre/modules/GeckoViewSessionStore.sys.mjs" line: 149}]
06-01 15:57:20.486  2950  3428 E GeckoConsole: onTabStateUpdate@resource://gre/modules/GeckoViewSessionStore.sys.mjs:149:5
06-01 15:57:20.486  2950  3428 E GeckoConsole: updateSessionStoreFromTabListener@resource://gre/modules/GeckoViewSessionStore.sys.mjs:243:10
06-01 15:57:20.486  2950  3428 E GeckoConsole: SSF_updateSessionStore@resource://gre/modules/SessionStoreFunctions.sys.mjs:46:27
06-01 15:57:20.486  2950  3428 E GeckoConsole: UpdateSessionStore@resource://gre/modules/SessionStoreFunctions.sys.mjs:16:46
06-01 15:57:20.486  2950  3428 E GeckoConsole: [JavaScript Error: "TypeError: can't access property "WindowEventDispatcher", win is null" {file: "resource://gre/modules/GeckoViewSessionStore.sys.mjs" line: 149}]
06-01 15:57:20.486  2950  3428 E GeckoConsole: onTabStateUpdate@resource://gre/modules/GeckoViewSessionStore.sys.mjs:149:5
06-01 15:57:20.486  2950  3428 E GeckoConsole: updateSessionStoreFromTabListener@resource://gre/modules/GeckoViewSessionStore.sys.mjs:243:10
