--------- beginning of system
06-02 15:26:42.583 25324 25324 E OplusCustomizeRestrictionManager: sInstance is null, start a new sInstance
06-02 15:27:46.032 25324 29058 E ActivityThread: Failed to find provider info for com.oplus.statistics.provider
06-02 15:27:46.033 25324 29058 E OplusStatistics--: IllegalArgumentException:java.lang.IllegalArgumentException: Unknown URL content://com.oplus.statistics.provider/track_event
06-02 15:27:58.873 25324 29058 E ActivityThread: Failed to find provider info for com.oplus.statistics.provider
06-02 15:27:58.873 25324 29058 E OplusStatistics--: IllegalArgumentException:java.lang.IllegalArgumentException: Unknown URL content://com.oplus.statistics.provider/track_event
06-02 15:28:11.763 25324 29058 E ActivityThread: Failed to find provider info for com.oplus.statistics.provider
06-02 15:28:11.764 25324 29058 E OplusStatistics--: IllegalArgumentException:java.lang.IllegalArgumentException: Unknown URL content://com.oplus.statistics.provider/track_event
06-02 15:28:54.324 25324 29058 E ActivityThread: Failed to find provider info for com.oplus.statistics.provider
06-02 15:28:54.324 25324 29058 E OplusStatistics--: IllegalArgumentException:java.lang.IllegalArgumentException: Unknown URL content://com.oplus.statistics.provider/track_event
--------- beginning of main
06-02 15:29:36.916 25324 30056 W ServiceBindIntentUtils: Dynamic lookup for intent failed for action: com.google.android.gms.ads.service.START
06-02 15:29:36.921 25324 30048 W Ads     : Not retrying to fetch app settings
06-02 15:29:36.948 25324 30044 W Ads     : Not retrying to fetch app settings
06-02 15:29:37.707 25324 25324 W AdManager: Native ad failed to load: code=3 message=Publisher data not found. <https://support.google.com/admob/answer/9905175#9>
06-02 15:29:37.708 25324 25324 W AdManager: Interstitial ad failed to load: code=3 message=Publisher data not found. <https://support.google.com/admob/answer/9905175#9>
06-02 15:29:37.708 25324 25324 W AdManager: Rewarded load failed tier=PRIMARY code=3 domain=com.google.android.gms.ads message=Publisher data not found. <https://support.google.com/admob/answer/9905175#9>
06-02 15:29:52.773 25324 30112 W ServiceBindIntentUtils: Dynamic lookup for intent failed for action: com.google.android.gms.ads.service.START
06-02 15:29:52.803 25324 30111 W Ads     : Not retrying to fetch app settings
06-02 15:29:52.812 25324 30101 W Ads     : Not retrying to fetch app settings
06-02 15:29:53.207 25324 25324 W AdManager: Interstitial ad failed to load: code=3 message=Publisher data not found. <https://support.google.com/admob/answer/9905175#9>
06-02 15:29:53.215 25324 25324 W AdManager: Native ad failed to load: code=3 message=Publisher data not found. <https://support.google.com/admob/answer/9905175#9>
06-02 15:29:53.220 25324 25324 W AdManager: Rewarded load failed tier=PRIMARY code=3 domain=com.google.android.gms.ads message=Publisher data not found. <https://support.google.com/admob/answer/9905175#9>
06-02 15:30:08.300 25324 30152 W ServiceBindIntentUtils: Dynamic lookup for intent failed for action: com.google.android.gms.ads.service.START
06-02 15:30:08.302 25324 30141 W Ads     : Not retrying to fetch app settings
06-02 15:30:08.334 25324 30138 W Ads     : Not retrying to fetch app settings
06-02 15:30:08.566 25324 25324 W AdManager: Interstitial ad failed to load: code=3 message=Publisher data not found. <https://support.google.com/admob/answer/9905175#9>
06-02 15:30:08.749 25324 25324 W AdManager: Native ad failed to load: code=3 message=Publisher data not found. <https://support.google.com/admob/answer/9905175#9>
06-02 15:30:08.761 25324 25324 W AdManager: Rewarded load failed tier=PRIMARY code=3 domain=com.google.android.gms.ads message=Publisher data not found. <https://support.google.com/admob/answer/9905175#9>
06-02 15:30:23.658 25324 30208 W ServiceBindIntentUtils: Dynamic lookup for intent failed for action: com.google.android.gms.ads.service.START
06-02 15:30:23.800 25324 30205 W Ads     : Not retrying to fetch app settings
06-02 15:30:23.821 25324 30195 W Ads     : Not retrying to fetch app settings
06-02 15:30:24.041 25324 25324 W AdManager: Interstitial ad failed to load: code=3 message=Publisher data not found. <https://support.google.com/admob/answer/9905175#9>
06-02 15:30:24.160 25324 25324 W AdManager: Rewarded load failed tier=PRIMARY code=3 domain=com.google.android.gms.ads message=Publisher data not found. <https://support.google.com/admob/answer/9905175#9>
06-02 15:30:24.174 25324 25324 W AdManager: Native ad failed to load: code=3 message=Publisher data not found. <https://support.google.com/admob/answer/9905175#9>
06-02 15:30:33.205 25324 25324 W View    : requestLayout() improperly called by android.widget.FrameLayout{efb691e V.E...... ......ID 0,1677-1440,1857 #7f0a0087 app:id/browser_nav_footer_float} during layout: running second layout pass
06-02 15:30:33.215 25324 25324 E GeckoView: Failed to attach WindowInsetsListener: 
06-02 15:30:33.215 25324 25324 E GeckoView: java.lang.NullPointerException: Attempt to invoke virtual method 'android.view.Window android.app.Activity.getWindow()' on a null object reference
06-02 15:30:33.215 25324 25324 E GeckoView: 	at org.mozilla.geckoview.GeckoView.attachWindowInsetsListener(r8-map-id-4f8d1e300dded215e898e1e49f8bcef5af7b2f0ee0c46305c8aafa4b70eb011a:1)
06-02 15:30:33.215 25324 25324 E GeckoView: 	at org.mozilla.geckoview.GeckoView.onAttachedToWindow(r8-map-id-4f8d1e300dded215e898e1e49f8bcef5af7b2f0ee0c46305c8aafa4b70eb011a:49)
06-02 15:30:33.215 25324 25324 E GeckoView: 	at android.view.View.dispatchAttachedToWindow(View.java:20900)
06-02 15:30:33.215 25324 25324 E GeckoView: 	at android.view.ViewGroup.dispatchAttachedToWindow(ViewGroup.java:3539)
06-02 15:30:33.215 25324 25324 E GeckoView: 	at android.view.ViewGroup.addViewInner(ViewGroup.java:5378)
06-02 15:30:33.215 25324 25324 E GeckoView: 	at android.view.ViewGroup.addView(ViewGroup.java:5156)
06-02 15:30:33.215 25324 25324 E GeckoView: 	at android.view.ViewGroup.addView(ViewGroup.java:5096)
06-02 15:30:33.215 25324 25324 E GeckoView: 	at helium314.keyboard.latin.panels.BrowserPanelView.V(r8-map-id-4f8d1e300dded215e898e1e49f8bcef5af7b2f0ee0c46305c8aafa4b70eb011a:286)
06-02 15:30:33.215 25324 25324 E GeckoView: 	at helium314.keyboard.latin.panels.BrowserPanelView.E0(r8-map-id-4f8d1e300dded215e898e1e49f8bcef5af7b2f0ee0c46305c8aafa4b70eb011a:64)
06-02 15:30:33.215 25324 25324 E GeckoView: 	at c5.t.run(r8-map-id-4f8d1e300dded215e898e1e49f8bcef5af7b2f0ee0c46305c8aafa4b70eb011a:622)
06-02 15:30:33.215 25324 25324 E GeckoView: 	at g7.y.onGlobalLayout(r8-map-id-4f8d1e300dded215e898e1e49f8bcef5af7b2f0ee0c46305c8aafa4b70eb011a:8)
06-02 15:30:33.215 25324 25324 E GeckoView: 	at android.view.ViewTreeObserver.dispatchOnGlobalLayout(ViewTreeObserver.java:1061)
06-02 15:30:33.215 25324 25324 E GeckoView: 	at android.view.ViewRootImpl.performTraversals(ViewRootImpl.java:3407)
06-02 15:30:33.215 25324 25324 E GeckoView: 	at android.view.ViewRootImpl.doTraversal(ViewRootImpl.java:2305)
06-02 15:30:33.215 25324 25324 E GeckoView: 	at android.view.ViewRootImpl$TraversalRunnable.run(ViewRootImpl.java:9133)
06-02 15:30:33.215 25324 25324 E GeckoView: 	at android.view.Choreographer$CallbackRecord.run(Choreographer.java:1232)
06-02 15:30:33.215 25324 25324 E GeckoView: 	at android.view.Choreographer.doCallbacks(Choreographer.java:1029)
06-02 15:30:33.215 25324 25324 E GeckoView: 	at android.view.Choreographer.doFrame(Choreographer.java:934)
06-02 15:30:33.215 25324 25324 E GeckoView: 	at android.view.Choreographer$FrameDisplayEventReceiver.run(Choreographer.java:1217)
06-02 15:30:33.215 25324 25324 E GeckoView: 	at android.os.Handler.handleCallback(Handler.java:938)
06-02 15:30:33.215 25324 25324 E GeckoView: 	at android.os.Handler.dispatchMessage(Handler.java:99)
06-02 15:30:33.215 25324 25324 E GeckoView: 	at android.os.Looper.loopOnce(Looper.java:233)
06-02 15:30:33.215 25324 25324 E GeckoView: 	at android.os.Looper.loop(Looper.java:344)
06-02 15:30:33.215 25324 25324 E GeckoView: 	at android.app.ActivityThread.main(ActivityThread.java:8212)
06-02 15:30:33.215 25324 25324 E GeckoView: 	at java.lang.reflect.Method.invoke(Native Method)
06-02 15:30:33.215 25324 25324 E GeckoView: 	at com.android.internal.os.RuntimeInit$MethodAndArgsCaller.run(RuntimeInit.java:584)
06-02 15:30:33.215 25324 25324 E GeckoView: 	at com.android.internal.os.ZygoteInit.main(ZygoteInit.java:1034)
06-02 15:30:33.247 25324 25324 W View    : requestLayout() improperly called by helium314.keyboard.latin.panels.BrowserPanelView{52dcbd5 V.E...... ......ID 0,0-1440,2040} during layout: running second layout pass
06-02 15:30:33.274 25324 25324 W View    : requestLayout() improperly called by helium314.keyboard.latin.panels.BrowserPanelView{52dcbd5 V.E...... ......ID 0,0-1440,2040} during layout: running second layout pass
06-02 15:30:33.278 25324 25324 W View    : requestLayout() improperly called by helium314.keyboard.latin.panels.BrowserPanelView{52dcbd5 V.E...... ......I. 0,0-1440,2040} during second layout pass: posting in next frame
06-02 15:30:33.282 25324 25324 W View    : requestLayout() improperly called by helium314.keyboard.latin.panels.BrowserPanelView{52dcbd5 V.E...... ......ID 0,0-1440,2040} during layout: running second layout pass
06-02 15:30:33.286 25324 25324 W View    : requestLayout() improperly called by helium314.keyboard.latin.panels.BrowserPanelView{52dcbd5 V.E...... ........ 0,0-1440,2040} during second layout pass: posting in next frame
06-02 15:30:33.287 25324 25324 W View    : requestLayout() improperly called by helium314.keyboard.latin.panels.BrowserPanelView{52dcbd5 V.E...... ......ID 0,0-1440,2040} during layout: running second layout pass
06-02 15:30:33.293 25324 25324 W View    : requestLayout() improperly called by helium314.keyboard.latin.panels.BrowserPanelView{52dcbd5 V.E...... ........ 0,0-1440,2040} during second layout pass: posting in next frame
06-02 15:30:33.302 25324 25324 W View    : requestLayout() improperly called by helium314.keyboard.latin.panels.BrowserPanelView{52dcbd5 V.E...... ......ID 0,0-1440,2040} during layout: running second layout pass
06-02 15:30:33.312 25324 25324 W View    : requestLayout() improperly called by helium314.keyboard.latin.panels.BrowserPanelView{52dcbd5 V.E...... ........ 0,0-1440,2040} during second layout pass: posting in next frame
06-02 15:30:33.319 25324 25324 W View    : requestLayout() improperly called by helium314.keyboard.latin.panels.BrowserPanelView{52dcbd5 V.E...... ......I. 0,0-1440,2040} during layout: running second layout pass
06-02 15:30:33.328 25324 25324 W View    : requestLayout() improperly called by helium314.keyboard.latin.panels.BrowserPanelView{52dcbd5 V.E...... ........ 0,0-1440,2040} during second layout pass: posting in next frame
06-02 15:30:33.336 25324 25324 W View    : requestLayout() improperly called by helium314.keyboard.latin.panels.BrowserPanelView{52dcbd5 V.E...... ......I. 0,0-1440,2040} during layout: running second layout pass
06-02 15:30:33.344 25324 25324 W View    : requestLayout() improperly called by helium314.keyboard.latin.panels.BrowserPanelView{52dcbd5 V.E...... ........ 0,0-1440,2040} during second layout pass: posting in next frame
06-02 15:30:33.361 25324 25324 W View    : requestLayout() improperly called by helium314.keyboard.latin.panels.BrowserPanelView{52dcbd5 V.E...... ......I. 0,0-1440,2040} during layout: running second layout pass
06-02 15:30:33.362 25804 25835 W GeckoEditableChild: No editable parent
06-02 15:30:33.366 25324 25324 W View    : requestLayout() improperly called by helium314.keyboard.latin.panels.BrowserPanelView{52dcbd5 V.E...... ........ 0,0-1440,2040} during second layout pass: posting in next frame
06-02 15:30:33.370 25324 25324 W View    : requestLayout() improperly called by helium314.keyboard.latin.panels.BrowserPanelView{52dcbd5 V.E...... ......ID 0,0-1440,2040} during layout: running second layout pass
06-02 15:30:33.373 25324 25324 W View    : requestLayout() improperly called by helium314.keyboard.latin.panels.BrowserPanelView{52dcbd5 V.E...... ........ 0,0-1440,2040} during second layout pass: posting in next frame
06-02 15:30:33.386 25324 25324 W View    : requestLayout() improperly called by helium314.keyboard.latin.panels.BrowserPanelView{52dcbd5 V.E...... ......I. 0,0-1440,2040} during layout: running second layout pass
06-02 15:30:33.392 25324 25324 W View    : requestLayout() improperly called by helium314.keyboard.latin.panels.BrowserPanelView{52dcbd5 V.E...... ......ID 0,0-1440,2040} during second layout pass: posting in next frame
06-02 15:30:33.386 25324 25324 W com.vibekey.keyboard: type=1400 audit(0.0:52608): avc: denied { nlmsg_readpriv } for comm=536F636B657420546872656164 scontext=u:r:untrusted_app:s0:c52,c271,c512,c768 tcontext=u:r:untrusted_app:s0:c52,c271,c512,c768 tclass=netlink_route_socket permissive=0 bug=b/155595000 app=com.vibekey.keyboard
06-02 15:30:33.424 25324 25396 E BLASTBufferQueue: [SurfaceView[InputMethod]#22](f:0,a:0) rejecting buffer:active_size=1440x1853, requested_size=1440x1853 buffer{size=1440x1861 transform=0}
06-02 15:30:33.426 25324 25396 E BLASTBufferQueue: BLASTBufferItemConsumer::onDisconnect()
06-02 15:30:33.441 25324 25324 W View    : requestLayout() improperly called by helium314.keyboard.latin.panels.BrowserPanelView{52dcbd5 V.E...... ......ID 0,0-1440,2040} during layout: running second layout pass
06-02 15:30:33.445 25324 25324 W View    : requestLayout() improperly called by helium314.keyboard.latin.panels.BrowserPanelView{52dcbd5 V.E...... ........ 0,0-1440,2040} during second layout pass: posting in next frame
06-02 15:30:33.446 25324 25324 W View    : requestLayout() improperly called by helium314.keyboard.latin.panels.BrowserPanelView{52dcbd5 V.E...... ......I. 0,0-1440,2040} during layout: running second layout pass
06-02 15:30:33.450 25324 25324 W View    : requestLayout() improperly called by helium314.keyboard.latin.panels.BrowserPanelView{52dcbd5 V.E...... ......ID 0,0-1440,2040} during second layout pass: posting in next frame
06-02 15:30:33.453 25324 25324 W View    : requestLayout() improperly called by helium314.keyboard.latin.panels.BrowserPanelView{52dcbd5 V.E...... ......ID 0,0-1440,2040} during layout: running second layout pass
06-02 15:30:33.458 25324 25324 W View    : requestLayout() improperly called by helium314.keyboard.latin.panels.BrowserPanelView{52dcbd5 V.E...... ........ 0,0-1440,2040} during second layout pass: posting in next frame
06-02 15:30:33.472 25324 25324 W View    : requestLayout() improperly called by helium314.keyboard.latin.panels.BrowserPanelView{52dcbd5 V.E...... ......I. 0,0-1440,2040} during layout: running second layout pass
06-02 15:30:33.476 25324 25324 W View    : requestLayout() improperly called by helium314.keyboard.latin.panels.BrowserPanelView{52dcbd5 V.E...... ........ 0,0-1440,2040} during second layout pass: posting in next frame
06-02 15:30:33.486 25324 25324 W View    : requestLayout() improperly called by helium314.keyboard.latin.panels.BrowserPanelView{52dcbd5 V.E...... ......I. 0,0-1440,2040} during layout: running second layout pass
06-02 15:30:33.488 25324 25324 W View    : requestLayout() improperly called by helium314.keyboard.latin.panels.BrowserPanelView{52dcbd5 V.E...... ........ 0,0-1440,2040} during second layout pass: posting in next frame
06-02 15:30:33.502 25324 25324 W View    : requestLayout() improperly called by helium314.keyboard.latin.panels.BrowserPanelView{52dcbd5 V.E...... ......I. 0,0-1440,2040} during layout: running second layout pass
06-02 15:30:33.507 25324 25324 W View    : requestLayout() improperly called by helium314.keyboard.latin.panels.BrowserPanelView{52dcbd5 V.E...... ........ 0,0-1440,2040} during second layout pass: posting in next frame
06-02 15:30:33.519 25324 25324 W View    : requestLayout() improperly called by helium314.keyboard.latin.panels.BrowserPanelView{52dcbd5 V.E...... ......I. 0,0-1440,2040} during layout: running second layout pass
06-02 15:30:33.522 25324 25324 W View    : requestLayout() improperly called by helium314.keyboard.latin.panels.BrowserPanelView{52dcbd5 V.E...... ........ 0,0-1440,2040} during second layout pass: posting in next frame
06-02 15:30:33.540 25324 25324 W View    : requestLayout() improperly called by helium314.keyboard.latin.panels.BrowserPanelView{52dcbd5 V.E...... ......I. 0,0-1440,2040} during layout: running second layout pass
06-02 15:30:33.546 25324 25324 W View    : requestLayout() improperly called by helium314.keyboard.latin.panels.BrowserPanelView{52dcbd5 V.E...... ........ 0,0-1440,2040} during second layout pass: posting in next frame
06-02 15:30:33.554 25324 25324 W View    : requestLayout() improperly called by helium314.keyboard.latin.panels.BrowserPanelView{52dcbd5 V.E...... ......I. 0,0-1440,2040} during layout: running second layout pass
06-02 15:30:33.561 25324 25324 W View    : requestLayout() improperly called by helium314.keyboard.latin.panels.BrowserPanelView{52dcbd5 V.E...... ........ 0,0-1440,2040} during second layout pass: posting in next frame
06-02 15:30:33.571 25324 25324 W View    : requestLayout() improperly called by helium314.keyboard.latin.panels.BrowserPanelView{52dcbd5 V.E...... ......I. 0,0-1440,2040} during layout: running second layout pass
06-02 15:30:33.578 25324 25324 W View    : requestLayout() improperly called by helium314.keyboard.latin.panels.BrowserPanelView{52dcbd5 V.E...... ........ 0,0-1440,2040} during second layout pass: posting in next frame
06-02 15:30:33.587 25324 25324 W View    : requestLayout() improperly called by helium314.keyboard.latin.panels.BrowserPanelView{52dcbd5 V.E...... ......I. 0,0-1440,2040} during layout: running second layout pass
06-02 15:30:33.594 25324 25324 W View    : requestLayout() improperly called by helium314.keyboard.latin.panels.BrowserPanelView{52dcbd5 V.E...... ........ 0,0-1440,2040} during second layout pass: posting in next frame
06-02 15:30:33.617 25324 25324 W View    : requestLayout() improperly called by helium314.keyboard.latin.panels.BrowserPanelView{52dcbd5 V.E...... ......I. 0,0-1440,2040} during layout: running second layout pass
06-02 15:30:33.627 25324 25324 W View    : requestLayout() improperly called by helium314.keyboard.latin.panels.BrowserPanelView{52dcbd5 V.E...... ........ 0,0-1440,2040} during second layout pass: posting in next frame
06-02 15:30:33.629 25324 25324 W View    : requestLayout() improperly called by helium314.keyboard.latin.panels.BrowserPanelView{52dcbd5 V.E...... ......I. 0,0-1440,2040} during layout: running second layout pass
06-02 15:30:33.632 25324 25324 W View    : requestLayout() improperly called by helium314.keyboard.latin.panels.BrowserPanelView{52dcbd5 V.E...... ........ 0,0-1440,2040} during second layout pass: posting in next frame
06-02 15:30:33.638 25324 25324 W View    : requestLayout() improperly called by helium314.keyboard.latin.panels.BrowserPanelView{52dcbd5 V.E...... ......I. 0,0-1440,2040} during layout: running second layout pass
06-02 15:30:33.641 25324 25324 W View    : requestLayout() improperly called by helium314.keyboard.latin.panels.BrowserPanelView{52dcbd5 V.E...... ........ 0,0-1440,2040} during second layout pass: posting in next frame
06-02 15:30:33.654 25324 25324 W View    : requestLayout() improperly called by helium314.keyboard.latin.panels.BrowserPanelView{52dcbd5 V.E...... ......I. 0,0-1440,2040} during layout: running second layout pass
06-02 15:30:33.658 28723 28756 W Isolated Web Content: [JavaScript Warning: "Content-Security-Policy: Ignoring “'report-sample'” within script-src: ‘strict-dynamic’ specified" {file: "https://www.google.com/" line: 0}]
06-02 15:30:33.658 28723 28756 W Isolated Web Content: [JavaScript Warning: "Content-Security-Policy: Ignoring “'unsafe-inline'” within script-src: ‘strict-dynamic’ specified" {file: "https://www.google.com/" line: 0}]
06-02 15:30:33.658 28723 28756 W Isolated Web Content: [JavaScript Warning: "Content-Security-Policy: Ignoring “https:” within script-src: ‘strict-dynamic’ specified" {file: "https://www.google.com/" line: 0}]
06-02 15:30:33.658 28723 28756 W Isolated Web Content: [JavaScript Warning: "Content-Security-Policy: Ignoring “http:” within script-src: ‘strict-dynamic’ specified" {file: "https://www.google.com/" line: 0}]
06-02 15:30:33.658 28723 28756 W Isolated Web Content: [JavaScript Warning: "Content-Security-Policy: Ignoring “'unsafe-inline'” within script-src: nonce-source or hash-source specified" {file: "https://www.google.com/" line: 0}]
06-02 15:30:33.660 25324 25324 W View    : requestLayout() improperly called by helium314.keyboard.latin.panels.BrowserPanelView{52dcbd5 V.E...... ........ 0,0-1440,2040} during second layout pass: posting in next frame
06-02 15:30:33.670 25324 25324 W View    : requestLayout() improperly called by helium314.keyboard.latin.panels.BrowserPanelView{52dcbd5 V.E...... ......I. 0,0-1440,2040} during layout: running second layout pass
06-02 15:30:33.673 25324 25324 W View    : requestLayout() improperly called by helium314.keyboard.latin.panels.BrowserPanelView{52dcbd5 V.E...... ........ 0,0-1440,2040} during second layout pass: posting in next frame
06-02 15:30:33.686 25324 25324 W View    : requestLayout() improperly called by helium314.keyboard.latin.panels.BrowserPanelView{52dcbd5 V.E...... ......I. 0,0-1440,2040} during layout: running second layout pass
06-02 15:30:33.690 25324 25324 W View    : requestLayout() improperly called by helium314.keyboard.latin.panels.BrowserPanelView{52dcbd5 V.E...... ........ 0,0-1440,2040} during second layout pass: posting in next frame
06-02 15:30:33.697 28723 28756 W Isolated Web Content: [JavaScript Warning: "Empty string passed to getElementById()." {file: "https://www.google.com/" line: 65}]
06-02 15:30:33.705 25324 25324 W View    : requestLayout() improperly called by helium314.keyboard.latin.panels.BrowserPanelView{52dcbd5 V.E...... ......I. 0,0-1440,2040} during layout: running second layout pass
06-02 15:30:33.715 25324 25324 W View    : requestLayout() improperly called by helium314.keyboard.latin.panels.BrowserPanelView{52dcbd5 V.E...... .......D 0,0-1440,2040} during second layout pass: posting in next frame
06-02 15:30:33.722 25324 25324 W View    : requestLayout() improperly called by helium314.keyboard.latin.panels.BrowserPanelView{52dcbd5 V.E...... ......ID 0,0-1440,2040} during layout: running second layout pass
06-02 15:30:33.725 25324 25324 W View    : requestLayout() improperly called by helium314.keyboard.latin.panels.BrowserPanelView{52dcbd5 V.E...... ........ 0,0-1440,2040} during second layout pass: posting in next frame
06-02 15:30:33.736 25324 25324 W View    : requestLayout() improperly called by helium314.keyboard.latin.panels.BrowserPanelView{52dcbd5 V.E...... ......ID 0,0-1440,2040} during layout: running second layout pass
06-02 15:30:33.740 25324 25324 W View    : requestLayout() improperly called by helium314.keyboard.latin.panels.BrowserPanelView{52dcbd5 V.E...... ........ 0,0-1440,2040} during second layout pass: posting in next frame
06-02 15:30:33.755 25324 25324 W View    : requestLayout() improperly called by helium314.keyboard.latin.panels.BrowserPanelView{52dcbd5 V.E...... ......ID 0,0-1440,2040} during layout: running second layout pass
06-02 15:30:33.758 25324 25324 W View    : requestLayout() improperly called by helium314.keyboard.latin.panels.BrowserPanelView{52dcbd5 V.E...... .......D 0,0-1440,2040} during second layout pass: posting in next frame
06-02 15:30:33.770 25324 25324 W View    : requestLayout() improperly called by helium314.keyboard.latin.panels.BrowserPanelView{52dcbd5 V.E...... ......ID 0,0-1440,2040} during layout: running second layout pass
06-02 15:30:33.773 25324 25324 W View    : requestLayout() improperly called by helium314.keyboard.latin.panels.BrowserPanelView{52dcbd5 V.E...... ........ 0,0-1440,2040} during second layout pass: posting in next frame
06-02 15:30:33.786 25324 25324 W View    : requestLayout() improperly called by helium314.keyboard.latin.panels.BrowserPanelView{52dcbd5 V.E...... ......ID 0,0-1440,2040} during layout: running second layout pass
06-02 15:30:33.789 25324 25324 W View    : requestLayout() improperly called by helium314.keyboard.latin.panels.BrowserPanelView{52dcbd5 V.E...... ........ 0,0-1440,2040} during second layout pass: posting in next frame
06-02 15:30:33.803 25324 25324 W View    : requestLayout() improperly called by helium314.keyboard.latin.panels.BrowserPanelView{52dcbd5 V.E...... ......ID 0,0-1440,2040} during layout: running second layout pass
06-02 15:30:33.806 25324 25324 W View    : requestLayout() improperly called by helium314.keyboard.latin.panels.BrowserPanelView{52dcbd5 V.E...... ........ 0,0-1440,2040} during second layout pass: posting in next frame
06-02 15:30:33.806 25324 25324 W com.vibekey.keyboard: type=1400 audit(0.0:52609): avc: denied { nlmsg_readpriv } for comm=536F636B657420546872656164 scontext=u:r:untrusted_app:s0:c52,c271,c512,c768 tcontext=u:r:untrusted_app:s0:c52,c271,c512,c768 tclass=netlink_route_socket permissive=0 bug=b/155595000 app=com.vibekey.keyboard
06-02 15:30:33.825 25324 25324 W View    : requestLayout() improperly called by helium314.keyboard.latin.panels.BrowserPanelView{52dcbd5 V.E...... ......ID 0,0-1440,2040} during layout: running second layout pass
06-02 15:30:33.828 25324 25324 W View    : requestLayout() improperly called by helium314.keyboard.latin.panels.BrowserPanelView{52dcbd5 V.E...... ........ 0,0-1440,2040} during second layout pass: posting in next frame
06-02 15:30:33.913 25324 29726 E BLASTBufferQueue: BLASTBufferItemConsumer::onDisconnect()
06-02 15:30:33.916 25324 25324 W View    : requestLayout() improperly called by helium314.keyboard.latin.panels.BrowserPanelView{52dcbd5 V.E...... ......ID 0,0-1440,2040} during layout: running second layout pass
06-02 15:30:33.921 25324 25324 W View    : requestLayout() improperly called by helium314.keyboard.latin.panels.BrowserPanelView{52dcbd5 V.E...... ........ 0,0-1440,2040} during second layout pass: posting in next frame
06-02 15:30:33.922 25324 25324 W View    : requestLayout() improperly called by helium314.keyboard.latin.panels.BrowserPanelView{52dcbd5 V.E...... ......I. 0,0-1440,2040} during layout: running second layout pass
06-02 15:30:33.927 25324 25324 W View    : requestLayout() improperly called by helium314.keyboard.latin.panels.BrowserPanelView{52dcbd5 V.E...... .......D 0,0-1440,2040} during second layout pass: posting in next frame
06-02 15:30:33.939 25324 25324 W View    : requestLayout() improperly called by helium314.keyboard.latin.panels.BrowserPanelView{52dcbd5 V.E...... ......ID 0,0-1440,2040} during layout: running second layout pass
06-02 15:30:33.942 25324 25324 W View    : requestLayout() improperly called by helium314.keyboard.latin.panels.BrowserPanelView{52dcbd5 V.E...... ......ID 0,0-1440,2040} during second layout pass: posting in next frame
06-02 15:30:33.955 25324 25324 W View    : requestLayout() improperly called by helium314.keyboard.latin.panels.BrowserPanelView{52dcbd5 V.E...... ......ID 0,0-1440,2040} during layout: running second layout pass
06-02 15:30:33.959 25324 25324 W View    : requestLayout() improperly called by helium314.keyboard.latin.panels.BrowserPanelView{52dcbd5 V.E...... ........ 0,0-1440,2040} during second layout pass: posting in next frame
06-02 15:30:33.971 25324 25324 W View    : requestLayout() improperly called by helium314.keyboard.latin.panels.BrowserPanelView{52dcbd5 V.E...... ......I. 0,0-1440,2040} during layout: running second layout pass
06-02 15:30:33.974 25324 25324 W View    : requestLayout() improperly called by helium314.keyboard.latin.panels.BrowserPanelView{52dcbd5 V.E...... ........ 0,0-1440,2040} during second layout pass: posting in next frame
06-02 15:30:33.988 25324 25324 W View    : requestLayout() improperly called by helium314.keyboard.latin.panels.BrowserPanelView{52dcbd5 V.E...... ......I. 0,0-1440,2040} during layout: running second layout pass
06-02 15:30:33.988 28723 28756 W Isolated Web Content: [JavaScript Warning: "Empty string passed to getElementById()." {file: "https://www.google.com/xjs/_/js/k=xjs.hm.en.s2RQKsN9q9Y.2019.O/am=AAAAAAAAAAAAAAAAAAAAAAAAAAAAAAAAAAAAAAAAAAAAAAAAAAAAAAAAAAIAAgAAAAAgQAAAAAAAAAAAAAAAAAhAAAAAAAAAAAAAAAAAAAAAAIiAAAAAAAAAAAAAAAEABAAABAAAAAAAABgAQAAAEEACAAQAAwAAAAAAAAAAAAAAAAAAECACAAAABAAA4A8AjAAAAAAAAAAAAAAAAABIAAAAAAAAAAAAYAEAAEADAAAAEAACAAAAAAAAAAAAAAAAAABAAAAAAAAAAAAAAAABAAAAgAAAAAAIAAAAAAAAAAgAAAAAAACAAAAAAAAAAAAAAAAAEFAAAAAAEAAAAAAAAAAAAQAAAAAAAAAAAAAAAAAwAAAAgAAAAAAAAAAAAAAAAAAAABwAABAQAAAAAACAQCAAQAAAAAAgAfBAwBBNAQAAAAAAAAAAAAAAAAAAAA" line: 187}]
06-02 15:30:33.991 25324 25324 W View    : requestLayout() improperly called by helium314.keyboard.latin.panels.BrowserPanelView{52dcbd5 V.E...... ........ 0,0-1440,2040} during second layout pass: posting in next frame
06-02 15:30:34.006 25324 25324 W View    : requestLayout() improperly called by helium314.keyboard.latin.panels.BrowserPanelView{52dcbd5 V.E...... ......I. 0,0-1440,2040} during layout: running second layout pass
06-02 15:30:34.009 25324 25324 W View    : requestLayout() improperly called by helium314.keyboard.latin.panels.BrowserPanelView{52dcbd5 V.E...... ........ 0,0-1440,2040} during second layout pass: posting in next frame
06-02 15:30:34.021 25324 25324 W View    : requestLayout() improperly called by helium314.keyboard.latin.panels.BrowserPanelView{52dcbd5 V.E...... ......I. 0,0-1440,2040} during layout: running second layout pass
06-02 15:30:34.024 25324 25324 W View    : requestLayout() improperly called by helium314.keyboard.latin.panels.BrowserPanelView{52dcbd5 V.E...... ........ 0,0-1440,2040} during second layout pass: posting in next frame
06-02 15:30:34.038 25324 25324 W View    : requestLayout() improperly called by helium314.keyboard.latin.panels.BrowserPanelView{52dcbd5 V.E...... ......I. 0,0-1440,2040} during layout: running second layout pass
06-02 15:30:34.041 25324 25324 W View    : requestLayout() improperly called by helium314.keyboard.latin.panels.BrowserPanelView{52dcbd5 V.E...... ........ 0,0-1440,2040} during second layout pass: posting in next frame
06-02 15:30:34.055 25324 25324 W View    : requestLayout() improperly called by helium314.keyboard.latin.panels.BrowserPanelView{52dcbd5 V.E...... ......I. 0,0-1440,2040} during layout: running second layout pass
06-02 15:30:34.059 25324 25324 W View    : requestLayout() improperly called by helium314.keyboard.latin.panels.BrowserPanelView{52dcbd5 V.E...... ........ 0,0-1440,2040} during second layout pass: posting in next frame
06-02 15:30:34.072 25324 25324 W View    : requestLayout() improperly called by helium314.keyboard.latin.panels.BrowserPanelView{52dcbd5 V.E...... ......I. 0,0-1440,2040} during layout: running second layout pass
06-02 15:30:34.075 25324 25324 W View    : requestLayout() improperly called by helium314.keyboard.latin.panels.BrowserPanelView{52dcbd5 V.E...... ........ 0,0-1440,2040} during second layout pass: posting in next frame
06-02 15:30:34.088 25324 25324 W View    : requestLayout() improperly called by helium314.keyboard.latin.panels.BrowserPanelView{52dcbd5 V.E...... ......I. 0,0-1440,2040} during layout: running second layout pass
06-02 15:30:34.095 25324 25324 W View    : requestLayout() improperly called by helium314.keyboard.latin.panels.BrowserPanelView{52dcbd5 V.E...... ........ 0,0-1440,2040} during second layout pass: posting in next frame
06-02 15:30:34.106 25324 25324 W View    : requestLayout() improperly called by helium314.keyboard.latin.panels.BrowserPanelView{52dcbd5 V.E...... ......I. 0,0-1440,2040} during layout: running second layout pass
06-02 15:30:34.109 25324 25324 W View    : requestLayout() improperly called by helium314.keyboard.latin.panels.BrowserPanelView{52dcbd5 V.E...... ........ 0,0-1440,2040} during second layout pass: posting in next frame
06-02 15:30:34.122 25324 25324 W View    : requestLayout() improperly called by helium314.keyboard.latin.panels.BrowserPanelView{52dcbd5 V.E...... ......I. 0,0-1440,2040} during layout: running second layout pass
06-02 15:30:34.125 25324 25324 W View    : requestLayout() improperly called by helium314.keyboard.latin.panels.BrowserPanelView{52dcbd5 V.E...... ........ 0,0-1440,2040} during second layout pass: posting in next frame
06-02 15:30:34.141 25324 25324 W View    : requestLayout() improperly called by helium314.keyboard.latin.panels.BrowserPanelView{52dcbd5 V.E...... ......I. 0,0-1440,2040} during layout: running second layout pass
06-02 15:30:34.148 25324 25324 W View    : requestLayout() improperly called by helium314.keyboard.latin.panels.BrowserPanelView{52dcbd5 V.E...... ........ 0,0-1440,2040} during second layout pass: posting in next frame
06-02 15:30:34.156 25324 25324 W View    : requestLayout() improperly called by helium314.keyboard.latin.panels.BrowserPanelView{52dcbd5 V.E...... ......I. 0,0-1440,2040} during layout: running second layout pass
06-02 15:30:34.160 25324 25324 W View    : requestLayout() improperly called by helium314.keyboard.latin.panels.BrowserPanelView{52dcbd5 V.E...... ........ 0,0-1440,2040} during second layout pass: posting in next frame
06-02 15:30:34.174 25324 25324 W View    : requestLayout() improperly called by helium314.keyboard.latin.panels.BrowserPanelView{52dcbd5 V.E...... ......I. 0,0-1440,2040} during layout: running second layout pass
06-02 15:30:34.177 25324 25324 W View    : requestLayout() improperly called by helium314.keyboard.latin.panels.BrowserPanelView{52dcbd5 V.E...... ........ 0,0-1440,2040} during second layout pass: posting in next frame
06-02 15:30:34.188 25324 25324 W View    : requestLayout() improperly called by helium314.keyboard.latin.panels.BrowserPanelView{52dcbd5 V.E...... ......I. 0,0-1440,2040} during layout: running second layout pass
06-02 15:30:34.191 25324 25324 W View    : requestLayout() improperly called by helium314.keyboard.latin.panels.BrowserPanelView{52dcbd5 V.E...... ........ 0,0-1440,2040} during second layout pass: posting in next frame
06-02 15:30:34.205 25324 25324 W View    : requestLayout() improperly called by helium314.keyboard.latin.panels.BrowserPanelView{52dcbd5 V.E...... ......I. 0,0-1440,2040} during layout: running second layout pass
06-02 15:30:34.208 25324 25324 W View    : requestLayout() improperly called by helium314.keyboard.latin.panels.BrowserPanelView{52dcbd5 V.E...... ........ 0,0-1440,2040} during second layout pass: posting in next frame
06-02 15:30:34.222 25324 25324 W View    : requestLayout() improperly called by helium314.keyboard.latin.panels.BrowserPanelView{52dcbd5 V.E...... ......I. 0,0-1440,2040} during layout: running second layout pass
06-02 15:30:34.225 25324 25324 W View    : requestLayout() improperly called by helium314.keyboard.latin.panels.BrowserPanelView{52dcbd5 V.E...... ........ 0,0-1440,2040} during second layout pass: posting in next frame
06-02 15:30:34.238 25324 25324 W View    : requestLayout() improperly called by helium314.keyboard.latin.panels.BrowserPanelView{52dcbd5 V.E...... ......I. 0,0-1440,2040} during layout: running second layout pass
06-02 15:30:34.241 25324 25324 W View    : requestLayout() improperly called by helium314.keyboard.latin.panels.BrowserPanelView{52dcbd5 V.E...... ........ 0,0-1440,2040} during second layout pass: posting in next frame
06-02 15:30:34.255 25324 25324 W View    : requestLayout() improperly called by helium314.keyboard.latin.panels.BrowserPanelView{52dcbd5 V.E...... ......I. 0,0-1440,2040} during layout: running second layout pass
06-02 15:30:34.258 25324 25324 W View    : requestLayout() improperly called by helium314.keyboard.latin.panels.BrowserPanelView{52dcbd5 V.E...... ........ 0,0-1440,2040} during second layout pass: posting in next frame
06-02 15:30:34.271 25324 25324 W View    : requestLayout() improperly called by helium314.keyboard.latin.panels.BrowserPanelView{52dcbd5 V.E...... ......I. 0,0-1440,2040} during layout: running second layout pass
06-02 15:30:34.276 25324 25324 W View    : requestLayout() improperly called by helium314.keyboard.latin.panels.BrowserPanelView{52dcbd5 V.E...... ........ 0,0-1440,2040} during second layout pass: posting in next frame
06-02 15:30:34.288 25324 25324 W View    : requestLayout() improperly called by helium314.keyboard.latin.panels.BrowserPanelView{52dcbd5 V.E...... ......I. 0,0-1440,2040} during layout: running second layout pass
06-02 15:30:34.292 25324 25324 W View    : requestLayout() improperly called by helium314.keyboard.latin.panels.BrowserPanelView{52dcbd5 V.E...... ........ 0,0-1440,2040} during second layout pass: posting in next frame
06-02 15:30:34.307 25324 25324 W View    : requestLayout() improperly called by helium314.keyboard.latin.panels.BrowserPanelView{52dcbd5 V.E...... ......I. 0,0-1440,2040} during layout: running second layout pass
06-02 15:30:34.313 25324 25324 W View    : requestLayout() improperly called by helium314.keyboard.latin.panels.BrowserPanelView{52dcbd5 V.E...... ........ 0,0-1440,2040} during second layout pass: posting in next frame
06-02 15:30:34.322 25324 25324 W View    : requestLayout() improperly called by helium314.keyboard.latin.panels.BrowserPanelView{52dcbd5 V.E...... ......I. 0,0-1440,2040} during layout: running second layout pass
06-02 15:30:34.325 25324 25324 W View    : requestLayout() improperly called by helium314.keyboard.latin.panels.BrowserPanelView{52dcbd5 V.E...... ........ 0,0-1440,2040} during second layout pass: posting in next frame
06-02 15:30:34.338 25324 25324 W View    : requestLayout() improperly called by helium314.keyboard.latin.panels.BrowserPanelView{52dcbd5 V.E...... ......I. 0,0-1440,2040} during layout: running second layout pass
06-02 15:30:34.341 25324 25324 W View    : requestLayout() improperly called by helium314.keyboard.latin.panels.BrowserPanelView{52dcbd5 V.E...... ........ 0,0-1440,2040} during second layout pass: posting in next frame
06-02 15:30:34.355 25324 25324 W View    : requestLayout() improperly called by helium314.keyboard.latin.panels.BrowserPanelView{52dcbd5 V.E...... ......I. 0,0-1440,2040} during layout: running second layout pass
06-02 15:30:34.358 25324 25324 W View    : requestLayout() improperly called by helium314.keyboard.latin.panels.BrowserPanelView{52dcbd5 V.E...... ........ 0,0-1440,2040} during second layout pass: posting in next frame
06-02 15:30:34.371 25324 25324 W View    : requestLayout() improperly called by helium314.keyboard.latin.panels.BrowserPanelView{52dcbd5 V.E...... ......I. 0,0-1440,2040} during layout: running second layout pass
06-02 15:30:34.374 25324 25324 W View    : requestLayout() improperly called by helium314.keyboard.latin.panels.BrowserPanelView{52dcbd5 V.E...... ........ 0,0-1440,2040} during second layout pass: posting in next frame
06-02 15:30:34.388 25324 25324 W View    : requestLayout() improperly called by helium314.keyboard.latin.panels.BrowserPanelView{52dcbd5 V.E...... ......I. 0,0-1440,2040} during layout: running second layout pass
06-02 15:30:34.395 25324 25324 W View    : requestLayout() improperly called by helium314.keyboard.latin.panels.BrowserPanelView{52dcbd5 V.E...... ........ 0,0-1440,2040} during second layout pass: posting in next frame
06-02 15:30:34.405 25324 25324 W View    : requestLayout() improperly called by helium314.keyboard.latin.panels.BrowserPanelView{52dcbd5 V.E...... ......I. 0,0-1440,2040} during layout: running second layout pass
06-02 15:30:34.410 25324 25324 W View    : requestLayout() improperly called by helium314.keyboard.latin.panels.BrowserPanelView{52dcbd5 V.E...... ........ 0,0-1440,2040} during second layout pass: posting in next frame
06-02 15:30:34.421 25324 25324 W View    : requestLayout() improperly called by helium314.keyboard.latin.panels.BrowserPanelView{52dcbd5 V.E...... ......I. 0,0-1440,2040} during layout: running second layout pass
06-02 15:30:34.424 25324 25324 W View    : requestLayout() improperly called by helium314.keyboard.latin.panels.BrowserPanelView{52dcbd5 V.E...... ........ 0,0-1440,2040} during second layout pass: posting in next frame
06-02 15:30:34.438 25324 25324 W View    : requestLayout() improperly called by helium314.keyboard.latin.panels.BrowserPanelView{52dcbd5 V.E...... ......I. 0,0-1440,2040} during layout: running second layout pass
06-02 15:30:34.441 25324 25324 W View    : requestLayout() improperly called by helium314.keyboard.latin.panels.BrowserPanelView{52dcbd5 V.E...... .......D 0,0-1440,2040} during second layout pass: posting in next frame
06-02 15:30:34.454 25324 25324 W View    : requestLayout() improperly called by helium314.keyboard.latin.panels.BrowserPanelView{52dcbd5 V.E...... ......ID 0,0-1440,2040} during layout: running second layout pass
06-02 15:30:34.457 25324 25324 W View    : requestLayout() improperly called by helium314.keyboard.latin.panels.BrowserPanelView{52dcbd5 V.E...... ........ 0,0-1440,2040} during second layout pass: posting in next frame
06-02 15:30:34.471 25324 25324 W View    : requestLayout() improperly called by helium314.keyboard.latin.panels.BrowserPanelView{52dcbd5 V.E...... ......I. 0,0-1440,2040} during layout: running second layout pass
06-02 15:30:34.474 25324 25324 W View    : requestLayout() improperly called by helium314.keyboard.latin.panels.BrowserPanelView{52dcbd5 V.E...... ........ 0,0-1440,2040} during second layout pass: posting in next frame
06-02 15:30:34.488 25324 25324 W View    : requestLayout() improperly called by helium314.keyboard.latin.panels.BrowserPanelView{52dcbd5 V.E...... ......I. 0,0-1440,2040} during layout: running second layout pass
06-02 15:30:34.493 25324 25324 W View    : requestLayout() improperly called by helium314.keyboard.latin.panels.BrowserPanelView{52dcbd5 V.E...... ........ 0,0-1440,2040} during second layout pass: posting in next frame
06-02 15:30:34.504 25324 25324 W View    : requestLayout() improperly called by helium314.keyboard.latin.panels.BrowserPanelView{52dcbd5 V.E...... ......I. 0,0-1440,2040} during layout: running second layout pass
06-02 15:30:34.507 25324 25324 W View    : requestLayout() improperly called by helium314.keyboard.latin.panels.BrowserPanelView{52dcbd5 V.E...... ........ 0,0-1440,2040} during second layout pass: posting in next frame
06-02 15:30:34.521 25324 25324 W View    : requestLayout() improperly called by helium314.keyboard.latin.panels.BrowserPanelView{52dcbd5 V.E...... ......I. 0,0-1440,2040} during layout: running second layout pass
06-02 15:30:34.526 25324 25324 W View    : requestLayout() improperly called by helium314.keyboard.latin.panels.BrowserPanelView{52dcbd5 V.E...... ........ 0,0-1440,2040} during second layout pass: posting in next frame
06-02 15:30:34.539 25324 25324 W View    : requestLayout() improperly called by helium314.keyboard.latin.panels.BrowserPanelView{52dcbd5 V.E...... ......I. 0,0-1440,2040} during layout: running second layout pass
06-02 15:30:34.544 25324 25324 W View    : requestLayout() improperly called by helium314.keyboard.latin.panels.BrowserPanelView{52dcbd5 V.E...... ........ 0,0-1440,2040} during second layout pass: posting in next frame
06-02 15:30:34.555 25324 25324 W View    : requestLayout() improperly called by helium314.keyboard.latin.panels.BrowserPanelView{52dcbd5 V.E...... ......I. 0,0-1440,2040} during layout: running second layout pass
06-02 15:30:34.558 25324 25324 W View    : requestLayout() improperly called by helium314.keyboard.latin.panels.BrowserPanelView{52dcbd5 V.E...... ........ 0,0-1440,2040} during second layout pass: posting in next frame
06-02 15:30:34.572 25324 25324 W View    : requestLayout() improperly called by helium314.keyboard.latin.panels.BrowserPanelView{52dcbd5 V.E...... ......I. 0,0-1440,2040} during layout: running second layout pass
06-02 15:30:34.576 25324 25324 W View    : requestLayout() improperly called by helium314.keyboard.latin.panels.BrowserPanelView{52dcbd5 V.E...... ........ 0,0-1440,2040} during second layout pass: posting in next frame
06-02 15:30:34.588 25324 25324 W View    : requestLayout() improperly called by helium314.keyboard.latin.panels.BrowserPanelView{52dcbd5 V.E...... ......I. 0,0-1440,2040} during layout: running second layout pass
06-02 15:30:34.591 25324 25324 W View    : requestLayout() improperly called by helium314.keyboard.latin.panels.BrowserPanelView{52dcbd5 V.E...... ........ 0,0-1440,2040} during second layout pass: posting in next frame
06-02 15:30:34.605 25324 25324 W View    : requestLayout() improperly called by helium314.keyboard.latin.panels.BrowserPanelView{52dcbd5 V.E...... ......I. 0,0-1440,2040} during layout: running second layout pass
06-02 15:30:34.608 25324 25324 W View    : requestLayout() improperly called by helium314.keyboard.latin.panels.BrowserPanelView{52dcbd5 V.E...... ........ 0,0-1440,2040} during second layout pass: posting in next frame
06-02 15:30:34.622 25324 25324 W View    : requestLayout() improperly called by helium314.keyboard.latin.panels.BrowserPanelView{52dcbd5 V.E...... ......I. 0,0-1440,2040} during layout: running second layout pass
06-02 15:30:34.631 25324 25324 W View    : requestLayout() improperly called by helium314.keyboard.latin.panels.BrowserPanelView{52dcbd5 V.E...... ........ 0,0-1440,2040} during second layout pass: posting in next frame
06-02 15:30:34.639 25324 25324 W View    : requestLayout() improperly called by helium314.keyboard.latin.panels.BrowserPanelView{52dcbd5 V.E...... ......I. 0,0-1440,2040} during layout: running second layout pass
06-02 15:30:34.643 25324 25324 W View    : requestLayout() improperly called by helium314.keyboard.latin.panels.BrowserPanelView{52dcbd5 V.E...... ........ 0,0-1440,2040} during second layout pass: posting in next frame
06-02 15:30:34.656 25324 25324 W View    : requestLayout() improperly called by helium314.keyboard.latin.panels.BrowserPanelView{52dcbd5 V.E...... ......I. 0,0-1440,2040} during layout: running second layout pass
06-02 15:30:34.659 25324 25324 W View    : requestLayout() improperly called by helium314.keyboard.latin.panels.BrowserPanelView{52dcbd5 V.E...... ........ 0,0-1440,2040} during second layout pass: posting in next frame
06-02 15:30:34.673 25324 25324 W View    : requestLayout() improperly called by helium314.keyboard.latin.panels.BrowserPanelView{52dcbd5 V.E...... ......I. 0,0-1440,2040} during layout: running second layout pass
06-02 15:30:34.679 25324 25324 W View    : requestLayout() improperly called by helium314.keyboard.latin.panels.BrowserPanelView{52dcbd5 V.E...... ........ 0,0-1440,2040} during second layout pass: posting in next frame
06-02 15:30:34.689 25324 25324 W View    : requestLayout() improperly called by helium314.keyboard.latin.panels.BrowserPanelView{52dcbd5 V.E...... ......I. 0,0-1440,2040} during layout: running second layout pass
06-02 15:30:34.696 25324 25324 W View    : requestLayout() improperly called by helium314.keyboard.latin.panels.BrowserPanelView{52dcbd5 V.E...... ........ 0,0-1440,2040} during second layout pass: posting in next frame
06-02 15:30:34.706 25324 25324 W View    : requestLayout() improperly called by helium314.keyboard.latin.panels.BrowserPanelView{52dcbd5 V.E...... ......I. 0,0-1440,2040} during layout: running second layout pass
06-02 15:30:34.712 25324 25324 W View    : requestLayout() improperly called by helium314.keyboard.latin.panels.BrowserPanelView{52dcbd5 V.E...... ........ 0,0-1440,2040} during second layout pass: posting in next frame
06-02 15:30:34.723 25324 25324 W View    : requestLayout() improperly called by helium314.keyboard.latin.panels.BrowserPanelView{52dcbd5 V.E...... ......I. 0,0-1440,2040} during layout: running second layout pass
06-02 15:30:34.728 25324 25324 W View    : requestLayout() improperly called by helium314.keyboard.latin.panels.BrowserPanelView{52dcbd5 V.E...... ........ 0,0-1440,2040} during second layout pass: posting in next frame
06-02 15:30:34.740 25324 25324 W View    : requestLayout() improperly called by helium314.keyboard.latin.panels.BrowserPanelView{52dcbd5 V.E...... ......I. 0,0-1440,2040} during layout: running second layout pass
06-02 15:30:34.747 25324 25324 W View    : requestLayout() improperly called by helium314.keyboard.latin.panels.BrowserPanelView{52dcbd5 V.E...... ........ 0,0-1440,2040} during second layout pass: posting in next frame
06-02 15:30:34.757 25324 25324 W View    : requestLayout() improperly called by helium314.keyboard.latin.panels.BrowserPanelView{52dcbd5 V.E...... ......I. 0,0-1440,2040} during layout: running second layout pass
06-02 15:30:34.765 25324 25324 W View    : requestLayout() improperly called by helium314.keyboard.latin.panels.BrowserPanelView{52dcbd5 V.E...... ........ 0,0-1440,2040} during second layout pass: posting in next frame
06-02 15:30:34.773 25324 25324 W View    : requestLayout() improperly called by helium314.keyboard.latin.panels.BrowserPanelView{52dcbd5 V.E...... ......I. 0,0-1440,2040} during layout: running second layout pass
06-02 15:30:34.779 25324 25324 W View    : requestLayout() improperly called by helium314.keyboard.latin.panels.BrowserPanelView{52dcbd5 V.E...... ........ 0,0-1440,2040} during second layout pass: posting in next frame
06-02 15:30:34.790 25324 25324 W View    : requestLayout() improperly called by helium314.keyboard.latin.panels.BrowserPanelView{52dcbd5 V.E...... ......I. 0,0-1440,2040} during layout: running second layout pass
06-02 15:30:34.776 25324 25324 W com.vibekey.keyboard: type=1400 audit(0.0:52612): avc: denied { nlmsg_readpriv } for comm=536F636B657420546872656164 scontext=u:r:untrusted_app:s0:c52,c271,c512,c768 tcontext=u:r:untrusted_app:s0:c52,c271,c512,c768 tclass=netlink_route_socket permissive=0 bug=b/155595000 app=com.vibekey.keyboard
