06-04 11:06:05.874 24156 24156 E MultiApp.Impl: OplusMultiAppImpl
06-04 11:06:05.932 24156 24240 W libc    : Access denied finding property "ro.vendor.api_level"
06-04 11:06:05.937 24156 24156 W chromium: [WARNING:android_webview/browser/network_service/net_helpers.cc:137] HTTP Cache size is: 20971520
06-04 11:06:06.003 24156 24268 W libc    : Access denied finding property "vendor.camera.aux.packagelist"
06-04 11:06:06.004 24156 24268 W libc    : Access denied finding property "vendor.camera.aux.packagelist"
06-04 11:06:06.004 24156 24224 W libc    : Access denied finding property "vendor.camera.aux.packagelist"
06-04 11:06:06.007 24156 24156 E OplusCustomizeRestrictionManager: sInstance is null, start a new sInstance
06-04 11:06:06.304 24156 24156 W View    : requestLayout() improperly called by android.widget.LinearLayout{e251ca2 V.E...... ......ID 0,1973-1440,2923 #7f0a011b app:id/main_keyboard_frame} during layout: running second layout pass
06-04 11:06:06.374 24156 24245 W cr_media: BLUETOOTH_CONNECT permission is missing.
06-04 11:06:06.375 24156 24245 W cr_media: getBluetoothAdapter() requires BLUETOOTH permission
06-04 11:06:06.375 24156 24245 W cr_media: registerBluetoothIntentsIfNeeded: Requires BLUETOOTH permission
06-04 11:06:06.478 24156 24260 W AudioCapabilities: Unsupported mime audio/ffmpeg
06-04 11:06:06.478 24156 24260 W VideoCapabilities: Unsupported mime video/ffmpeg
06-04 11:06:06.479 24156 24260 W VideoCapabilities: Unrecognized profile/level 0/3 for video/mpeg2
06-04 11:06:06.479 24156 24260 W VideoCapabilities: Unrecognized profile/level 0/3 for video/mpeg2
06-04 11:06:06.517 24156 24185 W BrowserGeckoPrewarm: Gecko prewarm error
06-04 11:06:06.517 24156 24185 W BrowserGeckoPrewarm: java.lang.IllegalThreadStateException: Expected thread 2 ("main"), but running on thread 40792 ("DefaultDispatcher-worker-2")
06-04 11:06:06.517 24156 24185 W BrowserGeckoPrewarm: 	at org.mozilla.gecko.util.k.a(r8-map-id-6ad4dd5065f356090939174bb4a357fc6d132d87fea7801f3e1f1f5c0bf6a54d:62)
06-04 11:06:06.517 24156 24185 W BrowserGeckoPrewarm: 	at org.mozilla.gecko.util.k.b(r8-map-id-6ad4dd5065f356090939174bb4a357fc6d132d87fea7801f3e1f1f5c0bf6a54d:3)
06-04 11:06:06.517 24156 24185 W BrowserGeckoPrewarm: 	at org.mozilla.geckoview.GeckoRuntime.create(r8-map-id-6ad4dd5065f356090939174bb4a357fc6d132d87fea7801f3e1f1f5c0bf6a54d:3)
06-04 11:06:06.517 24156 24185 W BrowserGeckoPrewarm: 	at y7.y1.a(r8-map-id-6ad4dd5065f356090939174bb4a357fc6d132d87fea7801f3e1f1f5c0bf6a54d:171)
06-04 11:06:06.517 24156 24185 W BrowserGeckoPrewarm: 	at y7.y1.c(r8-map-id-6ad4dd5065f356090939174bb4a357fc6d132d87fea7801f3e1f1f5c0bf6a54d:53)
06-04 11:06:06.517 24156 24185 W BrowserGeckoPrewarm: 	at i3.a.invokeSuspend(r8-map-id-6ad4dd5065f356090939174bb4a357fc6d132d87fea7801f3e1f1f5c0bf6a54d:37)
06-04 11:06:06.517 24156 24185 W BrowserGeckoPrewarm: 	at t8.a.resumeWith(r8-map-id-6ad4dd5065f356090939174bb4a357fc6d132d87fea7801f3e1f1f5c0bf6a54d:9)
06-04 11:06:06.517 24156 24185 W BrowserGeckoPrewarm: 	at m9.h0.run(r8-map-id-6ad4dd5065f356090939174bb4a357fc6d132d87fea7801f3e1f1f5c0bf6a54d:115)
06-04 11:06:06.517 24156 24185 W BrowserGeckoPrewarm: 	at c5.t.run(r8-map-id-6ad4dd5065f356090939174bb4a357fc6d132d87fea7801f3e1f1f5c0bf6a54d:76)
06-04 11:06:06.517 24156 24185 W BrowserGeckoPrewarm: 	at t9.j.run(r8-map-id-6ad4dd5065f356090939174bb4a357fc6d132d87fea7801f3e1f1f5c0bf6a54d:3)
06-04 11:06:06.517 24156 24185 W BrowserGeckoPrewarm: 	at t9.a.run(r8-map-id-6ad4dd5065f356090939174bb4a357fc6d132d87fea7801f3e1f1f5c0bf6a54d:88)
06-04 11:06:07.380 24156 24156 W View    : requestLayout() improperly called by android.widget.FrameLayout{28b072 V.E...... ......ID 0,1677-1440,1857 #7f0a0087 app:id/browser_nav_footer_float} during layout: running second layout pass
06-04 11:06:07.401 24156 24302 W Settings: Setting animator_duration_scale has moved from android.provider.Settings.System to android.provider.Settings.Global, returning read-only global URI.
06-04 11:06:07.406 24156 24302 E GeckoLibLoad: Load sqlite start
06-04 11:06:07.407 24156 24156 E GeckoView: Failed to attach WindowInsetsListener: 
06-04 11:06:07.407 24156 24156 E GeckoView: java.lang.NullPointerException: Attempt to invoke virtual method 'android.view.Window android.app.Activity.getWindow()' on a null object reference
06-04 11:06:07.407 24156 24156 E GeckoView: 	at org.mozilla.geckoview.GeckoView.attachWindowInsetsListener(r8-map-id-6ad4dd5065f356090939174bb4a357fc6d132d87fea7801f3e1f1f5c0bf6a54d:1)
06-04 11:06:07.407 24156 24156 E GeckoView: 	at org.mozilla.geckoview.GeckoView.onAttachedToWindow(r8-map-id-6ad4dd5065f356090939174bb4a357fc6d132d87fea7801f3e1f1f5c0bf6a54d:49)
06-04 11:06:07.407 24156 24156 E GeckoView: 	at android.view.View.dispatchAttachedToWindow(View.java:20900)
06-04 11:06:07.407 24156 24156 E GeckoView: 	at android.view.ViewGroup.dispatchAttachedToWindow(ViewGroup.java:3539)
06-04 11:06:07.407 24156 24156 E GeckoView: 	at android.view.ViewGroup.addViewInner(ViewGroup.java:5378)
06-04 11:06:07.407 24156 24156 E GeckoView: 	at android.view.ViewGroup.addView(ViewGroup.java:5156)
06-04 11:06:07.407 24156 24156 E GeckoView: 	at android.view.ViewGroup.addView(ViewGroup.java:5096)
06-04 11:06:07.407 24156 24156 E GeckoView: 	at helium314.keyboard.latin.panels.BrowserPanelView.W(r8-map-id-6ad4dd5065f356090939174bb4a357fc6d132d87fea7801f3e1f1f5c0bf6a54d:329)
06-04 11:06:07.407 24156 24156 E GeckoView: 	at helium314.keyboard.latin.panels.BrowserPanelView.F0(r8-map-id-6ad4dd5065f356090939174bb4a357fc6d132d87fea7801f3e1f1f5c0bf6a54d:58)
06-04 11:06:07.407 24156 24156 E GeckoView: 	at c5.t.run(r8-map-id-6ad4dd5065f356090939174bb4a357fc6d132d87fea7801f3e1f1f5c0bf6a54d:622)
06-04 11:06:07.407 24156 24156 E GeckoView: 	at g7.y.onGlobalLayout(r8-map-id-6ad4dd5065f356090939174bb4a357fc6d132d87fea7801f3e1f1f5c0bf6a54d:8)
06-04 11:06:07.407 24156 24156 E GeckoView: 	at android.view.ViewTreeObserver.dispatchOnGlobalLayout(ViewTreeObserver.java:1061)
06-04 11:06:07.407 24156 24156 E GeckoView: 	at android.view.ViewRootImpl.performTraversals(ViewRootImpl.java:3407)
06-04 11:06:07.407 24156 24156 E GeckoView: 	at android.view.ViewRootImpl.doTraversal(ViewRootImpl.java:2305)
06-04 11:06:07.407 24156 24156 E GeckoView: 	at android.view.ViewRootImpl$TraversalRunnable.run(ViewRootImpl.java:9133)
06-04 11:06:07.407 24156 24156 E GeckoView: 	at android.view.Choreographer$CallbackRecord.run(Choreographer.java:1232)
06-04 11:06:07.407 24156 24156 E GeckoView: 	at android.view.Choreographer.doCallbacks(Choreographer.java:1029)
06-04 11:06:07.407 24156 24156 E GeckoView: 	at android.view.Choreographer.doFrame(Choreographer.java:934)
06-04 11:06:07.407 24156 24156 E GeckoView: 	at android.view.Choreographer$FrameDisplayEventReceiver.run(Choreographer.java:1217)
06-04 11:06:07.407 24156 24156 E GeckoView: 	at android.os.Handler.handleCallback(Handler.java:938)
06-04 11:06:07.407 24156 24156 E GeckoView: 	at android.os.Handler.dispatchMessage(Handler.java:99)
06-04 11:06:07.407 24156 24156 E GeckoView: 	at android.os.Looper.loopOnce(Looper.java:233)
06-04 11:06:07.407 24156 24156 E GeckoView: 	at android.os.Looper.loop(Looper.java:344)
06-04 11:06:07.407 24156 24156 E GeckoView: 	at android.app.ActivityThread.main(ActivityThread.java:8212)
06-04 11:06:07.407 24156 24156 E GeckoView: 	at java.lang.reflect.Method.invoke(Native Method)
06-04 11:06:07.407 24156 24156 E GeckoView: 	at com.android.internal.os.RuntimeInit$MethodAndArgsCaller.run(RuntimeInit.java:584)
06-04 11:06:07.407 24156 24156 E GeckoView: 	at com.android.internal.os.ZygoteInit.main(ZygoteInit.java:1034)
06-04 11:06:07.407 24156 24302 E GeckoLibLoad: Load sqlite done
06-04 11:06:07.407 24156 24302 E GeckoLibLoad: Load nss start
06-04 11:06:07.407 24156 24302 E GeckoLibLoad: Load nss done
06-04 11:06:07.417 24156 24302 E GeckoLibLoad: Loaded libs in 9.322240ms total, 0ms(16ms) user, 8ms(10ms) system, 0(0) faults
06-04 11:06:07.417 24156 24302 W GeckoThread: zerdatime 262410278 - runGecko
06-04 11:06:07.445 24156 24156 W View    : requestLayout() improperly called by helium314.keyboard.latin.panels.BrowserPanelView{2678806 V.E...... ......ID 0,0-1440,2040} during layout: running second layout pass
06-04 11:06:07.472 24156 24156 W View    : requestLayout() improperly called by helium314.keyboard.latin.panels.BrowserPanelView{2678806 V.E...... ......ID 0,0-1440,2040} during layout: running second layout pass
06-04 11:06:07.477 24156 24156 W View    : requestLayout() improperly called by helium314.keyboard.latin.panels.BrowserPanelView{2678806 V.E...... ......I. 0,0-1440,2040} during second layout pass: posting in next frame
06-04 11:06:07.483 24156 24156 W View    : requestLayout() improperly called by helium314.keyboard.latin.panels.BrowserPanelView{2678806 V.E...... ......ID 0,0-1440,2040} during layout: running second layout pass
06-04 11:06:07.466 24156 24156 W com.vibekey.keyboard: type=1400 audit(0.0:111025): avc: denied { bind } for comm=4E65746C696E6B204D6F6E69746F72 scontext=u:r:untrusted_app:s0:c80,c271,c512,c768 tcontext=u:r:untrusted_app:s0:c80,c271,c512,c768 tclass=netlink_route_socket permissive=0 bug=b/155595000 app=com.vibekey.keyboard
06-04 11:06:07.488 24156 24156 W View    : requestLayout() improperly called by helium314.keyboard.latin.panels.BrowserPanelView{2678806 V.E...... ........ 0,0-1440,2040} during second layout pass: posting in next frame
06-04 11:06:07.489 24156 24156 W View    : requestLayout() improperly called by helium314.keyboard.latin.panels.BrowserPanelView{2678806 V.E...... ......ID 0,0-1440,2040} during layout: running second layout pass
06-04 11:06:07.490 24156 24302 E ibekey.keyboar: hiddenapi: Accessing hidden field Ljava/lang/Boolean;->value:Z (runtime_flags=0, domain=core-platform, api=max-target-p) from Lorg/mozilla/gecko/GeckoThread; (domain=app, TargetSdkVersion=35) using JNI: denied
06-04 11:06:07.490 24156 24302 E ibekey.keyboar: hiddenapi: Accessing hidden field Ljava/lang/Integer;->value:I (runtime_flags=0, domain=core-platform, api=max-target-p) from Lorg/mozilla/gecko/GeckoThread; (domain=app, TargetSdkVersion=35) using JNI: denied
06-04 11:06:07.490 24156 24302 E ibekey.keyboar: hiddenapi: Accessing hidden field Ljava/lang/Long;->value:J (runtime_flags=0, domain=core-platform, api=max-target-p) from Lorg/mozilla/gecko/GeckoThread; (domain=app, TargetSdkVersion=35) using JNI: denied
06-04 11:06:07.490 24156 24302 E ibekey.keyboar: hiddenapi: Accessing hidden field Ljava/lang/Double;->value:D (runtime_flags=0, domain=core-platform, api=max-target-p) from Lorg/mozilla/gecko/GeckoThread; (domain=app, TargetSdkVersion=35) using JNI: denied
06-04 11:06:07.497 24156 24156 W View    : requestLayout() improperly called by helium314.keyboard.latin.panels.BrowserPanelView{2678806 V.E...... ........ 0,0-1440,2040} during second layout pass: posting in next frame
06-04 11:06:07.504 24156 24156 W View    : requestLayout() improperly called by helium314.keyboard.latin.panels.BrowserPanelView{2678806 V.E...... ......ID 0,0-1440,2040} during layout: running second layout pass
06-04 11:06:07.515 24156 24156 W View    : requestLayout() improperly called by helium314.keyboard.latin.panels.BrowserPanelView{2678806 V.E...... ........ 0,0-1440,2040} during second layout pass: posting in next frame
06-04 11:06:07.517 24156 24156 W View    : requestLayout() improperly called by helium314.keyboard.latin.panels.BrowserPanelView{2678806 V.E...... ......I. 0,0-1440,2040} during layout: running second layout pass
06-04 11:06:07.530 24323 24323 E y.keyboard:tab: Unknown bits set in runtime_flags: 0x40000000
06-04 11:06:07.531 24156 24156 W View    : requestLayout() improperly called by helium314.keyboard.latin.panels.BrowserPanelView{2678806 V.E...... ........ 0,0-1440,2040} during second layout pass: posting in next frame
06-04 11:06:07.533 24156 24156 W View    : requestLayout() improperly called by helium314.keyboard.latin.panels.BrowserPanelView{2678806 V.E...... ......I. 0,0-1440,2040} during layout: running second layout pass
06-04 11:06:07.548 24156 24156 W View    : requestLayout() improperly called by helium314.keyboard.latin.panels.BrowserPanelView{2678806 V.E...... ........ 0,0-1440,2040} during second layout pass: posting in next frame
06-04 11:06:07.550 24156 24156 W View    : requestLayout() improperly called by helium314.keyboard.latin.panels.BrowserPanelView{2678806 V.E...... ......I. 0,0-1440,2040} during layout: running second layout pass
06-04 11:06:07.564 24156 24156 W View    : requestLayout() improperly called by helium314.keyboard.latin.panels.BrowserPanelView{2678806 V.E...... ........ 0,0-1440,2040} during second layout pass: posting in next frame
06-04 11:06:07.566 24156 24156 W View    : requestLayout() improperly called by helium314.keyboard.latin.panels.BrowserPanelView{2678806 V.E...... ......ID 0,0-1440,2040} during layout: running second layout pass
06-04 11:06:07.598 24156 24156 W View    : requestLayout() improperly called by helium314.keyboard.latin.panels.BrowserPanelView{2678806 V.E...... ........ 0,0-1440,2040} during second layout pass: posting in next frame
06-04 11:06:07.601 24156 24156 W View    : requestLayout() improperly called by helium314.keyboard.latin.panels.BrowserPanelView{2678806 V.E...... ......I. 0,0-1440,2040} during layout: running second layout pass
06-04 11:06:07.609 24156 24156 W View    : requestLayout() improperly called by helium314.keyboard.latin.panels.BrowserPanelView{2678806 V.E...... ........ 0,0-1440,2040} during second layout pass: posting in next frame
06-04 11:06:07.615 24156 24156 W View    : requestLayout() improperly called by helium314.keyboard.latin.panels.BrowserPanelView{2678806 V.E...... ......I. 0,0-1440,2040} during layout: running second layout pass
06-04 11:06:07.621 24359 24359 E ey.keyboard:gp: Unknown bits set in runtime_flags: 0x40000000
06-04 11:06:07.624 24156 24156 W View    : requestLayout() improperly called by helium314.keyboard.latin.panels.BrowserPanelView{2678806 V.E...... ........ 0,0-1440,2040} during second layout pass: posting in next frame
06-04 11:06:07.634 24156 24156 W View    : requestLayout() improperly called by helium314.keyboard.latin.panels.BrowserPanelView{2678806 V.E...... ......I. 0,0-1440,2040} during layout: running second layout pass
06-04 11:06:07.641 24156 24156 W View    : requestLayout() improperly called by helium314.keyboard.latin.panels.BrowserPanelView{2678806 V.E...... ........ 0,0-1440,2040} during second layout pass: posting in next frame
06-04 11:06:07.649 24156 24156 W View    : requestLayout() improperly called by helium314.keyboard.latin.panels.BrowserPanelView{2678806 V.E...... ......I. 0,0-1440,2040} during layout: running second layout pass
06-04 11:06:07.653 24156 24156 W View    : requestLayout() improperly called by helium314.keyboard.latin.panels.BrowserPanelView{2678806 V.E...... ........ 0,0-1440,2040} during second layout pass: posting in next frame
06-04 11:06:07.665 24323 24366 E GeckoLibLoad: Load sqlite start
06-04 11:06:07.666 24323 24366 E GeckoLibLoad: Load sqlite done
06-04 11:06:07.666 24323 24366 E GeckoLibLoad: Load nss start
06-04 11:06:07.666 24323 24366 E GeckoLibLoad: Load nss done
06-04 11:06:07.671 24156 24156 W View    : requestLayout() improperly called by helium314.keyboard.latin.panels.BrowserPanelView{2678806 V.E...... ......I. 0,0-1440,2040} during layout: running second layout pass
06-04 11:06:07.676 24156 24156 W View    : requestLayout() improperly called by helium314.keyboard.latin.panels.BrowserPanelView{2678806 V.E...... ........ 0,0-1440,2040} during second layout pass: posting in next frame
06-04 11:06:07.681 24156 24156 W View    : requestLayout() improperly called by helium314.keyboard.latin.panels.BrowserPanelView{2678806 V.E...... ......I. 0,0-1440,2040} during layout: running second layout pass
06-04 11:06:07.685 24323 24366 E GeckoLibLoad: Loaded libs in 18.765208ms total, 14ms(13ms) user, 0ms(1ms) system, 0(0) faults
06-04 11:06:07.685 24323 24366 W GeckoThread: zerdatime 262410546 - runGecko
06-04 11:06:07.688 24156 24156 W View    : requestLayout() improperly called by helium314.keyboard.latin.panels.BrowserPanelView{2678806 V.E...... ........ 0,0-1440,2040} during second layout pass: posting in next frame
06-04 11:06:07.694 24359 24383 E GeckoLibLoad: Load sqlite start
06-04 11:06:07.695 24359 24383 E GeckoLibLoad: Load sqlite done
06-04 11:06:07.695 24359 24383 E GeckoLibLoad: Load nss start
06-04 11:06:07.695 24359 24383 E GeckoLibLoad: Load nss done
06-04 11:06:07.699 24156 24156 W View    : requestLayout() improperly called by helium314.keyboard.latin.panels.BrowserPanelView{2678806 V.E...... ......I. 0,0-1440,2040} during layout: running second layout pass
06-04 11:06:07.704 24359 24383 E GeckoLibLoad: Loaded libs in 9.089063ms total, 5ms(8ms) user, 2ms(0ms) system, 0(0) faults
06-04 11:06:07.705 24359 24383 W GeckoThread: zerdatime 262410566 - runGecko
06-04 11:06:07.713 24156 24156 W View    : requestLayout() improperly called by helium314.keyboard.latin.panels.BrowserPanelView{2678806 V.E...... ........ 0,0-1440,2040} during second layout pass: posting in next frame
06-04 11:06:07.718 24156 24156 W View    : requestLayout() improperly called by helium314.keyboard.latin.panels.BrowserPanelView{2678806 V.E...... ......I. 0,0-1440,2040} during layout: running second layout pass
06-04 11:06:07.730 24156 24156 W View    : requestLayout() improperly called by helium314.keyboard.latin.panels.BrowserPanelView{2678806 V.E...... ........ 0,0-1440,2040} during second layout pass: posting in next frame
06-04 11:06:07.732 24156 24156 W View    : requestLayout() improperly called by helium314.keyboard.latin.panels.BrowserPanelView{2678806 V.E...... ......I. 0,0-1440,2040} during layout: running second layout pass
06-04 11:06:07.743 24156 24156 W View    : requestLayout() improperly called by helium314.keyboard.latin.panels.BrowserPanelView{2678806 V.E...... ........ 0,0-1440,2040} during second layout pass: posting in next frame
06-04 11:06:07.748 24156 24156 W View    : requestLayout() improperly called by helium314.keyboard.latin.panels.BrowserPanelView{2678806 V.E...... ......I. 0,0-1440,2040} during layout: running second layout pass
06-04 11:06:07.759 24156 24156 W View    : requestLayout() improperly called by helium314.keyboard.latin.panels.BrowserPanelView{2678806 V.E...... ........ 0,0-1440,2040} during second layout pass: posting in next frame
06-04 11:06:07.761 24359 24405 W AudioCapabilities: Unsupported mime audio/ffmpeg
06-04 11:06:07.766 24359 24405 W VideoCapabilities: Unsupported mime video/ffmpeg
06-04 11:06:07.766 24156 24156 W View    : requestLayout() improperly called by helium314.keyboard.latin.panels.BrowserPanelView{2678806 V.E...... ......I. 0,0-1440,2040} during layout: running second layout pass
06-04 11:06:07.767 24359 24405 W VideoCapabilities: Unrecognized profile/level 0/3 for video/mpeg2
06-04 11:06:07.767 24359 24405 W VideoCapabilities: Unrecognized profile/level 0/3 for video/mpeg2
06-04 11:06:07.772 24359 24377 E ey.keyboard:gp: ofbOpen failed with error=No such file or directory
06-04 11:06:07.772 24359 24377 E ey.keyboard:gp: sysOpen failed with error=No such file or directory
06-04 11:06:07.783 24156 24156 W View    : requestLayout() improperly called by helium314.keyboard.latin.panels.BrowserPanelView{2678806 V.E...... ........ 0,0-1440,2040} during second layout pass: posting in next frame
06-04 11:06:07.796 24156 24156 W View    : requestLayout() improperly called by helium314.keyboard.latin.panels.BrowserPanelView{2678806 V.E...... ......ID 0,0-1440,2040} during layout: running second layout pass
06-04 11:06:07.806 24156 24156 W View    : requestLayout() improperly called by helium314.keyboard.latin.panels.BrowserPanelView{2678806 V.E...... ........ 0,0-1440,2040} during second layout pass: posting in next frame
06-04 11:06:07.808 24156 24156 W View    : requestLayout() improperly called by helium314.keyboard.latin.panels.BrowserPanelView{2678806 V.E...... ......I. 0,0-1440,2040} during layout: running second layout pass
06-04 11:06:07.817 24156 24156 W View    : requestLayout() improperly called by helium314.keyboard.latin.panels.BrowserPanelView{2678806 V.E...... ........ 0,0-1440,2040} during second layout pass: posting in next frame
06-04 11:06:07.806 24156 24156 W com.vibekey.keyboard: type=1400 audit(0.0:111026): avc: denied { nlmsg_readpriv } for comm=536F636B657420546872656164 scontext=u:r:untrusted_app:s0:c80,c271,c512,c768 tcontext=u:r:untrusted_app:s0:c80,c271,c512,c768 tclass=netlink_route_socket permissive=0 bug=b/155595000 app=com.vibekey.keyboard
06-04 11:06:07.821 24156 24156 W View    : requestLayout() improperly called by helium314.keyboard.latin.panels.BrowserPanelView{2678806 V.E...... ......I. 0,0-1440,2040} during layout: running second layout pass
06-04 11:06:07.816 24156 24156 W com.vibekey.keyboard: type=1400 audit(0.0:111027): avc: denied { nlmsg_readpriv } for comm=536F636B657420546872656164 scontext=u:r:untrusted_app:s0:c80,c271,c512,c768 tcontext=u:r:untrusted_app:s0:c80,c271,c512,c768 tclass=netlink_route_socket permissive=0 bug=b/155595000 app=com.vibekey.keyboard
06-04 11:06:07.836 24156 24156 W View    : requestLayout() improperly called by helium314.keyboard.latin.panels.BrowserPanelView{2678806 V.E...... ......ID 0,0-1440,2040} during second layout pass: posting in next frame
06-04 11:06:07.864 24156 24170 E BLASTBufferQueue: [SurfaceView[InputMethod]#1](f:0,a:0) rejecting buffer:active_size=1440x1853, requested_size=1440x1853 buffer{size=1440x1861 transform=0}
06-04 11:06:07.865 24156 24170 E BLASTBufferQueue: BLASTBufferItemConsumer::onDisconnect()
06-04 11:06:07.869 24156 24156 W View    : requestLayout() improperly called by helium314.keyboard.latin.panels.BrowserPanelView{2678806 V.E...... ......ID 0,0-1440,2040} during layout: running second layout pass
06-04 11:06:07.880 24156 24156 W View    : requestLayout() improperly called by helium314.keyboard.latin.panels.BrowserPanelView{2678806 V.E...... ......I. 0,0-1440,2040} during second layout pass: posting in next frame
06-04 11:06:07.882 24156 24156 W View    : requestLayout() improperly called by helium314.keyboard.latin.panels.BrowserPanelView{2678806 V.E...... ......I. 0,0-1440,2040} during layout: running second layout pass
06-04 11:06:07.894 24156 24156 W View    : requestLayout() improperly called by helium314.keyboard.latin.panels.BrowserPanelView{2678806 V.E...... .......D 0,0-1440,2040} during second layout pass: posting in next frame
06-04 11:06:07.898 24156 24156 W View    : requestLayout() improperly called by helium314.keyboard.latin.panels.BrowserPanelView{2678806 V.E...... ......ID 0,0-1440,2040} during layout: running second layout pass
06-04 11:06:07.902 24156 24156 W View    : requestLayout() improperly called by helium314.keyboard.latin.panels.BrowserPanelView{2678806 V.E...... ........ 0,0-1440,2040} during second layout pass: posting in next frame
06-04 11:06:07.915 24156 24156 W View    : requestLayout() improperly called by helium314.keyboard.latin.panels.BrowserPanelView{2678806 V.E...... ......I. 0,0-1440,2040} during layout: running second layout pass
06-04 11:06:07.920 24156 24156 W View    : requestLayout() improperly called by helium314.keyboard.latin.panels.BrowserPanelView{2678806 V.E...... ........ 0,0-1440,2040} during second layout pass: posting in next frame
06-04 11:06:07.931 24156 24156 W View    : requestLayout() improperly called by helium314.keyboard.latin.panels.BrowserPanelView{2678806 V.E...... ......I. 0,0-1440,2040} during layout: running second layout pass
06-04 11:06:07.938 24156 24156 W View    : requestLayout() improperly called by helium314.keyboard.latin.panels.BrowserPanelView{2678806 V.E...... ........ 0,0-1440,2040} during second layout pass: posting in next frame
06-04 11:06:07.949 24156 24156 W View    : requestLayout() improperly called by helium314.keyboard.latin.panels.BrowserPanelView{2678806 V.E...... ......I. 0,0-1440,2040} during layout: running second layout pass
06-04 11:06:07.953 24156 24156 W View    : requestLayout() improperly called by helium314.keyboard.latin.panels.BrowserPanelView{2678806 V.E...... ........ 0,0-1440,2040} during second layout pass: posting in next frame
06-04 11:06:07.957 24480 24480 E y.keyboard:tab: Unknown bits set in runtime_flags: 0x40000000
06-04 11:06:07.965 24156 24156 W View    : requestLayout() improperly called by helium314.keyboard.latin.panels.BrowserPanelView{2678806 V.E...... ......I. 0,0-1440,2040} during layout: running second layout pass
06-04 11:06:07.972 24156 24156 W View    : requestLayout() improperly called by helium314.keyboard.latin.panels.BrowserPanelView{2678806 V.E...... ......ID 0,0-1440,2040} during second layout pass: posting in next frame
06-04 11:06:07.985 24156 24156 W View    : requestLayout() improperly called by helium314.keyboard.latin.panels.BrowserPanelView{2678806 V.E...... ......ID 0,0-1440,2040} during layout: running second layout pass
06-04 11:06:07.990 24156 24156 W View    : requestLayout() improperly called by helium314.keyboard.latin.panels.BrowserPanelView{2678806 V.E...... ......I. 0,0-1440,2040} during second layout pass: posting in next frame
06-04 11:06:07.999 24156 24156 W View    : requestLayout() improperly called by helium314.keyboard.latin.panels.BrowserPanelView{2678806 V.E...... ......I. 0,0-1440,2040} during layout: running second layout pass
06-04 11:06:08.003 24156 24156 W View    : requestLayout() improperly called by helium314.keyboard.latin.panels.BrowserPanelView{2678806 V.E...... ........ 0,0-1440,2040} during second layout pass: posting in next frame
06-04 11:06:08.014 24156 24156 W View    : requestLayout() improperly called by helium314.keyboard.latin.panels.BrowserPanelView{2678806 V.E...... ......I. 0,0-1440,2040} during layout: running second layout pass
06-04 11:06:08.018 24156 24156 W View    : requestLayout() improperly called by helium314.keyboard.latin.panels.BrowserPanelView{2678806 V.E...... ........ 0,0-1440,2040} during second layout pass: posting in next frame
06-04 11:06:08.026 24480 24497 E GeckoLibLoad: Load sqlite start
06-04 11:06:08.027 24480 24497 E GeckoLibLoad: Load sqlite done
06-04 11:06:08.027 24480 24497 E GeckoLibLoad: Load nss start
06-04 11:06:08.027 24480 24497 E GeckoLibLoad: Load nss done
06-04 11:06:08.032 24156 24156 W View    : requestLayout() improperly called by helium314.keyboard.latin.panels.BrowserPanelView{2678806 V.E...... ......I. 0,0-1440,2040} during layout: running second layout pass
06-04 11:06:08.036 24156 24156 W View    : requestLayout() improperly called by helium314.keyboard.latin.panels.BrowserPanelView{2678806 V.E...... ........ 0,0-1440,2040} during second layout pass: posting in next frame
06-04 11:06:08.036 24480 24497 E GeckoLibLoad: Loaded libs in 9.506823ms total, 0ms(0ms) user, 9ms(9ms) system, 0(0) faults
06-04 11:06:08.036 24480 24497 W GeckoThread: zerdatime 262410897 - runGecko
06-04 11:06:08.049 24156 24156 W View    : requestLayout() improperly called by helium314.keyboard.latin.panels.BrowserPanelView{2678806 V.E...... ......I. 0,0-1440,2040} during layout: running second layout pass
06-04 11:06:08.053 24156 24156 W View    : requestLayout() improperly called by helium314.keyboard.latin.panels.BrowserPanelView{2678806 V.E...... ........ 0,0-1440,2040} during second layout pass: posting in next frame
06-04 11:06:08.066 24156 24156 W View    : requestLayout() improperly called by helium314.keyboard.latin.panels.BrowserPanelView{2678806 V.E...... ......I. 0,0-1440,2040} during layout: running second layout pass
06-04 11:06:08.070 24156 24156 W View    : requestLayout() improperly called by helium314.keyboard.latin.panels.BrowserPanelView{2678806 V.E...... ........ 0,0-1440,2040} during second layout pass: posting in next frame
06-04 11:06:08.084 24156 24156 W View    : requestLayout() improperly called by helium314.keyboard.latin.panels.BrowserPanelView{2678806 V.E...... ......I. 0,0-1440,2040} during layout: running second layout pass
06-04 11:06:08.087 24156 24156 W View    : requestLayout() improperly called by helium314.keyboard.latin.panels.BrowserPanelView{2678806 V.E...... ........ 0,0-1440,2040} during second layout pass: posting in next frame
06-04 11:06:08.099 24156 24156 W View    : requestLayout() improperly called by helium314.keyboard.latin.panels.BrowserPanelView{2678806 V.E...... ......I. 0,0-1440,2040} during layout: running second layout pass
06-04 11:06:08.104 24156 24156 W View    : requestLayout() improperly called by helium314.keyboard.latin.panels.BrowserPanelView{2678806 V.E...... ........ 0,0-1440,2040} during second layout pass: posting in next frame
06-04 11:06:08.116 24156 24156 W View    : requestLayout() improperly called by helium314.keyboard.latin.panels.BrowserPanelView{2678806 V.E...... ......I. 0,0-1440,2040} during layout: running second layout pass
06-04 11:06:08.120 24156 24156 W View    : requestLayout() improperly called by helium314.keyboard.latin.panels.BrowserPanelView{2678806 V.E...... ........ 0,0-1440,2040} during second layout pass: posting in next frame
06-04 11:06:08.127 24480 24497 W GeckoEditableChild: No editable parent
06-04 11:06:08.133 24156 24156 W View    : requestLayout() improperly called by helium314.keyboard.latin.panels.BrowserPanelView{2678806 V.E...... ......I. 0,0-1440,2040} during layout: running second layout pass
06-04 11:06:08.133 24480 24497 W Isolated Web Content: [JavaScript Warning: "This page is in Quirks Mode. Page layout may be impacted. For Standards Mode use “<!DOCTYPE html>”." {file: "https://www.drudgereport.com/" line: 0}]
06-04 11:06:08.137 24156 24156 W View    : requestLayout() improperly called by helium314.keyboard.latin.panels.BrowserPanelView{2678806 V.E...... ........ 0,0-1440,2040} during second layout pass: posting in next frame
06-04 11:06:08.149 24156 24156 W View    : requestLayout() improperly called by helium314.keyboard.latin.panels.BrowserPanelView{2678806 V.E...... ......I. 0,0-1440,2040} during layout: running second layout pass
06-04 11:06:08.146 24156 24156 W com.vibekey.keyboard: type=1400 audit(0.0:111028): avc: denied { nlmsg_readpriv } for comm=536F636B657420546872656164 scontext=u:r:untrusted_app:s0:c80,c271,c512,c768 tcontext=u:r:untrusted_app:s0:c80,c271,c512,c768 tclass=netlink_route_socket permissive=0 bug=b/155595000 app=com.vibekey.keyboard
06-04 11:06:08.159 24156 24156 W View    : requestLayout() improperly called by helium314.keyboard.latin.panels.BrowserPanelView{2678806 V.E...... .......D 0,0-1440,2040} during second layout pass: posting in next frame
06-04 11:06:08.146 24156 24156 W com.vibekey.keyboard: type=1400 audit(0.0:111029): avc: denied { nlmsg_readpriv } for comm=536F636B657420546872656164 scontext=u:r:untrusted_app:s0:c80,c271,c512,c768 tcontext=u:r:untrusted_app:s0:c80,c271,c512,c768 tclass=netlink_route_socket permissive=0 bug=b/155595000 app=com.vibekey.keyboard
06-04 11:06:08.168 24156 24156 W View    : requestLayout() improperly called by helium314.keyboard.latin.panels.BrowserPanelView{2678806 V.E...... ......ID 0,0-1440,2040} during layout: running second layout pass
06-04 11:06:08.156 24156 24156 W com.vibekey.keyboard: type=1400 audit(0.0:111030): avc: denied { nlmsg_readpriv } for comm=536F636B657420546872656164 scontext=u:r:untrusted_app:s0:c80,c271,c512,c768 tcontext=u:r:untrusted_app:s0:c80,c271,c512,c768 tclass=netlink_route_socket permissive=0 bug=b/155595000 app=com.vibekey.keyboard
06-04 11:06:08.172 24156 24156 W View    : requestLayout() improperly called by helium314.keyboard.latin.panels.BrowserPanelView{2678806 V.E...... ........ 0,0-1440,2040} during second layout pass: posting in next frame
06-04 11:06:08.166 24156 24156 W com.vibekey.keyboard: type=1400 audit(0.0:111031): avc: denied { nlmsg_readpriv } for comm=536F636B657420546872656164 scontext=u:r:untrusted_app:s0:c80,c271,c512,c768 tcontext=u:r:untrusted_app:s0:c80,c271,c512,c768 tclass=netlink_route_socket permissive=0 bug=b/155595000 app=com.vibekey.keyboard
06-04 11:06:08.182 24156 24156 W View    : requestLayout() improperly called by helium314.keyboard.latin.panels.BrowserPanelView{2678806 V.E...... ......ID 0,0-1440,2040} during layout: running second layout pass
06-04 11:06:08.197 24156 24156 W View    : requestLayout() improperly called by helium314.keyboard.latin.panels.BrowserPanelView{2678806 V.E...... ........ 0,0-1440,2040} during second layout pass: posting in next frame
06-04 11:06:08.200 24156 24156 W View    : requestLayout() improperly called by helium314.keyboard.latin.panels.BrowserPanelView{2678806 V.E...... ......ID 0,0-1440,2040} during layout: running second layout pass
06-04 11:06:08.214 24156 24156 W View    : requestLayout() improperly called by helium314.keyboard.latin.panels.BrowserPanelView{2678806 V.E...... ........ 0,0-1440,2040} during second layout pass: posting in next frame
06-04 11:06:08.217 24156 24156 W View    : requestLayout() improperly called by helium314.keyboard.latin.panels.BrowserPanelView{2678806 V.E...... ......ID 0,0-1440,2040} during layout: running second layout pass
06-04 11:06:08.225 24156 24156 W View    : requestLayout() improperly called by helium314.keyboard.latin.panels.BrowserPanelView{2678806 V.E...... ........ 0,0-1440,2040} during second layout pass: posting in next frame
06-04 11:06:08.234 24156 24156 W View    : requestLayout() improperly called by helium314.keyboard.latin.panels.BrowserPanelView{2678806 V.E...... ......ID 0,0-1440,2040} during layout: running second layout pass
06-04 11:06:08.240 24156 24156 W View    : requestLayout() improperly called by helium314.keyboard.latin.panels.BrowserPanelView{2678806 V.E...... ........ 0,0-1440,2040} during second layout pass: posting in next frame
06-04 11:06:08.250 24156 24156 W View    : requestLayout() improperly called by helium314.keyboard.latin.panels.BrowserPanelView{2678806 V.E...... ......ID 0,0-1440,2040} during layout: running second layout pass
06-04 11:06:08.250 24480 24497 W Isolated Web Content: [JavaScript Warning: "Layout was forced before the page was fully loaded. If stylesheets are not yet loaded this may cause a flash of unstyled content." {file: "https://www.drudgereport.com/" line: 20}]
06-04 11:06:08.263 24156 24156 W View    : requestLayout() improperly called by helium314.keyboard.latin.panels.BrowserPanelView{2678806 V.E...... ........ 0,0-1440,2040} during second layout pass: posting in next frame
06-04 11:06:08.269 24156 24156 W View    : requestLayout() improperly called by helium314.keyboard.latin.panels.BrowserPanelView{2678806 V.E...... ......ID 0,0-1440,2040} during layout: running second layout pass
06-04 11:06:08.283 24156 24156 W View    : requestLayout() improperly called by helium314.keyboard.latin.panels.BrowserPanelView{2678806 V.E...... ........ 0,0-1440,2040} during second layout pass: posting in next frame
06-04 11:06:08.292 24156 24156 W View    : requestLayout() improperly called by helium314.keyboard.latin.panels.BrowserPanelView{2678806 V.E...... ......I. 0,0-1440,2040} during layout: running second layout pass
06-04 11:06:08.302 24156 24156 W View    : requestLayout() improperly called by helium314.keyboard.latin.panels.BrowserPanelView{2678806 V.E...... ........ 0,0-1440,2040} during second layout pass: posting in next frame
06-04 11:06:08.306 24156 24156 W View    : requestLayout() improperly called by helium314.keyboard.latin.panels.BrowserPanelView{2678806 V.E...... ......I. 0,0-1440,2040} during layout: running second layout pass
06-04 11:06:08.310 24156 24156 W View    : requestLayout() improperly called by helium314.keyboard.latin.panels.BrowserPanelView{2678806 V.E...... ........ 0,0-1440,2040} during second layout pass: posting in next frame
06-04 11:06:08.317 24156 24156 W View    : requestLayout() improperly called by helium314.keyboard.latin.panels.BrowserPanelView{2678806 V.E...... ......I. 0,0-1440,2040} during layout: running second layout pass
06-04 11:06:08.322 24156 24156 W View    : requestLayout() improperly called by helium314.keyboard.latin.panels.BrowserPanelView{2678806 V.E...... ........ 0,0-1440,2040} during second layout pass: posting in next frame
06-04 11:06:08.334 24156 24156 W View    : requestLayout() improperly called by helium314.keyboard.latin.panels.BrowserPanelView{2678806 V.E...... ......I. 0,0-1440,2040} during layout: running second layout pass
06-04 11:06:08.339 24156 24156 W View    : requestLayout() improperly called by helium314.keyboard.latin.panels.BrowserPanelView{2678806 V.E...... .......D 0,0-1440,2040} during second layout pass: posting in next frame
06-04 11:06:08.351 24156 24156 W View    : requestLayout() improperly called by helium314.keyboard.latin.panels.BrowserPanelView{2678806 V.E...... ......ID 0,0-1440,2040} during layout: running second layout pass
06-04 11:06:08.356 24156 24156 W View    : requestLayout() improperly called by helium314.keyboard.latin.panels.BrowserPanelView{2678806 V.E...... ........ 0,0-1440,2040} during second layout pass: posting in next frame
06-04 11:06:08.368 24156 24156 W View    : requestLayout() improperly called by helium314.keyboard.latin.panels.BrowserPanelView{2678806 V.E...... ......I. 0,0-1440,2040} during layout: running second layout pass
06-04 11:06:08.377 24156 24156 W View    : requestLayout() improperly called by helium314.keyboard.latin.panels.BrowserPanelView{2678806 V.E...... ........ 0,0-1440,2040} during second layout pass: posting in next frame
06-04 11:06:08.384 24156 24156 W View    : requestLayout() improperly called by helium314.keyboard.latin.panels.BrowserPanelView{2678806 V.E...... ......I. 0,0-1440,2040} during layout: running second layout pass
06-04 11:06:08.395 24156 24156 W View    : requestLayout() improperly called by helium314.keyboard.latin.panels.BrowserPanelView{2678806 V.E...... ........ 0,0-1440,2040} during second layout pass: posting in next frame
06-04 11:06:08.401 24156 24156 W View    : requestLayout() improperly called by helium314.keyboard.latin.panels.BrowserPanelView{2678806 V.E...... ......I. 0,0-1440,2040} during layout: running second layout pass
06-04 11:06:08.405 24156 24156 W View    : requestLayout() improperly called by helium314.keyboard.latin.panels.BrowserPanelView{2678806 V.E...... ........ 0,0-1440,2040} during second layout pass: posting in next frame
06-04 11:06:08.417 24156 24156 W View    : requestLayout() improperly called by helium314.keyboard.latin.panels.BrowserPanelView{2678806 V.E...... ......I. 0,0-1440,2040} during layout: running second layout pass
06-04 11:06:08.421 24156 24156 W View    : requestLayout() improperly called by helium314.keyboard.latin.panels.BrowserPanelView{2678806 V.E...... ........ 0,0-1440,2040} during second layout pass: posting in next frame
06-04 11:06:08.434 24156 24156 W View    : requestLayout() improperly called by helium314.keyboard.latin.panels.BrowserPanelView{2678806 V.E...... ......I. 0,0-1440,2040} during layout: running second layout pass
06-04 11:06:08.437 24156 24156 W View    : requestLayout() improperly called by helium314.keyboard.latin.panels.BrowserPanelView{2678806 V.E...... ........ 0,0-1440,2040} during second layout pass: posting in next frame
06-04 11:06:08.451 24156 24156 W View    : requestLayout() improperly called by helium314.keyboard.latin.panels.BrowserPanelView{2678806 V.E...... ......I. 0,0-1440,2040} during layout: running second layout pass
06-04 11:06:08.455 24156 24156 W View    : requestLayout() improperly called by helium314.keyboard.latin.panels.BrowserPanelView{2678806 V.E...... ........ 0,0-1440,2040} during second layout pass: posting in next frame
06-04 11:06:08.468 24156 24156 W View    : requestLayout() improperly called by helium314.keyboard.latin.panels.BrowserPanelView{2678806 V.E...... ......I. 0,0-1440,2040} during layout: running second layout pass
06-04 11:06:08.474 24156 24156 W View    : requestLayout() improperly called by helium314.keyboard.latin.panels.BrowserPanelView{2678806 V.E...... ........ 0,0-1440,2040} during second layout pass: posting in next frame
06-04 11:06:08.485 24156 24156 W View    : requestLayout() improperly called by helium314.keyboard.latin.panels.BrowserPanelView{2678806 V.E...... ......ID 0,0-1440,2040} during layout: running second layout pass
06-04 11:06:08.490 24156 24156 W View    : requestLayout() improperly called by helium314.keyboard.latin.panels.BrowserPanelView{2678806 V.E...... ........ 0,0-1440,2040} during second layout pass: posting in next frame
06-04 11:06:08.504 24156 24156 W View    : requestLayout() improperly called by helium314.keyboard.latin.panels.BrowserPanelView{2678806 V.E...... ......I. 0,0-1440,2040} during layout: running second layout pass
06-04 11:06:08.517 24156 24156 W View    : requestLayout() improperly called by helium314.keyboard.latin.panels.BrowserPanelView{2678806 V.E...... ........ 0,0-1440,2040} during second layout pass: posting in next frame
06-04 11:06:08.519 24156 24156 W View    : requestLayout() improperly called by helium314.keyboard.latin.panels.BrowserPanelView{2678806 V.E...... ......I. 0,0-1440,2040} during layout: running second layout pass
06-04 11:06:08.523 24156 24156 W View    : requestLayout() improperly called by helium314.keyboard.latin.panels.BrowserPanelView{2678806 V.E...... ........ 0,0-1440,2040} during second layout pass: posting in next frame
06-04 11:06:08.534 24156 24156 W View    : requestLayout() improperly called by helium314.keyboard.latin.panels.BrowserPanelView{2678806 V.E...... ......I. 0,0-1440,2040} during layout: running second layout pass
06-04 11:06:08.538 24156 24156 W View    : requestLayout() improperly called by helium314.keyboard.latin.panels.BrowserPanelView{2678806 V.E...... ........ 0,0-1440,2040} during second layout pass: posting in next frame
06-04 11:06:08.551 24156 24156 W View    : requestLayout() improperly called by helium314.keyboard.latin.panels.BrowserPanelView{2678806 V.E...... ......I. 0,0-1440,2040} during layout: running second layout pass
06-04 11:06:08.555 24156 24156 W View    : requestLayout() improperly called by helium314.keyboard.latin.panels.BrowserPanelView{2678806 V.E...... ........ 0,0-1440,2040} during second layout pass: posting in next frame
06-04 11:06:08.568 24156 24156 W View    : requestLayout() improperly called by helium314.keyboard.latin.panels.BrowserPanelView{2678806 V.E...... ......I. 0,0-1440,2040} during layout: running second layout pass
06-04 11:06:08.572 24156 24156 W View    : requestLayout() improperly called by helium314.keyboard.latin.panels.BrowserPanelView{2678806 V.E...... ........ 0,0-1440,2040} during second layout pass: posting in next frame
06-04 11:06:08.584 24156 24156 W View    : requestLayout() improperly called by helium314.keyboard.latin.panels.BrowserPanelView{2678806 V.E...... ......I. 0,0-1440,2040} during layout: running second layout pass
06-04 11:06:08.587 24156 24156 W View    : requestLayout() improperly called by helium314.keyboard.latin.panels.BrowserPanelView{2678806 V.E...... ........ 0,0-1440,2040} during second layout pass: posting in next frame
06-04 11:06:08.600 24156 24156 W View    : requestLayout() improperly called by helium314.keyboard.latin.panels.BrowserPanelView{2678806 V.E...... ......I. 0,0-1440,2040} during layout: running second layout pass
06-04 11:06:08.604 24156 24156 W View    : requestLayout() improperly called by helium314.keyboard.latin.panels.BrowserPanelView{2678806 V.E...... ........ 0,0-1440,2040} during second layout pass: posting in next frame
06-04 11:06:08.618 24156 24156 W View    : requestLayout() improperly called by helium314.keyboard.latin.panels.BrowserPanelView{2678806 V.E...... ......I. 0,0-1440,2040} during layout: running second layout pass
06-04 11:06:08.622 24156 24156 W View    : requestLayout() improperly called by helium314.keyboard.latin.panels.BrowserPanelView{2678806 V.E...... ........ 0,0-1440,2040} during second layout pass: posting in next frame
06-04 11:06:08.634 24156 24156 W View    : requestLayout() improperly called by helium314.keyboard.latin.panels.BrowserPanelView{2678806 V.E...... ......I. 0,0-1440,2040} during layout: running second layout pass
06-04 11:06:08.638 24156 24156 W View    : requestLayout() improperly called by helium314.keyboard.latin.panels.BrowserPanelView{2678806 V.E...... ........ 0,0-1440,2040} during second layout pass: posting in next frame
06-04 11:06:08.652 24156 24156 W View    : requestLayout() improperly called by helium314.keyboard.latin.panels.BrowserPanelView{2678806 V.E...... ......I. 0,0-1440,2040} during layout: running second layout pass
06-04 11:06:08.657 24156 24156 W View    : requestLayout() improperly called by helium314.keyboard.latin.panels.BrowserPanelView{2678806 V.E...... ........ 0,0-1440,2040} during second layout pass: posting in next frame
06-04 11:06:08.668 24156 24156 W View    : requestLayout() improperly called by helium314.keyboard.latin.panels.BrowserPanelView{2678806 V.E...... ......I. 0,0-1440,2040} during layout: running second layout pass
06-04 11:06:08.682 24156 24156 W View    : requestLayout() improperly called by helium314.keyboard.latin.panels.BrowserPanelView{2678806 V.E...... ........ 0,0-1440,2040} during second layout pass: posting in next frame
06-04 11:06:08.684 24156 24156 W View    : requestLayout() improperly called by helium314.keyboard.latin.panels.BrowserPanelView{2678806 V.E...... ......I. 0,0-1440,2040} during layout: running second layout pass
06-04 11:06:08.688 24156 24156 W View    : requestLayout() improperly called by helium314.keyboard.latin.panels.BrowserPanelView{2678806 V.E...... ........ 0,0-1440,2040} during second layout pass: posting in next frame
06-04 11:06:08.702 24156 24156 W View    : requestLayout() improperly called by helium314.keyboard.latin.panels.BrowserPanelView{2678806 V.E...... ......I. 0,0-1440,2040} during layout: running second layout pass
06-04 11:06:08.709 24156 24156 W View    : requestLayout() improperly called by helium314.keyboard.latin.panels.BrowserPanelView{2678806 V.E...... ........ 0,0-1440,2040} during second layout pass: posting in next frame
06-04 11:06:08.719 24156 24156 W View    : requestLayout() improperly called by helium314.keyboard.latin.panels.BrowserPanelView{2678806 V.E...... ......I. 0,0-1440,2040} during layout: running second layout pass
06-04 11:06:08.732 24156 24156 W View    : requestLayout() improperly called by helium314.keyboard.latin.panels.BrowserPanelView{2678806 V.E...... ........ 0,0-1440,2040} during second layout pass: posting in next frame
06-04 11:06:08.735 24156 24156 W View    : requestLayout() improperly called by helium314.keyboard.latin.panels.BrowserPanelView{2678806 V.E...... ......I. 0,0-1440,2040} during layout: running second layout pass
06-04 11:06:08.740 24156 24156 W View    : requestLayout() improperly called by helium314.keyboard.latin.panels.BrowserPanelView{2678806 V.E...... ........ 0,0-1440,2040} during second layout pass: posting in next frame
06-04 11:06:08.744 24600 24600 E .keyboard:tab2: Unknown bits set in runtime_flags: 0x40000000
06-04 11:06:08.746 24480 24497 W Isolated Web Content: [JavaScript Warning: "WEBGL_debug_renderer_info is deprecated in Firefox and will be removed. Please use RENDERER." {file: "https://html-load.cc/script/d3d3LmRydWRnZXJlcG9ydC5jb20.js" line: 2}]
06-04 11:06:08.752 24156 24156 W View    : requestLayout() improperly called by helium314.keyboard.latin.panels.BrowserPanelView{2678806 V.E...... ......I. 0,0-1440,2040} during layout: running second layout pass
06-04 11:06:08.759 24156 24156 W View    : requestLayout() improperly called by helium314.keyboard.latin.panels.BrowserPanelView{2678806 V.E...... ........ 0,0-1440,2040} during second layout pass: posting in next frame
06-04 11:06:08.768 24156 24156 W View    : requestLayout() improperly called by helium314.keyboard.latin.panels.BrowserPanelView{2678806 V.E...... ......I. 0,0-1440,2040} during layout: running second layout pass
06-04 11:06:08.779 24156 24156 W View    : requestLayout() improperly called by helium314.keyboard.latin.panels.BrowserPanelView{2678806 V.E...... ........ 0,0-1440,2040} during second layout pass: posting in next frame
06-04 11:06:08.787 24156 24156 W View    : requestLayout() improperly called by helium314.keyboard.latin.panels.BrowserPanelView{2678806 V.E...... ......I. 0,0-1440,2040} during layout: running second layout pass
06-04 11:06:08.793 24156 24156 W View    : requestLayout() improperly called by helium314.keyboard.latin.panels.BrowserPanelView{2678806 V.E...... ........ 0,0-1440,2040} during second layout pass: posting in next frame
06-04 11:06:08.801 24156 24156 W View    : requestLayout() improperly called by helium314.keyboard.latin.panels.BrowserPanelView{2678806 V.E...... ......I. 0,0-1440,2040} during layout: running second layout pass
06-04 11:06:08.812 24156 24156 W View    : requestLayout() improperly called by helium314.keyboard.latin.panels.BrowserPanelView{2678806 V.E...... ........ 0,0-1440,2040} during second layout pass: posting in next frame
06-04 11:06:08.818 24156 24156 W View    : requestLayout() improperly called by helium314.keyboard.latin.panels.BrowserPanelView{2678806 V.E...... ......I. 0,0-1440,2040} during layout: running second layout pass
06-04 11:06:08.836 24600 24620 E GeckoLibLoad: Load sqlite start
06-04 11:06:08.836 24156 24156 W View    : requestLayout() improperly called by helium314.keyboard.latin.panels.BrowserPanelView{2678806 V.E...... .......D 0,0-1440,2040} during second layout pass: posting in next frame
06-04 11:06:08.837 24600 24620 E GeckoLibLoad: Load sqlite done
06-04 11:06:08.837 24600 24620 E GeckoLibLoad: Load nss start
06-04 11:06:08.837 24600 24620 E GeckoLibLoad: Load nss done
