--------- beginning of system
05-31 12:49:46.999 16797  3539 E ActivityThread: Failed to find provider info for com.oplus.statistics.provider
05-31 12:49:46.999 16797  3539 E OplusStatistics--: IllegalArgumentException:java.lang.IllegalArgumentException: Unknown URL content://com.oplus.statistics.provider/track_event
05-31 12:52:04.394 16797  3539 E ActivityThread: Failed to find provider info for com.oplus.statistics.provider
05-31 12:52:04.394 16797  3539 E OplusStatistics--: IllegalArgumentException:java.lang.IllegalArgumentException: Unknown URL content://com.oplus.statistics.provider/track_event
05-31 12:56:51.671 16797  3539 E ActivityThread: Failed to find provider info for com.oplus.statistics.provider
05-31 12:56:51.671 16797  3539 E OplusStatistics--: IllegalArgumentException:java.lang.IllegalArgumentException: Unknown URL content://com.oplus.statistics.provider/track_event
05-31 12:58:11.686 16797  3539 E ActivityThread: Failed to find provider info for com.oplus.statistics.provider
05-31 12:58:11.686 16797  3539 E OplusStatistics--: IllegalArgumentException:java.lang.IllegalArgumentException: Unknown URL content://com.oplus.statistics.provider/track_event
05-31 12:58:27.933 16797  3539 E ActivityThread: Failed to find provider info for com.oplus.statistics.provider
05-31 12:58:27.934 16797  3539 E OplusStatistics--: IllegalArgumentException:java.lang.IllegalArgumentException: Unknown URL content://com.oplus.statistics.provider/track_event
05-31 12:59:57.198 16797  3539 E ActivityThread: Failed to find provider info for com.oplus.statistics.provider
05-31 12:59:57.198 16797  3539 E OplusStatistics--: IllegalArgumentException:java.lang.IllegalArgumentException: Unknown URL content://com.oplus.statistics.provider/track_event
05-31 13:01:12.570 16797  3539 E ActivityThread: Failed to find provider info for com.oplus.statistics.provider
05-31 13:01:12.570 16797  3539 E OplusStatistics--: IllegalArgumentException:java.lang.IllegalArgumentException: Unknown URL content://com.oplus.statistics.provider/track_event
--------- beginning of main
05-31 13:01:40.446 16797 11081 E OplusACodec: [GetVideoCodingTypeFromMime:L1162] mime:video/x-vnd.on2.vp9
05-31 13:01:40.536 16797 10997 W libc    : Access denied finding property "vendor.oplus.media.vpp.stutter"
05-31 13:01:40.649 16797 16921 W libc    : Access denied finding property "vendor.oplus.media.vpp.stutter"
05-31 13:01:40.649 16797 16921 E MULTIMEDIAConfig: [getInt32:L80] Not find config, Returning default
05-31 13:01:40.649 16797 16921 E MULTIMEDIAConfig: [getInt32:L80] Not find config, Returning default
05-31 13:01:40.649 16797 16921 E OplusACodec: [OplusACodec:204] mSrOsieMMListCheckResult:0x0 mOsieVersion:1
05-31 13:01:40.667 16797 11094 E OplusACodec: [GetVideoCodingTypeFromMime:L1162] mime:video/x-vnd.on2.vp9
05-31 13:01:40.764 16797 16921 W libc    : Access denied finding property "vendor.oplus.media.vpp.stutter"
05-31 13:01:40.770 16797 16921 E ListServiceUtils: checkInListByUid module:HQV-effect uid:13849 cost 5000us return 0
05-31 13:01:40.770 16797 16921 E MULTIMEDIAConfig: [getInt32:L80] Not find config, Returning default
05-31 13:01:40.770 16797 16921 E MULTIMEDIAConfig: [getInt32:L80] Not find config, Returning default
05-31 13:01:40.770 16797 16921 E OplusACodec: [OplusACodec:204] mSrOsieMMListCheckResult:0x0 mOsieVersion:1
05-31 13:01:40.783 16797 11100 E OplusACodec: [GetVideoCodingTypeFromMime:L1162] mime:video/x-vnd.on2.vp9
05-31 13:01:41.480 16797 11081 W libc    : Access denied finding property "vendor.oplus.media.vpp.stutter"
05-31 13:01:41.536 16797 10997 W libc    : Access denied finding property "vendor.oplus.media.vpp.stutter"
05-31 13:01:41.688 16797 16797 E Ads     : JS: Refused to get unsafe header "X-Afma-Gcache-IsGcacheHit" (https://www.gstatic.com/mysidia/38641a442446c53632a4e2bb29a65ad0.js?tag=addon/rewarded_video:434)
05-31 13:01:41.764 16797 11094 W libc    : Access denied finding property "vendor.oplus.media.vpp.stutter"
05-31 13:01:41.995 16797 11100 W libc    : Access denied finding property "vendor.oplus.media.vpp.stutter"
05-31 13:01:42.480 16797 11081 W libc    : Access denied finding property "vendor.oplus.media.vpp.stutter"
05-31 13:01:42.536 16797 10997 W libc    : Access denied finding property "vendor.oplus.media.vpp.stutter"
05-31 13:01:42.765 16797 11094 W libc    : Access denied finding property "vendor.oplus.media.vpp.stutter"
05-31 13:01:42.995 16797 11100 W libc    : Access denied finding property "vendor.oplus.media.vpp.stutter"
05-31 13:01:43.322 16797 16797 E Ads     : JS: Refused to get unsafe header "X-Afma-Gcache-IsGcacheHit" (https://www.gstatic.com/mysidia/38641a442446c53632a4e2bb29a65ad0.js?tag=addon/rewarded_video:434)
05-31 13:01:43.481 16797 11081 W libc    : Access denied finding property "vendor.oplus.media.vpp.stutter"
05-31 13:01:43.537 16797 10997 W libc    : Access denied finding property "vendor.oplus.media.vpp.stutter"
05-31 13:01:43.766 16797 11094 W libc    : Access denied finding property "vendor.oplus.media.vpp.stutter"
05-31 13:01:43.996 16797 11100 W libc    : Access denied finding property "vendor.oplus.media.vpp.stutter"
05-31 13:01:44.481 16797 11081 W libc    : Access denied finding property "vendor.oplus.media.vpp.stutter"
05-31 13:01:44.537 16797 10997 W libc    : Access denied finding property "vendor.oplus.media.vpp.stutter"
05-31 13:01:44.766 16797 11094 W libc    : Access denied finding property "vendor.oplus.media.vpp.stutter"
05-31 13:01:44.996 16797 11100 W libc    : Access denied finding property "vendor.oplus.media.vpp.stutter"
05-31 13:01:45.340 16797 16893 E BLASTBufferQueue: BLASTBufferItemConsumer::onDisconnect()
05-31 13:01:45.385 16797 16920 W ServiceBindIntentUtils: Dynamic lookup for intent failed for action: com.google.android.gms.ads.service.CACHE
05-31 13:01:45.460 16797 16797 E Ads     : JS: Refused to get unsafe header "X-Afma-Gcache-IsGcacheHit" (https://www.gstatic.com/mysidia/38641a442446c53632a4e2bb29a65ad0.js?tag=addon/rewarded_video:434)
05-31 13:01:45.482 16797 11081 W libc    : Access denied finding property "vendor.oplus.media.vpp.stutter"
05-31 13:01:45.538 16797 10997 W libc    : Access denied finding property "vendor.oplus.media.vpp.stutter"
05-31 13:01:45.767 16797 11094 W libc    : Access denied finding property "vendor.oplus.media.vpp.stutter"
05-31 13:01:45.997 16797 11100 W libc    : Access denied finding property "vendor.oplus.media.vpp.stutter"
05-31 13:01:46.482 16797 11081 W libc    : Access denied finding property "vendor.oplus.media.vpp.stutter"
05-31 13:01:46.539 16797 10997 W libc    : Access denied finding property "vendor.oplus.media.vpp.stutter"
05-31 13:01:46.768 16797 11094 W libc    : Access denied finding property "vendor.oplus.media.vpp.stutter"
05-31 13:01:46.997 16797 11100 W libc    : Access denied finding property "vendor.oplus.media.vpp.stutter"
05-31 13:01:47.222 16797 16920 W ServiceBindIntentUtils: Dynamic lookup for intent failed for action: com.google.android.gms.ads.service.CACHE
05-31 13:01:47.299 16797 16797 E Ads     : JS: Refused to get unsafe header "X-Afma-Gcache-IsGcacheHit" (https://www.gstatic.com/mysidia/38641a442446c53632a4e2bb29a65ad0.js?tag=addon/rewarded_video:434)
05-31 13:01:47.483 16797 11081 W libc    : Access denied finding property "vendor.oplus.media.vpp.stutter"
05-31 13:01:47.539 16797 10997 W libc    : Access denied finding property "vendor.oplus.media.vpp.stutter"
05-31 13:01:47.770 16797 11094 W libc    : Access denied finding property "vendor.oplus.media.vpp.stutter"
05-31 13:01:47.999 16797 11100 W libc    : Access denied finding property "vendor.oplus.media.vpp.stutter"
05-31 13:01:48.483 16797 11081 W libc    : Access denied finding property "vendor.oplus.media.vpp.stutter"
05-31 13:01:48.540 16797 10997 W libc    : Access denied finding property "vendor.oplus.media.vpp.stutter"
05-31 13:01:48.771 16797 11094 W libc    : Access denied finding property "vendor.oplus.media.vpp.stutter"
05-31 13:01:48.999 16797 11100 W libc    : Access denied finding property "vendor.oplus.media.vpp.stutter"
05-31 13:01:49.350 16797 16920 W ServiceBindIntentUtils: Dynamic lookup for intent failed for action: com.google.android.gms.ads.service.CACHE
05-31 13:01:49.436 16797 16797 E Ads     : JS: Refused to get unsafe header "X-Afma-Gcache-IsGcacheHit" (https://www.gstatic.com/mysidia/38641a442446c53632a4e2bb29a65ad0.js?tag=addon/rewarded_video:434)
05-31 13:01:49.484 16797 11081 W libc    : Access denied finding property "vendor.oplus.media.vpp.stutter"
05-31 13:01:49.541 16797 10997 W libc    : Access denied finding property "vendor.oplus.media.vpp.stutter"
05-31 13:01:49.771 16797 11094 W libc    : Access denied finding property "vendor.oplus.media.vpp.stutter"
05-31 13:01:50.000 16797 11100 W libc    : Access denied finding property "vendor.oplus.media.vpp.stutter"
05-31 13:01:50.214 16797  3539 E ActivityThread: Failed to find provider info for com.oplus.statistics.provider
05-31 13:01:50.214 16797  3539 E OplusStatistics--: IllegalArgumentException:java.lang.IllegalArgumentException: Unknown URL content://com.oplus.statistics.provider/track_event
05-31 13:01:50.484 16797 11081 W libc    : Access denied finding property "vendor.oplus.media.vpp.stutter"
05-31 13:01:50.542 16797 10997 W libc    : Access denied finding property "vendor.oplus.media.vpp.stutter"
05-31 13:01:50.772 16797 11094 W libc    : Access denied finding property "vendor.oplus.media.vpp.stutter"
05-31 13:01:51.001 16797 11100 W libc    : Access denied finding property "vendor.oplus.media.vpp.stutter"
05-31 13:01:51.485 16797 11081 W libc    : Access denied finding property "vendor.oplus.media.vpp.stutter"
05-31 13:01:51.486 16797 16920 W ServiceBindIntentUtils: Dynamic lookup for intent failed for action: com.google.android.gms.ads.service.CACHE
05-31 13:01:51.543 16797 10997 W libc    : Access denied finding property "vendor.oplus.media.vpp.stutter"
05-31 13:01:51.571 16797 16797 E Ads     : JS: Refused to get unsafe header "X-Afma-Gcache-IsGcacheHit" (https://www.gstatic.com/mysidia/38641a442446c53632a4e2bb29a65ad0.js?tag=addon/rewarded_video:434)
05-31 13:01:51.773 16797 11094 W libc    : Access denied finding property "vendor.oplus.media.vpp.stutter"
05-31 13:01:52.001 16797 11100 W libc    : Access denied finding property "vendor.oplus.media.vpp.stutter"
05-31 13:01:52.486 16797 11081 W libc    : Access denied finding property "vendor.oplus.media.vpp.stutter"
05-31 13:01:52.543 16797 10997 W libc    : Access denied finding property "vendor.oplus.media.vpp.stutter"
05-31 13:01:52.773 16797 11094 W libc    : Access denied finding property "vendor.oplus.media.vpp.stutter"
05-31 13:01:53.002 16797 11100 W libc    : Access denied finding property "vendor.oplus.media.vpp.stutter"
05-31 13:01:53.332 16797 16920 W ServiceBindIntentUtils: Dynamic lookup for intent failed for action: com.google.android.gms.ads.service.CACHE
05-31 13:01:53.424 16797 16797 E Ads     : JS: Refused to get unsafe header "X-Afma-Gcache-IsGcacheHit" (https://www.gstatic.com/mysidia/38641a442446c53632a4e2bb29a65ad0.js?tag=addon/rewarded_video:434)
05-31 13:01:53.487 16797 11081 W libc    : Access denied finding property "vendor.oplus.media.vpp.stutter"
05-31 13:01:53.545 16797 10997 W libc    : Access denied finding property "vendor.oplus.media.vpp.stutter"
05-31 13:01:53.774 16797 11094 W libc    : Access denied finding property "vendor.oplus.media.vpp.stutter"
05-31 13:01:54.003 16797 11100 W libc    : Access denied finding property "vendor.oplus.media.vpp.stutter"
05-31 13:01:54.488 16797 11081 W libc    : Access denied finding property "vendor.oplus.media.vpp.stutter"
05-31 13:01:54.545 16797 10997 W libc    : Access denied finding property "vendor.oplus.media.vpp.stutter"
05-31 13:01:54.775 16797 11094 W libc    : Access denied finding property "vendor.oplus.media.vpp.stutter"
05-31 13:01:55.003 16797 11100 W libc    : Access denied finding property "vendor.oplus.media.vpp.stutter"
05-31 13:01:55.460 16797 16920 W ServiceBindIntentUtils: Dynamic lookup for intent failed for action: com.google.android.gms.ads.service.CACHE
05-31 13:01:55.488 16797 11081 W libc    : Access denied finding property "vendor.oplus.media.vpp.stutter"
05-31 13:01:55.546 16797 10997 W libc    : Access denied finding property "vendor.oplus.media.vpp.stutter"
05-31 13:01:55.573 16797 16797 E Ads     : JS: Refused to get unsafe header "X-Afma-Gcache-IsGcacheHit" (https://www.gstatic.com/mysidia/38641a442446c53632a4e2bb29a65ad0.js?tag=addon/rewarded_video:434)
05-31 13:01:55.775 16797 11094 W libc    : Access denied finding property "vendor.oplus.media.vpp.stutter"
05-31 13:01:56.004 16797 11100 W libc    : Access denied finding property "vendor.oplus.media.vpp.stutter"
05-31 13:01:56.038 16797 16920 W cr_MediaCodecBridge: Releasing: OMX.qcom.video.decoder.vp9
05-31 13:01:56.041 16797 11093 E ExtensionsLoader: freeAllBuffers: 13 buffers were freed while being dequeued!
05-31 13:01:56.042 16797 16920 W cr_MediaCodecBridge: Codec released
05-31 13:01:56.042 16797 16920 W cr_MediaCodecBridge: Releasing: OMX.qcom.video.decoder.vp9
05-31 13:01:56.044 16797 11099 E ExtensionsLoader: freeAllBuffers: 13 buffers were freed while being dequeued!
05-31 13:01:56.045 16797 16920 W cr_MediaCodecBridge: Codec released
05-31 13:01:56.491 16797 11081 W libc    : Access denied finding property "vendor.oplus.media.vpp.stutter"
05-31 13:01:56.546 16797 10997 W libc    : Access denied finding property "vendor.oplus.media.vpp.stutter"
05-31 13:01:57.063 16797 16920 W ServiceBindIntentUtils: Dynamic lookup for intent failed for action: com.google.android.gms.ads.service.CACHE
05-31 13:01:57.209 16797 16797 E Ads     : JS: Refused to get unsafe header "X-Afma-Gcache-IsGcacheHit" (https://www.gstatic.com/mysidia/38641a442446c53632a4e2bb29a65ad0.js?tag=addon/rewarded_video:434)
05-31 13:01:57.491 16797 11081 W libc    : Access denied finding property "vendor.oplus.media.vpp.stutter"
05-31 13:01:57.547 16797 10997 W libc    : Access denied finding property "vendor.oplus.media.vpp.stutter"
05-31 13:01:58.492 16797 11081 W libc    : Access denied finding property "vendor.oplus.media.vpp.stutter"
05-31 13:01:58.548 16797 10997 W libc    : Access denied finding property "vendor.oplus.media.vpp.stutter"
05-31 13:01:59.493 16797 11081 W libc    : Access denied finding property "vendor.oplus.media.vpp.stutter"
05-31 13:01:59.548 16797 10997 W libc    : Access denied finding property "vendor.oplus.media.vpp.stutter"
05-31 13:01:59.718 16797 16920 W ServiceBindIntentUtils: Dynamic lookup for intent failed for action: com.google.android.gms.ads.service.CACHE
05-31 13:01:59.899 16797 16797 E Ads     : JS: Refused to get unsafe header "X-Afma-Gcache-IsGcacheHit" (https://www.gstatic.com/mysidia/38641a442446c53632a4e2bb29a65ad0.js?tag=addon/rewarded_video:434)
05-31 13:02:00.493 16797 11081 W libc    : Access denied finding property "vendor.oplus.media.vpp.stutter"
05-31 13:02:00.549 16797 10997 W libc    : Access denied finding property "vendor.oplus.media.vpp.stutter"
05-31 13:02:01.308 16797 16920 W ServiceBindIntentUtils: Dynamic lookup for intent failed for action: com.google.android.gms.ads.service.CACHE
05-31 13:02:01.461 16797 16797 E Ads     : JS: Refused to get unsafe header "X-Afma-Gcache-IsGcacheHit" (https://www.gstatic.com/mysidia/38641a442446c53632a4e2bb29a65ad0.js?tag=addon/rewarded_video:434)
05-31 13:02:01.495 16797 11081 W libc    : Access denied finding property "vendor.oplus.media.vpp.stutter"
05-31 13:02:01.549 16797 10997 W libc    : Access denied finding property "vendor.oplus.media.vpp.stutter"
05-31 13:02:02.496 16797 11081 W libc    : Access denied finding property "vendor.oplus.media.vpp.stutter"
05-31 13:02:02.550 16797 10997 W libc    : Access denied finding property "vendor.oplus.media.vpp.stutter"
05-31 13:02:03.496 16797 11081 W libc    : Access denied finding property "vendor.oplus.media.vpp.stutter"
05-31 13:02:03.551 16797 10997 W libc    : Access denied finding property "vendor.oplus.media.vpp.stutter"
05-31 13:02:04.497 16797 11081 W libc    : Access denied finding property "vendor.oplus.media.vpp.stutter"
05-31 13:02:04.552 16797 10997 W libc    : Access denied finding property "vendor.oplus.media.vpp.stutter"
05-31 13:02:05.498 16797 11081 W libc    : Access denied finding property "vendor.oplus.media.vpp.stutter"
05-31 13:02:05.552 16797 10997 W libc    : Access denied finding property "vendor.oplus.media.vpp.stutter"
05-31 13:02:06.499 16797 11081 W libc    : Access denied finding property "vendor.oplus.media.vpp.stutter"
05-31 13:02:06.553 16797 10997 W libc    : Access denied finding property "vendor.oplus.media.vpp.stutter"
05-31 13:02:07.500 16797 11081 W libc    : Access denied finding property "vendor.oplus.media.vpp.stutter"
05-31 13:02:07.554 16797 10997 W libc    : Access denied finding property "vendor.oplus.media.vpp.stutter"
05-31 13:02:08.500 16797 11081 W libc    : Access denied finding property "vendor.oplus.media.vpp.stutter"
05-31 13:02:08.555 16797 10997 W libc    : Access denied finding property "vendor.oplus.media.vpp.stutter"
05-31 13:02:09.501 16797 11081 W libc    : Access denied finding property "vendor.oplus.media.vpp.stutter"
05-31 13:02:09.555 16797 10997 W libc    : Access denied finding property "vendor.oplus.media.vpp.stutter"
05-31 13:02:10.503 16797 11081 W libc    : Access denied finding property "vendor.oplus.media.vpp.stutter"
05-31 13:02:10.556 16797 10997 W libc    : Access denied finding property "vendor.oplus.media.vpp.stutter"
05-31 13:02:11.505 16797 11081 W libc    : Access denied finding property "vendor.oplus.media.vpp.stutter"
05-31 13:02:11.557 16797 10997 W libc    : Access denied finding property "vendor.oplus.media.vpp.stutter"
05-31 13:02:11.903 16797 16920 W libc    : Access denied finding property "vendor.oplus.media.vpp.stutter"
05-31 13:02:11.903 16797 16920 E MULTIMEDIAConfig: [getInt32:L80] Not find config, Returning default
05-31 13:02:11.903 16797 16920 E MULTIMEDIAConfig: [getInt32:L80] Not find config, Returning default
05-31 13:02:11.903 16797 16920 E OplusACodec: [OplusACodec:204] mSrOsieMMListCheckResult:0x0 mOsieVersion:1
05-31 13:02:11.914 16797 11154 E OplusACodec: [GetVideoCodingTypeFromMime:L1162] mime:video/x-vnd.on2.vp9
05-31 13:02:12.506 16797 11081 W libc    : Access denied finding property "vendor.oplus.media.vpp.stutter"
05-31 13:02:12.558 16797 10997 W libc    : Access denied finding property "vendor.oplus.media.vpp.stutter"
05-31 13:02:12.945 16797 11154 W libc    : Access denied finding property "vendor.oplus.media.vpp.stutter"
05-31 13:02:13.507 16797 11081 W libc    : Access denied finding property "vendor.oplus.media.vpp.stutter"
05-31 13:02:13.558 16797 10997 W libc    : Access denied finding property "vendor.oplus.media.vpp.stutter"
05-31 13:02:13.947 16797 11154 W libc    : Access denied finding property "vendor.oplus.media.vpp.stutter"
05-31 13:02:14.507 16797 11081 W libc    : Access denied finding property "vendor.oplus.media.vpp.stutter"
05-31 13:02:14.559 16797 10997 W libc    : Access denied finding property "vendor.oplus.media.vpp.stutter"
05-31 13:02:14.948 16797 11154 W libc    : Access denied finding property "vendor.oplus.media.vpp.stutter"
05-31 13:02:15.508 16797 11081 W libc    : Access denied finding property "vendor.oplus.media.vpp.stutter"
05-31 13:02:15.559 16797 10997 W libc    : Access denied finding property "vendor.oplus.media.vpp.stutter"
05-31 13:02:15.949 16797 11154 W libc    : Access denied finding property "vendor.oplus.media.vpp.stutter"
05-31 13:02:16.510 16797 11081 W libc    : Access denied finding property "vendor.oplus.media.vpp.stutter"
05-31 13:02:16.560 16797 10997 W libc    : Access denied finding property "vendor.oplus.media.vpp.stutter"
05-31 13:02:16.952 16797 11154 W libc    : Access denied finding property "vendor.oplus.media.vpp.stutter"
05-31 13:02:17.511 16797 11081 W libc    : Access denied finding property "vendor.oplus.media.vpp.stutter"
05-31 13:02:17.561 16797 10997 W libc    : Access denied finding property "vendor.oplus.media.vpp.stutter"
05-31 13:02:17.952 16797 11154 W libc    : Access denied finding property "vendor.oplus.media.vpp.stutter"
05-31 13:02:18.512 16797 11081 W libc    : Access denied finding property "vendor.oplus.media.vpp.stutter"
05-31 13:02:18.562 16797 10997 W libc    : Access denied finding property "vendor.oplus.media.vpp.stutter"
05-31 13:02:18.953 16797 11154 W libc    : Access denied finding property "vendor.oplus.media.vpp.stutter"
05-31 13:02:19.513 16797 11081 W libc    : Access denied finding property "vendor.oplus.media.vpp.stutter"
05-31 13:02:19.563 16797 10997 W libc    : Access denied finding property "vendor.oplus.media.vpp.stutter"
05-31 13:02:19.953 16797 11154 W libc    : Access denied finding property "vendor.oplus.media.vpp.stutter"
05-31 13:02:20.514 16797 11081 W libc    : Access denied finding property "vendor.oplus.media.vpp.stutter"
05-31 13:02:20.563 16797 10997 W libc    : Access denied finding property "vendor.oplus.media.vpp.stutter"
05-31 13:02:20.955 16797 11154 W libc    : Access denied finding property "vendor.oplus.media.vpp.stutter"
05-31 13:02:21.515 16797 11081 W libc    : Access denied finding property "vendor.oplus.media.vpp.stutter"
05-31 13:02:21.564 16797 10997 W libc    : Access denied finding property "vendor.oplus.media.vpp.stutter"
05-31 13:02:21.956 16797 11154 W libc    : Access denied finding property "vendor.oplus.media.vpp.stutter"
05-31 13:02:22.515 16797 11081 W libc    : Access denied finding property "vendor.oplus.media.vpp.stutter"
05-31 13:02:22.565 16797 10997 W libc    : Access denied finding property "vendor.oplus.media.vpp.stutter"
05-31 13:02:22.957 16797 11154 W libc    : Access denied finding property "vendor.oplus.media.vpp.stutter"
05-31 13:02:23.413 16797 16920 W libc    : Access denied finding property "vendor.oplus.media.vpp.stutter"
05-31 13:02:23.414 16797 16920 E MULTIMEDIAConfig: [getInt32:L80] Not find config, Returning default
05-31 13:02:23.414 16797 16920 E MULTIMEDIAConfig: [getInt32:L80] Not find config, Returning default
05-31 13:02:23.414 16797 16920 E OplusACodec: [OplusACodec:204] mSrOsieMMListCheckResult:0x0 mOsieVersion:1
05-31 13:02:23.439 16797 11190 E OplusACodec: [GetVideoCodingTypeFromMime:L1162] mime:video/x-vnd.on2.vp9
05-31 13:02:23.516 16797 11081 W libc    : Access denied finding property "vendor.oplus.media.vpp.stutter"
05-31 13:02:23.565 16797 10997 W libc    : Access denied finding property "vendor.oplus.media.vpp.stutter"
05-31 13:02:23.958 16797 11154 W libc    : Access denied finding property "vendor.oplus.media.vpp.stutter"
05-31 13:02:24.474 16797 11190 W libc    : Access denied finding property "vendor.oplus.media.vpp.stutter"
05-31 13:02:24.516 16797 11081 W libc    : Access denied finding property "vendor.oplus.media.vpp.stutter"
05-31 13:02:24.566 16797 10997 W libc    : Access denied finding property "vendor.oplus.media.vpp.stutter"
05-31 13:02:24.959 16797 11154 W libc    : Access denied finding property "vendor.oplus.media.vpp.stutter"
05-31 13:02:25.475 16797 11190 W libc    : Access denied finding property "vendor.oplus.media.vpp.stutter"
05-31 13:02:25.517 16797 11081 W libc    : Access denied finding property "vendor.oplus.media.vpp.stutter"
05-31 13:02:25.567 16797 10997 W libc    : Access denied finding property "vendor.oplus.media.vpp.stutter"
05-31 13:02:25.959 16797 11154 W libc    : Access denied finding property "vendor.oplus.media.vpp.stutter"
05-31 13:02:26.476 16797 11190 W libc    : Access denied finding property "vendor.oplus.media.vpp.stutter"
05-31 13:02:26.518 16797 11081 W libc    : Access denied finding property "vendor.oplus.media.vpp.stutter"
05-31 13:02:26.567 16797 10997 W libc    : Access denied finding property "vendor.oplus.media.vpp.stutter"
05-31 13:02:26.960 16797 11154 W libc    : Access denied finding property "vendor.oplus.media.vpp.stutter"
05-31 13:02:27.477 16797 11190 W libc    : Access denied finding property "vendor.oplus.media.vpp.stutter"
05-31 13:02:27.518 16797 11081 W libc    : Access denied finding property "vendor.oplus.media.vpp.stutter"
05-31 13:02:27.568 16797 10997 W libc    : Access denied finding property "vendor.oplus.media.vpp.stutter"
05-31 13:02:27.965 16797 11154 W libc    : Access denied finding property "vendor.oplus.media.vpp.stutter"
05-31 13:02:28.408 16797 16920 W cr_MediaCodecBridge: Releasing: OMX.qcom.video.decoder.vp9
05-31 13:02:28.411 16797 11080 E ExtensionsLoader: freeAllBuffers: 8 buffers were freed while being dequeued!
05-31 13:02:28.415 16797 16920 W cr_MediaCodecBridge: Codec released
05-31 13:02:28.477 16797 11190 W libc    : Access denied finding property "vendor.oplus.media.vpp.stutter"
05-31 13:02:28.569 16797 10997 W libc    : Access denied finding property "vendor.oplus.media.vpp.stutter"
05-31 13:02:28.966 16797 11154 W libc    : Access denied finding property "vendor.oplus.media.vpp.stutter"
05-31 13:02:29.478 16797 11190 W libc    : Access denied finding property "vendor.oplus.media.vpp.stutter"
05-31 13:02:29.570 16797 10997 W libc    : Access denied finding property "vendor.oplus.media.vpp.stutter"
05-31 13:02:29.967 16797 11154 W libc    : Access denied finding property "vendor.oplus.media.vpp.stutter"
05-31 13:02:30.479 16797 11190 W libc    : Access denied finding property "vendor.oplus.media.vpp.stutter"
05-31 13:02:30.570 16797 10997 W libc    : Access denied finding property "vendor.oplus.media.vpp.stutter"
05-31 13:02:30.968 16797 11154 W libc    : Access denied finding property "vendor.oplus.media.vpp.stutter"
05-31 13:02:31.480 16797 11190 W libc    : Access denied finding property "vendor.oplus.media.vpp.stutter"
05-31 13:02:31.571 16797 10997 W libc    : Access denied finding property "vendor.oplus.media.vpp.stutter"
05-31 13:02:31.969 16797 11154 W libc    : Access denied finding property "vendor.oplus.media.vpp.stutter"
05-31 13:02:32.481 16797 11190 W libc    : Access denied finding property "vendor.oplus.media.vpp.stutter"
05-31 13:02:32.572 16797 10997 W libc    : Access denied finding property "vendor.oplus.media.vpp.stutter"
05-31 13:02:32.970 16797 11154 W libc    : Access denied finding property "vendor.oplus.media.vpp.stutter"
05-31 13:02:33.481 16797 11190 W libc    : Access denied finding property "vendor.oplus.media.vpp.stutter"
05-31 13:02:33.573 16797 10997 W libc    : Access denied finding property "vendor.oplus.media.vpp.stutter"
05-31 13:02:33.970 16797 11154 W libc    : Access denied finding property "vendor.oplus.media.vpp.stutter"
05-31 13:02:34.483 16797 11190 W libc    : Access denied finding property "vendor.oplus.media.vpp.stutter"
05-31 13:02:34.573 16797 10997 W libc    : Access denied finding property "vendor.oplus.media.vpp.stutter"
05-31 13:02:34.971 16797 11154 W libc    : Access denied finding property "vendor.oplus.media.vpp.stutter"
05-31 13:02:35.484 16797 11190 W libc    : Access denied finding property "vendor.oplus.media.vpp.stutter"
05-31 13:02:35.574 16797 10997 W libc    : Access denied finding property "vendor.oplus.media.vpp.stutter"
05-31 13:02:35.971 16797 11154 W libc    : Access denied finding property "vendor.oplus.media.vpp.stutter"
05-31 13:02:36.484 16797 11190 W libc    : Access denied finding property "vendor.oplus.media.vpp.stutter"
05-31 13:02:36.575 16797 10997 W libc    : Access denied finding property "vendor.oplus.media.vpp.stutter"
05-31 13:02:36.972 16797 11154 W libc    : Access denied finding property "vendor.oplus.media.vpp.stutter"
05-31 13:02:37.485 16797 11190 W libc    : Access denied finding property "vendor.oplus.media.vpp.stutter"
05-31 13:02:37.579 16797 10997 W libc    : Access denied finding property "vendor.oplus.media.vpp.stutter"
05-31 13:02:37.973 16797 11154 W libc    : Access denied finding property "vendor.oplus.media.vpp.stutter"
05-31 13:02:38.408 16797 16920 W cr_MediaCodecBridge: Releasing: OMX.qcom.video.decoder.vp9
05-31 13:02:38.411 16797 11153 E ExtensionsLoader: freeAllBuffers: 3 buffers were freed while being dequeued!
05-31 13:02:38.413 16797 16920 W cr_MediaCodecBridge: Codec released
05-31 13:02:38.485 16797 11190 W libc    : Access denied finding property "vendor.oplus.media.vpp.stutter"
05-31 13:02:38.579 16797 10997 W libc    : Access denied finding property "vendor.oplus.media.vpp.stutter"
05-31 13:02:39.486 16797 11190 W libc    : Access denied finding property "vendor.oplus.media.vpp.stutter"
05-31 13:02:39.581 16797 10997 W libc    : Access denied finding property "vendor.oplus.media.vpp.stutter"
05-31 13:02:40.487 16797 11190 W libc    : Access denied finding property "vendor.oplus.media.vpp.stutter"
05-31 13:02:40.582 16797 10997 W libc    : Access denied finding property "vendor.oplus.media.vpp.stutter"
05-31 13:02:41.488 16797 11190 W libc    : Access denied finding property "vendor.oplus.media.vpp.stutter"
05-31 13:02:41.583 16797 10997 W libc    : Access denied finding property "vendor.oplus.media.vpp.stutter"
05-31 13:02:42.488 16797 11190 W libc    : Access denied finding property "vendor.oplus.media.vpp.stutter"
05-31 13:02:42.583 16797 10997 W libc    : Access denied finding property "vendor.oplus.media.vpp.stutter"
05-31 13:02:43.489 16797 11190 W libc    : Access denied finding property "vendor.oplus.media.vpp.stutter"
05-31 13:02:43.583 16797 10997 W libc    : Access denied finding property "vendor.oplus.media.vpp.stutter"
05-31 13:02:44.491 16797 11190 W libc    : Access denied finding property "vendor.oplus.media.vpp.stutter"
05-31 13:02:44.584 16797 10997 W libc    : Access denied finding property "vendor.oplus.media.vpp.stutter"
05-31 13:02:45.492 16797 11190 W libc    : Access denied finding property "vendor.oplus.media.vpp.stutter"
05-31 13:02:45.585 16797 10997 W libc    : Access denied finding property "vendor.oplus.media.vpp.stutter"
05-31 13:02:45.643 16797 16920 W cr_MediaCodecBridge: Releasing: OMX.qcom.video.decoder.vp9
05-31 13:02:45.645 16797 11189 E ListServiceUtils: checkInListByUid module:video-disconnectsurface-sync uid:13849 cost 1012us return (null)
05-31 13:02:45.646 16797 11189 E ExtensionsLoader: freeAllBuffers: 13 buffers were freed while being dequeued!
05-31 13:02:45.651 16797 16920 W cr_MediaCodecBridge: Codec released
05-31 13:02:45.665 16797 11075 W AudioStreamLegacy: processCallbackCommon() no data because callback disabled, set size=0
05-31 13:02:45.722 16797 16797 W Ads     : #004 The webview is destroyed. Ignoring action.
05-31 13:02:45.726 16797 16797 W Ads     : #004 The webview is destroyed. Ignoring action.
05-31 13:02:45.727 16797 16797 W Ads     : #004 The webview is destroyed. Ignoring action.
05-31 13:02:45.753 16797 16894 W ServiceBindIntentUtils: Dynamic lookup for intent failed for action: com.google.android.gms.ads.service.CACHE
05-31 13:02:45.773 16797 16797 W Ads     : #004 The webview is destroyed. Ignoring action.
05-31 13:02:45.815 16797 11672 W ServiceBindIntentUtils: Dynamic lookup for intent failed for action: com.google.android.gms.ads.service.START
05-31 13:02:45.933 16797 16963 W AiApiHelper: createCachedContent: 400 {
05-31 13:02:45.933 16797 16963 W AiApiHelper:   "error": {
05-31 13:02:45.933 16797 16963 W AiApiHelper:     "code": 400,
05-31 13:02:45.933 16797 16963 W AiApiHelper:     "message": "Invalid JSON payload received. Unknown name \"a\" at 'cached_content': Cannot find field.\nInvalid JSON payload received. Unknown name \"d\" at 'cached_content': Cannot find field.",
05-31 13:02:45.933 16797 16963 W AiApiHelper:     "status": "INVALID_ARGUMENT",
05-31 13:02:45.933 16797 16963 W AiApiHelper:     "details": [
05-31 13:02:45.933 16797 16963 W AiApiHelper:       {
05-31 13:02:45.933 16797 16963 W AiApiHelper:         "@type": "type.googleapis.com/google.rpc.BadRequest",
05-31 13:02:45.933 16797 16963 W AiApiHelper:         "fieldViolations": [
05-31 13:02:45.933 16797 16963 W AiApiHelper:           {
05-31 13:02:45.933 16797 16963 W AiApiHelper:             "field": "cached_content",
05-31 13:02:45.933 16797 16963 W AiApiHelper:             "description": "Invalid JSON payload received. Unknown name \"a\" at 'cached_content': Cannot find field."
05-31 13:02:45.933 16797 16963 W AiApiHelper:           },
05-31 13:02:45.933 16797 16963 W AiApiHelper:           {
05-31 13:02:45.933 16797 16963 W AiApiHelper:             "field": "cached_content",
05-31 13:02:45.933 16797 16963 W AiApiHelper:             "description": "Invalid JSON payload received. Unknown name \"d\" at 'cached_content': Cannot find field."
05-31 13:02:45.933 16797 16963 W AiApiHelper:           }
05-31 13:02:45.933 16797 16963 W AiApiHelper:         ]
05-31 13:02:45.933 16797 16963 W AiApiHelper:       }
05-31 13:02:45.933 16797 16963 W AiApiHelper:     ]
05-31 13:02:45.933 16797 16963 W AiApiHelper:   }
05-31 13:02:45.933 16797 16963 W AiApiHelper: }
05-31 13:02:46.136 16797 16893 E BLASTBufferQueue: BLASTBufferItemConsumer::onDisconnect()
05-31 13:02:46.148 16797 16893 E BLASTBufferQueue: BLASTBufferItemConsumer::onDisconnect()
05-31 13:02:46.586 16797 10997 W libc    : Access denied finding property "vendor.oplus.media.vpp.stutter"
05-31 13:02:47.254 16797 16797 W Ads     : canOpenAppGmsgHandler disabled.
05-31 13:02:47.254 16797 16797 W Ads     : canOpenAppGmsgHandler disabled.
05-31 13:02:47.265 16797 16797 W Ads     : canOpenAppGmsgHandler disabled.
05-31 13:02:47.442 16797 16797 W LayerDrawable: Invalid drawable added to LayerDrawable! Drawable already belongs to another owner but does not expose a constant state.
05-31 13:02:47.442 16797 16797 W LayerDrawable: java.lang.RuntimeException
05-31 13:02:47.442 16797 16797 W LayerDrawable: 	at android.graphics.drawable.LayerDrawable$ChildDrawable.<init>(LayerDrawable.java:1857)
05-31 13:02:47.442 16797 16797 W LayerDrawable: 	at android.graphics.drawable.LayerDrawable$LayerState.<init>(LayerDrawable.java:1977)
05-31 13:02:47.442 16797 16797 W LayerDrawable: 	at android.graphics.drawable.LayerDrawable.createConstantState(LayerDrawable.java:174)
05-31 13:02:47.442 16797 16797 W LayerDrawable: 	at android.graphics.drawable.LayerDrawable.mutate(LayerDrawable.java:1782)
05-31 13:02:47.442 16797 16797 W LayerDrawable: 	at y7.s3.j(r8-map-id-c1c19512ce3dec6a23fe71efc8978dace6e356ece1f08fe82d9dcf3adc042889:83)
05-31 13:02:47.442 16797 16797 W LayerDrawable: 	at helium314.keyboard.latin.panels.AiThemePanelView.f(r8-map-id-c1c19512ce3dec6a23fe71efc8978dace6e356ece1f08fe82d9dcf3adc042889:185)
05-31 13:02:47.442 16797 16797 W LayerDrawable: 	at helium314.keyboard.latin.panels.AiThemePanelView.T(r8-map-id-c1c19512ce3dec6a23fe71efc8978dace6e356ece1f08fe82d9dcf3adc042889:88)
05-31 13:02:47.442 16797 16797 W LayerDrawable: 	at helium314.keyboard.latin.panels.AiThemePanelView.S(r8-map-id-c1c19512ce3dec6a23fe71efc8978dace6e356ece1f08fe82d9dcf3adc042889:53)
05-31 13:02:47.442 16797 16797 W LayerDrawable: 	at g7.b0.r(r8-map-id-c1c19512ce3dec6a23fe71efc8978dace6e356ece1f08fe82d9dcf3adc042889:192)
05-31 13:02:47.442 16797 16797 W LayerDrawable: 	at g7.b0.U(r8-map-id-c1c19512ce3dec6a23fe71efc8978dace6e356ece1f08fe82d9dcf3adc042889:53)
05-31 13:02:47.442 16797 16797 W LayerDrawable: 	at g7.b0.R(r8-map-id-c1c19512ce3dec6a23fe71efc8978dace6e356ece1f08fe82d9dcf3adc042889:3)
05-31 13:02:47.442 16797 16797 W LayerDrawable: 	at k7.o0.c(r8-map-id-c1c19512ce3dec6a23fe71efc8978dace6e356ece1f08fe82d9dcf3adc042889:12)
05-31 13:02:47.442 16797 16797 W LayerDrawable: 	at k7.o0.b(r8-map-id-c1c19512ce3dec6a23fe71efc8978dace6e356ece1f08fe82d9dcf3adc042889:51)
05-31 13:02:47.442 16797 16797 W LayerDrawable: 	at g7.b0.w(r8-map-id-c1c19512ce3dec6a23fe71efc8978dace6e356ece1f08fe82d9dcf3adc042889:91)
05-31 13:02:47.442 16797 16797 W LayerDrawable: 	at g7.b0.H(r8-map-id-c1c19512ce3dec6a23fe71efc8978dace6e356ece1f08fe82d9dcf3adc042889:30)
05-31 13:02:47.442 16797 16797 W LayerDrawable: 	at g7.b0.k(r8-map-id-c1c19512ce3dec6a23fe71efc8978dace6e356ece1f08fe82d9dcf3adc042889:89)
05-31 13:02:47.442 16797 16797 W LayerDrawable: 	at g0.t.run(r8-map-id-c1c19512ce3dec6a23fe71efc8978dace6e356ece1f08fe82d9dcf3adc042889:71)
05-31 13:02:47.442 16797 16797 W LayerDrawable: 	at o7.o.invokeSuspend(r8-map-id-c1c19512ce3dec6a23fe71efc8978dace6e356ece1f08fe82d9dcf3adc042889:271)
05-31 13:02:47.442 16797 16797 W LayerDrawable: 	at t8.a.resumeWith(r8-map-id-c1c19512ce3dec6a23fe71efc8978dace6e356ece1f08fe82d9dcf3adc042889:9)
05-31 13:02:47.442 16797 16797 W LayerDrawable: 	at m9.h0.run(r8-map-id-c1c19512ce3dec6a23fe71efc8978dace6e356ece1f08fe82d9dcf3adc042889:115)
05-31 13:02:47.442 16797 16797 W LayerDrawable: 	at android.os.Handler.handleCallback(Handler.java:938)
05-31 13:02:47.442 16797 16797 W LayerDrawable: 	at android.os.Handler.dispatchMessage(Handler.java:99)
05-31 13:02:47.442 16797 16797 W LayerDrawable: 	at android.os.Looper.loopOnce(Looper.java:233)
05-31 13:02:47.442 16797 16797 W LayerDrawable: 	at android.os.Looper.loop(Looper.java:344)
05-31 13:02:47.442 16797 16797 W LayerDrawable: 	at android.app.ActivityThread.main(ActivityThread.java:8212)
05-31 13:02:47.442 16797 16797 W LayerDrawable: 	at java.lang.reflect.Method.invoke(Native Method)
05-31 13:02:47.442 16797 16797 W LayerDrawable: 	at com.android.internal.os.RuntimeInit$MethodAndArgsCaller.run(RuntimeInit.java:584)
05-31 13:02:47.442 16797 16797 W LayerDrawable: 	at com.android.internal.os.ZygoteInit.main(ZygoteInit.java:1034)
05-31 13:02:47.442 16797 16797 W LayerDrawable: Invalid drawable added to LayerDrawable! Drawable already belongs to another owner but does not expose a constant state.
05-31 13:02:47.442 16797 16797 W LayerDrawable: java.lang.RuntimeException
05-31 13:02:47.442 16797 16797 W LayerDrawable: 	at android.graphics.drawable.LayerDrawable$ChildDrawable.<init>(LayerDrawable.java:1857)
05-31 13:02:47.442 16797 16797 W LayerDrawable: 	at android.graphics.drawable.LayerDrawable$LayerState.<init>(LayerDrawable.java:1977)
05-31 13:02:47.442 16797 16797 W LayerDrawable: 	at android.graphics.drawable.LayerDrawable.createConstantState(LayerDrawable.java:174)
05-31 13:02:47.442 16797 16797 W LayerDrawable: 	at android.graphics.drawable.LayerDrawable.mutate(LayerDrawable.java:1782)
05-31 13:02:47.442 16797 16797 W LayerDrawable: 	at y7.s3.j(r8-map-id-c1c19512ce3dec6a23fe71efc8978dace6e356ece1f08fe82d9dcf3adc042889:83)
05-31 13:02:47.442 16797 16797 W LayerDrawable: 	at helium314.keyboard.latin.panels.AiThemePanelView.f(r8-map-id-c1c19512ce3dec6a23fe71efc8978dace6e356ece1f08fe82d9dcf3adc042889:185)
05-31 13:02:47.442 16797 16797 W LayerDrawable: 	at helium314.keyboard.latin.panels.AiThemePanelView.T(r8-map-id-c1c19512ce3dec6a23fe71efc8978dace6e356ece1f08fe82d9dcf3adc042889:88)
05-31 13:02:47.442 16797 16797 W LayerDrawable: 	at helium314.keyboard.latin.panels.AiThemePanelView.S(r8-map-id-c1c19512ce3dec6a23fe71efc8978dace6e356ece1f08fe82d9dcf3adc042889:53)
05-31 13:02:47.442 16797 16797 W LayerDrawable: 	at g7.b0.r(r8-map-id-c1c19512ce3dec6a23fe71efc8978dace6e356ece1f08fe82d9dcf3adc042889:192)
05-31 13:02:47.442 16797 16797 W LayerDrawable: 	at g7.b0.U(r8-map-id-c1c19512ce3dec6a23fe71efc8978dace6e356ece1f08fe82d9dcf3adc042889:53)
05-31 13:02:47.442 16797 16797 W LayerDrawable: 	at g7.b0.R(r8-map-id-c1c19512ce3dec6a23fe71efc8978dace6e356ece1f08fe82d9dcf3adc042889:3)
05-31 13:02:47.442 16797 16797 W LayerDrawable: 	at k7.o0.c(r8-map-id-c1c19512ce3dec6a23fe71efc8978dace6e356ece1f08fe82d9dcf3adc042889:12)
05-31 13:02:47.442 16797 16797 W LayerDrawable: 	at k7.o0.b(r8-map-id-c1c19512ce3dec6a23fe71efc8978dace6e356ece1f08fe82d9dcf3adc042889:51)
05-31 13:02:47.442 16797 16797 W LayerDrawable: 	at g7.b0.w(r8-map-id-c1c19512ce3dec6a23fe71efc8978dace6e356ece1f08fe82d9dcf3adc042889:91)
05-31 13:02:47.442 16797 16797 W LayerDrawable: 	at g7.b0.H(r8-map-id-c1c19512ce3dec6a23fe71efc8978dace6e356ece1f08fe82d9dcf3adc042889:30)
05-31 13:02:47.442 16797 16797 W LayerDrawable: 	at g7.b0.k(r8-map-id-c1c19512ce3dec6a23fe71efc8978dace6e356ece1f08fe82d9dcf3adc042889:89)
05-31 13:02:47.442 16797 16797 W LayerDrawable: 	at g0.t.run(r8-map-id-c1c19512ce3dec6a23fe71efc8978dace6e356ece1f08fe82d9dcf3adc042889:71)
05-31 13:02:47.442 16797 16797 W LayerDrawable: 	at o7.o.invokeSuspend(r8-map-id-c1c19512ce3dec6a23fe71efc8978dace6e356ece1f08fe82d9dcf3adc042889:271)
05-31 13:02:47.442 16797 16797 W LayerDrawable: 	at t8.a.resumeWith(r8-map-id-c1c19512ce3dec6a23fe71efc8978dace6e356ece1f08fe82d9dcf3adc042889:9)
05-31 13:02:47.442 16797 16797 W LayerDrawable: 	at m9.h0.run(r8-map-id-c1c19512ce3dec6a23fe71efc8978dace6e356ece1f08fe82d9dcf3adc042889:115)
05-31 13:02:47.442 16797 16797 W LayerDrawable: 	at android.os.Handler.handleCallback(Handler.java:938)
05-31 13:02:47.442 16797 16797 W LayerDrawable: 	at android.os.Handler.dispatchMessage(Handler.java:99)
05-31 13:02:47.442 16797 16797 W LayerDrawable: 	at android.os.Looper.loopOnce(Looper.java:233)
05-31 13:02:47.442 16797 16797 W LayerDrawable: 	at android.os.Looper.loop(Looper.java:344)
05-31 13:02:47.442 16797 16797 W LayerDrawable: 	at android.app.ActivityThread.main(ActivityThread.java:8212)
05-31 13:02:47.442 16797 16797 W LayerDrawable: 	at java.lang.reflect.Method.invoke(Native Method)
05-31 13:02:47.442 16797 16797 W LayerDrawable: 	at com.android.internal.os.RuntimeInit$MethodAndArgsCaller.run(RuntimeInit.java:584)
05-31 13:02:47.442 16797 16797 W LayerDrawable: 	at com.android.internal.os.ZygoteInit.main(ZygoteInit.java:1034)
05-31 13:02:47.442 16797 16797 W LayerDrawable: Invalid drawable added to LayerDrawable! Drawable already belongs to another owner but does not expose a constant state.
05-31 13:02:47.442 16797 16797 W LayerDrawable: java.lang.RuntimeException
05-31 13:02:47.442 16797 16797 W LayerDrawable: 	at android.graphics.drawable.LayerDrawable$ChildDrawable.<init>(LayerDrawable.java:1857)
05-31 13:02:47.442 16797 16797 W LayerDrawable: 	at android.graphics.drawable.LayerDrawable$LayerState.<init>(LayerDrawable.java:1977)
05-31 13:02:47.442 16797 16797 W LayerDrawable: 	at android.graphics.drawable.LayerDrawable.createConstantState(LayerDrawable.java:174)
05-31 13:02:47.442 16797 16797 W LayerDrawable: 	at android.graphics.drawable.LayerDrawable.mutate(LayerDrawable.java:1782)
05-31 13:02:47.442 16797 16797 W LayerDrawable: 	at y7.s3.j(r8-map-id-c1c19512ce3dec6a23fe71efc8978dace6e356ece1f08fe82d9dcf3adc042889:83)
05-31 13:02:47.442 16797 16797 W LayerDrawable: 	at helium314.keyboard.latin.panels.AiThemePanelView.f(r8-map-id-c1c19512ce3dec6a23fe71efc8978dace6e356ece1f08fe82d9dcf3adc042889:185)
05-31 13:02:47.442 16797 16797 W LayerDrawable: 	at helium314.keyboard.latin.panels.AiThemePanelView.T(r8-map-id-c1c19512ce3dec6a23fe71efc8978dace6e356ece1f08fe82d9dcf3adc042889:88)
05-31 13:02:47.442 16797 16797 W LayerDrawable: 	at helium314.keyboard.latin.panels.AiThemePanelView.S(r8-map-id-c1c19512ce3dec6a23fe71efc8978dace6e356ece1f08fe82d9dcf3adc042889:53)
05-31 13:02:47.442 16797 16797 W LayerDrawable: 	at g7.b0.r(r8-map-id-c1c19512ce3dec6a23fe71efc8978dace6e356ece1f08fe82d9dcf3adc042889:192)
05-31 13:02:47.442 16797 16797 W LayerDrawable: 	at g7.b0.U(r8-map-id-c1c19512ce3dec6a23fe71efc8978dace6e356ece1f08fe82d9dcf3adc042889:53)
05-31 13:02:47.442 16797 16797 W LayerDrawable: 	at g7.b0.R(r8-map-id-c1c19512ce3dec6a23fe71efc8978dace6e356ece1f08fe82d9dcf3adc042889:3)
05-31 13:02:47.442 16797 16797 W LayerDrawable: 	at k7.o0.c(r8-map-id-c1c19512ce3dec6a23fe71efc8978dace6e356ece1f08fe82d9dcf3adc042889:12)
05-31 13:02:47.442 16797 16797 W LayerDrawable: 	at k7.o0.b(r8-map-id-c1c19512ce3dec6a23fe71efc8978dace6e356ece1f08fe82d9dcf3adc042889:51)
05-31 13:02:47.442 16797 16797 W LayerDrawable: 	at g7.b0.w(r8-map-id-c1c19512ce3dec6a23fe71efc8978dace6e356ece1f08fe82d9dcf3adc042889:91)
05-31 13:02:47.442 16797 16797 W LayerDrawable: 	at g7.b0.H(r8-map-id-c1c19512ce3dec6a23fe71efc8978dace6e356ece1f08fe82d9dcf3adc042889:30)
05-31 13:02:47.442 16797 16797 W LayerDrawable: 	at g7.b0.k(r8-map-id-c1c19512ce3dec6a23fe71efc8978dace6e356ece1f08fe82d9dcf3adc042889:89)
05-31 13:02:47.442 16797 16797 W LayerDrawable: 	at g0.t.run(r8-map-id-c1c19512ce3dec6a23fe71efc8978dace6e356ece1f08fe82d9dcf3adc042889:71)
05-31 13:02:47.442 16797 16797 W LayerDrawable: 	at o7.o.invokeSuspend(r8-map-id-c1c19512ce3dec6a23fe71efc8978dace6e356ece1f08fe82d9dcf3adc042889:271)
05-31 13:02:47.442 16797 16797 W LayerDrawable: 	at t8.a.resumeWith(r8-map-id-c1c19512ce3dec6a23fe71efc8978dace6e356ece1f08fe82d9dcf3adc042889:9)
05-31 13:02:47.442 16797 16797 W LayerDrawable: 	at m9.h0.run(r8-map-id-c1c19512ce3dec6a23fe71efc8978dace6e356ece1f08fe82d9dcf3adc042889:115)
05-31 13:02:47.442 16797 16797 W LayerDrawable: 	at android.os.Handler.handleCallback(Handler.java:938)
05-31 13:02:47.442 16797 16797 W LayerDrawable: 	at android.os.Handler.dispatchMessage(Handler.java:99)
05-31 13:02:47.442 16797 16797 W LayerDrawable: 	at android.os.Looper.loopOnce(Looper.java:233)
05-31 13:02:47.442 16797 16797 W LayerDrawable: 	at android.os.Looper.loop(Looper.java:344)
05-31 13:02:47.442 16797 16797 W LayerDrawable: 	at android.app.ActivityThread.main(ActivityThread.java:8212)
05-31 13:02:47.442 16797 16797 W LayerDrawable: 	at java.lang.reflect.Method.invoke(Native Method)
05-31 13:02:47.442 16797 16797 W LayerDrawable: 	at com.android.internal.os.RuntimeInit$MethodAndArgsCaller.run(RuntimeInit.java:584)
05-31 13:02:47.442 16797 16797 W LayerDrawable: 	at com.android.internal.os.ZygoteInit.main(ZygoteInit.java:1034)
05-31 13:02:47.481 16797 11663 W Ads     : Not retrying to fetch app settings
05-31 13:02:47.531 16797 16797 E Ads     : JS: Refused to get unsafe header "X-Afma-Gcache-IsGcacheHit" (https://www.gstatic.com/mysidia/38641a442446c53632a4e2bb29a65ad0.js?tag=addon/rewarded_video:434)
05-31 13:02:47.545 16797 16797 W View    : requestLayout() improperly called by android.widget.LinearLayout{bfc93e V.E...... ......ID 0,1973-1440,2923 #7f0a011b app:id/main_keyboard_frame} during layout: running second layout pass
05-31 13:02:47.550 16797 16797 E Ads     : JS: Refused to get unsafe header "X-Afma-Gcache-IsGcacheHit" (https://www.gstatic.com/mysidia/38641a442446c53632a4e2bb29a65ad0.js?tag=addon/rewarded_video:434)
05-31 13:02:47.567 16797 16922 W libc    : Access denied finding property "vendor.oplus.media.vpp.stutter"
05-31 13:02:47.567 16797 16922 E MULTIMEDIAConfig: [getInt32:L80] Not find config, Returning default
05-31 13:02:47.568 16797 16922 E MULTIMEDIAConfig: [getInt32:L80] Not find config, Returning default
05-31 13:02:47.568 16797 16922 E OplusACodec: [OplusACodec:204] mSrOsieMMListCheckResult:0x0 mOsieVersion:1
05-31 13:02:47.586 16797 10997 W libc    : Access denied finding property "vendor.oplus.media.vpp.stutter"
05-31 13:02:47.607 16797 11704 E OplusACodec: [GetVideoCodingTypeFromMime:L1162] mime:video/x-vnd.on2.vp9
05-31 13:02:47.709 16797 16920 W cr_MediaCodecBridge: Releasing: OMX.qcom.video.decoder.vp9
05-31 13:02:47.710 16797 11703 E ExtensionsLoader: freeAllBuffers: 13 buffers were freed while being dequeued!
05-31 13:02:47.711 16797 16920 W cr_MediaCodecBridge: Codec released
05-31 13:02:48.481 16797 16797 W LayerDrawable: Invalid drawable added to LayerDrawable! Drawable already belongs to another owner but does not expose a constant state.
05-31 13:02:48.481 16797 16797 W LayerDrawable: java.lang.RuntimeException
05-31 13:02:48.481 16797 16797 W LayerDrawable: 	at android.graphics.drawable.LayerDrawable$ChildDrawable.<init>(LayerDrawable.java:1857)
05-31 13:02:48.481 16797 16797 W LayerDrawable: 	at android.graphics.drawable.LayerDrawable$LayerState.<init>(LayerDrawable.java:1977)
05-31 13:02:48.481 16797 16797 W LayerDrawable: 	at android.graphics.drawable.LayerDrawable.createConstantState(LayerDrawable.java:174)
05-31 13:02:48.481 16797 16797 W LayerDrawable: 	at android.graphics.drawable.LayerDrawable.mutate(LayerDrawable.java:1782)
05-31 13:02:48.481 16797 16797 W LayerDrawable: 	at y7.s3.j(r8-map-id-c1c19512ce3dec6a23fe71efc8978dace6e356ece1f08fe82d9dcf3adc042889:83)
05-31 13:02:48.481 16797 16797 W LayerDrawable: 	at helium314.keyboard.latin.panels.MenuPanelView.k(r8-map-id-c1c19512ce3dec6a23fe71efc8978dace6e356ece1f08fe82d9dcf3adc042889:36)
05-31 13:02:48.481 16797 16797 W LayerDrawable: 	at helium314.keyboard.latin.panels.MenuPanelView.r(r8-map-id-c1c19512ce3dec6a23fe71efc8978dace6e356ece1f08fe82d9dcf3adc042889:358)
05-31 13:02:48.481 16797 16797 W LayerDrawable: 	at v7.b.u(r8-map-id-c1c19512ce3dec6a23fe71efc8978dace6e356ece1f08fe82d9dcf3adc042889:199)
05-31 13:02:48.481 16797 16797 W LayerDrawable: 	at helium314.keyboard.latin.LatinIME.l(r8-map-id-c1c19512ce3dec6a23fe71efc8978dace6e356ece1f08fe82d9dcf3adc042889:36)
05-31 13:02:48.481 16797 16797 W LayerDrawable: 	at g7.m.a(r8-map-id-c1c19512ce3dec6a23fe71efc8978dace6e356ece1f08fe82d9dcf3adc042889:266)
05-31 13:02:48.481 16797 16797 W LayerDrawable: 	at helium314.keyboard.latin.suggestions.SuggestionStripView.onClick(r8-map-id-c1c19512ce3dec6a23fe71efc8978dace6e356ece1f08fe82d9dcf3adc042889:45)
05-31 13:02:48.481 16797 16797 W LayerDrawable: 	at android.view.View.performClick(View.java:7488)
05-31 13:02:48.481 16797 16797 W LayerDrawable: 	at android.view.View.performClickInternal(View.java:7464)
05-31 13:02:48.481 16797 16797 W LayerDrawable: 	at android.view.View.access$3700(View.java:841)
05-31 13:02:48.481 16797 16797 W LayerDrawable: 	at android.view.View$PerformClick.run(View.java:28911)
05-31 13:02:48.481 16797 16797 W LayerDrawable: 	at android.os.Handler.handleCallback(Handler.java:938)
05-31 13:02:48.481 16797 16797 W LayerDrawable: 	at android.os.Handler.dispatchMessage(Handler.java:99)
05-31 13:02:48.481 16797 16797 W LayerDrawable: 	at android.os.Looper.loopOnce(Looper.java:233)
05-31 13:02:48.481 16797 16797 W LayerDrawable: 	at android.os.Looper.loop(Looper.java:344)
05-31 13:02:48.481 16797 16797 W LayerDrawable: 	at android.app.ActivityThread.main(ActivityThread.java:8212)
05-31 13:02:48.481 16797 16797 W LayerDrawable: 	at java.lang.reflect.Method.invoke(Native Method)
