06-01 11:14:37.249 18141 18141 W LayerDrawable: 	at y7.t3.j(r8-map-id-736cc75d0ebf0737f659094023f3c4020755c8ffb3ee7a3e80fa0ec1acd2c70b:83)
06-01 11:14:37.249 18141 18141 W LayerDrawable: 	at helium314.keyboard.latin.panels.BrowserPanelView.D0(r8-map-id-736cc75d0ebf0737f659094023f3c4020755c8ffb3ee7a3e80fa0ec1acd2c70b:75)
06-01 11:14:37.249 18141 18141 W LayerDrawable: 	at helium314.keyboard.latin.panels.BrowserPanelView.d(r8-map-id-736cc75d0ebf0737f659094023f3c4020755c8ffb3ee7a3e80fa0ec1acd2c70b:873)
06-01 11:14:37.249 18141 18141 W LayerDrawable: 	at y7.b2.onClick(r8-map-id-736cc75d0ebf0737f659094023f3c4020755c8ffb3ee7a3e80fa0ec1acd2c70b:35)
06-01 11:14:37.249 18141 18141 W LayerDrawable: 	at android.view.View.performClick(View.java:7488)
06-01 11:14:37.249 18141 18141 W LayerDrawable: 	at android.view.View.performClickInternal(View.java:7464)
06-01 11:14:37.249 18141 18141 W LayerDrawable: 	at android.view.View.access$3700(View.java:841)
06-01 11:14:37.249 18141 18141 W LayerDrawable: 	at android.view.View$PerformClick.run(View.java:28911)
06-01 11:14:37.249 18141 18141 W LayerDrawable: 	at android.os.Handler.handleCallback(Handler.java:938)
06-01 11:14:37.249 18141 18141 W LayerDrawable: 	at android.os.Handler.dispatchMessage(Handler.java:99)
06-01 11:14:37.249 18141 18141 W LayerDrawable: 	at android.os.Looper.loopOnce(Looper.java:233)
06-01 11:14:37.249 18141 18141 W LayerDrawable: 	at android.os.Looper.loop(Looper.java:344)
06-01 11:14:37.249 18141 18141 W LayerDrawable: 	at android.app.ActivityThread.main(ActivityThread.java:8212)
06-01 11:14:37.249 18141 18141 W LayerDrawable: 	at java.lang.reflect.Method.invoke(Native Method)
06-01 11:14:37.249 18141 18141 W LayerDrawable: 	at com.android.internal.os.RuntimeInit$MethodAndArgsCaller.run(RuntimeInit.java:584)
06-01 11:14:37.249 18141 18141 W LayerDrawable: 	at com.android.internal.os.ZygoteInit.main(ZygoteInit.java:1034)
06-01 11:14:37.250 18141 18141 W LayerDrawable: Invalid drawable added to LayerDrawable! Drawable already belongs to another owner but does not expose a constant state.
06-01 11:14:37.250 18141 18141 W LayerDrawable: java.lang.RuntimeException
06-01 11:14:37.250 18141 18141 W LayerDrawable: 	at android.graphics.drawable.LayerDrawable$ChildDrawable.<init>(LayerDrawable.java:1857)
06-01 11:14:37.250 18141 18141 W LayerDrawable: 	at android.graphics.drawable.LayerDrawable$LayerState.<init>(LayerDrawable.java:1977)
06-01 11:14:37.250 18141 18141 W LayerDrawable: 	at android.graphics.drawable.LayerDrawable.createConstantState(LayerDrawable.java:174)
06-01 11:14:37.250 18141 18141 W LayerDrawable: 	at android.graphics.drawable.LayerDrawable.mutate(LayerDrawable.java:1782)
06-01 11:14:37.250 18141 18141 W LayerDrawable: 	at y7.t3.j(r8-map-id-736cc75d0ebf0737f659094023f3c4020755c8ffb3ee7a3e80fa0ec1acd2c70b:83)
06-01 11:14:37.250 18141 18141 W LayerDrawable: 	at helium314.keyboard.latin.panels.BrowserPanelView.D0(r8-map-id-736cc75d0ebf0737f659094023f3c4020755c8ffb3ee7a3e80fa0ec1acd2c70b:75)
06-01 11:14:37.250 18141 18141 W LayerDrawable: 	at helium314.keyboard.latin.panels.BrowserPanelView.d(r8-map-id-736cc75d0ebf0737f659094023f3c4020755c8ffb3ee7a3e80fa0ec1acd2c70b:909)
06-01 11:14:37.250 18141 18141 W LayerDrawable: 	at y7.b2.onClick(r8-map-id-736cc75d0ebf0737f659094023f3c4020755c8ffb3ee7a3e80fa0ec1acd2c70b:35)
06-01 11:14:37.250 18141 18141 W LayerDrawable: 	at android.view.View.performClick(View.java:7488)
06-01 11:14:37.250 18141 18141 W LayerDrawable: 	at android.view.View.performClickInternal(View.java:7464)
06-01 11:14:37.250 18141 18141 W LayerDrawable: 	at android.view.View.access$3700(View.java:841)
06-01 11:14:37.250 18141 18141 W LayerDrawable: 	at android.view.View$PerformClick.run(View.java:28911)
06-01 11:14:37.250 18141 18141 W LayerDrawable: 	at android.os.Handler.handleCallback(Handler.java:938)
06-01 11:14:37.250 18141 18141 W LayerDrawable: 	at android.os.Handler.dispatchMessage(Handler.java:99)
06-01 11:14:37.250 18141 18141 W LayerDrawable: 	at android.os.Looper.loopOnce(Looper.java:233)
06-01 11:14:37.250 18141 18141 W LayerDrawable: 	at android.os.Looper.loop(Looper.java:344)
06-01 11:14:37.250 18141 18141 W LayerDrawable: 	at android.app.ActivityThread.main(ActivityThread.java:8212)
06-01 11:14:37.250 18141 18141 W LayerDrawable: 	at java.lang.reflect.Method.invoke(Native Method)
06-01 11:14:37.250 18141 18141 W LayerDrawable: 	at com.android.internal.os.RuntimeInit$MethodAndArgsCaller.run(RuntimeInit.java:584)
06-01 11:14:37.250 18141 18141 W LayerDrawable: 	at com.android.internal.os.ZygoteInit.main(ZygoteInit.java:1034)
06-01 11:14:37.250 18141 18141 W LayerDrawable: Invalid drawable added to LayerDrawable! Drawable already belongs to another owner but does not expose a constant state.
06-01 11:14:37.250 18141 18141 W LayerDrawable: java.lang.RuntimeException
06-01 11:14:37.250 18141 18141 W LayerDrawable: 	at android.graphics.drawable.LayerDrawable$ChildDrawable.<init>(LayerDrawable.java:1857)
06-01 11:14:37.250 18141 18141 W LayerDrawable: 	at android.graphics.drawable.LayerDrawable$LayerState.<init>(LayerDrawable.java:1977)
06-01 11:14:37.250 18141 18141 W LayerDrawable: 	at android.graphics.drawable.LayerDrawable.createConstantState(LayerDrawable.java:174)
06-01 11:14:37.250 18141 18141 W LayerDrawable: 	at android.graphics.drawable.LayerDrawable.mutate(LayerDrawable.java:1782)
06-01 11:14:37.250 18141 18141 W LayerDrawable: 	at y7.t3.j(r8-map-id-736cc75d0ebf0737f659094023f3c4020755c8ffb3ee7a3e80fa0ec1acd2c70b:83)
06-01 11:14:37.250 18141 18141 W LayerDrawable: 	at helium314.keyboard.latin.panels.BrowserPanelView.D0(r8-map-id-736cc75d0ebf0737f659094023f3c4020755c8ffb3ee7a3e80fa0ec1acd2c70b:75)
06-01 11:14:37.250 18141 18141 W LayerDrawable: 	at helium314.keyboard.latin.panels.BrowserPanelView.d(r8-map-id-736cc75d0ebf0737f659094023f3c4020755c8ffb3ee7a3e80fa0ec1acd2c70b:873)
06-01 11:14:37.250 18141 18141 W LayerDrawable: 	at y7.b2.onClick(r8-map-id-736cc75d0ebf0737f659094023f3c4020755c8ffb3ee7a3e80fa0ec1acd2c70b:35)
06-01 11:14:37.250 18141 18141 W LayerDrawable: 	at android.view.View.performClick(View.java:7488)
06-01 11:14:37.250 18141 18141 W LayerDrawable: 	at android.view.View.performClickInternal(View.java:7464)
06-01 11:14:37.250 18141 18141 W LayerDrawable: 	at android.view.View.access$3700(View.java:841)
06-01 11:14:37.250 18141 18141 W LayerDrawable: 	at android.view.View$PerformClick.run(View.java:28911)
06-01 11:14:37.250 18141 18141 W LayerDrawable: 	at android.os.Handler.handleCallback(Handler.java:938)
06-01 11:14:37.250 18141 18141 W LayerDrawable: 	at android.os.Handler.dispatchMessage(Handler.java:99)
06-01 11:14:37.250 18141 18141 W LayerDrawable: 	at android.os.Looper.loopOnce(Looper.java:233)
06-01 11:14:37.250 18141 18141 W LayerDrawable: 	at android.os.Looper.loop(Looper.java:344)
06-01 11:14:37.250 18141 18141 W LayerDrawable: 	at android.app.ActivityThread.main(ActivityThread.java:8212)
06-01 11:14:37.250 18141 18141 W LayerDrawable: 	at java.lang.reflect.Method.invoke(Native Method)
06-01 11:14:37.250 18141 18141 W LayerDrawable: 	at com.android.internal.os.RuntimeInit$MethodAndArgsCaller.run(RuntimeInit.java:584)
06-01 11:14:37.250 18141 18141 W LayerDrawable: 	at com.android.internal.os.ZygoteInit.main(ZygoteInit.java:1034)
06-01 11:14:37.251 18141 18141 W LayerDrawable: Invalid drawable added to LayerDrawable! Drawable already belongs to another owner but does not expose a constant state.
06-01 11:14:37.251 18141 18141 W LayerDrawable: java.lang.RuntimeException
06-01 11:14:37.251 18141 18141 W LayerDrawable: 	at android.graphics.drawable.LayerDrawable$ChildDrawable.<init>(LayerDrawable.java:1857)
06-01 11:14:37.251 18141 18141 W LayerDrawable: 	at android.graphics.drawable.LayerDrawable$LayerState.<init>(LayerDrawable.java:1977)
06-01 11:14:37.251 18141 18141 W LayerDrawable: 	at android.graphics.drawable.LayerDrawable.createConstantState(LayerDrawable.java:174)
06-01 11:14:37.251 18141 18141 W LayerDrawable: 	at android.graphics.drawable.LayerDrawable.mutate(LayerDrawable.java:1782)
06-01 11:14:37.251 18141 18141 W LayerDrawable: 	at y7.t3.j(r8-map-id-736cc75d0ebf0737f659094023f3c4020755c8ffb3ee7a3e80fa0ec1acd2c70b:83)
06-01 11:14:37.251 18141 18141 W LayerDrawable: 	at helium314.keyboard.latin.panels.BrowserPanelView.D0(r8-map-id-736cc75d0ebf0737f659094023f3c4020755c8ffb3ee7a3e80fa0ec1acd2c70b:75)
06-01 11:14:37.251 18141 18141 W LayerDrawable: 	at helium314.keyboard.latin.panels.BrowserPanelView.d(r8-map-id-736cc75d0ebf0737f659094023f3c4020755c8ffb3ee7a3e80fa0ec1acd2c70b:909)
06-01 11:14:37.251 18141 18141 W LayerDrawable: 	at y7.b2.onClick(r8-map-id-736cc75d0ebf0737f659094023f3c4020755c8ffb3ee7a3e80fa0ec1acd2c70b:35)
06-01 11:14:37.251 18141 18141 W LayerDrawable: 	at android.view.View.performClick(View.java:7488)
06-01 11:14:37.251 18141 18141 W LayerDrawable: 	at android.view.View.performClickInternal(View.java:7464)
06-01 11:14:37.251 18141 18141 W LayerDrawable: 	at android.view.View.access$3700(View.java:841)
06-01 11:14:37.251 18141 18141 W LayerDrawable: 	at android.view.View$PerformClick.run(View.java:28911)
06-01 11:14:37.251 18141 18141 W LayerDrawable: 	at android.os.Handler.handleCallback(Handler.java:938)
06-01 11:14:37.251 18141 18141 W LayerDrawable: 	at android.os.Handler.dispatchMessage(Handler.java:99)
06-01 11:14:37.251 18141 18141 W LayerDrawable: 	at android.os.Looper.loopOnce(Looper.java:233)
06-01 11:14:37.251 18141 18141 W LayerDrawable: 	at android.os.Looper.loop(Looper.java:344)
06-01 11:14:37.251 18141 18141 W LayerDrawable: 	at android.app.ActivityThread.main(ActivityThread.java:8212)
06-01 11:14:37.251 18141 18141 W LayerDrawable: 	at java.lang.reflect.Method.invoke(Native Method)
06-01 11:14:37.251 18141 18141 W LayerDrawable: 	at com.android.internal.os.RuntimeInit$MethodAndArgsCaller.run(RuntimeInit.java:584)
06-01 11:14:37.251 18141 18141 W LayerDrawable: 	at com.android.internal.os.ZygoteInit.main(ZygoteInit.java:1034)
06-01 11:14:37.251 18141 18141 W LayerDrawable: Invalid drawable added to LayerDrawable! Drawable already belongs to another owner but does not expose a constant state.
06-01 11:14:37.251 18141 18141 W LayerDrawable: java.lang.RuntimeException
06-01 11:14:37.251 18141 18141 W LayerDrawable: 	at android.graphics.drawable.LayerDrawable$ChildDrawable.<init>(LayerDrawable.java:1857)
06-01 11:14:37.251 18141 18141 W LayerDrawable: 	at android.graphics.drawable.LayerDrawable$LayerState.<init>(LayerDrawable.java:1977)
06-01 11:14:37.251 18141 18141 W LayerDrawable: 	at android.graphics.drawable.LayerDrawable.createConstantState(LayerDrawable.java:174)
06-01 11:14:37.251 18141 18141 W LayerDrawable: 	at android.graphics.drawable.LayerDrawable.mutate(LayerDrawable.java:1782)
06-01 11:14:37.251 18141 18141 W LayerDrawable: 	at y7.t3.j(r8-map-id-736cc75d0ebf0737f659094023f3c4020755c8ffb3ee7a3e80fa0ec1acd2c70b:83)
06-01 11:14:37.251 18141 18141 W LayerDrawable: 	at helium314.keyboard.latin.panels.BrowserPanelView.D0(r8-map-id-736cc75d0ebf0737f659094023f3c4020755c8ffb3ee7a3e80fa0ec1acd2c70b:75)
06-01 11:14:37.251 18141 18141 W LayerDrawable: 	at helium314.keyboard.latin.panels.BrowserPanelView.d(r8-map-id-736cc75d0ebf0737f659094023f3c4020755c8ffb3ee7a3e80fa0ec1acd2c70b:873)
06-01 11:14:37.251 18141 18141 W LayerDrawable: 	at y7.b2.onClick(r8-map-id-736cc75d0ebf0737f659094023f3c4020755c8ffb3ee7a3e80fa0ec1acd2c70b:35)
06-01 11:14:37.251 18141 18141 W LayerDrawable: 	at android.view.View.performClick(View.java:7488)
06-01 11:14:37.251 18141 18141 W LayerDrawable: 	at android.view.View.performClickInternal(View.java:7464)
06-01 11:14:37.251 18141 18141 W LayerDrawable: 	at android.view.View.access$3700(View.java:841)
06-01 11:14:37.251 18141 18141 W LayerDrawable: 	at android.view.View$PerformClick.run(View.java:28911)
06-01 11:14:37.251 18141 18141 W LayerDrawable: 	at android.os.Handler.handleCallback(Handler.java:938)
06-01 11:14:37.251 18141 18141 W LayerDrawable: 	at android.os.Handler.dispatchMessage(Handler.java:99)
06-01 11:14:37.251 18141 18141 W LayerDrawable: 	at android.os.Looper.loopOnce(Looper.java:233)
06-01 11:14:37.251 18141 18141 W LayerDrawable: 	at android.os.Looper.loop(Looper.java:344)
06-01 11:14:37.251 18141 18141 W LayerDrawable: 	at android.app.ActivityThread.main(ActivityThread.java:8212)
06-01 11:14:37.251 18141 18141 W LayerDrawable: 	at java.lang.reflect.Method.invoke(Native Method)
06-01 11:14:37.251 18141 18141 W LayerDrawable: 	at com.android.internal.os.RuntimeInit$MethodAndArgsCaller.run(RuntimeInit.java:584)
06-01 11:14:37.251 18141 18141 W LayerDrawable: 	at com.android.internal.os.ZygoteInit.main(ZygoteInit.java:1034)
06-01 11:14:37.252 18141 18141 W LayerDrawable: Invalid drawable added to LayerDrawable! Drawable already belongs to another owner but does not expose a constant state.
06-01 11:14:37.252 18141 18141 W LayerDrawable: java.lang.RuntimeException
06-01 11:14:37.252 18141 18141 W LayerDrawable: 	at android.graphics.drawable.LayerDrawable$ChildDrawable.<init>(LayerDrawable.java:1857)
06-01 11:14:37.252 18141 18141 W LayerDrawable: 	at android.graphics.drawable.LayerDrawable$LayerState.<init>(LayerDrawable.java:1977)
06-01 11:14:37.252 18141 18141 W LayerDrawable: 	at android.graphics.drawable.LayerDrawable.createConstantState(LayerDrawable.java:174)
06-01 11:14:37.252 18141 18141 W LayerDrawable: 	at android.graphics.drawable.LayerDrawable.mutate(LayerDrawable.java:1782)
06-01 11:14:37.252 18141 18141 W LayerDrawable: 	at y7.t3.j(r8-map-id-736cc75d0ebf0737f659094023f3c4020755c8ffb3ee7a3e80fa0ec1acd2c70b:83)
06-01 11:14:37.252 18141 18141 W LayerDrawable: 	at helium314.keyboard.latin.panels.BrowserPanelView.D0(r8-map-id-736cc75d0ebf0737f659094023f3c4020755c8ffb3ee7a3e80fa0ec1acd2c70b:75)
06-01 11:14:37.252 18141 18141 W LayerDrawable: 	at helium314.keyboard.latin.panels.BrowserPanelView.d(r8-map-id-736cc75d0ebf0737f659094023f3c4020755c8ffb3ee7a3e80fa0ec1acd2c70b:909)
06-01 11:14:37.252 18141 18141 W LayerDrawable: 	at y7.b2.onClick(r8-map-id-736cc75d0ebf0737f659094023f3c4020755c8ffb3ee7a3e80fa0ec1acd2c70b:35)
06-01 11:14:37.252 18141 18141 W LayerDrawable: 	at android.view.View.performClick(View.java:7488)
06-01 11:14:37.252 18141 18141 W LayerDrawable: 	at android.view.View.performClickInternal(View.java:7464)
06-01 11:14:37.252 18141 18141 W LayerDrawable: 	at android.view.View.access$3700(View.java:841)
06-01 11:14:37.252 18141 18141 W LayerDrawable: 	at android.view.View$PerformClick.run(View.java:28911)
06-01 11:14:37.252 18141 18141 W LayerDrawable: 	at android.os.Handler.handleCallback(Handler.java:938)
06-01 11:14:37.252 18141 18141 W LayerDrawable: 	at android.os.Handler.dispatchMessage(Handler.java:99)
06-01 11:14:37.252 18141 18141 W LayerDrawable: 	at android.os.Looper.loopOnce(Looper.java:233)
06-01 11:14:37.252 18141 18141 W LayerDrawable: 	at android.os.Looper.loop(Looper.java:344)
06-01 11:14:37.252 18141 18141 W LayerDrawable: 	at android.app.ActivityThread.main(ActivityThread.java:8212)
06-01 11:14:37.252 18141 18141 W LayerDrawable: 	at java.lang.reflect.Method.invoke(Native Method)
06-01 11:14:37.252 18141 18141 W LayerDrawable: 	at com.android.internal.os.RuntimeInit$MethodAndArgsCaller.run(RuntimeInit.java:584)
06-01 11:14:37.252 18141 18141 W LayerDrawable: 	at com.android.internal.os.ZygoteInit.main(ZygoteInit.java:1034)
06-01 11:14:37.252 18141 18141 W LayerDrawable: Invalid drawable added to LayerDrawable! Drawable already belongs to another owner but does not expose a constant state.
06-01 11:14:37.252 18141 18141 W LayerDrawable: java.lang.RuntimeException
06-01 11:14:37.252 18141 18141 W LayerDrawable: 	at android.graphics.drawable.LayerDrawable$ChildDrawable.<init>(LayerDrawable.java:1857)
06-01 11:14:37.252 18141 18141 W LayerDrawable: 	at android.graphics.drawable.LayerDrawable$LayerState.<init>(LayerDrawable.java:1977)
06-01 11:14:37.252 18141 18141 W LayerDrawable: 	at android.graphics.drawable.LayerDrawable.createConstantState(LayerDrawable.java:174)
06-01 11:14:37.252 18141 18141 W LayerDrawable: 	at android.graphics.drawable.LayerDrawable.mutate(LayerDrawable.java:1782)
06-01 11:14:37.252 18141 18141 W LayerDrawable: 	at y7.t3.j(r8-map-id-736cc75d0ebf0737f659094023f3c4020755c8ffb3ee7a3e80fa0ec1acd2c70b:83)
06-01 11:14:37.252 18141 18141 W LayerDrawable: 	at helium314.keyboard.latin.panels.BrowserPanelView.D0(r8-map-id-736cc75d0ebf0737f659094023f3c4020755c8ffb3ee7a3e80fa0ec1acd2c70b:75)
06-01 11:14:37.252 18141 18141 W LayerDrawable: 	at helium314.keyboard.latin.panels.BrowserPanelView.d(r8-map-id-736cc75d0ebf0737f659094023f3c4020755c8ffb3ee7a3e80fa0ec1acd2c70b:873)
06-01 11:14:37.252 18141 18141 W LayerDrawable: 	at y7.b2.onClick(r8-map-id-736cc75d0ebf0737f659094023f3c4020755c8ffb3ee7a3e80fa0ec1acd2c70b:35)
06-01 11:14:37.252 18141 18141 W LayerDrawable: 	at android.view.View.performClick(View.java:7488)
06-01 11:14:37.252 18141 18141 W LayerDrawable: 	at android.view.View.performClickInternal(View.java:7464)
06-01 11:14:37.252 18141 18141 W LayerDrawable: 	at android.view.View.access$3700(View.java:841)
06-01 11:14:37.252 18141 18141 W LayerDrawable: 	at android.view.View$PerformClick.run(View.java:28911)
06-01 11:14:37.252 18141 18141 W LayerDrawable: 	at android.os.Handler.handleCallback(Handler.java:938)
06-01 11:14:37.252 18141 18141 W LayerDrawable: 	at android.os.Handler.dispatchMessage(Handler.java:99)
06-01 11:14:37.252 18141 18141 W LayerDrawable: 	at android.os.Looper.loopOnce(Looper.java:233)
06-01 11:14:37.252 18141 18141 W LayerDrawable: 	at android.os.Looper.loop(Looper.java:344)
06-01 11:14:37.252 18141 18141 W LayerDrawable: 	at android.app.ActivityThread.main(ActivityThread.java:8212)
06-01 11:14:37.252 18141 18141 W LayerDrawable: 	at java.lang.reflect.Method.invoke(Native Method)
06-01 11:14:37.252 18141 18141 W LayerDrawable: 	at com.android.internal.os.RuntimeInit$MethodAndArgsCaller.run(RuntimeInit.java:584)
06-01 11:14:37.252 18141 18141 W LayerDrawable: 	at com.android.internal.os.ZygoteInit.main(ZygoteInit.java:1034)
06-01 11:14:37.252 18141 18141 W LayerDrawable: Invalid drawable added to LayerDrawable! Drawable already belongs to another owner but does not expose a constant state.
06-01 11:14:37.252 18141 18141 W LayerDrawable: java.lang.RuntimeException
06-01 11:14:37.252 18141 18141 W LayerDrawable: 	at android.graphics.drawable.LayerDrawable$ChildDrawable.<init>(LayerDrawable.java:1857)
06-01 11:14:37.252 18141 18141 W LayerDrawable: 	at android.graphics.drawable.LayerDrawable$LayerState.<init>(LayerDrawable.java:1977)
06-01 11:14:37.252 18141 18141 W LayerDrawable: 	at android.graphics.drawable.LayerDrawable.createConstantState(LayerDrawable.java:174)
06-01 11:14:37.252 18141 18141 W LayerDrawable: 	at android.graphics.drawable.LayerDrawable.mutate(LayerDrawable.java:1782)
06-01 11:14:37.252 18141 18141 W LayerDrawable: 	at y7.t3.j(r8-map-id-736cc75d0ebf0737f659094023f3c4020755c8ffb3ee7a3e80fa0ec1acd2c70b:83)
06-01 11:14:37.252 18141 18141 W LayerDrawable: 	at helium314.keyboard.latin.panels.BrowserPanelView.D0(r8-map-id-736cc75d0ebf0737f659094023f3c4020755c8ffb3ee7a3e80fa0ec1acd2c70b:75)
06-01 11:14:37.252 18141 18141 W LayerDrawable: 	at helium314.keyboard.latin.panels.BrowserPanelView.d(r8-map-id-736cc75d0ebf0737f659094023f3c4020755c8ffb3ee7a3e80fa0ec1acd2c70b:909)
06-01 11:14:37.252 18141 18141 W LayerDrawable: 	at y7.b2.onClick(r8-map-id-736cc75d0ebf0737f659094023f3c4020755c8ffb3ee7a3e80fa0ec1acd2c70b:35)
06-01 11:14:37.252 18141 18141 W LayerDrawable: 	at android.view.View.performClick(View.java:7488)
06-01 11:14:37.252 18141 18141 W LayerDrawable: 	at android.view.View.performClickInternal(View.java:7464)
06-01 11:14:37.252 18141 18141 W LayerDrawable: 	at android.view.View.access$3700(View.java:841)
06-01 11:14:37.252 18141 18141 W LayerDrawable: 	at android.view.View$PerformClick.run(View.java:28911)
06-01 11:14:37.252 18141 18141 W LayerDrawable: 	at android.os.Handler.handleCallback(Handler.java:938)
06-01 11:14:37.252 18141 18141 W LayerDrawable: 	at android.os.Handler.dispatchMessage(Handler.java:99)
06-01 11:14:37.252 18141 18141 W LayerDrawable: 	at android.os.Looper.loopOnce(Looper.java:233)
06-01 11:14:37.252 18141 18141 W LayerDrawable: 	at android.os.Looper.loop(Looper.java:344)
06-01 11:14:37.252 18141 18141 W LayerDrawable: 	at android.app.ActivityThread.main(ActivityThread.java:8212)
06-01 11:14:37.252 18141 18141 W LayerDrawable: 	at java.lang.reflect.Method.invoke(Native Method)
06-01 11:14:37.252 18141 18141 W LayerDrawable: 	at com.android.internal.os.RuntimeInit$MethodAndArgsCaller.run(RuntimeInit.java:584)
06-01 11:14:37.252 18141 18141 W LayerDrawable: 	at com.android.internal.os.ZygoteInit.main(ZygoteInit.java:1034)
06-01 11:14:37.253 18141 18141 W LayerDrawable: Invalid drawable added to LayerDrawable! Drawable already belongs to another owner but does not expose a constant state.
06-01 11:14:37.253 18141 18141 W LayerDrawable: java.lang.RuntimeException
06-01 11:14:37.253 18141 18141 W LayerDrawable: 	at android.graphics.drawable.LayerDrawable$ChildDrawable.<init>(LayerDrawable.java:1857)
06-01 11:14:37.253 18141 18141 W LayerDrawable: 	at android.graphics.drawable.LayerDrawable$LayerState.<init>(LayerDrawable.java:1977)
06-01 11:14:37.253 18141 18141 W LayerDrawable: 	at android.graphics.drawable.LayerDrawable.createConstantState(LayerDrawable.java:174)
06-01 11:14:37.253 18141 18141 W LayerDrawable: 	at android.graphics.drawable.LayerDrawable.mutate(LayerDrawable.java:1782)
06-01 11:14:37.253 18141 18141 W LayerDrawable: 	at y7.t3.j(r8-map-id-736cc75d0ebf0737f659094023f3c4020755c8ffb3ee7a3e80fa0ec1acd2c70b:83)
06-01 11:14:37.253 18141 18141 W LayerDrawable: 	at helium314.keyboard.latin.panels.BrowserPanelView.D0(r8-map-id-736cc75d0ebf0737f659094023f3c4020755c8ffb3ee7a3e80fa0ec1acd2c70b:75)
06-01 11:14:37.253 18141 18141 W LayerDrawable: 	at helium314.keyboard.latin.panels.BrowserPanelView.d(r8-map-id-736cc75d0ebf0737f659094023f3c4020755c8ffb3ee7a3e80fa0ec1acd2c70b:873)
06-01 11:14:37.253 18141 18141 W LayerDrawable: 	at y7.b2.onClick(r8-map-id-736cc75d0ebf0737f659094023f3c4020755c8ffb3ee7a3e80fa0ec1acd2c70b:35)
06-01 11:14:37.253 18141 18141 W LayerDrawable: 	at android.view.View.performClick(View.java:7488)
06-01 11:14:37.253 18141 18141 W LayerDrawable: 	at android.view.View.performClickInternal(View.java:7464)
06-01 11:14:37.253 18141 18141 W LayerDrawable: 	at android.view.View.access$3700(View.java:841)
06-01 11:14:37.253 18141 18141 W LayerDrawable: 	at android.view.View$PerformClick.run(View.java:28911)
06-01 11:14:37.253 18141 18141 W LayerDrawable: 	at android.os.Handler.handleCallback(Handler.java:938)
06-01 11:14:37.253 18141 18141 W LayerDrawable: 	at android.os.Handler.dispatchMessage(Handler.java:99)
06-01 11:14:37.253 18141 18141 W LayerDrawable: 	at android.os.Looper.loopOnce(Looper.java:233)
06-01 11:14:37.253 18141 18141 W LayerDrawable: 	at android.os.Looper.loop(Looper.java:344)
06-01 11:14:37.253 18141 18141 W LayerDrawable: 	at android.app.ActivityThread.main(ActivityThread.java:8212)
06-01 11:14:37.253 18141 18141 W LayerDrawable: 	at java.lang.reflect.Method.invoke(Native Method)
06-01 11:14:37.253 18141 18141 W LayerDrawable: 	at com.android.internal.os.RuntimeInit$MethodAndArgsCaller.run(RuntimeInit.java:584)
06-01 11:14:37.253 18141 18141 W LayerDrawable: 	at com.android.internal.os.ZygoteInit.main(ZygoteInit.java:1034)
06-01 11:14:37.253 18141 18141 W LayerDrawable: Invalid drawable added to LayerDrawable! Drawable already belongs to another owner but does not expose a constant state.
06-01 11:14:37.253 18141 18141 W LayerDrawable: java.lang.RuntimeException
06-01 11:14:37.253 18141 18141 W LayerDrawable: 	at android.graphics.drawable.LayerDrawable$ChildDrawable.<init>(LayerDrawable.java:1857)
06-01 11:14:37.253 18141 18141 W LayerDrawable: 	at android.graphics.drawable.LayerDrawable$LayerState.<init>(LayerDrawable.java:1977)
06-01 11:14:37.253 18141 18141 W LayerDrawable: 	at android.graphics.drawable.LayerDrawable.createConstantState(LayerDrawable.java:174)
06-01 11:14:37.253 18141 18141 W LayerDrawable: 	at android.graphics.drawable.LayerDrawable.mutate(LayerDrawable.java:1782)
06-01 11:14:37.253 18141 18141 W LayerDrawable: 	at y7.t3.j(r8-map-id-736cc75d0ebf0737f659094023f3c4020755c8ffb3ee7a3e80fa0ec1acd2c70b:83)
06-01 11:14:37.253 18141 18141 W LayerDrawable: 	at helium314.keyboard.latin.panels.BrowserPanelView.D0(r8-map-id-736cc75d0ebf0737f659094023f3c4020755c8ffb3ee7a3e80fa0ec1acd2c70b:75)
06-01 11:14:37.253 18141 18141 W LayerDrawable: 	at helium314.keyboard.latin.panels.BrowserPanelView.d(r8-map-id-736cc75d0ebf0737f659094023f3c4020755c8ffb3ee7a3e80fa0ec1acd2c70b:909)
06-01 11:14:37.253 18141 18141 W LayerDrawable: 	at y7.b2.onClick(r8-map-id-736cc75d0ebf0737f659094023f3c4020755c8ffb3ee7a3e80fa0ec1acd2c70b:35)
06-01 11:14:37.253 18141 18141 W LayerDrawable: 	at android.view.View.performClick(View.java:7488)
06-01 11:14:37.253 18141 18141 W LayerDrawable: 	at android.view.View.performClickInternal(View.java:7464)
06-01 11:14:37.253 18141 18141 W LayerDrawable: 	at android.view.View.access$3700(View.java:841)
06-01 11:14:37.253 18141 18141 W LayerDrawable: 	at android.view.View$PerformClick.run(View.java:28911)
06-01 11:14:37.253 18141 18141 W LayerDrawable: 	at android.os.Handler.handleCallback(Handler.java:938)
06-01 11:14:37.253 18141 18141 W LayerDrawable: 	at android.os.Handler.dispatchMessage(Handler.java:99)
06-01 11:14:37.253 18141 18141 W LayerDrawable: 	at android.os.Looper.loopOnce(Looper.java:233)
06-01 11:14:37.253 18141 18141 W LayerDrawable: 	at android.os.Looper.loop(Looper.java:344)
06-01 11:14:37.253 18141 18141 W LayerDrawable: 	at android.app.ActivityThread.main(ActivityThread.java:8212)
06-01 11:14:37.253 18141 18141 W LayerDrawable: 	at java.lang.reflect.Method.invoke(Native Method)
06-01 11:14:37.253 18141 18141 W LayerDrawable: 	at com.android.internal.os.RuntimeInit$MethodAndArgsCaller.run(RuntimeInit.java:584)
06-01 11:14:37.253 18141 18141 W LayerDrawable: 	at com.android.internal.os.ZygoteInit.main(ZygoteInit.java:1034)
06-01 11:14:37.254 18141 18141 W LayerDrawable: Invalid drawable added to LayerDrawable! Drawable already belongs to another owner but does not expose a constant state.
06-01 11:14:37.254 18141 18141 W LayerDrawable: java.lang.RuntimeException
06-01 11:14:37.254 18141 18141 W LayerDrawable: 	at android.graphics.drawable.LayerDrawable$ChildDrawable.<init>(LayerDrawable.java:1857)
06-01 11:14:37.254 18141 18141 W LayerDrawable: 	at android.graphics.drawable.LayerDrawable$LayerState.<init>(LayerDrawable.java:1977)
06-01 11:14:37.254 18141 18141 W LayerDrawable: 	at android.graphics.drawable.LayerDrawable.createConstantState(LayerDrawable.java:174)
06-01 11:14:37.254 18141 18141 W LayerDrawable: 	at android.graphics.drawable.LayerDrawable.mutate(LayerDrawable.java:1782)
06-01 11:14:37.254 18141 18141 W LayerDrawable: 	at y7.t3.j(r8-map-id-736cc75d0ebf0737f659094023f3c4020755c8ffb3ee7a3e80fa0ec1acd2c70b:83)
06-01 11:14:37.254 18141 18141 W LayerDrawable: 	at helium314.keyboard.latin.panels.BrowserPanelView.D0(r8-map-id-736cc75d0ebf0737f659094023f3c4020755c8ffb3ee7a3e80fa0ec1acd2c70b:75)
06-01 11:14:37.254 18141 18141 W LayerDrawable: 	at helium314.keyboard.latin.panels.BrowserPanelView.d(r8-map-id-736cc75d0ebf0737f659094023f3c4020755c8ffb3ee7a3e80fa0ec1acd2c70b:873)
06-01 11:14:37.254 18141 18141 W LayerDrawable: 	at y7.b2.onClick(r8-map-id-736cc75d0ebf0737f659094023f3c4020755c8ffb3ee7a3e80fa0ec1acd2c70b:35)
06-01 11:14:37.254 18141 18141 W LayerDrawable: 	at android.view.View.performClick(View.java:7488)
06-01 11:14:37.254 18141 18141 W LayerDrawable: 	at android.view.View.performClickInternal(View.java:7464)
06-01 11:14:37.254 18141 18141 W LayerDrawable: 	at android.view.View.access$3700(View.java:841)
06-01 11:14:37.254 18141 18141 W LayerDrawable: 	at android.view.View$PerformClick.run(View.java:28911)
06-01 11:14:37.254 18141 18141 W LayerDrawable: 	at android.os.Handler.handleCallback(Handler.java:938)
06-01 11:14:37.254 18141 18141 W LayerDrawable: 	at android.os.Handler.dispatchMessage(Handler.java:99)
06-01 11:14:37.254 18141 18141 W LayerDrawable: 	at android.os.Looper.loopOnce(Looper.java:233)
06-01 11:14:37.254 18141 18141 W LayerDrawable: 	at android.os.Looper.loop(Looper.java:344)
06-01 11:14:37.254 18141 18141 W LayerDrawable: 	at android.app.ActivityThread.main(ActivityThread.java:8212)
06-01 11:14:37.254 18141 18141 W LayerDrawable: 	at java.lang.reflect.Method.invoke(Native Method)
06-01 11:14:37.254 18141 18141 W LayerDrawable: 	at com.android.internal.os.RuntimeInit$MethodAndArgsCaller.run(RuntimeInit.java:584)
06-01 11:14:37.254 18141 18141 W LayerDrawable: 	at com.android.internal.os.ZygoteInit.main(ZygoteInit.java:1034)
06-01 11:14:37.254 18141 18141 W LayerDrawable: Invalid drawable added to LayerDrawable! Drawable already belongs to another owner but does not expose a constant state.
06-01 11:14:37.254 18141 18141 W LayerDrawable: java.lang.RuntimeException
06-01 11:14:37.254 18141 18141 W LayerDrawable: 	at android.graphics.drawable.LayerDrawable$ChildDrawable.<init>(LayerDrawable.java:1857)
06-01 11:14:37.254 18141 18141 W LayerDrawable: 	at android.graphics.drawable.LayerDrawable$LayerState.<init>(LayerDrawable.java:1977)
06-01 11:14:37.254 18141 18141 W LayerDrawable: 	at android.graphics.drawable.LayerDrawable.createConstantState(LayerDrawable.java:174)
06-01 11:14:37.254 18141 18141 W LayerDrawable: 	at android.graphics.drawable.LayerDrawable.mutate(LayerDrawable.java:1782)
06-01 11:14:37.254 18141 18141 W LayerDrawable: 	at y7.t3.j(r8-map-id-736cc75d0ebf0737f659094023f3c4020755c8ffb3ee7a3e80fa0ec1acd2c70b:83)
06-01 11:14:37.254 18141 18141 W LayerDrawable: 	at helium314.keyboard.latin.panels.BrowserPanelView.D0(r8-map-id-736cc75d0ebf0737f659094023f3c4020755c8ffb3ee7a3e80fa0ec1acd2c70b:75)
06-01 11:14:37.254 18141 18141 W LayerDrawable: 	at helium314.keyboard.latin.panels.BrowserPanelView.d(r8-map-id-736cc75d0ebf0737f659094023f3c4020755c8ffb3ee7a3e80fa0ec1acd2c70b:909)
06-01 11:14:37.254 18141 18141 W LayerDrawable: 	at y7.b2.onClick(r8-map-id-736cc75d0ebf0737f659094023f3c4020755c8ffb3ee7a3e80fa0ec1acd2c70b:35)
06-01 11:14:37.254 18141 18141 W LayerDrawable: 	at android.view.View.performClick(View.java:7488)
06-01 11:14:37.254 18141 18141 W LayerDrawable: 	at android.view.View.performClickInternal(View.java:7464)
06-01 11:14:37.254 18141 18141 W LayerDrawable: 	at android.view.View.access$3700(View.java:841)
06-01 11:14:37.254 18141 18141 W LayerDrawable: 	at android.view.View$PerformClick.run(View.java:28911)
06-01 11:14:37.254 18141 18141 W LayerDrawable: 	at android.os.Handler.handleCallback(Handler.java:938)
06-01 11:14:37.254 18141 18141 W LayerDrawable: 	at android.os.Handler.dispatchMessage(Handler.java:99)
06-01 11:14:37.254 18141 18141 W LayerDrawable: 	at android.os.Looper.loopOnce(Looper.java:233)
06-01 11:14:37.254 18141 18141 W LayerDrawable: 	at android.os.Looper.loop(Looper.java:344)
06-01 11:14:37.254 18141 18141 W LayerDrawable: 	at android.app.ActivityThread.main(ActivityThread.java:8212)
06-01 11:14:37.254 18141 18141 W LayerDrawable: 	at java.lang.reflect.Method.invoke(Native Method)
06-01 11:14:37.254 18141 18141 W LayerDrawable: 	at com.android.internal.os.RuntimeInit$MethodAndArgsCaller.run(RuntimeInit.java:584)
06-01 11:14:37.254 18141 18141 W LayerDrawable: 	at com.android.internal.os.ZygoteInit.main(ZygoteInit.java:1034)
06-01 11:14:37.254 18141 18141 W LayerDrawable: Invalid drawable added to LayerDrawable! Drawable already belongs to another owner but does not expose a constant state.
06-01 11:14:37.254 18141 18141 W LayerDrawable: java.lang.RuntimeException
06-01 11:14:37.254 18141 18141 W LayerDrawable: 	at android.graphics.drawable.LayerDrawable$ChildDrawable.<init>(LayerDrawable.java:1857)
06-01 11:14:37.254 18141 18141 W LayerDrawable: 	at android.graphics.drawable.LayerDrawable$LayerState.<init>(LayerDrawable.java:1977)
06-01 11:14:37.254 18141 18141 W LayerDrawable: 	at android.graphics.drawable.LayerDrawable.createConstantState(LayerDrawable.java:174)
06-01 11:14:37.254 18141 18141 W LayerDrawable: 	at android.graphics.drawable.LayerDrawable.mutate(LayerDrawable.java:1782)
06-01 11:14:37.254 18141 18141 W LayerDrawable: 	at y7.t3.j(r8-map-id-736cc75d0ebf0737f659094023f3c4020755c8ffb3ee7a3e80fa0ec1acd2c70b:83)
06-01 11:14:37.254 18141 18141 W LayerDrawable: 	at helium314.keyboard.latin.panels.BrowserPanelView.D0(r8-map-id-736cc75d0ebf0737f659094023f3c4020755c8ffb3ee7a3e80fa0ec1acd2c70b:75)
06-01 11:14:37.254 18141 18141 W LayerDrawable: 	at helium314.keyboard.latin.panels.BrowserPanelView.d(r8-map-id-736cc75d0ebf0737f659094023f3c4020755c8ffb3ee7a3e80fa0ec1acd2c70b:873)
06-01 11:14:37.254 18141 18141 W LayerDrawable: 	at y7.b2.onClick(r8-map-id-736cc75d0ebf0737f659094023f3c4020755c8ffb3ee7a3e80fa0ec1acd2c70b:35)
06-01 11:14:37.254 18141 18141 W LayerDrawable: 	at android.view.View.performClick(View.java:7488)
06-01 11:14:37.254 18141 18141 W LayerDrawable: 	at android.view.View.performClickInternal(View.java:7464)
06-01 11:14:37.254 18141 18141 W LayerDrawable: 	at android.view.View.access$3700(View.java:841)
06-01 11:14:37.254 18141 18141 W LayerDrawable: 	at android.view.View$PerformClick.run(View.java:28911)
06-01 11:14:37.254 18141 18141 W LayerDrawable: 	at android.os.Handler.handleCallback(Handler.java:938)
06-01 11:14:37.254 18141 18141 W LayerDrawable: 	at android.os.Handler.dispatchMessage(Handler.java:99)
06-01 11:14:37.254 18141 18141 W LayerDrawable: 	at android.os.Looper.loopOnce(Looper.java:233)
06-01 11:14:37.254 18141 18141 W LayerDrawable: 	at android.os.Looper.loop(Looper.java:344)
06-01 11:14:37.254 18141 18141 W LayerDrawable: 	at android.app.ActivityThread.main(ActivityThread.java:8212)
06-01 11:14:37.254 18141 18141 W LayerDrawable: 	at java.lang.reflect.Method.invoke(Native Method)
06-01 11:14:37.254 18141 18141 W LayerDrawable: 	at com.android.internal.os.RuntimeInit$MethodAndArgsCaller.run(RuntimeInit.java:584)
06-01 11:14:37.254 18141 18141 W LayerDrawable: 	at com.android.internal.os.ZygoteInit.main(ZygoteInit.java:1034)
06-01 11:14:37.255 18141 18141 W LayerDrawable: Invalid drawable added to LayerDrawable! Drawable already belongs to another owner but does not expose a constant state.
06-01 11:14:37.255 18141 18141 W LayerDrawable: java.lang.RuntimeException
06-01 11:14:37.255 18141 18141 W LayerDrawable: 	at android.graphics.drawable.LayerDrawable$ChildDrawable.<init>(LayerDrawable.java:1857)
06-01 11:14:37.255 18141 18141 W LayerDrawable: 	at android.graphics.drawable.LayerDrawable$LayerState.<init>(LayerDrawable.java:1977)
06-01 11:14:37.255 18141 18141 W LayerDrawable: 	at android.graphics.drawable.LayerDrawable.createConstantState(LayerDrawable.java:174)
06-01 11:14:37.255 18141 18141 W LayerDrawable: 	at android.graphics.drawable.LayerDrawable.mutate(LayerDrawable.java:1782)
06-01 11:14:37.255 18141 18141 W LayerDrawable: 	at y7.t3.j(r8-map-id-736cc75d0ebf0737f659094023f3c4020755c8ffb3ee7a3e80fa0ec1acd2c70b:83)
06-01 11:14:37.255 18141 18141 W LayerDrawable: 	at helium314.keyboard.latin.panels.BrowserPanelView.D0(r8-map-id-736cc75d0ebf0737f659094023f3c4020755c8ffb3ee7a3e80fa0ec1acd2c70b:75)
06-01 11:14:37.255 18141 18141 W LayerDrawable: 	at helium314.keyboard.latin.panels.BrowserPanelView.d(r8-map-id-736cc75d0ebf0737f659094023f3c4020755c8ffb3ee7a3e80fa0ec1acd2c70b:909)
06-01 11:14:37.255 18141 18141 W LayerDrawable: 	at y7.b2.onClick(r8-map-id-736cc75d0ebf0737f659094023f3c4020755c8ffb3ee7a3e80fa0ec1acd2c70b:35)
06-01 11:14:37.255 18141 18141 W LayerDrawable: 	at android.view.View.performClick(View.java:7488)
06-01 11:14:37.255 18141 18141 W LayerDrawable: 	at android.view.View.performClickInternal(View.java:7464)
06-01 11:14:37.255 18141 18141 W LayerDrawable: 	at android.view.View.access$3700(View.java:841)
06-01 11:14:37.255 18141 18141 W LayerDrawable: 	at android.view.View$PerformClick.run(View.java:28911)
06-01 11:14:37.255 18141 18141 W LayerDrawable: 	at android.os.Handler.handleCallback(Handler.java:938)
06-01 11:14:37.255 18141 18141 W LayerDrawable: 	at android.os.Handler.dispatchMessage(Handler.java:99)
06-01 11:14:37.255 18141 18141 W LayerDrawable: 	at android.os.Looper.loopOnce(Looper.java:233)
06-01 11:14:37.255 18141 18141 W LayerDrawable: 	at android.os.Looper.loop(Looper.java:344)
06-01 11:14:37.255 18141 18141 W LayerDrawable: 	at android.app.ActivityThread.main(ActivityThread.java:8212)
06-01 11:14:37.255 18141 18141 W LayerDrawable: 	at java.lang.reflect.Method.invoke(Native Method)
06-01 11:14:37.255 18141 18141 W LayerDrawable: 	at com.android.internal.os.RuntimeInit$MethodAndArgsCaller.run(RuntimeInit.java:584)
06-01 11:14:37.255 18141 18141 W LayerDrawable: 	at com.android.internal.os.ZygoteInit.main(ZygoteInit.java:1034)
06-01 11:14:37.255 18141 18141 W GeckoEventDispatcher: No listener for GeckoView:DismissClipboardPermissionRequest
06-01 11:14:38.810 18141 22876 E BLASTBufferQueue: BLASTBufferItemConsumer::onDisconnect()
06-01 11:14:38.812 18141 18141 E GeckoView: Failed to detach WindowInsetsListener: 
06-01 11:14:38.812 18141 18141 E GeckoView: java.lang.NullPointerException: Attempt to invoke virtual method 'android.view.Window android.app.Activity.getWindow()' on a null object reference
06-01 11:14:38.812 18141 18141 E GeckoView: 	at org.mozilla.geckoview.GeckoView.detachWindowInsetsListener(r8-map-id-736cc75d0ebf0737f659094023f3c4020755c8ffb3ee7a3e80fa0ec1acd2c70b:1)
06-01 11:14:38.812 18141 18141 E GeckoView: 	at org.mozilla.geckoview.GeckoView.onDetachedFromWindow(r8-map-id-736cc75d0ebf0737f659094023f3c4020755c8ffb3ee7a3e80fa0ec1acd2c70b:25)
06-01 11:14:38.812 18141 18141 E GeckoView: 	at android.view.View.dispatchDetachedFromWindow(View.java:20955)
06-01 11:14:38.812 18141 18141 E GeckoView: 	at android.view.ViewGroup.dispatchDetachedFromWindow(ViewGroup.java:4014)
06-01 11:14:38.812 18141 18141 E GeckoView: 	at android.view.ViewGroup.removeViewInternal(ViewGroup.java:5660)
06-01 11:14:38.812 18141 18141 E GeckoView: 	at android.view.ViewGroup.removeViewInternal(ViewGroup.java:5631)
06-01 11:14:38.812 18141 18141 E GeckoView: 	at android.view.ViewGroup.removeView(ViewGroup.java:5562)
06-01 11:14:38.812 18141 18141 E GeckoView: 	at helium314.keyboard.latin.panels.BrowserPanelView.D(r8-map-id-736cc75d0ebf0737f659094023f3c4020755c8ffb3ee7a3e80fa0ec1acd2c70b:90)
06-01 11:14:38.812 18141 18141 E GeckoView: 	at helium314.keyboard.latin.panels.BrowserPanelView.v(r8-map-id-736cc75d0ebf0737f659094023f3c4020755c8ffb3ee7a3e80fa0ec1acd2c70b:65)
06-01 11:14:38.812 18141 18141 E GeckoView: 	at helium314.keyboard.latin.panels.BrowserPanelView.e(r8-map-id-736cc75d0ebf0737f659094023f3c4020755c8ffb3ee7a3e80fa0ec1acd2c70b:25)
06-01 11:14:38.812 18141 18141 E GeckoView: 	at y7.o2.invoke(r8-map-id-736cc75d0ebf0737f659094023f3c4020755c8ffb3ee7a3e80fa0ec1acd2c70b:352)
06-01 11:14:38.812 18141 18141 E GeckoView: 	at f8.w.onClick(r8-map-id-736cc75d0ebf0737f659094023f3c4020755c8ffb3ee7a3e80fa0ec1acd2c70b:160)
06-01 11:14:38.812 18141 18141 E GeckoView: 	at android.view.View.performClick(View.java:7488)
06-01 11:14:38.812 18141 18141 E GeckoView: 	at android.view.View.performClickInternal(View.java:7464)
06-01 11:14:38.812 18141 18141 E GeckoView: 	at android.view.View.access$3700(View.java:841)
06-01 11:14:38.812 18141 18141 E GeckoView: 	at android.view.View$PerformClick.run(View.java:28911)
06-01 11:14:38.812 18141 18141 E GeckoView: 	at android.os.Handler.handleCallback(Handler.java:938)
06-01 11:14:38.812 18141 18141 E GeckoView: 	at android.os.Handler.dispatchMessage(Handler.java:99)
06-01 11:14:38.812 18141 18141 E GeckoView: 	at android.os.Looper.loopOnce(Looper.java:233)
06-01 11:14:38.812 18141 18141 E GeckoView: 	at android.os.Looper.loop(Looper.java:344)
06-01 11:14:38.812 18141 18141 E GeckoView: 	at android.app.ActivityThread.main(ActivityThread.java:8212)
06-01 11:14:38.812 18141 18141 E GeckoView: 	at java.lang.reflect.Method.invoke(Native Method)
06-01 11:14:38.812 18141 18141 E GeckoView: 	at com.android.internal.os.RuntimeInit$MethodAndArgsCaller.run(RuntimeInit.java:584)
06-01 11:14:38.812 18141 18141 E GeckoView: 	at com.android.internal.os.ZygoteInit.main(ZygoteInit.java:1034)
06-01 11:14:38.815 18141 18141 E GeckoView: Failed to attach WindowInsetsListener: 
06-01 11:14:38.815 18141 18141 E GeckoView: java.lang.NullPointerException: Attempt to invoke virtual method 'android.view.Window android.app.Activity.getWindow()' on a null object reference
06-01 11:14:38.815 18141 18141 E GeckoView: 	at org.mozilla.geckoview.GeckoView.attachWindowInsetsListener(r8-map-id-736cc75d0ebf0737f659094023f3c4020755c8ffb3ee7a3e80fa0ec1acd2c70b:1)
06-01 11:14:38.815 18141 18141 E GeckoView: 	at org.mozilla.geckoview.GeckoView.onAttachedToWindow(r8-map-id-736cc75d0ebf0737f659094023f3c4020755c8ffb3ee7a3e80fa0ec1acd2c70b:49)
06-01 11:14:38.815 18141 18141 E GeckoView: 	at android.view.View.dispatchAttachedToWindow(View.java:20900)
06-01 11:14:38.815 18141 18141 E GeckoView: 	at android.view.ViewGroup.dispatchAttachedToWindow(ViewGroup.java:3539)
06-01 11:14:38.815 18141 18141 E GeckoView: 	at android.view.ViewGroup.addViewInner(ViewGroup.java:5378)
06-01 11:14:38.815 18141 18141 E GeckoView: 	at android.view.ViewGroup.addView(ViewGroup.java:5156)
06-01 11:14:38.815 18141 18141 E GeckoView: 	at android.view.ViewGroup.addView(ViewGroup.java:5096)
06-01 11:14:38.815 18141 18141 E GeckoView: 	at helium314.keyboard.latin.panels.BrowserPanelView.Y(r8-map-id-736cc75d0ebf0737f659094023f3c4020755c8ffb3ee7a3e80fa0ec1acd2c70b:62)
06-01 11:14:38.815 18141 18141 E GeckoView: 	at helium314.keyboard.latin.panels.BrowserPanelView.X(r8-map-id-736cc75d0ebf0737f659094023f3c4020755c8ffb3ee7a3e80fa0ec1acd2c70b:296)
06-01 11:14:38.815 18141 18141 E GeckoView: 	at helium314.keyboard.latin.panels.BrowserPanelView.v(r8-map-id-736cc75d0ebf0737f659094023f3c4020755c8ffb3ee7a3e80fa0ec1acd2c70b:68)
06-01 11:14:38.815 18141 18141 E GeckoView: 	at helium314.keyboard.latin.panels.BrowserPanelView.e(r8-map-id-736cc75d0ebf0737f659094023f3c4020755c8ffb3ee7a3e80fa0ec1acd2c70b:25)
06-01 11:14:38.815 18141 18141 E GeckoView: 	at y7.o2.invoke(r8-map-id-736cc75d0ebf0737f659094023f3c4020755c8ffb3ee7a3e80fa0ec1acd2c70b:352)
06-01 11:14:38.815 18141 18141 E GeckoView: 	at f8.w.onClick(r8-map-id-736cc75d0ebf0737f659094023f3c4020755c8ffb3ee7a3e80fa0ec1acd2c70b:160)
06-01 11:14:38.815 18141 18141 E GeckoView: 	at android.view.View.performClick(View.java:7488)
06-01 11:14:38.815 18141 18141 E GeckoView: 	at android.view.View.performClickInternal(View.java:7464)
06-01 11:14:38.815 18141 18141 E GeckoView: 	at android.view.View.access$3700(View.java:841)
06-01 11:14:38.815 18141 18141 E GeckoView: 	at android.view.View$PerformClick.run(View.java:28911)
06-01 11:14:38.815 18141 18141 E GeckoView: 	at android.os.Handler.handleCallback(Handler.java:938)
06-01 11:14:38.815 18141 18141 E GeckoView: 	at android.os.Handler.dispatchMessage(Handler.java:99)
06-01 11:14:38.815 18141 18141 E GeckoView: 	at android.os.Looper.loopOnce(Looper.java:233)
06-01 11:14:38.815 18141 18141 E GeckoView: 	at android.os.Looper.loop(Looper.java:344)
06-01 11:14:38.815 18141 18141 E GeckoView: 	at android.app.ActivityThread.main(ActivityThread.java:8212)
06-01 11:14:38.815 18141 18141 E GeckoView: 	at java.lang.reflect.Method.invoke(Native Method)
06-01 11:14:38.815 18141 18141 E GeckoView: 	at com.android.internal.os.RuntimeInit$MethodAndArgsCaller.run(RuntimeInit.java:584)
06-01 11:14:38.815 18141 18141 E GeckoView: 	at com.android.internal.os.ZygoteInit.main(ZygoteInit.java:1034)
06-01 11:14:38.854 18141 18438 E GeckoConsole: [JavaScript Error: "TypeError: can't access property "WindowEventDispatcher", win is null" {file: "resource://gre/modules/GeckoViewSessionStore.sys.mjs" line: 149}]
06-01 11:14:38.854 18141 18438 E GeckoConsole: onTabStateUpdate@resource://gre/modules/GeckoViewSessionStore.sys.mjs:149:5
06-01 11:14:38.854 18141 18438 E GeckoConsole: updateSessionStoreFromTabListener@resource://gre/modules/GeckoViewSessionStore.sys.mjs:243:10
06-01 11:14:38.854 18141 18438 E GeckoConsole: SSF_updateSessionStore@resource://gre/modules/SessionStoreFunctions.sys.mjs:46:27
06-01 11:14:38.854 18141 18438 E GeckoConsole: UpdateSessionStore@resource://gre/modules/SessionStoreFunctions.sys.mjs:16:46
06-01 11:14:38.855 18141 18438 E GeckoConsole: [JavaScript Error: "TypeError: can't access property "WindowEventDispatcher", win is null" {file: "resource://gre/modules/GeckoViewSessionStore.sys.mjs" line: 149}]
06-01 11:14:38.855 18141 18438 E GeckoConsole: onTabStateUpdate@resource://gre/modules/GeckoViewSessionStore.sys.mjs:149:5
06-01 11:14:38.855 18141 18438 E GeckoConsole: updateSessionStoreFromTabListener@resource://gre/modules/GeckoViewSessionStore.sys.mjs:243:10
06-01 11:14:38.855 18141 18438 E GeckoConsole: SSF_updateSessionStore@resource://gre/modules/SessionStoreFunctions.sys.mjs:46:27
06-01 11:14:38.855 18141 18438 E GeckoConsole: UpdateSessionStore@resource://gre/modules/SessionStoreFunctions.sys.mjs:16:46
06-01 11:14:38.911 14691 14708 W GeckoEditableChild: No editable parent
06-01 11:14:38.913 14691 14708 W Isolated Web Content: [JavaScript Warning: "This page is in Quirks Mode. Page layout may be impacted. For Standards Mode use “<!DOCTYPE html>”." {file: "https://drudgereport.com/" line: 0}]
06-01 11:14:38.922 18141 22811 E BLASTBufferQueue: BLASTBufferItemConsumer::onDisconnect()
06-01 11:14:38.950 14691 14708 W Isolated Web Content: [JavaScript Warning: "Layout was forced before the page was fully loaded. If stylesheets are not yet loaded this may cause a flash of unstyled content." {file: "https://drudgereport.com/" line: 20}]
06-01 11:14:39.248 14691 14708 W Isolated Web Content: [JavaScript Warning: "WEBGL_debug_renderer_info is deprecated in Firefox and will be removed. Please use RENDERER." {file: "https://html-load.cc/script/ZHJ1ZGdlcmVwb3J0LmNvbQ.js" line: 2}]
06-01 11:14:39.286 18141 22811 E BLASTBufferQueue: BLASTBufferItemConsumer::onDisconnect()
06-01 11:14:39.302 14691 14708 W Isolated Web Content: [JavaScript Warning: "The value of the attribute “expires” for the cookie “_ga_FS8TY9PHEM” has been overwritten." {file: "https://drudgereport.com/" line: 0}]
06-01 11:14:39.317 14691 14708 W Isolated Web Content: [JavaScript Warning: "This page is in Quirks Mode. Page layout may be impacted. For Standards Mode use “<!DOCTYPE html>”." {file: "https://html-load.cc/script/ZHJ1ZGdlcmVwb3J0LmNvbQ.js" line: 2}]
06-01 11:14:39.596 18141 18141 W GeckoEventDispatcher: No listener for GeckoView:DismissClipboardPermissionRequest
06-01 11:14:39.968 14783 14783 E .keyboard:tab2: Unknown bits set in runtime_flags: 0x40000000
06-01 11:14:39.991 14691 14708 W Isolated Web Content: [JavaScript Warning: "The script from “https://cdn.hadronid.net/hadron.js?url=https%3A%2F%2Fdrudgereport.com%2F&ref=&_it=freestar&partner_id=474&ha=_hadron” was loaded even though its MIME type (“text/plain”) is not a valid JavaScript MIME type." {file: "https://drudgereport.com/" line: 0}]
06-01 11:14:40.038 14783 14801 E GeckoLibLoad: Load sqlite start
06-01 11:14:40.039 14783 14801 E GeckoLibLoad: Load sqlite done
06-01 11:14:40.039 14783 14801 E GeckoLibLoad: Load nss start
06-01 11:14:40.039 14783 14801 E GeckoLibLoad: Load nss done
06-01 11:14:40.047 14783 14801 E GeckoLibLoad: Loaded libs in 8.521355ms total, 0ms(0ms) user, 0ms(8ms) system, 0(0) faults
06-01 11:14:40.048 14783 14801 W GeckoThread: zerdatime 3722909 - runGecko
06-01 11:14:40.047 18141 18141 W com.vibekey.keyboard: type=1400 audit(0.0:7719): avc: denied { nlmsg_readpriv } for comm=536F636B657420546872656164 scontext=u:r:untrusted_app:s0:c12,c271,c512,c768 tcontext=u:r:untrusted_app:s0:c12,c271,c512,c768 tclass=netlink_route_socket permissive=0 bug=b/155595000 app=com.vibekey.keyboard
06-01 11:14:40.090 14691 14708 W Isolated Web Content: [JavaScript Warning: "The value of the attribute “expires” for the cookie “_ga_FS8TY9PHEM” has been overwritten." {file: "https://drudgereport.com/" line: 0}]
06-01 11:14:40.153 14819 14819 E .keyboard:tab1: Unknown bits set in runtime_flags: 0x40000000
06-01 11:14:40.188 14835 14835 E y.keyboard:tab: Unknown bits set in runtime_flags: 0x40000000
06-01 11:14:40.224 14819 14851 E GeckoLibLoad: Load sqlite start
06-01 11:14:40.225 14819 14851 E GeckoLibLoad: Load sqlite done
06-01 11:14:40.225 14819 14851 E GeckoLibLoad: Load nss start
06-01 11:14:40.225 14819 14851 E GeckoLibLoad: Load nss done
06-01 11:14:40.246 14819 14851 E GeckoLibLoad: Loaded libs in 20.585416ms total, 0ms(2ms) user, 8ms(11ms) system, 0(0) faults
06-01 11:14:40.246 14819 14851 W GeckoThread: zerdatime 3723107 - runGecko
06-01 11:14:40.255 14835 14854 E GeckoLibLoad: Load sqlite start
06-01 11:14:40.257 14835 14854 E GeckoLibLoad: Load sqlite done
06-01 11:14:40.258 14835 14854 E GeckoLibLoad: Load nss start
06-01 11:14:40.258 14835 14854 E GeckoLibLoad: Load nss done
06-01 11:14:40.267 14835 14854 E GeckoLibLoad: Loaded libs in 8.827396ms total, 0ms(0ms) user, 7ms(8ms) system, 0(0) faults
06-01 11:14:40.268 14835 14854 W GeckoThread: zerdatime 3723128 - runGecko
06-01 11:14:40.366 14691 14708 E Isolated Web Content: [JavaScript Error: "Cookie “au_3p_check” has been rejected for invalid domain." {file: "https://drudgereport.com/" line: 0}]
06-01 11:14:40.391 14835 14854 W Isolated Web Content: [JavaScript Warning: "Content-Security-Policy: Ignoring “'unsafe-inline'” within script-src: ‘strict-dynamic’ specified" {file: "https://www.google.com/recaptcha/api2/aframe" line: 0}]
06-01 11:14:40.391 14835 14854 W Isolated Web Content: [JavaScript Warning: "Content-Security-Policy: Ignoring “https:” within script-src: ‘strict-dynamic’ specified" {file: "https://www.google.com/recaptcha/api2/aframe" line: 0}]
