07-14 16:38:23.231 25468 25468 W n       : [0] drop stale event: 977,112|900 last: 977,112|74623
07-14 16:38:23.260 25468 25468 W n       : [0] drop stale event: 977,112|929 last: 977,112|74623
07-14 16:38:23.272 25468 25468 W n       : [0] drop stale event: 977,112|941 last: 977,112|74623
07-14 16:38:23.331 25468 25468 W n       : [0] drop stale event: 977,112|1000 last: 977,112|74623
07-14 16:38:23.331 25468 25468 W n       : [0] drop stale event: 977,112|1000 last: 977,112|74623
07-14 16:38:23.360 25468 25468 W n       : [0] drop stale event: 977,112|35 last: 977,112|74623
07-14 16:38:23.373 25468 25468 W n       : [0] drop stale event: 977,112|48 last: 977,112|74623
07-14 16:38:23.434 25468 25468 W n       : [0] drop stale event: 977,112|109 last: 977,112|74623
07-14 16:38:23.434 25468 25468 W n       : [0] drop stale event: 977,112|110 last: 977,112|74623
07-14 16:38:23.460 25468 25468 W n       : [0] drop stale event: 977,112|135 last: 977,112|74623
07-14 16:38:23.473 25468 25468 W n       : [0] drop stale event: 977,112|148 last: 977,112|74623
07-14 16:38:23.535 25468 25468 W n       : [0] drop stale event: 977,112|36 last: 977,112|74623
07-14 16:38:23.536 25468 25468 W n       : [0] drop stale event: 977,112|36 last: 977,112|74623
07-14 16:38:23.560 25468 25468 W n       : [0] drop stale event: 977,112|60 last: 977,112|74623
07-14 16:38:23.573 25468 25468 W n       : [0] drop stale event: 977,112|73 last: 977,112|74623
07-14 16:38:23.636 25468 25468 W n       : [0] drop stale event: 977,112|136 last: 977,112|74623
07-14 16:38:23.636 25468 25468 W n       : [0] drop stale event: 977,112|136 last: 977,112|74623
07-14 16:38:23.654 25468 26590 W libc    : Access denied finding property "vendor.oplus.media.vpp.stutter"
07-14 16:38:23.660 25468 25468 W n       : [0] drop stale event: 977,112|160 last: 977,112|74623
07-14 16:38:23.673 25468 25468 W n       : [0] drop stale event: 977,112|173 last: 977,112|74623
07-14 16:38:23.747 25468 25468 W n       : [0] drop stale event: 977,112|247 last: 977,112|74623
07-14 16:38:23.748 25468 25468 W n       : [0] drop stale event: 977,112|248 last: 977,112|74623
07-14 16:38:23.761 25468 25468 W n       : [0] drop stale event: 977,112|261 last: 977,112|74623
07-14 16:38:23.774 25468 25468 W n       : [0] drop stale event: 977,112|274 last: 977,112|74623
07-14 16:38:23.848 25468 25468 W n       : [0] drop stale event: 977,112|348 last: 977,112|74623
07-14 16:38:23.848 25468 25468 W n       : [0] drop stale event: 977,112|348 last: 977,112|74623
07-14 16:38:23.861 25468 25468 W n       : [0] drop stale event: 977,112|361 last: 977,112|74623
07-14 16:38:23.876 25468 25468 W n       : [0] drop stale event: 977,112|375 last: 977,112|74623
07-14 16:38:23.948 25468 25468 W n       : [0] drop stale event: 977,112|448 last: 977,112|74623
07-14 16:38:23.949 25468 25468 W n       : [0] drop stale event: 977,112|449 last: 977,112|74623
07-14 16:38:23.962 25468 25468 W n       : [0] drop stale event: 977,112|462 last: 977,112|74623
07-14 16:38:23.976 25468 25468 W n       : [0] drop stale event: 977,112|476 last: 977,112|74623
07-14 16:38:24.049 25468 25468 W n       : [0] drop stale event: 977,112|48 last: 977,112|74623
07-14 16:38:24.049 25468 25468 W n       : [0] drop stale event: 977,112|49 last: 977,112|74623
07-14 16:38:24.063 25468 25468 W n       : [0] drop stale event: 977,112|62 last: 977,112|74623
07-14 16:38:24.077 25468 25468 W n       : [0] drop stale event: 977,112|76 last: 977,112|74623
07-14 16:38:24.149 25468 25468 W n       : [0] drop stale event: 977,112|14 last: 977,112|74623
07-14 16:38:24.150 25468 25468 W n       : [0] drop stale event: 977,112|15 last: 977,112|74623
07-14 16:38:24.163 25468 25468 W n       : [0] drop stale event: 977,112|28 last: 977,112|74623
07-14 16:38:24.177 25468 25468 W n       : [0] drop stale event: 977,112|42 last: 977,112|74623
07-14 16:38:24.253 25468 25468 W n       : [0] drop stale event: 977,112|118 last: 977,112|74623
07-14 16:38:24.253 25468 25468 W n       : [0] drop stale event: 977,112|118 last: 977,112|74623
07-14 16:38:24.264 25468 25468 W n       : [0] drop stale event: 977,112|129 last: 977,112|74623
07-14 16:38:24.277 25468 25468 W n       : [0] drop stale event: 977,112|142 last: 977,112|74623
07-14 16:38:24.353 25468 25468 W n       : [0] drop stale event: 977,112|27 last: 977,112|74623
07-14 16:38:24.353 25468 25468 W n       : [0] drop stale event: 977,112|27 last: 977,112|74623
07-14 16:38:24.364 25468 25468 W n       : [0] drop stale event: 977,112|37 last: 977,112|74623
07-14 16:38:24.377 25468 25468 W n       : [0] drop stale event: 977,112|50 last: 977,112|74623
07-14 16:38:24.454 25468 25468 W n       : [0] drop stale event: 977,112|127 last: 977,112|74623
07-14 16:38:24.454 25468 25468 W n       : [0] drop stale event: 977,112|127 last: 977,112|74623
07-14 16:38:24.464 25468 25468 W n       : [0] drop stale event: 977,112|137 last: 977,112|74623
07-14 16:38:24.478 25468 25468 W n       : [0] drop stale event: 977,112|151 last: 977,112|74623
07-14 16:38:24.567 25468 25468 W n       : [0] drop stale event: 977,112|15 last: 977,112|74623
07-14 16:38:24.567 25468 25468 W n       : [0] drop stale event: 977,112|16 last: 977,112|74623
07-14 16:38:24.567 25468 25468 W n       : [0] drop stale event: 977,112|16 last: 977,112|74623
07-14 16:38:24.578 25468 25468 W n       : [0] drop stale event: 977,112|26 last: 977,112|74623
07-14 16:38:24.654 25468 26590 W libc    : Access denied finding property "vendor.oplus.media.vpp.stutter"
07-14 16:38:24.670 25468 25468 W n       : [0] drop stale event: 977,112|119 last: 977,112|74623
07-14 16:38:24.671 25468 25468 W n       : [0] drop stale event: 977,112|119 last: 977,112|74623
07-14 16:38:24.671 25468 25468 W n       : [0] drop stale event: 977,112|119 last: 977,112|74623
07-14 16:38:24.678 25468 25468 W n       : [0] drop stale event: 977,112|126 last: 977,112|74623
07-14 16:38:24.775 25468 25468 W n       : [0] drop stale event: 977,112|223 last: 977,112|74623
07-14 16:38:24.775 25468 25468 W n       : [0] drop stale event: 977,112|223 last: 977,112|74623
07-14 16:38:24.776 25468 25468 W n       : [0] drop stale event: 977,112|224 last: 977,112|74623
07-14 16:38:24.778 25468 25468 W n       : [0] drop stale event: 977,112|226 last: 977,112|74623
07-14 16:38:24.877 25468 25468 W n       : [0] drop stale event: 977,112|325 last: 977,112|74623
07-14 16:38:24.877 25468 25468 W n       : [0] drop stale event: 977,112|325 last: 977,112|74623
07-14 16:38:24.878 25468 25468 W n       : [0] drop stale event: 977,112|326 last: 977,112|74623
07-14 16:38:24.879 25468 25468 W n       : [0] drop stale event: 977,112|327 last: 977,112|74623
07-14 16:38:24.978 25468 25468 W n       : [0] drop stale event: 977,112|426 last: 977,112|74623
07-14 16:38:24.978 25468 25468 W n       : [0] drop stale event: 977,112|426 last: 977,112|74623
07-14 16:38:24.978 25468 25468 W n       : [0] drop stale event: 977,112|426 last: 977,112|74623
07-14 16:38:24.979 25468 25468 W n       : [0] drop stale event: 977,112|427 last: 977,112|74623
07-14 16:38:25.078 25468 25468 W n       : [0] drop stale event: 977,112|526 last: 977,112|74623
07-14 16:38:25.078 25468 25468 W n       : [0] drop stale event: 977,112|526 last: 977,112|74623
07-14 16:38:25.078 25468 25468 W n       : [0] drop stale event: 977,112|527 last: 977,112|74623
07-14 16:38:25.079 25468 25468 W n       : [0] drop stale event: 977,112|527 last: 977,112|74623
07-14 16:38:25.181 25468 25468 W n       : [0] drop stale event: 977,112|628 last: 977,112|74623
07-14 16:38:25.181 25468 25468 W n       : [0] drop stale event: 977,112|629 last: 977,112|74623
07-14 16:38:25.181 25468 25468 W n       : [0] drop stale event: 977,112|629 last: 977,112|74623
07-14 16:38:25.181 25468 25468 W n       : [0] drop stale event: 977,112|629 last: 977,112|74623
07-14 16:38:25.281 25468 25468 W n       : [0] drop stale event: 977,112|729 last: 977,112|74623
07-14 16:38:25.281 25468 25468 W n       : [0] drop stale event: 977,112|730 last: 977,112|74623
07-14 16:38:25.281 25468 25468 W n       : [0] drop stale event: 977,112|730 last: 977,112|74623
07-14 16:38:25.281 25468 25468 W n       : [0] drop stale event: 977,112|730 last: 977,112|74623
07-14 16:38:25.381 25468 25468 W n       : [0] drop stale event: 977,112|829 last: 977,112|74623
07-14 16:38:25.381 25468 25468 W n       : [0] drop stale event: 977,112|830 last: 977,112|74623
07-14 16:38:25.381 25468 25468 W n       : [0] drop stale event: 977,112|830 last: 977,112|74623
07-14 16:38:25.381 25468 25468 W n       : [0] drop stale event: 977,112|830 last: 977,112|74623
07-14 16:38:25.481 25468 25468 W n       : [0] drop stale event: 977,112|929 last: 977,112|74623
07-14 16:38:25.481 25468 25468 W n       : [0] drop stale event: 977,112|930 last: 977,112|74623
07-14 16:38:25.482 25468 25468 W n       : [0] drop stale event: 977,112|930 last: 977,112|74623
07-14 16:38:25.482 25468 25468 W n       : [0] drop stale event: 977,112|930 last: 977,112|74623
07-14 16:38:25.583 25468 25468 W n       : [0] drop stale event: 977,112|1031 last: 977,112|74623
07-14 16:38:25.584 25468 25468 W n       : [0] drop stale event: 977,112|1032 last: 977,112|74623
07-14 16:38:25.584 25468 25468 W n       : [0] drop stale event: 977,112|1032 last: 977,112|74623
07-14 16:38:25.584 25468 25468 W n       : [0] drop stale event: 977,112|1032 last: 977,112|74623
07-14 16:38:25.655 25468 26590 W libc    : Access denied finding property "vendor.oplus.media.vpp.stutter"
07-14 16:38:25.685 25468 25468 W n       : [0] drop stale event: 977,112|1133 last: 977,112|74623
07-14 16:38:25.685 25468 25468 W n       : [0] drop stale event: 977,112|1133 last: 977,112|74623
07-14 16:38:25.685 25468 25468 W n       : [0] drop stale event: 977,112|1133 last: 977,112|74623
07-14 16:38:25.685 25468 25468 W n       : [0] drop stale event: 977,112|1133 last: 977,112|74623
07-14 16:38:25.785 25468 25468 W n       : [0] drop stale event: 977,112|97 last: 977,112|74623
07-14 16:38:25.785 25468 25468 W n       : [0] drop stale event: 977,112|97 last: 977,112|74623
07-14 16:38:25.785 25468 25468 W n       : [0] drop stale event: 977,112|97 last: 977,112|74623
07-14 16:38:25.785 25468 25468 W n       : [0] drop stale event: 977,112|97 last: 977,112|74623
07-14 16:38:25.886 25468 25468 W n       : [0] drop stale event: 977,112|198 last: 977,112|74623
07-14 16:38:25.886 25468 25468 W n       : [0] drop stale event: 977,112|198 last: 977,112|74623
07-14 16:38:25.886 25468 25468 W n       : [0] drop stale event: 977,112|198 last: 977,112|74623
07-14 16:38:25.886 25468 25468 W n       : [0] drop stale event: 977,112|199 last: 977,112|74623
07-14 16:38:25.986 25468 25468 W n       : [0] drop stale event: 977,112|73 last: 977,112|74623
07-14 16:38:25.986 25468 25468 W n       : [0] drop stale event: 977,112|73 last: 977,112|74623
07-14 16:38:25.987 25468 25468 W n       : [0] drop stale event: 977,112|74 last: 977,112|74623
07-14 16:38:25.987 25468 25468 W n       : [0] drop stale event: 977,112|75 last: 977,112|74623
07-14 16:38:26.087 25468 25468 W n       : [0] drop stale event: 977,112|174 last: 977,112|74623
07-14 16:38:26.087 25468 25468 W n       : [0] drop stale event: 977,112|174 last: 977,112|74623
07-14 16:38:26.088 25468 25468 W n       : [0] drop stale event: 977,112|175 last: 977,112|74623
07-14 16:38:26.093 25468 25468 W n       : [0] drop stale event: 977,112|180 last: 977,112|74623
07-14 16:38:26.188 25468 25468 W n       : [0] drop stale event: 977,112|32 last: 977,112|74623
07-14 16:38:26.188 25468 25468 W n       : [0] drop stale event: 977,112|32 last: 977,112|74623
07-14 16:38:26.188 25468 25468 W n       : [0] drop stale event: 977,112|32 last: 977,112|74623
07-14 16:38:26.193 25468 25468 W n       : [0] drop stale event: 977,112|37 last: 977,112|74623
07-14 16:38:26.290 25468 25468 W n       : [0] drop stale event: 977,112|134 last: 977,112|74623
07-14 16:38:26.290 25468 25468 W n       : [0] drop stale event: 977,112|134 last: 977,112|74623
07-14 16:38:26.290 25468 25468 W n       : [0] drop stale event: 977,112|134 last: 977,112|74623
07-14 16:38:26.292 25468 25468 W n       : [0] drop stale event: 977,112|137 last: 977,112|74623
07-14 16:38:26.395 25468 25468 W n       : [0] drop stale event: 977,112|239 last: 977,112|74623
07-14 16:38:26.395 25468 25468 W n       : [0] drop stale event: 977,112|239 last: 977,112|74623
07-14 16:38:26.396 25468 25468 W n       : [0] drop stale event: 977,112|240 last: 977,112|74623
07-14 16:38:26.396 25468 25468 W n       : [0] drop stale event: 977,112|240 last: 977,112|74623
07-14 16:38:26.500 25468 25468 W n       : [0] drop stale event: 977,112|344 last: 977,112|74623
07-14 16:38:26.500 25468 25468 W n       : [0] drop stale event: 977,112|344 last: 977,112|74623
07-14 16:38:26.500 25468 25468 W n       : [0] drop stale event: 977,112|345 last: 977,112|74623
07-14 16:38:26.501 25468 25468 W n       : [0] drop stale event: 977,112|345 last: 977,112|74623
07-14 16:38:26.601 25468 25468 W n       : [0] drop stale event: 977,112|445 last: 977,112|74623
07-14 16:38:26.601 25468 25468 W n       : [0] drop stale event: 977,112|446 last: 977,112|74623
07-14 16:38:26.602 25468 25468 W n       : [0] drop stale event: 977,112|446 last: 977,112|74623
07-14 16:38:26.602 25468 25468 W n       : [0] drop stale event: 977,112|446 last: 977,112|74623
07-14 16:38:26.663 25468 26590 W libc    : Access denied finding property "vendor.oplus.media.vpp.stutter"
07-14 16:38:26.704 25468 25468 W n       : [0] drop stale event: 977,112|548 last: 977,112|74623
07-14 16:38:26.704 25468 25468 W n       : [0] drop stale event: 977,112|548 last: 977,112|74623
07-14 16:38:26.704 25468 25468 W n       : [0] drop stale event: 977,112|548 last: 977,112|74623
07-14 16:38:26.704 25468 25468 W n       : [0] drop stale event: 977,112|548 last: 977,112|74623
07-14 16:38:26.804 25468 25468 W n       : [0] drop stale event: 977,112|648 last: 977,112|74623
07-14 16:38:26.805 25468 25468 W n       : [0] drop stale event: 977,112|649 last: 977,112|74623
07-14 16:38:26.805 25468 25468 W n       : [0] drop stale event: 977,112|649 last: 977,112|74623
07-14 16:38:26.805 25468 25468 W n       : [0] drop stale event: 977,112|649 last: 977,112|74623
07-14 16:38:26.905 25468 25468 W n       : [0] drop stale event: 977,112|749 last: 977,112|74623
07-14 16:38:26.905 25468 25468 W n       : [0] drop stale event: 977,112|750 last: 977,112|74623
07-14 16:38:26.906 25468 25468 W n       : [0] drop stale event: 977,112|750 last: 977,112|74623
07-14 16:38:26.906 25468 25468 W n       : [0] drop stale event: 977,112|750 last: 977,112|74623
07-14 16:38:27.005 25468 25468 W n       : [0] drop stale event: 977,112|849 last: 977,112|74623
07-14 16:38:27.009 25468 25468 W n       : [0] drop stale event: 977,112|853 last: 977,112|74623
07-14 16:38:27.010 25468 25468 W n       : [0] drop stale event: 977,112|854 last: 977,112|74623
07-14 16:38:27.010 25468 25468 W n       : [0] drop stale event: 977,112|854 last: 977,112|74623
07-14 16:38:27.090 25468 25468 I VkVibeCards: enter effects=true overlay=true cards=true
07-14 16:38:27.105 25468 25468 W n       : [0] drop stale event: 977,112|23 last: 977,112|74623
07-14 16:38:27.110 25468 25468 W n       : [0] drop stale event: 977,112|28 last: 977,112|74623
07-14 16:38:27.110 25468 25468 W n       : [0] drop stale event: 977,112|28 last: 977,112|74623
07-14 16:38:27.111 25468 25468 W n       : [0] drop stale event: 977,112|29 last: 977,112|74623
07-14 16:38:27.206 25468 25468 W n       : [0] drop stale event: 977,112|124 last: 977,112|74623
07-14 16:38:27.210 25468 25468 W n       : [0] drop stale event: 977,112|128 last: 977,112|74623
07-14 16:38:27.210 25468 25468 W n       : [0] drop stale event: 977,112|128 last: 977,112|74623
07-14 16:38:27.211 25468 25468 W n       : [0] drop stale event: 977,112|129 last: 977,112|74623
07-14 16:38:27.245 25468 25468 I VkVibeCards: ▶ tap generate promptLen=11 ref=false
07-14 16:38:27.334 25468 25468 W n       : [0] drop stale event: 977,112|252 last: 977,112|74623
07-14 16:38:27.338 25468 25468 W n       : [0] drop stale event: 977,112|256 last: 977,112|74623
07-14 16:38:27.338 25468 25468 W n       : [0] drop stale event: 977,112|256 last: 977,112|74623
07-14 16:38:27.338 25468 25468 W n       : [0] drop stale event: 977,112|256 last: 977,112|74623
07-14 16:38:27.386 25468 27449 W ServiceBindIntentUtils: Dynamic lookup for intent failed for action: com.google.android.gms.ads.service.START
07-14 16:38:27.436 25468 25468 W n       : [0] drop stale event: 977,112|354 last: 977,112|74623
07-14 16:38:27.438 25468 25468 W n       : [0] drop stale event: 977,112|356 last: 977,112|74623
07-14 16:38:27.438 25468 25468 W n       : [0] drop stale event: 977,112|356 last: 977,112|74623
07-14 16:38:27.438 25468 25468 W n       : [0] drop stale event: 977,112|356 last: 977,112|74623
07-14 16:38:27.536 25468 25468 W n       : [0] drop stale event: 977,112|455 last: 977,112|74623
07-14 16:38:27.538 25468 25468 W n       : [0] drop stale event: 977,112|456 last: 977,112|74623
07-14 16:38:27.538 25468 25468 W n       : [0] drop stale event: 977,112|456 last: 977,112|74623
07-14 16:38:27.538 25468 25468 W n       : [0] drop stale event: 977,112|456 last: 977,112|74623
07-14 16:38:27.637 25468 25468 W n       : [0] drop stale event: 977,112|555 last: 977,112|74623
07-14 16:38:27.638 25468 25468 W n       : [0] drop stale event: 977,112|556 last: 977,112|74623
07-14 16:38:27.638 25468 25468 W n       : [0] drop stale event: 977,112|556 last: 977,112|74623
07-14 16:38:27.638 25468 25468 W n       : [0] drop stale event: 977,112|556 last: 977,112|74623
07-14 16:38:27.663 25468 26590 W libc    : Access denied finding property "vendor.oplus.media.vpp.stutter"
07-14 16:38:27.737 25468 25468 W n       : [0] drop stale event: 977,112|655 last: 977,112|74623
07-14 16:38:27.738 25468 25468 W n       : [0] drop stale event: 977,112|656 last: 977,112|74623
07-14 16:38:27.738 25468 25468 W n       : [0] drop stale event: 977,112|656 last: 977,112|74623
07-14 16:38:27.738 25468 25468 W n       : [0] drop stale event: 977,112|656 last: 977,112|74623
07-14 16:38:27.837 25468 25468 W n       : [0] drop stale event: 977,112|755 last: 977,112|74623
07-14 16:38:27.838 25468 25468 W n       : [0] drop stale event: 977,112|757 last: 977,112|74623
07-14 16:38:27.838 25468 25468 W n       : [0] drop stale event: 977,112|757 last: 977,112|74623
07-14 16:38:27.838 25468 25468 W n       : [0] drop stale event: 977,112|757 last: 977,112|74623
07-14 16:38:27.937 25468 25468 W n       : [0] drop stale event: 977,112|855 last: 977,112|74623
07-14 16:38:27.939 25468 25468 W n       : [0] drop stale event: 977,112|858 last: 977,112|74623
07-14 16:38:27.940 25468 25468 W n       : [0] drop stale event: 977,112|858 last: 977,112|74623
07-14 16:38:27.940 25468 25468 W n       : [0] drop stale event: 977,112|858 last: 977,112|74623
07-14 16:38:28.037 25468 25468 W n       : [0] drop stale event: 977,112|955 last: 977,112|74623
07-14 16:38:28.040 25468 25468 W n       : [0] drop stale event: 977,112|958 last: 977,112|74623
07-14 16:38:28.040 25468 25468 W n       : [0] drop stale event: 977,112|958 last: 977,112|74623
07-14 16:38:28.040 25468 25468 W n       : [0] drop stale event: 977,112|958 last: 977,112|74623
07-14 16:38:28.145 25468 25468 W n       : [0] drop stale event: 977,112|1064 last: 977,112|74623
07-14 16:38:28.146 25468 25468 W n       : [0] drop stale event: 977,112|1064 last: 977,112|74623
07-14 16:38:28.146 25468 25468 W n       : [0] drop stale event: 977,112|1064 last: 977,112|74623
07-14 16:38:28.146 25468 25468 W n       : [0] drop stale event: 977,112|1064 last: 977,112|74623
07-14 16:38:28.246 25468 25468 W n       : [0] drop stale event: 977,112|1164 last: 977,112|74623
07-14 16:38:28.246 25468 25468 W n       : [0] drop stale event: 977,112|1164 last: 977,112|74623
07-14 16:38:28.246 25468 25468 W n       : [0] drop stale event: 977,112|1165 last: 977,112|74623
07-14 16:38:28.246 25468 25468 W n       : [0] drop stale event: 977,112|1165 last: 977,112|74623
07-14 16:38:28.274 25468 25468 W Ads     : GET LOCATION COMPILED
07-14 16:38:28.315 25468 25615 E chromium: [ERROR:net/socket/ssl_client_socket_impl.cc:963] handshake failed; returned -1, SSL error code 1, net_error -101
07-14 16:38:28.346 25468 25468 W n       : [0] drop stale event: 977,112|1264 last: 977,112|74623
07-14 16:38:28.346 25468 25468 W n       : [0] drop stale event: 977,112|1264 last: 977,112|74623
07-14 16:38:28.346 25468 25468 W n       : [0] drop stale event: 977,112|1265 last: 977,112|74623
07-14 16:38:28.347 25468 25468 W n       : [0] drop stale event: 977,112|1265 last: 977,112|74623
07-14 16:38:28.350 25468 25595 W libc    : Access denied finding property "vendor.oplus.media.vpp.stutter"
07-14 16:38:28.350 25468 25595 E MULTIMEDIAConfig: [getInt32:L80] Not find config, Returning default
07-14 16:38:28.350 25468 25595 E MULTIMEDIAConfig: [getInt32:L80] Not find config, Returning default
07-14 16:38:28.350 25468 25595 E OplusACodec: [OplusACodec:204] mSrOsieMMListCheckResult:0x0 mOsieVersion:1
07-14 16:38:28.393 25468 27546 E OplusACodec: [GetVideoCodingTypeFromMime:L1162] mime:video/x-vnd.on2.vp9
07-14 16:38:28.396 25468 25615 E chromium: [ERROR:net/socket/ssl_client_socket_impl.cc:963] handshake failed; returned -1, SSL error code 1, net_error -101
07-14 16:38:28.446 25468 25468 W n       : [0] drop stale event: 977,112|1364 last: 977,112|74623
07-14 16:38:28.446 25468 25468 W n       : [0] drop stale event: 977,112|1365 last: 977,112|74623
07-14 16:38:28.446 25468 25468 W n       : [0] drop stale event: 977,112|1365 last: 977,112|74623
07-14 16:38:28.446 25468 25468 W n       : [0] drop stale event: 977,112|1365 last: 977,112|74623
07-14 16:38:28.546 25468 25468 W n       : [0] drop stale event: 977,112|1464 last: 977,112|74623
07-14 16:38:28.547 25468 25468 W n       : [0] drop stale event: 977,112|1465 last: 977,112|74623
07-14 16:38:28.547 25468 25468 W n       : [0] drop stale event: 977,112|1465 last: 977,112|74623
07-14 16:38:28.547 25468 25468 W n       : [0] drop stale event: 977,112|1465 last: 977,112|74623
07-14 16:38:28.554 25468 25595 W cr_MediaCodecBridge: Releasing: OMX.qcom.video.decoder.vp9
07-14 16:38:28.555 25468 27545 E ExtensionsLoader: freeAllBuffers: 12 buffers were freed while being dequeued!
07-14 16:38:28.558 25468 25595 W cr_MediaCodecBridge: Codec released
07-14 16:38:28.646 25468 25468 W n       : [0] drop stale event: 977,112|1564 last: 977,112|74623
07-14 16:38:28.647 25468 25468 W n       : [0] drop stale event: 977,112|1565 last: 977,112|74623
07-14 16:38:28.647 25468 25468 W n       : [0] drop stale event: 977,112|1565 last: 977,112|74623
07-14 16:38:28.647 25468 25468 W n       : [0] drop stale event: 977,112|1565 last: 977,112|74623
07-14 16:38:28.664 25468 26590 W libc    : Access denied finding property "vendor.oplus.media.vpp.stutter"
07-14 16:38:28.746 25468 25468 W n       : [0] drop stale event: 977,112|1664 last: 977,112|74623
07-14 16:38:28.747 25468 25468 W n       : [0] drop stale event: 977,112|1666 last: 977,112|74623
07-14 16:38:28.747 25468 25468 W n       : [0] drop stale event: 977,112|1666 last: 977,112|74623
07-14 16:38:28.747 25468 25468 W n       : [0] drop stale event: 977,112|1666 last: 977,112|74623
07-14 16:38:28.846 25468 25468 W n       : [0] drop stale event: 977,112|1764 last: 977,112|74623
07-14 16:38:28.848 25468 25468 W n       : [0] drop stale event: 977,112|1766 last: 977,112|74623
07-14 16:38:28.848 25468 25468 W n       : [0] drop stale event: 977,112|1767 last: 977,112|74623
07-14 16:38:28.848 25468 25468 W n       : [0] drop stale event: 977,112|1767 last: 977,112|74623
07-14 16:38:28.980 25468 25468 W n       : [0] drop stale event: 977,112|1898 last: 977,112|74623
07-14 16:38:28.980 25468 25468 W n       : [0] drop stale event: 977,112|1898 last: 977,112|74623
07-14 16:38:28.980 25468 25468 W n       : [0] drop stale event: 977,112|1898 last: 977,112|74623
07-14 16:38:28.980 25468 25468 W n       : [0] drop stale event: 977,112|1898 last: 977,112|74623
07-14 16:38:28.983 25468 25595 W libc    : Access denied finding property "vendor.oplus.media.vpp.stutter"
07-14 16:38:28.984 25468 25595 E MULTIMEDIAConfig: [getInt32:L80] Not find config, Returning default
07-14 16:38:28.984 25468 25595 E MULTIMEDIAConfig: [getInt32:L80] Not find config, Returning default
07-14 16:38:28.984 25468 25595 E OplusACodec: [OplusACodec:204] mSrOsieMMListCheckResult:0x0 mOsieVersion:1
07-14 16:38:28.995 25468 27564 E OplusACodec: [GetVideoCodingTypeFromMime:L1162] mime:video/x-vnd.on2.vp9
07-14 16:38:29.084 25468 25512 E BLASTBufferQueue: BLASTBufferItemConsumer::onDisconnect()
07-14 16:38:29.118 25468 25468 W n       : [0] drop stale event: 977,112|2036 last: 977,112|74623
07-14 16:38:29.118 25468 25468 W n       : [0] drop stale event: 977,112|2036 last: 977,112|74623
07-14 16:38:29.118 25468 25468 W n       : [0] drop stale event: 977,112|2036 last: 977,112|74623
07-14 16:38:29.118 25468 25468 W n       : [0] drop stale event: 977,112|2036 last: 977,112|74623
07-14 16:38:29.218 25468 25468 W n       : [0] drop stale event: 977,112|2136 last: 977,112|74623
07-14 16:38:29.218 25468 25468 W n       : [0] drop stale event: 977,112|2136 last: 977,112|74623
07-14 16:38:29.218 25468 25468 W n       : [0] drop stale event: 977,112|2136 last: 977,112|74623
07-14 16:38:29.218 25468 25468 W n       : [0] drop stale event: 977,112|2136 last: 977,112|74623
07-14 16:38:29.318 25468 25468 W n       : [0] drop stale event: 977,112|2236 last: 977,112|74623
07-14 16:38:29.318 25468 25468 W n       : [0] drop stale event: 977,112|2236 last: 977,112|74623
07-14 16:38:29.318 25468 25468 W n       : [0] drop stale event: 977,112|2236 last: 977,112|74623
07-14 16:38:29.318 25468 25468 W n       : [0] drop stale event: 977,112|2236 last: 977,112|74623
07-14 16:38:29.418 25468 25468 W n       : [0] drop stale event: 977,112|2336 last: 977,112|74623
07-14 16:38:29.418 25468 25468 W n       : [0] drop stale event: 977,112|2336 last: 977,112|74623
07-14 16:38:29.418 25468 25468 W n       : [0] drop stale event: 977,112|2336 last: 977,112|74623
07-14 16:38:29.418 25468 25468 W n       : [0] drop stale event: 977,112|2336 last: 977,112|74623
07-14 16:38:29.518 25468 25468 W n       : [0] drop stale event: 977,112|2436 last: 977,112|74623
07-14 16:38:29.518 25468 25468 W n       : [0] drop stale event: 977,112|2436 last: 977,112|74623
07-14 16:38:29.518 25468 25468 W n       : [0] drop stale event: 977,112|2436 last: 977,112|74623
07-14 16:38:29.518 25468 25468 W n       : [0] drop stale event: 977,112|2436 last: 977,112|74623
07-14 16:38:29.618 25468 25468 W n       : [0] drop stale event: 977,112|2536 last: 977,112|74623
07-14 16:38:29.618 25468 25468 W n       : [0] drop stale event: 977,112|2536 last: 977,112|74623
07-14 16:38:29.618 25468 25468 W n       : [0] drop stale event: 977,112|2536 last: 977,112|74623
07-14 16:38:29.618 25468 25468 W n       : [0] drop stale event: 977,112|2537 last: 977,112|74623
07-14 16:38:29.665 25468 26590 W libc    : Access denied finding property "vendor.oplus.media.vpp.stutter"
07-14 16:38:29.718 25468 25468 W n       : [0] drop stale event: 977,112|2636 last: 977,112|74623
07-14 16:38:29.718 25468 25468 W n       : [0] drop stale event: 977,112|2637 last: 977,112|74623
07-14 16:38:29.722 25468 25468 W n       : [0] drop stale event: 977,112|2640 last: 977,112|74623
07-14 16:38:29.722 25468 25468 W n       : [0] drop stale event: 977,112|2640 last: 977,112|74623
07-14 16:38:29.818 25468 25468 W n       : [0] drop stale event: 977,112|2736 last: 977,112|74623
07-14 16:38:29.819 25468 25468 W n       : [0] drop stale event: 977,112|2737 last: 977,112|74623
07-14 16:38:29.822 25468 25468 W n       : [0] drop stale event: 977,112|2740 last: 977,112|74623
07-14 16:38:29.822 25468 25468 W n       : [0] drop stale event: 977,112|2740 last: 977,112|74623
07-14 16:38:29.918 25468 25468 W n       : [0] drop stale event: 977,112|2836 last: 977,112|74623
07-14 16:38:29.920 25468 25468 W n       : [0] drop stale event: 977,112|2839 last: 977,112|74623
07-14 16:38:29.921 25468 25468 W n       : [0] drop stale event: 977,112|2840 last: 977,112|74623
07-14 16:38:29.921 25468 25468 W n       : [0] drop stale event: 977,112|2840 last: 977,112|74623
07-14 16:38:30.018 25468 25468 W n       : [0] drop stale event: 977,112|2936 last: 977,112|74623
07-14 16:38:30.021 25468 25468 W n       : [0] drop stale event: 977,112|2940 last: 977,112|74623
07-14 16:38:30.021 25468 25468 W n       : [0] drop stale event: 977,112|2940 last: 977,112|74623
07-14 16:38:30.022 25468 25468 W n       : [0] drop stale event: 977,112|2940 last: 977,112|74623
07-14 16:38:30.116 25468 27564 W libc    : Access denied finding property "vendor.oplus.media.vpp.stutter"
07-14 16:38:30.119 25468 25468 W n       : [0] drop stale event: 977,112|3038 last: 977,112|74623
07-14 16:38:30.123 25468 25468 W n       : [0] drop stale event: 977,112|3041 last: 977,112|74623
07-14 16:38:30.123 25468 25468 W n       : [0] drop stale event: 977,112|3041 last: 977,112|74623
07-14 16:38:30.123 25468 25468 W n       : [0] drop stale event: 977,112|3041 last: 977,112|74623
07-14 16:38:30.220 25468 25468 W n       : [0] drop stale event: 977,112|3138 last: 977,112|74623
07-14 16:38:30.223 25468 25468 W n       : [0] drop stale event: 977,112|3141 last: 977,112|74623
07-14 16:38:30.223 25468 25468 W n       : [0] drop stale event: 977,112|3141 last: 977,112|74623
07-14 16:38:30.223 25468 25468 W n       : [0] drop stale event: 977,112|3142 last: 977,112|74623
07-14 16:38:30.320 25468 25468 W n       : [0] drop stale event: 977,112|3238 last: 977,112|74623
07-14 16:38:30.322 25468 25468 W n       : [0] drop stale event: 977,112|3241 last: 977,112|74623
07-14 16:38:30.323 25468 25468 W n       : [0] drop stale event: 977,112|3242 last: 977,112|74623
07-14 16:38:30.323 25468 25468 W n       : [0] drop stale event: 977,112|3242 last: 977,112|74623
07-14 16:38:30.420 25468 25468 W n       : [0] drop stale event: 977,112|3338 last: 977,112|74623
07-14 16:38:30.423 25468 25468 W n       : [0] drop stale event: 977,112|3341 last: 977,112|74623
07-14 16:38:30.424 25468 25468 W n       : [0] drop stale event: 977,112|3342 last: 977,112|74623
07-14 16:38:30.424 25468 25468 W n       : [0] drop stale event: 977,112|3342 last: 977,112|74623
07-14 16:38:30.520 25468 25468 W n       : [0] drop stale event: 977,112|3438 last: 977,112|74623
07-14 16:38:30.523 25468 25468 W n       : [0] drop stale event: 977,112|3441 last: 977,112|74623
07-14 16:38:30.523 25468 25468 W n       : [0] drop stale event: 977,112|3442 last: 977,112|74623
07-14 16:38:30.523 25468 25468 W n       : [0] drop stale event: 977,112|3442 last: 977,112|74623
07-14 16:38:30.620 25468 25468 W n       : [0] drop stale event: 977,112|3538 last: 977,112|74623
07-14 16:38:30.623 25468 25468 W n       : [0] drop stale event: 977,112|3541 last: 977,112|74623
07-14 16:38:30.624 25468 25468 W n       : [0] drop stale event: 977,112|3542 last: 977,112|74623
07-14 16:38:30.624 25468 25468 W n       : [0] drop stale event: 977,112|3543 last: 977,112|74623
07-14 16:38:30.666 25468 26590 W libc    : Access denied finding property "vendor.oplus.media.vpp.stutter"
07-14 16:38:30.721 25468 25468 W n       : [0] drop stale event: 977,112|3639 last: 977,112|74623
07-14 16:38:30.724 25468 25468 W n       : [0] drop stale event: 977,112|3642 last: 977,112|74623
07-14 16:38:30.724 25468 25468 W n       : [0] drop stale event: 977,112|3642 last: 977,112|74623
07-14 16:38:30.724 25468 25468 W n       : [0] drop stale event: 977,112|3643 last: 977,112|74623
07-14 16:38:30.821 25468 25468 W n       : [0] drop stale event: 977,112|3739 last: 977,112|74623
07-14 16:38:30.824 25468 25468 W n       : [0] drop stale event: 977,112|3742 last: 977,112|74623
07-14 16:38:30.824 25468 25468 W n       : [0] drop stale event: 977,112|3742 last: 977,112|74623
07-14 16:38:30.825 25468 25468 W n       : [0] drop stale event: 977,112|3743 last: 977,112|74623
07-14 16:38:30.924 25468 25468 W n       : [0] drop stale event: 977,112|3842 last: 977,112|74623
07-14 16:38:30.924 25468 25468 W n       : [0] drop stale event: 977,112|3842 last: 977,112|74623
07-14 16:38:30.924 25468 25468 W n       : [0] drop stale event: 977,112|3842 last: 977,112|74623
07-14 16:38:30.924 25468 25468 W n       : [0] drop stale event: 977,112|3843 last: 977,112|74623
07-14 16:38:31.024 25468 25468 W n       : [0] drop stale event: 977,112|3942 last: 977,112|74623
07-14 16:38:31.024 25468 25468 W n       : [0] drop stale event: 977,112|3942 last: 977,112|74623
07-14 16:38:31.024 25468 25468 W n       : [0] drop stale event: 977,112|3942 last: 977,112|74623
07-14 16:38:31.025 25468 25468 W n       : [0] drop stale event: 977,112|3943 last: 977,112|74623
07-14 16:38:31.117 25468 27564 W libc    : Access denied finding property "vendor.oplus.media.vpp.stutter"
07-14 16:38:31.124 25468 25468 W n       : [0] drop stale event: 977,112|4042 last: 977,112|74623
07-14 16:38:31.124 25468 25468 W n       : [0] drop stale event: 977,112|4042 last: 977,112|74623
07-14 16:38:31.124 25468 25468 W n       : [0] drop stale event: 977,112|4042 last: 977,112|74623
07-14 16:38:31.124 25468 25468 W n       : [0] drop stale event: 977,112|4043 last: 977,112|74623
07-14 16:38:31.224 25468 25468 W n       : [0] drop stale event: 977,112|4142 last: 977,112|74623
07-14 16:38:31.224 25468 25468 W n       : [0] drop stale event: 977,112|4143 last: 977,112|74623
07-14 16:38:31.225 25468 25468 W n       : [0] drop stale event: 977,112|4143 last: 977,112|74623
07-14 16:38:31.225 25468 25468 W n       : [0] drop stale event: 977,112|4143 last: 977,112|74623
07-14 16:38:31.324 25468 25468 W n       : [0] drop stale event: 977,112|4243 last: 977,112|74623
07-14 16:38:31.324 25468 25468 W n       : [0] drop stale event: 977,112|4243 last: 977,112|74623
07-14 16:38:31.325 25468 25468 W n       : [0] drop stale event: 977,112|4243 last: 977,112|74623
07-14 16:38:31.325 25468 25468 W n       : [0] drop stale event: 977,112|4243 last: 977,112|74623
07-14 16:38:31.425 25468 25468 W n       : [0] drop stale event: 977,112|4343 last: 977,112|74623
07-14 16:38:31.425 25468 25468 W n       : [0] drop stale event: 977,112|4343 last: 977,112|74623
07-14 16:38:31.425 25468 25468 W n       : [0] drop stale event: 977,112|4343 last: 977,112|74623
07-14 16:38:31.425 25468 25468 W n       : [0] drop stale event: 977,112|4343 last: 977,112|74623
07-14 16:38:31.525 25468 25468 W n       : [0] drop stale event: 977,112|4443 last: 977,112|74623
07-14 16:38:31.525 25468 25468 W n       : [0] drop stale event: 977,112|4443 last: 977,112|74623
07-14 16:38:31.525 25468 25468 W n       : [0] drop stale event: 977,112|4443 last: 977,112|74623
07-14 16:38:31.525 25468 25468 W n       : [0] drop stale event: 977,112|4443 last: 977,112|74623
07-14 16:38:31.626 25468 25468 W n       : [0] drop stale event: 977,112|4544 last: 977,112|74623
07-14 16:38:31.626 25468 25468 W n       : [0] drop stale event: 977,112|4544 last: 977,112|74623
07-14 16:38:31.626 25468 25468 W n       : [0] drop stale event: 977,112|4544 last: 977,112|74623
07-14 16:38:31.627 25468 25468 W n       : [0] drop stale event: 977,112|4545 last: 977,112|74623
07-14 16:38:31.666 25468 26590 W libc    : Access denied finding property "vendor.oplus.media.vpp.stutter"
07-14 16:38:31.726 25468 25468 W n       : [0] drop stale event: 977,112|4644 last: 977,112|74623
07-14 16:38:31.726 25468 25468 W n       : [0] drop stale event: 977,112|4644 last: 977,112|74623
07-14 16:38:31.727 25468 25468 W n       : [0] drop stale event: 977,112|4646 last: 977,112|74623
07-14 16:38:31.728 25468 25468 W n       : [0] drop stale event: 977,112|4646 last: 977,112|74623
07-14 16:38:31.831 25468 25468 W n       : [0] drop stale event: 977,112|4749 last: 977,112|74623
07-14 16:38:31.831 25468 25468 W n       : [0] drop stale event: 977,112|4749 last: 977,112|74623
07-14 16:38:31.831 25468 25468 W n       : [0] drop stale event: 977,112|4749 last: 977,112|74623
07-14 16:38:31.831 25468 25468 W n       : [0] drop stale event: 977,112|4749 last: 977,112|74623
07-14 16:38:31.931 25468 25468 W n       : [0] drop stale event: 977,112|4849 last: 977,112|74623
07-14 16:38:31.931 25468 25468 W n       : [0] drop stale event: 977,112|4849 last: 977,112|74623
07-14 16:38:31.931 25468 25468 W n       : [0] drop stale event: 977,112|4849 last: 977,112|74623
07-14 16:38:31.931 25468 25468 W n       : [0] drop stale event: 977,112|4849 last: 977,112|74623
07-14 16:38:32.031 25468 25468 W n       : [0] drop stale event: 977,112|4949 last: 977,112|74623
07-14 16:38:32.031 25468 25468 W n       : [0] drop stale event: 977,112|4949 last: 977,112|74623
07-14 16:38:32.031 25468 25468 W n       : [0] drop stale event: 977,112|4949 last: 977,112|74623
07-14 16:38:32.031 25468 25468 W n       : [0] drop stale event: 977,112|4949 last: 977,112|74623
07-14 16:38:32.117 25468 27564 W libc    : Access denied finding property "vendor.oplus.media.vpp.stutter"
07-14 16:38:32.131 25468 25468 W n       : [0] drop stale event: 977,112|5050 last: 977,112|74623
07-14 16:38:32.132 25468 25468 W n       : [0] drop stale event: 977,112|5050 last: 977,112|74623
07-14 16:38:32.132 25468 25468 W n       : [0] drop stale event: 977,112|5050 last: 977,112|74623
07-14 16:38:32.132 25468 25468 W n       : [0] drop stale event: 977,112|5050 last: 977,112|74623
07-14 16:38:32.232 25468 25468 W n       : [0] drop stale event: 977,112|5150 last: 977,112|74623
07-14 16:38:32.232 25468 25468 W n       : [0] drop stale event: 977,112|5150 last: 977,112|74623
07-14 16:38:32.232 25468 25468 W n       : [0] drop stale event: 977,112|5150 last: 977,112|74623
07-14 16:38:32.232 25468 25468 W n       : [0] drop stale event: 977,112|5150 last: 977,112|74623
07-14 16:38:32.332 25468 25468 W n       : [0] drop stale event: 977,112|5250 last: 977,112|74623
07-14 16:38:32.332 25468 25468 W n       : [0] drop stale event: 977,112|5250 last: 977,112|74623
07-14 16:38:32.332 25468 25468 W n       : [0] drop stale event: 977,112|5251 last: 977,112|74623
07-14 16:38:32.332 25468 25468 W n       : [0] drop stale event: 977,112|5251 last: 977,112|74623
07-14 16:38:32.419 25468 25512 E BLASTBufferQueue: BLASTBufferItemConsumer::onDisconnect()
07-14 16:38:32.432 25468 25468 W n       : [0] drop stale event: 977,112|5350 last: 977,112|74623
07-14 16:38:32.433 25468 25468 W n       : [0] drop stale event: 977,112|5351 last: 977,112|74623
07-14 16:38:32.433 25468 25468 W n       : [0] drop stale event: 977,112|5351 last: 977,112|74623
07-14 16:38:32.433 25468 25468 W n       : [0] drop stale event: 977,112|5351 last: 977,112|74623
07-14 16:38:32.532 25468 25468 W n       : [0] drop stale event: 977,112|5450 last: 977,112|74623
07-14 16:38:32.533 25468 25468 W n       : [0] drop stale event: 977,112|5452 last: 977,112|74623
07-14 16:38:32.534 25468 25468 W n       : [0] drop stale event: 977,112|5452 last: 977,112|74623
07-14 16:38:32.534 25468 25468 W n       : [0] drop stale event: 977,112|5452 last: 977,112|74623
07-14 16:38:32.632 25468 25468 W n       : [0] drop stale event: 977,112|5551 last: 977,112|74623
07-14 16:38:32.634 25468 25468 W n       : [0] drop stale event: 977,112|5552 last: 977,112|74623
07-14 16:38:32.634 25468 25468 W n       : [0] drop stale event: 977,112|5552 last: 977,112|74623
07-14 16:38:32.634 25468 25468 W n       : [0] drop stale event: 977,112|5552 last: 977,112|74623
07-14 16:38:32.667 25468 26590 W libc    : Access denied finding property "vendor.oplus.media.vpp.stutter"
07-14 16:38:32.733 25468 25468 W n       : [0] drop stale event: 977,112|5651 last: 977,112|74623
07-14 16:38:32.734 25468 25468 W n       : [0] drop stale event: 977,112|5652 last: 977,112|74623
07-14 16:38:32.734 25468 25468 W n       : [0] drop stale event: 977,112|5652 last: 977,112|74623
07-14 16:38:32.734 25468 25468 W n       : [0] drop stale event: 977,112|5652 last: 977,112|74623
07-14 16:38:32.833 25468 25468 W n       : [0] drop stale event: 977,112|5751 last: 977,112|74623
07-14 16:38:32.834 25468 25468 W n       : [0] drop stale event: 977,112|5752 last: 977,112|74623
07-14 16:38:32.834 25468 25468 W n       : [0] drop stale event: 977,112|5752 last: 977,112|74623
07-14 16:38:32.834 25468 25468 W n       : [0] drop stale event: 977,112|5752 last: 977,112|74623
07-14 16:38:32.933 25468 25468 W n       : [0] drop stale event: 977,112|5851 last: 977,112|74623
07-14 16:38:32.934 25468 25468 W n       : [0] drop stale event: 977,112|5852 last: 977,112|74623
07-14 16:38:32.934 25468 25468 W n       : [0] drop stale event: 977,112|5853 last: 977,112|74623
07-14 16:38:32.934 25468 25468 W n       : [0] drop stale event: 977,112|5853 last: 977,112|74623
07-14 16:38:33.033 25468 25468 W n       : [0] drop stale event: 977,112|5951 last: 977,112|74623
07-14 16:38:33.035 25468 25468 W n       : [0] drop stale event: 977,112|5953 last: 977,112|74623
07-14 16:38:33.035 25468 25468 W n       : [0] drop stale event: 977,112|5953 last: 977,112|74623
07-14 16:38:33.035 25468 25468 W n       : [0] drop stale event: 977,112|5953 last: 977,112|74623
07-14 16:38:33.118 25468 27564 W libc    : Access denied finding property "vendor.oplus.media.vpp.stutter"
07-14 16:38:33.133 25468 25468 W n       : [0] drop stale event: 977,112|6051 last: 977,112|74623
07-14 16:38:33.135 25468 25468 W n       : [0] drop stale event: 977,112|6053 last: 977,112|74623
07-14 16:38:33.135 25468 25468 W n       : [0] drop stale event: 977,112|6053 last: 977,112|74623
07-14 16:38:33.135 25468 25468 W n       : [0] drop stale event: 977,112|6053 last: 977,112|74623
07-14 16:38:33.233 25468 25468 W n       : [0] drop stale event: 977,112|6151 last: 977,112|74623
07-14 16:38:33.235 25468 25468 W n       : [0] drop stale event: 977,112|6153 last: 977,112|74623
07-14 16:38:33.235 25468 25468 W n       : [0] drop stale event: 977,112|6153 last: 977,112|74623
07-14 16:38:33.235 25468 25468 W n       : [0] drop stale event: 977,112|6153 last: 977,112|74623
07-14 16:38:33.332 25468 25468 W n       : [0] drop stale event: 977,112|6251 last: 977,112|74623
07-14 16:38:33.335 25468 25468 W n       : [0] drop stale event: 977,112|6253 last: 977,112|74623
07-14 16:38:33.335 25468 25468 W n       : [0] drop stale event: 977,112|6253 last: 977,112|74623
07-14 16:38:33.335 25468 25468 W n       : [0] drop stale event: 977,112|6253 last: 977,112|74623
07-14 16:38:33.433 25468 25468 W n       : [0] drop stale event: 977,112|6351 last: 977,112|74623
07-14 16:38:33.435 25468 25468 W n       : [0] drop stale event: 977,112|6353 last: 977,112|74623
07-14 16:38:33.435 25468 25468 W n       : [0] drop stale event: 977,112|6353 last: 977,112|74623
07-14 16:38:33.435 25468 25468 W n       : [0] drop stale event: 977,112|6354 last: 977,112|74623
07-14 16:38:33.533 25468 25468 W n       : [0] drop stale event: 977,112|6451 last: 977,112|74623
07-14 16:38:33.535 25468 25468 W n       : [0] drop stale event: 977,112|6453 last: 977,112|74623
07-14 16:38:33.535 25468 25468 W n       : [0] drop stale event: 977,112|6454 last: 977,112|74623
07-14 16:38:33.536 25468 25468 W n       : [0] drop stale event: 977,112|6454 last: 977,112|74623
07-14 16:38:33.633 25468 25468 W n       : [0] drop stale event: 977,112|6551 last: 977,112|74623
07-14 16:38:33.636 25468 25468 W n       : [0] drop stale event: 977,112|6554 last: 977,112|74623
07-14 16:38:33.636 25468 25468 W n       : [0] drop stale event: 977,112|6554 last: 977,112|74623
07-14 16:38:33.636 25468 25468 W n       : [0] drop stale event: 977,112|6554 last: 977,112|74623
07-14 16:38:33.668 25468 26590 W libc    : Access denied finding property "vendor.oplus.media.vpp.stutter"
07-14 16:38:33.732 25468 25468 W n       : [0] drop stale event: 977,112|6651 last: 977,112|74623
07-14 16:38:33.736 25468 25468 W n       : [0] drop stale event: 977,112|6654 last: 977,112|74623
07-14 16:38:33.736 25468 25468 W n       : [0] drop stale event: 977,112|6654 last: 977,112|74623
07-14 16:38:33.736 25468 25468 W n       : [0] drop stale event: 977,112|6654 last: 977,112|74623
07-14 16:38:33.833 25468 25468 W n       : [0] drop stale event: 977,112|6751 last: 977,112|74623
07-14 16:38:33.836 25468 25468 W n       : [0] drop stale event: 977,112|6755 last: 977,112|74623
07-14 16:38:33.837 25468 25468 W n       : [0] drop stale event: 977,112|6755 last: 977,112|74623
07-14 16:38:33.837 25468 25468 W n       : [0] drop stale event: 977,112|6755 last: 977,112|74623
07-14 16:38:33.932 25468 25468 W n       : [0] drop stale event: 977,112|6851 last: 977,112|74623
07-14 16:38:33.937 25468 25468 W n       : [0] drop stale event: 977,112|6855 last: 977,112|74623
07-14 16:38:33.937 25468 25468 W n       : [0] drop stale event: 977,112|6855 last: 977,112|74623
07-14 16:38:33.937 25468 25468 W n       : [0] drop stale event: 977,112|6855 last: 977,112|74623
07-14 16:38:34.033 25468 25468 W n       : [0] drop stale event: 977,112|6951 last: 977,112|74623
07-14 16:38:34.037 25468 25468 W n       : [0] drop stale event: 977,112|6955 last: 977,112|74623
07-14 16:38:34.037 25468 25468 W n       : [0] drop stale event: 977,112|6955 last: 977,112|74623
07-14 16:38:34.037 25468 25468 W n       : [0] drop stale event: 977,112|6955 last: 977,112|74623
07-14 16:38:34.118 25468 27564 W libc    : Access denied finding property "vendor.oplus.media.vpp.stutter"
07-14 16:38:34.133 25468 25468 W n       : [0] drop stale event: 977,112|7051 last: 977,112|74623
07-14 16:38:34.137 25468 25468 W n       : [0] drop stale event: 977,112|7055 last: 977,112|74623
07-14 16:38:34.137 25468 25468 W n       : [0] drop stale event: 977,112|7055 last: 977,112|74623
07-14 16:38:34.137 25468 25468 W n       : [0] drop stale event: 977,112|7055 last: 977,112|74623
07-14 16:38:34.234 25468 25468 W n       : [0] drop stale event: 977,112|7153 last: 977,112|74623
07-14 16:38:34.237 25468 25468 W n       : [0] drop stale event: 977,112|7155 last: 977,112|74623
07-14 16:38:34.237 25468 25468 W n       : [0] drop stale event: 977,112|7155 last: 977,112|74623
07-14 16:38:34.237 25468 25468 W n       : [0] drop stale event: 977,112|7155 last: 977,112|74623
07-14 16:38:34.335 25468 25468 W n       : [0] drop stale event: 977,112|7253 last: 977,112|74623
07-14 16:38:34.336 25468 25468 W n       : [0] drop stale event: 977,112|7255 last: 977,112|74623
07-14 16:38:34.337 25468 25468 W n       : [0] drop stale event: 977,112|7255 last: 977,112|74623
07-14 16:38:34.337 25468 25468 W n       : [0] drop stale event: 977,112|7255 last: 977,112|74623
07-14 16:38:34.435 25468 25468 W n       : [0] drop stale event: 977,112|7353 last: 977,112|74623
07-14 16:38:34.436 25468 25468 W n       : [0] drop stale event: 977,112|7355 last: 977,112|74623
07-14 16:38:34.437 25468 25468 W n       : [0] drop stale event: 977,112|7355 last: 977,112|74623
07-14 16:38:34.437 25468 25468 W n       : [0] drop stale event: 977,112|7355 last: 977,112|74623
07-14 16:38:34.535 25468 25468 W n       : [0] drop stale event: 977,112|7453 last: 977,112|74623
07-14 16:38:34.537 25468 25468 W n       : [0] drop stale event: 977,112|7455 last: 977,112|74623
07-14 16:38:34.537 25468 25468 W n       : [0] drop stale event: 977,112|7455 last: 977,112|74623
07-14 16:38:34.537 25468 25468 W n       : [0] drop stale event: 977,112|7455 last: 977,112|74623
07-14 16:38:34.635 25468 25468 W n       : [0] drop stale event: 977,112|7553 last: 977,112|74623
07-14 16:38:34.637 25468 25468 W n       : [0] drop stale event: 977,112|7555 last: 977,112|74623
07-14 16:38:34.637 25468 25468 W n       : [0] drop stale event: 977,112|7555 last: 977,112|74623
07-14 16:38:34.637 25468 25468 W n       : [0] drop stale event: 977,112|7555 last: 977,112|74623
07-14 16:38:34.668 25468 26590 W libc    : Access denied finding property "vendor.oplus.media.vpp.stutter"
07-14 16:38:34.735 25468 25468 W n       : [0] drop stale event: 977,112|7653 last: 977,112|74623
07-14 16:38:34.737 25468 25468 W n       : [0] drop stale event: 977,112|7655 last: 977,112|74623
07-14 16:38:34.737 25468 25468 W n       : [0] drop stale event: 977,112|7655 last: 977,112|74623
07-14 16:38:34.737 25468 25468 W n       : [0] drop stale event: 977,112|7655 last: 977,112|74623
07-14 16:38:34.835 25468 25468 W n       : [0] drop stale event: 977,112|7754 last: 977,112|74623
07-14 16:38:34.836 25468 25468 W n       : [0] drop stale event: 977,112|7755 last: 977,112|74623
07-14 16:38:34.837 25468 25468 W n       : [0] drop stale event: 977,112|7755 last: 977,112|74623
07-14 16:38:34.837 25468 25468 W n       : [0] drop stale event: 977,112|7755 last: 977,112|74623
07-14 16:38:34.936 25468 25468 W n       : [0] drop stale event: 977,112|7854 last: 977,112|74623
07-14 16:38:34.937 25468 25468 W n       : [0] drop stale event: 977,112|7855 last: 977,112|74623
07-14 16:38:34.937 25468 25468 W n       : [0] drop stale event: 977,112|7855 last: 977,112|74623
07-14 16:38:34.937 25468 25468 W n       : [0] drop stale event: 977,112|7856 last: 977,112|74623
07-14 16:38:35.036 25468 25468 W n       : [0] drop stale event: 977,112|7954 last: 977,112|74623
07-14 16:38:35.037 25468 25468 W n       : [0] drop stale event: 977,112|7955 last: 977,112|74623
07-14 16:38:35.037 25468 25468 W n       : [0] drop stale event: 977,112|7956 last: 977,112|74623
07-14 16:38:35.037 25468 25468 W n       : [0] drop stale event: 977,112|7956 last: 977,112|74623
07-14 16:38:35.119 25468 27564 W libc    : Access denied finding property "vendor.oplus.media.vpp.stutter"
07-14 16:38:35.137 25468 25468 W n       : [0] drop stale event: 977,112|8055 last: 977,112|74623
07-14 16:38:35.137 25468 25468 W n       : [0] drop stale event: 977,112|8055 last: 977,112|74623
07-14 16:38:35.138 25468 25468 W n       : [0] drop stale event: 977,112|8057 last: 977,112|74623
