06-02 17:10:32.022 31804 31804 W View    : requestLayout() improperly called by helium314.keyboard.latin.panels.BrowserPanelView{5ae2aec V.E...... ......I. 0,0-1440,2040} during layout: running second layout pass
06-02 17:10:32.026 31804 31804 W View    : requestLayout() improperly called by helium314.keyboard.latin.panels.BrowserPanelView{5ae2aec V.E...... ........ 0,0-1440,2040} during second layout pass: posting in next frame
06-02 17:10:32.038 31804 31804 W View    : requestLayout() improperly called by helium314.keyboard.latin.panels.BrowserPanelView{5ae2aec V.E...... ......I. 0,0-1440,2040} during layout: running second layout pass
06-02 17:10:32.042 31804 31804 W View    : requestLayout() improperly called by helium314.keyboard.latin.panels.BrowserPanelView{5ae2aec V.E...... ........ 0,0-1440,2040} during second layout pass: posting in next frame
06-02 17:10:32.043 26963 27090 W libc    : Access denied finding property "vendor.oplus.media.vpp.stutter"
06-02 17:10:32.046 32292 32406 E y.keyboard:tab: ofbOpen failed with error=No such file or directory
06-02 17:10:32.046 32292 32406 E y.keyboard:tab: sysOpen failed with error=No such file or directory
06-02 17:10:32.055 31804 31804 W View    : requestLayout() improperly called by helium314.keyboard.latin.panels.BrowserPanelView{5ae2aec V.E...... ......I. 0,0-1440,2040} during layout: running second layout pass
06-02 17:10:32.059 31804 31804 W View    : requestLayout() improperly called by helium314.keyboard.latin.panels.BrowserPanelView{5ae2aec V.E...... ........ 0,0-1440,2040} during second layout pass: posting in next frame
06-02 17:10:32.072 31804 31804 W View    : requestLayout() improperly called by helium314.keyboard.latin.panels.BrowserPanelView{5ae2aec V.E...... ......I. 0,0-1440,2040} during layout: running second layout pass
06-02 17:10:32.079 31804 31804 W View    : requestLayout() improperly called by helium314.keyboard.latin.panels.BrowserPanelView{5ae2aec V.E...... ........ 0,0-1440,2040} during second layout pass: posting in next frame
06-02 17:10:32.088 26963 32408 W Codec2Client: query -- param skipped: index = 1107298332.
06-02 17:10:32.091 31804 31804 W View    : requestLayout() improperly called by helium314.keyboard.latin.panels.BrowserPanelView{5ae2aec V.E...... ......I. 0,0-1440,2040} during layout: running second layout pass
06-02 17:10:32.091 26963 32408 W Codec2Client: query -- param skipped: index = 1342179345.
06-02 17:10:32.091 26963 32408 W Codec2Client: query -- param skipped: index = 2415921170.
06-02 17:10:32.091 26963 32408 W Codec2Client: query -- param skipped: index = 1610614798.
06-02 17:10:32.093 31804 31804 W View    : requestLayout() improperly called by helium314.keyboard.latin.panels.BrowserPanelView{5ae2aec V.E...... ........ 0,0-1440,2040} during second layout pass: posting in next frame
06-02 17:10:32.104 26963 27001 W libc    : Access denied finding property "vendor.oplus.media.vpp.stutter"
06-02 17:10:32.105 31804 31804 W View    : requestLayout() improperly called by helium314.keyboard.latin.panels.BrowserPanelView{5ae2aec V.E...... ......ID 0,0-1440,2040} during layout: running second layout pass
06-02 17:10:32.110 26963 27001 E ListServiceUtils: checkInListByUid module:HQV-effect uid:13896 cost 5581us return 0
06-02 17:10:32.110 26963 27001 E MULTIMEDIAConfig: [getInt32:L80] Not find config, Returning default
06-02 17:10:32.110 26963 27001 E MULTIMEDIAConfig: [getInt32:L80] Not find config, Returning default
06-02 17:10:32.110 26963 27001 E OplusACodec: [OplusACodec:204] mSrOsieMMListCheckResult:0x0 mOsieVersion:1
06-02 17:10:32.112 31804 31804 W View    : requestLayout() improperly called by helium314.keyboard.latin.panels.BrowserPanelView{5ae2aec V.E...... ........ 0,0-1440,2040} during second layout pass: posting in next frame
06-02 17:10:32.122 31804 31804 W View    : requestLayout() improperly called by helium314.keyboard.latin.panels.BrowserPanelView{5ae2aec V.E...... ......I. 0,0-1440,2040} during layout: running second layout pass
06-02 17:10:32.126 31804 31804 W View    : requestLayout() improperly called by helium314.keyboard.latin.panels.BrowserPanelView{5ae2aec V.E...... ........ 0,0-1440,2040} during second layout pass: posting in next frame
06-02 17:10:32.134 32420 32420 E .keyboard:tab3: Unknown bits set in runtime_flags: 0x40000000
06-02 17:10:32.138 31804 31804 W View    : requestLayout() improperly called by helium314.keyboard.latin.panels.BrowserPanelView{5ae2aec V.E...... ......I. 0,0-1440,2040} during layout: running second layout pass
06-02 17:10:32.141 31804 31804 W View    : requestLayout() improperly called by helium314.keyboard.latin.panels.BrowserPanelView{5ae2aec V.E...... ........ 0,0-1440,2040} during second layout pass: posting in next frame
06-02 17:10:32.155 31804 31804 W View    : requestLayout() improperly called by helium314.keyboard.latin.panels.BrowserPanelView{5ae2aec V.E...... ......I. 0,0-1440,2040} during layout: running second layout pass
06-02 17:10:32.161 31804 31804 W View    : requestLayout() improperly called by helium314.keyboard.latin.panels.BrowserPanelView{5ae2aec V.E...... ........ 0,0-1440,2040} during second layout pass: posting in next frame
06-02 17:10:32.173 31804 31804 W View    : requestLayout() improperly called by helium314.keyboard.latin.panels.BrowserPanelView{5ae2aec V.E...... ......I. 0,0-1440,2040} during layout: running second layout pass
06-02 17:10:32.181 31804 31804 W View    : requestLayout() improperly called by helium314.keyboard.latin.panels.BrowserPanelView{5ae2aec V.E...... ........ 0,0-1440,2040} during second layout pass: posting in next frame
06-02 17:10:32.185 26963 32419 E OplusACodec: [GetVideoCodingTypeFromMime:L1162] mime:video/avc
06-02 17:10:32.188 31804 31804 W View    : requestLayout() improperly called by helium314.keyboard.latin.panels.BrowserPanelView{5ae2aec V.E...... ......I. 0,0-1440,2040} during layout: running second layout pass
06-02 17:10:32.191 31804 31804 W View    : requestLayout() improperly called by helium314.keyboard.latin.panels.BrowserPanelView{5ae2aec V.E...... ........ 0,0-1440,2040} during second layout pass: posting in next frame
06-02 17:10:32.206 31804 31804 W View    : requestLayout() improperly called by helium314.keyboard.latin.panels.BrowserPanelView{5ae2aec V.E...... ......I. 0,0-1440,2040} during layout: running second layout pass
06-02 17:10:32.209 31804 31804 W View    : requestLayout() improperly called by helium314.keyboard.latin.panels.BrowserPanelView{5ae2aec V.E...... ........ 0,0-1440,2040} during second layout pass: posting in next frame
06-02 17:10:32.221 31804 31804 W View    : requestLayout() improperly called by helium314.keyboard.latin.panels.BrowserPanelView{5ae2aec V.E...... ......I. 0,0-1440,2040} during layout: running second layout pass
06-02 17:10:32.224 31804 31804 W View    : requestLayout() improperly called by helium314.keyboard.latin.panels.BrowserPanelView{5ae2aec V.E...... ........ 0,0-1440,2040} during second layout pass: posting in next frame
06-02 17:10:32.239 31804 31804 W View    : requestLayout() improperly called by helium314.keyboard.latin.panels.BrowserPanelView{5ae2aec V.E...... ......I. 0,0-1440,2040} during layout: running second layout pass
06-02 17:10:32.243 31804 31804 W View    : requestLayout() improperly called by helium314.keyboard.latin.panels.BrowserPanelView{5ae2aec V.E...... ........ 0,0-1440,2040} during second layout pass: posting in next frame
06-02 17:10:32.244 26963 27669 W libc    : Access denied finding property "vendor.oplus.media.vpp.stutter"
06-02 17:10:32.244 26963 27669 E MULTIMEDIAConfig: [getInt32:L80] Not find config, Returning default
06-02 17:10:32.244 26963 27669 E MULTIMEDIAConfig: [getInt32:L80] Not find config, Returning default
06-02 17:10:32.244 26963 27669 E OplusACodec: [OplusACodec:204] mSrOsieMMListCheckResult:0x0 mOsieVersion:1
06-02 17:10:32.256 31804 31804 W View    : requestLayout() improperly called by helium314.keyboard.latin.panels.BrowserPanelView{5ae2aec V.E...... ......I. 0,0-1440,2040} during layout: running second layout pass
06-02 17:10:32.260 31804 31804 W View    : requestLayout() improperly called by helium314.keyboard.latin.panels.BrowserPanelView{5ae2aec V.E...... ........ 0,0-1440,2040} during second layout pass: posting in next frame
06-02 17:10:32.275 31804 31804 W View    : requestLayout() improperly called by helium314.keyboard.latin.panels.BrowserPanelView{5ae2aec V.E...... ......I. 0,0-1440,2040} during layout: running second layout pass
06-02 17:10:32.279 26963 32445 E OplusACodec: [GetVideoCodingTypeFromMime:L1162] mime:video/avc
06-02 17:10:32.280 31804 31804 W View    : requestLayout() improperly called by helium314.keyboard.latin.panels.BrowserPanelView{5ae2aec V.E...... ........ 0,0-1440,2040} during second layout pass: posting in next frame
06-02 17:10:32.288 31804 31804 W View    : requestLayout() improperly called by helium314.keyboard.latin.panels.BrowserPanelView{5ae2aec V.E...... ......I. 0,0-1440,2040} during layout: running second layout pass
06-02 17:10:32.292 31804 31804 W View    : requestLayout() improperly called by helium314.keyboard.latin.panels.BrowserPanelView{5ae2aec V.E...... ........ 0,0-1440,2040} during second layout pass: posting in next frame
06-02 17:10:32.305 31804 31804 W View    : requestLayout() improperly called by helium314.keyboard.latin.panels.BrowserPanelView{5ae2aec V.E...... ......I. 0,0-1440,2040} during layout: running second layout pass
06-02 17:10:32.309 31804 31804 W View    : requestLayout() improperly called by helium314.keyboard.latin.panels.BrowserPanelView{5ae2aec V.E...... ........ 0,0-1440,2040} during second layout pass: posting in next frame
06-02 17:10:32.319 32420 32451 E GeckoLibLoad: Load sqlite start
06-02 17:10:32.320 32420 32451 E GeckoLibLoad: Load sqlite done
06-02 17:10:32.320 32420 32451 E GeckoLibLoad: Load nss start
06-02 17:10:32.320 32420 32451 E GeckoLibLoad: Load nss done
06-02 17:10:32.325 31804 31804 W View    : requestLayout() improperly called by helium314.keyboard.latin.panels.BrowserPanelView{5ae2aec V.E...... ......I. 0,0-1440,2040} during layout: running second layout pass
06-02 17:10:32.329 32420 32451 E GeckoLibLoad: Loaded libs in 9.682761ms total, 0ms(0ms) user, 6ms(9ms) system, 0(0) faults
06-02 17:10:32.330 32420 32451 W GeckoThread: zerdatime 111475191 - runGecko
06-02 17:10:32.333 31804 31804 W View    : requestLayout() improperly called by helium314.keyboard.latin.panels.BrowserPanelView{5ae2aec V.E...... ........ 0,0-1440,2040} during second layout pass: posting in next frame
06-02 17:10:32.340 31804 31804 W View    : requestLayout() improperly called by helium314.keyboard.latin.panels.BrowserPanelView{5ae2aec V.E...... ......I. 0,0-1440,2040} during layout: running second layout pass
06-02 17:10:32.342 26963 27001 W libc    : Access denied finding property "vendor.oplus.media.vpp.stutter"
06-02 17:10:32.344 31804 31804 W View    : requestLayout() improperly called by helium314.keyboard.latin.panels.BrowserPanelView{5ae2aec V.E...... ........ 0,0-1440,2040} during second layout pass: posting in next frame
06-02 17:10:32.356 31804 31804 W View    : requestLayout() improperly called by helium314.keyboard.latin.panels.BrowserPanelView{5ae2aec V.E...... ......I. 0,0-1440,2040} during layout: running second layout pass
06-02 17:10:32.360 31804 31804 W View    : requestLayout() improperly called by helium314.keyboard.latin.panels.BrowserPanelView{5ae2aec V.E...... ........ 0,0-1440,2040} during second layout pass: posting in next frame
06-02 17:10:32.372 31804 31804 W View    : requestLayout() improperly called by helium314.keyboard.latin.panels.BrowserPanelView{5ae2aec V.E...... ......I. 0,0-1440,2040} during layout: running second layout pass
06-02 17:10:32.376 31804 31804 W View    : requestLayout() improperly called by helium314.keyboard.latin.panels.BrowserPanelView{5ae2aec V.E...... ........ 0,0-1440,2040} during second layout pass: posting in next frame
06-02 17:10:32.389 31804 31804 W View    : requestLayout() improperly called by helium314.keyboard.latin.panels.BrowserPanelView{5ae2aec V.E...... ......I. 0,0-1440,2040} during layout: running second layout pass
06-02 17:10:32.392 31804 31804 W View    : requestLayout() improperly called by helium314.keyboard.latin.panels.BrowserPanelView{5ae2aec V.E...... ........ 0,0-1440,2040} during second layout pass: posting in next frame
06-02 17:10:32.398 26963 32455 W Codec2Client: query -- param skipped: index = 1107298332.
06-02 17:10:32.401 26963 32455 W Codec2Client: query -- param skipped: index = 1342179345.
06-02 17:10:32.401 26963 32455 W Codec2Client: query -- param skipped: index = 2415921170.
06-02 17:10:32.401 26963 32455 W Codec2Client: query -- param skipped: index = 1610614798.
06-02 17:10:32.410 31804 31804 W View    : requestLayout() improperly called by helium314.keyboard.latin.panels.BrowserPanelView{5ae2aec V.E...... ......I. 0,0-1440,2040} during layout: running second layout pass
06-02 17:10:32.414 31804 31804 W View    : requestLayout() improperly called by helium314.keyboard.latin.panels.BrowserPanelView{5ae2aec V.E...... ........ 0,0-1440,2040} during second layout pass: posting in next frame
06-02 17:10:32.422 31804 31804 W View    : requestLayout() improperly called by helium314.keyboard.latin.panels.BrowserPanelView{5ae2aec V.E...... ......I. 0,0-1440,2040} during layout: running second layout pass
06-02 17:10:32.430 31804 31804 W View    : requestLayout() improperly called by helium314.keyboard.latin.panels.BrowserPanelView{5ae2aec V.E...... ........ 0,0-1440,2040} during second layout pass: posting in next frame
06-02 17:10:32.440 31804 31804 W View    : requestLayout() improperly called by helium314.keyboard.latin.panels.BrowserPanelView{5ae2aec V.E...... ......I. 0,0-1440,2040} during layout: running second layout pass
06-02 17:10:32.449 31804 31804 W View    : requestLayout() improperly called by helium314.keyboard.latin.panels.BrowserPanelView{5ae2aec V.E...... ........ 0,0-1440,2040} during second layout pass: posting in next frame
06-02 17:10:32.467 32292 32308 W Isolated Web Content: [JavaScript Warning: "Autoplay is only allowed when approved by the user, the site is activated by the user, or media is muted." {file: "https://www.rt.com/" line: 0}]
06-02 17:10:32.467 32292 32308 W Isolated Web Content: [JavaScript Warning: "Autoplay is only allowed when approved by the user, the site is activated by the user, or media is muted." {file: "https://www.rt.com/" line: 0}]
06-02 17:10:32.472 26963 32408 W Codec2Client: query -- param skipped: index = 1342179345.
06-02 17:10:32.472 26963 32408 W Codec2Client: query -- param skipped: index = 2415921170.
06-02 17:10:32.472 26963 32408 W Codec2Client: query -- param skipped: index = 1610614798.
06-02 17:10:32.479 26963 32455 W Codec2Client: query -- param skipped: index = 1342179345.
06-02 17:10:32.479 26963 32455 W Codec2Client: query -- param skipped: index = 2415921170.
06-02 17:10:32.479 26963 32455 W Codec2Client: query -- param skipped: index = 1610614798.
06-02 17:10:33.440 31804 31804 W View    : requestLayout() improperly called by helium314.keyboard.latin.panels.BrowserPanelView{5ae2aec V.E...... ......I. 0,0-1440,2040} during layout: running second layout pass
06-02 17:10:33.451 31804 31804 W GeckoEventDispatcher: No listener for GeckoView:DismissClipboardPermissionRequest
06-02 17:10:33.460 31804 31804 W View    : requestLayout() improperly called by helium314.keyboard.latin.panels.BrowserPanelView{5ae2aec V.E...... .......D 0,0-1440,2040} during second layout pass: posting in next frame
06-02 17:10:33.462 31804 31804 W View    : requestLayout() improperly called by helium314.keyboard.latin.panels.BrowserPanelView{5ae2aec V.E...... ......ID 0,0-1440,2040} during layout: running second layout pass
06-02 17:10:33.466 31804 31804 W View    : requestLayout() improperly called by helium314.keyboard.latin.panels.BrowserPanelView{5ae2aec V.E...... .......D 0,0-1440,2040} during second layout pass: posting in next frame
06-02 17:10:33.475 31804 31804 W View    : requestLayout() improperly called by helium314.keyboard.latin.panels.BrowserPanelView{5ae2aec V.E...... ......ID 0,0-1440,2040} during layout: running second layout pass
06-02 17:10:33.485 31804 31804 W View    : requestLayout() improperly called by helium314.keyboard.latin.panels.BrowserPanelView{5ae2aec V.E...... ........ 0,0-1440,2040} during second layout pass: posting in next frame
06-02 17:10:33.487 32292 32308 W Isolated Web Content: [JavaScript Warning: "Loading failed for the <script> with source “https://cdn.skcrtxr.com/wrapper-builder/1f462bba-63b2-4d05-8a2c-12cb7f02b607/dynamic.js?host=rt.com&v=d-1774257773__s-cf30d97f-7de9-4aea-9013-f3536e5e3c54”." {file: "https://www.rt.com/" line: 1}]
06-02 17:10:33.495 31804 31804 W View    : requestLayout() improperly called by helium314.keyboard.latin.panels.BrowserPanelView{5ae2aec V.E...... ......I. 0,0-1440,2040} during layout: running second layout pass
06-02 17:10:33.499 31804 31804 W View    : requestLayout() improperly called by helium314.keyboard.latin.panels.BrowserPanelView{5ae2aec V.E...... ........ 0,0-1440,2040} during second layout pass: posting in next frame
06-02 17:10:33.507 31804 31804 W View    : requestLayout() improperly called by helium314.keyboard.latin.panels.BrowserPanelView{5ae2aec V.E...... ......I. 0,0-1440,2040} during layout: running second layout pass
06-02 17:10:33.510 31804 31804 W View    : requestLayout() improperly called by helium314.keyboard.latin.panels.BrowserPanelView{5ae2aec V.E...... ........ 0,0-1440,2040} during second layout pass: posting in next frame
06-02 17:10:33.506 31804 31804 W com.vibekey.keyboard: type=1400 audit(0.0:61720): avc: denied { nlmsg_readpriv } for comm=536F636B657420546872656164 scontext=u:r:untrusted_app:s0:c56,c271,c512,c768 tcontext=u:r:untrusted_app:s0:c56,c271,c512,c768 tclass=netlink_route_socket permissive=0 bug=b/155595000 app=com.vibekey.keyboard
06-02 17:10:33.522 26963 27090 W libc    : Access denied finding property "vendor.oplus.media.vpp.stutter"
06-02 17:10:33.522 26963 27090 E MULTIMEDIAConfig: [getInt32:L80] Not find config, Returning default
06-02 17:10:33.522 26963 27090 E MULTIMEDIAConfig: [getInt32:L80] Not find config, Returning default
06-02 17:10:33.522 26963 27090 E OplusACodec: [OplusACodec:204] mSrOsieMMListCheckResult:0x0 mOsieVersion:1
06-02 17:10:33.524 31804 31804 W View    : requestLayout() improperly called by helium314.keyboard.latin.panels.BrowserPanelView{5ae2aec V.E...... ......I. 0,0-1440,2040} during layout: running second layout pass
06-02 17:10:33.506 31804 31804 W com.vibekey.keyboard: type=1400 audit(0.0:61721): avc: denied { nlmsg_readpriv } for comm=536F636B657420546872656164 scontext=u:r:untrusted_app:s0:c56,c271,c512,c768 tcontext=u:r:untrusted_app:s0:c56,c271,c512,c768 tclass=netlink_route_socket permissive=0 bug=b/155595000 app=com.vibekey.keyboard
06-02 17:10:33.528 31804 31804 W View    : requestLayout() improperly called by helium314.keyboard.latin.panels.BrowserPanelView{5ae2aec V.E...... .......D 0,0-1440,2040} during second layout pass: posting in next frame
06-02 17:10:33.542 31804 31804 W View    : requestLayout() improperly called by helium314.keyboard.latin.panels.BrowserPanelView{5ae2aec V.E...... ......ID 0,0-1440,2040} during layout: running second layout pass
06-02 17:10:33.547 31804 31804 W View    : requestLayout() improperly called by helium314.keyboard.latin.panels.BrowserPanelView{5ae2aec V.E...... ........ 0,0-1440,2040} during second layout pass: posting in next frame
06-02 17:10:33.557 26963 32494 E OplusACodec: [GetVideoCodingTypeFromMime:L1162] mime:video/avc
06-02 17:10:33.558 31804 31804 W View    : requestLayout() improperly called by helium314.keyboard.latin.panels.BrowserPanelView{5ae2aec V.E...... ......ID 0,0-1440,2040} during layout: running second layout pass
06-02 17:10:33.562 31804 31804 W View    : requestLayout() improperly called by helium314.keyboard.latin.panels.BrowserPanelView{5ae2aec V.E...... .......D 0,0-1440,2040} during second layout pass: posting in next frame
06-02 17:10:33.581 31804 31804 W View    : requestLayout() improperly called by helium314.keyboard.latin.panels.BrowserPanelView{5ae2aec V.E...... ......ID 0,0-1440,2040} during layout: running second layout pass
06-02 17:10:33.585 31804 31804 W View    : requestLayout() improperly called by helium314.keyboard.latin.panels.BrowserPanelView{5ae2aec V.E...... ........ 0,0-1440,2040} during second layout pass: posting in next frame
06-02 17:10:33.593 31804 31804 W View    : requestLayout() improperly called by helium314.keyboard.latin.panels.BrowserPanelView{5ae2aec V.E...... ......I. 0,0-1440,2040} during layout: running second layout pass
06-02 17:10:33.598 31804 31804 W View    : requestLayout() improperly called by helium314.keyboard.latin.panels.BrowserPanelView{5ae2aec V.E...... ........ 0,0-1440,2040} during second layout pass: posting in next frame
06-02 17:10:33.608 31804 31804 W View    : requestLayout() improperly called by helium314.keyboard.latin.panels.BrowserPanelView{5ae2aec V.E...... ......ID 0,0-1440,2040} during layout: running second layout pass
06-02 17:10:33.612 31804 31804 W View    : requestLayout() improperly called by helium314.keyboard.latin.panels.BrowserPanelView{5ae2aec V.E...... .......D 0,0-1440,2040} during second layout pass: posting in next frame
06-02 17:10:33.625 31804 31804 W View    : requestLayout() improperly called by helium314.keyboard.latin.panels.BrowserPanelView{5ae2aec V.E...... ......ID 0,0-1440,2040} during layout: running second layout pass
06-02 17:10:33.635 31804 31804 W View    : requestLayout() improperly called by helium314.keyboard.latin.panels.BrowserPanelView{5ae2aec V.E...... ........ 0,0-1440,2040} during second layout pass: posting in next frame
06-02 17:10:33.647 31804 31804 W View    : requestLayout() improperly called by helium314.keyboard.latin.panels.BrowserPanelView{5ae2aec V.E...... ......I. 0,0-1440,2040} during layout: running second layout pass
06-02 17:10:33.653 31804 31804 W View    : requestLayout() improperly called by helium314.keyboard.latin.panels.BrowserPanelView{5ae2aec V.E...... ........ 0,0-1440,2040} during second layout pass: posting in next frame
06-02 17:10:33.658 31804 31804 W View    : requestLayout() improperly called by helium314.keyboard.latin.panels.BrowserPanelView{5ae2aec V.E...... ......I. 0,0-1440,2040} during layout: running second layout pass
06-02 17:10:33.661 31804 31804 W View    : requestLayout() improperly called by helium314.keyboard.latin.panels.BrowserPanelView{5ae2aec V.E...... .......D 0,0-1440,2040} during second layout pass: posting in next frame
06-02 17:10:33.675 31804 31804 W View    : requestLayout() improperly called by helium314.keyboard.latin.panels.BrowserPanelView{5ae2aec V.E...... ......ID 0,0-1440,2040} during layout: running second layout pass
06-02 17:10:33.679 31804 31804 W View    : requestLayout() improperly called by helium314.keyboard.latin.panels.BrowserPanelView{5ae2aec V.E...... ........ 0,0-1440,2040} during second layout pass: posting in next frame
06-02 17:10:33.693 31804 31804 W View    : requestLayout() improperly called by helium314.keyboard.latin.panels.BrowserPanelView{5ae2aec V.E...... ......I. 0,0-1440,2040} during layout: running second layout pass
06-02 17:10:33.696 31804 31804 W View    : requestLayout() improperly called by helium314.keyboard.latin.panels.BrowserPanelView{5ae2aec V.E...... ........ 0,0-1440,2040} during second layout pass: posting in next frame
06-02 17:10:33.709 31804 31804 W View    : requestLayout() improperly called by helium314.keyboard.latin.panels.BrowserPanelView{5ae2aec V.E...... ......ID 0,0-1440,2040} during layout: running second layout pass
06-02 17:10:33.713 31804 31804 W View    : requestLayout() improperly called by helium314.keyboard.latin.panels.BrowserPanelView{5ae2aec V.E...... ........ 0,0-1440,2040} during second layout pass: posting in next frame
06-02 17:10:33.727 31804 31804 W View    : requestLayout() improperly called by helium314.keyboard.latin.panels.BrowserPanelView{5ae2aec V.E...... ......ID 0,0-1440,2040} during layout: running second layout pass
06-02 17:10:33.731 32292 32308 W Isolated Web Content: [JavaScript Warning: "Autoplay is only allowed when approved by the user, the site is activated by the user, or media is muted." {file: "https://www.rt.com/" line: 0}]
06-02 17:10:33.731 31804 31804 W View    : requestLayout() improperly called by helium314.keyboard.latin.panels.BrowserPanelView{5ae2aec V.E...... ........ 0,0-1440,2040} during second layout pass: posting in next frame
06-02 17:10:33.744 31804 31804 W View    : requestLayout() improperly called by helium314.keyboard.latin.panels.BrowserPanelView{5ae2aec V.E...... ......I. 0,0-1440,2040} during layout: running second layout pass
06-02 17:10:33.749 31804 31804 W View    : requestLayout() improperly called by helium314.keyboard.latin.panels.BrowserPanelView{5ae2aec V.E...... .......D 0,0-1440,2040} during second layout pass: posting in next frame
06-02 17:10:33.760 31804 31804 W View    : requestLayout() improperly called by helium314.keyboard.latin.panels.BrowserPanelView{5ae2aec V.E...... ......ID 0,0-1440,2040} during layout: running second layout pass
06-02 17:10:33.768 31804 31804 W View    : requestLayout() improperly called by helium314.keyboard.latin.panels.BrowserPanelView{5ae2aec V.E...... ........ 0,0-1440,2040} during second layout pass: posting in next frame
06-02 17:10:33.775 31804 31804 W View    : requestLayout() improperly called by helium314.keyboard.latin.panels.BrowserPanelView{5ae2aec V.E...... ......I. 0,0-1440,2040} during layout: running second layout pass
06-02 17:10:33.778 31804 31804 W View    : requestLayout() improperly called by helium314.keyboard.latin.panels.BrowserPanelView{5ae2aec V.E...... ........ 0,0-1440,2040} during second layout pass: posting in next frame
06-02 17:10:33.792 31804 31804 W View    : requestLayout() improperly called by helium314.keyboard.latin.panels.BrowserPanelView{5ae2aec V.E...... ......ID 0,0-1440,2040} during layout: running second layout pass
06-02 17:10:33.798 31804 31804 W View    : requestLayout() improperly called by helium314.keyboard.latin.panels.BrowserPanelView{5ae2aec V.E...... ........ 0,0-1440,2040} during second layout pass: posting in next frame
06-02 17:10:33.809 31804 31804 W View    : requestLayout() improperly called by helium314.keyboard.latin.panels.BrowserPanelView{5ae2aec V.E...... ......ID 0,0-1440,2040} during layout: running second layout pass
06-02 17:10:33.813 31804 31804 W View    : requestLayout() improperly called by helium314.keyboard.latin.panels.BrowserPanelView{5ae2aec V.E...... ........ 0,0-1440,2040} during second layout pass: posting in next frame
06-02 17:10:33.827 31804 31804 W View    : requestLayout() improperly called by helium314.keyboard.latin.panels.BrowserPanelView{5ae2aec V.E...... ......I. 0,0-1440,2040} during layout: running second layout pass
06-02 17:10:33.836 31804 31804 W View    : requestLayout() improperly called by helium314.keyboard.latin.panels.BrowserPanelView{5ae2aec V.E...... ........ 0,0-1440,2040} during second layout pass: posting in next frame
06-02 17:10:33.842 31804 31804 W View    : requestLayout() improperly called by helium314.keyboard.latin.panels.BrowserPanelView{5ae2aec V.E...... ......ID 0,0-1440,2040} during layout: running second layout pass
06-02 17:10:33.848 31804 31804 W View    : requestLayout() improperly called by helium314.keyboard.latin.panels.BrowserPanelView{5ae2aec V.E...... ........ 0,0-1440,2040} during second layout pass: posting in next frame
06-02 17:10:33.860 31804 31804 W View    : requestLayout() improperly called by helium314.keyboard.latin.panels.BrowserPanelView{5ae2aec V.E...... ......I. 0,0-1440,2040} during layout: running second layout pass
06-02 17:10:33.870 31804 31804 W View    : requestLayout() improperly called by helium314.keyboard.latin.panels.BrowserPanelView{5ae2aec V.E...... .......D 0,0-1440,2040} during second layout pass: posting in next frame
06-02 17:10:33.876 31804 31804 W View    : requestLayout() improperly called by helium314.keyboard.latin.panels.BrowserPanelView{5ae2aec V.E...... ......ID 0,0-1440,2040} during layout: running second layout pass
06-02 17:10:33.879 31804 31804 W View    : requestLayout() improperly called by helium314.keyboard.latin.panels.BrowserPanelView{5ae2aec V.E...... ........ 0,0-1440,2040} during second layout pass: posting in next frame
06-02 17:10:33.892 31804 31804 W View    : requestLayout() improperly called by helium314.keyboard.latin.panels.BrowserPanelView{5ae2aec V.E...... ......ID 0,0-1440,2040} during layout: running second layout pass
06-02 17:10:33.898 31804 31804 W View    : requestLayout() improperly called by helium314.keyboard.latin.panels.BrowserPanelView{5ae2aec V.E...... ........ 0,0-1440,2040} during second layout pass: posting in next frame
06-02 17:10:33.910 31804 31804 W View    : requestLayout() improperly called by helium314.keyboard.latin.panels.BrowserPanelView{5ae2aec V.E...... ......I. 0,0-1440,2040} during layout: running second layout pass
06-02 17:10:33.915 31804 31804 W View    : requestLayout() improperly called by helium314.keyboard.latin.panels.BrowserPanelView{5ae2aec V.E...... .......D 0,0-1440,2040} during second layout pass: posting in next frame
06-02 17:10:33.927 31804 31804 W View    : requestLayout() improperly called by helium314.keyboard.latin.panels.BrowserPanelView{5ae2aec V.E...... ......ID 0,0-1440,2040} during layout: running second layout pass
06-02 17:10:33.935 31804 31804 W View    : requestLayout() improperly called by helium314.keyboard.latin.panels.BrowserPanelView{5ae2aec V.E...... ........ 0,0-1440,2040} during second layout pass: posting in next frame
06-02 17:10:33.942 31804 31804 W View    : requestLayout() improperly called by helium314.keyboard.latin.panels.BrowserPanelView{5ae2aec V.E...... ......ID 0,0-1440,2040} during layout: running second layout pass
06-02 17:10:33.946 31804 31804 W View    : requestLayout() improperly called by helium314.keyboard.latin.panels.BrowserPanelView{5ae2aec V.E...... ........ 0,0-1440,2040} during second layout pass: posting in next frame
06-02 17:10:33.959 31804 31804 W View    : requestLayout() improperly called by helium314.keyboard.latin.panels.BrowserPanelView{5ae2aec V.E...... ......I. 0,0-1440,2040} during layout: running second layout pass
06-02 17:10:33.962 31804 31804 W View    : requestLayout() improperly called by helium314.keyboard.latin.panels.BrowserPanelView{5ae2aec V.E...... .......D 0,0-1440,2040} during second layout pass: posting in next frame
06-02 17:10:33.975 31804 31804 W View    : requestLayout() improperly called by helium314.keyboard.latin.panels.BrowserPanelView{5ae2aec V.E...... ......ID 0,0-1440,2040} during layout: running second layout pass
06-02 17:10:33.979 31804 31804 W View    : requestLayout() improperly called by helium314.keyboard.latin.panels.BrowserPanelView{5ae2aec V.E...... .......D 0,0-1440,2040} during second layout pass: posting in next frame
06-02 17:10:33.993 31804 31804 W View    : requestLayout() improperly called by helium314.keyboard.latin.panels.BrowserPanelView{5ae2aec V.E...... ......ID 0,0-1440,2040} during layout: running second layout pass
06-02 17:10:33.997 31804 31804 W View    : requestLayout() improperly called by helium314.keyboard.latin.panels.BrowserPanelView{5ae2aec V.E...... .......D 0,0-1440,2040} during second layout pass: posting in next frame
06-02 17:10:34.009 31804 31804 W View    : requestLayout() improperly called by helium314.keyboard.latin.panels.BrowserPanelView{5ae2aec V.E...... ......ID 0,0-1440,2040} during layout: running second layout pass
06-02 17:10:34.012 31804 31804 W View    : requestLayout() improperly called by helium314.keyboard.latin.panels.BrowserPanelView{5ae2aec V.E...... ........ 0,0-1440,2040} during second layout pass: posting in next frame
06-02 17:10:34.025 31804 31804 W View    : requestLayout() improperly called by helium314.keyboard.latin.panels.BrowserPanelView{5ae2aec V.E...... ......I. 0,0-1440,2040} during layout: running second layout pass
06-02 17:10:34.035 31804 31804 W View    : requestLayout() improperly called by helium314.keyboard.latin.panels.BrowserPanelView{5ae2aec V.E...... ........ 0,0-1440,2040} during second layout pass: posting in next frame
06-02 17:10:34.056 31804 31804 W View    : requestLayout() improperly called by helium314.keyboard.latin.panels.BrowserPanelView{5ae2aec V.E...... ......ID 0,0-1440,2040} during layout: running second layout pass
06-02 17:10:34.064 31804 31804 W View    : requestLayout() improperly called by helium314.keyboard.latin.panels.BrowserPanelView{5ae2aec V.E...... ........ 0,0-1440,2040} during second layout pass: posting in next frame
06-02 17:10:34.066 31804 31804 W View    : requestLayout() improperly called by helium314.keyboard.latin.panels.BrowserPanelView{5ae2aec V.E...... ......I. 0,0-1440,2040} during layout: running second layout pass
06-02 17:10:34.074 31804 31804 W View    : requestLayout() improperly called by helium314.keyboard.latin.panels.BrowserPanelView{5ae2aec V.E...... ........ 0,0-1440,2040} during second layout pass: posting in next frame
06-02 17:10:34.076 31804 31804 W View    : requestLayout() improperly called by helium314.keyboard.latin.panels.BrowserPanelView{5ae2aec V.E...... ......I. 0,0-1440,2040} during layout: running second layout pass
06-02 17:10:34.080 31804 31804 W View    : requestLayout() improperly called by helium314.keyboard.latin.panels.BrowserPanelView{5ae2aec V.E...... ........ 0,0-1440,2040} during second layout pass: posting in next frame
06-02 17:10:34.093 31804 31804 W View    : requestLayout() improperly called by helium314.keyboard.latin.panels.BrowserPanelView{5ae2aec V.E...... ......I. 0,0-1440,2040} during layout: running second layout pass
06-02 17:10:34.097 31804 31804 W View    : requestLayout() improperly called by helium314.keyboard.latin.panels.BrowserPanelView{5ae2aec V.E...... ........ 0,0-1440,2040} during second layout pass: posting in next frame
06-02 17:10:34.109 31804 31804 W View    : requestLayout() improperly called by helium314.keyboard.latin.panels.BrowserPanelView{5ae2aec V.E...... ......ID 0,0-1440,2040} during layout: running second layout pass
06-02 17:10:34.113 31804 31804 W View    : requestLayout() improperly called by helium314.keyboard.latin.panels.BrowserPanelView{5ae2aec V.E...... ........ 0,0-1440,2040} during second layout pass: posting in next frame
06-02 17:10:34.129 31804 31804 W View    : requestLayout() improperly called by helium314.keyboard.latin.panels.BrowserPanelView{5ae2aec V.E...... ......I. 0,0-1440,2040} during layout: running second layout pass
06-02 17:10:34.138 31804 31804 W View    : requestLayout() improperly called by helium314.keyboard.latin.panels.BrowserPanelView{5ae2aec V.E...... .......D 0,0-1440,2040} during second layout pass: posting in next frame
06-02 17:10:34.145 31804 31804 W View    : requestLayout() improperly called by helium314.keyboard.latin.panels.BrowserPanelView{5ae2aec V.E...... ......ID 0,0-1440,2040} during layout: running second layout pass
06-02 17:10:34.150 31804 31804 W View    : requestLayout() improperly called by helium314.keyboard.latin.panels.BrowserPanelView{5ae2aec V.E...... ........ 0,0-1440,2040} during second layout pass: posting in next frame
06-02 17:10:34.160 31804 31804 W View    : requestLayout() improperly called by helium314.keyboard.latin.panels.BrowserPanelView{5ae2aec V.E...... ......I. 0,0-1440,2040} during layout: running second layout pass
06-02 17:10:34.167 31804 31804 W View    : requestLayout() improperly called by helium314.keyboard.latin.panels.BrowserPanelView{5ae2aec V.E...... .......D 0,0-1440,2040} during second layout pass: posting in next frame
06-02 17:10:34.156 31804 31804 W com.vibekey.keyboard: type=1400 audit(0.0:61722): avc: denied { nlmsg_readpriv } for comm=536F636B657420546872656164 scontext=u:r:untrusted_app:s0:c56,c271,c512,c768 tcontext=u:r:untrusted_app:s0:c56,c271,c512,c768 tclass=netlink_route_socket permissive=0 bug=b/155595000 app=com.vibekey.keyboard
06-02 17:10:34.176 31804 31804 W View    : requestLayout() improperly called by helium314.keyboard.latin.panels.BrowserPanelView{5ae2aec V.E...... ......ID 0,0-1440,2040} during layout: running second layout pass
06-02 17:10:34.180 31804 31804 W View    : requestLayout() improperly called by helium314.keyboard.latin.panels.BrowserPanelView{5ae2aec V.E...... .......D 0,0-1440,2040} during second layout pass: posting in next frame
06-02 17:10:34.195 31804 31804 W View    : requestLayout() improperly called by helium314.keyboard.latin.panels.BrowserPanelView{5ae2aec V.E...... ......ID 0,0-1440,2040} during layout: running second layout pass
06-02 17:10:34.200 31804 31804 W View    : requestLayout() improperly called by helium314.keyboard.latin.panels.BrowserPanelView{5ae2aec V.E...... ........ 0,0-1440,2040} during second layout pass: posting in next frame
06-02 17:10:34.210 31804 31804 W View    : requestLayout() improperly called by helium314.keyboard.latin.panels.BrowserPanelView{5ae2aec V.E...... ......ID 0,0-1440,2040} during layout: running second layout pass
06-02 17:10:34.215 31804 31804 W View    : requestLayout() improperly called by helium314.keyboard.latin.panels.BrowserPanelView{5ae2aec V.E...... ........ 0,0-1440,2040} during second layout pass: posting in next frame
06-02 17:10:34.227 31804 31804 W View    : requestLayout() improperly called by helium314.keyboard.latin.panels.BrowserPanelView{5ae2aec V.E...... ......I. 0,0-1440,2040} during layout: running second layout pass
06-02 17:10:34.232 31804 31804 W View    : requestLayout() improperly called by helium314.keyboard.latin.panels.BrowserPanelView{5ae2aec V.E...... .......D 0,0-1440,2040} during second layout pass: posting in next frame
06-02 17:10:34.249 31804 31804 W View    : requestLayout() improperly called by helium314.keyboard.latin.panels.BrowserPanelView{5ae2aec V.E...... ......ID 0,0-1440,2040} during layout: running second layout pass
06-02 17:10:34.249 32420 32451 W Isolated Web Content: [JavaScript Warning: "The value of the attribute “expires” for the cookie “_ga_BB8DNPB73F” has been overwritten." {file: "https://odysee.com/%24/embed/%40RTDocumentary%3A4%2FSurviving-Krasnoarmeysk---RT.Doc%3A2?r=FPd9jo2TcK4WYUcfCf55TEoD35ZAtJCU" line: 0}]
06-02 17:10:34.255 31804 31804 W View    : requestLayout() improperly called by helium314.keyboard.latin.panels.BrowserPanelView{5ae2aec V.E...... ........ 0,0-1440,2040} during second layout pass: posting in next frame
06-02 17:10:34.257 32420 32451 W Isolated Web Content: [JavaScript Warning: "The value of the attribute “expires” for the cookie “_ga_BB8DNPB73F” has been overwritten." {file: "https://odysee.com/%24/embed/%40RTDocumentary%3A4%2FSurviving-Krasnoarmeysk---RT.Doc%3A2?r=FPd9jo2TcK4WYUcfCf55TEoD35ZAtJCU" line: 0}]
06-02 17:10:34.263 31804 31804 W View    : requestLayout() improperly called by helium314.keyboard.latin.panels.BrowserPanelView{5ae2aec V.E...... ......ID 0,0-1440,2040} during layout: running second layout pass
06-02 17:10:34.256 31804 31804 W com.vibekey.keyboard: type=1400 audit(0.0:61723): avc: denied { nlmsg_readpriv } for comm=536F636B657420546872656164 scontext=u:r:untrusted_app:s0:c56,c271,c512,c768 tcontext=u:r:untrusted_app:s0:c56,c271,c512,c768 tclass=netlink_route_socket permissive=0 bug=b/155595000 app=com.vibekey.keyboard
06-02 17:10:34.282 31804 31804 W View    : requestLayout() improperly called by helium314.keyboard.latin.panels.BrowserPanelView{5ae2aec V.E...... ......I. 0,0-1440,2040} during layout: running second layout pass
06-02 17:10:34.292 32420 32451 W Isolated Web Content: [JavaScript Warning: "The value of the attribute “expires” for the cookie “_ga_BB8DNPB73F” has been overwritten." {file: "https://odysee.com/%24/embed/%40RTDocumentary%3A4%2FSurviving-Krasnoarmeysk---RT.Doc%3A2?r=FPd9jo2TcK4WYUcfCf55TEoD35ZAtJCU" line: 0}]
06-02 17:10:34.301 31804 31804 W View    : requestLayout() improperly called by helium314.keyboard.latin.panels.BrowserPanelView{5ae2aec V.E...... .......D 0,0-1440,2040} during second layout pass: posting in next frame
06-02 17:10:34.304 31804 31804 W View    : requestLayout() improperly called by helium314.keyboard.latin.panels.BrowserPanelView{5ae2aec V.E...... ......ID 0,0-1440,2040} during layout: running second layout pass
06-02 17:10:34.311 31804 31804 W View    : requestLayout() improperly called by helium314.keyboard.latin.panels.BrowserPanelView{5ae2aec V.E...... ........ 0,0-1440,2040} during second layout pass: posting in next frame
06-02 17:10:34.313 31804 31804 W View    : requestLayout() improperly called by helium314.keyboard.latin.panels.BrowserPanelView{5ae2aec V.E...... ......ID 0,0-1440,2040} during layout: running second layout pass
06-02 17:10:34.286 31804 31804 W com.vibekey.keyboard: type=1400 audit(0.0:61724): avc: denied { nlmsg_readpriv } for comm=536F636B657420546872656164 scontext=u:r:untrusted_app:s0:c56,c271,c512,c768 tcontext=u:r:untrusted_app:s0:c56,c271,c512,c768 tclass=netlink_route_socket permissive=0 bug=b/155595000 app=com.vibekey.keyboard
06-02 17:10:34.296 31804 31804 W com.vibekey.keyboard: type=1400 audit(0.0:61725): avc: denied { nlmsg_readpriv } for comm=536F636B657420546872656164 scontext=u:r:untrusted_app:s0:c56,c271,c512,c768 tcontext=u:r:untrusted_app:s0:c56,c271,c512,c768 tclass=netlink_route_socket permissive=0 bug=b/155595000 app=com.vibekey.keyboard
06-02 17:10:34.324 31804 31804 W View    : requestLayout() improperly called by helium314.keyboard.latin.panels.BrowserPanelView{5ae2aec V.E...... .......D 0,0-1440,2040} during second layout pass: posting in next frame
06-02 17:10:34.329 31804 31804 W View    : requestLayout() improperly called by helium314.keyboard.latin.panels.BrowserPanelView{5ae2aec V.E...... ......ID 0,0-1440,2040} during layout: running second layout pass
06-02 17:10:34.334 31804 31804 W View    : requestLayout() improperly called by helium314.keyboard.latin.panels.BrowserPanelView{5ae2aec V.E...... .......D 0,0-1440,2040} during second layout pass: posting in next frame
06-02 17:10:34.326 31804 31804 W com.vibekey.keyboard: type=1400 audit(0.0:61726): avc: denied { nlmsg_readpriv } for comm=536F636B657420546872656164 scontext=u:r:untrusted_app:s0:c56,c271,c512,c768 tcontext=u:r:untrusted_app:s0:c56,c271,c512,c768 tclass=netlink_route_socket permissive=0 bug=b/155595000 app=com.vibekey.keyboard
06-02 17:10:34.345 31804 31804 W View    : requestLayout() improperly called by helium314.keyboard.latin.panels.BrowserPanelView{5ae2aec V.E...... ......ID 0,0-1440,2040} during layout: running second layout pass
06-02 17:10:34.349 31804 31804 W View    : requestLayout() improperly called by helium314.keyboard.latin.panels.BrowserPanelView{5ae2aec V.E...... ........ 0,0-1440,2040} during second layout pass: posting in next frame
06-02 17:10:34.360 31804 31804 W View    : requestLayout() improperly called by helium314.keyboard.latin.panels.BrowserPanelView{5ae2aec V.E...... ......I. 0,0-1440,2040} during layout: running second layout pass
06-02 17:10:34.364 31804 31804 W View    : requestLayout() improperly called by helium314.keyboard.latin.panels.BrowserPanelView{5ae2aec V.E...... .......D 0,0-1440,2040} during second layout pass: posting in next frame
06-02 17:10:34.378 31804 31804 W View    : requestLayout() improperly called by helium314.keyboard.latin.panels.BrowserPanelView{5ae2aec V.E...... ......ID 0,0-1440,2040} during layout: running second layout pass
06-02 17:10:34.380 31804 31804 W View    : requestLayout() improperly called by helium314.keyboard.latin.panels.BrowserPanelView{5ae2aec V.E...... .......D 0,0-1440,2040} during second layout pass: posting in next frame
06-02 17:10:34.394 31804 31804 W View    : requestLayout() improperly called by helium314.keyboard.latin.panels.BrowserPanelView{5ae2aec V.E...... ......ID 0,0-1440,2040} during layout: running second layout pass
06-02 17:10:34.398 31804 31804 W View    : requestLayout() improperly called by helium314.keyboard.latin.panels.BrowserPanelView{5ae2aec V.E...... ........ 0,0-1440,2040} during second layout pass: posting in next frame
06-02 17:10:34.410 31804 31804 W View    : requestLayout() improperly called by helium314.keyboard.latin.panels.BrowserPanelView{5ae2aec V.E...... ......I. 0,0-1440,2040} during layout: running second layout pass
06-02 17:10:34.413 31804 31804 W View    : requestLayout() improperly called by helium314.keyboard.latin.panels.BrowserPanelView{5ae2aec V.E...... ........ 0,0-1440,2040} during second layout pass: posting in next frame
06-02 17:10:34.427 31804 31804 W View    : requestLayout() improperly called by helium314.keyboard.latin.panels.BrowserPanelView{5ae2aec V.E...... ......I. 0,0-1440,2040} during layout: running second layout pass
06-02 17:10:34.432 31804 31804 W View    : requestLayout() improperly called by helium314.keyboard.latin.panels.BrowserPanelView{5ae2aec V.E...... .......D 0,0-1440,2040} during second layout pass: posting in next frame
06-02 17:10:34.443 31804 31804 W View    : requestLayout() improperly called by helium314.keyboard.latin.panels.BrowserPanelView{5ae2aec V.E...... ......ID 0,0-1440,2040} during layout: running second layout pass
06-02 17:10:34.447 31804 31804 W View    : requestLayout() improperly called by helium314.keyboard.latin.panels.BrowserPanelView{5ae2aec V.E...... .......D 0,0-1440,2040} during second layout pass: posting in next frame
06-02 17:10:34.460 31804 31804 W View    : requestLayout() improperly called by helium314.keyboard.latin.panels.BrowserPanelView{5ae2aec V.E...... ......ID 0,0-1440,2040} during layout: running second layout pass
06-02 17:10:34.465 31804 31804 W View    : requestLayout() improperly called by helium314.keyboard.latin.panels.BrowserPanelView{5ae2aec V.E...... .......D 0,0-1440,2040} during second layout pass: posting in next frame
06-02 17:10:34.477 31804 31804 W View    : requestLayout() improperly called by helium314.keyboard.latin.panels.BrowserPanelView{5ae2aec V.E...... ......ID 0,0-1440,2040} during layout: running second layout pass
06-02 17:10:34.482 31804 31804 W View    : requestLayout() improperly called by helium314.keyboard.latin.panels.BrowserPanelView{5ae2aec V.E...... .......D 0,0-1440,2040} during second layout pass: posting in next frame
06-02 17:10:34.493 31804 31804 W View    : requestLayout() improperly called by helium314.keyboard.latin.panels.BrowserPanelView{5ae2aec V.E...... ......ID 0,0-1440,2040} during layout: running second layout pass
06-02 17:10:34.498 31804 31804 W View    : requestLayout() improperly called by helium314.keyboard.latin.panels.BrowserPanelView{5ae2aec V.E...... ........ 0,0-1440,2040} during second layout pass: posting in next frame
06-02 17:10:34.510 31804 31804 W View    : requestLayout() improperly called by helium314.keyboard.latin.panels.BrowserPanelView{5ae2aec V.E...... ......ID 0,0-1440,2040} during layout: running second layout pass
06-02 17:10:34.514 31804 31804 W View    : requestLayout() improperly called by helium314.keyboard.latin.panels.BrowserPanelView{5ae2aec V.E...... ........ 0,0-1440,2040} during second layout pass: posting in next frame
06-02 17:10:34.527 31804 31804 W View    : requestLayout() improperly called by helium314.keyboard.latin.panels.BrowserPanelView{5ae2aec V.E...... ......ID 0,0-1440,2040} during layout: running second layout pass
06-02 17:10:34.533 32420 32451 W Isolated Web Content: [JavaScript Warning: "The value of the attribute “expires” for the cookie “_ga_BB8DNPB73F” has been overwritten." {file: "https://odysee.com/%24/embed/%40RTDocumentary%3A4%2FSurviving-Krasnoarmeysk---RT.Doc%3A2?r=FPd9jo2TcK4WYUcfCf55TEoD35ZAtJCU" line: 0}]
06-02 17:10:34.534 31804 31804 W View    : requestLayout() improperly called by helium314.keyboard.latin.panels.BrowserPanelView{5ae2aec V.E...... ........ 0,0-1440,2040} during second layout pass: posting in next frame
06-02 17:10:34.543 31804 31804 W View    : requestLayout() improperly called by helium314.keyboard.latin.panels.BrowserPanelView{5ae2aec V.E...... ......ID 0,0-1440,2040} during layout: running second layout pass
06-02 17:10:34.548 31804 31804 W View    : requestLayout() improperly called by helium314.keyboard.latin.panels.BrowserPanelView{5ae2aec V.E...... ........ 0,0-1440,2040} during second layout pass: posting in next frame
06-02 17:10:34.562 31804 31804 W View    : requestLayout() improperly called by helium314.keyboard.latin.panels.BrowserPanelView{5ae2aec V.E...... ......ID 0,0-1440,2040} during layout: running second layout pass
06-02 17:10:34.573 31804 31804 W View    : requestLayout() improperly called by helium314.keyboard.latin.panels.BrowserPanelView{5ae2aec V.E...... ........ 0,0-1440,2040} during second layout pass: posting in next frame
06-02 17:10:34.577 31804 31804 W View    : requestLayout() improperly called by helium314.keyboard.latin.panels.BrowserPanelView{5ae2aec V.E...... ......ID 0,0-1440,2040} during layout: running second layout pass
06-02 17:10:34.581 31804 31804 W View    : requestLayout() improperly called by helium314.keyboard.latin.panels.BrowserPanelView{5ae2aec V.E...... ........ 0,0-1440,2040} during second layout pass: posting in next frame
06-02 17:10:34.591 32420 32451 W Isolated Web Content: [JavaScript Warning: "The value of the attribute “expires” for the cookie “_ga_BB8DNPB73F” has been overwritten." {file: "https://odysee.com/%24/embed/%40RTDocumentary%3A4%2FSurviving-Krasnoarmeysk---RT.Doc%3A2?r=FPd9jo2TcK4WYUcfCf55TEoD35ZAtJCU" line: 0}]
06-02 17:10:34.593 31804 31804 W View    : requestLayout() improperly called by helium314.keyboard.latin.panels.BrowserPanelView{5ae2aec V.E...... ......I. 0,0-1440,2040} during layout: running second layout pass
