06-02 17:10:40.024 31804 31804 W View    : requestLayout() improperly called by helium314.keyboard.latin.panels.BrowserPanelView{5ae2aec V.E...... ......I. 0,0-1440,2040} during layout: running second layout pass
06-02 17:10:40.028 31804 31804 W View    : requestLayout() improperly called by helium314.keyboard.latin.panels.BrowserPanelView{5ae2aec V.E...... ........ 0,0-1440,2040} during second layout pass: posting in next frame
06-02 17:10:40.042 31804 31804 W View    : requestLayout() improperly called by helium314.keyboard.latin.panels.BrowserPanelView{5ae2aec V.E...... ......I. 0,0-1440,2040} during layout: running second layout pass
06-02 17:10:40.047 31804 31804 W View    : requestLayout() improperly called by helium314.keyboard.latin.panels.BrowserPanelView{5ae2aec V.E...... ........ 0,0-1440,2040} during second layout pass: posting in next frame
06-02 17:10:40.058 31804 31804 W View    : requestLayout() improperly called by helium314.keyboard.latin.panels.BrowserPanelView{5ae2aec V.E...... ......I. 0,0-1440,2040} during layout: running second layout pass
06-02 17:10:40.063 31804 31804 W View    : requestLayout() improperly called by helium314.keyboard.latin.panels.BrowserPanelView{5ae2aec V.E...... ........ 0,0-1440,2040} during second layout pass: posting in next frame
06-02 17:10:40.075 31804 31804 W View    : requestLayout() improperly called by helium314.keyboard.latin.panels.BrowserPanelView{5ae2aec V.E...... ......I. 0,0-1440,2040} during layout: running second layout pass
06-02 17:10:40.080 31804 31804 W View    : requestLayout() improperly called by helium314.keyboard.latin.panels.BrowserPanelView{5ae2aec V.E...... ........ 0,0-1440,2040} during second layout pass: posting in next frame
06-02 17:10:40.093 31804 31804 W View    : requestLayout() improperly called by helium314.keyboard.latin.panels.BrowserPanelView{5ae2aec V.E...... ......I. 0,0-1440,2040} during layout: running second layout pass
06-02 17:10:40.097 31804 31804 W View    : requestLayout() improperly called by helium314.keyboard.latin.panels.BrowserPanelView{5ae2aec V.E...... ........ 0,0-1440,2040} during second layout pass: posting in next frame
06-02 17:10:40.109 31804 31804 W View    : requestLayout() improperly called by helium314.keyboard.latin.panels.BrowserPanelView{5ae2aec V.E...... ......I. 0,0-1440,2040} during layout: running second layout pass
06-02 17:10:40.113 31804 31804 W View    : requestLayout() improperly called by helium314.keyboard.latin.panels.BrowserPanelView{5ae2aec V.E...... ........ 0,0-1440,2040} during second layout pass: posting in next frame
06-02 17:10:40.126 31804 31804 W View    : requestLayout() improperly called by helium314.keyboard.latin.panels.BrowserPanelView{5ae2aec V.E...... ......I. 0,0-1440,2040} during layout: running second layout pass
06-02 17:10:40.130 31804 31804 W View    : requestLayout() improperly called by helium314.keyboard.latin.panels.BrowserPanelView{5ae2aec V.E...... ........ 0,0-1440,2040} during second layout pass: posting in next frame
06-02 17:10:40.143 31804 31804 W View    : requestLayout() improperly called by helium314.keyboard.latin.panels.BrowserPanelView{5ae2aec V.E...... ......I. 0,0-1440,2040} during layout: running second layout pass
06-02 17:10:40.148 31804 31804 W View    : requestLayout() improperly called by helium314.keyboard.latin.panels.BrowserPanelView{5ae2aec V.E...... ........ 0,0-1440,2040} during second layout pass: posting in next frame
06-02 17:10:40.158 31804 31804 W View    : requestLayout() improperly called by helium314.keyboard.latin.panels.BrowserPanelView{5ae2aec V.E...... ......I. 0,0-1440,2040} during layout: running second layout pass
06-02 17:10:40.162 31804 31804 W View    : requestLayout() improperly called by helium314.keyboard.latin.panels.BrowserPanelView{5ae2aec V.E...... ........ 0,0-1440,2040} during second layout pass: posting in next frame
06-02 17:10:40.176 31804 31804 W View    : requestLayout() improperly called by helium314.keyboard.latin.panels.BrowserPanelView{5ae2aec V.E...... ......I. 0,0-1440,2040} during layout: running second layout pass
06-02 17:10:40.181 31804 31804 W View    : requestLayout() improperly called by helium314.keyboard.latin.panels.BrowserPanelView{5ae2aec V.E...... ........ 0,0-1440,2040} during second layout pass: posting in next frame
06-02 17:10:40.191 31804 31804 W View    : requestLayout() improperly called by helium314.keyboard.latin.panels.BrowserPanelView{5ae2aec V.E...... ......I. 0,0-1440,2040} during layout: running second layout pass
06-02 17:10:40.198 31804 31804 W View    : requestLayout() improperly called by helium314.keyboard.latin.panels.BrowserPanelView{5ae2aec V.E...... ........ 0,0-1440,2040} during second layout pass: posting in next frame
06-02 17:10:40.209 31804 31804 W View    : requestLayout() improperly called by helium314.keyboard.latin.panels.BrowserPanelView{5ae2aec V.E...... ......I. 0,0-1440,2040} during layout: running second layout pass
06-02 17:10:40.213 31804 31804 W View    : requestLayout() improperly called by helium314.keyboard.latin.panels.BrowserPanelView{5ae2aec V.E...... ........ 0,0-1440,2040} during second layout pass: posting in next frame
06-02 17:10:40.219   677   677 E .keyboard:tab1: Unknown bits set in runtime_flags: 0x40000000
06-02 17:10:40.224 31804 31804 W View    : requestLayout() improperly called by helium314.keyboard.latin.panels.BrowserPanelView{5ae2aec V.E...... ......I. 0,0-1440,2040} during layout: running second layout pass
06-02 17:10:40.227 32631 32651 E Isolated Web Content: [JavaScript Error: "Cookie “_cookie_test” has been rejected for invalid domain." {file: "https://www.cnbc.com/" line: 0}]
06-02 17:10:40.227 32631 32651 E Isolated Web Content: [JavaScript Error: "Cookie “_cookie_test” has been rejected for invalid domain." {file: "https://www.cnbc.com/" line: 0}]
06-02 17:10:40.231 32631 32651 E Isolated Web Content: [JavaScript Error: "Cookie “_cookie_test” has been rejected for invalid domain." {file: "https://www.cnbc.com/" line: 0}]
06-02 17:10:40.232 32631 32651 E Isolated Web Content: [JavaScript Error: "Cookie “_cookie_test” has been rejected for invalid domain." {file: "https://www.cnbc.com/" line: 0}]
06-02 17:10:40.233 31804 31804 W View    : requestLayout() improperly called by helium314.keyboard.latin.panels.BrowserPanelView{5ae2aec V.E...... ........ 0,0-1440,2040} during second layout pass: posting in next frame
06-02 17:10:40.233 32631 32651 E Isolated Web Content: [JavaScript Error: "Cookie “_cookie_test” has been rejected for invalid domain." {file: "https://www.cnbc.com/" line: 0}]
06-02 17:10:40.233 32631 32651 E Isolated Web Content: [JavaScript Error: "Cookie “_cookie_test” has been rejected for invalid domain." {file: "https://www.cnbc.com/" line: 0}]
06-02 17:10:40.241 31804 31804 W View    : requestLayout() improperly called by helium314.keyboard.latin.panels.BrowserPanelView{5ae2aec V.E...... ......I. 0,0-1440,2040} during layout: running second layout pass
06-02 17:10:40.244 31804 31804 W View    : requestLayout() improperly called by helium314.keyboard.latin.panels.BrowserPanelView{5ae2aec V.E...... ........ 0,0-1440,2040} during second layout pass: posting in next frame
06-02 17:10:40.246   696   696 E .keyboard:tab2: Unknown bits set in runtime_flags: 0x40000000
06-02 17:10:40.247 32631 32651 E Isolated Web Content: [JavaScript Error: "Cookie “_cookie_test” has been rejected for invalid domain." {file: "https://www.cnbc.com/" line: 0}]
06-02 17:10:40.247 32631 32651 E Isolated Web Content: [JavaScript Error: "Cookie “_cookie_test” has been rejected for invalid domain." {file: "https://www.cnbc.com/" line: 0}]
06-02 17:10:40.258 31804 31804 W View    : requestLayout() improperly called by helium314.keyboard.latin.panels.BrowserPanelView{5ae2aec V.E...... ......I. 0,0-1440,2040} during layout: running second layout pass
06-02 17:10:40.261 31804 31804 W View    : requestLayout() improperly called by helium314.keyboard.latin.panels.BrowserPanelView{5ae2aec V.E...... ........ 0,0-1440,2040} during second layout pass: posting in next frame
06-02 17:10:40.275 31804 31804 W View    : requestLayout() improperly called by helium314.keyboard.latin.panels.BrowserPanelView{5ae2aec V.E...... ......I. 0,0-1440,2040} during layout: running second layout pass
06-02 17:10:40.282 31804 31804 W View    : requestLayout() improperly called by helium314.keyboard.latin.panels.BrowserPanelView{5ae2aec V.E...... ........ 0,0-1440,2040} during second layout pass: posting in next frame
06-02 17:10:40.293 31804 31804 W View    : requestLayout() improperly called by helium314.keyboard.latin.panels.BrowserPanelView{5ae2aec V.E...... ......I. 0,0-1440,2040} during layout: running second layout pass
06-02 17:10:40.297 31804 31804 W View    : requestLayout() improperly called by helium314.keyboard.latin.panels.BrowserPanelView{5ae2aec V.E...... ........ 0,0-1440,2040} during second layout pass: posting in next frame
06-02 17:10:40.303   677   765 E GeckoLibLoad: Load sqlite start
06-02 17:10:40.306   677   765 E GeckoLibLoad: Load sqlite done
06-02 17:10:40.306   677   765 E GeckoLibLoad: Load nss start
06-02 17:10:40.306   677   765 E GeckoLibLoad: Load nss done
06-02 17:10:40.310 31804 31804 W View    : requestLayout() improperly called by helium314.keyboard.latin.panels.BrowserPanelView{5ae2aec V.E...... ......I. 0,0-1440,2040} during layout: running second layout pass
06-02 17:10:40.313 31804 31804 W View    : requestLayout() improperly called by helium314.keyboard.latin.panels.BrowserPanelView{5ae2aec V.E...... ........ 0,0-1440,2040} during second layout pass: posting in next frame
06-02 17:10:40.325 31804 31804 W View    : requestLayout() improperly called by helium314.keyboard.latin.panels.BrowserPanelView{5ae2aec V.E...... ......I. 0,0-1440,2040} during layout: running second layout pass
06-02 17:10:40.327   677   765 E GeckoLibLoad: Loaded libs in 20.858073ms total, 11ms(11ms) user, 0ms(0ms) system, 0(0) faults
06-02 17:10:40.327   677   765 W GeckoThread: zerdatime 111483188 - runGecko
06-02 17:10:40.330 31804 31804 W View    : requestLayout() improperly called by helium314.keyboard.latin.panels.BrowserPanelView{5ae2aec V.E...... ........ 0,0-1440,2040} during second layout pass: posting in next frame
06-02 17:10:40.338   696   770 E GeckoLibLoad: Load sqlite start
06-02 17:10:40.339   696   770 E GeckoLibLoad: Load sqlite done
06-02 17:10:40.340   696   770 E GeckoLibLoad: Load nss start
06-02 17:10:40.340   696   770 E GeckoLibLoad: Load nss done
06-02 17:10:40.344 31804 31804 W View    : requestLayout() improperly called by helium314.keyboard.latin.panels.BrowserPanelView{5ae2aec V.E...... ......I. 0,0-1440,2040} during layout: running second layout pass
06-02 17:10:40.348 31804 31804 W View    : requestLayout() improperly called by helium314.keyboard.latin.panels.BrowserPanelView{5ae2aec V.E...... ........ 0,0-1440,2040} during second layout pass: posting in next frame
06-02 17:10:40.359 31804 31804 W View    : requestLayout() improperly called by helium314.keyboard.latin.panels.BrowserPanelView{5ae2aec V.E...... ......I. 0,0-1440,2040} during layout: running second layout pass
06-02 17:10:40.362   696   770 E GeckoLibLoad: Loaded libs in 22.566302ms total, 1ms(6ms) user, 0ms(1ms) system, 0(0) faults
06-02 17:10:40.362   696   770 W GeckoThread: zerdatime 111483223 - runGecko
06-02 17:10:40.363 31804 31804 W View    : requestLayout() improperly called by helium314.keyboard.latin.panels.BrowserPanelView{5ae2aec V.E...... ........ 0,0-1440,2040} during second layout pass: posting in next frame
06-02 17:10:40.375 31804 31804 W View    : requestLayout() improperly called by helium314.keyboard.latin.panels.BrowserPanelView{5ae2aec V.E...... ......ID 0,0-1440,2040} during layout: running second layout pass
06-02 17:10:40.386 31804 31804 W View    : requestLayout() improperly called by helium314.keyboard.latin.panels.BrowserPanelView{5ae2aec V.E...... ........ 0,0-1440,2040} during second layout pass: posting in next frame
06-02 17:10:40.392 31804 31804 W View    : requestLayout() improperly called by helium314.keyboard.latin.panels.BrowserPanelView{5ae2aec V.E...... ......ID 0,0-1440,2040} during layout: running second layout pass
06-02 17:10:40.398 31804 31804 W View    : requestLayout() improperly called by helium314.keyboard.latin.panels.BrowserPanelView{5ae2aec V.E...... ........ 0,0-1440,2040} during second layout pass: posting in next frame
06-02 17:10:40.410 31804 31804 W View    : requestLayout() improperly called by helium314.keyboard.latin.panels.BrowserPanelView{5ae2aec V.E...... ......ID 0,0-1440,2040} during layout: running second layout pass
06-02 17:10:40.426 31804 31804 W View    : requestLayout() improperly called by helium314.keyboard.latin.panels.BrowserPanelView{5ae2aec V.E...... ........ 0,0-1440,2040} during second layout pass: posting in next frame
06-02 17:10:40.429 31804 31804 W View    : requestLayout() improperly called by helium314.keyboard.latin.panels.BrowserPanelView{5ae2aec V.E...... ......ID 0,0-1440,2040} during layout: running second layout pass
06-02 17:10:40.434 31804 31804 W View    : requestLayout() improperly called by helium314.keyboard.latin.panels.BrowserPanelView{5ae2aec V.E...... ........ 0,0-1440,2040} during second layout pass: posting in next frame
06-02 17:10:40.442 31804 31804 W View    : requestLayout() improperly called by helium314.keyboard.latin.panels.BrowserPanelView{5ae2aec V.E...... ......ID 0,0-1440,2040} during layout: running second layout pass
06-02 17:10:40.451 31804 31804 W View    : requestLayout() improperly called by helium314.keyboard.latin.panels.BrowserPanelView{5ae2aec V.E...... ........ 0,0-1440,2040} during second layout pass: posting in next frame
06-02 17:10:40.452 31804 31804 W GeckoEventDispatcher: No listener for GeckoView:DismissClipboardPermissionRequest
06-02 17:10:40.466 31804 31804 W GeckoEventDispatcher: No listener for GeckoView:DismissClipboardPermissionRequest
06-02 17:10:40.469 31804 31829 E BLASTBufferQueue: BLASTBufferItemConsumer::onDisconnect()
06-02 17:10:40.471 31804 32039 E GeckoConsole: [JavaScript Error: "TypeError: can't access property "WindowEventDispatcher", win is null" {file: "resource://gre/modules/GeckoViewSessionStore.sys.mjs" line: 149}]
06-02 17:10:40.471 31804 32039 E GeckoConsole: onTabStateUpdate@resource://gre/modules/GeckoViewSessionStore.sys.mjs:149:5
06-02 17:10:40.471 31804 32039 E GeckoConsole: updateSessionStoreFromTabListener@resource://gre/modules/GeckoViewSessionStore.sys.mjs:243:10
06-02 17:10:40.471 31804 32039 E GeckoConsole: SSF_updateSessionStore@resource://gre/modules/SessionStoreFunctions.sys.mjs:46:27
06-02 17:10:40.471 31804 32039 E GeckoConsole: UpdateSessionStore@resource://gre/modules/SessionStoreFunctions.sys.mjs:16:46
06-02 17:10:40.477 31804 32039 E GeckoConsole: [JavaScript Error: "TypeError: can't access property "WindowEventDispatcher", win is null" {file: "resource://gre/modules/GeckoViewSessionStore.sys.mjs" line: 149}]
06-02 17:10:40.477 31804 32039 E GeckoConsole: onTabStateUpdate@resource://gre/modules/GeckoViewSessionStore.sys.mjs:149:5
06-02 17:10:40.477 31804 32039 E GeckoConsole: updateSessionStoreFromTabListener@resource://gre/modules/GeckoViewSessionStore.sys.mjs:243:10
06-02 17:10:40.477 31804 32039 E GeckoConsole: SSF_updateSessionStore@resource://gre/modules/SessionStoreFunctions.sys.mjs:46:27
06-02 17:10:40.477 31804 32039 E GeckoConsole: UpdateSessionStore@resource://gre/modules/SessionStoreFunctions.sys.mjs:16:46
06-02 17:10:40.478 31804 32039 E GeckoConsole: [JavaScript Error: "TypeError: can't access property "WindowEventDispatcher", win is null" {file: "resource://gre/modules/GeckoViewSessionStore.sys.mjs" line: 149}]
06-02 17:10:40.478 31804 32039 E GeckoConsole: onTabStateUpdate@resource://gre/modules/GeckoViewSessionStore.sys.mjs:149:5
06-02 17:10:40.478 31804 32039 E GeckoConsole: updateSessionStoreFromTabListener@resource://gre/modules/GeckoViewSessionStore.sys.mjs:243:10
06-02 17:10:40.478 31804 32039 E GeckoConsole: SSF_updateSessionStore@resource://gre/modules/SessionStoreFunctions.sys.mjs:46:27
06-02 17:10:40.478 31804 32039 E GeckoConsole: UpdateSessionStore@resource://gre/modules/SessionStoreFunctions.sys.mjs:16:46
06-02 17:10:40.484 31804 32039 E GeckoConsole: [JavaScript Error: "TypeError: can't access property "WindowEventDispatcher", win is null" {file: "resource://gre/modules/GeckoViewSessionStore.sys.mjs" line: 149}]
06-02 17:10:40.484 31804 32039 E GeckoConsole: onTabStateUpdate@resource://gre/modules/GeckoViewSessionStore.sys.mjs:149:5
06-02 17:10:40.484 31804 32039 E GeckoConsole: updateSessionStoreFromTabListener@resource://gre/modules/GeckoViewSessionStore.sys.mjs:243:10
06-02 17:10:40.484 31804 32039 E GeckoConsole: SSF_updateSessionStore@resource://gre/modules/SessionStoreFunctions.sys.mjs:46:27
06-02 17:10:40.484 31804 32039 E GeckoConsole: UpdateSessionStore@resource://gre/modules/SessionStoreFunctions.sys.mjs:16:46
06-02 17:10:40.487   696   770 W Isolated Web Content: [JavaScript Warning: "Content-Security-Policy: Ignoring “'unsafe-inline'” within script-src: ‘strict-dynamic’ specified" {file: "https://www.google.com/recaptcha/enterprise/anchor?ar=1&k=6LfnMFMeAAAAABvWy2u0ZzAqPaVUflZOPibgK-u5&co=aHR0cHM6Ly93d3cuY25iYy5jb206NDQz&hl=en&v=hsFBb1u5wWWWkWP4in1ua2cQ&size=invisible&anchor-ms=20000&execute-ms=30000&cb=qqal3zlom9cd" line: 0}]
06-02 17:10:40.488   696   770 W Isolated Web Content: [JavaScript Warning: "Content-Security-Policy: Ignoring “https:” within script-src: ‘strict-dynamic’ specified" {file: "https://www.google.com/recaptcha/enterprise/anchor?ar=1&k=6LfnMFMeAAAAABvWy2u0ZzAqPaVUflZOPibgK-u5&co=aHR0cHM6Ly93d3cuY25iYy5jb206NDQz&hl=en&v=hsFBb1u5wWWWkWP4in1ua2cQ&size=invisible&anchor-ms=20000&execute-ms=30000&cb=qqal3zlom9cd" line: 0}]
06-02 17:10:40.488   696   770 W Isolated Web Content: [JavaScript Warning: "Content-Security-Policy: Ignoring “http:” within script-src: ‘strict-dynamic’ specified" {file: "https://www.google.com/recaptcha/enterprise/anchor?ar=1&k=6LfnMFMeAAAAABvWy2u0ZzAqPaVUflZOPibgK-u5&co=aHR0cHM6Ly93d3cuY25iYy5jb206NDQz&hl=en&v=hsFBb1u5wWWWkWP4in1ua2cQ&size=invisible&anchor-ms=20000&execute-ms=30000&cb=qqal3zlom9cd" line: 0}]
06-02 17:10:40.488   696   770 W Isolated Web Content: [JavaScript Warning: "Content-Security-Policy: Ignoring “'unsafe-inline'” within script-src: nonce-source or hash-source specified" {file: "https://www.google.com/recaptcha/enterprise/anchor?ar=1&k=6LfnMFMeAAAAABvWy2u0ZzAqPaVUflZOPibgK-u5&co=aHR0cHM6Ly93d3cuY25iYy5jb206NDQz&hl=en&v=hsFBb1u5wWWWkWP4in1ua2cQ&size=invisible&anchor-ms=20000&execute-ms=30000&cb=qqal3zlom9cd" line: 0}]
06-02 17:10:40.486 31804 31804 W com.vibekey.keyboard: type=1400 audit(0.0:61753): avc: denied { nlmsg_readpriv } for comm=536F636B657420546872656164 scontext=u:r:untrusted_app:s0:c56,c271,c512,c768 tcontext=u:r:untrusted_app:s0:c56,c271,c512,c768 tclass=netlink_route_socket permissive=0 bug=b/155595000 app=com.vibekey.keyboard
06-02 17:10:40.537 31804 31804 W View    : requestLayout() improperly called by helium314.keyboard.latin.panels.BrowserPanelView{5ae2aec G.E...... ......ID 0,0-1440,2040} during second layout pass: posting in next frame
06-02 17:10:40.624   696   770 W Isolated Web Content: [JavaScript Warning: "Ignoring unsupported entryTypes: longtask." {file: "https://www.gstatic.com/recaptcha/releases/hsFBb1u5wWWWkWP4in1ua2cQ/recaptcha__en.js" line: 727}]
06-02 17:10:40.626 31804 31804 W com.vibekey.keyboard: type=1400 audit(0.0:61754): avc: denied { nlmsg_readpriv } for comm=536F636B657420546872656164 scontext=u:r:untrusted_app:s0:c56,c271,c512,c768 tcontext=u:r:untrusted_app:s0:c56,c271,c512,c768 tclass=netlink_route_socket permissive=0 bug=b/155595000 app=com.vibekey.keyboard
06-02 17:10:40.726 31804 31804 W com.vibekey.keyboard: type=1400 audit(0.0:61755): avc: denied { nlmsg_readpriv } for comm=536F636B657420546872656164 scontext=u:r:untrusted_app:s0:c56,c271,c512,c768 tcontext=u:r:untrusted_app:s0:c56,c271,c512,c768 tclass=netlink_route_socket permissive=0 bug=b/155595000 app=com.vibekey.keyboard
06-02 17:10:40.736 31804 31804 W com.vibekey.keyboard: type=1400 audit(0.0:61756): avc: denied { nlmsg_readpriv } for comm=536F636B657420546872656164 scontext=u:r:untrusted_app:s0:c56,c271,c512,c768 tcontext=u:r:untrusted_app:s0:c56,c271,c512,c768 tclass=netlink_route_socket permissive=0 bug=b/155595000 app=com.vibekey.keyboard
06-02 17:10:40.889   977   977 E .keyboard:tab3: Unknown bits set in runtime_flags: 0x40000000
06-02 17:10:40.919   993   993 E .keyboard:tab3: Unknown bits set in runtime_flags: 0x40000000
06-02 17:10:40.971   977  1011 E GeckoLibLoad: Load sqlite start
06-02 17:10:40.973   977  1011 E GeckoLibLoad: Load sqlite done
06-02 17:10:40.973   977  1011 E GeckoLibLoad: Load nss start
06-02 17:10:40.973   977  1011 E GeckoLibLoad: Load nss done
06-02 17:10:40.976 31804 31861 W VibeKeyProfiler: Slow Native Suggest: Total=10.50ms | Init=0.02ms | TrieExpand(x16)=10.46ms | Scoring=0.02ms | inputSize=1
06-02 17:10:40.985   977  1011 E GeckoLibLoad: Loaded libs in 11.504532ms total, 4ms(5ms) user, 8ms(5ms) system, 0(0) faults
06-02 17:10:40.985   977  1011 W GeckoThread: zerdatime 111483846 - runGecko
06-02 17:10:40.988 31804 31861 W VibeKeyProfiler: Slow Native Suggest: Total=9.10ms | Init=0.02ms | TrieExpand(x18)=9.06ms | Scoring=0.03ms | inputSize=1
06-02 17:10:40.988   993  1014 E GeckoLibLoad: Load sqlite start
06-02 17:10:40.989 31804 31861 W VibeKeyProfiler: Slow Kotlin Suggest: Total=24.94ms | locales=3 | typedLen=1 | candidates=18 parallelWait=24.77ms
06-02 17:10:40.989   993  1014 E GeckoLibLoad: Load sqlite done
06-02 17:10:40.989   993  1014 E GeckoLibLoad: Load nss start
06-02 17:10:40.989   993  1014 E GeckoLibLoad: Load nss done
06-02 17:10:41.000   993  1014 E GeckoLibLoad: Loaded libs in 10.790989ms total, 1ms(0ms) user, 6ms(8ms) system, 0(0) faults
06-02 17:10:41.000   993  1014 W GeckoThread: zerdatime 111483861 - runGecko
06-02 17:10:41.018 32631 32651 E Isolated Web Content: [JavaScript Error: "Cookie “_cookie_test” has been rejected for invalid domain." {file: "https://www.cnbc.com/" line: 0}]
06-02 17:10:41.019 32631 32651 E Isolated Web Content: [JavaScript Error: "Cookie “_cookie_test” has been rejected for invalid domain." {file: "https://www.cnbc.com/" line: 0}]
06-02 17:10:41.098   977  1011 W Isolated Web Content: [JavaScript Warning: "This page is in Almost Standards Mode. Page layout may be impacted. For Standards Mode use “<!DOCTYPE html>”." {file: "https://10486893.fls.doubleclick.net/activityi;src=10486893;type=prola0;cat=prola0;rcb=3;ord=7703750004043;npa=0;auiddc=803960516.1780434526;u1=https%3A%2F%2Fwww.cnbc.com%2F;pscdl=noapi;frm=0;gpp=DBABLA~BVQqAAAAAACA.QA;gpp_sid=7;_tu=IFA;gtm=45fe6610v9190058209za200zd9190058209xec;gcd=13l3l3l3l1l1;dma=0;dc_fmt=2;tag_exp=0~115938466~115938468~119027224~119312824;epver=2;dc_random=1780434640_8Xlr7nTWmwlJOMSrHB2dnP7bya5X1Sa9rw;_dc_test=1;~oref=https%3A%2F%2Fwww.cnbc.com%2F?" line: 0}]
06-02 17:10:41.106 31804 31804 W com.vibekey.keyboard: type=1400 audit(0.0:61757): avc: denied { nlmsg_readpriv } for comm=536F636B657420546872656164 scontext=u:r:untrusted_app:s0:c56,c271,c512,c768 tcontext=u:r:untrusted_app:s0:c56,c271,c512,c768 tclass=netlink_route_socket permissive=0 bug=b/155595000 app=com.vibekey.keyboard
06-02 17:10:41.149 31804 31885 W VibeKeyProfiler: Slow Native Suggest: Total=9.91ms | Init=0.06ms | TrieExpand(x12)=9.79ms | Scoring=0.05ms | inputSize=2
06-02 17:10:41.150 31804 31861 W VibeKeyProfiler: Slow Kotlin Suggest: Total=18.13ms | locales=3 | typedLen=2 | candidates=18 parallelWait=18.01ms
06-02 17:10:41.328 32631 32651 E Isolated Web Content: [JavaScript Error: "Cookie “_cookie_test” has been rejected for invalid domain." {file: "https://www.cnbc.com/" line: 0}]
06-02 17:10:41.328 32631 32651 E Isolated Web Content: [JavaScript Error: "Cookie “_cookie_test” has been rejected for invalid domain." {file: "https://www.cnbc.com/" line: 0}]
06-02 17:10:41.331 32631 32651 E Isolated Web Content: [JavaScript Error: "Cookie “_cookie_test” has been rejected for invalid domain." {file: "https://www.cnbc.com/" line: 0}]
06-02 17:10:41.332 32631 32651 E Isolated Web Content: [JavaScript Error: "Cookie “_cookie_test” has been rejected for invalid domain." {file: "https://www.cnbc.com/" line: 0}]
06-02 17:10:41.386 31804 31885 W VibeKeyProfiler: Slow Native Suggest: Total=13.10ms | Init=0.35ms | TrieExpand(x10)=12.69ms | Scoring=0.06ms | inputSize=4
06-02 17:10:41.388 31804 31861 W VibeKeyProfiler: Slow Kotlin Suggest: Total=21.84ms | locales=3 | typedLen=4 | candidates=18 parallelWait=21.48ms
06-02 17:10:42.750 31804 31861 W VibeKeyProfiler: Slow Native Suggest: Total=14.26ms | Init=0.02ms | TrieExpand(x17)=14.21ms | Scoring=0.03ms | inputSize=1
06-02 17:10:42.751 31804 31842 W VibeKeyProfiler: Slow Native Suggest: Total=12.44ms | Init=0.02ms | TrieExpand(x24)=12.40ms | Scoring=0.02ms | inputSize=1
06-02 17:10:42.757 31804 31861 W VibeKeyProfiler: Slow Kotlin Suggest: Total=23.05ms | locales=3 | typedLen=0 | candidates=18 parallelWait=22.93ms
06-02 17:10:43.421 31804 31861 W VibeKeyProfiler: Slow Native Suggest: Total=8.33ms | Init=0.04ms | TrieExpand(x7)=8.28ms | Scoring=0.01ms | inputSize=42
06-02 17:10:46.020 31804  1077 E FilePhenotypeFlags: Config package com.google.android.gms.clearcut_client#com.vibekey.keyboard cannot use FILE backing without declarative registration. See go/phenotype-android-integration#phenotype for more information. This will lead to stale flags.
06-02 17:10:46.059 31804  1077 E FilePhenotypeFlags: Config package com.google.android.gms.clearcut_client#com.vibekey.keyboard cannot use FILE backing without declarative registration. See go/phenotype-android-integration#phenotype for more information. This will lead to stale flags.
06-02 17:10:46.059 31804  1077 E FilePhenotypeFlags: Config package com.google.android.gms.clearcut_client#com.vibekey.keyboard cannot use FILE backing without declarative registration. See go/phenotype-android-integration#phenotype for more information. This will lead to stale flags.
06-02 17:10:46.152 31804 31885 W VibeKeyProfiler: Slow Native Suggest: Total=8.22ms | Init=0.04ms | TrieExpand(x5)=8.16ms | Scoring=0.02ms | inputSize=6
06-02 17:10:46.163 31804 31842 W VibeKeyProfiler: Slow Native Suggest: Total=8.69ms | Init=0.05ms | TrieExpand(x5)=8.63ms | Scoring=0.02ms | inputSize=49
06-02 17:10:47.397 31804 31804 W GeckoEventDispatcher: No listener for GeckoView:DismissClipboardPermissionRequest
06-02 17:10:47.398 31804 32039 E GeckoConsole: [JavaScript Error: "TypeError: can't access property "WindowEventDispatcher", win is null" {file: "resource://gre/modules/GeckoViewSessionStore.sys.mjs" line: 149}]
06-02 17:10:47.398 31804 32039 E GeckoConsole: onTabStateUpdate@resource://gre/modules/GeckoViewSessionStore.sys.mjs:149:5
06-02 17:10:47.398 31804 32039 E GeckoConsole: updateSessionStoreFromTabListener@resource://gre/modules/GeckoViewSessionStore.sys.mjs:243:10
06-02 17:10:47.398 31804 32039 E GeckoConsole: SSF_updateSessionStore@resource://gre/modules/SessionStoreFunctions.sys.mjs:46:27
06-02 17:10:47.398 31804 32039 E GeckoConsole: UpdateSessionStore@resource://gre/modules/SessionStoreFunctions.sys.mjs:16:46
06-02 17:10:47.403 31804 32039 E GeckoConsole: [JavaScript Error: "TypeError: can't access property "WindowEventDispatcher", win is null" {file: "resource://gre/modules/GeckoViewSessionStore.sys.mjs" line: 149}]
06-02 17:10:47.403 31804 32039 E GeckoConsole: onTabStateUpdate@resource://gre/modules/GeckoViewSessionStore.sys.mjs:149:5
06-02 17:10:47.403 31804 32039 E GeckoConsole: updateSessionStoreFromTabListener@resource://gre/modules/GeckoViewSessionStore.sys.mjs:243:10
06-02 17:10:47.403 31804 32039 E GeckoConsole: SSF_updateSessionStore@resource://gre/modules/SessionStoreFunctions.sys.mjs:46:27
06-02 17:10:47.403 31804 32039 E GeckoConsole: UpdateSessionStore@resource://gre/modules/SessionStoreFunctions.sys.mjs:16:46
06-02 17:10:47.403 31804 32039 E GeckoConsole: [JavaScript Error: "TypeError: can't access property "WindowEventDispatcher", win is null" {file: "resource://gre/modules/GeckoViewSessionStore.sys.mjs" line: 149}]
06-02 17:10:47.403 31804 32039 E GeckoConsole: onTabStateUpdate@resource://gre/modules/GeckoViewSessionStore.sys.mjs:149:5
06-02 17:10:47.403 31804 32039 E GeckoConsole: updateSessionStoreFromTabListener@resource://gre/modules/GeckoViewSessionStore.sys.mjs:243:10
06-02 17:10:47.403 31804 32039 E GeckoConsole: SSF_updateSessionStore@resource://gre/modules/SessionStoreFunctions.sys.mjs:46:27
06-02 17:10:47.403 31804 32039 E GeckoConsole: UpdateSessionStore@resource://gre/modules/SessionStoreFunctions.sys.mjs:16:46
06-02 17:10:47.403 31804 32039 E GeckoConsole: [JavaScript Error: "TypeError: can't access property "WindowEventDispatcher", win is null" {file: "resource://gre/modules/GeckoViewSessionStore.sys.mjs" line: 149}]
06-02 17:10:47.403 31804 32039 E GeckoConsole: onTabStateUpdate@resource://gre/modules/GeckoViewSessionStore.sys.mjs:149:5
06-02 17:10:47.403 31804 32039 E GeckoConsole: updateSessionStoreFromTabListener@resource://gre/modules/GeckoViewSessionStore.sys.mjs:243:10
06-02 17:10:47.403 31804 32039 E GeckoConsole: SSF_updateSessionStore@resource://gre/modules/SessionStoreFunctions.sys.mjs:46:27
06-02 17:10:47.403 31804 32039 E GeckoConsole: UpdateSessionStore@resource://gre/modules/SessionStoreFunctions.sys.mjs:16:46
06-02 17:10:47.403 31804 32039 E GeckoConsole: [JavaScript Error: "TypeError: can't access property "WindowEventDispatcher", win is null" {file: "resource://gre/modules/GeckoViewSessionStore.sys.mjs" line: 149}]
06-02 17:10:47.403 31804 32039 E GeckoConsole: onTabStateUpdate@resource://gre/modules/GeckoViewSessionStore.sys.mjs:149:5
06-02 17:10:47.403 31804 32039 E GeckoConsole: updateSessionStoreFromTabListener@resource://gre/modules/GeckoViewSessionStore.sys.mjs:243:10
06-02 17:10:47.403 31804 32039 E GeckoConsole: SSF_updateSessionStore@resource://gre/modules/SessionStoreFunctions.sys.mjs:46:27
06-02 17:10:47.403 31804 32039 E GeckoConsole: UpdateSessionStore@resource://gre/modules/SessionStoreFunctions.sys.mjs:16:46
06-02 17:10:48.177 31804 31885 W VibeKeyProfiler: Slow Native Suggest: Total=8.68ms | Init=0.04ms | TrieExpand(x15)=8.62ms | Scoring=0.02ms | inputSize=3
06-02 17:10:48.181 31804 31861 W VibeKeyProfiler: Slow Native Suggest: Total=10.13ms | Init=0.05ms | TrieExpand(x15)=10.07ms | Scoring=0.02ms | inputSize=3
06-02 17:10:48.181 31804 31861 W VibeKeyProfiler: Slow Kotlin Suggest: Total=16.02ms | locales=3 | typedLen=3 | candidates=18 parallelWait=15.91ms
06-02 17:10:48.637 31804 31804 W GeckoEventDispatcher: No listener for GeckoView:DismissClipboardPermissionRequest
06-02 17:10:48.641 31804 32039 E GeckoConsole: [JavaScript Error: "TypeError: can't access property "WindowEventDispatcher", win is null" {file: "resource://gre/modules/GeckoViewSessionStore.sys.mjs" line: 149}]
06-02 17:10:48.641 31804 32039 E GeckoConsole: onTabStateUpdate@resource://gre/modules/GeckoViewSessionStore.sys.mjs:149:5
06-02 17:10:48.641 31804 32039 E GeckoConsole: updateSessionStoreFromTabListener@resource://gre/modules/GeckoViewSessionStore.sys.mjs:243:10
06-02 17:10:48.641 31804 32039 E GeckoConsole: SSF_updateSessionStore@resource://gre/modules/SessionStoreFunctions.sys.mjs:46:27
06-02 17:10:48.641 31804 32039 E GeckoConsole: UpdateSessionStore@resource://gre/modules/SessionStoreFunctions.sys.mjs:16:46
06-02 17:10:48.642 31804 32039 E GeckoConsole: [JavaScript Error: "TypeError: can't access property "WindowEventDispatcher", win is null" {file: "resource://gre/modules/GeckoViewSessionStore.sys.mjs" line: 149}]
06-02 17:10:48.642 31804 32039 E GeckoConsole: onTabStateUpdate@resource://gre/modules/GeckoViewSessionStore.sys.mjs:149:5
06-02 17:10:48.642 31804 32039 E GeckoConsole: updateSessionStoreFromTabListener@resource://gre/modules/GeckoViewSessionStore.sys.mjs:243:10
06-02 17:10:48.642 31804 32039 E GeckoConsole: SSF_updateSessionStore@resource://gre/modules/SessionStoreFunctions.sys.mjs:46:27
06-02 17:10:48.642 31804 32039 E GeckoConsole: UpdateSessionStore@resource://gre/modules/SessionStoreFunctions.sys.mjs:16:46
06-02 17:10:48.645 31804 32039 E GeckoConsole: [JavaScript Error: "TypeError: can't access property "WindowEventDispatcher", win is null" {file: "resource://gre/modules/GeckoViewSessionStore.sys.mjs" line: 149}]
06-02 17:10:48.645 31804 32039 E GeckoConsole: onTabStateUpdate@resource://gre/modules/GeckoViewSessionStore.sys.mjs:149:5
06-02 17:10:48.645 31804 32039 E GeckoConsole: updateSessionStoreFromTabListener@resource://gre/modules/GeckoViewSessionStore.sys.mjs:243:10
06-02 17:10:48.645 31804 32039 E GeckoConsole: SSF_updateSessionStore@resource://gre/modules/SessionStoreFunctions.sys.mjs:46:27
06-02 17:10:48.645 31804 32039 E GeckoConsole: UpdateSessionStore@resource://gre/modules/SessionStoreFunctions.sys.mjs:16:46
06-02 17:10:48.645 31804 32039 E GeckoConsole: [JavaScript Error: "TypeError: can't access property "WindowEventDispatcher", win is null" {file: "resource://gre/modules/GeckoViewSessionStore.sys.mjs" line: 149}]
06-02 17:10:48.645 31804 32039 E GeckoConsole: onTabStateUpdate@resource://gre/modules/GeckoViewSessionStore.sys.mjs:149:5
06-02 17:10:48.645 31804 32039 E GeckoConsole: updateSessionStoreFromTabListener@resource://gre/modules/GeckoViewSessionStore.sys.mjs:243:10
06-02 17:10:48.645 31804 32039 E GeckoConsole: SSF_updateSessionStore@resource://gre/modules/SessionStoreFunctions.sys.mjs:46:27
06-02 17:10:48.645 31804 32039 E GeckoConsole: UpdateSessionStore@resource://gre/modules/SessionStoreFunctions.sys.mjs:16:46
06-02 17:10:48.655 31804 32039 E GeckoConsole: [JavaScript Error: "TypeError: can't access property "WindowEventDispatcher", win is null" {file: "resource://gre/modules/GeckoViewSessionStore.sys.mjs" line: 149}]
06-02 17:10:48.655 31804 32039 E GeckoConsole: onTabStateUpdate@resource://gre/modules/GeckoViewSessionStore.sys.mjs:149:5
06-02 17:10:48.655 31804 32039 E GeckoConsole: updateSessionStoreFromTabListener@resource://gre/modules/GeckoViewSessionStore.sys.mjs:243:10
06-02 17:10:48.655 31804 32039 E GeckoConsole: SSF_updateSessionStore@resource://gre/modules/SessionStoreFunctions.sys.mjs:46:27
06-02 17:10:48.655 31804 32039 E GeckoConsole: UpdateSessionStore@resource://gre/modules/SessionStoreFunctions.sys.mjs:16:46
06-02 17:10:52.548 31804  1144 W ServiceBindIntentUtils: Dynamic lookup for intent failed for action: com.google.android.gms.ads.service.START
06-02 17:10:52.590 31804  1129 W Ads     : Not retrying to fetch app settings
06-02 17:10:52.626 31804  1137 W Ads     : Not retrying to fetch app settings
06-02 17:10:52.755 31804 31804 W AdManager: Interstitial ad failed to load: code=3 message=Publisher data not found. <https://support.google.com/admob/answer/9905175#9>
06-02 17:10:52.780 31804 31804 W AdManager: Native ad failed to load: code=3 message=Publisher data not found. <https://support.google.com/admob/answer/9905175#9>
06-02 17:10:52.797 31804 31804 W AdManager: Rewarded load failed tier=PRIMARY code=3 domain=com.google.android.gms.ads message=Publisher data not found. <https://support.google.com/admob/answer/9905175#9>
06-02 17:10:54.421 31804 31804 W GeckoEventDispatcher: No listener for GeckoView:DismissClipboardPermissionRequest
06-02 17:10:54.425 31804 32039 E GeckoConsole: [JavaScript Error: "TypeError: can't access property "WindowEventDispatcher", win is null" {file: "resource://gre/modules/GeckoViewSessionStore.sys.mjs" line: 149}]
06-02 17:10:54.425 31804 32039 E GeckoConsole: onTabStateUpdate@resource://gre/modules/GeckoViewSessionStore.sys.mjs:149:5
06-02 17:10:54.425 31804 32039 E GeckoConsole: updateSessionStoreFromTabListener@resource://gre/modules/GeckoViewSessionStore.sys.mjs:243:10
06-02 17:10:54.425 31804 32039 E GeckoConsole: SSF_updateSessionStore@resource://gre/modules/SessionStoreFunctions.sys.mjs:46:27
06-02 17:10:54.425 31804 32039 E GeckoConsole: UpdateSessionStore@resource://gre/modules/SessionStoreFunctions.sys.mjs:16:46
06-02 17:10:54.426 31804 32039 E GeckoConsole: [JavaScript Error: "TypeError: can't access property "WindowEventDispatcher", win is null" {file: "resource://gre/modules/GeckoViewSessionStore.sys.mjs" line: 149}]
06-02 17:10:54.426 31804 32039 E GeckoConsole: onTabStateUpdate@resource://gre/modules/GeckoViewSessionStore.sys.mjs:149:5
06-02 17:10:54.426 31804 32039 E GeckoConsole: updateSessionStoreFromTabListener@resource://gre/modules/GeckoViewSessionStore.sys.mjs:243:10
06-02 17:10:54.426 31804 32039 E GeckoConsole: SSF_updateSessionStore@resource://gre/modules/SessionStoreFunctions.sys.mjs:46:27
06-02 17:10:54.426 31804 32039 E GeckoConsole: UpdateSessionStore@resource://gre/modules/SessionStoreFunctions.sys.mjs:16:46
06-02 17:10:54.426 31804 32039 E GeckoConsole: [JavaScript Error: "TypeError: can't access property "WindowEventDispatcher", win is null" {file: "resource://gre/modules/GeckoViewSessionStore.sys.mjs" line: 149}]
06-02 17:10:54.426 31804 32039 E GeckoConsole: onTabStateUpdate@resource://gre/modules/GeckoViewSessionStore.sys.mjs:149:5
06-02 17:10:54.426 31804 32039 E GeckoConsole: updateSessionStoreFromTabListener@resource://gre/modules/GeckoViewSessionStore.sys.mjs:243:10
06-02 17:10:54.426 31804 32039 E GeckoConsole: SSF_updateSessionStore@resource://gre/modules/SessionStoreFunctions.sys.mjs:46:27
06-02 17:10:54.426 31804 32039 E GeckoConsole: UpdateSessionStore@resource://gre/modules/SessionStoreFunctions.sys.mjs:16:46
06-02 17:10:54.426 31804 32039 E GeckoConsole: [JavaScript Error: "TypeError: can't access property "WindowEventDispatcher", win is null" {file: "resource://gre/modules/GeckoViewSessionStore.sys.mjs" line: 149}]
06-02 17:10:54.426 31804 32039 E GeckoConsole: onTabStateUpdate@resource://gre/modules/GeckoViewSessionStore.sys.mjs:149:5
06-02 17:10:54.426 31804 32039 E GeckoConsole: updateSessionStoreFromTabListener@resource://gre/modules/GeckoViewSessionStore.sys.mjs:243:10
06-02 17:10:54.426 31804 32039 E GeckoConsole: SSF_updateSessionStore@resource://gre/modules/SessionStoreFunctions.sys.mjs:46:27
06-02 17:10:54.426 31804 32039 E GeckoConsole: UpdateSessionStore@resource://gre/modules/SessionStoreFunctions.sys.mjs:16:46
06-02 17:10:54.426 31804 32039 E GeckoConsole: [JavaScript Error: "TypeError: can't access property "WindowEventDispatcher", win is null" {file: "resource://gre/modules/GeckoViewSessionStore.sys.mjs" line: 149}]
06-02 17:10:54.426 31804 32039 E GeckoConsole: onTabStateUpdate@resource://gre/modules/GeckoViewSessionStore.sys.mjs:149:5
06-02 17:10:54.426 31804 32039 E GeckoConsole: updateSessionStoreFromTabListener@resource://gre/modules/GeckoViewSessionStore.sys.mjs:243:10
06-02 17:10:54.426 31804 32039 E GeckoConsole: SSF_updateSessionStore@resource://gre/modules/SessionStoreFunctions.sys.mjs:46:27
06-02 17:10:54.426 31804 32039 E GeckoConsole: UpdateSessionStore@resource://gre/modules/SessionStoreFunctions.sys.mjs:16:46
06-02 17:10:57.461 31804  1142 W Ads     : Not retrying to fetch app settings
06-02 17:10:57.493 31804  1142 W Ads     : Not retrying to fetch app settings
06-02 17:10:57.503 31804 31804 W Settings: Setting transition_animation_scale has moved from android.provider.Settings.System to android.provider.Settings.Global, returning read-only value.
06-02 17:10:57.509 31804  1143 W Ads     : Not retrying to fetch app settings
06-02 17:10:57.775 31804 31804 W AdManager: Interstitial ad failed to load: code=3 message=Publisher data not found. <https://support.google.com/admob/answer/9905175#9>
06-02 17:10:57.776 31804 31804 W AdManager: Rewarded load failed tier=PRIMARY code=3 domain=com.google.android.gms.ads message=Publisher data not found. <https://support.google.com/admob/answer/9905175#9>
06-02 17:10:57.776 31804 31804 W AdManager: Native ad failed to load: code=3 message=Publisher data not found. <https://support.google.com/admob/answer/9905175#9>
06-02 17:10:58.126  1232  1232 E libcrashpad_handler_trampoline.so: createInstance(64bit) : createExtendedFactory
06-02 17:10:58.130  1232  1232 E libcrashpad_handler_trampoline.so: createInstance(64bit) : createExtendedFactory
06-02 17:10:58.130  1232  1232 E libcrashpad_handler_trampoline.so: Opened libinputextensionsimpl.so
06-02 17:10:58.130  1232  1232 E libcrashpad_handler_trampoline.so: Opened libinputextensionsimpl.so
06-02 17:10:58.131  1232  1232 E libcrashpad_handler_trampoline.so: createInstance(64bit) : createExtendedFactory
06-02 17:10:58.131  1232  1232 E libcrashpad_handler_trampoline.so: createInstance(64bit) : createExtendedFactory
06-02 17:10:58.131  1232  1232 E libcrashpad_handler_trampoline.so: Opened libsensorextimpl.so
06-02 17:10:58.131  1232  1232 E libcrashpad_handler_trampoline.so: Opened libsensorextimpl.so
06-02 17:10:58.216  1232  1232 E chromium: [0602/171058.215883:ERROR:third_party/crashpad/crashpad/util/process/process_memory_range.cc:75] read out of range
06-02 17:10:58.351 31804 31882 F libc    : Fatal signal 11 (SIGSEGV), code 1 (SEGV_MAPERR), fault addr 0xffffff00000034 in tid 31882 (ExecutorUtils), pid 31804 (AndroidUI)
06-02 17:10:58.573  1252  1252 E DEBUG   : failed to read /proc/uptime: Permission denied
06-02 17:10:59.750  1252  1252 F DEBUG   : Process name is com.vibekey.keyboard, not key_process
06-02 17:10:59.750  1252  1252 F DEBUG   : keyProcess: 0
06-02 17:10:59.750  1252  1252 F DEBUG   : *** *** *** *** *** *** *** *** *** *** *** *** *** *** *** ***
06-02 17:10:59.750  1252  1252 F DEBUG   : Build fingerprint: 'OnePlus/OnePlus7Pro/OnePlus7Pro:12/SKQ1.211113.001/P.202303230244:user/release-keys'
06-02 17:10:59.750  1252  1252 F DEBUG   : Revision: '0'
06-02 17:10:59.750  1252  1252 F DEBUG   : ABI: 'arm64'
06-02 17:10:59.750  1252  1252 F DEBUG   : Timestamp: 2026-06-02 17:10:58.573302234-0400
06-02 17:10:59.750  1252  1252 F DEBUG   : Process uptime: 0s
06-02 17:10:59.750  1252  1252 F DEBUG   : Cmdline: com.vibekey.keyboard
06-02 17:10:59.750  1252  1252 F DEBUG   : pid: 31804, tid: 31882, name: ExecutorUtils  >>> com.vibekey.keyboard <<<
06-02 17:10:59.750  1252  1252 F DEBUG   : uid: 13896
06-02 17:10:59.750  1252  1252 F DEBUG   : signal 11 (SIGSEGV), code 1 (SEGV_MAPERR), fault addr 0xffffff00000034
06-02 17:10:59.750  1252  1252 F DEBUG   :     x0  0000000000000000  x1  0000000000007c8a  x2  000000000000000b  x3  000000767eb82da0
06-02 17:10:59.750  1252  1252 F DEBUG   :     x4  0000007694d1c400  x5  0000007694d1c400  x6  0000007694d1c400  x7  0000000000000000
06-02 17:10:59.750  1252  1252 F DEBUG   :     x8  00000000000000f0  x9  db746b027190efc7  x10 0000007696b4068c  x11 0000000000000000
06-02 17:10:59.750  1252  1252 F DEBUG   :     x12 00000000ffffffff  x13 0000000000000000  x14 0000000000000000  x15 00000000ebad6a89
06-02 17:10:59.750  1252  1252 F DEBUG   :     x16 000000757ca4b410  x17 00000076790b8f10  x18 000000752839a000  x19 000000000000000b
06-02 17:10:59.750  1252  1252 F DEBUG   :     x20 000000767eb82da0  x21 0000000000007c3c  x22 000000767eb82b90  x23 0000000000000001
06-02 17:10:59.750  1252  1252 F DEBUG   :     x24 000000752dab7d48  x25 00000075578ca000  x26 0000007694d1d698  x27 0000007694d1c408
06-02 17:10:59.750  1252  1252 F DEBUG   :     x28 0000000000000400  x29 000000767eb82bb0
06-02 17:10:59.750  1252  1252 F DEBUG   :     lr  0000007576c73da0  sp  000000767eb82b90  pc  00000076790b8f34  pst 0000000000000000
06-02 17:10:59.750  1252  1252 F DEBUG   : backtrace:
06-02 17:10:59.750  1252  1252 F DEBUG   :       #00 pc 0000000000075f34  /apex/com.android.runtime/lib64/bionic/libc.so (syscall+36) (BuildId: bbbdeb7c87c74f1491f92c6e605095b0)
06-02 17:10:59.750  1252  1252 F DEBUG   :       #01 pc 0000000004062d9c  /data/app/~~0vURfNRJhP5qOxDjXMAdJA==/com.google.android.webview-1jICq8A_gawMkQD3QY60ZA==/base.apk!libwebviewchromium.so (BuildId: 6830cf8493d489d274dd2200dc390799760c2507)
06-02 17:10:59.750  1252  1252 F DEBUG   :       #02 pc 0000000004059518  /data/app/~~0vURfNRJhP5qOxDjXMAdJA==/com.google.android.webview-1jICq8A_gawMkQD3QY60ZA==/base.apk!libwebviewchromium.so (BuildId: 6830cf8493d489d274dd2200dc390799760c2507)
06-02 17:10:59.750  1252  1252 F DEBUG   :       #03 pc 000000000729d1dc  /data/app/~~94KF_OBdAjn5Su6t2i2D6A==/com.vibekey.keyboard-W13cZwwvjzwqS1HrwgnyXg==/lib/arm64/libxul.so (BuildId: 4a35ccb91ce54a7d8afe95f435ee2ee2cc640e58)
06-02 17:10:59.750  1252  1252 F DEBUG   :       #04 pc 0000000007721500  /data/app/~~94KF_OBdAjn5Su6t2i2D6A==/com.vibekey.keyboard-W13cZwwvjzwqS1HrwgnyXg==/lib/arm64/libxul.so (BuildId: 4a35ccb91ce54a7d8afe95f435ee2ee2cc640e58)
06-02 17:10:59.750  1252  1252 F DEBUG   :       #05 pc 0000000000006f94  /apex/com.android.art/lib64/libsigchain.so (art::SignalChain::Handler(int, siginfo*, void*)+1148) (BuildId: 1d71636c1517ecf3fa421563ba6710f3)
06-02 17:10:59.750  1252  1252 F DEBUG   :       #06 pc 0000000000000638  [vdso] (__kernel_rt_sigreturn+0)
06-02 17:10:59.750  1252  1252 F DEBUG   :       #07 pc 00000000000a3d44  /data/app/~~94KF_OBdAjn5Su6t2i2D6A==/com.vibekey.keyboard-W13cZwwvjzwqS1HrwgnyXg==/lib/arm64/libjni_latinime.so (BuildId: 47d7e70704d5e1a09526a0804abab0c0adcebc72)
06-02 17:10:59.750  1252  1252 F DEBUG   :       #08 pc 00000000002c2100  /apex/com.android.art/lib64/libart.so (art_quick_generic_jni_trampoline+144) (BuildId: 7087b2f2160bfbf3335d54ba9779e325)
06-02 17:10:59.750  1252  1252 F DEBUG   :       #09 pc 0000000000668b6c  /apex/com.android.art/lib64/libart.so (nterp_helper+1948) (BuildId: 7087b2f2160bfbf3335d54ba9779e325)
06-02 17:10:59.750  1252  1252 F DEBUG   :       #10 pc 000000000022f75c  /data/app/~~94KF_OBdAjn5Su6t2i2D6A==/com.vibekey.keyboard-W13cZwwvjzwqS1HrwgnyXg==/oat/arm64/base.vdex (com.android.inputmethod.latin.DicTraverseSession.a+16)
06-02 17:10:59.750  1252  1252 F DEBUG   :       #11 pc 0000000000669324  /apex/com.android.art/lib64/libart.so (nterp_helper+3924) (BuildId: 7087b2f2160bfbf3335d54ba9779e325)
06-02 17:10:59.750  1252  1252 F DEBUG   :       #12 pc 000000000022f2f8  /data/app/~~94KF_OBdAjn5Su6t2i2D6A==/com.vibekey.keyboard-W13cZwwvjzwqS1HrwgnyXg==/oat/arm64/base.vdex (com.android.inputmethod.latin.BinaryDictionary.a+44)
06-02 17:10:59.750  1252  1252 F DEBUG   :       #13 pc 0000000000669324  /apex/com.android.art/lib64/libart.so (nterp_helper+3924) (BuildId: 7087b2f2160bfbf3335d54ba9779e325)
06-02 17:10:59.750  1252  1252 F DEBUG   :       #14 pc 000000000022f424  /data/app/~~94KF_OBdAjn5Su6t2i2D6A==/com.vibekey.keyboard-W13cZwwvjzwqS1HrwgnyXg==/oat/arm64/base.vdex (com.android.inputmethod.latin.BinaryDictionary.l+44)
06-02 17:10:59.750  1252  1252 F DEBUG   :       #15 pc 0000000000669324  /apex/com.android.art/lib64/libart.so (nterp_helper+3924) (BuildId: 7087b2f2160bfbf3335d54ba9779e325)
06-02 17:10:59.750  1252  1252 F DEBUG   :       #16 pc 0000000000aa62c2  /data/app/~~94KF_OBdAjn5Su6t2i2D6A==/com.vibekey.keyboard-W13cZwwvjzwqS1HrwgnyXg==/oat/arm64/base.vdex (t7.h.run+238)
06-02 17:10:59.750  1252  1252 F DEBUG   :       #17 pc 000000000066a144  /apex/com.android.art/lib64/libart.so (nterp_helper+7540) (BuildId: 7087b2f2160bfbf3335d54ba9779e325)
06-02 17:10:59.750  1252  1252 F DEBUG   :       #18 pc 00000000004c6112  /data/app/~~94KF_OBdAjn5Su6t2i2D6A==/com.vibekey.keyboard-W13cZwwvjzwqS1HrwgnyXg==/oat/arm64/base.vdex (com.google.firebase.appcheck.internal.a.run+1030)
06-02 17:10:59.750  1252  1252 F DEBUG   :       #19 pc 00000000022d2950  /memfd:jit-zygote-cache (deleted)
06-02 17:11:03.057  1382  1382 E ibekey.keyboar: Unknown bits set in runtime_flags: 0x40000000
06-02 17:11:03.186  1382  1382 W f0      : Could not load system glide typing library jni_latinimegoogle: dlopen failed: library "libjni_latinimegoogle.so" not found
06-02 17:11:03.246  1382  1382 E ibekey.keyboar: ofbOpen failed with error=No such file or directory
06-02 17:11:03.246  1382  1382 E ibekey.keyboar: sysOpen failed with error=No such file or directory
06-02 17:11:03.317  1382  1382 W v       : No editor info for this field. Bug?
06-02 17:11:03.383  1382  1382 W Settings: Setting transition_animation_scale has moved from android.provider.Settings.System to android.provider.Settings.Global, returning read-only value.
06-02 17:11:03.597  1382  1382 W ibekey.keyboar: ClassLoaderContext classpath size mismatch. expected=1, found=0 (DLC[];PCL[base.apk*4009363210]{PCL[/system/framework/org.apache.http.legacy.jar*3034548894]#PCL[/apex/com.android.extservices/javalib/android.ext.adservices.jar*3839736497]#PCL[/system/framework/com.android.location.provider.jar*3633238672]#PCL[/system/framework/com.android.media.remotedisplay.jar*3472798123]#PCL[/apex/com.android.extservices/javalib/android.ext.adservices.jar*3839736497]} | DLC[];PCL[])
06-02 17:11:03.604  1382  1382 W System  : ClassLoader referenced unknown path: 
06-02 17:11:03.610  1382  1382 W ibekey.keyboar: ClassLoaderContext classpath element checksum mismatch. expected=4009363210, found=2594076767 (DLC[];PCL[base.apk*4009363210]{PCL[/system/framework/org.apache.http.legacy.jar*3034548894]#PCL[/apex/com.android.extservices/javalib/android.ext.adservices.jar*3839736497]#PCL[/system/framework/com.android.location.provider.jar*3633238672]#PCL[/system/framework/com.android.media.remotedisplay.jar*3472798123]#PCL[/apex/com.android.extservices/javalib/android.ext.adservices.jar*3839736497]} | DLC[];PCL[/data/app/~~94KF_OBdAjn5Su6t2i2D6A==/com.vibekey.keyboard-W13cZwwvjzwqS1HrwgnyXg==/base.apk*2594076767]{PCL[/apex/com.android.extservices/javalib/android.ext.adservices.jar*3839736497]})
06-02 17:11:03.684  1382  1549 W Ads     : Update ad debug logging enablement as false
06-02 17:11:03.709  1382  1382 E MultiApp.Impl: OplusMultiAppImpl
06-02 17:11:03.792  1382  1584 W libc    : Access denied finding property "ro.vendor.api_level"
