=== VibeKey 4.3.1 (4404) ===

--------- beginning of system
06-20 23:25:48.769  8554  8554 E OplusCustomizeRestrictionManager: sInstance is null, start a new sInstance
--------- beginning of crash
06-20 23:26:44.494  8554  8554 F libc    : Fatal signal 11 (SIGSEGV), code 1 (SEGV_MAPERR), fault addr 0x6c00000053 in tid 8554 (AndroidUI), pid 8554 (AndroidUI)
06-20 23:26:46.472  9817  9817 F DEBUG   : Process name is com.vibekey.keyboard, not key_process
06-20 23:26:46.472  9817  9817 F DEBUG   : keyProcess: 0
06-20 23:26:46.472  9817  9817 F DEBUG   : *** *** *** *** *** *** *** *** *** *** *** *** *** *** *** ***
06-20 23:26:46.472  9817  9817 F DEBUG   : Build fingerprint: 'OnePlus/OnePlus7Pro/OnePlus7Pro:12/SKQ1.211113.001/P.202303230244:user/release-keys'
06-20 23:26:46.472  9817  9817 F DEBUG   : Revision: '0'
06-20 23:26:46.472  9817  9817 F DEBUG   : ABI: 'arm64'
06-20 23:26:46.472  9817  9817 F DEBUG   : Timestamp: 2026-06-20 23:26:44.892065580-0400
06-20 23:26:46.472  9817  9817 F DEBUG   : Process uptime: 0s
06-20 23:26:46.472  9817  9817 F DEBUG   : Cmdline: com.vibekey.keyboard
06-20 23:26:46.472  9817  9817 F DEBUG   : pid: 8554, tid: 8554, name: AndroidUI  >>> com.vibekey.keyboard <<<
06-20 23:26:46.472  9817  9817 F DEBUG   : uid: 14155
06-20 23:26:46.472  9817  9817 F DEBUG   : signal 11 (SIGSEGV), code 1 (SEGV_MAPERR), fault addr 0x6c00000053
06-20 23:26:46.472  9817  9817 F DEBUG   :     x0  0000000000000000  x1  000000000000216a  x2  000000000000000b  x3  0000007bfb805da0
06-20 23:26:46.472  9817  9817 F DEBUG   :     x4  0000007bd7c54400  x5  0000007bd7c54400  x6  0000007bd7c54400  x7  0000000000000000
06-20 23:26:46.472  9817  9817 F DEBUG   :     x8  00000000000000f0  x9  825cb746dda824a5  x10 0000007bfb86468c  x11 0000000000000000
06-20 23:26:46.472  9817  9817 F DEBUG   :     x12 00000000ffffffff  x13 0000000000000000  x14 0000000000000005  x15 00000000ebad6a89
06-20 23:26:46.472  9817  9817 F DEBUG   :     x16 0000007ae24343a8  x17 0000007bda49ef10  x18 0000007bfb69a000  x19 000000000000000b
06-20 23:26:46.472  9817  9817 F DEBUG   :     x20 0000007bfb805da0  x21 000000000000216a  x22 0000007bfb805b90  x23 0000000000000001
06-20 23:26:46.472  9817  9817 F DEBUG   :     x24 0000007a97f3ad5c  x25 0000007bfa518f80  x26 0000007bd7c55698  x27 0000007bd7c54408
06-20 23:26:46.472  9817  9817 F DEBUG   :     x28 0000000000000400  x29 0000007bfb805bb0
06-20 23:26:46.472  9817  9817 F DEBUG   :     lr  0000007adc641bc8  sp  0000007bfb805b90  pc  0000007bda49ef34  pst 0000000000000000
06-20 23:26:46.472  9817  9817 F DEBUG   : backtrace:
06-20 23:26:46.472  9817  9817 F DEBUG   :       #00 pc 0000000000075f34  /apex/com.android.runtime/lib64/bionic/libc.so (syscall+36) (BuildId: bbbdeb7c87c74f1491f92c6e605095b0)
06-20 23:26:46.472  9817  9817 F DEBUG   :       #01 pc 00000000040a9bc4  /data/app/~~-XGWjzmdoRrM1YaZYK883A==/com.google.android.webview-HvpxCmuUIjPsZ4yTEw8s4w==/base.apk!libwebviewchromium.so (BuildId: f447b77da2d76e8d4d133b66c727c3ae532b54bf)
06-20 23:26:46.472  9817  9817 F DEBUG   :       #02 pc 00000000040a03c4  /data/app/~~-XGWjzmdoRrM1YaZYK883A==/com.google.android.webview-HvpxCmuUIjPsZ4yTEw8s4w==/base.apk!libwebviewchromium.so (BuildId: f447b77da2d76e8d4d133b66c727c3ae532b54bf)
06-20 23:26:46.472  9817  9817 F DEBUG   :       #03 pc 000000000729d1dc  /data/app/~~TChBZzJTC_tlOeP5XavbNA==/com.vibekey.keyboard-kwYSxNBTNM0iwNaNoxS4EA==/lib/arm64/libxul.so (BuildId: 4a35ccb91ce54a7d8afe95f435ee2ee2cc640e58)
06-20 23:26:46.472  9817  9817 F DEBUG   :       #04 pc 0000000007721500  /data/app/~~TChBZzJTC_tlOeP5XavbNA==/com.vibekey.keyboard-kwYSxNBTNM0iwNaNoxS4EA==/lib/arm64/libxul.so (BuildId: 4a35ccb91ce54a7d8afe95f435ee2ee2cc640e58)
06-20 23:26:46.472  9817  9817 F DEBUG   :       #05 pc 00000000000070a0  /apex/com.android.art/lib64/libsigchain.so (art::SignalChain::Handler(int, siginfo*, void*)+1152) (BuildId: b6eee6262e0caa13108e99cc46dd5b5d)
06-20 23:26:46.472  9817  9817 F DEBUG   :       #06 pc 0000000000000638  [vdso] (__kernel_rt_sigreturn+0)
06-20 23:26:46.472  9817  9817 F DEBUG   :       #07 pc 00000000000a3d58  /data/app/~~TChBZzJTC_tlOeP5XavbNA==/com.vibekey.keyboard-kwYSxNBTNM0iwNaNoxS4EA==/lib/arm64/libjni_latinime.so (BuildId: f905dbd1a904967a994cf833116e517b05caa863)
06-20 23:26:46.472  9817  9817 F DEBUG   :       #08 pc 00000000002b03a0  /apex/com.android.art/lib64/libart.so (art_quick_generic_jni_trampoline+144) (BuildId: 1f156fc62660d075a8d675db850b95d5)
06-20 23:26:46.472  9817  9817 F DEBUG   :       #09 pc 000000000072c39c  /apex/com.android.art/lib64/libart.so (nterp_helper+780) (BuildId: 1f156fc62660d075a8d675db850b95d5)
06-20 23:26:46.472  9817  9817 F DEBUG   :       #10 pc 0000000000228cf6  /data/app/~~TChBZzJTC_tlOeP5XavbNA==/com.vibekey.keyboard-kwYSxNBTNM0iwNaNoxS4EA==/oat/arm64/base.vdex (com.android.inputmethod.latin.DicTraverseSession.a+22)
06-20 23:26:46.472  9817  9817 F DEBUG   :       #11 pc 000000000072c884  /apex/com.android.art/lib64/libart.so (nterp_helper+2036) (BuildId: 1f156fc62660d075a8d675db850b95d5)
06-20 23:26:46.472  9817  9817 F DEBUG   :       #12 pc 000000000022888c  /data/app/~~TChBZzJTC_tlOeP5XavbNA==/com.vibekey.keyboard-kwYSxNBTNM0iwNaNoxS4EA==/oat/arm64/base.vdex (com.android.inputmethod.latin.BinaryDictionary.a+44)
06-20 23:26:46.472  9817  9817 F DEBUG   :       #13 pc 000000000072c884  /apex/com.android.art/lib64/libart.so (nterp_helper+2036) (BuildId: 1f156fc62660d075a8d675db850b95d5)
06-20 23:26:46.472  9817  9817 F DEBUG   :       #14 pc 0000000000ae76c2  /data/app/~~TChBZzJTC_tlOeP5XavbNA==/com.vibekey.keyboard-kwYSxNBTNM0iwNaNoxS4EA==/oat/arm64/base.vdex (v7.k.a+22)
06-20 23:26:46.472  9817  9817 F DEBUG   :       #15 pc 000000000072c884  /apex/com.android.art/lib64/libart.so (nterp_helper+2036) (BuildId: 1f156fc62660d075a8d675db850b95d5)
06-20 23:26:46.472  9817  9817 F DEBUG   :       #16 pc 0000000000ae6822  /data/app/~~TChBZzJTC_tlOeP5XavbNA==/com.vibekey.keyboard-kwYSxNBTNM0iwNaNoxS4EA==/oat/arm64/base.vdex (v7.e.a+34)
06-20 23:26:46.472  9817  9817 F DEBUG   :       #17 pc 000000000072c884  /apex/com.android.art/lib64/libart.so (nterp_helper+2036) (BuildId: 1f156fc62660d075a8d675db850b95d5)
06-20 23:26:46.472  9817  9817 F DEBUG   :       #18 pc 00000000005b655c  /data/app/~~TChBZzJTC_tlOeP5XavbNA==/com.vibekey.keyboard-kwYSxNBTNM0iwNaNoxS4EA==/oat/arm64/base.vdex (p7.q.b+52)
06-20 23:26:46.472  9817  9817 F DEBUG   :       #19 pc 000000000072c884  /apex/com.android.art/lib64/libart.so (nterp_helper+2036) (BuildId: 1f156fc62660d075a8d675db850b95d5)
06-20 23:26:46.472  9817  9817 F DEBUG   :       #20 pc 00000000005b5eda  /data/app/~~TChBZzJTC_tlOeP5XavbNA==/com.vibekey.keyboard-kwYSxNBTNM0iwNaNoxS4EA==/oat/arm64/base.vdex (p7.o.n+1270)
06-20 23:26:46.472  9817  9817 F DEBUG   :       #21 pc 000000000072cb98  /apex/com.android.art/lib64/libart.so (nterp_helper+2824) (BuildId: 1f156fc62660d075a8d675db850b95d5)
06-20 23:26:46.472  9817  9817 F DEBUG   :       #22 pc 00000000005b599e  /data/app/~~TChBZzJTC_tlOeP5XavbNA==/com.vibekey.keyboard-kwYSxNBTNM0iwNaNoxS4EA==/oat/arm64/base.vdex (p7.o.m+106)
06-20 23:26:46.472  9817  9817 F DEBUG   :       #23 pc 000000000072cb98  /apex/com.android.art/lib64/libart.so (nterp_helper+2824) (BuildId: 1f156fc62660d075a8d675db850b95d5)
06-20 23:26:46.472  9817  9817 F DEBUG   :       #24 pc 0000000000525ea8  /data/app/~~TChBZzJTC_tlOeP5XavbNA==/com.vibekey.keyboard-kwYSxNBTNM0iwNaNoxS4EA==/oat/arm64/base.vdex (helium314.keyboard.latin.LatinIME.s+56)
06-20 23:26:46.472  9817  9817 F DEBUG   :       #25 pc 000000000072c884  /apex/com.android.art/lib64/libart.so (nterp_helper+2036) (BuildId: 1f156fc62660d075a8d675db850b95d5)
06-20 23:26:46.473  9817  9817 F DEBUG   :       #26 pc 0000000000526032  /data/app/~~TChBZzJTC_tlOeP5XavbNA==/com.vibekey.keyboard-kwYSxNBTNM0iwNaNoxS4EA==/oat/arm64/base.vdex (helium314.keyboard.latin.LatinIME.t+306)
06-20 23:26:46.473  9817  9817 F DEBUG   :       #27 pc 000000000072c884  /apex/com.android.art/lib64/libart.so (nterp_helper+2036) (BuildId: 1f156fc62660d075a8d675db850b95d5)
06-20 23:26:46.473  9817  9817 F DEBUG   :       #28 pc 00000000005b89e6  /data/app/~~TChBZzJTC_tlOeP5XavbNA==/com.vibekey.keyboard-kwYSxNBTNM0iwNaNoxS4EA==/oat/arm64/base.vdex (p7.g0.handleMessage+894)
06-20 23:26:46.473  9817  9817 F DEBUG   :       #29 pc 000000000205a610  /memfd:jit-zygote-cache (deleted)
06-20 23:26:48.623  9940  9940 E OplusCustomizeRestrictionManager: sInstance is null, start a new sInstance
06-20 23:26:58.026  9940  9984 F libc    : Fatal signal 7 (SIGBUS), code 2 (BUS_ADRERR), fault addr 0x7a91da4975 in tid 9984 (DefaultDispatch), pid 9940 (AndroidUI)
06-20 23:27:02.258 10824 10824 F DEBUG   : Process name is com.vibekey.keyboard, not key_process
06-20 23:27:02.258 10824 10824 F DEBUG   : keyProcess: 0
06-20 23:27:02.263 10824 10824 F DEBUG   : *** *** *** *** *** *** *** *** *** *** *** *** *** *** *** ***
06-20 23:27:02.263 10824 10824 F DEBUG   : Build fingerprint: 'OnePlus/OnePlus7Pro/OnePlus7Pro:12/SKQ1.211113.001/P.202303230244:user/release-keys'
06-20 23:27:02.263 10824 10824 F DEBUG   : Revision: '0'
06-20 23:27:02.263 10824 10824 F DEBUG   : ABI: 'arm64'
06-20 23:27:02.263 10824 10824 F DEBUG   : Timestamp: 2026-06-20 23:26:58.747088231-0400
06-20 23:27:02.263 10824 10824 F DEBUG   : Process uptime: 0s
06-20 23:27:02.263 10824 10824 F DEBUG   : Cmdline: com.vibekey.keyboard
06-20 23:27:02.263 10824 10824 F DEBUG   : pid: 9940, tid: 9984, name: DefaultDispatch  >>> com.vibekey.keyboard <<<
06-20 23:27:02.263 10824 10824 F DEBUG   : uid: 14155
06-20 23:27:02.263 10824 10824 F DEBUG   : signal 7 (SIGBUS), code 2 (BUS_ADRERR), fault addr 0x7a91da4975
06-20 23:27:02.263 10824 10824 F DEBUG   :     x0  0000000000000000  x1  0000000000002700  x2  0000000000000007  x3  0000007bf1caada0
06-20 23:27:02.263 10824 10824 F DEBUG   :     x4  0000007bf1caa6a8  x5  0000007bf1caa6a8  x6  0000007bf1caa6a8  x7  0000000000000000
06-20 23:27:02.263 10824 10824 F DEBUG   :     x8  00000000000000f0  x9  825cb746dda824a5  x10 0000000000004001  x11 0000000000000000
06-20 23:27:02.263 10824 10824 F DEBUG   :     x12 00000000ffffffff  x13 0000000000000000  x14 002482cdcacfcab7  x15 0000a32215bef4b9
06-20 23:27:02.263 10824 10824 F DEBUG   :     x16 0000007ae24343a8  x17 0000007bda49ef10  x18 0000007ac7d82000  x19 0000000000000007
06-20 23:27:02.263 10824 10824 F DEBUG   :     x20 0000007bf1caada0  x21 00000000000026d4  x22 0000007bf1caad00  x23 0000000000000001
06-20 23:27:02.263 10824 10824 F DEBUG   :     x24 000000000005b90f  x25 00000000000000c0  x26 0000000000009488  x27 0000000000000010
06-20 23:27:02.263 10824 10824 F DEBUG   :     x28 0000000000000001  x29 0000007bf1caad20
06-20 23:27:02.263 10824 10824 F DEBUG   :     lr  0000007adc641bc8  sp  0000007bf1caad00  pc  0000007bda49ef34  pst 0000000000000000
06-20 23:27:02.263 10824 10824 F DEBUG   : backtrace:
06-20 23:27:02.263 10824 10824 F DEBUG   :       #00 pc 0000000000075f34  /apex/com.android.runtime/lib64/bionic/libc.so (syscall+36) (BuildId: bbbdeb7c87c74f1491f92c6e605095b0)
06-20 23:27:02.263 10824 10824 F DEBUG   :       #01 pc 00000000040a9bc4  /data/app/~~-XGWjzmdoRrM1YaZYK883A==/com.google.android.webview-HvpxCmuUIjPsZ4yTEw8s4w==/base.apk!libwebviewchromium.so (BuildId: f447b77da2d76e8d4d133b66c727c3ae532b54bf)
06-20 23:27:02.263 10824 10824 F DEBUG   :       #02 pc 00000000040a03c4  /data/app/~~-XGWjzmdoRrM1YaZYK883A==/com.google.android.webview-HvpxCmuUIjPsZ4yTEw8s4w==/base.apk!libwebviewchromium.so (BuildId: f447b77da2d76e8d4d133b66c727c3ae532b54bf)
06-20 23:27:02.263 10824 10824 F DEBUG   :       #03 pc 0000000000000638  [vdso] (__kernel_rt_sigreturn+0)
06-20 23:27:02.263 10824 10824 F DEBUG   :       #04 pc 00000000000b62f4  /data/app/~~TChBZzJTC_tlOeP5XavbNA==/com.vibekey.keyboard-kwYSxNBTNM0iwNaNoxS4EA==/lib/arm64/libjni_latinime.so (latinime::PatriciaTrieReadingUtils::getPtNodeArraySizeAndAdvancePosition(unsigned char const*, int, int*)+44) (BuildId: f905dbd1a904967a994cf833116e517b05caa863)
06-20 23:27:02.263 10824 10824 F DEBUG   :       #05 pc 00000000000b6f30  /data/app/~~TChBZzJTC_tlOeP5XavbNA==/com.vibekey.keyboard-kwYSxNBTNM0iwNaNoxS4EA==/lib/arm64/libjni_latinime.so (latinime::PatriciaTriePolicy::getCodePointsAndProbabilityAndReturnCodePointCount(int, int, int*, int*) const+312) (BuildId: f905dbd1a904967a994cf833116e517b05caa863)
06-20 23:27:02.263 10824 10824 F DEBUG   :       #06 pc 00000000000b821c  /data/app/~~TChBZzJTC_tlOeP5XavbNA==/com.vibekey.keyboard-kwYSxNBTNM0iwNaNoxS4EA==/lib/arm64/libjni_latinime.so (latinime::PatriciaTriePolicy::getNextWordAndNextToken(int, int*, int*)+288) (BuildId: f905dbd1a904967a994cf833116e517b05caa863)
06-20 23:27:02.263 10824 10824 F DEBUG   :       #07 pc 00000000000a03ec  /data/app/~~TChBZzJTC_tlOeP5XavbNA==/com.vibekey.keyboard-kwYSxNBTNM0iwNaNoxS4EA==/lib/arm64/libjni_latinime.so (BuildId: f905dbd1a904967a994cf833116e517b05caa863)
06-20 23:27:02.263 10824 10824 F DEBUG   :       #08 pc 0000000002003990  /memfd:jit-cache (deleted)
06-20 23:27:12.407 11161 11161 E OplusCustomizeRestrictionManager: sInstance is null, start a new sInstance
--------- beginning of main
06-20 23:30:50.824 11161 11214 I VkSuggestions: decode typedLen=2 candidates=18 locales=2 13,3ms
06-20 23:30:50.825 11161 11214 I VkSuggestions: strip composing typedLen=2 candidates=16 autocorrect=false top=Xh locale=pt
06-20 23:30:50.988 11161 11214 I VkSuggestions: decode typedLen=3 candidates=18 locales=2 19,6ms
06-20 23:30:50.988 11161 11214 W VkSuggestions: slow frame 19,6ms locales=2 typedLen=3 candidates=18 parallelWait=19,4ms
06-20 23:30:50.991 11161 11214 I VkSuggestions: strip composing typedLen=3 candidates=19 autocorrect=false top=Xhe locale=pt
06-20 23:30:51.200 11161 11214 I VkSuggestions: decode typedLen=4 candidates=18 locales=2 12,5ms
06-20 23:30:51.202 11161 11214 I VkSuggestions: strip composing typedLen=4 candidates=18 autocorrect=false top=Xhex locale=pt
06-20 23:30:51.324 11161 11214 I VkSuggestions: decode typedLen=5 candidates=18 locales=2 12,9ms
06-20 23:30:51.330 11161 11214 I VkAutocorrect: offered: Xhexo → Xhexo
06-20 23:30:51.330 11161 11214 I VkSuggestions: strip composing typedLen=5 candidates=16 autocorrect=true top=Xhexo locale=pt
06-20 23:30:52.211 11161 11161 I VkAutocorrect: picked: Checo
06-20 23:30:52.314 11161 11214 I VkSuggestions: strip prediction typedLen=0 candidates=3 autocorrect=false top=Jorge locale=pt
06-20 23:30:54.312 11161 11214 W VibeKeyProfiler: Slow Native Suggest: Total=12.03ms | Init=0.54ms | TrieExpand(x14)=11.39ms | Scoring=0.10ms | inputSize=4
06-20 23:30:54.335 11161 11214 W VibeKeyProfiler: Slow Native Suggest: Total=20.28ms | Init=0.27ms | TrieExpand(x13)=19.92ms | Scoring=0.08ms | inputSize=4
06-20 23:30:54.351 11161 11214 W VibeKeyProfiler: Slow Native Suggest: Total=13.54ms | Init=0.18ms | TrieExpand(x14)=13.29ms | Scoring=0.07ms | inputSize=4
06-20 23:30:54.361 11161 11214 I VkSuggestions: decode typedLen=4 candidates=18 locales=2 60,8ms
06-20 23:30:54.362 11161 11214 W VkSuggestions: slow frame 60,8ms locales=2 typedLen=4 candidates=18 parallelWait=60,1ms
06-20 23:30:54.368 11161 11214 I VkSuggestions: strip composing typedLen=4 candidates=16 autocorrect=false top=Chec locale=pt
06-20 23:30:54.665 11161 11214 I VkSuggestions: decode typedLen=3 candidates=18 locales=2 13,5ms
06-20 23:30:54.666 11161 11214 I VkSuggestions: strip composing typedLen=3 candidates=18 autocorrect=false top=Che locale=pt
06-20 23:30:54.854 11161 11214 I VkSuggestions: decode typedLen=2 candidates=18 locales=2 13,0ms
06-20 23:30:54.855 11161 11214 I VkSuggestions: strip composing typedLen=2 candidates=19 autocorrect=false top=Ch locale=pt
06-20 23:30:55.022 11161 11214 I VkSuggestions: decode typedLen=1 candidates=18 locales=2 20,6ms
06-20 23:30:55.022 11161 11214 W VkSuggestions: slow frame 20,6ms locales=2 typedLen=1 candidates=18 parallelWait=20,4ms
06-20 23:30:55.024 11161 11214 I VkSuggestions: strip composing typedLen=1 candidates=17 autocorrect=false top=C locale=pt
06-20 23:30:55.161 11161 11214 I VkSuggestions: strip prediction typedLen=0 candidates=3 autocorrect=false top=checo locale=pt
06-20 23:30:56.360 11161 11214 I VkSuggestions: strip prediction typedLen=0 candidates=3 autocorrect=false top=Jorge locale=pt
06-20 23:30:57.933 11161 11161 I VkMemory: all_closing panel=none phase=panels java=223MB/384MB native=69MB
06-20 23:30:57.940 11161 11408 E GeckoConsole: [JavaScript Error: "TypeError: can't access property "WindowEventDispatcher", win is null" {file: "resource://gre/modules/GeckoViewSessionStore.sys.mjs" line: 149}]
06-20 23:30:57.940 11161 11408 E GeckoConsole: onTabStateUpdate@resource://gre/modules/GeckoViewSessionStore.sys.mjs:149:5
06-20 23:30:57.940 11161 11408 E GeckoConsole: updateSessionStoreFromTabListener@resource://gre/modules/GeckoViewSessionStore.sys.mjs:243:10
06-20 23:30:57.958 11161 11161 I VkPanels: ▶ open menu
06-20 23:30:57.958 11161 11161 I VkMemory: open panel=menu phase=panel_open java=224MB/384MB native=69MB
06-20 23:30:58.755 11161 11161 I VkMemory: all_closing panel=none phase=panels java=225MB/384MB native=69MB
06-20 23:30:59.421 11161 11214 W VibeKeyProfiler: Slow Native Suggest: Total=11.10ms | Init=0.03ms | TrieExpand(x15)=11.04ms | Scoring=0.03ms | inputSize=1
06-20 23:30:59.702 23907 23907 E libcrashpad_handler_trampoline.so: createInstance(64bit) : createExtendedFactory
06-20 23:30:59.705 23907 23907 E libcrashpad_handler_trampoline.so: createInstance(64bit) : createExtendedFactory
06-20 23:30:59.705 23907 23907 E libcrashpad_handler_trampoline.so: Opened libinputextensionsimpl.so
06-20 23:30:59.705 23907 23907 E libcrashpad_handler_trampoline.so: Opened libinputextensionsimpl.so
06-20 23:30:59.707 23907 23907 E libcrashpad_handler_trampoline.so: createInstance(64bit) : createExtendedFactory
06-20 23:30:59.708 23907 23907 E libcrashpad_handler_trampoline.so: createInstance(64bit) : createExtendedFactory
06-20 23:30:59.708 23907 23907 E libcrashpad_handler_trampoline.so: Opened libsensorextimpl.so
06-20 23:30:59.708 23907 23907 E libcrashpad_handler_trampoline.so: Opened libsensorextimpl.so
06-20 23:31:00.098 23907 23907 E chromium: [0620/233100.096166:ERROR:third_party/crashpad/crashpad/util/process/process_memory_range.cc:75] read out of range
06-20 23:31:00.275 11161 11161 W b       : Suggestion generation timed out
06-20 23:31:00.303 11161 11214 F libc    : Fatal signal 7 (SIGBUS), code 2 (BUS_ADRERR), fault addr 0x7b3309f000 in tid 11214 (d), pid 11161 (AndroidUI)
06-20 23:31:00.411 23915 23915 E DEBUG   : failed to readlink /proc/11214/fd/408: No such file or directory
06-20 23:31:00.412 23915 23915 E DEBUG   : failed to readlink /proc/11214/fd/413: No such file or directory
06-20 23:31:00.581 23915 23915 E DEBUG   : failed to read /proc/uptime: Permission denied
06-20 23:31:01.109 11161 11161 W b       : Suggestion generation timed out
06-20 23:31:01.666 11161 11161 W b       : Suggestion generation timed out
06-20 23:31:01.948 23915 23915 F DEBUG   : Process name is com.vibekey.keyboard, not key_process
06-20 23:31:01.948 23915 23915 F DEBUG   : keyProcess: 0
06-20 23:31:01.948 23915 23915 F DEBUG   : *** *** *** *** *** *** *** *** *** *** *** *** *** *** *** ***
06-20 23:31:01.948 23915 23915 F DEBUG   : Build fingerprint: 'OnePlus/OnePlus7Pro/OnePlus7Pro:12/SKQ1.211113.001/P.202303230244:user/release-keys'
06-20 23:31:01.948 23915 23915 F DEBUG   : Revision: '0'
06-20 23:31:01.948 23915 23915 F DEBUG   : ABI: 'arm64'
06-20 23:31:01.948 23915 23915 F DEBUG   : Timestamp: 2026-06-20 23:31:00.581409597-0400
06-20 23:31:01.948 23915 23915 F DEBUG   : Process uptime: 0s
06-20 23:31:01.948 23915 23915 F DEBUG   : Cmdline: com.vibekey.keyboard
06-20 23:31:01.948 23915 23915 F DEBUG   : pid: 11161, tid: 11214, name: d  >>> com.vibekey.keyboard <<<
06-20 23:31:01.948 23915 23915 F DEBUG   : uid: 14155
06-20 23:31:01.948 23915 23915 F DEBUG   : signal 7 (SIGBUS), code 2 (BUS_ADRERR), fault addr 0x7b3309f000
06-20 23:31:01.948 23915 23915 F DEBUG   :     x0  0000000000000000  x1  0000000000002bce  x2  0000000000000007  x3  0000007bf2a86da0
06-20 23:31:01.948 23915 23915 F DEBUG   :     x4  0000007bf2a866a8  x5  0000007bf2a866a8  x6  0000007bf2a866a8  x7  0000000000000000
06-20 23:31:01.948 23915 23915 F DEBUG   :     x8  00000000000000f0  x9  825cb746dda824a5  x10 0000000000004001  x11 0000000000000000
06-20 23:31:01.948 23915 23915 F DEBUG   :     x12 00000000ffffffff  x13 0000000000000000  x14 000000000000001f  x15 0000007b3309dc08
06-20 23:31:01.948 23915 23915 F DEBUG   :     x16 0000007ae24343a8  x17 0000007bda49ef10  x18 0000007acca52000  x19 0000000000000007
06-20 23:31:01.948 23915 23915 F DEBUG   :     x20 0000007bf2a86da0  x21 0000000000002b99  x22 0000007bf2a86d00  x23 0000000000000001
06-20 23:31:01.948 23915 23915 F DEBUG   :     x24 0000007b46e41d48  x25 0000007b46e41e60  x26 0000007b46e41e94  x27 0000000000000001
06-20 23:31:01.948 23915 23915 F DEBUG   :     x28 0000007b46e42448  x29 0000007bf2a86d20
06-20 23:31:01.948 23915 23915 F DEBUG   :     lr  0000007adc641bc8  sp  0000007bf2a86d00  pc  0000007bda49ef34  pst 0000000000000000
06-20 23:31:01.948 23915 23915 F DEBUG   : backtrace:
06-20 23:31:01.948 23915 23915 F DEBUG   :       #00 pc 0000000000075f34  /apex/com.android.runtime/lib64/bionic/libc.so (syscall+36) (BuildId: bbbdeb7c87c74f1491f92c6e605095b0)
06-20 23:31:01.948 23915 23915 F DEBUG   :       #01 pc 00000000040a9bc4  /data/app/~~-XGWjzmdoRrM1YaZYK883A==/com.google.android.webview-HvpxCmuUIjPsZ4yTEw8s4w==/base.apk!libwebviewchromium.so (BuildId: f447b77da2d76e8d4d133b66c727c3ae532b54bf)
06-20 23:31:01.948 23915 23915 F DEBUG   :       #02 pc 00000000040a03c4  /data/app/~~-XGWjzmdoRrM1YaZYK883A==/com.google.android.webview-HvpxCmuUIjPsZ4yTEw8s4w==/base.apk!libwebviewchromium.so (BuildId: f447b77da2d76e8d4d133b66c727c3ae532b54bf)
06-20 23:31:01.948 23915 23915 F DEBUG   :       #03 pc 0000000000000638  [vdso] (__kernel_rt_sigreturn+0)
06-20 23:31:01.948 23915 23915 F DEBUG   :       #04 pc 00000000000b67ac  /data/app/~~TChBZzJTC_tlOeP5XavbNA==/com.vibekey.keyboard-kwYSxNBTNM0iwNaNoxS4EA==/lib/arm64/libjni_latinime.so (latinime::PatriciaTrieReadingUtils::readPtNodeInfo(unsigned char const*, int, int, latinime::DictionaryShortcutsStructurePolicy const*, latinime::DictionaryBigramsStructurePolicy const*, int const*, unsigned char*, int*, int*, int*, int*, int*, int*, int*)+120) (BuildId: f905dbd1a904967a994cf833116e517b05caa863)
06-20 23:31:01.948 23915 23915 F DEBUG   :       #05 pc 00000000000b8980  /data/app/~~TChBZzJTC_tlOeP5XavbNA==/com.vibekey.keyboard-kwYSxNBTNM0iwNaNoxS4EA==/lib/arm64/libjni_latinime.so (latinime::Ver2ParticiaTrieNodeReader::fetchPtNodeParamsInBufferFromPtNodePos(int) const+140) (BuildId: f905dbd1a904967a994cf833116e517b05caa863)
06-20 23:31:01.948 23915 23915 F DEBUG   :       #06 pc 00000000000b4b74  /data/app/~~TChBZzJTC_tlOeP5XavbNA==/com.vibekey.keyboard-kwYSxNBTNM0iwNaNoxS4EA==/lib/arm64/libjni_latinime.so (latinime::DynamicPtReadingHelper::getTerminalPtNodePositionOfWord(int const*, unsigned long, bool)+232) (BuildId: f905dbd1a904967a994cf833116e517b05caa863)
06-20 23:31:01.949 23915 23915 F DEBUG   :       #07 pc 00000000000b7324  /data/app/~~TChBZzJTC_tlOeP5XavbNA==/com.vibekey.keyboard-kwYSxNBTNM0iwNaNoxS4EA==/lib/arm64/libjni_latinime.so (latinime::PatriciaTriePolicy::getWordId(latinime::IntArrayView, bool) const+184) (BuildId: f905dbd1a904967a994cf833116e517b05caa863)
06-20 23:31:01.949 23915 23915 F DEBUG   :       #08 pc 00000000000a7d54  /data/app/~~TChBZzJTC_tlOeP5XavbNA==/com.vibekey.keyboard-kwYSxNBTNM0iwNaNoxS4EA==/lib/arm64/libjni_latinime.so (latinime::NgramContext::getWordId(latinime::DictionaryStructureWithBufferPolicy const*, int const*, int, bool, bool)+232) (BuildId: f905dbd1a904967a994cf833116e517b05caa863)
06-20 23:31:01.949 23915 23915 F DEBUG   :       #09 pc 00000000000d337c  /data/app/~~TChBZzJTC_tlOeP5XavbNA==/com.vibekey.keyboard-kwYSxNBTNM0iwNaNoxS4EA==/lib/arm64/libjni_latinime.so (latinime::DicTraverseSession::init(latinime::Dictionary const*, latinime::NgramContext const*, latinime::SuggestOptions const*)+124) (BuildId: f905dbd1a904967a994cf833116e517b05caa863)
06-20 23:31:01.949 23915 23915 F DEBUG   :       #10 pc 00000000000c8bd0  /data/app/~~TChBZzJTC_tlOeP5XavbNA==/com.vibekey.keyboard-kwYSxNBTNM0iwNaNoxS4EA==/lib/arm64/libjni_latinime.so (latinime::Dictionary::getSuggestions(latinime::ProximityInfo*, latinime::DicTraverseSession*, int*, int*, int*, int*, int*, int, latinime::NgramContext const*, latinime::SuggestOptions const*, float, latinime::SuggestionResults*) const+104) (BuildId: f905dbd1a904967a994cf833116e517b05caa863)
06-20 23:31:01.949 23915 23915 F DEBUG   :       #11 pc 000000000009fd88  /data/app/~~TChBZzJTC_tlOeP5XavbNA==/com.vibekey.keyboard-kwYSxNBTNM0iwNaNoxS4EA==/lib/arm64/libjni_latinime.so (BuildId: f905dbd1a904967a994cf833116e517b05caa863)
06-20 23:31:01.949 23915 23915 F DEBUG   :       #12 pc 00000000002b03a0  /apex/com.android.art/lib64/libart.so (art_quick_generic_jni_trampoline+144) (BuildId: 1f156fc62660d075a8d675db850b95d5)
06-20 23:31:01.949 23915 23915 F DEBUG   :       #13 pc 000000000205402c  /memfd:jit-cache (deleted)
06-20 23:31:02.325  8610  8610 W LlmEngineService: Severe memory pressure (15); evicting on-device LLM.
06-20 23:31:03.353 23954 23954 E ibekey.keyboar: Unknown bits set in runtime_flags: 0x40000000
06-20 23:31:03.526 23954 23954 W f0      : Could not load system glide typing library jni_latinimegoogle: dlopen failed: library "libjni_latinimegoogle.so" not found
06-20 23:31:03.695 23954 23954 W t       : No editor info for this field. Bug?
06-20 23:31:03.709 23954 23954 I VkMultilingual: reset main=pt-BR locales=[pt,fr] count=2
06-20 23:31:03.751 23954 23954 W ibekey.keyboar: ClassLoaderContext classpath size mismatch. expected=1, found=0 (DLC[];PCL[base.apk*3780831798]{PCL[/system/framework/org.apache.http.legacy.jar*3034548894]#PCL[/apex/com.android.extservices/javalib/android.ext.adservices.jar*4107572224]#PCL[/system/framework/com.android.location.provider.jar*3633238672]#PCL[/system/framework/com.android.media.remotedisplay.jar*3472798123]#PCL[/apex/com.android.extservices/javalib/android.ext.adservices.jar*4107572224]} | DLC[];PCL[])
06-20 23:31:03.763 23954 23954 W System  : ClassLoader referenced unknown path: 
06-20 23:31:03.771 23954 23954 W ibekey.keyboar: ClassLoaderContext classpath element checksum mismatch. expected=3780831798, found=877721875 (DLC[];PCL[base.apk*3780831798]{PCL[/system/framework/org.apache.http.legacy.jar*3034548894]#PCL[/apex/com.android.extservices/javalib/android.ext.adservices.jar*4107572224]#PCL[/system/framework/com.android.location.provider.jar*3633238672]#PCL[/system/framework/com.android.media.remotedisplay.jar*3472798123]#PCL[/apex/com.android.extservices/javalib/android.ext.adservices.jar*4107572224]} | DLC[];PCL[/data/app/~~TChBZzJTC_tlOeP5XavbNA==/com.vibekey.keyboard-kwYSxNBTNM0iwNaNoxS4EA==/base.apk*877721875]{PCL[/apex/com.android.extservices/javalib/android.ext.adservices.jar*4107572224]})
06-20 23:31:03.870 23954 23954 E ibekey.keyboar: ofbOpen failed with error=No such file or directory
06-20 23:31:03.870 23954 23954 E ibekey.keyboar: sysOpen failed with error=No such file or directory
06-20 23:31:03.908 23954 24019 W Ads     : Update ad debug logging enablement as false
06-20 23:31:03.908 23954 23979 W FeatureFlagsImplExport: java.lang.NoClassDefFoundError: Class not found using the boot class loader; no stack trace available
06-20 23:31:03.936 23954 23954 E MultiApp.Impl: OplusMultiAppImpl
06-20 23:31:04.052 23954 24062 W libc    : Access denied finding property "ro.vendor.api_level"
06-20 23:31:04.063 23954 23954 W chromium: [WARNING:android_webview/browser/network_service/net_helpers.cc:137] HTTP Cache size is: 20971520
06-20 23:31:04.167 23954 23954 I VkSwipe : ○ gesture canceled
06-20 23:31:04.169 23954 23954 E OplusCustomizeRestrictionManager: sInstance is null, start a new sInstance
06-20 23:31:04.172 23954 24089 W libc    : Access denied finding property "vendor.camera.aux.packagelist"
06-20 23:31:04.172 23954 24089 W libc    : Access denied finding property "vendor.camera.aux.packagelist"
06-20 23:31:04.173 23954 23969 W libc    : Access denied finding property "vendor.camera.aux.packagelist"
06-20 23:31:04.191 23954 23954 I VkEffects: reload anim=scale blur=562px glow=true stickers=true
06-20 23:31:04.326 23954 23954 I VkTyping: ▶ open restart=false pkg=com.android.launcher inputType=589825
06-20 23:31:04.368 23954 23954 I VkMemory: all_closing panel=none phase=panels java=107MB/384MB native=20MB
06-20 23:31:04.458 23954 24071 W cr_media: BLUETOOTH_CONNECT permission is missing.
06-20 23:31:04.460 23954 24071 W cr_media: getBluetoothAdapter() requires BLUETOOTH permission
06-20 23:31:04.460 23954 24071 W cr_media: registerBluetoothIntentsIfNeeded: Requires BLUETOOTH permission
06-20 23:31:04.495 23954 23954 W View    : requestLayout() improperly called by android.widget.LinearLayout{f427e3 V.E...... ......ID 0,1868-1440,2818 #7f0a011b app:id/main_keyboard_frame} during layout: running second layout pass
06-20 23:31:04.621 23954 24080 W AudioCapabilities: Unsupported mime audio/ffmpeg
06-20 23:31:04.621 23954 24080 W VideoCapabilities: Unsupported mime video/ffmpeg
06-20 23:31:04.622 23954 24080 W VideoCapabilities: Unrecognized profile/level 0/3 for video/mpeg2
06-20 23:31:04.622 23954 24080 W VideoCapabilities: Unrecognized profile/level 0/3 for video/mpeg2
06-20 23:31:04.817 23954 24033 E BLASTBufferQueue: BLASTBufferItemConsumer::onDisconnect()
06-20 23:31:04.899 23954 24127 W Settings: Setting animator_duration_scale has moved from android.provider.Settings.System to android.provider.Settings.Global, returning read-only global URI.
06-20 23:31:04.908 23954 24127 E GeckoLibLoad: Load sqlite start
06-20 23:31:04.909 23954 24127 E GeckoLibLoad: Load sqlite done
06-20 23:31:04.909 23954 24127 E GeckoLibLoad: Load nss start
06-20 23:31:04.909 23954 24127 E GeckoLibLoad: Load nss done
06-20 23:31:04.924 23954 24127 E GeckoLibLoad: Loaded libs in 14.083385ms total, 1ms(38ms) user, 10ms(14ms) system, 0(0) faults
06-20 23:31:04.924 23954 24127 W GeckoThread: zerdatime 114028732 - runGecko
06-20 23:31:05.012 23954 23954 W com.vibekey.keyboard: type=1400 audit(0.0:41218): avc: denied { bind } for comm=4E65746C696E6B204D6F6E69746F72 scontext=u:r:untrusted_app:s0:c59,c272,c512,c768 tcontext=u:r:untrusted_app:s0:c59,c272,c512,c768 tclass=netlink_route_socket permissive=0 bug=b/155595000 app=com.vibekey.keyboard
06-20 23:31:05.036 23954 24127 E ibekey.keyboar: hiddenapi: Accessing hidden field Ljava/lang/Boolean;->value:Z (runtime_flags=0, domain=core-platform, api=max-target-p) from Lorg/mozilla/gecko/GeckoThread; (domain=app, TargetSdkVersion=35) using JNI: denied
06-20 23:31:05.036 23954 24127 E ibekey.keyboar: hiddenapi: Accessing hidden field Ljava/lang/Integer;->value:I (runtime_flags=0, domain=core-platform, api=max-target-p) from Lorg/mozilla/gecko/GeckoThread; (domain=app, TargetSdkVersion=35) using JNI: denied
06-20 23:31:05.036 23954 24127 E ibekey.keyboar: hiddenapi: Accessing hidden field Ljava/lang/Long;->value:J (runtime_flags=0, domain=core-platform, api=max-target-p) from Lorg/mozilla/gecko/GeckoThread; (domain=app, TargetSdkVersion=35) using JNI: denied
06-20 23:31:05.036 23954 24127 E ibekey.keyboar: hiddenapi: Accessing hidden field Ljava/lang/Double;->value:D (runtime_flags=0, domain=core-platform, api=max-target-p) from Lorg/mozilla/gecko/GeckoThread; (domain=app, TargetSdkVersion=35) using JNI: denied
06-20 23:31:05.079 24152 24152 E y.keyboard:tab: Unknown bits set in runtime_flags: 0x40000000
06-20 23:31:06.225  8610 10430 I OnDeviceAssist: warm ok model=qwen2.5-0.5b-instruct-q4_0.gguf ambient=40 chars 1069ms
06-20 23:31:06.540 23954 24000 I VkSuggestions: decode typedLen=5 candidates=18 locales=2 18,3ms
06-20 23:31:06.540 23954 24000 W VkSuggestions: slow frame 18,3ms locales=2 typedLen=5 candidates=18 parallelWait=18,1ms
06-20 23:31:06.550 23954 24000 I VkSuggestions: strip composing typedLen=5 candidates=17 autocorrect=false top=hhhsu locale=pt
06-20 23:31:06.743 23954 24000 I VkSuggestions: decode typedLen=6 candidates=18 locales=2 7,6ms
06-20 23:31:06.751 23954 24000 I VkSuggestions: strip composing typedLen=6 candidates=16 autocorrect=false top=hhhsuu locale=pt
06-20 23:31:06.941 23954 24000 I VkSuggestions: decode typedLen=7 candidates=18 locales=2 6,8ms
06-20 23:31:06.947 23954 24000 I VkSuggestions: strip composing typedLen=7 candidates=15 autocorrect=false top=hhhsuuu locale=pt
06-20 23:31:07.112 23954 24000 I VkSuggestions: decode typedLen=8 candidates=2 locales=2 1,6ms
06-20 23:31:07.113 23954 24000 I VkSuggestions: strip composing typedLen=8 candidates=3 autocorrect=false top=hhhsuuuu locale=pt
06-20 23:31:07.460 23954 24000 I VkSuggestions: decode typedLen=10 candidates=0 locales=2 4,6ms
06-20 23:31:07.464 23954 24000 I VkSuggestions: strip composing typedLen=10 candidates=1 autocorrect=false top=hhhsuuuueu locale=pt
06-20 23:31:07.679 23954 24000 W VibeKeyProfiler: Slow Native Suggest: Total=10.15ms | Init=0.18ms | TrieExpand(x6)=9.93ms | Scoring=0.04ms | inputSize=11
06-20 23:31:07.690 23954 24000 W VibeKeyProfiler: Slow Native Suggest: Total=8.95ms | Init=0.11ms | TrieExpand(x6)=8.81ms | Scoring=0.04ms | inputSize=11
06-20 23:31:07.695 23954 24000 I VkSuggestions: decode typedLen=11 candidates=18 locales=2 32,2ms
06-20 23:31:07.696 23954 24000 W VkSuggestions: slow frame 32,2ms locales=2 typedLen=11 candidates=18 parallelWait=31,9ms
06-20 23:31:07.700 23954 24000 I VkSuggestions: strip composing typedLen=11 candidates=15 autocorrect=false top=hhhsuuuueuu locale=pt
06-20 23:31:07.923 23954 24000 W VibeKeyProfiler: Slow Native Suggest: Total=16.52ms | Init=0.13ms | TrieExpand(x6)=16.34ms | Scoring=0.04ms | inputSize=12
06-20 23:31:07.936 23954 24000 W VibeKeyProfiler: Slow Native Suggest: Total=10.35ms | Init=0.74ms | TrieExpand(x6)=9.56ms | Scoring=0.04ms | inputSize=12
06-20 23:31:07.941 23954 24000 I VkSuggestions: decode typedLen=12 candidates=18 locales=2 42,9ms
06-20 23:31:07.941 23954 24000 W VkSuggestions: slow frame 42,9ms locales=2 typedLen=12 candidates=18 parallelWait=42,5ms
06-20 23:31:07.946 23954 24000 I VkSuggestions: strip composing typedLen=12 candidates=15 autocorrect=false top=hhhsuuuueuue locale=pt
06-20 23:31:10.223 23954 23954 I VkSwipe : ▶ gesture started locale=pt-BR
06-20 23:31:10.250 23954 24000 I VkSuggestions: decode typedLen=0 candidates=18 locales=2 25,4ms
06-20 23:31:10.250 23954 24000 W VkSuggestions: slow frame 25,4ms locales=2 typedLen=0 candidates=18 parallelWait=25,3ms
06-20 23:31:10.355 23954 24000 I VkSuggestions: decode typedLen=2 candidates=18 locales=2 13,7ms
06-20 23:31:10.372 23954 24000 I VkSuggestions: decode typedLen=0 candidates=18 locales=2 16,8ms
06-20 23:31:10.372 23954 24000 W VkSuggestions: slow frame 16,8ms locales=2 typedLen=0 candidates=18 parallelWait=16,6ms
06-20 23:31:10.818 24277 24277 E libcrashpad_handler_trampoline.so: createInstance(64bit) : createExtendedFactory
06-20 23:31:10.820 24277 24277 E libcrashpad_handler_trampoline.so: createInstance(64bit) : createExtendedFactory
06-20 23:31:10.820 24277 24277 E libcrashpad_handler_trampoline.so: Opened libinputextensionsimpl.so
06-20 23:31:10.820 24277 24277 E libcrashpad_handler_trampoline.so: Opened libinputextensionsimpl.so
06-20 23:31:10.822 24277 24277 E libcrashpad_handler_trampoline.so: createInstance(64bit) : createExtendedFactory
06-20 23:31:10.822 24277 24277 E libcrashpad_handler_trampoline.so: createInstance(64bit) : createExtendedFactory
06-20 23:31:10.822 24277 24277 E libcrashpad_handler_trampoline.so: Opened libsensorextimpl.so
06-20 23:31:10.822 24277 24277 E libcrashpad_handler_trampoline.so: Opened libsensorextimpl.so
06-20 23:31:11.051 23954 24000 F libc    : Fatal signal 7 (SIGBUS), code 2 (BUS_ADRERR), fault addr 0x7bd7881032 in tid 24000 (d), pid 23954 (AndroidUI)
06-20 23:31:11.338 24284 24284 E DEBUG   : failed to read /proc/uptime: Permission denied
06-20 23:31:12.469 24284 24284 F DEBUG   : Process name is com.vibekey.keyboard, not key_process
06-20 23:31:12.469 24284 24284 F DEBUG   : keyProcess: 0
06-20 23:31:12.469 24284 24284 F DEBUG   : *** *** *** *** *** *** *** *** *** *** *** *** *** *** *** ***
06-20 23:31:12.469 24284 24284 F DEBUG   : Build fingerprint: 'OnePlus/OnePlus7Pro/OnePlus7Pro:12/SKQ1.211113.001/P.202303230244:user/release-keys'
06-20 23:31:12.469 24284 24284 F DEBUG   : Revision: '0'
06-20 23:31:12.469 24284 24284 F DEBUG   : ABI: 'arm64'
06-20 23:31:12.469 24284 24284 F DEBUG   : Timestamp: 2026-06-20 23:31:11.338522145-0400
06-20 23:31:12.469 24284 24284 F DEBUG   : Process uptime: 0s
06-20 23:31:12.470 24284 24284 F DEBUG   : Cmdline: com.vibekey.keyboard
06-20 23:31:12.470 24284 24284 F DEBUG   : pid: 23954, tid: 24000, name: d  >>> com.vibekey.keyboard <<<
06-20 23:31:12.470 24284 24284 F DEBUG   : uid: 14155
06-20 23:31:12.470 24284 24284 F DEBUG   : signal 7 (SIGBUS), code 2 (BUS_ADRERR), fault addr 0x7bd7881032
06-20 23:31:12.470 24284 24284 F DEBUG   :     x0  0000000000000000  x1  0000000000005dc0  x2  0000000000000007  x3  0000007bf1d02da0
06-20 23:31:12.470 24284 24284 F DEBUG   :     x4  0000007bf1d026a8  x5  0000007bf1d026a8  x6  0000007bf1d026a8  x7  0000000000000000
06-20 23:31:12.470 24284 24284 F DEBUG   :     x8  00000000000000f0  x9  825cb746dda824a5  x10 0000000000004001  x11 0000000000000000
06-20 23:31:12.470 24284 24284 F DEBUG   :     x12 00000000ffffffff  x13 0000000000000000  x14 b400007b27c47cc8  x15 00000000358637bd
06-20 23:31:12.470 24284 24284 F DEBUG   :     x16 0000007ae24343a8  x17 0000007bda49ef10  x18 0000007acb300000  x19 0000000000000007
06-20 23:31:12.470 24284 24284 F DEBUG   :     x20 0000007bf1d02da0  x21 0000000000005d92  x22 0000007bf1d02d00  x23 0000000000000001
06-20 23:31:12.470 24284 24284 F DEBUG   :     x24 b400007b2c211980  x25 b400007b21eaa190  x26 0000000000075300  x27 b400007b2c20d740
06-20 23:31:12.470 24284 24284 F DEBUG   :     x28 0000000000000000  x29 0000007bf1d02d20
06-20 23:31:12.470 24284 24284 F DEBUG   :     lr  0000007adc641bc8  sp  0000007bf1d02d00  pc  0000007bda49ef34  pst 0000000000000000
06-20 23:31:12.470 24284 24284 F DEBUG   : backtrace:
06-20 23:31:12.470 24284 24284 F DEBUG   :       #00 pc 0000000000075f34  /apex/com.android.runtime/lib64/bionic/libc.so (syscall+36) (BuildId: bbbdeb7c87c74f1491f92c6e605095b0)
06-20 23:31:12.470 24284 24284 F DEBUG   :       #01 pc 00000000040a9bc4  /data/app/~~-XGWjzmdoRrM1YaZYK883A==/com.google.android.webview-HvpxCmuUIjPsZ4yTEw8s4w==/base.apk!libwebviewchromium.so (BuildId: f447b77da2d76e8d4d133b66c727c3ae532b54bf)
06-20 23:31:12.470 24284 24284 F DEBUG   :       #02 pc 00000000040a03c4  /data/app/~~-XGWjzmdoRrM1YaZYK883A==/com.google.android.webview-HvpxCmuUIjPsZ4yTEw8s4w==/base.apk!libwebviewchromium.so (BuildId: f447b77da2d76e8d4d133b66c727c3ae532b54bf)
06-20 23:31:12.470 24284 24284 F DEBUG   :       #03 pc 0000000000000638  [vdso] (__kernel_rt_sigreturn+0)
06-20 23:31:12.470 24284 24284 F DEBUG   :       #04 pc 00000000000b62f4  /data/app/~~TChBZzJTC_tlOeP5XavbNA==/com.vibekey.keyboard-kwYSxNBTNM0iwNaNoxS4EA==/lib/arm64/libjni_latinime.so (latinime::PatriciaTrieReadingUtils::getPtNodeArraySizeAndAdvancePosition(unsigned char const*, int, int*)+44) (BuildId: f905dbd1a904967a994cf833116e517b05caa863)
06-20 23:31:12.470 24284 24284 F DEBUG   :       #05 pc 00000000000b6c2c  /data/app/~~TChBZzJTC_tlOeP5XavbNA==/com.vibekey.keyboard-kwYSxNBTNM0iwNaNoxS4EA==/lib/arm64/libjni_latinime.so (latinime::PatriciaTriePolicy::createAndGetAllChildDicNodes(latinime::DicNode const*, latinime::DicNodeVector*) const+112) (BuildId: f905dbd1a904967a994cf833116e517b05caa863)
06-20 23:31:12.470 24284 24284 F DEBUG   :       #06 pc 00000000000d598c  /data/app/~~TChBZzJTC_tlOeP5XavbNA==/com.vibekey.keyboard-kwYSxNBTNM0iwNaNoxS4EA==/lib/arm64/libjni_latinime.so (latinime::Suggest::processDicNodeAsOmission(latinime::DicTraverseSession*, latinime::DicNode*) const+84) (BuildId: f905dbd1a904967a994cf833116e517b05caa863)
06-20 23:31:12.470 24284 24284 F DEBUG   :       #07 pc 00000000000d4a88  /data/app/~~TChBZzJTC_tlOeP5XavbNA==/com.vibekey.keyboard-kwYSxNBTNM0iwNaNoxS4EA==/lib/arm64/libjni_latinime.so (latinime::Suggest::expandCurrentDicNodes(latinime::DicTraverseSession*) const+1732) (BuildId: f905dbd1a904967a994cf833116e517b05caa863)
06-20 23:31:12.470 24284 24284 F DEBUG   :       #08 pc 00000000000d3c0c  /data/app/~~TChBZzJTC_tlOeP5XavbNA==/com.vibekey.keyboard-kwYSxNBTNM0iwNaNoxS4EA==/lib/arm64/libjni_latinime.so (latinime::Suggest::getSuggestions(latinime::ProximityInfo*, void*, int*, int*, int*, int*, int*, int, float, latinime::SuggestionResults*) const+504) (BuildId: f905dbd1a904967a994cf833116e517b05caa863)
06-20 23:31:12.470 24284 24284 F DEBUG   :       #09 pc 000000000009fd88  /data/app/~~TChBZzJTC_tlOeP5XavbNA==/com.vibekey.keyboard-kwYSxNBTNM0iwNaNoxS4EA==/lib/arm64/libjni_latinime.so (BuildId: f905dbd1a904967a994cf833116e517b05caa863)
06-20 23:31:12.470 24284 24284 F DEBUG   :       #10 pc 00000000002b03a0  /apex/com.android.art/lib64/libart.so (art_quick_generic_jni_trampoline+144) (BuildId: 1f156fc62660d075a8d675db850b95d5)
06-20 23:31:12.470 24284 24284 F DEBUG   :       #11 pc 000000000072c828  /apex/com.android.art/lib64/libart.so (nterp_helper+1944) (BuildId: 1f156fc62660d075a8d675db850b95d5)
06-20 23:31:12.470 24284 24284 F DEBUG   :       #12 pc 000000000022863e  /data/app/~~TChBZzJTC_tlOeP5XavbNA==/com.vibekey.keyboard-kwYSxNBTNM0iwNaNoxS4EA==/oat/arm64/base.vdex (com.android.inputmethod.latin.BinaryDictionary.q+578)
06-20 23:31:12.470 24284 24284 F DEBUG   :       #13 pc 000000000072cb98  /apex/com.android.art/lib64/libart.so (nterp_helper+2824) (BuildId: 1f156fc62660d075a8d675db850b95d5)
06-20 23:31:12.470 24284 24284 F DEBUG   :       #14 pc 00000000002283b6  /data/app/~~TChBZzJTC_tlOeP5XavbNA==/com.vibekey.keyboard-kwYSxNBTNM0iwNaNoxS4EA==/oat/arm64/base.vdex (com.android.inputmethod.latin.BinaryDictionary.d+2)
06-20 23:31:12.470 24284 24284 F DEBUG   :       #15 pc 000000000072cb98  /apex/com.android.art/lib64/libart.so (nterp_helper+2824) (BuildId: 1f156fc62660d075a8d675db850b95d5)
06-20 23:31:12.470 24284 24284 F DEBUG   :       #16 pc 0000000000ae7532  /data/app/~~TChBZzJTC_tlOeP5XavbNA==/com.vibekey.keyboard-kwYSxNBTNM0iwNaNoxS4EA==/oat/arm64/base.vdex (v7.k.d+50)
06-20 23:31:12.470 24284 24284 F DEBUG   :       #17 pc 000000000072cb98  /apex/com.android.art/lib64/libart.so (nterp_helper+2824) (BuildId: 1f156fc62660d075a8d675db850b95d5)
06-20 23:31:12.470 24284 24284 F DEBUG   :       #18 pc 0000000000ae662a  /data/app/~~TChBZzJTC_tlOeP5XavbNA==/com.vibekey.keyboard-kwYSxNBTNM0iwNaNoxS4EA==/oat/arm64/base.vdex (v7.e.d+70)
06-20 23:31:12.470 24284 24284 F DEBUG   :       #19 pc 000000000072cb98  /apex/com.android.art/lib64/libart.so (nterp_helper+2824) (BuildId: 1f156fc62660d075a8d675db850b95d5)
06-20 23:31:12.470 24284 24284 F DEBUG   :       #20 pc 00000000005b49ea  /data/app/~~TChBZzJTC_tlOeP5XavbNA==/com.vibekey.keyboard-kwYSxNBTNM0iwNaNoxS4EA==/oat/arm64/base.vdex (p7.o.i+334)
06-20 23:31:12.470 24284 24284 F DEBUG   :       #21 pc 000000000072cb98  /apex/com.android.art/lib64/libart.so (nterp_helper+2824) (BuildId: 1f156fc62660d075a8d675db850b95d5)
06-20 23:31:12.470 24284 24284 F DEBUG   :       #22 pc 00000000005b4344  /data/app/~~TChBZzJTC_tlOeP5XavbNA==/com.vibekey.keyboard-kwYSxNBTNM0iwNaNoxS4EA==/oat/arm64/base.vdex (p7.o.h+252)
06-20 23:31:12.470 24284 24284 F DEBUG   :       #23 pc 000000000072cb98  /apex/com.android.art/lib64/libart.so (nterp_helper+2824) (BuildId: 1f156fc62660d075a8d675db850b95d5)
06-20 23:31:12.470 24284 24284 F DEBUG   :       #24 pc 00000000005b4200  /data/app/~~TChBZzJTC_tlOeP5XavbNA==/com.vibekey.keyboard-kwYSxNBTNM0iwNaNoxS4EA==/oat/arm64/base.vdex (p7.o.g+112)
06-20 23:31:12.470 24284 24284 F DEBUG   :       #25 pc 000000000072cb98  /apex/com.android.art/lib64/libart.so (nterp_helper+2824) (BuildId: 1f156fc62660d075a8d675db850b95d5)
06-20 23:31:12.470 24284 24284 F DEBUG   :       #26 pc 00000000005bbe36  /data/app/~~TChBZzJTC_tlOeP5XavbNA==/com.vibekey.keyboard-kwYSxNBTNM0iwNaNoxS4EA==/oat/arm64/base.vdex (p7.i1.b+322)
06-20 23:31:12.470 24284 24284 F DEBUG   :       #27 pc 000000000072cb98  /apex/com.android.art/lib64/libart.so (nterp_helper+2824) (BuildId: 1f156fc62660d075a8d675db850b95d5)
06-20 23:31:12.470 24284 24284 F DEBUG   :       #28 pc 0000000000aee706  /data/app/~~TChBZzJTC_tlOeP5XavbNA==/com.vibekey.keyboard-kwYSxNBTNM0iwNaNoxS4EA==/oat/arm64/base.vdex (x7.b.m+1458)
06-20 23:31:12.470 24284 24284 F DEBUG   :       #29 pc 000000000072c884  /apex/com.android.art/lib64/libart.so (nterp_helper+2036) (BuildId: 1f156fc62660d075a8d675db850b95d5)
06-20 23:31:12.470 24284 24284 F DEBUG   :       #30 pc 00000000005b6bb8  /data/app/~~TChBZzJTC_tlOeP5XavbNA==/com.vibekey.keyboard-kwYSxNBTNM0iwNaNoxS4EA==/oat/arm64/base.vdex (p7.u.run+72)
06-20 23:31:12.470 24284 24284 F DEBUG   :       #31 pc 000000000072c884  /apex/com.android.art/lib64/libart.so (nterp_helper+2036) (BuildId: 1f156fc62660d075a8d675db850b95d5)
06-20 23:31:12.470 24284 24284 F DEBUG   :       #32 pc 0000000000aeb5c6  /data/app/~~TChBZzJTC_tlOeP5XavbNA==/com.vibekey.keyboard-kwYSxNBTNM0iwNaNoxS4EA==/oat/arm64/base.vdex (x7.d.handleMessage+18)
06-20 23:31:12.470 24284 24284 F DEBUG   :       #33 pc 000000000205a5f4  /memfd:jit-zygote-cache (deleted)
06-20 23:31:20.444 24337 24337 E ibekey.keyboar: Unknown bits set in runtime_flags: 0x40000000
06-20 23:31:20.596 24337 24337 W f0      : Could not load system glide typing library jni_latinimegoogle: dlopen failed: library "libjni_latinimegoogle.so" not found
06-20 23:31:20.712 24337 24337 W t       : No editor info for this field. Bug?
06-20 23:31:20.726 24337 24337 I VkMultilingual: reset main=pt-BR locales=[pt,fr] count=2
06-20 23:31:20.774 24337 24337 W ibekey.keyboar: ClassLoaderContext classpath size mismatch. expected=1, found=0 (DLC[];PCL[base.apk*3780831798]{PCL[/system/framework/org.apache.http.legacy.jar*3034548894]#PCL[/apex/com.android.extservices/javalib/android.ext.adservices.jar*4107572224]#PCL[/system/framework/com.android.location.provider.jar*3633238672]#PCL[/system/framework/com.android.media.remotedisplay.jar*3472798123]#PCL[/apex/com.android.extservices/javalib/android.ext.adservices.jar*4107572224]} | DLC[];PCL[])
06-20 23:31:20.797 24337 24337 W System  : ClassLoader referenced unknown path: 
06-20 23:31:20.807 24337 24337 W ibekey.keyboar: ClassLoaderContext classpath element checksum mismatch. expected=3780831798, found=877721875 (DLC[];PCL[base.apk*3780831798]{PCL[/system/framework/org.apache.http.legacy.jar*3034548894]#PCL[/apex/com.android.extservices/javalib/android.ext.adservices.jar*4107572224]#PCL[/system/framework/com.android.location.provider.jar*3633238672]#PCL[/system/framework/com.android.media.remotedisplay.jar*3472798123]#PCL[/apex/com.android.extservices/javalib/android.ext.adservices.jar*4107572224]} | DLC[];PCL[/data/app/~~TChBZzJTC_tlOeP5XavbNA==/com.vibekey.keyboard-kwYSxNBTNM0iwNaNoxS4EA==/base.apk*877721875]{PCL[/apex/com.android.extservices/javalib/android.ext.adservices.jar*4107572224]})
06-20 23:31:20.883 24337 24365 W FeatureFlagsImplExport: java.lang.NoClassDefFoundError: Class not found using the boot class loader; no stack trace available
06-20 23:31:20.971 24337 24337 E ibekey.keyboar: ofbOpen failed with error=No such file or directory
06-20 23:31:20.971 24337 24337 E ibekey.keyboar: sysOpen failed with error=No such file or directory
06-20 23:31:21.008 24337 24393 W Ads     : Update ad debug logging enablement as false
06-20 23:31:21.048 24337 24337 E MultiApp.Impl: OplusMultiAppImpl
06-20 23:31:21.133 24337 24426 W libc    : Access denied finding property "ro.vendor.api_level"
06-20 23:31:21.137 24337 24337 W chromium: [WARNING:android_webview/browser/network_service/net_helpers.cc:137] HTTP Cache size is: 20971520
06-20 23:31:21.234 24337 24459 W libc    : Access denied finding property "vendor.camera.aux.packagelist"
06-20 23:31:21.234 24337 24459 W libc    : Access denied finding property "vendor.camera.aux.packagelist"
06-20 23:31:21.235 24337 24351 W libc    : Access denied finding property "vendor.camera.aux.packagelist"
06-20 23:31:21.247 24337 24337 I VkSwipe : ○ gesture canceled
06-20 23:31:21.249 24337 24337 E OplusCustomizeRestrictionManager: sInstance is null, start a new sInstance
06-20 23:31:21.274 24337 24337 I VkEffects: reload anim=scale blur=562px glow=true stickers=true
06-20 23:31:21.423 24337 24337 I VkTyping: ▶ open restart=false pkg=com.android.launcher inputType=589825
06-20 23:31:21.471 24337 24337 I VkMemory: all_closing panel=none phase=panels java=91MB/384MB native=20MB
06-20 23:31:21.557 24337 24436 W cr_media: BLUETOOTH_CONNECT permission is missing.
06-20 23:31:21.561 24337 24436 W cr_media: getBluetoothAdapter() requires BLUETOOTH permission
06-20 23:31:21.561 24337 24436 W cr_media: registerBluetoothIntentsIfNeeded: Requires BLUETOOTH permission
06-20 23:31:21.602 24337 24337 W View    : requestLayout() improperly called by android.widget.LinearLayout{d69445a V.E...... ......ID 0,1868-1440,2818 #7f0a011b app:id/main_keyboard_frame} during layout: running second layout pass
06-20 23:31:21.725 24337 24446 W AudioCapabilities: Unsupported mime audio/ffmpeg
06-20 23:31:21.728 24337 24446 W VideoCapabilities: Unsupported mime video/ffmpeg
06-20 23:31:21.730 24337 24446 W VideoCapabilities: Unrecognized profile/level 0/3 for video/mpeg2
06-20 23:31:21.730 24337 24446 W VideoCapabilities: Unrecognized profile/level 0/3 for video/mpeg2
06-20 23:31:21.780 24337 24406 E BLASTBufferQueue: BLASTBufferItemConsumer::onDisconnect()
