06-18 12:16:42.422 23272 23384 W cr_MediaCodecBridge: Codec released
06-18 12:16:42.589 23272 23331 I VkSuggestions: decode typedLen=1 candidates=18 locales=1 12,9ms
06-18 12:16:42.590 23272 23331 I VkSuggestions: strip composing typedLen=1 candidates=19 autocorrect=false top=c locale=es
06-18 12:16:43.164 23272 23331 I VkSuggestions: strip prediction typedLen=0 candidates=1 autocorrect=false top=como locale=es
06-18 12:16:45.843 23272 23331 I VkSuggestions: strip composing typedLen=1 candidates=19 autocorrect=false top=c locale=es
06-18 12:16:45.967 23272 23331 I VkSuggestions: decode typedLen=2 candidates=18 locales=1 7,5ms
06-18 12:16:45.969 23272 23331 I VkSuggestions: strip composing typedLen=2 candidates=19 autocorrect=false top=co locale=es
06-18 12:16:46.160 23272 23331 W VibeKeyProfiler: Slow Native Suggest: Total=10.22ms | Init=0.11ms | TrieExpand(x14)=10.08ms | Scoring=0.03ms | inputSize=3
06-18 12:16:46.161 23272 23331 I VkSuggestions: decode typedLen=3 candidates=18 locales=1 18,4ms
06-18 12:16:46.161 23272 23331 W VkSuggestions: slow frame 18,4ms locales=1 typedLen=3 candidates=18
06-18 12:16:46.163 23272 23331 I VkAutocorrect: offered: com → com
06-18 12:16:46.164 23272 23331 I VkSuggestions: strip composing typedLen=3 candidates=19 autocorrect=true top=com locale=es
06-18 12:16:46.197 23272 23793 E FilePhenotypeFlags: Config package com.google.android.gms.clearcut_client#com.vibekey.keyboard cannot use FILE backing without declarative registration. See go/phenotype-android-integration#phenotype for more information. This will lead to stale flags.
06-18 12:16:46.211 23272 23793 E FilePhenotypeFlags: Config package com.google.android.gms.clearcut_client#com.vibekey.keyboard cannot use FILE backing without declarative registration. See go/phenotype-android-integration#phenotype for more information. This will lead to stale flags.
06-18 12:16:46.211 23272 23793 E FilePhenotypeFlags: Config package com.google.android.gms.clearcut_client#com.vibekey.keyboard cannot use FILE backing without declarative registration. See go/phenotype-android-integration#phenotype for more information. This will lead to stale flags.
06-18 12:16:46.404 23272 23331 W VibeKeyProfiler: Slow Native Suggest: Total=10.59ms | Init=0.35ms | TrieExpand(x19)=10.20ms | Scoring=0.04ms | inputSize=4
06-18 12:16:46.417 23272 23331 W VibeKeyProfiler: Slow Native Suggest: Total=12.03ms | Init=0.12ms | TrieExpand(x14)=11.86ms | Scoring=0.05ms | inputSize=4
06-18 12:16:46.418 23272 23331 I VkSuggestions: decode typedLen=4 candidates=18 locales=1 24,6ms
06-18 12:16:46.419 23272 23331 W VkSuggestions: slow frame 24,6ms locales=1 typedLen=4 candidates=18
06-18 12:16:46.421 23272 23331 I VkSuggestions: strip composing typedLen=4 candidates=18 autocorrect=false top=como locale=es
06-18 12:16:46.894 23272 23272 I VkAutocorrect: kept (typing): como
06-18 12:16:46.999 23272 23331 I VkSuggestions: strip prediction typedLen=0 candidates=1 autocorrect=false top=como locale=es
06-18 12:16:47.185 23272 23331 I VkSuggestions: decode typedLen=1 candidates=18 locales=1 8,4ms
06-18 12:16:47.186 23272 23331 I VkSuggestions: strip composing typedLen=1 candidates=18 autocorrect=false top=e locale=es
06-18 12:16:47.381 23272 23331 W VibeKeyProfiler: Slow Native Suggest: Total=10.85ms | Init=0.12ms | TrieExpand(x18)=10.66ms | Scoring=0.06ms | inputSize=2
06-18 12:16:47.393 23272 23331 W VibeKeyProfiler: Slow Native Suggest: Total=12.07ms | Init=0.09ms | TrieExpand(x15)=11.96ms | Scoring=0.02ms | inputSize=2
06-18 12:16:47.394 23272 23331 I VkSuggestions: decode typedLen=2 candidates=18 locales=1 24,2ms
06-18 12:16:47.394 23272 23331 W VkSuggestions: slow frame 24,2ms locales=1 typedLen=2 candidates=18
06-18 12:16:47.396 23272 23331 I VkSuggestions: strip composing typedLen=2 candidates=18 autocorrect=false top=es locale=es
06-18 12:16:47.613 23272 23331 W VibeKeyProfiler: Slow Native Suggest: Total=9.61ms | Init=0.18ms | TrieExpand(x19)=9.39ms | Scoring=0.04ms | inputSize=3
06-18 12:16:47.623 23272 23331 W VibeKeyProfiler: Slow Native Suggest: Total=9.45ms | Init=0.16ms | TrieExpand(x15)=9.27ms | Scoring=0.02ms | inputSize=3
06-18 12:16:47.624 23272 23331 I VkSuggestions: decode typedLen=3 candidates=18 locales=1 20,4ms
06-18 12:16:47.624 23272 23331 W VkSuggestions: slow frame 20,4ms locales=1 typedLen=3 candidates=18
06-18 12:16:47.626 23272 23331 I VkAutocorrect: offered: est → est
06-18 12:16:47.626 23272 23331 I VkSuggestions: strip composing typedLen=3 candidates=19 autocorrect=true top=est locale=es
06-18 12:16:47.813 23272 23331 I VkSuggestions: decode typedLen=4 candidates=18 locales=1 9,4ms
06-18 12:16:47.815 23272 23331 I VkAutocorrect: offered: ests → ests
06-18 12:16:47.815 23272 23331 I VkSuggestions: strip composing typedLen=4 candidates=19 autocorrect=true top=ests locale=es
06-18 12:16:47.835 23272 23272 I VkAutocorrect: committed (typing): ests → este
06-18 12:16:47.949 23272 23331 I VkSuggestions: strip prediction typedLen=0 candidates=2 autocorrect=false top=como locale=es
06-18 12:16:48.545 23272 23331 W VibeKeyProfiler: Slow Native Suggest: Total=10.44ms | Init=0.61ms | TrieExpand(x17)=9.79ms | Scoring=0.05ms | inputSize=1
06-18 12:16:48.558 23272 23331 W VibeKeyProfiler: Slow Native Suggest: Total=12.46ms | Init=0.52ms | TrieExpand(x15)=11.89ms | Scoring=0.04ms | inputSize=1
06-18 12:16:48.559 23272 23331 I VkSuggestions: decode typedLen=1 candidates=18 locales=1 24,3ms
06-18 12:16:48.560 23272 23331 W VkSuggestions: slow frame 24,3ms locales=1 typedLen=1 candidates=18
06-18 12:16:48.562 23272 23331 I VkSuggestions: strip composing typedLen=1 candidates=19 autocorrect=false top=t locale=es
06-18 12:16:48.793 23272 23331 W VibeKeyProfiler: Slow Native Suggest: Total=12.16ms | Init=0.08ms | TrieExpand(x15)=12.03ms | Scoring=0.04ms | inputSize=2
06-18 12:16:48.794 23272 23331 I VkSuggestions: decode typedLen=2 candidates=18 locales=1 20,3ms
06-18 12:16:48.794 23272 23331 W VkSuggestions: slow frame 20,3ms locales=1 typedLen=2 candidates=18
06-18 12:16:48.797 23272 23331 I VkSuggestions: strip composing typedLen=2 candidates=18 autocorrect=false top=tu locale=es
06-18 12:16:49.212 23272 23331 I VkSuggestions: decode typedLen=3 candidates=18 locales=1 5,8ms
06-18 12:16:49.214 23272 23331 I VkSuggestions: strip composing typedLen=3 candidates=18 autocorrect=false top=tul locale=es
06-18 12:16:49.362 23272 23331 I VkSuggestions: decode typedLen=2 candidates=18 locales=1 5,7ms
06-18 12:16:49.363 23272 23331 I VkSuggestions: strip composing typedLen=2 candidates=18 autocorrect=false top=tu locale=es
06-18 12:16:49.521 23272 23331 I VkSuggestions: decode typedLen=1 candidates=18 locales=1 6,7ms
06-18 12:16:49.523 23272 23331 I VkSuggestions: strip composing typedLen=1 candidates=19 autocorrect=false top=t locale=es
06-18 12:16:49.681 23272 23331 I VkSuggestions: strip prediction typedLen=0 candidates=2 autocorrect=false top=como locale=es
06-18 12:16:49.939 23272 23331 I VkSuggestions: decode typedLen=3 candidates=18 locales=1 8,8ms
06-18 12:16:49.940 23272 23331 I VkSuggestions: strip composing typedLen=3 candidates=18 autocorrect=false top=est locale=es
06-18 12:16:50.114 23272 23331 I VkSuggestions: decode typedLen=4 candidates=18 locales=1 12,0ms
06-18 12:16:50.116 23272 23331 I VkSuggestions: strip composing typedLen=4 candidates=17 autocorrect=false top=ests locale=es
06-18 12:16:50.256 23272 23272 I VkAutocorrect: kept (typing): ests
06-18 12:16:50.359 23272 23331 I VkSuggestions: strip prediction typedLen=0 candidates=3 autocorrect=false top=como locale=es
06-18 12:16:51.081 23272 23331 W VibeKeyProfiler: Slow Native Suggest: Total=12.40ms | Init=0.43ms | TrieExpand(x19)=11.94ms | Scoring=0.04ms | inputSize=3
06-18 12:16:51.089 23272 23331 I VkSuggestions: decode typedLen=3 candidates=18 locales=1 20,7ms
06-18 12:16:51.090 23272 23331 W VkSuggestions: slow frame 20,7ms locales=1 typedLen=3 candidates=18
06-18 12:16:51.092 23272 23331 I VkSuggestions: strip composing typedLen=3 candidates=18 autocorrect=false top=est locale=es
06-18 12:16:51.485 23272 23331 I VkSuggestions: decode typedLen=4 candidates=18 locales=1 14,3ms
06-18 12:16:51.488 23272 23331 I VkSuggestions: strip composing typedLen=4 candidates=18 autocorrect=false top=esta locale=es
06-18 12:16:51.867 23272 23272 I VkAutocorrect: kept (typing): esta
06-18 12:16:51.974 23272 23331 I VkSuggestions: strip prediction typedLen=0 candidates=3 autocorrect=false top=como locale=es
06-18 12:16:52.497 23272 23331 W VibeKeyProfiler: Slow Native Suggest: Total=10.36ms | Init=0.58ms | TrieExpand(x17)=9.73ms | Scoring=0.05ms | inputSize=1
06-18 12:16:52.507 23272 23331 W VibeKeyProfiler: Slow Native Suggest: Total=9.22ms | Init=0.54ms | TrieExpand(x15)=8.64ms | Scoring=0.04ms | inputSize=1
06-18 12:16:52.508 23272 23331 I VkSuggestions: decode typedLen=1 candidates=18 locales=1 20,9ms
06-18 12:16:52.508 23272 23331 W VkSuggestions: slow frame 20,9ms locales=1 typedLen=1 candidates=18
06-18 12:16:52.510 23272 23331 I VkSuggestions: strip composing typedLen=1 candidates=19 autocorrect=false top=t locale=es
06-18 12:16:52.714 23272 23331 W VibeKeyProfiler: Slow Native Suggest: Total=11.88ms | Init=0.06ms | TrieExpand(x13)=11.78ms | Scoring=0.04ms | inputSize=2
06-18 12:16:52.715 23272 23331 I VkSuggestions: decode typedLen=2 candidates=18 locales=1 18,3ms
06-18 12:16:52.715 23272 23331 W VkSuggestions: slow frame 18,3ms locales=1 typedLen=2 candidates=18
06-18 12:16:52.718 23272 23331 I VkSuggestions: strip composing typedLen=2 candidates=18 autocorrect=false top=tu locale=es
06-18 12:16:53.839 23272 23272 I VkAutocorrect: kept (typing): tu
06-18 12:16:53.945 23272 23331 I VkSuggestions: strip prediction typedLen=0 candidates=3 autocorrect=false top=como locale=es
06-18 12:16:55.265 23272 23331 W VibeKeyProfiler: Slow Native Suggest: Total=11.64ms | Init=0.53ms | TrieExpand(x15)=11.06ms | Scoring=0.05ms | inputSize=1
06-18 12:16:55.272 23272 23331 I VkSuggestions: decode typedLen=1 candidates=18 locales=1 18,7ms
06-18 12:16:55.273 23272 23331 W VkSuggestions: slow frame 18,7ms locales=1 typedLen=1 candidates=18
06-18 12:16:55.274 23272 23331 I VkSuggestions: strip composing typedLen=1 candidates=19 autocorrect=false top=h locale=es
06-18 12:16:55.479 23272 23331 I VkSuggestions: decode typedLen=2 candidates=18 locales=1 6,4ms
06-18 12:16:55.480 23272 23331 I VkAutocorrect: offered: ho → ho
06-18 12:16:55.481 23272 23331 I VkSuggestions: strip composing typedLen=2 candidates=19 autocorrect=true top=ho locale=es
06-18 12:16:55.672 23272 23331 I VkSuggestions: decode typedLen=3 candidates=18 locales=1 10,8ms
06-18 12:16:55.675 23272 23331 I VkAutocorrect: offered: hou → hou
06-18 12:16:55.675 23272 23331 I VkSuggestions: strip composing typedLen=3 candidates=19 autocorrect=true top=hou locale=es
06-18 12:16:55.911 23272 23272 I VkAutocorrect: committed (typing): hou → hoy
06-18 12:16:56.018 23272 23331 I VkSuggestions: strip prediction typedLen=0 candidates=3 autocorrect=false top=como locale=es
06-18 12:16:56.689 23272 23272 I VkSwipe : ▶ gesture started locale=es-US
06-18 12:16:56.703 23272 23331 I VkSuggestions: decode typedLen=0 candidates=18 locales=1 11,3ms
06-18 12:16:56.844 23272 23331 I VkSuggestions: decode typedLen=2 candidates=18 locales=1 10,4ms
06-18 12:16:56.854 23272 23331 I VkSuggestions: decode typedLen=0 candidates=18 locales=1 9,8ms
06-18 12:16:57.069 23272 23331 I VkSuggestions: decode typedLen=2 candidates=18 locales=1 9,1ms
06-18 12:16:57.079 23272 23331 I VkSuggestions: decode typedLen=0 candidates=18 locales=1 10,0ms
06-18 12:16:57.260 23272 23331 I VkSuggestions: decode typedLen=5 candidates=18 locales=1 5,6ms
06-18 12:16:57.273 23272 23331 I VkSuggestions: decode typedLen=0 candidates=18 locales=1 11,7ms
06-18 12:16:57.286 23272 23272 I VkSwipe : ✓ gesture points=36 decodedLen=2 candidates=15 top=ha 596ms
06-18 12:16:57.742 23272 23331 I VkSuggestions: decode typedLen=1 candidates=18 locales=1 6,7ms
06-18 12:16:57.744 23272 23331 I VkSuggestions: strip composing typedLen=1 candidates=18 autocorrect=false top=u locale=es
06-18 12:16:57.927 23272 23331 I VkSuggestions: decode typedLen=2 candidates=18 locales=1 6,1ms
06-18 12:16:57.928 23272 23331 I VkSuggestions: strip composing typedLen=2 candidates=18 autocorrect=false top=uy locale=es
06-18 12:16:58.112 23272 23331 I VkSuggestions: decode typedLen=3 candidates=18 locales=1 6,3ms
06-18 12:16:58.113 23272 23331 I VkSuggestions: strip composing typedLen=3 candidates=19 autocorrect=false top=uye locale=es
06-18 12:16:58.233 23272 23331 I VkSuggestions: decode typedLen=4 candidates=18 locales=1 4,7ms
06-18 12:16:58.234 23272 23331 I VkSuggestions: strip composing typedLen=4 candidates=19 autocorrect=false top=uyej locale=es
06-18 12:16:58.400 23272 23331 I VkSuggestions: decode typedLen=5 candidates=18 locales=1 3,5ms
06-18 12:16:58.402 23272 23331 I VkSuggestions: strip composing typedLen=5 candidates=19 autocorrect=false top=uyejj locale=es
06-18 12:16:58.576 23272 23331 I VkSuggestions: decode typedLen=6 candidates=18 locales=1 2,9ms
06-18 12:16:58.578 23272 23331 I VkSuggestions: strip composing typedLen=6 candidates=19 autocorrect=false top=uyejje locale=es
06-18 12:17:00.273 23272 23331 W VibeKeyProfiler: Slow Native Suggest: Total=13.14ms | Init=0.41ms | TrieExpand(x19)=12.67ms | Scoring=0.06ms | inputSize=3
06-18 12:17:00.285 23272 23331 W VibeKeyProfiler: Slow Native Suggest: Total=11.44ms | Init=0.22ms | TrieExpand(x14)=11.21ms | Scoring=0.02ms | inputSize=3
06-18 12:17:00.286 23272 23331 I VkSuggestions: decode typedLen=3 candidates=18 locales=1 26,4ms
06-18 12:17:00.287 23272 23331 W VkSuggestions: slow frame 26,4ms locales=1 typedLen=3 candidates=18
06-18 12:17:00.288 23272 23331 I VkSuggestions: strip composing typedLen=3 candidates=19 autocorrect=false top=com locale=es
06-18 12:17:00.528 23272 23331 I VkSuggestions: strip composing typedLen=3 candidates=19 autocorrect=false top=hol locale=es
06-18 12:17:00.875 23272 23331 I VkSuggestions: strip prediction typedLen=0 candidates=3 autocorrect=false top=como locale=es
06-18 12:17:01.523 23272 23331 W VibeKeyProfiler: Slow Native Suggest: Total=17.57ms | Init=0.59ms | TrieExpand(x15)=16.91ms | Scoring=0.06ms | inputSize=1
06-18 12:17:01.529 23272 23331 I VkSuggestions: decode typedLen=1 candidates=18 locales=1 23,4ms
06-18 12:17:01.530 23272 23331 W VkSuggestions: slow frame 23,4ms locales=1 typedLen=1 candidates=18
06-18 12:17:01.531 23272 23331 I VkSuggestions: strip composing typedLen=1 candidates=19 autocorrect=false top=h locale=es
06-18 12:17:01.759 23272 23331 I VkSuggestions: decode typedLen=2 candidates=18 locales=1 13,7ms
06-18 12:17:01.761 23272 23331 I VkAutocorrect: offered: ho → ho
06-18 12:17:01.761 23272 23331 I VkSuggestions: strip composing typedLen=2 candidates=19 autocorrect=true top=ho locale=es
06-18 12:17:01.978 23272 23331 I VkSuggestions: decode typedLen=3 candidates=18 locales=1 7,7ms
06-18 12:17:01.979 23272 23331 I VkSuggestions: strip composing typedLen=3 candidates=19 autocorrect=false top=hol locale=es
06-18 12:17:02.135 23272 23331 I VkSuggestions: decode typedLen=4 candidates=18 locales=1 6,9ms
06-18 12:17:02.136 23272 23331 I VkSuggestions: strip composing typedLen=4 candidates=19 autocorrect=false top=hols locale=es
06-18 12:17:02.315 23272 23331 I VkSuggestions: decode typedLen=5 candidates=18 locales=1 4,2ms
06-18 12:17:02.316 23272 23331 I VkSuggestions: strip composing typedLen=5 candidates=19 autocorrect=false top=holsj locale=es
06-18 12:17:02.490 23272 23331 I VkSuggestions: decode typedLen=6 candidates=18 locales=1 3,0ms
06-18 12:17:02.492 23272 23331 I VkSuggestions: strip composing typedLen=6 candidates=19 autocorrect=false top=holsjj locale=es
06-18 12:17:02.693 23272 23331 I VkSuggestions: decode typedLen=7 candidates=18 locales=1 2,9ms
06-18 12:17:02.694 23272 23331 I VkSuggestions: strip composing typedLen=7 candidates=19 autocorrect=false top=holsjjj locale=es
06-18 12:17:02.832 23272 23331 I VkSuggestions: decode typedLen=8 candidates=18 locales=1 2,6ms
06-18 12:17:02.833 23272 23331 I VkSuggestions: strip composing typedLen=8 candidates=19 autocorrect=false top=holsjjjd locale=es
06-18 12:17:04.439 23272 23331 I VkSuggestions: strip prediction typedLen=0 candidates=3 autocorrect=false top=como locale=es
06-18 12:17:07.038 23272 23272 I VkPanels: ▶ open clipboard
06-18 12:17:08.023 23272 23331 I VkSuggestions: strip composing typedLen=4 candidates=2 autocorrect=false top=PNjA locale=es
06-18 12:17:08.026 23272 23331 I VkSuggestions: strip prediction typedLen=0 candidates=3 autocorrect=false top=como locale=es
06-18 12:17:08.118 23272 23331 I VkSuggestions: decode typedLen=4 candidates=18 locales=1 14,2ms
06-18 12:17:08.128 23272 23331 I VkSuggestions: strip composing typedLen=4 candidates=18 autocorrect=false top=PNjA locale=es
06-18 12:17:09.295 23272 23272 I VkTyping: ▶ open restart=true pkg=com.android.launcher inputType=589825
06-18 12:17:10.705 23272 23272 I VkPanels: ▶ open menu
06-18 12:17:10.960 21606 21624 I OnDeviceAssist: warm ok model=qwen2.5-0.5b-instruct-q4_0.gguf ambient=40 chars 733ms
06-18 12:17:12.575 23272 23331 W VibeKeyProfiler: Slow Native Suggest: Total=12.69ms | Init=0.40ms | TrieExpand(x15)=12.25ms | Scoring=0.04ms | inputSize=1
06-18 12:17:12.585 23272 23331 I VkSuggestions: decode typedLen=1 candidates=18 locales=1 22,9ms
06-18 12:17:12.586 23272 23331 W VkSuggestions: slow frame 22,9ms locales=1 typedLen=1 candidates=18
06-18 12:17:12.587 23272 23331 I VkSuggestions: strip composing typedLen=1 candidates=19 autocorrect=false top=h locale=es
06-18 12:17:13.113 23272 23272 W b       : Suggestion generation timed out
06-18 12:17:13.183 24206 24206 E libcrashpad_handler_trampoline.so: createInstance(64bit) : createExtendedFactory
06-18 12:17:13.195 24206 24206 E libcrashpad_handler_trampoline.so: createInstance(64bit) : createExtendedFactory
06-18 12:17:13.195 24206 24206 E libcrashpad_handler_trampoline.so: Opened libinputextensionsimpl.so
06-18 12:17:13.195 24206 24206 E libcrashpad_handler_trampoline.so: Opened libinputextensionsimpl.so
06-18 12:17:13.201 24206 24206 E libcrashpad_handler_trampoline.so: createInstance(64bit) : createExtendedFactory
06-18 12:17:13.205 24206 24206 E libcrashpad_handler_trampoline.so: createInstance(64bit) : createExtendedFactory
06-18 12:17:13.205 24206 24206 E libcrashpad_handler_trampoline.so: Opened libsensorextimpl.so
06-18 12:17:13.205 24206 24206 E libcrashpad_handler_trampoline.so: Opened libsensorextimpl.so
06-18 12:17:13.565 24206 24206 E chromium: [0618/121713.560994:ERROR:third_party/crashpad/crashpad/util/process/process_memory_range.cc:75] read out of range
06-18 12:17:13.714 23272 23272 W b       : Suggestion generation timed out
06-18 12:17:13.730 23272 23331 F libc    : Fatal signal 7 (SIGBUS), code 2 (BUS_ADRERR), fault addr 0x76665df000 in tid 23331 (d), pid 23272 (AndroidUI)
06-18 12:17:13.823 24211 24211 E DEBUG   : failed to readlink /proc/23331/fd/318: No such file or directory
06-18 12:17:13.950 24211 24211 E DEBUG   : failed to read /proc/uptime: Permission denied
06-18 12:17:14.426 23272 23272 W b       : Suggestion generation timed out
06-18 12:17:14.880 23272 23272 W b       : Suggestion generation timed out
06-18 12:17:15.063 24211 24211 F DEBUG   : Process name is com.vibekey.keyboard, not key_process
06-18 12:17:15.063 24211 24211 F DEBUG   : keyProcess: 0
06-18 12:17:15.063 24211 24211 F DEBUG   : *** *** *** *** *** *** *** *** *** *** *** *** *** *** *** ***
06-18 12:17:15.063 24211 24211 F DEBUG   : Build fingerprint: 'OnePlus/OnePlus7Pro/OnePlus7Pro:12/SKQ1.211113.001/P.202303230244:user/release-keys'
06-18 12:17:15.063 24211 24211 F DEBUG   : Revision: '0'
06-18 12:17:15.063 24211 24211 F DEBUG   : ABI: 'arm64'
06-18 12:17:15.063 24211 24211 F DEBUG   : Timestamp: 2026-06-18 12:17:13.950125003-0400
06-18 12:17:15.063 24211 24211 F DEBUG   : Process uptime: 0s
06-18 12:17:15.063 24211 24211 F DEBUG   : Cmdline: com.vibekey.keyboard
06-18 12:17:15.063 24211 24211 F DEBUG   : pid: 23272, tid: 23331, name: d  >>> com.vibekey.keyboard <<<
06-18 12:17:15.063 24211 24211 F DEBUG   : uid: 14135
06-18 12:17:15.063 24211 24211 F DEBUG   : signal 7 (SIGBUS), code 2 (BUS_ADRERR), fault addr 0x76665df000
06-18 12:17:15.063 24211 24211 F DEBUG   :     x0  0000000000000000  x1  0000000000005b23  x2  0000000000000007  x3  000000768a7feda0
06-18 12:17:15.063 24211 24211 F DEBUG   :     x4  000000768a7fe6a8  x5  000000768a7fe6a8  x6  000000768a7fe6a8  x7  0000000000000000
06-18 12:17:15.063 24211 24211 F DEBUG   :     x8  00000000000000f0  x9  db746b027190efc7  x10 0000000000004001  x11 0000000000000000
06-18 12:17:15.063 24211 24211 F DEBUG   :     x12 00000000ffffffff  x13 0000000000000000  x14 000000000000001f  x15 00000076665defff
06-18 12:17:15.063 24211 24211 F DEBUG   :     x16 000000757caad3a8  x17 00000076790b8f10  x18 000000755e4a8000  x19 0000000000000007
06-18 12:17:15.063 24211 24211 F DEBUG   :     x20 000000768a7feda0  x21 0000000000005ae8  x22 000000768a7fed00  x23 0000000000000001
06-18 12:17:15.063 24211 24211 F DEBUG   :     x24 00000075dbdadb88  x25 00000075dbdadca0  x26 00000075dbdadcd4  x27 0000000000000001
06-18 12:17:15.063 24211 24211 F DEBUG   :     x28 00000075dbdae288  x29 000000768a7fed20
06-18 12:17:15.063 24211 24211 F DEBUG   :     lr  0000007576cbabc8  sp  000000768a7fed00  pc  00000076790b8f34  pst 0000000000000000
06-18 12:17:15.063 24211 24211 F DEBUG   : backtrace:
06-18 12:17:15.063 24211 24211 F DEBUG   :       #00 pc 0000000000075f34  /apex/com.android.runtime/lib64/bionic/libc.so (syscall+36) (BuildId: bbbdeb7c87c74f1491f92c6e605095b0)
06-18 12:17:15.063 24211 24211 F DEBUG   :       #01 pc 00000000040a9bc4  /data/app/~~-XGWjzmdoRrM1YaZYK883A==/com.google.android.webview-HvpxCmuUIjPsZ4yTEw8s4w==/base.apk!libwebviewchromium.so (BuildId: f447b77da2d76e8d4d133b66c727c3ae532b54bf)
06-18 12:17:15.063 24211 24211 F DEBUG   :       #02 pc 00000000040a03c4  /data/app/~~-XGWjzmdoRrM1YaZYK883A==/com.google.android.webview-HvpxCmuUIjPsZ4yTEw8s4w==/base.apk!libwebviewchromium.so (BuildId: f447b77da2d76e8d4d133b66c727c3ae532b54bf)
06-18 12:17:15.063 24211 24211 F DEBUG   :       #03 pc 0000000000000638  [vdso] (__kernel_rt_sigreturn+0)
06-18 12:17:15.063 24211 24211 F DEBUG   :       #04 pc 00000000000b6934  /data/app/~~YV3fyOyvCYIMFhxmq4_yjw==/com.vibekey.keyboard-nCG_t--zrBUbhSDcYsMf9A==/lib/arm64/libjni_latinime.so (latinime::PatriciaTrieReadingUtils::readPtNodeInfo(unsigned char const*, int, int, latinime::DictionaryShortcutsStructurePolicy const*, latinime::DictionaryBigramsStructurePolicy const*, int const*, unsigned char*, int*, int*, int*, int*, int*, int*, int*)+512) (BuildId: f905dbd1a904967a994cf833116e517b05caa863)
06-18 12:17:15.063 24211 24211 F DEBUG   :       #05 pc 00000000000b8980  /data/app/~~YV3fyOyvCYIMFhxmq4_yjw==/com.vibekey.keyboard-nCG_t--zrBUbhSDcYsMf9A==/lib/arm64/libjni_latinime.so (latinime::Ver2ParticiaTrieNodeReader::fetchPtNodeParamsInBufferFromPtNodePos(int) const+140) (BuildId: f905dbd1a904967a994cf833116e517b05caa863)
06-18 12:17:15.063 24211 24211 F DEBUG   :       #06 pc 00000000000b4b74  /data/app/~~YV3fyOyvCYIMFhxmq4_yjw==/com.vibekey.keyboard-nCG_t--zrBUbhSDcYsMf9A==/lib/arm64/libjni_latinime.so (latinime::DynamicPtReadingHelper::getTerminalPtNodePositionOfWord(int const*, unsigned long, bool)+232) (BuildId: f905dbd1a904967a994cf833116e517b05caa863)
06-18 12:17:15.063 24211 24211 F DEBUG   :       #07 pc 00000000000b7324  /data/app/~~YV3fyOyvCYIMFhxmq4_yjw==/com.vibekey.keyboard-nCG_t--zrBUbhSDcYsMf9A==/lib/arm64/libjni_latinime.so (latinime::PatriciaTriePolicy::getWordId(latinime::IntArrayView, bool) const+184) (BuildId: f905dbd1a904967a994cf833116e517b05caa863)
06-18 12:17:15.063 24211 24211 F DEBUG   :       #08 pc 00000000000a7d54  /data/app/~~YV3fyOyvCYIMFhxmq4_yjw==/com.vibekey.keyboard-nCG_t--zrBUbhSDcYsMf9A==/lib/arm64/libjni_latinime.so (latinime::NgramContext::getWordId(latinime::DictionaryStructureWithBufferPolicy const*, int const*, int, bool, bool)+232) (BuildId: f905dbd1a904967a994cf833116e517b05caa863)
06-18 12:17:15.063 24211 24211 F DEBUG   :       #09 pc 00000000000d337c  /data/app/~~YV3fyOyvCYIMFhxmq4_yjw==/com.vibekey.keyboard-nCG_t--zrBUbhSDcYsMf9A==/lib/arm64/libjni_latinime.so (latinime::DicTraverseSession::init(latinime::Dictionary const*, latinime::NgramContext const*, latinime::SuggestOptions const*)+124) (BuildId: f905dbd1a904967a994cf833116e517b05caa863)
06-18 12:17:15.063 24211 24211 F DEBUG   :       #10 pc 00000000000c8bd0  /data/app/~~YV3fyOyvCYIMFhxmq4_yjw==/com.vibekey.keyboard-nCG_t--zrBUbhSDcYsMf9A==/lib/arm64/libjni_latinime.so (latinime::Dictionary::getSuggestions(latinime::ProximityInfo*, latinime::DicTraverseSession*, int*, int*, int*, int*, int*, int, latinime::NgramContext const*, latinime::SuggestOptions const*, float, latinime::SuggestionResults*) const+104) (BuildId: f905dbd1a904967a994cf833116e517b05caa863)
06-18 12:17:15.063 24211 24211 F DEBUG   :       #11 pc 000000000009fd88  /data/app/~~YV3fyOyvCYIMFhxmq4_yjw==/com.vibekey.keyboard-nCG_t--zrBUbhSDcYsMf9A==/lib/arm64/libjni_latinime.so (BuildId: f905dbd1a904967a994cf833116e517b05caa863)
06-18 12:17:15.063 24211 24211 F DEBUG   :       #12 pc 00000000002c2100  /apex/com.android.art/lib64/libart.so (art_quick_generic_jni_trampoline+144) (BuildId: 7087b2f2160bfbf3335d54ba9779e325)
06-18 12:17:15.063 24211 24211 F DEBUG   :       #13 pc 000000000203ff7c  /memfd:jit-cache (deleted)
06-18 12:17:16.523 24241 24241 E ibekey.keyboar: Unknown bits set in runtime_flags: 0x40000000
06-18 12:17:16.879 24241 24241 W f0      : Could not load system glide typing library jni_latinimegoogle: dlopen failed: library "libjni_latinimegoogle.so" not found
06-18 12:17:17.182 24241 24241 W t       : No editor info for this field. Bug?
06-18 12:17:17.207 24241 24241 I VkMultilingual: reset main=es-US locales=[es] count=1
06-18 12:17:17.281 24241 24241 W ibekey.keyboar: ClassLoaderContext classpath size mismatch. expected=1, found=0 (DLC[];PCL[base.apk*116719914]{PCL[/system/framework/org.apache.http.legacy.jar*3034548894]#PCL[/apex/com.android.extservices/javalib/android.ext.adservices.jar*3839736497]#PCL[/system/framework/com.android.location.provider.jar*3633238672]#PCL[/system/framework/com.android.media.remotedisplay.jar*3472798123]#PCL[/apex/com.android.extservices/javalib/android.ext.adservices.jar*3839736497]} | DLC[];PCL[])
06-18 12:17:17.298 24241 24241 W System  : ClassLoader referenced unknown path: 
06-18 12:17:17.308 24241 24241 W ibekey.keyboar: ClassLoaderContext classpath element checksum mismatch. expected=116719914, found=1774308315 (DLC[];PCL[base.apk*116719914]{PCL[/system/framework/org.apache.http.legacy.jar*3034548894]#PCL[/apex/com.android.extservices/javalib/android.ext.adservices.jar*3839736497]#PCL[/system/framework/com.android.location.provider.jar*3633238672]#PCL[/system/framework/com.android.media.remotedisplay.jar*3472798123]#PCL[/apex/com.android.extservices/javalib/android.ext.adservices.jar*3839736497]} | DLC[];PCL[/data/app/~~YV3fyOyvCYIMFhxmq4_yjw==/com.vibekey.keyboard-nCG_t--zrBUbhSDcYsMf9A==/base.apk*1774308315]{PCL[/apex/com.android.extservices/javalib/android.ext.adservices.jar*3839736497]})
06-18 12:17:17.640 24241 24241 E ibekey.keyboar: ofbOpen failed with error=No such file or directory
06-18 12:17:17.640 24241 24241 E ibekey.keyboar: sysOpen failed with error=No such file or directory
06-18 12:17:17.688 24241 24297 W Ads     : Update ad debug logging enablement as false
06-18 12:17:17.724 24241 24241 E MultiApp.Impl: OplusMultiAppImpl
06-18 12:17:17.841 24241 24241 W libc    : Access denied finding property "ro.vendor.api_level"
06-18 12:17:17.845 24241 24241 W chromium: [WARNING:android_webview/browser/network_service/net_helpers.cc:137] HTTP Cache size is: 20971520
06-18 12:17:17.920 24241 24365 W libc    : Access denied finding property "vendor.camera.aux.packagelist"
06-18 12:17:17.920 24241 24365 W libc    : Access denied finding property "vendor.camera.aux.packagelist"
06-18 12:17:17.920 24241 24317 W libc    : Access denied finding property "vendor.camera.aux.packagelist"
06-18 12:17:17.922 24241 24241 I VkSwipe : ○ gesture canceled
06-18 12:17:17.924 24241 24241 E OplusCustomizeRestrictionManager: sInstance is null, start a new sInstance
06-18 12:17:17.940 24241 24241 I VkEffects: reload anim=scale blur=562px glow=true stickers=true
06-18 12:17:18.033 24241 24241 I VkTyping: ▶ open restart=false pkg=com.android.launcher inputType=589825
06-18 12:17:18.162 24241 24350 W cr_media: BLUETOOTH_CONNECT permission is missing.
06-18 12:17:18.163 24241 24350 W cr_media: getBluetoothAdapter() requires BLUETOOTH permission
06-18 12:17:18.163 24241 24350 W cr_media: registerBluetoothIntentsIfNeeded: Requires BLUETOOTH permission
06-18 12:17:18.197 24241 24241 W View    : requestLayout() improperly called by android.widget.LinearLayout{b2312b9 V.E...... ......ID 0,1868-1440,2818 #7f0a011b app:id/main_keyboard_frame} during layout: running second layout pass
06-18 12:17:18.371 24241 24358 W AudioCapabilities: Unsupported mime audio/ffmpeg
06-18 12:17:18.376 24241 24358 W VideoCapabilities: Unsupported mime video/ffmpeg
06-18 12:17:18.377 24241 24358 W VideoCapabilities: Unrecognized profile/level 0/3 for video/mpeg2
06-18 12:17:18.377 24241 24358 W VideoCapabilities: Unrecognized profile/level 0/3 for video/mpeg2
06-18 12:17:18.434 24241 24395 W Settings: Setting animator_duration_scale has moved from android.provider.Settings.System to android.provider.Settings.Global, returning read-only global URI.
06-18 12:17:18.441 24241 24395 E GeckoLibLoad: Load sqlite start
06-18 12:17:18.442 24241 24395 E GeckoLibLoad: Load sqlite done
06-18 12:17:18.442 24241 24395 E GeckoLibLoad: Load nss start
06-18 12:17:18.442 24241 24395 E GeckoLibLoad: Load nss done
06-18 12:17:18.512 24241 24395 E GeckoLibLoad: Loaded libs in 70.103854ms total, 0ms(49ms) user, 21ms(80ms) system, 50(51) faults
06-18 12:17:18.515 24241 24395 W GeckoThread: zerdatime 1476279379 - runGecko
06-18 12:17:18.659 24241 24395 E ibekey.keyboar: hiddenapi: Accessing hidden field Ljava/lang/Boolean;->value:Z (runtime_flags=0, domain=core-platform, api=max-target-p) from Lorg/mozilla/gecko/GeckoThread; (domain=app, TargetSdkVersion=35) using JNI: denied
06-18 12:17:18.659 24241 24395 E ibekey.keyboar: hiddenapi: Accessing hidden field Ljava/lang/Integer;->value:I (runtime_flags=0, domain=core-platform, api=max-target-p) from Lorg/mozilla/gecko/GeckoThread; (domain=app, TargetSdkVersion=35) using JNI: denied
06-18 12:17:18.659 24241 24395 E ibekey.keyboar: hiddenapi: Accessing hidden field Ljava/lang/Long;->value:J (runtime_flags=0, domain=core-platform, api=max-target-p) from Lorg/mozilla/gecko/GeckoThread; (domain=app, TargetSdkVersion=35) using JNI: denied
06-18 12:17:18.659 24241 24395 E ibekey.keyboar: hiddenapi: Accessing hidden field Ljava/lang/Double;->value:D (runtime_flags=0, domain=core-platform, api=max-target-p) from Lorg/mozilla/gecko/GeckoThread; (domain=app, TargetSdkVersion=35) using JNI: denied
06-18 12:17:18.702 24422 24422 E .keyboard:tab1: Unknown bits set in runtime_flags: 0x40000000
06-18 12:17:18.739 21606 21843 I OnDeviceAssist: warm ok model=qwen2.5-0.5b-instruct-q4_0.gguf ambient=40 chars 0ms
06-18 12:17:19.158 21606 23559 I OnDeviceAssist: warm ok model=qwen2.5-0.5b-instruct-q4_0.gguf ambient=40 chars 0ms
06-18 12:17:20.616 24241 24241 I VkTyping: ○ hidden
06-18 12:17:22.660 24241 24241 W Settings: Setting transition_animation_scale has moved from android.provider.Settings.System to android.provider.Settings.Global, returning read-only value.
06-18 12:17:25.863 24241 24316 E BLASTBufferQueue: BLASTBufferItemConsumer::onDisconnect()
06-18 12:17:27.652 24241 24537 W Ads     : Invoke Firebase method getInstance error.
06-18 12:17:27.652 24241 24537 W Ads     : The Google Mobile Ads SDK will not integrate with Firebase. Admob/Firebase integration requires the latest Firebase SDK jar, but Firebase SDK is either missing or out of date
06-18 12:17:27.658 24241 24526 W ServiceBindIntentUtils: Dynamic lookup for intent failed for action: com.google.android.gms.ads.service.CACHE
06-18 12:17:27.658 24241 24528 E ibekey.keyboar: Attempt to load writable dex file: /data/user/0/com.vibekey.keyboard/app_pccache/5/578BE08874FCCF1D5E008D1EAAD1410DCE35AB9C/pcam.jar
06-18 12:17:27.722 24241 24549 W ServiceBindIntentUtils: Dynamic lookup for intent failed for action: com.google.android.gms.ads.service.START
06-18 12:17:27.733 24241 24297 W Ads     : Not retrying to fetch app settings
06-18 12:17:27.750 24241 24543 W Ads     : Not retrying to fetch app settings
06-18 12:17:27.811 24241 24546 W PhFlagUpdateRegistry: Failed to register flag update listener which may lead to stale flags.
06-18 12:17:27.811 24241 24546 W PhFlagUpdateRegistry: java.util.concurrent.ExecutionException: java.lang.SecurityException: GoogleCertificatesRslt: not allowed: pkg=com.vibekey.keyboard, sha256=[9ef526c2409672781da35feea2127c906f4b1b27637db806009c1f495cd9f9c1], atk=false, ver=262031029.true (go/gsrlt)
06-18 12:17:27.811 24241 24546 W PhFlagUpdateRegistry: 	at m84.dtz.k(:com.google.android.gms.policy_ads_fdr_dynamite@260480608@260480602017.868869642.868869642:21)
06-18 12:17:27.811 24241 24546 W PhFlagUpdateRegistry: 	at m84.dui.s(:com.google.android.gms.policy_ads_fdr_dynamite@260480608@260480602017.868869642.868869642:23)
06-18 12:17:27.811 24241 24546 W PhFlagUpdateRegistry: 	at m84.dtz.get(:com.google.android.gms.policy_ads_fdr_dynamite@260480608@260480602017.868869642.868869642:1)
06-18 12:17:27.811 24241 24546 W PhFlagUpdateRegistry: 	at m84.dwy.a(:com.google.android.gms.policy_ads_fdr_dynamite@260480608@260480602017.868869642.868869642:2)
06-18 12:17:27.811 24241 24546 W PhFlagUpdateRegistry: 	at m84.dvw.n(:com.google.android.gms.policy_ads_fdr_dynamite@260480608@260480602017.868869642.868869642:7)
06-18 12:17:27.811 24241 24546 W PhFlagUpdateRegistry: 	at m84.cyb.run(:com.google.android.gms.policy_ads_fdr_dynamite@260480608@260480602017.868869642.868869642:3)
06-18 12:17:27.811 24241 24546 W PhFlagUpdateRegistry: 	at java.util.concurrent.Executors$RunnableAdapter.call(Executors.java:520)
06-18 12:17:27.811 24241 24546 W PhFlagUpdateRegistry: 	at java.util.concurrent.FutureTask.run(FutureTask.java:317)
06-18 12:17:27.811 24241 24546 W PhFlagUpdateRegistry: 	at java.util.concurrent.ScheduledThreadPoolExecutor$ScheduledFutureTask.run(ScheduledThreadPoolExecutor.java:348)
06-18 12:17:27.811 24241 24546 W PhFlagUpdateRegistry: 	at java.util.concurrent.ThreadPoolExecutor.runWorker(ThreadPoolExecutor.java:1154)
06-18 12:17:27.811 24241 24546 W PhFlagUpdateRegistry: 	at java.util.concurrent.ThreadPoolExecutor$Worker.run(ThreadPoolExecutor.java:652)
06-18 12:17:27.811 24241 24546 W PhFlagUpdateRegistry: 	at java.lang.Thread.run(Thread.java:1564)
06-18 12:17:27.811 24241 24546 W PhFlagUpdateRegistry: Caused by: java.lang.SecurityException: GoogleCertificatesRslt: not allowed: pkg=com.vibekey.keyboard, sha256=[9ef526c2409672781da35feea2127c906f4b1b27637db806009c1f495cd9f9c1], atk=false, ver=262031029.true (go/gsrlt)
06-18 12:17:27.811 24241 24546 W PhFlagUpdateRegistry: 	at android.os.Parcel.createExceptionOrNull(Parcel.java:2442)
06-18 12:17:27.811 24241 24546 W PhFlagUpdateRegistry: 	at android.os.Parcel.createException(Parcel.java:2426)
06-18 12:17:27.811 24241 24546 W PhFlagUpdateRegistry: 	at android.os.Parcel.readException(Parcel.java:2409)
06-18 12:17:27.811 24241 24546 W PhFlagUpdateRegistry: 	at android.os.Parcel.readException(Parcel.java:2351)
06-18 12:17:27.811 24241 24546 W PhFlagUpdateRegistry: 	at m84.bik.bp(:com.google.android.gms.policy_ads_fdr_dynamite@260480608@260480602017.868869642.868869642:11)
06-18 12:17:27.811 24241 24546 W PhFlagUpdateRegistry: 	at m84.cag.a(:com.google.android.gms.policy_ads_fdr_dynamite@260480608@260480602017.868869642.868869642:32)
06-18 12:17:27.811 24241 24546 W PhFlagUpdateRegistry: 	at m84.bqk.b(:com.google.android.gms.policy_ads_fdr_dynamite@260480608@260480602017.868869642.868869642:5)
06-18 12:17:27.811 24241 24546 W PhFlagUpdateRegistry: 	at m84.boy.b(:com.google.android.gms.policy_ads_fdr_dynamite@260480608@260480602017.868869642.868869642:9)
06-18 12:17:27.811 24241 24546 W PhFlagUpdateRegistry: 	at m84.bow.e(:com.google.android.gms.policy_ads_fdr_dynamite@260480608@260480602017.868869642.868869642:1)
06-18 12:17:27.811 24241 24546 W PhFlagUpdateRegistry: 	at m84.bpy.u(:com.google.android.gms.policy_ads_fdr_dynamite@260480608@260480602017.868869642.868869642:10)
06-18 12:17:27.811 24241 24546 W PhFlagUpdateRegistry: 	at m84.bpy.v(:com.google.android.gms.policy_ads_fdr_dynamite@260480608@260480602017.868869642.868869642:22)
06-18 12:17:27.811 24241 24546 W PhFlagUpdateRegistry: 	at m84.bpy.h(:com.google.android.gms.policy_ads_fdr_dynamite@260480608@260480602017.868869642.868869642:30)
06-18 12:17:27.811 24241 24546 W PhFlagUpdateRegistry: 	at m84.bpy.i(:com.google.android.gms.policy_ads_fdr_dynamite@260480608@260480602017.868869642.868869642:84)
06-18 12:17:27.811 24241 24546 W PhFlagUpdateRegistry: 	at m84.bpy.d(:com.google.android.gms.policy_ads_fdr_dynamite@260480608@260480602017.868869642.868869642:15)
06-18 12:17:27.811 24241 24546 W PhFlagUpdateRegistry: 	at m84.brx.b(:com.google.android.gms.policy_ads_fdr_dynamite@260480608@260480602017.868869642.868869642:3)
06-18 12:17:27.811 24241 24546 W PhFlagUpdateRegistry: 	at m84.brh.b(:com.google.android.gms.policy_ads_fdr_dynamite@260480608@260480602017.868869642.868869642:85)
06-18 12:17:27.811 24241 24546 W PhFlagUpdateRegistry: 	at m84.bqz.c(:com.google.android.gms.policy_ads_fdr_dynamite@260480608@260480602017.868869642.868869642:7)
06-18 12:17:27.811 24241 24546 W PhFlagUpdateRegistry: 	at m84.brc.handleMessage(:com.google.android.gms.policy_ads_fdr_dynamite@260480608@260480602017.868869642.868869642:265)
06-18 12:17:27.811 24241 24546 W PhFlagUpdateRegistry: 	at android.os.Handler.dispatchMessage(Handler.java:106)
06-18 12:17:27.811 24241 24546 W PhFlagUpdateRegistry: 	at m84.byc.a(:com.google.android.gms.policy_ads_fdr_dynamite@260480608@260480602017.868869642.868869642:1)
06-18 12:17:27.811 24241 24546 W PhFlagUpdateRegistry: 	at m84.byc.dispatchMessage(:com.google.android.gms.policy_ads_fdr_dynamite@260480608@260480602017.868869642.868869642:1)
06-18 12:17:27.811 24241 24546 W PhFlagUpdateRegistry: 	at android.os.Looper.loopOnce(Looper.java:233)
06-18 12:17:27.811 24241 24546 W PhFlagUpdateRegistry: 	at android.os.Looper.loop(Looper.java:344)
06-18 12:17:27.811 24241 24546 W PhFlagUpdateRegistry: 	at android.os.HandlerThread.run(HandlerThread.java:67)
06-18 12:17:29.155 24241 24241 E Ads     : JS: Refused to get unsafe header "X-Afma-Gcache-IsGcacheHit" (https://www.gstatic.com/mysidia/992fc024f222190433002467e84c4f10.js?tag=addon/rewarded_video:436)
06-18 12:17:29.206 24241 24241 E Ads     : JS: Refused to get unsafe header "X-Afma-Gcache-IsGcacheHit" (https://www.gstatic.com/mysidia/992fc024f222190433002467e84c4f10.js?tag=addon/rewarded_video:436)
06-18 12:17:29.246 24241 24342 W libc    : Access denied finding property "vendor.oplus.media.vpp.stutter"
06-18 12:17:29.250 24241 24342 E MULTIMEDIAConfig: [getInt32:L80] Not find config, Returning default
06-18 12:17:29.250 24241 24342 E MULTIMEDIAConfig: [getInt32:L80] Not find config, Returning default
06-18 12:17:29.250 24241 24342 E OplusACodec: [OplusACodec:204] mSrOsieMMListCheckResult:0x0 mOsieVersion:1
06-18 12:17:29.313 24241 24650 E OplusACodec: [GetVideoCodingTypeFromMime:L1162] mime:video/x-vnd.on2.vp9
06-18 12:17:29.464 24241 24342 W cr_MediaCodecBridge: Releasing: OMX.qcom.video.decoder.vp9
06-18 12:17:29.466 24241 24642 E ExtensionsLoader: freeAllBuffers: 15 buffers were freed while being dequeued!
06-18 12:17:29.467 24241 24342 W cr_MediaCodecBridge: Codec released
06-18 12:17:30.370 24241 24316 E BLASTBufferQueue: BLASTBufferItemConsumer::onDisconnect()
06-18 12:17:30.625 24241 24477 E ActivityThread: Failed to find provider info for com.oplus.statistics.provider
06-18 12:17:30.636 24241 24477 E OplusStatistics--: IllegalArgumentException:java.lang.IllegalArgumentException: Unknown URL content://com.oplus.statistics.provider/track_event

=== Feature activity (persisted across restarts) ===
2026-06-18 12:13:58.597665 I VkFavorites: save card Bitcoin Vibe activate=false
2026-06-18 12:13:58.690780 I VkFavorites: save card Doge Meme activate=false
2026-06-18 12:13:58.760257 I VkFavorites: save card Ethereum Vibes activate=false
2026-06-18 12:13:58.809598 I VkFavorites: save card India Popular City activate=false
2026-06-18 12:13:58.891842 I VkFavorites: save card Miami Beach Crypto activate=false
2026-06-18 12:13:58.960140 I VkFavorites: save card Nike Sneakers Crypto activate=false
2026-06-18 12:13:59.009107 I VkFavorites: save card Pepe Meme Frog activate=false
2026-06-18 12:13:59.065567 I VkFavorites: save card Times Square NFT activate=false
2026-06-18 12:13:59.148696 I VkMultilingual: reset main=pt-BR locales=[pt] count=1
2026-06-18 12:15:06.417272 I VkMultilingual: reset main=pt-BR locales=[pt] count=1
2026-06-18 12:15:07.448145 I VkSwipe: ○ gesture canceled
2026-06-18 12:15:07.474768 I VkEffects: reload anim=scale blur=562px glow=true stickers=true
2026-06-18 12:15:07.574719 I VkTyping: ▶ open restart=false pkg=com.android.launcher inputType=589825
2026-06-18 12:15:08.139264 I VkTyping: ○ hidden
2026-06-18 12:15:09.273142 I VkTyping: ▶ open restart=false pkg=com.android.launcher inputType=589825
2026-06-18 12:15:11.021412 I VkPanels: ▶ open menu
2026-06-18 12:15:11.763716 I VkMultilingual: menu languages total=4
2026-06-18 12:15:20.578031 I VkMultilingual: menu languages total=4
2026-06-18 12:15:20.588654 I VkMultilingual: reset main=en-US locales=[en] count=1
2026-06-18 12:15:22.951196 I VkMultilingual: menu languages total=4
2026-06-18 12:15:22.960607 I VkMultilingual: reset main=pt-BR locales=[pt] count=1
2026-06-18 12:15:26.357195 I VkMultilingual: menu languages total=4
2026-06-18 12:15:33.443413 I VkMultilingual: menu languages total=5
2026-06-18 12:15:36.550302 I VkMultilingual: menu languages total=5
2026-06-18 12:15:36.561968 I VkMultilingual: menu languages total=5
2026-06-18 12:15:36.573846 I VkMultilingual: reset main=fr-CA locales=[fr] count=1
2026-06-18 12:15:47.478496 I VkPanels: ▶ open menu
2026-06-18 12:15:53.713755 I VkPanels: ▶ open menu
2026-06-18 12:15:56.835089 I VkMultilingual: menu languages total=5
2026-06-18 12:15:56.846308 I VkMultilingual: reset main=es-US locales=[es] count=1
2026-06-18 12:16:06.136492 I VkMultilingual: reset main=es-US locales=[es] count=1
2026-06-18 12:16:06.534670 I VkSwipe: ○ gesture canceled
2026-06-18 12:16:06.553024 I VkEffects: reload anim=scale blur=562px glow=true stickers=true
2026-06-18 12:16:06.633221 I VkTyping: ▶ open restart=false pkg=com.android.launcher inputType=589825
2026-06-18 12:16:07.882382 I VkSuggestions: decode typedLen=1 candidates=18 locales=1 12,4ms
2026-06-18 12:16:07.884376 I VkSuggestions: strip composing typedLen=1 candidates=19 autocorrect=false top=j locale=es
2026-06-18 12:16:09.973993 W VkSuggestions: slow frame 23,2ms locales=1 typedLen=1 candidates=18
2026-06-18 12:16:09.976057 I VkSuggestions: strip composing typedLen=1 candidates=19 autocorrect=false top=h locale=es
2026-06-18 12:16:10.200557 I VkSuggestions: decode typedLen=2 candidates=18 locales=1 10,0ms
2026-06-18 12:16:10.206001 I VkAutocorrect: offered: ho → ho
2026-06-18 12:16:10.206402 I VkSuggestions: strip composing typedLen=2 candidates=19 autocorrect=true top=ho locale=es
2026-06-18 12:16:10.457154 I VkSuggestions: decode typedLen=3 candidates=18 locales=1 8,2ms
2026-06-18 12:16:10.459066 I VkSuggestions: strip composing typedLen=3 candidates=19 autocorrect=false top=hoñ locale=es
2026-06-18 12:16:10.595804 I VkSuggestions: decode typedLen=4 candidates=17 locales=1 10,2ms
2026-06-18 12:16:10.598528 I VkSuggestions: strip composing typedLen=4 candidates=19 autocorrect=false top=hoñs locale=es
2026-06-18 12:16:12.372133 I VkAutocorrect: kept (typing): hoñs
2026-06-18 12:16:12.478623 I VkSuggestions: strip prediction typedLen=0 candidates=1 autocorrect=false top=hoñs locale=es
2026-06-18 12:16:13.445587 I VkSuggestions: decode typedLen=3 candidates=18 locales=1 21,4ms
2026-06-18 12:16:13.446144 W VkSuggestions: slow frame 21,4ms locales=1 typedLen=3 candidates=18
2026-06-18 12:16:13.448186 I VkSuggestions: strip composing typedLen=3 candidates=19 autocorrect=false top=hoñ locale=es
2026-06-18 12:16:14.129019 I VkSuggestions: decode typedLen=2 candidates=18 locales=1 8,0ms
2026-06-18 12:16:14.130439 I VkSuggestions: strip composing typedLen=2 candidates=19 autocorrect=false top=ho locale=es
2026-06-18 12:16:20.113141 I VkMultilingual: reset main=es-US locales=[es] count=1
2026-06-18 12:16:20.557615 I VkSwipe: ○ gesture canceled
2026-06-18 12:16:20.577432 I VkEffects: reload anim=scale blur=562px glow=true stickers=true
2026-06-18 12:16:20.661977 I VkTyping: ▶ open restart=false pkg=com.android.launcher inputType=589825
2026-06-18 12:16:20.720032 I VkTyping: ▶ open restart=true pkg=com.android.launcher inputType=589825
2026-06-18 12:16:22.435827 I VkSuggestions: decode typedLen=1 candidates=18 locales=1 16,1ms
2026-06-18 12:16:22.436542 W VkSuggestions: slow frame 16,1ms locales=1 typedLen=1 candidates=18
2026-06-18 12:16:22.437658 I VkSuggestions: strip composing typedLen=1 candidates=19 autocorrect=false top=h locale=es
2026-06-18 12:16:22.708230 I VkSuggestions: decode typedLen=2 candidates=18 locales=1 8,1ms
2026-06-18 12:16:22.709721 I VkAutocorrect: offered: ho → ho
2026-06-18 12:16:22.710015 I VkSuggestions: strip composing typedLen=2 candidates=19 autocorrect=true top=ho locale=es
2026-06-18 12:16:22.925407 I VkSuggestions: decode typedLen=3 candidates=18 locales=1 8,5ms
2026-06-18 12:16:22.926736 I VkAutocorrect: offered: hol → hol
2026-06-18 12:16:22.927023 I VkSuggestions: strip composing typedLen=3 candidates=19 autocorrect=true top=hol locale=es
2026-06-18 12:16:23.058556 I VkSuggestions: decode typedLen=4 candidates=17 locales=1 6,9ms
2026-06-18 12:16:23.059913 I VkAutocorrect: offered: hols → hols
2026-06-18 12:16:23.060188 I VkSuggestions: strip composing typedLen=4 candidates=18 autocorrect=true top=hols locale=es
2026-06-18 12:16:23.192702 I VkAutocorrect: committed (typing): hols → hola
2026-06-18 12:16:23.299974 I VkSuggestions: strip prediction typedLen=0 candidates=1 autocorrect=false top=hola locale=es
2026-06-18 12:16:24.545592 I VkSuggestions: decode typedLen=1 candidates=18 locales=1 7,8ms
2026-06-18 12:16:24.546659 I VkSuggestions: strip composing typedLen=1 candidates=19 autocorrect=false top=c locale=es
2026-06-18 12:16:24.680244 I VkSuggestions: decode typedLen=2 candidates=18 locales=1 7,9ms
2026-06-18 12:16:24.685374 I VkSuggestions: strip composing typedLen=2 candidates=19 autocorrect=false top=co locale=es
2026-06-18 12:16:24.912504 I VkSuggestions: decode typedLen=3 candidates=18 locales=1 13,4ms
2026-06-18 12:16:24.914262 I VkAutocorrect: offered: com → com
2026-06-18 12:16:24.914541 I VkSuggestions: strip composing typedLen=3 candidates=19 autocorrect=true top=com locale=es
2026-06-18 12:16:25.138143 I VkSuggestions: decode typedLen=4 candidates=18 locales=1 8,3ms
2026-06-18 12:16:25.139571 I VkSuggestions: strip composing typedLen=4 candidates=18 autocorrect=false top=como locale=es
2026-06-18 12:16:25.846772 I VkAutocorrect: picked: como
2026-06-18 12:16:30.118117 I VkMultilingual: reset main=es-US locales=[es] count=1
2026-06-18 12:16:30.710299 I VkSwipe: ○ gesture canceled
2026-06-18 12:16:30.858731 I VkTyping: ▶ open restart=false pkg=com.android.launcher inputType=589825
2026-06-18 12:16:31.748320 I OnDeviceAssist: ▶ assist_ipc task=topic_tags in=9 chars
2026-06-18 12:16:32.788151 I VkPanels: ▶ open menu
2026-06-18 12:16:33.418267 I VkMultilingual: menu languages total=5
2026-06-18 12:16:36.592941 W OnDeviceAssist: ✗ assist (ime) task=topic_tags 4845ms: Inference aborted.
2026-06-18 12:16:39.485338 I VkSuggestions: decode typedLen=5 candidates=18 locales=1 14,7ms
2026-06-18 12:16:39.496700 I VkSuggestions: strip composing typedLen=5 candidates=19 autocorrect=false top=comoh locale=es
2026-06-18 12:16:39.691955 I VkSuggestions: decode typedLen=6 candidates=18 locales=1 4,8ms
2026-06-18 12:16:39.695747 I VkSuggestions: strip composing typedLen=6 candidates=19 autocorrect=false top=comoho locale=es
2026-06-18 12:16:39.934325 I VkSuggestions: decode typedLen=7 candidates=18 locales=1 4,7ms
2026-06-18 12:16:39.936828 I VkSuggestions: strip composing typedLen=7 candidates=19 autocorrect=false top=comohol locale=es
2026-06-18 12:16:40.053972 I VkSuggestions: decode typedLen=8 candidates=18 locales=1 4,2ms
2026-06-18 12:16:40.056633 I VkSuggestions: strip composing typedLen=8 candidates=19 autocorrect=false top=comohols locale=es
2026-06-18 12:16:40.622383 I VkSuggestions: decode typedLen=7 candidates=18 locales=1 24,5ms
2026-06-18 12:16:40.622652 W VkSuggestions: slow frame 24,5ms locales=1 typedLen=7 candidates=18
2026-06-18 12:16:40.624786 I VkSuggestions: strip composing typedLen=7 candidates=19 autocorrect=false top=comohol locale=es
2026-06-18 12:16:40.839449 I VkSuggestions: decode typedLen=6 candidates=18 locales=1 29,0ms
2026-06-18 12:16:40.839780 W VkSuggestions: slow frame 29,0ms locales=1 typedLen=6 candidates=18
2026-06-18 12:16:40.842752 I VkSuggestions: strip composing typedLen=6 candidates=19 autocorrect=false top=comoho locale=es
2026-06-18 12:16:40.993761 I VkSuggestions: decode typedLen=5 candidates=18 locales=1 11,2ms
2026-06-18 12:16:40.999432 I VkSuggestions: strip composing typedLen=5 candidates=19 autocorrect=false top=comoh locale=es
2026-06-18 12:16:41.137940 I VkSuggestions: decode typedLen=4 candidates=18 locales=1 7,6ms
2026-06-18 12:16:41.139534 I VkSuggestions: strip composing typedLen=4 candidates=18 autocorrect=false top=como locale=es
